OpenJDK 64-Bit Server VM (25.121-b13) for linux-amd64 JRE (1.8.0_121-8u121-b13-0ubuntu1.16.04.2-b13), built on Jan 23 2017 15:51:29 by "buildd" with gcc 5.4.0 20160609
Memory: 4k page, physical 7867764k(7358976k free), swap 8076284k(8076284k free)
CommandLine flags: -XX:CMSInitiatingOccupancyFraction=50 -XX:CMSMaxAbortablePrecleanTime=6000 -XX:+CMSParallelRemarkEnabled -XX:+CMSScavengeBeforeRemark -XX:ConcGCThreads=4 -XX:InitialHeapSize=536870912 -XX:MaxHeapSize=536870912 -XX:MaxTenuringThreshold=8 -XX:NewRatio=3 -XX:OldPLABSize=16 -XX:OnOutOfMemoryError=/opt/solr/bin/oom_solr.sh 8983 /var/solr/logs -XX:ParallelGCThreads=4 -XX:+ParallelRefProcEnabled -XX:PretenureSizeThreshold=67108864 -XX:+PrintGC -XX:+PrintGCApplicationStoppedTime -XX:+PrintGCDateStamps -XX:+PrintGCDetails -XX:+PrintGCTimeStamps -XX:+PrintHeapAtGC -XX:+PrintTenuringDistribution -XX:SurvivorRatio=4 -XX:TargetSurvivorRatio=90 -XX:ThreadStackSize=256 -XX:+UseCMSInitiatingOccupancyOnly -XX:+UseCompressedClassPointers -XX:+UseCompressedOops -XX:+UseConcMarkSweepGC -XX:+UseParNewGC 
2017-04-12T08:15:22.944+0200: 0,202: Total time for which application threads were stopped: 0,0000916 seconds, Stopping threads took: 0,0000194 seconds
2017-04-12T08:15:23.092+0200: 0,350: Total time for which application threads were stopped: 0,0001249 seconds, Stopping threads took: 0,0000226 seconds
2017-04-12T08:15:23.173+0200: 0,431: Total time for which application threads were stopped: 0,0001140 seconds, Stopping threads took: 0,0000119 seconds
2017-04-12T08:15:23.943+0200: 1,200: Total time for which application threads were stopped: 0,0001782 seconds, Stopping threads took: 0,0000238 seconds
2017-04-12T08:15:24.444+0200: 1,702: Total time for which application threads were stopped: 0,0001228 seconds, Stopping threads took: 0,0000140 seconds
2017-04-12T08:15:24.535+0200: 1,793: Total time for which application threads were stopped: 0,0001396 seconds, Stopping threads took: 0,0000132 seconds
2017-04-12T08:15:24.564+0200: 1,821: Total time for which application threads were stopped: 0,0001657 seconds, Stopping threads took: 0,0000317 seconds
2017-04-12T08:15:24.892+0200: 2,150: Total time for which application threads were stopped: 0,0002296 seconds, Stopping threads took: 0,0000208 seconds
2017-04-12T08:15:25.110+0200: 2,367: Total time for which application threads were stopped: 0,0001972 seconds, Stopping threads took: 0,0000136 seconds
2017-04-12T08:15:25.132+0200: 2,390: Total time for which application threads were stopped: 0,0001715 seconds, Stopping threads took: 0,0000142 seconds
2017-04-12T08:15:25.161+0200: 2,419: Total time for which application threads were stopped: 0,0002421 seconds, Stopping threads took: 0,0000706 seconds
2017-04-12T08:15:25.162+0200: 2,420: Total time for which application threads were stopped: 0,0001827 seconds, Stopping threads took: 0,0000160 seconds
2017-04-12T08:15:25.390+0200: 2,647: Total time for which application threads were stopped: 0,0002166 seconds, Stopping threads took: 0,0000160 seconds
2017-04-12T08:15:25.535+0200: 2,792: Total time for which application threads were stopped: 0,0002684 seconds, Stopping threads took: 0,0000426 seconds
2017-04-12T08:15:25.747+0200: 3,005: Total time for which application threads were stopped: 0,0002481 seconds, Stopping threads took: 0,0000336 seconds
{Heap before GC invocations=0 (full 0):
 par new generation   total 109248K, used 87424K [0x00000000e0000000, 0x00000000e8000000, 0x00000000e8000000)
  eden space 87424K, 100% used [0x00000000e0000000, 0x00000000e5560000, 0x00000000e5560000)
  from space 21824K,   0% used [0x00000000e5560000, 0x00000000e5560000, 0x00000000e6ab0000)
  to   space 21824K,   0% used [0x00000000e6ab0000, 0x00000000e6ab0000, 0x00000000e8000000)
 concurrent mark-sweep generation total 393216K, used 0K [0x00000000e8000000, 0x0000000100000000, 0x0000000100000000)
 Metaspace       used 18020K, capacity 18336K, committed 18688K, reserved 1064960K
  class space    used 2036K, capacity 2196K, committed 2304K, reserved 1048576K
2017-04-12T08:15:25.857+0200: 3,115: [GC (Allocation Failure) 2017-04-12T08:15:25.857+0200: 3,115: [ParNew
Desired survivor size 20112992 bytes, new threshold 8 (max 8)
- age   1:   12575280 bytes,   12575280 total
: 87424K->12389K(109248K), 0,0184513 secs] 87424K->12389K(502464K), 0,0185200 secs] [Times: user=0,05 sys=0,01, real=0,02 secs] 
Heap after GC invocations=1 (full 0):
 par new generation   total 109248K, used 12389K [0x00000000e0000000, 0x00000000e8000000, 0x00000000e8000000)
  eden space 87424K,   0% used [0x00000000e0000000, 0x00000000e0000000, 0x00000000e5560000)
  from space 21824K,  56% used [0x00000000e6ab0000, 0x00000000e76c96e0, 0x00000000e8000000)
  to   space 21824K,   0% used [0x00000000e5560000, 0x00000000e5560000, 0x00000000e6ab0000)
 concurrent mark-sweep generation total 393216K, used 0K [0x00000000e8000000, 0x0000000100000000, 0x0000000100000000)
 Metaspace       used 18020K, capacity 18336K, committed 18688K, reserved 1064960K
  class space    used 2036K, capacity 2196K, committed 2304K, reserved 1048576K
}
2017-04-12T08:15:25.875+0200: 3,133: Total time for which application threads were stopped: 0,0188303 seconds, Stopping threads took: 0,0001231 seconds
2017-04-12T08:15:26.250+0200: 3,508: Total time for which application threads were stopped: 0,0068280 seconds, Stopping threads took: 0,0061139 seconds
{Heap before GC invocations=1 (full 0):
 par new generation   total 109248K, used 99813K [0x00000000e0000000, 0x00000000e8000000, 0x00000000e8000000)
  eden space 87424K, 100% used [0x00000000e0000000, 0x00000000e5560000, 0x00000000e5560000)
  from space 21824K,  56% used [0x00000000e6ab0000, 0x00000000e76c96e0, 0x00000000e8000000)
  to   space 21824K,   0% used [0x00000000e5560000, 0x00000000e5560000, 0x00000000e6ab0000)
 concurrent mark-sweep generation total 393216K, used 0K [0x00000000e8000000, 0x0000000100000000, 0x0000000100000000)
 Metaspace       used 20056K, capacity 20366K, committed 20736K, reserved 1067008K
  class space    used 2297K, capacity 2471K, committed 2560K, reserved 1048576K
2017-04-12T08:15:26.303+0200: 3,560: [GC (Allocation Failure) 2017-04-12T08:15:26.303+0200: 3,560: [ParNew
Desired survivor size 20112992 bytes, new threshold 8 (max 8)
- age   1:    3718896 bytes,    3718896 total
- age   2:    6644392 bytes,   10363288 total
: 99813K->13808K(109248K), 0,0136852 secs] 99813K->13808K(502464K), 0,0137429 secs] [Times: user=0,04 sys=0,00, real=0,01 secs] 
Heap after GC invocations=2 (full 0):
 par new generation   total 109248K, used 13808K [0x00000000e0000000, 0x00000000e8000000, 0x00000000e8000000)
  eden space 87424K,   0% used [0x00000000e0000000, 0x00000000e0000000, 0x00000000e5560000)
  from space 21824K,  63% used [0x00000000e5560000, 0x00000000e62dc298, 0x00000000e6ab0000)
  to   space 21824K,   0% used [0x00000000e6ab0000, 0x00000000e6ab0000, 0x00000000e8000000)
 concurrent mark-sweep generation total 393216K, used 0K [0x00000000e8000000, 0x0000000100000000, 0x0000000100000000)
 Metaspace       used 20056K, capacity 20366K, committed 20736K, reserved 1067008K
  class space    used 2297K, capacity 2471K, committed 2560K, reserved 1048576K
}
2017-04-12T08:15:26.316+0200: 3,574: Total time for which application threads were stopped: 0,0139835 seconds, Stopping threads took: 0,0001093 seconds
2017-04-12T08:15:26.323+0200: 3,580: Total time for which application threads were stopped: 0,0044518 seconds, Stopping threads took: 0,0042027 seconds
2017-04-12T08:15:26.387+0200: 3,645: Total time for which application threads were stopped: 0,0016009 seconds, Stopping threads took: 0,0012055 seconds
2017-04-12T08:15:26.628+0200: 3,885: Total time for which application threads were stopped: 0,0001577 seconds, Stopping threads took: 0,0000291 seconds
{Heap before GC invocations=2 (full 0):
 par new generation   total 109248K, used 101232K [0x00000000e0000000, 0x00000000e8000000, 0x00000000e8000000)
  eden space 87424K, 100% used [0x00000000e0000000, 0x00000000e5560000, 0x00000000e5560000)
  from space 21824K,  63% used [0x00000000e5560000, 0x00000000e62dc298, 0x00000000e6ab0000)
  to   space 21824K,   0% used [0x00000000e6ab0000, 0x00000000e6ab0000, 0x00000000e8000000)
 concurrent mark-sweep generation total 393216K, used 0K [0x00000000e8000000, 0x0000000100000000, 0x0000000100000000)
 Metaspace       used 20993K, capacity 21288K, committed 21628K, reserved 1069056K
  class space    used 2418K, capacity 2590K, committed 2684K, reserved 1048576K
2017-04-12T08:15:26.683+0200: 3,940: [GC (Allocation Failure) 2017-04-12T08:15:26.683+0200: 3,940: [ParNew
Desired survivor size 20112992 bytes, new threshold 8 (max 8)
- age   1:    2149424 bytes,    2149424 total
- age   2:     858024 bytes,    3007448 total
- age   3:    6640696 bytes,    9648144 total
: 101232K->12977K(109248K), 0,0405182 secs] 101232K->12977K(502464K), 0,0406014 secs] [Times: user=0,12 sys=0,00, real=0,04 secs] 
Heap after GC invocations=3 (full 0):
 par new generation   total 109248K, used 12977K [0x00000000e0000000, 0x00000000e8000000, 0x00000000e8000000)
  eden space 87424K,   0% used [0x00000000e0000000, 0x00000000e0000000, 0x00000000e5560000)
  from space 21824K,  59% used [0x00000000e6ab0000, 0x00000000e775c608, 0x00000000e8000000)
  to   space 21824K,   0% used [0x00000000e5560000, 0x00000000e5560000, 0x00000000e6ab0000)
 concurrent mark-sweep generation total 393216K, used 0K [0x00000000e8000000, 0x0000000100000000, 0x0000000100000000)
 Metaspace       used 20993K, capacity 21288K, committed 21628K, reserved 1069056K
  class space    used 2418K, capacity 2590K, committed 2684K, reserved 1048576K
}
2017-04-12T08:15:26.723+0200: 3,981: Total time for which application threads were stopped: 0,0418952 seconds, Stopping threads took: 0,0011311 seconds
2017-04-12T08:15:26.731+0200: 3,989: [GC (CMS Initial Mark) [1 CMS-initial-mark: 0K(393216K)] 16551K(502464K), 0,0060915 secs] [Times: user=0,01 sys=0,01, real=0,01 secs] 
2017-04-12T08:15:26.737+0200: 3,995: Total time for which application threads were stopped: 0,0066983 seconds, Stopping threads took: 0,0004980 seconds
2017-04-12T08:15:26.737+0200: 3,995: [CMS-concurrent-mark-start]
2017-04-12T08:15:26.744+0200: 4,002: [CMS-concurrent-mark: 0,007/0,007 secs] [Times: user=0,02 sys=0,00, real=0,01 secs] 
2017-04-12T08:15:26.744+0200: 4,002: [CMS-concurrent-preclean-start]
2017-04-12T08:15:26.745+0200: 4,003: [CMS-concurrent-preclean: 0,001/0,001 secs] [Times: user=0,01 sys=0,00, real=0,00 secs] 
2017-04-12T08:15:26.745+0200: 4,003: [CMS-concurrent-abortable-preclean-start]
2017-04-12T08:15:26.823+0200: 4,081: Total time for which application threads were stopped: 0,0004408 seconds, Stopping threads took: 0,0001074 seconds
2017-04-12T08:15:26.831+0200: 4,088: Total time for which application threads were stopped: 0,0001314 seconds, Stopping threads took: 0,0000242 seconds
{Heap before GC invocations=3 (full 1):
 par new generation   total 109248K, used 100401K [0x00000000e0000000, 0x00000000e8000000, 0x00000000e8000000)
  eden space 87424K, 100% used [0x00000000e0000000, 0x00000000e5560000, 0x00000000e5560000)
  from space 21824K,  59% used [0x00000000e6ab0000, 0x00000000e775c608, 0x00000000e8000000)
  to   space 21824K,   0% used [0x00000000e5560000, 0x00000000e5560000, 0x00000000e6ab0000)
 concurrent mark-sweep generation total 393216K, used 0K [0x00000000e8000000, 0x0000000100000000, 0x0000000100000000)
 Metaspace       used 21239K, capacity 21616K, committed 21884K, reserved 1069056K
  class space    used 2447K, capacity 2604K, committed 2684K, reserved 1048576K
2017-04-12T08:15:26.850+0200: 4,108: [GC (Allocation Failure) 2017-04-12T08:15:26.850+0200: 4,108: [ParNew
Desired survivor size 20112992 bytes, new threshold 8 (max 8)
- age   1:    1304736 bytes,    1304736 total
- age   2:    1472384 bytes,    2777120 total
- age   3:     824680 bytes,    3601800 total
- age   4:    6640696 bytes,   10242496 total
: 100401K->12438K(109248K), 0,0179690 secs] 100401K->12438K(502464K), 0,0180397 secs] [Times: user=0,05 sys=0,00, real=0,02 secs] 
Heap after GC invocations=4 (full 1):
 par new generation   total 109248K, used 12438K [0x00000000e0000000, 0x00000000e8000000, 0x00000000e8000000)
  eden space 87424K,   0% used [0x00000000e0000000, 0x00000000e0000000, 0x00000000e5560000)
  from space 21824K,  56% used [0x00000000e5560000, 0x00000000e6185830, 0x00000000e6ab0000)
  to   space 21824K,   0% used [0x00000000e6ab0000, 0x00000000e6ab0000, 0x00000000e8000000)
 concurrent mark-sweep generation total 393216K, used 0K [0x00000000e8000000, 0x0000000100000000, 0x0000000100000000)
 Metaspace       used 21239K, capacity 21616K, committed 21884K, reserved 1069056K
  class space    used 2447K, capacity 2604K, committed 2684K, reserved 1048576K
}
2017-04-12T08:15:26.868+0200: 4,126: Total time for which application threads were stopped: 0,0189914 seconds, Stopping threads took: 0,0008127 seconds
2017-04-12T08:15:26.873+0200: 4,131: Total time for which application threads were stopped: 0,0013756 seconds, Stopping threads took: 0,0012753 seconds
2017-04-12T08:15:26.879+0200: 4,136: Total time for which application threads were stopped: 0,0001325 seconds, Stopping threads took: 0,0000221 seconds
2017-04-12T08:15:26.931+0200: 4,188: Total time for which application threads were stopped: 0,0027554 seconds, Stopping threads took: 0,0026707 seconds
2017-04-12T08:15:26.931+0200: 4,188: Total time for which application threads were stopped: 0,0000814 seconds, Stopping threads took: 0,0000286 seconds
2017-04-12T08:15:26.954+0200: 4,212: Total time for which application threads were stopped: 0,0005440 seconds, Stopping threads took: 0,0003845 seconds
2017-04-12T08:15:26.956+0200: 4,214: Total time for which application threads were stopped: 0,0016649 seconds, Stopping threads took: 0,0000187 seconds
2017-04-12T08:15:26.959+0200: 4,217: Total time for which application threads were stopped: 0,0002891 seconds, Stopping threads took: 0,0001716 seconds
2017-04-12T08:15:26.959+0200: 4,217: [CMS-concurrent-abortable-preclean: 0,186/0,214 secs] [Times: user=0,54 sys=0,01, real=0,21 secs] 
2017-04-12T08:15:26.968+0200: 4,226: [GC (CMS Final Remark) [YG occupancy: 66731 K (109248 K)]{Heap before GC invocations=4 (full 1):
 par new generation   total 109248K, used 66731K [0x00000000e0000000, 0x00000000e8000000, 0x00000000e8000000)
  eden space 87424K,  62% used [0x00000000e0000000, 0x00000000e35054f0, 0x00000000e5560000)
  from space 21824K,  56% used [0x00000000e5560000, 0x00000000e6185830, 0x00000000e6ab0000)
  to   space 21824K,   0% used [0x00000000e6ab0000, 0x00000000e6ab0000, 0x00000000e8000000)
 concurrent mark-sweep generation total 393216K, used 0K [0x00000000e8000000, 0x0000000100000000, 0x0000000100000000)
 Metaspace       used 21323K, capacity 21712K, committed 21884K, reserved 1069056K
  class space    used 2459K, capacity 2636K, committed 2684K, reserved 1048576K
2017-04-12T08:15:26.968+0200: 4,226: [GC (CMS Final Remark) 2017-04-12T08:15:26.968+0200: 4,226: [ParNew
Desired survivor size 20112992 bytes, new threshold 8 (max 8)
- age   1:     305136 bytes,     305136 total
- age   2:     183128 bytes,     488264 total
- age   3:    1472416 bytes,    1960680 total
- age   4:     822664 bytes,    2783344 total
- age   5:    6640896 bytes,    9424240 total
: 66731K->13118K(109248K), 0,0195064 secs] 66731K->13118K(502464K), 0,0195528 secs] [Times: user=0,04 sys=0,00, real=0,02 secs] 
Heap after GC invocations=5 (full 1):
 par new generation   total 109248K, used 13118K [0x00000000e0000000, 0x00000000e8000000, 0x00000000e8000000)
  eden space 87424K,   0% used [0x00000000e0000000, 0x00000000e0000000, 0x00000000e5560000)
  from space 21824K,  60% used [0x00000000e6ab0000, 0x00000000e777f9f0, 0x00000000e8000000)
  to   space 21824K,   0% used [0x00000000e5560000, 0x00000000e5560000, 0x00000000e6ab0000)
 concurrent mark-sweep generation total 393216K, used 0K [0x00000000e8000000, 0x0000000100000000, 0x0000000100000000)
 Metaspace       used 21323K, capacity 21712K, committed 21884K, reserved 1069056K
  class space    used 2459K, capacity 2636K, committed 2684K, reserved 1048576K
}
2017-04-12T08:15:26.988+0200: 4,246: [Rescan (parallel) , 0,0063834 secs]2017-04-12T08:15:26.994+0200: 4,252: [weak refs processing, 0,0025548 secs]2017-04-12T08:15:26.997+0200: 4,255: [class unloading, 0,0030970 secs]2017-04-12T08:15:27.000+0200: 4,258: [scrub symbol table, 0,0030452 secs]2017-04-12T08:15:27.003+0200: 4,261: [scrub string table, 0,0003728 secs][1 CMS-remark: 0K(393216K)] 13118K(502464K), 0,0357277 secs] [Times: user=0,06 sys=0,00, real=0,04 secs] 
2017-04-12T08:15:27.004+0200: 4,262: Total time for which application threads were stopped: 0,0358823 seconds, Stopping threads took: 0,0000445 seconds
2017-04-12T08:15:27.006+0200: 4,264: [CMS-concurrent-sweep-start]
2017-04-12T08:15:27.006+0200: 4,264: [CMS-concurrent-sweep: 0,000/0,000 secs] [Times: user=0,00 sys=0,00, real=0,00 secs] 
2017-04-12T08:15:27.006+0200: 4,264: [CMS-concurrent-reset-start]
2017-04-12T08:15:27.007+0200: 4,265: [CMS-concurrent-reset: 0,001/0,001 secs] [Times: user=0,00 sys=0,01, real=0,00 secs] 
2017-04-12T08:15:27.009+0200: 4,267: Total time for which application threads were stopped: 0,0001490 seconds, Stopping threads took: 0,0000551 seconds
2017-04-12T08:15:27.009+0200: 4,267: Total time for which application threads were stopped: 0,0000976 seconds, Stopping threads took: 0,0000522 seconds
2017-04-12T08:15:27.009+0200: 4,267: Total time for which application threads were stopped: 0,0001085 seconds, Stopping threads took: 0,0000370 seconds
2017-04-12T08:15:27.010+0200: 4,267: Total time for which application threads were stopped: 0,0000732 seconds, Stopping threads took: 0,0000222 seconds
2017-04-12T08:15:27.010+0200: 4,268: Total time for which application threads were stopped: 0,0001845 seconds, Stopping threads took: 0,0001295 seconds
2017-04-12T08:15:27.010+0200: 4,268: Total time for which application threads were stopped: 0,0000857 seconds, Stopping threads took: 0,0000359 seconds
2017-04-12T08:15:27.010+0200: 4,268: Total time for which application threads were stopped: 0,0000842 seconds, Stopping threads took: 0,0000254 seconds
2017-04-12T08:15:27.010+0200: 4,268: Total time for which application threads were stopped: 0,0001251 seconds, Stopping threads took: 0,0000548 seconds
2017-04-12T08:15:27.011+0200: 4,268: Total time for which application threads were stopped: 0,0000798 seconds, Stopping threads took: 0,0000202 seconds
2017-04-12T08:15:27.029+0200: 4,287: Total time for which application threads were stopped: 0,0005459 seconds, Stopping threads took: 0,0004659 seconds
2017-04-12T08:15:27.029+0200: 4,287: Total time for which application threads were stopped: 0,0000552 seconds, Stopping threads took: 0,0000101 seconds
2017-04-12T08:15:27.029+0200: 4,287: Total time for which application threads were stopped: 0,0000468 seconds, Stopping threads took: 0,0000074 seconds
2017-04-12T08:15:27.030+0200: 4,287: Total time for which application threads were stopped: 0,0000598 seconds, Stopping threads took: 0,0000111 seconds
2017-04-12T08:15:27.030+0200: 4,288: Total time for which application threads were stopped: 0,0000458 seconds, Stopping threads took: 0,0000073 seconds
2017-04-12T08:15:27.030+0200: 4,288: Total time for which application threads were stopped: 0,0000786 seconds, Stopping threads took: 0,0000152 seconds
2017-04-12T08:15:27.032+0200: 4,290: Total time for which application threads were stopped: 0,0002005 seconds, Stopping threads took: 0,0000471 seconds
2017-04-12T08:15:27.040+0200: 4,298: Total time for which application threads were stopped: 0,0001481 seconds, Stopping threads took: 0,0000454 seconds
2017-04-12T08:15:27.048+0200: 4,305: Total time for which application threads were stopped: 0,0011476 seconds, Stopping threads took: 0,0010655 seconds
2017-04-12T08:15:27.048+0200: 4,305: Total time for which application threads were stopped: 0,0000728 seconds, Stopping threads took: 0,0000254 seconds
2017-04-12T08:15:27.048+0200: 4,306: Total time for which application threads were stopped: 0,0000567 seconds, Stopping threads took: 0,0000170 seconds
2017-04-12T08:15:27.057+0200: 4,315: Total time for which application threads were stopped: 0,0001680 seconds, Stopping threads took: 0,0000538 seconds
2017-04-12T08:15:27.057+0200: 4,315: Total time for which application threads were stopped: 0,0000706 seconds, Stopping threads took: 0,0000194 seconds
2017-04-12T08:15:27.057+0200: 4,315: Total time for which application threads were stopped: 0,0000905 seconds, Stopping threads took: 0,0000383 seconds
2017-04-12T08:15:27.057+0200: 4,315: Total time for which application threads were stopped: 0,0000555 seconds, Stopping threads took: 0,0000093 seconds
2017-04-12T08:15:27.067+0200: 4,325: Total time for which application threads were stopped: 0,0001700 seconds, Stopping threads took: 0,0000572 seconds
2017-04-12T08:15:27.067+0200: 4,325: Total time for which application threads were stopped: 0,0000923 seconds, Stopping threads took: 0,0000288 seconds
2017-04-12T08:15:27.067+0200: 4,325: Total time for which application threads were stopped: 0,0000868 seconds, Stopping threads took: 0,0000222 seconds
2017-04-12T08:15:27.067+0200: 4,325: Total time for which application threads were stopped: 0,0000646 seconds, Stopping threads took: 0,0000076 seconds
2017-04-12T08:15:27.067+0200: 4,325: Total time for which application threads were stopped: 0,0000609 seconds, Stopping threads took: 0,0000070 seconds
2017-04-12T08:15:27.068+0200: 4,326: Total time for which application threads were stopped: 0,0000833 seconds, Stopping threads took: 0,0000108 seconds
2017-04-12T08:15:27.068+0200: 4,326: Total time for which application threads were stopped: 0,0000636 seconds, Stopping threads took: 0,0000076 seconds
2017-04-12T08:15:27.068+0200: 4,326: Total time for which application threads were stopped: 0,0000659 seconds, Stopping threads took: 0,0000097 seconds
2017-04-12T08:15:27.068+0200: 4,326: Total time for which application threads were stopped: 0,0000610 seconds, Stopping threads took: 0,0000069 seconds
2017-04-12T08:15:27.068+0200: 4,326: Total time for which application threads were stopped: 0,0000577 seconds, Stopping threads took: 0,0000070 seconds
2017-04-12T08:15:27.069+0200: 4,326: Total time for which application threads were stopped: 0,0000850 seconds, Stopping threads took: 0,0000133 seconds
2017-04-12T08:15:27.075+0200: 4,333: Total time for which application threads were stopped: 0,0001276 seconds, Stopping threads took: 0,0000289 seconds
2017-04-12T08:15:27.075+0200: 4,333: Total time for which application threads were stopped: 0,0000845 seconds, Stopping threads took: 0,0000206 seconds
2017-04-12T08:15:27.075+0200: 4,333: Total time for which application threads were stopped: 0,0000648 seconds, Stopping threads took: 0,0000120 seconds
2017-04-12T08:15:27.075+0200: 4,333: Total time for which application threads were stopped: 0,0000697 seconds, Stopping threads took: 0,0000176 seconds
2017-04-12T08:15:27.076+0200: 4,334: Total time for which application threads were stopped: 0,0002308 seconds, Stopping threads took: 0,0000405 seconds
2017-04-12T08:15:27.103+0200: 4,361: Total time for which application threads were stopped: 0,0001897 seconds, Stopping threads took: 0,0000628 seconds
2017-04-12T08:15:27.110+0200: 4,368: Total time for which application threads were stopped: 0,0000977 seconds, Stopping threads took: 0,0000210 seconds
2017-04-12T08:15:27.118+0200: 4,376: Total time for which application threads were stopped: 0,0001743 seconds, Stopping threads took: 0,0000442 seconds
2017-04-12T08:15:27.121+0200: 4,378: Total time for which application threads were stopped: 0,0003708 seconds, Stopping threads took: 0,0000350 seconds
2017-04-12T08:15:27.158+0200: 4,415: Total time for which application threads were stopped: 0,0001901 seconds, Stopping threads took: 0,0000736 seconds
2017-04-12T08:15:27.160+0200: 4,418: Total time for which application threads were stopped: 0,0001267 seconds, Stopping threads took: 0,0000437 seconds
2017-04-12T08:15:27.272+0200: 4,530: Total time for which application threads were stopped: 0,0042783 seconds, Stopping threads took: 0,0041426 seconds
2017-04-12T08:15:27.343+0200: 4,600: Total time for which application threads were stopped: 0,0001926 seconds, Stopping threads took: 0,0000928 seconds
2017-04-12T08:15:27.388+0200: 4,646: Total time for which application threads were stopped: 0,0009676 seconds, Stopping threads took: 0,0008818 seconds
2017-04-12T08:15:27.393+0200: 4,651: Total time for which application threads were stopped: 0,0001359 seconds, Stopping threads took: 0,0000672 seconds
2017-04-12T08:15:27.439+0200: 4,696: Total time for which application threads were stopped: 0,0057969 seconds, Stopping threads took: 0,0057349 seconds
2017-04-12T08:15:27.448+0200: 4,706: Total time for which application threads were stopped: 0,0001247 seconds, Stopping threads took: 0,0000261 seconds
2017-04-12T08:15:27.451+0200: 4,709: Total time for which application threads were stopped: 0,0009927 seconds, Stopping threads took: 0,0008953 seconds
2017-04-12T08:15:27.454+0200: 4,711: Total time for which application threads were stopped: 0,0000986 seconds, Stopping threads took: 0,0000340 seconds
2017-04-12T08:15:27.454+0200: 4,712: Total time for which application threads were stopped: 0,0000588 seconds, Stopping threads took: 0,0000182 seconds
2017-04-12T08:15:27.454+0200: 4,712: Total time for which application threads were stopped: 0,0000520 seconds, Stopping threads took: 0,0000190 seconds
2017-04-12T08:15:27.454+0200: 4,712: Total time for which application threads were stopped: 0,0000493 seconds, Stopping threads took: 0,0000163 seconds
2017-04-12T08:15:27.454+0200: 4,712: Total time for which application threads were stopped: 0,0000482 seconds, Stopping threads took: 0,0000160 seconds
2017-04-12T08:15:27.454+0200: 4,712: Total time for which application threads were stopped: 0,0000473 seconds, Stopping threads took: 0,0000161 seconds
2017-04-12T08:15:27.454+0200: 4,712: Total time for which application threads were stopped: 0,0001717 seconds, Stopping threads took: 0,0000164 seconds
2017-04-12T08:15:27.456+0200: 4,713: Total time for which application threads were stopped: 0,0001093 seconds, Stopping threads took: 0,0000373 seconds
2017-04-12T08:15:27.459+0200: 4,716: Total time for which application threads were stopped: 0,0023821 seconds, Stopping threads took: 0,0022984 seconds
2017-04-12T08:15:27.462+0200: 4,719: Total time for which application threads were stopped: 0,0003631 seconds, Stopping threads took: 0,0000224 seconds
2017-04-12T08:15:27.471+0200: 4,728: Total time for which application threads were stopped: 0,0001636 seconds, Stopping threads took: 0,0000431 seconds
2017-04-12T08:15:27.471+0200: 4,729: Total time for which application threads were stopped: 0,0001088 seconds, Stopping threads took: 0,0000291 seconds
2017-04-12T08:15:27.476+0200: 4,734: Total time for which application threads were stopped: 0,0003064 seconds, Stopping threads took: 0,0001810 seconds
2017-04-12T08:15:27.478+0200: 4,736: Total time for which application threads were stopped: 0,0001283 seconds, Stopping threads took: 0,0000261 seconds
2017-04-12T08:15:27.478+0200: 4,736: Total time for which application threads were stopped: 0,0000983 seconds, Stopping threads took: 0,0000152 seconds
2017-04-12T08:15:27.479+0200: 4,736: Total time for which application threads were stopped: 0,0000551 seconds, Stopping threads took: 0,0000095 seconds
2017-04-12T08:15:27.479+0200: 4,736: Total time for which application threads were stopped: 0,0000529 seconds, Stopping threads took: 0,0000064 seconds
2017-04-12T08:15:27.479+0200: 4,737: Total time for which application threads were stopped: 0,0000638 seconds, Stopping threads took: 0,0000115 seconds
2017-04-12T08:15:27.479+0200: 4,737: Total time for which application threads were stopped: 0,0000572 seconds, Stopping threads took: 0,0000094 seconds
2017-04-12T08:15:27.479+0200: 4,737: Total time for which application threads were stopped: 0,0000614 seconds, Stopping threads took: 0,0000151 seconds
2017-04-12T08:15:27.480+0200: 4,738: Total time for which application threads were stopped: 0,0000566 seconds, Stopping threads took: 0,0000095 seconds
2017-04-12T08:15:27.480+0200: 4,738: Total time for which application threads were stopped: 0,0000482 seconds, Stopping threads took: 0,0000076 seconds
2017-04-12T08:15:27.480+0200: 4,738: Total time for which application threads were stopped: 0,0000460 seconds, Stopping threads took: 0,0000075 seconds
2017-04-12T08:15:27.481+0200: 4,738: Total time for which application threads were stopped: 0,0000542 seconds, Stopping threads took: 0,0000091 seconds
2017-04-12T08:15:27.481+0200: 4,738: Total time for which application threads were stopped: 0,0000507 seconds, Stopping threads took: 0,0000105 seconds
2017-04-12T08:15:27.481+0200: 4,739: Total time for which application threads were stopped: 0,0000451 seconds, Stopping threads took: 0,0000076 seconds
2017-04-12T08:15:27.481+0200: 4,739: Total time for which application threads were stopped: 0,0000461 seconds, Stopping threads took: 0,0000071 seconds
2017-04-12T08:15:27.481+0200: 4,739: Total time for which application threads were stopped: 0,0000525 seconds, Stopping threads took: 0,0000091 seconds
2017-04-12T08:15:27.481+0200: 4,739: Total time for which application threads were stopped: 0,0001535 seconds, Stopping threads took: 0,0000078 seconds
2017-04-12T08:15:27.488+0200: 4,746: Total time for which application threads were stopped: 0,0004008 seconds, Stopping threads took: 0,0000735 seconds
2017-04-12T08:15:27.509+0200: 4,766: Total time for which application threads were stopped: 0,0003605 seconds, Stopping threads took: 0,0002351 seconds
2017-04-12T08:15:27.514+0200: 4,772: Total time for which application threads were stopped: 0,0042169 seconds, Stopping threads took: 0,0041183 seconds
2017-04-12T08:15:27.521+0200: 4,779: Total time for which application threads were stopped: 0,0001340 seconds, Stopping threads took: 0,0000660 seconds
2017-04-12T08:15:27.539+0200: 4,796: Total time for which application threads were stopped: 0,0001257 seconds, Stopping threads took: 0,0000620 seconds
2017-04-12T08:15:27.539+0200: 4,797: Total time for which application threads were stopped: 0,0002047 seconds, Stopping threads took: 0,0001650 seconds
2017-04-12T08:15:27.539+0200: 4,797: Total time for which application threads were stopped: 0,0000777 seconds, Stopping threads took: 0,0000314 seconds
2017-04-12T08:15:27.546+0200: 4,804: Total time for which application threads were stopped: 0,0001061 seconds, Stopping threads took: 0,0000426 seconds
2017-04-12T08:15:27.568+0200: 4,826: Total time for which application threads were stopped: 0,0035803 seconds, Stopping threads took: 0,0034751 seconds
2017-04-12T08:15:27.571+0200: 4,829: Total time for which application threads were stopped: 0,0001649 seconds, Stopping threads took: 0,0000889 seconds
{Heap before GC invocations=5 (full 1):
 par new generation   total 109248K, used 100542K [0x00000000e0000000, 0x00000000e8000000, 0x00000000e8000000)
  eden space 87424K, 100% used [0x00000000e0000000, 0x00000000e5560000, 0x00000000e5560000)
  from space 21824K,  60% used [0x00000000e6ab0000, 0x00000000e777f9f0, 0x00000000e8000000)
  to   space 21824K,   0% used [0x00000000e5560000, 0x00000000e5560000, 0x00000000e6ab0000)
 concurrent mark-sweep generation total 393216K, used 0K [0x00000000e8000000, 0x0000000100000000, 0x0000000100000000)
 Metaspace       used 23814K, capacity 24230K, committed 24572K, reserved 1071104K
  class space    used 2804K, capacity 2981K, committed 3068K, reserved 1048576K
2017-04-12T08:15:27.640+0200: 4,898: [GC (Allocation Failure) 2017-04-12T08:15:27.640+0200: 4,898: [ParNew
Desired survivor size 20112992 bytes, new threshold 8 (max 8)
- age   1:    5443680 bytes,    5443680 total
- age   2:      79304 bytes,    5522984 total
- age   3:     181280 bytes,    5704264 total
- age   4:     294664 bytes,    5998928 total
- age   5:     805696 bytes,    6804624 total
- age   6:    6632480 bytes,   13437104 total
: 100542K->16912K(109248K), 0,0268859 secs] 100542K->16912K(502464K), 0,0269549 secs] [Times: user=0,06 sys=0,00, real=0,03 secs] 
Heap after GC invocations=6 (full 1):
 par new generation   total 109248K, used 16912K [0x00000000e0000000, 0x00000000e8000000, 0x00000000e8000000)
  eden space 87424K,   0% used [0x00000000e0000000, 0x00000000e0000000, 0x00000000e5560000)
  from space 21824K,  77% used [0x00000000e5560000, 0x00000000e65e42c0, 0x00000000e6ab0000)
  to   space 21824K,   0% used [0x00000000e6ab0000, 0x00000000e6ab0000, 0x00000000e8000000)
 concurrent mark-sweep generation total 393216K, used 0K [0x00000000e8000000, 0x0000000100000000, 0x0000000100000000)
 Metaspace       used 23814K, capacity 24230K, committed 24572K, reserved 1071104K
  class space    used 2804K, capacity 2981K, committed 3068K, reserved 1048576K
}
2017-04-12T08:15:27.667+0200: 4,925: Total time for which application threads were stopped: 0,0278845 seconds, Stopping threads took: 0,0007389 seconds
2017-04-12T08:15:27.687+0200: 4,944: Total time for which application threads were stopped: 0,0008253 seconds, Stopping threads took: 0,0007445 seconds
2017-04-12T08:15:27.687+0200: 4,945: Total time for which application threads were stopped: 0,0001387 seconds, Stopping threads took: 0,0000651 seconds
{Heap before GC invocations=6 (full 1):
 par new generation   total 109248K, used 104336K [0x00000000e0000000, 0x00000000e8000000, 0x00000000e8000000)
  eden space 87424K, 100% used [0x00000000e0000000, 0x00000000e5560000, 0x00000000e5560000)
  from space 21824K,  77% used [0x00000000e5560000, 0x00000000e65e42c0, 0x00000000e6ab0000)
  to   space 21824K,   0% used [0x00000000e6ab0000, 0x00000000e6ab0000, 0x00000000e8000000)
 concurrent mark-sweep generation total 393216K, used 0K [0x00000000e8000000, 0x0000000100000000, 0x0000000100000000)
 Metaspace       used 24354K, capacity 24806K, committed 25084K, reserved 1071104K
  class space    used 2858K, capacity 3045K, committed 3068K, reserved 1048576K
2017-04-12T08:15:27.811+0200: 5,068: [GC (Allocation Failure) 2017-04-12T08:15:27.811+0200: 5,068: [ParNew
Desired survivor size 20112992 bytes, new threshold 8 (max 8)
- age   1:    1811360 bytes,    1811360 total
- age   2:    1765600 bytes,    3576960 total
- age   3:      29992 bytes,    3606952 total
- age   4:     107240 bytes,    3714192 total
- age   5:     196416 bytes,    3910608 total
- age   6:     756000 bytes,    4666608 total
- age   7:    6099448 bytes,   10766056 total
: 104336K->12660K(109248K), 0,0458943 secs] 104336K->12660K(502464K), 0,0459873 secs] [Times: user=0,09 sys=0,00, real=0,05 secs] 
Heap after GC invocations=7 (full 1):
 par new generation   total 109248K, used 12660K [0x00000000e0000000, 0x00000000e8000000, 0x00000000e8000000)
  eden space 87424K,   0% used [0x00000000e0000000, 0x00000000e0000000, 0x00000000e5560000)
  from space 21824K,  58% used [0x00000000e6ab0000, 0x00000000e770d180, 0x00000000e8000000)
  to   space 21824K,   0% used [0x00000000e5560000, 0x00000000e5560000, 0x00000000e6ab0000)
 concurrent mark-sweep generation total 393216K, used 0K [0x00000000e8000000, 0x0000000100000000, 0x0000000100000000)
 Metaspace       used 24354K, capacity 24806K, committed 25084K, reserved 1071104K
  class space    used 2858K, capacity 3045K, committed 3068K, reserved 1048576K
}
2017-04-12T08:15:27.857+0200: 5,114: Total time for which application threads were stopped: 0,0464926 seconds, Stopping threads took: 0,0002872 seconds
2017-04-12T08:15:27.867+0200: 5,125: Total time for which application threads were stopped: 0,0002042 seconds, Stopping threads took: 0,0000829 seconds
2017-04-12T08:15:27.867+0200: 5,125: Total time for which application threads were stopped: 0,0001152 seconds, Stopping threads took: 0,0000179 seconds
2017-04-12T08:15:27.867+0200: 5,125: Total time for which application threads were stopped: 0,0000879 seconds, Stopping threads took: 0,0000107 seconds
{Heap before GC invocations=7 (full 1):
 par new generation   total 109248K, used 100084K [0x00000000e0000000, 0x00000000e8000000, 0x00000000e8000000)
  eden space 87424K, 100% used [0x00000000e0000000, 0x00000000e5560000, 0x00000000e5560000)
  from space 21824K,  58% used [0x00000000e6ab0000, 0x00000000e770d180, 0x00000000e8000000)
  to   space 21824K,   0% used [0x00000000e5560000, 0x00000000e5560000, 0x00000000e6ab0000)
 concurrent mark-sweep generation total 393216K, used 0K [0x00000000e8000000, 0x0000000100000000, 0x0000000100000000)
 Metaspace       used 24592K, capacity 25068K, committed 25212K, reserved 1071104K
  class space    used 2878K, capacity 3084K, committed 3196K, reserved 1048576K
2017-04-12T08:15:28.040+0200: 5,298: [GC (Allocation Failure) 2017-04-12T08:15:28.040+0200: 5,298: [ParNew
Desired survivor size 20112992 bytes, new threshold 8 (max 8)
- age   1:     721648 bytes,     721648 total
- age   2:    1060384 bytes,    1782032 total
- age   3:    1739120 bytes,    3521152 total
- age   4:      29672 bytes,    3550824 total
- age   5:     106904 bytes,    3657728 total
- age   6:     193648 bytes,    3851376 total
- age   7:     755200 bytes,    4606576 total
- age   8:    6099384 bytes,   10705960 total
: 100084K->16568K(109248K), 0,0770090 secs] 100084K->16568K(502464K), 0,0771022 secs] [Times: user=0,08 sys=0,00, real=0,08 secs] 
Heap after GC invocations=8 (full 1):
 par new generation   total 109248K, used 16568K [0x00000000e0000000, 0x00000000e8000000, 0x00000000e8000000)
  eden space 87424K,   0% used [0x00000000e0000000, 0x00000000e0000000, 0x00000000e5560000)
  from space 21824K,  75% used [0x00000000e5560000, 0x00000000e658e320, 0x00000000e6ab0000)
  to   space 21824K,   0% used [0x00000000e6ab0000, 0x00000000e6ab0000, 0x00000000e8000000)
 concurrent mark-sweep generation total 393216K, used 0K [0x00000000e8000000, 0x0000000100000000, 0x0000000100000000)
 Metaspace       used 24592K, capacity 25068K, committed 25212K, reserved 1071104K
  class space    used 2878K, capacity 3084K, committed 3196K, reserved 1048576K
}
2017-04-12T08:15:28.117+0200: 5,375: Total time for which application threads were stopped: 0,1065956 seconds, Stopping threads took: 0,0279052 seconds
2017-04-12T08:15:28.321+0200: 5,579: Total time for which application threads were stopped: 0,0002268 seconds, Stopping threads took: 0,0000367 seconds
2017-04-12T08:15:28.325+0200: 5,582: Total time for which application threads were stopped: 0,0001777 seconds, Stopping threads took: 0,0000844 seconds
2017-04-12T08:15:28.375+0200: 5,632: Total time for which application threads were stopped: 0,0227003 seconds, Stopping threads took: 0,0225909 seconds
2017-04-12T08:15:28.375+0200: 5,633: Total time for which application threads were stopped: 0,0001124 seconds, Stopping threads took: 0,0000249 seconds
2017-04-12T08:15:28.412+0200: 5,669: Total time for which application threads were stopped: 0,0001282 seconds, Stopping threads took: 0,0000544 seconds
2017-04-12T08:15:28.427+0200: 5,684: Total time for which application threads were stopped: 0,0043775 seconds, Stopping threads took: 0,0041738 seconds
2017-04-12T08:15:28.440+0200: 5,697: Total time for which application threads were stopped: 0,0051877 seconds, Stopping threads took: 0,0050547 seconds
2017-04-12T08:15:28.445+0200: 5,703: Total time for which application threads were stopped: 0,0015872 seconds, Stopping threads took: 0,0014825 seconds
2017-04-12T08:15:28.459+0200: 5,716: Total time for which application threads were stopped: 0,0001254 seconds, Stopping threads took: 0,0000184 seconds
2017-04-12T08:15:28.483+0200: 5,740: Total time for which application threads were stopped: 0,0001590 seconds, Stopping threads took: 0,0000509 seconds
{Heap before GC invocations=8 (full 1):
 par new generation   total 109248K, used 104202K [0x00000000e0000000, 0x00000000e8000000, 0x00000000e8000000)
  eden space 87424K, 100% used [0x00000000e0000000, 0x00000000e5560000, 0x00000000e5560000)
  from space 21824K,  76% used [0x00000000e5560000, 0x00000000e65c2a00, 0x00000000e6ab0000)
  to   space 21824K,   0% used [0x00000000e6ab0000, 0x00000000e6ab0000, 0x00000000e8000000)
 concurrent mark-sweep generation total 393216K, used 0K [0x00000000e8000000, 0x0000000100000000, 0x0000000100000000)
 Metaspace       used 25588K, capacity 26118K, committed 26236K, reserved 1073152K
  class space    used 2956K, capacity 3159K, committed 3196K, reserved 1048576K
2017-04-12T08:15:28.487+0200: 5,744: [GC (GCLocker Initiated GC) 2017-04-12T08:15:28.487+0200: 5,744: [ParNew
Desired survivor size 20112992 bytes, new threshold 8 (max 8)
- age   1:    6267896 bytes,    6267896 total
- age   2:     187432 bytes,    6455328 total
- age   3:     272440 bytes,    6727768 total
- age   4:    1735576 bytes,    8463344 total
- age   5:      26744 bytes,    8490088 total
- age   6:     106744 bytes,    8596832 total
- age   7:     193120 bytes,    8789952 total
- age   8:     754496 bytes,    9544448 total
: 104202K->11206K(109248K), 0,1499521 secs] 104202K->17763K(502464K), 0,1500549 secs] [Times: user=0,13 sys=0,00, real=0,15 secs] 
Heap after GC invocations=9 (full 1):
 par new generation   total 109248K, used 11206K [0x00000000e0000000, 0x00000000e8000000, 0x00000000e8000000)
  eden space 87424K,   0% used [0x00000000e0000000, 0x00000000e0000000, 0x00000000e5560000)
  from space 21824K,  51% used [0x00000000e6ab0000, 0x00000000e75a1a78, 0x00000000e8000000)
  to   space 21824K,   0% used [0x00000000e5560000, 0x00000000e5560000, 0x00000000e6ab0000)
 concurrent mark-sweep generation total 393216K, used 6556K [0x00000000e8000000, 0x0000000100000000, 0x0000000100000000)
 Metaspace       used 25588K, capacity 26118K, committed 26236K, reserved 1073152K
  class space    used 2956K, capacity 3159K, committed 3196K, reserved 1048576K
}
2017-04-12T08:15:28.637+0200: 5,894: Total time for which application threads were stopped: 0,1502794 seconds, Stopping threads took: 0,0000381 seconds
2017-04-12T08:15:28.661+0200: 5,919: Total time for which application threads were stopped: 0,0058420 seconds, Stopping threads took: 0,0057504 seconds
2017-04-12T08:15:28.755+0200: 6,012: Total time for which application threads were stopped: 0,0043025 seconds, Stopping threads took: 0,0041853 seconds
2017-04-12T08:15:28.991+0200: 6,248: Total time for which application threads were stopped: 0,0004757 seconds, Stopping threads took: 0,0000388 seconds
2017-04-12T08:15:29.005+0200: 6,263: Total time for which application threads were stopped: 0,0084510 seconds, Stopping threads took: 0,0083257 seconds
2017-04-12T08:15:29.048+0200: 6,306: Total time for which application threads were stopped: 0,0005500 seconds, Stopping threads took: 0,0000436 seconds
2017-04-12T08:15:29.273+0200: 6,531: Total time for which application threads were stopped: 0,0004350 seconds, Stopping threads took: 0,0000213 seconds
2017-04-12T08:15:29.275+0200: 6,532: Total time for which application threads were stopped: 0,0002120 seconds, Stopping threads took: 0,0000493 seconds
2017-04-12T08:15:29.279+0200: 6,536: Total time for which application threads were stopped: 0,0035810 seconds, Stopping threads took: 0,0035037 seconds
2017-04-12T08:15:29.290+0200: 6,548: Total time for which application threads were stopped: 0,0001391 seconds, Stopping threads took: 0,0000638 seconds
2017-04-12T08:15:29.299+0200: 6,556: Total time for which application threads were stopped: 0,0001285 seconds, Stopping threads took: 0,0000270 seconds
2017-04-12T08:15:29.311+0200: 6,568: Total time for which application threads were stopped: 0,0001717 seconds, Stopping threads took: 0,0000415 seconds
2017-04-12T08:15:29.313+0200: 6,571: Total time for which application threads were stopped: 0,0002365 seconds, Stopping threads took: 0,0001645 seconds
2017-04-12T08:15:29.325+0200: 6,583: Total time for which application threads were stopped: 0,0001424 seconds, Stopping threads took: 0,0000587 seconds
2017-04-12T08:15:29.338+0200: 6,596: Total time for which application threads were stopped: 0,0025477 seconds, Stopping threads took: 0,0024816 seconds
2017-04-12T08:15:29.343+0200: 6,600: Total time for which application threads were stopped: 0,0004341 seconds, Stopping threads took: 0,0003325 seconds
2017-04-12T08:15:29.354+0200: 6,612: Total time for which application threads were stopped: 0,0009721 seconds, Stopping threads took: 0,0008826 seconds
2017-04-12T08:15:29.399+0200: 6,656: Total time for which application threads were stopped: 0,0038516 seconds, Stopping threads took: 0,0037534 seconds
2017-04-12T08:15:29.408+0200: 6,666: Total time for which application threads were stopped: 0,0001656 seconds, Stopping threads took: 0,0001022 seconds
2017-04-12T08:15:29.409+0200: 6,667: Total time for which application threads were stopped: 0,0001897 seconds, Stopping threads took: 0,0000903 seconds
2017-04-12T08:15:29.410+0200: 6,667: Total time for which application threads were stopped: 0,0003656 seconds, Stopping threads took: 0,0000211 seconds
2017-04-12T08:15:29.411+0200: 6,668: Total time for which application threads were stopped: 0,0001108 seconds, Stopping threads took: 0,0000304 seconds
2017-04-12T08:15:29.442+0200: 6,700: Total time for which application threads were stopped: 0,0001541 seconds, Stopping threads took: 0,0000471 seconds
2017-04-12T08:15:30.442+0200: 7,700: Total time for which application threads were stopped: 0,0000994 seconds, Stopping threads took: 0,0000287 seconds
2017-04-12T08:16:45.637+0200: 83,708: Total time for which application threads were stopped: 0,0001288 seconds, Stopping threads took: 0,0000348 seconds
2017-04-12T08:17:20.641+0200: 118,713: Total time for which application threads were stopped: 0,0000953 seconds, Stopping threads took: 0,0000376 seconds
2017-04-12T08:17:24.642+0200: 122,714: Total time for which application threads were stopped: 0,0004215 seconds, Stopping threads took: 0,0001064 seconds
2017-04-12T08:20:00.661+0200: 278,733: Total time for which application threads were stopped: 0,0000888 seconds, Stopping threads took: 0,0000382 seconds
2017-04-12T08:33:26.744+0200: 1084,815: Total time for which application threads were stopped: 0,0001236 seconds, Stopping threads took: 0,0000299 seconds
2017-04-12T08:33:26.747+0200: 1084,819: Total time for which application threads were stopped: 0,0017584 seconds, Stopping threads took: 0,0012460 seconds
2017-04-12T08:33:26.749+0200: 1084,821: Total time for which application threads were stopped: 0,0000969 seconds, Stopping threads took: 0,0000266 seconds
2017-04-12T08:33:26.760+0200: 1084,832: Total time for which application threads were stopped: 0,0066357 seconds, Stopping threads took: 0,0065064 seconds
2017-04-12T08:33:26.777+0200: 1084,848: Total time for which application threads were stopped: 0,0001047 seconds, Stopping threads took: 0,0000205 seconds
2017-04-12T08:33:26.781+0200: 1084,852: Total time for which application threads were stopped: 0,0001211 seconds, Stopping threads took: 0,0000337 seconds
2017-04-12T08:33:26.781+0200: 1084,853: Total time for which application threads were stopped: 0,0000907 seconds, Stopping threads took: 0,0000238 seconds
2017-04-12T08:33:26.781+0200: 1084,853: Total time for which application threads were stopped: 0,0000685 seconds, Stopping threads took: 0,0000178 seconds
2017-04-12T08:33:26.782+0200: 1084,853: Total time for which application threads were stopped: 0,0000604 seconds, Stopping threads took: 0,0000166 seconds
2017-04-12T08:33:26.782+0200: 1084,853: Total time for which application threads were stopped: 0,0000570 seconds, Stopping threads took: 0,0000141 seconds
2017-04-12T08:33:26.782+0200: 1084,853: Total time for which application threads were stopped: 0,0000554 seconds, Stopping threads took: 0,0000153 seconds
2017-04-12T08:33:26.782+0200: 1084,853: Total time for which application threads were stopped: 0,0000545 seconds, Stopping threads took: 0,0000160 seconds
2017-04-12T08:33:26.789+0200: 1084,860: Total time for which application threads were stopped: 0,0070317 seconds, Stopping threads took: 0,0000148 seconds
2017-04-12T08:33:26.792+0200: 1084,864: Total time for which application threads were stopped: 0,0000868 seconds, Stopping threads took: 0,0000191 seconds
2017-04-12T08:33:26.792+0200: 1084,864: Total time for which application threads were stopped: 0,0000543 seconds, Stopping threads took: 0,0000145 seconds
2017-04-12T08:33:26.792+0200: 1084,864: Total time for which application threads were stopped: 0,0000535 seconds, Stopping threads took: 0,0000137 seconds
2017-04-12T08:33:26.793+0200: 1084,864: Total time for which application threads were stopped: 0,0000510 seconds, Stopping threads took: 0,0000133 seconds
2017-04-12T08:33:26.793+0200: 1084,864: Total time for which application threads were stopped: 0,0000512 seconds, Stopping threads took: 0,0000145 seconds
2017-04-12T08:33:26.794+0200: 1084,866: Total time for which application threads were stopped: 0,0001014 seconds, Stopping threads took: 0,0000265 seconds
2017-04-12T08:33:26.796+0200: 1084,868: Total time for which application threads were stopped: 0,0001039 seconds, Stopping threads took: 0,0000368 seconds
2017-04-12T08:33:26.804+0200: 1084,875: Total time for which application threads were stopped: 0,0000853 seconds, Stopping threads took: 0,0000232 seconds
2017-04-12T08:33:26.804+0200: 1084,876: Total time for which application threads were stopped: 0,0000509 seconds, Stopping threads took: 0,0000157 seconds
2017-04-12T08:33:26.804+0200: 1084,876: Total time for which application threads were stopped: 0,0000422 seconds, Stopping threads took: 0,0000112 seconds
2017-04-12T08:33:26.804+0200: 1084,876: Total time for which application threads were stopped: 0,0000411 seconds, Stopping threads took: 0,0000112 seconds
2017-04-12T08:33:26.808+0200: 1084,879: Total time for which application threads were stopped: 0,0001159 seconds, Stopping threads took: 0,0000507 seconds
2017-04-12T08:33:26.808+0200: 1084,879: Total time for which application threads were stopped: 0,0000751 seconds, Stopping threads took: 0,0000372 seconds
2017-04-12T08:33:26.808+0200: 1084,879: Total time for which application threads were stopped: 0,0000611 seconds, Stopping threads took: 0,0000299 seconds
2017-04-12T08:33:26.808+0200: 1084,879: Total time for which application threads were stopped: 0,0000493 seconds, Stopping threads took: 0,0000146 seconds
2017-04-12T08:33:26.808+0200: 1084,879: Total time for which application threads were stopped: 0,0000500 seconds, Stopping threads took: 0,0000176 seconds
2017-04-12T08:33:26.808+0200: 1084,879: Total time for which application threads were stopped: 0,0000547 seconds, Stopping threads took: 0,0000213 seconds
2017-04-12T08:33:26.808+0200: 1084,880: Total time for which application threads were stopped: 0,0000515 seconds, Stopping threads took: 0,0000192 seconds
2017-04-12T08:33:26.808+0200: 1084,880: Total time for which application threads were stopped: 0,0000645 seconds, Stopping threads took: 0,0000308 seconds
2017-04-12T08:33:26.808+0200: 1084,880: Total time for which application threads were stopped: 0,0000493 seconds, Stopping threads took: 0,0000150 seconds
2017-04-12T08:33:26.808+0200: 1084,880: Total time for which application threads were stopped: 0,0000516 seconds, Stopping threads took: 0,0000198 seconds
2017-04-12T08:33:26.821+0200: 1084,892: Total time for which application threads were stopped: 0,0058605 seconds, Stopping threads took: 0,0057766 seconds
2017-04-12T08:33:26.822+0200: 1084,893: Total time for which application threads were stopped: 0,0009074 seconds, Stopping threads took: 0,0008250 seconds
2017-04-12T08:33:26.823+0200: 1084,894: Total time for which application threads were stopped: 0,0004748 seconds, Stopping threads took: 0,0004172 seconds
2017-04-12T08:33:26.823+0200: 1084,895: Total time for which application threads were stopped: 0,0000744 seconds, Stopping threads took: 0,0000285 seconds
2017-04-12T08:33:26.823+0200: 1084,895: Total time for which application threads were stopped: 0,0000506 seconds, Stopping threads took: 0,0000075 seconds
2017-04-12T08:33:26.824+0200: 1084,895: Total time for which application threads were stopped: 0,0000639 seconds, Stopping threads took: 0,0000279 seconds
2017-04-12T08:33:26.824+0200: 1084,896: Total time for which application threads were stopped: 0,0000955 seconds, Stopping threads took: 0,0000402 seconds
2017-04-12T08:33:26.825+0200: 1084,896: Total time for which application threads were stopped: 0,0000493 seconds, Stopping threads took: 0,0000174 seconds
2017-04-12T08:33:26.825+0200: 1084,896: Total time for which application threads were stopped: 0,0003372 seconds, Stopping threads took: 0,0002831 seconds
2017-04-12T08:33:26.827+0200: 1084,898: Total time for which application threads were stopped: 0,0001406 seconds, Stopping threads took: 0,0000654 seconds
2017-04-12T08:33:26.827+0200: 1084,898: Total time for which application threads were stopped: 0,0000581 seconds, Stopping threads took: 0,0000171 seconds
2017-04-12T08:33:26.827+0200: 1084,899: Total time for which application threads were stopped: 0,0000747 seconds, Stopping threads took: 0,0000405 seconds
2017-04-12T08:33:26.827+0200: 1084,899: Total time for which application threads were stopped: 0,0000662 seconds, Stopping threads took: 0,0000336 seconds
2017-04-12T08:33:26.828+0200: 1084,900: Total time for which application threads were stopped: 0,0006859 seconds, Stopping threads took: 0,0005736 seconds
2017-04-12T08:33:26.829+0200: 1084,901: Total time for which application threads were stopped: 0,0009766 seconds, Stopping threads took: 0,0009198 seconds
2017-04-12T08:33:26.829+0200: 1084,901: Total time for which application threads were stopped: 0,0000826 seconds, Stopping threads took: 0,0000412 seconds
2017-04-12T08:33:26.830+0200: 1084,901: Total time for which application threads were stopped: 0,0000605 seconds, Stopping threads took: 0,0000227 seconds
2017-04-12T08:33:26.830+0200: 1084,901: Total time for which application threads were stopped: 0,0000531 seconds, Stopping threads took: 0,0000206 seconds
2017-04-12T08:33:26.830+0200: 1084,901: Total time for which application threads were stopped: 0,0000491 seconds, Stopping threads took: 0,0000173 seconds
2017-04-12T08:33:26.830+0200: 1084,902: Total time for which application threads were stopped: 0,0000446 seconds, Stopping threads took: 0,0000145 seconds
2017-04-12T08:33:26.830+0200: 1084,902: Total time for which application threads were stopped: 0,0000540 seconds, Stopping threads took: 0,0000149 seconds
2017-04-12T08:33:26.830+0200: 1084,902: Total time for which application threads were stopped: 0,0000357 seconds, Stopping threads took: 0,0000045 seconds
2017-04-12T08:33:26.830+0200: 1084,902: Total time for which application threads were stopped: 0,0000331 seconds, Stopping threads took: 0,0000044 seconds
2017-04-12T08:33:26.831+0200: 1084,902: Total time for which application threads were stopped: 0,0000447 seconds, Stopping threads took: 0,0000118 seconds
2017-04-12T08:33:26.831+0200: 1084,902: Total time for which application threads were stopped: 0,0000337 seconds, Stopping threads took: 0,0000048 seconds
2017-04-12T08:33:26.831+0200: 1084,902: Total time for which application threads were stopped: 0,0000430 seconds, Stopping threads took: 0,0000135 seconds
2017-04-12T08:33:26.831+0200: 1084,902: Total time for which application threads were stopped: 0,0000440 seconds, Stopping threads took: 0,0000108 seconds
2017-04-12T08:33:26.831+0200: 1084,903: Total time for which application threads were stopped: 0,0001632 seconds, Stopping threads took: 0,0000047 seconds
2017-04-12T08:33:26.833+0200: 1084,904: Total time for which application threads were stopped: 0,0001356 seconds, Stopping threads took: 0,0000382 seconds
2017-04-12T08:33:26.836+0200: 1084,907: Total time for which application threads were stopped: 0,0010819 seconds, Stopping threads took: 0,0010177 seconds
2017-04-12T08:33:26.836+0200: 1084,907: Total time for which application threads were stopped: 0,0000856 seconds, Stopping threads took: 0,0000230 seconds
Heap
 par new generation   total 109248K, used 59751K [0x00000000e0000000, 0x00000000e8000000, 0x00000000e8000000)
  eden space 87424K,  55% used [0x00000000e0000000, 0x00000000e2f682c8, 0x00000000e5560000)
  from space 21824K,  51% used [0x00000000e6ab0000, 0x00000000e75a1a78, 0x00000000e8000000)
  to   space 21824K,   0% used [0x00000000e5560000, 0x00000000e5560000, 0x00000000e6ab0000)
 concurrent mark-sweep generation total 393216K, used 6556K [0x00000000e8000000, 0x0000000100000000, 0x0000000100000000)
 Metaspace       used 28111K, capacity 28660K, committed 28796K, reserved 1075200K
  class space    used 3228K, capacity 3424K, committed 3452K, reserved 1048576K
