OpenJDK 64-Bit Server VM (25.121-b13) for linux-amd64 JRE (1.8.0_121-8u121-b13-0ubuntu1.16.04.2-b13), built on Jan 23 2017 15:51:29 by "buildd" with gcc 5.4.0 20160609
Memory: 4k page, physical 7867760k(7515752k free), swap 8076284k(8076284k free)
CommandLine flags: -XX:CMSInitiatingOccupancyFraction=50 -XX:CMSMaxAbortablePrecleanTime=6000 -XX:+CMSParallelRemarkEnabled -XX:+CMSScavengeBeforeRemark -XX:ConcGCThreads=4 -XX:InitialHeapSize=536870912 -XX:MaxHeapSize=536870912 -XX:MaxTenuringThreshold=8 -XX:NewRatio=3 -XX:OldPLABSize=16 -XX:OnOutOfMemoryError=/opt/solr/bin/oom_solr.sh 8983 /var/solr/logs -XX:ParallelGCThreads=4 -XX:+ParallelRefProcEnabled -XX:PretenureSizeThreshold=67108864 -XX:+PrintGC -XX:+PrintGCApplicationStoppedTime -XX:+PrintGCDateStamps -XX:+PrintGCDetails -XX:+PrintGCTimeStamps -XX:+PrintHeapAtGC -XX:+PrintTenuringDistribution -XX:SurvivorRatio=4 -XX:TargetSurvivorRatio=90 -XX:ThreadStackSize=256 -XX:+UseCMSInitiatingOccupancyOnly -XX:+UseCompressedClassPointers -XX:+UseCompressedOops -XX:+UseConcMarkSweepGC -XX:+UseParNewGC 
2017-03-07T11:06:17.467+0100: 0,144: Total time for which application threads were stopped: 0,0000666 seconds, Stopping threads took: 0,0000119 seconds
2017-03-07T11:06:17.555+0100: 0,232: Total time for which application threads were stopped: 0,0001262 seconds, Stopping threads took: 0,0000274 seconds
2017-03-07T11:06:17.568+0100: 0,245: Total time for which application threads were stopped: 0,0000847 seconds, Stopping threads took: 0,0000127 seconds
2017-03-07T11:06:17.926+0100: 0,603: Total time for which application threads were stopped: 0,0001468 seconds, Stopping threads took: 0,0000179 seconds
2017-03-07T11:06:18.357+0100: 1,035: Total time for which application threads were stopped: 0,0001536 seconds, Stopping threads took: 0,0000206 seconds
2017-03-07T11:06:18.428+0100: 1,105: Total time for which application threads were stopped: 0,0002307 seconds, Stopping threads took: 0,0000254 seconds
2017-03-07T11:06:18.468+0100: 1,145: Total time for which application threads were stopped: 0,0001894 seconds, Stopping threads took: 0,0000343 seconds
2017-03-07T11:06:18.754+0100: 1,431: Total time for which application threads were stopped: 0,0001844 seconds, Stopping threads took: 0,0000143 seconds
2017-03-07T11:06:18.961+0100: 1,639: Total time for which application threads were stopped: 0,0002363 seconds, Stopping threads took: 0,0000152 seconds
2017-03-07T11:06:18.990+0100: 1,667: Total time for which application threads were stopped: 0,0001881 seconds, Stopping threads took: 0,0000165 seconds
2017-03-07T11:06:19.029+0100: 1,707: Total time for which application threads were stopped: 0,0002320 seconds, Stopping threads took: 0,0000292 seconds
2017-03-07T11:06:19.031+0100: 1,708: Total time for which application threads were stopped: 0,0002334 seconds, Stopping threads took: 0,0000304 seconds
2017-03-07T11:06:19.048+0100: 1,725: Total time for which application threads were stopped: 0,0001865 seconds, Stopping threads took: 0,0000214 seconds
2017-03-07T11:06:19.132+0100: 1,809: Total time for which application threads were stopped: 0,0002443 seconds, Stopping threads took: 0,0000224 seconds
2017-03-07T11:06:19.287+0100: 1,964: Total time for which application threads were stopped: 0,0002579 seconds, Stopping threads took: 0,0000386 seconds
{Heap before GC invocations=0 (full 0):
 par new generation   total 109248K, used 87424K [0x00000000e0000000, 0x00000000e8000000, 0x00000000e8000000)
  eden space 87424K, 100% used [0x00000000e0000000, 0x00000000e5560000, 0x00000000e5560000)
  from space 21824K,   0% used [0x00000000e5560000, 0x00000000e5560000, 0x00000000e6ab0000)
  to   space 21824K,   0% used [0x00000000e6ab0000, 0x00000000e6ab0000, 0x00000000e8000000)
 concurrent mark-sweep generation total 393216K, used 0K [0x00000000e8000000, 0x0000000100000000, 0x0000000100000000)
 Metaspace       used 17793K, capacity 18112K, committed 18304K, reserved 1064960K
  class space    used 2023K, capacity 2164K, committed 2176K, reserved 1048576K
2017-03-07T11:06:19.333+0100: 2,010: [GC (Allocation Failure) 2017-03-07T11:06:19.333+0100: 2,010: [ParNew
Desired survivor size 20112992 bytes, new threshold 8 (max 8)
- age   1:   11616536 bytes,   11616536 total
: 87424K->11448K(109248K), 0,0163055 secs] 87424K->11448K(502464K), 0,0164035 secs] [Times: user=0,03 sys=0,02, real=0,02 secs] 
Heap after GC invocations=1 (full 0):
 par new generation   total 109248K, used 11448K [0x00000000e0000000, 0x00000000e8000000, 0x00000000e8000000)
  eden space 87424K,   0% used [0x00000000e0000000, 0x00000000e0000000, 0x00000000e5560000)
  from space 21824K,  52% used [0x00000000e6ab0000, 0x00000000e75de0b8, 0x00000000e8000000)
  to   space 21824K,   0% used [0x00000000e5560000, 0x00000000e5560000, 0x00000000e6ab0000)
 concurrent mark-sweep generation total 393216K, used 0K [0x00000000e8000000, 0x0000000100000000, 0x0000000100000000)
 Metaspace       used 17793K, capacity 18112K, committed 18304K, reserved 1064960K
  class space    used 2023K, capacity 2164K, committed 2176K, reserved 1048576K
}
2017-03-07T11:06:19.349+0100: 2,026: Total time for which application threads were stopped: 0,0166704 seconds, Stopping threads took: 0,0000696 seconds
2017-03-07T11:06:19.657+0100: 2,335: Total time for which application threads were stopped: 0,0003881 seconds, Stopping threads took: 0,0000501 seconds
{Heap before GC invocations=1 (full 0):
 par new generation   total 109248K, used 98872K [0x00000000e0000000, 0x00000000e8000000, 0x00000000e8000000)
  eden space 87424K, 100% used [0x00000000e0000000, 0x00000000e5560000, 0x00000000e5560000)
  from space 21824K,  52% used [0x00000000e6ab0000, 0x00000000e75de0b8, 0x00000000e8000000)
  to   space 21824K,   0% used [0x00000000e5560000, 0x00000000e5560000, 0x00000000e6ab0000)
 concurrent mark-sweep generation total 393216K, used 0K [0x00000000e8000000, 0x0000000100000000, 0x0000000100000000)
 Metaspace       used 20019K, capacity 20364K, committed 20736K, reserved 1067008K
  class space    used 2294K, capacity 2468K, committed 2560K, reserved 1048576K
2017-03-07T11:06:19.693+0100: 2,370: [GC (Allocation Failure) 2017-03-07T11:06:19.693+0100: 2,370: [ParNew
Desired survivor size 20112992 bytes, new threshold 8 (max 8)
- age   1:    4200040 bytes,    4200040 total
- age   2:    6133296 bytes,   10333336 total
: 98872K->14560K(109248K), 0,0103479 secs] 98872K->14560K(502464K), 0,0104358 secs] [Times: user=0,02 sys=0,02, real=0,01 secs] 
Heap after GC invocations=2 (full 0):
 par new generation   total 109248K, used 14560K [0x00000000e0000000, 0x00000000e8000000, 0x00000000e8000000)
  eden space 87424K,   0% used [0x00000000e0000000, 0x00000000e0000000, 0x00000000e5560000)
  from space 21824K,  66% used [0x00000000e5560000, 0x00000000e6398140, 0x00000000e6ab0000)
  to   space 21824K,   0% used [0x00000000e6ab0000, 0x00000000e6ab0000, 0x00000000e8000000)
 concurrent mark-sweep generation total 393216K, used 0K [0x00000000e8000000, 0x0000000100000000, 0x0000000100000000)
 Metaspace       used 20019K, capacity 20364K, committed 20736K, reserved 1067008K
  class space    used 2294K, capacity 2468K, committed 2560K, reserved 1048576K
}
2017-03-07T11:06:19.704+0100: 2,381: Total time for which application threads were stopped: 0,0106587 seconds, Stopping threads took: 0,0000522 seconds
2017-03-07T11:06:19.725+0100: 2,402: Total time for which application threads were stopped: 0,0003577 seconds, Stopping threads took: 0,0000687 seconds
2017-03-07T11:06:19.792+0100: 2,470: Total time for which application threads were stopped: 0,0003758 seconds, Stopping threads took: 0,0000352 seconds
2017-03-07T11:06:19.911+0100: 2,588: Total time for which application threads were stopped: 0,0001559 seconds, Stopping threads took: 0,0000453 seconds
{Heap before GC invocations=2 (full 0):
 par new generation   total 109248K, used 101984K [0x00000000e0000000, 0x00000000e8000000, 0x00000000e8000000)
  eden space 87424K, 100% used [0x00000000e0000000, 0x00000000e5560000, 0x00000000e5560000)
  from space 21824K,  66% used [0x00000000e5560000, 0x00000000e6398140, 0x00000000e6ab0000)
  to   space 21824K,   0% used [0x00000000e6ab0000, 0x00000000e6ab0000, 0x00000000e8000000)
 concurrent mark-sweep generation total 393216K, used 0K [0x00000000e8000000, 0x0000000100000000, 0x0000000100000000)
 Metaspace       used 20968K, capacity 21286K, committed 21628K, reserved 1069056K
  class space    used 2416K, capacity 2587K, committed 2684K, reserved 1048576K
2017-03-07T11:06:19.939+0100: 2,617: [GC (Allocation Failure) 2017-03-07T11:06:19.939+0100: 2,617: [ParNew
Desired survivor size 20112992 bytes, new threshold 8 (max 8)
- age   1:    2180800 bytes,    2180800 total
- age   2:    1339904 bytes,    3520704 total
- age   3:    6129304 bytes,    9650008 total
: 101984K->11207K(109248K), 0,0160296 secs] 101984K->11207K(502464K), 0,0161124 secs] [Times: user=0,05 sys=0,00, real=0,02 secs] 
Heap after GC invocations=3 (full 0):
 par new generation   total 109248K, used 11207K [0x00000000e0000000, 0x00000000e8000000, 0x00000000e8000000)
  eden space 87424K,   0% used [0x00000000e0000000, 0x00000000e0000000, 0x00000000e5560000)
  from space 21824K,  51% used [0x00000000e6ab0000, 0x00000000e75a1c00, 0x00000000e8000000)
  to   space 21824K,   0% used [0x00000000e5560000, 0x00000000e5560000, 0x00000000e6ab0000)
 concurrent mark-sweep generation total 393216K, used 0K [0x00000000e8000000, 0x0000000100000000, 0x0000000100000000)
 Metaspace       used 20968K, capacity 21286K, committed 21628K, reserved 1069056K
  class space    used 2416K, capacity 2587K, committed 2684K, reserved 1048576K
}
2017-03-07T11:06:19.956+0100: 2,633: Total time for which application threads were stopped: 0,0162803 seconds, Stopping threads took: 0,0000283 seconds
2017-03-07T11:06:19.956+0100: 2,633: [GC (CMS Initial Mark) [1 CMS-initial-mark: 0K(393216K)] 11223K(502464K), 0,0059659 secs] [Times: user=0,02 sys=0,00, real=0,00 secs] 
2017-03-07T11:06:19.962+0100: 2,639: Total time for which application threads were stopped: 0,0061721 seconds, Stopping threads took: 0,0000634 seconds
2017-03-07T11:06:19.962+0100: 2,639: [CMS-concurrent-mark-start]
2017-03-07T11:06:19.962+0100: 2,640: [CMS-concurrent-mark: 0,000/0,000 secs] [Times: user=0,00 sys=0,00, real=0,00 secs] 
2017-03-07T11:06:19.962+0100: 2,640: [CMS-concurrent-preclean-start]
2017-03-07T11:06:19.964+0100: 2,641: [CMS-concurrent-preclean: 0,001/0,001 secs] [Times: user=0,00 sys=0,00, real=0,00 secs] 
2017-03-07T11:06:19.964+0100: 2,641: [GC (CMS Final Remark) [YG occupancy: 12636 K (109248 K)]{Heap before GC invocations=3 (full 1):
 par new generation   total 109248K, used 12636K [0x00000000e0000000, 0x00000000e8000000, 0x00000000e8000000)
  eden space 87424K,   1% used [0x00000000e0000000, 0x00000000e0165558, 0x00000000e5560000)
  from space 21824K,  51% used [0x00000000e6ab0000, 0x00000000e75a1c00, 0x00000000e8000000)
  to   space 21824K,   0% used [0x00000000e5560000, 0x00000000e5560000, 0x00000000e6ab0000)
 concurrent mark-sweep generation total 393216K, used 0K [0x00000000e8000000, 0x0000000100000000, 0x0000000100000000)
 Metaspace       used 20968K, capacity 21286K, committed 21628K, reserved 1069056K
  class space    used 2416K, capacity 2587K, committed 2684K, reserved 1048576K
2017-03-07T11:06:19.964+0100: 2,641: [GC (CMS Final Remark) 2017-03-07T11:06:19.964+0100: 2,641: [ParNew
Desired survivor size 20112992 bytes, new threshold 8 (max 8)
- age   1:     162552 bytes,     162552 total
- age   2:    2079696 bytes,    2242248 total
- age   3:    1339904 bytes,    3582152 total
- age   4:    6129304 bytes,    9711456 total
: 12636K->14820K(109248K), 0,0122943 secs] 12636K->14820K(502464K), 0,0123377 secs] [Times: user=0,05 sys=0,00, real=0,02 secs] 
Heap after GC invocations=4 (full 1):
 par new generation   total 109248K, used 14820K [0x00000000e0000000, 0x00000000e8000000, 0x00000000e8000000)
  eden space 87424K,   0% used [0x00000000e0000000, 0x00000000e0000000, 0x00000000e5560000)
  from space 21824K,  67% used [0x00000000e5560000, 0x00000000e63d9178, 0x00000000e6ab0000)
  to   space 21824K,   0% used [0x00000000e6ab0000, 0x00000000e6ab0000, 0x00000000e8000000)
 concurrent mark-sweep generation total 393216K, used 0K [0x00000000e8000000, 0x0000000100000000, 0x0000000100000000)
 Metaspace       used 20968K, capacity 21286K, committed 21628K, reserved 1069056K
  class space    used 2416K, capacity 2587K, committed 2684K, reserved 1048576K
}
2017-03-07T11:06:19.976+0100: 2,653: [Rescan (parallel) , 0,0046179 secs]2017-03-07T11:06:19.981+0100: 2,658: [weak refs processing, 0,0034670 secs]2017-03-07T11:06:19.984+0100: 2,662: [class unloading, 0,0039100 secs]2017-03-07T11:06:19.988+0100: 2,665: [scrub symbol table, 0,0039465 secs]2017-03-07T11:06:19.992+0100: 2,669: [scrub string table, 0,0004642 secs][1 CMS-remark: 0K(393216K)] 14820K(502464K), 0,0296181 secs] [Times: user=0,09 sys=0,00, real=0,03 secs] 
2017-03-07T11:06:19.993+0100: 2,671: Total time for which application threads were stopped: 0,0297501 seconds, Stopping threads took: 0,0000370 seconds
2017-03-07T11:06:19.998+0100: 2,675: [CMS-concurrent-sweep-start]
2017-03-07T11:06:19.998+0100: 2,675: [CMS-concurrent-sweep: 0,000/0,000 secs] [Times: user=0,00 sys=0,00, real=0,00 secs] 
2017-03-07T11:06:19.998+0100: 2,675: [CMS-concurrent-reset-start]
2017-03-07T11:06:20.000+0100: 2,677: [CMS-concurrent-reset: 0,002/0,002 secs] [Times: user=0,01 sys=0,00, real=0,00 secs] 
{Heap before GC invocations=4 (full 1):
 par new generation   total 109248K, used 102244K [0x00000000e0000000, 0x00000000e8000000, 0x00000000e8000000)
  eden space 87424K, 100% used [0x00000000e0000000, 0x00000000e5560000, 0x00000000e5560000)
  from space 21824K,  67% used [0x00000000e5560000, 0x00000000e63d9178, 0x00000000e6ab0000)
  to   space 21824K,   0% used [0x00000000e6ab0000, 0x00000000e6ab0000, 0x00000000e8000000)
 concurrent mark-sweep generation total 393216K, used 0K [0x00000000e8000000, 0x0000000100000000, 0x0000000100000000)
 Metaspace       used 21225K, capacity 21586K, committed 21884K, reserved 1069056K
  class space    used 2449K, capacity 2606K, committed 2684K, reserved 1048576K
2017-03-07T11:06:20.094+0100: 2,771: [GC (Allocation Failure) 2017-03-07T11:06:20.094+0100: 2,771: [ParNew
Desired survivor size 20112992 bytes, new threshold 8 (max 8)
- age   1:    1317136 bytes,    1317136 total
- age   2:        400 bytes,    1317536 total
- age   3:    1492936 bytes,    2810472 total
- age   4:    1303080 bytes,    4113552 total
- age   5:    6129304 bytes,   10242856 total
: 102244K->12342K(109248K), 0,0104414 secs] 102244K->12342K(502464K), 0,0105049 secs] [Times: user=0,03 sys=0,00, real=0,00 secs] 
Heap after GC invocations=5 (full 1):
 par new generation   total 109248K, used 12342K [0x00000000e0000000, 0x00000000e8000000, 0x00000000e8000000)
  eden space 87424K,   0% used [0x00000000e0000000, 0x00000000e0000000, 0x00000000e5560000)
  from space 21824K,  56% used [0x00000000e6ab0000, 0x00000000e76bd9b8, 0x00000000e8000000)
  to   space 21824K,   0% used [0x00000000e5560000, 0x00000000e5560000, 0x00000000e6ab0000)
 concurrent mark-sweep generation total 393216K, used 0K [0x00000000e8000000, 0x0000000100000000, 0x0000000100000000)
 Metaspace       used 21225K, capacity 21586K, committed 21884K, reserved 1069056K
  class space    used 2449K, capacity 2606K, committed 2684K, reserved 1048576K
}
2017-03-07T11:06:20.104+0100: 2,782: Total time for which application threads were stopped: 0,0111799 seconds, Stopping threads took: 0,0005285 seconds
{Heap before GC invocations=5 (full 1):
 par new generation   total 109248K, used 99740K [0x00000000e0000000, 0x00000000e8000000, 0x00000000e8000000)
  eden space 87424K,  99% used [0x00000000e0000000, 0x00000000e5559668, 0x00000000e5560000)
  from space 21824K,  56% used [0x00000000e6ab0000, 0x00000000e76bd9b8, 0x00000000e8000000)
  to   space 21824K,   0% used [0x00000000e5560000, 0x00000000e5560000, 0x00000000e6ab0000)
 concurrent mark-sweep generation total 393216K, used 0K [0x00000000e8000000, 0x0000000100000000, 0x0000000100000000)
 Metaspace       used 21378K, capacity 21810K, committed 21884K, reserved 1069056K
  class space    used 2468K, capacity 2638K, committed 2684K, reserved 1048576K
2017-03-07T11:06:20.183+0100: 2,860: [GC (Allocation Failure) 2017-03-07T11:06:20.183+0100: 2,860: [ParNew
Desired survivor size 20112992 bytes, new threshold 8 (max 8)
- age   1:     947496 bytes,     947496 total
- age   2:     182864 bytes,    1130360 total
- age   3:        400 bytes,    1130760 total
- age   4:    1492936 bytes,    2623696 total
- age   5:    1302968 bytes,    3926664 total
- age   6:    6129448 bytes,   10056112 total
: 99740K->15092K(109248K), 0,0095651 secs] 99740K->15092K(502464K), 0,0096316 secs] [Times: user=0,03 sys=0,00, real=0,01 secs] 
Heap after GC invocations=6 (full 1):
 par new generation   total 109248K, used 15092K [0x00000000e0000000, 0x00000000e8000000, 0x00000000e8000000)
  eden space 87424K,   0% used [0x00000000e0000000, 0x00000000e0000000, 0x00000000e5560000)
  from space 21824K,  69% used [0x00000000e5560000, 0x00000000e641d118, 0x00000000e6ab0000)
  to   space 21824K,   0% used [0x00000000e6ab0000, 0x00000000e6ab0000, 0x00000000e8000000)
 concurrent mark-sweep generation total 393216K, used 0K [0x00000000e8000000, 0x0000000100000000, 0x0000000100000000)
 Metaspace       used 21378K, capacity 21810K, committed 21884K, reserved 1069056K
  class space    used 2468K, capacity 2638K, committed 2684K, reserved 1048576K
}
2017-03-07T11:06:20.193+0100: 2,870: Total time for which application threads were stopped: 0,0098391 seconds, Stopping threads took: 0,0000834 seconds
2017-03-07T11:06:20.238+0100: 2,916: Total time for which application threads were stopped: 0,0003264 seconds, Stopping threads took: 0,0000230 seconds
2017-03-07T11:06:20.411+0100: 3,088: Total time for which application threads were stopped: 0,0004230 seconds, Stopping threads took: 0,0000606 seconds
2017-03-07T11:06:20.427+0100: 3,104: Total time for which application threads were stopped: 0,0004094 seconds, Stopping threads took: 0,0000501 seconds
{Heap before GC invocations=6 (full 1):
 par new generation   total 109248K, used 102516K [0x00000000e0000000, 0x00000000e8000000, 0x00000000e8000000)
  eden space 87424K, 100% used [0x00000000e0000000, 0x00000000e5560000, 0x00000000e5560000)
  from space 21824K,  69% used [0x00000000e5560000, 0x00000000e641d118, 0x00000000e6ab0000)
  to   space 21824K,   0% used [0x00000000e6ab0000, 0x00000000e6ab0000, 0x00000000e8000000)
 concurrent mark-sweep generation total 393216K, used 0K [0x00000000e8000000, 0x0000000100000000, 0x0000000100000000)
 Metaspace       used 23641K, capacity 24108K, committed 24316K, reserved 1071104K
  class space    used 2762K, capacity 2953K, committed 3068K, reserved 1048576K
2017-03-07T11:06:20.597+0100: 3,274: [GC (Allocation Failure) 2017-03-07T11:06:20.597+0100: 3,274: [ParNew
Desired survivor size 20112992 bytes, new threshold 8 (max 8)
- age   1:    4625920 bytes,    4625920 total
- age   2:     108544 bytes,    4734464 total
- age   3:     181376 bytes,    4915840 total
- age   4:        376 bytes,    4916216 total
- age   5:     323408 bytes,    5239624 total
- age   6:    1278608 bytes,    6518232 total
- age   7:    6121288 bytes,   12639520 total
: 102516K->14986K(109248K), 0,0127294 secs] 102516K->14986K(502464K), 0,0128061 secs] [Times: user=0,05 sys=0,00, real=0,01 secs] 
Heap after GC invocations=7 (full 1):
 par new generation   total 109248K, used 14986K [0x00000000e0000000, 0x00000000e8000000, 0x00000000e8000000)
  eden space 87424K,   0% used [0x00000000e0000000, 0x00000000e0000000, 0x00000000e5560000)
  from space 21824K,  68% used [0x00000000e6ab0000, 0x00000000e7952838, 0x00000000e8000000)
  to   space 21824K,   0% used [0x00000000e5560000, 0x00000000e5560000, 0x00000000e6ab0000)
 concurrent mark-sweep generation total 393216K, used 0K [0x00000000e8000000, 0x0000000100000000, 0x0000000100000000)
 Metaspace       used 23641K, capacity 24108K, committed 24316K, reserved 1071104K
  class space    used 2762K, capacity 2953K, committed 3068K, reserved 1048576K
}
2017-03-07T11:06:20.610+0100: 3,287: Total time for which application threads were stopped: 0,0131082 seconds, Stopping threads took: 0,0000501 seconds
{Heap before GC invocations=7 (full 1):
 par new generation   total 109248K, used 102410K [0x00000000e0000000, 0x00000000e8000000, 0x00000000e8000000)
  eden space 87424K, 100% used [0x00000000e0000000, 0x00000000e5560000, 0x00000000e5560000)
  from space 21824K,  68% used [0x00000000e6ab0000, 0x00000000e7952838, 0x00000000e8000000)
  to   space 21824K,   0% used [0x00000000e5560000, 0x00000000e5560000, 0x00000000e6ab0000)
 concurrent mark-sweep generation total 393216K, used 0K [0x00000000e8000000, 0x0000000100000000, 0x0000000100000000)
 Metaspace       used 23950K, capacity 24450K, committed 24572K, reserved 1071104K
  class space    used 2823K, capacity 3021K, committed 3068K, reserved 1048576K
2017-03-07T11:06:20.699+0100: 3,376: [GC (Allocation Failure) 2017-03-07T11:06:20.699+0100: 3,376: [ParNew
Desired survivor size 20112992 bytes, new threshold 8 (max 8)
- age   1:    1582520 bytes,    1582520 total
- age   2:    1705264 bytes,    3287784 total
- age   3:      54176 bytes,    3341960 total
- age   4:     101056 bytes,    3443016 total
- age   6:     206112 bytes,    3649128 total
- age   7:     954792 bytes,    4603920 total
- age   8:    5893584 bytes,   10497504 total
: 102410K->15615K(109248K), 0,0123398 secs] 102410K->15615K(502464K), 0,0124254 secs] [Times: user=0,04 sys=0,00, real=0,01 secs] 
Heap after GC invocations=8 (full 1):
 par new generation   total 109248K, used 15615K [0x00000000e0000000, 0x00000000e8000000, 0x00000000e8000000)
  eden space 87424K,   0% used [0x00000000e0000000, 0x00000000e0000000, 0x00000000e5560000)
  from space 21824K,  71% used [0x00000000e5560000, 0x00000000e649fcc0, 0x00000000e6ab0000)
  to   space 21824K,   0% used [0x00000000e6ab0000, 0x00000000e6ab0000, 0x00000000e8000000)
 concurrent mark-sweep generation total 393216K, used 0K [0x00000000e8000000, 0x0000000100000000, 0x0000000100000000)
 Metaspace       used 23950K, capacity 24450K, committed 24572K, reserved 1071104K
  class space    used 2823K, capacity 3021K, committed 3068K, reserved 1048576K
}
2017-03-07T11:06:20.711+0100: 3,388: Total time for which application threads were stopped: 0,0126942 seconds, Stopping threads took: 0,0000869 seconds
{Heap before GC invocations=8 (full 1):
 par new generation   total 109248K, used 103039K [0x00000000e0000000, 0x00000000e8000000, 0x00000000e8000000)
  eden space 87424K, 100% used [0x00000000e0000000, 0x00000000e5560000, 0x00000000e5560000)
  from space 21824K,  71% used [0x00000000e5560000, 0x00000000e649fcc0, 0x00000000e6ab0000)
  to   space 21824K,   0% used [0x00000000e6ab0000, 0x00000000e6ab0000, 0x00000000e8000000)
 concurrent mark-sweep generation total 393216K, used 0K [0x00000000e8000000, 0x0000000100000000, 0x0000000100000000)
 Metaspace       used 24261K, capacity 24812K, committed 25084K, reserved 1071104K
  class space    used 2850K, capacity 3055K, committed 3068K, reserved 1048576K
2017-03-07T11:06:20.775+0100: 3,452: [GC (Allocation Failure) 2017-03-07T11:06:20.775+0100: 3,452: [ParNew
Desired survivor size 20112992 bytes, new threshold 8 (max 8)
- age   1:     754472 bytes,     754472 total
- age   2:     987200 bytes,    1741672 total
- age   3:    1683160 bytes,    3424832 total
- age   4:      54176 bytes,    3479008 total
- age   5:     101056 bytes,    3580064 total
- age   7:     206112 bytes,    3786176 total
- age   8:     954792 bytes,    4740968 total
: 103039K->7748K(109248K), 0,0459834 secs] 103039K->13585K(502464K), 0,0460431 secs] [Times: user=0,13 sys=0,01, real=0,04 secs] 
Heap after GC invocations=9 (full 1):
 par new generation   total 109248K, used 7748K [0x00000000e0000000, 0x00000000e8000000, 0x00000000e8000000)
  eden space 87424K,   0% used [0x00000000e0000000, 0x00000000e0000000, 0x00000000e5560000)
  from space 21824K,  35% used [0x00000000e6ab0000, 0x00000000e7241010, 0x00000000e8000000)
  to   space 21824K,   0% used [0x00000000e5560000, 0x00000000e5560000, 0x00000000e6ab0000)
 concurrent mark-sweep generation total 393216K, used 5837K [0x00000000e8000000, 0x0000000100000000, 0x0000000100000000)
 Metaspace       used 24261K, capacity 24812K, committed 25084K, reserved 1071104K
  class space    used 2850K, capacity 3055K, committed 3068K, reserved 1048576K
}
2017-03-07T11:06:20.821+0100: 3,498: Total time for which application threads were stopped: 0,0464255 seconds, Stopping threads took: 0,0002396 seconds
2017-03-07T11:06:21.180+0100: 3,858: Total time for which application threads were stopped: 0,0004542 seconds, Stopping threads took: 0,0000321 seconds
2017-03-07T11:06:21.197+0100: 3,874: Total time for which application threads were stopped: 0,0003881 seconds, Stopping threads took: 0,0000472 seconds
2017-03-07T11:06:21.257+0100: 3,934: Total time for which application threads were stopped: 0,0006512 seconds, Stopping threads took: 0,0002656 seconds
{Heap before GC invocations=9 (full 1):
 par new generation   total 109248K, used 94207K [0x00000000e0000000, 0x00000000e8000000, 0x00000000e8000000)
  eden space 87424K,  98% used [0x00000000e0000000, 0x00000000e546ee38, 0x00000000e5560000)
  from space 21824K,  35% used [0x00000000e6ab0000, 0x00000000e7241010, 0x00000000e8000000)
  to   space 21824K,   0% used [0x00000000e5560000, 0x00000000e5560000, 0x00000000e6ab0000)
 concurrent mark-sweep generation total 393216K, used 5837K [0x00000000e8000000, 0x0000000100000000, 0x0000000100000000)
 Metaspace       used 27681K, capacity 28224K, committed 28540K, reserved 1075200K
  class space    used 3173K, capacity 3359K, committed 3452K, reserved 1048576K
2017-03-07T11:06:21.360+0100: 4,037: [GC (Allocation Failure) 2017-03-07T11:06:21.360+0100: 4,037: [ParNew
Desired survivor size 20112992 bytes, new threshold 8 (max 8)
- age   1:    9020584 bytes,    9020584 total
- age   2:     149000 bytes,    9169584 total
- age   3:     209568 bytes,    9379152 total
- age   4:    1678048 bytes,   11057200 total
- age   5:      54176 bytes,   11111376 total
- age   6:      98304 bytes,   11209680 total
- age   8:     202768 bytes,   11412448 total
: 94207K->12435K(109248K), 0,0150668 secs] 100045K->19216K(502464K), 0,0151474 secs] [Times: user=0,05 sys=0,00, real=0,02 secs] 
Heap after GC invocations=10 (full 1):
 par new generation   total 109248K, used 12435K [0x00000000e0000000, 0x00000000e8000000, 0x00000000e8000000)
  eden space 87424K,   0% used [0x00000000e0000000, 0x00000000e0000000, 0x00000000e5560000)
  from space 21824K,  56% used [0x00000000e5560000, 0x00000000e6184fd0, 0x00000000e6ab0000)
  to   space 21824K,   0% used [0x00000000e6ab0000, 0x00000000e6ab0000, 0x00000000e8000000)
 concurrent mark-sweep generation total 393216K, used 6780K [0x00000000e8000000, 0x0000000100000000, 0x0000000100000000)
 Metaspace       used 27681K, capacity 28224K, committed 28540K, reserved 1075200K
  class space    used 3173K, capacity 3359K, committed 3452K, reserved 1048576K
}
2017-03-07T11:06:21.375+0100: 4,053: Total time for which application threads were stopped: 0,0155666 seconds, Stopping threads took: 0,0000458 seconds
2017-03-07T11:06:21.399+0100: 4,076: Total time for which application threads were stopped: 0,0003460 seconds, Stopping threads took: 0,0002644 seconds
2017-03-07T11:06:21.401+0100: 4,079: Total time for which application threads were stopped: 0,0001234 seconds, Stopping threads took: 0,0000235 seconds
2017-03-07T11:06:21.403+0100: 4,080: Total time for which application threads were stopped: 0,0001790 seconds, Stopping threads took: 0,0000998 seconds
2017-03-07T11:06:21.403+0100: 4,080: Total time for which application threads were stopped: 0,0000680 seconds, Stopping threads took: 0,0000307 seconds
2017-03-07T11:06:21.406+0100: 4,083: Total time for which application threads were stopped: 0,0024608 seconds, Stopping threads took: 0,0023969 seconds
2017-03-07T11:06:21.406+0100: 4,084: Total time for which application threads were stopped: 0,0000695 seconds, Stopping threads took: 0,0000199 seconds
2017-03-07T11:06:21.408+0100: 4,085: Total time for which application threads were stopped: 0,0000771 seconds, Stopping threads took: 0,0000185 seconds
2017-03-07T11:06:21.409+0100: 4,086: Total time for which application threads were stopped: 0,0000588 seconds, Stopping threads took: 0,0000141 seconds
2017-03-07T11:06:21.412+0100: 4,089: Total time for which application threads were stopped: 0,0000843 seconds, Stopping threads took: 0,0000209 seconds
2017-03-07T11:06:21.412+0100: 4,090: Total time for which application threads were stopped: 0,0000545 seconds, Stopping threads took: 0,0000136 seconds
2017-03-07T11:06:21.419+0100: 4,096: Total time for which application threads were stopped: 0,0000967 seconds, Stopping threads took: 0,0000247 seconds
2017-03-07T11:06:22.419+0100: 5,096: Total time for which application threads were stopped: 0,0000933 seconds, Stopping threads took: 0,0000166 seconds
2017-03-07T11:07:48.918+0100: 92,105: Total time for which application threads were stopped: 0,0000744 seconds, Stopping threads took: 0,0000226 seconds
2017-03-07T11:08:13.920+0100: 117,108: Total time for which application threads were stopped: 0,0000890 seconds, Stopping threads took: 0,0000380 seconds
2017-03-07T11:08:18.921+0100: 122,109: Total time for which application threads were stopped: 0,0002808 seconds, Stopping threads took: 0,0000746 seconds
2017-03-07T11:10:53.936+0100: 277,124: Total time for which application threads were stopped: 0,0000807 seconds, Stopping threads took: 0,0000317 seconds
2017-03-07T11:29:43.052+0100: 1406,240: Total time for which application threads were stopped: 0,0003963 seconds, Stopping threads took: 0,0001411 seconds
2017-03-07T11:34:48.083+0100: 1711,271: Total time for which application threads were stopped: 0,0001572 seconds, Stopping threads took: 0,0000638 seconds
2017-03-07T11:41:54.125+0100: 2137,313: Total time for which application threads were stopped: 0,0004776 seconds, Stopping threads took: 0,0001608 seconds
2017-03-07T11:44:38.141+0100: 2301,329: Total time for which application threads were stopped: 0,0001019 seconds, Stopping threads took: 0,0000361 seconds
2017-03-07T11:44:39.141+0100: 2302,329: Total time for which application threads were stopped: 0,0000714 seconds, Stopping threads took: 0,0000181 seconds
2017-03-07T11:59:34.233+0100: 3197,420: Total time for which application threads were stopped: 0,0001259 seconds, Stopping threads took: 0,0000416 seconds
2017-03-07T12:10:58.307+0100: 3881,495: Total time for which application threads were stopped: 0,0000993 seconds, Stopping threads took: 0,0000409 seconds
2017-03-07T12:11:13.309+0100: 3896,497: Total time for which application threads were stopped: 0,0000835 seconds, Stopping threads took: 0,0000332 seconds
2017-03-07T12:24:54.413+0100: 4717,601: Total time for which application threads were stopped: 0,0000800 seconds, Stopping threads took: 0,0000326 seconds
2017-03-07T12:25:04.414+0100: 4727,602: Total time for which application threads were stopped: 0,0000631 seconds, Stopping threads took: 0,0000149 seconds
2017-03-07T12:54:14.599+0100: 6477,787: Total time for which application threads were stopped: 0,0000926 seconds, Stopping threads took: 0,0000318 seconds
2017-03-07T12:54:19.600+0100: 6482,787: Total time for which application threads were stopped: 0,0000836 seconds, Stopping threads took: 0,0000191 seconds
2017-03-07T13:00:22.258+0100: 6845,446: Total time for which application threads were stopped: 0,0148721 seconds, Stopping threads took: 0,0147795 seconds
2017-03-07T13:00:22.261+0100: 6845,449: Total time for which application threads were stopped: 0,0024921 seconds, Stopping threads took: 0,0023952 seconds
2017-03-07T13:00:22.299+0100: 6845,486: Total time for which application threads were stopped: 0,0011589 seconds, Stopping threads took: 0,0010028 seconds
2017-03-07T13:00:22.301+0100: 6845,489: Total time for which application threads were stopped: 0,0001998 seconds, Stopping threads took: 0,0000561 seconds
Heap
 par new generation   total 109248K, used 43379K [0x00000000e0000000, 0x00000000e8000000, 0x00000000e8000000)
  eden space 87424K,  35% used [0x00000000e0000000, 0x00000000e1e37f90, 0x00000000e5560000)
  from space 21824K,  56% used [0x00000000e5560000, 0x00000000e6184fd0, 0x00000000e6ab0000)
  to   space 21824K,   0% used [0x00000000e6ab0000, 0x00000000e6ab0000, 0x00000000e8000000)
 concurrent mark-sweep generation total 393216K, used 6780K [0x00000000e8000000, 0x0000000100000000, 0x0000000100000000)
 Metaspace       used 28142K, capacity 28686K, committed 28796K, reserved 1075200K
  class space    used 3230K, capacity 3426K, committed 3452K, reserved 1048576K
