OpenJDK 64-Bit Server VM (25.121-b13) for linux-amd64 JRE (1.8.0_121-8u121-b13-0ubuntu1.16.04.2-b13), built on Jan 23 2017 15:51:29 by "buildd" with gcc 5.4.0 20160609
Memory: 4k page, physical 7867760k(7509008k free), swap 8076284k(8076284k free)
CommandLine flags: -XX:CMSInitiatingOccupancyFraction=50 -XX:CMSMaxAbortablePrecleanTime=6000 -XX:+CMSParallelRemarkEnabled -XX:+CMSScavengeBeforeRemark -XX:ConcGCThreads=4 -XX:InitialHeapSize=536870912 -XX:MaxHeapSize=536870912 -XX:MaxTenuringThreshold=8 -XX:NewRatio=3 -XX:OldPLABSize=16 -XX:OnOutOfMemoryError=/opt/solr/bin/oom_solr.sh 8983 /var/solr/logs -XX:ParallelGCThreads=4 -XX:+ParallelRefProcEnabled -XX:PretenureSizeThreshold=67108864 -XX:+PrintGC -XX:+PrintGCApplicationStoppedTime -XX:+PrintGCDateStamps -XX:+PrintGCDetails -XX:+PrintGCTimeStamps -XX:+PrintHeapAtGC -XX:+PrintTenuringDistribution -XX:SurvivorRatio=4 -XX:TargetSurvivorRatio=90 -XX:ThreadStackSize=256 -XX:+UseCMSInitiatingOccupancyOnly -XX:+UseCompressedClassPointers -XX:+UseCompressedOops -XX:+UseConcMarkSweepGC -XX:+UseParNewGC 
2017-03-07T13:17:36.660+0100: 0,152: Total time for which application threads were stopped: 0,0000782 seconds, Stopping threads took: 0,0000112 seconds
2017-03-07T13:17:36.756+0100: 0,249: Total time for which application threads were stopped: 0,0000955 seconds, Stopping threads took: 0,0000152 seconds
2017-03-07T13:17:36.779+0100: 0,272: Total time for which application threads were stopped: 0,0000813 seconds, Stopping threads took: 0,0000106 seconds
2017-03-07T13:17:37.109+0100: 0,601: Total time for which application threads were stopped: 0,0001518 seconds, Stopping threads took: 0,0000201 seconds
2017-03-07T13:17:37.554+0100: 1,046: Total time for which application threads were stopped: 0,0001545 seconds, Stopping threads took: 0,0000162 seconds
2017-03-07T13:17:37.616+0100: 1,108: Total time for which application threads were stopped: 0,0001839 seconds, Stopping threads took: 0,0000359 seconds
2017-03-07T13:17:37.641+0100: 1,133: Total time for which application threads were stopped: 0,0001427 seconds, Stopping threads took: 0,0000181 seconds
2017-03-07T13:17:37.881+0100: 1,373: Total time for which application threads were stopped: 0,0001801 seconds, Stopping threads took: 0,0000123 seconds
2017-03-07T13:17:38.077+0100: 1,569: Total time for which application threads were stopped: 0,0001895 seconds, Stopping threads took: 0,0000122 seconds
2017-03-07T13:17:38.103+0100: 1,595: Total time for which application threads were stopped: 0,0001783 seconds, Stopping threads took: 0,0000198 seconds
2017-03-07T13:17:38.136+0100: 1,629: Total time for which application threads were stopped: 0,0001974 seconds, Stopping threads took: 0,0000205 seconds
2017-03-07T13:17:38.138+0100: 1,630: Total time for which application threads were stopped: 0,0005914 seconds, Stopping threads took: 0,0000127 seconds
2017-03-07T13:17:38.156+0100: 1,648: Total time for which application threads were stopped: 0,0003528 seconds, Stopping threads took: 0,0001091 seconds
2017-03-07T13:17:38.255+0100: 1,747: Total time for which application threads were stopped: 0,0002036 seconds, Stopping threads took: 0,0000187 seconds
2017-03-07T13:17:38.423+0100: 1,916: Total time for which application threads were stopped: 0,0002623 seconds, Stopping threads took: 0,0000398 seconds
{Heap before GC invocations=0 (full 0):
 par new generation   total 109248K, used 87424K [0x00000000e0000000, 0x00000000e8000000, 0x00000000e8000000)
  eden space 87424K, 100% used [0x00000000e0000000, 0x00000000e5560000, 0x00000000e5560000)
  from space 21824K,   0% used [0x00000000e5560000, 0x00000000e5560000, 0x00000000e6ab0000)
  to   space 21824K,   0% used [0x00000000e6ab0000, 0x00000000e6ab0000, 0x00000000e8000000)
 concurrent mark-sweep generation total 393216K, used 0K [0x00000000e8000000, 0x0000000100000000, 0x0000000100000000)
 Metaspace       used 18013K, capacity 18336K, committed 18688K, reserved 1064960K
  class space    used 2036K, capacity 2196K, committed 2304K, reserved 1048576K
2017-03-07T13:17:38.510+0100: 2,002: [GC (Allocation Failure) 2017-03-07T13:17:38.510+0100: 2,002: [ParNew
Desired survivor size 20112992 bytes, new threshold 8 (max 8)
- age   1:   12602008 bytes,   12602008 total
: 87424K->12406K(109248K), 0,0159128 secs] 87424K->12406K(502464K), 0,0159956 secs] [Times: user=0,04 sys=0,02, real=0,01 secs] 
Heap after GC invocations=1 (full 0):
 par new generation   total 109248K, used 12406K [0x00000000e0000000, 0x00000000e8000000, 0x00000000e8000000)
  eden space 87424K,   0% used [0x00000000e0000000, 0x00000000e0000000, 0x00000000e5560000)
  from space 21824K,  56% used [0x00000000e6ab0000, 0x00000000e76cd8b0, 0x00000000e8000000)
  to   space 21824K,   0% used [0x00000000e5560000, 0x00000000e5560000, 0x00000000e6ab0000)
 concurrent mark-sweep generation total 393216K, used 0K [0x00000000e8000000, 0x0000000100000000, 0x0000000100000000)
 Metaspace       used 18013K, capacity 18336K, committed 18688K, reserved 1064960K
  class space    used 2036K, capacity 2196K, committed 2304K, reserved 1048576K
}
2017-03-07T13:17:38.526+0100: 2,018: Total time for which application threads were stopped: 0,0162581 seconds, Stopping threads took: 0,0000537 seconds
2017-03-07T13:17:38.787+0100: 2,280: Total time for which application threads were stopped: 0,0003345 seconds, Stopping threads took: 0,0000507 seconds
2017-03-07T13:17:38.830+0100: 2,323: Total time for which application threads were stopped: 0,0009640 seconds, Stopping threads took: 0,0006751 seconds
{Heap before GC invocations=1 (full 0):
 par new generation   total 109248K, used 99830K [0x00000000e0000000, 0x00000000e8000000, 0x00000000e8000000)
  eden space 87424K, 100% used [0x00000000e0000000, 0x00000000e5560000, 0x00000000e5560000)
  from space 21824K,  56% used [0x00000000e6ab0000, 0x00000000e76cd8b0, 0x00000000e8000000)
  to   space 21824K,   0% used [0x00000000e5560000, 0x00000000e5560000, 0x00000000e6ab0000)
 concurrent mark-sweep generation total 393216K, used 0K [0x00000000e8000000, 0x0000000100000000, 0x0000000100000000)
 Metaspace       used 20046K, capacity 20362K, committed 20736K, reserved 1067008K
  class space    used 2297K, capacity 2469K, committed 2560K, reserved 1048576K
2017-03-07T13:17:38.834+0100: 2,327: [GC (Allocation Failure) 2017-03-07T13:17:38.834+0100: 2,327: [ParNew
Desired survivor size 20112992 bytes, new threshold 8 (max 8)
- age   1:    3466576 bytes,    3466576 total
- age   2:    6663840 bytes,   10130416 total
: 99830K->11839K(109248K), 0,0137722 secs] 99830K->11839K(502464K), 0,0138557 secs] [Times: user=0,06 sys=0,00, real=0,01 secs] 
Heap after GC invocations=2 (full 0):
 par new generation   total 109248K, used 11839K [0x00000000e0000000, 0x00000000e8000000, 0x00000000e8000000)
  eden space 87424K,   0% used [0x00000000e0000000, 0x00000000e0000000, 0x00000000e5560000)
  from space 21824K,  54% used [0x00000000e5560000, 0x00000000e60efe00, 0x00000000e6ab0000)
  to   space 21824K,   0% used [0x00000000e6ab0000, 0x00000000e6ab0000, 0x00000000e8000000)
 concurrent mark-sweep generation total 393216K, used 0K [0x00000000e8000000, 0x0000000100000000, 0x0000000100000000)
 Metaspace       used 20046K, capacity 20362K, committed 20736K, reserved 1067008K
  class space    used 2297K, capacity 2469K, committed 2560K, reserved 1048576K
}
2017-03-07T13:17:38.848+0100: 2,341: Total time for which application threads were stopped: 0,0141101 seconds, Stopping threads took: 0,0001027 seconds
2017-03-07T13:17:38.879+0100: 2,371: Total time for which application threads were stopped: 0,0004459 seconds, Stopping threads took: 0,0001413 seconds
2017-03-07T13:17:39.025+0100: 2,517: Total time for which application threads were stopped: 0,0001946 seconds, Stopping threads took: 0,0000455 seconds
{Heap before GC invocations=2 (full 0):
 par new generation   total 109248K, used 99263K [0x00000000e0000000, 0x00000000e8000000, 0x00000000e8000000)
  eden space 87424K, 100% used [0x00000000e0000000, 0x00000000e5560000, 0x00000000e5560000)
  from space 21824K,  54% used [0x00000000e5560000, 0x00000000e60efe00, 0x00000000e6ab0000)
  to   space 21824K,   0% used [0x00000000e6ab0000, 0x00000000e6ab0000, 0x00000000e8000000)
 concurrent mark-sweep generation total 393216K, used 0K [0x00000000e8000000, 0x0000000100000000, 0x0000000100000000)
 Metaspace       used 20958K, capacity 21284K, committed 21552K, reserved 1069056K
  class space    used 2418K, capacity 2588K, committed 2608K, reserved 1048576K
2017-03-07T13:17:39.054+0100: 2,546: [GC (Allocation Failure) 2017-03-07T13:17:39.054+0100: 2,546: [ParNew
Desired survivor size 20112992 bytes, new threshold 8 (max 8)
- age   1:    2154456 bytes,    2154456 total
- age   2:     853760 bytes,    3008216 total
- age   3:    6659184 bytes,    9667400 total
: 99263K->11741K(109248K), 0,0148847 secs] 99263K->11741K(502464K), 0,0149604 secs] [Times: user=0,06 sys=0,00, real=0,01 secs] 
Heap after GC invocations=3 (full 0):
 par new generation   total 109248K, used 11741K [0x00000000e0000000, 0x00000000e8000000, 0x00000000e8000000)
  eden space 87424K,   0% used [0x00000000e0000000, 0x00000000e0000000, 0x00000000e5560000)
  from space 21824K,  53% used [0x00000000e6ab0000, 0x00000000e76274d8, 0x00000000e8000000)
  to   space 21824K,   0% used [0x00000000e5560000, 0x00000000e5560000, 0x00000000e6ab0000)
 concurrent mark-sweep generation total 393216K, used 0K [0x00000000e8000000, 0x0000000100000000, 0x0000000100000000)
 Metaspace       used 20958K, capacity 21284K, committed 21552K, reserved 1069056K
  class space    used 2418K, capacity 2588K, committed 2608K, reserved 1048576K
}
2017-03-07T13:17:39.069+0100: 2,561: Total time for which application threads were stopped: 0,0182994 seconds, Stopping threads took: 0,0032034 seconds
2017-03-07T13:17:39.071+0100: 2,563: [GC (CMS Initial Mark) [1 CMS-initial-mark: 0K(393216K)] 13921K(502464K), 0,0043875 secs] [Times: user=0,01 sys=0,00, real=0,01 secs] 
2017-03-07T13:17:39.076+0100: 2,568: Total time for which application threads were stopped: 0,0045628 seconds, Stopping threads took: 0,0000683 seconds
2017-03-07T13:17:39.076+0100: 2,568: [CMS-concurrent-mark-start]
2017-03-07T13:17:39.076+0100: 2,568: [CMS-concurrent-mark: 0,000/0,000 secs] [Times: user=0,00 sys=0,00, real=0,00 secs] 
2017-03-07T13:17:39.076+0100: 2,568: [CMS-concurrent-preclean-start]
2017-03-07T13:17:39.077+0100: 2,569: [CMS-concurrent-preclean: 0,001/0,001 secs] [Times: user=0,01 sys=0,00, real=0,00 secs] 
2017-03-07T13:17:39.077+0100: 2,569: [CMS-concurrent-abortable-preclean-start]
2017-03-07T13:17:39.170+0100: 2,662: Total time for which application threads were stopped: 0,0011015 seconds, Stopping threads took: 0,0010078 seconds
{Heap before GC invocations=3 (full 1):
 par new generation   total 109248K, used 99165K [0x00000000e0000000, 0x00000000e8000000, 0x00000000e8000000)
  eden space 87424K, 100% used [0x00000000e0000000, 0x00000000e5560000, 0x00000000e5560000)
  from space 21824K,  53% used [0x00000000e6ab0000, 0x00000000e76274d8, 0x00000000e8000000)
  to   space 21824K,   0% used [0x00000000e5560000, 0x00000000e5560000, 0x00000000e6ab0000)
 concurrent mark-sweep generation total 393216K, used 0K [0x00000000e8000000, 0x0000000100000000, 0x0000000100000000)
 Metaspace       used 21245K, capacity 21630K, committed 21884K, reserved 1069056K
  class space    used 2447K, capacity 2604K, committed 2608K, reserved 1048576K
2017-03-07T13:17:39.189+0100: 2,682: [GC (Allocation Failure) 2017-03-07T13:17:39.189+0100: 2,682: [ParNew
Desired survivor size 20112992 bytes, new threshold 8 (max 8)
- age   1:     854136 bytes,     854136 total
- age   2:    1448208 bytes,    2302344 total
- age   3:     822352 bytes,    3124696 total
- age   4:    6659328 bytes,    9784024 total
: 99165K->11786K(109248K), 0,0101965 secs] 99165K->11786K(502464K), 0,0102629 secs] [Times: user=0,04 sys=0,00, real=0,01 secs] 
Heap after GC invocations=4 (full 1):
 par new generation   total 109248K, used 11786K [0x00000000e0000000, 0x00000000e8000000, 0x00000000e8000000)
  eden space 87424K,   0% used [0x00000000e0000000, 0x00000000e0000000, 0x00000000e5560000)
  from space 21824K,  54% used [0x00000000e5560000, 0x00000000e60e2860, 0x00000000e6ab0000)
  to   space 21824K,   0% used [0x00000000e6ab0000, 0x00000000e6ab0000, 0x00000000e8000000)
 concurrent mark-sweep generation total 393216K, used 0K [0x00000000e8000000, 0x0000000100000000, 0x0000000100000000)
 Metaspace       used 21245K, capacity 21630K, committed 21884K, reserved 1069056K
  class space    used 2447K, capacity 2604K, committed 2608K, reserved 1048576K
}
2017-03-07T13:17:39.200+0100: 2,692: Total time for which application threads were stopped: 0,0104785 seconds, Stopping threads took: 0,0000588 seconds
2017-03-07T13:17:39.200+0100: 2,692: [CMS-concurrent-abortable-preclean: 0,093/0,122 secs] [Times: user=0,46 sys=0,01, real=0,12 secs] 
2017-03-07T13:17:39.200+0100: 2,692: [GC (CMS Final Remark) [YG occupancy: 12684 K (109248 K)]{Heap before GC invocations=4 (full 1):
 par new generation   total 109248K, used 12684K [0x00000000e0000000, 0x00000000e8000000, 0x00000000e8000000)
  eden space 87424K,   1% used [0x00000000e0000000, 0x00000000e00e0b60, 0x00000000e5560000)
  from space 21824K,  54% used [0x00000000e5560000, 0x00000000e60e2860, 0x00000000e6ab0000)
  to   space 21824K,   0% used [0x00000000e6ab0000, 0x00000000e6ab0000, 0x00000000e8000000)
 concurrent mark-sweep generation total 393216K, used 0K [0x00000000e8000000, 0x0000000100000000, 0x0000000100000000)
 Metaspace       used 21245K, capacity 21630K, committed 21884K, reserved 1069056K
  class space    used 2447K, capacity 2604K, committed 2608K, reserved 1048576K
2017-03-07T13:17:39.200+0100: 2,692: [GC (CMS Final Remark) 2017-03-07T13:17:39.200+0100: 2,692: [ParNew
Desired survivor size 20112992 bytes, new threshold 8 (max 8)
- age   1:      33104 bytes,      33104 total
- age   2:     541520 bytes,     574624 total
- age   3:    1448208 bytes,    2022832 total
- age   4:     822352 bytes,    2845184 total
- age   5:    6659184 bytes,    9504368 total
: 12684K->14284K(109248K), 0,0105114 secs] 12684K->14284K(502464K), 0,0105515 secs] [Times: user=0,03 sys=0,00, real=0,01 secs] 
Heap after GC invocations=5 (full 1):
 par new generation   total 109248K, used 14284K [0x00000000e0000000, 0x00000000e8000000, 0x00000000e8000000)
  eden space 87424K,   0% used [0x00000000e0000000, 0x00000000e0000000, 0x00000000e5560000)
  from space 21824K,  65% used [0x00000000e6ab0000, 0x00000000e78a3320, 0x00000000e8000000)
  to   space 21824K,   0% used [0x00000000e5560000, 0x00000000e5560000, 0x00000000e6ab0000)
 concurrent mark-sweep generation total 393216K, used 0K [0x00000000e8000000, 0x0000000100000000, 0x0000000100000000)
 Metaspace       used 21245K, capacity 21630K, committed 21884K, reserved 1069056K
  class space    used 2447K, capacity 2604K, committed 2608K, reserved 1048576K
}
2017-03-07T13:17:39.211+0100: 2,703: [Rescan (parallel) , 0,0032595 secs]2017-03-07T13:17:39.214+0100: 2,706: [weak refs processing, 0,0013798 secs]2017-03-07T13:17:39.215+0100: 2,708: [class unloading, 0,0028093 secs]2017-03-07T13:17:39.218+0100: 2,710: [scrub symbol table, 0,0026073 secs]2017-03-07T13:17:39.221+0100: 2,713: [scrub string table, 0,0003649 secs][1 CMS-remark: 0K(393216K)] 14284K(502464K), 0,0216388 secs] [Times: user=0,05 sys=0,00, real=0,02 secs] 
2017-03-07T13:17:39.222+0100: 2,714: Total time for which application threads were stopped: 0,0217555 seconds, Stopping threads took: 0,0000363 seconds
2017-03-07T13:17:39.222+0100: 2,714: [CMS-concurrent-sweep-start]
2017-03-07T13:17:39.222+0100: 2,714: [CMS-concurrent-sweep: 0,000/0,000 secs] [Times: user=0,00 sys=0,00, real=0,00 secs] 
2017-03-07T13:17:39.222+0100: 2,714: [CMS-concurrent-reset-start]
2017-03-07T13:17:39.230+0100: 2,723: [CMS-concurrent-reset: 0,009/0,009 secs] [Times: user=0,03 sys=0,01, real=0,01 secs] 
{Heap before GC invocations=5 (full 1):
 par new generation   total 109248K, used 101708K [0x00000000e0000000, 0x00000000e8000000, 0x00000000e8000000)
  eden space 87424K, 100% used [0x00000000e0000000, 0x00000000e5560000, 0x00000000e5560000)
  from space 21824K,  65% used [0x00000000e6ab0000, 0x00000000e78a3320, 0x00000000e8000000)
  to   space 21824K,   0% used [0x00000000e5560000, 0x00000000e5560000, 0x00000000e6ab0000)
 concurrent mark-sweep generation total 393216K, used 0K [0x00000000e8000000, 0x0000000100000000, 0x0000000100000000)
 Metaspace       used 21392K, capacity 21802K, committed 22012K, reserved 1069056K
  class space    used 2468K, capacity 2638K, committed 2736K, reserved 1048576K
2017-03-07T13:17:39.317+0100: 2,809: [GC (Allocation Failure) 2017-03-07T13:17:39.317+0100: 2,809: [ParNew
Desired survivor size 20112992 bytes, new threshold 8 (max 8)
- age   1:     396408 bytes,     396408 total
- age   2:        136 bytes,     396544 total
- age   3:     181096 bytes,     577640 total
- age   4:    1447800 bytes,    2025440 total
- age   5:     818368 bytes,    2843808 total
- age   6:    6659712 bytes,    9503520 total
: 101708K->11752K(109248K), 0,0108558 secs] 101708K->11752K(502464K), 0,0109276 secs] [Times: user=0,04 sys=0,00, real=0,01 secs] 
Heap after GC invocations=6 (full 1):
 par new generation   total 109248K, used 11752K [0x00000000e0000000, 0x00000000e8000000, 0x00000000e8000000)
  eden space 87424K,   0% used [0x00000000e0000000, 0x00000000e0000000, 0x00000000e5560000)
  from space 21824K,  53% used [0x00000000e5560000, 0x00000000e60da3e0, 0x00000000e6ab0000)
  to   space 21824K,   0% used [0x00000000e6ab0000, 0x00000000e6ab0000, 0x00000000e8000000)
 concurrent mark-sweep generation total 393216K, used 0K [0x00000000e8000000, 0x0000000100000000, 0x0000000100000000)
 Metaspace       used 21392K, capacity 21802K, committed 22012K, reserved 1069056K
  class space    used 2468K, capacity 2638K, committed 2736K, reserved 1048576K
}
2017-03-07T13:17:39.328+0100: 2,820: Total time for which application threads were stopped: 0,0111299 seconds, Stopping threads took: 0,0000609 seconds
2017-03-07T13:17:39.365+0100: 2,857: Total time for which application threads were stopped: 0,0003250 seconds, Stopping threads took: 0,0000190 seconds
2017-03-07T13:17:39.565+0100: 3,058: Total time for which application threads were stopped: 0,0004628 seconds, Stopping threads took: 0,0000572 seconds
2017-03-07T13:17:39.580+0100: 3,073: Total time for which application threads were stopped: 0,0004141 seconds, Stopping threads took: 0,0000388 seconds
{Heap before GC invocations=6 (full 1):
 par new generation   total 109248K, used 99176K [0x00000000e0000000, 0x00000000e8000000, 0x00000000e8000000)
  eden space 87424K, 100% used [0x00000000e0000000, 0x00000000e5560000, 0x00000000e5560000)
  from space 21824K,  53% used [0x00000000e5560000, 0x00000000e60da3e0, 0x00000000e6ab0000)
  to   space 21824K,   0% used [0x00000000e6ab0000, 0x00000000e6ab0000, 0x00000000e8000000)
 concurrent mark-sweep generation total 393216K, used 0K [0x00000000e8000000, 0x0000000100000000, 0x0000000100000000)
 Metaspace       used 23920K, capacity 24402K, committed 24624K, reserved 1071104K
  class space    used 2825K, capacity 3014K, committed 3120K, reserved 1048576K
2017-03-07T13:17:39.721+0100: 3,213: [GC (Allocation Failure) 2017-03-07T13:17:39.721+0100: 3,214: [ParNew
Desired survivor size 20112992 bytes, new threshold 8 (max 8)
- age   1:    5229296 bytes,    5229296 total
- age   2:     128720 bytes,    5358016 total
- age   3:        136 bytes,    5358152 total
- age   4:     179688 bytes,    5537840 total
- age   5:     278232 bytes,    5816072 total
- age   6:     794072 bytes,    6610144 total
- age   7:    6651064 bytes,   13261208 total
: 99176K->16271K(109248K), 0,0143257 secs] 99176K->16271K(502464K), 0,0143947 secs] [Times: user=0,06 sys=0,00, real=0,02 secs] 
Heap after GC invocations=7 (full 1):
 par new generation   total 109248K, used 16271K [0x00000000e0000000, 0x00000000e8000000, 0x00000000e8000000)
  eden space 87424K,   0% used [0x00000000e0000000, 0x00000000e0000000, 0x00000000e5560000)
  from space 21824K,  74% used [0x00000000e6ab0000, 0x00000000e7a93c40, 0x00000000e8000000)
  to   space 21824K,   0% used [0x00000000e5560000, 0x00000000e5560000, 0x00000000e6ab0000)
 concurrent mark-sweep generation total 393216K, used 0K [0x00000000e8000000, 0x0000000100000000, 0x0000000100000000)
 Metaspace       used 23920K, capacity 24402K, committed 24624K, reserved 1071104K
  class space    used 2825K, capacity 3014K, committed 3120K, reserved 1048576K
}
2017-03-07T13:17:39.736+0100: 3,228: Total time for which application threads were stopped: 0,0146397 seconds, Stopping threads took: 0,0000523 seconds
{Heap before GC invocations=7 (full 1):
 par new generation   total 109248K, used 103695K [0x00000000e0000000, 0x00000000e8000000, 0x00000000e8000000)
  eden space 87424K, 100% used [0x00000000e0000000, 0x00000000e5560000, 0x00000000e5560000)
  from space 21824K,  74% used [0x00000000e6ab0000, 0x00000000e7a93c40, 0x00000000e8000000)
  to   space 21824K,   0% used [0x00000000e5560000, 0x00000000e5560000, 0x00000000e6ab0000)
 concurrent mark-sweep generation total 393216K, used 0K [0x00000000e8000000, 0x0000000100000000, 0x0000000100000000)
 Metaspace       used 24447K, capacity 24952K, committed 25136K, reserved 1071104K
  class space    used 2865K, capacity 3047K, committed 3120K, reserved 1048576K
2017-03-07T13:17:39.846+0100: 3,338: [GC (Allocation Failure) 2017-03-07T13:17:39.846+0100: 3,339: [ParNew
Desired survivor size 20112992 bytes, new threshold 8 (max 8)
- age   1:    2114008 bytes,    2114008 total
- age   2:    1722584 bytes,    3836592 total
- age   3:      73352 bytes,    3909944 total
- age   4:        136 bytes,    3910080 total
- age   5:     102752 bytes,    4012832 total
- age   6:     190856 bytes,    4203688 total
- age   7:     742112 bytes,    4945800 total
- age   8:    6117520 bytes,   11063320 total
: 103695K->20556K(109248K), 0,0197057 secs] 103695K->20556K(502464K), 0,0197879 secs] [Times: user=0,07 sys=0,00, real=0,01 secs] 
Heap after GC invocations=8 (full 1):
 par new generation   total 109248K, used 20556K [0x00000000e0000000, 0x00000000e8000000, 0x00000000e8000000)
  eden space 87424K,   0% used [0x00000000e0000000, 0x00000000e0000000, 0x00000000e5560000)
  from space 21824K,  94% used [0x00000000e5560000, 0x00000000e69730d8, 0x00000000e6ab0000)
  to   space 21824K,   0% used [0x00000000e6ab0000, 0x00000000e6ab0000, 0x00000000e8000000)
 concurrent mark-sweep generation total 393216K, used 0K [0x00000000e8000000, 0x0000000100000000, 0x0000000100000000)
 Metaspace       used 24447K, capacity 24952K, committed 25136K, reserved 1071104K
  class space    used 2865K, capacity 3047K, committed 3120K, reserved 1048576K
}
2017-03-07T13:17:39.866+0100: 3,358: Total time for which application threads were stopped: 0,0204787 seconds, Stopping threads took: 0,0005113 seconds
{Heap before GC invocations=8 (full 1):
 par new generation   total 109248K, used 107980K [0x00000000e0000000, 0x00000000e8000000, 0x00000000e8000000)
  eden space 87424K, 100% used [0x00000000e0000000, 0x00000000e5560000, 0x00000000e5560000)
  from space 21824K,  94% used [0x00000000e5560000, 0x00000000e69730d8, 0x00000000e6ab0000)
  to   space 21824K,   0% used [0x00000000e6ab0000, 0x00000000e6ab0000, 0x00000000e8000000)
 concurrent mark-sweep generation total 393216K, used 0K [0x00000000e8000000, 0x0000000100000000, 0x0000000100000000)
 Metaspace       used 24940K, capacity 25394K, committed 25648K, reserved 1071104K
  class space    used 2909K, capacity 3084K, committed 3120K, reserved 1048576K
2017-03-07T13:17:39.952+0100: 3,445: [GC (Allocation Failure) 2017-03-07T13:17:39.952+0100: 3,445: [ParNew
Desired survivor size 20112992 bytes, new threshold 8 (max 8)
- age   1:     766320 bytes,     766320 total
- age   2:     990896 bytes,    1757216 total
- age   3:    1711816 bytes,    3469032 total
- age   4:      70968 bytes,    3540000 total
- age   5:        136 bytes,    3540136 total
- age   6:     102488 bytes,    3642624 total
- age   7:     187592 bytes,    3830216 total
- age   8:     740480 bytes,    4570696 total
: 107980K->6202K(109248K), 0,0275379 secs] 107980K->12259K(502464K), 0,0276042 secs] [Times: user=0,10 sys=0,00, real=0,03 secs] 
Heap after GC invocations=9 (full 1):
 par new generation   total 109248K, used 6202K [0x00000000e0000000, 0x00000000e8000000, 0x00000000e8000000)
  eden space 87424K,   0% used [0x00000000e0000000, 0x00000000e0000000, 0x00000000e5560000)
  from space 21824K,  28% used [0x00000000e6ab0000, 0x00000000e70bebb8, 0x00000000e8000000)
  to   space 21824K,   0% used [0x00000000e5560000, 0x00000000e5560000, 0x00000000e6ab0000)
 concurrent mark-sweep generation total 393216K, used 6056K [0x00000000e8000000, 0x0000000100000000, 0x0000000100000000)
 Metaspace       used 24940K, capacity 25394K, committed 25648K, reserved 1071104K
  class space    used 2909K, capacity 3084K, committed 3120K, reserved 1048576K
}
2017-03-07T13:17:39.980+0100: 3,472: Total time for which application threads were stopped: 0,0286660 seconds, Stopping threads took: 0,0009186 seconds
2017-03-07T13:17:40.132+0100: 3,624: Total time for which application threads were stopped: 0,0004466 seconds, Stopping threads took: 0,0000422 seconds
2017-03-07T13:17:40.236+0100: 3,729: Total time for which application threads were stopped: 0,0004305 seconds, Stopping threads took: 0,0000237 seconds
2017-03-07T13:17:40.252+0100: 3,744: Total time for which application threads were stopped: 0,0004146 seconds, Stopping threads took: 0,0000210 seconds
2017-03-07T13:17:40.315+0100: 3,807: Total time for which application threads were stopped: 0,0005410 seconds, Stopping threads took: 0,0000394 seconds
2017-03-07T13:17:40.425+0100: 3,917: Total time for which application threads were stopped: 0,0004619 seconds, Stopping threads took: 0,0000471 seconds
2017-03-07T13:17:40.562+0100: 4,054: Total time for which application threads were stopped: 0,0003238 seconds, Stopping threads took: 0,0000163 seconds
2017-03-07T13:17:43.562+0100: 7,055: Total time for which application threads were stopped: 0,0000593 seconds, Stopping threads took: 0,0000150 seconds
2017-03-07T13:17:58.564+0100: 22,057: Total time for which application threads were stopped: 0,0000797 seconds, Stopping threads took: 0,0000315 seconds
2017-03-07T13:19:06.147+0100: 32,118: Total time for which application threads were stopped: 0,0000686 seconds, Stopping threads took: 0,0000224 seconds
2017-03-07T13:20:26.925+0100: 112,129: Total time for which application threads were stopped: 0,0000997 seconds, Stopping threads took: 0,0000396 seconds
2017-03-07T13:21:06.931+0100: 152,135: Total time for which application threads were stopped: 0,0001600 seconds, Stopping threads took: 0,0000605 seconds
2017-03-07T13:21:11.932+0100: 157,136: Total time for which application threads were stopped: 0,0001477 seconds, Stopping threads took: 0,0000353 seconds
2017-03-07T13:21:16.933+0100: 162,137: Total time for which application threads were stopped: 0,0000750 seconds, Stopping threads took: 0,0000191 seconds
2017-03-07T13:21:21.934+0100: 167,138: Total time for which application threads were stopped: 0,0000780 seconds, Stopping threads took: 0,0000292 seconds
2017-03-07T13:21:26.935+0100: 172,139: Total time for which application threads were stopped: 0,0001896 seconds, Stopping threads took: 0,0000685 seconds
{Heap before GC invocations=9 (full 1):
 par new generation   total 109248K, used 93626K [0x00000000e0000000, 0x00000000e8000000, 0x00000000e8000000)
  eden space 87424K, 100% used [0x00000000e0000000, 0x00000000e5560000, 0x00000000e5560000)
  from space 21824K,  28% used [0x00000000e6ab0000, 0x00000000e70bebb8, 0x00000000e8000000)
  to   space 21824K,   0% used [0x00000000e5560000, 0x00000000e5560000, 0x00000000e6ab0000)
 concurrent mark-sweep generation total 393216K, used 6056K [0x00000000e8000000, 0x0000000100000000, 0x0000000100000000)
 Metaspace       used 28026K, capacity 28556K, committed 28848K, reserved 1075200K
  class space    used 3214K, capacity 3389K, committed 3504K, reserved 1048576K
2017-03-07T13:21:31.921+0100: 177,125: [GC (Allocation Failure) 2017-03-07T13:21:31.921+0100: 177,125: [ParNew
Desired survivor size 20112992 bytes, new threshold 8 (max 8)
- age   1:   10645984 bytes,   10645984 total
- age   2:     263896 bytes,   10909880 total
- age   3:     212256 bytes,   11122136 total
- age   4:    1707248 bytes,   12829384 total
- age   5:      70968 bytes,   12900352 total
- age   6:        136 bytes,   12900488 total
- age   7:     102360 bytes,   13002848 total
- age   8:     187496 bytes,   13190344 total
: 93626K->13833K(109248K), 0,0244764 secs] 99683K->20705K(502464K), 0,0246103 secs] [Times: user=0,08 sys=0,00, real=0,03 secs] 
Heap after GC invocations=10 (full 1):
 par new generation   total 109248K, used 13833K [0x00000000e0000000, 0x00000000e8000000, 0x00000000e8000000)
  eden space 87424K,   0% used [0x00000000e0000000, 0x00000000e0000000, 0x00000000e5560000)
  from space 21824K,  63% used [0x00000000e5560000, 0x00000000e62e2710, 0x00000000e6ab0000)
  to   space 21824K,   0% used [0x00000000e6ab0000, 0x00000000e6ab0000, 0x00000000e8000000)
 concurrent mark-sweep generation total 393216K, used 6871K [0x00000000e8000000, 0x0000000100000000, 0x0000000100000000)
 Metaspace       used 28026K, capacity 28556K, committed 28848K, reserved 1075200K
  class space    used 3214K, capacity 3389K, committed 3504K, reserved 1048576K
}
2017-03-07T13:21:31.946+0100: 177,150: Total time for which application threads were stopped: 0,0249315 seconds, Stopping threads took: 0,0000938 seconds
2017-03-07T13:21:32.946+0100: 178,150: Total time for which application threads were stopped: 0,0001582 seconds, Stopping threads took: 0,0000365 seconds
2017-03-07T13:21:36.947+0100: 182,151: Total time for which application threads were stopped: 0,0001822 seconds, Stopping threads took: 0,0000647 seconds
2017-03-07T13:22:01.952+0100: 207,155: Total time for which application threads were stopped: 0,0001747 seconds, Stopping threads took: 0,0000611 seconds
2017-03-07T13:29:17.163+0100: 247,726: Total time for which application threads were stopped: 0,0000829 seconds, Stopping threads took: 0,0000261 seconds
2017-03-07T13:29:37.166+0100: 267,729: Total time for which application threads were stopped: 0,0001713 seconds, Stopping threads took: 0,0000539 seconds
2017-03-07T13:29:42.167+0100: 272,730: Total time for which application threads were stopped: 0,0000784 seconds, Stopping threads took: 0,0000170 seconds
2017-03-07T13:29:47.168+0100: 277,731: Total time for which application threads were stopped: 0,0001616 seconds, Stopping threads took: 0,0000570 seconds
2017-03-07T13:30:12.172+0100: 302,735: Total time for which application threads were stopped: 0,0001704 seconds, Stopping threads took: 0,0000643 seconds
2017-03-07T13:30:22.174+0100: 312,737: Total time for which application threads were stopped: 0,0000731 seconds, Stopping threads took: 0,0000156 seconds
2017-03-07T14:02:13.029+0100: 1417,834: Total time for which application threads were stopped: 0,0002124 seconds, Stopping threads took: 0,0000668 seconds
2017-03-07T14:06:58.070+0100: 1702,875: Total time for which application threads were stopped: 0,0001020 seconds, Stopping threads took: 0,0000379 seconds
2017-03-07T14:09:51.012+0100: 1875,816: Total time for which application threads were stopped: 0,0000635 seconds, Stopping threads took: 0,0000122 seconds
2017-03-07T14:09:51.018+0100: 1875,823: Total time for which application threads were stopped: 0,0005195 seconds, Stopping threads took: 0,0000938 seconds
2017-03-07T14:09:51.046+0100: 1875,851: Total time for which application threads were stopped: 0,0004344 seconds, Stopping threads took: 0,0000178 seconds
2017-03-07T14:09:51.061+0100: 1875,866: Total time for which application threads were stopped: 0,0000851 seconds, Stopping threads took: 0,0000258 seconds
2017-03-07T14:09:51.061+0100: 1875,866: Total time for which application threads were stopped: 0,0000395 seconds, Stopping threads took: 0,0000092 seconds
2017-03-07T14:09:51.116+0100: 1875,921: Total time for which application threads were stopped: 0,0001047 seconds, Stopping threads took: 0,0000399 seconds
2017-03-07T14:09:51.118+0100: 1875,922: Total time for which application threads were stopped: 0,0016423 seconds, Stopping threads took: 0,0015740 seconds
2017-03-07T14:09:51.295+0100: 1876,099: Total time for which application threads were stopped: 0,0000958 seconds, Stopping threads took: 0,0000264 seconds
2017-03-07T14:09:51.299+0100: 1876,104: Total time for which application threads were stopped: 0,0001016 seconds, Stopping threads took: 0,0000225 seconds
2017-03-07T14:09:51.400+0100: 1876,204: Total time for which application threads were stopped: 0,0001025 seconds, Stopping threads took: 0,0000324 seconds
2017-03-07T14:09:51.437+0100: 1876,241: Total time for which application threads were stopped: 0,0001103 seconds, Stopping threads took: 0,0000322 seconds
2017-03-07T14:09:51.566+0100: 1876,370: Total time for which application threads were stopped: 0,0001586 seconds, Stopping threads took: 0,0000541 seconds
2017-03-07T14:09:52.566+0100: 1877,370: Total time for which application threads were stopped: 0,0001098 seconds, Stopping threads took: 0,0000188 seconds
2017-03-07T14:09:53.566+0100: 1878,371: Total time for which application threads were stopped: 0,0000813 seconds, Stopping threads took: 0,0000151 seconds
2017-03-07T14:10:05.916+0100: 1890,721: Total time for which application threads were stopped: 0,0000881 seconds, Stopping threads took: 0,0000167 seconds
2017-03-07T14:10:39.774+0100: 1924,579: Total time for which application threads were stopped: 0,0001386 seconds, Stopping threads took: 0,0000471 seconds
2017-03-07T14:10:39.775+0100: 1924,579: Total time for which application threads were stopped: 0,0000886 seconds, Stopping threads took: 0,0000415 seconds
2017-03-07T14:10:39.777+0100: 1924,582: Total time for which application threads were stopped: 0,0001724 seconds, Stopping threads took: 0,0000746 seconds
2017-03-07T14:10:39.777+0100: 1924,582: Total time for which application threads were stopped: 0,0000731 seconds, Stopping threads took: 0,0000131 seconds
2017-03-07T14:10:39.777+0100: 1924,582: Total time for which application threads were stopped: 0,0000776 seconds, Stopping threads took: 0,0000122 seconds
2017-03-07T14:10:39.778+0100: 1924,582: Total time for which application threads were stopped: 0,0000602 seconds, Stopping threads took: 0,0000109 seconds
2017-03-07T14:10:39.778+0100: 1924,582: Total time for which application threads were stopped: 0,0000513 seconds, Stopping threads took: 0,0000105 seconds
2017-03-07T14:10:39.778+0100: 1924,582: Total time for which application threads were stopped: 0,0000542 seconds, Stopping threads took: 0,0000095 seconds
2017-03-07T14:10:39.778+0100: 1924,583: Total time for which application threads were stopped: 0,0000560 seconds, Stopping threads took: 0,0000106 seconds
2017-03-07T14:10:39.778+0100: 1924,583: Total time for which application threads were stopped: 0,0000414 seconds, Stopping threads took: 0,0000120 seconds
2017-03-07T14:10:39.778+0100: 1924,583: Total time for which application threads were stopped: 0,0000350 seconds, Stopping threads took: 0,0000096 seconds
2017-03-07T14:10:39.778+0100: 1924,583: Total time for which application threads were stopped: 0,0000644 seconds, Stopping threads took: 0,0000156 seconds
2017-03-07T14:10:39.779+0100: 1924,584: Total time for which application threads were stopped: 0,0000733 seconds, Stopping threads took: 0,0000173 seconds
2017-03-07T14:10:39.779+0100: 1924,584: Total time for which application threads were stopped: 0,0000489 seconds, Stopping threads took: 0,0000111 seconds
2017-03-07T14:10:39.779+0100: 1924,584: Total time for which application threads were stopped: 0,0000528 seconds, Stopping threads took: 0,0000132 seconds
2017-03-07T14:10:39.779+0100: 1924,584: Total time for which application threads were stopped: 0,0000430 seconds, Stopping threads took: 0,0000093 seconds
2017-03-07T14:10:39.781+0100: 1924,586: Total time for which application threads were stopped: 0,0018127 seconds, Stopping threads took: 0,0001522 seconds
2017-03-07T14:10:39.783+0100: 1924,587: Total time for which application threads were stopped: 0,0000687 seconds, Stopping threads took: 0,0000131 seconds
2017-03-07T14:10:39.783+0100: 1924,587: Total time for which application threads were stopped: 0,0000481 seconds, Stopping threads took: 0,0000069 seconds
2017-03-07T14:10:39.783+0100: 1924,588: Total time for which application threads were stopped: 0,0000491 seconds, Stopping threads took: 0,0000106 seconds
2017-03-07T14:10:39.784+0100: 1924,588: Total time for which application threads were stopped: 0,0000900 seconds, Stopping threads took: 0,0000156 seconds
2017-03-07T14:10:39.784+0100: 1924,589: Total time for which application threads were stopped: 0,0000922 seconds, Stopping threads took: 0,0000170 seconds
2017-03-07T14:10:39.785+0100: 1924,590: Total time for which application threads were stopped: 0,0001100 seconds, Stopping threads took: 0,0000209 seconds
2017-03-07T14:10:39.786+0100: 1924,590: Total time for which application threads were stopped: 0,0000620 seconds, Stopping threads took: 0,0000106 seconds
2017-03-07T14:10:39.786+0100: 1924,591: Total time for which application threads were stopped: 0,0000645 seconds, Stopping threads took: 0,0000108 seconds
2017-03-07T14:10:39.786+0100: 1924,591: Total time for which application threads were stopped: 0,0000526 seconds, Stopping threads took: 0,0000092 seconds
2017-03-07T14:10:39.788+0100: 1924,593: Total time for which application threads were stopped: 0,0003727 seconds, Stopping threads took: 0,0001299 seconds
2017-03-07T14:10:39.789+0100: 1924,594: Total time for which application threads were stopped: 0,0002806 seconds, Stopping threads took: 0,0000802 seconds
2017-03-07T14:10:39.790+0100: 1924,594: Total time for which application threads were stopped: 0,0001654 seconds, Stopping threads took: 0,0000261 seconds
2017-03-07T14:10:40.256+0100: 1925,061: Total time for which application threads were stopped: 0,0000806 seconds, Stopping threads took: 0,0000161 seconds
2017-03-07T14:10:40.259+0100: 1925,064: Total time for which application threads were stopped: 0,0000776 seconds, Stopping threads took: 0,0000175 seconds
2017-03-07T14:10:45.260+0100: 1930,064: Total time for which application threads were stopped: 0,0000874 seconds, Stopping threads took: 0,0000165 seconds
2017-03-07T14:10:47.245+0100: 1932,049: Total time for which application threads were stopped: 0,0000973 seconds, Stopping threads took: 0,0000247 seconds
2017-03-07T14:11:11.248+0100: 1956,052: Total time for which application threads were stopped: 0,0000641 seconds, Stopping threads took: 0,0000149 seconds
2017-03-07T14:11:13.248+0100: 1958,053: Total time for which application threads were stopped: 0,0000735 seconds, Stopping threads took: 0,0000182 seconds
2017-03-07T14:11:33.187+0100: 1977,992: Total time for which application threads were stopped: 0,0003769 seconds, Stopping threads took: 0,0000208 seconds
2017-03-07T14:11:33.191+0100: 1977,995: Total time for which application threads were stopped: 0,0000948 seconds, Stopping threads took: 0,0000372 seconds
2017-03-07T14:11:33.208+0100: 1978,013: Total time for which application threads were stopped: 0,0010932 seconds, Stopping threads took: 0,0009828 seconds
2017-03-07T14:11:33.210+0100: 1978,014: Total time for which application threads were stopped: 0,0001084 seconds, Stopping threads took: 0,0000276 seconds
2017-03-07T14:11:33.210+0100: 1978,014: Total time for which application threads were stopped: 0,0000939 seconds, Stopping threads took: 0,0000394 seconds
2017-03-07T14:11:33.210+0100: 1978,015: Total time for which application threads were stopped: 0,0001402 seconds, Stopping threads took: 0,0000761 seconds
2017-03-07T14:11:33.211+0100: 1978,015: Total time for which application threads were stopped: 0,0000802 seconds, Stopping threads took: 0,0000281 seconds
2017-03-07T14:11:33.213+0100: 1978,017: Total time for which application threads were stopped: 0,0001123 seconds, Stopping threads took: 0,0000289 seconds
2017-03-07T14:11:33.214+0100: 1978,019: Total time for which application threads were stopped: 0,0000822 seconds, Stopping threads took: 0,0000121 seconds
Heap
 par new generation   total 109248K, used 40903K [0x00000000e0000000, 0x00000000e8000000, 0x00000000e8000000)
  eden space 87424K,  30% used [0x00000000e0000000, 0x00000000e1a6f520, 0x00000000e5560000)
  from space 21824K,  63% used [0x00000000e5560000, 0x00000000e62e2710, 0x00000000e6ab0000)
  to   space 21824K,   0% used [0x00000000e6ab0000, 0x00000000e6ab0000, 0x00000000e8000000)
 concurrent mark-sweep generation total 393216K, used 6871K [0x00000000e8000000, 0x0000000100000000, 0x0000000100000000)
 Metaspace       used 29700K, capacity 30276K, committed 30640K, reserved 1077248K
  class space    used 3434K, capacity 3687K, committed 3760K, reserved 1048576K
