OpenJDK 64-Bit Server VM (25.131-b11) for linux-amd64 JRE (1.8.0_131-8u131-b11-0ubuntu1.16.04.2-b11), built on May  6 2017 02:45:27 by "buildd" with gcc 5.4.0 20160609
Memory: 4k page, physical 7867740k(7424188k free), swap 8076284k(8076284k free)
CommandLine flags: -XX:CMSInitiatingOccupancyFraction=50 -XX:CMSMaxAbortablePrecleanTime=6000 -XX:+CMSParallelRemarkEnabled -XX:+CMSScavengeBeforeRemark -XX:ConcGCThreads=4 -XX:InitialHeapSize=536870912 -XX:MaxHeapSize=536870912 -XX:MaxTenuringThreshold=8 -XX:NewRatio=3 -XX:OldPLABSize=16 -XX:OnOutOfMemoryError=/opt/solr/bin/oom_solr.sh 8983 /var/solr/logs -XX:ParallelGCThreads=4 -XX:+ParallelRefProcEnabled -XX:PretenureSizeThreshold=67108864 -XX:+PrintGC -XX:+PrintGCApplicationStoppedTime -XX:+PrintGCDateStamps -XX:+PrintGCDetails -XX:+PrintGCTimeStamps -XX:+PrintHeapAtGC -XX:+PrintTenuringDistribution -XX:SurvivorRatio=4 -XX:TargetSurvivorRatio=90 -XX:ThreadStackSize=256 -XX:+UseCMSInitiatingOccupancyOnly -XX:+UseCompressedClassPointers -XX:+UseCompressedOops -XX:+UseConcMarkSweepGC -XX:+UseParNewGC 
2017-07-27T00:25:11.538+0200: 0,144: Total time for which application threads were stopped: 0,0000847 seconds, Stopping threads took: 0,0000138 seconds
2017-07-27T00:25:11.637+0200: 0,244: Total time for which application threads were stopped: 0,0001129 seconds, Stopping threads took: 0,0000254 seconds
2017-07-27T00:25:11.652+0200: 0,258: Total time for which application threads were stopped: 0,0000765 seconds, Stopping threads took: 0,0000114 seconds
2017-07-27T00:25:11.863+0200: 0,469: Total time for which application threads were stopped: 0,0001288 seconds, Stopping threads took: 0,0000137 seconds
2017-07-27T00:25:12.255+0200: 0,861: Total time for which application threads were stopped: 0,0001793 seconds, Stopping threads took: 0,0000148 seconds
2017-07-27T00:25:12.433+0200: 1,039: Total time for which application threads were stopped: 0,0002030 seconds, Stopping threads took: 0,0000314 seconds
2017-07-27T00:25:12.512+0200: 1,119: Total time for which application threads were stopped: 0,0001934 seconds, Stopping threads took: 0,0000253 seconds
2017-07-27T00:25:12.819+0200: 1,425: Total time for which application threads were stopped: 0,0001585 seconds, Stopping threads took: 0,0000118 seconds
2017-07-27T00:25:13.074+0200: 1,681: Total time for which application threads were stopped: 0,0003173 seconds, Stopping threads took: 0,0000234 seconds
2017-07-27T00:25:13.109+0200: 1,715: Total time for which application threads were stopped: 0,0008381 seconds, Stopping threads took: 0,0000385 seconds
2017-07-27T00:25:13.153+0200: 1,759: Total time for which application threads were stopped: 0,0002158 seconds, Stopping threads took: 0,0000244 seconds
2017-07-27T00:25:13.154+0200: 1,761: Total time for which application threads were stopped: 0,0001851 seconds, Stopping threads took: 0,0000157 seconds
2017-07-27T00:25:13.172+0200: 1,779: Total time for which application threads were stopped: 0,0001749 seconds, Stopping threads took: 0,0000114 seconds
2017-07-27T00:25:13.286+0200: 1,893: Total time for which application threads were stopped: 0,0002212 seconds, Stopping threads took: 0,0000189 seconds
2017-07-27T00:25:13.466+0200: 2,072: Total time for which application threads were stopped: 0,0003028 seconds, Stopping threads took: 0,0000834 seconds
{Heap before GC invocations=0 (full 0):
 par new generation   total 109248K, used 87424K [0x00000000e0000000, 0x00000000e8000000, 0x00000000e8000000)
  eden space 87424K, 100% used [0x00000000e0000000, 0x00000000e5560000, 0x00000000e5560000)
  from space 21824K,   0% used [0x00000000e5560000, 0x00000000e5560000, 0x00000000e6ab0000)
  to   space 21824K,   0% used [0x00000000e6ab0000, 0x00000000e6ab0000, 0x00000000e8000000)
 concurrent mark-sweep generation total 393216K, used 0K [0x00000000e8000000, 0x0000000100000000, 0x0000000100000000)
 Metaspace       used 18083K, capacity 18400K, committed 18688K, reserved 1064960K
  class space    used 2044K, capacity 2196K, committed 2304K, reserved 1048576K
2017-07-27T00:25:13.570+0200: 2,176: [GC (Allocation Failure) 2017-07-27T00:25:13.570+0200: 2,176: [ParNew
Desired survivor size 20112992 bytes, new threshold 8 (max 8)
- age   1:   12620856 bytes,   12620856 total
: 87424K->12444K(109248K), 0,0175175 secs] 87424K->12444K(502464K), 0,0176193 secs] [Times: user=0,04 sys=0,02, real=0,02 secs] 
Heap after GC invocations=1 (full 0):
 par new generation   total 109248K, used 12444K [0x00000000e0000000, 0x00000000e8000000, 0x00000000e8000000)
  eden space 87424K,   0% used [0x00000000e0000000, 0x00000000e0000000, 0x00000000e5560000)
  from space 21824K,  57% used [0x00000000e6ab0000, 0x00000000e76d70e0, 0x00000000e8000000)
  to   space 21824K,   0% used [0x00000000e5560000, 0x00000000e5560000, 0x00000000e6ab0000)
 concurrent mark-sweep generation total 393216K, used 0K [0x00000000e8000000, 0x0000000100000000, 0x0000000100000000)
 Metaspace       used 18083K, capacity 18400K, committed 18688K, reserved 1064960K
  class space    used 2044K, capacity 2196K, committed 2304K, reserved 1048576K
}
2017-07-27T00:25:13.587+0200: 2,194: Total time for which application threads were stopped: 0,0178960 seconds, Stopping threads took: 0,0000406 seconds
2017-07-27T00:25:13.891+0200: 2,497: Total time for which application threads were stopped: 0,0020968 seconds, Stopping threads took: 0,0017866 seconds
2017-07-27T00:25:13.931+0200: 2,537: Total time for which application threads were stopped: 0,0033352 seconds, Stopping threads took: 0,0030785 seconds
{Heap before GC invocations=1 (full 0):
 par new generation   total 109248K, used 99865K [0x00000000e0000000, 0x00000000e8000000, 0x00000000e8000000)
  eden space 87424K,  99% used [0x00000000e0000000, 0x00000000e555f660, 0x00000000e5560000)
  from space 21824K,  57% used [0x00000000e6ab0000, 0x00000000e76d70e0, 0x00000000e8000000)
  to   space 21824K,   0% used [0x00000000e5560000, 0x00000000e5560000, 0x00000000e6ab0000)
 concurrent mark-sweep generation total 393216K, used 0K [0x00000000e8000000, 0x0000000100000000, 0x0000000100000000)
 Metaspace       used 20090K, capacity 20426K, committed 20736K, reserved 1067008K
  class space    used 2297K, capacity 2469K, committed 2560K, reserved 1048576K
2017-07-27T00:25:13.937+0200: 2,544: [GC (Allocation Failure) 2017-07-27T00:25:13.937+0200: 2,544: [ParNew
Desired survivor size 20112992 bytes, new threshold 8 (max 8)
- age   1:    3644760 bytes,    3644760 total
- age   2:    6667448 bytes,   10312208 total
: 99865K->13889K(109248K), 0,0110424 secs] 99865K->13889K(502464K), 0,0111092 secs] [Times: user=0,04 sys=0,00, real=0,01 secs] 
Heap after GC invocations=2 (full 0):
 par new generation   total 109248K, used 13889K [0x00000000e0000000, 0x00000000e8000000, 0x00000000e8000000)
  eden space 87424K,   0% used [0x00000000e0000000, 0x00000000e0000000, 0x00000000e5560000)
  from space 21824K,  63% used [0x00000000e5560000, 0x00000000e62f05e8, 0x00000000e6ab0000)
  to   space 21824K,   0% used [0x00000000e6ab0000, 0x00000000e6ab0000, 0x00000000e8000000)
 concurrent mark-sweep generation total 393216K, used 0K [0x00000000e8000000, 0x0000000100000000, 0x0000000100000000)
 Metaspace       used 20090K, capacity 20426K, committed 20736K, reserved 1067008K
  class space    used 2297K, capacity 2469K, committed 2560K, reserved 1048576K
}
2017-07-27T00:25:13.948+0200: 2,555: Total time for which application threads were stopped: 0,0121425 seconds, Stopping threads took: 0,0009026 seconds
2017-07-27T00:25:14.003+0200: 2,610: Total time for which application threads were stopped: 0,0003357 seconds, Stopping threads took: 0,0000217 seconds
2017-07-27T00:25:14.111+0200: 2,718: Total time for which application threads were stopped: 0,0002346 seconds, Stopping threads took: 0,0000716 seconds
{Heap before GC invocations=2 (full 0):
 par new generation   total 109248K, used 101313K [0x00000000e0000000, 0x00000000e8000000, 0x00000000e8000000)
  eden space 87424K, 100% used [0x00000000e0000000, 0x00000000e5560000, 0x00000000e5560000)
  from space 21824K,  63% used [0x00000000e5560000, 0x00000000e62f05e8, 0x00000000e6ab0000)
  to   space 21824K,   0% used [0x00000000e6ab0000, 0x00000000e6ab0000, 0x00000000e8000000)
 concurrent mark-sweep generation total 393216K, used 0K [0x00000000e8000000, 0x0000000100000000, 0x0000000100000000)
 Metaspace       used 20988K, capacity 21348K, committed 21628K, reserved 1069056K
  class space    used 2418K, capacity 2588K, committed 2684K, reserved 1048576K
2017-07-27T00:25:14.150+0200: 2,756: [GC (Allocation Failure) 2017-07-27T00:25:14.150+0200: 2,756: [ParNew
Desired survivor size 20112992 bytes, new threshold 8 (max 8)
- age   1:    2074968 bytes,    2074968 total
- age   2:     845984 bytes,    2920952 total
- age   3:    6663712 bytes,    9584664 total
: 101313K->12961K(109248K), 0,0093318 secs] 101313K->12961K(502464K), 0,0094037 secs] [Times: user=0,03 sys=0,00, real=0,01 secs] 
Heap after GC invocations=3 (full 0):
 par new generation   total 109248K, used 12961K [0x00000000e0000000, 0x00000000e8000000, 0x00000000e8000000)
  eden space 87424K,   0% used [0x00000000e0000000, 0x00000000e0000000, 0x00000000e5560000)
  from space 21824K,  59% used [0x00000000e6ab0000, 0x00000000e77585a0, 0x00000000e8000000)
  to   space 21824K,   0% used [0x00000000e5560000, 0x00000000e5560000, 0x00000000e6ab0000)
 concurrent mark-sweep generation total 393216K, used 0K [0x00000000e8000000, 0x0000000100000000, 0x0000000100000000)
 Metaspace       used 20988K, capacity 21348K, committed 21628K, reserved 1069056K
  class space    used 2418K, capacity 2588K, committed 2684K, reserved 1048576K
}
2017-07-27T00:25:14.159+0200: 2,766: Total time for which application threads were stopped: 0,0096243 seconds, Stopping threads took: 0,0000627 seconds
2017-07-27T00:25:14.166+0200: 2,773: [GC (CMS Initial Mark) [1 CMS-initial-mark: 0K(393216K)] 18615K(502464K), 0,0040921 secs] [Times: user=0,01 sys=0,00, real=0,00 secs] 
2017-07-27T00:25:14.171+0200: 2,777: Total time for which application threads were stopped: 0,0051623 seconds, Stopping threads took: 0,0009784 seconds
2017-07-27T00:25:14.171+0200: 2,777: [CMS-concurrent-mark-start]
2017-07-27T00:25:14.171+0200: 2,778: [CMS-concurrent-mark: 0,001/0,001 secs] [Times: user=0,00 sys=0,00, real=0,00 secs] 
2017-07-27T00:25:14.171+0200: 2,778: [CMS-concurrent-preclean-start]
2017-07-27T00:25:14.173+0200: 2,779: [CMS-concurrent-preclean: 0,001/0,001 secs] [Times: user=0,00 sys=0,00, real=0,00 secs] 
2017-07-27T00:25:14.173+0200: 2,779: [CMS-concurrent-abortable-preclean-start]
2017-07-27T00:25:14.229+0200: 2,836: Total time for which application threads were stopped: 0,0002105 seconds, Stopping threads took: 0,0001058 seconds
{Heap before GC invocations=3 (full 1):
 par new generation   total 109248K, used 100385K [0x00000000e0000000, 0x00000000e8000000, 0x00000000e8000000)
  eden space 87424K, 100% used [0x00000000e0000000, 0x00000000e5560000, 0x00000000e5560000)
  from space 21824K,  59% used [0x00000000e6ab0000, 0x00000000e77585a0, 0x00000000e8000000)
  to   space 21824K,   0% used [0x00000000e5560000, 0x00000000e5560000, 0x00000000e6ab0000)
 concurrent mark-sweep generation total 393216K, used 0K [0x00000000e8000000, 0x0000000100000000, 0x0000000100000000)
 Metaspace       used 21254K, capacity 21618K, committed 21884K, reserved 1069056K
  class space    used 2447K, capacity 2602K, committed 2684K, reserved 1048576K
2017-07-27T00:25:14.279+0200: 2,885: [GC (Allocation Failure) 2017-07-27T00:25:14.279+0200: 2,885: [ParNew
Desired survivor size 20112992 bytes, new threshold 8 (max 8)
- age   1:    1132752 bytes,    1132752 total
- age   2:    1455856 bytes,    2588608 total
- age   3:     812704 bytes,    3401312 total
- age   4:    6663696 bytes,   10065008 total
: 100385K->12375K(109248K), 0,0148743 secs] 100385K->12375K(502464K), 0,0149424 secs] [Times: user=0,04 sys=0,00, real=0,01 secs] 
Heap after GC invocations=4 (full 1):
 par new generation   total 109248K, used 12375K [0x00000000e0000000, 0x00000000e8000000, 0x00000000e8000000)
  eden space 87424K,   0% used [0x00000000e0000000, 0x00000000e0000000, 0x00000000e5560000)
  from space 21824K,  56% used [0x00000000e5560000, 0x00000000e6175cf0, 0x00000000e6ab0000)
  to   space 21824K,   0% used [0x00000000e6ab0000, 0x00000000e6ab0000, 0x00000000e8000000)
 concurrent mark-sweep generation total 393216K, used 0K [0x00000000e8000000, 0x0000000100000000, 0x0000000100000000)
 Metaspace       used 21254K, capacity 21618K, committed 21884K, reserved 1069056K
  class space    used 2447K, capacity 2602K, committed 2684K, reserved 1048576K
}
2017-07-27T00:25:14.294+0200: 2,900: Total time for which application threads were stopped: 0,0157240 seconds, Stopping threads took: 0,0006298 seconds
2017-07-27T00:25:14.294+0200: 2,900: [CMS-concurrent-abortable-preclean: 0,076/0,121 secs] [Times: user=0,46 sys=0,01, real=0,12 secs] 
2017-07-27T00:25:14.294+0200: 2,901: [GC (CMS Final Remark) [YG occupancy: 13722 K (109248 K)]{Heap before GC invocations=4 (full 1):
 par new generation   total 109248K, used 13722K [0x00000000e0000000, 0x00000000e8000000, 0x00000000e8000000)
  eden space 87424K,   1% used [0x00000000e0000000, 0x00000000e0150ba0, 0x00000000e5560000)
  from space 21824K,  56% used [0x00000000e5560000, 0x00000000e6175cf0, 0x00000000e6ab0000)
  to   space 21824K,   0% used [0x00000000e6ab0000, 0x00000000e6ab0000, 0x00000000e8000000)
 concurrent mark-sweep generation total 393216K, used 0K [0x00000000e8000000, 0x0000000100000000, 0x0000000100000000)
 Metaspace       used 21254K, capacity 21618K, committed 21884K, reserved 1069056K
  class space    used 2447K, capacity 2602K, committed 2684K, reserved 1048576K
2017-07-27T00:25:14.294+0200: 2,901: [GC (CMS Final Remark) 2017-07-27T00:25:14.294+0200: 2,901: [ParNew
Desired survivor size 20112992 bytes, new threshold 8 (max 8)
- age   1:        256 bytes,        256 total
- age   2:    1132712 bytes,    1132968 total
- age   3:    1455856 bytes,    2588824 total
- age   4:     812704 bytes,    3401528 total
- age   5:    6663776 bytes,   10065304 total
: 13722K->17218K(109248K), 0,0090468 secs] 13722K->17218K(502464K), 0,0090834 secs] [Times: user=0,03 sys=0,00, real=0,01 secs] 
Heap after GC invocations=5 (full 1):
 par new generation   total 109248K, used 17218K [0x00000000e0000000, 0x00000000e8000000, 0x00000000e8000000)
  eden space 87424K,   0% used [0x00000000e0000000, 0x00000000e0000000, 0x00000000e5560000)
  from space 21824K,  78% used [0x00000000e6ab0000, 0x00000000e7b80ac0, 0x00000000e8000000)
  to   space 21824K,   0% used [0x00000000e5560000, 0x00000000e5560000, 0x00000000e6ab0000)
 concurrent mark-sweep generation total 393216K, used 0K [0x00000000e8000000, 0x0000000100000000, 0x0000000100000000)
 Metaspace       used 21254K, capacity 21618K, committed 21884K, reserved 1069056K
  class space    used 2447K, capacity 2602K, committed 2684K, reserved 1048576K
}
2017-07-27T00:25:14.304+0200: 2,910: [Rescan (parallel) , 0,0031319 secs]2017-07-27T00:25:14.307+0200: 2,913: [weak refs processing, 0,0010412 secs]2017-07-27T00:25:14.308+0200: 2,914: [class unloading, 0,0028173 secs]2017-07-27T00:25:14.311+0200: 2,917: [scrub symbol table, 0,0025098 secs]2017-07-27T00:25:14.313+0200: 2,920: [scrub string table, 0,0003616 secs][1 CMS-remark: 0K(393216K)] 17218K(502464K), 0,0195873 secs] [Times: user=0,05 sys=0,00, real=0,01 secs] 
2017-07-27T00:25:14.314+0200: 2,921: Total time for which application threads were stopped: 0,0203727 seconds, Stopping threads took: 0,0007165 seconds
2017-07-27T00:25:14.314+0200: 2,921: [CMS-concurrent-sweep-start]
2017-07-27T00:25:14.314+0200: 2,921: [CMS-concurrent-sweep: 0,000/0,000 secs] [Times: user=0,00 sys=0,00, real=0,00 secs] 
2017-07-27T00:25:14.314+0200: 2,921: [CMS-concurrent-reset-start]
2017-07-27T00:25:14.317+0200: 2,923: [CMS-concurrent-reset: 0,002/0,002 secs] [Times: user=0,01 sys=0,00, real=0,01 secs] 
{Heap before GC invocations=5 (full 1):
 par new generation   total 109248K, used 104642K [0x00000000e0000000, 0x00000000e8000000, 0x00000000e8000000)
  eden space 87424K, 100% used [0x00000000e0000000, 0x00000000e5560000, 0x00000000e5560000)
  from space 21824K,  78% used [0x00000000e6ab0000, 0x00000000e7b80ac0, 0x00000000e8000000)
  to   space 21824K,   0% used [0x00000000e5560000, 0x00000000e5560000, 0x00000000e6ab0000)
 concurrent mark-sweep generation total 393216K, used 0K [0x00000000e8000000, 0x0000000100000000, 0x0000000100000000)
 Metaspace       used 21372K, capacity 21790K, committed 21884K, reserved 1069056K
  class space    used 2465K, capacity 2636K, committed 2684K, reserved 1048576K
2017-07-27T00:25:14.398+0200: 3,004: [GC (Allocation Failure) 2017-07-27T00:25:14.398+0200: 3,005: [ParNew
Desired survivor size 20112992 bytes, new threshold 8 (max 8)
- age   1:    1435592 bytes,    1435592 total
- age   2:         32 bytes,    1435624 total
- age   3:     182552 bytes,    1618176 total
- age   4:    1455616 bytes,    3073792 total
- age   5:     810688 bytes,    3884480 total
- age   6:    6663824 bytes,   10548304 total
: 104642K->11524K(109248K), 0,0102494 secs] 104642K->11524K(502464K), 0,0103237 secs] [Times: user=0,04 sys=0,00, real=0,01 secs] 
Heap after GC invocations=6 (full 1):
 par new generation   total 109248K, used 11524K [0x00000000e0000000, 0x00000000e8000000, 0x00000000e8000000)
  eden space 87424K,   0% used [0x00000000e0000000, 0x00000000e0000000, 0x00000000e5560000)
  from space 21824K,  52% used [0x00000000e5560000, 0x00000000e60a1090, 0x00000000e6ab0000)
  to   space 21824K,   0% used [0x00000000e6ab0000, 0x00000000e6ab0000, 0x00000000e8000000)
 concurrent mark-sweep generation total 393216K, used 0K [0x00000000e8000000, 0x0000000100000000, 0x0000000100000000)
 Metaspace       used 21372K, capacity 21790K, committed 21884K, reserved 1069056K
  class space    used 2465K, capacity 2636K, committed 2684K, reserved 1048576K
}
2017-07-27T00:25:14.408+0200: 3,015: Total time for which application threads were stopped: 0,0105497 seconds, Stopping threads took: 0,0000885 seconds
2017-07-27T00:25:14.455+0200: 3,062: Total time for which application threads were stopped: 0,0003623 seconds, Stopping threads took: 0,0000221 seconds
2017-07-27T00:25:14.710+0200: 3,316: Total time for which application threads were stopped: 0,0004903 seconds, Stopping threads took: 0,0000388 seconds
2017-07-27T00:25:14.729+0200: 3,336: Total time for which application threads were stopped: 0,0003869 seconds, Stopping threads took: 0,0000461 seconds
{Heap before GC invocations=6 (full 1):
 par new generation   total 109248K, used 98948K [0x00000000e0000000, 0x00000000e8000000, 0x00000000e8000000)
  eden space 87424K, 100% used [0x00000000e0000000, 0x00000000e5560000, 0x00000000e5560000)
  from space 21824K,  52% used [0x00000000e5560000, 0x00000000e60a1090, 0x00000000e6ab0000)
  to   space 21824K,   0% used [0x00000000e6ab0000, 0x00000000e6ab0000, 0x00000000e8000000)
 concurrent mark-sweep generation total 393216K, used 0K [0x00000000e8000000, 0x0000000100000000, 0x0000000100000000)
 Metaspace       used 23971K, capacity 24382K, committed 24572K, reserved 1071104K
  class space    used 2832K, capacity 3010K, committed 3068K, reserved 1048576K
2017-07-27T00:25:14.888+0200: 3,495: [GC (Allocation Failure) 2017-07-27T00:25:14.888+0200: 3,495: [ParNew
Desired survivor size 20112992 bytes, new threshold 8 (max 8)
- age   1:    5322712 bytes,    5322712 total
- age   2:     111640 bytes,    5434352 total
- age   3:         32 bytes,    5434384 total
- age   4:     181152 bytes,    5615536 total
- age   5:     285728 bytes,    5901264 total
- age   6:     786328 bytes,    6687592 total
- age   7:    6655320 bytes,   13342912 total
: 98948K->17756K(109248K), 0,0227482 secs] 98948K->17756K(502464K), 0,0228317 secs] [Times: user=0,08 sys=0,00, real=0,02 secs] 
Heap after GC invocations=7 (full 1):
 par new generation   total 109248K, used 17756K [0x00000000e0000000, 0x00000000e8000000, 0x00000000e8000000)
  eden space 87424K,   0% used [0x00000000e0000000, 0x00000000e0000000, 0x00000000e5560000)
  from space 21824K,  81% used [0x00000000e6ab0000, 0x00000000e7c07100, 0x00000000e8000000)
  to   space 21824K,   0% used [0x00000000e5560000, 0x00000000e5560000, 0x00000000e6ab0000)
 concurrent mark-sweep generation total 393216K, used 0K [0x00000000e8000000, 0x0000000100000000, 0x0000000100000000)
 Metaspace       used 23971K, capacity 24382K, committed 24572K, reserved 1071104K
  class space    used 2832K, capacity 3010K, committed 3068K, reserved 1048576K
}
2017-07-27T00:25:14.911+0200: 3,518: Total time for which application threads were stopped: 0,0230836 seconds, Stopping threads took: 0,0000652 seconds
{Heap before GC invocations=7 (full 1):
 par new generation   total 109248K, used 105180K [0x00000000e0000000, 0x00000000e8000000, 0x00000000e8000000)
  eden space 87424K, 100% used [0x00000000e0000000, 0x00000000e5560000, 0x00000000e5560000)
  from space 21824K,  81% used [0x00000000e6ab0000, 0x00000000e7c07100, 0x00000000e8000000)
  to   space 21824K,   0% used [0x00000000e5560000, 0x00000000e5560000, 0x00000000e6ab0000)
 concurrent mark-sweep generation total 393216K, used 0K [0x00000000e8000000, 0x0000000100000000, 0x0000000100000000)
 Metaspace       used 24440K, capacity 24878K, committed 25084K, reserved 1071104K
  class space    used 2862K, capacity 3045K, committed 3068K, reserved 1048576K
2017-07-27T00:25:15.010+0200: 3,617: [GC (Allocation Failure) 2017-07-27T00:25:15.011+0200: 3,617: [ParNew
Desired survivor size 20112992 bytes, new threshold 8 (max 8)
- age   1:    1628704 bytes,    1628704 total
- age   2:    1797560 bytes,    3426264 total
- age   3:      52368 bytes,    3478632 total
- age   4:         32 bytes,    3478664 total
- age   5:     105880 bytes,    3584544 total
- age   6:     187088 bytes,    3771632 total
- age   7:     742160 bytes,    4513792 total
- age   8:    6122432 bytes,   10636224 total
: 105180K->12435K(109248K), 0,0113759 secs] 105180K->12435K(502464K), 0,0114523 secs] [Times: user=0,04 sys=0,00, real=0,01 secs] 
Heap after GC invocations=8 (full 1):
 par new generation   total 109248K, used 12435K [0x00000000e0000000, 0x00000000e8000000, 0x00000000e8000000)
  eden space 87424K,   0% used [0x00000000e0000000, 0x00000000e0000000, 0x00000000e5560000)
  from space 21824K,  56% used [0x00000000e5560000, 0x00000000e6184ce8, 0x00000000e6ab0000)
  to   space 21824K,   0% used [0x00000000e6ab0000, 0x00000000e6ab0000, 0x00000000e8000000)
 concurrent mark-sweep generation total 393216K, used 0K [0x00000000e8000000, 0x0000000100000000, 0x0000000100000000)
 Metaspace       used 24440K, capacity 24878K, committed 25084K, reserved 1071104K
  class space    used 2862K, capacity 3045K, committed 3068K, reserved 1048576K
}
2017-07-27T00:25:15.022+0200: 3,629: Total time for which application threads were stopped: 0,0139225 seconds, Stopping threads took: 0,0023076 seconds
2017-07-27T00:25:15.104+0200: 3,710: Total time for which application threads were stopped: 0,0001599 seconds, Stopping threads took: 0,0000535 seconds
{Heap before GC invocations=8 (full 1):
 par new generation   total 109248K, used 100614K [0x00000000e0000000, 0x00000000e8000000, 0x00000000e8000000)
  eden space 87424K, 100% used [0x00000000e0000000, 0x00000000e5560000, 0x00000000e5560000)
  from space 21824K,  60% used [0x00000000e5560000, 0x00000000e62418e8, 0x00000000e6ab0000)
  to   space 21824K,   0% used [0x00000000e6ab0000, 0x00000000e6ab0000, 0x00000000e8000000)
 concurrent mark-sweep generation total 393216K, used 0K [0x00000000e8000000, 0x0000000100000000, 0x0000000100000000)
 Metaspace       used 24766K, capacity 25246K, committed 25468K, reserved 1071104K
  class space    used 2893K, capacity 3080K, committed 3196K, reserved 1048576K
2017-07-27T00:25:15.107+0200: 3,713: [GC (Allocation Failure) 2017-07-27T00:25:15.107+0200: 3,713: [ParNew
Desired survivor size 20112992 bytes, new threshold 8 (max 8)
- age   1:    1111976 bytes,    1111976 total
- age   2:    1014976 bytes,    2126952 total
- age   3:    1775432 bytes,    3902384 total
- age   4:      52368 bytes,    3954752 total
- age   5:         32 bytes,    3954784 total
- age   6:     105776 bytes,    4060560 total
- age   7:     187032 bytes,    4247592 total
- age   8:     742160 bytes,    4989752 total
: 100614K->9566K(109248K), 0,0296657 secs] 100614K->15628K(502464K), 0,0297491 secs] [Times: user=0,09 sys=0,01, real=0,03 secs] 
Heap after GC invocations=9 (full 1):
 par new generation   total 109248K, used 9566K [0x00000000e0000000, 0x00000000e8000000, 0x00000000e8000000)
  eden space 87424K,   0% used [0x00000000e0000000, 0x00000000e0000000, 0x00000000e5560000)
  from space 21824K,  43% used [0x00000000e6ab0000, 0x00000000e7407a60, 0x00000000e8000000)
  to   space 21824K,   0% used [0x00000000e5560000, 0x00000000e5560000, 0x00000000e6ab0000)
 concurrent mark-sweep generation total 393216K, used 6061K [0x00000000e8000000, 0x0000000100000000, 0x0000000100000000)
 Metaspace       used 24766K, capacity 25246K, committed 25468K, reserved 1071104K
  class space    used 2893K, capacity 3080K, committed 3196K, reserved 1048576K
}
2017-07-27T00:25:15.136+0200: 3,743: Total time for which application threads were stopped: 0,0299751 seconds, Stopping threads took: 0,0000473 seconds
{Heap before GC invocations=9 (full 1):
 par new generation   total 109248K, used 20404K [0x00000000e0000000, 0x00000000e8000000, 0x00000000e8000000)
  eden space 87424K,  12% used [0x00000000e0000000, 0x00000000e0a958f8, 0x00000000e5560000)
  from space 21824K,  43% used [0x00000000e6ab0000, 0x00000000e7407a60, 0x00000000e8000000)
  to   space 21824K,   0% used [0x00000000e5560000, 0x00000000e5560000, 0x00000000e6ab0000)
 concurrent mark-sweep generation total 393216K, used 6061K [0x00000000e8000000, 0x0000000100000000, 0x0000000100000000)
 Metaspace       used 24773K, capacity 25246K, committed 25468K, reserved 1071104K
  class space    used 2893K, capacity 3080K, committed 3196K, reserved 1048576K
2017-07-27T00:25:15.147+0200: 3,753: [GC (GCLocker Initiated GC) 2017-07-27T00:25:15.147+0200: 3,753: [ParNew
Desired survivor size 20112992 bytes, new threshold 8 (max 8)
- age   1:     222912 bytes,     222912 total
- age   2:     189096 bytes,     412008 total
- age   3:     626160 bytes,    1038168 total
- age   4:    1775432 bytes,    2813600 total
- age   5:      52368 bytes,    2865968 total
- age   6:         32 bytes,    2866000 total
- age   7:     105776 bytes,    2971776 total
- age   8:     187032 bytes,    3158808 total
: 20404K->4131K(109248K), 0,0089726 secs] 26466K->10930K(502464K), 0,0090340 secs] [Times: user=0,02 sys=0,00, real=0,01 secs] 
Heap after GC invocations=10 (full 1):
 par new generation   total 109248K, used 4131K [0x00000000e0000000, 0x00000000e8000000, 0x00000000e8000000)
  eden space 87424K,   0% used [0x00000000e0000000, 0x00000000e0000000, 0x00000000e5560000)
  from space 21824K,  18% used [0x00000000e5560000, 0x00000000e5968e68, 0x00000000e6ab0000)
  to   space 21824K,   0% used [0x00000000e6ab0000, 0x00000000e6ab0000, 0x00000000e8000000)
 concurrent mark-sweep generation total 393216K, used 6799K [0x00000000e8000000, 0x0000000100000000, 0x0000000100000000)
 Metaspace       used 24773K, capacity 25246K, committed 25468K, reserved 1071104K
  class space    used 2893K, capacity 3080K, committed 3196K, reserved 1048576K
}
2017-07-27T00:25:15.156+0200: 3,762: Total time for which application threads were stopped: 0,0092295 seconds, Stopping threads took: 0,0000589 seconds
2017-07-27T00:25:15.408+0200: 4,014: Total time for which application threads were stopped: 0,0004336 seconds, Stopping threads took: 0,0000295 seconds
2017-07-27T00:25:15.450+0200: 4,057: Total time for which application threads were stopped: 0,0065218 seconds, Stopping threads took: 0,0060582 seconds
2017-07-27T00:25:15.456+0200: 4,062: Total time for which application threads were stopped: 0,0001702 seconds, Stopping threads took: 0,0000533 seconds
2017-07-27T00:25:15.465+0200: 4,072: Total time for which application threads were stopped: 0,0026247 seconds, Stopping threads took: 0,0025099 seconds
2017-07-27T00:25:15.480+0200: 4,087: Total time for which application threads were stopped: 0,0006181 seconds, Stopping threads took: 0,0000493 seconds
2017-07-27T00:25:15.503+0200: 4,110: Total time for which application threads were stopped: 0,0002070 seconds, Stopping threads took: 0,0000679 seconds
2017-07-27T00:25:15.504+0200: 4,111: Total time for which application threads were stopped: 0,0005062 seconds, Stopping threads took: 0,0000258 seconds
2017-07-27T00:25:15.517+0200: 4,123: Total time for which application threads were stopped: 0,0001622 seconds, Stopping threads took: 0,0000443 seconds
2017-07-27T00:25:15.589+0200: 4,195: Total time for which application threads were stopped: 0,0001898 seconds, Stopping threads took: 0,0000956 seconds
2017-07-27T00:25:15.590+0200: 4,197: Total time for which application threads were stopped: 0,0018414 seconds, Stopping threads took: 0,0017962 seconds
2017-07-27T00:25:15.595+0200: 4,202: Total time for which application threads were stopped: 0,0002267 seconds, Stopping threads took: 0,0001348 seconds
2017-07-27T00:25:15.596+0200: 4,202: Total time for which application threads were stopped: 0,0003912 seconds, Stopping threads took: 0,0000442 seconds
2017-07-27T00:25:15.596+0200: 4,203: Total time for which application threads were stopped: 0,0000992 seconds, Stopping threads took: 0,0000340 seconds
2017-07-27T00:25:15.597+0200: 4,204: Total time for which application threads were stopped: 0,0001091 seconds, Stopping threads took: 0,0000427 seconds
2017-07-27T00:25:15.597+0200: 4,204: Total time for which application threads were stopped: 0,0000662 seconds, Stopping threads took: 0,0000116 seconds
2017-07-27T00:25:15.598+0200: 4,204: Total time for which application threads were stopped: 0,0000599 seconds, Stopping threads took: 0,0000225 seconds
2017-07-27T00:25:15.598+0200: 4,205: Total time for which application threads were stopped: 0,0000967 seconds, Stopping threads took: 0,0000165 seconds
2017-07-27T00:25:15.612+0200: 4,219: Total time for which application threads were stopped: 0,0001124 seconds, Stopping threads took: 0,0000282 seconds
2017-07-27T00:25:15.613+0200: 4,219: Total time for which application threads were stopped: 0,0000930 seconds, Stopping threads took: 0,0000277 seconds
2017-07-27T00:25:15.613+0200: 4,220: Total time for which application threads were stopped: 0,0000787 seconds, Stopping threads took: 0,0000201 seconds
2017-07-27T00:25:15.614+0200: 4,220: Total time for which application threads were stopped: 0,0000672 seconds, Stopping threads took: 0,0000147 seconds
2017-07-27T00:25:15.615+0200: 4,222: Total time for which application threads were stopped: 0,0001193 seconds, Stopping threads took: 0,0000349 seconds
2017-07-27T00:25:15.616+0200: 4,222: Total time for which application threads were stopped: 0,0000798 seconds, Stopping threads took: 0,0000191 seconds
2017-07-27T00:25:15.616+0200: 4,223: Total time for which application threads were stopped: 0,0000660 seconds, Stopping threads took: 0,0000127 seconds
2017-07-27T00:25:15.616+0200: 4,223: Total time for which application threads were stopped: 0,0000527 seconds, Stopping threads took: 0,0000092 seconds
2017-07-27T00:25:15.616+0200: 4,223: Total time for which application threads were stopped: 0,0000488 seconds, Stopping threads took: 0,0000084 seconds
2017-07-27T00:25:15.617+0200: 4,223: Total time for which application threads were stopped: 0,0001401 seconds, Stopping threads took: 0,0000154 seconds
2017-07-27T00:25:15.617+0200: 4,224: Total time for which application threads were stopped: 0,0001120 seconds, Stopping threads took: 0,0000260 seconds
2017-07-27T00:25:15.617+0200: 4,224: Total time for which application threads were stopped: 0,0000720 seconds, Stopping threads took: 0,0000166 seconds
2017-07-27T00:25:15.617+0200: 4,224: Total time for which application threads were stopped: 0,0000779 seconds, Stopping threads took: 0,0000176 seconds
2017-07-27T00:25:15.617+0200: 4,224: Total time for which application threads were stopped: 0,0000767 seconds, Stopping threads took: 0,0000171 seconds
2017-07-27T00:25:15.618+0200: 4,224: Total time for which application threads were stopped: 0,0000719 seconds, Stopping threads took: 0,0000181 seconds
2017-07-27T00:25:15.618+0200: 4,224: Total time for which application threads were stopped: 0,0000821 seconds, Stopping threads took: 0,0000210 seconds
2017-07-27T00:25:15.618+0200: 4,225: Total time for which application threads were stopped: 0,0000788 seconds, Stopping threads took: 0,0000154 seconds
2017-07-27T00:25:15.618+0200: 4,225: Total time for which application threads were stopped: 0,0000716 seconds, Stopping threads took: 0,0000172 seconds
2017-07-27T00:25:15.618+0200: 4,225: Total time for which application threads were stopped: 0,0000715 seconds, Stopping threads took: 0,0000192 seconds
2017-07-27T00:25:15.618+0200: 4,225: Total time for which application threads were stopped: 0,0000721 seconds, Stopping threads took: 0,0000177 seconds
2017-07-27T00:25:15.619+0200: 4,225: Total time for which application threads were stopped: 0,0000846 seconds, Stopping threads took: 0,0000201 seconds
2017-07-27T00:25:15.619+0200: 4,225: Total time for which application threads were stopped: 0,0000728 seconds, Stopping threads took: 0,0000170 seconds
2017-07-27T00:25:15.619+0200: 4,226: Total time for which application threads were stopped: 0,0000756 seconds, Stopping threads took: 0,0000189 seconds
2017-07-27T00:25:15.619+0200: 4,226: Total time for which application threads were stopped: 0,0000671 seconds, Stopping threads took: 0,0000155 seconds
2017-07-27T00:25:15.619+0200: 4,226: Total time for which application threads were stopped: 0,0000998 seconds, Stopping threads took: 0,0000334 seconds
2017-07-27T00:25:15.620+0200: 4,226: Total time for which application threads were stopped: 0,0000769 seconds, Stopping threads took: 0,0000270 seconds
2017-07-27T00:25:15.620+0200: 4,226: Total time for which application threads were stopped: 0,0000751 seconds, Stopping threads took: 0,0000159 seconds
2017-07-27T00:25:15.620+0200: 4,227: Total time for which application threads were stopped: 0,0000773 seconds, Stopping threads took: 0,0000165 seconds
2017-07-27T00:25:15.620+0200: 4,227: Total time for which application threads were stopped: 0,0000803 seconds, Stopping threads took: 0,0000192 seconds
2017-07-27T00:25:15.620+0200: 4,227: Total time for which application threads were stopped: 0,0001846 seconds, Stopping threads took: 0,0000163 seconds
2017-07-27T00:25:15.624+0200: 4,231: Total time for which application threads were stopped: 0,0001141 seconds, Stopping threads took: 0,0000387 seconds
2017-07-27T00:25:15.626+0200: 4,233: Total time for which application threads were stopped: 0,0001359 seconds, Stopping threads took: 0,0000277 seconds
2017-07-27T00:25:15.629+0200: 4,236: Total time for which application threads were stopped: 0,0001116 seconds, Stopping threads took: 0,0000509 seconds
2017-07-27T00:25:15.662+0200: 4,269: Total time for which application threads were stopped: 0,0001831 seconds, Stopping threads took: 0,0000714 seconds
2017-07-27T00:25:15.688+0200: 4,295: Total time for which application threads were stopped: 0,0004854 seconds, Stopping threads took: 0,0000402 seconds
2017-07-27T00:25:15.695+0200: 4,302: Total time for which application threads were stopped: 0,0001229 seconds, Stopping threads took: 0,0000375 seconds
2017-07-27T00:25:16.696+0200: 5,302: Total time for which application threads were stopped: 0,0001038 seconds, Stopping threads took: 0,0000214 seconds
2017-07-27T00:25:17.696+0200: 6,302: Total time for which application threads were stopped: 0,0000678 seconds, Stopping threads took: 0,0000155 seconds
2017-07-27T00:25:33.698+0200: 22,304: Total time for which application threads were stopped: 0,0000648 seconds, Stopping threads took: 0,0000156 seconds
2017-07-27T00:25:43.699+0200: 32,305: Total time for which application threads were stopped: 0,0000728 seconds, Stopping threads took: 0,0000168 seconds
2017-07-27T00:26:38.705+0200: 87,311: Total time for which application threads were stopped: 0,0000726 seconds, Stopping threads took: 0,0000197 seconds
2017-07-27T00:27:08.709+0200: 117,315: Total time for which application threads were stopped: 0,0000812 seconds, Stopping threads took: 0,0000332 seconds
2017-07-27T00:27:13.709+0200: 122,316: Total time for which application threads were stopped: 0,0000734 seconds, Stopping threads took: 0,0000187 seconds
2017-07-27T00:28:12.715+0200: 181,322: Total time for which application threads were stopped: 0,0001518 seconds, Stopping threads took: 0,0000584 seconds
2017-07-27T00:29:42.726+0200: 271,332: Total time for which application threads were stopped: 0,0000988 seconds, Stopping threads took: 0,0000354 seconds
2017-07-27T00:29:48.726+0200: 277,333: Total time for which application threads were stopped: 0,0000969 seconds, Stopping threads took: 0,0000394 seconds
2017-07-27T00:48:37.847+0200: 1406,453: Total time for which application threads were stopped: 0,0000850 seconds, Stopping threads took: 0,0000300 seconds
2017-07-27T00:53:02.875+0200: 1671,482: Total time for which application threads were stopped: 0,0000826 seconds, Stopping threads took: 0,0000323 seconds
2017-07-27T00:53:12.876+0200: 1681,483: Total time for which application threads were stopped: 0,0000681 seconds, Stopping threads took: 0,0000157 seconds
2017-07-27T01:00:27.920+0200: 2116,527: Total time for which application threads were stopped: 0,0001796 seconds, Stopping threads took: 0,0000626 seconds
2017-07-27T01:03:32.938+0200: 2301,545: Total time for which application threads were stopped: 0,0001055 seconds, Stopping threads took: 0,0000324 seconds
2017-07-27T01:03:33.939+0200: 2302,545: Total time for which application threads were stopped: 0,0001906 seconds, Stopping threads took: 0,0000808 seconds
2017-07-27T01:04:28.945+0200: 2357,551: Total time for which application threads were stopped: 0,0005087 seconds, Stopping threads took: 0,0001982 seconds
2017-07-27T01:04:33.945+0200: 2362,552: Total time for which application threads were stopped: 0,0000750 seconds, Stopping threads took: 0,0000183 seconds
2017-07-27T01:05:42.953+0200: 2431,559: Total time for which application threads were stopped: 0,0001134 seconds, Stopping threads took: 0,0000440 seconds
2017-07-27T01:15:43.020+0200: 3031,627: Total time for which application threads were stopped: 0,0001865 seconds, Stopping threads took: 0,0000663 seconds
2017-07-27T01:18:29.043+0200: 3197,650: Total time for which application threads were stopped: 0,0000917 seconds, Stopping threads took: 0,0000366 seconds
2017-07-27T01:19:13.049+0200: 3241,655: Total time for which application threads were stopped: 0,0001268 seconds, Stopping threads took: 0,0000469 seconds
{Heap before GC invocations=10 (full 1):
 par new generation   total 109248K, used 91555K [0x00000000e0000000, 0x00000000e8000000, 0x00000000e8000000)
  eden space 87424K, 100% used [0x00000000e0000000, 0x00000000e5560000, 0x00000000e5560000)
  from space 21824K,  18% used [0x00000000e5560000, 0x00000000e5968e68, 0x00000000e6ab0000)
  to   space 21824K,   0% used [0x00000000e6ab0000, 0x00000000e6ab0000, 0x00000000e8000000)
 concurrent mark-sweep generation total 393216K, used 6799K [0x00000000e8000000, 0x0000000100000000, 0x0000000100000000)
 Metaspace       used 28053K, capacity 28540K, committed 28796K, reserved 1075200K
  class space    used 3217K, capacity 3387K, committed 3452K, reserved 1048576K
2017-07-27T01:24:27.857+0200: 3556,463: [GC (Allocation Failure) 2017-07-27T01:24:27.857+0200: 3556,463: [ParNew
Desired survivor size 20112992 bytes, new threshold 8 (max 8)
- age   1:   10966856 bytes,   10966856 total
- age   2:      34520 bytes,   11001376 total
- age   3:     178888 bytes,   11180264 total
- age   4:     235256 bytes,   11415520 total
- age   5:    1769936 bytes,   13185456 total
- age   6:      52368 bytes,   13237824 total
- age   7:         32 bytes,   13237856 total
- age   8:     103168 bytes,   13341024 total
: 91555K->13643K(109248K), 0,1218161 secs] 98354K->20646K(502464K), 0,1219151 secs] [Times: user=0,05 sys=0,00, real=0,12 secs] 
Heap after GC invocations=11 (full 1):
 par new generation   total 109248K, used 13643K [0x00000000e0000000, 0x00000000e8000000, 0x00000000e8000000)
  eden space 87424K,   0% used [0x00000000e0000000, 0x00000000e0000000, 0x00000000e5560000)
  from space 21824K,  62% used [0x00000000e6ab0000, 0x00000000e7802c00, 0x00000000e8000000)
  to   space 21824K,   0% used [0x00000000e5560000, 0x00000000e5560000, 0x00000000e6ab0000)
 concurrent mark-sweep generation total 393216K, used 7003K [0x00000000e8000000, 0x0000000100000000, 0x0000000100000000)
 Metaspace       used 28053K, capacity 28540K, committed 28796K, reserved 1075200K
  class space    used 3217K, capacity 3387K, committed 3452K, reserved 1048576K
}
2017-07-27T01:24:27.979+0200: 3556,585: Total time for which application threads were stopped: 0,1221726 seconds, Stopping threads took: 0,0000340 seconds
2017-07-27T01:24:27.986+0200: 3556,593: Total time for which application threads were stopped: 0,0000927 seconds, Stopping threads took: 0,0000197 seconds
2017-07-27T01:24:28.011+0200: 3556,617: Total time for which application threads were stopped: 0,0001242 seconds, Stopping threads took: 0,0000323 seconds
2017-07-27T01:24:28.034+0200: 3556,641: Total time for which application threads were stopped: 0,0001461 seconds, Stopping threads took: 0,0000278 seconds
2017-07-27T01:24:28.055+0200: 3556,661: Total time for which application threads were stopped: 0,0002179 seconds, Stopping threads took: 0,0001305 seconds
2017-07-27T01:24:28.060+0200: 3556,667: Total time for which application threads were stopped: 0,0000982 seconds, Stopping threads took: 0,0000263 seconds
2017-07-27T01:24:28.060+0200: 3556,667: Total time for which application threads were stopped: 0,0000507 seconds, Stopping threads took: 0,0000150 seconds
2017-07-27T01:24:28.060+0200: 3556,667: Total time for which application threads were stopped: 0,0000564 seconds, Stopping threads took: 0,0000161 seconds
2017-07-27T01:24:28.067+0200: 3556,674: Total time for which application threads were stopped: 0,0000958 seconds, Stopping threads took: 0,0000277 seconds
2017-07-27T01:24:28.070+0200: 3556,677: Total time for which application threads were stopped: 0,0000988 seconds, Stopping threads took: 0,0000270 seconds
2017-07-27T01:24:28.071+0200: 3556,677: Total time for which application threads were stopped: 0,0000506 seconds, Stopping threads took: 0,0000156 seconds
2017-07-27T01:24:28.071+0200: 3556,677: Total time for which application threads were stopped: 0,0000483 seconds, Stopping threads took: 0,0000144 seconds
2017-07-27T01:24:28.071+0200: 3556,677: Total time for which application threads were stopped: 0,0000459 seconds, Stopping threads took: 0,0000127 seconds
2017-07-27T01:24:28.071+0200: 3556,677: Total time for which application threads were stopped: 0,0000412 seconds, Stopping threads took: 0,0000114 seconds
2017-07-27T01:24:28.071+0200: 3556,677: Total time for which application threads were stopped: 0,0000435 seconds, Stopping threads took: 0,0000108 seconds
2017-07-27T01:24:28.071+0200: 3556,678: Total time for which application threads were stopped: 0,0000436 seconds, Stopping threads took: 0,0000123 seconds
2017-07-27T01:24:28.071+0200: 3556,678: Total time for which application threads were stopped: 0,0000444 seconds, Stopping threads took: 0,0000129 seconds
2017-07-27T01:24:28.071+0200: 3556,678: Total time for which application threads were stopped: 0,0000641 seconds, Stopping threads took: 0,0000217 seconds
2017-07-27T01:24:28.072+0200: 3556,678: Total time for which application threads were stopped: 0,0000685 seconds, Stopping threads took: 0,0000201 seconds
2017-07-27T01:24:28.090+0200: 3556,696: Total time for which application threads were stopped: 0,0004186 seconds, Stopping threads took: 0,0003032 seconds
2017-07-27T01:24:28.090+0200: 3556,697: Total time for which application threads were stopped: 0,0001014 seconds, Stopping threads took: 0,0000212 seconds
2017-07-27T01:24:28.093+0200: 3556,700: Total time for which application threads were stopped: 0,0001009 seconds, Stopping threads took: 0,0000281 seconds
2017-07-27T01:24:28.093+0200: 3556,700: Total time for which application threads were stopped: 0,0000576 seconds, Stopping threads took: 0,0000147 seconds
2017-07-27T01:24:28.093+0200: 3556,700: Total time for which application threads were stopped: 0,0000474 seconds, Stopping threads took: 0,0000158 seconds
2017-07-27T01:24:28.094+0200: 3556,700: Total time for which application threads were stopped: 0,0001287 seconds, Stopping threads took: 0,0000840 seconds
2017-07-27T01:24:28.096+0200: 3556,703: Total time for which application threads were stopped: 0,0012954 seconds, Stopping threads took: 0,0012204 seconds
2017-07-27T01:24:28.096+0200: 3556,703: Total time for which application threads were stopped: 0,0000742 seconds, Stopping threads took: 0,0000245 seconds
2017-07-27T01:24:28.097+0200: 3556,703: Total time for which application threads were stopped: 0,0000498 seconds, Stopping threads took: 0,0000139 seconds
2017-07-27T01:24:28.097+0200: 3556,703: Total time for which application threads were stopped: 0,0000452 seconds, Stopping threads took: 0,0000127 seconds
2017-07-27T01:24:28.098+0200: 3556,704: Total time for which application threads were stopped: 0,0000927 seconds, Stopping threads took: 0,0000282 seconds
2017-07-27T01:24:28.098+0200: 3556,704: Total time for which application threads were stopped: 0,0000557 seconds, Stopping threads took: 0,0000184 seconds
2017-07-27T01:24:28.098+0200: 3556,705: Total time for which application threads were stopped: 0,0001503 seconds, Stopping threads took: 0,0001069 seconds
2017-07-27T01:24:28.099+0200: 3556,706: Total time for which application threads were stopped: 0,0007885 seconds, Stopping threads took: 0,0007341 seconds
2017-07-27T01:24:28.100+0200: 3556,706: Total time for which application threads were stopped: 0,0000519 seconds, Stopping threads took: 0,0000231 seconds
2017-07-27T01:24:28.100+0200: 3556,706: Total time for which application threads were stopped: 0,0000557 seconds, Stopping threads took: 0,0000186 seconds
2017-07-27T01:24:28.100+0200: 3556,706: Total time for which application threads were stopped: 0,0000467 seconds, Stopping threads took: 0,0000129 seconds
2017-07-27T01:24:28.100+0200: 3556,707: Total time for which application threads were stopped: 0,0000480 seconds, Stopping threads took: 0,0000153 seconds
2017-07-27T01:24:28.100+0200: 3556,707: Total time for which application threads were stopped: 0,0001699 seconds, Stopping threads took: 0,0000169 seconds
2017-07-27T01:24:28.101+0200: 3556,708: Total time for which application threads were stopped: 0,0000784 seconds, Stopping threads took: 0,0000286 seconds
2017-07-27T01:24:28.103+0200: 3556,709: Total time for which application threads were stopped: 0,0001163 seconds, Stopping threads took: 0,0000370 seconds
2017-07-27T01:24:28.103+0200: 3556,710: Total time for which application threads were stopped: 0,0001008 seconds, Stopping threads took: 0,0000523 seconds
2017-07-27T01:24:28.105+0200: 3556,712: Total time for which application threads were stopped: 0,0000807 seconds, Stopping threads took: 0,0000121 seconds
Heap
 par new generation   total 109248K, used 22941K [0x00000000e0000000, 0x00000000e8000000, 0x00000000e8000000)
  eden space 87424K,  10% used [0x00000000e0000000, 0x00000000e0914a40, 0x00000000e5560000)
  from space 21824K,  62% used [0x00000000e6ab0000, 0x00000000e7802c00, 0x00000000e8000000)
  to   space 21824K,   0% used [0x00000000e5560000, 0x00000000e5560000, 0x00000000e6ab0000)
 concurrent mark-sweep generation total 393216K, used 7003K [0x00000000e8000000, 0x0000000100000000, 0x0000000100000000)
 Metaspace       used 28127K, capacity 28648K, committed 28796K, reserved 1075200K
  class space    used 3226K, capacity 3421K, committed 3452K, reserved 1048576K
