OpenJDK 64-Bit Server VM (25.121-b13) for linux-amd64 JRE (1.8.0_121-8u121-b13-0ubuntu1.16.04.2-b13), built on Jan 23 2017 15:51:29 by "buildd" with gcc 5.4.0 20160609
Memory: 4k page, physical 7867764k(7458104k free), swap 8076284k(8076284k free)
CommandLine flags: -XX:CMSInitiatingOccupancyFraction=50 -XX:CMSMaxAbortablePrecleanTime=6000 -XX:+CMSParallelRemarkEnabled -XX:+CMSScavengeBeforeRemark -XX:ConcGCThreads=4 -XX:InitialHeapSize=536870912 -XX:MaxHeapSize=536870912 -XX:MaxTenuringThreshold=8 -XX:NewRatio=3 -XX:OldPLABSize=16 -XX:OnOutOfMemoryError=/opt/solr/bin/oom_solr.sh 8983 /var/solr/logs -XX:ParallelGCThreads=4 -XX:+ParallelRefProcEnabled -XX:PretenureSizeThreshold=67108864 -XX:+PrintGC -XX:+PrintGCApplicationStoppedTime -XX:+PrintGCDateStamps -XX:+PrintGCDetails -XX:+PrintGCTimeStamps -XX:+PrintHeapAtGC -XX:+PrintTenuringDistribution -XX:SurvivorRatio=4 -XX:TargetSurvivorRatio=90 -XX:ThreadStackSize=256 -XX:+UseCMSInitiatingOccupancyOnly -XX:+UseCompressedClassPointers -XX:+UseCompressedOops -XX:+UseConcMarkSweepGC -XX:+UseParNewGC 
2017-05-12T23:26:47.793+0200: 0,128: Total time for which application threads were stopped: 0,0000700 seconds, Stopping threads took: 0,0000133 seconds
2017-05-12T23:26:47.857+0200: 0,191: Total time for which application threads were stopped: 0,0001121 seconds, Stopping threads took: 0,0000167 seconds
2017-05-12T23:26:47.867+0200: 0,202: Total time for which application threads were stopped: 0,0000765 seconds, Stopping threads took: 0,0000179 seconds
2017-05-12T23:26:47.975+0200: 0,310: Total time for which application threads were stopped: 0,0001154 seconds, Stopping threads took: 0,0000137 seconds
2017-05-12T23:26:48.163+0200: 0,498: Total time for which application threads were stopped: 0,0001107 seconds, Stopping threads took: 0,0000094 seconds
2017-05-12T23:26:48.233+0200: 0,567: Total time for which application threads were stopped: 0,0001471 seconds, Stopping threads took: 0,0000283 seconds
2017-05-12T23:26:48.252+0200: 0,587: Total time for which application threads were stopped: 0,0002283 seconds, Stopping threads took: 0,0000213 seconds
2017-05-12T23:26:48.495+0200: 0,830: Total time for which application threads were stopped: 0,0001929 seconds, Stopping threads took: 0,0000238 seconds
2017-05-12T23:26:48.676+0200: 1,011: Total time for which application threads were stopped: 0,0002133 seconds, Stopping threads took: 0,0000156 seconds
2017-05-12T23:26:48.702+0200: 1,037: Total time for which application threads were stopped: 0,0002393 seconds, Stopping threads took: 0,0000193 seconds
2017-05-12T23:26:48.736+0200: 1,070: Total time for which application threads were stopped: 0,0002101 seconds, Stopping threads took: 0,0000235 seconds
2017-05-12T23:26:48.737+0200: 1,072: Total time for which application threads were stopped: 0,0001900 seconds, Stopping threads took: 0,0000167 seconds
2017-05-12T23:26:48.749+0200: 1,084: Total time for which application threads were stopped: 0,0001809 seconds, Stopping threads took: 0,0000171 seconds
2017-05-12T23:26:48.830+0200: 1,165: Total time for which application threads were stopped: 0,0002784 seconds, Stopping threads took: 0,0000314 seconds
2017-05-12T23:26:49.109+0200: 1,443: Total time for which application threads were stopped: 0,0018782 seconds, Stopping threads took: 0,0015251 seconds
{Heap before GC invocations=0 (full 0):
 par new generation   total 109248K, used 87424K [0x00000000e0000000, 0x00000000e8000000, 0x00000000e8000000)
  eden space 87424K, 100% used [0x00000000e0000000, 0x00000000e5560000, 0x00000000e5560000)
  from space 21824K,   0% used [0x00000000e5560000, 0x00000000e5560000, 0x00000000e6ab0000)
  to   space 21824K,   0% used [0x00000000e6ab0000, 0x00000000e6ab0000, 0x00000000e8000000)
 concurrent mark-sweep generation total 393216K, used 0K [0x00000000e8000000, 0x0000000100000000, 0x0000000100000000)
 Metaspace       used 17499K, capacity 17824K, committed 18048K, reserved 1064960K
  class space    used 1985K, capacity 2132K, committed 2176K, reserved 1048576K
2017-05-12T23:26:49.144+0200: 1,479: [GC (Allocation Failure) 2017-05-12T23:26:49.144+0200: 1,479: [ParNew
Desired survivor size 20112992 bytes, new threshold 8 (max 8)
- age   1:   11169696 bytes,   11169696 total
: 87424K->11007K(109248K), 0,0622948 secs] 87424K->11007K(502464K), 0,0623919 secs] [Times: user=0,04 sys=0,01, real=0,07 secs] 
Heap after GC invocations=1 (full 0):
 par new generation   total 109248K, used 11007K [0x00000000e0000000, 0x00000000e8000000, 0x00000000e8000000)
  eden space 87424K,   0% used [0x00000000e0000000, 0x00000000e0000000, 0x00000000e5560000)
  from space 21824K,  50% used [0x00000000e6ab0000, 0x00000000e756fdb8, 0x00000000e8000000)
  to   space 21824K,   0% used [0x00000000e5560000, 0x00000000e5560000, 0x00000000e6ab0000)
 concurrent mark-sweep generation total 393216K, used 0K [0x00000000e8000000, 0x0000000100000000, 0x0000000100000000)
 Metaspace       used 17499K, capacity 17824K, committed 18048K, reserved 1064960K
  class space    used 1985K, capacity 2132K, committed 2176K, reserved 1048576K
}
2017-05-12T23:26:49.207+0200: 1,542: Total time for which application threads were stopped: 0,0645240 seconds, Stopping threads took: 0,0019334 seconds
2017-05-12T23:26:50.213+0200: 2,547: Total time for which application threads were stopped: 0,0001959 seconds, Stopping threads took: 0,0000289 seconds
2017-05-12T23:26:50.277+0200: 2,612: Total time for which application threads were stopped: 0,0003047 seconds, Stopping threads took: 0,0000475 seconds
{Heap before GC invocations=1 (full 0):
 par new generation   total 109248K, used 98431K [0x00000000e0000000, 0x00000000e8000000, 0x00000000e8000000)
  eden space 87424K, 100% used [0x00000000e0000000, 0x00000000e5560000, 0x00000000e5560000)
  from space 21824K,  50% used [0x00000000e6ab0000, 0x00000000e756fdb8, 0x00000000e8000000)
  to   space 21824K,   0% used [0x00000000e5560000, 0x00000000e5560000, 0x00000000e6ab0000)
 concurrent mark-sweep generation total 393216K, used 0K [0x00000000e8000000, 0x0000000100000000, 0x0000000100000000)
 Metaspace       used 20008K, capacity 20356K, committed 20736K, reserved 1067008K
  class space    used 2293K, capacity 2466K, committed 2560K, reserved 1048576K
2017-05-12T23:26:50.328+0200: 2,663: [GC (Allocation Failure) 2017-05-12T23:26:50.328+0200: 2,663: [ParNew
Desired survivor size 20112992 bytes, new threshold 8 (max 8)
- age   1:    4857960 bytes,    4857960 total
- age   2:    5780176 bytes,   10638136 total
: 98431K->15948K(109248K), 0,0481032 secs] 98431K->15948K(502464K), 0,0483017 secs] [Times: user=0,09 sys=0,01, real=0,05 secs] 
Heap after GC invocations=2 (full 0):
 par new generation   total 109248K, used 15948K [0x00000000e0000000, 0x00000000e8000000, 0x00000000e8000000)
  eden space 87424K,   0% used [0x00000000e0000000, 0x00000000e0000000, 0x00000000e5560000)
  from space 21824K,  73% used [0x00000000e5560000, 0x00000000e64f3360, 0x00000000e6ab0000)
  to   space 21824K,   0% used [0x00000000e6ab0000, 0x00000000e6ab0000, 0x00000000e8000000)
 concurrent mark-sweep generation total 393216K, used 0K [0x00000000e8000000, 0x0000000100000000, 0x0000000100000000)
 Metaspace       used 20008K, capacity 20356K, committed 20736K, reserved 1067008K
  class space    used 2293K, capacity 2466K, committed 2560K, reserved 1048576K
}
2017-05-12T23:26:50.377+0200: 2,711: Total time for which application threads were stopped: 0,0495265 seconds, Stopping threads took: 0,0007666 seconds
2017-05-12T23:26:50.448+0200: 2,783: Total time for which application threads were stopped: 0,0080414 seconds, Stopping threads took: 0,0067147 seconds
2017-05-12T23:26:50.600+0200: 2,935: Total time for which application threads were stopped: 0,0024767 seconds, Stopping threads took: 0,0003164 seconds
2017-05-12T23:26:51.183+0200: 3,517: Total time for which application threads were stopped: 0,0002521 seconds, Stopping threads took: 0,0000882 seconds
{Heap before GC invocations=2 (full 0):
 par new generation   total 109248K, used 103372K [0x00000000e0000000, 0x00000000e8000000, 0x00000000e8000000)
  eden space 87424K, 100% used [0x00000000e0000000, 0x00000000e5560000, 0x00000000e5560000)
  from space 21824K,  73% used [0x00000000e5560000, 0x00000000e64f3360, 0x00000000e6ab0000)
  to   space 21824K,   0% used [0x00000000e6ab0000, 0x00000000e6ab0000, 0x00000000e8000000)
 concurrent mark-sweep generation total 393216K, used 0K [0x00000000e8000000, 0x0000000100000000, 0x0000000100000000)
 Metaspace       used 20932K, capacity 21277K, committed 21552K, reserved 1069056K
  class space    used 2415K, capacity 2585K, committed 2608K, reserved 1048576K
2017-05-12T23:26:51.198+0200: 3,533: [GC (Allocation Failure) 2017-05-12T23:26:51.198+0200: 3,533: [ParNew
Desired survivor size 20112992 bytes, new threshold 8 (max 8)
- age   1:    2180672 bytes,    2180672 total
- age   2:    1701776 bytes,    3882448 total
- age   3:    5778312 bytes,    9660760 total
: 103372K->13107K(109248K), 0,0119741 secs] 103372K->13107K(502464K), 0,0120603 secs] [Times: user=0,04 sys=0,00, real=0,01 secs] 
Heap after GC invocations=3 (full 0):
 par new generation   total 109248K, used 13107K [0x00000000e0000000, 0x00000000e8000000, 0x00000000e8000000)
  eden space 87424K,   0% used [0x00000000e0000000, 0x00000000e0000000, 0x00000000e5560000)
  from space 21824K,  60% used [0x00000000e6ab0000, 0x00000000e777cf60, 0x00000000e8000000)
  to   space 21824K,   0% used [0x00000000e5560000, 0x00000000e5560000, 0x00000000e6ab0000)
 concurrent mark-sweep generation total 393216K, used 0K [0x00000000e8000000, 0x0000000100000000, 0x0000000100000000)
 Metaspace       used 20932K, capacity 21277K, committed 21552K, reserved 1069056K
  class space    used 2415K, capacity 2585K, committed 2608K, reserved 1048576K
}
2017-05-12T23:26:51.210+0200: 3,545: Total time for which application threads were stopped: 0,0132324 seconds, Stopping threads took: 0,0010251 seconds
2017-05-12T23:26:51.211+0200: 3,545: [GC (CMS Initial Mark) [1 CMS-initial-mark: 0K(393216K)] 13107K(502464K), 0,0035500 secs] [Times: user=0,01 sys=0,00, real=0,01 secs] 
2017-05-12T23:26:51.214+0200: 3,549: Total time for which application threads were stopped: 0,0037066 seconds, Stopping threads took: 0,0000474 seconds
2017-05-12T23:26:51.214+0200: 3,549: [CMS-concurrent-mark-start]
2017-05-12T23:26:51.215+0200: 3,550: [CMS-concurrent-mark: 0,001/0,001 secs] [Times: user=0,00 sys=0,00, real=0,00 secs] 
2017-05-12T23:26:51.215+0200: 3,550: [CMS-concurrent-preclean-start]
2017-05-12T23:26:51.216+0200: 3,551: [CMS-concurrent-preclean: 0,001/0,001 secs] [Times: user=0,00 sys=0,00, real=0,00 secs] 
2017-05-12T23:26:51.216+0200: 3,551: [CMS-concurrent-abortable-preclean-start]
{Heap before GC invocations=3 (full 1):
 par new generation   total 109248K, used 100531K [0x00000000e0000000, 0x00000000e8000000, 0x00000000e8000000)
  eden space 87424K, 100% used [0x00000000e0000000, 0x00000000e5560000, 0x00000000e5560000)
  from space 21824K,  60% used [0x00000000e6ab0000, 0x00000000e777cf60, 0x00000000e8000000)
  to   space 21824K,   0% used [0x00000000e5560000, 0x00000000e5560000, 0x00000000e6ab0000)
 concurrent mark-sweep generation total 393216K, used 0K [0x00000000e8000000, 0x0000000100000000, 0x0000000100000000)
 Metaspace       used 21208K, capacity 21547K, committed 21628K, reserved 1069056K
  class space    used 2444K, capacity 2599K, committed 2608K, reserved 1048576K
2017-05-12T23:26:51.338+0200: 3,673: [GC (Allocation Failure) 2017-05-12T23:26:51.338+0200: 3,673: [ParNew
Desired survivor size 20112992 bytes, new threshold 8 (max 8)
- age   1:     945552 bytes,     945552 total
- age   2:    1482856 bytes,    2428408 total
- age   3:    1665016 bytes,    4093424 total
- age   4:    5778408 bytes,    9871832 total
: 100531K->11575K(109248K), 0,0227658 secs] 100531K->11575K(502464K), 0,0228266 secs] [Times: user=0,05 sys=0,00, real=0,02 secs] 
Heap after GC invocations=4 (full 1):
 par new generation   total 109248K, used 11575K [0x00000000e0000000, 0x00000000e8000000, 0x00000000e8000000)
  eden space 87424K,   0% used [0x00000000e0000000, 0x00000000e0000000, 0x00000000e5560000)
  from space 21824K,  53% used [0x00000000e5560000, 0x00000000e60adde0, 0x00000000e6ab0000)
  to   space 21824K,   0% used [0x00000000e6ab0000, 0x00000000e6ab0000, 0x00000000e8000000)
 concurrent mark-sweep generation total 393216K, used 0K [0x00000000e8000000, 0x0000000100000000, 0x0000000100000000)
 Metaspace       used 21208K, capacity 21547K, committed 21628K, reserved 1069056K
  class space    used 2444K, capacity 2599K, committed 2608K, reserved 1048576K
}
2017-05-12T23:26:51.361+0200: 3,696: Total time for which application threads were stopped: 0,0258672 seconds, Stopping threads took: 0,0028861 seconds
2017-05-12T23:26:51.361+0200: 3,696: [CMS-concurrent-abortable-preclean: 0,088/0,144 secs] [Times: user=0,51 sys=0,00, real=0,14 secs] 
2017-05-12T23:26:51.369+0200: 3,703: [GC (CMS Final Remark) [YG occupancy: 16373 K (109248 K)]{Heap before GC invocations=4 (full 1):
 par new generation   total 109248K, used 16373K [0x00000000e0000000, 0x00000000e8000000, 0x00000000e8000000)
  eden space 87424K,   5% used [0x00000000e0000000, 0x00000000e04af9b8, 0x00000000e5560000)
  from space 21824K,  53% used [0x00000000e5560000, 0x00000000e60adde0, 0x00000000e6ab0000)
  to   space 21824K,   0% used [0x00000000e6ab0000, 0x00000000e6ab0000, 0x00000000e8000000)
 concurrent mark-sweep generation total 393216K, used 0K [0x00000000e8000000, 0x0000000100000000, 0x0000000100000000)
 Metaspace       used 21213K, capacity 21547K, committed 21628K, reserved 1069056K
  class space    used 2446K, capacity 2599K, committed 2608K, reserved 1048576K
2017-05-12T23:26:51.369+0200: 3,703: [GC (CMS Final Remark) 2017-05-12T23:26:51.369+0200: 3,703: [ParNew
Desired survivor size 20112992 bytes, new threshold 8 (max 8)
- age   1:     195320 bytes,     195320 total
- age   2:     322344 bytes,     517664 total
- age   3:    1482896 bytes,    2000560 total
- age   4:    1664984 bytes,    3665544 total
- age   5:    5778608 bytes,    9444152 total
: 16373K->12581K(109248K), 0,0156666 secs] 16373K->12581K(502464K), 0,0157103 secs] [Times: user=0,04 sys=0,00, real=0,01 secs] 
Heap after GC invocations=5 (full 1):
 par new generation   total 109248K, used 12581K [0x00000000e0000000, 0x00000000e8000000, 0x00000000e8000000)
  eden space 87424K,   0% used [0x00000000e0000000, 0x00000000e0000000, 0x00000000e5560000)
  from space 21824K,  57% used [0x00000000e6ab0000, 0x00000000e76f9710, 0x00000000e8000000)
  to   space 21824K,   0% used [0x00000000e5560000, 0x00000000e5560000, 0x00000000e6ab0000)
 concurrent mark-sweep generation total 393216K, used 0K [0x00000000e8000000, 0x0000000100000000, 0x0000000100000000)
 Metaspace       used 21213K, capacity 21547K, committed 21628K, reserved 1069056K
  class space    used 2446K, capacity 2599K, committed 2608K, reserved 1048576K
}
2017-05-12T23:26:51.384+0200: 3,719: [Rescan (parallel) , 0,0049297 secs]2017-05-12T23:26:51.389+0200: 3,724: [weak refs processing, 0,0048667 secs]2017-05-12T23:26:51.394+0200: 3,729: [class unloading, 0,0038977 secs]2017-05-12T23:26:51.398+0200: 3,733: [scrub symbol table, 0,0035677 secs]2017-05-12T23:26:51.402+0200: 3,737: [scrub string table, 0,0004800 secs][1 CMS-remark: 0K(393216K)] 12581K(502464K), 0,0343860 secs] [Times: user=0,07 sys=0,00, real=0,03 secs] 
2017-05-12T23:26:51.403+0200: 3,738: Total time for which application threads were stopped: 0,0361255 seconds, Stopping threads took: 0,0016387 seconds
2017-05-12T23:26:51.403+0200: 3,738: [CMS-concurrent-sweep-start]
2017-05-12T23:26:51.403+0200: 3,738: [CMS-concurrent-sweep: 0,000/0,000 secs] [Times: user=0,00 sys=0,00, real=0,00 secs] 
2017-05-12T23:26:51.403+0200: 3,738: [CMS-concurrent-reset-start]
2017-05-12T23:26:51.405+0200: 3,740: [CMS-concurrent-reset: 0,002/0,002 secs] [Times: user=0,00 sys=0,00, real=0,00 secs] 
{Heap before GC invocations=5 (full 1):
 par new generation   total 109248K, used 100005K [0x00000000e0000000, 0x00000000e8000000, 0x00000000e8000000)
  eden space 87424K, 100% used [0x00000000e0000000, 0x00000000e5560000, 0x00000000e5560000)
  from space 21824K,  57% used [0x00000000e6ab0000, 0x00000000e76f9710, 0x00000000e8000000)
  to   space 21824K,   0% used [0x00000000e5560000, 0x00000000e5560000, 0x00000000e6ab0000)
 concurrent mark-sweep generation total 393216K, used 0K [0x00000000e8000000, 0x0000000100000000, 0x0000000100000000)
 Metaspace       used 21332K, capacity 21713K, committed 22012K, reserved 1069056K
  class space    used 2463K, capacity 2632K, committed 2736K, reserved 1048576K
2017-05-12T23:26:51.497+0200: 3,832: [GC (Allocation Failure) 2017-05-12T23:26:51.497+0200: 3,832: [ParNew
Desired survivor size 20112992 bytes, new threshold 8 (max 8)
- age   1:    1392368 bytes,    1392368 total
- age   2:      11088 bytes,    1403456 total
- age   3:     179176 bytes,    1582632 total
- age   4:    1482752 bytes,    3065384 total
- age   5:    1664904 bytes,    4730288 total
- age   6:    5778520 bytes,   10508808 total
: 100005K->11110K(109248K), 0,0105398 secs] 100005K->11110K(502464K), 0,0106141 secs] [Times: user=0,04 sys=0,00, real=0,01 secs] 
Heap after GC invocations=6 (full 1):
 par new generation   total 109248K, used 11110K [0x00000000e0000000, 0x00000000e8000000, 0x00000000e8000000)
  eden space 87424K,   0% used [0x00000000e0000000, 0x00000000e0000000, 0x00000000e5560000)
  from space 21824K,  50% used [0x00000000e5560000, 0x00000000e6039b00, 0x00000000e6ab0000)
  to   space 21824K,   0% used [0x00000000e6ab0000, 0x00000000e6ab0000, 0x00000000e8000000)
 concurrent mark-sweep generation total 393216K, used 0K [0x00000000e8000000, 0x0000000100000000, 0x0000000100000000)
 Metaspace       used 21332K, capacity 21713K, committed 22012K, reserved 1069056K
  class space    used 2463K, capacity 2632K, committed 2736K, reserved 1048576K
}
2017-05-12T23:26:51.508+0200: 3,843: Total time for which application threads were stopped: 0,0112955 seconds, Stopping threads took: 0,0005315 seconds
2017-05-12T23:26:51.538+0200: 3,873: Total time for which application threads were stopped: 0,0003114 seconds, Stopping threads took: 0,0000179 seconds
2017-05-12T23:26:51.750+0200: 4,085: Total time for which application threads were stopped: 0,0006171 seconds, Stopping threads took: 0,0001358 seconds
2017-05-12T23:26:51.771+0200: 4,106: Total time for which application threads were stopped: 0,0001331 seconds, Stopping threads took: 0,0000525 seconds
2017-05-12T23:26:51.771+0200: 4,106: Total time for which application threads were stopped: 0,0000888 seconds, Stopping threads took: 0,0000458 seconds
2017-05-12T23:26:51.772+0200: 4,107: Total time for which application threads were stopped: 0,0001127 seconds, Stopping threads took: 0,0000340 seconds
2017-05-12T23:26:51.772+0200: 4,107: Total time for which application threads were stopped: 0,0001291 seconds, Stopping threads took: 0,0000358 seconds
2017-05-12T23:26:51.773+0200: 4,107: Total time for which application threads were stopped: 0,0000965 seconds, Stopping threads took: 0,0000245 seconds
2017-05-12T23:26:51.773+0200: 4,108: Total time for which application threads were stopped: 0,0000861 seconds, Stopping threads took: 0,0000190 seconds
2017-05-12T23:26:51.773+0200: 4,108: Total time for which application threads were stopped: 0,0000906 seconds, Stopping threads took: 0,0000242 seconds
2017-05-12T23:26:51.773+0200: 4,108: Total time for which application threads were stopped: 0,0000646 seconds, Stopping threads took: 0,0000200 seconds
2017-05-12T23:26:51.773+0200: 4,108: Total time for which application threads were stopped: 0,0001241 seconds, Stopping threads took: 0,0000768 seconds
2017-05-12T23:26:51.774+0200: 4,109: Total time for which application threads were stopped: 0,0005931 seconds, Stopping threads took: 0,0005271 seconds
2017-05-12T23:26:51.774+0200: 4,109: Total time for which application threads were stopped: 0,0000697 seconds, Stopping threads took: 0,0000244 seconds
2017-05-12T23:26:51.775+0200: 4,109: Total time for which application threads were stopped: 0,0000683 seconds, Stopping threads took: 0,0000207 seconds
2017-05-12T23:26:51.779+0200: 4,113: Total time for which application threads were stopped: 0,0001845 seconds, Stopping threads took: 0,0000926 seconds
2017-05-12T23:26:51.783+0200: 4,117: Total time for which application threads were stopped: 0,0002731 seconds, Stopping threads took: 0,0001746 seconds
2017-05-12T23:26:51.783+0200: 4,118: Total time for which application threads were stopped: 0,0001114 seconds, Stopping threads took: 0,0000371 seconds
2017-05-12T23:26:51.783+0200: 4,118: Total time for which application threads were stopped: 0,0000691 seconds, Stopping threads took: 0,0000290 seconds
2017-05-12T23:26:51.783+0200: 4,118: Total time for which application threads were stopped: 0,0000769 seconds, Stopping threads took: 0,0000331 seconds
2017-05-12T23:26:51.783+0200: 4,118: Total time for which application threads were stopped: 0,0000616 seconds, Stopping threads took: 0,0000197 seconds
2017-05-12T23:26:51.784+0200: 4,118: Total time for which application threads were stopped: 0,0001164 seconds, Stopping threads took: 0,0000776 seconds
2017-05-12T23:26:51.784+0200: 4,119: Total time for which application threads were stopped: 0,0000888 seconds, Stopping threads took: 0,0000258 seconds
2017-05-12T23:26:51.784+0200: 4,119: Total time for which application threads were stopped: 0,0000619 seconds, Stopping threads took: 0,0000239 seconds
2017-05-12T23:26:51.784+0200: 4,119: Total time for which application threads were stopped: 0,0001387 seconds, Stopping threads took: 0,0000187 seconds
2017-05-12T23:26:51.796+0200: 4,131: Total time for which application threads were stopped: 0,0001517 seconds, Stopping threads took: 0,0000626 seconds
2017-05-12T23:26:51.796+0200: 4,131: Total time for which application threads were stopped: 0,0000700 seconds, Stopping threads took: 0,0000215 seconds
2017-05-12T23:26:51.796+0200: 4,131: Total time for which application threads were stopped: 0,0000661 seconds, Stopping threads took: 0,0000228 seconds
2017-05-12T23:26:51.796+0200: 4,131: Total time for which application threads were stopped: 0,0000699 seconds, Stopping threads took: 0,0000202 seconds
2017-05-12T23:26:51.798+0200: 4,133: Total time for which application threads were stopped: 0,0000955 seconds, Stopping threads took: 0,0000238 seconds
2017-05-12T23:26:51.798+0200: 4,133: Total time for which application threads were stopped: 0,0000437 seconds, Stopping threads took: 0,0000137 seconds
2017-05-12T23:26:51.798+0200: 4,133: Total time for which application threads were stopped: 0,0000464 seconds, Stopping threads took: 0,0000076 seconds
2017-05-12T23:26:51.800+0200: 4,135: Total time for which application threads were stopped: 0,0001612 seconds, Stopping threads took: 0,0000925 seconds
2017-05-12T23:26:51.800+0200: 4,135: Total time for which application threads were stopped: 0,0000707 seconds, Stopping threads took: 0,0000218 seconds
2017-05-12T23:26:51.800+0200: 4,135: Total time for which application threads were stopped: 0,0000709 seconds, Stopping threads took: 0,0000247 seconds
2017-05-12T23:26:51.800+0200: 4,135: Total time for which application threads were stopped: 0,0000418 seconds, Stopping threads took: 0,0000088 seconds
2017-05-12T23:26:51.800+0200: 4,135: Total time for which application threads were stopped: 0,0000537 seconds, Stopping threads took: 0,0000204 seconds
2017-05-12T23:26:51.801+0200: 4,135: Total time for which application threads were stopped: 0,0000487 seconds, Stopping threads took: 0,0000115 seconds
2017-05-12T23:26:51.801+0200: 4,136: Total time for which application threads were stopped: 0,0000858 seconds, Stopping threads took: 0,0000194 seconds
2017-05-12T23:26:51.801+0200: 4,136: Total time for which application threads were stopped: 0,0000538 seconds, Stopping threads took: 0,0000113 seconds
2017-05-12T23:26:51.802+0200: 4,137: Total time for which application threads were stopped: 0,0001031 seconds, Stopping threads took: 0,0000355 seconds
2017-05-12T23:26:51.803+0200: 4,138: Total time for which application threads were stopped: 0,0000879 seconds, Stopping threads took: 0,0000200 seconds
2017-05-12T23:26:51.803+0200: 4,138: Total time for which application threads were stopped: 0,0000675 seconds, Stopping threads took: 0,0000239 seconds
2017-05-12T23:26:51.805+0200: 4,140: Total time for which application threads were stopped: 0,0016641 seconds, Stopping threads took: 0,0015832 seconds
2017-05-12T23:26:51.805+0200: 4,140: Total time for which application threads were stopped: 0,0000720 seconds, Stopping threads took: 0,0000271 seconds
2017-05-12T23:26:51.805+0200: 4,140: Total time for which application threads were stopped: 0,0000678 seconds, Stopping threads took: 0,0000222 seconds
2017-05-12T23:26:51.805+0200: 4,140: Total time for which application threads were stopped: 0,0000518 seconds, Stopping threads took: 0,0000114 seconds
2017-05-12T23:26:51.805+0200: 4,140: Total time for which application threads were stopped: 0,0000462 seconds, Stopping threads took: 0,0000108 seconds
2017-05-12T23:26:51.806+0200: 4,140: Total time for which application threads were stopped: 0,0002900 seconds, Stopping threads took: 0,0002521 seconds
2017-05-12T23:26:51.806+0200: 4,141: Total time for which application threads were stopped: 0,0003860 seconds, Stopping threads took: 0,0000163 seconds
2017-05-12T23:26:51.807+0200: 4,142: Total time for which application threads were stopped: 0,0000914 seconds, Stopping threads took: 0,0000431 seconds
2017-05-12T23:26:51.807+0200: 4,142: Total time for which application threads were stopped: 0,0000454 seconds, Stopping threads took: 0,0000197 seconds
2017-05-12T23:26:51.808+0200: 4,142: Total time for which application threads were stopped: 0,0005251 seconds, Stopping threads took: 0,0003998 seconds
2017-05-12T23:26:51.811+0200: 4,145: Total time for which application threads were stopped: 0,0002319 seconds, Stopping threads took: 0,0001688 seconds
2017-05-12T23:26:51.811+0200: 4,146: Total time for which application threads were stopped: 0,0000629 seconds, Stopping threads took: 0,0000334 seconds
2017-05-12T23:26:51.811+0200: 4,146: Total time for which application threads were stopped: 0,0000558 seconds, Stopping threads took: 0,0000233 seconds
2017-05-12T23:26:51.811+0200: 4,146: Total time for which application threads were stopped: 0,0000787 seconds, Stopping threads took: 0,0000330 seconds
2017-05-12T23:26:51.812+0200: 4,147: Total time for which application threads were stopped: 0,0000932 seconds, Stopping threads took: 0,0000370 seconds
2017-05-12T23:26:51.813+0200: 4,147: Total time for which application threads were stopped: 0,0000928 seconds, Stopping threads took: 0,0000304 seconds
2017-05-12T23:26:51.815+0200: 4,150: Total time for which application threads were stopped: 0,0001839 seconds, Stopping threads took: 0,0000837 seconds
2017-05-12T23:26:51.823+0200: 4,158: Total time for which application threads were stopped: 0,0004894 seconds, Stopping threads took: 0,0000474 seconds
2017-05-12T23:26:51.823+0200: 4,158: Total time for which application threads were stopped: 0,0001520 seconds, Stopping threads took: 0,0000228 seconds
2017-05-12T23:26:51.835+0200: 4,170: Total time for which application threads were stopped: 0,0001763 seconds, Stopping threads took: 0,0000533 seconds
2017-05-12T23:26:51.835+0200: 4,170: Total time for which application threads were stopped: 0,0001275 seconds, Stopping threads took: 0,0000632 seconds
2017-05-12T23:26:51.838+0200: 4,172: Total time for which application threads were stopped: 0,0001322 seconds, Stopping threads took: 0,0000543 seconds
2017-05-12T23:26:51.843+0200: 4,178: Total time for which application threads were stopped: 0,0001134 seconds, Stopping threads took: 0,0000364 seconds
2017-05-12T23:26:51.846+0200: 4,181: Total time for which application threads were stopped: 0,0030954 seconds, Stopping threads took: 0,0030168 seconds
2017-05-12T23:26:51.859+0200: 4,194: Total time for which application threads were stopped: 0,0000961 seconds, Stopping threads took: 0,0000363 seconds
2017-05-12T23:26:51.860+0200: 4,195: Total time for which application threads were stopped: 0,0001166 seconds, Stopping threads took: 0,0000392 seconds
2017-05-12T23:26:51.865+0200: 4,200: Total time for which application threads were stopped: 0,0002853 seconds, Stopping threads took: 0,0001918 seconds
2017-05-12T23:26:51.868+0200: 4,203: Total time for which application threads were stopped: 0,0001130 seconds, Stopping threads took: 0,0000637 seconds
2017-05-12T23:26:51.869+0200: 4,204: Total time for which application threads were stopped: 0,0000924 seconds, Stopping threads took: 0,0000444 seconds
2017-05-12T23:26:51.919+0200: 4,254: Total time for which application threads were stopped: 0,0002187 seconds, Stopping threads took: 0,0000672 seconds
2017-05-12T23:26:51.922+0200: 4,257: Total time for which application threads were stopped: 0,0031540 seconds, Stopping threads took: 0,0030948 seconds
2017-05-12T23:26:51.942+0200: 4,277: Total time for which application threads were stopped: 0,0020904 seconds, Stopping threads took: 0,0020178 seconds
2017-05-12T23:26:51.947+0200: 4,282: Total time for which application threads were stopped: 0,0001720 seconds, Stopping threads took: 0,0000791 seconds
2017-05-12T23:26:51.953+0200: 4,288: Total time for which application threads were stopped: 0,0001822 seconds, Stopping threads took: 0,0000506 seconds
2017-05-12T23:26:51.955+0200: 4,290: Total time for which application threads were stopped: 0,0001542 seconds, Stopping threads took: 0,0000533 seconds
2017-05-12T23:26:51.961+0200: 4,296: Total time for which application threads were stopped: 0,0057657 seconds, Stopping threads took: 0,0056937 seconds
2017-05-12T23:26:51.963+0200: 4,298: Total time for which application threads were stopped: 0,0001856 seconds, Stopping threads took: 0,0000671 seconds
2017-05-12T23:26:51.964+0200: 4,299: Total time for which application threads were stopped: 0,0001299 seconds, Stopping threads took: 0,0000324 seconds
2017-05-12T23:26:51.964+0200: 4,299: Total time for which application threads were stopped: 0,0001194 seconds, Stopping threads took: 0,0000408 seconds
2017-05-12T23:26:51.967+0200: 4,301: Total time for which application threads were stopped: 0,0001777 seconds, Stopping threads took: 0,0000725 seconds
2017-05-12T23:26:51.967+0200: 4,302: Total time for which application threads were stopped: 0,0001217 seconds, Stopping threads took: 0,0000470 seconds
2017-05-12T23:26:51.967+0200: 4,302: Total time for which application threads were stopped: 0,0001060 seconds, Stopping threads took: 0,0000390 seconds
2017-05-12T23:26:51.967+0200: 4,302: Total time for which application threads were stopped: 0,0000911 seconds, Stopping threads took: 0,0000285 seconds
2017-05-12T23:26:51.968+0200: 4,303: Total time for which application threads were stopped: 0,0000736 seconds, Stopping threads took: 0,0000122 seconds
2017-05-12T23:26:51.970+0200: 4,305: Total time for which application threads were stopped: 0,0001351 seconds, Stopping threads took: 0,0000364 seconds
{Heap before GC invocations=6 (full 1):
 par new generation   total 109248K, used 98534K [0x00000000e0000000, 0x00000000e8000000, 0x00000000e8000000)
  eden space 87424K, 100% used [0x00000000e0000000, 0x00000000e5560000, 0x00000000e5560000)
  from space 21824K,  50% used [0x00000000e5560000, 0x00000000e6039b00, 0x00000000e6ab0000)
  to   space 21824K,   0% used [0x00000000e6ab0000, 0x00000000e6ab0000, 0x00000000e8000000)
 concurrent mark-sweep generation total 393216K, used 0K [0x00000000e8000000, 0x0000000100000000, 0x0000000100000000)
 Metaspace       used 23805K, capacity 24217K, committed 24496K, reserved 1071104K
  class space    used 2799K, capacity 2976K, committed 2992K, reserved 1048576K
2017-05-12T23:26:52.003+0200: 4,338: [GC (Allocation Failure) 2017-05-12T23:26:52.003+0200: 4,338: [ParNew
Desired survivor size 20112992 bytes, new threshold 8 (max 8)
- age   1:    5159584 bytes,    5159584 total
- age   2:     103328 bytes,    5262912 total
- age   3:      10960 bytes,    5273872 total
- age   4:     177624 bytes,    5451496 total
- age   5:     313104 bytes,    5764600 total
- age   6:    1640576 bytes,    7405176 total
- age   7:    5770248 bytes,   13175424 total
: 98534K->18171K(109248K), 0,0172765 secs] 98534K->18171K(502464K), 0,0173585 secs] [Times: user=0,06 sys=0,00, real=0,02 secs] 
Heap after GC invocations=7 (full 1):
 par new generation   total 109248K, used 18171K [0x00000000e0000000, 0x00000000e8000000, 0x00000000e8000000)
  eden space 87424K,   0% used [0x00000000e0000000, 0x00000000e0000000, 0x00000000e5560000)
  from space 21824K,  83% used [0x00000000e6ab0000, 0x00000000e7c6ecc0, 0x00000000e8000000)
  to   space 21824K,   0% used [0x00000000e5560000, 0x00000000e5560000, 0x00000000e6ab0000)
 concurrent mark-sweep generation total 393216K, used 0K [0x00000000e8000000, 0x0000000100000000, 0x0000000100000000)
 Metaspace       used 23805K, capacity 24217K, committed 24496K, reserved 1071104K
  class space    used 2799K, capacity 2976K, committed 2992K, reserved 1048576K
}
2017-05-12T23:26:52.021+0200: 4,356: Total time for which application threads were stopped: 0,0176305 seconds, Stopping threads took: 0,0000666 seconds
2017-05-12T23:26:52.022+0200: 4,357: Total time for which application threads were stopped: 0,0001384 seconds, Stopping threads took: 0,0000481 seconds
2017-05-12T23:26:52.023+0200: 4,357: Total time for which application threads were stopped: 0,0001260 seconds, Stopping threads took: 0,0000443 seconds
{Heap before GC invocations=7 (full 1):
 par new generation   total 109248K, used 105595K [0x00000000e0000000, 0x00000000e8000000, 0x00000000e8000000)
  eden space 87424K, 100% used [0x00000000e0000000, 0x00000000e5560000, 0x00000000e5560000)
  from space 21824K,  83% used [0x00000000e6ab0000, 0x00000000e7c6ecc0, 0x00000000e8000000)
  to   space 21824K,   0% used [0x00000000e5560000, 0x00000000e5560000, 0x00000000e6ab0000)
 concurrent mark-sweep generation total 393216K, used 0K [0x00000000e8000000, 0x0000000100000000, 0x0000000100000000)
 Metaspace       used 24381K, capacity 24863K, committed 25136K, reserved 1071104K
  class space    used 2855K, capacity 3041K, committed 3120K, reserved 1048576K
2017-05-12T23:26:52.135+0200: 4,469: [GC (Allocation Failure) 2017-05-12T23:26:52.135+0200: 4,469: [ParNew
Desired survivor size 20112992 bytes, new threshold 8 (max 8)
- age   1:    2340224 bytes,    2340224 total
- age   2:    1764448 bytes,    4104672 total
- age   3:      44432 bytes,    4149104 total
- age   4:       4216 bytes,    4153320 total
- age   5:     111848 bytes,    4265168 total
- age   6:     206256 bytes,    4471424 total
- age   7:    1181440 bytes,    5652864 total
- age   8:    5664264 bytes,   11317128 total
: 105595K->14192K(109248K), 0,0114252 secs] 105595K->14192K(502464K), 0,0115051 secs] [Times: user=0,04 sys=0,00, real=0,00 secs] 
Heap after GC invocations=8 (full 1):
 par new generation   total 109248K, used 14192K [0x00000000e0000000, 0x00000000e8000000, 0x00000000e8000000)
  eden space 87424K,   0% used [0x00000000e0000000, 0x00000000e0000000, 0x00000000e5560000)
  from space 21824K,  65% used [0x00000000e5560000, 0x00000000e633c300, 0x00000000e6ab0000)
  to   space 21824K,   0% used [0x00000000e6ab0000, 0x00000000e6ab0000, 0x00000000e8000000)
 concurrent mark-sweep generation total 393216K, used 0K [0x00000000e8000000, 0x0000000100000000, 0x0000000100000000)
 Metaspace       used 24381K, capacity 24863K, committed 25136K, reserved 1071104K
  class space    used 2855K, capacity 3041K, committed 3120K, reserved 1048576K
}
2017-05-12T23:26:52.146+0200: 4,481: Total time for which application threads were stopped: 0,0133164 seconds, Stopping threads took: 0,0016111 seconds
2017-05-12T23:26:52.150+0200: 4,485: Total time for which application threads were stopped: 0,0034741 seconds, Stopping threads took: 0,0033763 seconds
2017-05-12T23:26:52.151+0200: 4,485: Total time for which application threads were stopped: 0,0000654 seconds, Stopping threads took: 0,0000141 seconds
2017-05-12T23:26:52.152+0200: 4,487: Total time for which application threads were stopped: 0,0001639 seconds, Stopping threads took: 0,0000642 seconds
2017-05-12T23:26:52.173+0200: 4,507: Total time for which application threads were stopped: 0,0002012 seconds, Stopping threads took: 0,0000745 seconds
2017-05-12T23:26:52.190+0200: 4,525: Total time for which application threads were stopped: 0,0043279 seconds, Stopping threads took: 0,0040966 seconds
{Heap before GC invocations=8 (full 1):
 par new generation   total 109248K, used 101616K [0x00000000e0000000, 0x00000000e8000000, 0x00000000e8000000)
  eden space 87424K, 100% used [0x00000000e0000000, 0x00000000e5560000, 0x00000000e5560000)
  from space 21824K,  65% used [0x00000000e5560000, 0x00000000e633c300, 0x00000000e6ab0000)
  to   space 21824K,   0% used [0x00000000e6ab0000, 0x00000000e6ab0000, 0x00000000e8000000)
 concurrent mark-sweep generation total 393216K, used 0K [0x00000000e8000000, 0x0000000100000000, 0x0000000100000000)
 Metaspace       used 24503K, capacity 24953K, committed 25136K, reserved 1071104K
  class space    used 2866K, capacity 3046K, committed 3120K, reserved 1048576K
2017-05-12T23:26:52.236+0200: 4,571: [GC (Allocation Failure) 2017-05-12T23:26:52.236+0200: 4,571: [ParNew
Desired survivor size 20112992 bytes, new threshold 8 (max 8)
- age   1:     708200 bytes,     708200 total
- age   2:     998016 bytes,    1706216 total
- age   3:    1740392 bytes,    3446608 total
- age   4:      44432 bytes,    3491040 total
- age   5:       4216 bytes,    3495256 total
- age   6:     111648 bytes,    3606904 total
- age   7:     203488 bytes,    3810392 total
- age   8:    1180672 bytes,    4991064 total
: 101616K->10062K(109248K), 0,0274412 secs] 101616K->16150K(502464K), 0,0275288 secs] [Times: user=0,09 sys=0,00, real=0,02 secs] 
Heap after GC invocations=9 (full 1):
 par new generation   total 109248K, used 10062K [0x00000000e0000000, 0x00000000e8000000, 0x00000000e8000000)
  eden space 87424K,   0% used [0x00000000e0000000, 0x00000000e0000000, 0x00000000e5560000)
  from space 21824K,  46% used [0x00000000e6ab0000, 0x00000000e7483ba0, 0x00000000e8000000)
  to   space 21824K,   0% used [0x00000000e5560000, 0x00000000e5560000, 0x00000000e6ab0000)
 concurrent mark-sweep generation total 393216K, used 6087K [0x00000000e8000000, 0x0000000100000000, 0x0000000100000000)
 Metaspace       used 24503K, capacity 24953K, committed 25136K, reserved 1071104K
  class space    used 2866K, capacity 3046K, committed 3120K, reserved 1048576K
}
2017-05-12T23:26:52.263+0200: 4,598: Total time for which application threads were stopped: 0,0278830 seconds, Stopping threads took: 0,0001803 seconds
2017-05-12T23:26:52.374+0200: 4,709: Total time for which application threads were stopped: 0,0012797 seconds, Stopping threads took: 0,0011617 seconds
2017-05-12T23:26:52.379+0200: 4,714: Total time for which application threads were stopped: 0,0004373 seconds, Stopping threads took: 0,0003446 seconds
2017-05-12T23:26:52.389+0200: 4,723: Total time for which application threads were stopped: 0,0002048 seconds, Stopping threads took: 0,0000992 seconds
2017-05-12T23:26:52.389+0200: 4,724: Total time for which application threads were stopped: 0,0001272 seconds, Stopping threads took: 0,0000274 seconds
2017-05-12T23:26:52.390+0200: 4,725: Total time for which application threads were stopped: 0,0003509 seconds, Stopping threads took: 0,0002482 seconds
2017-05-12T23:26:52.493+0200: 4,827: Total time for which application threads were stopped: 0,0003394 seconds, Stopping threads took: 0,0002242 seconds
2017-05-12T23:26:52.498+0200: 4,833: Total time for which application threads were stopped: 0,0004753 seconds, Stopping threads took: 0,0003676 seconds
2017-05-12T23:26:52.501+0200: 4,836: Total time for which application threads were stopped: 0,0001564 seconds, Stopping threads took: 0,0000712 seconds
2017-05-12T23:26:52.506+0200: 4,841: Total time for which application threads were stopped: 0,0001475 seconds, Stopping threads took: 0,0000433 seconds
2017-05-12T23:26:52.506+0200: 4,841: Total time for which application threads were stopped: 0,0001511 seconds, Stopping threads took: 0,0000538 seconds
2017-05-12T23:26:52.535+0200: 4,870: Total time for which application threads were stopped: 0,0001986 seconds, Stopping threads took: 0,0000687 seconds
2017-05-12T23:26:52.563+0200: 4,898: Total time for which application threads were stopped: 0,0001708 seconds, Stopping threads took: 0,0000628 seconds
2017-05-12T23:26:52.564+0200: 4,899: Total time for which application threads were stopped: 0,0004449 seconds, Stopping threads took: 0,0000295 seconds
2017-05-12T23:26:52.615+0200: 4,950: Total time for which application threads were stopped: 0,0001794 seconds, Stopping threads took: 0,0000665 seconds
2017-05-12T23:26:52.623+0200: 4,958: Total time for which application threads were stopped: 0,0005455 seconds, Stopping threads took: 0,0000279 seconds
2017-05-12T23:26:52.641+0200: 4,976: Total time for which application threads were stopped: 0,0004606 seconds, Stopping threads took: 0,0000388 seconds
2017-05-12T23:26:52.723+0200: 5,057: Total time for which application threads were stopped: 0,0011635 seconds, Stopping threads took: 0,0007961 seconds
2017-05-12T23:26:52.730+0200: 5,065: Total time for which application threads were stopped: 0,0001295 seconds, Stopping threads took: 0,0000309 seconds
2017-05-12T23:26:52.730+0200: 5,065: Total time for which application threads were stopped: 0,0001903 seconds, Stopping threads took: 0,0000903 seconds
2017-05-12T23:26:52.754+0200: 5,089: Total time for which application threads were stopped: 0,0039640 seconds, Stopping threads took: 0,0038640 seconds
2017-05-12T23:26:52.764+0200: 5,099: Total time for which application threads were stopped: 0,0001388 seconds, Stopping threads took: 0,0000555 seconds
2017-05-12T23:26:52.769+0200: 5,104: Total time for which application threads were stopped: 0,0001980 seconds, Stopping threads took: 0,0000470 seconds
2017-05-12T23:26:52.770+0200: 5,105: Total time for which application threads were stopped: 0,0001030 seconds, Stopping threads took: 0,0000394 seconds
2017-05-12T23:26:52.783+0200: 5,118: Total time for which application threads were stopped: 0,0001372 seconds, Stopping threads took: 0,0000470 seconds
2017-05-12T23:26:52.804+0200: 5,138: Total time for which application threads were stopped: 0,0001549 seconds, Stopping threads took: 0,0000596 seconds
{Heap before GC invocations=9 (full 1):
 par new generation   total 109248K, used 97486K [0x00000000e0000000, 0x00000000e8000000, 0x00000000e8000000)
  eden space 87424K, 100% used [0x00000000e0000000, 0x00000000e5560000, 0x00000000e5560000)
  from space 21824K,  46% used [0x00000000e6ab0000, 0x00000000e7483ba0, 0x00000000e8000000)
  to   space 21824K,   0% used [0x00000000e5560000, 0x00000000e5560000, 0x00000000e6ab0000)
 concurrent mark-sweep generation total 393216K, used 6087K [0x00000000e8000000, 0x0000000100000000, 0x0000000100000000)
 Metaspace       used 27703K, capacity 28247K, committed 28464K, reserved 1075200K
  class space    used 3167K, capacity 3351K, committed 3376K, reserved 1048576K
2017-05-12T23:26:52.826+0200: 5,160: [GC (Allocation Failure) 2017-05-12T23:26:52.826+0200: 5,160: [ParNew
Desired survivor size 20112992 bytes, new threshold 8 (max 8)
- age   1:    8848424 bytes,    8848424 total
- age   2:     191264 bytes,    9039688 total
- age   3:     217352 bytes,    9257040 total
- age   4:    1727040 bytes,   10984080 total
- age   5:      44432 bytes,   11028512 total
- age   6:       4216 bytes,   11032728 total
- age   7:     109088 bytes,   11141816 total
- age   8:     202944 bytes,   11344760 total
: 97486K->13117K(109248K), 0,0328675 secs] 103574K->20370K(502464K), 0,0329553 secs] [Times: user=0,10 sys=0,00, real=0,04 secs] 
Heap after GC invocations=10 (full 1):
 par new generation   total 109248K, used 13117K [0x00000000e0000000, 0x00000000e8000000, 0x00000000e8000000)
  eden space 87424K,   0% used [0x00000000e0000000, 0x00000000e0000000, 0x00000000e5560000)
  from space 21824K,  60% used [0x00000000e5560000, 0x00000000e622f470, 0x00000000e6ab0000)
  to   space 21824K,   0% used [0x00000000e6ab0000, 0x00000000e6ab0000, 0x00000000e8000000)
 concurrent mark-sweep generation total 393216K, used 7253K [0x00000000e8000000, 0x0000000100000000, 0x0000000100000000)
 Metaspace       used 27703K, capacity 28247K, committed 28464K, reserved 1075200K
  class space    used 3167K, capacity 3351K, committed 3376K, reserved 1048576K
}
2017-05-12T23:26:52.859+0200: 5,193: Total time for which application threads were stopped: 0,0331703 seconds, Stopping threads took: 0,0000580 seconds
2017-05-12T23:26:52.867+0200: 5,202: Total time for which application threads were stopped: 0,0007536 seconds, Stopping threads took: 0,0005847 seconds
2017-05-12T23:26:52.867+0200: 5,202: Total time for which application threads were stopped: 0,0001348 seconds, Stopping threads took: 0,0000574 seconds
2017-05-12T23:26:52.873+0200: 5,208: Total time for which application threads were stopped: 0,0002517 seconds, Stopping threads took: 0,0001828 seconds
2017-05-12T23:26:52.886+0200: 5,221: Total time for which application threads were stopped: 0,0004771 seconds, Stopping threads took: 0,0000499 seconds
2017-05-12T23:26:52.888+0200: 5,223: Total time for which application threads were stopped: 0,0001880 seconds, Stopping threads took: 0,0000458 seconds
2017-05-12T23:26:52.919+0200: 5,254: Total time for which application threads were stopped: 0,0003983 seconds, Stopping threads took: 0,0002876 seconds
2017-05-12T23:28:13.212+0200: 86,265: Total time for which application threads were stopped: 0,0000672 seconds, Stopping threads took: 0,0000164 seconds
2017-05-12T23:28:43.215+0200: 116,268: Total time for which application threads were stopped: 0,0001080 seconds, Stopping threads took: 0,0000428 seconds
2017-05-12T23:28:48.216+0200: 121,269: Total time for which application threads were stopped: 0,0000749 seconds, Stopping threads took: 0,0000181 seconds
2017-05-12T23:29:48.223+0200: 181,276: Total time for which application threads were stopped: 0,0006093 seconds, Stopping threads took: 0,0001840 seconds
2017-05-12T23:31:23.236+0200: 276,289: Total time for which application threads were stopped: 0,0001083 seconds, Stopping threads took: 0,0000461 seconds
2017-05-12T23:50:18.356+0200: 1411,409: Total time for which application threads were stopped: 0,0000962 seconds, Stopping threads took: 0,0000337 seconds
2017-05-12T23:53:43.372+0200: 1616,425: Total time for which application threads were stopped: 0,0001014 seconds, Stopping threads took: 0,0000355 seconds
2017-05-12T23:53:48.373+0200: 1621,426: Total time for which application threads were stopped: 0,0000923 seconds, Stopping threads took: 0,0000223 seconds
2017-05-13T00:01:48.432+0200: 2101,485: Total time for which application threads were stopped: 0,0001125 seconds, Stopping threads took: 0,0000366 seconds
2017-05-13T00:05:08.449+0200: 2301,502: Total time for which application threads were stopped: 0,0001851 seconds, Stopping threads took: 0,0001273 seconds
2017-05-13T00:20:03.531+0200: 3196,585: Total time for which application threads were stopped: 0,0001029 seconds, Stopping threads took: 0,0000387 seconds
2017-05-13T00:29:12.582+0200: 3745,635: Total time for which application threads were stopped: 0,0000977 seconds, Stopping threads took: 0,0000410 seconds
2017-05-13T00:33:12.603+0200: 3985,656: Total time for which application threads were stopped: 0,0003690 seconds, Stopping threads took: 0,0000894 seconds
2017-05-13T00:33:22.604+0200: 3995,657: Total time for which application threads were stopped: 0,0000656 seconds, Stopping threads took: 0,0000180 seconds
2017-05-13T00:45:13.672+0200: 4706,725: Total time for which application threads were stopped: 0,0004805 seconds, Stopping threads took: 0,0001544 seconds
2017-05-13T00:45:18.673+0200: 4711,726: Total time for which application threads were stopped: 0,0004547 seconds, Stopping threads took: 0,0000746 seconds
2017-05-13T01:11:08.829+0200: 6261,883: Total time for which application threads were stopped: 0,0001100 seconds, Stopping threads took: 0,0000467 seconds
2017-05-13T01:28:47.926+0200: 7320,979: Total time for which application threads were stopped: 0,0003516 seconds, Stopping threads took: 0,0000823 seconds
2017-05-13T01:34:47.958+0200: 7681,011: Total time for which application threads were stopped: 0,0001703 seconds, Stopping threads took: 0,0000293 seconds
2017-05-13T01:35:17.960+0200: 7711,013: Total time for which application threads were stopped: 0,0000979 seconds, Stopping threads took: 0,0000358 seconds
2017-05-13T02:38:48.349+0200: 11521,402: Total time for which application threads were stopped: 0,0000798 seconds, Stopping threads took: 0,0000309 seconds
2017-05-13T02:39:18.352+0200: 11551,405: Total time for which application threads were stopped: 0,0001256 seconds, Stopping threads took: 0,0000368 seconds
2017-05-13T03:23:09.827+0200: 14182,880: Total time for which application threads were stopped: 0,0689651 seconds, Stopping threads took: 0,0688767 seconds
2017-05-13T03:23:09.828+0200: 14182,881: Total time for which application threads were stopped: 0,0001546 seconds, Stopping threads took: 0,0000852 seconds
2017-05-13T03:23:09.829+0200: 14182,882: Total time for which application threads were stopped: 0,0001169 seconds, Stopping threads took: 0,0000363 seconds
2017-05-13T03:23:09.830+0200: 14182,883: Total time for which application threads were stopped: 0,0001281 seconds, Stopping threads took: 0,0000417 seconds
2017-05-13T03:23:09.833+0200: 14182,886: Total time for which application threads were stopped: 0,0000831 seconds, Stopping threads took: 0,0000143 seconds
2017-05-13T03:23:09.836+0200: 14182,889: Total time for which application threads were stopped: 0,0001028 seconds, Stopping threads took: 0,0000152 seconds
2017-05-13T03:23:09.838+0200: 14182,891: Total time for which application threads were stopped: 0,0001482 seconds, Stopping threads took: 0,0000638 seconds
2017-05-13T03:23:09.841+0200: 14182,894: Total time for which application threads were stopped: 0,0005682 seconds, Stopping threads took: 0,0004496 seconds
2017-05-13T03:23:09.842+0200: 14182,895: Total time for which application threads were stopped: 0,0001306 seconds, Stopping threads took: 0,0000625 seconds
2017-05-13T03:23:09.842+0200: 14182,895: Total time for which application threads were stopped: 0,0001169 seconds, Stopping threads took: 0,0000525 seconds
2017-05-13T03:23:09.842+0200: 14182,895: Total time for which application threads were stopped: 0,0000445 seconds, Stopping threads took: 0,0000086 seconds
2017-05-13T03:23:09.848+0200: 14182,901: Total time for which application threads were stopped: 0,0000931 seconds, Stopping threads took: 0,0000189 seconds
2017-05-13T03:23:09.848+0200: 14182,901: Total time for which application threads were stopped: 0,0000465 seconds, Stopping threads took: 0,0000068 seconds
2017-05-13T03:23:09.849+0200: 14182,902: Total time for which application threads were stopped: 0,0000865 seconds, Stopping threads took: 0,0000153 seconds
2017-05-13T03:23:09.849+0200: 14182,902: Total time for which application threads were stopped: 0,0000664 seconds, Stopping threads took: 0,0000191 seconds
2017-05-13T03:23:09.849+0200: 14182,902: Total time for which application threads were stopped: 0,0000704 seconds, Stopping threads took: 0,0000162 seconds
2017-05-13T03:23:09.849+0200: 14182,903: Total time for which application threads were stopped: 0,0000740 seconds, Stopping threads took: 0,0000260 seconds
2017-05-13T03:23:09.850+0200: 14182,903: Total time for which application threads were stopped: 0,0000720 seconds, Stopping threads took: 0,0000227 seconds
2017-05-13T03:23:09.850+0200: 14182,903: Total time for which application threads were stopped: 0,0000536 seconds, Stopping threads took: 0,0000095 seconds
2017-05-13T03:23:09.850+0200: 14182,903: Total time for which application threads were stopped: 0,0000439 seconds, Stopping threads took: 0,0000069 seconds
2017-05-13T03:23:09.850+0200: 14182,903: Total time for which application threads were stopped: 0,0000460 seconds, Stopping threads took: 0,0000084 seconds
2017-05-13T03:23:09.850+0200: 14182,903: Total time for which application threads were stopped: 0,0000443 seconds, Stopping threads took: 0,0000082 seconds
2017-05-13T03:23:09.850+0200: 14182,903: Total time for which application threads were stopped: 0,0000601 seconds, Stopping threads took: 0,0000194 seconds
2017-05-13T03:23:09.850+0200: 14182,904: Total time for which application threads were stopped: 0,0004153 seconds, Stopping threads took: 0,0003644 seconds
2017-05-13T03:23:09.851+0200: 14182,904: Total time for which application threads were stopped: 0,0000759 seconds, Stopping threads took: 0,0000152 seconds
2017-05-13T03:23:09.851+0200: 14182,904: Total time for which application threads were stopped: 0,0000556 seconds, Stopping threads took: 0,0000110 seconds
2017-05-13T03:23:09.852+0200: 14182,905: Total time for which application threads were stopped: 0,0001341 seconds, Stopping threads took: 0,0000418 seconds
2017-05-13T03:23:09.853+0200: 14182,906: Total time for which application threads were stopped: 0,0000657 seconds, Stopping threads took: 0,0000147 seconds
2017-05-13T03:23:09.857+0200: 14182,910: Total time for which application threads were stopped: 0,0001181 seconds, Stopping threads took: 0,0000343 seconds
2017-05-13T03:23:09.857+0200: 14182,910: Total time for which application threads were stopped: 0,0000519 seconds, Stopping threads took: 0,0000134 seconds
2017-05-13T03:23:09.857+0200: 14182,910: Total time for which application threads were stopped: 0,0000444 seconds, Stopping threads took: 0,0000136 seconds
2017-05-13T03:23:09.857+0200: 14182,910: Total time for which application threads were stopped: 0,0000414 seconds, Stopping threads took: 0,0000115 seconds
2017-05-13T03:23:09.857+0200: 14182,910: Total time for which application threads were stopped: 0,0000407 seconds, Stopping threads took: 0,0000113 seconds
2017-05-13T03:23:09.859+0200: 14182,912: Total time for which application threads were stopped: 0,0000914 seconds, Stopping threads took: 0,0000244 seconds
2017-05-13T03:23:09.859+0200: 14182,912: Total time for which application threads were stopped: 0,0000485 seconds, Stopping threads took: 0,0000119 seconds
2017-05-13T03:23:09.859+0200: 14182,912: Total time for which application threads were stopped: 0,0000517 seconds, Stopping threads took: 0,0000131 seconds
2017-05-13T03:23:09.865+0200: 14182,918: Total time for which application threads were stopped: 0,0001206 seconds, Stopping threads took: 0,0000328 seconds
2017-05-13T03:23:09.865+0200: 14182,918: Total time for which application threads were stopped: 0,0000562 seconds, Stopping threads took: 0,0000149 seconds
2017-05-13T03:23:09.865+0200: 14182,918: Total time for which application threads were stopped: 0,0000585 seconds, Stopping threads took: 0,0000156 seconds
2017-05-13T03:23:09.865+0200: 14182,918: Total time for which application threads were stopped: 0,0000445 seconds, Stopping threads took: 0,0000133 seconds
2017-05-13T03:23:09.867+0200: 14182,920: Total time for which application threads were stopped: 0,0005662 seconds, Stopping threads took: 0,0004970 seconds
2017-05-13T03:23:09.881+0200: 14182,934: Total time for which application threads were stopped: 0,0003324 seconds, Stopping threads took: 0,0002464 seconds
2017-05-13T03:23:09.898+0200: 14182,951: Total time for which application threads were stopped: 0,0000845 seconds, Stopping threads took: 0,0000136 seconds
2017-05-13T03:23:09.902+0200: 14182,956: Total time for which application threads were stopped: 0,0000925 seconds, Stopping threads took: 0,0000197 seconds
2017-05-13T03:23:09.903+0200: 14182,956: Total time for which application threads were stopped: 0,0000510 seconds, Stopping threads took: 0,0000135 seconds
2017-05-13T03:23:09.903+0200: 14182,956: Total time for which application threads were stopped: 0,0000481 seconds, Stopping threads took: 0,0000173 seconds
2017-05-13T03:23:09.903+0200: 14182,956: Total time for which application threads were stopped: 0,0000462 seconds, Stopping threads took: 0,0000122 seconds
2017-05-13T03:23:09.903+0200: 14182,956: Total time for which application threads were stopped: 0,0000429 seconds, Stopping threads took: 0,0000113 seconds
2017-05-13T03:23:09.903+0200: 14182,956: Total time for which application threads were stopped: 0,0000419 seconds, Stopping threads took: 0,0000130 seconds
2017-05-13T03:23:09.903+0200: 14182,956: Total time for which application threads were stopped: 0,0000396 seconds, Stopping threads took: 0,0000114 seconds
2017-05-13T03:23:09.903+0200: 14182,956: Total time for which application threads were stopped: 0,0000408 seconds, Stopping threads took: 0,0000115 seconds
2017-05-13T03:23:09.903+0200: 14182,956: Total time for which application threads were stopped: 0,0000575 seconds, Stopping threads took: 0,0000233 seconds
2017-05-13T03:23:09.910+0200: 14182,963: Total time for which application threads were stopped: 0,0007275 seconds, Stopping threads took: 0,0006520 seconds
2017-05-13T03:23:09.912+0200: 14182,965: Total time for which application threads were stopped: 0,0012117 seconds, Stopping threads took: 0,0011246 seconds
2017-05-13T03:23:09.913+0200: 14182,966: Total time for which application threads were stopped: 0,0000966 seconds, Stopping threads took: 0,0000256 seconds
2017-05-13T03:23:09.913+0200: 14182,966: Total time for which application threads were stopped: 0,0000510 seconds, Stopping threads took: 0,0000147 seconds
2017-05-13T03:23:09.914+0200: 14182,967: Total time for which application threads were stopped: 0,0000861 seconds, Stopping threads took: 0,0000287 seconds
2017-05-13T03:23:09.914+0200: 14182,967: Total time for which application threads were stopped: 0,0000501 seconds, Stopping threads took: 0,0000161 seconds
2017-05-13T03:23:09.915+0200: 14182,968: Total time for which application threads were stopped: 0,0000920 seconds, Stopping threads took: 0,0000297 seconds
2017-05-13T03:23:09.915+0200: 14182,968: Total time for which application threads were stopped: 0,0000378 seconds, Stopping threads took: 0,0000055 seconds
2017-05-13T03:23:09.915+0200: 14182,968: Total time for which application threads were stopped: 0,0000460 seconds, Stopping threads took: 0,0000126 seconds
2017-05-13T03:23:09.915+0200: 14182,968: Total time for which application threads were stopped: 0,0000442 seconds, Stopping threads took: 0,0000128 seconds
2017-05-13T03:23:09.916+0200: 14182,969: Total time for which application threads were stopped: 0,0001022 seconds, Stopping threads took: 0,0000312 seconds
2017-05-13T03:23:09.916+0200: 14182,969: Total time for which application threads were stopped: 0,0000693 seconds, Stopping threads took: 0,0000341 seconds
2017-05-13T03:23:09.925+0200: 14182,978: Total time for which application threads were stopped: 0,0008853 seconds, Stopping threads took: 0,0007790 seconds
2017-05-13T03:23:09.928+0200: 14182,981: Total time for which application threads were stopped: 0,0000992 seconds, Stopping threads took: 0,0000283 seconds
2017-05-13T03:23:09.928+0200: 14182,982: Total time for which application threads were stopped: 0,0002049 seconds, Stopping threads took: 0,0000235 seconds
2017-05-13T03:23:09.933+0200: 14182,986: Total time for which application threads were stopped: 0,0000904 seconds, Stopping threads took: 0,0000260 seconds
2017-05-13T03:23:09.935+0200: 14182,988: Total time for which application threads were stopped: 0,0001193 seconds, Stopping threads took: 0,0000280 seconds
Heap
 par new generation   total 109248K, used 43189K [0x00000000e0000000, 0x00000000e8000000, 0x00000000e8000000)
  eden space 87424K,  34% used [0x00000000e0000000, 0x00000000e1d5e160, 0x00000000e5560000)
  from space 21824K,  60% used [0x00000000e5560000, 0x00000000e622f470, 0x00000000e6ab0000)
  to   space 21824K,   0% used [0x00000000e6ab0000, 0x00000000e6ab0000, 0x00000000e8000000)
 concurrent mark-sweep generation total 393216K, used 7253K [0x00000000e8000000, 0x0000000100000000, 0x0000000100000000)
 Metaspace       used 28170K, capacity 28645K, committed 28848K, reserved 1075200K
  class space    used 3224K, capacity 3418K, committed 3504K, reserved 1048576K
