OpenJDK 64-Bit Server VM (25.121-b13) for linux-amd64 JRE (1.8.0_121-8u121-b13-0ubuntu1.16.04.2-b13), built on Jan 23 2017 15:51:29 by "buildd" with gcc 5.4.0 20160609
Memory: 4k page, physical 7867764k(7429576k free), swap 8076284k(8076284k free)
CommandLine flags: -XX:CMSInitiatingOccupancyFraction=50 -XX:CMSMaxAbortablePrecleanTime=6000 -XX:+CMSParallelRemarkEnabled -XX:+CMSScavengeBeforeRemark -XX:ConcGCThreads=4 -XX:InitialHeapSize=536870912 -XX:MaxHeapSize=536870912 -XX:MaxTenuringThreshold=8 -XX:NewRatio=3 -XX:OldPLABSize=16 -XX:OnOutOfMemoryError=/opt/solr/bin/oom_solr.sh 8983 /var/solr/logs -XX:ParallelGCThreads=4 -XX:+ParallelRefProcEnabled -XX:PretenureSizeThreshold=67108864 -XX:+PrintGC -XX:+PrintGCApplicationStoppedTime -XX:+PrintGCDateStamps -XX:+PrintGCDetails -XX:+PrintGCTimeStamps -XX:+PrintHeapAtGC -XX:+PrintTenuringDistribution -XX:SurvivorRatio=4 -XX:TargetSurvivorRatio=90 -XX:ThreadStackSize=256 -XX:+UseCMSInitiatingOccupancyOnly -XX:+UseCompressedClassPointers -XX:+UseCompressedOops -XX:+UseConcMarkSweepGC -XX:+UseParNewGC 
2017-04-18T09:47:07.162+0200: 0,147: Total time for which application threads were stopped: 0,0000672 seconds, Stopping threads took: 0,0000098 seconds
2017-04-18T09:47:07.244+0200: 0,228: Total time for which application threads were stopped: 0,0001098 seconds, Stopping threads took: 0,0000118 seconds
2017-04-18T09:47:07.266+0200: 0,251: Total time for which application threads were stopped: 0,0001076 seconds, Stopping threads took: 0,0000187 seconds
2017-04-18T09:47:07.567+0200: 0,552: Total time for which application threads were stopped: 0,0001563 seconds, Stopping threads took: 0,0000273 seconds
2017-04-18T09:47:08.005+0200: 0,990: Total time for which application threads were stopped: 0,0001586 seconds, Stopping threads took: 0,0000116 seconds
2017-04-18T09:47:08.142+0200: 1,127: Total time for which application threads were stopped: 0,0001951 seconds, Stopping threads took: 0,0000185 seconds
2017-04-18T09:47:08.185+0200: 1,170: Total time for which application threads were stopped: 0,0028517 seconds, Stopping threads took: 0,0018299 seconds
2017-04-18T09:47:08.502+0200: 1,487: Total time for which application threads were stopped: 0,0001683 seconds, Stopping threads took: 0,0000155 seconds
2017-04-18T09:47:08.784+0200: 1,769: Total time for which application threads were stopped: 0,0003783 seconds, Stopping threads took: 0,0000293 seconds
2017-04-18T09:47:08.811+0200: 1,795: Total time for which application threads were stopped: 0,0002198 seconds, Stopping threads took: 0,0000486 seconds
2017-04-18T09:47:08.855+0200: 1,840: Total time for which application threads were stopped: 0,0003093 seconds, Stopping threads took: 0,0000389 seconds
2017-04-18T09:47:08.858+0200: 1,843: Total time for which application threads were stopped: 0,0002022 seconds, Stopping threads took: 0,0000214 seconds
2017-04-18T09:47:08.879+0200: 1,863: Total time for which application threads were stopped: 0,0002014 seconds, Stopping threads took: 0,0000138 seconds
2017-04-18T09:47:08.956+0200: 1,941: Total time for which application threads were stopped: 0,0002633 seconds, Stopping threads took: 0,0000241 seconds
2017-04-18T09:47:09.124+0200: 2,108: Total time for which application threads were stopped: 0,0002833 seconds, Stopping threads took: 0,0000613 seconds
{Heap before GC invocations=0 (full 0):
 par new generation   total 109248K, used 87424K [0x00000000e0000000, 0x00000000e8000000, 0x00000000e8000000)
  eden space 87424K, 100% used [0x00000000e0000000, 0x00000000e5560000, 0x00000000e5560000)
  from space 21824K,   0% used [0x00000000e5560000, 0x00000000e5560000, 0x00000000e6ab0000)
  to   space 21824K,   0% used [0x00000000e6ab0000, 0x00000000e6ab0000, 0x00000000e8000000)
 concurrent mark-sweep generation total 393216K, used 0K [0x00000000e8000000, 0x0000000100000000, 0x0000000100000000)
 Metaspace       used 18193K, capacity 18464K, committed 18688K, reserved 1064960K
  class space    used 2057K, capacity 2196K, committed 2304K, reserved 1048576K
2017-04-18T09:47:09.239+0200: 2,224: [GC (Allocation Failure) 2017-04-18T09:47:09.239+0200: 2,224: [ParNew
Desired survivor size 20112992 bytes, new threshold 8 (max 8)
- age   1:   12801032 bytes,   12801032 total
: 87424K->12624K(109248K), 0,0189130 secs] 87424K->12624K(502464K), 0,0190094 secs] [Times: user=0,05 sys=0,02, real=0,02 secs] 
Heap after GC invocations=1 (full 0):
 par new generation   total 109248K, used 12624K [0x00000000e0000000, 0x00000000e8000000, 0x00000000e8000000)
  eden space 87424K,   0% used [0x00000000e0000000, 0x00000000e0000000, 0x00000000e5560000)
  from space 21824K,  57% used [0x00000000e6ab0000, 0x00000000e7704328, 0x00000000e8000000)
  to   space 21824K,   0% used [0x00000000e5560000, 0x00000000e5560000, 0x00000000e6ab0000)
 concurrent mark-sweep generation total 393216K, used 0K [0x00000000e8000000, 0x0000000100000000, 0x0000000100000000)
 Metaspace       used 18193K, capacity 18464K, committed 18688K, reserved 1064960K
  class space    used 2057K, capacity 2196K, committed 2304K, reserved 1048576K
}
2017-04-18T09:47:09.258+0200: 2,243: Total time for which application threads were stopped: 0,0213387 seconds, Stopping threads took: 0,0020824 seconds
2017-04-18T09:47:09.537+0200: 2,522: Total time for which application threads were stopped: 0,0015765 seconds, Stopping threads took: 0,0013215 seconds
{Heap before GC invocations=1 (full 0):
 par new generation   total 109248K, used 100033K [0x00000000e0000000, 0x00000000e8000000, 0x00000000e8000000)
  eden space 87424K,  99% used [0x00000000e0000000, 0x00000000e555c3d0, 0x00000000e5560000)
  from space 21824K,  57% used [0x00000000e6ab0000, 0x00000000e7704328, 0x00000000e8000000)
  to   space 21824K,   0% used [0x00000000e5560000, 0x00000000e5560000, 0x00000000e6ab0000)
 concurrent mark-sweep generation total 393216K, used 0K [0x00000000e8000000, 0x0000000100000000, 0x0000000100000000)
 Metaspace       used 20055K, capacity 20410K, committed 20736K, reserved 1067008K
  class space    used 2292K, capacity 2463K, committed 2560K, reserved 1048576K
2017-04-18T09:47:09.599+0200: 2,583: [GC (Allocation Failure) 2017-04-18T09:47:09.599+0200: 2,584: [ParNew
Desired survivor size 20112992 bytes, new threshold 8 (max 8)
- age   1:    3476424 bytes,    3476424 total
- age   2:    6699792 bytes,   10176216 total
: 100033K->13895K(109248K), 0,0167279 secs] 100033K->13895K(502464K), 0,0167929 secs] [Times: user=0,06 sys=0,00, real=0,02 secs] 
Heap after GC invocations=2 (full 0):
 par new generation   total 109248K, used 13895K [0x00000000e0000000, 0x00000000e8000000, 0x00000000e8000000)
  eden space 87424K,   0% used [0x00000000e0000000, 0x00000000e0000000, 0x00000000e5560000)
  from space 21824K,  63% used [0x00000000e5560000, 0x00000000e62f1df8, 0x00000000e6ab0000)
  to   space 21824K,   0% used [0x00000000e6ab0000, 0x00000000e6ab0000, 0x00000000e8000000)
 concurrent mark-sweep generation total 393216K, used 0K [0x00000000e8000000, 0x0000000100000000, 0x0000000100000000)
 Metaspace       used 20055K, capacity 20410K, committed 20736K, reserved 1067008K
  class space    used 2292K, capacity 2463K, committed 2560K, reserved 1048576K
}
2017-04-18T09:47:09.616+0200: 2,600: Total time for which application threads were stopped: 0,0193576 seconds, Stopping threads took: 0,0024017 seconds
2017-04-18T09:47:09.618+0200: 2,603: Total time for which application threads were stopped: 0,0017275 seconds, Stopping threads took: 0,0014920 seconds
2017-04-18T09:47:09.649+0200: 2,634: Total time for which application threads were stopped: 0,0003879 seconds, Stopping threads took: 0,0000643 seconds
2017-04-18T09:47:09.788+0200: 2,773: Total time for which application threads were stopped: 0,0002220 seconds, Stopping threads took: 0,0000479 seconds
{Heap before GC invocations=2 (full 0):
 par new generation   total 109248K, used 101319K [0x00000000e0000000, 0x00000000e8000000, 0x00000000e8000000)
  eden space 87424K, 100% used [0x00000000e0000000, 0x00000000e5560000, 0x00000000e5560000)
  from space 21824K,  63% used [0x00000000e5560000, 0x00000000e62f1df8, 0x00000000e6ab0000)
  to   space 21824K,   0% used [0x00000000e6ab0000, 0x00000000e6ab0000, 0x00000000e8000000)
 concurrent mark-sweep generation total 393216K, used 0K [0x00000000e8000000, 0x0000000100000000, 0x0000000100000000)
 Metaspace       used 20956K, capacity 21268K, committed 21628K, reserved 1069056K
  class space    used 2415K, capacity 2582K, committed 2684K, reserved 1048576K
2017-04-18T09:47:09.821+0200: 2,805: [GC (Allocation Failure) 2017-04-18T09:47:09.821+0200: 2,805: [ParNew
Desired survivor size 20112992 bytes, new threshold 8 (max 8)
- age   1:    2165728 bytes,    2165728 total
- age   2:     825056 bytes,    2990784 total
- age   3:    6687288 bytes,    9678072 total
: 101319K->12851K(109248K), 0,0119099 secs] 101319K->12851K(502464K), 0,0120034 secs] [Times: user=0,04 sys=0,00, real=0,01 secs] 
Heap after GC invocations=3 (full 0):
 par new generation   total 109248K, used 12851K [0x00000000e0000000, 0x00000000e8000000, 0x00000000e8000000)
  eden space 87424K,   0% used [0x00000000e0000000, 0x00000000e0000000, 0x00000000e5560000)
  from space 21824K,  58% used [0x00000000e6ab0000, 0x00000000e773cd30, 0x00000000e8000000)
  to   space 21824K,   0% used [0x00000000e5560000, 0x00000000e5560000, 0x00000000e6ab0000)
 concurrent mark-sweep generation total 393216K, used 0K [0x00000000e8000000, 0x0000000100000000, 0x0000000100000000)
 Metaspace       used 20956K, capacity 21268K, committed 21628K, reserved 1069056K
  class space    used 2415K, capacity 2582K, committed 2684K, reserved 1048576K
}
2017-04-18T09:47:09.833+0200: 2,817: Total time for which application threads were stopped: 0,0122524 seconds, Stopping threads took: 0,0000703 seconds
2017-04-18T09:47:09.833+0200: 2,818: [GC (CMS Initial Mark) [1 CMS-initial-mark: 0K(393216K)] 12867K(502464K), 0,0030437 secs] [Times: user=0,01 sys=0,00, real=0,01 secs] 
2017-04-18T09:47:09.836+0200: 2,821: Total time for which application threads were stopped: 0,0031901 seconds, Stopping threads took: 0,0000457 seconds
2017-04-18T09:47:09.836+0200: 2,821: [CMS-concurrent-mark-start]
2017-04-18T09:47:09.836+0200: 2,821: [CMS-concurrent-mark: 0,000/0,000 secs] [Times: user=0,00 sys=0,00, real=0,00 secs] 
2017-04-18T09:47:09.836+0200: 2,821: [CMS-concurrent-preclean-start]
2017-04-18T09:47:09.837+0200: 2,822: [CMS-concurrent-preclean: 0,001/0,001 secs] [Times: user=0,00 sys=0,00, real=0,00 secs] 
2017-04-18T09:47:09.841+0200: 2,826: [GC (CMS Final Remark) [YG occupancy: 14960 K (109248 K)]{Heap before GC invocations=3 (full 1):
 par new generation   total 109248K, used 14960K [0x00000000e0000000, 0x00000000e8000000, 0x00000000e8000000)
  eden space 87424K,   2% used [0x00000000e0000000, 0x00000000e020f580, 0x00000000e5560000)
  from space 21824K,  58% used [0x00000000e6ab0000, 0x00000000e773cd30, 0x00000000e8000000)
  to   space 21824K,   0% used [0x00000000e5560000, 0x00000000e5560000, 0x00000000e6ab0000)
 concurrent mark-sweep generation total 393216K, used 0K [0x00000000e8000000, 0x0000000100000000, 0x0000000100000000)
 Metaspace       used 20956K, capacity 21268K, committed 21628K, reserved 1069056K
  class space    used 2415K, capacity 2582K, committed 2684K, reserved 1048576K
2017-04-18T09:47:09.841+0200: 2,826: [GC (CMS Final Remark) 2017-04-18T09:47:09.841+0200: 2,826: [ParNew
Desired survivor size 20112992 bytes, new threshold 8 (max 8)
- age   1:      33712 bytes,      33712 total
- age   2:    1997824 bytes,    2031536 total
- age   3:     825056 bytes,    2856592 total
- age   4:    6687144 bytes,    9543736 total
: 14960K->11187K(109248K), 0,0123967 secs] 14960K->11187K(502464K), 0,0124375 secs] [Times: user=0,05 sys=0,00, real=0,01 secs] 
Heap after GC invocations=4 (full 1):
 par new generation   total 109248K, used 11187K [0x00000000e0000000, 0x00000000e8000000, 0x00000000e8000000)
  eden space 87424K,   0% used [0x00000000e0000000, 0x00000000e0000000, 0x00000000e5560000)
  from space 21824K,  51% used [0x00000000e5560000, 0x00000000e604ccd8, 0x00000000e6ab0000)
  to   space 21824K,   0% used [0x00000000e6ab0000, 0x00000000e6ab0000, 0x00000000e8000000)
 concurrent mark-sweep generation total 393216K, used 0K [0x00000000e8000000, 0x0000000100000000, 0x0000000100000000)
 Metaspace       used 20956K, capacity 21268K, committed 21628K, reserved 1069056K
  class space    used 2415K, capacity 2582K, committed 2684K, reserved 1048576K
}
2017-04-18T09:47:09.853+0200: 2,838: [Rescan (parallel) , 0,0047653 secs]2017-04-18T09:47:09.858+0200: 2,843: [weak refs processing, 0,0014767 secs]2017-04-18T09:47:09.860+0200: 2,844: [class unloading, 0,0042615 secs]2017-04-18T09:47:09.864+0200: 2,849: [scrub symbol table, 0,0032711 secs]2017-04-18T09:47:09.867+0200: 2,852: [scrub string table, 0,0003792 secs][1 CMS-remark: 0K(393216K)] 11187K(502464K), 0,0272803 secs] [Times: user=0,09 sys=0,00, real=0,03 secs] 
2017-04-18T09:47:09.868+0200: 2,853: Total time for which application threads were stopped: 0,0306813 seconds, Stopping threads took: 0,0032865 seconds
2017-04-18T09:47:09.878+0200: 2,862: [CMS-concurrent-sweep-start]
2017-04-18T09:47:09.878+0200: 2,863: [CMS-concurrent-sweep: 0,000/0,000 secs] [Times: user=0,00 sys=0,00, real=0,00 secs] 
2017-04-18T09:47:09.878+0200: 2,863: [CMS-concurrent-reset-start]
2017-04-18T09:47:09.880+0200: 2,865: [CMS-concurrent-reset: 0,002/0,002 secs] [Times: user=0,01 sys=0,00, real=0,00 secs] 
{Heap before GC invocations=4 (full 1):
 par new generation   total 109248K, used 98611K [0x00000000e0000000, 0x00000000e8000000, 0x00000000e8000000)
  eden space 87424K, 100% used [0x00000000e0000000, 0x00000000e5560000, 0x00000000e5560000)
  from space 21824K,  51% used [0x00000000e5560000, 0x00000000e604ccd8, 0x00000000e6ab0000)
  to   space 21824K,   0% used [0x00000000e6ab0000, 0x00000000e6ab0000, 0x00000000e8000000)
 concurrent mark-sweep generation total 393216K, used 0K [0x00000000e8000000, 0x0000000100000000, 0x0000000100000000)
 Metaspace       used 21214K, capacity 21556K, committed 21884K, reserved 1069056K
  class space    used 2447K, capacity 2599K, committed 2684K, reserved 1048576K
2017-04-18T09:47:09.975+0200: 2,959: [GC (Allocation Failure) 2017-04-18T09:47:09.975+0200: 2,960: [ParNew
Desired survivor size 20112992 bytes, new threshold 8 (max 8)
- age   1:     981488 bytes,     981488 total
- age   2:        176 bytes,     981664 total
- age   3:    1466768 bytes,    2448432 total
- age   4:     791616 bytes,    3240048 total
- age   5:    6687144 bytes,    9927192 total
: 98611K->12349K(109248K), 0,0109641 secs] 98611K->12349K(502464K), 0,0110392 secs] [Times: user=0,04 sys=0,00, real=0,00 secs] 
Heap after GC invocations=5 (full 1):
 par new generation   total 109248K, used 12349K [0x00000000e0000000, 0x00000000e8000000, 0x00000000e8000000)
  eden space 87424K,   0% used [0x00000000e0000000, 0x00000000e0000000, 0x00000000e5560000)
  from space 21824K,  56% used [0x00000000e6ab0000, 0x00000000e76bf690, 0x00000000e8000000)
  to   space 21824K,   0% used [0x00000000e5560000, 0x00000000e5560000, 0x00000000e6ab0000)
 concurrent mark-sweep generation total 393216K, used 0K [0x00000000e8000000, 0x0000000100000000, 0x0000000100000000)
 Metaspace       used 21214K, capacity 21556K, committed 21884K, reserved 1069056K
  class space    used 2447K, capacity 2599K, committed 2684K, reserved 1048576K
}
2017-04-18T09:47:09.986+0200: 2,971: Total time for which application threads were stopped: 0,0132426 seconds, Stopping threads took: 0,0020338 seconds
{Heap before GC invocations=5 (full 1):
 par new generation   total 109248K, used 99773K [0x00000000e0000000, 0x00000000e8000000, 0x00000000e8000000)
  eden space 87424K, 100% used [0x00000000e0000000, 0x00000000e5560000, 0x00000000e5560000)
  from space 21824K,  56% used [0x00000000e6ab0000, 0x00000000e76bf690, 0x00000000e8000000)
  to   space 21824K,   0% used [0x00000000e5560000, 0x00000000e5560000, 0x00000000e6ab0000)
 concurrent mark-sweep generation total 393216K, used 0K [0x00000000e8000000, 0x0000000100000000, 0x0000000100000000)
 Metaspace       used 21409K, capacity 21792K, committed 21884K, reserved 1069056K
  class space    used 2467K, capacity 2633K, committed 2684K, reserved 1048576K
2017-04-18T09:47:10.095+0200: 3,080: [GC (Allocation Failure) 2017-04-18T09:47:10.095+0200: 3,080: [ParNew
Desired survivor size 20112992 bytes, new threshold 8 (max 8)
- age   1:    1109232 bytes,    1109232 total
- age   2:     190144 bytes,    1299376 total
- age   3:        152 bytes,    1299528 total
- age   4:    1460368 bytes,    2759896 total
- age   5:     791536 bytes,    3551432 total
- age   6:    6687128 bytes,   10238560 total
: 99773K->16325K(109248K), 0,0161926 secs] 99773K->16325K(502464K), 0,0162694 secs] [Times: user=0,05 sys=0,00, real=0,01 secs] 
Heap after GC invocations=6 (full 1):
 par new generation   total 109248K, used 16325K [0x00000000e0000000, 0x00000000e8000000, 0x00000000e8000000)
  eden space 87424K,   0% used [0x00000000e0000000, 0x00000000e0000000, 0x00000000e5560000)
  from space 21824K,  74% used [0x00000000e5560000, 0x00000000e65517e0, 0x00000000e6ab0000)
  to   space 21824K,   0% used [0x00000000e6ab0000, 0x00000000e6ab0000, 0x00000000e8000000)
 concurrent mark-sweep generation total 393216K, used 0K [0x00000000e8000000, 0x0000000100000000, 0x0000000100000000)
 Metaspace       used 21409K, capacity 21792K, committed 21884K, reserved 1069056K
  class space    used 2467K, capacity 2633K, committed 2684K, reserved 1048576K
}
2017-04-18T09:47:10.111+0200: 3,096: Total time for which application threads were stopped: 0,0220126 seconds, Stopping threads took: 0,0055768 seconds
2017-04-18T09:47:10.142+0200: 3,127: Total time for which application threads were stopped: 0,0003475 seconds, Stopping threads took: 0,0000192 seconds
2017-04-18T09:47:10.382+0200: 3,366: Total time for which application threads were stopped: 0,0004135 seconds, Stopping threads took: 0,0000240 seconds
2017-04-18T09:47:10.405+0200: 3,390: Total time for which application threads were stopped: 0,0003686 seconds, Stopping threads took: 0,0000310 seconds
2017-04-18T09:47:10.575+0200: 3,560: Total time for which application threads were stopped: 0,0002386 seconds, Stopping threads took: 0,0000517 seconds
{Heap before GC invocations=6 (full 1):
 par new generation   total 109248K, used 105174K [0x00000000e0000000, 0x00000000e8000000, 0x00000000e8000000)
  eden space 87424K, 100% used [0x00000000e0000000, 0x00000000e5560000, 0x00000000e5560000)
  from space 21824K,  81% used [0x00000000e5560000, 0x00000000e66b5b88, 0x00000000e6ab0000)
  to   space 21824K,   0% used [0x00000000e6ab0000, 0x00000000e6ab0000, 0x00000000e8000000)
 concurrent mark-sweep generation total 393216K, used 0K [0x00000000e8000000, 0x0000000100000000, 0x0000000100000000)
 Metaspace       used 23868K, capacity 24318K, committed 24572K, reserved 1071104K
  class space    used 2814K, capacity 3006K, committed 3068K, reserved 1048576K
2017-04-18T09:47:10.579+0200: 3,564: [GC (GCLocker Initiated GC) 2017-04-18T09:47:10.579+0200: 3,564: [ParNew
Desired survivor size 20112992 bytes, new threshold 8 (max 8)
- age   1:    5364616 bytes,    5364616 total
- age   2:     136552 bytes,    5501168 total
- age   3:     189176 bytes,    5690344 total
- age   4:        152 bytes,    5690496 total
- age   5:     283384 bytes,    5973880 total
- age   6:     765320 bytes,    6739200 total
- age   7:    6678808 bytes,   13418008 total
: 105174K->14495K(109248K), 0,0314470 secs] 105174K->14495K(502464K), 0,0315325 secs] [Times: user=0,07 sys=0,00, real=0,03 secs] 
Heap after GC invocations=7 (full 1):
 par new generation   total 109248K, used 14495K [0x00000000e0000000, 0x00000000e8000000, 0x00000000e8000000)
  eden space 87424K,   0% used [0x00000000e0000000, 0x00000000e0000000, 0x00000000e5560000)
  from space 21824K,  66% used [0x00000000e6ab0000, 0x00000000e78d7f40, 0x00000000e8000000)
  to   space 21824K,   0% used [0x00000000e5560000, 0x00000000e5560000, 0x00000000e6ab0000)
 concurrent mark-sweep generation total 393216K, used 0K [0x00000000e8000000, 0x0000000100000000, 0x0000000100000000)
 Metaspace       used 23868K, capacity 24318K, committed 24572K, reserved 1071104K
  class space    used 2814K, capacity 3006K, committed 3068K, reserved 1048576K
}
2017-04-18T09:47:10.611+0200: 3,596: Total time for which application threads were stopped: 0,0317489 seconds, Stopping threads took: 0,0000407 seconds
{Heap before GC invocations=7 (full 1):
 par new generation   total 109248K, used 101919K [0x00000000e0000000, 0x00000000e8000000, 0x00000000e8000000)
  eden space 87424K, 100% used [0x00000000e0000000, 0x00000000e5560000, 0x00000000e5560000)
  from space 21824K,  66% used [0x00000000e6ab0000, 0x00000000e78d7f40, 0x00000000e8000000)
  to   space 21824K,   0% used [0x00000000e5560000, 0x00000000e5560000, 0x00000000e6ab0000)
 concurrent mark-sweep generation total 393216K, used 0K [0x00000000e8000000, 0x0000000100000000, 0x0000000100000000)
 Metaspace       used 24272K, capacity 24680K, committed 24828K, reserved 1071104K
  class space    used 2847K, capacity 3040K, committed 3068K, reserved 1048576K
2017-04-18T09:47:10.717+0200: 3,702: [GC (Allocation Failure) 2017-04-18T09:47:10.717+0200: 3,702: [ParNew
Desired survivor size 20112992 bytes, new threshold 8 (max 8)
- age   1:    1569376 bytes,    1569376 total
- age   2:    1840368 bytes,    3409744 total
- age   3:      76192 bytes,    3485936 total
- age   4:     104232 bytes,    3590168 total
- age   5:        152 bytes,    3590320 total
- age   6:     185600 bytes,    3775920 total
- age   7:     723096 bytes,    4499016 total
- age   8:    6144888 bytes,   10643904 total
: 101919K->16553K(109248K), 0,0246839 secs] 101919K->16553K(502464K), 0,0247737 secs] [Times: user=0,09 sys=0,00, real=0,02 secs] 
Heap after GC invocations=8 (full 1):
 par new generation   total 109248K, used 16553K [0x00000000e0000000, 0x00000000e8000000, 0x00000000e8000000)
  eden space 87424K,   0% used [0x00000000e0000000, 0x00000000e0000000, 0x00000000e5560000)
  from space 21824K,  75% used [0x00000000e5560000, 0x00000000e658a5f0, 0x00000000e6ab0000)
  to   space 21824K,   0% used [0x00000000e6ab0000, 0x00000000e6ab0000, 0x00000000e8000000)
 concurrent mark-sweep generation total 393216K, used 0K [0x00000000e8000000, 0x0000000100000000, 0x0000000100000000)
 Metaspace       used 24272K, capacity 24680K, committed 24828K, reserved 1071104K
  class space    used 2847K, capacity 3040K, committed 3068K, reserved 1048576K
}
2017-04-18T09:47:10.742+0200: 3,726: Total time for which application threads were stopped: 0,0250416 seconds, Stopping threads took: 0,0000541 seconds
{Heap before GC invocations=8 (full 1):
 par new generation   total 109248K, used 103977K [0x00000000e0000000, 0x00000000e8000000, 0x00000000e8000000)
  eden space 87424K, 100% used [0x00000000e0000000, 0x00000000e5560000, 0x00000000e5560000)
  from space 21824K,  75% used [0x00000000e5560000, 0x00000000e658a5f0, 0x00000000e6ab0000)
  to   space 21824K,   0% used [0x00000000e6ab0000, 0x00000000e6ab0000, 0x00000000e8000000)
 concurrent mark-sweep generation total 393216K, used 0K [0x00000000e8000000, 0x0000000100000000, 0x0000000100000000)
 Metaspace       used 24588K, capacity 25118K, committed 25468K, reserved 1071104K
  class space    used 2875K, capacity 3076K, committed 3196K, reserved 1048576K
2017-04-18T09:47:10.827+0200: 3,812: [GC (Allocation Failure) 2017-04-18T09:47:10.827+0200: 3,812: [ParNew
Desired survivor size 20112992 bytes, new threshold 8 (max 8)
- age   1:    1469192 bytes,    1469192 total
- age   2:     981160 bytes,    2450352 total
- age   3:    1835704 bytes,    4286056 total
- age   4:      76160 bytes,    4362216 total
- age   5:     103960 bytes,    4466176 total
- age   6:        152 bytes,    4466328 total
- age   7:     182800 bytes,    4649128 total
- age   8:     722296 bytes,    5371424 total
: 103977K->6696K(109248K), 0,0291159 secs] 103977K->12780K(502464K), 0,0291895 secs] [Times: user=0,09 sys=0,01, real=0,03 secs] 
Heap after GC invocations=9 (full 1):
 par new generation   total 109248K, used 6696K [0x00000000e0000000, 0x00000000e8000000, 0x00000000e8000000)
  eden space 87424K,   0% used [0x00000000e0000000, 0x00000000e0000000, 0x00000000e5560000)
  from space 21824K,  30% used [0x00000000e6ab0000, 0x00000000e713a380, 0x00000000e8000000)
  to   space 21824K,   0% used [0x00000000e5560000, 0x00000000e5560000, 0x00000000e6ab0000)
 concurrent mark-sweep generation total 393216K, used 6083K [0x00000000e8000000, 0x0000000100000000, 0x0000000100000000)
 Metaspace       used 24588K, capacity 25118K, committed 25468K, reserved 1071104K
  class space    used 2875K, capacity 3076K, committed 3196K, reserved 1048576K
}
2017-04-18T09:47:10.856+0200: 3,841: Total time for which application threads were stopped: 0,0294464 seconds, Stopping threads took: 0,0000963 seconds
2017-04-18T09:47:11.079+0200: 4,064: Total time for which application threads were stopped: 0,0084271 seconds, Stopping threads took: 0,0080190 seconds
2017-04-18T09:47:11.088+0200: 4,073: Total time for which application threads were stopped: 0,0001559 seconds, Stopping threads took: 0,0000639 seconds
2017-04-18T09:47:11.091+0200: 4,076: Total time for which application threads were stopped: 0,0001488 seconds, Stopping threads took: 0,0000499 seconds
2017-04-18T09:47:11.096+0200: 4,081: Total time for which application threads were stopped: 0,0001344 seconds, Stopping threads took: 0,0000455 seconds
2017-04-18T09:47:11.099+0200: 4,084: Total time for which application threads were stopped: 0,0002189 seconds, Stopping threads took: 0,0001252 seconds
2017-04-18T09:47:11.100+0200: 4,085: Total time for which application threads were stopped: 0,0001290 seconds, Stopping threads took: 0,0000343 seconds
2017-04-18T09:47:11.108+0200: 4,092: Total time for which application threads were stopped: 0,0002093 seconds, Stopping threads took: 0,0001199 seconds
2017-04-18T09:47:11.110+0200: 4,094: Total time for which application threads were stopped: 0,0001162 seconds, Stopping threads took: 0,0000315 seconds
2017-04-18T09:47:11.115+0200: 4,100: Total time for which application threads were stopped: 0,0001245 seconds, Stopping threads took: 0,0000406 seconds
2017-04-18T09:47:11.116+0200: 4,101: Total time for which application threads were stopped: 0,0001317 seconds, Stopping threads took: 0,0000350 seconds
2017-04-18T09:47:11.117+0200: 4,102: Total time for which application threads were stopped: 0,0001084 seconds, Stopping threads took: 0,0000363 seconds
2017-04-18T09:47:11.118+0200: 4,103: Total time for which application threads were stopped: 0,0000916 seconds, Stopping threads took: 0,0000341 seconds
2017-04-18T09:47:11.118+0200: 4,103: Total time for which application threads were stopped: 0,0000817 seconds, Stopping threads took: 0,0000241 seconds
2017-04-18T09:47:11.124+0200: 4,109: Total time for which application threads were stopped: 0,0059986 seconds, Stopping threads took: 0,0059055 seconds
2017-04-18T09:47:11.140+0200: 4,125: Total time for which application threads were stopped: 0,0001067 seconds, Stopping threads took: 0,0000296 seconds
2017-04-18T09:47:11.142+0200: 4,127: Total time for which application threads were stopped: 0,0000925 seconds, Stopping threads took: 0,0000183 seconds
2017-04-18T09:47:11.145+0200: 4,130: Total time for which application threads were stopped: 0,0001098 seconds, Stopping threads took: 0,0000342 seconds
2017-04-18T09:47:11.146+0200: 4,131: Total time for which application threads were stopped: 0,0001080 seconds, Stopping threads took: 0,0000356 seconds
2017-04-18T09:47:11.147+0200: 4,131: Total time for which application threads were stopped: 0,0001031 seconds, Stopping threads took: 0,0000330 seconds
2017-04-18T09:47:11.151+0200: 4,136: Total time for which application threads were stopped: 0,0033821 seconds, Stopping threads took: 0,0032694 seconds
2017-04-18T09:47:11.153+0200: 4,138: Total time for which application threads were stopped: 0,0001170 seconds, Stopping threads took: 0,0000216 seconds
2017-04-18T09:47:11.154+0200: 4,138: Total time for which application threads were stopped: 0,0001271 seconds, Stopping threads took: 0,0000415 seconds
2017-04-18T09:47:11.154+0200: 4,139: Total time for which application threads were stopped: 0,0002188 seconds, Stopping threads took: 0,0000355 seconds
2017-04-18T09:47:11.156+0200: 4,141: Total time for which application threads were stopped: 0,0001117 seconds, Stopping threads took: 0,0000341 seconds
2017-04-18T09:47:11.158+0200: 4,143: Total time for which application threads were stopped: 0,0001084 seconds, Stopping threads took: 0,0000371 seconds
2017-04-18T09:47:11.159+0200: 4,144: Total time for which application threads were stopped: 0,0001131 seconds, Stopping threads took: 0,0000360 seconds
2017-04-18T09:47:11.202+0200: 4,187: Total time for which application threads were stopped: 0,0010128 seconds, Stopping threads took: 0,0006135 seconds
2017-04-18T09:47:11.222+0200: 4,207: Total time for which application threads were stopped: 0,0005885 seconds, Stopping threads took: 0,0000431 seconds
2017-04-18T09:47:11.238+0200: 4,223: Total time for which application threads were stopped: 0,0001587 seconds, Stopping threads took: 0,0000365 seconds
2017-04-18T09:47:11.282+0200: 4,267: Total time for which application threads were stopped: 0,0001771 seconds, Stopping threads took: 0,0000411 seconds
2017-04-18T09:47:11.284+0200: 4,269: Total time for which application threads were stopped: 0,0002134 seconds, Stopping threads took: 0,0001207 seconds
2017-04-18T09:47:11.301+0200: 4,286: Total time for which application threads were stopped: 0,0001297 seconds, Stopping threads took: 0,0000335 seconds
2017-04-18T09:47:11.315+0200: 4,300: Total time for which application threads were stopped: 0,0007493 seconds, Stopping threads took: 0,0006586 seconds
2017-04-18T09:47:11.316+0200: 4,301: Total time for which application threads were stopped: 0,0004516 seconds, Stopping threads took: 0,0000285 seconds
2017-04-18T09:47:11.317+0200: 4,302: Total time for which application threads were stopped: 0,0001252 seconds, Stopping threads took: 0,0000333 seconds
2017-04-18T09:47:11.319+0200: 4,303: Total time for which application threads were stopped: 0,0009030 seconds, Stopping threads took: 0,0008167 seconds
2017-04-18T09:47:11.323+0200: 4,308: Total time for which application threads were stopped: 0,0038529 seconds, Stopping threads took: 0,0037379 seconds
2017-04-18T09:47:11.335+0200: 4,320: Total time for which application threads were stopped: 0,0001091 seconds, Stopping threads took: 0,0000362 seconds
2017-04-18T09:47:11.355+0200: 4,340: Total time for which application threads were stopped: 0,0001409 seconds, Stopping threads took: 0,0000495 seconds
2017-04-18T09:47:11.355+0200: 4,340: Total time for which application threads were stopped: 0,0000760 seconds, Stopping threads took: 0,0000193 seconds
2017-04-18T09:47:11.363+0200: 4,348: Total time for which application threads were stopped: 0,0001491 seconds, Stopping threads took: 0,0000493 seconds
2017-04-18T09:47:11.364+0200: 4,348: Total time for which application threads were stopped: 0,0001209 seconds, Stopping threads took: 0,0000325 seconds
2017-04-18T09:47:11.364+0200: 4,348: Total time for which application threads were stopped: 0,0000858 seconds, Stopping threads took: 0,0000119 seconds
2017-04-18T09:47:11.364+0200: 4,349: Total time for which application threads were stopped: 0,0000778 seconds, Stopping threads took: 0,0000087 seconds
2017-04-18T09:47:11.364+0200: 4,349: Total time for which application threads were stopped: 0,0000639 seconds, Stopping threads took: 0,0000087 seconds
2017-04-18T09:47:11.364+0200: 4,349: Total time for which application threads were stopped: 0,0000687 seconds, Stopping threads took: 0,0000091 seconds
2017-04-18T09:47:11.364+0200: 4,349: Total time for which application threads were stopped: 0,0000570 seconds, Stopping threads took: 0,0000081 seconds
2017-04-18T09:47:11.364+0200: 4,349: Total time for which application threads were stopped: 0,0000704 seconds, Stopping threads took: 0,0000096 seconds
2017-04-18T09:47:11.364+0200: 4,349: Total time for which application threads were stopped: 0,0000875 seconds, Stopping threads took: 0,0000081 seconds
2017-04-18T09:47:11.365+0200: 4,349: Total time for which application threads were stopped: 0,0000722 seconds, Stopping threads took: 0,0000106 seconds
2017-04-18T09:47:11.365+0200: 4,350: Total time for which application threads were stopped: 0,0000627 seconds, Stopping threads took: 0,0000123 seconds
2017-04-18T09:47:11.365+0200: 4,350: Total time for which application threads were stopped: 0,0001720 seconds, Stopping threads took: 0,0000090 seconds
2017-04-18T09:47:11.373+0200: 4,358: Total time for which application threads were stopped: 0,0001183 seconds, Stopping threads took: 0,0000377 seconds
2017-04-18T09:47:11.376+0200: 4,361: Total time for which application threads were stopped: 0,0001179 seconds, Stopping threads took: 0,0000326 seconds
2017-04-18T09:47:11.383+0200: 4,368: Total time for which application threads were stopped: 0,0002147 seconds, Stopping threads took: 0,0001120 seconds
2017-04-18T09:47:11.393+0200: 4,378: Total time for which application threads were stopped: 0,0002359 seconds, Stopping threads took: 0,0001406 seconds
2017-04-18T09:47:11.416+0200: 4,401: Total time for which application threads were stopped: 0,0063037 seconds, Stopping threads took: 0,0061983 seconds
2017-04-18T09:47:11.467+0200: 4,451: Total time for which application threads were stopped: 0,0008803 seconds, Stopping threads took: 0,0003590 seconds
2017-04-18T09:47:11.469+0200: 4,453: Total time for which application threads were stopped: 0,0001158 seconds, Stopping threads took: 0,0000314 seconds
2017-04-18T09:47:11.480+0200: 4,464: Total time for which application threads were stopped: 0,0001492 seconds, Stopping threads took: 0,0000511 seconds
2017-04-18T09:47:12.483+0200: 5,468: Total time for which application threads were stopped: 0,0000696 seconds, Stopping threads took: 0,0000172 seconds
2017-04-18T09:48:34.494+0200: 87,479: Total time for which application threads were stopped: 0,0001706 seconds, Stopping threads took: 0,0000729 seconds
2017-04-18T09:49:04.499+0200: 117,484: Total time for which application threads were stopped: 0,0001676 seconds, Stopping threads took: 0,0000669 seconds
2017-04-18T09:49:09.500+0200: 122,485: Total time for which application threads were stopped: 0,0000713 seconds, Stopping threads took: 0,0000204 seconds
{Heap before GC invocations=9 (full 1):
 par new generation   total 109248K, used 94120K [0x00000000e0000000, 0x00000000e8000000, 0x00000000e8000000)
  eden space 87424K, 100% used [0x00000000e0000000, 0x00000000e5560000, 0x00000000e5560000)
  from space 21824K,  30% used [0x00000000e6ab0000, 0x00000000e713a380, 0x00000000e8000000)
  to   space 21824K,   0% used [0x00000000e5560000, 0x00000000e5560000, 0x00000000e6ab0000)
 concurrent mark-sweep generation total 393216K, used 6083K [0x00000000e8000000, 0x0000000100000000, 0x0000000100000000)
 Metaspace       used 27984K, capacity 28486K, committed 28796K, reserved 1075200K
  class space    used 3211K, capacity 3384K, committed 3452K, reserved 1048576K
2017-04-18T09:50:03.039+0200: 176,024: [GC (Allocation Failure) 2017-04-18T09:50:03.039+0200: 176,024: [ParNew
Desired survivor size 20112992 bytes, new threshold 8 (max 8)
- age   1:   11365616 bytes,   11365616 total
- age   2:     178944 bytes,   11544560 total
- age   3:     194664 bytes,   11739224 total
- age   4:    1827736 bytes,   13566960 total
- age   5:      76160 bytes,   13643120 total
- age   6:     103736 bytes,   13746856 total
- age   7:        152 bytes,   13747008 total
- age   8:     182304 bytes,   13929312 total
: 94120K->16678K(109248K), 0,0159002 secs] 100204K->23547K(502464K), 0,0160182 secs] [Times: user=0,05 sys=0,00, real=0,02 secs] 
Heap after GC invocations=10 (full 1):
 par new generation   total 109248K, used 16678K [0x00000000e0000000, 0x00000000e8000000, 0x00000000e8000000)
  eden space 87424K,   0% used [0x00000000e0000000, 0x00000000e0000000, 0x00000000e5560000)
  from space 21824K,  76% used [0x00000000e5560000, 0x00000000e65a9940, 0x00000000e6ab0000)
  to   space 21824K,   0% used [0x00000000e6ab0000, 0x00000000e6ab0000, 0x00000000e8000000)
 concurrent mark-sweep generation total 393216K, used 6869K [0x00000000e8000000, 0x0000000100000000, 0x0000000100000000)
 Metaspace       used 27984K, capacity 28486K, committed 28796K, reserved 1075200K
  class space    used 3211K, capacity 3384K, committed 3452K, reserved 1048576K
}
2017-04-18T09:50:03.055+0200: 176,040: Total time for which application threads were stopped: 0,0162843 seconds, Stopping threads took: 0,0000666 seconds
2017-04-18T09:50:03.055+0200: 176,040: Total time for which application threads were stopped: 0,0000486 seconds, Stopping threads took: 0,0000129 seconds
2017-04-18T09:50:03.056+0200: 176,040: Total time for which application threads were stopped: 0,0000556 seconds, Stopping threads took: 0,0000207 seconds
2017-04-18T09:50:08.057+0200: 181,041: Total time for which application threads were stopped: 0,0000833 seconds, Stopping threads took: 0,0000238 seconds
2017-04-18T09:51:38.072+0200: 271,056: Total time for which application threads were stopped: 0,0000974 seconds, Stopping threads took: 0,0000396 seconds
2017-04-18T09:51:44.073+0200: 277,057: Total time for which application threads were stopped: 0,0000852 seconds, Stopping threads took: 0,0000217 seconds
2017-04-18T10:10:33.249+0200: 1406,234: Total time for which application threads were stopped: 0,0001542 seconds, Stopping threads took: 0,0000562 seconds
2017-04-18T10:13:08.274+0200: 1561,259: Total time for which application threads were stopped: 0,0004937 seconds, Stopping threads took: 0,0001930 seconds
2017-04-18T10:13:09.275+0200: 1562,259: Total time for which application threads were stopped: 0,0004930 seconds, Stopping threads took: 0,0000945 seconds
2017-04-18T10:25:33.367+0200: 2306,352: Total time for which application threads were stopped: 0,0000841 seconds, Stopping threads took: 0,0000347 seconds
2017-04-18T10:25:34.367+0200: 2307,352: Total time for which application threads were stopped: 0,0000703 seconds, Stopping threads took: 0,0000148 seconds
2017-04-18T10:28:39.389+0200: 2492,374: Total time for which application threads were stopped: 0,0000855 seconds, Stopping threads took: 0,0000339 seconds
2017-04-18T10:37:09.662+0200: 3002,646: Total time for which application threads were stopped: 0,0000679 seconds, Stopping threads took: 0,0000166 seconds
2017-04-18T10:37:09.662+0200: 3002,646: Total time for which application threads were stopped: 0,0000228 seconds, Stopping threads took: 0,0000050 seconds
2017-04-18T10:37:09.673+0200: 3002,658: Total time for which application threads were stopped: 0,0009329 seconds, Stopping threads took: 0,0000847 seconds
2017-04-18T10:37:09.695+0200: 3002,680: Total time for which application threads were stopped: 0,0010171 seconds, Stopping threads took: 0,0006441 seconds
2017-04-18T10:37:09.696+0200: 3002,681: Total time for which application threads were stopped: 0,0002567 seconds, Stopping threads took: 0,0000933 seconds
2017-04-18T10:37:09.696+0200: 3002,681: Total time for which application threads were stopped: 0,0002240 seconds, Stopping threads took: 0,0000818 seconds
2017-04-18T10:37:09.697+0200: 3002,681: Total time for which application threads were stopped: 0,0001605 seconds, Stopping threads took: 0,0000517 seconds
2017-04-18T10:37:09.730+0200: 3002,714: Total time for which application threads were stopped: 0,0001079 seconds, Stopping threads took: 0,0000331 seconds
2017-04-18T10:37:09.784+0200: 3002,769: Total time for which application threads were stopped: 0,0001626 seconds, Stopping threads took: 0,0000706 seconds
2017-04-18T10:37:09.790+0200: 3002,775: Total time for which application threads were stopped: 0,0001942 seconds, Stopping threads took: 0,0000498 seconds
2017-04-18T10:37:09.794+0200: 3002,778: Total time for which application threads were stopped: 0,0010568 seconds, Stopping threads took: 0,0009231 seconds
2017-04-18T10:37:09.794+0200: 3002,779: Total time for which application threads were stopped: 0,0000862 seconds, Stopping threads took: 0,0000286 seconds
2017-04-18T10:37:09.794+0200: 3002,779: Total time for which application threads were stopped: 0,0000695 seconds, Stopping threads took: 0,0000275 seconds
2017-04-18T10:37:09.794+0200: 3002,779: Total time for which application threads were stopped: 0,0004006 seconds, Stopping threads took: 0,0001499 seconds
2017-04-18T10:37:09.801+0200: 3002,786: Total time for which application threads were stopped: 0,0053203 seconds, Stopping threads took: 0,0052039 seconds
2017-04-18T10:37:09.802+0200: 3002,786: Total time for which application threads were stopped: 0,0001018 seconds, Stopping threads took: 0,0000357 seconds
2017-04-18T10:37:09.802+0200: 3002,786: Total time for which application threads were stopped: 0,0000564 seconds, Stopping threads took: 0,0000053 seconds
2017-04-18T10:37:09.805+0200: 3002,789: Total time for which application threads were stopped: 0,0016697 seconds, Stopping threads took: 0,0015241 seconds
2017-04-18T10:37:09.856+0200: 3002,841: Total time for which application threads were stopped: 0,0010129 seconds, Stopping threads took: 0,0008857 seconds
2017-04-18T10:37:09.859+0200: 3002,843: Total time for which application threads were stopped: 0,0001217 seconds, Stopping threads took: 0,0000459 seconds
2017-04-18T10:37:09.859+0200: 3002,843: Total time for which application threads were stopped: 0,0000693 seconds, Stopping threads took: 0,0000176 seconds
2017-04-18T10:37:09.891+0200: 3002,875: Total time for which application threads were stopped: 0,0009434 seconds, Stopping threads took: 0,0008415 seconds
2017-04-18T10:37:09.891+0200: 3002,876: Total time for which application threads were stopped: 0,0001257 seconds, Stopping threads took: 0,0000399 seconds
2017-04-18T10:37:09.892+0200: 3002,877: Total time for which application threads were stopped: 0,0001628 seconds, Stopping threads took: 0,0000801 seconds
2017-04-18T10:37:09.893+0200: 3002,878: Total time for which application threads were stopped: 0,0001099 seconds, Stopping threads took: 0,0000272 seconds
2017-04-18T10:37:09.911+0200: 3002,895: Total time for which application threads were stopped: 0,0001990 seconds, Stopping threads took: 0,0000611 seconds
2017-04-18T10:37:09.911+0200: 3002,896: Total time for which application threads were stopped: 0,0000681 seconds, Stopping threads took: 0,0000102 seconds
2017-04-18T10:37:09.911+0200: 3002,896: Total time for which application threads were stopped: 0,0000522 seconds, Stopping threads took: 0,0000070 seconds
2017-04-18T10:37:09.911+0200: 3002,896: Total time for which application threads were stopped: 0,0000470 seconds, Stopping threads took: 0,0000066 seconds
2017-04-18T10:37:09.911+0200: 3002,896: Total time for which application threads were stopped: 0,0001556 seconds, Stopping threads took: 0,0000064 seconds
2017-04-18T10:37:10.911+0200: 3003,896: Total time for which application threads were stopped: 0,0001340 seconds, Stopping threads took: 0,0000313 seconds
2017-04-18T10:37:10.928+0200: 3003,913: Total time for which application threads were stopped: 0,0005711 seconds, Stopping threads took: 0,0000276 seconds
2017-04-18T10:37:10.929+0200: 3003,914: Total time for which application threads were stopped: 0,0005593 seconds, Stopping threads took: 0,0000283 seconds
2017-04-18T10:37:10.942+0200: 3003,927: Total time for which application threads were stopped: 0,0002632 seconds, Stopping threads took: 0,0001674 seconds
2017-04-18T10:37:10.943+0200: 3003,927: Total time for which application threads were stopped: 0,0008390 seconds, Stopping threads took: 0,0007523 seconds
2017-04-18T10:37:10.955+0200: 3003,939: Total time for which application threads were stopped: 0,0032186 seconds, Stopping threads took: 0,0031053 seconds
2017-04-18T10:37:10.955+0200: 3003,940: Total time for which application threads were stopped: 0,0002007 seconds, Stopping threads took: 0,0000702 seconds
2017-04-18T10:37:10.957+0200: 3003,942: Total time for which application threads were stopped: 0,0003041 seconds, Stopping threads took: 0,0001771 seconds
2017-04-18T10:37:11.005+0200: 3003,990: Total time for which application threads were stopped: 0,0001183 seconds, Stopping threads took: 0,0000188 seconds
2017-04-18T10:37:11.006+0200: 3003,990: Total time for which application threads were stopped: 0,0000672 seconds, Stopping threads took: 0,0000106 seconds
2017-04-18T10:37:11.006+0200: 3003,991: Total time for which application threads were stopped: 0,0000597 seconds, Stopping threads took: 0,0000098 seconds
2017-04-18T10:37:11.006+0200: 3003,991: Total time for which application threads were stopped: 0,0000549 seconds, Stopping threads took: 0,0000089 seconds
2017-04-18T10:37:11.006+0200: 3003,991: Total time for which application threads were stopped: 0,0000869 seconds, Stopping threads took: 0,0000155 seconds
2017-04-18T10:37:11.009+0200: 3003,994: Total time for which application threads were stopped: 0,0002173 seconds, Stopping threads took: 0,0001040 seconds
2017-04-18T10:37:11.009+0200: 3003,994: Total time for which application threads were stopped: 0,0001180 seconds, Stopping threads took: 0,0000355 seconds
2017-04-18T10:37:11.011+0200: 3003,996: Total time for which application threads were stopped: 0,0001357 seconds, Stopping threads took: 0,0000461 seconds
2017-04-18T10:37:11.011+0200: 3003,996: Total time for which application threads were stopped: 0,0000789 seconds, Stopping threads took: 0,0000199 seconds
2017-04-18T10:37:11.011+0200: 3003,996: Total time for which application threads were stopped: 0,0000732 seconds, Stopping threads took: 0,0000186 seconds
2017-04-18T10:37:11.012+0200: 3003,996: Total time for which application threads were stopped: 0,0000641 seconds, Stopping threads took: 0,0000158 seconds
2017-04-18T10:37:11.012+0200: 3003,996: Total time for which application threads were stopped: 0,0000745 seconds, Stopping threads took: 0,0000149 seconds
2017-04-18T10:37:11.012+0200: 3003,997: Total time for which application threads were stopped: 0,0000645 seconds, Stopping threads took: 0,0000212 seconds
2017-04-18T10:37:11.019+0200: 3004,004: Total time for which application threads were stopped: 0,0005156 seconds, Stopping threads took: 0,0001041 seconds
2017-04-18T10:37:11.023+0200: 3004,008: Total time for which application threads were stopped: 0,0001059 seconds, Stopping threads took: 0,0000219 seconds
2017-04-18T10:37:11.025+0200: 3004,010: Total time for which application threads were stopped: 0,0001262 seconds, Stopping threads took: 0,0000239 seconds
2017-04-18T10:37:11.025+0200: 3004,010: Total time for which application threads were stopped: 0,0000630 seconds, Stopping threads took: 0,0000069 seconds
2017-04-18T10:37:11.028+0200: 3004,012: Total time for which application threads were stopped: 0,0003118 seconds, Stopping threads took: 0,0001932 seconds
2017-04-18T10:37:11.028+0200: 3004,012: Total time for which application threads were stopped: 0,0000671 seconds, Stopping threads took: 0,0000070 seconds
2017-04-18T10:37:12.028+0200: 3005,013: Total time for which application threads were stopped: 0,0000783 seconds, Stopping threads took: 0,0000154 seconds
2017-04-18T10:37:33.619+0200: 3026,604: Total time for which application threads were stopped: 0,0004107 seconds, Stopping threads took: 0,0000156 seconds
2017-04-18T10:37:33.620+0200: 3026,605: Total time for which application threads were stopped: 0,0003690 seconds, Stopping threads took: 0,0000157 seconds
2017-04-18T10:37:33.626+0200: 3026,610: Total time for which application threads were stopped: 0,0001165 seconds, Stopping threads took: 0,0000538 seconds
2017-04-18T10:37:33.631+0200: 3026,615: Total time for which application threads were stopped: 0,0001438 seconds, Stopping threads took: 0,0000534 seconds
2017-04-18T10:37:33.631+0200: 3026,616: Total time for which application threads were stopped: 0,0000661 seconds, Stopping threads took: 0,0000244 seconds
2017-04-18T10:37:33.632+0200: 3026,617: Total time for which application threads were stopped: 0,0000625 seconds, Stopping threads took: 0,0000141 seconds
2017-04-18T10:37:33.632+0200: 3026,617: Total time for which application threads were stopped: 0,0000333 seconds, Stopping threads took: 0,0000104 seconds
2017-04-18T10:37:33.632+0200: 3026,617: Total time for which application threads were stopped: 0,0000388 seconds, Stopping threads took: 0,0000136 seconds
2017-04-18T10:37:33.632+0200: 3026,617: Total time for which application threads were stopped: 0,0000577 seconds, Stopping threads took: 0,0000281 seconds
2017-04-18T10:37:33.633+0200: 3026,617: Total time for which application threads were stopped: 0,0000488 seconds, Stopping threads took: 0,0000207 seconds
2017-04-18T10:37:33.633+0200: 3026,617: Total time for which application threads were stopped: 0,0000349 seconds, Stopping threads took: 0,0000122 seconds
2017-04-18T10:37:33.633+0200: 3026,617: Total time for which application threads were stopped: 0,0000375 seconds, Stopping threads took: 0,0000164 seconds
2017-04-18T10:37:33.633+0200: 3026,617: Total time for which application threads were stopped: 0,0000369 seconds, Stopping threads took: 0,0000160 seconds
2017-04-18T10:37:33.633+0200: 3026,617: Total time for which application threads were stopped: 0,0000383 seconds, Stopping threads took: 0,0000179 seconds
2017-04-18T10:37:33.633+0200: 3026,618: Total time for which application threads were stopped: 0,0000407 seconds, Stopping threads took: 0,0000190 seconds
2017-04-18T10:37:33.633+0200: 3026,618: Total time for which application threads were stopped: 0,0000330 seconds, Stopping threads took: 0,0000133 seconds
2017-04-18T10:37:33.633+0200: 3026,618: Total time for which application threads were stopped: 0,0000381 seconds, Stopping threads took: 0,0000178 seconds
2017-04-18T10:37:33.633+0200: 3026,618: Total time for which application threads were stopped: 0,0000345 seconds, Stopping threads took: 0,0000154 seconds
2017-04-18T10:37:33.633+0200: 3026,618: Total time for which application threads were stopped: 0,0000347 seconds, Stopping threads took: 0,0000138 seconds
2017-04-18T10:37:33.633+0200: 3026,618: Total time for which application threads were stopped: 0,0000272 seconds, Stopping threads took: 0,0000061 seconds
2017-04-18T10:37:33.633+0200: 3026,618: Total time for which application threads were stopped: 0,0000332 seconds, Stopping threads took: 0,0000120 seconds
2017-04-18T10:37:33.633+0200: 3026,618: Total time for which application threads were stopped: 0,0000317 seconds, Stopping threads took: 0,0000122 seconds
2017-04-18T10:37:33.633+0200: 3026,618: Total time for which application threads were stopped: 0,0000400 seconds, Stopping threads took: 0,0000128 seconds
2017-04-18T10:37:33.638+0200: 3026,623: Total time for which application threads were stopped: 0,0049505 seconds, Stopping threads took: 0,0049082 seconds
2017-04-18T10:37:33.639+0200: 3026,624: Total time for which application threads were stopped: 0,0001090 seconds, Stopping threads took: 0,0000284 seconds
2017-04-18T10:37:33.640+0200: 3026,624: Total time for which application threads were stopped: 0,0000597 seconds, Stopping threads took: 0,0000117 seconds
2017-04-18T10:37:33.640+0200: 3026,625: Total time for which application threads were stopped: 0,0001359 seconds, Stopping threads took: 0,0001092 seconds
2017-04-18T10:37:33.640+0200: 3026,625: Total time for which application threads were stopped: 0,0001595 seconds, Stopping threads took: 0,0001267 seconds
2017-04-18T10:37:33.640+0200: 3026,625: Total time for which application threads were stopped: 0,0000421 seconds, Stopping threads took: 0,0000168 seconds
2017-04-18T10:37:33.640+0200: 3026,625: Total time for which application threads were stopped: 0,0000665 seconds, Stopping threads took: 0,0000418 seconds
2017-04-18T10:37:33.640+0200: 3026,625: Total time for which application threads were stopped: 0,0001695 seconds, Stopping threads took: 0,0001468 seconds
2017-04-18T10:37:33.643+0200: 3026,628: Total time for which application threads were stopped: 0,0001084 seconds, Stopping threads took: 0,0000291 seconds
2017-04-18T10:37:33.643+0200: 3026,628: Total time for which application threads were stopped: 0,0000606 seconds, Stopping threads took: 0,0000229 seconds
2017-04-18T10:37:33.643+0200: 3026,628: Total time for which application threads were stopped: 0,0000281 seconds, Stopping threads took: 0,0000084 seconds
2017-04-18T10:37:33.643+0200: 3026,628: Total time for which application threads were stopped: 0,0000258 seconds, Stopping threads took: 0,0000073 seconds
2017-04-18T10:37:33.643+0200: 3026,628: Total time for which application threads were stopped: 0,0000253 seconds, Stopping threads took: 0,0000069 seconds
2017-04-18T10:37:33.643+0200: 3026,628: Total time for which application threads were stopped: 0,0000435 seconds, Stopping threads took: 0,0000207 seconds
2017-04-18T10:37:33.643+0200: 3026,628: Total time for which application threads were stopped: 0,0000258 seconds, Stopping threads took: 0,0000078 seconds
2017-04-18T10:37:33.644+0200: 3026,628: Total time for which application threads were stopped: 0,0000253 seconds, Stopping threads took: 0,0000074 seconds
2017-04-18T10:37:33.644+0200: 3026,628: Total time for which application threads were stopped: 0,0000281 seconds, Stopping threads took: 0,0000104 seconds
2017-04-18T10:37:33.644+0200: 3026,628: Total time for which application threads were stopped: 0,0000249 seconds, Stopping threads took: 0,0000071 seconds
2017-04-18T10:37:33.645+0200: 3026,630: Total time for which application threads were stopped: 0,0000807 seconds, Stopping threads took: 0,0000408 seconds
2017-04-18T10:37:33.645+0200: 3026,630: Total time for which application threads were stopped: 0,0000290 seconds, Stopping threads took: 0,0000080 seconds
2017-04-18T10:37:33.649+0200: 3026,634: Total time for which application threads were stopped: 0,0000816 seconds, Stopping threads took: 0,0000243 seconds
2017-04-18T10:37:33.655+0200: 3026,640: Total time for which application threads were stopped: 0,0000898 seconds, Stopping threads took: 0,0000341 seconds
2017-04-18T10:37:33.655+0200: 3026,640: Total time for which application threads were stopped: 0,0000850 seconds, Stopping threads took: 0,0000391 seconds
2017-04-18T10:37:33.655+0200: 3026,640: Total time for which application threads were stopped: 0,0000692 seconds, Stopping threads took: 0,0000373 seconds
2017-04-18T10:37:33.655+0200: 3026,640: Total time for which application threads were stopped: 0,0000506 seconds, Stopping threads took: 0,0000185 seconds
2017-04-18T10:37:33.656+0200: 3026,641: Total time for which application threads were stopped: 0,0002475 seconds, Stopping threads took: 0,0002092 seconds
2017-04-18T10:37:33.656+0200: 3026,641: Total time for which application threads were stopped: 0,0000617 seconds, Stopping threads took: 0,0000216 seconds
2017-04-18T10:37:33.656+0200: 3026,641: Total time for which application threads were stopped: 0,0000835 seconds, Stopping threads took: 0,0000390 seconds
2017-04-18T10:37:33.657+0200: 3026,641: Total time for which application threads were stopped: 0,0000733 seconds, Stopping threads took: 0,0000413 seconds
2017-04-18T10:37:33.657+0200: 3026,641: Total time for which application threads were stopped: 0,0000466 seconds, Stopping threads took: 0,0000187 seconds
2017-04-18T10:37:33.657+0200: 3026,641: Total time for which application threads were stopped: 0,0000442 seconds, Stopping threads took: 0,0000204 seconds
2017-04-18T10:37:33.657+0200: 3026,642: Total time for which application threads were stopped: 0,0000339 seconds, Stopping threads took: 0,0000103 seconds
2017-04-18T10:37:33.657+0200: 3026,642: Total time for which application threads were stopped: 0,0000286 seconds, Stopping threads took: 0,0000088 seconds
2017-04-18T10:37:33.657+0200: 3026,642: Total time for which application threads were stopped: 0,0000409 seconds, Stopping threads took: 0,0000201 seconds
2017-04-18T10:37:33.658+0200: 3026,643: Total time for which application threads were stopped: 0,0000416 seconds, Stopping threads took: 0,0000115 seconds
2017-04-18T10:37:33.658+0200: 3026,643: Total time for which application threads were stopped: 0,0000322 seconds, Stopping threads took: 0,0000085 seconds
2017-04-18T10:37:33.658+0200: 3026,643: Total time for which application threads were stopped: 0,0001018 seconds, Stopping threads took: 0,0000127 seconds
2017-04-18T10:37:33.660+0200: 3026,645: Total time for which application threads were stopped: 0,0001084 seconds, Stopping threads took: 0,0000212 seconds
Heap
 par new generation   total 109248K, used 40666K [0x00000000e0000000, 0x00000000e8000000, 0x00000000e8000000)
  eden space 87424K,  27% used [0x00000000e0000000, 0x00000000e176cfc0, 0x00000000e5560000)
  from space 21824K,  76% used [0x00000000e5560000, 0x00000000e65a9940, 0x00000000e6ab0000)
  to   space 21824K,   0% used [0x00000000e6ab0000, 0x00000000e6ab0000, 0x00000000e8000000)
 concurrent mark-sweep generation total 393216K, used 6869K [0x00000000e8000000, 0x0000000100000000, 0x0000000100000000)
 Metaspace       used 29928K, capacity 30528K, committed 30844K, reserved 1077248K
  class space    used 3431K, capacity 3631K, committed 3708K, reserved 1048576K
