OpenJDK 64-Bit Server VM (25.111-b14) for linux-amd64 JRE (1.8.0_111-8u111-b14-2ubuntu0.16.04.2-b14), built on Oct 27 2016 18:10:19 by "buildd" with gcc 5.4.0 20160609
Memory: 4k page, physical 7867800k(7468068k free), swap 8076284k(8076284k free)
CommandLine flags: -XX:CMSInitiatingOccupancyFraction=50 -XX:CMSMaxAbortablePrecleanTime=6000 -XX:+CMSParallelRemarkEnabled -XX:+CMSScavengeBeforeRemark -XX:ConcGCThreads=4 -XX:InitialHeapSize=536870912 -XX:MaxHeapSize=536870912 -XX:MaxTenuringThreshold=8 -XX:NewRatio=3 -XX:OldPLABSize=16 -XX:OnOutOfMemoryError=/opt/solr/bin/oom_solr.sh 8983 /var/solr/logs -XX:ParallelGCThreads=4 -XX:+ParallelRefProcEnabled -XX:PretenureSizeThreshold=67108864 -XX:+PrintGC -XX:+PrintGCApplicationStoppedTime -XX:+PrintGCDateStamps -XX:+PrintGCDetails -XX:+PrintGCTimeStamps -XX:+PrintHeapAtGC -XX:+PrintTenuringDistribution -XX:SurvivorRatio=4 -XX:TargetSurvivorRatio=90 -XX:ThreadStackSize=256 -XX:+UseCMSInitiatingOccupancyOnly -XX:+UseCompressedClassPointers -XX:+UseCompressedOops -XX:+UseConcMarkSweepGC -XX:+UseParNewGC 
2017-01-21T23:48:19.420+0100: 0,154: Total time for which application threads were stopped: 0,0000717 seconds, Stopping threads took: 0,0000104 seconds
2017-01-21T23:48:19.530+0100: 0,265: Total time for which application threads were stopped: 0,0002524 seconds, Stopping threads took: 0,0000272 seconds
2017-01-21T23:48:19.554+0100: 0,289: Total time for which application threads were stopped: 0,0000971 seconds, Stopping threads took: 0,0000240 seconds
2017-01-21T23:48:19.753+0100: 0,487: Total time for which application threads were stopped: 0,0001048 seconds, Stopping threads took: 0,0000114 seconds
2017-01-21T23:48:20.234+0100: 0,969: Total time for which application threads were stopped: 0,0001451 seconds, Stopping threads took: 0,0000173 seconds
2017-01-21T23:48:20.331+0100: 1,066: Total time for which application threads were stopped: 0,0002007 seconds, Stopping threads took: 0,0000301 seconds
2017-01-21T23:48:20.410+0100: 1,145: Total time for which application threads were stopped: 0,0002039 seconds, Stopping threads took: 0,0000395 seconds
2017-01-21T23:48:20.826+0100: 1,561: Total time for which application threads were stopped: 0,0001719 seconds, Stopping threads took: 0,0000162 seconds
2017-01-21T23:48:21.056+0100: 1,791: Total time for which application threads were stopped: 0,0002018 seconds, Stopping threads took: 0,0000148 seconds
2017-01-21T23:48:21.084+0100: 1,818: Total time for which application threads were stopped: 0,0009083 seconds, Stopping threads took: 0,0001797 seconds
2017-01-21T23:48:21.085+0100: 1,819: Total time for which application threads were stopped: 0,0001205 seconds, Stopping threads took: 0,0000072 seconds
2017-01-21T23:48:21.096+0100: 1,831: Total time for which application threads were stopped: 0,0001723 seconds, Stopping threads took: 0,0000130 seconds
2017-01-21T23:48:21.204+0100: 1,938: Total time for which application threads were stopped: 0,0002022 seconds, Stopping threads took: 0,0000175 seconds
2017-01-21T23:48:21.341+0100: 2,076: Total time for which application threads were stopped: 0,0003137 seconds, Stopping threads took: 0,0001001 seconds
{Heap before GC invocations=0 (full 0):
 par new generation   total 109248K, used 87424K [0x00000000e0000000, 0x00000000e8000000, 0x00000000e8000000)
  eden space 87424K, 100% used [0x00000000e0000000, 0x00000000e5560000, 0x00000000e5560000)
  from space 21824K,   0% used [0x00000000e5560000, 0x00000000e5560000, 0x00000000e6ab0000)
  to   space 21824K,   0% used [0x00000000e6ab0000, 0x00000000e6ab0000, 0x00000000e8000000)
 concurrent mark-sweep generation total 393216K, used 0K [0x00000000e8000000, 0x0000000100000000, 0x0000000100000000)
 Metaspace       used 18346K, capacity 18686K, committed 18944K, reserved 1067008K
  class space    used 2090K, capacity 2226K, committed 2304K, reserved 1048576K
2017-01-21T23:48:21.474+0100: 2,209: [GC (Allocation Failure) 2017-01-21T23:48:21.474+0100: 2,209: [ParNew
Desired survivor size 20112992 bytes, new threshold 8 (max 8)
- age   1:   12577160 bytes,   12577160 total
: 87424K->12399K(109248K), 0,0205684 secs] 87424K->12399K(502464K), 0,0206532 secs] [Times: user=0,05 sys=0,02, real=0,02 secs] 
Heap after GC invocations=1 (full 0):
 par new generation   total 109248K, used 12399K [0x00000000e0000000, 0x00000000e8000000, 0x00000000e8000000)
  eden space 87424K,   0% used [0x00000000e0000000, 0x00000000e0000000, 0x00000000e5560000)
  from space 21824K,  56% used [0x00000000e6ab0000, 0x00000000e76cbf88, 0x00000000e8000000)
  to   space 21824K,   0% used [0x00000000e5560000, 0x00000000e5560000, 0x00000000e6ab0000)
 concurrent mark-sweep generation total 393216K, used 0K [0x00000000e8000000, 0x0000000100000000, 0x0000000100000000)
 Metaspace       used 18346K, capacity 18686K, committed 18944K, reserved 1067008K
  class space    used 2090K, capacity 2226K, committed 2304K, reserved 1048576K
}
2017-01-21T23:48:21.495+0100: 2,230: Total time for which application threads were stopped: 0,0208123 seconds, Stopping threads took: 0,0000192 seconds
2017-01-21T23:48:21.648+0100: 2,383: Total time for which application threads were stopped: 0,0002841 seconds, Stopping threads took: 0,0000361 seconds
2017-01-21T23:48:21.679+0100: 2,413: Total time for which application threads were stopped: 0,0003341 seconds, Stopping threads took: 0,0000384 seconds
2017-01-21T23:48:21.706+0100: 2,441: Total time for which application threads were stopped: 0,0003471 seconds, Stopping threads took: 0,0000402 seconds
{Heap before GC invocations=1 (full 0):
 par new generation   total 109248K, used 99823K [0x00000000e0000000, 0x00000000e8000000, 0x00000000e8000000)
  eden space 87424K, 100% used [0x00000000e0000000, 0x00000000e5560000, 0x00000000e5560000)
  from space 21824K,  56% used [0x00000000e6ab0000, 0x00000000e76cbf88, 0x00000000e8000000)
  to   space 21824K,   0% used [0x00000000e5560000, 0x00000000e5560000, 0x00000000e6ab0000)
 concurrent mark-sweep generation total 393216K, used 0K [0x00000000e8000000, 0x0000000100000000, 0x0000000100000000)
 Metaspace       used 20706K, capacity 21020K, committed 21248K, reserved 1069056K
  class space    used 2403K, capacity 2518K, committed 2560K, reserved 1048576K
2017-01-21T23:48:21.878+0100: 2,613: [GC (Allocation Failure) 2017-01-21T23:48:21.878+0100: 2,613: [ParNew
Desired survivor size 20112992 bytes, new threshold 8 (max 8)
- age   1:    2771216 bytes,    2771216 total
- age   2:    6141200 bytes,    8912416 total
: 99823K->11403K(109248K), 0,0120713 secs] 99823K->11403K(502464K), 0,0121433 secs] [Times: user=0,03 sys=0,00, real=0,01 secs] 
Heap after GC invocations=2 (full 0):
 par new generation   total 109248K, used 11403K [0x00000000e0000000, 0x00000000e8000000, 0x00000000e8000000)
  eden space 87424K,   0% used [0x00000000e0000000, 0x00000000e0000000, 0x00000000e5560000)
  from space 21824K,  52% used [0x00000000e5560000, 0x00000000e6082f60, 0x00000000e6ab0000)
  to   space 21824K,   0% used [0x00000000e6ab0000, 0x00000000e6ab0000, 0x00000000e8000000)
 concurrent mark-sweep generation total 393216K, used 0K [0x00000000e8000000, 0x0000000100000000, 0x0000000100000000)
 Metaspace       used 20706K, capacity 21020K, committed 21248K, reserved 1069056K
  class space    used 2403K, capacity 2518K, committed 2560K, reserved 1048576K
}
2017-01-21T23:48:21.890+0100: 2,625: Total time for which application threads were stopped: 0,0123534 seconds, Stopping threads took: 0,0000237 seconds
2017-01-21T23:48:21.947+0100: 2,682: Total time for which application threads were stopped: 0,0000837 seconds, Stopping threads took: 0,0000224 seconds
2017-01-21T23:48:21.984+0100: 2,719: Total time for which application threads were stopped: 0,0002465 seconds, Stopping threads took: 0,0000132 seconds
2017-01-21T23:48:21.989+0100: 2,724: Total time for which application threads were stopped: 0,0001568 seconds, Stopping threads took: 0,0000950 seconds
2017-01-21T23:48:22.010+0100: 2,745: Total time for which application threads were stopped: 0,0001277 seconds, Stopping threads took: 0,0000369 seconds
2017-01-21T23:48:22.091+0100: 2,826: Total time for which application threads were stopped: 0,0001394 seconds, Stopping threads took: 0,0000202 seconds
2017-01-21T23:48:22.108+0100: 2,843: Total time for which application threads were stopped: 0,0001043 seconds, Stopping threads took: 0,0000305 seconds
2017-01-21T23:48:22.115+0100: 2,850: Total time for which application threads were stopped: 0,0003107 seconds, Stopping threads took: 0,0000203 seconds
2017-01-21T23:48:22.122+0100: 2,857: Total time for which application threads were stopped: 0,0002576 seconds, Stopping threads took: 0,0000133 seconds
2017-01-21T23:48:22.143+0100: 2,877: Total time for which application threads were stopped: 0,0000716 seconds, Stopping threads took: 0,0000145 seconds
2017-01-21T23:48:22.162+0100: 2,896: Total time for which application threads were stopped: 0,0000675 seconds, Stopping threads took: 0,0000166 seconds
2017-01-21T23:48:22.178+0100: 2,913: Total time for which application threads were stopped: 0,0000706 seconds, Stopping threads took: 0,0000182 seconds
2017-01-21T23:48:22.196+0100: 2,931: Total time for which application threads were stopped: 0,0000741 seconds, Stopping threads took: 0,0000148 seconds
2017-01-21T23:48:22.218+0100: 2,953: Total time for which application threads were stopped: 0,0000873 seconds, Stopping threads took: 0,0000211 seconds
2017-01-21T23:48:22.251+0100: 2,986: Total time for which application threads were stopped: 0,0001276 seconds, Stopping threads took: 0,0000417 seconds
2017-01-21T23:48:22.307+0100: 3,042: Total time for which application threads were stopped: 0,0001125 seconds, Stopping threads took: 0,0000420 seconds
2017-01-21T23:48:22.332+0100: 3,067: Total time for which application threads were stopped: 0,0001446 seconds, Stopping threads took: 0,0000266 seconds
2017-01-21T23:48:22.363+0100: 3,098: Total time for which application threads were stopped: 0,0001224 seconds, Stopping threads took: 0,0000217 seconds
{Heap before GC invocations=2 (full 0):
 par new generation   total 109248K, used 98827K [0x00000000e0000000, 0x00000000e8000000, 0x00000000e8000000)
  eden space 87424K, 100% used [0x00000000e0000000, 0x00000000e5560000, 0x00000000e5560000)
  from space 21824K,  52% used [0x00000000e5560000, 0x00000000e6082f60, 0x00000000e6ab0000)
  to   space 21824K,   0% used [0x00000000e6ab0000, 0x00000000e6ab0000, 0x00000000e8000000)
 concurrent mark-sweep generation total 393216K, used 0K [0x00000000e8000000, 0x0000000100000000, 0x0000000100000000)
 Metaspace       used 25115K, capacity 25511K, committed 25868K, reserved 1073152K
  class space    used 2924K, capacity 3056K, committed 3092K, reserved 1048576K
2017-01-21T23:48:22.365+0100: 3,100: [GC (Allocation Failure) 2017-01-21T23:48:22.365+0100: 3,100: [ParNew
Desired survivor size 20112992 bytes, new threshold 8 (max 8)
- age   1:    6956320 bytes,    6956320 total
- age   2:     516576 bytes,    7472896 total
- age   3:    6121128 bytes,   13594024 total
: 98827K->15491K(109248K), 0,0177566 secs] 98827K->15491K(502464K), 0,0178106 secs] [Times: user=0,06 sys=0,01, real=0,02 secs] 
Heap after GC invocations=3 (full 0):
 par new generation   total 109248K, used 15491K [0x00000000e0000000, 0x00000000e8000000, 0x00000000e8000000)
  eden space 87424K,   0% used [0x00000000e0000000, 0x00000000e0000000, 0x00000000e5560000)
  from space 21824K,  70% used [0x00000000e6ab0000, 0x00000000e79d0ca0, 0x00000000e8000000)
  to   space 21824K,   0% used [0x00000000e5560000, 0x00000000e5560000, 0x00000000e6ab0000)
 concurrent mark-sweep generation total 393216K, used 0K [0x00000000e8000000, 0x0000000100000000, 0x0000000100000000)
 Metaspace       used 25115K, capacity 25511K, committed 25868K, reserved 1073152K
  class space    used 2924K, capacity 3056K, committed 3092K, reserved 1048576K
}
2017-01-21T23:48:22.383+0100: 3,118: Total time for which application threads were stopped: 0,0180235 seconds, Stopping threads took: 0,0000682 seconds
2017-01-21T23:48:22.383+0100: 3,118: [GC (CMS Initial Mark) [1 CMS-initial-mark: 0K(393216K)] 15499K(502464K), 0,0030010 secs] [Times: user=0,01 sys=0,00, real=0,00 secs] 
2017-01-21T23:48:22.386+0100: 3,121: Total time for which application threads were stopped: 0,0031131 seconds, Stopping threads took: 0,0000357 seconds
2017-01-21T23:48:22.386+0100: 3,121: [CMS-concurrent-mark-start]
2017-01-21T23:48:22.388+0100: 3,123: [CMS-concurrent-mark: 0,002/0,002 secs] [Times: user=0,01 sys=0,00, real=0,00 secs] 
2017-01-21T23:48:22.388+0100: 3,123: [CMS-concurrent-preclean-start]
2017-01-21T23:48:22.389+0100: 3,124: [CMS-concurrent-preclean: 0,001/0,001 secs] [Times: user=0,00 sys=0,00, real=0,00 secs] 
2017-01-21T23:48:22.389+0100: 3,124: [GC (CMS Final Remark) [YG occupancy: 16906 K (109248 K)]{Heap before GC invocations=3 (full 1):
 par new generation   total 109248K, used 16906K [0x00000000e0000000, 0x00000000e8000000, 0x00000000e8000000)
  eden space 87424K,   1% used [0x00000000e0000000, 0x00000000e0161bb8, 0x00000000e5560000)
  from space 21824K,  70% used [0x00000000e6ab0000, 0x00000000e79d0ca0, 0x00000000e8000000)
  to   space 21824K,   0% used [0x00000000e5560000, 0x00000000e5560000, 0x00000000e6ab0000)
 concurrent mark-sweep generation total 393216K, used 0K [0x00000000e8000000, 0x0000000100000000, 0x0000000100000000)
 Metaspace       used 25144K, capacity 25519K, committed 25868K, reserved 1073152K
  class space    used 2927K, capacity 3058K, committed 3092K, reserved 1048576K
2017-01-21T23:48:22.389+0100: 3,124: [GC (CMS Final Remark) 2017-01-21T23:48:22.389+0100: 3,124: [ParNew
Desired survivor size 20112992 bytes, new threshold 8 (max 8)
- age   1:      17560 bytes,      17560 total
- age   2:    3182176 bytes,    3199736 total
- age   3:     516696 bytes,    3716432 total
- age   4:    6122088 bytes,    9838520 total
: 16906K->16871K(109248K), 0,0103061 secs] 16906K->16871K(502464K), 0,0103563 secs] [Times: user=0,03 sys=0,00, real=0,01 secs] 
Heap after GC invocations=4 (full 1):
 par new generation   total 109248K, used 16871K [0x00000000e0000000, 0x00000000e8000000, 0x00000000e8000000)
  eden space 87424K,   0% used [0x00000000e0000000, 0x00000000e0000000, 0x00000000e5560000)
  from space 21824K,  77% used [0x00000000e5560000, 0x00000000e65d9d30, 0x00000000e6ab0000)
  to   space 21824K,   0% used [0x00000000e6ab0000, 0x00000000e6ab0000, 0x00000000e8000000)
 concurrent mark-sweep generation total 393216K, used 0K [0x00000000e8000000, 0x0000000100000000, 0x0000000100000000)
 Metaspace       used 25144K, capacity 25519K, committed 25868K, reserved 1073152K
  class space    used 2927K, capacity 3058K, committed 3092K, reserved 1048576K
}
2017-01-21T23:48:22.400+0100: 3,134: [Rescan (parallel) , 0,0040856 secs]2017-01-21T23:48:22.404+0100: 3,138: [weak refs processing, 0,0010388 secs]2017-01-21T23:48:22.405+0100: 3,140: [class unloading, 0,0031815 secs]2017-01-21T23:48:22.408+0100: 3,143: [scrub symbol table, 0,0033900 secs]2017-01-21T23:48:22.411+0100: 3,146: [scrub string table, 0,0003791 secs][1 CMS-remark: 0K(393216K)] 16871K(502464K), 0,0231555 secs] [Times: user=0,06 sys=0,00, real=0,02 secs] 
2017-01-21T23:48:22.412+0100: 3,147: Total time for which application threads were stopped: 0,0232661 seconds, Stopping threads took: 0,0000382 seconds
2017-01-21T23:48:22.413+0100: 3,147: [CMS-concurrent-sweep-start]
2017-01-21T23:48:22.413+0100: 3,147: [CMS-concurrent-sweep: 0,000/0,000 secs] [Times: user=0,00 sys=0,00, real=0,00 secs] 
2017-01-21T23:48:22.413+0100: 3,147: [CMS-concurrent-reset-start]
2017-01-21T23:48:22.416+0100: 3,151: [CMS-concurrent-reset: 0,004/0,004 secs] [Times: user=0,01 sys=0,00, real=0,01 secs] 
2017-01-21T23:48:22.460+0100: 3,195: Total time for which application threads were stopped: 0,0003193 seconds, Stopping threads took: 0,0000228 seconds
2017-01-21T23:48:23.329+0100: 4,064: Total time for which application threads were stopped: 0,0002924 seconds, Stopping threads took: 0,0000188 seconds
2017-01-21T23:48:51.332+0100: 32,066: Total time for which application threads were stopped: 0,0000644 seconds, Stopping threads took: 0,0000170 seconds
2017-01-21T23:51:01.343+0100: 162,078: Total time for which application threads were stopped: 0,0003894 seconds, Stopping threads took: 0,0001664 seconds
2017-01-21T23:51:06.344+0100: 167,078: Total time for which application threads were stopped: 0,0003010 seconds, Stopping threads took: 0,0000788 seconds
2017-01-21T23:51:20.345+0100: 181,080: Total time for which application threads were stopped: 0,0000603 seconds, Stopping threads took: 0,0000136 seconds
2017-01-21T23:52:01.350+0100: 222,085: Total time for which application threads were stopped: 0,0000966 seconds, Stopping threads took: 0,0000497 seconds
2017-01-21T23:52:35.354+0100: 256,089: Total time for which application threads were stopped: 0,0000769 seconds, Stopping threads took: 0,0000327 seconds
2017-01-21T23:52:50.357+0100: 271,091: Total time for which application threads were stopped: 0,0000657 seconds, Stopping threads took: 0,0000182 seconds
2017-01-21T23:52:55.358+0100: 276,092: Total time for which application threads were stopped: 0,0000760 seconds, Stopping threads took: 0,0000325 seconds
2017-01-21T23:53:00.358+0100: 281,093: Total time for which application threads were stopped: 0,0000596 seconds, Stopping threads took: 0,0000150 seconds
2017-01-21T23:53:01.359+0100: 282,093: Total time for which application threads were stopped: 0,0000608 seconds, Stopping threads took: 0,0000156 seconds
2017-01-21T23:53:06.359+0100: 287,094: Total time for which application threads were stopped: 0,0001418 seconds, Stopping threads took: 0,0000374 seconds
2017-01-21T23:53:20.362+0100: 301,096: Total time for which application threads were stopped: 0,0000804 seconds, Stopping threads took: 0,0000215 seconds
2017-01-21T23:53:41.364+0100: 322,099: Total time for which application threads were stopped: 0,0000883 seconds, Stopping threads took: 0,0000320 seconds
2017-01-22T00:12:00.503+0100: 1421,238: Total time for which application threads were stopped: 0,0001096 seconds, Stopping threads took: 0,0000371 seconds
2017-01-22T00:16:50.534+0100: 1711,269: Total time for which application threads were stopped: 0,0000721 seconds, Stopping threads took: 0,0000284 seconds
2017-01-22T00:16:51.534+0100: 1712,269: Total time for which application threads were stopped: 0,0000812 seconds, Stopping threads took: 0,0000176 seconds
2017-01-22T00:27:00.594+0100: 2321,329: Total time for which application threads were stopped: 0,0000710 seconds, Stopping threads took: 0,0000283 seconds
2017-01-22T00:27:01.594+0100: 2322,329: Total time for which application threads were stopped: 0,0000723 seconds, Stopping threads took: 0,0000138 seconds
2017-01-22T00:41:36.680+0100: 3197,415: Total time for which application threads were stopped: 0,0000693 seconds, Stopping threads took: 0,0000266 seconds
2017-01-22T00:52:50.746+0100: 3871,481: Total time for which application threads were stopped: 0,0000885 seconds, Stopping threads took: 0,0000360 seconds
2017-01-22T00:53:05.748+0100: 3886,483: Total time for which application threads were stopped: 0,0004629 seconds, Stopping threads took: 0,0001181 seconds
2017-01-22T00:55:21.762+0100: 4022,497: Total time for which application threads were stopped: 0,0000756 seconds, Stopping threads took: 0,0000288 seconds
2017-01-22T01:32:16.985+0100: 6237,720: Total time for which application threads were stopped: 0,0000697 seconds, Stopping threads took: 0,0000283 seconds
2017-01-22T01:33:26.992+0100: 6307,727: Total time for which application threads were stopped: 0,0001393 seconds, Stopping threads took: 0,0000549 seconds
2017-01-22T01:46:43.425+0100: 7104,160: Total time for which application threads were stopped: 0,0027709 seconds, Stopping threads took: 0,0026614 seconds
Heap
 par new generation   total 109248K, used 60785K [0x00000000e0000000, 0x00000000e8000000, 0x00000000e8000000)
  eden space 87424K,  50% used [0x00000000e0000000, 0x00000000e2ae2a40, 0x00000000e5560000)
  from space 21824K,  77% used [0x00000000e5560000, 0x00000000e65d9d30, 0x00000000e6ab0000)
  to   space 21824K,   0% used [0x00000000e6ab0000, 0x00000000e6ab0000, 0x00000000e8000000)
 concurrent mark-sweep generation total 393216K, used 0K [0x00000000e8000000, 0x0000000100000000, 0x0000000100000000)
 Metaspace       used 27204K, capacity 27663K, committed 27916K, reserved 1073152K
  class space    used 3166K, capacity 3320K, committed 3348K, reserved 1048576K
