OpenJDK 64-Bit Server VM (25.131-b11) for linux-amd64 JRE (1.8.0_131-8u131-b11-0ubuntu1.16.04.2-b11), built on May  6 2017 02:45:27 by "buildd" with gcc 5.4.0 20160609
Memory: 4k page, physical 7867740k(7398132k free), swap 8076284k(8076284k free)
CommandLine flags: -XX:CMSInitiatingOccupancyFraction=50 -XX:CMSMaxAbortablePrecleanTime=6000 -XX:+CMSParallelRemarkEnabled -XX:+CMSScavengeBeforeRemark -XX:ConcGCThreads=4 -XX:InitialHeapSize=536870912 -XX:MaxHeapSize=536870912 -XX:MaxTenuringThreshold=8 -XX:NewRatio=3 -XX:OldPLABSize=16 -XX:OnOutOfMemoryError=/opt/solr/bin/oom_solr.sh 8983 /var/solr/logs -XX:ParallelGCThreads=4 -XX:+ParallelRefProcEnabled -XX:PretenureSizeThreshold=67108864 -XX:+PrintGC -XX:+PrintGCApplicationStoppedTime -XX:+PrintGCDateStamps -XX:+PrintGCDetails -XX:+PrintGCTimeStamps -XX:+PrintHeapAtGC -XX:+PrintTenuringDistribution -XX:SurvivorRatio=4 -XX:TargetSurvivorRatio=90 -XX:ThreadStackSize=256 -XX:+UseCMSInitiatingOccupancyOnly -XX:+UseCompressedClassPointers -XX:+UseCompressedOops -XX:+UseConcMarkSweepGC -XX:+UseParNewGC 
2017-05-31T13:22:07.832+0200: 0,137: Total time for which application threads were stopped: 0,0000694 seconds, Stopping threads took: 0,0000100 seconds
2017-05-31T13:22:07.958+0200: 0,263: Total time for which application threads were stopped: 0,0001296 seconds, Stopping threads took: 0,0000343 seconds
2017-05-31T13:22:07.973+0200: 0,278: Total time for which application threads were stopped: 0,0000987 seconds, Stopping threads took: 0,0000133 seconds
2017-05-31T13:22:08.214+0200: 0,519: Total time for which application threads were stopped: 0,0001077 seconds, Stopping threads took: 0,0000094 seconds
2017-05-31T13:22:08.581+0200: 0,886: Total time for which application threads were stopped: 0,0001756 seconds, Stopping threads took: 0,0000132 seconds
2017-05-31T13:22:08.722+0200: 1,027: Total time for which application threads were stopped: 0,0001988 seconds, Stopping threads took: 0,0000191 seconds
2017-05-31T13:22:08.793+0200: 1,098: Total time for which application threads were stopped: 0,0001987 seconds, Stopping threads took: 0,0000138 seconds
2017-05-31T13:22:09.185+0200: 1,490: Total time for which application threads were stopped: 0,0012135 seconds, Stopping threads took: 0,0002028 seconds
2017-05-31T13:22:09.408+0200: 1,714: Total time for which application threads were stopped: 0,0002092 seconds, Stopping threads took: 0,0000160 seconds
2017-05-31T13:22:09.436+0200: 1,742: Total time for which application threads were stopped: 0,0001628 seconds, Stopping threads took: 0,0000209 seconds
2017-05-31T13:22:09.470+0200: 1,775: Total time for which application threads were stopped: 0,0002055 seconds, Stopping threads took: 0,0000219 seconds
2017-05-31T13:22:09.471+0200: 1,776: Total time for which application threads were stopped: 0,0002299 seconds, Stopping threads took: 0,0000193 seconds
2017-05-31T13:22:09.489+0200: 1,794: Total time for which application threads were stopped: 0,0005219 seconds, Stopping threads took: 0,0000214 seconds
2017-05-31T13:22:09.593+0200: 1,898: Total time for which application threads were stopped: 0,0009287 seconds, Stopping threads took: 0,0003268 seconds
2017-05-31T13:22:09.745+0200: 2,051: Total time for which application threads were stopped: 0,0004383 seconds, Stopping threads took: 0,0002083 seconds
{Heap before GC invocations=0 (full 0):
 par new generation   total 109248K, used 87424K [0x00000000e0000000, 0x00000000e8000000, 0x00000000e8000000)
  eden space 87424K, 100% used [0x00000000e0000000, 0x00000000e5560000, 0x00000000e5560000)
  from space 21824K,   0% used [0x00000000e5560000, 0x00000000e5560000, 0x00000000e6ab0000)
  to   space 21824K,   0% used [0x00000000e6ab0000, 0x00000000e6ab0000, 0x00000000e8000000)
 concurrent mark-sweep generation total 393216K, used 0K [0x00000000e8000000, 0x0000000100000000, 0x0000000100000000)
 Metaspace       used 18017K, capacity 18336K, committed 18688K, reserved 1064960K
  class space    used 2038K, capacity 2196K, committed 2304K, reserved 1048576K
2017-05-31T13:22:09.834+0200: 2,139: [GC (Allocation Failure) 2017-05-31T13:22:09.834+0200: 2,139: [ParNew
Desired survivor size 20112992 bytes, new threshold 8 (max 8)
- age   1:   12575504 bytes,   12575504 total
: 87424K->12391K(109248K), 0,0168599 secs] 87424K->12391K(502464K), 0,0169373 secs] [Times: user=0,04 sys=0,02, real=0,01 secs] 
Heap after GC invocations=1 (full 0):
 par new generation   total 109248K, used 12391K [0x00000000e0000000, 0x00000000e8000000, 0x00000000e8000000)
  eden space 87424K,   0% used [0x00000000e0000000, 0x00000000e0000000, 0x00000000e5560000)
  from space 21824K,  56% used [0x00000000e6ab0000, 0x00000000e76c9de0, 0x00000000e8000000)
  to   space 21824K,   0% used [0x00000000e5560000, 0x00000000e5560000, 0x00000000e6ab0000)
 concurrent mark-sweep generation total 393216K, used 0K [0x00000000e8000000, 0x0000000100000000, 0x0000000100000000)
 Metaspace       used 18017K, capacity 18336K, committed 18688K, reserved 1064960K
  class space    used 2038K, capacity 2196K, committed 2304K, reserved 1048576K
}
2017-05-31T13:22:09.851+0200: 2,156: Total time for which application threads were stopped: 0,0177120 seconds, Stopping threads took: 0,0006077 seconds
2017-05-31T13:22:10.151+0200: 2,456: Total time for which application threads were stopped: 0,0003407 seconds, Stopping threads took: 0,0000289 seconds
{Heap before GC invocations=1 (full 0):
 par new generation   total 109248K, used 99815K [0x00000000e0000000, 0x00000000e8000000, 0x00000000e8000000)
  eden space 87424K, 100% used [0x00000000e0000000, 0x00000000e5560000, 0x00000000e5560000)
  from space 21824K,  56% used [0x00000000e6ab0000, 0x00000000e76c9de0, 0x00000000e8000000)
  to   space 21824K,   0% used [0x00000000e5560000, 0x00000000e5560000, 0x00000000e6ab0000)
 concurrent mark-sweep generation total 393216K, used 0K [0x00000000e8000000, 0x0000000100000000, 0x0000000100000000)
 Metaspace       used 20015K, capacity 20350K, committed 20736K, reserved 1067008K
  class space    used 2292K, capacity 2465K, committed 2560K, reserved 1048576K
2017-05-31T13:22:10.195+0200: 2,500: [GC (Allocation Failure) 2017-05-31T13:22:10.195+0200: 2,500: [ParNew
Desired survivor size 20112992 bytes, new threshold 8 (max 8)
- age   1:    3605080 bytes,    3605080 total
- age   2:    6650224 bytes,   10255304 total
: 99815K->13721K(109248K), 0,0107878 secs] 99815K->13721K(502464K), 0,0108731 secs] [Times: user=0,04 sys=0,00, real=0,01 secs] 
Heap after GC invocations=2 (full 0):
 par new generation   total 109248K, used 13721K [0x00000000e0000000, 0x00000000e8000000, 0x00000000e8000000)
  eden space 87424K,   0% used [0x00000000e0000000, 0x00000000e0000000, 0x00000000e5560000)
  from space 21824K,  62% used [0x00000000e5560000, 0x00000000e62c6508, 0x00000000e6ab0000)
  to   space 21824K,   0% used [0x00000000e6ab0000, 0x00000000e6ab0000, 0x00000000e8000000)
 concurrent mark-sweep generation total 393216K, used 0K [0x00000000e8000000, 0x0000000100000000, 0x0000000100000000)
 Metaspace       used 20015K, capacity 20350K, committed 20736K, reserved 1067008K
  class space    used 2292K, capacity 2465K, committed 2560K, reserved 1048576K
}
2017-05-31T13:22:10.206+0200: 2,511: Total time for which application threads were stopped: 0,0112849 seconds, Stopping threads took: 0,0002378 seconds
2017-05-31T13:22:10.213+0200: 2,518: Total time for which application threads were stopped: 0,0004198 seconds, Stopping threads took: 0,0000764 seconds
2017-05-31T13:22:10.249+0200: 2,554: Total time for which application threads were stopped: 0,0021531 seconds, Stopping threads took: 0,0018455 seconds
2017-05-31T13:22:10.395+0200: 2,700: Total time for which application threads were stopped: 0,0003091 seconds, Stopping threads took: 0,0001918 seconds
{Heap before GC invocations=2 (full 0):
 par new generation   total 109248K, used 101145K [0x00000000e0000000, 0x00000000e8000000, 0x00000000e8000000)
  eden space 87424K, 100% used [0x00000000e0000000, 0x00000000e5560000, 0x00000000e5560000)
  from space 21824K,  62% used [0x00000000e5560000, 0x00000000e62c6508, 0x00000000e6ab0000)
  to   space 21824K,   0% used [0x00000000e6ab0000, 0x00000000e6ab0000, 0x00000000e8000000)
 concurrent mark-sweep generation total 393216K, used 0K [0x00000000e8000000, 0x0000000100000000, 0x0000000100000000)
 Metaspace       used 20942K, capacity 21272K, committed 21552K, reserved 1069056K
  class space    used 2416K, capacity 2584K, committed 2608K, reserved 1048576K
2017-05-31T13:22:10.419+0200: 2,724: [GC (Allocation Failure) 2017-05-31T13:22:10.419+0200: 2,724: [ParNew
Desired survivor size 20112992 bytes, new threshold 8 (max 8)
- age   1:    2188008 bytes,    2188008 total
- age   2:     869408 bytes,    3057416 total
- age   3:    6649288 bytes,    9706704 total
: 101145K->12860K(109248K), 0,0146122 secs] 101145K->12860K(502464K), 0,0146999 secs] [Times: user=0,05 sys=0,00, real=0,02 secs] 
Heap after GC invocations=3 (full 0):
 par new generation   total 109248K, used 12860K [0x00000000e0000000, 0x00000000e8000000, 0x00000000e8000000)
  eden space 87424K,   0% used [0x00000000e0000000, 0x00000000e0000000, 0x00000000e5560000)
  from space 21824K,  58% used [0x00000000e6ab0000, 0x00000000e773f208, 0x00000000e8000000)
  to   space 21824K,   0% used [0x00000000e5560000, 0x00000000e5560000, 0x00000000e6ab0000)
 concurrent mark-sweep generation total 393216K, used 0K [0x00000000e8000000, 0x0000000100000000, 0x0000000100000000)
 Metaspace       used 20942K, capacity 21272K, committed 21552K, reserved 1069056K
  class space    used 2416K, capacity 2584K, committed 2608K, reserved 1048576K
}
2017-05-31T13:22:10.434+0200: 2,739: Total time for which application threads were stopped: 0,0149185 seconds, Stopping threads took: 0,0000569 seconds
2017-05-31T13:22:10.436+0200: 2,741: [GC (CMS Initial Mark) [1 CMS-initial-mark: 0K(393216K)] 15149K(502464K), 0,0054781 secs] [Times: user=0,02 sys=0,00, real=0,00 secs] 
2017-05-31T13:22:10.441+0200: 2,747: Total time for which application threads were stopped: 0,0056303 seconds, Stopping threads took: 0,0000230 seconds
2017-05-31T13:22:10.442+0200: 2,747: [CMS-concurrent-mark-start]
2017-05-31T13:22:10.444+0200: 2,749: [CMS-concurrent-mark: 0,003/0,003 secs] [Times: user=0,00 sys=0,00, real=0,01 secs] 
2017-05-31T13:22:10.444+0200: 2,749: [CMS-concurrent-preclean-start]
2017-05-31T13:22:10.445+0200: 2,751: [CMS-concurrent-preclean: 0,001/0,001 secs] [Times: user=0,01 sys=0,00, real=0,00 secs] 
2017-05-31T13:22:10.445+0200: 2,751: [CMS-concurrent-abortable-preclean-start]
{Heap before GC invocations=3 (full 1):
 par new generation   total 109248K, used 100284K [0x00000000e0000000, 0x00000000e8000000, 0x00000000e8000000)
  eden space 87424K, 100% used [0x00000000e0000000, 0x00000000e5560000, 0x00000000e5560000)
  from space 21824K,  58% used [0x00000000e6ab0000, 0x00000000e773f208, 0x00000000e8000000)
  to   space 21824K,   0% used [0x00000000e5560000, 0x00000000e5560000, 0x00000000e6ab0000)
 concurrent mark-sweep generation total 393216K, used 0K [0x00000000e8000000, 0x0000000100000000, 0x0000000100000000)
 Metaspace       used 21208K, capacity 21548K, committed 21628K, reserved 1069056K
  class space    used 2443K, capacity 2599K, committed 2608K, reserved 1048576K
2017-05-31T13:22:10.550+0200: 2,855: [GC (Allocation Failure) 2017-05-31T13:22:10.550+0200: 2,855: [ParNew
Desired survivor size 20112992 bytes, new threshold 8 (max 8)
- age   1:     998776 bytes,     998776 total
- age   2:    1449312 bytes,    2448088 total
- age   3:     865360 bytes,    3313448 total
- age   4:    6649384 bytes,    9962832 total
: 100284K->12459K(109248K), 0,0093139 secs] 100284K->12459K(502464K), 0,0093870 secs] [Times: user=0,04 sys=0,00, real=0,01 secs] 
Heap after GC invocations=4 (full 1):
 par new generation   total 109248K, used 12459K [0x00000000e0000000, 0x00000000e8000000, 0x00000000e8000000)
  eden space 87424K,   0% used [0x00000000e0000000, 0x00000000e0000000, 0x00000000e5560000)
  from space 21824K,  57% used [0x00000000e5560000, 0x00000000e618ac90, 0x00000000e6ab0000)
  to   space 21824K,   0% used [0x00000000e6ab0000, 0x00000000e6ab0000, 0x00000000e8000000)
 concurrent mark-sweep generation total 393216K, used 0K [0x00000000e8000000, 0x0000000100000000, 0x0000000100000000)
 Metaspace       used 21208K, capacity 21548K, committed 21628K, reserved 1069056K
  class space    used 2443K, capacity 2599K, committed 2608K, reserved 1048576K
}
2017-05-31T13:22:10.559+0200: 2,865: Total time for which application threads were stopped: 0,0105575 seconds, Stopping threads took: 0,0010117 seconds
2017-05-31T13:22:10.559+0200: 2,865: [CMS-concurrent-abortable-preclean: 0,075/0,114 secs] [Times: user=0,45 sys=0,00, real=0,11 secs] 
2017-05-31T13:22:10.565+0200: 2,870: [GC (CMS Final Remark) [YG occupancy: 14449 K (109248 K)]{Heap before GC invocations=4 (full 1):
 par new generation   total 109248K, used 14449K [0x00000000e0000000, 0x00000000e8000000, 0x00000000e8000000)
  eden space 87424K,   2% used [0x00000000e0000000, 0x00000000e01f19c8, 0x00000000e5560000)
  from space 21824K,  57% used [0x00000000e5560000, 0x00000000e618ac90, 0x00000000e6ab0000)
  to   space 21824K,   0% used [0x00000000e6ab0000, 0x00000000e6ab0000, 0x00000000e8000000)
 concurrent mark-sweep generation total 393216K, used 0K [0x00000000e8000000, 0x0000000100000000, 0x0000000100000000)
 Metaspace       used 21208K, capacity 21548K, committed 21628K, reserved 1069056K
  class space    used 2443K, capacity 2599K, committed 2608K, reserved 1048576K
2017-05-31T13:22:10.565+0200: 2,871: [GC (CMS Final Remark) 2017-05-31T13:22:10.565+0200: 2,871: [ParNew
Desired survivor size 20112992 bytes, new threshold 8 (max 8)
- age   1:     497456 bytes,     497456 total
- age   2:     803616 bytes,    1301072 total
- age   3:    1449312 bytes,    2750384 total
- age   4:     865360 bytes,    3615744 total
- age   5:    6649288 bytes,   10265032 total
: 14449K->14950K(109248K), 0,0113540 secs] 14449K->14950K(502464K), 0,0113955 secs] [Times: user=0,05 sys=0,00, real=0,01 secs] 
Heap after GC invocations=5 (full 1):
 par new generation   total 109248K, used 14950K [0x00000000e0000000, 0x00000000e8000000, 0x00000000e8000000)
  eden space 87424K,   0% used [0x00000000e0000000, 0x00000000e0000000, 0x00000000e5560000)
  from space 21824K,  68% used [0x00000000e6ab0000, 0x00000000e7949820, 0x00000000e8000000)
  to   space 21824K,   0% used [0x00000000e5560000, 0x00000000e5560000, 0x00000000e6ab0000)
 concurrent mark-sweep generation total 393216K, used 0K [0x00000000e8000000, 0x0000000100000000, 0x0000000100000000)
 Metaspace       used 21208K, capacity 21548K, committed 21628K, reserved 1069056K
  class space    used 2443K, capacity 2599K, committed 2608K, reserved 1048576K
}
2017-05-31T13:22:10.577+0200: 2,882: [Rescan (parallel) , 0,0034577 secs]2017-05-31T13:22:10.580+0200: 2,885: [weak refs processing, 0,0009980 secs]2017-05-31T13:22:10.581+0200: 2,886: [class unloading, 0,0028101 secs]2017-05-31T13:22:10.584+0200: 2,889: [scrub symbol table, 0,0025825 secs]2017-05-31T13:22:10.587+0200: 2,892: [scrub string table, 0,0003991 secs][1 CMS-remark: 0K(393216K)] 14950K(502464K), 0,0223023 secs] [Times: user=0,07 sys=0,00, real=0,02 secs] 
2017-05-31T13:22:10.588+0200: 2,893: Total time for which application threads were stopped: 0,0224467 seconds, Stopping threads took: 0,0000477 seconds
2017-05-31T13:22:10.588+0200: 2,893: [CMS-concurrent-sweep-start]
2017-05-31T13:22:10.588+0200: 2,893: [CMS-concurrent-sweep: 0,000/0,000 secs] [Times: user=0,00 sys=0,00, real=0,00 secs] 
2017-05-31T13:22:10.588+0200: 2,893: [CMS-concurrent-reset-start]
2017-05-31T13:22:10.589+0200: 2,895: [CMS-concurrent-reset: 0,002/0,002 secs] [Times: user=0,00 sys=0,00, real=0,00 secs] 
{Heap before GC invocations=5 (full 1):
 par new generation   total 109248K, used 102374K [0x00000000e0000000, 0x00000000e8000000, 0x00000000e8000000)
  eden space 87424K, 100% used [0x00000000e0000000, 0x00000000e5560000, 0x00000000e5560000)
  from space 21824K,  68% used [0x00000000e6ab0000, 0x00000000e7949820, 0x00000000e8000000)
  to   space 21824K,   0% used [0x00000000e5560000, 0x00000000e5560000, 0x00000000e6ab0000)
 concurrent mark-sweep generation total 393216K, used 0K [0x00000000e8000000, 0x0000000100000000, 0x0000000100000000)
 Metaspace       used 21355K, capacity 21720K, committed 22012K, reserved 1069056K
  class space    used 2464K, capacity 2633K, committed 2736K, reserved 1048576K
2017-05-31T13:22:10.669+0200: 2,975: [GC (Allocation Failure) 2017-05-31T13:22:10.670+0200: 2,975: [ParNew
Desired survivor size 20112992 bytes, new threshold 8 (max 8)
- age   1:     639232 bytes,     639232 total
- age   3:     182184 bytes,     821416 total
- age   4:    1448968 bytes,    2270384 total
- age   5:     863312 bytes,    3133696 total
- age   6:    6649312 bytes,    9783008 total
: 102374K->11789K(109248K), 0,0092735 secs] 102374K->11789K(502464K), 0,0093418 secs] [Times: user=0,03 sys=0,00, real=0,01 secs] 
Heap after GC invocations=6 (full 1):
 par new generation   total 109248K, used 11789K [0x00000000e0000000, 0x00000000e8000000, 0x00000000e8000000)
  eden space 87424K,   0% used [0x00000000e0000000, 0x00000000e0000000, 0x00000000e5560000)
  from space 21824K,  54% used [0x00000000e5560000, 0x00000000e60e3740, 0x00000000e6ab0000)
  to   space 21824K,   0% used [0x00000000e6ab0000, 0x00000000e6ab0000, 0x00000000e8000000)
 concurrent mark-sweep generation total 393216K, used 0K [0x00000000e8000000, 0x0000000100000000, 0x0000000100000000)
 Metaspace       used 21355K, capacity 21720K, committed 22012K, reserved 1069056K
  class space    used 2464K, capacity 2633K, committed 2736K, reserved 1048576K
}
2017-05-31T13:22:10.679+0200: 2,984: Total time for which application threads were stopped: 0,0111350 seconds, Stopping threads took: 0,0016613 seconds
2017-05-31T13:22:10.702+0200: 3,007: Total time for which application threads were stopped: 0,0002990 seconds, Stopping threads took: 0,0000230 seconds
2017-05-31T13:22:10.943+0200: 3,249: Total time for which application threads were stopped: 0,0017581 seconds, Stopping threads took: 0,0012806 seconds
2017-05-31T13:22:10.960+0200: 3,265: Total time for which application threads were stopped: 0,0004375 seconds, Stopping threads took: 0,0000280 seconds
{Heap before GC invocations=6 (full 1):
 par new generation   total 109248K, used 99213K [0x00000000e0000000, 0x00000000e8000000, 0x00000000e8000000)
  eden space 87424K, 100% used [0x00000000e0000000, 0x00000000e5560000, 0x00000000e5560000)
  from space 21824K,  54% used [0x00000000e5560000, 0x00000000e60e3740, 0x00000000e6ab0000)
  to   space 21824K,   0% used [0x00000000e6ab0000, 0x00000000e6ab0000, 0x00000000e8000000)
 concurrent mark-sweep generation total 393216K, used 0K [0x00000000e8000000, 0x0000000100000000, 0x0000000100000000)
 Metaspace       used 23733K, capacity 24218K, committed 24496K, reserved 1071104K
  class space    used 2794K, capacity 2976K, committed 2992K, reserved 1048576K
2017-05-31T13:22:11.112+0200: 3,417: [GC (Allocation Failure) 2017-05-31T13:22:11.112+0200: 3,417: [ParNew
Desired survivor size 20112992 bytes, new threshold 8 (max 8)
- age   1:    4932632 bytes,    4932632 total
- age   2:     129160 bytes,    5061792 total
- age   4:     180792 bytes,    5242584 total
- age   5:     279144 bytes,    5521728 total
- age   6:     838928 bytes,    6360656 total
- age   7:    6641216 bytes,   13001872 total
: 99213K->17278K(109248K), 0,0130347 secs] 99213K->17278K(502464K), 0,0131039 secs] [Times: user=0,05 sys=0,00, real=0,02 secs] 
Heap after GC invocations=7 (full 1):
 par new generation   total 109248K, used 17278K [0x00000000e0000000, 0x00000000e8000000, 0x00000000e8000000)
  eden space 87424K,   0% used [0x00000000e0000000, 0x00000000e0000000, 0x00000000e5560000)
  from space 21824K,  79% used [0x00000000e6ab0000, 0x00000000e7b8f800, 0x00000000e8000000)
  to   space 21824K,   0% used [0x00000000e5560000, 0x00000000e5560000, 0x00000000e6ab0000)
 concurrent mark-sweep generation total 393216K, used 0K [0x00000000e8000000, 0x0000000100000000, 0x0000000100000000)
 Metaspace       used 23733K, capacity 24218K, committed 24496K, reserved 1071104K
  class space    used 2794K, capacity 2976K, committed 2992K, reserved 1048576K
}
2017-05-31T13:22:11.125+0200: 3,430: Total time for which application threads were stopped: 0,0133309 seconds, Stopping threads took: 0,0000425 seconds
2017-05-31T13:22:11.233+0200: 3,538: Total time for which application threads were stopped: 0,0008407 seconds, Stopping threads took: 0,0007261 seconds
{Heap before GC invocations=7 (full 1):
 par new generation   total 109248K, used 109248K [0x00000000e0000000, 0x00000000e8000000, 0x00000000e8000000)
  eden space 87424K, 100% used [0x00000000e0000000, 0x00000000e5560000, 0x00000000e5560000)
  from space 21824K, 100% used [0x00000000e6ab0000, 0x00000000e8000000, 0x00000000e8000000)
  to   space 21824K,   0% used [0x00000000e5560000, 0x00000000e5560000, 0x00000000e6ab0000)
 concurrent mark-sweep generation total 393216K, used 1381K [0x00000000e8000000, 0x0000000100000000, 0x0000000100000000)
 Metaspace       used 24141K, capacity 24624K, committed 24880K, reserved 1071104K
  class space    used 2840K, capacity 3044K, committed 3120K, reserved 1048576K
2017-05-31T13:22:11.249+0200: 3,554: [GC (Allocation Failure) 2017-05-31T13:22:11.249+0200: 3,554: [ParNew
Desired survivor size 20112992 bytes, new threshold 8 (max 8)
- age   1:    1639776 bytes,    1639776 total
- age   2:    1757328 bytes,    3397104 total
- age   3:      60592 bytes,    3457696 total
- age   5:     101840 bytes,    3559536 total
- age   6:     184208 bytes,    3743744 total
- age   7:     796728 bytes,    4540472 total
- age   8:    6106816 bytes,   10647288 total
: 109248K->13842K(109248K), 0,0271493 secs] 110629K->15223K(502464K), 0,0272413 secs] [Times: user=0,06 sys=0,00, real=0,03 secs] 
Heap after GC invocations=8 (full 1):
 par new generation   total 109248K, used 13842K [0x00000000e0000000, 0x00000000e8000000, 0x00000000e8000000)
  eden space 87424K,   0% used [0x00000000e0000000, 0x00000000e0000000, 0x00000000e5560000)
  from space 21824K,  63% used [0x00000000e5560000, 0x00000000e62e48c0, 0x00000000e6ab0000)
  to   space 21824K,   0% used [0x00000000e6ab0000, 0x00000000e6ab0000, 0x00000000e8000000)
 concurrent mark-sweep generation total 393216K, used 1381K [0x00000000e8000000, 0x0000000100000000, 0x0000000100000000)
 Metaspace       used 24141K, capacity 24624K, committed 24880K, reserved 1071104K
  class space    used 2840K, capacity 3044K, committed 3120K, reserved 1048576K
}
2017-05-31T13:22:11.276+0200: 3,582: Total time for which application threads were stopped: 0,0300117 seconds, Stopping threads took: 0,0025766 seconds
{Heap before GC invocations=8 (full 1):
 par new generation   total 109248K, used 32789K [0x00000000e0000000, 0x00000000e8000000, 0x00000000e8000000)
  eden space 87424K,  21% used [0x00000000e0000000, 0x00000000e1280e10, 0x00000000e5560000)
  from space 21824K,  63% used [0x00000000e5560000, 0x00000000e62e48c0, 0x00000000e6ab0000)
  to   space 21824K,   0% used [0x00000000e6ab0000, 0x00000000e6ab0000, 0x00000000e8000000)
 concurrent mark-sweep generation total 393216K, used 1381K [0x00000000e8000000, 0x0000000100000000, 0x0000000100000000)
 Metaspace       used 24142K, capacity 24624K, committed 24880K, reserved 1071104K
  class space    used 2840K, capacity 3044K, committed 3120K, reserved 1048576K
2017-05-31T13:22:11.290+0200: 3,595: [GC (GCLocker Initiated GC) 2017-05-31T13:22:11.290+0200: 3,595: [ParNew
Desired survivor size 20112992 bytes, new threshold 8 (max 8)
- age   1:     456696 bytes,     456696 total
- age   2:    1152808 bytes,    1609504 total
- age   3:    1735224 bytes,    3344728 total
- age   4:      60592 bytes,    3405320 total
- age   6:     101840 bytes,    3507160 total
- age   7:     184208 bytes,    3691368 total
- age   8:     796728 bytes,    4488096 total
: 32789K->7036K(109248K), 0,0432351 secs] 34170K->14464K(502464K), 0,0433143 secs] [Times: user=0,10 sys=0,00, real=0,04 secs] 
Heap after GC invocations=9 (full 1):
 par new generation   total 109248K, used 7036K [0x00000000e0000000, 0x00000000e8000000, 0x00000000e8000000)
  eden space 87424K,   0% used [0x00000000e0000000, 0x00000000e0000000, 0x00000000e5560000)
  from space 21824K,  32% used [0x00000000e6ab0000, 0x00000000e718f308, 0x00000000e8000000)
  to   space 21824K,   0% used [0x00000000e5560000, 0x00000000e5560000, 0x00000000e6ab0000)
 concurrent mark-sweep generation total 393216K, used 7427K [0x00000000e8000000, 0x0000000100000000, 0x0000000100000000)
 Metaspace       used 24142K, capacity 24624K, committed 24880K, reserved 1071104K
  class space    used 2840K, capacity 3044K, committed 3120K, reserved 1048576K
}
2017-05-31T13:22:11.334+0200: 3,639: Total time for which application threads were stopped: 0,0435815 seconds, Stopping threads took: 0,0000846 seconds
{Heap before GC invocations=9 (full 1):
 par new generation   total 109248K, used 94460K [0x00000000e0000000, 0x00000000e8000000, 0x00000000e8000000)
  eden space 87424K, 100% used [0x00000000e0000000, 0x00000000e5560000, 0x00000000e5560000)
  from space 21824K,  32% used [0x00000000e6ab0000, 0x00000000e718f308, 0x00000000e8000000)
  to   space 21824K,   0% used [0x00000000e5560000, 0x00000000e5560000, 0x00000000e6ab0000)
 concurrent mark-sweep generation total 393216K, used 7427K [0x00000000e8000000, 0x0000000100000000, 0x0000000100000000)
 Metaspace       used 24640K, capacity 25114K, committed 25392K, reserved 1071104K
  class space    used 2882K, capacity 3078K, committed 3120K, reserved 1048576K
2017-05-31T13:22:11.477+0200: 3,782: [GC (Allocation Failure) 2017-05-31T13:22:11.477+0200: 3,782: [ParNew
Desired survivor size 20112992 bytes, new threshold 8 (max 8)
- age   1:    1217120 bytes,    1217120 total
- age   2:       8248 bytes,    1225368 total
- age   3:     851016 bytes,    2076384 total
- age   4:    1734960 bytes,    3811344 total
- age   5:      60560 bytes,    3871904 total
- age   7:     101776 bytes,    3973680 total
- age   8:     181408 bytes,    4155088 total
: 94460K->5631K(109248K), 0,0071679 secs] 101888K->13850K(502464K), 0,0072304 secs] [Times: user=0,02 sys=0,00, real=0,01 secs] 
Heap after GC invocations=10 (full 1):
 par new generation   total 109248K, used 5631K [0x00000000e0000000, 0x00000000e8000000, 0x00000000e8000000)
  eden space 87424K,   0% used [0x00000000e0000000, 0x00000000e0000000, 0x00000000e5560000)
  from space 21824K,  25% used [0x00000000e5560000, 0x00000000e5adff90, 0x00000000e6ab0000)
  to   space 21824K,   0% used [0x00000000e6ab0000, 0x00000000e6ab0000, 0x00000000e8000000)
 concurrent mark-sweep generation total 393216K, used 8218K [0x00000000e8000000, 0x0000000100000000, 0x0000000100000000)
 Metaspace       used 24640K, capacity 25114K, committed 25392K, reserved 1071104K
  class space    used 2882K, capacity 3078K, committed 3120K, reserved 1048576K
}
2017-05-31T13:22:11.484+0200: 3,789: Total time for which application threads were stopped: 0,0074516 seconds, Stopping threads took: 0,0000664 seconds
2017-05-31T13:22:11.731+0200: 4,036: Total time for which application threads were stopped: 0,0006544 seconds, Stopping threads took: 0,0000442 seconds
2017-05-31T13:22:11.747+0200: 4,053: Total time for which application threads were stopped: 0,0005440 seconds, Stopping threads took: 0,0000351 seconds
2017-05-31T13:22:11.753+0200: 4,058: Total time for which application threads were stopped: 0,0005450 seconds, Stopping threads took: 0,0000550 seconds
2017-05-31T13:22:11.754+0200: 4,059: Total time for which application threads were stopped: 0,0001270 seconds, Stopping threads took: 0,0000327 seconds
2017-05-31T13:22:11.758+0200: 4,063: Total time for which application threads were stopped: 0,0009361 seconds, Stopping threads took: 0,0008254 seconds
2017-05-31T13:22:11.760+0200: 4,065: Total time for which application threads were stopped: 0,0001825 seconds, Stopping threads took: 0,0000637 seconds
2017-05-31T13:22:11.766+0200: 4,071: Total time for which application threads were stopped: 0,0031290 seconds, Stopping threads took: 0,0030548 seconds
2017-05-31T13:22:11.767+0200: 4,072: Total time for which application threads were stopped: 0,0001656 seconds, Stopping threads took: 0,0000456 seconds
2017-05-31T13:22:11.768+0200: 4,073: Total time for which application threads were stopped: 0,0001307 seconds, Stopping threads took: 0,0000478 seconds
2017-05-31T13:22:11.814+0200: 4,119: Total time for which application threads were stopped: 0,0040986 seconds, Stopping threads took: 0,0037293 seconds
2017-05-31T13:22:11.816+0200: 4,121: Total time for which application threads were stopped: 0,0001097 seconds, Stopping threads took: 0,0000523 seconds
2017-05-31T13:22:11.816+0200: 4,121: Total time for which application threads were stopped: 0,0000797 seconds, Stopping threads took: 0,0000260 seconds
2017-05-31T13:22:11.816+0200: 4,121: Total time for which application threads were stopped: 0,0000821 seconds, Stopping threads took: 0,0000199 seconds
2017-05-31T13:22:11.817+0200: 4,122: Total time for which application threads were stopped: 0,0001049 seconds, Stopping threads took: 0,0000335 seconds
2017-05-31T13:22:11.824+0200: 4,129: Total time for which application threads were stopped: 0,0000924 seconds, Stopping threads took: 0,0000293 seconds
2017-05-31T13:22:11.826+0200: 4,131: Total time for which application threads were stopped: 0,0015103 seconds, Stopping threads took: 0,0014332 seconds
2017-05-31T13:22:11.838+0200: 4,143: Total time for which application threads were stopped: 0,0033615 seconds, Stopping threads took: 0,0032669 seconds
2017-05-31T13:22:11.839+0200: 4,144: Total time for which application threads were stopped: 0,0001252 seconds, Stopping threads took: 0,0000276 seconds
2017-05-31T13:22:11.840+0200: 4,146: Total time for which application threads were stopped: 0,0001535 seconds, Stopping threads took: 0,0000635 seconds
2017-05-31T13:22:11.841+0200: 4,146: Total time for which application threads were stopped: 0,0001118 seconds, Stopping threads took: 0,0000508 seconds
2017-05-31T13:22:11.841+0200: 4,146: Total time for which application threads were stopped: 0,0001066 seconds, Stopping threads took: 0,0000473 seconds
2017-05-31T13:22:11.841+0200: 4,146: Total time for which application threads were stopped: 0,0000637 seconds, Stopping threads took: 0,0000196 seconds
2017-05-31T13:22:11.841+0200: 4,146: Total time for which application threads were stopped: 0,0000685 seconds, Stopping threads took: 0,0000160 seconds
2017-05-31T13:22:11.842+0200: 4,147: Total time for which application threads were stopped: 0,0000728 seconds, Stopping threads took: 0,0000190 seconds
2017-05-31T13:22:11.842+0200: 4,147: Total time for which application threads were stopped: 0,0000612 seconds, Stopping threads took: 0,0000159 seconds
2017-05-31T13:22:11.842+0200: 4,147: Total time for which application threads were stopped: 0,0000551 seconds, Stopping threads took: 0,0000180 seconds
2017-05-31T13:22:11.842+0200: 4,147: Total time for which application threads were stopped: 0,0001331 seconds, Stopping threads took: 0,0000158 seconds
2017-05-31T13:22:11.843+0200: 4,148: Total time for which application threads were stopped: 0,0001429 seconds, Stopping threads took: 0,0000457 seconds
2017-05-31T13:22:11.846+0200: 4,151: Total time for which application threads were stopped: 0,0030530 seconds, Stopping threads took: 0,0029938 seconds
2017-05-31T13:22:11.846+0200: 4,151: Total time for which application threads were stopped: 0,0000850 seconds, Stopping threads took: 0,0000234 seconds
2017-05-31T13:22:11.846+0200: 4,151: Total time for which application threads were stopped: 0,0000759 seconds, Stopping threads took: 0,0000335 seconds
2017-05-31T13:22:11.846+0200: 4,151: Total time for which application threads were stopped: 0,0000601 seconds, Stopping threads took: 0,0000157 seconds
2017-05-31T13:22:11.846+0200: 4,152: Total time for which application threads were stopped: 0,0000786 seconds, Stopping threads took: 0,0000203 seconds
2017-05-31T13:22:11.847+0200: 4,152: Total time for which application threads were stopped: 0,0000610 seconds, Stopping threads took: 0,0000189 seconds
2017-05-31T13:22:11.847+0200: 4,152: Total time for which application threads were stopped: 0,0000601 seconds, Stopping threads took: 0,0000157 seconds
2017-05-31T13:22:11.847+0200: 4,152: Total time for which application threads were stopped: 0,0000533 seconds, Stopping threads took: 0,0000164 seconds
2017-05-31T13:22:11.847+0200: 4,152: Total time for which application threads were stopped: 0,0000535 seconds, Stopping threads took: 0,0000137 seconds
2017-05-31T13:22:11.847+0200: 4,152: Total time for which application threads were stopped: 0,0001092 seconds, Stopping threads took: 0,0000624 seconds
2017-05-31T13:22:11.847+0200: 4,153: Total time for which application threads were stopped: 0,0000551 seconds, Stopping threads took: 0,0000181 seconds
2017-05-31T13:22:11.847+0200: 4,153: Total time for which application threads were stopped: 0,0000673 seconds, Stopping threads took: 0,0000244 seconds
2017-05-31T13:22:11.848+0200: 4,153: Total time for which application threads were stopped: 0,0000577 seconds, Stopping threads took: 0,0000183 seconds
2017-05-31T13:22:11.848+0200: 4,153: Total time for which application threads were stopped: 0,0000956 seconds, Stopping threads took: 0,0000582 seconds
2017-05-31T13:22:11.848+0200: 4,153: Total time for which application threads were stopped: 0,0000648 seconds, Stopping threads took: 0,0000240 seconds
2017-05-31T13:22:11.848+0200: 4,153: Total time for which application threads were stopped: 0,0000584 seconds, Stopping threads took: 0,0000179 seconds
2017-05-31T13:22:11.854+0200: 4,159: Total time for which application threads were stopped: 0,0001114 seconds, Stopping threads took: 0,0000367 seconds
2017-05-31T13:22:11.854+0200: 4,159: Total time for which application threads were stopped: 0,0001069 seconds, Stopping threads took: 0,0000588 seconds
2017-05-31T13:22:11.854+0200: 4,159: Total time for which application threads were stopped: 0,0001396 seconds, Stopping threads took: 0,0000184 seconds
2017-05-31T13:22:11.856+0200: 4,161: Total time for which application threads were stopped: 0,0001719 seconds, Stopping threads took: 0,0001055 seconds
2017-05-31T13:22:11.866+0200: 4,171: Total time for which application threads were stopped: 0,0001240 seconds, Stopping threads took: 0,0000415 seconds
2017-05-31T13:22:11.867+0200: 4,172: Total time for which application threads were stopped: 0,0001754 seconds, Stopping threads took: 0,0001057 seconds
2017-05-31T13:22:11.916+0200: 4,221: Total time for which application threads were stopped: 0,0002372 seconds, Stopping threads took: 0,0000921 seconds
2017-05-31T13:22:11.937+0200: 4,242: Total time for which application threads were stopped: 0,0006021 seconds, Stopping threads took: 0,0000516 seconds
2017-05-31T13:22:12.937+0200: 5,242: Total time for which application threads were stopped: 0,0000889 seconds, Stopping threads took: 0,0000168 seconds
2017-05-31T13:24:04.952+0200: 117,257: Total time for which application threads were stopped: 0,0001738 seconds, Stopping threads took: 0,0000705 seconds
2017-05-31T13:24:09.952+0200: 122,258: Total time for which application threads were stopped: 0,0001407 seconds, Stopping threads took: 0,0000338 seconds
2017-05-31T13:25:13.961+0200: 186,266: Total time for which application threads were stopped: 0,0001970 seconds, Stopping threads took: 0,0000824 seconds
2017-05-31T13:26:38.970+0200: 271,276: Total time for which application threads were stopped: 0,0001460 seconds, Stopping threads took: 0,0000557 seconds
2017-05-31T13:32:01.862+0200: 594,168: Total time for which application threads were stopped: 0,0019001 seconds, Stopping threads took: 0,0000442 seconds
2017-05-31T13:32:01.886+0200: 594,191: Total time for which application threads were stopped: 0,0001184 seconds, Stopping threads took: 0,0000547 seconds
2017-05-31T13:32:01.886+0200: 594,192: Total time for which application threads were stopped: 0,0000655 seconds, Stopping threads took: 0,0000093 seconds
2017-05-31T13:32:01.887+0200: 594,192: Total time for which application threads were stopped: 0,0000394 seconds, Stopping threads took: 0,0000062 seconds
2017-05-31T13:32:01.887+0200: 594,192: Total time for which application threads were stopped: 0,0000391 seconds, Stopping threads took: 0,0000133 seconds
2017-05-31T13:32:01.887+0200: 594,192: Total time for which application threads were stopped: 0,0000362 seconds, Stopping threads took: 0,0000103 seconds
2017-05-31T13:32:01.887+0200: 594,192: Total time for which application threads were stopped: 0,0000327 seconds, Stopping threads took: 0,0000070 seconds
2017-05-31T13:32:01.887+0200: 594,192: Total time for which application threads were stopped: 0,0000305 seconds, Stopping threads took: 0,0000051 seconds
2017-05-31T13:32:01.887+0200: 594,192: Total time for which application threads were stopped: 0,0000305 seconds, Stopping threads took: 0,0000060 seconds
2017-05-31T13:32:01.887+0200: 594,192: Total time for which application threads were stopped: 0,0000352 seconds, Stopping threads took: 0,0000058 seconds
2017-05-31T13:32:01.913+0200: 594,219: Total time for which application threads were stopped: 0,0001359 seconds, Stopping threads took: 0,0000200 seconds
2017-05-31T13:32:01.939+0200: 594,244: Total time for which application threads were stopped: 0,0001737 seconds, Stopping threads took: 0,0000382 seconds
2017-05-31T13:32:01.939+0200: 594,244: Total time for which application threads were stopped: 0,0000891 seconds, Stopping threads took: 0,0000257 seconds
{Heap before GC invocations=10 (full 1):
 par new generation   total 109248K, used 93055K [0x00000000e0000000, 0x00000000e8000000, 0x00000000e8000000)
  eden space 87424K, 100% used [0x00000000e0000000, 0x00000000e5560000, 0x00000000e5560000)
  from space 21824K,  25% used [0x00000000e5560000, 0x00000000e5adff90, 0x00000000e6ab0000)
  to   space 21824K,   0% used [0x00000000e6ab0000, 0x00000000e6ab0000, 0x00000000e8000000)
 concurrent mark-sweep generation total 393216K, used 8218K [0x00000000e8000000, 0x0000000100000000, 0x0000000100000000)
 Metaspace       used 28882K, capacity 29484K, committed 29744K, reserved 1075200K
  class space    used 3339K, capacity 3550K, committed 3632K, reserved 1048576K
2017-05-31T13:32:01.939+0200: 594,245: [GC (Allocation Failure) 2017-05-31T13:32:01.939+0200: 594,245: [ParNew
Desired survivor size 20112992 bytes, new threshold 8 (max 8)
- age   1:   11749080 bytes,   11749080 total
- age   2:     613208 bytes,   12362288 total
- age   3:       8184 bytes,   12370472 total
- age   4:     431240 bytes,   12801712 total
- age   5:    1728600 bytes,   14530312 total
- age   6:      60496 bytes,   14590808 total
- age   8:      99072 bytes,   14689880 total
: 93055K->15597K(109248K), 0,0458405 secs] 101274K->24011K(502464K), 0,0459454 secs] [Times: user=0,07 sys=0,00, real=0,05 secs] 
Heap after GC invocations=11 (full 1):
 par new generation   total 109248K, used 15597K [0x00000000e0000000, 0x00000000e8000000, 0x00000000e8000000)
  eden space 87424K,   0% used [0x00000000e0000000, 0x00000000e0000000, 0x00000000e5560000)
  from space 21824K,  71% used [0x00000000e6ab0000, 0x00000000e79eb470, 0x00000000e8000000)
  to   space 21824K,   0% used [0x00000000e5560000, 0x00000000e5560000, 0x00000000e6ab0000)
 concurrent mark-sweep generation total 393216K, used 8414K [0x00000000e8000000, 0x0000000100000000, 0x0000000100000000)
 Metaspace       used 28882K, capacity 29484K, committed 29744K, reserved 1075200K
  class space    used 3339K, capacity 3550K, committed 3632K, reserved 1048576K
}
2017-05-31T13:32:01.985+0200: 594,291: Total time for which application threads were stopped: 0,0461017 seconds, Stopping threads took: 0,0000063 seconds
2017-05-31T13:32:01.989+0200: 594,294: Total time for which application threads were stopped: 0,0000925 seconds, Stopping threads took: 0,0000192 seconds
2017-05-31T13:32:01.989+0200: 594,294: Total time for which application threads were stopped: 0,0000485 seconds, Stopping threads took: 0,0000063 seconds
2017-05-31T13:32:01.999+0200: 594,304: Total time for which application threads were stopped: 0,0000962 seconds, Stopping threads took: 0,0000168 seconds
2017-05-31T13:32:01.999+0200: 594,304: Total time for which application threads were stopped: 0,0000476 seconds, Stopping threads took: 0,0000062 seconds
2017-05-31T13:32:01.999+0200: 594,304: Total time for which application threads were stopped: 0,0000369 seconds, Stopping threads took: 0,0000060 seconds
2017-05-31T13:32:01.999+0200: 594,304: Total time for which application threads were stopped: 0,0000335 seconds, Stopping threads took: 0,0000050 seconds
2017-05-31T13:32:01.999+0200: 594,304: Total time for which application threads were stopped: 0,0001483 seconds, Stopping threads took: 0,0000049 seconds
2017-05-31T13:32:02.234+0200: 594,539: Total time for which application threads were stopped: 0,0009934 seconds, Stopping threads took: 0,0008476 seconds
2017-05-31T13:32:02.331+0200: 594,637: Total time for which application threads were stopped: 0,0000861 seconds, Stopping threads took: 0,0000257 seconds
2017-05-31T13:32:02.341+0200: 594,646: Total time for which application threads were stopped: 0,0006339 seconds, Stopping threads took: 0,0002072 seconds
2017-05-31T13:32:02.668+0200: 594,973: Total time for which application threads were stopped: 0,0001479 seconds, Stopping threads took: 0,0000449 seconds
2017-05-31T13:32:02.670+0200: 594,975: Total time for which application threads were stopped: 0,0002237 seconds, Stopping threads took: 0,0000594 seconds
2017-05-31T13:32:02.763+0200: 595,069: Total time for which application threads were stopped: 0,0001061 seconds, Stopping threads took: 0,0000336 seconds
2017-05-31T13:32:02.764+0200: 595,069: Total time for which application threads were stopped: 0,0000810 seconds, Stopping threads took: 0,0000347 seconds
2017-05-31T13:32:03.374+0200: 595,680: Total time for which application threads were stopped: 0,0001707 seconds, Stopping threads took: 0,0000284 seconds
2017-05-31T13:32:04.380+0200: 596,685: Total time for which application threads were stopped: 0,0049615 seconds, Stopping threads took: 0,0047547 seconds
2017-05-31T13:32:04.951+0200: 597,256: Total time for which application threads were stopped: 0,0010462 seconds, Stopping threads took: 0,0000262 seconds
2017-05-31T13:32:04.956+0200: 597,261: Total time for which application threads were stopped: 0,0001059 seconds, Stopping threads took: 0,0000297 seconds
2017-05-31T13:32:04.964+0200: 597,269: Total time for which application threads were stopped: 0,0001349 seconds, Stopping threads took: 0,0000417 seconds
2017-05-31T13:32:04.966+0200: 597,271: Total time for which application threads were stopped: 0,0004211 seconds, Stopping threads took: 0,0000545 seconds
2017-05-31T13:32:04.971+0200: 597,276: Total time for which application threads were stopped: 0,0000685 seconds, Stopping threads took: 0,0000152 seconds
2017-05-31T13:32:04.971+0200: 597,276: Total time for which application threads were stopped: 0,0000491 seconds, Stopping threads took: 0,0000238 seconds
2017-05-31T13:32:04.971+0200: 597,276: Total time for which application threads were stopped: 0,0000408 seconds, Stopping threads took: 0,0000213 seconds
2017-05-31T13:32:04.973+0200: 597,278: Total time for which application threads were stopped: 0,0001141 seconds, Stopping threads took: 0,0000575 seconds
2017-05-31T13:32:04.974+0200: 597,279: Total time for which application threads were stopped: 0,0001014 seconds, Stopping threads took: 0,0000293 seconds
2017-05-31T13:32:04.975+0200: 597,280: Total time for which application threads were stopped: 0,0001638 seconds, Stopping threads took: 0,0000479 seconds
2017-05-31T13:32:04.975+0200: 597,280: Total time for which application threads were stopped: 0,0000645 seconds, Stopping threads took: 0,0000363 seconds
2017-05-31T13:32:04.975+0200: 597,280: Total time for which application threads were stopped: 0,0000414 seconds, Stopping threads took: 0,0000191 seconds
2017-05-31T13:32:04.975+0200: 597,280: Total time for which application threads were stopped: 0,0000384 seconds, Stopping threads took: 0,0000145 seconds
2017-05-31T13:32:04.975+0200: 597,280: Total time for which application threads were stopped: 0,0000483 seconds, Stopping threads took: 0,0000171 seconds
2017-05-31T13:32:04.975+0200: 597,280: Total time for which application threads were stopped: 0,0000428 seconds, Stopping threads took: 0,0000164 seconds
2017-05-31T13:32:04.975+0200: 597,280: Total time for which application threads were stopped: 0,0000371 seconds, Stopping threads took: 0,0000152 seconds
2017-05-31T13:32:04.975+0200: 597,281: Total time for which application threads were stopped: 0,0000416 seconds, Stopping threads took: 0,0000166 seconds
2017-05-31T13:32:04.975+0200: 597,281: Total time for which application threads were stopped: 0,0000760 seconds, Stopping threads took: 0,0000480 seconds
2017-05-31T13:32:04.975+0200: 597,281: Total time for which application threads were stopped: 0,0000369 seconds, Stopping threads took: 0,0000142 seconds
2017-05-31T13:32:04.978+0200: 597,284: Total time for which application threads were stopped: 0,0003445 seconds, Stopping threads took: 0,0002756 seconds
2017-05-31T13:32:04.979+0200: 597,284: Total time for which application threads were stopped: 0,0000548 seconds, Stopping threads took: 0,0000250 seconds
2017-05-31T13:32:04.986+0200: 597,292: Total time for which application threads were stopped: 0,0044340 seconds, Stopping threads took: 0,0040719 seconds
2017-05-31T13:32:04.987+0200: 597,293: Total time for which application threads were stopped: 0,0000721 seconds, Stopping threads took: 0,0000116 seconds
2017-05-31T13:32:04.988+0200: 597,293: Total time for which application threads were stopped: 0,0000920 seconds, Stopping threads took: 0,0000346 seconds
2017-05-31T13:32:04.989+0200: 597,294: Total time for which application threads were stopped: 0,0001056 seconds, Stopping threads took: 0,0000315 seconds
2017-05-31T13:32:04.989+0200: 597,294: Total time for which application threads were stopped: 0,0003728 seconds, Stopping threads took: 0,0002144 seconds
2017-05-31T13:32:04.989+0200: 597,295: Total time for which application threads were stopped: 0,0001227 seconds, Stopping threads took: 0,0000451 seconds
2017-05-31T13:32:04.990+0200: 597,295: Total time for which application threads were stopped: 0,0001571 seconds, Stopping threads took: 0,0000367 seconds
2017-05-31T13:32:04.990+0200: 597,295: Total time for which application threads were stopped: 0,0000989 seconds, Stopping threads took: 0,0000404 seconds
2017-05-31T13:32:04.990+0200: 597,295: Total time for which application threads were stopped: 0,0000565 seconds, Stopping threads took: 0,0000219 seconds
2017-05-31T13:32:04.990+0200: 597,295: Total time for which application threads were stopped: 0,0000525 seconds, Stopping threads took: 0,0000188 seconds
2017-05-31T13:32:04.991+0200: 597,296: Total time for which application threads were stopped: 0,0000705 seconds, Stopping threads took: 0,0000230 seconds
2017-05-31T13:32:04.991+0200: 597,296: Total time for which application threads were stopped: 0,0000858 seconds, Stopping threads took: 0,0000462 seconds
2017-05-31T13:32:04.991+0200: 597,296: Total time for which application threads were stopped: 0,0001587 seconds, Stopping threads took: 0,0000210 seconds
2017-05-31T13:32:04.993+0200: 597,298: Total time for which application threads were stopped: 0,0001463 seconds, Stopping threads took: 0,0000339 seconds
2017-05-31T13:32:04.994+0200: 597,299: Total time for which application threads were stopped: 0,0007796 seconds, Stopping threads took: 0,0006861 seconds
Heap
 par new generation   total 109248K, used 72905K [0x00000000e0000000, 0x00000000e8000000, 0x00000000e8000000)
  eden space 87424K,  65% used [0x00000000e0000000, 0x00000000e37f7138, 0x00000000e5560000)
  from space 21824K,  71% used [0x00000000e6ab0000, 0x00000000e79eb470, 0x00000000e8000000)
  to   space 21824K,   0% used [0x00000000e5560000, 0x00000000e5560000, 0x00000000e6ab0000)
 concurrent mark-sweep generation total 393216K, used 8414K [0x00000000e8000000, 0x0000000100000000, 0x0000000100000000)
 Metaspace       used 30125K, capacity 30824K, committed 31152K, reserved 1077248K
  class space    used 3422K, capacity 3650K, committed 3760K, reserved 1048576K
