OpenJDK 64-Bit Server VM (25.121-b13) for linux-amd64 JRE (1.8.0_121-8u121-b13-0ubuntu1.16.04.2-b13), built on Jan 23 2017 15:51:29 by "buildd" with gcc 5.4.0 20160609
Memory: 4k page, physical 7867800k(7535128k free), swap 8076284k(8076284k free)
CommandLine flags: -XX:CMSInitiatingOccupancyFraction=50 -XX:CMSMaxAbortablePrecleanTime=6000 -XX:+CMSParallelRemarkEnabled -XX:+CMSScavengeBeforeRemark -XX:ConcGCThreads=4 -XX:InitialHeapSize=536870912 -XX:MaxHeapSize=536870912 -XX:MaxTenuringThreshold=8 -XX:NewRatio=3 -XX:OldPLABSize=16 -XX:OnOutOfMemoryError=/opt/solr/bin/oom_solr.sh 8983 /var/solr/logs -XX:ParallelGCThreads=4 -XX:+ParallelRefProcEnabled -XX:PretenureSizeThreshold=67108864 -XX:+PrintGC -XX:+PrintGCApplicationStoppedTime -XX:+PrintGCDateStamps -XX:+PrintGCDetails -XX:+PrintGCTimeStamps -XX:+PrintHeapAtGC -XX:+PrintTenuringDistribution -XX:SurvivorRatio=4 -XX:TargetSurvivorRatio=90 -XX:ThreadStackSize=256 -XX:+UseCMSInitiatingOccupancyOnly -XX:+UseCompressedClassPointers -XX:+UseCompressedOops -XX:+UseConcMarkSweepGC -XX:+UseParNewGC 
2017-02-22T22:38:25.610+0100: 0,127: Total time for which application threads were stopped: 0,0000674 seconds, Stopping threads took: 0,0000132 seconds
2017-02-22T22:38:25.677+0100: 0,194: Total time for which application threads were stopped: 0,0001108 seconds, Stopping threads took: 0,0000174 seconds
2017-02-22T22:38:25.692+0100: 0,209: Total time for which application threads were stopped: 0,0000782 seconds, Stopping threads took: 0,0000178 seconds
2017-02-22T22:38:25.809+0100: 0,326: Total time for which application threads were stopped: 0,0001090 seconds, Stopping threads took: 0,0000130 seconds
2017-02-22T22:38:25.953+0100: 0,471: Total time for which application threads were stopped: 0,0001156 seconds, Stopping threads took: 0,0000186 seconds
2017-02-22T22:38:25.997+0100: 0,514: Total time for which application threads were stopped: 0,0001675 seconds, Stopping threads took: 0,0000173 seconds
2017-02-22T22:38:26.010+0100: 0,527: Total time for which application threads were stopped: 0,0001596 seconds, Stopping threads took: 0,0000245 seconds
2017-02-22T22:38:26.177+0100: 0,694: Total time for which application threads were stopped: 0,0001594 seconds, Stopping threads took: 0,0000102 seconds
2017-02-22T22:38:26.351+0100: 0,868: Total time for which application threads were stopped: 0,0002033 seconds, Stopping threads took: 0,0000157 seconds
2017-02-22T22:38:26.372+0100: 0,889: Total time for which application threads were stopped: 0,0001629 seconds, Stopping threads took: 0,0000105 seconds
2017-02-22T22:38:26.402+0100: 0,919: Total time for which application threads were stopped: 0,0001967 seconds, Stopping threads took: 0,0000183 seconds
2017-02-22T22:38:26.403+0100: 0,920: Total time for which application threads were stopped: 0,0001678 seconds, Stopping threads took: 0,0000140 seconds
2017-02-22T22:38:26.416+0100: 0,933: Total time for which application threads were stopped: 0,0001966 seconds, Stopping threads took: 0,0000162 seconds
2017-02-22T22:38:26.527+0100: 1,044: Total time for which application threads were stopped: 0,0002717 seconds, Stopping threads took: 0,0000304 seconds
2017-02-22T22:38:26.691+0100: 1,208: Total time for which application threads were stopped: 0,0047360 seconds, Stopping threads took: 0,0045091 seconds
{Heap before GC invocations=0 (full 0):
 par new generation   total 109248K, used 87424K [0x00000000e0000000, 0x00000000e8000000, 0x00000000e8000000)
  eden space 87424K, 100% used [0x00000000e0000000, 0x00000000e5560000, 0x00000000e5560000)
  from space 21824K,   0% used [0x00000000e5560000, 0x00000000e5560000, 0x00000000e6ab0000)
  to   space 21824K,   0% used [0x00000000e6ab0000, 0x00000000e6ab0000, 0x00000000e8000000)
 concurrent mark-sweep generation total 393216K, used 0K [0x00000000e8000000, 0x0000000100000000, 0x0000000100000000)
 Metaspace       used 17854K, capacity 18176K, committed 18304K, reserved 1064960K
  class space    used 2024K, capacity 2164K, committed 2176K, reserved 1048576K
2017-02-22T22:38:26.763+0100: 1,280: [GC (Allocation Failure) 2017-02-22T22:38:26.763+0100: 1,280: [ParNew
Desired survivor size 20112992 bytes, new threshold 8 (max 8)
- age   1:   11802120 bytes,   11802120 total
: 87424K->11637K(109248K), 0,0199414 secs] 87424K->11637K(502464K), 0,0200368 secs] [Times: user=0,03 sys=0,02, real=0,02 secs] 
Heap after GC invocations=1 (full 0):
 par new generation   total 109248K, used 11637K [0x00000000e0000000, 0x00000000e8000000, 0x00000000e8000000)
  eden space 87424K,   0% used [0x00000000e0000000, 0x00000000e0000000, 0x00000000e5560000)
  from space 21824K,  53% used [0x00000000e6ab0000, 0x00000000e760d668, 0x00000000e8000000)
  to   space 21824K,   0% used [0x00000000e5560000, 0x00000000e5560000, 0x00000000e6ab0000)
 concurrent mark-sweep generation total 393216K, used 0K [0x00000000e8000000, 0x0000000100000000, 0x0000000100000000)
 Metaspace       used 17854K, capacity 18176K, committed 18304K, reserved 1064960K
  class space    used 2024K, capacity 2164K, committed 2176K, reserved 1048576K
}
2017-02-22T22:38:26.783+0100: 1,300: Total time for which application threads were stopped: 0,0212431 seconds, Stopping threads took: 0,0010170 seconds
2017-02-22T22:38:27.369+0100: 1,886: Total time for which application threads were stopped: 0,0008176 seconds, Stopping threads took: 0,0003749 seconds
{Heap before GC invocations=1 (full 0):
 par new generation   total 109248K, used 99061K [0x00000000e0000000, 0x00000000e8000000, 0x00000000e8000000)
  eden space 87424K, 100% used [0x00000000e0000000, 0x00000000e5560000, 0x00000000e5560000)
  from space 21824K,  53% used [0x00000000e6ab0000, 0x00000000e760d668, 0x00000000e8000000)
  to   space 21824K,   0% used [0x00000000e5560000, 0x00000000e5560000, 0x00000000e6ab0000)
 concurrent mark-sweep generation total 393216K, used 0K [0x00000000e8000000, 0x0000000100000000, 0x0000000100000000)
 Metaspace       used 20037K, capacity 20350K, committed 20736K, reserved 1067008K
  class space    used 2292K, capacity 2465K, committed 2560K, reserved 1048576K
2017-02-22T22:38:27.471+0100: 1,988: [GC (Allocation Failure) 2017-02-22T22:38:27.471+0100: 1,988: [ParNew
Desired survivor size 20112992 bytes, new threshold 8 (max 8)
- age   1:    4013056 bytes,    4013056 total
- age   2:    6376312 bytes,   10389368 total
: 99061K->15039K(109248K), 0,0432010 secs] 99061K->15039K(502464K), 0,0432839 secs] [Times: user=0,07 sys=0,00, real=0,04 secs] 
Heap after GC invocations=2 (full 0):
 par new generation   total 109248K, used 15039K [0x00000000e0000000, 0x00000000e8000000, 0x00000000e8000000)
  eden space 87424K,   0% used [0x00000000e0000000, 0x00000000e0000000, 0x00000000e5560000)
  from space 21824K,  68% used [0x00000000e5560000, 0x00000000e640fe80, 0x00000000e6ab0000)
  to   space 21824K,   0% used [0x00000000e6ab0000, 0x00000000e6ab0000, 0x00000000e8000000)
 concurrent mark-sweep generation total 393216K, used 0K [0x00000000e8000000, 0x0000000100000000, 0x0000000100000000)
 Metaspace       used 20037K, capacity 20350K, committed 20736K, reserved 1067008K
  class space    used 2292K, capacity 2465K, committed 2560K, reserved 1048576K
}
2017-02-22T22:38:27.514+0100: 2,032: Total time for which application threads were stopped: 0,0436211 seconds, Stopping threads took: 0,0001634 seconds
2017-02-22T22:38:27.541+0100: 2,058: Total time for which application threads were stopped: 0,0003673 seconds, Stopping threads took: 0,0000245 seconds
2017-02-22T22:38:27.634+0100: 2,151: Total time for which application threads were stopped: 0,0040234 seconds, Stopping threads took: 0,0035541 seconds
2017-02-22T22:38:28.019+0100: 2,536: Total time for which application threads were stopped: 0,0003289 seconds, Stopping threads took: 0,0001544 seconds
{Heap before GC invocations=2 (full 0):
 par new generation   total 109248K, used 102463K [0x00000000e0000000, 0x00000000e8000000, 0x00000000e8000000)
  eden space 87424K, 100% used [0x00000000e0000000, 0x00000000e5560000, 0x00000000e5560000)
  from space 21824K,  68% used [0x00000000e5560000, 0x00000000e640fe80, 0x00000000e6ab0000)
  to   space 21824K,   0% used [0x00000000e6ab0000, 0x00000000e6ab0000, 0x00000000e8000000)
 concurrent mark-sweep generation total 393216K, used 0K [0x00000000e8000000, 0x0000000100000000, 0x0000000100000000)
 Metaspace       used 20947K, capacity 21272K, committed 21628K, reserved 1069056K
  class space    used 2414K, capacity 2584K, committed 2684K, reserved 1048576K
2017-02-22T22:38:28.089+0100: 2,606: [GC (Allocation Failure) 2017-02-22T22:38:28.089+0100: 2,606: [ParNew
Desired survivor size 20112992 bytes, new threshold 8 (max 8)
- age   1:    2211456 bytes,    2211456 total
- age   2:    1118728 bytes,    3330184 total
- age   3:    6374408 bytes,    9704592 total
: 102463K->11369K(109248K), 0,0691407 secs] 102463K->11369K(502464K), 0,0692370 secs] [Times: user=0,10 sys=0,00, real=0,07 secs] 
Heap after GC invocations=3 (full 0):
 par new generation   total 109248K, used 11369K [0x00000000e0000000, 0x00000000e8000000, 0x00000000e8000000)
  eden space 87424K,   0% used [0x00000000e0000000, 0x00000000e0000000, 0x00000000e5560000)
  from space 21824K,  52% used [0x00000000e6ab0000, 0x00000000e75ca540, 0x00000000e8000000)
  to   space 21824K,   0% used [0x00000000e5560000, 0x00000000e5560000, 0x00000000e6ab0000)
 concurrent mark-sweep generation total 393216K, used 0K [0x00000000e8000000, 0x0000000100000000, 0x0000000100000000)
 Metaspace       used 20947K, capacity 21272K, committed 21628K, reserved 1069056K
  class space    used 2414K, capacity 2584K, committed 2684K, reserved 1048576K
}
2017-02-22T22:38:28.158+0100: 2,675: Total time for which application threads were stopped: 0,0706118 seconds, Stopping threads took: 0,0009682 seconds
2017-02-22T22:38:28.173+0100: 2,690: [GC (CMS Initial Mark) [1 CMS-initial-mark: 0K(393216K)] 13857K(502464K), 0,0101400 secs] [Times: user=0,01 sys=0,00, real=0,02 secs] 
2017-02-22T22:38:28.183+0100: 2,700: Total time for which application threads were stopped: 0,0217093 seconds, Stopping threads took: 0,0114335 seconds
2017-02-22T22:38:28.183+0100: 2,700: [CMS-concurrent-mark-start]
2017-02-22T22:38:28.187+0100: 2,704: [CMS-concurrent-mark: 0,004/0,004 secs] [Times: user=0,01 sys=0,00, real=0,00 secs] 
2017-02-22T22:38:28.187+0100: 2,704: [CMS-concurrent-preclean-start]
2017-02-22T22:38:28.188+0100: 2,705: [CMS-concurrent-preclean: 0,001/0,001 secs] [Times: user=0,01 sys=0,00, real=0,00 secs] 
2017-02-22T22:38:28.188+0100: 2,705: [CMS-concurrent-abortable-preclean-start]
2017-02-22T22:38:28.313+0100: 2,830: Total time for which application threads were stopped: 0,0016283 seconds, Stopping threads took: 0,0014996 seconds
{Heap before GC invocations=3 (full 1):
 par new generation   total 109248K, used 98793K [0x00000000e0000000, 0x00000000e8000000, 0x00000000e8000000)
  eden space 87424K, 100% used [0x00000000e0000000, 0x00000000e5560000, 0x00000000e5560000)
  from space 21824K,  52% used [0x00000000e6ab0000, 0x00000000e75ca540, 0x00000000e8000000)
  to   space 21824K,   0% used [0x00000000e5560000, 0x00000000e5560000, 0x00000000e6ab0000)
 concurrent mark-sweep generation total 393216K, used 0K [0x00000000e8000000, 0x0000000100000000, 0x0000000100000000)
 Metaspace       used 21234K, capacity 21560K, committed 21884K, reserved 1069056K
  class space    used 2445K, capacity 2601K, committed 2684K, reserved 1048576K
2017-02-22T22:38:28.413+0100: 2,930: [GC (Allocation Failure) 2017-02-22T22:38:28.413+0100: 2,930: [ParNew
Desired survivor size 20112992 bytes, new threshold 8 (max 8)
- age   1:     912760 bytes,     912760 total
- age   2:    1465328 bytes,    2378088 total
- age   3:    1081904 bytes,    3459992 total
- age   4:    6374816 bytes,    9834808 total
: 98793K->14925K(109248K), 0,0345718 secs] 98793K->14925K(502464K), 0,0347659 secs] [Times: user=0,07 sys=0,00, real=0,04 secs] 
Heap after GC invocations=4 (full 1):
 par new generation   total 109248K, used 14925K [0x00000000e0000000, 0x00000000e8000000, 0x00000000e8000000)
  eden space 87424K,   0% used [0x00000000e0000000, 0x00000000e0000000, 0x00000000e5560000)
  from space 21824K,  68% used [0x00000000e5560000, 0x00000000e63f3738, 0x00000000e6ab0000)
  to   space 21824K,   0% used [0x00000000e6ab0000, 0x00000000e6ab0000, 0x00000000e8000000)
 concurrent mark-sweep generation total 393216K, used 0K [0x00000000e8000000, 0x0000000100000000, 0x0000000100000000)
 Metaspace       used 21234K, capacity 21560K, committed 21884K, reserved 1069056K
  class space    used 2445K, capacity 2601K, committed 2684K, reserved 1048576K
}
2017-02-22T22:38:28.448+0100: 2,965: Total time for which application threads were stopped: 0,0351253 seconds, Stopping threads took: 0,0000451 seconds
2017-02-22T22:38:28.551+0100: 3,068: [CMS-concurrent-abortable-preclean: 0,184/0,363 secs] [Times: user=0,78 sys=0,02, real=0,36 secs] 
2017-02-22T22:38:28.559+0100: 3,076: [GC (CMS Final Remark) [YG occupancy: 45303 K (109248 K)]{Heap before GC invocations=4 (full 1):
 par new generation   total 109248K, used 45303K [0x00000000e0000000, 0x00000000e8000000, 0x00000000e8000000)
  eden space 87424K,  34% used [0x00000000e0000000, 0x00000000e1daa558, 0x00000000e5560000)
  from space 21824K,  68% used [0x00000000e5560000, 0x00000000e63f3738, 0x00000000e6ab0000)
  to   space 21824K,   0% used [0x00000000e6ab0000, 0x00000000e6ab0000, 0x00000000e8000000)
 concurrent mark-sweep generation total 393216K, used 0K [0x00000000e8000000, 0x0000000100000000, 0x0000000100000000)
 Metaspace       used 21263K, capacity 21624K, committed 21884K, reserved 1069056K
  class space    used 2449K, capacity 2601K, committed 2684K, reserved 1048576K
2017-02-22T22:38:28.559+0100: 3,077: [GC (CMS Final Remark) 2017-02-22T22:38:28.559+0100: 3,077: [ParNew
Desired survivor size 20112992 bytes, new threshold 8 (max 8)
- age   1:     203024 bytes,     203024 total
- age   2:     185768 bytes,     388792 total
- age   3:    1465328 bytes,    1854120 total
- age   4:    1081840 bytes,    2935960 total
- age   5:    6374408 bytes,    9310368 total
: 45303K->11333K(109248K), 0,0272194 secs] 45303K->11333K(502464K), 0,0274740 secs] [Times: user=0,07 sys=0,00, real=0,03 secs] 
Heap after GC invocations=5 (full 1):
 par new generation   total 109248K, used 11333K [0x00000000e0000000, 0x00000000e8000000, 0x00000000e8000000)
  eden space 87424K,   0% used [0x00000000e0000000, 0x00000000e0000000, 0x00000000e5560000)
  from space 21824K,  51% used [0x00000000e6ab0000, 0x00000000e75c1430, 0x00000000e8000000)
  to   space 21824K,   0% used [0x00000000e5560000, 0x00000000e5560000, 0x00000000e6ab0000)
 concurrent mark-sweep generation total 393216K, used 0K [0x00000000e8000000, 0x0000000100000000, 0x0000000100000000)
 Metaspace       used 21263K, capacity 21624K, committed 21884K, reserved 1069056K
  class space    used 2449K, capacity 2601K, committed 2684K, reserved 1048576K
}
2017-02-22T22:38:28.587+0100: 3,104: [Rescan (parallel) , 0,0070503 secs]2017-02-22T22:38:28.594+0100: 3,111: [weak refs processing, 0,0012647 secs]2017-02-22T22:38:28.595+0100: 3,112: [class unloading, 0,0156277 secs]2017-02-22T22:38:28.611+0100: 3,128: [scrub symbol table, 0,0183437 secs]2017-02-22T22:38:28.630+0100: 3,147: [scrub string table, 0,0018335 secs][1 CMS-remark: 0K(393216K)] 11333K(502464K), 0,0733681 secs] [Times: user=0,14 sys=0,01, real=0,07 secs] 
2017-02-22T22:38:28.633+0100: 3,150: Total time for which application threads were stopped: 0,0818656 seconds, Stopping threads took: 0,0080675 seconds
2017-02-22T22:38:28.636+0100: 3,154: [CMS-concurrent-sweep-start]
2017-02-22T22:38:28.637+0100: 3,154: [CMS-concurrent-sweep: 0,000/0,000 secs] [Times: user=0,00 sys=0,00, real=0,00 secs] 
2017-02-22T22:38:28.637+0100: 3,154: [CMS-concurrent-reset-start]
2017-02-22T22:38:28.679+0100: 3,196: [CMS-concurrent-reset: 0,042/0,042 secs] [Times: user=0,13 sys=0,01, real=0,04 secs] 
2017-02-22T22:38:29.142+0100: 3,659: Total time for which application threads were stopped: 0,0021839 seconds, Stopping threads took: 0,0001023 seconds
{Heap before GC invocations=5 (full 1):
 par new generation   total 109248K, used 98757K [0x00000000e0000000, 0x00000000e8000000, 0x00000000e8000000)
  eden space 87424K, 100% used [0x00000000e0000000, 0x00000000e5560000, 0x00000000e5560000)
  from space 21824K,  51% used [0x00000000e6ab0000, 0x00000000e75c1430, 0x00000000e8000000)
  to   space 21824K,   0% used [0x00000000e5560000, 0x00000000e5560000, 0x00000000e6ab0000)
 concurrent mark-sweep generation total 393216K, used 0K [0x00000000e8000000, 0x0000000100000000, 0x0000000100000000)
 Metaspace       used 22353K, capacity 22732K, committed 23036K, reserved 1069056K
  class space    used 2581K, capacity 2733K, committed 2812K, reserved 1048576K
2017-02-22T22:38:29.327+0100: 3,844: [GC (Allocation Failure) 2017-02-22T22:38:29.327+0100: 3,844: [ParNew
Desired survivor size 20112992 bytes, new threshold 8 (max 8)
- age   1:    1975536 bytes,    1975536 total
- age   2:      41448 bytes,    2016984 total
- age   3:     184440 bytes,    2201424 total
- age   4:     297912 bytes,    2499336 total
- age   5:    1081672 bytes,    3581008 total
- age   6:    6374432 bytes,    9955440 total
: 98757K->13916K(109248K), 0,0111153 secs] 98757K->13916K(502464K), 0,0111991 secs] [Times: user=0,03 sys=0,00, real=0,01 secs] 
Heap after GC invocations=6 (full 1):
 par new generation   total 109248K, used 13916K [0x00000000e0000000, 0x00000000e8000000, 0x00000000e8000000)
  eden space 87424K,   0% used [0x00000000e0000000, 0x00000000e0000000, 0x00000000e5560000)
  from space 21824K,  63% used [0x00000000e5560000, 0x00000000e62f7348, 0x00000000e6ab0000)
  to   space 21824K,   0% used [0x00000000e6ab0000, 0x00000000e6ab0000, 0x00000000e8000000)
 concurrent mark-sweep generation total 393216K, used 0K [0x00000000e8000000, 0x0000000100000000, 0x0000000100000000)
 Metaspace       used 22353K, capacity 22732K, committed 23036K, reserved 1069056K
  class space    used 2581K, capacity 2733K, committed 2812K, reserved 1048576K
}
2017-02-22T22:38:29.338+0100: 3,855: Total time for which application threads were stopped: 0,0137286 seconds, Stopping threads took: 0,0023463 seconds
2017-02-22T22:38:29.413+0100: 3,930: Total time for which application threads were stopped: 0,0004979 seconds, Stopping threads took: 0,0000241 seconds
2017-02-22T22:38:29.428+0100: 3,945: Total time for which application threads were stopped: 0,0004359 seconds, Stopping threads took: 0,0000484 seconds
2017-02-22T22:38:29.542+0100: 4,059: Total time for which application threads were stopped: 0,0009275 seconds, Stopping threads took: 0,0006237 seconds
2017-02-22T22:38:29.577+0100: 4,094: Total time for which application threads were stopped: 0,0061696 seconds, Stopping threads took: 0,0060873 seconds
2017-02-22T22:38:29.580+0100: 4,097: Total time for which application threads were stopped: 0,0001390 seconds, Stopping threads took: 0,0000529 seconds
2017-02-22T22:38:29.581+0100: 4,098: Total time for which application threads were stopped: 0,0002282 seconds, Stopping threads took: 0,0001175 seconds
2017-02-22T22:38:29.581+0100: 4,098: Total time for which application threads were stopped: 0,0000615 seconds, Stopping threads took: 0,0000134 seconds
2017-02-22T22:38:29.582+0100: 4,099: Total time for which application threads were stopped: 0,0002745 seconds, Stopping threads took: 0,0001999 seconds
2017-02-22T22:38:29.582+0100: 4,099: Total time for which application threads were stopped: 0,0000733 seconds, Stopping threads took: 0,0000274 seconds
2017-02-22T22:38:29.584+0100: 4,101: Total time for which application threads were stopped: 0,0001613 seconds, Stopping threads took: 0,0000521 seconds
2017-02-22T22:38:29.585+0100: 4,102: Total time for which application threads were stopped: 0,0001408 seconds, Stopping threads took: 0,0000510 seconds
2017-02-22T22:38:29.586+0100: 4,103: Total time for which application threads were stopped: 0,0000850 seconds, Stopping threads took: 0,0000368 seconds
2017-02-22T22:38:29.586+0100: 4,104: Total time for which application threads were stopped: 0,0001302 seconds, Stopping threads took: 0,0000548 seconds
2017-02-22T22:38:29.588+0100: 4,105: Total time for which application threads were stopped: 0,0001295 seconds, Stopping threads took: 0,0000628 seconds
2017-02-22T22:38:29.589+0100: 4,106: Total time for which application threads were stopped: 0,0001283 seconds, Stopping threads took: 0,0000519 seconds
2017-02-22T22:38:29.590+0100: 4,107: Total time for which application threads were stopped: 0,0001461 seconds, Stopping threads took: 0,0000599 seconds
2017-02-22T22:38:29.599+0100: 4,116: Total time for which application threads were stopped: 0,0001694 seconds, Stopping threads took: 0,0000545 seconds
2017-02-22T22:38:29.599+0100: 4,116: Total time for which application threads were stopped: 0,0001020 seconds, Stopping threads took: 0,0000245 seconds
2017-02-22T22:38:29.601+0100: 4,118: Total time for which application threads were stopped: 0,0002349 seconds, Stopping threads took: 0,0001509 seconds
2017-02-22T22:38:29.601+0100: 4,118: Total time for which application threads were stopped: 0,0003984 seconds, Stopping threads took: 0,0003396 seconds
2017-02-22T22:38:29.603+0100: 4,120: Total time for which application threads were stopped: 0,0001412 seconds, Stopping threads took: 0,0000367 seconds
2017-02-22T22:38:29.604+0100: 4,121: Total time for which application threads were stopped: 0,0008469 seconds, Stopping threads took: 0,0007836 seconds
2017-02-22T22:38:29.605+0100: 4,122: Total time for which application threads were stopped: 0,0002491 seconds, Stopping threads took: 0,0000425 seconds
2017-02-22T22:38:29.607+0100: 4,124: Total time for which application threads were stopped: 0,0002634 seconds, Stopping threads took: 0,0001791 seconds
2017-02-22T22:38:29.608+0100: 4,125: Total time for which application threads were stopped: 0,0001307 seconds, Stopping threads took: 0,0000398 seconds
2017-02-22T22:38:29.609+0100: 4,126: Total time for which application threads were stopped: 0,0001249 seconds, Stopping threads took: 0,0000391 seconds
2017-02-22T22:38:29.609+0100: 4,126: Total time for which application threads were stopped: 0,0000782 seconds, Stopping threads took: 0,0000125 seconds
2017-02-22T22:38:29.609+0100: 4,126: Total time for which application threads were stopped: 0,0000720 seconds, Stopping threads took: 0,0000206 seconds
2017-02-22T22:38:29.609+0100: 4,126: Total time for which application threads were stopped: 0,0000789 seconds, Stopping threads took: 0,0000281 seconds
2017-02-22T22:38:29.610+0100: 4,127: Total time for which application threads were stopped: 0,0001339 seconds, Stopping threads took: 0,0000496 seconds
2017-02-22T22:38:29.610+0100: 4,127: Total time for which application threads were stopped: 0,0000846 seconds, Stopping threads took: 0,0000244 seconds
2017-02-22T22:38:29.610+0100: 4,127: Total time for which application threads were stopped: 0,0000810 seconds, Stopping threads took: 0,0000252 seconds
2017-02-22T22:38:29.610+0100: 4,127: Total time for which application threads were stopped: 0,0000903 seconds, Stopping threads took: 0,0000275 seconds
2017-02-22T22:38:29.610+0100: 4,127: Total time for which application threads were stopped: 0,0000782 seconds, Stopping threads took: 0,0000231 seconds
2017-02-22T22:38:29.611+0100: 4,128: Total time for which application threads were stopped: 0,0001258 seconds, Stopping threads took: 0,0000556 seconds
2017-02-22T22:38:29.611+0100: 4,128: Total time for which application threads were stopped: 0,0000836 seconds, Stopping threads took: 0,0000224 seconds
2017-02-22T22:38:29.611+0100: 4,128: Total time for which application threads were stopped: 0,0001023 seconds, Stopping threads took: 0,0000327 seconds
2017-02-22T22:38:29.611+0100: 4,128: Total time for which application threads were stopped: 0,0000826 seconds, Stopping threads took: 0,0000262 seconds
2017-02-22T22:38:29.611+0100: 4,128: Total time for which application threads were stopped: 0,0000970 seconds, Stopping threads took: 0,0000276 seconds
2017-02-22T22:38:29.612+0100: 4,129: Total time for which application threads were stopped: 0,0000877 seconds, Stopping threads took: 0,0000241 seconds
2017-02-22T22:38:29.612+0100: 4,129: Total time for which application threads were stopped: 0,0000744 seconds, Stopping threads took: 0,0000219 seconds
2017-02-22T22:38:29.612+0100: 4,129: Total time for which application threads were stopped: 0,0000873 seconds, Stopping threads took: 0,0000269 seconds
2017-02-22T22:38:29.612+0100: 4,129: Total time for which application threads were stopped: 0,0001976 seconds, Stopping threads took: 0,0000307 seconds
2017-02-22T22:38:29.629+0100: 4,146: Total time for which application threads were stopped: 0,0011541 seconds, Stopping threads took: 0,0009712 seconds
2017-02-22T22:38:29.630+0100: 4,147: Total time for which application threads were stopped: 0,0001544 seconds, Stopping threads took: 0,0000443 seconds
2017-02-22T22:38:29.631+0100: 4,148: Total time for which application threads were stopped: 0,0001344 seconds, Stopping threads took: 0,0000255 seconds
2017-02-22T22:38:29.631+0100: 4,148: Total time for which application threads were stopped: 0,0002149 seconds, Stopping threads took: 0,0001415 seconds
2017-02-22T22:38:29.643+0100: 4,160: Total time for which application threads were stopped: 0,0001804 seconds, Stopping threads took: 0,0000601 seconds
2017-02-22T22:38:29.646+0100: 4,163: Total time for which application threads were stopped: 0,0023505 seconds, Stopping threads took: 0,0022285 seconds
2017-02-22T22:38:29.647+0100: 4,164: Total time for which application threads were stopped: 0,0006271 seconds, Stopping threads took: 0,0005243 seconds
2017-02-22T22:38:29.647+0100: 4,164: Total time for which application threads were stopped: 0,0001318 seconds, Stopping threads took: 0,0000417 seconds
2017-02-22T22:38:29.648+0100: 4,165: Total time for which application threads were stopped: 0,0000950 seconds, Stopping threads took: 0,0000141 seconds
2017-02-22T22:38:29.649+0100: 4,166: Total time for which application threads were stopped: 0,0001032 seconds, Stopping threads took: 0,0000168 seconds
2017-02-22T22:38:29.659+0100: 4,176: Total time for which application threads were stopped: 0,0001914 seconds, Stopping threads took: 0,0000677 seconds
2017-02-22T22:38:29.661+0100: 4,178: Total time for which application threads were stopped: 0,0001642 seconds, Stopping threads took: 0,0000620 seconds
2017-02-22T22:38:29.662+0100: 4,179: Total time for which application threads were stopped: 0,0001755 seconds, Stopping threads took: 0,0000598 seconds
2017-02-22T22:38:29.662+0100: 4,179: Total time for which application threads were stopped: 0,0001982 seconds, Stopping threads took: 0,0000129 seconds
2017-02-22T22:38:29.667+0100: 4,185: Total time for which application threads were stopped: 0,0001507 seconds, Stopping threads took: 0,0000731 seconds
{Heap before GC invocations=6 (full 1):
 par new generation   total 109248K, used 101340K [0x00000000e0000000, 0x00000000e8000000, 0x00000000e8000000)
  eden space 87424K, 100% used [0x00000000e0000000, 0x00000000e5560000, 0x00000000e5560000)
  from space 21824K,  63% used [0x00000000e5560000, 0x00000000e62f7348, 0x00000000e6ab0000)
  to   space 21824K,   0% used [0x00000000e6ab0000, 0x00000000e6ab0000, 0x00000000e8000000)
 concurrent mark-sweep generation total 393216K, used 0K [0x00000000e8000000, 0x0000000100000000, 0x0000000100000000)
 Metaspace       used 24481K, capacity 24930K, committed 25084K, reserved 1071104K
  class space    used 2869K, capacity 3040K, committed 3068K, reserved 1048576K
2017-02-22T22:38:29.679+0100: 4,196: [GC (Allocation Failure) 2017-02-22T22:38:29.679+0100: 4,196: [ParNew
Desired survivor size 20112992 bytes, new threshold 8 (max 8)
- age   1:    4130096 bytes,    4130096 total
- age   2:    1065512 bytes,    5195608 total
- age   3:      41384 bytes,    5236992 total
- age   4:     181336 bytes,    5418328 total
- age   5:     292368 bytes,    5710696 total
- age   6:    1055776 bytes,    6766472 total
- age   7:    6367096 bytes,   13133568 total
: 101340K->14084K(109248K), 0,0120976 secs] 101340K->14084K(502464K), 0,0121721 secs] [Times: user=0,05 sys=0,00, real=0,01 secs] 
Heap after GC invocations=7 (full 1):
 par new generation   total 109248K, used 14084K [0x00000000e0000000, 0x00000000e8000000, 0x00000000e8000000)
  eden space 87424K,   0% used [0x00000000e0000000, 0x00000000e0000000, 0x00000000e5560000)
  from space 21824K,  64% used [0x00000000e6ab0000, 0x00000000e78712c0, 0x00000000e8000000)
  to   space 21824K,   0% used [0x00000000e5560000, 0x00000000e5560000, 0x00000000e6ab0000)
 concurrent mark-sweep generation total 393216K, used 0K [0x00000000e8000000, 0x0000000100000000, 0x0000000100000000)
 Metaspace       used 24481K, capacity 24930K, committed 25084K, reserved 1071104K
  class space    used 2869K, capacity 3040K, committed 3068K, reserved 1048576K
}
2017-02-22T22:38:29.691+0100: 4,208: Total time for which application threads were stopped: 0,0147440 seconds, Stopping threads took: 0,0024153 seconds
2017-02-22T22:38:29.700+0100: 4,217: Total time for which application threads were stopped: 0,0025410 seconds, Stopping threads took: 0,0024357 seconds
2017-02-22T22:38:29.715+0100: 4,232: Total time for which application threads were stopped: 0,0001787 seconds, Stopping threads took: 0,0000462 seconds
2017-02-22T22:38:29.716+0100: 4,233: Total time for which application threads were stopped: 0,0001135 seconds, Stopping threads took: 0,0000194 seconds
2017-02-22T22:38:29.739+0100: 4,256: Total time for which application threads were stopped: 0,0001834 seconds, Stopping threads took: 0,0000674 seconds
2017-02-22T22:38:29.746+0100: 4,263: Total time for which application threads were stopped: 0,0029509 seconds, Stopping threads took: 0,0028894 seconds
2017-02-22T22:38:29.746+0100: 4,263: Total time for which application threads were stopped: 0,0001661 seconds, Stopping threads took: 0,0001092 seconds
2017-02-22T22:38:29.754+0100: 4,271: Total time for which application threads were stopped: 0,0002132 seconds, Stopping threads took: 0,0001080 seconds
2017-02-22T22:38:29.755+0100: 4,272: Total time for which application threads were stopped: 0,0004670 seconds, Stopping threads took: 0,0004216 seconds
2017-02-22T22:38:29.767+0100: 4,284: Total time for which application threads were stopped: 0,0044937 seconds, Stopping threads took: 0,0044118 seconds
2017-02-22T22:38:29.773+0100: 4,290: Total time for which application threads were stopped: 0,0004715 seconds, Stopping threads took: 0,0003970 seconds
2017-02-22T22:38:29.783+0100: 4,300: Total time for which application threads were stopped: 0,0002112 seconds, Stopping threads took: 0,0000953 seconds
2017-02-22T22:38:29.785+0100: 4,302: Total time for which application threads were stopped: 0,0001536 seconds, Stopping threads took: 0,0000558 seconds
2017-02-22T22:38:29.788+0100: 4,305: Total time for which application threads were stopped: 0,0001520 seconds, Stopping threads took: 0,0000608 seconds
2017-02-22T22:38:29.792+0100: 4,309: Total time for which application threads were stopped: 0,0001307 seconds, Stopping threads took: 0,0000520 seconds
2017-02-22T22:38:29.792+0100: 4,309: Total time for which application threads were stopped: 0,0001249 seconds, Stopping threads took: 0,0000450 seconds
2017-02-22T22:38:29.794+0100: 4,311: Total time for which application threads were stopped: 0,0001589 seconds, Stopping threads took: 0,0000922 seconds
2017-02-22T22:38:29.798+0100: 4,315: Total time for which application threads were stopped: 0,0001369 seconds, Stopping threads took: 0,0000606 seconds
2017-02-22T22:38:29.801+0100: 4,318: Total time for which application threads were stopped: 0,0001449 seconds, Stopping threads took: 0,0000637 seconds
2017-02-22T22:38:29.807+0100: 4,324: Total time for which application threads were stopped: 0,0031553 seconds, Stopping threads took: 0,0030768 seconds
2017-02-22T22:38:29.813+0100: 4,330: Total time for which application threads were stopped: 0,0001496 seconds, Stopping threads took: 0,0000565 seconds
2017-02-22T22:38:29.814+0100: 4,331: Total time for which application threads were stopped: 0,0002461 seconds, Stopping threads took: 0,0000236 seconds
2017-02-22T22:38:29.822+0100: 4,339: Total time for which application threads were stopped: 0,0001442 seconds, Stopping threads took: 0,0000488 seconds
{Heap before GC invocations=7 (full 1):
 par new generation   total 109248K, used 101508K [0x00000000e0000000, 0x00000000e8000000, 0x00000000e8000000)
  eden space 87424K, 100% used [0x00000000e0000000, 0x00000000e5560000, 0x00000000e5560000)
  from space 21824K,  64% used [0x00000000e6ab0000, 0x00000000e78712c0, 0x00000000e8000000)
  to   space 21824K,   0% used [0x00000000e5560000, 0x00000000e5560000, 0x00000000e6ab0000)
 concurrent mark-sweep generation total 393216K, used 0K [0x00000000e8000000, 0x0000000100000000, 0x0000000100000000)
 Metaspace       used 25017K, capacity 25432K, committed 25724K, reserved 1071104K
  class space    used 2910K, capacity 3076K, committed 3196K, reserved 1048576K
2017-02-22T22:38:29.886+0100: 4,403: [GC (Allocation Failure) 2017-02-22T22:38:29.886+0100: 4,403: [ParNew
Desired survivor size 20112992 bytes, new threshold 8 (max 8)
- age   1:    1188488 bytes,    1188488 total
- age   2:    1243072 bytes,    2431560 total
- age   3:     717168 bytes,    3148728 total
- age   4:      26216 bytes,    3174944 total
- age   5:     145792 bytes,    3320736 total
- age   6:     240032 bytes,    3560768 total
- age   7:     936272 bytes,    4497040 total
- age   8:    6202832 bytes,   10699872 total
: 101508K->16541K(109248K), 0,0155037 secs] 101508K->16541K(502464K), 0,0155856 secs] [Times: user=0,06 sys=0,00, real=0,01 secs] 
Heap after GC invocations=8 (full 1):
 par new generation   total 109248K, used 16541K [0x00000000e0000000, 0x00000000e8000000, 0x00000000e8000000)
  eden space 87424K,   0% used [0x00000000e0000000, 0x00000000e0000000, 0x00000000e5560000)
  from space 21824K,  75% used [0x00000000e5560000, 0x00000000e65876e0, 0x00000000e6ab0000)
  to   space 21824K,   0% used [0x00000000e6ab0000, 0x00000000e6ab0000, 0x00000000e8000000)
 concurrent mark-sweep generation total 393216K, used 0K [0x00000000e8000000, 0x0000000100000000, 0x0000000100000000)
 Metaspace       used 25017K, capacity 25432K, committed 25724K, reserved 1071104K
  class space    used 2910K, capacity 3076K, committed 3196K, reserved 1048576K
}
2017-02-22T22:38:29.902+0100: 4,419: Total time for which application threads were stopped: 0,0158273 seconds, Stopping threads took: 0,0000748 seconds
2017-02-22T22:38:29.922+0100: 4,439: Total time for which application threads were stopped: 0,0008259 seconds, Stopping threads took: 0,0007186 seconds
2017-02-22T22:38:29.940+0100: 4,457: Total time for which application threads were stopped: 0,0001221 seconds, Stopping threads took: 0,0000436 seconds
2017-02-22T22:38:29.942+0100: 4,459: Total time for which application threads were stopped: 0,0001232 seconds, Stopping threads took: 0,0000452 seconds
2017-02-22T22:38:29.944+0100: 4,461: Total time for which application threads were stopped: 0,0019509 seconds, Stopping threads took: 0,0018990 seconds
2017-02-22T22:38:29.944+0100: 4,462: Total time for which application threads were stopped: 0,0002408 seconds, Stopping threads took: 0,0001945 seconds
2017-02-22T22:38:29.951+0100: 4,468: Total time for which application threads were stopped: 0,0001430 seconds, Stopping threads took: 0,0000603 seconds
2017-02-22T22:38:29.951+0100: 4,468: Total time for which application threads were stopped: 0,0000652 seconds, Stopping threads took: 0,0000153 seconds
2017-02-22T22:38:29.975+0100: 4,492: Total time for which application threads were stopped: 0,0023982 seconds, Stopping threads took: 0,0023146 seconds
2017-02-22T22:38:29.992+0100: 4,509: Total time for which application threads were stopped: 0,0001524 seconds, Stopping threads took: 0,0000431 seconds
2017-02-22T22:38:29.993+0100: 4,510: Total time for which application threads were stopped: 0,0003529 seconds, Stopping threads took: 0,0000156 seconds
2017-02-22T22:38:30.042+0100: 4,559: Total time for which application threads were stopped: 0,0003455 seconds, Stopping threads took: 0,0000275 seconds
2017-02-22T22:38:30.056+0100: 4,573: Total time for which application threads were stopped: 0,0003626 seconds, Stopping threads took: 0,0000278 seconds
2017-02-22T22:38:30.110+0100: 4,627: Total time for which application threads were stopped: 0,0003766 seconds, Stopping threads took: 0,0000198 seconds
2017-02-22T22:38:30.111+0100: 4,629: Total time for which application threads were stopped: 0,0001123 seconds, Stopping threads took: 0,0000423 seconds
2017-02-22T22:38:30.112+0100: 4,629: Total time for which application threads were stopped: 0,0000767 seconds, Stopping threads took: 0,0000367 seconds
2017-02-22T22:38:30.124+0100: 4,641: Total time for which application threads were stopped: 0,0001073 seconds, Stopping threads took: 0,0000347 seconds
2017-02-22T22:38:30.135+0100: 4,652: Total time for which application threads were stopped: 0,0020133 seconds, Stopping threads took: 0,0019122 seconds
2017-02-22T22:38:30.142+0100: 4,659: Total time for which application threads were stopped: 0,0001372 seconds, Stopping threads took: 0,0000447 seconds
2017-02-22T22:38:30.152+0100: 4,669: Total time for which application threads were stopped: 0,0001926 seconds, Stopping threads took: 0,0000566 seconds
2017-02-22T22:38:30.176+0100: 4,693: Total time for which application threads were stopped: 0,0002116 seconds, Stopping threads took: 0,0000958 seconds
2017-02-22T22:38:30.190+0100: 4,707: Total time for which application threads were stopped: 0,0001645 seconds, Stopping threads took: 0,0000548 seconds
2017-02-22T22:38:30.227+0100: 4,744: Total time for which application threads were stopped: 0,0002568 seconds, Stopping threads took: 0,0000935 seconds
2017-02-22T22:38:30.228+0100: 4,745: Total time for which application threads were stopped: 0,0005022 seconds, Stopping threads took: 0,0000324 seconds
2017-02-22T22:38:30.228+0100: 4,745: Total time for which application threads were stopped: 0,0001515 seconds, Stopping threads took: 0,0000621 seconds
2017-02-22T22:38:31.228+0100: 5,745: Total time for which application threads were stopped: 0,0000933 seconds, Stopping threads took: 0,0000173 seconds
2017-02-22T22:38:37.229+0100: 11,746: Total time for which application threads were stopped: 0,0000768 seconds, Stopping threads took: 0,0000221 seconds
2017-02-22T22:38:47.231+0100: 21,748: Total time for which application threads were stopped: 0,0000860 seconds, Stopping threads took: 0,0000333 seconds
2017-02-22T22:38:56.232+0100: 30,749: Total time for which application threads were stopped: 0,0000689 seconds, Stopping threads took: 0,0000160 seconds
2017-02-22T22:38:57.232+0100: 31,749: Total time for which application threads were stopped: 0,0000713 seconds, Stopping threads took: 0,0000192 seconds
2017-02-22T22:40:26.247+0100: 120,764: Total time for which application threads were stopped: 0,0000993 seconds, Stopping threads took: 0,0000384 seconds
2017-02-22T22:40:32.248+0100: 126,766: Total time for which application threads were stopped: 0,0001449 seconds, Stopping threads took: 0,0000338 seconds
2017-02-22T22:41:31.259+0100: 185,776: Total time for which application threads were stopped: 0,0000877 seconds, Stopping threads took: 0,0000350 seconds
2017-02-22T22:42:47.272+0100: 261,789: Total time for which application threads were stopped: 0,0000866 seconds, Stopping threads took: 0,0000323 seconds
2017-02-22T22:43:01.275+0100: 275,792: Total time for which application threads were stopped: 0,0000797 seconds, Stopping threads took: 0,0000180 seconds
2017-02-22T23:01:56.469+0100: 1410,986: Total time for which application threads were stopped: 0,0001144 seconds, Stopping threads took: 0,0000416 seconds
2017-02-22T23:06:26.512+0100: 1681,029: Total time for which application threads were stopped: 0,0000922 seconds, Stopping threads took: 0,0000324 seconds
2017-02-22T23:16:47.612+0100: 2302,129: Total time for which application threads were stopped: 0,0001657 seconds, Stopping threads took: 0,0000574 seconds
2017-02-22T23:16:51.613+0100: 2306,130: Total time for which application threads were stopped: 0,0001702 seconds, Stopping threads took: 0,0000621 seconds
2017-02-22T23:24:26.688+0100: 2761,205: Total time for which application threads were stopped: 0,0001714 seconds, Stopping threads took: 0,0000626 seconds
2017-02-22T23:31:41.759+0100: 3196,276: Total time for which application threads were stopped: 0,0001841 seconds, Stopping threads took: 0,0000634 seconds
2017-02-22T23:37:26.817+0100: 3541,334: Total time for which application threads were stopped: 0,0001758 seconds, Stopping threads took: 0,0000652 seconds
2017-02-22T23:41:36.858+0100: 3791,375: Total time for which application threads were stopped: 0,0001083 seconds, Stopping threads took: 0,0000349 seconds
2017-02-22T23:41:41.859+0100: 3796,376: Total time for which application threads were stopped: 0,0001383 seconds, Stopping threads took: 0,0000298 seconds
2017-02-23T00:03:57.113+0100: 5131,630: Total time for which application threads were stopped: 0,0000834 seconds, Stopping threads took: 0,0000338 seconds
2017-02-23T00:04:12.116+0100: 5146,633: Total time for which application threads were stopped: 0,0003638 seconds, Stopping threads took: 0,0000827 seconds
2017-02-23T00:22:52.256+0100: 6266,773: Total time for which application threads were stopped: 0,0000874 seconds, Stopping threads took: 0,0000344 seconds
2017-02-23T00:38:26.377+0100: 7200,894: Total time for which application threads were stopped: 0,0001074 seconds, Stopping threads took: 0,0000405 seconds
2017-02-23T00:46:26.439+0100: 7680,956: Total time for which application threads were stopped: 0,0001115 seconds, Stopping threads took: 0,0000549 seconds
2017-02-23T01:29:56.879+0100: 10291,396: Total time for which application threads were stopped: 0,0167198 seconds, Stopping threads took: 0,0166346 seconds
2017-02-23T01:29:56.883+0100: 10291,400: Total time for which application threads were stopped: 0,0026468 seconds, Stopping threads took: 0,0025607 seconds
2017-02-23T01:29:56.885+0100: 10291,402: Total time for which application threads were stopped: 0,0000954 seconds, Stopping threads took: 0,0000218 seconds
2017-02-23T01:29:56.886+0100: 10291,403: Total time for which application threads were stopped: 0,0000935 seconds, Stopping threads took: 0,0000153 seconds
2017-02-23T01:29:56.891+0100: 10291,408: Total time for which application threads were stopped: 0,0001576 seconds, Stopping threads took: 0,0000330 seconds
2017-02-23T01:29:56.894+0100: 10291,411: Total time for which application threads were stopped: 0,0023395 seconds, Stopping threads took: 0,0022055 seconds
2017-02-23T01:29:56.894+0100: 10291,411: Total time for which application threads were stopped: 0,0001010 seconds, Stopping threads took: 0,0000148 seconds
2017-02-23T01:29:56.895+0100: 10291,412: Total time for which application threads were stopped: 0,0001017 seconds, Stopping threads took: 0,0000325 seconds
2017-02-23T01:29:56.900+0100: 10291,417: Total time for which application threads were stopped: 0,0001292 seconds, Stopping threads took: 0,0000386 seconds
2017-02-23T01:29:56.900+0100: 10291,417: Total time for which application threads were stopped: 0,0000923 seconds, Stopping threads took: 0,0000341 seconds
2017-02-23T01:29:56.900+0100: 10291,417: Total time for which application threads were stopped: 0,0000685 seconds, Stopping threads took: 0,0000223 seconds
2017-02-23T01:29:56.900+0100: 10291,417: Total time for which application threads were stopped: 0,0000497 seconds, Stopping threads took: 0,0000059 seconds
2017-02-23T01:29:56.900+0100: 10291,417: Total time for which application threads were stopped: 0,0000734 seconds, Stopping threads took: 0,0000238 seconds
2017-02-23T01:29:56.901+0100: 10291,418: Total time for which application threads were stopped: 0,0000890 seconds, Stopping threads took: 0,0000310 seconds
2017-02-23T01:29:56.902+0100: 10291,419: Total time for which application threads were stopped: 0,0001198 seconds, Stopping threads took: 0,0000403 seconds
2017-02-23T01:29:56.902+0100: 10291,419: Total time for which application threads were stopped: 0,0000700 seconds, Stopping threads took: 0,0000196 seconds
2017-02-23T01:29:56.902+0100: 10291,419: Total time for which application threads were stopped: 0,0000734 seconds, Stopping threads took: 0,0000192 seconds
2017-02-23T01:29:56.902+0100: 10291,419: Total time for which application threads were stopped: 0,0000768 seconds, Stopping threads took: 0,0000267 seconds
2017-02-23T01:29:56.902+0100: 10291,419: Total time for which application threads were stopped: 0,0000649 seconds, Stopping threads took: 0,0000183 seconds
2017-02-23T01:29:56.902+0100: 10291,419: Total time for which application threads were stopped: 0,0000495 seconds, Stopping threads took: 0,0000069 seconds
2017-02-23T01:29:56.902+0100: 10291,419: Total time for which application threads were stopped: 0,0000467 seconds, Stopping threads took: 0,0000047 seconds
2017-02-23T01:29:56.902+0100: 10291,420: Total time for which application threads were stopped: 0,0000460 seconds, Stopping threads took: 0,0000049 seconds
2017-02-23T01:29:56.903+0100: 10291,420: Total time for which application threads were stopped: 0,0000440 seconds, Stopping threads took: 0,0000059 seconds
2017-02-23T01:29:56.903+0100: 10291,420: Total time for which application threads were stopped: 0,0000604 seconds, Stopping threads took: 0,0000046 seconds
2017-02-23T01:29:56.903+0100: 10291,420: Total time for which application threads were stopped: 0,0000438 seconds, Stopping threads took: 0,0000050 seconds
2017-02-23T01:29:56.909+0100: 10291,426: Total time for which application threads were stopped: 0,0023498 seconds, Stopping threads took: 0,0022547 seconds
2017-02-23T01:29:56.920+0100: 10291,437: Total time for which application threads were stopped: 0,0001541 seconds, Stopping threads took: 0,0000221 seconds
2017-02-23T01:29:56.920+0100: 10291,437: Total time for which application threads were stopped: 0,0000753 seconds, Stopping threads took: 0,0000141 seconds
2017-02-23T01:29:56.920+0100: 10291,437: Total time for which application threads were stopped: 0,0001631 seconds, Stopping threads took: 0,0000219 seconds
2017-02-23T01:29:56.920+0100: 10291,437: Total time for which application threads were stopped: 0,0000752 seconds, Stopping threads took: 0,0000123 seconds
2017-02-23T01:29:56.920+0100: 10291,438: Total time for which application threads were stopped: 0,0000623 seconds, Stopping threads took: 0,0000100 seconds
2017-02-23T01:29:56.921+0100: 10291,438: Total time for which application threads were stopped: 0,0000531 seconds, Stopping threads took: 0,0000067 seconds
2017-02-23T01:29:56.921+0100: 10291,438: Total time for which application threads were stopped: 0,0000526 seconds, Stopping threads took: 0,0000058 seconds
2017-02-23T01:29:56.922+0100: 10291,439: Total time for which application threads were stopped: 0,0000883 seconds, Stopping threads took: 0,0000132 seconds
2017-02-23T01:29:56.923+0100: 10291,440: Total time for which application threads were stopped: 0,0001377 seconds, Stopping threads took: 0,0000480 seconds
2017-02-23T01:29:56.923+0100: 10291,440: Total time for which application threads were stopped: 0,0000775 seconds, Stopping threads took: 0,0000237 seconds
2017-02-23T01:29:56.923+0100: 10291,440: Total time for which application threads were stopped: 0,0000808 seconds, Stopping threads took: 0,0000288 seconds
2017-02-23T01:29:56.923+0100: 10291,440: Total time for which application threads were stopped: 0,0000767 seconds, Stopping threads took: 0,0000280 seconds
2017-02-23T01:29:56.923+0100: 10291,440: Total time for which application threads were stopped: 0,0000462 seconds, Stopping threads took: 0,0000058 seconds
2017-02-23T01:29:56.923+0100: 10291,440: Total time for which application threads were stopped: 0,0000686 seconds, Stopping threads took: 0,0000254 seconds
2017-02-23T01:29:56.923+0100: 10291,441: Total time for which application threads were stopped: 0,0000475 seconds, Stopping threads took: 0,0000080 seconds
2017-02-23T01:29:56.924+0100: 10291,441: Total time for which application threads were stopped: 0,0000442 seconds, Stopping threads took: 0,0000092 seconds
2017-02-23T01:29:56.924+0100: 10291,441: Total time for which application threads were stopped: 0,0000451 seconds, Stopping threads took: 0,0000071 seconds
2017-02-23T01:29:56.924+0100: 10291,441: Total time for which application threads were stopped: 0,0000605 seconds, Stopping threads took: 0,0000212 seconds
2017-02-23T01:29:56.924+0100: 10291,441: Total time for which application threads were stopped: 0,0000615 seconds, Stopping threads took: 0,0000190 seconds
2017-02-23T01:29:56.924+0100: 10291,441: Total time for which application threads were stopped: 0,0000743 seconds, Stopping threads took: 0,0000280 seconds
2017-02-23T01:29:56.924+0100: 10291,441: Total time for which application threads were stopped: 0,0000646 seconds, Stopping threads took: 0,0000174 seconds
2017-02-23T01:29:56.925+0100: 10291,442: Total time for which application threads were stopped: 0,0000954 seconds, Stopping threads took: 0,0000222 seconds
2017-02-23T01:29:56.928+0100: 10291,445: Total time for which application threads were stopped: 0,0013602 seconds, Stopping threads took: 0,0012673 seconds
2017-02-23T01:29:56.930+0100: 10291,447: Total time for which application threads were stopped: 0,0001332 seconds, Stopping threads took: 0,0000235 seconds
2017-02-23T01:29:56.930+0100: 10291,447: Total time for which application threads were stopped: 0,0001035 seconds, Stopping threads took: 0,0000324 seconds
2017-02-23T01:29:56.931+0100: 10291,448: Total time for which application threads were stopped: 0,0003639 seconds, Stopping threads took: 0,0003035 seconds
2017-02-23T01:29:56.931+0100: 10291,448: Total time for which application threads were stopped: 0,0000957 seconds, Stopping threads took: 0,0000350 seconds
2017-02-23T01:29:56.931+0100: 10291,448: Total time for which application threads were stopped: 0,0000915 seconds, Stopping threads took: 0,0000320 seconds
2017-02-23T01:29:56.931+0100: 10291,448: Total time for which application threads were stopped: 0,0000651 seconds, Stopping threads took: 0,0000180 seconds
2017-02-23T01:29:56.931+0100: 10291,448: Total time for which application threads were stopped: 0,0000698 seconds, Stopping threads took: 0,0000197 seconds
2017-02-23T01:29:56.933+0100: 10291,451: Total time for which application threads were stopped: 0,0001469 seconds, Stopping threads took: 0,0000539 seconds
2017-02-23T01:29:56.934+0100: 10291,451: Total time for which application threads were stopped: 0,0001105 seconds, Stopping threads took: 0,0000365 seconds
2017-02-23T01:29:56.934+0100: 10291,451: Total time for which application threads were stopped: 0,0000813 seconds, Stopping threads took: 0,0000227 seconds
2017-02-23T01:29:56.937+0100: 10291,454: Total time for which application threads were stopped: 0,0001646 seconds, Stopping threads took: 0,0000987 seconds
2017-02-23T01:29:56.938+0100: 10291,455: Total time for which application threads were stopped: 0,0006884 seconds, Stopping threads took: 0,0006063 seconds
2017-02-23T01:29:56.939+0100: 10291,456: Total time for which application threads were stopped: 0,0000794 seconds, Stopping threads took: 0,0000177 seconds
2017-02-23T01:29:56.939+0100: 10291,457: Total time for which application threads were stopped: 0,0000594 seconds, Stopping threads took: 0,0000107 seconds
2017-02-23T01:29:56.940+0100: 10291,457: Total time for which application threads were stopped: 0,0000567 seconds, Stopping threads took: 0,0000251 seconds
2017-02-23T01:29:56.940+0100: 10291,457: Total time for which application threads were stopped: 0,0002948 seconds, Stopping threads took: 0,0002340 seconds
2017-02-23T01:29:56.942+0100: 10291,459: Total time for which application threads were stopped: 0,0002609 seconds, Stopping threads took: 0,0001731 seconds
2017-02-23T01:29:56.943+0100: 10291,460: Total time for which application threads were stopped: 0,0000784 seconds, Stopping threads took: 0,0000283 seconds
2017-02-23T01:29:56.943+0100: 10291,460: Total time for which application threads were stopped: 0,0000649 seconds, Stopping threads took: 0,0000098 seconds
2017-02-23T01:29:56.943+0100: 10291,460: Total time for which application threads were stopped: 0,0000882 seconds, Stopping threads took: 0,0000165 seconds
2017-02-23T01:29:56.943+0100: 10291,460: Total time for which application threads were stopped: 0,0000675 seconds, Stopping threads took: 0,0000249 seconds
2017-02-23T01:29:56.945+0100: 10291,462: Total time for which application threads were stopped: 0,0000898 seconds, Stopping threads took: 0,0000304 seconds
2017-02-23T01:29:56.945+0100: 10291,462: Total time for which application threads were stopped: 0,0000734 seconds, Stopping threads took: 0,0000292 seconds
2017-02-23T01:29:56.945+0100: 10291,462: Total time for which application threads were stopped: 0,0000639 seconds, Stopping threads took: 0,0000228 seconds
2017-02-23T01:29:56.945+0100: 10291,462: Total time for which application threads were stopped: 0,0000711 seconds, Stopping threads took: 0,0000320 seconds
2017-02-23T01:29:56.945+0100: 10291,462: Total time for which application threads were stopped: 0,0000486 seconds, Stopping threads took: 0,0000173 seconds
2017-02-23T01:29:56.946+0100: 10291,463: Total time for which application threads were stopped: 0,0001340 seconds, Stopping threads took: 0,0000151 seconds
2017-02-23T01:29:56.948+0100: 10291,465: Total time for which application threads were stopped: 0,0001353 seconds, Stopping threads took: 0,0000402 seconds
2017-02-23T01:29:56.948+0100: 10291,465: Total time for which application threads were stopped: 0,0000618 seconds, Stopping threads took: 0,0000143 seconds
2017-02-23T01:29:56.948+0100: 10291,466: Total time for which application threads were stopped: 0,0000724 seconds, Stopping threads took: 0,0000102 seconds
2017-02-23T01:29:56.950+0100: 10291,467: Total time for which application threads were stopped: 0,0001369 seconds, Stopping threads took: 0,0000518 seconds
Heap
 par new generation   total 109248K, used 83552K [0x00000000e0000000, 0x00000000e8000000, 0x00000000e8000000)
  eden space 87424K,  76% used [0x00000000e0000000, 0x00000000e4170c18, 0x00000000e5560000)
  from space 21824K,  75% used [0x00000000e5560000, 0x00000000e65876e0, 0x00000000e6ab0000)
  to   space 21824K,   0% used [0x00000000e6ab0000, 0x00000000e6ab0000, 0x00000000e8000000)
 concurrent mark-sweep generation total 393216K, used 0K [0x00000000e8000000, 0x0000000100000000, 0x0000000100000000)
 Metaspace       used 28178K, capacity 28764K, committed 29052K, reserved 1075200K
  class space    used 3234K, capacity 3430K, committed 3452K, reserved 1048576K
