OpenJDK 64-Bit Server VM (25.121-b13) for linux-amd64 JRE (1.8.0_121-8u121-b13-0ubuntu1.16.04.2-b13), built on Jan 23 2017 15:51:29 by "buildd" with gcc 5.4.0 20160609
Memory: 4k page, physical 7867764k(7438228k free), swap 8076284k(8076284k free)
CommandLine flags: -XX:CMSInitiatingOccupancyFraction=50 -XX:CMSMaxAbortablePrecleanTime=6000 -XX:+CMSParallelRemarkEnabled -XX:+CMSScavengeBeforeRemark -XX:ConcGCThreads=4 -XX:InitialHeapSize=536870912 -XX:MaxHeapSize=536870912 -XX:MaxTenuringThreshold=8 -XX:NewRatio=3 -XX:OldPLABSize=16 -XX:OnOutOfMemoryError=/opt/solr/bin/oom_solr.sh 8983 /var/solr/logs -XX:ParallelGCThreads=4 -XX:+ParallelRefProcEnabled -XX:PretenureSizeThreshold=67108864 -XX:+PrintGC -XX:+PrintGCApplicationStoppedTime -XX:+PrintGCDateStamps -XX:+PrintGCDetails -XX:+PrintGCTimeStamps -XX:+PrintHeapAtGC -XX:+PrintTenuringDistribution -XX:SurvivorRatio=4 -XX:TargetSurvivorRatio=90 -XX:ThreadStackSize=256 -XX:+UseCMSInitiatingOccupancyOnly -XX:+UseCompressedClassPointers -XX:+UseCompressedOops -XX:+UseConcMarkSweepGC -XX:+UseParNewGC 
2017-05-10T20:00:51.775+0200: 0,225: Total time for which application threads were stopped: 0,0000692 seconds, Stopping threads took: 0,0000123 seconds
2017-05-10T20:00:51.952+0200: 0,402: Total time for which application threads were stopped: 0,0001139 seconds, Stopping threads took: 0,0000128 seconds
2017-05-10T20:00:51.988+0200: 0,438: Total time for which application threads were stopped: 0,0000822 seconds, Stopping threads took: 0,0000124 seconds
2017-05-10T20:00:52.359+0200: 0,809: Total time for which application threads were stopped: 0,0001325 seconds, Stopping threads took: 0,0000120 seconds
2017-05-10T20:00:52.798+0200: 1,248: Total time for which application threads were stopped: 0,0001791 seconds, Stopping threads took: 0,0000184 seconds
2017-05-10T20:00:52.902+0200: 1,351: Total time for which application threads were stopped: 0,0001382 seconds, Stopping threads took: 0,0000129 seconds
2017-05-10T20:00:52.924+0200: 1,374: Total time for which application threads were stopped: 0,0001729 seconds, Stopping threads took: 0,0000213 seconds
2017-05-10T20:00:53.252+0200: 1,702: Total time for which application threads were stopped: 0,0001919 seconds, Stopping threads took: 0,0000173 seconds
2017-05-10T20:00:53.463+0200: 1,913: Total time for which application threads were stopped: 0,0001787 seconds, Stopping threads took: 0,0000139 seconds
2017-05-10T20:00:53.484+0200: 1,934: Total time for which application threads were stopped: 0,0001679 seconds, Stopping threads took: 0,0000249 seconds
2017-05-10T20:00:53.511+0200: 1,960: Total time for which application threads were stopped: 0,0002183 seconds, Stopping threads took: 0,0000257 seconds
2017-05-10T20:00:53.512+0200: 1,961: Total time for which application threads were stopped: 0,0001860 seconds, Stopping threads took: 0,0000245 seconds
2017-05-10T20:00:53.525+0200: 1,974: Total time for which application threads were stopped: 0,0001865 seconds, Stopping threads took: 0,0000255 seconds
2017-05-10T20:00:53.604+0200: 2,054: Total time for which application threads were stopped: 0,0002294 seconds, Stopping threads took: 0,0000227 seconds
2017-05-10T20:00:53.772+0200: 2,221: Total time for which application threads were stopped: 0,0002358 seconds, Stopping threads took: 0,0000221 seconds
{Heap before GC invocations=0 (full 0):
 par new generation   total 109248K, used 87424K [0x00000000e0000000, 0x00000000e8000000, 0x00000000e8000000)
  eden space 87424K, 100% used [0x00000000e0000000, 0x00000000e5560000, 0x00000000e5560000)
  from space 21824K,   0% used [0x00000000e5560000, 0x00000000e5560000, 0x00000000e6ab0000)
  to   space 21824K,   0% used [0x00000000e6ab0000, 0x00000000e6ab0000, 0x00000000e8000000)
 concurrent mark-sweep generation total 393216K, used 0K [0x00000000e8000000, 0x0000000100000000, 0x0000000100000000)
 Metaspace       used 17802K, capacity 18112K, committed 18304K, reserved 1064960K
  class space    used 2024K, capacity 2164K, committed 2176K, reserved 1048576K
2017-05-10T20:00:53.810+0200: 2,260: [GC (Allocation Failure) 2017-05-10T20:00:53.810+0200: 2,260: [ParNew
Desired survivor size 20112992 bytes, new threshold 8 (max 8)
- age   1:   11553928 bytes,   11553928 total
: 87424K->11391K(109248K), 0,0142659 secs] 87424K->11391K(502464K), 0,0143504 secs] [Times: user=0,04 sys=0,00, real=0,01 secs] 
Heap after GC invocations=1 (full 0):
 par new generation   total 109248K, used 11391K [0x00000000e0000000, 0x00000000e8000000, 0x00000000e8000000)
  eden space 87424K,   0% used [0x00000000e0000000, 0x00000000e0000000, 0x00000000e5560000)
  from space 21824K,  52% used [0x00000000e6ab0000, 0x00000000e75cfe08, 0x00000000e8000000)
  to   space 21824K,   0% used [0x00000000e5560000, 0x00000000e5560000, 0x00000000e6ab0000)
 concurrent mark-sweep generation total 393216K, used 0K [0x00000000e8000000, 0x0000000100000000, 0x0000000100000000)
 Metaspace       used 17802K, capacity 18112K, committed 18304K, reserved 1064960K
  class space    used 2024K, capacity 2164K, committed 2176K, reserved 1048576K
}
2017-05-10T20:00:53.824+0200: 2,274: Total time for which application threads were stopped: 0,0178705 seconds, Stopping threads took: 0,0033722 seconds
2017-05-10T20:00:54.186+0200: 2,635: Total time for which application threads were stopped: 0,0003748 seconds, Stopping threads took: 0,0000852 seconds
{Heap before GC invocations=1 (full 0):
 par new generation   total 109248K, used 98815K [0x00000000e0000000, 0x00000000e8000000, 0x00000000e8000000)
  eden space 87424K, 100% used [0x00000000e0000000, 0x00000000e5560000, 0x00000000e5560000)
  from space 21824K,  52% used [0x00000000e6ab0000, 0x00000000e75cfe08, 0x00000000e8000000)
  to   space 21824K,   0% used [0x00000000e5560000, 0x00000000e5560000, 0x00000000e6ab0000)
 concurrent mark-sweep generation total 393216K, used 0K [0x00000000e8000000, 0x0000000100000000, 0x0000000100000000)
 Metaspace       used 20025K, capacity 20346K, committed 20736K, reserved 1067008K
  class space    used 2291K, capacity 2463K, committed 2560K, reserved 1048576K
2017-05-10T20:00:54.225+0200: 2,675: [GC (Allocation Failure) 2017-05-10T20:00:54.225+0200: 2,675: [ParNew
Desired survivor size 20112992 bytes, new threshold 8 (max 8)
- age   1:    3969160 bytes,    3969160 total
- age   2:    6117656 bytes,   10086816 total
: 98815K->14583K(109248K), 0,0133247 secs] 98815K->14583K(502464K), 0,0134009 secs] [Times: user=0,04 sys=0,01, real=0,02 secs] 
Heap after GC invocations=2 (full 0):
 par new generation   total 109248K, used 14583K [0x00000000e0000000, 0x00000000e8000000, 0x00000000e8000000)
  eden space 87424K,   0% used [0x00000000e0000000, 0x00000000e0000000, 0x00000000e5560000)
  from space 21824K,  66% used [0x00000000e5560000, 0x00000000e639dd40, 0x00000000e6ab0000)
  to   space 21824K,   0% used [0x00000000e6ab0000, 0x00000000e6ab0000, 0x00000000e8000000)
 concurrent mark-sweep generation total 393216K, used 0K [0x00000000e8000000, 0x0000000100000000, 0x0000000100000000)
 Metaspace       used 20025K, capacity 20346K, committed 20736K, reserved 1067008K
  class space    used 2291K, capacity 2463K, committed 2560K, reserved 1048576K
}
2017-05-10T20:00:54.239+0200: 2,688: Total time for which application threads were stopped: 0,0135815 seconds, Stopping threads took: 0,0000395 seconds
2017-05-10T20:00:54.257+0200: 2,707: Total time for which application threads were stopped: 0,0003893 seconds, Stopping threads took: 0,0000844 seconds
2017-05-10T20:00:54.294+0200: 2,744: Total time for which application threads were stopped: 0,0012693 seconds, Stopping threads took: 0,0009496 seconds
2017-05-10T20:00:54.418+0200: 2,867: Total time for which application threads were stopped: 0,0001818 seconds, Stopping threads took: 0,0000440 seconds
{Heap before GC invocations=2 (full 0):
 par new generation   total 109248K, used 102007K [0x00000000e0000000, 0x00000000e8000000, 0x00000000e8000000)
  eden space 87424K, 100% used [0x00000000e0000000, 0x00000000e5560000, 0x00000000e5560000)
  from space 21824K,  66% used [0x00000000e5560000, 0x00000000e639dd40, 0x00000000e6ab0000)
  to   space 21824K,   0% used [0x00000000e6ab0000, 0x00000000e6ab0000, 0x00000000e8000000)
 concurrent mark-sweep generation total 393216K, used 0K [0x00000000e8000000, 0x0000000100000000, 0x0000000100000000)
 Metaspace       used 20969K, capacity 21274K, committed 21628K, reserved 1069056K
  class space    used 2414K, capacity 2583K, committed 2684K, reserved 1048576K
2017-05-10T20:00:54.449+0200: 2,899: [GC (Allocation Failure) 2017-05-10T20:00:54.449+0200: 2,899: [ParNew
Desired survivor size 20112992 bytes, new threshold 8 (max 8)
- age   1:    2351896 bytes,    2351896 total
- age   2:    1368080 bytes,    3719976 total
- age   3:    6115288 bytes,    9835264 total
: 102007K->13791K(109248K), 0,0099520 secs] 102007K->13791K(502464K), 0,0100342 secs] [Times: user=0,03 sys=0,00, real=0,01 secs] 
Heap after GC invocations=3 (full 0):
 par new generation   total 109248K, used 13791K [0x00000000e0000000, 0x00000000e8000000, 0x00000000e8000000)
  eden space 87424K,   0% used [0x00000000e0000000, 0x00000000e0000000, 0x00000000e5560000)
  from space 21824K,  63% used [0x00000000e6ab0000, 0x00000000e7827df0, 0x00000000e8000000)
  to   space 21824K,   0% used [0x00000000e5560000, 0x00000000e5560000, 0x00000000e6ab0000)
 concurrent mark-sweep generation total 393216K, used 0K [0x00000000e8000000, 0x0000000100000000, 0x0000000100000000)
 Metaspace       used 20969K, capacity 21274K, committed 21628K, reserved 1069056K
  class space    used 2414K, capacity 2583K, committed 2684K, reserved 1048576K
}
2017-05-10T20:00:54.459+0200: 2,909: Total time for which application threads were stopped: 0,0102569 seconds, Stopping threads took: 0,0000891 seconds
2017-05-10T20:00:54.460+0200: 2,909: [GC (CMS Initial Mark) [1 CMS-initial-mark: 0K(393216K)] 14514K(502464K), 0,0038858 secs] [Times: user=0,02 sys=0,00, real=0,00 secs] 
2017-05-10T20:00:54.463+0200: 2,913: Total time for which application threads were stopped: 0,0040161 seconds, Stopping threads took: 0,0000380 seconds
2017-05-10T20:00:54.463+0200: 2,913: [CMS-concurrent-mark-start]
2017-05-10T20:00:54.464+0200: 2,913: [CMS-concurrent-mark: 0,000/0,000 secs] [Times: user=0,00 sys=0,00, real=0,00 secs] 
2017-05-10T20:00:54.464+0200: 2,913: [CMS-concurrent-preclean-start]
2017-05-10T20:00:54.465+0200: 2,915: [CMS-concurrent-preclean: 0,001/0,001 secs] [Times: user=0,00 sys=0,00, real=0,00 secs] 
2017-05-10T20:00:54.465+0200: 2,915: [CMS-concurrent-abortable-preclean-start]
2017-05-10T20:00:54.523+0200: 2,972: Total time for which application threads were stopped: 0,0001008 seconds, Stopping threads took: 0,0000201 seconds
{Heap before GC invocations=3 (full 1):
 par new generation   total 109248K, used 101215K [0x00000000e0000000, 0x00000000e8000000, 0x00000000e8000000)
  eden space 87424K, 100% used [0x00000000e0000000, 0x00000000e5560000, 0x00000000e5560000)
  from space 21824K,  63% used [0x00000000e6ab0000, 0x00000000e7827df0, 0x00000000e8000000)
  to   space 21824K,   0% used [0x00000000e5560000, 0x00000000e5560000, 0x00000000e6ab0000)
 concurrent mark-sweep generation total 393216K, used 0K [0x00000000e8000000, 0x0000000100000000, 0x0000000100000000)
 Metaspace       used 21264K, capacity 21632K, committed 21884K, reserved 1069056K
  class space    used 2446K, capacity 2601K, committed 2684K, reserved 1048576K
2017-05-10T20:00:54.570+0200: 3,019: [GC (Allocation Failure) 2017-05-10T20:00:54.570+0200: 3,019: [ParNew
Desired survivor size 20112992 bytes, new threshold 8 (max 8)
- age   1:     750816 bytes,     750816 total
- age   2:    1476448 bytes,    2227264 total
- age   3:    1344936 bytes,    3572200 total
- age   4:    6115328 bytes,    9687528 total
: 101215K->12452K(109248K), 0,0090705 secs] 101215K->12452K(502464K), 0,0091356 secs] [Times: user=0,03 sys=0,00, real=0,01 secs] 
Heap after GC invocations=4 (full 1):
 par new generation   total 109248K, used 12452K [0x00000000e0000000, 0x00000000e8000000, 0x00000000e8000000)
  eden space 87424K,   0% used [0x00000000e0000000, 0x00000000e0000000, 0x00000000e5560000)
  from space 21824K,  57% used [0x00000000e5560000, 0x00000000e6189110, 0x00000000e6ab0000)
  to   space 21824K,   0% used [0x00000000e6ab0000, 0x00000000e6ab0000, 0x00000000e8000000)
 concurrent mark-sweep generation total 393216K, used 0K [0x00000000e8000000, 0x0000000100000000, 0x0000000100000000)
 Metaspace       used 21264K, capacity 21632K, committed 21884K, reserved 1069056K
  class space    used 2446K, capacity 2601K, committed 2684K, reserved 1048576K
}
2017-05-10T20:00:54.579+0200: 3,029: Total time for which application threads were stopped: 0,0093621 seconds, Stopping threads took: 0,0000744 seconds
2017-05-10T20:00:54.579+0200: 3,029: [CMS-concurrent-abortable-preclean: 0,059/0,114 secs] [Times: user=0,42 sys=0,01, real=0,12 secs] 
2017-05-10T20:00:54.579+0200: 3,029: [GC (CMS Final Remark) [YG occupancy: 12468 K (109248 K)]{Heap before GC invocations=4 (full 1):
 par new generation   total 109248K, used 12468K [0x00000000e0000000, 0x00000000e8000000, 0x00000000e8000000)
  eden space 87424K,   0% used [0x00000000e0000000, 0x00000000e0004010, 0x00000000e5560000)
  from space 21824K,  57% used [0x00000000e5560000, 0x00000000e6189110, 0x00000000e6ab0000)
  to   space 21824K,   0% used [0x00000000e6ab0000, 0x00000000e6ab0000, 0x00000000e8000000)
 concurrent mark-sweep generation total 393216K, used 0K [0x00000000e8000000, 0x0000000100000000, 0x0000000100000000)
 Metaspace       used 21264K, capacity 21632K, committed 21884K, reserved 1069056K
  class space    used 2446K, capacity 2601K, committed 2684K, reserved 1048576K
2017-05-10T20:00:54.579+0200: 3,029: [GC (CMS Final Remark) 2017-05-10T20:00:54.579+0200: 3,029: [ParNew
Desired survivor size 20112992 bytes, new threshold 8 (max 8)
- age   1:      16400 bytes,      16400 total
- age   2:     732448 bytes,     748848 total
- age   3:    1476448 bytes,    2225296 total
- age   4:    1344936 bytes,    3570232 total
- age   5:    6115224 bytes,    9685456 total
: 12468K->11982K(109248K), 0,0141364 secs] 12468K->11982K(502464K), 0,0141709 secs] [Times: user=0,05 sys=0,00, real=0,01 secs] 
Heap after GC invocations=5 (full 1):
 par new generation   total 109248K, used 11982K [0x00000000e0000000, 0x00000000e8000000, 0x00000000e8000000)
  eden space 87424K,   0% used [0x00000000e0000000, 0x00000000e0000000, 0x00000000e5560000)
  from space 21824K,  54% used [0x00000000e6ab0000, 0x00000000e76638c0, 0x00000000e8000000)
  to   space 21824K,   0% used [0x00000000e5560000, 0x00000000e5560000, 0x00000000e6ab0000)
 concurrent mark-sweep generation total 393216K, used 0K [0x00000000e8000000, 0x0000000100000000, 0x0000000100000000)
 Metaspace       used 21264K, capacity 21632K, committed 21884K, reserved 1069056K
  class space    used 2446K, capacity 2601K, committed 2684K, reserved 1048576K
}
2017-05-10T20:00:54.593+0200: 3,043: [Rescan (parallel) , 0,0036158 secs]2017-05-10T20:00:54.597+0200: 3,047: [weak refs processing, 0,0012205 secs]2017-05-10T20:00:54.598+0200: 3,048: [class unloading, 0,0028309 secs]2017-05-10T20:00:54.601+0200: 3,051: [scrub symbol table, 0,0026166 secs]2017-05-10T20:00:54.604+0200: 3,053: [scrub string table, 0,0004007 secs][1 CMS-remark: 0K(393216K)] 11982K(502464K), 0,0255428 secs] [Times: user=0,07 sys=0,01, real=0,02 secs] 
2017-05-10T20:00:54.605+0200: 3,054: Total time for which application threads were stopped: 0,0256635 seconds, Stopping threads took: 0,0000388 seconds
2017-05-10T20:00:54.605+0200: 3,054: [CMS-concurrent-sweep-start]
2017-05-10T20:00:54.605+0200: 3,055: [CMS-concurrent-sweep: 0,000/0,000 secs] [Times: user=0,00 sys=0,00, real=0,00 secs] 
2017-05-10T20:00:54.605+0200: 3,055: [CMS-concurrent-reset-start]
2017-05-10T20:00:54.606+0200: 3,056: [CMS-concurrent-reset: 0,002/0,002 secs] [Times: user=0,00 sys=0,00, real=0,01 secs] 
{Heap before GC invocations=5 (full 1):
 par new generation   total 109248K, used 99406K [0x00000000e0000000, 0x00000000e8000000, 0x00000000e8000000)
  eden space 87424K, 100% used [0x00000000e0000000, 0x00000000e5560000, 0x00000000e5560000)
  from space 21824K,  54% used [0x00000000e6ab0000, 0x00000000e76638c0, 0x00000000e8000000)
  to   space 21824K,   0% used [0x00000000e5560000, 0x00000000e5560000, 0x00000000e6ab0000)
 concurrent mark-sweep generation total 393216K, used 0K [0x00000000e8000000, 0x0000000100000000, 0x0000000100000000)
 Metaspace       used 21459K, capacity 21798K, committed 21884K, reserved 1069056K
  class space    used 2471K, capacity 2634K, committed 2684K, reserved 1048576K
2017-05-10T20:00:54.691+0200: 3,141: [GC (Allocation Failure) 2017-05-10T20:00:54.692+0200: 3,141: [ParNew
Desired survivor size 20112992 bytes, new threshold 8 (max 8)
- age   1:     472888 bytes,     472888 total
- age   3:     184736 bytes,     657624 total
- age   4:    1475104 bytes,    2132728 total
- age   5:    1340984 bytes,    3473712 total
- age   6:    6115448 bytes,    9589160 total
: 99406K->14511K(109248K), 0,0105841 secs] 99406K->14511K(502464K), 0,0106670 secs] [Times: user=0,03 sys=0,00, real=0,01 secs] 
Heap after GC invocations=6 (full 1):
 par new generation   total 109248K, used 14511K [0x00000000e0000000, 0x00000000e8000000, 0x00000000e8000000)
  eden space 87424K,   0% used [0x00000000e0000000, 0x00000000e0000000, 0x00000000e5560000)
  from space 21824K,  66% used [0x00000000e5560000, 0x00000000e638bca8, 0x00000000e6ab0000)
  to   space 21824K,   0% used [0x00000000e6ab0000, 0x00000000e6ab0000, 0x00000000e8000000)
 concurrent mark-sweep generation total 393216K, used 0K [0x00000000e8000000, 0x0000000100000000, 0x0000000100000000)
 Metaspace       used 21459K, capacity 21798K, committed 21884K, reserved 1069056K
  class space    used 2471K, capacity 2634K, committed 2684K, reserved 1048576K
}
2017-05-10T20:00:54.702+0200: 3,152: Total time for which application threads were stopped: 0,0109777 seconds, Stopping threads took: 0,0001380 seconds
2017-05-10T20:00:54.734+0200: 3,184: Total time for which application threads were stopped: 0,0028056 seconds, Stopping threads took: 0,0024731 seconds
2017-05-10T20:00:55.002+0200: 3,452: Total time for which application threads were stopped: 0,0004722 seconds, Stopping threads took: 0,0000426 seconds
2017-05-10T20:00:55.014+0200: 3,464: Total time for which application threads were stopped: 0,0004266 seconds, Stopping threads took: 0,0000454 seconds
{Heap before GC invocations=6 (full 1):
 par new generation   total 109248K, used 101935K [0x00000000e0000000, 0x00000000e8000000, 0x00000000e8000000)
  eden space 87424K, 100% used [0x00000000e0000000, 0x00000000e5560000, 0x00000000e5560000)
  from space 21824K,  66% used [0x00000000e5560000, 0x00000000e638bca8, 0x00000000e6ab0000)
  to   space 21824K,   0% used [0x00000000e6ab0000, 0x00000000e6ab0000, 0x00000000e8000000)
 concurrent mark-sweep generation total 393216K, used 0K [0x00000000e8000000, 0x0000000100000000, 0x0000000100000000)
 Metaspace       used 23718K, capacity 24178K, committed 24316K, reserved 1071104K
  class space    used 2780K, capacity 2978K, committed 3068K, reserved 1048576K
2017-05-10T20:00:55.151+0200: 3,601: [GC (Allocation Failure) 2017-05-10T20:00:55.151+0200: 3,601: [ParNew
Desired survivor size 20112992 bytes, new threshold 8 (max 8)
- age   1:    4858488 bytes,    4858488 total
- age   2:     162448 bytes,    5020936 total
- age   4:     183736 bytes,    5204672 total
- age   5:     306520 bytes,    5511192 total
- age   6:    1316632 bytes,    6827824 total
- age   7:    6107184 bytes,   12935008 total
: 101935K->15449K(109248K), 0,0171241 secs] 101935K->15449K(502464K), 0,0171885 secs] [Times: user=0,06 sys=0,00, real=0,02 secs] 
Heap after GC invocations=7 (full 1):
 par new generation   total 109248K, used 15449K [0x00000000e0000000, 0x00000000e8000000, 0x00000000e8000000)
  eden space 87424K,   0% used [0x00000000e0000000, 0x00000000e0000000, 0x00000000e5560000)
  from space 21824K,  70% used [0x00000000e6ab0000, 0x00000000e79c64e0, 0x00000000e8000000)
  to   space 21824K,   0% used [0x00000000e5560000, 0x00000000e5560000, 0x00000000e6ab0000)
 concurrent mark-sweep generation total 393216K, used 0K [0x00000000e8000000, 0x0000000100000000, 0x0000000100000000)
 Metaspace       used 23718K, capacity 24178K, committed 24316K, reserved 1071104K
  class space    used 2780K, capacity 2978K, committed 3068K, reserved 1048576K
}
2017-05-10T20:00:55.169+0200: 3,618: Total time for which application threads were stopped: 0,0175261 seconds, Stopping threads took: 0,0001232 seconds
{Heap before GC invocations=7 (full 1):
 par new generation   total 109248K, used 102873K [0x00000000e0000000, 0x00000000e8000000, 0x00000000e8000000)
  eden space 87424K, 100% used [0x00000000e0000000, 0x00000000e5560000, 0x00000000e5560000)
  from space 21824K,  70% used [0x00000000e6ab0000, 0x00000000e79c64e0, 0x00000000e8000000)
  to   space 21824K,   0% used [0x00000000e5560000, 0x00000000e5560000, 0x00000000e6ab0000)
 concurrent mark-sweep generation total 393216K, used 0K [0x00000000e8000000, 0x0000000100000000, 0x0000000100000000)
 Metaspace       used 24333K, capacity 24776K, committed 24828K, reserved 1071104K
  class space    used 2854K, capacity 3046K, committed 3068K, reserved 1048576K
2017-05-10T20:00:55.261+0200: 3,710: [GC (Allocation Failure) 2017-05-10T20:00:55.261+0200: 3,710: [ParNew
Desired survivor size 20112992 bytes, new threshold 8 (max 8)
- age   1:    1338256 bytes,    1338256 total
- age   2:    1739472 bytes,    3077728 total
- age   3:      95200 bytes,    3172928 total
- age   5:     101824 bytes,    3274752 total
- age   6:     187928 bytes,    3462680 total
- age   7:     989824 bytes,    4452504 total
- age   8:    5883416 bytes,   10335920 total
: 102873K->15866K(109248K), 0,0260534 secs] 102873K->15866K(502464K), 0,0261243 secs] [Times: user=0,07 sys=0,00, real=0,03 secs] 
Heap after GC invocations=8 (full 1):
 par new generation   total 109248K, used 15866K [0x00000000e0000000, 0x00000000e8000000, 0x00000000e8000000)
  eden space 87424K,   0% used [0x00000000e0000000, 0x00000000e0000000, 0x00000000e5560000)
  from space 21824K,  72% used [0x00000000e5560000, 0x00000000e64de840, 0x00000000e6ab0000)
  to   space 21824K,   0% used [0x00000000e6ab0000, 0x00000000e6ab0000, 0x00000000e8000000)
 concurrent mark-sweep generation total 393216K, used 0K [0x00000000e8000000, 0x0000000100000000, 0x0000000100000000)
 Metaspace       used 24333K, capacity 24776K, committed 24828K, reserved 1071104K
  class space    used 2854K, capacity 3046K, committed 3068K, reserved 1048576K
}
2017-05-10T20:00:55.287+0200: 3,736: Total time for which application threads were stopped: 0,0263690 seconds, Stopping threads took: 0,0001019 seconds
{Heap before GC invocations=8 (full 1):
 par new generation   total 109248K, used 103290K [0x00000000e0000000, 0x00000000e8000000, 0x00000000e8000000)
  eden space 87424K, 100% used [0x00000000e0000000, 0x00000000e5560000, 0x00000000e5560000)
  from space 21824K,  72% used [0x00000000e5560000, 0x00000000e64de840, 0x00000000e6ab0000)
  to   space 21824K,   0% used [0x00000000e6ab0000, 0x00000000e6ab0000, 0x00000000e8000000)
 concurrent mark-sweep generation total 393216K, used 0K [0x00000000e8000000, 0x0000000100000000, 0x0000000100000000)
 Metaspace       used 25000K, capacity 25458K, committed 25724K, reserved 1071104K
  class space    used 2906K, capacity 3080K, committed 3196K, reserved 1048576K
2017-05-10T20:00:55.426+0200: 3,875: [GC (Allocation Failure) 2017-05-10T20:00:55.426+0200: 3,875: [ParNew
Desired survivor size 20112992 bytes, new threshold 8 (max 8)
- age   1:    1777056 bytes,    1777056 total
- age   2:     204632 bytes,    1981688 total
- age   3:    1716296 bytes,    3697984 total
- age   4:      92688 bytes,    3790672 total
- age   6:     101664 bytes,    3892336 total
- age   7:     184672 bytes,    4077008 total
- age   8:     988320 bytes,    5065328 total
: 103290K->7751K(109248K), 0,0275615 secs] 103290K->13577K(502464K), 0,0276303 secs] [Times: user=0,09 sys=0,00, real=0,03 secs] 
Heap after GC invocations=9 (full 1):
 par new generation   total 109248K, used 7751K [0x00000000e0000000, 0x00000000e8000000, 0x00000000e8000000)
  eden space 87424K,   0% used [0x00000000e0000000, 0x00000000e0000000, 0x00000000e5560000)
  from space 21824K,  35% used [0x00000000e6ab0000, 0x00000000e7241e80, 0x00000000e8000000)
  to   space 21824K,   0% used [0x00000000e5560000, 0x00000000e5560000, 0x00000000e6ab0000)
 concurrent mark-sweep generation total 393216K, used 5826K [0x00000000e8000000, 0x0000000100000000, 0x0000000100000000)
 Metaspace       used 25000K, capacity 25458K, committed 25724K, reserved 1071104K
  class space    used 2906K, capacity 3080K, committed 3196K, reserved 1048576K
}
2017-05-10T20:00:55.453+0200: 3,903: Total time for which application threads were stopped: 0,0278669 seconds, Stopping threads took: 0,0000456 seconds
2017-05-10T20:00:55.609+0200: 4,059: Total time for which application threads were stopped: 0,0004594 seconds, Stopping threads took: 0,0000685 seconds
2017-05-10T20:00:55.611+0200: 4,061: Total time for which application threads were stopped: 0,0001497 seconds, Stopping threads took: 0,0000361 seconds
2017-05-10T20:00:55.615+0200: 4,064: Total time for which application threads were stopped: 0,0001236 seconds, Stopping threads took: 0,0000487 seconds
2017-05-10T20:00:55.628+0200: 4,077: Total time for which application threads were stopped: 0,0001545 seconds, Stopping threads took: 0,0000429 seconds
2017-05-10T20:00:55.634+0200: 4,084: Total time for which application threads were stopped: 0,0001941 seconds, Stopping threads took: 0,0000954 seconds
2017-05-10T20:00:55.634+0200: 4,084: Total time for which application threads were stopped: 0,0000768 seconds, Stopping threads took: 0,0000176 seconds
2017-05-10T20:00:55.646+0200: 4,096: Total time for which application threads were stopped: 0,0003717 seconds, Stopping threads took: 0,0002908 seconds
2017-05-10T20:00:55.676+0200: 4,126: Total time for which application threads were stopped: 0,0001666 seconds, Stopping threads took: 0,0000757 seconds
2017-05-10T20:00:55.677+0200: 4,127: Total time for which application threads were stopped: 0,0001129 seconds, Stopping threads took: 0,0000328 seconds
2017-05-10T20:00:55.690+0200: 4,140: Total time for which application threads were stopped: 0,0001285 seconds, Stopping threads took: 0,0000369 seconds
2017-05-10T20:00:55.691+0200: 4,140: Total time for which application threads were stopped: 0,0001060 seconds, Stopping threads took: 0,0000326 seconds
2017-05-10T20:00:55.695+0200: 4,144: Total time for which application threads were stopped: 0,0004472 seconds, Stopping threads took: 0,0000375 seconds
2017-05-10T20:00:55.697+0200: 4,147: Total time for which application threads were stopped: 0,0001309 seconds, Stopping threads took: 0,0000370 seconds
2017-05-10T20:00:55.702+0200: 4,152: Total time for which application threads were stopped: 0,0030924 seconds, Stopping threads took: 0,0030101 seconds
2017-05-10T20:00:55.707+0200: 4,157: Total time for which application threads were stopped: 0,0001407 seconds, Stopping threads took: 0,0000438 seconds
2017-05-10T20:00:55.715+0200: 4,165: Total time for which application threads were stopped: 0,0004473 seconds, Stopping threads took: 0,0000243 seconds
2017-05-10T20:00:55.723+0200: 4,173: Total time for which application threads were stopped: 0,0001284 seconds, Stopping threads took: 0,0000361 seconds
2017-05-10T20:00:55.725+0200: 4,175: Total time for which application threads were stopped: 0,0002179 seconds, Stopping threads took: 0,0001206 seconds
2017-05-10T20:00:55.728+0200: 4,178: Total time for which application threads were stopped: 0,0001193 seconds, Stopping threads took: 0,0000334 seconds
2017-05-10T20:00:55.729+0200: 4,179: Total time for which application threads were stopped: 0,0000624 seconds, Stopping threads took: 0,0000152 seconds
2017-05-10T20:00:55.730+0200: 4,179: Total time for which application threads were stopped: 0,0000689 seconds, Stopping threads took: 0,0000148 seconds
2017-05-10T20:00:55.766+0200: 4,215: Total time for which application threads were stopped: 0,0001258 seconds, Stopping threads took: 0,0000361 seconds
2017-05-10T20:00:55.767+0200: 4,216: Total time for which application threads were stopped: 0,0004107 seconds, Stopping threads took: 0,0000179 seconds
2017-05-10T20:00:55.774+0200: 4,224: Total time for which application threads were stopped: 0,0040400 seconds, Stopping threads took: 0,0039486 seconds
2017-05-10T20:00:55.774+0200: 4,224: Total time for which application threads were stopped: 0,0001609 seconds, Stopping threads took: 0,0000621 seconds
2017-05-10T20:00:55.775+0200: 4,224: Total time for which application threads were stopped: 0,0000947 seconds, Stopping threads took: 0,0000198 seconds
2017-05-10T20:00:55.775+0200: 4,225: Total time for which application threads were stopped: 0,0001593 seconds, Stopping threads took: 0,0000797 seconds
2017-05-10T20:00:55.775+0200: 4,225: Total time for which application threads were stopped: 0,0000827 seconds, Stopping threads took: 0,0000386 seconds
2017-05-10T20:00:55.778+0200: 4,228: Total time for which application threads were stopped: 0,0002603 seconds, Stopping threads took: 0,0001233 seconds
2017-05-10T20:00:55.780+0200: 4,229: Total time for which application threads were stopped: 0,0000832 seconds, Stopping threads took: 0,0000191 seconds
2017-05-10T20:00:55.795+0200: 4,244: Total time for which application threads were stopped: 0,0001207 seconds, Stopping threads took: 0,0000385 seconds
2017-05-10T20:00:55.795+0200: 4,245: Total time for which application threads were stopped: 0,0001255 seconds, Stopping threads took: 0,0000344 seconds
2017-05-10T20:00:55.796+0200: 4,246: Total time for which application threads were stopped: 0,0001330 seconds, Stopping threads took: 0,0000343 seconds
2017-05-10T20:00:55.798+0200: 4,247: Total time for which application threads were stopped: 0,0001685 seconds, Stopping threads took: 0,0000635 seconds
2017-05-10T20:00:55.799+0200: 4,248: Total time for which application threads were stopped: 0,0001364 seconds, Stopping threads took: 0,0000338 seconds
2017-05-10T20:00:55.799+0200: 4,249: Total time for which application threads were stopped: 0,0001093 seconds, Stopping threads took: 0,0000277 seconds
2017-05-10T20:00:55.799+0200: 4,249: Total time for which application threads were stopped: 0,0000925 seconds, Stopping threads took: 0,0000214 seconds
2017-05-10T20:00:55.799+0200: 4,249: Total time for which application threads were stopped: 0,0000798 seconds, Stopping threads took: 0,0000196 seconds
2017-05-10T20:00:55.800+0200: 4,249: Total time for which application threads were stopped: 0,0000897 seconds, Stopping threads took: 0,0000264 seconds
2017-05-10T20:00:55.801+0200: 4,250: Total time for which application threads were stopped: 0,0001160 seconds, Stopping threads took: 0,0000364 seconds
2017-05-10T20:00:55.802+0200: 4,252: Total time for which application threads were stopped: 0,0001185 seconds, Stopping threads took: 0,0000421 seconds
2017-05-10T20:00:55.802+0200: 4,252: Total time for which application threads were stopped: 0,0000676 seconds, Stopping threads took: 0,0000184 seconds
2017-05-10T20:00:55.802+0200: 4,252: Total time for which application threads were stopped: 0,0000638 seconds, Stopping threads took: 0,0000192 seconds
2017-05-10T20:00:55.803+0200: 4,252: Total time for which application threads were stopped: 0,0001173 seconds, Stopping threads took: 0,0000274 seconds
2017-05-10T20:00:55.803+0200: 4,252: Total time for which application threads were stopped: 0,0000845 seconds, Stopping threads took: 0,0000179 seconds
2017-05-10T20:00:55.803+0200: 4,253: Total time for which application threads were stopped: 0,0000777 seconds, Stopping threads took: 0,0000276 seconds
2017-05-10T20:00:55.803+0200: 4,253: Total time for which application threads were stopped: 0,0004215 seconds, Stopping threads took: 0,0003311 seconds
2017-05-10T20:00:55.804+0200: 4,254: Total time for which application threads were stopped: 0,0004995 seconds, Stopping threads took: 0,0004365 seconds
2017-05-10T20:00:55.804+0200: 4,254: Total time for which application threads were stopped: 0,0002033 seconds, Stopping threads took: 0,0000463 seconds
2017-05-10T20:00:55.805+0200: 4,254: Total time for which application threads were stopped: 0,0002036 seconds, Stopping threads took: 0,0000273 seconds
2017-05-10T20:00:55.810+0200: 4,260: Total time for which application threads were stopped: 0,0016480 seconds, Stopping threads took: 0,0015367 seconds
2017-05-10T20:00:55.815+0200: 4,264: Total time for which application threads were stopped: 0,0001541 seconds, Stopping threads took: 0,0000539 seconds
2017-05-10T20:00:55.821+0200: 4,270: Total time for which application threads were stopped: 0,0001150 seconds, Stopping threads took: 0,0000543 seconds
2017-05-10T20:00:55.832+0200: 4,282: Total time for which application threads were stopped: 0,0001419 seconds, Stopping threads took: 0,0000488 seconds
2017-05-10T20:00:55.858+0200: 4,308: Total time for which application threads were stopped: 0,0001875 seconds, Stopping threads took: 0,0000946 seconds
2017-05-10T20:00:55.887+0200: 4,336: Total time for which application threads were stopped: 0,0001247 seconds, Stopping threads took: 0,0000355 seconds
2017-05-10T20:00:55.887+0200: 4,337: Total time for which application threads were stopped: 0,0003888 seconds, Stopping threads took: 0,0000126 seconds
2017-05-10T20:00:55.890+0200: 4,339: Total time for which application threads were stopped: 0,0019850 seconds, Stopping threads took: 0,0019184 seconds
2017-05-10T20:00:55.895+0200: 4,345: Total time for which application threads were stopped: 0,0001189 seconds, Stopping threads took: 0,0000549 seconds
2017-05-10T20:00:56.895+0200: 5,345: Total time for which application threads were stopped: 0,0000917 seconds, Stopping threads took: 0,0000221 seconds
2017-05-10T20:02:48.362+0200: 117,357: Total time for which application threads were stopped: 0,0001321 seconds, Stopping threads took: 0,0000526 seconds
2017-05-10T20:02:53.362+0200: 122,357: Total time for which application threads were stopped: 0,0000653 seconds, Stopping threads took: 0,0000151 seconds
{Heap before GC invocations=9 (full 1):
 par new generation   total 109248K, used 95175K [0x00000000e0000000, 0x00000000e8000000, 0x00000000e8000000)
  eden space 87424K, 100% used [0x00000000e0000000, 0x00000000e5560000, 0x00000000e5560000)
  from space 21824K,  35% used [0x00000000e6ab0000, 0x00000000e7241e80, 0x00000000e8000000)
  to   space 21824K,   0% used [0x00000000e5560000, 0x00000000e5560000, 0x00000000e6ab0000)
 concurrent mark-sweep generation total 393216K, used 5826K [0x00000000e8000000, 0x0000000100000000, 0x0000000100000000)
 Metaspace       used 28072K, capacity 28632K, committed 28796K, reserved 1075200K
  class space    used 3211K, capacity 3387K, committed 3452K, reserved 1048576K
2017-05-10T20:03:42.287+0200: 171,283: [GC (Allocation Failure) 2017-05-10T20:03:42.287+0200: 171,283: [ParNew
Desired survivor size 20112992 bytes, new threshold 8 (max 8)
- age   1:   10286192 bytes,   10286192 total
- age   2:     293520 bytes,   10579712 total
- age   3:     112504 bytes,   10692216 total
- age   4:    1417864 bytes,   12110080 total
- age   5:      92688 bytes,   12202768 total
- age   7:     101536 bytes,   12304304 total
- age   8:     184576 bytes,   12488880 total
: 95175K->14066K(109248K), 0,0202995 secs] 101001K->20978K(502464K), 0,0204620 secs] [Times: user=0,05 sys=0,00, real=0,02 secs] 
Heap after GC invocations=10 (full 1):
 par new generation   total 109248K, used 14066K [0x00000000e0000000, 0x00000000e8000000, 0x00000000e8000000)
  eden space 87424K,   0% used [0x00000000e0000000, 0x00000000e0000000, 0x00000000e5560000)
  from space 21824K,  64% used [0x00000000e5560000, 0x00000000e631cae0, 0x00000000e6ab0000)
  to   space 21824K,   0% used [0x00000000e6ab0000, 0x00000000e6ab0000, 0x00000000e8000000)
 concurrent mark-sweep generation total 393216K, used 6912K [0x00000000e8000000, 0x0000000100000000, 0x0000000100000000)
 Metaspace       used 28072K, capacity 28632K, committed 28796K, reserved 1075200K
  class space    used 3211K, capacity 3387K, committed 3452K, reserved 1048576K
}
2017-05-10T20:03:42.308+0200: 171,303: Total time for which application threads were stopped: 0,0207540 seconds, Stopping threads took: 0,0000638 seconds
2017-05-10T20:03:42.309+0200: 171,304: Total time for which application threads were stopped: 0,0000610 seconds, Stopping threads took: 0,0000158 seconds
2017-05-10T20:03:42.309+0200: 171,304: Total time for which application threads were stopped: 0,0000524 seconds, Stopping threads took: 0,0000242 seconds
2017-05-10T20:05:53.322+0200: 302,318: Total time for which application threads were stopped: 0,0001107 seconds, Stopping threads took: 0,0000380 seconds
2017-05-10T20:11:38.358+0200: 647,354: Total time for which application threads were stopped: 0,0000951 seconds, Stopping threads took: 0,0000358 seconds
2017-05-10T20:16:58.390+0200: 967,386: Total time for which application threads were stopped: 0,0000801 seconds, Stopping threads took: 0,0000285 seconds
2017-05-10T20:24:17.435+0200: 1406,430: Total time for which application threads were stopped: 0,0000813 seconds, Stopping threads took: 0,0000284 seconds
2017-05-10T20:28:27.460+0200: 1656,455: Total time for which application threads were stopped: 0,0001562 seconds, Stopping threads took: 0,0000476 seconds
2017-05-10T20:39:12.523+0200: 2301,518: Total time for which application threads were stopped: 0,0000872 seconds, Stopping threads took: 0,0000307 seconds
2017-05-10T20:39:13.523+0200: 2302,518: Total time for which application threads were stopped: 0,0000712 seconds, Stopping threads took: 0,0000148 seconds
2017-05-10T20:54:08.614+0200: 3197,609: Total time for which application threads were stopped: 0,0000954 seconds, Stopping threads took: 0,0000372 seconds
2017-05-10T21:03:08.668+0200: 3737,664: Total time for which application threads were stopped: 0,0001573 seconds, Stopping threads took: 0,0000518 seconds
2017-05-10T21:06:27.689+0200: 3936,684: Total time for which application threads were stopped: 0,0000911 seconds, Stopping threads took: 0,0000282 seconds
2017-05-10T21:07:23.695+0200: 3992,690: Total time for which application threads were stopped: 0,0000812 seconds, Stopping threads took: 0,0000309 seconds
2017-05-10T21:19:23.769+0200: 4712,765: Total time for which application threads were stopped: 0,0001502 seconds, Stopping threads took: 0,0000577 seconds
2017-05-10T21:45:13.928+0200: 6262,923: Total time for which application threads were stopped: 0,0000853 seconds, Stopping threads took: 0,0000321 seconds
2017-05-10T22:01:53.235+0200: 7172,335: Total time for which application threads were stopped: 0,0000774 seconds, Stopping threads took: 0,0000278 seconds
2017-05-10T22:04:23.249+0200: 7322,350: Total time for which application threads were stopped: 0,0000968 seconds, Stopping threads took: 0,0000348 seconds
2017-05-10T22:05:23.255+0200: 7382,355: Total time for which application threads were stopped: 0,0000958 seconds, Stopping threads took: 0,0000287 seconds
2017-05-10T22:10:23.285+0200: 7682,385: Total time for which application threads were stopped: 0,0002925 seconds, Stopping threads took: 0,0000985 seconds
2017-05-10T22:10:53.289+0200: 7712,389: Total time for which application threads were stopped: 0,0001082 seconds, Stopping threads took: 0,0000447 seconds
2017-05-11T00:18:23.674+0200: 15362,168: Total time for which application threads were stopped: 0,0000815 seconds, Stopping threads took: 0,0000297 seconds
2017-05-11T00:19:23.681+0200: 15422,174: Total time for which application threads were stopped: 0,0001158 seconds, Stopping threads took: 0,0000426 seconds
2017-05-11T00:53:54.026+0200: 17492,520: Total time for which application threads were stopped: 0,0001252 seconds, Stopping threads took: 0,0000277 seconds
2017-05-11T00:53:54.067+0200: 17492,561: Total time for which application threads were stopped: 0,0247568 seconds, Stopping threads took: 0,0246767 seconds
2017-05-11T00:53:54.069+0200: 17492,562: Total time for which application threads were stopped: 0,0000987 seconds, Stopping threads took: 0,0000258 seconds
2017-05-11T00:53:54.072+0200: 17492,566: Total time for which application threads were stopped: 0,0001208 seconds, Stopping threads took: 0,0000428 seconds
2017-05-11T00:53:54.073+0200: 17492,567: Total time for which application threads were stopped: 0,0002792 seconds, Stopping threads took: 0,0000261 seconds
2017-05-11T00:53:54.074+0200: 17492,568: Total time for which application threads were stopped: 0,0001133 seconds, Stopping threads took: 0,0000146 seconds
2017-05-11T00:53:54.074+0200: 17492,568: Total time for which application threads were stopped: 0,0000659 seconds, Stopping threads took: 0,0000085 seconds
2017-05-11T00:53:54.075+0200: 17492,568: Total time for which application threads were stopped: 0,0000787 seconds, Stopping threads took: 0,0000204 seconds
2017-05-11T00:53:54.075+0200: 17492,569: Total time for which application threads were stopped: 0,0004774 seconds, Stopping threads took: 0,0003993 seconds
2017-05-11T00:53:54.076+0200: 17492,569: Total time for which application threads were stopped: 0,0000569 seconds, Stopping threads took: 0,0000066 seconds
2017-05-11T00:53:54.076+0200: 17492,570: Total time for which application threads were stopped: 0,0000934 seconds, Stopping threads took: 0,0000207 seconds
2017-05-11T00:53:54.076+0200: 17492,570: Total time for which application threads were stopped: 0,0000719 seconds, Stopping threads took: 0,0000064 seconds
2017-05-11T00:53:54.076+0200: 17492,570: Total time for which application threads were stopped: 0,0000521 seconds, Stopping threads took: 0,0000061 seconds
2017-05-11T00:53:54.076+0200: 17492,570: Total time for which application threads were stopped: 0,0000436 seconds, Stopping threads took: 0,0000049 seconds
2017-05-11T00:53:54.076+0200: 17492,570: Total time for which application threads were stopped: 0,0000481 seconds, Stopping threads took: 0,0000056 seconds
2017-05-11T00:53:54.076+0200: 17492,570: Total time for which application threads were stopped: 0,0000651 seconds, Stopping threads took: 0,0000241 seconds
2017-05-11T00:53:54.077+0200: 17492,570: Total time for which application threads were stopped: 0,0000476 seconds, Stopping threads took: 0,0000061 seconds
2017-05-11T00:53:54.079+0200: 17492,573: Total time for which application threads were stopped: 0,0001088 seconds, Stopping threads took: 0,0000338 seconds
2017-05-11T00:53:54.079+0200: 17492,573: Total time for which application threads were stopped: 0,0000522 seconds, Stopping threads took: 0,0000073 seconds
2017-05-11T00:53:54.079+0200: 17492,573: Total time for which application threads were stopped: 0,0000477 seconds, Stopping threads took: 0,0000066 seconds
2017-05-11T00:53:54.079+0200: 17492,573: Total time for which application threads were stopped: 0,0000484 seconds, Stopping threads took: 0,0000059 seconds
2017-05-11T00:53:54.080+0200: 17492,574: Total time for which application threads were stopped: 0,0000745 seconds, Stopping threads took: 0,0000112 seconds
2017-05-11T00:53:54.080+0200: 17492,574: Total time for which application threads were stopped: 0,0000515 seconds, Stopping threads took: 0,0000070 seconds
2017-05-11T00:53:54.080+0200: 17492,574: Total time for which application threads were stopped: 0,0000463 seconds, Stopping threads took: 0,0000059 seconds
2017-05-11T00:53:54.103+0200: 17492,597: Total time for which application threads were stopped: 0,0001140 seconds, Stopping threads took: 0,0000287 seconds
2017-05-11T00:53:54.103+0200: 17492,597: Total time for which application threads were stopped: 0,0000988 seconds, Stopping threads took: 0,0000196 seconds
2017-05-11T00:53:54.103+0200: 17492,597: Total time for which application threads were stopped: 0,0000619 seconds, Stopping threads took: 0,0000195 seconds
2017-05-11T00:53:54.103+0200: 17492,597: Total time for which application threads were stopped: 0,0000581 seconds, Stopping threads took: 0,0000144 seconds
2017-05-11T00:53:54.103+0200: 17492,597: Total time for which application threads were stopped: 0,0000568 seconds, Stopping threads took: 0,0000143 seconds
2017-05-11T00:53:54.103+0200: 17492,597: Total time for which application threads were stopped: 0,0000509 seconds, Stopping threads took: 0,0000140 seconds
2017-05-11T00:53:54.104+0200: 17492,597: Total time for which application threads were stopped: 0,0000516 seconds, Stopping threads took: 0,0000130 seconds
2017-05-11T00:53:54.104+0200: 17492,597: Total time for which application threads were stopped: 0,0000485 seconds, Stopping threads took: 0,0000132 seconds
2017-05-11T00:53:54.104+0200: 17492,597: Total time for which application threads were stopped: 0,0000474 seconds, Stopping threads took: 0,0000142 seconds
2017-05-11T00:53:54.104+0200: 17492,598: Total time for which application threads were stopped: 0,0000484 seconds, Stopping threads took: 0,0000141 seconds
2017-05-11T00:53:54.106+0200: 17492,599: Total time for which application threads were stopped: 0,0001222 seconds, Stopping threads took: 0,0000400 seconds
2017-05-11T00:53:54.113+0200: 17492,607: Total time for which application threads were stopped: 0,0073852 seconds, Stopping threads took: 0,0072515 seconds
2017-05-11T00:53:54.123+0200: 17492,616: Total time for which application threads were stopped: 0,0088497 seconds, Stopping threads took: 0,0087755 seconds
2017-05-11T00:53:54.123+0200: 17492,616: Total time for which application threads were stopped: 0,0000431 seconds, Stopping threads took: 0,0000080 seconds
2017-05-11T00:53:54.124+0200: 17492,617: Total time for which application threads were stopped: 0,0000619 seconds, Stopping threads took: 0,0000091 seconds
2017-05-11T00:53:54.124+0200: 17492,618: Total time for which application threads were stopped: 0,0000334 seconds, Stopping threads took: 0,0000042 seconds
2017-05-11T00:53:54.125+0200: 17492,618: Total time for which application threads were stopped: 0,0000815 seconds, Stopping threads took: 0,0000230 seconds
2017-05-11T00:53:54.130+0200: 17492,624: Total time for which application threads were stopped: 0,0000886 seconds, Stopping threads took: 0,0000143 seconds
2017-05-11T00:53:54.141+0200: 17492,635: Total time for which application threads were stopped: 0,0023951 seconds, Stopping threads took: 0,0022824 seconds
2017-05-11T00:53:54.141+0200: 17492,635: Total time for which application threads were stopped: 0,0000898 seconds, Stopping threads took: 0,0000278 seconds
2017-05-11T00:53:54.141+0200: 17492,635: Total time for which application threads were stopped: 0,0000600 seconds, Stopping threads took: 0,0000144 seconds
2017-05-11T00:53:54.141+0200: 17492,635: Total time for which application threads were stopped: 0,0000526 seconds, Stopping threads took: 0,0000130 seconds
2017-05-11T00:53:54.142+0200: 17492,635: Total time for which application threads were stopped: 0,0001133 seconds, Stopping threads took: 0,0000186 seconds
2017-05-11T00:53:54.142+0200: 17492,636: Total time for which application threads were stopped: 0,0000668 seconds, Stopping threads took: 0,0000180 seconds
2017-05-11T00:53:54.142+0200: 17492,636: Total time for which application threads were stopped: 0,0000648 seconds, Stopping threads took: 0,0000184 seconds
2017-05-11T00:53:54.142+0200: 17492,636: Total time for which application threads were stopped: 0,0000514 seconds, Stopping threads took: 0,0000127 seconds
2017-05-11T00:53:54.143+0200: 17492,636: Total time for which application threads were stopped: 0,0000706 seconds, Stopping threads took: 0,0000226 seconds
2017-05-11T00:53:54.143+0200: 17492,637: Total time for which application threads were stopped: 0,0000752 seconds, Stopping threads took: 0,0000202 seconds
2017-05-11T00:53:54.143+0200: 17492,637: Total time for which application threads were stopped: 0,0000661 seconds, Stopping threads took: 0,0000173 seconds
2017-05-11T00:53:54.144+0200: 17492,637: Total time for which application threads were stopped: 0,0000599 seconds, Stopping threads took: 0,0000173 seconds
2017-05-11T00:53:54.144+0200: 17492,637: Total time for which application threads were stopped: 0,0000563 seconds, Stopping threads took: 0,0000162 seconds
2017-05-11T00:53:54.144+0200: 17492,638: Total time for which application threads were stopped: 0,0000478 seconds, Stopping threads took: 0,0000123 seconds
2017-05-11T00:53:54.144+0200: 17492,638: Total time for which application threads were stopped: 0,0000583 seconds, Stopping threads took: 0,0000185 seconds
2017-05-11T00:53:54.144+0200: 17492,638: Total time for which application threads were stopped: 0,0000499 seconds, Stopping threads took: 0,0000146 seconds
2017-05-11T00:53:54.144+0200: 17492,638: Total time for which application threads were stopped: 0,0000515 seconds, Stopping threads took: 0,0000152 seconds
2017-05-11T00:53:54.144+0200: 17492,638: Total time for which application threads were stopped: 0,0000380 seconds, Stopping threads took: 0,0000053 seconds
2017-05-11T00:53:54.144+0200: 17492,638: Total time for which application threads were stopped: 0,0000470 seconds, Stopping threads took: 0,0000140 seconds
2017-05-11T00:53:54.145+0200: 17492,638: Total time for which application threads were stopped: 0,0001545 seconds, Stopping threads took: 0,0000145 seconds
2017-05-11T00:53:54.147+0200: 17492,641: Total time for which application threads were stopped: 0,0001002 seconds, Stopping threads took: 0,0000318 seconds
2017-05-11T00:53:54.148+0200: 17492,642: Total time for which application threads were stopped: 0,0001192 seconds, Stopping threads took: 0,0000291 seconds
2017-05-11T00:53:54.149+0200: 17492,643: Total time for which application threads were stopped: 0,0000778 seconds, Stopping threads took: 0,0000180 seconds
2017-05-11T00:53:54.150+0200: 17492,644: Total time for which application threads were stopped: 0,0001166 seconds, Stopping threads took: 0,0000247 seconds
Heap
 par new generation   total 109248K, used 34970K [0x00000000e0000000, 0x00000000e8000000, 0x00000000e8000000)
  eden space 87424K,  23% used [0x00000000e0000000, 0x00000000e1469d98, 0x00000000e5560000)
  from space 21824K,  64% used [0x00000000e5560000, 0x00000000e631cae0, 0x00000000e6ab0000)
  to   space 21824K,   0% used [0x00000000e6ab0000, 0x00000000e6ab0000, 0x00000000e8000000)
 concurrent mark-sweep generation total 393216K, used 6912K [0x00000000e8000000, 0x0000000100000000, 0x0000000100000000)
 Metaspace       used 28236K, capacity 28802K, committed 29052K, reserved 1075200K
  class space    used 3226K, capacity 3422K, committed 3452K, reserved 1048576K
