OpenJDK 64-Bit Server VM (25.121-b13) for linux-amd64 JRE (1.8.0_121-8u121-b13-0ubuntu1.16.04.2-b13), built on Jan 23 2017 15:51:29 by "buildd" with gcc 5.4.0 20160609
Memory: 4k page, physical 7867764k(7425004k free), swap 8076284k(8076284k free)
CommandLine flags: -XX:CMSInitiatingOccupancyFraction=50 -XX:CMSMaxAbortablePrecleanTime=6000 -XX:+CMSParallelRemarkEnabled -XX:+CMSScavengeBeforeRemark -XX:ConcGCThreads=4 -XX:InitialHeapSize=536870912 -XX:MaxHeapSize=536870912 -XX:MaxTenuringThreshold=8 -XX:NewRatio=3 -XX:OldPLABSize=16 -XX:OnOutOfMemoryError=/opt/solr/bin/oom_solr.sh 8983 /var/solr/logs -XX:ParallelGCThreads=4 -XX:+ParallelRefProcEnabled -XX:PretenureSizeThreshold=67108864 -XX:+PrintGC -XX:+PrintGCApplicationStoppedTime -XX:+PrintGCDateStamps -XX:+PrintGCDetails -XX:+PrintGCTimeStamps -XX:+PrintHeapAtGC -XX:+PrintTenuringDistribution -XX:SurvivorRatio=4 -XX:TargetSurvivorRatio=90 -XX:ThreadStackSize=256 -XX:+UseCMSInitiatingOccupancyOnly -XX:+UseCompressedClassPointers -XX:+UseCompressedOops -XX:+UseConcMarkSweepGC -XX:+UseParNewGC 
2017-04-20T02:33:50.618+0200: 0,159: Total time for which application threads were stopped: 0,0000724 seconds, Stopping threads took: 0,0000129 seconds
2017-04-20T02:33:50.728+0200: 0,269: Total time for which application threads were stopped: 0,0001314 seconds, Stopping threads took: 0,0000224 seconds
2017-04-20T02:33:50.768+0200: 0,308: Total time for which application threads were stopped: 0,0001049 seconds, Stopping threads took: 0,0000132 seconds
2017-04-20T02:33:51.235+0200: 0,776: Total time for which application threads were stopped: 0,0001620 seconds, Stopping threads took: 0,0000180 seconds
2017-04-20T02:33:51.590+0200: 1,131: Total time for which application threads were stopped: 0,0001102 seconds, Stopping threads took: 0,0000091 seconds
2017-04-20T02:33:51.651+0200: 1,192: Total time for which application threads were stopped: 0,0001426 seconds, Stopping threads took: 0,0000184 seconds
2017-04-20T02:33:51.672+0200: 1,213: Total time for which application threads were stopped: 0,0001596 seconds, Stopping threads took: 0,0000173 seconds
2017-04-20T02:33:51.941+0200: 1,482: Total time for which application threads were stopped: 0,0002148 seconds, Stopping threads took: 0,0000182 seconds
2017-04-20T02:33:52.187+0200: 1,728: Total time for which application threads were stopped: 0,0002031 seconds, Stopping threads took: 0,0000224 seconds
2017-04-20T02:33:52.204+0200: 1,745: Total time for which application threads were stopped: 0,0001628 seconds, Stopping threads took: 0,0000112 seconds
2017-04-20T02:33:52.232+0200: 1,773: Total time for which application threads were stopped: 0,0002040 seconds, Stopping threads took: 0,0000224 seconds
2017-04-20T02:33:52.233+0200: 1,774: Total time for which application threads were stopped: 0,0001786 seconds, Stopping threads took: 0,0000289 seconds
2017-04-20T02:33:52.246+0200: 1,787: Total time for which application threads were stopped: 0,0002041 seconds, Stopping threads took: 0,0000297 seconds
2017-04-20T02:33:52.315+0200: 1,856: Total time for which application threads were stopped: 0,0002650 seconds, Stopping threads took: 0,0000214 seconds
2017-04-20T02:33:52.474+0200: 2,014: Total time for which application threads were stopped: 0,0004328 seconds, Stopping threads took: 0,0002086 seconds
{Heap before GC invocations=0 (full 0):
 par new generation   total 109248K, used 87424K [0x00000000e0000000, 0x00000000e8000000, 0x00000000e8000000)
  eden space 87424K, 100% used [0x00000000e0000000, 0x00000000e5560000, 0x00000000e5560000)
  from space 21824K,   0% used [0x00000000e5560000, 0x00000000e5560000, 0x00000000e6ab0000)
  to   space 21824K,   0% used [0x00000000e6ab0000, 0x00000000e6ab0000, 0x00000000e8000000)
 concurrent mark-sweep generation total 393216K, used 0K [0x00000000e8000000, 0x0000000100000000, 0x0000000100000000)
 Metaspace       used 17801K, capacity 18112K, committed 18304K, reserved 1064960K
  class space    used 2023K, capacity 2164K, committed 2176K, reserved 1048576K
2017-04-20T02:33:52.501+0200: 2,042: [GC (Allocation Failure) 2017-04-20T02:33:52.501+0200: 2,042: [ParNew
Desired survivor size 20112992 bytes, new threshold 8 (max 8)
- age   1:   11522928 bytes,   11522928 total
: 87424K->11370K(109248K), 0,0160315 secs] 87424K->11370K(502464K), 0,0161264 secs] [Times: user=0,01 sys=0,04, real=0,01 secs] 
Heap after GC invocations=1 (full 0):
 par new generation   total 109248K, used 11370K [0x00000000e0000000, 0x00000000e8000000, 0x00000000e8000000)
  eden space 87424K,   0% used [0x00000000e0000000, 0x00000000e0000000, 0x00000000e5560000)
  from space 21824K,  52% used [0x00000000e6ab0000, 0x00000000e75caaa8, 0x00000000e8000000)
  to   space 21824K,   0% used [0x00000000e5560000, 0x00000000e5560000, 0x00000000e6ab0000)
 concurrent mark-sweep generation total 393216K, used 0K [0x00000000e8000000, 0x0000000100000000, 0x0000000100000000)
 Metaspace       used 17801K, capacity 18112K, committed 18304K, reserved 1064960K
  class space    used 2023K, capacity 2164K, committed 2176K, reserved 1048576K
}
2017-04-20T02:33:52.517+0200: 2,058: Total time for which application threads were stopped: 0,0165245 seconds, Stopping threads took: 0,0002505 seconds
2017-04-20T02:33:52.878+0200: 2,419: Total time for which application threads were stopped: 0,0003328 seconds, Stopping threads took: 0,0000302 seconds
{Heap before GC invocations=1 (full 0):
 par new generation   total 109248K, used 98794K [0x00000000e0000000, 0x00000000e8000000, 0x00000000e8000000)
  eden space 87424K, 100% used [0x00000000e0000000, 0x00000000e5560000, 0x00000000e5560000)
  from space 21824K,  52% used [0x00000000e6ab0000, 0x00000000e75caaa8, 0x00000000e8000000)
  to   space 21824K,   0% used [0x00000000e5560000, 0x00000000e5560000, 0x00000000e6ab0000)
 concurrent mark-sweep generation total 393216K, used 0K [0x00000000e8000000, 0x0000000100000000, 0x0000000100000000)
 Metaspace       used 20023K, capacity 20380K, committed 20736K, reserved 1067008K
  class space    used 2298K, capacity 2476K, committed 2560K, reserved 1048576K
2017-04-20T02:33:52.919+0200: 2,460: [GC (Allocation Failure) 2017-04-20T02:33:52.919+0200: 2,460: [ParNew
Desired survivor size 20112992 bytes, new threshold 8 (max 8)
- age   1:    4226680 bytes,    4226680 total
- age   2:    6048856 bytes,   10275536 total
: 98794K->14532K(109248K), 0,0130632 secs] 98794K->14532K(502464K), 0,0131310 secs] [Times: user=0,04 sys=0,00, real=0,01 secs] 
Heap after GC invocations=2 (full 0):
 par new generation   total 109248K, used 14532K [0x00000000e0000000, 0x00000000e8000000, 0x00000000e8000000)
  eden space 87424K,   0% used [0x00000000e0000000, 0x00000000e0000000, 0x00000000e5560000)
  from space 21824K,  66% used [0x00000000e5560000, 0x00000000e63911c0, 0x00000000e6ab0000)
  to   space 21824K,   0% used [0x00000000e6ab0000, 0x00000000e6ab0000, 0x00000000e8000000)
 concurrent mark-sweep generation total 393216K, used 0K [0x00000000e8000000, 0x0000000100000000, 0x0000000100000000)
 Metaspace       used 20023K, capacity 20380K, committed 20736K, reserved 1067008K
  class space    used 2298K, capacity 2476K, committed 2560K, reserved 1048576K
}
2017-04-20T02:33:52.932+0200: 2,473: Total time for which application threads were stopped: 0,0133766 seconds, Stopping threads took: 0,0000865 seconds
2017-04-20T02:33:52.956+0200: 2,496: Total time for which application threads were stopped: 0,0003662 seconds, Stopping threads took: 0,0000517 seconds
2017-04-20T02:33:52.991+0200: 2,531: Total time for which application threads were stopped: 0,0015520 seconds, Stopping threads took: 0,0012852 seconds
2017-04-20T02:33:53.138+0200: 2,679: Total time for which application threads were stopped: 0,0001592 seconds, Stopping threads took: 0,0000298 seconds
{Heap before GC invocations=2 (full 0):
 par new generation   total 109248K, used 101956K [0x00000000e0000000, 0x00000000e8000000, 0x00000000e8000000)
  eden space 87424K, 100% used [0x00000000e0000000, 0x00000000e5560000, 0x00000000e5560000)
  from space 21824K,  66% used [0x00000000e5560000, 0x00000000e63911c0, 0x00000000e6ab0000)
  to   space 21824K,   0% used [0x00000000e6ab0000, 0x00000000e6ab0000, 0x00000000e8000000)
 concurrent mark-sweep generation total 393216K, used 0K [0x00000000e8000000, 0x0000000100000000, 0x0000000100000000)
 Metaspace       used 20998K, capacity 21314K, committed 21552K, reserved 1069056K
  class space    used 2422K, capacity 2597K, committed 2608K, reserved 1048576K
2017-04-20T02:33:53.170+0200: 2,711: [GC (Allocation Failure) 2017-04-20T02:33:53.171+0200: 2,711: [ParNew
Desired survivor size 20112992 bytes, new threshold 8 (max 8)
- age   1:    2033048 bytes,    2033048 total
- age   2:    1423088 bytes,    3456136 total
- age   3:    6045960 bytes,    9502096 total
: 101956K->12553K(109248K), 0,0160729 secs] 101956K->12553K(502464K), 0,0161579 secs] [Times: user=0,05 sys=0,00, real=0,01 secs] 
Heap after GC invocations=3 (full 0):
 par new generation   total 109248K, used 12553K [0x00000000e0000000, 0x00000000e8000000, 0x00000000e8000000)
  eden space 87424K,   0% used [0x00000000e0000000, 0x00000000e0000000, 0x00000000e5560000)
  from space 21824K,  57% used [0x00000000e6ab0000, 0x00000000e76f24f8, 0x00000000e8000000)
  to   space 21824K,   0% used [0x00000000e5560000, 0x00000000e5560000, 0x00000000e6ab0000)
 concurrent mark-sweep generation total 393216K, used 0K [0x00000000e8000000, 0x0000000100000000, 0x0000000100000000)
 Metaspace       used 20998K, capacity 21314K, committed 21552K, reserved 1069056K
  class space    used 2422K, capacity 2597K, committed 2608K, reserved 1048576K
}
2017-04-20T02:33:53.187+0200: 2,727: Total time for which application threads were stopped: 0,0175045 seconds, Stopping threads took: 0,0011909 seconds
2017-04-20T02:33:53.187+0200: 2,728: [GC (CMS Initial Mark) [1 CMS-initial-mark: 0K(393216K)] 13262K(502464K), 0,0053472 secs] [Times: user=0,02 sys=0,00, real=0,01 secs] 
2017-04-20T02:33:53.192+0200: 2,733: Total time for which application threads were stopped: 0,0054820 seconds, Stopping threads took: 0,0000311 seconds
2017-04-20T02:33:53.192+0200: 2,733: [CMS-concurrent-mark-start]
2017-04-20T02:33:53.199+0200: 2,740: [CMS-concurrent-mark: 0,007/0,007 secs] [Times: user=0,02 sys=0,00, real=0,01 secs] 
2017-04-20T02:33:53.199+0200: 2,740: [CMS-concurrent-preclean-start]
2017-04-20T02:33:53.200+0200: 2,741: [CMS-concurrent-preclean: 0,001/0,001 secs] [Times: user=0,01 sys=0,00, real=0,00 secs] 
2017-04-20T02:33:53.201+0200: 2,741: [CMS-concurrent-abortable-preclean-start]
2017-04-20T02:33:53.276+0200: 2,817: Total time for which application threads were stopped: 0,0002931 seconds, Stopping threads took: 0,0002177 seconds
2017-04-20T02:33:53.282+0200: 2,823: Total time for which application threads were stopped: 0,0000942 seconds, Stopping threads took: 0,0000316 seconds
2017-04-20T02:33:53.282+0200: 2,823: Total time for which application threads were stopped: 0,0001239 seconds, Stopping threads took: 0,0000832 seconds
{Heap before GC invocations=3 (full 1):
 par new generation   total 109248K, used 99977K [0x00000000e0000000, 0x00000000e8000000, 0x00000000e8000000)
  eden space 87424K, 100% used [0x00000000e0000000, 0x00000000e5560000, 0x00000000e5560000)
  from space 21824K,  57% used [0x00000000e6ab0000, 0x00000000e76f24f8, 0x00000000e8000000)
  to   space 21824K,   0% used [0x00000000e5560000, 0x00000000e5560000, 0x00000000e6ab0000)
 concurrent mark-sweep generation total 393216K, used 0K [0x00000000e8000000, 0x0000000100000000, 0x0000000100000000)
 Metaspace       used 21282K, capacity 21673K, committed 21960K, reserved 1069056K
  class space    used 2452K, capacity 2616K, committed 2684K, reserved 1048576K
2017-04-20T02:33:53.297+0200: 2,838: [GC (Allocation Failure) 2017-04-20T02:33:53.297+0200: 2,838: [ParNew
Desired survivor size 20112992 bytes, new threshold 8 (max 8)
- age   1:     970552 bytes,     970552 total
- age   2:    1496736 bytes,    2467288 total
- age   3:    1388296 bytes,    3855584 total
- age   4:    6045960 bytes,    9901544 total
: 99977K->12186K(109248K), 0,0158977 secs] 99977K->12186K(502464K), 0,0159677 secs] [Times: user=0,04 sys=0,00, real=0,02 secs] 
Heap after GC invocations=4 (full 1):
 par new generation   total 109248K, used 12186K [0x00000000e0000000, 0x00000000e8000000, 0x00000000e8000000)
  eden space 87424K,   0% used [0x00000000e0000000, 0x00000000e0000000, 0x00000000e5560000)
  from space 21824K,  55% used [0x00000000e5560000, 0x00000000e61469f0, 0x00000000e6ab0000)
  to   space 21824K,   0% used [0x00000000e6ab0000, 0x00000000e6ab0000, 0x00000000e8000000)
 concurrent mark-sweep generation total 393216K, used 0K [0x00000000e8000000, 0x0000000100000000, 0x0000000100000000)
 Metaspace       used 21282K, capacity 21673K, committed 21960K, reserved 1069056K
  class space    used 2452K, capacity 2616K, committed 2684K, reserved 1048576K
}
2017-04-20T02:33:53.313+0200: 2,854: Total time for which application threads were stopped: 0,0162350 seconds, Stopping threads took: 0,0001221 seconds
{Heap before GC invocations=4 (full 1):
 par new generation   total 109248K, used 99610K [0x00000000e0000000, 0x00000000e8000000, 0x00000000e8000000)
  eden space 87424K, 100% used [0x00000000e0000000, 0x00000000e5560000, 0x00000000e5560000)
  from space 21824K,  55% used [0x00000000e5560000, 0x00000000e61469f0, 0x00000000e6ab0000)
  to   space 21824K,   0% used [0x00000000e6ab0000, 0x00000000e6ab0000, 0x00000000e8000000)
 concurrent mark-sweep generation total 393216K, used 0K [0x00000000e8000000, 0x0000000100000000, 0x0000000100000000)
 Metaspace       used 21446K, capacity 21839K, committed 21960K, reserved 1069056K
  class space    used 2471K, capacity 2649K, committed 2684K, reserved 1048576K
2017-04-20T02:33:53.407+0200: 2,948: [GC (Allocation Failure) 2017-04-20T02:33:53.407+0200: 2,948: [ParNew2017-04-20T02:33:53.414+0200: 2,955: [CMS-concurrent-abortable-preclean: 0,082/0,213 secs] [Times: user=0,78 sys=0,01, real=0,21 secs] 

Desired survivor size 20112992 bytes, new threshold 8 (max 8)
- age   1:     896232 bytes,     896232 total
- age   2:     179840 bytes,    1076072 total
- age   3:    1496504 bytes,    2572576 total
- age   4:    1386312 bytes,    3958888 total
- age   5:    6045960 bytes,   10004848 total
: 99610K->14823K(109248K), 0,0139324 secs] 99610K->14823K(502464K), 0,0140219 secs] [Times: user=0,04 sys=0,00, real=0,02 secs] 
Heap after GC invocations=5 (full 1):
 par new generation   total 109248K, used 14823K [0x00000000e0000000, 0x00000000e8000000, 0x00000000e8000000)
  eden space 87424K,   0% used [0x00000000e0000000, 0x00000000e0000000, 0x00000000e5560000)
  from space 21824K,  67% used [0x00000000e6ab0000, 0x00000000e7929f78, 0x00000000e8000000)
  to   space 21824K,   0% used [0x00000000e5560000, 0x00000000e5560000, 0x00000000e6ab0000)
 concurrent mark-sweep generation total 393216K, used 0K [0x00000000e8000000, 0x0000000100000000, 0x0000000100000000)
 Metaspace       used 21446K, capacity 21839K, committed 21960K, reserved 1069056K
  class space    used 2471K, capacity 2649K, committed 2684K, reserved 1048576K
}
2017-04-20T02:33:53.421+0200: 2,962: Total time for which application threads were stopped: 0,0142457 seconds, Stopping threads took: 0,0000646 seconds
2017-04-20T02:33:53.440+0200: 2,980: [GC (CMS Final Remark) [YG occupancy: 27798 K (109248 K)]2017-04-20T02:33:53.440+0200: 2,980: [Rescan (parallel) , 0,0107803 secs]2017-04-20T02:33:53.450+0200: 2,991: [weak refs processing, 0,0050148 secs]2017-04-20T02:33:53.456+0200: 2,996: [class unloading, 0,0030381 secs]2017-04-20T02:33:53.459+0200: 2,999: [scrub symbol table, 0,0026517 secs]2017-04-20T02:33:53.461+0200: 3,002: [scrub string table, 0,0003997 secs][1 CMS-remark: 0K(393216K)] 27798K(502464K), 0,0226086 secs] [Times: user=0,06 sys=0,00, real=0,02 secs] 
2017-04-20T02:33:53.462+0200: 3,003: Total time for which application threads were stopped: 0,0227704 seconds, Stopping threads took: 0,0000487 seconds
2017-04-20T02:33:53.462+0200: 3,003: [CMS-concurrent-sweep-start]
{Heap before GC invocations=5 (full 1):
 par new generation   total 109248K, used 27798K [0x00000000e0000000, 0x00000000e8000000, 0x00000000e8000000)
  eden space 87424K,  14% used [0x00000000e0000000, 0x00000000e0cab9b8, 0x00000000e5560000)
  from space 21824K,  67% used [0x00000000e6ab0000, 0x00000000e7929f78, 0x00000000e8000000)
  to   space 21824K,   0% used [0x00000000e5560000, 0x00000000e5560000, 0x00000000e6ab0000)
 concurrent mark-sweep generation total 393216K, used 0K [0x00000000e8000000, 0x0000000100000000, 0x0000000100000000)
 Metaspace       used 21491K, capacity 21845K, committed 21960K, reserved 1069056K
  class space    used 2474K, capacity 2650K, committed 2684K, reserved 1048576K
2017-04-20T02:33:53.462+0200: 3,003: [GC (GCLocker Initiated GC) 2017-04-20T02:33:53.462+0200: 3,003: [ParNew
Desired survivor size 20112992 bytes, new threshold 8 (max 8)
- age   1:     582976 bytes,     582976 total
- age   2:     111144 bytes,     694120 total
- age   3:     179288 bytes,     873408 total
- age   4:    1495976 bytes,    2369384 total
- age   5:    1386312 bytes,    3755696 total
- age   6:    6045944 bytes,    9801640 total
: 27798K->11400K(109248K), 0,0121359 secs] 27798K->11400K(502464K), 0,0121907 secs] [Times: user=0,04 sys=0,00, real=0,01 secs] 
Heap after GC invocations=6 (full 1):
 par new generation   total 109248K, used 11400K [0x00000000e0000000, 0x00000000e8000000, 0x00000000e8000000)
  eden space 87424K,   0% used [0x00000000e0000000, 0x00000000e0000000, 0x00000000e5560000)
  from space 21824K,  52% used [0x00000000e5560000, 0x00000000e60822d0, 0x00000000e6ab0000)
  to   space 21824K,   0% used [0x00000000e6ab0000, 0x00000000e6ab0000, 0x00000000e8000000)
 concurrent mark-sweep generation total 393216K, used 0K [0x00000000e8000000, 0x0000000100000000, 0x0000000100000000)
 Metaspace       used 21491K, capacity 21845K, committed 21960K, reserved 1069056K
  class space    used 2474K, capacity 2650K, committed 2684K, reserved 1048576K
}
2017-04-20T02:33:53.475+0200: 3,015: Total time for which application threads were stopped: 0,0123376 seconds, Stopping threads took: 0,0000391 seconds
2017-04-20T02:33:53.475+0200: 3,015: [CMS-concurrent-sweep: 0,012/0,012 secs] [Times: user=0,04 sys=0,00, real=0,01 secs] 
2017-04-20T02:33:53.475+0200: 3,016: [CMS-concurrent-reset-start]
2017-04-20T02:33:53.477+0200: 3,018: [CMS-concurrent-reset: 0,003/0,003 secs] [Times: user=0,01 sys=0,00, real=0,00 secs] 
2017-04-20T02:33:53.500+0200: 3,040: Total time for which application threads were stopped: 0,0003755 seconds, Stopping threads took: 0,0000214 seconds
2017-04-20T02:33:53.702+0200: 3,243: Total time for which application threads were stopped: 0,0005515 seconds, Stopping threads took: 0,0000386 seconds
2017-04-20T02:33:53.718+0200: 3,259: Total time for which application threads were stopped: 0,0004603 seconds, Stopping threads took: 0,0000401 seconds
{Heap before GC invocations=6 (full 1):
 par new generation   total 109248K, used 98824K [0x00000000e0000000, 0x00000000e8000000, 0x00000000e8000000)
  eden space 87424K, 100% used [0x00000000e0000000, 0x00000000e5560000, 0x00000000e5560000)
  from space 21824K,  52% used [0x00000000e5560000, 0x00000000e60822d0, 0x00000000e6ab0000)
  to   space 21824K,   0% used [0x00000000e6ab0000, 0x00000000e6ab0000, 0x00000000e8000000)
 concurrent mark-sweep generation total 393216K, used 0K [0x00000000e8000000, 0x0000000100000000, 0x0000000100000000)
 Metaspace       used 23962K, capacity 24499K, committed 24828K, reserved 1071104K
  class space    used 2826K, capacity 3023K, committed 3068K, reserved 1048576K
2017-04-20T02:33:53.897+0200: 3,438: [GC (Allocation Failure) 2017-04-20T02:33:53.898+0200: 3,438: [ParNew
Desired survivor size 20112992 bytes, new threshold 8 (max 8)
- age   1:    5215424 bytes,    5215424 total
- age   2:      56584 bytes,    5272008 total
- age   3:     109208 bytes,    5381216 total
- age   4:     178344 bytes,    5559560 total
- age   5:     326896 bytes,    5886456 total
- age   6:    1361952 bytes,    7248408 total
- age   7:    6037880 bytes,   13286288 total
: 98824K->16638K(109248K), 0,0153021 secs] 98824K->16638K(502464K), 0,0153952 secs] [Times: user=0,06 sys=0,00, real=0,02 secs] 
Heap after GC invocations=7 (full 1):
 par new generation   total 109248K, used 16638K [0x00000000e0000000, 0x00000000e8000000, 0x00000000e8000000)
  eden space 87424K,   0% used [0x00000000e0000000, 0x00000000e0000000, 0x00000000e5560000)
  from space 21824K,  76% used [0x00000000e6ab0000, 0x00000000e7aef800, 0x00000000e8000000)
  to   space 21824K,   0% used [0x00000000e5560000, 0x00000000e5560000, 0x00000000e6ab0000)
 concurrent mark-sweep generation total 393216K, used 0K [0x00000000e8000000, 0x0000000100000000, 0x0000000100000000)
 Metaspace       used 23962K, capacity 24499K, committed 24828K, reserved 1071104K
  class space    used 2826K, capacity 3023K, committed 3068K, reserved 1048576K
}
2017-04-20T02:33:53.913+0200: 3,454: Total time for which application threads were stopped: 0,0157108 seconds, Stopping threads took: 0,0000891 seconds
{Heap before GC invocations=7 (full 1):
 par new generation   total 109248K, used 104062K [0x00000000e0000000, 0x00000000e8000000, 0x00000000e8000000)
  eden space 87424K, 100% used [0x00000000e0000000, 0x00000000e5560000, 0x00000000e5560000)
  from space 21824K,  76% used [0x00000000e6ab0000, 0x00000000e7aef800, 0x00000000e8000000)
  to   space 21824K,   0% used [0x00000000e5560000, 0x00000000e5560000, 0x00000000e6ab0000)
 concurrent mark-sweep generation total 393216K, used 0K [0x00000000e8000000, 0x0000000100000000, 0x0000000100000000)
 Metaspace       used 24490K, capacity 24985K, committed 25084K, reserved 1071104K
  class space    used 2867K, capacity 3056K, committed 3068K, reserved 1048576K
2017-04-20T02:33:54.015+0200: 3,555: [GC (Allocation Failure) 2017-04-20T02:33:54.015+0200: 3,555: [ParNew
Desired survivor size 20112992 bytes, new threshold 8 (max 8)
- age   1:    2271480 bytes,    2271480 total
- age   2:    1791928 bytes,    4063408 total
- age   3:       6264 bytes,    4069672 total
- age   4:      57312 bytes,    4126984 total
- age   5:     108400 bytes,    4235384 total
- age   6:     206880 bytes,    4442264 total
- age   7:     955848 bytes,    5398112 total
- age   8:    5892272 bytes,   11290384 total
: 104062K->17716K(109248K), 0,0125635 secs] 104062K->17716K(502464K), 0,0126398 secs] [Times: user=0,04 sys=0,00, real=0,01 secs] 
Heap after GC invocations=8 (full 1):
 par new generation   total 109248K, used 17716K [0x00000000e0000000, 0x00000000e8000000, 0x00000000e8000000)
  eden space 87424K,   0% used [0x00000000e0000000, 0x00000000e0000000, 0x00000000e5560000)
  from space 21824K,  81% used [0x00000000e5560000, 0x00000000e66ad1a0, 0x00000000e6ab0000)
  to   space 21824K,   0% used [0x00000000e6ab0000, 0x00000000e6ab0000, 0x00000000e8000000)
 concurrent mark-sweep generation total 393216K, used 0K [0x00000000e8000000, 0x0000000100000000, 0x0000000100000000)
 Metaspace       used 24490K, capacity 24985K, committed 25084K, reserved 1071104K
  class space    used 2867K, capacity 3056K, committed 3068K, reserved 1048576K
}
2017-04-20T02:33:54.027+0200: 3,568: Total time for which application threads were stopped: 0,0144797 seconds, Stopping threads took: 0,0016815 seconds
{Heap before GC invocations=8 (full 1):
 par new generation   total 109248K, used 105140K [0x00000000e0000000, 0x00000000e8000000, 0x00000000e8000000)
  eden space 87424K, 100% used [0x00000000e0000000, 0x00000000e5560000, 0x00000000e5560000)
  from space 21824K,  81% used [0x00000000e5560000, 0x00000000e66ad1a0, 0x00000000e6ab0000)
  to   space 21824K,   0% used [0x00000000e6ab0000, 0x00000000e6ab0000, 0x00000000e8000000)
 concurrent mark-sweep generation total 393216K, used 0K [0x00000000e8000000, 0x0000000100000000, 0x0000000100000000)
 Metaspace       used 24906K, capacity 25427K, committed 25724K, reserved 1071104K
  class space    used 2906K, capacity 3093K, committed 3196K, reserved 1048576K
2017-04-20T02:33:54.121+0200: 3,662: [GC (Allocation Failure) 2017-04-20T02:33:54.121+0200: 3,662: [ParNew
Desired survivor size 20112992 bytes, new threshold 8 (max 8)
- age   1:     930448 bytes,     930448 total
- age   2:     966808 bytes,    1897256 total
- age   3:    1788440 bytes,    3685696 total
- age   4:       6232 bytes,    3691928 total
- age   5:      57312 bytes,    3749240 total
- age   6:     105720 bytes,    3854960 total
- age   7:     203528 bytes,    4058488 total
- age   8:     954248 bytes,    5012736 total
: 105140K->8563K(109248K), 0,0452718 secs] 105140K->14400K(502464K), 0,0453485 secs] [Times: user=0,09 sys=0,00, real=0,04 secs] 
Heap after GC invocations=9 (full 1):
 par new generation   total 109248K, used 8563K [0x00000000e0000000, 0x00000000e8000000, 0x00000000e8000000)
  eden space 87424K,   0% used [0x00000000e0000000, 0x00000000e0000000, 0x00000000e5560000)
  from space 21824K,  39% used [0x00000000e6ab0000, 0x00000000e730cef0, 0x00000000e8000000)
  to   space 21824K,   0% used [0x00000000e5560000, 0x00000000e5560000, 0x00000000e6ab0000)
 concurrent mark-sweep generation total 393216K, used 5836K [0x00000000e8000000, 0x0000000100000000, 0x0000000100000000)
 Metaspace       used 24906K, capacity 25427K, committed 25724K, reserved 1071104K
  class space    used 2906K, capacity 3093K, committed 3196K, reserved 1048576K
}
2017-04-20T02:33:54.167+0200: 3,707: Total time for which application threads were stopped: 0,0455780 seconds, Stopping threads took: 0,0000702 seconds
2017-04-20T02:33:54.424+0200: 3,964: Total time for which application threads were stopped: 0,0004913 seconds, Stopping threads took: 0,0000316 seconds
2017-04-20T02:33:54.439+0200: 3,980: Total time for which application threads were stopped: 0,0004291 seconds, Stopping threads took: 0,0000457 seconds
2017-04-20T02:33:54.491+0200: 4,032: Total time for which application threads were stopped: 0,0005529 seconds, Stopping threads took: 0,0000954 seconds
2017-04-20T02:33:54.513+0200: 4,054: Total time for which application threads were stopped: 0,0004189 seconds, Stopping threads took: 0,0000542 seconds
2017-04-20T02:33:54.521+0200: 4,062: Total time for which application threads were stopped: 0,0002676 seconds, Stopping threads took: 0,0001723 seconds
2017-04-20T02:33:54.521+0200: 4,062: Total time for which application threads were stopped: 0,0000841 seconds, Stopping threads took: 0,0000327 seconds
2017-04-20T02:33:54.522+0200: 4,063: Total time for which application threads were stopped: 0,0001095 seconds, Stopping threads took: 0,0000309 seconds
2017-04-20T02:33:54.522+0200: 4,063: Total time for which application threads were stopped: 0,0001259 seconds, Stopping threads took: 0,0000291 seconds
2017-04-20T02:33:54.523+0200: 4,064: Total time for which application threads were stopped: 0,0001263 seconds, Stopping threads took: 0,0000358 seconds
2017-04-20T02:33:54.530+0200: 4,071: Total time for which application threads were stopped: 0,0001701 seconds, Stopping threads took: 0,0000460 seconds
2017-04-20T02:33:54.531+0200: 4,071: Total time for which application threads were stopped: 0,0001432 seconds, Stopping threads took: 0,0000453 seconds
2017-04-20T02:33:54.537+0200: 4,078: Total time for which application threads were stopped: 0,0061096 seconds, Stopping threads took: 0,0059802 seconds
2017-04-20T02:33:54.538+0200: 4,079: Total time for which application threads were stopped: 0,0001275 seconds, Stopping threads took: 0,0000436 seconds
2017-04-20T02:33:54.539+0200: 4,080: Total time for which application threads were stopped: 0,0000977 seconds, Stopping threads took: 0,0000168 seconds
2017-04-20T02:33:54.539+0200: 4,080: Total time for which application threads were stopped: 0,0001073 seconds, Stopping threads took: 0,0000458 seconds
2017-04-20T02:33:54.539+0200: 4,080: Total time for which application threads were stopped: 0,0000661 seconds, Stopping threads took: 0,0000214 seconds
2017-04-20T02:33:54.539+0200: 4,080: Total time for which application threads were stopped: 0,0000748 seconds, Stopping threads took: 0,0000118 seconds
2017-04-20T02:33:54.539+0200: 4,080: Total time for which application threads were stopped: 0,0000602 seconds, Stopping threads took: 0,0000089 seconds
2017-04-20T02:33:54.539+0200: 4,080: Total time for which application threads were stopped: 0,0000662 seconds, Stopping threads took: 0,0000095 seconds
2017-04-20T02:33:54.540+0200: 4,080: Total time for which application threads were stopped: 0,0000602 seconds, Stopping threads took: 0,0000089 seconds
2017-04-20T02:33:54.540+0200: 4,080: Total time for which application threads were stopped: 0,0000672 seconds, Stopping threads took: 0,0000143 seconds
2017-04-20T02:33:54.540+0200: 4,081: Total time for which application threads were stopped: 0,0002100 seconds, Stopping threads took: 0,0001522 seconds
2017-04-20T02:33:54.540+0200: 4,081: Total time for which application threads were stopped: 0,0001011 seconds, Stopping threads took: 0,0000522 seconds
2017-04-20T02:33:54.540+0200: 4,081: Total time for which application threads were stopped: 0,0001056 seconds, Stopping threads took: 0,0000233 seconds
2017-04-20T02:33:54.543+0200: 4,084: Total time for which application threads were stopped: 0,0002774 seconds, Stopping threads took: 0,0000215 seconds
2017-04-20T02:33:54.544+0200: 4,084: Total time for which application threads were stopped: 0,0001251 seconds, Stopping threads took: 0,0000224 seconds
2017-04-20T02:33:54.545+0200: 4,086: Total time for which application threads were stopped: 0,0001163 seconds, Stopping threads took: 0,0000214 seconds
2017-04-20T02:33:54.549+0200: 4,090: Total time for which application threads were stopped: 0,0036437 seconds, Stopping threads took: 0,0035307 seconds
2017-04-20T02:33:54.551+0200: 4,091: Total time for which application threads were stopped: 0,0001411 seconds, Stopping threads took: 0,0000428 seconds
2017-04-20T02:33:54.551+0200: 4,092: Total time for which application threads were stopped: 0,0001187 seconds, Stopping threads took: 0,0000403 seconds
2017-04-20T02:33:54.552+0200: 4,093: Total time for which application threads were stopped: 0,0001177 seconds, Stopping threads took: 0,0000341 seconds
2017-04-20T02:33:54.553+0200: 4,093: Total time for which application threads were stopped: 0,0001316 seconds, Stopping threads took: 0,0000365 seconds
2017-04-20T02:33:54.554+0200: 4,094: Total time for which application threads were stopped: 0,0001297 seconds, Stopping threads took: 0,0000365 seconds
2017-04-20T02:33:54.555+0200: 4,095: Total time for which application threads were stopped: 0,0001230 seconds, Stopping threads took: 0,0000312 seconds
2017-04-20T02:33:54.556+0200: 4,096: Total time for which application threads were stopped: 0,0001255 seconds, Stopping threads took: 0,0000374 seconds
2017-04-20T02:33:54.556+0200: 4,097: Total time for which application threads were stopped: 0,0001056 seconds, Stopping threads took: 0,0000264 seconds
2017-04-20T02:33:54.557+0200: 4,098: Total time for which application threads were stopped: 0,0001131 seconds, Stopping threads took: 0,0000308 seconds
2017-04-20T02:33:54.558+0200: 4,098: Total time for which application threads were stopped: 0,0001387 seconds, Stopping threads took: 0,0000362 seconds
2017-04-20T02:33:54.558+0200: 4,099: Total time for which application threads were stopped: 0,0001068 seconds, Stopping threads took: 0,0000257 seconds
2017-04-20T02:33:54.559+0200: 4,099: Total time for which application threads were stopped: 0,0001041 seconds, Stopping threads took: 0,0000284 seconds
2017-04-20T02:33:54.559+0200: 4,100: Total time for which application threads were stopped: 0,0001019 seconds, Stopping threads took: 0,0000232 seconds
2017-04-20T02:33:54.559+0200: 4,100: Total time for which application threads were stopped: 0,0000987 seconds, Stopping threads took: 0,0000231 seconds
2017-04-20T02:33:54.560+0200: 4,101: Total time for which application threads were stopped: 0,0001106 seconds, Stopping threads took: 0,0000226 seconds
2017-04-20T02:33:54.560+0200: 4,101: Total time for which application threads were stopped: 0,0001276 seconds, Stopping threads took: 0,0000285 seconds
2017-04-20T02:33:54.561+0200: 4,102: Total time for which application threads were stopped: 0,0003068 seconds, Stopping threads took: 0,0000264 seconds
2017-04-20T02:33:54.580+0200: 4,121: Total time for which application threads were stopped: 0,0001820 seconds, Stopping threads took: 0,0000248 seconds
2017-04-20T02:33:54.623+0200: 4,163: Total time for which application threads were stopped: 0,0005004 seconds, Stopping threads took: 0,0000373 seconds
2017-04-20T02:33:55.623+0200: 5,163: Total time for which application threads were stopped: 0,0000813 seconds, Stopping threads took: 0,0000177 seconds
2017-04-20T02:35:12.634+0200: 82,175: Total time for which application threads were stopped: 0,0002120 seconds, Stopping threads took: 0,0000605 seconds
2017-04-20T02:35:47.640+0200: 117,181: Total time for which application threads were stopped: 0,0000808 seconds, Stopping threads took: 0,0000322 seconds
2017-04-20T02:35:52.641+0200: 122,182: Total time for which application threads were stopped: 0,0001266 seconds, Stopping threads took: 0,0000321 seconds
{Heap before GC invocations=9 (full 1):
 par new generation   total 109248K, used 95987K [0x00000000e0000000, 0x00000000e8000000, 0x00000000e8000000)
  eden space 87424K, 100% used [0x00000000e0000000, 0x00000000e5560000, 0x00000000e5560000)
  from space 21824K,  39% used [0x00000000e6ab0000, 0x00000000e730cef0, 0x00000000e8000000)
  to   space 21824K,   0% used [0x00000000e5560000, 0x00000000e5560000, 0x00000000e6ab0000)
 concurrent mark-sweep generation total 393216K, used 5836K [0x00000000e8000000, 0x0000000100000000, 0x0000000100000000)
 Metaspace       used 28049K, capacity 28593K, committed 28796K, reserved 1075200K
  class space    used 3216K, capacity 3398K, committed 3452K, reserved 1048576K
2017-04-20T02:38:26.615+0200: 276,155: [GC (Allocation Failure) 2017-04-20T02:38:26.615+0200: 276,155: [ParNew
Desired survivor size 20112992 bytes, new threshold 8 (max 8)
- age   1:   10923440 bytes,   10923440 total
- age   2:     259416 bytes,   11182856 total
- age   3:     187680 bytes,   11370536 total
- age   4:    1783080 bytes,   13153616 total
- age   5:       6232 bytes,   13159848 total
- age   6:      57312 bytes,   13217160 total
- age   7:     105592 bytes,   13322752 total
- age   8:     203432 bytes,   13526184 total
: 95987K->14768K(109248K), 0,0299804 secs] 101824K->21653K(502464K), 0,0300650 secs] [Times: user=0,05 sys=0,00, real=0,03 secs] 
Heap after GC invocations=10 (full 1):
 par new generation   total 109248K, used 14768K [0x00000000e0000000, 0x00000000e8000000, 0x00000000e8000000)
  eden space 87424K,   0% used [0x00000000e0000000, 0x00000000e0000000, 0x00000000e5560000)
  from space 21824K,  67% used [0x00000000e5560000, 0x00000000e63cc2d8, 0x00000000e6ab0000)
  to   space 21824K,   0% used [0x00000000e6ab0000, 0x00000000e6ab0000, 0x00000000e8000000)
 concurrent mark-sweep generation total 393216K, used 6884K [0x00000000e8000000, 0x0000000100000000, 0x0000000100000000)
 Metaspace       used 28049K, capacity 28593K, committed 28796K, reserved 1075200K
  class space    used 3216K, capacity 3398K, committed 3452K, reserved 1048576K
}
2017-04-20T02:38:26.645+0200: 276,186: Total time for which application threads were stopped: 0,0302991 seconds, Stopping threads took: 0,0000494 seconds
2017-04-20T02:38:26.647+0200: 276,188: Total time for which application threads were stopped: 0,0000759 seconds, Stopping threads took: 0,0000186 seconds
2017-04-20T02:38:27.647+0200: 277,188: Total time for which application threads were stopped: 0,0000811 seconds, Stopping threads took: 0,0000204 seconds
2017-04-20T02:43:09.865+0200: 559,406: Total time for which application threads were stopped: 0,0125830 seconds, Stopping threads took: 0,0125047 seconds
2017-04-20T02:43:09.872+0200: 559,412: Total time for which application threads were stopped: 0,0022901 seconds, Stopping threads took: 0,0022116 seconds
2017-04-20T02:43:09.895+0200: 559,436: Total time for which application threads were stopped: 0,0001258 seconds, Stopping threads took: 0,0000655 seconds
2017-04-20T02:43:09.896+0200: 559,437: Total time for which application threads were stopped: 0,0001196 seconds, Stopping threads took: 0,0000371 seconds
2017-04-20T02:43:09.897+0200: 559,438: Total time for which application threads were stopped: 0,0001021 seconds, Stopping threads took: 0,0000322 seconds
2017-04-20T02:43:09.899+0200: 559,439: Total time for which application threads were stopped: 0,0001100 seconds, Stopping threads took: 0,0000393 seconds
2017-04-20T02:43:09.901+0200: 559,441: Total time for which application threads were stopped: 0,0000990 seconds, Stopping threads took: 0,0000357 seconds
2017-04-20T02:43:09.902+0200: 559,443: Total time for which application threads were stopped: 0,0001663 seconds, Stopping threads took: 0,0000940 seconds
2017-04-20T02:43:09.902+0200: 559,443: Total time for which application threads were stopped: 0,0001052 seconds, Stopping threads took: 0,0000397 seconds
2017-04-20T02:43:09.906+0200: 559,447: Total time for which application threads were stopped: 0,0000971 seconds, Stopping threads took: 0,0000318 seconds
2017-04-20T02:43:09.909+0200: 559,450: Total time for which application threads were stopped: 0,0000831 seconds, Stopping threads took: 0,0000150 seconds
2017-04-20T02:43:09.911+0200: 559,451: Total time for which application threads were stopped: 0,0000817 seconds, Stopping threads took: 0,0000138 seconds
2017-04-20T02:43:09.911+0200: 559,452: Total time for which application threads were stopped: 0,0000413 seconds, Stopping threads took: 0,0000063 seconds
2017-04-20T02:43:09.913+0200: 559,454: Total time for which application threads were stopped: 0,0000868 seconds, Stopping threads took: 0,0000195 seconds
2017-04-20T02:43:09.913+0200: 559,454: Total time for which application threads were stopped: 0,0000523 seconds, Stopping threads took: 0,0000157 seconds
2017-04-20T02:43:09.914+0200: 559,454: Total time for which application threads were stopped: 0,0000979 seconds, Stopping threads took: 0,0000265 seconds
2017-04-20T02:43:09.914+0200: 559,454: Total time for which application threads were stopped: 0,0000472 seconds, Stopping threads took: 0,0000122 seconds
2017-04-20T02:43:09.914+0200: 559,455: Total time for which application threads were stopped: 0,0000540 seconds, Stopping threads took: 0,0000154 seconds
2017-04-20T02:43:09.914+0200: 559,455: Total time for which application threads were stopped: 0,0000437 seconds, Stopping threads took: 0,0000116 seconds
2017-04-20T02:43:09.915+0200: 559,456: Total time for which application threads were stopped: 0,0000905 seconds, Stopping threads took: 0,0000254 seconds
2017-04-20T02:43:09.915+0200: 559,456: Total time for which application threads were stopped: 0,0000559 seconds, Stopping threads took: 0,0000151 seconds
2017-04-20T02:43:09.918+0200: 559,459: Total time for which application threads were stopped: 0,0000909 seconds, Stopping threads took: 0,0000248 seconds
2017-04-20T02:43:09.926+0200: 559,466: Total time for which application threads were stopped: 0,0001026 seconds, Stopping threads took: 0,0000295 seconds
2017-04-20T02:43:09.926+0200: 559,467: Total time for which application threads were stopped: 0,0000594 seconds, Stopping threads took: 0,0000149 seconds
2017-04-20T02:43:09.927+0200: 559,467: Total time for which application threads were stopped: 0,0001239 seconds, Stopping threads took: 0,0000235 seconds
Heap
 par new generation   total 109248K, used 31553K [0x00000000e0000000, 0x00000000e8000000, 0x00000000e8000000)
  eden space 87424K,  19% used [0x00000000e0000000, 0x00000000e10644a8, 0x00000000e5560000)
  from space 21824K,  67% used [0x00000000e5560000, 0x00000000e63cc2d8, 0x00000000e6ab0000)
  to   space 21824K,   0% used [0x00000000e6ab0000, 0x00000000e6ab0000, 0x00000000e8000000)
 concurrent mark-sweep generation total 393216K, used 6884K [0x00000000e8000000, 0x0000000100000000, 0x0000000100000000)
 Metaspace       used 28148K, capacity 28665K, committed 29052K, reserved 1075200K
  class space    used 3230K, capacity 3400K, committed 3452K, reserved 1048576K
