OpenJDK 64-Bit Server VM (25.121-b13) for linux-amd64 JRE (1.8.0_121-8u121-b13-0ubuntu1.16.04.2-b13), built on Jan 23 2017 15:51:29 by "buildd" with gcc 5.4.0 20160609
Memory: 4k page, physical 7867800k(7540532k free), swap 8076284k(8076284k free)
CommandLine flags: -XX:CMSInitiatingOccupancyFraction=50 -XX:CMSMaxAbortablePrecleanTime=6000 -XX:+CMSParallelRemarkEnabled -XX:+CMSScavengeBeforeRemark -XX:ConcGCThreads=4 -XX:InitialHeapSize=536870912 -XX:MaxHeapSize=536870912 -XX:MaxTenuringThreshold=8 -XX:NewRatio=3 -XX:OldPLABSize=16 -XX:OnOutOfMemoryError=/opt/solr/bin/oom_solr.sh 8983 /var/solr/logs -XX:ParallelGCThreads=4 -XX:+ParallelRefProcEnabled -XX:PretenureSizeThreshold=67108864 -XX:+PrintGC -XX:+PrintGCApplicationStoppedTime -XX:+PrintGCDateStamps -XX:+PrintGCDetails -XX:+PrintGCTimeStamps -XX:+PrintHeapAtGC -XX:+PrintTenuringDistribution -XX:SurvivorRatio=4 -XX:TargetSurvivorRatio=90 -XX:ThreadStackSize=256 -XX:+UseCMSInitiatingOccupancyOnly -XX:+UseCompressedClassPointers -XX:+UseCompressedOops -XX:+UseConcMarkSweepGC -XX:+UseParNewGC 
2017-02-10T09:02:48.610+0100: 0,129: Total time for which application threads were stopped: 0,0000749 seconds, Stopping threads took: 0,0000217 seconds
2017-02-10T09:02:48.672+0100: 0,192: Total time for which application threads were stopped: 0,0001110 seconds, Stopping threads took: 0,0000244 seconds
2017-02-10T09:02:48.685+0100: 0,204: Total time for which application threads were stopped: 0,0000947 seconds, Stopping threads took: 0,0000139 seconds
2017-02-10T09:02:48.805+0100: 0,325: Total time for which application threads were stopped: 0,0001299 seconds, Stopping threads took: 0,0000151 seconds
2017-02-10T09:02:48.946+0100: 0,466: Total time for which application threads were stopped: 0,0001195 seconds, Stopping threads took: 0,0000102 seconds
2017-02-10T09:02:48.990+0100: 0,510: Total time for which application threads were stopped: 0,0001760 seconds, Stopping threads took: 0,0000196 seconds
2017-02-10T09:02:49.006+0100: 0,525: Total time for which application threads were stopped: 0,0001461 seconds, Stopping threads took: 0,0000179 seconds
2017-02-10T09:02:49.192+0100: 0,712: Total time for which application threads were stopped: 0,0002066 seconds, Stopping threads took: 0,0000185 seconds
2017-02-10T09:02:49.694+0100: 1,214: Total time for which application threads were stopped: 0,0001971 seconds, Stopping threads took: 0,0000196 seconds
2017-02-10T09:02:49.714+0100: 1,234: Total time for which application threads were stopped: 0,0002421 seconds, Stopping threads took: 0,0000334 seconds
2017-02-10T09:02:49.743+0100: 1,263: Total time for which application threads were stopped: 0,0001899 seconds, Stopping threads took: 0,0000191 seconds
2017-02-10T09:02:49.744+0100: 1,264: Total time for which application threads were stopped: 0,0001422 seconds, Stopping threads took: 0,0000119 seconds
2017-02-10T09:02:49.756+0100: 1,276: Total time for which application threads were stopped: 0,0001751 seconds, Stopping threads took: 0,0000162 seconds
2017-02-10T09:02:49.826+0100: 1,346: Total time for which application threads were stopped: 0,0002561 seconds, Stopping threads took: 0,0000210 seconds
2017-02-10T09:02:50.006+0100: 1,526: Total time for which application threads were stopped: 0,0003991 seconds, Stopping threads took: 0,0001620 seconds
{Heap before GC invocations=0 (full 0):
 par new generation   total 109248K, used 87424K [0x00000000e0000000, 0x00000000e8000000, 0x00000000e8000000)
  eden space 87424K, 100% used [0x00000000e0000000, 0x00000000e5560000, 0x00000000e5560000)
  from space 21824K,   0% used [0x00000000e5560000, 0x00000000e5560000, 0x00000000e6ab0000)
  to   space 21824K,   0% used [0x00000000e6ab0000, 0x00000000e6ab0000, 0x00000000e8000000)
 concurrent mark-sweep generation total 393216K, used 0K [0x00000000e8000000, 0x0000000100000000, 0x0000000100000000)
 Metaspace       used 17791K, capacity 18112K, committed 18304K, reserved 1064960K
  class space    used 2024K, capacity 2164K, committed 2176K, reserved 1048576K
2017-02-10T09:02:50.040+0100: 1,560: [GC (Allocation Failure) 2017-02-10T09:02:50.040+0100: 1,560: [ParNew
Desired survivor size 20112992 bytes, new threshold 8 (max 8)
- age   1:   11483280 bytes,   11483280 total
: 87424K->11321K(109248K), 0,0277694 secs] 87424K->11321K(502464K), 0,0278561 secs] [Times: user=0,06 sys=0,01, real=0,03 secs] 
Heap after GC invocations=1 (full 0):
 par new generation   total 109248K, used 11321K [0x00000000e0000000, 0x00000000e8000000, 0x00000000e8000000)
  eden space 87424K,   0% used [0x00000000e0000000, 0x00000000e0000000, 0x00000000e5560000)
  from space 21824K,  51% used [0x00000000e6ab0000, 0x00000000e75be4f0, 0x00000000e8000000)
  to   space 21824K,   0% used [0x00000000e5560000, 0x00000000e5560000, 0x00000000e6ab0000)
 concurrent mark-sweep generation total 393216K, used 0K [0x00000000e8000000, 0x0000000100000000, 0x0000000100000000)
 Metaspace       used 17791K, capacity 18112K, committed 18304K, reserved 1064960K
  class space    used 2024K, capacity 2164K, committed 2176K, reserved 1048576K
}
2017-02-10T09:02:50.068+0100: 1,588: Total time for which application threads were stopped: 0,0281690 seconds, Stopping threads took: 0,0001220 seconds
2017-02-10T09:02:50.952+0100: 2,472: Total time for which application threads were stopped: 0,0004043 seconds, Stopping threads took: 0,0000496 seconds
{Heap before GC invocations=1 (full 0):
 par new generation   total 109248K, used 98745K [0x00000000e0000000, 0x00000000e8000000, 0x00000000e8000000)
  eden space 87424K, 100% used [0x00000000e0000000, 0x00000000e5560000, 0x00000000e5560000)
  from space 21824K,  51% used [0x00000000e6ab0000, 0x00000000e75be4f0, 0x00000000e8000000)
  to   space 21824K,   0% used [0x00000000e5560000, 0x00000000e5560000, 0x00000000e6ab0000)
 concurrent mark-sweep generation total 393216K, used 0K [0x00000000e8000000, 0x0000000100000000, 0x0000000100000000)
 Metaspace       used 20032K, capacity 20362K, committed 20736K, reserved 1067008K
  class space    used 2294K, capacity 2469K, committed 2560K, reserved 1048576K
2017-02-10T09:02:50.995+0100: 2,515: [GC (Allocation Failure) 2017-02-10T09:02:50.995+0100: 2,515: [ParNew
Desired survivor size 20112992 bytes, new threshold 8 (max 8)
- age   1:    4375376 bytes,    4375376 total
- age   2:    6050288 bytes,   10425664 total
: 98745K->12706K(109248K), 0,0192441 secs] 98745K->12706K(502464K), 0,0193001 secs] [Times: user=0,04 sys=0,00, real=0,02 secs] 
Heap after GC invocations=2 (full 0):
 par new generation   total 109248K, used 12706K [0x00000000e0000000, 0x00000000e8000000, 0x00000000e8000000)
  eden space 87424K,   0% used [0x00000000e0000000, 0x00000000e0000000, 0x00000000e5560000)
  from space 21824K,  58% used [0x00000000e5560000, 0x00000000e61c8978, 0x00000000e6ab0000)
  to   space 21824K,   0% used [0x00000000e6ab0000, 0x00000000e6ab0000, 0x00000000e8000000)
 concurrent mark-sweep generation total 393216K, used 0K [0x00000000e8000000, 0x0000000100000000, 0x0000000100000000)
 Metaspace       used 20032K, capacity 20362K, committed 20736K, reserved 1067008K
  class space    used 2294K, capacity 2469K, committed 2560K, reserved 1048576K
}
2017-02-10T09:02:51.014+0100: 2,534: Total time for which application threads were stopped: 0,0201174 seconds, Stopping threads took: 0,0006800 seconds
2017-02-10T09:02:51.032+0100: 2,552: Total time for which application threads were stopped: 0,0004149 seconds, Stopping threads took: 0,0000340 seconds
2017-02-10T09:02:51.084+0100: 2,603: Total time for which application threads were stopped: 0,0018832 seconds, Stopping threads took: 0,0015193 seconds
2017-02-10T09:02:51.334+0100: 2,854: Total time for which application threads were stopped: 0,0001686 seconds, Stopping threads took: 0,0000376 seconds
{Heap before GC invocations=2 (full 0):
 par new generation   total 109248K, used 100130K [0x00000000e0000000, 0x00000000e8000000, 0x00000000e8000000)
  eden space 87424K, 100% used [0x00000000e0000000, 0x00000000e5560000, 0x00000000e5560000)
  from space 21824K,  58% used [0x00000000e5560000, 0x00000000e61c8978, 0x00000000e6ab0000)
  to   space 21824K,   0% used [0x00000000e6ab0000, 0x00000000e6ab0000, 0x00000000e8000000)
 concurrent mark-sweep generation total 393216K, used 0K [0x00000000e8000000, 0x0000000100000000, 0x0000000100000000)
 Metaspace       used 20966K, capacity 21290K, committed 21628K, reserved 1069056K
  class space    used 2417K, capacity 2589K, committed 2684K, reserved 1048576K
2017-02-10T09:02:51.381+0100: 2,901: [GC (Allocation Failure) 2017-02-10T09:02:51.381+0100: 2,901: [ParNew
Desired survivor size 20112992 bytes, new threshold 8 (max 8)
- age   1:    1986392 bytes,    1986392 total
- age   2:    1409672 bytes,    3396064 total
- age   3:    6049320 bytes,    9445384 total
: 100130K->11814K(109248K), 0,0189288 secs] 100130K->11814K(502464K), 0,0190046 secs] [Times: user=0,06 sys=0,00, real=0,02 secs] 
Heap after GC invocations=3 (full 0):
 par new generation   total 109248K, used 11814K [0x00000000e0000000, 0x00000000e8000000, 0x00000000e8000000)
  eden space 87424K,   0% used [0x00000000e0000000, 0x00000000e0000000, 0x00000000e5560000)
  from space 21824K,  54% used [0x00000000e6ab0000, 0x00000000e7639818, 0x00000000e8000000)
  to   space 21824K,   0% used [0x00000000e5560000, 0x00000000e5560000, 0x00000000e6ab0000)
 concurrent mark-sweep generation total 393216K, used 0K [0x00000000e8000000, 0x0000000100000000, 0x0000000100000000)
 Metaspace       used 20966K, capacity 21290K, committed 21628K, reserved 1069056K
  class space    used 2417K, capacity 2589K, committed 2684K, reserved 1048576K
}
2017-02-10T09:02:51.400+0100: 2,920: Total time for which application threads were stopped: 0,0192629 seconds, Stopping threads took: 0,0000700 seconds
2017-02-10T09:02:51.409+0100: 2,928: [GC (CMS Initial Mark) [1 CMS-initial-mark: 0K(393216K)] 16840K(502464K), 0,0092300 secs] [Times: user=0,03 sys=0,00, real=0,00 secs] 
2017-02-10T09:02:51.418+0100: 2,938: Total time for which application threads were stopped: 0,0123644 seconds, Stopping threads took: 0,0027914 seconds
2017-02-10T09:02:51.418+0100: 2,938: [CMS-concurrent-mark-start]
2017-02-10T09:02:51.419+0100: 2,939: [CMS-concurrent-mark: 0,001/0,001 secs] [Times: user=0,00 sys=0,00, real=0,01 secs] 
2017-02-10T09:02:51.419+0100: 2,939: [CMS-concurrent-preclean-start]
2017-02-10T09:02:51.420+0100: 2,940: [CMS-concurrent-preclean: 0,001/0,001 secs] [Times: user=0,00 sys=0,00, real=0,00 secs] 
2017-02-10T09:02:51.420+0100: 2,940: [CMS-concurrent-abortable-preclean-start]
2017-02-10T09:02:51.527+0100: 3,047: Total time for which application threads were stopped: 0,0003599 seconds, Stopping threads took: 0,0002056 seconds
{Heap before GC invocations=3 (full 1):
 par new generation   total 109248K, used 99238K [0x00000000e0000000, 0x00000000e8000000, 0x00000000e8000000)
  eden space 87424K, 100% used [0x00000000e0000000, 0x00000000e5560000, 0x00000000e5560000)
  from space 21824K,  54% used [0x00000000e6ab0000, 0x00000000e7639818, 0x00000000e8000000)
  to   space 21824K,   0% used [0x00000000e5560000, 0x00000000e5560000, 0x00000000e6ab0000)
 concurrent mark-sweep generation total 393216K, used 0K [0x00000000e8000000, 0x0000000100000000, 0x0000000100000000)
 Metaspace       used 21245K, capacity 21636K, committed 21884K, reserved 1069056K
  class space    used 2447K, capacity 2605K, committed 2684K, reserved 1048576K
2017-02-10T09:02:51.581+0100: 3,101: [GC (Allocation Failure) 2017-02-10T09:02:51.581+0100: 3,101: [ParNew
Desired survivor size 20112992 bytes, new threshold 8 (max 8)
- age   1:    1298880 bytes,    1298880 total
- age   2:    1488600 bytes,    2787480 total
- age   3:    1374800 bytes,    4162280 total
- age   4:    6048504 bytes,   10210784 total
: 99238K->16240K(109248K), 0,0158865 secs] 99238K->16240K(502464K), 0,0159552 secs] [Times: user=0,04 sys=0,01, real=0,01 secs] 
Heap after GC invocations=4 (full 1):
 par new generation   total 109248K, used 16240K [0x00000000e0000000, 0x00000000e8000000, 0x00000000e8000000)
  eden space 87424K,   0% used [0x00000000e0000000, 0x00000000e0000000, 0x00000000e5560000)
  from space 21824K,  74% used [0x00000000e5560000, 0x00000000e653c150, 0x00000000e6ab0000)
  to   space 21824K,   0% used [0x00000000e6ab0000, 0x00000000e6ab0000, 0x00000000e8000000)
 concurrent mark-sweep generation total 393216K, used 0K [0x00000000e8000000, 0x0000000100000000, 0x0000000100000000)
 Metaspace       used 21245K, capacity 21636K, committed 21884K, reserved 1069056K
  class space    used 2447K, capacity 2605K, committed 2684K, reserved 1048576K
}
2017-02-10T09:02:51.597+0100: 3,117: Total time for which application threads were stopped: 0,0161901 seconds, Stopping threads took: 0,0000791 seconds
2017-02-10T09:02:51.597+0100: 3,117: [CMS-concurrent-abortable-preclean: 0,108/0,178 secs] [Times: user=0,62 sys=0,01, real=0,17 secs] 
2017-02-10T09:02:51.607+0100: 3,127: [GC (CMS Final Remark) [YG occupancy: 22887 K (109248 K)]{Heap before GC invocations=4 (full 1):
 par new generation   total 109248K, used 22887K [0x00000000e0000000, 0x00000000e8000000, 0x00000000e8000000)
  eden space 87424K,   7% used [0x00000000e0000000, 0x00000000e067daf8, 0x00000000e5560000)
  from space 21824K,  74% used [0x00000000e5560000, 0x00000000e653c150, 0x00000000e6ab0000)
  to   space 21824K,   0% used [0x00000000e6ab0000, 0x00000000e6ab0000, 0x00000000e8000000)
 concurrent mark-sweep generation total 393216K, used 0K [0x00000000e8000000, 0x0000000100000000, 0x0000000100000000)
 Metaspace       used 21253K, capacity 21636K, committed 21884K, reserved 1069056K
  class space    used 2449K, capacity 2605K, committed 2684K, reserved 1048576K
2017-02-10T09:02:51.607+0100: 3,127: [GC (CMS Final Remark) 2017-02-10T09:02:51.607+0100: 3,127: [ParNew
Desired survivor size 20112992 bytes, new threshold 8 (max 8)
- age   1:     559712 bytes,     559712 total
- age   2:     267440 bytes,     827152 total
- age   3:    1488600 bytes,    2315752 total
- age   4:    1374800 bytes,    3690552 total
- age   5:    6048728 bytes,    9739280 total
: 22887K->12032K(109248K), 0,0151646 secs] 22887K->12032K(502464K), 0,0152068 secs] [Times: user=0,06 sys=0,00, real=0,01 secs] 
Heap after GC invocations=5 (full 1):
 par new generation   total 109248K, used 12032K [0x00000000e0000000, 0x00000000e8000000, 0x00000000e8000000)
  eden space 87424K,   0% used [0x00000000e0000000, 0x00000000e0000000, 0x00000000e5560000)
  from space 21824K,  55% used [0x00000000e6ab0000, 0x00000000e7670110, 0x00000000e8000000)
  to   space 21824K,   0% used [0x00000000e5560000, 0x00000000e5560000, 0x00000000e6ab0000)
 concurrent mark-sweep generation total 393216K, used 0K [0x00000000e8000000, 0x0000000100000000, 0x0000000100000000)
 Metaspace       used 21253K, capacity 21636K, committed 21884K, reserved 1069056K
  class space    used 2449K, capacity 2605K, committed 2684K, reserved 1048576K
}
2017-02-10T09:02:51.622+0100: 3,142: [Rescan (parallel) , 0,0033813 secs]2017-02-10T09:02:51.625+0100: 3,145: [weak refs processing, 0,0020719 secs]2017-02-10T09:02:51.628+0100: 3,148: [class unloading, 0,0069820 secs]2017-02-10T09:02:51.635+0100: 3,154: [scrub symbol table, 0,0025397 secs]2017-02-10T09:02:51.637+0100: 3,157: [scrub string table, 0,0003668 secs][1 CMS-remark: 0K(393216K)] 12032K(502464K), 0,0313704 secs] [Times: user=0,08 sys=0,00, real=0,02 secs] 
2017-02-10T09:02:51.638+0100: 3,158: Total time for which application threads were stopped: 0,0316788 seconds, Stopping threads took: 0,0002291 seconds
2017-02-10T09:02:51.639+0100: 3,159: [CMS-concurrent-sweep-start]
2017-02-10T09:02:51.639+0100: 3,159: [CMS-concurrent-sweep: 0,000/0,000 secs] [Times: user=0,00 sys=0,00, real=0,00 secs] 
2017-02-10T09:02:51.639+0100: 3,159: [CMS-concurrent-reset-start]
2017-02-10T09:02:51.641+0100: 3,161: [CMS-concurrent-reset: 0,003/0,003 secs] [Times: user=0,02 sys=0,00, real=0,00 secs] 
{Heap before GC invocations=5 (full 1):
 par new generation   total 109248K, used 99456K [0x00000000e0000000, 0x00000000e8000000, 0x00000000e8000000)
  eden space 87424K, 100% used [0x00000000e0000000, 0x00000000e5560000, 0x00000000e5560000)
  from space 21824K,  55% used [0x00000000e6ab0000, 0x00000000e7670110, 0x00000000e8000000)
  to   space 21824K,   0% used [0x00000000e5560000, 0x00000000e5560000, 0x00000000e6ab0000)
 concurrent mark-sweep generation total 393216K, used 0K [0x00000000e8000000, 0x0000000100000000, 0x0000000100000000)
 Metaspace       used 21416K, capacity 21802K, committed 21884K, reserved 1069056K
  class space    used 2473K, capacity 2638K, committed 2684K, reserved 1048576K
2017-02-10T09:02:51.734+0100: 3,254: [GC (Allocation Failure) 2017-02-10T09:02:51.734+0100: 3,254: [ParNew
Desired survivor size 20112992 bytes, new threshold 8 (max 8)
- age   1:     623424 bytes,     623424 total
- age   2:      10456 bytes,     633880 total
- age   3:     177032 bytes,     810912 total
- age   4:    1488184 bytes,    2299096 total
- age   5:    1374688 bytes,    3673784 total
- age   6:    6048736 bytes,    9722520 total
: 99456K->14588K(109248K), 0,0093953 secs] 99456K->14588K(502464K), 0,0094686 secs] [Times: user=0,04 sys=0,00, real=0,01 secs] 
Heap after GC invocations=6 (full 1):
 par new generation   total 109248K, used 14588K [0x00000000e0000000, 0x00000000e8000000, 0x00000000e8000000)
  eden space 87424K,   0% used [0x00000000e0000000, 0x00000000e0000000, 0x00000000e5560000)
  from space 21824K,  66% used [0x00000000e5560000, 0x00000000e639f268, 0x00000000e6ab0000)
  to   space 21824K,   0% used [0x00000000e6ab0000, 0x00000000e6ab0000, 0x00000000e8000000)
 concurrent mark-sweep generation total 393216K, used 0K [0x00000000e8000000, 0x0000000100000000, 0x0000000100000000)
 Metaspace       used 21416K, capacity 21802K, committed 21884K, reserved 1069056K
  class space    used 2473K, capacity 2638K, committed 2684K, reserved 1048576K
}
2017-02-10T09:02:51.744+0100: 3,264: Total time for which application threads were stopped: 0,0116341 seconds, Stopping threads took: 0,0020312 seconds
2017-02-10T09:02:51.771+0100: 3,290: Total time for which application threads were stopped: 0,0021691 seconds, Stopping threads took: 0,0018663 seconds
2017-02-10T09:02:51.965+0100: 3,485: Total time for which application threads were stopped: 0,0005817 seconds, Stopping threads took: 0,0000370 seconds
2017-02-10T09:02:51.989+0100: 3,508: Total time for which application threads were stopped: 0,0004297 seconds, Stopping threads took: 0,0000339 seconds
2017-02-10T09:02:52.529+0100: 4,049: Total time for which application threads were stopped: 0,0002916 seconds, Stopping threads took: 0,0000172 seconds
2017-02-10T09:03:20.533+0100: 32,053: Total time for which application threads were stopped: 0,0000759 seconds, Stopping threads took: 0,0000172 seconds
2017-02-10T09:03:48.412+0100: 61,056: Total time for which application threads were stopped: 0,0001591 seconds, Stopping threads took: 0,0000647 seconds
2017-02-10T09:05:48.429+0100: 181,074: Total time for which application threads were stopped: 0,0001024 seconds, Stopping threads took: 0,0000446 seconds
2017-02-10T09:07:23.442+0100: 276,087: Total time for which application threads were stopped: 0,0000899 seconds, Stopping threads took: 0,0000363 seconds
2017-02-10T09:07:44.445+0100: 297,089: Total time for which application threads were stopped: 0,0000902 seconds, Stopping threads took: 0,0000368 seconds
2017-02-10T09:10:18.464+0100: 451,109: Total time for which application threads were stopped: 0,0000759 seconds, Stopping threads took: 0,0000317 seconds
2017-02-10T09:22:50.925+0100: 1203,569: Total time for which application threads were stopped: 0,0001670 seconds, Stopping threads took: 0,0000459 seconds
2017-02-10T09:22:50.925+0100: 1203,569: Total time for which application threads were stopped: 0,0000763 seconds, Stopping threads took: 0,0000156 seconds
2017-02-10T09:22:50.927+0100: 1203,571: Total time for which application threads were stopped: 0,0000996 seconds, Stopping threads took: 0,0000174 seconds
2017-02-10T09:22:50.928+0100: 1203,572: Total time for which application threads were stopped: 0,0000789 seconds, Stopping threads took: 0,0000215 seconds
2017-02-10T09:22:50.928+0100: 1203,572: Total time for which application threads were stopped: 0,0000481 seconds, Stopping threads took: 0,0000108 seconds
2017-02-10T09:22:50.928+0100: 1203,572: Total time for which application threads were stopped: 0,0000498 seconds, Stopping threads took: 0,0000147 seconds
2017-02-10T09:22:50.929+0100: 1203,573: Total time for which application threads were stopped: 0,0001389 seconds, Stopping threads took: 0,0000201 seconds
2017-02-10T09:22:50.934+0100: 1203,579: Total time for which application threads were stopped: 0,0000879 seconds, Stopping threads took: 0,0000198 seconds
2017-02-10T09:22:50.935+0100: 1203,579: Total time for which application threads were stopped: 0,0000808 seconds, Stopping threads took: 0,0000129 seconds
2017-02-10T09:22:50.941+0100: 1203,585: Total time for which application threads were stopped: 0,0012071 seconds, Stopping threads took: 0,0006868 seconds
2017-02-10T09:22:50.945+0100: 1203,589: Total time for which application threads were stopped: 0,0002591 seconds, Stopping threads took: 0,0000773 seconds
2017-02-10T09:22:50.946+0100: 1203,590: Total time for which application threads were stopped: 0,0001498 seconds, Stopping threads took: 0,0000295 seconds
2017-02-10T09:22:50.948+0100: 1203,592: Total time for which application threads were stopped: 0,0001004 seconds, Stopping threads took: 0,0000328 seconds
2017-02-10T09:22:50.951+0100: 1203,595: Total time for which application threads were stopped: 0,0001196 seconds, Stopping threads took: 0,0000431 seconds
2017-02-10T09:22:50.952+0100: 1203,596: Total time for which application threads were stopped: 0,0001281 seconds, Stopping threads took: 0,0000753 seconds
2017-02-10T09:22:50.959+0100: 1203,603: Total time for which application threads were stopped: 0,0000927 seconds, Stopping threads took: 0,0000183 seconds
2017-02-10T09:22:50.959+0100: 1203,603: Total time for which application threads were stopped: 0,0000530 seconds, Stopping threads took: 0,0000169 seconds
2017-02-10T09:22:50.962+0100: 1203,606: Total time for which application threads were stopped: 0,0003931 seconds, Stopping threads took: 0,0003110 seconds
2017-02-10T09:22:50.967+0100: 1203,612: Total time for which application threads were stopped: 0,0001261 seconds, Stopping threads took: 0,0000431 seconds
2017-02-10T09:22:50.969+0100: 1203,613: Total time for which application threads were stopped: 0,0001211 seconds, Stopping threads took: 0,0000381 seconds
2017-02-10T09:22:50.973+0100: 1203,617: Total time for which application threads were stopped: 0,0010846 seconds, Stopping threads took: 0,0006769 seconds
2017-02-10T09:22:50.982+0100: 1203,626: Total time for which application threads were stopped: 0,0046284 seconds, Stopping threads took: 0,0043141 seconds
2017-02-10T09:22:50.984+0100: 1203,628: Total time for which application threads were stopped: 0,0001281 seconds, Stopping threads took: 0,0000516 seconds
2017-02-10T09:22:50.984+0100: 1203,629: Total time for which application threads were stopped: 0,0001013 seconds, Stopping threads took: 0,0000370 seconds
2017-02-10T09:22:50.993+0100: 1203,637: Total time for which application threads were stopped: 0,0003202 seconds, Stopping threads took: 0,0002502 seconds
2017-02-10T09:22:50.999+0100: 1203,643: Total time for which application threads were stopped: 0,0001378 seconds, Stopping threads took: 0,0000541 seconds
2017-02-10T09:22:51.000+0100: 1203,644: Total time for which application threads were stopped: 0,0001040 seconds, Stopping threads took: 0,0000190 seconds
2017-02-10T09:22:51.000+0100: 1203,644: Total time for which application threads were stopped: 0,0000776 seconds, Stopping threads took: 0,0000251 seconds
2017-02-10T09:22:51.062+0100: 1203,707: Total time for which application threads were stopped: 0,0001728 seconds, Stopping threads took: 0,0000244 seconds
2017-02-10T09:22:51.070+0100: 1203,715: Total time for which application threads were stopped: 0,0001163 seconds, Stopping threads took: 0,0000277 seconds
2017-02-10T09:22:51.080+0100: 1203,724: Total time for which application threads were stopped: 0,0004810 seconds, Stopping threads took: 0,0003976 seconds
2017-02-10T09:22:51.109+0100: 1203,753: Total time for which application threads were stopped: 0,0001165 seconds, Stopping threads took: 0,0000294 seconds
2017-02-10T09:22:51.114+0100: 1203,758: Total time for which application threads were stopped: 0,0036449 seconds, Stopping threads took: 0,0035638 seconds
2017-02-10T09:22:51.114+0100: 1203,758: Total time for which application threads were stopped: 0,0000733 seconds, Stopping threads took: 0,0000343 seconds
2017-02-10T09:22:51.120+0100: 1203,764: Total time for which application threads were stopped: 0,0001150 seconds, Stopping threads took: 0,0000505 seconds
2017-02-10T09:22:51.138+0100: 1203,782: Total time for which application threads were stopped: 0,0010008 seconds, Stopping threads took: 0,0009338 seconds
2017-02-10T09:22:51.138+0100: 1203,783: Total time for which application threads were stopped: 0,0000764 seconds, Stopping threads took: 0,0000222 seconds
2017-02-10T09:22:51.139+0100: 1203,783: Total time for which application threads were stopped: 0,0000687 seconds, Stopping threads took: 0,0000228 seconds
2017-02-10T09:22:51.141+0100: 1203,786: Total time for which application threads were stopped: 0,0009008 seconds, Stopping threads took: 0,0006185 seconds
2017-02-10T09:22:51.153+0100: 1203,797: Total time for which application threads were stopped: 0,0004233 seconds, Stopping threads took: 0,0003163 seconds
2017-02-10T09:22:51.278+0100: 1203,923: Total time for which application threads were stopped: 0,0001240 seconds, Stopping threads took: 0,0000406 seconds
2017-02-10T09:22:51.280+0100: 1203,924: Total time for which application threads were stopped: 0,0001084 seconds, Stopping threads took: 0,0000257 seconds
2017-02-10T09:22:51.319+0100: 1203,963: Total time for which application threads were stopped: 0,0001666 seconds, Stopping threads took: 0,0000500 seconds
2017-02-10T09:22:51.319+0100: 1203,963: Total time for which application threads were stopped: 0,0000639 seconds, Stopping threads took: 0,0000109 seconds
2017-02-10T09:22:51.319+0100: 1203,963: Total time for which application threads were stopped: 0,0000436 seconds, Stopping threads took: 0,0000076 seconds
2017-02-10T09:22:51.319+0100: 1203,963: Total time for which application threads were stopped: 0,0000646 seconds, Stopping threads took: 0,0000134 seconds
2017-02-10T09:22:51.319+0100: 1203,963: Total time for which application threads were stopped: 0,0000615 seconds, Stopping threads took: 0,0000094 seconds
2017-02-10T09:22:51.319+0100: 1203,964: Total time for which application threads were stopped: 0,0000446 seconds, Stopping threads took: 0,0000053 seconds
2017-02-10T09:22:51.319+0100: 1203,964: Total time for which application threads were stopped: 0,0000397 seconds, Stopping threads took: 0,0000050 seconds
2017-02-10T09:22:51.319+0100: 1203,964: Total time for which application threads were stopped: 0,0000369 seconds, Stopping threads took: 0,0000049 seconds
2017-02-10T09:22:51.319+0100: 1203,964: Total time for which application threads were stopped: 0,0000368 seconds, Stopping threads took: 0,0000048 seconds
2017-02-10T09:22:51.320+0100: 1203,964: Total time for which application threads were stopped: 0,0000381 seconds, Stopping threads took: 0,0000061 seconds
2017-02-10T09:22:51.322+0100: 1203,966: Total time for which application threads were stopped: 0,0001583 seconds, Stopping threads took: 0,0000445 seconds
2017-02-10T09:22:51.322+0100: 1203,966: Total time for which application threads were stopped: 0,0000378 seconds, Stopping threads took: 0,0000075 seconds
2017-02-10T09:22:51.322+0100: 1203,966: Total time for which application threads were stopped: 0,0000442 seconds, Stopping threads took: 0,0000071 seconds
2017-02-10T09:22:51.322+0100: 1203,966: Total time for which application threads were stopped: 0,0000386 seconds, Stopping threads took: 0,0000056 seconds
2017-02-10T09:22:51.322+0100: 1203,966: Total time for which application threads were stopped: 0,0000279 seconds, Stopping threads took: 0,0000049 seconds
2017-02-10T09:22:51.322+0100: 1203,966: Total time for which application threads were stopped: 0,0001226 seconds, Stopping threads took: 0,0000060 seconds
2017-02-10T09:22:51.874+0100: 1204,519: Total time for which application threads were stopped: 0,0005531 seconds, Stopping threads took: 0,0000262 seconds
2017-02-10T09:22:51.878+0100: 1204,522: Total time for which application threads were stopped: 0,0001288 seconds, Stopping threads took: 0,0000258 seconds
2017-02-10T09:22:51.878+0100: 1204,522: Total time for which application threads were stopped: 0,0000586 seconds, Stopping threads took: 0,0000084 seconds
2017-02-10T09:22:51.883+0100: 1204,527: Total time for which application threads were stopped: 0,0001127 seconds, Stopping threads took: 0,0000253 seconds
2017-02-10T09:22:51.883+0100: 1204,528: Total time for which application threads were stopped: 0,0000746 seconds, Stopping threads took: 0,0000128 seconds
2017-02-10T09:22:51.894+0100: 1204,538: Total time for which application threads were stopped: 0,0001373 seconds, Stopping threads took: 0,0000361 seconds
2017-02-10T09:22:51.932+0100: 1204,576: Total time for which application threads were stopped: 0,0000809 seconds, Stopping threads took: 0,0000213 seconds
2017-02-10T09:22:51.932+0100: 1204,576: Total time for which application threads were stopped: 0,0000341 seconds, Stopping threads took: 0,0000096 seconds
2017-02-10T09:22:51.932+0100: 1204,576: Total time for which application threads were stopped: 0,0000322 seconds, Stopping threads took: 0,0000075 seconds
2017-02-10T09:22:51.932+0100: 1204,576: Total time for which application threads were stopped: 0,0000383 seconds, Stopping threads took: 0,0000132 seconds
2017-02-10T09:22:51.932+0100: 1204,576: Total time for which application threads were stopped: 0,0000294 seconds, Stopping threads took: 0,0000101 seconds
2017-02-10T09:22:51.933+0100: 1204,577: Total time for which application threads were stopped: 0,0000682 seconds, Stopping threads took: 0,0000307 seconds
2017-02-10T09:22:51.933+0100: 1204,577: Total time for which application threads were stopped: 0,0000583 seconds, Stopping threads took: 0,0000356 seconds
2017-02-10T09:22:51.933+0100: 1204,577: Total time for which application threads were stopped: 0,0000279 seconds, Stopping threads took: 0,0000079 seconds
2017-02-10T09:22:51.933+0100: 1204,577: Total time for which application threads were stopped: 0,0000287 seconds, Stopping threads took: 0,0000079 seconds
2017-02-10T09:22:51.933+0100: 1204,577: Total time for which application threads were stopped: 0,0000289 seconds, Stopping threads took: 0,0000079 seconds
2017-02-10T09:22:51.933+0100: 1204,577: Total time for which application threads were stopped: 0,0000272 seconds, Stopping threads took: 0,0000073 seconds
2017-02-10T09:22:51.933+0100: 1204,577: Total time for which application threads were stopped: 0,0000274 seconds, Stopping threads took: 0,0000075 seconds
2017-02-10T09:22:51.933+0100: 1204,577: Total time for which application threads were stopped: 0,0000281 seconds, Stopping threads took: 0,0000077 seconds
2017-02-10T09:22:51.934+0100: 1204,578: Total time for which application threads were stopped: 0,0000729 seconds, Stopping threads took: 0,0000305 seconds
2017-02-10T09:22:51.934+0100: 1204,578: Total time for which application threads were stopped: 0,0000390 seconds, Stopping threads took: 0,0000156 seconds
2017-02-10T09:22:51.936+0100: 1204,580: Total time for which application threads were stopped: 0,0000824 seconds, Stopping threads took: 0,0000216 seconds
2017-02-10T09:22:51.936+0100: 1204,580: Total time for which application threads were stopped: 0,0000700 seconds, Stopping threads took: 0,0000215 seconds
2017-02-10T09:22:51.938+0100: 1204,582: Total time for which application threads were stopped: 0,0001963 seconds, Stopping threads took: 0,0001171 seconds
2017-02-10T09:22:51.942+0100: 1204,586: Total time for which application threads were stopped: 0,0036538 seconds, Stopping threads took: 0,0035627 seconds
2017-02-10T09:22:52.942+0100: 1205,586: Total time for which application threads were stopped: 0,0000704 seconds, Stopping threads took: 0,0000147 seconds
2017-02-10T09:23:14.941+0100: 1227,585: Total time for which application threads were stopped: 0,0001214 seconds, Stopping threads took: 0,0000409 seconds
Heap
 par new generation   total 109248K, used 81746K [0x00000000e0000000, 0x00000000e8000000, 0x00000000e8000000)
  eden space 87424K,  76% used [0x00000000e0000000, 0x00000000e41956a0, 0x00000000e5560000)
  from space 21824K,  66% used [0x00000000e5560000, 0x00000000e639f268, 0x00000000e6ab0000)
  to   space 21824K,   0% used [0x00000000e6ab0000, 0x00000000e6ab0000, 0x00000000e8000000)
 concurrent mark-sweep generation total 393216K, used 0K [0x00000000e8000000, 0x0000000100000000, 0x0000000100000000)
 Metaspace       used 25362K, capacity 25772K, committed 25980K, reserved 1073152K
  class space    used 2926K, capacity 3101K, committed 3196K, reserved 1048576K
