OpenJDK 64-Bit Server VM (25.111-b14) for linux-amd64 JRE (1.8.0_111-8u111-b14-2ubuntu0.16.04.2-b14), built on Oct 27 2016 18:10:19 by "buildd" with gcc 5.4.0 20160609
Memory: 4k page, physical 7867800k(7505008k free), swap 8076284k(8076284k free)
CommandLine flags: -XX:CMSInitiatingOccupancyFraction=50 -XX:CMSMaxAbortablePrecleanTime=6000 -XX:+CMSParallelRemarkEnabled -XX:+CMSScavengeBeforeRemark -XX:ConcGCThreads=4 -XX:InitialHeapSize=536870912 -XX:MaxHeapSize=536870912 -XX:MaxTenuringThreshold=8 -XX:NewRatio=3 -XX:OldPLABSize=16 -XX:OnOutOfMemoryError=/opt/solr/bin/oom_solr.sh 8983 /var/solr/logs -XX:ParallelGCThreads=4 -XX:+ParallelRefProcEnabled -XX:PretenureSizeThreshold=67108864 -XX:+PrintGC -XX:+PrintGCApplicationStoppedTime -XX:+PrintGCDateStamps -XX:+PrintGCDetails -XX:+PrintGCTimeStamps -XX:+PrintHeapAtGC -XX:+PrintTenuringDistribution -XX:SurvivorRatio=4 -XX:TargetSurvivorRatio=90 -XX:ThreadStackSize=256 -XX:+UseCMSInitiatingOccupancyOnly -XX:+UseCompressedClassPointers -XX:+UseCompressedOops -XX:+UseConcMarkSweepGC -XX:+UseParNewGC 
2017-01-30T08:59:19.733+0100: 0,135: Total time for which application threads were stopped: 0,0000708 seconds, Stopping threads took: 0,0000143 seconds
2017-01-30T08:59:19.822+0100: 0,223: Total time for which application threads were stopped: 0,0001165 seconds, Stopping threads took: 0,0000189 seconds
2017-01-30T08:59:19.839+0100: 0,240: Total time for which application threads were stopped: 0,0000931 seconds, Stopping threads took: 0,0000129 seconds
2017-01-30T08:59:20.023+0100: 0,425: Total time for which application threads were stopped: 0,0001701 seconds, Stopping threads took: 0,0000129 seconds
2017-01-30T08:59:20.398+0100: 0,800: Total time for which application threads were stopped: 0,0001295 seconds, Stopping threads took: 0,0000121 seconds
2017-01-30T08:59:20.519+0100: 0,921: Total time for which application threads were stopped: 0,0001253 seconds, Stopping threads took: 0,0000114 seconds
2017-01-30T08:59:20.545+0100: 0,947: Total time for which application threads were stopped: 0,0001771 seconds, Stopping threads took: 0,0000253 seconds
2017-01-30T08:59:20.821+0100: 1,223: Total time for which application threads were stopped: 0,0002215 seconds, Stopping threads took: 0,0000203 seconds
2017-01-30T08:59:21.022+0100: 1,424: Total time for which application threads were stopped: 0,0003403 seconds, Stopping threads took: 0,0000291 seconds
2017-01-30T08:59:21.046+0100: 1,448: Total time for which application threads were stopped: 0,0002021 seconds, Stopping threads took: 0,0000227 seconds
2017-01-30T08:59:21.047+0100: 1,449: Total time for which application threads were stopped: 0,0001117 seconds, Stopping threads took: 0,0000194 seconds
2017-01-30T08:59:21.061+0100: 1,463: Total time for which application threads were stopped: 0,0001590 seconds, Stopping threads took: 0,0000186 seconds
2017-01-30T08:59:21.163+0100: 1,565: Total time for which application threads were stopped: 0,0002115 seconds, Stopping threads took: 0,0000243 seconds
2017-01-30T08:59:21.336+0100: 1,738: Total time for which application threads were stopped: 0,0003194 seconds, Stopping threads took: 0,0000949 seconds
2017-01-30T08:59:21.460+0100: 1,861: Total time for which application threads were stopped: 0,0001532 seconds, Stopping threads took: 0,0000214 seconds
{Heap before GC invocations=0 (full 0):
 par new generation   total 109248K, used 87551K [0x00000000e0000000, 0x00000000e8000000, 0x00000000e8000000)
  eden space 87424K, 100% used [0x00000000e0000000, 0x00000000e5560000, 0x00000000e5560000)
  from space 21824K,   0% used [0x00000000e5560000, 0x00000000e557fc10, 0x00000000e6ab0000)
  to   space 21824K,   0% used [0x00000000e6ab0000, 0x00000000e6ab0000, 0x00000000e8000000)
 concurrent mark-sweep generation total 393216K, used 0K [0x00000000e8000000, 0x0000000100000000, 0x0000000100000000)
 Metaspace       used 18031K, capacity 18302K, committed 18560K, reserved 1064960K
  class space    used 2046K, capacity 2162K, committed 2176K, reserved 1048576K
2017-01-30T08:59:21.460+0100: 1,861: [GC (GCLocker Initiated GC) 2017-01-30T08:59:21.460+0100: 1,861: [ParNew
Desired survivor size 20112992 bytes, new threshold 8 (max 8)
- age   1:   13166472 bytes,   13166472 total
: 87551K->12980K(109248K), 0,0158935 secs] 87551K->12980K(502464K), 0,0159946 secs] [Times: user=0,04 sys=0,02, real=0,02 secs] 
Heap after GC invocations=1 (full 0):
 par new generation   total 109248K, used 12980K [0x00000000e0000000, 0x00000000e8000000, 0x00000000e8000000)
  eden space 87424K,   0% used [0x00000000e0000000, 0x00000000e0000000, 0x00000000e5560000)
  from space 21824K,  59% used [0x00000000e6ab0000, 0x00000000e775d148, 0x00000000e8000000)
  to   space 21824K,   0% used [0x00000000e5560000, 0x00000000e5560000, 0x00000000e6ab0000)
 concurrent mark-sweep generation total 393216K, used 0K [0x00000000e8000000, 0x0000000100000000, 0x0000000100000000)
 Metaspace       used 18031K, capacity 18302K, committed 18560K, reserved 1064960K
  class space    used 2046K, capacity 2162K, committed 2176K, reserved 1048576K
}
2017-01-30T08:59:21.476+0100: 1,877: Total time for which application threads were stopped: 0,0161396 seconds, Stopping threads took: 0,0000219 seconds
2017-01-30T08:59:21.656+0100: 2,057: Total time for which application threads were stopped: 0,0002965 seconds, Stopping threads took: 0,0000329 seconds
2017-01-30T08:59:21.693+0100: 2,094: Total time for which application threads were stopped: 0,0003148 seconds, Stopping threads took: 0,0000567 seconds
2017-01-30T08:59:21.719+0100: 2,120: Total time for which application threads were stopped: 0,0003710 seconds, Stopping threads took: 0,0000513 seconds
{Heap before GC invocations=1 (full 0):
 par new generation   total 109248K, used 100404K [0x00000000e0000000, 0x00000000e8000000, 0x00000000e8000000)
  eden space 87424K, 100% used [0x00000000e0000000, 0x00000000e5560000, 0x00000000e5560000)
  from space 21824K,  59% used [0x00000000e6ab0000, 0x00000000e775d148, 0x00000000e8000000)
  to   space 21824K,   0% used [0x00000000e5560000, 0x00000000e5560000, 0x00000000e6ab0000)
 concurrent mark-sweep generation total 393216K, used 0K [0x00000000e8000000, 0x0000000100000000, 0x0000000100000000)
 Metaspace       used 20534K, capacity 20854K, committed 20992K, reserved 1067008K
  class space    used 2373K, capacity 2486K, committed 2560K, reserved 1048576K
2017-01-30T08:59:21.818+0100: 2,220: [GC (Allocation Failure) 2017-01-30T08:59:21.818+0100: 2,220: [ParNew
Desired survivor size 20112992 bytes, new threshold 8 (max 8)
- age   1:    3816504 bytes,    3816504 total
- age   2:    6656192 bytes,   10472696 total
: 100404K->16075K(109248K), 0,0100245 secs] 100404K->16075K(502464K), 0,0100840 secs] [Times: user=0,04 sys=0,00, real=0,01 secs] 
Heap after GC invocations=2 (full 0):
 par new generation   total 109248K, used 16075K [0x00000000e0000000, 0x00000000e8000000, 0x00000000e8000000)
  eden space 87424K,   0% used [0x00000000e0000000, 0x00000000e0000000, 0x00000000e5560000)
  from space 21824K,  73% used [0x00000000e5560000, 0x00000000e6512d00, 0x00000000e6ab0000)
  to   space 21824K,   0% used [0x00000000e6ab0000, 0x00000000e6ab0000, 0x00000000e8000000)
 concurrent mark-sweep generation total 393216K, used 0K [0x00000000e8000000, 0x0000000100000000, 0x0000000100000000)
 Metaspace       used 20534K, capacity 20854K, committed 20992K, reserved 1067008K
  class space    used 2373K, capacity 2486K, committed 2560K, reserved 1048576K
}
2017-01-30T08:59:21.829+0100: 2,230: Total time for which application threads were stopped: 0,0114273 seconds, Stopping threads took: 0,0011785 seconds
2017-01-30T08:59:21.873+0100: 2,275: Total time for which application threads were stopped: 0,0001481 seconds, Stopping threads took: 0,0000404 seconds
2017-01-30T08:59:21.901+0100: 2,303: Total time for which application threads were stopped: 0,0001485 seconds, Stopping threads took: 0,0000411 seconds
2017-01-30T08:59:21.902+0100: 2,303: Total time for which application threads were stopped: 0,0000825 seconds, Stopping threads took: 0,0000312 seconds
2017-01-30T08:59:21.938+0100: 2,340: Total time for which application threads were stopped: 0,0006871 seconds, Stopping threads took: 0,0006091 seconds
{Heap before GC invocations=2 (full 0):
 par new generation   total 109248K, used 103499K [0x00000000e0000000, 0x00000000e8000000, 0x00000000e8000000)
  eden space 87424K, 100% used [0x00000000e0000000, 0x00000000e5560000, 0x00000000e5560000)
  from space 21824K,  73% used [0x00000000e5560000, 0x00000000e6512d00, 0x00000000e6ab0000)
  to   space 21824K,   0% used [0x00000000e6ab0000, 0x00000000e6ab0000, 0x00000000e8000000)
 concurrent mark-sweep generation total 393216K, used 0K [0x00000000e8000000, 0x0000000100000000, 0x0000000100000000)
 Metaspace       used 21783K, capacity 22130K, committed 22216K, reserved 1069056K
  class space    used 2525K, capacity 2651K, committed 2684K, reserved 1048576K
2017-01-30T08:59:21.982+0100: 2,383: [GC (Allocation Failure) 2017-01-30T08:59:21.982+0100: 2,383: [ParNew
Desired survivor size 20112992 bytes, new threshold 8 (max 8)
- age   1:    1644864 bytes,    1644864 total
- age   2:    1603448 bytes,    3248312 total
- age   3:    6623392 bytes,    9871704 total
: 103499K->11414K(109248K), 0,0132196 secs] 103499K->11414K(502464K), 0,0132994 secs] [Times: user=0,04 sys=0,00, real=0,02 secs] 
Heap after GC invocations=3 (full 0):
 par new generation   total 109248K, used 11414K [0x00000000e0000000, 0x00000000e8000000, 0x00000000e8000000)
  eden space 87424K,   0% used [0x00000000e0000000, 0x00000000e0000000, 0x00000000e5560000)
  from space 21824K,  52% used [0x00000000e6ab0000, 0x00000000e75d5930, 0x00000000e8000000)
  to   space 21824K,   0% used [0x00000000e5560000, 0x00000000e5560000, 0x00000000e6ab0000)
 concurrent mark-sweep generation total 393216K, used 0K [0x00000000e8000000, 0x0000000100000000, 0x0000000100000000)
 Metaspace       used 21783K, capacity 22130K, committed 22216K, reserved 1069056K
  class space    used 2525K, capacity 2651K, committed 2684K, reserved 1048576K
}
2017-01-30T08:59:21.995+0100: 2,397: Total time for which application threads were stopped: 0,0134907 seconds, Stopping threads took: 0,0000380 seconds
2017-01-30T08:59:21.996+0100: 2,397: [GC (CMS Initial Mark) [1 CMS-initial-mark: 0K(393216K)] 13231K(502464K), 0,0039637 secs] [Times: user=0,01 sys=0,00, real=0,00 secs] 
2017-01-30T08:59:22.000+0100: 2,401: Total time for which application threads were stopped: 0,0040891 seconds, Stopping threads took: 0,0000384 seconds
2017-01-30T08:59:22.000+0100: 2,401: [CMS-concurrent-mark-start]
2017-01-30T08:59:22.006+0100: 2,408: [CMS-concurrent-mark: 0,007/0,007 secs] [Times: user=0,02 sys=0,00, real=0,01 secs] 
2017-01-30T08:59:22.006+0100: 2,408: [CMS-concurrent-preclean-start]
2017-01-30T08:59:22.008+0100: 2,409: [CMS-concurrent-preclean: 0,001/0,001 secs] [Times: user=0,01 sys=0,00, real=0,00 secs] 
2017-01-30T08:59:22.008+0100: 2,409: [CMS-concurrent-abortable-preclean-start]
2017-01-30T08:59:22.020+0100: 2,422: Total time for which application threads were stopped: 0,0003054 seconds, Stopping threads took: 0,0002315 seconds
{Heap before GC invocations=3 (full 1):
 par new generation   total 109248K, used 98838K [0x00000000e0000000, 0x00000000e8000000, 0x00000000e8000000)
  eden space 87424K, 100% used [0x00000000e0000000, 0x00000000e5560000, 0x00000000e5560000)
  from space 21824K,  52% used [0x00000000e6ab0000, 0x00000000e75d5930, 0x00000000e8000000)
  to   space 21824K,   0% used [0x00000000e5560000, 0x00000000e5560000, 0x00000000e6ab0000)
 concurrent mark-sweep generation total 393216K, used 0K [0x00000000e8000000, 0x0000000100000000, 0x0000000100000000)
 Metaspace       used 22079K, capacity 22404K, committed 22548K, reserved 1069056K
  class space    used 2562K, capacity 2718K, committed 2760K, reserved 1048576K
2017-01-30T08:59:22.121+0100: 2,522: [GC (Allocation Failure) 2017-01-30T08:59:22.121+0100: 2,522: [ParNew
Desired survivor size 20112992 bytes, new threshold 8 (max 8)
- age   1:     495512 bytes,     495512 total
- age   2:     380184 bytes,     875696 total
- age   3:    1215248 bytes,    2090944 total
- age   4:    6623320 bytes,    8714264 total
: 98838K->12557K(109248K), 0,0105001 secs] 98838K->12557K(502464K), 0,0105882 secs] [Times: user=0,04 sys=0,00, real=0,01 secs] 
Heap after GC invocations=4 (full 1):
 par new generation   total 109248K, used 12557K [0x00000000e0000000, 0x00000000e8000000, 0x00000000e8000000)
  eden space 87424K,   0% used [0x00000000e0000000, 0x00000000e0000000, 0x00000000e5560000)
  from space 21824K,  57% used [0x00000000e5560000, 0x00000000e61a3620, 0x00000000e6ab0000)
  to   space 21824K,   0% used [0x00000000e6ab0000, 0x00000000e6ab0000, 0x00000000e8000000)
 concurrent mark-sweep generation total 393216K, used 0K [0x00000000e8000000, 0x0000000100000000, 0x0000000100000000)
 Metaspace       used 22079K, capacity 22404K, committed 22548K, reserved 1069056K
  class space    used 2562K, capacity 2718K, committed 2760K, reserved 1048576K
}
2017-01-30T08:59:22.131+0100: 2,533: Total time for which application threads were stopped: 0,0113134 seconds, Stopping threads took: 0,0005684 seconds
2017-01-30T08:59:22.131+0100: 2,533: [CMS-concurrent-abortable-preclean: 0,098/0,124 secs] [Times: user=0,46 sys=0,01, real=0,12 secs] 
2017-01-30T08:59:22.132+0100: 2,533: [GC (CMS Final Remark) [YG occupancy: 13509 K (109248 K)]{Heap before GC invocations=4 (full 1):
 par new generation   total 109248K, used 13509K [0x00000000e0000000, 0x00000000e8000000, 0x00000000e8000000)
  eden space 87424K,   1% used [0x00000000e0000000, 0x00000000e00ee0c0, 0x00000000e5560000)
  from space 21824K,  57% used [0x00000000e5560000, 0x00000000e61a3620, 0x00000000e6ab0000)
  to   space 21824K,   0% used [0x00000000e6ab0000, 0x00000000e6ab0000, 0x00000000e8000000)
 concurrent mark-sweep generation total 393216K, used 0K [0x00000000e8000000, 0x0000000100000000, 0x0000000100000000)
 Metaspace       used 22079K, capacity 22404K, committed 22548K, reserved 1069056K
  class space    used 2562K, capacity 2718K, committed 2760K, reserved 1048576K
2017-01-30T08:59:22.132+0100: 2,534: [GC (CMS Final Remark) 2017-01-30T08:59:22.132+0100: 2,534: [ParNew
Desired survivor size 20112992 bytes, new threshold 8 (max 8)
- age   1:      86720 bytes,      86720 total
- age   2:     239784 bytes,     326504 total
- age   3:     380184 bytes,     706688 total
- age   4:    1215248 bytes,    1921936 total
- age   5:    6623568 bytes,    8545504 total
: 13509K->11889K(109248K), 0,0083177 secs] 13509K->11889K(502464K), 0,0083585 secs] [Times: user=0,03 sys=0,00, real=0,01 secs] 
Heap after GC invocations=5 (full 1):
 par new generation   total 109248K, used 11889K [0x00000000e0000000, 0x00000000e8000000, 0x00000000e8000000)
  eden space 87424K,   0% used [0x00000000e0000000, 0x00000000e0000000, 0x00000000e5560000)
  from space 21824K,  54% used [0x00000000e6ab0000, 0x00000000e764c5b0, 0x00000000e8000000)
  to   space 21824K,   0% used [0x00000000e5560000, 0x00000000e5560000, 0x00000000e6ab0000)
 concurrent mark-sweep generation total 393216K, used 0K [0x00000000e8000000, 0x0000000100000000, 0x0000000100000000)
 Metaspace       used 22079K, capacity 22404K, committed 22548K, reserved 1069056K
  class space    used 2562K, capacity 2718K, committed 2760K, reserved 1048576K
}
2017-01-30T08:59:22.140+0100: 2,542: [Rescan (parallel) , 0,0029574 secs]2017-01-30T08:59:22.143+0100: 2,545: [weak refs processing, 0,0013073 secs]2017-01-30T08:59:22.145+0100: 2,546: [class unloading, 0,0028907 secs]2017-01-30T08:59:22.148+0100: 2,549: [scrub symbol table, 0,0027055 secs]2017-01-30T08:59:22.150+0100: 2,552: [scrub string table, 0,0003909 secs][1 CMS-remark: 0K(393216K)] 11889K(502464K), 0,0192987 secs] [Times: user=0,05 sys=0,00, real=0,02 secs] 
2017-01-30T08:59:22.151+0100: 2,553: Total time for which application threads were stopped: 0,0194216 seconds, Stopping threads took: 0,0000478 seconds
2017-01-30T08:59:22.151+0100: 2,553: [CMS-concurrent-sweep-start]
2017-01-30T08:59:22.151+0100: 2,553: [CMS-concurrent-sweep: 0,000/0,000 secs] [Times: user=0,00 sys=0,00, real=0,00 secs] 
2017-01-30T08:59:22.151+0100: 2,553: [CMS-concurrent-reset-start]
2017-01-30T08:59:22.154+0100: 2,555: [CMS-concurrent-reset: 0,002/0,002 secs] [Times: user=0,01 sys=0,00, real=0,00 secs] 
2017-01-30T08:59:22.165+0100: 2,566: Total time for which application threads were stopped: 0,0003393 seconds, Stopping threads took: 0,0000366 seconds
2017-01-30T08:59:22.381+0100: 2,783: Total time for which application threads were stopped: 0,0005245 seconds, Stopping threads took: 0,0000539 seconds
{Heap before GC invocations=5 (full 1):
 par new generation   total 109248K, used 99313K [0x00000000e0000000, 0x00000000e8000000, 0x00000000e8000000)
  eden space 87424K, 100% used [0x00000000e0000000, 0x00000000e5560000, 0x00000000e5560000)
  from space 21824K,  54% used [0x00000000e6ab0000, 0x00000000e764c5b0, 0x00000000e8000000)
  to   space 21824K,   0% used [0x00000000e5560000, 0x00000000e5560000, 0x00000000e6ab0000)
 concurrent mark-sweep generation total 393216K, used 0K [0x00000000e8000000, 0x0000000100000000, 0x0000000100000000)
 Metaspace       used 25910K, capacity 26278K, committed 26568K, reserved 1073152K
  class space    used 3032K, capacity 3157K, committed 3272K, reserved 1048576K
2017-01-30T08:59:22.618+0100: 3,019: [GC (Allocation Failure) 2017-01-30T08:59:22.618+0100: 3,019: [ParNew
Desired survivor size 20112992 bytes, new threshold 8 (max 8)
- age   1:    5059192 bytes,    5059192 total
- age   3:     166584 bytes,    5225776 total
- age   4:     366456 bytes,    5592232 total
- age   5:     652384 bytes,    6244616 total
- age   6:    6617224 bytes,   12861840 total
: 99313K->13351K(109248K), 0,0105123 secs] 99313K->13351K(502464K), 0,0105791 secs] [Times: user=0,04 sys=0,00, real=0,01 secs] 
Heap after GC invocations=6 (full 1):
 par new generation   total 109248K, used 13351K [0x00000000e0000000, 0x00000000e8000000, 0x00000000e8000000)
  eden space 87424K,   0% used [0x00000000e0000000, 0x00000000e0000000, 0x00000000e5560000)
  from space 21824K,  61% used [0x00000000e5560000, 0x00000000e6269ce0, 0x00000000e6ab0000)
  to   space 21824K,   0% used [0x00000000e6ab0000, 0x00000000e6ab0000, 0x00000000e8000000)
 concurrent mark-sweep generation total 393216K, used 0K [0x00000000e8000000, 0x0000000100000000, 0x0000000100000000)
 Metaspace       used 25910K, capacity 26278K, committed 26568K, reserved 1073152K
  class space    used 3032K, capacity 3157K, committed 3272K, reserved 1048576K
}
2017-01-30T08:59:22.628+0100: 3,030: Total time for which application threads were stopped: 0,0107731 seconds, Stopping threads took: 0,0000213 seconds
2017-01-30T08:59:22.754+0100: 3,156: Total time for which application threads were stopped: 0,0004330 seconds, Stopping threads took: 0,0000257 seconds
2017-01-30T08:59:22.805+0100: 3,206: Total time for which application threads were stopped: 0,0004040 seconds, Stopping threads took: 0,0000309 seconds
2017-01-30T08:59:23.653+0100: 4,055: Total time for which application threads were stopped: 0,0002897 seconds, Stopping threads took: 0,0000155 seconds
2017-01-30T09:01:51.676+0100: 152,077: Total time for which application threads were stopped: 0,0004983 seconds, Stopping threads took: 0,0001948 seconds
2017-01-30T09:01:56.676+0100: 157,078: Total time for which application threads were stopped: 0,0000822 seconds, Stopping threads took: 0,0000202 seconds
2017-01-30T09:22:55.855+0100: 1416,257: Total time for which application threads were stopped: 0,0000826 seconds, Stopping threads took: 0,0000322 seconds
2017-01-30T09:27:45.896+0100: 1706,297: Total time for which application threads were stopped: 0,0001748 seconds, Stopping threads took: 0,0000656 seconds
2017-01-30T09:37:56.982+0100: 2317,384: Total time for which application threads were stopped: 0,0000708 seconds, Stopping threads took: 0,0000274 seconds
2017-01-30T09:38:00.983+0100: 2321,384: Total time for which application threads were stopped: 0,0000748 seconds, Stopping threads took: 0,0000190 seconds
2017-01-30T09:52:37.106+0100: 3197,508: Total time for which application threads were stopped: 0,0000846 seconds, Stopping threads took: 0,0000375 seconds
2017-01-30T10:00:37.671+0100: 3678,073: Total time for which application threads were stopped: 0,0000745 seconds, Stopping threads took: 0,0000149 seconds
2017-01-30T10:00:37.676+0100: 3678,078: Total time for which application threads were stopped: 0,0000890 seconds, Stopping threads took: 0,0000324 seconds
2017-01-30T10:00:37.693+0100: 3678,094: Total time for which application threads were stopped: 0,0003259 seconds, Stopping threads took: 0,0000152 seconds
2017-01-30T10:00:37.708+0100: 3678,110: Total time for which application threads were stopped: 0,0000847 seconds, Stopping threads took: 0,0000190 seconds
2017-01-30T10:00:37.708+0100: 3678,110: Total time for which application threads were stopped: 0,0000353 seconds, Stopping threads took: 0,0000083 seconds
2017-01-30T10:00:37.806+0100: 3678,207: Total time for which application threads were stopped: 0,0000920 seconds, Stopping threads took: 0,0000226 seconds
2017-01-30T10:00:37.808+0100: 3678,209: Total time for which application threads were stopped: 0,0000674 seconds, Stopping threads took: 0,0000175 seconds
2017-01-30T10:00:38.199+0100: 3678,601: Total time for which application threads were stopped: 0,0001154 seconds, Stopping threads took: 0,0000192 seconds
2017-01-30T10:00:38.398+0100: 3678,800: Total time for which application threads were stopped: 0,0000914 seconds, Stopping threads took: 0,0000283 seconds
2017-01-30T10:00:39.398+0100: 3679,800: Total time for which application threads were stopped: 0,0004211 seconds, Stopping threads took: 0,0003177 seconds
2017-01-30T10:00:40.399+0100: 3680,800: Total time for which application threads were stopped: 0,0000607 seconds, Stopping threads took: 0,0000144 seconds
2017-01-30T10:00:41.399+0100: 3681,801: Total time for which application threads were stopped: 0,0004474 seconds, Stopping threads took: 0,0001120 seconds
2017-01-30T10:00:42.399+0100: 3682,801: Total time for which application threads were stopped: 0,0000915 seconds, Stopping threads took: 0,0000206 seconds
2017-01-30T10:00:43.400+0100: 3683,801: Total time for which application threads were stopped: 0,0002541 seconds, Stopping threads took: 0,0000661 seconds
2017-01-30T10:00:44.127+0100: 3684,529: Total time for which application threads were stopped: 0,0001140 seconds, Stopping threads took: 0,0000482 seconds
2017-01-30T10:00:51.128+0100: 3691,530: Total time for which application threads were stopped: 0,0002244 seconds, Stopping threads took: 0,0000914 seconds
2017-01-30T10:02:14.138+0100: 3774,540: Total time for which application threads were stopped: 0,0000873 seconds, Stopping threads took: 0,0000367 seconds
2017-01-30T10:02:19.139+0100: 3779,541: Total time for which application threads were stopped: 0,0001164 seconds, Stopping threads took: 0,0000444 seconds
2017-01-30T10:02:51.144+0100: 3811,545: Total time for which application threads were stopped: 0,0001603 seconds, Stopping threads took: 0,0000588 seconds
2017-01-30T10:05:51.167+0100: 3991,569: Total time for which application threads were stopped: 0,0001381 seconds, Stopping threads took: 0,0000559 seconds
2017-01-30T10:46:13.147+0100: 4497,404: Total time for which application threads were stopped: 0,0000825 seconds, Stopping threads took: 0,0000288 seconds
2017-01-30T10:50:47.183+0100: 4771,440: Total time for which application threads were stopped: 0,0001716 seconds, Stopping threads took: 0,0000638 seconds
2017-01-30T10:53:17.202+0100: 4921,459: Total time for which application threads were stopped: 0,0000806 seconds, Stopping threads took: 0,0000311 seconds
2017-01-30T10:55:16.872+0100: 5041,129: Total time for which application threads were stopped: 0,0001065 seconds, Stopping threads took: 0,0000310 seconds
2017-01-30T10:55:16.872+0100: 5041,129: Total time for which application threads were stopped: 0,0000770 seconds, Stopping threads took: 0,0000359 seconds
2017-01-30T10:55:16.966+0100: 5041,222: Total time for which application threads were stopped: 0,0001860 seconds, Stopping threads took: 0,0000669 seconds
2017-01-30T10:55:16.968+0100: 5041,224: Total time for which application threads were stopped: 0,0002037 seconds, Stopping threads took: 0,0000811 seconds
2017-01-30T10:55:17.968+0100: 5042,225: Total time for which application threads were stopped: 0,0005367 seconds, Stopping threads took: 0,0001000 seconds
2017-01-30T10:55:19.969+0100: 5044,226: Total time for which application threads were stopped: 0,0003688 seconds, Stopping threads took: 0,0000751 seconds
2017-01-30T10:55:21.969+0100: 5046,226: Total time for which application threads were stopped: 0,0000721 seconds, Stopping threads took: 0,0000168 seconds
2017-01-30T10:55:23.969+0100: 5048,226: Total time for which application threads were stopped: 0,0000612 seconds, Stopping threads took: 0,0000136 seconds
2017-01-30T10:55:24.970+0100: 5049,226: Total time for which application threads were stopped: 0,0000718 seconds, Stopping threads took: 0,0000153 seconds
2017-01-30T10:55:25.970+0100: 5050,227: Total time for which application threads were stopped: 0,0005555 seconds, Stopping threads took: 0,0001503 seconds
2017-01-30T10:55:26.971+0100: 5051,228: Total time for which application threads were stopped: 0,0003346 seconds, Stopping threads took: 0,0000769 seconds
2017-01-30T10:55:27.971+0100: 5052,228: Total time for which application threads were stopped: 0,0001089 seconds, Stopping threads took: 0,0000183 seconds
2017-01-30T10:55:29.972+0100: 5054,228: Total time for which application threads were stopped: 0,0003546 seconds, Stopping threads took: 0,0001090 seconds
2017-01-30T10:55:30.972+0100: 5055,229: Total time for which application threads were stopped: 0,0000630 seconds, Stopping threads took: 0,0000144 seconds
2017-01-30T10:55:31.972+0100: 5056,229: Total time for which application threads were stopped: 0,0000641 seconds, Stopping threads took: 0,0000149 seconds
2017-01-30T10:55:34.973+0100: 5059,229: Total time for which application threads were stopped: 0,0002628 seconds, Stopping threads took: 0,0000804 seconds
2017-01-30T10:55:36.973+0100: 5061,230: Total time for which application threads were stopped: 0,0000754 seconds, Stopping threads took: 0,0000167 seconds
2017-01-30T10:55:37.973+0100: 5062,230: Total time for which application threads were stopped: 0,0004536 seconds, Stopping threads took: 0,0000984 seconds
2017-01-30T10:55:38.974+0100: 5063,230: Total time for which application threads were stopped: 0,0000757 seconds, Stopping threads took: 0,0000158 seconds
2017-01-30T10:55:39.974+0100: 5064,231: Total time for which application threads were stopped: 0,0001385 seconds, Stopping threads took: 0,0000471 seconds
2017-01-30T10:55:45.975+0100: 5070,231: Total time for which application threads were stopped: 0,0000803 seconds, Stopping threads took: 0,0000151 seconds
2017-01-30T10:55:47.975+0100: 5072,232: Total time for which application threads were stopped: 0,0000731 seconds, Stopping threads took: 0,0000178 seconds
2017-01-30T10:55:48.975+0100: 5073,232: Total time for which application threads were stopped: 0,0000672 seconds, Stopping threads took: 0,0000175 seconds
2017-01-30T10:55:49.975+0100: 5074,232: Total time for which application threads were stopped: 0,0000935 seconds, Stopping threads took: 0,0000179 seconds
2017-01-30T10:55:51.976+0100: 5076,232: Total time for which application threads were stopped: 0,0001027 seconds, Stopping threads took: 0,0000205 seconds
2017-01-30T10:55:53.976+0100: 5078,233: Total time for which application threads were stopped: 0,0000826 seconds, Stopping threads took: 0,0000288 seconds
2017-01-30T10:55:54.976+0100: 5079,233: Total time for which application threads were stopped: 0,0004458 seconds, Stopping threads took: 0,0001385 seconds
2017-01-30T10:55:55.977+0100: 5080,233: Total time for which application threads were stopped: 0,0000684 seconds, Stopping threads took: 0,0000192 seconds
2017-01-30T10:55:57.977+0100: 5082,234: Total time for which application threads were stopped: 0,0000710 seconds, Stopping threads took: 0,0000171 seconds
2017-01-30T10:55:58.977+0100: 5083,234: Total time for which application threads were stopped: 0,0001480 seconds, Stopping threads took: 0,0000419 seconds
2017-01-30T10:56:00.978+0100: 5085,235: Total time for which application threads were stopped: 0,0005319 seconds, Stopping threads took: 0,0001381 seconds
2017-01-30T10:56:02.978+0100: 5087,235: Total time for which application threads were stopped: 0,0000761 seconds, Stopping threads took: 0,0000188 seconds
2017-01-30T10:56:03.979+0100: 5088,235: Total time for which application threads were stopped: 0,0002283 seconds, Stopping threads took: 0,0000534 seconds
2017-01-30T10:56:05.266+0100: 5089,523: Total time for which application threads were stopped: 0,0004340 seconds, Stopping threads took: 0,0000963 seconds
2017-01-30T10:56:06.266+0100: 5090,523: Total time for which application threads were stopped: 0,0000784 seconds, Stopping threads took: 0,0000183 seconds
2017-01-30T11:01:02.933+0100: 5387,190: Total time for which application threads were stopped: 0,0003097 seconds, Stopping threads took: 0,0001060 seconds
2017-01-30T11:01:02.934+0100: 5387,190: Total time for which application threads were stopped: 0,0002006 seconds, Stopping threads took: 0,0000770 seconds
2017-01-30T11:01:03.115+0100: 5387,372: Total time for which application threads were stopped: 0,0005241 seconds, Stopping threads took: 0,0002186 seconds
2017-01-30T11:01:03.118+0100: 5387,374: Total time for which application threads were stopped: 0,0000982 seconds, Stopping threads took: 0,0000371 seconds
2017-01-30T11:01:04.120+0100: 5388,377: Total time for which application threads were stopped: 0,0019593 seconds, Stopping threads took: 0,0001661 seconds
2017-01-30T11:01:05.120+0100: 5389,377: Total time for which application threads were stopped: 0,0002437 seconds, Stopping threads took: 0,0000749 seconds
2017-01-30T11:01:06.121+0100: 5390,377: Total time for which application threads were stopped: 0,0000715 seconds, Stopping threads took: 0,0000179 seconds
2017-01-30T11:01:07.121+0100: 5391,378: Total time for which application threads were stopped: 0,0001560 seconds, Stopping threads took: 0,0000507 seconds
2017-01-30T11:01:08.121+0100: 5392,378: Total time for which application threads were stopped: 0,0005288 seconds, Stopping threads took: 0,0001252 seconds
2017-01-30T11:01:09.122+0100: 5393,378: Total time for which application threads were stopped: 0,0000957 seconds, Stopping threads took: 0,0000386 seconds
2017-01-30T11:01:10.122+0100: 5394,379: Total time for which application threads were stopped: 0,0000969 seconds, Stopping threads took: 0,0000251 seconds
2017-01-30T11:01:15.123+0100: 5399,380: Total time for which application threads were stopped: 0,0002780 seconds, Stopping threads took: 0,0001224 seconds
2017-01-30T11:01:19.124+0100: 5403,380: Total time for which application threads were stopped: 0,0000815 seconds, Stopping threads took: 0,0000181 seconds
2017-01-30T11:01:20.124+0100: 5404,381: Total time for which application threads were stopped: 0,0003731 seconds, Stopping threads took: 0,0000800 seconds
2017-01-30T11:01:22.125+0100: 5406,382: Total time for which application threads were stopped: 0,0004103 seconds, Stopping threads took: 0,0001356 seconds
2017-01-30T11:01:39.129+0100: 5423,386: Total time for which application threads were stopped: 0,0016182 seconds, Stopping threads took: 0,0005078 seconds
2017-01-30T11:01:46.134+0100: 5430,390: Total time for which application threads were stopped: 0,0001800 seconds, Stopping threads took: 0,0000443 seconds
2017-01-30T11:01:56.138+0100: 5440,394: Total time for which application threads were stopped: 0,0002778 seconds, Stopping threads took: 0,0000500 seconds
2017-01-30T11:01:57.138+0100: 5441,394: Total time for which application threads were stopped: 0,0000817 seconds, Stopping threads took: 0,0000167 seconds
2017-01-30T11:01:58.138+0100: 5442,395: Total time for which application threads were stopped: 0,0002399 seconds, Stopping threads took: 0,0000515 seconds
2017-01-30T11:02:00.138+0100: 5444,395: Total time for which application threads were stopped: 0,0001405 seconds, Stopping threads took: 0,0000431 seconds
{Heap before GC invocations=6 (full 1):
 par new generation   total 109248K, used 100775K [0x00000000e0000000, 0x00000000e8000000, 0x00000000e8000000)
  eden space 87424K, 100% used [0x00000000e0000000, 0x00000000e5560000, 0x00000000e5560000)
  from space 21824K,  61% used [0x00000000e5560000, 0x00000000e6269ce0, 0x00000000e6ab0000)
  to   space 21824K,   0% used [0x00000000e6ab0000, 0x00000000e6ab0000, 0x00000000e8000000)
 concurrent mark-sweep generation total 393216K, used 0K [0x00000000e8000000, 0x0000000100000000, 0x0000000100000000)
 Metaspace       used 30729K, capacity 31194K, committed 31688K, reserved 1077248K
  class space    used 3521K, capacity 3684K, committed 3784K, reserved 1048576K
2017-01-30T11:02:00.248+0100: 5444,505: [GC (Allocation Failure) 2017-01-30T11:02:00.249+0100: 5444,506: [ParNew
Desired survivor size 20112992 bytes, new threshold 8 (max 8)
- age   1:    9296464 bytes,    9296464 total
- age   2:    1281672 bytes,   10578136 total
- age   4:     103784 bytes,   10681920 total
- age   5:     344088 bytes,   11026008 total
- age   6:     557960 bytes,   11583968 total
- age   7:    6090936 bytes,   17674904 total
: 100775K->20608K(109248K), 0,0403340 secs] 100775K->20608K(502464K), 0,0409108 secs] [Times: user=0,08 sys=0,01, real=0,04 secs] 
Heap after GC invocations=7 (full 1):
 par new generation   total 109248K, used 20608K [0x00000000e0000000, 0x00000000e8000000, 0x00000000e8000000)
  eden space 87424K,   0% used [0x00000000e0000000, 0x00000000e0000000, 0x00000000e5560000)
  from space 21824K,  94% used [0x00000000e6ab0000, 0x00000000e7ed01f8, 0x00000000e8000000)
  to   space 21824K,   0% used [0x00000000e5560000, 0x00000000e5560000, 0x00000000e6ab0000)
 concurrent mark-sweep generation total 393216K, used 0K [0x00000000e8000000, 0x0000000100000000, 0x0000000100000000)
 Metaspace       used 30729K, capacity 31194K, committed 31688K, reserved 1077248K
  class space    used 3521K, capacity 3684K, committed 3784K, reserved 1048576K
}
2017-01-30T11:02:00.290+0100: 5444,546: Total time for which application threads were stopped: 0,0420619 seconds, Stopping threads took: 0,0001651 seconds
2017-01-30T11:02:01.290+0100: 5445,547: Total time for which application threads were stopped: 0,0003758 seconds, Stopping threads took: 0,0000697 seconds
2017-01-30T11:02:03.290+0100: 5447,547: Total time for which application threads were stopped: 0,0001773 seconds, Stopping threads took: 0,0000426 seconds
2017-01-30T11:02:09.291+0100: 5453,548: Total time for which application threads were stopped: 0,0000990 seconds, Stopping threads took: 0,0000323 seconds
2017-01-30T11:02:12.292+0100: 5456,548: Total time for which application threads were stopped: 0,0002134 seconds, Stopping threads took: 0,0000772 seconds
2017-01-30T11:02:14.292+0100: 5458,549: Total time for which application threads were stopped: 0,0000785 seconds, Stopping threads took: 0,0000172 seconds
2017-01-30T11:02:18.292+0100: 5462,549: Total time for which application threads were stopped: 0,0000683 seconds, Stopping threads took: 0,0000138 seconds
2017-01-30T11:02:19.293+0100: 5463,549: Total time for which application threads were stopped: 0,0000653 seconds, Stopping threads took: 0,0000166 seconds
2017-01-30T11:02:23.293+0100: 5467,550: Total time for which application threads were stopped: 0,0001806 seconds, Stopping threads took: 0,0000388 seconds
2017-01-30T11:02:25.293+0100: 5469,550: Total time for which application threads were stopped: 0,0000874 seconds, Stopping threads took: 0,0000169 seconds
2017-01-30T11:02:59.297+0100: 5503,553: Total time for which application threads were stopped: 0,0000874 seconds, Stopping threads took: 0,0000300 seconds
2017-01-30T11:03:03.297+0100: 5507,554: Total time for which application threads were stopped: 0,0002189 seconds, Stopping threads took: 0,0000506 seconds
2017-01-30T11:03:06.298+0100: 5510,554: Total time for which application threads were stopped: 0,0000757 seconds, Stopping threads took: 0,0000158 seconds
2017-01-30T11:03:20.299+0100: 5524,556: Total time for which application threads were stopped: 0,0002148 seconds, Stopping threads took: 0,0000511 seconds
2017-01-30T11:03:22.299+0100: 5526,556: Total time for which application threads were stopped: 0,0000797 seconds, Stopping threads took: 0,0000214 seconds
2017-01-30T11:03:50.302+0100: 5554,558: Total time for which application threads were stopped: 0,0000883 seconds, Stopping threads took: 0,0000320 seconds
2017-01-30T11:03:52.302+0100: 5556,559: Total time for which application threads were stopped: 0,0001198 seconds, Stopping threads took: 0,0000354 seconds
2017-01-30T11:03:59.303+0100: 5563,560: Total time for which application threads were stopped: 0,0000997 seconds, Stopping threads took: 0,0000198 seconds
2017-01-30T11:04:09.304+0100: 5573,561: Total time for which application threads were stopped: 0,0001089 seconds, Stopping threads took: 0,0000383 seconds
2017-01-30T11:04:13.305+0100: 5577,561: Total time for which application threads were stopped: 0,0004331 seconds, Stopping threads took: 0,0000904 seconds
2017-01-30T11:04:18.305+0100: 5582,562: Total time for which application threads were stopped: 0,0001000 seconds, Stopping threads took: 0,0000250 seconds
2017-01-30T11:04:22.306+0100: 5586,563: Total time for which application threads were stopped: 0,0004850 seconds, Stopping threads took: 0,0001155 seconds
2017-01-30T11:04:29.307+0100: 5593,564: Total time for which application threads were stopped: 0,0000694 seconds, Stopping threads took: 0,0000139 seconds
2017-01-30T11:04:41.308+0100: 5605,565: Total time for which application threads were stopped: 0,0000807 seconds, Stopping threads took: 0,0000299 seconds
2017-01-30T11:05:08.311+0100: 5632,568: Total time for which application threads were stopped: 0,0000984 seconds, Stopping threads took: 0,0000180 seconds
2017-01-30T11:05:10.312+0100: 5634,569: Total time for which application threads were stopped: 0,0005557 seconds, Stopping threads took: 0,0002061 seconds
2017-01-30T11:05:30.314+0100: 5654,571: Total time for which application threads were stopped: 0,0000677 seconds, Stopping threads took: 0,0000149 seconds
2017-01-30T11:06:58.324+0100: 5742,581: Total time for which application threads were stopped: 0,0000747 seconds, Stopping threads took: 0,0000225 seconds
2017-01-30T11:06:59.324+0100: 5743,581: Total time for which application threads were stopped: 0,0002042 seconds, Stopping threads took: 0,0000694 seconds
2017-01-30T11:07:02.325+0100: 5746,582: Total time for which application threads were stopped: 0,0004013 seconds, Stopping threads took: 0,0000943 seconds
2017-01-30T11:07:07.326+0100: 5751,583: Total time for which application threads were stopped: 0,0003792 seconds, Stopping threads took: 0,0000629 seconds
2017-01-30T11:07:21.329+0100: 5765,586: Total time for which application threads were stopped: 0,0004608 seconds, Stopping threads took: 0,0001163 seconds
2017-01-30T11:07:25.330+0100: 5769,587: Total time for which application threads were stopped: 0,0005062 seconds, Stopping threads took: 0,0001319 seconds
2017-01-30T11:07:31.332+0100: 5775,588: Total time for which application threads were stopped: 0,0000780 seconds, Stopping threads took: 0,0000145 seconds
2017-01-30T11:08:01.335+0100: 5805,591: Total time for which application threads were stopped: 0,0000707 seconds, Stopping threads took: 0,0000192 seconds
2017-01-30T11:08:10.336+0100: 5814,593: Total time for which application threads were stopped: 0,0006663 seconds, Stopping threads took: 0,0000813 seconds
2017-01-30T11:08:11.336+0100: 5815,593: Total time for which application threads were stopped: 0,0001376 seconds, Stopping threads took: 0,0000456 seconds
2017-01-30T11:08:13.337+0100: 5817,593: Total time for which application threads were stopped: 0,0001017 seconds, Stopping threads took: 0,0000306 seconds
2017-01-30T11:08:30.338+0100: 5834,595: Total time for which application threads were stopped: 0,0000853 seconds, Stopping threads took: 0,0000232 seconds
2017-01-30T11:08:33.339+0100: 5837,595: Total time for which application threads were stopped: 0,0000660 seconds, Stopping threads took: 0,0000168 seconds
2017-01-30T11:08:34.339+0100: 5838,596: Total time for which application threads were stopped: 0,0003223 seconds, Stopping threads took: 0,0000863 seconds
2017-01-30T11:08:37.339+0100: 5841,596: Total time for which application threads were stopped: 0,0000677 seconds, Stopping threads took: 0,0000166 seconds
2017-01-30T11:08:41.340+0100: 5845,597: Total time for which application threads were stopped: 0,0000949 seconds, Stopping threads took: 0,0000355 seconds
2017-01-30T11:09:15.344+0100: 5879,600: Total time for which application threads were stopped: 0,0001044 seconds, Stopping threads took: 0,0000222 seconds
2017-01-30T11:10:08.352+0100: 5932,609: Total time for which application threads were stopped: 0,0000682 seconds, Stopping threads took: 0,0000156 seconds
2017-01-30T11:10:15.353+0100: 5939,610: Total time for which application threads were stopped: 0,0000712 seconds, Stopping threads took: 0,0000156 seconds
2017-01-30T11:10:16.354+0100: 5940,610: Total time for which application threads were stopped: 0,0003121 seconds, Stopping threads took: 0,0000726 seconds
2017-01-30T11:10:21.357+0100: 5945,614: Total time for which application threads were stopped: 0,0006000 seconds, Stopping threads took: 0,0001469 seconds
2017-01-30T11:10:22.357+0100: 5946,614: Total time for which application threads were stopped: 0,0002053 seconds, Stopping threads took: 0,0000294 seconds
2017-01-30T11:10:23.358+0100: 5947,615: Total time for which application threads were stopped: 0,0003499 seconds, Stopping threads took: 0,0000875 seconds
2017-01-30T11:10:24.358+0100: 5948,615: Total time for which application threads were stopped: 0,0000714 seconds, Stopping threads took: 0,0000148 seconds
2017-01-30T11:10:28.744+0100: 5953,001: Total time for which application threads were stopped: 0,0001385 seconds, Stopping threads took: 0,0000447 seconds
2017-01-30T11:10:29.745+0100: 5954,002: Total time for which application threads were stopped: 0,0000777 seconds, Stopping threads took: 0,0000174 seconds
2017-01-30T11:11:08.751+0100: 5993,008: Total time for which application threads were stopped: 0,0002137 seconds, Stopping threads took: 0,0000762 seconds
2017-01-30T11:15:17.787+0100: 6242,044: Total time for which application threads were stopped: 0,0001055 seconds, Stopping threads took: 0,0000407 seconds
2017-01-30T11:20:47.825+0100: 6572,082: Total time for which application threads were stopped: 0,0004211 seconds, Stopping threads took: 0,0001264 seconds
2017-01-30T11:21:17.828+0100: 6602,085: Total time for which application threads were stopped: 0,0001373 seconds, Stopping threads took: 0,0000540 seconds
2017-01-30T11:30:17.902+0100: 7142,158: Total time for which application threads were stopped: 0,0001365 seconds, Stopping threads took: 0,0000535 seconds
2017-01-30T11:33:17.928+0100: 7322,185: Total time for which application threads were stopped: 0,0007286 seconds, Stopping threads took: 0,0002622 seconds
2017-01-30T11:33:47.932+0100: 7352,189: Total time for which application threads were stopped: 0,0001369 seconds, Stopping threads took: 0,0000573 seconds
2017-01-30T11:39:47.981+0100: 7712,238: Total time for which application threads were stopped: 0,0001736 seconds, Stopping threads took: 0,0000614 seconds
2017-01-30T12:37:17.534+0100: 11161,790: Total time for which application threads were stopped: 0,0000956 seconds, Stopping threads took: 0,0000361 seconds
2017-01-30T13:39:19.073+0100: 14883,330: Total time for which application threads were stopped: 0,0000842 seconds, Stopping threads took: 0,0000309 seconds
2017-01-30T14:53:11.607+0100: 19315,863: Total time for which application threads were stopped: 0,0001362 seconds, Stopping threads took: 0,0000422 seconds
2017-01-30T14:53:11.607+0100: 19315,864: Total time for which application threads were stopped: 0,0000741 seconds, Stopping threads took: 0,0000192 seconds
2017-01-30T14:53:12.128+0100: 19316,385: Total time for which application threads were stopped: 0,0002507 seconds, Stopping threads took: 0,0000528 seconds
2017-01-30T14:53:12.130+0100: 19316,387: Total time for which application threads were stopped: 0,0002092 seconds, Stopping threads took: 0,0000345 seconds
2017-01-30T14:53:14.130+0100: 19318,387: Total time for which application threads were stopped: 0,0000741 seconds, Stopping threads took: 0,0000154 seconds
2017-01-30T14:53:16.131+0100: 19320,387: Total time for which application threads were stopped: 0,0000987 seconds, Stopping threads took: 0,0000185 seconds
2017-01-30T14:53:17.131+0100: 19321,388: Total time for which application threads were stopped: 0,0000973 seconds, Stopping threads took: 0,0000247 seconds
2017-01-30T14:53:23.132+0100: 19327,389: Total time for which application threads were stopped: 0,0000801 seconds, Stopping threads took: 0,0000162 seconds
2017-01-30T14:53:25.132+0100: 19329,389: Total time for which application threads were stopped: 0,0001071 seconds, Stopping threads took: 0,0000217 seconds
2017-01-30T14:53:26.133+0100: 19330,389: Total time for which application threads were stopped: 0,0000990 seconds, Stopping threads took: 0,0000235 seconds
2017-01-30T14:53:35.717+0100: 19339,974: Total time for which application threads were stopped: 0,0002885 seconds, Stopping threads took: 0,0000227 seconds
2017-01-30T14:53:35.717+0100: 19339,974: Total time for which application threads were stopped: 0,0000618 seconds, Stopping threads took: 0,0000074 seconds
2017-01-30T14:59:28.119+0100: 19692,375: Total time for which application threads were stopped: 0,0001316 seconds, Stopping threads took: 0,0000429 seconds
2017-01-30T14:59:28.119+0100: 19692,375: Total time for which application threads were stopped: 0,0000604 seconds, Stopping threads took: 0,0000088 seconds
2017-01-30T14:59:28.496+0100: 19692,753: Total time for which application threads were stopped: 0,0000973 seconds, Stopping threads took: 0,0000256 seconds
2017-01-30T14:59:28.497+0100: 19692,754: Total time for which application threads were stopped: 0,0000878 seconds, Stopping threads took: 0,0000244 seconds
2017-01-30T14:59:34.498+0100: 19698,754: Total time for which application threads were stopped: 0,0001149 seconds, Stopping threads took: 0,0000234 seconds
2017-01-30T14:59:35.498+0100: 19699,755: Total time for which application threads were stopped: 0,0001209 seconds, Stopping threads took: 0,0000250 seconds
2017-01-30T14:59:42.499+0100: 19706,755: Total time for which application threads were stopped: 0,0000669 seconds, Stopping threads took: 0,0000132 seconds
{Heap before GC invocations=7 (full 1):
 par new generation   total 109248K, used 108032K [0x00000000e0000000, 0x00000000e8000000, 0x00000000e8000000)
  eden space 87424K, 100% used [0x00000000e0000000, 0x00000000e5560000, 0x00000000e5560000)
  from space 21824K,  94% used [0x00000000e6ab0000, 0x00000000e7ed01f8, 0x00000000e8000000)
  to   space 21824K,   0% used [0x00000000e5560000, 0x00000000e5560000, 0x00000000e6ab0000)
 concurrent mark-sweep generation total 393216K, used 0K [0x00000000e8000000, 0x0000000100000000, 0x0000000100000000)
 Metaspace       used 31328K, capacity 31850K, committed 32200K, reserved 1077248K
  class space    used 3522K, capacity 3684K, committed 3784K, reserved 1048576K
2017-01-30T14:59:50.369+0100: 19714,626: [GC (Allocation Failure) 2017-01-30T14:59:50.369+0100: 19714,626: [ParNew
Desired survivor size 20112992 bytes, new threshold 8 (max 8)
- age   1:     281344 bytes,     281344 total
- age   2:    5738096 bytes,    6019440 total
- age   3:    1216136 bytes,    7235576 total
- age   5:      92176 bytes,    7327752 total
- age   6:     272608 bytes,    7600360 total
- age   7:     529976 bytes,    8130336 total
- age   8:    5625656 bytes,   13755992 total
: 108032K->20919K(109248K), 0,0136394 secs] 108032K->20919K(502464K), 0,0137067 secs] [Times: user=0,04 sys=0,00, real=0,01 secs] 
Heap after GC invocations=8 (full 1):
 par new generation   total 109248K, used 20919K [0x00000000e0000000, 0x00000000e8000000, 0x00000000e8000000)
  eden space 87424K,   0% used [0x00000000e0000000, 0x00000000e0000000, 0x00000000e5560000)
  from space 21824K,  95% used [0x00000000e5560000, 0x00000000e69cdf90, 0x00000000e6ab0000)
  to   space 21824K,   0% used [0x00000000e6ab0000, 0x00000000e6ab0000, 0x00000000e8000000)
 concurrent mark-sweep generation total 393216K, used 0K [0x00000000e8000000, 0x0000000100000000, 0x0000000100000000)
 Metaspace       used 31328K, capacity 31850K, committed 32200K, reserved 1077248K
  class space    used 3522K, capacity 3684K, committed 3784K, reserved 1048576K
}
2017-01-30T14:59:50.383+0100: 19714,639: Total time for which application threads were stopped: 0,0138867 seconds, Stopping threads took: 0,0000322 seconds
2017-01-30T15:00:04.384+0100: 19728,641: Total time for which application threads were stopped: 0,0004437 seconds, Stopping threads took: 0,0001123 seconds
2017-01-30T15:00:07.385+0100: 19731,642: Total time for which application threads were stopped: 0,0002630 seconds, Stopping threads took: 0,0000631 seconds
2017-01-30T15:00:09.386+0100: 19733,642: Total time for which application threads were stopped: 0,0000832 seconds, Stopping threads took: 0,0000179 seconds
2017-01-30T15:00:18.387+0100: 19742,643: Total time for which application threads were stopped: 0,0002277 seconds, Stopping threads took: 0,0000930 seconds
2017-01-30T15:00:31.388+0100: 19755,645: Total time for which application threads were stopped: 0,0003623 seconds, Stopping threads took: 0,0000771 seconds
2017-01-30T15:01:15.392+0100: 19799,649: Total time for which application threads were stopped: 0,0000844 seconds, Stopping threads took: 0,0000261 seconds
2017-01-30T15:01:26.393+0100: 19810,650: Total time for which application threads were stopped: 0,0000723 seconds, Stopping threads took: 0,0000157 seconds
2017-01-30T15:01:45.395+0100: 19829,652: Total time for which application threads were stopped: 0,0001071 seconds, Stopping threads took: 0,0000378 seconds
2017-01-30T15:01:47.396+0100: 19831,653: Total time for which application threads were stopped: 0,0000829 seconds, Stopping threads took: 0,0000188 seconds
2017-01-30T15:02:39.401+0100: 19883,658: Total time for which application threads were stopped: 0,0000812 seconds, Stopping threads took: 0,0000182 seconds
2017-01-30T15:02:46.403+0100: 19890,659: Total time for which application threads were stopped: 0,0000809 seconds, Stopping threads took: 0,0000259 seconds
2017-01-30T15:02:54.403+0100: 19898,660: Total time for which application threads were stopped: 0,0001282 seconds, Stopping threads took: 0,0000208 seconds
2017-01-30T15:02:55.699+0100: 19899,955: Total time for which application threads were stopped: 0,0001027 seconds, Stopping threads took: 0,0000182 seconds
2017-01-30T15:09:48.920+0100: 20313,177: Total time for which application threads were stopped: 0,0001001 seconds, Stopping threads took: 0,0000336 seconds
2017-01-30T15:09:48.920+0100: 20313,177: Total time for which application threads were stopped: 0,0000593 seconds, Stopping threads took: 0,0000194 seconds
2017-01-30T15:09:49.342+0100: 20313,599: Total time for which application threads were stopped: 0,0001245 seconds, Stopping threads took: 0,0000449 seconds
2017-01-30T15:09:49.343+0100: 20313,599: Total time for which application threads were stopped: 0,0000695 seconds, Stopping threads took: 0,0000125 seconds
2017-01-30T15:10:07.345+0100: 20331,602: Total time for which application threads were stopped: 0,0005739 seconds, Stopping threads took: 0,0001379 seconds
2017-01-30T15:10:17.346+0100: 20341,603: Total time for which application threads were stopped: 0,0000779 seconds, Stopping threads took: 0,0000187 seconds
2017-01-30T15:10:19.348+0100: 20343,605: Total time for which application threads were stopped: 0,0002996 seconds, Stopping threads took: 0,0000728 seconds
2017-01-30T15:10:20.349+0100: 20344,606: Total time for which application threads were stopped: 0,0005900 seconds, Stopping threads took: 0,0001432 seconds
2017-01-30T15:10:21.349+0100: 20345,606: Total time for which application threads were stopped: 0,0001624 seconds, Stopping threads took: 0,0000386 seconds
2017-01-30T15:10:27.350+0100: 20351,607: Total time for which application threads were stopped: 0,0000730 seconds, Stopping threads took: 0,0000150 seconds
2017-01-30T15:10:36.351+0100: 20360,608: Total time for which application threads were stopped: 0,0000691 seconds, Stopping threads took: 0,0000169 seconds
2017-01-30T15:10:43.352+0100: 20367,609: Total time for which application threads were stopped: 0,0000724 seconds, Stopping threads took: 0,0000151 seconds
2017-01-30T15:10:58.358+0100: 20382,614: Total time for which application threads were stopped: 0,0001921 seconds, Stopping threads took: 0,0000766 seconds
2017-01-30T15:11:12.359+0100: 20396,616: Total time for which application threads were stopped: 0,0000906 seconds, Stopping threads took: 0,0000150 seconds
2017-01-30T15:11:23.433+0100: 20407,690: Total time for which application threads were stopped: 0,0000892 seconds, Stopping threads took: 0,0000154 seconds
2017-01-30T15:17:06.118+0100: 20750,375: Total time for which application threads were stopped: 0,0001130 seconds, Stopping threads took: 0,0000433 seconds
2017-01-30T15:17:06.118+0100: 20750,375: Total time for which application threads were stopped: 0,0000508 seconds, Stopping threads took: 0,0000068 seconds
2017-01-30T15:17:07.291+0100: 20751,547: Total time for which application threads were stopped: 0,0001054 seconds, Stopping threads took: 0,0000458 seconds
2017-01-30T15:17:07.291+0100: 20751,548: Total time for which application threads were stopped: 0,0000825 seconds, Stopping threads took: 0,0000133 seconds
2017-01-30T15:17:11.292+0100: 20755,549: Total time for which application threads were stopped: 0,0000787 seconds, Stopping threads took: 0,0000263 seconds
2017-01-30T15:17:12.292+0100: 20756,549: Total time for which application threads were stopped: 0,0000855 seconds, Stopping threads took: 0,0000175 seconds
2017-01-30T15:17:15.292+0100: 20759,549: Total time for which application threads were stopped: 0,0000647 seconds, Stopping threads took: 0,0000143 seconds
2017-01-30T15:17:28.294+0100: 20772,551: Total time for which application threads were stopped: 0,0000710 seconds, Stopping threads took: 0,0000143 seconds
2017-01-30T15:17:29.297+0100: 20773,554: Total time for which application threads were stopped: 0,0007272 seconds, Stopping threads took: 0,0001838 seconds
2017-01-30T15:17:33.298+0100: 20777,555: Total time for which application threads were stopped: 0,0003260 seconds, Stopping threads took: 0,0000281 seconds
2017-01-30T15:18:00.306+0100: 20804,563: Total time for which application threads were stopped: 0,0000677 seconds, Stopping threads took: 0,0000171 seconds
2017-01-30T15:18:10.988+0100: 20815,245: Total time for which application threads were stopped: 0,0001358 seconds, Stopping threads took: 0,0000396 seconds
2017-01-30T15:18:11.988+0100: 20816,245: Total time for which application threads were stopped: 0,0000675 seconds, Stopping threads took: 0,0000154 seconds
2017-01-30T16:43:00.401+0100: 23123,250: Total time for which application threads were stopped: 0,0001147 seconds, Stopping threads took: 0,0000363 seconds
2017-01-30T16:43:00.401+0100: 23123,250: Total time for which application threads were stopped: 0,0000513 seconds, Stopping threads took: 0,0000191 seconds
2017-01-30T16:43:00.575+0100: 23123,424: Total time for which application threads were stopped: 0,0001087 seconds, Stopping threads took: 0,0000378 seconds
2017-01-30T16:43:00.576+0100: 23123,424: Total time for which application threads were stopped: 0,0000743 seconds, Stopping threads took: 0,0000118 seconds
2017-01-30T16:43:01.576+0100: 23124,425: Total time for which application threads were stopped: 0,0000932 seconds, Stopping threads took: 0,0000259 seconds
2017-01-30T16:43:03.576+0100: 23126,425: Total time for which application threads were stopped: 0,0000765 seconds, Stopping threads took: 0,0000177 seconds
2017-01-30T16:43:15.179+0100: 23138,028: Total time for which application threads were stopped: 0,0002009 seconds, Stopping threads took: 0,0000201 seconds
2017-01-30T16:43:15.179+0100: 23138,028: Total time for which application threads were stopped: 0,0000559 seconds, Stopping threads took: 0,0000167 seconds
2017-01-30T16:44:19.014+0100: 23201,863: Total time for which application threads were stopped: 0,0001345 seconds, Stopping threads took: 0,0000441 seconds
2017-01-30T16:44:19.015+0100: 23201,863: Total time for which application threads were stopped: 0,0000582 seconds, Stopping threads took: 0,0000075 seconds
2017-01-30T16:44:19.144+0100: 23201,993: Total time for which application threads were stopped: 0,0000858 seconds, Stopping threads took: 0,0000249 seconds
2017-01-30T16:44:19.145+0100: 23201,993: Total time for which application threads were stopped: 0,0000863 seconds, Stopping threads took: 0,0000200 seconds
2017-01-30T16:44:20.145+0100: 23202,994: Total time for which application threads were stopped: 0,0000993 seconds, Stopping threads took: 0,0000349 seconds
2017-01-30T16:44:21.145+0100: 23203,994: Total time for which application threads were stopped: 0,0002296 seconds, Stopping threads took: 0,0000481 seconds
2017-01-30T16:44:30.146+0100: 23212,995: Total time for which application threads were stopped: 0,0001173 seconds, Stopping threads took: 0,0000322 seconds
2017-01-30T16:44:31.278+0100: 23214,127: Total time for which application threads were stopped: 0,0001546 seconds, Stopping threads took: 0,0000409 seconds
2017-01-30T16:53:02.840+0100: 23724,940: Total time for which application threads were stopped: 0,0001132 seconds, Stopping threads took: 0,0000393 seconds
2017-01-30T16:53:02.840+0100: 23724,940: Total time for which application threads were stopped: 0,0000641 seconds, Stopping threads took: 0,0000071 seconds
2017-01-30T16:53:03.050+0100: 23725,150: Total time for which application threads were stopped: 0,0001364 seconds, Stopping threads took: 0,0000323 seconds
2017-01-30T16:53:03.050+0100: 23725,151: Total time for which application threads were stopped: 0,0000531 seconds, Stopping threads took: 0,0000164 seconds
2017-01-30T16:53:03.319+0100: 23725,419: Total time for which application threads were stopped: 0,0001114 seconds, Stopping threads took: 0,0000275 seconds
2017-01-30T16:53:03.320+0100: 23725,420: Total time for which application threads were stopped: 0,0000793 seconds, Stopping threads took: 0,0000129 seconds
2017-01-30T16:53:04.967+0100: 23727,067: Total time for which application threads were stopped: 0,0001412 seconds, Stopping threads took: 0,0000600 seconds
2017-01-30T16:53:05.967+0100: 23728,067: Total time for which application threads were stopped: 0,0001009 seconds, Stopping threads took: 0,0000211 seconds
2017-01-30T16:53:52.973+0100: 23775,073: Total time for which application threads were stopped: 0,0004070 seconds, Stopping threads took: 0,0000999 seconds
2017-01-30T16:54:42.847+0100: 23824,947: Total time for which application threads were stopped: 0,0001110 seconds, Stopping threads took: 0,0000422 seconds
2017-01-30T16:54:44.126+0100: 23826,226: Total time for which application threads were stopped: 0,0001155 seconds, Stopping threads took: 0,0000238 seconds
2017-01-30T16:59:03.546+0100: 24085,646: Total time for which application threads were stopped: 0,0001185 seconds, Stopping threads took: 0,0000336 seconds
2017-01-30T16:59:03.546+0100: 24085,646: Total time for which application threads were stopped: 0,0000501 seconds, Stopping threads took: 0,0000066 seconds
2017-01-30T16:59:03.801+0100: 24085,901: Total time for which application threads were stopped: 0,0001141 seconds, Stopping threads took: 0,0000328 seconds
2017-01-30T16:59:03.801+0100: 24085,901: Total time for which application threads were stopped: 0,0000865 seconds, Stopping threads took: 0,0000177 seconds
2017-01-30T16:59:05.801+0100: 24087,902: Total time for which application threads were stopped: 0,0000764 seconds, Stopping threads took: 0,0000161 seconds
2017-01-30T16:59:10.802+0100: 24092,902: Total time for which application threads were stopped: 0,0001025 seconds, Stopping threads took: 0,0000167 seconds
2017-01-30T16:59:13.704+0100: 24095,804: Total time for which application threads were stopped: 0,0001253 seconds, Stopping threads took: 0,0000338 seconds
2017-01-30T17:10:23.765+0100: 24765,865: Total time for which application threads were stopped: 0,0002724 seconds, Stopping threads took: 0,0000913 seconds
2017-01-30T17:10:23.766+0100: 24765,866: Total time for which application threads were stopped: 0,0003113 seconds, Stopping threads took: 0,0000534 seconds
2017-01-30T17:10:23.769+0100: 24765,869: Total time for which application threads were stopped: 0,0001080 seconds, Stopping threads took: 0,0000201 seconds
2017-01-30T17:10:24.110+0100: 24766,210: Total time for which application threads were stopped: 0,0000785 seconds, Stopping threads took: 0,0000185 seconds
2017-01-30T17:10:24.111+0100: 24766,211: Total time for which application threads were stopped: 0,0000676 seconds, Stopping threads took: 0,0000102 seconds
2017-01-30T17:10:28.475+0100: 24770,575: Total time for which application threads were stopped: 0,0000923 seconds, Stopping threads took: 0,0000167 seconds
2017-01-30T17:12:25.003+0100: 24887,103: Total time for which application threads were stopped: 0,0001229 seconds, Stopping threads took: 0,0000424 seconds
2017-01-30T17:12:25.003+0100: 24887,103: Total time for which application threads were stopped: 0,0000510 seconds, Stopping threads took: 0,0000099 seconds
{Heap before GC invocations=8 (full 1):
 par new generation   total 109248K, used 108343K [0x00000000e0000000, 0x00000000e8000000, 0x00000000e8000000)
  eden space 87424K, 100% used [0x00000000e0000000, 0x00000000e5560000, 0x00000000e5560000)
  from space 21824K,  95% used [0x00000000e5560000, 0x00000000e69cdf90, 0x00000000e6ab0000)
  to   space 21824K,   0% used [0x00000000e6ab0000, 0x00000000e6ab0000, 0x00000000e8000000)
 concurrent mark-sweep generation total 393216K, used 0K [0x00000000e8000000, 0x0000000100000000, 0x0000000100000000)
 Metaspace       used 31392K, capacity 31850K, committed 32200K, reserved 1077248K
  class space    used 3524K, capacity 3684K, committed 3784K, reserved 1048576K
2017-01-30T17:12:25.006+0100: 24887,106: [GC (Allocation Failure) 2017-01-30T17:12:25.006+0100: 24887,106: [ParNew
Desired survivor size 20112992 bytes, new threshold 8 (max 8)
- age   1:     211880 bytes,     211880 total
- age   2:     172424 bytes,     384304 total
- age   3:    5731848 bytes,    6116152 total
- age   4:    1216136 bytes,    7332288 total
- age   6:      92176 bytes,    7424464 total
- age   7:     272608 bytes,    7697072 total
- age   8:     529976 bytes,    8227048 total
: 108343K->12443K(109248K), 0,0549042 secs] 108343K->18551K(502464K), 0,0550014 secs] [Times: user=0,11 sys=0,00, real=0,05 secs] 
Heap after GC invocations=9 (full 1):
 par new generation   total 109248K, used 12443K [0x00000000e0000000, 0x00000000e8000000, 0x00000000e8000000)
  eden space 87424K,   0% used [0x00000000e0000000, 0x00000000e0000000, 0x00000000e5560000)
  from space 21824K,  57% used [0x00000000e6ab0000, 0x00000000e76d6e40, 0x00000000e8000000)
  to   space 21824K,   0% used [0x00000000e5560000, 0x00000000e5560000, 0x00000000e6ab0000)
 concurrent mark-sweep generation total 393216K, used 6108K [0x00000000e8000000, 0x0000000100000000, 0x0000000100000000)
 Metaspace       used 31392K, capacity 31850K, committed 32200K, reserved 1077248K
  class space    used 3524K, capacity 3684K, committed 3784K, reserved 1048576K
}
2017-01-30T17:12:25.061+0100: 24887,161: Total time for which application threads were stopped: 0,0551863 seconds, Stopping threads took: 0,0000142 seconds
2017-01-30T17:12:25.407+0100: 24887,507: Total time for which application threads were stopped: 0,0000931 seconds, Stopping threads took: 0,0000275 seconds
2017-01-30T17:12:25.408+0100: 24887,508: Total time for which application threads were stopped: 0,0000938 seconds, Stopping threads took: 0,0000102 seconds
2017-01-30T17:12:26.408+0100: 24888,508: Total time for which application threads were stopped: 0,0000796 seconds, Stopping threads took: 0,0000162 seconds
2017-01-30T17:12:27.408+0100: 24889,508: Total time for which application threads were stopped: 0,0000681 seconds, Stopping threads took: 0,0000144 seconds
2017-01-30T17:12:35.409+0100: 24897,509: Total time for which application threads were stopped: 0,0000744 seconds, Stopping threads took: 0,0000204 seconds
2017-01-30T17:12:38.410+0100: 24900,510: Total time for which application threads were stopped: 0,0001924 seconds, Stopping threads took: 0,0000488 seconds
2017-01-30T17:12:38.482+0100: 24900,582: Total time for which application threads were stopped: 0,0001287 seconds, Stopping threads took: 0,0000184 seconds
2017-01-30T17:22:35.317+0100: 25497,417: Total time for which application threads were stopped: 0,0001141 seconds, Stopping threads took: 0,0000430 seconds
2017-01-30T17:22:35.317+0100: 25497,417: Total time for which application threads were stopped: 0,0001021 seconds, Stopping threads took: 0,0000515 seconds
2017-01-30T17:22:35.391+0100: 25497,492: Total time for which application threads were stopped: 0,0001334 seconds, Stopping threads took: 0,0000517 seconds
2017-01-30T17:22:35.392+0100: 25497,492: Total time for which application threads were stopped: 0,0000818 seconds, Stopping threads took: 0,0000110 seconds
2017-01-30T17:22:41.393+0100: 25503,493: Total time for which application threads were stopped: 0,0000706 seconds, Stopping threads took: 0,0000144 seconds
2017-01-30T17:22:48.394+0100: 25510,494: Total time for which application threads were stopped: 0,0003787 seconds, Stopping threads took: 0,0000922 seconds
2017-01-30T17:23:03.396+0100: 25525,496: Total time for which application threads were stopped: 0,0000828 seconds, Stopping threads took: 0,0000156 seconds
2017-01-30T17:23:06.396+0100: 25528,496: Total time for which application threads were stopped: 0,0004288 seconds, Stopping threads took: 0,0000330 seconds
2017-01-30T17:23:07.396+0100: 25529,497: Total time for which application threads were stopped: 0,0000704 seconds, Stopping threads took: 0,0000196 seconds
2017-01-30T17:23:15.397+0100: 25537,498: Total time for which application threads were stopped: 0,0002782 seconds, Stopping threads took: 0,0000685 seconds
2017-01-30T17:24:52.242+0100: 25634,342: Total time for which application threads were stopped: 0,0003009 seconds, Stopping threads took: 0,0000924 seconds
2017-01-30T17:24:52.243+0100: 25634,343: Total time for which application threads were stopped: 0,0001236 seconds, Stopping threads took: 0,0000595 seconds
2017-01-30T17:24:52.243+0100: 25634,343: Total time for which application threads were stopped: 0,0000547 seconds, Stopping threads took: 0,0000194 seconds
2017-01-30T17:24:52.380+0100: 25634,480: Total time for which application threads were stopped: 0,0001501 seconds, Stopping threads took: 0,0000759 seconds
2017-01-30T17:24:52.381+0100: 25634,481: Total time for which application threads were stopped: 0,0001531 seconds, Stopping threads took: 0,0000209 seconds
2017-01-30T17:25:47.386+0100: 25689,487: Total time for which application threads were stopped: 0,0001638 seconds, Stopping threads took: 0,0000359 seconds
2017-01-30T17:26:12.389+0100: 25714,489: Total time for which application threads were stopped: 0,0001125 seconds, Stopping threads took: 0,0000473 seconds
2017-01-30T17:27:34.398+0100: 25796,498: Total time for which application threads were stopped: 0,0000872 seconds, Stopping threads took: 0,0000320 seconds
2017-01-30T17:30:08.415+0100: 25950,515: Total time for which application threads were stopped: 0,0000907 seconds, Stopping threads took: 0,0000309 seconds
2017-01-30T17:30:49.420+0100: 25991,520: Total time for which application threads were stopped: 0,0001207 seconds, Stopping threads took: 0,0000524 seconds
2017-01-30T17:31:22.424+0100: 26024,524: Total time for which application threads were stopped: 0,0000723 seconds, Stopping threads took: 0,0000146 seconds
2017-01-30T17:31:44.427+0100: 26046,527: Total time for which application threads were stopped: 0,0004655 seconds, Stopping threads took: 0,0000872 seconds
2017-01-30T17:32:12.430+0100: 26074,530: Total time for which application threads were stopped: 0,0001546 seconds, Stopping threads took: 0,0000258 seconds
2017-01-30T17:32:13.430+0100: 26075,530: Total time for which application threads were stopped: 0,0000839 seconds, Stopping threads took: 0,0000167 seconds
2017-01-30T17:32:18.431+0100: 26080,531: Total time for which application threads were stopped: 0,0003976 seconds, Stopping threads took: 0,0001013 seconds
2017-01-30T17:32:41.434+0100: 26103,534: Total time for which application threads were stopped: 0,0006476 seconds, Stopping threads took: 0,0001167 seconds
2017-01-30T17:33:15.438+0100: 26137,538: Total time for which application threads were stopped: 0,0000725 seconds, Stopping threads took: 0,0000151 seconds
2017-01-30T17:33:19.438+0100: 26141,538: Total time for which application threads were stopped: 0,0000669 seconds, Stopping threads took: 0,0000149 seconds
2017-01-30T17:33:45.441+0100: 26167,541: Total time for which application threads were stopped: 0,0003869 seconds, Stopping threads took: 0,0000873 seconds
{Heap before GC invocations=9 (full 1):
 par new generation   total 109248K, used 99867K [0x00000000e0000000, 0x00000000e8000000, 0x00000000e8000000)
  eden space 87424K, 100% used [0x00000000e0000000, 0x00000000e5560000, 0x00000000e5560000)
  from space 21824K,  57% used [0x00000000e6ab0000, 0x00000000e76d6e40, 0x00000000e8000000)
  to   space 21824K,   0% used [0x00000000e5560000, 0x00000000e5560000, 0x00000000e6ab0000)
 concurrent mark-sweep generation total 393216K, used 6108K [0x00000000e8000000, 0x0000000100000000, 0x0000000100000000)
 Metaspace       used 31410K, capacity 31850K, committed 32200K, reserved 1077248K
  class space    used 3524K, capacity 3684K, committed 3784K, reserved 1048576K
2017-01-30T17:33:55.807+0100: 26177,907: [GC (Allocation Failure) 2017-01-30T17:33:55.807+0100: 26177,907: [ParNew
Desired survivor size 20112992 bytes, new threshold 8 (max 8)
- age   1:     123848 bytes,     123848 total
- age   2:      84992 bytes,     208840 total
- age   3:     167336 bytes,     376176 total
- age   4:    5731848 bytes,    6108024 total
- age   5:    1248920 bytes,    7356944 total
- age   7:      92176 bytes,    7449120 total
- age   8:     272608 bytes,    7721728 total
: 99867K->8527K(109248K), 0,0231412 secs] 105975K->15165K(502464K), 0,0232201 secs] [Times: user=0,05 sys=0,00, real=0,02 secs] 
Heap after GC invocations=10 (full 1):
 par new generation   total 109248K, used 8527K [0x00000000e0000000, 0x00000000e8000000, 0x00000000e8000000)
  eden space 87424K,   0% used [0x00000000e0000000, 0x00000000e0000000, 0x00000000e5560000)
  from space 21824K,  39% used [0x00000000e5560000, 0x00000000e5db3e90, 0x00000000e6ab0000)
  to   space 21824K,   0% used [0x00000000e6ab0000, 0x00000000e6ab0000, 0x00000000e8000000)
 concurrent mark-sweep generation total 393216K, used 6638K [0x00000000e8000000, 0x0000000100000000, 0x0000000100000000)
 Metaspace       used 31410K, capacity 31850K, committed 32200K, reserved 1077248K
  class space    used 3524K, capacity 3684K, committed 3784K, reserved 1048576K
}
2017-01-30T17:33:55.830+0100: 26177,931: Total time for which application threads were stopped: 0,0233794 seconds, Stopping threads took: 0,0000165 seconds
2017-01-30T17:34:03.832+0100: 26185,932: Total time for which application threads were stopped: 0,0003204 seconds, Stopping threads took: 0,0000783 seconds
2017-01-30T17:34:34.836+0100: 26216,936: Total time for which application threads were stopped: 0,0004236 seconds, Stopping threads took: 0,0000376 seconds
2017-01-30T17:34:44.837+0100: 26226,937: Total time for which application threads were stopped: 0,0000686 seconds, Stopping threads took: 0,0000152 seconds
2017-01-30T17:34:54.838+0100: 26236,938: Total time for which application threads were stopped: 0,0000700 seconds, Stopping threads took: 0,0000161 seconds
2017-01-30T17:36:29.849+0100: 26331,949: Total time for which application threads were stopped: 0,0006388 seconds, Stopping threads took: 0,0001571 seconds
2017-01-30T17:37:05.853+0100: 26367,953: Total time for which application threads were stopped: 0,0001954 seconds, Stopping threads took: 0,0000440 seconds
2017-01-30T17:37:21.855+0100: 26383,955: Total time for which application threads were stopped: 0,0000913 seconds, Stopping threads took: 0,0000226 seconds
2017-01-30T17:38:03.862+0100: 26425,962: Total time for which application threads were stopped: 0,0001099 seconds, Stopping threads took: 0,0000401 seconds
2017-01-30T17:38:04.176+0100: 26426,277: Total time for which application threads were stopped: 0,0001078 seconds, Stopping threads took: 0,0000264 seconds
2017-01-30T17:38:04.177+0100: 26426,277: Total time for which application threads were stopped: 0,0000469 seconds, Stopping threads took: 0,0000124 seconds
2017-01-30T17:38:04.296+0100: 26426,396: Total time for which application threads were stopped: 0,0000999 seconds, Stopping threads took: 0,0000187 seconds
2017-01-30T17:38:04.296+0100: 26426,396: Total time for which application threads were stopped: 0,0000800 seconds, Stopping threads took: 0,0000125 seconds
2017-01-30T17:38:05.297+0100: 26427,397: Total time for which application threads were stopped: 0,0005354 seconds, Stopping threads took: 0,0001086 seconds
2017-01-30T17:38:15.300+0100: 26437,400: Total time for which application threads were stopped: 0,0000828 seconds, Stopping threads took: 0,0000206 seconds
2017-01-30T17:38:26.626+0100: 26448,726: Total time for which application threads were stopped: 0,0001539 seconds, Stopping threads took: 0,0000401 seconds
2017-01-30T17:38:26.627+0100: 26448,727: Total time for which application threads were stopped: 0,0001513 seconds, Stopping threads took: 0,0000064 seconds
2017-01-30T17:38:26.627+0100: 26448,727: Total time for which application threads were stopped: 0,0000386 seconds, Stopping threads took: 0,0000093 seconds
2017-01-30T17:42:19.500+0100: 26681,600: Total time for which application threads were stopped: 0,0000950 seconds, Stopping threads took: 0,0000336 seconds
2017-01-30T17:42:19.500+0100: 26681,600: Total time for which application threads were stopped: 0,0000959 seconds, Stopping threads took: 0,0000552 seconds
2017-01-30T17:42:19.502+0100: 26681,602: Total time for which application threads were stopped: 0,0000946 seconds, Stopping threads took: 0,0000244 seconds
2017-01-30T17:42:19.616+0100: 26681,716: Total time for which application threads were stopped: 0,0001328 seconds, Stopping threads took: 0,0000209 seconds
2017-01-30T17:42:19.616+0100: 26681,716: Total time for which application threads were stopped: 0,0000548 seconds, Stopping threads took: 0,0000079 seconds
2017-01-30T17:42:19.963+0100: 26682,063: Total time for which application threads were stopped: 0,0002173 seconds, Stopping threads took: 0,0000883 seconds
2017-01-30T17:42:19.965+0100: 26682,065: Total time for which application threads were stopped: 0,0007291 seconds, Stopping threads took: 0,0000433 seconds
2017-01-30T17:42:20.965+0100: 26683,065: Total time for which application threads were stopped: 0,0005113 seconds, Stopping threads took: 0,0001222 seconds
2017-01-30T17:43:40.395+0100: 26762,495: Total time for which application threads were stopped: 0,0006828 seconds, Stopping threads took: 0,0002632 seconds
2017-01-30T17:43:40.395+0100: 26762,496: Total time for which application threads were stopped: 0,0002518 seconds, Stopping threads took: 0,0000969 seconds
2017-01-30T17:43:40.396+0100: 26762,496: Total time for which application threads were stopped: 0,0004203 seconds, Stopping threads took: 0,0003418 seconds
2017-01-30T17:44:13.768+0100: 26795,868: Total time for which application threads were stopped: 0,0000984 seconds, Stopping threads took: 0,0000335 seconds
2017-01-30T17:44:13.768+0100: 26795,868: Total time for which application threads were stopped: 0,0000524 seconds, Stopping threads took: 0,0000163 seconds
2017-01-30T17:44:13.770+0100: 26795,871: Total time for which application threads were stopped: 0,0002472 seconds, Stopping threads took: 0,0000224 seconds
2017-01-30T17:44:13.905+0100: 26796,005: Total time for which application threads were stopped: 0,0003483 seconds, Stopping threads took: 0,0000791 seconds
2017-01-30T17:44:13.905+0100: 26796,006: Total time for which application threads were stopped: 0,0000789 seconds, Stopping threads took: 0,0000184 seconds
2017-01-30T17:44:15.906+0100: 26798,006: Total time for which application threads were stopped: 0,0000707 seconds, Stopping threads took: 0,0000150 seconds
2017-01-30T17:44:19.906+0100: 26802,007: Total time for which application threads were stopped: 0,0004780 seconds, Stopping threads took: 0,0000919 seconds
2017-01-30T17:44:27.543+0100: 26809,643: Total time for which application threads were stopped: 0,0001640 seconds, Stopping threads took: 0,0000344 seconds
2017-01-30T17:46:46.539+0100: 26948,639: Total time for which application threads were stopped: 0,0001420 seconds, Stopping threads took: 0,0000473 seconds
2017-01-30T17:46:46.539+0100: 26948,639: Total time for which application threads were stopped: 0,0000585 seconds, Stopping threads took: 0,0000175 seconds
2017-01-30T17:46:46.666+0100: 26948,766: Total time for which application threads were stopped: 0,0001417 seconds, Stopping threads took: 0,0000532 seconds
2017-01-30T17:46:46.667+0100: 26948,767: Total time for which application threads were stopped: 0,0000905 seconds, Stopping threads took: 0,0000264 seconds
2017-01-30T17:47:10.670+0100: 26972,770: Total time for which application threads were stopped: 0,0001035 seconds, Stopping threads took: 0,0000246 seconds
2017-01-30T17:47:17.671+0100: 26979,771: Total time for which application threads were stopped: 0,0000967 seconds, Stopping threads took: 0,0000237 seconds
2017-01-30T17:47:22.671+0100: 26984,771: Total time for which application threads were stopped: 0,0000771 seconds, Stopping threads took: 0,0000202 seconds
2017-01-30T17:47:26.556+0100: 26988,656: Total time for which application threads were stopped: 0,0001313 seconds, Stopping threads took: 0,0000361 seconds
2017-01-30T17:53:08.185+0100: 27330,285: Total time for which application threads were stopped: 0,0001361 seconds, Stopping threads took: 0,0000351 seconds
2017-01-30T17:53:08.199+0100: 27330,299: Total time for which application threads were stopped: 0,0001258 seconds, Stopping threads took: 0,0000358 seconds
2017-01-30T17:53:08.274+0100: 27330,374: Total time for which application threads were stopped: 0,0027914 seconds, Stopping threads took: 0,0000431 seconds
2017-01-30T17:53:08.321+0100: 27330,421: Total time for which application threads were stopped: 0,0001250 seconds, Stopping threads took: 0,0000219 seconds
2017-01-30T17:53:08.324+0100: 27330,424: Total time for which application threads were stopped: 0,0000877 seconds, Stopping threads took: 0,0000151 seconds
2017-01-30T17:53:08.332+0100: 27330,432: Total time for which application threads were stopped: 0,0000621 seconds, Stopping threads took: 0,0000183 seconds
Heap
 par new generation   total 109248K, used 87669K [0x00000000e0000000, 0x00000000e8000000, 0x00000000e8000000)
  eden space 87424K,  90% used [0x00000000e0000000, 0x00000000e4d49688, 0x00000000e5560000)
  from space 21824K,  39% used [0x00000000e5560000, 0x00000000e5db3e90, 0x00000000e6ab0000)
  to   space 21824K,   0% used [0x00000000e6ab0000, 0x00000000e6ab0000, 0x00000000e8000000)
 concurrent mark-sweep generation total 393216K, used 6638K [0x00000000e8000000, 0x0000000100000000, 0x0000000100000000)
 Metaspace       used 31511K, capacity 32020K, committed 32456K, reserved 1077248K
  class space    used 3538K, capacity 3719K, committed 3784K, reserved 1048576K
