OpenJDK 64-Bit Server VM (25.131-b11) for linux-amd64 JRE (1.8.0_131-8u131-b11-2ubuntu1.16.04.3-b11), built on Jul 28 2017 01:23:32 by "buildd" with gcc 5.4.0 20160609
Memory: 4k page, physical 7867732k(7478772k free), swap 8076284k(8076284k free)
CommandLine flags: -XX:CMSInitiatingOccupancyFraction=50 -XX:CMSMaxAbortablePrecleanTime=6000 -XX:+CMSParallelRemarkEnabled -XX:+CMSScavengeBeforeRemark -XX:ConcGCThreads=4 -XX:InitialHeapSize=536870912 -XX:MaxHeapSize=536870912 -XX:MaxTenuringThreshold=8 -XX:NewRatio=3 -XX:OldPLABSize=16 -XX:OnOutOfMemoryError=/opt/solr/bin/oom_solr.sh 8983 /var/solr/logs -XX:ParallelGCThreads=4 -XX:+ParallelRefProcEnabled -XX:PretenureSizeThreshold=67108864 -XX:+PrintGC -XX:+PrintGCApplicationStoppedTime -XX:+PrintGCDateStamps -XX:+PrintGCDetails -XX:+PrintGCTimeStamps -XX:+PrintHeapAtGC -XX:+PrintTenuringDistribution -XX:SurvivorRatio=4 -XX:TargetSurvivorRatio=90 -XX:ThreadStackSize=256 -XX:+UseCMSInitiatingOccupancyOnly -XX:+UseCompressedClassPointers -XX:+UseCompressedOops -XX:+UseConcMarkSweepGC -XX:+UseParNewGC 
2017-08-23T09:27:18.901+0200: 0,201: Total time for which application threads were stopped: 0,0000947 seconds, Stopping threads took: 0,0000158 seconds
2017-08-23T09:27:19.016+0200: 0,317: Total time for which application threads were stopped: 0,0000848 seconds, Stopping threads took: 0,0000156 seconds
2017-08-23T09:27:19.035+0200: 0,335: Total time for which application threads were stopped: 0,0000851 seconds, Stopping threads took: 0,0000156 seconds
2017-08-23T09:27:19.359+0200: 0,659: Total time for which application threads were stopped: 0,0001775 seconds, Stopping threads took: 0,0000139 seconds
2017-08-23T09:27:19.763+0200: 1,063: Total time for which application threads were stopped: 0,0004347 seconds, Stopping threads took: 0,0002850 seconds
2017-08-23T09:27:19.897+0200: 1,198: Total time for which application threads were stopped: 0,0002198 seconds, Stopping threads took: 0,0000249 seconds
2017-08-23T09:27:19.929+0200: 1,230: Total time for which application threads were stopped: 0,0047640 seconds, Stopping threads took: 0,0046177 seconds
2017-08-23T09:27:20.203+0200: 1,504: Total time for which application threads were stopped: 0,0001903 seconds, Stopping threads took: 0,0000234 seconds
2017-08-23T09:27:20.451+0200: 1,752: Total time for which application threads were stopped: 0,0002082 seconds, Stopping threads took: 0,0000153 seconds
2017-08-23T09:27:20.475+0200: 1,776: Total time for which application threads were stopped: 0,0002195 seconds, Stopping threads took: 0,0000188 seconds
2017-08-23T09:27:20.516+0200: 1,817: Total time for which application threads were stopped: 0,0006797 seconds, Stopping threads took: 0,0001319 seconds
2017-08-23T09:27:20.517+0200: 1,818: Total time for which application threads were stopped: 0,0002888 seconds, Stopping threads took: 0,0000178 seconds
2017-08-23T09:27:20.536+0200: 1,837: Total time for which application threads were stopped: 0,0001813 seconds, Stopping threads took: 0,0000113 seconds
2017-08-23T09:27:20.629+0200: 1,930: Total time for which application threads were stopped: 0,0002658 seconds, Stopping threads took: 0,0000303 seconds
2017-08-23T09:27:20.806+0200: 2,107: Total time for which application threads were stopped: 0,0015177 seconds, Stopping threads took: 0,0012870 seconds
{Heap before GC invocations=0 (full 0):
 par new generation   total 109248K, used 87424K [0x00000000e0000000, 0x00000000e8000000, 0x00000000e8000000)
  eden space 87424K, 100% used [0x00000000e0000000, 0x00000000e5560000, 0x00000000e5560000)
  from space 21824K,   0% used [0x00000000e5560000, 0x00000000e5560000, 0x00000000e6ab0000)
  to   space 21824K,   0% used [0x00000000e6ab0000, 0x00000000e6ab0000, 0x00000000e8000000)
 concurrent mark-sweep generation total 393216K, used 0K [0x00000000e8000000, 0x0000000100000000, 0x0000000100000000)
 Metaspace       used 17815K, capacity 18176K, committed 18304K, reserved 1064960K
  class space    used 2025K, capacity 2164K, committed 2176K, reserved 1048576K
2017-08-23T09:27:20.835+0200: 2,136: [GC (Allocation Failure) 2017-08-23T09:27:20.835+0200: 2,136: [ParNew
Desired survivor size 20112992 bytes, new threshold 8 (max 8)
- age   1:   11535024 bytes,   11535024 total
: 87424K->11369K(109248K), 0,0143658 secs] 87424K->11369K(502464K), 0,0144426 secs] [Times: user=0,05 sys=0,00, real=0,02 secs] 
Heap after GC invocations=1 (full 0):
 par new generation   total 109248K, used 11369K [0x00000000e0000000, 0x00000000e8000000, 0x00000000e8000000)
  eden space 87424K,   0% used [0x00000000e0000000, 0x00000000e0000000, 0x00000000e5560000)
  from space 21824K,  52% used [0x00000000e6ab0000, 0x00000000e75ca5f0, 0x00000000e8000000)
  to   space 21824K,   0% used [0x00000000e5560000, 0x00000000e5560000, 0x00000000e6ab0000)
 concurrent mark-sweep generation total 393216K, used 0K [0x00000000e8000000, 0x0000000100000000, 0x0000000100000000)
 Metaspace       used 17815K, capacity 18176K, committed 18304K, reserved 1064960K
  class space    used 2025K, capacity 2164K, committed 2176K, reserved 1048576K
}
2017-08-23T09:27:20.850+0200: 2,150: Total time for which application threads were stopped: 0,0152253 seconds, Stopping threads took: 0,0006357 seconds
2017-08-23T09:27:21.257+0200: 2,558: Total time for which application threads were stopped: 0,0019371 seconds, Stopping threads took: 0,0016105 seconds
{Heap before GC invocations=1 (full 0):
 par new generation   total 109248K, used 98793K [0x00000000e0000000, 0x00000000e8000000, 0x00000000e8000000)
  eden space 87424K, 100% used [0x00000000e0000000, 0x00000000e5560000, 0x00000000e5560000)
  from space 21824K,  52% used [0x00000000e6ab0000, 0x00000000e75ca5f0, 0x00000000e8000000)
  to   space 21824K,   0% used [0x00000000e5560000, 0x00000000e5560000, 0x00000000e6ab0000)
 concurrent mark-sweep generation total 393216K, used 0K [0x00000000e8000000, 0x0000000100000000, 0x0000000100000000)
 Metaspace       used 20062K, capacity 20428K, committed 20736K, reserved 1067008K
  class space    used 2294K, capacity 2468K, committed 2560K, reserved 1048576K
2017-08-23T09:27:21.307+0200: 2,607: [GC (Allocation Failure) 2017-08-23T09:27:21.307+0200: 2,607: [ParNew
Desired survivor size 20112992 bytes, new threshold 8 (max 8)
- age   1:    4439624 bytes,    4439624 total
- age   2:    6105904 bytes,   10545528 total
: 98793K->12724K(109248K), 0,0160993 secs] 98793K->12724K(502464K), 0,0161671 secs] [Times: user=0,06 sys=0,00, real=0,01 secs] 
Heap after GC invocations=2 (full 0):
 par new generation   total 109248K, used 12724K [0x00000000e0000000, 0x00000000e8000000, 0x00000000e8000000)
  eden space 87424K,   0% used [0x00000000e0000000, 0x00000000e0000000, 0x00000000e5560000)
  from space 21824K,  58% used [0x00000000e5560000, 0x00000000e61cd250, 0x00000000e6ab0000)
  to   space 21824K,   0% used [0x00000000e6ab0000, 0x00000000e6ab0000, 0x00000000e8000000)
 concurrent mark-sweep generation total 393216K, used 0K [0x00000000e8000000, 0x0000000100000000, 0x0000000100000000)
 Metaspace       used 20062K, capacity 20428K, committed 20736K, reserved 1067008K
  class space    used 2294K, capacity 2468K, committed 2560K, reserved 1048576K
}
2017-08-23T09:27:21.323+0200: 2,623: Total time for which application threads were stopped: 0,0163628 seconds, Stopping threads took: 0,0000566 seconds
2017-08-23T09:27:21.346+0200: 2,647: Total time for which application threads were stopped: 0,0008284 seconds, Stopping threads took: 0,0005608 seconds
2017-08-23T09:27:21.387+0200: 2,688: Total time for which application threads were stopped: 0,0004236 seconds, Stopping threads took: 0,0000421 seconds
2017-08-23T09:27:21.499+0200: 2,799: Total time for which application threads were stopped: 0,0001905 seconds, Stopping threads took: 0,0000299 seconds
{Heap before GC invocations=2 (full 0):
 par new generation   total 109248K, used 100148K [0x00000000e0000000, 0x00000000e8000000, 0x00000000e8000000)
  eden space 87424K, 100% used [0x00000000e0000000, 0x00000000e5560000, 0x00000000e5560000)
  from space 21824K,  58% used [0x00000000e5560000, 0x00000000e61cd250, 0x00000000e6ab0000)
  to   space 21824K,   0% used [0x00000000e6ab0000, 0x00000000e6ab0000, 0x00000000e8000000)
 concurrent mark-sweep generation total 393216K, used 0K [0x00000000e8000000, 0x0000000100000000, 0x0000000100000000)
 Metaspace       used 20997K, capacity 21350K, committed 21628K, reserved 1069056K
  class space    used 2417K, capacity 2587K, committed 2684K, reserved 1048576K
2017-08-23T09:27:21.533+0200: 2,833: [GC (Allocation Failure) 2017-08-23T09:27:21.533+0200: 2,833: [ParNew
Desired survivor size 20112992 bytes, new threshold 8 (max 8)
- age   1:    2009408 bytes,    2009408 total
- age   2:    1412800 bytes,    3422208 total
- age   3:    6104104 bytes,    9526312 total
: 100148K->14312K(109248K), 0,0188527 secs] 100148K->14312K(502464K), 0,0189337 secs] [Times: user=0,07 sys=0,00, real=0,02 secs] 
Heap after GC invocations=3 (full 0):
 par new generation   total 109248K, used 14312K [0x00000000e0000000, 0x00000000e8000000, 0x00000000e8000000)
  eden space 87424K,   0% used [0x00000000e0000000, 0x00000000e0000000, 0x00000000e5560000)
  from space 21824K,  65% used [0x00000000e6ab0000, 0x00000000e78aa100, 0x00000000e8000000)
  to   space 21824K,   0% used [0x00000000e5560000, 0x00000000e5560000, 0x00000000e6ab0000)
 concurrent mark-sweep generation total 393216K, used 0K [0x00000000e8000000, 0x0000000100000000, 0x0000000100000000)
 Metaspace       used 20997K, capacity 21350K, committed 21628K, reserved 1069056K
  class space    used 2417K, capacity 2587K, committed 2684K, reserved 1048576K
}
2017-08-23T09:27:21.552+0200: 2,852: Total time for which application threads were stopped: 0,0191657 seconds, Stopping threads took: 0,0000644 seconds
2017-08-23T09:27:21.565+0200: 2,866: [GC (CMS Initial Mark) [1 CMS-initial-mark: 0K(393216K)] 29857K(502464K), 0,0062020 secs] [Times: user=0,02 sys=0,00, real=0,00 secs] 
2017-08-23T09:27:21.571+0200: 2,872: Total time for which application threads were stopped: 0,0082603 seconds, Stopping threads took: 0,0019490 seconds
2017-08-23T09:27:21.571+0200: 2,872: [CMS-concurrent-mark-start]
2017-08-23T09:27:21.572+0200: 2,873: [CMS-concurrent-mark: 0,001/0,001 secs] [Times: user=0,00 sys=0,00, real=0,00 secs] 
2017-08-23T09:27:21.572+0200: 2,873: [CMS-concurrent-preclean-start]
2017-08-23T09:27:21.573+0200: 2,874: [CMS-concurrent-preclean: 0,001/0,001 secs] [Times: user=0,00 sys=0,00, real=0,00 secs] 
2017-08-23T09:27:21.573+0200: 2,874: [CMS-concurrent-abortable-preclean-start]
2017-08-23T09:27:21.616+0200: 2,917: Total time for which application threads were stopped: 0,0001949 seconds, Stopping threads took: 0,0000744 seconds
{Heap before GC invocations=3 (full 1):
 par new generation   total 109248K, used 101736K [0x00000000e0000000, 0x00000000e8000000, 0x00000000e8000000)
  eden space 87424K, 100% used [0x00000000e0000000, 0x00000000e5560000, 0x00000000e5560000)
  from space 21824K,  65% used [0x00000000e6ab0000, 0x00000000e78aa100, 0x00000000e8000000)
  to   space 21824K,   0% used [0x00000000e5560000, 0x00000000e5560000, 0x00000000e6ab0000)
 concurrent mark-sweep generation total 393216K, used 0K [0x00000000e8000000, 0x0000000100000000, 0x0000000100000000)
 Metaspace       used 21258K, capacity 21623K, committed 21884K, reserved 1069056K
  class space    used 2445K, capacity 2602K, committed 2684K, reserved 1048576K
2017-08-23T09:27:21.662+0200: 2,963: [GC (Allocation Failure) 2017-08-23T09:27:21.662+0200: 2,963: [ParNew
Desired survivor size 20112992 bytes, new threshold 8 (max 8)
- age   1:    1467408 bytes,    1467408 total
- age   2:    1474816 bytes,    2942224 total
- age   3:    1376072 bytes,    4318296 total
- age   4:    6104080 bytes,   10422376 total
: 101736K->11777K(109248K), 0,0136718 secs] 101736K->11777K(502464K), 0,0137430 secs] [Times: user=0,04 sys=0,00, real=0,01 secs] 
Heap after GC invocations=4 (full 1):
 par new generation   total 109248K, used 11777K [0x00000000e0000000, 0x00000000e8000000, 0x00000000e8000000)
  eden space 87424K,   0% used [0x00000000e0000000, 0x00000000e0000000, 0x00000000e5560000)
  from space 21824K,  53% used [0x00000000e5560000, 0x00000000e60e0740, 0x00000000e6ab0000)
  to   space 21824K,   0% used [0x00000000e6ab0000, 0x00000000e6ab0000, 0x00000000e8000000)
 concurrent mark-sweep generation total 393216K, used 0K [0x00000000e8000000, 0x0000000100000000, 0x0000000100000000)
 Metaspace       used 21258K, capacity 21623K, committed 21884K, reserved 1069056K
  class space    used 2445K, capacity 2602K, committed 2684K, reserved 1048576K
}
2017-08-23T09:27:21.676+0200: 2,977: Total time for which application threads were stopped: 0,0139674 seconds, Stopping threads took: 0,0000690 seconds
{Heap before GC invocations=4 (full 1):
 par new generation   total 109248K, used 99201K [0x00000000e0000000, 0x00000000e8000000, 0x00000000e8000000)
  eden space 87424K, 100% used [0x00000000e0000000, 0x00000000e5560000, 0x00000000e5560000)
  from space 21824K,  53% used [0x00000000e5560000, 0x00000000e60e0740, 0x00000000e6ab0000)
  to   space 21824K,   0% used [0x00000000e6ab0000, 0x00000000e6ab0000, 0x00000000e8000000)
 concurrent mark-sweep generation total 393216K, used 0K [0x00000000e8000000, 0x0000000100000000, 0x0000000100000000)
 Metaspace       used 21410K, capacity 21789K, committed 21884K, reserved 1069056K
  class space    used 2465K, capacity 2635K, committed 2684K, reserved 1048576K
2017-08-23T09:27:21.778+0200: 3,079: [GC (Allocation Failure) 2017-08-23T09:27:21.778+0200: 3,079: [ParNew
Desired survivor size 20112992 bytes, new threshold 8 (max 8)
- age   1:     792296 bytes,     792296 total
- age   2:     180224 bytes,     972520 total
- age   3:    1474520 bytes,    2447040 total
- age   4:    1375960 bytes,    3823000 total
- age   5:    6104216 bytes,    9927216 total
: 99201K->13217K(109248K), 0,0106005 secs] 99201K->13217K(502464K), 0,0106936 secs] [Times: user=0,04 sys=0,00, real=0,01 secs] 
Heap after GC invocations=5 (full 1):
 par new generation   total 109248K, used 13217K [0x00000000e0000000, 0x00000000e8000000, 0x00000000e8000000)
  eden space 87424K,   0% used [0x00000000e0000000, 0x00000000e0000000, 0x00000000e5560000)
  from space 21824K,  60% used [0x00000000e6ab0000, 0x00000000e7798410, 0x00000000e8000000)
  to   space 21824K,   0% used [0x00000000e5560000, 0x00000000e5560000, 0x00000000e6ab0000)
 concurrent mark-sweep generation total 393216K, used 0K [0x00000000e8000000, 0x0000000100000000, 0x0000000100000000)
 Metaspace       used 21410K, capacity 21789K, committed 21884K, reserved 1069056K
  class space    used 2465K, capacity 2635K, committed 2684K, reserved 1048576K
}
2017-08-23T09:27:21.789+0200: 3,089: Total time for which application threads were stopped: 0,0109329 seconds, Stopping threads took: 0,0000893 seconds
2017-08-23T09:27:21.789+0200: 3,089: [CMS-concurrent-abortable-preclean: 0,152/0,215 secs] [Times: user=0,80 sys=0,00, real=0,22 secs] 
2017-08-23T09:27:21.793+0200: 3,093: [GC (CMS Final Remark) [YG occupancy: 14482 K (109248 K)]{Heap before GC invocations=5 (full 1):
 par new generation   total 109248K, used 14482K [0x00000000e0000000, 0x00000000e8000000, 0x00000000e8000000)
  eden space 87424K,   1% used [0x00000000e0000000, 0x00000000e013c688, 0x00000000e5560000)
  from space 21824K,  60% used [0x00000000e6ab0000, 0x00000000e7798410, 0x00000000e8000000)
  to   space 21824K,   0% used [0x00000000e5560000, 0x00000000e5560000, 0x00000000e6ab0000)
 concurrent mark-sweep generation total 393216K, used 0K [0x00000000e8000000, 0x0000000100000000, 0x0000000100000000)
 Metaspace       used 21410K, capacity 21789K, committed 21884K, reserved 1069056K
  class space    used 2465K, capacity 2635K, committed 2684K, reserved 1048576K
2017-08-23T09:27:21.793+0200: 3,094: [GC (CMS Final Remark) 2017-08-23T09:27:21.793+0200: 3,094: [ParNew
Desired survivor size 20112992 bytes, new threshold 8 (max 8)
- age   1:     114184 bytes,     114184 total
- age   2:     735672 bytes,     849856 total
- age   3:     180224 bytes,    1030080 total
- age   4:    1474632 bytes,    2504712 total
- age   5:    1375960 bytes,    3880672 total
- age   6:    6104080 bytes,    9984752 total
: 14482K->11676K(109248K), 0,0089883 secs] 14482K->11676K(502464K), 0,0090250 secs] [Times: user=0,03 sys=0,00, real=0,01 secs] 
Heap after GC invocations=6 (full 1):
 par new generation   total 109248K, used 11676K [0x00000000e0000000, 0x00000000e8000000, 0x00000000e8000000)
  eden space 87424K,   0% used [0x00000000e0000000, 0x00000000e0000000, 0x00000000e5560000)
  from space 21824K,  53% used [0x00000000e5560000, 0x00000000e60c7200, 0x00000000e6ab0000)
  to   space 21824K,   0% used [0x00000000e6ab0000, 0x00000000e6ab0000, 0x00000000e8000000)
 concurrent mark-sweep generation total 393216K, used 0K [0x00000000e8000000, 0x0000000100000000, 0x0000000100000000)
 Metaspace       used 21410K, capacity 21789K, committed 21884K, reserved 1069056K
  class space    used 2465K, capacity 2635K, committed 2684K, reserved 1048576K
}
2017-08-23T09:27:21.802+0200: 3,103: [Rescan (parallel) , 0,0033543 secs]2017-08-23T09:27:21.805+0200: 3,106: [weak refs processing, 0,0109727 secs]2017-08-23T09:27:21.816+0200: 3,117: [class unloading, 0,0031815 secs]2017-08-23T09:27:21.820+0200: 3,120: [scrub symbol table, 0,0025956 secs]2017-08-23T09:27:21.822+0200: 3,123: [scrub string table, 0,0004773 secs][1 CMS-remark: 0K(393216K)] 11676K(502464K), 0,0303066 secs] [Times: user=0,07 sys=0,00, real=0,03 secs] 
2017-08-23T09:27:21.823+0200: 3,124: Total time for which application threads were stopped: 0,0343776 seconds, Stopping threads took: 0,0039943 seconds
2017-08-23T09:27:21.823+0200: 3,124: [CMS-concurrent-sweep-start]
2017-08-23T09:27:21.823+0200: 3,124: [CMS-concurrent-sweep: 0,000/0,000 secs] [Times: user=0,00 sys=0,00, real=0,00 secs] 
2017-08-23T09:27:21.823+0200: 3,124: [CMS-concurrent-reset-start]
2017-08-23T09:27:21.826+0200: 3,126: [CMS-concurrent-reset: 0,002/0,002 secs] [Times: user=0,00 sys=0,00, real=0,01 secs] 
2017-08-23T09:27:21.861+0200: 3,162: Total time for which application threads were stopped: 0,0003545 seconds, Stopping threads took: 0,0000278 seconds
2017-08-23T09:27:22.095+0200: 3,395: Total time for which application threads were stopped: 0,0004948 seconds, Stopping threads took: 0,0000232 seconds
2017-08-23T09:27:22.108+0200: 3,408: Total time for which application threads were stopped: 0,0003891 seconds, Stopping threads took: 0,0000348 seconds
{Heap before GC invocations=6 (full 1):
 par new generation   total 109248K, used 99100K [0x00000000e0000000, 0x00000000e8000000, 0x00000000e8000000)
  eden space 87424K, 100% used [0x00000000e0000000, 0x00000000e5560000, 0x00000000e5560000)
  from space 21824K,  53% used [0x00000000e5560000, 0x00000000e60c7200, 0x00000000e6ab0000)
  to   space 21824K,   0% used [0x00000000e6ab0000, 0x00000000e6ab0000, 0x00000000e8000000)
 concurrent mark-sweep generation total 393216K, used 0K [0x00000000e8000000, 0x0000000100000000, 0x0000000100000000)
 Metaspace       used 23887K, capacity 24395K, committed 24572K, reserved 1071104K
  class space    used 2812K, capacity 3012K, committed 3068K, reserved 1048576K
2017-08-23T09:27:22.263+0200: 3,564: [GC (Allocation Failure) 2017-08-23T09:27:22.263+0200: 3,564: [ParNew
Desired survivor size 20112992 bytes, new threshold 8 (max 8)
- age   1:    5384424 bytes,    5384424 total
- age   3:     107336 bytes,    5491760 total
- age   4:     178728 bytes,    5670488 total
- age   5:     304824 bytes,    5975312 total
- age   6:    1351520 bytes,    7326832 total
- age   7:    6096272 bytes,   13423104 total
: 99100K->17545K(109248K), 0,0158395 secs] 99100K->17545K(502464K), 0,0159109 secs] [Times: user=0,05 sys=0,00, real=0,02 secs] 
Heap after GC invocations=7 (full 1):
 par new generation   total 109248K, used 17545K [0x00000000e0000000, 0x00000000e8000000, 0x00000000e8000000)
  eden space 87424K,   0% used [0x00000000e0000000, 0x00000000e0000000, 0x00000000e5560000)
  from space 21824K,  80% used [0x00000000e6ab0000, 0x00000000e7bd2480, 0x00000000e8000000)
  to   space 21824K,   0% used [0x00000000e5560000, 0x00000000e5560000, 0x00000000e6ab0000)
 concurrent mark-sweep generation total 393216K, used 0K [0x00000000e8000000, 0x0000000100000000, 0x0000000100000000)
 Metaspace       used 23887K, capacity 24395K, committed 24572K, reserved 1071104K
  class space    used 2812K, capacity 3012K, committed 3068K, reserved 1048576K
}
2017-08-23T09:27:22.279+0200: 3,580: Total time for which application threads were stopped: 0,0162661 seconds, Stopping threads took: 0,0001595 seconds
{Heap before GC invocations=7 (full 1):
 par new generation   total 109248K, used 104969K [0x00000000e0000000, 0x00000000e8000000, 0x00000000e8000000)
  eden space 87424K, 100% used [0x00000000e0000000, 0x00000000e5560000, 0x00000000e5560000)
  from space 21824K,  80% used [0x00000000e6ab0000, 0x00000000e7bd2480, 0x00000000e8000000)
  to   space 21824K,   0% used [0x00000000e5560000, 0x00000000e5560000, 0x00000000e6ab0000)
 concurrent mark-sweep generation total 393216K, used 0K [0x00000000e8000000, 0x0000000100000000, 0x0000000100000000)
 Metaspace       used 24438K, capacity 24881K, committed 25084K, reserved 1071104K
  class space    used 2860K, capacity 3045K, committed 3068K, reserved 1048576K
2017-08-23T09:27:22.401+0200: 3,702: [GC (Allocation Failure) 2017-08-23T09:27:22.401+0200: 3,702: [ParNew
Desired survivor size 20112992 bytes, new threshold 8 (max 8)
- age   1:    2297440 bytes,    2297440 total
- age   2:    1784896 bytes,    4082336 total
- age   4:      55952 bytes,    4138288 total
- age   5:     105768 bytes,    4244056 total
- age   6:     189984 bytes,    4434040 total
- age   7:    1042208 bytes,    5476248 total
- age   8:    5848664 bytes,   11324912 total
: 104969K->14217K(109248K), 0,0486086 secs] 104969K->14217K(502464K), 0,0486921 secs] [Times: user=0,09 sys=0,00, real=0,05 secs] 
Heap after GC invocations=8 (full 1):
 par new generation   total 109248K, used 14217K [0x00000000e0000000, 0x00000000e8000000, 0x00000000e8000000)
  eden space 87424K,   0% used [0x00000000e0000000, 0x00000000e0000000, 0x00000000e5560000)
  from space 21824K,  65% used [0x00000000e5560000, 0x00000000e6342580, 0x00000000e6ab0000)
  to   space 21824K,   0% used [0x00000000e6ab0000, 0x00000000e6ab0000, 0x00000000e8000000)
 concurrent mark-sweep generation total 393216K, used 0K [0x00000000e8000000, 0x0000000100000000, 0x0000000100000000)
 Metaspace       used 24438K, capacity 24881K, committed 25084K, reserved 1071104K
  class space    used 2860K, capacity 3045K, committed 3068K, reserved 1048576K
}
2017-08-23T09:27:22.450+0200: 3,750: Total time for which application threads were stopped: 0,0514693 seconds, Stopping threads took: 0,0025445 seconds
{Heap before GC invocations=8 (full 1):
 par new generation   total 109248K, used 101641K [0x00000000e0000000, 0x00000000e8000000, 0x00000000e8000000)
  eden space 87424K, 100% used [0x00000000e0000000, 0x00000000e5560000, 0x00000000e5560000)
  from space 21824K,  65% used [0x00000000e5560000, 0x00000000e6342580, 0x00000000e6ab0000)
  to   space 21824K,   0% used [0x00000000e6ab0000, 0x00000000e6ab0000, 0x00000000e8000000)
 concurrent mark-sweep generation total 393216K, used 0K [0x00000000e8000000, 0x0000000100000000, 0x0000000100000000)
 Metaspace       used 24804K, capacity 25329K, committed 25468K, reserved 1071104K
  class space    used 2895K, capacity 3083K, committed 3196K, reserved 1048576K
2017-08-23T09:27:22.540+0200: 3,841: [GC (Allocation Failure) 2017-08-23T09:27:22.541+0200: 3,841: [ParNew
Desired survivor size 20112992 bytes, new threshold 8 (max 8)
- age   1:     833392 bytes,     833392 total
- age   2:     994992 bytes,    1828384 total
- age   3:    1762576 bytes,    3590960 total
- age   5:      55952 bytes,    3646912 total
- age   6:     105464 bytes,    3752376 total
- age   7:     187216 bytes,    3939592 total
- age   8:    1041440 bytes,    4981032 total
: 101641K->10071K(109248K), 0,0274502 secs] 101641K->15865K(502464K), 0,0275222 secs] [Times: user=0,10 sys=0,00, real=0,03 secs] 
Heap after GC invocations=9 (full 1):
 par new generation   total 109248K, used 10071K [0x00000000e0000000, 0x00000000e8000000, 0x00000000e8000000)
  eden space 87424K,   0% used [0x00000000e0000000, 0x00000000e0000000, 0x00000000e5560000)
  from space 21824K,  46% used [0x00000000e6ab0000, 0x00000000e7485ee0, 0x00000000e8000000)
  to   space 21824K,   0% used [0x00000000e5560000, 0x00000000e5560000, 0x00000000e6ab0000)
 concurrent mark-sweep generation total 393216K, used 5793K [0x00000000e8000000, 0x0000000100000000, 0x0000000100000000)
 Metaspace       used 24804K, capacity 25329K, committed 25468K, reserved 1071104K
  class space    used 2895K, capacity 3083K, committed 3196K, reserved 1048576K
}
2017-08-23T09:27:22.568+0200: 3,869: Total time for which application threads were stopped: 0,0277659 seconds, Stopping threads took: 0,0000635 seconds
2017-08-23T09:27:22.752+0200: 4,052: Total time for which application threads were stopped: 0,0005012 seconds, Stopping threads took: 0,0001054 seconds
2017-08-23T09:27:22.754+0200: 4,055: Total time for which application threads were stopped: 0,0001491 seconds, Stopping threads took: 0,0000392 seconds
2017-08-23T09:27:22.757+0200: 4,058: Total time for which application threads were stopped: 0,0019065 seconds, Stopping threads took: 0,0017671 seconds
2017-08-23T09:27:22.759+0200: 4,059: Total time for which application threads were stopped: 0,0001698 seconds, Stopping threads took: 0,0000225 seconds
2017-08-23T09:27:22.760+0200: 4,061: Total time for which application threads were stopped: 0,0002259 seconds, Stopping threads took: 0,0001230 seconds
2017-08-23T09:27:22.760+0200: 4,061: Total time for which application threads were stopped: 0,0000979 seconds, Stopping threads took: 0,0000237 seconds
2017-08-23T09:27:22.771+0200: 4,072: Total time for which application threads were stopped: 0,0001374 seconds, Stopping threads took: 0,0000376 seconds
2017-08-23T09:27:22.779+0200: 4,080: Total time for which application threads were stopped: 0,0001848 seconds, Stopping threads took: 0,0000348 seconds
2017-08-23T09:27:22.781+0200: 4,082: Total time for which application threads were stopped: 0,0010444 seconds, Stopping threads took: 0,0009721 seconds
2017-08-23T09:27:22.787+0200: 4,088: Total time for which application threads were stopped: 0,0010484 seconds, Stopping threads took: 0,0009370 seconds
2017-08-23T09:27:22.788+0200: 4,089: Total time for which application threads were stopped: 0,0001024 seconds, Stopping threads took: 0,0000305 seconds
2017-08-23T09:27:22.792+0200: 4,092: Total time for which application threads were stopped: 0,0001397 seconds, Stopping threads took: 0,0000423 seconds
2017-08-23T09:27:22.793+0200: 4,094: Total time for which application threads were stopped: 0,0001382 seconds, Stopping threads took: 0,0000543 seconds
2017-08-23T09:27:22.794+0200: 4,094: Total time for which application threads were stopped: 0,0001288 seconds, Stopping threads took: 0,0000338 seconds
2017-08-23T09:27:22.801+0200: 4,102: Total time for which application threads were stopped: 0,0040957 seconds, Stopping threads took: 0,0039963 seconds
2017-08-23T09:27:22.805+0200: 4,106: Total time for which application threads were stopped: 0,0001806 seconds, Stopping threads took: 0,0001113 seconds
2017-08-23T09:27:22.808+0200: 4,109: Total time for which application threads were stopped: 0,0001470 seconds, Stopping threads took: 0,0000528 seconds
2017-08-23T09:27:22.836+0200: 4,137: Total time for which application threads were stopped: 0,0001276 seconds, Stopping threads took: 0,0000248 seconds
2017-08-23T09:27:22.837+0200: 4,138: Total time for which application threads were stopped: 0,0000853 seconds, Stopping threads took: 0,0000191 seconds
2017-08-23T09:27:22.839+0200: 4,139: Total time for which application threads were stopped: 0,0001123 seconds, Stopping threads took: 0,0000431 seconds
2017-08-23T09:27:22.840+0200: 4,141: Total time for which application threads were stopped: 0,0001124 seconds, Stopping threads took: 0,0000444 seconds
2017-08-23T09:27:22.844+0200: 4,144: Total time for which application threads were stopped: 0,0001765 seconds, Stopping threads took: 0,0001008 seconds
2017-08-23T09:27:22.854+0200: 4,155: Total time for which application threads were stopped: 0,0005087 seconds, Stopping threads took: 0,0000393 seconds
2017-08-23T09:27:22.857+0200: 4,158: Total time for which application threads were stopped: 0,0001515 seconds, Stopping threads took: 0,0000591 seconds
2017-08-23T09:27:22.858+0200: 4,159: Total time for which application threads were stopped: 0,0001355 seconds, Stopping threads took: 0,0000418 seconds
2017-08-23T09:27:22.870+0200: 4,171: Total time for which application threads were stopped: 0,0001944 seconds, Stopping threads took: 0,0000321 seconds
2017-08-23T09:27:22.871+0200: 4,172: Total time for which application threads were stopped: 0,0003865 seconds, Stopping threads took: 0,0000125 seconds
2017-08-23T09:27:22.873+0200: 4,174: Total time for which application threads were stopped: 0,0008025 seconds, Stopping threads took: 0,0007165 seconds
2017-08-23T09:27:22.883+0200: 4,184: Total time for which application threads were stopped: 0,0061261 seconds, Stopping threads took: 0,0060352 seconds
2017-08-23T09:27:22.887+0200: 4,188: Total time for which application threads were stopped: 0,0000924 seconds, Stopping threads took: 0,0000228 seconds
2017-08-23T09:27:22.891+0200: 4,192: Total time for which application threads were stopped: 0,0003707 seconds, Stopping threads took: 0,0000399 seconds
2017-08-23T09:27:22.892+0200: 4,193: Total time for which application threads were stopped: 0,0001069 seconds, Stopping threads took: 0,0000171 seconds
2017-08-23T09:27:22.893+0200: 4,194: Total time for which application threads were stopped: 0,0001091 seconds, Stopping threads took: 0,0000369 seconds
2017-08-23T09:27:22.893+0200: 4,194: Total time for which application threads were stopped: 0,0000780 seconds, Stopping threads took: 0,0000143 seconds
2017-08-23T09:27:22.933+0200: 4,234: Total time for which application threads were stopped: 0,0004284 seconds, Stopping threads took: 0,0000485 seconds
2017-08-23T09:27:22.940+0200: 4,241: Total time for which application threads were stopped: 0,0001182 seconds, Stopping threads took: 0,0000331 seconds
2017-08-23T09:27:22.941+0200: 4,242: Total time for which application threads were stopped: 0,0000977 seconds, Stopping threads took: 0,0000381 seconds
2017-08-23T09:27:22.942+0200: 4,243: Total time for which application threads were stopped: 0,0000813 seconds, Stopping threads took: 0,0000217 seconds
2017-08-23T09:27:22.949+0200: 4,250: Total time for which application threads were stopped: 0,0013631 seconds, Stopping threads took: 0,0012924 seconds
2017-08-23T09:27:22.955+0200: 4,256: Total time for which application threads were stopped: 0,0000946 seconds, Stopping threads took: 0,0000457 seconds
2017-08-23T09:27:22.961+0200: 4,262: Total time for which application threads were stopped: 0,0000903 seconds, Stopping threads took: 0,0000278 seconds
2017-08-23T09:27:22.962+0200: 4,262: Total time for which application threads were stopped: 0,0000816 seconds, Stopping threads took: 0,0000204 seconds
2017-08-23T09:27:22.962+0200: 4,263: Total time for which application threads were stopped: 0,0000715 seconds, Stopping threads took: 0,0000170 seconds
2017-08-23T09:27:22.963+0200: 4,264: Total time for which application threads were stopped: 0,0000873 seconds, Stopping threads took: 0,0000201 seconds
2017-08-23T09:27:22.964+0200: 4,265: Total time for which application threads were stopped: 0,0001221 seconds, Stopping threads took: 0,0000378 seconds
2017-08-23T09:27:22.969+0200: 4,270: Total time for which application threads were stopped: 0,0002072 seconds, Stopping threads took: 0,0001427 seconds
2017-08-23T09:27:22.969+0200: 4,270: Total time for which application threads were stopped: 0,0002338 seconds, Stopping threads took: 0,0001877 seconds
2017-08-23T09:27:22.969+0200: 4,270: Total time for which application threads were stopped: 0,0000574 seconds, Stopping threads took: 0,0000147 seconds
2017-08-23T09:27:22.970+0200: 4,270: Total time for which application threads were stopped: 0,0000883 seconds, Stopping threads took: 0,0000253 seconds
2017-08-23T09:27:22.970+0200: 4,271: Total time for which application threads were stopped: 0,0000935 seconds, Stopping threads took: 0,0000587 seconds
2017-08-23T09:27:22.970+0200: 4,271: Total time for which application threads were stopped: 0,0000409 seconds, Stopping threads took: 0,0000150 seconds
2017-08-23T09:27:22.970+0200: 4,271: Total time for which application threads were stopped: 0,0001226 seconds, Stopping threads took: 0,0000160 seconds
2017-08-23T09:27:22.973+0200: 4,274: Total time for which application threads were stopped: 0,0001780 seconds, Stopping threads took: 0,0001235 seconds
2017-08-23T09:27:22.974+0200: 4,275: Total time for which application threads were stopped: 0,0001166 seconds, Stopping threads took: 0,0000478 seconds
2017-08-23T09:27:22.978+0200: 4,279: Total time for which application threads were stopped: 0,0000920 seconds, Stopping threads took: 0,0000375 seconds
2017-08-23T09:27:22.982+0200: 4,283: Total time for which application threads were stopped: 0,0001398 seconds, Stopping threads took: 0,0000679 seconds
2017-08-23T09:27:22.990+0200: 4,290: Total time for which application threads were stopped: 0,0001083 seconds, Stopping threads took: 0,0000197 seconds
2017-08-23T09:27:22.996+0200: 4,297: Total time for which application threads were stopped: 0,0001566 seconds, Stopping threads took: 0,0000764 seconds
2017-08-23T09:27:23.011+0200: 4,311: Total time for which application threads were stopped: 0,0001260 seconds, Stopping threads took: 0,0000603 seconds
2017-08-23T09:27:23.025+0200: 4,326: Total time for which application threads were stopped: 0,0039800 seconds, Stopping threads took: 0,0039137 seconds
2017-08-23T09:27:23.039+0200: 4,339: Total time for which application threads were stopped: 0,0004266 seconds, Stopping threads took: 0,0000449 seconds
2017-08-23T09:27:23.039+0200: 4,339: Total time for which application threads were stopped: 0,0000936 seconds, Stopping threads took: 0,0000314 seconds
2017-08-23T09:27:23.039+0200: 4,340: Total time for which application threads were stopped: 0,0000754 seconds, Stopping threads took: 0,0000274 seconds
2017-08-23T09:27:24.039+0200: 5,340: Total time for which application threads were stopped: 0,0000875 seconds, Stopping threads took: 0,0000200 seconds
2017-08-23T09:27:25.040+0200: 6,340: Total time for which application threads were stopped: 0,0000578 seconds, Stopping threads took: 0,0000152 seconds
{Heap before GC invocations=9 (full 1):
 par new generation   total 109248K, used 97495K [0x00000000e0000000, 0x00000000e8000000, 0x00000000e8000000)
  eden space 87424K, 100% used [0x00000000e0000000, 0x00000000e5560000, 0x00000000e5560000)
  from space 21824K,  46% used [0x00000000e6ab0000, 0x00000000e7485ee0, 0x00000000e8000000)
  to   space 21824K,   0% used [0x00000000e5560000, 0x00000000e5560000, 0x00000000e6ab0000)
 concurrent mark-sweep generation total 393216K, used 5793K [0x00000000e8000000, 0x0000000100000000, 0x0000000100000000)
 Metaspace       used 28038K, capacity 28563K, committed 28796K, reserved 1075200K
  class space    used 3214K, capacity 3390K, committed 3452K, reserved 1048576K
2017-08-23T09:27:25.667+0200: 6,968: [GC (Allocation Failure) 2017-08-23T09:27:25.667+0200: 6,968: [ParNew
Desired survivor size 20112992 bytes, new threshold 8 (max 8)
- age   1:   11067576 bytes,   11067576 total
- age   2:     210176 bytes,   11277752 total
- age   3:     215256 bytes,   11493008 total
- age   4:    1757032 bytes,   13250040 total
- age   6:      55952 bytes,   13305992 total
- age   7:     102760 bytes,   13408752 total
- age   8:     186624 bytes,   13595376 total
: 97495K->15895K(109248K), 0,0134764 secs] 103289K->22832K(502464K), 0,0135518 secs] [Times: user=0,04 sys=0,00, real=0,01 secs] 
Heap after GC invocations=10 (full 1):
 par new generation   total 109248K, used 15895K [0x00000000e0000000, 0x00000000e8000000, 0x00000000e8000000)
  eden space 87424K,   0% used [0x00000000e0000000, 0x00000000e0000000, 0x00000000e5560000)
  from space 21824K,  72% used [0x00000000e5560000, 0x00000000e64e5f90, 0x00000000e6ab0000)
  to   space 21824K,   0% used [0x00000000e6ab0000, 0x00000000e6ab0000, 0x00000000e8000000)
 concurrent mark-sweep generation total 393216K, used 6936K [0x00000000e8000000, 0x0000000100000000, 0x0000000100000000)
 Metaspace       used 28038K, capacity 28563K, committed 28796K, reserved 1075200K
  class space    used 3214K, capacity 3390K, committed 3452K, reserved 1048576K
}
2017-08-23T09:27:25.681+0200: 6,981: Total time for which application threads were stopped: 0,0136781 seconds, Stopping threads took: 0,0000159 seconds
2017-08-23T09:27:25.681+0200: 6,982: Total time for which application threads were stopped: 0,0000461 seconds, Stopping threads took: 0,0000151 seconds
2017-08-23T09:27:25.682+0200: 6,982: Total time for which application threads were stopped: 0,0000508 seconds, Stopping threads took: 0,0000157 seconds
2017-08-23T09:27:40.684+0200: 21,984: Total time for which application threads were stopped: 0,0000618 seconds, Stopping threads took: 0,0000160 seconds
2017-08-23T09:27:50.685+0200: 31,986: Total time for which application threads were stopped: 0,0000614 seconds, Stopping threads took: 0,0000154 seconds
2017-08-23T09:28:25.691+0200: 66,991: Total time for which application threads were stopped: 0,0001321 seconds, Stopping threads took: 0,0000343 seconds
2017-08-23T09:28:40.694+0200: 81,994: Total time for which application threads were stopped: 0,0001267 seconds, Stopping threads took: 0,0000319 seconds
2017-08-23T09:28:45.695+0200: 86,995: Total time for which application threads were stopped: 0,0001286 seconds, Stopping threads took: 0,0000323 seconds
2017-08-23T09:29:15.700+0200: 117,001: Total time for which application threads were stopped: 0,0002205 seconds, Stopping threads took: 0,0000722 seconds
2017-08-23T09:29:20.701+0200: 122,002: Total time for which application threads were stopped: 0,0001312 seconds, Stopping threads took: 0,0000325 seconds
2017-08-23T09:31:55.728+0200: 277,029: Total time for which application threads were stopped: 0,0001625 seconds, Stopping threads took: 0,0000590 seconds
2017-08-23T09:50:49.914+0200: 1411,215: Total time for which application threads were stopped: 0,0001620 seconds, Stopping threads took: 0,0000627 seconds
2017-08-23T09:55:19.950+0200: 1681,251: Total time for which application threads were stopped: 0,0000828 seconds, Stopping threads took: 0,0000332 seconds
2017-08-23T10:05:41.038+0200: 2302,339: Total time for which application threads were stopped: 0,0000804 seconds, Stopping threads took: 0,0000321 seconds
2017-08-23T10:05:45.039+0200: 2306,340: Total time for which application threads were stopped: 0,0001596 seconds, Stopping threads took: 0,0000586 seconds
2017-08-23T10:20:36.166+0200: 3197,466: Total time for which application threads were stopped: 0,0000811 seconds, Stopping threads took: 0,0000347 seconds
2017-08-23T10:32:01.167+0200: 3826,453: Total time for which application threads were stopped: 0,0003823 seconds, Stopping threads took: 0,0001675 seconds
2017-08-23T10:34:17.186+0200: 3962,473: Total time for which application threads were stopped: 0,0000816 seconds, Stopping threads took: 0,0000369 seconds
2017-08-23T10:46:52.274+0200: 4717,560: Total time for which application threads were stopped: 0,0001259 seconds, Stopping threads took: 0,0000516 seconds
2017-08-23T10:46:57.274+0200: 4722,561: Total time for which application threads were stopped: 0,0001420 seconds, Stopping threads took: 0,0000310 seconds
2017-08-23T11:12:37.954+0200: 6262,715: Total time for which application threads were stopped: 0,0000966 seconds, Stopping threads took: 0,0000363 seconds
2017-08-23T11:27:47.045+0200: 7171,806: Total time for which application threads were stopped: 0,0004022 seconds, Stopping threads took: 0,0002806 secon