OpenJDK 64-Bit Server VM (25.131-b11) for linux-amd64 JRE (1.8.0_131-8u131-b11-0ubuntu1.16.04.2-b11), built on May  6 2017 02:45:27 by "buildd" with gcc 5.4.0 20160609
Memory: 4k page, physical 7867740k(7416880k free), swap 8076284k(8076284k free)
CommandLine flags: -XX:CMSInitiatingOccupancyFraction=50 -XX:CMSMaxAbortablePrecleanTime=6000 -XX:+CMSParallelRemarkEnabled -XX:+CMSScavengeBeforeRemark -XX:ConcGCThreads=4 -XX:InitialHeapSize=536870912 -XX:MaxHeapSize=536870912 -XX:MaxTenuringThreshold=8 -XX:NewRatio=3 -XX:OldPLABSize=16 -XX:OnOutOfMemoryError=/opt/solr/bin/oom_solr.sh 8983 /var/solr/logs -XX:ParallelGCThreads=4 -XX:+ParallelRefProcEnabled -XX:PretenureSizeThreshold=67108864 -XX:+PrintGC -XX:+PrintGCApplicationStoppedTime -XX:+PrintGCDateStamps -XX:+PrintGCDetails -XX:+PrintGCTimeStamps -XX:+PrintHeapAtGC -XX:+PrintTenuringDistribution -XX:SurvivorRatio=4 -XX:TargetSurvivorRatio=90 -XX:ThreadStackSize=256 -XX:+UseCMSInitiatingOccupancyOnly -XX:+UseCompressedClassPointers -XX:+UseCompressedOops -XX:+UseConcMarkSweepGC -XX:+UseParNewGC 
2017-06-16T19:48:12.335+0200: 0,143: Total time for which application threads were stopped: 0,0000643 seconds, Stopping threads took: 0,0000094 seconds
2017-06-16T19:48:12.430+0200: 0,237: Total time for which application threads were stopped: 0,0001201 seconds, Stopping threads took: 0,0000133 seconds
2017-06-16T19:48:12.451+0200: 0,259: Total time for which application threads were stopped: 0,0001198 seconds, Stopping threads took: 0,0000254 seconds
2017-06-16T19:48:12.663+0200: 0,471: Total time for which application threads were stopped: 0,0001161 seconds, Stopping threads took: 0,0000100 seconds
2017-06-16T19:48:13.206+0200: 1,013: Total time for which application threads were stopped: 0,0001676 seconds, Stopping threads took: 0,0000141 seconds
2017-06-16T19:48:13.346+0200: 1,154: Total time for which application threads were stopped: 0,0002279 seconds, Stopping threads took: 0,0000572 seconds
2017-06-16T19:48:13.392+0200: 1,199: Total time for which application threads were stopped: 0,0002297 seconds, Stopping threads took: 0,0000360 seconds
2017-06-16T19:48:13.733+0200: 1,540: Total time for which application threads were stopped: 0,0001740 seconds, Stopping threads took: 0,0000259 seconds
2017-06-16T19:48:13.964+0200: 1,771: Total time for which application threads were stopped: 0,0002092 seconds, Stopping threads took: 0,0000194 seconds
2017-06-16T19:48:13.985+0200: 1,792: Total time for which application threads were stopped: 0,0001957 seconds, Stopping threads took: 0,0000214 seconds
2017-06-16T19:48:14.021+0200: 1,829: Total time for which application threads were stopped: 0,0012343 seconds, Stopping threads took: 0,0001393 seconds
2017-06-16T19:48:14.024+0200: 1,831: Total time for which application threads were stopped: 0,0001795 seconds, Stopping threads took: 0,0000228 seconds
2017-06-16T19:48:14.041+0200: 1,848: Total time for which application threads were stopped: 0,0002083 seconds, Stopping threads took: 0,0000215 seconds
2017-06-16T19:48:14.126+0200: 1,934: Total time for which application threads were stopped: 0,0002805 seconds, Stopping threads took: 0,0000356 seconds
2017-06-16T19:48:14.301+0200: 2,109: Total time for which application threads were stopped: 0,0002581 seconds, Stopping threads took: 0,0000428 seconds
{Heap before GC invocations=0 (full 0):
 par new generation   total 109248K, used 87424K [0x00000000e0000000, 0x00000000e8000000, 0x00000000e8000000)
  eden space 87424K, 100% used [0x00000000e0000000, 0x00000000e5560000, 0x00000000e5560000)
  from space 21824K,   0% used [0x00000000e5560000, 0x00000000e5560000, 0x00000000e6ab0000)
  to   space 21824K,   0% used [0x00000000e6ab0000, 0x00000000e6ab0000, 0x00000000e8000000)
 concurrent mark-sweep generation total 393216K, used 0K [0x00000000e8000000, 0x0000000100000000, 0x0000000100000000)
 Metaspace       used 18006K, capacity 18336K, committed 18688K, reserved 1064960K
  class space    used 2036K, capacity 2196K, committed 2304K, reserved 1048576K
2017-06-16T19:48:14.393+0200: 2,200: [GC (Allocation Failure) 2017-06-16T19:48:14.393+0200: 2,200: [ParNew
Desired survivor size 20112992 bytes, new threshold 8 (max 8)
- age   1:   12561496 bytes,   12561496 total
: 87424K->12379K(109248K), 0,0160861 secs] 87424K->12379K(502464K), 0,0161611 secs] [Times: user=0,04 sys=0,01, real=0,02 secs] 
Heap after GC invocations=1 (full 0):
 par new generation   total 109248K, used 12379K [0x00000000e0000000, 0x00000000e8000000, 0x00000000e8000000)
  eden space 87424K,   0% used [0x00000000e0000000, 0x00000000e0000000, 0x00000000e5560000)
  from space 21824K,  56% used [0x00000000e6ab0000, 0x00000000e76c6fb0, 0x00000000e8000000)
  to   space 21824K,   0% used [0x00000000e5560000, 0x00000000e5560000, 0x00000000e6ab0000)
 concurrent mark-sweep generation total 393216K, used 0K [0x00000000e8000000, 0x0000000100000000, 0x0000000100000000)
 Metaspace       used 18006K, capacity 18336K, committed 18688K, reserved 1064960K
  class space    used 2036K, capacity 2196K, committed 2304K, reserved 1048576K
}
2017-06-16T19:48:14.409+0200: 2,217: Total time for which application threads were stopped: 0,0166387 seconds, Stopping threads took: 0,0002966 seconds
2017-06-16T19:48:14.717+0200: 2,525: Total time for which application threads were stopped: 0,0030499 seconds, Stopping threads took: 0,0027812 seconds
{Heap before GC invocations=1 (full 0):
 par new generation   total 109248K, used 99803K [0x00000000e0000000, 0x00000000e8000000, 0x00000000e8000000)
  eden space 87424K, 100% used [0x00000000e0000000, 0x00000000e5560000, 0x00000000e5560000)
  from space 21824K,  56% used [0x00000000e6ab0000, 0x00000000e76c6fb0, 0x00000000e8000000)
  to   space 21824K,   0% used [0x00000000e5560000, 0x00000000e5560000, 0x00000000e6ab0000)
 concurrent mark-sweep generation total 393216K, used 0K [0x00000000e8000000, 0x0000000100000000, 0x0000000100000000)
 Metaspace       used 20075K, capacity 20432K, committed 20736K, reserved 1067008K
  class space    used 2294K, capacity 2470K, committed 2560K, reserved 1048576K
2017-06-16T19:48:14.775+0200: 2,583: [GC (Allocation Failure) 2017-06-16T19:48:14.775+0200: 2,583: [ParNew
Desired survivor size 20112992 bytes, new threshold 8 (max 8)
- age   1:    3677600 bytes,    3677600 total
- age   2:    6651064 bytes,   10328664 total
: 99803K->15630K(109248K), 0,0101424 secs] 99803K->15630K(502464K), 0,0102171 secs] [Times: user=0,03 sys=0,00, real=0,01 secs] 
Heap after GC invocations=2 (full 0):
 par new generation   total 109248K, used 15630K [0x00000000e0000000, 0x00000000e8000000, 0x00000000e8000000)
  eden space 87424K,   0% used [0x00000000e0000000, 0x00000000e0000000, 0x00000000e5560000)
  from space 21824K,  71% used [0x00000000e5560000, 0x00000000e64a3980, 0x00000000e6ab0000)
  to   space 21824K,   0% used [0x00000000e6ab0000, 0x00000000e6ab0000, 0x00000000e8000000)
 concurrent mark-sweep generation total 393216K, used 0K [0x00000000e8000000, 0x0000000100000000, 0x0000000100000000)
 Metaspace       used 20075K, capacity 20432K, committed 20736K, reserved 1067008K
  class space    used 2294K, capacity 2470K, committed 2560K, reserved 1048576K
}
2017-06-16T19:48:14.786+0200: 2,593: Total time for which application threads were stopped: 0,0131465 seconds, Stopping threads took: 0,0027656 seconds
2017-06-16T19:48:14.792+0200: 2,600: Total time for which application threads were stopped: 0,0010670 seconds, Stopping threads took: 0,0008126 seconds
2017-06-16T19:48:14.823+0200: 2,631: Total time for which application threads were stopped: 0,0004276 seconds, Stopping threads took: 0,0000579 seconds
2017-06-16T19:48:14.965+0200: 2,773: Total time for which application threads were stopped: 0,0001485 seconds, Stopping threads took: 0,0000262 seconds
{Heap before GC invocations=2 (full 0):
 par new generation   total 109248K, used 103054K [0x00000000e0000000, 0x00000000e8000000, 0x00000000e8000000)
  eden space 87424K, 100% used [0x00000000e0000000, 0x00000000e5560000, 0x00000000e5560000)
  from space 21824K,  71% used [0x00000000e5560000, 0x00000000e64a3980, 0x00000000e6ab0000)
  to   space 21824K,   0% used [0x00000000e6ab0000, 0x00000000e6ab0000, 0x00000000e8000000)
 concurrent mark-sweep generation total 393216K, used 0K [0x00000000e8000000, 0x0000000100000000, 0x0000000100000000)
 Metaspace       used 21030K, capacity 21418K, committed 21628K, reserved 1069056K
  class space    used 2418K, capacity 2589K, committed 2684K, reserved 1048576K
2017-06-16T19:48:15.011+0200: 2,818: [GC (Allocation Failure) 2017-06-16T19:48:15.011+0200: 2,818: [ParNew
Desired survivor size 20112992 bytes, new threshold 8 (max 8)
- age   1:    2056808 bytes,    2056808 total
- age   2:     860072 bytes,    2916880 total
- age   3:    6648880 bytes,    9565760 total
: 103054K->11188K(109248K), 0,0120454 secs] 103054K->11188K(502464K), 0,0121330 secs] [Times: user=0,04 sys=0,00, real=0,01 secs] 
Heap after GC invocations=3 (full 0):
 par new generation   total 109248K, used 11188K [0x00000000e0000000, 0x00000000e8000000, 0x00000000e8000000)
  eden space 87424K,   0% used [0x00000000e0000000, 0x00000000e0000000, 0x00000000e5560000)
  from space 21824K,  51% used [0x00000000e6ab0000, 0x00000000e759d1c0, 0x00000000e8000000)
  to   space 21824K,   0% used [0x00000000e5560000, 0x00000000e5560000, 0x00000000e6ab0000)
 concurrent mark-sweep generation total 393216K, used 0K [0x00000000e8000000, 0x0000000100000000, 0x0000000100000000)
 Metaspace       used 21030K, capacity 21418K, committed 21628K, reserved 1069056K
  class space    used 2418K, capacity 2589K, committed 2684K, reserved 1048576K
}
2017-06-16T19:48:15.023+0200: 2,831: Total time for which application threads were stopped: 0,0123366 seconds, Stopping threads took: 0,0000555 seconds
2017-06-16T19:48:15.026+0200: 2,833: [GC (CMS Initial Mark) [1 CMS-initial-mark: 0K(393216K)] 11565K(502464K), 0,0058243 secs] [Times: user=0,01 sys=0,00, real=0,00 secs] 
2017-06-16T19:48:15.032+0200: 2,839: Total time for which application threads were stopped: 0,0059980 seconds, Stopping threads took: 0,0000624 seconds
2017-06-16T19:48:15.032+0200: 2,839: [CMS-concurrent-mark-start]
2017-06-16T19:48:15.042+0200: 2,850: [CMS-concurrent-mark: 0,010/0,010 secs] [Times: user=0,05 sys=0,00, real=0,01 secs] 
2017-06-16T19:48:15.042+0200: 2,850: [CMS-concurrent-preclean-start]
2017-06-16T19:48:15.043+0200: 2,851: [CMS-concurrent-preclean: 0,001/0,001 secs] [Times: user=0,00 sys=0,00, real=0,00 secs] 
2017-06-16T19:48:15.043+0200: 2,851: [CMS-concurrent-abortable-preclean-start]
2017-06-16T19:48:15.063+0200: 2,871: Total time for which application threads were stopped: 0,0001293 seconds, Stopping threads took: 0,0000327 seconds
{Heap before GC invocations=3 (full 1):
 par new generation   total 109248K, used 98612K [0x00000000e0000000, 0x00000000e8000000, 0x00000000e8000000)
  eden space 87424K, 100% used [0x00000000e0000000, 0x00000000e5560000, 0x00000000e5560000)
  from space 21824K,  51% used [0x00000000e6ab0000, 0x00000000e759d1c0, 0x00000000e8000000)
  to   space 21824K,   0% used [0x00000000e5560000, 0x00000000e5560000, 0x00000000e6ab0000)
 concurrent mark-sweep generation total 393216K, used 0K [0x00000000e8000000, 0x0000000100000000, 0x0000000100000000)
 Metaspace       used 21283K, capacity 21630K, committed 21884K, reserved 1069056K
  class space    used 2447K, capacity 2604K, committed 2684K, reserved 1048576K
2017-06-16T19:48:15.143+0200: 2,951: [GC (Allocation Failure) 2017-06-16T19:48:15.143+0200: 2,951: [ParNew
Desired survivor size 20112992 bytes, new threshold 8 (max 8)
- age   1:     711312 bytes,     711312 total
- age   2:    1458168 bytes,    2169480 total
- age   3:     828696 bytes,    2998176 total
- age   4:    6648792 bytes,    9646968 total
: 98612K->14218K(109248K), 0,0102467 secs] 98612K->14218K(502464K), 0,0103250 secs] [Times: user=0,04 sys=0,00, real=0,02 secs] 
Heap after GC invocations=4 (full 1):
 par new generation   total 109248K, used 14218K [0x00000000e0000000, 0x00000000e8000000, 0x00000000e8000000)
  eden space 87424K,   0% used [0x00000000e0000000, 0x00000000e0000000, 0x00000000e5560000)
  from space 21824K,  65% used [0x00000000e5560000, 0x00000000e6342a20, 0x00000000e6ab0000)
  to   space 21824K,   0% used [0x00000000e6ab0000, 0x00000000e6ab0000, 0x00000000e8000000)
 concurrent mark-sweep generation total 393216K, used 0K [0x00000000e8000000, 0x0000000100000000, 0x0000000100000000)
 Metaspace       used 21283K, capacity 21630K, committed 21884K, reserved 1069056K
  class space    used 2447K, capacity 2604K, committed 2684K, reserved 1048576K
}
2017-06-16T19:48:15.154+0200: 2,961: Total time for which application threads were stopped: 0,0105891 seconds, Stopping threads took: 0,0001037 seconds
2017-06-16T19:48:15.259+0200: 3,067: Total time for which application threads were stopped: 0,0010841 seconds, Stopping threads took: 0,0009938 seconds
2017-06-16T19:48:15.259+0200: 3,067: [CMS-concurrent-abortable-preclean: 0,146/0,216 secs] [Times: user=0,81 sys=0,01, real=0,22 secs] 
2017-06-16T19:48:15.260+0200: 3,067: [GC (CMS Final Remark) [YG occupancy: 101649 K (109248 K)]2017-06-16T19:48:15.260+0200: 3,067: [Rescan (parallel) , 0,0178718 secs]2017-06-16T19:48:15.278+0200: 3,085: [weak refs processing, 0,0011521 secs]2017-06-16T19:48:15.279+0200: 3,086: [class unloading, 0,0029579 secs]2017-06-16T19:48:15.282+0200: 3,089: [scrub symbol table, 0,0025401 secs]2017-06-16T19:48:15.284+0200: 3,092: [scrub string table, 0,0003794 secs][1 CMS-remark: 0K(393216K)] 101649K(502464K), 0,0255194 secs] [Times: user=0,08 sys=0,00, real=0,02 secs] 
2017-06-16T19:48:15.285+0200: 3,093: Total time for which application threads were stopped: 0,0257185 seconds, Stopping threads took: 0,0001017 seconds
2017-06-16T19:48:15.285+0200: 3,093: [CMS-concurrent-sweep-start]
2017-06-16T19:48:15.285+0200: 3,093: [CMS-concurrent-sweep: 0,000/0,000 secs] [Times: user=0,00 sys=0,00, real=0,00 secs] 
{Heap before GC invocations=4 (full 1):
 par new generation   total 109248K, used 101649K [0x00000000e0000000, 0x00000000e8000000, 0x00000000e8000000)
  eden space 87424K, 100% used [0x00000000e0000000, 0x00000000e5560000, 0x00000000e5560000)
  from space 21824K,  65% used [0x00000000e5560000, 0x00000000e6344428, 0x00000000e6ab0000)
  to   space 21824K,   0% used [0x00000000e6ab0000, 0x00000000e6ab0000, 0x00000000e8000000)
 concurrent mark-sweep generation total 393216K, used 0K [0x00000000e8000000, 0x0000000100000000, 0x0000000100000000)
 Metaspace       used 21459K, capacity 21866K, committed 21960K, reserved 1069056K
  class space    used 2468K, capacity 2638K, committed 2684K, reserved 1048576K
2017-06-16T19:48:15.286+0200: 3,094: [GC (GCLocker Initiated GC) 2017-06-16T19:48:15.286+0200: 3,094: [ParNew
Desired survivor size 20112992 bytes, new threshold 8 (max 8)
- age   1:     710240 bytes,     710240 total
- age   2:     185472 bytes,     895712 total
- age   3:    1457432 bytes,    2353144 total
- age   4:     826648 bytes,    3179792 total
- age   5:    6649040 bytes,    9828832 total
: 101649K->10966K(109248K), 0,0087808 secs] 101649K->10966K(502464K), 0,0088262 secs] [Times: user=0,03 sys=0,00, real=0,01 secs] 
Heap after GC invocations=5 (full 1):
 par new generation   total 109248K, used 10966K [0x00000000e0000000, 0x00000000e8000000, 0x00000000e8000000)
  eden space 87424K,   0% used [0x00000000e0000000, 0x00000000e0000000, 0x00000000e5560000)
  from space 21824K,  50% used [0x00000000e6ab0000, 0x00000000e7565810, 0x00000000e8000000)
  to   space 21824K,   0% used [0x00000000e5560000, 0x00000000e5560000, 0x00000000e6ab0000)
 concurrent mark-sweep generation total 393216K, used 0K [0x00000000e8000000, 0x0000000100000000, 0x0000000100000000)
 Metaspace       used 21459K, capacity 21866K, committed 21960K, reserved 1069056K
  class space    used 2468K, capacity 2638K, committed 2684K, reserved 1048576K
}
2017-06-16T19:48:15.295+0200: 3,103: Total time for which application threads were stopped: 0,0089643 seconds, Stopping threads took: 0,0000287 seconds
2017-06-16T19:48:15.295+0200: 3,103: [CMS-concurrent-reset-start]
2017-06-16T19:48:15.298+0200: 3,106: [CMS-concurrent-reset: 0,003/0,003 secs] [Times: user=0,01 sys=0,00, real=0,00 secs] 
2017-06-16T19:48:15.323+0200: 3,131: Total time for which application threads were stopped: 0,0003112 seconds, Stopping threads took: 0,0000287 seconds
2017-06-16T19:48:15.578+0200: 3,386: Total time for which application threads were stopped: 0,0005185 seconds, Stopping threads took: 0,0000428 seconds
2017-06-16T19:48:15.596+0200: 3,404: Total time for which application threads were stopped: 0,0004130 seconds, Stopping threads took: 0,0000465 seconds
{Heap before GC invocations=5 (full 1):
 par new generation   total 109248K, used 98390K [0x00000000e0000000, 0x00000000e8000000, 0x00000000e8000000)
  eden space 87424K, 100% used [0x00000000e0000000, 0x00000000e5560000, 0x00000000e5560000)
  from space 21824K,  50% used [0x00000000e6ab0000, 0x00000000e7565810, 0x00000000e8000000)
  to   space 21824K,   0% used [0x00000000e5560000, 0x00000000e5560000, 0x00000000e6ab0000)
 concurrent mark-sweep generation total 393216K, used 0K [0x00000000e8000000, 0x0000000100000000, 0x0000000100000000)
 Metaspace       used 23740K, capacity 24236K, committed 24572K, reserved 1071104K
  class space    used 2781K, capacity 2981K, committed 3068K, reserved 1048576K
2017-06-16T19:48:15.772+0200: 3,579: [GC (Allocation Failure) 2017-06-16T19:48:15.772+0200: 3,579: [ParNew
Desired survivor size 20112992 bytes, new threshold 8 (max 8)
- age   1:    5020304 bytes,    5020304 total
- age   2:     137768 bytes,    5158072 total
- age   3:     184288 bytes,    5342360 total
- age   4:     287800 bytes,    5630160 total
- age   5:     800384 bytes,    6430544 total
- age   6:    6640456 bytes,   13071000 total
: 98390K->18664K(109248K), 0,0158509 secs] 98390K->18664K(502464K), 0,0159528 secs] [Times: user=0,06 sys=0,00, real=0,02 secs] 
Heap after GC invocations=6 (full 1):
 par new generation   total 109248K, used 18664K [0x00000000e0000000, 0x00000000e8000000, 0x00000000e8000000)
  eden space 87424K,   0% used [0x00000000e0000000, 0x00000000e0000000, 0x00000000e5560000)
  from space 21824K,  85% used [0x00000000e5560000, 0x00000000e679a0b0, 0x00000000e6ab0000)
  to   space 21824K,   0% used [0x00000000e6ab0000, 0x00000000e6ab0000, 0x00000000e8000000)
 concurrent mark-sweep generation total 393216K, used 0K [0x00000000e8000000, 0x0000000100000000, 0x0000000100000000)
 Metaspace       used 23740K, capacity 24236K, committed 24572K, reserved 1071104K
  class space    used 2781K, capacity 2981K, committed 3068K, reserved 1048576K
}
2017-06-16T19:48:15.788+0200: 3,595: Total time for which application threads were stopped: 0,0162809 seconds, Stopping threads took: 0,0000671 seconds
{Heap before GC invocations=6 (full 1):
 par new generation   total 109248K, used 106088K [0x00000000e0000000, 0x00000000e8000000, 0x00000000e8000000)
  eden space 87424K, 100% used [0x00000000e0000000, 0x00000000e5560000, 0x00000000e5560000)
  from space 21824K,  85% used [0x00000000e5560000, 0x00000000e679a0b0, 0x00000000e6ab0000)
  to   space 21824K,   0% used [0x00000000e6ab0000, 0x00000000e6ab0000, 0x00000000e8000000)
 concurrent mark-sweep generation total 393216K, used 0K [0x00000000e8000000, 0x0000000100000000, 0x0000000100000000)
 Metaspace       used 24332K, capacity 24812K, committed 25084K, reserved 1071104K
  class space    used 2851K, capacity 3045K, committed 3068K, reserved 1048576K
2017-06-16T19:48:15.900+0200: 3,708: [GC (Allocation Failure) 2017-06-16T19:48:15.900+0200: 3,708: [ParNew
Desired survivor size 20112992 bytes, new threshold 8 (max 8)
- age   1:    2075128 bytes,    2075128 total
- age   2:    1778040 bytes,    3853168 total
- age   3:      56264 bytes,    3909432 total
- age   4:      99944 bytes,    4009376 total
- age   5:     183344 bytes,    4192720 total
- age   6:     766272 bytes,    4958992 total
- age   7:    6106072 bytes,   11065064 total
: 106088K->12005K(109248K), 0,0305206 secs] 106088K->12005K(502464K), 0,0305928 secs] [Times: user=0,09 sys=0,00, real=0,03 secs] 
Heap after GC invocations=7 (full 1):
 par new generation   total 109248K, used 12005K [0x00000000e0000000, 0x00000000e8000000, 0x00000000e8000000)
  eden space 87424K,   0% used [0x00000000e0000000, 0x00000000e0000000, 0x00000000e5560000)
  from space 21824K,  55% used [0x00000000e6ab0000, 0x00000000e76697b8, 0x00000000e8000000)
  to   space 21824K,   0% used [0x00000000e5560000, 0x00000000e5560000, 0x00000000e6ab0000)
 concurrent mark-sweep generation total 393216K, used 0K [0x00000000e8000000, 0x0000000100000000, 0x0000000100000000)
 Metaspace       used 24332K, capacity 24812K, committed 25084K, reserved 1071104K
  class space    used 2851K, capacity 3045K, committed 3068K, reserved 1048576K
}
2017-06-16T19:48:15.931+0200: 3,738: Total time for which application threads were stopped: 0,0309766 seconds, Stopping threads took: 0,0002210 seconds
{Heap before GC invocations=7 (full 1):
 par new generation   total 109248K, used 99429K [0x00000000e0000000, 0x00000000e8000000, 0x00000000e8000000)
  eden space 87424K, 100% used [0x00000000e0000000, 0x00000000e5560000, 0x00000000e5560000)
  from space 21824K,  55% used [0x00000000e6ab0000, 0x00000000e76697b8, 0x00000000e8000000)
  to   space 21824K,   0% used [0x00000000e5560000, 0x00000000e5560000, 0x00000000e6ab0000)
 concurrent mark-sweep generation total 393216K, used 0K [0x00000000e8000000, 0x0000000100000000, 0x0000000100000000)
 Metaspace       used 24617K, capacity 25036K, committed 25084K, reserved 1071104K
  class space    used 2873K, capacity 3051K, committed 3068K, reserved 1048576K
2017-06-16T19:48:16.047+0200: 3,855: [GC (Allocation Failure) 2017-06-16T19:48:16.047+0200: 3,855: [ParNew
Desired survivor size 20112992 bytes, new threshold 8 (max 8)
- age   1:     594776 bytes,     594776 total
- age   2:     989264 bytes,    1584040 total
- age   3:    1749768 bytes,    3333808 total
- age   4:      56232 bytes,    3390040 total
- age   5:      99672 bytes,    3489712 total
- age   6:     180544 bytes,    3670256 total
- age   7:     765504 bytes,    4435760 total
- age   8:    6105616 bytes,   10541376 total
: 99429K->14729K(109248K), 0,0114844 secs] 99429K->14729K(502464K), 0,0115746 secs] [Times: user=0,04 sys=0,00, real=0,01 secs] 
Heap after GC invocations=8 (full 1):
 par new generation   total 109248K, used 14729K [0x00000000e0000000, 0x00000000e8000000, 0x00000000e8000000)
  eden space 87424K,   0% used [0x00000000e0000000, 0x00000000e0000000, 0x00000000e5560000)
  from space 21824K,  67% used [0x00000000e5560000, 0x00000000e63c24d0, 0x00000000e6ab0000)
  to   space 21824K,   0% used [0x00000000e6ab0000, 0x00000000e6ab0000, 0x00000000e8000000)
 concurrent mark-sweep generation total 393216K, used 0K [0x00000000e8000000, 0x0000000100000000, 0x0000000100000000)
 Metaspace       used 24617K, capacity 25036K, committed 25084K, reserved 1071104K
  class space    used 2873K, capacity 3051K, committed 3068K, reserved 1048576K
}
2017-06-16T19:48:16.059+0200: 3,866: Total time for which application threads were stopped: 0,0118435 seconds, Stopping threads took: 0,0000964 seconds
2017-06-16T19:48:16.244+0200: 4,052: Total time for which application threads were stopped: 0,0005005 seconds, Stopping threads took: 0,0000233 seconds
2017-06-16T19:48:16.253+0200: 4,061: Total time for which application threads were stopped: 0,0001554 seconds, Stopping threads took: 0,0000328 seconds
2017-06-16T19:48:16.261+0200: 4,068: Total time for which application threads were stopped: 0,0001392 seconds, Stopping threads took: 0,0000282 seconds
2017-06-16T19:48:16.261+0200: 4,068: Total time for which application threads were stopped: 0,0001394 seconds, Stopping threads took: 0,0000418 seconds
2017-06-16T19:48:16.266+0200: 4,073: Total time for which application threads were stopped: 0,0002885 seconds, Stopping threads took: 0,0002014 seconds
2017-06-16T19:48:16.266+0200: 4,073: Total time for which application threads were stopped: 0,0000979 seconds, Stopping threads took: 0,0000279 seconds
2017-06-16T19:48:16.266+0200: 4,074: Total time for which application threads were stopped: 0,0001267 seconds, Stopping threads took: 0,0000194 seconds
2017-06-16T19:48:16.268+0200: 4,076: Total time for which application threads were stopped: 0,0019456 seconds, Stopping threads took: 0,0018232 seconds
2017-06-16T19:48:16.275+0200: 4,083: Total time for which application threads were stopped: 0,0001765 seconds, Stopping threads took: 0,0000405 seconds
2017-06-16T19:48:16.291+0200: 4,099: Total time for which application threads were stopped: 0,0001039 seconds, Stopping threads took: 0,0000225 seconds
2017-06-16T19:48:16.292+0200: 4,100: Total time for which application threads were stopped: 0,0000778 seconds, Stopping threads took: 0,0000167 seconds
2017-06-16T19:48:16.293+0200: 4,101: Total time for which application threads were stopped: 0,0001956 seconds, Stopping threads took: 0,0001279 seconds
2017-06-16T19:48:16.294+0200: 4,101: Total time for which application threads were stopped: 0,0001276 seconds, Stopping threads took: 0,0000668 seconds
2017-06-16T19:48:16.294+0200: 4,102: Total time for which application threads were stopped: 0,0000848 seconds, Stopping threads took: 0,0000263 seconds
2017-06-16T19:48:16.298+0200: 4,106: Total time for which application threads were stopped: 0,0000971 seconds, Stopping threads took: 0,0000200 seconds
2017-06-16T19:48:16.302+0200: 4,110: Total time for which application threads were stopped: 0,0000872 seconds, Stopping threads took: 0,0000264 seconds
2017-06-16T19:48:16.302+0200: 4,110: Total time for which application threads were stopped: 0,0000697 seconds, Stopping threads took: 0,0000216 seconds
2017-06-16T19:48:16.303+0200: 4,111: Total time for which application threads were stopped: 0,0000721 seconds, Stopping threads took: 0,0000138 seconds
2017-06-16T19:48:16.304+0200: 4,111: Total time for which application threads were stopped: 0,0000708 seconds, Stopping threads took: 0,0000262 seconds
2017-06-16T19:48:16.304+0200: 4,112: Total time for which application threads were stopped: 0,0000728 seconds, Stopping threads took: 0,0000244 seconds
2017-06-16T19:48:16.306+0200: 4,114: Total time for which application threads were stopped: 0,0000907 seconds, Stopping threads took: 0,0000219 seconds
2017-06-16T19:48:16.308+0200: 4,116: Total time for which application threads were stopped: 0,0001299 seconds, Stopping threads took: 0,0000537 seconds
2017-06-16T19:48:16.310+0200: 4,118: Total time for which application threads were stopped: 0,0000916 seconds, Stopping threads took: 0,0000279 seconds
2017-06-16T19:48:16.311+0200: 4,119: Total time for which application threads were stopped: 0,0000869 seconds, Stopping threads took: 0,0000303 seconds
2017-06-16T19:48:16.311+0200: 4,119: Total time for which application threads were stopped: 0,0000633 seconds, Stopping threads took: 0,0000221 seconds
2017-06-16T19:48:16.312+0200: 4,120: Total time for which application threads were stopped: 0,0001340 seconds, Stopping threads took: 0,0000138 seconds
2017-06-16T19:48:16.314+0200: 4,121: Total time for which application threads were stopped: 0,0000790 seconds, Stopping threads took: 0,0000151 seconds
2017-06-16T19:48:16.314+0200: 4,122: Total time for which application threads were stopped: 0,0001016 seconds, Stopping threads took: 0,0000366 seconds
2017-06-16T19:48:16.314+0200: 4,122: Total time for which application threads were stopped: 0,0000608 seconds, Stopping threads took: 0,0000139 seconds
2017-06-16T19:48:16.317+0200: 4,124: Total time for which application threads were stopped: 0,0001445 seconds, Stopping threads took: 0,0000661 seconds
2017-06-16T19:48:16.319+0200: 4,126: Total time for which application threads were stopped: 0,0001139 seconds, Stopping threads took: 0,0000292 seconds
2017-06-16T19:48:16.334+0200: 4,142: Total time for which application threads were stopped: 0,0001135 seconds, Stopping threads took: 0,0000278 seconds
2017-06-16T19:48:16.335+0200: 4,143: Total time for which application threads were stopped: 0,0001471 seconds, Stopping threads took: 0,0000721 seconds
2017-06-16T19:48:16.335+0200: 4,143: Total time for which application threads were stopped: 0,0001252 seconds, Stopping threads took: 0,0000575 seconds
2017-06-16T19:48:16.337+0200: 4,144: Total time for which application threads were stopped: 0,0000904 seconds, Stopping threads took: 0,0000306 seconds
2017-06-16T19:48:16.337+0200: 4,145: Total time for which application threads were stopped: 0,0000708 seconds, Stopping threads took: 0,0000146 seconds
2017-06-16T19:48:16.343+0200: 4,150: Total time for which application threads were stopped: 0,0001181 seconds, Stopping threads took: 0,0000285 seconds
2017-06-16T19:48:16.344+0200: 4,152: Total time for which application threads were stopped: 0,0001085 seconds, Stopping threads took: 0,0000430 seconds
2017-06-16T19:48:16.345+0200: 4,153: Total time for which application threads were stopped: 0,0001545 seconds, Stopping threads took: 0,0000727 seconds
2017-06-16T19:48:16.346+0200: 4,153: Total time for which application threads were stopped: 0,0001223 seconds, Stopping threads took: 0,0000518 seconds
2017-06-16T19:48:16.348+0200: 4,155: Total time for which application threads were stopped: 0,0001556 seconds, Stopping threads took: 0,0000517 seconds
2017-06-16T19:48:16.354+0200: 4,161: Total time for which application threads were stopped: 0,0027137 seconds, Stopping threads took: 0,0026374 seconds
2017-06-16T19:48:16.359+0200: 4,167: Total time for which application threads were stopped: 0,0001190 seconds, Stopping threads took: 0,0000390 seconds
2017-06-16T19:48:16.362+0200: 4,169: Total time for which application threads were stopped: 0,0003924 seconds, Stopping threads took: 0,0000261 seconds
2017-06-16T19:48:16.363+0200: 4,171: Total time for which application threads were stopped: 0,0000734 seconds, Stopping threads took: 0,0000155 seconds
2017-06-16T19:48:16.364+0200: 4,172: Total time for which application threads were stopped: 0,0001427 seconds, Stopping threads took: 0,0000744 seconds
2017-06-16T19:48:16.369+0200: 4,177: Total time for which application threads were stopped: 0,0002675 seconds, Stopping threads took: 0,0001241 seconds
2017-06-16T19:48:16.375+0200: 4,183: Total time for which application threads were stopped: 0,0003835 seconds, Stopping threads took: 0,0000344 seconds
2017-06-16T19:48:16.418+0200: 4,225: Total time for which application threads were stopped: 0,0003987 seconds, Stopping threads took: 0,0000142 seconds
2017-06-16T19:48:16.419+0200: 4,226: Total time for which application threads were stopped: 0,0000992 seconds, Stopping threads took: 0,0000416 seconds
2017-06-16T19:48:16.419+0200: 4,227: Total time for which application threads were stopped: 0,0000849 seconds, Stopping threads took: 0,0000356 seconds
2017-06-16T19:48:16.419+0200: 4,227: Total time for which application threads were stopped: 0,0000649 seconds, Stopping threads took: 0,0000223 seconds
2017-06-16T19:48:16.449+0200: 4,257: Total time for which application threads were stopped: 0,0001607 seconds, Stopping threads took: 0,0000693 seconds
2017-06-16T19:48:16.453+0200: 4,260: Total time for which application threads were stopped: 0,0001151 seconds, Stopping threads took: 0,0000432 seconds
2017-06-16T19:48:16.467+0200: 4,275: Total time for which application threads were stopped: 0,0001490 seconds, Stopping threads took: 0,0000563 seconds
2017-06-16T19:48:16.474+0200: 4,282: Total time for which application threads were stopped: 0,0001526 seconds, Stopping threads took: 0,0000727 seconds
2017-06-16T19:48:16.481+0200: 4,289: Total time for which application threads were stopped: 0,0001352 seconds, Stopping threads took: 0,0000464 seconds
2017-06-16T19:48:16.490+0200: 4,298: Total time for which application threads were stopped: 0,0002076 seconds, Stopping threads took: 0,0000805 seconds
2017-06-16T19:48:16.510+0200: 4,317: Total time for which application threads were stopped: 0,0019772 seconds, Stopping threads took: 0,0018729 seconds
2017-06-16T19:48:16.547+0200: 4,355: Total time for which application threads were stopped: 0,0004761 seconds, Stopping threads took: 0,0000263 seconds
2017-06-16T19:48:17.548+0200: 5,355: Total time for which application threads were stopped: 0,0000886 seconds, Stopping threads took: 0,0000174 seconds
2017-06-16T19:48:18.548+0200: 6,355: Total time for which application threads were stopped: 0,0000657 seconds, Stopping threads took: 0,0000175 seconds
{Heap before GC invocations=8 (full 1):
 par new generation   total 109248K, used 102153K [0x00000000e0000000, 0x00000000e8000000, 0x00000000e8000000)
  eden space 87424K, 100% used [0x00000000e0000000, 0x00000000e5560000, 0x00000000e5560000)
  from space 21824K,  67% used [0x00000000e5560000, 0x00000000e63c24d0, 0x00000000e6ab0000)
  to   space 21824K,   0% used [0x00000000e6ab0000, 0x00000000e6ab0000, 0x00000000e8000000)
 concurrent mark-sweep generation total 393216K, used 0K [0x00000000e8000000, 0x0000000100000000, 0x0000000100000000)
 Metaspace       used 28053K, capacity 28562K, committed 28796K, reserved 1075200K
  class space    used 3213K, capacity 3390K, committed 3452K, reserved 1048576K
2017-06-16T19:48:19.157+0200: 6,965: [GC (Allocation Failure) 2017-06-16T19:48:19.158+0200: 6,965: [ParNew
Desired survivor size 20112992 bytes, new threshold 8 (max 8)
- age   1:   11216968 bytes,   11216968 total
- age   2:     194784 bytes,   11411752 total
- age   3:     209584 bytes,   11621336 total
- age   4:    1743032 bytes,   13364368 total
- age   5:      53752 bytes,   13418120 total
- age   6:      99448 bytes,   13517568 total
- age   7:     179952 bytes,   13697520 total
- age   8:     763376 bytes,   14460896 total
: 102153K->17964K(109248K), 0,0320069 secs] 102153K->24459K(502464K), 0,0320985 secs] [Times: user=0,11 sys=0,01, real=0,03 secs] 
Heap after GC invocations=9 (full 1):
 par new generation   total 109248K, used 17964K [0x00000000e0000000, 0x00000000e8000000, 0x00000000e8000000)
  eden space 87424K,   0% used [0x00000000e0000000, 0x00000000e0000000, 0x00000000e5560000)
  from space 21824K,  82% used [0x00000000e6ab0000, 0x00000000e7c3b090, 0x00000000e8000000)
  to   space 21824K,   0% used [0x00000000e5560000, 0x00000000e5560000, 0x00000000e6ab0000)
 concurrent mark-sweep generation total 393216K, used 6495K [0x00000000e8000000, 0x0000000100000000, 0x0000000100000000)
 Metaspace       used 28053K, capacity 28562K, committed 28796K, reserved 1075200K
  class space    used 3213K, capacity 3390K, committed 3452K, reserved 1048576K
}
2017-06-16T19:48:19.190+0200: 6,997: Total time for which application threads were stopped: 0,0322259 seconds, Stopping threads took: 0,0000153 seconds
2017-06-16T19:48:19.190+0200: 6,998: Total time for which application threads were stopped: 0,0000499 seconds, Stopping threads took: 0,0000179 seconds
2017-06-16T19:48:19.191+0200: 6,998: Total time for which application threads were stopped: 0,0000403 seconds, Stopping threads took: 0,0000139 seconds
2017-06-16T19:48:34.193+0200: 22,000: Total time for which application threads were stopped: 0,0000618 seconds, Stopping threads took: 0,0000162 seconds
2017-06-16T19:48:44.194+0200: 32,002: Total time for which application threads were stopped: 0,0000605 seconds, Stopping threads took: 0,0000164 seconds
2017-06-16T19:49:39.203+0200: 87,011: Total time for which application threads were stopped: 0,0001312 seconds, Stopping threads took: 0,0000360 seconds
2017-06-16T19:50:09.207+0200: 117,015: Total time for which application threads were stopped: 0,0000807 seconds, Stopping threads took: 0,0000325 seconds
2017-06-16T19:50:14.207+0200: 122,015: Total time for which application threads were stopped: 0,0000836 seconds, Stopping threads took: 0,0000238 seconds
2017-06-16T19:51:14.213+0200: 182,021: Total time for which application threads were stopped: 0,0001767 seconds, Stopping threads took: 0,0001134 seconds
2017-06-16T19:52:34.225+0200: 262,033: Total time for which application threads were stopped: 0,0001116 seconds, Stopping threads took: 0,0000450 seconds
2017-06-16T19:52:44.226+0200: 272,034: Total time for which application threads were stopped: 0,0000718 seconds, Stopping threads took: 0,0000156 seconds
2017-06-16T19:52:49.227+0200: 277,035: Total time for which application threads were stopped: 0,0001245 seconds, Stopping threads took: 0,0000415 seconds
2017-06-16T20:11:38.359+0200: 1406,166: Total time for which application threads were stopped: 0,0000896 seconds, Stopping threads took: 0,0000290 seconds
2017-06-16T20:17:08.398+0200: 1736,206: Total time for which application threads were stopped: 0,0001603 seconds, Stopping threads took: 0,0000590 seconds
2017-06-16T20:26:09.465+0200: 2277,272: Total time for which application threads were stopped: 0,0000758 seconds, Stopping threads took: 0,0000311 seconds
2017-06-16T20:26:33.467+0200: 2301,275: Total time for which application threads were stopped: 0,0001090 seconds, Stopping threads took: 0,0000451 seconds
2017-06-16T20:26:34.467+0200: 2302,275: Total time for which application threads were stopped: 0,0001010 seconds, Stopping threads took: 0,0000203 seconds
2017-06-16T20:34:09.942+0200: 2757,749: Total time for which application threads were stopped: 0,0073643 seconds, Stopping threads took: 0,0072952 seconds
2017-06-16T20:34:09.942+0200: 2757,750: Total time for which application threads were stopped: 0,0000807 seconds, Stopping threads took: 0,0000341 seconds
2017-06-16T20:34:09.946+0200: 2757,753: Total time for which application threads were stopped: 0,0001331 seconds, Stopping threads took: 0,0000154 seconds
2017-06-16T20:34:09.947+0200: 2757,755: Total time for which application threads were stopped: 0,0001067 seconds, Stopping threads took: 0,0000385 seconds
2017-06-16T20:34:09.948+0200: 2757,756: Total time for which application threads were stopped: 0,0001068 seconds, Stopping threads took: 0,0000326 seconds
2017-06-16T20:34:09.949+0200: 2757,757: Total time for which application threads were stopped: 0,0001147 seconds, Stopping threads took: 0,0000273 seconds
2017-06-16T20:34:09.950+0200: 2757,758: Total time for which application threads were stopped: 0,0000781 seconds, Stopping threads took: 0,0000219 seconds
2017-06-16T20:34:09.950+0200: 2757,758: Total time for which application threads were stopped: 0,0000492 seconds, Stopping threads took: 0,0000128 seconds
2017-06-16T20:34:09.950+0200: 2757,758: Total time for which application threads were stopped: 0,0000477 seconds, Stopping threads took: 0,0000139 seconds
2017-06-16T20:34:09.950+0200: 2757,758: Total time for which application threads were stopped: 0,0000434 seconds, Stopping threads took: 0,0000122 seconds
2017-06-16T20:34:09.950+0200: 2757,758: Total time for which application threads were stopped: 0,0000436 seconds, Stopping threads took: 0,0000119 seconds
2017-06-16T20:34:09.950+0200: 2757,758: Total time for which application threads were stopped: 0,0000419 seconds, Stopping threads took: 0,0000115 seconds
2017-06-16T20:34:09.951+0200: 2757,758: Total time for which application threads were stopped: 0,0000497 seconds, Stopping threads took: 0,0000168 seconds
2017-06-16T20:34:09.951+0200: 2757,758: Total time for which application threads were stopped: 0,0000452 seconds, Stopping threads took: 0,0000140 seconds
2017-06-16T20:34:09.951+0200: 2757,758: Total time for which application threads were stopped: 0,0000477 seconds, Stopping threads took: 0,0000119 seconds
2017-06-16T20:34:09.951+0200: 2757,759: Total time for which application threads were stopped: 0,0000440 seconds, Stopping threads took: 0,0000127 seconds
2017-06-16T20:34:09.951+0200: 2757,759: Total time for which application threads were stopped: 0,0000442 seconds, Stopping threads took: 0,0000124 seconds
2017-06-16T20:34:09.951+0200: 2757,759: Total time for which application threads were stopped: 0,0000474 seconds, Stopping threads took: 0,0000124 seconds
2017-06-16T20:34:09.951+0200: 2757,759: Total time for which application threads were stopped: 0,0000433 seconds, Stopping threads took: 0,0000122 seconds
2017-06-16T20:34:09.951+0200: 2757,759: Total time for which application threads were stopped: 0,0000435 seconds, Stopping threads took: 0,0000126 seconds
2017-06-16T20:34:09.951+0200: 2757,759: Total time for which application threads were stopped: 0,0000437 seconds, Stopping threads took: 0,0000122 seconds
2017-06-16T20:34:09.954+0200: 2757,761: Total time for which application threads were stopped: 0,0001154 seconds, Stopping threads took: 0,0000380 seconds
2017-06-16T20:34:09.954+0200: 2757,761: Total time for which application threads were stopped: 0,0000576 seconds, Stopping threads took: 0,0000183 seconds
2017-06-16T20:34:09.954+0200: 2757,762: Total time for which application threads were stopped: 0,0000922 seconds, Stopping threads took: 0,0000304 seconds
2017-06-16T20:34:09.955+0200: 2757,763: Total time for which application threads were stopped: 0,0000900 seconds, Stopping threads took: 0,0000264 seconds
2017-06-16T20:34:09.955+0200: 2757,763: Total time for which application threads were stopped: 0,0000509 seconds, Stopping threads took: 0,0000132 seconds
2017-06-16T20:34:09.961+0200: 2757,769: Total time for which application threads were stopped: 0,0001305 seconds, Stopping threads took: 0,0000428 seconds
2017-06-16T20:34:09.961+0200: 2757,769: Total time for which application threads were stopped: 0,0000750 seconds, Stopping threads took: 0,0000202 seconds
2017-06-16T20:34:09.962+0200: 2757,769: Total time for which application threads were stopped: 0,0000734 seconds, Stopping threads took: 0,0000146 seconds
2017-06-16T20:34:09.962+0200: 2757,769: Total time for which application threads were stopped: 0,0000563 seconds, Stopping threads took: 0,0000156 seconds
2017-06-16T20:34:09.965+0200: 2757,773: Total time for which application threads were stopped: 0,0000859 seconds, Stopping threads took: 0,0000188 seconds
2017-06-16T20:34:09.965+0200: 2757,773: Total time for which application threads were stopped: 0,0000621 seconds, Stopping threads took: 0,0000181 seconds
2017-06-16T20:34:09.970+0200: 2757,777: Total time for which application threads were stopped: 0,0032576 seconds, Stopping threads took: 0,0031979 seconds
2017-06-16T20:34:09.970+0200: 2757,777: Total time for which application threads were stopped: 0,0000658 seconds, Stopping threads took: 0,0000287 seconds
2017-06-16T20:34:09.970+0200: 2757,778: Total time for which application threads were stopped: 0,0000648 seconds, Stopping threads took: 0,0000274 seconds
2017-06-16T20:34:09.971+0200: 2757,778: Total time for which application threads were stopped: 0,0000443 seconds, Stopping threads took: 0,0000142 seconds
2017-06-16T20:34:09.971+0200: 2757,778: Total time for which application threads were stopped: 0,0000397 seconds, Stopping threads took: 0,0000159 seconds
2017-06-16T20:34:09.971+0200: 2757,778: Total time for which application threads were stopped: 0,0000534 seconds, Stopping threads took: 0,0000194 seconds
2017-06-16T20:34:09.971+0200: 2757,778: Total time for which application threads were stopped: 0,0000427 seconds, Stopping threads took: 0,0000196 seconds
2017-06-16T20:34:09.973+0200: 2757,781: Total time for which application threads were stopped: 0,0000899 seconds, Stopping threads took: 0,0000365 seconds
2017-06-16T20:34:09.973+0200: 2757,781: Total time for which application threads were stopped: 0,0000641 seconds, Stopping threads took: 0,0000252 seconds
2017-06-16T20:34:09.976+0200: 2757,784: Total time for which application threads were stopped: 0,0001421 seconds, Stopping threads took: 0,0000883 seconds
2017-06-16T20:34:09.976+0200: 2757,784: Total time for which application threads were stopped: 0,0000600 seconds, Stopping threads took: 0,0000190 seconds
2017-06-16T20:34:09.977+0200: 2757,785: Total time for which application threads were stopped: 0,0000650 seconds, Stopping threads took: 0,0000179 seconds
2017-06-16T20:34:09.979+0200: 2757,787: Total time for which application threads were stopped: 0,0001180 seconds, Stopping threads took: 0,0000339 seconds
2017-06-16T20:34:09.980+0200: 2757,788: Total time for which application threads were stopped: 0,0000885 seconds, Stopping threads took: 0,0000170 seconds
2017-06-16T20:34:09.980+0200: 2757,788: Total time for which application threads were stopped: 0,0000472 seconds, Stopping threads took: 0,0000099 seconds
2017-06-16T20:34:09.980+0200: 2757,788: Total time for which application threads were stopped: 0,0000257 seconds, Stopping threads took: 0,0000065 seconds
2017-06-16T20:34:09.982+0200: 2757,789: Total time for which application threads were stopped: 0,0010330 seconds, Stopping threads took: 0,0009715 seconds
2017-06-16T20:34:09.982+0200: 2757,790: Total time for which application threads were stopped: 0,0000577 seconds, Stopping threads took: 0,0000190 seconds
2017-06-16T20:34:09.982+0200: 2757,790: Total time for which application threads were stopped: 0,0000348 seconds, Stopping threads took: 0,0000128 seconds
2017-06-16T20:34:09.982+0200: 2757,790: Total time for which application threads were stopped: 0,0000409 seconds, Stopping threads took: 0,0000202 seconds
2017-06-16T20:34:09.986+0200: 2757,793: Total time for which application threads were stopped: 0,0001121 seconds, Stopping threads took: 0,0000469 seconds
2017-06-16T20:34:09.990+0200: 2757,797: Total time for which application threads were stopped: 0,0000996 seconds, Stopping threads took: 0,0000201 seconds
2017-06-16T20:34:09.990+0200: 2757,798: Total time for which application threads were stopped: 0,0000654 seconds, Stopping threads took: 0,0000178 seconds
2017-06-16T20:34:09.991+0200: 2757,799: Total time for which application threads were stopped: 0,0001676 seconds, Stopping threads took: 0,0000174 seconds
2017-06-16T20:34:09.992+0200: 2757,799: Total time for which application threads were stopped: 0,0004924 seconds, Stopping threads took: 0,0004132 seconds
2017-06-16T20:34:09.993+0200: 2757,801: Total time for which application threads were stopped: 0,0001495 seconds, Stopping threads took: 0,0000446 seconds
2017-06-16T20:34:09.996+0200: 2757,803: Total time for which application threads were stopped: 0,0000942 seconds, Stopping threads took: 0,0000226 seconds
2017-06-16T20:34:10.000+0200: 2757,807: Total time for which application threads were stopped: 0,0001169 seconds, Stopping threads took: 0,0000386 seconds
2017-06-16T20:34:10.001+0200: 2757,809: Total time for which application threads were stopped: 0,0001288 seconds, Stopping threads took: 0,0000287 seconds
Heap
 par new generation   total 109248K, used 43454K [0x00000000e0000000, 0x00000000e8000000, 0x00000000e8000000)
  eden space 87424K,  29% used [0x00000000e0000000, 0x00000000e18e4880, 0x00000000e5560000)
  from space 21824K,  82% used [0x00000000e6ab0000, 0x00000000e7c3b090, 0x00000000e8000000)
  to   space 21824K,   0% used [0x00000000e5560000, 0x00000000e5560000, 0x00000000e6ab0000)
 concurrent mark-sweep generation total 393216K, used 6495K [0x00000000e8000000, 0x0000000100000000, 0x0000000100000000)
 Metaspace       used 28184K, capacity 28730K, committed 29052K, reserved 1075200K
  class space    used 3226K, capacity 3424K, committed 3452K, reserved 1048576K
