OpenJDK 64-Bit Server VM (25.121-b13) for linux-amd64 JRE (1.8.0_121-8u121-b13-0ubuntu1.16.04.2-b13), built on Jan 23 2017 15:51:29 by "buildd" with gcc 5.4.0 20160609
Memory: 4k page, physical 7867800k(7501380k free), swap 8076284k(8076284k free)
CommandLine flags: -XX:CMSInitiatingOccupancyFraction=50 -XX:CMSMaxAbortablePrecleanTime=6000 -XX:+CMSParallelRemarkEnabled -XX:+CMSScavengeBeforeRemark -XX:ConcGCThreads=4 -XX:InitialHeapSize=536870912 -XX:MaxHeapSize=536870912 -XX:MaxTenuringThreshold=8 -XX:NewRatio=3 -XX:OldPLABSize=16 -XX:OnOutOfMemoryError=/opt/solr/bin/oom_solr.sh 8983 /var/solr/logs -XX:ParallelGCThreads=4 -XX:+ParallelRefProcEnabled -XX:PretenureSizeThreshold=67108864 -XX:+PrintGC -XX:+PrintGCApplicationStoppedTime -XX:+PrintGCDateStamps -XX:+PrintGCDetails -XX:+PrintGCTimeStamps -XX:+PrintHeapAtGC -XX:+PrintTenuringDistribution -XX:SurvivorRatio=4 -XX:TargetSurvivorRatio=90 -XX:ThreadStackSize=256 -XX:+UseCMSInitiatingOccupancyOnly -XX:+UseCompressedClassPointers -XX:+UseCompressedOops -XX:+UseConcMarkSweepGC -XX:+UseParNewGC 
2017-02-14T17:20:31.762+0100: 0,134: Total time for which application threads were stopped: 0,0001298 seconds, Stopping threads took: 0,0000255 seconds
2017-02-14T17:20:32.002+0100: 0,374: Total time for which application threads were stopped: 0,0001012 seconds, Stopping threads took: 0,0000127 seconds
2017-02-14T17:20:32.046+0100: 0,418: Total time for which application threads were stopped: 0,0001310 seconds, Stopping threads took: 0,0000651 seconds
2017-02-14T17:20:32.337+0100: 0,709: Total time for which application threads were stopped: 0,0001470 seconds, Stopping threads took: 0,0000113 seconds
2017-02-14T17:20:32.766+0100: 1,138: Total time for which application threads were stopped: 0,0001545 seconds, Stopping threads took: 0,0000299 seconds
2017-02-14T17:20:32.875+0100: 1,247: Total time for which application threads were stopped: 0,0004613 seconds, Stopping threads took: 0,0000341 seconds
2017-02-14T17:20:32.899+0100: 1,271: Total time for which application threads were stopped: 0,0001925 seconds, Stopping threads took: 0,0000432 seconds
2017-02-14T17:20:33.155+0100: 1,528: Total time for which application threads were stopped: 0,0002153 seconds, Stopping threads took: 0,0000157 seconds
2017-02-14T17:20:33.374+0100: 1,746: Total time for which application threads were stopped: 0,0002092 seconds, Stopping threads took: 0,0000198 seconds
2017-02-14T17:20:33.399+0100: 1,771: Total time for which application threads were stopped: 0,0005906 seconds, Stopping threads took: 0,0000242 seconds
2017-02-14T17:20:33.437+0100: 1,809: Total time for which application threads were stopped: 0,0001794 seconds, Stopping threads took: 0,0000202 seconds
2017-02-14T17:20:33.438+0100: 1,811: Total time for which application threads were stopped: 0,0001636 seconds, Stopping threads took: 0,0000192 seconds
2017-02-14T17:20:33.454+0100: 1,826: Total time for which application threads were stopped: 0,0001833 seconds, Stopping threads took: 0,0000202 seconds
2017-02-14T17:20:33.559+0100: 1,931: Total time for which application threads were stopped: 0,0002346 seconds, Stopping threads took: 0,0000236 seconds
2017-02-14T17:20:33.716+0100: 2,088: Total time for which application threads were stopped: 0,0002897 seconds, Stopping threads took: 0,0000877 seconds
{Heap before GC invocations=0 (full 0):
 par new generation   total 109248K, used 87424K [0x00000000e0000000, 0x00000000e8000000, 0x00000000e8000000)
  eden space 87424K, 100% used [0x00000000e0000000, 0x00000000e5560000, 0x00000000e5560000)
  from space 21824K,   0% used [0x00000000e5560000, 0x00000000e5560000, 0x00000000e6ab0000)
  to   space 21824K,   0% used [0x00000000e6ab0000, 0x00000000e6ab0000, 0x00000000e8000000)
 concurrent mark-sweep generation total 393216K, used 0K [0x00000000e8000000, 0x0000000100000000, 0x0000000100000000)
 Metaspace       used 18027K, capacity 18336K, committed 18688K, reserved 1064960K
  class space    used 2041K, capacity 2196K, committed 2304K, reserved 1048576K
2017-02-14T17:20:33.809+0100: 2,181: [GC (Allocation Failure) 2017-02-14T17:20:33.809+0100: 2,181: [ParNew
Desired survivor size 20112992 bytes, new threshold 8 (max 8)
- age   1:   12590200 bytes,   12590200 total
: 87424K->12407K(109248K), 0,0214336 secs] 87424K->12407K(502464K), 0,0215253 secs] [Times: user=0,06 sys=0,00, real=0,02 secs] 
Heap after GC invocations=1 (full 0):
 par new generation   total 109248K, used 12407K [0x00000000e0000000, 0x00000000e8000000, 0x00000000e8000000)
  eden space 87424K,   0% used [0x00000000e0000000, 0x00000000e0000000, 0x00000000e5560000)
  from space 21824K,  56% used [0x00000000e6ab0000, 0x00000000e76cde68, 0x00000000e8000000)
  to   space 21824K,   0% used [0x00000000e5560000, 0x00000000e5560000, 0x00000000e6ab0000)
 concurrent mark-sweep generation total 393216K, used 0K [0x00000000e8000000, 0x0000000100000000, 0x0000000100000000)
 Metaspace       used 18027K, capacity 18336K, committed 18688K, reserved 1064960K
  class space    used 2041K, capacity 2196K, committed 2304K, reserved 1048576K
}
2017-02-14T17:20:33.831+0100: 2,203: Total time for which application threads were stopped: 0,0217689 seconds, Stopping threads took: 0,0000509 seconds
2017-02-14T17:20:34.126+0100: 2,498: Total time for which application threads were stopped: 0,0003765 seconds, Stopping threads took: 0,0000623 seconds
2017-02-14T17:20:34.159+0100: 2,532: Total time for which application threads were stopped: 0,0003944 seconds, Stopping threads took: 0,0000792 seconds
{Heap before GC invocations=1 (full 0):
 par new generation   total 109248K, used 99831K [0x00000000e0000000, 0x00000000e8000000, 0x00000000e8000000)
  eden space 87424K, 100% used [0x00000000e0000000, 0x00000000e5560000, 0x00000000e5560000)
  from space 21824K,  56% used [0x00000000e6ab0000, 0x00000000e76cde68, 0x00000000e8000000)
  to   space 21824K,   0% used [0x00000000e5560000, 0x00000000e5560000, 0x00000000e6ab0000)
 concurrent mark-sweep generation total 393216K, used 0K [0x00000000e8000000, 0x0000000100000000, 0x0000000100000000)
 Metaspace       used 20038K, capacity 20356K, committed 20736K, reserved 1067008K
  class space    used 2295K, capacity 2466K, committed 2560K, reserved 1048576K
2017-02-14T17:20:34.167+0100: 2,539: [GC (Allocation Failure) 2017-02-14T17:20:34.167+0100: 2,539: [ParNew
Desired survivor size 20112992 bytes, new threshold 8 (max 8)
- age   1:    3527328 bytes,    3527328 total
- age   2:    6644368 bytes,   10171696 total
: 99831K->11699K(109248K), 0,0110567 secs] 99831K->11699K(502464K), 0,0111493 secs] [Times: user=0,05 sys=0,00, real=0,00 secs] 
Heap after GC invocations=2 (full 0):
 par new generation   total 109248K, used 11699K [0x00000000e0000000, 0x00000000e8000000, 0x00000000e8000000)
  eden space 87424K,   0% used [0x00000000e0000000, 0x00000000e0000000, 0x00000000e5560000)
  from space 21824K,  53% used [0x00000000e5560000, 0x00000000e60ccd30, 0x00000000e6ab0000)
  to   space 21824K,   0% used [0x00000000e6ab0000, 0x00000000e6ab0000, 0x00000000e8000000)
 concurrent mark-sweep generation total 393216K, used 0K [0x00000000e8000000, 0x0000000100000000, 0x0000000100000000)
 Metaspace       used 20038K, capacity 20356K, committed 20736K, reserved 1067008K
  class space    used 2295K, capacity 2466K, committed 2560K, reserved 1048576K
}
2017-02-14T17:20:34.178+0100: 2,550: Total time for which application threads were stopped: 0,0113226 seconds, Stopping threads took: 0,0000247 seconds
2017-02-14T17:20:34.225+0100: 2,597: Total time for which application threads were stopped: 0,0003587 seconds, Stopping threads took: 0,0000637 seconds
2017-02-14T17:20:34.372+0100: 2,744: Total time for which application threads were stopped: 0,0020643 seconds, Stopping threads took: 0,0019271 seconds
{Heap before GC invocations=2 (full 0):
 par new generation   total 109248K, used 99123K [0x00000000e0000000, 0x00000000e8000000, 0x00000000e8000000)
  eden space 87424K, 100% used [0x00000000e0000000, 0x00000000e5560000, 0x00000000e5560000)
  from space 21824K,  53% used [0x00000000e5560000, 0x00000000e60ccd30, 0x00000000e6ab0000)
  to   space 21824K,   0% used [0x00000000e6ab0000, 0x00000000e6ab0000, 0x00000000e8000000)
 concurrent mark-sweep generation total 393216K, used 0K [0x00000000e8000000, 0x0000000100000000, 0x0000000100000000)
 Metaspace       used 20961K, capacity 21346K, committed 21552K, reserved 1069056K
  class space    used 2419K, capacity 2586K, committed 2608K, reserved 1048576K
2017-02-14T17:20:34.388+0100: 2,760: [GC (Allocation Failure) 2017-02-14T17:20:34.388+0100: 2,760: [ParNew
Desired survivor size 20112992 bytes, new threshold 8 (max 8)
- age   1:    2206032 bytes,    2206032 total
- age   2:     855008 bytes,    3061040 total
- age   3:    6640496 bytes,    9701536 total
: 99123K->14099K(109248K), 0,0132710 secs] 99123K->14099K(502464K), 0,0133661 secs] [Times: user=0,05 sys=0,00, real=0,01 secs] 
Heap after GC invocations=3 (full 0):
 par new generation   total 109248K, used 14099K [0x00000000e0000000, 0x00000000e8000000, 0x00000000e8000000)
  eden space 87424K,   0% used [0x00000000e0000000, 0x00000000e0000000, 0x00000000e5560000)
  from space 21824K,  64% used [0x00000000e6ab0000, 0x00000000e7874df0, 0x00000000e8000000)
  to   space 21824K,   0% used [0x00000000e5560000, 0x00000000e5560000, 0x00000000e6ab0000)
 concurrent mark-sweep generation total 393216K, used 0K [0x00000000e8000000, 0x0000000100000000, 0x0000000100000000)
 Metaspace       used 20961K, capacity 21346K, committed 21552K, reserved 1069056K
  class space    used 2419K, capacity 2586K, committed 2608K, reserved 1048576K
}
2017-02-14T17:20:34.401+0100: 2,773: Total time for which application threads were stopped: 0,0135921 seconds, Stopping threads took: 0,0000751 seconds
2017-02-14T17:20:34.401+0100: 2,773: [GC (CMS Initial Mark) [1 CMS-initial-mark: 0K(393216K)] 14101K(502464K), 0,0052901 secs] [Times: user=0,02 sys=0,00, real=0,00 secs] 
2017-02-14T17:20:34.406+0100: 2,779: Total time for which application threads were stopped: 0,0054259 seconds, Stopping threads took: 0,0000317 seconds
2017-02-14T17:20:34.406+0100: 2,779: [CMS-concurrent-mark-start]
2017-02-14T17:20:34.407+0100: 2,779: [CMS-concurrent-mark: 0,000/0,000 secs] [Times: user=0,00 sys=0,00, real=0,01 secs] 
2017-02-14T17:20:34.407+0100: 2,779: [CMS-concurrent-preclean-start]
2017-02-14T17:20:34.408+0100: 2,780: [CMS-concurrent-preclean: 0,001/0,001 secs] [Times: user=0,00 sys=0,00, real=0,00 secs] 
2017-02-14T17:20:34.413+0100: 2,785: [GC (CMS Final Remark) [YG occupancy: 21424 K (109248 K)]{Heap before GC invocations=3 (full 1):
 par new generation   total 109248K, used 21424K [0x00000000e0000000, 0x00000000e8000000, 0x00000000e8000000)
  eden space 87424K,   8% used [0x00000000e0000000, 0x00000000e0727368, 0x00000000e5560000)
  from space 21824K,  64% used [0x00000000e6ab0000, 0x00000000e7874df0, 0x00000000e8000000)
  to   space 21824K,   0% used [0x00000000e5560000, 0x00000000e5560000, 0x00000000e6ab0000)
 concurrent mark-sweep generation total 393216K, used 0K [0x00000000e8000000, 0x0000000100000000, 0x0000000100000000)
 Metaspace       used 20961K, capacity 21346K, committed 21552K, reserved 1069056K
  class space    used 2419K, capacity 2586K, committed 2608K, reserved 1048576K
2017-02-14T17:20:34.413+0100: 2,785: [GC (CMS Final Remark) 2017-02-14T17:20:34.413+0100: 2,785: [ParNew
Desired survivor size 20112992 bytes, new threshold 8 (max 8)
- age   1:     289248 bytes,     289248 total
- age   2:    1465456 bytes,    1754704 total
- age   3:     825776 bytes,    2580480 total
- age   4:    6640520 bytes,    9221000 total
: 21424K->10329K(109248K), 0,0122491 secs] 21424K->10329K(502464K), 0,0122927 secs] [Times: user=0,05 sys=0,00, real=0,01 secs] 
Heap after GC invocations=4 (full 1):
 par new generation   total 109248K, used 10329K [0x00000000e0000000, 0x00000000e8000000, 0x00000000e8000000)
  eden space 87424K,   0% used [0x00000000e0000000, 0x00000000e0000000, 0x00000000e5560000)
  from space 21824K,  47% used [0x00000000e5560000, 0x00000000e5f766d0, 0x00000000e6ab0000)
  to   space 21824K,   0% used [0x00000000e6ab0000, 0x00000000e6ab0000, 0x00000000e8000000)
 concurrent mark-sweep generation total 393216K, used 0K [0x00000000e8000000, 0x0000000100000000, 0x0000000100000000)
 Metaspace       used 20961K, capacity 21346K, committed 21552K, reserved 1069056K
  class space    used 2419K, capacity 2586K, committed 2608K, reserved 1048576K
}
2017-02-14T17:20:34.425+0100: 2,797: [Rescan (parallel) , 0,0051532 secs]2017-02-14T17:20:34.430+0100: 2,802: [weak refs processing, 0,0007594 secs]2017-02-14T17:20:34.431+0100: 2,803: [class unloading, 0,0027563 secs]2017-02-14T17:20:34.434+0100: 2,806: [scrub symbol table, 0,0025443 secs]2017-02-14T17:20:34.436+0100: 2,809: [scrub string table, 0,0003739 secs][1 CMS-remark: 0K(393216K)] 10329K(502464K), 0,0244924 secs] [Times: user=0,08 sys=0,00, real=0,02 secs] 
2017-02-14T17:20:34.437+0100: 2,809: Total time for which application threads were stopped: 0,0262142 seconds, Stopping threads took: 0,0016291 seconds
2017-02-14T17:20:34.442+0100: 2,814: [CMS-concurrent-sweep-start]
2017-02-14T17:20:34.442+0100: 2,814: [CMS-concurrent-sweep: 0,000/0,000 secs] [Times: user=0,00 sys=0,00, real=0,00 secs] 
2017-02-14T17:20:34.442+0100: 2,814: [CMS-concurrent-reset-start]
2017-02-14T17:20:34.444+0100: 2,816: [CMS-concurrent-reset: 0,002/0,002 secs] [Times: user=0,01 sys=0,01, real=0,00 secs] 
{Heap before GC invocations=4 (full 1):
 par new generation   total 109248K, used 97753K [0x00000000e0000000, 0x00000000e8000000, 0x00000000e8000000)
  eden space 87424K, 100% used [0x00000000e0000000, 0x00000000e5560000, 0x00000000e5560000)
  from space 21824K,  47% used [0x00000000e5560000, 0x00000000e5f766d0, 0x00000000e6ab0000)
  to   space 21824K,   0% used [0x00000000e6ab0000, 0x00000000e6ab0000, 0x00000000e8000000)
 concurrent mark-sweep generation total 393216K, used 0K [0x00000000e8000000, 0x0000000100000000, 0x0000000100000000)
 Metaspace       used 21201K, capacity 21558K, committed 21808K, reserved 1069056K
  class space    used 2448K, capacity 2601K, committed 2608K, reserved 1048576K
2017-02-14T17:20:34.517+0100: 2,889: [GC (Allocation Failure) 2017-02-14T17:20:34.517+0100: 2,889: [ParNew
Desired survivor size 20112992 bytes, new threshold 8 (max 8)
- age   1:     817024 bytes,     817024 total
- age   2:       4600 bytes,     821624 total
- age   3:    1462520 bytes,    2284144 total
- age   4:     819680 bytes,    3103824 total
- age   5:    6640648 bytes,    9744472 total
: 97753K->16458K(109248K), 0,0092818 secs] 97753K->16458K(502464K), 0,0093427 secs] [Times: user=0,03 sys=0,00, real=0,01 secs] 
Heap after GC invocations=5 (full 1):
 par new generation   total 109248K, used 16458K [0x00000000e0000000, 0x00000000e8000000, 0x00000000e8000000)
  eden space 87424K,   0% used [0x00000000e0000000, 0x00000000e0000000, 0x00000000e5560000)
  from space 21824K,  75% used [0x00000000e6ab0000, 0x00000000e7ac2a40, 0x00000000e8000000)
  to   space 21824K,   0% used [0x00000000e5560000, 0x00000000e5560000, 0x00000000e6ab0000)
 concurrent mark-sweep generation total 393216K, used 0K [0x00000000e8000000, 0x0000000100000000, 0x0000000100000000)
 Metaspace       used 21201K, capacity 21558K, committed 21808K, reserved 1069056K
  class space    used 2448K, capacity 2601K, committed 2608K, reserved 1048576K
}
2017-02-14T17:20:34.526+0100: 2,898: Total time for which application threads were stopped: 0,0098157 seconds, Stopping threads took: 0,0003442 seconds
{Heap before GC invocations=5 (full 1):
 par new generation   total 109248K, used 103882K [0x00000000e0000000, 0x00000000e8000000, 0x00000000e8000000)
  eden space 87424K, 100% used [0x00000000e0000000, 0x00000000e5560000, 0x00000000e5560000)
  from space 21824K,  75% used [0x00000000e6ab0000, 0x00000000e7ac2a40, 0x00000000e8000000)
  to   space 21824K,   0% used [0x00000000e5560000, 0x00000000e5560000, 0x00000000e6ab0000)
 concurrent mark-sweep generation total 393216K, used 0K [0x00000000e8000000, 0x0000000100000000, 0x0000000100000000)
 Metaspace       used 21418K, capacity 21800K, committed 21936K, reserved 1069056K
  class space    used 2473K, capacity 2636K, committed 2736K, reserved 1048576K
2017-02-14T17:20:34.613+0100: 2,986: [GC (Allocation Failure) 2017-02-14T17:20:34.613+0100: 2,986: [ParNew
Desired survivor size 20112992 bytes, new threshold 8 (max 8)
- age   1:     644160 bytes,     644160 total
- age   2:     186968 bytes,     831128 total
- age   3:       2664 bytes,     833792 total
- age   4:    1460752 bytes,    2294544 total
- age   5:     819616 bytes,    3114160 total
- age   6:    6640376 bytes,    9754536 total
: 103882K->11090K(109248K), 0,0113923 secs] 103882K->11090K(502464K), 0,0114561 secs] [Times: user=0,04 sys=0,00, real=0,01 secs] 
Heap after GC invocations=6 (full 1):
 par new generation   total 109248K, used 11090K [0x00000000e0000000, 0x00000000e8000000, 0x00000000e8000000)
  eden space 87424K,   0% used [0x00000000e0000000, 0x00000000e0000000, 0x00000000e5560000)
  from space 21824K,  50% used [0x00000000e5560000, 0x00000000e6034a80, 0x00000000e6ab0000)
  to   space 21824K,   0% used [0x00000000e6ab0000, 0x00000000e6ab0000, 0x00000000e8000000)
 concurrent mark-sweep generation total 393216K, used 0K [0x00000000e8000000, 0x0000000100000000, 0x0000000100000000)
 Metaspace       used 21418K, capacity 21800K, committed 21936K, reserved 1069056K
  class space    used 2473K, capacity 2636K, committed 2736K, reserved 1048576K
}
2017-02-14T17:20:34.625+0100: 2,997: Total time for which application threads were stopped: 0,0116385 seconds, Stopping threads took: 0,0000449 seconds
2017-02-14T17:20:34.647+0100: 3,019: Total time for which application threads were stopped: 0,0003425 seconds, Stopping threads took: 0,0000190 seconds
2017-02-14T17:20:34.833+0100: 3,205: Total time for which application threads were stopped: 0,0005530 seconds, Stopping threads took: 0,0000491 seconds
2017-02-14T17:20:34.845+0100: 3,217: Total time for which application threads were stopped: 0,0003698 seconds, Stopping threads took: 0,0000255 seconds
{Heap before GC invocations=6 (full 1):
 par new generation   total 109248K, used 98514K [0x00000000e0000000, 0x00000000e8000000, 0x00000000e8000000)
  eden space 87424K, 100% used [0x00000000e0000000, 0x00000000e5560000, 0x00000000e5560000)
  from space 21824K,  50% used [0x00000000e5560000, 0x00000000e6034a80, 0x00000000e6ab0000)
  to   space 21824K,   0% used [0x00000000e6ab0000, 0x00000000e6ab0000, 0x00000000e8000000)
 concurrent mark-sweep generation total 393216K, used 0K [0x00000000e8000000, 0x0000000100000000, 0x0000000100000000)
 Metaspace       used 24873K, capacity 25306K, committed 25392K, reserved 1071104K
  class space    used 2903K, capacity 3079K, committed 3120K, reserved 1048576K
2017-02-14T17:20:35.092+0100: 3,465: [GC (Allocation Failure) 2017-02-14T17:20:35.092+0100: 3,465: [ParNew
Desired survivor size 20112992 bytes, new threshold 8 (max 8)
- age   1:    5024000 bytes,    5024000 total
- age   2:     156264 bytes,    5180264 total
- age   3:     178672 bytes,    5358936 total
- age   4:       2568 bytes,    5361504 total
- age   5:     289040 bytes,    5650544 total
- age   6:     799608 bytes,    6450152 total
- age   7:    6634280 bytes,   13084432 total
: 98514K->14443K(109248K), 0,0163437 secs] 98514K->14443K(502464K), 0,0164200 secs] [Times: user=0,05 sys=0,01, real=0,02 secs] 
Heap after GC invocations=7 (full 1):
 par new generation   total 109248K, used 14443K [0x00000000e0000000, 0x00000000e8000000, 0x00000000e8000000)
  eden space 87424K,   0% used [0x00000000e0000000, 0x00000000e0000000, 0x00000000e5560000)
  from space 21824K,  66% used [0x00000000e6ab0000, 0x00000000e78caeb8, 0x00000000e8000000)
  to   space 21824K,   0% used [0x00000000e5560000, 0x00000000e5560000, 0x00000000e6ab0000)
 concurrent mark-sweep generation total 393216K, used 0K [0x00000000e8000000, 0x0000000100000000, 0x0000000100000000)
 Metaspace       used 24873K, capacity 25306K, committed 25392K, reserved 1071104K
  class space    used 2903K, capacity 3079K, committed 3120K, reserved 1048576K
}
2017-02-14T17:20:35.109+0100: 3,481: Total time for which application threads were stopped: 0,0167169 seconds, Stopping threads took: 0,0000378 seconds
2017-02-14T17:20:35.292+0100: 3,664: Total time for which application threads were stopped: 0,0005106 seconds, Stopping threads took: 0,0000454 seconds
2017-02-14T17:20:35.357+0100: 3,729: Total time for which application threads were stopped: 0,0004879 seconds, Stopping threads took: 0,0000388 seconds
2017-02-14T17:20:35.680+0100: 4,052: Total time for which application threads were stopped: 0,0008030 seconds, Stopping threads took: 0,0000286 seconds
2017-02-14T17:21:03.682+0100: 32,055: Total time for which application threads were stopped: 0,0000706 seconds, Stopping threads took: 0,0000155 seconds
2017-02-14T17:22:28.690+0100: 117,063: Total time for which application threads were stopped: 0,0001718 seconds, Stopping threads took: 0,0000590 seconds
2017-02-14T17:22:38.692+0100: 127,064: Total time for which application threads were stopped: 0,0000941 seconds, Stopping threads took: 0,0000339 seconds
2017-02-14T17:22:48.693+0100: 137,066: Total time for which application threads were stopped: 0,0001432 seconds, Stopping threads took: 0,0000320 seconds
2017-02-14T17:23:33.701+0100: 182,073: Total time for which application threads were stopped: 0,0000832 seconds, Stopping threads took: 0,0000301 seconds
2017-02-14T17:24:53.712+0100: 262,084: Total time for which application threads were stopped: 0,0000869 seconds, Stopping threads took: 0,0000327 seconds
2017-02-14T17:25:03.713+0100: 272,085: Total time for which application threads were stopped: 0,0000699 seconds, Stopping threads took: 0,0000158 seconds
2017-02-14T17:44:02.843+0100: 1411,215: Total time for which application threads were stopped: 0,0001345 seconds, Stopping threads took: 0,0000405 seconds
2017-02-14T17:48:42.875+0100: 1691,247: Total time for which application threads were stopped: 0,0001333 seconds, Stopping threads took: 0,0000303 seconds
2017-02-14T17:57:18.929+0100: 2207,301: Total time for which application threads were stopped: 0,0007406 seconds, Stopping threads took: 0,0002404 seconds
2017-02-14T17:58:57.940+0100: 2306,312: Total time for which application threads were stopped: 0,0002651 seconds, Stopping threads took: 0,0000783 seconds
2017-02-14T17:58:58.941+0100: 2307,313: Total time for which application threads were stopped: 0,0002909 seconds, Stopping threads took: 0,0000989 seconds
2017-02-14T18:13:04.063+0100: 3152,435: Total time for which application threads were stopped: 0,0001779 seconds, Stopping threads took: 0,0000602 seconds
2017-02-14T18:13:49.070+0100: 3197,442: Total time for which application threads were stopped: 0,0000873 seconds, Stopping threads took: 0,0000320 seconds
2017-02-14T18:16:04.090+0100: 3332,462: Total time for which application threads were stopped: 0,0001518 seconds, Stopping threads took: 0,0000509 seconds
2017-02-14T18:23:04.151+0100: 3752,523: Total time for which application threads were stopped: 0,0001761 seconds, Stopping threads took: 0,0000603 seconds
2017-02-14T18:24:04.159+0100: 3812,531: Total time for which application threads were stopped: 0,0001830 seconds, Stopping threads took: 0,0000607 seconds
2017-02-14T18:24:34.164+0100: 3842,536: Total time for which application threads were stopped: 0,0002697 seconds, Stopping threads took: 0,0000790 seconds
2017-02-14T18:24:43.166+0100: 3851,538: Total time for which application threads were stopped: 0,0000867 seconds, Stopping threads took: 0,0000192 seconds
2017-02-14T18:25:03.169+0100: 3871,541: Total time for which application threads were stopped: 0,0000981 seconds, Stopping threads took: 0,0000344 seconds
2017-02-14T18:53:39.423+0100: 5587,795: Total time for which application threads were stopped: 0,0002248 seconds, Stopping threads took: 0,0000617 seconds
2017-02-14T18:53:44.423+0100: 5592,796: Total time for which application threads were stopped: 0,0000774 seconds, Stopping threads took: 0,0000165 seconds
2017-02-14T19:05:04.525+0100: 6272,897: Total time for which application threads were stopped: 0,0000945 seconds, Stopping threads took: 0,0000337 seconds
2017-02-14T19:25:28.937+0100: 7497,309: Total time for which application threads were stopped: 0,0001647 seconds, Stopping threads took: 0,0000388 seconds
2017-02-14T19:25:28.951+0100: 7497,323: Total time for which application threads were stopped: 0,0019696 seconds, Stopping threads took: 0,0018070 seconds
2017-02-14T19:25:29.057+0100: 7497,429: Total time for which application threads were stopped: 0,0002408 seconds, Stopping threads took: 0,0001099 seconds
2017-02-14T19:25:29.069+0100: 7497,441: Total time for which application threads were stopped: 0,0001320 seconds, Stopping threads took: 0,0000282 seconds
Heap
 par new generation   total 109248K, used 82750K [0x00000000e0000000, 0x00000000e8000000, 0x00000000e8000000)
  eden space 87424K,  78% used [0x00000000e0000000, 0x00000000e42b4bf0, 0x00000000e5560000)
  from space 21824K,  66% used [0x00000000e6ab0000, 0x00000000e78caeb8, 0x00000000e8000000)
  to   space 21824K,   0% used [0x00000000e5560000, 0x00000000e5560000, 0x00000000e6ab0000)
 concurrent mark-sweep generation total 393216K, used 0K [0x00000000e8000000, 0x0000000100000000, 0x0000000100000000)
 Metaspace       used 28016K, capacity 28588K, committed 28848K, reserved 1075200K
  class space    used 3229K, capacity 3424K, committed 3504K, reserved 1048576K
