OpenJDK 64-Bit Server VM (25.111-b14) for linux-amd64 JRE (1.8.0_111-8u111-b14-2ubuntu0.16.04.2-b14), built on Oct 27 2016 18:10:19 by "buildd" with gcc 5.4.0 20160609
Memory: 4k page, physical 7867840k(7438996k free), swap 8076284k(8076284k free)
CommandLine flags: -XX:CMSInitiatingOccupancyFraction=50 -XX:CMSMaxAbortablePrecleanTime=6000 -XX:+CMSParallelRemarkEnabled -XX:+CMSScavengeBeforeRemark -XX:ConcGCThreads=4 -XX:InitialHeapSize=536870912 -XX:MaxHeapSize=536870912 -XX:MaxTenuringThreshold=8 -XX:NewRatio=3 -XX:OldPLABSize=16 -XX:OnOutOfMemoryError=/opt/solr/bin/oom_solr.sh 8983 /var/solr/logs -XX:ParallelGCThreads=4 -XX:+ParallelRefProcEnabled -XX:PretenureSizeThreshold=67108864 -XX:+PrintGC -XX:+PrintGCApplicationStoppedTime -XX:+PrintGCDateStamps -XX:+PrintGCDetails -XX:+PrintGCTimeStamps -XX:+PrintHeapAtGC -XX:+PrintTenuringDistribution -XX:SurvivorRatio=4 -XX:TargetSurvivorRatio=90 -XX:ThreadStackSize=256 -XX:+UseCMSInitiatingOccupancyOnly -XX:+UseCompressedClassPointers -XX:+UseCompressedOops -XX:+UseConcMarkSweepGC -XX:+UseParNewGC 
2016-12-09T07:05:30.666+0100: 0,142: Total time for which application threads were stopped: 0,0000762 seconds, Stopping threads took: 0,0000216 seconds
2016-12-09T07:05:30.793+0100: 0,270: Total time for which application threads were stopped: 0,0001645 seconds, Stopping threads took: 0,0000128 seconds
2016-12-09T07:05:30.816+0100: 0,293: Total time for which application threads were stopped: 0,0000720 seconds, Stopping threads took: 0,0000127 seconds
2016-12-09T07:05:31.314+0100: 0,791: Total time for which application threads were stopped: 0,0001545 seconds, Stopping threads took: 0,0000275 seconds
2016-12-09T07:05:31.683+0100: 1,160: Total time for which application threads were stopped: 0,0010167 seconds, Stopping threads took: 0,0001013 seconds
2016-12-09T07:05:31.748+0100: 1,225: Total time for which application threads were stopped: 0,0001575 seconds, Stopping threads took: 0,0000181 seconds
2016-12-09T07:05:31.771+0100: 1,248: Total time for which application threads were stopped: 0,0010478 seconds, Stopping threads took: 0,0002924 seconds
2016-12-09T07:05:32.026+0100: 1,503: Total time for which application threads were stopped: 0,0010317 seconds, Stopping threads took: 0,0002589 seconds
2016-12-09T07:05:32.218+0100: 1,695: Total time for which application threads were stopped: 0,0001937 seconds, Stopping threads took: 0,0000140 seconds
2016-12-09T07:05:32.239+0100: 1,716: Total time for which application threads were stopped: 0,0001741 seconds, Stopping threads took: 0,0000117 seconds
2016-12-09T07:05:32.240+0100: 1,717: Total time for which application threads were stopped: 0,0001068 seconds, Stopping threads took: 0,0000084 seconds
2016-12-09T07:05:32.250+0100: 1,727: Total time for which application threads were stopped: 0,0001635 seconds, Stopping threads took: 0,0000210 seconds
2016-12-09T07:05:32.329+0100: 1,806: Total time for which application threads were stopped: 0,0001928 seconds, Stopping threads took: 0,0000186 seconds
2016-12-09T07:05:32.468+0100: 1,945: Total time for which application threads were stopped: 0,0002543 seconds, Stopping threads took: 0,0000593 seconds
{Heap before GC invocations=0 (full 0):
 par new generation   total 109248K, used 87424K [0x00000000e0000000, 0x00000000e8000000, 0x00000000e8000000)
  eden space 87424K, 100% used [0x00000000e0000000, 0x00000000e5560000, 0x00000000e5560000)
  from space 21824K,   0% used [0x00000000e5560000, 0x00000000e5560000, 0x00000000e6ab0000)
  to   space 21824K,   0% used [0x00000000e6ab0000, 0x00000000e6ab0000, 0x00000000e8000000)
 concurrent mark-sweep generation total 393216K, used 0K [0x00000000e8000000, 0x0000000100000000, 0x0000000100000000)
 Metaspace       used 18099K, capacity 18366K, committed 18560K, reserved 1064960K
  class space    used 2054K, capacity 2162K, committed 2176K, reserved 1048576K
2016-12-09T07:05:32.601+0100: 2,078: [GC (Allocation Failure) 2016-12-09T07:05:32.601+0100: 2,078: [ParNew
Desired survivor size 20112992 bytes, new threshold 8 (max 8)
- age   1:   12329136 bytes,   12329136 total
: 87424K->12144K(109248K), 0,0156786 secs] 87424K->12144K(502464K), 0,0157669 secs] [Times: user=0,03 sys=0,03, real=0,01 secs] 
Heap after GC invocations=1 (full 0):
 par new generation   total 109248K, used 12144K [0x00000000e0000000, 0x00000000e8000000, 0x00000000e8000000)
  eden space 87424K,   0% used [0x00000000e0000000, 0x00000000e0000000, 0x00000000e5560000)
  from space 21824K,  55% used [0x00000000e6ab0000, 0x00000000e768c000, 0x00000000e8000000)
  to   space 21824K,   0% used [0x00000000e5560000, 0x00000000e5560000, 0x00000000e6ab0000)
 concurrent mark-sweep generation total 393216K, used 0K [0x00000000e8000000, 0x0000000100000000, 0x0000000100000000)
 Metaspace       used 18099K, capacity 18366K, committed 18560K, reserved 1064960K
  class space    used 2054K, capacity 2162K, committed 2176K, reserved 1048576K
}
2016-12-09T07:05:32.617+0100: 2,094: Total time for which application threads were stopped: 0,0159401 seconds, Stopping threads took: 0,0000258 seconds
2016-12-09T07:05:32.793+0100: 2,270: Total time for which application threads were stopped: 0,0002660 seconds, Stopping threads took: 0,0000222 seconds
2016-12-09T07:05:32.824+0100: 2,301: Total time for which application threads were stopped: 0,0003050 seconds, Stopping threads took: 0,0000276 seconds
2016-12-09T07:05:32.848+0100: 2,325: Total time for which application threads were stopped: 0,0002931 seconds, Stopping threads took: 0,0000212 seconds
{Heap before GC invocations=1 (full 0):
 par new generation   total 109248K, used 99568K [0x00000000e0000000, 0x00000000e8000000, 0x00000000e8000000)
  eden space 87424K, 100% used [0x00000000e0000000, 0x00000000e5560000, 0x00000000e5560000)
  from space 21824K,  55% used [0x00000000e6ab0000, 0x00000000e768c000, 0x00000000e8000000)
  to   space 21824K,   0% used [0x00000000e5560000, 0x00000000e5560000, 0x00000000e6ab0000)
 concurrent mark-sweep generation total 393216K, used 0K [0x00000000e8000000, 0x0000000100000000, 0x0000000100000000)
 Metaspace       used 20737K, capacity 21084K, committed 21248K, reserved 1069056K
  class space    used 2404K, capacity 2518K, committed 2560K, reserved 1048576K
2016-12-09T07:05:33.020+0100: 2,497: [GC (Allocation Failure) 2016-12-09T07:05:33.020+0100: 2,497: [ParNew
Desired survivor size 20112992 bytes, new threshold 8 (max 8)
- age   1:    2918016 bytes,    2918016 total
- age   2:    6101320 bytes,    9019336 total
: 99568K->13134K(109248K), 0,0178047 secs] 99568K->13134K(502464K), 0,0178898 secs] [Times: user=0,06 sys=0,01, real=0,01 secs] 
Heap after GC invocations=2 (full 0):
 par new generation   total 109248K, used 13134K [0x00000000e0000000, 0x00000000e8000000, 0x00000000e8000000)
  eden space 87424K,   0% used [0x00000000e0000000, 0x00000000e0000000, 0x00000000e5560000)
  from space 21824K,  60% used [0x00000000e5560000, 0x00000000e6233b60, 0x00000000e6ab0000)
  to   space 21824K,   0% used [0x00000000e6ab0000, 0x00000000e6ab0000, 0x00000000e8000000)
 concurrent mark-sweep generation total 393216K, used 0K [0x00000000e8000000, 0x0000000100000000, 0x0000000100000000)
 Metaspace       used 20737K, capacity 21084K, committed 21248K, reserved 1069056K
  class space    used 2404K, capacity 2518K, committed 2560K, reserved 1048576K
}
2016-12-09T07:05:33.038+0100: 2,515: Total time for which application threads were stopped: 0,0183339 seconds, Stopping threads took: 0,0002534 seconds
2016-12-09T07:05:33.089+0100: 2,566: Total time for which application threads were stopped: 0,0000699 seconds, Stopping threads took: 0,0000132 seconds
2016-12-09T07:05:33.119+0100: 2,596: Total time for which application threads were stopped: 0,0000777 seconds, Stopping threads took: 0,0000140 seconds
2016-12-09T07:05:33.120+0100: 2,597: Total time for which application threads were stopped: 0,0003137 seconds, Stopping threads took: 0,0000201 seconds
2016-12-09T07:05:33.146+0100: 2,623: Total time for which application threads were stopped: 0,0000771 seconds, Stopping threads took: 0,0000217 seconds
2016-12-09T07:05:33.232+0100: 2,709: Total time for which application threads were stopped: 0,0001242 seconds, Stopping threads took: 0,0000296 seconds
2016-12-09T07:05:33.257+0100: 2,734: Total time for which application threads were stopped: 0,0000974 seconds, Stopping threads took: 0,0000238 seconds
2016-12-09T07:05:33.267+0100: 2,743: Total time for which application threads were stopped: 0,0003297 seconds, Stopping threads took: 0,0000235 seconds
2016-12-09T07:05:33.277+0100: 2,754: Total time for which application threads were stopped: 0,0003187 seconds, Stopping threads took: 0,0000220 seconds
2016-12-09T07:05:33.286+0100: 2,763: Total time for which application threads were stopped: 0,0001098 seconds, Stopping threads took: 0,0000407 seconds
2016-12-09T07:05:33.313+0100: 2,790: Total time for which application threads were stopped: 0,0000875 seconds, Stopping threads took: 0,0000189 seconds
2016-12-09T07:05:33.328+0100: 2,805: Total time for which application threads were stopped: 0,0000702 seconds, Stopping threads took: 0,0000149 seconds
2016-12-09T07:05:33.346+0100: 2,823: Total time for which application threads were stopped: 0,0000818 seconds, Stopping threads took: 0,0000182 seconds
2016-12-09T07:05:33.365+0100: 2,842: Total time for which application threads were stopped: 0,0000808 seconds, Stopping threads took: 0,0000218 seconds
2016-12-09T07:05:33.386+0100: 2,863: Total time for which application threads were stopped: 0,0001102 seconds, Stopping threads took: 0,0000249 seconds
2016-12-09T07:05:33.439+0100: 2,916: Total time for which application threads were stopped: 0,0000889 seconds, Stopping threads took: 0,0000231 seconds
2016-12-09T07:05:33.461+0100: 2,938: Total time for which application threads were stopped: 0,0001074 seconds, Stopping threads took: 0,0000242 seconds
{Heap before GC invocations=2 (full 0):
 par new generation   total 109248K, used 100558K [0x00000000e0000000, 0x00000000e8000000, 0x00000000e8000000)
  eden space 87424K, 100% used [0x00000000e0000000, 0x00000000e5560000, 0x00000000e5560000)
  from space 21824K,  60% used [0x00000000e5560000, 0x00000000e6233b60, 0x00000000e6ab0000)
  to   space 21824K,   0% used [0x00000000e6ab0000, 0x00000000e6ab0000, 0x00000000e8000000)
 concurrent mark-sweep generation total 393216K, used 0K [0x00000000e8000000, 0x0000000100000000, 0x0000000100000000)
 Metaspace       used 24866K, capacity 25221K, committed 25536K, reserved 1071104K
  class space    used 2897K, capacity 3025K, committed 3144K, reserved 1048576K
2016-12-09T07:05:33.483+0100: 2,959: [GC (Allocation Failure) 2016-12-09T07:05:33.483+0100: 2,960: [ParNew
Desired survivor size 20112992 bytes, new threshold 8 (max 8)
- age   1:    6695624 bytes,    6695624 total
- age   2:     550472 bytes,    7246096 total
- age   3:    6094248 bytes,   13340344 total
: 100558K->16833K(109248K), 0,0158660 secs] 100558K->16833K(502464K), 0,0159514 secs] [Times: user=0,05 sys=0,00, real=0,02 secs] 
Heap after GC invocations=3 (full 0):
 par new generation   total 109248K, used 16833K [0x00000000e0000000, 0x00000000e8000000, 0x00000000e8000000)
  eden space 87424K,   0% used [0x00000000e0000000, 0x00000000e0000000, 0x00000000e5560000)
  from space 21824K,  77% used [0x00000000e6ab0000, 0x00000000e7b20448, 0x00000000e8000000)
  to   space 21824K,   0% used [0x00000000e5560000, 0x00000000e5560000, 0x00000000e6ab0000)
 concurrent mark-sweep generation total 393216K, used 0K [0x00000000e8000000, 0x0000000100000000, 0x0000000100000000)
 Metaspace       used 24866K, capacity 25221K, committed 25536K, reserved 1071104K
  class space    used 2897K, capacity 3025K, committed 3144K, reserved 1048576K
}
2016-12-09T07:05:33.499+0100: 2,975: Total time for which application threads were stopped: 0,0161357 seconds, Stopping threads took: 0,0000373 seconds
2016-12-09T07:05:33.499+0100: 2,976: [GC (CMS Initial Mark) [1 CMS-initial-mark: 0K(393216K)] 16833K(502464K), 0,0033061 secs] [Times: user=0,01 sys=0,00, real=0,00 secs] 
2016-12-09T07:05:33.502+0100: 2,979: Total time for which application threads were stopped: 0,0035425 seconds, Stopping threads took: 0,0001528 seconds
2016-12-09T07:05:33.502+0100: 2,979: [CMS-concurrent-mark-start]
2016-12-09T07:05:33.504+0100: 2,981: [CMS-concurrent-mark: 0,002/0,002 secs] [Times: user=0,00 sys=0,00, real=0,00 secs] 
2016-12-09T07:05:33.504+0100: 2,981: [CMS-concurrent-preclean-start]
2016-12-09T07:05:33.505+0100: 2,982: [CMS-concurrent-preclean: 0,001/0,001 secs] [Times: user=0,01 sys=0,00, real=0,00 secs] 
2016-12-09T07:05:33.505+0100: 2,982: [GC (CMS Final Remark) [YG occupancy: 18232 K (109248 K)]{Heap before GC invocations=3 (full 1):
 par new generation   total 109248K, used 18232K [0x00000000e0000000, 0x00000000e8000000, 0x00000000e8000000)
  eden space 87424K,   1% used [0x00000000e0000000, 0x00000000e015dcd0, 0x00000000e5560000)
  from space 21824K,  77% used [0x00000000e6ab0000, 0x00000000e7b20448, 0x00000000e8000000)
  to   space 21824K,   0% used [0x00000000e5560000, 0x00000000e5560000, 0x00000000e6ab0000)
 concurrent mark-sweep generation total 393216K, used 0K [0x00000000e8000000, 0x0000000100000000, 0x0000000100000000)
 Metaspace       used 24908K, capacity 25317K, committed 25536K, reserved 1071104K
  class space    used 2902K, capacity 3057K, committed 3144K, reserved 1048576K
2016-12-09T07:05:33.505+0100: 2,982: [GC (CMS Final Remark) 2016-12-09T07:05:33.505+0100: 2,982: [ParNew
Desired survivor size 20112992 bytes, new threshold 8 (max 8)
- age   1:      43112 bytes,      43112 total
- age   2:    3148768 bytes,    3191880 total
- age   3:     550456 bytes,    3742336 total
- age   4:    6092768 bytes,    9835104 total
: 18232K->12360K(109248K), 0,0122277 secs] 18232K->12360K(502464K), 0,0122642 secs] [Times: user=0,05 sys=0,00, real=0,01 secs] 
Heap after GC invocations=4 (full 1):
 par new generation   total 109248K, used 12360K [0x00000000e0000000, 0x00000000e8000000, 0x00000000e8000000)
  eden space 87424K,   0% used [0x00000000e0000000, 0x00000000e0000000, 0x00000000e5560000)
  from space 21824K,  56% used [0x00000000e5560000, 0x00000000e61721c0, 0x00000000e6ab0000)
  to   space 21824K,   0% used [0x00000000e6ab0000, 0x00000000e6ab0000, 0x00000000e8000000)
 concurrent mark-sweep generation total 393216K, used 0K [0x00000000e8000000, 0x0000000100000000, 0x0000000100000000)
 Metaspace       used 24908K, capacity 25317K, committed 25536K, reserved 1071104K
  class space    used 2902K, capacity 3057K, committed 3144K, reserved 1048576K
}
2016-12-09T07:05:33.518+0100: 2,995: [Rescan (parallel) , 0,0034561 secs]2016-12-09T07:05:33.521+0100: 2,998: [weak refs processing, 0,0007583 secs]2016-12-09T07:05:33.522+0100: 2,999: [class unloading, 0,0031855 secs]2016-12-09T07:05:33.525+0100: 3,002: [scrub symbol table, 0,0032675 secs]2016-12-09T07:05:33.528+0100: 3,005: [scrub string table, 0,0003666 secs][1 CMS-remark: 0K(393216K)] 12360K(502464K), 0,0239832 secs] [Times: user=0,07 sys=0,00, real=0,03 secs] 
2016-12-09T07:05:33.529+0100: 3,006: Total time for which application threads were stopped: 0,0240865 seconds, Stopping threads took: 0,0000405 seconds
2016-12-09T07:05:33.530+0100: 3,006: [CMS-concurrent-sweep-start]
2016-12-09T07:05:33.530+0100: 3,006: [CMS-concurrent-sweep: 0,000/0,000 secs] [Times: user=0,00 sys=0,00, real=0,00 secs] 
2016-12-09T07:05:33.530+0100: 3,007: [CMS-concurrent-reset-start]
2016-12-09T07:05:33.531+0100: 3,008: [CMS-concurrent-reset: 0,002/0,002 secs] [Times: user=0,00 sys=0,00, real=0,00 secs] 
2016-12-09T07:05:33.575+0100: 3,052: Total time for which application threads were stopped: 0,0003988 seconds, Stopping threads took: 0,0000264 seconds
2016-12-09T07:05:34.575+0100: 4,052: Total time for which application threads were stopped: 0,0000831 seconds, Stopping threads took: 0,0000172 seconds
2016-12-09T07:05:34.579+0100: 4,056: Total time for which application threads were stopped: 0,0002909 seconds, Stopping threads took: 0,0000154 seconds
2016-12-09T07:06:01.831+0100: 32,059: Total time for which application threads were stopped: 0,0000877 seconds, Stopping threads took: 0,0000245 seconds
2016-12-09T07:08:11.846+0100: 162,074: Total time for which application threads were stopped: 0,0001716 seconds, Stopping threads took: 0,0000795 seconds
2016-12-09T07:08:16.847+0100: 167,075: Total time for which application threads were stopped: 0,0000728 seconds, Stopping threads took: 0,0000210 seconds
2016-12-09T07:09:26.859+0100: 237,087: Total time for which application threads were stopped: 0,0000883 seconds, Stopping threads took: 0,0000384 seconds
2016-12-09T07:10:16.867+0100: 287,094: Total time for which application threads were stopped: 0,0000985 seconds, Stopping threads took: 0,0000425 seconds
2016-12-09T07:10:51.872+0100: 322,100: Total time for which application threads were stopped: 0,0000709 seconds, Stopping threads took: 0,0000297 seconds
2016-12-09T07:11:11.875+0100: 342,103: Total time for which application threads were stopped: 0,0000600 seconds, Stopping threads took: 0,0000161 seconds
2016-12-09T07:16:16.922+0100: 647,150: Total time for which application threads were stopped: 0,0000764 seconds, Stopping threads took: 0,0000299 seconds
2016-12-09T07:21:31.957+0100: 962,185: Total time for which application threads were stopped: 0,0000863 seconds, Stopping threads took: 0,0000311 seconds
2016-12-09T07:21:36.957+0100: 967,185: Total time for which application threads were stopped: 0,0000765 seconds, Stopping threads took: 0,0000182 seconds
2016-12-09T07:29:11.003+0100: 1421,231: Total time for which application threads were stopped: 0,0002864 seconds, Stopping threads took: 0,0001599 seconds
2016-12-09T07:33:32.029+0100: 1682,257: Total time for which application threads were stopped: 0,0000791 seconds, Stopping threads took: 0,0000310 seconds
2016-12-09T07:44:07.092+0100: 2317,320: Total time for which application threads were stopped: 0,0004485 seconds, Stopping threads took: 0,0002370 seconds
2016-12-09T07:44:11.092+0100: 2321,320: Total time for which application threads were stopped: 0,0000773 seconds, Stopping threads took: 0,0000343 seconds
2016-12-09T07:44:12.093+0100: 2322,320: Total time for which application threads were stopped: 0,0000615 seconds, Stopping threads took: 0,0000142 seconds
2016-12-09T08:01:22.220+0100: 3352,448: Total time for which application threads were stopped: 0,0000689 seconds, Stopping threads took: 0,0000286 seconds
2016-12-09T08:09:31.282+0100: 3841,509: Total time for which application threads were stopped: 0,0001254 seconds, Stopping threads took: 0,0000506 seconds
2016-12-09T08:09:36.282+0100: 3846,510: Total time for which application threads were stopped: 0,0000600 seconds, Stopping threads took: 0,0000137 seconds
2016-12-09T08:12:32.300+0100: 4022,528: Total time for which application threads were stopped: 0,0005728 seconds, Stopping threads took: 0,0002089 seconds
2016-12-09T08:55:27.585+0100: 6597,813: Total time for which application threads were stopped: 0,0000786 seconds, Stopping threads took: 0,0000329 seconds
2016-12-09T08:57:17.598+0100: 6707,825: Total time for which application threads were stopped: 0,0000726 seconds, Stopping threads took: 0,0000317 seconds
2016-12-09T09:03:02.636+0100: 7052,864: Total time for which application threads were stopped: 0,0000951 seconds, Stopping threads took: 0,0000429 seconds
2016-12-09T09:10:31.691+0100: 7501,919: Total time for which application threads were stopped: 0,0000721 seconds, Stopping threads took: 0,0000310 seconds
2016-12-09T09:11:01.694+0100: 7531,922: Total time for which application threads were stopped: 0,0001472 seconds, Stopping threads took: 0,0000590 seconds
2016-12-09T09:12:31.704+0100: 7621,932: Total time for which application threads were stopped: 0,0000809 seconds, Stopping threads took: 0,0000254 seconds
2016-12-09T09:13:31.709+0100: 7681,937: Total time for which application threads were stopped: 0,0001122 seconds, Stopping threads took: 0,0000451 seconds
2016-12-09T09:14:01.712+0100: 7711,940: Total time for which application threads were stopped: 0,0001085 seconds, Stopping threads took: 0,0000419 seconds
2016-12-09T09:23:00.444+0100: 8250,672: Total time for which application threads were stopped: 0,0001485 seconds, Stopping threads took: 0,0000201 seconds
Heap
 par new generation   total 109248K, used 55710K [0x00000000e0000000, 0x00000000e8000000, 0x00000000e8000000)
  eden space 87424K,  49% used [0x00000000e0000000, 0x00000000e2a55950, 0x00000000e5560000)
  from space 21824K,  56% used [0x00000000e5560000, 0x00000000e61721c0, 0x00000000e6ab0000)
  to   space 21824K,   0% used [0x00000000e6ab0000, 0x00000000e6ab0000, 0x00000000e8000000)
 concurrent mark-sweep generation total 393216K, used 0K [0x00000000e8000000, 0x0000000100000000, 0x0000000100000000)
 Metaspace       used 27200K, capacity 27659K, committed 27976K, reserved 1073152K
  class space    used 3161K, capacity 3320K, committed 3400K, reserved 1048576K
