OpenJDK 64-Bit Server VM (25.121-b13) for linux-amd64 JRE (1.8.0_121-8u121-b13-0ubuntu1.16.04.2-b13), built on Jan 23 2017 15:51:29 by "buildd" with gcc 5.4.0 20160609
Memory: 4k page, physical 7867764k(7490268k free), swap 8076284k(8076284k free)
CommandLine flags: -XX:CMSInitiatingOccupancyFraction=50 -XX:CMSMaxAbortablePrecleanTime=6000 -XX:+CMSParallelRemarkEnabled -XX:+CMSScavengeBeforeRemark -XX:ConcGCThreads=4 -XX:InitialHeapSize=536870912 -XX:MaxHeapSize=536870912 -XX:MaxTenuringThreshold=8 -XX:NewRatio=3 -XX:OldPLABSize=16 -XX:OnOutOfMemoryError=/opt/solr/bin/oom_solr.sh 8983 /var/solr/logs -XX:ParallelGCThreads=4 -XX:+ParallelRefProcEnabled -XX:PretenureSizeThreshold=67108864 -XX:+PrintGC -XX:+PrintGCApplicationStoppedTime -XX:+PrintGCDateStamps -XX:+PrintGCDetails -XX:+PrintGCTimeStamps -XX:+PrintHeapAtGC -XX:+PrintTenuringDistribution -XX:SurvivorRatio=4 -XX:TargetSurvivorRatio=90 -XX:ThreadStackSize=256 -XX:+UseCMSInitiatingOccupancyOnly -XX:+UseCompressedClassPointers -XX:+UseCompressedOops -XX:+UseConcMarkSweepGC -XX:+UseParNewGC 
2017-04-03T13:19:01.768+0200: 0,123: Total time for which application threads were stopped: 0,0000767 seconds, Stopping threads took: 0,0000130 seconds
2017-04-03T13:19:01.841+0200: 0,197: Total time for which application threads were stopped: 0,0001069 seconds, Stopping threads took: 0,0000099 seconds
2017-04-03T13:19:01.855+0200: 0,211: Total time for which application threads were stopped: 0,0000829 seconds, Stopping threads took: 0,0000091 seconds
2017-04-03T13:19:02.094+0200: 0,449: Total time for which application threads were stopped: 0,0001121 seconds, Stopping threads took: 0,0000101 seconds
2017-04-03T13:19:02.583+0200: 0,939: Total time for which application threads were stopped: 0,0001554 seconds, Stopping threads took: 0,0000230 seconds
2017-04-03T13:19:02.705+0200: 1,060: Total time for which application threads were stopped: 0,0001883 seconds, Stopping threads took: 0,0000227 seconds
2017-04-03T13:19:02.722+0200: 1,078: Total time for which application threads were stopped: 0,0001563 seconds, Stopping threads took: 0,0000181 seconds
2017-04-03T13:19:03.006+0200: 1,362: Total time for which application threads were stopped: 0,0002238 seconds, Stopping threads took: 0,0000231 seconds
2017-04-03T13:19:03.222+0200: 1,577: Total time for which application threads were stopped: 0,0001941 seconds, Stopping threads took: 0,0000235 seconds
2017-04-03T13:19:03.241+0200: 1,597: Total time for which application threads were stopped: 0,0001849 seconds, Stopping threads took: 0,0000123 seconds
2017-04-03T13:19:03.288+0200: 1,643: Total time for which application threads were stopped: 0,0002361 seconds, Stopping threads took: 0,0000254 seconds
2017-04-03T13:19:03.289+0200: 1,644: Total time for which application threads were stopped: 0,0001372 seconds, Stopping threads took: 0,0000099 seconds
2017-04-03T13:19:03.304+0200: 1,659: Total time for which application threads were stopped: 0,0002207 seconds, Stopping threads took: 0,0000219 seconds
2017-04-03T13:19:03.395+0200: 1,750: Total time for which application threads were stopped: 0,0002721 seconds, Stopping threads took: 0,0000481 seconds
2017-04-03T13:19:03.548+0200: 1,904: Total time for which application threads were stopped: 0,0002936 seconds, Stopping threads took: 0,0000811 seconds
{Heap before GC invocations=0 (full 0):
 par new generation   total 109248K, used 87424K [0x00000000e0000000, 0x00000000e8000000, 0x00000000e8000000)
  eden space 87424K, 100% used [0x00000000e0000000, 0x00000000e5560000, 0x00000000e5560000)
  from space 21824K,   0% used [0x00000000e5560000, 0x00000000e5560000, 0x00000000e6ab0000)
  to   space 21824K,   0% used [0x00000000e6ab0000, 0x00000000e6ab0000, 0x00000000e8000000)
 concurrent mark-sweep generation total 393216K, used 0K [0x00000000e8000000, 0x0000000100000000, 0x0000000100000000)
 Metaspace       used 18001K, capacity 18336K, committed 18688K, reserved 1064960K
  class space    used 2035K, capacity 2196K, committed 2304K, reserved 1048576K
2017-04-03T13:19:03.636+0200: 1,992: [GC (Allocation Failure) 2017-04-03T13:19:03.636+0200: 1,992: [ParNew
Desired survivor size 20112992 bytes, new threshold 8 (max 8)
- age   1:   12521656 bytes,   12521656 total
: 87424K->12340K(109248K), 0,0252074 secs] 87424K->12340K(502464K), 0,0252772 secs] [Times: user=0,06 sys=0,01, real=0,02 secs] 
Heap after GC invocations=1 (full 0):
 par new generation   total 109248K, used 12340K [0x00000000e0000000, 0x00000000e8000000, 0x00000000e8000000)
  eden space 87424K,   0% used [0x00000000e0000000, 0x00000000e0000000, 0x00000000e5560000)
  from space 21824K,  56% used [0x00000000e6ab0000, 0x00000000e76bd308, 0x00000000e8000000)
  to   space 21824K,   0% used [0x00000000e5560000, 0x00000000e5560000, 0x00000000e6ab0000)
 concurrent mark-sweep generation total 393216K, used 0K [0x00000000e8000000, 0x0000000100000000, 0x0000000100000000)
 Metaspace       used 18001K, capacity 18336K, committed 18688K, reserved 1064960K
  class space    used 2035K, capacity 2196K, committed 2304K, reserved 1048576K
}
2017-04-03T13:19:03.662+0200: 2,017: Total time for which application threads were stopped: 0,0274387 seconds, Stopping threads took: 0,0019825 seconds
2017-04-03T13:19:03.981+0200: 2,336: Total time for which application threads were stopped: 0,0003478 seconds, Stopping threads took: 0,0000686 seconds
{Heap before GC invocations=1 (full 0):
 par new generation   total 109248K, used 99764K [0x00000000e0000000, 0x00000000e8000000, 0x00000000e8000000)
  eden space 87424K, 100% used [0x00000000e0000000, 0x00000000e5560000, 0x00000000e5560000)
  from space 21824K,  56% used [0x00000000e6ab0000, 0x00000000e76bd308, 0x00000000e8000000)
  to   space 21824K,   0% used [0x00000000e5560000, 0x00000000e5560000, 0x00000000e6ab0000)
 concurrent mark-sweep generation total 393216K, used 0K [0x00000000e8000000, 0x0000000100000000, 0x0000000100000000)
 Metaspace       used 20062K, capacity 20382K, committed 20736K, reserved 1067008K
  class space    used 2298K, capacity 2477K, committed 2560K, reserved 1048576K
2017-04-03T13:19:04.025+0200: 2,381: [GC (Allocation Failure) 2017-04-03T13:19:04.025+0200: 2,381: [ParNew
Desired survivor size 20112992 bytes, new threshold 8 (max 8)
- age   1:    3732112 bytes,    3732112 total
- age   2:    6631960 bytes,   10364072 total
: 99764K->13830K(109248K), 0,0124930 secs] 99764K->13830K(502464K), 0,0125736 secs] [Times: user=0,04 sys=0,01, real=0,01 secs] 
Heap after GC invocations=2 (full 0):
 par new generation   total 109248K, used 13830K [0x00000000e0000000, 0x00000000e8000000, 0x00000000e8000000)
  eden space 87424K,   0% used [0x00000000e0000000, 0x00000000e0000000, 0x00000000e5560000)
  from space 21824K,  63% used [0x00000000e5560000, 0x00000000e62e1ba0, 0x00000000e6ab0000)
  to   space 21824K,   0% used [0x00000000e6ab0000, 0x00000000e6ab0000, 0x00000000e8000000)
 concurrent mark-sweep generation total 393216K, used 0K [0x00000000e8000000, 0x0000000100000000, 0x0000000100000000)
 Metaspace       used 20062K, capacity 20382K, committed 20736K, reserved 1067008K
  class space    used 2298K, capacity 2477K, committed 2560K, reserved 1048576K
}
2017-04-03T13:19:04.038+0200: 2,393: Total time for which application threads were stopped: 0,0128509 seconds, Stopping threads took: 0,0001043 seconds
2017-04-03T13:19:04.041+0200: 2,397: Total time for which application threads were stopped: 0,0003574 seconds, Stopping threads took: 0,0000474 seconds
2017-04-03T13:19:04.073+0200: 2,428: Total time for which application threads were stopped: 0,0014070 seconds, Stopping threads took: 0,0010422 seconds
2017-04-03T13:19:04.198+0200: 2,553: Total time for which application threads were stopped: 0,0001595 seconds, Stopping threads took: 0,0000221 seconds
{Heap before GC invocations=2 (full 0):
 par new generation   total 109248K, used 101254K [0x00000000e0000000, 0x00000000e8000000, 0x00000000e8000000)
  eden space 87424K, 100% used [0x00000000e0000000, 0x00000000e5560000, 0x00000000e5560000)
  from space 21824K,  63% used [0x00000000e5560000, 0x00000000e62e1ba0, 0x00000000e6ab0000)
  to   space 21824K,   0% used [0x00000000e6ab0000, 0x00000000e6ab0000, 0x00000000e8000000)
 concurrent mark-sweep generation total 393216K, used 0K [0x00000000e8000000, 0x0000000100000000, 0x0000000100000000)
 Metaspace       used 20984K, capacity 21304K, committed 21552K, reserved 1069056K
  class space    used 2422K, capacity 2596K, committed 2608K, reserved 1048576K
2017-04-03T13:19:04.235+0200: 2,590: [GC (Allocation Failure) 2017-04-03T13:19:04.235+0200: 2,590: [ParNew
Desired survivor size 20112992 bytes, new threshold 8 (max 8)
- age   1:    2187048 bytes,    2187048 total
- age   2:     887384 bytes,    3074432 total
- age   3:    6630832 bytes,    9705264 total
: 101254K->12985K(109248K), 0,0152016 secs] 101254K->12985K(502464K), 0,0152853 secs] [Times: user=0,06 sys=0,00, real=0,01 secs] 
Heap after GC invocations=3 (full 0):
 par new generation   total 109248K, used 12985K [0x00000000e0000000, 0x00000000e8000000, 0x00000000e8000000)
  eden space 87424K,   0% used [0x00000000e0000000, 0x00000000e0000000, 0x00000000e5560000)
  from space 21824K,  59% used [0x00000000e6ab0000, 0x00000000e775e420, 0x00000000e8000000)
  to   space 21824K,   0% used [0x00000000e5560000, 0x00000000e5560000, 0x00000000e6ab0000)
 concurrent mark-sweep generation total 393216K, used 0K [0x00000000e8000000, 0x0000000100000000, 0x0000000100000000)
 Metaspace       used 20984K, capacity 21304K, committed 21552K, reserved 1069056K
  class space    used 2422K, capacity 2596K, committed 2608K, reserved 1048576K
}
2017-04-03T13:19:04.250+0200: 2,605: Total time for which application threads were stopped: 0,0155033 seconds, Stopping threads took: 0,0000817 seconds
2017-04-03T13:19:04.250+0200: 2,605: [GC (CMS Initial Mark) [1 CMS-initial-mark: 0K(393216K)] 13700K(502464K), 0,0050294 secs] [Times: user=0,01 sys=0,00, real=0,01 secs] 
2017-04-03T13:19:04.255+0200: 2,611: Total time for which application threads were stopped: 0,0051953 seconds, Stopping threads took: 0,0000660 seconds
2017-04-03T13:19:04.255+0200: 2,611: [CMS-concurrent-mark-start]
2017-04-03T13:19:04.256+0200: 2,611: [CMS-concurrent-mark: 0,001/0,001 secs] [Times: user=0,01 sys=0,00, real=0,00 secs] 
2017-04-03T13:19:04.256+0200: 2,611: [CMS-concurrent-preclean-start]
2017-04-03T13:19:04.257+0200: 2,612: [CMS-concurrent-preclean: 0,001/0,001 secs] [Times: user=0,00 sys=0,00, real=0,00 secs] 
2017-04-03T13:19:04.257+0200: 2,612: [CMS-concurrent-abortable-preclean-start]
2017-04-03T13:19:04.342+0200: 2,697: Total time for which application threads were stopped: 0,0001199 seconds, Stopping threads took: 0,0000460 seconds
2017-04-03T13:19:04.342+0200: 2,697: [CMS-concurrent-abortable-preclean: 0,078/0,085 secs] [Times: user=0,32 sys=0,00, real=0,08 secs] 
2017-04-03T13:19:04.343+0200: 2,698: [GC (CMS Final Remark) [YG occupancy: 81361 K (109248 K)]{Heap before GC invocations=3 (full 1):
 par new generation   total 109248K, used 81361K [0x00000000e0000000, 0x00000000e8000000, 0x00000000e8000000)
  eden space 87424K,  78% used [0x00000000e0000000, 0x00000000e42c62a0, 0x00000000e5560000)
  from space 21824K,  59% used [0x00000000e6ab0000, 0x00000000e775e420, 0x00000000e8000000)
  to   space 21824K,   0% used [0x00000000e5560000, 0x00000000e5560000, 0x00000000e6ab0000)
 concurrent mark-sweep generation total 393216K, used 0K [0x00000000e8000000, 0x0000000100000000, 0x0000000100000000)
 Metaspace       used 21238K, capacity 21636K, committed 21884K, reserved 1069056K
  class space    used 2447K, capacity 2608K, committed 2608K, reserved 1048576K
2017-04-03T13:19:04.343+0200: 2,698: [GC (CMS Final Remark) 2017-04-03T13:19:04.343+0200: 2,698: [ParNew
Desired survivor size 20112992 bytes, new threshold 8 (max 8)
- age   1:    1702536 bytes,    1702536 total
- age   2:    1461424 bytes,    3163960 total
- age   3:     856048 bytes,    4020008 total
- age   4:    6630824 bytes,   10650832 total
: 81361K->12492K(109248K), 0,0101121 secs] 81361K->12492K(502464K), 0,0101509 secs] [Times: user=0,04 sys=0,00, real=0,01 secs] 
Heap after GC invocations=4 (full 1):
 par new generation   total 109248K, used 12492K [0x00000000e0000000, 0x00000000e8000000, 0x00000000e8000000)
  eden space 87424K,   0% used [0x00000000e0000000, 0x00000000e0000000, 0x00000000e5560000)
  from space 21824K,  57% used [0x00000000e5560000, 0x00000000e6193110, 0x00000000e6ab0000)
  to   space 21824K,   0% used [0x00000000e6ab0000, 0x00000000e6ab0000, 0x00000000e8000000)
 concurrent mark-sweep generation total 393216K, used 0K [0x00000000e8000000, 0x0000000100000000, 0x0000000100000000)
 Metaspace       used 21238K, capacity 21636K, committed 21884K, reserved 1069056K
  class space    used 2447K, capacity 2608K, committed 2608K, reserved 1048576K
}
2017-04-03T13:19:04.353+0200: 2,708: [Rescan (parallel) , 0,0036812 secs]2017-04-03T13:19:04.357+0200: 2,712: [weak refs processing, 0,0015144 secs]2017-04-03T13:19:04.358+0200: 2,713: [class unloading, 0,0028563 secs]2017-04-03T13:19:04.361+0200: 2,716: [scrub symbol table, 0,0031931 secs]2017-04-03T13:19:04.364+0200: 2,720: [scrub string table, 0,0003924 secs][1 CMS-remark: 0K(393216K)] 12492K(502464K), 0,0224128 secs] [Times: user=0,06 sys=0,00, real=0,02 secs] 
2017-04-03T13:19:04.365+0200: 2,720: Total time for which application threads were stopped: 0,0225839 seconds, Stopping threads took: 0,0000824 seconds
2017-04-03T13:19:04.365+0200: 2,721: [CMS-concurrent-sweep-start]
2017-04-03T13:19:04.365+0200: 2,721: [CMS-concurrent-sweep: 0,000/0,000 secs] [Times: user=0,00 sys=0,00, real=0,00 secs] 
2017-04-03T13:19:04.365+0200: 2,721: [CMS-concurrent-reset-start]
2017-04-03T13:19:04.367+0200: 2,723: [CMS-concurrent-reset: 0,002/0,002 secs] [Times: user=0,01 sys=0,00, real=0,00 secs] 
{Heap before GC invocations=4 (full 1):
 par new generation   total 109248K, used 99916K [0x00000000e0000000, 0x00000000e8000000, 0x00000000e8000000)
  eden space 87424K, 100% used [0x00000000e0000000, 0x00000000e5560000, 0x00000000e5560000)
  from space 21824K,  57% used [0x00000000e5560000, 0x00000000e6193110, 0x00000000e6ab0000)
  to   space 21824K,   0% used [0x00000000e6ab0000, 0x00000000e6ab0000, 0x00000000e8000000)
 concurrent mark-sweep generation total 393216K, used 0K [0x00000000e8000000, 0x0000000100000000, 0x0000000100000000)
 Metaspace       used 21376K, capacity 21764K, committed 22012K, reserved 1069056K
  class space    used 2469K, capacity 2647K, committed 2736K, reserved 1048576K
2017-04-03T13:19:04.468+0200: 2,823: [GC (Allocation Failure) 2017-04-03T13:19:04.468+0200: 2,823: [ParNew
Desired survivor size 20112992 bytes, new threshold 8 (max 8)
- age   1:     286456 bytes,     286456 total
- age   2:     133000 bytes,     419456 total
- age   3:    1461160 bytes,    1880616 total
- age   4:     851992 bytes,    2732608 total
- age   5:    6630840 bytes,    9363448 total
: 99916K->13574K(109248K), 0,0122990 secs] 99916K->13574K(502464K), 0,0123801 secs] [Times: user=0,04 sys=0,00, real=0,01 secs] 
Heap after GC invocations=5 (full 1):
 par new generation   total 109248K, used 13574K [0x00000000e0000000, 0x00000000e8000000, 0x00000000e8000000)
  eden space 87424K,   0% used [0x00000000e0000000, 0x00000000e0000000, 0x00000000e5560000)
  from space 21824K,  62% used [0x00000000e6ab0000, 0x00000000e77f1ba0, 0x00000000e8000000)
  to   space 21824K,   0% used [0x00000000e5560000, 0x00000000e5560000, 0x00000000e6ab0000)
 concurrent mark-sweep generation total 393216K, used 0K [0x00000000e8000000, 0x0000000100000000, 0x0000000100000000)
 Metaspace       used 21376K, capacity 21764K, committed 22012K, reserved 1069056K
  class space    used 2469K, capacity 2647K, committed 2736K, reserved 1048576K
}
2017-04-03T13:19:04.480+0200: 2,835: Total time for which application threads were stopped: 0,0126382 seconds, Stopping threads took: 0,0000577 seconds
2017-04-03T13:19:04.552+0200: 2,907: Total time for which application threads were stopped: 0,0003730 seconds, Stopping threads took: 0,0000223 seconds
2017-04-03T13:19:04.745+0200: 3,100: Total time for which application threads were stopped: 0,0003797 seconds, Stopping threads took: 0,0000222 seconds
2017-04-03T13:19:04.756+0200: 3,111: Total time for which application threads were stopped: 0,0003212 seconds, Stopping threads took: 0,0000229 seconds
{Heap before GC invocations=5 (full 1):
 par new generation   total 109248K, used 100998K [0x00000000e0000000, 0x00000000e8000000, 0x00000000e8000000)
  eden space 87424K, 100% used [0x00000000e0000000, 0x00000000e5560000, 0x00000000e5560000)
  from space 21824K,  62% used [0x00000000e6ab0000, 0x00000000e77f1ba0, 0x00000000e8000000)
  to   space 21824K,   0% used [0x00000000e5560000, 0x00000000e5560000, 0x00000000e6ab0000)
 concurrent mark-sweep generation total 393216K, used 0K [0x00000000e8000000, 0x0000000100000000, 0x0000000100000000)
 Metaspace       used 23814K, capacity 24340K, committed 24496K, reserved 1071104K
  class space    used 2799K, capacity 2991K, committed 2992K, reserved 1048576K
2017-04-03T13:19:04.886+0200: 3,242: [GC (Allocation Failure) 2017-04-03T13:19:04.886+0200: 3,242: [ParNew
Desired survivor size 20112992 bytes, new threshold 8 (max 8)
- age   1:    5322448 bytes,    5322448 total
- age   2:     127944 bytes,    5450392 total
- age   3:     131760 bytes,    5582152 total
- age   4:     283600 bytes,    5865752 total
- age   5:     827600 bytes,    6693352 total
- age   6:    6622480 bytes,   13315832 total
: 100998K->15651K(109248K), 0,0138353 secs] 100998K->15651K(502464K), 0,0139143 secs] [Times: user=0,05 sys=0,00, real=0,01 secs] 
Heap after GC invocations=6 (full 1):
 par new generation   total 109248K, used 15651K [0x00000000e0000000, 0x00000000e8000000, 0x00000000e8000000)
  eden space 87424K,   0% used [0x00000000e0000000, 0x00000000e0000000, 0x00000000e5560000)
  from space 21824K,  71% used [0x00000000e5560000, 0x00000000e64a8dd0, 0x00000000e6ab0000)
  to   space 21824K,   0% used [0x00000000e6ab0000, 0x00000000e6ab0000, 0x00000000e8000000)
 concurrent mark-sweep generation total 393216K, used 0K [0x00000000e8000000, 0x0000000100000000, 0x0000000100000000)
 Metaspace       used 23814K, capacity 24340K, committed 24496K, reserved 1071104K
  class space    used 2799K, capacity 2991K, committed 2992K, reserved 1048576K
}
2017-04-03T13:19:04.900+0200: 3,256: Total time for which application threads were stopped: 0,0142740 seconds, Stopping threads took: 0,0000631 seconds
{Heap before GC invocations=6 (full 1):
 par new generation   total 109248K, used 103075K [0x00000000e0000000, 0x00000000e8000000, 0x00000000e8000000)
  eden space 87424K, 100% used [0x00000000e0000000, 0x00000000e5560000, 0x00000000e5560000)
  from space 21824K,  71% used [0x00000000e5560000, 0x00000000e64a8dd0, 0x00000000e6ab0000)
  to   space 21824K,   0% used [0x00000000e6ab0000, 0x00000000e6ab0000, 0x00000000e8000000)
 concurrent mark-sweep generation total 393216K, used 0K [0x00000000e8000000, 0x0000000100000000, 0x0000000100000000)
 Metaspace       used 24445K, capacity 24916K, committed 25136K, reserved 1071104K
  class space    used 2866K, capacity 3055K, committed 3120K, reserved 1048576K
2017-04-03T13:19:05.046+0200: 3,401: [GC (Allocation Failure) 2017-04-03T13:19:05.046+0200: 3,401: [ParNew
Desired survivor size 20112992 bytes, new threshold 8 (max 8)
- age   1:    1826632 bytes,    1826632 total
- age   2:    1824416 bytes,    3651048 total
- age   3:      71208 bytes,    3722256 total
- age   4:      75408 bytes,    3797664 total
- age   5:     184280 bytes,    3981944 total
- age   6:     786160 bytes,    4768104 total
- age   7:    6088280 bytes,   10856384 total
: 103075K->16763K(109248K), 0,0122748 secs] 103075K->16763K(502464K), 0,0123459 secs] [Times: user=0,04 sys=0,00, real=0,01 secs] 
Heap after GC invocations=7 (full 1):
 par new generation   total 109248K, used 16763K [0x00000000e0000000, 0x00000000e8000000, 0x00000000e8000000)
  eden space 87424K,   0% used [0x00000000e0000000, 0x00000000e0000000, 0x00000000e5560000)
  from space 21824K,  76% used [0x00000000e6ab0000, 0x00000000e7b0ee20, 0x00000000e8000000)
  to   space 21824K,   0% used [0x00000000e5560000, 0x00000000e5560000, 0x00000000e6ab0000)
 concurrent mark-sweep generation total 393216K, used 0K [0x00000000e8000000, 0x0000000100000000, 0x0000000100000000)
 Metaspace       used 24445K, capacity 24916K, committed 25136K, reserved 1071104K
  class space    used 2866K, capacity 3055K, committed 3120K, reserved 1048576K
}
2017-04-03T13:19:05.058+0200: 3,413: Total time for which application threads were stopped: 0,0157462 seconds, Stopping threads took: 0,0032217 seconds
{Heap before GC invocations=7 (full 1):
 par new generation   total 109248K, used 104187K [0x00000000e0000000, 0x00000000e8000000, 0x00000000e8000000)
  eden space 87424K, 100% used [0x00000000e0000000, 0x00000000e5560000, 0x00000000e5560000)
  from space 21824K,  76% used [0x00000000e6ab0000, 0x00000000e7b0ee20, 0x00000000e8000000)
  to   space 21824K,   0% used [0x00000000e5560000, 0x00000000e5560000, 0x00000000e6ab0000)
 concurrent mark-sweep generation total 393216K, used 0K [0x00000000e8000000, 0x0000000100000000, 0x0000000100000000)
 Metaspace       used 24895K, capacity 25428K, committed 25648K, reserved 1071104K
  class space    used 2907K, capacity 3093K, committed 3120K, reserved 1048576K
2017-04-03T13:19:05.152+0200: 3,508: [GC (Allocation Failure) 2017-04-03T13:19:05.152+0200: 3,508: [ParNew
Desired survivor size 20112992 bytes, new threshold 8 (max 8)
- age   1:    1260408 bytes,    1260408 total
- age   2:    1011136 bytes,    2271544 total
- age   3:    1801376 bytes,    4072920 total
- age   4:      68560 bytes,    4141480 total
- age   5:      75176 bytes,    4216656 total
- age   6:     180984 bytes,    4397640 total
- age   7:     784592 bytes,    5182232 total
- age   8:    6087840 bytes,   11270072 total
: 104187K->14971K(109248K), 0,0116852 secs] 104187K->14971K(502464K), 0,0117640 secs] [Times: user=0,04 sys=0,00, real=0,01 secs] 
Heap after GC invocations=8 (full 1):
 par new generation   total 109248K, used 14971K [0x00000000e0000000, 0x00000000e8000000, 0x00000000e8000000)
  eden space 87424K,   0% used [0x00000000e0000000, 0x00000000e0000000, 0x00000000e5560000)
  from space 21824K,  68% used [0x00000000e5560000, 0x00000000e63fef70, 0x00000000e6ab0000)
  to   space 21824K,   0% used [0x00000000e6ab0000, 0x00000000e6ab0000, 0x00000000e8000000)
 concurrent mark-sweep generation total 393216K, used 0K [0x00000000e8000000, 0x0000000100000000, 0x0000000100000000)
 Metaspace       used 24895K, capacity 25428K, committed 25648K, reserved 1071104K
  class space    used 2907K, capacity 3093K, committed 3120K, reserved 1048576K
}
2017-04-03T13:19:05.164+0200: 3,520: Total time for which application threads were stopped: 0,0119861 seconds, Stopping threads took: 0,0000729 seconds
2017-04-03T13:19:05.348+0200: 3,703: Total time for which application threads were stopped: 0,0004229 seconds, Stopping threads took: 0,0000320 seconds
2017-04-03T13:19:05.450+0200: 3,805: Total time for which application threads were stopped: 0,0004221 seconds, Stopping threads took: 0,0000203 seconds
2017-04-03T13:19:05.465+0200: 3,820: Total time for which application threads were stopped: 0,0003940 seconds, Stopping threads took: 0,0000191 seconds
2017-04-03T13:19:05.517+0200: 3,873: Total time for which application threads were stopped: 0,0005497 seconds, Stopping threads took: 0,0000659 seconds
{Heap before GC invocations=8 (full 1):
 par new generation   total 109248K, used 102395K [0x00000000e0000000, 0x00000000e8000000, 0x00000000e8000000)
  eden space 87424K, 100% used [0x00000000e0000000, 0x00000000e5560000, 0x00000000e5560000)
  from space 21824K,  68% used [0x00000000e5560000, 0x00000000e63fef70, 0x00000000e6ab0000)
  to   space 21824K,   0% used [0x00000000e6ab0000, 0x00000000e6ab0000, 0x00000000e8000000)
 concurrent mark-sweep generation total 393216K, used 0K [0x00000000e8000000, 0x0000000100000000, 0x0000000100000000)
 Metaspace       used 26958K, capacity 27518K, committed 27696K, reserved 1073152K
  class space    used 3100K, capacity 3274K, committed 3376K, reserved 1048576K
2017-04-03T13:19:05.542+0200: 3,898: [GC (Allocation Failure) 2017-04-03T13:19:05.542+0200: 3,898: [ParNew
Desired survivor size 20112992 bytes, new threshold 8 (max 8)
- age   1:    7758528 bytes,    7758528 total
- age   2:     254976 bytes,    8013504 total
- age   3:     225136 bytes,    8238640 total
- age   4:    1798000 bytes,   10036640 total
- age   5:      68560 bytes,   10105200 total
- age   6:      75176 bytes,   10180376 total
- age   7:     180952 bytes,   10361328 total
- age   8:     783776 bytes,   11145104 total
: 102395K->13720K(109248K), 0,0320059 secs] 102395K->19743K(502464K), 0,0320893 secs] [Times: user=0,11 sys=0,00, real=0,03 secs] 
Heap after GC invocations=9 (full 1):
 par new generation   total 109248K, used 13720K [0x00000000e0000000, 0x00000000e8000000, 0x00000000e8000000)
  eden space 87424K,   0% used [0x00000000e0000000, 0x00000000e0000000, 0x00000000e5560000)
  from space 21824K,  62% used [0x00000000e6ab0000, 0x00000000e78162d0, 0x00000000e8000000)
  to   space 21824K,   0% used [0x00000000e5560000, 0x00000000e5560000, 0x00000000e6ab0000)
 concurrent mark-sweep generation total 393216K, used 6022K [0x00000000e8000000, 0x0000000100000000, 0x0000000100000000)
 Metaspace       used 26958K, capacity 27518K, committed 27696K, reserved 1073152K
  class space    used 3100K, capacity 3274K, committed 3376K, reserved 1048576K
}
2017-04-03T13:19:05.574+0200: 3,930: Total time for which application threads were stopped: 0,0327298 seconds, Stopping threads took: 0,0004583 seconds
2017-04-03T13:19:05.661+0200: 4,016: Total time for which application threads were stopped: 0,0005531 seconds, Stopping threads took: 0,0000258 seconds
2017-04-03T13:19:05.699+0200: 4,054: Total time for which application threads were stopped: 0,0003054 seconds, Stopping threads took: 0,0000152 seconds
2017-04-03T13:19:33.702+0200: 32,058: Total time for which application threads were stopped: 0,0000822 seconds, Stopping threads took: 0,0000157 seconds
2017-04-03T13:20:23.710+0200: 82,065: Total time for which application threads were stopped: 0,0000930 seconds, Stopping threads took: 0,0000472 seconds
2017-04-03T13:20:58.715+0200: 117,071: Total time for which application threads were stopped: 0,0001773 seconds, Stopping threads took: 0,0000724 seconds
2017-04-03T13:21:03.716+0200: 122,072: Total time for which application threads were stopped: 0,0000690 seconds, Stopping threads took: 0,0000171 seconds
2017-04-03T13:21:28.721+0200: 147,076: Total time for which application threads were stopped: 0,0001573 seconds, Stopping threads took: 0,0000593 seconds
2017-04-03T13:21:37.722+0200: 156,077: Total time for which application threads were stopped: 0,0000710 seconds, Stopping threads took: 0,0000189 seconds
2017-04-03T13:21:47.724+0200: 166,079: Total time for which application threads were stopped: 0,0001743 seconds, Stopping threads took: 0,0000629 seconds
2017-04-03T13:21:52.725+0200: 171,080: Total time for which application threads were stopped: 0,0001424 seconds, Stopping threads took: 0,0000318 seconds
2017-04-03T13:21:57.726+0200: 176,081: Total time for which application threads were stopped: 0,0001331 seconds, Stopping threads took: 0,0000308 seconds
2017-04-03T13:22:02.727+0200: 181,082: Total time for which application threads were stopped: 0,0000777 seconds, Stopping threads took: 0,0000158 seconds
2017-04-03T13:22:42.734+0200: 221,089: Total time for which application threads were stopped: 0,0001783 seconds, Stopping threads took: 0,0000633 seconds
2017-04-03T13:23:27.742+0200: 266,097: Total time for which application threads were stopped: 0,0001693 seconds, Stopping threads took: 0,0000584 seconds
2017-04-03T13:23:28.742+0200: 267,098: Total time for which application threads were stopped: 0,0001247 seconds, Stopping threads took: 0,0000203 seconds
2017-04-03T13:23:38.744+0200: 277,099: Total time for which application threads were stopped: 0,0001472 seconds, Stopping threads took: 0,0000340 seconds
2017-04-03T13:42:27.915+0200: 1406,270: Total time for which application threads were stopped: 0,0000757 seconds, Stopping threads took: 0,0000301 seconds
2017-04-03T13:47:32.960+0200: 1711,315: Total time for which application threads were stopped: 0,0000844 seconds, Stopping threads took: 0,0000327 seconds
2017-04-03T13:57:21.936+0200: 2301,406: Total time for which application threads were stopped: 0,0000823 seconds, Stopping threads took: 0,0000319 seconds
2017-04-03T13:57:22.936+0200: 2302,407: Total time for which application threads were stopped: 0,0001273 seconds, Stopping threads took: 0,0000297 seconds
2017-04-03T14:16:28.113+0200: 3447,583: Total time for which application threads were stopped: 0,0000861 seconds, Stopping threads took: 0,0000326 seconds
2017-04-03T14:22:37.175+0200: 3816,645: Total time for which application threads were stopped: 0,0002050 seconds, Stopping threads took: 0,0000573 seconds
2017-04-03T14:22:42.176+0200: 3821,646: Total time for which application threads were stopped: 0,0000740 seconds, Stopping threads took: 0,0000152 seconds
2017-04-03T14:24:12.191+0200: 3911,662: Total time for which application threads were stopped: 0,0002067 seconds, Stopping threads took: 0,0000624 seconds
2017-04-03T14:25:32.205+0200: 3991,675: Total time for which application threads were stopped: 0,0001597 seconds, Stopping threads took: 0,0000616 seconds
2017-04-03T15:00:31.244+0200: 4902,611: Total time for which application threads were stopped: 0,0000861 seconds, Stopping threads took: 0,0000345 seconds
2017-04-03T15:00:36.245+0200: 4907,612: Total time for which application threads were stopped: 0,0000599 seconds, Stopping threads took: 0,0000139 seconds
2017-04-03T15:01:22.222+0200: 4952,617: Total time for which application threads were stopped: 0,0000988 seconds, Stopping threads took: 0,0000478 seconds
2017-04-03T15:39:21.522+0200: 7231,917: Total time for which application threads were stopped: 0,0001144 seconds, Stopping threads took: 0,0000453 seconds
2017-04-03T15:40:42.531+0200: 7312,926: Total time for which application threads were stopped: 0,0000886 seconds, Stopping threads took: 0,0000350 seconds
2017-04-03T15:40:47.531+0200: 7317,926: Total time for which application threads were stopped: 0,0000743 seconds, Stopping threads took: 0,0000287 seconds
2017-04-03T15:40:51.532+0200: 7321,927: Total time for which application threads were stopped: 0,0001465 seconds, Stopping threads took: 0,0000653 seconds
2017-04-03T15:46:51.582+0200: 7681,977: Total time for which application threads were stopped: 0,0001603 seconds, Stopping threads took: 0,0000582 seconds
2017-04-03T17:17:32.127+0200: 11552,189: Total time for which application threads were stopped: 0,0002119 seconds, Stopping threads took: 0,0000719 seconds
2017-04-03T17:22:26.298+0200: 11846,361: Total time for which application threads were stopped: 0,0001889 seconds, Stopping threads took: 0,0000607 seconds
2017-04-03T17:22:26.311+0200: 11846,373: Total time for which application threads were stopped: 0,0001413 seconds, Stopping threads took: 0,0000459 seconds
Heap
 par new generation   total 109248K, used 51798K [0x00000000e0000000, 0x00000000e8000000, 0x00000000e8000000)
  eden space 87424K,  43% used [0x00000000e0000000, 0x00000000e252f6d0, 0x00000000e5560000)
  from space 21824K,  62% used [0x00000000e6ab0000, 0x00000000e78162d0, 0x00000000e8000000)
  to   space 21824K,   0% used [0x00000000e5560000, 0x00000000e5560000, 0x00000000e6ab0000)
 concurrent mark-sweep generation total 393216K, used 6022K [0x00000000e8000000, 0x0000000100000000, 0x0000000100000000)
 Metaspace       used 28212K, capacity 28758K, committed 29104K, reserved 1075200K
  class space    used 3235K, capacity 3406K, committed 3504K, reserved 1048576K
