OpenJDK 64-Bit Server VM (25.121-b13) for linux-amd64 JRE (1.8.0_121-8u121-b13-0ubuntu1.16.04.2-b13), built on Jan 23 2017 15:51:29 by "buildd" with gcc 5.4.0 20160609
Memory: 4k page, physical 7867800k(7505864k free), swap 8076284k(8076284k free)
CommandLine flags: -XX:CMSInitiatingOccupancyFraction=50 -XX:CMSMaxAbortablePrecleanTime=6000 -XX:+CMSParallelRemarkEnabled -XX:+CMSScavengeBeforeRemark -XX:ConcGCThreads=4 -XX:InitialHeapSize=536870912 -XX:MaxHeapSize=536870912 -XX:MaxTenuringThreshold=8 -XX:NewRatio=3 -XX:OldPLABSize=16 -XX:OnOutOfMemoryError=/opt/solr/bin/oom_solr.sh 8983 /var/solr/logs -XX:ParallelGCThreads=4 -XX:+ParallelRefProcEnabled -XX:PretenureSizeThreshold=67108864 -XX:+PrintGC -XX:+PrintGCApplicationStoppedTime -XX:+PrintGCDateStamps -XX:+PrintGCDetails -XX:+PrintGCTimeStamps -XX:+PrintHeapAtGC -XX:+PrintTenuringDistribution -XX:SurvivorRatio=4 -XX:TargetSurvivorRatio=90 -XX:ThreadStackSize=256 -XX:+UseCMSInitiatingOccupancyOnly -XX:+UseCompressedClassPointers -XX:+UseCompressedOops -XX:+UseConcMarkSweepGC -XX:+UseParNewGC 
2017-02-05T16:12:08.539+0100: 0,141: Total time for which application threads were stopped: 0,0000611 seconds, Stopping threads took: 0,0000096 seconds
2017-02-05T16:12:08.630+0100: 0,232: Total time for which application threads were stopped: 0,0001287 seconds, Stopping threads took: 0,0000147 seconds
2017-02-05T16:12:08.660+0100: 0,263: Total time for which application threads were stopped: 0,0001127 seconds, Stopping threads took: 0,0000336 seconds
2017-02-05T16:12:08.919+0100: 0,521: Total time for which application threads were stopped: 0,0001896 seconds, Stopping threads took: 0,0000309 seconds
2017-02-05T16:12:09.382+0100: 0,984: Total time for which application threads were stopped: 0,0002330 seconds, Stopping threads took: 0,0000205 seconds
2017-02-05T16:12:09.452+0100: 1,054: Total time for which application threads were stopped: 0,0001616 seconds, Stopping threads took: 0,0000200 seconds
2017-02-05T16:12:09.479+0100: 1,081: Total time for which application threads were stopped: 0,0001524 seconds, Stopping threads took: 0,0000172 seconds
2017-02-05T16:12:09.729+0100: 1,331: Total time for which application threads were stopped: 0,0002375 seconds, Stopping threads took: 0,0000720 seconds
2017-02-05T16:12:09.949+0100: 1,551: Total time for which application threads were stopped: 0,0001978 seconds, Stopping threads took: 0,0000186 seconds
2017-02-05T16:12:09.973+0100: 1,575: Total time for which application threads were stopped: 0,0002104 seconds, Stopping threads took: 0,0000221 seconds
2017-02-05T16:12:10.014+0100: 1,616: Total time for which application threads were stopped: 0,0006112 seconds, Stopping threads took: 0,0000369 seconds
2017-02-05T16:12:10.016+0100: 1,618: Total time for which application threads were stopped: 0,0001751 seconds, Stopping threads took: 0,0000254 seconds
2017-02-05T16:12:10.033+0100: 1,635: Total time for which application threads were stopped: 0,0001789 seconds, Stopping threads took: 0,0000168 seconds
2017-02-05T16:12:10.134+0100: 1,736: Total time for which application threads were stopped: 0,0002329 seconds, Stopping threads took: 0,0000228 seconds
2017-02-05T16:12:10.283+0100: 1,886: Total time for which application threads were stopped: 0,0002600 seconds, Stopping threads took: 0,0000515 seconds
{Heap before GC invocations=0 (full 0):
 par new generation   total 109248K, used 87424K [0x00000000e0000000, 0x00000000e8000000, 0x00000000e8000000)
  eden space 87424K, 100% used [0x00000000e0000000, 0x00000000e5560000, 0x00000000e5560000)
  from space 21824K,   0% used [0x00000000e5560000, 0x00000000e5560000, 0x00000000e6ab0000)
  to   space 21824K,   0% used [0x00000000e6ab0000, 0x00000000e6ab0000, 0x00000000e8000000)
 concurrent mark-sweep generation total 393216K, used 0K [0x00000000e8000000, 0x0000000100000000, 0x0000000100000000)
 Metaspace       used 17867K, capacity 18176K, committed 18304K, reserved 1064960K
  class space    used 2024K, capacity 2164K, committed 2176K, reserved 1048576K
2017-02-05T16:12:10.343+0100: 1,945: [GC (Allocation Failure) 2017-02-05T16:12:10.343+0100: 1,945: [ParNew
Desired survivor size 20112992 bytes, new threshold 8 (max 8)
- age   1:   12024640 bytes,   12024640 total
: 87424K->11866K(109248K), 0,0171989 secs] 87424K->11866K(502464K), 0,0172971 secs] [Times: user=0,06 sys=0,00, real=0,02 secs] 
Heap after GC invocations=1 (full 0):
 par new generation   total 109248K, used 11866K [0x00000000e0000000, 0x00000000e8000000, 0x00000000e8000000)
  eden space 87424K,   0% used [0x00000000e0000000, 0x00000000e0000000, 0x00000000e5560000)
  from space 21824K,  54% used [0x00000000e6ab0000, 0x00000000e7646870, 0x00000000e8000000)
  to   space 21824K,   0% used [0x00000000e5560000, 0x00000000e5560000, 0x00000000e6ab0000)
 concurrent mark-sweep generation total 393216K, used 0K [0x00000000e8000000, 0x0000000100000000, 0x0000000100000000)
 Metaspace       used 17867K, capacity 18176K, committed 18304K, reserved 1064960K
  class space    used 2024K, capacity 2164K, committed 2176K, reserved 1048576K
}
2017-02-05T16:12:10.360+0100: 1,962: Total time for which application threads were stopped: 0,0188723 seconds, Stopping threads took: 0,0013986 seconds
2017-02-05T16:12:10.675+0100: 2,277: Total time for which application threads were stopped: 0,0004674 seconds, Stopping threads took: 0,0000365 seconds
{Heap before GC invocations=1 (full 0):
 par new generation   total 109248K, used 99290K [0x00000000e0000000, 0x00000000e8000000, 0x00000000e8000000)
  eden space 87424K, 100% used [0x00000000e0000000, 0x00000000e5560000, 0x00000000e5560000)
  from space 21824K,  54% used [0x00000000e6ab0000, 0x00000000e7646870, 0x00000000e8000000)
  to   space 21824K,   0% used [0x00000000e5560000, 0x00000000e5560000, 0x00000000e6ab0000)
 concurrent mark-sweep generation total 393216K, used 0K [0x00000000e8000000, 0x0000000100000000, 0x0000000100000000)
 Metaspace       used 20031K, capacity 20410K, committed 20736K, reserved 1067008K
  class space    used 2295K, capacity 2463K, committed 2560K, reserved 1048576K
2017-02-05T16:12:10.720+0100: 2,322: [GC (Allocation Failure) 2017-02-05T16:12:10.720+0100: 2,323: [ParNew
Desired survivor size 20112992 bytes, new threshold 8 (max 8)
- age   1:    3987512 bytes,    3987512 total
- age   2:    6598792 bytes,   10586304 total
: 99290K->15513K(109248K), 0,0178682 secs] 99290K->15513K(502464K), 0,0179401 secs] [Times: user=0,07 sys=0,00, real=0,01 secs] 
Heap after GC invocations=2 (full 0):
 par new generation   total 109248K, used 15513K [0x00000000e0000000, 0x00000000e8000000, 0x00000000e8000000)
  eden space 87424K,   0% used [0x00000000e0000000, 0x00000000e0000000, 0x00000000e5560000)
  from space 21824K,  71% used [0x00000000e5560000, 0x00000000e6486540, 0x00000000e6ab0000)
  to   space 21824K,   0% used [0x00000000e6ab0000, 0x00000000e6ab0000, 0x00000000e8000000)
 concurrent mark-sweep generation total 393216K, used 0K [0x00000000e8000000, 0x0000000100000000, 0x0000000100000000)
 Metaspace       used 20031K, capacity 20410K, committed 20736K, reserved 1067008K
  class space    used 2295K, capacity 2463K, committed 2560K, reserved 1048576K
}
2017-02-05T16:12:10.738+0100: 2,340: Total time for which application threads were stopped: 0,0181060 seconds, Stopping threads took: 0,0000235 seconds
2017-02-05T16:12:10.751+0100: 2,353: Total time for which application threads were stopped: 0,0025557 seconds, Stopping threads took: 0,0022561 seconds
2017-02-05T16:12:10.796+0100: 2,398: Total time for which application threads were stopped: 0,0012009 seconds, Stopping threads took: 0,0008919 seconds
2017-02-05T16:12:10.914+0100: 2,516: Total time for which application threads were stopped: 0,0026170 seconds, Stopping threads took: 0,0024871 seconds
{Heap before GC invocations=2 (full 0):
 par new generation   total 109248K, used 102937K [0x00000000e0000000, 0x00000000e8000000, 0x00000000e8000000)
  eden space 87424K, 100% used [0x00000000e0000000, 0x00000000e5560000, 0x00000000e5560000)
  from space 21824K,  71% used [0x00000000e5560000, 0x00000000e6486540, 0x00000000e6ab0000)
  to   space 21824K,   0% used [0x00000000e6ab0000, 0x00000000e6ab0000, 0x00000000e8000000)
 concurrent mark-sweep generation total 393216K, used 0K [0x00000000e8000000, 0x0000000100000000, 0x0000000100000000)
 Metaspace       used 21078K, capacity 21460K, committed 21628K, reserved 1069056K
  class space    used 2429K, capacity 2582K, committed 2684K, reserved 1048576K
2017-02-05T16:12:10.965+0100: 2,567: [GC (Allocation Failure) 2017-02-05T16:12:10.965+0100: 2,567: [ParNew
Desired survivor size 20112992 bytes, new threshold 8 (max 8)
- age   1:    2418080 bytes,    2418080 total
- age   2:    1060824 bytes,    3478904 total
- age   3:    6596776 bytes,   10075680 total
: 102937K->11631K(109248K), 0,0150273 secs] 102937K->11631K(502464K), 0,0151136 secs] [Times: user=0,05 sys=0,00, real=0,02 secs] 
Heap after GC invocations=3 (full 0):
 par new generation   total 109248K, used 11631K [0x00000000e0000000, 0x00000000e8000000, 0x00000000e8000000)
  eden space 87424K,   0% used [0x00000000e0000000, 0x00000000e0000000, 0x00000000e5560000)
  from space 21824K,  53% used [0x00000000e6ab0000, 0x00000000e760bfc0, 0x00000000e8000000)
  to   space 21824K,   0% used [0x00000000e5560000, 0x00000000e5560000, 0x00000000e6ab0000)
 concurrent mark-sweep generation total 393216K, used 0K [0x00000000e8000000, 0x0000000100000000, 0x0000000100000000)
 Metaspace       used 21078K, capacity 21460K, committed 21628K, reserved 1069056K
  class space    used 2429K, capacity 2582K, committed 2684K, reserved 1048576K
}
2017-02-05T16:12:10.980+0100: 2,582: Total time for which application threads were stopped: 0,0153564 seconds, Stopping threads took: 0,0000888 seconds
2017-02-05T16:12:10.980+0100: 2,583: [GC (CMS Initial Mark) [1 CMS-initial-mark: 0K(393216K)] 13063K(502464K), 0,0042008 secs] [Times: user=0,01 sys=0,00, real=0,00 secs] 
2017-02-05T16:12:10.985+0100: 2,587: Total time for which application threads were stopped: 0,0044331 seconds, Stopping threads took: 0,0001470 seconds
2017-02-05T16:12:10.985+0100: 2,587: [CMS-concurrent-mark-start]
2017-02-05T16:12:10.995+0100: 2,597: [CMS-concurrent-mark: 0,010/0,010 secs] [Times: user=0,04 sys=0,00, real=0,01 secs] 
2017-02-05T16:12:10.995+0100: 2,597: [CMS-concurrent-preclean-start]
2017-02-05T16:12:10.996+0100: 2,599: [CMS-concurrent-preclean: 0,001/0,001 secs] [Times: user=0,00 sys=0,00, real=0,00 secs] 
2017-02-05T16:12:10.996+0100: 2,599: [CMS-concurrent-abortable-preclean-start]
2017-02-05T16:12:11.023+0100: 2,625: Total time for which application threads were stopped: 0,0031028 seconds, Stopping threads took: 0,0030064 seconds
2017-02-05T16:12:11.083+0100: 2,686: Total time for which application threads were stopped: 0,0001171 seconds, Stopping threads took: 0,0000198 seconds
2017-02-05T16:12:11.130+0100: 2,732: Total time for which application threads were stopped: 0,0033853 seconds, Stopping threads took: 0,0032976 seconds
2017-02-05T16:12:11.130+0100: 2,732: Total time for which application threads were stopped: 0,0002527 seconds, Stopping threads took: 0,0002050 seconds
{Heap before GC invocations=3 (full 1):
 par new generation   total 109248K, used 99055K [0x00000000e0000000, 0x00000000e8000000, 0x00000000e8000000)
  eden space 87424K, 100% used [0x00000000e0000000, 0x00000000e5560000, 0x00000000e5560000)
  from space 21824K,  53% used [0x00000000e6ab0000, 0x00000000e760bfc0, 0x00000000e8000000)
  to   space 21824K,   0% used [0x00000000e5560000, 0x00000000e5560000, 0x00000000e6ab0000)
 concurrent mark-sweep generation total 393216K, used 0K [0x00000000e8000000, 0x0000000100000000, 0x0000000100000000)
 Metaspace       used 22106K, capacity 22468K, committed 22624K, reserved 1069056K
  class space    used 2551K, capacity 2692K, committed 2760K, reserved 1048576K
2017-02-05T16:12:11.166+0100: 2,768: [GC (Allocation Failure) 2017-02-05T16:12:11.166+0100: 2,768: [ParNew
Desired survivor size 20112992 bytes, new threshold 8 (max 8)
- age   1:    1927040 bytes,    1927040 total
- age   2:    1642368 bytes,    3569408 total
- age   3:    1027792 bytes,    4597200 total
- age   4:    6597280 bytes,   11194480 total
: 99055K->13250K(109248K), 0,0121952 secs] 99055K->13250K(502464K), 0,0122763 secs] [Times: user=0,04 sys=0,00, real=0,01 secs] 
Heap after GC invocations=4 (full 1):
 par new generation   total 109248K, used 13250K [0x00000000e0000000, 0x00000000e8000000, 0x00000000e8000000)
  eden space 87424K,   0% used [0x00000000e0000000, 0x00000000e0000000, 0x00000000e5560000)
  from space 21824K,  60% used [0x00000000e5560000, 0x00000000e6250a20, 0x00000000e6ab0000)
  to   space 21824K,   0% used [0x00000000e6ab0000, 0x00000000e6ab0000, 0x00000000e8000000)
 concurrent mark-sweep generation total 393216K, used 0K [0x00000000e8000000, 0x0000000100000000, 0x0000000100000000)
 Metaspace       used 22106K, capacity 22468K, committed 22624K, reserved 1069056K
  class space    used 2551K, capacity 2692K, committed 2760K, reserved 1048576K
}
2017-02-05T16:12:11.179+0100: 2,781: Total time for which application threads were stopped: 0,0125074 seconds, Stopping threads took: 0,0000601 seconds
{Heap before GC invocations=4 (full 1):
 par new generation   total 109248K, used 100674K [0x00000000e0000000, 0x00000000e8000000, 0x00000000e8000000)
  eden space 87424K, 100% used [0x00000000e0000000, 0x00000000e5560000, 0x00000000e5560000)
  from space 21824K,  60% used [0x00000000e5560000, 0x00000000e6250a20, 0x00000000e6ab0000)
  to   space 21824K,   0% used [0x00000000e6ab0000, 0x00000000e6ab0000, 0x00000000e8000000)
 concurrent mark-sweep generation total 393216K, used 0K [0x00000000e8000000, 0x0000000100000000, 0x0000000100000000)
 Metaspace       used 22224K, capacity 22570K, committed 22624K, reserved 1069056K
  class space    used 2566K, capacity 2725K, committed 2760K, reserved 1048576K
2017-02-05T16:12:11.255+0100: 2,857: [GC (Allocation Failure) 2017-02-05T16:12:11.255+0100: 2,857: [ParNew
Desired survivor size 20112992 bytes, new threshold 8 (max 8)
- age   1:    1071256 bytes,    1071256 total
- age   2:     393656 bytes,    1464912 total
- age   3:    1641672 bytes,    3106584 total
- age   4:    1027568 bytes,    4134152 total
- age   5:    6596568 bytes,   10730720 total
: 100674K->15610K(109248K), 0,0104538 secs] 100674K->15610K(502464K), 0,0105251 secs] [Times: user=0,04 sys=0,00, real=0,01 secs] 
Heap after GC invocations=5 (full 1):
 par new generation   total 109248K, used 15610K [0x00000000e0000000, 0x00000000e8000000, 0x00000000e8000000)
  eden space 87424K,   0% used [0x00000000e0000000, 0x00000000e0000000, 0x00000000e5560000)
  from space 21824K,  71% used [0x00000000e6ab0000, 0x00000000e79ee940, 0x00000000e8000000)
  to   space 21824K,   0% used [0x00000000e5560000, 0x00000000e5560000, 0x00000000e6ab0000)
 concurrent mark-sweep generation total 393216K, used 0K [0x00000000e8000000, 0x0000000100000000, 0x0000000100000000)
 Metaspace       used 22224K, capacity 22570K, committed 22624K, reserved 1069056K
  class space    used 2566K, capacity 2725K, committed 2760K, reserved 1048576K
}
2017-02-05T16:12:11.265+0100: 2,868: Total time for which application threads were stopped: 0,0107446 seconds, Stopping threads took: 0,0000846 seconds
2017-02-05T16:12:11.287+0100: 2,889: Total time for which application threads were stopped: 0,0001728 seconds, Stopping threads took: 0,0000565 seconds
2017-02-05T16:12:11.319+0100: 2,921: Total time for which application threads were stopped: 0,0004711 seconds, Stopping threads took: 0,0000587 seconds
2017-02-05T16:12:11.347+0100: 2,949: Total time for which application threads were stopped: 0,0001391 seconds, Stopping threads took: 0,0000224 seconds
2017-02-05T16:12:11.347+0100: 2,949: Total time for which application threads were stopped: 0,0001282 seconds, Stopping threads took: 0,0000734 seconds
2017-02-05T16:12:11.386+0100: 2,988: Total time for which application threads were stopped: 0,0001182 seconds, Stopping threads took: 0,0000289 seconds
2017-02-05T16:12:11.459+0100: 3,061: Total time for which application threads were stopped: 0,0001590 seconds, Stopping threads took: 0,0000636 seconds
2017-02-05T16:12:11.524+0100: 3,126: Total time for which application threads were stopped: 0,0002212 seconds, Stopping threads took: 0,0001029 seconds
2017-02-05T16:12:11.524+0100: 3,126: [CMS-concurrent-abortable-preclean: 0,344/0,527 secs] [Times: user=1,97 sys=0,01, real=0,53 secs] 
2017-02-05T16:12:11.524+0100: 3,126: [GC (CMS Final Remark) [YG occupancy: 103041 K (109248 K)]2017-02-05T16:12:11.524+0100: 3,126: [Rescan (parallel) , 0,0182825 secs]2017-02-05T16:12:11.542+0100: 3,144: [weak refs processing, 0,0004474 secs]2017-02-05T16:12:11.543+0100: 3,145: [class unloading, 0,0033431 secs]2017-02-05T16:12:11.546+0100: 3,148: [scrub symbol table, 0,0037352 secs]2017-02-05T16:12:11.550+0100: 3,152: [scrub string table, 0,0003753 secs][1 CMS-remark: 0K(393216K)] 103041K(502464K), 0,0268854 secs] [Times: user=0,08 sys=0,00, real=0,03 secs] 
2017-02-05T16:12:11.551+0100: 3,153: Total time for which application threads were stopped: 0,0269751 seconds, Stopping threads took: 0,0000142 seconds
2017-02-05T16:12:11.551+0100: 3,153: [CMS-concurrent-sweep-start]
2017-02-05T16:12:11.551+0100: 3,153: [CMS-concurrent-sweep: 0,000/0,000 secs] [Times: user=0,00 sys=0,00, real=0,00 secs] 
{Heap before GC invocations=5 (full 1):
 par new generation   total 109248K, used 103041K [0x00000000e0000000, 0x00000000e8000000, 0x00000000e8000000)
  eden space 87424K, 100% used [0x00000000e0000000, 0x00000000e5560000, 0x00000000e5560000)
  from space 21824K,  71% used [0x00000000e6ab0000, 0x00000000e79f0670, 0x00000000e8000000)
  to   space 21824K,   0% used [0x00000000e5560000, 0x00000000e5560000, 0x00000000e6ab0000)
 concurrent mark-sweep generation total 393216K, used 0K [0x00000000e8000000, 0x0000000100000000, 0x0000000100000000)
 Metaspace       used 23594K, capacity 23910K, committed 23952K, reserved 1071104K
  class space    used 2732K, capacity 2891K, committed 2912K, reserved 1048576K
2017-02-05T16:12:11.551+0100: 3,154: [GC (Allocation Failure) 2017-02-05T16:12:11.551+0100: 3,154: [ParNew
Desired survivor size 20112992 bytes, new threshold 8 (max 8)
- age   1:    2076472 bytes,    2076472 total
- age   2:     121464 bytes,    2197936 total
- age   3:     386896 bytes,    2584832 total
- age   4:     863720 bytes,    3448552 total
- age   5:    1013248 bytes,    4461800 total
- age   6:    6593176 bytes,   11054976 total
: 103041K->14695K(109248K), 0,0139015 secs] 103041K->14695K(502464K), 0,0139466 secs] [Times: user=0,05 sys=0,00, real=0,01 secs] 
Heap after GC invocations=6 (full 1):
 par new generation   total 109248K, used 14695K [0x00000000e0000000, 0x00000000e8000000, 0x00000000e8000000)
  eden space 87424K,   0% used [0x00000000e0000000, 0x00000000e0000000, 0x00000000e5560000)
  from space 21824K,  67% used [0x00000000e5560000, 0x00000000e63b9ef0, 0x00000000e6ab0000)
  to   space 21824K,   0% used [0x00000000e6ab0000, 0x00000000e6ab0000, 0x00000000e8000000)
 concurrent mark-sweep generation total 393216K, used 0K [0x00000000e8000000, 0x0000000100000000, 0x0000000100000000)
 Metaspace       used 23594K, capacity 23910K, committed 23952K, reserved 1071104K
  class space    used 2732K, capacity 2891K, committed 2912K, reserved 1048576K
}
2017-02-05T16:12:11.565+0100: 3,168: Total time for which application threads were stopped: 0,0141264 seconds, Stopping threads took: 0,0000676 seconds
2017-02-05T16:12:11.565+0100: 3,168: [CMS-concurrent-reset-start]
{Heap before GC invocations=6 (full 1):
 par new generation   total 109248K, used 15580K [0x00000000e0000000, 0x00000000e8000000, 0x00000000e8000000)
  eden space 87424K,   1% used [0x00000000e0000000, 0x00000000e00dd2d8, 0x00000000e5560000)
  from space 21824K,  67% used [0x00000000e5560000, 0x00000000e63b9ef0, 0x00000000e6ab0000)
  to   space 21824K,   0% used [0x00000000e6ab0000, 0x00000000e6ab0000, 0x00000000e8000000)
 concurrent mark-sweep generation total 393216K, used 0K [0x00000000e8000000, 0x0000000100000000, 0x0000000100000000)
 Metaspace       used 23594K, capacity 23910K, committed 23952K, reserved 1071104K
  class space    used 2732K, capacity 2891K, committed 2912K, reserved 1048576K
2017-02-05T16:12:11.566+0100: 3,168: [GC (GCLocker Initiated GC) 2017-02-05T16:12:11.566+0100: 3,168: [ParNew
Desired survivor size 20112992 bytes, new threshold 8 (max 8)
- age   1:       2008 bytes,       2008 total
- age   2:    2076312 bytes,    2078320 total
- age   3:     121464 bytes,    2199784 total
- age   4:     386896 bytes,    2586680 total
- age   5:     863720 bytes,    3450400 total
- age   6:    1013248 bytes,    4463648 total
- age   7:    6593264 bytes,   11056912 total
: 15580K->14203K(109248K), 0,0132258 secs] 15580K->14203K(502464K), 0,0132652 secs] [Times: user=0,05 sys=0,00, real=0,02 secs] 
Heap after GC invocations=7 (full 1):
 par new generation   total 109248K, used 14203K [0x00000000e0000000, 0x00000000e8000000, 0x00000000e8000000)
  eden space 87424K,   0% used [0x00000000e0000000, 0x00000000e0000000, 0x00000000e5560000)
  from space 21824K,  65% used [0x00000000e6ab0000, 0x00000000e788ed20, 0x00000000e8000000)
  to   space 21824K,   0% used [0x00000000e5560000, 0x00000000e5560000, 0x00000000e6ab0000)
 concurrent mark-sweep generation total 393216K, used 0K [0x00000000e8000000, 0x0000000100000000, 0x0000000100000000)
 Metaspace       used 23594K, capacity 23910K, committed 23952K, reserved 1071104K
  class space    used 2732K, capacity 2891K, committed 2912K, reserved 1048576K
}
2017-02-05T16:12:11.579+0100: 3,181: Total time for which application threads were stopped: 0,0133979 seconds, Stopping threads took: 0,0000241 seconds
2017-02-05T16:12:11.580+0100: 3,182: [CMS-concurrent-reset: 0,001/0,015 secs] [Times: user=0,05 sys=0,00, real=0,02 secs] 
2017-02-05T16:12:11.624+0100: 3,226: Total time for which application threads were stopped: 0,0003693 seconds, Stopping threads took: 0,0000505 seconds
2017-02-05T16:12:11.642+0100: 3,244: Total time for which application threads were stopped: 0,0005387 seconds, Stopping threads took: 0,0002120 seconds
2017-02-05T16:12:12.064+0100: 3,666: Total time for which application threads were stopped: 0,0014934 seconds, Stopping threads took: 0,0009684 seconds
2017-02-05T16:12:12.088+0100: 3,690: Total time for which application threads were stopped: 0,0005461 seconds, Stopping threads took: 0,0000417 seconds
2017-02-05T16:12:12.133+0100: 3,736: Total time for which application threads were stopped: 0,0064942 seconds, Stopping threads took: 0,0060353 seconds
2017-02-05T16:12:12.447+0100: 4,049: Total time for which application threads were stopped: 0,0006693 seconds, Stopping threads took: 0,0000324 seconds
2017-02-05T16:14:35.464+0100: 147,066: Total time for which application threads were stopped: 0,0000750 seconds, Stopping threads took: 0,0000318 seconds
2017-02-05T16:14:40.465+0100: 152,067: Total time for which application threads were stopped: 0,0000717 seconds, Stopping threads took: 0,0000191 seconds
{Heap before GC invocations=7 (full 1):
 par new generation   total 109248K, used 101627K [0x00000000e0000000, 0x00000000e8000000, 0x00000000e8000000)
  eden space 87424K, 100% used [0x00000000e0000000, 0x00000000e5560000, 0x00000000e5560000)
  from space 21824K,  65% used [0x00000000e6ab0000, 0x00000000e788ed20, 0x00000000e8000000)
  to   space 21824K,   0% used [0x00000000e5560000, 0x00000000e5560000, 0x00000000e6ab0000)
 concurrent mark-sweep generation total 393216K, used 0K [0x00000000e8000000, 0x0000000100000000, 0x0000000100000000)
 Metaspace       used 29090K, capacity 29636K, committed 30020K, reserved 1075200K
  class space    used 3356K, capacity 3562K, committed 3680K, reserved 1048576K
2017-02-05T16:15:04.400+0100: 176,003: [GC (Allocation Failure) 2017-02-05T16:15:04.401+0100: 176,003: [ParNew
Desired survivor size 20112992 bytes, new threshold 8 (max 8)
- age   1:   10732080 bytes,   10732080 total
- age   2:       1168 bytes,   10733248 total
- age   3:    1055480 bytes,   11788728 total
- age   4:     120288 bytes,   11909016 total
- age   5:     382328 bytes,   12291344 total
- age   6:     320968 bytes,   12612312 total
- age   7:     997256 bytes,   13609568 total
- age   8:    6488992 bytes,   20098560 total
: 101627K->21824K(109248K), 0,0217277 secs] 101627K->21831K(502464K), 0,0217913 secs] [Times: user=0,05 sys=0,00, real=0,02 secs] 
Heap after GC invocations=8 (full 1):
 par new generation   total 109248K, used 21824K [0x00000000e0000000, 0x00000000e8000000, 0x00000000e8000000)
  eden space 87424K,   0% used [0x00000000e0000000, 0x00000000e0000000, 0x00000000e5560000)
  from space 21824K, 100% used [0x00000000e5560000, 0x00000000e6ab0000, 0x00000000e6ab0000)
  to   space 21824K,   0% used [0x00000000e6ab0000, 0x00000000e6ab0000, 0x00000000e8000000)
 concurrent mark-sweep generation total 393216K, used 7K [0x00000000e8000000, 0x0000000100000000, 0x0000000100000000)
 Metaspace       used 29090K, capacity 29636K, committed 30020K, reserved 1075200K
  class space    used 3356K, capacity 3562K, committed 3680K, reserved 1048576K
}
2017-02-05T16:15:04.422+0100: 176,024: Total time for which application threads were stopped: 0,0220042 seconds, Stopping threads took: 0,0000530 seconds
2017-02-05T16:15:05.423+0100: 177,025: Total time for which application threads were stopped: 0,0000701 seconds, Stopping threads took: 0,0000196 seconds
2017-02-05T16:15:10.423+0100: 182,026: Total time for which application threads were stopped: 0,0003539 seconds, Stopping threads took: 0,0001770 seconds
2017-02-05T16:16:44.433+0100: 276,035: Total time for which application threads were stopped: 0,0001017 seconds, Stopping threads took: 0,0000435 seconds
2017-02-05T16:35:44.543+0100: 1416,145: Total time for which application threads were stopped: 0,0000987 seconds, Stopping threads took: 0,0000396 seconds
2017-02-05T16:39:04.563+0100: 1616,165: Total time for which application threads were stopped: 0,0002252 seconds, Stopping threads took: 0,0000851 seconds
2017-02-05T16:39:09.563+0100: 1621,165: Total time for which application threads were stopped: 0,0000773 seconds, Stopping threads took: 0,0000276 seconds
2017-02-05T16:50:39.633+0100: 2311,235: Total time for which application threads were stopped: 0,0000741 seconds, Stopping threads took: 0,0000265 seconds
2017-02-05T16:50:40.633+0100: 2312,235: Total time for which application threads were stopped: 0,0000671 seconds, Stopping threads took: 0,0000199 seconds
2017-02-05T17:05:25.725+0100: 3197,327: Total time for which application threads were stopped: 0,0001002 seconds, Stopping threads took: 0,0000457 seconds
2017-02-05T17:17:09.796+0100: 3901,398: Total time for which application threads were stopped: 0,0001421 seconds, Stopping threads took: 0,0000681 seconds
2017-02-05T17:18:44.806+0100: 3996,408: Total time for which application threads were stopped: 0,0000784 seconds, Stopping threads took: 0,0000304 seconds
2017-02-05T17:18:54.807+0100: 4006,409: Total time for which application threads were stopped: 0,0000585 seconds, Stopping threads took: 0,0000141 seconds
2017-02-05T17:19:24.810+0100: 4036,412: Total time for which application threads were stopped: 0,0001870 seconds, Stopping threads took: 0,0000691 seconds
2017-02-05T17:29:39.870+0100: 4651,472: Total time for which application threads were stopped: 0,0001233 seconds, Stopping threads took: 0,0000439 seconds
2017-02-05T17:40:00.942+0100: 5272,544: Total time for which application threads were stopped: 0,0000905 seconds, Stopping threads took: 0,0000368 seconds
2017-02-05T17:40:15.944+0100: 5287,546: Total time for which application threads were stopped: 0,0003718 seconds, Stopping threads took: 0,0001588 seconds
2017-02-05T17:59:36.071+0100: 6447,673: Total time for which application threads were stopped: 0,0000958 seconds, Stopping threads took: 0,0000381 seconds
2017-02-05T17:59:41.072+0100: 6452,674: Total time for which application threads were stopped: 0,0004426 seconds, Stopping threads took: 0,0001377 seconds
2017-02-05T18:10:50.146+0100: 7121,748: Total time for which application threads were stopped: 0,0000752 seconds, Stopping threads took: 0,0000278 seconds
2017-02-05T18:12:40.162+0100: 7231,764: Total time for which application threads were stopped: 0,0002079 seconds, Stopping threads took: 0,0000681 seconds
2017-02-05T18:14:10.176+0100: 7321,778: Total time for which application threads were stopped: 0,0000803 seconds, Stopping threads took: 0,0000334 seconds
2017-02-05T18:16:40.199+0100: 7471,801: Total time for which application threads were stopped: 0,0000754 seconds, Stopping threads took: 0,0000286 seconds
2017-02-05T18:20:10.233+0100: 7681,835: Total time for which application threads were stopped: 0,0000761 seconds, Stopping threads took: 0,0000282 seconds
2017-02-05T19:24:40.671+0100: 11552,273: Total time for which application threads were stopped: 0,0001022 seconds, Stopping threads took: 0,0000366 seconds
2017-02-05T20:12:55.979+0100: 14447,581: Total time for which application threads were stopped: 0,0000670 seconds, Stopping threads took: 0,0000178 seconds
2017-02-05T20:28:10.078+0100: 15361,680: Total time for which application threads were stopped: 0,0001101 seconds, Stopping threads took: 0,0000427 seconds
2017-02-05T20:38:40.150+0100: 15991,752: Total time for which application threads were stopped: 0,0001371 seconds, Stopping threads took: 0,0000502 seconds
2017-02-06T00:01:33.738+0100: 28165,340: Total time for which application threads were stopped: 0,0429790 seconds, Stopping threads took: 0,0428877 seconds
2017-02-06T00:01:33.842+0100: 28165,444: Total time for which application threads were stopped: 0,0001332 seconds, Stopping threads took: 0,0000229 seconds
Heap
 par new generation   total 109248K, used 40869K [0x00000000e0000000, 0x00000000e8000000, 0x00000000e8000000)
  eden space 87424K,  21% used [0x00000000e0000000, 0x00000000e1299430, 0x00000000e5560000)
  from space 21824K, 100% used [0x00000000e5560000, 0x00000000e6ab0000, 0x00000000e6ab0000)
  to   space 21824K,   0% used [0x00000000e6ab0000, 0x00000000e6ab0000, 0x00000000e8000000)
 concurrent mark-sweep generation total 393216K, used 7K [0x00000000e8000000, 0x0000000100000000, 0x0000000100000000)
 Metaspace       used 29244K, capacity 29712K, committed 30020K, reserved 1075200K
  class space    used 3370K, capacity 3564K, committed 3680K, reserved 1048576K
