OpenJDK 64-Bit Server VM (25.131-b11) for linux-amd64 JRE (1.8.0_131-8u131-b11-2ubuntu1.16.04.2-b11), built on Jul 22 2017 00:56:41 by "buildd" with gcc 5.4.0 20160609
Memory: 4k page, physical 7867736k(7404792k free), swap 8076284k(8076284k free)
CommandLine flags: -XX:CMSInitiatingOccupancyFraction=50 -XX:CMSMaxAbortablePrecleanTime=6000 -XX:+CMSParallelRemarkEnabled -XX:+CMSScavengeBeforeRemark -XX:ConcGCThreads=4 -XX:InitialHeapSize=536870912 -XX:MaxHeapSize=536870912 -XX:MaxTenuringThreshold=8 -XX:NewRatio=3 -XX:OldPLABSize=16 -XX:OnOutOfMemoryError=/opt/solr/bin/oom_solr.sh 8983 /var/solr/logs -XX:ParallelGCThreads=4 -XX:+ParallelRefProcEnabled -XX:PretenureSizeThreshold=67108864 -XX:+PrintGC -XX:+PrintGCApplicationStoppedTime -XX:+PrintGCDateStamps -XX:+PrintGCDetails -XX:+PrintGCTimeStamps -XX:+PrintHeapAtGC -XX:+PrintTenuringDistribution -XX:SurvivorRatio=4 -XX:TargetSurvivorRatio=90 -XX:ThreadStackSize=256 -XX:+UseCMSInitiatingOccupancyOnly -XX:+UseCompressedClassPointers -XX:+UseCompressedOops -XX:+UseConcMarkSweepGC -XX:+UseParNewGC 
2017-07-28T19:47:20.997+0200: 0,161: Total time for which application threads were stopped: 0,0001022 seconds, Stopping threads took: 0,0000133 seconds
2017-07-28T19:47:21.101+0200: 0,265: Total time for which application threads were stopped: 0,0001029 seconds, Stopping threads took: 0,0000177 seconds
2017-07-28T19:47:21.122+0200: 0,286: Total time for which application threads were stopped: 0,0001123 seconds, Stopping threads took: 0,0000237 seconds
2017-07-28T19:47:21.383+0200: 0,547: Total time for which application threads were stopped: 0,0001428 seconds, Stopping threads took: 0,0000139 seconds
2017-07-28T19:47:21.818+0200: 0,982: Total time for which application threads were stopped: 0,0001597 seconds, Stopping threads took: 0,0000156 seconds
2017-07-28T19:47:21.943+0200: 1,108: Total time for which application threads were stopped: 0,0002267 seconds, Stopping threads took: 0,0000229 seconds
2017-07-28T19:47:22.007+0200: 1,171: Total time for which application threads were stopped: 0,0002096 seconds, Stopping threads took: 0,0000459 seconds
2017-07-28T19:47:22.281+0200: 1,445: Total time for which application threads were stopped: 0,0001708 seconds, Stopping threads took: 0,0000176 seconds
2017-07-28T19:47:22.507+0200: 1,671: Total time for which application threads were stopped: 0,0002425 seconds, Stopping threads took: 0,0000166 seconds
2017-07-28T19:47:22.535+0200: 1,699: Total time for which application threads were stopped: 0,0001776 seconds, Stopping threads took: 0,0000188 seconds
2017-07-28T19:47:22.570+0200: 1,735: Total time for which application threads were stopped: 0,0002010 seconds, Stopping threads took: 0,0000182 seconds
2017-07-28T19:47:22.571+0200: 1,735: Total time for which application threads were stopped: 0,0001943 seconds, Stopping threads took: 0,0000159 seconds
2017-07-28T19:47:22.590+0200: 1,754: Total time for which application threads were stopped: 0,0002622 seconds, Stopping threads took: 0,0000313 seconds
2017-07-28T19:47:22.686+0200: 1,851: Total time for which application threads were stopped: 0,0002539 seconds, Stopping threads took: 0,0000285 seconds
2017-07-28T19:47:22.891+0200: 2,056: Total time for which application threads were stopped: 0,0005233 seconds, Stopping threads took: 0,0003083 seconds
{Heap before GC invocations=0 (full 0):
 par new generation   total 109248K, used 87424K [0x00000000e0000000, 0x00000000e8000000, 0x00000000e8000000)
  eden space 87424K, 100% used [0x00000000e0000000, 0x00000000e5560000, 0x00000000e5560000)
  from space 21824K,   0% used [0x00000000e5560000, 0x00000000e5560000, 0x00000000e6ab0000)
  to   space 21824K,   0% used [0x00000000e6ab0000, 0x00000000e6ab0000, 0x00000000e8000000)
 concurrent mark-sweep generation total 393216K, used 0K [0x00000000e8000000, 0x0000000100000000, 0x0000000100000000)
 Metaspace       used 18102K, capacity 18464K, committed 18688K, reserved 1064960K
  class space    used 2046K, capacity 2196K, committed 2304K, reserved 1048576K
2017-07-28T19:47:22.986+0200: 2,151: [GC (Allocation Failure) 2017-07-28T19:47:22.986+0200: 2,151: [ParNew
Desired survivor size 20112992 bytes, new threshold 8 (max 8)
- age   1:   12666576 bytes,   12666576 total
: 87424K->12476K(109248K), 0,0155836 secs] 87424K->12476K(502464K), 0,0156786 secs] [Times: user=0,04 sys=0,01, real=0,02 secs] 
Heap after GC invocations=1 (full 0):
 par new generation   total 109248K, used 12476K [0x00000000e0000000, 0x00000000e8000000, 0x00000000e8000000)
  eden space 87424K,   0% used [0x00000000e0000000, 0x00000000e0000000, 0x00000000e5560000)
  from space 21824K,  57% used [0x00000000e6ab0000, 0x00000000e76df3c0, 0x00000000e8000000)
  to   space 21824K,   0% used [0x00000000e5560000, 0x00000000e5560000, 0x00000000e6ab0000)
 concurrent mark-sweep generation total 393216K, used 0K [0x00000000e8000000, 0x0000000100000000, 0x0000000100000000)
 Metaspace       used 18102K, capacity 18464K, committed 18688K, reserved 1064960K
  class space    used 2046K, capacity 2196K, committed 2304K, reserved 1048576K
}
2017-07-28T19:47:23.002+0200: 2,166: Total time for which application threads were stopped: 0,0159571 seconds, Stopping threads took: 0,0000242 seconds
2017-07-28T19:47:23.307+0200: 2,472: Total time for which application threads were stopped: 0,0003104 seconds, Stopping threads took: 0,0000361 seconds
2017-07-28T19:47:23.341+0200: 2,505: Total time for which application threads were stopped: 0,0010485 seconds, Stopping threads took: 0,0007177 seconds
{Heap before GC invocations=1 (full 0):
 par new generation   total 109248K, used 99900K [0x00000000e0000000, 0x00000000e8000000, 0x00000000e8000000)
  eden space 87424K, 100% used [0x00000000e0000000, 0x00000000e5560000, 0x00000000e5560000)
  from space 21824K,  57% used [0x00000000e6ab0000, 0x00000000e76df3c0, 0x00000000e8000000)
  to   space 21824K,   0% used [0x00000000e5560000, 0x00000000e5560000, 0x00000000e6ab0000)
 concurrent mark-sweep generation total 393216K, used 0K [0x00000000e8000000, 0x0000000100000000, 0x0000000100000000)
 Metaspace       used 20080K, capacity 20450K, committed 20736K, reserved 1067008K
  class space    used 2302K, capacity 2479K, committed 2560K, reserved 1048576K
2017-07-28T19:47:23.346+0200: 2,510: [GC (Allocation Failure) 2017-07-28T19:47:23.346+0200: 2,510: [ParNew
Desired survivor size 20112992 bytes, new threshold 8 (max 8)
- age   1:    3458096 bytes,    3458096 total
- age   2:    6676000 bytes,   10134096 total
: 99900K->13798K(109248K), 0,0147474 secs] 99900K->13798K(502464K), 0,0148179 secs] [Times: user=0,05 sys=0,00, real=0,01 secs] 
Heap after GC invocations=2 (full 0):
 par new generation   total 109248K, used 13798K [0x00000000e0000000, 0x00000000e8000000, 0x00000000e8000000)
  eden space 87424K,   0% used [0x00000000e0000000, 0x00000000e0000000, 0x00000000e5560000)
  from space 21824K,  63% used [0x00000000e5560000, 0x00000000e62d9978, 0x00000000e6ab0000)
  to   space 21824K,   0% used [0x00000000e6ab0000, 0x00000000e6ab0000, 0x00000000e8000000)
 concurrent mark-sweep generation total 393216K, used 0K [0x00000000e8000000, 0x0000000100000000, 0x0000000100000000)
 Metaspace       used 20080K, capacity 20450K, committed 20736K, reserved 1067008K
  class space    used 2302K, capacity 2479K, committed 2560K, reserved 1048576K
}
2017-07-28T19:47:23.361+0200: 2,525: Total time for which application threads were stopped: 0,0150744 seconds, Stopping threads took: 0,0000451 seconds
2017-07-28T19:47:23.386+0200: 2,551: Total time for which application threads were stopped: 0,0021231 seconds, Stopping threads took: 0,0017721 seconds
2017-07-28T19:47:23.529+0200: 2,693: Total time for which application threads were stopped: 0,0001464 seconds, Stopping threads took: 0,0000257 seconds
{Heap before GC invocations=2 (full 0):
 par new generation   total 109248K, used 101222K [0x00000000e0000000, 0x00000000e8000000, 0x00000000e8000000)
  eden space 87424K, 100% used [0x00000000e0000000, 0x00000000e5560000, 0x00000000e5560000)
  from space 21824K,  63% used [0x00000000e5560000, 0x00000000e62d9978, 0x00000000e6ab0000)
  to   space 21824K,   0% used [0x00000000e6ab0000, 0x00000000e6ab0000, 0x00000000e8000000)
 concurrent mark-sweep generation total 393216K, used 0K [0x00000000e8000000, 0x0000000100000000, 0x0000000100000000)
 Metaspace       used 21017K, capacity 21372K, committed 21552K, reserved 1069056K
  class space    used 2428K, capacity 2598K, committed 2608K, reserved 1048576K
2017-07-28T19:47:23.566+0200: 2,730: [GC (Allocation Failure) 2017-07-28T19:47:23.566+0200: 2,730: [ParNew
Desired survivor size 20112992 bytes, new threshold 8 (max 8)
- age   1:    2135616 bytes,    2135616 total
- age   2:     853784 bytes,    2989400 total
- age   3:    6669520 bytes,    9658920 total
: 101222K->12785K(109248K), 0,0107682 secs] 101222K->12785K(502464K), 0,0108491 secs] [Times: user=0,03 sys=0,00, real=0,01 secs] 
Heap after GC invocations=3 (full 0):
 par new generation   total 109248K, used 12785K [0x00000000e0000000, 0x00000000e8000000, 0x00000000e8000000)
  eden space 87424K,   0% used [0x00000000e0000000, 0x00000000e0000000, 0x00000000e5560000)
  from space 21824K,  58% used [0x00000000e6ab0000, 0x00000000e772c560, 0x00000000e8000000)
  to   space 21824K,   0% used [0x00000000e5560000, 0x00000000e5560000, 0x00000000e6ab0000)
 concurrent mark-sweep generation total 393216K, used 0K [0x00000000e8000000, 0x0000000100000000, 0x0000000100000000)
 Metaspace       used 21017K, capacity 21372K, committed 21552K, reserved 1069056K
  class space    used 2428K, capacity 2598K, committed 2608K, reserved 1048576K
}
2017-07-28T19:47:23.577+0200: 2,741: Total time for which application threads were stopped: 0,0110543 seconds, Stopping threads took: 0,0000434 seconds
2017-07-28T19:47:23.577+0200: 2,741: [GC (CMS Initial Mark) [1 CMS-initial-mark: 0K(393216K)] 12817K(502464K), 0,0038399 secs] [Times: user=0,01 sys=0,00, real=0,00 secs] 
2017-07-28T19:47:23.581+0200: 2,745: Total time for which application threads were stopped: 0,0040565 seconds, Stopping threads took: 0,0001234 seconds
2017-07-28T19:47:23.581+0200: 2,745: [CMS-concurrent-mark-start]
2017-07-28T19:47:23.590+0200: 2,755: [CMS-concurrent-mark: 0,010/0,010 secs] [Times: user=0,04 sys=0,00, real=0,01 secs] 
2017-07-28T19:47:23.591+0200: 2,755: [CMS-concurrent-preclean-start]
2017-07-28T19:47:23.592+0200: 2,756: [CMS-concurrent-preclean: 0,001/0,001 secs] [Times: user=0,00 sys=0,00, real=0,00 secs] 
2017-07-28T19:47:23.592+0200: 2,756: [CMS-concurrent-abortable-preclean-start]
2017-07-28T19:47:23.674+0200: 2,838: Total time for which application threads were stopped: 0,0014250 seconds, Stopping threads took: 0,0013171 seconds
{Heap before GC invocations=3 (full 1):
 par new generation   total 109248K, used 100209K [0x00000000e0000000, 0x00000000e8000000, 0x00000000e8000000)
  eden space 87424K, 100% used [0x00000000e0000000, 0x00000000e5560000, 0x00000000e5560000)
  from space 21824K,  58% used [0x00000000e6ab0000, 0x00000000e772c560, 0x00000000e8000000)
  to   space 21824K,   0% used [0x00000000e5560000, 0x00000000e5560000, 0x00000000e6ab0000)
 concurrent mark-sweep generation total 393216K, used 0K [0x00000000e8000000, 0x0000000100000000, 0x0000000100000000)
 Metaspace       used 21296K, capacity 21667K, committed 21960K, reserved 1069056K
  class space    used 2455K, capacity 2617K, committed 2736K, reserved 1048576K
2017-07-28T19:47:23.709+0200: 2,873: [GC (Allocation Failure) 2017-07-28T19:47:23.709+0200: 2,874: [ParNew
Desired survivor size 20112992 bytes, new threshold 8 (max 8)
- age   1:     698008 bytes,     698008 total
- age   2:    1449504 bytes,    2147512 total
- age   3:     824280 bytes,    2971792 total
- age   4:    6669280 bytes,    9641072 total
: 100209K->12394K(109248K), 0,0101785 secs] 100209K->12394K(502464K), 0,0102535 secs] [Times: user=0,03 sys=0,00, real=0,01 secs] 
Heap after GC invocations=4 (full 1):
 par new generation   total 109248K, used 12394K [0x00000000e0000000, 0x00000000e8000000, 0x00000000e8000000)
  eden space 87424K,   0% used [0x00000000e0000000, 0x00000000e0000000, 0x00000000e5560000)
  from space 21824K,  56% used [0x00000000e5560000, 0x00000000e617a890, 0x00000000e6ab0000)
  to   space 21824K,   0% used [0x00000000e6ab0000, 0x00000000e6ab0000, 0x00000000e8000000)
 concurrent mark-sweep generation total 393216K, used 0K [0x00000000e8000000, 0x0000000100000000, 0x0000000100000000)
 Metaspace       used 21296K, capacity 21667K, committed 21960K, reserved 1069056K
  class space    used 2455K, capacity 2617K, committed 2736K, reserved 1048576K
}
2017-07-28T19:47:23.719+0200: 2,884: Total time for which application threads were stopped: 0,0104225 seconds, Stopping threads took: 0,0000257 seconds
2017-07-28T19:47:23.830+0200: 2,995: Total time for which application threads were stopped: 0,0001817 seconds, Stopping threads took: 0,0000865 seconds
{Heap before GC invocations=4 (full 1):
 par new generation   total 109248K, used 99818K [0x00000000e0000000, 0x00000000e8000000, 0x00000000e8000000)
  eden space 87424K, 100% used [0x00000000e0000000, 0x00000000e5560000, 0x00000000e5560000)
  from space 21824K,  56% used [0x00000000e5560000, 0x00000000e617a890, 0x00000000e6ab0000)
  to   space 21824K,   0% used [0x00000000e6ab0000, 0x00000000e6ab0000, 0x00000000e8000000)
 concurrent mark-sweep generation total 393216K, used 0K [0x00000000e8000000, 0x0000000100000000, 0x0000000100000000)
 Metaspace       used 21525K, capacity 21903K, committed 22216K, reserved 1069056K
  class space    used 2480K, capacity 2651K, committed 2736K, reserved 1048576K
2017-07-28T19:47:23.838+0200: 3,002: [GC (Allocation Failure) 2017-07-28T19:47:23.838+0200: 3,002: [ParNew
Desired survivor size 20112992 bytes, new threshold 8 (max 8)
- age   1:     532328 bytes,     532328 total
- age   2:     183912 bytes,     716240 total
- age   3:    1448080 bytes,    2164320 total
- age   4:     820392 bytes,    2984712 total
- age   5:    6669360 bytes,    9654072 total
: 99818K->13117K(109248K), 0,0122021 secs] 99818K->13117K(502464K), 0,0122704 secs] [Times: user=0,04 sys=0,00, real=0,01 secs] 
Heap after GC invocations=5 (full 1):
 par new generation   total 109248K, used 13117K [0x00000000e0000000, 0x00000000e8000000, 0x00000000e8000000)
  eden space 87424K,   0% used [0x00000000e0000000, 0x00000000e0000000, 0x00000000e5560000)
  from space 21824K,  60% used [0x00000000e6ab0000, 0x00000000e777f658, 0x00000000e8000000)
  to   space 21824K,   0% used [0x00000000e5560000, 0x00000000e5560000, 0x00000000e6ab0000)
 concurrent mark-sweep generation total 393216K, used 0K [0x00000000e8000000, 0x0000000100000000, 0x0000000100000000)
 Metaspace       used 21525K, capacity 21903K, committed 22216K, reserved 1069056K
  class space    used 2480K, capacity 2651K, committed 2736K, reserved 1048576K
}
2017-07-28T19:47:23.850+0200: 3,015: Total time for which application threads were stopped: 0,0125507 seconds, Stopping threads took: 0,0001419 seconds
2017-07-28T19:47:23.883+0200: 3,047: Total time for which application threads were stopped: 0,0004585 seconds, Stopping threads took: 0,0000371 seconds
2017-07-28T19:47:23.883+0200: 3,047: [CMS-concurrent-abortable-preclean: 0,116/0,291 secs] [Times: user=1,08 sys=0,01, real=0,30 secs] 
2017-07-28T19:47:23.883+0200: 3,047: [GC (CMS Final Remark) [YG occupancy: 22927 K (109248 K)]{Heap before GC invocations=5 (full 1):
 par new generation   total 109248K, used 22927K [0x00000000e0000000, 0x00000000e8000000, 0x00000000e8000000)
  eden space 87424K,  11% used [0x00000000e0000000, 0x00000000e09945f0, 0x00000000e5560000)
  from space 21824K,  60% used [0x00000000e6ab0000, 0x00000000e777f658, 0x00000000e8000000)
  to   space 21824K,   0% used [0x00000000e5560000, 0x00000000e5560000, 0x00000000e6ab0000)
 concurrent mark-sweep generation total 393216K, used 0K [0x00000000e8000000, 0x0000000100000000, 0x0000000100000000)
 Metaspace       used 21695K, capacity 22127K, committed 22216K, reserved 1069056K
  class space    used 2507K, capacity 2683K, committed 2736K, reserved 1048576K
2017-07-28T19:47:23.883+0200: 3,047: [GC (CMS Final Remark) 2017-07-28T19:47:23.883+0200: 3,047: [ParNew
Desired survivor size 20112992 bytes, new threshold 8 (max 8)
- age   1:     188936 bytes,     188936 total
- age   2:     161120 bytes,     350056 total
- age   3:     183560 bytes,     533616 total
- age   4:     281704 bytes,     815320 total
- age   5:     820360 bytes,    1635680 total
- age   6:    6669088 bytes,    8304768 total
: 22927K->10637K(109248K), 0,0158084 secs] 22927K->10637K(502464K), 0,0158544 secs] [Times: user=0,05 sys=0,00, real=0,01 secs] 
Heap after GC invocations=6 (full 1):
 par new generation   total 109248K, used 10637K [0x00000000e0000000, 0x00000000e8000000, 0x00000000e8000000)
  eden space 87424K,   0% used [0x00000000e0000000, 0x00000000e0000000, 0x00000000e5560000)
  from space 21824K,  48% used [0x00000000e5560000, 0x00000000e5fc3698, 0x00000000e6ab0000)
  to   space 21824K,   0% used [0x00000000e6ab0000, 0x00000000e6ab0000, 0x00000000e8000000)
 concurrent mark-sweep generation total 393216K, used 0K [0x00000000e8000000, 0x0000000100000000, 0x0000000100000000)
 Metaspace       used 21695K, capacity 22127K, committed 22216K, reserved 1069056K
  class space    used 2507K, capacity 2683K, committed 2736K, reserved 1048576K
}
2017-07-28T19:47:23.899+0200: 3,063: [Rescan (parallel) , 0,0057233 secs]2017-07-28T19:47:23.905+0200: 3,069: [weak refs processing, 0,0011095 secs]2017-07-28T19:47:23.906+0200: 3,070: [class unloading, 0,0029688 secs]2017-07-28T19:47:23.909+0200: 3,073: [scrub symbol table, 0,0027061 secs]2017-07-28T19:47:23.911+0200: 3,076: [scrub string table, 0,0004025 secs][1 CMS-remark: 0K(393216K)] 10637K(502464K), 0,0294960 secs] [Times: user=0,08 sys=0,00, real=0,02 secs] 
2017-07-28T19:47:23.912+0200: 3,077: Total time for which application threads were stopped: 0,0296504 seconds, Stopping threads took: 0,0000797 seconds
2017-07-28T19:47:23.913+0200: 3,077: [CMS-concurrent-sweep-start]
2017-07-28T19:47:23.913+0200: 3,077: [CMS-concurrent-sweep: 0,000/0,000 secs] [Times: user=0,00 sys=0,00, real=0,00 secs] 
2017-07-28T19:47:23.913+0200: 3,077: [CMS-concurrent-reset-start]
2017-07-28T19:47:23.914+0200: 3,078: [CMS-concurrent-reset: 0,001/0,001 secs] [Times: user=0,00 sys=0,00, real=0,01 secs] 
2017-07-28T19:47:24.166+0200: 3,330: Total time for which application threads were stopped: 0,0004712 seconds, Stopping threads took: 0,0000238 seconds
2017-07-28T19:47:24.180+0200: 3,344: Total time for which application threads were stopped: 0,0004235 seconds, Stopping threads took: 0,0000396 seconds
{Heap before GC invocations=6 (full 1):
 par new generation   total 109248K, used 98061K [0x00000000e0000000, 0x00000000e8000000, 0x00000000e8000000)
  eden space 87424K, 100% used [0x00000000e0000000, 0x00000000e5560000, 0x00000000e5560000)
  from space 21824K,  48% used [0x00000000e5560000, 0x00000000e5fc3698, 0x00000000e6ab0000)
  to   space 21824K,   0% used [0x00000000e6ab0000, 0x00000000e6ab0000, 0x00000000e8000000)
 concurrent mark-sweep generation total 393216K, used 0K [0x00000000e8000000, 0x0000000100000000, 0x0000000100000000)
 Metaspace       used 24307K, capacity 24849K, committed 25136K, reserved 1071104K
  class space    used 2853K, capacity 3058K, committed 3120K, reserved 1048576K
2017-07-28T19:47:24.358+0200: 3,522: [GC (Allocation Failure) 2017-07-28T19:47:24.358+0200: 3,522: [ParNew
Desired survivor size 20112992 bytes, new threshold 8 (max 8)
- age   1:    5395136 bytes,    5395136 total
- age   2:      57616 bytes,    5452752 total
- age   3:     160896 bytes,    5613648 total
- age   4:     183016 bytes,    5796664 total
- age   5:     279192 bytes,    6075856 total
- age   6:     796008 bytes,    6871864 total
- age   7:    6661264 bytes,   13533128 total
: 98061K->16893K(109248K), 0,0129930 secs] 98061K->16893K(502464K), 0,0130910 secs] [Times: user=0,03 sys=0,01, real=0,01 secs] 
Heap after GC invocations=7 (full 1):
 par new generation   total 109248K, used 16893K [0x00000000e0000000, 0x00000000e8000000, 0x00000000e8000000)
  eden space 87424K,   0% used [0x00000000e0000000, 0x00000000e0000000, 0x00000000e5560000)
  from space 21824K,  77% used [0x00000000e6ab0000, 0x00000000e7b2f480, 0x00000000e8000000)
  to   space 21824K,   0% used [0x00000000e5560000, 0x00000000e5560000, 0x00000000e6ab0000)
 concurrent mark-sweep generation total 393216K, used 0K [0x00000000e8000000, 0x0000000100000000, 0x0000000100000000)
 Metaspace       used 24307K, capacity 24849K, committed 25136K, reserved 1071104K
  class space    used 2853K, capacity 3058K, committed 3120K, reserved 1048576K
}
2017-07-28T19:47:24.371+0200: 3,535: Total time for which application threads were stopped: 0,0133799 seconds, Stopping threads took: 0,0000507 seconds
{Heap before GC invocations=7 (full 1):
 par new generation   total 109248K, used 104317K [0x00000000e0000000, 0x00000000e8000000, 0x00000000e8000000)
  eden space 87424K, 100% used [0x00000000e0000000, 0x00000000e5560000, 0x00000000e5560000)
  from space 21824K,  77% used [0x00000000e6ab0000, 0x00000000e7b2f480, 0x00000000e8000000)
  to   space 21824K,   0% used [0x00000000e5560000, 0x00000000e5560000, 0x00000000e6ab0000)
 concurrent mark-sweep generation total 393216K, used 0K [0x00000000e8000000, 0x0000000100000000, 0x0000000100000000)
 Metaspace       used 24554K, capacity 25047K, committed 25392K, reserved 1071104K
  class space    used 2873K, capacity 3059K, committed 3120K, reserved 1048576K
2017-07-28T19:47:24.460+0200: 3,625: [GC (Allocation Failure) 2017-07-28T19:47:24.460+0200: 3,625: [ParNew
Desired survivor size 20112992 bytes, new threshold 8 (max 8)
- age   1:    1520160 bytes,    1520160 total
- age   2:    1796600 bytes,    3316760 total
- age   3:      46224 bytes,    3362984 total
- age   4:      72720 bytes,    3435704 total
- age   5:      93584 bytes,    3529288 total
- age   6:     187104 bytes,    3716392 total
- age   7:     744880 bytes,    4461272 total
- age   8:    6127824 bytes,   10589096 total
: 104317K->16451K(109248K), 0,0203102 secs] 104317K->16451K(502464K), 0,0204043 secs] [Times: user=0,07 sys=0,00, real=0,02 secs] 
Heap after GC invocations=8 (full 1):
 par new generation   total 109248K, used 16451K [0x00000000e0000000, 0x00000000e8000000, 0x00000000e8000000)
  eden space 87424K,   0% used [0x00000000e0000000, 0x00000000e0000000, 0x00000000e5560000)
  from space 21824K,  75% used [0x00000000e5560000, 0x00000000e6570cd0, 0x00000000e6ab0000)
  to   space 21824K,   0% used [0x00000000e6ab0000, 0x00000000e6ab0000, 0x00000000e8000000)
 concurrent mark-sweep generation total 393216K, used 0K [0x00000000e8000000, 0x0000000100000000, 0x0000000100000000)
 Metaspace       used 24554K, capacity 25047K, committed 25392K, reserved 1071104K
  class space    used 2873K, capacity 3059K, committed 3120K, reserved 1048576K
}
2017-07-28T19:47:24.481+0200: 3,645: Total time for which application threads were stopped: 0,0219435 seconds, Stopping threads took: 0,0013308 seconds
{Heap before GC invocations=8 (full 1):
 par new generation   total 109248K, used 103875K [0x00000000e0000000, 0x00000000e8000000, 0x00000000e8000000)
  eden space 87424K, 100% used [0x00000000e0000000, 0x00000000e5560000, 0x00000000e5560000)
  from space 21824K,  75% used [0x00000000e5560000, 0x00000000e6570cd0, 0x00000000e6ab0000)
  to   space 21824K,   0% used [0x00000000e6ab0000, 0x00000000e6ab0000, 0x00000000e8000000)
 concurrent mark-sweep generation total 393216K, used 0K [0x00000000e8000000, 0x0000000100000000, 0x0000000100000000)
 Metaspace       used 25076K, capacity 25553K, committed 25648K, reserved 1071104K
  class space    used 2916K, capacity 3096K, committed 3120K, reserved 1048576K
2017-07-28T19:47:24.599+0200: 3,764: [GC (Allocation Failure) 2017-07-28T19:47:24.599+0200: 3,764: [ParNew
Desired survivor size 20112992 bytes, new threshold 8 (max 8)
- age   1:    1057448 bytes,    1057448 total
- age   2:     972808 bytes,    2030256 total
- age   3:    1773504 bytes,    3803760 total
- age   4:      46168 bytes,    3849928 total
- age   5:      70272 bytes,    3920200 total
- age   6:      93384 bytes,    4013584 total
- age   7:     186640 bytes,    4200224 total
- age   8:     744080 bytes,    4944304 total
: 103875K->7990K(109248K), 0,0320167 secs] 103875K->14057K(502464K), 0,0320923 secs] [Times: user=0,10 sys=0,01, real=0,03 secs] 
Heap after GC invocations=9 (full 1):
 par new generation   total 109248K, used 7990K [0x00000000e0000000, 0x00000000e8000000, 0x00000000e8000000)
  eden space 87424K,   0% used [0x00000000e0000000, 0x00000000e0000000, 0x00000000e5560000)
  from space 21824K,  36% used [0x00000000e6ab0000, 0x00000000e727da90, 0x00000000e8000000)
  to   space 21824K,   0% used [0x00000000e5560000, 0x00000000e5560000, 0x00000000e6ab0000)
 concurrent mark-sweep generation total 393216K, used 6066K [0x00000000e8000000, 0x0000000100000000, 0x0000000100000000)
 Metaspace       used 25076K, capacity 25553K, committed 25648K, reserved 1071104K
  class space    used 2916K, capacity 3096K, committed 3120K, reserved 1048576K
}
2017-07-28T19:47:24.631+0200: 3,796: Total time for which application threads were stopped: 0,0323473 seconds, Stopping threads took: 0,0000808 seconds
2017-07-28T19:47:24.876+0200: 4,040: Total time for which application threads were stopped: 0,0004682 seconds, Stopping threads took: 0,0000496 seconds
2017-07-28T19:47:24.889+0200: 4,053: Total time for which application threads were stopped: 0,0004689 seconds, Stopping threads took: 0,0000216 seconds
2017-07-28T19:47:24.896+0200: 4,060: Total time for which application threads were stopped: 0,0005862 seconds, Stopping threads took: 0,0001692 seconds
2017-07-28T19:47:24.897+0200: 4,061: Total time for which application threads were stopped: 0,0001108 seconds, Stopping threads took: 0,0000342 seconds
2017-07-28T19:47:24.899+0200: 4,063: Total time for which application threads were stopped: 0,0002523 seconds, Stopping threads took: 0,0001609 seconds
2017-07-28T19:47:24.902+0200: 4,066: Total time for which application threads were stopped: 0,0001239 seconds, Stopping threads took: 0,0000326 seconds
2017-07-28T19:47:24.902+0200: 4,067: Total time for which application threads were stopped: 0,0001172 seconds, Stopping threads took: 0,0000298 seconds
2017-07-28T19:47:24.903+0200: 4,067: Total time for which application threads were stopped: 0,0000987 seconds, Stopping threads took: 0,0000275 seconds
2017-07-28T19:47:24.944+0200: 4,109: Total time for which application threads were stopped: 0,0002261 seconds, Stopping threads took: 0,0001302 seconds
2017-07-28T19:47:24.948+0200: 4,112: Total time for which application threads were stopped: 0,0001489 seconds, Stopping threads took: 0,0000414 seconds
2017-07-28T19:47:24.949+0200: 4,113: Total time for which application threads were stopped: 0,0003613 seconds, Stopping threads took: 0,0000336 seconds
2017-07-28T19:47:24.950+0200: 4,114: Total time for which application threads were stopped: 0,0001067 seconds, Stopping threads took: 0,0000355 seconds
2017-07-28T19:47:24.954+0200: 4,118: Total time for which application threads were stopped: 0,0001309 seconds, Stopping threads took: 0,0000560 seconds
2017-07-28T19:47:24.954+0200: 4,119: Total time for which application threads were stopped: 0,0001110 seconds, Stopping threads took: 0,0000396 seconds
2017-07-28T19:47:24.961+0200: 4,125: Total time for which application threads were stopped: 0,0001128 seconds, Stopping threads took: 0,0000344 seconds
2017-07-28T19:47:24.971+0200: 4,135: Total time for which application threads were stopped: 0,0001260 seconds, Stopping threads took: 0,0000315 seconds
2017-07-28T19:47:24.978+0200: 4,143: Total time for which application threads were stopped: 0,0001336 seconds, Stopping threads took: 0,0000389 seconds
2017-07-28T19:47:24.982+0200: 4,146: Total time for which application threads were stopped: 0,0037837 seconds, Stopping threads took: 0,0037001 seconds
2017-07-28T19:47:24.983+0200: 4,147: Total time for which application threads were stopped: 0,0001414 seconds, Stopping threads took: 0,0000320 seconds
2017-07-28T19:47:24.984+0200: 4,149: Total time for which application threads were stopped: 0,0001475 seconds, Stopping threads took: 0,0000424 seconds
2017-07-28T19:47:24.985+0200: 4,149: Total time for which application threads were stopped: 0,0001075 seconds, Stopping threads took: 0,0000307 seconds
2017-07-28T19:47:24.986+0200: 4,150: Total time for which application threads were stopped: 0,0001832 seconds, Stopping threads took: 0,0000417 seconds
2017-07-28T19:47:24.989+0200: 4,153: Total time for which application threads were stopped: 0,0004142 seconds, Stopping threads took: 0,0001878 seconds
2017-07-28T19:47:24.991+0200: 4,155: Total time for which application threads were stopped: 0,0003074 seconds, Stopping threads took: 0,0002187 seconds
2017-07-28T19:47:24.994+0200: 4,159: Total time for which application threads were stopped: 0,0007436 seconds, Stopping threads took: 0,0006287 seconds
2017-07-28T19:47:24.998+0200: 4,162: Total time for which application threads were stopped: 0,0002251 seconds, Stopping threads took: 0,0000454 seconds
2017-07-28T19:47:24.999+0200: 4,163: Total time for which application threads were stopped: 0,0000850 seconds, Stopping threads took: 0,0000215 seconds
2017-07-28T19:47:25.001+0200: 4,166: Total time for which application threads were stopped: 0,0002006 seconds, Stopping threads took: 0,0000978 seconds
2017-07-28T19:47:25.005+0200: 4,169: Total time for which application threads were stopped: 0,0001529 seconds, Stopping threads took: 0,0000382 seconds
2017-07-28T19:47:25.005+0200: 4,169: Total time for which application threads were stopped: 0,0001002 seconds, Stopping threads took: 0,0000211 seconds
2017-07-28T19:47:25.005+0200: 4,169: Total time for which application threads were stopped: 0,0000718 seconds, Stopping threads took: 0,0000192 seconds
2017-07-28T19:47:25.005+0200: 4,170: Total time for which application threads were stopped: 0,0000808 seconds, Stopping threads took: 0,0000232 seconds
2017-07-28T19:47:25.005+0200: 4,170: Total time for which application threads were stopped: 0,0000718 seconds, Stopping threads took: 0,0000179 seconds
2017-07-28T19:47:25.006+0200: 4,170: Total time for which application threads were stopped: 0,0000797 seconds, Stopping threads took: 0,0000214 seconds
2017-07-28T19:47:25.006+0200: 4,170: Total time for which application threads were stopped: 0,0000697 seconds, Stopping threads took: 0,0000161 seconds
2017-07-28T19:47:25.006+0200: 4,170: Total time for which application threads were stopped: 0,0000752 seconds, Stopping threads took: 0,0000197 seconds
2017-07-28T19:47:25.006+0200: 4,170: Total time for which application threads were stopped: 0,0001109 seconds, Stopping threads took: 0,0000159 seconds
2017-07-28T19:47:25.006+0200: 4,170: Total time for which application threads were stopped: 0,0000947 seconds, Stopping threads took: 0,0000350 seconds
2017-07-28T19:47:25.006+0200: 4,171: Total time for which application threads were stopped: 0,0002815 seconds, Stopping threads took: 0,0002103 seconds
2017-07-28T19:47:25.007+0200: 4,171: Total time for which application threads were stopped: 0,0000694 seconds, Stopping threads took: 0,0000244 seconds
2017-07-28T19:47:25.007+0200: 4,171: Total time for which application threads were stopped: 0,0000836 seconds, Stopping threads took: 0,0000211 seconds
2017-07-28T19:47:25.007+0200: 4,171: Total time for which application threads were stopped: 0,0000869 seconds, Stopping threads took: 0,0000203 seconds
2017-07-28T19:47:25.007+0200: 4,172: Total time for which application threads were stopped: 0,0001112 seconds, Stopping threads took: 0,0000306 seconds
2017-07-28T19:47:25.008+0200: 4,172: Total time for which application threads were stopped: 0,0000731 seconds, Stopping threads took: 0,0000303 seconds
2017-07-28T19:47:25.008+0200: 4,172: Total time for which application threads were stopped: 0,0000445 seconds, Stopping threads took: 0,0000087 seconds
2017-07-28T19:47:25.008+0200: 4,172: Total time for which application threads were stopped: 0,0000473 seconds, Stopping threads took: 0,0000097 seconds
2017-07-28T19:47:25.009+0200: 4,173: Total time for which application threads were stopped: 0,0000856 seconds, Stopping threads took: 0,0000190 seconds
2017-07-28T19:47:25.009+0200: 4,174: Total time for which application threads were stopped: 0,0001155 seconds, Stopping threads took: 0,0000100 seconds
2017-07-28T19:47:25.050+0200: 4,214: Total time for which application threads were stopped: 0,0022710 seconds, Stopping threads took: 0,0021540 seconds
2017-07-28T19:47:25.089+0200: 4,253: Total time for which application threads were stopped: 0,0001335 seconds, Stopping threads took: 0,0000325 seconds
2017-07-28T19:47:25.090+0200: 4,254: Total time for which application threads were stopped: 0,0003945 seconds, Stopping threads took: 0,0000272 seconds
2017-07-28T19:47:25.121+0200: 4,285: Total time for which application threads were stopped: 0,0001001 seconds, Stopping threads took: 0,0000345 seconds
2017-07-28T19:47:27.121+0200: 6,285: Total time for which application threads were stopped: 0,0000696 seconds, Stopping threads took: 0,0000160 seconds
2017-07-28T19:47:43.123+0200: 22,287: Total time for which application threads were stopped: 0,0000660 seconds, Stopping threads took: 0,0000160 seconds
2017-07-28T19:47:53.125+0200: 32,289: Total time for which application threads were stopped: 0,0000708 seconds, Stopping threads took: 0,0000161 seconds
2017-07-28T19:48:43.131+0200: 82,296: Total time for which application threads were stopped: 0,0001002 seconds, Stopping threads took: 0,0000238 seconds
2017-07-28T19:49:18.152+0200: 117,317: Total time for which application threads were stopped: 0,0002246 seconds, Stopping threads took: 0,0001607 seconds
2017-07-28T19:49:23.153+0200: 122,317: Total time for which application threads were stopped: 0,0000647 seconds, Stopping threads took: 0,0000154 seconds
2017-07-28T19:50:22.160+0200: 181,324: Total time for which application threads were stopped: 0,0000844 seconds, Stopping threads took: 0,0000343 seconds
2017-07-28T19:51:58.172+0200: 277,336: Total time for which application threads were stopped: 0,0002126 seconds, Stopping threads took: 0,0000905 seconds
2017-07-28T20:10:47.309+0200: 1406,474: Total time for which application threads were stopped: 0,0001057 seconds, Stopping threads took: 0,0000363 seconds
2017-07-28T20:15:27.339+0200: 1686,504: Total time for which application threads were stopped: 0,0001139 seconds, Stopping threads took: 0,0000417 seconds
2017-07-28T20:25:42.407+0200: 2301,571: Total time for which application threads were stopped: 0,0000830 seconds, Stopping threads took: 0,0000289 seconds
2017-07-28T20:25:43.407+0200: 2302,571: Total time for which application threads were stopped: 0,0000919 seconds, Stopping threads took: 0,0000206 seconds
2017-07-28T20:40:38.504+0200: 3197,668: Total time for which application threads were stopped: 0,0004064 seconds, Stopping threads took: 0,0001866 seconds
2017-07-28T20:49:47.567+0200: 3746,731: Total time for which application threads were stopped: 0,0001711 seconds, Stopping threads took: 0,0000601 seconds
2017-07-28T20:49:52.568+0200: 3751,732: Total time for which application threads were stopped: 0,0001667 seconds, Stopping threads took: 0,0000288 seconds
2017-07-28T20:52:57.591+0200: 3936,755: Total time for which application threads were stopped: 0,0000895 seconds, Stopping threads took: 0,0000351 seconds
2017-07-28T20:53:02.591+0200: 3941,756: Total time for which application threads were stopped: 0,0000722 seconds, Stopping threads took: 0,0000148 seconds
2017-07-28T20:53:52.597+0200: 3991,762: Total time for which application threads were stopped: 0,0000916 seconds, Stopping threads took: 0,0000350 seconds
2017-07-28T20:54:07.599+0200: 4006,763: Total time for which application threads were stopped: 0,0000989 seconds, Stopping threads took: 0,0000412 seconds
2017-07-28T21:06:03.688+0200: 4722,852: Total time for which application threads were stopped: 0,0002899 seconds, Stopping threads took: 0,0001225 seconds
2017-07-28T21:06:08.688+0200: 4727,852: Total time for which application threads were stopped: 0,0000621 seconds, Stopping threads took: 0,0000145 seconds
2017-07-28T21:31:43.840+0200: 6263,004: Total time for which application threads were stopped: 0,0000809 seconds, Stopping threads took: 0,0000282 seconds
2017-07-28T21:47:22.931+0200: 7202,095: Total time for which application threads were stopped: 0,0001039 seconds, Stopping threads took: 0,0000369 seconds
2017-07-28T21:49:22.943+0200: 7322,107: Total time for which application threads were stopped: 0,0000850 seconds, Stopping threads took: 0,0000318 seconds
2017-07-28T21:55:22.982+0200: 7682,146: Total time for which application threads were stopped: 0,0000987 seconds, Stopping threads took: 0,0000489 seconds
2017-07-28T22:59:52.409+0200: 11551,574: Total time for which application threads were stopped: 0,0000932 seconds, Stopping threads took: 0,0000340 seconds
2017-07-29T00:03:22.830+0200: 15361,994: Total time for which application threads were stopped: 0,0004034 seconds, Stopping threads took: 0,0001407 seconds
2017-07-29T00:05:22.841+0200: 15482,005: Total time for which application threads were stopped: 0,0000801 seconds, Stopping threads took: 0,0000296 seconds
2017-07-29T14:55:03.652+0200: 41882,588: Total time for which application threads were stopped: 0,0001718 seconds, Stopping threads took: 0,0000564 seconds
{Heap before GC invocations=9 (full 1):
 par new generation   total 109248K, used 95414K [0x00000000e0000000, 0x00000000e8000000, 0x00000000e8000000)
  eden space 87424K, 100% used [0x00000000e0000000, 0x00000000e5560000, 0x00000000e5560000)
  from space 21824K,  36% used [0x00000000e6ab0000, 0x00000000e727da90, 0x00000000e8000000)
  to   space 21824K,   0% used [0x00000000e5560000, 0x00000000e5560000, 0x00000000e6ab0000)
 concurrent mark-sweep generation total 393216K, used 6066K [0x00000000e8000000, 0x0000000100000000, 0x0000000100000000)
 Metaspace       used 28190K, capacity 28733K, committed 29104K, reserved 1075200K
  class space    used 3225K, capacity 3404K, committed 3504K, reserved 1048576K
2017-07-29T17:47:00.924+0200: 52199,860: [GC (Allocation Failure) 2017-07-29T17:47:00.924+0200: 52199,860: [ParNew
Desired survivor size 20112992 bytes, new threshold 8 (max 8)
- age   1:   10664016 bytes,   10664016 total
- age   2:     294592 bytes,   10958608 total
- age   3:     193472 bytes,   11152080 total
- age   4:    1768648 bytes,   12920728 total
- age   5:      46136 bytes,   12966864 total
- age   6:      70272 bytes,   13037136 total
- age   7:      93256 bytes,   13130392 total
- age   8:     186544 bytes,   13316936 total
: 95414K->14112K(109248K), 0,1145601 secs] 101481K->20992K(502464K), 0,1146610 secs] [Times: user=0,07 sys=0,00, real=0,11 secs] 
Heap after GC invocations=10 (full 1):
 par new generation   total 109248K, used 14112K [0x00000000e0000000, 0x00000000e8000000, 0x00000000e8000000)
  eden space 87424K,   0% used [0x00000000e0000000, 0x00000000e0000000, 0x00000000e5560000)
  from space 21824K,  64% used [0x00000000e5560000, 0x00000000e63283f0, 0x00000000e6ab0000)
  to   space 21824K,   0% used [0x00000000e6ab0000, 0x00000000e6ab0000, 0x00000000e8000000)
 concurrent mark-sweep generation total 393216K, used 6879K [0x00000000e8000000, 0x0000000100000000, 0x0000000100000000)
 Metaspace       used 28190K, capacity 28733K, committed 29104K, reserved 1075200K
  class space    used 3225K, capacity 3404K, committed 3504K, reserved 1048576K
}
2017-07-29T17:47:01.039+0200: 52199,974: Total time for which application threads were stopped: 0,1148693 seconds, Stopping threads took: 0,0000202 seconds
2017-07-29T17:47:01.062+0200: 52199,997: Total time for which application threads were stopped: 0,0001367 seconds, Stopping threads took: 0,0000432 seconds
2017-07-29T17:47:01.063+0200: 52199,999: Total time for which application threads were stopped: 0,0000848 seconds, Stopping threads took: 0,0000164 seconds
2017-07-29T17:47:01.100+0200: 52200,036: Total time for which application threads were stopped: 0,0001602 seconds, Stopping threads took: 0,0000453 seconds
2017-07-29T17:47:01.112+0200: 52200,047: Total time for which application threads were stopped: 0,0001305 seconds, Stopping threads took: 0,0000318 seconds
2017-07-29T17:47:01.112+0200: 52200,047: Total time for which application threads were stopped: 0,0000505 seconds, Stopping threads took: 0,0000122 seconds
2017-07-29T17:47:01.112+0200: 52200,047: Total time for which application threads were stopped: 0,0000501 seconds, Stopping threads took: 0,0000129 seconds
2017-07-29T17:47:01.114+0200: 52200,049: Total time for which application threads were stopped: 0,0001044 seconds, Stopping threads took: 0,0000310 seconds
2017-07-29T17:47:01.114+0200: 52200,049: Total time for which application threads were stopped: 0,0000829 seconds, Stopping threads took: 0,0000154 seconds
2017-07-29T17:47:01.114+0200: 52200,049: Total time for which application threads were stopped: 0,0000513 seconds, Stopping threads took: 0,0000174 seconds
2017-07-29T17:47:01.116+0200: 52200,051: Total time for which application threads were stopped: 0,0017960 seconds, Stopping threads took: 0,0017085 seconds
2017-07-29T17:47:01.119+0200: 52200,054: Total time for which application threads were stopped: 0,0005797 seconds, Stopping threads took: 0,0004922 seconds
2017-07-29T17:47:01.120+0200: 52200,055: Total time for which application threads were stopped: 0,0007121 seconds, Stopping threads took: 0,0006308 seconds
2017-07-29T17:47:01.120+0200: 52200,055: Total time for which application threads were stopped: 0,0000710 seconds, Stopping threads took: 0,0000184 seconds
2017-07-29T17:47:01.120+0200: 52200,056: Total time for which application threads were stopped: 0,0000619 seconds, Stopping threads took: 0,0000182 seconds
2017-07-29T17:47:01.122+0200: 52200,057: Total time for which application threads were stopped: 0,0001510 seconds, Stopping threads took: 0,0000844 seconds
2017-07-29T17:47:01.123+0200: 52200,058: Total time for which application threads were stopped: 0,0001025 seconds, Stopping threads took: 0,0000186 seconds
2017-07-29T17:47:01.127+0200: 52200,062: Total time for which application threads were stopped: 0,0000899 seconds, Stopping threads took: 0,0000139 seconds
2017-07-29T17:47:01.127+0200: 52200,063: Total time for which application threads were stopped: 0,0000645 seconds, Stopping threads took: 0,0000164 seconds
2017-07-29T17:47:01.127+0200: 52200,063: Total time for which application threads were stopped: 0,0000668 seconds, Stopping threads took: 0,0000209 seconds
2017-07-29T17:47:01.128+0200: 52200,063: Total time for which application threads were stopped: 0,0001368 seconds, Stopping threads took: 0,0000725 seconds
2017-07-29T17:47:01.128+0200: 52200,063: Total time for which application threads were stopped: 0,0001191 seconds, Stopping threads took: 0,0000718 seconds
2017-07-29T17:47:01.128+0200: 52200,063: Total time for which application threads were stopped: 0,0000485 seconds, Stopping threads took: 0,0000073 seconds
2017-07-29T17:47:01.128+0200: 52200,064: Total time for which application threads were stopped: 0,0000644 seconds, Stopping threads took: 0,0000194 seconds
2017-07-29T17:47:01.128+0200: 52200,064: Total time for which application threads were stopped: 0,0000599 seconds, Stopping threads took: 0,0000188 seconds
2017-07-29T17:47:01.129+0200: 52200,064: Total time for which application threads were stopped: 0,0000711 seconds, Stopping threads took: 0,0000210 seconds
2017-07-29T17:47:01.129+0200: 52200,064: Total time for which application threads were stopped: 0,0000609 seconds, Stopping threads took: 0,0000206 seconds
2017-07-29T17:47:01.129+0200: 52200,064: Total time for which application threads were stopped: 0,0001833 seconds, Stopping threads took: 0,0000242 seconds
2017-07-29T17:47:01.132+0200: 52200,067: Total time for which application threads were stopped: 0,0000951 seconds, Stopping threads took: 0,0000346 seconds
2017-07-29T17:47:01.132+0200: 52200,067: Total time for which application threads were stopped: 0,0001179 seconds, Stopping threads took: 0,0000414 seconds
2017-07-29T17:47:01.133+0200: 52200,068: Total time for which application threads were stopped: 0,0000892 seconds, Stopping threads took: 0,0000174 seconds
Heap
 par new generation   total 109248K, used 21678K [0x00000000e0000000, 0x00000000e8000000, 0x00000000e8000000)
  eden space 87424K,   8% used [0x00000000e0000000, 0x00000000e07636e0, 0x00000000e5560000)
  from space 21824K,  64% used [0x00000000e5560000, 0x00000000e63283f0, 0x00000000e6ab0000)
  to   space 21824K,   0% used [0x00000000e6ab0000, 0x00000000e6ab0000, 0x00000000e8000000)
 concurrent mark-sweep generation total 393216K, used 6879K [0x00000000e8000000, 0x0000000100000000, 0x0000000100000000)
 Metaspace       used 28260K, capacity 28843K, committed 29104K, reserved 1075200K
  class space    used 3235K, capacity 3439K, committed 3504K, reserved 1048576K
