OpenJDK 64-Bit Server VM (25.121-b13) for linux-amd64 JRE (1.8.0_121-8u121-b13-0ubuntu1.16.04.2-b13), built on Jan 23 2017 15:51:29 by "buildd" with gcc 5.4.0 20160609
Memory: 4k page, physical 7867764k(7407712k free), swap 8076284k(8076284k free)
CommandLine flags: -XX:CMSInitiatingOccupancyFraction=50 -XX:CMSMaxAbortablePrecleanTime=6000 -XX:+CMSParallelRemarkEnabled -XX:+CMSScavengeBeforeRemark -XX:ConcGCThreads=4 -XX:InitialHeapSize=536870912 -XX:MaxHeapSize=536870912 -XX:MaxTenuringThreshold=8 -XX:NewRatio=3 -XX:OldPLABSize=16 -XX:OnOutOfMemoryError=/opt/solr/bin/oom_solr.sh 8983 /var/solr/logs -XX:ParallelGCThreads=4 -XX:+ParallelRefProcEnabled -XX:PretenureSizeThreshold=67108864 -XX:+PrintGC -XX:+PrintGCApplicationStoppedTime -XX:+PrintGCDateStamps -XX:+PrintGCDetails -XX:+PrintGCTimeStamps -XX:+PrintHeapAtGC -XX:+PrintTenuringDistribution -XX:SurvivorRatio=4 -XX:TargetSurvivorRatio=90 -XX:ThreadStackSize=256 -XX:+UseCMSInitiatingOccupancyOnly -XX:+UseCompressedClassPointers -XX:+UseCompressedOops -XX:+UseConcMarkSweepGC -XX:+UseParNewGC 
2017-04-07T07:42:06.054+0200: 0,163: Total time for which application threads were stopped: 0,0000829 seconds, Stopping threads took: 0,0000131 seconds
2017-04-07T07:42:06.137+0200: 0,247: Total time for which application threads were stopped: 0,0001478 seconds, Stopping threads took: 0,0000206 seconds
2017-04-07T07:42:06.171+0200: 0,280: Total time for which application threads were stopped: 0,0001023 seconds, Stopping threads took: 0,0000195 seconds
2017-04-07T07:42:06.579+0200: 0,688: Total time for which application threads were stopped: 0,0001440 seconds, Stopping threads took: 0,0000192 seconds
2017-04-07T07:42:06.994+0200: 1,104: Total time for which application threads were stopped: 0,0003932 seconds, Stopping threads took: 0,0001350 seconds
2017-04-07T07:42:07.061+0200: 1,171: Total time for which application threads were stopped: 0,0001454 seconds, Stopping threads took: 0,0000188 seconds
2017-04-07T07:42:07.089+0200: 1,198: Total time for which application threads were stopped: 0,0002335 seconds, Stopping threads took: 0,0000426 seconds
2017-04-07T07:42:07.344+0200: 1,453: Total time for which application threads were stopped: 0,0001767 seconds, Stopping threads took: 0,0000241 seconds
2017-04-07T07:42:07.584+0200: 1,694: Total time for which application threads were stopped: 0,0002004 seconds, Stopping threads took: 0,0000122 seconds
2017-04-07T07:42:07.605+0200: 1,715: Total time for which application threads were stopped: 0,0001829 seconds, Stopping threads took: 0,0000158 seconds
2017-04-07T07:42:07.643+0200: 1,753: Total time for which application threads were stopped: 0,0002359 seconds, Stopping threads took: 0,0000219 seconds
2017-04-07T07:42:07.644+0200: 1,754: Total time for which application threads were stopped: 0,0002122 seconds, Stopping threads took: 0,0000333 seconds
2017-04-07T07:42:07.658+0200: 1,768: Total time for which application threads were stopped: 0,0001949 seconds, Stopping threads took: 0,0000340 seconds
2017-04-07T07:42:07.724+0200: 1,833: Total time for which application threads were stopped: 0,0002489 seconds, Stopping threads took: 0,0000217 seconds
2017-04-07T07:42:07.897+0200: 2,007: Total time for which application threads were stopped: 0,0002565 seconds, Stopping threads took: 0,0000419 seconds
{Heap before GC invocations=0 (full 0):
 par new generation   total 109248K, used 87424K [0x00000000e0000000, 0x00000000e8000000, 0x00000000e8000000)
  eden space 87424K, 100% used [0x00000000e0000000, 0x00000000e5560000, 0x00000000e5560000)
  from space 21824K,   0% used [0x00000000e5560000, 0x00000000e5560000, 0x00000000e6ab0000)
  to   space 21824K,   0% used [0x00000000e6ab0000, 0x00000000e6ab0000, 0x00000000e8000000)
 concurrent mark-sweep generation total 393216K, used 0K [0x00000000e8000000, 0x0000000100000000, 0x0000000100000000)
 Metaspace       used 17995K, capacity 18336K, committed 18688K, reserved 1064960K
  class space    used 2035K, capacity 2196K, committed 2304K, reserved 1048576K
2017-04-07T07:42:07.977+0200: 2,087: [GC (Allocation Failure) 2017-04-07T07:42:07.977+0200: 2,087: [ParNew
Desired survivor size 20112992 bytes, new threshold 8 (max 8)
- age   1:   12169400 bytes,   12169400 total
: 87424K->11987K(109248K), 0,0211507 secs] 87424K->11987K(502464K), 0,0212232 secs] [Times: user=0,05 sys=0,01, real=0,03 secs] 
Heap after GC invocations=1 (full 0):
 par new generation   total 109248K, used 11987K [0x00000000e0000000, 0x00000000e8000000, 0x00000000e8000000)
  eden space 87424K,   0% used [0x00000000e0000000, 0x00000000e0000000, 0x00000000e5560000)
  from space 21824K,  54% used [0x00000000e6ab0000, 0x00000000e7664d38, 0x00000000e8000000)
  to   space 21824K,   0% used [0x00000000e5560000, 0x00000000e5560000, 0x00000000e6ab0000)
 concurrent mark-sweep generation total 393216K, used 0K [0x00000000e8000000, 0x0000000100000000, 0x0000000100000000)
 Metaspace       used 17995K, capacity 18336K, committed 18688K, reserved 1064960K
  class space    used 2035K, capacity 2196K, committed 2304K, reserved 1048576K
}
2017-04-07T07:42:07.998+0200: 2,108: Total time for which application threads were stopped: 0,0214741 seconds, Stopping threads took: 0,0000766 seconds
2017-04-07T07:42:08.381+0200: 2,491: Total time for which application threads were stopped: 0,0002655 seconds, Stopping threads took: 0,0000236 seconds
2017-04-07T07:42:08.412+0200: 2,521: Total time for which application threads were stopped: 0,0004314 seconds, Stopping threads took: 0,0000597 seconds
{Heap before GC invocations=1 (full 0):
 par new generation   total 109248K, used 99411K [0x00000000e0000000, 0x00000000e8000000, 0x00000000e8000000)
  eden space 87424K, 100% used [0x00000000e0000000, 0x00000000e5560000, 0x00000000e5560000)
  from space 21824K,  54% used [0x00000000e6ab0000, 0x00000000e7664d38, 0x00000000e8000000)
  to   space 21824K,   0% used [0x00000000e5560000, 0x00000000e5560000, 0x00000000e6ab0000)
 concurrent mark-sweep generation total 393216K, used 0K [0x00000000e8000000, 0x0000000100000000, 0x0000000100000000)
 Metaspace       used 20071K, capacity 20450K, committed 20736K, reserved 1067008K
  class space    used 2301K, capacity 2479K, committed 2560K, reserved 1048576K
2017-04-07T07:42:08.418+0200: 2,528: [GC (Allocation Failure) 2017-04-07T07:42:08.419+0200: 2,528: [ParNew
Desired survivor size 20112992 bytes, new threshold 8 (max 8)
- age   1:    3540056 bytes,    3540056 total
- age   2:    6528616 bytes,   10068672 total
: 99411K->15355K(109248K), 0,0107800 secs] 99411K->15355K(502464K), 0,0108615 secs] [Times: user=0,04 sys=0,00, real=0,01 secs] 
Heap after GC invocations=2 (full 0):
 par new generation   total 109248K, used 15355K [0x00000000e0000000, 0x00000000e8000000, 0x00000000e8000000)
  eden space 87424K,   0% used [0x00000000e0000000, 0x00000000e0000000, 0x00000000e5560000)
  from space 21824K,  70% used [0x00000000e5560000, 0x00000000e645edc0, 0x00000000e6ab0000)
  to   space 21824K,   0% used [0x00000000e6ab0000, 0x00000000e6ab0000, 0x00000000e8000000)
 concurrent mark-sweep generation total 393216K, used 0K [0x00000000e8000000, 0x0000000100000000, 0x0000000100000000)
 Metaspace       used 20071K, capacity 20450K, committed 20736K, reserved 1067008K
  class space    used 2301K, capacity 2479K, committed 2560K, reserved 1048576K
}
2017-04-07T07:42:08.429+0200: 2,539: Total time for which application threads were stopped: 0,0110235 seconds, Stopping threads took: 0,0000210 seconds
2017-04-07T07:42:08.454+0200: 2,564: Total time for which application threads were stopped: 0,0003885 seconds, Stopping threads took: 0,0000792 seconds
2017-04-07T07:42:08.610+0200: 2,720: Total time for which application threads were stopped: 0,0010446 seconds, Stopping threads took: 0,0009123 seconds
{Heap before GC invocations=2 (full 0):
 par new generation   total 109248K, used 102779K [0x00000000e0000000, 0x00000000e8000000, 0x00000000e8000000)
  eden space 87424K, 100% used [0x00000000e0000000, 0x00000000e5560000, 0x00000000e5560000)
  from space 21824K,  70% used [0x00000000e5560000, 0x00000000e645edc0, 0x00000000e6ab0000)
  to   space 21824K,   0% used [0x00000000e6ab0000, 0x00000000e6ab0000, 0x00000000e8000000)
 concurrent mark-sweep generation total 393216K, used 0K [0x00000000e8000000, 0x0000000100000000, 0x0000000100000000)
 Metaspace       used 21013K, capacity 21372K, committed 21552K, reserved 1069056K
  class space    used 2423K, capacity 2598K, committed 2608K, reserved 1048576K
2017-04-07T07:42:08.656+0200: 2,765: [GC (Allocation Failure) 2017-04-07T07:42:08.656+0200: 2,765: [ParNew
Desired survivor size 20112992 bytes, new threshold 8 (max 8)
- age   1:    1992000 bytes,    1992000 total
- age   2:     986752 bytes,    2978752 total
- age   3:    6523912 bytes,    9502664 total
: 102779K->12037K(109248K), 0,0167142 secs] 102779K->12037K(502464K), 0,0168191 secs] [Times: user=0,06 sys=0,01, real=0,02 secs] 
Heap after GC invocations=3 (full 0):
 par new generation   total 109248K, used 12037K [0x00000000e0000000, 0x00000000e8000000, 0x00000000e8000000)
  eden space 87424K,   0% used [0x00000000e0000000, 0x00000000e0000000, 0x00000000e5560000)
  from space 21824K,  55% used [0x00000000e6ab0000, 0x00000000e7671670, 0x00000000e8000000)
  to   space 21824K,   0% used [0x00000000e5560000, 0x00000000e5560000, 0x00000000e6ab0000)
 concurrent mark-sweep generation total 393216K, used 0K [0x00000000e8000000, 0x0000000100000000, 0x0000000100000000)
 Metaspace       used 21013K, capacity 21372K, committed 21552K, reserved 1069056K
  class space    used 2423K, capacity 2598K, committed 2608K, reserved 1048576K
}
2017-04-07T07:42:08.673+0200: 2,782: Total time for which application threads were stopped: 0,0170480 seconds, Stopping threads took: 0,0000598 seconds
2017-04-07T07:42:08.675+0200: 2,784: [GC (CMS Initial Mark) [1 CMS-initial-mark: 0K(393216K)] 12407K(502464K), 0,0035802 secs] [Times: user=0,02 sys=0,00, real=0,00 secs] 
2017-04-07T07:42:08.678+0200: 2,788: Total time for which application threads were stopped: 0,0037965 seconds, Stopping threads took: 0,0000894 seconds
2017-04-07T07:42:08.678+0200: 2,788: [CMS-concurrent-mark-start]
2017-04-07T07:42:08.679+0200: 2,789: [CMS-concurrent-mark: 0,001/0,001 secs] [Times: user=0,00 sys=0,00, real=0,01 secs] 
2017-04-07T07:42:08.679+0200: 2,789: [CMS-concurrent-preclean-start]
2017-04-07T07:42:08.680+0200: 2,790: [CMS-concurrent-preclean: 0,001/0,001 secs] [Times: user=0,00 sys=0,00, real=0,00 secs] 
2017-04-07T07:42:08.680+0200: 2,790: [CMS-concurrent-abortable-preclean-start]
2017-04-07T07:42:08.765+0200: 2,874: Total time for which application threads were stopped: 0,0001644 seconds, Stopping threads took: 0,0000816 seconds
{Heap before GC invocations=3 (full 1):
 par new generation   total 109248K, used 99461K [0x00000000e0000000, 0x00000000e8000000, 0x00000000e8000000)
  eden space 87424K, 100% used [0x00000000e0000000, 0x00000000e5560000, 0x00000000e5560000)
  from space 21824K,  55% used [0x00000000e6ab0000, 0x00000000e7671670, 0x00000000e8000000)
  to   space 21824K,   0% used [0x00000000e5560000, 0x00000000e5560000, 0x00000000e6ab0000)
 concurrent mark-sweep generation total 393216K, used 0K [0x00000000e8000000, 0x0000000100000000, 0x0000000100000000)
 Metaspace       used 21270K, capacity 21655K, committed 21960K, reserved 1069056K
  class space    used 2452K, capacity 2615K, committed 2736K, reserved 1048576K
2017-04-07T07:42:08.786+0200: 2,896: [GC (Allocation Failure) 2017-04-07T07:42:08.786+0200: 2,896: [ParNew
Desired survivor size 20112992 bytes, new threshold 8 (max 8)
- age   1:     798152 bytes,     798152 total
- age   2:    1466896 bytes,    2265048 total
- age   3:     951464 bytes,    3216512 total
- age   4:    6524032 bytes,    9740544 total
: 99461K->12579K(109248K), 0,0104772 secs] 99461K->12579K(502464K), 0,0105419 secs] [Times: user=0,04 sys=0,00, real=0,01 secs] 
Heap after GC invocations=4 (full 1):
 par new generation   total 109248K, used 12579K [0x00000000e0000000, 0x00000000e8000000, 0x00000000e8000000)
  eden space 87424K,   0% used [0x00000000e0000000, 0x00000000e0000000, 0x00000000e5560000)
  from space 21824K,  57% used [0x00000000e5560000, 0x00000000e61a8d70, 0x00000000e6ab0000)
  to   space 21824K,   0% used [0x00000000e6ab0000, 0x00000000e6ab0000, 0x00000000e8000000)
 concurrent mark-sweep generation total 393216K, used 0K [0x00000000e8000000, 0x0000000100000000, 0x0000000100000000)
 Metaspace       used 21270K, capacity 21655K, committed 21960K, reserved 1069056K
  class space    used 2452K, capacity 2615K, committed 2736K, reserved 1048576K
}
2017-04-07T07:42:08.797+0200: 2,907: Total time for which application threads were stopped: 0,0117891 seconds, Stopping threads took: 0,0011128 seconds
2017-04-07T07:42:08.797+0200: 2,907: [CMS-concurrent-abortable-preclean: 0,086/0,117 secs] [Times: user=0,44 sys=0,00, real=0,11 secs] 
2017-04-07T07:42:08.797+0200: 2,907: [GC (CMS Final Remark) [YG occupancy: 13231 K (109248 K)]{Heap before GC invocations=4 (full 1):
 par new generation   total 109248K, used 13231K [0x00000000e0000000, 0x00000000e8000000, 0x00000000e8000000)
  eden space 87424K,   0% used [0x00000000e0000000, 0x00000000e00a3208, 0x00000000e5560000)
  from space 21824K,  57% used [0x00000000e5560000, 0x00000000e61a8d70, 0x00000000e6ab0000)
  to   space 21824K,   0% used [0x00000000e6ab0000, 0x00000000e6ab0000, 0x00000000e8000000)
 concurrent mark-sweep generation total 393216K, used 0K [0x00000000e8000000, 0x0000000100000000, 0x0000000100000000)
 Metaspace       used 21270K, capacity 21655K, committed 21960K, reserved 1069056K
  class space    used 2452K, capacity 2615K, committed 2736K, reserved 1048576K
2017-04-07T07:42:08.797+0200: 2,907: [GC (CMS Final Remark) 2017-04-07T07:42:08.797+0200: 2,907: [ParNew
Desired survivor size 20112992 bytes, new threshold 8 (max 8)
- age   1:       9824 bytes,       9824 total
- age   2:     795960 bytes,     805784 total
- age   3:    1466896 bytes,    2272680 total
- age   4:     951440 bytes,    3224120 total
- age   5:    6524304 bytes,    9748424 total
: 13231K->11776K(109248K), 0,0093031 secs] 13231K->11776K(502464K), 0,0093469 secs] [Times: user=0,02 sys=0,01, real=0,02 secs] 
Heap after GC invocations=5 (full 1):
 par new generation   total 109248K, used 11776K [0x00000000e0000000, 0x00000000e8000000, 0x00000000e8000000)
  eden space 87424K,   0% used [0x00000000e0000000, 0x00000000e0000000, 0x00000000e5560000)
  from space 21824K,  53% used [0x00000000e6ab0000, 0x00000000e7630240, 0x00000000e8000000)
  to   space 21824K,   0% used [0x00000000e5560000, 0x00000000e5560000, 0x00000000e6ab0000)
 concurrent mark-sweep generation total 393216K, used 0K [0x00000000e8000000, 0x0000000100000000, 0x0000000100000000)
 Metaspace       used 21270K, capacity 21655K, committed 21960K, reserved 1069056K
  class space    used 2452K, capacity 2615K, committed 2736K, reserved 1048576K
}
2017-04-07T07:42:08.806+0200: 2,916: [Rescan (parallel) , 0,0032546 secs]2017-04-07T07:42:08.810+0200: 2,919: [weak refs processing, 0,0006350 secs]2017-04-07T07:42:08.810+0200: 2,920: [class unloading, 0,0028315 secs]2017-04-07T07:42:08.813+0200: 2,923: [scrub symbol table, 0,0025766 secs]2017-04-07T07:42:08.816+0200: 2,926: [scrub string table, 0,0003937 secs][1 CMS-remark: 0K(393216K)] 11776K(502464K), 0,0197321 secs] [Times: user=0,05 sys=0,01, real=0,02 secs] 
2017-04-07T07:42:08.817+0200: 2,927: Total time for which application threads were stopped: 0,0198755 seconds, Stopping threads took: 0,0000605 seconds
2017-04-07T07:42:08.817+0200: 2,927: [CMS-concurrent-sweep-start]
2017-04-07T07:42:08.817+0200: 2,927: [CMS-concurrent-sweep: 0,000/0,000 secs] [Times: user=0,00 sys=0,00, real=0,00 secs] 
2017-04-07T07:42:08.817+0200: 2,927: [CMS-concurrent-reset-start]
2017-04-07T07:42:08.823+0200: 2,933: [CMS-concurrent-reset: 0,006/0,006 secs] [Times: user=0,02 sys=0,00, real=0,01 secs] 
{Heap before GC invocations=5 (full 1):
 par new generation   total 109248K, used 99200K [0x00000000e0000000, 0x00000000e8000000, 0x00000000e8000000)
  eden space 87424K, 100% used [0x00000000e0000000, 0x00000000e5560000, 0x00000000e5560000)
  from space 21824K,  53% used [0x00000000e6ab0000, 0x00000000e7630240, 0x00000000e8000000)
  to   space 21824K,   0% used [0x00000000e5560000, 0x00000000e5560000, 0x00000000e6ab0000)
 concurrent mark-sweep generation total 393216K, used 0K [0x00000000e8000000, 0x0000000100000000, 0x0000000100000000)
 Metaspace       used 21394K, capacity 21821K, committed 21960K, reserved 1069056K
  class space    used 2472K, capacity 2648K, committed 2736K, reserved 1048576K
2017-04-07T07:42:08.899+0200: 3,008: [GC (Allocation Failure) 2017-04-07T07:42:08.899+0200: 3,008: [ParNew
Desired survivor size 20112992 bytes, new threshold 8 (max 8)
- age   1:    1058792 bytes,    1058792 total
- age   3:     190496 bytes,    1249288 total
- age   4:    1466504 bytes,    2715792 total
- age   5:     951328 bytes,    3667120 total
- age   6:    6524040 bytes,   10191160 total
: 99200K->14555K(109248K), 0,0094410 secs] 99200K->14555K(502464K), 0,0095193 secs] [Times: user=0,04 sys=0,00, real=0,01 secs] 
Heap after GC invocations=6 (full 1):
 par new generation   total 109248K, used 14555K [0x00000000e0000000, 0x00000000e8000000, 0x00000000e8000000)
  eden space 87424K,   0% used [0x00000000e0000000, 0x00000000e0000000, 0x00000000e5560000)
  from space 21824K,  66% used [0x00000000e5560000, 0x00000000e6396da0, 0x00000000e6ab0000)
  to   space 21824K,   0% used [0x00000000e6ab0000, 0x00000000e6ab0000, 0x00000000e8000000)
 concurrent mark-sweep generation total 393216K, used 0K [0x00000000e8000000, 0x0000000100000000, 0x0000000100000000)
 Metaspace       used 21394K, capacity 21821K, committed 21960K, reserved 1069056K
  class space    used 2472K, capacity 2648K, committed 2736K, reserved 1048576K
}
2017-04-07T07:42:08.908+0200: 3,018: Total time for which application threads were stopped: 0,0097430 seconds, Stopping threads took: 0,0000864 seconds
2017-04-07T07:42:08.955+0200: 3,065: Total time for which application threads were stopped: 0,0003123 seconds, Stopping threads took: 0,0000230 seconds
2017-04-07T07:42:09.147+0200: 3,256: Total time for which application threads were stopped: 0,0017633 seconds, Stopping threads took: 0,0013859 seconds
2017-04-07T07:42:09.167+0200: 3,276: Total time for which application threads were stopped: 0,0004763 seconds, Stopping threads took: 0,0000377 seconds
{Heap before GC invocations=6 (full 1):
 par new generation   total 109248K, used 101979K [0x00000000e0000000, 0x00000000e8000000, 0x00000000e8000000)
  eden space 87424K, 100% used [0x00000000e0000000, 0x00000000e5560000, 0x00000000e5560000)
  from space 21824K,  66% used [0x00000000e5560000, 0x00000000e6396da0, 0x00000000e6ab0000)
  to   space 21824K,   0% used [0x00000000e6ab0000, 0x00000000e6ab0000, 0x00000000e8000000)
 concurrent mark-sweep generation total 393216K, used 0K [0x00000000e8000000, 0x0000000100000000, 0x0000000100000000)
 Metaspace       used 23800K, capacity 24259K, committed 24496K, reserved 1071104K
  class space    used 2801K, capacity 2991K, committed 2992K, reserved 1048576K
2017-04-07T07:42:09.326+0200: 3,435: [GC (Allocation Failure) 2017-04-07T07:42:09.326+0200: 3,435: [ParNew
Desired survivor size 20112992 bytes, new threshold 8 (max 8)
- age   1:    5385440 bytes,    5385440 total
- age   2:     110488 bytes,    5495928 total
- age   4:     189112 bytes,    5685040 total
- age   5:     289000 bytes,    5974040 total
- age   6:     926976 bytes,    6901016 total
- age   7:    6515656 bytes,   13416672 total
: 101979K->15981K(109248K), 0,0191722 secs] 101979K->15981K(502464K), 0,0192547 secs] [Times: user=0,07 sys=0,00, real=0,02 secs] 
Heap after GC invocations=7 (full 1):
 par new generation   total 109248K, used 15981K [0x00000000e0000000, 0x00000000e8000000, 0x00000000e8000000)
  eden space 87424K,   0% used [0x00000000e0000000, 0x00000000e0000000, 0x00000000e5560000)
  from space 21824K,  73% used [0x00000000e6ab0000, 0x00000000e7a4b578, 0x00000000e8000000)
  to   space 21824K,   0% used [0x00000000e5560000, 0x00000000e5560000, 0x00000000e6ab0000)
 concurrent mark-sweep generation total 393216K, used 0K [0x00000000e8000000, 0x0000000100000000, 0x0000000100000000)
 Metaspace       used 23800K, capacity 24259K, committed 24496K, reserved 1071104K
  class space    used 2801K, capacity 2991K, committed 2992K, reserved 1048576K
}
2017-04-07T07:42:09.345+0200: 3,455: Total time for which application threads were stopped: 0,0195635 seconds, Stopping threads took: 0,0000847 seconds
{Heap before GC invocations=7 (full 1):
 par new generation   total 109248K, used 103405K [0x00000000e0000000, 0x00000000e8000000, 0x00000000e8000000)
  eden space 87424K, 100% used [0x00000000e0000000, 0x00000000e5560000, 0x00000000e5560000)
  from space 21824K,  73% used [0x00000000e6ab0000, 0x00000000e7a4b578, 0x00000000e8000000)
  to   space 21824K,   0% used [0x00000000e5560000, 0x00000000e5560000, 0x00000000e6ab0000)
 concurrent mark-sweep generation total 393216K, used 0K [0x00000000e8000000, 0x0000000100000000, 0x0000000100000000)
 Metaspace       used 24121K, capacity 24553K, committed 24880K, reserved 1071104K
  class space    used 2845K, capacity 3024K, committed 3120K, reserved 1048576K
2017-04-07T07:42:09.422+0200: 3,532: [GC (Allocation Failure) 2017-04-07T07:42:09.423+0200: 3,532: [ParNew
Desired survivor size 20112992 bytes, new threshold 8 (max 8)
- age   1:    1844744 bytes,    1844744 total
- age   2:    1813104 bytes,    3657848 total
- age   3:      49728 bytes,    3707576 total
- age   5:     109344 bytes,    3816920 total
- age   6:     192936 bytes,    4009856 total
- age   7:     821152 bytes,    4831008 total
- age   8:    6045184 bytes,   10876192 total
: 103405K->16919K(109248K), 0,0104847 secs] 103405K->16919K(502464K), 0,0105624 secs] [Times: user=0,04 sys=0,01, real=0,01 secs] 
Heap after GC invocations=8 (full 1):
 par new generation   total 109248K, used 16919K [0x00000000e0000000, 0x00000000e8000000, 0x00000000e8000000)
  eden space 87424K,   0% used [0x00000000e0000000, 0x00000000e0000000, 0x00000000e5560000)
  from space 21824K,  77% used [0x00000000e5560000, 0x00000000e65e5d60, 0x00000000e6ab0000)
  to   space 21824K,   0% used [0x00000000e6ab0000, 0x00000000e6ab0000, 0x00000000e8000000)
 concurrent mark-sweep generation total 393216K, used 0K [0x00000000e8000000, 0x0000000100000000, 0x0000000100000000)
 Metaspace       used 24121K, capacity 24553K, committed 24880K, reserved 1071104K
  class space    used 2845K, capacity 3024K, committed 3120K, reserved 1048576K
}
2017-04-07T07:42:09.433+0200: 3,543: Total time for which application threads were stopped: 0,0135538 seconds, Stopping threads took: 0,0028316 seconds
{Heap before GC invocations=8 (full 1):
 par new generation   total 109248K, used 104343K [0x00000000e0000000, 0x00000000e8000000, 0x00000000e8000000)
  eden space 87424K, 100% used [0x00000000e0000000, 0x00000000e5560000, 0x00000000e5560000)
  from space 21824K,  77% used [0x00000000e5560000, 0x00000000e65e5d60, 0x00000000e6ab0000)
  to   space 21824K,   0% used [0x00000000e6ab0000, 0x00000000e6ab0000, 0x00000000e8000000)
 concurrent mark-sweep generation total 393216K, used 0K [0x00000000e8000000, 0x0000000100000000, 0x0000000100000000)
 Metaspace       used 24940K, capacity 25411K, committed 25648K, reserved 1071104K
  class space    used 2911K, capacity 3093K, committed 3120K, reserved 1048576K
2017-04-07T07:42:09.590+0200: 3,700: [GC (Allocation Failure) 2017-04-07T07:42:09.590+0200: 3,700: [ParNew
Desired survivor size 20112992 bytes, new threshold 8 (max 8)
- age   1:    1583560 bytes,    1583560 total
- age   2:     602688 bytes,    2186248 total
- age   3:    1792560 bytes,    3978808 total
- age   4:      49728 bytes,    4028536 total
- age   6:     106600 bytes,    4135136 total
- age   7:     189576 bytes,    4324712 total
- age   8:     819616 bytes,    5144328 total
: 104343K->6843K(109248K), 0,0449042 secs] 104343K->12829K(502464K), 0,0449680 secs] [Times: user=0,09 sys=0,00, real=0,04 secs] 
Heap after GC invocations=9 (full 1):
 par new generation   total 109248K, used 6843K [0x00000000e0000000, 0x00000000e8000000, 0x00000000e8000000)
  eden space 87424K,   0% used [0x00000000e0000000, 0x00000000e0000000, 0x00000000e5560000)
  from space 21824K,  31% used [0x00000000e6ab0000, 0x00000000e715efc8, 0x00000000e8000000)
  to   space 21824K,   0% used [0x00000000e5560000, 0x00000000e5560000, 0x00000000e6ab0000)
 concurrent mark-sweep generation total 393216K, used 5985K [0x00000000e8000000, 0x0000000100000000, 0x0000000100000000)
 Metaspace       used 24940K, capacity 25411K, committed 25648K, reserved 1071104K
  class space    used 2911K, capacity 3093K, committed 3120K, reserved 1048576K
}
2017-04-07T07:42:09.635+0200: 3,745: Total time for which application threads were stopped: 0,0491427 seconds, Stopping threads took: 0,0040090 seconds
2017-04-07T07:42:09.859+0200: 3,969: Total time for which application threads were stopped: 0,0005127 seconds, Stopping threads took: 0,0000361 seconds
2017-04-07T07:42:09.872+0200: 3,982: Total time for which application threads were stopped: 0,0004676 seconds, Stopping threads took: 0,0000302 seconds
2017-04-07T07:42:09.925+0200: 4,034: Total time for which application threads were stopped: 0,0003896 seconds, Stopping threads took: 0,0000204 seconds
2017-04-07T07:42:09.951+0200: 4,060: Total time for which application threads were stopped: 0,0004806 seconds, Stopping threads took: 0,0001046 seconds
2017-04-07T07:42:09.951+0200: 4,061: Total time for which application threads were stopped: 0,0000879 seconds, Stopping threads took: 0,0000247 seconds
2017-04-07T07:42:09.952+0200: 4,062: Total time for which application threads were stopped: 0,0000818 seconds, Stopping threads took: 0,0000242 seconds
2017-04-07T07:42:09.953+0200: 4,063: Total time for which application threads were stopped: 0,0000850 seconds, Stopping threads took: 0,0000207 seconds
2017-04-07T07:42:09.954+0200: 4,064: Total time for which application threads were stopped: 0,0000853 seconds, Stopping threads took: 0,0000253 seconds
2017-04-07T07:42:09.955+0200: 4,065: Total time for which application threads were stopped: 0,0001254 seconds, Stopping threads took: 0,0000463 seconds
2017-04-07T07:42:09.959+0200: 4,068: Total time for which application threads were stopped: 0,0001151 seconds, Stopping threads took: 0,0000455 seconds
2017-04-07T07:42:09.959+0200: 4,068: Total time for which application threads were stopped: 0,0000756 seconds, Stopping threads took: 0,0000231 seconds
2017-04-07T07:42:09.959+0200: 4,069: Total time for which application threads were stopped: 0,0000828 seconds, Stopping threads took: 0,0000326 seconds
2017-04-07T07:42:09.959+0200: 4,069: Total time for which application threads were stopped: 0,0000730 seconds, Stopping threads took: 0,0000233 seconds
2017-04-07T07:42:09.959+0200: 4,069: Total time for which application threads were stopped: 0,0000682 seconds, Stopping threads took: 0,0000206 seconds
2017-04-07T07:42:09.959+0200: 4,069: Total time for which application threads were stopped: 0,0000757 seconds, Stopping threads took: 0,0000210 seconds
2017-04-07T07:42:09.959+0200: 4,069: Total time for which application threads were stopped: 0,0000549 seconds, Stopping threads took: 0,0000117 seconds
2017-04-07T07:42:09.960+0200: 4,069: Total time for which application threads were stopped: 0,0000642 seconds, Stopping threads took: 0,0000182 seconds
2017-04-07T07:42:09.960+0200: 4,069: Total time for which application threads were stopped: 0,0000710 seconds, Stopping threads took: 0,0000175 seconds
2017-04-07T07:42:09.960+0200: 4,070: Total time for which application threads were stopped: 0,0000687 seconds, Stopping threads took: 0,0000197 seconds
2017-04-07T07:42:09.960+0200: 4,070: Total time for which application threads were stopped: 0,0000640 seconds, Stopping threads took: 0,0000113 seconds
2017-04-07T07:42:09.960+0200: 4,070: Total time for which application threads were stopped: 0,0000693 seconds, Stopping threads took: 0,0000179 seconds
2017-04-07T07:42:09.960+0200: 4,070: Total time for which application threads were stopped: 0,0000597 seconds, Stopping threads took: 0,0000143 seconds
2017-04-07T07:42:09.960+0200: 4,070: Total time for which application threads were stopped: 0,0000665 seconds, Stopping threads took: 0,0000168 seconds
2017-04-07T07:42:09.961+0200: 4,071: Total time for which application threads were stopped: 0,0001559 seconds, Stopping threads took: 0,0000438 seconds
2017-04-07T07:42:09.962+0200: 4,072: Total time for which application threads were stopped: 0,0001038 seconds, Stopping threads took: 0,0000345 seconds
2017-04-07T07:42:09.962+0200: 4,072: Total time for which application threads were stopped: 0,0001006 seconds, Stopping threads took: 0,0000306 seconds
2017-04-07T07:42:09.966+0200: 4,076: Total time for which application threads were stopped: 0,0032531 seconds, Stopping threads took: 0,0031898 seconds
2017-04-07T07:42:09.967+0200: 4,077: Total time for which application threads were stopped: 0,0000907 seconds, Stopping threads took: 0,0000274 seconds
2017-04-07T07:42:09.968+0200: 4,078: Total time for which application threads were stopped: 0,0000705 seconds, Stopping threads took: 0,0000145 seconds
2017-04-07T07:42:09.968+0200: 4,078: Total time for which application threads were stopped: 0,0000600 seconds, Stopping threads took: 0,0000100 seconds
2017-04-07T07:42:09.969+0200: 4,078: Total time for which application threads were stopped: 0,0000749 seconds, Stopping threads took: 0,0000286 seconds
2017-04-07T07:42:09.969+0200: 4,079: Total time for which application threads were stopped: 0,0000497 seconds, Stopping threads took: 0,0000095 seconds
2017-04-07T07:42:09.970+0200: 4,079: Total time for which application threads were stopped: 0,0000536 seconds, Stopping threads took: 0,0000086 seconds
2017-04-07T07:42:09.970+0200: 4,080: Total time for which application threads were stopped: 0,0001265 seconds, Stopping threads took: 0,0000627 seconds
2017-04-07T07:42:09.972+0200: 4,082: Total time for which application threads were stopped: 0,0001132 seconds, Stopping threads took: 0,0000373 seconds
2017-04-07T07:42:09.973+0200: 4,083: Total time for which application threads were stopped: 0,0000567 seconds, Stopping threads took: 0,0000107 seconds
2017-04-07T07:42:09.973+0200: 4,083: Total time for which application threads were stopped: 0,0000452 seconds, Stopping threads took: 0,0000094 seconds
2017-04-07T07:42:09.974+0200: 4,083: Total time for which application threads were stopped: 0,0000660 seconds, Stopping threads took: 0,0000243 seconds
2017-04-07T07:42:09.974+0200: 4,084: Total time for which application threads were stopped: 0,0000586 seconds, Stopping threads took: 0,0000180 seconds
2017-04-07T07:42:09.975+0200: 4,084: Total time for which application threads were stopped: 0,0000629 seconds, Stopping threads took: 0,0000154 seconds
2017-04-07T07:42:09.975+0200: 4,085: Total time for which application threads were stopped: 0,0000541 seconds, Stopping threads took: 0,0000155 seconds
2017-04-07T07:42:09.975+0200: 4,085: Total time for which application threads were stopped: 0,0000448 seconds, Stopping threads took: 0,0000109 seconds
2017-04-07T07:42:09.976+0200: 4,085: Total time for which application threads were stopped: 0,0000456 seconds, Stopping threads took: 0,0000118 seconds
2017-04-07T07:42:09.976+0200: 4,086: Total time for which application threads were stopped: 0,0001174 seconds, Stopping threads took: 0,0000110 seconds
2017-04-07T07:42:09.993+0200: 4,103: Total time for which application threads were stopped: 0,0001480 seconds, Stopping threads took: 0,0000476 seconds
2017-04-07T07:42:09.997+0200: 4,106: Total time for which application threads were stopped: 0,0001289 seconds, Stopping threads took: 0,0000453 seconds
{Heap before GC invocations=9 (full 1):
 par new generation   total 109248K, used 92257K [0x00000000e0000000, 0x00000000e8000000, 0x00000000e8000000)
  eden space 87424K,  97% used [0x00000000e0000000, 0x00000000e5369788, 0x00000000e5560000)
  from space 21824K,  31% used [0x00000000e6ab0000, 0x00000000e715efc8, 0x00000000e8000000)
  to   space 21824K,   0% used [0x00000000e5560000, 0x00000000e5560000, 0x00000000e6ab0000)
 concurrent mark-sweep generation total 393216K, used 5985K [0x00000000e8000000, 0x0000000100000000, 0x0000000100000000)
 Metaspace       used 27674K, capacity 28305K, committed 28464K, reserved 1075200K
  class space    used 3178K, capacity 3370K, committed 3376K, reserved 1048576K
2017-04-07T07:42:10.010+0200: 4,119: [GC (Allocation Failure) 2017-04-07T07:42:10.010+0200: 4,119: [ParNew
Desired survivor size 20112992 bytes, new threshold 8 (max 8)
- age   1:    8176288 bytes,    8176288 total
- age   2:     703200 bytes,    8879488 total
- age   3:     205184 bytes,    9084672 total
- age   4:    1788384 bytes,   10873056 total
- age   5:      49728 bytes,   10922784 total
- age   7:     106584 bytes,   11029368 total
- age   8:     189496 bytes,   11218864 total
: 92257K->13010K(109248K), 0,0128159 secs] 98243K->19892K(502464K), 0,0128724 secs] [Times: user=0,04 sys=0,01, real=0,01 secs] 
Heap after GC invocations=10 (full 1):
 par new generation   total 109248K, used 13010K [0x00000000e0000000, 0x00000000e8000000, 0x00000000e8000000)
  eden space 87424K,   0% used [0x00000000e0000000, 0x00000000e0000000, 0x00000000e5560000)
  from space 21824K,  59% used [0x00000000e5560000, 0x00000000e6214b80, 0x00000000e6ab0000)
  to   space 21824K,   0% used [0x00000000e6ab0000, 0x00000000e6ab0000, 0x00000000e8000000)
 concurrent mark-sweep generation total 393216K, used 6882K [0x00000000e8000000, 0x0000000100000000, 0x0000000100000000)
 Metaspace       used 27674K, capacity 28305K, committed 28464K, reserved 1075200K
  class space    used 3178K, capacity 3370K, committed 3376K, reserved 1048576K
}
2017-04-07T07:42:10.022+0200: 4,132: Total time for which application threads were stopped: 0,0137523 seconds, Stopping threads took: 0,0007167 seconds
2017-04-07T07:42:10.039+0200: 4,149: Total time for which application threads were stopped: 0,0001459 seconds, Stopping threads took: 0,0000532 seconds
2017-04-07T07:42:10.040+0200: 4,150: Total time for which application threads were stopped: 0,0004604 seconds, Stopping threads took: 0,0000277 seconds
2017-04-07T07:42:10.040+0200: 4,150: Total time for which application threads were stopped: 0,0001189 seconds, Stopping threads took: 0,0000285 seconds
2017-04-07T07:42:11.041+0200: 5,150: Total time for which application threads were stopped: 0,0000746 seconds, Stopping threads took: 0,0000152 seconds
2017-04-07T07:42:12.041+0200: 6,151: Total time for which application threads were stopped: 0,0000638 seconds, Stopping threads took: 0,0000154 seconds
2017-04-07T07:42:28.043+0200: 22,153: Total time for which application threads were stopped: 0,0008473 seconds, Stopping threads took: 0,0004252 seconds
2017-04-07T07:42:38.045+0200: 32,155: Total time for which application threads were stopped: 0,0005379 seconds, Stopping threads took: 0,0001065 seconds
2017-04-07T07:43:33.051+0200: 87,161: Total time for which application threads were stopped: 0,0000816 seconds, Stopping threads took: 0,0000325 seconds
2017-04-07T07:44:08.055+0200: 122,165: Total time for which application threads were stopped: 0,0000813 seconds, Stopping threads took: 0,0000321 seconds
2017-04-07T07:44:13.055+0200: 127,165: Total time for which application threads were stopped: 0,0001074 seconds, Stopping threads took: 0,0000248 seconds
2017-04-07T07:45:07.061+0200: 181,170: Total time for which application threads were stopped: 0,0000913 seconds, Stopping threads took: 0,0000367 seconds
2017-04-07T07:46:37.070+0200: 271,180: Total time for which application threads were stopped: 0,0000934 seconds, Stopping threads took: 0,0000289 seconds
2017-04-07T07:46:38.070+0200: 272,180: Total time for which application threads were stopped: 0,0000660 seconds, Stopping threads took: 0,0000148 seconds
2017-04-07T07:46:43.071+0200: 277,181: Total time for which application threads were stopped: 0,0000805 seconds, Stopping threads took: 0,0000159 seconds
2017-04-07T08:05:37.190+0200: 1411,300: Total time for which application threads were stopped: 0,0000935 seconds, Stopping threads took: 0,0000307 seconds
2017-04-07T08:09:38.217+0200: 1652,326: Total time for which application threads were stopped: 0,0000893 seconds, Stopping threads took: 0,0000313 seconds
2017-04-07T08:10:27.222+0200: 1701,331: Total time for which application threads were stopped: 0,0001177 seconds, Stopping threads took: 0,0000432 seconds
2017-04-07T08:20:28.287+0200: 2302,397: Total time for which application threads were stopped: 0,0000908 seconds, Stopping threads took: 0,0000333 seconds
2017-04-07T08:20:32.288+0200: 2306,397: Total time for which application threads were stopped: 0,0000651 seconds, Stopping threads took: 0,0000146 seconds
2017-04-07T08:35:23.421+0200: 3197,531: Total time for which application threads were stopped: 0,0000877 seconds, Stopping threads took: 0,0000371 seconds
2017-04-07T08:37:12.552+0200: 3306,662: Total time for which application threads were stopped: 0,0048067 seconds, Stopping threads took: 0,0046944 seconds
2017-04-07T08:37:12.553+0200: 3306,663: Total time for which application threads were stopped: 0,0001575 seconds, Stopping threads took: 0,0000361 seconds
2017-04-07T08:37:12.583+0200: 3306,693: Total time for which application threads were stopped: 0,0001044 seconds, Stopping threads took: 0,0000221 seconds
2017-04-07T08:37:12.586+0200: 3306,696: Total time for which application threads were stopped: 0,0002800 seconds, Stopping threads took: 0,0001759 seconds
2017-04-07T08:37:12.589+0200: 3306,699: Total time for which application threads were stopped: 0,0000962 seconds, Stopping threads took: 0,0000220 seconds
2017-04-07T08:37:12.590+0200: 3306,700: Total time for which application threads were stopped: 0,0001068 seconds, Stopping threads took: 0,0000132 seconds
Heap
 par new generation   total 109248K, used 45719K [0x00000000e0000000, 0x00000000e8000000, 0x00000000e8000000)
  eden space 87424K,  37% used [0x00000000e0000000, 0x00000000e1ff1110, 0x00000000e5560000)
  from space 21824K,  59% used [0x00000000e5560000, 0x00000000e6214b80, 0x00000000e6ab0000)
  to   space 21824K,   0% used [0x00000000e6ab0000, 0x00000000e6ab0000, 0x00000000e8000000)
 concurrent mark-sweep generation total 393216K, used 6882K [0x00000000e8000000, 0x0000000100000000, 0x0000000100000000)
 Metaspace       used 28130K, capacity 28707K, committed 28848K, reserved 1075200K
  class space    used 3236K, capacity 3437K, committed 3504K, reserved 1048576K
