OpenJDK 64-Bit Server VM (25.111-b14) for linux-amd64 JRE (1.8.0_111-8u111-b14-2ubuntu0.16.04.2-b14), built on Oct 27 2016 18:10:19 by "buildd" with gcc 5.4.0 20160609
Memory: 4k page, physical 7867840k(7527504k free), swap 8076284k(8076284k free)
CommandLine flags: -XX:CMSInitiatingOccupancyFraction=50 -XX:CMSMaxAbortablePrecleanTime=6000 -XX:+CMSParallelRemarkEnabled -XX:+CMSScavengeBeforeRemark -XX:ConcGCThreads=4 -XX:InitialHeapSize=536870912 -XX:MaxHeapSize=536870912 -XX:MaxTenuringThreshold=8 -XX:NewRatio=3 -XX:OldPLABSize=16 -XX:OnOutOfMemoryError=/opt/solr/bin/oom_solr.sh 8983 /var/solr/logs -XX:ParallelGCThreads=4 -XX:+ParallelRefProcEnabled -XX:PretenureSizeThreshold=67108864 -XX:+PrintGC -XX:+PrintGCApplicationStoppedTime -XX:+PrintGCDateStamps -XX:+PrintGCDetails -XX:+PrintGCTimeStamps -XX:+PrintHeapAtGC -XX:+PrintTenuringDistribution -XX:SurvivorRatio=4 -XX:TargetSurvivorRatio=90 -XX:ThreadStackSize=256 -XX:+UseCMSInitiatingOccupancyOnly -XX:+UseCompressedClassPointers -XX:+UseCompressedOops -XX:+UseConcMarkSweepGC -XX:+UseParNewGC 
2016-12-20T22:29:20.678+0100: 0,119: Total time for which application threads were stopped: 0,0000671 seconds, Stopping threads took: 0,0000097 seconds
2016-12-20T22:29:20.765+0100: 0,207: Total time for which application threads were stopped: 0,0005721 seconds, Stopping threads took: 0,0004822 seconds
2016-12-20T22:29:20.780+0100: 0,221: Total time for which application threads were stopped: 0,0001028 seconds, Stopping threads took: 0,0000155 seconds
2016-12-20T22:29:20.981+0100: 0,423: Total time for which application threads were stopped: 0,0001244 seconds, Stopping threads took: 0,0000217 seconds
2016-12-20T22:29:21.446+0100: 0,888: Total time for which application threads were stopped: 0,0001843 seconds, Stopping threads took: 0,0000271 seconds
2016-12-20T22:29:21.565+0100: 1,006: Total time for which application threads were stopped: 0,0007807 seconds, Stopping threads took: 0,0000675 seconds
2016-12-20T22:29:21.594+0100: 1,036: Total time for which application threads were stopped: 0,0002279 seconds, Stopping threads took: 0,0000226 seconds
2016-12-20T22:29:21.893+0100: 1,335: Total time for which application threads were stopped: 0,0002015 seconds, Stopping threads took: 0,0000212 seconds
2016-12-20T22:29:22.199+0100: 1,641: Total time for which application threads were stopped: 0,0002009 seconds, Stopping threads took: 0,0000253 seconds
2016-12-20T22:29:22.226+0100: 1,668: Total time for which application threads were stopped: 0,0001829 seconds, Stopping threads took: 0,0000238 seconds
2016-12-20T22:29:22.227+0100: 1,669: Total time for which application threads were stopped: 0,0001089 seconds, Stopping threads took: 0,0000058 seconds
2016-12-20T22:29:22.241+0100: 1,683: Total time for which application threads were stopped: 0,0001777 seconds, Stopping threads took: 0,0000227 seconds
2016-12-20T22:29:22.320+0100: 1,762: Total time for which application threads were stopped: 0,0002226 seconds, Stopping threads took: 0,0000193 seconds
2016-12-20T22:29:22.458+0100: 1,900: Total time for which application threads were stopped: 0,0002376 seconds, Stopping threads took: 0,0000553 seconds
{Heap before GC invocations=0 (full 0):
 par new generation   total 109248K, used 87424K [0x00000000e0000000, 0x00000000e8000000, 0x00000000e8000000)
  eden space 87424K, 100% used [0x00000000e0000000, 0x00000000e5560000, 0x00000000e5560000)
  from space 21824K,   0% used [0x00000000e5560000, 0x00000000e5560000, 0x00000000e6ab0000)
  to   space 21824K,   0% used [0x00000000e6ab0000, 0x00000000e6ab0000, 0x00000000e8000000)
 concurrent mark-sweep generation total 393216K, used 0K [0x00000000e8000000, 0x0000000100000000, 0x0000000100000000)
 Metaspace       used 18359K, capacity 18686K, committed 18944K, reserved 1067008K
  class space    used 2091K, capacity 2226K, committed 2304K, reserved 1048576K
2016-12-20T22:29:22.583+0100: 2,025: [GC (Allocation Failure) 2016-12-20T22:29:22.583+0100: 2,025: [ParNew
Desired survivor size 20112992 bytes, new threshold 8 (max 8)
- age   1:   12577512 bytes,   12577512 total
: 87424K->12401K(109248K), 0,0165194 secs] 87424K->12401K(502464K), 0,0166107 secs] [Times: user=0,05 sys=0,00, real=0,02 secs] 
Heap after GC invocations=1 (full 0):
 par new generation   total 109248K, used 12401K [0x00000000e0000000, 0x00000000e8000000, 0x00000000e8000000)
  eden space 87424K,   0% used [0x00000000e0000000, 0x00000000e0000000, 0x00000000e5560000)
  from space 21824K,  56% used [0x00000000e6ab0000, 0x00000000e76cc698, 0x00000000e8000000)
  to   space 21824K,   0% used [0x00000000e5560000, 0x00000000e5560000, 0x00000000e6ab0000)
 concurrent mark-sweep generation total 393216K, used 0K [0x00000000e8000000, 0x0000000100000000, 0x0000000100000000)
 Metaspace       used 18359K, capacity 18686K, committed 18944K, reserved 1067008K
  class space    used 2091K, capacity 2226K, committed 2304K, reserved 1048576K
}
2016-12-20T22:29:22.600+0100: 2,041: Total time for which application threads were stopped: 0,0167952 seconds, Stopping threads took: 0,0000193 seconds
2016-12-20T22:29:22.763+0100: 2,205: Total time for which application threads were stopped: 0,0003090 seconds, Stopping threads took: 0,0000215 seconds
2016-12-20T22:29:22.797+0100: 2,238: Total time for which application threads were stopped: 0,0002919 seconds, Stopping threads took: 0,0000371 seconds
2016-12-20T22:29:22.826+0100: 2,267: Total time for which application threads were stopped: 0,0002769 seconds, Stopping threads took: 0,0000288 seconds
{Heap before GC invocations=1 (full 0):
 par new generation   total 109248K, used 99825K [0x00000000e0000000, 0x00000000e8000000, 0x00000000e8000000)
  eden space 87424K, 100% used [0x00000000e0000000, 0x00000000e5560000, 0x00000000e5560000)
  from space 21824K,  56% used [0x00000000e6ab0000, 0x00000000e76cc698, 0x00000000e8000000)
  to   space 21824K,   0% used [0x00000000e5560000, 0x00000000e5560000, 0x00000000e6ab0000)
 concurrent mark-sweep generation total 393216K, used 0K [0x00000000e8000000, 0x0000000100000000, 0x0000000100000000)
 Metaspace       used 20731K, capacity 21020K, committed 21248K, reserved 1069056K
  class space    used 2405K, capacity 2518K, committed 2560K, reserved 1048576K
2016-12-20T22:29:22.995+0100: 2,437: [GC (Allocation Failure) 2016-12-20T22:29:22.995+0100: 2,437: [ParNew
Desired survivor size 20112992 bytes, new threshold 8 (max 8)
- age   1:    2769336 bytes,    2769336 total
- age   2:    6140304 bytes,    8909640 total
: 99825K->13287K(109248K), 0,0162887 secs] 99825K->13287K(502464K), 0,0163697 secs] [Times: user=0,06 sys=0,00, real=0,02 secs] 
Heap after GC invocations=2 (full 0):
 par new generation   total 109248K, used 13287K [0x00000000e0000000, 0x00000000e8000000, 0x00000000e8000000)
  eden space 87424K,   0% used [0x00000000e0000000, 0x00000000e0000000, 0x00000000e5560000)
  from space 21824K,  60% used [0x00000000e5560000, 0x00000000e6259fa8, 0x00000000e6ab0000)
  to   space 21824K,   0% used [0x00000000e6ab0000, 0x00000000e6ab0000, 0x00000000e8000000)
 concurrent mark-sweep generation total 393216K, used 0K [0x00000000e8000000, 0x0000000100000000, 0x0000000100000000)
 Metaspace       used 20731K, capacity 21020K, committed 21248K, reserved 1069056K
  class space    used 2405K, capacity 2518K, committed 2560K, reserved 1048576K
}
2016-12-20T22:29:23.011+0100: 2,453: Total time for which application threads were stopped: 0,0165835 seconds, Stopping threads took: 0,0000458 seconds
2016-12-20T22:29:23.060+0100: 2,502: Total time for which application threads were stopped: 0,0000756 seconds, Stopping threads took: 0,0000142 seconds
2016-12-20T22:29:23.096+0100: 2,538: Total time for which application threads were stopped: 0,0000840 seconds, Stopping threads took: 0,0000145 seconds
2016-12-20T22:29:23.097+0100: 2,538: Total time for which application threads were stopped: 0,0002439 seconds, Stopping threads took: 0,0000192 seconds
2016-12-20T22:29:23.123+0100: 2,565: Total time for which application threads were stopped: 0,0000965 seconds, Stopping threads took: 0,0000401 seconds
2016-12-20T22:29:23.200+0100: 2,642: Total time for which application threads were stopped: 0,0001383 seconds, Stopping threads took: 0,0000265 seconds
2016-12-20T22:29:23.219+0100: 2,661: Total time for which application threads were stopped: 0,0000949 seconds, Stopping threads took: 0,0000278 seconds
2016-12-20T22:29:23.227+0100: 2,668: Total time for which application threads were stopped: 0,0002663 seconds, Stopping threads took: 0,0000164 seconds
2016-12-20T22:29:23.233+0100: 2,675: Total time for which application threads were stopped: 0,0002805 seconds, Stopping threads took: 0,0000211 seconds
2016-12-20T22:29:23.235+0100: 2,677: Total time for which application threads were stopped: 0,0000887 seconds, Stopping threads took: 0,0000414 seconds
2016-12-20T22:29:23.273+0100: 2,715: Total time for which application threads were stopped: 0,0000680 seconds, Stopping threads took: 0,0000126 seconds
2016-12-20T22:29:23.289+0100: 2,731: Total time for which application threads were stopped: 0,0000790 seconds, Stopping threads took: 0,0000227 seconds
2016-12-20T22:29:23.309+0100: 2,750: Total time for which application threads were stopped: 0,0000734 seconds, Stopping threads took: 0,0000134 seconds
2016-12-20T22:29:23.325+0100: 2,767: Total time for which application threads were stopped: 0,0000710 seconds, Stopping threads took: 0,0000130 seconds
2016-12-20T22:29:23.360+0100: 2,801: Total time for which application threads were stopped: 0,0001313 seconds, Stopping threads took: 0,0000264 seconds
2016-12-20T22:29:23.415+0100: 2,857: Total time for which application threads were stopped: 0,0001107 seconds, Stopping threads took: 0,0000265 seconds
2016-12-20T22:29:23.451+0100: 2,893: Total time for which application threads were stopped: 0,0001581 seconds, Stopping threads took: 0,0000447 seconds
2016-12-20T22:29:23.452+0100: 2,894: Total time for which application threads were stopped: 0,0003786 seconds, Stopping threads took: 0,0000574 seconds
2016-12-20T22:29:23.497+0100: 2,939: Total time for which application threads were stopped: 0,0001542 seconds, Stopping threads took: 0,0000414 seconds
{Heap before GC invocations=2 (full 0):
 par new generation   total 109248K, used 100711K [0x00000000e0000000, 0x00000000e8000000, 0x00000000e8000000)
  eden space 87424K, 100% used [0x00000000e0000000, 0x00000000e5560000, 0x00000000e5560000)
  from space 21824K,  60% used [0x00000000e5560000, 0x00000000e6259fa8, 0x00000000e6ab0000)
  to   space 21824K,   0% used [0x00000000e6ab0000, 0x00000000e6ab0000, 0x00000000e8000000)
 concurrent mark-sweep generation total 393216K, used 0K [0x00000000e8000000, 0x0000000100000000, 0x0000000100000000)
 Metaspace       used 25129K, capacity 25508K, committed 25868K, reserved 1073152K
  class space    used 2924K, capacity 3056K, committed 3092K, reserved 1048576K
2016-12-20T22:29:23.500+0100: 2,942: [GC (Allocation Failure) 2016-12-20T22:29:23.500+0100: 2,942: [ParNew
Desired survivor size 20112992 bytes, new threshold 8 (max 8)
- age   1:    6929416 bytes,    6929416 total
- age   2:     515608 bytes,    7445024 total
- age   3:    6123400 bytes,   13568424 total
: 100711K->15531K(109248K), 0,0194584 secs] 100711K->15531K(502464K), 0,0195163 secs] [Times: user=0,06 sys=0,01, real=0,02 secs] 
Heap after GC invocations=3 (full 0):
 par new generation   total 109248K, used 15531K [0x00000000e0000000, 0x00000000e8000000, 0x00000000e8000000)
  eden space 87424K,   0% used [0x00000000e0000000, 0x00000000e0000000, 0x00000000e5560000)
  from space 21824K,  71% used [0x00000000e6ab0000, 0x00000000e79dae18, 0x00000000e8000000)
  to   space 21824K,   0% used [0x00000000e5560000, 0x00000000e5560000, 0x00000000e6ab0000)
 concurrent mark-sweep generation total 393216K, used 0K [0x00000000e8000000, 0x0000000100000000, 0x0000000100000000)
 Metaspace       used 25129K, capacity 25508K, committed 25868K, reserved 1073152K
  class space    used 2924K, capacity 3056K, committed 3092K, reserved 1048576K
}
2016-12-20T22:29:23.520+0100: 2,961: Total time for which application threads were stopped: 0,0197312 seconds, Stopping threads took: 0,0000377 seconds
2016-12-20T22:29:23.520+0100: 2,962: [GC (CMS Initial Mark) [1 CMS-initial-mark: 0K(393216K)] 16948K(502464K), 0,0038873 secs] [Times: user=0,01 sys=0,00, real=0,00 secs] 
2016-12-20T22:29:23.524+0100: 2,965: Total time for which application threads were stopped: 0,0040045 seconds, Stopping threads took: 0,0000334 seconds
2016-12-20T22:29:23.524+0100: 2,966: [CMS-concurrent-mark-start]
2016-12-20T22:29:23.524+0100: 2,966: [CMS-concurrent-mark: 0,000/0,000 secs] [Times: user=0,00 sys=0,00, real=0,00 secs] 
2016-12-20T22:29:23.524+0100: 2,966: [CMS-concurrent-preclean-start]
2016-12-20T22:29:23.525+0100: 2,967: [CMS-concurrent-preclean: 0,001/0,001 secs] [Times: user=0,01 sys=0,00, real=0,00 secs] 
2016-12-20T22:29:23.525+0100: 2,967: [GC (CMS Final Remark) [YG occupancy: 16948 K (109248 K)]{Heap before GC invocations=3 (full 1):
 par new generation   total 109248K, used 16948K [0x00000000e0000000, 0x00000000e8000000, 0x00000000e8000000)
  eden space 87424K,   1% used [0x00000000e0000000, 0x00000000e01622a0, 0x00000000e5560000)
  from space 21824K,  71% used [0x00000000e6ab0000, 0x00000000e79dae18, 0x00000000e8000000)
  to   space 21824K,   0% used [0x00000000e5560000, 0x00000000e5560000, 0x00000000e6ab0000)
 concurrent mark-sweep generation total 393216K, used 0K [0x00000000e8000000, 0x0000000100000000, 0x0000000100000000)
 Metaspace       used 25129K, capacity 25508K, committed 25868K, reserved 1073152K
  class space    used 2924K, capacity 3056K, committed 3092K, reserved 1048576K
2016-12-20T22:29:23.525+0100: 2,967: [GC (CMS Final Remark) 2016-12-20T22:29:23.525+0100: 2,967: [ParNew
Desired survivor size 20112992 bytes, new threshold 8 (max 8)
- age   1:      10536 bytes,      10536 total
- age   2:    4634768 bytes,    4645304 total
- age   3:     515368 bytes,    5160672 total
- age   4:    6121600 bytes,   11282272 total
: 16948K->18831K(109248K), 0,0157581 secs] 16948K->18831K(502464K), 0,0158029 secs] [Times: user=0,05 sys=0,00, real=0,02 secs] 
Heap after GC invocations=4 (full 1):
 par new generation   total 109248K, used 18831K [0x00000000e0000000, 0x00000000e8000000, 0x00000000e8000000)
  eden space 87424K,   0% used [0x00000000e0000000, 0x00000000e0000000, 0x00000000e5560000)
  from space 21824K,  86% used [0x00000000e5560000, 0x00000000e67c3c28, 0x00000000e6ab0000)
  to   space 21824K,   0% used [0x00000000e6ab0000, 0x00000000e6ab0000, 0x00000000e8000000)
 concurrent mark-sweep generation total 393216K, used 0K [0x00000000e8000000, 0x0000000100000000, 0x0000000100000000)
 Metaspace       used 25129K, capacity 25508K, committed 25868K, reserved 1073152K
  class space    used 2924K, capacity 3056K, committed 3092K, reserved 1048576K
}
2016-12-20T22:29:23.541+0100: 2,983: [Rescan (parallel) , 0,0052324 secs]2016-12-20T22:29:23.546+0100: 2,988: [weak refs processing, 0,0027066 secs]2016-12-20T22:29:23.549+0100: 2,991: [class unloading, 0,0032561 secs]2016-12-20T22:29:23.552+0100: 2,994: [scrub symbol table, 0,0033724 secs]2016-12-20T22:29:23.556+0100: 2,997: [scrub string table, 0,0004137 secs][1 CMS-remark: 0K(393216K)] 18831K(502464K), 0,0315070 secs] [Times: user=0,09 sys=0,00, real=0,03 secs] 
2016-12-20T22:29:23.557+0100: 2,998: Total time for which application threads were stopped: 0,0316099 seconds, Stopping threads took: 0,0000306 seconds
2016-12-20T22:29:23.557+0100: 2,998: [CMS-concurrent-sweep-start]
2016-12-20T22:29:23.557+0100: 2,998: [CMS-concurrent-sweep: 0,000/0,000 secs] [Times: user=0,00 sys=0,00, real=0,00 secs] 
2016-12-20T22:29:23.557+0100: 2,998: [CMS-concurrent-reset-start]
2016-12-20T22:29:23.562+0100: 3,004: [CMS-concurrent-reset: 0,005/0,005 secs] [Times: user=0,02 sys=0,00, real=0,01 secs] 
2016-12-20T22:29:23.600+0100: 3,042: Total time for which application threads were stopped: 0,0003484 seconds, Stopping threads took: 0,0000393 seconds
2016-12-20T22:29:23.619+0100: 3,061: Total time for which application threads were stopped: 0,0004453 seconds, Stopping threads took: 0,0000203 seconds
2016-12-20T22:29:24.606+0100: 4,048: Total time for which application threads were stopped: 0,0002983 seconds, Stopping threads took: 0,0000163 seconds
2016-12-20T22:29:52.609+0100: 32,051: Total time for which application threads were stopped: 0,0001275 seconds, Stopping threads took: 0,0000600 seconds
2016-12-20T22:32:07.623+0100: 167,064: Total time for which application threads were stopped: 0,0000730 seconds, Stopping threads took: 0,0000312 seconds
2016-12-20T22:33:02.628+0100: 222,070: Total time for which application threads were stopped: 0,0000699 seconds, Stopping threads took: 0,0000280 seconds
2016-12-20T22:33:46.633+0100: 266,075: Total time for which application threads were stopped: 0,0000728 seconds, Stopping threads took: 0,0000321 seconds
2016-12-20T22:33:51.634+0100: 271,076: Total time for which application threads were stopped: 0,0000638 seconds, Stopping threads took: 0,0000169 seconds
2016-12-20T22:34:02.636+0100: 282,077: Total time for which application threads were stopped: 0,0000608 seconds, Stopping threads took: 0,0000166 seconds
2016-12-20T22:34:07.636+0100: 287,078: Total time for which application threads were stopped: 0,0000884 seconds, Stopping threads took: 0,0000381 seconds
2016-12-20T22:34:42.641+0100: 322,083: Total time for which application threads were stopped: 0,0005569 seconds, Stopping threads took: 0,0002236 seconds
2016-12-20T22:35:36.648+0100: 376,090: Total time for which application threads were stopped: 0,0000688 seconds, Stopping threads took: 0,0000269 seconds
2016-12-20T22:53:01.768+0100: 1421,210: Total time for which application threads were stopped: 0,0000822 seconds, Stopping threads took: 0,0000285 seconds
2016-12-20T22:56:47.796+0100: 1647,237: Total time for which application threads were stopped: 0,0000806 seconds, Stopping threads took: 0,0000329 seconds
2016-12-20T22:58:01.804+0100: 1721,245: Total time for which application threads were stopped: 0,0000825 seconds, Stopping threads took: 0,0000359 seconds
2016-12-20T23:08:01.876+0100: 2321,317: Total time for which application threads were stopped: 0,0003873 seconds, Stopping threads took: 0,0002018 seconds
2016-12-20T23:08:02.876+0100: 2322,318: Total time for which application threads were stopped: 0,0000611 seconds, Stopping threads took: 0,0000154 seconds
2016-12-20T23:22:37.972+0100: 3197,414: Total time for which application threads were stopped: 0,0003306 seconds, Stopping threads took: 0,0001316 seconds
2016-12-20T23:33:12.054+0100: 3831,495: Total time for which application threads were stopped: 0,0004391 seconds, Stopping threads took: 0,0001909 seconds
2016-12-20T23:33:17.054+0100: 3836,496: Total time for which application threads were stopped: 0,0000561 seconds, Stopping threads took: 0,0000148 seconds
2016-12-20T23:36:22.074+0100: 4021,516: Total time for which application threads were stopped: 0,0001621 seconds, Stopping threads took: 0,0000577 seconds
2016-12-21T00:16:43.336+0100: 6442,777: Total time for which application threads were stopped: 0,0000774 seconds, Stopping threads took: 0,0000316 seconds
2016-12-21T00:17:18.339+0100: 6477,781: Total time for which application threads were stopped: 0,0000881 seconds, Stopping threads took: 0,0000318 seconds
2016-12-21T00:21:12.757+0100: 6712,199: Total time for which application threads were stopped: 0,0008666 seconds, Stopping threads took: 0,0007525 seconds
Heap
 par new generation   total 109248K, used 62719K [0x00000000e0000000, 0x00000000e8000000, 0x00000000e8000000)
  eden space 87424K,  50% used [0x00000000e0000000, 0x00000000e2adc358, 0x00000000e5560000)
  from space 21824K,  86% used [0x00000000e5560000, 0x00000000e67c3c28, 0x00000000e6ab0000)
  to   space 21824K,   0% used [0x00000000e6ab0000, 0x00000000e6ab0000, 0x00000000e8000000)
 concurrent mark-sweep generation total 393216K, used 0K [0x00000000e8000000, 0x0000000100000000, 0x0000000100000000)
 Metaspace       used 27257K, capacity 27724K, committed 27916K, reserved 1073152K
  class space    used 3168K, capacity 3320K, committed 3348K, reserved 1048576K
