OpenJDK 64-Bit Server VM (25.121-b13) for linux-amd64 JRE (1.8.0_121-8u121-b13-0ubuntu1.16.04.2-b13), built on Jan 23 2017 15:51:29 by "buildd" with gcc 5.4.0 20160609
Memory: 4k page, physical 7867760k(7451388k free), swap 8076284k(8076284k free)
CommandLine flags: -XX:CMSInitiatingOccupancyFraction=50 -XX:CMSMaxAbortablePrecleanTime=6000 -XX:+CMSParallelRemarkEnabled -XX:+CMSScavengeBeforeRemark -XX:ConcGCThreads=4 -XX:InitialHeapSize=536870912 -XX:MaxHeapSize=536870912 -XX:MaxTenuringThreshold=8 -XX:NewRatio=3 -XX:OldPLABSize=16 -XX:OnOutOfMemoryError=/opt/solr/bin/oom_solr.sh 8983 /var/solr/logs -XX:ParallelGCThreads=4 -XX:+ParallelRefProcEnabled -XX:PretenureSizeThreshold=67108864 -XX:+PrintGC -XX:+PrintGCApplicationStoppedTime -XX:+PrintGCDateStamps -XX:+PrintGCDetails -XX:+PrintGCTimeStamps -XX:+PrintHeapAtGC -XX:+PrintTenuringDistribution -XX:SurvivorRatio=4 -XX:TargetSurvivorRatio=90 -XX:ThreadStackSize=256 -XX:+UseCMSInitiatingOccupancyOnly -XX:+UseCompressedClassPointers -XX:+UseCompressedOops -XX:+UseConcMarkSweepGC -XX:+UseParNewGC 
2017-03-24T06:07:16.598+0100: 0,119: Total time for which application threads were stopped: 0,0000696 seconds, Stopping threads took: 0,0000131 seconds
2017-03-24T06:07:16.676+0100: 0,197: Total time for which application threads were stopped: 0,0000933 seconds, Stopping threads took: 0,0000128 seconds
2017-03-24T06:07:16.688+0100: 0,209: Total time for which application threads were stopped: 0,0001025 seconds, Stopping threads took: 0,0000202 seconds
2017-03-24T06:07:16.915+0100: 0,436: Total time for which application threads were stopped: 0,0001159 seconds, Stopping threads took: 0,0000105 seconds
2017-03-24T06:07:17.336+0100: 0,857: Total time for which application threads were stopped: 0,0001445 seconds, Stopping threads took: 0,0000223 seconds
2017-03-24T06:07:17.477+0100: 0,998: Total time for which application threads were stopped: 0,0003311 seconds, Stopping threads took: 0,0001533 seconds
2017-03-24T06:07:17.503+0100: 1,024: Total time for which application threads were stopped: 0,0001972 seconds, Stopping threads took: 0,0000404 seconds
2017-03-24T06:07:17.820+0100: 1,341: Total time for which application threads were stopped: 0,0006842 seconds, Stopping threads took: 0,0000216 seconds
2017-03-24T06:07:18.040+0100: 1,561: Total time for which application threads were stopped: 0,0003294 seconds, Stopping threads took: 0,0000223 seconds
2017-03-24T06:07:18.061+0100: 1,582: Total time for which application threads were stopped: 0,0001708 seconds, Stopping threads took: 0,0000230 seconds
2017-03-24T06:07:18.111+0100: 1,632: Total time for which application threads were stopped: 0,0001841 seconds, Stopping threads took: 0,0000172 seconds
2017-03-24T06:07:18.112+0100: 1,633: Total time for which application threads were stopped: 0,0001376 seconds, Stopping threads took: 0,0000136 seconds
2017-03-24T06:07:18.130+0100: 1,651: Total time for which application threads were stopped: 0,0001831 seconds, Stopping threads took: 0,0000168 seconds
2017-03-24T06:07:18.216+0100: 1,737: Total time for which application threads were stopped: 0,0002068 seconds, Stopping threads took: 0,0000233 seconds
2017-03-24T06:07:18.415+0100: 1,936: Total time for which application threads were stopped: 0,0003041 seconds, Stopping threads took: 0,0000743 seconds
{Heap before GC invocations=0 (full 0):
 par new generation   total 109248K, used 87424K [0x00000000e0000000, 0x00000000e8000000, 0x00000000e8000000)
  eden space 87424K, 100% used [0x00000000e0000000, 0x00000000e5560000, 0x00000000e5560000)
  from space 21824K,   0% used [0x00000000e5560000, 0x00000000e5560000, 0x00000000e6ab0000)
  to   space 21824K,   0% used [0x00000000e6ab0000, 0x00000000e6ab0000, 0x00000000e8000000)
 concurrent mark-sweep generation total 393216K, used 0K [0x00000000e8000000, 0x0000000100000000, 0x0000000100000000)
 Metaspace       used 17997K, capacity 18336K, committed 18688K, reserved 1064960K
  class space    used 2035K, capacity 2196K, committed 2304K, reserved 1048576K
2017-03-24T06:07:18.478+0100: 1,999: [GC (Allocation Failure) 2017-03-24T06:07:18.478+0100: 1,999: [ParNew
Desired survivor size 20112992 bytes, new threshold 8 (max 8)
- age   1:   12224656 bytes,   12224656 total
: 87424K->12040K(109248K), 0,0159921 secs] 87424K->12040K(502464K), 0,0160706 secs] [Times: user=0,05 sys=0,01, real=0,02 secs] 
Heap after GC invocations=1 (full 0):
 par new generation   total 109248K, used 12040K [0x00000000e0000000, 0x00000000e8000000, 0x00000000e8000000)
  eden space 87424K,   0% used [0x00000000e0000000, 0x00000000e0000000, 0x00000000e5560000)
  from space 21824K,  55% used [0x00000000e6ab0000, 0x00000000e7672338, 0x00000000e8000000)
  to   space 21824K,   0% used [0x00000000e5560000, 0x00000000e5560000, 0x00000000e6ab0000)
 concurrent mark-sweep generation total 393216K, used 0K [0x00000000e8000000, 0x0000000100000000, 0x0000000100000000)
 Metaspace       used 17997K, capacity 18336K, committed 18688K, reserved 1064960K
  class space    used 2035K, capacity 2196K, committed 2304K, reserved 1048576K
}
2017-03-24T06:07:18.494+0100: 2,016: Total time for which application threads were stopped: 0,0162972 seconds, Stopping threads took: 0,0000711 seconds
2017-03-24T06:07:18.801+0100: 2,322: Total time for which application threads were stopped: 0,0003371 seconds, Stopping threads took: 0,0000562 seconds
{Heap before GC invocations=1 (full 0):
 par new generation   total 109248K, used 99464K [0x00000000e0000000, 0x00000000e8000000, 0x00000000e8000000)
  eden space 87424K, 100% used [0x00000000e0000000, 0x00000000e5560000, 0x00000000e5560000)
  from space 21824K,  55% used [0x00000000e6ab0000, 0x00000000e7672338, 0x00000000e8000000)
  to   space 21824K,   0% used [0x00000000e5560000, 0x00000000e5560000, 0x00000000e6ab0000)
 concurrent mark-sweep generation total 393216K, used 0K [0x00000000e8000000, 0x0000000100000000, 0x0000000100000000)
 Metaspace       used 20068K, capacity 20440K, committed 20736K, reserved 1067008K
  class space    used 2297K, capacity 2474K, committed 2560K, reserved 1048576K
2017-03-24T06:07:18.845+0100: 2,366: [GC (Allocation Failure) 2017-03-24T06:07:18.845+0100: 2,367: [ParNew
Desired survivor size 20112992 bytes, new threshold 8 (max 8)
- age   1:    3639072 bytes,    3639072 total
- age   2:    6598584 bytes,   10237656 total
: 99464K->15491K(109248K), 0,0096674 secs] 99464K->15491K(502464K), 0,0097298 secs] [Times: user=0,04 sys=0,01, real=0,02 secs] 
Heap after GC invocations=2 (full 0):
 par new generation   total 109248K, used 15491K [0x00000000e0000000, 0x00000000e8000000, 0x00000000e8000000)
  eden space 87424K,   0% used [0x00000000e0000000, 0x00000000e0000000, 0x00000000e5560000)
  from space 21824K,  70% used [0x00000000e5560000, 0x00000000e6480e40, 0x00000000e6ab0000)
  to   space 21824K,   0% used [0x00000000e6ab0000, 0x00000000e6ab0000, 0x00000000e8000000)
 concurrent mark-sweep generation total 393216K, used 0K [0x00000000e8000000, 0x0000000100000000, 0x0000000100000000)
 Metaspace       used 20068K, capacity 20440K, committed 20736K, reserved 1067008K
  class space    used 2297K, capacity 2474K, committed 2560K, reserved 1048576K
}
2017-03-24T06:07:18.855+0100: 2,376: Total time for which application threads were stopped: 0,0101351 seconds, Stopping threads took: 0,0002659 seconds
2017-03-24T06:07:18.868+0100: 2,390: Total time for which application threads were stopped: 0,0003721 seconds, Stopping threads took: 0,0000529 seconds
2017-03-24T06:07:18.906+0100: 2,427: Total time for which application threads were stopped: 0,0003779 seconds, Stopping threads took: 0,0000622 seconds
2017-03-24T06:07:19.046+0100: 2,567: Total time for which application threads were stopped: 0,0009797 seconds, Stopping threads took: 0,0008594 seconds
{Heap before GC invocations=2 (full 0):
 par new generation   total 109248K, used 102915K [0x00000000e0000000, 0x00000000e8000000, 0x00000000e8000000)
  eden space 87424K, 100% used [0x00000000e0000000, 0x00000000e5560000, 0x00000000e5560000)
  from space 21824K,  70% used [0x00000000e5560000, 0x00000000e6480e40, 0x00000000e6ab0000)
  to   space 21824K,   0% used [0x00000000e6ab0000, 0x00000000e6ab0000, 0x00000000e8000000)
 concurrent mark-sweep generation total 393216K, used 0K [0x00000000e8000000, 0x0000000100000000, 0x0000000100000000)
 Metaspace       used 20980K, capacity 21298K, committed 21628K, reserved 1069056K
  class space    used 2419K, capacity 2593K, committed 2684K, reserved 1048576K
2017-03-24T06:07:19.080+0100: 2,602: [GC (Allocation Failure) 2017-03-24T06:07:19.081+0100: 2,602: [ParNew
Desired survivor size 20112992 bytes, new threshold 8 (max 8)
- age   1:    2240824 bytes,    2240824 total
- age   2:     911792 bytes,    3152616 total
- age   3:    6594040 bytes,    9746656 total
: 102915K->11089K(109248K), 0,0145147 secs] 102915K->11089K(502464K), 0,0146163 secs] [Times: user=0,06 sys=0,00, real=0,02 secs] 
Heap after GC invocations=3 (full 0):
 par new generation   total 109248K, used 11089K [0x00000000e0000000, 0x00000000e8000000, 0x00000000e8000000)
  eden space 87424K,   0% used [0x00000000e0000000, 0x00000000e0000000, 0x00000000e5560000)
  from space 21824K,  50% used [0x00000000e6ab0000, 0x00000000e7584440, 0x00000000e8000000)
  to   space 21824K,   0% used [0x00000000e5560000, 0x00000000e5560000, 0x00000000e6ab0000)
 concurrent mark-sweep generation total 393216K, used 0K [0x00000000e8000000, 0x0000000100000000, 0x0000000100000000)
 Metaspace       used 20980K, capacity 21298K, committed 21628K, reserved 1069056K
  class space    used 2419K, capacity 2593K, committed 2684K, reserved 1048576K
}
2017-03-24T06:07:19.095+0100: 2,616: Total time for which application threads were stopped: 0,0161471 seconds, Stopping threads took: 0,0013411 seconds
2017-03-24T06:07:19.095+0100: 2,616: [GC (CMS Initial Mark) [1 CMS-initial-mark: 0K(393216K)] 12517K(502464K), 0,0044269 secs] [Times: user=0,01 sys=0,00, real=0,00 secs] 
2017-03-24T06:07:19.100+0100: 2,621: Total time for which application threads were stopped: 0,0045634 seconds, Stopping threads took: 0,0000418 seconds
2017-03-24T06:07:19.100+0100: 2,621: [CMS-concurrent-mark-start]
2017-03-24T06:07:19.100+0100: 2,622: [CMS-concurrent-mark: 0,001/0,001 secs] [Times: user=0,00 sys=0,00, real=0,00 secs] 
2017-03-24T06:07:19.100+0100: 2,622: [CMS-concurrent-preclean-start]
2017-03-24T06:07:19.102+0100: 2,623: [CMS-concurrent-preclean: 0,001/0,001 secs] [Times: user=0,01 sys=0,00, real=0,00 secs] 
2017-03-24T06:07:19.102+0100: 2,623: [GC (CMS Final Remark) [YG occupancy: 12517 K (109248 K)]{Heap before GC invocations=3 (full 1):
 par new generation   total 109248K, used 12517K [0x00000000e0000000, 0x00000000e8000000, 0x00000000e8000000)
  eden space 87424K,   1% used [0x00000000e0000000, 0x00000000e0165268, 0x00000000e5560000)
  from space 21824K,  50% used [0x00000000e6ab0000, 0x00000000e7584440, 0x00000000e8000000)
  to   space 21824K,   0% used [0x00000000e5560000, 0x00000000e5560000, 0x00000000e6ab0000)
 concurrent mark-sweep generation total 393216K, used 0K [0x00000000e8000000, 0x0000000100000000, 0x0000000100000000)
 Metaspace       used 20984K, capacity 21298K, committed 21628K, reserved 1069056K
  class space    used 2420K, capacity 2593K, committed 2684K, reserved 1048576K
2017-03-24T06:07:19.102+0100: 2,623: [GC (CMS Final Remark) 2017-03-24T06:07:19.102+0100: 2,623: [ParNew
Desired survivor size 20112992 bytes, new threshold 8 (max 8)
- age   1:      85888 bytes,      85888 total
- age   2:    1623880 bytes,    1709768 total
- age   3:     882560 bytes,    2592328 total
- age   4:    6594064 bytes,    9186392 total
: 12517K->12371K(109248K), 0,0143757 secs] 12517K->12371K(502464K), 0,0144399 secs] [Times: user=0,04 sys=0,00, real=0,02 secs] 
Heap after GC invocations=4 (full 1):
 par new generation   total 109248K, used 12371K [0x00000000e0000000, 0x00000000e8000000, 0x00000000e8000000)
  eden space 87424K,   0% used [0x00000000e0000000, 0x00000000e0000000, 0x00000000e5560000)
  from space 21824K,  56% used [0x00000000e5560000, 0x00000000e6174d90, 0x00000000e6ab0000)
  to   space 21824K,   0% used [0x00000000e6ab0000, 0x00000000e6ab0000, 0x00000000e8000000)
 concurrent mark-sweep generation total 393216K, used 0K [0x00000000e8000000, 0x0000000100000000, 0x0000000100000000)
 Metaspace       used 20984K, capacity 21298K, committed 21628K, reserved 1069056K
  class space    used 2420K, capacity 2593K, committed 2684K, reserved 1048576K
}
2017-03-24T06:07:19.117+0100: 2,638: [Rescan (parallel) , 0,0089156 secs]2017-03-24T06:07:19.125+0100: 2,647: [weak refs processing, 0,0016112 secs]2017-03-24T06:07:19.127+0100: 2,648: [class unloading, 0,0029308 secs]2017-03-24T06:07:19.130+0100: 2,651: [scrub symbol table, 0,0024954 secs]2017-03-24T06:07:19.133+0100: 2,654: [scrub string table, 0,0004001 secs][1 CMS-remark: 0K(393216K)] 12371K(502464K), 0,0314862 secs] [Times: user=0,08 sys=0,00, real=0,03 secs] 
2017-03-24T06:07:19.134+0100: 2,655: Total time for which application threads were stopped: 0,0316326 seconds, Stopping threads took: 0,0000615 seconds
2017-03-24T06:07:19.142+0100: 2,663: [CMS-concurrent-sweep-start]
2017-03-24T06:07:19.142+0100: 2,663: [CMS-concurrent-sweep: 0,000/0,000 secs] [Times: user=0,00 sys=0,00, real=0,00 secs] 
2017-03-24T06:07:19.142+0100: 2,663: [CMS-concurrent-reset-start]
2017-03-24T06:07:19.144+0100: 2,665: [CMS-concurrent-reset: 0,002/0,002 secs] [Times: user=0,00 sys=0,00, real=0,00 secs] 
{Heap before GC invocations=4 (full 1):
 par new generation   total 109248K, used 99795K [0x00000000e0000000, 0x00000000e8000000, 0x00000000e8000000)
  eden space 87424K, 100% used [0x00000000e0000000, 0x00000000e5560000, 0x00000000e5560000)
  from space 21824K,  56% used [0x00000000e5560000, 0x00000000e6174d90, 0x00000000e6ab0000)
  to   space 21824K,   0% used [0x00000000e6ab0000, 0x00000000e6ab0000, 0x00000000e8000000)
 concurrent mark-sweep generation total 393216K, used 0K [0x00000000e8000000, 0x0000000100000000, 0x0000000100000000)
 Metaspace       used 21226K, capacity 21638K, committed 21884K, reserved 1069056K
  class space    used 2449K, capacity 2608K, committed 2684K, reserved 1048576K
2017-03-24T06:07:19.229+0100: 2,751: [GC (Allocation Failure) 2017-03-24T06:07:19.230+0100: 2,751: [ParNew
Desired survivor size 20112992 bytes, new threshold 8 (max 8)
- age   1:     778416 bytes,     778416 total
- age   2:       1504 bytes,     779920 total
- age   3:    1469696 bytes,    2249616 total
- age   4:     876416 bytes,    3126032 total
- age   5:    6594168 bytes,    9720200 total
: 99795K->12208K(109248K), 0,0106960 secs] 99795K->12208K(502464K), 0,0107568 secs] [Times: user=0,03 sys=0,00, real=0,01 secs] 
Heap after GC invocations=5 (full 1):
 par new generation   total 109248K, used 12208K [0x00000000e0000000, 0x00000000e8000000, 0x00000000e8000000)
  eden space 87424K,   0% used [0x00000000e0000000, 0x00000000e0000000, 0x00000000e5560000)
  from space 21824K,  55% used [0x00000000e6ab0000, 0x00000000e769c290, 0x00000000e8000000)
  to   space 21824K,   0% used [0x00000000e5560000, 0x00000000e5560000, 0x00000000e6ab0000)
 concurrent mark-sweep generation total 393216K, used 0K [0x00000000e8000000, 0x0000000100000000, 0x0000000100000000)
 Metaspace       used 21226K, capacity 21638K, committed 21884K, reserved 1069056K
  class space    used 2449K, capacity 2608K, committed 2684K, reserved 1048576K
}
2017-03-24T06:07:19.240+0100: 2,761: Total time for which application threads were stopped: 0,0143806 seconds, Stopping threads took: 0,0035100 seconds
{Heap before GC invocations=5 (full 1):
 par new generation   total 109248K, used 99632K [0x00000000e0000000, 0x00000000e8000000, 0x00000000e8000000)
  eden space 87424K, 100% used [0x00000000e0000000, 0x00000000e5560000, 0x00000000e5560000)
  from space 21824K,  55% used [0x00000000e6ab0000, 0x00000000e769c290, 0x00000000e8000000)
  to   space 21824K,   0% used [0x00000000e5560000, 0x00000000e5560000, 0x00000000e6ab0000)
 concurrent mark-sweep generation total 393216K, used 0K [0x00000000e8000000, 0x0000000100000000, 0x0000000100000000)
 Metaspace       used 21381K, capacity 21798K, committed 21884K, reserved 1069056K
  class space    used 2469K, capacity 2640K, committed 2684K, reserved 1048576K
2017-03-24T06:07:19.327+0100: 2,848: [GC (Allocation Failure) 2017-03-24T06:07:19.327+0100: 2,848: [ParNew
Desired survivor size 20112992 bytes, new threshold 8 (max 8)
- age   1:     565504 bytes,     565504 total
- age   2:     187656 bytes,     753160 total
- age   3:       1504 bytes,     754664 total
- age   4:    1469552 bytes,    2224216 total
- age   5:     876304 bytes,    3100520 total
- age   6:    6594104 bytes,    9694624 total
: 99632K->11061K(109248K), 0,0094393 secs] 99632K->11061K(502464K), 0,0095076 secs] [Times: user=0,04 sys=0,00, real=0,01 secs] 
Heap after GC invocations=6 (full 1):
 par new generation   total 109248K, used 11061K [0x00000000e0000000, 0x00000000e8000000, 0x00000000e8000000)
  eden space 87424K,   0% used [0x00000000e0000000, 0x00000000e0000000, 0x00000000e5560000)
  from space 21824K,  50% used [0x00000000e5560000, 0x00000000e602d490, 0x00000000e6ab0000)
  to   space 21824K,   0% used [0x00000000e6ab0000, 0x00000000e6ab0000, 0x00000000e8000000)
 concurrent mark-sweep generation total 393216K, used 0K [0x00000000e8000000, 0x0000000100000000, 0x0000000100000000)
 Metaspace       used 21381K, capacity 21798K, committed 21884K, reserved 1069056K
  class space    used 2469K, capacity 2640K, committed 2684K, reserved 1048576K
}
2017-03-24T06:07:19.336+0100: 2,857: Total time for which application threads were stopped: 0,0097534 seconds, Stopping threads took: 0,0000906 seconds
2017-03-24T06:07:19.377+0100: 2,898: Total time for which application threads were stopped: 0,0003558 seconds, Stopping threads took: 0,0000219 seconds
2017-03-24T06:07:19.594+0100: 3,115: Total time for which application threads were stopped: 0,0005179 seconds, Stopping threads took: 0,0000461 seconds
2017-03-24T06:07:19.607+0100: 3,128: Total time for which application threads were stopped: 0,0003569 seconds, Stopping threads took: 0,0000480 seconds
2017-03-24T06:07:19.770+0100: 3,291: Total time for which application threads were stopped: 0,0001866 seconds, Stopping threads took: 0,0000542 seconds
{Heap before GC invocations=6 (full 1):
 par new generation   total 109248K, used 98501K [0x00000000e0000000, 0x00000000e8000000, 0x00000000e8000000)
  eden space 87424K, 100% used [0x00000000e0000000, 0x00000000e5560000, 0x00000000e5560000)
  from space 21824K,  50% used [0x00000000e5560000, 0x00000000e60314a0, 0x00000000e6ab0000)
  to   space 21824K,   0% used [0x00000000e6ab0000, 0x00000000e6ab0000, 0x00000000e8000000)
 concurrent mark-sweep generation total 393216K, used 0K [0x00000000e8000000, 0x0000000100000000, 0x0000000100000000)
 Metaspace       used 24028K, capacity 24476K, committed 24572K, reserved 1071104K
  class space    used 2838K, capacity 3017K, committed 3068K, reserved 1048576K
2017-03-24T06:07:19.770+0100: 3,291: [GC (GCLocker Initiated GC) 2017-03-24T06:07:19.770+0100: 3,291: [ParNew
Desired survivor size 20112992 bytes, new threshold 8 (max 8)
- age   1:    5580056 bytes,    5580056 total
- age   2:     107912 bytes,    5687968 total
- age   3:     186248 bytes,    5874216 total
- age   4:       1504 bytes,    5875720 total
- age   5:     292016 bytes,    6167736 total
- age   6:     852008 bytes,    7019744 total
- age   7:    6585720 bytes,   13605464 total
: 98501K->16659K(109248K), 0,0204661 secs] 98501K->16659K(502464K), 0,0205405 secs] [Times: user=0,07 sys=0,01, real=0,02 secs] 
Heap after GC invocations=7 (full 1):
 par new generation   total 109248K, used 16659K [0x00000000e0000000, 0x00000000e8000000, 0x00000000e8000000)
  eden space 87424K,   0% used [0x00000000e0000000, 0x00000000e0000000, 0x00000000e5560000)
  from space 21824K,  76% used [0x00000000e6ab0000, 0x00000000e7af4c80, 0x00000000e8000000)
  to   space 21824K,   0% used [0x00000000e5560000, 0x00000000e5560000, 0x00000000e6ab0000)
 concurrent mark-sweep generation total 393216K, used 0K [0x00000000e8000000, 0x0000000100000000, 0x0000000100000000)
 Metaspace       used 24028K, capacity 24476K, committed 24572K, reserved 1071104K
  class space    used 2838K, capacity 3017K, committed 3068K, reserved 1048576K
}
2017-03-24T06:07:19.791+0100: 3,312: Total time for which application threads were stopped: 0,0206931 seconds, Stopping threads took: 0,0000271 seconds
{Heap before GC invocations=7 (full 1):
 par new generation   total 109248K, used 104083K [0x00000000e0000000, 0x00000000e8000000, 0x00000000e8000000)
  eden space 87424K, 100% used [0x00000000e0000000, 0x00000000e5560000, 0x00000000e5560000)
  from space 21824K,  76% used [0x00000000e6ab0000, 0x00000000e7af4c80, 0x00000000e8000000)
  to   space 21824K,   0% used [0x00000000e5560000, 0x00000000e5560000, 0x00000000e6ab0000)
 concurrent mark-sweep generation total 393216K, used 0K [0x00000000e8000000, 0x0000000100000000, 0x0000000100000000)
 Metaspace       used 24478K, capacity 24962K, committed 25084K, reserved 1071104K
  class space    used 2868K, capacity 3050K, committed 3068K, reserved 1048576K
2017-03-24T06:07:19.898+0100: 3,419: [GC (Allocation Failure) 2017-03-24T06:07:19.898+0100: 3,420: [ParNew
Desired survivor size 20112992 bytes, new threshold 8 (max 8)
- age   1:    1855560 bytes,    1855560 total
- age   2:    1900456 bytes,    3756016 total
- age   3:      53584 bytes,    3809600 total
- age   4:     104112 bytes,    3913712 total
- age   5:       1504 bytes,    3915216 total
- age   6:     190856 bytes,    4106072 total
- age   7:     808808 bytes,    4914880 total
- age   8:    6052592 bytes,   10967472 total
: 104083K->18071K(109248K), 0,0157800 secs] 104083K->18071K(502464K), 0,0158768 secs] [Times: user=0,06 sys=0,00, real=0,02 secs] 
Heap after GC invocations=8 (full 1):
 par new generation   total 109248K, used 18071K [0x00000000e0000000, 0x00000000e8000000, 0x00000000e8000000)
  eden space 87424K,   0% used [0x00000000e0000000, 0x00000000e0000000, 0x00000000e5560000)
  from space 21824K,  82% used [0x00000000e5560000, 0x00000000e6705c10, 0x00000000e6ab0000)
  to   space 21824K,   0% used [0x00000000e6ab0000, 0x00000000e6ab0000, 0x00000000e8000000)
 concurrent mark-sweep generation total 393216K, used 0K [0x00000000e8000000, 0x0000000100000000, 0x0000000100000000)
 Metaspace       used 24478K, capacity 24962K, committed 25084K, reserved 1071104K
  class space    used 2868K, capacity 3050K, committed 3068K, reserved 1048576K
}
2017-03-24T06:07:19.914+0100: 3,435: Total time for which application threads were stopped: 0,0185308 seconds, Stopping threads took: 0,0024274 seconds
{Heap before GC invocations=8 (full 1):
 par new generation   total 109248K, used 105495K [0x00000000e0000000, 0x00000000e8000000, 0x00000000e8000000)
  eden space 87424K, 100% used [0x00000000e0000000, 0x00000000e5560000, 0x00000000e5560000)
  from space 21824K,  82% used [0x00000000e5560000, 0x00000000e6705c10, 0x00000000e6ab0000)
  to   space 21824K,   0% used [0x00000000e6ab0000, 0x00000000e6ab0000, 0x00000000e8000000)
 concurrent mark-sweep generation total 393216K, used 0K [0x00000000e8000000, 0x0000000100000000, 0x0000000100000000)
 Metaspace       used 25015K, capacity 25532K, committed 25724K, reserved 1071104K
  class space    used 2913K, capacity 3087K, committed 3196K, reserved 1048576K
2017-03-24T06:07:20.018+0100: 3,539: [GC (Allocation Failure) 2017-03-24T06:07:20.018+0100: 3,539: [ParNew
Desired survivor size 20112992 bytes, new threshold 8 (max 8)
- age   1:    1558584 bytes,    1558584 total
- age   2:    1009592 bytes,    2568176 total
- age   3:    1842000 bytes,    4410176 total
- age   4:      53584 bytes,    4463760 total
- age   5:     104008 bytes,    4567768 total
- age   6:       1504 bytes,    4569272 total
- age   7:     190520 bytes,    4759792 total
- age   8:     808808 bytes,    5568600 total
: 105495K->8533K(109248K), 0,0289417 secs] 105495K->14526K(502464K), 0,0290158 secs] [Times: user=0,10 sys=0,00, real=0,03 secs] 
Heap after GC invocations=9 (full 1):
 par new generation   total 109248K, used 8533K [0x00000000e0000000, 0x00000000e8000000, 0x00000000e8000000)
  eden space 87424K,   0% used [0x00000000e0000000, 0x00000000e0000000, 0x00000000e5560000)
  from space 21824K,  39% used [0x00000000e6ab0000, 0x00000000e7305570, 0x00000000e8000000)
  to   space 21824K,   0% used [0x00000000e5560000, 0x00000000e5560000, 0x00000000e6ab0000)
 concurrent mark-sweep generation total 393216K, used 5993K [0x00000000e8000000, 0x0000000100000000, 0x0000000100000000)
 Metaspace       used 25015K, capacity 25532K, committed 25724K, reserved 1071104K
  class space    used 2913K, capacity 3087K, committed 3196K, reserved 1048576K
}
2017-03-24T06:07:20.047+0100: 3,568: Total time for which application threads were stopped: 0,0320260 seconds, Stopping threads took: 0,0028404 seconds
2017-03-24T06:07:20.300+0100: 3,821: Total time for which application threads were stopped: 0,0004870 seconds, Stopping threads took: 0,0000229 seconds
2017-03-24T06:07:20.315+0100: 3,836: Total time for which application threads were stopped: 0,0004699 seconds, Stopping threads took: 0,0000419 seconds
2017-03-24T06:07:20.378+0100: 3,899: Total time for which application threads were stopped: 0,0004129 seconds, Stopping threads took: 0,0000337 seconds
2017-03-24T06:07:20.475+0100: 3,996: Total time for which application threads were stopped: 0,0004789 seconds, Stopping threads took: 0,0000505 seconds
2017-03-24T06:07:20.526+0100: 4,047: Total time for which application threads were stopped: 0,0003815 seconds, Stopping threads took: 0,0000150 seconds
2017-03-24T06:07:48.529+0100: 32,050: Total time for which application threads were stopped: 0,0000647 seconds, Stopping threads took: 0,0000162 seconds
2017-03-24T06:08:48.536+0100: 92,057: Total time for which application threads were stopped: 0,0000657 seconds, Stopping threads took: 0,0000173 seconds
2017-03-24T06:09:13.539+0100: 117,060: Total time for which application threads were stopped: 0,0000997 seconds, Stopping threads took: 0,0000397 seconds
2017-03-24T06:09:23.541+0100: 127,062: Total time for which application threads were stopped: 0,0005383 seconds, Stopping threads took: 0,0001071 seconds
{Heap before GC invocations=9 (full 1):
 par new generation   total 109248K, used 95957K [0x00000000e0000000, 0x00000000e8000000, 0x00000000e8000000)
  eden space 87424K, 100% used [0x00000000e0000000, 0x00000000e5560000, 0x00000000e5560000)
  from space 21824K,  39% used [0x00000000e6ab0000, 0x00000000e7305570, 0x00000000e8000000)
  to   space 21824K,   0% used [0x00000000e5560000, 0x00000000e5560000, 0x00000000e6ab0000)
 concurrent mark-sweep generation total 393216K, used 5993K [0x00000000e8000000, 0x0000000100000000, 0x0000000100000000)
 Metaspace       used 28034K, capacity 28578K, committed 28796K, reserved 1075200K
  class space    used 3216K, capacity 3394K, committed 3452K, reserved 1048576K
2017-03-24T06:10:12.359+0100: 175,880: [GC (Allocation Failure) 2017-03-24T06:10:12.359+0100: 175,881: [ParNew
Desired survivor size 20112992 bytes, new threshold 8 (max 8)
- age   1:   10652096 bytes,   10652096 total
- age   2:     263048 bytes,   10915144 total
- age   3:     227560 bytes,   11142704 total
- age   4:    1837248 bytes,   12979952 total
- age   5:      53584 bytes,   13033536 total
- age   6:     103880 bytes,   13137416 total
- age   7:       1504 bytes,   13138920 total
- age   8:     190368 bytes,   13329288 total
: 95957K->14949K(109248K), 0,0430576 secs] 101950K->21834K(502464K), 0,0433706 secs] [Times: user=0,07 sys=0,00, real=0,04 secs] 
Heap after GC invocations=10 (full 1):
 par new generation   total 109248K, used 14949K [0x00000000e0000000, 0x00000000e8000000, 0x00000000e8000000)
  eden space 87424K,   0% used [0x00000000e0000000, 0x00000000e0000000, 0x00000000e5560000)
  from space 21824K,  68% used [0x00000000e5560000, 0x00000000e63f9710, 0x00000000e6ab0000)
  to   space 21824K,   0% used [0x00000000e6ab0000, 0x00000000e6ab0000, 0x00000000e8000000)
 concurrent mark-sweep generation total 393216K, used 6885K [0x00000000e8000000, 0x0000000100000000, 0x0000000100000000)
 Metaspace       used 28034K, capacity 28578K, committed 28796K, reserved 1075200K
  class space    used 3216K, capacity 3394K, committed 3452K, reserved 1048576K
}
2017-03-24T06:10:12.403+0100: 175,924: Total time for which application threads were stopped: 0,0441287 seconds, Stopping threads took: 0,0002265 seconds
2017-03-24T06:10:13.403+0100: 176,924: Total time for which application threads were stopped: 0,0000765 seconds, Stopping threads took: 0,0000165 seconds
2017-03-24T06:10:18.404+0100: 181,925: Total time for which application threads were stopped: 0,0005165 seconds, Stopping threads took: 0,0001068 seconds
2017-03-24T06:10:52.408+0100: 215,929: Total time for which application threads were stopped: 0,0000955 seconds, Stopping threads took: 0,0000337 seconds
2017-03-24T06:11:37.415+0100: 260,936: Total time for which application threads were stopped: 0,0000962 seconds, Stopping threads took: 0,0000399 seconds
2017-03-24T06:11:43.416+0100: 266,937: Total time for which application threads were stopped: 0,0000680 seconds, Stopping threads took: 0,0000161 seconds
2017-03-24T06:11:48.416+0100: 271,938: Total time for which application threads were stopped: 0,0000767 seconds, Stopping threads took: 0,0000164 seconds
2017-03-24T06:11:52.417+0100: 275,938: Total time for which application threads were stopped: 0,0001004 seconds, Stopping threads took: 0,0000357 seconds
2017-03-24T06:11:53.417+0100: 276,939: Total time for which application threads were stopped: 0,0000832 seconds, Stopping threads took: 0,0000192 seconds
2017-03-24T06:12:08.419+0100: 291,941: Total time for which application threads were stopped: 0,0000711 seconds, Stopping threads took: 0,0000157 seconds
2017-03-24T06:30:47.562+0100: 1411,084: Total time for which application threads were stopped: 0,0005288 seconds, Stopping threads took: 0,0001350 seconds
2017-03-24T06:32:15.536+0100: 1499,057: Total time for which application threads were stopped: 0,0010847 seconds, Stopping threads took: 0,0009567 seconds
2017-03-24T06:32:15.548+0100: 1499,069: Total time for which application threads were stopped: 0,0001409 seconds, Stopping threads took: 0,0000319 seconds
Heap
 par new generation   total 109248K, used 35769K [0x00000000e0000000, 0x00000000e8000000, 0x00000000e8000000)
  eden space 87424K,  23% used [0x00000000e0000000, 0x00000000e1454e68, 0x00000000e5560000)
  from space 21824K,  68% used [0x00000000e5560000, 0x00000000e63f9710, 0x00000000e6ab0000)
  to   space 21824K,   0% used [0x00000000e6ab0000, 0x00000000e6ab0000, 0x00000000e8000000)
 concurrent mark-sweep generation total 393216K, used 6885K [0x00000000e8000000, 0x0000000100000000, 0x0000000100000000)
 Metaspace       used 28148K, capacity 28746K, committed 29052K, reserved 1075200K
  class space    used 3230K, capacity 3428K, committed 3452K, reserved 1048576K
