OpenJDK 64-Bit Server VM (25.131-b11) for linux-amd64 JRE (1.8.0_131-8u131-b11-0ubuntu1.16.04.2-b11), built on May  6 2017 02:45:27 by "buildd" with gcc 5.4.0 20160609
Memory: 4k page, physical 7867740k(7411172k free), swap 8076284k(8076284k free)
CommandLine flags: -XX:CMSInitiatingOccupancyFraction=50 -XX:CMSMaxAbortablePrecleanTime=6000 -XX:+CMSParallelRemarkEnabled -XX:+CMSScavengeBeforeRemark -XX:ConcGCThreads=4 -XX:InitialHeapSize=536870912 -XX:MaxHeapSize=536870912 -XX:MaxTenuringThreshold=8 -XX:NewRatio=3 -XX:OldPLABSize=16 -XX:OnOutOfMemoryError=/opt/solr/bin/oom_solr.sh 8983 /var/solr/logs -XX:ParallelGCThreads=4 -XX:+ParallelRefProcEnabled -XX:PretenureSizeThreshold=67108864 -XX:+PrintGC -XX:+PrintGCApplicationStoppedTime -XX:+PrintGCDateStamps -XX:+PrintGCDetails -XX:+PrintGCTimeStamps -XX:+PrintHeapAtGC -XX:+PrintTenuringDistribution -XX:SurvivorRatio=4 -XX:TargetSurvivorRatio=90 -XX:ThreadStackSize=256 -XX:+UseCMSInitiatingOccupancyOnly -XX:+UseCompressedClassPointers -XX:+UseCompressedOops -XX:+UseConcMarkSweepGC -XX:+UseParNewGC 
2017-06-19T12:29:04.734+0200: 0,142: Total time for which application threads were stopped: 0,0000739 seconds, Stopping threads took: 0,0000150 seconds
2017-06-19T12:29:04.811+0200: 0,219: Total time for which application threads were stopped: 0,0001093 seconds, Stopping threads took: 0,0000146 seconds
2017-06-19T12:29:04.826+0200: 0,234: Total time for which application threads were stopped: 0,0001222 seconds, Stopping threads took: 0,0000214 seconds
2017-06-19T12:29:05.478+0200: 0,886: Total time for which application threads were stopped: 0,0001890 seconds, Stopping threads took: 0,0000144 seconds
2017-06-19T12:29:05.646+0200: 1,054: Total time for which application threads were stopped: 0,0001783 seconds, Stopping threads took: 0,0000262 seconds
2017-06-19T12:29:05.700+0200: 1,108: Total time for which application threads were stopped: 0,0001827 seconds, Stopping threads took: 0,0000198 seconds
2017-06-19T12:29:05.964+0200: 1,372: Total time for which application threads were stopped: 0,0001732 seconds, Stopping threads took: 0,0000196 seconds
2017-06-19T12:29:06.182+0200: 1,589: Total time for which application threads were stopped: 0,0002132 seconds, Stopping threads took: 0,0000211 seconds
2017-06-19T12:29:06.208+0200: 1,616: Total time for which application threads were stopped: 0,0002933 seconds, Stopping threads took: 0,0000297 seconds
2017-06-19T12:29:06.245+0200: 1,653: Total time for which application threads were stopped: 0,0007438 seconds, Stopping threads took: 0,0000896 seconds
2017-06-19T12:29:06.246+0200: 1,654: Total time for which application threads were stopped: 0,0001912 seconds, Stopping threads took: 0,0000166 seconds
2017-06-19T12:29:06.264+0200: 1,671: Total time for which application threads were stopped: 0,0004605 seconds, Stopping threads took: 0,0000166 seconds
2017-06-19T12:29:06.354+0200: 1,762: Total time for which application threads were stopped: 0,0002631 seconds, Stopping threads took: 0,0000262 seconds
2017-06-19T12:29:06.699+0200: 2,106: Total time for which application threads were stopped: 0,0002804 seconds, Stopping threads took: 0,0000579 seconds
{Heap before GC invocations=0 (full 0):
 par new generation   total 109248K, used 87424K [0x00000000e0000000, 0x00000000e8000000, 0x00000000e8000000)
  eden space 87424K, 100% used [0x00000000e0000000, 0x00000000e5560000, 0x00000000e5560000)
  from space 21824K,   0% used [0x00000000e5560000, 0x00000000e5560000, 0x00000000e6ab0000)
  to   space 21824K,   0% used [0x00000000e6ab0000, 0x00000000e6ab0000, 0x00000000e8000000)
 concurrent mark-sweep generation total 393216K, used 0K [0x00000000e8000000, 0x0000000100000000, 0x0000000100000000)
 Metaspace       used 18068K, capacity 18400K, committed 18688K, reserved 1064960K
  class space    used 2039K, capacity 2196K, committed 2304K, reserved 1048576K
2017-06-19T12:29:06.817+0200: 2,225: [GC (Allocation Failure) 2017-06-19T12:29:06.817+0200: 2,225: [ParNew
Desired survivor size 20112992 bytes, new threshold 8 (max 8)
- age   1:   12611840 bytes,   12611840 total
: 87424K->12428K(109248K), 0,0163618 secs] 87424K->12428K(502464K), 0,0164550 secs] [Times: user=0,04 sys=0,01, real=0,01 secs] 
Heap after GC invocations=1 (full 0):
 par new generation   total 109248K, used 12428K [0x00000000e0000000, 0x00000000e8000000, 0x00000000e8000000)
  eden space 87424K,   0% used [0x00000000e0000000, 0x00000000e0000000, 0x00000000e5560000)
  from space 21824K,  56% used [0x00000000e6ab0000, 0x00000000e76d3000, 0x00000000e8000000)
  to   space 21824K,   0% used [0x00000000e5560000, 0x00000000e5560000, 0x00000000e6ab0000)
 concurrent mark-sweep generation total 393216K, used 0K [0x00000000e8000000, 0x0000000100000000, 0x0000000100000000)
 Metaspace       used 18068K, capacity 18400K, committed 18688K, reserved 1064960K
  class space    used 2039K, capacity 2196K, committed 2304K, reserved 1048576K
}
2017-06-19T12:29:06.833+0200: 2,241: Total time for which application threads were stopped: 0,0166896 seconds, Stopping threads took: 0,0000387 seconds
2017-06-19T12:29:07.116+0200: 2,524: Total time for which application threads were stopped: 0,0003623 seconds, Stopping threads took: 0,0000526 seconds
2017-06-19T12:29:07.164+0200: 2,572: Total time for which application threads were stopped: 0,0003755 seconds, Stopping threads took: 0,0000615 seconds
{Heap before GC invocations=1 (full 0):
 par new generation   total 109248K, used 99852K [0x00000000e0000000, 0x00000000e8000000, 0x00000000e8000000)
  eden space 87424K, 100% used [0x00000000e0000000, 0x00000000e5560000, 0x00000000e5560000)
  from space 21824K,  56% used [0x00000000e6ab0000, 0x00000000e76d3000, 0x00000000e8000000)
  to   space 21824K,   0% used [0x00000000e5560000, 0x00000000e5560000, 0x00000000e6ab0000)
 concurrent mark-sweep generation total 393216K, used 0K [0x00000000e8000000, 0x0000000100000000, 0x0000000100000000)
 Metaspace       used 20033K, capacity 20354K, committed 20736K, reserved 1067008K
  class space    used 2294K, capacity 2465K, committed 2560K, reserved 1048576K
2017-06-19T12:29:07.166+0200: 2,574: [GC (Allocation Failure) 2017-06-19T12:29:07.166+0200: 2,574: [ParNew
Desired survivor size 20112992 bytes, new threshold 8 (max 8)
- age   1:    3709344 bytes,    3709344 total
- age   2:    6670576 bytes,   10379920 total
: 99852K->15760K(109248K), 0,0105779 secs] 99852K->15760K(502464K), 0,0106506 secs] [Times: user=0,04 sys=0,00, real=0,01 secs] 
Heap after GC invocations=2 (full 0):
 par new generation   total 109248K, used 15760K [0x00000000e0000000, 0x00000000e8000000, 0x00000000e8000000)
  eden space 87424K,   0% used [0x00000000e0000000, 0x00000000e0000000, 0x00000000e5560000)
  from space 21824K,  72% used [0x00000000e5560000, 0x00000000e64c41c0, 0x00000000e6ab0000)
  to   space 21824K,   0% used [0x00000000e6ab0000, 0x00000000e6ab0000, 0x00000000e8000000)
 concurrent mark-sweep generation total 393216K, used 0K [0x00000000e8000000, 0x0000000100000000, 0x0000000100000000)
 Metaspace       used 20033K, capacity 20354K, committed 20736K, reserved 1067008K
  class space    used 2294K, capacity 2465K, committed 2560K, reserved 1048576K
}
2017-06-19T12:29:07.177+0200: 2,585: Total time for which application threads were stopped: 0,0114164 seconds, Stopping threads took: 0,0006207 seconds
2017-06-19T12:29:07.225+0200: 2,633: Total time for which application threads were stopped: 0,0003472 seconds, Stopping threads took: 0,0000503 seconds
2017-06-19T12:29:07.360+0200: 2,768: Total time for which application threads were stopped: 0,0001455 seconds, Stopping threads took: 0,0000233 seconds
{Heap before GC invocations=2 (full 0):
 par new generation   total 109248K, used 103184K [0x00000000e0000000, 0x00000000e8000000, 0x00000000e8000000)
  eden space 87424K, 100% used [0x00000000e0000000, 0x00000000e5560000, 0x00000000e5560000)
  from space 21824K,  72% used [0x00000000e5560000, 0x00000000e64c41c0, 0x00000000e6ab0000)
  to   space 21824K,   0% used [0x00000000e6ab0000, 0x00000000e6ab0000, 0x00000000e8000000)
 concurrent mark-sweep generation total 393216K, used 0K [0x00000000e8000000, 0x0000000100000000, 0x0000000100000000)
 Metaspace       used 21007K, capacity 21352K, committed 21628K, reserved 1069056K
  class space    used 2421K, capacity 2586K, committed 2684K, reserved 1048576K
2017-06-19T12:29:07.399+0200: 2,806: [GC (Allocation Failure) 2017-06-19T12:29:07.399+0200: 2,807: [ParNew
Desired survivor size 20112992 bytes, new threshold 8 (max 8)
- age   1:    2304360 bytes,    2304360 total
- age   2:     843296 bytes,    3147656 total
- age   3:    6668192 bytes,    9815848 total
: 103184K->12386K(109248K), 0,0100202 secs] 103184K->12386K(502464K), 0,0101032 secs] [Times: user=0,04 sys=0,00, real=0,01 secs] 
Heap after GC invocations=3 (full 0):
 par new generation   total 109248K, used 12386K [0x00000000e0000000, 0x00000000e8000000, 0x00000000e8000000)
  eden space 87424K,   0% used [0x00000000e0000000, 0x00000000e0000000, 0x00000000e5560000)
  from space 21824K,  56% used [0x00000000e6ab0000, 0x00000000e76c8a10, 0x00000000e8000000)
  to   space 21824K,   0% used [0x00000000e5560000, 0x00000000e5560000, 0x00000000e6ab0000)
 concurrent mark-sweep generation total 393216K, used 0K [0x00000000e8000000, 0x0000000100000000, 0x0000000100000000)
 Metaspace       used 21007K, capacity 21352K, committed 21628K, reserved 1069056K
  class space    used 2421K, capacity 2586K, committed 2684K, reserved 1048576K
}
2017-06-19T12:29:07.409+0200: 2,817: Total time for which application threads were stopped: 0,0103499 seconds, Stopping threads took: 0,0000679 seconds
2017-06-19T12:29:07.409+0200: 2,817: [GC (CMS Initial Mark) [1 CMS-initial-mark: 0K(393216K)] 13134K(502464K), 0,0049643 secs] [Times: user=0,02 sys=0,00, real=0,00 secs] 
2017-06-19T12:29:07.414+0200: 2,822: Total time for which application threads were stopped: 0,0051194 seconds, Stopping threads took: 0,0000394 seconds
2017-06-19T12:29:07.414+0200: 2,822: [CMS-concurrent-mark-start]
2017-06-19T12:29:07.422+0200: 2,830: [CMS-concurrent-mark: 0,008/0,008 secs] [Times: user=0,03 sys=0,00, real=0,01 secs] 
2017-06-19T12:29:07.422+0200: 2,830: [CMS-concurrent-preclean-start]
2017-06-19T12:29:07.423+0200: 2,831: [CMS-concurrent-preclean: 0,001/0,001 secs] [Times: user=0,00 sys=0,00, real=0,00 secs] 
2017-06-19T12:29:07.423+0200: 2,831: [CMS-concurrent-abortable-preclean-start]
2017-06-19T12:29:07.469+0200: 2,877: Total time for which application threads were stopped: 0,0001514 seconds, Stopping threads took: 0,0000540 seconds
{Heap before GC invocations=3 (full 1):
 par new generation   total 109248K, used 99810K [0x00000000e0000000, 0x00000000e8000000, 0x00000000e8000000)
  eden space 87424K, 100% used [0x00000000e0000000, 0x00000000e5560000, 0x00000000e5560000)
  from space 21824K,  56% used [0x00000000e6ab0000, 0x00000000e76c8a10, 0x00000000e8000000)
  to   space 21824K,   0% used [0x00000000e5560000, 0x00000000e5560000, 0x00000000e6ab0000)
 concurrent mark-sweep generation total 393216K, used 0K [0x00000000e8000000, 0x0000000100000000, 0x0000000100000000)
 Metaspace       used 21269K, capacity 21634K, committed 21884K, reserved 1069056K
  class space    used 2446K, capacity 2602K, committed 2684K, reserved 1048576K
2017-06-19T12:29:07.532+0200: 2,939: [GC (Allocation Failure) 2017-06-19T12:29:07.532+0200: 2,939: [ParNew
Desired survivor size 20112992 bytes, new threshold 8 (max 8)
- age   1:     646328 bytes,     646328 total
- age   2:    1462752 bytes,    2109080 total
- age   3:     809952 bytes,    2919032 total
- age   4:    6667992 bytes,    9587024 total
: 99810K->11801K(109248K), 0,0117980 secs] 99810K->11801K(502464K), 0,0118698 secs] [Times: user=0,04 sys=0,00, real=0,01 secs] 
Heap after GC invocations=4 (full 1):
 par new generation   total 109248K, used 11801K [0x00000000e0000000, 0x00000000e8000000, 0x00000000e8000000)
  eden space 87424K,   0% used [0x00000000e0000000, 0x00000000e0000000, 0x00000000e5560000)
  from space 21824K,  54% used [0x00000000e5560000, 0x00000000e60e6690, 0x00000000e6ab0000)
  to   space 21824K,   0% used [0x00000000e6ab0000, 0x00000000e6ab0000, 0x00000000e8000000)
 concurrent mark-sweep generation total 393216K, used 0K [0x00000000e8000000, 0x0000000100000000, 0x0000000100000000)
 Metaspace       used 21269K, capacity 21634K, committed 21884K, reserved 1069056K
  class space    used 2446K, capacity 2602K, committed 2684K, reserved 1048576K
}
2017-06-19T12:29:07.543+0200: 2,951: Total time for which application threads were stopped: 0,0120597 seconds, Stopping threads took: 0,0000698 seconds
{Heap before GC invocations=4 (full 1):
 par new generation   total 109248K, used 99225K [0x00000000e0000000, 0x00000000e8000000, 0x00000000e8000000)
  eden space 87424K, 100% used [0x00000000e0000000, 0x00000000e5560000, 0x00000000e5560000)
  from space 21824K,  54% used [0x00000000e5560000, 0x00000000e60e6690, 0x00000000e6ab0000)
  to   space 21824K,   0% used [0x00000000e6ab0000, 0x00000000e6ab0000, 0x00000000e8000000)
 concurrent mark-sweep generation total 393216K, used 0K [0x00000000e8000000, 0x0000000100000000, 0x0000000100000000)
 Metaspace       used 21429K, capacity 21806K, committed 21884K, reserved 1069056K
  class space    used 2465K, capacity 2636K, committed 2684K, reserved 1048576K
2017-06-19T12:29:07.624+0200: 3,032: [GC (Allocation Failure) 2017-06-19T12:29:07.624+0200: 3,032: [ParNew
Desired survivor size 20112992 bytes, new threshold 8 (max 8)
- age   1:     423240 bytes,     423240 total
- age   2:     185960 bytes,     609200 total
- age   3:    1462528 bytes,    2071728 total
- age   4:     809840 bytes,    2881568 total
- age   5:    6668032 bytes,    9549600 total
: 99225K->14353K(109248K), 0,0090457 secs] 99225K->14353K(502464K), 0,0091179 secs] [Times: user=0,03 sys=0,00, real=0,01 secs] 
Heap after GC invocations=5 (full 1):
 par new generation   total 109248K, used 14353K [0x00000000e0000000, 0x00000000e8000000, 0x00000000e8000000)
  eden space 87424K,   0% used [0x00000000e0000000, 0x00000000e0000000, 0x00000000e5560000)
  from space 21824K,  65% used [0x00000000e6ab0000, 0x00000000e78b4520, 0x00000000e8000000)
  to   space 21824K,   0% used [0x00000000e5560000, 0x00000000e5560000, 0x00000000e6ab0000)
 concurrent mark-sweep generation total 393216K, used 0K [0x00000000e8000000, 0x0000000100000000, 0x0000000100000000)
 Metaspace       used 21429K, capacity 21806K, committed 21884K, reserved 1069056K
  class space    used 2465K, capacity 2636K, committed 2684K, reserved 1048576K
}
2017-06-19T12:29:07.633+0200: 3,041: Total time for which application threads were stopped: 0,0093281 seconds, Stopping threads took: 0,0000759 seconds
2017-06-19T12:29:07.666+0200: 3,074: Total time for which application threads were stopped: 0,0001469 seconds, Stopping threads took: 0,0000400 seconds
2017-06-19T12:29:07.677+0200: 3,085: Total time for which application threads were stopped: 0,0003111 seconds, Stopping threads took: 0,0000248 seconds
2017-06-19T12:29:07.717+0200: 3,124: Total time for which application threads were stopped: 0,0001359 seconds, Stopping threads took: 0,0000512 seconds
2017-06-19T12:29:07.739+0200: 3,147: Total time for which application threads were stopped: 0,0000856 seconds, Stopping threads took: 0,0000201 seconds
2017-06-19T12:29:07.894+0200: 3,302: Total time for which application threads were stopped: 0,0011058 seconds, Stopping threads took: 0,0009490 seconds
2017-06-19T12:29:07.950+0200: 3,357: Total time for which application threads were stopped: 0,0001115 seconds, Stopping threads took: 0,0000220 seconds
2017-06-19T12:29:07.954+0200: 3,361: Total time for which application threads were stopped: 0,0003952 seconds, Stopping threads took: 0,0000521 seconds
2017-06-19T12:29:07.968+0200: 3,375: Total time for which application threads were stopped: 0,0004683 seconds, Stopping threads took: 0,0000210 seconds
2017-06-19T12:29:07.994+0200: 3,401: Total time for which application threads were stopped: 0,0001047 seconds, Stopping threads took: 0,0000261 seconds
2017-06-19T12:29:08.022+0200: 3,430: Total time for which application threads were stopped: 0,0019367 seconds, Stopping threads took: 0,0018195 seconds
2017-06-19T12:29:08.023+0200: 3,431: Total time for which application threads were stopped: 0,0001186 seconds, Stopping threads took: 0,0000577 seconds
2017-06-19T12:29:08.100+0200: 3,508: Total time for which application threads were stopped: 0,0001591 seconds, Stopping threads took: 0,0000273 seconds
2017-06-19T12:29:08.144+0200: 3,552: Total time for which application threads were stopped: 0,0012951 seconds, Stopping threads took: 0,0012042 seconds
2017-06-19T12:29:08.144+0200: 3,552: [CMS-concurrent-abortable-preclean: 0,437/0,721 secs] [Times: user=2,64 sys=0,05, real=0,72 secs] 
2017-06-19T12:29:08.145+0200: 3,552: [GC (CMS Final Remark) [YG occupancy: 101782 K (109248 K)]2017-06-19T12:29:08.145+0200: 3,552: [Rescan (parallel) , 0,0156286 secs]2017-06-19T12:29:08.160+0200: 3,568: [weak refs processing, 0,0010352 secs]2017-06-19T12:29:08.161+0200: 3,569: [class unloading, 0,0033489 secs]2017-06-19T12:29:08.165+0200: 3,572: [scrub symbol table, 0,0030046 secs]2017-06-19T12:29:08.168+0200: 3,575: [scrub string table, 0,0004191 secs][1 CMS-remark: 0K(393216K)] 101782K(502464K), 0,0242305 secs] [Times: user=0,07 sys=0,00, real=0,03 secs] 
2017-06-19T12:29:08.169+0200: 3,577: Total time for which application threads were stopped: 0,0245022 seconds, Stopping threads took: 0,0001805 seconds
2017-06-19T12:29:08.169+0200: 3,577: [CMS-concurrent-sweep-start]
{Heap before GC invocations=5 (full 1):
 par new generation   total 109248K, used 101782K [0x00000000e0000000, 0x00000000e8000000, 0x00000000e8000000)
  eden space 87424K, 100% used [0x00000000e0000000, 0x00000000e5560000, 0x00000000e5560000)
  from space 21824K,  65% used [0x00000000e6ab0000, 0x00000000e78b5930, 0x00000000e8000000)
  to   space 21824K,   0% used [0x00000000e5560000, 0x00000000e5560000, 0x00000000e6ab0000)
 concurrent mark-sweep generation total 393216K, used 0K [0x00000000e8000000, 0x0000000100000000, 0x0000000100000000)
 Metaspace       used 23933K, capacity 24396K, committed 24540K, reserved 1071104K
  class space    used 2824K, capacity 3009K, committed 3040K, reserved 1048576K
2017-06-19T12:29:08.169+0200: 3,577: [GC (GCLocker Initiated GC) 2017-06-19T12:29:08.169+0200: 3,577: [ParNew
Desired survivor size 20112992 bytes, new threshold 8 (max 8)
- age   1:    5459080 bytes,    5459080 total
- age   2:     119888 bytes,    5578968 total
- age   3:     184536 bytes,    5763504 total
- age   4:     292656 bytes,    6056160 total
- age   5:     783584 bytes,    6839744 total
- age   6:    6660152 bytes,   13499896 total
: 101782K->15336K(109248K), 0,0111025 secs] 101782K->15336K(502464K), 0,0111520 secs] [Times: user=0,03 sys=0,00, real=0,01 secs] 
Heap after GC invocations=6 (full 1):
 par new generation   total 109248K, used 15336K [0x00000000e0000000, 0x00000000e8000000, 0x00000000e8000000)
  eden space 87424K,   0% used [0x00000000e0000000, 0x00000000e0000000, 0x00000000e5560000)
  from space 21824K,  70% used [0x00000000e5560000, 0x00000000e645a240, 0x00000000e6ab0000)
  to   space 21824K,   0% used [0x00000000e6ab0000, 0x00000000e6ab0000, 0x00000000e8000000)
 concurrent mark-sweep generation total 393216K, used 0K [0x00000000e8000000, 0x0000000100000000, 0x0000000100000000)
 Metaspace       used 23933K, capacity 24396K, committed 24540K, reserved 1071104K
  class space    used 2824K, capacity 3009K, committed 3040K, reserved 1048576K
}
2017-06-19T12:29:08.180+0200: 3,588: Total time for which application threads were stopped: 0,0113059 seconds, Stopping threads took: 0,0000399 seconds
2017-06-19T12:29:08.180+0200: 3,588: [CMS-concurrent-sweep: 0,011/0,011 secs] [Times: user=0,03 sys=0,00, real=0,01 secs] 
2017-06-19T12:29:08.180+0200: 3,588: [CMS-concurrent-reset-start]
2017-06-19T12:29:08.183+0200: 3,591: [CMS-concurrent-reset: 0,002/0,002 secs] [Times: user=0,02 sys=0,00, real=0,00 secs] 
{Heap before GC invocations=6 (full 1):
 par new generation   total 109248K, used 102760K [0x00000000e0000000, 0x00000000e8000000, 0x00000000e8000000)
  eden space 87424K, 100% used [0x00000000e0000000, 0x00000000e5560000, 0x00000000e5560000)
  from space 21824K,  70% used [0x00000000e5560000, 0x00000000e645a240, 0x00000000e6ab0000)
  to   space 21824K,   0% used [0x00000000e6ab0000, 0x00000000e6ab0000, 0x00000000e8000000)
 concurrent mark-sweep generation total 393216K, used 0K [0x00000000e8000000, 0x0000000100000000, 0x0000000100000000)
 Metaspace       used 24519K, capacity 24994K, committed 25180K, reserved 1071104K
  class space    used 2873K, capacity 3077K, committed 3168K, reserved 1048576K
2017-06-19T12:29:08.268+0200: 3,676: [GC (Allocation Failure) 2017-06-19T12:29:08.268+0200: 3,676: [ParNew
Desired survivor size 20112992 bytes, new threshold 8 (max 8)
- age   1:    1998248 bytes,    1998248 total
- age   2:    1796480 bytes,    3794728 total
- age   3:      53816 bytes,    3848544 total
- age   4:     100688 bytes,    3949232 total
- age   5:     186264 bytes,    4135496 total
- age   6:     746736 bytes,    4882232 total
- age   7:    6126488 bytes,   11008720 total
: 102760K->16474K(109248K), 0,0132411 secs] 102760K->16474K(502464K), 0,0133126 secs] [Times: user=0,05 sys=0,00, real=0,01 secs] 
Heap after GC invocations=7 (full 1):
 par new generation   total 109248K, used 16474K [0x00000000e0000000, 0x00000000e8000000, 0x00000000e8000000)
  eden space 87424K,   0% used [0x00000000e0000000, 0x00000000e0000000, 0x00000000e5560000)
  from space 21824K,  75% used [0x00000000e6ab0000, 0x00000000e7ac68e0, 0x00000000e8000000)
  to   space 21824K,   0% used [0x00000000e5560000, 0x00000000e5560000, 0x00000000e6ab0000)
 concurrent mark-sweep generation total 393216K, used 0K [0x00000000e8000000, 0x0000000100000000, 0x0000000100000000)
 Metaspace       used 24519K, capacity 24994K, committed 25180K, reserved 1071104K
  class space    used 2873K, capacity 3077K, committed 3168K, reserved 1048576K
}
2017-06-19T12:29:08.281+0200: 3,689: Total time for which application threads were stopped: 0,0136686 seconds, Stopping threads took: 0,0001828 seconds
{Heap before GC invocations=7 (full 1):
 par new generation   total 109248K, used 103898K [0x00000000e0000000, 0x00000000e8000000, 0x00000000e8000000)
  eden space 87424K, 100% used [0x00000000e0000000, 0x00000000e5560000, 0x00000000e5560000)
  from space 21824K,  75% used [0x00000000e6ab0000, 0x00000000e7ac68e0, 0x00000000e8000000)
  to   space 21824K,   0% used [0x00000000e5560000, 0x00000000e5560000, 0x00000000e6ab0000)
 concurrent mark-sweep generation total 393216K, used 0K [0x00000000e8000000, 0x0000000100000000, 0x0000000100000000)
 Metaspace       used 24963K, capacity 25452K, committed 25668K, reserved 1071104K
  class space    used 2907K, capacity 3079K, committed 3168K, reserved 1048576K
2017-06-19T12:29:08.382+0200: 3,789: [GC (Allocation Failure) 2017-06-19T12:29:08.382+0200: 3,789: [ParNew
Desired survivor size 20112992 bytes, new threshold 8 (max 8)
- age   1:     934520 bytes,     934520 total
- age   2:     681952 bytes,    1616472 total
- age   3:    1790352 bytes,    3406824 total
- age   4:      53816 bytes,    3460640 total
- age   5:      98144 bytes,    3558784 total
- age   6:     185768 bytes,    3744552 total
- age   7:     745968 bytes,    4490520 total
- age   8:    6126536 bytes,   10617056 total
: 103898K->13583K(109248K), 0,0124147 secs] 103898K->13583K(502464K), 0,0124845 secs] [Times: user=0,04 sys=0,00, real=0,01 secs] 
Heap after GC invocations=8 (full 1):
 par new generation   total 109248K, used 13583K [0x00000000e0000000, 0x00000000e8000000, 0x00000000e8000000)
  eden space 87424K,   0% used [0x00000000e0000000, 0x00000000e0000000, 0x00000000e5560000)
  from space 21824K,  62% used [0x00000000e5560000, 0x00000000e62a3dc0, 0x00000000e6ab0000)
  to   space 21824K,   0% used [0x00000000e6ab0000, 0x00000000e6ab0000, 0x00000000e8000000)
 concurrent mark-sweep generation total 393216K, used 0K [0x00000000e8000000, 0x0000000100000000, 0x0000000100000000)
 Metaspace       used 24963K, capacity 25452K, committed 25668K, reserved 1071104K
  class space    used 2907K, capacity 3079K, committed 3168K, reserved 1048576K
}
2017-06-19T12:29:08.394+0200: 3,802: Total time for which application threads were stopped: 0,0127169 seconds, Stopping threads took: 0,0000608 seconds
2017-06-19T12:29:08.647+0200: 4,055: Total time for which application threads were stopped: 0,0006398 seconds, Stopping threads took: 0,0000444 seconds
2017-06-19T12:29:08.647+0200: 4,055: Total time for which application threads were stopped: 0,0003952 seconds, Stopping threads took: 0,0000211 seconds
2017-06-19T12:29:08.650+0200: 4,057: Total time for which application threads were stopped: 0,0001356 seconds, Stopping threads took: 0,0000549 seconds
2017-06-19T12:29:08.659+0200: 4,067: Total time for which application threads were stopped: 0,0001580 seconds, Stopping threads took: 0,0000661 seconds
2017-06-19T12:29:08.665+0200: 4,072: Total time for which application threads were stopped: 0,0001113 seconds, Stopping threads took: 0,0000246 seconds
2017-06-19T12:29:08.665+0200: 4,073: Total time for which application threads were stopped: 0,0004945 seconds, Stopping threads took: 0,0000277 seconds
2017-06-19T12:29:08.728+0200: 4,136: Total time for which application threads were stopped: 0,0002266 seconds, Stopping threads took: 0,0001172 seconds
2017-06-19T12:29:08.736+0200: 4,144: Total time for which application threads were stopped: 0,0001077 seconds, Stopping threads took: 0,0000317 seconds
2017-06-19T12:29:08.739+0200: 4,147: Total time for which application threads were stopped: 0,0001685 seconds, Stopping threads took: 0,0000651 seconds
2017-06-19T12:29:08.747+0200: 4,154: Total time for which application threads were stopped: 0,0006398 seconds, Stopping threads took: 0,0001587 seconds
2017-06-19T12:29:08.759+0200: 4,166: Total time for which application threads were stopped: 0,0001370 seconds, Stopping threads took: 0,0000274 seconds
2017-06-19T12:29:08.759+0200: 4,167: Total time for which application threads were stopped: 0,0002363 seconds, Stopping threads took: 0,0001621 seconds
2017-06-19T12:29:08.768+0200: 4,176: Total time for which application threads were stopped: 0,0001438 seconds, Stopping threads took: 0,0000560 seconds
2017-06-19T12:29:08.786+0200: 4,194: Total time for which application threads were stopped: 0,0037394 seconds, Stopping threads took: 0,0036209 seconds
2017-06-19T12:29:08.788+0200: 4,196: Total time for which application threads were stopped: 0,0001764 seconds, Stopping threads took: 0,0000678 seconds
2017-06-19T12:29:08.789+0200: 4,197: Total time for which application threads were stopped: 0,0001595 seconds, Stopping threads took: 0,0000536 seconds
2017-06-19T12:29:08.789+0200: 4,197: Total time for which application threads were stopped: 0,0001671 seconds, Stopping threads took: 0,0000899 seconds
2017-06-19T12:29:08.790+0200: 4,197: Total time for which application threads were stopped: 0,0001085 seconds, Stopping threads took: 0,0000478 seconds
2017-06-19T12:29:08.790+0200: 4,198: Total time for which application threads were stopped: 0,0001289 seconds, Stopping threads took: 0,0000683 seconds
2017-06-19T12:29:08.790+0200: 4,198: Total time for which application threads were stopped: 0,0000684 seconds, Stopping threads took: 0,0000201 seconds
2017-06-19T12:29:08.792+0200: 4,200: Total time for which application threads were stopped: 0,0021750 seconds, Stopping threads took: 0,0020897 seconds
2017-06-19T12:29:08.793+0200: 4,200: Total time for which application threads were stopped: 0,0000808 seconds, Stopping threads took: 0,0000196 seconds
2017-06-19T12:29:08.793+0200: 4,200: Total time for which application threads were stopped: 0,0000703 seconds, Stopping threads took: 0,0000140 seconds
2017-06-19T12:29:08.794+0200: 4,201: Total time for which application threads were stopped: 0,0003962 seconds, Stopping threads took: 0,0002979 seconds
2017-06-19T12:29:08.806+0200: 4,214: Total time for which application threads were stopped: 0,0040589 seconds, Stopping threads took: 0,0039589 seconds
2017-06-19T12:29:08.807+0200: 4,215: Total time for which application threads were stopped: 0,0000976 seconds, Stopping threads took: 0,0000339 seconds
2017-06-19T12:29:08.808+0200: 4,215: Total time for which application threads were stopped: 0,0002045 seconds, Stopping threads took: 0,0000238 seconds
2017-06-19T12:29:08.811+0200: 4,218: Total time for which application threads were stopped: 0,0001306 seconds, Stopping threads took: 0,0000496 seconds
2017-06-19T12:29:08.811+0200: 4,219: Total time for which application threads were stopped: 0,0001518 seconds, Stopping threads took: 0,0000523 seconds
2017-06-19T12:29:08.812+0200: 4,219: Total time for which application threads were stopped: 0,0001354 seconds, Stopping threads took: 0,0000477 seconds
2017-06-19T12:29:08.812+0200: 4,219: Total time for which application threads were stopped: 0,0000765 seconds, Stopping threads took: 0,0000190 seconds
2017-06-19T12:29:08.812+0200: 4,220: Total time for which application threads were stopped: 0,0000667 seconds, Stopping threads took: 0,0000200 seconds
2017-06-19T12:29:08.812+0200: 4,220: Total time for which application threads were stopped: 0,0000706 seconds, Stopping threads took: 0,0000188 seconds
2017-06-19T12:29:08.812+0200: 4,220: Total time for which application threads were stopped: 0,0000766 seconds, Stopping threads took: 0,0000224 seconds
2017-06-19T12:29:08.812+0200: 4,220: Total time for which application threads were stopped: 0,0000807 seconds, Stopping threads took: 0,0000166 seconds
2017-06-19T12:29:08.812+0200: 4,220: Total time for which application threads were stopped: 0,0001198 seconds, Stopping threads took: 0,0000409 seconds
2017-06-19T12:29:08.814+0200: 4,221: Total time for which application threads were stopped: 0,0001256 seconds, Stopping threads took: 0,0000367 seconds
2017-06-19T12:29:08.814+0200: 4,222: Total time for which application threads were stopped: 0,0001368 seconds, Stopping threads took: 0,0000367 seconds
2017-06-19T12:29:08.814+0200: 4,222: Total time for which application threads were stopped: 0,0000820 seconds, Stopping threads took: 0,0000181 seconds
2017-06-19T12:29:08.814+0200: 4,222: Total time for which application threads were stopped: 0,0001047 seconds, Stopping threads took: 0,0000419 seconds
2017-06-19T12:29:08.815+0200: 4,222: Total time for which application threads were stopped: 0,0000918 seconds, Stopping threads took: 0,0000281 seconds
2017-06-19T12:29:08.815+0200: 4,222: Total time for which application threads were stopped: 0,0000781 seconds, Stopping threads took: 0,0000366 seconds
2017-06-19T12:29:08.815+0200: 4,223: Total time for which application threads were stopped: 0,0000936 seconds, Stopping threads took: 0,0000201 seconds
2017-06-19T12:29:08.815+0200: 4,223: Total time for which application threads were stopped: 0,0001108 seconds, Stopping threads took: 0,0000290 seconds
2017-06-19T12:29:08.816+0200: 4,223: Total time for which application threads were stopped: 0,0000783 seconds, Stopping threads took: 0,0000253 seconds
2017-06-19T12:29:08.816+0200: 4,223: Total time for which application threads were stopped: 0,0000628 seconds, Stopping threads took: 0,0000182 seconds
2017-06-19T12:29:08.816+0200: 4,223: Total time for which application threads were stopped: 0,0000869 seconds, Stopping threads took: 0,0000274 seconds
2017-06-19T12:29:08.816+0200: 4,224: Total time for which application threads were stopped: 0,0000874 seconds, Stopping threads took: 0,0000198 seconds
2017-06-19T12:29:08.816+0200: 4,224: Total time for which application threads were stopped: 0,0001969 seconds, Stopping threads took: 0,0000170 seconds
2017-06-19T12:29:08.819+0200: 4,226: Total time for which application threads were stopped: 0,0001383 seconds, Stopping threads took: 0,0000246 seconds
2017-06-19T12:29:08.862+0200: 4,269: Total time for which application threads were stopped: 0,0061622 seconds, Stopping threads took: 0,0060390 seconds
2017-06-19T12:29:08.886+0200: 4,294: Total time for which application threads were stopped: 0,0032128 seconds, Stopping threads took: 0,0030688 seconds
2017-06-19T12:29:08.907+0200: 4,315: Total time for which application threads were stopped: 0,0008650 seconds, Stopping threads took: 0,0000430 seconds
2017-06-19T12:29:09.907+0200: 5,315: Total time for which application threads were stopped: 0,0000664 seconds, Stopping threads took: 0,0000156 seconds
2017-06-19T12:29:10.907+0200: 6,315: Total time for which application threads were stopped: 0,0000752 seconds, Stopping threads took: 0,0000201 seconds
2017-06-19T12:29:26.909+0200: 22,317: Total time for which application threads were stopped: 0,0002936 seconds, Stopping threads took: 0,0000700 seconds
2017-06-19T12:29:36.911+0200: 32,318: Total time for which application threads were stopped: 0,0000662 seconds, Stopping threads took: 0,0000173 seconds
2017-06-19T12:31:01.922+0200: 117,330: Total time for which application threads were stopped: 0,0000778 seconds, Stopping threads took: 0,0000312 seconds
2017-06-19T12:31:06.923+0200: 122,331: Total time for which application threads were stopped: 0,0000633 seconds, Stopping threads took: 0,0000155 seconds
{Heap before GC invocations=8 (full 1):
 par new generation   total 109248K, used 101007K [0x00000000e0000000, 0x00000000e8000000, 0x00000000e8000000)
  eden space 87424K, 100% used [0x00000000e0000000, 0x00000000e5560000, 0x00000000e5560000)
  from space 21824K,  62% used [0x00000000e5560000, 0x00000000e62a3dc0, 0x00000000e6ab0000)
  to   space 21824K,   0% used [0x00000000e6ab0000, 0x00000000e6ab0000, 0x00000000e8000000)
 concurrent mark-sweep generation total 393216K, used 0K [0x00000000e8000000, 0x0000000100000000, 0x0000000100000000)
 Metaspace       used 27986K, capacity 28490K, committed 28740K, reserved 1075200K
  class space    used 3209K, capacity 3384K, committed 3424K, reserved 1048576K
2017-06-19T12:32:00.514+0200: 175,922: [GC (Allocation Failure) 2017-06-19T12:32:00.514+0200: 175,922: [ParNew
Desired survivor size 20112992 bytes, new threshold 8 (max 8)
- age   1:   10622968 bytes,   10622968 total
- age   2:     272128 bytes,   10895096 total
- age   3:     287104 bytes,   11182200 total
- age   4:    1785024 bytes,   12967224 total
- age   5:      53816 bytes,   13021040 total
- age   6:      98016 bytes,   13119056 total
- age   7:     185672 bytes,   13304728 total
- age   8:     744640 bytes,   14049368 total
: 101007K->16603K(109248K), 0,0366487 secs] 101007K->23120K(502464K), 0,0367257 secs] [Times: user=0,12 sys=0,00, real=0,04 secs] 
Heap after GC invocations=9 (full 1):
 par new generation   total 109248K, used 16603K [0x00000000e0000000, 0x00000000e8000000, 0x00000000e8000000)
  eden space 87424K,   0% used [0x00000000e0000000, 0x00000000e0000000, 0x00000000e5560000)
  from space 21824K,  76% used [0x00000000e6ab0000, 0x00000000e7ae6e88, 0x00000000e8000000)
  to   space 21824K,   0% used [0x00000000e5560000, 0x00000000e5560000, 0x00000000e6ab0000)
 concurrent mark-sweep generation total 393216K, used 6516K [0x00000000e8000000, 0x0000000100000000, 0x0000000100000000)
 Metaspace       used 27986K, capacity 28490K, committed 28740K, reserved 1075200K
  class space    used 3209K, capacity 3384K, committed 3424K, reserved 1048576K
}
2017-06-19T12:32:00.551+0200: 175,958: Total time for which application threads were stopped: 0,0368910 seconds, Stopping threads took: 0,0000446 seconds
2017-06-19T12:32:00.552+0200: 175,959: Total time for which application threads were stopped: 0,0000945 seconds, Stopping threads took: 0,0000485 seconds
2017-06-19T12:32:00.552+0200: 175,959: Total time for which application threads were stopped: 0,0000528 seconds, Stopping threads took: 0,0000130 seconds
2017-06-19T12:32:05.552+0200: 180,960: Total time for which application threads were stopped: 0,0000538 seconds, Stopping threads took: 0,0000130 seconds
2017-06-19T12:33:40.565+0200: 275,973: Total time for which application threads were stopped: 0,0000780 seconds, Stopping threads took: 0,0000305 seconds
2017-06-19T12:52:35.699+0200: 1411,106: Total time for which application threads were stopped: 0,0000973 seconds, Stopping threads took: 0,0000355 seconds
2017-06-19T12:55:25.720+0200: 1581,128: Total time for which application threads were stopped: 0,0000745 seconds, Stopping threads took: 0,0000267 seconds
2017-06-19T12:55:35.721+0200: 1591,129: Total time for which application threads were stopped: 0,0000656 seconds, Stopping threads took: 0,0000150 seconds
2017-06-19T12:55:46.723+0200: 1602,130: Total time for which application threads were stopped: 0,0000836 seconds, Stopping threads took: 0,0000164 seconds
2017-06-19T13:07:25.808+0200: 2301,215: Total time for which application threads were stopped: 0,0001806 seconds, Stopping threads took: 0,0000678 seconds
2017-06-19T13:07:26.808+0200: 2302,216: Total time for which application threads were stopped: 0,0001479 seconds, Stopping threads took: 0,0000315 seconds
2017-06-19T13:17:33.116+0200: 2908,523: Total time for which application threads were stopped: 0,0136222 seconds, Stopping threads took: 0,0135429 seconds
2017-06-19T13:17:33.116+0200: 2908,524: Total time for which application threads were stopped: 0,0000568 seconds, Stopping threads took: 0,0000096 seconds
2017-06-19T13:17:33.125+0200: 2908,532: Total time for which application threads were stopped: 0,0001361 seconds, Stopping threads took: 0,0000493 seconds
2017-06-19T13:17:33.128+0200: 2908,535: Total time for which application threads were stopped: 0,0001039 seconds, Stopping threads took: 0,0000367 seconds
2017-06-19T13:17:33.129+0200: 2908,536: Total time for which application threads were stopped: 0,0000822 seconds, Stopping threads took: 0,0000150 seconds
2017-06-19T13:17:33.130+0200: 2908,538: Total time for which application threads were stopped: 0,0000842 seconds, Stopping threads took: 0,0000166 seconds
2017-06-19T13:17:33.130+0200: 2908,538: Total time for which application threads were stopped: 0,0000745 seconds, Stopping threads took: 0,0000122 seconds
2017-06-19T13:17:33.130+0200: 2908,538: Total time for which application threads were stopped: 0,0000656 seconds, Stopping threads took: 0,0000170 seconds
2017-06-19T13:17:33.142+0200: 2908,550: Total time for which application threads were stopped: 0,0001078 seconds, Stopping threads took: 0,0000171 seconds
2017-06-19T13:17:33.143+0200: 2908,551: Total time for which application threads were stopped: 0,0000781 seconds, Stopping threads took: 0,0000237 seconds
2017-06-19T13:17:33.147+0200: 2908,554: Total time for which application threads were stopped: 0,0001316 seconds, Stopping threads took: 0,0000460 seconds
2017-06-19T13:17:33.153+0200: 2908,561: Total time for which application threads were stopped: 0,0001266 seconds, Stopping threads took: 0,0000447 seconds
2017-06-19T13:17:33.155+0200: 2908,563: Total time for which application threads were stopped: 0,0002193 seconds, Stopping threads took: 0,0001344 seconds
2017-06-19T13:17:33.157+0200: 2908,565: Total time for which application threads were stopped: 0,0000926 seconds, Stopping threads took: 0,0000227 seconds
2017-06-19T13:17:33.157+0200: 2908,565: Total time for which application threads were stopped: 0,0000797 seconds, Stopping threads took: 0,0000214 seconds
2017-06-19T13:17:33.158+0200: 2908,565: Total time for which application threads were stopped: 0,0000688 seconds, Stopping threads took: 0,0000194 seconds
2017-06-19T13:17:33.160+0200: 2908,568: Total time for which application threads were stopped: 0,0001019 seconds, Stopping threads took: 0,0000320 seconds
2017-06-19T13:17:33.161+0200: 2908,568: Total time for which application threads were stopped: 0,0000528 seconds, Stopping threads took: 0,0000159 seconds
2017-06-19T13:17:33.161+0200: 2908,568: Total time for which application threads were stopped: 0,0000457 seconds, Stopping threads took: 0,0000134 seconds
2017-06-19T13:17:33.161+0200: 2908,569: Total time for which application threads were stopped: 0,0000414 seconds, Stopping threads took: 0,0000135 seconds
2017-06-19T13:17:33.161+0200: 2908,569: Total time for which application threads were stopped: 0,0000508 seconds, Stopping threads took: 0,0000173 seconds
2017-06-19T13:17:33.161+0200: 2908,569: Total time for which application threads were stopped: 0,0000422 seconds, Stopping threads took: 0,0000116 seconds
2017-06-19T13:17:33.161+0200: 2908,569: Total time for which application threads were stopped: 0,0000395 seconds, Stopping threads took: 0,0000107 seconds
2017-06-19T13:17:33.163+0200: 2908,571: Total time for which application threads were stopped: 0,0000888 seconds, Stopping threads took: 0,0000289 seconds
2017-06-19T13:17:33.163+0200: 2908,571: Total time for which application threads were stopped: 0,0000498 seconds, Stopping threads took: 0,0000148 seconds
2017-06-19T13:17:33.163+0200: 2908,571: Total time for which application threads were stopped: 0,0000344 seconds, Stopping threads took: 0,0000055 seconds
2017-06-19T13:17:33.163+0200: 2908,571: Total time for which application threads were stopped: 0,0000418 seconds, Stopping threads took: 0,0000120 seconds
2017-06-19T13:17:33.163+0200: 2908,571: Total time for which application threads were stopped: 0,0000471 seconds, Stopping threads took: 0,0000130 seconds
2017-06-19T13:17:33.166+0200: 2908,573: Total time for which application threads were stopped: 0,0000800 seconds, Stopping threads took: 0,0000264 seconds
2017-06-19T13:17:33.166+0200: 2908,573: Total time for which application threads were stopped: 0,0000381 seconds, Stopping threads took: 0,0000113 seconds
2017-06-19T13:17:33.166+0200: 2908,574: Total time for which application threads were stopped: 0,0001662 seconds, Stopping threads took: 0,0000118 seconds
2017-06-19T13:17:33.166+0200: 2908,574: Total time for which application threads were stopped: 0,0000514 seconds, Stopping threads took: 0,0000144 seconds
2017-06-19T13:17:33.167+0200: 2908,575: Total time for which application threads were stopped: 0,0001222 seconds, Stopping threads took: 0,0000298 seconds
2017-06-19T13:17:33.171+0200: 2908,579: Total time for which application threads were stopped: 0,0001025 seconds, Stopping threads took: 0,0000253 seconds
2017-06-19T13:17:33.173+0200: 2908,581: Total time for which application threads were stopped: 0,0003598 seconds, Stopping threads took: 0,0000245 seconds
Heap
 par new generation   total 109248K, used 36591K [0x00000000e0000000, 0x00000000e8000000, 0x00000000e8000000)
  eden space 87424K,  22% used [0x00000000e0000000, 0x00000000e1384f20, 0x00000000e5560000)
  from space 21824K,  76% used [0x00000000e6ab0000, 0x00000000e7ae6e88, 0x00000000e8000000)
  to   space 21824K,   0% used [0x00000000e5560000, 0x00000000e5560000, 0x00000000e6ab0000)
 concurrent mark-sweep generation total 393216K, used 6516K [0x00000000e8000000, 0x0000000100000000, 0x0000000100000000)
 Metaspace       used 28103K, capacity 28658K, committed 28740K, reserved 1075200K
  class space    used 3223K, capacity 3418K, committed 3424K, reserved 1048576K
