OpenJDK 64-Bit Server VM (25.121-b13) for linux-amd64 JRE (1.8.0_121-8u121-b13-0ubuntu1.16.04.2-b13), built on Jan 23 2017 15:51:29 by "buildd" with gcc 5.4.0 20160609
Memory: 4k page, physical 7867760k(7444176k free), swap 8076284k(8076284k free)
CommandLine flags: -XX:CMSInitiatingOccupancyFraction=50 -XX:CMSMaxAbortablePrecleanTime=6000 -XX:+CMSParallelRemarkEnabled -XX:+CMSScavengeBeforeRemark -XX:ConcGCThreads=4 -XX:InitialHeapSize=536870912 -XX:MaxHeapSize=536870912 -XX:MaxTenuringThreshold=8 -XX:NewRatio=3 -XX:OldPLABSize=16 -XX:OnOutOfMemoryError=/opt/solr/bin/oom_solr.sh 8983 /var/solr/logs -XX:ParallelGCThreads=4 -XX:+ParallelRefProcEnabled -XX:PretenureSizeThreshold=67108864 -XX:+PrintGC -XX:+PrintGCApplicationStoppedTime -XX:+PrintGCDateStamps -XX:+PrintGCDetails -XX:+PrintGCTimeStamps -XX:+PrintHeapAtGC -XX:+PrintTenuringDistribution -XX:SurvivorRatio=4 -XX:TargetSurvivorRatio=90 -XX:ThreadStackSize=256 -XX:+UseCMSInitiatingOccupancyOnly -XX:+UseCompressedClassPointers -XX:+UseCompressedOops -XX:+UseConcMarkSweepGC -XX:+UseParNewGC 
2017-03-18T09:49:24.929+0100: 0,144: Total time for which application threads were stopped: 0,0000721 seconds, Stopping threads took: 0,0000180 seconds
2017-03-18T09:49:25.042+0100: 0,258: Total time for which application threads were stopped: 0,0001242 seconds, Stopping threads took: 0,0000221 seconds
2017-03-18T09:49:25.069+0100: 0,284: Total time for which application threads were stopped: 0,0000920 seconds, Stopping threads took: 0,0000184 seconds
2017-03-18T09:49:25.376+0100: 0,592: Total time for which application threads were stopped: 0,0001534 seconds, Stopping threads took: 0,0000231 seconds
2017-03-18T09:49:25.946+0100: 1,161: Total time for which application threads were stopped: 0,0001897 seconds, Stopping threads took: 0,0000162 seconds
2017-03-18T09:49:26.009+0100: 1,224: Total time for which application threads were stopped: 0,0001463 seconds, Stopping threads took: 0,0000279 seconds
2017-03-18T09:49:26.025+0100: 1,240: Total time for which application threads were stopped: 0,0002900 seconds, Stopping threads took: 0,0001448 seconds
2017-03-18T09:49:26.288+0100: 1,503: Total time for which application threads were stopped: 0,0002303 seconds, Stopping threads took: 0,0000289 seconds
2017-03-18T09:49:26.525+0100: 1,740: Total time for which application threads were stopped: 0,0002000 seconds, Stopping threads took: 0,0000165 seconds
2017-03-18T09:49:26.552+0100: 1,767: Total time for which application threads were stopped: 0,0001715 seconds, Stopping threads took: 0,0000257 seconds
2017-03-18T09:49:26.593+0100: 1,809: Total time for which application threads were stopped: 0,0002492 seconds, Stopping threads took: 0,0000248 seconds
2017-03-18T09:49:26.596+0100: 1,811: Total time for which application threads were stopped: 0,0012047 seconds, Stopping threads took: 0,0000955 seconds
2017-03-18T09:49:26.616+0100: 1,831: Total time for which application threads were stopped: 0,0001750 seconds, Stopping threads took: 0,0000203 seconds
2017-03-18T09:49:26.701+0100: 1,916: Total time for which application threads were stopped: 0,0002488 seconds, Stopping threads took: 0,0000329 seconds
2017-03-18T09:49:26.865+0100: 2,080: Total time for which application threads were stopped: 0,0002555 seconds, Stopping threads took: 0,0000424 seconds
{Heap before GC invocations=0 (full 0):
 par new generation   total 109248K, used 87424K [0x00000000e0000000, 0x00000000e8000000, 0x00000000e8000000)
  eden space 87424K, 100% used [0x00000000e0000000, 0x00000000e5560000, 0x00000000e5560000)
  from space 21824K,   0% used [0x00000000e5560000, 0x00000000e5560000, 0x00000000e6ab0000)
  to   space 21824K,   0% used [0x00000000e6ab0000, 0x00000000e6ab0000, 0x00000000e8000000)
 concurrent mark-sweep generation total 393216K, used 0K [0x00000000e8000000, 0x0000000100000000, 0x0000000100000000)
 Metaspace       used 17830K, capacity 18176K, committed 18304K, reserved 1064960K
  class space    used 2025K, capacity 2164K, committed 2176K, reserved 1048576K
2017-03-18T09:49:26.912+0100: 2,127: [GC (Allocation Failure) 2017-03-18T09:49:26.912+0100: 2,127: [ParNew
Desired survivor size 20112992 bytes, new threshold 8 (max 8)
- age   1:   11683520 bytes,   11683520 total
: 87424K->11519K(109248K), 0,0152205 secs] 87424K->11519K(502464K), 0,0153018 secs] [Times: user=0,04 sys=0,02, real=0,01 secs] 
Heap after GC invocations=1 (full 0):
 par new generation   total 109248K, used 11519K [0x00000000e0000000, 0x00000000e8000000, 0x00000000e8000000)
  eden space 87424K,   0% used [0x00000000e0000000, 0x00000000e0000000, 0x00000000e5560000)
  from space 21824K,  52% used [0x00000000e6ab0000, 0x00000000e75efc60, 0x00000000e8000000)
  to   space 21824K,   0% used [0x00000000e5560000, 0x00000000e5560000, 0x00000000e6ab0000)
 concurrent mark-sweep generation total 393216K, used 0K [0x00000000e8000000, 0x0000000100000000, 0x0000000100000000)
 Metaspace       used 17830K, capacity 18176K, committed 18304K, reserved 1064960K
  class space    used 2025K, capacity 2164K, committed 2176K, reserved 1048576K
}
2017-03-18T09:49:26.927+0100: 2,143: Total time for which application threads were stopped: 0,0154787 seconds, Stopping threads took: 0,0000225 seconds
2017-03-18T09:49:27.295+0100: 2,510: Total time for which application threads were stopped: 0,0003149 seconds, Stopping threads took: 0,0000393 seconds
{Heap before GC invocations=1 (full 0):
 par new generation   total 109248K, used 98943K [0x00000000e0000000, 0x00000000e8000000, 0x00000000e8000000)
  eden space 87424K, 100% used [0x00000000e0000000, 0x00000000e5560000, 0x00000000e5560000)
  from space 21824K,  52% used [0x00000000e6ab0000, 0x00000000e75efc60, 0x00000000e8000000)
  to   space 21824K,   0% used [0x00000000e5560000, 0x00000000e5560000, 0x00000000e6ab0000)
 concurrent mark-sweep generation total 393216K, used 0K [0x00000000e8000000, 0x0000000100000000, 0x0000000100000000)
 Metaspace       used 20015K, capacity 20374K, committed 20736K, reserved 1067008K
  class space    used 2297K, capacity 2473K, committed 2560K, reserved 1048576K
2017-03-18T09:49:27.330+0100: 2,545: [GC (Allocation Failure) 2017-03-18T09:49:27.330+0100: 2,545: [ParNew
Desired survivor size 20112992 bytes, new threshold 8 (max 8)
- age   1:    4308072 bytes,    4308072 total
- age   2:    6251992 bytes,   10560064 total
: 98943K->12968K(109248K), 0,0279140 secs] 98943K->12968K(502464K), 0,0280143 secs] [Times: user=0,09 sys=0,00, real=0,03 secs] 
Heap after GC invocations=2 (full 0):
 par new generation   total 109248K, used 12968K [0x00000000e0000000, 0x00000000e8000000, 0x00000000e8000000)
  eden space 87424K,   0% used [0x00000000e0000000, 0x00000000e0000000, 0x00000000e5560000)
  from space 21824K,  59% used [0x00000000e5560000, 0x00000000e620a260, 0x00000000e6ab0000)
  to   space 21824K,   0% used [0x00000000e6ab0000, 0x00000000e6ab0000, 0x00000000e8000000)
 concurrent mark-sweep generation total 393216K, used 0K [0x00000000e8000000, 0x0000000100000000, 0x0000000100000000)
 Metaspace       used 20015K, capacity 20374K, committed 20736K, reserved 1067008K
  class space    used 2297K, capacity 2473K, committed 2560K, reserved 1048576K
}
2017-03-18T09:49:27.358+0100: 2,573: Total time for which application threads were stopped: 0,0283488 seconds, Stopping threads took: 0,0001214 seconds
2017-03-18T09:49:27.366+0100: 2,581: Total time for which application threads were stopped: 0,0025467 seconds, Stopping threads took: 0,0022890 seconds
2017-03-18T09:49:27.394+0100: 2,609: Total time for which application threads were stopped: 0,0021342 seconds, Stopping threads took: 0,0018366 seconds
2017-03-18T09:49:27.550+0100: 2,765: Total time for which application threads were stopped: 0,0007790 seconds, Stopping threads took: 0,0006102 seconds
{Heap before GC invocations=2 (full 0):
 par new generation   total 109248K, used 100392K [0x00000000e0000000, 0x00000000e8000000, 0x00000000e8000000)
  eden space 87424K, 100% used [0x00000000e0000000, 0x00000000e5560000, 0x00000000e5560000)
  from space 21824K,  59% used [0x00000000e5560000, 0x00000000e620a260, 0x00000000e6ab0000)
  to   space 21824K,   0% used [0x00000000e6ab0000, 0x00000000e6ab0000, 0x00000000e8000000)
 concurrent mark-sweep generation total 393216K, used 0K [0x00000000e8000000, 0x0000000100000000, 0x0000000100000000)
 Metaspace       used 20943K, capacity 21296K, committed 21552K, reserved 1069056K
  class space    used 2421K, capacity 2592K, committed 2608K, reserved 1048576K
2017-03-18T09:49:27.565+0100: 2,780: [GC (Allocation Failure) 2017-03-18T09:49:27.565+0100: 2,780: [ParNew
Desired survivor size 20112992 bytes, new threshold 8 (max 8)
- age   1:    2042424 bytes,    2042424 total
- age   2:    1247040 bytes,    3289464 total
- age   3:    6250088 bytes,    9539552 total
: 100392K->16777K(109248K), 0,0162285 secs] 100392K->16777K(502464K), 0,0163100 secs] [Times: user=0,06 sys=0,00, real=0,02 secs] 
Heap after GC invocations=3 (full 0):
 par new generation   total 109248K, used 16777K [0x00000000e0000000, 0x00000000e8000000, 0x00000000e8000000)
  eden space 87424K,   0% used [0x00000000e0000000, 0x00000000e0000000, 0x00000000e5560000)
  from space 21824K,  76% used [0x00000000e6ab0000, 0x00000000e7b125e0, 0x00000000e8000000)
  to   space 21824K,   0% used [0x00000000e5560000, 0x00000000e5560000, 0x00000000e6ab0000)
 concurrent mark-sweep generation total 393216K, used 0K [0x00000000e8000000, 0x0000000100000000, 0x0000000100000000)
 Metaspace       used 20943K, capacity 21296K, committed 21552K, reserved 1069056K
  class space    used 2421K, capacity 2592K, committed 2608K, reserved 1048576K
}
2017-03-18T09:49:27.581+0100: 2,797: Total time for which application threads were stopped: 0,0165350 seconds, Stopping threads took: 0,0000642 seconds
2017-03-18T09:49:27.582+0100: 2,797: [GC (CMS Initial Mark) [1 CMS-initial-mark: 0K(393216K)] 17515K(502464K), 0,0037090 secs] [Times: user=0,01 sys=0,00, real=0,00 secs] 
2017-03-18T09:49:27.585+0100: 2,801: Total time for which application threads were stopped: 0,0038503 seconds, Stopping threads took: 0,0000438 seconds
2017-03-18T09:49:27.585+0100: 2,801: [CMS-concurrent-mark-start]
2017-03-18T09:49:27.593+0100: 2,808: [CMS-concurrent-mark: 0,007/0,007 secs] [Times: user=0,02 sys=0,01, real=0,01 secs] 
2017-03-18T09:49:27.593+0100: 2,808: [CMS-concurrent-preclean-start]
2017-03-18T09:49:27.594+0100: 2,809: [CMS-concurrent-preclean: 0,001/0,001 secs] [Times: user=0,00 sys=0,00, real=0,00 secs] 
2017-03-18T09:49:27.594+0100: 2,809: [CMS-concurrent-abortable-preclean-start]
2017-03-18T09:49:27.700+0100: 2,915: Total time for which application threads were stopped: 0,0014502 seconds, Stopping threads took: 0,0013418 seconds
{Heap before GC invocations=3 (full 1):
 par new generation   total 109248K, used 104201K [0x00000000e0000000, 0x00000000e8000000, 0x00000000e8000000)
  eden space 87424K, 100% used [0x00000000e0000000, 0x00000000e5560000, 0x00000000e5560000)
  from space 21824K,  76% used [0x00000000e6ab0000, 0x00000000e7b125e0, 0x00000000e8000000)
  to   space 21824K,   0% used [0x00000000e5560000, 0x00000000e5560000, 0x00000000e6ab0000)
 concurrent mark-sweep generation total 393216K, used 0K [0x00000000e8000000, 0x0000000100000000, 0x0000000100000000)
 Metaspace       used 21233K, capacity 21596K, committed 21756K, reserved 1069056K
  class space    used 2452K, capacity 2611K, committed 2736K, reserved 1048576K
2017-03-18T09:49:27.711+0100: 2,926: [GC (Allocation Failure) 2017-03-18T09:49:27.711+0100: 2,926: [ParNew
Desired survivor size 20112992 bytes, new threshold 8 (max 8)
- age   1:     482424 bytes,     482424 total
- age   2:    1467712 bytes,    1950136 total
- age   3:    1210216 bytes,    3160352 total
- age   4:    6250088 bytes,    9410440 total
: 104201K->11394K(109248K), 0,0111841 secs] 104201K->11394K(502464K), 0,0112534 secs] [Times: user=0,03 sys=0,00, real=0,01 secs] 
Heap after GC invocations=4 (full 1):
 par new generation   total 109248K, used 11394K [0x00000000e0000000, 0x00000000e8000000, 0x00000000e8000000)
  eden space 87424K,   0% used [0x00000000e0000000, 0x00000000e0000000, 0x00000000e5560000)
  from space 21824K,  52% used [0x00000000e5560000, 0x00000000e6080a80, 0x00000000e6ab0000)
  to   space 21824K,   0% used [0x00000000e6ab0000, 0x00000000e6ab0000, 0x00000000e8000000)
 concurrent mark-sweep generation total 393216K, used 0K [0x00000000e8000000, 0x0000000100000000, 0x0000000100000000)
 Metaspace       used 21233K, capacity 21596K, committed 21756K, reserved 1069056K
  class space    used 2452K, capacity 2611K, committed 2736K, reserved 1048576K
}
2017-03-18T09:49:27.722+0100: 2,937: Total time for which application threads were stopped: 0,0114247 seconds, Stopping threads took: 0,0000412 seconds
{Heap before GC invocations=4 (full 1):
 par new generation   total 109248K, used 98818K [0x00000000e0000000, 0x00000000e8000000, 0x00000000e8000000)
  eden space 87424K, 100% used [0x00000000e0000000, 0x00000000e5560000, 0x00000000e5560000)
  from space 21824K,  52% used [0x00000000e5560000, 0x00000000e6080a80, 0x00000000e6ab0000)
  to   space 21824K,   0% used [0x00000000e6ab0000, 0x00000000e6ab0000, 0x00000000e8000000)
 concurrent mark-sweep generation total 393216K, used 0K [0x00000000e8000000, 0x0000000100000000, 0x0000000100000000)
 Metaspace       used 21396K, capacity 21826K, committed 21960K, reserved 1069056K
  class space    used 2473K, capacity 2644K, committed 2736K, reserved 1048576K
2017-03-18T09:49:27.802+0100: 3,017: [GC (Allocation Failure) 2017-03-18T09:49:27.802+0100: 3,017: [ParNew
Desired survivor size 20112992 bytes, new threshold 8 (max 8)
- age   1:     495400 bytes,     495400 total
- age   2:     185864 bytes,     681264 total
- age   3:    1467608 bytes,    2148872 total
- age   4:    1210104 bytes,    3358976 total
- age   5:    6250096 bytes,    9609072 total
: 98818K->13874K(109248K), 0,0097927 secs] 98818K->13874K(502464K), 0,0098539 secs] [Times: user=0,04 sys=0,00, real=0,01 secs] 
Heap after GC invocations=5 (full 1):
 par new generation   total 109248K, used 13874K [0x00000000e0000000, 0x00000000e8000000, 0x00000000e8000000)
  eden space 87424K,   0% used [0x00000000e0000000, 0x00000000e0000000, 0x00000000e5560000)
  from space 21824K,  63% used [0x00000000e6ab0000, 0x00000000e783ca30, 0x00000000e8000000)
  to   space 21824K,   0% used [0x00000000e5560000, 0x00000000e5560000, 0x00000000e6ab0000)
 concurrent mark-sweep generation total 393216K, used 0K [0x00000000e8000000, 0x0000000100000000, 0x0000000100000000)
 Metaspace       used 21396K, capacity 21826K, committed 21960K, reserved 1069056K
  class space    used 2473K, capacity 2644K, committed 2736K, reserved 1048576K
}
2017-03-18T09:49:27.812+0100: 3,027: Total time for which application threads were stopped: 0,0106050 seconds, Stopping threads took: 0,0006094 seconds
2017-03-18T09:49:27.835+0100: 3,050: Total time for which application threads were stopped: 0,0001563 seconds, Stopping threads took: 0,0000583 seconds
2017-03-18T09:49:27.835+0100: 3,050: Total time for which application threads were stopped: 0,0000913 seconds, Stopping threads took: 0,0000399 seconds
2017-03-18T09:49:27.862+0100: 3,078: Total time for which application threads were stopped: 0,0004106 seconds, Stopping threads took: 0,0000220 seconds
2017-03-18T09:49:27.890+0100: 3,106: Total time for which application threads were stopped: 0,0001041 seconds, Stopping threads took: 0,0000145 seconds
2017-03-18T09:49:27.911+0100: 3,127: Total time for which application threads were stopped: 0,0000845 seconds, Stopping threads took: 0,0000192 seconds
2017-03-18T09:49:28.022+0100: 3,237: Total time for which application threads were stopped: 0,0002164 seconds, Stopping threads took: 0,0001060 seconds
2017-03-18T09:49:28.070+0100: 3,285: Total time for which application threads were stopped: 0,0002134 seconds, Stopping threads took: 0,0000561 seconds
2017-03-18T09:49:28.076+0100: 3,291: Total time for which application threads were stopped: 0,0004496 seconds, Stopping threads took: 0,0000243 seconds
2017-03-18T09:49:28.102+0100: 3,317: Total time for which application threads were stopped: 0,0039079 seconds, Stopping threads took: 0,0034887 seconds
2017-03-18T09:49:28.109+0100: 3,324: Total time for which application threads were stopped: 0,0001808 seconds, Stopping threads took: 0,0000274 seconds
2017-03-18T09:49:28.148+0100: 3,363: Total time for which application threads were stopped: 0,0001243 seconds, Stopping threads took: 0,0000531 seconds
2017-03-18T09:49:28.250+0100: 3,465: Total time for which application threads were stopped: 0,0002636 seconds, Stopping threads took: 0,0000925 seconds
{Heap before GC invocations=5 (full 1):
 par new generation   total 109248K, used 101298K [0x00000000e0000000, 0x00000000e8000000, 0x00000000e8000000)
  eden space 87424K, 100% used [0x00000000e0000000, 0x00000000e5560000, 0x00000000e5560000)
  from space 21824K,  63% used [0x00000000e6ab0000, 0x00000000e783ca30, 0x00000000e8000000)
  to   space 21824K,   0% used [0x00000000e5560000, 0x00000000e5560000, 0x00000000e6ab0000)
 concurrent mark-sweep generation total 393216K, used 0K [0x00000000e8000000, 0x0000000100000000, 0x0000000100000000)
 Metaspace       used 23721K, capacity 24200K, committed 24412K, reserved 1071104K
  class space    used 2788K, capacity 2987K, committed 3092K, reserved 1048576K
2017-03-18T09:49:28.263+0100: 3,478: [GC (Allocation Failure) 2017-03-18T09:49:28.263+0100: 3,478: [ParNew
Desired survivor size 20112992 bytes, new threshold 8 (max 8)
- age   1:    4658568 bytes,    4658568 total
- age   2:     120400 bytes,    4778968 total
- age   3:     184408 bytes,    4963376 total
- age   4:     298112 bytes,    5261488 total
- age   5:    1185688 bytes,    6447176 total
- age   6:    6242064 bytes,   12689240 total
: 101298K->16503K(109248K), 0,0134218 secs] 101298K->16503K(502464K), 0,0135089 secs] [Times: user=0,05 sys=0,00, real=0,01 secs] 
Heap after GC invocations=6 (full 1):
 par new generation   total 109248K, used 16503K [0x00000000e0000000, 0x00000000e8000000, 0x00000000e8000000)
  eden space 87424K,   0% used [0x00000000e0000000, 0x00000000e0000000, 0x00000000e5560000)
  from space 21824K,  75% used [0x00000000e5560000, 0x00000000e657dc60, 0x00000000e6ab0000)
  to   space 21824K,   0% used [0x00000000e6ab0000, 0x00000000e6ab0000, 0x00000000e8000000)
 concurrent mark-sweep generation total 393216K, used 0K [0x00000000e8000000, 0x0000000100000000, 0x0000000100000000)
 Metaspace       used 23721K, capacity 24200K, committed 24412K, reserved 1071104K
  class space    used 2788K, capacity 2987K, committed 3092K, reserved 1048576K
}
2017-03-18T09:49:28.276+0100: 3,491: Total time for which application threads were stopped: 0,0137357 seconds, Stopping threads took: 0,0000513 seconds
2017-03-18T09:49:28.276+0100: 3,491: [CMS-concurrent-abortable-preclean: 0,495/0,682 secs] [Times: user=2,44 sys=0,04, real=0,68 secs] 
2017-03-18T09:49:28.282+0100: 3,497: [GC (CMS Final Remark) [YG occupancy: 19339 K (109248 K)]{Heap before GC invocations=6 (full 1):
 par new generation   total 109248K, used 19339K [0x00000000e0000000, 0x00000000e8000000, 0x00000000e8000000)
  eden space 87424K,   3% used [0x00000000e0000000, 0x00000000e02c5200, 0x00000000e5560000)
  from space 21824K,  75% used [0x00000000e5560000, 0x00000000e657dc60, 0x00000000e6ab0000)
  to   space 21824K,   0% used [0x00000000e6ab0000, 0x00000000e6ab0000, 0x00000000e8000000)
 concurrent mark-sweep generation total 393216K, used 0K [0x00000000e8000000, 0x0000000100000000, 0x0000000100000000)
 Metaspace       used 23721K, capacity 24200K, committed 24412K, reserved 1071104K
  class space    used 2788K, capacity 2987K, committed 3092K, reserved 1048576K
2017-03-18T09:49:28.282+0100: 3,497: [GC (CMS Final Remark) 2017-03-18T09:49:28.282+0100: 3,497: [ParNew
Desired survivor size 20112992 bytes, new threshold 8 (max 8)
- age   1:     192216 bytes,     192216 total
- age   2:    1705328 bytes,    1897544 total
- age   3:      68072 bytes,    1965616 total
- age   4:     110544 bytes,    2076160 total
- age   5:     192792 bytes,    2268952 total
- age   6:     911552 bytes,    3180504 total
- age   7:    5951264 bytes,    9131768 total
: 19339K->13549K(109248K), 0,0130556 secs] 19339K->13549K(502464K), 0,0131085 secs] [Times: user=0,04 sys=0,00, real=0,01 secs] 
Heap after GC invocations=7 (full 1):
 par new generation   total 109248K, used 13549K [0x00000000e0000000, 0x00000000e8000000, 0x00000000e8000000)
  eden space 87424K,   0% used [0x00000000e0000000, 0x00000000e0000000, 0x00000000e5560000)
  from space 21824K,  62% used [0x00000000e6ab0000, 0x00000000e77eb768, 0x00000000e8000000)
  to   space 21824K,   0% used [0x00000000e5560000, 0x00000000e5560000, 0x00000000e6ab0000)
 concurrent mark-sweep generation total 393216K, used 0K [0x00000000e8000000, 0x0000000100000000, 0x0000000100000000)
 Metaspace       used 23721K, capacity 24200K, committed 24412K, reserved 1071104K
  class space    used 2788K, capacity 2987K, committed 3092K, reserved 1048576K
}
2017-03-18T09:49:28.295+0100: 3,510: [Rescan (parallel) , 0,0053085 secs]2017-03-18T09:49:28.300+0100: 3,516: [weak refs processing, 0,0015233 secs]2017-03-18T09:49:28.302+0100: 3,517: [class unloading, 0,0036088 secs]2017-03-18T09:49:28.306+0100: 3,521: [scrub symbol table, 0,0049474 secs]2017-03-18T09:49:28.311+0100: 3,526: [scrub string table, 0,0005084 secs][1 CMS-remark: 0K(393216K)] 13549K(502464K), 0,0299218 secs] [Times: user=0,09 sys=0,00, real=0,03 secs] 
2017-03-18T09:49:28.312+0100: 3,527: Total time for which application threads were stopped: 0,0334975 seconds, Stopping threads took: 0,0034557 seconds
2017-03-18T09:49:28.312+0100: 3,527: [CMS-concurrent-sweep-start]
2017-03-18T09:49:28.312+0100: 3,527: [CMS-concurrent-sweep: 0,000/0,000 secs] [Times: user=0,00 sys=0,00, real=0,00 secs] 
2017-03-18T09:49:28.312+0100: 3,527: [CMS-concurrent-reset-start]
2017-03-18T09:49:28.315+0100: 3,530: [CMS-concurrent-reset: 0,003/0,003 secs] [Times: user=0,01 sys=0,00, real=0,00 secs] 
{Heap before GC invocations=7 (full 1):
 par new generation   total 109248K, used 100973K [0x00000000e0000000, 0x00000000e8000000, 0x00000000e8000000)
  eden space 87424K, 100% used [0x00000000e0000000, 0x00000000e5560000, 0x00000000e5560000)
  from space 21824K,  62% used [0x00000000e6ab0000, 0x00000000e77eb768, 0x00000000e8000000)
  to   space 21824K,   0% used [0x00000000e5560000, 0x00000000e5560000, 0x00000000e6ab0000)
 concurrent mark-sweep generation total 393216K, used 0K [0x00000000e8000000, 0x0000000100000000, 0x0000000100000000)
 Metaspace       used 24195K, capacity 24718K, committed 24924K, reserved 1071104K
  class space    used 2849K, capacity 3052K, committed 3092K, reserved 1048576K
2017-03-18T09:49:28.433+0100: 3,648: [GC (Allocation Failure) 2017-03-18T09:49:28.433+0100: 3,648: [ParNew
Desired survivor size 20112992 bytes, new threshold 8 (max 8)
- age   1:    1875160 bytes,    1875160 total
- age   2:         32 bytes,    1875192 total
- age   3:    1661000 bytes,    3536192 total
- age   4:      68072 bytes,    3604264 total
- age   5:     110440 bytes,    3714704 total
- age   6:     193024 bytes,    3907728 total
- age   7:     911552 bytes,    4819280 total
- age   8:    5951312 bytes,   10770592 total
: 100973K->12138K(109248K), 0,0348047 secs] 100973K->12138K(502464K), 0,0348786 secs] [Times: user=0,10 sys=0,00, real=0,03 secs] 
Heap after GC invocations=8 (full 1):
 par new generation   total 109248K, used 12138K [0x00000000e0000000, 0x00000000e8000000, 0x00000000e8000000)
  eden space 87424K,   0% used [0x00000000e0000000, 0x00000000e0000000, 0x00000000e5560000)
  from space 21824K,  55% used [0x00000000e5560000, 0x00000000e613aa98, 0x00000000e6ab0000)
  to   space 21824K,   0% used [0x00000000e6ab0000, 0x00000000e6ab0000, 0x00000000e8000000)
 concurrent mark-sweep generation total 393216K, used 0K [0x00000000e8000000, 0x0000000100000000, 0x0000000100000000)
 Metaspace       used 24195K, capacity 24718K, committed 24924K, reserved 1071104K
  class space    used 2849K, capacity 3052K, committed 3092K, reserved 1048576K
}
2017-03-18T09:49:28.468+0100: 3,683: Total time for which application threads were stopped: 0,0359129 seconds, Stopping threads took: 0,0007984 seconds
{Heap before GC invocations=8 (full 1):
 par new generation   total 109248K, used 99562K [0x00000000e0000000, 0x00000000e8000000, 0x00000000e8000000)
  eden space 87424K, 100% used [0x00000000e0000000, 0x00000000e5560000, 0x00000000e5560000)
  from space 21824K,  55% used [0x00000000e5560000, 0x00000000e613aa98, 0x00000000e6ab0000)
  to   space 21824K,   0% used [0x00000000e6ab0000, 0x00000000e6ab0000, 0x00000000e8000000)
 concurrent mark-sweep generation total 393216K, used 0K [0x00000000e8000000, 0x0000000100000000, 0x0000000100000000)
 Metaspace       used 24593K, capacity 25096K, committed 25180K, reserved 1071104K
  class space    used 2883K, capacity 3089K, committed 3092K, reserved 1048576K
2017-03-18T09:49:28.572+0100: 3,788: [GC (Allocation Failure) 2017-03-18T09:49:28.572+0100: 3,788: [ParNew
Desired survivor size 20112992 bytes, new threshold 8 (max 8)
- age   1:     874888 bytes,     874888 total
- age   2:    1001720 bytes,    1876608 total
- age   3:         32 bytes,    1876640 total
- age   4:    1654672 bytes,    3531312 total
- age   5:      68008 bytes,    3599320 total
- age   6:     107696 bytes,    3707016 total
- age   7:     189928 bytes,    3896944 total
- age   8:     909952 bytes,    4806896 total
: 99562K->11027K(109248K), 0,0270495 secs] 99562K->16921K(502464K), 0,0271298 secs] [Times: user=0,09 sys=0,00, real=0,03 secs] 
Heap after GC invocations=9 (full 1):
 par new generation   total 109248K, used 11027K [0x00000000e0000000, 0x00000000e8000000, 0x00000000e8000000)
  eden space 87424K,   0% used [0x00000000e0000000, 0x00000000e0000000, 0x00000000e5560000)
  from space 21824K,  50% used [0x00000000e6ab0000, 0x00000000e7574ea0, 0x00000000e8000000)
  to   space 21824K,   0% used [0x00000000e5560000, 0x00000000e5560000, 0x00000000e6ab0000)
 concurrent mark-sweep generation total 393216K, used 5893K [0x00000000e8000000, 0x0000000100000000, 0x0000000100000000)
 Metaspace       used 24593K, capacity 25096K, committed 25180K, reserved 1071104K
  class space    used 2883K, capacity 3089K, committed 3092K, reserved 1048576K
}
2017-03-18T09:49:28.600+0100: 3,815: Total time for which application threads were stopped: 0,0273667 seconds, Stopping threads took: 0,0000889 seconds
2017-03-18T09:49:28.831+0100: 4,047: Total time for which application threads were stopped: 0,0005066 seconds, Stopping threads took: 0,0000646 seconds
2017-03-18T09:49:28.834+0100: 4,049: Total time for which application threads were stopped: 0,0001587 seconds, Stopping threads took: 0,0000576 seconds
2017-03-18T09:49:28.836+0100: 4,051: Total time for which application threads were stopped: 0,0001103 seconds, Stopping threads took: 0,0000464 seconds
2017-03-18T09:49:28.837+0100: 4,052: Total time for which application threads were stopped: 0,0002616 seconds, Stopping threads took: 0,0001734 seconds
2017-03-18T09:49:28.840+0100: 4,055: Total time for which application threads were stopped: 0,0025885 seconds, Stopping threads took: 0,0025308 seconds
2017-03-18T09:49:28.841+0100: 4,056: Total time for which application threads were stopped: 0,0001082 seconds, Stopping threads took: 0,0000369 seconds
2017-03-18T09:49:28.844+0100: 4,059: Total time for which application threads were stopped: 0,0001243 seconds, Stopping threads took: 0,0000375 seconds
2017-03-18T09:49:28.844+0100: 4,059: Total time for which application threads were stopped: 0,0000888 seconds, Stopping threads took: 0,0000307 seconds
2017-03-18T09:49:28.845+0100: 4,060: Total time for which application threads were stopped: 0,0001399 seconds, Stopping threads took: 0,0000708 seconds
2017-03-18T09:49:28.878+0100: 4,094: Total time for which application threads were stopped: 0,0001700 seconds, Stopping threads took: 0,0000381 seconds
2017-03-18T09:49:28.889+0100: 4,104: Total time for which application threads were stopped: 0,0001377 seconds, Stopping threads took: 0,0000427 seconds
2017-03-18T09:49:28.893+0100: 4,108: Total time for which application threads were stopped: 0,0004846 seconds, Stopping threads took: 0,0000456 seconds
2017-03-18T09:49:28.895+0100: 4,110: Total time for which application threads were stopped: 0,0001186 seconds, Stopping threads took: 0,0000338 seconds
2017-03-18T09:49:28.910+0100: 4,125: Total time for which application threads were stopped: 0,0001623 seconds, Stopping threads took: 0,0000421 seconds
2017-03-18T09:49:28.911+0100: 4,126: Total time for which application threads were stopped: 0,0004338 seconds, Stopping threads took: 0,0000150 seconds
2017-03-18T09:49:28.918+0100: 4,133: Total time for which application threads were stopped: 0,0021580 seconds, Stopping threads took: 0,0020553 seconds
2017-03-18T09:49:28.920+0100: 4,135: Total time for which application threads were stopped: 0,0001563 seconds, Stopping threads took: 0,0000395 seconds
2017-03-18T09:49:29.017+0100: 4,232: Total time for which application threads were stopped: 0,0008422 seconds, Stopping threads took: 0,0004129 seconds
2017-03-18T09:49:29.058+0100: 4,274: Total time for which application threads were stopped: 0,0002134 seconds, Stopping threads took: 0,0000818 seconds
2017-03-18T09:49:29.058+0100: 4,274: Total time for which application threads were stopped: 0,0000955 seconds, Stopping threads took: 0,0000326 seconds
2017-03-18T09:49:29.059+0100: 4,274: Total time for which application threads were stopped: 0,0001250 seconds, Stopping threads took: 0,0000235 seconds
2017-03-18T09:49:29.059+0100: 4,275: Total time for which application threads were stopped: 0,0000716 seconds, Stopping threads took: 0,0000113 seconds
2017-03-18T09:49:29.060+0100: 4,276: Total time for which application threads were stopped: 0,0001186 seconds, Stopping threads took: 0,0000389 seconds
2017-03-18T09:49:29.073+0100: 4,288: Total time for which application threads were stopped: 0,0008341 seconds, Stopping threads took: 0,0006910 seconds
2017-03-18T09:49:29.073+0100: 4,289: Total time for which application threads were stopped: 0,0001263 seconds, Stopping threads took: 0,0000350 seconds
2017-03-18T09:49:29.073+0100: 4,289: Total time for which application threads were stopped: 0,0000991 seconds, Stopping threads took: 0,0000218 seconds
2017-03-18T09:49:29.073+0100: 4,289: Total time for which application threads were stopped: 0,0000856 seconds, Stopping threads took: 0,0000188 seconds
2017-03-18T09:49:29.074+0100: 4,290: Total time for which application threads were stopped: 0,0006341 seconds, Stopping threads took: 0,0005305 seconds
2017-03-18T09:49:29.075+0100: 4,290: Total time for which application threads were stopped: 0,0002310 seconds, Stopping threads took: 0,0000290 seconds
2017-03-18T09:49:29.076+0100: 4,291: Total time for which application threads were stopped: 0,0005031 seconds, Stopping threads took: 0,0003916 seconds
2017-03-18T09:49:29.076+0100: 4,292: Total time for which application threads were stopped: 0,0001264 seconds, Stopping threads took: 0,0000300 seconds
2017-03-18T09:49:29.077+0100: 4,292: Total time for which application threads were stopped: 0,0001003 seconds, Stopping threads took: 0,0000255 seconds
2017-03-18T09:49:29.078+0100: 4,293: Total time for which application threads were stopped: 0,0001176 seconds, Stopping threads took: 0,0000324 seconds
2017-03-18T09:49:29.078+0100: 4,293: Total time for which application threads were stopped: 0,0001029 seconds, Stopping threads took: 0,0000270 seconds
2017-03-18T09:49:29.078+0100: 4,294: Total time for which application threads were stopped: 0,0000964 seconds, Stopping threads took: 0,0000238 seconds
2017-03-18T09:49:29.079+0100: 4,294: Total time for which application threads were stopped: 0,0000921 seconds, Stopping threads took: 0,0000256 seconds
2017-03-18T09:49:29.079+0100: 4,294: Total time for which application threads were stopped: 0,0000966 seconds, Stopping threads took: 0,0000235 seconds
2017-03-18T09:49:29.079+0100: 4,295: Total time for which application threads were stopped: 0,0000845 seconds, Stopping threads took: 0,0000233 seconds
2017-03-18T09:49:29.080+0100: 4,295: Total time for which application threads were stopped: 0,0000822 seconds, Stopping threads took: 0,0000208 seconds
2017-03-18T09:49:29.080+0100: 4,295: Total time for which application threads were stopped: 0,0000922 seconds, Stopping threads took: 0,0000233 seconds
2017-03-18T09:49:29.080+0100: 4,296: Total time for which application threads were stopped: 0,0001003 seconds, Stopping threads took: 0,0000258 seconds
2017-03-18T09:49:29.081+0100: 4,297: Total time for which application threads were stopped: 0,0001093 seconds, Stopping threads took: 0,0000304 seconds
2017-03-18T09:49:29.086+0100: 4,301: Total time for which application threads were stopped: 0,0016251 seconds, Stopping threads took: 0,0015214 seconds
2017-03-18T09:49:29.089+0100: 4,304: Total time for which application threads were stopped: 0,0001405 seconds, Stopping threads took: 0,0000305 seconds
2017-03-18T09:49:29.096+0100: 4,311: Total time for which application threads were stopped: 0,0042036 seconds, Stopping threads took: 0,0041082 seconds
2017-03-18T09:49:29.114+0100: 4,329: Total time for which application threads were stopped: 0,0035500 seconds, Stopping threads took: 0,0034140 seconds
2017-03-18T09:49:29.134+0100: 4,349: Total time for which application threads were stopped: 0,0098062 seconds, Stopping threads took: 0,0096945 seconds
2017-03-18T09:49:29.192+0100: 4,407: Total time for which application threads were stopped: 0,0002658 seconds, Stopping threads took: 0,0001214 seconds
2017-03-18T09:49:29.194+0100: 4,410: Total time for which application threads were stopped: 0,0001460 seconds, Stopping threads took: 0,0000383 seconds
2017-03-18T09:49:29.196+0100: 4,411: Total time for which application threads were stopped: 0,0001127 seconds, Stopping threads took: 0,0000197 seconds
2017-03-18T09:49:29.197+0100: 4,413: Total time for which application threads were stopped: 0,0001305 seconds, Stopping threads took: 0,0000438 seconds
2017-03-18T09:49:29.198+0100: 4,414: Total time for which application threads were stopped: 0,0001304 seconds, Stopping threads took: 0,0000347 seconds
2017-03-18T09:49:29.210+0100: 4,425: Total time for which application threads were stopped: 0,0023869 seconds, Stopping threads took: 0,0021808 seconds
2017-03-18T09:49:30.210+0100: 5,425: Total time for which application threads were stopped: 0,0000681 seconds, Stopping threads took: 0,0000211 seconds
{Heap before GC invocations=9 (full 1):
 par new generation   total 109248K, used 98451K [0x00000000e0000000, 0x00000000e8000000, 0x00000000e8000000)
  eden space 87424K, 100% used [0x00000000e0000000, 0x00000000e5560000, 0x00000000e5560000)
  from space 21824K,  50% used [0x00000000e6ab0000, 0x00000000e7574ea0, 0x00000000e8000000)
  to   space 21824K,   0% used [0x00000000e5560000, 0x00000000e5560000, 0x00000000e6ab0000)
 concurrent mark-sweep generation total 393216K, used 5893K [0x00000000e8000000, 0x0000000100000000, 0x0000000100000000)
 Metaspace       used 27986K, capacity 28524K, committed 28816K, reserved 1075200K
  class space    used 3217K, capacity 3395K, committed 3476K, reserved 1048576K
2017-03-18T09:49:35.956+0100: 11,171: [GC (Allocation Failure) 2017-03-18T09:49:35.956+0100: 11,171: [ParNew
Desired survivor size 20112992 bytes, new threshold 8 (max 8)
- age   1:   11047624 bytes,   11047624 total
- age   2:     212792 bytes,   11260416 total
- age   3:     214208 bytes,   11474624 total
- age   4:         32 bytes,   11474656 total
- age   5:    1648552 bytes,   13123208 total
- age   6:      68008 bytes,   13191216 total
- age   7:     107568 bytes,   13298784 total
- age   8:     189568 bytes,   13488352 total
: 98451K->14798K(109248K), 0,0222484 secs] 104345K->21690K(502464K), 0,0223310 secs] [Times: user=0,05 sys=0,00, real=0,03 secs] 
Heap after GC invocations=10 (full 1):
 par new generation   total 109248K, used 14798K [0x00000000e0000000, 0x00000000e8000000, 0x00000000e8000000)
  eden space 87424K,   0% used [0x00000000e0000000, 0x00000000e0000000, 0x00000000e5560000)
  from space 21824K,  67% used [0x00000000e5560000, 0x00000000e63d3848, 0x00000000e6ab0000)
  to   space 21824K,   0% used [0x00000000e6ab0000, 0x00000000e6ab0000, 0x00000000e8000000)
 concurrent mark-sweep generation total 393216K, used 6892K [0x00000000e8000000, 0x0000000100000000, 0x0000000100000000)
 Metaspace       used 27986K, capacity 28524K, committed 28816K, reserved 1075200K
  class space    used 3217K, capacity 3395K, committed 3476K, reserved 1048576K
}
2017-03-18T09:49:35.978+0100: 11,193: Total time for which application threads were stopped: 0,0225044 seconds, Stopping threads took: 0,0000276 seconds
2017-03-18T09:49:35.979+0100: 11,195: Total time for which application threads were stopped: 0,0000999 seconds, Stopping threads took: 0,0000367 seconds
2017-03-18T09:49:35.982+0100: 11,197: Total time for which application threads were stopped: 0,0000898 seconds, Stopping threads took: 0,0000255 seconds
2017-03-18T09:51:21.377+0100: 117,209: Total time for which application threads were stopped: 0,0001161 seconds, Stopping threads took: 0,0000378 seconds
2017-03-18T09:51:26.377+0100: 122,210: Total time for which application threads were stopped: 0,0001147 seconds, Stopping threads took: 0,0000291 seconds
2017-03-18T09:52:25.385+0100: 181,217: Total time for which application threads were stopped: 0,0004284 seconds, Stopping threads took: 0,0002214 seconds
2017-03-18T09:54:00.395+0100: 276,228: Total time for which application threads were stopped: 0,0001014 seconds, Stopping threads took: 0,0000406 seconds
2017-03-18T09:54:45.400+0100: 321,233: Total time for which application threads were stopped: 0,0000837 seconds, Stopping threads took: 0,0000329 seconds
2017-03-18T09:59:46.434+0100: 622,266: Total time for which application threads were stopped: 0,0000790 seconds, Stopping threads took: 0,0000295 seconds
2017-03-18T10:05:25.473+0100: 961,305: Total time for which application threads were stopped: 0,0000862 seconds, Stopping threads took: 0,0000312 seconds
2017-03-18T10:05:26.473+0100: 962,306: Total time for which application threads were stopped: 0,0004762 seconds, Stopping threads took: 0,0001101 seconds
2017-03-18T10:12:55.518+0100: 1411,351: Total time for which application threads were stopped: 0,0001723 seconds, Stopping threads took: 0,0000712 seconds
2017-03-18T10:16:20.539+0100: 1616,372: Total time for which application threads were stopped: 0,0001001 seconds, Stopping threads took: 0,0000350 seconds
2017-03-18T10:24:31.590+0100: 2107,422: Total time for which application threads were stopped: 0,0001197 seconds, Stopping threads took: 0,0000469 seconds
2017-03-18T10:27:56.612+0100: 2312,444: Total time for which application threads were stopped: 0,0001012 seconds, Stopping threads took: 0,0000371 seconds
2017-03-18T10:28:00.612+0100: 2316,445: Total time for which application threads were stopped: 0,0000678 seconds, Stopping threads took: 0,0000155 seconds
2017-03-18T10:44:46.715+0100: 3322,548: Total time for which application threads were stopped: 0,0000908 seconds, Stopping threads took: 0,0000344 seconds
2017-03-18T10:56:20.797+0100: 4016,630: Total time for which application threads were stopped: 0,0004621 seconds, Stopping threads took: 0,0001858 seconds
2017-03-18T10:56:35.799+0100: 4031,632: Total time for which application threads were stopped: 0,0001252 seconds, Stopping threads took: 0,0000520 seconds
2017-03-18T11:10:21.905+0100: 4857,738: Total time for which application threads were stopped: 0,0004286 seconds, Stopping threads took: 0,0001716 seconds
2017-03-18T11:11:01.909+0100: 4897,741: Total time for which application threads were stopped: 0,0001439 seconds, Stopping threads took: 0,0000516 seconds
2017-03-18T11:17:18.909+0100: 5274,741: Total time for which application threads were stopped: 0,0204242 seconds, Stopping threads took: 0,0202817 seconds
2017-03-18T11:17:18.912+0100: 5274,744: Total time for which application threads were stopped: 0,0007324 seconds, Stopping threads took: 0,0006299 seconds
2017-03-18T11:17:18.915+0100: 5274,747: Total time for which application threads were stopped: 0,0001181 seconds, Stopping threads took: 0,0000367 seconds
2017-03-18T11:17:18.917+0100: 5274,749: Total time for which application threads were stopped: 0,0000929 seconds, Stopping threads took: 0,0000271 seconds
2017-03-18T11:17:18.917+0100: 5274,750: Total time for which application threads were stopped: 0,0000990 seconds, Stopping threads took: 0,0000384 seconds
2017-03-18T11:17:18.921+0100: 5274,754: Total time for which application threads were stopped: 0,0001160 seconds, Stopping threads took: 0,0000209 seconds
2017-03-18T11:17:18.921+0100: 5274,754: Total time for which application threads were stopped: 0,0000581 seconds, Stopping threads took: 0,0000168 seconds
2017-03-18T11:17:18.922+0100: 5274,754: Total time for which application threads were stopped: 0,0000606 seconds, Stopping threads took: 0,0000206 seconds
2017-03-18T11:17:18.923+0100: 5274,755: Total time for which application threads were stopped: 0,0002027 seconds, Stopping threads took: 0,0001113 seconds
2017-03-18T11:17:18.923+0100: 5274,756: Total time for which application threads were stopped: 0,0000566 seconds, Stopping threads took: 0,0000149 seconds
2017-03-18T11:17:18.923+0100: 5274,756: Total time for which application threads were stopped: 0,0000722 seconds, Stopping threads took: 0,0000133 seconds
2017-03-18T11:17:18.969+0100: 5274,802: Total time for which application threads were stopped: 0,0092895 seconds, Stopping threads took: 0,0092014 seconds
2017-03-18T11:17:18.973+0100: 5274,805: Total time for which application threads were stopped: 0,0033146 seconds, Stopping threads took: 0,0032054 seconds
2017-03-18T11:17:18.973+0100: 5274,806: Total time for which application threads were stopped: 0,0001631 seconds, Stopping threads took: 0,0001023 seconds
2017-03-18T11:17:18.977+0100: 5274,809: Total time for which application threads were stopped: 0,0001008 seconds, Stopping threads took: 0,0000215 seconds
2017-03-18T11:17:18.981+0100: 5274,813: Total time for which application threads were stopped: 0,0000956 seconds, Stopping threads took: 0,0000211 seconds
2017-03-18T11:17:18.984+0100: 5274,816: Total time for which application threads were stopped: 0,0000936 seconds, Stopping threads took: 0,0000169 seconds
2017-03-18T11:17:18.984+0100: 5274,817: Total time for which application threads were stopped: 0,0000850 seconds, Stopping threads took: 0,0000215 seconds
2017-03-18T11:17:18.985+0100: 5274,817: Total time for which application threads were stopped: 0,0000603 seconds, Stopping threads took: 0,0000147 seconds
2017-03-18T11:17:18.992+0100: 5274,825: Total time for which application threads were stopped: 0,0000967 seconds, Stopping threads took: 0,0000217 seconds
2017-03-18T11:17:18.993+0100: 5274,826: Total time for which application threads were stopped: 0,0000987 seconds, Stopping threads took: 0,0000220 seconds
2017-03-18T11:17:18.994+0100: 5274,826: Total time for which application threads were stopped: 0,0000652 seconds, Stopping threads took: 0,0000102 seconds
2017-03-18T11:17:18.994+0100: 5274,826: Total time for which application threads were stopped: 0,0000390 seconds, Stopping threads took: 0,0000057 seconds
2017-03-18T11:17:18.994+0100: 5274,826: Total time for which application threads were stopped: 0,0000344 seconds, Stopping threads took: 0,0000052 seconds
2017-03-18T11:17:18.994+0100: 5274,826: Total time for which application threads were stopped: 0,0000340 seconds, Stopping threads took: 0,0000048 seconds
2017-03-18T11:17:18.994+0100: 5274,826: Total time for which application threads were stopped: 0,0000326 seconds, Stopping threads took: 0,0000050 seconds
2017-03-18T11:17:18.994+0100: 5274,827: Total time for which application threads were stopped: 0,0000331 seconds, Stopping threads took: 0,0000049 seconds
2017-03-18T11:17:18.995+0100: 5274,828: Total time for which application threads were stopped: 0,0001094 seconds, Stopping threads took: 0,0000361 seconds
2017-03-18T11:17:18.996+0100: 5274,828: Total time for which application threads were stopped: 0,0000460 seconds, Stopping threads took: 0,0000096 seconds
2017-03-18T11:17:18.996+0100: 5274,828: Total time for which application threads were stopped: 0,0000352 seconds, Stopping threads took: 0,0000051 seconds
2017-03-18T11:17:18.996+0100: 5274,828: Total time for which application threads were stopped: 0,0000445 seconds, Stopping threads took: 0,0000087 seconds
2017-03-18T11:17:18.997+0100: 5274,829: Total time for which application threads were stopped: 0,0007122 seconds, Stopping threads took: 0,0006522 seconds
2017-03-18T11:17:18.997+0100: 5274,829: Total time for which application threads were stopped: 0,0000479 seconds, Stopping threads took: 0,0000098 seconds
2017-03-18T11:17:18.997+0100: 5274,829: Total time for which application threads were stopped: 0,0000372 seconds, Stopping threads took: 0,0000052 seconds
2017-03-18T11:17:18.997+0100: 5274,829: Total time for which application threads were stopped: 0,0000342 seconds, Stopping threads took: 0,0000050 seconds
2017-03-18T11:17:18.999+0100: 5274,832: Total time for which application threads were stopped: 0,0001207 seconds, Stopping threads took: 0,0000449 seconds
2017-03-18T11:17:19.000+0100: 5274,832: Total time for which application threads were stopped: 0,0000916 seconds, Stopping threads took: 0,0000447 seconds
2017-03-18T11:17:19.000+0100: 5274,832: Total time for which application threads were stopped: 0,0000672 seconds, Stopping threads took: 0,0000268 seconds
2017-03-18T11:17:19.000+0100: 5274,833: Total time for which application threads were stopped: 0,0001666 seconds, Stopping threads took: 0,0000200 seconds
2017-03-18T11:17:19.001+0100: 5274,833: Total time for which application threads were stopped: 0,0000590 seconds, Stopping threads took: 0,0000133 seconds
2017-03-18T11:17:19.002+0100: 5274,835: Total time for which application threads were stopped: 0,0001508 seconds, Stopping threads took: 0,0000455 seconds
2017-03-18T11:17:19.013+0100: 5274,845: Total time for which application threads were stopped: 0,0000939 seconds, Stopping threads took: 0,0000293 seconds
2017-03-18T11:17:19.013+0100: 5274,846: Total time for which application threads were stopped: 0,0001021 seconds, Stopping threads took: 0,0000210 seconds
Heap
 par new generation   total 109248K, used 38938K [0x00000000e0000000, 0x00000000e8000000, 0x00000000e8000000)
  eden space 87424K,  27% used [0x00000000e0000000, 0x00000000e17931f8, 0x00000000e5560000)
  from space 21824K,  67% used [0x00000000e5560000, 0x00000000e63d3848, 0x00000000e6ab0000)
  to   space 21824K,   0% used [0x00000000e6ab0000, 0x00000000e6ab0000, 0x00000000e8000000)
 concurrent mark-sweep generation total 393216K, used 6892K [0x00000000e8000000, 0x0000000100000000, 0x0000000100000000)
 Metaspace       used 28119K, capacity 28628K, committed 28816K, reserved 1075200K
  class space    used 3231K, capacity 3429K, committed 3476K, reserved 1048576K
