OpenJDK 64-Bit Server VM (25.111-b14) for linux-amd64 JRE (1.8.0_111-8u111-b14-2ubuntu0.16.04.2-b14), built on Oct 27 2016 18:10:19 by "buildd" with gcc 5.4.0 20160609
Memory: 4k page, physical 7867840k(7439940k free), swap 8076284k(8076284k free)
CommandLine flags: -XX:CMSInitiatingOccupancyFraction=50 -XX:CMSMaxAbortablePrecleanTime=6000 -XX:+CMSParallelRemarkEnabled -XX:+CMSScavengeBeforeRemark -XX:ConcGCThreads=4 -XX:InitialHeapSize=536870912 -XX:MaxHeapSize=536870912 -XX:MaxTenuringThreshold=8 -XX:NewRatio=3 -XX:OldPLABSize=16 -XX:OnOutOfMemoryError=/opt/solr/bin/oom_solr.sh 8983 /var/solr/logs -XX:ParallelGCThreads=4 -XX:+ParallelRefProcEnabled -XX:PretenureSizeThreshold=67108864 -XX:+PrintGC -XX:+PrintGCApplicationStoppedTime -XX:+PrintGCDateStamps -XX:+PrintGCDetails -XX:+PrintGCTimeStamps -XX:+PrintHeapAtGC -XX:+PrintTenuringDistribution -XX:SurvivorRatio=4 -XX:TargetSurvivorRatio=90 -XX:ThreadStackSize=256 -XX:+UseCMSInitiatingOccupancyOnly -XX:+UseCompressedClassPointers -XX:+UseCompressedOops -XX:+UseConcMarkSweepGC -XX:+UseParNewGC 
2016-12-08T22:52:01.602+0100: 0,128: Total time for which application threads were stopped: 0,0000677 seconds, Stopping threads took: 0,0000089 seconds
2016-12-08T22:52:01.687+0100: 0,213: Total time for which application threads were stopped: 0,0001212 seconds, Stopping threads took: 0,0000121 seconds
2016-12-08T22:52:01.700+0100: 0,227: Total time for which application threads were stopped: 0,0000872 seconds, Stopping threads took: 0,0000107 seconds
2016-12-08T22:52:01.899+0100: 0,425: Total time for which application threads were stopped: 0,0001376 seconds, Stopping threads took: 0,0000171 seconds
2016-12-08T22:52:02.278+0100: 0,804: Total time for which application threads were stopped: 0,0001551 seconds, Stopping threads took: 0,0000217 seconds
2016-12-08T22:52:02.402+0100: 0,928: Total time for which application threads were stopped: 0,0002072 seconds, Stopping threads took: 0,0000340 seconds
2016-12-08T22:52:02.452+0100: 0,978: Total time for which application threads were stopped: 0,0003672 seconds, Stopping threads took: 0,0001699 seconds
2016-12-08T22:52:02.794+0100: 1,320: Total time for which application threads were stopped: 0,0003020 seconds, Stopping threads took: 0,0000155 seconds
2016-12-08T22:52:03.014+0100: 1,540: Total time for which application threads were stopped: 0,0001999 seconds, Stopping threads took: 0,0000149 seconds
2016-12-08T22:52:03.039+0100: 1,566: Total time for which application threads were stopped: 0,0002185 seconds, Stopping threads took: 0,0000205 seconds
2016-12-08T22:52:03.041+0100: 1,567: Total time for which application threads were stopped: 0,0001524 seconds, Stopping threads took: 0,0000099 seconds
2016-12-08T22:52:03.055+0100: 1,581: Total time for which application threads were stopped: 0,0001726 seconds, Stopping threads took: 0,0000262 seconds
2016-12-08T22:52:03.154+0100: 1,681: Total time for which application threads were stopped: 0,0005470 seconds, Stopping threads took: 0,0000269 seconds
2016-12-08T22:52:03.312+0100: 1,838: Total time for which application threads were stopped: 0,0002788 seconds, Stopping threads took: 0,0000579 seconds
{Heap before GC invocations=0 (full 0):
 par new generation   total 109248K, used 87424K [0x00000000e0000000, 0x00000000e8000000, 0x00000000e8000000)
  eden space 87424K, 100% used [0x00000000e0000000, 0x00000000e5560000, 0x00000000e5560000)
  from space 21824K,   0% used [0x00000000e5560000, 0x00000000e5560000, 0x00000000e6ab0000)
  to   space 21824K,   0% used [0x00000000e6ab0000, 0x00000000e6ab0000, 0x00000000e8000000)
 concurrent mark-sweep generation total 393216K, used 0K [0x00000000e8000000, 0x0000000100000000, 0x0000000100000000)
 Metaspace       used 18095K, capacity 18366K, committed 18560K, reserved 1064960K
  class space    used 2053K, capacity 2162K, committed 2176K, reserved 1048576K
2016-12-08T22:52:03.463+0100: 1,989: [GC (Allocation Failure) 2016-12-08T22:52:03.463+0100: 1,989: [ParNew
Desired survivor size 20112992 bytes, new threshold 8 (max 8)
- age   1:   12331280 bytes,   12331280 total
: 87424K->12155K(109248K), 0,0159951 secs] 87424K->12155K(502464K), 0,0161132 secs] [Times: user=0,04 sys=0,02, real=0,02 secs] 
Heap after GC invocations=1 (full 0):
 par new generation   total 109248K, used 12155K [0x00000000e0000000, 0x00000000e8000000, 0x00000000e8000000)
  eden space 87424K,   0% used [0x00000000e0000000, 0x00000000e0000000, 0x00000000e5560000)
  from space 21824K,  55% used [0x00000000e6ab0000, 0x00000000e768ee08, 0x00000000e8000000)
  to   space 21824K,   0% used [0x00000000e5560000, 0x00000000e5560000, 0x00000000e6ab0000)
 concurrent mark-sweep generation total 393216K, used 0K [0x00000000e8000000, 0x0000000100000000, 0x0000000100000000)
 Metaspace       used 18095K, capacity 18366K, committed 18560K, reserved 1064960K
  class space    used 2053K, capacity 2162K, committed 2176K, reserved 1048576K
}
2016-12-08T22:52:03.479+0100: 2,005: Total time for which application threads were stopped: 0,0162963 seconds, Stopping threads took: 0,0000173 seconds
2016-12-08T22:52:03.666+0100: 2,192: Total time for which application threads were stopped: 0,0002477 seconds, Stopping threads took: 0,0000294 seconds
2016-12-08T22:52:03.693+0100: 2,219: Total time for which application threads were stopped: 0,0003321 seconds, Stopping threads took: 0,0000223 seconds
2016-12-08T22:52:03.716+0100: 2,242: Total time for which application threads were stopped: 0,0002730 seconds, Stopping threads took: 0,0000265 seconds
{Heap before GC invocations=1 (full 0):
 par new generation   total 109248K, used 99579K [0x00000000e0000000, 0x00000000e8000000, 0x00000000e8000000)
  eden space 87424K, 100% used [0x00000000e0000000, 0x00000000e5560000, 0x00000000e5560000)
  from space 21824K,  55% used [0x00000000e6ab0000, 0x00000000e768ee08, 0x00000000e8000000)
  to   space 21824K,   0% used [0x00000000e5560000, 0x00000000e5560000, 0x00000000e6ab0000)
 concurrent mark-sweep generation total 393216K, used 0K [0x00000000e8000000, 0x0000000100000000, 0x0000000100000000)
 Metaspace       used 20708K, capacity 21016K, committed 21248K, reserved 1069056K
  class space    used 2403K, capacity 2518K, committed 2560K, reserved 1048576K
2016-12-08T22:52:03.881+0100: 2,407: [GC (Allocation Failure) 2016-12-08T22:52:03.881+0100: 2,407: [ParNew
Desired survivor size 20112992 bytes, new threshold 8 (max 8)
- age   1:    3351504 bytes,    3351504 total
- age   2:    6101464 bytes,    9452968 total
: 99579K->13157K(109248K), 0,0123144 secs] 99579K->13157K(502464K), 0,0123908 secs] [Times: user=0,05 sys=0,00, real=0,02 secs] 
Heap after GC invocations=2 (full 0):
 par new generation   total 109248K, used 13157K [0x00000000e0000000, 0x00000000e8000000, 0x00000000e8000000)
  eden space 87424K,   0% used [0x00000000e0000000, 0x00000000e0000000, 0x00000000e5560000)
  from space 21824K,  60% used [0x00000000e5560000, 0x00000000e6239778, 0x00000000e6ab0000)
  to   space 21824K,   0% used [0x00000000e6ab0000, 0x00000000e6ab0000, 0x00000000e8000000)
 concurrent mark-sweep generation total 393216K, used 0K [0x00000000e8000000, 0x0000000100000000, 0x0000000100000000)
 Metaspace       used 20708K, capacity 21016K, committed 21248K, reserved 1069056K
  class space    used 2403K, capacity 2518K, committed 2560K, reserved 1048576K
}
2016-12-08T22:52:03.893+0100: 2,419: Total time for which application threads were stopped: 0,0126074 seconds, Stopping threads took: 0,0000210 seconds
2016-12-08T22:52:03.953+0100: 2,480: Total time for which application threads were stopped: 0,0000796 seconds, Stopping threads took: 0,0000134 seconds
2016-12-08T22:52:03.985+0100: 2,511: Total time for which application threads were stopped: 0,0000751 seconds, Stopping threads took: 0,0000123 seconds
2016-12-08T22:52:03.985+0100: 2,512: Total time for which application threads were stopped: 0,0002523 seconds, Stopping threads took: 0,0000174 seconds
2016-12-08T22:52:04.011+0100: 2,537: Total time for which application threads were stopped: 0,0000718 seconds, Stopping threads took: 0,0000129 seconds
2016-12-08T22:52:04.088+0100: 2,614: Total time for which application threads were stopped: 0,0001323 seconds, Stopping threads took: 0,0000226 seconds
2016-12-08T22:52:04.105+0100: 2,632: Total time for which application threads were stopped: 0,0000852 seconds, Stopping threads took: 0,0000191 seconds
2016-12-08T22:52:04.113+0100: 2,639: Total time for which application threads were stopped: 0,0003040 seconds, Stopping threads took: 0,0000247 seconds
2016-12-08T22:52:04.121+0100: 2,647: Total time for which application threads were stopped: 0,0002752 seconds, Stopping threads took: 0,0000133 seconds
2016-12-08T22:52:04.130+0100: 2,656: Total time for which application threads were stopped: 0,0001050 seconds, Stopping threads took: 0,0000378 seconds
2016-12-08T22:52:04.156+0100: 2,683: Total time for which application threads were stopped: 0,0000790 seconds, Stopping threads took: 0,0000196 seconds
2016-12-08T22:52:04.178+0100: 2,704: Total time for which application threads were stopped: 0,0000737 seconds, Stopping threads took: 0,0000168 seconds
2016-12-08T22:52:04.196+0100: 2,722: Total time for which application threads were stopped: 0,0000881 seconds, Stopping threads took: 0,0000216 seconds
2016-12-08T22:52:04.214+0100: 2,741: Total time for which application threads were stopped: 0,0000847 seconds, Stopping threads took: 0,0000211 seconds
2016-12-08T22:52:04.246+0100: 2,773: Total time for which application threads were stopped: 0,0001260 seconds, Stopping threads took: 0,0000288 seconds
2016-12-08T22:52:04.294+0100: 2,820: Total time for which application threads were stopped: 0,0001726 seconds, Stopping threads took: 0,0000851 seconds
2016-12-08T22:52:04.326+0100: 2,853: Total time for which application threads were stopped: 0,0001371 seconds, Stopping threads took: 0,0000251 seconds
{Heap before GC invocations=2 (full 0):
 par new generation   total 109248K, used 100581K [0x00000000e0000000, 0x00000000e8000000, 0x00000000e8000000)
  eden space 87424K, 100% used [0x00000000e0000000, 0x00000000e5560000, 0x00000000e5560000)
  from space 21824K,  60% used [0x00000000e5560000, 0x00000000e6239778, 0x00000000e6ab0000)
  to   space 21824K,   0% used [0x00000000e6ab0000, 0x00000000e6ab0000, 0x00000000e8000000)
 concurrent mark-sweep generation total 393216K, used 0K [0x00000000e8000000, 0x0000000100000000, 0x0000000100000000)
 Metaspace       used 24809K, capacity 25221K, committed 25536K, reserved 1071104K
  class space    used 2894K, capacity 3025K, committed 3144K, reserved 1048576K
2016-12-08T22:52:04.347+0100: 2,873: [GC (Allocation Failure) 2016-12-08T22:52:04.347+0100: 2,873: [ParNew
Desired survivor size 20112992 bytes, new threshold 8 (max 8)
- age   1:    5147432 bytes,    5147432 total
- age   2:     541208 bytes,    5688640 total
- age   3:    6084656 bytes,   11773296 total
: 100581K->13353K(109248K), 0,0205683 secs] 100581K->13353K(502464K), 0,0206570 secs] [Times: user=0,06 sys=0,01, real=0,02 secs] 
Heap after GC invocations=3 (full 0):
 par new generation   total 109248K, used 13353K [0x00000000e0000000, 0x00000000e8000000, 0x00000000e8000000)
  eden space 87424K,   0% used [0x00000000e0000000, 0x00000000e0000000, 0x00000000e5560000)
  from space 21824K,  61% used [0x00000000e6ab0000, 0x00000000e77ba570, 0x00000000e8000000)
  to   space 21824K,   0% used [0x00000000e5560000, 0x00000000e5560000, 0x00000000e6ab0000)
 concurrent mark-sweep generation total 393216K, used 0K [0x00000000e8000000, 0x0000000100000000, 0x0000000100000000)
 Metaspace       used 24809K, capacity 25221K, committed 25536K, reserved 1071104K
  class space    used 2894K, capacity 3025K, committed 3144K, reserved 1048576K
}
2016-12-08T22:52:04.368+0100: 2,894: Total time for which application threads were stopped: 0,0208782 seconds, Stopping threads took: 0,0000748 seconds
2016-12-08T22:52:04.369+0100: 2,896: [GC (CMS Initial Mark) [1 CMS-initial-mark: 0K(393216K)] 13799K(502464K), 0,0029501 secs] [Times: user=0,01 sys=0,00, real=0,01 secs] 
2016-12-08T22:52:04.372+0100: 2,899: Total time for which application threads were stopped: 0,0030964 seconds, Stopping threads took: 0,0000510 seconds
2016-12-08T22:52:04.372+0100: 2,899: [CMS-concurrent-mark-start]
2016-12-08T22:52:04.373+0100: 2,899: [CMS-concurrent-mark: 0,001/0,001 secs] [Times: user=0,00 sys=0,00, real=0,00 secs] 
2016-12-08T22:52:04.373+0100: 2,899: [CMS-concurrent-preclean-start]
2016-12-08T22:52:04.374+0100: 2,901: [CMS-concurrent-preclean: 0,001/0,001 secs] [Times: user=0,01 sys=0,00, real=0,00 secs] 
2016-12-08T22:52:04.374+0100: 2,901: [GC (CMS Final Remark) [YG occupancy: 13811 K (109248 K)]{Heap before GC invocations=3 (full 1):
 par new generation   total 109248K, used 13811K [0x00000000e0000000, 0x00000000e8000000, 0x00000000e8000000)
  eden space 87424K,   0% used [0x00000000e0000000, 0x00000000e0072738, 0x00000000e5560000)
  from space 21824K,  61% used [0x00000000e6ab0000, 0x00000000e77ba570, 0x00000000e8000000)
  to   space 21824K,   0% used [0x00000000e5560000, 0x00000000e5560000, 0x00000000e6ab0000)
 concurrent mark-sweep generation total 393216K, used 0K [0x00000000e8000000, 0x0000000100000000, 0x0000000100000000)
 Metaspace       used 24809K, capacity 25221K, committed 25536K, reserved 1071104K
  class space    used 2894K, capacity 3025K, committed 3144K, reserved 1048576K
2016-12-08T22:52:04.374+0100: 2,901: [GC (CMS Final Remark) 2016-12-08T22:52:04.374+0100: 2,901: [ParNew
Desired survivor size 20112992 bytes, new threshold 8 (max 8)
- age   1:     468792 bytes,     468792 total
- age   2:    1611424 bytes,    2080216 total
- age   3:     541208 bytes,    2621424 total
- age   4:    6082816 bytes,    8704240 total
: 13811K->14937K(109248K), 0,0092021 secs] 13811K->14937K(502464K), 0,0092433 secs] [Times: user=0,02 sys=0,01, real=0,01 secs] 
Heap after GC invocations=4 (full 1):
 par new generation   total 109248K, used 14937K [0x00000000e0000000, 0x00000000e8000000, 0x00000000e8000000)
  eden space 87424K,   0% used [0x00000000e0000000, 0x00000000e0000000, 0x00000000e5560000)
  from space 21824K,  68% used [0x00000000e5560000, 0x00000000e63f64c0, 0x00000000e6ab0000)
  to   space 21824K,   0% used [0x00000000e6ab0000, 0x00000000e6ab0000, 0x00000000e8000000)
 concurrent mark-sweep generation total 393216K, used 0K [0x00000000e8000000, 0x0000000100000000, 0x0000000100000000)
 Metaspace       used 24809K, capacity 25221K, committed 25536K, reserved 1071104K
  class space    used 2894K, capacity 3025K, committed 3144K, reserved 1048576K
}
2016-12-08T22:52:04.384+0100: 2,910: [Rescan (parallel) , 0,0034436 secs]2016-12-08T22:52:04.387+0100: 2,914: [weak refs processing, 0,0005975 secs]2016-12-08T22:52:04.388+0100: 2,914: [class unloading, 0,0031703 secs]2016-12-08T22:52:04.391+0100: 2,917: [scrub symbol table, 0,0033788 secs]2016-12-08T22:52:04.394+0100: 2,921: [scrub string table, 0,0004282 secs][1 CMS-remark: 0K(393216K)] 14937K(502464K), 0,0210074 secs] [Times: user=0,04 sys=0,01, real=0,02 secs] 
2016-12-08T22:52:04.395+0100: 2,922: Total time for which application threads were stopped: 0,0211240 seconds, Stopping threads took: 0,0000460 seconds
2016-12-08T22:52:04.396+0100: 2,922: [CMS-concurrent-sweep-start]
2016-12-08T22:52:04.396+0100: 2,922: [CMS-concurrent-sweep: 0,000/0,000 secs] [Times: user=0,00 sys=0,00, real=0,00 secs] 
2016-12-08T22:52:04.396+0100: 2,922: [CMS-concurrent-reset-start]
2016-12-08T22:52:04.397+0100: 2,923: [CMS-concurrent-reset: 0,001/0,001 secs] [Times: user=0,01 sys=0,00, real=0,00 secs] 
2016-12-08T22:52:04.476+0100: 3,002: Total time for which application threads were stopped: 0,0003939 seconds, Stopping threads took: 0,0000431 seconds
2016-12-08T22:52:05.476+0100: 4,002: Total time for which application threads were stopped: 0,0000898 seconds, Stopping threads took: 0,0000180 seconds
2016-12-08T22:52:05.527+0100: 4,054: Total time for which application threads were stopped: 0,0002617 seconds, Stopping threads took: 0,0000144 seconds
2016-12-08T22:52:32.739+0100: 32,056: Total time for which application threads were stopped: 0,0000641 seconds, Stopping threads took: 0,0000181 seconds
2016-12-08T22:54:47.757+0100: 167,074: Total time for which application threads were stopped: 0,0005815 seconds, Stopping threads took: 0,0002273 seconds
2016-12-08T22:55:57.765+0100: 237,082: Total time for which application threads were stopped: 0,0000930 seconds, Stopping threads took: 0,0000361 seconds
2016-12-08T22:56:47.771+0100: 287,088: Total time for which application threads were stopped: 0,0004452 seconds, Stopping threads took: 0,0002279 seconds
2016-12-08T23:15:41.904+0100: 1421,222: Total time for which application threads were stopped: 0,0001253 seconds, Stopping threads took: 0,0000480 seconds
2016-12-08T23:20:41.932+0100: 1721,250: Total time for which application threads were stopped: 0,0000735 seconds, Stopping threads took: 0,0000303 seconds
2016-12-08T23:30:42.004+0100: 2321,322: Total time for which application threads were stopped: 0,0002139 seconds, Stopping threads took: 0,0000525 seconds
2016-12-08T23:30:43.005+0100: 2322,322: Total time for which application threads were stopped: 0,0000684 seconds, Stopping threads took: 0,0000178 seconds
2016-12-08T23:34:33.033+0100: 2552,350: Total time for which application threads were stopped: 0,0000690 seconds, Stopping threads took: 0,0000256 seconds
2016-12-08T23:35:53.043+0100: 2632,360: Total time for which application threads were stopped: 0,0000958 seconds, Stopping threads took: 0,0000325 seconds
2016-12-08T23:45:18.108+0100: 3197,426: Total time for which application threads were stopped: 0,0000734 seconds, Stopping threads took: 0,0000272 seconds
2016-12-08T23:51:32.151+0100: 3571,469: Total time for which application threads were stopped: 0,0001331 seconds, Stopping threads took: 0,0000487 seconds
2016-12-08T23:53:32.164+0100: 3691,481: Total time for which application threads were stopped: 0,0000836 seconds, Stopping threads took: 0,0000324 seconds
2016-12-08T23:56:07.180+0100: 3846,497: Total time for which application threads were stopped: 0,0001403 seconds, Stopping threads took: 0,0000476 seconds
2016-12-08T23:56:22.182+0100: 3861,499: Total time for which application threads were stopped: 0,0000600 seconds, Stopping threads took: 0,0000149 seconds
2016-12-08T23:59:02.198+0100: 4021,515: Total time for which application threads were stopped: 0,0000975 seconds, Stopping threads took: 0,0000393 seconds
2016-12-09T00:35:09.420+0100: 6188,737: Total time for which application threads were stopped: 0,0001349 seconds, Stopping threads took: 0,0000256 seconds
Heap
 par new generation   total 109248K, used 58798K [0x00000000e0000000, 0x00000000e8000000, 0x00000000e8000000)
  eden space 87424K,  50% used [0x00000000e0000000, 0x00000000e2ad5658, 0x00000000e5560000)
  from space 21824K,  68% used [0x00000000e5560000, 0x00000000e63f64c0, 0x00000000e6ab0000)
  to   space 21824K,   0% used [0x00000000e6ab0000, 0x00000000e6ab0000, 0x00000000e8000000)
 concurrent mark-sweep generation total 393216K, used 0K [0x00000000e8000000, 0x0000000100000000, 0x0000000100000000)
 Metaspace       used 27186K, capacity 27659K, committed 27976K, reserved 1073152K
  class space    used 3160K, capacity 3320K, committed 3400K, reserved 1048576K
