OpenJDK 64-Bit Server VM (25.121-b13) for linux-amd64 JRE (1.8.0_121-8u121-b13-0ubuntu1.16.04.2-b13), built on Jan 23 2017 15:51:29 by "buildd" with gcc 5.4.0 20160609
Memory: 4k page, physical 7867760k(7446544k free), swap 8076284k(8076284k free)
CommandLine flags: -XX:CMSInitiatingOccupancyFraction=50 -XX:CMSMaxAbortablePrecleanTime=6000 -XX:+CMSParallelRemarkEnabled -XX:+CMSScavengeBeforeRemark -XX:ConcGCThreads=4 -XX:InitialHeapSize=536870912 -XX:MaxHeapSize=536870912 -XX:MaxTenuringThreshold=8 -XX:NewRatio=3 -XX:OldPLABSize=16 -XX:OnOutOfMemoryError=/opt/solr/bin/oom_solr.sh 8983 /var/solr/logs -XX:ParallelGCThreads=4 -XX:+ParallelRefProcEnabled -XX:PretenureSizeThreshold=67108864 -XX:+PrintGC -XX:+PrintGCApplicationStoppedTime -XX:+PrintGCDateStamps -XX:+PrintGCDetails -XX:+PrintGCTimeStamps -XX:+PrintHeapAtGC -XX:+PrintTenuringDistribution -XX:SurvivorRatio=4 -XX:TargetSurvivorRatio=90 -XX:ThreadStackSize=256 -XX:+UseCMSInitiatingOccupancyOnly -XX:+UseCompressedClassPointers -XX:+UseCompressedOops -XX:+UseConcMarkSweepGC -XX:+UseParNewGC 
2017-03-12T10:37:30.538+0100: 0,187: Total time for which application threads were stopped: 0,0000689 seconds, Stopping threads took: 0,0000127 seconds
2017-03-12T10:37:30.671+0100: 0,320: Total time for which application threads were stopped: 0,0001401 seconds, Stopping threads took: 0,0000281 seconds
2017-03-12T10:37:30.760+0100: 0,410: Total time for which application threads were stopped: 0,0001031 seconds, Stopping threads took: 0,0000183 seconds
2017-03-12T10:37:31.132+0100: 0,782: Total time for which application threads were stopped: 0,0001416 seconds, Stopping threads took: 0,0000179 seconds
2017-03-12T10:37:31.442+0100: 1,091: Total time for which application threads were stopped: 0,0001929 seconds, Stopping threads took: 0,0000237 seconds
2017-03-12T10:37:31.557+0100: 1,206: Total time for which application threads were stopped: 0,0001644 seconds, Stopping threads took: 0,0000216 seconds
2017-03-12T10:37:31.593+0100: 1,242: Total time for which application threads were stopped: 0,0001871 seconds, Stopping threads took: 0,0000214 seconds
2017-03-12T10:37:31.965+0100: 1,614: Total time for which application threads were stopped: 0,0004493 seconds, Stopping threads took: 0,0000878 seconds
2017-03-12T10:37:32.206+0100: 1,855: Total time for which application threads were stopped: 0,0002255 seconds, Stopping threads took: 0,0000133 seconds
2017-03-12T10:37:32.227+0100: 1,876: Total time for which application threads were stopped: 0,0001654 seconds, Stopping threads took: 0,0000210 seconds
2017-03-12T10:37:32.254+0100: 1,903: Total time for which application threads were stopped: 0,0002574 seconds, Stopping threads took: 0,0000204 seconds
2017-03-12T10:37:32.255+0100: 1,904: Total time for which application threads were stopped: 0,0001915 seconds, Stopping threads took: 0,0000161 seconds
2017-03-12T10:37:32.269+0100: 1,918: Total time for which application threads were stopped: 0,0001896 seconds, Stopping threads took: 0,0000259 seconds
2017-03-12T10:37:32.336+0100: 1,985: Total time for which application threads were stopped: 0,0002131 seconds, Stopping threads took: 0,0000222 seconds
2017-03-12T10:37:32.510+0100: 2,159: Total time for which application threads were stopped: 0,0002790 seconds, Stopping threads took: 0,0000553 seconds
{Heap before GC invocations=0 (full 0):
 par new generation   total 109248K, used 87424K [0x00000000e0000000, 0x00000000e8000000, 0x00000000e8000000)
  eden space 87424K, 100% used [0x00000000e0000000, 0x00000000e5560000, 0x00000000e5560000)
  from space 21824K,   0% used [0x00000000e5560000, 0x00000000e5560000, 0x00000000e6ab0000)
  to   space 21824K,   0% used [0x00000000e6ab0000, 0x00000000e6ab0000, 0x00000000e8000000)
 concurrent mark-sweep generation total 393216K, used 0K [0x00000000e8000000, 0x0000000100000000, 0x0000000100000000)
 Metaspace       used 18199K, capacity 18464K, committed 18688K, reserved 1064960K
  class space    used 2058K, capacity 2196K, committed 2304K, reserved 1048576K
2017-03-12T10:37:32.622+0100: 2,271: [GC (Allocation Failure) 2017-03-12T10:37:32.622+0100: 2,271: [ParNew
Desired survivor size 20112992 bytes, new threshold 8 (max 8)
- age   1:   12807696 bytes,   12807696 total
: 87424K->12625K(109248K), 0,0164592 secs] 87424K->12625K(502464K), 0,0165255 secs] [Times: user=0,06 sys=0,00, real=0,02 secs] 
Heap after GC invocations=1 (full 0):
 par new generation   total 109248K, used 12625K [0x00000000e0000000, 0x00000000e8000000, 0x00000000e8000000)
  eden space 87424K,   0% used [0x00000000e0000000, 0x00000000e0000000, 0x00000000e5560000)
  from space 21824K,  57% used [0x00000000e6ab0000, 0x00000000e77044d0, 0x00000000e8000000)
  to   space 21824K,   0% used [0x00000000e5560000, 0x00000000e5560000, 0x00000000e6ab0000)
 concurrent mark-sweep generation total 393216K, used 0K [0x00000000e8000000, 0x0000000100000000, 0x0000000100000000)
 Metaspace       used 18199K, capacity 18464K, committed 18688K, reserved 1064960K
  class space    used 2058K, capacity 2196K, committed 2304K, reserved 1048576K
}
2017-03-12T10:37:32.638+0100: 2,288: Total time for which application threads were stopped: 0,0189437 seconds, Stopping threads took: 0,0022312 seconds
2017-03-12T10:37:32.923+0100: 2,572: Total time for which application threads were stopped: 0,0004291 seconds, Stopping threads took: 0,0000588 seconds
2017-03-12T10:37:32.981+0100: 2,630: Total time for which application threads were stopped: 0,0003658 seconds, Stopping threads took: 0,0000773 seconds
{Heap before GC invocations=1 (full 0):
 par new generation   total 109248K, used 100049K [0x00000000e0000000, 0x00000000e8000000, 0x00000000e8000000)
  eden space 87424K, 100% used [0x00000000e0000000, 0x00000000e5560000, 0x00000000e5560000)
  from space 21824K,  57% used [0x00000000e6ab0000, 0x00000000e77044d0, 0x00000000e8000000)
  to   space 21824K,   0% used [0x00000000e5560000, 0x00000000e5560000, 0x00000000e6ab0000)
 concurrent mark-sweep generation total 393216K, used 0K [0x00000000e8000000, 0x0000000100000000, 0x0000000100000000)
 Metaspace       used 20055K, capacity 20418K, committed 20736K, reserved 1067008K
  class space    used 2296K, capacity 2467K, committed 2560K, reserved 1048576K
2017-03-12T10:37:32.987+0100: 2,636: [GC (Allocation Failure) 2017-03-12T10:37:32.987+0100: 2,636: [ParNew
Desired survivor size 20112992 bytes, new threshold 8 (max 8)
- age   1:    3576368 bytes,    3576368 total
- age   2:    6700272 bytes,   10276640 total
: 100049K->13849K(109248K), 0,0146647 secs] 100049K->13849K(502464K), 0,0147506 secs] [Times: user=0,04 sys=0,00, real=0,02 secs] 
Heap after GC invocations=2 (full 0):
 par new generation   total 109248K, used 13849K [0x00000000e0000000, 0x00000000e8000000, 0x00000000e8000000)
  eden space 87424K,   0% used [0x00000000e0000000, 0x00000000e0000000, 0x00000000e5560000)
  from space 21824K,  63% used [0x00000000e5560000, 0x00000000e62e67c0, 0x00000000e6ab0000)
  to   space 21824K,   0% used [0x00000000e6ab0000, 0x00000000e6ab0000, 0x00000000e8000000)
 concurrent mark-sweep generation total 393216K, used 0K [0x00000000e8000000, 0x0000000100000000, 0x0000000100000000)
 Metaspace       used 20055K, capacity 20418K, committed 20736K, reserved 1067008K
  class space    used 2296K, capacity 2467K, committed 2560K, reserved 1048576K
}
2017-03-12T10:37:33.002+0100: 2,651: Total time for which application threads were stopped: 0,0149592 seconds, Stopping threads took: 0,0000721 seconds
2017-03-12T10:37:33.063+0100: 2,713: Total time for which application threads were stopped: 0,0003952 seconds, Stopping threads took: 0,0000466 seconds
2017-03-12T10:37:33.182+0100: 2,831: Total time for which application threads were stopped: 0,0001869 seconds, Stopping threads took: 0,0000360 seconds
{Heap before GC invocations=2 (full 0):
 par new generation   total 109248K, used 101273K [0x00000000e0000000, 0x00000000e8000000, 0x00000000e8000000)
  eden space 87424K, 100% used [0x00000000e0000000, 0x00000000e5560000, 0x00000000e5560000)
  from space 21824K,  63% used [0x00000000e5560000, 0x00000000e62e67c0, 0x00000000e6ab0000)
  to   space 21824K,   0% used [0x00000000e6ab0000, 0x00000000e6ab0000, 0x00000000e8000000)
 concurrent mark-sweep generation total 393216K, used 0K [0x00000000e8000000, 0x0000000100000000, 0x0000000100000000)
 Metaspace       used 20989K, capacity 21282K, committed 21628K, reserved 1069056K
  class space    used 2418K, capacity 2587K, committed 2684K, reserved 1048576K
2017-03-12T10:37:33.222+0100: 2,871: [GC (Allocation Failure) 2017-03-12T10:37:33.222+0100: 2,871: [ParNew
Desired survivor size 20112992 bytes, new threshold 8 (max 8)
- age   1:    2293720 bytes,    2293720 total
- age   2:     809984 bytes,    3103704 total
- age   3:    6686072 bytes,    9789776 total
: 101273K->12919K(109248K), 0,0122598 secs] 101273K->12919K(502464K), 0,0123533 secs] [Times: user=0,03 sys=0,00, real=0,01 secs] 
Heap after GC invocations=3 (full 0):
 par new generation   total 109248K, used 12919K [0x00000000e0000000, 0x00000000e8000000, 0x00000000e8000000)
  eden space 87424K,   0% used [0x00000000e0000000, 0x00000000e0000000, 0x00000000e5560000)
  from space 21824K,  59% used [0x00000000e6ab0000, 0x00000000e774ddb8, 0x00000000e8000000)
  to   space 21824K,   0% used [0x00000000e5560000, 0x00000000e5560000, 0x00000000e6ab0000)
 concurrent mark-sweep generation total 393216K, used 0K [0x00000000e8000000, 0x0000000100000000, 0x0000000100000000)
 Metaspace       used 20989K, capacity 21282K, committed 21628K, reserved 1069056K
  class space    used 2418K, capacity 2587K, committed 2684K, reserved 1048576K
}
2017-03-12T10:37:33.235+0100: 2,884: Total time for which application threads were stopped: 0,0125643 seconds, Stopping threads took: 0,0000566 seconds
2017-03-12T10:37:33.235+0100: 2,884: [GC (CMS Initial Mark) [1 CMS-initial-mark: 0K(393216K)] 14349K(502464K), 0,0027763 secs] [Times: user=0,01 sys=0,00, real=0,00 secs] 
2017-03-12T10:37:33.238+0100: 2,887: Total time for which application threads were stopped: 0,0028949 seconds, Stopping threads took: 0,0000296 seconds
2017-03-12T10:37:33.238+0100: 2,887: [CMS-concurrent-mark-start]
2017-03-12T10:37:33.238+0100: 2,888: [CMS-concurrent-mark: 0,001/0,001 secs] [Times: user=0,00 sys=0,00, real=0,01 secs] 
2017-03-12T10:37:33.239+0100: 2,888: [CMS-concurrent-preclean-start]
2017-03-12T10:37:33.240+0100: 2,889: [CMS-concurrent-preclean: 0,001/0,001 secs] [Times: user=0,00 sys=0,00, real=0,00 secs] 
2017-03-12T10:37:33.240+0100: 2,889: [CMS-concurrent-abortable-preclean-start]
2017-03-12T10:37:33.301+0100: 2,951: Total time for which application threads were stopped: 0,0012214 seconds, Stopping threads took: 0,0011149 seconds
{Heap before GC invocations=3 (full 1):
 par new generation   total 109248K, used 100343K [0x00000000e0000000, 0x00000000e8000000, 0x00000000e8000000)
  eden space 87424K, 100% used [0x00000000e0000000, 0x00000000e5560000, 0x00000000e5560000)
  from space 21824K,  59% used [0x00000000e6ab0000, 0x00000000e774ddb8, 0x00000000e8000000)
  to   space 21824K,   0% used [0x00000000e5560000, 0x00000000e5560000, 0x00000000e6ab0000)
 concurrent mark-sweep generation total 393216K, used 0K [0x00000000e8000000, 0x0000000100000000, 0x0000000100000000)
 Metaspace       used 21266K, capacity 21622K, committed 21884K, reserved 1069056K
  class space    used 2448K, capacity 2602K, committed 2684K, reserved 1048576K
2017-03-12T10:37:33.344+0100: 2,994: [GC (Allocation Failure) 2017-03-12T10:37:33.344+0100: 2,994: [ParNew
Desired survivor size 20112992 bytes, new threshold 8 (max 8)
- age   1:     667936 bytes,     667936 total
- age   2:    1469656 bytes,    2137592 total
- age   3:     805904 bytes,    2943496 total
- age   4:    6686528 bytes,    9630024 total
: 100343K->11296K(109248K), 0,0094950 secs] 100343K->11296K(502464K), 0,0095609 secs] [Times: user=0,03 sys=0,00, real=0,01 secs] 
Heap after GC invocations=4 (full 1):
 par new generation   total 109248K, used 11296K [0x00000000e0000000, 0x00000000e8000000, 0x00000000e8000000)
  eden space 87424K,   0% used [0x00000000e0000000, 0x00000000e0000000, 0x00000000e5560000)
  from space 21824K,  51% used [0x00000000e5560000, 0x00000000e6068158, 0x00000000e6ab0000)
  to   space 21824K,   0% used [0x00000000e6ab0000, 0x00000000e6ab0000, 0x00000000e8000000)
 concurrent mark-sweep generation total 393216K, used 0K [0x00000000e8000000, 0x0000000100000000, 0x0000000100000000)
 Metaspace       used 21266K, capacity 21622K, committed 21884K, reserved 1069056K
  class space    used 2448K, capacity 2602K, committed 2684K, reserved 1048576K
}
2017-03-12T10:37:33.354+0100: 3,003: Total time for which application threads were stopped: 0,0126205 seconds, Stopping threads took: 0,0029254 seconds
2017-03-12T10:37:33.354+0100: 3,003: [CMS-concurrent-abortable-preclean: 0,062/0,114 secs] [Times: user=0,43 sys=0,01, real=0,11 secs] 
2017-03-12T10:37:33.358+0100: 3,007: [GC (CMS Final Remark) [YG occupancy: 18200 K (109248 K)]{Heap before GC invocations=4 (full 1):
 par new generation   total 109248K, used 18200K [0x00000000e0000000, 0x00000000e8000000, 0x00000000e8000000)
  eden space 87424K,   7% used [0x00000000e0000000, 0x00000000e06be0c0, 0x00000000e5560000)
  from space 21824K,  51% used [0x00000000e5560000, 0x00000000e6068158, 0x00000000e6ab0000)
  to   space 21824K,   0% used [0x00000000e6ab0000, 0x00000000e6ab0000, 0x00000000e8000000)
 concurrent mark-sweep generation total 393216K, used 0K [0x00000000e8000000, 0x0000000100000000, 0x0000000100000000)
 Metaspace       used 21271K, capacity 21622K, committed 21884K, reserved 1069056K
  class space    used 2449K, capacity 2602K, committed 2684K, reserved 1048576K
2017-03-12T10:37:33.358+0100: 3,007: [GC (CMS Final Remark) 2017-03-12T10:37:33.358+0100: 3,007: [ParNew
Desired survivor size 20112992 bytes, new threshold 8 (max 8)
- age   1:     135616 bytes,     135616 total
- age   2:     333184 bytes,     468800 total
- age   3:    1469656 bytes,    1938456 total
- age   4:     805872 bytes,    2744328 total
- age   5:    6686088 bytes,    9430416 total
: 18200K->14539K(109248K), 0,0093891 secs] 18200K->14539K(502464K), 0,0094302 secs] [Times: user=0,03 sys=0,00, real=0,00 secs] 
Heap after GC invocations=5 (full 1):
 par new generation   total 109248K, used 14539K [0x00000000e0000000, 0x00000000e8000000, 0x00000000e8000000)
  eden space 87424K,   0% used [0x00000000e0000000, 0x00000000e0000000, 0x00000000e5560000)
  from space 21824K,  66% used [0x00000000e6ab0000, 0x00000000e78e2c38, 0x00000000e8000000)
  to   space 21824K,   0% used [0x00000000e5560000, 0x00000000e5560000, 0x00000000e6ab0000)
 concurrent mark-sweep generation total 393216K, used 0K [0x00000000e8000000, 0x0000000100000000, 0x0000000100000000)
 Metaspace       used 21271K, capacity 21622K, committed 21884K, reserved 1069056K
  class space    used 2449K, capacity 2602K, committed 2684K, reserved 1048576K
}
2017-03-12T10:37:33.367+0100: 3,017: [Rescan (parallel) , 0,0032143 secs]2017-03-12T10:37:33.371+0100: 3,020: [weak refs processing, 0,0009781 secs]2017-03-12T10:37:33.372+0100: 3,021: [class unloading, 0,0028544 secs]2017-03-12T10:37:33.374+0100: 3,024: [scrub symbol table, 0,0025420 secs]2017-03-12T10:37:33.377+0100: 3,026: [scrub string table, 0,0003661 secs][1 CMS-remark: 0K(393216K)] 14539K(502464K), 0,0200541 secs] [Times: user=0,05 sys=0,00, real=0,02 secs] 
2017-03-12T10:37:33.378+0100: 3,027: Total time for which application threads were stopped: 0,0202077 seconds, Stopping threads took: 0,0000745 seconds
2017-03-12T10:37:33.378+0100: 3,027: [CMS-concurrent-sweep-start]
2017-03-12T10:37:33.378+0100: 3,027: [CMS-concurrent-sweep: 0,000/0,000 secs] [Times: user=0,00 sys=0,00, real=0,00 secs] 
2017-03-12T10:37:33.378+0100: 3,027: [CMS-concurrent-reset-start]
2017-03-12T10:37:33.380+0100: 3,029: [CMS-concurrent-reset: 0,002/0,002 secs] [Times: user=0,01 sys=0,00, real=0,00 secs] 
{Heap before GC invocations=5 (full 1):
 par new generation   total 109248K, used 101963K [0x00000000e0000000, 0x00000000e8000000, 0x00000000e8000000)
  eden space 87424K, 100% used [0x00000000e0000000, 0x00000000e5560000, 0x00000000e5560000)
  from space 21824K,  66% used [0x00000000e6ab0000, 0x00000000e78e2c38, 0x00000000e8000000)
  to   space 21824K,   0% used [0x00000000e5560000, 0x00000000e5560000, 0x00000000e6ab0000)
 concurrent mark-sweep generation total 393216K, used 0K [0x00000000e8000000, 0x0000000100000000, 0x0000000100000000)
 Metaspace       used 21458K, capacity 21806K, committed 21884K, reserved 1069056K
  class space    used 2476K, capacity 2638K, committed 2684K, reserved 1048576K
2017-03-12T10:37:33.471+0100: 3,120: [GC (Allocation Failure) 2017-03-12T10:37:33.471+0100: 3,120: [ParNew
Desired survivor size 20112992 bytes, new threshold 8 (max 8)
- age   1:     532040 bytes,     532040 total
- age   2:      10896 bytes,     542936 total
- age   3:     184096 bytes,     727032 total
- age   4:    1468720 bytes,    2195752 total
- age   5:     803888 bytes,    2999640 total
- age   6:    6686144 bytes,    9685784 total
: 101963K->12043K(109248K), 0,0178601 secs] 101963K->12043K(502464K), 0,0179521 secs] [Times: user=0,06 sys=0,00, real=0,01 secs] 
Heap after GC invocations=6 (full 1):
 par new generation   total 109248K, used 12043K [0x00000000e0000000, 0x00000000e8000000, 0x00000000e8000000)
  eden space 87424K,   0% used [0x00000000e0000000, 0x00000000e0000000, 0x00000000e5560000)
  from space 21824K,  55% used [0x00000000e5560000, 0x00000000e6122cc8, 0x00000000e6ab0000)
  to   space 21824K,   0% used [0x00000000e6ab0000, 0x00000000e6ab0000, 0x00000000e8000000)
 concurrent mark-sweep generation total 393216K, used 0K [0x00000000e8000000, 0x0000000100000000, 0x0000000100000000)
 Metaspace       used 21458K, capacity 21806K, committed 21884K, reserved 1069056K
  class space    used 2476K, capacity 2638K, committed 2684K, reserved 1048576K
}
2017-03-12T10:37:33.489+0100: 3,138: Total time for which application threads were stopped: 0,0182243 seconds, Stopping threads took: 0,0000977 seconds
2017-03-12T10:37:33.517+0100: 3,166: Total time for which application threads were stopped: 0,0003909 seconds, Stopping threads took: 0,0000611 seconds
2017-03-12T10:37:33.730+0100: 3,379: Total time for which application threads were stopped: 0,0005583 seconds, Stopping threads took: 0,0000580 seconds
2017-03-12T10:37:33.753+0100: 3,402: Total time for which application threads were stopped: 0,0003848 seconds, Stopping threads took: 0,0000257 seconds
2017-03-12T10:37:33.970+0100: 3,619: Total time for which application threads were stopped: 0,0001783 seconds, Stopping threads took: 0,0000278 seconds
{Heap before GC invocations=6 (full 1):
 par new generation   total 109248K, used 99483K [0x00000000e0000000, 0x00000000e8000000, 0x00000000e8000000)
  eden space 87424K, 100% used [0x00000000e0000000, 0x00000000e5560000, 0x00000000e5560000)
  from space 21824K,  55% used [0x00000000e5560000, 0x00000000e6126cd8, 0x00000000e6ab0000)
  to   space 21824K,   0% used [0x00000000e6ab0000, 0x00000000e6ab0000, 0x00000000e8000000)
 concurrent mark-sweep generation total 393216K, used 0K [0x00000000e8000000, 0x0000000100000000, 0x0000000100000000)
 Metaspace       used 24054K, capacity 24466K, committed 24572K, reserved 1071104K
  class space    used 2836K, capacity 3012K, committed 3068K, reserved 1048576K
2017-03-12T10:37:33.970+0100: 3,619: [GC (Allocation Failure) 2017-03-12T10:37:33.970+0100: 3,619: [ParNew
Desired survivor size 20112992 bytes, new threshold 8 (max 8)
- age   1:    5289232 bytes,    5289232 total
- age   2:     154664 bytes,    5443896 total
- age   3:      10872 bytes,    5454768 total
- age   4:     183216 bytes,    5637984 total
- age   5:     299952 bytes,    5937936 total
- age   6:     779704 bytes,    6717640 total
- age   7:    6677664 bytes,   13395304 total
: 99483K->16377K(109248K), 0,0241376 secs] 99483K->16377K(502464K), 0,0242140 secs] [Times: user=0,06 sys=0,00, real=0,02 secs] 
Heap after GC invocations=7 (full 1):
 par new generation   total 109248K, used 16377K [0x00000000e0000000, 0x00000000e8000000, 0x00000000e8000000)
  eden space 87424K,   0% used [0x00000000e0000000, 0x00000000e0000000, 0x00000000e5560000)
  from space 21824K,  75% used [0x00000000e6ab0000, 0x00000000e7aae680, 0x00000000e8000000)
  to   space 21824K,   0% used [0x00000000e5560000, 0x00000000e5560000, 0x00000000e6ab0000)
 concurrent mark-sweep generation total 393216K, used 0K [0x00000000e8000000, 0x0000000100000000, 0x0000000100000000)
 Metaspace       used 24054K, capacity 24466K, committed 24572K, reserved 1071104K
  class space    used 2836K, capacity 3012K, committed 3068K, reserved 1048576K
}
2017-03-12T10:37:33.994+0100: 3,644: Total time for which application threads were stopped: 0,0243547 seconds, Stopping threads took: 0,0000189 seconds
{Heap before GC invocations=7 (full 1):
 par new generation   total 109248K, used 18435K [0x00000000e0000000, 0x00000000e8000000, 0x00000000e8000000)
  eden space 87424K,   2% used [0x00000000e0000000, 0x00000000e0202670, 0x00000000e5560000)
  from space 21824K,  75% used [0x00000000e6ab0000, 0x00000000e7aae680, 0x00000000e8000000)
  to   space 21824K,   0% used [0x00000000e5560000, 0x00000000e5560000, 0x00000000e6ab0000)
 concurrent mark-sweep generation total 393216K, used 0K [0x00000000e8000000, 0x0000000100000000, 0x0000000100000000)
 Metaspace       used 24054K, capacity 24466K, committed 24572K, reserved 1071104K
  class space    used 2836K, capacity 3012K, committed 3068K, reserved 1048576K
2017-03-12T10:37:33.998+0100: 3,648: [GC (GCLocker Initiated GC) 2017-03-12T10:37:33.998+0100: 3,648: [ParNew
Desired survivor size 20112992 bytes, new threshold 8 (max 8)
- age   1:     197264 bytes,     197264 total
- age   2:    5118880 bytes,    5316144 total
- age   3:     154664 bytes,    5470808 total
- age   4:      10872 bytes,    5481680 total
- age   5:     183216 bytes,    5664896 total
- age   6:     299952 bytes,    5964848 total
- age   7:     779704 bytes,    6744552 total
- age   8:    6677664 bytes,   13422216 total
: 18435K->17787K(109248K), 0,0253563 secs] 18435K->17787K(502464K), 0,0254484 secs] [Times: user=0,08 sys=0,00, real=0,02 secs] 
Heap after GC invocations=8 (full 1):
 par new generation   total 109248K, used 17787K [0x00000000e0000000, 0x00000000e8000000, 0x00000000e8000000)
  eden space 87424K,   0% used [0x00000000e0000000, 0x00000000e0000000, 0x00000000e5560000)
  from space 21824K,  81% used [0x00000000e5560000, 0x00000000e66bed80, 0x00000000e6ab0000)
  to   space 21824K,   0% used [0x00000000e6ab0000, 0x00000000e6ab0000, 0x00000000e8000000)
 concurrent mark-sweep generation total 393216K, used 0K [0x00000000e8000000, 0x0000000100000000, 0x0000000100000000)
 Metaspace       used 24054K, capacity 24466K, committed 24572K, reserved 1071104K
  class space    used 2836K, capacity 3012K, committed 3068K, reserved 1048576K
}
2017-03-12T10:37:34.024+0100: 3,673: Total time for which application threads were stopped: 0,0261390 seconds, Stopping threads took: 0,0004991 seconds
{Heap before GC invocations=8 (full 1):
 par new generation   total 109248K, used 105211K [0x00000000e0000000, 0x00000000e8000000, 0x00000000e8000000)
  eden space 87424K, 100% used [0x00000000e0000000, 0x00000000e5560000, 0x00000000e5560000)
  from space 21824K,  81% used [0x00000000e5560000, 0x00000000e66bed80, 0x00000000e6ab0000)
  to   space 21824K,   0% used [0x00000000e6ab0000, 0x00000000e6ab0000, 0x00000000e8000000)
 concurrent mark-sweep generation total 393216K, used 0K [0x00000000e8000000, 0x0000000100000000, 0x0000000100000000)
 Metaspace       used 24512K, capacity 24958K, committed 25084K, reserved 1071104K
  class space    used 2868K, capacity 3046K, committed 3068K, reserved 1048576K
2017-03-12T10:37:34.141+0100: 3,790: [GC (Allocation Failure) 2017-03-12T10:37:34.141+0100: 3,790: [ParNew
Desired survivor size 20112992 bytes, new threshold 8 (max 8)
- age   1:    1836080 bytes,    1836080 total
- age   2:         32 bytes,    1836112 total
- age   3:    1798384 bytes,    3634496 total
- age   4:      59712 bytes,    3694208 total
- age   5:       3944 bytes,    3698152 total
- age   6:     109536 bytes,    3807688 total
- age   7:     203720 bytes,    4011408 total
- age   8:     733448 bytes,    4744856 total
: 105211K->7879K(109248K), 0,0328312 secs] 105211K->13963K(502464K), 0,0329095 secs] [Times: user=0,10 sys=0,00, real=0,03 secs] 
Heap after GC invocations=9 (full 1):
 par new generation   total 109248K, used 7879K [0x00000000e0000000, 0x00000000e8000000, 0x00000000e8000000)
  eden space 87424K,   0% used [0x00000000e0000000, 0x00000000e0000000, 0x00000000e5560000)
  from space 21824K,  36% used [0x00000000e6ab0000, 0x00000000e7261fc0, 0x00000000e8000000)
  to   space 21824K,   0% used [0x00000000e5560000, 0x00000000e5560000, 0x00000000e6ab0000)
 concurrent mark-sweep generation total 393216K, used 6083K [0x00000000e8000000, 0x0000000100000000, 0x0000000100000000)
 Metaspace       used 24512K, capacity 24958K, committed 25084K, reserved 1071104K
  class space    used 2868K, capacity 3046K, committed 3068K, reserved 1048576K
}
2017-03-12T10:37:34.174+0100: 3,823: Total time for which application threads were stopped: 0,0332504 seconds, Stopping threads took: 0,0001405 seconds
{Heap before GC invocations=9 (full 1):
 par new generation   total 109248K, used 95303K [0x00000000e0000000, 0x00000000e8000000, 0x00000000e8000000)
  eden space 87424K, 100% used [0x00000000e0000000, 0x00000000e5560000, 0x00000000e5560000)
  from space 21824K,  36% used [0x00000000e6ab0000, 0x00000000e7261fc0, 0x00000000e8000000)
  to   space 21824K,   0% used [0x00000000e5560000, 0x00000000e5560000, 0x00000000e6ab0000)
 concurrent mark-sweep generation total 393216K, used 6083K [0x00000000e8000000, 0x0000000100000000, 0x0000000100000000)
 Metaspace       used 24960K, capacity 25406K, committed 25724K, reserved 1071104K
  class space    used 2904K, capacity 3084K, committed 3196K, reserved 1048576K
2017-03-12T10:37:34.273+0100: 3,922: [GC (Allocation Failure) 2017-03-12T10:37:34.273+0100: 3,922: [ParNew
Desired survivor size 20112992 bytes, new threshold 8 (max 8)
- age   1:    1071952 bytes,    1071952 total
- age   2:     608048 bytes,    1680000 total
- age   3:         32 bytes,    1680032 total
- age   4:    1739824 bytes,    3419856 total
- age   5:      59712 bytes,    3479568 total
- age   6:       3944 bytes,    3483512 total
- age   7:     106816 bytes,    3590328 total
- age   8:     203224 bytes,    3793552 total
: 95303K->6256K(109248K), 0,0151438 secs] 101387K->13068K(502464K), 0,0152260 secs] [Times: user=0,03 sys=0,00, real=0,01 secs] 
Heap after GC invocations=10 (full 1):
 par new generation   total 109248K, used 6256K [0x00000000e0000000, 0x00000000e8000000, 0x00000000e8000000)
  eden space 87424K,   0% used [0x00000000e0000000, 0x00000000e0000000, 0x00000000e5560000)
  from space 21824K,  28% used [0x00000000e5560000, 0x00000000e5b7c340, 0x00000000e6ab0000)
  to   space 21824K,   0% used [0x00000000e6ab0000, 0x00000000e6ab0000, 0x00000000e8000000)
 concurrent mark-sweep generation total 393216K, used 6811K [0x00000000e8000000, 0x0000000100000000, 0x0000000100000000)
 Metaspace       used 24960K, capacity 25406K, committed 25724K, reserved 1071104K
  class space    used 2904K, capacity 3084K, committed 3196K, reserved 1048576K
}
2017-03-12T10:37:34.288+0100: 3,938: Total time for which application threads were stopped: 0,0178533 seconds, Stopping threads took: 0,0024290 seconds
2017-03-12T10:37:34.413+0100: 4,062: Total time for which application threads were stopped: 0,0005254 seconds, Stopping threads took: 0,0000524 seconds
2017-03-12T10:37:34.426+0100: 4,075: Total time for which application threads were stopped: 0,0001647 seconds, Stopping threads took: 0,0000315 seconds
2017-03-12T10:37:34.426+0100: 4,075: Total time for which application threads were stopped: 0,0001594 seconds, Stopping threads took: 0,0000453 seconds
2017-03-12T10:37:34.442+0100: 4,091: Total time for which application threads were stopped: 0,0041340 seconds, Stopping threads took: 0,0039923 seconds
2017-03-12T10:37:34.444+0100: 4,094: Total time for which application threads were stopped: 0,0014675 seconds, Stopping threads took: 0,0013718 seconds
2017-03-12T10:37:34.448+0100: 4,097: Total time for which application threads were stopped: 0,0007844 seconds, Stopping threads took: 0,0006909 seconds
2017-03-12T10:37:34.450+0100: 4,099: Total time for which application threads were stopped: 0,0001217 seconds, Stopping threads took: 0,0000316 seconds
2017-03-12T10:37:34.450+0100: 4,099: Total time for which application threads were stopped: 0,0000865 seconds, Stopping threads took: 0,0000249 seconds
2017-03-12T10:37:34.450+0100: 4,100: Total time for which application threads were stopped: 0,0000735 seconds, Stopping threads took: 0,0000306 seconds
2017-03-12T10:37:34.450+0100: 4,100: Total time for which application threads were stopped: 0,0000769 seconds, Stopping threads took: 0,0000216 seconds
2017-03-12T10:37:34.451+0100: 4,100: Total time for which application threads were stopped: 0,0000774 seconds, Stopping threads took: 0,0000282 seconds
2017-03-12T10:37:34.451+0100: 4,100: Total time for which application threads were stopped: 0,0000611 seconds, Stopping threads took: 0,0000202 seconds
2017-03-12T10:37:34.452+0100: 4,101: Total time for which application threads were stopped: 0,0001258 seconds, Stopping threads took: 0,0000464 seconds
2017-03-12T10:37:34.452+0100: 4,102: Total time for which application threads were stopped: 0,0000699 seconds, Stopping threads took: 0,0000240 seconds
2017-03-12T10:37:34.452+0100: 4,102: Total time for which application threads were stopped: 0,0000606 seconds, Stopping threads took: 0,0000163 seconds
2017-03-12T10:37:34.453+0100: 4,102: Total time for which application threads were stopped: 0,0000571 seconds, Stopping threads took: 0,0000158 seconds
2017-03-12T10:37:34.453+0100: 4,102: Total time for which application threads were stopped: 0,0000624 seconds, Stopping threads took: 0,0000177 seconds
2017-03-12T10:37:34.453+0100: 4,102: Total time for which application threads were stopped: 0,0000566 seconds, Stopping threads took: 0,0000147 seconds
2017-03-12T10:37:34.453+0100: 4,102: Total time for which application threads were stopped: 0,0000557 seconds, Stopping threads took: 0,0000147 seconds
2017-03-12T10:37:34.453+0100: 4,103: Total time for which application threads were stopped: 0,0000662 seconds, Stopping threads took: 0,0000196 seconds
2017-03-12T10:37:34.454+0100: 4,103: Total time for which application threads were stopped: 0,0001048 seconds, Stopping threads took: 0,0000097 seconds
2017-03-12T10:37:34.461+0100: 4,111: Total time for which application threads were stopped: 0,0001273 seconds, Stopping threads took: 0,0000376 seconds
2017-03-12T10:37:34.462+0100: 4,111: Total time for which application threads were stopped: 0,0001246 seconds, Stopping threads took: 0,0000616 seconds
2017-03-12T10:37:34.462+0100: 4,111: Total time for which application threads were stopped: 0,0000874 seconds, Stopping threads took: 0,0000283 seconds
2017-03-12T10:37:34.466+0100: 4,115: Total time for which application threads were stopped: 0,0001634 seconds, Stopping threads took: 0,0000546 seconds
2017-03-12T10:37:34.467+0100: 4,116: Total time for which application threads were stopped: 0,0001113 seconds, Stopping threads took: 0,0000282 seconds
2017-03-12T10:37:34.469+0100: 4,118: Total time for which application threads were stopped: 0,0002570 seconds, Stopping threads took: 0,0001829 seconds
2017-03-12T10:37:34.469+0100: 4,118: Total time for which application threads were stopped: 0,0000840 seconds, Stopping threads took: 0,0000215 seconds
2017-03-12T10:37:34.470+0100: 4,119: Total time for which application threads were stopped: 0,0000905 seconds, Stopping threads took: 0,0000262 seconds
2017-03-12T10:37:34.481+0100: 4,130: Total time for which application threads were stopped: 0,0001013 seconds, Stopping threads took: 0,0000246 seconds
2017-03-12T10:37:34.482+0100: 4,132: Total time for which application threads were stopped: 0,0001040 seconds, Stopping threads took: 0,0000300 seconds
2017-03-12T10:37:34.484+0100: 4,133: Total time for which application threads were stopped: 0,0001175 seconds, Stopping threads took: 0,0000437 seconds
2017-03-12T10:37:34.488+0100: 4,137: Total time for which application threads were stopped: 0,0000926 seconds, Stopping threads took: 0,0000263 seconds
2017-03-12T10:37:34.492+0100: 4,141: Total time for which application threads were stopped: 0,0000947 seconds, Stopping threads took: 0,0000192 seconds
2017-03-12T10:37:34.492+0100: 4,141: Total time for which application threads were stopped: 0,0000735 seconds, Stopping threads took: 0,0000161 seconds
2017-03-12T10:37:34.493+0100: 4,142: Total time for which application threads were stopped: 0,0000765 seconds, Stopping threads took: 0,0000164 seconds
2017-03-12T10:37:34.493+0100: 4,142: Total time for which application threads were stopped: 0,0000766 seconds, Stopping threads took: 0,0000267 seconds
2017-03-12T10:37:34.493+0100: 4,143: Total time for which application threads were stopped: 0,0000730 seconds, Stopping threads took: 0,0000260 seconds
2017-03-12T10:37:34.493+0100: 4,143: Total time for which application threads were stopped: 0,0000580 seconds, Stopping threads took: 0,0000133 seconds
2017-03-12T10:37:34.499+0100: 4,148: Total time for which application threads were stopped: 0,0004499 seconds, Stopping threads took: 0,0003505 seconds
2017-03-12T10:37:34.500+0100: 4,150: Total time for which application threads were stopped: 0,0001352 seconds, Stopping threads took: 0,0000685 seconds
2017-03-12T10:37:34.505+0100: 4,155: Total time for which application threads were stopped: 0,0001513 seconds, Stopping threads took: 0,0000771 seconds
2017-03-12T10:37:34.510+0100: 4,159: Total time for which application threads were stopped: 0,0001239 seconds, Stopping threads took: 0,0000459 seconds
2017-03-12T10:37:34.553+0100: 4,202: Total time for which application threads were stopped: 0,0001848 seconds, Stopping threads took: 0,0000447 seconds
2017-03-12T10:37:34.559+0100: 4,208: Total time for which application threads were stopped: 0,0004467 seconds, Stopping threads took: 0,0000481 seconds
2017-03-12T10:37:34.578+0100: 4,227: Total time for which application threads were stopped: 0,0037402 seconds, Stopping threads took: 0,0036472 seconds
2017-03-12T10:37:34.579+0100: 4,228: Total time for which application threads were stopped: 0,0004617 seconds, Stopping threads took: 0,0000187 seconds
2017-03-12T10:37:34.584+0100: 4,234: Total time for which application threads were stopped: 0,0003585 seconds, Stopping threads took: 0,0000354 seconds
2017-03-12T10:37:34.651+0100: 4,300: Total time for which application threads were stopped: 0,0005322 seconds, Stopping threads took: 0,0001088 seconds
2017-03-12T10:37:34.655+0100: 4,305: Total time for which application threads were stopped: 0,0001959 seconds, Stopping threads took: 0,0000536 seconds
2017-03-12T10:37:34.656+0100: 4,305: Total time for which application threads were stopped: 0,0001181 seconds, Stopping threads took: 0,0000290 seconds
2017-03-12T10:37:34.663+0100: 4,312: Total time for which application threads were stopped: 0,0000857 seconds, Stopping threads took: 0,0000257 seconds
2017-03-12T10:37:34.675+0100: 4,325: Total time for which application threads were stopped: 0,0001225 seconds, Stopping threads took: 0,0000407 seconds
2017-03-12T10:37:34.678+0100: 4,327: Total time for which application threads were stopped: 0,0001471 seconds, Stopping threads took: 0,0000595 seconds
2017-03-12T10:37:34.686+0100: 4,335: Total time for which application threads were stopped: 0,0007005 seconds, Stopping threads took: 0,0006266 seconds
2017-03-12T10:37:34.688+0100: 4,337: Total time for which application threads were stopped: 0,0000935 seconds, Stopping threads took: 0,0000222 seconds
2017-03-12T10:37:34.692+0100: 4,342: Total time for which application threads were stopped: 0,0001875 seconds, Stopping threads took: 0,0000665 seconds
2017-03-12T10:37:34.697+0100: 4,346: Total time for which application threads were stopped: 0,0001387 seconds, Stopping threads took: 0,0000403 seconds
2017-03-12T10:37:34.715+0100: 4,364: Total time for which application threads were stopped: 0,0002641 seconds, Stopping threads took: 0,0001259 seconds
2017-03-12T10:37:34.734+0100: 4,383: Total time for which application threads were stopped: 0,0007582 seconds, Stopping threads took: 0,0006779 seconds
2017-03-12T10:37:34.742+0100: 4,391: Total time for which application threads were stopped: 0,0001577 seconds, Stopping threads took: 0,0000639 seconds
2017-03-12T10:37:34.748+0100: 4,397: Total time for which application threads were stopped: 0,0002026 seconds, Stopping threads took: 0,0001380 seconds
2017-03-12T10:37:34.761+0100: 4,410: Total time for which application threads were stopped: 0,0004781 seconds, Stopping threads took: 0,0000517 seconds
2017-03-12T10:37:34.770+0100: 4,419: Total time for which application threads were stopped: 0,0035876 seconds, Stopping threads took: 0,0034754 seconds
2017-03-12T10:37:35.770+0100: 5,419: Total time for which application threads were stopped: 0,0000911 seconds, Stopping threads took: 0,0000196 seconds
2017-03-12T10:39:02.779+0100: 92,428: Total time for which application threads were stopped: 0,0000711 seconds, Stopping threads took: 0,0000171 seconds
2017-03-12T10:39:32.782+0100: 122,431: Total time for which application threads were stopped: 0,0000760 seconds, Stopping threads took: 0,0000325 seconds
2017-03-12T10:39:37.782+0100: 127,432: Total time for which application threads were stopped: 0,0000761 seconds, Stopping threads took: 0,0000314 seconds
2017-03-12T10:42:07.799+0100: 277,449: Total time for which application threads were stopped: 0,0000816 seconds, Stopping threads took: 0,0000341 seconds
2017-03-12T11:01:01.926+0100: 1411,576: Total time for which application threads were stopped: 0,0000810 seconds, Stopping threads took: 0,0000339 seconds
2017-03-12T11:06:01.959+0100: 1711,608: Total time for which application threads were stopped: 0,0000892 seconds, Stopping threads took: 0,0000371 seconds
2017-03-12T11:15:53.024+0100: 2302,674: Total time for which application threads were stopped: 0,0000925 seconds, Stopping threads took: 0,0000338 seconds
2017-03-12T11:15:57.025+0100: 2306,674: Total time for which application threads were stopped: 0,0000682 seconds, Stopping threads took: 0,0000182 seconds
2017-03-12T11:30:48.124+0100: 3197,774: Total time for which application threads were stopped: 0,0000837 seconds, Stopping threads took: 0,0000249 seconds
2017-03-12T11:41:57.221+0100: 3866,870: Total time for which application threads were stopped: 0,0000840 seconds, Stopping threads took: 0,0000326 seconds
2017-03-12T11:42:07.223+0100: 3876,872: Total time for which application threads were stopped: 0,0001028 seconds, Stopping threads took: 0,0000169 seconds
2017-03-12T11:44:02.241+0100: 3991,891: Total time for which application threads were stopped: 0,0001600 seconds, Stopping threads took: 0,0000628 seconds
2017-03-12T11:55:58.358+0100: 4708,007: Total time for which application threads were stopped: 0,0001541 seconds, Stopping threads took: 0,0000563 seconds
2017-03-12T11:56:03.359+0100: 4713,008: Total time for which application threads were stopped: 0,0000655 seconds, Stopping threads took: 0,0000153 seconds
2017-03-12T11:58:02.379+0100: 4832,028: Total time for which application threads were stopped: 0,0000988 seconds, Stopping threads took: 0,0000381 seconds
2017-03-12T12:13:32.533+0100: 5762,182: Total time for which application threads were stopped: 0,0001708 seconds, Stopping threads took: 0,0000661 seconds
2017-03-12T12:21:57.594+0100: 6267,243: Total time for which application threads were stopped: 0,0000748 seconds, Stopping threads took: 0,0000247 seconds
2017-03-12T12:37:32.698+0100: 7202,347: Total time for which application threads were stopped: 0,0000784 seconds, Stopping threads took: 0,0000320 seconds
2017-03-12T12:39:32.711+0100: 7322,360: Total time for which application threads were stopped: 0,0000815 seconds, Stopping threads took: 0,0000315 seconds
2017-03-12T12:40:02.714+0100: 7352,364: Total time for which application threads were stopped: 0,0000927 seconds, Stopping threads took: 0,0000318 seconds
2017-03-12T12:45:32.751+0100: 7682,401: Total time for which application threads were stopped: 0,0008033 seconds, Stopping threads took: 0,0003869 seconds
2017-03-12T12:46:02.755+0100: 7712,404: Total time for which application threads were stopped: 0,0000930 seconds, Stopping threads took: 0,0000354 seconds
2017-03-12T14:54:23.604+0100: 15413,253: Total time for which application threads were stopped: 0,0000830 seconds, Stopping threads took: 0,0000347 seconds
2017-03-12T14:54:32.605+0100: 15422,254: Total time for which application threads were stopped: 0,0000630 seconds, Stopping threads took: 0,0000167 seconds
{Heap before GC invocations=10 (full 1):
 par new generation   total 109248K, used 93680K [0x00000000e0000000, 0x00000000e8000000, 0x00000000e8000000)
  eden space 87424K, 100% used [0x00000000e0000000, 0x00000000e5560000, 0x00000000e5560000)
  from space 21824K,  28% used [0x00000000e5560000, 0x00000000e5b7c340, 0x00000000e6ab0000)
  to   space 21824K,   0% used [0x00000000e6ab0000, 0x00000000e6ab0000, 0x00000000e8000000)
 concurrent mark-sweep generation total 393216K, used 6811K [0x00000000e8000000, 0x0000000100000000, 0x0000000100000000)
 Metaspace       used 28150K, capacity 28650K, committed 28796K, reserved 1075200K
  class space    used 3221K, capacity 3392K, committed 3452K, reserved 1048576K
2017-03-12T23:41:00.750+0100: 44218,878: [GC (Allocation Failure) 2017-03-12T23:41:00.750+0100: 44218,878: [ParNew
Desired survivor size 20112992 bytes, new threshold 8 (max 8)
- age   1:   10465744 bytes,   10465744 total
- age   2:     466872 bytes,   10932616 total
- age   3:     218384 bytes,   11151000 total
- age   4:         32 bytes,   11151032 total
- age   5:    1767800 bytes,   12918832 total
- age   6:      59712 bytes,   12978544 total
- age   7:       3944 bytes,   12982488 total
- age   8:     106688 bytes,   13089176 total
: 93680K->14218K(109248K), 0,1138148 secs] 100492K->21252K(502464K), 0,1139087 secs] [Times: user=0,06 sys=0,00, real=0,12 secs] 
Heap after GC invocations=11 (full 1):
 par new generation   total 109248K, used 14218K [0x00000000e0000000, 0x00000000e8000000, 0x00000000e8000000)
  eden space 87424K,   0% used [0x00000000e0000000, 0x00000000e0000000, 0x00000000e5560000)
  from space 21824K,  65% used [0x00000000e6ab0000, 0x00000000e7892af0, 0x00000000e8000000)
  to   space 21824K,   0% used [0x00000000e5560000, 0x00000000e5560000, 0x00000000e6ab0000)
 concurrent mark-sweep generation total 393216K, used 7034K [0x00000000e8000000, 0x0000000100000000, 0x0000000100000000)
 Metaspace       used 28150K, capacity 28650K, committed 28796K, reserved 1075200K
  class space    used 3221K, capacity 3392K, committed 3452K, reserved 1048576K
}
2017-03-12T23:41:00.864+0100: 44218,992: Total time for which application threads were stopped: 0,1141146 seconds, Stopping threads took: 0,0000311 seconds
2017-03-12T23:41:00.880+0100: 44219,008: Total time for which application threads were stopped: 0,0001026 seconds, Stopping threads took: 0,0000196 seconds
2017-03-12T23:41:00.881+0100: 44219,008: Total time for which application threads were stopped: 0,0000432 seconds, Stopping threads took: 0,0000060 seconds
2017-03-12T23:41:00.881+0100: 44219,009: Total time for which application threads were stopped: 0,0001054 seconds, Stopping threads took: 0,0000254 seconds
2017-03-12T23:41:00.886+0100: 44219,014: Total time for which application threads were stopped: 0,0000889 seconds, Stopping threads took: 0,0000263 seconds
2017-03-12T23:41:00.886+0100: 44219,014: Total time for which application threads were stopped: 0,0000452 seconds, Stopping threads took: 0,0000124 seconds
2017-03-12T23:41:00.887+0100: 44219,014: Total time for which application threads were stopped: 0,0000482 seconds, Stopping threads took: 0,0000132 seconds
2017-03-12T23:41:00.887+0100: 44219,014: Total time for which application threads were stopped: 0,0000408 seconds, Stopping threads took: 0,0000117 seconds
2017-03-12T23:41:00.887+0100: 44219,015: Total time for which application threads were stopped: 0,0000433 seconds, Stopping threads took: 0,0000117 seconds
2017-03-12T23:41:00.887+0100: 44219,015: Total time for which application threads were stopped: 0,0000531 seconds, Stopping threads took: 0,0000247 seconds
2017-03-12T23:41:00.888+0100: 44219,015: Total time for which application threads were stopped: 0,0000869 seconds, Stopping threads took: 0,0000290 seconds
2017-03-12T23:41:00.892+0100: 44219,019: Total time for which application threads were stopped: 0,0001075 seconds, Stopping threads took: 0,0000374 seconds
2017-03-12T23:41:00.892+0100: 44219,020: Total time for which application threads were stopped: 0,0000677 seconds, Stopping threads took: 0,0000102 seconds
2017-03-12T23:41:00.892+0100: 44219,020: Total time for which application threads were stopped: 0,0000541 seconds, Stopping threads took: 0,0000181 seconds
2017-03-12T23:41:00.892+0100: 44219,020: Total time for which application threads were stopped: 0,0000980 seconds, Stopping threads took: 0,0000428 seconds
2017-03-12T23:41:00.893+0100: 44219,020: Total time for which application threads were stopped: 0,0000839 seconds, Stopping threads took: 0,0000382 seconds
2017-03-12T23:41:00.893+0100: 44219,021: Total time for which application threads were stopped: 0,0000606 seconds, Stopping threads took: 0,0000204 seconds
2017-03-12T23:41:00.895+0100: 44219,022: Total time for which application threads were stopped: 0,0000819 seconds, Stopping threads took: 0,0000198 seconds
2017-03-12T23:41:00.895+0100: 44219,022: Total time for which application threads were stopped: 0,0001293 seconds, Stopping threads took: 0,0000337 seconds
2017-03-12T23:41:00.895+0100: 44219,023: Total time for which application threads were stopped: 0,0000544 seconds, Stopping threads took: 0,0000174 seconds
2017-03-12T23:41:00.896+0100: 44219,024: Total time for which application threads were stopped: 0,0000784 seconds, Stopping threads took: 0,0000189 seconds
2017-03-12T23:41:00.896+0100: 44219,024: Total time for which application threads were stopped: 0,0000444 seconds, Stopping threads took: 0,0000076 seconds
2017-03-12T23:41:00.897+0100: 44219,024: Total time for which application threads were stopped: 0,0001165 seconds, Stopping threads took: 0,0000592 seconds
2017-03-12T23:41:00.897+0100: 44219,024: Total time for which application threads were stopped: 0,0000372 seconds, Stopping threads took: 0,0000070 seconds
2017-03-12T23:41:00.897+0100: 44219,024: Total time for which application threads were stopped: 0,0000553 seconds, Stopping threads took: 0,0000060 seconds
2017-03-12T23:41:00.897+0100: 44219,024: Total time for which application threads were stopped: 0,0000359 seconds, Stopping threads took: 0,0000061 seconds
2017-03-12T23:41:00.897+0100: 44219,025: Total time for which application threads were stopped: 0,0000390 seconds, Stopping threads took: 0,0000065 seconds
2017-03-12T23:41:00.897+0100: 44219,025: Total time for which application threads were stopped: 0,0000351 seconds, Stopping threads took: 0,0000061 seconds
2017-03-12T23:41:00.897+0100: 44219,025: Total time for which application threads were stopped: 0,0000632 seconds, Stopping threads took: 0,0000061 seconds
2017-03-12T23:41:00.897+0100: 44219,025: Total time for which application threads were stopped: 0,0000368 seconds, Stopping threads took: 0,0000090 seconds
2017-03-12T23:41:00.897+0100: 44219,025: Total time for which application threads were stopped: 0,0000503 seconds, Stopping threads took: 0,0000113 seconds
2017-03-12T23:41:00.898+0100: 44219,025: Total time for which application threads were stopped: 0,0000682 seconds, Stopping threads took: 0,0000348 seconds
2017-03-12T23:41:00.900+0100: 44219,028: Total time for which application threads were stopped: 0,0020232 seconds, Stopping threads took: 0,0019030 seconds
2017-03-12T23:41:00.905+0100: 44219,033: Total time for which application threads were stopped: 0,0001044 seconds, Stopping threads took: 0,0000323 seconds
2017-03-12T23:41:00.905+0100: 44219,033: Total time for which application threads were stopped: 0,0000722 seconds, Stopping threads took: 0,0000274 seconds
2017-03-12T23:41:00.905+0100: 44219,033: Total time for which application threads were stopped: 0,0000325 seconds, Stopping threads took: 0,0000104 seconds
2017-03-12T23:41:00.905+0100: 44219,033: Total time for which application threads were stopped: 0,0000264 seconds, Stopping threads took: 0,0000056 seconds
2017-03-12T23:41:00.905+0100: 44219,033: Total time for which application threads were stopped: 0,0000235 seconds, Stopping threads took: 0,0000055 seconds
2017-03-12T23:41:00.906+0100: 44219,034: Total time for which application threads were stopped: 0,0000868 seconds, Stopping threads took: 0,0000345 seconds
2017-03-12T23:41:00.906+0100: 44219,034: Total time for which application threads were stopped: 0,0000804 seconds, Stopping threads took: 0,0000298 seconds
2017-03-12T23:41:00.907+0100: 44219,035: Total time for which application threads were stopped: 0,0000855 seconds, Stopping threads took: 0,0000318 seconds
2017-03-12T23:41:00.908+0100: 44219,035: Total time for which application threads were stopped: 0,0000908 seconds, Stopping threads took: 0,0000363 seconds
2017-03-12T23:41:00.908+0100: 44219,036: Total time for which application threads were stopped: 0,0001162 seconds, Stopping threads took: 0,0000637 seconds
2017-03-12T23:41:00.908+0100: 44219,036: Total time for which application threads were stopped: 0,0000642 seconds, Stopping threads took: 0,0000185 seconds
2017-03-12T23:41:00.908+0100: 44219,036: Total time for which application threads were stopped: 0,0000739 seconds, Stopping threads took: 0,0000317 seconds
2017-03-12T23:41:00.909+0100: 44219,037: Total time for which application threads were stopped: 0,0000831 seconds, Stopping threads took: 0,0000384 seconds
2017-03-12T23:41:00.909+0100: 44219,037: Total time for which application threads were stopped: 0,0000526 seconds, Stopping threads took: 0,0000192 seconds
2017-03-12T23:41:00.909+0100: 44219,037: Total time for which application threads were stopped: 0,0000374 seconds, Stopping threads took: 0,0000159 seconds
2017-03-12T23:41:00.910+0100: 44219,037: Total time for which application threads were stopped: 0,0000520 seconds, Stopping threads took: 0,0000239 seconds
2017-03-12T23:41:00.910+0100: 44219,037: Total time for which application threads were stopped: 0,0000406 seconds, Stopping threads took: 0,0000158 seconds
2017-03-12T23:41:00.910+0100: 44219,037: Total time for which application threads were stopped: 0,0000338 seconds, Stopping threads took: 0,0000100 seconds
2017-03-12T23:41:00.910+0100: 44219,038: Total time for which application threads were stopped: 0,0000477 seconds, Stopping threads took: 0,0000212 seconds
2017-03-12T23:41:00.910+0100: 44219,038: Total time for which application threads were stopped: 0,0000482 seconds, Stopping threads took: 0,0000237 seconds
2017-03-12T23:41:00.910+0100: 44219,038: Total time for which application threads were stopped: 0,0000374 seconds, Stopping threads took: 0,0000159 seconds
2017-03-12T23:41:00.910+0100: 44219,038: Total time for which application threads were stopped: 0,0000339 seconds, Stopping threads took: 0,0000131 seconds
2017-03-12T23:41:00.910+0100: 44219,038: Total time for which application threads were stopped: 0,0000438 seconds, Stopping threads took: 0,0000236 seconds
2017-03-12T23:41:00.910+0100: 44219,038: Total time for which application threads were stopped: 0,0000332 seconds, Stopping threads took: 0,0000129 seconds
2017-03-12T23:41:00.912+0100: 44219,040: Total time for which application threads were stopped: 0,0001261 seconds, Stopping threads took: 0,0000722 seconds
2017-03-12T23:41:00.912+0100: 44219,040: Total time for which application threads were stopped: 0,0000475 seconds, Stopping threads took: 0,0000186 seconds
2017-03-12T23:41:00.913+0100: 44219,040: Total time for which application threads were stopped: 0,0001982 seconds, Stopping threads took: 0,0001508 seconds
2017-03-12T23:41:00.913+0100: 44219,041: Total time for which application threads were stopped: 0,0000498 seconds, Stopping threads took: 0,0000181 seconds
2017-03-12T23:41:00.914+0100: 44219,042: Total time for which application threads were stopped: 0,0000770 seconds, Stopping threads took: 0,0000235 seconds
2017-03-12T23:41:00.914+0100: 44219,042: Total time for which application threads were stopped: 0,0000644 seconds, Stopping threads took: 0,0000171 seconds
2017-03-12T23:41:00.914+0100: 44219,042: Total time for which application threads were stopped: 0,0000634 seconds, Stopping threads took: 0,0000223 seconds
2017-03-12T23:41:00.914+0100: 44219,042: Total time for which application threads were stopped: 0,0000596 seconds, Stopping threads took: 0,0000187 seconds
2017-03-12T23:41:00.915+0100: 44219,043: Total time for which application threads were stopped: 0,0000824 seconds, Stopping threads took: 0,0000327 seconds
2017-03-12T23:41:00.916+0100: 44219,043: Total time for which application threads were stopped: 0,0000595 seconds, Stopping threads took: 0,0000129 seconds
2017-03-12T23:41:00.916+0100: 44219,043: Total time for which application threads were stopped: 0,0000484 seconds, Stopping threads took: 0,0000168 seconds
2017-03-12T23:41:00.917+0100: 44219,045: Total time for which application threads were stopped: 0,0000729 seconds, Stopping threads took: 0,0000160 seconds
2017-03-12T23:41:00.917+0100: 44219,045: Total time for which application threads were stopped: 0,0000488 seconds, Stopping threads took: 0,0000170 seconds
2017-03-12T23:41:00.917+0100: 44219,045: Total time for which application threads were stopped: 0,0001811 seconds, Stopping threads took: 0,0000142 seconds
2017-03-12T23:41:00.918+0100: 44219,046: Total time for which application threads were stopped: 0,0001259 seconds, Stopping threads took: 0,0000292 seconds
2017-03-12T23:41:00.918+0100: 44219,046: Total time for which application threads were stopped: 0,0000635 seconds, Stopping threads took: 0,0000269 seconds
2017-03-12T23:41:00.918+0100: 44219,046: Total time for which application threads were stopped: 0,0000559 seconds, Stopping threads took: 0,0000212 seconds
2017-03-12T23:41:00.918+0100: 44219,046: Total time for which application threads were stopped: 0,0000730 seconds, Stopping threads took: 0,0000154 seconds
2017-03-12T23:41:00.918+0100: 44219,046: Total time for which application threads were stopped: 0,0000490 seconds, Stopping threads took: 0,0000153 seconds
2017-03-12T23:41:00.918+0100: 44219,046: Total time for which application threads were stopped: 0,0000412 seconds, Stopping threads took: 0,0000121 seconds
2017-03-12T23:41:00.918+0100: 44219,046: Total time for which application threads were stopped: 0,0000397 seconds, Stopping threads took: 0,0000118 seconds
2017-03-12T23:41:00.920+0100: 44219,047: Total time for which application threads were stopped: 0,0001040 seconds, Stopping threads took: 0,0000317 seconds
2017-03-12T23:41:00.921+0100: 44219,048: Total time for which application threads were stopped: 0,0000616 seconds, Stopping threads took: 0,0000158 seconds
2017-03-12T23:41:00.921+0100: 44219,048: Total time for which application threads were stopped: 0,0000276 seconds, Stopping threads took: 0,0000083 seconds
2017-03-12T23:41:00.921+0100: 44219,049: Total time for which application threads were stopped: 0,0000936 seconds, Stopping threads took: 0,0000340 seconds
Heap
 par new generation   total 109248K, used 19190K [0x00000000e0000000, 0x00000000e8000000, 0x00000000e8000000)
  eden space 87424K,   5% used [0x00000000e0000000, 0x00000000e04daf58, 0x00000000e5560000)
  from space 21824K,  65% used [0x00000000e6ab0000, 0x00000000e7892af0, 0x00000000e8000000)
  to   space 21824K,   0% used [0x00000000e5560000, 0x00000000e5560000, 0x00000000e6ab0000)
 concurrent mark-sweep generation total 393216K, used 7034K [0x00000000e8000000, 0x0000000100000000, 0x0000000100000000)
 Metaspace       used 28211K, capacity 28780K, committed 29052K, reserved 1075200K
  class space    used 3229K, capacity 3393K, committed 3452K, reserved 1048576K
