OpenJDK 64-Bit Server VM (25.131-b11) for linux-amd64 JRE (1.8.0_131-8u131-b11-0ubuntu1.16.04.2-b11), built on May  6 2017 02:45:27 by "buildd" with gcc 5.4.0 20160609
Memory: 4k page, physical 7867740k(7417244k free), swap 8076284k(8076284k free)
CommandLine flags: -XX:CMSInitiatingOccupancyFraction=50 -XX:CMSMaxAbortablePrecleanTime=6000 -XX:+CMSParallelRemarkEnabled -XX:+CMSScavengeBeforeRemark -XX:ConcGCThreads=4 -XX:InitialHeapSize=536870912 -XX:MaxHeapSize=536870912 -XX:MaxTenuringThreshold=8 -XX:NewRatio=3 -XX:OldPLABSize=16 -XX:OnOutOfMemoryError=/opt/solr/bin/oom_solr.sh 8983 /var/solr/logs -XX:ParallelGCThreads=4 -XX:+ParallelRefProcEnabled -XX:PretenureSizeThreshold=67108864 -XX:+PrintGC -XX:+PrintGCApplicationStoppedTime -XX:+PrintGCDateStamps -XX:+PrintGCDetails -XX:+PrintGCTimeStamps -XX:+PrintHeapAtGC -XX:+PrintTenuringDistribution -XX:SurvivorRatio=4 -XX:TargetSurvivorRatio=90 -XX:ThreadStackSize=256 -XX:+UseCMSInitiatingOccupancyOnly -XX:+UseCompressedClassPointers -XX:+UseCompressedOops -XX:+UseConcMarkSweepGC -XX:+UseParNewGC 
2017-07-24T23:27:15.288+0200: 0,140: Total time for which application threads were stopped: 0,0000767 seconds, Stopping threads took: 0,0000108 seconds
2017-07-24T23:27:15.378+0200: 0,230: Total time for which application threads were stopped: 0,0001012 seconds, Stopping threads took: 0,0000163 seconds
2017-07-24T23:27:15.393+0200: 0,245: Total time for which application threads were stopped: 0,0000690 seconds, Stopping threads took: 0,0000107 seconds
2017-07-24T23:27:15.609+0200: 0,462: Total time for which application threads were stopped: 0,0001212 seconds, Stopping threads took: 0,0000128 seconds
2017-07-24T23:27:16.033+0200: 0,886: Total time for which application threads were stopped: 0,0001904 seconds, Stopping threads took: 0,0000291 seconds
2017-07-24T23:27:16.176+0200: 1,028: Total time for which application threads were stopped: 0,0002018 seconds, Stopping threads took: 0,0000158 seconds
2017-07-24T23:27:16.199+0200: 1,051: Total time for which application threads were stopped: 0,0002007 seconds, Stopping threads took: 0,0000300 seconds
2017-07-24T23:27:16.752+0200: 1,604: Total time for which application threads were stopped: 0,0002378 seconds, Stopping threads took: 0,0000213 seconds
2017-07-24T23:27:17.229+0200: 2,081: Total time for which application threads were stopped: 0,0015737 seconds, Stopping threads took: 0,0001695 seconds
2017-07-24T23:27:17.323+0200: 2,176: Total time for which application threads were stopped: 0,0013767 seconds, Stopping threads took: 0,0003822 seconds
2017-07-24T23:27:17.402+0200: 2,255: Total time for which application threads were stopped: 0,0028166 seconds, Stopping threads took: 0,0018435 seconds
2017-07-24T23:27:17.408+0200: 2,260: Total time for which application threads were stopped: 0,0004148 seconds, Stopping threads took: 0,0001206 seconds
2017-07-24T23:27:17.460+0200: 2,313: Total time for which application threads were stopped: 0,0008586 seconds, Stopping threads took: 0,0000749 seconds
2017-07-24T23:27:17.658+0200: 2,510: Total time for which application threads were stopped: 0,0002277 seconds, Stopping threads took: 0,0000195 seconds
2017-07-24T23:27:17.830+0200: 2,682: Total time for which application threads were stopped: 0,0003288 seconds, Stopping threads took: 0,0000934 seconds
{Heap before GC invocations=0 (full 0):
 par new generation   total 109248K, used 87424K [0x00000000e0000000, 0x00000000e8000000, 0x00000000e8000000)
  eden space 87424K, 100% used [0x00000000e0000000, 0x00000000e5560000, 0x00000000e5560000)
  from space 21824K,   0% used [0x00000000e5560000, 0x00000000e5560000, 0x00000000e6ab0000)
  to   space 21824K,   0% used [0x00000000e6ab0000, 0x00000000e6ab0000, 0x00000000e8000000)
 concurrent mark-sweep generation total 393216K, used 0K [0x00000000e8000000, 0x0000000100000000, 0x0000000100000000)
 Metaspace       used 18179K, capacity 18464K, committed 18688K, reserved 1064960K
  class space    used 2057K, capacity 2196K, committed 2304K, reserved 1048576K
2017-07-24T23:27:17.940+0200: 2,792: [GC (Allocation Failure) 2017-07-24T23:27:17.940+0200: 2,792: [ParNew
Desired survivor size 20112992 bytes, new threshold 8 (max 8)
- age   1:   12804008 bytes,   12804008 total
: 87424K->12618K(109248K), 0,0230065 secs] 87424K->12618K(502464K), 0,0231079 secs] [Times: user=0,08 sys=0,00, real=0,02 secs] 
Heap after GC invocations=1 (full 0):
 par new generation   total 109248K, used 12618K [0x00000000e0000000, 0x00000000e8000000, 0x00000000e8000000)
  eden space 87424K,   0% used [0x00000000e0000000, 0x00000000e0000000, 0x00000000e5560000)
  from space 21824K,  57% used [0x00000000e6ab0000, 0x00000000e7702b28, 0x00000000e8000000)
  to   space 21824K,   0% used [0x00000000e5560000, 0x00000000e5560000, 0x00000000e6ab0000)
 concurrent mark-sweep generation total 393216K, used 0K [0x00000000e8000000, 0x0000000100000000, 0x0000000100000000)
 Metaspace       used 18179K, capacity 18464K, committed 18688K, reserved 1064960K
  class space    used 2057K, capacity 2196K, committed 2304K, reserved 1048576K
}
2017-07-24T23:27:17.963+0200: 2,816: Total time for which application threads were stopped: 0,0233792 seconds, Stopping threads took: 0,0000346 seconds
2017-07-24T23:27:18.251+0200: 3,103: Total time for which application threads were stopped: 0,0003561 seconds, Stopping threads took: 0,0000479 seconds
2017-07-24T23:27:18.308+0200: 3,160: Total time for which application threads were stopped: 0,0024469 seconds, Stopping threads took: 0,0020151 seconds
{Heap before GC invocations=1 (full 0):
 par new generation   total 109248K, used 100042K [0x00000000e0000000, 0x00000000e8000000, 0x00000000e8000000)
  eden space 87424K, 100% used [0x00000000e0000000, 0x00000000e5560000, 0x00000000e5560000)
  from space 21824K,  57% used [0x00000000e6ab0000, 0x00000000e7702b28, 0x00000000e8000000)
  to   space 21824K,   0% used [0x00000000e5560000, 0x00000000e5560000, 0x00000000e6ab0000)
 concurrent mark-sweep generation total 393216K, used 0K [0x00000000e8000000, 0x0000000100000000, 0x0000000100000000)
 Metaspace       used 20062K, capacity 20430K, committed 20736K, reserved 1067008K
  class space    used 2296K, capacity 2469K, committed 2560K, reserved 1048576K
2017-07-24T23:27:18.314+0200: 3,166: [GC (Allocation Failure) 2017-07-24T23:27:18.314+0200: 3,166: [ParNew
Desired survivor size 20112992 bytes, new threshold 8 (max 8)
- age   1:    3471248 bytes,    3471248 total
- age   2:    6703408 bytes,   10174656 total
: 100042K->13863K(109248K), 0,0161232 secs] 100042K->13863K(502464K), 0,0162030 secs] [Times: user=0,04 sys=0,01, real=0,01 secs] 
Heap after GC invocations=2 (full 0):
 par new generation   total 109248K, used 13863K [0x00000000e0000000, 0x00000000e8000000, 0x00000000e8000000)
  eden space 87424K,   0% used [0x00000000e0000000, 0x00000000e0000000, 0x00000000e5560000)
  from space 21824K,  63% used [0x00000000e5560000, 0x00000000e62e9e38, 0x00000000e6ab0000)
  to   space 21824K,   0% used [0x00000000e6ab0000, 0x00000000e6ab0000, 0x00000000e8000000)
 concurrent mark-sweep generation total 393216K, used 0K [0x00000000e8000000, 0x0000000100000000, 0x0000000100000000)
 Metaspace       used 20062K, capacity 20430K, committed 20736K, reserved 1067008K
  class space    used 2296K, capacity 2469K, committed 2560K, reserved 1048576K
}
2017-07-24T23:27:18.330+0200: 3,182: Total time for which application threads were stopped: 0,0164286 seconds, Stopping threads took: 0,0000630 seconds
2017-07-24T23:27:18.360+0200: 3,212: Total time for which application threads were stopped: 0,0003759 seconds, Stopping threads took: 0,0000904 seconds
2017-07-24T23:27:18.488+0200: 3,341: Total time for which application threads were stopped: 0,0002310 seconds, Stopping threads took: 0,0000682 seconds
{Heap before GC invocations=2 (full 0):
 par new generation   total 109248K, used 101287K [0x00000000e0000000, 0x00000000e8000000, 0x00000000e8000000)
  eden space 87424K, 100% used [0x00000000e0000000, 0x00000000e5560000, 0x00000000e5560000)
  from space 21824K,  63% used [0x00000000e5560000, 0x00000000e62e9e38, 0x00000000e6ab0000)
  to   space 21824K,   0% used [0x00000000e6ab0000, 0x00000000e6ab0000, 0x00000000e8000000)
 concurrent mark-sweep generation total 393216K, used 0K [0x00000000e8000000, 0x0000000100000000, 0x0000000100000000)
 Metaspace       used 20969K, capacity 21288K, committed 21628K, reserved 1069056K
  class space    used 2418K, capacity 2588K, committed 2684K, reserved 1048576K
2017-07-24T23:27:18.537+0200: 3,389: [GC (Allocation Failure) 2017-07-24T23:27:18.537+0200: 3,390: [ParNew
Desired survivor size 20112992 bytes, new threshold 8 (max 8)
- age   1:    2023352 bytes,    2023352 total
- age   2:     827024 bytes,    2850376 total
- age   3:    6688696 bytes,    9539072 total
: 101287K->11412K(109248K), 0,0107700 secs] 101287K->11412K(502464K), 0,0108738 secs] [Times: user=0,04 sys=0,00, real=0,01 secs] 
Heap after GC invocations=3 (full 0):
 par new generation   total 109248K, used 11412K [0x00000000e0000000, 0x00000000e8000000, 0x00000000e8000000)
  eden space 87424K,   0% used [0x00000000e0000000, 0x00000000e0000000, 0x00000000e5560000)
  from space 21824K,  52% used [0x00000000e6ab0000, 0x00000000e75d53c0, 0x00000000e8000000)
  to   space 21824K,   0% used [0x00000000e5560000, 0x00000000e5560000, 0x00000000e6ab0000)
 concurrent mark-sweep generation total 393216K, used 0K [0x00000000e8000000, 0x0000000100000000, 0x0000000100000000)
 Metaspace       used 20969K, capacity 21288K, committed 21628K, reserved 1069056K
  class space    used 2418K, capacity 2588K, committed 2684K, reserved 1048576K
}
2017-07-24T23:27:18.548+0200: 3,400: Total time for which application threads were stopped: 0,0111235 seconds, Stopping threads took: 0,0000638 seconds
2017-07-24T23:27:18.553+0200: 3,405: [GC (CMS Initial Mark) [1 CMS-initial-mark: 0K(393216K)] 15196K(502464K), 0,0050543 secs] [Times: user=0,02 sys=0,00, real=0,01 secs] 
2017-07-24T23:27:18.558+0200: 3,410: Total time for which application threads were stopped: 0,0052509 seconds, Stopping threads took: 0,0000587 seconds
2017-07-24T23:27:18.558+0200: 3,410: [CMS-concurrent-mark-start]
2017-07-24T23:27:18.559+0200: 3,411: [CMS-concurrent-mark: 0,001/0,001 secs] [Times: user=0,00 sys=0,00, real=0,00 secs] 
2017-07-24T23:27:18.559+0200: 3,411: [CMS-concurrent-preclean-start]
2017-07-24T23:27:18.560+0200: 3,412: [CMS-concurrent-preclean: 0,001/0,001 secs] [Times: user=0,01 sys=0,00, real=0,00 secs] 
2017-07-24T23:27:18.560+0200: 3,412: [CMS-concurrent-abortable-preclean-start]
2017-07-24T23:27:18.613+0200: 3,465: Total time for which application threads were stopped: 0,0001505 seconds, Stopping threads took: 0,0000571 seconds
{Heap before GC invocations=3 (full 1):
 par new generation   total 109248K, used 98836K [0x00000000e0000000, 0x00000000e8000000, 0x00000000e8000000)
  eden space 87424K, 100% used [0x00000000e0000000, 0x00000000e5560000, 0x00000000e5560000)
  from space 21824K,  52% used [0x00000000e6ab0000, 0x00000000e75d53c0, 0x00000000e8000000)
  to   space 21824K,   0% used [0x00000000e5560000, 0x00000000e5560000, 0x00000000e6ab0000)
 concurrent mark-sweep generation total 393216K, used 0K [0x00000000e8000000, 0x0000000100000000, 0x0000000100000000)
 Metaspace       used 21250K, capacity 21640K, committed 21884K, reserved 1069056K
  class space    used 2447K, capacity 2605K, committed 2684K, reserved 1048576K
2017-07-24T23:27:18.671+0200: 3,523: [GC (Allocation Failure) 2017-07-24T23:27:18.671+0200: 3,523: [ParNew
Desired survivor size 20112992 bytes, new threshold 8 (max 8)
- age   1:    1034128 bytes,    1034128 total
- age   2:    1453512 bytes,    2487640 total
- age   3:     795584 bytes,    3283224 total
- age   4:    6688768 bytes,    9971992 total
: 98836K->14723K(109248K), 0,0103030 secs] 98836K->14723K(502464K), 0,0103795 secs] [Times: user=0,04 sys=0,01, real=0,01 secs] 
Heap after GC invocations=4 (full 1):
 par new generation   total 109248K, used 14723K [0x00000000e0000000, 0x00000000e8000000, 0x00000000e8000000)
  eden space 87424K,   0% used [0x00000000e0000000, 0x00000000e0000000, 0x00000000e5560000)
  from space 21824K,  67% used [0x00000000e5560000, 0x00000000e63c0c50, 0x00000000e6ab0000)
  to   space 21824K,   0% used [0x00000000e6ab0000, 0x00000000e6ab0000, 0x00000000e8000000)
 concurrent mark-sweep generation total 393216K, used 0K [0x00000000e8000000, 0x0000000100000000, 0x0000000100000000)
 Metaspace       used 21250K, capacity 21640K, committed 21884K, reserved 1069056K
  class space    used 2447K, capacity 2605K, committed 2684K, reserved 1048576K
}
2017-07-24T23:27:18.682+0200: 3,534: Total time for which application threads were stopped: 0,0106687 seconds, Stopping threads took: 0,0001253 seconds
2017-07-24T23:27:18.682+0200: 3,534: [CMS-concurrent-abortable-preclean: 0,065/0,122 secs] [Times: user=0,46 sys=0,01, real=0,12 secs] 
2017-07-24T23:27:18.682+0200: 3,534: [GC (CMS Final Remark) [YG occupancy: 15416 K (109248 K)]{Heap before GC invocations=4 (full 1):
 par new generation   total 109248K, used 15416K [0x00000000e0000000, 0x00000000e8000000, 0x00000000e8000000)
  eden space 87424K,   0% used [0x00000000e0000000, 0x00000000e00ad428, 0x00000000e5560000)
  from space 21824K,  67% used [0x00000000e5560000, 0x00000000e63c0c50, 0x00000000e6ab0000)
  to   space 21824K,   0% used [0x00000000e6ab0000, 0x00000000e6ab0000, 0x00000000e8000000)
 concurrent mark-sweep generation total 393216K, used 0K [0x00000000e8000000, 0x0000000100000000, 0x0000000100000000)
 Metaspace       used 21250K, capacity 21640K, committed 21884K, reserved 1069056K
  class space    used 2447K, capacity 2605K, committed 2684K, reserved 1048576K
2017-07-24T23:27:18.682+0200: 3,534: [GC (CMS Final Remark) 2017-07-24T23:27:18.682+0200: 3,534: [ParNew
Desired survivor size 20112992 bytes, new threshold 8 (max 8)
- age   1:      65640 bytes,      65640 total
- age   2:    1034128 bytes,    1099768 total
- age   3:    1453448 bytes,    2553216 total
- age   4:     795584 bytes,    3348800 total
- age   5:    6688672 bytes,   10037472 total
: 15416K->12478K(109248K), 0,0099604 secs] 15416K->12478K(502464K), 0,0100000 secs] [Times: user=0,03 sys=0,00, real=0,01 secs] 
Heap after GC invocations=5 (full 1):
 par new generation   total 109248K, used 12478K [0x00000000e0000000, 0x00000000e8000000, 0x00000000e8000000)
  eden space 87424K,   0% used [0x00000000e0000000, 0x00000000e0000000, 0x00000000e5560000)
  from space 21824K,  57% used [0x00000000e6ab0000, 0x00000000e76dfbf0, 0x00000000e8000000)
  to   space 21824K,   0% used [0x00000000e5560000, 0x00000000e5560000, 0x00000000e6ab0000)
 concurrent mark-sweep generation total 393216K, used 0K [0x00000000e8000000, 0x0000000100000000, 0x0000000100000000)
 Metaspace       used 21250K, capacity 21640K, committed 21884K, reserved 1069056K
  class space    used 2447K, capacity 2605K, committed 2684K, reserved 1048576K
}
2017-07-24T23:27:18.692+0200: 3,544: [Rescan (parallel) , 0,0033746 secs]2017-07-24T23:27:18.695+0200: 3,547: [weak refs processing, 0,0007005 secs]2017-07-24T23:27:18.696+0200: 3,548: [class unloading, 0,0029601 secs]2017-07-24T23:27:18.699+0200: 3,551: [scrub symbol table, 0,0027261 secs]2017-07-24T23:27:18.702+0200: 3,554: [scrub string table, 0,0004170 secs][1 CMS-remark: 0K(393216K)] 12478K(502464K), 0,0208560 secs] [Times: user=0,06 sys=0,00, real=0,02 secs] 
2017-07-24T23:27:18.703+0200: 3,555: Total time for which application threads were stopped: 0,0209570 seconds, Stopping threads took: 0,0000224 seconds
2017-07-24T23:27:18.704+0200: 3,556: [CMS-concurrent-sweep-start]
2017-07-24T23:27:18.704+0200: 3,556: [CMS-concurrent-sweep: 0,000/0,000 secs] [Times: user=0,00 sys=0,00, real=0,00 secs] 
2017-07-24T23:27:18.704+0200: 3,556: [CMS-concurrent-reset-start]
2017-07-24T23:27:18.706+0200: 3,558: [CMS-concurrent-reset: 0,002/0,002 secs] [Times: user=0,00 sys=0,00, real=0,01 secs] 
{Heap before GC invocations=5 (full 1):
 par new generation   total 109248K, used 99902K [0x00000000e0000000, 0x00000000e8000000, 0x00000000e8000000)
  eden space 87424K, 100% used [0x00000000e0000000, 0x00000000e5560000, 0x00000000e5560000)
  from space 21824K,  57% used [0x00000000e6ab0000, 0x00000000e76dfbf0, 0x00000000e8000000)
  to   space 21824K,   0% used [0x00000000e5560000, 0x00000000e5560000, 0x00000000e6ab0000)
 concurrent mark-sweep generation total 393216K, used 0K [0x00000000e8000000, 0x0000000100000000, 0x0000000100000000)
 Metaspace       used 21405K, capacity 21812K, committed 21884K, reserved 1069056K
  class space    used 2468K, capacity 2639K, committed 2684K, reserved 1048576K
2017-07-24T23:27:18.805+0200: 3,658: [GC (Allocation Failure) 2017-07-24T23:27:18.806+0200: 3,658: [ParNew
Desired survivor size 20112992 bytes, new threshold 8 (max 8)
- age   1:    1138624 bytes,    1138624 total
- age   3:     183960 bytes,    1322584 total
- age   4:    1452696 bytes,    2775280 total
- age   5:     791760 bytes,    3567040 total
- age   6:    6688656 bytes,   10255696 total
: 99902K->14850K(109248K), 0,0108309 secs] 99902K->14850K(502464K), 0,0109064 secs] [Times: user=0,04 sys=0,00, real=0,01 secs] 
Heap after GC invocations=6 (full 1):
 par new generation   total 109248K, used 14850K [0x00000000e0000000, 0x00000000e8000000, 0x00000000e8000000)
  eden space 87424K,   0% used [0x00000000e0000000, 0x00000000e0000000, 0x00000000e5560000)
  from space 21824K,  68% used [0x00000000e5560000, 0x00000000e63e0aa8, 0x00000000e6ab0000)
  to   space 21824K,   0% used [0x00000000e6ab0000, 0x00000000e6ab0000, 0x00000000e8000000)
 concurrent mark-sweep generation total 393216K, used 0K [0x00000000e8000000, 0x0000000100000000, 0x0000000100000000)
 Metaspace       used 21405K, capacity 21812K, committed 21884K, reserved 1069056K
  class space    used 2468K, capacity 2639K, committed 2684K, reserved 1048576K
}
2017-07-24T23:27:18.816+0200: 3,668: Total time for which application threads were stopped: 0,0111441 seconds, Stopping threads took: 0,0000947 seconds
2017-07-24T23:27:18.849+0200: 3,701: Total time for which application threads were stopped: 0,0004439 seconds, Stopping threads took: 0,0000230 seconds
2017-07-24T23:27:19.131+0200: 3,983: Total time for which application threads were stopped: 0,0006319 seconds, Stopping threads took: 0,0000498 seconds
2017-07-24T23:27:19.160+0200: 4,012: Total time for which application threads were stopped: 0,0005619 seconds, Stopping threads took: 0,0000607 seconds
2017-07-24T23:27:19.203+0200: 4,055: Total time for which application threads were stopped: 0,0003222 seconds, Stopping threads took: 0,0000557 seconds
2017-07-24T23:27:19.203+0200: 4,055: Total time for which application threads were stopped: 0,0000952 seconds, Stopping threads took: 0,0000239 seconds
2017-07-24T23:27:19.204+0200: 4,056: Total time for which application threads were stopped: 0,0000946 seconds, Stopping threads took: 0,0000245 seconds
2017-07-24T23:27:19.210+0200: 4,062: Total time for which application threads were stopped: 0,0021078 seconds, Stopping threads took: 0,0020103 seconds
2017-07-24T23:27:19.210+0200: 4,062: Total time for which application threads were stopped: 0,0000904 seconds, Stopping threads took: 0,0000403 seconds
2017-07-24T23:27:19.211+0200: 4,063: Total time for which application threads were stopped: 0,0000982 seconds, Stopping threads took: 0,0000390 seconds
2017-07-24T23:27:19.212+0200: 4,065: Total time for which application threads were stopped: 0,0002301 seconds, Stopping threads took: 0,0001474 seconds
2017-07-24T23:27:19.216+0200: 4,068: Total time for which application threads were stopped: 0,0000992 seconds, Stopping threads took: 0,0000243 seconds
{Heap before GC invocations=6 (full 1):
 par new generation   total 109248K, used 102274K [0x00000000e0000000, 0x00000000e8000000, 0x00000000e8000000)
  eden space 87424K, 100% used [0x00000000e0000000, 0x00000000e5560000, 0x00000000e5560000)
  from space 21824K,  68% used [0x00000000e5560000, 0x00000000e63e0aa8, 0x00000000e6ab0000)
  to   space 21824K,   0% used [0x00000000e6ab0000, 0x00000000e6ab0000, 0x00000000e8000000)
 concurrent mark-sweep generation total 393216K, used 0K [0x00000000e8000000, 0x0000000100000000, 0x0000000100000000)
 Metaspace       used 23752K, capacity 24180K, committed 24316K, reserved 1071104K
  class space    used 2789K, capacity 2981K, committed 3068K, reserved 1048576K
2017-07-24T23:27:19.330+0200: 4,182: [GC (Allocation Failure) 2017-07-24T23:27:19.330+0200: 4,182: [ParNew
Desired survivor size 20112992 bytes, new threshold 8 (max 8)
- age   1:    4908576 bytes,    4908576 total
- age   2:     129344 bytes,    5037920 total
- age   4:     182752 bytes,    5220672 total
- age   5:     283200 bytes,    5503872 total
- age   6:     767520 bytes,    6271392 total
- age   7:    6680368 bytes,   12951760 total
: 102274K->13223K(109248K), 0,0114961 secs] 102274K->13223K(502464K), 0,0115681 secs] [Times: user=0,05 sys=0,00, real=0,01 secs] 
Heap after GC invocations=7 (full 1):
 par new generation   total 109248K, used 13223K [0x00000000e0000000, 0x00000000e8000000, 0x00000000e8000000)
  eden space 87424K,   0% used [0x00000000e0000000, 0x00000000e0000000, 0x00000000e5560000)
  from space 21824K,  60% used [0x00000000e6ab0000, 0x00000000e7799ef8, 0x00000000e8000000)
  to   space 21824K,   0% used [0x00000000e5560000, 0x00000000e5560000, 0x00000000e6ab0000)
 concurrent mark-sweep generation total 393216K, used 0K [0x00000000e8000000, 0x0000000100000000, 0x0000000100000000)
 Metaspace       used 23752K, capacity 24180K, committed 24316K, reserved 1071104K
  class space    used 2789K, capacity 2981K, committed 3068K, reserved 1048576K
}
2017-07-24T23:27:19.341+0200: 4,193: Total time for which application threads were stopped: 0,0131047 seconds, Stopping threads took: 0,0013745 seconds
2017-07-24T23:27:19.344+0200: 4,196: Total time for which application threads were stopped: 0,0001933 seconds, Stopping threads took: 0,0000947 seconds
2017-07-24T23:27:19.345+0200: 4,197: Total time for which application threads were stopped: 0,0001285 seconds, Stopping threads took: 0,0000336 seconds
2017-07-24T23:27:19.346+0200: 4,198: Total time for which application threads were stopped: 0,0001363 seconds, Stopping threads took: 0,0000421 seconds
{Heap before GC invocations=7 (full 1):
 par new generation   total 109248K, used 100647K [0x00000000e0000000, 0x00000000e8000000, 0x00000000e8000000)
  eden space 87424K, 100% used [0x00000000e0000000, 0x00000000e5560000, 0x00000000e5560000)
  from space 21824K,  60% used [0x00000000e6ab0000, 0x00000000e7799ef8, 0x00000000e8000000)
  to   space 21824K,   0% used [0x00000000e5560000, 0x00000000e5560000, 0x00000000e6ab0000)
 concurrent mark-sweep generation total 393216K, used 0K [0x00000000e8000000, 0x0000000100000000, 0x0000000100000000)
 Metaspace       used 24381K, capacity 24826K, committed 25084K, reserved 1071104K
  class space    used 2857K, capacity 3046K, committed 3068K, reserved 1048576K
2017-07-24T23:27:19.451+0200: 4,303: [GC (Allocation Failure) 2017-07-24T23:27:19.451+0200: 4,303: [ParNew
Desired survivor size 20112992 bytes, new threshold 8 (max 8)
- age   1:    2372264 bytes,    2372264 total
- age   2:    1774592 bytes,    4146856 total
- age   3:      58824 bytes,    4205680 total
- age   5:     102472 bytes,    4308152 total
- age   6:     195224 bytes,    4503376 total
- age   7:     717160 bytes,    5220536 total
- age   8:    6145960 bytes,   11366496 total
: 100647K->19172K(109248K), 0,0210238 secs] 100647K->19172K(502464K), 0,0211044 secs] [Times: user=0,07 sys=0,00, real=0,02 secs] 
Heap after GC invocations=8 (full 1):
 par new generation   total 109248K, used 19172K [0x00000000e0000000, 0x00000000e8000000, 0x00000000e8000000)
  eden space 87424K,   0% used [0x00000000e0000000, 0x00000000e0000000, 0x00000000e5560000)
  from space 21824K,  87% used [0x00000000e5560000, 0x00000000e6819048, 0x00000000e6ab0000)
  to   space 21824K,   0% used [0x00000000e6ab0000, 0x00000000e6ab0000, 0x00000000e8000000)
 concurrent mark-sweep generation total 393216K, used 0K [0x00000000e8000000, 0x0000000100000000, 0x0000000100000000)
 Metaspace       used 24381K, capacity 24826K, committed 25084K, reserved 1071104K
  class space    used 2857K, capacity 3046K, committed 3068K, reserved 1048576K
}
2017-07-24T23:27:19.472+0200: 4,324: Total time for which application threads were stopped: 0,0213562 seconds, Stopping threads took: 0,0000449 seconds
2017-07-24T23:27:19.476+0200: 4,328: Total time for which application threads were stopped: 0,0003829 seconds, Stopping threads took: 0,0003055 seconds
2017-07-24T23:27:19.476+0200: 4,328: Total time for which application threads were stopped: 0,0001341 seconds, Stopping threads took: 0,0000346 seconds
{Heap before GC invocations=8 (full 1):
 par new generation   total 109248K, used 106596K [0x00000000e0000000, 0x00000000e8000000, 0x00000000e8000000)
  eden space 87424K, 100% used [0x00000000e0000000, 0x00000000e5560000, 0x00000000e5560000)
  from space 21824K,  87% used [0x00000000e5560000, 0x00000000e6819048, 0x00000000e6ab0000)
  to   space 21824K,   0% used [0x00000000e6ab0000, 0x00000000e6ab0000, 0x00000000e8000000)
 concurrent mark-sweep generation total 393216K, used 0K [0x00000000e8000000, 0x0000000100000000, 0x0000000100000000)
 Metaspace       used 24624K, capacity 25140K, committed 25468K, reserved 1071104K
  class space    used 2880K, capacity 3083K, committed 3196K, reserved 1048576K
2017-07-24T23:27:19.564+0200: 4,416: [GC (Allocation Failure) 2017-07-24T23:27:19.564+0200: 4,416: [ParNew
Desired survivor size 20112992 bytes, new threshold 8 (max 8)
- age   1:     671048 bytes,     671048 total
- age   2:     602008 bytes,    1273056 total
- age   3:    1752304 bytes,    3025360 total
- age   4:      58792 bytes,    3084152 total
- age   6:     102304 bytes,    3186456 total
- age   7:     192424 bytes,    3378880 total
- age   8:     716392 bytes,    4095272 total
: 106596K->6892K(109248K), 0,0458419 secs] 106596K->13556K(502464K), 0,0459194 secs] [Times: user=0,12 sys=0,00, real=0,05 secs] 
Heap after GC invocations=9 (full 1):
 par new generation   total 109248K, used 6892K [0x00000000e0000000, 0x00000000e8000000, 0x00000000e8000000)
  eden space 87424K,   0% used [0x00000000e0000000, 0x00000000e0000000, 0x00000000e5560000)
  from space 21824K,  31% used [0x00000000e6ab0000, 0x00000000e716b160, 0x00000000e8000000)
  to   space 21824K,   0% used [0x00000000e5560000, 0x00000000e5560000, 0x00000000e6ab0000)
 concurrent mark-sweep generation total 393216K, used 6664K [0x00000000e8000000, 0x0000000100000000, 0x0000000100000000)
 Metaspace       used 24624K, capacity 25140K, committed 25468K, reserved 1071104K
  class space    used 2880K, capacity 3083K, committed 3196K, reserved 1048576K
}
2017-07-24T23:27:19.610+0200: 4,462: Total time for which application threads were stopped: 0,0482624 seconds, Stopping threads took: 0,0021148 seconds
2017-07-24T23:27:19.706+0200: 4,558: Total time for which application threads were stopped: 0,0001790 seconds, Stopping threads took: 0,0000679 seconds
2017-07-24T23:27:19.706+0200: 4,558: Total time for which application threads were stopped: 0,0001096 seconds, Stopping threads took: 0,0000278 seconds
2017-07-24T23:27:19.706+0200: 4,558: Total time for which application threads were stopped: 0,0000827 seconds, Stopping threads took: 0,0000115 seconds
2017-07-24T23:27:19.706+0200: 4,558: Total time for which application threads were stopped: 0,0000762 seconds, Stopping threads took: 0,0000264 seconds
2017-07-24T23:27:19.707+0200: 4,559: Total time for which application threads were stopped: 0,0001146 seconds, Stopping threads took: 0,0000643 seconds
2017-07-24T23:27:19.707+0200: 4,559: Total time for which application threads were stopped: 0,0000765 seconds, Stopping threads took: 0,0000274 seconds
2017-07-24T23:27:19.707+0200: 4,559: Total time for which application threads were stopped: 0,0001025 seconds, Stopping threads took: 0,0000274 seconds
2017-07-24T23:27:19.707+0200: 4,559: Total time for which application threads were stopped: 0,0000671 seconds, Stopping threads took: 0,0000097 seconds
2017-07-24T23:27:19.707+0200: 4,559: Total time for which application threads were stopped: 0,0000762 seconds, Stopping threads took: 0,0000194 seconds
2017-07-24T23:27:19.707+0200: 4,560: Total time for which application threads were stopped: 0,0001039 seconds, Stopping threads took: 0,0000393 seconds
2017-07-24T23:27:19.708+0200: 4,560: Total time for which application threads were stopped: 0,0001075 seconds, Stopping threads took: 0,0000360 seconds
2017-07-24T23:27:19.714+0200: 4,566: Total time for which application threads were stopped: 0,0001611 seconds, Stopping threads took: 0,0000242 seconds
2017-07-24T23:27:19.720+0200: 4,572: Total time for which application threads were stopped: 0,0027187 seconds, Stopping threads took: 0,0026381 seconds
2017-07-24T23:27:19.720+0200: 4,572: Total time for which application threads were stopped: 0,0000911 seconds, Stopping threads took: 0,0000430 seconds
2017-07-24T23:27:19.720+0200: 4,573: Total time for which application threads were stopped: 0,0000679 seconds, Stopping threads took: 0,0000266 seconds
2017-07-24T23:27:19.721+0200: 4,573: Total time for which application threads were stopped: 0,0000526 seconds, Stopping threads took: 0,0000198 seconds
2017-07-24T23:27:19.721+0200: 4,573: Total time for which application threads were stopped: 0,0000778 seconds, Stopping threads took: 0,0000105 seconds
2017-07-24T23:27:19.721+0200: 4,573: Total time for which application threads were stopped: 0,0000909 seconds, Stopping threads took: 0,0000331 seconds
2017-07-24T23:27:19.721+0200: 4,573: Total time for which application threads were stopped: 0,0000810 seconds, Stopping threads took: 0,0000224 seconds
2017-07-24T23:27:19.721+0200: 4,573: Total time for which application threads were stopped: 0,0000701 seconds, Stopping threads took: 0,0000097 seconds
2017-07-24T23:27:19.721+0200: 4,573: Total time for which application threads were stopped: 0,0000876 seconds, Stopping threads took: 0,0000285 seconds
2017-07-24T23:27:19.721+0200: 4,573: Total time for which application threads were stopped: 0,0000833 seconds, Stopping threads took: 0,0000293 seconds
2017-07-24T23:27:19.721+0200: 4,573: Total time for which application threads were stopped: 0,0000892 seconds, Stopping threads took: 0,0000120 seconds
2017-07-24T23:27:19.722+0200: 4,574: Total time for which application threads were stopped: 0,0000706 seconds, Stopping threads took: 0,0000174 seconds
2017-07-24T23:27:19.722+0200: 4,574: Total time for which application threads were stopped: 0,0005235 seconds, Stopping threads took: 0,0004519 seconds
2017-07-24T23:27:19.722+0200: 4,574: Total time for which application threads were stopped: 0,0001322 seconds, Stopping threads took: 0,0000855 seconds
2017-07-24T23:27:19.722+0200: 4,574: Total time for which application threads were stopped: 0,0000658 seconds, Stopping threads took: 0,0000260 seconds
2017-07-24T23:27:19.723+0200: 4,575: Total time for which application threads were stopped: 0,0002211 seconds, Stopping threads took: 0,0001138 seconds
2017-07-24T23:27:19.723+0200: 4,575: Total time for which application threads were stopped: 0,0000690 seconds, Stopping threads took: 0,0000289 seconds
2017-07-24T23:27:19.723+0200: 4,575: Total time for which application threads were stopped: 0,0000441 seconds, Stopping threads took: 0,0000102 seconds
2017-07-24T23:27:19.723+0200: 4,575: Total time for which application threads were stopped: 0,0000408 seconds, Stopping threads took: 0,0000068 seconds
2017-07-24T23:27:19.723+0200: 4,575: Total time for which application threads were stopped: 0,0001137 seconds, Stopping threads took: 0,0000077 seconds
2017-07-24T23:27:19.725+0200: 4,577: Total time for which application threads were stopped: 0,0000930 seconds, Stopping threads took: 0,0000209 seconds
2017-07-24T23:27:19.725+0200: 4,577: Total time for which application threads were stopped: 0,0000840 seconds, Stopping threads took: 0,0000310 seconds
2017-07-24T23:27:19.726+0200: 4,578: Total time for which application threads were stopped: 0,0000994 seconds, Stopping threads took: 0,0000343 seconds
2017-07-24T23:27:19.739+0200: 4,591: Total time for which application threads were stopped: 0,0012070 seconds, Stopping threads took: 0,0011180 seconds
2017-07-24T23:27:19.739+0200: 4,591: Total time for which application threads were stopped: 0,0000856 seconds, Stopping threads took: 0,0000286 seconds
2017-07-24T23:27:19.742+0200: 4,594: Total time for which application threads were stopped: 0,0001343 seconds, Stopping threads took: 0,0000454 seconds
2017-07-24T23:27:19.742+0200: 4,594: Total time for which application threads were stopped: 0,0000792 seconds, Stopping threads took: 0,0000330 seconds
2017-07-24T23:27:19.742+0200: 4,594: Total time for which application threads were stopped: 0,0000510 seconds, Stopping threads took: 0,0000090 seconds
2017-07-24T23:27:19.742+0200: 4,594: Total time for which application threads were stopped: 0,0000677 seconds, Stopping threads took: 0,0000119 seconds
2017-07-24T23:27:19.742+0200: 4,594: Total time for which application threads were stopped: 0,0000655 seconds, Stopping threads took: 0,0000171 seconds
2017-07-24T23:27:19.742+0200: 4,595: Total time for which application threads were stopped: 0,0000850 seconds, Stopping threads took: 0,0000166 seconds
2017-07-24T23:27:19.743+0200: 4,595: Total time for which application threads were stopped: 0,0000569 seconds, Stopping threads took: 0,0000091 seconds
2017-07-24T23:27:19.743+0200: 4,595: Total time for which application threads were stopped: 0,0000582 seconds, Stopping threads took: 0,0000216 seconds
2017-07-24T23:27:19.743+0200: 4,595: Total time for which application threads were stopped: 0,0000979 seconds, Stopping threads took: 0,0000310 seconds
2017-07-24T23:27:19.743+0200: 4,595: Total time for which application threads were stopped: 0,0000529 seconds, Stopping threads took: 0,0000176 seconds
2017-07-24T23:27:19.743+0200: 4,595: Total time for which application threads were stopped: 0,0000678 seconds, Stopping threads took: 0,0000210 seconds
2017-07-24T23:27:19.743+0200: 4,595: Total time for which application threads were stopped: 0,0000846 seconds, Stopping threads took: 0,0000160 seconds
2017-07-24T23:27:19.743+0200: 4,595: Total time for which application threads were stopped: 0,0000686 seconds, Stopping threads took: 0,0000179 seconds
2017-07-24T23:27:19.744+0200: 4,596: Total time for which application threads were stopped: 0,0000797 seconds, Stopping threads took: 0,0000300 seconds
2017-07-24T23:27:19.744+0200: 4,596: Total time for which application threads were stopped: 0,0000599 seconds, Stopping threads took: 0,0000220 seconds
2017-07-24T23:27:19.744+0200: 4,596: Total time for which application threads were stopped: 0,0000615 seconds, Stopping threads took: 0,0000170 seconds
2017-07-24T23:27:19.744+0200: 4,596: Total time for which application threads were stopped: 0,0000536 seconds, Stopping threads took: 0,0000193 seconds
2017-07-24T23:27:19.744+0200: 4,596: Total time for which application threads were stopped: 0,0001355 seconds, Stopping threads took: 0,0000285 seconds
2017-07-24T23:27:19.746+0200: 4,598: Total time for which application threads were stopped: 0,0001541 seconds, Stopping threads took: 0,0000442 seconds
2017-07-24T23:27:19.747+0200: 4,599: Total time for which application threads were stopped: 0,0000838 seconds, Stopping threads took: 0,0000150 seconds
2017-07-24T23:27:19.747+0200: 4,599: Total time for which application threads were stopped: 0,0000698 seconds, Stopping threads took: 0,0000129 seconds
2017-07-24T23:27:19.748+0200: 4,600: Total time for which application threads were stopped: 0,0000914 seconds, Stopping threads took: 0,0000176 seconds
2017-07-24T23:27:19.749+0200: 4,601: Total time for which application threads were stopped: 0,0001034 seconds, Stopping threads took: 0,0000432 seconds
2017-07-24T23:27:19.753+0200: 4,606: Total time for which application threads were stopped: 0,0001799 seconds, Stopping threads took: 0,0000860 seconds
2017-07-24T23:27:19.761+0200: 4,613: Total time for which application threads were stopped: 0,0002031 seconds, Stopping threads took: 0,0000682 seconds
2017-07-24T23:27:19.766+0200: 4,618: Total time for which application threads were stopped: 0,0039397 seconds, Stopping threads took: 0,0038456 seconds
2017-07-24T23:27:19.768+0200: 4,620: Total time for which application threads were stopped: 0,0001882 seconds, Stopping threads took: 0,0000695 seconds
2017-07-24T23:27:19.769+0200: 4,621: Total time for which application threads were stopped: 0,0001186 seconds, Stopping threads took: 0,0000174 seconds
2017-07-24T23:27:19.769+0200: 4,621: Total time for which application threads were stopped: 0,0001070 seconds, Stopping threads took: 0,0000199 seconds
2017-07-24T23:27:19.769+0200: 4,621: Total time for which application threads were stopped: 0,0000886 seconds, Stopping threads took: 0,0000119 seconds
2017-07-24T23:27:19.769+0200: 4,621: Total time for which application threads were stopped: 0,0000783 seconds, Stopping threads took: 0,0000187 seconds
2017-07-24T23:27:19.770+0200: 4,622: Total time for which application threads were stopped: 0,0002611 seconds, Stopping threads took: 0,0001431 seconds
2017-07-24T23:27:19.772+0200: 4,624: Total time for which application threads were stopped: 0,0001680 seconds, Stopping threads took: 0,0000564 seconds
2017-07-24T23:27:19.774+0200: 4,627: Total time for which application threads were stopped: 0,0001423 seconds, Stopping threads took: 0,0000428 seconds
2017-07-24T23:27:19.775+0200: 4,627: Total time for which application threads were stopped: 0,0002027 seconds, Stopping threads took: 0,0000200 seconds
2017-07-24T23:27:19.839+0200: 4,691: Total time for which application threads were stopped: 0,0001744 seconds, Stopping threads took: 0,0000573 seconds
2017-07-24T23:27:19.841+0200: 4,693: Total time for which application threads were stopped: 0,0001374 seconds, Stopping threads took: 0,0000351 seconds
2017-07-24T23:27:19.852+0200: 4,704: Total time for which application threads were stopped: 0,0001630 seconds, Stopping threads took: 0,0000668 seconds
2017-07-24T23:27:19.853+0200: 4,705: Total time for which application threads were stopped: 0,0001589 seconds, Stopping threads took: 0,0000396 seconds
2017-07-24T23:27:19.855+0200: 4,707: Total time for which application threads were stopped: 0,0001628 seconds, Stopping threads took: 0,0000488 seconds
2017-07-24T23:27:19.856+0200: 4,708: Total time for which application threads were stopped: 0,0004883 seconds, Stopping threads took: 0,0000287 seconds
2017-07-24T23:27:19.884+0200: 4,736: Total time for which application threads were stopped: 0,0001608 seconds, Stopping threads took: 0,0000466 seconds
2017-07-24T23:27:19.902+0200: 4,754: Total time for which application threads were stopped: 0,0001096 seconds, Stopping threads took: 0,0000424 seconds
2017-07-24T23:27:19.962+0200: 4,814: Total time for which application threads were stopped: 0,0004147 seconds, Stopping threads took: 0,0000208 seconds
2017-07-24T23:27:19.975+0200: 4,827: Total time for which application threads were stopped: 0,0003958 seconds, Stopping threads took: 0,0000240 seconds
2017-07-24T23:27:20.030+0200: 4,882: Total time for which application threads were stopped: 0,0005045 seconds, Stopping threads took: 0,0000427 seconds
2017-07-24T23:27:20.031+0200: 4,883: Total time for which application threads were stopped: 0,0001530 seconds, Stopping threads took: 0,0000474 seconds
2017-07-24T23:27:20.034+0200: 4,886: Total time for which application threads were stopped: 0,0002339 seconds, Stopping threads took: 0,0001452 seconds
2017-07-24T23:27:20.041+0200: 4,893: Total time for which application threads were stopped: 0,0001097 seconds, Stopping threads took: 0,0000382 seconds
2017-07-24T23:27:20.053+0200: 4,906: Total time for which application threads were stopped: 0,0016910 seconds, Stopping threads took: 0,0016011 seconds
2017-07-24T23:27:20.061+0200: 4,913: Total time for which application threads were stopped: 0,0002512 seconds, Stopping threads took: 0,0001674 seconds
2017-07-24T23:27:20.077+0200: 4,929: Total time for which application threads were stopped: 0,0001410 seconds, Stopping threads took: 0,0000830 seconds
2017-07-24T23:27:20.102+0200: 4,954: Total time for which application threads were stopped: 0,0008795 seconds, Stopping threads took: 0,0007395 seconds
2017-07-24T23:27:20.162+0200: 5,014: Total time for which application threads were stopped: 0,0113094 seconds, Stopping threads took: 0,0111784 seconds
2017-07-24T23:27:20.162+0200: 5,014: Total time for which application threads were stopped: 0,0001109 seconds, Stopping threads took: 0,0000392 seconds
2017-07-24T23:27:20.175+0200: 5,027: Total time for which application threads were stopped: 0,0005454 seconds, Stopping threads took: 0,0000471 seconds
2017-07-24T23:27:21.175+0200: 6,027: Total time for which application threads were stopped: 0,0000777 seconds, Stopping threads took: 0,0000174 seconds
{Heap before GC invocations=9 (full 1):
 par new generation   total 109248K, used 94316K [0x00000000e0000000, 0x00000000e8000000, 0x00000000e8000000)
  eden space 87424K, 100% used [0x00000000e0000000, 0x00000000e5560000, 0x00000000e5560000)
  from space 21824K,  31% used [0x00000000e6ab0000, 0x00000000e716b160, 0x00000000e8000000)
  to   space 21824K,   0% used [0x00000000e5560000, 0x00000000e5560000, 0x00000000e6ab0000)
 concurrent mark-sweep generation total 393216K, used 6664K [0x00000000e8000000, 0x0000000100000000, 0x0000000100000000)
 Metaspace       used 28040K, capacity 28582K, committed 28796K, reserved 1075200K
  class space    used 3214K, capacity 3392K, committed 3452K, reserved 1048576K
2017-07-24T23:27:26.048+0200: 10,900: [GC (Allocation Failure) 2017-07-24T23:27:26.048+0200: 10,901: [ParNew
Desired survivor size 20112992 bytes, new threshold 8 (max 8)
- age   1:   11087696 bytes,   11087696 total
- age   2:     271544 bytes,   11359240 total
- age   3:     209568 bytes,   11568808 total
- age   4:    1739712 bytes,   13308520 total
- age   5:      56440 bytes,   13364960 total
- age   7:     102112 bytes,   13467072 total
- age   8:     191896 bytes,   13658968 total
: 94316K->14323K(109248K), 0,0126641 secs] 100980K->21698K(502464K), 0,0127406 secs] [Times: user=0,04 sys=0,00, real=0,01 secs] 
Heap after GC invocations=10 (full 1):
 par new generation   total 109248K, used 14323K [0x00000000e0000000, 0x00000000e8000000, 0x00000000e8000000)
  eden space 87424K,   0% used [0x00000000e0000000, 0x00000000e0000000, 0x00000000e5560000)
  from space 21824K,  65% used [0x00000000e5560000, 0x00000000e635cdc0, 0x00000000e6ab0000)
  to   space 21824K,   0% used [0x00000000e6ab0000, 0x00000000e6ab0000, 0x00000000e8000000)
 concurrent mark-sweep generation total 393216K, used 7374K [0x00000000e8000000, 0x0000000100000000, 0x0000000100000000)
 Metaspace       used 28040K, capacity 28582K, committed 28796K, reserved 1075200K
  class space    used 3214K, capacity 3392K, committed 3452K, reserved 1048576K
}
2017-07-24T23:27:26.061+0200: 10,913: Total time for which application threads were stopped: 0,0128744 seconds, Stopping threads took: 0,0000144 seconds
2017-07-24T23:27:26.062+0200: 10,914: Total time for which application threads were stopped: 0,0000673 seconds, Stopping threads took: 0,0000306 seconds
2017-07-24T23:27:26.062+0200: 10,914: Total time for which application threads were stopped: 0,0000711 seconds, Stopping threads took: 0,0000357 seconds
2017-07-24T23:28:38.069+0200: 82,921: Total time for which application threads were stopped: 0,0000783 seconds, Stopping threads took: 0,0000180 seconds
2017-07-24T23:29:13.074+0200: 117,926: Total time for which application threads were stopped: 0,0001868 seconds, Stopping threads took: 0,0000986 seconds
2017-07-24T23:29:18.074+0200: 122,926: Total time for which application threads were stopped: 0,0000674 seconds, Stopping threads took: 0,0000166 seconds
2017-07-24T23:30:16.081+0200: 180,933: Total time for which application threads were stopped: 0,0000839 seconds, Stopping threads took: 0,0000326 seconds
2017-07-24T23:31:53.092+0200: 277,944: Total time for which application threads were stopped: 0,0000852 seconds, Stopping threads took: 0,0000352 seconds
2017-07-24T23:50:56.209+0200: 1421,061: Total time for which application threads were stopped: 0,0001124 seconds, Stopping threads took: 0,0000444 seconds
2017-07-24T23:55:36.236+0200: 1701,089: Total time for which application threads were stopped: 0,0000948 seconds, Stopping threads took: 0,0000270 seconds
2017-07-24T23:56:18.241+0200: 1743,093: Total time for which application threads were stopped: 0,0000830 seconds, Stopping threads took: 0,0000307 seconds
2017-07-24T23:59:53.262+0200: 1958,114: Total time for which application threads were stopped: 0,0000848 seconds, Stopping threads took: 0,0000336 seconds
2017-07-25T00:00:17.265+0200: 1982,117: Total time for which application threads were stopped: 0,0000802 seconds, Stopping threads took: 0,0000322 seconds
2017-07-25T00:03:26.502+0200: 2171,354: Total time for which application threads were stopped: 0,0267703 seconds, Stopping threads took: 0,0266795 seconds
2017-07-25T00:03:26.505+0200: 2171,357: Total time for which application threads were stopped: 0,0001332 seconds, Stopping threads took: 0,0000295 seconds
2017-07-25T00:03:26.508+0200: 2171,360: Total time for which application threads were stopped: 0,0012109 seconds, Stopping threads took: 0,0011241 seconds
2017-07-25T00:03:26.508+0200: 2171,360: Total time for which application threads were stopped: 0,0001271 seconds, Stopping threads took: 0,0000257 seconds
2017-07-25T00:03:26.509+0200: 2171,361: Total time for which application threads were stopped: 0,0000846 seconds, Stopping threads took: 0,0000247 seconds
2017-07-25T00:03:26.512+0200: 2171,364: Total time for which application threads were stopped: 0,0001081 seconds, Stopping threads took: 0,0000289 seconds
2017-07-25T00:03:26.512+0200: 2171,364: Total time for which application threads were stopped: 0,0000773 seconds, Stopping threads took: 0,0000192 seconds
2017-07-25T00:03:26.512+0200: 2171,364: Total time for which application threads were stopped: 0,0000565 seconds, Stopping threads took: 0,0000147 seconds
2017-07-25T00:03:26.512+0200: 2171,364: Total time for which application threads were stopped: 0,0000579 seconds, Stopping threads took: 0,0000181 seconds
2017-07-25T00:03:26.512+0200: 2171,364: Total time for which application threads were stopped: 0,0000626 seconds, Stopping threads took: 0,0000176 seconds
2017-07-25T00:03:26.512+0200: 2171,364: Total time for which application threads were stopped: 0,0000576 seconds, Stopping threads took: 0,0000138 seconds
2017-07-25T00:03:26.512+0200: 2171,364: Total time for which application threads were stopped: 0,0000642 seconds, Stopping threads took: 0,0000148 seconds
2017-07-25T00:03:26.512+0200: 2171,365: Total time for which application threads were stopped: 0,0000543 seconds, Stopping threads took: 0,0000164 seconds
2017-07-25T00:03:26.513+0200: 2171,365: Total time for which application threads were stopped: 0,0000557 seconds, Stopping threads took: 0,0000156 seconds
2017-07-25T00:03:26.513+0200: 2171,365: Total time for which application threads were stopped: 0,0000475 seconds, Stopping threads took: 0,0000058 seconds
2017-07-25T00:03:26.513+0200: 2171,365: Total time for which application threads were stopped: 0,0000420 seconds, Stopping threads took: 0,0000054 seconds
2017-07-25T00:03:26.513+0200: 2171,365: Total time for which application threads were stopped: 0,0000446 seconds, Stopping threads took: 0,0000057 seconds
2017-07-25T00:03:26.513+0200: 2171,365: Total time for which application threads were stopped: 0,0000460 seconds, Stopping threads took: 0,0000063 seconds
2017-07-25T00:03:26.513+0200: 2171,365: Total time for which application threads were stopped: 0,0000425 seconds, Stopping threads took: 0,0000054 seconds
2017-07-25T00:03:26.513+0200: 2171,365: Total time for which application threads were stopped: 0,0000395 seconds, Stopping threads took: 0,0000053 seconds
2017-07-25T00:03:26.513+0200: 2171,365: Total time for which application threads were stopped: 0,0000401 seconds, Stopping threads took: 0,0000054 seconds
2017-07-25T00:03:26.513+0200: 2171,365: Total time for which application threads were stopped: 0,0000389 seconds, Stopping threads took: 0,0000052 seconds
2017-07-25T00:03:26.513+0200: 2171,365: Total time for which application threads were stopped: 0,0000395 seconds, Stopping threads took: 0,0000054 seconds
2017-07-25T00:03:26.515+0200: 2171,367: Total time for which application threads were stopped: 0,0012968 seconds, Stopping threads took: 0,0000053 seconds
2017-07-25T00:03:26.515+0200: 2171,367: Total time for which application threads were stopped: 0,0000764 seconds, Stopping threads took: 0,0000134 seconds
2017-07-25T00:03:26.515+0200: 2171,367: Total time for which application threads were stopped: 0,0000561 seconds, Stopping threads took: 0,0000078 seconds
2017-07-25T00:03:26.515+0200: 2171,367: Total time for which application threads were stopped: 0,0000438 seconds, Stopping threads took: 0,0000062 seconds
2017-07-25T00:03:26.515+0200: 2171,367: Total time for which application threads were stopped: 0,0000440 seconds, Stopping threads took: 0,0000058 seconds
2017-07-25T00:03:26.515+0200: 2171,367: Total time for which application threads were stopped: 0,0000404 seconds, Stopping threads took: 0,0000056 seconds
2017-07-25T00:03:26.521+0200: 2171,373: Total time for which application threads were stopped: 0,0001540 seconds, Stopping threads took: 0,0000434 seconds
2017-07-25T00:03:26.535+0200: 2171,387: Total time for which application threads were stopped: 0,0001051 seconds, Stopping threads took: 0,0000271 seconds
2017-07-25T00:03:26.535+0200: 2171,387: Total time for which application threads were stopped: 0,0000610 seconds, Stopping threads took: 0,0000141 seconds
2017-07-25T00:03:26.535+0200: 2171,387: Total time for which application threads were stopped: 0,0000536 seconds, Stopping threads took: 0,0000138 seconds
2017-07-25T00:03:26.535+0200: 2171,387: Total time for which application threads were stopped: 0,0000494 seconds, Stopping threads took: 0,0000144 seconds
2017-07-25T00:03:26.535+0200: 2171,387: Total time for which application threads were stopped: 0,0000466 seconds, Stopping threads took: 0,0000125 seconds
2017-07-25T00:03:26.535+0200: 2171,387: Total time for which application threads were stopped: 0,0000445 seconds, Stopping threads took: 0,0000119 seconds
2017-07-25T00:03:26.535+0200: 2171,387: Total time for which application threads were stopped: 0,0000473 seconds, Stopping threads took: 0,0000136 seconds
2017-07-25T00:03:26.535+0200: 2171,388: Total time for which application threads were stopped: 0,0000449 seconds, Stopping threads took: 0,0000117 seconds
2017-07-25T00:03:26.536+0200: 2171,388: Total time for which application threads were stopped: 0,0000449 seconds, Stopping threads took: 0,0000117 seconds
2017-07-25T00:03:26.541+0200: 2171,393: Total time for which application threads were stopped: 0,0000746 seconds, Stopping threads took: 0,0000133 seconds
2017-07-25T00:03:26.542+0200: 2171,394: Total time for which application threads were stopped: 0,0001120 seconds, Stopping threads took: 0,0000312 seconds
2017-07-25T00:03:26.543+0200: 2171,395: Total time for which application threads were stopped: 0,0000741 seconds, Stopping threads took: 0,0000218 seconds
2017-07-25T00:03:26.543+0200: 2171,395: Total time for which application threads were stopped: 0,0000503 seconds, Stopping threads took: 0,0000129 seconds
2017-07-25T00:03:26.543+0200: 2171,395: Total time for which application threads were stopped: 0,0000430 seconds, Stopping threads took: 0,0000119 seconds
2017-07-25T00:03:26.543+0200: 2171,395: Total time for which application threads were stopped: 0,0000414 seconds, Stopping threads took: 0,0000112 seconds
2017-07-25T00:03:26.547+0200: 2171,399: Total time for which application threads were stopped: 0,0001301 seconds, Stopping threads took: 0,0000434 seconds
2017-07-25T00:03:26.548+0200: 2171,400: Total time for which application threads were stopped: 0,0001235 seconds, Stopping threads took: 0,0000481 seconds
2017-07-25T00:03:26.549+0200: 2171,401: Total time for which application threads were stopped: 0,0001007 seconds, Stopping threads took: 0,0000371 seconds
2017-07-25T00:03:26.550+0200: 2171,402: Total time for which application threads were stopped: 0,0001165 seconds, Stopping threads took: 0,0000472 seconds
2017-07-25T00:03:26.551+0200: 2171,403: Total time for which application threads were stopped: 0,0001059 seconds, Stopping threads took: 0,0000351 seconds
2017-07-25T00:03:26.551+0200: 2171,404: Total time for which application threads were stopped: 0,0000868 seconds, Stopping threads took: 0,0000241 seconds
2017-07-25T00:03:26.552+0200: 2171,404: Total time for which application threads were stopped: 0,0000515 seconds, Stopping threads took: 0,0000173 seconds
2017-07-25T00:03:26.552+0200: 2171,404: Total time for which application threads were stopped: 0,0000467 seconds, Stopping threads took: 0,0000149 seconds
2017-07-25T00:03:26.552+0200: 2171,404: Total time for which application threads were stopped: 0,0000423 seconds, Stopping threads took: 0,0000126 seconds
2017-07-25T00:03:26.552+0200: 2171,404: Total time for which application threads were stopped: 0,0000580 seconds, Stopping threads took: 0,0000263 seconds
2017-07-25T00:03:26.552+0200: 2171,404: Total time for which application threads were stopped: 0,0000377 seconds, Stopping threads took: 0,0000170 seconds
2017-07-25T00:03:26.553+0200: 2171,405: Total time for which application threads were stopped: 0,0000783 seconds, Stopping threads took: 0,0000314 seconds
2017-07-25T00:03:26.553+0200: 2171,405: Total time for which application threads were stopped: 0,0000425 seconds, Stopping threads took: 0,0000158 seconds
2017-07-25T00:03:26.553+0200: 2171,406: Total time for which application threads were stopped: 0,0007728 seconds, Stopping threads took: 0,0007321 seconds
2017-07-25T00:03:26.554+0200: 2171,406: Total time for which application threads were stopped: 0,0000466 seconds, Stopping threads took: 0,0000195 seconds
2017-07-25T00:03:26.555+0200: 2171,407: Total time for which application threads were stopped: 0,0000791 seconds, Stopping threads took: 0,0000267 seconds
2017-07-25T00:03:26.555+0200: 2171,407: Total time for which application threads were stopped: 0,0000573 seconds, Stopping threads took: 0,0000262 seconds
2017-07-25T00:03:26.555+0200: 2171,407: Total time for which application threads were stopped: 0,0000474 seconds, Stopping threads took: 0,0000112 seconds
2017-07-25T00:03:26.555+0200: 2171,407: Total time for which application threads were stopped: 0,0000312 seconds, Stopping threads took: 0,0000097 seconds
2017-07-25T00:03:26.556+0200: 2171,408: Total time for which application threads were stopped: 0,0000359 seconds, Stopping threads took: 0,0000141 seconds
2017-07-25T00:03:26.556+0200: 2171,408: Total time for which application threads were stopped: 0,0000392 seconds, Stopping threads took: 0,0000190 seconds
2017-07-25T00:03:26.556+0200: 2171,408: Total time for which application threads were stopped: 0,0000246 seconds, Stopping threads took: 0,0000071 seconds
2017-07-25T00:03:26.557+0200: 2171,409: Total time for which application threads were stopped: 0,0001592 seconds, Stopping threads took: 0,0000188 seconds
2017-07-25T00:03:26.558+0200: 2171,410: Total time for which application threads were stopped: 0,0001148 seconds, Stopping threads took: 0,0000322 seconds
2017-07-25T00:03:26.560+0200: 2171,412: Total time for which application threads were stopped: 0,0000808 seconds, Stopping threads took: 0,0000286 seconds
2017-07-25T00:03:26.560+0200: 2171,412: Total time for which application threads were stopped: 0,0000717 seconds, Stopping threads took: 0,0000155 seconds
Heap
 par new generation   total 109248K, used 39550K [0x00000000e0000000, 0x00000000e8000000, 0x00000000e8000000)
  eden space 87424K,  28% used [0x00000000e0000000, 0x00000000e18a2de8, 0x00000000e5560000)
  from space 21824K,  65% used [0x00000000e5560000, 0x00000000e635cdc0, 0x00000000e6ab0000)
  to   space 21824K,   0% used [0x00000000e6ab0000, 0x00000000e6ab0000, 0x00000000e8000000)
 concurrent mark-sweep generation total 393216K, used 7374K [0x00000000e8000000, 0x0000000100000000, 0x0000000100000000)
 Metaspace       used 28167K, capacity 28750K, committed 29052K, reserved 1075200K
  class space    used 3228K, capacity 3426K, committed 3452K, reserved 1048576K
