OpenJDK 64-Bit Server VM (25.111-b14) for linux-amd64 JRE (1.8.0_111-8u111-b14-2ubuntu0.16.04.2-b14), built on Oct 27 2016 18:10:19 by "buildd" with gcc 5.4.0 20160609
Memory: 4k page, physical 7867848k(7386604k free), swap 8076284k(8076284k free)
CommandLine flags: -XX:CMSInitiatingOccupancyFraction=50 -XX:CMSMaxAbortablePrecleanTime=6000 -XX:+CMSParallelRemarkEnabled -XX:+CMSScavengeBeforeRemark -XX:ConcGCThreads=4 -XX:InitialHeapSize=536870912 -XX:MaxHeapSize=536870912 -XX:MaxTenuringThreshold=8 -XX:NewRatio=3 -XX:OldPLABSize=16 -XX:OnOutOfMemoryError=/opt/solr/bin/oom_solr.sh 8983 /var/solr/logs -XX:ParallelGCThreads=4 -XX:+ParallelRefProcEnabled -XX:PretenureSizeThreshold=67108864 -XX:+PrintGC -XX:+PrintGCApplicationStoppedTime -XX:+PrintGCDateStamps -XX:+PrintGCDetails -XX:+PrintGCTimeStamps -XX:+PrintHeapAtGC -XX:+PrintTenuringDistribution -XX:SurvivorRatio=4 -XX:TargetSurvivorRatio=90 -XX:ThreadStackSize=256 -XX:+UseCMSInitiatingOccupancyOnly -XX:+UseCompressedClassPointers -XX:+UseCompressedOops -XX:+UseConcMarkSweepGC -XX:+UseParNewGC 
2016-11-29T00:05:47.476+0100: 0,210: Total time for which application threads were stopped: 0,0000916 seconds, Stopping threads took: 0,0000146 seconds
2016-11-29T00:05:47.574+0100: 0,309: Total time for which application threads were stopped: 0,0000993 seconds, Stopping threads took: 0,0000112 seconds
2016-11-29T00:05:47.593+0100: 0,327: Total time for which application threads were stopped: 0,0000715 seconds, Stopping threads took: 0,0000102 seconds
2016-11-29T00:05:47.761+0100: 0,495: Total time for which application threads were stopped: 0,0001753 seconds, Stopping threads took: 0,0000385 seconds
2016-11-29T00:05:48.093+0100: 0,827: Total time for which application threads were stopped: 0,0001187 seconds, Stopping threads took: 0,0000107 seconds
2016-11-29T00:05:48.303+0100: 1,037: Total time for which application threads were stopped: 0,0001893 seconds, Stopping threads took: 0,0000199 seconds
2016-11-29T00:05:48.419+0100: 1,153: Total time for which application threads were stopped: 0,0002102 seconds, Stopping threads took: 0,0000388 seconds
2016-11-29T00:05:48.838+0100: 1,572: Total time for which application threads were stopped: 0,0001969 seconds, Stopping threads took: 0,0000130 seconds
2016-11-29T00:05:49.163+0100: 1,897: Total time for which application threads were stopped: 0,0001986 seconds, Stopping threads took: 0,0000125 seconds
2016-11-29T00:05:49.186+0100: 1,920: Total time for which application threads were stopped: 0,0002362 seconds, Stopping threads took: 0,0000189 seconds
2016-11-29T00:05:49.188+0100: 1,922: Total time for which application threads were stopped: 0,0002208 seconds, Stopping threads took: 0,0000227 seconds
2016-11-29T00:05:49.213+0100: 1,947: Total time for which application threads were stopped: 0,0001726 seconds, Stopping threads took: 0,0000128 seconds
2016-11-29T00:05:49.332+0100: 2,066: Total time for which application threads were stopped: 0,0002502 seconds, Stopping threads took: 0,0000304 seconds
2016-11-29T00:05:49.621+0100: 2,355: Total time for which application threads were stopped: 0,0004703 seconds, Stopping threads took: 0,0002101 seconds
{Heap before GC invocations=0 (full 0):
 par new generation   total 109248K, used 87424K [0x00000000e0000000, 0x00000000e8000000, 0x00000000e8000000)
  eden space 87424K, 100% used [0x00000000e0000000, 0x00000000e5560000, 0x00000000e5560000)
  from space 21824K,   0% used [0x00000000e5560000, 0x00000000e5560000, 0x00000000e6ab0000)
  to   space 21824K,   0% used [0x00000000e6ab0000, 0x00000000e6ab0000, 0x00000000e8000000)
 concurrent mark-sweep generation total 393216K, used 0K [0x00000000e8000000, 0x0000000100000000, 0x0000000100000000)
 Metaspace       used 17960K, capacity 18302K, committed 18560K, reserved 1064960K
  class space    used 2044K, capacity 2162K, committed 2176K, reserved 1048576K
2016-11-29T00:05:49.751+0100: 2,485: [GC (Allocation Failure) 2016-11-29T00:05:49.751+0100: 2,485: [ParNew
Desired survivor size 20112992 bytes, new threshold 8 (max 8)
- age   1:   12020232 bytes,   12020232 total
: 87424K->11855K(109248K), 0,0227506 secs] 87424K->11855K(502464K), 0,0228497 secs] [Times: user=0,05 sys=0,00, real=0,02 secs] 
Heap after GC invocations=1 (full 0):
 par new generation   total 109248K, used 11855K [0x00000000e0000000, 0x00000000e8000000, 0x00000000e8000000)
  eden space 87424K,   0% used [0x00000000e0000000, 0x00000000e0000000, 0x00000000e5560000)
  from space 21824K,  54% used [0x00000000e6ab0000, 0x00000000e7643cf0, 0x00000000e8000000)
  to   space 21824K,   0% used [0x00000000e5560000, 0x00000000e5560000, 0x00000000e6ab0000)
 concurrent mark-sweep generation total 393216K, used 0K [0x00000000e8000000, 0x0000000100000000, 0x0000000100000000)
 Metaspace       used 17960K, capacity 18302K, committed 18560K, reserved 1064960K
  class space    used 2044K, capacity 2162K, committed 2176K, reserved 1048576K
}
2016-11-29T00:05:49.774+0100: 2,508: Total time for which application threads were stopped: 0,0230889 seconds, Stopping threads took: 0,0000343 seconds
2016-11-29T00:05:50.026+0100: 2,760: Total time for which application threads were stopped: 0,0003501 seconds, Stopping threads took: 0,0000232 seconds
2016-11-29T00:05:50.086+0100: 2,820: Total time for which application threads were stopped: 0,0003691 seconds, Stopping threads took: 0,0000497 seconds
2016-11-29T00:05:50.130+0100: 2,864: Total time for which application threads were stopped: 0,0003247 seconds, Stopping threads took: 0,0000286 seconds
{Heap before GC invocations=1 (full 0):
 par new generation   total 109248K, used 99279K [0x00000000e0000000, 0x00000000e8000000, 0x00000000e8000000)
  eden space 87424K, 100% used [0x00000000e0000000, 0x00000000e5560000, 0x00000000e5560000)
  from space 21824K,  54% used [0x00000000e6ab0000, 0x00000000e7643cf0, 0x00000000e8000000)
  to   space 21824K,   0% used [0x00000000e5560000, 0x00000000e5560000, 0x00000000e6ab0000)
 concurrent mark-sweep generation total 393216K, used 0K [0x00000000e8000000, 0x0000000100000000, 0x0000000100000000)
 Metaspace       used 20709K, capacity 21016K, committed 21248K, reserved 1069056K
  class space    used 2403K, capacity 2518K, committed 2560K, reserved 1048576K
2016-11-29T00:05:50.339+0100: 3,073: [GC (Allocation Failure) 2016-11-29T00:05:50.340+0100: 3,074: [ParNew
Desired survivor size 20112992 bytes, new threshold 8 (max 8)
- age   1:    3670136 bytes,    3670136 total
- age   2:    6068112 bytes,    9738248 total
: 99279K->13053K(109248K), 0,0282078 secs] 99279K->13053K(502464K), 0,0282917 secs] [Times: user=0,07 sys=0,00, real=0,03 secs] 
Heap after GC invocations=2 (full 0):
 par new generation   total 109248K, used 13053K [0x00000000e0000000, 0x00000000e8000000, 0x00000000e8000000)
  eden space 87424K,   0% used [0x00000000e0000000, 0x00000000e0000000, 0x00000000e5560000)
  from space 21824K,  59% used [0x00000000e5560000, 0x00000000e621f618, 0x00000000e6ab0000)
  to   space 21824K,   0% used [0x00000000e6ab0000, 0x00000000e6ab0000, 0x00000000e8000000)
 concurrent mark-sweep generation total 393216K, used 0K [0x00000000e8000000, 0x0000000100000000, 0x0000000100000000)
 Metaspace       used 20709K, capacity 21016K, committed 21248K, reserved 1069056K
  class space    used 2403K, capacity 2518K, committed 2560K, reserved 1048576K
}
2016-11-29T00:05:50.368+0100: 3,102: Total time for which application threads were stopped: 0,0285504 seconds, Stopping threads took: 0,0000295 seconds
2016-11-29T00:05:50.435+0100: 3,169: Total time for which application threads were stopped: 0,0000948 seconds, Stopping threads took: 0,0000169 seconds
2016-11-29T00:05:50.484+0100: 3,218: Total time for which application threads were stopped: 0,0001142 seconds, Stopping threads took: 0,0000221 seconds
2016-11-29T00:05:50.485+0100: 3,219: Total time for which application threads were stopped: 0,0003119 seconds, Stopping threads took: 0,0000143 seconds
2016-11-29T00:05:50.517+0100: 3,251: Total time for which application threads were stopped: 0,0000809 seconds, Stopping threads took: 0,0000137 seconds
2016-11-29T00:05:50.615+0100: 3,349: Total time for which application threads were stopped: 0,0001379 seconds, Stopping threads took: 0,0000478 seconds
2016-11-29T00:05:50.637+0100: 3,371: Total time for which application threads were stopped: 0,0001060 seconds, Stopping threads took: 0,0000351 seconds
2016-11-29T00:05:50.645+0100: 3,379: Total time for which application threads were stopped: 0,0002997 seconds, Stopping threads took: 0,0000218 seconds
2016-11-29T00:05:50.653+0100: 3,387: Total time for which application threads were stopped: 0,0004931 seconds, Stopping threads took: 0,0000454 seconds
2016-11-29T00:05:50.662+0100: 3,396: Total time for which application threads were stopped: 0,0001245 seconds, Stopping threads took: 0,0000408 seconds
2016-11-29T00:05:50.711+0100: 3,445: Total time for which application threads were stopped: 0,0000904 seconds, Stopping threads took: 0,0000313 seconds
2016-11-29T00:05:50.725+0100: 3,459: Total time for which application threads were stopped: 0,0000803 seconds, Stopping threads took: 0,0000162 seconds
2016-11-29T00:05:50.755+0100: 3,489: Total time for which application threads were stopped: 0,0001054 seconds, Stopping threads took: 0,0000232 seconds
2016-11-29T00:05:50.782+0100: 3,516: Total time for which application threads were stopped: 0,0000976 seconds, Stopping threads took: 0,0000271 seconds
2016-11-29T00:05:50.814+0100: 3,548: Total time for which application threads were stopped: 0,0001118 seconds, Stopping threads took: 0,0000212 seconds
2016-11-29T00:05:50.880+0100: 3,614: Total time for which application threads were stopped: 0,0000946 seconds, Stopping threads took: 0,0000198 seconds
2016-11-29T00:05:50.910+0100: 3,644: Total time for which application threads were stopped: 0,0001144 seconds, Stopping threads took: 0,0000287 seconds
{Heap before GC invocations=2 (full 0):
 par new generation   total 109248K, used 100477K [0x00000000e0000000, 0x00000000e8000000, 0x00000000e8000000)
  eden space 87424K, 100% used [0x00000000e0000000, 0x00000000e5560000, 0x00000000e5560000)
  from space 21824K,  59% used [0x00000000e5560000, 0x00000000e621f618, 0x00000000e6ab0000)
  to   space 21824K,   0% used [0x00000000e6ab0000, 0x00000000e6ab0000, 0x00000000e8000000)
 concurrent mark-sweep generation total 393216K, used 0K [0x00000000e8000000, 0x0000000100000000, 0x0000000100000000)
 Metaspace       used 24797K, capacity 25221K, committed 25536K, reserved 1071104K
  class space    used 2894K, capacity 3025K, committed 3092K, reserved 1048576K
2016-11-29T00:05:50.914+0100: 3,649: [GC (Allocation Failure) 2016-11-29T00:05:50.915+0100: 3,649: [ParNew
Desired survivor size 20112992 bytes, new threshold 8 (max 8)
- age   1:    4851576 bytes,    4851576 total
- age   2:     582144 bytes,    5433720 total
- age   3:    6041144 bytes,   11474864 total
: 100477K->13577K(109248K), 0,0163594 secs] 100477K->13577K(502464K), 0,0164802 secs] [Times: user=0,05 sys=0,00, real=0,02 secs] 
Heap after GC invocations=3 (full 0):
 par new generation   total 109248K, used 13577K [0x00000000e0000000, 0x00000000e8000000, 0x00000000e8000000)
  eden space 87424K,   0% used [0x00000000e0000000, 0x00000000e0000000, 0x00000000e5560000)
  from space 21824K,  62% used [0x00000000e6ab0000, 0x00000000e77f26a0, 0x00000000e8000000)
  to   space 21824K,   0% used [0x00000000e5560000, 0x00000000e5560000, 0x00000000e6ab0000)
 concurrent mark-sweep generation total 393216K, used 0K [0x00000000e8000000, 0x0000000100000000, 0x0000000100000000)
 Metaspace       used 24797K, capacity 25221K, committed 25536K, reserved 1071104K
  class space    used 2894K, capacity 3025K, committed 3092K, reserved 1048576K
}
2016-11-29T00:05:50.931+0100: 3,665: Total time for which application threads were stopped: 0,0166335 seconds, Stopping threads took: 0,0000234 seconds
2016-11-29T00:05:50.931+0100: 3,665: [GC (CMS Initial Mark) [1 CMS-initial-mark: 0K(393216K)] 13833K(502464K), 0,0049510 secs] [Times: user=0,01 sys=0,00, real=0,00 secs] 
2016-11-29T00:05:50.936+0100: 3,670: Total time for which application threads were stopped: 0,0051121 seconds, Stopping threads took: 0,0000581 seconds
2016-11-29T00:05:50.936+0100: 3,670: [CMS-concurrent-mark-start]
2016-11-29T00:05:50.939+0100: 3,673: [CMS-concurrent-mark: 0,003/0,003 secs] [Times: user=0,01 sys=0,00, real=0,01 secs] 
2016-11-29T00:05:50.939+0100: 3,673: [CMS-concurrent-preclean-start]
2016-11-29T00:05:50.941+0100: 3,675: [CMS-concurrent-preclean: 0,002/0,002 secs] [Times: user=0,01 sys=0,00, real=0,00 secs] 
2016-11-29T00:05:50.941+0100: 3,675: [GC (CMS Final Remark) [YG occupancy: 15220 K (109248 K)]{Heap before GC invocations=3 (full 1):
 par new generation   total 109248K, used 15220K [0x00000000e0000000, 0x00000000e8000000, 0x00000000e8000000)
  eden space 87424K,   1% used [0x00000000e0000000, 0x00000000e019ab58, 0x00000000e5560000)
  from space 21824K,  62% used [0x00000000e6ab0000, 0x00000000e77f26a0, 0x00000000e8000000)
  to   space 21824K,   0% used [0x00000000e5560000, 0x00000000e5560000, 0x00000000e6ab0000)
 concurrent mark-sweep generation total 393216K, used 0K [0x00000000e8000000, 0x0000000100000000, 0x0000000100000000)
 Metaspace       used 24797K, capacity 25221K, committed 25536K, reserved 1071104K
  class space    used 2894K, capacity 3025K, committed 3092K, reserved 1048576K
2016-11-29T00:05:50.941+0100: 3,675: [GC (CMS Final Remark) 2016-11-29T00:05:50.941+0100: 3,675: [ParNew
Desired survivor size 20112992 bytes, new threshold 8 (max 8)
- age   1:     959504 bytes,     959504 total
- age   2:    1315440 bytes,    2274944 total
- age   3:     582040 bytes,    2856984 total
- age   4:    6041120 bytes,    8898104 total
: 15220K->12458K(109248K), 0,0215776 secs] 15220K->12458K(502464K), 0,0216320 secs] [Times: user=0,06 sys=0,00, real=0,02 secs] 
Heap after GC invocations=4 (full 1):
 par new generation   total 109248K, used 12458K [0x00000000e0000000, 0x00000000e8000000, 0x00000000e8000000)
  eden space 87424K,   0% used [0x00000000e0000000, 0x00000000e0000000, 0x00000000e5560000)
  from space 21824K,  57% used [0x00000000e5560000, 0x00000000e618aab0, 0x00000000e6ab0000)
  to   space 21824K,   0% used [0x00000000e6ab0000, 0x00000000e6ab0000, 0x00000000e8000000)
 concurrent mark-sweep generation total 393216K, used 0K [0x00000000e8000000, 0x0000000100000000, 0x0000000100000000)
 Metaspace       used 24797K, capacity 25221K, committed 25536K, reserved 1071104K
  class space    used 2894K, capacity 3025K, committed 3092K, reserved 1048576K
}
2016-11-29T00:05:50.963+0100: 3,697: [Rescan (parallel) , 0,0059608 secs]2016-11-29T00:05:50.969+0100: 3,703: [weak refs processing, 0,0084070 secs]2016-11-29T00:05:50.977+0100: 3,711: [class unloading, 0,0043715 secs]2016-11-29T00:05:50.981+0100: 3,715: [scrub symbol table, 0,0072070 secs]2016-11-29T00:05:50.989+0100: 3,723: [scrub string table, 0,0007321 secs][1 CMS-remark: 0K(393216K)] 12458K(502464K), 0,0493680 secs] [Times: user=0,10 sys=0,00, real=0,05 secs] 
2016-11-29T00:05:50.990+0100: 3,724: Total time for which application threads were stopped: 0,0495051 seconds, Stopping threads took: 0,0000465 seconds
2016-11-29T00:05:50.990+0100: 3,724: [CMS-concurrent-sweep-start]
2016-11-29T00:05:50.990+0100: 3,724: [CMS-concurrent-sweep: 0,000/0,000 secs] [Times: user=0,00 sys=0,00, real=0,00 secs] 
2016-11-29T00:05:50.990+0100: 3,725: [CMS-concurrent-reset-start]
2016-11-29T00:05:50.993+0100: 3,727: [CMS-concurrent-reset: 0,003/0,003 secs] [Times: user=0,00 sys=0,00, real=0,00 secs] 
2016-11-29T00:05:51.081+0100: 3,815: Total time for which application threads were stopped: 0,0003660 seconds, Stopping threads took: 0,0000274 seconds
2016-11-29T00:05:51.374+0100: 4,108: Total time for which application threads were stopped: 0,0003082 seconds, Stopping threads took: 0,0000163 seconds
2016-11-29T00:06:18.808+0100: 32,111: Total time for which application threads were stopped: 0,0000604 seconds, Stopping threads took: 0,0000157 seconds
2016-11-29T00:08:28.824+0100: 162,126: Total time for which application threads were stopped: 0,0000582 seconds, Stopping threads took: 0,0000255 seconds
2016-11-29T00:08:33.825+0100: 167,127: Total time for which application threads were stopped: 0,0000597 seconds, Stopping threads took: 0,0000181 seconds
2016-11-29T00:08:47.826+0100: 181,129: Total time for which application threads were stopped: 0,0000552 seconds, Stopping threads took: 0,0000155 seconds
2016-11-29T00:09:43.833+0100: 237,136: Total time for which application threads were stopped: 0,0000851 seconds, Stopping threads took: 0,0000384 seconds
2016-11-29T00:10:33.840+0100: 287,143: Total time for which application threads were stopped: 0,0000837 seconds, Stopping threads took: 0,0000397 seconds
2016-11-29T00:11:07.844+0100: 321,146: Total time for which application threads were stopped: 0,0002426 seconds, Stopping threads took: 0,0000515 seconds
2016-11-29T00:11:08.844+0100: 322,147: Total time for which application threads were stopped: 0,0003814 seconds, Stopping threads took: 0,0001638 seconds
2016-11-29T00:11:17.845+0100: 331,148: Total time for which application threads were stopped: 0,0000564 seconds, Stopping threads took: 0,0000155 seconds
2016-11-29T00:13:48.861+0100: 482,164: Total time for which application threads were stopped: 0,0003002 seconds, Stopping threads took: 0,0001240 seconds
2016-11-29T00:29:27.969+0100: 1421,272: Total time for which application threads were stopped: 0,0001217 seconds, Stopping threads took: 0,0000356 seconds
2016-11-29T00:33:02.998+0100: 1636,300: Total time for which application threads were stopped: 0,0001531 seconds, Stopping threads took: 0,0000620 seconds
2016-11-29T00:33:07.998+0100: 1641,301: Total time for which application threads were stopped: 0,0000727 seconds, Stopping threads took: 0,0000200 seconds
2016-11-29T00:44:28.095+0100: 2321,398: Total time for which application threads were stopped: 0,0000809 seconds, Stopping threads took: 0,0000331 seconds
2016-11-29T00:44:29.095+0100: 2322,398: Total time for which application threads were stopped: 0,0000564 seconds, Stopping threads took: 0,0000148 seconds
2016-11-29T00:46:59.116+0100: 2472,418: Total time for which application threads were stopped: 0,0006395 seconds, Stopping threads took: 0,0002698 seconds
2016-11-29T00:49:30.497+0100: 2623,799: Total time for which application threads were stopped: 0,0001205 seconds, Stopping threads took: 0,0000196 seconds
Heap
 par new generation   total 109248K, used 55688K [0x00000000e0000000, 0x00000000e8000000, 0x00000000e8000000)
  eden space 87424K,  49% used [0x00000000e0000000, 0x00000000e2a375e0, 0x00000000e5560000)
  from space 21824K,  57% used [0x00000000e5560000, 0x00000000e618aab0, 0x00000000e6ab0000)
  to   space 21824K,   0% used [0x00000000e6ab0000, 0x00000000e6ab0000, 0x00000000e8000000)
 concurrent mark-sweep generation total 393216K, used 0K [0x00000000e8000000, 0x0000000100000000, 0x0000000100000000)
 Metaspace       used 27164K, capacity 27595K, committed 27924K, reserved 1073152K
  class space    used 3160K, capacity 3320K, committed 3348K, reserved 1048576K
