OpenJDK 64-Bit Server VM (25.131-b11) for linux-amd64 JRE (1.8.0_131-8u131-b11-2ubuntu1.16.04.2-b11), built on Jul 22 2017 00:56:41 by "buildd" with gcc 5.4.0 20160609
Memory: 4k page, physical 7867736k(7467064k free), swap 8076284k(8076284k free)
CommandLine flags: -XX:CMSInitiatingOccupancyFraction=50 -XX:CMSMaxAbortablePrecleanTime=6000 -XX:+CMSParallelRemarkEnabled -XX:+CMSScavengeBeforeRemark -XX:ConcGCThreads=4 -XX:InitialHeapSize=536870912 -XX:MaxHeapSize=536870912 -XX:MaxTenuringThreshold=8 -XX:NewRatio=3 -XX:OldPLABSize=16 -XX:OnOutOfMemoryError=/opt/solr/bin/oom_solr.sh 8983 /var/solr/logs -XX:ParallelGCThreads=4 -XX:+ParallelRefProcEnabled -XX:PretenureSizeThreshold=67108864 -XX:+PrintGC -XX:+PrintGCApplicationStoppedTime -XX:+PrintGCDateStamps -XX:+PrintGCDetails -XX:+PrintGCTimeStamps -XX:+PrintHeapAtGC -XX:+PrintTenuringDistribution -XX:SurvivorRatio=4 -XX:TargetSurvivorRatio=90 -XX:ThreadStackSize=256 -XX:+UseCMSInitiatingOccupancyOnly -XX:+UseCompressedClassPointers -XX:+UseCompressedOops -XX:+UseConcMarkSweepGC -XX:+UseParNewGC 
2017-07-31T08:24:33.484+0200: 0,183: Total time for which application threads were stopped: 0,0000673 seconds, Stopping threads took: 0,0000106 seconds
2017-07-31T08:24:33.576+0200: 0,276: Total time for which application threads were stopped: 0,0001179 seconds, Stopping threads took: 0,0000125 seconds
2017-07-31T08:24:33.599+0200: 0,298: Total time for which application threads were stopped: 0,0000828 seconds, Stopping threads took: 0,0000169 seconds
2017-07-31T08:24:33.871+0200: 0,571: Total time for which application threads were stopped: 0,0002495 seconds, Stopping threads took: 0,0000158 seconds
2017-07-31T08:24:34.269+0200: 0,968: Total time for which application threads were stopped: 0,0001264 seconds, Stopping threads took: 0,0000117 seconds
2017-07-31T08:24:34.337+0200: 1,036: Total time for which application threads were stopped: 0,0001511 seconds, Stopping threads took: 0,0000156 seconds
2017-07-31T08:24:34.355+0200: 1,054: Total time for which application threads were stopped: 0,0001546 seconds, Stopping threads took: 0,0000205 seconds
2017-07-31T08:24:34.729+0200: 1,428: Total time for which application threads were stopped: 0,0003344 seconds, Stopping threads took: 0,0000253 seconds
2017-07-31T08:24:34.974+0200: 1,673: Total time for which application threads were stopped: 0,0002104 seconds, Stopping threads took: 0,0000165 seconds
2017-07-31T08:24:35.003+0200: 1,702: Total time for which application threads were stopped: 0,0003552 seconds, Stopping threads took: 0,0000643 seconds
2017-07-31T08:24:35.040+0200: 1,739: Total time for which application threads were stopped: 0,0002342 seconds, Stopping threads took: 0,0000222 seconds
2017-07-31T08:24:35.041+0200: 1,740: Total time for which application threads were stopped: 0,0002224 seconds, Stopping threads took: 0,0000209 seconds
2017-07-31T08:24:35.060+0200: 1,759: Total time for which application threads were stopped: 0,0001657 seconds, Stopping threads took: 0,0000155 seconds
2017-07-31T08:24:35.168+0200: 1,867: Total time for which application threads were stopped: 0,0002448 seconds, Stopping threads took: 0,0000205 seconds
2017-07-31T08:24:35.373+0200: 2,072: Total time for which application threads were stopped: 0,0003333 seconds, Stopping threads took: 0,0001104 seconds
{Heap before GC invocations=0 (full 0):
 par new generation   total 109248K, used 87424K [0x00000000e0000000, 0x00000000e8000000, 0x00000000e8000000)
  eden space 87424K, 100% used [0x00000000e0000000, 0x00000000e5560000, 0x00000000e5560000)
  from space 21824K,   0% used [0x00000000e5560000, 0x00000000e5560000, 0x00000000e6ab0000)
  to   space 21824K,   0% used [0x00000000e6ab0000, 0x00000000e6ab0000, 0x00000000e8000000)
 concurrent mark-sweep generation total 393216K, used 0K [0x00000000e8000000, 0x0000000100000000, 0x0000000100000000)
 Metaspace       used 18014K, capacity 18336K, committed 18688K, reserved 1064960K
  class space    used 2036K, capacity 2196K, committed 2304K, reserved 1048576K
2017-07-31T08:24:35.447+0200: 2,147: [GC (Allocation Failure) 2017-07-31T08:24:35.448+0200: 2,147: [ParNew
Desired survivor size 20112992 bytes, new threshold 8 (max 8)
- age   1:   12380992 bytes,   12380992 total
: 87424K->12195K(109248K), 0,0157946 secs] 87424K->12195K(502464K), 0,0158900 secs] [Times: user=0,05 sys=0,01, real=0,01 secs] 
Heap after GC invocations=1 (full 0):
 par new generation   total 109248K, used 12195K [0x00000000e0000000, 0x00000000e8000000, 0x00000000e8000000)
  eden space 87424K,   0% used [0x00000000e0000000, 0x00000000e0000000, 0x00000000e5560000)
  from space 21824K,  55% used [0x00000000e6ab0000, 0x00000000e7698d00, 0x00000000e8000000)
  to   space 21824K,   0% used [0x00000000e5560000, 0x00000000e5560000, 0x00000000e6ab0000)
 concurrent mark-sweep generation total 393216K, used 0K [0x00000000e8000000, 0x0000000100000000, 0x0000000100000000)
 Metaspace       used 18014K, capacity 18336K, committed 18688K, reserved 1064960K
  class space    used 2036K, capacity 2196K, committed 2304K, reserved 1048576K
}
2017-07-31T08:24:35.463+0200: 2,163: Total time for which application threads were stopped: 0,0160863 seconds, Stopping threads took: 0,0000218 seconds
2017-07-31T08:24:35.794+0200: 2,493: Total time for which application threads were stopped: 0,0004254 seconds, Stopping threads took: 0,0000939 seconds
{Heap before GC invocations=1 (full 0):
 par new generation   total 109248K, used 99619K [0x00000000e0000000, 0x00000000e8000000, 0x00000000e8000000)
  eden space 87424K, 100% used [0x00000000e0000000, 0x00000000e5560000, 0x00000000e5560000)
  from space 21824K,  55% used [0x00000000e6ab0000, 0x00000000e7698d00, 0x00000000e8000000)
  to   space 21824K,   0% used [0x00000000e5560000, 0x00000000e5560000, 0x00000000e6ab0000)
 concurrent mark-sweep generation total 393216K, used 0K [0x00000000e8000000, 0x0000000100000000, 0x0000000100000000)
 Metaspace       used 20050K, capacity 20368K, committed 20736K, reserved 1067008K
  class space    used 2295K, capacity 2470K, committed 2560K, reserved 1048576K
2017-07-31T08:24:35.837+0200: 2,536: [GC (Allocation Failure) 2017-07-31T08:24:35.837+0200: 2,536: [ParNew
Desired survivor size 20112992 bytes, new threshold 8 (max 8)
- age   1:    3831936 bytes,    3831936 total
- age   2:    6648480 bytes,   10480416 total
: 99619K->15598K(109248K), 0,0183137 secs] 99619K->15598K(502464K), 0,0183885 secs] [Times: user=0,07 sys=0,00, real=0,02 secs] 
Heap after GC invocations=2 (full 0):
 par new generation   total 109248K, used 15598K [0x00000000e0000000, 0x00000000e8000000, 0x00000000e8000000)
  eden space 87424K,   0% used [0x00000000e0000000, 0x00000000e0000000, 0x00000000e5560000)
  from space 21824K,  71% used [0x00000000e5560000, 0x00000000e649bb80, 0x00000000e6ab0000)
  to   space 21824K,   0% used [0x00000000e6ab0000, 0x00000000e6ab0000, 0x00000000e8000000)
 concurrent mark-sweep generation total 393216K, used 0K [0x00000000e8000000, 0x0000000100000000, 0x0000000100000000)
 Metaspace       used 20050K, capacity 20368K, committed 20736K, reserved 1067008K
  class space    used 2295K, capacity 2470K, committed 2560K, reserved 1048576K
}
2017-07-31T08:24:35.856+0200: 2,555: Total time for which application threads were stopped: 0,0185954 seconds, Stopping threads took: 0,0000495 seconds
2017-07-31T08:24:35.860+0200: 2,559: Total time for which application threads were stopped: 0,0007045 seconds, Stopping threads took: 0,0004241 seconds
2017-07-31T08:24:35.909+0200: 2,608: Total time for which application threads were stopped: 0,0003089 seconds, Stopping threads took: 0,0000248 seconds
2017-07-31T08:24:36.041+0200: 2,740: Total time for which application threads were stopped: 0,0002023 seconds, Stopping threads took: 0,0000628 seconds
{Heap before GC invocations=2 (full 0):
 par new generation   total 109248K, used 103019K [0x00000000e0000000, 0x00000000e8000000, 0x00000000e8000000)
  eden space 87424K,  99% used [0x00000000e0000000, 0x00000000e555f170, 0x00000000e5560000)
  from space 21824K,  71% used [0x00000000e5560000, 0x00000000e649bb80, 0x00000000e6ab0000)
  to   space 21824K,   0% used [0x00000000e6ab0000, 0x00000000e6ab0000, 0x00000000e8000000)
 concurrent mark-sweep generation total 393216K, used 0K [0x00000000e8000000, 0x0000000100000000, 0x0000000100000000)
 Metaspace       used 20971K, capacity 21296K, committed 21628K, reserved 1069056K
  class space    used 2418K, capacity 2590K, committed 2684K, reserved 1048576K
2017-07-31T08:24:36.079+0200: 2,778: [GC (Allocation Failure) 2017-07-31T08:24:36.079+0200: 2,778: [ParNew
Desired survivor size 20112992 bytes, new threshold 8 (max 8)
- age   1:    2244280 bytes,    2244280 total
- age   2:     864992 bytes,    3109272 total
- age   3:    6643656 bytes,    9752928 total
: 103019K->12397K(109248K), 0,0184473 secs] 103019K->12397K(502464K), 0,0185305 secs] [Times: user=0,07 sys=0,00, real=0,01 secs] 
Heap after GC invocations=3 (full 0):
 par new generation   total 109248K, used 12397K [0x00000000e0000000, 0x00000000e8000000, 0x00000000e8000000)
  eden space 87424K,   0% used [0x00000000e0000000, 0x00000000e0000000, 0x00000000e5560000)
  from space 21824K,  56% used [0x00000000e6ab0000, 0x00000000e76cb6c0, 0x00000000e8000000)
  to   space 21824K,   0% used [0x00000000e5560000, 0x00000000e5560000, 0x00000000e6ab0000)
 concurrent mark-sweep generation total 393216K, used 0K [0x00000000e8000000, 0x0000000100000000, 0x0000000100000000)
 Metaspace       used 20971K, capacity 21296K, committed 21628K, reserved 1069056K
  class space    used 2418K, capacity 2590K, committed 2684K, reserved 1048576K
}
2017-07-31T08:24:36.098+0200: 2,797: Total time for which application threads were stopped: 0,0205325 seconds, Stopping threads took: 0,0018648 seconds
2017-07-31T08:24:36.099+0200: 2,798: [GC (CMS Initial Mark) [1 CMS-initial-mark: 0K(393216K)] 14518K(502464K), 0,0052795 secs] [Times: user=0,02 sys=0,00, real=0,00 secs] 
2017-07-31T08:24:36.104+0200: 2,803: Total time for which application threads were stopped: 0,0057915 seconds, Stopping threads took: 0,0004141 seconds
2017-07-31T08:24:36.104+0200: 2,803: [CMS-concurrent-mark-start]
2017-07-31T08:24:36.110+0200: 2,809: [CMS-concurrent-mark: 0,006/0,006 secs] [Times: user=0,03 sys=0,00, real=0,01 secs] 
2017-07-31T08:24:36.110+0200: 2,809: [CMS-concurrent-preclean-start]
2017-07-31T08:24:36.111+0200: 2,810: [CMS-concurrent-preclean: 0,001/0,001 secs] [Times: user=0,00 sys=0,00, real=0,00 secs] 
2017-07-31T08:24:36.111+0200: 2,810: [CMS-concurrent-abortable-preclean-start]
2017-07-31T08:24:36.146+0200: 2,845: Total time for which application threads were stopped: 0,0001290 seconds, Stopping threads took: 0,0000312 seconds
{Heap before GC invocations=3 (full 1):
 par new generation   total 109248K, used 99821K [0x00000000e0000000, 0x00000000e8000000, 0x00000000e8000000)
  eden space 87424K, 100% used [0x00000000e0000000, 0x00000000e5560000, 0x00000000e5560000)
  from space 21824K,  56% used [0x00000000e6ab0000, 0x00000000e76cb6c0, 0x00000000e8000000)
  to   space 21824K,   0% used [0x00000000e5560000, 0x00000000e5560000, 0x00000000e6ab0000)
 concurrent mark-sweep generation total 393216K, used 0K [0x00000000e8000000, 0x0000000100000000, 0x0000000100000000)
 Metaspace       used 21250K, capacity 21630K, committed 21884K, reserved 1069056K
  class space    used 2448K, capacity 2604K, committed 2684K, reserved 1048576K
2017-07-31T08:24:36.200+0200: 2,899: [GC (Allocation Failure) 2017-07-31T08:24:36.200+0200: 2,899: [ParNew
Desired survivor size 20112992 bytes, new threshold 8 (max 8)
- age   1:    1021728 bytes,    1021728 total
- age   2:    1457632 bytes,    2479360 total
- age   3:     839440 bytes,    3318800 total
- age   4:    6643656 bytes,    9962456 total
: 99821K->12921K(109248K), 0,0099459 secs] 99821K->12921K(502464K), 0,0099967 secs] [Times: user=0,03 sys=0,00, real=0,01 secs] 
Heap after GC invocations=4 (full 1):
 par new generation   total 109248K, used 12921K [0x00000000e0000000, 0x00000000e8000000, 0x00000000e8000000)
  eden space 87424K,   0% used [0x00000000e0000000, 0x00000000e0000000, 0x00000000e5560000)
  from space 21824K,  59% used [0x00000000e5560000, 0x00000000e61fe4e0, 0x00000000e6ab0000)
  to   space 21824K,   0% used [0x00000000e6ab0000, 0x00000000e6ab0000, 0x00000000e8000000)
 concurrent mark-sweep generation total 393216K, used 0K [0x00000000e8000000, 0x0000000100000000, 0x0000000100000000)
 Metaspace       used 21250K, capacity 21630K, committed 21884K, reserved 1069056K
  class space    used 2448K, capacity 2604K, committed 2684K, reserved 1048576K
}
2017-07-31T08:24:36.210+0200: 2,909: Total time for which application threads were stopped: 0,0102394 seconds, Stopping threads took: 0,0001120 seconds
{Heap before GC invocations=4 (full 1):
 par new generation   total 109248K, used 100345K [0x00000000e0000000, 0x00000000e8000000, 0x00000000e8000000)
  eden space 87424K, 100% used [0x00000000e0000000, 0x00000000e5560000, 0x00000000e5560000)
  from space 21824K,  59% used [0x00000000e5560000, 0x00000000e61fe4e0, 0x00000000e6ab0000)
  to   space 21824K,   0% used [0x00000000e6ab0000, 0x00000000e6ab0000, 0x00000000e8000000)
 concurrent mark-sweep generation total 393216K, used 0K [0x00000000e8000000, 0x0000000100000000, 0x0000000100000000)
 Metaspace       used 21413K, capacity 21808K, committed 21884K, reserved 1069056K
  class space    used 2467K, capacity 2639K, committed 2684K, reserved 1048576K
2017-07-31T08:24:36.311+0200: 3,010: [GC (Allocation Failure) 2017-07-31T08:24:36.311+0200: 3,010: [ParNew
Desired survivor size 20112992 bytes, new threshold 8 (max 8)
- age   1:    1603288 bytes,    1603288 total
- age   2:     188408 bytes,    1791696 total
- age   3:    1457464 bytes,    3249160 total
- age   4:     839344 bytes,    4088504 total
- age   5:    6644024 bytes,   10732528 total
: 100345K->12057K(109248K), 0,0114660 secs] 100345K->12057K(502464K), 0,0115405 secs] [Times: user=0,04 sys=0,00, real=0,01 secs] 
Heap after GC invocations=5 (full 1):
 par new generation   total 109248K, used 12057K [0x00000000e0000000, 0x00000000e8000000, 0x00000000e8000000)
  eden space 87424K,   0% used [0x00000000e0000000, 0x00000000e0000000, 0x00000000e5560000)
  from space 21824K,  55% used [0x00000000e6ab0000, 0x00000000e7676650, 0x00000000e8000000)
  to   space 21824K,   0% used [0x00000000e5560000, 0x00000000e5560000, 0x00000000e6ab0000)
 concurrent mark-sweep generation total 393216K, used 0K [0x00000000e8000000, 0x0000000100000000, 0x0000000100000000)
 Metaspace       used 21413K, capacity 21808K, committed 21884K, reserved 1069056K
  class space    used 2467K, capacity 2639K, committed 2684K, reserved 1048576K
}
2017-07-31T08:24:36.323+0200: 3,022: Total time for which application threads were stopped: 0,0118803 seconds, Stopping threads took: 0,0001833 seconds
2017-07-31T08:24:36.323+0200: 3,022: [CMS-concurrent-abortable-preclean: 0,159/0,211 secs] [Times: user=0,82 sys=0,00, real=0,21 secs] 
2017-07-31T08:24:36.323+0200: 3,022: [GC (CMS Final Remark) [YG occupancy: 13370 K (109248 K)]{Heap before GC invocations=5 (full 1):
 par new generation   total 109248K, used 13370K [0x00000000e0000000, 0x00000000e8000000, 0x00000000e8000000)
  eden space 87424K,   1% used [0x00000000e0000000, 0x00000000e01481e0, 0x00000000e5560000)
  from space 21824K,  55% used [0x00000000e6ab0000, 0x00000000e7676650, 0x00000000e8000000)
  to   space 21824K,   0% used [0x00000000e5560000, 0x00000000e5560000, 0x00000000e6ab0000)
 concurrent mark-sweep generation total 393216K, used 0K [0x00000000e8000000, 0x0000000100000000, 0x0000000100000000)
 Metaspace       used 21418K, capacity 21808K, committed 21884K, reserved 1069056K
  class space    used 2468K, capacity 2639K, committed 2684K, reserved 1048576K
2017-07-31T08:24:36.323+0200: 3,022: [GC (CMS Final Remark) 2017-07-31T08:24:36.323+0200: 3,022: [ParNew
Desired survivor size 20112992 bytes, new threshold 8 (max 8)
- age   1:      21440 bytes,      21440 total
- age   2:    1477544 bytes,    1498984 total
- age   3:     188408 bytes,    1687392 total
- age   4:    1457384 bytes,    3144776 total
- age   5:     839448 bytes,    3984224 total
- age   6:    6643808 bytes,   10628032 total
: 13370K->13599K(109248K), 0,0111677 secs] 13370K->13599K(502464K), 0,0112142 secs] [Times: user=0,04 sys=0,00, real=0,01 secs] 
Heap after GC invocations=6 (full 1):
 par new generation   total 109248K, used 13599K [0x00000000e0000000, 0x00000000e8000000, 0x00000000e8000000)
  eden space 87424K,   0% used [0x00000000e0000000, 0x00000000e0000000, 0x00000000e5560000)
  from space 21824K,  62% used [0x00000000e5560000, 0x00000000e62a7d20, 0x00000000e6ab0000)
  to   space 21824K,   0% used [0x00000000e6ab0000, 0x00000000e6ab0000, 0x00000000e8000000)
 concurrent mark-sweep generation total 393216K, used 0K [0x00000000e8000000, 0x0000000100000000, 0x0000000100000000)
 Metaspace       used 21418K, capacity 21808K, committed 21884K, reserved 1069056K
  class space    used 2468K, capacity 2639K, committed 2684K, reserved 1048576K
}
2017-07-31T08:24:36.334+0200: 3,034: [Rescan (parallel) , 0,0053736 secs]2017-07-31T08:24:36.340+0200: 3,039: [weak refs processing, 0,0024269 secs]2017-07-31T08:24:36.342+0200: 3,042: [class unloading, 0,0028345 secs]2017-07-31T08:24:36.345+0200: 3,044: [scrub symbol table, 0,0027331 secs]2017-07-31T08:24:36.348+0200: 3,047: [scrub string table, 0,0004048 secs][1 CMS-remark: 0K(393216K)] 13599K(502464K), 0,0257110 secs] [Times: user=0,06 sys=0,00, real=0,03 secs] 
2017-07-31T08:24:36.349+0200: 3,048: Total time for which application threads were stopped: 0,0258426 seconds, Stopping threads took: 0,0000421 seconds
2017-07-31T08:24:36.349+0200: 3,048: [CMS-concurrent-sweep-start]
2017-07-31T08:24:36.349+0200: 3,048: [CMS-concurrent-sweep: 0,000/0,000 secs] [Times: user=0,00 sys=0,00, real=0,00 secs] 
2017-07-31T08:24:36.349+0200: 3,048: [CMS-concurrent-reset-start]
2017-07-31T08:24:36.351+0200: 3,050: [CMS-concurrent-reset: 0,002/0,002 secs] [Times: user=0,00 sys=0,01, real=0,00 secs] 
2017-07-31T08:24:36.384+0200: 3,083: Total time for which application threads were stopped: 0,0003320 seconds, Stopping threads took: 0,0000226 seconds
2017-07-31T08:24:36.635+0200: 3,334: Total time for which application threads were stopped: 0,0004337 seconds, Stopping threads took: 0,0000257 seconds
2017-07-31T08:24:36.650+0200: 3,349: Total time for which application threads were stopped: 0,0004441 seconds, Stopping threads took: 0,0000365 seconds
{Heap before GC invocations=6 (full 1):
 par new generation   total 109248K, used 101023K [0x00000000e0000000, 0x00000000e8000000, 0x00000000e8000000)
  eden space 87424K, 100% used [0x00000000e0000000, 0x00000000e5560000, 0x00000000e5560000)
  from space 21824K,  62% used [0x00000000e5560000, 0x00000000e62a7d20, 0x00000000e6ab0000)
  to   space 21824K,   0% used [0x00000000e6ab0000, 0x00000000e6ab0000, 0x00000000e8000000)
 concurrent mark-sweep generation total 393216K, used 0K [0x00000000e8000000, 0x0000000100000000, 0x0000000100000000)
 Metaspace       used 24324K, capacity 24750K, committed 24828K, reserved 1071104K
  class space    used 2857K, capacity 3044K, committed 3068K, reserved 1048576K
2017-07-31T08:24:36.857+0200: 3,557: [GC (Allocation Failure) 2017-07-31T08:24:36.857+0200: 3,557: [ParNew
Desired survivor size 20112992 bytes, new threshold 8 (max 8)
- age   1:    5880864 bytes,    5880864 total
- age   2:       3776 bytes,    5884640 total
- age   3:     106376 bytes,    5991016 total
- age   4:     186952 bytes,    6177968 total
- age   5:     287592 bytes,    6465560 total
- age   6:     815016 bytes,    7280576 total
- age   7:    6635016 bytes,   13915592 total
: 101023K->15396K(109248K), 0,0128042 secs] 101023K->15396K(502464K), 0,0128857 secs] [Times: user=0,05 sys=0,00, real=0,02 secs] 
Heap after GC invocations=7 (full 1):
 par new generation   total 109248K, used 15396K [0x00000000e0000000, 0x00000000e8000000, 0x00000000e8000000)
  eden space 87424K,   0% used [0x00000000e0000000, 0x00000000e0000000, 0x00000000e5560000)
  from space 21824K,  70% used [0x00000000e6ab0000, 0x00000000e79b91a0, 0x00000000e8000000)
  to   space 21824K,   0% used [0x00000000e5560000, 0x00000000e5560000, 0x00000000e6ab0000)
 concurrent mark-sweep generation total 393216K, used 0K [0x00000000e8000000, 0x0000000100000000, 0x0000000100000000)
 Metaspace       used 24324K, capacity 24750K, committed 24828K, reserved 1071104K
  class space    used 2857K, capacity 3044K, committed 3068K, reserved 1048576K
}
2017-07-31T08:24:36.870+0200: 3,570: Total time for which application threads were stopped: 0,0131457 seconds, Stopping threads took: 0,0000648 seconds
{Heap before GC invocations=7 (full 1):
 par new generation   total 109248K, used 102820K [0x00000000e0000000, 0x00000000e8000000, 0x00000000e8000000)
  eden space 87424K, 100% used [0x00000000e0000000, 0x00000000e5560000, 0x00000000e5560000)
  from space 21824K,  70% used [0x00000000e6ab0000, 0x00000000e79b91a0, 0x00000000e8000000)
  to   space 21824K,   0% used [0x00000000e5560000, 0x00000000e5560000, 0x00000000e6ab0000)
 concurrent mark-sweep generation total 393216K, used 0K [0x00000000e8000000, 0x0000000100000000, 0x0000000100000000)
 Metaspace       used 24845K, capacity 25294K, committed 25468K, reserved 1071104K
  class space    used 2898K, capacity 3076K, committed 3196K, reserved 1048576K
2017-07-31T08:24:36.993+0200: 3,692: [GC (Allocation Failure) 2017-07-31T08:24:36.993+0200: 3,692: [ParNew
Desired survivor size 20112992 bytes, new threshold 8 (max 8)
- age   1:    1778872 bytes,    1778872 total
- age   2:    1816400 bytes,    3595272 total
- age   3:       2312 bytes,    3597584 total
- age   4:      50824 bytes,    3648408 total
- age   5:     109984 bytes,    3758392 total
- age   6:     189448 bytes,    3947840 total
- age   7:     770048 bytes,    4717888 total
- age   8:    6102136 bytes,   10820024 total
: 102820K->14664K(109248K), 0,0104530 secs] 102820K->14664K(502464K), 0,0105223 secs] [Times: user=0,04 sys=0,00, real=0,01 secs] 
Heap after GC invocations=8 (full 1):
 par new generation   total 109248K, used 14664K [0x00000000e0000000, 0x00000000e8000000, 0x00000000e8000000)
  eden space 87424K,   0% used [0x00000000e0000000, 0x00000000e0000000, 0x00000000e5560000)
  from space 21824K,  67% used [0x00000000e5560000, 0x00000000e63b2220, 0x00000000e6ab0000)
  to   space 21824K,   0% used [0x00000000e6ab0000, 0x00000000e6ab0000, 0x00000000e8000000)
 concurrent mark-sweep generation total 393216K, used 0K [0x00000000e8000000, 0x0000000100000000, 0x0000000100000000)
 Metaspace       used 24845K, capacity 25294K, committed 25468K, reserved 1071104K
  class space    used 2898K, capacity 3076K, committed 3196K, reserved 1048576K
}
2017-07-31T08:24:37.004+0200: 3,703: Total time for which application threads were stopped: 0,0120875 seconds, Stopping threads took: 0,0013864 seconds
{Heap before GC invocations=8 (full 1):
 par new generation   total 109248K, used 102088K [0x00000000e0000000, 0x00000000e8000000, 0x00000000e8000000)
  eden space 87424K, 100% used [0x00000000e0000000, 0x00000000e5560000, 0x00000000e5560000)
  from space 21824K,  67% used [0x00000000e5560000, 0x00000000e63b2220, 0x00000000e6ab0000)
  to   space 21824K,   0% used [0x00000000e6ab0000, 0x00000000e6ab0000, 0x00000000e8000000)
 concurrent mark-sweep generation total 393216K, used 0K [0x00000000e8000000, 0x0000000100000000, 0x0000000100000000)
 Metaspace       used 25021K, capacity 25454K, committed 25724K, reserved 1071104K
  class space    used 2911K, capacity 3082K, committed 3196K, reserved 1048576K
2017-07-31T08:24:37.078+0200: 3,777: [GC (Allocation Failure) 2017-07-31T08:24:37.078+0200: 3,777: [ParNew
Desired survivor size 20112992 bytes, new threshold 8 (max 8)
- age   1:     743328 bytes,     743328 total
- age   2:    1082736 bytes,    1826064 total
- age   3:    1794144 bytes,    3620208 total
- age   4:       2312 bytes,    3622520 total
- age   5:      50824 bytes,    3673344 total
- age   6:     109776 bytes,    3783120 total
- age   7:     189448 bytes,    3972568 total
- age   8:     770048 bytes,    4742616 total
: 102088K->8619K(109248K), 0,0451925 secs] 102088K->14660K(502464K), 0,0452693 secs] [Times: user=0,12 sys=0,00, real=0,05 secs] 
Heap after GC invocations=9 (full 1):
 par new generation   total 109248K, used 8619K [0x00000000e0000000, 0x00000000e8000000, 0x00000000e8000000)
  eden space 87424K,   0% used [0x00000000e0000000, 0x00000000e0000000, 0x00000000e5560000)
  from space 21824K,  39% used [0x00000000e6ab0000, 0x00000000e731ac90, 0x00000000e8000000)
  to   space 21824K,   0% used [0x00000000e5560000, 0x00000000e5560000, 0x00000000e6ab0000)
 concurrent mark-sweep generation total 393216K, used 6041K [0x00000000e8000000, 0x0000000100000000, 0x0000000100000000)
 Metaspace       used 25021K, capacity 25454K, committed 25724K, reserved 1071104K
  class space    used 2911K, capacity 3082K, committed 3196K, reserved 1048576K
}
2017-07-31T08:24:37.123+0200: 3,822: Total time for which application threads were stopped: 0,0475095 seconds, Stopping threads took: 0,0020606 seconds
2017-07-31T08:24:37.349+0200: 4,049: Total time for which application threads were stopped: 0,0005598 seconds, Stopping threads took: 0,0000445 seconds
2017-07-31T08:24:37.353+0200: 4,053: Total time for which application threads were stopped: 0,0006385 seconds, Stopping threads took: 0,0001871 seconds
2017-07-31T08:24:37.361+0200: 4,060: Total time for which application threads were stopped: 0,0001481 seconds, Stopping threads took: 0,0000351 seconds
2017-07-31T08:24:37.366+0200: 4,065: Total time for which application threads were stopped: 0,0001388 seconds, Stopping threads took: 0,0000358 seconds
2017-07-31T08:24:37.367+0200: 4,066: Total time for which application threads were stopped: 0,0004477 seconds, Stopping threads took: 0,0000129 seconds
2017-07-31T08:24:37.372+0200: 4,071: Total time for which application threads were stopped: 0,0001453 seconds, Stopping threads took: 0,0000422 seconds
2017-07-31T08:24:37.382+0200: 4,081: Total time for which application threads were stopped: 0,0058458 seconds, Stopping threads took: 0,0057624 seconds
2017-07-31T08:24:37.384+0200: 4,083: Total time for which application threads were stopped: 0,0001491 seconds, Stopping threads took: 0,0000590 seconds
2017-07-31T08:24:37.389+0200: 4,088: Total time for which application threads were stopped: 0,0025523 seconds, Stopping threads took: 0,0024348 seconds
2017-07-31T08:24:37.390+0200: 4,089: Total time for which application threads were stopped: 0,0001123 seconds, Stopping threads took: 0,0000313 seconds
2017-07-31T08:24:37.391+0200: 4,090: Total time for which application threads were stopped: 0,0001221 seconds, Stopping threads took: 0,0000439 seconds
2017-07-31T08:24:37.438+0200: 4,137: Total time for which application threads were stopped: 0,0001633 seconds, Stopping threads took: 0,0000338 seconds
2017-07-31T08:24:37.439+0200: 4,138: Total time for which application threads were stopped: 0,0000782 seconds, Stopping threads took: 0,0000168 seconds
2017-07-31T08:24:37.442+0200: 4,141: Total time for which application threads were stopped: 0,0001223 seconds, Stopping threads took: 0,0000195 seconds
2017-07-31T08:24:37.443+0200: 4,142: Total time for which application threads were stopped: 0,0003285 seconds, Stopping threads took: 0,0000125 seconds
2017-07-31T08:24:37.443+0200: 4,142: Total time for which application threads were stopped: 0,0000748 seconds, Stopping threads took: 0,0000146 seconds
2017-07-31T08:24:37.446+0200: 4,145: Total time for which application threads were stopped: 0,0020745 seconds, Stopping threads took: 0,0020088 seconds
2017-07-31T08:24:37.446+0200: 4,145: Total time for which application threads were stopped: 0,0000859 seconds, Stopping threads took: 0,0000355 seconds
2017-07-31T08:24:37.446+0200: 4,146: Total time for which application threads were stopped: 0,0000762 seconds, Stopping threads took: 0,0000197 seconds
2017-07-31T08:24:37.447+0200: 4,146: Total time for which application threads were stopped: 0,0001323 seconds, Stopping threads took: 0,0000662 seconds
2017-07-31T08:24:37.469+0200: 4,168: Total time for which application threads were stopped: 0,0001184 seconds, Stopping threads took: 0,0000254 seconds
2017-07-31T08:24:37.469+0200: 4,169: Total time for which application threads were stopped: 0,0000965 seconds, Stopping threads took: 0,0000293 seconds
2017-07-31T08:24:37.470+0200: 4,169: Total time for which application threads were stopped: 0,0000657 seconds, Stopping threads took: 0,0000131 seconds
2017-07-31T08:24:37.474+0200: 4,173: Total time for which application threads were stopped: 0,0035733 seconds, Stopping threads took: 0,0034967 seconds
2017-07-31T08:24:37.475+0200: 4,175: Total time for which application threads were stopped: 0,0001199 seconds, Stopping threads took: 0,0000232 seconds
2017-07-31T08:24:37.476+0200: 4,175: Total time for which application threads were stopped: 0,0001515 seconds, Stopping threads took: 0,0000153 seconds
2017-07-31T08:24:37.476+0200: 4,175: Total time for which application threads were stopped: 0,0000815 seconds, Stopping threads took: 0,0000184 seconds
2017-07-31T08:24:37.476+0200: 4,175: Total time for which application threads were stopped: 0,0000594 seconds, Stopping threads took: 0,0000164 seconds
2017-07-31T08:24:37.476+0200: 4,176: Total time for which application threads were stopped: 0,0000801 seconds, Stopping threads took: 0,0000290 seconds
2017-07-31T08:24:37.477+0200: 4,176: Total time for which application threads were stopped: 0,0000669 seconds, Stopping threads took: 0,0000140 seconds
2017-07-31T08:24:37.477+0200: 4,176: Total time for which application threads were stopped: 0,0000454 seconds, Stopping threads took: 0,0000105 seconds
2017-07-31T08:24:37.477+0200: 4,176: Total time for which application threads were stopped: 0,0000459 seconds, Stopping threads took: 0,0000087 seconds
2017-07-31T08:24:37.478+0200: 4,177: Total time for which application threads were stopped: 0,0000934 seconds, Stopping threads took: 0,0000310 seconds
2017-07-31T08:24:37.478+0200: 4,178: Total time for which application threads were stopped: 0,0000739 seconds, Stopping threads took: 0,0000247 seconds
2017-07-31T08:24:37.478+0200: 4,178: Total time for which application threads were stopped: 0,0000406 seconds, Stopping threads took: 0,0000091 seconds
2017-07-31T08:24:37.478+0200: 4,178: Total time for which application threads were stopped: 0,0000501 seconds, Stopping threads took: 0,0000185 seconds
2017-07-31T08:24:37.479+0200: 4,178: Total time for which application threads were stopped: 0,0000481 seconds, Stopping threads took: 0,0000127 seconds
2017-07-31T08:24:37.482+0200: 4,182: Total time for which application threads were stopped: 0,0001168 seconds, Stopping threads took: 0,0000307 seconds
2017-07-31T08:24:37.483+0200: 4,182: Total time for which application threads were stopped: 0,0000713 seconds, Stopping threads took: 0,0000164 seconds
2017-07-31T08:24:37.483+0200: 4,182: Total time for which application threads were stopped: 0,0000686 seconds, Stopping threads took: 0,0000207 seconds
2017-07-31T08:24:37.483+0200: 4,182: Total time for which application threads were stopped: 0,0000602 seconds, Stopping threads took: 0,0000176 seconds
2017-07-31T08:24:37.483+0200: 4,182: Total time for which application threads were stopped: 0,0000801 seconds, Stopping threads took: 0,0000282 seconds
2017-07-31T08:24:37.483+0200: 4,182: Total time for which application threads were stopped: 0,0000690 seconds, Stopping threads took: 0,0000281 seconds
2017-07-31T08:24:37.483+0200: 4,182: Total time for which application threads were stopped: 0,0000745 seconds, Stopping threads took: 0,0000277 seconds
2017-07-31T08:24:37.483+0200: 4,183: Total time for which application threads were stopped: 0,0000655 seconds, Stopping threads took: 0,0000198 seconds
2017-07-31T08:24:37.483+0200: 4,183: Total time for which application threads were stopped: 0,0001245 seconds, Stopping threads took: 0,0000162 seconds
2017-07-31T08:24:37.489+0200: 4,188: Total time for which application threads were stopped: 0,0007580 seconds, Stopping threads took: 0,0006822 seconds
2017-07-31T08:24:37.491+0200: 4,190: Total time for which application threads were stopped: 0,0000964 seconds, Stopping threads took: 0,0000222 seconds
2017-07-31T08:24:37.495+0200: 4,194: Total time for which application threads were stopped: 0,0001604 seconds, Stopping threads took: 0,0000579 seconds
2017-07-31T08:24:37.545+0200: 4,245: Total time for which application threads were stopped: 0,0001619 seconds, Stopping threads took: 0,0000658 seconds
2017-07-31T08:24:37.546+0200: 4,245: Total time for which application threads were stopped: 0,0004053 seconds, Stopping threads took: 0,0000232 seconds
2017-07-31T08:24:37.547+0200: 4,246: Total time for which application threads were stopped: 0,0001068 seconds, Stopping threads took: 0,0000494 seconds
2017-07-31T08:24:37.552+0200: 4,251: Total time for which application threads were stopped: 0,0001232 seconds, Stopping threads took: 0,0000500 seconds
2017-07-31T08:24:38.552+0200: 5,251: Total time for which application threads were stopped: 0,0000809 seconds, Stopping threads took: 0,0000177 seconds
2017-07-31T08:24:39.552+0200: 6,252: Total time for which application threads were stopped: 0,0000625 seconds, Stopping threads took: 0,0000162 seconds
2017-07-31T08:24:59.555+0200: 26,254: Total time for which application threads were stopped: 0,0000724 seconds, Stopping threads took: 0,0000188 seconds
2017-07-31T08:25:05.556+0200: 32,255: Total time for which application threads were stopped: 0,0000632 seconds, Stopping threads took: 0,0000159 seconds
2017-07-31T08:25:55.567+0200: 82,266: Total time for which application threads were stopped: 0,0000794 seconds, Stopping threads took: 0,0000193 seconds
2017-07-31T08:26:40.572+0200: 127,272: Total time for which application threads were stopped: 0,0000802 seconds, Stopping threads took: 0,0000330 seconds
2017-07-31T08:26:45.573+0200: 132,272: Total time for which application threads were stopped: 0,0001522 seconds, Stopping threads took: 0,0000351 seconds
{Heap before GC invocations=9 (full 1):
 par new generation   total 109248K, used 96043K [0x00000000e0000000, 0x00000000e8000000, 0x00000000e8000000)
  eden space 87424K, 100% used [0x00000000e0000000, 0x00000000e5560000, 0x00000000e5560000)
  from space 21824K,  39% used [0x00000000e6ab0000, 0x00000000e731ac90, 0x00000000e8000000)
  to   space 21824K,   0% used [0x00000000e5560000, 0x00000000e5560000, 0x00000000e6ab0000)
 concurrent mark-sweep generation total 393216K, used 6041K [0x00000000e8000000, 0x0000000100000000, 0x0000000100000000)
 Metaspace       used 28008K, capacity 28564K, committed 28796K, reserved 1075200K
  class space    used 3213K, capacity 3389K, committed 3452K, reserved 1048576K
2017-07-31T08:27:29.290+0200: 175,989: [GC (Allocation Failure) 2017-07-31T08:27:29.290+0200: 175,989: [ParNew
Desired survivor size 20112992 bytes, new threshold 8 (max 8)
- age   1:   10608832 bytes,   10608832 total
- age   2:     230512 bytes,   10839344 total
- age   3:     298288 bytes,   11137632 total
- age   4:    1789224 bytes,   12926856 total
- age   5:       2312 bytes,   12929168 total
- age   6:      50928 bytes,   12980096 total
- age   7:     109648 bytes,   13089744 total
- age   8:     189352 bytes,   13279096 total
: 96043K->14745K(109248K), 0,0224840 secs] 102084K->21628K(502464K), 0,0226215 secs] [Times: user=0,07 sys=0,00, real=0,02 secs] 
Heap after GC invocations=10 (full 1):
 par new generation   total 109248K, used 14745K [0x00000000e0000000, 0x00000000e8000000, 0x00000000e8000000)
  eden space 87424K,   0% used [0x00000000e0000000, 0x00000000e0000000, 0x00000000e5560000)
  from space 21824K,  67% used [0x00000000e5560000, 0x00000000e63c6448, 0x00000000e6ab0000)
  to   space 21824K,   0% used [0x00000000e6ab0000, 0x00000000e6ab0000, 0x00000000e8000000)
 concurrent mark-sweep generation total 393216K, used 6883K [0x00000000e8000000, 0x0000000100000000, 0x0000000100000000)
 Metaspace       used 28008K, capacity 28564K, committed 28796K, reserved 1075200K
  class space    used 3213K, capacity 3389K, committed 3452K, reserved 1048576K
}
2017-07-31T08:27:29.313+0200: 176,012: Total time for which application threads were stopped: 0,0228251 seconds, Stopping threads took: 0,0000619 seconds
2017-07-31T08:27:29.313+0200: 176,013: Total time for which application threads were stopped: 0,0000873 seconds, Stopping threads took: 0,0000448 seconds
2017-07-31T08:27:29.318+0200: 176,018: Total time for which application threads were stopped: 0,0000953 seconds, Stopping threads took: 0,0000292 seconds
2017-07-31T08:27:34.319+0200: 181,018: Total time for which application threads were stopped: 0,0001056 seconds, Stopping threads took: 0,0000248 seconds
2017-07-31T08:27:39.320+0200: 186,019: Total time for which application threads were stopped: 0,0000728 seconds, Stopping threads took: 0,0000169 seconds
2017-07-31T08:28:59.328+0200: 266,028: Total time for which application threads were stopped: 0,0001345 seconds, Stopping threads took: 0,0000521 seconds
2017-07-31T08:29:10.330+0200: 277,029: Total time for which application threads were stopped: 0,0000828 seconds, Stopping threads took: 0,0000322 seconds
2017-07-31T08:32:35.353+0200: 482,052: Total time for which application threads were stopped: 0,0000803 seconds, Stopping threads took: 0,0000301 seconds
2017-07-31T08:48:04.483+0200: 1411,183: Total time for which application threads were stopped: 0,0002548 seconds, Stopping threads took: 0,0000785 seconds
2017-07-31T08:52:44.530+0200: 1691,229: Total time for which application threads were stopped: 0,0001704 seconds, Stopping threads took: 0,0000626 seconds
2017-07-31T08:56:33.111+0200: 1919,810: Total time for which application threads were stopped: 0,0001038 seconds, Stopping threads took: 0,0000247 seconds
2017-07-31T08:56:33.111+0200: 1919,810: Total time for which application threads were stopped: 0,0000542 seconds, Stopping threads took: 0,0000133 seconds
2017-07-31T08:56:33.123+0200: 1919,822: Total time for which application threads were stopped: 0,0074512 seconds, Stopping threads took: 0,0073764 seconds
2017-07-31T08:56:33.129+0200: 1919,828: Total time for which application threads were stopped: 0,0001008 seconds, Stopping threads took: 0,0000266 seconds
2017-07-31T08:56:33.157+0200: 1919,857: Total time for which application threads were stopped: 0,0000820 seconds, Stopping threads took: 0,0000137 seconds
2017-07-31T08:56:33.157+0200: 1919,857: Total time for which application threads were stopped: 0,0000479 seconds, Stopping threads took: 0,0000064 seconds
2017-07-31T08:56:33.157+0200: 1919,857: Total time for which application threads were stopped: 0,0000517 seconds, Stopping threads took: 0,0000132 seconds
2017-07-31T08:56:33.158+0200: 1919,857: Total time for which application threads were stopped: 0,0000395 seconds, Stopping threads took: 0,0000048 seconds
2017-07-31T08:56:33.158+0200: 1919,857: Total time for which application threads were stopped: 0,0000448 seconds, Stopping threads took: 0,0000115 seconds
2017-07-31T08:56:33.158+0200: 1919,857: Total time for which application threads were stopped: 0,0000371 seconds, Stopping threads took: 0,0000046 seconds
2017-07-31T08:56:33.160+0200: 1919,859: Total time for which application threads were stopped: 0,0007910 seconds, Stopping threads took: 0,0007221 seconds
2017-07-31T08:56:33.160+0200: 1919,859: Total time for which application threads were stopped: 0,0000490 seconds, Stopping threads took: 0,0000072 seconds
2017-07-31T08:56:33.177+0200: 1919,876: Total time for which application threads were stopped: 0,0001134 seconds, Stopping threads took: 0,0000482 seconds
2017-07-31T08:56:33.177+0200: 1919,876: Total time for which application threads were stopped: 0,0001278 seconds, Stopping threads took: 0,0000796 seconds
2017-07-31T08:56:33.178+0200: 1919,877: Total time for which application threads were stopped: 0,0001097 seconds, Stopping threads took: 0,0000568 seconds
2017-07-31T08:56:33.178+0200: 1919,877: Total time for which application threads were stopped: 0,0000527 seconds, Stopping threads took: 0,0000255 seconds
2017-07-31T08:56:33.181+0200: 1919,880: Total time for which application threads were stopped: 0,0000926 seconds, Stopping threads took: 0,0000197 seconds
2017-07-31T08:56:33.181+0200: 1919,880: Total time for which application threads were stopped: 0,0000651 seconds, Stopping threads took: 0,0000205 seconds
2017-07-31T08:56:33.181+0200: 1919,880: Total time for which application threads were stopped: 0,0000589 seconds, Stopping threads took: 0,0000250 seconds
2017-07-31T08:56:33.181+0200: 1919,880: Total time for which application threads were stopped: 0,0000449 seconds, Stopping threads took: 0,0000154 seconds
2017-07-31T08:56:33.182+0200: 1919,881: Total time for which application threads were stopped: 0,0003642 seconds, Stopping threads took: 0,0003233 seconds
2017-07-31T08:56:33.182+0200: 1919,881: Total time for which application threads were stopped: 0,0000316 seconds, Stopping threads took: 0,0000079 seconds
2017-07-31T08:56:33.182+0200: 1919,881: Total time for which application threads were stopped: 0,0000403 seconds, Stopping threads took: 0,0000149 seconds
2017-07-31T08:56:33.182+0200: 1919,882: Total time for which application threads were stopped: 0,0000785 seconds, Stopping threads took: 0,0000452 seconds
2017-07-31T08:56:33.183+0200: 1919,882: Total time for which application threads were stopped: 0,0000418 seconds, Stopping threads took: 0,0000147 seconds
2017-07-31T08:56:33.183+0200: 1919,882: Total time for which application threads were stopped: 0,0000371 seconds, Stopping threads took: 0,0000146 seconds
2017-07-31T08:56:33.183+0200: 1919,882: Total time for which application threads were stopped: 0,0000495 seconds, Stopping threads took: 0,0000183 seconds
2017-07-31T08:56:33.183+0200: 1919,882: Total time for which application threads were stopped: 0,0000328 seconds, Stopping threads took: 0,0000120 seconds
2017-07-31T08:56:33.183+0200: 1919,882: Total time for which application threads were stopped: 0,0000290 seconds, Stopping threads took: 0,0000079 seconds
2017-07-31T08:56:33.183+0200: 1919,883: Total time for which application threads were stopped: 0,0001989 seconds, Stopping threads took: 0,0001556 seconds
2017-07-31T08:56:33.184+0200: 1919,884: Total time for which application threads were stopped: 0,0001792 seconds, Stopping threads took: 0,0000292 seconds
2017-07-31T08:56:33.185+0200: 1919,884: Total time for which application threads were stopped: 0,0000863 seconds, Stopping threads took: 0,0000205 seconds
2017-07-31T08:56:33.186+0200: 1919,885: Total time for which application threads were stopped: 0,0000958 seconds, Stopping threads took: 0,0000350 seconds
2017-07-31T08:56:33.187+0200: 1919,886: Total time for which application threads were stopped: 0,0000904 seconds, Stopping threads took: 0,0000182 seconds
Heap
 par new generation   total 109248K, used 36512K [0x00000000e0000000, 0x00000000e8000000, 0x00000000e8000000)
  eden space 87424K,  24% used [0x00000000e0000000, 0x00000000e1541c10, 0x00000000e5560000)
  from space 21824K,  67% used [0x00000000e5560000, 0x00000000e63c6448, 0x00000000e6ab0000)
  to   space 21824K,   0% used [0x00000000e6ab0000, 0x00000000e6ab0000, 0x00000000e8000000)
 concurrent mark-sweep generation total 393216K, used 6883K [0x00000000e8000000, 0x0000000100000000, 0x0000000100000000)
 Metaspace       used 28126K, capacity 28670K, committed 28796K, reserved 1075200K
  class space    used 3228K, capacity 3424K, committed 3452K, reserved 1048576K
