OpenJDK 64-Bit Server VM (25.121-b13) for linux-amd64 JRE (1.8.0_121-8u121-b13-0ubuntu1.16.04.2-b13), built on Jan 23 2017 15:51:29 by "buildd" with gcc 5.4.0 20160609
Memory: 4k page, physical 7867800k(7504876k free), swap 8076284k(8076284k free)
CommandLine flags: -XX:CMSInitiatingOccupancyFraction=50 -XX:CMSMaxAbortablePrecleanTime=6000 -XX:+CMSParallelRemarkEnabled -XX:+CMSScavengeBeforeRemark -XX:ConcGCThreads=4 -XX:InitialHeapSize=536870912 -XX:MaxHeapSize=536870912 -XX:MaxTenuringThreshold=8 -XX:NewRatio=3 -XX:OldPLABSize=16 -XX:OnOutOfMemoryError=/opt/solr/bin/oom_solr.sh 8983 /var/solr/logs -XX:ParallelGCThreads=4 -XX:+ParallelRefProcEnabled -XX:PretenureSizeThreshold=67108864 -XX:+PrintGC -XX:+PrintGCApplicationStoppedTime -XX:+PrintGCDateStamps -XX:+PrintGCDetails -XX:+PrintGCTimeStamps -XX:+PrintHeapAtGC -XX:+PrintTenuringDistribution -XX:SurvivorRatio=4 -XX:TargetSurvivorRatio=90 -XX:ThreadStackSize=256 -XX:+UseCMSInitiatingOccupancyOnly -XX:+UseCompressedClassPointers -XX:+UseCompressedOops -XX:+UseConcMarkSweepGC -XX:+UseParNewGC 
2017-02-20T17:37:00.528+0100: 0,129: Total time for which application threads were stopped: 0,0000676 seconds, Stopping threads took: 0,0000127 seconds
2017-02-20T17:37:00.608+0100: 0,209: Total time for which application threads were stopped: 0,0001064 seconds, Stopping threads took: 0,0000125 seconds
2017-02-20T17:37:00.627+0100: 0,228: Total time for which application threads were stopped: 0,0001411 seconds, Stopping threads took: 0,0000109 seconds
2017-02-20T17:37:00.884+0100: 0,485: Total time for which application threads were stopped: 0,0001194 seconds, Stopping threads took: 0,0000137 seconds
2017-02-20T17:37:01.381+0100: 0,982: Total time for which application threads were stopped: 0,0001603 seconds, Stopping threads took: 0,0000229 seconds
2017-02-20T17:37:01.471+0100: 1,071: Total time for which application threads were stopped: 0,0001371 seconds, Stopping threads took: 0,0000133 seconds
2017-02-20T17:37:01.495+0100: 1,096: Total time for which application threads were stopped: 0,0004664 seconds, Stopping threads took: 0,0000200 seconds
2017-02-20T17:37:01.717+0100: 1,318: Total time for which application threads were stopped: 0,0001809 seconds, Stopping threads took: 0,0000234 seconds
2017-02-20T17:37:01.925+0100: 1,526: Total time for which application threads were stopped: 0,0002019 seconds, Stopping threads took: 0,0000177 seconds
2017-02-20T17:37:01.950+0100: 1,550: Total time for which application threads were stopped: 0,0001860 seconds, Stopping threads took: 0,0000177 seconds
2017-02-20T17:37:01.984+0100: 1,585: Total time for which application threads were stopped: 0,0002774 seconds, Stopping threads took: 0,0000172 seconds
2017-02-20T17:37:01.988+0100: 1,589: Total time for which application threads were stopped: 0,0005349 seconds, Stopping threads took: 0,0001454 seconds
2017-02-20T17:37:02.009+0100: 1,610: Total time for which application threads were stopped: 0,0002557 seconds, Stopping threads took: 0,0000192 seconds
2017-02-20T17:37:02.112+0100: 1,713: Total time for which application threads were stopped: 0,0002821 seconds, Stopping threads took: 0,0000184 seconds
2017-02-20T17:37:02.307+0100: 1,908: Total time for which application threads were stopped: 0,0002741 seconds, Stopping threads took: 0,0000366 seconds
{Heap before GC invocations=0 (full 0):
 par new generation   total 109248K, used 87424K [0x00000000e0000000, 0x00000000e8000000, 0x00000000e8000000)
  eden space 87424K, 100% used [0x00000000e0000000, 0x00000000e5560000, 0x00000000e5560000)
  from space 21824K,   0% used [0x00000000e5560000, 0x00000000e5560000, 0x00000000e6ab0000)
  to   space 21824K,   0% used [0x00000000e6ab0000, 0x00000000e6ab0000, 0x00000000e8000000)
 concurrent mark-sweep generation total 393216K, used 0K [0x00000000e8000000, 0x0000000100000000, 0x0000000100000000)
 Metaspace       used 18002K, capacity 18336K, committed 18688K, reserved 1064960K
  class space    used 2035K, capacity 2196K, committed 2304K, reserved 1048576K
2017-02-20T17:37:02.377+0100: 1,978: [GC (Allocation Failure) 2017-02-20T17:37:02.377+0100: 1,978: [ParNew
Desired survivor size 20112992 bytes, new threshold 8 (max 8)
- age   1:   12359480 bytes,   12359480 total
: 87424K->12179K(109248K), 0,0157882 secs] 87424K->12179K(502464K), 0,0158727 secs] [Times: user=0,04 sys=0,03, real=0,01 secs] 
Heap after GC invocations=1 (full 0):
 par new generation   total 109248K, used 12179K [0x00000000e0000000, 0x00000000e8000000, 0x00000000e8000000)
  eden space 87424K,   0% used [0x00000000e0000000, 0x00000000e0000000, 0x00000000e5560000)
  from space 21824K,  55% used [0x00000000e6ab0000, 0x00000000e7694f00, 0x00000000e8000000)
  to   space 21824K,   0% used [0x00000000e5560000, 0x00000000e5560000, 0x00000000e6ab0000)
 concurrent mark-sweep generation total 393216K, used 0K [0x00000000e8000000, 0x0000000100000000, 0x0000000100000000)
 Metaspace       used 18002K, capacity 18336K, committed 18688K, reserved 1064960K
  class space    used 2035K, capacity 2196K, committed 2304K, reserved 1048576K
}
2017-02-20T17:37:02.393+0100: 1,994: Total time for which application threads were stopped: 0,0161090 seconds, Stopping threads took: 0,0000513 seconds
2017-02-20T17:37:02.689+0100: 2,290: Total time for which application threads were stopped: 0,0003313 seconds, Stopping threads took: 0,0000449 seconds
2017-02-20T17:37:02.728+0100: 2,329: Total time for which application threads were stopped: 0,0003853 seconds, Stopping threads took: 0,0001117 seconds
{Heap before GC invocations=1 (full 0):
 par new generation   total 109248K, used 99603K [0x00000000e0000000, 0x00000000e8000000, 0x00000000e8000000)
  eden space 87424K, 100% used [0x00000000e0000000, 0x00000000e5560000, 0x00000000e5560000)
  from space 21824K,  55% used [0x00000000e6ab0000, 0x00000000e7694f00, 0x00000000e8000000)
  to   space 21824K,   0% used [0x00000000e5560000, 0x00000000e5560000, 0x00000000e6ab0000)
 concurrent mark-sweep generation total 393216K, used 0K [0x00000000e8000000, 0x0000000100000000, 0x0000000100000000)
 Metaspace       used 20038K, capacity 20354K, committed 20736K, reserved 1067008K
  class space    used 2295K, capacity 2467K, committed 2560K, reserved 1048576K
2017-02-20T17:37:02.730+0100: 2,331: [GC (Allocation Failure) 2017-02-20T17:37:02.730+0100: 2,331: [ParNew
Desired survivor size 20112992 bytes, new threshold 8 (max 8)
- age   1:    3699752 bytes,    3699752 total
- age   2:    6577840 bytes,   10277592 total
: 99603K->15524K(109248K), 0,0138209 secs] 99603K->15524K(502464K), 0,0139062 secs] [Times: user=0,05 sys=0,00, real=0,02 secs] 
Heap after GC invocations=2 (full 0):
 par new generation   total 109248K, used 15524K [0x00000000e0000000, 0x00000000e8000000, 0x00000000e8000000)
  eden space 87424K,   0% used [0x00000000e0000000, 0x00000000e0000000, 0x00000000e5560000)
  from space 21824K,  71% used [0x00000000e5560000, 0x00000000e64890c0, 0x00000000e6ab0000)
  to   space 21824K,   0% used [0x00000000e6ab0000, 0x00000000e6ab0000, 0x00000000e8000000)
 concurrent mark-sweep generation total 393216K, used 0K [0x00000000e8000000, 0x0000000100000000, 0x0000000100000000)
 Metaspace       used 20038K, capacity 20354K, committed 20736K, reserved 1067008K
  class space    used 2295K, capacity 2467K, committed 2560K, reserved 1048576K
}
2017-02-20T17:37:02.744+0100: 2,345: Total time for which application threads were stopped: 0,0141095 seconds, Stopping threads took: 0,0000643 seconds
2017-02-20T17:37:02.785+0100: 2,386: Total time for which application threads were stopped: 0,0004305 seconds, Stopping threads took: 0,0001356 seconds
2017-02-20T17:37:02.920+0100: 2,521: Total time for which application threads were stopped: 0,0001841 seconds, Stopping threads took: 0,0000426 seconds
{Heap before GC invocations=2 (full 0):
 par new generation   total 109248K, used 102948K [0x00000000e0000000, 0x00000000e8000000, 0x00000000e8000000)
  eden space 87424K, 100% used [0x00000000e0000000, 0x00000000e5560000, 0x00000000e5560000)
  from space 21824K,  71% used [0x00000000e5560000, 0x00000000e64890c0, 0x00000000e6ab0000)
  to   space 21824K,   0% used [0x00000000e6ab0000, 0x00000000e6ab0000, 0x00000000e8000000)
 concurrent mark-sweep generation total 393216K, used 0K [0x00000000e8000000, 0x0000000100000000, 0x0000000100000000)
 Metaspace       used 20966K, capacity 21282K, committed 21628K, reserved 1069056K
  class space    used 2417K, capacity 2587K, committed 2684K, reserved 1048576K
2017-02-20T17:37:02.957+0100: 2,558: [GC (Allocation Failure) 2017-02-20T17:37:02.957+0100: 2,558: [ParNew
Desired survivor size 20112992 bytes, new threshold 8 (max 8)
- age   1:    2258784 bytes,    2258784 total
- age   2:     913624 bytes,    3172408 total
- age   3:    6572920 bytes,    9745328 total
: 102948K->12235K(109248K), 0,0173122 secs] 102948K->12235K(502464K), 0,0173864 secs] [Times: user=0,06 sys=0,00, real=0,02 secs] 
Heap after GC invocations=3 (full 0):
 par new generation   total 109248K, used 12235K [0x00000000e0000000, 0x00000000e8000000, 0x00000000e8000000)
  eden space 87424K,   0% used [0x00000000e0000000, 0x00000000e0000000, 0x00000000e5560000)
  from space 21824K,  56% used [0x00000000e6ab0000, 0x00000000e76a2f20, 0x00000000e8000000)
  to   space 21824K,   0% used [0x00000000e5560000, 0x00000000e5560000, 0x00000000e6ab0000)
 concurrent mark-sweep generation total 393216K, used 0K [0x00000000e8000000, 0x0000000100000000, 0x0000000100000000)
 Metaspace       used 20966K, capacity 21282K, committed 21628K, reserved 1069056K
  class space    used 2417K, capacity 2587K, committed 2684K, reserved 1048576K
}
2017-02-20T17:37:02.975+0100: 2,576: Total time for which application threads were stopped: 0,0213161 seconds, Stopping threads took: 0,0037795 seconds
2017-02-20T17:37:02.975+0100: 2,576: [GC (CMS Initial Mark) [1 CMS-initial-mark: 0K(393216K)] 12975K(502464K), 0,0045976 secs] [Times: user=0,01 sys=0,00, real=0,00 secs] 
2017-02-20T17:37:02.980+0100: 2,580: Total time for which application threads were stopped: 0,0047429 seconds, Stopping threads took: 0,0000525 seconds
2017-02-20T17:37:02.980+0100: 2,580: [CMS-concurrent-mark-start]
2017-02-20T17:37:02.986+0100: 2,587: [CMS-concurrent-mark: 0,006/0,006 secs] [Times: user=0,03 sys=0,00, real=0,01 secs] 
2017-02-20T17:37:02.986+0100: 2,587: [CMS-concurrent-preclean-start]
2017-02-20T17:37:02.987+0100: 2,588: [CMS-concurrent-preclean: 0,001/0,001 secs] [Times: user=0,01 sys=0,00, real=0,00 secs] 
2017-02-20T17:37:02.987+0100: 2,588: [CMS-concurrent-abortable-preclean-start]
2017-02-20T17:37:03.055+0100: 2,655: Total time for which application threads were stopped: 0,0001783 seconds, Stopping threads took: 0,0001003 seconds
{Heap before GC invocations=3 (full 1):
 par new generation   total 109248K, used 99659K [0x00000000e0000000, 0x00000000e8000000, 0x00000000e8000000)
  eden space 87424K, 100% used [0x00000000e0000000, 0x00000000e5560000, 0x00000000e5560000)
  from space 21824K,  56% used [0x00000000e6ab0000, 0x00000000e76a2f20, 0x00000000e8000000)
  to   space 21824K,   0% used [0x00000000e5560000, 0x00000000e5560000, 0x00000000e6ab0000)
 concurrent mark-sweep generation total 393216K, used 0K [0x00000000e8000000, 0x0000000100000000, 0x0000000100000000)
 Metaspace       used 21237K, capacity 21558K, committed 21884K, reserved 1069056K
  class space    used 2446K, capacity 2602K, committed 2684K, reserved 1048576K
2017-02-20T17:37:03.103+0100: 2,704: [GC (Allocation Failure) 2017-02-20T17:37:03.103+0100: 2,704: [ParNew
Desired survivor size 20112992 bytes, new threshold 8 (max 8)
- age   1:     897856 bytes,     897856 total
- age   2:    1474960 bytes,    2372816 total
- age   3:     889992 bytes,    3262808 total
- age   4:    6573048 bytes,    9835856 total
: 99659K->14437K(109248K), 0,0100251 secs] 99659K->14437K(502464K), 0,0100902 secs] [Times: user=0,04 sys=0,00, real=0,00 secs] 
Heap after GC invocations=4 (full 1):
 par new generation   total 109248K, used 14437K [0x00000000e0000000, 0x00000000e8000000, 0x00000000e8000000)
  eden space 87424K,   0% used [0x00000000e0000000, 0x00000000e0000000, 0x00000000e5560000)
  from space 21824K,  66% used [0x00000000e5560000, 0x00000000e6379638, 0x00000000e6ab0000)
  to   space 21824K,   0% used [0x00000000e6ab0000, 0x00000000e6ab0000, 0x00000000e8000000)
 concurrent mark-sweep generation total 393216K, used 0K [0x00000000e8000000, 0x0000000100000000, 0x0000000100000000)
 Metaspace       used 21237K, capacity 21558K, committed 21884K, reserved 1069056K
  class space    used 2446K, capacity 2602K, committed 2684K, reserved 1048576K
}
2017-02-20T17:37:03.113+0100: 2,714: Total time for which application threads were stopped: 0,0108511 seconds, Stopping threads took: 0,0006354 seconds
2017-02-20T17:37:03.113+0100: 2,714: [CMS-concurrent-abortable-preclean: 0,068/0,126 secs] [Times: user=0,45 sys=0,00, real=0,12 secs] 
2017-02-20T17:37:03.115+0100: 2,716: [GC (CMS Final Remark) [YG occupancy: 15773 K (109248 K)]{Heap before GC invocations=4 (full 1):
 par new generation   total 109248K, used 15773K [0x00000000e0000000, 0x00000000e8000000, 0x00000000e8000000)
  eden space 87424K,   1% used [0x00000000e0000000, 0x00000000e014de08, 0x00000000e5560000)
  from space 21824K,  66% used [0x00000000e5560000, 0x00000000e6379638, 0x00000000e6ab0000)
  to   space 21824K,   0% used [0x00000000e6ab0000, 0x00000000e6ab0000, 0x00000000e8000000)
 concurrent mark-sweep generation total 393216K, used 0K [0x00000000e8000000, 0x0000000100000000, 0x0000000100000000)
 Metaspace       used 21237K, capacity 21558K, committed 21884K, reserved 1069056K
  class space    used 2446K, capacity 2602K, committed 2684K, reserved 1048576K
2017-02-20T17:37:03.115+0100: 2,716: [GC (CMS Final Remark) 2017-02-20T17:37:03.115+0100: 2,716: [ParNew
Desired survivor size 20112992 bytes, new threshold 8 (max 8)
- age   1:     265688 bytes,     265688 total
- age   2:     228888 bytes,     494576 total
- age   3:    1474960 bytes,    1969536 total
- age   4:     889992 bytes,    2859528 total
- age   5:    6572944 bytes,    9432472 total
: 15773K->11159K(109248K), 0,0091955 secs] 15773K->11159K(502464K), 0,0092343 secs] [Times: user=0,03 sys=0,00, real=0,01 secs] 
Heap after GC invocations=5 (full 1):
 par new generation   total 109248K, used 11159K [0x00000000e0000000, 0x00000000e8000000, 0x00000000e8000000)
  eden space 87424K,   0% used [0x00000000e0000000, 0x00000000e0000000, 0x00000000e5560000)
  from space 21824K,  51% used [0x00000000e6ab0000, 0x00000000e7595e20, 0x00000000e8000000)
  to   space 21824K,   0% used [0x00000000e5560000, 0x00000000e5560000, 0x00000000e6ab0000)
 concurrent mark-sweep generation total 393216K, used 0K [0x00000000e8000000, 0x0000000100000000, 0x0000000100000000)
 Metaspace       used 21237K, capacity 21558K, committed 21884K, reserved 1069056K
  class space    used 2446K, capacity 2602K, committed 2684K, reserved 1048576K
}
2017-02-20T17:37:03.124+0100: 2,725: [Rescan (parallel) , 0,0033384 secs]2017-02-20T17:37:03.128+0100: 2,728: [weak refs processing, 0,0009076 secs]2017-02-20T17:37:03.129+0100: 2,729: [class unloading, 0,0028469 secs]2017-02-20T17:37:03.131+0100: 2,732: [scrub symbol table, 0,0038413 secs]2017-02-20T17:37:03.135+0100: 2,736: [scrub string table, 0,0004251 secs][1 CMS-remark: 0K(393216K)] 11159K(502464K), 0,0212494 secs] [Times: user=0,05 sys=0,00, real=0,02 secs] 
2017-02-20T17:37:03.136+0100: 2,737: Total time for which application threads were stopped: 0,0214219 seconds, Stopping threads took: 0,0000814 seconds
2017-02-20T17:37:03.146+0100: 2,747: [CMS-concurrent-sweep-start]
2017-02-20T17:37:03.146+0100: 2,747: [CMS-concurrent-sweep: 0,000/0,000 secs] [Times: user=0,00 sys=0,00, real=0,00 secs] 
2017-02-20T17:37:03.146+0100: 2,747: [CMS-concurrent-reset-start]
2017-02-20T17:37:03.148+0100: 2,749: [CMS-concurrent-reset: 0,002/0,002 secs] [Times: user=0,01 sys=0,00, real=0,00 secs] 
{Heap before GC invocations=5 (full 1):
 par new generation   total 109248K, used 98583K [0x00000000e0000000, 0x00000000e8000000, 0x00000000e8000000)
  eden space 87424K, 100% used [0x00000000e0000000, 0x00000000e5560000, 0x00000000e5560000)
  from space 21824K,  51% used [0x00000000e6ab0000, 0x00000000e7595e20, 0x00000000e8000000)
  to   space 21824K,   0% used [0x00000000e5560000, 0x00000000e5560000, 0x00000000e6ab0000)
 concurrent mark-sweep generation total 393216K, used 0K [0x00000000e8000000, 0x0000000100000000, 0x0000000100000000)
 Metaspace       used 21366K, capacity 21788K, committed 21884K, reserved 1069056K
  class space    used 2466K, capacity 2635K, committed 2684K, reserved 1048576K
2017-02-20T17:37:03.216+0100: 2,816: [GC (Allocation Failure) 2017-02-20T17:37:03.216+0100: 2,816: [ParNew
Desired survivor size 20112992 bytes, new threshold 8 (max 8)
- age   1:     331600 bytes,     331600 total
- age   2:       2552 bytes,     334152 total
- age   3:     181856 bytes,     516008 total
- age   4:    1474688 bytes,    1990696 total
- age   5:     887944 bytes,    2878640 total
- age   6:    6573312 bytes,    9451952 total
: 98583K->16049K(109248K), 0,0099725 secs] 98583K->16049K(502464K), 0,0100413 secs] [Times: user=0,04 sys=0,00, real=0,01 secs] 
Heap after GC invocations=6 (full 1):
 par new generation   total 109248K, used 16049K [0x00000000e0000000, 0x00000000e8000000, 0x00000000e8000000)
  eden space 87424K,   0% used [0x00000000e0000000, 0x00000000e0000000, 0x00000000e5560000)
  from space 21824K,  73% used [0x00000000e5560000, 0x00000000e650c440, 0x00000000e6ab0000)
  to   space 21824K,   0% used [0x00000000e6ab0000, 0x00000000e6ab0000, 0x00000000e8000000)
 concurrent mark-sweep generation total 393216K, used 0K [0x00000000e8000000, 0x0000000100000000, 0x0000000100000000)
 Metaspace       used 21366K, capacity 21788K, committed 21884K, reserved 1069056K
  class space    used 2466K, capacity 2635K, committed 2684K, reserved 1048576K
}
2017-02-20T17:37:03.226+0100: 2,827: Total time for which application threads were stopped: 0,0102398 seconds, Stopping threads took: 0,0000575 seconds
2017-02-20T17:37:03.280+0100: 2,881: Total time for which application threads were stopped: 0,0003274 seconds, Stopping threads took: 0,0000202 seconds
2017-02-20T17:37:03.463+0100: 3,064: Total time for which application threads were stopped: 0,0005102 seconds, Stopping threads took: 0,0000537 seconds
2017-02-20T17:37:03.478+0100: 3,079: Total time for which application threads were stopped: 0,0004250 seconds, Stopping threads took: 0,0000398 seconds
{Heap before GC invocations=6 (full 1):
 par new generation   total 109248K, used 103473K [0x00000000e0000000, 0x00000000e8000000, 0x00000000e8000000)
  eden space 87424K, 100% used [0x00000000e0000000, 0x00000000e5560000, 0x00000000e5560000)
  from space 21824K,  73% used [0x00000000e5560000, 0x00000000e650c440, 0x00000000e6ab0000)
  to   space 21824K,   0% used [0x00000000e6ab0000, 0x00000000e6ab0000, 0x00000000e8000000)
 concurrent mark-sweep generation total 393216K, used 0K [0x00000000e8000000, 0x0000000100000000, 0x0000000100000000)
 Metaspace       used 24390K, capacity 24876K, committed 25084K, reserved 1071104K
  class space    used 2863K, capacity 3045K, committed 3068K, reserved 1048576K
2017-02-20T17:37:03.674+0100: 3,275: [GC (Allocation Failure) 2017-02-20T17:37:03.674+0100: 3,275: [ParNew
Desired survivor size 20112992 bytes, new threshold 8 (max 8)
- age   1:    5065456 bytes,    5065456 total
- age   2:     112960 bytes,    5178416 total
- age   3:       2552 bytes,    5180968 total
- age   4:     180424 bytes,    5361392 total
- age   5:     304672 bytes,    5666064 total
- age   6:     863648 bytes,    6529712 total
- age   7:    6565552 bytes,   13095264 total
: 103473K->15097K(109248K), 0,0176514 secs] 103473K->15097K(502464K), 0,0177252 secs] [Times: user=0,06 sys=0,00, real=0,01 secs] 
Heap after GC invocations=7 (full 1):
 par new generation   total 109248K, used 15097K [0x00000000e0000000, 0x00000000e8000000, 0x00000000e8000000)
  eden space 87424K,   0% used [0x00000000e0000000, 0x00000000e0000000, 0x00000000e5560000)
  from space 21824K,  69% used [0x00000000e6ab0000, 0x00000000e796e6c0, 0x00000000e8000000)
  to   space 21824K,   0% used [0x00000000e5560000, 0x00000000e5560000, 0x00000000e6ab0000)
 concurrent mark-sweep generation total 393216K, used 0K [0x00000000e8000000, 0x0000000100000000, 0x0000000100000000)
 Metaspace       used 24390K, capacity 24876K, committed 25084K, reserved 1071104K
  class space    used 2863K, capacity 3045K, committed 3068K, reserved 1048576K
}
2017-02-20T17:37:03.692+0100: 3,293: Total time for which application threads were stopped: 0,0186588 seconds, Stopping threads took: 0,0007584 seconds
{Heap before GC invocations=7 (full 1):
 par new generation   total 109248K, used 102521K [0x00000000e0000000, 0x00000000e8000000, 0x00000000e8000000)
  eden space 87424K, 100% used [0x00000000e0000000, 0x00000000e5560000, 0x00000000e5560000)
  from space 21824K,  69% used [0x00000000e6ab0000, 0x00000000e796e6c0, 0x00000000e8000000)
  to   space 21824K,   0% used [0x00000000e5560000, 0x00000000e5560000, 0x00000000e6ab0000)
 concurrent mark-sweep generation total 393216K, used 0K [0x00000000e8000000, 0x0000000100000000, 0x0000000100000000)
 Metaspace       used 24945K, capacity 25378K, committed 25724K, reserved 1071104K
  class space    used 2911K, capacity 3081K, committed 3196K, reserved 1048576K
2017-02-20T17:37:03.822+0100: 3,423: [GC (Allocation Failure) 2017-02-20T17:37:03.822+0100: 3,423: [ParNew
Desired survivor size 20112992 bytes, new threshold 8 (max 8)
- age   1:    1206304 bytes,    1206304 total
- age   2:    1915632 bytes,    3121936 total
- age   3:      82216 bytes,    3204152 total
- age   4:       2552 bytes,    3206704 total
- age   5:     138040 bytes,    3344744 total
- age   6:     249144 bytes,    3593888 total
- age   7:     844152 bytes,    4438040 total
- age   8:    6299072 bytes,   10737112 total
: 102521K->16004K(109248K), 0,0239194 secs] 102521K->16004K(502464K), 0,0240291 secs] [Times: user=0,05 sys=0,00, real=0,02 secs] 
Heap after GC invocations=8 (full 1):
 par new generation   total 109248K, used 16004K [0x00000000e0000000, 0x00000000e8000000, 0x00000000e8000000)
  eden space 87424K,   0% used [0x00000000e0000000, 0x00000000e0000000, 0x00000000e5560000)
  from space 21824K,  73% used [0x00000000e5560000, 0x00000000e6501220, 0x00000000e6ab0000)
  to   space 21824K,   0% used [0x00000000e6ab0000, 0x00000000e6ab0000, 0x00000000e8000000)
 concurrent mark-sweep generation total 393216K, used 0K [0x00000000e8000000, 0x0000000100000000, 0x0000000100000000)
 Metaspace       used 24945K, capacity 25378K, committed 25724K, reserved 1071104K
  class space    used 2911K, capacity 3081K, committed 3196K, reserved 1048576K
}
2017-02-20T17:37:03.846+0100: 3,447: Total time for which application threads were stopped: 0,0261214 seconds, Stopping threads took: 0,0018835 seconds
2017-02-20T17:37:04.183+0100: 3,784: Total time for which application threads were stopped: 0,0005070 seconds, Stopping threads took: 0,0000379 seconds
2017-02-20T17:37:04.200+0100: 3,801: Total time for which application threads were stopped: 0,0003732 seconds, Stopping threads took: 0,0000220 seconds
2017-02-20T17:37:04.267+0100: 3,868: Total time for which application threads were stopped: 0,0004699 seconds, Stopping threads took: 0,0000326 seconds
2017-02-20T17:37:04.455+0100: 4,055: Total time for which application threads were stopped: 0,0070853 seconds, Stopping threads took: 0,0065149 seconds
2017-02-20T17:37:04.475+0100: 4,076: Total time for which application threads were stopped: 0,0008466 seconds, Stopping threads took: 0,0007195 seconds
2017-02-20T17:37:04.479+0100: 4,080: Total time for which application threads were stopped: 0,0003218 seconds, Stopping threads took: 0,0001866 seconds
2017-02-20T17:37:04.490+0100: 4,091: Total time for which application threads were stopped: 0,0066770 seconds, Stopping threads took: 0,0065993 seconds
2017-02-20T17:37:04.516+0100: 4,117: Total time for which application threads were stopped: 0,0039915 seconds, Stopping threads took: 0,0039179 seconds
2017-02-20T17:37:04.530+0100: 4,131: Total time for which application threads were stopped: 0,0002389 seconds, Stopping threads took: 0,0001022 seconds
2017-02-20T17:37:04.531+0100: 4,131: Total time for which application threads were stopped: 0,0000848 seconds, Stopping threads took: 0,0000097 seconds
2017-02-20T17:37:04.572+0100: 4,173: Total time for which application threads were stopped: 0,0001768 seconds, Stopping threads took: 0,0000460 seconds
2017-02-20T17:37:04.572+0100: 4,173: Total time for which application threads were stopped: 0,0001178 seconds, Stopping threads took: 0,0000357 seconds
2017-02-20T17:37:04.572+0100: 4,173: Total time for which application threads were stopped: 0,0000902 seconds, Stopping threads took: 0,0000168 seconds
2017-02-20T17:37:04.586+0100: 4,187: Total time for which application threads were stopped: 0,0028752 seconds, Stopping threads took: 0,0022982 seconds
2017-02-20T17:37:04.588+0100: 4,189: Total time for which application threads were stopped: 0,0001404 seconds, Stopping threads took: 0,0000347 seconds
2017-02-20T17:37:04.629+0100: 4,230: Total time for which application threads were stopped: 0,0058147 seconds, Stopping threads took: 0,0056650 seconds
2017-02-20T17:37:05.630+0100: 5,231: Total time for which application threads were stopped: 0,0000763 seconds, Stopping threads took: 0,0000181 seconds
2017-02-20T17:37:12.631+0100: 12,231: Total time for which application threads were stopped: 0,0000679 seconds, Stopping threads took: 0,0000182 seconds
2017-02-20T17:37:21.632+0100: 21,232: Total time for which application threads were stopped: 0,0000757 seconds, Stopping threads took: 0,0000236 seconds
2017-02-20T17:37:32.632+0100: 32,233: Total time for which application threads were stopped: 0,0000662 seconds, Stopping threads took: 0,0000175 seconds
2017-02-20T17:37:52.634+0100: 52,235: Total time for which application threads were stopped: 0,0000767 seconds, Stopping threads took: 0,0000326 seconds
2017-02-20T17:38:57.640+0100: 117,241: Total time for which application threads were stopped: 0,0000809 seconds, Stopping threads took: 0,0000348 seconds
2017-02-20T17:39:07.641+0100: 127,242: Total time for which application threads were stopped: 0,0000868 seconds, Stopping threads took: 0,0000297 seconds
2017-02-20T17:41:22.655+0100: 262,255: Total time for which application threads were stopped: 0,0001047 seconds, Stopping threads took: 0,0000336 seconds
2017-02-20T18:00:26.767+0100: 1406,368: Total time for which application threads were stopped: 0,0003569 seconds, Stopping threads took: 0,0001386 seconds
2017-02-20T18:06:11.798+0100: 1751,399: Total time for which application threads were stopped: 0,0000820 seconds, Stopping threads took: 0,0000309 seconds
2017-02-20T18:15:21.848+0100: 2301,449: Total time for which application threads were stopped: 0,0007242 seconds, Stopping threads took: 0,0002824 seconds
2017-02-20T18:15:22.849+0100: 2302,449: Total time for which application threads were stopped: 0,0003639 seconds, Stopping threads took: 0,0000919 seconds
2017-02-20T18:22:01.885+0100: 2701,486: Total time for which application threads were stopped: 0,0000892 seconds, Stopping threads took: 0,0000343 seconds
2017-02-20T18:24:01.896+0100: 2821,496: Total time for which application threads were stopped: 0,0002021 seconds, Stopping threads took: 0,0001336 seconds
2017-02-20T18:30:17.931+0100: 3197,532: Total time for which application threads were stopped: 0,0000886 seconds, Stopping threads took: 0,0000336 seconds
2017-02-20T18:42:36.994+0100: 3936,595: Total time for which application threads were stopped: 0,0000769 seconds, Stopping threads took: 0,0000287 seconds
2017-02-20T18:42:46.995+0100: 3946,596: Total time for which application threads were stopped: 0,0000681 seconds, Stopping threads took: 0,0000158 seconds
2017-02-20T19:02:33.106+0100: 5132,707: Total time for which application threads were stopped: 0,0003159 seconds, Stopping threads took: 0,0001545 seconds
2017-02-20T19:21:23.220+0100: 6262,821: Total time for which application threads were stopped: 0,0002092 seconds, Stopping threads took: 0,0000781 seconds
2017-02-20T19:23:53.234+0100: 6412,834: Total time for which application threads were stopped: 0,0000724 seconds, Stopping threads took: 0,0000281 seconds
{Heap before GC invocations=8 (full 1):
 par new generation   total 109248K, used 103428K [0x00000000e0000000, 0x00000000e8000000, 0x00000000e8000000)
  eden space 87424K, 100% used [0x00000000e0000000, 0x00000000e5560000, 0x00000000e5560000)
  from space 21824K,  73% used [0x00000000e5560000, 0x00000000e6501220, 0x00000000e6ab0000)
  to   space 21824K,   0% used [0x00000000e6ab0000, 0x00000000e6ab0000, 0x00000000e8000000)
 concurrent mark-sweep generation total 393216K, used 0K [0x00000000e8000000, 0x0000000100000000, 0x0000000100000000)
 Metaspace       used 28064K, capacity 28642K, committed 28796K, reserved 1075200K
  class space    used 3226K, capacity 3397K, committed 3452K, reserved 1048576K
2017-02-20T19:25:43.016+0100: 6522,617: [GC (Allocation Failure) 2017-02-20T19:25:43.016+0100: 6522,617: [ParNew
Desired survivor size 20112992 bytes, new threshold 8 (max 8)
- age   1:   12702744 bytes,   12702744 total
- age   2:     322152 bytes,   13024896 total
- age   3:    1819728 bytes,   14844624 total
- age   4:      82216 bytes,   14926840 total
- age   5:       2552 bytes,   14929392 total
- age   6:     137912 bytes,   15067304 total
- age   7:     249048 bytes,   15316352 total
- age   8:     842824 bytes,   16159176 total
: 103428K->17232K(109248K), 0,1181676 secs] 103428K->23838K(502464K), 0,1182875 secs] [Times: user=0,12 sys=0,00, real=0,12 secs] 
Heap after GC invocations=9 (full 1):
 par new generation   total 109248K, used 17232K [0x00000000e0000000, 0x00000000e8000000, 0x00000000e8000000)
  eden space 87424K,   0% used [0x00000000e0000000, 0x00000000e0000000, 0x00000000e5560000)
  from space 21824K,  78% used [0x00000000e6ab0000, 0x00000000e7b840c8, 0x00000000e8000000)
  to   space 21824K,   0% used [0x00000000e5560000, 0x00000000e5560000, 0x00000000e6ab0000)
 concurrent mark-sweep generation total 393216K, used 6606K [0x00000000e8000000, 0x0000000100000000, 0x0000000100000000)
 Metaspace       used 28064K, capacity 28642K, committed 28796K, reserved 1075200K
  class space    used 3226K, capacity 3397K, committed 3452K, reserved 1048576K
}
2017-02-20T19:25:43.134+0100: 6522,735: Total time for which application threads were stopped: 0,1196268 seconds, Stopping threads took: 0,0011466 seconds
2017-02-20T19:25:43.134+0100: 6522,735: Total time for which application threads were stopped: 0,0000786 seconds, Stopping threads took: 0,0000136 seconds
2017-02-20T19:25:43.150+0100: 6522,751: Total time for which application threads were stopped: 0,0027344 seconds, Stopping threads took: 0,0026366 seconds
2017-02-20T19:25:43.152+0100: 6522,753: Total time for which application threads were stopped: 0,0000999 seconds, Stopping threads took: 0,0000447 seconds
2017-02-20T19:25:43.163+0100: 6522,764: Total time for which application threads were stopped: 0,0002656 seconds, Stopping threads took: 0,0001889 seconds
2017-02-20T19:25:43.164+0100: 6522,765: Total time for which application threads were stopped: 0,0001382 seconds, Stopping threads took: 0,0000388 seconds
2017-02-20T19:25:43.166+0100: 6522,767: Total time for which application threads were stopped: 0,0001423 seconds, Stopping threads took: 0,0000690 seconds
2017-02-20T19:25:43.167+0100: 6522,768: Total time for which application threads were stopped: 0,0001328 seconds, Stopping threads took: 0,0000637 seconds
Heap
 par new generation   total 109248K, used 22228K [0x00000000e0000000, 0x00000000e8000000, 0x00000000e8000000)
  eden space 87424K,   5% used [0x00000000e0000000, 0x00000000e04e1068, 0x00000000e5560000)
  from space 21824K,  78% used [0x00000000e6ab0000, 0x00000000e7b840c8, 0x00000000e8000000)
  to   space 21824K,   0% used [0x00000000e5560000, 0x00000000e5560000, 0x00000000e6ab0000)
 concurrent mark-sweep generation total 393216K, used 6606K [0x00000000e8000000, 0x0000000100000000, 0x0000000100000000)
 Metaspace       used 28135K, capacity 28674K, committed 28796K, reserved 1075200K
  class space    used 3234K, capacity 3429K, committed 3452K, reserved 1048576K
