OpenJDK 64-Bit Server VM (25.111-b14) for linux-amd64 JRE (1.8.0_111-8u111-b14-2ubuntu0.16.04.2-b14), built on Oct 27 2016 18:10:19 by "buildd" with gcc 5.4.0 20160609
Memory: 4k page, physical 7867848k(7497464k free), swap 8076284k(8076284k free)
CommandLine flags: -XX:CMSInitiatingOccupancyFraction=50 -XX:CMSMaxAbortablePrecleanTime=6000 -XX:+CMSParallelRemarkEnabled -XX:+CMSScavengeBeforeRemark -XX:ConcGCThreads=4 -XX:InitialHeapSize=536870912 -XX:MaxHeapSize=536870912 -XX:MaxTenuringThreshold=8 -XX:NewRatio=3 -XX:OldPLABSize=16 -XX:OnOutOfMemoryError=/opt/solr/bin/oom_solr.sh 8983 /var/solr/logs -XX:ParallelGCThreads=4 -XX:+ParallelRefProcEnabled -XX:PretenureSizeThreshold=67108864 -XX:+PrintGC -XX:+PrintGCApplicationStoppedTime -XX:+PrintGCDateStamps -XX:+PrintGCDetails -XX:+PrintGCTimeStamps -XX:+PrintHeapAtGC -XX:+PrintTenuringDistribution -XX:SurvivorRatio=4 -XX:TargetSurvivorRatio=90 -XX:ThreadStackSize=256 -XX:+UseCMSInitiatingOccupancyOnly -XX:+UseCompressedClassPointers -XX:+UseCompressedOops -XX:+UseConcMarkSweepGC -XX:+UseParNewGC 
2016-11-27T13:04:32.035+0100: 0,121: Total time for which application threads were stopped: 0,0000683 seconds, Stopping threads took: 0,0000089 seconds
2016-11-27T13:04:32.104+0100: 0,191: Total time for which application threads were stopped: 0,0008841 seconds, Stopping threads took: 0,0000230 seconds
2016-11-27T13:04:32.118+0100: 0,204: Total time for which application threads were stopped: 0,0000732 seconds, Stopping threads took: 0,0000130 seconds
2016-11-27T13:04:32.249+0100: 0,336: Total time for which application threads were stopped: 0,0002027 seconds, Stopping threads took: 0,0000982 seconds
2016-11-27T13:04:32.404+0100: 0,490: Total time for which application threads were stopped: 0,0001124 seconds, Stopping threads took: 0,0000166 seconds
2016-11-27T13:04:32.448+0100: 0,534: Total time for which application threads were stopped: 0,0001360 seconds, Stopping threads took: 0,0000144 seconds
2016-11-27T13:04:32.459+0100: 0,546: Total time for which application threads were stopped: 0,0001743 seconds, Stopping threads took: 0,0000279 seconds
2016-11-27T13:04:32.667+0100: 0,754: Total time for which application threads were stopped: 0,0002176 seconds, Stopping threads took: 0,0000173 seconds
2016-11-27T13:04:32.852+0100: 0,938: Total time for which application threads were stopped: 0,0002025 seconds, Stopping threads took: 0,0000199 seconds
2016-11-27T13:04:32.871+0100: 0,957: Total time for which application threads were stopped: 0,0002139 seconds, Stopping threads took: 0,0000290 seconds
2016-11-27T13:04:32.872+0100: 0,958: Total time for which application threads were stopped: 0,0001894 seconds, Stopping threads took: 0,0000284 seconds
2016-11-27T13:04:32.883+0100: 0,970: Total time for which application threads were stopped: 0,0001780 seconds, Stopping threads took: 0,0000208 seconds
2016-11-27T13:04:32.978+0100: 1,065: Total time for which application threads were stopped: 0,0002669 seconds, Stopping threads took: 0,0000307 seconds
2016-11-27T13:04:33.192+0100: 1,279: Total time for which application threads were stopped: 0,0002245 seconds, Stopping threads took: 0,0000266 seconds
{Heap before GC invocations=0 (full 0):
 par new generation   total 109248K, used 87424K [0x00000000e0000000, 0x00000000e8000000, 0x00000000e8000000)
  eden space 87424K, 100% used [0x00000000e0000000, 0x00000000e5560000, 0x00000000e5560000)
  from space 21824K,   0% used [0x00000000e5560000, 0x00000000e5560000, 0x00000000e6ab0000)
  to   space 21824K,   0% used [0x00000000e6ab0000, 0x00000000e6ab0000, 0x00000000e8000000)
 concurrent mark-sweep generation total 393216K, used 0K [0x00000000e8000000, 0x0000000100000000, 0x0000000100000000)
 Metaspace       used 17797K, capacity 18078K, committed 18304K, reserved 1064960K
  class space    used 2029K, capacity 2130K, committed 2176K, reserved 1048576K
2016-11-27T13:04:33.321+0100: 1,407: [GC (Allocation Failure) 2016-11-27T13:04:33.321+0100: 1,407: [ParNew
Desired survivor size 20112992 bytes, new threshold 8 (max 8)
- age   1:   11663632 bytes,   11663632 total
: 87424K->11503K(109248K), 0,0181768 secs] 87424K->11503K(502464K), 0,0182576 secs] [Times: user=0,04 sys=0,02, real=0,02 secs] 
Heap after GC invocations=1 (full 0):
 par new generation   total 109248K, used 11503K [0x00000000e0000000, 0x00000000e8000000, 0x00000000e8000000)
  eden space 87424K,   0% used [0x00000000e0000000, 0x00000000e0000000, 0x00000000e5560000)
  from space 21824K,  52% used [0x00000000e6ab0000, 0x00000000e75ebd70, 0x00000000e8000000)
  to   space 21824K,   0% used [0x00000000e5560000, 0x00000000e5560000, 0x00000000e6ab0000)
 concurrent mark-sweep generation total 393216K, used 0K [0x00000000e8000000, 0x0000000100000000, 0x0000000100000000)
 Metaspace       used 17797K, capacity 18078K, committed 18304K, reserved 1064960K
  class space    used 2029K, capacity 2130K, committed 2176K, reserved 1048576K
}
2016-11-27T13:04:33.339+0100: 1,425: Total time for which application threads were stopped: 0,0184494 seconds, Stopping threads took: 0,0000226 seconds
2016-11-27T13:04:33.931+0100: 2,018: Total time for which application threads were stopped: 0,0002760 seconds, Stopping threads took: 0,0000310 seconds
2016-11-27T13:04:33.967+0100: 2,053: Total time for which application threads were stopped: 0,0002802 seconds, Stopping threads took: 0,0000243 seconds
2016-11-27T13:04:33.994+0100: 2,081: Total time for which application threads were stopped: 0,0003527 seconds, Stopping threads took: 0,0000416 seconds
{Heap before GC invocations=1 (full 0):
 par new generation   total 109248K, used 98927K [0x00000000e0000000, 0x00000000e8000000, 0x00000000e8000000)
  eden space 87424K, 100% used [0x00000000e0000000, 0x00000000e5560000, 0x00000000e5560000)
  from space 21824K,  52% used [0x00000000e6ab0000, 0x00000000e75ebd70, 0x00000000e8000000)
  to   space 21824K,   0% used [0x00000000e5560000, 0x00000000e5560000, 0x00000000e6ab0000)
 concurrent mark-sweep generation total 393216K, used 0K [0x00000000e8000000, 0x0000000100000000, 0x0000000100000000)
 Metaspace       used 20672K, capacity 21010K, committed 21248K, reserved 1069056K
  class space    used 2401K, capacity 2516K, committed 2560K, reserved 1048576K
2016-11-27T13:04:34.180+0100: 2,267: [GC (Allocation Failure) 2016-11-27T13:04:34.180+0100: 2,267: [ParNew
Desired survivor size 20112992 bytes, new threshold 8 (max 8)
- age   1:    3550072 bytes,    3550072 total
- age   2:    5954496 bytes,    9504568 total
: 98927K->12625K(109248K), 0,0279138 secs] 98927K->12625K(502464K), 0,0279796 secs] [Times: user=0,06 sys=0,00, real=0,03 secs] 
Heap after GC invocations=2 (full 0):
 par new generation   total 109248K, used 12625K [0x00000000e0000000, 0x00000000e8000000, 0x00000000e8000000)
  eden space 87424K,   0% used [0x00000000e0000000, 0x00000000e0000000, 0x00000000e5560000)
  from space 21824K,  57% used [0x00000000e5560000, 0x00000000e61b4740, 0x00000000e6ab0000)
  to   space 21824K,   0% used [0x00000000e6ab0000, 0x00000000e6ab0000, 0x00000000e8000000)
 concurrent mark-sweep generation total 393216K, used 0K [0x00000000e8000000, 0x0000000100000000, 0x0000000100000000)
 Metaspace       used 20672K, capacity 21010K, committed 21248K, reserved 1069056K
  class space    used 2401K, capacity 2516K, committed 2560K, reserved 1048576K
}
2016-11-27T13:04:34.208+0100: 2,295: Total time for which application threads were stopped: 0,0281886 seconds, Stopping threads took: 0,0000222 seconds
2016-11-27T13:04:34.327+0100: 2,414: Total time for which application threads were stopped: 0,0001085 seconds, Stopping threads took: 0,0000376 seconds
2016-11-27T13:04:34.377+0100: 2,463: Total time for which application threads were stopped: 0,0002566 seconds, Stopping threads took: 0,0000157 seconds
2016-11-27T13:04:34.383+0100: 2,469: Total time for which application threads were stopped: 0,0000842 seconds, Stopping threads took: 0,0000191 seconds
2016-11-27T13:04:34.415+0100: 2,501: Total time for which application threads were stopped: 0,0001107 seconds, Stopping threads took: 0,0000302 seconds
2016-11-27T13:04:34.529+0100: 2,615: Total time for which application threads were stopped: 0,0001672 seconds, Stopping threads took: 0,0000415 seconds
2016-11-27T13:04:34.567+0100: 2,653: Total time for which application threads were stopped: 0,0001084 seconds, Stopping threads took: 0,0000270 seconds
2016-11-27T13:04:34.585+0100: 2,671: Total time for which application threads were stopped: 0,0003641 seconds, Stopping threads took: 0,0000357 seconds
2016-11-27T13:04:34.602+0100: 2,689: Total time for which application threads were stopped: 0,0004081 seconds, Stopping threads took: 0,0000375 seconds
2016-11-27T13:04:34.608+0100: 2,694: Total time for which application threads were stopped: 0,0001135 seconds, Stopping threads took: 0,0000362 seconds
2016-11-27T13:04:34.679+0100: 2,765: Total time for which application threads were stopped: 0,0000791 seconds, Stopping threads took: 0,0000190 seconds
2016-11-27T13:04:34.696+0100: 2,782: Total time for which application threads were stopped: 0,0000768 seconds, Stopping threads took: 0,0000146 seconds
2016-11-27T13:04:34.723+0100: 2,809: Total time for which application threads were stopped: 0,0000828 seconds, Stopping threads took: 0,0000161 seconds
2016-11-27T13:04:34.754+0100: 2,841: Total time for which application threads were stopped: 0,0001372 seconds, Stopping threads took: 0,0000443 seconds
2016-11-27T13:04:34.793+0100: 2,879: Total time for which application threads were stopped: 0,0002800 seconds, Stopping threads took: 0,0000517 seconds
2016-11-27T13:04:34.869+0100: 2,955: Total time for which application threads were stopped: 0,0001201 seconds, Stopping threads took: 0,0000483 seconds
{Heap before GC invocations=2 (full 0):
 par new generation   total 109248K, used 100049K [0x00000000e0000000, 0x00000000e8000000, 0x00000000e8000000)
  eden space 87424K, 100% used [0x00000000e0000000, 0x00000000e5560000, 0x00000000e5560000)
  from space 21824K,  57% used [0x00000000e5560000, 0x00000000e61b4740, 0x00000000e6ab0000)
  to   space 21824K,   0% used [0x00000000e6ab0000, 0x00000000e6ab0000, 0x00000000e8000000)
 concurrent mark-sweep generation total 393216K, used 0K [0x00000000e8000000, 0x0000000100000000, 0x0000000100000000)
 Metaspace       used 24594K, capacity 24967K, committed 25204K, reserved 1071104K
  class space    used 2877K, capacity 3024K, committed 3092K, reserved 1048576K
2016-11-27T13:04:34.886+0100: 2,973: [GC (Allocation Failure) 2016-11-27T13:04:34.886+0100: 2,973: [ParNew
Desired survivor size 20112992 bytes, new threshold 8 (max 8)
- age   1:    4622824 bytes,    4622824 total
- age   2:     680704 bytes,    5303528 total
- age   3:    5946112 bytes,   11249640 total
: 100049K->14531K(109248K), 0,0103419 secs] 100049K->14531K(502464K), 0,0104210 secs] [Times: user=0,04 sys=0,00, real=0,00 secs] 
Heap after GC invocations=3 (full 0):
 par new generation   total 109248K, used 14531K [0x00000000e0000000, 0x00000000e8000000, 0x00000000e8000000)
  eden space 87424K,   0% used [0x00000000e0000000, 0x00000000e0000000, 0x00000000e5560000)
  from space 21824K,  66% used [0x00000000e6ab0000, 0x00000000e78e0e68, 0x00000000e8000000)
  to   space 21824K,   0% used [0x00000000e5560000, 0x00000000e5560000, 0x00000000e6ab0000)
 concurrent mark-sweep generation total 393216K, used 0K [0x00000000e8000000, 0x0000000100000000, 0x0000000100000000)
 Metaspace       used 24594K, capacity 24967K, committed 25204K, reserved 1071104K
  class space    used 2877K, capacity 3024K, committed 3092K, reserved 1048576K
}
2016-11-27T13:04:34.897+0100: 2,983: Total time for which application threads were stopped: 0,0106267 seconds, Stopping threads took: 0,0000694 seconds
2016-11-27T13:04:34.897+0100: 2,983: [GC (CMS Initial Mark) [1 CMS-initial-mark: 0K(393216K)] 15903K(502464K), 0,0024354 secs] [Times: user=0,01 sys=0,00, real=0,01 secs] 
2016-11-27T13:04:34.899+0100: 2,986: Total time for which application threads were stopped: 0,0025499 seconds, Stopping threads took: 0,0000381 seconds
2016-11-27T13:04:34.899+0100: 2,986: [CMS-concurrent-mark-start]
2016-11-27T13:04:34.901+0100: 2,988: [CMS-concurrent-mark: 0,002/0,002 secs] [Times: user=0,00 sys=0,00, real=0,00 secs] 
2016-11-27T13:04:34.901+0100: 2,988: [CMS-concurrent-preclean-start]
2016-11-27T13:04:34.903+0100: 2,989: [CMS-concurrent-preclean: 0,001/0,001 secs] [Times: user=0,01 sys=0,00, real=0,00 secs] 
2016-11-27T13:04:34.903+0100: 2,989: [GC (CMS Final Remark) [YG occupancy: 16340 K (109248 K)]2016-11-27T13:04:34.903+0100: 2,989: [Rescan (parallel) , 0,0039630 secs]2016-11-27T13:04:34.907+0100: 2,993: [weak refs processing, 0,0017941 secs]2016-11-27T13:04:34.909+0100: 2,995: [class unloading, 0,0038460 secs]2016-11-27T13:04:34.913+0100: 2,999: [scrub symbol table, 0,0034148 secs]2016-11-27T13:04:34.916+0100: 3,002: [scrub string table, 0,0003576 secs][1 CMS-remark: 0K(393216K)] 16340K(502464K), 0,0140475 secs] [Times: user=0,03 sys=0,00, real=0,01 secs] 
2016-11-27T13:04:34.917+0100: 3,003: Total time for which application threads were stopped: 0,0141387 seconds, Stopping threads took: 0,0000218 seconds
2016-11-27T13:04:34.917+0100: 3,003: [CMS-concurrent-sweep-start]
2016-11-27T13:04:34.917+0100: 3,003: [CMS-concurrent-sweep: 0,000/0,000 secs] [Times: user=0,00 sys=0,00, real=0,00 secs] 
{Heap before GC invocations=3 (full 1):
 par new generation   total 109248K, used 16340K [0x00000000e0000000, 0x00000000e8000000, 0x00000000e8000000)
  eden space 87424K,   2% used [0x00000000e0000000, 0x00000000e01c4558, 0x00000000e5560000)
  from space 21824K,  66% used [0x00000000e6ab0000, 0x00000000e78e0e68, 0x00000000e8000000)
  to   space 21824K,   0% used [0x00000000e5560000, 0x00000000e5560000, 0x00000000e6ab0000)
 concurrent mark-sweep generation total 393216K, used 0K [0x00000000e8000000, 0x0000000100000000, 0x0000000100000000)
 Metaspace       used 24629K, capacity 25031K, committed 25204K, reserved 1071104K
  class space    used 2879K, capacity 3024K, committed 3092K, reserved 1048576K
2016-11-27T13:04:34.917+0100: 3,004: [GC (GCLocker Initiated GC) 2016-11-27T13:04:34.917+0100: 3,004: [ParNew
Desired survivor size 20112992 bytes, new threshold 8 (max 8)
- age   1:      62512 bytes,      62512 total
- age   2:    1235752 bytes,    1298264 total
- age   3:     670960 bytes,    1969224 total
- age   4:    5946112 bytes,    7915336 total
: 16340K->10881K(109248K), 0,0094798 secs] 16340K->10881K(502464K), 0,0095143 secs] [Times: user=0,03 sys=0,01, real=0,02 secs] 
Heap after GC invocations=4 (full 1):
 par new generation   total 109248K, used 10881K [0x00000000e0000000, 0x00000000e8000000, 0x00000000e8000000)
  eden space 87424K,   0% used [0x00000000e0000000, 0x00000000e0000000, 0x00000000e5560000)
  from space 21824K,  49% used [0x00000000e5560000, 0x00000000e6000640, 0x00000000e6ab0000)
  to   space 21824K,   0% used [0x00000000e6ab0000, 0x00000000e6ab0000, 0x00000000e8000000)
 concurrent mark-sweep generation total 393216K, used 0K [0x00000000e8000000, 0x0000000100000000, 0x0000000100000000)
 Metaspace       used 24629K, capacity 25031K, committed 25204K, reserved 1071104K
  class space    used 2879K, capacity 3024K, committed 3092K, reserved 1048576K
}
2016-11-27T13:04:34.927+0100: 3,013: Total time for which application threads were stopped: 0,0096445 seconds, Stopping threads took: 0,0000294 seconds
2016-11-27T13:04:34.927+0100: 3,013: [CMS-concurrent-reset-start]
2016-11-27T13:04:34.929+0100: 3,015: [CMS-concurrent-reset: 0,002/0,002 secs] [Times: user=0,01 sys=0,00, real=0,00 secs] 
2016-11-27T13:04:35.026+0100: 3,112: Total time for which application threads were stopped: 0,0004363 seconds, Stopping threads took: 0,0000257 seconds
2016-11-27T13:04:35.963+0100: 4,050: Total time for which application threads were stopped: 0,0002625 seconds, Stopping threads took: 0,0000159 seconds
2016-11-27T13:05:02.384+0100: 31,052: Total time for which application threads were stopped: 0,0000533 seconds, Stopping threads took: 0,0000154 seconds
2016-11-27T13:07:13.400+0100: 162,068: Total time for which application threads were stopped: 0,0000828 seconds, Stopping threads took: 0,0000360 seconds
2016-11-27T13:07:18.401+0100: 167,069: Total time for which application threads were stopped: 0,0001391 seconds, Stopping threads took: 0,0000379 seconds
2016-11-27T13:07:37.404+0100: 186,072: Total time for which application threads were stopped: 0,0000837 seconds, Stopping threads took: 0,0000351 seconds
2016-11-27T13:08:28.410+0100: 237,078: Total time for which application threads were stopped: 0,0003011 seconds, Stopping threads took: 0,0001219 seconds
2016-11-27T13:09:07.415+0100: 276,083: Total time for which application threads were stopped: 0,0001583 seconds, Stopping threads took: 0,0000623 seconds
2016-11-27T13:09:13.416+0100: 282,084: Total time for which application threads were stopped: 0,0000670 seconds, Stopping threads took: 0,0000185 seconds
2016-11-27T13:09:18.417+0100: 287,085: Total time for which application threads were stopped: 0,0002033 seconds, Stopping threads took: 0,0001065 seconds
2016-11-27T13:09:28.418+0100: 297,086: Total time for which application threads were stopped: 0,0001098 seconds, Stopping threads took: 0,0000293 seconds
2016-11-27T13:09:53.421+0100: 322,089: Total time for which application threads were stopped: 0,0000775 seconds, Stopping threads took: 0,0000316 seconds
2016-11-27T13:15:02.461+0100: 631,129: Total time for which application threads were stopped: 0,0000735 seconds, Stopping threads took: 0,0000306 seconds
2016-11-27T13:15:07.462+0100: 636,130: Total time for which application threads were stopped: 0,0000675 seconds, Stopping threads took: 0,0000173 seconds
2016-11-27T13:15:17.463+0100: 646,131: Total time for which application threads were stopped: 0,0000698 seconds, Stopping threads took: 0,0000141 seconds
2016-11-27T13:20:37.500+0100: 966,168: Total time for which application threads were stopped: 0,0004171 seconds, Stopping threads took: 0,0001659 seconds
2016-11-27T13:28:17.550+0100: 1426,218: Total time for which application threads were stopped: 0,0000739 seconds, Stopping threads took: 0,0000304 seconds
2016-11-27T13:32:57.580+0100: 1706,248: Total time for which application threads were stopped: 0,0003803 seconds, Stopping threads took: 0,0002444 seconds
2016-11-27T13:43:12.649+0100: 2321,317: Total time for which application threads were stopped: 0,0000711 seconds, Stopping threads took: 0,0000286 seconds
2016-11-27T13:43:17.650+0100: 2326,318: Total time for which application threads were stopped: 0,0001209 seconds, Stopping threads took: 0,0000483 seconds
2016-11-27T13:45:42.664+0100: 2471,332: Total time for which application threads were stopped: 0,0000962 seconds, Stopping threads took: 0,0000382 seconds
2016-11-27T13:57:47.737+0100: 3196,406: Total time for which application threads were stopped: 0,0003831 seconds, Stopping threads took: 0,0001552 seconds
2016-11-27T14:09:27.809+0100: 3896,477: Total time for which application threads were stopped: 0,0002007 seconds, Stopping threads took: 0,0000624 seconds
2016-11-27T14:09:37.810+0100: 3906,478: Total time for which application threads were stopped: 0,0000798 seconds, Stopping threads took: 0,0000320 seconds
2016-11-27T14:11:32.821+0100: 4021,490: Total time for which application threads were stopped: 0,0000764 seconds, Stopping threads took: 0,0000338 seconds
2016-11-27T14:52:38.051+0100: 6486,719: Total time for which application threads were stopped: 0,0000809 seconds, Stopping threads took: 0,0000284 seconds
2016-11-27T14:53:18.054+0100: 6526,723: Total time for which application threads were stopped: 0,0000903 seconds, Stopping threads took: 0,0000361 seconds
2016-11-27T14:57:28.077+0100: 6776,745: Total time for which application threads were stopped: 0,0000720 seconds, Stopping threads took: 0,0000306 seconds
2016-11-27T15:07:33.132+0100: 7381,801: Total time for which application threads were stopped: 0,0000795 seconds, Stopping threads took: 0,0000315 seconds
2016-11-27T15:09:32.142+0100: 7500,811: Total time for which application threads were stopped: 0,0000567 seconds, Stopping threads took: 0,0000182 seconds
2016-11-27T15:10:02.145+0100: 7530,813: Total time for which application threads were stopped: 0,0000846 seconds, Stopping threads took: 0,0000432 seconds
2016-11-27T15:10:32.148+0100: 7560,816: Total time for which application threads were stopped: 0,0000991 seconds, Stopping threads took: 0,0000346 seconds
2016-11-27T15:12:32.159+0100: 7680,827: Total time for which application threads were stopped: 0,0001039 seconds, Stopping threads took: 0,0000452 seconds
2016-11-27T15:27:09.581+0100: 8558,250: Total time for which application threads were stopped: 0,0001426 seconds, Stopping threads took: 0,0000248 seconds
Heap
 par new generation   total 109248K, used 54823K [0x00000000e0000000, 0x00000000e8000000, 0x00000000e8000000)
  eden space 87424K,  50% used [0x00000000e0000000, 0x00000000e2ae98b0, 0x00000000e5560000)
  from space 21824K,  49% used [0x00000000e5560000, 0x00000000e6000640, 0x00000000e6ab0000)
  to   space 21824K,   0% used [0x00000000e6ab0000, 0x00000000e6ab0000, 0x00000000e8000000)
 concurrent mark-sweep generation total 393216K, used 0K [0x00000000e8000000, 0x0000000100000000, 0x0000000100000000)
 Metaspace       used 27189K, capacity 27597K, committed 27924K, reserved 1073152K
  class space    used 3160K, capacity 3319K, committed 3348K, reserved 1048576K
