OpenJDK 64-Bit Server VM (25.131-b11) for linux-amd64 JRE (1.8.0_131-8u131-b11-0ubuntu1.16.04.2-b11), built on May  6 2017 02:45:27 by "buildd" with gcc 5.4.0 20160609
Memory: 4k page, physical 7867740k(7403300k free), swap 8076284k(8076284k free)
CommandLine flags: -XX:CMSInitiatingOccupancyFraction=50 -XX:CMSMaxAbortablePrecleanTime=6000 -XX:+CMSParallelRemarkEnabled -XX:+CMSScavengeBeforeRemark -XX:ConcGCThreads=4 -XX:InitialHeapSize=536870912 -XX:MaxHeapSize=536870912 -XX:MaxTenuringThreshold=8 -XX:NewRatio=3 -XX:OldPLABSize=16 -XX:OnOutOfMemoryError=/opt/solr/bin/oom_solr.sh 8983 /var/solr/logs -XX:ParallelGCThreads=4 -XX:+ParallelRefProcEnabled -XX:PretenureSizeThreshold=67108864 -XX:+PrintGC -XX:+PrintGCApplicationStoppedTime -XX:+PrintGCDateStamps -XX:+PrintGCDetails -XX:+PrintGCTimeStamps -XX:+PrintHeapAtGC -XX:+PrintTenuringDistribution -XX:SurvivorRatio=4 -XX:TargetSurvivorRatio=90 -XX:ThreadStackSize=256 -XX:+UseCMSInitiatingOccupancyOnly -XX:+UseCompressedClassPointers -XX:+UseCompressedOops -XX:+UseConcMarkSweepGC -XX:+UseParNewGC 
2017-06-03T07:47:01.909+0200: 0,141: Total time for which application threads were stopped: 0,0000717 seconds, Stopping threads took: 0,0000092 seconds
2017-06-03T07:47:01.999+0200: 0,231: Total time for which application threads were stopped: 0,0001343 seconds, Stopping threads took: 0,0000273 seconds
2017-06-03T07:47:02.021+0200: 0,253: Total time for which application threads were stopped: 0,0000963 seconds, Stopping threads took: 0,0000225 seconds
2017-06-03T07:47:02.213+0200: 0,445: Total time for which application threads were stopped: 0,0001380 seconds, Stopping threads took: 0,0000313 seconds
2017-06-03T07:47:02.599+0200: 0,831: Total time for which application threads were stopped: 0,0001382 seconds, Stopping threads took: 0,0000217 seconds
2017-06-03T07:47:02.690+0200: 0,922: Total time for which application threads were stopped: 0,0001465 seconds, Stopping threads took: 0,0000132 seconds
2017-06-03T07:47:02.717+0200: 0,949: Total time for which application threads were stopped: 0,0005303 seconds, Stopping threads took: 0,0000430 seconds
2017-06-03T07:47:03.059+0200: 1,291: Total time for which application threads were stopped: 0,0001762 seconds, Stopping threads took: 0,0000125 seconds
2017-06-03T07:47:03.295+0200: 1,527: Total time for which application threads were stopped: 0,0002266 seconds, Stopping threads took: 0,0000379 seconds
2017-06-03T07:47:03.322+0200: 1,554: Total time for which application threads were stopped: 0,0001847 seconds, Stopping threads took: 0,0000272 seconds
2017-06-03T07:47:03.357+0200: 1,588: Total time for which application threads were stopped: 0,0001919 seconds, Stopping threads took: 0,0000195 seconds
2017-06-03T07:47:03.357+0200: 1,589: Total time for which application threads were stopped: 0,0001694 seconds, Stopping threads took: 0,0000144 seconds
2017-06-03T07:47:03.374+0200: 1,606: Total time for which application threads were stopped: 0,0001674 seconds, Stopping threads took: 0,0000170 seconds
2017-06-03T07:47:03.473+0200: 1,705: Total time for which application threads were stopped: 0,0002029 seconds, Stopping threads took: 0,0000185 seconds
2017-06-03T07:47:03.655+0200: 1,887: Total time for which application threads were stopped: 0,0003172 seconds, Stopping threads took: 0,0001173 seconds
{Heap before GC invocations=0 (full 0):
 par new generation   total 109248K, used 87424K [0x00000000e0000000, 0x00000000e8000000, 0x00000000e8000000)
  eden space 87424K, 100% used [0x00000000e0000000, 0x00000000e5560000, 0x00000000e5560000)
  from space 21824K,   0% used [0x00000000e5560000, 0x00000000e5560000, 0x00000000e6ab0000)
  to   space 21824K,   0% used [0x00000000e6ab0000, 0x00000000e6ab0000, 0x00000000e8000000)
 concurrent mark-sweep generation total 393216K, used 0K [0x00000000e8000000, 0x0000000100000000, 0x0000000100000000)
 Metaspace       used 18033K, capacity 18336K, committed 18688K, reserved 1064960K
  class space    used 2039K, capacity 2196K, committed 2304K, reserved 1048576K
2017-06-03T07:47:03.745+0200: 1,977: [GC (Allocation Failure) 2017-06-03T07:47:03.745+0200: 1,977: [ParNew
Desired survivor size 20112992 bytes, new threshold 8 (max 8)
- age   1:   12611936 bytes,   12611936 total
: 87424K->12440K(109248K), 0,0162488 secs] 87424K->12440K(502464K), 0,0163200 secs] [Times: user=0,03 sys=0,03, real=0,02 secs] 
Heap after GC invocations=1 (full 0):
 par new generation   total 109248K, used 12440K [0x00000000e0000000, 0x00000000e8000000, 0x00000000e8000000)
  eden space 87424K,   0% used [0x00000000e0000000, 0x00000000e0000000, 0x00000000e5560000)
  from space 21824K,  57% used [0x00000000e6ab0000, 0x00000000e76d6070, 0x00000000e8000000)
  to   space 21824K,   0% used [0x00000000e5560000, 0x00000000e5560000, 0x00000000e6ab0000)
 concurrent mark-sweep generation total 393216K, used 0K [0x00000000e8000000, 0x0000000100000000, 0x0000000100000000)
 Metaspace       used 18033K, capacity 18336K, committed 18688K, reserved 1064960K
  class space    used 2039K, capacity 2196K, committed 2304K, reserved 1048576K
}
2017-06-03T07:47:03.761+0200: 1,993: Total time for which application threads were stopped: 0,0173021 seconds, Stopping threads took: 0,0008001 seconds
2017-06-03T07:47:04.065+0200: 2,297: Total time for which application threads were stopped: 0,0003479 seconds, Stopping threads took: 0,0000453 seconds
2017-06-03T07:47:04.111+0200: 2,343: Total time for which application threads were stopped: 0,0020440 seconds, Stopping threads took: 0,0017740 seconds
{Heap before GC invocations=1 (full 0):
 par new generation   total 109248K, used 99864K [0x00000000e0000000, 0x00000000e8000000, 0x00000000e8000000)
  eden space 87424K, 100% used [0x00000000e0000000, 0x00000000e5560000, 0x00000000e5560000)
  from space 21824K,  57% used [0x00000000e6ab0000, 0x00000000e76d6070, 0x00000000e8000000)
  to   space 21824K,   0% used [0x00000000e5560000, 0x00000000e5560000, 0x00000000e6ab0000)
 concurrent mark-sweep generation total 393216K, used 0K [0x00000000e8000000, 0x0000000100000000, 0x0000000100000000)
 Metaspace       used 20040K, capacity 20380K, committed 20736K, reserved 1067008K
  class space    used 2300K, capacity 2476K, committed 2560K, reserved 1048576K
2017-06-03T07:47:04.113+0200: 2,345: [GC (Allocation Failure) 2017-06-03T07:47:04.113+0200: 2,345: [ParNew
Desired survivor size 20112992 bytes, new threshold 8 (max 8)
- age   1:    3719280 bytes,    3719280 total
- age   2:    6666496 bytes,   10385776 total
: 99864K->13797K(109248K), 0,0149433 secs] 99864K->13797K(502464K), 0,0150115 secs] [Times: user=0,05 sys=0,00, real=0,01 secs] 
Heap after GC invocations=2 (full 0):
 par new generation   total 109248K, used 13797K [0x00000000e0000000, 0x00000000e8000000, 0x00000000e8000000)
  eden space 87424K,   0% used [0x00000000e0000000, 0x00000000e0000000, 0x00000000e5560000)
  from space 21824K,  63% used [0x00000000e5560000, 0x00000000e62d9518, 0x00000000e6ab0000)
  to   space 21824K,   0% used [0x00000000e6ab0000, 0x00000000e6ab0000, 0x00000000e8000000)
 concurrent mark-sweep generation total 393216K, used 0K [0x00000000e8000000, 0x0000000100000000, 0x0000000100000000)
 Metaspace       used 20040K, capacity 20380K, committed 20736K, reserved 1067008K
  class space    used 2300K, capacity 2476K, committed 2560K, reserved 1048576K
}
2017-06-03T07:47:04.128+0200: 2,360: Total time for which application threads were stopped: 0,0153373 seconds, Stopping threads took: 0,0001910 seconds
2017-06-03T07:47:04.161+0200: 2,393: Total time for which application threads were stopped: 0,0004021 seconds, Stopping threads took: 0,0000499 seconds
2017-06-03T07:47:04.294+0200: 2,526: Total time for which application threads were stopped: 0,0002845 seconds, Stopping threads took: 0,0001602 seconds
{Heap before GC invocations=2 (full 0):
 par new generation   total 109248K, used 101221K [0x00000000e0000000, 0x00000000e8000000, 0x00000000e8000000)
  eden space 87424K, 100% used [0x00000000e0000000, 0x00000000e5560000, 0x00000000e5560000)
  from space 21824K,  63% used [0x00000000e5560000, 0x00000000e62d9518, 0x00000000e6ab0000)
  to   space 21824K,   0% used [0x00000000e6ab0000, 0x00000000e6ab0000, 0x00000000e8000000)
 concurrent mark-sweep generation total 393216K, used 0K [0x00000000e8000000, 0x0000000100000000, 0x0000000100000000)
 Metaspace       used 20969K, capacity 21308K, committed 21552K, reserved 1069056K
  class space    used 2421K, capacity 2596K, committed 2608K, reserved 1048576K
2017-06-03T07:47:04.332+0200: 2,564: [GC (Allocation Failure) 2017-06-03T07:47:04.332+0200: 2,564: [ParNew
Desired survivor size 20112992 bytes, new threshold 8 (max 8)
- age   1:    2252168 bytes,    2252168 total
- age   2:     835384 bytes,    3087552 total
- age   3:    6660080 bytes,    9747632 total
: 101221K->12992K(109248K), 0,0130277 secs] 101221K->12992K(502464K), 0,0131074 secs] [Times: user=0,04 sys=0,00, real=0,01 secs] 
Heap after GC invocations=3 (full 0):
 par new generation   total 109248K, used 12992K [0x00000000e0000000, 0x00000000e8000000, 0x00000000e8000000)
  eden space 87424K,   0% used [0x00000000e0000000, 0x00000000e0000000, 0x00000000e5560000)
  from space 21824K,  59% used [0x00000000e6ab0000, 0x00000000e77601a8, 0x00000000e8000000)
  to   space 21824K,   0% used [0x00000000e5560000, 0x00000000e5560000, 0x00000000e6ab0000)
 concurrent mark-sweep generation total 393216K, used 0K [0x00000000e8000000, 0x0000000100000000, 0x0000000100000000)
 Metaspace       used 20969K, capacity 21308K, committed 21552K, reserved 1069056K
  class space    used 2421K, capacity 2596K, committed 2608K, reserved 1048576K
}
2017-06-03T07:47:04.345+0200: 2,577: Total time for which application threads were stopped: 0,0133329 seconds, Stopping threads took: 0,0000617 seconds
2017-06-03T07:47:04.345+0200: 2,577: [GC (CMS Initial Mark) [1 CMS-initial-mark: 0K(393216K)] 13695K(502464K), 0,0056500 secs] [Times: user=0,02 sys=0,00, real=0,01 secs] 
2017-06-03T07:47:04.351+0200: 2,583: Total time for which application threads were stopped: 0,0062111 seconds, Stopping threads took: 0,0004640 seconds
2017-06-03T07:47:04.351+0200: 2,583: [CMS-concurrent-mark-start]
2017-06-03T07:47:04.352+0200: 2,584: [CMS-concurrent-mark: 0,001/0,001 secs] [Times: user=0,00 sys=0,00, real=0,00 secs] 
2017-06-03T07:47:04.352+0200: 2,584: [CMS-concurrent-preclean-start]
2017-06-03T07:47:04.353+0200: 2,585: [CMS-concurrent-preclean: 0,001/0,001 secs] [Times: user=0,01 sys=0,00, real=0,00 secs] 
2017-06-03T07:47:04.353+0200: 2,585: [CMS-concurrent-abortable-preclean-start]
2017-06-03T07:47:04.446+0200: 2,678: Total time for which application threads were stopped: 0,0001763 seconds, Stopping threads took: 0,0000603 seconds
2017-06-03T07:47:04.446+0200: 2,678: [CMS-concurrent-abortable-preclean: 0,084/0,093 secs] [Times: user=0,35 sys=0,00, real=0,09 secs] 
2017-06-03T07:47:04.458+0200: 2,690: [GC (CMS Final Remark) [YG occupancy: 95134 K (109248 K)]{Heap before GC invocations=3 (full 1):
 par new generation   total 109248K, used 95134K [0x00000000e0000000, 0x00000000e8000000, 0x00000000e8000000)
  eden space 87424K,  93% used [0x00000000e0000000, 0x00000000e5037850, 0x00000000e5560000)
  from space 21824K,  59% used [0x00000000e6ab0000, 0x00000000e77601a8, 0x00000000e8000000)
  to   space 21824K,   0% used [0x00000000e5560000, 0x00000000e5560000, 0x00000000e6ab0000)
 concurrent mark-sweep generation total 393216K, used 0K [0x00000000e8000000, 0x0000000100000000, 0x0000000100000000)
 Metaspace       used 21229K, capacity 21574K, committed 21756K, reserved 1069056K
  class space    used 2448K, capacity 2610K, committed 2736K, reserved 1048576K
2017-06-03T07:47:04.458+0200: 2,690: [GC (CMS Final Remark) 2017-06-03T07:47:04.458+0200: 2,690: [ParNew
Desired survivor size 20112992 bytes, new threshold 8 (max 8)
- age   1:    1759736 bytes,    1759736 total
- age   2:    1476144 bytes,    3235880 total
- age   3:     813720 bytes,    4049600 total
- age   4:    6660448 bytes,   10710048 total
: 95134K->12533K(109248K), 0,0130190 secs] 95134K->12533K(502464K), 0,0130619 secs] [Times: user=0,05 sys=0,00, real=0,01 secs] 
Heap after GC invocations=4 (full 1):
 par new generation   total 109248K, used 12533K [0x00000000e0000000, 0x00000000e8000000, 0x00000000e8000000)
  eden space 87424K,   0% used [0x00000000e0000000, 0x00000000e0000000, 0x00000000e5560000)
  from space 21824K,  57% used [0x00000000e5560000, 0x00000000e619d430, 0x00000000e6ab0000)
  to   space 21824K,   0% used [0x00000000e6ab0000, 0x00000000e6ab0000, 0x00000000e8000000)
 concurrent mark-sweep generation total 393216K, used 0K [0x00000000e8000000, 0x0000000100000000, 0x0000000100000000)
 Metaspace       used 21229K, capacity 21574K, committed 21756K, reserved 1069056K
  class space    used 2448K, capacity 2610K, committed 2736K, reserved 1048576K
}
2017-06-03T07:47:04.472+0200: 2,703: [Rescan (parallel) , 0,0033717 secs]2017-06-03T07:47:04.475+0200: 2,707: [weak refs processing, 0,0005975 secs]2017-06-03T07:47:04.476+0200: 2,707: [class unloading, 0,0028415 secs]2017-06-03T07:47:04.478+0200: 2,710: [scrub symbol table, 0,0025898 secs]2017-06-03T07:47:04.481+0200: 2,713: [scrub string table, 0,0004021 secs][1 CMS-remark: 0K(393216K)] 12533K(502464K), 0,0235292 secs] [Times: user=0,07 sys=0,00, real=0,02 secs] 
2017-06-03T07:47:04.482+0200: 2,714: Total time for which application threads were stopped: 0,0236738 seconds, Stopping threads took: 0,0000550 seconds
2017-06-03T07:47:04.482+0200: 2,714: [CMS-concurrent-sweep-start]
2017-06-03T07:47:04.482+0200: 2,714: [CMS-concurrent-sweep: 0,000/0,000 secs] [Times: user=0,00 sys=0,00, real=0,00 secs] 
2017-06-03T07:47:04.482+0200: 2,714: [CMS-concurrent-reset-start]
2017-06-03T07:47:04.484+0200: 2,716: [CMS-concurrent-reset: 0,002/0,002 secs] [Times: user=0,00 sys=0,00, real=0,00 secs] 
{Heap before GC invocations=4 (full 1):
 par new generation   total 109248K, used 99957K [0x00000000e0000000, 0x00000000e8000000, 0x00000000e8000000)
  eden space 87424K, 100% used [0x00000000e0000000, 0x00000000e5560000, 0x00000000e5560000)
  from space 21824K,  57% used [0x00000000e5560000, 0x00000000e619d430, 0x00000000e6ab0000)
  to   space 21824K,   0% used [0x00000000e6ab0000, 0x00000000e6ab0000, 0x00000000e8000000)
 concurrent mark-sweep generation total 393216K, used 0K [0x00000000e8000000, 0x0000000100000000, 0x0000000100000000)
 Metaspace       used 21365K, capacity 21802K, committed 22012K, reserved 1069056K
  class space    used 2467K, capacity 2642K, committed 2736K, reserved 1048576K
2017-06-03T07:47:04.581+0200: 2,813: [GC (Allocation Failure) 2017-06-03T07:47:04.581+0200: 2,813: [ParNew
Desired survivor size 20112992 bytes, new threshold 8 (max 8)
- age   1:     808024 bytes,     808024 total
- age   2:     169712 bytes,     977736 total
- age   3:    1472424 bytes,    2450160 total
- age   4:     809768 bytes,    3259928 total
- age   5:    6660048 bytes,    9919976 total
: 99957K->15920K(109248K), 0,0099222 secs] 99957K->15920K(502464K), 0,0099943 secs] [Times: user=0,04 sys=0,00, real=0,01 secs] 
Heap after GC invocations=5 (full 1):
 par new generation   total 109248K, used 15920K [0x00000000e0000000, 0x00000000e8000000, 0x00000000e8000000)
  eden space 87424K,   0% used [0x00000000e0000000, 0x00000000e0000000, 0x00000000e5560000)
  from space 21824K,  72% used [0x00000000e6ab0000, 0x00000000e7a3c050, 0x00000000e8000000)
  to   space 21824K,   0% used [0x00000000e5560000, 0x00000000e5560000, 0x00000000e6ab0000)
 concurrent mark-sweep generation total 393216K, used 0K [0x00000000e8000000, 0x0000000100000000, 0x0000000100000000)
 Metaspace       used 21365K, capacity 21802K, committed 22012K, reserved 1069056K
  class space    used 2467K, capacity 2642K, committed 2736K, reserved 1048576K
}
2017-06-03T07:47:04.591+0200: 2,823: Total time for which application threads were stopped: 0,0102229 seconds, Stopping threads took: 0,0000721 seconds
2017-06-03T07:47:04.631+0200: 2,863: Total time for which application threads were stopped: 0,0003464 seconds, Stopping threads took: 0,0000235 seconds
2017-06-03T07:47:04.902+0200: 3,134: Total time for which application threads were stopped: 0,0004432 seconds, Stopping threads took: 0,0000217 seconds
2017-06-03T07:47:04.916+0200: 3,148: Total time for which application threads were stopped: 0,0003799 seconds, Stopping threads took: 0,0000288 seconds
{Heap before GC invocations=5 (full 1):
 par new generation   total 109248K, used 103344K [0x00000000e0000000, 0x00000000e8000000, 0x00000000e8000000)
  eden space 87424K, 100% used [0x00000000e0000000, 0x00000000e5560000, 0x00000000e5560000)
  from space 21824K,  72% used [0x00000000e6ab0000, 0x00000000e7a3c050, 0x00000000e8000000)
  to   space 21824K,   0% used [0x00000000e5560000, 0x00000000e5560000, 0x00000000e6ab0000)
 concurrent mark-sweep generation total 393216K, used 0K [0x00000000e8000000, 0x0000000100000000, 0x0000000100000000)
 Metaspace       used 23765K, capacity 24252K, committed 24496K, reserved 1071104K
  class space    used 2796K, capacity 2987K, committed 2992K, reserved 1048576K
2017-06-03T07:47:05.046+0200: 3,278: [GC (Allocation Failure) 2017-06-03T07:47:05.046+0200: 3,278: [ParNew
Desired survivor size 20112992 bytes, new threshold 8 (max 8)
- age   1:    5096224 bytes,    5096224 total
- age   2:     119344 bytes,    5215568 total
- age   3:     168336 bytes,    5383904 total
- age   4:     302528 bytes,    5686432 total
- age   5:     785448 bytes,    6471880 total
- age   6:    6651912 bytes,   13123792 total
: 103344K->14088K(109248K), 0,0182701 secs] 103344K->14088K(502464K), 0,0183457 secs] [Times: user=0,04 sys=0,00, real=0,02 secs] 
Heap after GC invocations=6 (full 1):
 par new generation   total 109248K, used 14088K [0x00000000e0000000, 0x00000000e8000000, 0x00000000e8000000)
  eden space 87424K,   0% used [0x00000000e0000000, 0x00000000e0000000, 0x00000000e5560000)
  from space 21824K,  64% used [0x00000000e5560000, 0x00000000e6322180, 0x00000000e6ab0000)
  to   space 21824K,   0% used [0x00000000e6ab0000, 0x00000000e6ab0000, 0x00000000e8000000)
 concurrent mark-sweep generation total 393216K, used 0K [0x00000000e8000000, 0x0000000100000000, 0x0000000100000000)
 Metaspace       used 23765K, capacity 24252K, committed 24496K, reserved 1071104K
  class space    used 2796K, capacity 2987K, committed 2992K, reserved 1048576K
}
2017-06-03T07:47:05.065+0200: 3,297: Total time for which application threads were stopped: 0,0205184 seconds, Stopping threads took: 0,0019193 seconds
{Heap before GC invocations=6 (full 1):
 par new generation   total 109248K, used 101512K [0x00000000e0000000, 0x00000000e8000000, 0x00000000e8000000)
  eden space 87424K, 100% used [0x00000000e0000000, 0x00000000e5560000, 0x00000000e5560000)
  from space 21824K,  64% used [0x00000000e5560000, 0x00000000e6322180, 0x00000000e6ab0000)
  to   space 21824K,   0% used [0x00000000e6ab0000, 0x00000000e6ab0000, 0x00000000e8000000)
 concurrent mark-sweep generation total 393216K, used 0K [0x00000000e8000000, 0x0000000100000000, 0x0000000100000000)
 Metaspace       used 24391K, capacity 24850K, committed 25136K, reserved 1071104K
  class space    used 2862K, capacity 3055K, committed 3120K, reserved 1048576K
2017-06-03T07:47:05.155+0200: 3,387: [GC (Allocation Failure) 2017-06-03T07:47:05.155+0200: 3,387: [ParNew
Desired survivor size 20112992 bytes, new threshold 8 (max 8)
- age   1:    2054088 bytes,    2054088 total
- age   2:    1764064 bytes,    3818152 total
- age   3:      57080 bytes,    3875232 total
- age   4:      97224 bytes,    3972456 total
- age   5:     207672 bytes,    4180128 total
- age   6:     741704 bytes,    4921832 total
- age   7:    6118888 bytes,   11040720 total
: 101512K->16179K(109248K), 0,0147637 secs] 101512K->16179K(502464K), 0,0148376 secs] [Times: user=0,05 sys=0,00, real=0,01 secs] 
Heap after GC invocations=7 (full 1):
 par new generation   total 109248K, used 16179K [0x00000000e0000000, 0x00000000e8000000, 0x00000000e8000000)
  eden space 87424K,   0% used [0x00000000e0000000, 0x00000000e0000000, 0x00000000e5560000)
  from space 21824K,  74% used [0x00000000e6ab0000, 0x00000000e7a7cd20, 0x00000000e8000000)
  to   space 21824K,   0% used [0x00000000e5560000, 0x00000000e5560000, 0x00000000e6ab0000)
 concurrent mark-sweep generation total 393216K, used 0K [0x00000000e8000000, 0x0000000100000000, 0x0000000100000000)
 Metaspace       used 24391K, capacity 24850K, committed 25136K, reserved 1071104K
  class space    used 2862K, capacity 3055K, committed 3120K, reserved 1048576K
}
2017-06-03T07:47:05.170+0200: 3,402: Total time for which application threads were stopped: 0,0150854 seconds, Stopping threads took: 0,0000729 seconds
{Heap before GC invocations=7 (full 1):
 par new generation   total 109248K, used 103603K [0x00000000e0000000, 0x00000000e8000000, 0x00000000e8000000)
  eden space 87424K, 100% used [0x00000000e0000000, 0x00000000e5560000, 0x00000000e5560000)
  from space 21824K,  74% used [0x00000000e6ab0000, 0x00000000e7a7cd20, 0x00000000e8000000)
  to   space 21824K,   0% used [0x00000000e5560000, 0x00000000e5560000, 0x00000000e6ab0000)
 concurrent mark-sweep generation total 393216K, used 0K [0x00000000e8000000, 0x0000000100000000, 0x0000000100000000)
 Metaspace       used 24702K, capacity 25212K, committed 25392K, reserved 1071104K
  class space    used 2891K, capacity 3089K, committed 3120K, reserved 1048576K
2017-06-03T07:47:05.250+0200: 3,482: [GC (Allocation Failure) 2017-06-03T07:47:05.250+0200: 3,482: [ParNew
Desired survivor size 20112992 bytes, new threshold 8 (max 8)
- age   1:     632552 bytes,     632552 total
- age   2:     652400 bytes,    1284952 total
- age   3:    1737272 bytes,    3022224 total
- age   4:      57080 bytes,    3079304 total
- age   5:      97160 bytes,    3176464 total
- age   6:     204848 bytes,    3381312 total
- age   7:     740936 bytes,    4122248 total
- age   8:    6118488 bytes,   10240736 total
: 103603K->13479K(109248K), 0,0111554 secs] 103603K->13479K(502464K), 0,0112344 secs] [Times: user=0,04 sys=0,00, real=0,01 secs] 
Heap after GC invocations=8 (full 1):
 par new generation   total 109248K, used 13479K [0x00000000e0000000, 0x00000000e8000000, 0x00000000e8000000)
  eden space 87424K,   0% used [0x00000000e0000000, 0x00000000e0000000, 0x00000000e5560000)
  from space 21824K,  61% used [0x00000000e5560000, 0x00000000e6289f10, 0x00000000e6ab0000)
  to   space 21824K,   0% used [0x00000000e6ab0000, 0x00000000e6ab0000, 0x00000000e8000000)
 concurrent mark-sweep generation total 393216K, used 0K [0x00000000e8000000, 0x0000000100000000, 0x0000000100000000)
 Metaspace       used 24702K, capacity 25212K, committed 25392K, reserved 1071104K
  class space    used 2891K, capacity 3089K, committed 3120K, reserved 1048576K
}
2017-06-03T07:47:05.262+0200: 3,494: Total time for which application threads were stopped: 0,0114990 seconds, Stopping threads took: 0,0000690 seconds
2017-06-03T07:47:05.532+0200: 3,764: Total time for which application threads were stopped: 0,0005718 seconds, Stopping threads took: 0,0000442 seconds
2017-06-03T07:47:05.559+0200: 3,791: Total time for which application threads were stopped: 0,0005372 seconds, Stopping threads took: 0,0000320 seconds
2017-06-03T07:47:05.617+0200: 3,849: Total time for which application threads were stopped: 0,0004807 seconds, Stopping threads took: 0,0000401 seconds
{Heap before GC invocations=8 (full 1):
 par new generation   total 109248K, used 100903K [0x00000000e0000000, 0x00000000e8000000, 0x00000000e8000000)
  eden space 87424K, 100% used [0x00000000e0000000, 0x00000000e5560000, 0x00000000e5560000)
  from space 21824K,  61% used [0x00000000e5560000, 0x00000000e6289f10, 0x00000000e6ab0000)
  to   space 21824K,   0% used [0x00000000e6ab0000, 0x00000000e6ab0000, 0x00000000e8000000)
 concurrent mark-sweep generation total 393216K, used 0K [0x00000000e8000000, 0x0000000100000000, 0x0000000100000000)
 Metaspace       used 27506K, capacity 28062K, committed 28208K, reserved 1075200K
  class space    used 3150K, capacity 3332K, committed 3376K, reserved 1048576K
2017-06-03T07:47:05.694+0200: 3,926: [GC (Allocation Failure) 2017-06-03T07:47:05.694+0200: 3,926: [ParNew
Desired survivor size 20112992 bytes, new threshold 8 (max 8)
- age   1:    8466488 bytes,    8466488 total
- age   2:     242040 bytes,    8708528 total
- age   3:     259608 bytes,    8968136 total
- age   4:    1732400 bytes,   10700536 total
- age   5:      54632 bytes,   10755168 total
- age   6:      97064 bytes,   10852232 total
- age   7:     204304 bytes,   11056536 total
- age   8:     739320 bytes,   11795856 total
: 100903K->14020K(109248K), 0,0332224 secs] 100903K->20072K(502464K), 0,0333068 secs] [Times: user=0,11 sys=0,00, real=0,03 secs] 
Heap after GC invocations=9 (full 1):
 par new generation   total 109248K, used 14020K [0x00000000e0000000, 0x00000000e8000000, 0x00000000e8000000)
  eden space 87424K,   0% used [0x00000000e0000000, 0x00000000e0000000, 0x00000000e5560000)
  from space 21824K,  64% used [0x00000000e6ab0000, 0x00000000e78610c0, 0x00000000e8000000)
  to   space 21824K,   0% used [0x00000000e5560000, 0x00000000e5560000, 0x00000000e6ab0000)
 concurrent mark-sweep generation total 393216K, used 6052K [0x00000000e8000000, 0x0000000100000000, 0x0000000100000000)
 Metaspace       used 27506K, capacity 28062K, committed 28208K, reserved 1075200K
  class space    used 3150K, capacity 3332K, committed 3376K, reserved 1048576K
}
2017-06-03T07:47:05.727+0200: 3,959: Total time for which application threads were stopped: 0,0335850 seconds, Stopping threads took: 0,0000961 seconds
2017-06-03T07:47:05.765+0200: 3,997: Total time for which application threads were stopped: 0,0004736 seconds, Stopping threads took: 0,0000235 seconds
2017-06-03T07:47:05.814+0200: 4,046: Total time for which application threads were stopped: 0,0003156 seconds, Stopping threads took: 0,0000216 seconds
2017-06-03T07:47:08.814+0200: 7,046: Total time for which application threads were stopped: 0,0000911 seconds, Stopping threads took: 0,0000228 seconds
2017-06-03T07:48:58.827+0200: 117,059: Total time for which application threads were stopped: 0,0005946 seconds, Stopping threads took: 0,0003408 seconds
2017-06-03T07:49:03.827+0200: 122,059: Total time for which application threads were stopped: 0,0000646 seconds, Stopping threads took: 0,0000154 seconds
2017-06-03T07:50:02.833+0200: 181,065: Total time for which application threads were stopped: 0,0000837 seconds, Stopping threads took: 0,0000322 seconds
2017-06-03T07:51:32.842+0200: 271,074: Total time for which application threads were stopped: 0,0000778 seconds, Stopping threads took: 0,0000289 seconds
2017-06-03T07:51:33.842+0200: 272,074: Total time for which application threads were stopped: 0,0000670 seconds, Stopping threads took: 0,0000159 seconds
2017-06-03T07:51:42.843+0200: 281,075: Total time for which application threads were stopped: 0,0000817 seconds, Stopping threads took: 0,0000310 seconds
2017-06-03T07:51:48.844+0200: 287,076: Total time for which application threads were stopped: 0,0000639 seconds, Stopping threads took: 0,0000158 seconds
2017-06-03T07:52:23.847+0200: 322,079: Total time for which application threads were stopped: 0,0000726 seconds, Stopping threads took: 0,0000245 seconds
2017-06-03T07:55:03.867+0200: 482,099: Total time for which application threads were stopped: 0,0000958 seconds, Stopping threads took: 0,0000344 seconds
2017-06-03T07:55:32.871+0200: 511,102: Total time for which application threads were stopped: 0,0000837 seconds, Stopping threads took: 0,0000312 seconds
2017-06-03T07:57:23.884+0200: 622,116: Total time for which application threads were stopped: 0,0001445 seconds, Stopping threads took: 0,0000529 seconds
2017-06-03T07:57:33.885+0200: 632,117: Total time for which application threads were stopped: 0,0000616 seconds, Stopping threads took: 0,0000143 seconds
2017-06-03T07:57:38.886+0200: 637,118: Total time for which application threads were stopped: 0,0000628 seconds, Stopping threads took: 0,0000150 seconds
2017-06-03T07:57:43.887+0200: 642,119: Total time for which application threads were stopped: 0,0000955 seconds, Stopping threads took: 0,0000321 seconds
2017-06-03T08:10:27.979+0200: 1406,210: Total time for which application threads were stopped: 0,0000841 seconds, Stopping threads took: 0,0000307 seconds
2017-06-03T08:15:33.021+0200: 1711,253: Total time for which application threads were stopped: 0,0002130 seconds, Stopping threads took: 0,0000806 seconds
2017-06-03T08:25:23.091+0200: 2301,322: Total time for which application threads were stopped: 0,0000847 seconds, Stopping threads took: 0,0000330 seconds
2017-06-03T08:25:24.091+0200: 2302,323: Total time for which application threads were stopped: 0,0000696 seconds, Stopping threads took: 0,0000170 seconds
2017-06-03T08:40:19.189+0200: 3197,421: Total time for which application threads were stopped: 0,0001316 seconds, Stopping threads took: 0,0000398 seconds
2017-06-03T08:51:13.248+0200: 3851,480: Total time for which application threads were stopped: 0,0000799 seconds, Stopping threads took: 0,0000285 seconds
2017-06-03T08:51:18.249+0200: 3856,481: Total time for which application threads were stopped: 0,0001002 seconds, Stopping threads took: 0,0000230 seconds
2017-06-03T09:05:29.320+0200: 4707,552: Total time for which application threads were stopped: 0,0002948 seconds, Stopping threads took: 0,0001116 seconds
2017-06-03T09:12:41.365+0200: 5139,597: Total time for which application threads were stopped: 0,0001020 seconds, Stopping threads took: 0,0000182 seconds
2017-06-03T09:12:41.408+0200: 5139,640: Total time for which application threads were stopped: 0,0035683 seconds, Stopping threads took: 0,0000311 seconds
2017-06-03T09:12:41.408+0200: 5139,640: Total time for which application threads were stopped: 0,0001322 seconds, Stopping threads took: 0,0000309 seconds
2017-06-03T09:12:41.453+0200: 5139,685: Total time for which application threads were stopped: 0,0001843 seconds, Stopping threads took: 0,0000485 seconds
2017-06-03T09:12:41.453+0200: 5139,685: Total time for which application threads were stopped: 0,0000740 seconds, Stopping threads took: 0,0000096 seconds
Heap
 par new generation   total 109248K, used 48593K [0x00000000e0000000, 0x00000000e8000000, 0x00000000e8000000)
  eden space 87424K,  39% used [0x00000000e0000000, 0x00000000e21c3708, 0x00000000e5560000)
  from space 21824K,  64% used [0x00000000e6ab0000, 0x00000000e78610c0, 0x00000000e8000000)
  to   space 21824K,   0% used [0x00000000e5560000, 0x00000000e5560000, 0x00000000e6ab0000)
 concurrent mark-sweep generation total 393216K, used 6052K [0x00000000e8000000, 0x0000000100000000, 0x0000000100000000)
 Metaspace       used 28129K, capacity 28684K, committed 28848K, reserved 1075200K
  class space    used 3230K, capacity 3431K, committed 3504K, reserved 1048576K
