OpenJDK 64-Bit Server VM (25.131-b11) for linux-amd64 JRE (1.8.0_131-8u131-b11-2ubuntu1.16.04.3-b11), built on Jul 28 2017 01:23:32 by "buildd" with gcc 5.4.0 20160609
Memory: 4k page, physical 7867732k(7469812k free), swap 8076284k(8076284k free)
CommandLine flags: -XX:CMSInitiatingOccupancyFraction=50 -XX:CMSMaxAbortablePrecleanTime=6000 -XX:+CMSParallelRemarkEnabled -XX:+CMSScavengeBeforeRemark -XX:ConcGCThreads=4 -XX:InitialHeapSize=536870912 -XX:MaxHeapSize=536870912 -XX:MaxTenuringThreshold=8 -XX:NewRatio=3 -XX:OldPLABSize=16 -XX:OnOutOfMemoryError=/opt/solr/bin/oom_solr.sh 8983 /var/solr/logs -XX:ParallelGCThreads=4 -XX:+ParallelRefProcEnabled -XX:PretenureSizeThreshold=67108864 -XX:+PrintGC -XX:+PrintGCApplicationStoppedTime -XX:+PrintGCDateStamps -XX:+PrintGCDetails -XX:+PrintGCTimeStamps -XX:+PrintHeapAtGC -XX:+PrintTenuringDistribution -XX:SurvivorRatio=4 -XX:TargetSurvivorRatio=90 -XX:ThreadStackSize=256 -XX:+UseCMSInitiatingOccupancyOnly -XX:+UseCompressedClassPointers -XX:+UseCompressedOops -XX:+UseConcMarkSweepGC -XX:+UseParNewGC 
2017-08-08T09:27:20.758+0200: 0,197: Total time for which application threads were stopped: 0,0000813 seconds, Stopping threads took: 0,0000136 seconds
2017-08-08T09:27:20.856+0200: 0,295: Total time for which application threads were stopped: 0,0000966 seconds, Stopping threads took: 0,0000136 seconds
2017-08-08T09:27:20.880+0200: 0,319: Total time for which application threads were stopped: 0,0000773 seconds, Stopping threads took: 0,0000098 seconds
2017-08-08T09:27:21.237+0200: 0,676: Total time for which application threads were stopped: 0,0001346 seconds, Stopping threads took: 0,0000132 seconds
2017-08-08T09:27:21.699+0200: 1,139: Total time for which application threads were stopped: 0,0001081 seconds, Stopping threads took: 0,0000097 seconds
2017-08-08T09:27:21.787+0200: 1,226: Total time for which application threads were stopped: 0,0001854 seconds, Stopping threads took: 0,0000292 seconds
2017-08-08T09:27:21.847+0200: 1,286: Total time for which application threads were stopped: 0,0001509 seconds, Stopping threads took: 0,0000239 seconds
2017-08-08T09:27:22.165+0200: 1,605: Total time for which application threads were stopped: 0,0001613 seconds, Stopping threads took: 0,0000110 seconds
2017-08-08T09:27:22.416+0200: 1,856: Total time for which application threads were stopped: 0,0002271 seconds, Stopping threads took: 0,0000224 seconds
2017-08-08T09:27:22.446+0200: 1,885: Total time for which application threads were stopped: 0,0001874 seconds, Stopping threads took: 0,0000290 seconds
2017-08-08T09:27:22.483+0200: 1,922: Total time for which application threads were stopped: 0,0002103 seconds, Stopping threads took: 0,0000286 seconds
2017-08-08T09:27:22.484+0200: 1,923: Total time for which application threads were stopped: 0,0002014 seconds, Stopping threads took: 0,0000223 seconds
2017-08-08T09:27:22.505+0200: 1,945: Total time for which application threads were stopped: 0,0008325 seconds, Stopping threads took: 0,0000276 seconds
2017-08-08T09:27:22.603+0200: 2,043: Total time for which application threads were stopped: 0,0002121 seconds, Stopping threads took: 0,0000219 seconds
2017-08-08T09:27:22.776+0200: 2,215: Total time for which application threads were stopped: 0,0005126 seconds, Stopping threads took: 0,0002978 seconds
{Heap before GC invocations=0 (full 0):
 par new generation   total 109248K, used 87424K [0x00000000e0000000, 0x00000000e8000000, 0x00000000e8000000)
  eden space 87424K, 100% used [0x00000000e0000000, 0x00000000e5560000, 0x00000000e5560000)
  from space 21824K,   0% used [0x00000000e5560000, 0x00000000e5560000, 0x00000000e6ab0000)
  to   space 21824K,   0% used [0x00000000e6ab0000, 0x00000000e6ab0000, 0x00000000e8000000)
 concurrent mark-sweep generation total 393216K, used 0K [0x00000000e8000000, 0x0000000100000000, 0x0000000100000000)
 Metaspace       used 18036K, capacity 18336K, committed 18688K, reserved 1064960K
  class space    used 2035K, capacity 2196K, committed 2304K, reserved 1048576K
2017-08-08T09:27:22.865+0200: 2,305: [GC (Allocation Failure) 2017-08-08T09:27:22.865+0200: 2,305: [ParNew
Desired survivor size 20112992 bytes, new threshold 8 (max 8)
- age   1:   12607088 bytes,   12607088 total
: 87424K->12431K(109248K), 0,0178538 secs] 87424K->12431K(502464K), 0,0179378 secs] [Times: user=0,05 sys=0,01, real=0,02 secs] 
Heap after GC invocations=1 (full 0):
 par new generation   total 109248K, used 12431K [0x00000000e0000000, 0x00000000e8000000, 0x00000000e8000000)
  eden space 87424K,   0% used [0x00000000e0000000, 0x00000000e0000000, 0x00000000e5560000)
  from space 21824K,  56% used [0x00000000e6ab0000, 0x00000000e76d3d38, 0x00000000e8000000)
  to   space 21824K,   0% used [0x00000000e5560000, 0x00000000e5560000, 0x00000000e6ab0000)
 concurrent mark-sweep generation total 393216K, used 0K [0x00000000e8000000, 0x0000000100000000, 0x0000000100000000)
 Metaspace       used 18036K, capacity 18336K, committed 18688K, reserved 1064960K
  class space    used 2035K, capacity 2196K, committed 2304K, reserved 1048576K
}
2017-08-08T09:27:22.883+0200: 2,323: Total time for which application threads were stopped: 0,0201237 seconds, Stopping threads took: 0,0019395 seconds
2017-08-08T09:27:23.220+0200: 2,659: Total time for which application threads were stopped: 0,0003746 seconds, Stopping threads took: 0,0000230 seconds
{Heap before GC invocations=1 (full 0):
 par new generation   total 109248K, used 99855K [0x00000000e0000000, 0x00000000e8000000, 0x00000000e8000000)
  eden space 87424K, 100% used [0x00000000e0000000, 0x00000000e5560000, 0x00000000e5560000)
  from space 21824K,  56% used [0x00000000e6ab0000, 0x00000000e76d3d38, 0x00000000e8000000)
  to   space 21824K,   0% used [0x00000000e5560000, 0x00000000e5560000, 0x00000000e6ab0000)
 concurrent mark-sweep generation total 393216K, used 0K [0x00000000e8000000, 0x0000000100000000, 0x0000000100000000)
 Metaspace       used 20073K, capacity 20428K, committed 20736K, reserved 1067008K
  class space    used 2293K, capacity 2468K, committed 2560K, reserved 1048576K
2017-08-08T09:27:23.262+0200: 2,701: [GC (Allocation Failure) 2017-08-08T09:27:23.262+0200: 2,701: [ParNew
Desired survivor size 20112992 bytes, new threshold 8 (max 8)
- age   1:    3700936 bytes,    3700936 total
- age   2:    6672288 bytes,   10373224 total
: 99855K->13826K(109248K), 0,0094807 secs] 99855K->13826K(502464K), 0,0095629 secs] [Times: user=0,03 sys=0,00, real=0,00 secs] 
Heap after GC invocations=2 (full 0):
 par new generation   total 109248K, used 13826K [0x00000000e0000000, 0x00000000e8000000, 0x00000000e8000000)
  eden space 87424K,   0% used [0x00000000e0000000, 0x00000000e0000000, 0x00000000e5560000)
  from space 21824K,  63% used [0x00000000e5560000, 0x00000000e62e0a58, 0x00000000e6ab0000)
  to   space 21824K,   0% used [0x00000000e6ab0000, 0x00000000e6ab0000, 0x00000000e8000000)
 concurrent mark-sweep generation total 393216K, used 0K [0x00000000e8000000, 0x0000000100000000, 0x0000000100000000)
 Metaspace       used 20073K, capacity 20428K, committed 20736K, reserved 1067008K
  class space    used 2293K, capacity 2468K, committed 2560K, reserved 1048576K
}
2017-08-08T09:27:23.271+0200: 2,711: Total time for which application threads were stopped: 0,0106573 seconds, Stopping threads took: 0,0009185 seconds
2017-08-08T09:27:23.277+0200: 2,717: Total time for which application threads were stopped: 0,0003939 seconds, Stopping threads took: 0,0000629 seconds
2017-08-08T09:27:23.320+0200: 2,759: Total time for which application threads were stopped: 0,0003890 seconds, Stopping threads took: 0,0000545 seconds
2017-08-08T09:27:23.457+0200: 2,897: Total time for which application threads were stopped: 0,0001637 seconds, Stopping threads took: 0,0000284 seconds
{Heap before GC invocations=2 (full 0):
 par new generation   total 109248K, used 101250K [0x00000000e0000000, 0x00000000e8000000, 0x00000000e8000000)
  eden space 87424K, 100% used [0x00000000e0000000, 0x00000000e5560000, 0x00000000e5560000)
  from space 21824K,  63% used [0x00000000e5560000, 0x00000000e62e0a58, 0x00000000e6ab0000)
  to   space 21824K,   0% used [0x00000000e6ab0000, 0x00000000e6ab0000, 0x00000000e8000000)
 concurrent mark-sweep generation total 393216K, used 0K [0x00000000e8000000, 0x0000000100000000, 0x0000000100000000)
 Metaspace       used 21020K, capacity 21350K, committed 21628K, reserved 1069056K
  class space    used 2419K, capacity 2587K, committed 2684K, reserved 1048576K
2017-08-08T09:27:23.491+0200: 2,930: [GC (Allocation Failure) 2017-08-08T09:27:23.491+0200: 2,930: [ParNew
Desired survivor size 20112992 bytes, new threshold 8 (max 8)
- age   1:    2095744 bytes,    2095744 total
- age   2:     872736 bytes,    2968480 total
- age   3:    6668832 bytes,    9637312 total
: 101250K->11548K(109248K), 0,0171262 secs] 101250K->11548K(502464K), 0,0172000 secs] [Times: user=0,07 sys=0,00, real=0,02 secs] 
Heap after GC invocations=3 (full 0):
 par new generation   total 109248K, used 11548K [0x00000000e0000000, 0x00000000e8000000, 0x00000000e8000000)
  eden space 87424K,   0% used [0x00000000e0000000, 0x00000000e0000000, 0x00000000e5560000)
  from space 21824K,  52% used [0x00000000e6ab0000, 0x00000000e75f7000, 0x00000000e8000000)
  to   space 21824K,   0% used [0x00000000e5560000, 0x00000000e5560000, 0x00000000e6ab0000)
 concurrent mark-sweep generation total 393216K, used 0K [0x00000000e8000000, 0x0000000100000000, 0x0000000100000000)
 Metaspace       used 21020K, capacity 21350K, committed 21628K, reserved 1069056K
  class space    used 2419K, capacity 2587K, committed 2684K, reserved 1048576K
}
2017-08-08T09:27:23.508+0200: 2,948: Total time for which application threads were stopped: 0,0174029 seconds, Stopping threads took: 0,0000582 seconds
2017-08-08T09:27:23.521+0200: 2,961: [GC (CMS Initial Mark) [1 CMS-initial-mark: 0K(393216K)] 23472K(502464K), 0,0044227 secs] [Times: user=0,01 sys=0,00, real=0,00 secs] 
2017-08-08T09:27:23.526+0200: 2,965: Total time for which application threads were stopped: 0,0082682 seconds, Stopping threads took: 0,0037489 seconds
2017-08-08T09:27:23.526+0200: 2,965: [CMS-concurrent-mark-start]
2017-08-08T09:27:23.526+0200: 2,965: [CMS-concurrent-mark: 0,000/0,000 secs] [Times: user=0,01 sys=0,00, real=0,00 secs] 
2017-08-08T09:27:23.526+0200: 2,965: [CMS-concurrent-preclean-start]
2017-08-08T09:27:23.527+0200: 2,966: [CMS-concurrent-preclean: 0,001/0,001 secs] [Times: user=0,00 sys=0,00, real=0,00 secs] 
2017-08-08T09:27:23.527+0200: 2,966: [CMS-concurrent-abortable-preclean-start]
2017-08-08T09:27:23.589+0200: 3,029: Total time for which application threads were stopped: 0,0001385 seconds, Stopping threads took: 0,0000329 seconds
{Heap before GC invocations=3 (full 1):
 par new generation   total 109248K, used 98972K [0x00000000e0000000, 0x00000000e8000000, 0x00000000e8000000)
  eden space 87424K, 100% used [0x00000000e0000000, 0x00000000e5560000, 0x00000000e5560000)
  from space 21824K,  52% used [0x00000000e6ab0000, 0x00000000e75f7000, 0x00000000e8000000)
  to   space 21824K,   0% used [0x00000000e5560000, 0x00000000e5560000, 0x00000000e6ab0000)
 concurrent mark-sweep generation total 393216K, used 0K [0x00000000e8000000, 0x0000000100000000, 0x0000000100000000)
 Metaspace       used 21291K, capacity 21623K, committed 21884K, reserved 1069056K
  class space    used 2447K, capacity 2602K, committed 2684K, reserved 1048576K
2017-08-08T09:27:23.633+0200: 3,073: [GC (Allocation Failure) 2017-08-08T09:27:23.633+0200: 3,073: [ParNew
Desired survivor size 20112992 bytes, new threshold 8 (max 8)
- age   1:    1107312 bytes,    1107312 total
- age   2:    1454128 bytes,    2561440 total
- age   3:     843232 bytes,    3404672 total
- age   4:    6669040 bytes,   10073712 total
: 98972K->17003K(109248K), 0,0097072 secs] 98972K->17003K(502464K), 0,0097859 secs] [Times: user=0,04 sys=0,01, real=0,01 secs] 
Heap after GC invocations=4 (full 1):
 par new generation   total 109248K, used 17003K [0x00000000e0000000, 0x00000000e8000000, 0x00000000e8000000)
  eden space 87424K,   0% used [0x00000000e0000000, 0x00000000e0000000, 0x00000000e5560000)
  from space 21824K,  77% used [0x00000000e5560000, 0x00000000e65faf80, 0x00000000e6ab0000)
  to   space 21824K,   0% used [0x00000000e6ab0000, 0x00000000e6ab0000, 0x00000000e8000000)
 concurrent mark-sweep generation total 393216K, used 0K [0x00000000e8000000, 0x0000000100000000, 0x0000000100000000)
 Metaspace       used 21291K, capacity 21623K, committed 21884K, reserved 1069056K
  class space    used 2447K, capacity 2602K, committed 2684K, reserved 1048576K
}
2017-08-08T09:27:23.643+0200: 3,082: Total time for which application threads were stopped: 0,0100497 seconds, Stopping threads took: 0,0000980 seconds
2017-08-08T09:27:23.740+0200: 3,179: Total time for which application threads were stopped: 0,0001438 seconds, Stopping threads took: 0,0000401 seconds
2017-08-08T09:27:23.741+0200: 3,181: [CMS-concurrent-abortable-preclean: 0,166/0,214 secs] [Times: user=0,81 sys=0,01, real=0,22 secs] 
2017-08-08T09:27:23.742+0200: 3,181: [GC (CMS Final Remark) [YG occupancy: 103721 K (109248 K)]{Heap before GC invocations=4 (full 1):
 par new generation   total 109248K, used 103721K [0x00000000e0000000, 0x00000000e8000000, 0x00000000e8000000)
  eden space 87424K,  99% used [0x00000000e0000000, 0x00000000e54af640, 0x00000000e5560000)
  from space 21824K,  77% used [0x00000000e5560000, 0x00000000e65faf80, 0x00000000e6ab0000)
  to   space 21824K,   0% used [0x00000000e6ab0000, 0x00000000e6ab0000, 0x00000000e8000000)
 concurrent mark-sweep generation total 393216K, used 0K [0x00000000e8000000, 0x0000000100000000, 0x0000000100000000)
 Metaspace       used 21510K, capacity 21935K, committed 22216K, reserved 1069056K
  class space    used 2474K, capacity 2638K, committed 2684K, reserved 1048576K
2017-08-08T09:27:23.742+0200: 3,181: [GC (CMS Final Remark) 2017-08-08T09:27:23.742+0200: 3,181: [ParNew
Desired survivor size 20112992 bytes, new threshold 8 (max 8)
- age   1:     963376 bytes,     963376 total
- age   2:     177520 bytes,    1140896 total
- age   3:    1453128 bytes,    2594024 total
- age   4:     839312 bytes,    3433336 total
- age   5:    6668656 bytes,   10101992 total
: 103721K->12608K(109248K), 0,0097100 secs] 103721K->12608K(502464K), 0,0097473 secs] [Times: user=0,03 sys=0,00, real=0,00 secs] 
Heap after GC invocations=5 (full 1):
 par new generation   total 109248K, used 12608K [0x00000000e0000000, 0x00000000e8000000, 0x00000000e8000000)
  eden space 87424K,   0% used [0x00000000e0000000, 0x00000000e0000000, 0x00000000e5560000)
  from space 21824K,  57% used [0x00000000e6ab0000, 0x00000000e7700098, 0x00000000e8000000)
  to   space 21824K,   0% used [0x00000000e5560000, 0x00000000e5560000, 0x00000000e6ab0000)
 concurrent mark-sweep generation total 393216K, used 0K [0x00000000e8000000, 0x0000000100000000, 0x0000000100000000)
 Metaspace       used 21510K, capacity 21935K, committed 22216K, reserved 1069056K
  class space    used 2474K, capacity 2638K, committed 2684K, reserved 1048576K
}
2017-08-08T09:27:23.752+0200: 3,191: [Rescan (parallel) , 0,0034851 secs]2017-08-08T09:27:23.755+0200: 3,195: [weak refs processing, 0,0013630 secs]2017-08-08T09:27:23.757+0200: 3,196: [class unloading, 0,0028752 secs]2017-08-08T09:27:23.759+0200: 3,199: [scrub symbol table, 0,0033360 secs]2017-08-08T09:27:23.763+0200: 3,202: [scrub string table, 0,0004127 secs][1 CMS-remark: 0K(393216K)] 12608K(502464K), 0,0219138 secs] [Times: user=0,06 sys=0,00, real=0,02 secs] 
2017-08-08T09:27:23.764+0200: 3,203: Total time for which application threads were stopped: 0,0226303 seconds, Stopping threads took: 0,0006331 seconds
2017-08-08T09:27:23.767+0200: 3,207: [CMS-concurrent-sweep-start]
2017-08-08T09:27:23.767+0200: 3,207: [CMS-concurrent-sweep: 0,000/0,000 secs] [Times: user=0,00 sys=0,00, real=0,00 secs] 
2017-08-08T09:27:23.767+0200: 3,207: [CMS-concurrent-reset-start]
2017-08-08T09:27:23.769+0200: 3,209: [CMS-concurrent-reset: 0,002/0,002 secs] [Times: user=0,01 sys=0,00, real=0,00 secs] 
2017-08-08T09:27:23.793+0200: 3,233: Total time for which application threads were stopped: 0,0003670 seconds, Stopping threads took: 0,0000367 seconds
2017-08-08T09:27:24.033+0200: 3,473: Total time for which application threads were stopped: 0,0005116 seconds, Stopping threads took: 0,0000656 seconds
2017-08-08T09:27:24.050+0200: 3,489: Total time for which application threads were stopped: 0,0004071 seconds, Stopping threads took: 0,0000440 seconds
{Heap before GC invocations=5 (full 1):
 par new generation   total 109248K, used 100032K [0x00000000e0000000, 0x00000000e8000000, 0x00000000e8000000)
  eden space 87424K, 100% used [0x00000000e0000000, 0x00000000e5560000, 0x00000000e5560000)
  from space 21824K,  57% used [0x00000000e6ab0000, 0x00000000e7700098, 0x00000000e8000000)
  to   space 21824K,   0% used [0x00000000e5560000, 0x00000000e5560000, 0x00000000e6ab0000)
 concurrent mark-sweep generation total 393216K, used 0K [0x00000000e8000000, 0x0000000100000000, 0x0000000100000000)
 Metaspace       used 23784K, capacity 24239K, committed 24572K, reserved 1071104K
  class space    used 2791K, capacity 2980K, committed 3068K, reserved 1048576K
2017-08-08T09:27:24.198+0200: 3,637: [GC (Allocation Failure) 2017-08-08T09:27:24.198+0200: 3,637: [ParNew
Desired survivor size 20112992 bytes, new threshold 8 (max 8)
- age   1:    5177112 bytes,    5177112 total
- age   2:     144288 bytes,    5321400 total
- age   3:     176248 bytes,    5497648 total
- age   4:     283872 bytes,    5781520 total
- age   5:     814928 bytes,    6596448 total
- age   6:    6660472 bytes,   13256920 total
: 100032K->19226K(109248K), 0,0236049 secs] 100032K->19226K(502464K), 0,0236859 secs] [Times: user=0,09 sys=0,00, real=0,03 secs] 
Heap after GC invocations=6 (full 1):
 par new generation   total 109248K, used 19226K [0x00000000e0000000, 0x00000000e8000000, 0x00000000e8000000)
  eden space 87424K,   0% used [0x00000000e0000000, 0x00000000e0000000, 0x00000000e5560000)
  from space 21824K,  88% used [0x00000000e5560000, 0x00000000e6826990, 0x00000000e6ab0000)
  to   space 21824K,   0% used [0x00000000e6ab0000, 0x00000000e6ab0000, 0x00000000e8000000)
 concurrent mark-sweep generation total 393216K, used 0K [0x00000000e8000000, 0x0000000100000000, 0x0000000100000000)
 Metaspace       used 23784K, capacity 24239K, committed 24572K, reserved 1071104K
  class space    used 2791K, capacity 2980K, committed 3068K, reserved 1048576K
}
2017-08-08T09:27:24.221+0200: 3,661: Total time for which application threads were stopped: 0,0240032 seconds, Stopping threads took: 0,0000840 seconds
{Heap before GC invocations=6 (full 1):
 par new generation   total 109248K, used 106632K [0x00000000e0000000, 0x00000000e8000000, 0x00000000e8000000)
  eden space 87424K,  99% used [0x00000000e0000000, 0x00000000e555b718, 0x00000000e5560000)
  from space 21824K,  88% used [0x00000000e5560000, 0x00000000e6826990, 0x00000000e6ab0000)
  to   space 21824K,   0% used [0x00000000e6ab0000, 0x00000000e6ab0000, 0x00000000e8000000)
 concurrent mark-sweep generation total 393216K, used 0K [0x00000000e8000000, 0x0000000100000000, 0x0000000100000000)
 Metaspace       used 24465K, capacity 24949K, committed 25084K, reserved 1071104K
  class space    used 2859K, capacity 3045K, committed 3068K, reserved 1048576K
2017-08-08T09:27:24.326+0200: 3,765: [GC (Allocation Failure) 2017-08-08T09:27:24.326+0200: 3,766: [ParNew
Desired survivor size 20112992 bytes, new threshold 8 (max 8)
- age   1:    2311464 bytes,    2311464 total
- age   2:    1774096 bytes,    4085560 total
- age   3:      71600 bytes,    4157160 total
- age   4:      94272 bytes,    4251432 total
- age   5:     186544 bytes,    4437976 total
- age   6:     773488 bytes,    5211464 total
- age   7:    6127392 bytes,   11338856 total
: 106632K->13982K(109248K), 0,0165805 secs] 106632K->13982K(502464K), 0,0166568 secs] [Times: user=0,06 sys=0,00, real=0,02 secs] 
Heap after GC invocations=7 (full 1):
 par new generation   total 109248K, used 13982K [0x00000000e0000000, 0x00000000e8000000, 0x00000000e8000000)
  eden space 87424K,   0% used [0x00000000e0000000, 0x00000000e0000000, 0x00000000e5560000)
  from space 21824K,  64% used [0x00000000e6ab0000, 0x00000000e7857880, 0x00000000e8000000)
  to   space 21824K,   0% used [0x00000000e5560000, 0x00000000e5560000, 0x00000000e6ab0000)
 concurrent mark-sweep generation total 393216K, used 0K [0x00000000e8000000, 0x0000000100000000, 0x0000000100000000)
 Metaspace       used 24465K, capacity 24949K, committed 25084K, reserved 1071104K
  class space    used 2859K, capacity 3045K, committed 3068K, reserved 1048576K
}
2017-08-08T09:27:24.343+0200: 3,782: Total time for which application threads were stopped: 0,0169888 seconds, Stopping threads took: 0,0001157 seconds
{Heap before GC invocations=7 (full 1):
 par new generation   total 109248K, used 101406K [0x00000000e0000000, 0x00000000e8000000, 0x00000000e8000000)
  eden space 87424K, 100% used [0x00000000e0000000, 0x00000000e5560000, 0x00000000e5560000)
  from space 21824K,  64% used [0x00000000e6ab0000, 0x00000000e7857880, 0x00000000e8000000)
  to   space 21824K,   0% used [0x00000000e5560000, 0x00000000e5560000, 0x00000000e6ab0000)
 concurrent mark-sweep generation total 393216K, used 0K [0x00000000e8000000, 0x0000000100000000, 0x0000000100000000)
 Metaspace       used 24979K, capacity 25455K, committed 25724K, reserved 1071104K
  class space    used 2907K, capacity 3082K, committed 3196K, reserved 1048576K
2017-08-08T09:27:24.447+0200: 3,886: [GC (Allocation Failure) 2017-08-08T09:27:24.447+0200: 3,886: [ParNew
Desired survivor size 20112992 bytes, new threshold 8 (max 8)
- age   1:     806048 bytes,     806048 total
- age   2:    1010968 bytes,    1817016 total
- age   3:    1751032 bytes,    3568048 total
- age   4:      69120 bytes,    3637168 total
- age   5:      94040 bytes,    3731208 total
- age   6:     183216 bytes,    3914424 total
- age   7:     771952 bytes,    4686376 total
- age   8:    6127224 bytes,   10813600 total
: 101406K->15078K(109248K), 0,0113375 secs] 101406K->15078K(502464K), 0,0114180 secs] [Times: user=0,04 sys=0,00, real=0,01 secs] 
Heap after GC invocations=8 (full 1):
 par new generation   total 109248K, used 15078K [0x00000000e0000000, 0x00000000e8000000, 0x00000000e8000000)
  eden space 87424K,   0% used [0x00000000e0000000, 0x00000000e0000000, 0x00000000e5560000)
  from space 21824K,  69% used [0x00000000e5560000, 0x00000000e6419b00, 0x00000000e6ab0000)
  to   space 21824K,   0% used [0x00000000e6ab0000, 0x00000000e6ab0000, 0x00000000e8000000)
 concurrent mark-sweep generation total 393216K, used 0K [0x00000000e8000000, 0x0000000100000000, 0x0000000100000000)
 Metaspace       used 24979K, capacity 25455K, committed 25724K, reserved 1071104K
  class space    used 2907K, capacity 3082K, committed 3196K, reserved 1048576K
}
2017-08-08T09:27:24.458+0200: 3,898: Total time for which application threads were stopped: 0,0116559 seconds, Stopping threads took: 0,0000700 seconds
2017-08-08T09:27:24.620+0200: 4,060: Total time for which application threads were stopped: 0,0003271 seconds, Stopping threads took: 0,0000211 seconds
2017-08-08T09:27:24.635+0200: 4,074: Total time for which application threads were stopped: 0,0001404 seconds, Stopping threads took: 0,0000654 seconds
2017-08-08T09:27:24.644+0200: 4,083: Total time for which application threads were stopped: 0,0001133 seconds, Stopping threads took: 0,0000299 seconds
2017-08-08T09:27:24.645+0200: 4,085: Total time for which application threads were stopped: 0,0000983 seconds, Stopping threads took: 0,0000211 seconds
2017-08-08T09:27:24.649+0200: 4,089: Total time for which application threads were stopped: 0,0009160 seconds, Stopping threads took: 0,0008189 seconds
2017-08-08T09:27:24.653+0200: 4,093: Total time for which application threads were stopped: 0,0001191 seconds, Stopping threads took: 0,0000184 seconds
2017-08-08T09:27:24.656+0200: 4,096: Total time for which application threads were stopped: 0,0000868 seconds, Stopping threads took: 0,0000163 seconds
2017-08-08T09:27:24.657+0200: 4,096: Total time for which application threads were stopped: 0,0000490 seconds, Stopping threads took: 0,0000096 seconds
2017-08-08T09:27:24.658+0200: 4,097: Total time for which application threads were stopped: 0,0000562 seconds, Stopping threads took: 0,0000115 seconds
2017-08-08T09:27:24.658+0200: 4,097: Total time for which application threads were stopped: 0,0000748 seconds, Stopping threads took: 0,0000359 seconds
2017-08-08T09:27:24.658+0200: 4,098: Total time for which application threads were stopped: 0,0000665 seconds, Stopping threads took: 0,0000287 seconds
2017-08-08T09:27:24.658+0200: 4,098: Total time for which application threads were stopped: 0,0000617 seconds, Stopping threads took: 0,0000140 seconds
2017-08-08T09:27:24.659+0200: 4,098: Total time for which application threads were stopped: 0,0000764 seconds, Stopping threads took: 0,0000255 seconds
2017-08-08T09:27:24.661+0200: 4,100: Total time for which application threads were stopped: 0,0000848 seconds, Stopping threads took: 0,0000164 seconds
2017-08-08T09:27:24.663+0200: 4,102: Total time for which application threads were stopped: 0,0001015 seconds, Stopping threads took: 0,0000181 seconds
2017-08-08T09:27:24.664+0200: 4,104: Total time for which application threads were stopped: 0,0000840 seconds, Stopping threads took: 0,0000187 seconds
2017-08-08T09:27:24.665+0200: 4,105: Total time for which application threads were stopped: 0,0001069 seconds, Stopping threads took: 0,0000433 seconds
2017-08-08T09:27:24.666+0200: 4,105: Total time for which application threads were stopped: 0,0000674 seconds, Stopping threads took: 0,0000254 seconds
2017-08-08T09:27:24.667+0200: 4,106: Total time for which application threads were stopped: 0,0000797 seconds, Stopping threads took: 0,0000174 seconds
2017-08-08T09:27:24.668+0200: 4,107: Total time for which application threads were stopped: 0,0000678 seconds, Stopping threads took: 0,0000140 seconds
2017-08-08T09:27:24.668+0200: 4,108: Total time for which application threads were stopped: 0,0000475 seconds, Stopping threads took: 0,0000099 seconds
2017-08-08T09:27:24.669+0200: 4,108: Total time for which application threads were stopped: 0,0000559 seconds, Stopping threads took: 0,0000188 seconds
2017-08-08T09:27:24.671+0200: 4,110: Total time for which application threads were stopped: 0,0001223 seconds, Stopping threads took: 0,0000442 seconds
2017-08-08T09:27:24.683+0200: 4,123: Total time for which application threads were stopped: 0,0002614 seconds, Stopping threads took: 0,0000575 seconds
2017-08-08T09:27:24.690+0200: 4,129: Total time for which application threads were stopped: 0,0001060 seconds, Stopping threads took: 0,0000262 seconds
2017-08-08T09:27:24.695+0200: 4,135: Total time for which application threads were stopped: 0,0001319 seconds, Stopping threads took: 0,0000386 seconds
2017-08-08T09:27:24.701+0200: 4,141: Total time for which application threads were stopped: 0,0001028 seconds, Stopping threads took: 0,0000325 seconds
2017-08-08T09:27:24.716+0200: 4,156: Total time for which application threads were stopped: 0,0004569 seconds, Stopping threads took: 0,0000291 seconds
2017-08-08T09:27:24.730+0200: 4,170: Total time for which application threads were stopped: 0,0001214 seconds, Stopping threads took: 0,0000403 seconds
2017-08-08T09:27:24.731+0200: 4,171: Total time for which application threads were stopped: 0,0003779 seconds, Stopping threads took: 0,0000166 seconds
2017-08-08T09:27:24.733+0200: 4,172: Total time for which application threads were stopped: 0,0001454 seconds, Stopping threads took: 0,0000647 seconds
2017-08-08T09:27:24.741+0200: 4,181: Total time for which application threads were stopped: 0,0001557 seconds, Stopping threads took: 0,0000637 seconds
2017-08-08T09:27:24.743+0200: 4,182: Total time for which application threads were stopped: 0,0001054 seconds, Stopping threads took: 0,0000217 seconds
2017-08-08T09:27:24.746+0200: 4,186: Total time for which application threads were stopped: 0,0001355 seconds, Stopping threads took: 0,0000556 seconds
2017-08-08T09:27:24.747+0200: 4,187: Total time for which application threads were stopped: 0,0000921 seconds, Stopping threads took: 0,0000233 seconds
2017-08-08T09:27:24.748+0200: 4,188: Total time for which application threads were stopped: 0,0000763 seconds, Stopping threads took: 0,0000194 seconds
2017-08-08T09:27:24.797+0200: 4,237: Total time for which application threads were stopped: 0,0015149 seconds, Stopping threads took: 0,0010640 seconds
2017-08-08T09:27:24.813+0200: 4,252: Total time for which application threads were stopped: 0,0001182 seconds, Stopping threads took: 0,0000584 seconds
2017-08-08T09:27:24.817+0200: 4,257: Total time for which application threads were stopped: 0,0002105 seconds, Stopping threads took: 0,0001161 seconds
2017-08-08T09:27:24.820+0200: 4,259: Total time for which application threads were stopped: 0,0001103 seconds, Stopping threads took: 0,0000440 seconds
2017-08-08T09:27:24.820+0200: 4,260: Total time for which application threads were stopped: 0,0001065 seconds, Stopping threads took: 0,0000336 seconds
2017-08-08T09:27:24.821+0200: 4,260: Total time for which application threads were stopped: 0,0000944 seconds, Stopping threads took: 0,0000291 seconds
2017-08-08T09:27:24.822+0200: 4,262: Total time for which application threads were stopped: 0,0001472 seconds, Stopping threads took: 0,0000438 seconds
2017-08-08T09:27:24.825+0200: 4,265: Total time for which application threads were stopped: 0,0023023 seconds, Stopping threads took: 0,0022248 seconds
2017-08-08T09:27:24.825+0200: 4,265: Total time for which application threads were stopped: 0,0000667 seconds, Stopping threads took: 0,0000138 seconds
2017-08-08T09:27:24.825+0200: 4,265: Total time for which application threads were stopped: 0,0000487 seconds, Stopping threads took: 0,0000104 seconds
2017-08-08T09:27:24.825+0200: 4,265: Total time for which application threads were stopped: 0,0000441 seconds, Stopping threads took: 0,0000097 seconds
2017-08-08T09:27:24.826+0200: 4,265: Total time for which application threads were stopped: 0,0000596 seconds, Stopping threads took: 0,0000126 seconds
2017-08-08T09:27:24.826+0200: 4,265: Total time for which application threads were stopped: 0,0001205 seconds, Stopping threads took: 0,0000089 seconds
2017-08-08T09:27:24.835+0200: 4,274: Total time for which application threads were stopped: 0,0001360 seconds, Stopping threads took: 0,0000532 seconds
2017-08-08T09:27:24.838+0200: 4,277: Total time for which application threads were stopped: 0,0001411 seconds, Stopping threads took: 0,0000400 seconds
2017-08-08T09:27:24.844+0200: 4,283: Total time for which application threads were stopped: 0,0001696 seconds, Stopping threads took: 0,0000880 seconds
2017-08-08T09:27:24.856+0200: 4,295: Total time for which application threads were stopped: 0,0001676 seconds, Stopping threads took: 0,0000552 seconds
2017-08-08T09:27:24.865+0200: 4,305: Total time for which application threads were stopped: 0,0002934 seconds, Stopping threads took: 0,0002049 seconds
2017-08-08T09:27:24.876+0200: 4,315: Total time for which application threads were stopped: 0,0003906 seconds, Stopping threads took: 0,0003145 seconds
2017-08-08T09:27:24.889+0200: 4,329: Total time for which application threads were stopped: 0,0025625 seconds, Stopping threads took: 0,0024854 seconds
2017-08-08T09:27:24.909+0200: 4,349: Total time for which application threads were stopped: 0,0005177 seconds, Stopping threads took: 0,0000394 seconds
2017-08-08T09:27:24.910+0200: 4,349: Total time for which application threads were stopped: 0,0001022 seconds, Stopping threads took: 0,0000156 seconds
2017-08-08T09:27:24.915+0200: 4,355: Total time for which application threads were stopped: 0,0001998 seconds, Stopping threads took: 0,0001214 seconds
2017-08-08T09:27:25.915+0200: 5,355: Total time for which application threads were stopped: 0,0000764 seconds, Stopping threads took: 0,0000169 seconds
2017-08-08T09:29:17.935+0200: 117,375: Total time for which application threads were stopped: 0,0000796 seconds, Stopping threads took: 0,0000337 seconds
2017-08-08T09:29:22.936+0200: 122,376: Total time for which application threads were stopped: 0,0001115 seconds, Stopping threads took: 0,0000425 seconds
{Heap before GC invocations=8 (full 1):
 par new generation   total 109248K, used 102502K [0x00000000e0000000, 0x00000000e8000000, 0x00000000e8000000)
  eden space 87424K, 100% used [0x00000000e0000000, 0x00000000e5560000, 0x00000000e5560000)
  from space 21824K,  69% used [0x00000000e5560000, 0x00000000e6419b00, 0x00000000e6ab0000)
  to   space 21824K,   0% used [0x00000000e6ab0000, 0x00000000e6ab0000, 0x00000000e8000000)
 concurrent mark-sweep generation total 393216K, used 0K [0x00000000e8000000, 0x0000000100000000, 0x0000000100000000)
 Metaspace       used 28046K, capacity 28619K, committed 28796K, reserved 1075200K
  class space    used 3212K, capacity 3388K, committed 3452K, reserved 1048576K
2017-08-08T09:30:16.729+0200: 176,169: [GC (Allocation Failure) 2017-08-08T09:30:16.730+0200: 176,169: [ParNew
Desired survivor size 20112992 bytes, new threshold 8 (max 8)
- age   1:   10754888 bytes,   10754888 total
- age   2:     271144 bytes,   11026032 total
- age   3:     231720 bytes,   11257752 total
- age   4:    1745736 bytes,   13003488 total
- age   5:      69088 bytes,   13072576 total
- age   6:      93912 bytes,   13166488 total
- age   7:     183120 bytes,   13349608 total
- age   8:     770624 bytes,   14120232 total
: 102502K->16740K(109248K), 0,0471052 secs] 102502K->23255K(502464K), 0,0471832 secs] [Times: user=0,12 sys=0,00, real=0,05 secs] 
Heap after GC invocations=9 (full 1):
 par new generation   total 109248K, used 16740K [0x00000000e0000000, 0x00000000e8000000, 0x00000000e8000000)
  eden space 87424K,   0% used [0x00000000e0000000, 0x00000000e0000000, 0x00000000e5560000)
  from space 21824K,  76% used [0x00000000e6ab0000, 0x00000000e7b09278, 0x00000000e8000000)
  to   space 21824K,   0% used [0x00000000e5560000, 0x00000000e5560000, 0x00000000e6ab0000)
 concurrent mark-sweep generation total 393216K, used 6515K [0x00000000e8000000, 0x0000000100000000, 0x0000000100000000)
 Metaspace       used 28046K, capacity 28619K, committed 28796K, reserved 1075200K
  class space    used 3212K, capacity 3388K, committed 3452K, reserved 1048576K
}
2017-08-08T09:30:16.777+0200: 176,216: Total time for which application threads were stopped: 0,0474040 seconds, Stopping threads took: 0,0000503 seconds
2017-08-08T09:30:16.777+0200: 176,217: Total time for which application threads were stopped: 0,0000615 seconds, Stopping threads took: 0,0000191 seconds
2017-08-08T09:30:16.777+0200: 176,217: Total time for which application threads were stopped: 0,0000524 seconds, Stopping threads took: 0,0000241 seconds
2017-08-08T09:30:21.778+0200: 181,218: Total time for which application threads were stopped: 0,0001719 seconds, Stopping threads took: 0,0000675 seconds
2017-08-08T09:31:46.789+0200: 266,228: Total time for which application threads were stopped: 0,0001484 seconds, Stopping threads took: 0,0000593 seconds
2017-08-08T09:50:51.945+0200: 1411,384: Total time for which application threads were stopped: 0,0001822 seconds, Stopping threads took: 0,0000678 seconds
2017-08-08T09:55:36.989+0200: 1696,429: Total time for which application threads were stopped: 0,0000917 seconds, Stopping threads took: 0,0000355 seconds
2017-08-08T10:05:42.083+0200: 2301,523: Total time for which application threads were stopped: 0,0001816 seconds, Stopping threads took: 0,0000635 seconds
2017-08-08T10:05:43.084+0200: 2302,523: Total time for which application threads were stopped: 0,0001013 seconds, Stopping threads took: 0,0000380 seconds
2017-08-08T10:23:33.150+0200: 3197,508: Total time for which application threads were stopped: 0,0002002 seconds, Stopping threads took: 0,0000741 seconds
2017-08-08T10:24:48.161+0200: 3272,518: Total time for which application threads were stopped: 0,0005757 seconds, Stopping threads took: 0,0002003 seconds
2017-08-08T10:34:47.232+0200: 3871,589: Total time for which application threads were stopped: 0,0001858 seconds, Stopping threads took: 0,0000620 seconds
2017-08-08T10:36:18.244+0200: 3962,602: Total time for which application threads were stopped: 0,0001651 seconds, Stopping threads took: 0,0000581 seconds
2017-08-08T10:48:48.346+0200: 4712,704: Total time for which application threads were stopped: 0,0000980 seconds, Stopping threads took: 0,0000354 seconds
2017-08-08T10:48:53.347+0200: 4717,705: Total time for which application threads were stopped: 0,0002344 seconds, Stopping threads took: 0,0000682 seconds
2017-08-08T11:22:03.584+0200: 6707,941: Total time for which application threads were stopped: 0,0000790 seconds, Stopping threads took: 0,0000318 seconds
2017-08-08T11:34:33.162+0200: 7232,659: Total time for which application threads were stopped: 0,0000797 seconds, Stopping threads took: 0,0000320 seconds
2017-08-08T11:36:02.589+0200: 7321,670: Total time for which application threads were stopped: 0,0006020 seconds, Stopping threads took: 0,0001902 seconds
2017-08-08T11:42:02.638+0200: 7681,720: Total time for which application threads were stopped: 0,0000848 seconds, Stopping threads took: 0,0000323 seconds
2017-08-08T12:52:52.589+0200: 11552,671: Total time for which application threads were stopped: 0,0001811 seconds, Stopping threads took: 0,0000749 seconds
2017-08-08T13:56:22.048+0200: 15362,129: Total time for which application threads were stopped: 0,0001379 seconds, Stopping threads took: 0,0000541 seconds
2017-08-08T14:12:22.176+0200: 16322,258: Total time for which application threads were stopped: 0,0000825 seconds, Stopping threads took: 0,0000334 seconds
2017-08-08T14:12:44.180+0200: 16344,261: Total time for which application threads were stopped: 0,0000948 seconds, Stopping threads took: 0,0000363 seconds
2017-08-08T17:57:15.687+0200: 29724,853: Total time for which application threads were stopped: 0,0014253 seconds, Stopping threads took: 0,0013240 seconds
2017-08-08T17:57:15.687+0200: 29724,853: Total time for which application threads were stopped: 0,0001024 seconds, Stopping threads took: 0,0000306 seconds
2017-08-08T17:57:15.689+0200: 29724,854: Total time for which application threads were stopped: 0,0001046 seconds, Stopping threads took: 0,0000434 seconds
2017-08-08T17:57:15.690+0200: 29724,855: Total time for which application threads were stopped: 0,0000691 seconds, Stopping threads took: 0,0000115 seconds
2017-08-08T17:57:15.690+0200: 29724,855: Total time for which application threads were stopped: 0,0000995 seconds, Stopping threads took: 0,0000415 seconds
2017-08-08T17:57:15.690+0200: 29724,856: Total time for which application threads were stopped: 0,0000416 seconds, Stopping threads took: 0,0000165 seconds
2017-08-08T17:57:15.690+0200: 29724,856: Total time for which application threads were stopped: 0,0000413 seconds, Stopping threads took: 0,0000158 seconds
2017-08-08T17:57:15.690+0200: 29724,856: Total time for which application threads were stopped: 0,0000368 seconds, Stopping threads took: 0,0000129 seconds
2017-08-08T17:57:15.690+0200: 29724,856: Total time for which application threads were stopped: 0,0000271 seconds, Stopping threads took: 0,0000073 seconds
2017-08-08T17:57:15.690+0200: 29724,856: Total time for which application threads were stopped: 0,0000335 seconds, Stopping threads took: 0,0000105 seconds
2017-08-08T17:57:15.690+0200: 29724,856: Total time for which application threads were stopped: 0,0000351 seconds, Stopping threads took: 0,0000131 seconds
2017-08-08T17:57:15.691+0200: 29724,856: Total time for which application threads were stopped: 0,0000340 seconds, Stopping threads took: 0,0000122 seconds
2017-08-08T17:57:15.691+0200: 29724,856: Total time for which application threads were stopped: 0,0000326 seconds, Stopping threads took: 0,0000070 seconds
2017-08-08T17:57:15.691+0200: 29724,856: Total time for which application threads were stopped: 0,0000283 seconds, Stopping threads took: 0,0000076 seconds
2017-08-08T17:57:15.691+0200: 29724,856: Total time for which application threads were stopped: 0,0000358 seconds, Stopping threads took: 0,0000146 seconds
2017-08-08T17:57:15.691+0200: 29724,856: Total time for which application threads were stopped: 0,0000360 seconds, Stopping threads took: 0,0000147 seconds
2017-08-08T17:57:15.691+0200: 29724,856: Total time for which application threads were stopped: 0,0000363 seconds, Stopping threads took: 0,0000160 seconds
2017-08-08T17:57:15.691+0200: 29724,856: Total time for which application threads were stopped: 0,0000315 seconds, Stopping threads took: 0,0000108 seconds
2017-08-08T17:57:15.691+0200: 29724,856: Total time for which application threads were stopped: 0,0000331 seconds, Stopping threads took: 0,0000125 seconds
2017-08-08T17:57:15.691+0200: 29724,856: Total time for which application threads were stopped: 0,0000331 seconds, Stopping threads took: 0,0000125 seconds
2017-08-08T17:57:15.691+0200: 29724,856: Total time for which application threads were stopped: 0,0000320 seconds, Stopping threads took: 0,0000116 seconds
2017-08-08T17:57:15.691+0200: 29724,856: Total time for which application threads were stopped: 0,0000515 seconds, Stopping threads took: 0,0000102 seconds
2017-08-08T17:57:15.691+0200: 29724,856: Total time for which application threads were stopped: 0,0000242 seconds, Stopping threads took: 0,0000060 seconds
2017-08-08T17:57:15.691+0200: 29724,857: Total time for which application threads were stopped: 0,0000349 seconds, Stopping threads took: 0,0000122 seconds
2017-08-08T17:57:15.691+0200: 29724,857: Total time for which application threads were stopped: 0,0000305 seconds, Stopping threads took: 0,0000099 seconds
2017-08-08T17:57:15.700+0200: 29724,865: Total time for which application threads were stopped: 0,0001596 seconds, Stopping threads took: 0,0000395 seconds
2017-08-08T17:57:15.702+0200: 29724,867: Total time for which application threads were stopped: 0,0000629 seconds, Stopping threads took: 0,0000127 seconds
2017-08-08T17:57:15.702+0200: 29724,868: Total time for which application threads were stopped: 0,0000360 seconds, Stopping threads took: 0,0000117 seconds
2017-08-08T17:57:15.702+0200: 29724,868: Total time for which application threads were stopped: 0,0000253 seconds, Stopping threads took: 0,0000057 seconds
2017-08-08T17:57:15.702+0200: 29724,868: Total time for which application threads were stopped: 0,0000249 seconds, Stopping threads took: 0,0000046 seconds
2017-08-08T17:57:15.702+0200: 29724,868: Total time for which application threads were stopped: 0,0000346 seconds, Stopping threads took: 0,0000133 seconds
2017-08-08T17:57:15.702+0200: 29724,868: Total time for which application threads were stopped: 0,0000339 seconds, Stopping threads took: 0,0000126 seconds
2017-08-08T17:57:15.702+0200: 29724,868: Total time for which application threads were stopped: 0,0000336 seconds, Stopping threads took: 0,0000129 seconds
2017-08-08T17:57:15.702+0200: 29724,868: Total time for which application threads were stopped: 0,0000373 seconds, Stopping threads took: 0,0000141 seconds
2017-08-08T17:57:15.703+0200: 29724,868: Total time for which application threads were stopped: 0,0000388 seconds, Stopping threads took: 0,0000161 seconds
2017-08-08T17:57:15.705+0200: 29724,870: Total time for which application threads were stopped: 0,0001036 seconds, Stopping threads took: 0,0000459 seconds
2017-08-08T17:57:15.705+0200: 29724,870: Total time for which application threads were stopped: 0,0000494 seconds, Stopping threads took: 0,0000162 seconds
2017-08-08T17:57:15.707+0200: 29724,873: Total time for which application threads were stopped: 0,0001048 seconds, Stopping threads took: 0,0000348 seconds
2017-08-08T17:57:15.708+0200: 29724,873: Total time for which application threads were stopped: 0,0000462 seconds, Stopping threads took: 0,0000102 seconds
2017-08-08T17:57:15.709+0200: 29724,874: Total time for which application threads were stopped: 0,0000759 seconds, Stopping threads took: 0,0000250 seconds
2017-08-08T17:57:15.709+0200: 29724,874: Total time for which application threads were stopped: 0,0000594 seconds, Stopping threads took: 0,0000209 seconds
2017-08-08T17:57:15.709+0200: 29724,874: Total time for which application threads were stopped: 0,0000413 seconds, Stopping threads took: 0,0000178 seconds
2017-08-08T17:57:15.709+0200: 29724,875: Total time for which application threads were stopped: 0,0000512 seconds, Stopping threads took: 0,0000286 seconds
2017-08-08T17:57:15.710+0200: 29724,875: Total time for which application threads were stopped: 0,0000817 seconds, Stopping threads took: 0,0000304 seconds
2017-08-08T17:57:15.710+0200: 29724,876: Total time for which application threads were stopped: 0,0000557 seconds, Stopping threads took: 0,0000182 seconds
2017-08-08T17:57:15.710+0200: 29724,876: Total time for which application threads were stopped: 0,0000409 seconds, Stopping threads took: 0,0000174 seconds
2017-08-08T17:57:15.711+0200: 29724,876: Total time for which application threads were stopped: 0,0000356 seconds, Stopping threads took: 0,0000093 seconds
2017-08-08T17:57:15.711+0200: 29724,877: Total time for which application threads were stopped: 0,0007499 seconds, Stopping threads took: 0,0006800 seconds
2017-08-08T17:57:15.712+0200: 29724,877: Total time for which application threads were stopped: 0,0000637 seconds, Stopping threads took: 0,0000159 seconds
2017-08-08T17:57:15.718+0200: 29724,883: Total time for which application threads were stopped: 0,0043294 seconds, Stopping threads took: 0,0042495 seconds
2017-08-08T17:57:15.718+0200: 29724,883: Total time for which application threads were stopped: 0,0000816 seconds, Stopping threads took: 0,0000266 seconds
2017-08-08T17:57:15.719+0200: 29724,884: Total time for which application threads were stopped: 0,0000692 seconds, Stopping threads took: 0,0000162 seconds
2017-08-08T17:57:15.719+0200: 29724,884: Total time for which application threads were stopped: 0,0000463 seconds, Stopping threads took: 0,0000105 seconds
2017-08-08T17:57:15.719+0200: 29724,884: Total time for which application threads were stopped: 0,0000409 seconds, Stopping threads took: 0,0000187 seconds
2017-08-08T17:57:15.719+0200: 29724,885: Total time for which application threads were stopped: 0,0000573 seconds, Stopping threads took: 0,0000202 seconds
2017-08-08T17:57:15.720+0200: 29724,885: Total time for which application threads were stopped: 0,0000748 seconds, Stopping threads took: 0,0000235 seconds
2017-08-08T17:57:15.720+0200: 29724,886: Total time for which application threads were stopped: 0,0000398 seconds, Stopping threads took: 0,0000137 seconds
2017-08-08T17:57:15.723+0200: 29724,889: Total time for which application threads were stopped: 0,0030823 seconds, Stopping threads took: 0,0029408 seconds
2017-08-08T17:57:15.723+0200: 29724,889: Total time for which application threads were stopped: 0,0000343 seconds, Stopping threads took: 0,0000138 seconds
2017-08-08T17:57:15.724+0200: 29724,890: Total time for which application threads were stopped: 0,0000939 seconds, Stopping threads took: 0,0000265 seconds
2017-08-08T17:57:15.725+0200: 29724,891: Total time for which application threads were stopped: 0,0000587 seconds, Stopping threads took: 0,0000129 seconds
2017-08-08T17:57:15.726+0200: 29724,891: Total time for which application threads were stopped: 0,0000663 seconds, Stopping threads took: 0,0000113 seconds
Heap
 par new generation   total 109248K, used 38420K [0x00000000e0000000, 0x00000000e8000000, 0x00000000e8000000)
  eden space 87424K,  24% used [0x00000000e0000000, 0x00000000e152beb0, 0x00000000e5560000)
  from space 21824K,  76% used [0x00000000e6ab0000, 0x00000000e7b09278, 0x00000000e8000000)
  to   space 21824K,   0% used [0x00000000e5560000, 0x00000000e5560000, 0x00000000e6ab0000)
 concurrent mark-sweep generation total 393216K, used 6515K [0x00000000e8000000, 0x0000000100000000, 0x0000000100000000)
 Metaspace       used 28204K, capacity 28787K, committed 29052K, reserved 1075200K
  class space    used 3227K, capacity 3422K, committed 3452K, reserved 1048576K
