OpenJDK 64-Bit Server VM (25.111-b14) for linux-amd64 JRE (1.8.0_111-8u111-b14-2ubuntu0.16.04.2-b14), built on Oct 27 2016 18:10:19 by "buildd" with gcc 5.4.0 20160609
Memory: 4k page, physical 7867876k(7491836k free), swap 8076284k(8076284k free)
CommandLine flags: -XX:CMSInitiatingOccupancyFraction=50 -XX:CMSMaxAbortablePrecleanTime=6000 -XX:+CMSParallelRemarkEnabled -XX:+CMSScavengeBeforeRemark -XX:ConcGCThreads=4 -XX:InitialHeapSize=536870912 -XX:MaxHeapSize=536870912 -XX:MaxTenuringThreshold=8 -XX:NewRatio=3 -XX:OldPLABSize=16 -XX:OnOutOfMemoryError=/opt/solr/bin/oom_solr.sh 8983 /var/solr/logs -XX:ParallelGCThreads=4 -XX:+ParallelRefProcEnabled -XX:PretenureSizeThreshold=67108864 -XX:+PrintGC -XX:+PrintGCApplicationStoppedTime -XX:+PrintGCDateStamps -XX:+PrintGCDetails -XX:+PrintGCTimeStamps -XX:+PrintHeapAtGC -XX:+PrintTenuringDistribution -XX:SurvivorRatio=4 -XX:TargetSurvivorRatio=90 -XX:ThreadStackSize=256 -XX:+UseCMSInitiatingOccupancyOnly -XX:+UseCompressedClassPointers -XX:+UseCompressedOops -XX:+UseConcMarkSweepGC -XX:+UseParNewGC 
2016-11-07T06:03:59.990+0100: 0,113: Total time for which application threads were stopped: 0,0000663 seconds, Stopping threads took: 0,0000117 seconds
2016-11-07T06:04:00.057+0100: 0,180: Total time for which application threads were stopped: 0,0001090 seconds, Stopping threads took: 0,0000167 seconds
2016-11-07T06:04:00.069+0100: 0,191: Total time for which application threads were stopped: 0,0001459 seconds, Stopping threads took: 0,0000771 seconds
2016-11-07T06:04:00.197+0100: 0,319: Total time for which application threads were stopped: 0,0001246 seconds, Stopping threads took: 0,0000191 seconds
2016-11-07T06:04:00.353+0100: 0,476: Total time for which application threads were stopped: 0,0001297 seconds, Stopping threads took: 0,0000135 seconds
2016-11-07T06:04:00.394+0100: 0,516: Total time for which application threads were stopped: 0,0001334 seconds, Stopping threads took: 0,0000123 seconds
2016-11-07T06:04:00.406+0100: 0,528: Total time for which application threads were stopped: 0,0001430 seconds, Stopping threads took: 0,0000174 seconds
2016-11-07T06:04:00.583+0100: 0,706: Total time for which application threads were stopped: 0,0001548 seconds, Stopping threads took: 0,0000118 seconds
2016-11-07T06:04:00.801+0100: 0,923: Total time for which application threads were stopped: 0,0002418 seconds, Stopping threads took: 0,0000216 seconds
2016-11-07T06:04:00.819+0100: 0,941: Total time for which application threads were stopped: 0,0001964 seconds, Stopping threads took: 0,0000190 seconds
2016-11-07T06:04:00.819+0100: 0,942: Total time for which application threads were stopped: 0,0001831 seconds, Stopping threads took: 0,0000262 seconds
2016-11-07T06:04:00.829+0100: 0,952: Total time for which application threads were stopped: 0,0001677 seconds, Stopping threads took: 0,0000237 seconds
2016-11-07T06:04:00.900+0100: 1,022: Total time for which application threads were stopped: 0,0002567 seconds, Stopping threads took: 0,0000326 seconds
2016-11-07T06:04:01.077+0100: 1,200: Total time for which application threads were stopped: 0,0002669 seconds, Stopping threads took: 0,0000256 seconds
{Heap before GC invocations=0 (full 0):
 par new generation   total 109248K, used 87424K [0x00000000e0000000, 0x00000000e8000000, 0x00000000e8000000)
  eden space 87424K, 100% used [0x00000000e0000000, 0x00000000e5560000, 0x00000000e5560000)
  from space 21824K,   0% used [0x00000000e5560000, 0x00000000e5560000, 0x00000000e6ab0000)
  to   space 21824K,   0% used [0x00000000e6ab0000, 0x00000000e6ab0000, 0x00000000e8000000)
 concurrent mark-sweep generation total 393216K, used 0K [0x00000000e8000000, 0x0000000100000000, 0x0000000100000000)
 Metaspace       used 17910K, capacity 18142K, committed 18304K, reserved 1064960K
  class space    used 2029K, capacity 2130K, committed 2176K, reserved 1048576K
2016-11-07T06:04:01.271+0100: 1,393: [GC (Allocation Failure) 2016-11-07T06:04:01.271+0100: 1,393: [ParNew
Desired survivor size 20112992 bytes, new threshold 8 (max 8)
- age   1:   12184432 bytes,   12184432 total
: 87424K->12007K(109248K), 0,0193424 secs] 87424K->12007K(502464K), 0,0194474 secs] [Times: user=0,05 sys=0,00, real=0,02 secs] 
Heap after GC invocations=1 (full 0):
 par new generation   total 109248K, used 12007K [0x00000000e0000000, 0x00000000e8000000, 0x00000000e8000000)
  eden space 87424K,   0% used [0x00000000e0000000, 0x00000000e0000000, 0x00000000e5560000)
  from space 21824K,  55% used [0x00000000e6ab0000, 0x00000000e7669db0, 0x00000000e8000000)
  to   space 21824K,   0% used [0x00000000e5560000, 0x00000000e5560000, 0x00000000e6ab0000)
 concurrent mark-sweep generation total 393216K, used 0K [0x00000000e8000000, 0x0000000100000000, 0x0000000100000000)
 Metaspace       used 17910K, capacity 18142K, committed 18304K, reserved 1064960K
  class space    used 2029K, capacity 2130K, committed 2176K, reserved 1048576K
}
2016-11-07T06:04:01.290+0100: 1,413: Total time for which application threads were stopped: 0,0196817 seconds, Stopping threads took: 0,0000258 seconds
2016-11-07T06:04:01.873+0100: 1,996: Total time for which application threads were stopped: 0,0017480 seconds, Stopping threads took: 0,0014956 seconds
2016-11-07T06:04:01.912+0100: 2,035: Total time for which application threads were stopped: 0,0004385 seconds, Stopping threads took: 0,0000543 seconds
2016-11-07T06:04:01.938+0100: 2,061: Total time for which application threads were stopped: 0,0003304 seconds, Stopping threads took: 0,0000505 seconds
{Heap before GC invocations=1 (full 0):
 par new generation   total 109248K, used 99431K [0x00000000e0000000, 0x00000000e8000000, 0x00000000e8000000)
  eden space 87424K, 100% used [0x00000000e0000000, 0x00000000e5560000, 0x00000000e5560000)
  from space 21824K,  55% used [0x00000000e6ab0000, 0x00000000e7669db0, 0x00000000e8000000)
  to   space 21824K,   0% used [0x00000000e5560000, 0x00000000e5560000, 0x00000000e6ab0000)
 concurrent mark-sweep generation total 393216K, used 0K [0x00000000e8000000, 0x0000000100000000, 0x0000000100000000)
 Metaspace       used 20428K, capacity 20730K, committed 20992K, reserved 1067008K
  class space    used 2357K, capacity 2488K, committed 2560K, reserved 1048576K
2016-11-07T06:04:02.116+0100: 2,238: [GC (Allocation Failure) 2016-11-07T06:04:02.116+0100: 2,238: [ParNew
Desired survivor size 20112992 bytes, new threshold 8 (max 8)
- age   1:    4592480 bytes,    4592480 total
- age   2:    6272920 bytes,   10865400 total
: 99431K->15078K(109248K), 0,0133057 secs] 99431K->15078K(502464K), 0,0133797 secs] [Times: user=0,04 sys=0,00, real=0,01 secs] 
Heap after GC invocations=2 (full 0):
 par new generation   total 109248K, used 15078K [0x00000000e0000000, 0x00000000e8000000, 0x00000000e8000000)
  eden space 87424K,   0% used [0x00000000e0000000, 0x00000000e0000000, 0x00000000e5560000)
  from space 21824K,  69% used [0x00000000e5560000, 0x00000000e6419b80, 0x00000000e6ab0000)
  to   space 21824K,   0% used [0x00000000e6ab0000, 0x00000000e6ab0000, 0x00000000e8000000)
 concurrent mark-sweep generation total 393216K, used 0K [0x00000000e8000000, 0x0000000100000000, 0x0000000100000000)
 Metaspace       used 20428K, capacity 20730K, committed 20992K, reserved 1067008K
  class space    used 2357K, capacity 2488K, committed 2560K, reserved 1048576K
}
2016-11-07T06:04:02.129+0100: 2,252: Total time for which application threads were stopped: 0,0136079 seconds, Stopping threads took: 0,0000564 seconds
{Heap before GC invocations=2 (full 0):
 par new generation   total 109248K, used 102502K [0x00000000e0000000, 0x00000000e8000000, 0x00000000e8000000)
  eden space 87424K, 100% used [0x00000000e0000000, 0x00000000e5560000, 0x00000000e5560000)
  from space 21824K,  69% used [0x00000000e5560000, 0x00000000e6419b80, 0x00000000e6ab0000)
  to   space 21824K,   0% used [0x00000000e6ab0000, 0x00000000e6ab0000, 0x00000000e8000000)
 concurrent mark-sweep generation total 393216K, used 0K [0x00000000e8000000, 0x0000000100000000, 0x0000000100000000)
 Metaspace       used 20910K, capacity 21220K, committed 21296K, reserved 1069056K
  class space    used 2413K, capacity 2533K, committed 2560K, reserved 1048576K
2016-11-07T06:04:02.334+0100: 2,457: [GC (Allocation Failure) 2016-11-07T06:04:02.334+0100: 2,457: [ParNew
Desired survivor size 20112992 bytes, new threshold 8 (max 8)
- age   1:    1295720 bytes,    1295720 total
- age   2:    1600560 bytes,    2896280 total
- age   3:    6271576 bytes,    9167856 total
: 102502K->11727K(109248K), 0,0141579 secs] 102502K->11727K(502464K), 0,0142349 secs] [Times: user=0,05 sys=0,00, real=0,01 secs] 
Heap after GC invocations=3 (full 0):
 par new generation   total 109248K, used 11727K [0x00000000e0000000, 0x00000000e8000000, 0x00000000e8000000)
  eden space 87424K,   0% used [0x00000000e0000000, 0x00000000e0000000, 0x00000000e5560000)
  from space 21824K,  53% used [0x00000000e6ab0000, 0x00000000e7623e40, 0x00000000e8000000)
  to   space 21824K,   0% used [0x00000000e5560000, 0x00000000e5560000, 0x00000000e6ab0000)
 concurrent mark-sweep generation total 393216K, used 0K [0x00000000e8000000, 0x0000000100000000, 0x0000000100000000)
 Metaspace       used 20910K, capacity 21220K, committed 21296K, reserved 1069056K
  class space    used 2413K, capacity 2533K, committed 2560K, reserved 1048576K
}
2016-11-07T06:04:02.349+0100: 2,471: Total time for which application threads were stopped: 0,0167085 seconds, Stopping threads took: 0,0023177 seconds
2016-11-07T06:04:02.374+0100: 2,496: Total time for which application threads were stopped: 0,0003767 seconds, Stopping threads took: 0,0000889 seconds
2016-11-07T06:04:02.485+0100: 2,608: Total time for which application threads were stopped: 0,0001677 seconds, Stopping threads took: 0,0000580 seconds
2016-11-07T06:04:02.499+0100: 2,622: Total time for which application threads were stopped: 0,0003296 seconds, Stopping threads took: 0,0000214 seconds
2016-11-07T06:04:02.526+0100: 2,649: Total time for which application threads were stopped: 0,0000948 seconds, Stopping threads took: 0,0000264 seconds
2016-11-07T06:04:02.550+0100: 2,673: Total time for which application threads were stopped: 0,0002497 seconds, Stopping threads took: 0,0001646 seconds
2016-11-07T06:04:02.663+0100: 2,785: Total time for which application threads were stopped: 0,0003087 seconds, Stopping threads took: 0,0000468 seconds
2016-11-07T06:04:02.703+0100: 2,826: Total time for which application threads were stopped: 0,0001223 seconds, Stopping threads took: 0,0000269 seconds
2016-11-07T06:04:02.707+0100: 2,829: Total time for which application threads were stopped: 0,0003999 seconds, Stopping threads took: 0,0000348 seconds
2016-11-07T06:04:02.729+0100: 2,852: Total time for which application threads were stopped: 0,0006136 seconds, Stopping threads took: 0,0000361 seconds
2016-11-07T06:04:02.776+0100: 2,899: Total time for which application threads were stopped: 0,0001461 seconds, Stopping threads took: 0,0000234 seconds
{Heap before GC invocations=3 (full 0):
 par new generation   total 109248K, used 99151K [0x00000000e0000000, 0x00000000e8000000, 0x00000000e8000000)
  eden space 87424K, 100% used [0x00000000e0000000, 0x00000000e5560000, 0x00000000e5560000)
  from space 21824K,  53% used [0x00000000e6ab0000, 0x00000000e7623e40, 0x00000000e8000000)
  to   space 21824K,   0% used [0x00000000e5560000, 0x00000000e5560000, 0x00000000e6ab0000)
 concurrent mark-sweep generation total 393216K, used 0K [0x00000000e8000000, 0x0000000100000000, 0x0000000100000000)
 Metaspace       used 22932K, capacity 23332K, committed 23544K, reserved 1071104K
  class space    used 2652K, capacity 2811K, committed 2864K, reserved 1048576K
2016-11-07T06:04:02.785+0100: 2,907: [GC (Allocation Failure) 2016-11-07T06:04:02.785+0100: 2,907: [ParNew
Desired survivor size 20112992 bytes, new threshold 8 (max 8)
- age   1:    2560400 bytes,    2560400 total
- age   2:     180928 bytes,    2741328 total
- age   3:     810656 bytes,    3551984 total
- age   4:    6265952 bytes,    9817936 total
: 99151K->12057K(109248K), 0,0145426 secs] 99151K->12057K(502464K), 0,0146098 secs] [Times: user=0,06 sys=0,00, real=0,02 secs] 
Heap after GC invocations=4 (full 0):
 par new generation   total 109248K, used 12057K [0x00000000e0000000, 0x00000000e8000000, 0x00000000e8000000)
  eden space 87424K,   0% used [0x00000000e0000000, 0x00000000e0000000, 0x00000000e5560000)
  from space 21824K,  55% used [0x00000000e5560000, 0x00000000e61266f0, 0x00000000e6ab0000)
  to   space 21824K,   0% used [0x00000000e6ab0000, 0x00000000e6ab0000, 0x00000000e8000000)
 concurrent mark-sweep generation total 393216K, used 0K [0x00000000e8000000, 0x0000000100000000, 0x0000000100000000)
 Metaspace       used 22932K, capacity 23332K, committed 23544K, reserved 1071104K
  class space    used 2652K, capacity 2811K, committed 2864K, reserved 1048576K
}
2016-11-07T06:04:02.799+0100: 2,922: Total time for which application threads were stopped: 0,0148551 seconds, Stopping threads took: 0,0000810 seconds
2016-11-07T06:04:02.801+0100: 2,924: [GC (CMS Initial Mark) [1 CMS-initial-mark: 0K(393216K)] 13808K(502464K), 0,0047298 secs] [Times: user=0,02 sys=0,00, real=0,00 secs] 
2016-11-07T06:04:02.806+0100: 2,928: Total time for which application threads were stopped: 0,0048552 seconds, Stopping threads took: 0,0000381 seconds
2016-11-07T06:04:02.806+0100: 2,928: [CMS-concurrent-mark-start]
2016-11-07T06:04:02.807+0100: 2,930: [CMS-concurrent-mark: 0,001/0,001 secs] [Times: user=0,00 sys=0,00, real=0,01 secs] 
2016-11-07T06:04:02.807+0100: 2,930: [CMS-concurrent-preclean-start]
2016-11-07T06:04:02.808+0100: 2,931: [CMS-concurrent-preclean: 0,001/0,001 secs] [Times: user=0,00 sys=0,00, real=0,00 secs] 
2016-11-07T06:04:02.808+0100: 2,931: [GC (CMS Final Remark) [YG occupancy: 13808 K (109248 K)]{Heap before GC invocations=4 (full 1):
 par new generation   total 109248K, used 13808K [0x00000000e0000000, 0x00000000e8000000, 0x00000000e8000000)
  eden space 87424K,   2% used [0x00000000e0000000, 0x00000000e01b5b50, 0x00000000e5560000)
  from space 21824K,  55% used [0x00000000e5560000, 0x00000000e61266f0, 0x00000000e6ab0000)
  to   space 21824K,   0% used [0x00000000e6ab0000, 0x00000000e6ab0000, 0x00000000e8000000)
 concurrent mark-sweep generation total 393216K, used 0K [0x00000000e8000000, 0x0000000100000000, 0x0000000100000000)
 Metaspace       used 22947K, capacity 23332K, committed 23544K, reserved 1071104K
  class space    used 2654K, capacity 2811K, committed 2864K, reserved 1048576K
2016-11-07T06:04:02.809+0100: 2,931: [GC (CMS Final Remark) 2016-11-07T06:04:02.809+0100: 2,931: [ParNew
Desired survivor size 20112992 bytes, new threshold 8 (max 8)
- age   1:      21088 bytes,      21088 total
- age   2:    1253176 bytes,    1274264 total
- age   3:     181216 bytes,    1455480 total
- age   4:     810704 bytes,    2266184 total
- age   5:    6265096 bytes,    8531280 total
: 13808K->12594K(109248K), 0,0093804 secs] 13808K->12594K(502464K), 0,0094319 secs] [Times: user=0,04 sys=0,00, real=0,01 secs] 
Heap after GC invocations=5 (full 1):
 par new generation   total 109248K, used 12594K [0x00000000e0000000, 0x00000000e8000000, 0x00000000e8000000)
  eden space 87424K,   0% used [0x00000000e0000000, 0x00000000e0000000, 0x00000000e5560000)
  from space 21824K,  57% used [0x00000000e6ab0000, 0x00000000e76fcbf0, 0x00000000e8000000)
  to   space 21824K,   0% used [0x00000000e5560000, 0x00000000e5560000, 0x00000000e6ab0000)
 concurrent mark-sweep generation total 393216K, used 0K [0x00000000e8000000, 0x0000000100000000, 0x0000000100000000)
 Metaspace       used 22947K, capacity 23332K, committed 23544K, reserved 1071104K
  class space    used 2654K, capacity 2811K, committed 2864K, reserved 1048576K
}
2016-11-07T06:04:02.818+0100: 2,941: [Rescan (parallel) , 0,0033679 secs]2016-11-07T06:04:02.821+0100: 2,944: [weak refs processing, 0,0009925 secs]2016-11-07T06:04:02.822+0100: 2,945: [class unloading, 0,0030945 secs]2016-11-07T06:04:02.825+0100: 2,948: [scrub symbol table, 0,0029271 secs]2016-11-07T06:04:02.828+0100: 2,951: [scrub string table, 0,0003782 secs][1 CMS-remark: 0K(393216K)] 12594K(502464K), 0,0209794 secs] [Times: user=0,06 sys=0,00, real=0,02 secs] 
2016-11-07T06:04:02.829+0100: 2,952: Total time for which application threads were stopped: 0,0212504 seconds, Stopping threads took: 0,0001826 seconds
2016-11-07T06:04:02.830+0100: 2,952: [CMS-concurrent-sweep-start]
2016-11-07T06:04:02.830+0100: 2,952: [CMS-concurrent-sweep: 0,000/0,000 secs] [Times: user=0,00 sys=0,00, real=0,00 secs] 
2016-11-07T06:04:02.830+0100: 2,952: [CMS-concurrent-reset-start]
2016-11-07T06:04:02.832+0100: 2,954: [CMS-concurrent-reset: 0,002/0,002 secs] [Times: user=0,00 sys=0,00, real=0,00 secs] 
2016-11-07T06:04:03.830+0100: 3,952: Total time for which application threads were stopped: 0,0001704 seconds, Stopping threads took: 0,0000427 seconds
2016-11-07T06:04:03.926+0100: 4,049: Total time for which application threads were stopped: 0,0002965 seconds, Stopping threads took: 0,0000162 seconds
2016-11-07T06:04:30.929+0100: 31,052: Total time for which application threads were stopped: 0,0000582 seconds, Stopping threads took: 0,0000155 seconds
2016-11-07T06:06:30.942+0100: 151,065: Total time for which application threads were stopped: 0,0000830 seconds, Stopping threads took: 0,0000351 seconds
2016-11-07T06:06:35.943+0100: 156,066: Total time for which application threads were stopped: 0,0000880 seconds, Stopping threads took: 0,0000344 seconds
2016-11-07T06:07:05.946+0100: 186,069: Total time for which application threads were stopped: 0,0001262 seconds, Stopping threads took: 0,0000398 seconds
2016-11-07T06:07:40.950+0100: 221,073: Total time for which application threads were stopped: 0,0000845 seconds, Stopping threads took: 0,0000343 seconds
2016-11-07T06:08:35.957+0100: 276,080: Total time for which application threads were stopped: 0,0000856 seconds, Stopping threads took: 0,0000298 seconds
2016-11-07T06:08:45.958+0100: 286,081: Total time for which application threads were stopped: 0,0000639 seconds, Stopping threads took: 0,0000158 seconds
2016-11-07T06:27:36.107+0100: 1416,230: Total time for which application threads were stopped: 0,0000750 seconds, Stopping threads took: 0,0000257 seconds
2016-11-07T06:31:01.132+0100: 1621,255: Total time for which application threads were stopped: 0,0000903 seconds, Stopping threads took: 0,0000334 seconds
2016-11-07T06:31:56.139+0100: 1676,262: Total time for which application threads were stopped: 0,0001525 seconds, Stopping threads took: 0,0000533 seconds
2016-11-07T06:40:31.204+0100: 2191,326: Total time for which application threads were stopped: 0,0000967 seconds, Stopping threads took: 0,0000320 seconds
2016-11-07T06:43:06.223+0100: 2346,345: Total time for which application threads were stopped: 0,0000757 seconds, Stopping threads took: 0,0000281 seconds
2016-11-07T06:43:11.223+0100: 2351,346: Total time for which application threads were stopped: 0,0001306 seconds, Stopping threads took: 0,0000285 seconds
2016-11-07T06:43:51.228+0100: 2391,351: Total time for which application threads were stopped: 0,0003488 seconds, Stopping threads took: 0,0002186 seconds
2016-11-07T07:01:31.377+0100: 3451,500: Total time for which application threads were stopped: 0,0000722 seconds, Stopping threads took: 0,0000258 seconds
2016-11-07T07:01:51.379+0100: 3471,502: Total time for which application threads were stopped: 0,0000606 seconds, Stopping threads took: 0,0000146 seconds
2016-11-07T07:01:56.380+0100: 3476,502: Total time for which application threads were stopped: 0,0000753 seconds, Stopping threads took: 0,0000288 seconds
2016-11-07T07:02:10.538+0100: 3490,661: Total time for which application threads were stopped: 0,0001661 seconds, Stopping threads took: 0,0000282 seconds
Heap
 par new generation   total 109248K, used 87597K [0x00000000e0000000, 0x00000000e8000000, 0x00000000e8000000)
  eden space 87424K,  85% used [0x00000000e0000000, 0x00000000e493ea18, 0x00000000e5560000)
  from space 21824K,  57% used [0x00000000e6ab0000, 0x00000000e76fcbf0, 0x00000000e8000000)
  to   space 21824K,   0% used [0x00000000e5560000, 0x00000000e5560000, 0x00000000e6ab0000)
 concurrent mark-sweep generation total 393216K, used 0K [0x00000000e8000000, 0x0000000100000000, 0x0000000100000000)
 Metaspace       used 27297K, capacity 27738K, committed 27896K, reserved 1073152K
  class space    used 3169K, capacity 3336K, committed 3376K, reserved 1048576K
