OpenJDK 64-Bit Server VM (25.131-b11) for linux-amd64 JRE (1.8.0_131-8u131-b11-0ubuntu1.16.04.2-b11), built on May  6 2017 02:45:27 by "buildd" with gcc 5.4.0 20160609
Memory: 4k page, physical 7867740k(7473356k free), swap 8076284k(8076284k free)
CommandLine flags: -XX:CMSInitiatingOccupancyFraction=50 -XX:CMSMaxAbortablePrecleanTime=6000 -XX:+CMSParallelRemarkEnabled -XX:+CMSScavengeBeforeRemark -XX:ConcGCThreads=4 -XX:InitialHeapSize=536870912 -XX:MaxHeapSize=536870912 -XX:MaxTenuringThreshold=8 -XX:NewRatio=3 -XX:OldPLABSize=16 -XX:OnOutOfMemoryError=/opt/solr/bin/oom_solr.sh 8983 /var/solr/logs -XX:ParallelGCThreads=4 -XX:+ParallelRefProcEnabled -XX:PretenureSizeThreshold=67108864 -XX:+PrintGC -XX:+PrintGCApplicationStoppedTime -XX:+PrintGCDateStamps -XX:+PrintGCDetails -XX:+PrintGCTimeStamps -XX:+PrintHeapAtGC -XX:+PrintTenuringDistribution -XX:SurvivorRatio=4 -XX:TargetSurvivorRatio=90 -XX:ThreadStackSize=256 -XX:+UseCMSInitiatingOccupancyOnly -XX:+UseCompressedClassPointers -XX:+UseCompressedOops -XX:+UseConcMarkSweepGC -XX:+UseParNewGC 
2017-07-04T22:16:44.112+0200: 0,196: Total time for which application threads were stopped: 0,0000728 seconds, Stopping threads took: 0,0000126 seconds
2017-07-04T22:16:44.212+0200: 0,296: Total time for which application threads were stopped: 0,0001207 seconds, Stopping threads took: 0,0000178 seconds
2017-07-04T22:16:44.240+0200: 0,324: Total time for which application threads were stopped: 0,0001138 seconds, Stopping threads took: 0,0000322 seconds
2017-07-04T22:16:44.830+0200: 0,914: Total time for which application threads were stopped: 0,0001448 seconds, Stopping threads took: 0,0000133 seconds
2017-07-04T22:16:45.229+0200: 1,312: Total time for which application threads were stopped: 0,0001310 seconds, Stopping threads took: 0,0000115 seconds
2017-07-04T22:16:45.295+0200: 1,379: Total time for which application threads were stopped: 0,0001413 seconds, Stopping threads took: 0,0000109 seconds
2017-07-04T22:16:45.334+0200: 1,417: Total time for which application threads were stopped: 0,0002092 seconds, Stopping threads took: 0,0000549 seconds
2017-07-04T22:16:45.724+0200: 1,807: Total time for which application threads were stopped: 0,0001559 seconds, Stopping threads took: 0,0000117 seconds
2017-07-04T22:16:45.993+0200: 2,077: Total time for which application threads were stopped: 0,0001910 seconds, Stopping threads took: 0,0000123 seconds
2017-07-04T22:16:46.026+0200: 2,110: Total time for which application threads were stopped: 0,0001937 seconds, Stopping threads took: 0,0000192 seconds
2017-07-04T22:16:46.069+0200: 2,152: Total time for which application threads were stopped: 0,0002525 seconds, Stopping threads took: 0,0000304 seconds
2017-07-04T22:16:46.071+0200: 2,154: Total time for which application threads were stopped: 0,0008357 seconds, Stopping threads took: 0,0000159 seconds
2017-07-04T22:16:46.090+0200: 2,174: Total time for which application threads were stopped: 0,0002248 seconds, Stopping threads took: 0,0000249 seconds
2017-07-04T22:16:46.191+0200: 2,275: Total time for which application threads were stopped: 0,0002165 seconds, Stopping threads took: 0,0000192 seconds
2017-07-04T22:16:46.363+0200: 2,447: Total time for which application threads were stopped: 0,0002514 seconds, Stopping threads took: 0,0000306 seconds
{Heap before GC invocations=0 (full 0):
 par new generation   total 109248K, used 87424K [0x00000000e0000000, 0x00000000e8000000, 0x00000000e8000000)
  eden space 87424K, 100% used [0x00000000e0000000, 0x00000000e5560000, 0x00000000e5560000)
  from space 21824K,   0% used [0x00000000e5560000, 0x00000000e5560000, 0x00000000e6ab0000)
  to   space 21824K,   0% used [0x00000000e6ab0000, 0x00000000e6ab0000, 0x00000000e8000000)
 concurrent mark-sweep generation total 393216K, used 0K [0x00000000e8000000, 0x0000000100000000, 0x0000000100000000)
 Metaspace       used 17801K, capacity 18112K, committed 18304K, reserved 1064960K
  class space    used 2024K, capacity 2164K, committed 2176K, reserved 1048576K
2017-07-04T22:16:46.403+0200: 2,487: [GC (Allocation Failure) 2017-07-04T22:16:46.403+0200: 2,487: [ParNew
Desired survivor size 20112992 bytes, new threshold 8 (max 8)
- age   1:   11603616 bytes,   11603616 total
: 87424K->11436K(109248K), 0,0143515 secs] 87424K->11436K(502464K), 0,0144325 secs] [Times: user=0,03 sys=0,02, real=0,01 secs] 
Heap after GC invocations=1 (full 0):
 par new generation   total 109248K, used 11436K [0x00000000e0000000, 0x00000000e8000000, 0x00000000e8000000)
  eden space 87424K,   0% used [0x00000000e0000000, 0x00000000e0000000, 0x00000000e5560000)
  from space 21824K,  52% used [0x00000000e6ab0000, 0x00000000e75db348, 0x00000000e8000000)
  to   space 21824K,   0% used [0x00000000e5560000, 0x00000000e5560000, 0x00000000e6ab0000)
 concurrent mark-sweep generation total 393216K, used 0K [0x00000000e8000000, 0x0000000100000000, 0x0000000100000000)
 Metaspace       used 17801K, capacity 18112K, committed 18304K, reserved 1064960K
  class space    used 2024K, capacity 2164K, committed 2176K, reserved 1048576K
}
2017-07-04T22:16:46.417+0200: 2,501: Total time for which application threads were stopped: 0,0146364 seconds, Stopping threads took: 0,0000574 seconds
2017-07-04T22:16:46.834+0200: 2,918: Total time for which application threads were stopped: 0,0003343 seconds, Stopping threads took: 0,0000551 seconds
{Heap before GC invocations=1 (full 0):
 par new generation   total 109248K, used 98860K [0x00000000e0000000, 0x00000000e8000000, 0x00000000e8000000)
  eden space 87424K, 100% used [0x00000000e0000000, 0x00000000e5560000, 0x00000000e5560000)
  from space 21824K,  52% used [0x00000000e6ab0000, 0x00000000e75db348, 0x00000000e8000000)
  to   space 21824K,   0% used [0x00000000e5560000, 0x00000000e5560000, 0x00000000e6ab0000)
 concurrent mark-sweep generation total 393216K, used 0K [0x00000000e8000000, 0x0000000100000000, 0x0000000100000000)
 Metaspace       used 20055K, capacity 20424K, committed 20736K, reserved 1067008K
  class space    used 2293K, capacity 2466K, committed 2560K, reserved 1048576K
2017-07-04T22:16:46.862+0200: 2,945: [GC (Allocation Failure) 2017-07-04T22:16:46.862+0200: 2,946: [ParNew
Desired survivor size 20112992 bytes, new threshold 8 (max 8)
- age   1:    4000448 bytes,    4000448 total
- age   2:    6121736 bytes,   10122184 total
: 98860K->14701K(109248K), 0,0098418 secs] 98860K->14701K(502464K), 0,0099260 secs] [Times: user=0,03 sys=0,00, real=0,01 secs] 
Heap after GC invocations=2 (full 0):
 par new generation   total 109248K, used 14701K [0x00000000e0000000, 0x00000000e8000000, 0x00000000e8000000)
  eden space 87424K,   0% used [0x00000000e0000000, 0x00000000e0000000, 0x00000000e5560000)
  from space 21824K,  67% used [0x00000000e5560000, 0x00000000e63bb640, 0x00000000e6ab0000)
  to   space 21824K,   0% used [0x00000000e6ab0000, 0x00000000e6ab0000, 0x00000000e8000000)
 concurrent mark-sweep generation total 393216K, used 0K [0x00000000e8000000, 0x0000000100000000, 0x0000000100000000)
 Metaspace       used 20055K, capacity 20424K, committed 20736K, reserved 1067008K
  class space    used 2293K, capacity 2466K, committed 2560K, reserved 1048576K
}
2017-07-04T22:16:46.872+0200: 2,955: Total time for which application threads were stopped: 0,0101164 seconds, Stopping threads took: 0,0000240 seconds
2017-07-04T22:16:46.890+0200: 2,974: Total time for which application threads were stopped: 0,0032035 seconds, Stopping threads took: 0,0029403 seconds
2017-07-04T22:16:46.918+0200: 3,002: Total time for which application threads were stopped: 0,0012322 seconds, Stopping threads took: 0,0009678 seconds
2017-07-04T22:16:47.042+0200: 3,126: Total time for which application threads were stopped: 0,0002205 seconds, Stopping threads took: 0,0000714 seconds
{Heap before GC invocations=2 (full 0):
 par new generation   total 109248K, used 102125K [0x00000000e0000000, 0x00000000e8000000, 0x00000000e8000000)
  eden space 87424K, 100% used [0x00000000e0000000, 0x00000000e5560000, 0x00000000e5560000)
  from space 21824K,  67% used [0x00000000e5560000, 0x00000000e63bb640, 0x00000000e6ab0000)
  to   space 21824K,   0% used [0x00000000e6ab0000, 0x00000000e6ab0000, 0x00000000e8000000)
 concurrent mark-sweep generation total 393216K, used 0K [0x00000000e8000000, 0x0000000100000000, 0x0000000100000000)
 Metaspace       used 20978K, capacity 21282K, committed 21628K, reserved 1069056K
  class space    used 2416K, capacity 2585K, committed 2684K, reserved 1048576K
2017-07-04T22:16:47.080+0200: 3,164: [GC (Allocation Failure) 2017-07-04T22:16:47.080+0200: 3,164: [ParNew
Desired survivor size 20112992 bytes, new threshold 8 (max 8)
- age   1:    2159544 bytes,    2159544 total
- age   2:    1351128 bytes,    3510672 total
- age   3:    6120632 bytes,    9631304 total
: 102125K->12475K(109248K), 0,0139541 secs] 102125K->12475K(502464K), 0,0140187 secs] [Times: user=0,04 sys=0,01, real=0,01 secs] 
Heap after GC invocations=3 (full 0):
 par new generation   total 109248K, used 12475K [0x00000000e0000000, 0x00000000e8000000, 0x00000000e8000000)
  eden space 87424K,   0% used [0x00000000e0000000, 0x00000000e0000000, 0x00000000e5560000)
  from space 21824K,  57% used [0x00000000e6ab0000, 0x00000000e76ded10, 0x00000000e8000000)
  to   space 21824K,   0% used [0x00000000e5560000, 0x00000000e5560000, 0x00000000e6ab0000)
 concurrent mark-sweep generation total 393216K, used 0K [0x00000000e8000000, 0x0000000100000000, 0x0000000100000000)
 Metaspace       used 20978K, capacity 21282K, committed 21628K, reserved 1069056K
  class space    used 2416K, capacity 2585K, committed 2684K, reserved 1048576K
}
2017-07-04T22:16:47.094+0200: 3,178: Total time for which application threads were stopped: 0,0142904 seconds, Stopping threads took: 0,0001531 seconds
2017-07-04T22:16:47.094+0200: 3,178: [GC (CMS Initial Mark) [1 CMS-initial-mark: 0K(393216K)] 13865K(502464K), 0,0027045 secs] [Times: user=0,01 sys=0,00, real=0,00 secs] 
2017-07-04T22:16:47.097+0200: 3,181: Total time for which application threads were stopped: 0,0028316 seconds, Stopping threads took: 0,0000481 seconds
2017-07-04T22:16:47.097+0200: 3,181: [CMS-concurrent-mark-start]
2017-07-04T22:16:47.098+0200: 3,181: [CMS-concurrent-mark: 0,001/0,001 secs] [Times: user=0,00 sys=0,00, real=0,01 secs] 
2017-07-04T22:16:47.098+0200: 3,181: [CMS-concurrent-preclean-start]
2017-07-04T22:16:47.099+0200: 3,183: [CMS-concurrent-preclean: 0,001/0,001 secs] [Times: user=0,01 sys=0,00, real=0,00 secs] 
2017-07-04T22:16:47.099+0200: 3,183: [CMS-concurrent-abortable-preclean-start]
2017-07-04T22:16:47.144+0200: 3,228: Total time for which application threads were stopped: 0,0001272 seconds, Stopping threads took: 0,0000441 seconds
{Heap before GC invocations=3 (full 1):
 par new generation   total 109248K, used 99899K [0x00000000e0000000, 0x00000000e8000000, 0x00000000e8000000)
  eden space 87424K, 100% used [0x00000000e0000000, 0x00000000e5560000, 0x00000000e5560000)
  from space 21824K,  57% used [0x00000000e6ab0000, 0x00000000e76ded10, 0x00000000e8000000)
  to   space 21824K,   0% used [0x00000000e5560000, 0x00000000e5560000, 0x00000000e6ab0000)
 concurrent mark-sweep generation total 393216K, used 0K [0x00000000e8000000, 0x0000000100000000, 0x0000000100000000)
 Metaspace       used 21251K, capacity 21622K, committed 21884K, reserved 1069056K
  class space    used 2443K, capacity 2600K, committed 2684K, reserved 1048576K
2017-07-04T22:16:47.202+0200: 3,286: [GC (Allocation Failure) 2017-07-04T22:16:47.202+0200: 3,286: [ParNew
Desired survivor size 20112992 bytes, new threshold 8 (max 8)
- age   1:    1295568 bytes,    1295568 total
- age   2:    1491224 bytes,    2786792 total
- age   3:    1318208 bytes,    4105000 total
- age   4:    6119728 bytes,   10224728 total
: 99899K->12282K(109248K), 0,0113371 secs] 99899K->12282K(502464K), 0,0113979 secs] [Times: user=0,04 sys=0,00, real=0,01 secs] 
Heap after GC invocations=4 (full 1):
 par new generation   total 109248K, used 12282K [0x00000000e0000000, 0x00000000e8000000, 0x00000000e8000000)
  eden space 87424K,   0% used [0x00000000e0000000, 0x00000000e0000000, 0x00000000e5560000)
  from space 21824K,  56% used [0x00000000e5560000, 0x00000000e615e820, 0x00000000e6ab0000)
  to   space 21824K,   0% used [0x00000000e6ab0000, 0x00000000e6ab0000, 0x00000000e8000000)
 concurrent mark-sweep generation total 393216K, used 0K [0x00000000e8000000, 0x0000000100000000, 0x0000000100000000)
 Metaspace       used 21251K, capacity 21622K, committed 21884K, reserved 1069056K
  class space    used 2443K, capacity 2600K, committed 2684K, reserved 1048576K
}
2017-07-04T22:16:47.213+0200: 3,297: Total time for which application threads were stopped: 0,0157378 seconds, Stopping threads took: 0,0041993 seconds
2017-07-04T22:16:47.213+0200: 3,297: [CMS-concurrent-abortable-preclean: 0,046/0,114 secs] [Times: user=0,42 sys=0,01, real=0,11 secs] 
2017-07-04T22:16:47.217+0200: 3,301: [GC (CMS Final Remark) [YG occupancy: 13612 K (109248 K)]{Heap before GC invocations=4 (full 1):
 par new generation   total 109248K, used 13612K [0x00000000e0000000, 0x00000000e8000000, 0x00000000e8000000)
  eden space 87424K,   1% used [0x00000000e0000000, 0x00000000e014cb28, 0x00000000e5560000)
  from space 21824K,  56% used [0x00000000e5560000, 0x00000000e615e820, 0x00000000e6ab0000)
  to   space 21824K,   0% used [0x00000000e6ab0000, 0x00000000e6ab0000, 0x00000000e8000000)
 concurrent mark-sweep generation total 393216K, used 0K [0x00000000e8000000, 0x0000000100000000, 0x0000000100000000)
 Metaspace       used 21251K, capacity 21622K, committed 21884K, reserved 1069056K
  class space    used 2443K, capacity 2600K, committed 2684K, reserved 1048576K
2017-07-04T22:16:47.217+0200: 3,301: [GC (CMS Final Remark) 2017-07-04T22:16:47.217+0200: 3,301: [ParNew
Desired survivor size 20112992 bytes, new threshold 8 (max 8)
- age   1:      16864 bytes,      16864 total
- age   2:    1295128 bytes,    1311992 total
- age   3:    1491224 bytes,    2803216 total
- age   4:    1318208 bytes,    4121424 total
- age   5:    6119936 bytes,   10241360 total
: 13612K->17434K(109248K), 0,0094954 secs] 13612K->17434K(502464K), 0,0095347 secs] [Times: user=0,04 sys=0,00, real=0,02 secs] 
Heap after GC invocations=5 (full 1):
 par new generation   total 109248K, used 17434K [0x00000000e0000000, 0x00000000e8000000, 0x00000000e8000000)
  eden space 87424K,   0% used [0x00000000e0000000, 0x00000000e0000000, 0x00000000e5560000)
  from space 21824K,  79% used [0x00000000e6ab0000, 0x00000000e7bb6800, 0x00000000e8000000)
  to   space 21824K,   0% used [0x00000000e5560000, 0x00000000e5560000, 0x00000000e6ab0000)
 concurrent mark-sweep generation total 393216K, used 0K [0x00000000e8000000, 0x0000000100000000, 0x0000000100000000)
 Metaspace       used 21251K, capacity 21622K, committed 21884K, reserved 1069056K
  class space    used 2443K, capacity 2600K, committed 2684K, reserved 1048576K
}
2017-07-04T22:16:47.227+0200: 3,310: [Rescan (parallel) , 0,0036018 secs]2017-07-04T22:16:47.230+0200: 3,314: [weak refs processing, 0,0011868 secs]2017-07-04T22:16:47.232+0200: 3,315: [class unloading, 0,0028507 secs]2017-07-04T22:16:47.234+0200: 3,318: [scrub symbol table, 0,0026129 secs]2017-07-04T22:16:47.237+0200: 3,321: [scrub string table, 0,0003670 secs][1 CMS-remark: 0K(393216K)] 17434K(502464K), 0,0208069 secs] [Times: user=0,06 sys=0,00, real=0,03 secs] 
2017-07-04T22:16:47.238+0200: 3,322: Total time for which application threads were stopped: 0,0246448 seconds, Stopping threads took: 0,0037697 seconds
2017-07-04T22:16:47.242+0200: 3,325: [CMS-concurrent-sweep-start]
2017-07-04T22:16:47.242+0200: 3,325: [CMS-concurrent-sweep: 0,000/0,000 secs] [Times: user=0,00 sys=0,00, real=0,00 secs] 
2017-07-04T22:16:47.242+0200: 3,325: [CMS-concurrent-reset-start]
2017-07-04T22:16:47.244+0200: 3,327: [CMS-concurrent-reset: 0,002/0,002 secs] [Times: user=0,01 sys=0,00, real=0,00 secs] 
{Heap before GC invocations=5 (full 1):
 par new generation   total 109248K, used 104858K [0x00000000e0000000, 0x00000000e8000000, 0x00000000e8000000)
  eden space 87424K, 100% used [0x00000000e0000000, 0x00000000e5560000, 0x00000000e5560000)
  from space 21824K,  79% used [0x00000000e6ab0000, 0x00000000e7bb6800, 0x00000000e8000000)
  to   space 21824K,   0% used [0x00000000e5560000, 0x00000000e5560000, 0x00000000e6ab0000)
 concurrent mark-sweep generation total 393216K, used 0K [0x00000000e8000000, 0x0000000100000000, 0x0000000100000000)
 Metaspace       used 21386K, capacity 21782K, committed 21884K, reserved 1069056K
  class space    used 2463K, capacity 2632K, committed 2684K, reserved 1048576K
2017-07-04T22:16:47.321+0200: 3,405: [GC (Allocation Failure) 2017-07-04T22:16:47.321+0200: 3,405: [ParNew
Desired survivor size 20112992 bytes, new threshold 8 (max 8)
- age   1:     704672 bytes,     704672 total
- age   2:         32 bytes,     704704 total
- age   3:     169352 bytes,     874056 total
- age   4:    1491128 bytes,    2365184 total
- age   5:    1316192 bytes,    3681376 total
- age   6:    6119776 bytes,    9801152 total
: 104858K->12868K(109248K), 0,0087940 secs] 104858K->12868K(502464K), 0,0088628 secs] [Times: user=0,03 sys=0,00, real=0,01 secs] 
Heap after GC invocations=6 (full 1):
 par new generation   total 109248K, used 12868K [0x00000000e0000000, 0x00000000e8000000, 0x00000000e8000000)
  eden space 87424K,   0% used [0x00000000e0000000, 0x00000000e0000000, 0x00000000e5560000)
  from space 21824K,  58% used [0x00000000e5560000, 0x00000000e61f12d8, 0x00000000e6ab0000)
  to   space 21824K,   0% used [0x00000000e6ab0000, 0x00000000e6ab0000, 0x00000000e8000000)
 concurrent mark-sweep generation total 393216K, used 0K [0x00000000e8000000, 0x0000000100000000, 0x0000000100000000)
 Metaspace       used 21386K, capacity 21782K, committed 21884K, reserved 1069056K
  class space    used 2463K, capacity 2632K, committed 2684K, reserved 1048576K
}
2017-07-04T22:16:47.330+0200: 3,414: Total time for which application threads were stopped: 0,0090762 seconds, Stopping threads took: 0,0000642 seconds
2017-07-04T22:16:47.373+0200: 3,456: Total time for which application threads were stopped: 0,0003510 seconds, Stopping threads took: 0,0000233 seconds
2017-07-04T22:16:47.626+0200: 3,710: Total time for which application threads were stopped: 0,0004662 seconds, Stopping threads took: 0,0000344 seconds
2017-07-04T22:16:47.639+0200: 3,723: Total time for which application threads were stopped: 0,0012338 seconds, Stopping threads took: 0,0008927 seconds
{Heap before GC invocations=6 (full 1):
 par new generation   total 109248K, used 100292K [0x00000000e0000000, 0x00000000e8000000, 0x00000000e8000000)
  eden space 87424K, 100% used [0x00000000e0000000, 0x00000000e5560000, 0x00000000e5560000)
  from space 21824K,  58% used [0x00000000e5560000, 0x00000000e61f12d8, 0x00000000e6ab0000)
  to   space 21824K,   0% used [0x00000000e6ab0000, 0x00000000e6ab0000, 0x00000000e8000000)
 concurrent mark-sweep generation total 393216K, used 0K [0x00000000e8000000, 0x0000000100000000, 0x0000000100000000)
 Metaspace       used 24132K, capacity 24610K, committed 24828K, reserved 1071104K
  class space    used 2838K, capacity 3040K, committed 3068K, reserved 1048576K
2017-07-04T22:16:47.815+0200: 3,899: [GC (Allocation Failure) 2017-07-04T22:16:47.815+0200: 3,899: [ParNew
Desired survivor size 20112992 bytes, new threshold 8 (max 8)
- age   1:    5615824 bytes,    5615824 total
- age   2:     116896 bytes,    5732720 total
- age   3:         32 bytes,    5732752 total
- age   4:     167824 bytes,    5900576 total
- age   5:     321232 bytes,    6221808 total
- age   6:    1289928 bytes,    7511736 total
- age   7:    6111520 bytes,   13623256 total
: 100292K->16656K(109248K), 0,0215997 secs] 100292K->16656K(502464K), 0,0216708 secs] [Times: user=0,07 sys=0,00, real=0,02 secs] 
Heap after GC invocations=7 (full 1):
 par new generation   total 109248K, used 16656K [0x00000000e0000000, 0x00000000e8000000, 0x00000000e8000000)
  eden space 87424K,   0% used [0x00000000e0000000, 0x00000000e0000000, 0x00000000e5560000)
  from space 21824K,  76% used [0x00000000e6ab0000, 0x00000000e7af43c0, 0x00000000e8000000)
  to   space 21824K,   0% used [0x00000000e5560000, 0x00000000e5560000, 0x00000000e6ab0000)
 concurrent mark-sweep generation total 393216K, used 0K [0x00000000e8000000, 0x0000000100000000, 0x0000000100000000)
 Metaspace       used 24132K, capacity 24610K, committed 24828K, reserved 1071104K
  class space    used 2838K, capacity 3040K, committed 3068K, reserved 1048576K
}
2017-07-04T22:16:47.837+0200: 3,920: Total time for which application threads were stopped: 0,0219192 seconds, Stopping threads took: 0,0000247 seconds
2017-07-04T22:16:47.978+0200: 4,062: Total time for which application threads were stopped: 0,0010534 seconds, Stopping threads took: 0,0007505 seconds
2017-07-04T22:16:47.985+0200: 4,068: Total time for which application threads were stopped: 0,0001748 seconds, Stopping threads took: 0,0000643 seconds
{Heap before GC invocations=7 (full 1):
 par new generation   total 109248K, used 104112K [0x00000000e0000000, 0x00000000e8000000, 0x00000000e8000000)
  eden space 87424K, 100% used [0x00000000e0000000, 0x00000000e5560000, 0x00000000e5560000)
  from space 21824K,  76% used [0x00000000e6ab0000, 0x00000000e7afc3d0, 0x00000000e8000000)
  to   space 21824K,   0% used [0x00000000e5560000, 0x00000000e5560000, 0x00000000e6ab0000)
 concurrent mark-sweep generation total 393216K, used 0K [0x00000000e8000000, 0x0000000100000000, 0x0000000100000000)
 Metaspace       used 24544K, capacity 25026K, committed 25212K, reserved 1071104K
  class space    used 2870K, capacity 3072K, committed 3196K, reserved 1048576K
2017-07-04T22:16:47.986+0200: 4,069: [GC (GCLocker Initiated GC) 2017-07-04T22:16:47.986+0200: 4,069: [ParNew
Desired survivor size 20112992 bytes, new threshold 8 (max 8)
- age   1:    1527512 bytes,    1527512 total
- age   2:    1811656 bytes,    3339168 total
- age   3:      60760 bytes,    3399928 total
- age   5:      94360 bytes,    3494288 total
- age   6:     199848 bytes,    3694136 total
- age   7:     958704 bytes,    4652840 total
- age   8:    5890216 bytes,   10543056 total
: 104112K->16751K(109248K), 0,0113285 secs] 104112K->16751K(502464K), 0,0114086 secs] [Times: user=0,04 sys=0,00, real=0,00 secs] 
Heap after GC invocations=8 (full 1):
 par new generation   total 109248K, used 16751K [0x00000000e0000000, 0x00000000e8000000, 0x00000000e8000000)
  eden space 87424K,   0% used [0x00000000e0000000, 0x00000000e0000000, 0x00000000e5560000)
  from space 21824K,  76% used [0x00000000e5560000, 0x00000000e65bbeb0, 0x00000000e6ab0000)
  to   space 21824K,   0% used [0x00000000e6ab0000, 0x00000000e6ab0000, 0x00000000e8000000)
 concurrent mark-sweep generation total 393216K, used 0K [0x00000000e8000000, 0x0000000100000000, 0x0000000100000000)
 Metaspace       used 24544K, capacity 25026K, committed 25212K, reserved 1071104K
  class space    used 2870K, capacity 3072K, committed 3196K, reserved 1048576K
}
2017-07-04T22:16:47.997+0200: 4,081: Total time for which application threads were stopped: 0,0126042 seconds, Stopping threads took: 0,0010535 seconds
{Heap before GC invocations=8 (full 1):
 par new generation   total 109248K, used 104175K [0x00000000e0000000, 0x00000000e8000000, 0x00000000e8000000)
  eden space 87424K, 100% used [0x00000000e0000000, 0x00000000e5560000, 0x00000000e5560000)
  from space 21824K,  76% used [0x00000000e5560000, 0x00000000e65bbeb0, 0x00000000e6ab0000)
  to   space 21824K,   0% used [0x00000000e6ab0000, 0x00000000e6ab0000, 0x00000000e8000000)
 concurrent mark-sweep generation total 393216K, used 0K [0x00000000e8000000, 0x0000000100000000, 0x0000000100000000)
 Metaspace       used 24802K, capacity 25314K, committed 25468K, reserved 1071104K
  class space    used 2893K, capacity 3078K, committed 3196K, reserved 1048576K
2017-07-04T22:16:48.122+0200: 4,206: [GC (Allocation Failure) 2017-07-04T22:16:48.122+0200: 4,206: [ParNew
Desired survivor size 20112992 bytes, new threshold 8 (max 8)
- age   1:     692224 bytes,     692224 total
- age   2:    1041568 bytes,    1733792 total
- age   3:    1784960 bytes,    3518752 total
- age   4:      60760 bytes,    3579512 total
- age   6:      94152 bytes,    3673664 total
- age   7:     199848 bytes,    3873512 total
- age   8:     958704 bytes,    4832216 total
: 104175K->6707K(109248K), 0,0311086 secs] 104175K->13084K(502464K), 0,0311852 secs] [Times: user=0,09 sys=0,00, real=0,03 secs] 
Heap after GC invocations=9 (full 1):
 par new generation   total 109248K, used 6707K [0x00000000e0000000, 0x00000000e8000000, 0x00000000e8000000)
  eden space 87424K,   0% used [0x00000000e0000000, 0x00000000e0000000, 0x00000000e5560000)
  from space 21824K,  30% used [0x00000000e6ab0000, 0x00000000e713cdb0, 0x00000000e8000000)
  to   space 21824K,   0% used [0x00000000e5560000, 0x00000000e5560000, 0x00000000e6ab0000)
 concurrent mark-sweep generation total 393216K, used 6376K [0x00000000e8000000, 0x0000000100000000, 0x0000000100000000)
 Metaspace       used 24802K, capacity 25314K, committed 25468K, reserved 1071104K
  class space    used 2893K, capacity 3078K, committed 3196K, reserved 1048576K
}
2017-07-04T22:16:48.153+0200: 4,237: Total time for which application threads were stopped: 0,0314823 seconds, Stopping threads took: 0,0000967 seconds
2017-07-04T22:16:48.311+0200: 4,395: Total time for which application threads were stopped: 0,0001679 seconds, Stopping threads took: 0,0000537 seconds
2017-07-04T22:16:48.312+0200: 4,396: Total time for which application threads were stopped: 0,0001539 seconds, Stopping threads took: 0,0000746 seconds
2017-07-04T22:16:48.313+0200: 4,397: Total time for which application threads were stopped: 0,0001195 seconds, Stopping threads took: 0,0000412 seconds
2017-07-04T22:16:48.314+0200: 4,398: Total time for which application threads were stopped: 0,0001337 seconds, Stopping threads took: 0,0000422 seconds
2017-07-04T22:16:48.319+0200: 4,402: Total time for which application threads were stopped: 0,0003002 seconds, Stopping threads took: 0,0001781 seconds
2017-07-04T22:16:48.319+0200: 4,402: Total time for which application threads were stopped: 0,0001205 seconds, Stopping threads took: 0,0000696 seconds
2017-07-04T22:16:48.319+0200: 4,403: Total time for which application threads were stopped: 0,0001656 seconds, Stopping threads took: 0,0000820 seconds
2017-07-04T22:16:48.319+0200: 4,403: Total time for which application threads were stopped: 0,0000808 seconds, Stopping threads took: 0,0000212 seconds
2017-07-04T22:16:48.322+0200: 4,405: Total time for which application threads were stopped: 0,0022176 seconds, Stopping threads took: 0,0021442 seconds
2017-07-04T22:16:48.322+0200: 4,405: Total time for which application threads were stopped: 0,0000731 seconds, Stopping threads took: 0,0000251 seconds
2017-07-04T22:16:48.322+0200: 4,406: Total time for which application threads were stopped: 0,0001036 seconds, Stopping threads took: 0,0000257 seconds
2017-07-04T22:16:48.322+0200: 4,406: Total time for which application threads were stopped: 0,0000752 seconds, Stopping threads took: 0,0000192 seconds
2017-07-04T22:16:48.323+0200: 4,407: Total time for which application threads were stopped: 0,0001205 seconds, Stopping threads took: 0,0000389 seconds
2017-07-04T22:16:48.326+0200: 4,409: Total time for which application threads were stopped: 0,0024333 seconds, Stopping threads took: 0,0023409 seconds
2017-07-04T22:16:48.326+0200: 4,410: Total time for which application threads were stopped: 0,0001046 seconds, Stopping threads took: 0,0000325 seconds
2017-07-04T22:16:48.326+0200: 4,410: Total time for which application threads were stopped: 0,0000676 seconds, Stopping threads took: 0,0000093 seconds
2017-07-04T22:16:48.326+0200: 4,410: Total time for which application threads were stopped: 0,0000678 seconds, Stopping threads took: 0,0000108 seconds
2017-07-04T22:16:48.326+0200: 4,410: Total time for which application threads were stopped: 0,0000620 seconds, Stopping threads took: 0,0000092 seconds
2017-07-04T22:16:48.327+0200: 4,410: Total time for which application threads were stopped: 0,0000726 seconds, Stopping threads took: 0,0000122 seconds
2017-07-04T22:16:48.327+0200: 4,411: Total time for which application threads were stopped: 0,0001218 seconds, Stopping threads took: 0,0000393 seconds
2017-07-04T22:16:48.327+0200: 4,411: Total time for which application threads were stopped: 0,0000697 seconds, Stopping threads took: 0,0000096 seconds
2017-07-04T22:16:48.328+0200: 4,411: Total time for which application threads were stopped: 0,0000704 seconds, Stopping threads took: 0,0000196 seconds
2017-07-04T22:16:48.328+0200: 4,411: Total time for which application threads were stopped: 0,0001106 seconds, Stopping threads took: 0,0000538 seconds
2017-07-04T22:16:48.328+0200: 4,412: Total time for which application threads were stopped: 0,0001779 seconds, Stopping threads took: 0,0000233 seconds
2017-07-04T22:16:48.330+0200: 4,413: Total time for which application threads were stopped: 0,0001832 seconds, Stopping threads took: 0,0000839 seconds
2017-07-04T22:16:48.330+0200: 4,414: Total time for which application threads were stopped: 0,0004548 seconds, Stopping threads took: 0,0004058 seconds
2017-07-04T22:16:48.334+0200: 4,417: Total time for which application threads were stopped: 0,0001154 seconds, Stopping threads took: 0,0000255 seconds
2017-07-04T22:16:48.334+0200: 4,418: Total time for which application threads were stopped: 0,0000682 seconds, Stopping threads took: 0,0000213 seconds
2017-07-04T22:16:48.334+0200: 4,418: Total time for which application threads were stopped: 0,0000815 seconds, Stopping threads took: 0,0000339 seconds
2017-07-04T22:16:48.334+0200: 4,418: Total time for which application threads were stopped: 0,0000750 seconds, Stopping threads took: 0,0000306 seconds
2017-07-04T22:16:48.338+0200: 4,421: Total time for which application threads were stopped: 0,0001219 seconds, Stopping threads took: 0,0000228 seconds
2017-07-04T22:16:48.338+0200: 4,422: Total time for which application threads were stopped: 0,0000809 seconds, Stopping threads took: 0,0000273 seconds
2017-07-04T22:16:48.338+0200: 4,422: Total time for which application threads were stopped: 0,0000697 seconds, Stopping threads took: 0,0000213 seconds
2017-07-04T22:16:48.338+0200: 4,422: Total time for which application threads were stopped: 0,0000716 seconds, Stopping threads took: 0,0000219 seconds
2017-07-04T22:16:48.338+0200: 4,422: Total time for which application threads were stopped: 0,0000879 seconds, Stopping threads took: 0,0000169 seconds
2017-07-04T22:16:48.339+0200: 4,422: Total time for which application threads were stopped: 0,0000766 seconds, Stopping threads took: 0,0000202 seconds
2017-07-04T22:16:48.339+0200: 4,422: Total time for which application threads were stopped: 0,0000749 seconds, Stopping threads took: 0,0000124 seconds
2017-07-04T22:16:48.339+0200: 4,423: Total time for which application threads were stopped: 0,0000673 seconds, Stopping threads took: 0,0000110 seconds
2017-07-04T22:16:48.339+0200: 4,423: Total time for which application threads were stopped: 0,0000809 seconds, Stopping threads took: 0,0000276 seconds
2017-07-04T22:16:48.339+0200: 4,423: Total time for which application threads were stopped: 0,0001002 seconds, Stopping threads took: 0,0000288 seconds
2017-07-04T22:16:48.339+0200: 4,423: Total time for which application threads were stopped: 0,0000648 seconds, Stopping threads took: 0,0000096 seconds
2017-07-04T22:16:48.340+0200: 4,423: Total time for which application threads were stopped: 0,0000836 seconds, Stopping threads took: 0,0000234 seconds
2017-07-04T22:16:48.340+0200: 4,423: Total time for which application threads were stopped: 0,0000751 seconds, Stopping threads took: 0,0000231 seconds
2017-07-04T22:16:48.340+0200: 4,423: Total time for which application threads were stopped: 0,0000673 seconds, Stopping threads took: 0,0000098 seconds
2017-07-04T22:16:48.340+0200: 4,424: Total time for which application threads were stopped: 0,0000835 seconds, Stopping threads took: 0,0000130 seconds
2017-07-04T22:16:48.340+0200: 4,424: Total time for which application threads were stopped: 0,0001650 seconds, Stopping threads took: 0,0000184 seconds
2017-07-04T22:16:48.341+0200: 4,425: Total time for which application threads were stopped: 0,0001229 seconds, Stopping threads took: 0,0000256 seconds
2017-07-04T22:16:48.341+0200: 4,425: Total time for which application threads were stopped: 0,0000665 seconds, Stopping threads took: 0,0000099 seconds
2017-07-04T22:16:48.342+0200: 4,425: Total time for which application threads were stopped: 0,0001059 seconds, Stopping threads took: 0,0000219 seconds
2017-07-04T22:16:48.344+0200: 4,428: Total time for which application threads were stopped: 0,0001437 seconds, Stopping threads took: 0,0000470 seconds
2017-07-04T22:16:48.345+0200: 4,429: Total time for which application threads were stopped: 0,0001280 seconds, Stopping threads took: 0,0000403 seconds
2017-07-04T22:16:48.345+0200: 4,429: Total time for which application threads were stopped: 0,0000664 seconds, Stopping threads took: 0,0000115 seconds
2017-07-04T22:16:48.346+0200: 4,429: Total time for which application threads were stopped: 0,0000936 seconds, Stopping threads took: 0,0000402 seconds
2017-07-04T22:16:48.346+0200: 4,429: Total time for which application threads were stopped: 0,0000489 seconds, Stopping threads took: 0,0000093 seconds
2017-07-04T22:16:48.346+0200: 4,430: Total time for which application threads were stopped: 0,0000725 seconds, Stopping threads took: 0,0000217 seconds
2017-07-04T22:16:48.358+0200: 4,441: Total time for which application threads were stopped: 0,0032171 seconds, Stopping threads took: 0,0031054 seconds
2017-07-04T22:16:48.359+0200: 4,442: Total time for which application threads were stopped: 0,0001273 seconds, Stopping threads took: 0,0000524 seconds
2017-07-04T22:16:48.362+0200: 4,445: Total time for which application threads were stopped: 0,0025518 seconds, Stopping threads took: 0,0024734 seconds
2017-07-04T22:16:48.366+0200: 4,450: Total time for which application threads were stopped: 0,0001370 seconds, Stopping threads took: 0,0000238 seconds
2017-07-04T22:16:48.366+0200: 4,450: Total time for which application threads were stopped: 0,0000929 seconds, Stopping threads took: 0,0000146 seconds
2017-07-04T22:16:48.368+0200: 4,452: Total time for which application threads were stopped: 0,0020077 seconds, Stopping threads took: 0,0019061 seconds
2017-07-04T22:16:48.370+0200: 4,453: Total time for which application threads were stopped: 0,0001278 seconds, Stopping threads took: 0,0000243 seconds
2017-07-04T22:16:48.370+0200: 4,454: Total time for which application threads were stopped: 0,0001876 seconds, Stopping threads took: 0,0000148 seconds
2017-07-04T22:16:48.371+0200: 4,455: Total time for which application threads were stopped: 0,0001545 seconds, Stopping threads took: 0,0000629 seconds
2017-07-04T22:16:48.372+0200: 4,456: Total time for which application threads were stopped: 0,0001337 seconds, Stopping threads took: 0,0000383 seconds
2017-07-04T22:16:48.372+0200: 4,456: Total time for which application threads were stopped: 0,0000968 seconds, Stopping threads took: 0,0000302 seconds
2017-07-04T22:16:48.372+0200: 4,456: Total time for which application threads were stopped: 0,0001029 seconds, Stopping threads took: 0,0000423 seconds
2017-07-04T22:16:48.372+0200: 4,456: Total time for which application threads were stopped: 0,0000860 seconds, Stopping threads took: 0,0000233 seconds
2017-07-04T22:16:48.377+0200: 4,461: Total time for which application threads were stopped: 0,0036541 seconds, Stopping threads took: 0,0035278 seconds
2017-07-04T22:16:48.385+0200: 4,469: Total time for which application threads were stopped: 0,0005061 seconds, Stopping threads took: 0,0003932 seconds
2017-07-04T22:16:48.387+0200: 4,471: Total time for which application threads were stopped: 0,0001481 seconds, Stopping threads took: 0,0000396 seconds
2017-07-04T22:16:48.387+0200: 4,471: Total time for which application threads were stopped: 0,0000827 seconds, Stopping threads took: 0,0000192 seconds
2017-07-04T22:16:48.387+0200: 4,471: Total time for which application threads were stopped: 0,0000837 seconds, Stopping threads took: 0,0000182 seconds
2017-07-04T22:16:48.403+0200: 4,487: Total time for which application threads were stopped: 0,0001204 seconds, Stopping threads took: 0,0000463 seconds
2017-07-04T22:16:48.404+0200: 4,487: Total time for which application threads were stopped: 0,0001053 seconds, Stopping threads took: 0,0000299 seconds
2017-07-04T22:16:48.404+0200: 4,488: Total time for which application threads were stopped: 0,0001300 seconds, Stopping threads took: 0,0000246 seconds
2017-07-04T22:16:48.414+0200: 4,497: Total time for which application threads were stopped: 0,0017019 seconds, Stopping threads took: 0,0016133 seconds
2017-07-04T22:16:48.419+0200: 4,503: Total time for which application threads were stopped: 0,0012796 seconds, Stopping threads took: 0,0012053 seconds
2017-07-04T22:16:48.422+0200: 4,505: Total time for which application threads were stopped: 0,0024619 seconds, Stopping threads took: 0,0023886 seconds
2017-07-04T22:16:48.426+0200: 4,509: Total time for which application threads were stopped: 0,0001540 seconds, Stopping threads took: 0,0000361 seconds
2017-07-04T22:16:48.426+0200: 4,510: Total time for which application threads were stopped: 0,0001379 seconds, Stopping threads took: 0,0000409 seconds
2017-07-04T22:16:48.430+0200: 4,513: Total time for which application threads were stopped: 0,0001256 seconds, Stopping threads took: 0,0000355 seconds
2017-07-04T22:16:48.434+0200: 4,518: Total time for which application threads were stopped: 0,0001197 seconds, Stopping threads took: 0,0000327 seconds
2017-07-04T22:16:48.451+0200: 4,535: Total time for which application threads were stopped: 0,0002208 seconds, Stopping threads took: 0,0000764 seconds
2017-07-04T22:16:48.462+0200: 4,545: Total time for which application threads were stopped: 0,0001191 seconds, Stopping threads took: 0,0000519 seconds
2017-07-04T22:16:48.474+0200: 4,557: Total time for which application threads were stopped: 0,0039056 seconds, Stopping threads took: 0,0038278 seconds
2017-07-04T22:16:48.513+0200: 4,596: Total time for which application threads were stopped: 0,0004558 seconds, Stopping threads took: 0,0000225 seconds
2017-07-04T22:16:48.526+0200: 4,610: Total time for which application threads were stopped: 0,0004256 seconds, Stopping threads took: 0,0000228 seconds
2017-07-04T22:16:48.577+0200: 4,661: Total time for which application threads were stopped: 0,0003947 seconds, Stopping threads took: 0,0000384 seconds
2017-07-04T22:16:48.579+0200: 4,663: Total time for which application threads were stopped: 0,0001321 seconds, Stopping threads took: 0,0000653 seconds
2017-07-04T22:16:48.580+0200: 4,663: Total time for which application threads were stopped: 0,0000862 seconds, Stopping threads took: 0,0000304 seconds
2017-07-04T22:16:48.601+0200: 4,684: Total time for which application threads were stopped: 0,0001196 seconds, Stopping threads took: 0,0000263 seconds
2017-07-04T22:16:48.602+0200: 4,686: Total time for which application threads were stopped: 0,0002287 seconds, Stopping threads took: 0,0001277 seconds
2017-07-04T22:16:48.603+0200: 4,687: Total time for which application threads were stopped: 0,0001277 seconds, Stopping threads took: 0,0000431 seconds
2017-07-04T22:16:48.606+0200: 4,689: Total time for which application threads were stopped: 0,0001748 seconds, Stopping threads took: 0,0000226 seconds
2017-07-04T22:16:48.611+0200: 4,695: Total time for which application threads were stopped: 0,0001324 seconds, Stopping threads took: 0,0000472 seconds
2017-07-04T22:16:48.627+0200: 4,710: Total time for which application threads were stopped: 0,0001844 seconds, Stopping threads took: 0,0001097 seconds
{Heap before GC invocations=9 (full 1):
 par new generation   total 109248K, used 92009K [0x00000000e0000000, 0x00000000e8000000, 0x00000000e8000000)
  eden space 87424K,  97% used [0x00000000e0000000, 0x00000000e534d840, 0x00000000e5560000)
  from space 21824K,  30% used [0x00000000e6ab0000, 0x00000000e713cdb0, 0x00000000e8000000)
  to   space 21824K,   0% used [0x00000000e5560000, 0x00000000e5560000, 0x00000000e6ab0000)
 concurrent mark-sweep generation total 393216K, used 6376K [0x00000000e8000000, 0x0000000100000000, 0x0000000100000000)
 Metaspace       used 27762K, capacity 28332K, committed 28540K, reserved 1075200K
  class space    used 3169K, capacity 3355K, committed 3452K, reserved 1048576K
2017-07-04T22:16:48.664+0200: 4,748: [GC (Allocation Failure) 2017-07-04T22:16:48.665+0200: 4,748: [ParNew
Desired survivor size 20112992 bytes, new threshold 8 (max 8)
- age   1:    8516048 bytes,    8516048 total
- age   2:     166256 bytes,    8682304 total
- age   3:     237816 bytes,    8920120 total
- age   4:    1777848 bytes,   10697968 total
- age   5:      60760 bytes,   10758728 total
- age   7:      94072 bytes,   10852800 total
- age   8:     199336 bytes,   11052136 total
: 92009K->12700K(109248K), 0,0138750 secs] 98386K->20024K(502464K), 0,0139508 secs] [Times: user=0,05 sys=0,00, real=0,02 secs] 
Heap after GC invocations=10 (full 1):
 par new generation   total 109248K, used 12700K [0x00000000e0000000, 0x00000000e8000000, 0x00000000e8000000)
  eden space 87424K,   0% used [0x00000000e0000000, 0x00000000e0000000, 0x00000000e5560000)
  from space 21824K,  58% used [0x00000000e5560000, 0x00000000e61c7190, 0x00000000e6ab0000)
  to   space 21824K,   0% used [0x00000000e6ab0000, 0x00000000e6ab0000, 0x00000000e8000000)
 concurrent mark-sweep generation total 393216K, used 7324K [0x00000000e8000000, 0x0000000100000000, 0x0000000100000000)
 Metaspace       used 27762K, capacity 28332K, committed 28540K, reserved 1075200K
  class space    used 3169K, capacity 3355K, committed 3452K, reserved 1048576K
}
2017-07-04T22:16:48.678+0200: 4,762: Total time for which application threads were stopped: 0,0141434 seconds, Stopping threads took: 0,0000621 seconds
2017-07-04T22:16:48.679+0200: 4,763: Total time for which application threads were stopped: 0,0001021 seconds, Stopping threads took: 0,0000470 seconds
2017-07-04T22:16:48.680+0200: 4,763: Total time for which application threads were stopped: 0,0000876 seconds, Stopping threads took: 0,0000377 seconds
2017-07-04T22:16:48.683+0200: 4,766: Total time for which application threads were stopped: 0,0001242 seconds, Stopping threads took: 0,0000633 seconds
2017-07-04T22:16:48.698+0200: 4,781: Total time for which application threads were stopped: 0,0040270 seconds, Stopping threads took: 0,0039436 seconds
2017-07-04T22:16:48.699+0200: 4,782: Total time for which application threads were stopped: 0,0004638 seconds, Stopping threads took: 0,0000187 seconds
2017-07-04T22:16:48.699+0200: 4,783: Total time for which application threads were stopped: 0,0000953 seconds, Stopping threads took: 0,0000290 seconds
2017-07-04T22:16:49.699+0200: 5,783: Total time for which application threads were stopped: 0,0002177 seconds, Stopping threads took: 0,0000421 seconds
2017-07-04T22:17:00.701+0200: 16,784: Total time for which application threads were stopped: 0,0000795 seconds, Stopping threads took: 0,0000164 seconds
2017-07-04T22:18:11.708+0200: 87,791: Total time for which application threads were stopped: 0,0000697 seconds, Stopping threads took: 0,0000212 seconds
2017-07-04T22:18:46.712+0200: 122,795: Total time for which application threads were stopped: 0,0000783 seconds, Stopping threads took: 0,0000292 seconds
2017-07-04T22:19:50.718+0200: 186,802: Total time for which application threads were stopped: 0,0000967 seconds, Stopping threads took: 0,0000416 seconds
2017-07-04T22:21:20.728+0200: 276,812: Total time for which application threads were stopped: 0,0000873 seconds, Stopping threads took: 0,0000335 seconds
2017-07-04T22:21:21.729+0200: 277,812: Total time for which application threads were stopped: 0,0000672 seconds, Stopping threads took: 0,0000158 seconds
2017-07-04T22:40:15.833+0200: 1411,916: Total time for which application threads were stopped: 0,0003347 seconds, Stopping threads took: 0,0000694 seconds
2017-07-04T22:44:45.861+0200: 1681,944: Total time for which application threads were stopped: 0,0000868 seconds, Stopping threads took: 0,0000317 seconds
2017-07-04T22:55:06.930+0200: 2303,014: Total time for which application threads were stopped: 0,0001685 seconds, Stopping threads took: 0,0000588 seconds
2017-07-04T22:55:10.931+0200: 2307,015: Total time for which application threads were stopped: 0,0001711 seconds, Stopping threads took: 0,0000388 seconds
2017-07-04T23:10:02.033+0200: 3198,117: Total time for which application threads were stopped: 0,0000900 seconds, Stopping threads took: 0,0000351 seconds
2017-07-04T23:21:16.104+0200: 3872,187: Total time for which application threads were stopped: 0,0001123 seconds, Stopping threads took: 0,0000397 seconds
2017-07-04T23:21:21.104+0200: 3877,188: Total time for which application threads were stopped: 0,0001950 seconds, Stopping threads took: 0,0000380 seconds
2017-07-04T23:35:57.199+0200: 4753,282: Total time for which application threads were stopped: 0,0001651 seconds, Stopping threads took: 0,0000446 seconds
2017-07-04T23:36:02.199+0200: 4758,283: Total time for which application threads were stopped: 0,0001071 seconds, Stopping threads took: 0,0000176 seconds
2017-07-05T00:01:12.352+0200: 6268,436: Total time for which application threads were stopped: 0,0001034 seconds, Stopping threads took: 0,0000398 seconds
2017-07-05T00:19:16.467+0200: 7352,550: Total time for which application threads were stopped: 0,0000928 seconds, Stopping threads took: 0,0000317 seconds
2017-07-05T00:24:46.500+0200: 7682,584: Total time for which application threads were stopped: 0,0001188 seconds, Stopping threads took: 0,0000392 seconds
2017-07-05T01:15:46.976+0200: 10743,060: Total time for which application threads were stopped: 0,0062339 seconds, Stopping threads took: 0,0061418 seconds
2017-07-05T01:15:46.977+0200: 10743,061: Total time for which application threads were stopped: 0,0001026 seconds, Stopping threads took: 0,0000368 seconds
2017-07-05T01:15:46.980+0200: 10743,063: Total time for which application threads were stopped: 0,0001039 seconds, Stopping threads took: 0,0000356 seconds
2017-07-05T01:15:46.980+0200: 10743,063: Total time for which application threads were stopped: 0,0000596 seconds, Stopping threads took: 0,0000163 seconds
2017-07-05T01:15:46.982+0200: 10743,066: Total time for which application threads were stopped: 0,0001772 seconds, Stopping threads took: 0,0000639 seconds
2017-07-05T01:15:46.991+0200: 10743,075: Total time for which application threads were stopped: 0,0000847 seconds, Stopping threads took: 0,0000162 seconds
2017-07-05T01:15:46.999+0200: 10743,082: Total time for which application threads were stopped: 0,0001061 seconds, Stopping threads took: 0,0000266 seconds
2017-07-05T01:15:46.999+0200: 10743,082: Total time for which application threads were stopped: 0,0000559 seconds, Stopping threads took: 0,0000143 seconds
2017-07-05T01:15:46.999+0200: 10743,083: Total time for which application threads were stopped: 0,0000713 seconds, Stopping threads took: 0,0000207 seconds
2017-07-05T01:15:46.999+0200: 10743,083: Total time for which application threads were stopped: 0,0000544 seconds, Stopping threads took: 0,0000144 seconds
2017-07-05T01:15:46.999+0200: 10743,083: Total time for which application threads were stopped: 0,0000448 seconds, Stopping threads took: 0,0000120 seconds
2017-07-05T01:15:46.999+0200: 10743,083: Total time for which application threads were stopped: 0,0000470 seconds, Stopping threads took: 0,0000118 seconds
2017-07-05T01:15:47.000+0200: 10743,083: Total time for which application threads were stopped: 0,0000527 seconds, Stopping threads took: 0,0000142 seconds
2017-07-05T01:15:47.000+0200: 10743,083: Total time for which application threads were stopped: 0,0000496 seconds, Stopping threads took: 0,0000132 seconds
2017-07-05T01:15:47.000+0200: 10743,083: Total time for which application threads were stopped: 0,0000478 seconds, Stopping threads took: 0,0000145 seconds
2017-07-05T01:15:47.000+0200: 10743,084: Total time for which application threads were stopped: 0,0000425 seconds, Stopping threads took: 0,0000118 seconds
2017-07-05T01:15:47.000+0200: 10743,084: Total time for which application threads were stopped: 0,0000474 seconds, Stopping threads took: 0,0000125 seconds
2017-07-05T01:15:47.000+0200: 10743,084: Total time for which application threads were stopped: 0,0000470 seconds, Stopping threads took: 0,0000139 seconds
2017-07-05T01:15:47.000+0200: 10743,084: Total time for which application threads were stopped: 0,0000460 seconds, Stopping threads took: 0,0000131 seconds
2017-07-05T01:15:47.000+0200: 10743,084: Total time for which application threads were stopped: 0,0000450 seconds, Stopping threads took: 0,0000148 seconds
2017-07-05T01:15:47.005+0200: 10743,088: Total time for which application threads were stopped: 0,0018974 seconds, Stopping threads took: 0,0018221 seconds
2017-07-05T01:15:47.005+0200: 10743,088: Total time for which application threads were stopped: 0,0000489 seconds, Stopping threads took: 0,0000071 seconds
2017-07-05T01:15:47.005+0200: 10743,088: Total time for which application threads were stopped: 0,0000409 seconds, Stopping threads took: 0,0000057 seconds
2017-07-05T01:15:47.005+0200: 10743,089: Total time for which application threads were stopped: 0,0000445 seconds, Stopping threads took: 0,0000055 seconds
2017-07-05T01:15:47.005+0200: 10743,089: Total time for which application threads were stopped: 0,0000428 seconds, Stopping threads took: 0,0000053 seconds
2017-07-05T01:15:47.005+0200: 10743,089: Total time for which application threads were stopped: 0,0000390 seconds, Stopping threads took: 0,0000055 seconds
2017-07-05T01:15:47.005+0200: 10743,089: Total time for which application threads were stopped: 0,0000404 seconds, Stopping threads took: 0,0000048 seconds
2017-07-05T01:15:47.005+0200: 10743,089: Total time for which application threads were stopped: 0,0000388 seconds, Stopping threads took: 0,0000055 seconds
2017-07-05T01:15:47.005+0200: 10743,089: Total time for which application threads were stopped: 0,0000375 seconds, Stopping threads took: 0,0000045 seconds
2017-07-05T01:15:47.006+0200: 10743,090: Total time for which application threads were stopped: 0,0000644 seconds, Stopping threads took: 0,0000093 seconds
2017-07-05T01:15:47.006+0200: 10743,090: Total time for which application threads were stopped: 0,0000424 seconds, Stopping threads took: 0,0000053 seconds
2017-07-05T01:15:47.006+0200: 10743,090: Total time for which application threads were stopped: 0,0000396 seconds, Stopping threads took: 0,0000048 seconds
2017-07-05T01:15:47.011+0200: 10743,095: Total time for which application threads were stopped: 0,0001245 seconds, Stopping threads took: 0,0000431 seconds
2017-07-05T01:15:47.020+0200: 10743,104: Total time for which application threads were stopped: 0,0000891 seconds, Stopping threads took: 0,0000243 seconds
2017-07-05T01:15:47.020+0200: 10743,104: Total time for which application threads were stopped: 0,0000462 seconds, Stopping threads took: 0,0000143 seconds
2017-07-05T01:15:47.020+0200: 10743,104: Total time for which application threads were stopped: 0,0000427 seconds, Stopping threads took: 0,0000117 seconds
2017-07-05T01:15:47.020+0200: 10743,104: Total time for which application threads were stopped: 0,0000413 seconds, Stopping threads took: 0,0000111 seconds
2017-07-05T01:15:47.022+0200: 10743,106: Total time for which application threads were stopped: 0,0001035 seconds, Stopping threads took: 0,0000323 seconds
2017-07-05T01:15:47.022+0200: 10743,106: Total time for which application threads were stopped: 0,0000517 seconds, Stopping threads took: 0,0000136 seconds
2017-07-05T01:15:47.022+0200: 10743,106: Total time for which application threads were stopped: 0,0000479 seconds, Stopping threads took: 0,0000151 seconds
2017-07-05T01:15:47.022+0200: 10743,106: Total time for which application threads were stopped: 0,0000473 seconds, Stopping threads took: 0,0000150 seconds
2017-07-05T01:15:47.022+0200: 10743,106: Total time for which application threads were stopped: 0,0000440 seconds, Stopping threads took: 0,0000116 seconds
2017-07-05T01:15:47.022+0200: 10743,106: Total time for which application threads were stopped: 0,0000420 seconds, Stopping threads took: 0,0000109 seconds
2017-07-05T01:15:47.022+0200: 10743,106: Total time for which application threads were stopped: 0,0000415 seconds, Stopping threads took: 0,0000116 seconds
2017-07-05T01:15:47.022+0200: 10743,106: Total time for which application threads were stopped: 0,0000406 seconds, Stopping threads took: 0,0000113 seconds
2017-07-05T01:15:47.022+0200: 10743,106: Total time for which application threads were stopped: 0,0000432 seconds, Stopping threads took: 0,0000109 seconds
2017-07-05T01:15:47.022+0200: 10743,106: Total time for which application threads were stopped: 0,0000405 seconds, Stopping threads took: 0,0000110 seconds
2017-07-05T01:15:47.029+0200: 10743,112: Total time for which application threads were stopped: 0,0001022 seconds, Stopping threads took: 0,0000308 seconds
2017-07-05T01:15:47.029+0200: 10743,112: Total time for which application threads were stopped: 0,0000510 seconds, Stopping threads took: 0,0000149 seconds
2017-07-05T01:15:47.029+0200: 10743,113: Total time for which application threads were stopped: 0,0000541 seconds, Stopping threads took: 0,0000143 seconds
2017-07-05T01:15:47.032+0200: 10743,116: Total time for which application threads were stopped: 0,0001042 seconds, Stopping threads took: 0,0000307 seconds
2017-07-05T01:15:47.038+0200: 10743,122: Total time for which application threads were stopped: 0,0001123 seconds, Stopping threads took: 0,0000336 seconds
2017-07-05T01:15:47.040+0200: 10743,124: Total time for which application threads were stopped: 0,0000987 seconds, Stopping threads took: 0,0000294 seconds
2017-07-05T01:15:47.040+0200: 10743,124: Total time for which application threads were stopped: 0,0000506 seconds, Stopping threads took: 0,0000159 seconds
2017-07-05T01:15:47.041+0200: 10743,124: Total time for which application threads were stopped: 0,0000605 seconds, Stopping threads took: 0,0000152 seconds
2017-07-05T01:15:47.041+0200: 10743,124: Total time for which application threads were stopped: 0,0000444 seconds, Stopping threads took: 0,0000127 seconds
2017-07-05T01:15:47.042+0200: 10743,126: Total time for which application threads were stopped: 0,0000979 seconds, Stopping threads took: 0,0000282 seconds
2017-07-05T01:15:47.042+0200: 10743,126: Total time for which application threads were stopped: 0,0000580 seconds, Stopping threads took: 0,0000171 seconds
2017-07-05T01:15:47.043+0200: 10743,127: Total time for which application threads were stopped: 0,0000890 seconds, Stopping threads took: 0,0000244 seconds
2017-07-05T01:15:47.043+0200: 10743,127: Total time for which application threads were stopped: 0,0000708 seconds, Stopping threads took: 0,0000250 seconds
2017-07-05T01:15:47.048+0200: 10743,132: Total time for which application threads were stopped: 0,0001075 seconds, Stopping threads took: 0,0000265 seconds
2017-07-05T01:15:47.049+0200: 10743,132: Total time for which application threads were stopped: 0,0000650 seconds, Stopping threads took: 0,0000177 seconds
2017-07-05T01:15:47.049+0200: 10743,133: Total time for which application threads were stopped: 0,0000721 seconds, Stopping threads took: 0,0000222 seconds
2017-07-05T01:15:47.050+0200: 10743,134: Total time for which application threads were stopped: 0,0000833 seconds, Stopping threads took: 0,0000257 seconds
2017-07-05T01:15:47.050+0200: 10743,134: Total time for which application threads were stopped: 0,0000473 seconds, Stopping threads took: 0,0000124 seconds
2017-07-05T01:15:47.050+0200: 10743,134: Total time for which application threads were stopped: 0,0000441 seconds, Stopping threads took: 0,0000138 seconds
2017-07-05T01:15:47.051+0200: 10743,135: Total time for which application threads were stopped: 0,0000823 seconds, Stopping threads took: 0,0000249 seconds
2017-07-05T01:15:47.051+0200: 10743,135: Total time for which application threads were stopped: 0,0000492 seconds, Stopping threads took: 0,0000147 seconds
2017-07-05T01:15:47.051+0200: 10743,135: Total time for which application threads were stopped: 0,0000346 seconds, Stopping threads took: 0,0000049 seconds
2017-07-05T01:15:47.051+0200: 10743,135: Total time for which application threads were stopped: 0,0000420 seconds, Stopping threads took: 0,0000112 seconds
2017-07-05T01:15:47.052+0200: 10743,135: Total time for which application threads were stopped: 0,0001452 seconds, Stopping threads took: 0,0000112 seconds
2017-07-05T01:15:47.053+0200: 10743,138: Total time for which application threads were stopped: 0,0011617 seconds, Stopping threads took: 0,0000315 seconds
2017-07-05T01:15:47.057+0200: 10743,141: Total time for which application threads were stopped: 0,0000879 seconds, Stopping threads took: 0,0000235 seconds
2017-07-05T01:15:47.058+0200: 10743,141: Total time for which application threads were stopped: 0,0003315 seconds, Stopping threads took: 0,0000143 seconds
Heap
 par new generation   total 109248K, used 42033K [0x00000000e0000000, 0x00000000e8000000, 0x00000000e8000000)
  eden space 87424K,  33% used [0x00000000e0000000, 0x00000000e1ca5488, 0x00000000e5560000)
  from space 21824K,  58% used [0x00000000e5560000, 0x00000000e61c7190, 0x00000000e6ab0000)
  to   space 21824K,   0% used [0x00000000e6ab0000, 0x00000000e6ab0000, 0x00000000e8000000)
 concurrent mark-sweep generation total 393216K, used 7324K [0x00000000e8000000, 0x0000000100000000, 0x0000000100000000)
 Metaspace       used 28226K, capacity 28788K, committed 29052K, reserved 1075200K
  class space    used 3225K, capacity 3421K, committed 3452K, reserved 1048576K
