OpenJDK 64-Bit Server VM (25.111-b14) for linux-amd64 JRE (1.8.0_111-8u111-b14-2ubuntu0.16.04.2-b14), built on Oct 27 2016 18:10:19 by "buildd" with gcc 5.4.0 20160609
Memory: 4k page, physical 7867876k(7452212k free), swap 8076284k(8076284k free)
CommandLine flags: -XX:CMSInitiatingOccupancyFraction=50 -XX:CMSMaxAbortablePrecleanTime=6000 -XX:+CMSParallelRemarkEnabled -XX:+CMSScavengeBeforeRemark -XX:ConcGCThreads=4 -XX:InitialHeapSize=536870912 -XX:MaxHeapSize=536870912 -XX:MaxTenuringThreshold=8 -XX:NewRatio=3 -XX:OldPLABSize=16 -XX:OnOutOfMemoryError=/opt/solr/bin/oom_solr.sh 8983 /var/solr/logs -XX:ParallelGCThreads=4 -XX:+ParallelRefProcEnabled -XX:PretenureSizeThreshold=67108864 -XX:+PrintGC -XX:+PrintGCApplicationStoppedTime -XX:+PrintGCDateStamps -XX:+PrintGCDetails -XX:+PrintGCTimeStamps -XX:+PrintHeapAtGC -XX:+PrintTenuringDistribution -XX:SurvivorRatio=4 -XX:TargetSurvivorRatio=90 -XX:ThreadStackSize=256 -XX:+UseCMSInitiatingOccupancyOnly -XX:+UseCompressedClassPointers -XX:+UseCompressedOops -XX:+UseConcMarkSweepGC -XX:+UseParNewGC 
2016-11-09T09:48:19.840+0100: 0,109: Total time for which application threads were stopped: 0,0000715 seconds, Stopping threads took: 0,0000146 seconds
2016-11-09T09:48:19.901+0100: 0,170: Total time for which application threads were stopped: 0,0001146 seconds, Stopping threads took: 0,0000173 seconds
2016-11-09T09:48:19.910+0100: 0,179: Total time for which application threads were stopped: 0,0000732 seconds, Stopping threads took: 0,0000139 seconds
2016-11-09T09:48:20.039+0100: 0,308: Total time for which application threads were stopped: 0,0001341 seconds, Stopping threads took: 0,0000159 seconds
2016-11-09T09:48:20.190+0100: 0,459: Total time for which application threads were stopped: 0,0001161 seconds, Stopping threads took: 0,0000187 seconds
2016-11-09T09:48:20.230+0100: 0,499: Total time for which application threads were stopped: 0,0001519 seconds, Stopping threads took: 0,0000277 seconds
2016-11-09T09:48:20.241+0100: 0,510: Total time for which application threads were stopped: 0,0001881 seconds, Stopping threads took: 0,0000460 seconds
2016-11-09T09:48:20.419+0100: 0,688: Total time for which application threads were stopped: 0,0001877 seconds, Stopping threads took: 0,0000200 seconds
2016-11-09T09:48:20.588+0100: 0,858: Total time for which application threads were stopped: 0,0002622 seconds, Stopping threads took: 0,0000220 seconds
2016-11-09T09:48:20.609+0100: 0,878: Total time for which application threads were stopped: 0,0003182 seconds, Stopping threads took: 0,0000170 seconds
2016-11-09T09:48:20.609+0100: 0,879: Total time for which application threads were stopped: 0,0001616 seconds, Stopping threads took: 0,0000132 seconds
2016-11-09T09:48:20.625+0100: 0,894: Total time for which application threads were stopped: 0,0001824 seconds, Stopping threads took: 0,0000186 seconds
2016-11-09T09:48:20.699+0100: 0,968: Total time for which application threads were stopped: 0,0002403 seconds, Stopping threads took: 0,0000204 seconds
2016-11-09T09:48:20.870+0100: 1,139: Total time for which application threads were stopped: 0,0004298 seconds, Stopping threads took: 0,0002240 seconds
{Heap before GC invocations=0 (full 0):
 par new generation   total 109248K, used 87424K [0x00000000e0000000, 0x00000000e8000000, 0x00000000e8000000)
  eden space 87424K, 100% used [0x00000000e0000000, 0x00000000e5560000, 0x00000000e5560000)
  from space 21824K,   0% used [0x00000000e5560000, 0x00000000e5560000, 0x00000000e6ab0000)
  to   space 21824K,   0% used [0x00000000e6ab0000, 0x00000000e6ab0000, 0x00000000e8000000)
 concurrent mark-sweep generation total 393216K, used 0K [0x00000000e8000000, 0x0000000100000000, 0x0000000100000000)
 Metaspace       used 17909K, capacity 18142K, committed 18304K, reserved 1064960K
  class space    used 2029K, capacity 2130K, committed 2176K, reserved 1048576K
2016-11-09T09:48:20.960+0100: 1,229: [GC (Allocation Failure) 2016-11-09T09:48:20.960+0100: 1,229: [ParNew
Desired survivor size 20112992 bytes, new threshold 8 (max 8)
- age   1:   12184984 bytes,   12184984 total
: 87424K->12023K(109248K), 0,0157266 secs] 87424K->12023K(502464K), 0,0158231 secs] [Times: user=0,05 sys=0,01, real=0,02 secs] 
Heap after GC invocations=1 (full 0):
 par new generation   total 109248K, used 12023K [0x00000000e0000000, 0x00000000e8000000, 0x00000000e8000000)
  eden space 87424K,   0% used [0x00000000e0000000, 0x00000000e0000000, 0x00000000e5560000)
  from space 21824K,  55% used [0x00000000e6ab0000, 0x00000000e766dd30, 0x00000000e8000000)
  to   space 21824K,   0% used [0x00000000e5560000, 0x00000000e5560000, 0x00000000e6ab0000)
 concurrent mark-sweep generation total 393216K, used 0K [0x00000000e8000000, 0x0000000100000000, 0x0000000100000000)
 Metaspace       used 17909K, capacity 18142K, committed 18304K, reserved 1064960K
  class space    used 2029K, capacity 2130K, committed 2176K, reserved 1048576K
}
2016-11-09T09:48:20.976+0100: 1,245: Total time for which application threads were stopped: 0,0160321 seconds, Stopping threads took: 0,0000218 seconds
2016-11-09T09:48:21.247+0100: 1,516: Total time for which application threads were stopped: 0,0004316 seconds, Stopping threads took: 0,0000871 seconds
2016-11-09T09:48:21.279+0100: 1,549: Total time for which application threads were stopped: 0,0003704 seconds, Stopping threads took: 0,0000381 seconds
2016-11-09T09:48:21.303+0100: 1,573: Total time for which application threads were stopped: 0,0012496 seconds, Stopping threads took: 0,0008593 seconds
{Heap before GC invocations=1 (full 0):
 par new generation   total 109248K, used 99447K [0x00000000e0000000, 0x00000000e8000000, 0x00000000e8000000)
  eden space 87424K, 100% used [0x00000000e0000000, 0x00000000e5560000, 0x00000000e5560000)
  from space 21824K,  55% used [0x00000000e6ab0000, 0x00000000e766dd30, 0x00000000e8000000)
  to   space 21824K,   0% used [0x00000000e5560000, 0x00000000e5560000, 0x00000000e6ab0000)
 concurrent mark-sweep generation total 393216K, used 0K [0x00000000e8000000, 0x0000000100000000, 0x0000000100000000)
 Metaspace       used 20416K, capacity 20718K, committed 20992K, reserved 1067008K
  class space    used 2354K, capacity 2484K, committed 2560K, reserved 1048576K
2016-11-09T09:48:21.398+0100: 1,668: [GC (Allocation Failure) 2016-11-09T09:48:21.398+0100: 1,668: [ParNew
Desired survivor size 20112992 bytes, new threshold 8 (max 8)
- age   1:    4580072 bytes,    4580072 total
- age   2:    6272352 bytes,   10852424 total
: 99447K->11284K(109248K), 0,0202883 secs] 99447K->11284K(502464K), 0,0203506 secs] [Times: user=0,06 sys=0,00, real=0,02 secs] 
Heap after GC invocations=2 (full 0):
 par new generation   total 109248K, used 11284K [0x00000000e0000000, 0x00000000e8000000, 0x00000000e8000000)
  eden space 87424K,   0% used [0x00000000e0000000, 0x00000000e0000000, 0x00000000e5560000)
  from space 21824K,  51% used [0x00000000e5560000, 0x00000000e6065380, 0x00000000e6ab0000)
  to   space 21824K,   0% used [0x00000000e6ab0000, 0x00000000e6ab0000, 0x00000000e8000000)
 concurrent mark-sweep generation total 393216K, used 0K [0x00000000e8000000, 0x0000000100000000, 0x0000000100000000)
 Metaspace       used 20416K, capacity 20718K, committed 20992K, reserved 1067008K
  class space    used 2354K, capacity 2484K, committed 2560K, reserved 1048576K
}
2016-11-09T09:48:21.419+0100: 1,688: Total time for which application threads were stopped: 0,0205568 seconds, Stopping threads took: 0,0000357 seconds
2016-11-09T09:48:21.583+0100: 1,853: Total time for which application threads were stopped: 0,0051592 seconds, Stopping threads took: 0,0050423 seconds
{Heap before GC invocations=2 (full 0):
 par new generation   total 109248K, used 98708K [0x00000000e0000000, 0x00000000e8000000, 0x00000000e8000000)
  eden space 87424K, 100% used [0x00000000e0000000, 0x00000000e5560000, 0x00000000e5560000)
  from space 21824K,  51% used [0x00000000e5560000, 0x00000000e6065380, 0x00000000e6ab0000)
  to   space 21824K,   0% used [0x00000000e6ab0000, 0x00000000e6ab0000, 0x00000000e8000000)
 concurrent mark-sweep generation total 393216K, used 0K [0x00000000e8000000, 0x0000000100000000, 0x0000000100000000)
 Metaspace       used 20851K, capacity 21196K, committed 21504K, reserved 1069056K
  class space    used 2410K, capacity 2527K, committed 2560K, reserved 1048576K
2016-11-09T09:48:21.604+0100: 1,873: [GC (Allocation Failure) 2016-11-09T09:48:21.604+0100: 1,873: [ParNew
Desired survivor size 20112992 bytes, new threshold 8 (max 8)
- age   1:    1184040 bytes,    1184040 total
- age   2:    1599872 bytes,    2783912 total
- age   3:    6270960 bytes,    9054872 total
: 98708K->17201K(109248K), 0,0187023 secs] 98708K->17201K(502464K), 0,0187924 secs] [Times: user=0,05 sys=0,00, real=0,01 secs] 
Heap after GC invocations=3 (full 0):
 par new generation   total 109248K, used 17201K [0x00000000e0000000, 0x00000000e8000000, 0x00000000e8000000)
  eden space 87424K,   0% used [0x00000000e0000000, 0x00000000e0000000, 0x00000000e5560000)
  from space 21824K,  78% used [0x00000000e6ab0000, 0x00000000e7b7c5d8, 0x00000000e8000000)
  to   space 21824K,   0% used [0x00000000e5560000, 0x00000000e5560000, 0x00000000e6ab0000)
 concurrent mark-sweep generation total 393216K, used 0K [0x00000000e8000000, 0x0000000100000000, 0x0000000100000000)
 Metaspace       used 20851K, capacity 21196K, committed 21504K, reserved 1069056K
  class space    used 2410K, capacity 2527K, committed 2560K, reserved 1048576K
}
2016-11-09T09:48:21.623+0100: 1,892: Total time for which application threads were stopped: 0,0191157 seconds, Stopping threads took: 0,0000675 seconds
2016-11-09T09:48:21.627+0100: 1,896: [GC (CMS Initial Mark) [1 CMS-initial-mark: 0K(393216K)] 18079K(502464K), 0,0083007 secs] [Times: user=0,02 sys=0,00, real=0,00 secs] 
2016-11-09T09:48:21.635+0100: 1,904: Total time for which application threads were stopped: 0,0104782 seconds, Stopping threads took: 0,0020468 seconds
2016-11-09T09:48:21.635+0100: 1,904: [CMS-concurrent-mark-start]
2016-11-09T09:48:21.636+0100: 1,905: [CMS-concurrent-mark: 0,001/0,001 secs] [Times: user=0,00 sys=0,00, real=0,00 secs] 
2016-11-09T09:48:21.636+0100: 1,905: [CMS-concurrent-preclean-start]
2016-11-09T09:48:21.637+0100: 1,906: [CMS-concurrent-preclean: 0,001/0,001 secs] [Times: user=0,00 sys=0,00, real=0,00 secs] 
2016-11-09T09:48:21.637+0100: 1,906: [GC (CMS Final Remark) [YG occupancy: 19004 K (109248 K)]{Heap before GC invocations=3 (full 1):
 par new generation   total 109248K, used 19004K [0x00000000e0000000, 0x00000000e8000000, 0x00000000e8000000)
  eden space 87424K,   2% used [0x00000000e0000000, 0x00000000e01c2ab8, 0x00000000e5560000)
  from space 21824K,  78% used [0x00000000e6ab0000, 0x00000000e7b7c5d8, 0x00000000e8000000)
  to   space 21824K,   0% used [0x00000000e5560000, 0x00000000e5560000, 0x00000000e6ab0000)
 concurrent mark-sweep generation total 393216K, used 0K [0x00000000e8000000, 0x0000000100000000, 0x0000000100000000)
 Metaspace       used 20855K, capacity 21202K, committed 21504K, reserved 1069056K
  class space    used 2410K, capacity 2528K, committed 2560K, reserved 1048576K
2016-11-09T09:48:21.637+0100: 1,907: [GC (CMS Final Remark) 2016-11-09T09:48:21.637+0100: 1,907: [ParNew
Desired survivor size 20112992 bytes, new threshold 8 (max 8)
- age   1:     310328 bytes,     310328 total
- age   2:    1150352 bytes,    1460680 total
- age   3:    1599872 bytes,    3060552 total
- age   4:    6271088 bytes,    9331640 total
: 19004K->10288K(109248K), 0,0105785 secs] 19004K->10288K(502464K), 0,0106252 secs] [Times: user=0,03 sys=0,00, real=0,01 secs] 
Heap after GC invocations=4 (full 1):
 par new generation   total 109248K, used 10288K [0x00000000e0000000, 0x00000000e8000000, 0x00000000e8000000)
  eden space 87424K,   0% used [0x00000000e0000000, 0x00000000e0000000, 0x00000000e5560000)
  from space 21824K,  47% used [0x00000000e5560000, 0x00000000e5f6c170, 0x00000000e6ab0000)
  to   space 21824K,   0% used [0x00000000e6ab0000, 0x00000000e6ab0000, 0x00000000e8000000)
 concurrent mark-sweep generation total 393216K, used 0K [0x00000000e8000000, 0x0000000100000000, 0x0000000100000000)
 Metaspace       used 20855K, capacity 21202K, committed 21504K, reserved 1069056K
  class space    used 2410K, capacity 2528K, committed 2560K, reserved 1048576K
}
2016-11-09T09:48:21.648+0100: 1,917: [Rescan (parallel) , 0,0029908 secs]2016-11-09T09:48:21.651+0100: 1,920: [weak refs processing, 0,0007581 secs]2016-11-09T09:48:21.652+0100: 1,921: [class unloading, 0,0027066 secs]2016-11-09T09:48:21.654+0100: 1,924: [scrub symbol table, 0,0032522 secs]2016-11-09T09:48:21.658+0100: 1,927: [scrub string table, 0,0003611 secs][1 CMS-remark: 0K(393216K)] 10288K(502464K), 0,0213306 secs] [Times: user=0,06 sys=0,00, real=0,02 secs] 
2016-11-09T09:48:21.659+0100: 1,928: Total time for which application threads were stopped: 0,0214454 seconds, Stopping threads took: 0,0000336 seconds
2016-11-09T09:48:21.659+0100: 1,928: [CMS-concurrent-sweep-start]
2016-11-09T09:48:21.659+0100: 1,928: [CMS-concurrent-sweep: 0,000/0,000 secs] [Times: user=0,00 sys=0,00, real=0,00 secs] 
2016-11-09T09:48:21.659+0100: 1,928: [CMS-concurrent-reset-start]
2016-11-09T09:48:21.660+0100: 1,930: [CMS-concurrent-reset: 0,002/0,002 secs] [Times: user=0,00 sys=0,00, real=0,00 secs] 
2016-11-09T09:48:21.785+0100: 2,054: Total time for which application threads were stopped: 0,0003534 seconds, Stopping threads took: 0,0000163 seconds
2016-11-09T09:48:22.227+0100: 2,496: Total time for which application threads were stopped: 0,0004860 seconds, Stopping threads took: 0,0000346 seconds
2016-11-09T09:48:22.259+0100: 2,528: Total time for which application threads were stopped: 0,0004228 seconds, Stopping threads took: 0,0000454 seconds
2016-11-09T09:48:22.298+0100: 2,567: Total time for which application threads were stopped: 0,0004425 seconds, Stopping threads took: 0,0000421 seconds
{Heap before GC invocations=4 (full 1):
 par new generation   total 109248K, used 97712K [0x00000000e0000000, 0x00000000e8000000, 0x00000000e8000000)
  eden space 87424K, 100% used [0x00000000e0000000, 0x00000000e5560000, 0x00000000e5560000)
  from space 21824K,  47% used [0x00000000e5560000, 0x00000000e5f6c170, 0x00000000e6ab0000)
  to   space 21824K,   0% used [0x00000000e6ab0000, 0x00000000e6ab0000, 0x00000000e8000000)
 concurrent mark-sweep generation total 393216K, used 0K [0x00000000e8000000, 0x0000000100000000, 0x0000000100000000)
 Metaspace       used 22907K, capacity 23372K, committed 23552K, reserved 1071104K
  class space    used 2649K, capacity 2805K, committed 2816K, reserved 1048576K
2016-11-09T09:48:22.315+0100: 2,585: [GC (Allocation Failure) 2016-11-09T09:48:22.315+0100: 2,585: [ParNew
Desired survivor size 20112992 bytes, new threshold 8 (max 8)
- age   1:    2592376 bytes,    2592376 total
- age   2:       2504 bytes,    2594880 total
- age   3:     182160 bytes,    2777040 total
- age   4:     790664 bytes,    3567704 total
- age   5:    6265640 bytes,    9833344 total
: 97712K->15726K(109248K), 0,0296951 secs] 97712K->15726K(502464K), 0,0297731 secs] [Times: user=0,06 sys=0,00, real=0,03 secs] 
Heap after GC invocations=5 (full 1):
 par new generation   total 109248K, used 15726K [0x00000000e0000000, 0x00000000e8000000, 0x00000000e8000000)
  eden space 87424K,   0% used [0x00000000e0000000, 0x00000000e0000000, 0x00000000e5560000)
  from space 21824K,  72% used [0x00000000e6ab0000, 0x00000000e7a0bb40, 0x00000000e8000000)
  to   space 21824K,   0% used [0x00000000e5560000, 0x00000000e5560000, 0x00000000e6ab0000)
 concurrent mark-sweep generation total 393216K, used 0K [0x00000000e8000000, 0x0000000100000000, 0x0000000100000000)
 Metaspace       used 22907K, capacity 23372K, committed 23552K, reserved 1071104K
  class space    used 2649K, capacity 2805K, committed 2816K, reserved 1048576K
}
2016-11-09T09:48:22.345+0100: 2,614: Total time for which application threads were stopped: 0,0338359 seconds, Stopping threads took: 0,0038908 seconds
2016-11-09T09:48:22.742+0100: 3,011: Total time for which application threads were stopped: 0,0004128 seconds, Stopping threads took: 0,0000178 seconds
2016-11-09T09:48:23.742+0100: 4,012: Total time for which application threads were stopped: 0,0001169 seconds, Stopping threads took: 0,0000178 seconds
2016-11-09T09:48:23.781+0100: 4,050: Total time for which application threads were stopped: 0,0002459 seconds, Stopping threads took: 0,0000161 seconds
2016-11-09T09:50:50.801+0100: 151,070: Total time for which application threads were stopped: 0,0000909 seconds, Stopping threads took: 0,0000390 seconds
2016-11-09T09:50:55.802+0100: 156,071: Total time for which application threads were stopped: 0,0004374 seconds, Stopping threads took: 0,0001522 seconds
2016-11-09T09:51:55.811+0100: 216,081: Total time for which application threads were stopped: 0,0001007 seconds, Stopping threads took: 0,0000386 seconds
2016-11-09T09:53:05.823+0100: 286,093: Total time for which application threads were stopped: 0,0001678 seconds, Stopping threads took: 0,0000630 seconds
2016-11-09T10:12:01.008+0100: 1421,277: Total time for which application threads were stopped: 0,0000815 seconds, Stopping threads took: 0,0000324 seconds
2016-11-09T10:16:46.054+0100: 1706,323: Total time for which application threads were stopped: 0,0000908 seconds, Stopping threads took: 0,0000347 seconds
2016-11-09T10:26:56.152+0100: 2316,421: Total time for which application threads were stopped: 0,0001591 seconds, Stopping threads took: 0,0000556 seconds
2016-11-09T10:27:01.153+0100: 2321,422: Total time for which application threads were stopped: 0,0001114 seconds, Stopping threads took: 0,0000252 seconds
2016-11-09T10:41:36.285+0100: 3196,555: Total time for which application threads were stopped: 0,0001741 seconds, Stopping threads took: 0,0000618 seconds
2016-11-09T10:51:40.381+0100: 3800,650: Total time for which application threads were stopped: 0,0001847 seconds, Stopping threads took: 0,0000713 seconds
2016-11-09T10:51:55.383+0100: 3815,653: Total time for which application threads were stopped: 0,0001830 seconds, Stopping threads took: 0,0000668 seconds
2016-11-09T10:55:21.417+0100: 4021,686: Total time for which application threads were stopped: 0,0001358 seconds, Stopping threads took: 0,0000517 seconds
2016-11-09T11:38:50.175+0100: 4982,840: Total time for which application threads were stopped: 0,0002125 seconds, Stopping threads took: 0,0000653 seconds
2016-11-09T11:54:25.298+0100: 5917,963: Total time for which application threads were stopped: 0,0001012 seconds, Stopping threads took: 0,0000352 seconds
2016-11-09T11:54:30.299+0100: 5922,964: Total time for which application threads were stopped: 0,0000707 seconds, Stopping threads took: 0,0000180 seconds
2016-11-09T11:54:35.300+0100: 5927,965: Total time for which application threads were stopped: 0,0000796 seconds, Stopping threads took: 0,0000320 seconds
2016-11-09T12:05:00.388+0100: 6553,054: Total time for which application threads were stopped: 0,0000796 seconds, Stopping threads took: 0,0000320 seconds
2016-11-09T12:10:50.438+0100: 6903,104: Total time for which application threads were stopped: 0,0001448 seconds, Stopping threads took: 0,0000545 seconds
2016-11-09T12:16:48.489+0100: 7261,154: Total time for which application threads were stopped: 0,0001632 seconds, Stopping threads took: 0,0000597 seconds
2016-11-09T12:18:18.501+0100: 7351,167: Total time for which application threads were stopped: 0,0001030 seconds, Stopping threads took: 0,0000344 seconds
2016-11-09T12:19:48.515+0100: 7441,181: Total time for which application threads were stopped: 0,0000950 seconds, Stopping threads took: 0,0000339 seconds
2016-11-09T12:20:48.523+0100: 7501,188: Total time for which application threads were stopped: 0,0001568 seconds, Stopping threads took: 0,0000554 seconds
2016-11-09T12:23:48.550+0100: 7681,215: Total time for which application threads were stopped: 0,0001332 seconds, Stopping threads took: 0,0000487 seconds
2016-11-09T13:28:19.082+0100: 11551,748: Total time for which application threads were stopped: 0,0001672 seconds, Stopping threads took: 0,0000632 seconds
2016-11-09T14:31:48.585+0100: 15361,251: Total time for which application threads were stopped: 0,0000940 seconds, Stopping threads took: 0,0000362 seconds
2016-11-09T14:40:10.462+0100: 15863,127: Total time for which application threads were stopped: 0,0001089 seconds, Stopping threads took: 0,0000236 seconds
2016-11-09T14:51:48.546+0100: 16561,211: Total time for which application threads were stopped: 0,0001652 seconds, Stopping threads took: 0,0000596 seconds
2016-11-09T16:02:29.353+0100: 20802,018: Total time for which application threads were stopped: 0,0017051 seconds, Stopping threads took: 0,0000320 seconds
Heap
 par new generation   total 109248K, used 91776K [0x00000000e0000000, 0x00000000e8000000, 0x00000000e8000000)
  eden space 87424K,  86% used [0x00000000e0000000, 0x00000000e4a44770, 0x00000000e5560000)
  from space 21824K,  72% used [0x00000000e6ab0000, 0x00000000e7a0bb40, 0x00000000e8000000)
  to   space 21824K,   0% used [0x00000000e5560000, 0x00000000e5560000, 0x00000000e6ab0000)
 concurrent mark-sweep generation total 393216K, used 0K [0x00000000e8000000, 0x0000000100000000, 0x0000000100000000)
 Metaspace       used 27501K, capacity 27906K, committed 28288K, reserved 1075200K
  class space    used 3177K, capacity 3330K, committed 3456K, reserved 1048576K
