OpenJDK 64-Bit Server VM (25.131-b11) for linux-amd64 JRE (1.8.0_131-8u131-b11-0ubuntu1.16.04.2-b11), built on May  6 2017 02:45:27 by "buildd" with gcc 5.4.0 20160609
Memory: 4k page, physical 7867740k(7430532k free), swap 8076284k(8076284k free)
CommandLine flags: -XX:CMSInitiatingOccupancyFraction=50 -XX:CMSMaxAbortablePrecleanTime=6000 -XX:+CMSParallelRemarkEnabled -XX:+CMSScavengeBeforeRemark -XX:ConcGCThreads=4 -XX:InitialHeapSize=536870912 -XX:MaxHeapSize=536870912 -XX:MaxTenuringThreshold=8 -XX:NewRatio=3 -XX:OldPLABSize=16 -XX:OnOutOfMemoryError=/opt/solr/bin/oom_solr.sh 8983 /var/solr/logs -XX:ParallelGCThreads=4 -XX:+ParallelRefProcEnabled -XX:PretenureSizeThreshold=67108864 -XX:+PrintGC -XX:+PrintGCApplicationStoppedTime -XX:+PrintGCDateStamps -XX:+PrintGCDetails -XX:+PrintGCTimeStamps -XX:+PrintHeapAtGC -XX:+PrintTenuringDistribution -XX:SurvivorRatio=4 -XX:TargetSurvivorRatio=90 -XX:ThreadStackSize=256 -XX:+UseCMSInitiatingOccupancyOnly -XX:+UseCompressedClassPointers -XX:+UseCompressedOops -XX:+UseConcMarkSweepGC -XX:+UseParNewGC 
2017-07-21T17:11:31.744+0200: 0,138: Total time for which application threads were stopped: 0,0000666 seconds, Stopping threads took: 0,0000121 seconds
2017-07-21T17:11:31.842+0200: 0,236: Total time for which application threads were stopped: 0,0001040 seconds, Stopping threads took: 0,0000153 seconds
2017-07-21T17:11:31.857+0200: 0,251: Total time for which application threads were stopped: 0,0000733 seconds, Stopping threads took: 0,0000110 seconds
2017-07-21T17:11:32.077+0200: 0,471: Total time for which application threads were stopped: 0,0001261 seconds, Stopping threads took: 0,0000146 seconds
2017-07-21T17:11:32.499+0200: 0,893: Total time for which application threads were stopped: 0,0001538 seconds, Stopping threads took: 0,0000137 seconds
2017-07-21T17:11:32.633+0200: 1,027: Total time for which application threads were stopped: 0,0001864 seconds, Stopping threads took: 0,0000239 seconds
2017-07-21T17:11:32.684+0200: 1,078: Total time for which application threads were stopped: 0,0001837 seconds, Stopping threads took: 0,0000233 seconds
2017-07-21T17:11:33.017+0200: 1,411: Total time for which application threads were stopped: 0,0001643 seconds, Stopping threads took: 0,0000171 seconds
2017-07-21T17:11:33.247+0200: 1,641: Total time for which application threads were stopped: 0,0002159 seconds, Stopping threads took: 0,0000392 seconds
2017-07-21T17:11:33.273+0200: 1,667: Total time for which application threads were stopped: 0,0011569 seconds, Stopping threads took: 0,0001260 seconds
2017-07-21T17:11:33.311+0200: 1,705: Total time for which application threads were stopped: 0,0005111 seconds, Stopping threads took: 0,0000227 seconds
2017-07-21T17:11:33.313+0200: 1,707: Total time for which application threads were stopped: 0,0001947 seconds, Stopping threads took: 0,0000194 seconds
2017-07-21T17:11:33.330+0200: 1,724: Total time for which application threads were stopped: 0,0004593 seconds, Stopping threads took: 0,0001056 seconds
2017-07-21T17:11:33.422+0200: 1,816: Total time for which application threads were stopped: 0,0002656 seconds, Stopping threads took: 0,0000219 seconds
2017-07-21T17:11:33.624+0200: 2,018: Total time for which application threads were stopped: 0,0022328 seconds, Stopping threads took: 0,0020273 seconds
{Heap before GC invocations=0 (full 0):
 par new generation   total 109248K, used 87424K [0x00000000e0000000, 0x00000000e8000000, 0x00000000e8000000)
  eden space 87424K, 100% used [0x00000000e0000000, 0x00000000e5560000, 0x00000000e5560000)
  from space 21824K,   0% used [0x00000000e5560000, 0x00000000e5560000, 0x00000000e6ab0000)
  to   space 21824K,   0% used [0x00000000e6ab0000, 0x00000000e6ab0000, 0x00000000e8000000)
 concurrent mark-sweep generation total 393216K, used 0K [0x00000000e8000000, 0x0000000100000000, 0x0000000100000000)
 Metaspace       used 18053K, capacity 18336K, committed 18688K, reserved 1064960K
  class space    used 2042K, capacity 2196K, committed 2304K, reserved 1048576K
2017-07-21T17:11:33.715+0200: 2,109: [GC (Allocation Failure) 2017-07-21T17:11:33.715+0200: 2,109: [ParNew
Desired survivor size 20112992 bytes, new threshold 8 (max 8)
- age   1:   12614672 bytes,   12614672 total
: 87424K->12436K(109248K), 0,0155897 secs] 87424K->12436K(502464K), 0,0156683 secs] [Times: user=0,04 sys=0,01, real=0,01 secs] 
Heap after GC invocations=1 (full 0):
 par new generation   total 109248K, used 12436K [0x00000000e0000000, 0x00000000e8000000, 0x00000000e8000000)
  eden space 87424K,   0% used [0x00000000e0000000, 0x00000000e0000000, 0x00000000e5560000)
  from space 21824K,  56% used [0x00000000e6ab0000, 0x00000000e76d50e8, 0x00000000e8000000)
  to   space 21824K,   0% used [0x00000000e5560000, 0x00000000e5560000, 0x00000000e6ab0000)
 concurrent mark-sweep generation total 393216K, used 0K [0x00000000e8000000, 0x0000000100000000, 0x0000000100000000)
 Metaspace       used 18053K, capacity 18336K, committed 18688K, reserved 1064960K
  class space    used 2042K, capacity 2196K, committed 2304K, reserved 1048576K
}
2017-07-21T17:11:33.731+0200: 2,125: Total time for which application threads were stopped: 0,0158904 seconds, Stopping threads took: 0,0000436 seconds
2017-07-21T17:11:34.029+0200: 2,423: Total time for which application threads were stopped: 0,0002782 seconds, Stopping threads took: 0,0000321 seconds
2017-07-21T17:11:34.082+0200: 2,476: Total time for which application threads were stopped: 0,0004053 seconds, Stopping threads took: 0,0000578 seconds
{Heap before GC invocations=1 (full 0):
 par new generation   total 109248K, used 99860K [0x00000000e0000000, 0x00000000e8000000, 0x00000000e8000000)
  eden space 87424K, 100% used [0x00000000e0000000, 0x00000000e5560000, 0x00000000e5560000)
  from space 21824K,  56% used [0x00000000e6ab0000, 0x00000000e76d50e8, 0x00000000e8000000)
  to   space 21824K,   0% used [0x00000000e5560000, 0x00000000e5560000, 0x00000000e6ab0000)
 concurrent mark-sweep generation total 393216K, used 0K [0x00000000e8000000, 0x0000000100000000, 0x0000000100000000)
 Metaspace       used 20085K, capacity 20434K, committed 20736K, reserved 1067008K
  class space    used 2298K, capacity 2471K, committed 2560K, reserved 1048576K
2017-07-21T17:11:34.088+0200: 2,482: [GC (Allocation Failure) 2017-07-21T17:11:34.088+0200: 2,482: [ParNew
Desired survivor size 20112992 bytes, new threshold 8 (max 8)
- age   1:    3792416 bytes,    3792416 total
- age   2:    6669440 bytes,   10461856 total
: 99860K->15812K(109248K), 0,0100515 secs] 99860K->15812K(502464K), 0,0101174 secs] [Times: user=0,04 sys=0,00, real=0,01 secs] 
Heap after GC invocations=2 (full 0):
 par new generation   total 109248K, used 15812K [0x00000000e0000000, 0x00000000e8000000, 0x00000000e8000000)
  eden space 87424K,   0% used [0x00000000e0000000, 0x00000000e0000000, 0x00000000e5560000)
  from space 21824K,  72% used [0x00000000e5560000, 0x00000000e64d1240, 0x00000000e6ab0000)
  to   space 21824K,   0% used [0x00000000e6ab0000, 0x00000000e6ab0000, 0x00000000e8000000)
 concurrent mark-sweep generation total 393216K, used 0K [0x00000000e8000000, 0x0000000100000000, 0x0000000100000000)
 Metaspace       used 20085K, capacity 20434K, committed 20736K, reserved 1067008K
  class space    used 2298K, capacity 2471K, committed 2560K, reserved 1048576K
}
2017-07-21T17:11:34.098+0200: 2,492: Total time for which application threads were stopped: 0,0103800 seconds, Stopping threads took: 0,0001055 seconds
2017-07-21T17:11:34.126+0200: 2,520: Total time for which application threads were stopped: 0,0003829 seconds, Stopping threads took: 0,0000626 seconds
2017-07-21T17:11:34.236+0200: 2,630: Total time for which application threads were stopped: 0,0001369 seconds, Stopping threads took: 0,0000288 seconds
{Heap before GC invocations=2 (full 0):
 par new generation   total 109248K, used 103236K [0x00000000e0000000, 0x00000000e8000000, 0x00000000e8000000)
  eden space 87424K, 100% used [0x00000000e0000000, 0x00000000e5560000, 0x00000000e5560000)
  from space 21824K,  72% used [0x00000000e5560000, 0x00000000e64d1240, 0x00000000e6ab0000)
  to   space 21824K,   0% used [0x00000000e6ab0000, 0x00000000e6ab0000, 0x00000000e8000000)
 concurrent mark-sweep generation total 393216K, used 0K [0x00000000e8000000, 0x0000000100000000, 0x0000000100000000)
 Metaspace       used 20991K, capacity 21356K, committed 21628K, reserved 1069056K
  class space    used 2425K, capacity 2590K, committed 2684K, reserved 1048576K
2017-07-21T17:11:34.277+0200: 2,671: [GC (Allocation Failure) 2017-07-21T17:11:34.277+0200: 2,671: [ParNew
Desired survivor size 20112992 bytes, new threshold 8 (max 8)
- age   1:    2321064 bytes,    2321064 total
- age   2:     856760 bytes,    3177824 total
- age   3:    6665488 bytes,    9843312 total
: 103236K->11326K(109248K), 0,0093466 secs] 103236K->11326K(502464K), 0,0094322 secs] [Times: user=0,03 sys=0,00, real=0,01 secs] 
Heap after GC invocations=3 (full 0):
 par new generation   total 109248K, used 11326K [0x00000000e0000000, 0x00000000e8000000, 0x00000000e8000000)
  eden space 87424K,   0% used [0x00000000e0000000, 0x00000000e0000000, 0x00000000e5560000)
  from space 21824K,  51% used [0x00000000e6ab0000, 0x00000000e75bfa90, 0x00000000e8000000)
  to   space 21824K,   0% used [0x00000000e5560000, 0x00000000e5560000, 0x00000000e6ab0000)
 concurrent mark-sweep generation total 393216K, used 0K [0x00000000e8000000, 0x0000000100000000, 0x0000000100000000)
 Metaspace       used 20991K, capacity 21356K, committed 21628K, reserved 1069056K
  class space    used 2425K, capacity 2590K, committed 2684K, reserved 1048576K
}
2017-07-21T17:11:34.287+0200: 2,680: Total time for which application threads were stopped: 0,0096585 seconds, Stopping threads took: 0,0000976 seconds
2017-07-21T17:11:34.290+0200: 2,684: [GC (CMS Initial Mark) [1 CMS-initial-mark: 0K(393216K)] 12021K(502464K), 0,0028531 secs] [Times: user=0,01 sys=0,00, real=0,00 secs] 
2017-07-21T17:11:34.293+0200: 2,687: Total time for which application threads were stopped: 0,0063506 seconds, Stopping threads took: 0,0034198 seconds
2017-07-21T17:11:34.293+0200: 2,687: [CMS-concurrent-mark-start]
2017-07-21T17:11:34.293+0200: 2,687: [CMS-concurrent-mark: 0,000/0,000 secs] [Times: user=0,00 sys=0,00, real=0,00 secs] 
2017-07-21T17:11:34.294+0200: 2,687: [CMS-concurrent-preclean-start]
2017-07-21T17:11:34.295+0200: 2,689: [CMS-concurrent-preclean: 0,001/0,001 secs] [Times: user=0,01 sys=0,00, real=0,01 secs] 
2017-07-21T17:11:34.295+0200: 2,689: [CMS-concurrent-abortable-preclean-start]
2017-07-21T17:11:34.385+0200: 2,779: Total time for which application threads were stopped: 0,0001434 seconds, Stopping threads took: 0,0000685 seconds
{Heap before GC invocations=3 (full 1):
 par new generation   total 109248K, used 98750K [0x00000000e0000000, 0x00000000e8000000, 0x00000000e8000000)
  eden space 87424K, 100% used [0x00000000e0000000, 0x00000000e5560000, 0x00000000e5560000)
  from space 21824K,  51% used [0x00000000e6ab0000, 0x00000000e75bfa90, 0x00000000e8000000)
  to   space 21824K,   0% used [0x00000000e5560000, 0x00000000e5560000, 0x00000000e6ab0000)
 concurrent mark-sweep generation total 393216K, used 0K [0x00000000e8000000, 0x0000000100000000, 0x0000000100000000)
 Metaspace       used 21240K, capacity 21625K, committed 21884K, reserved 1069056K
  class space    used 2448K, capacity 2605K, committed 2684K, reserved 1048576K
2017-07-21T17:11:34.414+0200: 2,808: [GC (Allocation Failure) 2017-07-21T17:11:34.414+0200: 2,808: [ParNew
Desired survivor size 20112992 bytes, new threshold 8 (max 8)
- age   1:     783168 bytes,     783168 total
- age   2:    1446800 bytes,    2229968 total
- age   3:     827288 bytes,    3057256 total
- age   4:    6665448 bytes,    9722704 total
: 98750K->14598K(109248K), 0,0100772 secs] 98750K->14598K(502464K), 0,0101437 secs] [Times: user=0,04 sys=0,00, real=0,01 secs] 
Heap after GC invocations=4 (full 1):
 par new generation   total 109248K, used 14598K [0x00000000e0000000, 0x00000000e8000000, 0x00000000e8000000)
  eden space 87424K,   0% used [0x00000000e0000000, 0x00000000e0000000, 0x00000000e5560000)
  from space 21824K,  66% used [0x00000000e5560000, 0x00000000e63a1a00, 0x00000000e6ab0000)
  to   space 21824K,   0% used [0x00000000e6ab0000, 0x00000000e6ab0000, 0x00000000e8000000)
 concurrent mark-sweep generation total 393216K, used 0K [0x00000000e8000000, 0x0000000100000000, 0x0000000100000000)
 Metaspace       used 21240K, capacity 21625K, committed 21884K, reserved 1069056K
  class space    used 2448K, capacity 2605K, committed 2684K, reserved 1048576K
}
2017-07-21T17:11:34.424+0200: 2,818: Total time for which application threads were stopped: 0,0103186 seconds, Stopping threads took: 0,0000413 seconds
2017-07-21T17:11:34.424+0200: 2,818: [CMS-concurrent-abortable-preclean: 0,091/0,129 secs] [Times: user=0,49 sys=0,01, real=0,13 secs] 
2017-07-21T17:11:34.438+0200: 2,832: [GC (CMS Final Remark) [YG occupancy: 22666 K (109248 K)]{Heap before GC invocations=4 (full 1):
 par new generation   total 109248K, used 22666K [0x00000000e0000000, 0x00000000e8000000, 0x00000000e8000000)
  eden space 87424K,   9% used [0x00000000e0000000, 0x00000000e07e0e30, 0x00000000e5560000)
  from space 21824K,  66% used [0x00000000e5560000, 0x00000000e63a1a00, 0x00000000e6ab0000)
  to   space 21824K,   0% used [0x00000000e6ab0000, 0x00000000e6ab0000, 0x00000000e8000000)
 concurrent mark-sweep generation total 393216K, used 0K [0x00000000e8000000, 0x0000000100000000, 0x0000000100000000)
 Metaspace       used 21253K, capacity 21625K, committed 21884K, reserved 1069056K
  class space    used 2449K, capacity 2605K, committed 2684K, reserved 1048576K
2017-07-21T17:11:34.438+0200: 2,832: [GC (CMS Final Remark) 2017-07-21T17:11:34.438+0200: 2,832: [ParNew
Desired survivor size 20112992 bytes, new threshold 8 (max 8)
- age   1:     327400 bytes,     327400 total
- age   2:     449080 bytes,     776480 total
- age   3:    1446656 bytes,    2223136 total
- age   4:     827256 bytes,    3050392 total
- age   5:    6665312 bytes,    9715704 total
: 22666K->12262K(109248K), 0,0149773 secs] 22666K->12262K(502464K), 0,0150283 secs] [Times: user=0,04 sys=0,00, real=0,01 secs] 
Heap after GC invocations=5 (full 1):
 par new generation   total 109248K, used 12262K [0x00000000e0000000, 0x00000000e8000000, 0x00000000e8000000)
  eden space 87424K,   0% used [0x00000000e0000000, 0x00000000e0000000, 0x00000000e5560000)
  from space 21824K,  56% used [0x00000000e6ab0000, 0x00000000e76a9ab8, 0x00000000e8000000)
  to   space 21824K,   0% used [0x00000000e5560000, 0x00000000e5560000, 0x00000000e6ab0000)
 concurrent mark-sweep generation total 393216K, used 0K [0x00000000e8000000, 0x0000000100000000, 0x0000000100000000)
 Metaspace       used 21253K, capacity 21625K, committed 21884K, reserved 1069056K
  class space    used 2449K, capacity 2605K, committed 2684K, reserved 1048576K
}
2017-07-21T17:11:34.453+0200: 2,847: [Rescan (parallel) , 0,0032082 secs]2017-07-21T17:11:34.457+0200: 2,851: [weak refs processing, 0,0003794 secs]2017-07-21T17:11:34.457+0200: 2,851: [class unloading, 0,0027885 secs]2017-07-21T17:11:34.460+0200: 2,854: [scrub symbol table, 0,0025913 secs]2017-07-21T17:11:34.462+0200: 2,856: [scrub string table, 0,0003952 secs][1 CMS-remark: 0K(393216K)] 12262K(502464K), 0,0251124 secs] [Times: user=0,06 sys=0,00, real=0,03 secs] 
2017-07-21T17:11:34.463+0200: 2,857: Total time for which application threads were stopped: 0,0252809 seconds, Stopping threads took: 0,0000671 seconds
2017-07-21T17:11:34.463+0200: 2,857: [CMS-concurrent-sweep-start]
2017-07-21T17:11:34.463+0200: 2,857: [CMS-concurrent-sweep: 0,000/0,000 secs] [Times: user=0,00 sys=0,00, real=0,00 secs] 
2017-07-21T17:11:34.464+0200: 2,857: [CMS-concurrent-reset-start]
2017-07-21T17:11:34.466+0200: 2,860: [CMS-concurrent-reset: 0,002/0,002 secs] [Times: user=0,01 sys=0,00, real=0,00 secs] 
{Heap before GC invocations=5 (full 1):
 par new generation   total 109248K, used 99686K [0x00000000e0000000, 0x00000000e8000000, 0x00000000e8000000)
  eden space 87424K, 100% used [0x00000000e0000000, 0x00000000e5560000, 0x00000000e5560000)
  from space 21824K,  56% used [0x00000000e6ab0000, 0x00000000e76a9ab8, 0x00000000e8000000)
  to   space 21824K,   0% used [0x00000000e5560000, 0x00000000e5560000, 0x00000000e6ab0000)
 concurrent mark-sweep generation total 393216K, used 0K [0x00000000e8000000, 0x0000000100000000, 0x0000000100000000)
 Metaspace       used 21458K, capacity 21867K, committed 22140K, reserved 1069056K
  class space    used 2477K, capacity 2640K, committed 2684K, reserved 1048576K
2017-07-21T17:11:34.559+0200: 2,953: [GC (Allocation Failure) 2017-07-21T17:11:34.559+0200: 2,953: [ParNew
Desired survivor size 20112992 bytes, new threshold 8 (max 8)
- age   1:     404392 bytes,     404392 total
- age   2:       9032 bytes,     413424 total
- age   3:     179984 bytes,     593408 total
- age   4:    1444648 bytes,    2038056 total
- age   5:     823304 bytes,    2861360 total
- age   6:    6665376 bytes,    9526736 total
: 99686K->11681K(109248K), 0,0104325 secs] 99686K->11681K(502464K), 0,0105007 secs] [Times: user=0,04 sys=0,00, real=0,01 secs] 
Heap after GC invocations=6 (full 1):
 par new generation   total 109248K, used 11681K [0x00000000e0000000, 0x00000000e8000000, 0x00000000e8000000)
  eden space 87424K,   0% used [0x00000000e0000000, 0x00000000e0000000, 0x00000000e5560000)
  from space 21824K,  53% used [0x00000000e5560000, 0x00000000e60c87d0, 0x00000000e6ab0000)
  to   space 21824K,   0% used [0x00000000e6ab0000, 0x00000000e6ab0000, 0x00000000e8000000)
 concurrent mark-sweep generation total 393216K, used 0K [0x00000000e8000000, 0x0000000100000000, 0x0000000100000000)
 Metaspace       used 21458K, capacity 21867K, committed 22140K, reserved 1069056K
  class space    used 2477K, capacity 2640K, committed 2684K, reserved 1048576K
}
2017-07-21T17:11:34.570+0200: 2,964: Total time for which application threads were stopped: 0,0106975 seconds, Stopping threads took: 0,0000603 seconds
2017-07-21T17:11:34.586+0200: 2,980: Total time for which application threads were stopped: 0,0003181 seconds, Stopping threads took: 0,0000366 seconds
2017-07-21T17:11:34.829+0200: 3,223: Total time for which application threads were stopped: 0,0004196 seconds, Stopping threads took: 0,0000219 seconds
2017-07-21T17:11:34.846+0200: 3,240: Total time for which application threads were stopped: 0,0004340 seconds, Stopping threads took: 0,0000504 seconds
{Heap before GC invocations=6 (full 1):
 par new generation   total 109248K, used 99105K [0x00000000e0000000, 0x00000000e8000000, 0x00000000e8000000)
  eden space 87424K, 100% used [0x00000000e0000000, 0x00000000e5560000, 0x00000000e5560000)
  from space 21824K,  53% used [0x00000000e5560000, 0x00000000e60c87d0, 0x00000000e6ab0000)
  to   space 21824K,   0% used [0x00000000e6ab0000, 0x00000000e6ab0000, 0x00000000e8000000)
 concurrent mark-sweep generation total 393216K, used 0K [0x00000000e8000000, 0x0000000100000000, 0x0000000100000000)
 Metaspace       used 23742K, capacity 24175K, committed 24316K, reserved 1071104K
  class space    used 2790K, capacity 2982K, committed 3068K, reserved 1048576K
2017-07-21T17:11:35.018+0200: 3,412: [GC (Allocation Failure) 2017-07-21T17:11:35.018+0200: 3,412: [ParNew
Desired survivor size 20112992 bytes, new threshold 8 (max 8)
- age   1:    5081600 bytes,    5081600 total
- age   2:     185792 bytes,    5267392 total
- age   3:       9032 bytes,    5276424 total
- age   4:     179344 bytes,    5455768 total
- age   5:     276424 bytes,    5732192 total
- age   6:     797008 bytes,    6529200 total
- age   7:    6657032 bytes,   13186232 total
: 99105K->18327K(109248K), 0,0117723 secs] 99105K->18327K(502464K), 0,0118360 secs] [Times: user=0,04 sys=0,00, real=0,01 secs] 
Heap after GC invocations=7 (full 1):
 par new generation   total 109248K, used 18327K [0x00000000e0000000, 0x00000000e8000000, 0x00000000e8000000)
  eden space 87424K,   0% used [0x00000000e0000000, 0x00000000e0000000, 0x00000000e5560000)
  from space 21824K,  83% used [0x00000000e6ab0000, 0x00000000e7c95f78, 0x00000000e8000000)
  to   space 21824K,   0% used [0x00000000e5560000, 0x00000000e5560000, 0x00000000e6ab0000)
 concurrent mark-sweep generation total 393216K, used 0K [0x00000000e8000000, 0x0000000100000000, 0x0000000100000000)
 Metaspace       used 23742K, capacity 24175K, committed 24316K, reserved 1071104K
  class space    used 2790K, capacity 2982K, committed 3068K, reserved 1048576K
}
2017-07-21T17:11:35.030+0200: 3,424: Total time for which application threads were stopped: 0,0121274 seconds, Stopping threads took: 0,0000616 seconds
{Heap before GC invocations=7 (full 1):
 par new generation   total 109248K, used 105751K [0x00000000e0000000, 0x00000000e8000000, 0x00000000e8000000)
  eden space 87424K, 100% used [0x00000000e0000000, 0x00000000e5560000, 0x00000000e5560000)
  from space 21824K,  83% used [0x00000000e6ab0000, 0x00000000e7c95f78, 0x00000000e8000000)
  to   space 21824K,   0% used [0x00000000e5560000, 0x00000000e5560000, 0x00000000e6ab0000)
 concurrent mark-sweep generation total 393216K, used 0K [0x00000000e8000000, 0x0000000100000000, 0x0000000100000000)
 Metaspace       used 24212K, capacity 24693K, committed 24828K, reserved 1071104K
  class space    used 2843K, capacity 3047K, committed 3068K, reserved 1048576K
2017-07-21T17:11:35.118+0200: 3,512: [GC (Allocation Failure) 2017-07-21T17:11:35.119+0200: 3,512: [ParNew
Desired survivor size 20112992 bytes, new threshold 8 (max 8)
- age   1:    1842592 bytes,    1842592 total
- age   2:    1761792 bytes,    3604384 total
- age   3:      91344 bytes,    3695728 total
- age   4:       2224 bytes,    3697952 total
- age   5:      95632 bytes,    3793584 total
- age   6:     187192 bytes,    3980776 total
- age   7:     746672 bytes,    4727448 total
- age   8:    6124216 bytes,   10851664 total
: 105751K->13682K(109248K), 0,0162406 secs] 105751K->13682K(502464K), 0,0163256 secs] [Times: user=0,06 sys=0,00, real=0,02 secs] 
Heap after GC invocations=8 (full 1):
 par new generation   total 109248K, used 13682K [0x00000000e0000000, 0x00000000e8000000, 0x00000000e8000000)
  eden space 87424K,   0% used [0x00000000e0000000, 0x00000000e0000000, 0x00000000e5560000)
  from space 21824K,  62% used [0x00000000e5560000, 0x00000000e62bcb00, 0x00000000e6ab0000)
  to   space 21824K,   0% used [0x00000000e6ab0000, 0x00000000e6ab0000, 0x00000000e8000000)
 concurrent mark-sweep generation total 393216K, used 0K [0x00000000e8000000, 0x0000000100000000, 0x0000000100000000)
 Metaspace       used 24212K, capacity 24693K, committed 24828K, reserved 1071104K
  class space    used 2843K, capacity 3047K, committed 3068K, reserved 1048576K
}
2017-07-21T17:11:35.135+0200: 3,529: Total time for which application threads were stopped: 0,0179818 seconds, Stopping threads took: 0,0014465 seconds
{Heap before GC invocations=8 (full 1):
 par new generation   total 109248K, used 101106K [0x00000000e0000000, 0x00000000e8000000, 0x00000000e8000000)
  eden space 87424K, 100% used [0x00000000e0000000, 0x00000000e5560000, 0x00000000e5560000)
  from space 21824K,  62% used [0x00000000e5560000, 0x00000000e62bcb00, 0x00000000e6ab0000)
  to   space 21824K,   0% used [0x00000000e6ab0000, 0x00000000e6ab0000, 0x00000000e8000000)
 concurrent mark-sweep generation total 393216K, used 0K [0x00000000e8000000, 0x0000000100000000, 0x0000000100000000)
 Metaspace       used 24552K, capacity 25039K, committed 25084K, reserved 1071104K
  class space    used 2871K, capacity 3052K, committed 3068K, reserved 1048576K
2017-07-21T17:11:35.226+0200: 3,620: [GC (Allocation Failure) 2017-07-21T17:11:35.226+0200: 3,620: [ParNew
Desired survivor size 20112992 bytes, new threshold 8 (max 8)
- age   1:     724552 bytes,     724552 total
- age   2:     965536 bytes,    1690088 total
- age   3:    1737272 bytes,    3427360 total
- age   4:      91312 bytes,    3518672 total
- age   5:       2224 bytes,    3520896 total
- age   6:      95496 bytes,    3616392 total
- age   7:     184320 bytes,    3800712 total
- age   8:     745904 bytes,    4546616 total
: 101106K->7105K(109248K), 0,0328267 secs] 101106K->13168K(502464K), 0,0328950 secs] [Times: user=0,10 sys=0,00, real=0,03 secs] 
Heap after GC invocations=9 (full 1):
 par new generation   total 109248K, used 7105K [0x00000000e0000000, 0x00000000e8000000, 0x00000000e8000000)
  eden space 87424K,   0% used [0x00000000e0000000, 0x00000000e0000000, 0x00000000e5560000)
  from space 21824K,  32% used [0x00000000e6ab0000, 0x00000000e71a0590, 0x00000000e8000000)
  to   space 21824K,   0% used [0x00000000e5560000, 0x00000000e5560000, 0x00000000e6ab0000)
 concurrent mark-sweep generation total 393216K, used 6062K [0x00000000e8000000, 0x0000000100000000, 0x0000000100000000)
 Metaspace       used 24552K, capacity 25039K, committed 25084K, reserved 1071104K
  class space    used 2871K, capacity 3052K, committed 3068K, reserved 1048576K
}
2017-07-21T17:11:35.259+0200: 3,653: Total time for which application threads were stopped: 0,0332526 seconds, Stopping threads took: 0,0002060 seconds
2017-07-21T17:11:35.614+0200: 4,008: Total time for which application threads were stopped: 0,0006264 seconds, Stopping threads took: 0,0000489 seconds
2017-07-21T17:11:35.634+0200: 4,028: Total time for which application threads were stopped: 0,0004871 seconds, Stopping threads took: 0,0000403 seconds
2017-07-21T17:11:35.656+0200: 4,050: Total time for which application threads were stopped: 0,0003741 seconds, Stopping threads took: 0,0000428 seconds
2017-07-21T17:11:35.697+0200: 4,091: Total time for which application threads were stopped: 0,0006764 seconds, Stopping threads took: 0,0005656 seconds
2017-07-21T17:11:35.700+0200: 4,093: Total time for which application threads were stopped: 0,0001132 seconds, Stopping threads took: 0,0000360 seconds
2017-07-21T17:11:35.702+0200: 4,096: Total time for which application threads were stopped: 0,0013287 seconds, Stopping threads took: 0,0012695 seconds
2017-07-21T17:11:35.704+0200: 4,098: Total time for which application threads were stopped: 0,0001072 seconds, Stopping threads took: 0,0000359 seconds
2017-07-21T17:11:35.705+0200: 4,099: Total time for which application threads were stopped: 0,0001193 seconds, Stopping threads took: 0,0000426 seconds
2017-07-21T17:11:35.708+0200: 4,102: Total time for which application threads were stopped: 0,0001213 seconds, Stopping threads took: 0,0000393 seconds
2017-07-21T17:11:35.709+0200: 4,103: Total time for which application threads were stopped: 0,0004183 seconds, Stopping threads took: 0,0000197 seconds
2017-07-21T17:11:35.710+0200: 4,104: Total time for which application threads were stopped: 0,0000917 seconds, Stopping threads took: 0,0000389 seconds
2017-07-21T17:11:35.712+0200: 4,106: Total time for which application threads were stopped: 0,0001170 seconds, Stopping threads took: 0,0000338 seconds
2017-07-21T17:11:35.714+0200: 4,108: Total time for which application threads were stopped: 0,0013679 seconds, Stopping threads took: 0,0012881 seconds
2017-07-21T17:11:35.714+0200: 4,108: Total time for which application threads were stopped: 0,0000791 seconds, Stopping threads took: 0,0000267 seconds
2017-07-21T17:11:35.715+0200: 4,109: Total time for which application threads were stopped: 0,0000751 seconds, Stopping threads took: 0,0000190 seconds
2017-07-21T17:11:35.715+0200: 4,109: Total time for which application threads were stopped: 0,0000930 seconds, Stopping threads took: 0,0000265 seconds
2017-07-21T17:11:35.722+0200: 4,116: Total time for which application threads were stopped: 0,0001049 seconds, Stopping threads took: 0,0000333 seconds
2017-07-21T17:11:35.728+0200: 4,122: Total time for which application threads were stopped: 0,0001151 seconds, Stopping threads took: 0,0000350 seconds
2017-07-21T17:11:35.729+0200: 4,123: Total time for which application threads were stopped: 0,0000829 seconds, Stopping threads took: 0,0000261 seconds
2017-07-21T17:11:35.729+0200: 4,123: Total time for which application threads were stopped: 0,0001211 seconds, Stopping threads took: 0,0000383 seconds
2017-07-21T17:11:35.730+0200: 4,124: Total time for which application threads were stopped: 0,0000931 seconds, Stopping threads took: 0,0000297 seconds
2017-07-21T17:11:35.731+0200: 4,125: Total time for which application threads were stopped: 0,0001208 seconds, Stopping threads took: 0,0000329 seconds
2017-07-21T17:11:35.732+0200: 4,125: Total time for which application threads were stopped: 0,0000845 seconds, Stopping threads took: 0,0000211 seconds
2017-07-21T17:11:35.732+0200: 4,126: Total time for which application threads were stopped: 0,0000779 seconds, Stopping threads took: 0,0000171 seconds
2017-07-21T17:11:35.732+0200: 4,126: Total time for which application threads were stopped: 0,0000586 seconds, Stopping threads took: 0,0000178 seconds
2017-07-21T17:11:35.732+0200: 4,126: Total time for which application threads were stopped: 0,0000562 seconds, Stopping threads took: 0,0000154 seconds
2017-07-21T17:11:35.732+0200: 4,126: Total time for which application threads were stopped: 0,0002207 seconds, Stopping threads took: 0,0000192 seconds
2017-07-21T17:11:35.733+0200: 4,127: Total time for which application threads were stopped: 0,0000881 seconds, Stopping threads took: 0,0000275 seconds
2017-07-21T17:11:35.733+0200: 4,127: Total time for which application threads were stopped: 0,0000557 seconds, Stopping threads took: 0,0000176 seconds
2017-07-21T17:11:35.733+0200: 4,127: Total time for which application threads were stopped: 0,0000550 seconds, Stopping threads took: 0,0000166 seconds
2017-07-21T17:11:35.733+0200: 4,127: Total time for which application threads were stopped: 0,0000648 seconds, Stopping threads took: 0,0000194 seconds
2017-07-21T17:11:35.733+0200: 4,127: Total time for which application threads were stopped: 0,0000545 seconds, Stopping threads took: 0,0000172 seconds
2017-07-21T17:11:35.733+0200: 4,127: Total time for which application threads were stopped: 0,0000683 seconds, Stopping threads took: 0,0000185 seconds
2017-07-21T17:11:35.734+0200: 4,128: Total time for which application threads were stopped: 0,0006288 seconds, Stopping threads took: 0,0005485 seconds
2017-07-21T17:11:35.741+0200: 4,135: Total time for which application threads were stopped: 0,0001713 seconds, Stopping threads took: 0,0000816 seconds
2017-07-21T17:11:35.741+0200: 4,135: Total time for which application threads were stopped: 0,0000921 seconds, Stopping threads took: 0,0000339 seconds
2017-07-21T17:11:35.743+0200: 4,137: Total time for which application threads were stopped: 0,0001697 seconds, Stopping threads took: 0,0000465 seconds
2017-07-21T17:11:35.743+0200: 4,137: Total time for which application threads were stopped: 0,0001776 seconds, Stopping threads took: 0,0000567 seconds
2017-07-21T17:11:35.743+0200: 4,137: Total time for which application threads were stopped: 0,0000916 seconds, Stopping threads took: 0,0000215 seconds
2017-07-21T17:11:35.744+0200: 4,137: Total time for which application threads were stopped: 0,0001682 seconds, Stopping threads took: 0,0000935 seconds
2017-07-21T17:11:35.744+0200: 4,138: Total time for which application threads were stopped: 0,0001534 seconds, Stopping threads took: 0,0000986 seconds
2017-07-21T17:11:35.744+0200: 4,138: Total time for which application threads were stopped: 0,0000656 seconds, Stopping threads took: 0,0000173 seconds
2017-07-21T17:11:35.744+0200: 4,138: Total time for which application threads were stopped: 0,0001142 seconds, Stopping threads took: 0,0000236 seconds
2017-07-21T17:11:35.744+0200: 4,138: Total time for which application threads were stopped: 0,0001199 seconds, Stopping threads took: 0,0000402 seconds
2017-07-21T17:11:35.745+0200: 4,139: Total time for which application threads were stopped: 0,0001005 seconds, Stopping threads took: 0,0000224 seconds
2017-07-21T17:11:35.745+0200: 4,139: Total time for which application threads were stopped: 0,0002734 seconds, Stopping threads took: 0,0001927 seconds
2017-07-21T17:11:35.745+0200: 4,139: Total time for which application threads were stopped: 0,0002332 seconds, Stopping threads took: 0,0000497 seconds
2017-07-21T17:11:35.750+0200: 4,144: Total time for which application threads were stopped: 0,0031958 seconds, Stopping threads took: 0,0030950 seconds
2017-07-21T17:11:35.752+0200: 4,146: Total time for which application threads were stopped: 0,0002090 seconds, Stopping threads took: 0,0000614 seconds
2017-07-21T17:11:35.762+0200: 4,156: Total time for which application threads were stopped: 0,0051671 seconds, Stopping threads took: 0,0050635 seconds
2017-07-21T17:11:35.800+0200: 4,194: Total time for which application threads were stopped: 0,0001683 seconds, Stopping threads took: 0,0000501 seconds
2017-07-21T17:11:35.802+0200: 4,196: Total time for which application threads were stopped: 0,0001452 seconds, Stopping threads took: 0,0000424 seconds
2017-07-21T17:11:35.830+0200: 4,223: Total time for which application threads were stopped: 0,0005293 seconds, Stopping threads took: 0,0000586 seconds
2017-07-21T17:11:35.842+0200: 4,236: Total time for which application threads were stopped: 0,0030610 seconds, Stopping threads took: 0,0029864 seconds
2017-07-21T17:11:35.848+0200: 4,242: Total time for which application threads were stopped: 0,0001769 seconds, Stopping threads took: 0,0000437 seconds
2017-07-21T17:11:36.849+0200: 5,243: Total time for which application threads were stopped: 0,0000768 seconds, Stopping threads took: 0,0000194 seconds
2017-07-21T17:13:33.859+0200: 122,253: Total time for which application threads were stopped: 0,0000904 seconds, Stopping threads took: 0,0000389 seconds
2017-07-21T17:13:38.860+0200: 127,254: Total time for which application threads were stopped: 0,0000694 seconds, Stopping threads took: 0,0000166 seconds
2017-07-21T17:14:32.866+0200: 181,260: Total time for which application threads were stopped: 0,0000811 seconds, Stopping threads took: 0,0000329 seconds
2017-07-21T17:14:37.866+0200: 186,260: Total time for which application threads were stopped: 0,0000733 seconds, Stopping threads took: 0,0000189 seconds
{Heap before GC invocations=9 (full 1):
 par new generation   total 109248K, used 94529K [0x00000000e0000000, 0x00000000e8000000, 0x00000000e8000000)
  eden space 87424K, 100% used [0x00000000e0000000, 0x00000000e5560000, 0x00000000e5560000)
  from space 21824K,  32% used [0x00000000e6ab0000, 0x00000000e71a0590, 0x00000000e8000000)
  to   space 21824K,   0% used [0x00000000e5560000, 0x00000000e5560000, 0x00000000e6ab0000)
 concurrent mark-sweep generation total 393216K, used 6062K [0x00000000e8000000, 0x0000000100000000, 0x0000000100000000)
 Metaspace       used 28044K, capacity 28559K, committed 28796K, reserved 1075200K
  class space    used 3213K, capacity 3390K, committed 3452K, reserved 1048576K
2017-07-21T17:16:07.527+0200: 275,921: [GC (Allocation Failure) 2017-07-21T17:16:07.527+0200: 275,921: [ParNew
Desired survivor size 20112992 bytes, new threshold 8 (max 8)
- age   1:   11210312 bytes,   11210312 total
- age   2:     200960 bytes,   11411272 total
- age   3:     186856 bytes,   11598128 total
- age   4:    1729328 bytes,   13327456 total
- age   5:      91224 bytes,   13418680 total
- age   6:       2224 bytes,   13420904 total
- age   7:      95336 bytes,   13516240 total
- age   8:     183792 bytes,   13700032 total
: 94529K->14710K(109248K), 0,0138128 secs] 100592K->21586K(502464K), 0,0138858 secs] [Times: user=0,04 sys=0,01, real=0,01 secs] 
Heap after GC invocations=10 (full 1):
 par new generation   total 109248K, used 14710K [0x00000000e0000000, 0x00000000e8000000, 0x00000000e8000000)
  eden space 87424K,   0% used [0x00000000e0000000, 0x00000000e0000000, 0x00000000e5560000)
  from space 21824K,  67% used [0x00000000e5560000, 0x00000000e63bdaf8, 0x00000000e6ab0000)
  to   space 21824K,   0% used [0x00000000e6ab0000, 0x00000000e6ab0000, 0x00000000e8000000)
 concurrent mark-sweep generation total 393216K, used 6876K [0x00000000e8000000, 0x0000000100000000, 0x0000000100000000)
 Metaspace       used 28044K, capacity 28559K, committed 28796K, reserved 1075200K
  class space    used 3213K, capacity 3390K, committed 3452K, reserved 1048576K
}
2017-07-21T17:16:07.541+0200: 275,935: Total time for which application threads were stopped: 0,0140445 seconds, Stopping threads took: 0,0000361 seconds
2017-07-21T17:16:07.541+0200: 275,935: Total time for which application threads were stopped: 0,0000605 seconds, Stopping threads took: 0,0000201 seconds
2017-07-21T17:16:07.542+0200: 275,935: Total time for which application threads were stopped: 0,0000445 seconds, Stopping threads took: 0,0000186 seconds
2017-07-21T17:34:57.689+0200: 1406,083: Total time for which application threads were stopped: 0,0000776 seconds, Stopping threads took: 0,0000309 seconds
2017-07-21T17:39:42.718+0200: 1691,112: Total time for which application threads were stopped: 0,0000865 seconds, Stopping threads took: 0,0000336 seconds
2017-07-21T17:49:52.783+0200: 2301,177: Total time for which application threads were stopped: 0,0000776 seconds, Stopping threads took: 0,0000301 seconds
2017-07-21T17:49:53.783+0200: 2302,177: Total time for which application threads were stopped: 0,0000671 seconds, Stopping threads took: 0,0000143 seconds
2017-07-21T18:03:03.867+0200: 3092,261: Total time for which application threads were stopped: 0,0000790 seconds, Stopping threads took: 0,0000317 seconds
2017-07-21T18:06:33.884+0200: 3302,278: Total time for which application threads were stopped: 0,0000823 seconds, Stopping threads took: 0,0000285 seconds
2017-07-21T18:09:03.897+0200: 3452,291: Total time for which application threads were stopped: 0,0000874 seconds, Stopping threads took: 0,0000319 seconds
2017-07-21T18:13:03.918+0200: 3692,312: Total time for which application threads were stopped: 0,0000936 seconds, Stopping threads took: 0,0000321 seconds
2017-07-21T18:15:57.936+0200: 3866,330: Total time for which application threads were stopped: 0,0000810 seconds, Stopping threads took: 0,0000320 seconds
2017-07-21T18:16:07.937+0200: 3876,331: Total time for which application threads were stopped: 0,0000885 seconds, Stopping threads took: 0,0000335 seconds
2017-07-21T18:32:44.039+0200: 4872,433: Total time for which application threads were stopped: 0,0001038 seconds, Stopping threads took: 0,0000407 seconds
2017-07-21T18:33:39.045+0200: 4927,439: Total time for which application threads were stopped: 0,0004638 seconds, Stopping threads took: 0,0002111 seconds
2017-07-21T18:48:33.140+0200: 5821,534: Total time for which application threads were stopped: 0,0001999 seconds, Stopping threads took: 0,0000515 seconds
2017-07-21T19:05:54.238+0200: 6862,632: Total time for which application threads were stopped: 0,0001097 seconds, Stopping threads took: 0,0000441 seconds
2017-07-21T19:08:56.982+0200: 7045,376: Total time for which application threads were stopped: 0,0219886 seconds, Stopping threads took: 0,0219156 seconds
2017-07-21T19:08:57.004+0200: 7045,398: Total time for which application threads were stopped: 0,0001028 seconds, Stopping threads took: 0,0000264 seconds
2017-07-21T19:08:57.034+0200: 7045,428: Total time for which application threads were stopped: 0,0031589 seconds, Stopping threads took: 0,0030781 seconds
2017-07-21T19:08:57.034+0200: 7045,428: Total time for which application threads were stopped: 0,0000504 seconds, Stopping threads took: 0,0000114 seconds
2017-07-21T19:08:57.037+0200: 7045,431: Total time for which application threads were stopped: 0,0001208 seconds, Stopping threads took: 0,0000354 seconds
2017-07-21T19:08:57.037+0200: 7045,431: Total time for which application threads were stopped: 0,0000644 seconds, Stopping threads took: 0,0000167 seconds
2017-07-21T19:08:57.037+0200: 7045,431: Total time for which application threads were stopped: 0,0000479 seconds, Stopping threads took: 0,0000129 seconds
2017-07-21T19:08:57.037+0200: 7045,431: Total time for which application threads were stopped: 0,0000429 seconds, Stopping threads took: 0,0000116 seconds
2017-07-21T19:08:57.037+0200: 7045,431: Total time for which application threads were stopped: 0,0000401 seconds, Stopping threads took: 0,0000110 seconds
2017-07-21T19:08:57.037+0200: 7045,431: Total time for which application threads were stopped: 0,0000392 seconds, Stopping threads took: 0,0000107 seconds
2017-07-21T19:08:57.045+0200: 7045,439: Total time for which application threads were stopped: 0,0000865 seconds, Stopping threads took: 0,0000261 seconds
2017-07-21T19:08:57.045+0200: 7045,439: Total time for which application threads were stopped: 0,0000414 seconds, Stopping threads took: 0,0000118 seconds
2017-07-21T19:08:57.045+0200: 7045,439: Total time for which application threads were stopped: 0,0000386 seconds, Stopping threads took: 0,0000108 seconds
2017-07-21T19:08:57.045+0200: 7045,439: Total time for which application threads were stopped: 0,0000522 seconds, Stopping threads took: 0,0000156 seconds
2017-07-21T19:08:57.045+0200: 7045,439: Total time for which application threads were stopped: 0,0000504 seconds, Stopping threads took: 0,0000147 seconds
2017-07-21T19:08:57.045+0200: 7045,439: Total time for which application threads were stopped: 0,0000469 seconds, Stopping threads took: 0,0000159 seconds
2017-07-21T19:08:57.046+0200: 7045,440: Total time for which application threads were stopped: 0,0000870 seconds, Stopping threads took: 0,0000246 seconds
2017-07-21T19:08:57.046+0200: 7045,440: Total time for which application threads were stopped: 0,0000470 seconds, Stopping threads took: 0,0000126 seconds
2017-07-21T19:08:57.046+0200: 7045,440: Total time for which application threads were stopped: 0,0000460 seconds, Stopping threads took: 0,0000138 seconds
2017-07-21T19:08:57.059+0200: 7045,453: Total time for which application threads were stopped: 0,0000980 seconds, Stopping threads took: 0,0000259 seconds
2017-07-21T19:08:57.060+0200: 7045,454: Total time for which application threads were stopped: 0,0000635 seconds, Stopping threads took: 0,0000181 seconds
2017-07-21T19:08:57.061+0200: 7045,455: Total time for which application threads were stopped: 0,0000948 seconds, Stopping threads took: 0,0000316 seconds
2017-07-21T19:08:57.061+0200: 7045,455: Total time for which application threads were stopped: 0,0000480 seconds, Stopping threads took: 0,0000142 seconds
2017-07-21T19:08:57.061+0200: 7045,455: Total time for which application threads were stopped: 0,0000459 seconds, Stopping threads took: 0,0000128 seconds
2017-07-21T19:08:57.061+0200: 7045,455: Total time for which application threads were stopped: 0,0000654 seconds, Stopping threads took: 0,0000202 seconds
2017-07-21T19:08:57.061+0200: 7045,455: Total time for which application threads were stopped: 0,0000436 seconds, Stopping threads took: 0,0000064 seconds
2017-07-21T19:08:57.062+0200: 7045,456: Total time for which application threads were stopped: 0,0000481 seconds, Stopping threads took: 0,0000145 seconds
2017-07-21T19:08:57.062+0200: 7045,456: Total time for which application threads were stopped: 0,0000459 seconds, Stopping threads took: 0,0000150 seconds
2017-07-21T19:08:57.062+0200: 7045,456: Total time for which application threads were stopped: 0,0000753 seconds, Stopping threads took: 0,0000223 seconds
2017-07-21T19:08:57.067+0200: 7045,461: Total time for which application threads were stopped: 0,0001179 seconds, Stopping threads took: 0,0000204 seconds
2017-07-21T19:08:57.068+0200: 7045,461: Total time for which application threads were stopped: 0,0001747 seconds, Stopping threads took: 0,0000220 seconds
2017-07-21T19:08:57.068+0200: 7045,462: Total time for which application threads were stopped: 0,0000875 seconds, Stopping threads took: 0,0000279 seconds
2017-07-21T19:08:57.069+0200: 7045,463: Total time for which application threads were stopped: 0,0001080 seconds, Stopping threads took: 0,0000241 seconds
Heap
 par new generation   total 109248K, used 32981K [0x00000000e0000000, 0x00000000e8000000, 0x00000000e8000000)
  eden space 87424K,  20% used [0x00000000e0000000, 0x00000000e11d7938, 0x00000000e5560000)
  from space 21824K,  67% used [0x00000000e5560000, 0x00000000e63bdaf8, 0x00000000e6ab0000)
  to   space 21824K,   0% used [0x00000000e6ab0000, 0x00000000e6ab0000, 0x00000000e8000000)
 concurrent mark-sweep generation total 393216K, used 6876K [0x00000000e8000000, 0x0000000100000000, 0x0000000100000000)
 Metaspace       used 28157K, capacity 28727K, committed 29052K, reserved 1075200K
  class space    used 3227K, capacity 3424K, committed 3452K, reserved 1048576K
