OpenJDK 64-Bit Server VM (25.111-b14) for linux-amd64 JRE (1.8.0_111-8u111-b14-2ubuntu0.16.04.2-b14), built on Oct 27 2016 18:10:19 by "buildd" with gcc 5.4.0 20160609
Memory: 4k page, physical 7867800k(7504360k free), swap 8076284k(8076284k free)
CommandLine flags: -XX:CMSInitiatingOccupancyFraction=50 -XX:CMSMaxAbortablePrecleanTime=6000 -XX:+CMSParallelRemarkEnabled -XX:+CMSScavengeBeforeRemark -XX:ConcGCThreads=4 -XX:InitialHeapSize=536870912 -XX:MaxHeapSize=536870912 -XX:MaxTenuringThreshold=8 -XX:NewRatio=3 -XX:OldPLABSize=16 -XX:OnOutOfMemoryError=/opt/solr/bin/oom_solr.sh 8983 /var/solr/logs -XX:ParallelGCThreads=4 -XX:+ParallelRefProcEnabled -XX:PretenureSizeThreshold=67108864 -XX:+PrintGC -XX:+PrintGCApplicationStoppedTime -XX:+PrintGCDateStamps -XX:+PrintGCDetails -XX:+PrintGCTimeStamps -XX:+PrintHeapAtGC -XX:+PrintTenuringDistribution -XX:SurvivorRatio=4 -XX:TargetSurvivorRatio=90 -XX:ThreadStackSize=256 -XX:+UseCMSInitiatingOccupancyOnly -XX:+UseCompressedClassPointers -XX:+UseCompressedOops -XX:+UseConcMarkSweepGC -XX:+UseParNewGC 
2017-01-31T10:41:40.361+0100: 0,135: Total time for which application threads were stopped: 0,0000677 seconds, Stopping threads took: 0,0000140 seconds
2017-01-31T10:41:40.432+0100: 0,206: Total time for which application threads were stopped: 0,0001249 seconds, Stopping threads took: 0,0000164 seconds
2017-01-31T10:41:40.442+0100: 0,216: Total time for which application threads were stopped: 0,0000865 seconds, Stopping threads took: 0,0000134 seconds
2017-01-31T10:41:40.651+0100: 0,426: Total time for which application threads were stopped: 0,0001158 seconds, Stopping threads took: 0,0000218 seconds
2017-01-31T10:41:41.079+0100: 0,853: Total time for which application threads were stopped: 0,0001888 seconds, Stopping threads took: 0,0000138 seconds
2017-01-31T10:41:41.238+0100: 1,013: Total time for which application threads were stopped: 0,0002092 seconds, Stopping threads took: 0,0000282 seconds
2017-01-31T10:41:41.322+0100: 1,096: Total time for which application threads were stopped: 0,0002521 seconds, Stopping threads took: 0,0000260 seconds
2017-01-31T10:41:41.646+0100: 1,420: Total time for which application threads were stopped: 0,0001800 seconds, Stopping threads took: 0,0000196 seconds
2017-01-31T10:41:41.847+0100: 1,621: Total time for which application threads were stopped: 0,0002254 seconds, Stopping threads took: 0,0000194 seconds
2017-01-31T10:41:41.868+0100: 1,642: Total time for which application threads were stopped: 0,0001768 seconds, Stopping threads took: 0,0000160 seconds
2017-01-31T10:41:41.869+0100: 1,643: Total time for which application threads were stopped: 0,0001004 seconds, Stopping threads took: 0,0000126 seconds
2017-01-31T10:41:41.884+0100: 1,659: Total time for which application threads were stopped: 0,0003484 seconds, Stopping threads took: 0,0000694 seconds
2017-01-31T10:41:41.986+0100: 1,761: Total time for which application threads were stopped: 0,0002366 seconds, Stopping threads took: 0,0000224 seconds
2017-01-31T10:41:42.156+0100: 1,930: Total time for which application threads were stopped: 0,0002195 seconds, Stopping threads took: 0,0000303 seconds
2017-01-31T10:41:42.281+0100: 2,055: Total time for which application threads were stopped: 0,0001387 seconds, Stopping threads took: 0,0000325 seconds
{Heap before GC invocations=0 (full 0):
 par new generation   total 109248K, used 87551K [0x00000000e0000000, 0x00000000e8000000, 0x00000000e8000000)
  eden space 87424K, 100% used [0x00000000e0000000, 0x00000000e5560000, 0x00000000e5560000)
  from space 21824K,   0% used [0x00000000e5560000, 0x00000000e557fc10, 0x00000000e6ab0000)
  to   space 21824K,   0% used [0x00000000e6ab0000, 0x00000000e6ab0000, 0x00000000e8000000)
 concurrent mark-sweep generation total 393216K, used 0K [0x00000000e8000000, 0x0000000100000000, 0x0000000100000000)
 Metaspace       used 18011K, capacity 18302K, committed 18560K, reserved 1064960K
  class space    used 2046K, capacity 2162K, committed 2176K, reserved 1048576K
2017-01-31T10:41:42.281+0100: 2,055: [GC (GCLocker Initiated GC) 2017-01-31T10:41:42.281+0100: 2,055: [ParNew
Desired survivor size 20112992 bytes, new threshold 8 (max 8)
- age   1:   13166200 bytes,   13166200 total
: 87551K->12979K(109248K), 0,0153362 secs] 87551K->12979K(502464K), 0,0154190 secs] [Times: user=0,05 sys=0,01, real=0,02 secs] 
Heap after GC invocations=1 (full 0):
 par new generation   total 109248K, used 12979K [0x00000000e0000000, 0x00000000e8000000, 0x00000000e8000000)
  eden space 87424K,   0% used [0x00000000e0000000, 0x00000000e0000000, 0x00000000e5560000)
  from space 21824K,  59% used [0x00000000e6ab0000, 0x00000000e775ccd8, 0x00000000e8000000)
  to   space 21824K,   0% used [0x00000000e5560000, 0x00000000e5560000, 0x00000000e6ab0000)
 concurrent mark-sweep generation total 393216K, used 0K [0x00000000e8000000, 0x0000000100000000, 0x0000000100000000)
 Metaspace       used 18011K, capacity 18302K, committed 18560K, reserved 1064960K
  class space    used 2046K, capacity 2162K, committed 2176K, reserved 1048576K
}
2017-01-31T10:41:42.296+0100: 2,070: Total time for which application threads were stopped: 0,0155665 seconds, Stopping threads took: 0,0000314 seconds
2017-01-31T10:41:42.520+0100: 2,294: Total time for which application threads were stopped: 0,0002702 seconds, Stopping threads took: 0,0000257 seconds
2017-01-31T10:41:42.557+0100: 2,331: Total time for which application threads were stopped: 0,0003611 seconds, Stopping threads took: 0,0000335 seconds
2017-01-31T10:41:42.594+0100: 2,368: Total time for which application threads were stopped: 0,0003837 seconds, Stopping threads took: 0,0000498 seconds
{Heap before GC invocations=1 (full 0):
 par new generation   total 109248K, used 100403K [0x00000000e0000000, 0x00000000e8000000, 0x00000000e8000000)
  eden space 87424K, 100% used [0x00000000e0000000, 0x00000000e5560000, 0x00000000e5560000)
  from space 21824K,  59% used [0x00000000e6ab0000, 0x00000000e775ccd8, 0x00000000e8000000)
  to   space 21824K,   0% used [0x00000000e5560000, 0x00000000e5560000, 0x00000000e6ab0000)
 concurrent mark-sweep generation total 393216K, used 0K [0x00000000e8000000, 0x0000000100000000, 0x0000000100000000)
 Metaspace       used 20543K, capacity 20864K, committed 20992K, reserved 1067008K
  class space    used 2370K, capacity 2491K, committed 2560K, reserved 1048576K
2017-01-31T10:41:42.692+0100: 2,466: [GC (Allocation Failure) 2017-01-31T10:41:42.692+0100: 2,466: [ParNew
Desired survivor size 20112992 bytes, new threshold 8 (max 8)
- age   1:    3851864 bytes,    3851864 total
- age   2:    6653512 bytes,   10505376 total
: 100403K->13897K(109248K), 0,0103009 secs] 100403K->13897K(502464K), 0,0103788 secs] [Times: user=0,03 sys=0,00, real=0,01 secs] 
Heap after GC invocations=2 (full 0):
 par new generation   total 109248K, used 13897K [0x00000000e0000000, 0x00000000e8000000, 0x00000000e8000000)
  eden space 87424K,   0% used [0x00000000e0000000, 0x00000000e0000000, 0x00000000e5560000)
  from space 21824K,  63% used [0x00000000e5560000, 0x00000000e62f26f0, 0x00000000e6ab0000)
  to   space 21824K,   0% used [0x00000000e6ab0000, 0x00000000e6ab0000, 0x00000000e8000000)
 concurrent mark-sweep generation total 393216K, used 0K [0x00000000e8000000, 0x0000000100000000, 0x0000000100000000)
 Metaspace       used 20543K, capacity 20864K, committed 20992K, reserved 1067008K
  class space    used 2370K, capacity 2491K, committed 2560K, reserved 1048576K
}
2017-01-31T10:41:42.702+0100: 2,476: Total time for which application threads were stopped: 0,0105810 seconds, Stopping threads took: 0,0000490 seconds
2017-01-31T10:41:42.756+0100: 2,530: Total time for which application threads were stopped: 0,0001446 seconds, Stopping threads took: 0,0000343 seconds
2017-01-31T10:41:42.792+0100: 2,566: Total time for which application threads were stopped: 0,0001283 seconds, Stopping threads took: 0,0000344 seconds
2017-01-31T10:41:42.830+0100: 2,604: Total time for which application threads were stopped: 0,0005431 seconds, Stopping threads took: 0,0004278 seconds
{Heap before GC invocations=2 (full 0):
 par new generation   total 109248K, used 101321K [0x00000000e0000000, 0x00000000e8000000, 0x00000000e8000000)
  eden space 87424K, 100% used [0x00000000e0000000, 0x00000000e5560000, 0x00000000e5560000)
  from space 21824K,  63% used [0x00000000e5560000, 0x00000000e62f26f0, 0x00000000e6ab0000)
  to   space 21824K,   0% used [0x00000000e6ab0000, 0x00000000e6ab0000, 0x00000000e8000000)
 concurrent mark-sweep generation total 393216K, used 0K [0x00000000e8000000, 0x0000000100000000, 0x0000000100000000)
 Metaspace       used 21828K, capacity 22178K, committed 22292K, reserved 1069056K
  class space    used 2530K, capacity 2689K, committed 2760K, reserved 1048576K
2017-01-31T10:41:42.884+0100: 2,658: [GC (Allocation Failure) 2017-01-31T10:41:42.884+0100: 2,658: [ParNew
Desired survivor size 20112992 bytes, new threshold 8 (max 8)
- age   1:    1446672 bytes,    1446672 total
- age   2:    1599160 bytes,    3045832 total
- age   3:    6612680 bytes,    9658512 total
: 101321K->11665K(109248K), 0,0106368 secs] 101321K->11665K(502464K), 0,0107011 secs] [Times: user=0,03 sys=0,00, real=0,02 secs] 
Heap after GC invocations=3 (full 0):
 par new generation   total 109248K, used 11665K [0x00000000e0000000, 0x00000000e8000000, 0x00000000e8000000)
  eden space 87424K,   0% used [0x00000000e0000000, 0x00000000e0000000, 0x00000000e5560000)
  from space 21824K,  53% used [0x00000000e6ab0000, 0x00000000e7614480, 0x00000000e8000000)
  to   space 21824K,   0% used [0x00000000e5560000, 0x00000000e5560000, 0x00000000e6ab0000)
 concurrent mark-sweep generation total 393216K, used 0K [0x00000000e8000000, 0x0000000100000000, 0x0000000100000000)
 Metaspace       used 21828K, capacity 22178K, committed 22292K, reserved 1069056K
  class space    used 2530K, capacity 2689K, committed 2760K, reserved 1048576K
}
2017-01-31T10:41:42.895+0100: 2,669: Total time for which application threads were stopped: 0,0108918 seconds, Stopping threads took: 0,0000726 seconds
2017-01-31T10:41:42.895+0100: 2,669: [GC (CMS Initial Mark) [1 CMS-initial-mark: 0K(393216K)] 12639K(502464K), 0,0026048 secs] [Times: user=0,01 sys=0,00, real=0,00 secs] 
2017-01-31T10:41:42.898+0100: 2,672: Total time for which application threads were stopped: 0,0027263 seconds, Stopping threads took: 0,0000436 seconds
2017-01-31T10:41:42.898+0100: 2,672: [CMS-concurrent-mark-start]
2017-01-31T10:41:42.898+0100: 2,672: [CMS-concurrent-mark: 0,000/0,000 secs] [Times: user=0,00 sys=0,00, real=0,00 secs] 
2017-01-31T10:41:42.898+0100: 2,672: [CMS-concurrent-preclean-start]
2017-01-31T10:41:42.899+0100: 2,673: [CMS-concurrent-preclean: 0,001/0,001 secs] [Times: user=0,01 sys=0,00, real=0,00 secs] 
2017-01-31T10:41:42.899+0100: 2,674: [GC (CMS Final Remark) [YG occupancy: 14312 K (109248 K)]{Heap before GC invocations=3 (full 1):
 par new generation   total 109248K, used 14312K [0x00000000e0000000, 0x00000000e8000000, 0x00000000e8000000)
  eden space 87424K,   3% used [0x00000000e0000000, 0x00000000e0295cd0, 0x00000000e5560000)
  from space 21824K,  53% used [0x00000000e6ab0000, 0x00000000e7614480, 0x00000000e8000000)
  to   space 21824K,   0% used [0x00000000e5560000, 0x00000000e5560000, 0x00000000e6ab0000)
 concurrent mark-sweep generation total 393216K, used 0K [0x00000000e8000000, 0x0000000100000000, 0x0000000100000000)
 Metaspace       used 21828K, capacity 22178K, committed 22292K, reserved 1069056K
  class space    used 2530K, capacity 2689K, committed 2760K, reserved 1048576K
2017-01-31T10:41:42.899+0100: 2,674: [GC (CMS Final Remark) 2017-01-31T10:41:42.899+0100: 2,674: [ParNew
Desired survivor size 20112992 bytes, new threshold 8 (max 8)
- age   1:     135392 bytes,     135392 total
- age   2:     399296 bytes,     534688 total
- age   3:    1599160 bytes,    2133848 total
- age   4:    6612640 bytes,    8746488 total
: 14312K->12798K(109248K), 0,0080188 secs] 14312K->12798K(502464K), 0,0080535 secs] [Times: user=0,03 sys=0,00, real=0,01 secs] 
Heap after GC invocations=4 (full 1):
 par new generation   total 109248K, used 12798K [0x00000000e0000000, 0x00000000e8000000, 0x00000000e8000000)
  eden space 87424K,   0% used [0x00000000e0000000, 0x00000000e0000000, 0x00000000e5560000)
  from space 21824K,  58% used [0x00000000e5560000, 0x00000000e61df950, 0x00000000e6ab0000)
  to   space 21824K,   0% used [0x00000000e6ab0000, 0x00000000e6ab0000, 0x00000000e8000000)
 concurrent mark-sweep generation total 393216K, used 0K [0x00000000e8000000, 0x0000000100000000, 0x0000000100000000)
 Metaspace       used 21828K, capacity 22178K, committed 22292K, reserved 1069056K
  class space    used 2530K, capacity 2689K, committed 2760K, reserved 1048576K
}
2017-01-31T10:41:42.908+0100: 2,682: [Rescan (parallel) , 0,0032768 secs]2017-01-31T10:41:42.911+0100: 2,685: [weak refs processing, 0,0004755 secs]2017-01-31T10:41:42.911+0100: 2,685: [class unloading, 0,0029987 secs]2017-01-31T10:41:42.914+0100: 2,688: [scrub symbol table, 0,0028630 secs]2017-01-31T10:41:42.917+0100: 2,691: [scrub string table, 0,0003915 secs][1 CMS-remark: 0K(393216K)] 12798K(502464K), 0,0187234 secs] [Times: user=0,05 sys=0,00, real=0,02 secs] 
2017-01-31T10:41:42.918+0100: 2,692: Total time for which application threads were stopped: 0,0188473 seconds, Stopping threads took: 0,0000586 seconds
2017-01-31T10:41:42.918+0100: 2,692: [CMS-concurrent-sweep-start]
2017-01-31T10:41:42.918+0100: 2,692: [CMS-concurrent-sweep: 0,000/0,000 secs] [Times: user=0,00 sys=0,00, real=0,00 secs] 
2017-01-31T10:41:42.918+0100: 2,692: [CMS-concurrent-reset-start]
2017-01-31T10:41:42.922+0100: 2,696: [CMS-concurrent-reset: 0,003/0,003 secs] [Times: user=0,01 sys=0,00, real=0,00 secs] 
2017-01-31T10:41:43.024+0100: 2,798: Total time for which application threads were stopped: 0,0004252 seconds, Stopping threads took: 0,0000568 seconds
{Heap before GC invocations=4 (full 1):
 par new generation   total 109248K, used 100222K [0x00000000e0000000, 0x00000000e8000000, 0x00000000e8000000)
  eden space 87424K, 100% used [0x00000000e0000000, 0x00000000e5560000, 0x00000000e5560000)
  from space 21824K,  58% used [0x00000000e5560000, 0x00000000e61df950, 0x00000000e6ab0000)
  to   space 21824K,   0% used [0x00000000e6ab0000, 0x00000000e6ab0000, 0x00000000e8000000)
 concurrent mark-sweep generation total 393216K, used 0K [0x00000000e8000000, 0x0000000100000000, 0x0000000100000000)
 Metaspace       used 22243K, capacity 22608K, committed 22804K, reserved 1069056K
  class space    used 2590K, capacity 2724K, committed 2760K, reserved 1048576K
2017-01-31T10:41:43.034+0100: 2,808: [GC (Allocation Failure) 2017-01-31T10:41:43.034+0100: 2,808: [ParNew
Desired survivor size 20112992 bytes, new threshold 8 (max 8)
- age   1:     554064 bytes,     554064 total
- age   2:       1184 bytes,     555248 total
- age   3:     397528 bytes,     952776 total
- age   4:    1209848 bytes,    2162624 total
- age   5:    6612872 bytes,    8775496 total
: 100222K->12006K(109248K), 0,0097514 secs] 100222K->12006K(502464K), 0,0098192 secs] [Times: user=0,04 sys=0,00, real=0,01 secs] 
Heap after GC invocations=5 (full 1):
 par new generation   total 109248K, used 12006K [0x00000000e0000000, 0x00000000e8000000, 0x00000000e8000000)
  eden space 87424K,   0% used [0x00000000e0000000, 0x00000000e0000000, 0x00000000e5560000)
  from space 21824K,  55% used [0x00000000e6ab0000, 0x00000000e76698d8, 0x00000000e8000000)
  to   space 21824K,   0% used [0x00000000e5560000, 0x00000000e5560000, 0x00000000e6ab0000)
 concurrent mark-sweep generation total 393216K, used 0K [0x00000000e8000000, 0x0000000100000000, 0x0000000100000000)
 Metaspace       used 22243K, capacity 22608K, committed 22804K, reserved 1069056K
  class space    used 2590K, capacity 2724K, committed 2760K, reserved 1048576K
}
2017-01-31T10:41:43.044+0100: 2,818: Total time for which application threads were stopped: 0,0100522 seconds, Stopping threads took: 0,0000960 seconds
2017-01-31T10:41:43.243+0100: 3,018: Total time for which application threads were stopped: 0,0007867 seconds, Stopping threads took: 0,0003393 seconds
{Heap before GC invocations=5 (full 1):
 par new generation   total 109248K, used 99430K [0x00000000e0000000, 0x00000000e8000000, 0x00000000e8000000)
  eden space 87424K, 100% used [0x00000000e0000000, 0x00000000e5560000, 0x00000000e5560000)
  from space 21824K,  55% used [0x00000000e6ab0000, 0x00000000e76698d8, 0x00000000e8000000)
  to   space 21824K,   0% used [0x00000000e5560000, 0x00000000e5560000, 0x00000000e6ab0000)
 concurrent mark-sweep generation total 393216K, used 0K [0x00000000e8000000, 0x0000000100000000, 0x0000000100000000)
 Metaspace       used 25926K, capacity 26288K, committed 26568K, reserved 1073152K
  class space    used 3033K, capacity 3162K, committed 3272K, reserved 1048576K
2017-01-31T10:41:43.505+0100: 3,279: [GC (Allocation Failure) 2017-01-31T10:41:43.505+0100: 3,279: [ParNew
Desired survivor size 20112992 bytes, new threshold 8 (max 8)
- age   1:    4893280 bytes,    4893280 total
- age   2:     174168 bytes,    5067448 total
- age   3:       1184 bytes,    5068632 total
- age   4:     384040 bytes,    5452672 total
- age   5:     650152 bytes,    6102824 total
- age   6:    6606824 bytes,   12709648 total
: 99430K->14779K(109248K), 0,0113240 secs] 99430K->14779K(502464K), 0,0113954 secs] [Times: user=0,03 sys=0,01, real=0,02 secs] 
Heap after GC invocations=6 (full 1):
 par new generation   total 109248K, used 14779K [0x00000000e0000000, 0x00000000e8000000, 0x00000000e8000000)
  eden space 87424K,   0% used [0x00000000e0000000, 0x00000000e0000000, 0x00000000e5560000)
  from space 21824K,  67% used [0x00000000e5560000, 0x00000000e63cee50, 0x00000000e6ab0000)
  to   space 21824K,   0% used [0x00000000e6ab0000, 0x00000000e6ab0000, 0x00000000e8000000)
 concurrent mark-sweep generation total 393216K, used 0K [0x00000000e8000000, 0x0000000100000000, 0x0000000100000000)
 Metaspace       used 25926K, capacity 26288K, committed 26568K, reserved 1073152K
  class space    used 3033K, capacity 3162K, committed 3272K, reserved 1048576K
}
2017-01-31T10:41:43.517+0100: 3,291: Total time for which application threads were stopped: 0,0115840 seconds, Stopping threads took: 0,0000322 seconds
2017-01-31T10:41:43.675+0100: 3,449: Total time for which application threads were stopped: 0,0003843 seconds, Stopping threads took: 0,0000197 seconds
2017-01-31T10:41:44.278+0100: 4,052: Total time for which application threads were stopped: 0,0003489 seconds, Stopping threads took: 0,0000196 seconds
2017-01-31T10:44:11.733+0100: 152,071: Total time for which application threads were stopped: 0,0000739 seconds, Stopping threads took: 0,0000327 seconds
2017-01-31T10:44:16.734+0100: 157,071: Total time for which application threads were stopped: 0,0000813 seconds, Stopping threads took: 0,0000340 seconds
2017-01-31T10:44:40.737+0100: 181,075: Total time for which application threads were stopped: 0,0000680 seconds, Stopping threads took: 0,0000189 seconds
2017-01-31T10:46:10.749+0100: 271,087: Total time for which application threads were stopped: 0,0000969 seconds, Stopping threads took: 0,0000441 seconds
2017-01-31T11:05:15.912+0100: 1416,250: Total time for which application threads were stopped: 0,0001504 seconds, Stopping threads took: 0,0000577 seconds
2017-01-31T11:09:15.950+0100: 1656,287: Total time for which application threads were stopped: 0,0001545 seconds, Stopping threads took: 0,0000587 seconds
2017-01-31T11:09:20.951+0100: 1661,288: Total time for which application threads were stopped: 0,0001238 seconds, Stopping threads took: 0,0000300 seconds
2017-01-31T11:17:12.024+0100: 2132,362: Total time for which application threads were stopped: 0,0000854 seconds, Stopping threads took: 0,0000349 seconds
2017-01-31T11:20:16.054+0100: 2316,392: Total time for which application threads were stopped: 0,0001773 seconds, Stopping threads took: 0,0000732 seconds
2017-01-31T11:20:17.054+0100: 2317,392: Total time for which application threads were stopped: 0,0001675 seconds, Stopping threads took: 0,0000624 seconds
2017-01-31T11:34:57.196+0100: 3197,534: Total time for which application threads were stopped: 0,0001115 seconds, Stopping threads took: 0,0000465 seconds
2017-01-31T11:38:11.228+0100: 3391,566: Total time for which application threads were stopped: 0,0000745 seconds, Stopping threads took: 0,0000315 seconds
2017-01-31T11:44:06.282+0100: 3746,620: Total time for which application threads were stopped: 0,0001134 seconds, Stopping threads took: 0,0000426 seconds
2017-01-31T11:45:41.298+0100: 3841,636: Total time for which application threads were stopped: 0,0000841 seconds, Stopping threads took: 0,0000334 seconds
2017-01-31T11:47:16.313+0100: 3936,650: Total time for which application threads were stopped: 0,0001542 seconds, Stopping threads took: 0,0000565 seconds
2017-01-31T11:47:31.315+0100: 3951,653: Total time for which application threads were stopped: 0,0000730 seconds, Stopping threads took: 0,0000298 seconds
2017-01-31T12:35:46.563+0100: 3987,924: Total time for which application threads were stopped: 0,0003379 seconds, Stopping threads took: 0,0002168 seconds
Heap
 par new generation   total 109248K, used 76137K [0x00000000e0000000, 0x00000000e8000000, 0x00000000e8000000)
  eden space 87424K,  70% used [0x00000000e0000000, 0x00000000e3beb8b0, 0x00000000e5560000)
  from space 21824K,  67% used [0x00000000e5560000, 0x00000000e63cee50, 0x00000000e6ab0000)
  to   space 21824K,   0% used [0x00000000e6ab0000, 0x00000000e6ab0000, 0x00000000e8000000)
 concurrent mark-sweep generation total 393216K, used 0K [0x00000000e8000000, 0x0000000100000000, 0x0000000100000000)
 Metaspace       used 28867K, capacity 29350K, committed 29640K, reserved 1075200K
  class space    used 3343K, capacity 3495K, committed 3528K, reserved 1048576K
