OpenJDK 64-Bit Server VM (25.131-b11) for linux-amd64 JRE (1.8.0_131-8u131-b11-2ubuntu1.16.04.3-b11), built on Jul 28 2017 01:23:32 by "buildd" with gcc 5.4.0 20160609
Memory: 4k page, physical 7867732k(7474804k free), swap 8076284k(8076284k free)
CommandLine flags: -XX:CMSInitiatingOccupancyFraction=50 -XX:CMSMaxAbortablePrecleanTime=6000 -XX:+CMSParallelRemarkEnabled -XX:+CMSScavengeBeforeRemark -XX:ConcGCThreads=4 -XX:InitialHeapSize=536870912 -XX:MaxHeapSize=536870912 -XX:MaxTenuringThreshold=8 -XX:NewRatio=3 -XX:OldPLABSize=16 -XX:OnOutOfMemoryError=/opt/solr/bin/oom_solr.sh 8983 /var/solr/logs -XX:ParallelGCThreads=4 -XX:+ParallelRefProcEnabled -XX:PretenureSizeThreshold=67108864 -XX:+PrintGC -XX:+PrintGCApplicationStoppedTime -XX:+PrintGCDateStamps -XX:+PrintGCDetails -XX:+PrintGCTimeStamps -XX:+PrintHeapAtGC -XX:+PrintTenuringDistribution -XX:SurvivorRatio=4 -XX:TargetSurvivorRatio=90 -XX:ThreadStackSize=256 -XX:+UseCMSInitiatingOccupancyOnly -XX:+UseCompressedClassPointers -XX:+UseCompressedOops -XX:+UseConcMarkSweepGC -XX:+UseParNewGC 
2017-08-18T09:00:53.094+0200: 0,184: Total time for which application threads were stopped: 0,0000741 seconds, Stopping threads took: 0,0000132 seconds
2017-08-18T09:00:53.190+0200: 0,281: Total time for which application threads were stopped: 0,0000954 seconds, Stopping threads took: 0,0000096 seconds
2017-08-18T09:00:53.214+0200: 0,304: Total time for which application threads were stopped: 0,0001005 seconds, Stopping threads took: 0,0000131 seconds
2017-08-18T09:00:53.532+0200: 0,623: Total time for which application threads were stopped: 0,0001652 seconds, Stopping threads took: 0,0000290 seconds
2017-08-18T09:00:53.974+0200: 1,064: Total time for which application threads were stopped: 0,0001756 seconds, Stopping threads took: 0,0000237 seconds
2017-08-18T09:00:54.046+0200: 1,136: Total time for which application threads were stopped: 0,0001654 seconds, Stopping threads took: 0,0000171 seconds
2017-08-18T09:00:54.076+0200: 1,167: Total time for which application threads were stopped: 0,0009271 seconds, Stopping threads took: 0,0000343 seconds
2017-08-18T09:00:54.424+0200: 1,514: Total time for which application threads were stopped: 0,0001712 seconds, Stopping threads took: 0,0000162 seconds
2017-08-18T09:00:54.687+0200: 1,778: Total time for which application threads were stopped: 0,0003392 seconds, Stopping threads took: 0,0000293 seconds
2017-08-18T09:00:54.718+0200: 1,808: Total time for which application threads were stopped: 0,0006800 seconds, Stopping threads took: 0,0000203 seconds
2017-08-18T09:00:54.750+0200: 1,840: Total time for which application threads were stopped: 0,0003164 seconds, Stopping threads took: 0,0000461 seconds
2017-08-18T09:00:54.751+0200: 1,842: Total time for which application threads were stopped: 0,0003352 seconds, Stopping threads took: 0,0000490 seconds
2017-08-18T09:00:54.773+0200: 1,864: Total time for which application threads were stopped: 0,0001850 seconds, Stopping threads took: 0,0000175 seconds
2017-08-18T09:00:54.868+0200: 1,958: Total time for which application threads were stopped: 0,0002728 seconds, Stopping threads took: 0,0000250 seconds
2017-08-18T09:00:55.078+0200: 2,168: Total time for which application threads were stopped: 0,0002572 seconds, Stopping threads took: 0,0000473 seconds
{Heap before GC invocations=0 (full 0):
 par new generation   total 109248K, used 87424K [0x00000000e0000000, 0x00000000e8000000, 0x00000000e8000000)
  eden space 87424K, 100% used [0x00000000e0000000, 0x00000000e5560000, 0x00000000e5560000)
  from space 21824K,   0% used [0x00000000e5560000, 0x00000000e5560000, 0x00000000e6ab0000)
  to   space 21824K,   0% used [0x00000000e6ab0000, 0x00000000e6ab0000, 0x00000000e8000000)
 concurrent mark-sweep generation total 393216K, used 0K [0x00000000e8000000, 0x0000000100000000, 0x0000000100000000)
 Metaspace       used 18006K, capacity 18336K, committed 18688K, reserved 1064960K
  class space    used 2036K, capacity 2196K, committed 2304K, reserved 1048576K
2017-08-18T09:00:55.160+0200: 2,250: [GC (Allocation Failure) 2017-08-18T09:00:55.160+0200: 2,250: [ParNew
Desired survivor size 20112992 bytes, new threshold 8 (max 8)
- age   1:   12604392 bytes,   12604392 total
: 87424K->12417K(109248K), 0,0159865 secs] 87424K->12417K(502464K), 0,0160634 secs] [Times: user=0,03 sys=0,03, real=0,01 secs] 
Heap after GC invocations=1 (full 0):
 par new generation   total 109248K, used 12417K [0x00000000e0000000, 0x00000000e8000000, 0x00000000e8000000)
  eden space 87424K,   0% used [0x00000000e0000000, 0x00000000e0000000, 0x00000000e5560000)
  from space 21824K,  56% used [0x00000000e6ab0000, 0x00000000e76d0760, 0x00000000e8000000)
  to   space 21824K,   0% used [0x00000000e5560000, 0x00000000e5560000, 0x00000000e6ab0000)
 concurrent mark-sweep generation total 393216K, used 0K [0x00000000e8000000, 0x0000000100000000, 0x0000000100000000)
 Metaspace       used 18006K, capacity 18336K, committed 18688K, reserved 1064960K
  class space    used 2036K, capacity 2196K, committed 2304K, reserved 1048576K
}
2017-08-18T09:00:55.176+0200: 2,266: Total time for which application threads were stopped: 0,0162576 seconds, Stopping threads took: 0,0000269 seconds
2017-08-18T09:00:55.524+0200: 2,615: Total time for which application threads were stopped: 0,0003363 seconds, Stopping threads took: 0,0000551 seconds
{Heap before GC invocations=1 (full 0):
 par new generation   total 109248K, used 99841K [0x00000000e0000000, 0x00000000e8000000, 0x00000000e8000000)
  eden space 87424K, 100% used [0x00000000e0000000, 0x00000000e5560000, 0x00000000e5560000)
  from space 21824K,  56% used [0x00000000e6ab0000, 0x00000000e76d0760, 0x00000000e8000000)
  to   space 21824K,   0% used [0x00000000e5560000, 0x00000000e5560000, 0x00000000e6ab0000)
 concurrent mark-sweep generation total 393216K, used 0K [0x00000000e8000000, 0x0000000100000000, 0x0000000100000000)
 Metaspace       used 20034K, capacity 20364K, committed 20736K, reserved 1067008K
  class space    used 2295K, capacity 2470K, committed 2560K, reserved 1048576K
2017-08-18T09:00:55.577+0200: 2,668: [GC (Allocation Failure) 2017-08-18T09:00:55.577+0200: 2,668: [ParNew
Desired survivor size 20112992 bytes, new threshold 8 (max 8)
- age   1:    3516032 bytes,    3516032 total
- age   2:    6673744 bytes,   10189776 total
: 99841K->13711K(109248K), 0,0163623 secs] 99841K->13711K(502464K), 0,0164408 secs] [Times: user=0,05 sys=0,00, real=0,01 secs] 
Heap after GC invocations=2 (full 0):
 par new generation   total 109248K, used 13711K [0x00000000e0000000, 0x00000000e8000000, 0x00000000e8000000)
  eden space 87424K,   0% used [0x00000000e0000000, 0x00000000e0000000, 0x00000000e5560000)
  from space 21824K,  62% used [0x00000000e5560000, 0x00000000e62c3da8, 0x00000000e6ab0000)
  to   space 21824K,   0% used [0x00000000e6ab0000, 0x00000000e6ab0000, 0x00000000e8000000)
 concurrent mark-sweep generation total 393216K, used 0K [0x00000000e8000000, 0x0000000100000000, 0x0000000100000000)
 Metaspace       used 20034K, capacity 20364K, committed 20736K, reserved 1067008K
  class space    used 2295K, capacity 2470K, committed 2560K, reserved 1048576K
}
2017-08-18T09:00:55.594+0200: 2,684: Total time for which application threads were stopped: 0,0166834 seconds, Stopping threads took: 0,0000609 seconds
2017-08-18T09:00:55.597+0200: 2,687: Total time for which application threads were stopped: 0,0003165 seconds, Stopping threads took: 0,0000230 seconds
2017-08-18T09:00:55.644+0200: 2,734: Total time for which application threads were stopped: 0,0002911 seconds, Stopping threads took: 0,0000204 seconds
2017-08-18T09:00:55.771+0200: 2,862: Total time for which application threads were stopped: 0,0002148 seconds, Stopping threads took: 0,0000833 seconds
{Heap before GC invocations=2 (full 0):
 par new generation   total 109248K, used 101135K [0x00000000e0000000, 0x00000000e8000000, 0x00000000e8000000)
  eden space 87424K, 100% used [0x00000000e0000000, 0x00000000e5560000, 0x00000000e5560000)
  from space 21824K,  62% used [0x00000000e5560000, 0x00000000e62c3da8, 0x00000000e6ab0000)
  to   space 21824K,   0% used [0x00000000e6ab0000, 0x00000000e6ab0000, 0x00000000e8000000)
 concurrent mark-sweep generation total 393216K, used 0K [0x00000000e8000000, 0x0000000100000000, 0x0000000100000000)
 Metaspace       used 20963K, capacity 21286K, committed 21628K, reserved 1069056K
  class space    used 2417K, capacity 2589K, committed 2684K, reserved 1048576K
2017-08-18T09:00:55.806+0200: 2,896: [GC (Allocation Failure) 2017-08-18T09:00:55.806+0200: 2,896: [ParNew
Desired survivor size 20112992 bytes, new threshold 8 (max 8)
- age   1:    2133920 bytes,    2133920 total
- age   2:     873696 bytes,    3007616 total
- age   3:    6671456 bytes,    9679072 total
: 101135K->12803K(109248K), 0,0150931 secs] 101135K->12803K(502464K), 0,0151929 secs] [Times: user=0,05 sys=0,00, real=0,01 secs] 
Heap after GC invocations=3 (full 0):
 par new generation   total 109248K, used 12803K [0x00000000e0000000, 0x00000000e8000000, 0x00000000e8000000)
  eden space 87424K,   0% used [0x00000000e0000000, 0x00000000e0000000, 0x00000000e5560000)
  from space 21824K,  58% used [0x00000000e6ab0000, 0x00000000e7730d60, 0x00000000e8000000)
  to   space 21824K,   0% used [0x00000000e5560000, 0x00000000e5560000, 0x00000000e6ab0000)
 concurrent mark-sweep generation total 393216K, used 0K [0x00000000e8000000, 0x0000000100000000, 0x0000000100000000)
 Metaspace       used 20963K, capacity 21286K, committed 21628K, reserved 1069056K
  class space    used 2417K, capacity 2589K, committed 2684K, reserved 1048576K
}
2017-08-18T09:00:55.821+0200: 2,912: Total time for which application threads were stopped: 0,0154451 seconds, Stopping threads took: 0,0000953 seconds
2017-08-18T09:00:55.825+0200: 2,916: [GC (CMS Initial Mark) [1 CMS-initial-mark: 0K(393216K)] 17066K(502464K), 0,0049931 secs] [Times: user=0,01 sys=0,00, real=0,00 secs] 
2017-08-18T09:00:55.830+0200: 2,921: Total time for which application threads were stopped: 0,0051151 seconds, Stopping threads took: 0,0000244 seconds
2017-08-18T09:00:55.830+0200: 2,921: [CMS-concurrent-mark-start]
2017-08-18T09:00:55.832+0200: 2,922: [CMS-concurrent-mark: 0,002/0,002 secs] [Times: user=0,01 sys=0,00, real=0,00 secs] 
2017-08-18T09:00:55.832+0200: 2,922: [CMS-concurrent-preclean-start]
2017-08-18T09:00:55.833+0200: 2,924: [CMS-concurrent-preclean: 0,001/0,001 secs] [Times: user=0,00 sys=0,00, real=0,00 secs] 
2017-08-18T09:00:55.833+0200: 2,924: [CMS-concurrent-abortable-preclean-start]
2017-08-18T09:00:55.892+0200: 2,982: Total time for which application threads were stopped: 0,0001882 seconds, Stopping threads took: 0,0000736 seconds
{Heap before GC invocations=3 (full 1):
 par new generation   total 109248K, used 100227K [0x00000000e0000000, 0x00000000e8000000, 0x00000000e8000000)
  eden space 87424K, 100% used [0x00000000e0000000, 0x00000000e5560000, 0x00000000e5560000)
  from space 21824K,  58% used [0x00000000e6ab0000, 0x00000000e7730d60, 0x00000000e8000000)
  to   space 21824K,   0% used [0x00000000e5560000, 0x00000000e5560000, 0x00000000e6ab0000)
 concurrent mark-sweep generation total 393216K, used 0K [0x00000000e8000000, 0x0000000100000000, 0x0000000100000000)
 Metaspace       used 21243K, capacity 21620K, committed 21884K, reserved 1069056K
  class space    used 2446K, capacity 2603K, committed 2684K, reserved 1048576K
2017-08-18T09:00:55.941+0200: 3,032: [GC (Allocation Failure) 2017-08-18T09:00:55.941+0200: 3,032: [ParNew
Desired survivor size 20112992 bytes, new threshold 8 (max 8)
- age   1:     661312 bytes,     661312 total
- age   2:    1449816 bytes,    2111128 total
- age   3:     838416 bytes,    2949544 total
- age   4:    6671456 bytes,    9621000 total
: 100227K->12417K(109248K), 0,0119403 secs] 100227K->12417K(502464K), 0,0119981 secs] [Times: user=0,03 sys=0,00, real=0,01 secs] 
Heap after GC invocations=4 (full 1):
 par new generation   total 109248K, used 12417K [0x00000000e0000000, 0x00000000e8000000, 0x00000000e8000000)
  eden space 87424K,   0% used [0x00000000e0000000, 0x00000000e0000000, 0x00000000e5560000)
  from space 21824K,  56% used [0x00000000e5560000, 0x00000000e6180740, 0x00000000e6ab0000)
  to   space 21824K,   0% used [0x00000000e6ab0000, 0x00000000e6ab0000, 0x00000000e8000000)
 concurrent mark-sweep generation total 393216K, used 0K [0x00000000e8000000, 0x0000000100000000, 0x0000000100000000)
 Metaspace       used 21243K, capacity 21620K, committed 21884K, reserved 1069056K
  class space    used 2446K, capacity 2603K, committed 2684K, reserved 1048576K
}
2017-08-18T09:00:55.953+0200: 3,044: Total time for which application threads were stopped: 0,0145812 seconds, Stopping threads took: 0,0024590 seconds
2017-08-18T09:00:55.953+0200: 3,044: [CMS-concurrent-abortable-preclean: 0,060/0,120 secs] [Times: user=0,45 sys=0,00, real=0,12 secs] 
2017-08-18T09:00:55.953+0200: 3,044: [GC (CMS Final Remark) [YG occupancy: 13710 K (109248 K)]{Heap before GC invocations=4 (full 1):
 par new generation   total 109248K, used 13710K [0x00000000e0000000, 0x00000000e8000000, 0x00000000e8000000)
  eden space 87424K,   1% used [0x00000000e0000000, 0x00000000e01432b8, 0x00000000e5560000)
  from space 21824K,  56% used [0x00000000e5560000, 0x00000000e6180740, 0x00000000e6ab0000)
  to   space 21824K,   0% used [0x00000000e6ab0000, 0x00000000e6ab0000, 0x00000000e8000000)
 concurrent mark-sweep generation total 393216K, used 0K [0x00000000e8000000, 0x0000000100000000, 0x0000000100000000)
 Metaspace       used 21243K, capacity 21620K, committed 21884K, reserved 1069056K
  class space    used 2446K, capacity 2603K, committed 2684K, reserved 1048576K
2017-08-18T09:00:55.954+0200: 3,044: [GC (CMS Final Remark) 2017-08-18T09:00:55.954+0200: 3,044: [ParNew
Desired survivor size 20112992 bytes, new threshold 8 (max 8)
- age   1:      20184 bytes,      20184 total
- age   2:     502408 bytes,     522592 total
- age   3:    1449816 bytes,    1972408 total
- age   4:     838416 bytes,    2810824 total
- age   5:    6671408 bytes,    9482232 total
: 13710K->10721K(109248K), 0,0089311 secs] 13710K->10721K(502464K), 0,0089687 secs] [Times: user=0,03 sys=0,00, real=0,01 secs] 
Heap after GC invocations=5 (full 1):
 par new generation   total 109248K, used 10721K [0x00000000e0000000, 0x00000000e8000000, 0x00000000e8000000)
  eden space 87424K,   0% used [0x00000000e0000000, 0x00000000e0000000, 0x00000000e5560000)
  from space 21824K,  49% used [0x00000000e6ab0000, 0x00000000e75285d8, 0x00000000e8000000)
  to   space 21824K,   0% used [0x00000000e5560000, 0x00000000e5560000, 0x00000000e6ab0000)
 concurrent mark-sweep generation total 393216K, used 0K [0x00000000e8000000, 0x0000000100000000, 0x0000000100000000)
 Metaspace       used 21243K, capacity 21620K, committed 21884K, reserved 1069056K
  class space    used 2446K, capacity 2603K, committed 2684K, reserved 1048576K
}
2017-08-18T09:00:55.963+0200: 3,053: [Rescan (parallel) , 0,0031313 secs]2017-08-18T09:00:55.966+0200: 3,056: [weak refs processing, 0,0009936 secs]2017-08-18T09:00:55.967+0200: 3,057: [class unloading, 0,0027828 secs]2017-08-18T09:00:55.969+0200: 3,060: [scrub symbol table, 0,0025301 secs]2017-08-18T09:00:55.972+0200: 3,062: [scrub string table, 0,0003624 secs][1 CMS-remark: 0K(393216K)] 10721K(502464K), 0,0193843 secs] [Times: user=0,05 sys=0,00, real=0,02 secs] 
2017-08-18T09:00:55.973+0200: 3,063: Total time for which application threads were stopped: 0,0195006 seconds, Stopping threads took: 0,0000434 seconds
2017-08-18T09:00:55.974+0200: 3,064: [CMS-concurrent-sweep-start]
2017-08-18T09:00:55.974+0200: 3,064: [CMS-concurrent-sweep: 0,000/0,000 secs] [Times: user=0,00 sys=0,00, real=0,00 secs] 
2017-08-18T09:00:55.974+0200: 3,064: [CMS-concurrent-reset-start]
2017-08-18T09:00:55.976+0200: 3,066: [CMS-concurrent-reset: 0,002/0,002 secs] [Times: user=0,00 sys=0,00, real=0,00 secs] 
{Heap before GC invocations=5 (full 1):
 par new generation   total 109248K, used 98145K [0x00000000e0000000, 0x00000000e8000000, 0x00000000e8000000)
  eden space 87424K, 100% used [0x00000000e0000000, 0x00000000e5560000, 0x00000000e5560000)
  from space 21824K,  49% used [0x00000000e6ab0000, 0x00000000e75285d8, 0x00000000e8000000)
  to   space 21824K,   0% used [0x00000000e5560000, 0x00000000e5560000, 0x00000000e6ab0000)
 concurrent mark-sweep generation total 393216K, used 0K [0x00000000e8000000, 0x0000000100000000, 0x0000000100000000)
 Metaspace       used 21373K, capacity 21792K, committed 21884K, reserved 1069056K
  class space    used 2466K, capacity 2637K, committed 2684K, reserved 1048576K
2017-08-18T09:00:56.063+0200: 3,154: [GC (Allocation Failure) 2017-08-18T09:00:56.063+0200: 3,154: [ParNew
Desired survivor size 20112992 bytes, new threshold 8 (max 8)
- age   1:     928072 bytes,     928072 total
- age   3:     188984 bytes,    1117056 total
- age   4:    1449608 bytes,    2566664 total
- age   5:     838304 bytes,    3404968 total
- age   6:    6671600 bytes,   10076568 total
: 98145K->14238K(109248K), 0,0095986 secs] 98145K->14238K(502464K), 0,0096788 secs] [Times: user=0,03 sys=0,00, real=0,01 secs] 
Heap after GC invocations=6 (full 1):
 par new generation   total 109248K, used 14238K [0x00000000e0000000, 0x00000000e8000000, 0x00000000e8000000)
  eden space 87424K,   0% used [0x00000000e0000000, 0x00000000e0000000, 0x00000000e5560000)
  from space 21824K,  65% used [0x00000000e5560000, 0x00000000e63479f8, 0x00000000e6ab0000)
  to   space 21824K,   0% used [0x00000000e6ab0000, 0x00000000e6ab0000, 0x00000000e8000000)
 concurrent mark-sweep generation total 393216K, used 0K [0x00000000e8000000, 0x0000000100000000, 0x0000000100000000)
 Metaspace       used 21373K, capacity 21792K, committed 21884K, reserved 1069056K
  class space    used 2466K, capacity 2637K, committed 2684K, reserved 1048576K
}
2017-08-18T09:00:56.073+0200: 3,163: Total time for which application threads were stopped: 0,0099291 seconds, Stopping threads took: 0,0000774 seconds
2017-08-18T09:00:56.103+0200: 3,194: Total time for which application threads were stopped: 0,0002821 seconds, Stopping threads took: 0,0000147 seconds
2017-08-18T09:00:56.339+0200: 3,429: Total time for which application threads were stopped: 0,0004592 seconds, Stopping threads took: 0,0000437 seconds
2017-08-18T09:00:56.354+0200: 3,444: Total time for which application threads were stopped: 0,0006403 seconds, Stopping threads took: 0,0002433 seconds
{Heap before GC invocations=6 (full 1):
 par new generation   total 109248K, used 101662K [0x00000000e0000000, 0x00000000e8000000, 0x00000000e8000000)
  eden space 87424K, 100% used [0x00000000e0000000, 0x00000000e5560000, 0x00000000e5560000)
  from space 21824K,  65% used [0x00000000e5560000, 0x00000000e63479f8, 0x00000000e6ab0000)
  to   space 21824K,   0% used [0x00000000e6ab0000, 0x00000000e6ab0000, 0x00000000e8000000)
 concurrent mark-sweep generation total 393216K, used 0K [0x00000000e8000000, 0x0000000100000000, 0x0000000100000000)
 Metaspace       used 23961K, capacity 24386K, committed 24572K, reserved 1071104K
  class space    used 2830K, capacity 3012K, committed 3068K, reserved 1048576K
2017-08-18T09:00:56.507+0200: 3,597: [GC (Allocation Failure) 2017-08-18T09:00:56.507+0200: 3,597: [ParNew
Desired survivor size 20112992 bytes, new threshold 8 (max 8)
- age   1:    5446992 bytes,    5446992 total
- age   2:     110480 bytes,    5557472 total
- age   4:     187528 bytes,    5745000 total
- age   5:     279840 bytes,    6024840 total
- age   6:     813944 bytes,    6838784 total
- age   7:    6663120 bytes,   13501904 total
: 101662K->15741K(109248K), 0,0127906 secs] 101662K->15741K(502464K), 0,0128658 secs] [Times: user=0,05 sys=0,00, real=0,01 secs] 
Heap after GC invocations=7 (full 1):
 par new generation   total 109248K, used 15741K [0x00000000e0000000, 0x00000000e8000000, 0x00000000e8000000)
  eden space 87424K,   0% used [0x00000000e0000000, 0x00000000e0000000, 0x00000000e5560000)
  from space 21824K,  72% used [0x00000000e6ab0000, 0x00000000e7a0f560, 0x00000000e8000000)
  to   space 21824K,   0% used [0x00000000e5560000, 0x00000000e5560000, 0x00000000e6ab0000)
 concurrent mark-sweep generation total 393216K, used 0K [0x00000000e8000000, 0x0000000100000000, 0x0000000100000000)
 Metaspace       used 23961K, capacity 24386K, committed 24572K, reserved 1071104K
  class space    used 2830K, capacity 3012K, committed 3068K, reserved 1048576K
}
2017-08-18T09:00:56.520+0200: 3,610: Total time for which application threads were stopped: 0,0131784 seconds, Stopping threads took: 0,0000763 seconds
{Heap before GC invocations=7 (full 1):
 par new generation   total 109248K, used 103165K [0x00000000e0000000, 0x00000000e8000000, 0x00000000e8000000)
  eden space 87424K, 100% used [0x00000000e0000000, 0x00000000e5560000, 0x00000000e5560000)
  from space 21824K,  72% used [0x00000000e6ab0000, 0x00000000e7a0f560, 0x00000000e8000000)
  to   space 21824K,   0% used [0x00000000e5560000, 0x00000000e5560000, 0x00000000e6ab0000)
 concurrent mark-sweep generation total 393216K, used 0K [0x00000000e8000000, 0x0000000100000000, 0x0000000100000000)
 Metaspace       used 24520K, capacity 25000K, committed 25084K, reserved 1071104K
  class space    used 2869K, capacity 3045K, committed 3068K, reserved 1048576K
2017-08-18T09:00:56.634+0200: 3,724: [GC (Allocation Failure) 2017-08-18T09:00:56.634+0200: 3,724: [ParNew
Desired survivor size 20112992 bytes, new threshold 8 (max 8)
- age   1:    1784696 bytes,    1784696 total
- age   2:    1805072 bytes,    3589768 total
- age   3:      51736 bytes,    3641504 total
- age   5:     110456 bytes,    3751960 total
- age   6:     188424 bytes,    3940384 total
- age   7:     762840 bytes,    4703224 total
- age   8:    6128400 bytes,   10831624 total
: 103165K->14150K(109248K), 0,0508902 secs] 103165K->14150K(502464K), 0,0509926 secs] [Times: user=0,12 sys=0,00, real=0,05 secs] 
Heap after GC invocations=8 (full 1):
 par new generation   total 109248K, used 14150K [0x00000000e0000000, 0x00000000e8000000, 0x00000000e8000000)
  eden space 87424K,   0% used [0x00000000e0000000, 0x00000000e0000000, 0x00000000e5560000)
  from space 21824K,  64% used [0x00000000e5560000, 0x00000000e6331878, 0x00000000e6ab0000)
  to   space 21824K,   0% used [0x00000000e6ab0000, 0x00000000e6ab0000, 0x00000000e8000000)
 concurrent mark-sweep generation total 393216K, used 0K [0x00000000e8000000, 0x0000000100000000, 0x0000000100000000)
 Metaspace       used 24520K, capacity 25000K, committed 25084K, reserved 1071104K
  class space    used 2869K, capacity 3045K, committed 3068K, reserved 1048576K
}
2017-08-18T09:00:56.685+0200: 3,775: Total time for which application threads were stopped: 0,0512853 seconds, Stopping threads took: 0,0000660 seconds
{Heap before GC invocations=8 (full 1):
 par new generation   total 109248K, used 101574K [0x00000000e0000000, 0x00000000e8000000, 0x00000000e8000000)
  eden space 87424K, 100% used [0x00000000e0000000, 0x00000000e5560000, 0x00000000e5560000)
  from space 21824K,  64% used [0x00000000e5560000, 0x00000000e6331878, 0x00000000e6ab0000)
  to   space 21824K,   0% used [0x00000000e6ab0000, 0x00000000e6ab0000, 0x00000000e8000000)
 concurrent mark-sweep generation total 393216K, used 0K [0x00000000e8000000, 0x0000000100000000, 0x0000000100000000)
 Metaspace       used 24926K, capacity 25378K, committed 25724K, reserved 1071104K
  class space    used 2906K, capacity 3082K, committed 3196K, reserved 1048576K
2017-08-18T09:00:56.789+0200: 3,880: [GC (Allocation Failure) 2017-08-18T09:00:56.789+0200: 3,880: [ParNew
Desired survivor size 20112992 bytes, new threshold 8 (max 8)
- age   1:    1213416 bytes,    1213416 total
- age   2:    1050600 bytes,    2264016 total
- age   3:    1782168 bytes,    4046184 total
- age   4:      51736 bytes,    4097920 total
- age   6:     107808 bytes,    4205728 total
- age   7:     187896 bytes,    4393624 total
- age   8:     762104 bytes,    5155728 total
: 101574K->8495K(109248K), 0,0270741 secs] 101574K->14562K(502464K), 0,0271397 secs] [Times: user=0,09 sys=0,01, real=0,02 secs] 
Heap after GC invocations=9 (full 1):
 par new generation   total 109248K, used 8495K [0x00000000e0000000, 0x00000000e8000000, 0x00000000e8000000)
  eden space 87424K,   0% used [0x00000000e0000000, 0x00000000e0000000, 0x00000000e5560000)
  from space 21824K,  38% used [0x00000000e6ab0000, 0x00000000e72fbf48, 0x00000000e8000000)
  to   space 21824K,   0% used [0x00000000e5560000, 0x00000000e5560000, 0x00000000e6ab0000)
 concurrent mark-sweep generation total 393216K, used 6067K [0x00000000e8000000, 0x0000000100000000, 0x0000000100000000)
 Metaspace       used 24926K, capacity 25378K, committed 25724K, reserved 1071104K
  class space    used 2906K, capacity 3082K, committed 3196K, reserved 1048576K
}
2017-08-18T09:00:56.816+0200: 3,907: Total time for which application threads were stopped: 0,0303158 seconds, Stopping threads took: 0,0030324 seconds
2017-08-18T09:00:56.963+0200: 4,053: Total time for which application threads were stopped: 0,0004539 seconds, Stopping threads took: 0,0000437 seconds
2017-08-18T09:00:56.975+0200: 4,065: Total time for which application threads were stopped: 0,0001496 seconds, Stopping threads took: 0,0000455 seconds
2017-08-18T09:00:56.975+0200: 4,065: Total time for which application threads were stopped: 0,0000882 seconds, Stopping threads took: 0,0000314 seconds
2017-08-18T09:00:56.975+0200: 4,066: Total time for which application threads were stopped: 0,0000839 seconds, Stopping threads took: 0,0000214 seconds
2017-08-18T09:00:56.975+0200: 4,066: Total time for which application threads were stopped: 0,0000770 seconds, Stopping threads took: 0,0000187 seconds
2017-08-18T09:00:56.976+0200: 4,066: Total time for which application threads were stopped: 0,0000840 seconds, Stopping threads took: 0,0000274 seconds
2017-08-18T09:00:56.976+0200: 4,066: Total time for which application threads were stopped: 0,0000827 seconds, Stopping threads took: 0,0000185 seconds
2017-08-18T09:00:56.976+0200: 4,066: Total time for which application threads were stopped: 0,0000653 seconds, Stopping threads took: 0,0000225 seconds
2017-08-18T09:00:56.976+0200: 4,066: Total time for which application threads were stopped: 0,0000649 seconds, Stopping threads took: 0,0000202 seconds
2017-08-18T09:00:56.976+0200: 4,066: Total time for which application threads were stopped: 0,0000638 seconds, Stopping threads took: 0,0000238 seconds
2017-08-18T09:00:56.976+0200: 4,067: Total time for which application threads were stopped: 0,0000555 seconds, Stopping threads took: 0,0000178 seconds
2017-08-18T09:00:56.976+0200: 4,067: Total time for which application threads were stopped: 0,0000649 seconds, Stopping threads took: 0,0000202 seconds
2017-08-18T09:00:56.976+0200: 4,067: Total time for which application threads were stopped: 0,0000860 seconds, Stopping threads took: 0,0000366 seconds
2017-08-18T09:00:56.977+0200: 4,067: Total time for which application threads were stopped: 0,0001399 seconds, Stopping threads took: 0,0001089 seconds
2017-08-18T09:00:56.977+0200: 4,067: Total time for which application threads were stopped: 0,0000892 seconds, Stopping threads took: 0,0000216 seconds
2017-08-18T09:00:56.977+0200: 4,067: Total time for which application threads were stopped: 0,0000765 seconds, Stopping threads took: 0,0000316 seconds
2017-08-18T09:00:56.978+0200: 4,068: Total time for which application threads were stopped: 0,0000985 seconds, Stopping threads took: 0,0000322 seconds
2017-08-18T09:00:56.978+0200: 4,068: Total time for which application threads were stopped: 0,0000735 seconds, Stopping threads took: 0,0000203 seconds
2017-08-18T09:00:56.978+0200: 4,068: Total time for which application threads were stopped: 0,0000616 seconds, Stopping threads took: 0,0000201 seconds
2017-08-18T09:00:56.978+0200: 4,068: Total time for which application threads were stopped: 0,0000700 seconds, Stopping threads took: 0,0000215 seconds
2017-08-18T09:00:56.978+0200: 4,069: Total time for which application threads were stopped: 0,0001515 seconds, Stopping threads took: 0,0000328 seconds
2017-08-18T09:00:56.985+0200: 4,076: Total time for which application threads were stopped: 0,0023929 seconds, Stopping threads took: 0,0022071 seconds
2017-08-18T09:00:56.988+0200: 4,078: Total time for which application threads were stopped: 0,0003332 seconds, Stopping threads took: 0,0000359 seconds
2017-08-18T09:00:56.998+0200: 4,088: Total time for which application threads were stopped: 0,0002089 seconds, Stopping threads took: 0,0000351 seconds
2017-08-18T09:00:56.998+0200: 4,088: Total time for which application threads were stopped: 0,0001481 seconds, Stopping threads took: 0,0000443 seconds
2017-08-18T09:00:56.998+0200: 4,089: Total time for which application threads were stopped: 0,0001418 seconds, Stopping threads took: 0,0000308 seconds
2017-08-18T09:00:57.001+0200: 4,092: Total time for which application threads were stopped: 0,0001606 seconds, Stopping threads took: 0,0000361 seconds
2017-08-18T09:00:57.004+0200: 4,095: Total time for which application threads were stopped: 0,0002119 seconds, Stopping threads took: 0,0001051 seconds
2017-08-18T09:00:57.005+0200: 4,095: Total time for which application threads were stopped: 0,0000991 seconds, Stopping threads took: 0,0000170 seconds
2017-08-18T09:00:57.006+0200: 4,097: Total time for which application threads were stopped: 0,0015259 seconds, Stopping threads took: 0,0014372 seconds
2017-08-18T09:00:57.007+0200: 4,097: Total time for which application threads were stopped: 0,0001148 seconds, Stopping threads took: 0,0000294 seconds
2017-08-18T09:00:57.007+0200: 4,097: Total time for which application threads were stopped: 0,0000816 seconds, Stopping threads took: 0,0000167 seconds
2017-08-18T09:00:57.007+0200: 4,097: Total time for which application threads were stopped: 0,0000770 seconds, Stopping threads took: 0,0000176 seconds
2017-08-18T09:00:57.007+0200: 4,097: Total time for which application threads were stopped: 0,0000947 seconds, Stopping threads took: 0,0000208 seconds
2017-08-18T09:00:57.007+0200: 4,098: Total time for which application threads were stopped: 0,0000908 seconds, Stopping threads took: 0,0000228 seconds
2017-08-18T09:00:57.007+0200: 4,098: Total time for which application threads were stopped: 0,0000991 seconds, Stopping threads took: 0,0000244 seconds
2017-08-18T09:00:57.021+0200: 4,112: Total time for which application threads were stopped: 0,0040501 seconds, Stopping threads took: 0,0039575 seconds
2017-08-18T09:00:57.021+0200: 4,112: Total time for which application threads were stopped: 0,0000855 seconds, Stopping threads took: 0,0000329 seconds
2017-08-18T09:00:57.022+0200: 4,112: Total time for which application threads were stopped: 0,0000909 seconds, Stopping threads took: 0,0000291 seconds
2017-08-18T09:00:57.022+0200: 4,112: Total time for which application threads were stopped: 0,0000548 seconds, Stopping threads took: 0,0000091 seconds
2017-08-18T09:00:57.022+0200: 4,112: Total time for which application threads were stopped: 0,0000579 seconds, Stopping threads took: 0,0000104 seconds
2017-08-18T09:00:57.022+0200: 4,113: Total time for which application threads were stopped: 0,0001739 seconds, Stopping threads took: 0,0000136 seconds
2017-08-18T09:00:57.023+0200: 4,114: Total time for which application threads were stopped: 0,0001331 seconds, Stopping threads took: 0,0000613 seconds
2017-08-18T09:00:57.024+0200: 4,114: Total time for which application threads were stopped: 0,0000681 seconds, Stopping threads took: 0,0000109 seconds
2017-08-18T09:00:57.037+0200: 4,127: Total time for which application threads were stopped: 0,0001321 seconds, Stopping threads took: 0,0000469 seconds
2017-08-18T09:00:57.061+0200: 4,152: Total time for which application threads were stopped: 0,0001103 seconds, Stopping threads took: 0,0000396 seconds
2017-08-18T09:00:57.132+0200: 4,222: Total time for which application threads were stopped: 0,0005660 seconds, Stopping threads took: 0,0000284 seconds
2017-08-18T09:00:57.149+0200: 4,240: Total time for which application threads were stopped: 0,0006233 seconds, Stopping threads took: 0,0000418 seconds
2017-08-18T09:00:57.220+0200: 4,310: Total time for which application threads were stopped: 0,0004937 seconds, Stopping threads took: 0,0000565 seconds
2017-08-18T09:00:57.222+0200: 4,312: Total time for which application threads were stopped: 0,0001409 seconds, Stopping threads took: 0,0000453 seconds
2017-08-18T09:00:57.222+0200: 4,312: Total time for which application threads were stopped: 0,0001032 seconds, Stopping threads took: 0,0000346 seconds
2017-08-18T09:00:57.222+0200: 4,312: Total time for which application threads were stopped: 0,0001127 seconds, Stopping threads took: 0,0000275 seconds
2017-08-18T09:00:57.251+0200: 4,342: Total time for which application threads were stopped: 0,0001481 seconds, Stopping threads took: 0,0000487 seconds
2017-08-18T09:00:57.258+0200: 4,348: Total time for which application threads were stopped: 0,0001190 seconds, Stopping threads took: 0,0000197 seconds
2017-08-18T09:00:57.261+0200: 4,351: Total time for which application threads were stopped: 0,0001082 seconds, Stopping threads took: 0,0000364 seconds
2017-08-18T09:00:57.267+0200: 4,358: Total time for which application threads were stopped: 0,0001186 seconds, Stopping threads took: 0,0000389 seconds
2017-08-18T09:00:57.271+0200: 4,362: Total time for which application threads were stopped: 0,0001211 seconds, Stopping threads took: 0,0000355 seconds
2017-08-18T09:00:57.272+0200: 4,362: Total time for which application threads were stopped: 0,0001122 seconds, Stopping threads took: 0,0000289 seconds
2017-08-18T09:00:57.278+0200: 4,368: Total time for which application threads were stopped: 0,0001583 seconds, Stopping threads took: 0,0000812 seconds
2017-08-18T09:00:57.299+0200: 4,389: Total time for which application threads were stopped: 0,0001435 seconds, Stopping threads took: 0,0000682 seconds
2017-08-18T09:00:57.299+0200: 4,390: Total time for which application threads were stopped: 0,0001114 seconds, Stopping threads took: 0,0000543 seconds
2017-08-18T09:00:57.303+0200: 4,394: Total time for which application threads were stopped: 0,0001472 seconds, Stopping threads took: 0,0000675 seconds
2017-08-18T09:00:57.308+0200: 4,398: Total time for which application threads were stopped: 0,0000944 seconds, Stopping threads took: 0,0000377 seconds
2017-08-18T09:00:57.317+0200: 4,407: Total time for which application threads were stopped: 0,0003749 seconds, Stopping threads took: 0,0000210 seconds
2017-08-18T09:00:57.317+0200: 4,407: Total time for which application threads were stopped: 0,0000972 seconds, Stopping threads took: 0,0000478 seconds
2017-08-18T09:00:57.321+0200: 4,411: Total time for which application threads were stopped: 0,0001323 seconds, Stopping threads took: 0,0000424 seconds
2017-08-18T09:00:58.321+0200: 5,411: Total time for which application threads were stopped: 0,0000721 seconds, Stopping threads took: 0,0000172 seconds
2017-08-18T09:00:59.321+0200: 6,412: Total time for which application threads were stopped: 0,0000625 seconds, Stopping threads took: 0,0000154 seconds
2017-08-18T09:01:15.323+0200: 22,414: Total time for which application threads were stopped: 0,0000828 seconds, Stopping threads took: 0,0000319 seconds
2017-08-18T09:01:25.325+0200: 32,415: Total time for which application threads were stopped: 0,0000654 seconds, Stopping threads took: 0,0000161 seconds
2017-08-18T09:02:15.333+0200: 82,423: Total time for which application threads were stopped: 0,0001643 seconds, Stopping threads took: 0,0000618 seconds
2017-08-18T09:02:50.339+0200: 117,430: Total time for which application threads were stopped: 0,0001911 seconds, Stopping threads took: 0,0000738 seconds
2017-08-18T09:02:55.340+0200: 122,431: Total time for which application threads were stopped: 0,0000661 seconds, Stopping threads took: 0,0000161 seconds
{Heap before GC invocations=9 (full 1):
 par new generation   total 109248K, used 95919K [0x00000000e0000000, 0x00000000e8000000, 0x00000000e8000000)
  eden space 87424K, 100% used [0x00000000e0000000, 0x00000000e5560000, 0x00000000e5560000)
  from space 21824K,  38% used [0x00000000e6ab0000, 0x00000000e72fbf48, 0x00000000e8000000)
  to   space 21824K,   0% used [0x00000000e5560000, 0x00000000e5560000, 0x00000000e6ab0000)
 concurrent mark-sweep generation total 393216K, used 6067K [0x00000000e8000000, 0x0000000100000000, 0x0000000100000000)
 Metaspace       used 28050K, capacity 28614K, committed 28796K, reserved 1075200K
  class space    used 3211K, capacity 3388K, committed 3452K, reserved 1048576K
2017-08-18T09:03:48.998+0200: 176,088: [GC (Allocation Failure) 2017-08-18T09:03:48.998+0200: 176,088: [ParNew
Desired survivor size 20112992 bytes, new threshold 8 (max 8)
- age   1:   10790960 bytes,   10790960 total
- age   2:     200576 bytes,   10991536 total
- age   3:     260392 bytes,   11251928 total
- age   4:    1777600 bytes,   13029528 total
- age   5:      51736 bytes,   13081264 total
- age   7:     107680 bytes,   13188944 total
- age   8:     187800 bytes,   13376744 total
: 95919K->15742K(109248K), 0,0209829 secs] 101986K->22643K(502464K), 0,0210710 secs] [Times: user=0,07 sys=0,00, real=0,02 secs] 
Heap after GC invocations=10 (full 1):
 par new generation   total 109248K, used 15742K [0x00000000e0000000, 0x00000000e8000000, 0x00000000e8000000)
  eden space 87424K,   0% used [0x00000000e0000000, 0x00000000e0000000, 0x00000000e5560000)
  from space 21824K,  72% used [0x00000000e5560000, 0x00000000e64bf9e0, 0x00000000e6ab0000)
  to   space 21824K,   0% used [0x00000000e6ab0000, 0x00000000e6ab0000, 0x00000000e8000000)
 concurrent mark-sweep generation total 393216K, used 6901K [0x00000000e8000000, 0x0000000100000000, 0x0000000100000000)
 Metaspace       used 28050K, capacity 28614K, committed 28796K, reserved 1075200K
  class space    used 3211K, capacity 3388K, committed 3452K, reserved 1048576K
}
2017-08-18T09:03:49.019+0200: 176,109: Total time for which application threads were stopped: 0,0214134 seconds, Stopping threads took: 0,0000723 seconds
2017-08-18T09:03:49.019+0200: 176,110: Total time for which application threads were stopped: 0,0000756 seconds, Stopping threads took: 0,0000245 seconds
2017-08-18T09:03:49.020+0200: 176,110: Total time for which application threads were stopped: 0,0000734 seconds, Stopping threads took: 0,0000393 seconds
2017-08-18T09:05:29.201+0200: 277,125: Total time for which application threads were stopped: 0,0001119 seconds, Stopping threads took: 0,0000371 seconds
2017-08-18T09:24:18.313+0200: 1406,238: Total time for which application threads were stopped: 0,0000903 seconds, Stopping threads took: 0,0000317 seconds
2017-08-18T09:27:53.335+0200: 1621,259: Total time for which application threads were stopped: 0,0000878 seconds, Stopping threads took: 0,0000302 seconds
2017-08-18T09:27:58.335+0200: 1626,260: Total time for which application threads were stopped: 0,0000714 seconds, Stopping threads took: 0,0000144 seconds
2017-08-18T09:39:13.406+0200: 2301,331: Total time for which application threads were stopped: 0,0001073 seconds, Stopping threads took: 0,0000387 seconds
2017-08-18T09:39:14.406+0200: 2302,331: Total time for which application threads were stopped: 0,0000683 seconds, Stopping threads took: 0,0000141 seconds
2017-08-18T09:54:09.496+0200: 3197,421: Total time for which application threads were stopped: 0,0000890 seconds, Stopping threads took: 0,0000317 seconds
2017-08-18T09:54:54.501+0200: 3242,425: Total time for which application threads were stopped: 0,0000929 seconds, Stopping threads took: 0,0000363 seconds
2017-08-18T10:06:54.573+0200: 3962,498: Total time for which application threads were stopped: 0,0004217 seconds, Stopping threads took: 0,0001811 seconds
2017-08-18T10:07:33.577+0200: 4001,502: Total time for which application threads were stopped: 0,0000822 seconds, Stopping threads took: 0,0000310 seconds
2017-08-18T10:07:53.579+0200: 4021,504: Total time for which application threads were stopped: 0,0001376 seconds, Stopping threads took: 0,0000494 seconds
2017-08-18T10:20:04.659+0200: 4752,584: Total time for which application threads were stopped: 0,0000903 seconds, Stopping threads took: 0,0000353 seconds
2017-08-18T10:22:34.679+0200: 4902,603: Total time for which application threads were stopped: 0,0001015 seconds, Stopping threads took: 0,0000370 seconds
2017-08-18T10:51:29.867+0200: 6637,791: Total time for which application threads were stopped: 0,0001846 seconds, Stopping threads took: 0,0000710 seconds
2017-08-18T11:01:23.941+0200: 7231,866: Total time for which application threads were stopped: 0,0000895 seconds, Stopping threads took: 0,0000312 seconds
2017-08-18T11:02:53.950+0200: 7321,874: Total time for which application threads were stopped: 0,0000915 seconds, Stopping threads took: 0,0000344 seconds
2017-08-18T11:03:23.953+0200: 7351,877: Total time for which application threads were stopped: 0,0000877 seconds, Stopping threads took: 0,0000302 seconds
2017-08-18T11:08:53.986+0200: 7681,911: Total time for which application threads were stopped: 0,0000895 seconds, Stopping threads took: 0,0000321 seconds
2017-08-18T11:09:23.990+0200: 7711,914: Total time for which application threads were stopped: 0,0000888 seconds, Stopping threads took: 0,0000326 seconds
2017-08-18T11:46:26.534+0200: 9934,459: Total time for which application threads were stopped: 0,0323901 seconds, Stopping threads took: 0,0322986 seconds
2017-08-18T11:46:26.544+0200: 9934,468: Total time for which application threads were stopped: 0,0058030 seconds, Stopping threads took: 0,0045649 seconds
2017-08-18T11:46:26.546+0200: 9934,470: Total time for which application threads were stopped: 0,0004432 seconds, Stopping threads took: 0,0003856 seconds
2017-08-18T11:46:26.546+0200: 9934,470: Total time for which application threads were stopped: 0,0000363 seconds, Stopping threads took: 0,0000053 seconds
2017-08-18T11:46:26.546+0200: 9934,470: Total time for which application threads were stopped: 0,0000433 seconds, Stopping threads took: 0,0000062 seconds
2017-08-18T11:46:26.546+0200: 9934,471: Total time for which application threads were stopped: 0,0000375 seconds, Stopping threads took: 0,0000052 seconds
2017-08-18T11:46:26.546+0200: 9934,471: Total time for which application threads were stopped: 0,0000524 seconds, Stopping threads took: 0,0000175 seconds
2017-08-18T11:46:26.546+0200: 9934,471: Total time for which application threads were stopped: 0,0000330 seconds, Stopping threads took: 0,0000043 seconds
2017-08-18T11:46:26.546+0200: 9934,471: Total time for which application threads were stopped: 0,0000322 seconds, Stopping threads took: 0,0000041 seconds
2017-08-18T11:46:26.547+0200: 9934,471: Total time for which application threads were stopped: 0,0000346 seconds, Stopping threads took: 0,0000045 seconds
2017-08-18T11:46:26.547+0200: 9934,471: Total time for which application threads were stopped: 0,0000346 seconds, Stopping threads took: 0,0000065 seconds
2017-08-18T11:46:26.547+0200: 9934,471: Total time for which application threads were stopped: 0,0000340 seconds, Stopping threads took: 0,0000042 seconds
2017-08-18T11:46:26.547+0200: 9934,471: Total time for which application threads were stopped: 0,0000322 seconds, Stopping threads took: 0,0000041 seconds
2017-08-18T11:46:26.547+0200: 9934,471: Total time for which application threads were stopped: 0,0000322 seconds, Stopping threads took: 0,0000043 seconds
2017-08-18T11:46:26.547+0200: 9934,471: Total time for which application threads were stopped: 0,0000317 seconds, Stopping threads took: 0,0000040 seconds
2017-08-18T11:46:26.547+0200: 9934,471: Total time for which application threads were stopped: 0,0000318 seconds, Stopping threads took: 0,0000042 seconds
2017-08-18T11:46:26.553+0200: 9934,478: Total time for which application threads were stopped: 0,0000957 seconds, Stopping threads took: 0,0000166 seconds
2017-08-18T11:46:26.553+0200: 9934,478: Total time for which application threads were stopped: 0,0000845 seconds, Stopping threads took: 0,0000196 seconds
2017-08-18T11:46:26.554+0200: 9934,478: Total time for which application threads were stopped: 0,0000723 seconds, Stopping threads took: 0,0000216 seconds
2017-08-18T11:46:26.554+0200: 9934,478: Total time for which application threads were stopped: 0,0000489 seconds, Stopping threads took: 0,0000122 seconds
2017-08-18T11:46:26.554+0200: 9934,478: Total time for which application threads were stopped: 0,0000431 seconds, Stopping threads took: 0,0000112 seconds
2017-08-18T11:46:26.554+0200: 9934,478: Total time for which application threads were stopped: 0,0000450 seconds, Stopping threads took: 0,0000137 seconds
2017-08-18T11:46:26.554+0200: 9934,478: Total time for which application threads were stopped: 0,0000412 seconds, Stopping threads took: 0,0000109 seconds
2017-08-18T11:46:26.554+0200: 9934,479: Total time for which application threads were stopped: 0,0000359 seconds, Stopping threads took: 0,0000045 seconds
2017-08-18T11:46:26.554+0200: 9934,479: Total time for which application threads were stopped: 0,0000353 seconds, Stopping threads took: 0,0000047 seconds
2017-08-18T11:46:26.554+0200: 9934,479: Total time for which application threads were stopped: 0,0000359 seconds, Stopping threads took: 0,0000047 seconds
2017-08-18T11:46:26.554+0200: 9934,479: Total time for which application threads were stopped: 0,0000365 seconds, Stopping threads took: 0,0000046 seconds
2017-08-18T11:46:26.554+0200: 9934,479: Total time for which application threads were stopped: 0,0000401 seconds, Stopping threads took: 0,0000057 seconds
2017-08-18T11:46:26.554+0200: 9934,479: Total time for which application threads were stopped: 0,0000374 seconds, Stopping threads took: 0,0000051 seconds
2017-08-18T11:46:26.555+0200: 9934,479: Total time for which application threads were stopped: 0,0000356 seconds, Stopping threads took: 0,0000045 seconds
2017-08-18T11:46:26.555+0200: 9934,479: Total time for which application threads were stopped: 0,0000368 seconds, Stopping threads took: 0,0000048 seconds
2017-08-18T11:46:26.555+0200: 9934,479: Total time for which application threads were stopped: 0,0000393 seconds, Stopping threads took: 0,0000057 seconds
2017-08-18T11:46:26.555+0200: 9934,479: Total time for which application threads were stopped: 0,0000372 seconds, Stopping threads took: 0,0000049 seconds
2017-08-18T11:46:26.555+0200: 9934,479: Total time for which application threads were stopped: 0,0000379 seconds, Stopping threads took: 0,0000047 seconds
2017-08-18T11:46:26.556+0200: 9934,480: Total time for which application threads were stopped: 0,0000955 seconds, Stopping threads took: 0,0000289 seconds
2017-08-18T11:46:26.565+0200: 9934,489: Total time for which application threads were stopped: 0,0000894 seconds, Stopping threads took: 0,0000261 seconds
2017-08-18T11:46:26.565+0200: 9934,490: Total time for which application threads were stopped: 0,0000462 seconds, Stopping threads took: 0,0000130 seconds
2017-08-18T11:46:26.565+0200: 9934,490: Total time for which application threads were stopped: 0,0000336 seconds, Stopping threads took: 0,0000044 seconds
2017-08-18T11:46:26.569+0200: 9934,493: Total time for which application threads were stopped: 0,0000949 seconds, Stopping threads took: 0,0000247 seconds
2017-08-18T11:46:26.569+0200: 9934,493: Total time for which application threads were stopped: 0,0000465 seconds, Stopping threads took: 0,0000118 seconds
2017-08-18T11:46:26.569+0200: 9934,494: Total time for which application threads were stopped: 0,0000406 seconds, Stopping threads took: 0,0000105 seconds
2017-08-18T11:46:26.569+0200: 9934,494: Total time for which application threads were stopped: 0,0000428 seconds, Stopping threads took: 0,0000119 seconds
2017-08-18T11:46:26.569+0200: 9934,494: Total time for which application threads were stopped: 0,0000395 seconds, Stopping threads took: 0,0000106 seconds
2017-08-18T11:46:26.569+0200: 9934,494: Total time for which application threads were stopped: 0,0000397 seconds, Stopping threads took: 0,0000103 seconds
2017-08-18T11:46:26.569+0200: 9934,494: Total time for which application threads were stopped: 0,0000392 seconds, Stopping threads took: 0,0000103 seconds
2017-08-18T11:46:26.569+0200: 9934,494: Total time for which application threads were stopped: 0,0000393 seconds, Stopping threads took: 0,0000102 seconds
2017-08-18T11:46:26.569+0200: 9934,494: Total time for which application threads were stopped: 0,0000398 seconds, Stopping threads took: 0,0000101 seconds
2017-08-18T11:46:26.569+0200: 9934,494: Total time for which application threads were stopped: 0,0000415 seconds, Stopping threads took: 0,0000102 seconds
2017-08-18T11:46:26.575+0200: 9934,500: Total time for which application threads were stopped: 0,0010874 seconds, Stopping threads took: 0,0000372 seconds
2017-08-18T11:46:26.577+0200: 9934,502: Total time for which application threads were stopped: 0,0001119 seconds, Stopping threads took: 0,0000303 seconds
2017-08-18T11:46:26.578+0200: 9934,502: Total time for which application threads were stopped: 0,0000791 seconds, Stopping threads took: 0,0000232 seconds
2017-08-18T11:46:26.579+0200: 9934,504: Total time for which application threads were stopped: 0,0001127 seconds, Stopping threads took: 0,0000303 seconds
2017-08-18T11:46:26.579+0200: 9934,504: Total time for which application threads were stopped: 0,0000769 seconds, Stopping threads took: 0,0000212 seconds
2017-08-18T11:46:26.580+0200: 9934,504: Total time for which application threads were stopped: 0,0000597 seconds, Stopping threads took: 0,0000152 seconds
2017-08-18T11:46:26.580+0200: 9934,504: Total time for which application threads were stopped: 0,0000526 seconds, Stopping threads took: 0,0000138 seconds
2017-08-18T11:46:26.583+0200: 9934,507: Total time for which application threads were stopped: 0,0000960 seconds, Stopping threads took: 0,0000279 seconds
2017-08-18T11:46:26.583+0200: 9934,508: Total time for which application threads were stopped: 0,0000545 seconds, Stopping threads took: 0,0000083 seconds
2017-08-18T11:46:26.583+0200: 9934,508: Total time for which application threads were stopped: 0,0000497 seconds, Stopping threads took: 0,0000132 seconds
2017-08-18T11:46:26.583+0200: 9934,508: Total time for which application threads were stopped: 0,0000457 seconds, Stopping threads took: 0,0000134 seconds
2017-08-18T11:46:26.583+0200: 9934,508: Total time for which application threads were stopped: 0,0000494 seconds, Stopping threads took: 0,0000148 seconds
2017-08-18T11:46:26.583+0200: 9934,508: Total time for which application threads were stopped: 0,0000498 seconds, Stopping threads took: 0,0000141 seconds
2017-08-18T11:46:26.586+0200: 9934,510: Total time for which application threads were stopped: 0,0000905 seconds, Stopping threads took: 0,0000253 seconds
2017-08-18T11:46:26.586+0200: 9934,510: Total time for which application threads were stopped: 0,0000535 seconds, Stopping threads took: 0,0000146 seconds
2017-08-18T11:46:26.586+0200: 9934,510: Total time for which application threads were stopped: 0,0000466 seconds, Stopping threads took: 0,0000134 seconds
2017-08-18T11:46:26.587+0200: 9934,512: Total time for which application threads were stopped: 0,0000971 seconds, Stopping threads took: 0,0000280 seconds
2017-08-18T11:46:26.587+0200: 9934,512: Total time for which application threads were stopped: 0,0000619 seconds, Stopping threads took: 0,0000208 seconds
2017-08-18T11:46:26.587+0200: 9934,512: Total time for which application threads were stopped: 0,0000516 seconds, Stopping threads took: 0,0000153 seconds
2017-08-18T11:46:26.588+0200: 9934,512: Total time for which application threads were stopped: 0,0000633 seconds, Stopping threads took: 0,0000178 seconds
2017-08-18T11:46:26.588+0200: 9934,512: Total time for which application threads were stopped: 0,0000498 seconds, Stopping threads took: 0,0000137 seconds
2017-08-18T11:46:26.588+0200: 9934,512: Total time for which application threads were stopped: 0,0001592 seconds, Stopping threads took: 0,0000119 seconds
2017-08-18T11:46:26.588+0200: 9934,513: Total time for which application threads were stopped: 0,0000723 seconds, Stopping threads took: 0,0000222 seconds
2017-08-18T11:46:26.589+0200: 9934,513: Total time for which application threads were stopped: 0,0000524 seconds, Stopping threads took: 0,0000173 seconds
2017-08-18T11:46:26.589+0200: 9934,513: Total time for which application threads were stopped: 0,0000529 seconds, Stopping threads took: 0,0000155 seconds
2017-08-18T11:46:26.589+0200: 9934,513: Total time for which application threads were stopped: 0,0000477 seconds, Stopping threads took: 0,0000149 seconds
2017-08-18T11:46:26.589+0200: 9934,513: Total time for which application threads were stopped: 0,0000480 seconds, Stopping threads took: 0,0000163 seconds
2017-08-18T11:46:26.589+0200: 9934,514: Total time for which application threads were stopped: 0,0000453 seconds, Stopping threads took: 0,0000143 seconds
2017-08-18T11:46:26.589+0200: 9934,514: Total time for which application threads were stopped: 0,0000695 seconds, Stopping threads took: 0,0000217 seconds
2017-08-18T11:46:26.590+0200: 9934,514: Total time for which application threads were stopped: 0,0000555 seconds, Stopping threads took: 0,0000192 seconds
2017-08-18T11:46:26.590+0200: 9934,514: Total time for which application threads were stopped: 0,0001800 seconds, Stopping threads took: 0,0000148 seconds
2017-08-18T11:46:26.594+0200: 9934,519: Total time for which application threads were stopped: 0,0015917 seconds, Stopping threads took: 0,0014671 seconds
2017-08-18T11:46:26.596+0200: 9934,520: Total time for which application threads were stopped: 0,0001032 seconds, Stopping threads took: 0,0000194 seconds
Heap
 par new generation   total 109248K, used 36940K [0x00000000e0000000, 0x00000000e8000000, 0x00000000e8000000)
  eden space 87424K,  24% used [0x00000000e0000000, 0x00000000e14b39a8, 0x00000000e5560000)
  from space 21824K,  72% used [0x00000000e5560000, 0x00000000e64bf9e0, 0x00000000e6ab0000)
  to   space 21824K,   0% used [0x00000000e6ab0000, 0x00000000e6ab0000, 0x00000000e8000000)
 concurrent mark-sweep generation total 393216K, used 6901K [0x00000000e8000000, 0x0000000100000000, 0x0000000100000000)
 Metaspace       used 28191K, capacity 28718K, committed 28796K, reserved 1075200K
  class space    used 3225K, capacity 3422K, committed 3452K, reserved 1048576K
