OpenJDK 64-Bit Server VM (25.111-b14) for linux-amd64 JRE (1.8.0_111-8u111-b14-2ubuntu0.16.04.2-b14), built on Oct 27 2016 18:10:19 by "buildd" with gcc 5.4.0 20160609
Memory: 4k page, physical 7867800k(7508648k free), swap 8076284k(8076284k free)
CommandLine flags: -XX:CMSInitiatingOccupancyFraction=50 -XX:CMSMaxAbortablePrecleanTime=6000 -XX:+CMSParallelRemarkEnabled -XX:+CMSScavengeBeforeRemark -XX:ConcGCThreads=4 -XX:InitialHeapSize=536870912 -XX:MaxHeapSize=536870912 -XX:MaxTenuringThreshold=8 -XX:NewRatio=3 -XX:OldPLABSize=16 -XX:OnOutOfMemoryError=/opt/solr/bin/oom_solr.sh 8983 /var/solr/logs -XX:ParallelGCThreads=4 -XX:+ParallelRefProcEnabled -XX:PretenureSizeThreshold=67108864 -XX:+PrintGC -XX:+PrintGCApplicationStoppedTime -XX:+PrintGCDateStamps -XX:+PrintGCDetails -XX:+PrintGCTimeStamps -XX:+PrintHeapAtGC -XX:+PrintTenuringDistribution -XX:SurvivorRatio=4 -XX:TargetSurvivorRatio=90 -XX:ThreadStackSize=256 -XX:+UseCMSInitiatingOccupancyOnly -XX:+UseCompressedClassPointers -XX:+UseCompressedOops -XX:+UseConcMarkSweepGC -XX:+UseParNewGC 
2017-01-25T22:53:17.545+0100: 0,131: Total time for which application threads were stopped: 0,0000835 seconds, Stopping threads took: 0,0000172 seconds
2017-01-25T22:53:17.636+0100: 0,222: Total time for which application threads were stopped: 0,0001324 seconds, Stopping threads took: 0,0000287 seconds
2017-01-25T22:53:17.656+0100: 0,242: Total time for which application threads were stopped: 0,0000976 seconds, Stopping threads took: 0,0000114 seconds
2017-01-25T22:53:17.852+0100: 0,438: Total time for which application threads were stopped: 0,0001380 seconds, Stopping threads took: 0,0000186 seconds
2017-01-25T22:53:18.280+0100: 0,866: Total time for which application threads were stopped: 0,0001595 seconds, Stopping threads took: 0,0000146 seconds
2017-01-25T22:53:18.375+0100: 0,961: Total time for which application threads were stopped: 0,0001903 seconds, Stopping threads took: 0,0000158 seconds
2017-01-25T22:53:18.410+0100: 0,996: Total time for which application threads were stopped: 0,0015820 seconds, Stopping threads took: 0,0014299 seconds
2017-01-25T22:53:18.697+0100: 1,283: Total time for which application threads were stopped: 0,0001656 seconds, Stopping threads took: 0,0000175 seconds
2017-01-25T22:53:18.916+0100: 1,502: Total time for which application threads were stopped: 0,0002099 seconds, Stopping threads took: 0,0000201 seconds
2017-01-25T22:53:18.946+0100: 1,532: Total time for which application threads were stopped: 0,0001764 seconds, Stopping threads took: 0,0000252 seconds
2017-01-25T22:53:18.947+0100: 1,533: Total time for which application threads were stopped: 0,0001257 seconds, Stopping threads took: 0,0000190 seconds
2017-01-25T22:53:18.960+0100: 1,546: Total time for which application threads were stopped: 0,0003013 seconds, Stopping threads took: 0,0000272 seconds
2017-01-25T22:53:19.080+0100: 1,666: Total time for which application threads were stopped: 0,0002617 seconds, Stopping threads took: 0,0000284 seconds
2017-01-25T22:53:19.237+0100: 1,824: Total time for which application threads were stopped: 0,0002532 seconds, Stopping threads took: 0,0000459 seconds
{Heap before GC invocations=0 (full 0):
 par new generation   total 109248K, used 87424K [0x00000000e0000000, 0x00000000e8000000, 0x00000000e8000000)
  eden space 87424K, 100% used [0x00000000e0000000, 0x00000000e5560000, 0x00000000e5560000)
  from space 21824K,   0% used [0x00000000e5560000, 0x00000000e5560000, 0x00000000e6ab0000)
  to   space 21824K,   0% used [0x00000000e6ab0000, 0x00000000e6ab0000, 0x00000000e8000000)
 concurrent mark-sweep generation total 393216K, used 0K [0x00000000e8000000, 0x0000000100000000, 0x0000000100000000)
 Metaspace       used 18021K, capacity 18302K, committed 18560K, reserved 1064960K
  class space    used 2046K, capacity 2162K, committed 2176K, reserved 1048576K
2017-01-25T22:53:19.351+0100: 1,937: [GC (Allocation Failure) 2017-01-25T22:53:19.351+0100: 1,937: [ParNew
Desired survivor size 20112992 bytes, new threshold 8 (max 8)
- age   1:   12850584 bytes,   12850584 total
: 87424K->12682K(109248K), 0,0171336 secs] 87424K->12682K(502464K), 0,0172180 secs] [Times: user=0,07 sys=0,00, real=0,02 secs] 
Heap after GC invocations=1 (full 0):
 par new generation   total 109248K, used 12682K [0x00000000e0000000, 0x00000000e8000000, 0x00000000e8000000)
  eden space 87424K,   0% used [0x00000000e0000000, 0x00000000e0000000, 0x00000000e5560000)
  from space 21824K,  58% used [0x00000000e6ab0000, 0x00000000e7712b48, 0x00000000e8000000)
  to   space 21824K,   0% used [0x00000000e5560000, 0x00000000e5560000, 0x00000000e6ab0000)
 concurrent mark-sweep generation total 393216K, used 0K [0x00000000e8000000, 0x0000000100000000, 0x0000000100000000)
 Metaspace       used 18021K, capacity 18302K, committed 18560K, reserved 1064960K
  class space    used 2046K, capacity 2162K, committed 2176K, reserved 1048576K
}
2017-01-25T22:53:19.368+0100: 1,954: Total time for which application threads were stopped: 0,0174159 seconds, Stopping threads took: 0,0000308 seconds
2017-01-25T22:53:19.580+0100: 2,166: Total time for which application threads were stopped: 0,0003623 seconds, Stopping threads took: 0,0000462 seconds
2017-01-25T22:53:19.616+0100: 2,203: Total time for which application threads were stopped: 0,0010178 seconds, Stopping threads took: 0,0007734 seconds
2017-01-25T22:53:19.648+0100: 2,234: Total time for which application threads were stopped: 0,0003394 seconds, Stopping threads took: 0,0000350 seconds
{Heap before GC invocations=1 (full 0):
 par new generation   total 109248K, used 100106K [0x00000000e0000000, 0x00000000e8000000, 0x00000000e8000000)
  eden space 87424K, 100% used [0x00000000e0000000, 0x00000000e5560000, 0x00000000e5560000)
  from space 21824K,  58% used [0x00000000e6ab0000, 0x00000000e7712b48, 0x00000000e8000000)
  to   space 21824K,   0% used [0x00000000e5560000, 0x00000000e5560000, 0x00000000e6ab0000)
 concurrent mark-sweep generation total 393216K, used 0K [0x00000000e8000000, 0x0000000100000000, 0x0000000100000000)
 Metaspace       used 20507K, capacity 20854K, committed 20992K, reserved 1067008K
  class space    used 2369K, capacity 2486K, committed 2560K, reserved 1048576K
2017-01-25T22:53:19.755+0100: 2,341: [GC (Allocation Failure) 2017-01-25T22:53:19.755+0100: 2,341: [ParNew
Desired survivor size 20112992 bytes, new threshold 8 (max 8)
- age   1:    3779336 bytes,    3779336 total
- age   2:    6619752 bytes,   10399088 total
: 100106K->15909K(109248K), 0,0101608 secs] 100106K->15909K(502464K), 0,0102290 secs] [Times: user=0,02 sys=0,01, real=0,01 secs] 
Heap after GC invocations=2 (full 0):
 par new generation   total 109248K, used 15909K [0x00000000e0000000, 0x00000000e8000000, 0x00000000e8000000)
  eden space 87424K,   0% used [0x00000000e0000000, 0x00000000e0000000, 0x00000000e5560000)
  from space 21824K,  72% used [0x00000000e5560000, 0x00000000e64e9500, 0x00000000e6ab0000)
  to   space 21824K,   0% used [0x00000000e6ab0000, 0x00000000e6ab0000, 0x00000000e8000000)
 concurrent mark-sweep generation total 393216K, used 0K [0x00000000e8000000, 0x0000000100000000, 0x0000000100000000)
 Metaspace       used 20507K, capacity 20854K, committed 20992K, reserved 1067008K
  class space    used 2369K, capacity 2486K, committed 2560K, reserved 1048576K
}
2017-01-25T22:53:19.765+0100: 2,351: Total time for which application threads were stopped: 0,0104616 seconds, Stopping threads took: 0,0000661 seconds
2017-01-25T22:53:19.804+0100: 2,390: Total time for which application threads were stopped: 0,0006225 seconds, Stopping threads took: 0,0005265 seconds
2017-01-25T22:53:19.852+0100: 2,439: Total time for which application threads were stopped: 0,0001012 seconds, Stopping threads took: 0,0000220 seconds
2017-01-25T22:53:19.895+0100: 2,482: Total time for which application threads were stopped: 0,0001566 seconds, Stopping threads took: 0,0000645 seconds
{Heap before GC invocations=2 (full 0):
 par new generation   total 109248K, used 103333K [0x00000000e0000000, 0x00000000e8000000, 0x00000000e8000000)
  eden space 87424K, 100% used [0x00000000e0000000, 0x00000000e5560000, 0x00000000e5560000)
  from space 21824K,  72% used [0x00000000e5560000, 0x00000000e64e9500, 0x00000000e6ab0000)
  to   space 21824K,   0% used [0x00000000e6ab0000, 0x00000000e6ab0000, 0x00000000e8000000)
 concurrent mark-sweep generation total 393216K, used 0K [0x00000000e8000000, 0x0000000100000000, 0x0000000100000000)
 Metaspace       used 21807K, capacity 22156K, committed 22216K, reserved 1069056K
  class space    used 2526K, capacity 2682K, committed 2684K, reserved 1048576K
2017-01-25T22:53:19.942+0100: 2,528: [GC (Allocation Failure) 2017-01-25T22:53:19.942+0100: 2,528: [ParNew
Desired survivor size 20112992 bytes, new threshold 8 (max 8)
- age   1:    1405192 bytes,    1405192 total
- age   2:    1617840 bytes,    3023032 total
- age   3:    6598008 bytes,    9621040 total
: 103333K->11318K(109248K), 0,0105603 secs] 103333K->11318K(502464K), 0,0106362 secs] [Times: user=0,02 sys=0,00, real=0,01 secs] 
Heap after GC invocations=3 (full 0):
 par new generation   total 109248K, used 11318K [0x00000000e0000000, 0x00000000e8000000, 0x00000000e8000000)
  eden space 87424K,   0% used [0x00000000e0000000, 0x00000000e0000000, 0x00000000e5560000)
  from space 21824K,  51% used [0x00000000e6ab0000, 0x00000000e75bdab0, 0x00000000e8000000)
  to   space 21824K,   0% used [0x00000000e5560000, 0x00000000e5560000, 0x00000000e6ab0000)
 concurrent mark-sweep generation total 393216K, used 0K [0x00000000e8000000, 0x0000000100000000, 0x0000000100000000)
 Metaspace       used 21807K, capacity 22156K, committed 22216K, reserved 1069056K
  class space    used 2526K, capacity 2682K, committed 2684K, reserved 1048576K
}
2017-01-25T22:53:19.953+0100: 2,539: Total time for which application threads were stopped: 0,0108646 seconds, Stopping threads took: 0,0000787 seconds
2017-01-25T22:53:19.953+0100: 2,539: [GC (CMS Initial Mark) [1 CMS-initial-mark: 0K(393216K)] 11350K(502464K), 0,0028021 secs] [Times: user=0,01 sys=0,00, real=0,00 secs] 
2017-01-25T22:53:19.956+0100: 2,542: Total time for which application threads were stopped: 0,0029298 seconds, Stopping threads took: 0,0000434 seconds
2017-01-25T22:53:19.956+0100: 2,542: [CMS-concurrent-mark-start]
2017-01-25T22:53:19.956+0100: 2,542: [CMS-concurrent-mark: 0,000/0,000 secs] [Times: user=0,00 sys=0,00, real=0,00 secs] 
2017-01-25T22:53:19.956+0100: 2,542: [CMS-concurrent-preclean-start]
2017-01-25T22:53:19.957+0100: 2,543: [CMS-concurrent-preclean: 0,001/0,001 secs] [Times: user=0,00 sys=0,00, real=0,00 secs] 
2017-01-25T22:53:19.957+0100: 2,543: [GC (CMS Final Remark) [YG occupancy: 13125 K (109248 K)]{Heap before GC invocations=3 (full 1):
 par new generation   total 109248K, used 13125K [0x00000000e0000000, 0x00000000e8000000, 0x00000000e8000000)
  eden space 87424K,   2% used [0x00000000e0000000, 0x00000000e01c3cd0, 0x00000000e5560000)
  from space 21824K,  51% used [0x00000000e6ab0000, 0x00000000e75bdab0, 0x00000000e8000000)
  to   space 21824K,   0% used [0x00000000e5560000, 0x00000000e5560000, 0x00000000e6ab0000)
 concurrent mark-sweep generation total 393216K, used 0K [0x00000000e8000000, 0x0000000100000000, 0x0000000100000000)
 Metaspace       used 21811K, capacity 22162K, committed 22216K, reserved 1069056K
  class space    used 2527K, capacity 2683K, committed 2684K, reserved 1048576K
2017-01-25T22:53:19.957+0100: 2,543: [GC (CMS Final Remark) 2017-01-25T22:53:19.957+0100: 2,543: [ParNew
Desired survivor size 20112992 bytes, new threshold 8 (max 8)
- age   1:     153096 bytes,     153096 total
- age   2:    1193824 bytes,    1346920 total
- age   3:    1617736 bytes,    2964656 total
- age   4:    6598104 bytes,    9562760 total
: 13125K->16357K(109248K), 0,0083068 secs] 13125K->16357K(502464K), 0,0083457 secs] [Times: user=0,03 sys=0,00, real=0,01 secs] 
Heap after GC invocations=4 (full 1):
 par new generation   total 109248K, used 16357K [0x00000000e0000000, 0x00000000e8000000, 0x00000000e8000000)
  eden space 87424K,   0% used [0x00000000e0000000, 0x00000000e0000000, 0x00000000e5560000)
  from space 21824K,  74% used [0x00000000e5560000, 0x00000000e6559480, 0x00000000e6ab0000)
  to   space 21824K,   0% used [0x00000000e6ab0000, 0x00000000e6ab0000, 0x00000000e8000000)
 concurrent mark-sweep generation total 393216K, used 0K [0x00000000e8000000, 0x0000000100000000, 0x0000000100000000)
 Metaspace       used 21811K, capacity 22162K, committed 22216K, reserved 1069056K
  class space    used 2527K, capacity 2683K, committed 2684K, reserved 1048576K
}
2017-01-25T22:53:19.965+0100: 2,551: [Rescan (parallel) , 0,0032714 secs]2017-01-25T22:53:19.969+0100: 2,555: [weak refs processing, 0,0004597 secs]2017-01-25T22:53:19.969+0100: 2,555: [class unloading, 0,0027802 secs]2017-01-25T22:53:19.972+0100: 2,558: [scrub symbol table, 0,0033812 secs]2017-01-25T22:53:19.975+0100: 2,561: [scrub string table, 0,0004247 secs][1 CMS-remark: 0K(393216K)] 16357K(502464K), 0,0193259 secs] [Times: user=0,05 sys=0,00, real=0,02 secs] 
2017-01-25T22:53:19.976+0100: 2,562: Total time for which application threads were stopped: 0,0194265 seconds, Stopping threads took: 0,0000200 seconds
2017-01-25T22:53:19.976+0100: 2,562: [CMS-concurrent-sweep-start]
2017-01-25T22:53:19.976+0100: 2,562: [CMS-concurrent-sweep: 0,000/0,000 secs] [Times: user=0,00 sys=0,00, real=0,00 secs] 
2017-01-25T22:53:19.976+0100: 2,562: [CMS-concurrent-reset-start]
2017-01-25T22:53:19.978+0100: 2,565: [CMS-concurrent-reset: 0,002/0,002 secs] [Times: user=0,00 sys=0,01, real=0,01 secs] 
2017-01-25T22:53:20.078+0100: 2,664: Total time for which application threads were stopped: 0,0004418 seconds, Stopping threads took: 0,0000547 seconds
{Heap before GC invocations=4 (full 1):
 par new generation   total 109248K, used 103781K [0x00000000e0000000, 0x00000000e8000000, 0x00000000e8000000)
  eden space 87424K, 100% used [0x00000000e0000000, 0x00000000e5560000, 0x00000000e5560000)
  from space 21824K,  74% used [0x00000000e5560000, 0x00000000e6559480, 0x00000000e6ab0000)
  to   space 21824K,   0% used [0x00000000e6ab0000, 0x00000000e6ab0000, 0x00000000e8000000)
 concurrent mark-sweep generation total 393216K, used 0K [0x00000000e8000000, 0x0000000100000000, 0x0000000100000000)
 Metaspace       used 22181K, capacity 22526K, committed 22856K, reserved 1069056K
  class space    used 2579K, capacity 2717K, committed 2812K, reserved 1048576K
2017-01-25T22:53:20.080+0100: 2,666: [GC (Allocation Failure) 2017-01-25T22:53:20.080+0100: 2,666: [ParNew
Desired survivor size 20112992 bytes, new threshold 8 (max 8)
- age   1:     453624 bytes,     453624 total
- age   2:       1424 bytes,     455048 total
- age   3:     394272 bytes,     849320 total
- age   4:    1228496 bytes,    2077816 total
- age   5:    6600168 bytes,    8677984 total
: 103781K->10948K(109248K), 0,0141018 secs] 103781K->10948K(502464K), 0,0141742 secs] [Times: user=0,05 sys=0,00, real=0,01 secs] 
Heap after GC invocations=5 (full 1):
 par new generation   total 109248K, used 10948K [0x00000000e0000000, 0x00000000e8000000, 0x00000000e8000000)
  eden space 87424K,   0% used [0x00000000e0000000, 0x00000000e0000000, 0x00000000e5560000)
  from space 21824K,  50% used [0x00000000e6ab0000, 0x00000000e7561080, 0x00000000e8000000)
  to   space 21824K,   0% used [0x00000000e5560000, 0x00000000e5560000, 0x00000000e6ab0000)
 concurrent mark-sweep generation total 393216K, used 0K [0x00000000e8000000, 0x0000000100000000, 0x0000000100000000)
 Metaspace       used 22181K, capacity 22526K, committed 22856K, reserved 1069056K
  class space    used 2579K, capacity 2717K, committed 2812K, reserved 1048576K
}
2017-01-25T22:53:20.094+0100: 2,680: Total time for which application threads were stopped: 0,0143732 seconds, Stopping threads took: 0,0000486 seconds
2017-01-25T22:53:20.299+0100: 2,885: Total time for which application threads were stopped: 0,0004921 seconds, Stopping threads took: 0,0000298 seconds
{Heap before GC invocations=5 (full 1):
 par new generation   total 109248K, used 98372K [0x00000000e0000000, 0x00000000e8000000, 0x00000000e8000000)
  eden space 87424K, 100% used [0x00000000e0000000, 0x00000000e5560000, 0x00000000e5560000)
  from space 21824K,  50% used [0x00000000e6ab0000, 0x00000000e7561080, 0x00000000e8000000)
  to   space 21824K,   0% used [0x00000000e5560000, 0x00000000e5560000, 0x00000000e6ab0000)
 concurrent mark-sweep generation total 393216K, used 0K [0x00000000e8000000, 0x0000000100000000, 0x0000000100000000)
 Metaspace       used 25884K, capacity 26304K, committed 26492K, reserved 1073152K
  class space    used 3031K, capacity 3188K, committed 3196K, reserved 1048576K
2017-01-25T22:53:20.518+0100: 3,104: [GC (Allocation Failure) 2017-01-25T22:53:20.518+0100: 3,104: [ParNew
Desired survivor size 20112992 bytes, new threshold 8 (max 8)
- age   1:    4884832 bytes,    4884832 total
- age   2:     168440 bytes,    5053272 total
- age   3:       1424 bytes,    5054696 total
- age   4:     380600 bytes,    5435296 total
- age   5:     668592 bytes,    6103888 total
- age   6:    6591880 bytes,   12695768 total
: 98372K->13883K(109248K), 0,0106865 secs] 98372K->13883K(502464K), 0,0107595 secs] [Times: user=0,04 sys=0,00, real=0,02 secs] 
Heap after GC invocations=6 (full 1):
 par new generation   total 109248K, used 13883K [0x00000000e0000000, 0x00000000e8000000, 0x00000000e8000000)
  eden space 87424K,   0% used [0x00000000e0000000, 0x00000000e0000000, 0x00000000e5560000)
  from space 21824K,  63% used [0x00000000e5560000, 0x00000000e62eee60, 0x00000000e6ab0000)
  to   space 21824K,   0% used [0x00000000e6ab0000, 0x00000000e6ab0000, 0x00000000e8000000)
 concurrent mark-sweep generation total 393216K, used 0K [0x00000000e8000000, 0x0000000100000000, 0x0000000100000000)
 Metaspace       used 25884K, capacity 26304K, committed 26492K, reserved 1073152K
  class space    used 3031K, capacity 3188K, committed 3196K, reserved 1048576K
}
2017-01-25T22:53:20.529+0100: 3,115: Total time for which application threads were stopped: 0,0110363 seconds, Stopping threads took: 0,0001124 seconds
2017-01-25T22:53:20.686+0100: 3,273: Total time for which application threads were stopped: 0,0004663 seconds, Stopping threads took: 0,0000409 seconds
2017-01-25T22:53:20.698+0100: 3,284: Total time for which application threads were stopped: 0,0003125 seconds, Stopping threads took: 0,0000135 seconds
2017-01-25T22:53:21.464+0100: 4,051: Total time for which application threads were stopped: 0,0004797 seconds, Stopping threads took: 0,0000222 seconds
2017-01-25T22:53:49.467+0100: 32,053: Total time for which application threads were stopped: 0,0000601 seconds, Stopping threads took: 0,0000167 seconds
2017-01-25T22:55:49.479+0100: 152,066: Total time for which application threads were stopped: 0,0000953 seconds, Stopping threads took: 0,0000400 seconds
2017-01-25T22:55:54.480+0100: 157,066: Total time for which application threads were stopped: 0,0000744 seconds, Stopping threads took: 0,0000300 seconds
2017-01-25T23:16:53.626+0100: 1416,213: Total time for which application threads were stopped: 0,0000789 seconds, Stopping threads took: 0,0000291 seconds
2017-01-25T23:21:19.650+0100: 1682,236: Total time for which application threads were stopped: 0,0000722 seconds, Stopping threads took: 0,0000272 seconds
2017-01-25T23:31:54.712+0100: 2317,298: Total time for which application threads were stopped: 0,0000743 seconds, Stopping threads took: 0,0000290 seconds
2017-01-25T23:31:58.713+0100: 2321,299: Total time for which application threads were stopped: 0,0003566 seconds, Stopping threads took: 0,0001223 seconds
2017-01-25T23:46:34.795+0100: 3197,381: Total time for which application threads were stopped: 0,0000837 seconds, Stopping threads took: 0,0000342 seconds
2017-01-25T23:57:28.852+0100: 3851,438: Total time for which application threads were stopped: 0,0000779 seconds, Stopping threads took: 0,0000323 seconds
2017-01-25T23:57:33.853+0100: 3856,439: Total time for which application threads were stopped: 0,0000598 seconds, Stopping threads took: 0,0000147 seconds
2017-01-26T00:00:18.869+0100: 4021,455: Total time for which application threads were stopped: 0,0000879 seconds, Stopping threads took: 0,0000370 seconds
2017-01-26T00:12:48.960+0100: 4771,546: Total time for which application threads were stopped: 0,0001097 seconds, Stopping threads took: 0,0000426 seconds
2017-01-26T00:25:20.031+0100: 5522,617: Total time for which application threads were stopped: 0,0000847 seconds, Stopping threads took: 0,0000331 seconds
2017-01-26T00:25:25.032+0100: 5527,618: Total time for which application threads were stopped: 0,0001671 seconds, Stopping threads took: 0,0000960 seconds
2017-01-26T00:38:15.114+0100: 6297,700: Total time for which application threads were stopped: 0,0000894 seconds, Stopping threads took: 0,0000344 seconds
2017-01-26T00:53:49.223+0100: 7231,810: Total time for which application threads were stopped: 0,0001241 seconds, Stopping threads took: 0,0000480 seconds
2017-01-26T00:55:49.239+0100: 7351,826: Total time for which application threads were stopped: 0,0001220 seconds, Stopping threads took: 0,0000454 seconds
2017-01-26T00:57:19.251+0100: 7441,837: Total time for which application threads were stopped: 0,0000886 seconds, Stopping threads took: 0,0000312 seconds
2017-01-26T00:58:19.258+0100: 7501,845: Total time for which application threads were stopped: 0,0000956 seconds, Stopping threads took: 0,0000285 seconds
2017-01-26T01:01:19.282+0100: 7681,868: Total time for which application threads were stopped: 0,0000835 seconds, Stopping threads took: 0,0000330 seconds
2017-01-26T01:02:10.292+0100: 7732,878: Total time for which application threads were stopped: 0,0017680 seconds, Stopping threads took: 0,0000159 seconds
Heap
 par new generation   total 109248K, used 77401K [0x00000000e0000000, 0x00000000e8000000, 0x00000000e8000000)
  eden space 87424K,  72% used [0x00000000e0000000, 0x00000000e3e077f8, 0x00000000e5560000)
  from space 21824K,  63% used [0x00000000e5560000, 0x00000000e62eee60, 0x00000000e6ab0000)
  to   space 21824K,   0% used [0x00000000e6ab0000, 0x00000000e6ab0000, 0x00000000e8000000)
 concurrent mark-sweep generation total 393216K, used 0K [0x00000000e8000000, 0x0000000100000000, 0x0000000100000000)
 Metaspace       used 28838K, capacity 29270K, committed 29692K, reserved 1075200K
  class space    used 3340K, capacity 3489K, committed 3580K, reserved 1048576K
