OpenJDK 64-Bit Server VM (25.111-b14) for linux-amd64 JRE (1.8.0_111-8u111-b14-2ubuntu0.16.04.2-b14), built on Oct 27 2016 18:10:19 by "buildd" with gcc 5.4.0 20160609
Memory: 4k page, physical 7867848k(7484840k free), swap 8076284k(8076284k free)
CommandLine flags: -XX:CMSInitiatingOccupancyFraction=50 -XX:CMSMaxAbortablePrecleanTime=6000 -XX:+CMSParallelRemarkEnabled -XX:+CMSScavengeBeforeRemark -XX:ConcGCThreads=4 -XX:InitialHeapSize=536870912 -XX:MaxHeapSize=536870912 -XX:MaxTenuringThreshold=8 -XX:NewRatio=3 -XX:OldPLABSize=16 -XX:OnOutOfMemoryError=/opt/solr/bin/oom_solr.sh 8983 /var/solr/logs -XX:ParallelGCThreads=4 -XX:+ParallelRefProcEnabled -XX:PretenureSizeThreshold=67108864 -XX:+PrintGC -XX:+PrintGCApplicationStoppedTime -XX:+PrintGCDateStamps -XX:+PrintGCDetails -XX:+PrintGCTimeStamps -XX:+PrintHeapAtGC -XX:+PrintTenuringDistribution -XX:SurvivorRatio=4 -XX:TargetSurvivorRatio=90 -XX:ThreadStackSize=256 -XX:+UseCMSInitiatingOccupancyOnly -XX:+UseCompressedClassPointers -XX:+UseCompressedOops -XX:+UseConcMarkSweepGC -XX:+UseParNewGC 
2016-11-20T16:18:11.593+0100: 0,119: Total time for which application threads were stopped: 0,0000638 seconds, Stopping threads took: 0,0000109 seconds
2016-11-20T16:18:11.657+0100: 0,183: Total time for which application threads were stopped: 0,0000961 seconds, Stopping threads took: 0,0000163 seconds
2016-11-20T16:18:11.667+0100: 0,193: Total time for which application threads were stopped: 0,0000773 seconds, Stopping threads took: 0,0000153 seconds
2016-11-20T16:18:11.797+0100: 0,323: Total time for which application threads were stopped: 0,0001897 seconds, Stopping threads took: 0,0000797 seconds
2016-11-20T16:18:11.999+0100: 0,525: Total time for which application threads were stopped: 0,0002520 seconds, Stopping threads took: 0,0000993 seconds
2016-11-20T16:18:12.067+0100: 0,593: Total time for which application threads were stopped: 0,0001334 seconds, Stopping threads took: 0,0000202 seconds
2016-11-20T16:18:12.081+0100: 0,607: Total time for which application threads were stopped: 0,0001818 seconds, Stopping threads took: 0,0000310 seconds
2016-11-20T16:18:12.279+0100: 0,805: Total time for which application threads were stopped: 0,0001823 seconds, Stopping threads took: 0,0000191 seconds
2016-11-20T16:18:12.483+0100: 1,009: Total time for which application threads were stopped: 0,0002378 seconds, Stopping threads took: 0,0000124 seconds
2016-11-20T16:18:12.506+0100: 1,032: Total time for which application threads were stopped: 0,0002197 seconds, Stopping threads took: 0,0000308 seconds
2016-11-20T16:18:12.507+0100: 1,033: Total time for which application threads were stopped: 0,0001934 seconds, Stopping threads took: 0,0000255 seconds
2016-11-20T16:18:12.524+0100: 1,050: Total time for which application threads were stopped: 0,0001840 seconds, Stopping threads took: 0,0000193 seconds
2016-11-20T16:18:12.603+0100: 1,129: Total time for which application threads were stopped: 0,0002293 seconds, Stopping threads took: 0,0000202 seconds
2016-11-20T16:18:12.942+0100: 1,468: Total time for which application threads were stopped: 0,0002636 seconds, Stopping threads took: 0,0000465 seconds
{Heap before GC invocations=0 (full 0):
 par new generation   total 109248K, used 87424K [0x00000000e0000000, 0x00000000e8000000, 0x00000000e8000000)
  eden space 87424K, 100% used [0x00000000e0000000, 0x00000000e5560000, 0x00000000e5560000)
  from space 21824K,   0% used [0x00000000e5560000, 0x00000000e5560000, 0x00000000e6ab0000)
  to   space 21824K,   0% used [0x00000000e6ab0000, 0x00000000e6ab0000, 0x00000000e8000000)
 concurrent mark-sweep generation total 393216K, used 0K [0x00000000e8000000, 0x0000000100000000, 0x0000000100000000)
 Metaspace       used 17783K, capacity 18078K, committed 18304K, reserved 1064960K
  class space    used 2029K, capacity 2130K, committed 2176K, reserved 1048576K
2016-11-20T16:18:13.128+0100: 1,654: [GC (Allocation Failure) 2016-11-20T16:18:13.128+0100: 1,654: [ParNew
Desired survivor size 20112992 bytes, new threshold 8 (max 8)
- age   1:   11663936 bytes,   11663936 total
: 87424K->11498K(109248K), 0,0392915 secs] 87424K->11498K(502464K), 0,0393952 secs] [Times: user=0,06 sys=0,01, real=0,04 secs] 
Heap after GC invocations=1 (full 0):
 par new generation   total 109248K, used 11498K [0x00000000e0000000, 0x00000000e8000000, 0x00000000e8000000)
  eden space 87424K,   0% used [0x00000000e0000000, 0x00000000e0000000, 0x00000000e5560000)
  from space 21824K,  52% used [0x00000000e6ab0000, 0x00000000e75eaa88, 0x00000000e8000000)
  to   space 21824K,   0% used [0x00000000e5560000, 0x00000000e5560000, 0x00000000e6ab0000)
 concurrent mark-sweep generation total 393216K, used 0K [0x00000000e8000000, 0x0000000100000000, 0x0000000100000000)
 Metaspace       used 17783K, capacity 18078K, committed 18304K, reserved 1064960K
  class space    used 2029K, capacity 2130K, committed 2176K, reserved 1048576K
}
2016-11-20T16:18:13.167+0100: 1,693: Total time for which application threads were stopped: 0,0396072 seconds, Stopping threads took: 0,0000192 seconds
2016-11-20T16:18:13.474+0100: 2,000: Total time for which application threads were stopped: 0,0011296 seconds, Stopping threads took: 0,0000596 seconds
2016-11-20T16:18:13.515+0100: 2,041: Total time for which application threads were stopped: 0,0011694 seconds, Stopping threads took: 0,0000333 seconds
2016-11-20T16:18:13.555+0100: 2,081: Total time for which application threads were stopped: 0,0002619 seconds, Stopping threads took: 0,0000200 seconds
{Heap before GC invocations=1 (full 0):
 par new generation   total 109248K, used 98922K [0x00000000e0000000, 0x00000000e8000000, 0x00000000e8000000)
  eden space 87424K, 100% used [0x00000000e0000000, 0x00000000e5560000, 0x00000000e5560000)
  from space 21824K,  52% used [0x00000000e6ab0000, 0x00000000e75eaa88, 0x00000000e8000000)
  to   space 21824K,   0% used [0x00000000e5560000, 0x00000000e5560000, 0x00000000e6ab0000)
 concurrent mark-sweep generation total 393216K, used 0K [0x00000000e8000000, 0x0000000100000000, 0x0000000100000000)
 Metaspace       used 20674K, capacity 21010K, committed 21248K, reserved 1069056K
  class space    used 2402K, capacity 2516K, committed 2560K, reserved 1048576K
2016-11-20T16:18:13.802+0100: 2,328: [GC (Allocation Failure) 2016-11-20T16:18:13.802+0100: 2,328: [ParNew
Desired survivor size 20112992 bytes, new threshold 8 (max 8)
- age   1:    4000744 bytes,    4000744 total
- age   2:    5954840 bytes,    9955584 total
: 98922K->14502K(109248K), 0,0178552 secs] 98922K->14502K(502464K), 0,0180029 secs] [Times: user=0,05 sys=0,02, real=0,02 secs] 
Heap after GC invocations=2 (full 0):
 par new generation   total 109248K, used 14502K [0x00000000e0000000, 0x00000000e8000000, 0x00000000e8000000)
  eden space 87424K,   0% used [0x00000000e0000000, 0x00000000e0000000, 0x00000000e5560000)
  from space 21824K,  66% used [0x00000000e5560000, 0x00000000e6389b40, 0x00000000e6ab0000)
  to   space 21824K,   0% used [0x00000000e6ab0000, 0x00000000e6ab0000, 0x00000000e8000000)
 concurrent mark-sweep generation total 393216K, used 0K [0x00000000e8000000, 0x0000000100000000, 0x0000000100000000)
 Metaspace       used 20674K, capacity 21010K, committed 21248K, reserved 1069056K
  class space    used 2402K, capacity 2516K, committed 2560K, reserved 1048576K
}
2016-11-20T16:18:13.820+0100: 2,346: Total time for which application threads were stopped: 0,0183397 seconds, Stopping threads took: 0,0000832 seconds
2016-11-20T16:18:13.928+0100: 2,454: Total time for which application threads were stopped: 0,0000778 seconds, Stopping threads took: 0,0000153 seconds
2016-11-20T16:18:13.975+0100: 2,501: Total time for which application threads were stopped: 0,0002694 seconds, Stopping threads took: 0,0000160 seconds
2016-11-20T16:18:13.981+0100: 2,506: Total time for which application threads were stopped: 0,0001021 seconds, Stopping threads took: 0,0000250 seconds
2016-11-20T16:18:14.008+0100: 2,534: Total time for which application threads were stopped: 0,0000734 seconds, Stopping threads took: 0,0000127 seconds
2016-11-20T16:18:14.111+0100: 2,636: Total time for which application threads were stopped: 0,0002135 seconds, Stopping threads took: 0,0000298 seconds
2016-11-20T16:18:14.141+0100: 2,667: Total time for which application threads were stopped: 0,0000852 seconds, Stopping threads took: 0,0000216 seconds
2016-11-20T16:18:14.148+0100: 2,674: Total time for which application threads were stopped: 0,0003666 seconds, Stopping threads took: 0,0000238 seconds
2016-11-20T16:18:14.163+0100: 2,689: Total time for which application threads were stopped: 0,0003355 seconds, Stopping threads took: 0,0000435 seconds
2016-11-20T16:18:14.171+0100: 2,697: Total time for which application threads were stopped: 0,0001118 seconds, Stopping threads took: 0,0000342 seconds
2016-11-20T16:18:14.204+0100: 2,730: Total time for which application threads were stopped: 0,0000834 seconds, Stopping threads took: 0,0000309 seconds
2016-11-20T16:18:14.215+0100: 2,741: Total time for which application threads were stopped: 0,0000752 seconds, Stopping threads took: 0,0000180 seconds
2016-11-20T16:18:14.239+0100: 2,765: Total time for which application threads were stopped: 0,0000834 seconds, Stopping threads took: 0,0000209 seconds
2016-11-20T16:18:14.265+0100: 2,791: Total time for which application threads were stopped: 0,0000722 seconds, Stopping threads took: 0,0000135 seconds
2016-11-20T16:18:14.294+0100: 2,820: Total time for which application threads were stopped: 0,0001247 seconds, Stopping threads took: 0,0000283 seconds
2016-11-20T16:18:14.352+0100: 2,878: Total time for which application threads were stopped: 0,0001663 seconds, Stopping threads took: 0,0000840 seconds
{Heap before GC invocations=2 (full 0):
 par new generation   total 109248K, used 101926K [0x00000000e0000000, 0x00000000e8000000, 0x00000000e8000000)
  eden space 87424K, 100% used [0x00000000e0000000, 0x00000000e5560000, 0x00000000e5560000)
  from space 21824K,  66% used [0x00000000e5560000, 0x00000000e6389b40, 0x00000000e6ab0000)
  to   space 21824K,   0% used [0x00000000e6ab0000, 0x00000000e6ab0000, 0x00000000e8000000)
 concurrent mark-sweep generation total 393216K, used 0K [0x00000000e8000000, 0x0000000100000000, 0x0000000100000000)
 Metaspace       used 24576K, capacity 24968K, committed 25204K, reserved 1071104K
  class space    used 2877K, capacity 3025K, committed 3092K, reserved 1048576K
2016-11-20T16:18:14.373+0100: 2,899: [GC (Allocation Failure) 2016-11-20T16:18:14.373+0100: 2,899: [ParNew
Desired survivor size 20112992 bytes, new threshold 8 (max 8)
- age   1:    4624896 bytes,    4624896 total
- age   2:     675616 bytes,    5300512 total
- age   3:    5946032 bytes,   11246544 total
: 101926K->13646K(109248K), 0,0178340 secs] 101926K->13646K(502464K), 0,0179135 secs] [Times: user=0,06 sys=0,00, real=0,02 secs] 
Heap after GC invocations=3 (full 0):
 par new generation   total 109248K, used 13646K [0x00000000e0000000, 0x00000000e8000000, 0x00000000e8000000)
  eden space 87424K,   0% used [0x00000000e0000000, 0x00000000e0000000, 0x00000000e5560000)
  from space 21824K,  62% used [0x00000000e6ab0000, 0x00000000e7803860, 0x00000000e8000000)
  to   space 21824K,   0% used [0x00000000e5560000, 0x00000000e5560000, 0x00000000e6ab0000)
 concurrent mark-sweep generation total 393216K, used 0K [0x00000000e8000000, 0x0000000100000000, 0x0000000100000000)
 Metaspace       used 24576K, capacity 24968K, committed 25204K, reserved 1071104K
  class space    used 2877K, capacity 3025K, committed 3092K, reserved 1048576K
}
2016-11-20T16:18:14.391+0100: 2,917: Total time for which application threads were stopped: 0,0181511 seconds, Stopping threads took: 0,0000903 seconds
2016-11-20T16:18:14.393+0100: 2,919: [GC (CMS Initial Mark) [1 CMS-initial-mark: 0K(393216K)] 15455K(502464K), 0,0028430 secs] [Times: user=0,01 sys=0,00, real=0,00 secs] 
2016-11-20T16:18:14.396+0100: 2,922: Total time for which application threads were stopped: 0,0032637 seconds, Stopping threads took: 0,0003464 seconds
2016-11-20T16:18:14.396+0100: 2,922: [CMS-concurrent-mark-start]
2016-11-20T16:18:14.396+0100: 2,922: [CMS-concurrent-mark: 0,000/0,000 secs] [Times: user=0,01 sys=0,00, real=0,00 secs] 
2016-11-20T16:18:14.396+0100: 2,922: [CMS-concurrent-preclean-start]
2016-11-20T16:18:14.397+0100: 2,923: [CMS-concurrent-preclean: 0,001/0,001 secs] [Times: user=0,00 sys=0,00, real=0,00 secs] 
2016-11-20T16:18:14.397+0100: 2,923: [GC (CMS Final Remark) [YG occupancy: 15455 K (109248 K)]{Heap before GC invocations=3 (full 1):
 par new generation   total 109248K, used 15455K [0x00000000e0000000, 0x00000000e8000000, 0x00000000e8000000)
  eden space 87424K,   2% used [0x00000000e0000000, 0x00000000e01c4580, 0x00000000e5560000)
  from space 21824K,  62% used [0x00000000e6ab0000, 0x00000000e7803860, 0x00000000e8000000)
  to   space 21824K,   0% used [0x00000000e5560000, 0x00000000e5560000, 0x00000000e6ab0000)
 concurrent mark-sweep generation total 393216K, used 0K [0x00000000e8000000, 0x0000000100000000, 0x0000000100000000)
 Metaspace       used 24594K, capacity 24968K, committed 25204K, reserved 1071104K
  class space    used 2878K, capacity 3025K, committed 3092K, reserved 1048576K
2016-11-20T16:18:14.397+0100: 2,923: [GC (CMS Final Remark) 2016-11-20T16:18:14.397+0100: 2,923: [ParNew
Desired survivor size 20112992 bytes, new threshold 8 (max 8)
- age   1:      73208 bytes,      73208 total
- age   2:    1237856 bytes,    1311064 total
- age   3:     665872 bytes,    1976936 total
- age   4:    5947280 bytes,    7924216 total
: 15455K->12002K(109248K), 0,0080078 secs] 15455K->12002K(502464K), 0,0080490 secs] [Times: user=0,02 sys=0,00, real=0,01 secs] 
Heap after GC invocations=4 (full 1):
 par new generation   total 109248K, used 12002K [0x00000000e0000000, 0x00000000e8000000, 0x00000000e8000000)
  eden space 87424K,   0% used [0x00000000e0000000, 0x00000000e0000000, 0x00000000e5560000)
  from space 21824K,  54% used [0x00000000e5560000, 0x00000000e6118938, 0x00000000e6ab0000)
  to   space 21824K,   0% used [0x00000000e6ab0000, 0x00000000e6ab0000, 0x00000000e8000000)
 concurrent mark-sweep generation total 393216K, used 0K [0x00000000e8000000, 0x0000000100000000, 0x0000000100000000)
 Metaspace       used 24594K, capacity 24968K, committed 25204K, reserved 1071104K
  class space    used 2878K, capacity 3025K, committed 3092K, reserved 1048576K
}
2016-11-20T16:18:14.405+0100: 2,931: [Rescan (parallel) , 0,0034156 secs]2016-11-20T16:18:14.409+0100: 2,935: [weak refs processing, 0,0005664 secs]2016-11-20T16:18:14.409+0100: 2,935: [class unloading, 0,0031329 secs]2016-11-20T16:18:14.413+0100: 2,938: [scrub symbol table, 0,0032008 secs]2016-11-20T16:18:14.416+0100: 2,942: [scrub string table, 0,0003757 secs][1 CMS-remark: 0K(393216K)] 12002K(502464K), 0,0194205 secs] [Times: user=0,04 sys=0,00, real=0,02 secs] 
2016-11-20T16:18:14.417+0100: 2,943: Total time for which application threads were stopped: 0,0197272 seconds, Stopping threads took: 0,0002260 seconds
2016-11-20T16:18:14.417+0100: 2,943: [CMS-concurrent-sweep-start]
2016-11-20T16:18:14.417+0100: 2,943: [CMS-concurrent-sweep: 0,000/0,000 secs] [Times: user=0,00 sys=0,00, real=0,00 secs] 
2016-11-20T16:18:14.417+0100: 2,943: [CMS-concurrent-reset-start]
2016-11-20T16:18:14.419+0100: 2,945: [CMS-concurrent-reset: 0,002/0,002 secs] [Times: user=0,01 sys=0,00, real=0,01 secs] 
