OpenJDK 64-Bit Server VM (25.111-b14) for linux-amd64 JRE (1.8.0_111-8u111-b14-2ubuntu0.16.04.2-b14), built on Oct 27 2016 18:10:19 by "buildd" with gcc 5.4.0 20160609
Memory: 4k page, physical 7867804k(7509860k free), swap 8076284k(8076284k free)
CommandLine flags: -XX:CMSInitiatingOccupancyFraction=50 -XX:CMSMaxAbortablePrecleanTime=6000 -XX:+CMSParallelRemarkEnabled -XX:+CMSScavengeBeforeRemark -XX:ConcGCThreads=4 -XX:InitialHeapSize=536870912 -XX:MaxHeapSize=536870912 -XX:MaxTenuringThreshold=8 -XX:NewRatio=3 -XX:OldPLABSize=16 -XX:OnOutOfMemoryError=/opt/solr/bin/oom_solr.sh 8983 /var/solr/logs -XX:ParallelGCThreads=4 -XX:+ParallelRefProcEnabled -XX:PretenureSizeThreshold=67108864 -XX:+PrintGC -XX:+PrintGCApplicationStoppedTime -XX:+PrintGCDateStamps -XX:+PrintGCDetails -XX:+PrintGCTimeStamps -XX:+PrintHeapAtGC -XX:+PrintTenuringDistribution -XX:SurvivorRatio=4 -XX:TargetSurvivorRatio=90 -XX:ThreadStackSize=256 -XX:+UseCMSInitiatingOccupancyOnly -XX:+UseCompressedClassPointers -XX:+UseCompressedOops -XX:+UseConcMarkSweepGC -XX:+UseParNewGC 
2016-12-25T11:21:10.769+0100: 0,142: Total time for which application threads were stopped: 0,0000714 seconds, Stopping threads took: 0,0000107 seconds
2016-12-25T11:21:10.860+0100: 0,233: Total time for which application threads were stopped: 0,0001425 seconds, Stopping threads took: 0,0000255 seconds
2016-12-25T11:21:10.878+0100: 0,251: Total time for which application threads were stopped: 0,0001127 seconds, Stopping threads took: 0,0000318 seconds
2016-12-25T11:21:11.066+0100: 0,439: Total time for which application threads were stopped: 0,0001494 seconds, Stopping threads took: 0,0000162 seconds
2016-12-25T11:21:11.508+0100: 0,881: Total time for which application threads were stopped: 0,0001728 seconds, Stopping threads took: 0,0000282 seconds
2016-12-25T11:21:11.618+0100: 0,991: Total time for which application threads were stopped: 0,0001770 seconds, Stopping threads took: 0,0000235 seconds
2016-12-25T11:21:11.639+0100: 1,012: Total time for which application threads were stopped: 0,0001993 seconds, Stopping threads took: 0,0000422 seconds
2016-12-25T11:21:11.860+0100: 1,234: Total time for which application threads were stopped: 0,0002017 seconds, Stopping threads took: 0,0000472 seconds
2016-12-25T11:21:12.029+0100: 1,402: Total time for which application threads were stopped: 0,0002116 seconds, Stopping threads took: 0,0000186 seconds
2016-12-25T11:21:12.045+0100: 1,418: Total time for which application threads were stopped: 0,0001804 seconds, Stopping threads took: 0,0000216 seconds
2016-12-25T11:21:12.046+0100: 1,419: Total time for which application threads were stopped: 0,0001409 seconds, Stopping threads took: 0,0000128 seconds
2016-12-25T11:21:12.057+0100: 1,431: Total time for which application threads were stopped: 0,0001688 seconds, Stopping threads took: 0,0000241 seconds
2016-12-25T11:21:12.124+0100: 1,497: Total time for which application threads were stopped: 0,0002414 seconds, Stopping threads took: 0,0000213 seconds
2016-12-25T11:21:12.269+0100: 1,642: Total time for which application threads were stopped: 0,0005527 seconds, Stopping threads took: 0,0003566 seconds
{Heap before GC invocations=0 (full 0):
 par new generation   total 109248K, used 87424K [0x00000000e0000000, 0x00000000e8000000, 0x00000000e8000000)
  eden space 87424K, 100% used [0x00000000e0000000, 0x00000000e5560000, 0x00000000e5560000)
  from space 21824K,   0% used [0x00000000e5560000, 0x00000000e5560000, 0x00000000e6ab0000)
  to   space 21824K,   0% used [0x00000000e6ab0000, 0x00000000e6ab0000, 0x00000000e8000000)
 concurrent mark-sweep generation total 393216K, used 0K [0x00000000e8000000, 0x0000000100000000, 0x0000000100000000)
 Metaspace       used 18367K, capacity 18686K, committed 18944K, reserved 1067008K
  class space    used 2090K, capacity 2226K, committed 2304K, reserved 1048576K
2016-12-25T11:21:12.396+0100: 1,770: [GC (Allocation Failure) 2016-12-25T11:21:12.396+0100: 1,770: [ParNew
Desired survivor size 20112992 bytes, new threshold 8 (max 8)
- age   1:   12573552 bytes,   12573552 total
: 87424K->12405K(109248K), 0,0150547 secs] 87424K->12405K(502464K), 0,0151494 secs] [Times: user=0,04 sys=0,02, real=0,01 secs] 
Heap after GC invocations=1 (full 0):
 par new generation   total 109248K, used 12405K [0x00000000e0000000, 0x00000000e8000000, 0x00000000e8000000)
  eden space 87424K,   0% used [0x00000000e0000000, 0x00000000e0000000, 0x00000000e5560000)
  from space 21824K,  56% used [0x00000000e6ab0000, 0x00000000e76cd428, 0x00000000e8000000)
  to   space 21824K,   0% used [0x00000000e5560000, 0x00000000e5560000, 0x00000000e6ab0000)
 concurrent mark-sweep generation total 393216K, used 0K [0x00000000e8000000, 0x0000000100000000, 0x0000000100000000)
 Metaspace       used 18367K, capacity 18686K, committed 18944K, reserved 1067008K
  class space    used 2090K, capacity 2226K, committed 2304K, reserved 1048576K
}
2016-12-25T11:21:12.412+0100: 1,785: Total time for which application threads were stopped: 0,0153508 seconds, Stopping threads took: 0,0000220 seconds
2016-12-25T11:21:12.679+0100: 2,052: Total time for which application threads were stopped: 0,0003041 seconds, Stopping threads took: 0,0000699 seconds
2016-12-25T11:21:12.723+0100: 2,096: Total time for which application threads were stopped: 0,0002897 seconds, Stopping threads took: 0,0000300 seconds
2016-12-25T11:21:12.778+0100: 2,151: Total time for which application threads were stopped: 0,0003232 seconds, Stopping threads took: 0,0000251 seconds
{Heap before GC invocations=1 (full 0):
 par new generation   total 109248K, used 99829K [0x00000000e0000000, 0x00000000e8000000, 0x00000000e8000000)
  eden space 87424K, 100% used [0x00000000e0000000, 0x00000000e5560000, 0x00000000e5560000)
  from space 21824K,  56% used [0x00000000e6ab0000, 0x00000000e76cd428, 0x00000000e8000000)
  to   space 21824K,   0% used [0x00000000e5560000, 0x00000000e5560000, 0x00000000e6ab0000)
 concurrent mark-sweep generation total 393216K, used 0K [0x00000000e8000000, 0x0000000100000000, 0x0000000100000000)
 Metaspace       used 20746K, capacity 21084K, committed 21248K, reserved 1069056K
  class space    used 2404K, capacity 2518K, committed 2560K, reserved 1048576K
2016-12-25T11:21:13.030+0100: 2,403: [GC (Allocation Failure) 2016-12-25T11:21:13.030+0100: 2,403: [ParNew
Desired survivor size 20112992 bytes, new threshold 8 (max 8)
- age   1:    2701448 bytes,    2701448 total
- age   2:    6138688 bytes,    8840136 total
: 99829K->13261K(109248K), 0,0171201 secs] 99829K->13261K(502464K), 0,0173182 secs] [Times: user=0,05 sys=0,00, real=0,02 secs] 
Heap after GC invocations=2 (full 0):
 par new generation   total 109248K, used 13261K [0x00000000e0000000, 0x00000000e8000000, 0x00000000e8000000)
  eden space 87424K,   0% used [0x00000000e0000000, 0x00000000e0000000, 0x00000000e5560000)
  from space 21824K,  60% used [0x00000000e5560000, 0x00000000e6253478, 0x00000000e6ab0000)
  to   space 21824K,   0% used [0x00000000e6ab0000, 0x00000000e6ab0000, 0x00000000e8000000)
 concurrent mark-sweep generation total 393216K, used 0K [0x00000000e8000000, 0x0000000100000000, 0x0000000100000000)
 Metaspace       used 20746K, capacity 21084K, committed 21248K, reserved 1069056K
  class space    used 2404K, capacity 2518K, committed 2560K, reserved 1048576K
}
2016-12-25T11:21:13.047+0100: 2,420: Total time for which application threads were stopped: 0,0180196 seconds, Stopping threads took: 0,0001240 seconds
2016-12-25T11:21:13.120+0100: 2,493: Total time for which application threads were stopped: 0,0000709 seconds, Stopping threads took: 0,0000164 seconds
2016-12-25T11:21:13.169+0100: 2,542: Total time for which application threads were stopped: 0,0000886 seconds, Stopping threads took: 0,0000221 seconds
2016-12-25T11:21:13.169+0100: 2,542: Total time for which application threads were stopped: 0,0002437 seconds, Stopping threads took: 0,0000131 seconds
2016-12-25T11:21:13.204+0100: 2,577: Total time for which application threads were stopped: 0,0000712 seconds, Stopping threads took: 0,0000134 seconds
2016-12-25T11:21:13.323+0100: 2,696: Total time for which application threads were stopped: 0,0001189 seconds, Stopping threads took: 0,0000190 seconds
2016-12-25T11:21:13.352+0100: 2,725: Total time for which application threads were stopped: 0,0000777 seconds, Stopping threads took: 0,0000221 seconds
2016-12-25T11:21:13.365+0100: 2,738: Total time for which application threads were stopped: 0,0004099 seconds, Stopping threads took: 0,0000874 seconds
2016-12-25T11:21:13.372+0100: 2,746: Total time for which application threads were stopped: 0,0002709 seconds, Stopping threads took: 0,0000262 seconds
2016-12-25T11:21:13.380+0100: 2,753: Total time for which application threads were stopped: 0,0000827 seconds, Stopping threads took: 0,0000226 seconds
2016-12-25T11:21:13.407+0100: 2,780: Total time for which application threads were stopped: 0,0000860 seconds, Stopping threads took: 0,0000233 seconds
2016-12-25T11:21:13.424+0100: 2,797: Total time for which application threads were stopped: 0,0000779 seconds, Stopping threads took: 0,0000143 seconds
2016-12-25T11:21:13.443+0100: 2,816: Total time for which application threads were stopped: 0,0000821 seconds, Stopping threads took: 0,0000156 seconds
2016-12-25T11:21:13.461+0100: 2,834: Total time for which application threads were stopped: 0,0000833 seconds, Stopping threads took: 0,0000221 seconds
2016-12-25T11:21:13.492+0100: 2,866: Total time for which application threads were stopped: 0,0001863 seconds, Stopping threads took: 0,0000890 seconds
2016-12-25T11:21:13.547+0100: 2,920: Total time for which application threads were stopped: 0,0000997 seconds, Stopping threads took: 0,0000251 seconds
2016-12-25T11:21:13.572+0100: 2,945: Total time for which application threads were stopped: 0,0001457 seconds, Stopping threads took: 0,0000594 seconds
2016-12-25T11:21:13.617+0100: 2,990: Total time for which application threads were stopped: 0,0002010 seconds, Stopping threads took: 0,0001032 seconds
{Heap before GC invocations=2 (full 0):
 par new generation   total 109248K, used 100685K [0x00000000e0000000, 0x00000000e8000000, 0x00000000e8000000)
  eden space 87424K, 100% used [0x00000000e0000000, 0x00000000e5560000, 0x00000000e5560000)
  from space 21824K,  60% used [0x00000000e5560000, 0x00000000e6253478, 0x00000000e6ab0000)
  to   space 21824K,   0% used [0x00000000e6ab0000, 0x00000000e6ab0000, 0x00000000e8000000)
 concurrent mark-sweep generation total 393216K, used 0K [0x00000000e8000000, 0x0000000100000000, 0x0000000100000000)
 Metaspace       used 25122K, capacity 25509K, committed 25868K, reserved 1073152K
  class space    used 2923K, capacity 3057K, committed 3144K, reserved 1048576K
2016-12-25T11:21:13.618+0100: 2,991: [GC (Allocation Failure) 2016-12-25T11:21:13.618+0100: 2,991: [ParNew
Desired survivor size 20112992 bytes, new threshold 8 (max 8)
- age   1:    6925928 bytes,    6925928 total
- age   2:     514848 bytes,    7440776 total
- age   3:    6131016 bytes,   13571792 total
: 100685K->16210K(109248K), 0,0130755 secs] 100685K->16210K(502464K), 0,0131405 secs] [Times: user=0,04 sys=0,00, real=0,01 secs] 
Heap after GC invocations=3 (full 0):
 par new generation   total 109248K, used 16210K [0x00000000e0000000, 0x00000000e8000000, 0x00000000e8000000)
  eden space 87424K,   0% used [0x00000000e0000000, 0x00000000e0000000, 0x00000000e5560000)
  from space 21824K,  74% used [0x00000000e6ab0000, 0x00000000e7a84a00, 0x00000000e8000000)
  to   space 21824K,   0% used [0x00000000e5560000, 0x00000000e5560000, 0x00000000e6ab0000)
 concurrent mark-sweep generation total 393216K, used 0K [0x00000000e8000000, 0x0000000100000000, 0x0000000100000000)
 Metaspace       used 25122K, capacity 25509K, committed 25868K, reserved 1073152K
  class space    used 2923K, capacity 3057K, committed 3144K, reserved 1048576K
}
2016-12-25T11:21:13.631+0100: 3,005: Total time for which application threads were stopped: 0,0133150 seconds, Stopping threads took: 0,0000212 seconds
2016-12-25T11:21:13.632+0100: 3,005: [GC (CMS Initial Mark) [1 CMS-initial-mark: 0K(393216K)] 17614K(502464K), 0,0030610 secs] [Times: user=0,01 sys=0,00, real=0,01 secs] 
2016-12-25T11:21:13.635+0100: 3,008: Total time for which application threads were stopped: 0,0031889 seconds, Stopping threads took: 0,0000486 seconds
2016-12-25T11:21:13.635+0100: 3,008: [CMS-concurrent-mark-start]
2016-12-25T11:21:13.635+0100: 3,008: [CMS-concurrent-mark: 0,000/0,000 secs] [Times: user=0,00 sys=0,00, real=0,00 secs] 
2016-12-25T11:21:13.635+0100: 3,008: [CMS-concurrent-preclean-start]
2016-12-25T11:21:13.636+0100: 3,010: [CMS-concurrent-preclean: 0,001/0,001 secs] [Times: user=0,01 sys=0,00, real=0,00 secs] 
2016-12-25T11:21:13.636+0100: 3,010: [GC (CMS Final Remark) [YG occupancy: 17614 K (109248 K)]{Heap before GC invocations=3 (full 1):
 par new generation   total 109248K, used 17614K [0x00000000e0000000, 0x00000000e8000000, 0x00000000e8000000)
  eden space 87424K,   1% used [0x00000000e0000000, 0x00000000e015efe0, 0x00000000e5560000)
  from space 21824K,  74% used [0x00000000e6ab0000, 0x00000000e7a84a00, 0x00000000e8000000)
  to   space 21824K,   0% used [0x00000000e5560000, 0x00000000e5560000, 0x00000000e6ab0000)
 concurrent mark-sweep generation total 393216K, used 0K [0x00000000e8000000, 0x0000000100000000, 0x0000000100000000)
 Metaspace       used 25142K, capacity 25509K, committed 25868K, reserved 1073152K
  class space    used 2924K, capacity 3057K, committed 3144K, reserved 1048576K
2016-12-25T11:21:13.637+0100: 3,010: [GC (CMS Final Remark) 2016-12-25T11:21:13.637+0100: 3,010: [ParNew
Desired survivor size 20112992 bytes, new threshold 8 (max 8)
- age   1:      15280 bytes,      15280 total
- age   2:    3174288 bytes,    3189568 total
- age   3:     514848 bytes,    3704416 total
- age   4:    6129536 bytes,    9833952 total
: 17614K->16430K(109248K), 0,0115303 secs] 17614K->16430K(502464K), 0,0115705 secs] [Times: user=0,04 sys=0,00, real=0,01 secs] 
Heap after GC invocations=4 (full 1):
 par new generation   total 109248K, used 16430K [0x00000000e0000000, 0x00000000e8000000, 0x00000000e8000000)
  eden space 87424K,   0% used [0x00000000e0000000, 0x00000000e0000000, 0x00000000e5560000)
  from space 21824K,  75% used [0x00000000e5560000, 0x00000000e656b8d0, 0x00000000e6ab0000)
  to   space 21824K,   0% used [0x00000000e6ab0000, 0x00000000e6ab0000, 0x00000000e8000000)
 concurrent mark-sweep generation total 393216K, used 0K [0x00000000e8000000, 0x0000000100000000, 0x0000000100000000)
 Metaspace       used 25142K, capacity 25509K, committed 25868K, reserved 1073152K
  class space    used 2924K, capacity 3057K, committed 3144K, reserved 1048576K
}
2016-12-25T11:21:13.648+0100: 3,021: [Rescan (parallel) , 0,0039652 secs]2016-12-25T11:21:13.652+0100: 3,025: [weak refs processing, 0,0003556 secs]2016-12-25T11:21:13.652+0100: 3,026: [class unloading, 0,0031420 secs]2016-12-25T11:21:13.656+0100: 3,029: [scrub symbol table, 0,0033243 secs]2016-12-25T11:21:13.659+0100: 3,032: [scrub string table, 0,0004115 secs][1 CMS-remark: 0K(393216K)] 16430K(502464K), 0,0234856 secs] [Times: user=0,07 sys=0,00, real=0,02 secs] 
2016-12-25T11:21:13.660+0100: 3,033: Total time for which application threads were stopped: 0,0235976 seconds, Stopping threads took: 0,0000519 seconds
2016-12-25T11:21:13.660+0100: 3,033: [CMS-concurrent-sweep-start]
2016-12-25T11:21:13.660+0100: 3,033: [CMS-concurrent-sweep: 0,000/0,000 secs] [Times: user=0,00 sys=0,00, real=0,00 secs] 
2016-12-25T11:21:13.660+0100: 3,033: [CMS-concurrent-reset-start]
2016-12-25T11:21:13.662+0100: 3,035: [CMS-concurrent-reset: 0,002/0,002 secs] [Times: user=0,00 sys=0,00, real=0,01 secs] 
2016-12-25T11:21:13.695+0100: 3,068: Total time for which application threads were stopped: 0,0003645 seconds, Stopping threads took: 0,0000240 seconds
2016-12-25T11:21:13.709+0100: 3,082: Total time for which application threads were stopped: 0,0003416 seconds, Stopping threads took: 0,0000243 seconds
2016-12-25T11:21:14.684+0100: 4,057: Total time for which application threads were stopped: 0,0002953 seconds, Stopping threads took: 0,0000195 seconds
2016-12-25T11:21:42.688+0100: 32,061: Total time for which application threads were stopped: 0,0000702 seconds, Stopping threads took: 0,0000312 seconds
2016-12-25T11:23:52.710+0100: 162,083: Total time for which application threads were stopped: 0,0001465 seconds, Stopping threads took: 0,0000591 seconds
2016-12-25T11:23:57.711+0100: 167,084: Total time for which application threads were stopped: 0,0001191 seconds, Stopping threads took: 0,0000330 seconds
2016-12-25T11:24:11.714+0100: 181,087: Total time for which application threads were stopped: 0,0001324 seconds, Stopping threads took: 0,0000352 seconds
2016-12-25T11:24:52.721+0100: 222,095: Total time for which application threads were stopped: 0,0000831 seconds, Stopping threads took: 0,0000373 seconds
2016-12-25T11:25:26.728+0100: 256,101: Total time for which application threads were stopped: 0,0001520 seconds, Stopping threads took: 0,0000596 seconds
2016-12-25T11:25:36.730+0100: 266,103: Total time for which application threads were stopped: 0,0001324 seconds, Stopping threads took: 0,0000348 seconds
2016-12-25T11:25:41.731+0100: 271,104: Total time for which application threads were stopped: 0,0001272 seconds, Stopping threads took: 0,0000317 seconds
2016-12-25T11:25:46.732+0100: 276,105: Total time for which application threads were stopped: 0,0001386 seconds, Stopping threads took: 0,0000384 seconds
2016-12-25T11:25:57.734+0100: 287,107: Total time for which application threads were stopped: 0,0001564 seconds, Stopping threads took: 0,0000655 seconds
2016-12-25T11:26:32.740+0100: 322,113: Total time for which application threads were stopped: 0,0001838 seconds, Stopping threads took: 0,0000625 seconds
2016-12-25T11:44:56.872+0100: 1426,245: Total time for which application threads were stopped: 0,0000768 seconds, Stopping threads took: 0,0000333 seconds
2016-12-25T11:49:22.899+0100: 1692,272: Total time for which application threads were stopped: 0,0000715 seconds, Stopping threads took: 0,0000308 seconds
2016-12-25T11:49:41.901+0100: 1711,275: Total time for which application threads were stopped: 0,0000560 seconds, Stopping threads took: 0,0000155 seconds
2016-12-25T12:00:21.962+0100: 2351,336: Total time for which application threads were stopped: 0,0000817 seconds, Stopping threads took: 0,0000394 seconds
2016-12-25T12:00:22.963+0100: 2352,336: Total time for which application threads were stopped: 0,0000526 seconds, Stopping threads took: 0,0000153 seconds
2016-12-25T12:17:28.064+0100: 3377,437: Total time for which application threads were stopped: 0,0000789 seconds, Stopping threads took: 0,0000327 seconds
2016-12-25T12:26:27.114+0100: 3916,488: Total time for which application threads were stopped: 0,0001064 seconds, Stopping threads took: 0,0000417 seconds
2016-12-25T12:26:32.115+0100: 3921,488: Total time for which application threads were stopped: 0,0000614 seconds, Stopping threads took: 0,0000156 seconds
2016-12-25T12:28:12.125+0100: 4021,498: Total time for which application threads were stopped: 0,0003658 seconds, Stopping threads took: 0,0001588 seconds
2016-12-25T13:10:07.369+0100: 6536,742: Total time for which application threads were stopped: 0,0000710 seconds, Stopping threads took: 0,0000314 seconds
2016-12-25T13:10:32.372+0100: 6561,745: Total time for which application threads were stopped: 0,0000749 seconds, Stopping threads took: 0,0000326 seconds
2016-12-25T13:16:12.406+0100: 6901,780: Total time for which application threads were stopped: 0,0000948 seconds, Stopping threads took: 0,0000407 seconds
2016-12-25T13:26:12.463+0100: 7501,836: Total time for which application threads were stopped: 0,0001084 seconds, Stopping threads took: 0,0000438 seconds
2016-12-25T13:26:42.466+0100: 7531,839: Total time for which application threads were stopped: 0,0002198 seconds, Stopping threads took: 0,0001177 seconds
2016-12-25T13:29:12.483+0100: 7681,856: Total time for which application threads were stopped: 0,0001528 seconds, Stopping threads took: 0,0000579 seconds
2016-12-25T13:33:12.509+0100: 7921,882: Total time for which application threads were stopped: 0,0004759 seconds, Stopping threads took: 0,0001449 seconds
2016-12-25T14:33:42.107+0100: 11551,480: Total time for which application threads were stopped: 0,0001836 seconds, Stopping threads took: 0,0000622 seconds
2016-12-25T16:40:42.063+0100: 19171,436: Total time for which application threads were stopped: 0,0002742 seconds, Stopping threads took: 0,0001950 seconds
2016-12-25T16:41:12.066+0100: 19201,440: Total time for which application threads were stopped: 0,0000787 seconds, Stopping threads took: 0,0000341 seconds
2016-12-25T22:08:29.109+0100: 38838,482: Total time for which application threads were stopped: 0,0001342 seconds, Stopping threads took: 0,0000326 seconds
Heap
 par new generation   total 109248K, used 61726K [0x00000000e0000000, 0x00000000e8000000, 0x00000000e8000000)
  eden space 87424K,  51% used [0x00000000e0000000, 0x00000000e2c3c160, 0x00000000e5560000)
  from space 21824K,  75% used [0x00000000e5560000, 0x00000000e656b8d0, 0x00000000e6ab0000)
  to   space 21824K,   0% used [0x00000000e6ab0000, 0x00000000e6ab0000, 0x00000000e8000000)
 concurrent mark-sweep generation total 393216K, used 0K [0x00000000e8000000, 0x0000000100000000, 0x0000000100000000)
 Metaspace       used 27299K, capacity 27729K, committed 27916K, reserved 1073152K
  class space    used 3170K, capacity 3321K, committed 3400K, reserved 1048576K
