OpenJDK 64-Bit Server VM (25.121-b13) for linux-amd64 JRE (1.8.0_121-8u121-b13-0ubuntu1.16.04.2-b13), built on Jan 23 2017 15:51:29 by "buildd" with gcc 5.4.0 20160609
Memory: 4k page, physical 7867764k(7425756k free), swap 8076284k(8076284k free)
CommandLine flags: -XX:CMSInitiatingOccupancyFraction=50 -XX:CMSMaxAbortablePrecleanTime=6000 -XX:+CMSParallelRemarkEnabled -XX:+CMSScavengeBeforeRemark -XX:ConcGCThreads=4 -XX:InitialHeapSize=536870912 -XX:MaxHeapSize=536870912 -XX:MaxTenuringThreshold=8 -XX:NewRatio=3 -XX:OldPLABSize=16 -XX:OnOutOfMemoryError=/opt/solr/bin/oom_solr.sh 8983 /var/solr/logs -XX:ParallelGCThreads=4 -XX:+ParallelRefProcEnabled -XX:PretenureSizeThreshold=67108864 -XX:+PrintGC -XX:+PrintGCApplicationStoppedTime -XX:+PrintGCDateStamps -XX:+PrintGCDetails -XX:+PrintGCTimeStamps -XX:+PrintHeapAtGC -XX:+PrintTenuringDistribution -XX:SurvivorRatio=4 -XX:TargetSurvivorRatio=90 -XX:ThreadStackSize=256 -XX:+UseCMSInitiatingOccupancyOnly -XX:+UseCompressedClassPointers -XX:+UseCompressedOops -XX:+UseConcMarkSweepGC -XX:+UseParNewGC 
2017-04-18T21:43:13.667+0200: 0,153: Total time for which application threads were stopped: 0,0000886 seconds, Stopping threads took: 0,0000115 seconds
2017-04-18T21:43:13.765+0200: 0,251: Total time for which application threads were stopped: 0,0001822 seconds, Stopping threads took: 0,0000369 seconds
2017-04-18T21:43:13.789+0200: 0,275: Total time for which application threads were stopped: 0,0000884 seconds, Stopping threads took: 0,0000103 seconds
2017-04-18T21:43:14.156+0200: 0,642: Total time for which application threads were stopped: 0,0001543 seconds, Stopping threads took: 0,0000193 seconds
2017-04-18T21:43:14.603+0200: 1,089: Total time for which application threads were stopped: 0,0001272 seconds, Stopping threads took: 0,0000220 seconds
2017-04-18T21:43:14.664+0200: 1,151: Total time for which application threads were stopped: 0,0001372 seconds, Stopping threads took: 0,0000132 seconds
2017-04-18T21:43:14.684+0200: 1,170: Total time for which application threads were stopped: 0,0001569 seconds, Stopping threads took: 0,0000236 seconds
2017-04-18T21:43:15.264+0200: 1,750: Total time for which application threads were stopped: 0,0001476 seconds, Stopping threads took: 0,0000118 seconds
2017-04-18T21:43:15.455+0200: 1,941: Total time for which application threads were stopped: 0,0001895 seconds, Stopping threads took: 0,0000114 seconds
2017-04-18T21:43:15.474+0200: 1,960: Total time for which application threads were stopped: 0,0001798 seconds, Stopping threads took: 0,0000135 seconds
2017-04-18T21:43:15.500+0200: 1,987: Total time for which application threads were stopped: 0,0002021 seconds, Stopping threads took: 0,0000195 seconds
2017-04-18T21:43:15.501+0200: 1,988: Total time for which application threads were stopped: 0,0001687 seconds, Stopping threads took: 0,0000124 seconds
2017-04-18T21:43:15.514+0200: 2,001: Total time for which application threads were stopped: 0,0001666 seconds, Stopping threads took: 0,0000122 seconds
2017-04-18T21:43:15.595+0200: 2,081: Total time for which application threads were stopped: 0,0002589 seconds, Stopping threads took: 0,0000216 seconds
2017-04-18T21:43:15.749+0200: 2,235: Total time for which application threads were stopped: 0,0002592 seconds, Stopping threads took: 0,0000334 seconds
{Heap before GC invocations=0 (full 0):
 par new generation   total 109248K, used 87424K [0x00000000e0000000, 0x00000000e8000000, 0x00000000e8000000)
  eden space 87424K, 100% used [0x00000000e0000000, 0x00000000e5560000, 0x00000000e5560000)
  from space 21824K,   0% used [0x00000000e5560000, 0x00000000e5560000, 0x00000000e6ab0000)
  to   space 21824K,   0% used [0x00000000e6ab0000, 0x00000000e6ab0000, 0x00000000e8000000)
 concurrent mark-sweep generation total 393216K, used 0K [0x00000000e8000000, 0x0000000100000000, 0x0000000100000000)
 Metaspace       used 17811K, capacity 18176K, committed 18304K, reserved 1064960K
  class space    used 2022K, capacity 2164K, committed 2176K, reserved 1048576K
2017-04-18T21:43:15.789+0200: 2,276: [GC (Allocation Failure) 2017-04-18T21:43:15.789+0200: 2,276: [ParNew
Desired survivor size 20112992 bytes, new threshold 8 (max 8)
- age   1:   11664592 bytes,   11664592 total
: 87424K->11514K(109248K), 0,0153198 secs] 87424K->11514K(502464K), 0,0153983 secs] [Times: user=0,03 sys=0,02, real=0,01 secs] 
Heap after GC invocations=1 (full 0):
 par new generation   total 109248K, used 11514K [0x00000000e0000000, 0x00000000e8000000, 0x00000000e8000000)
  eden space 87424K,   0% used [0x00000000e0000000, 0x00000000e0000000, 0x00000000e5560000)
  from space 21824K,  52% used [0x00000000e6ab0000, 0x00000000e75eead8, 0x00000000e8000000)
  to   space 21824K,   0% used [0x00000000e5560000, 0x00000000e5560000, 0x00000000e6ab0000)
 concurrent mark-sweep generation total 393216K, used 0K [0x00000000e8000000, 0x0000000100000000, 0x0000000100000000)
 Metaspace       used 17811K, capacity 18176K, committed 18304K, reserved 1064960K
  class space    used 2022K, capacity 2164K, committed 2176K, reserved 1048576K
}
2017-04-18T21:43:15.805+0200: 2,291: Total time for which application threads were stopped: 0,0157415 seconds, Stopping threads took: 0,0001882 seconds
2017-04-18T21:43:16.139+0200: 2,625: Total time for which application threads were stopped: 0,0003878 seconds, Stopping threads took: 0,0000621 seconds
{Heap before GC invocations=1 (full 0):
 par new generation   total 109248K, used 98938K [0x00000000e0000000, 0x00000000e8000000, 0x00000000e8000000)
  eden space 87424K, 100% used [0x00000000e0000000, 0x00000000e5560000, 0x00000000e5560000)
  from space 21824K,  52% used [0x00000000e6ab0000, 0x00000000e75eead8, 0x00000000e8000000)
  to   space 21824K,   0% used [0x00000000e5560000, 0x00000000e5560000, 0x00000000e6ab0000)
 concurrent mark-sweep generation total 393216K, used 0K [0x00000000e8000000, 0x0000000100000000, 0x0000000100000000)
 Metaspace       used 20020K, capacity 20366K, committed 20736K, reserved 1067008K
  class space    used 2295K, capacity 2471K, committed 2560K, reserved 1048576K
2017-04-18T21:43:16.182+0200: 2,669: [GC (Allocation Failure) 2017-04-18T21:43:16.182+0200: 2,669: [ParNew
Desired survivor size 20112992 bytes, new threshold 8 (max 8)
- age   1:    4245296 bytes,    4245296 total
- age   2:    6191400 bytes,   10436696 total
: 98938K->14777K(109248K), 0,0171825 secs] 98938K->14777K(502464K), 0,0172595 secs] [Times: user=0,06 sys=0,00, real=0,02 secs] 
Heap after GC invocations=2 (full 0):
 par new generation   total 109248K, used 14777K [0x00000000e0000000, 0x00000000e8000000, 0x00000000e8000000)
  eden space 87424K,   0% used [0x00000000e0000000, 0x00000000e0000000, 0x00000000e5560000)
  from space 21824K,  67% used [0x00000000e5560000, 0x00000000e63ce440, 0x00000000e6ab0000)
  to   space 21824K,   0% used [0x00000000e6ab0000, 0x00000000e6ab0000, 0x00000000e8000000)
 concurrent mark-sweep generation total 393216K, used 0K [0x00000000e8000000, 0x0000000100000000, 0x0000000100000000)
 Metaspace       used 20020K, capacity 20366K, committed 20736K, reserved 1067008K
  class space    used 2295K, capacity 2471K, committed 2560K, reserved 1048576K
}
2017-04-18T21:43:16.200+0200: 2,686: Total time for which application threads were stopped: 0,0215453 seconds, Stopping threads took: 0,0041178 seconds
2017-04-18T21:43:16.211+0200: 2,697: Total time for which application threads were stopped: 0,0004296 seconds, Stopping threads took: 0,0001195 seconds
2017-04-18T21:43:16.248+0200: 2,734: Total time for which application threads were stopped: 0,0004642 seconds, Stopping threads took: 0,0001024 seconds
2017-04-18T21:43:16.390+0200: 2,877: Total time for which application threads were stopped: 0,0008759 seconds, Stopping threads took: 0,0007448 seconds
{Heap before GC invocations=2 (full 0):
 par new generation   total 109248K, used 102201K [0x00000000e0000000, 0x00000000e8000000, 0x00000000e8000000)
  eden space 87424K, 100% used [0x00000000e0000000, 0x00000000e5560000, 0x00000000e5560000)
  from space 21824K,  67% used [0x00000000e5560000, 0x00000000e63ce440, 0x00000000e6ab0000)
  to   space 21824K,   0% used [0x00000000e6ab0000, 0x00000000e6ab0000, 0x00000000e8000000)
 concurrent mark-sweep generation total 393216K, used 0K [0x00000000e8000000, 0x0000000100000000, 0x0000000100000000)
 Metaspace       used 20929K, capacity 21288K, committed 21628K, reserved 1069056K
  class space    used 2416K, capacity 2590K, committed 2684K, reserved 1048576K
2017-04-18T21:43:16.407+0200: 2,893: [GC (Allocation Failure) 2017-04-18T21:43:16.407+0200: 2,893: [ParNew
Desired survivor size 20112992 bytes, new threshold 8 (max 8)
- age   1:    2263224 bytes,    2263224 total
- age   2:    1292424 bytes,    3555648 total
- age   3:    6189392 bytes,    9745040 total
: 102201K->11338K(109248K), 0,0095030 secs] 102201K->11338K(502464K), 0,0095892 secs] [Times: user=0,03 sys=0,00, real=0,01 secs] 
Heap after GC invocations=3 (full 0):
 par new generation   total 109248K, used 11338K [0x00000000e0000000, 0x00000000e8000000, 0x00000000e8000000)
  eden space 87424K,   0% used [0x00000000e0000000, 0x00000000e0000000, 0x00000000e5560000)
  from space 21824K,  51% used [0x00000000e6ab0000, 0x00000000e75c2940, 0x00000000e8000000)
  to   space 21824K,   0% used [0x00000000e5560000, 0x00000000e5560000, 0x00000000e6ab0000)
 concurrent mark-sweep generation total 393216K, used 0K [0x00000000e8000000, 0x0000000100000000, 0x0000000100000000)
 Metaspace       used 20929K, capacity 21288K, committed 21628K, reserved 1069056K
  class space    used 2416K, capacity 2590K, committed 2684K, reserved 1048576K
}
2017-04-18T21:43:16.416+0200: 2,903: Total time for which application threads were stopped: 0,0098225 seconds, Stopping threads took: 0,0000938 seconds
2017-04-18T21:43:16.423+0200: 2,910: [GC (CMS Initial Mark) [1 CMS-initial-mark: 0K(393216K)] 14196K(502464K), 0,0030692 secs] [Times: user=0,01 sys=0,00, real=0,01 secs] 
2017-04-18T21:43:16.427+0200: 2,913: Total time for which application threads were stopped: 0,0041518 seconds, Stopping threads took: 0,0009824 seconds
2017-04-18T21:43:16.427+0200: 2,913: [CMS-concurrent-mark-start]
2017-04-18T21:43:16.427+0200: 2,913: [CMS-concurrent-mark: 0,000/0,000 secs] [Times: user=0,00 sys=0,00, real=0,00 secs] 
2017-04-18T21:43:16.427+0200: 2,913: [CMS-concurrent-preclean-start]
2017-04-18T21:43:16.428+0200: 2,915: [CMS-concurrent-preclean: 0,001/0,001 secs] [Times: user=0,01 sys=0,00, real=0,00 secs] 
2017-04-18T21:43:16.428+0200: 2,915: [CMS-concurrent-abortable-preclean-start]
2017-04-18T21:43:16.514+0200: 3,001: Total time for which application threads were stopped: 0,0038714 seconds, Stopping threads took: 0,0037564 seconds
2017-04-18T21:43:16.514+0200: 3,001: [CMS-concurrent-abortable-preclean: 0,070/0,086 secs] [Times: user=0,32 sys=0,00, real=0,09 secs] 
2017-04-18T21:43:16.514+0200: 3,001: [GC (CMS Final Remark) [YG occupancy: 68243 K (109248 K)]{Heap before GC invocations=3 (full 1):
 par new generation   total 109248K, used 68243K [0x00000000e0000000, 0x00000000e8000000, 0x00000000e8000000)
  eden space 87424K,  65% used [0x00000000e0000000, 0x00000000e37925d0, 0x00000000e5560000)
  from space 21824K,  51% used [0x00000000e6ab0000, 0x00000000e75c2940, 0x00000000e8000000)
  to   space 21824K,   0% used [0x00000000e5560000, 0x00000000e5560000, 0x00000000e6ab0000)
 concurrent mark-sweep generation total 393216K, used 0K [0x00000000e8000000, 0x0000000100000000, 0x0000000100000000)
 Metaspace       used 21145K, capacity 21504K, committed 21884K, reserved 1069056K
  class space    used 2437K, capacity 2594K, committed 2684K, reserved 1048576K
2017-04-18T21:43:16.514+0200: 3,001: [GC (CMS Final Remark) 2017-04-18T21:43:16.514+0200: 3,001: [ParNew
Desired survivor size 20112992 bytes, new threshold 8 (max 8)
- age   1:    1460560 bytes,    1460560 total
- age   2:    1475496 bytes,    2936056 total
- age   3:    1261568 bytes,    4197624 total
- age   4:    6189360 bytes,   10386984 total
: 68243K->14970K(109248K), 0,0174239 secs] 68243K->14970K(502464K), 0,0174725 secs] [Times: user=0,06 sys=0,00, real=0,01 secs] 
Heap after GC invocations=4 (full 1):
 par new generation   total 109248K, used 14970K [0x00000000e0000000, 0x00000000e8000000, 0x00000000e8000000)
  eden space 87424K,   0% used [0x00000000e0000000, 0x00000000e0000000, 0x00000000e5560000)
  from space 21824K,  68% used [0x00000000e5560000, 0x00000000e63feb78, 0x00000000e6ab0000)
  to   space 21824K,   0% used [0x00000000e6ab0000, 0x00000000e6ab0000, 0x00000000e8000000)
 concurrent mark-sweep generation total 393216K, used 0K [0x00000000e8000000, 0x0000000100000000, 0x0000000100000000)
 Metaspace       used 21145K, capacity 21504K, committed 21884K, reserved 1069056K
  class space    used 2437K, capacity 2594K, committed 2684K, reserved 1048576K
}
2017-04-18T21:43:16.532+0200: 3,018: [Rescan (parallel) , 0,0036539 secs]2017-04-18T21:43:16.536+0200: 3,022: [weak refs processing, 0,0005059 secs]2017-04-18T21:43:16.536+0200: 3,022: [class unloading, 0,0027756 secs]2017-04-18T21:43:16.539+0200: 3,025: [scrub symbol table, 0,0025506 secs]2017-04-18T21:43:16.541+0200: 3,028: [scrub string table, 0,0004014 secs][1 CMS-remark: 0K(393216K)] 14970K(502464K), 0,0280196 secs] [Times: user=0,08 sys=0,00, real=0,02 secs] 
2017-04-18T21:43:16.542+0200: 3,029: Total time for which application threads were stopped: 0,0281308 seconds, Stopping threads took: 0,0000220 seconds
2017-04-18T21:43:16.543+0200: 3,029: [CMS-concurrent-sweep-start]
2017-04-18T21:43:16.543+0200: 3,029: [CMS-concurrent-sweep: 0,000/0,000 secs] [Times: user=0,00 sys=0,00, real=0,00 secs] 
2017-04-18T21:43:16.543+0200: 3,029: [CMS-concurrent-reset-start]
2017-04-18T21:43:16.545+0200: 3,032: [CMS-concurrent-reset: 0,003/0,003 secs] [Times: user=0,01 sys=0,00, real=0,00 secs] 
{Heap before GC invocations=4 (full 1):
 par new generation   total 109248K, used 102394K [0x00000000e0000000, 0x00000000e8000000, 0x00000000e8000000)
  eden space 87424K, 100% used [0x00000000e0000000, 0x00000000e5560000, 0x00000000e5560000)
  from space 21824K,  68% used [0x00000000e5560000, 0x00000000e63feb78, 0x00000000e6ab0000)
  to   space 21824K,   0% used [0x00000000e6ab0000, 0x00000000e6ab0000, 0x00000000e8000000)
 concurrent mark-sweep generation total 393216K, used 0K [0x00000000e8000000, 0x0000000100000000, 0x0000000100000000)
 Metaspace       used 21246K, capacity 21558K, committed 21884K, reserved 1069056K
  class space    used 2451K, capacity 2604K, committed 2684K, reserved 1048576K
2017-04-18T21:43:16.639+0200: 3,125: [GC (Allocation Failure) 2017-04-18T21:43:16.639+0200: 3,125: [ParNew
Desired survivor size 20112992 bytes, new threshold 8 (max 8)
- age   1:     375928 bytes,     375928 total
- age   2:      84680 bytes,     460608 total
- age   3:    1475160 bytes,    1935768 total
- age   4:    1257488 bytes,    3193256 total
- age   5:    6189360 bytes,    9382616 total
: 102394K->11884K(109248K), 0,0106141 secs] 102394K->11884K(502464K), 0,0106725 secs] [Times: user=0,03 sys=0,00, real=0,01 secs] 
Heap after GC invocations=5 (full 1):
 par new generation   total 109248K, used 11884K [0x00000000e0000000, 0x00000000e8000000, 0x00000000e8000000)
  eden space 87424K,   0% used [0x00000000e0000000, 0x00000000e0000000, 0x00000000e5560000)
  from space 21824K,  54% used [0x00000000e6ab0000, 0x00000000e764b3c0, 0x00000000e8000000)
  to   space 21824K,   0% used [0x00000000e5560000, 0x00000000e5560000, 0x00000000e6ab0000)
 concurrent mark-sweep generation total 393216K, used 0K [0x00000000e8000000, 0x0000000100000000, 0x0000000100000000)
 Metaspace       used 21246K, capacity 21558K, committed 21884K, reserved 1069056K
  class space    used 2451K, capacity 2604K, committed 2684K, reserved 1048576K
}
2017-04-18T21:43:16.650+0200: 3,136: Total time for which application threads were stopped: 0,0109174 seconds, Stopping threads took: 0,0000767 seconds
2017-04-18T21:43:16.715+0200: 3,201: Total time for which application threads were stopped: 0,0003181 seconds, Stopping threads took: 0,0000183 seconds
2017-04-18T21:43:16.879+0200: 3,366: Total time for which application threads were stopped: 0,0005369 seconds, Stopping threads took: 0,0000617 seconds
2017-04-18T21:43:16.899+0200: 3,386: Total time for which application threads were stopped: 0,0004535 seconds, Stopping threads took: 0,0000376 seconds
{Heap before GC invocations=5 (full 1):
 par new generation   total 109248K, used 99308K [0x00000000e0000000, 0x00000000e8000000, 0x00000000e8000000)
  eden space 87424K, 100% used [0x00000000e0000000, 0x00000000e5560000, 0x00000000e5560000)
  from space 21824K,  54% used [0x00000000e6ab0000, 0x00000000e764b3c0, 0x00000000e8000000)
  to   space 21824K,   0% used [0x00000000e5560000, 0x00000000e5560000, 0x00000000e6ab0000)
 concurrent mark-sweep generation total 393216K, used 0K [0x00000000e8000000, 0x0000000100000000, 0x0000000100000000)
 Metaspace       used 23622K, capacity 24068K, committed 24316K, reserved 1071104K
  class space    used 2766K, capacity 2949K, committed 3068K, reserved 1048576K
2017-04-18T21:43:17.029+0200: 3,515: [GC (Allocation Failure) 2017-04-18T21:43:17.029+0200: 3,515: [ParNew
Desired survivor size 20112992 bytes, new threshold 8 (max 8)
- age   1:    5133528 bytes,    5133528 total
- age   2:     161544 bytes,    5295072 total
- age   3:      83368 bytes,    5378440 total
- age   4:     305352 bytes,    5683792 total
- age   5:    1237040 bytes,    6920832 total
- age   6:    6181104 bytes,   13101936 total
: 99308K->15995K(109248K), 0,0193910 secs] 99308K->15995K(502464K), 0,0194770 secs] [Times: user=0,07 sys=0,00, real=0,02 secs] 
Heap after GC invocations=6 (full 1):
 par new generation   total 109248K, used 15995K [0x00000000e0000000, 0x00000000e8000000, 0x00000000e8000000)
  eden space 87424K,   0% used [0x00000000e0000000, 0x00000000e0000000, 0x00000000e5560000)
  from space 21824K,  73% used [0x00000000e5560000, 0x00000000e64fed20, 0x00000000e6ab0000)
  to   space 21824K,   0% used [0x00000000e6ab0000, 0x00000000e6ab0000, 0x00000000e8000000)
 concurrent mark-sweep generation total 393216K, used 0K [0x00000000e8000000, 0x0000000100000000, 0x0000000100000000)
 Metaspace       used 23622K, capacity 24068K, committed 24316K, reserved 1071104K
  class space    used 2766K, capacity 2949K, committed 3068K, reserved 1048576K
}
2017-04-18T21:43:17.048+0200: 3,535: Total time for which application threads were stopped: 0,0197395 seconds, Stopping threads took: 0,0000742 seconds
{Heap before GC invocations=6 (full 1):
 par new generation   total 109248K, used 103419K [0x00000000e0000000, 0x00000000e8000000, 0x00000000e8000000)
  eden space 87424K, 100% used [0x00000000e0000000, 0x00000000e5560000, 0x00000000e5560000)
  from space 21824K,  73% used [0x00000000e5560000, 0x00000000e64fed20, 0x00000000e6ab0000)
  to   space 21824K,   0% used [0x00000000e6ab0000, 0x00000000e6ab0000, 0x00000000e8000000)
 concurrent mark-sweep generation total 393216K, used 0K [0x00000000e8000000, 0x0000000100000000, 0x0000000100000000)
 Metaspace       used 24310K, capacity 24804K, committed 25084K, reserved 1071104K
  class space    used 2854K, capacity 3045K, committed 3068K, reserved 1048576K
2017-04-18T21:43:17.174+0200: 3,661: [GC (Allocation Failure) 2017-04-18T21:43:17.174+0200: 3,661: [ParNew
Desired survivor size 20112992 bytes, new threshold 8 (max 8)
- age   1:    2042184 bytes,    2042184 total
- age   2:    1689168 bytes,    3731352 total
- age   3:      83392 bytes,    3814744 total
- age   4:      48576 bytes,    3863320 total
- age   5:     185304 bytes,    4048624 total
- age   6:     928280 bytes,    4976904 total
- age   7:    5933184 bytes,   10910088 total
: 103419K->18946K(109248K), 0,0339044 secs] 103419K->18946K(502464K), 0,0339744 secs] [Times: user=0,10 sys=0,00, real=0,03 secs] 
Heap after GC invocations=7 (full 1):
 par new generation   total 109248K, used 18946K [0x00000000e0000000, 0x00000000e8000000, 0x00000000e8000000)
  eden space 87424K,   0% used [0x00000000e0000000, 0x00000000e0000000, 0x00000000e5560000)
  from space 21824K,  86% used [0x00000000e6ab0000, 0x00000000e7d309f0, 0x00000000e8000000)
  to   space 21824K,   0% used [0x00000000e5560000, 0x00000000e5560000, 0x00000000e6ab0000)
 concurrent mark-sweep generation total 393216K, used 0K [0x00000000e8000000, 0x0000000100000000, 0x0000000100000000)
 Metaspace       used 24310K, capacity 24804K, committed 25084K, reserved 1071104K
  class space    used 2854K, capacity 3045K, committed 3068K, reserved 1048576K
}
2017-04-18T21:43:17.208+0200: 3,695: Total time for which application threads were stopped: 0,0353150 seconds, Stopping threads took: 0,0010977 seconds
2017-04-18T21:43:17.310+0200: 3,797: Total time for which application threads were stopped: 0,0001315 seconds, Stopping threads took: 0,0000419 seconds
{Heap before GC invocations=7 (full 1):
 par new generation   total 109248K, used 109248K [0x00000000e0000000, 0x00000000e8000000, 0x00000000e8000000)
  eden space 87424K, 100% used [0x00000000e0000000, 0x00000000e5560000, 0x00000000e5560000)
  from space 21824K, 100% used [0x00000000e6ab0000, 0x00000000e8000000, 0x00000000e8000000)
  to   space 21824K,   0% used [0x00000000e5560000, 0x00000000e5560000, 0x00000000e6ab0000)
 concurrent mark-sweep generation total 393216K, used 2554K [0x00000000e8000000, 0x0000000100000000, 0x0000000100000000)
 Metaspace       used 24676K, capacity 25124K, committed 25468K, reserved 1071104K
  class space    used 2887K, capacity 3083K, committed 3196K, reserved 1048576K
2017-04-18T21:43:17.318+0200: 3,805: [GC (Allocation Failure) 2017-04-18T21:43:17.318+0200: 3,805: [ParNew
Desired survivor size 20112992 bytes, new threshold 8 (max 8)
- age   1:     643528 bytes,     643528 total
- age   2:    1060240 bytes,    1703768 total
- age   3:    1674976 bytes,    3378744 total
- age   4:      83256 bytes,    3462000 total
- age   5:      48376 bytes,    3510376 total
- age   6:     182568 bytes,    3692944 total
- age   7:     927512 bytes,    4620456 total
- age   8:    5932784 bytes,   10553240 total
: 109248K->13425K(109248K), 0,0108692 secs] 111802K->15979K(502464K), 0,0109481 secs] [Times: user=0,04 sys=0,00, real=0,01 secs] 
Heap after GC invocations=8 (full 1):
 par new generation   total 109248K, used 13425K [0x00000000e0000000, 0x00000000e8000000, 0x00000000e8000000)
  eden space 87424K,   0% used [0x00000000e0000000, 0x00000000e0000000, 0x00000000e5560000)
  from space 21824K,  61% used [0x00000000e5560000, 0x00000000e627c680, 0x00000000e6ab0000)
  to   space 21824K,   0% used [0x00000000e6ab0000, 0x00000000e6ab0000, 0x00000000e8000000)
 concurrent mark-sweep generation total 393216K, used 2554K [0x00000000e8000000, 0x0000000100000000, 0x0000000100000000)
 Metaspace       used 24676K, capacity 25124K, committed 25468K, reserved 1071104K
  class space    used 2887K, capacity 3083K, committed 3196K, reserved 1048576K
}
2017-04-18T21:43:17.329+0200: 3,816: Total time for which application threads were stopped: 0,0111371 seconds, Stopping threads took: 0,0000461 seconds
{Heap before GC invocations=8 (full 1):
 par new generation   total 109248K, used 14187K [0x00000000e0000000, 0x00000000e8000000, 0x00000000e8000000)
  eden space 87424K,   0% used [0x00000000e0000000, 0x00000000e00be5e8, 0x00000000e5560000)
  from space 21824K,  61% used [0x00000000e5560000, 0x00000000e627c680, 0x00000000e6ab0000)
  to   space 21824K,   0% used [0x00000000e6ab0000, 0x00000000e6ab0000, 0x00000000e8000000)
 concurrent mark-sweep generation total 393216K, used 2554K [0x00000000e8000000, 0x0000000100000000, 0x0000000100000000)
 Metaspace       used 24676K, capacity 25124K, committed 25468K, reserved 1071104K
  class space    used 2887K, capacity 3083K, committed 3196K, reserved 1048576K
2017-04-18T21:43:17.329+0200: 3,816: [GC (GCLocker Initiated GC) 2017-04-18T21:43:17.329+0200: 3,816: [ParNew
Desired survivor size 20112992 bytes, new threshold 8 (max 8)
- age   1:       5200 bytes,       5200 total
- age   2:     643488 bytes,     648688 total
- age   3:    1060240 bytes,    1708928 total
- age   4:    1674976 bytes,    3383904 total
- age   5:      83256 bytes,    3467160 total
- age   6:      48376 bytes,    3515536 total
- age   7:     182568 bytes,    3698104 total
- age   8:     927512 bytes,    4625616 total
: 14187K->7810K(109248K), 0,0298031 secs] 16741K->16241K(502464K), 0,0298472 secs] [Times: user=0,10 sys=0,00, real=0,03 secs] 
Heap after GC invocations=9 (full 1):
 par new generation   total 109248K, used 7810K [0x00000000e0000000, 0x00000000e8000000, 0x00000000e8000000)
  eden space 87424K,   0% used [0x00000000e0000000, 0x00000000e0000000, 0x00000000e5560000)
  from space 21824K,  35% used [0x00000000e6ab0000, 0x00000000e7250bb0, 0x00000000e8000000)
  to   space 21824K,   0% used [0x00000000e5560000, 0x00000000e5560000, 0x00000000e6ab0000)
 concurrent mark-sweep generation total 393216K, used 8430K [0x00000000e8000000, 0x0000000100000000, 0x0000000100000000)
 Metaspace       used 24676K, capacity 25124K, committed 25468K, reserved 1071104K
  class space    used 2887K, capacity 3083K, committed 3196K, reserved 1048576K
}
2017-04-18T21:43:17.359+0200: 3,846: Total time for which application threads were stopped: 0,0300160 seconds, Stopping threads took: 0,0000453 seconds
2017-04-18T21:43:17.562+0200: 4,048: Total time for which application threads were stopped: 0,0005111 seconds, Stopping threads took: 0,0002030 seconds
2017-04-18T21:43:17.566+0200: 4,053: Total time for which application threads were stopped: 0,0001497 seconds, Stopping threads took: 0,0000433 seconds
2017-04-18T21:43:17.581+0200: 4,067: Total time for which application threads were stopped: 0,0001559 seconds, Stopping threads took: 0,0000802 seconds
2017-04-18T21:43:17.586+0200: 4,072: Total time for which application threads were stopped: 0,0037311 seconds, Stopping threads took: 0,0036566 seconds
2017-04-18T21:43:17.610+0200: 4,097: Total time for which application threads were stopped: 0,0002034 seconds, Stopping threads took: 0,0000465 seconds
2017-04-18T21:43:17.610+0200: 4,097: Total time for which application threads were stopped: 0,0001234 seconds, Stopping threads took: 0,0000246 seconds
2017-04-18T21:43:17.622+0200: 4,109: Total time for which application threads were stopped: 0,0001514 seconds, Stopping threads took: 0,0000658 seconds
2017-04-18T21:43:17.646+0200: 4,132: Total time for which application threads were stopped: 0,0002839 seconds, Stopping threads took: 0,0001277 seconds
2017-04-18T21:43:17.646+0200: 4,133: Total time for which application threads were stopped: 0,0000985 seconds, Stopping threads took: 0,0000261 seconds
2017-04-18T21:43:17.660+0200: 4,146: Total time for which application threads were stopped: 0,0004144 seconds, Stopping threads took: 0,0003164 seconds
2017-04-18T21:43:17.661+0200: 4,147: Total time for which application threads were stopped: 0,0001495 seconds, Stopping threads took: 0,0000566 seconds
2017-04-18T21:43:17.668+0200: 4,155: Total time for which application threads were stopped: 0,0002454 seconds, Stopping threads took: 0,0001022 seconds
2017-04-18T21:43:17.671+0200: 4,158: Total time for which application threads were stopped: 0,0001316 seconds, Stopping threads took: 0,0000292 seconds
2017-04-18T21:43:17.676+0200: 4,163: Total time for which application threads were stopped: 0,0002145 seconds, Stopping threads took: 0,0001116 seconds
2017-04-18T21:43:17.679+0200: 4,165: Total time for which application threads were stopped: 0,0005769 seconds, Stopping threads took: 0,0000669 seconds
2017-04-18T21:43:17.681+0200: 4,167: Total time for which application threads were stopped: 0,0001436 seconds, Stopping threads took: 0,0000391 seconds
2017-04-18T21:43:17.683+0200: 4,169: Total time for which application threads were stopped: 0,0001507 seconds, Stopping threads took: 0,0000326 seconds
2017-04-18T21:43:17.689+0200: 4,176: Total time for which application threads were stopped: 0,0001514 seconds, Stopping threads took: 0,0000385 seconds
2017-04-18T21:43:17.696+0200: 4,183: Total time for which application threads were stopped: 0,0001666 seconds, Stopping threads took: 0,0000393 seconds
2017-04-18T21:43:17.697+0200: 4,184: Total time for which application threads were stopped: 0,0004134 seconds, Stopping threads took: 0,0000211 seconds
2017-04-18T21:43:17.703+0200: 4,189: Total time for which application threads were stopped: 0,0002108 seconds, Stopping threads took: 0,0000589 seconds
2017-04-18T21:43:17.710+0200: 4,196: Total time for which application threads were stopped: 0,0027405 seconds, Stopping threads took: 0,0026211 seconds
2017-04-18T21:43:17.712+0200: 4,198: Total time for which application threads were stopped: 0,0001498 seconds, Stopping threads took: 0,0000412 seconds
2017-04-18T21:43:17.715+0200: 4,202: Total time for which application threads were stopped: 0,0001647 seconds, Stopping threads took: 0,0000339 seconds
2017-04-18T21:43:17.716+0200: 4,202: Total time for which application threads were stopped: 0,0002615 seconds, Stopping threads took: 0,0000334 seconds
2017-04-18T21:43:17.717+0200: 4,203: Total time for which application threads were stopped: 0,0001349 seconds, Stopping threads took: 0,0000332 seconds
{Heap before GC invocations=9 (full 1):
 par new generation   total 109248K, used 95234K [0x00000000e0000000, 0x00000000e8000000, 0x00000000e8000000)
  eden space 87424K, 100% used [0x00000000e0000000, 0x00000000e5560000, 0x00000000e5560000)
  from space 21824K,  35% used [0x00000000e6ab0000, 0x00000000e7250bb0, 0x00000000e8000000)
  to   space 21824K,   0% used [0x00000000e5560000, 0x00000000e5560000, 0x00000000e6ab0000)
 concurrent mark-sweep generation total 393216K, used 8430K [0x00000000e8000000, 0x0000000100000000, 0x0000000100000000)
 Metaspace       used 26498K, capacity 27074K, committed 27388K, reserved 1073152K
  class space    used 3034K, capacity 3224K, committed 3324K, reserved 1048576K
2017-04-18T21:43:17.718+0200: 4,204: [GC (Allocation Failure) 2017-04-18T21:43:17.718+0200: 4,205: [ParNew
Desired survivor size 20112992 bytes, new threshold 8 (max 8)
- age   1:    7064960 bytes,    7064960 total
- age   2:       4544 bytes,    7069504 total
- age   3:     324104 bytes,    7393608 total
- age   4:     517760 bytes,    7911368 total
- age   5:    1672800 bytes,    9584168 total
- age   6:      80680 bytes,    9664848 total
- age   7:      48312 bytes,    9713160 total
- age   8:     182040 bytes,    9895200 total
: 95234K->11196K(109248K), 0,0233413 secs] 103665K->20652K(502464K), 0,0234361 secs] [Times: user=0,06 sys=0,01, real=0,02 secs] 
Heap after GC invocations=10 (full 1):
 par new generation   total 109248K, used 11196K [0x00000000e0000000, 0x00000000e8000000, 0x00000000e8000000)
  eden space 87424K,   0% used [0x00000000e0000000, 0x00000000e0000000, 0x00000000e5560000)
  from space 21824K,  51% used [0x00000000e5560000, 0x00000000e604f050, 0x00000000e6ab0000)
  to   space 21824K,   0% used [0x00000000e6ab0000, 0x00000000e6ab0000, 0x00000000e8000000)
 concurrent mark-sweep generation total 393216K, used 9456K [0x00000000e8000000, 0x0000000100000000, 0x0000000100000000)
 Metaspace       used 26498K, capacity 27074K, committed 27388K, reserved 1073152K
  class space    used 3034K, capacity 3224K, committed 3324K, reserved 1048576K
}
2017-04-18T21:43:17.742+0200: 4,228: Total time for which application threads were stopped: 0,0236657 seconds, Stopping threads took: 0,0000455 seconds
2017-04-18T21:43:17.777+0200: 4,263: Total time for which application threads were stopped: 0,0002903 seconds, Stopping threads took: 0,0001611 seconds
2017-04-18T21:43:17.778+0200: 4,264: Total time for which application threads were stopped: 0,0001307 seconds, Stopping threads took: 0,0000318 seconds
2017-04-18T21:43:17.779+0200: 4,265: Total time for which application threads were stopped: 0,0001357 seconds, Stopping threads took: 0,0000383 seconds
2017-04-18T21:43:17.780+0200: 4,267: Total time for which application threads were stopped: 0,0001695 seconds, Stopping threads took: 0,0000725 seconds
2017-04-18T21:43:17.783+0200: 4,270: Total time for which application threads were stopped: 0,0001508 seconds, Stopping threads took: 0,0000420 seconds
2017-04-18T21:43:17.784+0200: 4,271: Total time for which application threads were stopped: 0,0001816 seconds, Stopping threads took: 0,0000865 seconds
2017-04-18T21:43:17.786+0200: 4,273: Total time for which application threads were stopped: 0,0015936 seconds, Stopping threads took: 0,0014587 seconds
2017-04-18T21:43:17.790+0200: 4,276: Total time for which application threads were stopped: 0,0001867 seconds, Stopping threads took: 0,0000413 seconds
2017-04-18T21:43:17.795+0200: 4,281: Total time for which application threads were stopped: 0,0001353 seconds, Stopping threads took: 0,0000392 seconds
2017-04-18T21:43:17.797+0200: 4,283: Total time for which application threads were stopped: 0,0001556 seconds, Stopping threads took: 0,0000430 seconds
2017-04-18T21:43:17.798+0200: 4,284: Total time for which application threads were stopped: 0,0001592 seconds, Stopping threads took: 0,0000365 seconds
2017-04-18T21:43:17.806+0200: 4,293: Total time for which application threads were stopped: 0,0032270 seconds, Stopping threads took: 0,0028223 seconds
2017-04-18T21:43:17.807+0200: 4,294: Total time for which application threads were stopped: 0,0001399 seconds, Stopping threads took: 0,0000424 seconds
2017-04-18T21:43:17.808+0200: 4,295: Total time for which application threads were stopped: 0,0001376 seconds, Stopping threads took: 0,0000475 seconds
2017-04-18T21:43:17.809+0200: 4,295: Total time for which application threads were stopped: 0,0001155 seconds, Stopping threads took: 0,0000307 seconds
2017-04-18T21:43:17.809+0200: 4,295: Total time for which application threads were stopped: 0,0000986 seconds, Stopping threads took: 0,0000246 seconds
2017-04-18T21:43:17.810+0200: 4,297: Total time for which application threads were stopped: 0,0012507 seconds, Stopping threads took: 0,0011339 seconds
2017-04-18T21:43:17.816+0200: 4,302: Total time for which application threads were stopped: 0,0001981 seconds, Stopping threads took: 0,0000783 seconds
2017-04-18T21:43:17.821+0200: 4,307: Total time for which application threads were stopped: 0,0001098 seconds, Stopping threads took: 0,0000312 seconds
2017-04-18T21:43:17.822+0200: 4,309: Total time for which application threads were stopped: 0,0002880 seconds, Stopping threads took: 0,0001614 seconds
2017-04-18T21:43:17.835+0200: 4,321: Total time for which application threads were stopped: 0,0001445 seconds, Stopping threads took: 0,0000523 seconds
2017-04-18T21:43:17.835+0200: 4,321: Total time for which application threads were stopped: 0,0001094 seconds, Stopping threads took: 0,0000236 seconds
2017-04-18T21:43:17.835+0200: 4,321: Total time for which application threads were stopped: 0,0001061 seconds, Stopping threads took: 0,0000250 seconds
2017-04-18T21:43:17.835+0200: 4,322: Total time for which application threads were stopped: 0,0001231 seconds, Stopping threads took: 0,0000319 seconds
2017-04-18T21:43:17.836+0200: 4,322: Total time for which application threads were stopped: 0,0002866 seconds, Stopping threads took: 0,0000364 seconds
2017-04-18T21:43:17.841+0200: 4,327: Total time for which application threads were stopped: 0,0001314 seconds, Stopping threads took: 0,0000430 seconds
2017-04-18T21:43:17.850+0200: 4,337: Total time for which application threads were stopped: 0,0051953 seconds, Stopping threads took: 0,0050813 seconds
2017-04-18T21:43:17.855+0200: 4,342: Total time for which application threads were stopped: 0,0001419 seconds, Stopping threads took: 0,0000350 seconds
2017-04-18T21:43:17.864+0200: 4,350: Total time for which application threads were stopped: 0,0001312 seconds, Stopping threads took: 0,0000363 seconds
2017-04-18T21:43:17.870+0200: 4,356: Total time for which application threads were stopped: 0,0001515 seconds, Stopping threads took: 0,0000585 seconds
2017-04-18T21:43:17.871+0200: 4,357: Total time for which application threads were stopped: 0,0001283 seconds, Stopping threads took: 0,0000324 seconds
2017-04-18T21:43:17.884+0200: 4,371: Total time for which application threads were stopped: 0,0061483 seconds, Stopping threads took: 0,0060534 seconds
2017-04-18T21:43:17.891+0200: 4,377: Total time for which application threads were stopped: 0,0002077 seconds, Stopping threads took: 0,0001257 seconds
2017-04-18T21:43:17.953+0200: 4,440: Total time for which application threads were stopped: 0,0086531 seconds, Stopping threads took: 0,0085415 seconds
2017-04-18T21:43:18.954+0200: 5,440: Total time for which application threads were stopped: 0,0000876 seconds, Stopping threads took: 0,0000203 seconds
2017-04-18T21:43:25.954+0200: 12,441: Total time for which application threads were stopped: 0,0000881 seconds, Stopping threads took: 0,0000215 seconds
2017-04-18T21:43:35.955+0200: 22,441: Total time for which application threads were stopped: 0,0000814 seconds, Stopping threads took: 0,0000196 seconds
2017-04-18T21:43:45.956+0200: 32,443: Total time for which application threads were stopped: 0,0000781 seconds, Stopping threads took: 0,0000189 seconds
2017-04-18T21:44:40.962+0200: 87,448: Total time for which application threads were stopped: 0,0000620 seconds, Stopping threads took: 0,0000173 seconds
2017-04-18T21:45:10.966+0200: 117,453: Total time for which application threads were stopped: 0,0001669 seconds, Stopping threads took: 0,0000680 seconds
2017-04-18T21:45:15.967+0200: 122,454: Total time for which application threads were stopped: 0,0001324 seconds, Stopping threads took: 0,0000311 seconds
2017-04-18T21:45:59.975+0200: 166,461: Total time for which application threads were stopped: 0,0001835 seconds, Stopping threads took: 0,0000696 seconds
2017-04-18T21:46:04.976+0200: 171,462: Total time for which application threads were stopped: 0,0001343 seconds, Stopping threads took: 0,0000316 seconds
2017-04-18T21:46:14.977+0200: 181,464: Total time for which application threads were stopped: 0,0001488 seconds, Stopping threads took: 0,0000346 seconds
2017-04-18T21:47:49.993+0200: 276,480: Total time for which application threads were stopped: 0,0000958 seconds, Stopping threads took: 0,0000299 seconds
2017-04-18T21:47:50.993+0200: 277,480: Total time for which application threads were stopped: 0,0000831 seconds, Stopping threads took: 0,0000200 seconds
2017-04-18T22:06:45.123+0200: 1411,609: Total time for which application threads were stopped: 0,0000778 seconds, Stopping threads took: 0,0000305 seconds
2017-04-18T22:09:11.142+0200: 1557,628: Total time for which application threads were stopped: 0,0002046 seconds, Stopping threads took: 0,0000629 seconds
2017-04-18T22:11:10.161+0200: 1676,648: Total time for which application threads were stopped: 0,0002392 seconds, Stopping threads took: 0,0000700 seconds
2017-04-18T22:21:36.260+0200: 2302,747: Total time for which application threads were stopped: 0,0001781 seconds, Stopping threads took: 0,0000652 seconds
2017-04-18T22:21:40.261+0200: 2306,747: Total time for which application threads were stopped: 0,0000711 seconds, Stopping threads took: 0,0000157 seconds
2017-04-18T22:24:46.288+0200: 2492,774: Total time for which application threads were stopped: 0,0001234 seconds, Stopping threads took: 0,0000422 seconds
2017-04-18T22:36:41.400+0200: 3207,886: Total time for which application threads were stopped: 0,0000896 seconds, Stopping threads took: 0,0000354 seconds
2017-04-18T22:37:39.909+0200: 3266,395: Total time for which application threads were stopped: 0,0735319 seconds, Stopping threads took: 0,0734464 seconds
2017-04-18T22:37:39.910+0200: 3266,397: Total time for which application threads were stopped: 0,0000826 seconds, Stopping threads took: 0,0000127 seconds
2017-04-18T22:37:39.911+0200: 3266,397: Total time for which application threads were stopped: 0,0000469 seconds, Stopping threads took: 0,0000061 seconds
2017-04-18T22:37:39.911+0200: 3266,397: Total time for which application threads were stopped: 0,0000381 seconds, Stopping threads took: 0,0000054 seconds
2017-04-18T22:37:39.912+0200: 3266,398: Total time for which application threads were stopped: 0,0000935 seconds, Stopping threads took: 0,0000263 seconds
2017-04-18T22:37:39.912+0200: 3266,398: Total time for which application threads were stopped: 0,0000469 seconds, Stopping threads took: 0,0000064 seconds
2017-04-18T22:37:39.912+0200: 3266,398: Total time for which application threads were stopped: 0,0000440 seconds, Stopping threads took: 0,0000120 seconds
2017-04-18T22:37:39.912+0200: 3266,399: Total time for which application threads were stopped: 0,0005183 seconds, Stopping threads took: 0,0001982 seconds
2017-04-18T22:37:39.917+0200: 3266,404: Total time for which application threads were stopped: 0,0000922 seconds, Stopping threads took: 0,0000302 seconds
2017-04-18T22:37:39.917+0200: 3266,404: Total time for which application threads were stopped: 0,0000398 seconds, Stopping threads took: 0,0000056 seconds
2017-04-18T22:37:39.917+0200: 3266,404: Total time for which application threads were stopped: 0,0000379 seconds, Stopping threads took: 0,0000047 seconds
2017-04-18T22:37:39.917+0200: 3266,404: Total time for which application threads were stopped: 0,0000367 seconds, Stopping threads took: 0,0000050 seconds
2017-04-18T22:37:39.918+0200: 3266,404: Total time for which application threads were stopped: 0,0000682 seconds, Stopping threads took: 0,0000129 seconds
2017-04-18T22:37:39.918+0200: 3266,405: Total time for which application threads were stopped: 0,0000376 seconds, Stopping threads took: 0,0000051 seconds
2017-04-18T22:37:39.918+0200: 3266,405: Total time for which application threads were stopped: 0,0001426 seconds, Stopping threads took: 0,0000846 seconds
2017-04-18T22:37:39.920+0200: 3266,406: Total time for which application threads were stopped: 0,0000836 seconds, Stopping threads took: 0,0000160 seconds
2017-04-18T22:37:39.920+0200: 3266,406: Total time for which application threads were stopped: 0,0000408 seconds, Stopping threads took: 0,0000061 seconds
2017-04-18T22:37:39.920+0200: 3266,406: Total time for which application threads were stopped: 0,0000354 seconds, Stopping threads took: 0,0000049 seconds
2017-04-18T22:37:39.920+0200: 3266,406: Total time for which application threads were stopped: 0,0000364 seconds, Stopping threads took: 0,0000050 seconds
2017-04-18T22:37:39.920+0200: 3266,406: Total time for which application threads were stopped: 0,0000356 seconds, Stopping threads took: 0,0000053 seconds
2017-04-18T22:37:39.920+0200: 3266,406: Total time for which application threads were stopped: 0,0000363 seconds, Stopping threads took: 0,0000051 seconds
2017-04-18T22:37:39.920+0200: 3266,406: Total time for which application threads were stopped: 0,0000358 seconds, Stopping threads took: 0,0000049 seconds
2017-04-18T22:37:39.920+0200: 3266,406: Total time for which application threads were stopped: 0,0000412 seconds, Stopping threads took: 0,0000063 seconds
2017-04-18T22:37:39.920+0200: 3266,407: Total time for which application threads were stopped: 0,0000358 seconds, Stopping threads took: 0,0000051 seconds
2017-04-18T22:37:39.920+0200: 3266,407: Total time for which application threads were stopped: 0,0000336 seconds, Stopping threads took: 0,0000047 seconds
2017-04-18T22:37:39.920+0200: 3266,407: Total time for which application threads were stopped: 0,0000371 seconds, Stopping threads took: 0,0000047 seconds
2017-04-18T22:37:39.920+0200: 3266,407: Total time for which application threads were stopped: 0,0000389 seconds, Stopping threads took: 0,0000077 seconds
2017-04-18T22:37:39.920+0200: 3266,407: Total time for which application threads were stopped: 0,0000370 seconds, Stopping threads took: 0,0000052 seconds
2017-04-18T22:37:39.920+0200: 3266,407: Total time for which application threads were stopped: 0,0000376 seconds, Stopping threads took: 0,0000052 seconds
2017-04-18T22:37:39.943+0200: 3266,429: Total time for which application threads were stopped: 0,0001308 seconds, Stopping threads took: 0,0000521 seconds
2017-04-18T22:37:39.944+0200: 3266,430: Total time for which application threads were stopped: 0,0000997 seconds, Stopping threads took: 0,0000262 seconds
2017-04-18T22:37:39.944+0200: 3266,430: Total time for which application threads were stopped: 0,0000537 seconds, Stopping threads took: 0,0000136 seconds
2017-04-18T22:37:39.944+0200: 3266,430: Total time for which application threads were stopped: 0,0000505 seconds, Stopping threads took: 0,0000121 seconds
2017-04-18T22:37:39.944+0200: 3266,431: Total time for which application threads were stopped: 0,0000471 seconds, Stopping threads took: 0,0000113 seconds
2017-04-18T22:37:39.949+0200: 3266,435: Total time for which application threads were stopped: 0,0001138 seconds, Stopping threads took: 0,0000348 seconds
2017-04-18T22:37:39.949+0200: 3266,435: Total time for which application threads were stopped: 0,0000596 seconds, Stopping threads took: 0,0000170 seconds
2017-04-18T22:37:39.958+0200: 3266,445: Total time for which application threads were stopped: 0,0078467 seconds, Stopping threads took: 0,0077776 seconds
2017-04-18T22:37:39.965+0200: 3266,451: Total time for which application threads were stopped: 0,0000894 seconds, Stopping threads took: 0,0000371 seconds
2017-04-18T22:37:39.965+0200: 3266,451: Total time for which application threads were stopped: 0,0000332 seconds, Stopping threads took: 0,0000070 seconds
2017-04-18T22:37:39.966+0200: 3266,452: Total time for which application threads were stopped: 0,0000708 seconds, Stopping threads took: 0,0000122 seconds
2017-04-18T22:37:39.966+0200: 3266,453: Total time for which application threads were stopped: 0,0000483 seconds, Stopping threads took: 0,0000155 seconds
2017-04-18T22:37:39.966+0200: 3266,453: Total time for which application threads were stopped: 0,0000432 seconds, Stopping threads took: 0,0000133 seconds
2017-04-18T22:37:39.966+0200: 3266,453: Total time for which application threads were stopped: 0,0000441 seconds, Stopping threads took: 0,0000110 seconds
2017-04-18T22:37:39.966+0200: 3266,453: Total time for which application threads were stopped: 0,0000471 seconds, Stopping threads took: 0,0000137 seconds
2017-04-18T22:37:39.966+0200: 3266,453: Total time for which application threads were stopped: 0,0000405 seconds, Stopping threads took: 0,0000111 seconds
2017-04-18T22:37:39.967+0200: 3266,453: Total time for which application threads were stopped: 0,0000429 seconds, Stopping threads took: 0,0000114 seconds
2017-04-18T22:37:39.967+0200: 3266,453: Total time for which application threads were stopped: 0,0000414 seconds, Stopping threads took: 0,0000111 seconds
2017-04-18T22:37:39.968+0200: 3266,455: Total time for which application threads were stopped: 0,0000967 seconds, Stopping threads took: 0,0000304 seconds
2017-04-18T22:37:39.969+0200: 3266,455: Total time for which application threads were stopped: 0,0000605 seconds, Stopping threads took: 0,0000195 seconds
2017-04-18T22:37:39.970+0200: 3266,456: Total time for which application threads were stopped: 0,0000917 seconds, Stopping threads took: 0,0000278 seconds
2017-04-18T22:37:39.970+0200: 3266,456: Total time for which application threads were stopped: 0,0000531 seconds, Stopping threads took: 0,0000179 seconds
2017-04-18T22:37:39.970+0200: 3266,456: Total time for which application threads were stopped: 0,0000455 seconds, Stopping threads took: 0,0000137 seconds
2017-04-18T22:37:39.970+0200: 3266,457: Total time for which application threads were stopped: 0,0000803 seconds, Stopping threads took: 0,0000257 seconds
2017-04-18T22:37:39.970+0200: 3266,457: Total time for which application threads were stopped: 0,0000544 seconds, Stopping threads took: 0,0000181 seconds
2017-04-18T22:37:39.970+0200: 3266,457: Total time for which application threads were stopped: 0,0000531 seconds, Stopping threads took: 0,0000211 seconds
2017-04-18T22:37:39.971+0200: 3266,457: Total time for which application threads were stopped: 0,0001102 seconds, Stopping threads took: 0,0000596 seconds
2017-04-18T22:37:39.971+0200: 3266,457: Total time for which application threads were stopped: 0,0000555 seconds, Stopping threads took: 0,0000212 seconds
2017-04-18T22:37:39.971+0200: 3266,457: Total time for which application threads were stopped: 0,0000490 seconds, Stopping threads took: 0,0000157 seconds
2017-04-18T22:37:39.978+0200: 3266,464: Total time for which application threads were stopped: 0,0068130 seconds, Stopping threads took: 0,0067282 seconds
2017-04-18T22:37:39.979+0200: 3266,465: Total time for which application threads were stopped: 0,0000951 seconds, Stopping threads took: 0,0000326 seconds
2017-04-18T22:37:39.979+0200: 3266,465: Total time for which application threads were stopped: 0,0000424 seconds, Stopping threads took: 0,0000082 seconds
2017-04-18T22:37:39.979+0200: 3266,465: Total time for which application threads were stopped: 0,0000402 seconds, Stopping threads took: 0,0000081 seconds
2017-04-18T22:37:39.980+0200: 3266,466: Total time for which application threads were stopped: 0,0008716 seconds, Stopping threads took: 0,0008065 seconds
2017-04-18T22:37:39.980+0200: 3266,467: Total time for which application threads were stopped: 0,0002797 seconds, Stopping threads took: 0,0002185 seconds
2017-04-18T22:37:39.982+0200: 3266,469: Total time for which application threads were stopped: 0,0000912 seconds, Stopping threads took: 0,0000296 seconds
2017-04-18T22:37:39.982+0200: 3266,469: Total time for which application threads were stopped: 0,0001484 seconds, Stopping threads took: 0,0000132 seconds
2017-04-18T22:37:39.984+0200: 3266,470: Total time for which application threads were stopped: 0,0004499 seconds, Stopping threads took: 0,0003575 seconds
2017-04-18T22:37:39.985+0200: 3266,471: Total time for which application threads were stopped: 0,0001014 seconds, Stopping threads took: 0,0000290 seconds
2017-04-18T22:37:39.987+0200: 3266,473: Total time for which application threads were stopped: 0,0001518 seconds, Stopping threads took: 0,0000289 seconds
Heap
 par new generation   total 109248K, used 52141K [0x00000000e0000000, 0x00000000e8000000, 0x00000000e8000000)
  eden space 87424K,  46% used [0x00000000e0000000, 0x00000000e27fc5a8, 0x00000000e5560000)
  from space 21824K,  51% used [0x00000000e5560000, 0x00000000e604f050, 0x00000000e6ab0000)
  to   space 21824K,   0% used [0x00000000e6ab0000, 0x00000000e6ab0000, 0x00000000e8000000)
 concurrent mark-sweep generation total 393216K, used 9456K [0x00000000e8000000, 0x0000000100000000, 0x0000000100000000)
 Metaspace       used 28115K, capacity 28544K, committed 28796K, reserved 1075200K
  class space    used 3224K, capacity 3389K, committed 3452K, reserved 1048576K
