OpenJDK 64-Bit Server VM (25.131-b11) for linux-amd64 JRE (1.8.0_131-8u131-b11-0ubuntu1.16.04.2-b11), built on May  6 2017 02:45:27 by "buildd" with gcc 5.4.0 20160609
Memory: 4k page, physical 7867740k(7417604k free), swap 8076284k(8076284k free)
CommandLine flags: -XX:CMSInitiatingOccupancyFraction=50 -XX:CMSMaxAbortablePrecleanTime=6000 -XX:+CMSParallelRemarkEnabled -XX:+CMSScavengeBeforeRemark -XX:ConcGCThreads=4 -XX:InitialHeapSize=536870912 -XX:MaxHeapSize=536870912 -XX:MaxTenuringThreshold=8 -XX:NewRatio=3 -XX:OldPLABSize=16 -XX:OnOutOfMemoryError=/opt/solr/bin/oom_solr.sh 8983 /var/solr/logs -XX:ParallelGCThreads=4 -XX:+ParallelRefProcEnabled -XX:PretenureSizeThreshold=67108864 -XX:+PrintGC -XX:+PrintGCApplicationStoppedTime -XX:+PrintGCDateStamps -XX:+PrintGCDetails -XX:+PrintGCTimeStamps -XX:+PrintHeapAtGC -XX:+PrintTenuringDistribution -XX:SurvivorRatio=4 -XX:TargetSurvivorRatio=90 -XX:ThreadStackSize=256 -XX:+UseCMSInitiatingOccupancyOnly -XX:+UseCompressedClassPointers -XX:+UseCompressedOops -XX:+UseConcMarkSweepGC -XX:+UseParNewGC 
2017-06-26T23:00:28.831+0200: 0,153: Total time for which application threads were stopped: 0,0000706 seconds, Stopping threads took: 0,0000132 seconds
2017-06-26T23:00:28.906+0200: 0,228: Total time for which application threads were stopped: 0,0001321 seconds, Stopping threads took: 0,0000126 seconds
2017-06-26T23:00:28.925+0200: 0,247: Total time for which application threads were stopped: 0,0001257 seconds, Stopping threads took: 0,0000141 seconds
2017-06-26T23:00:29.175+0200: 0,497: Total time for which application threads were stopped: 0,0001409 seconds, Stopping threads took: 0,0000168 seconds
2017-06-26T23:00:29.582+0200: 0,904: Total time for which application threads were stopped: 0,0001610 seconds, Stopping threads took: 0,0000250 seconds
2017-06-26T23:00:29.761+0200: 1,083: Total time for which application threads were stopped: 0,0002175 seconds, Stopping threads took: 0,0000179 seconds
2017-06-26T23:00:29.798+0200: 1,120: Total time for which application threads were stopped: 0,0049231 seconds, Stopping threads took: 0,0047434 seconds
2017-06-26T23:00:30.173+0200: 1,495: Total time for which application threads were stopped: 0,0002100 seconds, Stopping threads took: 0,0000214 seconds
2017-06-26T23:00:30.419+0200: 1,741: Total time for which application threads were stopped: 0,0001988 seconds, Stopping threads took: 0,0000160 seconds
2017-06-26T23:00:30.447+0200: 1,769: Total time for which application threads were stopped: 0,0001689 seconds, Stopping threads took: 0,0000148 seconds
2017-06-26T23:00:30.476+0200: 1,798: Total time for which application threads were stopped: 0,0002125 seconds, Stopping threads took: 0,0000246 seconds
2017-06-26T23:00:30.477+0200: 1,799: Total time for which application threads were stopped: 0,0001661 seconds, Stopping threads took: 0,0000203 seconds
2017-06-26T23:00:30.489+0200: 1,811: Total time for which application threads were stopped: 0,0001763 seconds, Stopping threads took: 0,0000165 seconds
2017-06-26T23:00:30.566+0200: 1,888: Total time for which application threads were stopped: 0,0002617 seconds, Stopping threads took: 0,0000343 seconds
2017-06-26T23:00:30.732+0200: 2,054: Total time for which application threads were stopped: 0,0003006 seconds, Stopping threads took: 0,0000796 seconds
{Heap before GC invocations=0 (full 0):
 par new generation   total 109248K, used 87424K [0x00000000e0000000, 0x00000000e8000000, 0x00000000e8000000)
  eden space 87424K, 100% used [0x00000000e0000000, 0x00000000e5560000, 0x00000000e5560000)
  from space 21824K,   0% used [0x00000000e5560000, 0x00000000e5560000, 0x00000000e6ab0000)
  to   space 21824K,   0% used [0x00000000e6ab0000, 0x00000000e6ab0000, 0x00000000e8000000)
 concurrent mark-sweep generation total 393216K, used 0K [0x00000000e8000000, 0x0000000100000000, 0x0000000100000000)
 Metaspace       used 18015K, capacity 18336K, committed 18688K, reserved 1064960K
  class space    used 2037K, capacity 2196K, committed 2304K, reserved 1048576K
2017-06-26T23:00:30.830+0200: 2,152: [GC (Allocation Failure) 2017-06-26T23:00:30.830+0200: 2,152: [ParNew
Desired survivor size 20112992 bytes, new threshold 8 (max 8)
- age   1:   12609784 bytes,   12609784 total
: 87424K->12412K(109248K), 0,0166942 secs] 87424K->12412K(502464K), 0,0167930 secs] [Times: user=0,05 sys=0,02, real=0,02 secs] 
Heap after GC invocations=1 (full 0):
 par new generation   total 109248K, used 12412K [0x00000000e0000000, 0x00000000e8000000, 0x00000000e8000000)
  eden space 87424K,   0% used [0x00000000e0000000, 0x00000000e0000000, 0x00000000e5560000)
  from space 21824K,  56% used [0x00000000e6ab0000, 0x00000000e76cf220, 0x00000000e8000000)
  to   space 21824K,   0% used [0x00000000e5560000, 0x00000000e5560000, 0x00000000e6ab0000)
 concurrent mark-sweep generation total 393216K, used 0K [0x00000000e8000000, 0x0000000100000000, 0x0000000100000000)
 Metaspace       used 18015K, capacity 18336K, committed 18688K, reserved 1064960K
  class space    used 2037K, capacity 2196K, committed 2304K, reserved 1048576K
}
2017-06-26T23:00:30.847+0200: 2,169: Total time for which application threads were stopped: 0,0170833 seconds, Stopping threads took: 0,0000539 seconds
2017-06-26T23:00:31.126+0200: 2,448: Total time for which application threads were stopped: 0,0003684 seconds, Stopping threads took: 0,0000662 seconds
{Heap before GC invocations=1 (full 0):
 par new generation   total 109248K, used 99836K [0x00000000e0000000, 0x00000000e8000000, 0x00000000e8000000)
  eden space 87424K, 100% used [0x00000000e0000000, 0x00000000e5560000, 0x00000000e5560000)
  from space 21824K,  56% used [0x00000000e6ab0000, 0x00000000e76cf220, 0x00000000e8000000)
  to   space 21824K,   0% used [0x00000000e5560000, 0x00000000e5560000, 0x00000000e6ab0000)
 concurrent mark-sweep generation total 393216K, used 0K [0x00000000e8000000, 0x0000000100000000, 0x0000000100000000)
 Metaspace       used 20040K, capacity 20368K, committed 20736K, reserved 1067008K
  class space    used 2296K, capacity 2472K, committed 2560K, reserved 1048576K
2017-06-26T23:00:31.180+0200: 2,502: [GC (Allocation Failure) 2017-06-26T23:00:31.180+0200: 2,502: [ParNew
Desired survivor size 20112992 bytes, new threshold 8 (max 8)
- age   1:    3840688 bytes,    3840688 total
- age   2:    6744104 bytes,   10584792 total
: 99836K->15675K(109248K), 0,0150676 secs] 99836K->15675K(502464K), 0,0151419 secs] [Times: user=0,06 sys=0,00, real=0,01 secs] 
Heap after GC invocations=2 (full 0):
 par new generation   total 109248K, used 15675K [0x00000000e0000000, 0x00000000e8000000, 0x00000000e8000000)
  eden space 87424K,   0% used [0x00000000e0000000, 0x00000000e0000000, 0x00000000e5560000)
  from space 21824K,  71% used [0x00000000e5560000, 0x00000000e64aee00, 0x00000000e6ab0000)
  to   space 21824K,   0% used [0x00000000e6ab0000, 0x00000000e6ab0000, 0x00000000e8000000)
 concurrent mark-sweep generation total 393216K, used 0K [0x00000000e8000000, 0x0000000100000000, 0x0000000100000000)
 Metaspace       used 20040K, capacity 20368K, committed 20736K, reserved 1067008K
  class space    used 2296K, capacity 2472K, committed 2560K, reserved 1048576K
}
2017-06-26T23:00:31.195+0200: 2,517: Total time for which application threads were stopped: 0,0154629 seconds, Stopping threads took: 0,0001689 seconds
2017-06-26T23:00:31.204+0200: 2,526: Total time for which application threads were stopped: 0,0003719 seconds, Stopping threads took: 0,0000572 seconds
2017-06-26T23:00:31.266+0200: 2,588: Total time for which application threads were stopped: 0,0002704 seconds, Stopping threads took: 0,0000173 seconds
2017-06-26T23:00:31.383+0200: 2,705: Total time for which application threads were stopped: 0,0002436 seconds, Stopping threads took: 0,0000717 seconds
{Heap before GC invocations=2 (full 0):
 par new generation   total 109248K, used 103085K [0x00000000e0000000, 0x00000000e8000000, 0x00000000e8000000)
  eden space 87424K,  99% used [0x00000000e0000000, 0x00000000e555c658, 0x00000000e5560000)
  from space 21824K,  71% used [0x00000000e5560000, 0x00000000e64aee00, 0x00000000e6ab0000)
  to   space 21824K,   0% used [0x00000000e6ab0000, 0x00000000e6ab0000, 0x00000000e8000000)
 concurrent mark-sweep generation total 393216K, used 0K [0x00000000e8000000, 0x0000000100000000, 0x0000000100000000)
 Metaspace       used 20990K, capacity 21290K, committed 21628K, reserved 1069056K
  class space    used 2420K, capacity 2591K, committed 2684K, reserved 1048576K
2017-06-26T23:00:31.423+0200: 2,745: [GC (Allocation Failure) 2017-06-26T23:00:31.423+0200: 2,745: [ParNew
Desired survivor size 20112992 bytes, new threshold 8 (max 8)
- age   1:    2150040 bytes,    2150040 total
- age   2:     847264 bytes,    2997304 total
- age   3:    6660304 bytes,    9657608 total
: 103085K->12450K(109248K), 0,0103824 secs] 103085K->12450K(502464K), 0,0104579 secs] [Times: user=0,03 sys=0,00, real=0,01 secs] 
Heap after GC invocations=3 (full 0):
 par new generation   total 109248K, used 12450K [0x00000000e0000000, 0x00000000e8000000, 0x00000000e8000000)
  eden space 87424K,   0% used [0x00000000e0000000, 0x00000000e0000000, 0x00000000e5560000)
  from space 21824K,  57% used [0x00000000e6ab0000, 0x00000000e76d8b30, 0x00000000e8000000)
  to   space 21824K,   0% used [0x00000000e5560000, 0x00000000e5560000, 0x00000000e6ab0000)
 concurrent mark-sweep generation total 393216K, used 0K [0x00000000e8000000, 0x0000000100000000, 0x0000000100000000)
 Metaspace       used 20990K, capacity 21290K, committed 21628K, reserved 1069056K
  class space    used 2420K, capacity 2591K, committed 2684K, reserved 1048576K
}
2017-06-26T23:00:31.433+0200: 2,755: Total time for which application threads were stopped: 0,0111734 seconds, Stopping threads took: 0,0005714 seconds
2017-06-26T23:00:31.437+0200: 2,759: [GC (CMS Initial Mark) [1 CMS-initial-mark: 0K(393216K)] 16009K(502464K), 0,0051346 secs] [Times: user=0,02 sys=0,00, real=0,01 secs] 
2017-06-26T23:00:31.442+0200: 2,764: Total time for which application threads were stopped: 0,0053056 seconds, Stopping threads took: 0,0000756 seconds
2017-06-26T23:00:31.443+0200: 2,765: [CMS-concurrent-mark-start]
2017-06-26T23:00:31.443+0200: 2,765: [CMS-concurrent-mark: 0,000/0,000 secs] [Times: user=0,00 sys=0,00, real=0,00 secs] 
2017-06-26T23:00:31.443+0200: 2,765: [CMS-concurrent-preclean-start]
2017-06-26T23:00:31.444+0200: 2,766: [CMS-concurrent-preclean: 0,001/0,001 secs] [Times: user=0,00 sys=0,00, real=0,00 secs] 
2017-06-26T23:00:31.444+0200: 2,766: [CMS-concurrent-abortable-preclean-start]
2017-06-26T23:00:31.517+0200: 2,839: Total time for which application threads were stopped: 0,0001908 seconds, Stopping threads took: 0,0001054 seconds
{Heap before GC invocations=3 (full 1):
 par new generation   total 109248K, used 99874K [0x00000000e0000000, 0x00000000e8000000, 0x00000000e8000000)
  eden space 87424K, 100% used [0x00000000e0000000, 0x00000000e5560000, 0x00000000e5560000)
  from space 21824K,  57% used [0x00000000e6ab0000, 0x00000000e76d8b30, 0x00000000e8000000)
  to   space 21824K,   0% used [0x00000000e5560000, 0x00000000e5560000, 0x00000000e6ab0000)
 concurrent mark-sweep generation total 393216K, used 0K [0x00000000e8000000, 0x0000000100000000, 0x0000000100000000)
 Metaspace       used 21242K, capacity 21621K, committed 21884K, reserved 1069056K
  class space    used 2446K, capacity 2605K, committed 2684K, reserved 1048576K
2017-06-26T23:00:31.551+0200: 2,873: [GC (Allocation Failure) 2017-06-26T23:00:31.551+0200: 2,873: [ParNew
Desired survivor size 20112992 bytes, new threshold 8 (max 8)
- age   1:    1150576 bytes,    1150576 total
- age   2:    1460328 bytes,    2610904 total
- age   3:     813888 bytes,    3424792 total
- age   4:    6660336 bytes,   10085128 total
: 99874K->11671K(109248K), 0,0105443 secs] 99874K->11671K(502464K), 0,0106295 secs] [Times: user=0,04 sys=0,00, real=0,01 secs] 
Heap after GC invocations=4 (full 1):
 par new generation   total 109248K, used 11671K [0x00000000e0000000, 0x00000000e8000000, 0x00000000e8000000)
  eden space 87424K,   0% used [0x00000000e0000000, 0x00000000e0000000, 0x00000000e5560000)
  from space 21824K,  53% used [0x00000000e5560000, 0x00000000e60c5e40, 0x00000000e6ab0000)
  to   space 21824K,   0% used [0x00000000e6ab0000, 0x00000000e6ab0000, 0x00000000e8000000)
 concurrent mark-sweep generation total 393216K, used 0K [0x00000000e8000000, 0x0000000100000000, 0x0000000100000000)
 Metaspace       used 21242K, capacity 21621K, committed 21884K, reserved 1069056K
  class space    used 2446K, capacity 2605K, committed 2684K, reserved 1048576K
}
2017-06-26T23:00:31.562+0200: 2,884: Total time for which application threads were stopped: 0,0108486 seconds, Stopping threads took: 0,0000555 seconds
2017-06-26T23:00:31.562+0200: 2,884: [CMS-concurrent-abortable-preclean: 0,074/0,118 secs] [Times: user=0,46 sys=0,00, real=0,12 secs] 
2017-06-26T23:00:31.562+0200: 2,884: [GC (CMS Final Remark) [YG occupancy: 12353 K (109248 K)]{Heap before GC invocations=4 (full 1):
 par new generation   total 109248K, used 12353K [0x00000000e0000000, 0x00000000e8000000, 0x00000000e8000000)
  eden space 87424K,   0% used [0x00000000e0000000, 0x00000000e00aa978, 0x00000000e5560000)
  from space 21824K,  53% used [0x00000000e5560000, 0x00000000e60c5e40, 0x00000000e6ab0000)
  to   space 21824K,   0% used [0x00000000e6ab0000, 0x00000000e6ab0000, 0x00000000e8000000)
 concurrent mark-sweep generation total 393216K, used 0K [0x00000000e8000000, 0x0000000100000000, 0x0000000100000000)
 Metaspace       used 21242K, capacity 21621K, committed 21884K, reserved 1069056K
  class space    used 2446K, capacity 2605K, committed 2684K, reserved 1048576K
2017-06-26T23:00:31.562+0200: 2,884: [GC (CMS Final Remark) 2017-06-26T23:00:31.562+0200: 2,884: [ParNew
Desired survivor size 20112992 bytes, new threshold 8 (max 8)
- age   1:     114840 bytes,     114840 total
- age   2:    1130992 bytes,    1245832 total
- age   3:    1460256 bytes,    2706088 total
- age   4:     813888 bytes,    3519976 total
- age   5:    6660464 bytes,   10180440 total
: 12353K->12830K(109248K), 0,0111356 secs] 12353K->12830K(502464K), 0,0111710 secs] [Times: user=0,03 sys=0,00, real=0,01 secs] 
Heap after GC invocations=5 (full 1):
 par new generation   total 109248K, used 12830K [0x00000000e0000000, 0x00000000e8000000, 0x00000000e8000000)
  eden space 87424K,   0% used [0x00000000e0000000, 0x00000000e0000000, 0x00000000e5560000)
  from space 21824K,  58% used [0x00000000e6ab0000, 0x00000000e7737a20, 0x00000000e8000000)
  to   space 21824K,   0% used [0x00000000e5560000, 0x00000000e5560000, 0x00000000e6ab0000)
 concurrent mark-sweep generation total 393216K, used 0K [0x00000000e8000000, 0x0000000100000000, 0x0000000100000000)
 Metaspace       used 21242K, capacity 21621K, committed 21884K, reserved 1069056K
  class space    used 2446K, capacity 2605K, committed 2684K, reserved 1048576K
}
2017-06-26T23:00:31.573+0200: 2,895: [Rescan (parallel) , 0,0036617 secs]2017-06-26T23:00:31.577+0200: 2,899: [weak refs processing, 0,0005123 secs]2017-06-26T23:00:31.577+0200: 2,899: [class unloading, 0,0028386 secs]2017-06-26T23:00:31.580+0200: 2,902: [scrub symbol table, 0,0025513 secs]2017-06-26T23:00:31.583+0200: 2,905: [scrub string table, 0,0003653 secs][1 CMS-remark: 0K(393216K)] 12830K(502464K), 0,0217391 secs] [Times: user=0,06 sys=0,00, real=0,02 secs] 
2017-06-26T23:00:31.584+0200: 2,906: Total time for which application threads were stopped: 0,0218570 seconds, Stopping threads took: 0,0000415 seconds
2017-06-26T23:00:31.584+0200: 2,906: [CMS-concurrent-sweep-start]
2017-06-26T23:00:31.584+0200: 2,906: [CMS-concurrent-sweep: 0,000/0,000 secs] [Times: user=0,00 sys=0,00, real=0,00 secs] 
2017-06-26T23:00:31.584+0200: 2,906: [CMS-concurrent-reset-start]
2017-06-26T23:00:31.586+0200: 2,908: [CMS-concurrent-reset: 0,002/0,002 secs] [Times: user=0,00 sys=0,00, real=0,00 secs] 
{Heap before GC invocations=5 (full 1):
 par new generation   total 109248K, used 100254K [0x00000000e0000000, 0x00000000e8000000, 0x00000000e8000000)
  eden space 87424K, 100% used [0x00000000e0000000, 0x00000000e5560000, 0x00000000e5560000)
  from space 21824K,  58% used [0x00000000e6ab0000, 0x00000000e7737a20, 0x00000000e8000000)
  to   space 21824K,   0% used [0x00000000e5560000, 0x00000000e5560000, 0x00000000e6ab0000)
 concurrent mark-sweep generation total 393216K, used 0K [0x00000000e8000000, 0x0000000100000000, 0x0000000100000000)
 Metaspace       used 21358K, capacity 21781K, committed 21884K, reserved 1069056K
  class space    used 2465K, capacity 2637K, committed 2684K, reserved 1048576K
2017-06-26T23:00:31.666+0200: 2,988: [GC (Allocation Failure) 2017-06-26T23:00:31.666+0200: 2,988: [ParNew
Desired survivor size 20112992 bytes, new threshold 8 (max 8)
- age   1:    1666304 bytes,    1666304 total
- age   3:     179592 bytes,    1845896 total
- age   4:    1459872 bytes,    3305768 total
- age   5:     811840 bytes,    4117608 total
- age   6:    6660384 bytes,   10777992 total
: 100254K->13199K(109248K), 0,0113991 secs] 100254K->13199K(502464K), 0,0114719 secs] [Times: user=0,04 sys=0,00, real=0,01 secs] 
Heap after GC invocations=6 (full 1):
 par new generation   total 109248K, used 13199K [0x00000000e0000000, 0x00000000e8000000, 0x00000000e8000000)
  eden space 87424K,   0% used [0x00000000e0000000, 0x00000000e0000000, 0x00000000e5560000)
  from space 21824K,  60% used [0x00000000e5560000, 0x00000000e6243ec8, 0x00000000e6ab0000)
  to   space 21824K,   0% used [0x00000000e6ab0000, 0x00000000e6ab0000, 0x00000000e8000000)
 concurrent mark-sweep generation total 393216K, used 0K [0x00000000e8000000, 0x0000000100000000, 0x0000000100000000)
 Metaspace       used 21358K, capacity 21781K, committed 21884K, reserved 1069056K
  class space    used 2465K, capacity 2637K, committed 2684K, reserved 1048576K
}
2017-06-26T23:00:31.678+0200: 3,000: Total time for which application threads were stopped: 0,0116932 seconds, Stopping threads took: 0,0000705 seconds
2017-06-26T23:00:31.717+0200: 3,039: Total time for which application threads were stopped: 0,0003197 seconds, Stopping threads took: 0,0000226 seconds
2017-06-26T23:00:31.990+0200: 3,312: Total time for which application threads were stopped: 0,0004887 seconds, Stopping threads took: 0,0000488 seconds
2017-06-26T23:00:32.004+0200: 3,326: Total time for which application threads were stopped: 0,0004122 seconds, Stopping threads took: 0,0000287 seconds
{Heap before GC invocations=6 (full 1):
 par new generation   total 109248K, used 100623K [0x00000000e0000000, 0x00000000e8000000, 0x00000000e8000000)
  eden space 87424K, 100% used [0x00000000e0000000, 0x00000000e5560000, 0x00000000e5560000)
  from space 21824K,  60% used [0x00000000e5560000, 0x00000000e6243ec8, 0x00000000e6ab0000)
  to   space 21824K,   0% used [0x00000000e6ab0000, 0x00000000e6ab0000, 0x00000000e8000000)
 concurrent mark-sweep generation total 393216K, used 0K [0x00000000e8000000, 0x0000000100000000, 0x0000000100000000)
 Metaspace       used 23987K, capacity 24453K, committed 24572K, reserved 1071104K
  class space    used 2833K, capacity 3013K, committed 3068K, reserved 1048576K
2017-06-26T23:00:32.152+0200: 3,474: [GC (Allocation Failure) 2017-06-26T23:00:32.152+0200: 3,474: [ParNew
Desired survivor size 20112992 bytes, new threshold 8 (max 8)
- age   1:    5505224 bytes,    5505224 total
- age   2:     109880 bytes,    5615104 total
- age   4:     178200 bytes,    5793304 total
- age   5:     289944 bytes,    6083248 total
- age   6:     787456 bytes,    6870704 total
- age   7:    6652128 bytes,   13522832 total
: 100623K->18721K(109248K), 0,0119413 secs] 100623K->18721K(502464K), 0,0120041 secs] [Times: user=0,04 sys=0,00, real=0,01 secs] 
Heap after GC invocations=7 (full 1):
 par new generation   total 109248K, used 18721K [0x00000000e0000000, 0x00000000e8000000, 0x00000000e8000000)
  eden space 87424K,   0% used [0x00000000e0000000, 0x00000000e0000000, 0x00000000e5560000)
  from space 21824K,  85% used [0x00000000e6ab0000, 0x00000000e7cf8500, 0x00000000e8000000)
  to   space 21824K,   0% used [0x00000000e5560000, 0x00000000e5560000, 0x00000000e6ab0000)
 concurrent mark-sweep generation total 393216K, used 0K [0x00000000e8000000, 0x0000000100000000, 0x0000000100000000)
 Metaspace       used 23987K, capacity 24453K, committed 24572K, reserved 1071104K
  class space    used 2833K, capacity 3013K, committed 3068K, reserved 1048576K
}
2017-06-26T23:00:32.164+0200: 3,487: Total time for which application threads were stopped: 0,0123379 seconds, Stopping threads took: 0,0001177 seconds
{Heap before GC invocations=7 (full 1):
 par new generation   total 109248K, used 106145K [0x00000000e0000000, 0x00000000e8000000, 0x00000000e8000000)
  eden space 87424K, 100% used [0x00000000e0000000, 0x00000000e5560000, 0x00000000e5560000)
  from space 21824K,  85% used [0x00000000e6ab0000, 0x00000000e7cf8500, 0x00000000e8000000)
  to   space 21824K,   0% used [0x00000000e5560000, 0x00000000e5560000, 0x00000000e6ab0000)
 concurrent mark-sweep generation total 393216K, used 0K [0x00000000e8000000, 0x0000000100000000, 0x0000000100000000)
 Metaspace       used 24504K, capacity 25003K, committed 25084K, reserved 1071104K
  class space    used 2869K, capacity 3046K, committed 3068K, reserved 1048576K
2017-06-26T23:00:32.273+0200: 3,595: [GC (Allocation Failure) 2017-06-26T23:00:32.273+0200: 3,595: [ParNew
Desired survivor size 20112992 bytes, new threshold 8 (max 8)
- age   1:    1780912 bytes,    1780912 total
- age   2:    1818944 bytes,    3599856 total
- age   3:      57960 bytes,    3657816 total
- age   5:      98952 bytes,    3756768 total
- age   6:     191784 bytes,    3948552 total
- age   7:     744464 bytes,    4693016 total
- age   8:    6119184 bytes,   10812200 total
: 106145K->14584K(109248K), 0,0104348 secs] 106145K->14584K(502464K), 0,0105130 secs] [Times: user=0,04 sys=0,00, real=0,01 secs] 
Heap after GC invocations=8 (full 1):
 par new generation   total 109248K, used 14584K [0x00000000e0000000, 0x00000000e8000000, 0x00000000e8000000)
  eden space 87424K,   0% used [0x00000000e0000000, 0x00000000e0000000, 0x00000000e5560000)
  from space 21824K,  66% used [0x00000000e5560000, 0x00000000e639e2c0, 0x00000000e6ab0000)
  to   space 21824K,   0% used [0x00000000e6ab0000, 0x00000000e6ab0000, 0x00000000e8000000)
 concurrent mark-sweep generation total 393216K, used 0K [0x00000000e8000000, 0x0000000100000000, 0x0000000100000000)
 Metaspace       used 24504K, capacity 25003K, committed 25084K, reserved 1071104K
  class space    used 2869K, capacity 3046K, committed 3068K, reserved 1048576K
}
2017-06-26T23:00:32.284+0200: 3,606: Total time for which application threads were stopped: 0,0132360 seconds, Stopping threads took: 0,0025495 seconds
{Heap before GC invocations=8 (full 1):
 par new generation   total 109248K, used 102008K [0x00000000e0000000, 0x00000000e8000000, 0x00000000e8000000)
  eden space 87424K, 100% used [0x00000000e0000000, 0x00000000e5560000, 0x00000000e5560000)
  from space 21824K,  66% used [0x00000000e5560000, 0x00000000e639e2c0, 0x00000000e6ab0000)
  to   space 21824K,   0% used [0x00000000e6ab0000, 0x00000000e6ab0000, 0x00000000e8000000)
 concurrent mark-sweep generation total 393216K, used 0K [0x00000000e8000000, 0x0000000100000000, 0x0000000100000000)
 Metaspace       used 24923K, capacity 25381K, committed 25724K, reserved 1071104K
  class space    used 2905K, capacity 3083K, committed 3196K, reserved 1048576K
2017-06-26T23:00:32.390+0200: 3,712: [GC (Allocation Failure) 2017-06-26T23:00:32.390+0200: 3,712: [ParNew
Desired survivor size 20112992 bytes, new threshold 8 (max 8)
- age   1:     738688 bytes,     738688 total
- age   2:     597784 bytes,    1336472 total
- age   3:    1796064 bytes,    3132536 total
- age   4:      57960 bytes,    3190496 total
- age   6:      96400 bytes,    3286896 total
- age   7:     191224 bytes,    3478120 total
- age   8:     743664 bytes,    4221784 total
: 102008K->8673K(109248K), 0,0310211 secs] 102008K->14732K(502464K), 0,0310910 secs] [Times: user=0,10 sys=0,00, real=0,03 secs] 
Heap after GC invocations=9 (full 1):
 par new generation   total 109248K, used 8673K [0x00000000e0000000, 0x00000000e8000000, 0x00000000e8000000)
  eden space 87424K,   0% used [0x00000000e0000000, 0x00000000e0000000, 0x00000000e5560000)
  from space 21824K,  39% used [0x00000000e6ab0000, 0x00000000e7328790, 0x00000000e8000000)
  to   space 21824K,   0% used [0x00000000e5560000, 0x00000000e5560000, 0x00000000e6ab0000)
 concurrent mark-sweep generation total 393216K, used 6058K [0x00000000e8000000, 0x0000000100000000, 0x0000000100000000)
 Metaspace       used 24923K, capacity 25381K, committed 25724K, reserved 1071104K
  class space    used 2905K, capacity 3083K, committed 3196K, reserved 1048576K
}
2017-06-26T23:00:32.421+0200: 3,743: Total time for which application threads were stopped: 0,0313218 seconds, Stopping threads took: 0,0000565 seconds
2017-06-26T23:00:32.700+0200: 4,022: Total time for which application threads were stopped: 0,0005536 seconds, Stopping threads took: 0,0000485 seconds
2017-06-26T23:00:32.716+0200: 4,038: Total time for which application threads were stopped: 0,0005241 seconds, Stopping threads took: 0,0000264 seconds
2017-06-26T23:00:32.740+0200: 4,062: Total time for which application threads were stopped: 0,0006212 seconds, Stopping threads took: 0,0000558 seconds
2017-06-26T23:00:32.768+0200: 4,090: Total time for which application threads were stopped: 0,0001632 seconds, Stopping threads took: 0,0000443 seconds
2017-06-26T23:00:32.770+0200: 4,092: Total time for which application threads were stopped: 0,0001378 seconds, Stopping threads took: 0,0000363 seconds
2017-06-26T23:00:32.771+0200: 4,093: Total time for which application threads were stopped: 0,0001439 seconds, Stopping threads took: 0,0000363 seconds
2017-06-26T23:00:32.775+0200: 4,097: Total time for which application threads were stopped: 0,0001972 seconds, Stopping threads took: 0,0000962 seconds
2017-06-26T23:00:32.776+0200: 4,098: Total time for which application threads were stopped: 0,0004619 seconds, Stopping threads took: 0,0000257 seconds
2017-06-26T23:00:32.777+0200: 4,099: Total time for which application threads were stopped: 0,0001730 seconds, Stopping threads took: 0,0000609 seconds
2017-06-26T23:00:32.778+0200: 4,100: Total time for which application threads were stopped: 0,0001598 seconds, Stopping threads took: 0,0000362 seconds
2017-06-26T23:00:32.778+0200: 4,100: Total time for which application threads were stopped: 0,0001468 seconds, Stopping threads took: 0,0000405 seconds
2017-06-26T23:00:32.778+0200: 4,100: Total time for which application threads were stopped: 0,0001025 seconds, Stopping threads took: 0,0000289 seconds
2017-06-26T23:00:32.779+0200: 4,101: Total time for which application threads were stopped: 0,0001434 seconds, Stopping threads took: 0,0000304 seconds
2017-06-26T23:00:32.790+0200: 4,112: Total time for which application threads were stopped: 0,0001511 seconds, Stopping threads took: 0,0000419 seconds
2017-06-26T23:00:32.798+0200: 4,120: Total time for which application threads were stopped: 0,0001633 seconds, Stopping threads took: 0,0000491 seconds
2017-06-26T23:00:32.798+0200: 4,120: Total time for which application threads were stopped: 0,0001258 seconds, Stopping threads took: 0,0000364 seconds
2017-06-26T23:00:32.800+0200: 4,122: Total time for which application threads were stopped: 0,0001713 seconds, Stopping threads took: 0,0000445 seconds
2017-06-26T23:00:32.800+0200: 4,122: Total time for which application threads were stopped: 0,0001220 seconds, Stopping threads took: 0,0000288 seconds
2017-06-26T23:00:32.801+0200: 4,123: Total time for which application threads were stopped: 0,0001078 seconds, Stopping threads took: 0,0000255 seconds
2017-06-26T23:00:32.803+0200: 4,125: Total time for which application threads were stopped: 0,0019566 seconds, Stopping threads took: 0,0019090 seconds
2017-06-26T23:00:32.803+0200: 4,125: Total time for which application threads were stopped: 0,0000661 seconds, Stopping threads took: 0,0000230 seconds
2017-06-26T23:00:32.807+0200: 4,129: Total time for which application threads were stopped: 0,0002916 seconds, Stopping threads took: 0,0002147 seconds
2017-06-26T23:00:32.807+0200: 4,129: Total time for which application threads were stopped: 0,0000743 seconds, Stopping threads took: 0,0000266 seconds
2017-06-26T23:00:32.807+0200: 4,129: Total time for which application threads were stopped: 0,0000914 seconds, Stopping threads took: 0,0000232 seconds
2017-06-26T23:00:32.807+0200: 4,129: Total time for which application threads were stopped: 0,0000652 seconds, Stopping threads took: 0,0000201 seconds
2017-06-26T23:00:32.808+0200: 4,130: Total time for which application threads were stopped: 0,0001896 seconds, Stopping threads took: 0,0000173 seconds
2017-06-26T23:00:32.815+0200: 4,137: Total time for which application threads were stopped: 0,0043457 seconds, Stopping threads took: 0,0042671 seconds
2017-06-26T23:00:32.815+0200: 4,137: Total time for which application threads were stopped: 0,0001578 seconds, Stopping threads took: 0,0000757 seconds
2017-06-26T23:00:32.827+0200: 4,149: Total time for which application threads were stopped: 0,0003209 seconds, Stopping threads took: 0,0001788 seconds
2017-06-26T23:00:32.827+0200: 4,149: Total time for which application threads were stopped: 0,0001262 seconds, Stopping threads took: 0,0000437 seconds
2017-06-26T23:00:32.830+0200: 4,152: Total time for which application threads were stopped: 0,0031203 seconds, Stopping threads took: 0,0029980 seconds
2017-06-26T23:00:32.830+0200: 4,152: Total time for which application threads were stopped: 0,0000967 seconds, Stopping threads took: 0,0000189 seconds
2017-06-26T23:00:32.831+0200: 4,153: Total time for which application threads were stopped: 0,0002685 seconds, Stopping threads took: 0,0001696 seconds
2017-06-26T23:00:32.831+0200: 4,153: Total time for which application threads were stopped: 0,0000999 seconds, Stopping threads took: 0,0000233 seconds
2017-06-26T23:00:32.831+0200: 4,153: Total time for which application threads were stopped: 0,0001274 seconds, Stopping threads took: 0,0000245 seconds
2017-06-26T23:00:32.831+0200: 4,153: Total time for which application threads were stopped: 0,0000959 seconds, Stopping threads took: 0,0000126 seconds
2017-06-26T23:00:32.831+0200: 4,153: Total time for which application threads were stopped: 0,0000913 seconds, Stopping threads took: 0,0000236 seconds
2017-06-26T23:00:32.831+0200: 4,153: Total time for which application threads were stopped: 0,0001240 seconds, Stopping threads took: 0,0000710 seconds
2017-06-26T23:00:32.832+0200: 4,154: Total time for which application threads were stopped: 0,0000877 seconds, Stopping threads took: 0,0000228 seconds
2017-06-26T23:00:32.832+0200: 4,154: Total time for which application threads were stopped: 0,0000728 seconds, Stopping threads took: 0,0000115 seconds
2017-06-26T23:00:32.832+0200: 4,154: Total time for which application threads were stopped: 0,0000833 seconds, Stopping threads took: 0,0000300 seconds
2017-06-26T23:00:32.832+0200: 4,154: Total time for which application threads were stopped: 0,0003122 seconds, Stopping threads took: 0,0002530 seconds
2017-06-26T23:00:32.832+0200: 4,154: Total time for which application threads were stopped: 0,0000654 seconds, Stopping threads took: 0,0000222 seconds
2017-06-26T23:00:32.833+0200: 4,155: Total time for which application threads were stopped: 0,0000725 seconds, Stopping threads took: 0,0000123 seconds
2017-06-26T23:00:32.833+0200: 4,155: Total time for which application threads were stopped: 0,0000665 seconds, Stopping threads took: 0,0000124 seconds
2017-06-26T23:00:32.833+0200: 4,155: Total time for which application threads were stopped: 0,0000613 seconds, Stopping threads took: 0,0000089 seconds
2017-06-26T23:00:32.833+0200: 4,155: Total time for which application threads were stopped: 0,0001476 seconds, Stopping threads took: 0,0000936 seconds
2017-06-26T23:00:32.833+0200: 4,155: Total time for which application threads were stopped: 0,0000711 seconds, Stopping threads took: 0,0000099 seconds
2017-06-26T23:00:32.833+0200: 4,155: Total time for which application threads were stopped: 0,0002134 seconds, Stopping threads took: 0,0000112 seconds
2017-06-26T23:00:32.868+0200: 4,190: Total time for which application threads were stopped: 0,0002048 seconds, Stopping threads took: 0,0000840 seconds
2017-06-26T23:00:32.916+0200: 4,238: Total time for which application threads were stopped: 0,0004926 seconds, Stopping threads took: 0,0000483 seconds
2017-06-26T23:00:32.922+0200: 4,244: Total time for which application threads were stopped: 0,0001431 seconds, Stopping threads took: 0,0000515 seconds
2017-06-26T23:00:32.931+0200: 4,253: Total time for which application threads were stopped: 0,0001094 seconds, Stopping threads took: 0,0000232 seconds
2017-06-26T23:00:33.931+0200: 5,253: Total time for which application threads were stopped: 0,0000771 seconds, Stopping threads took: 0,0000177 seconds
2017-06-26T23:02:30.942+0200: 122,264: Total time for which application threads were stopped: 0,0002050 seconds, Stopping threads took: 0,0001330 seconds
{Heap before GC invocations=9 (full 1):
 par new generation   total 109248K, used 96097K [0x00000000e0000000, 0x00000000e8000000, 0x00000000e8000000)
  eden space 87424K, 100% used [0x00000000e0000000, 0x00000000e5560000, 0x00000000e5560000)
  from space 21824K,  39% used [0x00000000e6ab0000, 0x00000000e7328790, 0x00000000e8000000)
  to   space 21824K,   0% used [0x00000000e5560000, 0x00000000e5560000, 0x00000000e6ab0000)
 concurrent mark-sweep generation total 393216K, used 6058K [0x00000000e8000000, 0x0000000100000000, 0x0000000100000000)
 Metaspace       used 28033K, capacity 28621K, committed 28796K, reserved 1075200K
  class space    used 3214K, capacity 3391K, committed 3452K, reserved 1048576K
2017-06-26T23:03:24.624+0200: 175,947: [GC (Allocation Failure) 2017-06-26T23:03:24.625+0200: 175,947: [ParNew
Desired survivor size 20112992 bytes, new threshold 8 (max 8)
- age   1:   10764592 bytes,   10764592 total
- age   2:     259784 bytes,   11024376 total
- age   3:     207240 bytes,   11231616 total
- age   4:    1791256 bytes,   13022872 total
- age   5:      57960 bytes,   13080832 total
- age   7:      96272 bytes,   13177104 total
- age   8:     191128 bytes,   13368232 total
: 96097K->13525K(109248K), 0,0251722 secs] 102156K->20395K(502464K), 0,0252939 secs] [Times: user=0,09 sys=0,00, real=0,03 secs] 
Heap after GC invocations=10 (full 1):
 par new generation   total 109248K, used 13525K [0x00000000e0000000, 0x00000000e8000000, 0x00000000e8000000)
  eden space 87424K,   0% used [0x00000000e0000000, 0x00000000e0000000, 0x00000000e5560000)
  from space 21824K,  61% used [0x00000000e5560000, 0x00000000e62955e0, 0x00000000e6ab0000)
  to   space 21824K,   0% used [0x00000000e6ab0000, 0x00000000e6ab0000, 0x00000000e8000000)
 concurrent mark-sweep generation total 393216K, used 6870K [0x00000000e8000000, 0x0000000100000000, 0x0000000100000000)
 Metaspace       used 28033K, capacity 28621K, committed 28796K, reserved 1075200K
  class space    used 3214K, capacity 3391K, committed 3452K, reserved 1048576K
}
2017-06-26T23:03:24.650+0200: 175,972: Total time for which application threads were stopped: 0,0256340 seconds, Stopping threads took: 0,0001332 seconds
2017-06-26T23:03:24.650+0200: 175,972: Total time for which application threads were stopped: 0,0000869 seconds, Stopping threads took: 0,0000360 seconds
2017-06-26T23:03:24.651+0200: 175,973: Total time for which application threads were stopped: 0,0000997 seconds, Stopping threads took: 0,0000428 seconds
2017-06-26T23:23:59.780+0200: 1411,102: Total time for which application threads were stopped: 0,0000783 seconds, Stopping threads took: 0,0000300 seconds
2017-06-26T23:28:09.814+0200: 1661,136: Total time for which application threads were stopped: 0,0000871 seconds, Stopping threads took: 0,0000329 seconds
2017-06-26T23:28:14.815+0200: 1666,137: Total time for which application threads were stopped: 0,0000629 seconds, Stopping threads took: 0,0000145 seconds
2017-06-26T23:38:49.887+0200: 2301,209: Total time for which application threads were stopped: 0,0001043 seconds, Stopping threads took: 0,0000395 seconds
2017-06-26T23:38:50.887+0200: 2302,209: Total time for which application threads were stopped: 0,0000623 seconds, Stopping threads took: 0,0000144 seconds
2017-06-26T23:43:00.914+0200: 2552,236: Total time for which application threads were stopped: 0,0001061 seconds, Stopping threads took: 0,0000358 seconds
2017-06-26T23:53:45.985+0200: 3197,307: Total time for which application threads were stopped: 0,0000808 seconds, Stopping threads took: 0,0000320 seconds
2017-06-26T23:58:01.015+0200: 3452,337: Total time for which application threads were stopped: 0,0001022 seconds, Stopping threads took: 0,0000538 seconds
2017-06-27T00:02:55.049+0200: 3746,371: Total time for which application threads were stopped: 0,0000906 seconds, Stopping threads took: 0,0000299 seconds
2017-06-27T00:03:01.050+0200: 3752,372: Total time for which application threads were stopped: 0,0004327 seconds, Stopping threads took: 0,0001621 seconds
2017-06-27T00:06:31.072+0200: 3962,394: Total time for which application threads were stopped: 0,0001017 seconds, Stopping threads took: 0,0000325 seconds
2017-06-27T00:07:00.076+0200: 3991,398: Total time for which application threads were stopped: 0,0000811 seconds, Stopping threads took: 0,0000319 seconds
2017-06-27T00:07:05.076+0200: 3996,398: Total time for which application threads were stopped: 0,0000838 seconds, Stopping threads took: 0,0000162 seconds
2017-06-27T00:18:51.162+0200: 4702,484: Total time for which application threads were stopped: 0,0000862 seconds, Stopping threads took: 0,0000330 seconds
2017-06-27T00:19:01.163+0200: 4712,485: Total time for which application threads were stopped: 0,0000682 seconds, Stopping threads took: 0,0000151 seconds
2017-06-27T00:40:07.795+0200: 5979,117: Total time for which application threads were stopped: 0,0037526 seconds, Stopping threads took: 0,0036382 seconds
2017-06-27T00:40:07.869+0200: 5979,191: Total time for which application threads were stopped: 0,0000941 seconds, Stopping threads took: 0,0000156 seconds
2017-06-27T00:40:07.871+0200: 5979,193: Total time for which application threads were stopped: 0,0001274 seconds, Stopping threads took: 0,0000194 seconds
2017-06-27T00:40:07.872+0200: 5979,194: Total time for which application threads were stopped: 0,0000990 seconds, Stopping threads took: 0,0000188 seconds
2017-06-27T00:40:07.874+0200: 5979,196: Total time for which application threads were stopped: 0,0022828 seconds, Stopping threads took: 0,0022000 seconds
2017-06-27T00:40:07.875+0200: 5979,198: Total time for which application threads were stopped: 0,0000939 seconds, Stopping threads took: 0,0000244 seconds
2017-06-27T00:40:07.881+0200: 5979,203: Total time for which application threads were stopped: 0,0000996 seconds, Stopping threads took: 0,0000333 seconds
2017-06-27T00:40:07.883+0200: 5979,205: Total time for which application threads were stopped: 0,0000984 seconds, Stopping threads took: 0,0000256 seconds
2017-06-27T00:40:07.887+0200: 5979,209: Total time for which application threads were stopped: 0,0001534 seconds, Stopping threads took: 0,0000696 seconds
2017-06-27T00:40:07.887+0200: 5979,209: Total time for which application threads were stopped: 0,0000809 seconds, Stopping threads took: 0,0000297 seconds
2017-06-27T00:40:07.887+0200: 5979,209: Total time for which application threads were stopped: 0,0000398 seconds, Stopping threads took: 0,0000052 seconds
2017-06-27T00:40:07.889+0200: 5979,211: Total time for which application threads were stopped: 0,0008910 seconds, Stopping threads took: 0,0008127 seconds
2017-06-27T00:40:07.889+0200: 5979,211: Total time for which application threads were stopped: 0,0000926 seconds, Stopping threads took: 0,0000380 seconds
2017-06-27T00:40:07.889+0200: 5979,212: Total time for which application threads were stopped: 0,0000913 seconds, Stopping threads took: 0,0000470 seconds
2017-06-27T00:40:07.890+0200: 5979,212: Total time for which application threads were stopped: 0,0000407 seconds, Stopping threads took: 0,0000069 seconds
2017-06-27T00:40:07.890+0200: 5979,212: Total time for which application threads were stopped: 0,0000354 seconds, Stopping threads took: 0,0000052 seconds
2017-06-27T00:40:07.890+0200: 5979,212: Total time for which application threads were stopped: 0,0000351 seconds, Stopping threads took: 0,0000052 seconds
2017-06-27T00:40:07.890+0200: 5979,212: Total time for which application threads were stopped: 0,0000317 seconds, Stopping threads took: 0,0000046 seconds
2017-06-27T00:40:07.890+0200: 5979,212: Total time for which application threads were stopped: 0,0000575 seconds, Stopping threads took: 0,0000170 seconds
2017-06-27T00:40:07.890+0200: 5979,212: Total time for which application threads were stopped: 0,0000370 seconds, Stopping threads took: 0,0000055 seconds
2017-06-27T00:40:07.890+0200: 5979,212: Total time for which application threads were stopped: 0,0000327 seconds, Stopping threads took: 0,0000050 seconds
2017-06-27T00:40:07.890+0200: 5979,212: Total time for which application threads were stopped: 0,0000335 seconds, Stopping threads took: 0,0000047 seconds
2017-06-27T00:40:07.890+0200: 5979,212: Total time for which application threads were stopped: 0,0000412 seconds, Stopping threads took: 0,0000113 seconds
2017-06-27T00:40:07.891+0200: 5979,213: Total time for which application threads were stopped: 0,0000699 seconds, Stopping threads took: 0,0000222 seconds
2017-06-27T00:40:07.891+0200: 5979,213: Total time for which application threads were stopped: 0,0000396 seconds, Stopping threads took: 0,0000082 seconds
2017-06-27T00:40:07.891+0200: 5979,213: Total time for which application threads were stopped: 0,0000342 seconds, Stopping threads took: 0,0000057 seconds
2017-06-27T00:40:07.891+0200: 5979,213: Total time for which application threads were stopped: 0,0000330 seconds, Stopping threads took: 0,0000048 seconds
2017-06-27T00:40:07.891+0200: 5979,213: Total time for which application threads were stopped: 0,0001714 seconds, Stopping threads took: 0,0000047 seconds
2017-06-27T00:40:07.892+0200: 5979,214: Total time for which application threads were stopped: 0,0000628 seconds, Stopping threads took: 0,0000194 seconds
2017-06-27T00:40:07.894+0200: 5979,216: Total time for which application threads were stopped: 0,0012679 seconds, Stopping threads took: 0,0011575 seconds
2017-06-27T00:40:07.901+0200: 5979,223: Total time for which application threads were stopped: 0,0000730 seconds, Stopping threads took: 0,0000166 seconds
2017-06-27T00:40:07.901+0200: 5979,223: Total time for which application threads were stopped: 0,0000992 seconds, Stopping threads took: 0,0000236 seconds
Heap
 par new generation   total 109248K, used 34428K [0x00000000e0000000, 0x00000000e8000000, 0x00000000e8000000)
  eden space 87424K,  23% used [0x00000000e0000000, 0x00000000e1469b18, 0x00000000e5560000)
  from space 21824K,  61% used [0x00000000e5560000, 0x00000000e62955e0, 0x00000000e6ab0000)
  to   space 21824K,   0% used [0x00000000e6ab0000, 0x00000000e6ab0000, 0x00000000e8000000)
 concurrent mark-sweep generation total 393216K, used 6870K [0x00000000e8000000, 0x0000000100000000, 0x0000000100000000)
 Metaspace       used 28153K, capacity 28727K, committed 29052K, reserved 1075200K
  class space    used 3229K, capacity 3426K, committed 3452K, reserved 1048576K
