OpenJDK 64-Bit Server VM (25.111-b14) for linux-amd64 JRE (1.8.0_111-8u111-b14-2ubuntu0.16.04.2-b14), built on Oct 27 2016 18:10:19 by "buildd" with gcc 5.4.0 20160609
Memory: 4k page, physical 7867848k(7472184k free), swap 8076284k(8076284k free)
CommandLine flags: -XX:CMSInitiatingOccupancyFraction=50 -XX:CMSMaxAbortablePrecleanTime=6000 -XX:+CMSParallelRemarkEnabled -XX:+CMSScavengeBeforeRemark -XX:ConcGCThreads=4 -XX:InitialHeapSize=536870912 -XX:MaxHeapSize=536870912 -XX:MaxTenuringThreshold=8 -XX:NewRatio=3 -XX:OldPLABSize=16 -XX:OnOutOfMemoryError=/opt/solr/bin/oom_solr.sh 8983 /var/solr/logs -XX:ParallelGCThreads=4 -XX:+ParallelRefProcEnabled -XX:PretenureSizeThreshold=67108864 -XX:+PrintGC -XX:+PrintGCApplicationStoppedTime -XX:+PrintGCDateStamps -XX:+PrintGCDetails -XX:+PrintGCTimeStamps -XX:+PrintHeapAtGC -XX:+PrintTenuringDistribution -XX:SurvivorRatio=4 -XX:TargetSurvivorRatio=90 -XX:ThreadStackSize=256 -XX:+UseCMSInitiatingOccupancyOnly -XX:+UseCompressedClassPointers -XX:+UseCompressedOops -XX:+UseConcMarkSweepGC -XX:+UseParNewGC 
2016-11-24T10:38:16.696+0100: 0,125: Total time for which application threads were stopped: 0,0000705 seconds, Stopping threads took: 0,0000133 seconds
2016-11-24T10:38:16.769+0100: 0,198: Total time for which application threads were stopped: 0,0000934 seconds, Stopping threads took: 0,0000163 seconds
2016-11-24T10:38:16.779+0100: 0,208: Total time for which application threads were stopped: 0,0000744 seconds, Stopping threads took: 0,0000140 seconds
2016-11-24T10:38:16.935+0100: 0,364: Total time for which application threads were stopped: 0,0001477 seconds, Stopping threads took: 0,0000184 seconds
2016-11-24T10:38:17.197+0100: 0,626: Total time for which application threads were stopped: 0,0001436 seconds, Stopping threads took: 0,0000199 seconds
2016-11-24T10:38:17.287+0100: 0,716: Total time for which application threads were stopped: 0,0076108 seconds, Stopping threads took: 0,0000271 seconds
2016-11-24T10:38:17.403+0100: 0,832: Total time for which application threads were stopped: 0,0002166 seconds, Stopping threads took: 0,0000335 seconds
2016-11-24T10:38:17.655+0100: 1,084: Total time for which application threads were stopped: 0,0001745 seconds, Stopping threads took: 0,0000138 seconds
2016-11-24T10:38:17.948+0100: 1,377: Total time for which application threads were stopped: 0,0002959 seconds, Stopping threads took: 0,0000161 seconds
2016-11-24T10:38:17.970+0100: 1,399: Total time for which application threads were stopped: 0,0002846 seconds, Stopping threads took: 0,0000185 seconds
2016-11-24T10:38:17.971+0100: 1,400: Total time for which application threads were stopped: 0,0002620 seconds, Stopping threads took: 0,0000526 seconds
2016-11-24T10:38:17.983+0100: 1,412: Total time for which application threads were stopped: 0,0001679 seconds, Stopping threads took: 0,0000141 seconds
2016-11-24T10:38:18.085+0100: 1,514: Total time for which application threads were stopped: 0,0002227 seconds, Stopping threads took: 0,0000263 seconds
2016-11-24T10:38:18.289+0100: 1,718: Total time for which application threads were stopped: 0,0003204 seconds, Stopping threads took: 0,0001006 seconds
{Heap before GC invocations=0 (full 0):
 par new generation   total 109248K, used 87424K [0x00000000e0000000, 0x00000000e8000000, 0x00000000e8000000)
  eden space 87424K, 100% used [0x00000000e0000000, 0x00000000e5560000, 0x00000000e5560000)
  from space 21824K,   0% used [0x00000000e5560000, 0x00000000e5560000, 0x00000000e6ab0000)
  to   space 21824K,   0% used [0x00000000e6ab0000, 0x00000000e6ab0000, 0x00000000e8000000)
 concurrent mark-sweep generation total 393216K, used 0K [0x00000000e8000000, 0x0000000100000000, 0x0000000100000000)
 Metaspace       used 17602K, capacity 17950K, committed 18048K, reserved 1064960K
  class space    used 2005K, capacity 2130K, committed 2176K, reserved 1048576K
2016-11-24T10:38:18.367+0100: 1,796: [GC (Allocation Failure) 2016-11-24T10:38:18.367+0100: 1,796: [ParNew
Desired survivor size 20112992 bytes, new threshold 8 (max 8)
- age   1:   11451576 bytes,   11451576 total
: 87424K->11292K(109248K), 0,0191525 secs] 87424K->11292K(502464K), 0,0192268 secs] [Times: user=0,05 sys=0,02, real=0,02 secs] 
Heap after GC invocations=1 (full 0):
 par new generation   total 109248K, used 11292K [0x00000000e0000000, 0x00000000e8000000, 0x00000000e8000000)
  eden space 87424K,   0% used [0x00000000e0000000, 0x00000000e0000000, 0x00000000e5560000)
  from space 21824K,  51% used [0x00000000e6ab0000, 0x00000000e75b72b8, 0x00000000e8000000)
  to   space 21824K,   0% used [0x00000000e5560000, 0x00000000e5560000, 0x00000000e6ab0000)
 concurrent mark-sweep generation total 393216K, used 0K [0x00000000e8000000, 0x0000000100000000, 0x0000000100000000)
 Metaspace       used 17602K, capacity 17950K, committed 18048K, reserved 1064960K
  class space    used 2005K, capacity 2130K, committed 2176K, reserved 1048576K
}
2016-11-24T10:38:18.387+0100: 1,816: Total time for which application threads were stopped: 0,0194131 seconds, Stopping threads took: 0,0000266 seconds
2016-11-24T10:38:18.649+0100: 2,078: Total time for which application threads were stopped: 0,0002914 seconds, Stopping threads took: 0,0000232 seconds
2016-11-24T10:38:18.686+0100: 2,115: Total time for which application threads were stopped: 0,0002939 seconds, Stopping threads took: 0,0000414 seconds
2016-11-24T10:38:18.714+0100: 2,143: Total time for which application threads were stopped: 0,0003511 seconds, Stopping threads took: 0,0000386 seconds
{Heap before GC invocations=1 (full 0):
 par new generation   total 109248K, used 98716K [0x00000000e0000000, 0x00000000e8000000, 0x00000000e8000000)
  eden space 87424K, 100% used [0x00000000e0000000, 0x00000000e5560000, 0x00000000e5560000)
  from space 21824K,  51% used [0x00000000e6ab0000, 0x00000000e75b72b8, 0x00000000e8000000)
  to   space 21824K,   0% used [0x00000000e5560000, 0x00000000e5560000, 0x00000000e6ab0000)
 concurrent mark-sweep generation total 393216K, used 0K [0x00000000e8000000, 0x0000000100000000, 0x0000000100000000)
 Metaspace       used 20696K, capacity 21010K, committed 21248K, reserved 1069056K
  class space    used 2402K, capacity 2516K, committed 2560K, reserved 1048576K
2016-11-24T10:38:18.872+0100: 2,301: [GC (Allocation Failure) 2016-11-24T10:38:18.872+0100: 2,301: [ParNew
Desired survivor size 20112992 bytes, new threshold 8 (max 8)
- age   1:    3744528 bytes,    3744528 total
- age   2:    5929704 bytes,    9674232 total
: 98716K->14234K(109248K), 0,0155906 secs] 98716K->14234K(502464K), 0,0156600 secs] [Times: user=0,06 sys=0,00, real=0,02 secs] 
Heap after GC invocations=2 (full 0):
 par new generation   total 109248K, used 14234K [0x00000000e0000000, 0x00000000e8000000, 0x00000000e8000000)
  eden space 87424K,   0% used [0x00000000e0000000, 0x00000000e0000000, 0x00000000e5560000)
  from space 21824K,  65% used [0x00000000e5560000, 0x00000000e6346900, 0x00000000e6ab0000)
  to   space 21824K,   0% used [0x00000000e6ab0000, 0x00000000e6ab0000, 0x00000000e8000000)
 concurrent mark-sweep generation total 393216K, used 0K [0x00000000e8000000, 0x0000000100000000, 0x0000000100000000)
 Metaspace       used 20696K, capacity 21010K, committed 21248K, reserved 1069056K
  class space    used 2402K, capacity 2516K, committed 2560K, reserved 1048576K
}
2016-11-24T10:38:18.888+0100: 2,317: Total time for which application threads were stopped: 0,0159186 seconds, Stopping threads took: 0,0000585 seconds
2016-11-24T10:38:18.953+0100: 2,382: Total time for which application threads were stopped: 0,0000930 seconds, Stopping threads took: 0,0000268 seconds
2016-11-24T10:38:18.983+0100: 2,412: Total time for which application threads were stopped: 0,0001084 seconds, Stopping threads took: 0,0000237 seconds
2016-11-24T10:38:18.984+0100: 2,413: Total time for which application threads were stopped: 0,0003063 seconds, Stopping threads took: 0,0000146 seconds
2016-11-24T10:38:19.007+0100: 2,436: Total time for which application threads were stopped: 0,0000809 seconds, Stopping threads took: 0,0000158 seconds
2016-11-24T10:38:19.091+0100: 2,520: Total time for which application threads were stopped: 0,0001282 seconds, Stopping threads took: 0,0000229 seconds
2016-11-24T10:38:19.110+0100: 2,539: Total time for which application threads were stopped: 0,0001018 seconds, Stopping threads took: 0,0000263 seconds
2016-11-24T10:38:19.119+0100: 2,548: Total time for which application threads were stopped: 0,0003231 seconds, Stopping threads took: 0,0000238 seconds
2016-11-24T10:38:19.127+0100: 2,556: Total time for which application threads were stopped: 0,0003175 seconds, Stopping threads took: 0,0000197 seconds
2016-11-24T10:38:19.136+0100: 2,565: Total time for which application threads were stopped: 0,0000967 seconds, Stopping threads took: 0,0000247 seconds
2016-11-24T10:38:19.171+0100: 2,600: Total time for which application threads were stopped: 0,0000890 seconds, Stopping threads took: 0,0000208 seconds
2016-11-24T10:38:19.188+0100: 2,617: Total time for which application threads were stopped: 0,0000961 seconds, Stopping threads took: 0,0000307 seconds
2016-11-24T10:38:19.206+0100: 2,635: Total time for which application threads were stopped: 0,0000956 seconds, Stopping threads took: 0,0000201 seconds
2016-11-24T10:38:19.227+0100: 2,656: Total time for which application threads were stopped: 0,0000883 seconds, Stopping threads took: 0,0000228 seconds
2016-11-24T10:38:19.266+0100: 2,695: Total time for which application threads were stopped: 0,0001509 seconds, Stopping threads took: 0,0000259 seconds
2016-11-24T10:38:19.322+0100: 2,751: Total time for which application threads were stopped: 0,0001315 seconds, Stopping threads took: 0,0000480 seconds
{Heap before GC invocations=2 (full 0):
 par new generation   total 109248K, used 101658K [0x00000000e0000000, 0x00000000e8000000, 0x00000000e8000000)
  eden space 87424K, 100% used [0x00000000e0000000, 0x00000000e5560000, 0x00000000e5560000)
  from space 21824K,  65% used [0x00000000e5560000, 0x00000000e6346900, 0x00000000e6ab0000)
  to   space 21824K,   0% used [0x00000000e6ab0000, 0x00000000e6ab0000, 0x00000000e8000000)
 concurrent mark-sweep generation total 393216K, used 0K [0x00000000e8000000, 0x0000000100000000, 0x0000000100000000)
 Metaspace       used 24488K, capacity 24827K, committed 25204K, reserved 1071104K
  class space    used 2868K, capacity 3020K, committed 3092K, reserved 1048576K
2016-11-24T10:38:19.325+0100: 2,754: [GC (Allocation Failure) 2016-11-24T10:38:19.325+0100: 2,754: [ParNew
Desired survivor size 20112992 bytes, new threshold 8 (max 8)
- age   1:    4470208 bytes,    4470208 total
- age   2:     702744 bytes,    5172952 total
- age   3:    5922552 bytes,   11095504 total
: 101658K->13458K(109248K), 0,0092603 secs] 101658K->13458K(502464K), 0,0093437 secs] [Times: user=0,03 sys=0,00, real=0,00 secs] 
Heap after GC invocations=3 (full 0):
 par new generation   total 109248K, used 13458K [0x00000000e0000000, 0x00000000e8000000, 0x00000000e8000000)
  eden space 87424K,   0% used [0x00000000e0000000, 0x00000000e0000000, 0x00000000e5560000)
  from space 21824K,  61% used [0x00000000e6ab0000, 0x00000000e77d4aa0, 0x00000000e8000000)
  to   space 21824K,   0% used [0x00000000e5560000, 0x00000000e5560000, 0x00000000e6ab0000)
 concurrent mark-sweep generation total 393216K, used 0K [0x00000000e8000000, 0x0000000100000000, 0x0000000100000000)
 Metaspace       used 24488K, capacity 24827K, committed 25204K, reserved 1071104K
  class space    used 2868K, capacity 3020K, committed 3092K, reserved 1048576K
}
2016-11-24T10:38:19.334+0100: 2,763: Total time for which application threads were stopped: 0,0095238 seconds, Stopping threads took: 0,0000249 seconds
2016-11-24T10:38:19.334+0100: 2,763: [GC (CMS Initial Mark) [1 CMS-initial-mark: 0K(393216K)] 13458K(502464K), 0,0027915 secs] [Times: user=0,01 sys=0,00, real=0,01 secs] 
2016-11-24T10:38:19.337+0100: 2,766: Total time for which application threads were stopped: 0,0029606 seconds, Stopping threads took: 0,0000467 seconds
2016-11-24T10:38:19.337+0100: 2,766: [CMS-concurrent-mark-start]
2016-11-24T10:38:19.338+0100: 2,767: [CMS-concurrent-mark: 0,001/0,001 secs] [Times: user=0,00 sys=0,00, real=0,00 secs] 
2016-11-24T10:38:19.338+0100: 2,767: [CMS-concurrent-preclean-start]
2016-11-24T10:38:19.339+0100: 2,768: [CMS-concurrent-preclean: 0,001/0,001 secs] [Times: user=0,00 sys=0,00, real=0,00 secs] 
2016-11-24T10:38:19.339+0100: 2,768: [GC (CMS Final Remark) [YG occupancy: 14831 K (109248 K)]{Heap before GC invocations=3 (full 1):
 par new generation   total 109248K, used 14831K [0x00000000e0000000, 0x00000000e8000000, 0x00000000e8000000)
  eden space 87424K,   1% used [0x00000000e0000000, 0x00000000e0157268, 0x00000000e5560000)
  from space 21824K,  61% used [0x00000000e6ab0000, 0x00000000e77d4aa0, 0x00000000e8000000)
  to   space 21824K,   0% used [0x00000000e5560000, 0x00000000e5560000, 0x00000000e6ab0000)
 concurrent mark-sweep generation total 393216K, used 0K [0x00000000e8000000, 0x0000000100000000, 0x0000000100000000)
 Metaspace       used 24496K, capacity 24827K, committed 25204K, reserved 1071104K
  class space    used 2868K, capacity 3020K, committed 3092K, reserved 1048576K
2016-11-24T10:38:19.339+0100: 2,768: [GC (CMS Final Remark) 2016-11-24T10:38:19.339+0100: 2,768: [ParNew
Desired survivor size 20112992 bytes, new threshold 8 (max 8)
- age   1:      11592 bytes,      11592 total
- age   2:    1206720 bytes,    1218312 total
- age   3:     693000 bytes,    1911312 total
- age   4:    5922600 bytes,    7833912 total
: 14831K->13742K(109248K), 0,0090940 secs] 14831K->13742K(502464K), 0,0091322 secs] [Times: user=0,03 sys=0,00, real=0,01 secs] 
Heap after GC invocations=4 (full 1):
 par new generation   total 109248K, used 13742K [0x00000000e0000000, 0x00000000e8000000, 0x00000000e8000000)
  eden space 87424K,   0% used [0x00000000e0000000, 0x00000000e0000000, 0x00000000e5560000)
  from space 21824K,  62% used [0x00000000e5560000, 0x00000000e62cbb40, 0x00000000e6ab0000)
  to   space 21824K,   0% used [0x00000000e6ab0000, 0x00000000e6ab0000, 0x00000000e8000000)
 concurrent mark-sweep generation total 393216K, used 0K [0x00000000e8000000, 0x0000000100000000, 0x0000000100000000)
 Metaspace       used 24496K, capacity 24827K, committed 25204K, reserved 1071104K
  class space    used 2868K, capacity 3020K, committed 3092K, reserved 1048576K
}
2016-11-24T10:38:19.349+0100: 2,778: [Rescan (parallel) , 0,0033796 secs]2016-11-24T10:38:19.352+0100: 2,781: [weak refs processing, 0,0004123 secs]2016-11-24T10:38:19.352+0100: 2,781: [class unloading, 0,0030757 secs]2016-11-24T10:38:19.356+0100: 2,785: [scrub symbol table, 0,0031242 secs]2016-11-24T10:38:19.359+0100: 2,788: [scrub string table, 0,0003837 secs][1 CMS-remark: 0K(393216K)] 13742K(502464K), 0,0202019 secs] [Times: user=0,06 sys=0,00, real=0,02 secs] 
2016-11-24T10:38:19.360+0100: 2,789: Total time for which application threads were stopped: 0,0203220 seconds, Stopping threads took: 0,0000530 seconds
2016-11-24T10:38:19.363+0100: 2,792: [CMS-concurrent-sweep-start]
2016-11-24T10:38:19.363+0100: 2,792: [CMS-concurrent-sweep: 0,000/0,000 secs] [Times: user=0,00 sys=0,00, real=0,00 secs] 
2016-11-24T10:38:19.363+0100: 2,792: [CMS-concurrent-reset-start]
2016-11-24T10:38:19.365+0100: 2,794: [CMS-concurrent-reset: 0,002/0,002 secs] [Times: user=0,00 sys=0,00, real=0,00 secs] 
2016-11-24T10:38:19.469+0100: 2,898: Total time for which application threads were stopped: 0,0005193 seconds, Stopping threads took: 0,0000420 seconds
2016-11-24T10:38:20.469+0100: 3,898: Total time for which application threads were stopped: 0,0000882 seconds, Stopping threads took: 0,0000172 seconds
2016-11-24T10:38:20.624+0100: 4,053: Total time for which application threads were stopped: 0,0003071 seconds, Stopping threads took: 0,0000149 seconds
2016-11-24T10:38:48.004+0100: 32,056: Total time for which application threads were stopped: 0,0000611 seconds, Stopping threads took: 0,0000156 seconds
2016-11-24T10:40:58.018+0100: 162,070: Total time for which application threads were stopped: 0,0000829 seconds, Stopping threads took: 0,0000352 seconds
2016-11-24T10:41:03.018+0100: 167,071: Total time for which application threads were stopped: 0,0000742 seconds, Stopping threads took: 0,0000191 seconds
2016-11-24T10:41:22.020+0100: 186,073: Total time for which application threads were stopped: 0,0000900 seconds, Stopping threads took: 0,0000375 seconds
2016-11-24T10:42:13.028+0100: 237,081: Total time for which application threads were stopped: 0,0000796 seconds, Stopping threads took: 0,0000340 seconds
2016-11-24T10:42:52.032+0100: 276,085: Total time for which application threads were stopped: 0,0000796 seconds, Stopping threads took: 0,0000324 seconds
2016-11-24T10:42:58.033+0100: 282,086: Total time for which application threads were stopped: 0,0000719 seconds, Stopping threads took: 0,0000181 seconds
2016-11-24T10:43:03.034+0100: 287,087: Total time for which application threads were stopped: 0,0000695 seconds, Stopping threads took: 0,0000171 seconds
2016-11-24T10:43:38.038+0100: 322,090: Total time for which application threads were stopped: 0,0000949 seconds, Stopping threads took: 0,0000368 seconds
2016-11-24T10:48:38.069+0100: 622,122: Total time for which application threads were stopped: 0,0001099 seconds, Stopping threads took: 0,0000360 seconds
2016-11-24T11:01:57.164+0100: 1421,216: Total time for which application threads were stopped: 0,0001853 seconds, Stopping threads took: 0,0000567 seconds
2016-11-24T11:06:47.205+0100: 1711,257: Total time for which application threads were stopped: 0,0001319 seconds, Stopping threads took: 0,0000472 seconds
2016-11-24T11:16:57.272+0100: 2321,325: Total time for which application threads were stopped: 0,0000794 seconds, Stopping threads took: 0,0000328 seconds
2016-11-24T11:16:58.272+0100: 2322,325: Total time for which application threads were stopped: 0,0000736 seconds, Stopping threads took: 0,0000157 seconds
2016-11-24T11:19:28.286+0100: 2472,338: Total time for which application threads were stopped: 0,0000842 seconds, Stopping threads took: 0,0000326 seconds
2016-11-24T11:31:33.358+0100: 3197,411: Total time for which application threads were stopped: 0,0000786 seconds, Stopping threads took: 0,0000315 seconds
2016-11-24T11:42:42.427+0100: 3866,479: Total time for which application threads were stopped: 0,0001610 seconds, Stopping threads took: 0,0000624 seconds
2016-11-24T11:42:47.427+0100: 3871,480: Total time for which application threads were stopped: 0,0000886 seconds, Stopping threads took: 0,0000185 seconds
2016-11-24T11:45:17.445+0100: 4021,498: Total time for which application threads were stopped: 0,0001209 seconds, Stopping threads took: 0,0000430 seconds
2016-11-24T12:22:17.687+0100: 6241,740: Total time for which application threads were stopped: 0,0000805 seconds, Stopping threads took: 0,0000312 seconds
2016-11-24T12:23:22.694+0100: 6306,746: Total time for which application threads were stopped: 0,0000868 seconds, Stopping threads took: 0,0000330 seconds
2016-11-24T12:43:17.809+0100: 7501,862: Total time for which application threads were stopped: 0,0002433 seconds, Stopping threads took: 0,0001292 seconds
2016-11-24T12:43:47.812+0100: 7531,865: Total time for which application threads were stopped: 0,0003067 seconds, Stopping threads took: 0,0001379 seconds
2016-11-24T12:46:17.827+0100: 7681,880: Total time for which application threads were stopped: 0,0000777 seconds, Stopping threads took: 0,0000298 seconds
2016-11-24T12:46:47.831+0100: 7711,883: Total time for which application threads were stopped: 0,0000772 seconds, Stopping threads took: 0,0000305 seconds
2016-11-24T13:47:47.181+0100: 11371,234: Total time for which application threads were stopped: 0,0003987 seconds, Stopping threads took: 0,0001434 seconds
2016-11-24T13:50:17.198+0100: 11521,250: Total time for which application threads were stopped: 0,0000901 seconds, Stopping threads took: 0,0000303 seconds
2016-11-24T14:54:17.648+0100: 15361,701: Total time for which application threads were stopped: 0,0000934 seconds, Stopping threads took: 0,0000330 seconds
2016-11-24T14:54:47.651+0100: 15391,704: Total time for which application threads were stopped: 0,0001846 seconds, Stopping threads took: 0,0000659 seconds
2016-11-24T20:59:38.582+0100: 37282,635: Total time for which application threads were stopped: 0,0001022 seconds, Stopping threads took: 0,0000319 seconds
2016-11-24T23:20:23.822+0100: 45727,875: Total time for which application threads were stopped: 0,0000813 seconds, Stopping threads took: 0,0000321 seconds
2016-11-25T01:02:47.443+0100: 51871,495: Total time for which application threads were stopped: 0,0027001 seconds, Stopping threads took: 0,0026026 seconds
2016-11-25T01:02:47.487+0100: 51871,539: Total time for which application threads were stopped: 0,0001186 seconds, Stopping threads took: 0,0000261 seconds
Heap
 par new generation   total 109248K, used 58686K [0x00000000e0000000, 0x00000000e8000000, 0x00000000e8000000)
  eden space 87424K,  51% used [0x00000000e0000000, 0x00000000e2be3f68, 0x00000000e5560000)
  from space 21824K,  62% used [0x00000000e5560000, 0x00000000e62cbb40, 0x00000000e6ab0000)
  to   space 21824K,   0% used [0x00000000e6ab0000, 0x00000000e6ab0000, 0x00000000e8000000)
 concurrent mark-sweep generation total 393216K, used 0K [0x00000000e8000000, 0x0000000100000000, 0x0000000100000000)
 Metaspace       used 27223K, capacity 27659K, committed 27924K, reserved 1073152K
  class space    used 3161K, capacity 3320K, committed 3348K, reserved 1048576K
