OpenJDK 64-Bit Server VM (25.131-b11) for linux-amd64 JRE (1.8.0_131-8u131-b11-2ubuntu1.16.04.3-b11), built on Jul 28 2017 01:23:32 by "buildd" with gcc 5.4.0 20160609
Memory: 4k page, physical 7867732k(7386060k free), swap 8076284k(8076284k free)
CommandLine flags: -XX:CMSInitiatingOccupancyFraction=50 -XX:CMSMaxAbortablePrecleanTime=6000 -XX:+CMSParallelRemarkEnabled -XX:+CMSScavengeBeforeRemark -XX:ConcGCThreads=4 -XX:InitialHeapSize=536870912 -XX:MaxHeapSize=536870912 -XX:MaxTenuringThreshold=8 -XX:NewRatio=3 -XX:OldPLABSize=16 -XX:OnOutOfMemoryError=/opt/solr/bin/oom_solr.sh 8983 /var/solr/logs -XX:ParallelGCThreads=4 -XX:+ParallelRefProcEnabled -XX:PretenureSizeThreshold=67108864 -XX:+PrintGC -XX:+PrintGCApplicationStoppedTime -XX:+PrintGCDateStamps -XX:+PrintGCDetails -XX:+PrintGCTimeStamps -XX:+PrintHeapAtGC -XX:+PrintTenuringDistribution -XX:SurvivorRatio=4 -XX:TargetSurvivorRatio=90 -XX:ThreadStackSize=256 -XX:+UseCMSInitiatingOccupancyOnly -XX:+UseCompressedClassPointers -XX:+UseCompressedOops -XX:+UseConcMarkSweepGC -XX:+UseParNewGC 
2017-08-28T08:52:41.893+0200: 0,164: Total time for which application threads were stopped: 0,0000948 seconds, Stopping threads took: 0,0000145 seconds
2017-08-28T08:52:41.981+0200: 0,252: Total time for which application threads were stopped: 0,0001775 seconds, Stopping threads took: 0,0000274 seconds
2017-08-28T08:52:41.999+0200: 0,271: Total time for which application threads were stopped: 0,0001039 seconds, Stopping threads took: 0,0000111 seconds
2017-08-28T08:52:42.218+0200: 0,490: Total time for which application threads were stopped: 0,0001214 seconds, Stopping threads took: 0,0000164 seconds
2017-08-28T08:52:42.705+0200: 0,977: Total time for which application threads were stopped: 0,0001624 seconds, Stopping threads took: 0,0000159 seconds
2017-08-28T08:52:42.865+0200: 1,137: Total time for which application threads were stopped: 0,0001913 seconds, Stopping threads took: 0,0000153 seconds
2017-08-28T08:52:42.898+0200: 1,170: Total time for which application threads were stopped: 0,0002176 seconds, Stopping threads took: 0,0000316 seconds
2017-08-28T08:52:43.164+0200: 1,436: Total time for which application threads were stopped: 0,0001556 seconds, Stopping threads took: 0,0000119 seconds
2017-08-28T08:52:43.405+0200: 1,677: Total time for which application threads were stopped: 0,0011558 seconds, Stopping threads took: 0,0000247 seconds
2017-08-28T08:52:43.431+0200: 1,703: Total time for which application threads were stopped: 0,0001751 seconds, Stopping threads took: 0,0000220 seconds
2017-08-28T08:52:43.467+0200: 1,739: Total time for which application threads were stopped: 0,0002253 seconds, Stopping threads took: 0,0000249 seconds
2017-08-28T08:52:43.468+0200: 1,740: Total time for which application threads were stopped: 0,0001959 seconds, Stopping threads took: 0,0000216 seconds
2017-08-28T08:52:43.488+0200: 1,759: Total time for which application threads were stopped: 0,0002434 seconds, Stopping threads took: 0,0000215 seconds
2017-08-28T08:52:43.596+0200: 1,868: Total time for which application threads were stopped: 0,0002164 seconds, Stopping threads took: 0,0000198 seconds
2017-08-28T08:52:43.778+0200: 2,050: Total time for which application threads were stopped: 0,0002704 seconds, Stopping threads took: 0,0000427 seconds
{Heap before GC invocations=0 (full 0):
 par new generation   total 109248K, used 87424K [0x00000000e0000000, 0x00000000e8000000, 0x00000000e8000000)
  eden space 87424K, 100% used [0x00000000e0000000, 0x00000000e5560000, 0x00000000e5560000)
  from space 21824K,   0% used [0x00000000e5560000, 0x00000000e5560000, 0x00000000e6ab0000)
  to   space 21824K,   0% used [0x00000000e6ab0000, 0x00000000e6ab0000, 0x00000000e8000000)
 concurrent mark-sweep generation total 393216K, used 0K [0x00000000e8000000, 0x0000000100000000, 0x0000000100000000)
 Metaspace       used 18215K, capacity 18464K, committed 18688K, reserved 1064960K
  class space    used 2060K, capacity 2196K, committed 2304K, reserved 1048576K
2017-08-28T08:52:43.889+0200: 2,161: [GC (Allocation Failure) 2017-08-28T08:52:43.889+0200: 2,161: [ParNew
Desired survivor size 20112992 bytes, new threshold 8 (max 8)
- age   1:   12835264 bytes,   12835264 total
: 87424K->12656K(109248K), 0,0156820 secs] 87424K->12656K(502464K), 0,0157583 secs] [Times: user=0,04 sys=0,02, real=0,02 secs] 
Heap after GC invocations=1 (full 0):
 par new generation   total 109248K, used 12656K [0x00000000e0000000, 0x00000000e8000000, 0x00000000e8000000)
  eden space 87424K,   0% used [0x00000000e0000000, 0x00000000e0000000, 0x00000000e5560000)
  from space 21824K,  57% used [0x00000000e6ab0000, 0x00000000e770c158, 0x00000000e8000000)
  to   space 21824K,   0% used [0x00000000e5560000, 0x00000000e5560000, 0x00000000e6ab0000)
 concurrent mark-sweep generation total 393216K, used 0K [0x00000000e8000000, 0x0000000100000000, 0x0000000100000000)
 Metaspace       used 18215K, capacity 18464K, committed 18688K, reserved 1064960K
  class space    used 2060K, capacity 2196K, committed 2304K, reserved 1048576K
}
2017-08-28T08:52:43.905+0200: 2,177: Total time for which application threads were stopped: 0,0185195 seconds, Stopping threads took: 0,0025691 seconds
2017-08-28T08:52:44.185+0200: 2,457: Total time for which application threads were stopped: 0,0003322 seconds, Stopping threads took: 0,0000408 seconds
{Heap before GC invocations=1 (full 0):
 par new generation   total 109248K, used 100080K [0x00000000e0000000, 0x00000000e8000000, 0x00000000e8000000)
  eden space 87424K, 100% used [0x00000000e0000000, 0x00000000e5560000, 0x00000000e5560000)
  from space 21824K,  57% used [0x00000000e6ab0000, 0x00000000e770c158, 0x00000000e8000000)
  to   space 21824K,   0% used [0x00000000e5560000, 0x00000000e5560000, 0x00000000e6ab0000)
 concurrent mark-sweep generation total 393216K, used 0K [0x00000000e8000000, 0x0000000100000000, 0x0000000100000000)
 Metaspace       used 20078K, capacity 20434K, committed 20736K, reserved 1067008K
  class space    used 2297K, capacity 2473K, committed 2560K, reserved 1048576K
2017-08-28T08:52:44.245+0200: 2,517: [GC (Allocation Failure) 2017-08-28T08:52:44.245+0200: 2,517: [ParNew
Desired survivor size 20112992 bytes, new threshold 8 (max 8)
- age   1:    3362304 bytes,    3362304 total
- age   2:    6704880 bytes,   10067184 total
: 100080K->13982K(109248K), 0,0141505 secs] 100080K->13982K(502464K), 0,0142171 secs] [Times: user=0,05 sys=0,00, real=0,01 secs] 
Heap after GC invocations=2 (full 0):
 par new generation   total 109248K, used 13982K [0x00000000e0000000, 0x00000000e8000000, 0x00000000e8000000)
  eden space 87424K,   0% used [0x00000000e0000000, 0x00000000e0000000, 0x00000000e5560000)
  from space 21824K,  64% used [0x00000000e5560000, 0x00000000e6307a70, 0x00000000e6ab0000)
  to   space 21824K,   0% used [0x00000000e6ab0000, 0x00000000e6ab0000, 0x00000000e8000000)
 concurrent mark-sweep generation total 393216K, used 0K [0x00000000e8000000, 0x0000000100000000, 0x0000000100000000)
 Metaspace       used 20078K, capacity 20434K, committed 20736K, reserved 1067008K
  class space    used 2297K, capacity 2473K, committed 2560K, reserved 1048576K
}
2017-08-28T08:52:44.259+0200: 2,531: Total time for which application threads were stopped: 0,0175306 seconds, Stopping threads took: 0,0031634 seconds
2017-08-28T08:52:44.261+0200: 2,533: Total time for which application threads were stopped: 0,0002892 seconds, Stopping threads took: 0,0000432 seconds
2017-08-28T08:52:44.304+0200: 2,576: Total time for which application threads were stopped: 0,0063037 seconds, Stopping threads took: 0,0060351 seconds
2017-08-28T08:52:44.441+0200: 2,713: Total time for which application threads were stopped: 0,0001943 seconds, Stopping threads took: 0,0000802 seconds
{Heap before GC invocations=2 (full 0):
 par new generation   total 109248K, used 101406K [0x00000000e0000000, 0x00000000e8000000, 0x00000000e8000000)
  eden space 87424K, 100% used [0x00000000e0000000, 0x00000000e5560000, 0x00000000e5560000)
  from space 21824K,  64% used [0x00000000e5560000, 0x00000000e6307a70, 0x00000000e6ab0000)
  to   space 21824K,   0% used [0x00000000e6ab0000, 0x00000000e6ab0000, 0x00000000e8000000)
 concurrent mark-sweep generation total 393216K, used 0K [0x00000000e8000000, 0x0000000100000000, 0x0000000100000000)
 Metaspace       used 21002K, capacity 21362K, committed 21628K, reserved 1069056K
  class space    used 2419K, capacity 2593K, committed 2684K, reserved 1048576K
2017-08-28T08:52:44.485+0200: 2,757: [GC (Allocation Failure) 2017-08-28T08:52:44.485+0200: 2,757: [ParNew
Desired survivor size 20112992 bytes, new threshold 8 (max 8)
- age   1:    2012912 bytes,    2012912 total
- age   2:     843248 bytes,    2856160 total
- age   3:    6701064 bytes,    9557224 total
: 101406K->12789K(109248K), 0,0111100 secs] 101406K->12789K(502464K), 0,0111897 secs] [Times: user=0,04 sys=0,00, real=0,01 secs] 
Heap after GC invocations=3 (full 0):
 par new generation   total 109248K, used 12789K [0x00000000e0000000, 0x00000000e8000000, 0x00000000e8000000)
  eden space 87424K,   0% used [0x00000000e0000000, 0x00000000e0000000, 0x00000000e5560000)
  from space 21824K,  58% used [0x00000000e6ab0000, 0x00000000e772d5f8, 0x00000000e8000000)
  to   space 21824K,   0% used [0x00000000e5560000, 0x00000000e5560000, 0x00000000e6ab0000)
 concurrent mark-sweep generation total 393216K, used 0K [0x00000000e8000000, 0x0000000100000000, 0x0000000100000000)
 Metaspace       used 21002K, capacity 21362K, committed 21628K, reserved 1069056K
  class space    used 2419K, capacity 2593K, committed 2684K, reserved 1048576K
}
2017-08-28T08:52:44.497+0200: 2,768: Total time for which application threads were stopped: 0,0113924 seconds, Stopping threads took: 0,0000458 seconds
2017-08-28T08:52:44.497+0200: 2,768: [GC (CMS Initial Mark) [1 CMS-initial-mark: 0K(393216K)] 12805K(502464K), 0,0040352 secs] [Times: user=0,01 sys=0,00, real=0,00 secs] 
2017-08-28T08:52:44.501+0200: 2,773: Total time for which application threads were stopped: 0,0041870 seconds, Stopping threads took: 0,0000394 seconds
2017-08-28T08:52:44.501+0200: 2,773: [CMS-concurrent-mark-start]
2017-08-28T08:52:44.502+0200: 2,773: [CMS-concurrent-mark: 0,001/0,001 secs] [Times: user=0,00 sys=0,00, real=0,01 secs] 
2017-08-28T08:52:44.502+0200: 2,773: [CMS-concurrent-preclean-start]
2017-08-28T08:52:44.503+0200: 2,775: [CMS-concurrent-preclean: 0,001/0,001 secs] [Times: user=0,01 sys=0,00, real=0,00 secs] 
2017-08-28T08:52:44.503+0200: 2,775: [CMS-concurrent-abortable-preclean-start]
2017-08-28T08:52:44.548+0200: 2,820: Total time for which application threads were stopped: 0,0001610 seconds, Stopping threads took: 0,0000656 seconds
{Heap before GC invocations=3 (full 1):
 par new generation   total 109248K, used 100213K [0x00000000e0000000, 0x00000000e8000000, 0x00000000e8000000)
  eden space 87424K, 100% used [0x00000000e0000000, 0x00000000e5560000, 0x00000000e5560000)
  from space 21824K,  58% used [0x00000000e6ab0000, 0x00000000e772d5f8, 0x00000000e8000000)
  to   space 21824K,   0% used [0x00000000e5560000, 0x00000000e5560000, 0x00000000e6ab0000)
 concurrent mark-sweep generation total 393216K, used 0K [0x00000000e8000000, 0x0000000100000000, 0x0000000100000000)
 Metaspace       used 21281K, capacity 21632K, committed 21884K, reserved 1069056K
  class space    used 2450K, capacity 2607K, committed 2684K, reserved 1048576K
2017-08-28T08:52:44.605+0200: 2,876: [GC (Allocation Failure) 2017-08-28T08:52:44.605+0200: 2,876: [ParNew
Desired survivor size 20112992 bytes, new threshold 8 (max 8)
- age   1:    1102328 bytes,    1102328 total
- age   2:    1456344 bytes,    2558672 total
- age   3:     809856 bytes,    3368528 total
- age   4:    6701168 bytes,   10069696 total
: 100213K->12302K(109248K), 0,0128988 secs] 100213K->12302K(502464K), 0,0129615 secs] [Times: user=0,04 sys=0,00, real=0,01 secs] 
Heap after GC invocations=4 (full 1):
 par new generation   total 109248K, used 12302K [0x00000000e0000000, 0x00000000e8000000, 0x00000000e8000000)
  eden space 87424K,   0% used [0x00000000e0000000, 0x00000000e0000000, 0x00000000e5560000)
  from space 21824K,  56% used [0x00000000e5560000, 0x00000000e6163a00, 0x00000000e6ab0000)
  to   space 21824K,   0% used [0x00000000e6ab0000, 0x00000000e6ab0000, 0x00000000e8000000)
 concurrent mark-sweep generation total 393216K, used 0K [0x00000000e8000000, 0x0000000100000000, 0x0000000100000000)
 Metaspace       used 21281K, capacity 21632K, committed 21884K, reserved 1069056K
  class space    used 2450K, capacity 2607K, committed 2684K, reserved 1048576K
}
2017-08-28T08:52:44.618+0200: 2,889: Total time for which application threads were stopped: 0,0140447 seconds, Stopping threads took: 0,0009286 seconds
2017-08-28T08:52:44.618+0200: 2,889: [CMS-concurrent-abortable-preclean: 0,069/0,115 secs] [Times: user=0,43 sys=0,00, real=0,11 secs] 
2017-08-28T08:52:44.618+0200: 2,890: [GC (CMS Final Remark) [YG occupancy: 13005 K (109248 K)]{Heap before GC invocations=4 (full 1):
 par new generation   total 109248K, used 13005K [0x00000000e0000000, 0x00000000e8000000, 0x00000000e8000000)
  eden space 87424K,   0% used [0x00000000e0000000, 0x00000000e00afbc0, 0x00000000e5560000)
  from space 21824K,  56% used [0x00000000e5560000, 0x00000000e6163a00, 0x00000000e6ab0000)
  to   space 21824K,   0% used [0x00000000e6ab0000, 0x00000000e6ab0000, 0x00000000e8000000)
 concurrent mark-sweep generation total 393216K, used 0K [0x00000000e8000000, 0x0000000100000000, 0x0000000100000000)
 Metaspace       used 21281K, capacity 21632K, committed 21884K, reserved 1069056K
  class space    used 2450K, capacity 2607K, committed 2684K, reserved 1048576K
2017-08-28T08:52:44.618+0200: 2,890: [GC (CMS Final Remark) 2017-08-28T08:52:44.618+0200: 2,890: [ParNew
Desired survivor size 20112992 bytes, new threshold 8 (max 8)
- age   1:      68096 bytes,      68096 total
- age   2:     923688 bytes,     991784 total
- age   3:    1456344 bytes,    2448128 total
- age   4:     809856 bytes,    3257984 total
- age   5:    6701232 bytes,    9959216 total
: 13005K->12908K(109248K), 0,0093091 secs] 13005K->12908K(502464K), 0,0093464 secs] [Times: user=0,03 sys=0,00, real=0,01 secs] 
Heap after GC invocations=5 (full 1):
 par new generation   total 109248K, used 12908K [0x00000000e0000000, 0x00000000e8000000, 0x00000000e8000000)
  eden space 87424K,   0% used [0x00000000e0000000, 0x00000000e0000000, 0x00000000e5560000)
  from space 21824K,  59% used [0x00000000e6ab0000, 0x00000000e774b0d0, 0x00000000e8000000)
  to   space 21824K,   0% used [0x00000000e5560000, 0x00000000e5560000, 0x00000000e6ab0000)
 concurrent mark-sweep generation total 393216K, used 0K [0x00000000e8000000, 0x0000000100000000, 0x0000000100000000)
 Metaspace       used 21281K, capacity 21632K, committed 21884K, reserved 1069056K
  class space    used 2450K, capacity 2607K, committed 2684K, reserved 1048576K
}
2017-08-28T08:52:44.627+0200: 2,899: [Rescan (parallel) , 0,0035233 secs]2017-08-28T08:52:44.631+0200: 2,903: [weak refs processing, 0,0015133 secs]2017-08-28T08:52:44.632+0200: 2,904: [class unloading, 0,0028139 secs]2017-08-28T08:52:44.635+0200: 2,907: [scrub symbol table, 0,0025183 secs]2017-08-28T08:52:44.638+0200: 2,909: [scrub string table, 0,0003633 secs][1 CMS-remark: 0K(393216K)] 12908K(502464K), 0,0207112 secs] [Times: user=0,05 sys=0,00, real=0,02 secs] 
2017-08-28T08:52:44.639+0200: 2,910: Total time for which application threads were stopped: 0,0208233 seconds, Stopping threads took: 0,0000345 seconds
2017-08-28T08:52:44.639+0200: 2,910: [CMS-concurrent-sweep-start]
2017-08-28T08:52:44.639+0200: 2,910: [CMS-concurrent-sweep: 0,000/0,000 secs] [Times: user=0,00 sys=0,00, real=0,00 secs] 
2017-08-28T08:52:44.639+0200: 2,910: [CMS-concurrent-reset-start]
2017-08-28T08:52:44.640+0200: 2,912: [CMS-concurrent-reset: 0,001/0,001 secs] [Times: user=0,01 sys=0,00, real=0,00 secs] 
{Heap before GC invocations=5 (full 1):
 par new generation   total 109248K, used 100332K [0x00000000e0000000, 0x00000000e8000000, 0x00000000e8000000)
  eden space 87424K, 100% used [0x00000000e0000000, 0x00000000e5560000, 0x00000000e5560000)
  from space 21824K,  59% used [0x00000000e6ab0000, 0x00000000e774b0d0, 0x00000000e8000000)
  to   space 21824K,   0% used [0x00000000e5560000, 0x00000000e5560000, 0x00000000e6ab0000)
 concurrent mark-sweep generation total 393216K, used 0K [0x00000000e8000000, 0x0000000100000000, 0x0000000100000000)
 Metaspace       used 21414K, capacity 21810K, committed 21884K, reserved 1069056K
  class space    used 2469K, capacity 2642K, committed 2684K, reserved 1048576K
2017-08-28T08:52:44.730+0200: 3,002: [GC (Allocation Failure) 2017-08-28T08:52:44.730+0200: 3,002: [ParNew
Desired survivor size 20112992 bytes, new threshold 8 (max 8)
- age   1:     473064 bytes,     473064 total
- age   3:     187568 bytes,     660632 total
- age   4:    1450752 bytes,    2111384 total
- age   5:     807888 bytes,    2919272 total
- age   6:    6701296 bytes,    9620568 total
: 100332K->11597K(109248K), 0,0098419 secs] 100332K->11597K(502464K), 0,0099237 secs] [Times: user=0,04 sys=0,00, real=0,01 secs] 
Heap after GC invocations=6 (full 1):
 par new generation   total 109248K, used 11597K [0x00000000e0000000, 0x00000000e8000000, 0x00000000e8000000)
  eden space 87424K,   0% used [0x00000000e0000000, 0x00000000e0000000, 0x00000000e5560000)
  from space 21824K,  53% used [0x00000000e5560000, 0x00000000e60b3400, 0x00000000e6ab0000)
  to   space 21824K,   0% used [0x00000000e6ab0000, 0x00000000e6ab0000, 0x00000000e8000000)
 concurrent mark-sweep generation total 393216K, used 0K [0x00000000e8000000, 0x0000000100000000, 0x0000000100000000)
 Metaspace       used 21414K, capacity 21810K, committed 21884K, reserved 1069056K
  class space    used 2469K, capacity 2642K, committed 2684K, reserved 1048576K
}
2017-08-28T08:52:44.740+0200: 3,012: Total time for which application threads were stopped: 0,0101668 seconds, Stopping threads took: 0,0000949 seconds
2017-08-28T08:52:44.769+0200: 3,041: Total time for which application threads were stopped: 0,0002943 seconds, Stopping threads took: 0,0000220 seconds
2017-08-28T08:52:45.019+0200: 3,291: Total time for which application threads were stopped: 0,0005795 seconds, Stopping threads took: 0,0000626 seconds
2017-08-28T08:52:45.033+0200: 3,305: Total time for which application threads were stopped: 0,0004205 seconds, Stopping threads took: 0,0000341 seconds
{Heap before GC invocations=6 (full 1):
 par new generation   total 109248K, used 99021K [0x00000000e0000000, 0x00000000e8000000, 0x00000000e8000000)
  eden space 87424K, 100% used [0x00000000e0000000, 0x00000000e5560000, 0x00000000e5560000)
  from space 21824K,  53% used [0x00000000e5560000, 0x00000000e60b3400, 0x00000000e6ab0000)
  to   space 21824K,   0% used [0x00000000e6ab0000, 0x00000000e6ab0000, 0x00000000e8000000)
 concurrent mark-sweep generation total 393216K, used 0K [0x00000000e8000000, 0x0000000100000000, 0x0000000100000000)
 Metaspace       used 24087K, capacity 24530K, committed 24828K, reserved 1071104K
  class space    used 2836K, capacity 3016K, committed 3068K, reserved 1048576K
2017-08-28T08:52:45.215+0200: 3,487: [GC (Allocation Failure) 2017-08-28T08:52:45.215+0200: 3,487: [ParNew
Desired survivor size 20112992 bytes, new threshold 8 (max 8)
- age   1:    5301976 bytes,    5301976 total
- age   2:     116944 bytes,    5418920 total
- age   4:     186112 bytes,    5605032 total
- age   5:     280944 bytes,    5885976 total
- age   6:     783488 bytes,    6669464 total
- age   7:    6692712 bytes,   13362176 total
: 99021K->16991K(109248K), 0,0168049 secs] 99021K->16991K(502464K), 0,0168722 secs] [Times: user=0,05 sys=0,00, real=0,01 secs] 
Heap after GC invocations=7 (full 1):
 par new generation   total 109248K, used 16991K [0x00000000e0000000, 0x00000000e8000000, 0x00000000e8000000)
  eden space 87424K,   0% used [0x00000000e0000000, 0x00000000e0000000, 0x00000000e5560000)
  from space 21824K,  77% used [0x00000000e6ab0000, 0x00000000e7b47e40, 0x00000000e8000000)
  to   space 21824K,   0% used [0x00000000e5560000, 0x00000000e5560000, 0x00000000e6ab0000)
 concurrent mark-sweep generation total 393216K, used 0K [0x00000000e8000000, 0x0000000100000000, 0x0000000100000000)
 Metaspace       used 24087K, capacity 24530K, committed 24828K, reserved 1071104K
  class space    used 2836K, capacity 3016K, committed 3068K, reserved 1048576K
}
2017-08-28T08:52:45.232+0200: 3,504: Total time for which application threads were stopped: 0,0171586 seconds, Stopping threads took: 0,0000699 seconds
{Heap before GC invocations=7 (full 1):
 par new generation   total 109248K, used 104415K [0x00000000e0000000, 0x00000000e8000000, 0x00000000e8000000)
  eden space 87424K, 100% used [0x00000000e0000000, 0x00000000e5560000, 0x00000000e5560000)
  from space 21824K,  77% used [0x00000000e6ab0000, 0x00000000e7b47e40, 0x00000000e8000000)
  to   space 21824K,   0% used [0x00000000e5560000, 0x00000000e5560000, 0x00000000e6ab0000)
 concurrent mark-sweep generation total 393216K, used 0K [0x00000000e8000000, 0x0000000100000000, 0x0000000100000000)
 Metaspace       used 24471K, capacity 24952K, committed 25084K, reserved 1071104K
  class space    used 2862K, capacity 3049K, committed 3068K, reserved 1048576K
2017-08-28T08:52:45.310+0200: 3,581: [GC (Allocation Failure) 2017-08-28T08:52:45.310+0200: 3,581: [ParNew
Desired survivor size 20112992 bytes, new threshold 8 (max 8)
- age   1:    1588232 bytes,    1588232 total
- age   2:    1866032 bytes,    3454264 total
- age   3:      49160 bytes,    3503424 total
- age   5:     113424 bytes,    3616848 total
- age   6:     183248 bytes,    3800096 total
- age   7:     741264 bytes,    4541360 total
- age   8:    6159600 bytes,   10700960 total
: 104415K->14034K(109248K), 0,0198566 secs] 104415K->14034K(502464K), 0,0199443 secs] [Times: user=0,07 sys=0,00, real=0,02 secs] 
Heap after GC invocations=8 (full 1):
 par new generation   total 109248K, used 14034K [0x00000000e0000000, 0x00000000e8000000, 0x00000000e8000000)
  eden space 87424K,   0% used [0x00000000e0000000, 0x00000000e0000000, 0x00000000e5560000)
  from space 21824K,  64% used [0x00000000e5560000, 0x00000000e6314a80, 0x00000000e6ab0000)
  to   space 21824K,   0% used [0x00000000e6ab0000, 0x00000000e6ab0000, 0x00000000e8000000)
 concurrent mark-sweep generation total 393216K, used 0K [0x00000000e8000000, 0x0000000100000000, 0x0000000100000000)
 Metaspace       used 24471K, capacity 24952K, committed 25084K, reserved 1071104K
  class space    used 2862K, capacity 3049K, committed 3068K, reserved 1048576K
}
2017-08-28T08:52:45.330+0200: 3,601: Total time for which application threads were stopped: 0,0203028 seconds, Stopping threads took: 0,0001832 seconds
{Heap before GC invocations=8 (full 1):
 par new generation   total 109248K, used 101458K [0x00000000e0000000, 0x00000000e8000000, 0x00000000e8000000)
  eden space 87424K, 100% used [0x00000000e0000000, 0x00000000e5560000, 0x00000000e5560000)
  from space 21824K,  64% used [0x00000000e5560000, 0x00000000e6314a80, 0x00000000e6ab0000)
  to   space 21824K,   0% used [0x00000000e6ab0000, 0x00000000e6ab0000, 0x00000000e8000000)
 concurrent mark-sweep generation total 393216K, used 0K [0x00000000e8000000, 0x0000000100000000, 0x0000000100000000)
 Metaspace       used 24730K, capacity 25202K, committed 25468K, reserved 1071104K
  class space    used 2890K, capacity 3086K, committed 3196K, reserved 1048576K
2017-08-28T08:52:45.422+0200: 3,693: [GC (Allocation Failure) 2017-08-28T08:52:45.422+0200: 3,693: [ParNew
Desired survivor size 20112992 bytes, new threshold 8 (max 8)
- age   1:    1099344 bytes,    1099344 total
- age   2:     566368 bytes,    1665712 total
- age   3:    1807968 bytes,    3473680 total
- age   4:      49160 bytes,    3522840 total
- age   6:     113256 bytes,    3636096 total
- age   7:     180448 bytes,    3816544 total
- age   8:     740496 bytes,    4557040 total
: 101458K->5673K(109248K), 0,0362140 secs] 101458K->11771K(502464K), 0,0362955 secs] [Times: user=0,11 sys=0,00, real=0,03 secs] 
Heap after GC invocations=9 (full 1):
 par new generation   total 109248K, used 5673K [0x00000000e0000000, 0x00000000e8000000, 0x00000000e8000000)
  eden space 87424K,   0% used [0x00000000e0000000, 0x00000000e0000000, 0x00000000e5560000)
  from space 21824K,  25% used [0x00000000e6ab0000, 0x00000000e703a480, 0x00000000e8000000)
  to   space 21824K,   0% used [0x00000000e5560000, 0x00000000e5560000, 0x00000000e6ab0000)
 concurrent mark-sweep generation total 393216K, used 6098K [0x00000000e8000000, 0x0000000100000000, 0x0000000100000000)
 Metaspace       used 24730K, capacity 25202K, committed 25468K, reserved 1071104K
  class space    used 2890K, capacity 3086K, committed 3196K, reserved 1048576K
}
2017-08-28T08:52:45.458+0200: 3,730: Total time for which application threads were stopped: 0,0368522 seconds, Stopping threads took: 0,0003714 seconds
2017-08-28T08:52:45.765+0200: 4,037: Total time for which application threads were stopped: 0,0004635 seconds, Stopping threads took: 0,0000172 seconds
2017-08-28T08:52:45.779+0200: 4,051: Total time for which application threads were stopped: 0,0004693 seconds, Stopping threads took: 0,0000215 seconds
2017-08-28T08:52:45.782+0200: 4,054: Total time for which application threads were stopped: 0,0003643 seconds, Stopping threads took: 0,0000218 seconds
2017-08-28T08:52:45.784+0200: 4,056: Total time for which application threads were stopped: 0,0001393 seconds, Stopping threads took: 0,0000221 seconds
2017-08-28T08:52:45.787+0200: 4,059: Total time for which application threads were stopped: 0,0001240 seconds, Stopping threads took: 0,0000268 seconds
2017-08-28T08:52:45.792+0200: 4,063: Total time for which application threads were stopped: 0,0001510 seconds, Stopping threads took: 0,0000374 seconds
2017-08-28T08:52:45.792+0200: 4,064: Total time for which application threads were stopped: 0,0001112 seconds, Stopping threads took: 0,0000329 seconds
2017-08-28T08:52:45.793+0200: 4,065: Total time for which application threads were stopped: 0,0001132 seconds, Stopping threads took: 0,0000348 seconds
2017-08-28T08:52:45.834+0200: 4,106: Total time for which application threads were stopped: 0,0004893 seconds, Stopping threads took: 0,0000502 seconds
2017-08-28T08:52:45.840+0200: 4,112: Total time for which application threads were stopped: 0,0001911 seconds, Stopping threads took: 0,0001180 seconds
2017-08-28T08:52:45.850+0200: 4,122: Total time for which application threads were stopped: 0,0003424 seconds, Stopping threads took: 0,0002168 seconds
2017-08-28T08:52:45.852+0200: 4,123: Total time for which application threads were stopped: 0,0001501 seconds, Stopping threads took: 0,0000550 seconds
2017-08-28T08:52:45.855+0200: 4,127: Total time for which application threads were stopped: 0,0001675 seconds, Stopping threads took: 0,0000614 seconds
2017-08-28T08:52:45.857+0200: 4,128: Total time for which application threads were stopped: 0,0001285 seconds, Stopping threads took: 0,0000322 seconds
2017-08-28T08:52:45.859+0200: 4,130: Total time for which application threads were stopped: 0,0001495 seconds, Stopping threads took: 0,0000316 seconds
2017-08-28T08:52:45.859+0200: 4,131: Total time for which application threads were stopped: 0,0001174 seconds, Stopping threads took: 0,0000265 seconds
2017-08-28T08:52:45.859+0200: 4,131: Total time for which application threads were stopped: 0,0001085 seconds, Stopping threads took: 0,0000258 seconds
2017-08-28T08:52:45.859+0200: 4,131: Total time for which application threads were stopped: 0,0001295 seconds, Stopping threads took: 0,0000386 seconds
2017-08-28T08:52:45.861+0200: 4,133: Total time for which application threads were stopped: 0,0014095 seconds, Stopping threads took: 0,0013029 seconds
2017-08-28T08:52:45.861+0200: 4,133: Total time for which application threads were stopped: 0,0000989 seconds, Stopping threads took: 0,0000257 seconds
2017-08-28T08:52:45.862+0200: 4,133: Total time for which application threads were stopped: 0,0001445 seconds, Stopping threads took: 0,0000919 seconds
2017-08-28T08:52:45.862+0200: 4,134: Total time for which application threads were stopped: 0,0000988 seconds, Stopping threads took: 0,0000464 seconds
2017-08-28T08:52:45.863+0200: 4,134: Total time for which application threads were stopped: 0,0001095 seconds, Stopping threads took: 0,0000280 seconds
2017-08-28T08:52:45.863+0200: 4,135: Total time for which application threads were stopped: 0,0000780 seconds, Stopping threads took: 0,0000216 seconds
2017-08-28T08:52:45.877+0200: 4,149: Total time for which application threads were stopped: 0,0038659 seconds, Stopping threads took: 0,0037009 seconds
2017-08-28T08:52:45.879+0200: 4,151: Total time for which application threads were stopped: 0,0001240 seconds, Stopping threads took: 0,0000217 seconds
2017-08-28T08:52:45.879+0200: 4,151: Total time for which application threads were stopped: 0,0000895 seconds, Stopping threads took: 0,0000127 seconds
2017-08-28T08:52:45.885+0200: 4,157: Total time for which application threads were stopped: 0,0042584 seconds, Stopping threads took: 0,0039803 seconds
2017-08-28T08:52:45.888+0200: 4,160: Total time for which application threads were stopped: 0,0001493 seconds, Stopping threads took: 0,0000247 seconds
2017-08-28T08:52:45.890+0200: 4,162: Total time for which application threads were stopped: 0,0001321 seconds, Stopping threads took: 0,0000432 seconds
2017-08-28T08:52:45.893+0200: 4,165: Total time for which application threads were stopped: 0,0010476 seconds, Stopping threads took: 0,0009097 seconds
2017-08-28T08:52:45.893+0200: 4,165: Total time for which application threads were stopped: 0,0001150 seconds, Stopping threads took: 0,0000175 seconds
2017-08-28T08:52:45.894+0200: 4,165: Total time for which application threads were stopped: 0,0000966 seconds, Stopping threads took: 0,0000127 seconds
2017-08-28T08:52:45.894+0200: 4,166: Total time for which application threads were stopped: 0,0000887 seconds, Stopping threads took: 0,0000107 seconds
2017-08-28T08:52:45.894+0200: 4,166: Total time for which application threads were stopped: 0,0000868 seconds, Stopping threads took: 0,0000111 seconds
2017-08-28T08:52:45.897+0200: 4,169: Total time for which application threads were stopped: 0,0001385 seconds, Stopping threads took: 0,0000214 seconds
2017-08-28T08:52:45.897+0200: 4,169: Total time for which application threads were stopped: 0,0001019 seconds, Stopping threads took: 0,0000169 seconds
2017-08-28T08:52:45.897+0200: 4,169: Total time for which application threads were stopped: 0,0000830 seconds, Stopping threads took: 0,0000107 seconds
2017-08-28T08:52:45.897+0200: 4,169: Total time for which application threads were stopped: 0,0000778 seconds, Stopping threads took: 0,0000092 seconds
2017-08-28T08:52:45.898+0200: 4,170: Total time for which application threads were stopped: 0,0001532 seconds, Stopping threads took: 0,0000514 seconds
2017-08-28T08:52:45.898+0200: 4,170: Total time for which application threads were stopped: 0,0001041 seconds, Stopping threads took: 0,0000247 seconds
2017-08-28T08:52:45.898+0200: 4,170: Total time for which application threads were stopped: 0,0002002 seconds, Stopping threads took: 0,0000938 seconds
2017-08-28T08:52:45.900+0200: 4,172: Total time for which application threads were stopped: 0,0001453 seconds, Stopping threads took: 0,0000257 seconds
2017-08-28T08:52:45.901+0200: 4,173: Total time for which application threads were stopped: 0,0009457 seconds, Stopping threads took: 0,0008481 seconds
2017-08-28T08:52:45.904+0200: 4,175: Total time for which application threads were stopped: 0,0001476 seconds, Stopping threads took: 0,0000215 seconds
2017-08-28T08:52:45.904+0200: 4,176: Total time for which application threads were stopped: 0,0001189 seconds, Stopping threads took: 0,0000259 seconds
2017-08-28T08:52:45.904+0200: 4,176: Total time for which application threads were stopped: 0,0004092 seconds, Stopping threads took: 0,0003060 seconds
2017-08-28T08:52:45.906+0200: 4,178: Total time for which application threads were stopped: 0,0021004 seconds, Stopping threads took: 0,0019833 seconds
2017-08-28T08:52:45.907+0200: 4,179: Total time for which application threads were stopped: 0,0001212 seconds, Stopping threads took: 0,0000147 seconds
2017-08-28T08:52:45.907+0200: 4,179: Total time for which application threads were stopped: 0,0002684 seconds, Stopping threads took: 0,0000608 seconds
2017-08-28T08:52:45.919+0200: 4,191: Total time for which application threads were stopped: 0,0001843 seconds, Stopping threads took: 0,0000321 seconds
2017-08-28T08:52:45.996+0200: 4,268: Total time for which application threads were stopped: 0,0001781 seconds, Stopping threads took: 0,0000719 seconds
2017-08-28T08:52:46.013+0200: 4,285: Total time for which application threads were stopped: 0,0005706 seconds, Stopping threads took: 0,0000430 seconds
2017-08-28T08:52:46.013+0200: 4,285: Total time for which application threads were stopped: 0,0000991 seconds, Stopping threads took: 0,0000232 seconds
2017-08-28T08:52:46.014+0200: 4,285: Total time for which application threads were stopped: 0,0001372 seconds, Stopping threads took: 0,0000608 seconds
2017-08-28T08:52:46.019+0200: 4,291: Total time for which application threads were stopped: 0,0001584 seconds, Stopping threads took: 0,0000387 seconds
2017-08-28T08:52:47.019+0200: 5,291: Total time for which application threads were stopped: 0,0000729 seconds, Stopping threads took: 0,0000188 seconds
{Heap before GC invocations=9 (full 1):
 par new generation   total 109248K, used 93097K [0x00000000e0000000, 0x00000000e8000000, 0x00000000e8000000)
  eden space 87424K, 100% used [0x00000000e0000000, 0x00000000e5560000, 0x00000000e5560000)
  from space 21824K,  25% used [0x00000000e6ab0000, 0x00000000e703a480, 0x00000000e8000000)
  to   space 21824K,   0% used [0x00000000e5560000, 0x00000000e5560000, 0x00000000e6ab0000)
 concurrent mark-sweep generation total 393216K, used 6098K [0x00000000e8000000, 0x0000000100000000, 0x0000000100000000)
 Metaspace       used 28073K, capacity 28568K, committed 28796K, reserved 1075200K
  class space    used 3215K, capacity 3393K, committed 3452K, reserved 1048576K
2017-08-28T08:52:52.727+0200: 10,999: [GC (Allocation Failure) 2017-08-28T08:52:52.728+0200: 11,000: [ParNew
Desired survivor size 20112992 bytes, new threshold 8 (max 8)
- age   1:   10993568 bytes,   10993568 total
- age   2:     307256 bytes,   11300824 total
- age   3:     175544 bytes,   11476368 total
- age   4:    1801744 bytes,   13278112 total
- age   5:      46712 bytes,   13324824 total
- age   7:     113064 bytes,   13437888 total
- age   8:     179856 bytes,   13617744 total
: 93097K->16443K(109248K), 0,1234132 secs] 99195K->23350K(502464K), 0,1240897 secs] [Times: user=0,08 sys=0,01, real=0,12 secs] 
Heap after GC invocations=10 (full 1):
 par new generation   total 109248K, used 16443K [0x00000000e0000000, 0x00000000e8000000, 0x00000000e8000000)
  eden space 87424K,   0% used [0x00000000e0000000, 0x00000000e0000000, 0x00000000e5560000)
  from space 21824K,  75% used [0x00000000e5560000, 0x00000000e656efb0, 0x00000000e6ab0000)
  to   space 21824K,   0% used [0x00000000e6ab0000, 0x00000000e6ab0000, 0x00000000e8000000)
 concurrent mark-sweep generation total 393216K, used 6906K [0x00000000e8000000, 0x0000000100000000, 0x0000000100000000)
 Metaspace       used 28073K, capacity 28568K, committed 28796K, reserved 1075200K
  class space    used 3215K, capacity 3393K, committed 3452K, reserved 1048576K
}
2017-08-28T08:52:52.852+0200: 11,124: Total time for which application threads were stopped: 0,1251167 seconds, Stopping threads took: 0,0001013 seconds
2017-08-28T08:52:52.853+0200: 11,125: Total time for which application threads were stopped: 0,0001112 seconds, Stopping threads took: 0,0000470 seconds
2017-08-28T08:52:52.857+0200: 11,129: Total time for which application threads were stopped: 0,0000723 seconds, Stopping threads took: 0,0000181 seconds
2017-08-28T08:54:38.245+0200: 117,143: Total time for which application threads were stopped: 0,0004983 seconds, Stopping threads took: 0,0002463 seconds
2017-08-28T08:54:43.245+0200: 122,143: Total time for which application threads were stopped: 0,0000647 seconds, Stopping threads took: 0,0000153 seconds
2017-08-28T08:55:42.251+0200: 181,149: Total time for which application threads were stopped: 0,0000882 seconds, Stopping threads took: 0,0000326 seconds
2017-08-28T08:57:17.259+0200: 276,157: Total time for which application threads were stopped: 0,0001307 seconds, Stopping threads took: 0,0000432 seconds
2017-08-28T09:16:12.431+0200: 1411,328: Total time for which application threads were stopped: 0,0001064 seconds, Stopping threads took: 0,0000406 seconds
2017-08-28T09:21:22.482+0200: 1721,380: Total time for which application threads were stopped: 0,0001697 seconds, Stopping threads took: 0,0000621 seconds
2017-08-28T09:29:52.567+0200: 2231,465: Total time for which application threads were stopped: 0,0001794 seconds, Stopping threads took: 0,0000622 seconds
2017-08-28T09:31:02.578+0200: 2301,476: Total time for which application threads were stopped: 0,0000783 seconds, Stopping threads took: 0,0000302 seconds
2017-08-28T09:31:03.579+0200: 2302,477: Total time for which application threads were stopped: 0,0001666 seconds, Stopping threads took: 0,0000245 seconds
2017-08-28T09:31:57.588+0200: 2356,486: Total time for which application threads were stopped: 0,0001634 seconds, Stopping threads took: 0,0000571 seconds
2017-08-28T09:35:12.621+0200: 2551,519: Total time for which application threads were stopped: 0,0001792 seconds, Stopping threads took: 0,0000648 seconds
2017-08-28T09:46:42.734+0200: 3241,632: Total time for which application threads were stopped: 0,0001778 seconds, Stopping threads took: 0,0000618 seconds
2017-08-28T09:46:53.736+0200: 3252,634: Total time for which application threads were stopped: 0,0001311 seconds, Stopping threads took: 0,0000290 seconds
2017-08-28T09:49:42.764+0200: 3421,662: Total time for which application threads were stopped: 0,0001806 seconds, Stopping threads took: 0,0000647 seconds
2017-08-28T09:57:07.094+0200: 3826,783: Total time for which application threads were stopped: 0,0001042 seconds, Stopping threads took: 0,0000346 seconds
2017-08-28T09:57:22.142+0200: 3838,324: Total time for which application threads were stopped: 0,0000800 seconds, Stopping threads took: 0,0000299 seconds
2017-08-28T10:14:48.159+0200: 4800,869: Total time for which application threads were stopped: 0,0001608 seconds, Stopping threads took: 0,0000596 seconds
2017-08-28T10:15:28.166+0200: 4840,875: Total time for which application threads were stopped: 0,0002523 seconds, Stopping threads took: 0,0001218 seconds
2017-08-28T10:42:58.985+0200: 6491,091: Total time for which application threads were stopped: 0,0000803 seconds, Stopping threads took: 0,0000314 seconds
2017-08-28T10:49:19.031+0200: 6871,137: Total time for which application threads were stopped: 0,0000783 seconds, Stopping threads took: 0,0000306 seconds
2017-08-28T10:56:54.087+0200: 7326,193: Total time for which application threads were stopped: 0,0007574 seconds, Stopping threads took: 0,0001935 seconds
2017-08-28T11:02:54.133+0200: 7686,239: Total time for which application threads were stopped: 0,0000796 seconds, Stopping threads took: 0,0000322 seconds
2017-08-28T12:07:24.693+0200: 11556,798: Total time for which application threads were stopped: 0,0002009 seconds, Stopping threads took: 0,0000705 seconds
2017-08-28T12:48:04.067+0200: 13996,173: Total time for which application threads were stopped: 0,0000936 seconds, Stopping threads took: 0,0000368 seconds
2017-08-28T13:10:54.284+0200: 15366,390: Total time for which application threads were stopped: 0,0001102 seconds, Stopping threads took: 0,0000440 seconds
2017-08-28T13:41:24.544+0200: 17196,650: Total time for which application threads were stopped: 0,0001611 seconds, Stopping threads took: 0,0000580 seconds
2017-08-28T15:41:54.469+0200: 24426,575: Total time for which application threads were stopped: 0,0002285 seconds, Stopping threads took: 0,0000759 seconds
2017-08-28T21:36:04.279+0200: 45211,917: Total time for which application threads were stopped: 0,0001394 seconds, Stopping threads took: 0,0000483 seconds
2017-08-29T00:58:02.619+0200: 57330,257: Total time for which application threads were stopped: 0,0001539 seconds, Stopping threads took: 0,0000300 seconds
2017-08-29T00:58:02.683+0200: 57330,321: Total time for which application threads were stopped: 0,0001386 seconds, Stopping threads took: 0,0000335 seconds
2017-08-29T00:58:02.683+0200: 57330,322: Total time for which application threads were stopped: 0,0000676 seconds, Stopping threads took: 0,0000172 seconds
2017-08-29T00:58:02.683+0200: 57330,322: Total time for which application threads were stopped: 0,0000636 seconds, Stopping threads took: 0,0000164 seconds
2017-08-29T00:58:02.684+0200: 57330,322: Total time for which application threads were stopped: 0,0001142 seconds, Stopping threads took: 0,0000336 seconds
2017-08-29T00:58:02.684+0200: 57330,323: Total time for which application threads were stopped: 0,0000631 seconds, Stopping threads took: 0,0000157 seconds
2017-08-29T00:58:02.684+0200: 57330,323: Total time for which application threads were stopped: 0,0000629 seconds, Stopping threads took: 0,0000133 seconds
2017-08-29T00:58:02.684+0200: 57330,323: Total time for which application threads were stopped: 0,0000582 seconds, Stopping threads took: 0,0000140 seconds
2017-08-29T00:58:02.684+0200: 57330,323: Total time for which application threads were stopped: 0,0000581 seconds, Stopping threads took: 0,0000136 seconds
2017-08-29T00:58:02.684+0200: 57330,323: Total time for which application threads were stopped: 0,0000561 seconds, Stopping threads took: 0,0000160 seconds
2017-08-29T00:58:02.685+0200: 57330,323: Total time for which application threads were stopped: 0,0000509 seconds, Stopping threads took: 0,0000133 seconds
2017-08-29T00:58:02.707+0200: 57330,345: Total time for which application threads were stopped: 0,0002047 seconds, Stopping threads took: 0,0000980 seconds
2017-08-29T00:58:02.708+0200: 57330,347: Total time for which application threads were stopped: 0,0000933 seconds, Stopping threads took: 0,0000245 seconds
2017-08-29T00:58:02.710+0200: 57330,349: Total time for which application threads were stopped: 0,0000891 seconds, Stopping threads took: 0,0000176 seconds
2017-08-29T00:58:02.710+0200: 57330,349: Total time for which application threads were stopped: 0,0000622 seconds, Stopping threads took: 0,0000165 seconds
2017-08-29T00:58:02.714+0200: 57330,353: Total time for which application threads were stopped: 0,0001767 seconds, Stopping threads took: 0,0000734 seconds
2017-08-29T00:58:02.719+0200: 57330,357: Total time for which application threads were stopped: 0,0001071 seconds, Stopping threads took: 0,0000351 seconds
2017-08-29T00:58:02.719+0200: 57330,361: Total time for which application threads were stopped: 0,0038058 seconds, Stopping threads took: 0,0000213 seconds
2017-08-29T00:58:02.723+0200: 57330,361: Total time for which application threads were stopped: 0,0001067 seconds, Stopping threads took: 0,0000331 seconds
2017-08-29T00:58:02.726+0200: 57330,364: Total time for which application threads were stopped: 0,0001201 seconds, Stopping threads took: 0,0000328 seconds
2017-08-29T00:58:02.726+0200: 57330,364: Total time for which application threads were stopped: 0,0000842 seconds, Stopping threads took: 0,0000247 seconds
2017-08-29T00:58:02.726+0200: 57330,364: Total time for which application threads were stopped: 0,0000537 seconds, Stopping threads took: 0,0000079 seconds
2017-08-29T00:58:02.727+0200: 57330,366: Total time for which application threads were stopped: 0,0001426 seconds, Stopping threads took: 0,0000387 seconds
2017-08-29T00:58:02.727+0200: 57330,366: Total time for which application threads were stopped: 0,0000788 seconds, Stopping threads took: 0,0000225 seconds
2017-08-29T00:58:02.728+0200: 57330,366: Total time for which application threads were stopped: 0,0000739 seconds, Stopping threads took: 0,0000237 seconds
2017-08-29T00:58:02.728+0200: 57330,366: Total time for which application threads were stopped: 0,0000475 seconds, Stopping threads took: 0,0000071 seconds
2017-08-29T00:58:02.728+0200: 57330,367: Total time for which application threads were stopped: 0,0000784 seconds, Stopping threads took: 0,0000138 seconds
2017-08-29T00:58:02.728+0200: 57330,367: Total time for which application threads were stopped: 0,0001846 seconds, Stopping threads took: 0,0000140 seconds
2017-08-29T00:58:02.729+0200: 57330,368: Total time for which application threads were stopped: 0,0000961 seconds, Stopping threads took: 0,0000301 seconds
2017-08-29T00:58:02.735+0200: 57330,374: Total time for which application threads were stopped: 0,0001714 seconds, Stopping threads took: 0,0000586 seconds
2017-08-29T00:58:02.756+0200: 57330,394: Total time for which application threads were stopped: 0,0001043 seconds, Stopping threads took: 0,0000443 seconds
2017-08-29T00:58:02.759+0200: 57330,397: Total time for which application threads were stopped: 0,0001385 seconds, Stopping threads took: 0,0000390 seconds
Heap
 par new generation   total 109248K, used 42021K [0x00000000e0000000, 0x00000000e8000000, 0x00000000e8000000)
  eden space 87424K,  29% used [0x00000000e0000000, 0x00000000e18fa630, 0x00000000e5560000)
  from space 21824K,  75% used [0x00000000e5560000, 0x00000000e656efb0, 0x00000000e6ab0000)
  to   space 21824K,   0% used [0x00000000e6ab0000, 0x00000000e6ab0000, 0x00000000e8000000)
 concurrent mark-sweep generation total 393216K, used 6906K [0x00000000e8000000, 0x0000000100000000, 0x0000000100000000)
 Metaspace       used 28256K, capacity 28864K, committed 29052K, reserved 1075200K
  class space    used 3230K, capacity 3427K, committed 3452K, reserved 1048576K
