OpenJDK 64-Bit Server VM (25.131-b11) for linux-amd64 JRE (1.8.0_131-8u131-b11-0ubuntu1.16.04.2-b11), built on May  6 2017 02:45:27 by "buildd" with gcc 5.4.0 20160609
Memory: 4k page, physical 7867740k(7346708k free), swap 8076284k(8076284k free)
CommandLine flags: -XX:CMSInitiatingOccupancyFraction=50 -XX:CMSMaxAbortablePrecleanTime=6000 -XX:+CMSParallelRemarkEnabled -XX:+CMSScavengeBeforeRemark -XX:ConcGCThreads=4 -XX:InitialHeapSize=536870912 -XX:MaxHeapSize=536870912 -XX:MaxTenuringThreshold=8 -XX:NewRatio=3 -XX:OldPLABSize=16 -XX:OnOutOfMemoryError=/opt/solr/bin/oom_solr.sh 8983 /var/solr/logs -XX:ParallelGCThreads=4 -XX:+ParallelRefProcEnabled -XX:PretenureSizeThreshold=67108864 -XX:+PrintGC -XX:+PrintGCApplicationStoppedTime -XX:+PrintGCDateStamps -XX:+PrintGCDetails -XX:+PrintGCTimeStamps -XX:+PrintHeapAtGC -XX:+PrintTenuringDistribution -XX:SurvivorRatio=4 -XX:TargetSurvivorRatio=90 -XX:ThreadStackSize=256 -XX:+UseCMSInitiatingOccupancyOnly -XX:+UseCompressedClassPointers -XX:+UseCompressedOops -XX:+UseConcMarkSweepGC -XX:+UseParNewGC 
2017-06-04T22:30:29.625+0200: 0,189: Total time for which application threads were stopped: 0,0000737 seconds, Stopping threads took: 0,0000110 seconds
2017-06-04T22:30:29.733+0200: 0,297: Total time for which application threads were stopped: 0,0001164 seconds, Stopping threads took: 0,0000207 seconds
2017-06-04T22:30:29.747+0200: 0,311: Total time for which application threads were stopped: 0,0000969 seconds, Stopping threads took: 0,0000152 seconds
2017-06-04T22:30:29.953+0200: 0,517: Total time for which application threads were stopped: 0,0001376 seconds, Stopping threads took: 0,0000250 seconds
2017-06-04T22:30:30.460+0200: 1,024: Total time for which application threads were stopped: 0,0008776 seconds, Stopping threads took: 0,0001679 seconds
2017-06-04T22:30:30.555+0200: 1,119: Total time for which application threads were stopped: 0,0001854 seconds, Stopping threads took: 0,0000183 seconds
2017-06-04T22:30:30.595+0200: 1,159: Total time for which application threads were stopped: 0,0004012 seconds, Stopping threads took: 0,0000321 seconds
2017-06-04T22:30:30.901+0200: 1,465: Total time for which application threads were stopped: 0,0001572 seconds, Stopping threads took: 0,0000227 seconds
2017-06-04T22:30:31.140+0200: 1,704: Total time for which application threads were stopped: 0,0002186 seconds, Stopping threads took: 0,0000345 seconds
2017-06-04T22:30:31.161+0200: 1,725: Total time for which application threads were stopped: 0,0002532 seconds, Stopping threads took: 0,0000177 seconds
2017-06-04T22:30:31.195+0200: 1,759: Total time for which application threads were stopped: 0,0001845 seconds, Stopping threads took: 0,0000173 seconds
2017-06-04T22:30:31.196+0200: 1,760: Total time for which application threads were stopped: 0,0001329 seconds, Stopping threads took: 0,0000120 seconds
2017-06-04T22:30:31.214+0200: 1,778: Total time for which application threads were stopped: 0,0001670 seconds, Stopping threads took: 0,0000177 seconds
2017-06-04T22:30:31.282+0200: 1,846: Total time for which application threads were stopped: 0,0001986 seconds, Stopping threads took: 0,0000176 seconds
2017-06-04T22:30:31.435+0200: 1,999: Total time for which application threads were stopped: 0,0002729 seconds, Stopping threads took: 0,0000576 seconds
{Heap before GC invocations=0 (full 0):
 par new generation   total 109248K, used 87424K [0x00000000e0000000, 0x00000000e8000000, 0x00000000e8000000)
  eden space 87424K, 100% used [0x00000000e0000000, 0x00000000e5560000, 0x00000000e5560000)
  from space 21824K,   0% used [0x00000000e5560000, 0x00000000e5560000, 0x00000000e6ab0000)
  to   space 21824K,   0% used [0x00000000e6ab0000, 0x00000000e6ab0000, 0x00000000e8000000)
 concurrent mark-sweep generation total 393216K, used 0K [0x00000000e8000000, 0x0000000100000000, 0x0000000100000000)
 Metaspace       used 18060K, capacity 18336K, committed 18688K, reserved 1064960K
  class space    used 2044K, capacity 2196K, committed 2304K, reserved 1048576K
2017-06-04T22:30:31.536+0200: 2,100: [GC (Allocation Failure) 2017-06-04T22:30:31.536+0200: 2,100: [ParNew
Desired survivor size 20112992 bytes, new threshold 8 (max 8)
- age   1:   12634128 bytes,   12634128 total
: 87424K->12451K(109248K), 0,0161480 secs] 87424K->12451K(502464K), 0,0162254 secs] [Times: user=0,06 sys=0,00, real=0,02 secs] 
Heap after GC invocations=1 (full 0):
 par new generation   total 109248K, used 12451K [0x00000000e0000000, 0x00000000e8000000, 0x00000000e8000000)
  eden space 87424K,   0% used [0x00000000e0000000, 0x00000000e0000000, 0x00000000e5560000)
  from space 21824K,  57% used [0x00000000e6ab0000, 0x00000000e76d8fb8, 0x00000000e8000000)
  to   space 21824K,   0% used [0x00000000e5560000, 0x00000000e5560000, 0x00000000e6ab0000)
 concurrent mark-sweep generation total 393216K, used 0K [0x00000000e8000000, 0x0000000100000000, 0x0000000100000000)
 Metaspace       used 18060K, capacity 18336K, committed 18688K, reserved 1064960K
  class space    used 2044K, capacity 2196K, committed 2304K, reserved 1048576K
}
2017-06-04T22:30:31.552+0200: 2,116: Total time for which application threads were stopped: 0,0165512 seconds, Stopping threads took: 0,0001431 seconds
2017-06-04T22:30:31.815+0200: 2,379: Total time for which application threads were stopped: 0,0003740 seconds, Stopping threads took: 0,0000687 seconds
2017-06-04T22:30:31.857+0200: 2,421: Total time for which application threads were stopped: 0,0004396 seconds, Stopping threads took: 0,0001220 seconds
{Heap before GC invocations=1 (full 0):
 par new generation   total 109248K, used 99875K [0x00000000e0000000, 0x00000000e8000000, 0x00000000e8000000)
  eden space 87424K, 100% used [0x00000000e0000000, 0x00000000e5560000, 0x00000000e5560000)
  from space 21824K,  57% used [0x00000000e6ab0000, 0x00000000e76d8fb8, 0x00000000e8000000)
  to   space 21824K,   0% used [0x00000000e5560000, 0x00000000e5560000, 0x00000000e6ab0000)
 concurrent mark-sweep generation total 393216K, used 0K [0x00000000e8000000, 0x0000000100000000, 0x0000000100000000)
 Metaspace       used 20031K, capacity 20346K, committed 20736K, reserved 1067008K
  class space    used 2293K, capacity 2463K, committed 2560K, reserved 1048576K
2017-06-04T22:30:31.862+0200: 2,426: [GC (Allocation Failure) 2017-06-04T22:30:31.862+0200: 2,426: [ParNew
Desired survivor size 20112992 bytes, new threshold 8 (max 8)
- age   1:    3775832 bytes,    3775832 total
- age   2:    6672232 bytes,   10448064 total
: 99875K->13772K(109248K), 0,0136764 secs] 99875K->13772K(502464K), 0,0137529 secs] [Times: user=0,05 sys=0,00, real=0,01 secs] 
Heap after GC invocations=2 (full 0):
 par new generation   total 109248K, used 13772K [0x00000000e0000000, 0x00000000e8000000, 0x00000000e8000000)
  eden space 87424K,   0% used [0x00000000e0000000, 0x00000000e0000000, 0x00000000e5560000)
  from space 21824K,  63% used [0x00000000e5560000, 0x00000000e62d3040, 0x00000000e6ab0000)
  to   space 21824K,   0% used [0x00000000e6ab0000, 0x00000000e6ab0000, 0x00000000e8000000)
 concurrent mark-sweep generation total 393216K, used 0K [0x00000000e8000000, 0x0000000100000000, 0x0000000100000000)
 Metaspace       used 20031K, capacity 20346K, committed 20736K, reserved 1067008K
  class space    used 2293K, capacity 2463K, committed 2560K, reserved 1048576K
}
2017-06-04T22:30:31.876+0200: 2,440: Total time for which application threads were stopped: 0,0153948 seconds, Stopping threads took: 0,0014871 seconds
2017-06-04T22:30:31.942+0200: 2,506: Total time for which application threads were stopped: 0,0004069 seconds, Stopping threads took: 0,0000501 seconds
2017-06-04T22:30:32.069+0200: 2,633: Total time for which application threads were stopped: 0,0001736 seconds, Stopping threads took: 0,0000499 seconds
{Heap before GC invocations=2 (full 0):
 par new generation   total 109248K, used 101196K [0x00000000e0000000, 0x00000000e8000000, 0x00000000e8000000)
  eden space 87424K, 100% used [0x00000000e0000000, 0x00000000e5560000, 0x00000000e5560000)
  from space 21824K,  63% used [0x00000000e5560000, 0x00000000e62d3040, 0x00000000e6ab0000)
  to   space 21824K,   0% used [0x00000000e6ab0000, 0x00000000e6ab0000, 0x00000000e8000000)
 concurrent mark-sweep generation total 393216K, used 0K [0x00000000e8000000, 0x0000000100000000, 0x0000000100000000)
 Metaspace       used 20957K, capacity 21268K, committed 21628K, reserved 1069056K
  class space    used 2413K, capacity 2582K, committed 2684K, reserved 1048576K
2017-06-04T22:30:32.104+0200: 2,668: [GC (Allocation Failure) 2017-06-04T22:30:32.104+0200: 2,668: [ParNew
Desired survivor size 20112992 bytes, new threshold 8 (max 8)
- age   1:    2289296 bytes,    2289296 total
- age   2:     839456 bytes,    3128752 total
- age   3:    6671072 bytes,    9799824 total
: 101196K->13035K(109248K), 0,0096573 secs] 101196K->13035K(502464K), 0,0097531 secs] [Times: user=0,03 sys=0,00, real=0,01 secs] 
Heap after GC invocations=3 (full 0):
 par new generation   total 109248K, used 13035K [0x00000000e0000000, 0x00000000e8000000, 0x00000000e8000000)
  eden space 87424K,   0% used [0x00000000e0000000, 0x00000000e0000000, 0x00000000e5560000)
  from space 21824K,  59% used [0x00000000e6ab0000, 0x00000000e776aea0, 0x00000000e8000000)
  to   space 21824K,   0% used [0x00000000e5560000, 0x00000000e5560000, 0x00000000e6ab0000)
 concurrent mark-sweep generation total 393216K, used 0K [0x00000000e8000000, 0x0000000100000000, 0x0000000100000000)
 Metaspace       used 20957K, capacity 21268K, committed 21628K, reserved 1069056K
  class space    used 2413K, capacity 2582K, committed 2684K, reserved 1048576K
}
2017-06-04T22:30:32.114+0200: 2,678: Total time for which application threads were stopped: 0,0100309 seconds, Stopping threads took: 0,0001151 seconds
2017-06-04T22:30:32.134+0200: 2,698: [GC (CMS Initial Mark) [1 CMS-initial-mark: 0K(393216K)] 28776K(502464K), 0,0093452 secs] [Times: user=0,03 sys=0,00, real=0,01 secs] 
2017-06-04T22:30:32.144+0200: 2,708: Total time for which application threads were stopped: 0,0095892 seconds, Stopping threads took: 0,0001135 seconds
2017-06-04T22:30:32.144+0200: 2,708: [CMS-concurrent-mark-start]
2017-06-04T22:30:32.144+0200: 2,708: [CMS-concurrent-mark: 0,001/0,001 secs] [Times: user=0,00 sys=0,00, real=0,00 secs] 
2017-06-04T22:30:32.144+0200: 2,708: [CMS-concurrent-preclean-start]
2017-06-04T22:30:32.146+0200: 2,710: [CMS-concurrent-preclean: 0,001/0,001 secs] [Times: user=0,01 sys=0,00, real=0,00 secs] 
2017-06-04T22:30:32.146+0200: 2,710: [CMS-concurrent-abortable-preclean-start]
2017-06-04T22:30:32.195+0200: 2,759: Total time for which application threads were stopped: 0,0001773 seconds, Stopping threads took: 0,0000607 seconds
{Heap before GC invocations=3 (full 1):
 par new generation   total 109248K, used 100459K [0x00000000e0000000, 0x00000000e8000000, 0x00000000e8000000)
  eden space 87424K, 100% used [0x00000000e0000000, 0x00000000e5560000, 0x00000000e5560000)
  from space 21824K,  59% used [0x00000000e6ab0000, 0x00000000e776aea0, 0x00000000e8000000)
  to   space 21824K,   0% used [0x00000000e5560000, 0x00000000e5560000, 0x00000000e6ab0000)
 concurrent mark-sweep generation total 393216K, used 0K [0x00000000e8000000, 0x0000000100000000, 0x0000000100000000)
 Metaspace       used 21248K, capacity 21608K, committed 21884K, reserved 1069056K
  class space    used 2444K, capacity 2597K, committed 2684K, reserved 1048576K
2017-06-04T22:30:32.264+0200: 2,828: [GC (Allocation Failure) 2017-06-04T22:30:32.264+0200: 2,828: [ParNew
Desired survivor size 20112992 bytes, new threshold 8 (max 8)
- age   1:     823760 bytes,     823760 total
- age   2:    1452472 bytes,    2276232 total
- age   3:     808016 bytes,    3084248 total
- age   4:    6671176 bytes,    9755424 total
: 100459K->11333K(109248K), 0,0093908 secs] 100459K->11333K(502464K), 0,0094709 secs] [Times: user=0,04 sys=0,00, real=0,01 secs] 
Heap after GC invocations=4 (full 1):
 par new generation   total 109248K, used 11333K [0x00000000e0000000, 0x00000000e8000000, 0x00000000e8000000)
  eden space 87424K,   0% used [0x00000000e0000000, 0x00000000e0000000, 0x00000000e5560000)
  from space 21824K,  51% used [0x00000000e5560000, 0x00000000e60716f8, 0x00000000e6ab0000)
  to   space 21824K,   0% used [0x00000000e6ab0000, 0x00000000e6ab0000, 0x00000000e8000000)
 concurrent mark-sweep generation total 393216K, used 0K [0x00000000e8000000, 0x0000000100000000, 0x0000000100000000)
 Metaspace       used 21248K, capacity 21608K, committed 21884K, reserved 1069056K
  class space    used 2444K, capacity 2597K, committed 2684K, reserved 1048576K
}
2017-06-04T22:30:32.273+0200: 2,837: Total time for which application threads were stopped: 0,0097127 seconds, Stopping threads took: 0,0000731 seconds
{Heap before GC invocations=4 (full 1):
 par new generation   total 109248K, used 98757K [0x00000000e0000000, 0x00000000e8000000, 0x00000000e8000000)
  eden space 87424K, 100% used [0x00000000e0000000, 0x00000000e5560000, 0x00000000e5560000)
  from space 21824K,  51% used [0x00000000e5560000, 0x00000000e60716f8, 0x00000000e6ab0000)
  to   space 21824K,   0% used [0x00000000e6ab0000, 0x00000000e6ab0000, 0x00000000e8000000)
 concurrent mark-sweep generation total 393216K, used 0K [0x00000000e8000000, 0x0000000100000000, 0x0000000100000000)
 Metaspace       used 21409K, capacity 21780K, committed 21884K, reserved 1069056K
  class space    used 2463K, capacity 2631K, committed 2684K, reserved 1048576K
2017-06-04T22:30:32.382+0200: 2,946: [GC (Allocation Failure) 2017-06-04T22:30:32.382+0200: 2,946: [ParNew
Desired survivor size 20112992 bytes, new threshold 8 (max 8)
- age   1:     879320 bytes,     879320 total
- age   2:     187272 bytes,    1066592 total
- age   3:    1452272 bytes,    2518864 total
- age   4:     806032 bytes,    3324896 total
- age   5:    6671072 bytes,    9995968 total
: 98757K->14707K(109248K), 0,0101471 secs] 98757K->14707K(502464K), 0,0102223 secs] [Times: user=0,03 sys=0,00, real=0,01 secs] 
Heap after GC invocations=5 (full 1):
 par new generation   total 109248K, used 14707K [0x00000000e0000000, 0x00000000e8000000, 0x00000000e8000000)
  eden space 87424K,   0% used [0x00000000e0000000, 0x00000000e0000000, 0x00000000e5560000)
  from space 21824K,  67% used [0x00000000e6ab0000, 0x00000000e790ce68, 0x00000000e8000000)
  to   space 21824K,   0% used [0x00000000e5560000, 0x00000000e5560000, 0x00000000e6ab0000)
 concurrent mark-sweep generation total 393216K, used 0K [0x00000000e8000000, 0x0000000100000000, 0x0000000100000000)
 Metaspace       used 21409K, capacity 21780K, committed 21884K, reserved 1069056K
  class space    used 2463K, capacity 2631K, committed 2684K, reserved 1048576K
}
2017-06-04T22:30:32.393+0200: 2,957: Total time for which application threads were stopped: 0,0115084 seconds, Stopping threads took: 0,0011479 seconds
2017-06-04T22:30:32.393+0200: 2,957: [CMS-concurrent-abortable-preclean: 0,205/0,247 secs] [Times: user=0,93 sys=0,01, real=0,25 secs] 
2017-06-04T22:30:32.393+0200: 2,957: [GC (CMS Final Remark) [YG occupancy: 15364 K (109248 K)]{Heap before GC invocations=5 (full 1):
 par new generation   total 109248K, used 15364K [0x00000000e0000000, 0x00000000e8000000, 0x00000000e8000000)
  eden space 87424K,   0% used [0x00000000e0000000, 0x00000000e00a41f0, 0x00000000e5560000)
  from space 21824K,  67% used [0x00000000e6ab0000, 0x00000000e790ce68, 0x00000000e8000000)
  to   space 21824K,   0% used [0x00000000e5560000, 0x00000000e5560000, 0x00000000e6ab0000)
 concurrent mark-sweep generation total 393216K, used 0K [0x00000000e8000000, 0x0000000100000000, 0x0000000100000000)
 Metaspace       used 21409K, capacity 21780K, committed 21884K, reserved 1069056K
  class space    used 2463K, capacity 2631K, committed 2684K, reserved 1048576K
2017-06-04T22:30:32.393+0200: 2,957: [GC (CMS Final Remark) 2017-06-04T22:30:32.393+0200: 2,957: [ParNew
Desired survivor size 20112992 bytes, new threshold 8 (max 8)
- age   1:      16808 bytes,      16808 total
- age   2:     759848 bytes,     776656 total
- age   3:     187272 bytes,     963928 total
- age   4:    1452272 bytes,    2416200 total
- age   5:     806032 bytes,    3222232 total
- age   6:    6671232 bytes,    9893464 total
: 15364K->12489K(109248K), 0,0091561 secs] 15364K->12489K(502464K), 0,0091952 secs] [Times: user=0,04 sys=0,00, real=0,01 secs] 
Heap after GC invocations=6 (full 1):
 par new generation   total 109248K, used 12489K [0x00000000e0000000, 0x00000000e8000000, 0x00000000e8000000)
  eden space 87424K,   0% used [0x00000000e0000000, 0x00000000e0000000, 0x00000000e5560000)
  from space 21824K,  57% used [0x00000000e5560000, 0x00000000e6192480, 0x00000000e6ab0000)
  to   space 21824K,   0% used [0x00000000e6ab0000, 0x00000000e6ab0000, 0x00000000e8000000)
 concurrent mark-sweep generation total 393216K, used 0K [0x00000000e8000000, 0x0000000100000000, 0x0000000100000000)
 Metaspace       used 21409K, capacity 21780K, committed 21884K, reserved 1069056K
  class space    used 2463K, capacity 2631K, committed 2684K, reserved 1048576K
}
2017-06-04T22:30:32.402+0200: 2,966: [Rescan (parallel) , 0,0033564 secs]2017-06-04T22:30:32.405+0200: 2,969: [weak refs processing, 0,0013601 secs]2017-06-04T22:30:32.407+0200: 2,971: [class unloading, 0,0029144 secs]2017-06-04T22:30:32.410+0200: 2,974: [scrub symbol table, 0,0028333 secs]2017-06-04T22:30:32.413+0200: 2,977: [scrub string table, 0,0003826 secs][1 CMS-remark: 0K(393216K)] 12489K(502464K), 0,0207679 secs] [Times: user=0,06 sys=0,00, real=0,02 secs] 
2017-06-04T22:30:32.414+0200: 2,978: Total time for which application threads were stopped: 0,0208729 seconds, Stopping threads took: 0,0000298 seconds
2017-06-04T22:30:32.414+0200: 2,978: [CMS-concurrent-sweep-start]
2017-06-04T22:30:32.414+0200: 2,978: [CMS-concurrent-sweep: 0,000/0,000 secs] [Times: user=0,00 sys=0,00, real=0,00 secs] 
2017-06-04T22:30:32.414+0200: 2,978: [CMS-concurrent-reset-start]
2017-06-04T22:30:32.416+0200: 2,980: [CMS-concurrent-reset: 0,002/0,002 secs] [Times: user=0,00 sys=0,00, real=0,00 secs] 
2017-06-04T22:30:32.460+0200: 3,024: Total time for which application threads were stopped: 0,0003746 seconds, Stopping threads took: 0,0000240 seconds
2017-06-04T22:30:32.711+0200: 3,275: Total time for which application threads were stopped: 0,0004539 seconds, Stopping threads took: 0,0000487 seconds
2017-06-04T22:30:32.723+0200: 3,287: Total time for which application threads were stopped: 0,0003954 seconds, Stopping threads took: 0,0000287 seconds
2017-06-04T22:30:32.870+0200: 3,434: Total time for which application threads were stopped: 0,0002264 seconds, Stopping threads took: 0,0000844 seconds
{Heap before GC invocations=6 (full 1):
 par new generation   total 109248K, used 99945K [0x00000000e0000000, 0x00000000e8000000, 0x00000000e8000000)
  eden space 87424K, 100% used [0x00000000e0000000, 0x00000000e5560000, 0x00000000e5560000)
  from space 21824K,  57% used [0x00000000e5560000, 0x00000000e619a490, 0x00000000e6ab0000)
  to   space 21824K,   0% used [0x00000000e6ab0000, 0x00000000e6ab0000, 0x00000000e8000000)
 concurrent mark-sweep generation total 393216K, used 0K [0x00000000e8000000, 0x0000000100000000, 0x0000000100000000)
 Metaspace       used 23893K, capacity 24370K, committed 24572K, reserved 1071104K
  class space    used 2812K, capacity 3004K, committed 3068K, reserved 1048576K
2017-06-04T22:30:32.870+0200: 3,434: [GC (GCLocker Initiated GC) 2017-06-04T22:30:32.870+0200: 3,434: [ParNew
Desired survivor size 20112992 bytes, new threshold 8 (max 8)
- age   1:    5384952 bytes,    5384952 total
- age   2:        328 bytes,    5385280 total
- age   3:     111248 bytes,    5496528 total
- age   4:     185760 bytes,    5682288 total
- age   5:     282448 bytes,    5964736 total
- age   6:     779800 bytes,    6744536 total
- age   7:    6662872 bytes,   13407408 total
: 99945K->14275K(109248K), 0,0187024 secs] 99945K->14275K(502464K), 0,0187744 secs] [Times: user=0,07 sys=0,00, real=0,02 secs] 
Heap after GC invocations=7 (full 1):
 par new generation   total 109248K, used 14275K [0x00000000e0000000, 0x00000000e8000000, 0x00000000e8000000)
  eden space 87424K,   0% used [0x00000000e0000000, 0x00000000e0000000, 0x00000000e5560000)
  from space 21824K,  65% used [0x00000000e6ab0000, 0x00000000e78a0ce0, 0x00000000e8000000)
  to   space 21824K,   0% used [0x00000000e5560000, 0x00000000e5560000, 0x00000000e6ab0000)
 concurrent mark-sweep generation total 393216K, used 0K [0x00000000e8000000, 0x0000000100000000, 0x0000000100000000)
 Metaspace       used 23893K, capacity 24370K, committed 24572K, reserved 1071104K
  class space    used 2812K, capacity 3004K, committed 3068K, reserved 1048576K
}
2017-06-04T22:30:32.889+0200: 3,453: Total time for which application threads were stopped: 0,0189140 seconds, Stopping threads took: 0,0000123 seconds
{Heap before GC invocations=7 (full 1):
 par new generation   total 109248K, used 101699K [0x00000000e0000000, 0x00000000e8000000, 0x00000000e8000000)
  eden space 87424K, 100% used [0x00000000e0000000, 0x00000000e5560000, 0x00000000e5560000)
  from space 21824K,  65% used [0x00000000e6ab0000, 0x00000000e78a0ce0, 0x00000000e8000000)
  to   space 21824K,   0% used [0x00000000e5560000, 0x00000000e5560000, 0x00000000e6ab0000)
 concurrent mark-sweep generation total 393216K, used 0K [0x00000000e8000000, 0x0000000100000000, 0x0000000100000000)
 Metaspace       used 24306K, capacity 24728K, committed 24828K, reserved 1071104K
  class space    used 2849K, capacity 3037K, committed 3068K, reserved 1048576K
2017-06-04T22:30:32.975+0200: 3,539: [GC (Allocation Failure) 2017-06-04T22:30:32.975+0200: 3,539: [ParNew
Desired survivor size 20112992 bytes, new threshold 8 (max 8)
- age   1:    1852464 bytes,    1852464 total
- age   2:    1813032 bytes,    3665496 total
- age   4:      58216 bytes,    3723712 total
- age   5:      99200 bytes,    3822912 total
- age   6:     187144 bytes,    4010056 total
- age   7:     736000 bytes,    4746056 total
- age   8:    6128768 bytes,   10874824 total
: 101699K->19266K(109248K), 0,0125795 secs] 101699K->19266K(502464K), 0,0126658 secs] [Times: user=0,04 sys=0,00, real=0,02 secs] 
Heap after GC invocations=8 (full 1):
 par new generation   total 109248K, used 19266K [0x00000000e0000000, 0x00000000e8000000, 0x00000000e8000000)
  eden space 87424K,   0% used [0x00000000e0000000, 0x00000000e0000000, 0x00000000e5560000)
  from space 21824K,  88% used [0x00000000e5560000, 0x00000000e6830a48, 0x00000000e6ab0000)
  to   space 21824K,   0% used [0x00000000e6ab0000, 0x00000000e6ab0000, 0x00000000e8000000)
 concurrent mark-sweep generation total 393216K, used 0K [0x00000000e8000000, 0x0000000100000000, 0x0000000100000000)
 Metaspace       used 24306K, capacity 24728K, committed 24828K, reserved 1071104K
  class space    used 2849K, capacity 3037K, committed 3068K, reserved 1048576K
}
2017-06-04T22:30:32.988+0200: 3,552: Total time for which application threads were stopped: 0,0129399 seconds, Stopping threads took: 0,0000616 seconds
{Heap before GC invocations=8 (full 1):
 par new generation   total 109248K, used 106690K [0x00000000e0000000, 0x00000000e8000000, 0x00000000e8000000)
  eden space 87424K, 100% used [0x00000000e0000000, 0x00000000e5560000, 0x00000000e5560000)
  from space 21824K,  88% used [0x00000000e5560000, 0x00000000e6830a48, 0x00000000e6ab0000)
  to   space 21824K,   0% used [0x00000000e6ab0000, 0x00000000e6ab0000, 0x00000000e8000000)
 concurrent mark-sweep generation total 393216K, used 0K [0x00000000e8000000, 0x0000000100000000, 0x0000000100000000)
 Metaspace       used 24474K, capacity 24882K, committed 25084K, reserved 1071104K
  class space    used 2863K, capacity 3042K, committed 3068K, reserved 1048576K
2017-06-04T22:30:33.054+0200: 3,618: [GC (Allocation Failure) 2017-06-04T22:30:33.054+0200: 3,618: [ParNew
Desired survivor size 20112992 bytes, new threshold 8 (max 8)
- age   1:     962936 bytes,     962936 total
- age   2:     955744 bytes,    1918680 total
- age   3:    1786808 bytes,    3705488 total
- age   5:      58216 bytes,    3763704 total
- age   6:      99000 bytes,    3862704 total
- age   7:     184320 bytes,    4047024 total
- age   8:     735232 bytes,    4782256 total
: 106690K->7115K(109248K), 0,0309129 secs] 106690K->13182K(502464K), 0,0309830 secs] [Times: user=0,10 sys=0,00, real=0,03 secs] 
Heap after GC invocations=9 (full 1):
 par new generation   total 109248K, used 7115K [0x00000000e0000000, 0x00000000e8000000, 0x00000000e8000000)
  eden space 87424K,   0% used [0x00000000e0000000, 0x00000000e0000000, 0x00000000e5560000)
  from space 21824K,  32% used [0x00000000e6ab0000, 0x00000000e71a2d90, 0x00000000e8000000)
  to   space 21824K,   0% used [0x00000000e5560000, 0x00000000e5560000, 0x00000000e6ab0000)
 concurrent mark-sweep generation total 393216K, used 6067K [0x00000000e8000000, 0x0000000100000000, 0x0000000100000000)
 Metaspace       used 24474K, capacity 24882K, committed 25084K, reserved 1071104K
  class space    used 2863K, capacity 3042K, committed 3068K, reserved 1048576K
}
2017-06-04T22:30:33.085+0200: 3,649: Total time for which application threads were stopped: 0,0312105 seconds, Stopping threads took: 0,0000823 seconds
2017-06-04T22:30:33.368+0200: 3,932: Total time for which application threads were stopped: 0,0004313 seconds, Stopping threads took: 0,0000308 seconds
2017-06-04T22:30:33.471+0200: 4,035: Total time for which application threads were stopped: 0,0006003 seconds, Stopping threads took: 0,0000411 seconds
2017-06-04T22:30:33.486+0200: 4,050: Total time for which application threads were stopped: 0,0005225 seconds, Stopping threads took: 0,0000268 seconds
2017-06-04T22:30:33.505+0200: 4,069: Total time for which application threads were stopped: 0,0004100 seconds, Stopping threads took: 0,0000395 seconds
2017-06-04T22:30:33.524+0200: 4,088: Total time for which application threads were stopped: 0,0004243 seconds, Stopping threads took: 0,0002883 seconds
2017-06-04T22:30:33.528+0200: 4,092: Total time for which application threads were stopped: 0,0001852 seconds, Stopping threads took: 0,0000451 seconds
2017-06-04T22:30:33.532+0200: 4,096: Total time for which application threads were stopped: 0,0001650 seconds, Stopping threads took: 0,0000625 seconds
2017-06-04T22:30:33.533+0200: 4,097: Total time for which application threads were stopped: 0,0001301 seconds, Stopping threads took: 0,0000362 seconds
2017-06-04T22:30:33.534+0200: 4,098: Total time for which application threads were stopped: 0,0001192 seconds, Stopping threads took: 0,0000371 seconds
2017-06-04T22:30:33.537+0200: 4,101: Total time for which application threads were stopped: 0,0001395 seconds, Stopping threads took: 0,0000407 seconds
2017-06-04T22:30:33.542+0200: 4,106: Total time for which application threads were stopped: 0,0037189 seconds, Stopping threads took: 0,0036143 seconds
2017-06-04T22:30:33.544+0200: 4,108: Total time for which application threads were stopped: 0,0001292 seconds, Stopping threads took: 0,0000319 seconds
2017-06-04T22:30:33.545+0200: 4,109: Total time for which application threads were stopped: 0,0001205 seconds, Stopping threads took: 0,0000324 seconds
2017-06-04T22:30:33.549+0200: 4,113: Total time for which application threads were stopped: 0,0001226 seconds, Stopping threads took: 0,0000405 seconds
2017-06-04T22:30:33.550+0200: 4,114: Total time for which application threads were stopped: 0,0004387 seconds, Stopping threads took: 0,0000317 seconds
2017-06-04T22:30:33.551+0200: 4,115: Total time for which application threads were stopped: 0,0001041 seconds, Stopping threads took: 0,0000350 seconds
2017-06-04T22:30:33.552+0200: 4,116: Total time for which application threads were stopped: 0,0001232 seconds, Stopping threads took: 0,0000380 seconds
2017-06-04T22:30:33.552+0200: 4,116: Total time for which application threads were stopped: 0,0001017 seconds, Stopping threads took: 0,0000294 seconds
2017-06-04T22:30:33.552+0200: 4,116: Total time for which application threads were stopped: 0,0001066 seconds, Stopping threads took: 0,0000293 seconds
2017-06-04T22:30:33.553+0200: 4,117: Total time for which application threads were stopped: 0,0001216 seconds, Stopping threads took: 0,0000300 seconds
2017-06-04T22:30:33.563+0200: 4,127: Total time for which application threads were stopped: 0,0001103 seconds, Stopping threads took: 0,0000250 seconds
2017-06-04T22:30:33.563+0200: 4,127: Total time for which application threads were stopped: 0,0001162 seconds, Stopping threads took: 0,0000320 seconds
2017-06-04T22:30:33.571+0200: 4,135: Total time for which application threads were stopped: 0,0001463 seconds, Stopping threads took: 0,0000425 seconds
2017-06-04T22:30:33.572+0200: 4,136: Total time for which application threads were stopped: 0,0001130 seconds, Stopping threads took: 0,0000307 seconds
2017-06-04T22:30:33.573+0200: 4,137: Total time for which application threads were stopped: 0,0000958 seconds, Stopping threads took: 0,0000297 seconds
2017-06-04T22:30:33.573+0200: 4,137: Total time for which application threads were stopped: 0,0001068 seconds, Stopping threads took: 0,0000306 seconds
2017-06-04T22:30:33.574+0200: 4,138: Total time for which application threads were stopped: 0,0001398 seconds, Stopping threads took: 0,0000330 seconds
2017-06-04T22:30:33.575+0200: 4,139: Total time for which application threads were stopped: 0,0002180 seconds, Stopping threads took: 0,0000248 seconds
2017-06-04T22:30:33.575+0200: 4,139: Total time for which application threads were stopped: 0,0000861 seconds, Stopping threads took: 0,0000275 seconds
2017-06-04T22:30:33.575+0200: 4,139: Total time for which application threads were stopped: 0,0000884 seconds, Stopping threads took: 0,0000210 seconds
2017-06-04T22:30:33.576+0200: 4,140: Total time for which application threads were stopped: 0,0000927 seconds, Stopping threads took: 0,0000237 seconds
2017-06-04T22:30:33.576+0200: 4,140: Total time for which application threads were stopped: 0,0000825 seconds, Stopping threads took: 0,0000173 seconds
2017-06-04T22:30:33.576+0200: 4,140: Total time for which application threads were stopped: 0,0000792 seconds, Stopping threads took: 0,0000184 seconds
2017-06-04T22:30:33.576+0200: 4,140: Total time for which application threads were stopped: 0,0000838 seconds, Stopping threads took: 0,0000178 seconds
2017-06-04T22:30:33.576+0200: 4,140: Total time for which application threads were stopped: 0,0000711 seconds, Stopping threads took: 0,0000178 seconds
2017-06-04T22:30:33.576+0200: 4,140: Total time for which application threads were stopped: 0,0000735 seconds, Stopping threads took: 0,0000165 seconds
2017-06-04T22:30:33.576+0200: 4,140: Total time for which application threads were stopped: 0,0000615 seconds, Stopping threads took: 0,0000162 seconds
2017-06-04T22:30:33.577+0200: 4,141: Total time for which application threads were stopped: 0,0000749 seconds, Stopping threads took: 0,0000177 seconds
2017-06-04T22:30:33.577+0200: 4,141: Total time for which application threads were stopped: 0,0000814 seconds, Stopping threads took: 0,0000205 seconds
2017-06-04T22:30:33.577+0200: 4,141: Total time for which application threads were stopped: 0,0000613 seconds, Stopping threads took: 0,0000172 seconds
2017-06-04T22:30:33.577+0200: 4,141: Total time for which application threads were stopped: 0,0000754 seconds, Stopping threads took: 0,0000189 seconds
2017-06-04T22:30:33.577+0200: 4,141: Total time for which application threads were stopped: 0,0000735 seconds, Stopping threads took: 0,0000155 seconds
2017-06-04T22:30:33.577+0200: 4,141: Total time for which application threads were stopped: 0,0000745 seconds, Stopping threads took: 0,0000187 seconds
2017-06-04T22:30:33.578+0200: 4,142: Total time for which application threads were stopped: 0,0000752 seconds, Stopping threads took: 0,0000183 seconds
2017-06-04T22:30:33.578+0200: 4,142: Total time for which application threads were stopped: 0,0000732 seconds, Stopping threads took: 0,0000157 seconds
2017-06-04T22:30:33.578+0200: 4,142: Total time for which application threads were stopped: 0,0000693 seconds, Stopping threads took: 0,0000163 seconds
2017-06-04T22:30:33.578+0200: 4,142: Total time for which application threads were stopped: 0,0000686 seconds, Stopping threads took: 0,0000166 seconds
2017-06-04T22:30:33.578+0200: 4,142: Total time for which application threads were stopped: 0,0001932 seconds, Stopping threads took: 0,0000211 seconds
2017-06-04T22:30:33.583+0200: 4,147: Total time for which application threads were stopped: 0,0001633 seconds, Stopping threads took: 0,0000460 seconds
2017-06-04T22:30:33.590+0200: 4,154: Total time for which application threads were stopped: 0,0021880 seconds, Stopping threads took: 0,0020839 seconds
2017-06-04T22:30:33.593+0200: 4,157: Total time for which application threads were stopped: 0,0002154 seconds, Stopping threads took: 0,0000777 seconds
2017-06-04T22:30:33.626+0200: 4,190: Total time for which application threads were stopped: 0,0003957 seconds, Stopping threads took: 0,0002460 seconds
2017-06-04T22:30:33.654+0200: 4,218: Total time for which application threads were stopped: 0,0052332 seconds, Stopping threads took: 0,0051279 seconds
{Heap before GC invocations=9 (full 1):
 par new generation   total 109248K, used 93440K [0x00000000e0000000, 0x00000000e8000000, 0x00000000e8000000)
  eden space 87424K,  98% used [0x00000000e0000000, 0x00000000e544d3c8, 0x00000000e5560000)
  from space 21824K,  32% used [0x00000000e6ab0000, 0x00000000e71a2d90, 0x00000000e8000000)
  to   space 21824K,   0% used [0x00000000e5560000, 0x00000000e5560000, 0x00000000e6ab0000)
 concurrent mark-sweep generation total 393216K, used 6067K [0x00000000e8000000, 0x0000000100000000, 0x0000000100000000)
 Metaspace       used 27704K, capacity 28236K, committed 28540K, reserved 1075200K
  class space    used 3165K, capacity 3347K, committed 3452K, reserved 1048576K
2017-06-04T22:30:33.662+0200: 4,226: [GC (Allocation Failure) 2017-06-04T22:30:33.662+0200: 4,226: [ParNew
Desired survivor size 20112992 bytes, new threshold 8 (max 8)
- age   1:    8871824 bytes,    8871824 total
- age   2:     163176 bytes,    9035000 total
- age   3:     176032 bytes,    9211032 total
- age   4:    1780536 bytes,   10991568 total
- age   6:      58216 bytes,   11049784 total
- age   7:      96440 bytes,   11146224 total
- age   8:     183680 bytes,   11329904 total
: 93440K->12023K(109248K), 0,0193430 secs] 99507K->18891K(502464K), 0,0194231 secs] [Times: user=0,06 sys=0,01, real=0,02 secs] 
Heap after GC invocations=10 (full 1):
 par new generation   total 109248K, used 12023K [0x00000000e0000000, 0x00000000e8000000, 0x00000000e8000000)
  eden space 87424K,   0% used [0x00000000e0000000, 0x00000000e0000000, 0x00000000e5560000)
  from space 21824K,  55% used [0x00000000e5560000, 0x00000000e611dcd0, 0x00000000e6ab0000)
  to   space 21824K,   0% used [0x00000000e6ab0000, 0x00000000e6ab0000, 0x00000000e8000000)
 concurrent mark-sweep generation total 393216K, used 6868K [0x00000000e8000000, 0x0000000100000000, 0x0000000100000000)
 Metaspace       used 27704K, capacity 28236K, committed 28540K, reserved 1075200K
  class space    used 3165K, capacity 3347K, committed 3452K, reserved 1048576K
}
2017-06-04T22:30:33.681+0200: 4,245: Total time for which application threads were stopped: 0,0196548 seconds, Stopping threads took: 0,0000701 seconds
2017-06-04T22:30:33.682+0200: 4,246: Total time for which application threads were stopped: 0,0001136 seconds, Stopping threads took: 0,0000483 seconds
2017-06-04T22:30:33.682+0200: 4,246: Total time for which application threads were stopped: 0,0000488 seconds, Stopping threads took: 0,0000205 seconds
2017-06-04T22:30:33.694+0200: 4,258: Total time for which application threads were stopped: 0,0004807 seconds, Stopping threads took: 0,0000385 seconds
2017-06-04T22:30:34.694+0200: 5,258: Total time for which application threads were stopped: 0,0000717 seconds, Stopping threads took: 0,0000175 seconds
2017-06-04T22:31:51.703+0200: 82,267: Total time for which application threads were stopped: 0,0000708 seconds, Stopping threads took: 0,0000201 seconds
2017-06-04T22:32:26.707+0200: 117,271: Total time for which application threads were stopped: 0,0000788 seconds, Stopping threads took: 0,0000328 seconds
2017-06-04T22:32:31.707+0200: 122,271: Total time for which application threads were stopped: 0,0001360 seconds, Stopping threads took: 0,0000343 seconds
2017-06-04T22:35:06.725+0200: 277,289: Total time for which application threads were stopped: 0,0000826 seconds, Stopping threads took: 0,0000337 seconds
2017-06-04T22:53:55.861+0200: 1406,425: Total time for which application threads were stopped: 0,0002756 seconds, Stopping threads took: 0,0000704 seconds
2017-06-04T22:58:35.894+0200: 1686,458: Total time for which application threads were stopped: 0,0000893 seconds, Stopping threads took: 0,0000333 seconds
2017-06-04T23:02:21.920+0200: 1912,484: Total time for which application threads were stopped: 0,0001038 seconds, Stopping threads took: 0,0000413 seconds
2017-06-04T23:08:50.957+0200: 2301,521: Total time for which application threads were stopped: 0,0001103 seconds, Stopping threads took: 0,0000356 seconds
2017-06-04T23:08:51.958+0200: 2302,522: Total time for which application threads were stopped: 0,0000855 seconds, Stopping threads took: 0,0000334 seconds
2017-06-04T23:08:55.958+0200: 2306,522: Total time for which application threads were stopped: 0,0001142 seconds, Stopping threads took: 0,0000251 seconds
2017-06-04T23:13:00.982+0200: 2551,546: Total time for which application threads were stopped: 0,0000868 seconds, Stopping threads took: 0,0000335 seconds
2017-06-04T23:23:52.044+0200: 3202,608: Total time for which application threads were stopped: 0,0000947 seconds, Stopping threads took: 0,0000355 seconds
2017-06-04T23:33:29.891+0200: 3780,455: Total time for which application threads were stopped: 0,0147359 seconds, Stopping threads took: 0,0146438 seconds
2017-06-04T23:33:29.896+0200: 3780,460: Total time for which application threads were stopped: 0,0020902 seconds, Stopping threads took: 0,0019540 seconds
2017-06-04T23:33:29.925+0200: 3780,489: Total time for which application threads were stopped: 0,0033914 seconds, Stopping threads took: 0,0033164 seconds
2017-06-04T23:33:29.925+0200: 3780,489: Total time for which application threads were stopped: 0,0000492 seconds, Stopping threads took: 0,0000084 seconds
2017-06-04T23:33:29.925+0200: 3780,489: Total time for which application threads were stopped: 0,0000378 seconds, Stopping threads took: 0,0000051 seconds
2017-06-04T23:33:29.925+0200: 3780,489: Total time for which application threads were stopped: 0,0000383 seconds, Stopping threads took: 0,0000052 seconds
2017-06-04T23:33:29.925+0200: 3780,489: Total time for which application threads were stopped: 0,0000382 seconds, Stopping threads took: 0,0000052 seconds
2017-06-04T23:33:29.925+0200: 3780,489: Total time for which application threads were stopped: 0,0000383 seconds, Stopping threads took: 0,0000051 seconds
2017-06-04T23:33:29.937+0200: 3780,501: Total time for which application threads were stopped: 0,0043096 seconds, Stopping threads took: 0,0042204 seconds
2017-06-04T23:33:29.937+0200: 3780,501: Total time for which application threads were stopped: 0,0000532 seconds, Stopping threads took: 0,0000091 seconds
2017-06-04T23:33:29.946+0200: 3780,510: Total time for which application threads were stopped: 0,0002812 seconds, Stopping threads took: 0,0001687 seconds
2017-06-04T23:33:29.946+0200: 3780,510: Total time for which application threads were stopped: 0,0000599 seconds, Stopping threads took: 0,0000182 seconds
2017-06-04T23:33:29.946+0200: 3780,510: Total time for which application threads were stopped: 0,0000453 seconds, Stopping threads took: 0,0000124 seconds
2017-06-04T23:33:29.949+0200: 3780,513: Total time for which application threads were stopped: 0,0000987 seconds, Stopping threads took: 0,0000305 seconds
2017-06-04T23:33:29.949+0200: 3780,513: Total time for which application threads were stopped: 0,0000492 seconds, Stopping threads took: 0,0000138 seconds
2017-06-04T23:33:29.949+0200: 3780,513: Total time for which application threads were stopped: 0,0000457 seconds, Stopping threads took: 0,0000121 seconds
2017-06-04T23:33:29.950+0200: 3780,514: Total time for which application threads were stopped: 0,0000566 seconds, Stopping threads took: 0,0000164 seconds
2017-06-04T23:33:29.950+0200: 3780,514: Total time for which application threads were stopped: 0,0000459 seconds, Stopping threads took: 0,0000140 seconds
2017-06-04T23:33:29.951+0200: 3780,515: Total time for which application threads were stopped: 0,0000884 seconds, Stopping threads took: 0,0000281 seconds
2017-06-04T23:33:29.951+0200: 3780,515: Total time for which application threads were stopped: 0,0000479 seconds, Stopping threads took: 0,0000132 seconds
2017-06-04T23:33:29.951+0200: 3780,515: Total time for which application threads were stopped: 0,0000458 seconds, Stopping threads took: 0,0000124 seconds
2017-06-04T23:33:29.952+0200: 3780,516: Total time for which application threads were stopped: 0,0001248 seconds, Stopping threads took: 0,0000398 seconds
2017-06-04T23:33:29.953+0200: 3780,517: Total time for which application threads were stopped: 0,0000621 seconds, Stopping threads took: 0,0000172 seconds
2017-06-04T23:33:29.953+0200: 3780,517: Total time for which application threads were stopped: 0,0000690 seconds, Stopping threads took: 0,0000222 seconds
2017-06-04T23:33:29.954+0200: 3780,518: Total time for which application threads were stopped: 0,0000987 seconds, Stopping threads took: 0,0000302 seconds
2017-06-04T23:33:29.954+0200: 3780,518: Total time for which application threads were stopped: 0,0000578 seconds, Stopping threads took: 0,0000123 seconds
2017-06-04T23:33:29.955+0200: 3780,519: Total time for which application threads were stopped: 0,0000763 seconds, Stopping threads took: 0,0000223 seconds
2017-06-04T23:33:29.955+0200: 3780,519: Total time for which application threads were stopped: 0,0000683 seconds, Stopping threads took: 0,0000316 seconds
2017-06-04T23:33:29.958+0200: 3780,522: Total time for which application threads were stopped: 0,0028496 seconds, Stopping threads took: 0,0027782 seconds
2017-06-04T23:33:29.959+0200: 3780,523: Total time for which application threads were stopped: 0,0002001 seconds, Stopping threads took: 0,0000178 seconds
2017-06-04T23:33:29.960+0200: 3780,524: Total time for which application threads were stopped: 0,0000750 seconds, Stopping threads took: 0,0000213 seconds
2017-06-04T23:33:29.966+0200: 3780,530: Total time for which application threads were stopped: 0,0001457 seconds, Stopping threads took: 0,0000275 seconds
2017-06-04T23:33:29.972+0200: 3780,536: Total time for which application threads were stopped: 0,0000822 seconds, Stopping threads took: 0,0000177 seconds
2017-06-04T23:33:29.973+0200: 3780,537: Total time for which application threads were stopped: 0,0000895 seconds, Stopping threads took: 0,0000127 seconds
Heap
 par new generation   total 109248K, used 45386K [0x00000000e0000000, 0x00000000e8000000, 0x00000000e8000000)
  eden space 87424K,  38% used [0x00000000e0000000, 0x00000000e2094ee8, 0x00000000e5560000)
  from space 21824K,  55% used [0x00000000e5560000, 0x00000000e611dcd0, 0x00000000e6ab0000)
  to   space 21824K,   0% used [0x00000000e6ab0000, 0x00000000e6ab0000, 0x00000000e8000000)
 concurrent mark-sweep generation total 393216K, used 6868K [0x00000000e8000000, 0x0000000100000000, 0x0000000100000000)
 Metaspace       used 28139K, capacity 28692K, committed 29052K, reserved 1075200K
  class space    used 3221K, capacity 3413K, committed 3452K, reserved 1048576K
