OpenJDK 64-Bit Server VM (25.131-b11) for linux-amd64 JRE (1.8.0_131-8u131-b11-0ubuntu1.16.04.2-b11), built on May  6 2017 02:45:27 by "buildd" with gcc 5.4.0 20160609
Memory: 4k page, physical 7867740k(7485480k free), swap 8076284k(8076284k free)
CommandLine flags: -XX:CMSInitiatingOccupancyFraction=50 -XX:CMSMaxAbortablePrecleanTime=6000 -XX:+CMSParallelRemarkEnabled -XX:+CMSScavengeBeforeRemark -XX:ConcGCThreads=4 -XX:InitialHeapSize=536870912 -XX:MaxHeapSize=536870912 -XX:MaxTenuringThreshold=8 -XX:NewRatio=3 -XX:OldPLABSize=16 -XX:OnOutOfMemoryError=/opt/solr/bin/oom_solr.sh 8983 /var/solr/logs -XX:ParallelGCThreads=4 -XX:+ParallelRefProcEnabled -XX:PretenureSizeThreshold=67108864 -XX:+PrintGC -XX:+PrintGCApplicationStoppedTime -XX:+PrintGCDateStamps -XX:+PrintGCDetails -XX:+PrintGCTimeStamps -XX:+PrintHeapAtGC -XX:+PrintTenuringDistribution -XX:SurvivorRatio=4 -XX:TargetSurvivorRatio=90 -XX:ThreadStackSize=256 -XX:+UseCMSInitiatingOccupancyOnly -XX:+UseCompressedClassPointers -XX:+UseCompressedOops -XX:+UseConcMarkSweepGC -XX:+UseParNewGC 
2017-07-17T17:54:10.834+0200: 0,175: Total time for which application threads were stopped: 0,0002010 seconds, Stopping threads took: 0,0000148 seconds
2017-07-17T17:54:10.937+0200: 0,278: Total time for which application threads were stopped: 0,0000973 seconds, Stopping threads took: 0,0000110 seconds
2017-07-17T17:54:10.963+0200: 0,304: Total time for which application threads were stopped: 0,0001072 seconds, Stopping threads took: 0,0000260 seconds
2017-07-17T17:54:11.259+0200: 0,600: Total time for which application threads were stopped: 0,0001331 seconds, Stopping threads took: 0,0000269 seconds
2017-07-17T17:54:11.710+0200: 1,051: Total time for which application threads were stopped: 0,0001378 seconds, Stopping threads took: 0,0000179 seconds
2017-07-17T17:54:11.802+0200: 1,143: Total time for which application threads were stopped: 0,0001798 seconds, Stopping threads took: 0,0000197 seconds
2017-07-17T17:54:11.830+0200: 1,171: Total time for which application threads were stopped: 0,0001832 seconds, Stopping threads took: 0,0000189 seconds
2017-07-17T17:54:12.183+0200: 1,524: Total time for which application threads were stopped: 0,0001811 seconds, Stopping threads took: 0,0000258 seconds
2017-07-17T17:54:12.448+0200: 1,789: Total time for which application threads were stopped: 0,0001959 seconds, Stopping threads took: 0,0000158 seconds
2017-07-17T17:54:12.476+0200: 1,817: Total time for which application threads were stopped: 0,0001715 seconds, Stopping threads took: 0,0000126 seconds
2017-07-17T17:54:12.516+0200: 1,857: Total time for which application threads were stopped: 0,0002142 seconds, Stopping threads took: 0,0000275 seconds
2017-07-17T17:54:12.517+0200: 1,858: Total time for which application threads were stopped: 0,0001771 seconds, Stopping threads took: 0,0000262 seconds
2017-07-17T17:54:12.536+0200: 1,877: Total time for which application threads were stopped: 0,0002153 seconds, Stopping threads took: 0,0000237 seconds
2017-07-17T17:54:12.643+0200: 1,984: Total time for which application threads were stopped: 0,0002403 seconds, Stopping threads took: 0,0000197 seconds
2017-07-17T17:54:12.819+0200: 2,160: Total time for which application threads were stopped: 0,0002576 seconds, Stopping threads took: 0,0000249 seconds
{Heap before GC invocations=0 (full 0):
 par new generation   total 109248K, used 87424K [0x00000000e0000000, 0x00000000e8000000, 0x00000000e8000000)
  eden space 87424K, 100% used [0x00000000e0000000, 0x00000000e5560000, 0x00000000e5560000)
  from space 21824K,   0% used [0x00000000e5560000, 0x00000000e5560000, 0x00000000e6ab0000)
  to   space 21824K,   0% used [0x00000000e6ab0000, 0x00000000e6ab0000, 0x00000000e8000000)
 concurrent mark-sweep generation total 393216K, used 0K [0x00000000e8000000, 0x0000000100000000, 0x0000000100000000)
 Metaspace       used 17970K, capacity 18240K, committed 18304K, reserved 1064960K
  class space    used 2032K, capacity 2164K, committed 2176K, reserved 1048576K
2017-07-17T17:54:12.888+0200: 2,229: [GC (Allocation Failure) 2017-07-17T17:54:12.888+0200: 2,229: [ParNew
Desired survivor size 20112992 bytes, new threshold 8 (max 8)
- age   1:   12025888 bytes,   12025888 total
: 87424K->11853K(109248K), 0,0155682 secs] 87424K->11853K(502464K), 0,0156512 secs] [Times: user=0,05 sys=0,00, real=0,02 secs] 
Heap after GC invocations=1 (full 0):
 par new generation   total 109248K, used 11853K [0x00000000e0000000, 0x00000000e8000000, 0x00000000e8000000)
  eden space 87424K,   0% used [0x00000000e0000000, 0x00000000e0000000, 0x00000000e5560000)
  from space 21824K,  54% used [0x00000000e6ab0000, 0x00000000e76436e0, 0x00000000e8000000)
  to   space 21824K,   0% used [0x00000000e5560000, 0x00000000e5560000, 0x00000000e6ab0000)
 concurrent mark-sweep generation total 393216K, used 0K [0x00000000e8000000, 0x0000000100000000, 0x0000000100000000)
 Metaspace       used 17970K, capacity 18240K, committed 18304K, reserved 1064960K
  class space    used 2032K, capacity 2164K, committed 2176K, reserved 1048576K
}
2017-07-17T17:54:12.903+0200: 2,244: Total time for which application threads were stopped: 0,0158847 seconds, Stopping threads took: 0,0000761 seconds
2017-07-17T17:54:13.282+0200: 2,623: Total time for which application threads were stopped: 0,0004759 seconds, Stopping threads took: 0,0000842 seconds
{Heap before GC invocations=1 (full 0):
 par new generation   total 109248K, used 99277K [0x00000000e0000000, 0x00000000e8000000, 0x00000000e8000000)
  eden space 87424K, 100% used [0x00000000e0000000, 0x00000000e5560000, 0x00000000e5560000)
  from space 21824K,  54% used [0x00000000e6ab0000, 0x00000000e76436e0, 0x00000000e8000000)
  to   space 21824K,   0% used [0x00000000e5560000, 0x00000000e5560000, 0x00000000e6ab0000)
 concurrent mark-sweep generation total 393216K, used 0K [0x00000000e8000000, 0x0000000100000000, 0x0000000100000000)
 Metaspace       used 20032K, capacity 20348K, committed 20736K, reserved 1067008K
  class space    used 2291K, capacity 2464K, committed 2560K, reserved 1048576K
2017-07-17T17:54:13.327+0200: 2,668: [GC (Allocation Failure) 2017-07-17T17:54:13.328+0200: 2,669: [ParNew
Desired survivor size 20112992 bytes, new threshold 8 (max 8)
- age   1:    3730712 bytes,    3730712 total
- age   2:    6588680 bytes,   10319392 total
: 99277K->15460K(109248K), 0,0144318 secs] 99277K->15460K(502464K), 0,0145091 secs] [Times: user=0,05 sys=0,00, real=0,02 secs] 
Heap after GC invocations=2 (full 0):
 par new generation   total 109248K, used 15460K [0x00000000e0000000, 0x00000000e8000000, 0x00000000e8000000)
  eden space 87424K,   0% used [0x00000000e0000000, 0x00000000e0000000, 0x00000000e5560000)
  from space 21824K,  70% used [0x00000000e5560000, 0x00000000e64791c0, 0x00000000e6ab0000)
  to   space 21824K,   0% used [0x00000000e6ab0000, 0x00000000e6ab0000, 0x00000000e8000000)
 concurrent mark-sweep generation total 393216K, used 0K [0x00000000e8000000, 0x0000000100000000, 0x0000000100000000)
 Metaspace       used 20032K, capacity 20348K, committed 20736K, reserved 1067008K
  class space    used 2291K, capacity 2464K, committed 2560K, reserved 1048576K
}
2017-07-17T17:54:13.342+0200: 2,683: Total time for which application threads were stopped: 0,0148307 seconds, Stopping threads took: 0,0001555 seconds
2017-07-17T17:54:13.348+0200: 2,689: Total time for which application threads were stopped: 0,0003012 seconds, Stopping threads took: 0,0000307 seconds
2017-07-17T17:54:13.383+0200: 2,724: Total time for which application threads were stopped: 0,0003719 seconds, Stopping threads took: 0,0000525 seconds
2017-07-17T17:54:13.515+0200: 2,856: Total time for which application threads were stopped: 0,0001815 seconds, Stopping threads took: 0,0000493 seconds
{Heap before GC invocations=2 (full 0):
 par new generation   total 109248K, used 102884K [0x00000000e0000000, 0x00000000e8000000, 0x00000000e8000000)
  eden space 87424K, 100% used [0x00000000e0000000, 0x00000000e5560000, 0x00000000e5560000)
  from space 21824K,  70% used [0x00000000e5560000, 0x00000000e64791c0, 0x00000000e6ab0000)
  to   space 21824K,   0% used [0x00000000e6ab0000, 0x00000000e6ab0000, 0x00000000e8000000)
 concurrent mark-sweep generation total 393216K, used 0K [0x00000000e8000000, 0x0000000100000000, 0x0000000100000000)
 Metaspace       used 20988K, capacity 21346K, committed 21628K, reserved 1069056K
  class space    used 2415K, capacity 2585K, committed 2684K, reserved 1048576K
2017-07-17T17:54:13.557+0200: 2,898: [GC (Allocation Failure) 2017-07-17T17:54:13.557+0200: 2,898: [ParNew
Desired survivor size 20112992 bytes, new threshold 8 (max 8)
- age   1:    2101856 bytes,    2101856 total
- age   2:     917608 bytes,    3019464 total
- age   3:    6584240 bytes,    9603704 total
: 102884K->11128K(109248K), 0,0096558 secs] 102884K->11128K(502464K), 0,0097345 secs] [Times: user=0,03 sys=0,00, real=0,01 secs] 
Heap after GC invocations=3 (full 0):
 par new generation   total 109248K, used 11128K [0x00000000e0000000, 0x00000000e8000000, 0x00000000e8000000)
  eden space 87424K,   0% used [0x00000000e0000000, 0x00000000e0000000, 0x00000000e5560000)
  from space 21824K,  50% used [0x00000000e6ab0000, 0x00000000e758e210, 0x00000000e8000000)
  to   space 21824K,   0% used [0x00000000e5560000, 0x00000000e5560000, 0x00000000e6ab0000)
 concurrent mark-sweep generation total 393216K, used 0K [0x00000000e8000000, 0x0000000100000000, 0x0000000100000000)
 Metaspace       used 20988K, capacity 21346K, committed 21628K, reserved 1069056K
  class space    used 2415K, capacity 2585K, committed 2684K, reserved 1048576K
}
2017-07-17T17:54:13.566+0200: 2,907: Total time for which application threads were stopped: 0,0134352 seconds, Stopping threads took: 0,0035530 seconds
2017-07-17T17:54:13.567+0200: 2,908: [GC (CMS Initial Mark) [1 CMS-initial-mark: 0K(393216K)] 12549K(502464K), 0,0034232 secs] [Times: user=0,01 sys=0,00, real=0,00 secs] 
2017-07-17T17:54:13.570+0200: 2,911: Total time for which application threads were stopped: 0,0035677 seconds, Stopping threads took: 0,0000449 seconds
2017-07-17T17:54:13.570+0200: 2,911: [CMS-concurrent-mark-start]
2017-07-17T17:54:13.571+0200: 2,912: [CMS-concurrent-mark: 0,000/0,000 secs] [Times: user=0,01 sys=0,00, real=0,00 secs] 
2017-07-17T17:54:13.571+0200: 2,912: [CMS-concurrent-preclean-start]
2017-07-17T17:54:13.572+0200: 2,913: [CMS-concurrent-preclean: 0,001/0,001 secs] [Times: user=0,00 sys=0,00, real=0,00 secs] 
2017-07-17T17:54:13.572+0200: 2,913: [CMS-concurrent-abortable-preclean-start]
2017-07-17T17:54:13.631+0200: 2,972: Total time for which application threads were stopped: 0,0001688 seconds, Stopping threads took: 0,0000737 seconds
{Heap before GC invocations=3 (full 1):
 par new generation   total 109248K, used 98552K [0x00000000e0000000, 0x00000000e8000000, 0x00000000e8000000)
  eden space 87424K, 100% used [0x00000000e0000000, 0x00000000e5560000, 0x00000000e5560000)
  from space 21824K,  50% used [0x00000000e6ab0000, 0x00000000e758e210, 0x00000000e8000000)
  to   space 21824K,   0% used [0x00000000e5560000, 0x00000000e5560000, 0x00000000e6ab0000)
 concurrent mark-sweep generation total 393216K, used 0K [0x00000000e8000000, 0x0000000100000000, 0x0000000100000000)
 Metaspace       used 21266K, capacity 21628K, committed 21884K, reserved 1069056K
  class space    used 2445K, capacity 2601K, committed 2684K, reserved 1048576K
2017-07-17T17:54:13.683+0200: 3,024: [GC (Allocation Failure) 2017-07-17T17:54:13.683+0200: 3,024: [ParNew
Desired survivor size 20112992 bytes, new threshold 8 (max 8)
- age   1:    1147320 bytes,    1147320 total
- age   2:    1463888 bytes,    2611208 total
- age   3:     893944 bytes,    3505152 total
- age   4:    6582784 bytes,   10087936 total
: 98552K->12220K(109248K), 0,0097414 secs] 98552K->12220K(502464K), 0,0098064 secs] [Times: user=0,03 sys=0,00, real=0,01 secs] 
Heap after GC invocations=4 (full 1):
 par new generation   total 109248K, used 12220K [0x00000000e0000000, 0x00000000e8000000, 0x00000000e8000000)
  eden space 87424K,   0% used [0x00000000e0000000, 0x00000000e0000000, 0x00000000e5560000)
  from space 21824K,  55% used [0x00000000e5560000, 0x00000000e614f020, 0x00000000e6ab0000)
  to   space 21824K,   0% used [0x00000000e6ab0000, 0x00000000e6ab0000, 0x00000000e8000000)
 concurrent mark-sweep generation total 393216K, used 0K [0x00000000e8000000, 0x0000000100000000, 0x0000000100000000)
 Metaspace       used 21266K, capacity 21628K, committed 21884K, reserved 1069056K
  class space    used 2445K, capacity 2601K, committed 2684K, reserved 1048576K
}
2017-07-17T17:54:13.693+0200: 3,034: Total time for which application threads were stopped: 0,0100109 seconds, Stopping threads took: 0,0000640 seconds
{Heap before GC invocations=4 (full 1):
 par new generation   total 109248K, used 99644K [0x00000000e0000000, 0x00000000e8000000, 0x00000000e8000000)
  eden space 87424K, 100% used [0x00000000e0000000, 0x00000000e5560000, 0x00000000e5560000)
  from space 21824K,  55% used [0x00000000e5560000, 0x00000000e614f020, 0x00000000e6ab0000)
  to   space 21824K,   0% used [0x00000000e6ab0000, 0x00000000e6ab0000, 0x00000000e8000000)
 concurrent mark-sweep generation total 393216K, used 0K [0x00000000e8000000, 0x0000000100000000, 0x0000000100000000)
 Metaspace       used 21415K, capacity 21800K, committed 21884K, reserved 1069056K
  class space    used 2464K, capacity 2635K, committed 2684K, reserved 1048576K
2017-07-17T17:54:13.787+0200: 3,128: [GC (Allocation Failure) 2017-07-17T17:54:13.787+0200: 3,128: [ParNew
Desired survivor size 20112992 bytes, new threshold 8 (max 8)
- age   1:    1205488 bytes,    1205488 total
- age   2:     187880 bytes,    1393368 total
- age   3:    1463544 bytes,    2856912 total
- age   4:     891960 bytes,    3748872 total
- age   5:    6582568 bytes,   10331440 total
: 99644K->14137K(109248K), 0,0134645 secs] 99644K->14137K(502464K), 0,0135280 secs] [Times: user=0,04 sys=0,00, real=0,01 secs] 
Heap after GC invocations=5 (full 1):
 par new generation   total 109248K, used 14137K [0x00000000e0000000, 0x00000000e8000000, 0x00000000e8000000)
  eden space 87424K,   0% used [0x00000000e0000000, 0x00000000e0000000, 0x00000000e5560000)
  from space 21824K,  64% used [0x00000000e6ab0000, 0x00000000e787e6f0, 0x00000000e8000000)
  to   space 21824K,   0% used [0x00000000e5560000, 0x00000000e5560000, 0x00000000e6ab0000)
 concurrent mark-sweep generation total 393216K, used 0K [0x00000000e8000000, 0x0000000100000000, 0x0000000100000000)
 Metaspace       used 21415K, capacity 21800K, committed 21884K, reserved 1069056K
  class space    used 2464K, capacity 2635K, committed 2684K, reserved 1048576K
}
2017-07-17T17:54:13.800+0200: 3,141: Total time for which application threads were stopped: 0,0185819 seconds, Stopping threads took: 0,0049227 seconds
2017-07-17T17:54:13.823+0200: 3,164: Total time for which application threads were stopped: 0,0001548 seconds, Stopping threads took: 0,0000410 seconds
2017-07-17T17:54:13.823+0200: 3,164: [CMS-concurrent-abortable-preclean: 0,157/0,251 secs] [Times: user=0,92 sys=0,01, real=0,26 secs] 
2017-07-17T17:54:13.823+0200: 3,164: [GC (CMS Final Remark) [YG occupancy: 28167 K (109248 K)]{Heap before GC invocations=5 (full 1):
 par new generation   total 109248K, used 28167K [0x00000000e0000000, 0x00000000e8000000, 0x00000000e8000000)
  eden space 87424K,  16% used [0x00000000e0000000, 0x00000000e0db3518, 0x00000000e5560000)
  from space 21824K,  64% used [0x00000000e6ab0000, 0x00000000e787e6f0, 0x00000000e8000000)
  to   space 21824K,   0% used [0x00000000e5560000, 0x00000000e5560000, 0x00000000e6ab0000)
 concurrent mark-sweep generation total 393216K, used 0K [0x00000000e8000000, 0x0000000100000000, 0x0000000100000000)
 Metaspace       used 21562K, capacity 21928K, committed 22216K, reserved 1069056K
  class space    used 2483K, capacity 2635K, committed 2684K, reserved 1048576K
2017-07-17T17:54:13.823+0200: 3,164: [GC (CMS Final Remark) 2017-07-17T17:54:13.823+0200: 3,164: [ParNew
Desired survivor size 20112992 bytes, new threshold 8 (max 8)
- age   1:     205416 bytes,     205416 total
- age   2:     111120 bytes,     316536 total
- age   3:     187064 bytes,     503600 total
- age   4:     685144 bytes,    1188744 total
- age   5:     891928 bytes,    2080672 total
- age   6:    6582760 bytes,    8663432 total
: 28167K->13814K(109248K), 0,0094268 secs] 28167K->13814K(502464K), 0,0094782 secs] [Times: user=0,03 sys=0,01, real=0,01 secs] 
Heap after GC invocations=6 (full 1):
 par new generation   total 109248K, used 13814K [0x00000000e0000000, 0x00000000e8000000, 0x00000000e8000000)
  eden space 87424K,   0% used [0x00000000e0000000, 0x00000000e0000000, 0x00000000e5560000)
  from space 21824K,  63% used [0x00000000e5560000, 0x00000000e62dda08, 0x00000000e6ab0000)
  to   space 21824K,   0% used [0x00000000e6ab0000, 0x00000000e6ab0000, 0x00000000e8000000)
 concurrent mark-sweep generation total 393216K, used 0K [0x00000000e8000000, 0x0000000100000000, 0x0000000100000000)
 Metaspace       used 21562K, capacity 21928K, committed 22216K, reserved 1069056K
  class space    used 2483K, capacity 2635K, committed 2684K, reserved 1048576K
}
2017-07-17T17:54:13.833+0200: 3,174: [Rescan (parallel) , 0,0039853 secs]2017-07-17T17:54:13.837+0200: 3,178: [weak refs processing, 0,0034751 secs]2017-07-17T17:54:13.840+0200: 3,181: [class unloading, 0,0029006 secs]2017-07-17T17:54:13.843+0200: 3,184: [scrub symbol table, 0,0026966 secs]2017-07-17T17:54:13.846+0200: 3,187: [scrub string table, 0,0003833 secs][1 CMS-remark: 0K(393216K)] 13814K(502464K), 0,0236196 secs] [Times: user=0,06 sys=0,01, real=0,02 secs] 
2017-07-17T17:54:13.847+0200: 3,188: Total time for which application threads were stopped: 0,0237433 seconds, Stopping threads took: 0,0000455 seconds
2017-07-17T17:54:13.847+0200: 3,188: [CMS-concurrent-sweep-start]
2017-07-17T17:54:13.847+0200: 3,188: [CMS-concurrent-sweep: 0,000/0,000 secs] [Times: user=0,00 sys=0,00, real=0,00 secs] 
2017-07-17T17:54:13.847+0200: 3,188: [CMS-concurrent-reset-start]
2017-07-17T17:54:13.849+0200: 3,190: [CMS-concurrent-reset: 0,002/0,002 secs] [Times: user=0,00 sys=0,00, real=0,00 secs] 
2017-07-17T17:54:13.857+0200: 3,198: Total time for which application threads were stopped: 0,0003163 seconds, Stopping threads took: 0,0000166 seconds
2017-07-17T17:54:14.083+0200: 3,424: Total time for which application threads were stopped: 0,0004148 seconds, Stopping threads took: 0,0000238 seconds
2017-07-17T17:54:14.097+0200: 3,438: Total time for which application threads were stopped: 0,0004520 seconds, Stopping threads took: 0,0000570 seconds
{Heap before GC invocations=6 (full 1):
 par new generation   total 109248K, used 101238K [0x00000000e0000000, 0x00000000e8000000, 0x00000000e8000000)
  eden space 87424K, 100% used [0x00000000e0000000, 0x00000000e5560000, 0x00000000e5560000)
  from space 21824K,  63% used [0x00000000e5560000, 0x00000000e62dda08, 0x00000000e6ab0000)
  to   space 21824K,   0% used [0x00000000e6ab0000, 0x00000000e6ab0000, 0x00000000e8000000)
 concurrent mark-sweep generation total 393216K, used 0K [0x00000000e8000000, 0x0000000100000000, 0x0000000100000000)
 Metaspace       used 24058K, capacity 24522K, committed 24828K, reserved 1071104K
  class space    used 2834K, capacity 3010K, committed 3068K, reserved 1048576K
2017-07-17T17:54:14.272+0200: 3,613: [GC (Allocation Failure) 2017-07-17T17:54:14.272+0200: 3,613: [ParNew
Desired survivor size 20112992 bytes, new threshold 8 (max 8)
- age   1:    5323232 bytes,    5323232 total
- age   2:      97384 bytes,    5420616 total
- age   3:     110992 bytes,    5531608 total
- age   4:     186424 bytes,    5718032 total
- age   5:     293816 bytes,    6011848 total
- age   6:     867544 bytes,    6879392 total
- age   7:    6574408 bytes,   13453800 total
: 101238K->15512K(109248K), 0,0224170 secs] 101238K->15512K(502464K), 0,0224986 secs] [Times: user=0,06 sys=0,01, real=0,03 secs] 
Heap after GC invocations=7 (full 1):
 par new generation   total 109248K, used 15512K [0x00000000e0000000, 0x00000000e8000000, 0x00000000e8000000)
  eden space 87424K,   0% used [0x00000000e0000000, 0x00000000e0000000, 0x00000000e5560000)
  from space 21824K,  71% used [0x00000000e6ab0000, 0x00000000e79d6178, 0x00000000e8000000)
  to   space 21824K,   0% used [0x00000000e5560000, 0x00000000e5560000, 0x00000000e6ab0000)
 concurrent mark-sweep generation total 393216K, used 0K [0x00000000e8000000, 0x0000000100000000, 0x0000000100000000)
 Metaspace       used 24058K, capacity 24522K, committed 24828K, reserved 1071104K
  class space    used 2834K, capacity 3010K, committed 3068K, reserved 1048576K
}
2017-07-17T17:54:14.294+0200: 3,635: Total time for which application threads were stopped: 0,0229644 seconds, Stopping threads took: 0,0002008 seconds
{Heap before GC invocations=7 (full 1):
 par new generation   total 109248K, used 102936K [0x00000000e0000000, 0x00000000e8000000, 0x00000000e8000000)
  eden space 87424K, 100% used [0x00000000e0000000, 0x00000000e5560000, 0x00000000e5560000)
  from space 21824K,  71% used [0x00000000e6ab0000, 0x00000000e79d6178, 0x00000000e8000000)
  to   space 21824K,   0% used [0x00000000e5560000, 0x00000000e5560000, 0x00000000e6ab0000)
 concurrent mark-sweep generation total 393216K, used 0K [0x00000000e8000000, 0x0000000100000000, 0x0000000100000000)
 Metaspace       used 24594K, capacity 25104K, committed 25468K, reserved 1071104K
  class space    used 2880K, capacity 3075K, committed 3196K, reserved 1048576K
2017-07-17T17:54:14.401+0200: 3,742: [GC (Allocation Failure) 2017-07-17T17:54:14.401+0200: 3,742: [ParNew
Desired survivor size 20112992 bytes, new threshold 8 (max 8)
- age   1:    2174056 bytes,    2174056 total
- age   2:    1779144 bytes,    3953200 total
- age   3:      46200 bytes,    3999400 total
- age   4:      60512 bytes,    4059912 total
- age   5:      99776 bytes,    4159688 total
- age   6:     186760 bytes,    4346448 total
- age   7:     811912 bytes,    5158360 total
- age   8:    6062072 bytes,   11220432 total
: 102936K->18841K(109248K), 0,0152695 secs] 102936K->18841K(502464K), 0,0153389 secs] [Times: user=0,04 sys=0,00, real=0,01 secs] 
Heap after GC invocations=8 (full 1):
 par new generation   total 109248K, used 18841K [0x00000000e0000000, 0x00000000e8000000, 0x00000000e8000000)
  eden space 87424K,   0% used [0x00000000e0000000, 0x00000000e0000000, 0x00000000e5560000)
  from space 21824K,  86% used [0x00000000e5560000, 0x00000000e67c6468, 0x00000000e6ab0000)
  to   space 21824K,   0% used [0x00000000e6ab0000, 0x00000000e6ab0000, 0x00000000e8000000)
 concurrent mark-sweep generation total 393216K, used 0K [0x00000000e8000000, 0x0000000100000000, 0x0000000100000000)
 Metaspace       used 24594K, capacity 25104K, committed 25468K, reserved 1071104K
  class space    used 2880K, capacity 3075K, committed 3196K, reserved 1048576K
}
2017-07-17T17:54:14.416+0200: 3,757: Total time for which application threads were stopped: 0,0184159 seconds, Stopping threads took: 0,0028658 seconds
{Heap before GC invocations=8 (full 1):
 par new generation   total 109248K, used 106265K [0x00000000e0000000, 0x00000000e8000000, 0x00000000e8000000)
  eden space 87424K, 100% used [0x00000000e0000000, 0x00000000e5560000, 0x00000000e5560000)
  from space 21824K,  86% used [0x00000000e5560000, 0x00000000e67c6468, 0x00000000e6ab0000)
  to   space 21824K,   0% used [0x00000000e6ab0000, 0x00000000e6ab0000, 0x00000000e8000000)
 concurrent mark-sweep generation total 393216K, used 0K [0x00000000e8000000, 0x0000000100000000, 0x0000000100000000)
 Metaspace       used 24939K, capacity 25386K, committed 25724K, reserved 1071104K
  class space    used 2905K, capacity 3080K, committed 3196K, reserved 1048576K
2017-07-17T17:54:14.549+0200: 3,890: [GC (Allocation Failure) 2017-07-17T17:54:14.549+0200: 3,890: [ParNew
Desired survivor size 20112992 bytes, new threshold 8 (max 8)
- age   1:     651080 bytes,     651080 total
- age   2:     658336 bytes,    1309416 total
- age   3:    1756320 bytes,    3065736 total
- age   4:      46144 bytes,    3111880 total
- age   5:      60512 bytes,    3172392 total
- age   6:      97064 bytes,    3269456 total
- age   7:     186264 bytes,    3455720 total
- age   8:     811176 bytes,    4266896 total
: 106265K->6788K(109248K), 0,0475946 secs] 106265K->12791K(502464K), 0,0476667 secs] [Times: user=0,09 sys=0,01, real=0,05 secs] 
Heap after GC invocations=9 (full 1):
 par new generation   total 109248K, used 6788K [0x00000000e0000000, 0x00000000e8000000, 0x00000000e8000000)
  eden space 87424K,   0% used [0x00000000e0000000, 0x00000000e0000000, 0x00000000e5560000)
  from space 21824K,  31% used [0x00000000e6ab0000, 0x00000000e71512b0, 0x00000000e8000000)
  to   space 21824K,   0% used [0x00000000e5560000, 0x00000000e5560000, 0x00000000e6ab0000)
 concurrent mark-sweep generation total 393216K, used 6002K [0x00000000e8000000, 0x0000000100000000, 0x0000000100000000)
 Metaspace       used 24939K, capacity 25386K, committed 25724K, reserved 1071104K
  class space    used 2905K, capacity 3080K, committed 3196K, reserved 1048576K
}
2017-07-17T17:54:14.596+0200: 3,937: Total time for which application threads were stopped: 0,0518623 seconds, Stopping threads took: 0,0040184 seconds
2017-07-17T17:54:14.711+0200: 4,052: Total time for which application threads were stopped: 0,0006095 seconds, Stopping threads took: 0,0000568 seconds
2017-07-17T17:54:14.771+0200: 4,112: Total time for which application threads were stopped: 0,0001619 seconds, Stopping threads took: 0,0000374 seconds
2017-07-17T17:54:14.783+0200: 4,124: Total time for which application threads were stopped: 0,0001732 seconds, Stopping threads took: 0,0000422 seconds
2017-07-17T17:54:14.789+0200: 4,130: Total time for which application threads were stopped: 0,0002579 seconds, Stopping threads took: 0,0001491 seconds
2017-07-17T17:54:14.789+0200: 4,130: Total time for which application threads were stopped: 0,0000851 seconds, Stopping threads took: 0,0000233 seconds
2017-07-17T17:54:14.793+0200: 4,134: Total time for which application threads were stopped: 0,0033484 seconds, Stopping threads took: 0,0032463 seconds
2017-07-17T17:54:14.793+0200: 4,134: Total time for which application threads were stopped: 0,0000600 seconds, Stopping threads took: 0,0000127 seconds
2017-07-17T17:54:14.793+0200: 4,134: Total time for which application threads were stopped: 0,0000930 seconds, Stopping threads took: 0,0000285 seconds
2017-07-17T17:54:14.793+0200: 4,134: Total time for which application threads were stopped: 0,0000505 seconds, Stopping threads took: 0,0000119 seconds
2017-07-17T17:54:14.798+0200: 4,139: Total time for which application threads were stopped: 0,0001182 seconds, Stopping threads took: 0,0000474 seconds
2017-07-17T17:54:14.798+0200: 4,139: Total time for which application threads were stopped: 0,0000690 seconds, Stopping threads took: 0,0000311 seconds
2017-07-17T17:54:14.798+0200: 4,139: Total time for which application threads were stopped: 0,0000423 seconds, Stopping threads took: 0,0000104 seconds
2017-07-17T17:54:14.799+0200: 4,140: Total time for which application threads were stopped: 0,0000982 seconds, Stopping threads took: 0,0000323 seconds
2017-07-17T17:54:14.799+0200: 4,140: Total time for which application threads were stopped: 0,0000690 seconds, Stopping threads took: 0,0000219 seconds
2017-07-17T17:54:14.799+0200: 4,140: Total time for which application threads were stopped: 0,0000582 seconds, Stopping threads took: 0,0000102 seconds
2017-07-17T17:54:14.799+0200: 4,140: Total time for which application threads were stopped: 0,0000608 seconds, Stopping threads took: 0,0000105 seconds
2017-07-17T17:54:14.799+0200: 4,140: Total time for which application threads were stopped: 0,0000575 seconds, Stopping threads took: 0,0000180 seconds
2017-07-17T17:54:14.799+0200: 4,140: Total time for which application threads were stopped: 0,0000580 seconds, Stopping threads took: 0,0000087 seconds
2017-07-17T17:54:14.800+0200: 4,141: Total time for which application threads were stopped: 0,0000538 seconds, Stopping threads took: 0,0000082 seconds
2017-07-17T17:54:14.800+0200: 4,141: Total time for which application threads were stopped: 0,0000665 seconds, Stopping threads took: 0,0000104 seconds
2017-07-17T17:54:14.800+0200: 4,141: Total time for which application threads were stopped: 0,0000581 seconds, Stopping threads took: 0,0000182 seconds
2017-07-17T17:54:14.800+0200: 4,141: Total time for which application threads were stopped: 0,0000637 seconds, Stopping threads took: 0,0000073 seconds
2017-07-17T17:54:14.801+0200: 4,142: Total time for which application threads were stopped: 0,0002000 seconds, Stopping threads took: 0,0000338 seconds
2017-07-17T17:54:14.803+0200: 4,144: Total time for which application threads were stopped: 0,0003766 seconds, Stopping threads took: 0,0000184 seconds
2017-07-17T17:54:14.826+0200: 4,167: Total time for which application threads were stopped: 0,0049774 seconds, Stopping threads took: 0,0048671 seconds
2017-07-17T17:54:14.826+0200: 4,167: Total time for which application threads were stopped: 0,0002038 seconds, Stopping threads took: 0,0001166 seconds
2017-07-17T17:54:14.833+0200: 4,174: Total time for which application threads were stopped: 0,0001834 seconds, Stopping threads took: 0,0000881 seconds
2017-07-17T17:54:14.837+0200: 4,178: Total time for which application threads were stopped: 0,0001203 seconds, Stopping threads took: 0,0000372 seconds
2017-07-17T17:54:14.845+0200: 4,186: Total time for which application threads were stopped: 0,0050200 seconds, Stopping threads took: 0,0049235 seconds
2017-07-17T17:54:14.846+0200: 4,187: Total time for which application threads were stopped: 0,0001039 seconds, Stopping threads took: 0,0000368 seconds
2017-07-17T17:54:14.847+0200: 4,188: Total time for which application threads were stopped: 0,0000730 seconds, Stopping threads took: 0,0000162 seconds
2017-07-17T17:54:14.847+0200: 4,188: Total time for which application threads were stopped: 0,0000784 seconds, Stopping threads took: 0,0000343 seconds
2017-07-17T17:54:14.848+0200: 4,189: Total time for which application threads were stopped: 0,0000886 seconds, Stopping threads took: 0,0000398 seconds
2017-07-17T17:54:14.848+0200: 4,189: Total time for which application threads were stopped: 0,0000641 seconds, Stopping threads took: 0,0000218 seconds
2017-07-17T17:54:14.848+0200: 4,189: Total time for which application threads were stopped: 0,0000813 seconds, Stopping threads took: 0,0000213 seconds
2017-07-17T17:54:14.850+0200: 4,191: Total time for which application threads were stopped: 0,0000767 seconds, Stopping threads took: 0,0000167 seconds
2017-07-17T17:54:14.852+0200: 4,193: Total time for which application threads were stopped: 0,0000897 seconds, Stopping threads took: 0,0000257 seconds
2017-07-17T17:54:14.853+0200: 4,194: Total time for which application threads were stopped: 0,0000815 seconds, Stopping threads took: 0,0000228 seconds
2017-07-17T17:54:14.854+0200: 4,195: Total time for which application threads were stopped: 0,0000854 seconds, Stopping threads took: 0,0000346 seconds
2017-07-17T17:54:14.855+0200: 4,196: Total time for which application threads were stopped: 0,0000609 seconds, Stopping threads took: 0,0000215 seconds
2017-07-17T17:54:14.855+0200: 4,196: Total time for which application threads were stopped: 0,0000574 seconds, Stopping threads took: 0,0000103 seconds
2017-07-17T17:54:14.857+0200: 4,198: Total time for which application threads were stopped: 0,0000855 seconds, Stopping threads took: 0,0000171 seconds
2017-07-17T17:54:14.858+0200: 4,199: Total time for which application threads were stopped: 0,0001280 seconds, Stopping threads took: 0,0000767 seconds
2017-07-17T17:54:14.858+0200: 4,199: Total time for which application threads were stopped: 0,0000488 seconds, Stopping threads took: 0,0000115 seconds
2017-07-17T17:54:14.861+0200: 4,202: Total time for which application threads were stopped: 0,0001174 seconds, Stopping threads took: 0,0000469 seconds
2017-07-17T17:54:14.863+0200: 4,204: Total time for which application threads were stopped: 0,0000929 seconds, Stopping threads took: 0,0000221 seconds
2017-07-17T17:54:14.876+0200: 4,217: Total time for which application threads were stopped: 0,0004169 seconds, Stopping threads took: 0,0003333 seconds
2017-07-17T17:54:14.877+0200: 4,218: Total time for which application threads were stopped: 0,0000856 seconds, Stopping threads took: 0,0000249 seconds
2017-07-17T17:54:14.880+0200: 4,221: Total time for which application threads were stopped: 0,0002368 seconds, Stopping threads took: 0,0000543 seconds
2017-07-17T17:54:14.898+0200: 4,239: Total time for which application threads were stopped: 0,0004463 seconds, Stopping threads took: 0,0000722 seconds
2017-07-17T17:54:14.913+0200: 4,254: Total time for which application threads were stopped: 0,0003927 seconds, Stopping threads took: 0,0000302 seconds
2017-07-17T17:54:14.982+0200: 4,323: Total time for which application threads were stopped: 0,0004910 seconds, Stopping threads took: 0,0000439 seconds
2017-07-17T17:54:14.987+0200: 4,328: Total time for which application threads were stopped: 0,0001851 seconds, Stopping threads took: 0,0001160 seconds
2017-07-17T17:54:14.989+0200: 4,330: Total time for which application threads were stopped: 0,0001940 seconds, Stopping threads took: 0,0000357 seconds
2017-07-17T17:54:15.013+0200: 4,354: Total time for which application threads were stopped: 0,0028074 seconds, Stopping threads took: 0,0027260 seconds
2017-07-17T17:54:15.017+0200: 4,358: Total time for which application threads were stopped: 0,0016920 seconds, Stopping threads took: 0,0015873 seconds
2017-07-17T17:54:15.023+0200: 4,364: Total time for which application threads were stopped: 0,0001852 seconds, Stopping threads took: 0,0000684 seconds
2017-07-17T17:54:15.027+0200: 4,368: Total time for which application threads were stopped: 0,0001164 seconds, Stopping threads took: 0,0000401 seconds
2017-07-17T17:54:15.033+0200: 4,374: Total time for which application threads were stopped: 0,0001149 seconds, Stopping threads took: 0,0000374 seconds
2017-07-17T17:54:15.038+0200: 4,379: Total time for which application threads were stopped: 0,0001165 seconds, Stopping threads took: 0,0000350 seconds
2017-07-17T17:54:15.058+0200: 4,399: Total time for which application threads were stopped: 0,0001801 seconds, Stopping threads took: 0,0000837 seconds
2017-07-17T17:54:15.058+0200: 4,399: Total time for which application threads were stopped: 0,0000706 seconds, Stopping threads took: 0,0000134 seconds
2017-07-17T17:54:15.081+0200: 4,422: Total time for which application threads were stopped: 0,0012460 seconds, Stopping threads took: 0,0011372 seconds
2017-07-17T17:54:15.090+0200: 4,431: Total time for which application threads were stopped: 0,0000927 seconds, Stopping threads took: 0,0000361 seconds
2017-07-17T17:54:15.102+0200: 4,443: Total time for which application threads were stopped: 0,0001507 seconds, Stopping threads took: 0,0000601 seconds
2017-07-17T17:54:15.103+0200: 4,444: Total time for which application threads were stopped: 0,0003771 seconds, Stopping threads took: 0,0000206 seconds
2017-07-17T17:54:15.103+0200: 4,444: Total time for which application threads were stopped: 0,0001160 seconds, Stopping threads took: 0,0000347 seconds
2017-07-17T17:54:15.109+0200: 4,450: Total time for which application threads were stopped: 0,0001205 seconds, Stopping threads took: 0,0000420 seconds
2017-07-17T17:54:15.139+0200: 4,480: Total time for which application threads were stopped: 0,0001514 seconds, Stopping threads took: 0,0000516 seconds
2017-07-17T17:54:15.139+0200: 4,480: Total time for which application threads were stopped: 0,0000861 seconds, Stopping threads took: 0,0000379 seconds
2017-07-17T17:54:15.139+0200: 4,480: Total time for which application threads were stopped: 0,0000603 seconds, Stopping threads took: 0,0000279 seconds
2017-07-17T17:55:38.148+0200: 87,489: Total time for which application threads were stopped: 0,0004029 seconds, Stopping threads took: 0,0000831 seconds
2017-07-17T17:56:08.151+0200: 117,492: Total time for which application threads were stopped: 0,0001290 seconds, Stopping threads took: 0,0000541 seconds
2017-07-17T17:56:13.151+0200: 122,493: Total time for which application threads were stopped: 0,0000663 seconds, Stopping threads took: 0,0000194 seconds
2017-07-17T17:58:48.168+0200: 277,509: Total time for which application threads were stopped: 0,0000804 seconds, Stopping threads took: 0,0000309 seconds
2017-07-17T18:17:37.299+0200: 1406,640: Total time for which application threads were stopped: 0,0000959 seconds, Stopping threads took: 0,0000288 seconds
2017-07-17T18:22:47.337+0200: 1716,678: Total time for which application threads were stopped: 0,0005604 seconds, Stopping threads took: 0,0002538 seconds
2017-07-17T18:32:47.400+0200: 2316,741: Total time for which application threads were stopped: 0,0004438 seconds, Stopping threads took: 0,0001666 seconds
2017-07-17T18:32:48.400+0200: 2317,741: Total time for which application threads were stopped: 0,0000728 seconds, Stopping threads took: 0,0000198 seconds
2017-07-17T18:35:33.419+0200: 2482,760: Total time for which application threads were stopped: 0,0000887 seconds, Stopping threads took: 0,0000337 seconds
2017-07-17T18:53:28.562+0200: 3557,903: Total time for which application threads were stopped: 0,0000822 seconds, Stopping threads took: 0,0000307 seconds
2017-07-17T18:55:52.581+0200: 3701,922: Total time for which application threads were stopped: 0,0001007 seconds, Stopping threads took: 0,0000517 seconds
2017-07-17T18:57:42.595+0200: 3811,936: Total time for which application threads were stopped: 0,0001028 seconds, Stopping threads took: 0,0000331 seconds
2017-07-17T18:57:47.595+0200: 3816,936: Total time for which application threads were stopped: 0,0000848 seconds, Stopping threads took: 0,0000192 seconds
2017-07-17T18:59:27.609+0200: 3916,950: Total time for which application threads were stopped: 0,0000754 seconds, Stopping threads took: 0,0000293 seconds
2017-07-17T19:00:42.619+0200: 3991,960: Total time for which application threads were stopped: 0,0001824 seconds, Stopping threads took: 0,0000639 seconds
2017-07-17T19:18:58.756+0200: 5088,097: Total time for which application threads were stopped: 0,0000773 seconds, Stopping threads took: 0,0000295 seconds
2017-07-17T19:19:03.757+0200: 5093,098: Total time for which application threads were stopped: 0,0000618 seconds, Stopping threads took: 0,0000147 seconds
2017-07-17T19:52:08.002+0200: 7077,343: Total time for which application threads were stopped: 0,0000794 seconds, Stopping threads took: 0,0000320 seconds
2017-07-17T19:54:13.015+0200: 7202,356: Total time for which application threads were stopped: 0,0001320 seconds, Stopping threads took: 0,0000508 seconds
2017-07-17T19:56:13.029+0200: 7322,370: Total time for which application threads were stopped: 0,0000798 seconds, Stopping threads took: 0,0000295 seconds
2017-07-17T20:02:13.075+0200: 7682,416: Total time for which application threads were stopped: 0,0000777 seconds, Stopping threads took: 0,0000306 seconds
2017-07-17T22:46:58.142+0200: 11522,577: Total time for which application threads were stopped: 0,0000884 seconds, Stopping threads took: 0,0000336 seconds
2017-07-17T22:47:28.145+0200: 11552,580: Total time for which application threads were stopped: 0,0000823 seconds, Stopping threads took: 0,0000331 seconds
2017-07-17T23:50:57.581+0200: 15362,016: Total time for which application threads were stopped: 0,0002208 seconds, Stopping threads took: 0,0000696 seconds
2017-07-17T23:54:57.605+0200: 15602,040: Total time for which application threads were stopped: 0,0000778 seconds, Stopping threads took: 0,0000281 seconds
2017-07-17T23:55:03.606+0200: 15608,040: Total time for which application threads were stopped: 0,0000580 seconds, Stopping threads took: 0,0000131 seconds
{Heap before GC invocations=9 (full 1):
 par new generation   total 109248K, used 94212K [0x00000000e0000000, 0x00000000e8000000, 0x00000000e8000000)
  eden space 87424K, 100% used [0x00000000e0000000, 0x00000000e5560000, 0x00000000e5560000)
  from space 21824K,  31% used [0x00000000e6ab0000, 0x00000000e71512b0, 0x00000000e8000000)
  to   space 21824K,   0% used [0x00000000e5560000, 0x00000000e5560000, 0x00000000e6ab0000)
 concurrent mark-sweep generation total 393216K, used 6002K [0x00000000e8000000, 0x0000000100000000, 0x0000000100000000)
 Metaspace       used 28121K, capacity 28626K, committed 28796K, reserved 1075200K
  class space    used 3218K, capacity 3388K, committed 3452K, reserved 1048576K
2017-07-18T00:47:43.275+0200: 18767,709: [GC (Allocation Failure) 2017-07-18T00:47:43.275+0200: 18767,709: [ParNew
Desired survivor size 20112992 bytes, new threshold 8 (max 8)
- age   1:   10683600 bytes,   10683600 total
- age   2:     294160 bytes,   10977760 total
- age   3:     261768 bytes,   11239528 total
- age   4:    1751544 bytes,   12991072 total
- age   5:      46112 bytes,   13037184 total
- age   6:      60512 bytes,   13097696 total
- age   7:      96936 bytes,   13194632 total
- age   8:     186168 bytes,   13380800 total
: 94212K->14021K(109248K), 0,0893944 secs] 100215K->20909K(502464K), 0,0894700 secs] [Times: user=0,04 sys=0,00, real=0,09 secs] 
Heap after GC invocations=10 (full 1):
 par new generation   total 109248K, used 14021K [0x00000000e0000000, 0x00000000e8000000, 0x00000000e8000000)
  eden space 87424K,   0% used [0x00000000e0000000, 0x00000000e0000000, 0x00000000e5560000)
  from space 21824K,  64% used [0x00000000e5560000, 0x00000000e63115a0, 0x00000000e6ab0000)
  to   space 21824K,   0% used [0x00000000e6ab0000, 0x00000000e6ab0000, 0x00000000e8000000)
 concurrent mark-sweep generation total 393216K, used 6888K [0x00000000e8000000, 0x0000000100000000, 0x0000000100000000)
 Metaspace       used 28121K, capacity 28626K, committed 28796K, reserved 1075200K
  class space    used 3218K, capacity 3388K, committed 3452K, reserved 1048576K
}
2017-07-18T00:47:43.364+0200: 18767,799: Total time for which application threads were stopped: 0,0933978 seconds, Stopping threads took: 0,0000272 seconds
2017-07-18T00:47:43.378+0200: 18767,812: Total time for which application threads were stopped: 0,0001012 seconds, Stopping threads took: 0,0000202 seconds
2017-07-18T00:47:43.381+0200: 18767,815: Total time for which application threads were stopped: 0,0001187 seconds, Stopping threads took: 0,0000259 seconds
2017-07-18T00:47:43.403+0200: 18767,838: Total time for which application threads were stopped: 0,0000985 seconds, Stopping threads took: 0,0000198 seconds
2017-07-18T00:47:43.404+0200: 18767,839: Total time for which application threads were stopped: 0,0001180 seconds, Stopping threads took: 0,0000357 seconds
2017-07-18T00:47:43.411+0200: 18767,845: Total time for which application threads were stopped: 0,0053937 seconds, Stopping threads took: 0,0053098 seconds
2017-07-18T00:47:43.412+0200: 18767,846: Total time for which application threads were stopped: 0,0001407 seconds, Stopping threads took: 0,0000746 seconds
2017-07-18T00:47:43.412+0200: 18767,846: Total time for which application threads were stopped: 0,0000635 seconds, Stopping threads took: 0,0000213 seconds
2017-07-18T00:47:43.412+0200: 18767,847: Total time for which application threads were stopped: 0,0001256 seconds, Stopping threads took: 0,0000510 seconds
2017-07-18T00:47:43.413+0200: 18767,847: Total time for which application threads were stopped: 0,0000871 seconds, Stopping threads took: 0,0000340 seconds
2017-07-18T00:47:43.413+0200: 18767,847: Total time for which application threads were stopped: 0,0000468 seconds, Stopping threads took: 0,0000140 seconds
2017-07-18T00:47:43.414+0200: 18767,849: Total time for which application threads were stopped: 0,0000783 seconds, Stopping threads took: 0,0000190 seconds
2017-07-18T00:47:43.414+0200: 18767,849: Total time for which application threads were stopped: 0,0000541 seconds, Stopping threads took: 0,0000180 seconds
2017-07-18T00:47:43.415+0200: 18767,849: Total time for which application threads were stopped: 0,0000438 seconds, Stopping threads took: 0,0000152 seconds
2017-07-18T00:47:43.415+0200: 18767,849: Total time for which application threads were stopped: 0,0000373 seconds, Stopping threads took: 0,0000139 seconds
2017-07-18T00:47:43.415+0200: 18767,849: Total time for which application threads were stopped: 0,0000339 seconds, Stopping threads took: 0,0000111 seconds
2017-07-18T00:47:43.415+0200: 18767,849: Total time for which application threads were stopped: 0,0000498 seconds, Stopping threads took: 0,0000156 seconds
2017-07-18T00:47:43.415+0200: 18767,849: Total time for which application threads were stopped: 0,0000278 seconds, Stopping threads took: 0,0000070 seconds
2017-07-18T00:47:43.415+0200: 18767,849: Total time for which application threads were stopped: 0,0000354 seconds, Stopping threads took: 0,0000092 seconds
2017-07-18T00:47:43.415+0200: 18767,849: Total time for which application threads were stopped: 0,0000535 seconds, Stopping threads took: 0,0000290 seconds
2017-07-18T00:47:43.415+0200: 18767,849: Total time for which application threads were stopped: 0,0000288 seconds, Stopping threads took: 0,0000075 seconds
2017-07-18T00:47:43.415+0200: 18767,849: Total time for which application threads were stopped: 0,0000267 seconds, Stopping threads took: 0,0000065 seconds
2017-07-18T00:47:43.415+0200: 18767,850: Total time for which application threads were stopped: 0,0001593 seconds, Stopping threads took: 0,0001333 seconds
2017-07-18T00:47:43.415+0200: 18767,850: Total time for which application threads were stopped: 0,0000323 seconds, Stopping threads took: 0,0000107 seconds
2017-07-18T00:47:43.419+0200: 18767,853: Total time for which application threads were stopped: 0,0000757 seconds, Stopping threads took: 0,0000259 seconds
2017-07-18T00:47:43.419+0200: 18767,853: Total time for which application threads were stopped: 0,0005910 seconds, Stopping threads took: 0,0005633 seconds
2017-07-18T00:47:43.419+0200: 18767,854: Total time for which application threads were stopped: 0,0001375 seconds, Stopping threads took: 0,0000892 seconds
2017-07-18T00:47:43.420+0200: 18767,854: Total time for which application threads were stopped: 0,0000402 seconds, Stopping threads took: 0,0000071 seconds
2017-07-18T00:47:43.420+0200: 18767,854: Total time for which application threads were stopped: 0,0000400 seconds, Stopping threads took: 0,0000049 seconds
2017-07-18T00:47:43.420+0200: 18767,854: Total time for which application threads were stopped: 0,0000386 seconds, Stopping threads took: 0,0000054 seconds
2017-07-18T00:47:43.420+0200: 18767,854: Total time for which application threads were stopped: 0,0000528 seconds, Stopping threads took: 0,0000212 seconds
2017-07-18T00:47:43.420+0200: 18767,854: Total time for which application threads were stopped: 0,0000382 seconds, Stopping threads took: 0,0000047 seconds
2017-07-18T00:47:43.420+0200: 18767,854: Total time for which application threads were stopped: 0,0000348 seconds, Stopping threads took: 0,0000044 seconds
2017-07-18T00:47:43.420+0200: 18767,854: Total time for which application threads were stopped: 0,0000388 seconds, Stopping threads took: 0,0000050 seconds
2017-07-18T00:47:43.420+0200: 18767,854: Total time for which application threads were stopped: 0,0000362 seconds, Stopping threads took: 0,0000047 seconds
2017-07-18T00:47:43.420+0200: 18767,854: Total time for which application threads were stopped: 0,0000363 seconds, Stopping threads took: 0,0000049 seconds
2017-07-18T00:47:43.420+0200: 18767,854: Total time for which application threads were stopped: 0,0000354 seconds, Stopping threads took: 0,0000050 seconds
2017-07-18T00:47:43.420+0200: 18767,854: Total time for which application threads were stopped: 0,0000397 seconds, Stopping threads took: 0,0000053 seconds
2017-07-18T00:47:43.420+0200: 18767,855: Total time for which application threads were stopped: 0,0000350 seconds, Stopping threads took: 0,0000046 seconds
2017-07-18T00:47:43.421+0200: 18767,855: Total time for which application threads were stopped: 0,0002537 seconds, Stopping threads took: 0,0002217 seconds
2017-07-18T00:47:43.422+0200: 18767,856: Total time for which application threads were stopped: 0,0000862 seconds, Stopping threads took: 0,0000308 seconds
2017-07-18T00:47:43.422+0200: 18767,856: Total time for which application threads were stopped: 0,0000913 seconds, Stopping threads took: 0,0000357 seconds
2017-07-18T00:47:43.422+0200: 18767,856: Total time for which application threads were stopped: 0,0000499 seconds, Stopping threads took: 0,0000150 seconds
2017-07-18T00:47:43.422+0200: 18767,856: Total time for which application threads were stopped: 0,0000450 seconds, Stopping threads took: 0,0000117 seconds
2017-07-18T00:47:43.422+0200: 18767,856: Total time for which application threads were stopped: 0,0000452 seconds, Stopping threads took: 0,0000118 seconds
2017-07-18T00:47:43.422+0200: 18767,857: Total time for which application threads were stopped: 0,0000454 seconds, Stopping threads took: 0,0000118 seconds
2017-07-18T00:47:43.422+0200: 18767,857: Total time for which application threads were stopped: 0,0000383 seconds, Stopping threads took: 0,0000047 seconds
2017-07-18T00:47:43.422+0200: 18767,857: Total time for which application threads were stopped: 0,0000364 seconds, Stopping threads took: 0,0000044 seconds
2017-07-18T00:47:43.423+0200: 18767,857: Total time for which application threads were stopped: 0,0000411 seconds, Stopping threads took: 0,0000048 seconds
2017-07-18T00:47:43.423+0200: 18767,857: Total time for which application threads were stopped: 0,0000377 seconds, Stopping threads took: 0,0000043 seconds
2017-07-18T00:47:43.425+0200: 18767,859: Total time for which application threads were stopped: 0,0001661 seconds, Stopping threads took: 0,0000776 seconds
2017-07-18T00:47:43.428+0200: 18767,862: Total time for which application threads were stopped: 0,0001034 seconds, Stopping threads took: 0,0000325 seconds
2017-07-18T00:47:43.428+0200: 18767,862: Total time for which application threads were stopped: 0,0000601 seconds, Stopping threads took: 0,0000187 seconds
2017-07-18T00:47:43.428+0200: 18767,862: Total time for which application threads were stopped: 0,0000671 seconds, Stopping threads took: 0,0000225 seconds
2017-07-18T00:47:43.429+0200: 18767,863: Total time for which application threads were stopped: 0,0000906 seconds, Stopping threads took: 0,0000316 seconds
2017-07-18T00:47:43.429+0200: 18767,863: Total time for which application threads were stopped: 0,0000645 seconds, Stopping threads took: 0,0000294 seconds
2017-07-18T00:47:43.430+0200: 18767,864: Total time for which application threads were stopped: 0,0000715 seconds, Stopping threads took: 0,0000201 seconds
2017-07-18T00:47:43.430+0200: 18767,864: Total time for which application threads were stopped: 0,0000295 seconds, Stopping threads took: 0,0000080 seconds
2017-07-18T00:47:43.430+0200: 18767,864: Total time for which application threads were stopped: 0,0000669 seconds, Stopping threads took: 0,0000229 seconds
2017-07-18T00:47:43.430+0200: 18767,865: Total time for which application threads were stopped: 0,0000447 seconds, Stopping threads took: 0,0000207 seconds
2017-07-18T00:47:43.431+0200: 18767,865: Total time for which application threads were stopped: 0,0001530 seconds, Stopping threads took: 0,0000315 seconds
2017-07-18T00:47:43.432+0200: 18767,866: Total time for which application threads were stopped: 0,0000721 seconds, Stopping threads took: 0,0000302 seconds
2017-07-18T00:47:43.432+0200: 18767,866: Total time for which application threads were stopped: 0,0000409 seconds, Stopping threads took: 0,0000085 seconds
2017-07-18T00:47:43.432+0200: 18767,866: Total time for which application threads were stopped: 0,0001596 seconds, Stopping threads took: 0,0001165 seconds
2017-07-18T00:47:43.432+0200: 18767,866: Total time for which application threads were stopped: 0,0000704 seconds, Stopping threads took: 0,0000304 seconds
2017-07-18T00:47:43.434+0200: 18767,869: Total time for which application threads were stopped: 0,0001150 seconds, Stopping threads took: 0,0000359 seconds
2017-07-18T00:47:43.434+0200: 18767,869: Total time for which application threads were stopped: 0,0000502 seconds, Stopping threads took: 0,0000156 seconds
2017-07-18T00:47:43.435+0200: 18767,869: Total time for which application threads were stopped: 0,0001582 seconds, Stopping threads took: 0,0000089 seconds
2017-07-18T00:47:43.436+0200: 18767,870: Total time for which application threads were stopped: 0,0004985 seconds, Stopping threads took: 0,0004230 seconds
2017-07-18T00:47:43.441+0200: 18767,875: Total time for which application threads were stopped: 0,0012998 seconds, Stopping threads took: 0,0012265 seconds
2017-07-18T00:47:43.448+0200: 18767,882: Total time for which application threads were stopped: 0,0009288 seconds, Stopping threads took: 0,0008261 seconds
2017-07-18T00:47:43.449+0200: 18767,883: Total time for which application threads were stopped: 0,0001005 seconds, Stopping threads took: 0,0000347 seconds
2017-07-18T00:47:43.449+0200: 18767,883: Total time for which application threads were stopped: 0,0001717 seconds, Stopping threads took: 0,0000172 seconds
2017-07-18T00:47:43.458+0200: 18767,893: Total time for which application threads were stopped: 0,0001037 seconds, Stopping threads took: 0,0000143 seconds
2017-07-18T00:47:43.459+0200: 18767,893: Total time for which application threads were stopped: 0,0000915 seconds, Stopping threads took: 0,0000236 seconds
2017-07-18T00:47:43.459+0200: 18767,893: Total time for which application threads were stopped: 0,0000832 seconds, Stopping threads took: 0,0000183 seconds
Heap
 par new generation   total 109248K, used 21013K [0x00000000e0000000, 0x00000000e8000000, 0x00000000e8000000)
  eden space 87424K,   7% used [0x00000000e0000000, 0x00000000e06d3fd0, 0x00000000e5560000)
  from space 21824K,  64% used [0x00000000e5560000, 0x00000000e63115a0, 0x00000000e6ab0000)
  to   space 21824K,   0% used [0x00000000e6ab0000, 0x00000000e6ab0000, 0x00000000e8000000)
 concurrent mark-sweep generation total 393216K, used 6888K [0x00000000e8000000, 0x0000000100000000, 0x0000000100000000)
 Metaspace       used 28192K, capacity 28732K, committed 29052K, reserved 1075200K
  class space    used 3227K, capacity 3423K, committed 3452K, reserved 1048576K
