OpenJDK 64-Bit Server VM (25.121-b13) for linux-amd64 JRE (1.8.0_121-8u121-b13-0ubuntu1.16.04.2-b13), built on Jan 23 2017 15:51:29 by "buildd" with gcc 5.4.0 20160609
Memory: 4k page, physical 7867760k(7506860k free), swap 8076284k(8076284k free)
CommandLine flags: -XX:CMSInitiatingOccupancyFraction=50 -XX:CMSMaxAbortablePrecleanTime=6000 -XX:+CMSParallelRemarkEnabled -XX:+CMSScavengeBeforeRemark -XX:ConcGCThreads=4 -XX:InitialHeapSize=536870912 -XX:MaxHeapSize=536870912 -XX:MaxTenuringThreshold=8 -XX:NewRatio=3 -XX:OldPLABSize=16 -XX:OnOutOfMemoryError=/opt/solr/bin/oom_solr.sh 8983 /var/solr/logs -XX:ParallelGCThreads=4 -XX:+ParallelRefProcEnabled -XX:PretenureSizeThreshold=67108864 -XX:+PrintGC -XX:+PrintGCApplicationStoppedTime -XX:+PrintGCDateStamps -XX:+PrintGCDetails -XX:+PrintGCTimeStamps -XX:+PrintHeapAtGC -XX:+PrintTenuringDistribution -XX:SurvivorRatio=4 -XX:TargetSurvivorRatio=90 -XX:ThreadStackSize=256 -XX:+UseCMSInitiatingOccupancyOnly -XX:+UseCompressedClassPointers -XX:+UseCompressedOops -XX:+UseConcMarkSweepGC -XX:+UseParNewGC 
2017-02-28T09:21:04.510+0100: 0,141: Total time for which application threads were stopped: 0,0000692 seconds, Stopping threads took: 0,0000101 seconds
2017-02-28T09:21:04.605+0100: 0,236: Total time for which application threads were stopped: 0,0001015 seconds, Stopping threads took: 0,0000183 seconds
2017-02-28T09:21:04.621+0100: 0,252: Total time for which application threads were stopped: 0,0000960 seconds, Stopping threads took: 0,0000097 seconds
2017-02-28T09:21:04.955+0100: 0,586: Total time for which application threads were stopped: 0,0001099 seconds, Stopping threads took: 0,0000115 seconds
2017-02-28T09:21:05.274+0100: 0,905: Total time for which application threads were stopped: 0,0001551 seconds, Stopping threads took: 0,0000243 seconds
2017-02-28T09:21:05.322+0100: 0,953: Total time for which application threads were stopped: 0,0001351 seconds, Stopping threads took: 0,0000190 seconds
2017-02-28T09:21:05.338+0100: 0,969: Total time for which application threads were stopped: 0,0001586 seconds, Stopping threads took: 0,0000208 seconds
2017-02-28T09:21:05.504+0100: 1,135: Total time for which application threads were stopped: 0,0001668 seconds, Stopping threads took: 0,0000149 seconds
2017-02-28T09:21:05.654+0100: 1,285: Total time for which application threads were stopped: 0,0001865 seconds, Stopping threads took: 0,0000124 seconds
2017-02-28T09:21:05.673+0100: 1,304: Total time for which application threads were stopped: 0,0001876 seconds, Stopping threads took: 0,0000199 seconds
2017-02-28T09:21:05.698+0100: 1,329: Total time for which application threads were stopped: 0,0002400 seconds, Stopping threads took: 0,0000246 seconds
2017-02-28T09:21:05.699+0100: 1,330: Total time for which application threads were stopped: 0,0001811 seconds, Stopping threads took: 0,0000222 seconds
2017-02-28T09:21:05.711+0100: 1,342: Total time for which application threads were stopped: 0,0001987 seconds, Stopping threads took: 0,0000217 seconds
2017-02-28T09:21:05.781+0100: 1,412: Total time for which application threads were stopped: 0,0002398 seconds, Stopping threads took: 0,0000222 seconds
2017-02-28T09:21:05.945+0100: 1,576: Total time for which application threads were stopped: 0,0003475 seconds, Stopping threads took: 0,0000819 seconds
{Heap before GC invocations=0 (full 0):
 par new generation   total 109248K, used 87424K [0x00000000e0000000, 0x00000000e8000000, 0x00000000e8000000)
  eden space 87424K, 100% used [0x00000000e0000000, 0x00000000e5560000, 0x00000000e5560000)
  from space 21824K,   0% used [0x00000000e5560000, 0x00000000e5560000, 0x00000000e6ab0000)
  to   space 21824K,   0% used [0x00000000e6ab0000, 0x00000000e6ab0000, 0x00000000e8000000)
 concurrent mark-sweep generation total 393216K, used 0K [0x00000000e8000000, 0x0000000100000000, 0x0000000100000000)
 Metaspace       used 18000K, capacity 18336K, committed 18688K, reserved 1064960K
  class space    used 2036K, capacity 2196K, committed 2304K, reserved 1048576K
2017-02-28T09:21:06.021+0100: 1,652: [GC (Allocation Failure) 2017-02-28T09:21:06.021+0100: 1,652: [ParNew
Desired survivor size 20112992 bytes, new threshold 8 (max 8)
- age   1:   12246248 bytes,   12246248 total
: 87424K->12066K(109248K), 0,0157670 secs] 87424K->12066K(502464K), 0,0158421 secs] [Times: user=0,04 sys=0,02, real=0,02 secs] 
Heap after GC invocations=1 (full 0):
 par new generation   total 109248K, used 12066K [0x00000000e0000000, 0x00000000e8000000, 0x00000000e8000000)
  eden space 87424K,   0% used [0x00000000e0000000, 0x00000000e0000000, 0x00000000e5560000)
  from space 21824K,  55% used [0x00000000e6ab0000, 0x00000000e7678a20, 0x00000000e8000000)
  to   space 21824K,   0% used [0x00000000e5560000, 0x00000000e5560000, 0x00000000e6ab0000)
 concurrent mark-sweep generation total 393216K, used 0K [0x00000000e8000000, 0x0000000100000000, 0x0000000100000000)
 Metaspace       used 18000K, capacity 18336K, committed 18688K, reserved 1064960K
  class space    used 2036K, capacity 2196K, committed 2304K, reserved 1048576K
}
2017-02-28T09:21:06.037+0100: 1,668: Total time for which application threads were stopped: 0,0165103 seconds, Stopping threads took: 0,0003692 seconds
2017-02-28T09:21:06.468+0100: 2,099: Total time for which application threads were stopped: 0,0003491 seconds, Stopping threads took: 0,0000378 seconds
{Heap before GC invocations=1 (full 0):
 par new generation   total 109248K, used 99490K [0x00000000e0000000, 0x00000000e8000000, 0x00000000e8000000)
  eden space 87424K, 100% used [0x00000000e0000000, 0x00000000e5560000, 0x00000000e5560000)
  from space 21824K,  55% used [0x00000000e6ab0000, 0x00000000e7678a20, 0x00000000e8000000)
  to   space 21824K,   0% used [0x00000000e5560000, 0x00000000e5560000, 0x00000000e6ab0000)
 concurrent mark-sweep generation total 393216K, used 0K [0x00000000e8000000, 0x0000000100000000, 0x0000000100000000)
 Metaspace       used 20042K, capacity 20386K, committed 20736K, reserved 1067008K
  class space    used 2300K, capacity 2479K, committed 2560K, reserved 1048576K
2017-02-28T09:21:06.546+0100: 2,177: [GC (Allocation Failure) 2017-02-28T09:21:06.546+0100: 2,177: [ParNew
Desired survivor size 20112992 bytes, new threshold 8 (max 8)
- age   1:    3797192 bytes,    3797192 total
- age   2:    6614312 bytes,   10411504 total
: 99490K->15515K(109248K), 0,0214273 secs] 99490K->15515K(502464K), 0,0215409 secs] [Times: user=0,07 sys=0,00, real=0,02 secs] 
Heap after GC invocations=2 (full 0):
 par new generation   total 109248K, used 15515K [0x00000000e0000000, 0x00000000e8000000, 0x00000000e8000000)
  eden space 87424K,   0% used [0x00000000e0000000, 0x00000000e0000000, 0x00000000e5560000)
  from space 21824K,  71% used [0x00000000e5560000, 0x00000000e6486c80, 0x00000000e6ab0000)
  to   space 21824K,   0% used [0x00000000e6ab0000, 0x00000000e6ab0000, 0x00000000e8000000)
 concurrent mark-sweep generation total 393216K, used 0K [0x00000000e8000000, 0x0000000100000000, 0x0000000100000000)
 Metaspace       used 20042K, capacity 20386K, committed 20736K, reserved 1067008K
  class space    used 2300K, capacity 2479K, committed 2560K, reserved 1048576K
}
2017-02-28T09:21:06.568+0100: 2,199: Total time for which application threads were stopped: 0,0243412 seconds, Stopping threads took: 0,0025481 seconds
2017-02-28T09:21:06.576+0100: 2,207: Total time for which application threads were stopped: 0,0013452 seconds, Stopping threads took: 0,0001882 seconds
2017-02-28T09:21:06.617+0100: 2,248: Total time for which application threads were stopped: 0,0004191 seconds, Stopping threads took: 0,0000543 seconds
2017-02-28T09:21:06.846+0100: 2,477: Total time for which application threads were stopped: 0,0029449 seconds, Stopping threads took: 0,0024777 seconds
{Heap before GC invocations=2 (full 0):
 par new generation   total 109248K, used 102939K [0x00000000e0000000, 0x00000000e8000000, 0x00000000e8000000)
  eden space 87424K, 100% used [0x00000000e0000000, 0x00000000e5560000, 0x00000000e5560000)
  from space 21824K,  71% used [0x00000000e5560000, 0x00000000e6486c80, 0x00000000e6ab0000)
  to   space 21824K,   0% used [0x00000000e6ab0000, 0x00000000e6ab0000, 0x00000000e8000000)
 concurrent mark-sweep generation total 393216K, used 0K [0x00000000e8000000, 0x0000000100000000, 0x0000000100000000)
 Metaspace       used 20976K, capacity 21314K, committed 21552K, reserved 1069056K
  class space    used 2424K, capacity 2599K, committed 2608K, reserved 1048576K
2017-02-28T09:21:06.922+0100: 2,553: [GC (Allocation Failure) 2017-02-28T09:21:06.922+0100: 2,553: [ParNew
Desired survivor size 20112992 bytes, new threshold 8 (max 8)
- age   1:    2066816 bytes,    2066816 total
- age   2:     893816 bytes,    2960632 total
- age   3:    6610784 bytes,    9571416 total
: 102939K->12323K(109248K), 0,0196521 secs] 102939K->12323K(502464K), 0,0197577 secs] [Times: user=0,06 sys=0,00, real=0,02 secs] 
Heap after GC invocations=3 (full 0):
 par new generation   total 109248K, used 12323K [0x00000000e0000000, 0x00000000e8000000, 0x00000000e8000000)
  eden space 87424K,   0% used [0x00000000e0000000, 0x00000000e0000000, 0x00000000e5560000)
  from space 21824K,  56% used [0x00000000e6ab0000, 0x00000000e76b8dc0, 0x00000000e8000000)
  to   space 21824K,   0% used [0x00000000e5560000, 0x00000000e5560000, 0x00000000e6ab0000)
 concurrent mark-sweep generation total 393216K, used 0K [0x00000000e8000000, 0x0000000100000000, 0x0000000100000000)
 Metaspace       used 20976K, capacity 21314K, committed 21552K, reserved 1069056K
  class space    used 2424K, capacity 2599K, committed 2608K, reserved 1048576K
}
2017-02-28T09:21:06.942+0100: 2,573: Total time for which application threads were stopped: 0,0223097 seconds, Stopping threads took: 0,0023193 seconds
2017-02-28T09:21:06.953+0100: 2,584: [GC (CMS Initial Mark) [1 CMS-initial-mark: 0K(393216K)] 15866K(502464K), 0,0107289 secs] [Times: user=0,03 sys=0,00, real=0,01 secs] 
2017-02-28T09:21:06.964+0100: 2,595: Total time for which application threads were stopped: 0,0114969 seconds, Stopping threads took: 0,0005093 seconds
2017-02-28T09:21:06.964+0100: 2,595: [CMS-concurrent-mark-start]
2017-02-28T09:21:06.965+0100: 2,596: [CMS-concurrent-mark: 0,001/0,001 secs] [Times: user=0,00 sys=0,00, real=0,00 secs] 
2017-02-28T09:21:06.965+0100: 2,596: [CMS-concurrent-preclean-start]
2017-02-28T09:21:06.966+0100: 2,597: [CMS-concurrent-preclean: 0,001/0,001 secs] [Times: user=0,01 sys=0,00, real=0,01 secs] 
2017-02-28T09:21:06.966+0100: 2,597: [CMS-concurrent-abortable-preclean-start]
2017-02-28T09:21:07.069+0100: 2,700: Total time for which application threads were stopped: 0,0024511 seconds, Stopping threads took: 0,0023576 seconds
2017-02-28T09:21:07.069+0100: 2,700: [CMS-concurrent-abortable-preclean: 0,075/0,103 secs] [Times: user=0,38 sys=0,00, real=0,10 secs] 
2017-02-28T09:21:07.069+0100: 2,700: [GC (CMS Final Remark) [YG occupancy: 84438 K (109248 K)]{Heap before GC invocations=3 (full 1):
 par new generation   total 109248K, used 84438K [0x00000000e0000000, 0x00000000e8000000, 0x00000000e8000000)
  eden space 87424K,  82% used [0x00000000e0000000, 0x00000000e466cbd0, 0x00000000e5560000)
  from space 21824K,  56% used [0x00000000e6ab0000, 0x00000000e76b8dc0, 0x00000000e8000000)
  to   space 21824K,   0% used [0x00000000e5560000, 0x00000000e5560000, 0x00000000e6ab0000)
 concurrent mark-sweep generation total 393216K, used 0K [0x00000000e8000000, 0x0000000100000000, 0x0000000100000000)
 Metaspace       used 21227K, capacity 21565K, committed 21756K, reserved 1069056K
  class space    used 2449K, capacity 2610K, committed 2736K, reserved 1048576K
2017-02-28T09:21:07.069+0100: 2,700: [GC (CMS Final Remark) 2017-02-28T09:21:07.069+0100: 2,700: [ParNew
Desired survivor size 20112992 bytes, new threshold 8 (max 8)
- age   1:    1386480 bytes,    1386480 total
- age   2:    1454040 bytes,    2840520 total
- age   3:     862408 bytes,    3702928 total
- age   4:    6610784 bytes,   10313712 total
: 84438K->12720K(109248K), 0,0139475 secs] 84438K->12720K(502464K), 0,0139841 secs] [Times: user=0,04 sys=0,00, real=0,01 secs] 
Heap after GC invocations=4 (full 1):
 par new generation   total 109248K, used 12720K [0x00000000e0000000, 0x00000000e8000000, 0x00000000e8000000)
  eden space 87424K,   0% used [0x00000000e0000000, 0x00000000e0000000, 0x00000000e5560000)
  from space 21824K,  58% used [0x00000000e5560000, 0x00000000e61cc028, 0x00000000e6ab0000)
  to   space 21824K,   0% used [0x00000000e6ab0000, 0x00000000e6ab0000, 0x00000000e8000000)
 concurrent mark-sweep generation total 393216K, used 0K [0x00000000e8000000, 0x0000000100000000, 0x0000000100000000)
 Metaspace       used 21227K, capacity 21565K, committed 21756K, reserved 1069056K
  class space    used 2449K, capacity 2610K, committed 2736K, reserved 1048576K
}
2017-02-28T09:21:07.083+0100: 2,714: [Rescan (parallel) , 0,0036197 secs]2017-02-28T09:21:07.086+0100: 2,717: [weak refs processing, 0,0003882 secs]2017-02-28T09:21:07.087+0100: 2,718: [class unloading, 0,0028065 secs]2017-02-28T09:21:07.090+0100: 2,721: [scrub symbol table, 0,0036891 secs]2017-02-28T09:21:07.093+0100: 2,724: [scrub string table, 0,0003599 secs][1 CMS-remark: 0K(393216K)] 12720K(502464K), 0,0254699 secs] [Times: user=0,06 sys=0,00, real=0,03 secs] 
2017-02-28T09:21:07.094+0100: 2,725: Total time for which application threads were stopped: 0,0255753 seconds, Stopping threads took: 0,0000465 seconds
2017-02-28T09:21:07.094+0100: 2,725: [CMS-concurrent-sweep-start]
2017-02-28T09:21:07.094+0100: 2,725: [CMS-concurrent-sweep: 0,000/0,000 secs] [Times: user=0,00 sys=0,00, real=0,00 secs] 
2017-02-28T09:21:07.094+0100: 2,725: [CMS-concurrent-reset-start]
2017-02-28T09:21:07.096+0100: 2,727: [CMS-concurrent-reset: 0,001/0,001 secs] [Times: user=0,01 sys=0,00, real=0,00 secs] 
{Heap before GC invocations=4 (full 1):
 par new generation   total 109248K, used 100144K [0x00000000e0000000, 0x00000000e8000000, 0x00000000e8000000)
  eden space 87424K, 100% used [0x00000000e0000000, 0x00000000e5560000, 0x00000000e5560000)
  from space 21824K,  58% used [0x00000000e5560000, 0x00000000e61cc028, 0x00000000e6ab0000)
  to   space 21824K,   0% used [0x00000000e6ab0000, 0x00000000e6ab0000, 0x00000000e8000000)
 concurrent mark-sweep generation total 393216K, used 0K [0x00000000e8000000, 0x0000000100000000, 0x0000000100000000)
 Metaspace       used 21367K, capacity 21815K, committed 22012K, reserved 1069056K
  class space    used 2470K, capacity 2647K, committed 2736K, reserved 1048576K
2017-02-28T09:21:07.195+0100: 2,826: [GC (Allocation Failure) 2017-02-28T09:21:07.195+0100: 2,826: [ParNew
Desired survivor size 20112992 bytes, new threshold 8 (max 8)
- age   1:     269528 bytes,     269528 total
- age   2:     132888 bytes,     402416 total
- age   3:    1453816 bytes,    1856232 total
- age   4:     858456 bytes,    2714688 total
- age   5:    6610888 bytes,    9325576 total
: 100144K->13065K(109248K), 0,0122469 secs] 100144K->13065K(502464K), 0,0123206 secs] [Times: user=0,04 sys=0,00, real=0,01 secs] 
Heap after GC invocations=5 (full 1):
 par new generation   total 109248K, used 13065K [0x00000000e0000000, 0x00000000e8000000, 0x00000000e8000000)
  eden space 87424K,   0% used [0x00000000e0000000, 0x00000000e0000000, 0x00000000e5560000)
  from space 21824K,  59% used [0x00000000e6ab0000, 0x00000000e7772640, 0x00000000e8000000)
  to   space 21824K,   0% used [0x00000000e5560000, 0x00000000e5560000, 0x00000000e6ab0000)
 concurrent mark-sweep generation total 393216K, used 0K [0x00000000e8000000, 0x0000000100000000, 0x0000000100000000)
 Metaspace       used 21367K, capacity 21815K, committed 22012K, reserved 1069056K
  class space    used 2470K, capacity 2647K, committed 2736K, reserved 1048576K
}
2017-02-28T09:21:07.208+0100: 2,839: Total time for which application threads were stopped: 0,0125152 seconds, Stopping threads took: 0,0000401 seconds
2017-02-28T09:21:07.250+0100: 2,881: Total time for which application threads were stopped: 0,0003472 seconds, Stopping threads took: 0,0000165 seconds
2017-02-28T09:21:07.442+0100: 3,073: Total time for which application threads were stopped: 0,0005062 seconds, Stopping threads took: 0,0000266 seconds
2017-02-28T09:21:07.457+0100: 3,088: Total time for which application threads were stopped: 0,0003631 seconds, Stopping threads took: 0,0000355 seconds
{Heap before GC invocations=5 (full 1):
 par new generation   total 109248K, used 100489K [0x00000000e0000000, 0x00000000e8000000, 0x00000000e8000000)
  eden space 87424K, 100% used [0x00000000e0000000, 0x00000000e5560000, 0x00000000e5560000)
  from space 21824K,  59% used [0x00000000e6ab0000, 0x00000000e7772640, 0x00000000e8000000)
  to   space 21824K,   0% used [0x00000000e5560000, 0x00000000e5560000, 0x00000000e6ab0000)
 concurrent mark-sweep generation total 393216K, used 0K [0x00000000e8000000, 0x0000000100000000, 0x0000000100000000)
 Metaspace       used 24001K, capacity 24419K, committed 24624K, reserved 1071104K
  class space    used 2841K, capacity 3023K, committed 3120K, reserved 1048576K
2017-02-28T09:21:07.591+0100: 3,222: [GC (Allocation Failure) 2017-02-28T09:21:07.591+0100: 3,222: [ParNew
Desired survivor size 20112992 bytes, new threshold 8 (max 8)
- age   1:    4481040 bytes,    4481040 total
- age   2:     126064 bytes,    4607104 total
- age   3:     131600 bytes,    4738704 total
- age   4:     283792 bytes,    5022496 total
- age   5:     834128 bytes,    5856624 total
- age   6:    6602752 bytes,   12459376 total
: 100489K->15379K(109248K), 0,0192559 secs] 100489K->15379K(502464K), 0,0193454 secs] [Times: user=0,05 sys=0,00, real=0,02 secs] 
Heap after GC invocations=6 (full 1):
 par new generation   total 109248K, used 15379K [0x00000000e0000000, 0x00000000e8000000, 0x00000000e8000000)
  eden space 87424K,   0% used [0x00000000e0000000, 0x00000000e0000000, 0x00000000e5560000)
  from space 21824K,  70% used [0x00000000e5560000, 0x00000000e6464f90, 0x00000000e6ab0000)
  to   space 21824K,   0% used [0x00000000e6ab0000, 0x00000000e6ab0000, 0x00000000e8000000)
 concurrent mark-sweep generation total 393216K, used 0K [0x00000000e8000000, 0x0000000100000000, 0x0000000100000000)
 Metaspace       used 24001K, capacity 24419K, committed 24624K, reserved 1071104K
  class space    used 2841K, capacity 3023K, committed 3120K, reserved 1048576K
}
2017-02-28T09:21:07.610+0100: 3,241: Total time for which application threads were stopped: 0,0196286 seconds, Stopping threads took: 0,0000313 seconds
{Heap before GC invocations=6 (full 1):
 par new generation   total 109248K, used 102803K [0x00000000e0000000, 0x00000000e8000000, 0x00000000e8000000)
  eden space 87424K, 100% used [0x00000000e0000000, 0x00000000e5560000, 0x00000000e5560000)
  from space 21824K,  70% used [0x00000000e5560000, 0x00000000e6464f90, 0x00000000e6ab0000)
  to   space 21824K,   0% used [0x00000000e6ab0000, 0x00000000e6ab0000, 0x00000000e8000000)
 concurrent mark-sweep generation total 393216K, used 0K [0x00000000e8000000, 0x0000000100000000, 0x0000000100000000)
 Metaspace       used 24981K, capacity 25465K, committed 25648K, reserved 1071104K
  class space    used 2917K, capacity 3091K, committed 3120K, reserved 1048576K
2017-02-28T09:21:07.782+0100: 3,413: [GC (Allocation Failure) 2017-02-28T09:21:07.782+0100: 3,413: [ParNew
Desired survivor size 20112992 bytes, new threshold 8 (max 8)
- age   1:    1937200 bytes,    1937200 total
- age   2:    1345424 bytes,    3282624 total
- age   3:      71800 bytes,    3354424 total
- age   4:      72032 bytes,    3426456 total
- age   5:     188720 bytes,    3615176 total
- age   6:     782368 bytes,    4397544 total
- age   7:    6074592 bytes,   10472136 total
: 102803K->18416K(109248K), 0,0183889 secs] 102803K->18416K(502464K), 0,0184569 secs] [Times: user=0,06 sys=0,00, real=0,02 secs] 
Heap after GC invocations=7 (full 1):
 par new generation   total 109248K, used 18416K [0x00000000e0000000, 0x00000000e8000000, 0x00000000e8000000)
  eden space 87424K,   0% used [0x00000000e0000000, 0x00000000e0000000, 0x00000000e5560000)
  from space 21824K,  84% used [0x00000000e6ab0000, 0x00000000e7cac198, 0x00000000e8000000)
  to   space 21824K,   0% used [0x00000000e5560000, 0x00000000e5560000, 0x00000000e6ab0000)
 concurrent mark-sweep generation total 393216K, used 0K [0x00000000e8000000, 0x0000000100000000, 0x0000000100000000)
 Metaspace       used 24981K, capacity 25465K, committed 25648K, reserved 1071104K
  class space    used 2917K, capacity 3091K, committed 3120K, reserved 1048576K
}
2017-02-28T09:21:07.800+0100: 3,431: Total time for which application threads were stopped: 0,0186745 seconds, Stopping threads took: 0,0000567 seconds
2017-02-28T09:21:07.962+0100: 3,593: Total time for which application threads were stopped: 0,0015638 seconds, Stopping threads took: 0,0010680 seconds
2017-02-28T09:21:07.981+0100: 3,612: Total time for which application threads were stopped: 0,0004032 seconds, Stopping threads took: 0,0000204 seconds
2017-02-28T09:21:08.059+0100: 3,690: Total time for which application threads were stopped: 0,0004466 seconds, Stopping threads took: 0,0000442 seconds
2017-02-28T09:21:08.162+0100: 3,793: Total time for which application threads were stopped: 0,0003938 seconds, Stopping threads took: 0,0000199 seconds
2017-02-28T09:21:08.420+0100: 4,051: Total time for which application threads were stopped: 0,0003276 seconds, Stopping threads took: 0,0000165 seconds
2017-02-28T09:21:16.421+0100: 12,052: Total time for which application threads were stopped: 0,0000661 seconds, Stopping threads took: 0,0000159 seconds
2017-02-28T09:21:30.422+0100: 26,053: Total time for which application threads were stopped: 0,0000704 seconds, Stopping threads took: 0,0000166 seconds
2017-02-28T09:21:36.423+0100: 32,054: Total time for which application threads were stopped: 0,0000647 seconds, Stopping threads took: 0,0000157 seconds
2017-02-28T09:22:36.429+0100: 92,060: Total time for which application threads were stopped: 0,0001047 seconds, Stopping threads took: 0,0000402 seconds
2017-02-28T09:23:06.432+0100: 122,063: Total time for which application threads were stopped: 0,0000977 seconds, Stopping threads took: 0,0000380 seconds
2017-02-28T09:23:11.433+0100: 127,064: Total time for which application threads were stopped: 0,0000760 seconds, Stopping threads took: 0,0000196 seconds
2017-02-28T09:24:05.439+0100: 181,070: Total time for which application threads were stopped: 0,0001309 seconds, Stopping threads took: 0,0000618 seconds
2017-02-28T09:24:10.440+0100: 186,071: Total time for which application threads were stopped: 0,0000751 seconds, Stopping threads took: 0,0000181 seconds
2017-02-28T09:25:20.447+0100: 256,078: Total time for which application threads were stopped: 0,0000859 seconds, Stopping threads took: 0,0000336 seconds
2017-02-28T09:25:25.448+0100: 261,079: Total time for which application threads were stopped: 0,0000705 seconds, Stopping threads took: 0,0000162 seconds
2017-02-28T09:25:31.449+0100: 267,080: Total time for which application threads were stopped: 0,0000955 seconds, Stopping threads took: 0,0000242 seconds
2017-02-28T09:25:36.449+0100: 272,080: Total time for which application threads were stopped: 0,0000758 seconds, Stopping threads took: 0,0000172 seconds
2017-02-28T09:25:41.450+0100: 277,081: Total time for which application threads were stopped: 0,0000698 seconds, Stopping threads took: 0,0000182 seconds
2017-02-28T09:25:50.451+0100: 286,082: Total time for which application threads were stopped: 0,0004165 seconds, Stopping threads took: 0,0001145 seconds
2017-02-28T09:25:51.452+0100: 287,083: Total time for which application threads were stopped: 0,0002517 seconds, Stopping threads took: 0,0001176 seconds
2017-02-28T09:26:06.453+0100: 302,084: Total time for which application threads were stopped: 0,0000913 seconds, Stopping threads took: 0,0000199 seconds
2017-02-28T09:26:26.456+0100: 322,087: Total time for which application threads were stopped: 0,0008615 seconds, Stopping threads took: 0,0002419 seconds
2017-02-28T09:27:38.762+0100: 394,393: Total time for which application threads were stopped: 0,0001651 seconds, Stopping threads took: 0,0000319 seconds
2017-02-28T09:27:38.804+0100: 394,435: Total time for which application threads were stopped: 0,0001350 seconds, Stopping threads took: 0,0000290 seconds
Heap
 par new generation   total 109248K, used 104052K [0x00000000e0000000, 0x00000000e8000000, 0x00000000e8000000)
  eden space 87424K,  97% used [0x00000000e0000000, 0x00000000e53a1160, 0x00000000e5560000)
  from space 21824K,  84% used [0x00000000e6ab0000, 0x00000000e7cac198, 0x00000000e8000000)
  to   space 21824K,   0% used [0x00000000e5560000, 0x00000000e5560000, 0x00000000e6ab0000)
 concurrent mark-sweep generation total 393216K, used 0K [0x00000000e8000000, 0x0000000100000000, 0x0000000100000000)
 Metaspace       used 28069K, capacity 28603K, committed 28848K, reserved 1075200K
  class space    used 3232K, capacity 3430K, committed 3504K, reserved 1048576K
