OpenJDK 64-Bit Server VM (25.121-b13) for linux-amd64 JRE (1.8.0_121-8u121-b13-0ubuntu1.16.04.2-b13), built on Jan 23 2017 15:51:29 by "buildd" with gcc 5.4.0 20160609
Memory: 4k page, physical 7867800k(7509996k free), swap 8076284k(8076284k free)
CommandLine flags: -XX:CMSInitiatingOccupancyFraction=50 -XX:CMSMaxAbortablePrecleanTime=6000 -XX:+CMSParallelRemarkEnabled -XX:+CMSScavengeBeforeRemark -XX:ConcGCThreads=4 -XX:InitialHeapSize=536870912 -XX:MaxHeapSize=536870912 -XX:MaxTenuringThreshold=8 -XX:NewRatio=3 -XX:OldPLABSize=16 -XX:OnOutOfMemoryError=/opt/solr/bin/oom_solr.sh 8983 /var/solr/logs -XX:ParallelGCThreads=4 -XX:+ParallelRefProcEnabled -XX:PretenureSizeThreshold=67108864 -XX:+PrintGC -XX:+PrintGCApplicationStoppedTime -XX:+PrintGCDateStamps -XX:+PrintGCDetails -XX:+PrintGCTimeStamps -XX:+PrintHeapAtGC -XX:+PrintTenuringDistribution -XX:SurvivorRatio=4 -XX:TargetSurvivorRatio=90 -XX:ThreadStackSize=256 -XX:+UseCMSInitiatingOccupancyOnly -XX:+UseCompressedClassPointers -XX:+UseCompressedOops -XX:+UseConcMarkSweepGC -XX:+UseParNewGC 
2017-02-07T18:07:43.998+0100: 0,154: Total time for which application threads were stopped: 0,0001148 seconds, Stopping threads took: 0,0000131 seconds
2017-02-07T18:07:44.103+0100: 0,260: Total time for which application threads were stopped: 0,0000967 seconds, Stopping threads took: 0,0000103 seconds
2017-02-07T18:07:44.124+0100: 0,281: Total time for which application threads were stopped: 0,0001223 seconds, Stopping threads took: 0,0000260 seconds
2017-02-07T18:07:44.527+0100: 0,684: Total time for which application threads were stopped: 0,0001576 seconds, Stopping threads took: 0,0000315 seconds
2017-02-07T18:07:44.875+0100: 1,032: Total time for which application threads were stopped: 0,0001234 seconds, Stopping threads took: 0,0000181 seconds
2017-02-07T18:07:44.948+0100: 1,104: Total time for which application threads were stopped: 0,0004578 seconds, Stopping threads took: 0,0000774 seconds
2017-02-07T18:07:44.976+0100: 1,132: Total time for which application threads were stopped: 0,0001543 seconds, Stopping threads took: 0,0000211 seconds
2017-02-07T18:07:45.213+0100: 1,370: Total time for which application threads were stopped: 0,0002147 seconds, Stopping threads took: 0,0000191 seconds
2017-02-07T18:07:45.430+0100: 1,587: Total time for which application threads were stopped: 0,0002034 seconds, Stopping threads took: 0,0000159 seconds
2017-02-07T18:07:45.461+0100: 1,617: Total time for which application threads were stopped: 0,0002917 seconds, Stopping threads took: 0,0000372 seconds
2017-02-07T18:07:45.498+0100: 1,654: Total time for which application threads were stopped: 0,0002543 seconds, Stopping threads took: 0,0000321 seconds
2017-02-07T18:07:45.503+0100: 1,660: Total time for which application threads were stopped: 0,0007276 seconds, Stopping threads took: 0,0000675 seconds
2017-02-07T18:07:45.521+0100: 1,677: Total time for which application threads were stopped: 0,0007809 seconds, Stopping threads took: 0,0000864 seconds
2017-02-07T18:07:45.612+0100: 1,768: Total time for which application threads were stopped: 0,0002798 seconds, Stopping threads took: 0,0000524 seconds
2017-02-07T18:07:45.762+0100: 1,919: Total time for which application threads were stopped: 0,0003112 seconds, Stopping threads took: 0,0000895 seconds
{Heap before GC invocations=0 (full 0):
 par new generation   total 109248K, used 87424K [0x00000000e0000000, 0x00000000e8000000, 0x00000000e8000000)
  eden space 87424K, 100% used [0x00000000e0000000, 0x00000000e5560000, 0x00000000e5560000)
  from space 21824K,   0% used [0x00000000e5560000, 0x00000000e5560000, 0x00000000e6ab0000)
  to   space 21824K,   0% used [0x00000000e6ab0000, 0x00000000e6ab0000, 0x00000000e8000000)
 concurrent mark-sweep generation total 393216K, used 0K [0x00000000e8000000, 0x0000000100000000, 0x0000000100000000)
 Metaspace       used 17822K, capacity 18176K, committed 18304K, reserved 1064960K
  class space    used 2024K, capacity 2164K, committed 2176K, reserved 1048576K
2017-02-07T18:07:45.812+0100: 1,969: [GC (Allocation Failure) 2017-02-07T18:07:45.812+0100: 1,969: [ParNew
Desired survivor size 20112992 bytes, new threshold 8 (max 8)
- age   1:   11650016 bytes,   11650016 total
: 87424K->11480K(109248K), 0,0156199 secs] 87424K->11480K(502464K), 0,0157020 secs] [Times: user=0,03 sys=0,03, real=0,01 secs] 
Heap after GC invocations=1 (full 0):
 par new generation   total 109248K, used 11480K [0x00000000e0000000, 0x00000000e8000000, 0x00000000e8000000)
  eden space 87424K,   0% used [0x00000000e0000000, 0x00000000e0000000, 0x00000000e5560000)
  from space 21824K,  52% used [0x00000000e6ab0000, 0x00000000e75e6028, 0x00000000e8000000)
  to   space 21824K,   0% used [0x00000000e5560000, 0x00000000e5560000, 0x00000000e6ab0000)
 concurrent mark-sweep generation total 393216K, used 0K [0x00000000e8000000, 0x0000000100000000, 0x0000000100000000)
 Metaspace       used 17822K, capacity 18176K, committed 18304K, reserved 1064960K
  class space    used 2024K, capacity 2164K, committed 2176K, reserved 1048576K
}
2017-02-07T18:07:45.828+0100: 1,984: Total time for which application threads were stopped: 0,0184456 seconds, Stopping threads took: 0,0025831 seconds
2017-02-07T18:07:46.173+0100: 2,329: Total time for which application threads were stopped: 0,0003465 seconds, Stopping threads took: 0,0000414 seconds
{Heap before GC invocations=1 (full 0):
 par new generation   total 109248K, used 98904K [0x00000000e0000000, 0x00000000e8000000, 0x00000000e8000000)
  eden space 87424K, 100% used [0x00000000e0000000, 0x00000000e5560000, 0x00000000e5560000)
  from space 21824K,  52% used [0x00000000e6ab0000, 0x00000000e75e6028, 0x00000000e8000000)
  to   space 21824K,   0% used [0x00000000e5560000, 0x00000000e5560000, 0x00000000e6ab0000)
 concurrent mark-sweep generation total 393216K, used 0K [0x00000000e8000000, 0x0000000100000000, 0x0000000100000000)
 Metaspace       used 20011K, capacity 20366K, committed 20736K, reserved 1067008K
  class space    used 2294K, capacity 2469K, committed 2560K, reserved 1048576K
2017-02-07T18:07:46.206+0100: 2,363: [GC (Allocation Failure) 2017-02-07T18:07:46.207+0100: 2,363: [ParNew
Desired survivor size 20112992 bytes, new threshold 8 (max 8)
- age   1:    4176592 bytes,    4176592 total
- age   2:    6214648 bytes,   10391240 total
: 98904K->14753K(109248K), 0,0103709 secs] 98904K->14753K(502464K), 0,0104436 secs] [Times: user=0,04 sys=0,00, real=0,01 secs] 
Heap after GC invocations=2 (full 0):
 par new generation   total 109248K, used 14753K [0x00000000e0000000, 0x00000000e8000000, 0x00000000e8000000)
  eden space 87424K,   0% used [0x00000000e0000000, 0x00000000e0000000, 0x00000000e5560000)
  from space 21824K,  67% used [0x00000000e5560000, 0x00000000e63c8780, 0x00000000e6ab0000)
  to   space 21824K,   0% used [0x00000000e6ab0000, 0x00000000e6ab0000, 0x00000000e8000000)
 concurrent mark-sweep generation total 393216K, used 0K [0x00000000e8000000, 0x0000000100000000, 0x0000000100000000)
 Metaspace       used 20011K, capacity 20366K, committed 20736K, reserved 1067008K
  class space    used 2294K, capacity 2469K, committed 2560K, reserved 1048576K
}
2017-02-07T18:07:46.217+0100: 2,374: Total time for which application threads were stopped: 0,0109855 seconds, Stopping threads took: 0,0003975 seconds
2017-02-07T18:07:46.218+0100: 2,375: Total time for which application threads were stopped: 0,0003045 seconds, Stopping threads took: 0,0000607 seconds
2017-02-07T18:07:46.272+0100: 2,429: Total time for which application threads were stopped: 0,0004534 seconds, Stopping threads took: 0,0000760 seconds
2017-02-07T18:07:46.415+0100: 2,571: Total time for which application threads were stopped: 0,0002331 seconds, Stopping threads took: 0,0000681 seconds
{Heap before GC invocations=2 (full 0):
 par new generation   total 109248K, used 102177K [0x00000000e0000000, 0x00000000e8000000, 0x00000000e8000000)
  eden space 87424K, 100% used [0x00000000e0000000, 0x00000000e5560000, 0x00000000e5560000)
  from space 21824K,  67% used [0x00000000e5560000, 0x00000000e63c8780, 0x00000000e6ab0000)
  to   space 21824K,   0% used [0x00000000e6ab0000, 0x00000000e6ab0000, 0x00000000e8000000)
 concurrent mark-sweep generation total 393216K, used 0K [0x00000000e8000000, 0x0000000100000000, 0x0000000100000000)
 Metaspace       used 20943K, capacity 21288K, committed 21552K, reserved 1069056K
  class space    used 2419K, capacity 2588K, committed 2608K, reserved 1048576K
2017-02-07T18:07:46.430+0100: 2,586: [GC (Allocation Failure) 2017-02-07T18:07:46.430+0100: 2,586: [ParNew
Desired survivor size 20112992 bytes, new threshold 8 (max 8)
- age   1:    2108680 bytes,    2108680 total
- age   2:    1264272 bytes,    3372952 total
- age   3:    6213040 bytes,    9585992 total
: 102177K->12711K(109248K), 0,0106875 secs] 102177K->12711K(502464K), 0,0107608 secs] [Times: user=0,03 sys=0,00, real=0,01 secs] 
Heap after GC invocations=3 (full 0):
 par new generation   total 109248K, used 12711K [0x00000000e0000000, 0x00000000e8000000, 0x00000000e8000000)
  eden space 87424K,   0% used [0x00000000e0000000, 0x00000000e0000000, 0x00000000e5560000)
  from space 21824K,  58% used [0x00000000e6ab0000, 0x00000000e7719ea0, 0x00000000e8000000)
  to   space 21824K,   0% used [0x00000000e5560000, 0x00000000e5560000, 0x00000000e6ab0000)
 concurrent mark-sweep generation total 393216K, used 0K [0x00000000e8000000, 0x0000000100000000, 0x0000000100000000)
 Metaspace       used 20943K, capacity 21288K, committed 21552K, reserved 1069056K
  class space    used 2419K, capacity 2588K, committed 2608K, reserved 1048576K
}
2017-02-07T18:07:46.440+0100: 2,597: Total time for which application threads were stopped: 0,0130683 seconds, Stopping threads took: 0,0021740 seconds
2017-02-07T18:07:46.446+0100: 2,603: [GC (CMS Initial Mark) [1 CMS-initial-mark: 0K(393216K)] 21689K(502464K), 0,0058768 secs] [Times: user=0,03 sys=0,00, real=0,01 secs] 
2017-02-07T18:07:46.452+0100: 2,609: Total time for which application threads were stopped: 0,0064841 seconds, Stopping threads took: 0,0004891 seconds
2017-02-07T18:07:46.455+0100: 2,612: [CMS-concurrent-mark-start]
2017-02-07T18:07:46.456+0100: 2,613: [CMS-concurrent-mark: 0,001/0,001 secs] [Times: user=0,00 sys=0,00, real=0,00 secs] 
2017-02-07T18:07:46.456+0100: 2,613: [CMS-concurrent-preclean-start]
2017-02-07T18:07:46.457+0100: 2,614: [CMS-concurrent-preclean: 0,001/0,001 secs] [Times: user=0,01 sys=0,00, real=0,00 secs] 
2017-02-07T18:07:46.458+0100: 2,614: [CMS-concurrent-abortable-preclean-start]
{Heap before GC invocations=3 (full 1):
 par new generation   total 109248K, used 100135K [0x00000000e0000000, 0x00000000e8000000, 0x00000000e8000000)
  eden space 87424K, 100% used [0x00000000e0000000, 0x00000000e5560000, 0x00000000e5560000)
  from space 21824K,  58% used [0x00000000e6ab0000, 0x00000000e7719ea0, 0x00000000e8000000)
  to   space 21824K,   0% used [0x00000000e5560000, 0x00000000e5560000, 0x00000000e6ab0000)
 concurrent mark-sweep generation total 393216K, used 0K [0x00000000e8000000, 0x0000000100000000, 0x0000000100000000)
 Metaspace       used 21223K, capacity 21558K, committed 21628K, reserved 1069056K
  class space    used 2447K, capacity 2602K, committed 2608K, reserved 1048576K
2017-02-07T18:07:46.566+0100: 2,723: [GC (Allocation Failure) 2017-02-07T18:07:46.566+0100: 2,723: [ParNew
Desired survivor size 20112992 bytes, new threshold 8 (max 8)
- age   1:    1007824 bytes,    1007824 total
- age   2:    1467904 bytes,    2475728 total
- age   3:    1241128 bytes,    3716856 total
- age   4:    6212944 bytes,    9929800 total
: 100135K->12306K(109248K), 0,0103473 secs] 100135K->12306K(502464K), 0,0104155 secs] [Times: user=0,03 sys=0,00, real=0,01 secs] 
Heap after GC invocations=4 (full 1):
 par new generation   total 109248K, used 12306K [0x00000000e0000000, 0x00000000e8000000, 0x00000000e8000000)
  eden space 87424K,   0% used [0x00000000e0000000, 0x00000000e0000000, 0x00000000e5560000)
  from space 21824K,  56% used [0x00000000e5560000, 0x00000000e6164bd0, 0x00000000e6ab0000)
  to   space 21824K,   0% used [0x00000000e6ab0000, 0x00000000e6ab0000, 0x00000000e8000000)
 concurrent mark-sweep generation total 393216K, used 0K [0x00000000e8000000, 0x0000000100000000, 0x0000000100000000)
 Metaspace       used 21223K, capacity 21558K, committed 21628K, reserved 1069056K
  class space    used 2447K, capacity 2602K, committed 2608K, reserved 1048576K
}
2017-02-07T18:07:46.576+0100: 2,733: Total time for which application threads were stopped: 0,0106064 seconds, Stopping threads took: 0,0000455 seconds
2017-02-07T18:07:46.610+0100: 2,766: Total time for which application threads were stopped: 0,0042498 seconds, Stopping threads took: 0,0041560 seconds
{Heap before GC invocations=4 (full 1):
 par new generation   total 109248K, used 99730K [0x00000000e0000000, 0x00000000e8000000, 0x00000000e8000000)
  eden space 87424K, 100% used [0x00000000e0000000, 0x00000000e5560000, 0x00000000e5560000)
  from space 21824K,  56% used [0x00000000e5560000, 0x00000000e6164bd0, 0x00000000e6ab0000)
  to   space 21824K,   0% used [0x00000000e6ab0000, 0x00000000e6ab0000, 0x00000000e8000000)
 concurrent mark-sweep generation total 393216K, used 0K [0x00000000e8000000, 0x0000000100000000, 0x0000000100000000)
 Metaspace       used 21382K, capacity 21794K, committed 21960K, reserved 1069056K
  class space    used 2466K, capacity 2636K, committed 2736K, reserved 1048576K
2017-02-07T18:07:46.687+0100: 2,844: [GC (Allocation Failure) 2017-02-07T18:07:46.687+0100: 2,844: [ParNew
Desired survivor size 20112992 bytes, new threshold 8 (max 8)
- age   1:    1075304 bytes,    1075304 total
- age   2:     173752 bytes,    1249056 total
- age   3:    1467528 bytes,    2716584 total
- age   4:    1239080 bytes,    3955664 total
- age   5:    6212888 bytes,   10168552 total
: 99730K->14880K(109248K), 0,0120244 secs] 99730K->14880K(502464K), 0,0121239 secs] [Times: user=0,04 sys=0,00, real=0,02 secs] 
Heap after GC invocations=5 (full 1):
 par new generation   total 109248K, used 14880K [0x00000000e0000000, 0x00000000e8000000, 0x00000000e8000000)
  eden space 87424K,   0% used [0x00000000e0000000, 0x00000000e0000000, 0x00000000e5560000)
  from space 21824K,  68% used [0x00000000e6ab0000, 0x00000000e79383a0, 0x00000000e8000000)
  to   space 21824K,   0% used [0x00000000e5560000, 0x00000000e5560000, 0x00000000e6ab0000)
 concurrent mark-sweep generation total 393216K, used 0K [0x00000000e8000000, 0x0000000100000000, 0x0000000100000000)
 Metaspace       used 21382K, capacity 21794K, committed 21960K, reserved 1069056K
  class space    used 2466K, capacity 2636K, committed 2736K, reserved 1048576K
}
2017-02-07T18:07:46.699+0100: 2,856: Total time for which application threads were stopped: 0,0123475 seconds, Stopping threads took: 0,0000510 seconds
2017-02-07T18:07:46.699+0100: 2,856: [CMS-concurrent-abortable-preclean: 0,186/0,241 secs] [Times: user=0,88 sys=0,01, real=0,24 secs] 
2017-02-07T18:07:46.699+0100: 2,856: [GC (CMS Final Remark) [YG occupancy: 15511 K (109248 K)]{Heap before GC invocations=5 (full 1):
 par new generation   total 109248K, used 15511K [0x00000000e0000000, 0x00000000e8000000, 0x00000000e8000000)
  eden space 87424K,   0% used [0x00000000e0000000, 0x00000000e009dad8, 0x00000000e5560000)
  from space 21824K,  68% used [0x00000000e6ab0000, 0x00000000e79383a0, 0x00000000e8000000)
  to   space 21824K,   0% used [0x00000000e5560000, 0x00000000e5560000, 0x00000000e6ab0000)
 concurrent mark-sweep generation total 393216K, used 0K [0x00000000e8000000, 0x0000000100000000, 0x0000000100000000)
 Metaspace       used 21382K, capacity 21794K, committed 21960K, reserved 1069056K
  class space    used 2466K, capacity 2636K, committed 2736K, reserved 1048576K
2017-02-07T18:07:46.699+0100: 2,856: [GC (CMS Final Remark) 2017-02-07T18:07:46.699+0100: 2,856: [ParNew
Desired survivor size 20112992 bytes, new threshold 8 (max 8)
- age   1:      33344 bytes,      33344 total
- age   2:    1039080 bytes,    1072424 total
- age   3:     173752 bytes,    1246176 total
- age   4:    1467656 bytes,    2713832 total
- age   5:    1239080 bytes,    3952912 total
- age   6:    6212992 bytes,   10165904 total
: 15511K->13161K(109248K), 0,0099391 secs] 15511K->13161K(502464K), 0,0099776 secs] [Times: user=0,03 sys=0,00, real=0,00 secs] 
Heap after GC invocations=6 (full 1):
 par new generation   total 109248K, used 13161K [0x00000000e0000000, 0x00000000e8000000, 0x00000000e8000000)
  eden space 87424K,   0% used [0x00000000e0000000, 0x00000000e0000000, 0x00000000e5560000)
  from space 21824K,  60% used [0x00000000e5560000, 0x00000000e623a6a0, 0x00000000e6ab0000)
  to   space 21824K,   0% used [0x00000000e6ab0000, 0x00000000e6ab0000, 0x00000000e8000000)
 concurrent mark-sweep generation total 393216K, used 0K [0x00000000e8000000, 0x0000000100000000, 0x0000000100000000)
 Metaspace       used 21382K, capacity 21794K, committed 21960K, reserved 1069056K
  class space    used 2466K, capacity 2636K, committed 2736K, reserved 1048576K
}
2017-02-07T18:07:46.709+0100: 2,866: [Rescan (parallel) , 0,0035729 secs]2017-02-07T18:07:46.713+0100: 2,870: [weak refs processing, 0,0005116 secs]2017-02-07T18:07:46.713+0100: 2,870: [class unloading, 0,0030067 secs]2017-02-07T18:07:46.716+0100: 2,873: [scrub symbol table, 0,0034188 secs]2017-02-07T18:07:46.720+0100: 2,877: [scrub string table, 0,0004196 secs][1 CMS-remark: 0K(393216K)] 13161K(502464K), 0,0216302 secs] [Times: user=0,06 sys=0,00, real=0,02 secs] 
2017-02-07T18:07:46.721+0100: 2,878: Total time for which application threads were stopped: 0,0217855 seconds, Stopping threads took: 0,0000706 seconds
2017-02-07T18:07:46.722+0100: 2,879: [CMS-concurrent-sweep-start]
2017-02-07T18:07:46.722+0100: 2,879: [CMS-concurrent-sweep: 0,000/0,000 secs] [Times: user=0,00 sys=0,00, real=0,00 secs] 
2017-02-07T18:07:46.722+0100: 2,879: [CMS-concurrent-reset-start]
2017-02-07T18:07:46.724+0100: 2,881: [CMS-concurrent-reset: 0,002/0,002 secs] [Times: user=0,01 sys=0,00, real=0,00 secs] 
2017-02-07T18:07:46.768+0100: 2,924: Total time for which application threads were stopped: 0,0002927 seconds, Stopping threads took: 0,0000138 seconds
2017-02-07T18:07:46.972+0100: 3,129: Total time for which application threads were stopped: 0,0004316 seconds, Stopping threads took: 0,0000344 seconds
2017-02-07T18:07:46.993+0100: 3,150: Total time for which application threads were stopped: 0,0004429 seconds, Stopping threads took: 0,0000352 seconds
2017-02-07T18:07:47.898+0100: 4,055: Total time for which application threads were stopped: 0,0002915 seconds, Stopping threads took: 0,0000191 seconds
2017-02-07T18:07:49.899+0100: 6,055: Total time for which application threads were stopped: 0,0000679 seconds, Stopping threads took: 0,0000190 seconds
2017-02-07T18:08:15.902+0100: 32,059: Total time for which application threads were stopped: 0,0001288 seconds, Stopping threads took: 0,0000231 seconds
2017-02-07T18:10:49.916+0100: 186,073: Total time for which application threads were stopped: 0,0001004 seconds, Stopping threads took: 0,0000380 seconds
2017-02-07T18:12:09.923+0100: 266,080: Total time for which application threads were stopped: 0,0001106 seconds, Stopping threads took: 0,0000484 seconds
2017-02-07T18:12:40.927+0100: 297,083: Total time for which application threads were stopped: 0,0003709 seconds, Stopping threads took: 0,0001548 seconds
2017-02-07T18:22:15.979+0100: 872,136: Total time for which application threads were stopped: 0,0000999 seconds, Stopping threads took: 0,0000446 seconds
2017-02-07T18:31:25.032+0100: 1421,189: Total time for which application threads were stopped: 0,0001341 seconds, Stopping threads took: 0,0000415 seconds
2017-02-07T18:35:55.058+0100: 1691,215: Total time for which application threads were stopped: 0,0000938 seconds, Stopping threads took: 0,0000357 seconds
2017-02-07T18:46:21.124+0100: 2317,281: Total time for which application threads were stopped: 0,0001092 seconds, Stopping threads took: 0,0000345 seconds
2017-02-07T18:46:25.125+0100: 2321,282: Total time for which application threads were stopped: 0,0000826 seconds, Stopping threads took: 0,0000159 seconds
2017-02-07T19:01:01.211+0100: 3197,368: Total time for which application threads were stopped: 0,0000952 seconds, Stopping threads took: 0,0000326 seconds
2017-02-07T19:12:30.286+0100: 3886,443: Total time for which application threads were stopped: 0,0000782 seconds, Stopping threads took: 0,0000277 seconds
2017-02-07T19:14:45.302+0100: 4021,459: Total time for which application threads were stopped: 0,0009279 seconds, Stopping threads took: 0,0002457 seconds
2017-02-07T19:42:06.506+0100: 5662,663: Total time for which application threads were stopped: 0,0001874 seconds, Stopping threads took: 0,0000676 seconds
2017-02-07T19:42:11.507+0100: 5667,664: Total time for which application threads were stopped: 0,0001322 seconds, Stopping threads took: 0,0000295 seconds
2017-02-07T19:43:45.523+0100: 5761,680: Total time for which application threads were stopped: 0,0000803 seconds, Stopping threads took: 0,0000292 seconds
2017-02-07T19:52:51.609+0100: 6307,766: Total time for which application threads were stopped: 0,0000804 seconds, Stopping threads took: 0,0000315 seconds
2017-02-07T20:04:45.695+0100: 7021,852: Total time for which application threads were stopped: 0,0000753 seconds, Stopping threads took: 0,0000258 seconds
2017-02-07T20:09:15.722+0100: 7291,879: Total time for which application threads were stopped: 0,0000924 seconds, Stopping threads took: 0,0000272 seconds
2017-02-07T20:12:15.741+0100: 7471,898: Total time for which application threads were stopped: 0,0005805 seconds, Stopping threads took: 0,0001738 seconds
2017-02-07T20:13:45.751+0100: 7561,907: Total time for which application threads were stopped: 0,0000828 seconds, Stopping threads took: 0,0000325 seconds
2017-02-07T20:15:45.765+0100: 7681,922: Total time for which application threads were stopped: 0,0004182 seconds, Stopping threads took: 0,0001456 seconds
2017-02-07T21:20:16.214+0100: 11552,371: Total time for which application threads were stopped: 0,0001360 seconds, Stopping threads took: 0,0000539 seconds
2017-02-07T22:23:45.646+0100: 15361,803: Total time for which application threads were stopped: 0,0000902 seconds, Stopping threads took: 0,0000327 seconds
2017-02-07T23:27:16.085+0100: 19172,241: Total time for which application threads were stopped: 0,0000721 seconds, Stopping threads took: 0,0000260 seconds
Heap
 par new generation   total 109248K, used 80738K [0x00000000e0000000, 0x00000000e8000000, 0x00000000e8000000)
  eden space 87424K,  77% used [0x00000000e0000000, 0x00000000e41fe1c0, 0x00000000e5560000)
  from space 21824K,  60% used [0x00000000e5560000, 0x00000000e623a6a0, 0x00000000e6ab0000)
  to   space 21824K,   0% used [0x00000000e6ab0000, 0x00000000e6ab0000, 0x00000000e8000000)
 concurrent mark-sweep generation total 393216K, used 0K [0x00000000e8000000, 0x0000000100000000, 0x0000000100000000)
 Metaspace       used 23389K, capacity 23814K, committed 23984K, reserved 1071104K
  class space    used 2694K, capacity 2882K, committed 2992K, reserved 1048576K
