OpenJDK 64-Bit Server VM (25.111-b14) for linux-amd64 JRE (1.8.0_111-8u111-b14-2ubuntu0.16.04.2-b14), built on Oct 27 2016 18:10:19 by "buildd" with gcc 5.4.0 20160609
Memory: 4k page, physical 7867848k(7483404k free), swap 8076284k(8076284k free)
CommandLine flags: -XX:CMSInitiatingOccupancyFraction=50 -XX:CMSMaxAbortablePrecleanTime=6000 -XX:+CMSParallelRemarkEnabled -XX:+CMSScavengeBeforeRemark -XX:ConcGCThreads=4 -XX:InitialHeapSize=536870912 -XX:MaxHeapSize=536870912 -XX:MaxTenuringThreshold=8 -XX:NewRatio=3 -XX:OldPLABSize=16 -XX:OnOutOfMemoryError=/opt/solr/bin/oom_solr.sh 8983 /var/solr/logs -XX:ParallelGCThreads=4 -XX:+ParallelRefProcEnabled -XX:PretenureSizeThreshold=67108864 -XX:+PrintGC -XX:+PrintGCApplicationStoppedTime -XX:+PrintGCDateStamps -XX:+PrintGCDetails -XX:+PrintGCTimeStamps -XX:+PrintHeapAtGC -XX:+PrintTenuringDistribution -XX:SurvivorRatio=4 -XX:TargetSurvivorRatio=90 -XX:ThreadStackSize=256 -XX:+UseCMSInitiatingOccupancyOnly -XX:+UseCompressedClassPointers -XX:+UseCompressedOops -XX:+UseConcMarkSweepGC -XX:+UseParNewGC 
2016-11-18T00:01:50.943+0100: 0,121: Total time for which application threads were stopped: 0,0000698 seconds, Stopping threads took: 0,0000138 seconds
2016-11-18T00:01:51.003+0100: 0,181: Total time for which application threads were stopped: 0,0001029 seconds, Stopping threads took: 0,0000163 seconds
2016-11-18T00:01:51.019+0100: 0,197: Total time for which application threads were stopped: 0,0000878 seconds, Stopping threads took: 0,0000159 seconds
2016-11-18T00:01:51.187+0100: 0,365: Total time for which application threads were stopped: 0,0001660 seconds, Stopping threads took: 0,0000181 seconds
2016-11-18T00:01:51.469+0100: 0,647: Total time for which application threads were stopped: 0,0001283 seconds, Stopping threads took: 0,0000112 seconds
2016-11-18T00:01:51.683+0100: 0,861: Total time for which application threads were stopped: 0,0001954 seconds, Stopping threads took: 0,0000185 seconds
2016-11-18T00:01:51.715+0100: 0,893: Total time for which application threads were stopped: 0,0002739 seconds, Stopping threads took: 0,0000329 seconds
2016-11-18T00:01:52.080+0100: 1,258: Total time for which application threads were stopped: 0,0001763 seconds, Stopping threads took: 0,0000167 seconds
2016-11-18T00:01:52.232+0100: 1,410: Total time for which application threads were stopped: 0,0002001 seconds, Stopping threads took: 0,0000173 seconds
2016-11-18T00:01:52.250+0100: 1,429: Total time for which application threads were stopped: 0,0001936 seconds, Stopping threads took: 0,0000198 seconds
2016-11-18T00:01:52.251+0100: 1,430: Total time for which application threads were stopped: 0,0001617 seconds, Stopping threads took: 0,0000150 seconds
2016-11-18T00:01:52.262+0100: 1,441: Total time for which application threads were stopped: 0,0001733 seconds, Stopping threads took: 0,0000153 seconds
2016-11-18T00:01:52.395+0100: 1,573: Total time for which application threads were stopped: 0,0001870 seconds, Stopping threads took: 0,0000156 seconds
2016-11-18T00:01:52.605+0100: 1,783: Total time for which application threads were stopped: 0,0005636 seconds, Stopping threads took: 0,0000893 seconds
{Heap before GC invocations=0 (full 0):
 par new generation   total 109248K, used 87424K [0x00000000e0000000, 0x00000000e8000000, 0x00000000e8000000)
  eden space 87424K, 100% used [0x00000000e0000000, 0x00000000e5560000, 0x00000000e5560000)
  from space 21824K,   0% used [0x00000000e5560000, 0x00000000e5560000, 0x00000000e6ab0000)
  to   space 21824K,   0% used [0x00000000e6ab0000, 0x00000000e6ab0000, 0x00000000e8000000)
 concurrent mark-sweep generation total 393216K, used 0K [0x00000000e8000000, 0x0000000100000000, 0x0000000100000000)
 Metaspace       used 17810K, capacity 18078K, committed 18304K, reserved 1064960K
  class space    used 2029K, capacity 2130K, committed 2176K, reserved 1048576K
2016-11-18T00:01:52.709+0100: 1,887: [GC (Allocation Failure) 2016-11-18T00:01:52.709+0100: 1,887: [ParNew
Desired survivor size 20112992 bytes, new threshold 8 (max 8)
- age   1:   11664000 bytes,   11664000 total
: 87424K->11500K(109248K), 0,0207738 secs] 87424K->11500K(502464K), 0,0208650 secs] [Times: user=0,04 sys=0,03, real=0,02 secs] 
Heap after GC invocations=1 (full 0):
 par new generation   total 109248K, used 11500K [0x00000000e0000000, 0x00000000e8000000, 0x00000000e8000000)
  eden space 87424K,   0% used [0x00000000e0000000, 0x00000000e0000000, 0x00000000e5560000)
  from space 21824K,  52% used [0x00000000e6ab0000, 0x00000000e75eb3e0, 0x00000000e8000000)
  to   space 21824K,   0% used [0x00000000e5560000, 0x00000000e5560000, 0x00000000e6ab0000)
 concurrent mark-sweep generation total 393216K, used 0K [0x00000000e8000000, 0x0000000100000000, 0x0000000100000000)
 Metaspace       used 17810K, capacity 18078K, committed 18304K, reserved 1064960K
  class space    used 2029K, capacity 2130K, committed 2176K, reserved 1048576K
}
2016-11-18T00:01:52.730+0100: 1,908: Total time for which application threads were stopped: 0,0210605 seconds, Stopping threads took: 0,0000247 seconds
2016-11-18T00:01:53.048+0100: 2,226: Total time for which application threads were stopped: 0,0003291 seconds, Stopping threads took: 0,0000318 seconds
2016-11-18T00:01:53.078+0100: 2,256: Total time for which application threads were stopped: 0,0003375 seconds, Stopping threads took: 0,0000418 seconds
2016-11-18T00:01:53.102+0100: 2,281: Total time for which application threads were stopped: 0,0003413 seconds, Stopping threads took: 0,0000404 seconds
{Heap before GC invocations=1 (full 0):
 par new generation   total 109248K, used 98924K [0x00000000e0000000, 0x00000000e8000000, 0x00000000e8000000)
  eden space 87424K, 100% used [0x00000000e0000000, 0x00000000e5560000, 0x00000000e5560000)
  from space 21824K,  52% used [0x00000000e6ab0000, 0x00000000e75eb3e0, 0x00000000e8000000)
  to   space 21824K,   0% used [0x00000000e5560000, 0x00000000e5560000, 0x00000000e6ab0000)
 concurrent mark-sweep generation total 393216K, used 0K [0x00000000e8000000, 0x0000000100000000, 0x0000000100000000)
 Metaspace       used 20717K, capacity 21074K, committed 21248K, reserved 1069056K
  class space    used 2402K, capacity 2516K, committed 2560K, reserved 1048576K
2016-11-18T00:01:53.277+0100: 2,455: [GC (Allocation Failure) 2016-11-18T00:01:53.277+0100: 2,456: [ParNew
Desired survivor size 20112992 bytes, new threshold 8 (max 8)
- age   1:    3550464 bytes,    3550464 total
- age   2:    5955112 bytes,    9505576 total
: 98924K->14435K(109248K), 0,0267347 secs] 98924K->14435K(502464K), 0,0268326 secs] [Times: user=0,09 sys=0,01, real=0,03 secs] 
Heap after GC invocations=2 (full 0):
 par new generation   total 109248K, used 14435K [0x00000000e0000000, 0x00000000e8000000, 0x00000000e8000000)
  eden space 87424K,   0% used [0x00000000e0000000, 0x00000000e0000000, 0x00000000e5560000)
  from space 21824K,  66% used [0x00000000e5560000, 0x00000000e6378d80, 0x00000000e6ab0000)
  to   space 21824K,   0% used [0x00000000e6ab0000, 0x00000000e6ab0000, 0x00000000e8000000)
 concurrent mark-sweep generation total 393216K, used 0K [0x00000000e8000000, 0x0000000100000000, 0x0000000100000000)
 Metaspace       used 20717K, capacity 21074K, committed 21248K, reserved 1069056K
  class space    used 2402K, capacity 2516K, committed 2560K, reserved 1048576K
}
2016-11-18T00:01:53.304+0100: 2,482: Total time for which application threads were stopped: 0,0271620 seconds, Stopping threads took: 0,0000730 seconds
2016-11-18T00:01:53.386+0100: 2,565: Total time for which application threads were stopped: 0,0000819 seconds, Stopping threads took: 0,0000163 seconds
2016-11-18T00:01:53.418+0100: 2,597: Total time for which application threads were stopped: 0,0000910 seconds, Stopping threads took: 0,0000192 seconds
2016-11-18T00:01:53.419+0100: 2,597: Total time for which application threads were stopped: 0,0002881 seconds, Stopping threads took: 0,0000185 seconds
2016-11-18T00:01:53.444+0100: 2,622: Total time for which application threads were stopped: 0,0000787 seconds, Stopping threads took: 0,0000159 seconds
2016-11-18T00:01:53.540+0100: 2,719: Total time for which application threads were stopped: 0,0001949 seconds, Stopping threads took: 0,0000886 seconds
2016-11-18T00:01:53.564+0100: 2,743: Total time for which application threads were stopped: 0,0001232 seconds, Stopping threads took: 0,0000421 seconds
2016-11-18T00:01:53.565+0100: 2,743: Total time for which application threads were stopped: 0,0000712 seconds, Stopping threads took: 0,0000344 seconds
2016-11-18T00:01:53.574+0100: 2,752: Total time for which application threads were stopped: 0,0002831 seconds, Stopping threads took: 0,0000189 seconds
2016-11-18T00:01:53.583+0100: 2,761: Total time for which application threads were stopped: 0,0006201 seconds, Stopping threads took: 0,0000259 seconds
2016-11-18T00:01:53.591+0100: 2,769: Total time for which application threads were stopped: 0,0000984 seconds, Stopping threads took: 0,0000284 seconds
2016-11-18T00:01:53.621+0100: 2,800: Total time for which application threads were stopped: 0,0000889 seconds, Stopping threads took: 0,0000182 seconds
2016-11-18T00:01:53.645+0100: 2,823: Total time for which application threads were stopped: 0,0001088 seconds, Stopping threads took: 0,0000157 seconds
2016-11-18T00:01:53.668+0100: 2,847: Total time for which application threads were stopped: 0,0000778 seconds, Stopping threads took: 0,0000137 seconds
2016-11-18T00:01:53.692+0100: 2,870: Total time for which application threads were stopped: 0,0001062 seconds, Stopping threads took: 0,0000204 seconds
2016-11-18T00:01:53.721+0100: 2,899: Total time for which application threads were stopped: 0,0000788 seconds, Stopping threads took: 0,0000209 seconds
2016-11-18T00:01:53.796+0100: 2,974: Total time for which application threads were stopped: 0,0001122 seconds, Stopping threads took: 0,0000291 seconds
{Heap before GC invocations=2 (full 0):
 par new generation   total 109248K, used 101859K [0x00000000e0000000, 0x00000000e8000000, 0x00000000e8000000)
  eden space 87424K, 100% used [0x00000000e0000000, 0x00000000e5560000, 0x00000000e5560000)
  from space 21824K,  66% used [0x00000000e5560000, 0x00000000e6378d80, 0x00000000e6ab0000)
  to   space 21824K,   0% used [0x00000000e6ab0000, 0x00000000e6ab0000, 0x00000000e8000000)
 concurrent mark-sweep generation total 393216K, used 0K [0x00000000e8000000, 0x0000000100000000, 0x0000000100000000)
 Metaspace       used 24610K, capacity 25029K, committed 25280K, reserved 1071104K
  class space    used 2877K, capacity 3025K, committed 3144K, reserved 1048576K
2016-11-18T00:01:53.815+0100: 2,993: [GC (Allocation Failure) 2016-11-18T00:01:53.815+0100: 2,994: [ParNew
Desired survivor size 20112992 bytes, new threshold 8 (max 8)
- age   1:    4623504 bytes,    4623504 total
- age   2:     680632 bytes,    5304136 total
- age   3:    5948408 bytes,   11252544 total
: 101859K->13406K(109248K), 0,0097815 secs] 101859K->13406K(502464K), 0,0098581 secs] [Times: user=0,04 sys=0,00, real=0,01 secs] 
Heap after GC invocations=3 (full 0):
 par new generation   total 109248K, used 13406K [0x00000000e0000000, 0x00000000e8000000, 0x00000000e8000000)
  eden space 87424K,   0% used [0x00000000e0000000, 0x00000000e0000000, 0x00000000e5560000)
  from space 21824K,  61% used [0x00000000e6ab0000, 0x00000000e77c79d0, 0x00000000e8000000)
  to   space 21824K,   0% used [0x00000000e5560000, 0x00000000e5560000, 0x00000000e6ab0000)
 concurrent mark-sweep generation total 393216K, used 0K [0x00000000e8000000, 0x0000000100000000, 0x0000000100000000)
 Metaspace       used 24610K, capacity 25029K, committed 25280K, reserved 1071104K
  class space    used 2877K, capacity 3025K, committed 3144K, reserved 1048576K
}
2016-11-18T00:01:53.825+0100: 3,003: Total time for which application threads were stopped: 0,0100606 seconds, Stopping threads took: 0,0000596 seconds
2016-11-18T00:01:53.825+0100: 3,004: [GC (CMS Initial Mark) [1 CMS-initial-mark: 0K(393216K)] 14783K(502464K), 0,0026687 secs] [Times: user=0,01 sys=0,00, real=0,01 secs] 
2016-11-18T00:01:53.828+0100: 3,006: Total time for which application threads were stopped: 0,0028194 seconds, Stopping threads took: 0,0000439 seconds
2016-11-18T00:01:53.828+0100: 3,006: [CMS-concurrent-mark-start]
2016-11-18T00:01:53.828+0100: 3,007: [CMS-concurrent-mark: 0,000/0,000 secs] [Times: user=0,00 sys=0,00, real=0,00 secs] 
2016-11-18T00:01:53.828+0100: 3,007: [CMS-concurrent-preclean-start]
2016-11-18T00:01:53.829+0100: 3,008: [CMS-concurrent-preclean: 0,001/0,001 secs] [Times: user=0,00 sys=0,00, real=0,00 secs] 
2016-11-18T00:01:53.829+0100: 3,008: [GC (CMS Final Remark) [YG occupancy: 15220 K (109248 K)]{Heap before GC invocations=3 (full 1):
 par new generation   total 109248K, used 15220K [0x00000000e0000000, 0x00000000e8000000, 0x00000000e8000000)
  eden space 87424K,   2% used [0x00000000e0000000, 0x00000000e01c5928, 0x00000000e5560000)
  from space 21824K,  61% used [0x00000000e6ab0000, 0x00000000e77c79d0, 0x00000000e8000000)
  to   space 21824K,   0% used [0x00000000e5560000, 0x00000000e5560000, 0x00000000e6ab0000)
 concurrent mark-sweep generation total 393216K, used 0K [0x00000000e8000000, 0x0000000100000000, 0x0000000100000000)
 Metaspace       used 24611K, capacity 25029K, committed 25280K, reserved 1071104K
  class space    used 2877K, capacity 3025K, committed 3144K, reserved 1048576K
2016-11-18T00:01:53.829+0100: 3,008: [GC (CMS Final Remark) 2016-11-18T00:01:53.829+0100: 3,008: [ParNew
Desired survivor size 20112992 bytes, new threshold 8 (max 8)
- age   1:       8896 bytes,       8896 total
- age   2:    1237112 bytes,    1246008 total
- age   3:     670888 bytes,    1916896 total
- age   4:    5947096 bytes,    7863992 total
: 15220K->11591K(109248K), 0,0081028 secs] 15220K->11591K(502464K), 0,0081412 secs] [Times: user=0,03 sys=0,00, real=0,00 secs] 
Heap after GC invocations=4 (full 1):
 par new generation   total 109248K, used 11591K [0x00000000e0000000, 0x00000000e8000000, 0x00000000e8000000)
  eden space 87424K,   0% used [0x00000000e0000000, 0x00000000e0000000, 0x00000000e5560000)
  from space 21824K,  53% used [0x00000000e5560000, 0x00000000e60b1c60, 0x00000000e6ab0000)
  to   space 21824K,   0% used [0x00000000e6ab0000, 0x00000000e6ab0000, 0x00000000e8000000)
 concurrent mark-sweep generation total 393216K, used 0K [0x00000000e8000000, 0x0000000100000000, 0x0000000100000000)
 Metaspace       used 24611K, capacity 25029K, committed 25280K, reserved 1071104K
  class space    used 2877K, capacity 3025K, committed 3144K, reserved 1048576K
}
2016-11-18T00:01:53.838+0100: 3,016: [Rescan (parallel) , 0,0033012 secs]2016-11-18T00:01:53.841+0100: 3,019: [weak refs processing, 0,0005335 secs]2016-11-18T00:01:53.842+0100: 3,020: [class unloading, 0,0031280 secs]2016-11-18T00:01:53.845+0100: 3,023: [scrub symbol table, 0,0041400 secs]2016-11-18T00:01:53.849+0100: 3,027: [scrub string table, 0,0003844 secs][1 CMS-remark: 0K(393216K)] 11591K(502464K), 0,0203769 secs] [Times: user=0,05 sys=0,00, real=0,02 secs] 
2016-11-18T00:01:53.850+0100: 3,028: Total time for which application threads were stopped: 0,0204902 seconds, Stopping threads took: 0,0000343 seconds
2016-11-18T00:01:53.850+0100: 3,028: [CMS-concurrent-sweep-start]
2016-11-18T00:01:53.850+0100: 3,028: [CMS-concurrent-sweep: 0,000/0,000 secs] [Times: user=0,00 sys=0,00, real=0,00 secs] 
2016-11-18T00:01:53.850+0100: 3,028: [CMS-concurrent-reset-start]
2016-11-18T00:01:53.852+0100: 3,030: [CMS-concurrent-reset: 0,002/0,002 secs] [Times: user=0,01 sys=0,00, real=0,00 secs] 
2016-11-18T00:01:53.937+0100: 3,115: Total time for which application threads were stopped: 0,0003368 seconds, Stopping threads took: 0,0000216 seconds
2016-11-18T00:01:54.874+0100: 4,052: Total time for which application threads were stopped: 0,0002635 seconds, Stopping threads took: 0,0000206 seconds
2016-11-18T00:02:22.878+0100: 32,056: Total time for which application threads were stopped: 0,0000699 seconds, Stopping threads took: 0,0000178 seconds
2016-11-18T00:04:32.895+0100: 162,073: Total time for which application threads were stopped: 0,0006567 seconds, Stopping threads took: 0,0002375 seconds
2016-11-18T00:04:37.896+0100: 167,074: Total time for which application threads were stopped: 0,0000754 seconds, Stopping threads took: 0,0000184 seconds
2016-11-18T00:04:51.897+0100: 181,075: Total time for which application threads were stopped: 0,0000741 seconds, Stopping threads took: 0,0000187 seconds
2016-11-18T00:05:47.904+0100: 237,082: Total time for which application threads were stopped: 0,0000807 seconds, Stopping threads took: 0,0000325 seconds
2016-11-18T00:06:06.905+0100: 256,084: Total time for which application threads were stopped: 0,0000951 seconds, Stopping threads took: 0,0000365 seconds
2016-11-18T00:06:16.907+0100: 266,085: Total time for which application threads were stopped: 0,0002849 seconds, Stopping threads took: 0,0000836 seconds
2016-11-18T00:06:21.907+0100: 271,086: Total time for which application threads were stopped: 0,0004207 seconds, Stopping threads took: 0,0000950 seconds
2016-11-18T00:06:26.908+0100: 276,086: Total time for which application threads were stopped: 0,0000770 seconds, Stopping threads took: 0,0000313 seconds
2016-11-18T00:06:32.909+0100: 282,087: Total time for which application threads were stopped: 0,0000644 seconds, Stopping threads took: 0,0000158 seconds
2016-11-18T00:06:37.909+0100: 287,087: Total time for which application threads were stopped: 0,0000628 seconds, Stopping threads took: 0,0000165 seconds
2016-11-18T00:07:26.914+0100: 336,092: Total time for which application threads were stopped: 0,0000867 seconds, Stopping threads took: 0,0000350 seconds
2016-11-18T00:25:32.027+0100: 1421,205: Total time for which application threads were stopped: 0,0000998 seconds, Stopping threads took: 0,0000322 seconds
2016-11-18T00:30:27.059+0100: 1716,238: Total time for which application threads were stopped: 0,0000801 seconds, Stopping threads took: 0,0000332 seconds
2016-11-18T00:40:32.128+0100: 2321,306: Total time for which application threads were stopped: 0,0000818 seconds, Stopping threads took: 0,0000282 seconds
2016-11-18T00:40:33.128+0100: 2322,306: Total time for which application threads were stopped: 0,0000790 seconds, Stopping threads took: 0,0000295 seconds
2016-11-18T00:43:03.145+0100: 2472,323: Total time for which application threads were stopped: 0,0000777 seconds, Stopping threads took: 0,0000306 seconds
2016-11-18T00:55:08.230+0100: 3197,408: Total time for which application threads were stopped: 0,0000741 seconds, Stopping threads took: 0,0000281 seconds
2016-11-18T00:55:42.882+0100: 3232,061: Total time for which application threads were stopped: 0,0001710 seconds, Stopping threads took: 0,0000322 seconds
Heap
 par new generation   total 109248K, used 56063K [0x00000000e0000000, 0x00000000e8000000, 0x00000000e8000000)
  eden space 87424K,  50% used [0x00000000e0000000, 0x00000000e2b6e2d0, 0x00000000e5560000)
  from space 21824K,  53% used [0x00000000e5560000, 0x00000000e60b1c60, 0x00000000e6ab0000)
  to   space 21824K,   0% used [0x00000000e6ab0000, 0x00000000e6ab0000, 0x00000000e8000000)
 concurrent mark-sweep generation total 393216K, used 0K [0x00000000e8000000, 0x0000000100000000, 0x0000000100000000)
 Metaspace       used 27175K, capacity 27595K, committed 27976K, reserved 1073152K
  class space    used 3161K, capacity 3320K, committed 3400K, reserved 1048576K
