OpenJDK 64-Bit Server VM (25.111-b14) for linux-amd64 JRE (1.8.0_111-8u111-b14-2ubuntu0.16.04.2-b14), built on Oct 27 2016 18:10:19 by "buildd" with gcc 5.4.0 20160609
Memory: 4k page, physical 7867876k(7467204k free), swap 8076284k(8076284k free)
CommandLine flags: -XX:CMSInitiatingOccupancyFraction=50 -XX:CMSMaxAbortablePrecleanTime=6000 -XX:+CMSParallelRemarkEnabled -XX:+CMSScavengeBeforeRemark -XX:ConcGCThreads=4 -XX:InitialHeapSize=536870912 -XX:MaxHeapSize=536870912 -XX:MaxTenuringThreshold=8 -XX:NewRatio=3 -XX:OldPLABSize=16 -XX:OnOutOfMemoryError=/opt/solr/bin/oom_solr.sh 8983 /var/solr/logs -XX:ParallelGCThreads=4 -XX:+ParallelRefProcEnabled -XX:PretenureSizeThreshold=67108864 -XX:+PrintGC -XX:+PrintGCApplicationStoppedTime -XX:+PrintGCDateStamps -XX:+PrintGCDetails -XX:+PrintGCTimeStamps -XX:+PrintHeapAtGC -XX:+PrintTenuringDistribution -XX:SurvivorRatio=4 -XX:TargetSurvivorRatio=90 -XX:ThreadStackSize=256 -XX:+UseCMSInitiatingOccupancyOnly -XX:+UseCompressedClassPointers -XX:+UseCompressedOops -XX:+UseConcMarkSweepGC -XX:+UseParNewGC 
2016-11-10T09:09:54.658+0100: 0,107: Total time for which application threads were stopped: 0,0000690 seconds, Stopping threads took: 0,0000133 seconds
2016-11-10T09:09:54.731+0100: 0,180: Total time for which application threads were stopped: 0,0001093 seconds, Stopping threads took: 0,0000166 seconds
2016-11-10T09:09:54.744+0100: 0,193: Total time for which application threads were stopped: 0,0000775 seconds, Stopping threads took: 0,0000107 seconds
2016-11-10T09:09:55.064+0100: 0,512: Total time for which application threads were stopped: 0,0001427 seconds, Stopping threads took: 0,0000103 seconds
2016-11-10T09:09:55.113+0100: 0,562: Total time for which application threads were stopped: 0,0001598 seconds, Stopping threads took: 0,0000230 seconds
2016-11-10T09:09:55.133+0100: 0,582: Total time for which application threads were stopped: 0,0001508 seconds, Stopping threads took: 0,0000204 seconds
2016-11-10T09:09:55.368+0100: 0,817: Total time for which application threads were stopped: 0,0001726 seconds, Stopping threads took: 0,0000184 seconds
2016-11-10T09:09:55.814+0100: 1,263: Total time for which application threads were stopped: 0,0002503 seconds, Stopping threads took: 0,0000152 seconds
2016-11-10T09:09:55.879+0100: 1,328: Total time for which application threads were stopped: 0,0002416 seconds, Stopping threads took: 0,0000253 seconds
2016-11-10T09:09:55.883+0100: 1,332: Total time for which application threads were stopped: 0,0002352 seconds, Stopping threads took: 0,0000256 seconds
2016-11-10T09:09:55.907+0100: 1,356: Total time for which application threads were stopped: 0,0001912 seconds, Stopping threads took: 0,0000161 seconds
2016-11-10T09:09:55.982+0100: 1,430: Total time for which application threads were stopped: 0,0002277 seconds, Stopping threads took: 0,0000197 seconds
2016-11-10T09:09:56.226+0100: 1,675: Total time for which application threads were stopped: 0,0011149 seconds, Stopping threads took: 0,0001408 seconds
2016-11-10T09:09:56.414+0100: 1,862: Total time for which application threads were stopped: 0,0006251 seconds, Stopping threads took: 0,0002087 seconds
{Heap before GC invocations=0 (full 0):
 par new generation   total 109248K, used 87431K [0x00000000e0000000, 0x00000000e8000000, 0x00000000e8000000)
  eden space 87424K, 100% used [0x00000000e0000000, 0x00000000e5560000, 0x00000000e5560000)
  from space 21824K,   0% used [0x00000000e5560000, 0x00000000e5561c10, 0x00000000e6ab0000)
  to   space 21824K,   0% used [0x00000000e6ab0000, 0x00000000e6ab0000, 0x00000000e8000000)
 concurrent mark-sweep generation total 393216K, used 0K [0x00000000e8000000, 0x0000000100000000, 0x0000000100000000)
 Metaspace       used 18030K, capacity 18366K, committed 18560K, reserved 1064960K
  class space    used 2044K, capacity 2162K, committed 2176K, reserved 1048576K
2016-11-10T09:09:56.418+0100: 1,866: [GC (GCLocker Initiated GC) 2016-11-10T09:09:56.418+0100: 1,866: [ParNew
Desired survivor size 20112992 bytes, new threshold 8 (max 8)
- age   1:   12852248 bytes,   12852248 total
: 87431K->12659K(109248K), 0,0268284 secs] 87431K->12659K(502464K), 0,0269247 secs] [Times: user=0,05 sys=0,03, real=0,03 secs] 
Heap after GC invocations=1 (full 0):
 par new generation   total 109248K, used 12659K [0x00000000e0000000, 0x00000000e8000000, 0x00000000e8000000)
  eden space 87424K,   0% used [0x00000000e0000000, 0x00000000e0000000, 0x00000000e5560000)
  from space 21824K,  58% used [0x00000000e6ab0000, 0x00000000e770ce90, 0x00000000e8000000)
  to   space 21824K,   0% used [0x00000000e5560000, 0x00000000e5560000, 0x00000000e6ab0000)
 concurrent mark-sweep generation total 393216K, used 0K [0x00000000e8000000, 0x0000000100000000, 0x0000000100000000)
 Metaspace       used 18030K, capacity 18366K, committed 18560K, reserved 1064960K
  class space    used 2044K, capacity 2162K, committed 2176K, reserved 1048576K
}
2016-11-10T09:09:56.444+0100: 1,893: Total time for which application threads were stopped: 0,0270481 seconds, Stopping threads took: 0,0000160 seconds
2016-11-10T09:09:56.760+0100: 2,208: Total time for which application threads were stopped: 0,0020841 seconds, Stopping threads took: 0,0012498 seconds
2016-11-10T09:09:56.814+0100: 2,263: Total time for which application threads were stopped: 0,0004369 seconds, Stopping threads took: 0,0000646 seconds
2016-11-10T09:09:56.852+0100: 2,301: Total time for which application threads were stopped: 0,0003220 seconds, Stopping threads took: 0,0000632 seconds
{Heap before GC invocations=1 (full 0):
 par new generation   total 109248K, used 100083K [0x00000000e0000000, 0x00000000e8000000, 0x00000000e8000000)
  eden space 87424K, 100% used [0x00000000e0000000, 0x00000000e5560000, 0x00000000e5560000)
  from space 21824K,  58% used [0x00000000e6ab0000, 0x00000000e770ce90, 0x00000000e8000000)
  to   space 21824K,   0% used [0x00000000e5560000, 0x00000000e5560000, 0x00000000e6ab0000)
 concurrent mark-sweep generation total 393216K, used 0K [0x00000000e8000000, 0x0000000100000000, 0x0000000100000000)
 Metaspace       used 20442K, capacity 20732K, committed 20992K, reserved 1067008K
  class space    used 2362K, capacity 2489K, committed 2560K, reserved 1048576K
2016-11-10T09:09:56.949+0100: 2,398: [GC (Allocation Failure) 2016-11-10T09:09:56.949+0100: 2,398: [ParNew
Desired survivor size 20112992 bytes, new threshold 8 (max 8)
- age   1:    3525632 bytes,    3525632 total
- age   2:    6553704 bytes,   10079336 total
: 100083K->13711K(109248K), 0,0152088 secs] 100083K->13711K(502464K), 0,0152831 secs] [Times: user=0,04 sys=0,00, real=0,01 secs] 
Heap after GC invocations=2 (full 0):
 par new generation   total 109248K, used 13711K [0x00000000e0000000, 0x00000000e8000000, 0x00000000e8000000)
  eden space 87424K,   0% used [0x00000000e0000000, 0x00000000e0000000, 0x00000000e5560000)
  from space 21824K,  62% used [0x00000000e5560000, 0x00000000e62c3f30, 0x00000000e6ab0000)
  to   space 21824K,   0% used [0x00000000e6ab0000, 0x00000000e6ab0000, 0x00000000e8000000)
 concurrent mark-sweep generation total 393216K, used 0K [0x00000000e8000000, 0x0000000100000000, 0x0000000100000000)
 Metaspace       used 20442K, capacity 20732K, committed 20992K, reserved 1067008K
  class space    used 2362K, capacity 2489K, committed 2560K, reserved 1048576K
}
2016-11-10T09:09:56.965+0100: 2,414: Total time for which application threads were stopped: 0,0155147 seconds, Stopping threads took: 0,0000441 seconds
2016-11-10T09:09:57.066+0100: 2,515: Total time for which application threads were stopped: 0,0001711 seconds, Stopping threads took: 0,0000898 seconds
{Heap before GC invocations=2 (full 0):
 par new generation   total 109248K, used 101135K [0x00000000e0000000, 0x00000000e8000000, 0x00000000e8000000)
  eden space 87424K, 100% used [0x00000000e0000000, 0x00000000e5560000, 0x00000000e5560000)
  from space 21824K,  62% used [0x00000000e5560000, 0x00000000e62c3f30, 0x00000000e6ab0000)
  to   space 21824K,   0% used [0x00000000e6ab0000, 0x00000000e6ab0000, 0x00000000e8000000)
 concurrent mark-sweep generation total 393216K, used 0K [0x00000000e8000000, 0x0000000100000000, 0x0000000100000000)
 Metaspace       used 20871K, capacity 21210K, committed 21504K, reserved 1069056K
  class space    used 2414K, capacity 2532K, committed 2560K, reserved 1048576K
2016-11-10T09:09:57.093+0100: 2,542: [GC (Allocation Failure) 2016-11-10T09:09:57.093+0100: 2,542: [ParNew
Desired survivor size 20112992 bytes, new threshold 8 (max 8)
- age   1:     799440 bytes,     799440 total
- age   2:    1397496 bytes,    2196936 total
- age   3:    6461592 bytes,    8658528 total
: 101135K->9887K(109248K), 0,0093847 secs] 101135K->9887K(502464K), 0,0094724 secs] [Times: user=0,03 sys=0,00, real=0,01 secs] 
Heap after GC invocations=3 (full 0):
 par new generation   total 109248K, used 9887K [0x00000000e0000000, 0x00000000e8000000, 0x00000000e8000000)
  eden space 87424K,   0% used [0x00000000e0000000, 0x00000000e0000000, 0x00000000e5560000)
  from space 21824K,  45% used [0x00000000e6ab0000, 0x00000000e7457d20, 0x00000000e8000000)
  to   space 21824K,   0% used [0x00000000e5560000, 0x00000000e5560000, 0x00000000e6ab0000)
 concurrent mark-sweep generation total 393216K, used 0K [0x00000000e8000000, 0x0000000100000000, 0x0000000100000000)
 Metaspace       used 20871K, capacity 21210K, committed 21504K, reserved 1069056K
  class space    used 2414K, capacity 2532K, committed 2560K, reserved 1048576K
}
2016-11-10T09:09:57.103+0100: 2,552: Total time for which application threads were stopped: 0,0097081 seconds, Stopping threads took: 0,0000836 seconds
2016-11-10T09:09:57.103+0100: 2,552: [GC (CMS Initial Mark) [1 CMS-initial-mark: 0K(393216K)] 9903K(502464K), 0,0035572 secs] [Times: user=0,02 sys=0,00, real=0,00 secs] 
2016-11-10T09:09:57.107+0100: 2,556: Total time for which application threads were stopped: 0,0038458 seconds, Stopping threads took: 0,0001772 seconds
2016-11-10T09:09:57.107+0100: 2,556: [CMS-concurrent-mark-start]
2016-11-10T09:09:57.108+0100: 2,556: [CMS-concurrent-mark: 0,001/0,001 secs] [Times: user=0,00 sys=0,00, real=0,01 secs] 
2016-11-10T09:09:57.108+0100: 2,556: [CMS-concurrent-preclean-start]
2016-11-10T09:09:57.109+0100: 2,558: [CMS-concurrent-preclean: 0,001/0,001 secs] [Times: user=0,00 sys=0,00, real=0,00 secs] 
2016-11-10T09:09:57.109+0100: 2,558: [GC (CMS Final Remark) [YG occupancy: 10834 K (109248 K)]{Heap before GC invocations=3 (full 1):
 par new generation   total 109248K, used 10834K [0x00000000e0000000, 0x00000000e8000000, 0x00000000e8000000)
  eden space 87424K,   1% used [0x00000000e0000000, 0x00000000e00ecd18, 0x00000000e5560000)
  from space 21824K,  45% used [0x00000000e6ab0000, 0x00000000e7457d20, 0x00000000e8000000)
  to   space 21824K,   0% used [0x00000000e5560000, 0x00000000e5560000, 0x00000000e6ab0000)
 concurrent mark-sweep generation total 393216K, used 0K [0x00000000e8000000, 0x0000000100000000, 0x0000000100000000)
 Metaspace       used 20873K, capacity 21210K, committed 21504K, reserved 1069056K
  class space    used 2414K, capacity 2532K, committed 2560K, reserved 1048576K
2016-11-10T09:09:57.109+0100: 2,558: [GC (CMS Final Remark) 2016-11-10T09:09:57.109+0100: 2,558: [ParNew
Desired survivor size 20112992 bytes, new threshold 8 (max 8)
- age   1:     333224 bytes,     333224 total
- age   2:     507272 bytes,     840496 total
- age   3:    1397480 bytes,    2237976 total
- age   4:    6461792 bytes,    8699768 total
: 10834K->13569K(109248K), 0,0103780 secs] 10834K->13569K(502464K), 0,0104236 secs] [Times: user=0,04 sys=0,00, real=0,01 secs] 
Heap after GC invocations=4 (full 1):
 par new generation   total 109248K, used 13569K [0x00000000e0000000, 0x00000000e8000000, 0x00000000e8000000)
  eden space 87424K,   0% used [0x00000000e0000000, 0x00000000e0000000, 0x00000000e5560000)
  from space 21824K,  62% used [0x00000000e5560000, 0x00000000e62a0750, 0x00000000e6ab0000)
  to   space 21824K,   0% used [0x00000000e6ab0000, 0x00000000e6ab0000, 0x00000000e8000000)
 concurrent mark-sweep generation total 393216K, used 0K [0x00000000e8000000, 0x0000000100000000, 0x0000000100000000)
 Metaspace       used 20873K, capacity 21210K, committed 21504K, reserved 1069056K
  class space    used 2414K, capacity 2532K, committed 2560K, reserved 1048576K
}
2016-11-10T09:09:57.120+0100: 2,568: [Rescan (parallel) , 0,0029304 secs]2016-11-10T09:09:57.123+0100: 2,571: [weak refs processing, 0,0006595 secs]2016-11-10T09:09:57.123+0100: 2,572: [class unloading, 0,0026765 secs]2016-11-10T09:09:57.126+0100: 2,575: [scrub symbol table, 0,0025348 secs]2016-11-10T09:09:57.128+0100: 2,577: [scrub string table, 0,0003559 secs][1 CMS-remark: 0K(393216K)] 13569K(502464K), 0,0202013 secs] [Times: user=0,06 sys=0,00, real=0,02 secs] 
2016-11-10T09:09:57.129+0100: 2,578: Total time for which application threads were stopped: 0,0203146 seconds, Stopping threads took: 0,0000297 seconds
2016-11-10T09:09:57.129+0100: 2,578: [CMS-concurrent-sweep-start]
2016-11-10T09:09:57.129+0100: 2,578: [CMS-concurrent-sweep: 0,000/0,000 secs] [Times: user=0,00 sys=0,00, real=0,00 secs] 
2016-11-10T09:09:57.129+0100: 2,578: [CMS-concurrent-reset-start]
2016-11-10T09:09:57.132+0100: 2,581: [CMS-concurrent-reset: 0,003/0,003 secs] [Times: user=0,00 sys=0,00, real=0,00 secs] 
2016-11-10T09:09:57.219+0100: 2,668: Total time for which application threads were stopped: 0,0003421 seconds, Stopping threads took: 0,0000200 seconds
2016-11-10T09:09:57.360+0100: 2,809: Total time for which application threads were stopped: 0,0003633 seconds, Stopping threads took: 0,0000242 seconds
2016-11-10T09:09:57.374+0100: 2,823: Total time for which application threads were stopped: 0,0003981 seconds, Stopping threads took: 0,0000650 seconds
{Heap before GC invocations=4 (full 1):
 par new generation   total 109248K, used 100993K [0x00000000e0000000, 0x00000000e8000000, 0x00000000e8000000)
  eden space 87424K, 100% used [0x00000000e0000000, 0x00000000e5560000, 0x00000000e5560000)
  from space 21824K,  62% used [0x00000000e5560000, 0x00000000e62a0750, 0x00000000e6ab0000)
  to   space 21824K,   0% used [0x00000000e6ab0000, 0x00000000e6ab0000, 0x00000000e8000000)
 concurrent mark-sweep generation total 393216K, used 0K [0x00000000e8000000, 0x0000000100000000, 0x0000000100000000)
 Metaspace       used 23127K, capacity 23476K, committed 23680K, reserved 1071104K
  class space    used 2706K, capacity 2841K, committed 2944K, reserved 1048576K
2016-11-10T09:09:57.437+0100: 2,886: [GC (Allocation Failure) 2016-11-10T09:09:57.437+0100: 2,886: [ParNew
Desired survivor size 20112992 bytes, new threshold 8 (max 8)
- age   1:    2926792 bytes,    2926792 total
- age   2:       2160 bytes,    2928952 total
- age   3:     179408 bytes,    3108360 total
- age   4:     602736 bytes,    3711096 total
- age   5:    6456128 bytes,   10167224 total
: 100993K->12187K(109248K), 0,0120716 secs] 100993K->12187K(502464K), 0,0121605 secs] [Times: user=0,04 sys=0,00, real=0,02 secs] 
Heap after GC invocations=5 (full 1):
 par new generation   total 109248K, used 12187K [0x00000000e0000000, 0x00000000e8000000, 0x00000000e8000000)
  eden space 87424K,   0% used [0x00000000e0000000, 0x00000000e0000000, 0x00000000e5560000)
  from space 21824K,  55% used [0x00000000e6ab0000, 0x00000000e7696da0, 0x00000000e8000000)
  to   space 21824K,   0% used [0x00000000e5560000, 0x00000000e5560000, 0x00000000e6ab0000)
 concurrent mark-sweep generation total 393216K, used 0K [0x00000000e8000000, 0x0000000100000000, 0x0000000100000000)
 Metaspace       used 23127K, capacity 23476K, committed 23680K, reserved 1071104K
  class space    used 2706K, capacity 2841K, committed 2944K, reserved 1048576K
}
2016-11-10T09:09:57.449+0100: 2,898: Total time for which application threads were stopped: 0,0123902 seconds, Stopping threads took: 0,0000490 seconds
2016-11-10T09:09:57.681+0100: 3,130: Total time for which application threads were stopped: 0,0003700 seconds, Stopping threads took: 0,0000215 seconds
2016-11-10T09:09:58.596+0100: 4,045: Total time for which application threads were stopped: 0,0003111 seconds, Stopping threads took: 0,0000166 seconds
2016-11-10T09:10:25.599+0100: 31,048: Total time for which application threads were stopped: 0,0000833 seconds, Stopping threads took: 0,0000205 seconds
2016-11-10T09:10:50.603+0100: 56,052: Total time for which application threads were stopped: 0,0001457 seconds, Stopping threads took: 0,0000540 seconds
2016-11-10T09:11:05.605+0100: 71,054: Total time for which application threads were stopped: 0,0000667 seconds, Stopping threads took: 0,0000209 seconds
2016-11-10T09:11:15.606+0100: 81,055: Total time for which application threads were stopped: 0,0001480 seconds, Stopping threads took: 0,0000368 seconds
2016-11-10T09:11:20.607+0100: 86,056: Total time for which application threads were stopped: 0,0001141 seconds, Stopping threads took: 0,0000286 seconds
2016-11-10T09:11:45.610+0100: 111,059: Total time for which application threads were stopped: 0,0001518 seconds, Stopping threads took: 0,0000627 seconds
2016-11-10T09:12:20.615+0100: 146,063: Total time for which application threads were stopped: 0,0000868 seconds, Stopping threads took: 0,0000373 seconds
2016-11-10T09:12:26.615+0100: 152,064: Total time for which application threads were stopped: 0,0000908 seconds, Stopping threads took: 0,0000189 seconds
2016-11-10T09:12:31.616+0100: 157,065: Total time for which application threads were stopped: 0,0000770 seconds, Stopping threads took: 0,0000322 seconds
2016-11-10T09:12:55.619+0100: 181,067: Total time for which application threads were stopped: 0,0000653 seconds, Stopping threads took: 0,0000155 seconds
2016-11-10T09:13:31.623+0100: 217,072: Total time for which application threads were stopped: 0,0001018 seconds, Stopping threads took: 0,0000316 seconds
2016-11-10T09:14:15.628+0100: 261,077: Total time for which application threads were stopped: 0,0000815 seconds, Stopping threads took: 0,0000334 seconds
2016-11-10T09:14:41.631+0100: 287,080: Total time for which application threads were stopped: 0,0000802 seconds, Stopping threads took: 0,0000339 seconds
2016-11-10T09:33:35.750+0100: 1421,199: Total time for which application threads were stopped: 0,0000842 seconds, Stopping threads took: 0,0000340 seconds
2016-11-10T09:38:10.787+0100: 1696,236: Total time for which application threads were stopped: 0,0000962 seconds, Stopping threads took: 0,0000370 seconds
2016-11-10T09:48:31.849+0100: 2317,298: Total time for which application threads were stopped: 0,0000778 seconds, Stopping threads took: 0,0000309 seconds
2016-11-10T09:48:35.850+0100: 2321,299: Total time for which application threads were stopped: 0,0000673 seconds, Stopping threads took: 0,0000172 seconds
2016-11-10T10:03:25.600+0100: 3211,049: Total time for which application threads were stopped: 0,0001462 seconds, Stopping threads took: 0,0000292 seconds
Heap
 par new generation   total 109248K, used 87646K [0x00000000e0000000, 0x00000000e8000000, 0x00000000e8000000)
  eden space 87424K,  86% used [0x00000000e0000000, 0x00000000e49b0e40, 0x00000000e5560000)
  from space 21824K,  55% used [0x00000000e6ab0000, 0x00000000e7696da0, 0x00000000e8000000)
  to   space 21824K,   0% used [0x00000000e5560000, 0x00000000e5560000, 0x00000000e6ab0000)
 concurrent mark-sweep generation total 393216K, used 0K [0x00000000e8000000, 0x0000000100000000, 0x0000000100000000)
 Metaspace       used 27417K, capacity 27850K, committed 28032K, reserved 1073152K
  class space    used 3178K, capacity 3334K, committed 3456K, reserved 1048576K
