OpenJDK 64-Bit Server VM (25.121-b13) for linux-amd64 JRE (1.8.0_121-8u121-b13-0ubuntu1.16.04.2-b13), built on Jan 23 2017 15:51:29 by "buildd" with gcc 5.4.0 20160609
Memory: 4k page, physical 7867764k(7438696k free), swap 8076284k(8076284k free)
CommandLine flags: -XX:CMSInitiatingOccupancyFraction=50 -XX:CMSMaxAbortablePrecleanTime=6000 -XX:+CMSParallelRemarkEnabled -XX:+CMSScavengeBeforeRemark -XX:ConcGCThreads=4 -XX:InitialHeapSize=536870912 -XX:MaxHeapSize=536870912 -XX:MaxTenuringThreshold=8 -XX:NewRatio=3 -XX:OldPLABSize=16 -XX:OnOutOfMemoryError=/opt/solr/bin/oom_solr.sh 8983 /var/solr/logs -XX:ParallelGCThreads=4 -XX:+ParallelRefProcEnabled -XX:PretenureSizeThreshold=67108864 -XX:+PrintGC -XX:+PrintGCApplicationStoppedTime -XX:+PrintGCDateStamps -XX:+PrintGCDetails -XX:+PrintGCTimeStamps -XX:+PrintHeapAtGC -XX:+PrintTenuringDistribution -XX:SurvivorRatio=4 -XX:TargetSurvivorRatio=90 -XX:ThreadStackSize=256 -XX:+UseCMSInitiatingOccupancyOnly -XX:+UseCompressedClassPointers -XX:+UseCompressedOops -XX:+UseConcMarkSweepGC -XX:+UseParNewGC 
2017-05-11T09:12:42.562+0200: 0,165: Total time for which application threads were stopped: 0,0000700 seconds, Stopping threads took: 0,0000104 seconds
2017-05-11T09:12:42.671+0200: 0,273: Total time for which application threads were stopped: 0,0001057 seconds, Stopping threads took: 0,0000109 seconds
2017-05-11T09:12:42.703+0200: 0,305: Total time for which application threads were stopped: 0,0000829 seconds, Stopping threads took: 0,0000134 seconds
2017-05-11T09:12:43.034+0200: 0,637: Total time for which application threads were stopped: 0,0001684 seconds, Stopping threads took: 0,0000167 seconds
2017-05-11T09:12:43.524+0200: 1,126: Total time for which application threads were stopped: 0,0001230 seconds, Stopping threads took: 0,0000113 seconds
2017-05-11T09:12:43.632+0200: 1,234: Total time for which application threads were stopped: 0,0002149 seconds, Stopping threads took: 0,0000266 seconds
2017-05-11T09:12:43.695+0200: 1,297: Total time for which application threads were stopped: 0,0001698 seconds, Stopping threads took: 0,0000283 seconds
2017-05-11T09:12:43.975+0200: 1,577: Total time for which application threads were stopped: 0,0001700 seconds, Stopping threads took: 0,0000175 seconds
2017-05-11T09:12:44.212+0200: 1,815: Total time for which application threads were stopped: 0,0002027 seconds, Stopping threads took: 0,0000160 seconds
2017-05-11T09:12:44.236+0200: 1,838: Total time for which application threads were stopped: 0,0001676 seconds, Stopping threads took: 0,0000216 seconds
2017-05-11T09:12:44.263+0200: 1,866: Total time for which application threads were stopped: 0,0001939 seconds, Stopping threads took: 0,0000201 seconds
2017-05-11T09:12:44.264+0200: 1,867: Total time for which application threads were stopped: 0,0001550 seconds, Stopping threads took: 0,0000133 seconds
2017-05-11T09:12:44.278+0200: 1,881: Total time for which application threads were stopped: 0,0001596 seconds, Stopping threads took: 0,0000118 seconds
2017-05-11T09:12:44.347+0200: 1,949: Total time for which application threads were stopped: 0,0002446 seconds, Stopping threads took: 0,0000214 seconds
2017-05-11T09:12:44.519+0200: 2,122: Total time for which application threads were stopped: 0,0005265 seconds, Stopping threads took: 0,0003182 seconds
{Heap before GC invocations=0 (full 0):
 par new generation   total 109248K, used 87424K [0x00000000e0000000, 0x00000000e8000000, 0x00000000e8000000)
  eden space 87424K, 100% used [0x00000000e0000000, 0x00000000e5560000, 0x00000000e5560000)
  from space 21824K,   0% used [0x00000000e5560000, 0x00000000e5560000, 0x00000000e6ab0000)
  to   space 21824K,   0% used [0x00000000e6ab0000, 0x00000000e6ab0000, 0x00000000e8000000)
 concurrent mark-sweep generation total 393216K, used 0K [0x00000000e8000000, 0x0000000100000000, 0x0000000100000000)
 Metaspace       used 18011K, capacity 18336K, committed 18688K, reserved 1064960K
  class space    used 2034K, capacity 2196K, committed 2304K, reserved 1048576K
2017-05-11T09:12:44.594+0200: 2,197: [GC (Allocation Failure) 2017-05-11T09:12:44.594+0200: 2,197: [ParNew
Desired survivor size 20112992 bytes, new threshold 8 (max 8)
- age   1:   12464024 bytes,   12464024 total
: 87424K->12275K(109248K), 0,0156984 secs] 87424K->12275K(502464K), 0,0157794 secs] [Times: user=0,04 sys=0,00, real=0,01 secs] 
Heap after GC invocations=1 (full 0):
 par new generation   total 109248K, used 12275K [0x00000000e0000000, 0x00000000e8000000, 0x00000000e8000000)
  eden space 87424K,   0% used [0x00000000e0000000, 0x00000000e0000000, 0x00000000e5560000)
  from space 21824K,  56% used [0x00000000e6ab0000, 0x00000000e76ace20, 0x00000000e8000000)
  to   space 21824K,   0% used [0x00000000e5560000, 0x00000000e5560000, 0x00000000e6ab0000)
 concurrent mark-sweep generation total 393216K, used 0K [0x00000000e8000000, 0x0000000100000000, 0x0000000100000000)
 Metaspace       used 18011K, capacity 18336K, committed 18688K, reserved 1064960K
  class space    used 2034K, capacity 2196K, committed 2304K, reserved 1048576K
}
2017-05-11T09:12:44.610+0200: 2,212: Total time for which application threads were stopped: 0,0170371 seconds, Stopping threads took: 0,0010425 seconds
2017-05-11T09:12:44.938+0200: 2,540: Total time for which application threads were stopped: 0,0003679 seconds, Stopping threads took: 0,0000615 seconds
{Heap before GC invocations=1 (full 0):
 par new generation   total 109248K, used 99699K [0x00000000e0000000, 0x00000000e8000000, 0x00000000e8000000)
  eden space 87424K, 100% used [0x00000000e0000000, 0x00000000e5560000, 0x00000000e5560000)
  from space 21824K,  56% used [0x00000000e6ab0000, 0x00000000e76ace20, 0x00000000e8000000)
  to   space 21824K,   0% used [0x00000000e5560000, 0x00000000e5560000, 0x00000000e6ab0000)
 concurrent mark-sweep generation total 393216K, used 0K [0x00000000e8000000, 0x0000000100000000, 0x0000000100000000)
 Metaspace       used 20063K, capacity 20438K, committed 20736K, reserved 1067008K
  class space    used 2296K, capacity 2473K, committed 2560K, reserved 1048576K
2017-05-11T09:12:44.979+0200: 2,581: [GC (Allocation Failure) 2017-05-11T09:12:44.979+0200: 2,581: [ParNew
Desired survivor size 20112992 bytes, new threshold 8 (max 8)
- age   1:    3501040 bytes,    3501040 total
- age   2:    6614872 bytes,   10115912 total
: 99699K->15520K(109248K), 0,0147103 secs] 99699K->15520K(502464K), 0,0147806 secs] [Times: user=0,05 sys=0,01, real=0,01 secs] 
Heap after GC invocations=2 (full 0):
 par new generation   total 109248K, used 15520K [0x00000000e0000000, 0x00000000e8000000, 0x00000000e8000000)
  eden space 87424K,   0% used [0x00000000e0000000, 0x00000000e0000000, 0x00000000e5560000)
  from space 21824K,  71% used [0x00000000e5560000, 0x00000000e6488280, 0x00000000e6ab0000)
  to   space 21824K,   0% used [0x00000000e6ab0000, 0x00000000e6ab0000, 0x00000000e8000000)
 concurrent mark-sweep generation total 393216K, used 0K [0x00000000e8000000, 0x0000000100000000, 0x0000000100000000)
 Metaspace       used 20063K, capacity 20438K, committed 20736K, reserved 1067008K
  class space    used 2296K, capacity 2473K, committed 2560K, reserved 1048576K
}
2017-05-11T09:12:44.994+0200: 2,596: Total time for which application threads were stopped: 0,0150793 seconds, Stopping threads took: 0,0001657 seconds
2017-05-11T09:12:45.003+0200: 2,606: Total time for which application threads were stopped: 0,0003586 seconds, Stopping threads took: 0,0000503 seconds
2017-05-11T09:12:45.050+0200: 2,653: Total time for which application threads were stopped: 0,0003123 seconds, Stopping threads took: 0,0000267 seconds
2017-05-11T09:12:45.191+0200: 2,793: Total time for which application threads were stopped: 0,0002191 seconds, Stopping threads took: 0,0000608 seconds
{Heap before GC invocations=2 (full 0):
 par new generation   total 109248K, used 102944K [0x00000000e0000000, 0x00000000e8000000, 0x00000000e8000000)
  eden space 87424K, 100% used [0x00000000e0000000, 0x00000000e5560000, 0x00000000e5560000)
  from space 21824K,  71% used [0x00000000e5560000, 0x00000000e6488280, 0x00000000e6ab0000)
  to   space 21824K,   0% used [0x00000000e6ab0000, 0x00000000e6ab0000, 0x00000000e8000000)
 concurrent mark-sweep generation total 393216K, used 0K [0x00000000e8000000, 0x0000000100000000, 0x0000000100000000)
 Metaspace       used 21004K, capacity 21360K, committed 21628K, reserved 1069056K
  class space    used 2417K, capacity 2592K, committed 2684K, reserved 1048576K
2017-05-11T09:12:45.236+0200: 2,839: [GC (Allocation Failure) 2017-05-11T09:12:45.236+0200: 2,839: [ParNew
Desired survivor size 20112992 bytes, new threshold 8 (max 8)
- age   1:    2127728 bytes,    2127728 total
- age   2:     892992 bytes,    3020720 total
- age   3:    6611504 bytes,    9632224 total
: 102944K->11024K(109248K), 0,0116067 secs] 102944K->11024K(502464K), 0,0116931 secs] [Times: user=0,04 sys=0,00, real=0,01 secs] 
Heap after GC invocations=3 (full 0):
 par new generation   total 109248K, used 11024K [0x00000000e0000000, 0x00000000e8000000, 0x00000000e8000000)
  eden space 87424K,   0% used [0x00000000e0000000, 0x00000000e0000000, 0x00000000e5560000)
  from space 21824K,  50% used [0x00000000e6ab0000, 0x00000000e75741d0, 0x00000000e8000000)
  to   space 21824K,   0% used [0x00000000e5560000, 0x00000000e5560000, 0x00000000e6ab0000)
 concurrent mark-sweep generation total 393216K, used 0K [0x00000000e8000000, 0x0000000100000000, 0x0000000100000000)
 Metaspace       used 21004K, capacity 21360K, committed 21628K, reserved 1069056K
  class space    used 2417K, capacity 2592K, committed 2684K, reserved 1048576K
}
2017-05-11T09:12:45.248+0200: 2,850: Total time for which application threads were stopped: 0,0119572 seconds, Stopping threads took: 0,0001005 seconds
2017-05-11T09:12:45.250+0200: 2,853: [GC (CMS Initial Mark) [1 CMS-initial-mark: 0K(393216K)] 11056K(502464K), 0,0040585 secs] [Times: user=0,02 sys=0,00, real=0,01 secs] 
2017-05-11T09:12:45.254+0200: 2,857: Total time for which application threads were stopped: 0,0063356 seconds, Stopping threads took: 0,0021711 seconds
2017-05-11T09:12:45.254+0200: 2,857: [CMS-concurrent-mark-start]
2017-05-11T09:12:45.255+0200: 2,858: [CMS-concurrent-mark: 0,001/0,001 secs] [Times: user=0,00 sys=0,00, real=0,00 secs] 
2017-05-11T09:12:45.255+0200: 2,858: [CMS-concurrent-preclean-start]
2017-05-11T09:12:45.256+0200: 2,859: [CMS-concurrent-preclean: 0,001/0,001 secs] [Times: user=0,00 sys=0,00, real=0,00 secs] 
2017-05-11T09:12:45.261+0200: 2,863: [GC (CMS Final Remark) [YG occupancy: 20123 K (109248 K)]{Heap before GC invocations=3 (full 1):
 par new generation   total 109248K, used 20123K [0x00000000e0000000, 0x00000000e8000000, 0x00000000e8000000)
  eden space 87424K,  10% used [0x00000000e0000000, 0x00000000e08e2ad8, 0x00000000e5560000)
  from space 21824K,  50% used [0x00000000e6ab0000, 0x00000000e75741d0, 0x00000000e8000000)
  to   space 21824K,   0% used [0x00000000e5560000, 0x00000000e5560000, 0x00000000e6ab0000)
 concurrent mark-sweep generation total 393216K, used 0K [0x00000000e8000000, 0x0000000100000000, 0x0000000100000000)
 Metaspace       used 21008K, capacity 21360K, committed 21628K, reserved 1069056K
  class space    used 2418K, capacity 2592K, committed 2684K, reserved 1048576K
2017-05-11T09:12:45.261+0200: 2,863: [GC (CMS Final Remark) 2017-05-11T09:12:45.261+0200: 2,863: [ParNew
Desired survivor size 20112992 bytes, new threshold 8 (max 8)
- age   1:      20232 bytes,      20232 total
- age   2:    1456208 bytes,    1476440 total
- age   3:     863760 bytes,    2340200 total
- age   4:    6611408 bytes,    8951608 total
: 20123K->14275K(109248K), 0,0092105 secs] 20123K->14275K(502464K), 0,0092591 secs] [Times: user=0,03 sys=0,00, real=0,01 secs] 
Heap after GC invocations=4 (full 1):
 par new generation   total 109248K, used 14275K [0x00000000e0000000, 0x00000000e8000000, 0x00000000e8000000)
  eden space 87424K,   0% used [0x00000000e0000000, 0x00000000e0000000, 0x00000000e5560000)
  from space 21824K,  65% used [0x00000000e5560000, 0x00000000e6350cc0, 0x00000000e6ab0000)
  to   space 21824K,   0% used [0x00000000e6ab0000, 0x00000000e6ab0000, 0x00000000e8000000)
 concurrent mark-sweep generation total 393216K, used 0K [0x00000000e8000000, 0x0000000100000000, 0x0000000100000000)
 Metaspace       used 21008K, capacity 21360K, committed 21628K, reserved 1069056K
  class space    used 2418K, capacity 2592K, committed 2684K, reserved 1048576K
}
2017-05-11T09:12:45.270+0200: 2,873: [Rescan (parallel) , 0,0034481 secs]2017-05-11T09:12:45.274+0200: 2,876: [weak refs processing, 0,0008165 secs]2017-05-11T09:12:45.274+0200: 2,877: [class unloading, 0,0027548 secs]2017-05-11T09:12:45.277+0200: 2,880: [scrub symbol table, 0,0028353 secs]2017-05-11T09:12:45.280+0200: 2,883: [scrub string table, 0,0004005 secs][1 CMS-remark: 0K(393216K)] 14275K(502464K), 0,0201841 secs] [Times: user=0,05 sys=0,00, real=0,02 secs] 
2017-05-11T09:12:45.281+0200: 2,884: Total time for which application threads were stopped: 0,0203685 seconds, Stopping threads took: 0,0000749 seconds
2017-05-11T09:12:45.281+0200: 2,884: [CMS-concurrent-sweep-start]
2017-05-11T09:12:45.281+0200: 2,884: [CMS-concurrent-sweep: 0,000/0,000 secs] [Times: user=0,00 sys=0,00, real=0,00 secs] 
2017-05-11T09:12:45.281+0200: 2,884: [CMS-concurrent-reset-start]
2017-05-11T09:12:45.283+0200: 2,886: [CMS-concurrent-reset: 0,002/0,002 secs] [Times: user=0,01 sys=0,00, real=0,00 secs] 
{Heap before GC invocations=4 (full 1):
 par new generation   total 109248K, used 101699K [0x00000000e0000000, 0x00000000e8000000, 0x00000000e8000000)
  eden space 87424K, 100% used [0x00000000e0000000, 0x00000000e5560000, 0x00000000e5560000)
  from space 21824K,  65% used [0x00000000e5560000, 0x00000000e6350cc0, 0x00000000e6ab0000)
  to   space 21824K,   0% used [0x00000000e6ab0000, 0x00000000e6ab0000, 0x00000000e8000000)
 concurrent mark-sweep generation total 393216K, used 0K [0x00000000e8000000, 0x0000000100000000, 0x0000000100000000)
 Metaspace       used 21248K, capacity 21630K, committed 21884K, reserved 1069056K
  class space    used 2449K, capacity 2606K, committed 2684K, reserved 1048576K
2017-05-11T09:12:45.398+0200: 3,000: [GC (Allocation Failure) 2017-05-11T09:12:45.398+0200: 3,000: [ParNew
Desired survivor size 20112992 bytes, new threshold 8 (max 8)
- age   1:     647112 bytes,     647112 total
- age   2:      12864 bytes,     659976 total
- age   3:    1455840 bytes,    2115816 total
- age   4:     859584 bytes,    2975400 total
- age   5:    6611520 bytes,    9586920 total
: 101699K->11618K(109248K), 0,0115197 secs] 101699K->11618K(502464K), 0,0115832 secs] [Times: user=0,04 sys=0,00, real=0,01 secs] 
Heap after GC invocations=5 (full 1):
 par new generation   total 109248K, used 11618K [0x00000000e0000000, 0x00000000e8000000, 0x00000000e8000000)
  eden space 87424K,   0% used [0x00000000e0000000, 0x00000000e0000000, 0x00000000e5560000)
  from space 21824K,  53% used [0x00000000e6ab0000, 0x00000000e7608840, 0x00000000e8000000)
  to   space 21824K,   0% used [0x00000000e5560000, 0x00000000e5560000, 0x00000000e6ab0000)
 concurrent mark-sweep generation total 393216K, used 0K [0x00000000e8000000, 0x0000000100000000, 0x0000000100000000)
 Metaspace       used 21248K, capacity 21630K, committed 21884K, reserved 1069056K
  class space    used 2449K, capacity 2606K, committed 2684K, reserved 1048576K
}
2017-05-11T09:12:45.409+0200: 3,012: Total time for which application threads were stopped: 0,0136018 seconds, Stopping threads took: 0,0018787 seconds
{Heap before GC invocations=5 (full 1):
 par new generation   total 109248K, used 99042K [0x00000000e0000000, 0x00000000e8000000, 0x00000000e8000000)
  eden space 87424K, 100% used [0x00000000e0000000, 0x00000000e5560000, 0x00000000e5560000)
  from space 21824K,  53% used [0x00000000e6ab0000, 0x00000000e7608840, 0x00000000e8000000)
  to   space 21824K,   0% used [0x00000000e5560000, 0x00000000e5560000, 0x00000000e6ab0000)
 concurrent mark-sweep generation total 393216K, used 0K [0x00000000e8000000, 0x0000000100000000, 0x0000000100000000)
 Metaspace       used 21410K, capacity 21802K, committed 21884K, reserved 1069056K
  class space    used 2467K, capacity 2640K, committed 2684K, reserved 1048576K
2017-05-11T09:12:45.491+0200: 3,094: [GC (Allocation Failure) 2017-05-11T09:12:45.491+0200: 3,094: [ParNew
Desired survivor size 20112992 bytes, new threshold 8 (max 8)
- age   1:     374288 bytes,     374288 total
- age   2:     193112 bytes,     567400 total
- age   3:       7184 bytes,     574584 total
- age   4:    1455536 bytes,    2030120 total
- age   5:     857632 bytes,    2887752 total
- age   6:    6611448 bytes,    9499200 total
: 99042K->16155K(109248K), 0,0105235 secs] 99042K->16155K(502464K), 0,0105935 secs] [Times: user=0,04 sys=0,00, real=0,01 secs] 
Heap after GC invocations=6 (full 1):
 par new generation   total 109248K, used 16155K [0x00000000e0000000, 0x00000000e8000000, 0x00000000e8000000)
  eden space 87424K,   0% used [0x00000000e0000000, 0x00000000e0000000, 0x00000000e5560000)
  from space 21824K,  74% used [0x00000000e5560000, 0x00000000e6526d80, 0x00000000e6ab0000)
  to   space 21824K,   0% used [0x00000000e6ab0000, 0x00000000e6ab0000, 0x00000000e8000000)
 concurrent mark-sweep generation total 393216K, used 0K [0x00000000e8000000, 0x0000000100000000, 0x0000000100000000)
 Metaspace       used 21410K, capacity 21802K, committed 21884K, reserved 1069056K
  class space    used 2467K, capacity 2640K, committed 2684K, reserved 1048576K
}
2017-05-11T09:12:45.502+0200: 3,105: Total time for which application threads were stopped: 0,0107796 seconds, Stopping threads took: 0,0000468 seconds
2017-05-11T09:12:45.534+0200: 3,137: Total time for which application threads were stopped: 0,0003172 seconds, Stopping threads took: 0,0000207 seconds
2017-05-11T09:12:45.758+0200: 3,361: Total time for which application threads were stopped: 0,0005998 seconds, Stopping threads took: 0,0000607 seconds
2017-05-11T09:12:45.771+0200: 3,374: Total time for which application threads were stopped: 0,0004302 seconds, Stopping threads took: 0,0000625 seconds
{Heap before GC invocations=6 (full 1):
 par new generation   total 109248K, used 103579K [0x00000000e0000000, 0x00000000e8000000, 0x00000000e8000000)
  eden space 87424K, 100% used [0x00000000e0000000, 0x00000000e5560000, 0x00000000e5560000)
  from space 21824K,  74% used [0x00000000e5560000, 0x00000000e6526d80, 0x00000000e6ab0000)
  to   space 21824K,   0% used [0x00000000e6ab0000, 0x00000000e6ab0000, 0x00000000e8000000)
 concurrent mark-sweep generation total 393216K, used 0K [0x00000000e8000000, 0x0000000100000000, 0x0000000100000000)
 Metaspace       used 23987K, capacity 24402K, committed 24572K, reserved 1071104K
  class space    used 2834K, capacity 3016K, committed 3068K, reserved 1048576K
2017-05-11T09:12:45.908+0200: 3,510: [GC (Allocation Failure) 2017-05-11T09:12:45.908+0200: 3,510: [ParNew
Desired survivor size 20112992 bytes, new threshold 8 (max 8)
- age   1:    5234016 bytes,    5234016 total
- age   2:     131168 bytes,    5365184 total
- age   3:     191760 bytes,    5556944 total
- age   4:       6960 bytes,    5563904 total
- age   5:     285800 bytes,    5849704 total
- age   6:     833336 bytes,    6683040 total
- age   7:    6603232 bytes,   13286272 total
: 103579K->15184K(109248K), 0,0116663 secs] 103579K->15184K(502464K), 0,0117419 secs] [Times: user=0,05 sys=0,00, real=0,01 secs] 
Heap after GC invocations=7 (full 1):
 par new generation   total 109248K, used 15184K [0x00000000e0000000, 0x00000000e8000000, 0x00000000e8000000)
  eden space 87424K,   0% used [0x00000000e0000000, 0x00000000e0000000, 0x00000000e5560000)
  from space 21824K,  69% used [0x00000000e6ab0000, 0x00000000e7984370, 0x00000000e8000000)
  to   space 21824K,   0% used [0x00000000e5560000, 0x00000000e5560000, 0x00000000e6ab0000)
 concurrent mark-sweep generation total 393216K, used 0K [0x00000000e8000000, 0x0000000100000000, 0x0000000100000000)
 Metaspace       used 23987K, capacity 24402K, committed 24572K, reserved 1071104K
  class space    used 2834K, capacity 3016K, committed 3068K, reserved 1048576K
}
2017-05-11T09:12:45.919+0200: 3,522: Total time for which application threads were stopped: 0,0120464 seconds, Stopping threads took: 0,0000948 seconds
{Heap before GC invocations=7 (full 1):
 par new generation   total 109248K, used 102608K [0x00000000e0000000, 0x00000000e8000000, 0x00000000e8000000)
  eden space 87424K, 100% used [0x00000000e0000000, 0x00000000e5560000, 0x00000000e5560000)
  from space 21824K,  69% used [0x00000000e6ab0000, 0x00000000e7984370, 0x00000000e8000000)
  to   space 21824K,   0% used [0x00000000e5560000, 0x00000000e5560000, 0x00000000e6ab0000)
 concurrent mark-sweep generation total 393216K, used 0K [0x00000000e8000000, 0x0000000100000000, 0x0000000100000000)
 Metaspace       used 24795K, capacity 25256K, committed 25468K, reserved 1071104K
  class space    used 2898K, capacity 3084K, committed 3196K, reserved 1048576K
2017-05-11T09:12:46.069+0200: 3,671: [GC (Allocation Failure) 2017-05-11T09:12:46.069+0200: 3,671: [ParNew
Desired survivor size 20112992 bytes, new threshold 8 (max 8)
- age   1:    2033720 bytes,    2033720 total
- age   2:    1810432 bytes,    3844152 total
- age   3:      69088 bytes,    3913240 total
- age   4:     101392 bytes,    4014632 total
- age   5:       5296 bytes,    4019928 total
- age   6:     178232 bytes,    4198160 total
- age   7:     799344 bytes,    4997504 total
- age   8:    6069800 bytes,   11067304 total
: 102608K->16223K(109248K), 0,0200102 secs] 102608K->16223K(502464K), 0,0201031 secs] [Times: user=0,05 sys=0,00, real=0,02 secs] 
Heap after GC invocations=8 (full 1):
 par new generation   total 109248K, used 16223K [0x00000000e0000000, 0x00000000e8000000, 0x00000000e8000000)
  eden space 87424K,   0% used [0x00000000e0000000, 0x00000000e0000000, 0x00000000e5560000)
  from space 21824K,  74% used [0x00000000e5560000, 0x00000000e6537e50, 0x00000000e6ab0000)
  to   space 21824K,   0% used [0x00000000e6ab0000, 0x00000000e6ab0000, 0x00000000e8000000)
 concurrent mark-sweep generation total 393216K, used 0K [0x00000000e8000000, 0x0000000100000000, 0x0000000100000000)
 Metaspace       used 24795K, capacity 25256K, committed 25468K, reserved 1071104K
  class space    used 2898K, capacity 3084K, committed 3196K, reserved 1048576K
}
2017-05-11T09:12:46.089+0200: 3,692: Total time for which application threads were stopped: 0,0203882 seconds, Stopping threads took: 0,0000597 seconds
{Heap before GC invocations=8 (full 1):
 par new generation   total 109248K, used 103647K [0x00000000e0000000, 0x00000000e8000000, 0x00000000e8000000)
  eden space 87424K, 100% used [0x00000000e0000000, 0x00000000e5560000, 0x00000000e5560000)
  from space 21824K,  74% used [0x00000000e5560000, 0x00000000e6537e50, 0x00000000e6ab0000)
  to   space 21824K,   0% used [0x00000000e6ab0000, 0x00000000e6ab0000, 0x00000000e8000000)
 concurrent mark-sweep generation total 393216K, used 0K [0x00000000e8000000, 0x0000000100000000, 0x0000000100000000)
 Metaspace       used 25034K, capacity 25522K, committed 25724K, reserved 1071104K
  class space    used 2911K, capacity 3086K, committed 3196K, reserved 1048576K
2017-05-11T09:12:46.202+0200: 3,805: [GC (Allocation Failure) 2017-05-11T09:12:46.202+0200: 3,805: [ParNew
Desired survivor size 20112992 bytes, new threshold 8 (max 8)
- age   1:     687896 bytes,     687896 total
- age   2:     703960 bytes,    1391856 total
- age   3:    1787592 bytes,    3179448 total
- age   4:      69088 bytes,    3248536 total
- age   5:     101392 bytes,    3349928 total
- age   6:       5296 bytes,    3355224 total
- age   7:     177896 bytes,    3533120 total
- age   8:     799344 bytes,    4332464 total
: 103647K->6756K(109248K), 0,0309952 secs] 103647K->12764K(502464K), 0,0310690 secs] [Times: user=0,11 sys=0,00, real=0,03 secs] 
Heap after GC invocations=9 (full 1):
 par new generation   total 109248K, used 6756K [0x00000000e0000000, 0x00000000e8000000, 0x00000000e8000000)
  eden space 87424K,   0% used [0x00000000e0000000, 0x00000000e0000000, 0x00000000e5560000)
  from space 21824K,  30% used [0x00000000e6ab0000, 0x00000000e7149360, 0x00000000e8000000)
  to   space 21824K,   0% used [0x00000000e5560000, 0x00000000e5560000, 0x00000000e6ab0000)
 concurrent mark-sweep generation total 393216K, used 6007K [0x00000000e8000000, 0x0000000100000000, 0x0000000100000000)
 Metaspace       used 25034K, capacity 25522K, committed 25724K, reserved 1071104K
  class space    used 2911K, capacity 3086K, committed 3196K, reserved 1048576K
}
2017-05-11T09:12:46.233+0200: 3,836: Total time for which application threads were stopped: 0,0338360 seconds, Stopping threads took: 0,0025679 seconds
2017-05-11T09:12:46.440+0200: 4,043: Total time for which application threads were stopped: 0,0004593 seconds, Stopping threads took: 0,0000197 seconds
2017-05-11T09:12:46.449+0200: 4,052: Total time for which application threads were stopped: 0,0004526 seconds, Stopping threads took: 0,0001719 seconds
2017-05-11T09:12:46.457+0200: 4,060: Total time for which application threads were stopped: 0,0001053 seconds, Stopping threads took: 0,0000213 seconds
2017-05-11T09:12:46.458+0200: 4,060: Total time for which application threads were stopped: 0,0003490 seconds, Stopping threads took: 0,0000131 seconds
2017-05-11T09:12:46.461+0200: 4,064: Total time for which application threads were stopped: 0,0001024 seconds, Stopping threads took: 0,0000211 seconds
2017-05-11T09:12:46.464+0200: 4,067: Total time for which application threads were stopped: 0,0001049 seconds, Stopping threads took: 0,0000207 seconds
2017-05-11T09:12:46.467+0200: 4,070: Total time for which application threads were stopped: 0,0000986 seconds, Stopping threads took: 0,0000221 seconds
2017-05-11T09:12:46.472+0200: 4,075: Total time for which application threads were stopped: 0,0000989 seconds, Stopping threads took: 0,0000186 seconds
2017-05-11T09:12:46.638+0200: 4,240: Total time for which application threads were stopped: 0,0001050 seconds, Stopping threads took: 0,0000203 seconds
2017-05-11T09:12:46.639+0200: 4,241: Total time for which application threads were stopped: 0,0003328 seconds, Stopping threads took: 0,0000219 seconds
2017-05-11T09:12:46.639+0200: 4,242: Total time for which application threads were stopped: 0,0001234 seconds, Stopping threads took: 0,0000529 seconds
2017-05-11T09:12:46.640+0200: 4,243: Total time for which application threads were stopped: 0,0001177 seconds, Stopping threads took: 0,0000459 seconds
2017-05-11T09:12:46.640+0200: 4,243: Total time for which application threads were stopped: 0,0000829 seconds, Stopping threads took: 0,0000245 seconds
2017-05-11T09:12:46.640+0200: 4,243: Total time for which application threads were stopped: 0,0000761 seconds, Stopping threads took: 0,0000253 seconds
2017-05-11T09:12:46.664+0200: 4,267: Total time for which application threads were stopped: 0,0057225 seconds, Stopping threads took: 0,0056225 seconds
2017-05-11T09:12:46.670+0200: 4,273: Total time for which application threads were stopped: 0,0001596 seconds, Stopping threads took: 0,0000586 seconds
2017-05-11T09:12:46.670+0200: 4,273: Total time for which application threads were stopped: 0,0000856 seconds, Stopping threads took: 0,0000201 seconds
2017-05-11T09:12:46.670+0200: 4,273: Total time for which application threads were stopped: 0,0000769 seconds, Stopping threads took: 0,0000199 seconds
2017-05-11T09:12:46.670+0200: 4,273: Total time for which application threads were stopped: 0,0000662 seconds, Stopping threads took: 0,0000161 seconds
2017-05-11T09:12:46.671+0200: 4,273: Total time for which application threads were stopped: 0,0000567 seconds, Stopping threads took: 0,0000081 seconds
2017-05-11T09:12:46.671+0200: 4,273: Total time for which application threads were stopped: 0,0000984 seconds, Stopping threads took: 0,0000251 seconds
2017-05-11T09:12:46.671+0200: 4,274: Total time for which application threads were stopped: 0,0000735 seconds, Stopping threads took: 0,0000206 seconds
2017-05-11T09:12:46.671+0200: 4,274: Total time for which application threads were stopped: 0,0000670 seconds, Stopping threads took: 0,0000188 seconds
2017-05-11T09:12:46.671+0200: 4,274: Total time for which application threads were stopped: 0,0000668 seconds, Stopping threads took: 0,0000171 seconds
2017-05-11T09:12:46.671+0200: 4,274: Total time for which application threads were stopped: 0,0000594 seconds, Stopping threads took: 0,0000082 seconds
2017-05-11T09:12:46.672+0200: 4,274: Total time for which application threads were stopped: 0,0001833 seconds, Stopping threads took: 0,0000142 seconds
2017-05-11T09:12:46.674+0200: 4,277: Total time for which application threads were stopped: 0,0001315 seconds, Stopping threads took: 0,0000571 seconds
2017-05-11T09:12:46.674+0200: 4,277: Total time for which application threads were stopped: 0,0001048 seconds, Stopping threads took: 0,0000674 seconds
2017-05-11T09:12:46.674+0200: 4,277: Total time for which application threads were stopped: 0,0000560 seconds, Stopping threads took: 0,0000094 seconds
2017-05-11T09:12:46.675+0200: 4,277: Total time for which application threads were stopped: 0,0000591 seconds, Stopping threads took: 0,0000122 seconds
2017-05-11T09:12:46.675+0200: 4,277: Total time for which application threads were stopped: 0,0000487 seconds, Stopping threads took: 0,0000105 seconds
2017-05-11T09:12:46.675+0200: 4,277: Total time for which application threads were stopped: 0,0000727 seconds, Stopping threads took: 0,0000267 seconds
2017-05-11T09:12:46.675+0200: 4,278: Total time for which application threads were stopped: 0,0001027 seconds, Stopping threads took: 0,0000743 seconds
2017-05-11T09:12:46.675+0200: 4,278: Total time for which application threads were stopped: 0,0000531 seconds, Stopping threads took: 0,0000108 seconds
2017-05-11T09:12:46.676+0200: 4,279: Total time for which application threads were stopped: 0,0001198 seconds, Stopping threads took: 0,0000445 seconds
2017-05-11T09:12:46.676+0200: 4,279: Total time for which application threads were stopped: 0,0000576 seconds, Stopping threads took: 0,0000106 seconds
2017-05-11T09:12:46.677+0200: 4,280: Total time for which application threads were stopped: 0,0000767 seconds, Stopping threads took: 0,0000174 seconds
2017-05-11T09:12:46.683+0200: 4,286: Total time for which application threads were stopped: 0,0001225 seconds, Stopping threads took: 0,0000439 seconds
2017-05-11T09:12:46.686+0200: 4,288: Total time for which application threads were stopped: 0,0000972 seconds, Stopping threads took: 0,0000381 seconds
2017-05-11T09:12:46.686+0200: 4,289: Total time for which application threads were stopped: 0,0005024 seconds, Stopping threads took: 0,0004413 seconds
2017-05-11T09:12:46.686+0200: 4,289: Total time for which application threads were stopped: 0,0000597 seconds, Stopping threads took: 0,0000161 seconds
2017-05-11T09:12:46.687+0200: 4,290: Total time for which application threads were stopped: 0,0000966 seconds, Stopping threads took: 0,0000250 seconds
2017-05-11T09:12:46.687+0200: 4,290: Total time for which application threads were stopped: 0,0000571 seconds, Stopping threads took: 0,0000095 seconds
2017-05-11T09:12:46.688+0200: 4,290: Total time for which application threads were stopped: 0,0000635 seconds, Stopping threads took: 0,0000165 seconds
2017-05-11T09:12:46.688+0200: 4,290: Total time for which application threads were stopped: 0,0000668 seconds, Stopping threads took: 0,0000173 seconds
2017-05-11T09:12:46.688+0200: 4,290: Total time for which application threads were stopped: 0,0000759 seconds, Stopping threads took: 0,0000249 seconds
2017-05-11T09:12:46.688+0200: 4,291: Total time for which application threads were stopped: 0,0000557 seconds, Stopping threads took: 0,0000110 seconds
2017-05-11T09:12:46.688+0200: 4,291: Total time for which application threads were stopped: 0,0001289 seconds, Stopping threads took: 0,0000077 seconds
2017-05-11T09:12:46.688+0200: 4,291: Total time for which application threads were stopped: 0,0000744 seconds, Stopping threads took: 0,0000092 seconds
2017-05-11T09:12:46.713+0200: 4,316: Total time for which application threads were stopped: 0,0001411 seconds, Stopping threads took: 0,0000276 seconds
2017-05-11T09:12:46.736+0200: 4,339: Total time for which application threads were stopped: 0,0053158 seconds, Stopping threads took: 0,0052414 seconds
2017-05-11T09:12:46.763+0200: 4,366: Total time for which application threads were stopped: 0,0005390 seconds, Stopping threads took: 0,0000474 seconds
2017-05-11T09:12:47.763+0200: 5,366: Total time for which application threads were stopped: 0,0000760 seconds, Stopping threads took: 0,0000156 seconds
2017-05-11T09:14:44.777+0200: 122,380: Total time for which application threads were stopped: 0,0000861 seconds, Stopping threads took: 0,0000338 seconds
{Heap before GC invocations=9 (full 1):
 par new generation   total 109248K, used 94180K [0x00000000e0000000, 0x00000000e8000000, 0x00000000e8000000)
  eden space 87424K, 100% used [0x00000000e0000000, 0x00000000e5560000, 0x00000000e5560000)
  from space 21824K,  30% used [0x00000000e6ab0000, 0x00000000e7149360, 0x00000000e8000000)
  to   space 21824K,   0% used [0x00000000e5560000, 0x00000000e5560000, 0x00000000e6ab0000)
 concurrent mark-sweep generation total 393216K, used 6007K [0x00000000e8000000, 0x0000000100000000, 0x0000000100000000)
 Metaspace       used 28030K, capacity 28576K, committed 28796K, reserved 1075200K
  class space    used 3215K, capacity 3395K, committed 3452K, reserved 1048576K
2017-05-11T09:15:38.546+0200: 176,148: [GC (Allocation Failure) 2017-05-11T09:15:38.546+0200: 176,148: [ParNew
Desired survivor size 20112992 bytes, new threshold 8 (max 8)
- age   1:   10431600 bytes,   10431600 total
- age   2:     409048 bytes,   10840648 total
- age   3:     309080 bytes,   11149728 total
- age   4:    1783008 bytes,   12932736 total
- age   5:      69088 bytes,   13001824 total
- age   6:     101264 bytes,   13103088 total
- age   7:       5296 bytes,   13108384 total
- age   8:     177800 bytes,   13286184 total
: 94180K->14362K(109248K), 0,0212669 secs] 100188K->21245K(502464K), 0,0214106 secs] [Times: user=0,07 sys=0,00, real=0,03 secs] 
Heap after GC invocations=10 (full 1):
 par new generation   total 109248K, used 14362K [0x00000000e0000000, 0x00000000e8000000, 0x00000000e8000000)
  eden space 87424K,   0% used [0x00000000e0000000, 0x00000000e0000000, 0x00000000e5560000)
  from space 21824K,  65% used [0x00000000e5560000, 0x00000000e6366a20, 0x00000000e6ab0000)
  to   space 21824K,   0% used [0x00000000e6ab0000, 0x00000000e6ab0000, 0x00000000e8000000)
 concurrent mark-sweep generation total 393216K, used 6882K [0x00000000e8000000, 0x0000000100000000, 0x0000000100000000)
 Metaspace       used 28030K, capacity 28576K, committed 28796K, reserved 1075200K
  class space    used 3215K, capacity 3395K, committed 3452K, reserved 1048576K
}
2017-05-11T09:15:38.567+0200: 176,170: Total time for which application threads were stopped: 0,0218428 seconds, Stopping threads took: 0,0002201 seconds
2017-05-11T09:15:38.567+0200: 176,170: Total time for which application threads were stopped: 0,0000714 seconds, Stopping threads took: 0,0000242 seconds
2017-05-11T09:15:38.567+0200: 176,170: Total time for which application threads were stopped: 0,0000376 seconds, Stopping threads took: 0,0000161 seconds
2017-05-11T09:36:08.723+0200: 1406,326: Total time for which application threads were stopped: 0,0001050 seconds, Stopping threads took: 0,0000383 seconds
2017-05-11T09:39:18.746+0200: 1596,349: Total time for which application threads were stopped: 0,0001370 seconds, Stopping threads took: 0,0000732 seconds
2017-05-11T09:51:09.831+0200: 2307,433: Total time for which application threads were stopped: 0,0001031 seconds, Stopping threads took: 0,0000355 seconds
2017-05-11T09:51:13.831+0200: 2311,434: Total time for which application threads were stopped: 0,0000916 seconds, Stopping threads took: 0,0000171 seconds
2017-05-11T10:10:29.966+0200: 3467,569: Total time for which application threads were stopped: 0,0003659 seconds, Stopping threads took: 0,0002624 seconds
2017-05-11T10:19:29.021+0200: 4006,623: Total time for which application threads were stopped: 0,0000815 seconds, Stopping threads took: 0,0000278 seconds
2017-05-11T10:19:34.021+0200: 4011,624: Total time for which application threads were stopped: 0,0000833 seconds, Stopping threads took: 0,0000308 seconds
2017-05-11T10:35:10.120+0200: 4947,723: Total time for which application threads were stopped: 0,0008313 seconds, Stopping threads took: 0,0003023 seconds
2017-05-11T10:35:20.121+0200: 4957,724: Total time for which application threads were stopped: 0,0001018 seconds, Stopping threads took: 0,0000240 seconds
2017-05-11T11:09:15.338+0200: 6992,941: Total time for which application threads were stopped: 0,0001013 seconds, Stopping threads took: 0,0000374 seconds
2017-05-11T11:10:14.344+0200: 7051,947: Total time for which application threads were stopped: 0,0000846 seconds, Stopping threads took: 0,0000291 seconds
2017-05-11T11:15:14.370+0200: 7351,972: Total time for which application threads were stopped: 0,0000952 seconds, Stopping threads took: 0,0000304 seconds
2017-05-11T11:20:44.397+0200: 7682,000: Total time for which application threads were stopped: 0,0001036 seconds, Stopping threads took: 0,0000366 seconds
2017-05-11T11:21:14.400+0200: 7712,003: Total time for which application threads were stopped: 0,0000802 seconds, Stopping threads took: 0,0000280 seconds
2017-05-11T12:19:14.769+0200: 11192,371: Total time for which application threads were stopped: 0,0000889 seconds, Stopping threads took: 0,0000306 seconds
2017-05-11T12:48:09.924+0200: 12927,526: Total time for which application threads were stopped: 0,0318559 seconds, Stopping threads took: 0,0317437 seconds
2017-05-11T12:48:09.924+0200: 12927,527: Total time for which application threads were stopped: 0,0000755 seconds, Stopping threads took: 0,0000221 seconds
2017-05-11T12:48:09.939+0200: 12927,542: Total time for which application threads were stopped: 0,0020795 seconds, Stopping threads took: 0,0019799 seconds
2017-05-11T12:48:09.946+0200: 12927,549: Total time for which application threads were stopped: 0,0056226 seconds, Stopping threads took: 0,0055348 seconds
2017-05-11T12:48:09.947+0200: 12927,550: Total time for which application threads were stopped: 0,0003900 seconds, Stopping threads took: 0,0003031 seconds
2017-05-11T12:48:09.949+0200: 12927,552: Total time for which application threads were stopped: 0,0004386 seconds, Stopping threads took: 0,0003356 seconds
2017-05-11T12:48:09.950+0200: 12927,552: Total time for which application threads were stopped: 0,0004401 seconds, Stopping threads took: 0,0003634 seconds
2017-05-11T12:48:09.950+0200: 12927,553: Total time for which application threads were stopped: 0,0000666 seconds, Stopping threads took: 0,0000101 seconds
2017-05-11T12:48:09.950+0200: 12927,553: Total time for which application threads were stopped: 0,0000666 seconds, Stopping threads took: 0,0000102 seconds
2017-05-11T12:48:09.951+0200: 12927,553: Total time for which application threads were stopped: 0,0000606 seconds, Stopping threads took: 0,0000089 seconds
2017-05-11T12:48:09.953+0200: 12927,555: Total time for which application threads were stopped: 0,0005909 seconds, Stopping threads took: 0,0004949 seconds
2017-05-11T12:48:09.953+0200: 12927,555: Total time for which application threads were stopped: 0,0000638 seconds, Stopping threads took: 0,0000179 seconds
2017-05-11T12:48:09.953+0200: 12927,556: Total time for which application threads were stopped: 0,0003759 seconds, Stopping threads took: 0,0003125 seconds
2017-05-11T12:48:09.964+0200: 12927,567: Total time for which application threads were stopped: 0,0001110 seconds, Stopping threads took: 0,0000301 seconds
2017-05-11T12:48:09.965+0200: 12927,567: Total time for which application threads were stopped: 0,0000639 seconds, Stopping threads took: 0,0000099 seconds
2017-05-11T12:48:09.965+0200: 12927,567: Total time for which application threads were stopped: 0,0000605 seconds, Stopping threads took: 0,0000162 seconds
2017-05-11T12:48:09.965+0200: 12927,567: Total time for which application threads were stopped: 0,0000537 seconds, Stopping threads took: 0,0000140 seconds
2017-05-11T12:48:09.965+0200: 12927,567: Total time for which application threads were stopped: 0,0000611 seconds, Stopping threads took: 0,0000172 seconds
2017-05-11T12:48:09.965+0200: 12927,568: Total time for which application threads were stopped: 0,0000752 seconds, Stopping threads took: 0,0000204 seconds
2017-05-11T12:48:09.965+0200: 12927,568: Total time for which application threads were stopped: 0,0000461 seconds, Stopping threads took: 0,0000061 seconds
2017-05-11T12:48:09.965+0200: 12927,568: Total time for which application threads were stopped: 0,0000464 seconds, Stopping threads took: 0,0000131 seconds
2017-05-11T12:48:09.966+0200: 12927,568: Total time for which application threads were stopped: 0,0000466 seconds, Stopping threads took: 0,0000127 seconds
2017-05-11T12:48:09.973+0200: 12927,575: Total time for which application threads were stopped: 0,0028156 seconds, Stopping threads took: 0,0027310 seconds
2017-05-11T12:48:09.978+0200: 12927,581: Total time for which application threads were stopped: 0,0042568 seconds, Stopping threads took: 0,0041600 seconds
2017-05-11T12:48:09.980+0200: 12927,582: Total time for which application threads were stopped: 0,0001241 seconds, Stopping threads took: 0,0000358 seconds
2017-05-11T12:48:09.980+0200: 12927,582: Total time for which application threads were stopped: 0,0000674 seconds, Stopping threads took: 0,0000176 seconds
2017-05-11T12:48:09.980+0200: 12927,583: Total time for which application threads were stopped: 0,0000814 seconds, Stopping threads took: 0,0000209 seconds
2017-05-11T12:48:09.980+0200: 12927,583: Total time for which application threads were stopped: 0,0000534 seconds, Stopping threads took: 0,0000150 seconds
2017-05-11T12:48:09.980+0200: 12927,583: Total time for which application threads were stopped: 0,0000503 seconds, Stopping threads took: 0,0000146 seconds
2017-05-11T12:48:09.981+0200: 12927,583: Total time for which application threads were stopped: 0,0000563 seconds, Stopping threads took: 0,0000188 seconds
2017-05-11T12:48:09.981+0200: 12927,583: Total time for which application threads were stopped: 0,0001768 seconds, Stopping threads took: 0,0000293 seconds
2017-05-11T12:48:09.981+0200: 12927,584: Total time for which application threads were stopped: 0,0000979 seconds, Stopping threads took: 0,0000500 seconds
2017-05-11T12:48:09.983+0200: 12927,585: Total time for which application threads were stopped: 0,0001464 seconds, Stopping threads took: 0,0000669 seconds
2017-05-11T12:48:09.984+0200: 12927,587: Total time for which application threads were stopped: 0,0001286 seconds, Stopping threads took: 0,0000368 seconds
Heap
 par new generation   total 109248K, used 32076K [0x00000000e0000000, 0x00000000e8000000, 0x00000000e8000000)
  eden space 87424K,  20% used [0x00000000e0000000, 0x00000000e114c950, 0x00000000e5560000)
  from space 21824K,  65% used [0x00000000e5560000, 0x00000000e6366a20, 0x00000000e6ab0000)
  to   space 21824K,   0% used [0x00000000e6ab0000, 0x00000000e6ab0000, 0x00000000e8000000)
 concurrent mark-sweep generation total 393216K, used 6882K [0x00000000e8000000, 0x0000000100000000, 0x0000000100000000)
 Metaspace       used 28180K, capacity 28748K, committed 29052K, reserved 1075200K
  class space    used 3229K, capacity 3429K, committed 3452K, reserved 1048576K
