OpenJDK 64-Bit Server VM (25.121-b13) for linux-amd64 JRE (1.8.0_121-8u121-b13-0ubuntu1.16.04.2-b13), built on Jan 23 2017 15:51:29 by "buildd" with gcc 5.4.0 20160609
Memory: 4k page, physical 7867760k(7508580k free), swap 8076284k(8076284k free)
CommandLine flags: -XX:CMSInitiatingOccupancyFraction=50 -XX:CMSMaxAbortablePrecleanTime=6000 -XX:+CMSParallelRemarkEnabled -XX:+CMSScavengeBeforeRemark -XX:ConcGCThreads=4 -XX:InitialHeapSize=536870912 -XX:MaxHeapSize=536870912 -XX:MaxTenuringThreshold=8 -XX:NewRatio=3 -XX:OldPLABSize=16 -XX:OnOutOfMemoryError=/opt/solr/bin/oom_solr.sh 8983 /var/solr/logs -XX:ParallelGCThreads=4 -XX:+ParallelRefProcEnabled -XX:PretenureSizeThreshold=67108864 -XX:+PrintGC -XX:+PrintGCApplicationStoppedTime -XX:+PrintGCDateStamps -XX:+PrintGCDetails -XX:+PrintGCTimeStamps -XX:+PrintHeapAtGC -XX:+PrintTenuringDistribution -XX:SurvivorRatio=4 -XX:TargetSurvivorRatio=90 -XX:ThreadStackSize=256 -XX:+UseCMSInitiatingOccupancyOnly -XX:+UseCompressedClassPointers -XX:+UseCompressedOops -XX:+UseConcMarkSweepGC -XX:+UseParNewGC 
2017-02-27T00:38:04.660+0100: 0,134: Total time for which application threads were stopped: 0,0000642 seconds, Stopping threads took: 0,0000127 seconds
2017-02-27T00:38:04.727+0100: 0,201: Total time for which application threads were stopped: 0,0011869 seconds, Stopping threads took: 0,0010731 seconds
2017-02-27T00:38:04.749+0100: 0,223: Total time for which application threads were stopped: 0,0000926 seconds, Stopping threads took: 0,0000141 seconds
2017-02-27T00:38:05.035+0100: 0,510: Total time for which application threads were stopped: 0,0001427 seconds, Stopping threads took: 0,0000113 seconds
2017-02-27T00:38:05.473+0100: 0,947: Total time for which application threads were stopped: 0,0001769 seconds, Stopping threads took: 0,0000152 seconds
2017-02-27T00:38:05.585+0100: 1,059: Total time for which application threads were stopped: 0,0002533 seconds, Stopping threads took: 0,0000189 seconds
2017-02-27T00:38:05.613+0100: 1,087: Total time for which application threads were stopped: 0,0002091 seconds, Stopping threads took: 0,0000305 seconds
2017-02-27T00:38:05.954+0100: 1,429: Total time for which application threads were stopped: 0,0002237 seconds, Stopping threads took: 0,0000313 seconds
2017-02-27T00:38:06.047+0100: 1,521: Total time for which application threads were stopped: 0,0001507 seconds, Stopping threads took: 0,0000113 seconds
2017-02-27T00:38:06.180+0100: 1,654: Total time for which application threads were stopped: 0,0002397 seconds, Stopping threads took: 0,0000215 seconds
2017-02-27T00:38:06.212+0100: 1,687: Total time for which application threads were stopped: 0,0001857 seconds, Stopping threads took: 0,0000149 seconds
2017-02-27T00:38:06.247+0100: 1,721: Total time for which application threads were stopped: 0,0001858 seconds, Stopping threads took: 0,0000186 seconds
2017-02-27T00:38:06.248+0100: 1,722: Total time for which application threads were stopped: 0,0001404 seconds, Stopping threads took: 0,0000110 seconds
2017-02-27T00:38:06.265+0100: 1,740: Total time for which application threads were stopped: 0,0001723 seconds, Stopping threads took: 0,0000173 seconds
2017-02-27T00:38:06.344+0100: 1,819: Total time for which application threads were stopped: 0,0002397 seconds, Stopping threads took: 0,0000201 seconds
2017-02-27T00:38:06.491+0100: 1,965: Total time for which application threads were stopped: 0,0004567 seconds, Stopping threads took: 0,0002356 seconds
{Heap before GC invocations=0 (full 0):
 par new generation   total 109248K, used 87424K [0x00000000e0000000, 0x00000000e8000000, 0x00000000e8000000)
  eden space 87424K, 100% used [0x00000000e0000000, 0x00000000e5560000, 0x00000000e5560000)
  from space 21824K,   0% used [0x00000000e5560000, 0x00000000e5560000, 0x00000000e6ab0000)
  to   space 21824K,   0% used [0x00000000e6ab0000, 0x00000000e6ab0000, 0x00000000e8000000)
 concurrent mark-sweep generation total 393216K, used 0K [0x00000000e8000000, 0x0000000100000000, 0x0000000100000000)
 Metaspace       used 17989K, capacity 18336K, committed 18688K, reserved 1064960K
  class space    used 2036K, capacity 2196K, committed 2304K, reserved 1048576K
2017-02-27T00:38:06.570+0100: 2,044: [GC (Allocation Failure) 2017-02-27T00:38:06.570+0100: 2,044: [ParNew
Desired survivor size 20112992 bytes, new threshold 8 (max 8)
- age   1:   12164256 bytes,   12164256 total
: 87424K->11986K(109248K), 0,0158847 secs] 87424K->11986K(502464K), 0,0159434 secs] [Times: user=0,03 sys=0,02, real=0,02 secs] 
Heap after GC invocations=1 (full 0):
 par new generation   total 109248K, used 11986K [0x00000000e0000000, 0x00000000e8000000, 0x00000000e8000000)
  eden space 87424K,   0% used [0x00000000e0000000, 0x00000000e0000000, 0x00000000e5560000)
  from space 21824K,  54% used [0x00000000e6ab0000, 0x00000000e7664a18, 0x00000000e8000000)
  to   space 21824K,   0% used [0x00000000e5560000, 0x00000000e5560000, 0x00000000e6ab0000)
 concurrent mark-sweep generation total 393216K, used 0K [0x00000000e8000000, 0x0000000100000000, 0x0000000100000000)
 Metaspace       used 17989K, capacity 18336K, committed 18688K, reserved 1064960K
  class space    used 2036K, capacity 2196K, committed 2304K, reserved 1048576K
}
2017-02-27T00:38:06.586+0100: 2,060: Total time for which application threads were stopped: 0,0178570 seconds, Stopping threads took: 0,0017409 seconds
2017-02-27T00:38:06.892+0100: 2,367: Total time for which application threads were stopped: 0,0004290 seconds, Stopping threads took: 0,0000758 seconds
2017-02-27T00:38:06.937+0100: 2,412: Total time for which application threads were stopped: 0,0003824 seconds, Stopping threads took: 0,0000716 seconds
{Heap before GC invocations=1 (full 0):
 par new generation   total 109248K, used 99410K [0x00000000e0000000, 0x00000000e8000000, 0x00000000e8000000)
  eden space 87424K, 100% used [0x00000000e0000000, 0x00000000e5560000, 0x00000000e5560000)
  from space 21824K,  54% used [0x00000000e6ab0000, 0x00000000e7664a18, 0x00000000e8000000)
  to   space 21824K,   0% used [0x00000000e5560000, 0x00000000e5560000, 0x00000000e6ab0000)
 concurrent mark-sweep generation total 393216K, used 0K [0x00000000e8000000, 0x0000000100000000, 0x0000000100000000)
 Metaspace       used 20052K, capacity 20366K, committed 20736K, reserved 1067008K
  class space    used 2298K, capacity 2471K, committed 2560K, reserved 1048576K
2017-02-27T00:38:06.949+0100: 2,424: [GC (Allocation Failure) 2017-02-27T00:38:06.949+0100: 2,424: [ParNew
Desired survivor size 20112992 bytes, new threshold 8 (max 8)
- age   1:    3662736 bytes,    3662736 total
- age   2:    6542088 bytes,   10204824 total
: 99410K->15433K(109248K), 0,0142984 secs] 99410K->15433K(502464K), 0,0143687 secs] [Times: user=0,03 sys=0,01, real=0,02 secs] 
Heap after GC invocations=2 (full 0):
 par new generation   total 109248K, used 15433K [0x00000000e0000000, 0x00000000e8000000, 0x00000000e8000000)
  eden space 87424K,   0% used [0x00000000e0000000, 0x00000000e0000000, 0x00000000e5560000)
  from space 21824K,  70% used [0x00000000e5560000, 0x00000000e6472580, 0x00000000e6ab0000)
  to   space 21824K,   0% used [0x00000000e6ab0000, 0x00000000e6ab0000, 0x00000000e8000000)
 concurrent mark-sweep generation total 393216K, used 0K [0x00000000e8000000, 0x0000000100000000, 0x0000000100000000)
 Metaspace       used 20052K, capacity 20366K, committed 20736K, reserved 1067008K
  class space    used 2298K, capacity 2471K, committed 2560K, reserved 1048576K
}
2017-02-27T00:38:06.964+0100: 2,438: Total time for which application threads were stopped: 0,0163700 seconds, Stopping threads took: 0,0018485 seconds
2017-02-27T00:38:06.996+0100: 2,470: Total time for which application threads were stopped: 0,0007584 seconds, Stopping threads took: 0,0004084 seconds
2017-02-27T00:38:07.164+0100: 2,638: Total time for which application threads were stopped: 0,0031127 seconds, Stopping threads took: 0,0029803 seconds
{Heap before GC invocations=2 (full 0):
 par new generation   total 109248K, used 102833K [0x00000000e0000000, 0x00000000e8000000, 0x00000000e8000000)
  eden space 87424K,  99% used [0x00000000e0000000, 0x00000000e555a240, 0x00000000e5560000)
  from space 21824K,  70% used [0x00000000e5560000, 0x00000000e6472580, 0x00000000e6ab0000)
  to   space 21824K,   0% used [0x00000000e6ab0000, 0x00000000e6ab0000, 0x00000000e8000000)
 concurrent mark-sweep generation total 393216K, used 0K [0x00000000e8000000, 0x0000000100000000, 0x0000000100000000)
 Metaspace       used 20962K, capacity 21300K, committed 21552K, reserved 1069056K
  class space    used 2420K, capacity 2592K, committed 2608K, reserved 1048576K
2017-02-27T00:38:07.191+0100: 2,665: [GC (Allocation Failure) 2017-02-27T00:38:07.191+0100: 2,665: [ParNew
Desired survivor size 20112992 bytes, new threshold 8 (max 8)
- age   1:    2263344 bytes,    2263344 total
- age   2:     947376 bytes,    3210720 total
- age   3:    6538728 bytes,    9749448 total
: 102833K->12156K(109248K), 0,0109360 secs] 102833K->12156K(502464K), 0,0110069 secs] [Times: user=0,04 sys=0,00, real=0,02 secs] 
Heap after GC invocations=3 (full 0):
 par new generation   total 109248K, used 12156K [0x00000000e0000000, 0x00000000e8000000, 0x00000000e8000000)
  eden space 87424K,   0% used [0x00000000e0000000, 0x00000000e0000000, 0x00000000e5560000)
  from space 21824K,  55% used [0x00000000e6ab0000, 0x00000000e768f230, 0x00000000e8000000)
  to   space 21824K,   0% used [0x00000000e5560000, 0x00000000e5560000, 0x00000000e6ab0000)
 concurrent mark-sweep generation total 393216K, used 0K [0x00000000e8000000, 0x0000000100000000, 0x0000000100000000)
 Metaspace       used 20962K, capacity 21300K, committed 21552K, reserved 1069056K
  class space    used 2420K, capacity 2592K, committed 2608K, reserved 1048576K
}
2017-02-27T00:38:07.202+0100: 2,676: Total time for which application threads were stopped: 0,0112446 seconds, Stopping threads took: 0,0001046 seconds
2017-02-27T00:38:07.202+0100: 2,677: [GC (CMS Initial Mark) [1 CMS-initial-mark: 0K(393216K)] 12188K(502464K), 0,0041763 secs] [Times: user=0,01 sys=0,00, real=0,00 secs] 
2017-02-27T00:38:07.206+0100: 2,681: Total time for which application threads were stopped: 0,0043452 seconds, Stopping threads took: 0,0000508 seconds
2017-02-27T00:38:07.206+0100: 2,681: [CMS-concurrent-mark-start]
2017-02-27T00:38:07.207+0100: 2,681: [CMS-concurrent-mark: 0,000/0,000 secs] [Times: user=0,00 sys=0,00, real=0,00 secs] 
2017-02-27T00:38:07.207+0100: 2,681: [CMS-concurrent-preclean-start]
2017-02-27T00:38:07.208+0100: 2,683: [CMS-concurrent-preclean: 0,001/0,001 secs] [Times: user=0,01 sys=0,00, real=0,00 secs] 
2017-02-27T00:38:07.208+0100: 2,683: [CMS-concurrent-abortable-preclean-start]
{Heap before GC invocations=3 (full 1):
 par new generation   total 109248K, used 99580K [0x00000000e0000000, 0x00000000e8000000, 0x00000000e8000000)
  eden space 87424K, 100% used [0x00000000e0000000, 0x00000000e5560000, 0x00000000e5560000)
  from space 21824K,  55% used [0x00000000e6ab0000, 0x00000000e768f230, 0x00000000e8000000)
  to   space 21824K,   0% used [0x00000000e5560000, 0x00000000e5560000, 0x00000000e6ab0000)
 concurrent mark-sweep generation total 393216K, used 0K [0x00000000e8000000, 0x0000000100000000, 0x0000000100000000)
 Metaspace       used 21244K, capacity 21570K, committed 21628K, reserved 1069056K
  class space    used 2450K, capacity 2606K, committed 2608K, reserved 1048576K
2017-02-27T00:38:07.334+0100: 2,809: [GC (Allocation Failure) 2017-02-27T00:38:07.334+0100: 2,809: [ParNew
Desired survivor size 20112992 bytes, new threshold 8 (max 8)
- age   1:    1316328 bytes,    1316328 total
- age   2:    1481248 bytes,    2797576 total
- age   3:     915968 bytes,    3713544 total
- age   4:    6538480 bytes,   10252024 total
: 99580K->14429K(109248K), 0,0109185 secs] 99580K->14429K(502464K), 0,0109819 secs] [Times: user=0,04 sys=0,00, real=0,01 secs] 
Heap after GC invocations=4 (full 1):
 par new generation   total 109248K, used 14429K [0x00000000e0000000, 0x00000000e8000000, 0x00000000e8000000)
  eden space 87424K,   0% used [0x00000000e0000000, 0x00000000e0000000, 0x00000000e5560000)
  from space 21824K,  66% used [0x00000000e5560000, 0x00000000e63777d0, 0x00000000e6ab0000)
  to   space 21824K,   0% used [0x00000000e6ab0000, 0x00000000e6ab0000, 0x00000000e8000000)
 concurrent mark-sweep generation total 393216K, used 0K [0x00000000e8000000, 0x0000000100000000, 0x0000000100000000)
 Metaspace       used 21244K, capacity 21570K, committed 21628K, reserved 1069056K
  class space    used 2450K, capacity 2606K, committed 2608K, reserved 1048576K
}
2017-02-27T00:38:07.345+0100: 2,820: Total time for which application threads were stopped: 0,0113056 seconds, Stopping threads took: 0,0001890 seconds
2017-02-27T00:38:07.367+0100: 2,842: Total time for which application threads were stopped: 0,0001377 seconds, Stopping threads took: 0,0000652 seconds
2017-02-27T00:38:07.367+0100: 2,842: [CMS-concurrent-abortable-preclean: 0,127/0,159 secs] [Times: user=0,58 sys=0,00, real=0,16 secs] 
2017-02-27T00:38:07.382+0100: 2,856: [GC (CMS Final Remark) [YG occupancy: 51871 K (109248 K)]{Heap before GC invocations=4 (full 1):
 par new generation   total 109248K, used 51871K [0x00000000e0000000, 0x00000000e8000000, 0x00000000e8000000)
  eden space 87424K,  42% used [0x00000000e0000000, 0x00000000e2490660, 0x00000000e5560000)
  from space 21824K,  66% used [0x00000000e5560000, 0x00000000e63777d0, 0x00000000e6ab0000)
  to   space 21824K,   0% used [0x00000000e6ab0000, 0x00000000e6ab0000, 0x00000000e8000000)
 concurrent mark-sweep generation total 393216K, used 0K [0x00000000e8000000, 0x0000000100000000, 0x0000000100000000)
 Metaspace       used 21275K, capacity 21730K, committed 21960K, reserved 1069056K
  class space    used 2454K, capacity 2638K, committed 2684K, reserved 1048576K
2017-02-27T00:38:07.382+0100: 2,856: [GC (CMS Final Remark) 2017-02-27T00:38:07.382+0100: 2,856: [ParNew
Desired survivor size 20112992 bytes, new threshold 8 (max 8)
- age   1:     997680 bytes,     997680 total
- age   2:     175072 bytes,    1172752 total
- age   3:    1475856 bytes,    2648608 total
- age   4:     915904 bytes,    3564512 total
- age   5:    6538688 bytes,   10103200 total
: 51871K->11631K(109248K), 0,0090059 secs] 51871K->11631K(502464K), 0,0090460 secs] [Times: user=0,03 sys=0,00, real=0,00 secs] 
Heap after GC invocations=5 (full 1):
 par new generation   total 109248K, used 11631K [0x00000000e0000000, 0x00000000e8000000, 0x00000000e8000000)
  eden space 87424K,   0% used [0x00000000e0000000, 0x00000000e0000000, 0x00000000e5560000)
  from space 21824K,  53% used [0x00000000e6ab0000, 0x00000000e760be80, 0x00000000e8000000)
  to   space 21824K,   0% used [0x00000000e5560000, 0x00000000e5560000, 0x00000000e6ab0000)
 concurrent mark-sweep generation total 393216K, used 0K [0x00000000e8000000, 0x0000000100000000, 0x0000000100000000)
 Metaspace       used 21275K, capacity 21730K, committed 21960K, reserved 1069056K
  class space    used 2454K, capacity 2638K, committed 2684K, reserved 1048576K
}
2017-02-27T00:38:07.391+0100: 2,866: [Rescan (parallel) , 0,0038462 secs]2017-02-27T00:38:07.395+0100: 2,869: [weak refs processing, 0,0009096 secs]2017-02-27T00:38:07.396+0100: 2,870: [class unloading, 0,0028361 secs]2017-02-27T00:38:07.399+0100: 2,873: [scrub symbol table, 0,0025776 secs]2017-02-27T00:38:07.401+0100: 2,876: [scrub string table, 0,0003672 secs][1 CMS-remark: 0K(393216K)] 11631K(502464K), 0,0202452 secs] [Times: user=0,06 sys=0,00, real=0,02 secs] 
2017-02-27T00:38:07.402+0100: 2,877: Total time for which application threads were stopped: 0,0243050 seconds, Stopping threads took: 0,0039751 seconds
2017-02-27T00:38:07.402+0100: 2,877: [CMS-concurrent-sweep-start]
2017-02-27T00:38:07.402+0100: 2,877: [CMS-concurrent-sweep: 0,000/0,000 secs] [Times: user=0,00 sys=0,00, real=0,00 secs] 
2017-02-27T00:38:07.402+0100: 2,877: [CMS-concurrent-reset-start]
2017-02-27T00:38:07.403+0100: 2,878: [CMS-concurrent-reset: 0,001/0,001 secs] [Times: user=0,00 sys=0,00, real=0,00 secs] 
2017-02-27T00:38:07.507+0100: 2,982: Total time for which application threads were stopped: 0,0003709 seconds, Stopping threads took: 0,0000230 seconds
2017-02-27T00:38:07.713+0100: 3,188: Total time for which application threads were stopped: 0,0004879 seconds, Stopping threads took: 0,0000659 seconds
{Heap before GC invocations=5 (full 1):
 par new generation   total 109248K, used 99055K [0x00000000e0000000, 0x00000000e8000000, 0x00000000e8000000)
  eden space 87424K, 100% used [0x00000000e0000000, 0x00000000e5560000, 0x00000000e5560000)
  from space 21824K,  53% used [0x00000000e6ab0000, 0x00000000e760be80, 0x00000000e8000000)
  to   space 21824K,   0% used [0x00000000e5560000, 0x00000000e5560000, 0x00000000e6ab0000)
 concurrent mark-sweep generation total 393216K, used 0K [0x00000000e8000000, 0x0000000100000000, 0x0000000100000000)
 Metaspace       used 22906K, capacity 23264K, committed 23292K, reserved 1069056K
  class space    used 2640K, capacity 2805K, committed 2812K, reserved 1048576K
2017-02-27T00:38:07.718+0100: 3,192: [GC (Allocation Failure) 2017-02-27T00:38:07.718+0100: 3,192: [ParNew
Desired survivor size 20112992 bytes, new threshold 8 (max 8)
- age   1:    2664448 bytes,    2664448 total
- age   2:      41624 bytes,    2706072 total
- age   3:     173728 bytes,    2879800 total
- age   4:     305944 bytes,    3185744 total
- age   5:     900288 bytes,    4086032 total
- age   6:    6534824 bytes,   10620856 total
: 99055K->15493K(109248K), 0,0153294 secs] 99055K->15493K(502464K), 0,0154117 secs] [Times: user=0,06 sys=0,00, real=0,01 secs] 
Heap after GC invocations=6 (full 1):
 par new generation   total 109248K, used 15493K [0x00000000e0000000, 0x00000000e8000000, 0x00000000e8000000)
  eden space 87424K,   0% used [0x00000000e0000000, 0x00000000e0000000, 0x00000000e5560000)
  from space 21824K,  70% used [0x00000000e5560000, 0x00000000e6481760, 0x00000000e6ab0000)
  to   space 21824K,   0% used [0x00000000e6ab0000, 0x00000000e6ab0000, 0x00000000e8000000)
 concurrent mark-sweep generation total 393216K, used 0K [0x00000000e8000000, 0x0000000100000000, 0x0000000100000000)
 Metaspace       used 22906K, capacity 23264K, committed 23292K, reserved 1069056K
  class space    used 2640K, capacity 2805K, committed 2812K, reserved 1048576K
}
2017-02-27T00:38:07.733+0100: 3,207: Total time for which application threads were stopped: 0,0156225 seconds, Stopping threads took: 0,0000575 seconds
2017-02-27T00:38:07.745+0100: 3,219: Total time for which application threads were stopped: 0,0004582 seconds, Stopping threads took: 0,0000404 seconds
{Heap before GC invocations=6 (full 1):
 par new generation   total 109248K, used 102917K [0x00000000e0000000, 0x00000000e8000000, 0x00000000e8000000)
  eden space 87424K, 100% used [0x00000000e0000000, 0x00000000e5560000, 0x00000000e5560000)
  from space 21824K,  70% used [0x00000000e5560000, 0x00000000e6481760, 0x00000000e6ab0000)
  to   space 21824K,   0% used [0x00000000e6ab0000, 0x00000000e6ab0000, 0x00000000e8000000)
 concurrent mark-sweep generation total 393216K, used 0K [0x00000000e8000000, 0x0000000100000000, 0x0000000100000000)
 Metaspace       used 24617K, capacity 25110K, committed 25468K, reserved 1071104K
  class space    used 2887K, capacity 3080K, committed 3196K, reserved 1048576K
2017-02-27T00:38:08.015+0100: 3,490: [GC (Allocation Failure) 2017-02-27T00:38:08.015+0100: 3,490: [ParNew
Desired survivor size 20112992 bytes, new threshold 8 (max 8)
- age   1:    3509608 bytes,    3509608 total
- age   2:    1495696 bytes,    5005304 total
- age   3:      41624 bytes,    5046928 total
- age   4:     173160 bytes,    5220088 total
- age   5:     302752 bytes,    5522840 total
- age   6:     886888 bytes,    6409728 total
- age   7:    6529880 bytes,   12939608 total
: 102917K->15257K(109248K), 0,0209251 secs] 102917K->15257K(502464K), 0,0210025 secs] [Times: user=0,07 sys=0,00, real=0,02 secs] 
Heap after GC invocations=7 (full 1):
 par new generation   total 109248K, used 15257K [0x00000000e0000000, 0x00000000e8000000, 0x00000000e8000000)
  eden space 87424K,   0% used [0x00000000e0000000, 0x00000000e0000000, 0x00000000e5560000)
  from space 21824K,  69% used [0x00000000e6ab0000, 0x00000000e79964c0, 0x00000000e8000000)
  to   space 21824K,   0% used [0x00000000e5560000, 0x00000000e5560000, 0x00000000e6ab0000)
 concurrent mark-sweep generation total 393216K, used 0K [0x00000000e8000000, 0x0000000100000000, 0x0000000100000000)
 Metaspace       used 24617K, capacity 25110K, committed 25468K, reserved 1071104K
  class space    used 2887K, capacity 3080K, committed 3196K, reserved 1048576K
}
2017-02-27T00:38:08.036+0100: 3,511: Total time for which application threads were stopped: 0,0213171 seconds, Stopping threads took: 0,0000425 seconds
2017-02-27T00:38:08.311+0100: 3,785: Total time for which application threads were stopped: 0,0006039 seconds, Stopping threads took: 0,0000440 seconds
2017-02-27T00:38:08.325+0100: 3,799: Total time for which application threads were stopped: 0,0003496 seconds, Stopping threads took: 0,0000145 seconds
2017-02-27T00:38:08.385+0100: 3,859: Total time for which application threads were stopped: 0,0005442 seconds, Stopping threads took: 0,0000503 seconds
{Heap before GC invocations=7 (full 1):
 par new generation   total 109248K, used 102681K [0x00000000e0000000, 0x00000000e8000000, 0x00000000e8000000)
  eden space 87424K, 100% used [0x00000000e0000000, 0x00000000e5560000, 0x00000000e5560000)
  from space 21824K,  69% used [0x00000000e6ab0000, 0x00000000e79964c0, 0x00000000e8000000)
  to   space 21824K,   0% used [0x00000000e5560000, 0x00000000e5560000, 0x00000000e6ab0000)
 concurrent mark-sweep generation total 393216K, used 0K [0x00000000e8000000, 0x0000000100000000, 0x0000000100000000)
 Metaspace       used 26937K, capacity 27488K, committed 27644K, reserved 1073152K
  class space    used 3102K, capacity 3292K, committed 3324K, reserved 1048576K
2017-02-27T00:38:08.428+0100: 3,902: [GC (Allocation Failure) 2017-02-27T00:38:08.428+0100: 3,902: [ParNew
Desired survivor size 20112992 bytes, new threshold 8 (max 8)
- age   1:    7339912 bytes,    7339912 total
- age   2:     895608 bytes,    8235520 total
- age   3:     653352 bytes,    8888872 total
- age   4:      20024 bytes,    8908896 total
- age   5:      93336 bytes,    9002232 total
- age   6:     181552 bytes,    9183784 total
- age   7:     782952 bytes,    9966736 total
- age   8:    6079688 bytes,   16046424 total
: 102681K->21824K(109248K), 0,0160323 secs] 102681K->21824K(502464K), 0,0161135 secs] [Times: user=0,04 sys=0,02, real=0,02 secs] 
Heap after GC invocations=8 (full 1):
 par new generation   total 109248K, used 21824K [0x00000000e0000000, 0x00000000e8000000, 0x00000000e8000000)
  eden space 87424K,   0% used [0x00000000e0000000, 0x00000000e0000000, 0x00000000e5560000)
  from space 21824K, 100% used [0x00000000e5560000, 0x00000000e6ab0000, 0x00000000e6ab0000)
  to   space 21824K,   0% used [0x00000000e6ab0000, 0x00000000e6ab0000, 0x00000000e8000000)
 concurrent mark-sweep generation total 393216K, used 0K [0x00000000e8000000, 0x0000000100000000, 0x0000000100000000)
 Metaspace       used 26937K, capacity 27488K, committed 27644K, reserved 1073152K
  class space    used 3102K, capacity 3292K, committed 3324K, reserved 1048576K
}
2017-02-27T00:38:08.444+0100: 3,919: Total time for which application threads were stopped: 0,0163645 seconds, Stopping threads took: 0,0001132 seconds
2017-02-27T00:38:08.527+0100: 4,002: Total time for which application threads were stopped: 0,0005372 seconds, Stopping threads took: 0,0000218 seconds
2017-02-27T00:38:08.577+0100: 4,052: Total time for which application threads were stopped: 0,0006655 seconds, Stopping threads took: 0,0000295 seconds
2017-02-27T00:38:11.578+0100: 7,052: Total time for which application threads were stopped: 0,0000632 seconds, Stopping threads took: 0,0000167 seconds
2017-02-27T00:38:15.578+0100: 11,053: Total time for which application threads were stopped: 0,0000604 seconds, Stopping threads took: 0,0000155 seconds
2017-02-27T00:38:30.580+0100: 26,055: Total time for which application threads were stopped: 0,0000618 seconds, Stopping threads took: 0,0000157 seconds
2017-02-27T00:38:36.581+0100: 32,056: Total time for which application threads were stopped: 0,0000616 seconds, Stopping threads took: 0,0000161 seconds
2017-02-27T00:39:36.590+0100: 92,064: Total time for which application threads were stopped: 0,0000758 seconds, Stopping threads took: 0,0000203 seconds
2017-02-27T00:40:05.792+0100: 122,068: Total time for which application threads were stopped: 0,0000859 seconds, Stopping threads took: 0,0000357 seconds
2017-02-27T00:40:10.793+0100: 127,069: Total time for which application threads were stopped: 0,0001586 seconds, Stopping threads took: 0,0000596 seconds
2017-02-27T00:40:39.797+0100: 156,072: Total time for which application threads were stopped: 0,0000787 seconds, Stopping threads took: 0,0000323 seconds
2017-02-27T00:40:49.798+0100: 166,074: Total time for which application threads were stopped: 0,0001795 seconds, Stopping threads took: 0,0000680 seconds
2017-02-27T00:40:54.799+0100: 171,075: Total time for which application threads were stopped: 0,0001028 seconds, Stopping threads took: 0,0000241 seconds
2017-02-27T00:40:59.800+0100: 176,076: Total time for which application threads were stopped: 0,0000733 seconds, Stopping threads took: 0,0000175 seconds
2017-02-27T00:41:04.801+0100: 181,077: Total time for which application threads were stopped: 0,0001438 seconds, Stopping threads took: 0,0000323 seconds
2017-02-27T00:41:49.807+0100: 226,082: Total time for which application threads were stopped: 0,0001138 seconds, Stopping threads took: 0,0000387 seconds
2017-02-27T00:42:24.811+0100: 261,086: Total time for which application threads were stopped: 0,0000950 seconds, Stopping threads took: 0,0000327 seconds
2017-02-27T00:42:29.811+0100: 266,087: Total time for which application threads were stopped: 0,0001389 seconds, Stopping threads took: 0,0000316 seconds
2017-02-27T00:42:40.813+0100: 277,088: Total time for which application threads were stopped: 0,0002042 seconds, Stopping threads took: 0,0000313 seconds
2017-02-27T01:01:34.932+0100: 1411,208: Total time for which application threads were stopped: 0,0000735 seconds, Stopping threads took: 0,0000275 seconds
2017-02-27T01:06:29.965+0100: 1706,240: Total time for which application threads were stopped: 0,0000980 seconds, Stopping threads took: 0,0000302 seconds
2017-02-27T01:16:30.034+0100: 2306,309: Total time for which application threads were stopped: 0,0000821 seconds, Stopping threads took: 0,0000309 seconds
2017-02-27T01:16:31.034+0100: 2307,309: Total time for which application threads were stopped: 0,0001991 seconds, Stopping threads took: 0,0000298 seconds
2017-02-27T01:31:21.140+0100: 3197,416: Total time for which application threads were stopped: 0,0000997 seconds, Stopping threads took: 0,0000392 seconds
2017-02-27T01:42:35.220+0100: 3871,496: Total time for which application threads were stopped: 0,0001939 seconds, Stopping threads took: 0,0000764 seconds
2017-02-27T01:44:35.239+0100: 3991,515: Total time for which application threads were stopped: 0,0001610 seconds, Stopping threads took: 0,0000627 seconds
2017-02-27T01:56:55.049+0100: 4731,325: Total time for which application threads were stopped: 0,0001583 seconds, Stopping threads took: 0,0000237 seconds
Heap
 par new generation   total 109248K, used 57242K [0x00000000e0000000, 0x00000000e8000000, 0x00000000e8000000)
  eden space 87424K,  40% used [0x00000000e0000000, 0x00000000e22969a8, 0x00000000e5560000)
  from space 21824K, 100% used [0x00000000e5560000, 0x00000000e6ab0000, 0x00000000e6ab0000)
  to   space 21824K,   0% used [0x00000000e6ab0000, 0x00000000e6ab0000, 0x00000000e8000000)
 concurrent mark-sweep generation total 393216K, used 0K [0x00000000e8000000, 0x0000000100000000, 0x0000000100000000)
 Metaspace       used 28083K, capacity 28622K, committed 28796K, reserved 1075200K
  class space    used 3227K, capacity 3391K, committed 3452K, reserved 1048576K
