OpenJDK 64-Bit Server VM (25.121-b13) for linux-amd64 JRE (1.8.0_121-8u121-b13-0ubuntu1.16.04.2-b13), built on Jan 23 2017 15:51:29 by "buildd" with gcc 5.4.0 20160609
Memory: 4k page, physical 7867764k(7426888k free), swap 8076284k(8076284k free)
CommandLine flags: -XX:CMSInitiatingOccupancyFraction=50 -XX:CMSMaxAbortablePrecleanTime=6000 -XX:+CMSParallelRemarkEnabled -XX:+CMSScavengeBeforeRemark -XX:ConcGCThreads=4 -XX:InitialHeapSize=536870912 -XX:MaxHeapSize=536870912 -XX:MaxTenuringThreshold=8 -XX:NewRatio=3 -XX:OldPLABSize=16 -XX:OnOutOfMemoryError=/opt/solr/bin/oom_solr.sh 8983 /var/solr/logs -XX:ParallelGCThreads=4 -XX:+ParallelRefProcEnabled -XX:PretenureSizeThreshold=67108864 -XX:+PrintGC -XX:+PrintGCApplicationStoppedTime -XX:+PrintGCDateStamps -XX:+PrintGCDetails -XX:+PrintGCTimeStamps -XX:+PrintHeapAtGC -XX:+PrintTenuringDistribution -XX:SurvivorRatio=4 -XX:TargetSurvivorRatio=90 -XX:ThreadStackSize=256 -XX:+UseCMSInitiatingOccupancyOnly -XX:+UseCompressedClassPointers -XX:+UseCompressedOops -XX:+UseConcMarkSweepGC -XX:+UseParNewGC 
2017-04-11T08:57:26.492+0200: 0,147: Total time for which application threads were stopped: 0,0000724 seconds, Stopping threads took: 0,0000124 seconds
2017-04-11T08:57:26.573+0200: 0,228: Total time for which application threads were stopped: 0,0001286 seconds, Stopping threads took: 0,0000248 seconds
2017-04-11T08:57:26.593+0200: 0,249: Total time for which application threads were stopped: 0,0000916 seconds, Stopping threads took: 0,0000173 seconds
2017-04-11T08:57:26.932+0200: 0,587: Total time for which application threads were stopped: 0,0002253 seconds, Stopping threads took: 0,0000266 seconds
2017-04-11T08:57:27.507+0200: 1,162: Total time for which application threads were stopped: 0,0001274 seconds, Stopping threads took: 0,0000145 seconds
2017-04-11T08:57:27.576+0200: 1,232: Total time for which application threads were stopped: 0,0001783 seconds, Stopping threads took: 0,0000208 seconds
2017-04-11T08:57:27.618+0200: 1,274: Total time for which application threads were stopped: 0,0012512 seconds, Stopping threads took: 0,0004537 seconds
2017-04-11T08:57:27.980+0200: 1,635: Total time for which application threads were stopped: 0,0001800 seconds, Stopping threads took: 0,0000175 seconds
2017-04-11T08:57:28.224+0200: 1,879: Total time for which application threads were stopped: 0,0001879 seconds, Stopping threads took: 0,0000113 seconds
2017-04-11T08:57:28.243+0200: 1,899: Total time for which application threads were stopped: 0,0001638 seconds, Stopping threads took: 0,0000232 seconds
2017-04-11T08:57:28.271+0200: 1,927: Total time for which application threads were stopped: 0,0002435 seconds, Stopping threads took: 0,0000258 seconds
2017-04-11T08:57:28.272+0200: 1,928: Total time for which application threads were stopped: 0,0002105 seconds, Stopping threads took: 0,0000198 seconds
2017-04-11T08:57:28.287+0200: 1,942: Total time for which application threads were stopped: 0,0001777 seconds, Stopping threads took: 0,0000207 seconds
2017-04-11T08:57:28.350+0200: 2,005: Total time for which application threads were stopped: 0,0002551 seconds, Stopping threads took: 0,0000220 seconds
2017-04-11T08:57:28.519+0200: 2,174: Total time for which application threads were stopped: 0,0002365 seconds, Stopping threads took: 0,0000312 seconds
{Heap before GC invocations=0 (full 0):
 par new generation   total 109248K, used 87424K [0x00000000e0000000, 0x00000000e8000000, 0x00000000e8000000)
  eden space 87424K, 100% used [0x00000000e0000000, 0x00000000e5560000, 0x00000000e5560000)
  from space 21824K,   0% used [0x00000000e5560000, 0x00000000e5560000, 0x00000000e6ab0000)
  to   space 21824K,   0% used [0x00000000e6ab0000, 0x00000000e6ab0000, 0x00000000e8000000)
 concurrent mark-sweep generation total 393216K, used 0K [0x00000000e8000000, 0x0000000100000000, 0x0000000100000000)
 Metaspace       used 17893K, capacity 18240K, committed 18304K, reserved 1064960K
  class space    used 2023K, capacity 2164K, committed 2176K, reserved 1048576K
2017-04-11T08:57:28.578+0200: 2,233: [GC (Allocation Failure) 2017-04-11T08:57:28.578+0200: 2,233: [ParNew
Desired survivor size 20112992 bytes, new threshold 8 (max 8)
- age   1:   11912792 bytes,   11912792 total
: 87424K->11733K(109248K), 0,0151191 secs] 87424K->11733K(502464K), 0,0152027 secs] [Times: user=0,04 sys=0,01, real=0,01 secs] 
Heap after GC invocations=1 (full 0):
 par new generation   total 109248K, used 11733K [0x00000000e0000000, 0x00000000e8000000, 0x00000000e8000000)
  eden space 87424K,   0% used [0x00000000e0000000, 0x00000000e0000000, 0x00000000e5560000)
  from space 21824K,  53% used [0x00000000e6ab0000, 0x00000000e7625570, 0x00000000e8000000)
  to   space 21824K,   0% used [0x00000000e5560000, 0x00000000e5560000, 0x00000000e6ab0000)
 concurrent mark-sweep generation total 393216K, used 0K [0x00000000e8000000, 0x0000000100000000, 0x0000000100000000)
 Metaspace       used 17893K, capacity 18240K, committed 18304K, reserved 1064960K
  class space    used 2023K, capacity 2164K, committed 2176K, reserved 1048576K
}
2017-04-11T08:57:28.593+0200: 2,248: Total time for which application threads were stopped: 0,0154601 seconds, Stopping threads took: 0,0000755 seconds
2017-04-11T08:57:28.962+0200: 2,617: Total time for which application threads were stopped: 0,0003651 seconds, Stopping threads took: 0,0000720 seconds
{Heap before GC invocations=1 (full 0):
 par new generation   total 109248K, used 99157K [0x00000000e0000000, 0x00000000e8000000, 0x00000000e8000000)
  eden space 87424K, 100% used [0x00000000e0000000, 0x00000000e5560000, 0x00000000e5560000)
  from space 21824K,  53% used [0x00000000e6ab0000, 0x00000000e7625570, 0x00000000e8000000)
  to   space 21824K,   0% used [0x00000000e5560000, 0x00000000e5560000, 0x00000000e6ab0000)
 concurrent mark-sweep generation total 393216K, used 0K [0x00000000e8000000, 0x0000000100000000, 0x0000000100000000)
 Metaspace       used 20040K, capacity 20352K, committed 20736K, reserved 1067008K
  class space    used 2293K, capacity 2466K, committed 2560K, reserved 1048576K
2017-04-11T08:57:28.994+0200: 2,649: [GC (Allocation Failure) 2017-04-11T08:57:28.994+0200: 2,649: [ParNew
Desired survivor size 20112992 bytes, new threshold 8 (max 8)
- age   1:    3814440 bytes,    3814440 total
- age   2:    6460344 bytes,   10274784 total
: 99157K->13349K(109248K), 0,0128385 secs] 99157K->13349K(502464K), 0,0129045 secs] [Times: user=0,04 sys=0,00, real=0,02 secs] 
Heap after GC invocations=2 (full 0):
 par new generation   total 109248K, used 13349K [0x00000000e0000000, 0x00000000e8000000, 0x00000000e8000000)
  eden space 87424K,   0% used [0x00000000e0000000, 0x00000000e0000000, 0x00000000e5560000)
  from space 21824K,  61% used [0x00000000e5560000, 0x00000000e62695c0, 0x00000000e6ab0000)
  to   space 21824K,   0% used [0x00000000e6ab0000, 0x00000000e6ab0000, 0x00000000e8000000)
 concurrent mark-sweep generation total 393216K, used 0K [0x00000000e8000000, 0x0000000100000000, 0x0000000100000000)
 Metaspace       used 20040K, capacity 20352K, committed 20736K, reserved 1067008K
  class space    used 2293K, capacity 2466K, committed 2560K, reserved 1048576K
}
2017-04-11T08:57:29.006+0200: 2,662: Total time for which application threads were stopped: 0,0130862 seconds, Stopping threads took: 0,0000451 seconds
2017-04-11T08:57:29.013+0200: 2,669: Total time for which application threads were stopped: 0,0003565 seconds, Stopping threads took: 0,0000624 seconds
2017-04-11T08:57:29.058+0200: 2,713: Total time for which application threads were stopped: 0,0013749 seconds, Stopping threads took: 0,0010869 seconds
2017-04-11T08:57:29.210+0200: 2,865: Total time for which application threads were stopped: 0,0002249 seconds, Stopping threads took: 0,0000697 seconds
{Heap before GC invocations=2 (full 0):
 par new generation   total 109248K, used 100773K [0x00000000e0000000, 0x00000000e8000000, 0x00000000e8000000)
  eden space 87424K, 100% used [0x00000000e0000000, 0x00000000e5560000, 0x00000000e5560000)
  from space 21824K,  61% used [0x00000000e5560000, 0x00000000e62695c0, 0x00000000e6ab0000)
  to   space 21824K,   0% used [0x00000000e6ab0000, 0x00000000e6ab0000, 0x00000000e8000000)
 concurrent mark-sweep generation total 393216K, used 0K [0x00000000e8000000, 0x0000000100000000, 0x0000000100000000)
 Metaspace       used 20982K, capacity 21280K, committed 21628K, reserved 1069056K
  class space    used 2417K, capacity 2586K, committed 2684K, reserved 1048576K
2017-04-11T08:57:29.239+0200: 2,895: [GC (Allocation Failure) 2017-04-11T08:57:29.239+0200: 2,895: [ParNew
Desired survivor size 20112992 bytes, new threshold 8 (max 8)
- age   1:    2102080 bytes,    2102080 total
- age   2:    1019920 bytes,    3122000 total
- age   3:    6458312 bytes,    9580312 total
: 100773K->11339K(109248K), 0,0168250 secs] 100773K->11339K(502464K), 0,0169047 secs] [Times: user=0,06 sys=0,00, real=0,02 secs] 
Heap after GC invocations=3 (full 0):
 par new generation   total 109248K, used 11339K [0x00000000e0000000, 0x00000000e8000000, 0x00000000e8000000)
  eden space 87424K,   0% used [0x00000000e0000000, 0x00000000e0000000, 0x00000000e5560000)
  from space 21824K,  51% used [0x00000000e6ab0000, 0x00000000e75c2e40, 0x00000000e8000000)
  to   space 21824K,   0% used [0x00000000e5560000, 0x00000000e5560000, 0x00000000e6ab0000)
 concurrent mark-sweep generation total 393216K, used 0K [0x00000000e8000000, 0x0000000100000000, 0x0000000100000000)
 Metaspace       used 20982K, capacity 21280K, committed 21628K, reserved 1069056K
  class space    used 2417K, capacity 2586K, committed 2684K, reserved 1048576K
}
2017-04-11T08:57:29.256+0200: 2,912: Total time for which application threads were stopped: 0,0172352 seconds, Stopping threads took: 0,0001537 seconds
2017-04-11T08:57:29.256+0200: 2,912: [GC (CMS Initial Mark) [1 CMS-initial-mark: 0K(393216K)] 11339K(502464K), 0,0034310 secs] [Times: user=0,01 sys=0,00, real=0,00 secs] 
2017-04-11T08:57:29.260+0200: 2,915: Total time for which application threads were stopped: 0,0036323 seconds, Stopping threads took: 0,0000876 seconds
2017-04-11T08:57:29.260+0200: 2,915: [CMS-concurrent-mark-start]
2017-04-11T08:57:29.265+0200: 2,920: [CMS-concurrent-mark: 0,005/0,005 secs] [Times: user=0,02 sys=0,00, real=0,01 secs] 
2017-04-11T08:57:29.265+0200: 2,920: [CMS-concurrent-preclean-start]
2017-04-11T08:57:29.266+0200: 2,921: [CMS-concurrent-preclean: 0,001/0,001 secs] [Times: user=0,00 sys=0,00, real=0,00 secs] 
2017-04-11T08:57:29.266+0200: 2,921: [CMS-concurrent-abortable-preclean-start]
2017-04-11T08:57:29.317+0200: 2,973: Total time for which application threads were stopped: 0,0001628 seconds, Stopping threads took: 0,0000720 seconds
{Heap before GC invocations=3 (full 1):
 par new generation   total 109248K, used 98763K [0x00000000e0000000, 0x00000000e8000000, 0x00000000e8000000)
  eden space 87424K, 100% used [0x00000000e0000000, 0x00000000e5560000, 0x00000000e5560000)
  from space 21824K,  51% used [0x00000000e6ab0000, 0x00000000e75c2e40, 0x00000000e8000000)
  to   space 21824K,   0% used [0x00000000e5560000, 0x00000000e5560000, 0x00000000e6ab0000)
 concurrent mark-sweep generation total 393216K, used 0K [0x00000000e8000000, 0x0000000100000000, 0x0000000100000000)
 Metaspace       used 21269K, capacity 21632K, committed 21884K, reserved 1069056K
  class space    used 2447K, capacity 2603K, committed 2684K, reserved 1048576K
2017-04-11T08:57:29.374+0200: 3,029: [GC (Allocation Failure) 2017-04-11T08:57:29.374+0200: 3,029: [ParNew
Desired survivor size 20112992 bytes, new threshold 8 (max 8)
- age   1:    1349584 bytes,    1349584 total
- age   2:    1496624 bytes,    2846208 total
- age   3:     987000 bytes,    3833208 total
- age   4:    6458392 bytes,   10291600 total
: 98763K->14759K(109248K), 0,0112234 secs] 98763K->14759K(502464K), 0,0112948 secs] [Times: user=0,04 sys=0,00, real=0,01 secs] 
Heap after GC invocations=4 (full 1):
 par new generation   total 109248K, used 14759K [0x00000000e0000000, 0x00000000e8000000, 0x00000000e8000000)
  eden space 87424K,   0% used [0x00000000e0000000, 0x00000000e0000000, 0x00000000e5560000)
  from space 21824K,  67% used [0x00000000e5560000, 0x00000000e63c9f18, 0x00000000e6ab0000)
  to   space 21824K,   0% used [0x00000000e6ab0000, 0x00000000e6ab0000, 0x00000000e8000000)
 concurrent mark-sweep generation total 393216K, used 0K [0x00000000e8000000, 0x0000000100000000, 0x0000000100000000)
 Metaspace       used 21269K, capacity 21632K, committed 21884K, reserved 1069056K
  class space    used 2447K, capacity 2603K, committed 2684K, reserved 1048576K
}
2017-04-11T08:57:29.385+0200: 3,041: Total time for which application threads were stopped: 0,0139367 seconds, Stopping threads took: 0,0024858 seconds
2017-04-11T08:57:29.385+0200: 3,041: [CMS-concurrent-abortable-preclean: 0,079/0,119 secs] [Times: user=0,45 sys=0,00, real=0,12 secs] 
2017-04-11T08:57:29.385+0200: 3,041: [GC (CMS Final Remark) [YG occupancy: 16063 K (109248 K)]{Heap before GC invocations=4 (full 1):
 par new generation   total 109248K, used 16063K [0x00000000e0000000, 0x00000000e8000000, 0x00000000e8000000)
  eden space 87424K,   1% used [0x00000000e0000000, 0x00000000e0145d68, 0x00000000e5560000)
  from space 21824K,  67% used [0x00000000e5560000, 0x00000000e63c9f18, 0x00000000e6ab0000)
  to   space 21824K,   0% used [0x00000000e6ab0000, 0x00000000e6ab0000, 0x00000000e8000000)
 concurrent mark-sweep generation total 393216K, used 0K [0x00000000e8000000, 0x0000000100000000, 0x0000000100000000)
 Metaspace       used 21269K, capacity 21632K, committed 21884K, reserved 1069056K
  class space    used 2447K, capacity 2603K, committed 2684K, reserved 1048576K
2017-04-11T08:57:29.385+0200: 3,041: [GC (CMS Final Remark) 2017-04-11T08:57:29.385+0200: 3,041: [ParNew
Desired survivor size 20112992 bytes, new threshold 8 (max 8)
- age   1:      17760 bytes,      17760 total
- age   2:    1197016 bytes,    1214776 total
- age   3:    1496624 bytes,    2711400 total
- age   4:     987000 bytes,    3698400 total
- age   5:    6458272 bytes,   10156672 total
: 16063K->13224K(109248K), 0,0093296 secs] 16063K->13224K(502464K), 0,0093698 secs] [Times: user=0,03 sys=0,00, real=0,01 secs] 
Heap after GC invocations=5 (full 1):
 par new generation   total 109248K, used 13224K [0x00000000e0000000, 0x00000000e8000000, 0x00000000e8000000)
  eden space 87424K,   0% used [0x00000000e0000000, 0x00000000e0000000, 0x00000000e5560000)
  from space 21824K,  60% used [0x00000000e6ab0000, 0x00000000e779a060, 0x00000000e8000000)
  to   space 21824K,   0% used [0x00000000e5560000, 0x00000000e5560000, 0x00000000e6ab0000)
 concurrent mark-sweep generation total 393216K, used 0K [0x00000000e8000000, 0x0000000100000000, 0x0000000100000000)
 Metaspace       used 21269K, capacity 21632K, committed 21884K, reserved 1069056K
  class space    used 2447K, capacity 2603K, committed 2684K, reserved 1048576K
}
2017-04-11T08:57:29.395+0200: 3,050: [Rescan (parallel) , 0,0033009 secs]2017-04-11T08:57:29.398+0200: 3,054: [weak refs processing, 0,0007463 secs]2017-04-11T08:57:29.399+0200: 3,054: [class unloading, 0,0029744 secs]2017-04-11T08:57:29.402+0200: 3,057: [scrub symbol table, 0,0024882 secs]2017-04-11T08:57:29.404+0200: 3,060: [scrub string table, 0,0003662 secs][1 CMS-remark: 0K(393216K)] 13224K(502464K), 0,0198913 secs] [Times: user=0,06 sys=0,00, real=0,02 secs] 
2017-04-11T08:57:29.405+0200: 3,061: Total time for which application threads were stopped: 0,0200067 seconds, Stopping threads took: 0,0000338 seconds
2017-04-11T08:57:29.405+0200: 3,061: [CMS-concurrent-sweep-start]
2017-04-11T08:57:29.405+0200: 3,061: [CMS-concurrent-sweep: 0,000/0,000 secs] [Times: user=0,00 sys=0,00, real=0,00 secs] 
2017-04-11T08:57:29.405+0200: 3,061: [CMS-concurrent-reset-start]
2017-04-11T08:57:29.410+0200: 3,066: [CMS-concurrent-reset: 0,005/0,005 secs] [Times: user=0,01 sys=0,00, real=0,00 secs] 
{Heap before GC invocations=5 (full 1):
 par new generation   total 109248K, used 100648K [0x00000000e0000000, 0x00000000e8000000, 0x00000000e8000000)
  eden space 87424K, 100% used [0x00000000e0000000, 0x00000000e5560000, 0x00000000e5560000)
  from space 21824K,  60% used [0x00000000e6ab0000, 0x00000000e779a060, 0x00000000e8000000)
  to   space 21824K,   0% used [0x00000000e5560000, 0x00000000e5560000, 0x00000000e6ab0000)
 concurrent mark-sweep generation total 393216K, used 0K [0x00000000e8000000, 0x0000000100000000, 0x0000000100000000)
 Metaspace       used 21389K, capacity 21792K, committed 21884K, reserved 1069056K
  class space    used 2466K, capacity 2635K, committed 2684K, reserved 1048576K
2017-04-11T08:57:29.490+0200: 3,145: [GC (Allocation Failure) 2017-04-11T08:57:29.490+0200: 3,145: [ParNew
Desired survivor size 20112992 bytes, new threshold 8 (max 8)
- age   1:     845112 bytes,     845112 total
- age   2:        136 bytes,     845248 total
- age   3:     176360 bytes,    1021608 total
- age   4:    1496528 bytes,    2518136 total
- age   5:     984952 bytes,    3503088 total
- age   6:    6458480 bytes,    9961568 total
: 100648K->11674K(109248K), 0,0105729 secs] 100648K->11674K(502464K), 0,0106411 secs] [Times: user=0,04 sys=0,00, real=0,01 secs] 
Heap after GC invocations=6 (full 1):
 par new generation   total 109248K, used 11674K [0x00000000e0000000, 0x00000000e8000000, 0x00000000e8000000)
  eden space 87424K,   0% used [0x00000000e0000000, 0x00000000e0000000, 0x00000000e5560000)
  from space 21824K,  53% used [0x00000000e5560000, 0x00000000e60c6b50, 0x00000000e6ab0000)
  to   space 21824K,   0% used [0x00000000e6ab0000, 0x00000000e6ab0000, 0x00000000e8000000)
 concurrent mark-sweep generation total 393216K, used 0K [0x00000000e8000000, 0x0000000100000000, 0x0000000100000000)
 Metaspace       used 21389K, capacity 21792K, committed 21884K, reserved 1069056K
  class space    used 2466K, capacity 2635K, committed 2684K, reserved 1048576K
}
2017-04-11T08:57:29.501+0200: 3,156: Total time for which application threads were stopped: 0,0119110 seconds, Stopping threads took: 0,0011284 seconds
2017-04-11T08:57:29.539+0200: 3,195: Total time for which application threads were stopped: 0,0003157 seconds, Stopping threads took: 0,0000199 seconds
2017-04-11T08:57:29.717+0200: 3,373: Total time for which application threads were stopped: 0,0004719 seconds, Stopping threads took: 0,0000393 seconds
2017-04-11T08:57:29.731+0200: 3,387: Total time for which application threads were stopped: 0,0004647 seconds, Stopping threads took: 0,0000494 seconds
{Heap before GC invocations=6 (full 1):
 par new generation   total 109248K, used 99098K [0x00000000e0000000, 0x00000000e8000000, 0x00000000e8000000)
  eden space 87424K, 100% used [0x00000000e0000000, 0x00000000e5560000, 0x00000000e5560000)
  from space 21824K,  53% used [0x00000000e5560000, 0x00000000e60c6b50, 0x00000000e6ab0000)
  to   space 21824K,   0% used [0x00000000e6ab0000, 0x00000000e6ab0000, 0x00000000e8000000)
 concurrent mark-sweep generation total 393216K, used 0K [0x00000000e8000000, 0x0000000100000000, 0x0000000100000000)
 Metaspace       used 23996K, capacity 24398K, committed 24572K, reserved 1071104K
  class space    used 2835K, capacity 3012K, committed 3068K, reserved 1048576K
2017-04-11T08:57:29.874+0200: 3,529: [GC (Allocation Failure) 2017-04-11T08:57:29.874+0200: 3,529: [ParNew
Desired survivor size 20112992 bytes, new threshold 8 (max 8)
- age   1:    5577496 bytes,    5577496 total
- age   2:     113552 bytes,    5691048 total
- age   3:        136 bytes,    5691184 total
- age   4:     174880 bytes,    5866064 total
- age   5:     319096 bytes,    6185160 total
- age   6:     960624 bytes,    7145784 total
- age   7:    6450192 bytes,   13595976 total
: 99098K->19334K(109248K), 0,0126520 secs] 99098K->19334K(502464K), 0,0127326 secs] [Times: user=0,05 sys=0,00, real=0,01 secs] 
Heap after GC invocations=7 (full 1):
 par new generation   total 109248K, used 19334K [0x00000000e0000000, 0x00000000e8000000, 0x00000000e8000000)
  eden space 87424K,   0% used [0x00000000e0000000, 0x00000000e0000000, 0x00000000e5560000)
  from space 21824K,  88% used [0x00000000e6ab0000, 0x00000000e7d91a20, 0x00000000e8000000)
  to   space 21824K,   0% used [0x00000000e5560000, 0x00000000e5560000, 0x00000000e6ab0000)
 concurrent mark-sweep generation total 393216K, used 0K [0x00000000e8000000, 0x0000000100000000, 0x0000000100000000)
 Metaspace       used 23996K, capacity 24398K, committed 24572K, reserved 1071104K
  class space    used 2835K, capacity 3012K, committed 3068K, reserved 1048576K
}
2017-04-11T08:57:29.887+0200: 3,542: Total time for which application threads were stopped: 0,0134716 seconds, Stopping threads took: 0,0005468 seconds
{Heap before GC invocations=7 (full 1):
 par new generation   total 109248K, used 106758K [0x00000000e0000000, 0x00000000e8000000, 0x00000000e8000000)
  eden space 87424K, 100% used [0x00000000e0000000, 0x00000000e5560000, 0x00000000e5560000)
  from space 21824K,  88% used [0x00000000e6ab0000, 0x00000000e7d91a20, 0x00000000e8000000)
  to   space 21824K,   0% used [0x00000000e5560000, 0x00000000e5560000, 0x00000000e6ab0000)
 concurrent mark-sweep generation total 393216K, used 0K [0x00000000e8000000, 0x0000000100000000, 0x0000000100000000)
 Metaspace       used 24458K, capacity 24948K, committed 25084K, reserved 1071104K
  class space    used 2864K, capacity 3045K, committed 3068K, reserved 1048576K
2017-04-11T08:57:30.026+0200: 3,682: [GC (Allocation Failure) 2017-04-11T08:57:30.026+0200: 3,682: [ParNew
Desired survivor size 20112992 bytes, new threshold 8 (max 8)
- age   1:    1516184 bytes,    1516184 total
- age   2:    1867704 bytes,    3383888 total
- age   3:      58744 bytes,    3442632 total
- age   5:     104472 bytes,    3547104 total
- age   6:     207904 bytes,    3755008 total
- age   7:     834352 bytes,    4589360 total
- age   8:    6012816 bytes,   10602176 total
: 106758K->14254K(109248K), 0,0374940 secs] 106758K->14254K(502464K), 0,0375809 secs] [Times: user=0,10 sys=0,00, real=0,04 secs] 
Heap after GC invocations=8 (full 1):
 par new generation   total 109248K, used 14254K [0x00000000e0000000, 0x00000000e8000000, 0x00000000e8000000)
  eden space 87424K,   0% used [0x00000000e0000000, 0x00000000e0000000, 0x00000000e5560000)
  from space 21824K,  65% used [0x00000000e5560000, 0x00000000e634ba00, 0x00000000e6ab0000)
  to   space 21824K,   0% used [0x00000000e6ab0000, 0x00000000e6ab0000, 0x00000000e8000000)
 concurrent mark-sweep generation total 393216K, used 0K [0x00000000e8000000, 0x0000000100000000, 0x0000000100000000)
 Metaspace       used 24458K, capacity 24948K, committed 25084K, reserved 1071104K
  class space    used 2864K, capacity 3045K, committed 3068K, reserved 1048576K
}
2017-04-11T08:57:30.064+0200: 3,719: Total time for which application threads were stopped: 0,0457522 seconds, Stopping threads took: 0,0079421 seconds
{Heap before GC invocations=8 (full 1):
 par new generation   total 109248K, used 101678K [0x00000000e0000000, 0x00000000e8000000, 0x00000000e8000000)
  eden space 87424K, 100% used [0x00000000e0000000, 0x00000000e5560000, 0x00000000e5560000)
  from space 21824K,  65% used [0x00000000e5560000, 0x00000000e634ba00, 0x00000000e6ab0000)
  to   space 21824K,   0% used [0x00000000e6ab0000, 0x00000000e6ab0000, 0x00000000e8000000)
 concurrent mark-sweep generation total 393216K, used 0K [0x00000000e8000000, 0x0000000100000000, 0x0000000100000000)
 Metaspace       used 24799K, capacity 25262K, committed 25468K, reserved 1071104K
  class space    used 2897K, capacity 3082K, committed 3196K, reserved 1048576K
2017-04-11T08:57:30.162+0200: 3,817: [GC (Allocation Failure) 2017-04-11T08:57:30.162+0200: 3,817: [ParNew
Desired survivor size 20112992 bytes, new threshold 8 (max 8)
- age   1:     775016 bytes,     775016 total
- age   2:     991168 bytes,    1766184 total
- age   3:    1845264 bytes,    3611448 total
- age   4:      58744 bytes,    3670192 total
- age   6:     101824 bytes,    3772016 total
- age   7:     207664 bytes,    3979680 total
- age   8:     833560 bytes,    4813240 total
: 101678K->7079K(109248K), 0,0563295 secs] 101678K->13033K(502464K), 0,0564112 secs] [Times: user=0,17 sys=0,00, real=0,05 secs] 
Heap after GC invocations=9 (full 1):
 par new generation   total 109248K, used 7079K [0x00000000e0000000, 0x00000000e8000000, 0x00000000e8000000)
  eden space 87424K,   0% used [0x00000000e0000000, 0x00000000e0000000, 0x00000000e5560000)
  from space 21824K,  32% used [0x00000000e6ab0000, 0x00000000e7199fd8, 0x00000000e8000000)
  to   space 21824K,   0% used [0x00000000e5560000, 0x00000000e5560000, 0x00000000e6ab0000)
 concurrent mark-sweep generation total 393216K, used 5953K [0x00000000e8000000, 0x0000000100000000, 0x0000000100000000)
 Metaspace       used 24799K, capacity 25262K, committed 25468K, reserved 1071104K
  class space    used 2897K, capacity 3082K, committed 3196K, reserved 1048576K
}
2017-04-11T08:57:30.218+0200: 3,874: Total time for which application threads were stopped: 0,0577653 seconds, Stopping threads took: 0,0011781 seconds
2017-04-11T08:57:30.394+0200: 4,049: Total time for which application threads were stopped: 0,0024631 seconds, Stopping threads took: 0,0021158 seconds
2017-04-11T08:57:30.396+0200: 4,052: Total time for which application threads were stopped: 0,0001334 seconds, Stopping threads took: 0,0000550 seconds
2017-04-11T08:57:30.399+0200: 4,054: Total time for which application threads were stopped: 0,0001402 seconds, Stopping threads took: 0,0000447 seconds
2017-04-11T08:57:30.402+0200: 4,057: Total time for which application threads were stopped: 0,0001600 seconds, Stopping threads took: 0,0000320 seconds
2017-04-11T08:57:30.402+0200: 4,058: Total time for which application threads were stopped: 0,0001544 seconds, Stopping threads took: 0,0000335 seconds
2017-04-11T08:57:30.403+0200: 4,059: Total time for which application threads were stopped: 0,0001267 seconds, Stopping threads took: 0,0000439 seconds
2017-04-11T08:57:30.406+0200: 4,061: Total time for which application threads were stopped: 0,0021573 seconds, Stopping threads took: 0,0020779 seconds
2017-04-11T08:57:30.406+0200: 4,062: Total time for which application threads were stopped: 0,0001848 seconds, Stopping threads took: 0,0001171 seconds
2017-04-11T08:57:30.407+0200: 4,063: Total time for which application threads were stopped: 0,0001372 seconds, Stopping threads took: 0,0000516 seconds
2017-04-11T08:57:30.411+0200: 4,067: Total time for which application threads were stopped: 0,0001195 seconds, Stopping threads took: 0,0000462 seconds
2017-04-11T08:57:30.412+0200: 4,067: Total time for which application threads were stopped: 0,0000841 seconds, Stopping threads took: 0,0000257 seconds
2017-04-11T08:57:30.412+0200: 4,068: Total time for which application threads were stopped: 0,0000738 seconds, Stopping threads took: 0,0000140 seconds
2017-04-11T08:57:30.414+0200: 4,069: Total time for which application threads were stopped: 0,0000900 seconds, Stopping threads took: 0,0000189 seconds
2017-04-11T08:57:30.414+0200: 4,070: Total time for which application threads were stopped: 0,0000815 seconds, Stopping threads took: 0,0000146 seconds
2017-04-11T08:57:30.415+0200: 4,071: Total time for which application threads were stopped: 0,0000966 seconds, Stopping threads took: 0,0000182 seconds
2017-04-11T08:57:30.416+0200: 4,072: Total time for which application threads were stopped: 0,0001137 seconds, Stopping threads took: 0,0000357 seconds
2017-04-11T08:57:30.417+0200: 4,072: Total time for which application threads were stopped: 0,0000749 seconds, Stopping threads took: 0,0000166 seconds
2017-04-11T08:57:30.426+0200: 4,081: Total time for which application threads were stopped: 0,0001398 seconds, Stopping threads took: 0,0000325 seconds
2017-04-11T08:57:30.428+0200: 4,083: Total time for which application threads were stopped: 0,0001156 seconds, Stopping threads took: 0,0000339 seconds
2017-04-11T08:57:30.428+0200: 4,083: Total time for which application threads were stopped: 0,0001039 seconds, Stopping threads took: 0,0000431 seconds
2017-04-11T08:57:30.442+0200: 4,097: Total time for which application threads were stopped: 0,0019081 seconds, Stopping threads took: 0,0018378 seconds
2017-04-11T08:57:30.442+0200: 4,098: Total time for which application threads were stopped: 0,0000801 seconds, Stopping threads took: 0,0000278 seconds
2017-04-11T08:57:30.443+0200: 4,099: Total time for which application threads were stopped: 0,0001064 seconds, Stopping threads took: 0,0000352 seconds
2017-04-11T08:57:30.446+0200: 4,101: Total time for which application threads were stopped: 0,0021433 seconds, Stopping threads took: 0,0019970 seconds
2017-04-11T08:57:30.447+0200: 4,103: Total time for which application threads were stopped: 0,0011815 seconds, Stopping threads took: 0,0011142 seconds
2017-04-11T08:57:30.447+0200: 4,103: Total time for which application threads were stopped: 0,0000647 seconds, Stopping threads took: 0,0000141 seconds
2017-04-11T08:57:30.449+0200: 4,104: Total time for which application threads were stopped: 0,0001007 seconds, Stopping threads took: 0,0000282 seconds
2017-04-11T08:57:30.452+0200: 4,107: Total time for which application threads were stopped: 0,0001990 seconds, Stopping threads took: 0,0001304 seconds
2017-04-11T08:57:30.453+0200: 4,109: Total time for which application threads were stopped: 0,0001399 seconds, Stopping threads took: 0,0000671 seconds
2017-04-11T08:57:30.455+0200: 4,111: Total time for which application threads were stopped: 0,0001007 seconds, Stopping threads took: 0,0000196 seconds
2017-04-11T08:57:30.456+0200: 4,112: Total time for which application threads were stopped: 0,0001006 seconds, Stopping threads took: 0,0000370 seconds
2017-04-11T08:57:30.457+0200: 4,112: Total time for which application threads were stopped: 0,0000689 seconds, Stopping threads took: 0,0000289 seconds
2017-04-11T08:57:30.457+0200: 4,113: Total time for which application threads were stopped: 0,0003132 seconds, Stopping threads took: 0,0000092 seconds
2017-04-11T08:57:30.457+0200: 4,113: Total time for which application threads were stopped: 0,0000699 seconds, Stopping threads took: 0,0000212 seconds
2017-04-11T08:57:30.459+0200: 4,114: Total time for which application threads were stopped: 0,0000738 seconds, Stopping threads took: 0,0000148 seconds
2017-04-11T08:57:30.459+0200: 4,115: Total time for which application threads were stopped: 0,0000682 seconds, Stopping threads took: 0,0000254 seconds
2017-04-11T08:57:30.460+0200: 4,115: Total time for which application threads were stopped: 0,0000445 seconds, Stopping threads took: 0,0000091 seconds
2017-04-11T08:57:30.464+0200: 4,119: Total time for which application threads were stopped: 0,0001214 seconds, Stopping threads took: 0,0000334 seconds
2017-04-11T08:57:30.464+0200: 4,120: Total time for which application threads were stopped: 0,0001058 seconds, Stopping threads took: 0,0000335 seconds
2017-04-11T08:57:30.478+0200: 4,134: Total time for which application threads were stopped: 0,0001236 seconds, Stopping threads took: 0,0000265 seconds
2017-04-11T08:57:30.486+0200: 4,141: Total time for which application threads were stopped: 0,0001370 seconds, Stopping threads took: 0,0000612 seconds
2017-04-11T08:57:30.487+0200: 4,143: Total time for which application threads were stopped: 0,0001075 seconds, Stopping threads took: 0,0000325 seconds
2017-04-11T08:57:30.500+0200: 4,155: Total time for which application threads were stopped: 0,0007140 seconds, Stopping threads took: 0,0006231 seconds
2017-04-11T08:57:30.501+0200: 4,156: Total time for which application threads were stopped: 0,0003740 seconds, Stopping threads took: 0,0000405 seconds
2017-04-11T08:57:30.506+0200: 4,161: Total time for which application threads were stopped: 0,0026932 seconds, Stopping threads took: 0,0026187 seconds
2017-04-11T08:57:30.513+0200: 4,168: Total time for which application threads were stopped: 0,0001620 seconds, Stopping threads took: 0,0000782 seconds
2017-04-11T08:57:30.518+0200: 4,173: Total time for which application threads were stopped: 0,0001088 seconds, Stopping threads took: 0,0000286 seconds
2017-04-11T08:57:30.518+0200: 4,174: Total time for which application threads were stopped: 0,0003102 seconds, Stopping threads took: 0,0000078 seconds
2017-04-11T08:57:30.520+0200: 4,175: Total time for which application threads were stopped: 0,0002255 seconds, Stopping threads took: 0,0000556 seconds
2017-04-11T08:57:30.561+0200: 4,216: Total time for which application threads were stopped: 0,0001845 seconds, Stopping threads took: 0,0001002 seconds
2017-04-11T08:57:30.563+0200: 4,218: Total time for which application threads were stopped: 0,0003376 seconds, Stopping threads took: 0,0000180 seconds
2017-04-11T08:57:30.564+0200: 4,220: Total time for which application threads were stopped: 0,0001577 seconds, Stopping threads took: 0,0000883 seconds
2017-04-11T08:57:30.564+0200: 4,220: Total time for which application threads were stopped: 0,0000532 seconds, Stopping threads took: 0,0000110 seconds
2017-04-11T08:57:30.565+0200: 4,220: Total time for which application threads were stopped: 0,0000640 seconds, Stopping threads took: 0,0000204 seconds
2017-04-11T08:57:30.574+0200: 4,230: Total time for which application threads were stopped: 0,0000979 seconds, Stopping threads took: 0,0000249 seconds
2017-04-11T08:57:30.591+0200: 4,247: Total time for which application threads were stopped: 0,0000976 seconds, Stopping threads took: 0,0000217 seconds
2017-04-11T08:57:30.594+0200: 4,249: Total time for which application threads were stopped: 0,0000949 seconds, Stopping threads took: 0,0000239 seconds
2017-04-11T08:57:30.598+0200: 4,253: Total time for which application threads were stopped: 0,0001058 seconds, Stopping threads took: 0,0000344 seconds
2017-04-11T08:57:30.601+0200: 4,256: Total time for which application threads were stopped: 0,0001321 seconds, Stopping threads took: 0,0000591 seconds
2017-04-11T08:57:30.605+0200: 4,260: Total time for which application threads were stopped: 0,0001490 seconds, Stopping threads took: 0,0000636 seconds
2017-04-11T08:57:30.609+0200: 4,265: Total time for which application threads were stopped: 0,0001327 seconds, Stopping threads took: 0,0000374 seconds
2017-04-11T08:57:30.626+0200: 4,281: Total time for which application threads were stopped: 0,0077009 seconds, Stopping threads took: 0,0076058 seconds
2017-04-11T08:57:30.641+0200: 4,297: Total time for which application threads were stopped: 0,0001740 seconds, Stopping threads took: 0,0000629 seconds
2017-04-11T08:57:30.645+0200: 4,300: Total time for which application threads were stopped: 0,0001311 seconds, Stopping threads took: 0,0000498 seconds
2017-04-11T08:57:30.678+0200: 4,333: Total time for which application threads were stopped: 0,0035800 seconds, Stopping threads took: 0,0034219 seconds
2017-04-11T08:57:30.695+0200: 4,350: Total time for which application threads were stopped: 0,0005091 seconds, Stopping threads took: 0,0000214 seconds
2017-04-11T08:57:30.700+0200: 4,355: Total time for which application threads were stopped: 0,0001440 seconds, Stopping threads took: 0,0000446 seconds
2017-04-11T08:57:31.700+0200: 5,356: Total time for which application threads were stopped: 0,0000750 seconds, Stopping threads took: 0,0000179 seconds
2017-04-11T08:57:32.700+0200: 6,356: Total time for which application threads were stopped: 0,0000708 seconds, Stopping threads took: 0,0000192 seconds
{Heap before GC invocations=9 (full 1):
 par new generation   total 109248K, used 94503K [0x00000000e0000000, 0x00000000e8000000, 0x00000000e8000000)
  eden space 87424K, 100% used [0x00000000e0000000, 0x00000000e5560000, 0x00000000e5560000)
  from space 21824K,  32% used [0x00000000e6ab0000, 0x00000000e7199fd8, 0x00000000e8000000)
  to   space 21824K,   0% used [0x00000000e5560000, 0x00000000e5560000, 0x00000000e6ab0000)
 concurrent mark-sweep generation total 393216K, used 5953K [0x00000000e8000000, 0x0000000100000000, 0x0000000100000000)
 Metaspace       used 28006K, capacity 28508K, committed 28796K, reserved 1075200K
  class space    used 3215K, capacity 3391K, committed 3452K, reserved 1048576K
2017-04-11T08:57:37.525+0200: 11,180: [GC (Allocation Failure) 2017-04-11T08:57:37.525+0200: 11,181: [ParNew
Desired survivor size 20112992 bytes, new threshold 8 (max 8)
- age   1:   11240328 bytes,   11240328 total
- age   2:     199440 bytes,   11439768 total
- age   3:     204680 bytes,   11644448 total
- age   4:    1839928 bytes,   13484376 total
- age   5:      58744 bytes,   13543120 total
- age   7:     101696 bytes,   13644816 total
- age   8:     207232 bytes,   13852048 total
: 94503K->14739K(109248K), 0,0133005 secs] 100457K->21603K(502464K), 0,0133920 secs] [Times: user=0,04 sys=0,00, real=0,01 secs] 
Heap after GC invocations=10 (full 1):
 par new generation   total 109248K, used 14739K [0x00000000e0000000, 0x00000000e8000000, 0x00000000e8000000)
  eden space 87424K,   0% used [0x00000000e0000000, 0x00000000e0000000, 0x00000000e5560000)
  from space 21824K,  67% used [0x00000000e5560000, 0x00000000e63c4ee8, 0x00000000e6ab0000)
  to   space 21824K,   0% used [0x00000000e6ab0000, 0x00000000e6ab0000, 0x00000000e8000000)
 concurrent mark-sweep generation total 393216K, used 6863K [0x00000000e8000000, 0x0000000100000000, 0x0000000100000000)
 Metaspace       used 28006K, capacity 28508K, committed 28796K, reserved 1075200K
  class space    used 3215K, capacity 3391K, committed 3452K, reserved 1048576K
}
2017-04-11T08:57:37.538+0200: 11,194: Total time for which application threads were stopped: 0,0135237 seconds, Stopping threads took: 0,0000175 seconds
2017-04-11T08:57:37.539+0200: 11,195: Total time for which application threads were stopped: 0,0000667 seconds, Stopping threads took: 0,0000252 seconds
2017-04-11T08:57:37.539+0200: 11,195: Total time for which application threads were stopped: 0,0000256 seconds, Stopping threads took: 0,0000091 seconds
2017-04-11T08:57:48.541+0200: 22,196: Total time for which application threads were stopped: 0,0000634 seconds, Stopping threads took: 0,0000164 seconds
2017-04-11T08:57:58.542+0200: 32,197: Total time for which application threads were stopped: 0,0000907 seconds, Stopping threads took: 0,0000209 seconds
2017-04-11T08:58:48.547+0200: 82,203: Total time for which application threads were stopped: 0,0000572 seconds, Stopping threads took: 0,0000163 seconds
2017-04-11T08:59:23.552+0200: 117,207: Total time for which application threads were stopped: 0,0001427 seconds, Stopping threads took: 0,0000577 seconds
2017-04-11T08:59:28.552+0200: 122,208: Total time for which application threads were stopped: 0,0000672 seconds, Stopping threads took: 0,0000148 seconds
2017-04-11T09:00:27.560+0200: 181,215: Total time for which application threads were stopped: 0,0000940 seconds, Stopping threads took: 0,0000370 seconds
2017-04-11T09:01:57.570+0200: 271,226: Total time for which application threads were stopped: 0,0000969 seconds, Stopping threads took: 0,0000398 seconds
2017-04-11T09:02:03.571+0200: 277,227: Total time for which application threads were stopped: 0,0001905 seconds, Stopping threads took: 0,0000728 seconds
2017-04-11T09:02:12.572+0200: 286,228: Total time for which application threads were stopped: 0,0000746 seconds, Stopping threads took: 0,0000177 seconds
2017-04-11T09:04:37.594+0200: 431,249: Total time for which application threads were stopped: 0,0002353 seconds, Stopping threads took: 0,0001015 seconds
2017-04-11T09:20:57.716+0200: 1411,372: Total time for which application threads were stopped: 0,0001686 seconds, Stopping threads took: 0,0000601 seconds
2017-04-11T11:01:41.201+0200: 1706,835: Total time for which application threads were stopped: 0,0000809 seconds, Stopping threads took: 0,0000304 seconds
2017-04-11T11:13:54.231+0200: 2301,973: Total time for which application threads were stopped: 0,0000792 seconds, Stopping threads took: 0,0000306 seconds
2017-04-11T11:13:55.232+0200: 2302,974: Total time for which application threads were stopped: 0,0000625 seconds, Stopping threads took: 0,0000143 seconds
2017-04-11T11:17:34.782+0200: 2521,998: Total time for which application threads were stopped: 0,0003902 seconds, Stopping threads took: 0,0001377 seconds
2017-04-11T11:28:50.861+0200: 3198,077: Total time for which application threads were stopped: 0,0001674 seconds, Stopping threads took: 0,0000639 seconds
2017-04-11T11:39:24.937+0200: 3832,153: Total time for which application threads were stopped: 0,0000774 seconds, Stopping threads took: 0,0000306 seconds
2017-04-11T11:39:39.939+0200: 3847,155: Total time for which application threads were stopped: 0,0000770 seconds, Stopping threads took: 0,0000290 seconds
2017-04-11T11:47:30.363+0200: 4317,579: Total time for which application threads were stopped: 0,0002601 seconds, Stopping threads took: 0,0001691 seconds
2017-04-11T11:47:30.374+0200: 4317,590: Total time for which application threads were stopped: 0,0001037 seconds, Stopping threads took: 0,0000207 seconds
2017-04-11T11:47:30.375+0200: 4317,591: Total time for which application threads were stopped: 0,0001018 seconds, Stopping threads took: 0,0000172 seconds
2017-04-11T11:47:30.381+0200: 4317,597: Total time for which application threads were stopped: 0,0001069 seconds, Stopping threads took: 0,0000258 seconds
2017-04-11T11:47:30.381+0200: 4317,597: Total time for which application threads were stopped: 0,0001147 seconds, Stopping threads took: 0,0000260 seconds
2017-04-11T11:47:30.382+0200: 4317,598: Total time for which application threads were stopped: 0,0000846 seconds, Stopping threads took: 0,0000170 seconds
2017-04-11T11:47:30.385+0200: 4317,601: Total time for which application threads were stopped: 0,0001120 seconds, Stopping threads took: 0,0000284 seconds
2017-04-11T11:47:30.385+0200: 4317,601: Total time for which application threads were stopped: 0,0000517 seconds, Stopping threads took: 0,0000081 seconds
2017-04-11T11:47:30.386+0200: 4317,602: Total time for which application threads were stopped: 0,0000454 seconds, Stopping threads took: 0,0000118 seconds
2017-04-11T11:47:30.386+0200: 4317,602: Total time for which application threads were stopped: 0,0000429 seconds, Stopping threads took: 0,0000072 seconds
2017-04-11T11:47:30.386+0200: 4317,602: Total time for which application threads were stopped: 0,0000427 seconds, Stopping threads took: 0,0000097 seconds
2017-04-11T11:47:30.397+0200: 4317,613: Total time for which application threads were stopped: 0,0113050 seconds, Stopping threads took: 0,0111764 seconds
2017-04-11T11:47:30.399+0200: 4317,615: Total time for which application threads were stopped: 0,0000923 seconds, Stopping threads took: 0,0000179 seconds
2017-04-11T11:47:30.400+0200: 4317,616: Total time for which application threads were stopped: 0,0000698 seconds, Stopping threads took: 0,0000103 seconds
2017-04-11T11:47:30.401+0200: 4317,617: Total time for which application threads were stopped: 0,0000822 seconds, Stopping threads took: 0,0000145 seconds
2017-04-11T11:47:30.403+0200: 4317,619: Total time for which application threads were stopped: 0,0000976 seconds, Stopping threads took: 0,0000189 seconds
2017-04-11T11:47:30.403+0200: 4317,619: Total time for which application threads were stopped: 0,0000703 seconds, Stopping threads took: 0,0000134 seconds
2017-04-11T11:47:30.404+0200: 4317,620: Total time for which application threads were stopped: 0,0000735 seconds, Stopping threads took: 0,0000191 seconds
2017-04-11T11:47:30.404+0200: 4317,620: Total time for which application threads were stopped: 0,0000961 seconds, Stopping threads took: 0,0000420 seconds
2017-04-11T11:47:30.404+0200: 4317,620: Total time for which application threads were stopped: 0,0001578 seconds, Stopping threads took: 0,0000963 seconds
2017-04-11T11:47:30.411+0200: 4317,627: Total time for which application threads were stopped: 0,0002056 seconds, Stopping threads took: 0,0001247 seconds
2017-04-11T11:47:30.432+0200: 4317,648: Total time for which application threads were stopped: 0,0001079 seconds, Stopping threads took: 0,0000313 seconds
2017-04-11T11:47:30.432+0200: 4317,648: Total time for which application threads were stopped: 0,0000711 seconds, Stopping threads took: 0,0000222 seconds
2017-04-11T11:47:30.432+0200: 4317,648: Total time for which application threads were stopped: 0,0000610 seconds, Stopping threads took: 0,0000181 seconds
2017-04-11T11:47:30.432+0200: 4317,648: Total time for which application threads were stopped: 0,0000612 seconds, Stopping threads took: 0,0000196 seconds
2017-04-11T11:47:30.434+0200: 4317,650: Total time for which application threads were stopped: 0,0000993 seconds, Stopping threads took: 0,0000285 seconds
2017-04-11T11:47:30.434+0200: 4317,650: Total time for which application threads were stopped: 0,0000636 seconds, Stopping threads took: 0,0000204 seconds
2017-04-11T11:47:30.434+0200: 4317,650: Total time for which application threads were stopped: 0,0000573 seconds, Stopping threads took: 0,0000151 seconds
2017-04-11T11:47:30.434+0200: 4317,650: Total time for which application threads were stopped: 0,0000608 seconds, Stopping threads took: 0,0000186 seconds
2017-04-11T11:47:30.435+0200: 4317,651: Total time for which application threads were stopped: 0,0000544 seconds, Stopping threads took: 0,0000145 seconds
2017-04-11T11:47:30.435+0200: 4317,651: Total time for which application threads were stopped: 0,0000501 seconds, Stopping threads took: 0,0000136 seconds
2017-04-11T11:47:30.435+0200: 4317,651: Total time for which application threads were stopped: 0,0000478 seconds, Stopping threads took: 0,0000143 seconds
2017-04-11T11:47:30.435+0200: 4317,651: Total time for which application threads were stopped: 0,0000497 seconds, Stopping threads took: 0,0000160 seconds
2017-04-11T11:47:30.435+0200: 4317,651: Total time for which application threads were stopped: 0,0000451 seconds, Stopping threads took: 0,0000128 seconds
2017-04-11T11:47:30.435+0200: 4317,651: Total time for which application threads were stopped: 0,0000477 seconds, Stopping threads took: 0,0000132 seconds
2017-04-11T11:47:30.437+0200: 4317,653: Total time for which application threads were stopped: 0,0001278 seconds, Stopping threads took: 0,0000422 seconds
2017-04-11T11:47:30.446+0200: 4317,662: Total time for which application threads were stopped: 0,0008716 seconds, Stopping threads took: 0,0000259 seconds
2017-04-11T11:47:30.446+0200: 4317,662: Total time for which application threads were stopped: 0,0000881 seconds, Stopping threads took: 0,0000338 seconds
2017-04-11T11:47:30.446+0200: 4317,662: Total time for which application threads were stopped: 0,0000861 seconds, Stopping threads took: 0,0000297 seconds
2017-04-11T11:47:30.446+0200: 4317,662: Total time for which application threads were stopped: 0,0000595 seconds, Stopping threads took: 0,0000274 seconds
2017-04-11T11:47:30.446+0200: 4317,662: Total time for which application threads were stopped: 0,0000452 seconds, Stopping threads took: 0,0000162 seconds
2017-04-11T11:47:30.448+0200: 4317,664: Total time for which application threads were stopped: 0,0001152 seconds, Stopping threads took: 0,0000535 seconds
2017-04-11T11:47:30.448+0200: 4317,664: Total time for which application threads were stopped: 0,0000563 seconds, Stopping threads took: 0,0000179 seconds
2017-04-11T11:47:30.448+0200: 4317,664: Total time for which application threads were stopped: 0,0000548 seconds, Stopping threads took: 0,0000222 seconds
2017-04-11T11:47:30.454+0200: 4317,670: Total time for which application threads were stopped: 0,0055500 seconds, Stopping threads took: 0,0054636 seconds
2017-04-11T11:47:30.455+0200: 4317,671: Total time for which application threads were stopped: 0,0000882 seconds, Stopping threads took: 0,0000273 seconds
2017-04-11T11:47:30.460+0200: 4317,676: Total time for which application threads were stopped: 0,0001226 seconds, Stopping threads took: 0,0000341 seconds
2017-04-11T11:47:30.462+0200: 4317,678: Total time for which application threads were stopped: 0,0000911 seconds, Stopping threads took: 0,0000267 seconds
2017-04-11T11:47:30.462+0200: 4317,678: Total time for which application threads were stopped: 0,0000613 seconds, Stopping threads took: 0,0000205 seconds
2017-04-11T11:47:30.462+0200: 4317,678: Total time for which application threads were stopped: 0,0000549 seconds, Stopping threads took: 0,0000178 seconds
2017-04-11T11:47:30.462+0200: 4317,679: Total time for which application threads were stopped: 0,0000415 seconds, Stopping threads took: 0,0000058 seconds
2017-04-11T11:47:30.463+0200: 4317,679: Total time for which application threads were stopped: 0,0000435 seconds, Stopping threads took: 0,0000115 seconds
2017-04-11T11:47:30.463+0200: 4317,679: Total time for which application threads were stopped: 0,0000498 seconds, Stopping threads took: 0,0000146 seconds
2017-04-11T11:47:30.466+0200: 4317,682: Total time for which application threads were stopped: 0,0000958 seconds, Stopping threads took: 0,0000274 seconds
2017-04-11T11:47:30.467+0200: 4317,683: Total time for which application threads were stopped: 0,0001387 seconds, Stopping threads took: 0,0000345 seconds
2017-04-11T11:47:30.468+0200: 4317,684: Total time for which application threads were stopped: 0,0000855 seconds, Stopping threads took: 0,0000272 seconds
2017-04-11T11:47:30.468+0200: 4317,684: Total time for which application threads were stopped: 0,0000619 seconds, Stopping threads took: 0,0000180 seconds
2017-04-11T11:47:30.468+0200: 4317,684: Total time for which application threads were stopped: 0,0001737 seconds, Stopping threads took: 0,0000151 seconds
2017-04-11T11:47:30.469+0200: 4317,685: Total time for which application threads were stopped: 0,0001164 seconds, Stopping threads took: 0,0000459 seconds
2017-04-11T11:47:30.470+0200: 4317,686: Total time for which application threads were stopped: 0,0001504 seconds, Stopping threads took: 0,0000663 seconds
Heap
 par new generation   total 109248K, used 37825K [0x00000000e0000000, 0x00000000e8000000, 0x00000000e8000000)
  eden space 87424K,  26% used [0x00000000e0000000, 0x00000000e168b808, 0x00000000e5560000)
  from space 21824K,  67% used [0x00000000e5560000, 0x00000000e63c4ee8, 0x00000000e6ab0000)
  to   space 21824K,   0% used [0x00000000e6ab0000, 0x00000000e6ab0000, 0x00000000e8000000)
 concurrent mark-sweep generation total 393216K, used 6863K [0x00000000e8000000, 0x0000000100000000, 0x0000000100000000)
 Metaspace       used 28140K, capacity 28676K, committed 28796K, reserved 1075200K
  class space    used 3229K, capacity 3425K, committed 3452K, reserved 1048576K
