OpenJDK 64-Bit Server VM (25.131-b11) for linux-amd64 JRE (1.8.0_131-8u131-b11-2ubuntu1.16.04.2-b11), built on Jul 22 2017 00:56:41 by "buildd" with gcc 5.4.0 20160609
Memory: 4k page, physical 7867736k(7418684k free), swap 8076284k(8076284k free)
CommandLine flags: -XX:CMSInitiatingOccupancyFraction=50 -XX:CMSMaxAbortablePrecleanTime=6000 -XX:+CMSParallelRemarkEnabled -XX:+CMSScavengeBeforeRemark -XX:ConcGCThreads=4 -XX:InitialHeapSize=536870912 -XX:MaxHeapSize=536870912 -XX:MaxTenuringThreshold=8 -XX:NewRatio=3 -XX:OldPLABSize=16 -XX:OnOutOfMemoryError=/opt/solr/bin/oom_solr.sh 8983 /var/solr/logs -XX:ParallelGCThreads=4 -XX:+ParallelRefProcEnabled -XX:PretenureSizeThreshold=67108864 -XX:+PrintGC -XX:+PrintGCApplicationStoppedTime -XX:+PrintGCDateStamps -XX:+PrintGCDetails -XX:+PrintGCTimeStamps -XX:+PrintHeapAtGC -XX:+PrintTenuringDistribution -XX:SurvivorRatio=4 -XX:TargetSurvivorRatio=90 -XX:ThreadStackSize=256 -XX:+UseCMSInitiatingOccupancyOnly -XX:+UseCompressedClassPointers -XX:+UseCompressedOops -XX:+UseConcMarkSweepGC -XX:+UseParNewGC 
2017-07-28T11:05:57.885+0200: 0,187: Total time for which application threads were stopped: 0,0000878 seconds, Stopping threads took: 0,0000115 seconds
2017-07-28T11:05:58.013+0200: 0,315: Total time for which application threads were stopped: 0,0002118 seconds, Stopping threads took: 0,0000091 seconds
2017-07-28T11:05:58.332+0200: 0,634: Total time for which application threads were stopped: 0,0001296 seconds, Stopping threads took: 0,0000105 seconds
2017-07-28T11:05:58.827+0200: 1,129: Total time for which application threads were stopped: 0,0001567 seconds, Stopping threads took: 0,0000137 seconds
2017-07-28T11:05:59.127+0200: 1,429: Total time for which application threads were stopped: 0,0002249 seconds, Stopping threads took: 0,0000330 seconds
2017-07-28T11:05:59.215+0200: 1,517: Total time for which application threads were stopped: 0,0003480 seconds, Stopping threads took: 0,0000511 seconds
2017-07-28T11:05:59.258+0200: 1,560: Total time for which application threads were stopped: 0,0002944 seconds, Stopping threads took: 0,0000249 seconds
2017-07-28T11:05:59.545+0200: 1,847: Total time for which application threads were stopped: 0,0001563 seconds, Stopping threads took: 0,0000114 seconds
2017-07-28T11:05:59.788+0200: 2,090: Total time for which application threads were stopped: 0,0002594 seconds, Stopping threads took: 0,0000218 seconds
2017-07-28T11:05:59.814+0200: 2,116: Total time for which application threads were stopped: 0,0001696 seconds, Stopping threads took: 0,0000218 seconds
2017-07-28T11:05:59.856+0200: 2,158: Total time for which application threads were stopped: 0,0002311 seconds, Stopping threads took: 0,0000223 seconds
2017-07-28T11:05:59.857+0200: 2,159: Total time for which application threads were stopped: 0,0002215 seconds, Stopping threads took: 0,0000287 seconds
2017-07-28T11:05:59.879+0200: 2,181: Total time for which application threads were stopped: 0,0007543 seconds, Stopping threads took: 0,0000772 seconds
2017-07-28T11:05:59.984+0200: 2,286: Total time for which application threads were stopped: 0,0002279 seconds, Stopping threads took: 0,0000231 seconds
2017-07-28T11:06:00.156+0200: 2,458: Total time for which application threads were stopped: 0,0003955 seconds, Stopping threads took: 0,0001547 seconds
{Heap before GC invocations=0 (full 0):
 par new generation   total 109248K, used 87424K [0x00000000e0000000, 0x00000000e8000000, 0x00000000e8000000)
  eden space 87424K, 100% used [0x00000000e0000000, 0x00000000e5560000, 0x00000000e5560000)
  from space 21824K,   0% used [0x00000000e5560000, 0x00000000e5560000, 0x00000000e6ab0000)
  to   space 21824K,   0% used [0x00000000e6ab0000, 0x00000000e6ab0000, 0x00000000e8000000)
 concurrent mark-sweep generation total 393216K, used 0K [0x00000000e8000000, 0x0000000100000000, 0x0000000100000000)
 Metaspace       used 18019K, capacity 18336K, committed 18688K, reserved 1064960K
  class space    used 2037K, capacity 2196K, committed 2304K, reserved 1048576K
2017-07-28T11:06:00.238+0200: 2,540: [GC (Allocation Failure) 2017-07-28T11:06:00.238+0200: 2,540: [ParNew
Desired survivor size 20112992 bytes, new threshold 8 (max 8)
- age   1:   12590584 bytes,   12590584 total
: 87424K->12411K(109248K), 0,0160139 secs] 87424K->12411K(502464K), 0,0160940 secs] [Times: user=0,04 sys=0,02, real=0,02 secs] 
Heap after GC invocations=1 (full 0):
 par new generation   total 109248K, used 12411K [0x00000000e0000000, 0x00000000e8000000, 0x00000000e8000000)
  eden space 87424K,   0% used [0x00000000e0000000, 0x00000000e0000000, 0x00000000e5560000)
  from space 21824K,  56% used [0x00000000e6ab0000, 0x00000000e76cecf0, 0x00000000e8000000)
  to   space 21824K,   0% used [0x00000000e5560000, 0x00000000e5560000, 0x00000000e6ab0000)
 concurrent mark-sweep generation total 393216K, used 0K [0x00000000e8000000, 0x0000000100000000, 0x0000000100000000)
 Metaspace       used 18019K, capacity 18336K, committed 18688K, reserved 1064960K
  class space    used 2037K, capacity 2196K, committed 2304K, reserved 1048576K
}
2017-07-28T11:06:00.254+0200: 2,556: Total time for which application threads were stopped: 0,0163874 seconds, Stopping threads took: 0,0001011 seconds
2017-07-28T11:06:00.575+0200: 2,877: Total time for which application threads were stopped: 0,0004006 seconds, Stopping threads took: 0,0000538 seconds
2017-07-28T11:06:00.617+0200: 2,919: Total time for which application threads were stopped: 0,0004001 seconds, Stopping threads took: 0,0000872 seconds
{Heap before GC invocations=1 (full 0):
 par new generation   total 109248K, used 99835K [0x00000000e0000000, 0x00000000e8000000, 0x00000000e8000000)
  eden space 87424K, 100% used [0x00000000e0000000, 0x00000000e5560000, 0x00000000e5560000)
  from space 21824K,  56% used [0x00000000e6ab0000, 0x00000000e76cecf0, 0x00000000e8000000)
  to   space 21824K,   0% used [0x00000000e5560000, 0x00000000e5560000, 0x00000000e6ab0000)
 concurrent mark-sweep generation total 393216K, used 0K [0x00000000e8000000, 0x0000000100000000, 0x0000000100000000)
 Metaspace       used 20083K, capacity 20442K, committed 20736K, reserved 1067008K
  class space    used 2300K, capacity 2475K, committed 2560K, reserved 1048576K
2017-07-28T11:06:00.621+0200: 2,923: [GC (Allocation Failure) 2017-07-28T11:06:00.621+0200: 2,923: [ParNew
Desired survivor size 20112992 bytes, new threshold 8 (max 8)
- age   1:    3713968 bytes,    3713968 total
- age   2:    6659416 bytes,   10373384 total
: 99835K->11790K(109248K), 0,0098641 secs] 99835K->11790K(502464K), 0,0099457 secs] [Times: user=0,03 sys=0,00, real=0,02 secs] 
Heap after GC invocations=2 (full 0):
 par new generation   total 109248K, used 11790K [0x00000000e0000000, 0x00000000e8000000, 0x00000000e8000000)
  eden space 87424K,   0% used [0x00000000e0000000, 0x00000000e0000000, 0x00000000e5560000)
  from space 21824K,  54% used [0x00000000e5560000, 0x00000000e60e3980, 0x00000000e6ab0000)
  to   space 21824K,   0% used [0x00000000e6ab0000, 0x00000000e6ab0000, 0x00000000e8000000)
 concurrent mark-sweep generation total 393216K, used 0K [0x00000000e8000000, 0x0000000100000000, 0x0000000100000000)
 Metaspace       used 20083K, capacity 20442K, committed 20736K, reserved 1067008K
  class space    used 2300K, capacity 2475K, committed 2560K, reserved 1048576K
}
2017-07-28T11:06:00.631+0200: 2,933: Total time for which application threads were stopped: 0,0101713 seconds, Stopping threads took: 0,0000852 seconds
2017-07-28T11:06:00.669+0200: 2,971: Total time for which application threads were stopped: 0,0004291 seconds, Stopping threads took: 0,0000572 seconds
2017-07-28T11:06:00.816+0200: 3,118: Total time for which application threads were stopped: 0,0001791 seconds, Stopping threads took: 0,0000489 seconds
{Heap before GC invocations=2 (full 0):
 par new generation   total 109248K, used 99214K [0x00000000e0000000, 0x00000000e8000000, 0x00000000e8000000)
  eden space 87424K, 100% used [0x00000000e0000000, 0x00000000e5560000, 0x00000000e5560000)
  from space 21824K,  54% used [0x00000000e5560000, 0x00000000e60e3980, 0x00000000e6ab0000)
  to   space 21824K,   0% used [0x00000000e6ab0000, 0x00000000e6ab0000, 0x00000000e8000000)
 concurrent mark-sweep generation total 393216K, used 0K [0x00000000e8000000, 0x0000000100000000, 0x0000000100000000)
 Metaspace       used 20984K, capacity 21300K, committed 21552K, reserved 1069056K
  class space    used 2420K, capacity 2594K, committed 2608K, reserved 1048576K
2017-07-28T11:06:00.862+0200: 3,164: [GC (Allocation Failure) 2017-07-28T11:06:00.862+0200: 3,164: [ParNew
Desired survivor size 20112992 bytes, new threshold 8 (max 8)
- age   1:    2003520 bytes,    2003520 total
- age   2:     858992 bytes,    2862512 total
- age   3:    6658440 bytes,    9520952 total
: 99214K->14344K(109248K), 0,0121752 secs] 99214K->14344K(502464K), 0,0122417 secs] [Times: user=0,03 sys=0,00, real=0,01 secs] 
Heap after GC invocations=3 (full 0):
 par new generation   total 109248K, used 14344K [0x00000000e0000000, 0x00000000e8000000, 0x00000000e8000000)
  eden space 87424K,   0% used [0x00000000e0000000, 0x00000000e0000000, 0x00000000e5560000)
  from space 21824K,  65% used [0x00000000e6ab0000, 0x00000000e78b2080, 0x00000000e8000000)
  to   space 21824K,   0% used [0x00000000e5560000, 0x00000000e5560000, 0x00000000e6ab0000)
 concurrent mark-sweep generation total 393216K, used 0K [0x00000000e8000000, 0x0000000100000000, 0x0000000100000000)
 Metaspace       used 20984K, capacity 21300K, committed 21552K, reserved 1069056K
  class space    used 2420K, capacity 2594K, committed 2608K, reserved 1048576K
}
2017-07-28T11:06:00.874+0200: 3,176: Total time for which application threads were stopped: 0,0129854 seconds, Stopping threads took: 0,0006100 seconds
2017-07-28T11:06:00.874+0200: 3,176: [GC (CMS Initial Mark) [1 CMS-initial-mark: 0K(393216K)] 15065K(502464K), 0,0030268 secs] [Times: user=0,01 sys=0,00, real=0,00 secs] 
2017-07-28T11:06:00.878+0200: 3,179: Total time for which application threads were stopped: 0,0031550 seconds, Stopping threads took: 0,0000289 seconds
2017-07-28T11:06:00.878+0200: 3,179: [CMS-concurrent-mark-start]
2017-07-28T11:06:00.878+0200: 3,180: [CMS-concurrent-mark: 0,001/0,001 secs] [Times: user=0,00 sys=0,01, real=0,00 secs] 
2017-07-28T11:06:00.879+0200: 3,180: [CMS-concurrent-preclean-start]
2017-07-28T11:06:00.880+0200: 3,182: [CMS-concurrent-preclean: 0,001/0,001 secs] [Times: user=0,00 sys=0,00, real=0,00 secs] 
2017-07-28T11:06:00.880+0200: 3,182: [CMS-concurrent-abortable-preclean-start]
2017-07-28T11:06:00.986+0200: 3,288: Total time for which application threads were stopped: 0,0002048 seconds, Stopping threads took: 0,0000803 seconds
{Heap before GC invocations=3 (full 1):
 par new generation   total 109248K, used 101768K [0x00000000e0000000, 0x00000000e8000000, 0x00000000e8000000)
  eden space 87424K, 100% used [0x00000000e0000000, 0x00000000e5560000, 0x00000000e5560000)
  from space 21824K,  65% used [0x00000000e6ab0000, 0x00000000e78b2080, 0x00000000e8000000)
  to   space 21824K,   0% used [0x00000000e5560000, 0x00000000e5560000, 0x00000000e6ab0000)
 concurrent mark-sweep generation total 393216K, used 0K [0x00000000e8000000, 0x0000000100000000, 0x0000000100000000)
 Metaspace       used 21266K, capacity 21630K, committed 21884K, reserved 1069056K
  class space    used 2451K, capacity 2608K, committed 2608K, reserved 1048576K
2017-07-28T11:06:00.987+0200: 3,289: [GC (Allocation Failure) 2017-07-28T11:06:00.987+0200: 3,289: [ParNew
Desired survivor size 20112992 bytes, new threshold 8 (max 8)
- age   1:    1378504 bytes,    1378504 total
- age   2:    1449072 bytes,    2827576 total
- age   3:     826624 bytes,    3654200 total
- age   4:    6657664 bytes,   10311864 total
: 101768K->11787K(109248K), 0,0121394 secs] 101768K->11787K(502464K), 0,0122119 secs] [Times: user=0,04 sys=0,01, real=0,01 secs] 
Heap after GC invocations=4 (full 1):
 par new generation   total 109248K, used 11787K [0x00000000e0000000, 0x00000000e8000000, 0x00000000e8000000)
  eden space 87424K,   0% used [0x00000000e0000000, 0x00000000e0000000, 0x00000000e5560000)
  from space 21824K,  54% used [0x00000000e5560000, 0x00000000e60e2d60, 0x00000000e6ab0000)
  to   space 21824K,   0% used [0x00000000e6ab0000, 0x00000000e6ab0000, 0x00000000e8000000)
 concurrent mark-sweep generation total 393216K, used 0K [0x00000000e8000000, 0x0000000100000000, 0x0000000100000000)
 Metaspace       used 21266K, capacity 21630K, committed 21884K, reserved 1069056K
  class space    used 2451K, capacity 2608K, committed 2608K, reserved 1048576K
}
2017-07-28T11:06:00.999+0200: 3,301: Total time for which application threads were stopped: 0,0123902 seconds, Stopping threads took: 0,0000370 seconds
{Heap before GC invocations=4 (full 1):
 par new generation   total 109248K, used 99211K [0x00000000e0000000, 0x00000000e8000000, 0x00000000e8000000)
  eden space 87424K, 100% used [0x00000000e0000000, 0x00000000e5560000, 0x00000000e5560000)
  from space 21824K,  54% used [0x00000000e5560000, 0x00000000e60e2d60, 0x00000000e6ab0000)
  to   space 21824K,   0% used [0x00000000e6ab0000, 0x00000000e6ab0000, 0x00000000e8000000)
 concurrent mark-sweep generation total 393216K, used 0K [0x00000000e8000000, 0x0000000100000000, 0x0000000100000000)
 Metaspace       used 21418K, capacity 21818K, committed 21960K, reserved 1069056K
  class space    used 2469K, capacity 2644K, committed 2684K, reserved 1048576K
2017-07-28T11:06:01.082+0200: 3,384: [GC (Allocation Failure) 2017-07-28T11:06:01.082+0200: 3,384: [ParNew
Desired survivor size 20112992 bytes, new threshold 8 (max 8)
- age   1:     462688 bytes,     462688 total
- age   2:     180976 bytes,     643664 total
- age   3:    1448968 bytes,    2092632 total
- age   4:     825536 bytes,    2918168 total
- age   5:    6659376 bytes,    9577544 total
: 99211K->13097K(109248K), 0,0092101 secs] 99211K->13097K(502464K), 0,0092835 secs] [Times: user=0,03 sys=0,00, real=0,01 secs] 
Heap after GC invocations=5 (full 1):
 par new generation   total 109248K, used 13097K [0x00000000e0000000, 0x00000000e8000000, 0x00000000e8000000)
  eden space 87424K,   0% used [0x00000000e0000000, 0x00000000e0000000, 0x00000000e5560000)
  from space 21824K,  60% used [0x00000000e6ab0000, 0x00000000e777a440, 0x00000000e8000000)
  to   space 21824K,   0% used [0x00000000e5560000, 0x00000000e5560000, 0x00000000e6ab0000)
 concurrent mark-sweep generation total 393216K, used 0K [0x00000000e8000000, 0x0000000100000000, 0x0000000100000000)
 Metaspace       used 21418K, capacity 21818K, committed 21960K, reserved 1069056K
  class space    used 2469K, capacity 2644K, committed 2684K, reserved 1048576K
}
2017-07-28T11:06:01.091+0200: 3,393: Total time for which application threads were stopped: 0,0145828 seconds, Stopping threads took: 0,0051345 seconds
2017-07-28T11:06:01.091+0200: 3,393: [CMS-concurrent-abortable-preclean: 0,107/0,212 secs] [Times: user=0,76 sys=0,02, real=0,22 secs] 
2017-07-28T11:06:01.094+0200: 3,396: [GC (CMS Final Remark) [YG occupancy: 16188 K (109248 K)]{Heap before GC invocations=5 (full 1):
 par new generation   total 109248K, used 16188K [0x00000000e0000000, 0x00000000e8000000, 0x00000000e8000000)
  eden space 87424K,   3% used [0x00000000e0000000, 0x00000000e0304e88, 0x00000000e5560000)
  from space 21824K,  60% used [0x00000000e6ab0000, 0x00000000e777a440, 0x00000000e8000000)
  to   space 21824K,   0% used [0x00000000e5560000, 0x00000000e5560000, 0x00000000e6ab0000)
 concurrent mark-sweep generation total 393216K, used 0K [0x00000000e8000000, 0x0000000100000000, 0x0000000100000000)
 Metaspace       used 21422K, capacity 21818K, committed 21960K, reserved 1069056K
  class space    used 2470K, capacity 2644K, committed 2684K, reserved 1048576K
2017-07-28T11:06:01.094+0200: 3,396: [GC (CMS Final Remark) 2017-07-28T11:06:01.094+0200: 3,396: [ParNew
Desired survivor size 20112992 bytes, new threshold 8 (max 8)
- age   1:     165088 bytes,     165088 total
- age   2:     157096 bytes,     322184 total
- age   3:     180976 bytes,     503160 total
- age   4:    1448968 bytes,    1952128 total
- age   5:     825536 bytes,    2777664 total
- age   6:    6657680 bytes,    9435344 total
: 16188K->11379K(109248K), 0,0091696 secs] 16188K->11379K(502464K), 0,0092077 secs] [Times: user=0,03 sys=0,00, real=0,01 secs] 
Heap after GC invocations=6 (full 1):
 par new generation   total 109248K, used 11379K [0x00000000e0000000, 0x00000000e8000000, 0x00000000e8000000)
  eden space 87424K,   0% used [0x00000000e0000000, 0x00000000e0000000, 0x00000000e5560000)
  from space 21824K,  52% used [0x00000000e5560000, 0x00000000e607cd00, 0x00000000e6ab0000)
  to   space 21824K,   0% used [0x00000000e6ab0000, 0x00000000e6ab0000, 0x00000000e8000000)
 concurrent mark-sweep generation total 393216K, used 0K [0x00000000e8000000, 0x0000000100000000, 0x0000000100000000)
 Metaspace       used 21422K, capacity 21818K, committed 21960K, reserved 1069056K
  class space    used 2470K, capacity 2644K, committed 2684K, reserved 1048576K
}
2017-07-28T11:06:01.103+0200: 3,405: [Rescan (parallel) , 0,0033319 secs]2017-07-28T11:06:01.107+0200: 3,409: [weak refs processing, 0,0007128 secs]2017-07-28T11:06:01.107+0200: 3,409: [class unloading, 0,0029117 secs]2017-07-28T11:06:01.110+0200: 3,412: [scrub symbol table, 0,0025036 secs]2017-07-28T11:06:01.113+0200: 3,415: [scrub string table, 0,0003667 secs][1 CMS-remark: 0K(393216K)] 11379K(502464K), 0,0197115 secs] [Times: user=0,05 sys=0,00, real=0,02 secs] 
2017-07-28T11:06:01.114+0200: 3,416: Total time for which application threads were stopped: 0,0198466 seconds, Stopping threads took: 0,0000494 seconds
2017-07-28T11:06:01.120+0200: 3,422: [CMS-concurrent-sweep-start]
2017-07-28T11:06:01.120+0200: 3,422: [CMS-concurrent-sweep: 0,000/0,000 secs] [Times: user=0,00 sys=0,00, real=0,00 secs] 
2017-07-28T11:06:01.120+0200: 3,422: [CMS-concurrent-reset-start]
2017-07-28T11:06:01.122+0200: 3,424: [CMS-concurrent-reset: 0,002/0,002 secs] [Times: user=0,01 sys=0,01, real=0,01 secs] 
2017-07-28T11:06:01.149+0200: 3,450: Total time for which application threads were stopped: 0,0003070 seconds, Stopping threads took: 0,0000142 seconds
2017-07-28T11:06:01.391+0200: 3,693: Total time for which application threads were stopped: 0,0004718 seconds, Stopping threads took: 0,0000497 seconds
2017-07-28T11:06:01.407+0200: 3,709: Total time for which application threads were stopped: 0,0004296 seconds, Stopping threads took: 0,0000412 seconds
{Heap before GC invocations=6 (full 1):
 par new generation   total 109248K, used 98783K [0x00000000e0000000, 0x00000000e8000000, 0x00000000e8000000)
  eden space 87424K,  99% used [0x00000000e0000000, 0x00000000e555b1a8, 0x00000000e5560000)
  from space 21824K,  52% used [0x00000000e5560000, 0x00000000e607cd00, 0x00000000e6ab0000)
  to   space 21824K,   0% used [0x00000000e6ab0000, 0x00000000e6ab0000, 0x00000000e8000000)
 concurrent mark-sweep generation total 393216K, used 0K [0x00000000e8000000, 0x0000000100000000, 0x0000000100000000)
 Metaspace       used 23882K, capacity 24354K, committed 24572K, reserved 1071104K
  class space    used 2818K, capacity 3020K, committed 3068K, reserved 1048576K
2017-07-28T11:06:01.563+0200: 3,865: [GC (Allocation Failure) 2017-07-28T11:06:01.563+0200: 3,865: [ParNew
Desired survivor size 20112992 bytes, new threshold 8 (max 8)
- age   1:    5325200 bytes,    5325200 total
- age   2:       7088 bytes,    5332288 total
- age   3:     116104 bytes,    5448392 total
- age   4:     179456 bytes,    5627848 total
- age   5:     279120 bytes,    5906968 total
- age   6:     799304 bytes,    6706272 total
- age   7:    6649368 bytes,   13355640 total
: 98783K->16666K(109248K), 0,0142158 secs] 98783K->16666K(502464K), 0,0142819 secs] [Times: user=0,04 sys=0,00, real=0,01 secs] 
Heap after GC invocations=7 (full 1):
 par new generation   total 109248K, used 16666K [0x00000000e0000000, 0x00000000e8000000, 0x00000000e8000000)
  eden space 87424K,   0% used [0x00000000e0000000, 0x00000000e0000000, 0x00000000e5560000)
  from space 21824K,  76% used [0x00000000e6ab0000, 0x00000000e7af68c0, 0x00000000e8000000)
  to   space 21824K,   0% used [0x00000000e5560000, 0x00000000e5560000, 0x00000000e6ab0000)
 concurrent mark-sweep generation total 393216K, used 0K [0x00000000e8000000, 0x0000000100000000, 0x0000000100000000)
 Metaspace       used 23882K, capacity 24354K, committed 24572K, reserved 1071104K
  class space    used 2818K, capacity 3020K, committed 3068K, reserved 1048576K
}
2017-07-28T11:06:01.577+0200: 3,879: Total time for which application threads were stopped: 0,0145619 seconds, Stopping threads took: 0,0001030 seconds
{Heap before GC invocations=7 (full 1):
 par new generation   total 109248K, used 104090K [0x00000000e0000000, 0x00000000e8000000, 0x00000000e8000000)
  eden space 87424K, 100% used [0x00000000e0000000, 0x00000000e5560000, 0x00000000e5560000)
  from space 21824K,  76% used [0x00000000e6ab0000, 0x00000000e7af68c0, 0x00000000e8000000)
  to   space 21824K,   0% used [0x00000000e5560000, 0x00000000e5560000, 0x00000000e6ab0000)
 concurrent mark-sweep generation total 393216K, used 0K [0x00000000e8000000, 0x0000000100000000, 0x0000000100000000)
 Metaspace       used 24520K, capacity 25048K, committed 25084K, reserved 1071104K
  class space    used 2874K, capacity 3056K, committed 3068K, reserved 1048576K
2017-07-28T11:06:01.666+0200: 3,968: [GC (Allocation Failure) 2017-07-28T11:06:01.666+0200: 3,968: [ParNew
Desired survivor size 20112992 bytes, new threshold 8 (max 8)
- age   1:    1711184 bytes,    1711184 total
- age   2:    1798120 bytes,    3509304 total
- age   3:       2952 bytes,    3512256 total
- age   4:      43896 bytes,    3556152 total
- age   5:     113968 bytes,    3670120 total
- age   6:     178576 bytes,    3848696 total
- age   7:     757096 bytes,    4605792 total
- age   8:    6114736 bytes,   10720528 total
: 104090K->14831K(109248K), 0,0211233 secs] 104090K->14831K(502464K), 0,0212064 secs] [Times: user=0,08 sys=0,00, real=0,02 secs] 
Heap after GC invocations=8 (full 1):
 par new generation   total 109248K, used 14831K [0x00000000e0000000, 0x00000000e8000000, 0x00000000e8000000)
  eden space 87424K,   0% used [0x00000000e0000000, 0x00000000e0000000, 0x00000000e5560000)
  from space 21824K,  67% used [0x00000000e5560000, 0x00000000e63dbe40, 0x00000000e6ab0000)
  to   space 21824K,   0% used [0x00000000e6ab0000, 0x00000000e6ab0000, 0x00000000e8000000)
 concurrent mark-sweep generation total 393216K, used 0K [0x00000000e8000000, 0x0000000100000000, 0x0000000100000000)
 Metaspace       used 24520K, capacity 25048K, committed 25084K, reserved 1071104K
  class space    used 2874K, capacity 3056K, committed 3068K, reserved 1048576K
}
2017-07-28T11:06:01.687+0200: 3,989: Total time for which application threads were stopped: 0,0214468 seconds, Stopping threads took: 0,0000444 seconds
2017-07-28T11:06:01.778+0200: 4,080: Total time for which application threads were stopped: 0,0058910 seconds, Stopping threads took: 0,0055152 seconds
{Heap before GC invocations=8 (full 1):
 par new generation   total 109248K, used 102255K [0x00000000e0000000, 0x00000000e8000000, 0x00000000e8000000)
  eden space 87424K, 100% used [0x00000000e0000000, 0x00000000e5560000, 0x00000000e5560000)
  from space 21824K,  67% used [0x00000000e5560000, 0x00000000e63dbe40, 0x00000000e6ab0000)
  to   space 21824K,   0% used [0x00000000e6ab0000, 0x00000000e6ab0000, 0x00000000e8000000)
 concurrent mark-sweep generation total 393216K, used 0K [0x00000000e8000000, 0x0000000100000000, 0x0000000100000000)
 Metaspace       used 24990K, capacity 25474K, committed 25724K, reserved 1071104K
  class space    used 2912K, capacity 3090K, committed 3196K, reserved 1048576K
2017-07-28T11:06:01.847+0200: 4,149: [GC (Allocation Failure) 2017-07-28T11:06:01.847+0200: 4,149: [ParNew
Desired survivor size 20112992 bytes, new threshold 8 (max 8)
- age   1:    1165880 bytes,    1165880 total
- age   2:     664640 bytes,    1830520 total
- age   3:    1775216 bytes,    3605736 total
- age   4:       2952 bytes,    3608688 total
- age   5:      43896 bytes,    3652584 total
- age   6:     111360 bytes,    3763944 total
- age   7:     178112 bytes,    3942056 total
- age   8:     756360 bytes,    4698416 total
: 102255K->8615K(109248K), 0,0377488 secs] 102255K->15246K(502464K), 0,0378251 secs] [Times: user=0,08 sys=0,00, real=0,04 secs] 
Heap after GC invocations=9 (full 1):
 par new generation   total 109248K, used 8615K [0x00000000e0000000, 0x00000000e8000000, 0x00000000e8000000)
  eden space 87424K,   0% used [0x00000000e0000000, 0x00000000e0000000, 0x00000000e5560000)
  from space 21824K,  39% used [0x00000000e6ab0000, 0x00000000e7319d68, 0x00000000e8000000)
  to   space 21824K,   0% used [0x00000000e5560000, 0x00000000e5560000, 0x00000000e6ab0000)
 concurrent mark-sweep generation total 393216K, used 6630K [0x00000000e8000000, 0x0000000100000000, 0x0000000100000000)
 Metaspace       used 24990K, capacity 25474K, committed 25724K, reserved 1071104K
  class space    used 2912K, capacity 3090K, committed 3196K, reserved 1048576K
}
2017-07-28T11:06:01.885+0200: 4,187: Total time for which application threads were stopped: 0,0380930 seconds, Stopping threads took: 0,0000421 seconds
2017-07-28T11:06:01.990+0200: 4,292: Total time for which application threads were stopped: 0,0026004 seconds, Stopping threads took: 0,0024643 seconds
2017-07-28T11:06:02.027+0200: 4,329: Total time for which application threads were stopped: 0,0001680 seconds, Stopping threads took: 0,0000426 seconds
2017-07-28T11:06:02.031+0200: 4,333: Total time for which application threads were stopped: 0,0001326 seconds, Stopping threads took: 0,0000562 seconds
2017-07-28T11:06:02.033+0200: 4,335: Total time for which application threads were stopped: 0,0001622 seconds, Stopping threads took: 0,0000565 seconds
2017-07-28T11:06:02.038+0200: 4,340: Total time for which application threads were stopped: 0,0042893 seconds, Stopping threads took: 0,0042343 seconds
2017-07-28T11:06:02.038+0200: 4,340: Total time for which application threads were stopped: 0,0000616 seconds, Stopping threads took: 0,0000197 seconds
2017-07-28T11:06:02.038+0200: 4,340: Total time for which application threads were stopped: 0,0000824 seconds, Stopping threads took: 0,0000154 seconds
2017-07-28T11:06:02.038+0200: 4,340: Total time for which application threads were stopped: 0,0000730 seconds, Stopping threads took: 0,0000150 seconds
2017-07-28T11:06:02.039+0200: 4,341: Total time for which application threads were stopped: 0,0000732 seconds, Stopping threads took: 0,0000144 seconds
2017-07-28T11:06:02.039+0200: 4,341: Total time for which application threads were stopped: 0,0000618 seconds, Stopping threads took: 0,0000092 seconds
2017-07-28T11:06:02.039+0200: 4,341: Total time for which application threads were stopped: 0,0000685 seconds, Stopping threads took: 0,0000103 seconds
2017-07-28T11:06:02.039+0200: 4,341: Total time for which application threads were stopped: 0,0000554 seconds, Stopping threads took: 0,0000092 seconds
2017-07-28T11:06:02.039+0200: 4,341: Total time for which application threads were stopped: 0,0000659 seconds, Stopping threads took: 0,0000107 seconds
2017-07-28T11:06:02.040+0200: 4,341: Total time for which application threads were stopped: 0,0000792 seconds, Stopping threads took: 0,0000262 seconds
2017-07-28T11:06:02.040+0200: 4,342: Total time for which application threads were stopped: 0,0000655 seconds, Stopping threads took: 0,0000198 seconds
2017-07-28T11:06:02.040+0200: 4,342: Total time for which application threads were stopped: 0,0000543 seconds, Stopping threads took: 0,0000158 seconds
2017-07-28T11:06:02.040+0200: 4,342: Total time for which application threads were stopped: 0,0000436 seconds, Stopping threads took: 0,0000088 seconds
2017-07-28T11:06:02.040+0200: 4,342: Total time for which application threads were stopped: 0,0000641 seconds, Stopping threads took: 0,0000190 seconds
2017-07-28T11:06:02.040+0200: 4,342: Total time for which application threads were stopped: 0,0000736 seconds, Stopping threads took: 0,0000315 seconds
2017-07-28T11:06:02.040+0200: 4,342: Total time for which application threads were stopped: 0,0000695 seconds, Stopping threads took: 0,0000183 seconds
2017-07-28T11:06:02.040+0200: 4,342: Total time for which application threads were stopped: 0,0000601 seconds, Stopping threads took: 0,0000194 seconds
2017-07-28T11:06:02.041+0200: 4,342: Total time for which application threads were stopped: 0,0000618 seconds, Stopping threads took: 0,0000108 seconds
2017-07-28T11:06:02.041+0200: 4,343: Total time for which application threads were stopped: 0,0000841 seconds, Stopping threads took: 0,0000288 seconds
2017-07-28T11:06:02.041+0200: 4,343: Total time for which application threads were stopped: 0,0000695 seconds, Stopping threads took: 0,0000203 seconds
2017-07-28T11:06:02.041+0200: 4,343: Total time for which application threads were stopped: 0,0000662 seconds, Stopping threads took: 0,0000348 seconds
2017-07-28T11:06:02.041+0200: 4,343: Total time for which application threads were stopped: 0,0001146 seconds, Stopping threads took: 0,0000209 seconds
2017-07-28T11:06:02.042+0200: 4,343: Total time for which application threads were stopped: 0,0000905 seconds, Stopping threads took: 0,0000378 seconds
2017-07-28T11:06:02.042+0200: 4,344: Total time for which application threads were stopped: 0,0000763 seconds, Stopping threads took: 0,0000215 seconds
2017-07-28T11:06:02.046+0200: 4,348: Total time for which application threads were stopped: 0,0001677 seconds, Stopping threads took: 0,0000596 seconds
2017-07-28T11:06:02.048+0200: 4,350: Total time for which application threads were stopped: 0,0001408 seconds, Stopping threads took: 0,0000414 seconds
2017-07-28T11:06:02.056+0200: 4,358: Total time for which application threads were stopped: 0,0001247 seconds, Stopping threads took: 0,0000470 seconds
2017-07-28T11:06:02.062+0200: 4,364: Total time for which application threads were stopped: 0,0002205 seconds, Stopping threads took: 0,0001113 seconds
2017-07-28T11:06:02.063+0200: 4,364: Total time for which application threads were stopped: 0,0000926 seconds, Stopping threads took: 0,0000281 seconds
2017-07-28T11:06:02.068+0200: 4,370: Total time for which application threads were stopped: 0,0003398 seconds, Stopping threads took: 0,0002762 seconds
2017-07-28T11:06:02.069+0200: 4,371: Total time for which application threads were stopped: 0,0001139 seconds, Stopping threads took: 0,0000233 seconds
2017-07-28T11:06:02.069+0200: 4,371: Total time for which application threads were stopped: 0,0001035 seconds, Stopping threads took: 0,0000331 seconds
2017-07-28T11:06:02.069+0200: 4,371: Total time for which application threads were stopped: 0,0000931 seconds, Stopping threads took: 0,0000477 seconds
2017-07-28T11:06:02.070+0200: 4,372: Total time for which application threads were stopped: 0,0001146 seconds, Stopping threads took: 0,0000439 seconds
2017-07-28T11:06:02.111+0200: 4,413: Total time for which application threads were stopped: 0,0005746 seconds, Stopping threads took: 0,0000736 seconds
2017-07-28T11:06:02.113+0200: 4,415: Total time for which application threads were stopped: 0,0001404 seconds, Stopping threads took: 0,0000368 seconds
2017-07-28T11:06:02.120+0200: 4,422: Total time for which application threads were stopped: 0,0001301 seconds, Stopping threads took: 0,0000304 seconds
2017-07-28T11:06:02.127+0200: 4,429: Total time for which application threads were stopped: 0,0001476 seconds, Stopping threads took: 0,0000407 seconds
2017-07-28T11:06:02.132+0200: 4,434: Total time for which application threads were stopped: 0,0001495 seconds, Stopping threads took: 0,0000371 seconds
2017-07-28T11:06:02.133+0200: 4,435: Total time for which application threads were stopped: 0,0004368 seconds, Stopping threads took: 0,0000194 seconds
2017-07-28T11:06:02.138+0200: 4,440: Total time for which application threads were stopped: 0,0031860 seconds, Stopping threads took: 0,0030985 seconds
2017-07-28T11:06:02.143+0200: 4,445: Total time for which application threads were stopped: 0,0001635 seconds, Stopping threads took: 0,0000598 seconds
2017-07-28T11:06:02.147+0200: 4,449: Total time for which application threads were stopped: 0,0001439 seconds, Stopping threads took: 0,0000539 seconds
2017-07-28T11:06:02.152+0200: 4,454: Total time for which application threads were stopped: 0,0001356 seconds, Stopping threads took: 0,0000405 seconds
2017-07-28T11:06:02.153+0200: 4,455: Total time for which application threads were stopped: 0,0001504 seconds, Stopping threads took: 0,0000385 seconds
2017-07-28T11:06:02.153+0200: 4,455: Total time for which application threads were stopped: 0,0001117 seconds, Stopping threads took: 0,0000341 seconds
2017-07-28T11:06:02.196+0200: 4,498: Total time for which application threads were stopped: 0,0001647 seconds, Stopping threads took: 0,0000503 seconds
2017-07-28T11:06:02.211+0200: 4,513: Total time for which application threads were stopped: 0,0004330 seconds, Stopping threads took: 0,0000441 seconds
2017-07-28T11:06:02.222+0200: 4,524: Total time for which application threads were stopped: 0,0001714 seconds, Stopping threads took: 0,0000715 seconds
2017-07-28T11:06:02.230+0200: 4,532: Total time for which application threads were stopped: 0,0034698 seconds, Stopping threads took: 0,0033339 seconds
2017-07-28T11:06:02.239+0200: 4,541: Total time for which application threads were stopped: 0,0001257 seconds, Stopping threads took: 0,0000286 seconds
2017-07-28T11:06:02.247+0200: 4,548: Total time for which application threads were stopped: 0,0044112 seconds, Stopping threads took: 0,0042963 seconds
2017-07-28T11:06:02.247+0200: 4,549: Total time for which application threads were stopped: 0,0001389 seconds, Stopping threads took: 0,0000541 seconds
2017-07-28T11:06:02.247+0200: 4,549: Total time for which application threads were stopped: 0,0001351 seconds, Stopping threads took: 0,0000403 seconds
2017-07-28T11:06:02.247+0200: 4,549: Total time for which application threads were stopped: 0,0000844 seconds, Stopping threads took: 0,0000117 seconds
2017-07-28T11:06:02.247+0200: 4,549: Total time for which application threads were stopped: 0,0000664 seconds, Stopping threads took: 0,0000114 seconds
2017-07-28T11:06:02.248+0200: 4,549: Total time for which application threads were stopped: 0,0000583 seconds, Stopping threads took: 0,0000099 seconds
2017-07-28T11:06:02.254+0200: 4,556: Total time for which application threads were stopped: 0,0001645 seconds, Stopping threads took: 0,0000301 seconds
2017-07-28T11:06:02.254+0200: 4,556: Total time for which application threads were stopped: 0,0002039 seconds, Stopping threads took: 0,0000112 seconds
2017-07-28T11:06:02.257+0200: 4,559: Total time for which application threads were stopped: 0,0013183 seconds, Stopping threads took: 0,0012060 seconds
2017-07-28T11:06:02.264+0200: 4,566: Total time for which application threads were stopped: 0,0002313 seconds, Stopping threads took: 0,0001308 seconds
2017-07-28T11:06:02.264+0200: 4,566: Total time for which application threads were stopped: 0,0000723 seconds, Stopping threads took: 0,0000220 seconds
2017-07-28T11:06:02.266+0200: 4,568: Total time for which application threads were stopped: 0,0001521 seconds, Stopping threads took: 0,0000598 seconds
2017-07-28T11:06:02.273+0200: 4,575: Total time for which application threads were stopped: 0,0001312 seconds, Stopping threads took: 0,0000491 seconds
2017-07-28T11:06:02.274+0200: 4,576: Total time for which application threads were stopped: 0,0001265 seconds, Stopping threads took: 0,0000430 seconds
2017-07-28T11:06:02.274+0200: 4,576: Total time for which application threads were stopped: 0,0001325 seconds, Stopping threads took: 0,0000338 seconds
2017-07-28T11:06:02.276+0200: 4,578: Total time for which application threads were stopped: 0,0001305 seconds, Stopping threads took: 0,0000516 seconds
2017-07-28T11:06:02.281+0200: 4,583: Total time for which application threads were stopped: 0,0001186 seconds, Stopping threads took: 0,0000336 seconds
2017-07-28T11:06:02.284+0200: 4,586: Total time for which application threads were stopped: 0,0001180 seconds, Stopping threads took: 0,0000480 seconds
2017-07-28T11:06:02.285+0200: 4,587: Total time for which application threads were stopped: 0,0001823 seconds, Stopping threads took: 0,0000357 seconds
2017-07-28T11:06:02.286+0200: 4,588: Total time for which application threads were stopped: 0,0000760 seconds, Stopping threads took: 0,0000219 seconds
2017-07-28T11:06:02.286+0200: 4,588: Total time for which application threads were stopped: 0,0001256 seconds, Stopping threads took: 0,0000452 seconds
2017-07-28T11:06:02.298+0200: 4,600: Total time for which application threads were stopped: 0,0005561 seconds, Stopping threads took: 0,0004646 seconds
2017-07-28T11:06:02.312+0200: 4,614: Total time for which application threads were stopped: 0,0004775 seconds, Stopping threads took: 0,0003802 seconds
2017-07-28T11:06:02.318+0200: 4,620: Total time for which application threads were stopped: 0,0001823 seconds, Stopping threads took: 0,0000777 seconds
2017-07-28T11:06:02.353+0200: 4,655: Total time for which application threads were stopped: 0,0061606 seconds, Stopping threads took: 0,0060459 seconds
2017-07-28T11:06:02.362+0200: 4,664: Total time for which application threads were stopped: 0,0004654 seconds, Stopping threads took: 0,0000412 seconds
2017-07-28T11:06:02.414+0200: 4,716: Total time for which application threads were stopped: 0,0001213 seconds, Stopping threads took: 0,0000290 seconds
2017-07-28T11:08:00.426+0200: 122,728: Total time for which application threads were stopped: 0,0001105 seconds, Stopping threads took: 0,0000390 seconds
{Heap before GC invocations=9 (full 1):
 par new generation   total 109248K, used 96039K [0x00000000e0000000, 0x00000000e8000000, 0x00000000e8000000)
  eden space 87424K, 100% used [0x00000000e0000000, 0x00000000e5560000, 0x00000000e5560000)
  from space 21824K,  39% used [0x00000000e6ab0000, 0x00000000e7319d68, 0x00000000e8000000)
  to   space 21824K,   0% used [0x00000000e5560000, 0x00000000e5560000, 0x00000000e6ab0000)
 concurrent mark-sweep generation total 393216K, used 6630K [0x00000000e8000000, 0x0000000100000000, 0x0000000100000000)
 Metaspace       used 28004K, capacity 28576K, committed 28796K, reserved 1075200K
  class space    used 3215K, capacity 3395K, committed 3452K, reserved 1048576K
2017-07-28T11:08:54.144+0200: 176,446: [GC (Allocation Failure) 2017-07-28T11:08:54.144+0200: 176,446: [ParNew
Desired survivor size 20112992 bytes, new threshold 8 (max 8)
- age   1:   10594040 bytes,   10594040 total
- age   2:     335776 bytes,   10929816 total
- age   3:     267480 bytes,   11197296 total
- age   4:    1770960 bytes,   12968256 total
- age   5:       2952 bytes,   12971208 total
- age   6:      43896 bytes,   13015104 total
- age   7:     111232 bytes,   13126336 total
- age   8:     178016 bytes,   13304352 total
: 96039K->14313K(109248K), 0,0119806 secs] 102670K->21694K(502464K), 0,0120483 secs] [Times: user=0,04 sys=0,00, real=0,01 secs] 
Heap after GC invocations=10 (full 1):
 par new generation   total 109248K, used 14313K [0x00000000e0000000, 0x00000000e8000000, 0x00000000e8000000)
  eden space 87424K,   0% used [0x00000000e0000000, 0x00000000e0000000, 0x00000000e5560000)
  from space 21824K,  65% used [0x00000000e5560000, 0x00000000e635a460, 0x00000000e6ab0000)
  to   space 21824K,   0% used [0x00000000e6ab0000, 0x00000000e6ab0000, 0x00000000e8000000)
 concurrent mark-sweep generation total 393216K, used 7381K [0x00000000e8000000, 0x0000000100000000, 0x0000000100000000)
 Metaspace       used 28004K, capacity 28576K, committed 28796K, reserved 1075200K
  class space    used 3215K, capacity 3395K, committed 3452K, reserved 1048576K
}
2017-07-28T11:08:54.156+0200: 176,458: Total time for which application threads were stopped: 0,0122400 seconds, Stopping threads took: 0,0000608 seconds
2017-07-28T11:08:54.158+0200: 176,460: Total time for which application threads were stopped: 0,0000810 seconds, Stopping threads took: 0,0000337 seconds
2017-07-28T11:08:54.158+0200: 176,460: Total time for which application threads were stopped: 0,0000677 seconds, Stopping threads took: 0,0000192 seconds
2017-07-28T11:29:24.307+0200: 1406,609: Total time for which application threads were stopped: 0,0000837 seconds, Stopping threads took: 0,0000330 seconds
2017-07-28T11:32:39.330+0200: 1601,632: Total time for which application threads were stopped: 0,0000797 seconds, Stopping threads took: 0,0000307 seconds
2017-07-28T11:43:05.412+0200: 2227,714: Total time for which application threads were stopped: 0,0001640 seconds, Stopping threads took: 0,0000622 seconds
2017-07-28T11:43:30.415+0200: 2252,717: Total time for which application threads were stopped: 0,0003640 seconds, Stopping threads took: 0,0001799 seconds
2017-07-28T11:44:19.421+0200: 2301,723: Total time for which application threads were stopped: 0,0001833 seconds, Stopping threads took: 0,0000699 seconds
2017-07-28T11:44:20.421+0200: 2302,723: Total time for which application threads were stopped: 0,0000627 seconds, Stopping threads took: 0,0000146 seconds
2017-07-28T11:59:15.526+0200: 3197,828: Total time for which application threads were stopped: 0,0004430 seconds, Stopping threads took: 0,0001629 seconds
2017-07-28T12:02:31.548+0200: 3393,850: Total time for which application threads were stopped: 0,0004908 seconds, Stopping threads took: 0,0003975 seconds
2017-07-28T12:02:31.582+0200: 3393,884: Total time for which application threads were stopped: 0,0001256 seconds, Stopping threads took: 0,0000261 seconds
2017-07-28T12:02:31.583+0200: 3393,885: Total time for which application threads were stopped: 0,0001130 seconds, Stopping threads took: 0,0000312 seconds
2017-07-28T12:02:31.588+0200: 3393,890: Total time for which application threads were stopped: 0,0001413 seconds, Stopping threads took: 0,0000357 seconds
2017-07-28T12:02:31.590+0200: 3393,892: Total time for which application threads were stopped: 0,0006118 seconds, Stopping threads took: 0,0004576 seconds
2017-07-28T12:02:31.593+0200: 3393,895: Total time for which application threads were stopped: 0,0001063 seconds, Stopping threads took: 0,0000266 seconds
2017-07-28T12:02:31.594+0200: 3393,895: Total time for which application threads were stopped: 0,0000739 seconds, Stopping threads took: 0,0000197 seconds
2017-07-28T12:02:31.594+0200: 3393,896: Total time for which application threads were stopped: 0,0000735 seconds, Stopping threads took: 0,0000185 seconds
2017-07-28T12:02:31.594+0200: 3393,896: Total time for which application threads were stopped: 0,0000649 seconds, Stopping threads took: 0,0000179 seconds
2017-07-28T12:02:31.594+0200: 3393,896: Total time for which application threads were stopped: 0,0000653 seconds, Stopping threads took: 0,0000142 seconds
2017-07-28T12:02:31.594+0200: 3393,896: Total time for which application threads were stopped: 0,0000614 seconds, Stopping threads took: 0,0000173 seconds
2017-07-28T12:02:31.594+0200: 3393,896: Total time for which application threads were stopped: 0,0000631 seconds, Stopping threads took: 0,0000203 seconds
2017-07-28T12:02:31.594+0200: 3393,896: Total time for which application threads were stopped: 0,0000589 seconds, Stopping threads took: 0,0000178 seconds
2017-07-28T12:02:31.594+0200: 3393,896: Total time for which application threads were stopped: 0,0000483 seconds, Stopping threads took: 0,0000117 seconds
2017-07-28T12:02:31.595+0200: 3393,897: Total time for which application threads were stopped: 0,0000554 seconds, Stopping threads took: 0,0000179 seconds
2017-07-28T12:02:31.595+0200: 3393,897: Total time for which application threads were stopped: 0,0000526 seconds, Stopping threads took: 0,0000135 seconds
2017-07-28T12:02:31.595+0200: 3393,897: Total time for which application threads were stopped: 0,0000468 seconds, Stopping threads took: 0,0000126 seconds
2017-07-28T12:02:31.595+0200: 3393,897: Total time for which application threads were stopped: 0,0000483 seconds, Stopping threads took: 0,0000129 seconds
2017-07-28T12:02:31.605+0200: 3393,907: Total time for which application threads were stopped: 0,0001499 seconds, Stopping threads took: 0,0000520 seconds
2017-07-28T12:02:31.608+0200: 3393,910: Total time for which application threads were stopped: 0,0001237 seconds, Stopping threads took: 0,0000256 seconds
2017-07-28T12:02:31.608+0200: 3393,910: Total time for which application threads were stopped: 0,0000845 seconds, Stopping threads took: 0,0000221 seconds
2017-07-28T12:02:31.608+0200: 3393,910: Total time for which application threads were stopped: 0,0000740 seconds, Stopping threads took: 0,0000188 seconds
2017-07-28T12:02:31.608+0200: 3393,910: Total time for which application threads were stopped: 0,0000668 seconds, Stopping threads took: 0,0000166 seconds
2017-07-28T12:02:31.614+0200: 3393,916: Total time for which application threads were stopped: 0,0002148 seconds, Stopping threads took: 0,0001179 seconds
2017-07-28T12:02:31.614+0200: 3393,916: Total time for which application threads were stopped: 0,0000798 seconds, Stopping threads took: 0,0000205 seconds
2017-07-28T12:02:31.614+0200: 3393,916: Total time for which application threads were stopped: 0,0000672 seconds, Stopping threads took: 0,0000162 seconds
2017-07-28T12:02:31.615+0200: 3393,916: Total time for which application threads were stopped: 0,0000659 seconds, Stopping threads took: 0,0000167 seconds
2017-07-28T12:02:31.615+0200: 3393,917: Total time for which application threads were stopped: 0,0000583 seconds, Stopping threads took: 0,0000167 seconds
2017-07-28T12:02:31.615+0200: 3393,917: Total time for which application threads were stopped: 0,0000552 seconds, Stopping threads took: 0,0000133 seconds
2017-07-28T12:02:31.615+0200: 3393,917: Total time for which application threads were stopped: 0,0000583 seconds, Stopping threads took: 0,0000142 seconds
2017-07-28T12:02:31.615+0200: 3393,917: Total time for which application threads were stopped: 0,0000531 seconds, Stopping threads took: 0,0000155 seconds
2017-07-28T12:02:31.615+0200: 3393,917: Total time for which application threads were stopped: 0,0000568 seconds, Stopping threads took: 0,0000129 seconds
2017-07-28T12:02:31.618+0200: 3393,920: Total time for which application threads were stopped: 0,0001185 seconds, Stopping threads took: 0,0000451 seconds
2017-07-28T12:02:31.626+0200: 3393,928: Total time for which application threads were stopped: 0,0001856 seconds, Stopping threads took: 0,0000629 seconds
2017-07-28T12:02:31.627+0200: 3393,929: Total time for which application threads were stopped: 0,0000774 seconds, Stopping threads took: 0,0000186 seconds
2017-07-28T12:02:31.627+0200: 3393,929: Total time for which application threads were stopped: 0,0000671 seconds, Stopping threads took: 0,0000141 seconds
2017-07-28T12:02:31.627+0200: 3393,929: Total time for which application threads were stopped: 0,0000678 seconds, Stopping threads took: 0,0000191 seconds
2017-07-28T12:02:31.629+0200: 3393,930: Total time for which application threads were stopped: 0,0001135 seconds, Stopping threads took: 0,0000383 seconds
2017-07-28T12:02:31.629+0200: 3393,931: Total time for which application threads were stopped: 0,0000707 seconds, Stopping threads took: 0,0000211 seconds
2017-07-28T12:02:31.629+0200: 3393,931: Total time for which application threads were stopped: 0,0000667 seconds, Stopping threads took: 0,0000163 seconds
2017-07-28T12:02:31.629+0200: 3393,931: Total time for which application threads were stopped: 0,0000656 seconds, Stopping threads took: 0,0000171 seconds
2017-07-28T12:02:31.639+0200: 3393,940: Total time for which application threads were stopped: 0,0001178 seconds, Stopping threads took: 0,0000465 seconds
2017-07-28T12:02:31.645+0200: 3393,947: Total time for which application threads were stopped: 0,0001045 seconds, Stopping threads took: 0,0000150 seconds
2017-07-28T12:02:31.648+0200: 3393,950: Total time for which application threads were stopped: 0,0000928 seconds, Stopping threads took: 0,0000161 seconds
2017-07-28T12:02:31.649+0200: 3393,951: Total time for which application threads were stopped: 0,0000863 seconds, Stopping threads took: 0,0000153 seconds
2017-07-28T12:02:31.650+0200: 3393,952: Total time for which application threads were stopped: 0,0004621 seconds, Stopping threads took: 0,0003624 seconds
2017-07-28T12:02:31.651+0200: 3393,953: Total time for which application threads were stopped: 0,0001431 seconds, Stopping threads took: 0,0000676 seconds
2017-07-28T12:02:31.661+0200: 3393,963: Total time for which application threads were stopped: 0,0043636 seconds, Stopping threads took: 0,0042649 seconds
2017-07-28T12:02:31.661+0200: 3393,963: Total time for which application threads were stopped: 0,0000991 seconds, Stopping threads took: 0,0000413 seconds
2017-07-28T12:02:31.667+0200: 3393,969: Total time for which application threads were stopped: 0,0056889 seconds, Stopping threads took: 0,0056160 seconds
2017-07-28T12:02:31.667+0200: 3393,969: Total time for which application threads were stopped: 0,0000582 seconds, Stopping threads took: 0,0000149 seconds
2017-07-28T12:02:31.667+0200: 3393,969: Total time for which application threads were stopped: 0,0000355 seconds, Stopping threads took: 0,0000046 seconds
2017-07-28T12:02:31.669+0200: 3393,971: Total time for which application threads were stopped: 0,0001124 seconds, Stopping threads took: 0,0000330 seconds
2017-07-28T12:02:31.669+0200: 3393,971: Total time for which application threads were stopped: 0,0000630 seconds, Stopping threads took: 0,0000120 seconds
2017-07-28T12:02:31.670+0200: 3393,971: Total time for which application threads were stopped: 0,0000510 seconds, Stopping threads took: 0,0000147 seconds
2017-07-28T12:02:31.670+0200: 3393,972: Total time for which application threads were stopped: 0,0000366 seconds, Stopping threads took: 0,0000055 seconds
2017-07-28T12:02:31.670+0200: 3393,972: Total time for which application threads were stopped: 0,0000712 seconds, Stopping threads took: 0,0000213 seconds
2017-07-28T12:02:31.673+0200: 3393,975: Total time for which application threads were stopped: 0,0001152 seconds, Stopping threads took: 0,0000346 seconds
2017-07-28T12:02:31.673+0200: 3393,975: Total time for which application threads were stopped: 0,0000423 seconds, Stopping threads took: 0,0000084 seconds
2017-07-28T12:02:31.675+0200: 3393,977: Total time for which application threads were stopped: 0,0000966 seconds, Stopping threads took: 0,0000268 seconds
2017-07-28T12:02:31.675+0200: 3393,977: Total time for which application threads were stopped: 0,0000450 seconds, Stopping threads took: 0,0000098 seconds
2017-07-28T12:02:31.675+0200: 3393,977: Total time for which application threads were stopped: 0,0000494 seconds, Stopping threads took: 0,0000158 seconds
2017-07-28T12:02:31.675+0200: 3393,977: Total time for which application threads were stopped: 0,0000364 seconds, Stopping threads took: 0,0000067 seconds
2017-07-28T12:02:31.678+0200: 3393,980: Total time for which application threads were stopped: 0,0027151 seconds, Stopping threads took: 0,0026211 seconds
2017-07-28T12:02:31.681+0200: 3393,983: Total time for which application threads were stopped: 0,0000810 seconds, Stopping threads took: 0,0000151 seconds
2017-07-28T12:02:31.681+0200: 3393,983: Total time for which application threads were stopped: 0,0000718 seconds, Stopping threads took: 0,0000188 seconds
2017-07-28T12:02:31.681+0200: 3393,983: Total time for which application threads were stopped: 0,0000443 seconds, Stopping threads took: 0,0000062 seconds
2017-07-28T12:02:31.681+0200: 3393,983: Total time for which application threads were stopped: 0,0000640 seconds, Stopping threads took: 0,0000178 seconds
2017-07-28T12:02:31.681+0200: 3393,983: Total time for which application threads were stopped: 0,0000445 seconds, Stopping threads took: 0,0000081 seconds
2017-07-28T12:02:31.681+0200: 3393,983: Total time for which application threads were stopped: 0,0000439 seconds, Stopping threads took: 0,0000057 seconds
2017-07-28T12:02:31.681+0200: 3393,983: Total time for which application threads were stopped: 0,0000385 seconds, Stopping threads took: 0,0000055 seconds
2017-07-28T12:02:31.681+0200: 3393,983: Total time for which application threads were stopped: 0,0000373 seconds, Stopping threads took: 0,0000049 seconds
2017-07-28T12:02:31.681+0200: 3393,983: Total time for which application threads were stopped: 0,0000368 seconds, Stopping threads took: 0,0000051 seconds
2017-07-28T12:02:31.681+0200: 3393,983: Total time for which application threads were stopped: 0,0000359 seconds, Stopping threads took: 0,0000050 seconds
2017-07-28T12:02:31.694+0200: 3393,996: Total time for which application threads were stopped: 0,0002084 seconds, Stopping threads took: 0,0000253 seconds
2017-07-28T12:02:31.697+0200: 3393,999: Total time for which application threads were stopped: 0,0001740 seconds, Stopping threads took: 0,0000317 seconds
2017-07-28T12:02:31.697+0200: 3393,999: Total time for which application threads were stopped: 0,0001122 seconds, Stopping threads took: 0,0000203 seconds
2017-07-28T12:02:31.697+0200: 3393,999: Total time for which application threads were stopped: 0,0002215 seconds, Stopping threads took: 0,0000203 seconds
2017-07-28T12:02:31.699+0200: 3394,001: Total time for which application threads were stopped: 0,0000848 seconds, Stopping threads took: 0,0000286 seconds
2017-07-28T12:02:31.699+0200: 3394,001: Total time for which application threads were stopped: 0,0000381 seconds, Stopping threads took: 0,0000148 seconds
2017-07-28T12:02:31.699+0200: 3394,001: Total time for which application threads were stopped: 0,0000696 seconds, Stopping threads took: 0,0000254 seconds
2017-07-28T12:02:31.700+0200: 3394,001: Total time for which application threads were stopped: 0,0000888 seconds, Stopping threads took: 0,0000162 seconds
Heap
 par new generation   total 109248K, used 32639K [0x00000000e0000000, 0x00000000e8000000, 0x00000000e8000000)
  eden space 87424K,  20% used [0x00000000e0000000, 0x00000000e11e5a90, 0x00000000e5560000)
  from space 21824K,  65% used [0x00000000e5560000, 0x00000000e635a460, 0x00000000e6ab0000)
  to   space 21824K,   0% used [0x00000000e6ab0000, 0x00000000e6ab0000, 0x00000000e8000000)
 concurrent mark-sweep generation total 393216K, used 7381K [0x00000000e8000000, 0x0000000100000000, 0x0000000100000000)
 Metaspace       used 28120K, capacity 28616K, committed 28796K, reserved 1075200K
  class space    used 3229K, capacity 3429K, committed 3452K, reserved 1048576K
