OpenJDK 64-Bit Server VM (25.121-b13) for linux-amd64 JRE (1.8.0_121-8u121-b13-0ubuntu1.16.04.2-b13), built on Jan 23 2017 15:51:29 by "buildd" with gcc 5.4.0 20160609
Memory: 4k page, physical 7867764k(7418064k free), swap 8076284k(8076284k free)
CommandLine flags: -XX:CMSInitiatingOccupancyFraction=50 -XX:CMSMaxAbortablePrecleanTime=6000 -XX:+CMSParallelRemarkEnabled -XX:+CMSScavengeBeforeRemark -XX:ConcGCThreads=4 -XX:InitialHeapSize=536870912 -XX:MaxHeapSize=536870912 -XX:MaxTenuringThreshold=8 -XX:NewRatio=3 -XX:OldPLABSize=16 -XX:OnOutOfMemoryError=/opt/solr/bin/oom_solr.sh 8983 /var/solr/logs -XX:ParallelGCThreads=4 -XX:+ParallelRefProcEnabled -XX:PretenureSizeThreshold=67108864 -XX:+PrintGC -XX:+PrintGCApplicationStoppedTime -XX:+PrintGCDateStamps -XX:+PrintGCDetails -XX:+PrintGCTimeStamps -XX:+PrintHeapAtGC -XX:+PrintTenuringDistribution -XX:SurvivorRatio=4 -XX:TargetSurvivorRatio=90 -XX:ThreadStackSize=256 -XX:+UseCMSInitiatingOccupancyOnly -XX:+UseCompressedClassPointers -XX:+UseCompressedOops -XX:+UseConcMarkSweepGC -XX:+UseParNewGC 
2017-05-04T07:55:28.961+0200: 0,163: Total time for which application threads were stopped: 0,0000715 seconds, Stopping threads took: 0,0000102 seconds
2017-05-04T07:55:29.057+0200: 0,260: Total time for which application threads were stopped: 0,0000970 seconds, Stopping threads took: 0,0000149 seconds
2017-05-04T07:55:29.071+0200: 0,274: Total time for which application threads were stopped: 0,0001110 seconds, Stopping threads took: 0,0000452 seconds
2017-05-04T07:55:29.450+0200: 0,652: Total time for which application threads were stopped: 0,0001695 seconds, Stopping threads took: 0,0000240 seconds
2017-05-04T07:55:29.885+0200: 1,087: Total time for which application threads were stopped: 0,0001205 seconds, Stopping threads took: 0,0000196 seconds
2017-05-04T07:55:29.949+0200: 1,151: Total time for which application threads were stopped: 0,0001283 seconds, Stopping threads took: 0,0000119 seconds
2017-05-04T07:55:29.967+0200: 1,169: Total time for which application threads were stopped: 0,0001542 seconds, Stopping threads took: 0,0000208 seconds
2017-05-04T07:55:30.250+0200: 1,452: Total time for which application threads were stopped: 0,0002152 seconds, Stopping threads took: 0,0000332 seconds
2017-05-04T07:55:30.499+0200: 1,702: Total time for which application threads were stopped: 0,0001885 seconds, Stopping threads took: 0,0000112 seconds
2017-05-04T07:55:30.522+0200: 1,724: Total time for which application threads were stopped: 0,0001714 seconds, Stopping threads took: 0,0000144 seconds
2017-05-04T07:55:30.559+0200: 1,761: Total time for which application threads were stopped: 0,0005264 seconds, Stopping threads took: 0,0000684 seconds
2017-05-04T07:55:30.561+0200: 1,764: Total time for which application threads were stopped: 0,0001864 seconds, Stopping threads took: 0,0000171 seconds
2017-05-04T07:55:30.583+0200: 1,786: Total time for which application threads were stopped: 0,0001793 seconds, Stopping threads took: 0,0000177 seconds
2017-05-04T07:55:30.659+0200: 1,861: Total time for which application threads were stopped: 0,0001941 seconds, Stopping threads took: 0,0000157 seconds
2017-05-04T07:55:30.830+0200: 2,033: Total time for which application threads were stopped: 0,0002497 seconds, Stopping threads took: 0,0000236 seconds
{Heap before GC invocations=0 (full 0):
 par new generation   total 109248K, used 87424K [0x00000000e0000000, 0x00000000e8000000, 0x00000000e8000000)
  eden space 87424K, 100% used [0x00000000e0000000, 0x00000000e5560000, 0x00000000e5560000)
  from space 21824K,   0% used [0x00000000e5560000, 0x00000000e5560000, 0x00000000e6ab0000)
  to   space 21824K,   0% used [0x00000000e6ab0000, 0x00000000e6ab0000, 0x00000000e8000000)
 concurrent mark-sweep generation total 393216K, used 0K [0x00000000e8000000, 0x0000000100000000, 0x0000000100000000)
 Metaspace       used 17459K, capacity 17824K, committed 18048K, reserved 1064960K
  class space    used 1985K, capacity 2132K, committed 2176K, reserved 1048576K
2017-05-04T07:55:30.838+0200: 2,040: [GC (Allocation Failure) 2017-05-04T07:55:30.838+0200: 2,040: [ParNew
Desired survivor size 20112992 bytes, new threshold 8 (max 8)
- age   1:   11003048 bytes,   11003048 total
: 87424K->10858K(109248K), 0,0145902 secs] 87424K->10858K(502464K), 0,0146794 secs] [Times: user=0,03 sys=0,00, real=0,02 secs] 
Heap after GC invocations=1 (full 0):
 par new generation   total 109248K, used 10858K [0x00000000e0000000, 0x00000000e8000000, 0x00000000e8000000)
  eden space 87424K,   0% used [0x00000000e0000000, 0x00000000e0000000, 0x00000000e5560000)
  from space 21824K,  49% used [0x00000000e6ab0000, 0x00000000e754a800, 0x00000000e8000000)
  to   space 21824K,   0% used [0x00000000e5560000, 0x00000000e5560000, 0x00000000e6ab0000)
 concurrent mark-sweep generation total 393216K, used 0K [0x00000000e8000000, 0x0000000100000000, 0x0000000100000000)
 Metaspace       used 17459K, capacity 17824K, committed 18048K, reserved 1064960K
  class space    used 1985K, capacity 2132K, committed 2176K, reserved 1048576K
}
2017-05-04T07:55:30.852+0200: 2,055: Total time for which application threads were stopped: 0,0183728 seconds, Stopping threads took: 0,0035490 seconds
2017-05-04T07:55:31.244+0200: 2,447: Total time for which application threads were stopped: 0,0004809 seconds, Stopping threads took: 0,0001946 seconds
{Heap before GC invocations=1 (full 0):
 par new generation   total 109248K, used 98282K [0x00000000e0000000, 0x00000000e8000000, 0x00000000e8000000)
  eden space 87424K, 100% used [0x00000000e0000000, 0x00000000e5560000, 0x00000000e5560000)
  from space 21824K,  49% used [0x00000000e6ab0000, 0x00000000e754a800, 0x00000000e8000000)
  to   space 21824K,   0% used [0x00000000e5560000, 0x00000000e5560000, 0x00000000e6ab0000)
 concurrent mark-sweep generation total 393216K, used 0K [0x00000000e8000000, 0x0000000100000000, 0x0000000100000000)
 Metaspace       used 20018K, capacity 20364K, committed 20736K, reserved 1067008K
  class space    used 2296K, capacity 2470K, committed 2560K, reserved 1048576K
2017-05-04T07:55:31.275+0200: 2,477: [GC (Allocation Failure) 2017-05-04T07:55:31.275+0200: 2,477: [ParNew
Desired survivor size 20112992 bytes, new threshold 8 (max 8)
- age   1:    4887984 bytes,    4887984 total
- age   2:    5654440 bytes,   10542424 total
: 98282K->13982K(109248K), 0,0113232 secs] 98282K->13982K(502464K), 0,0113990 secs] [Times: user=0,03 sys=0,01, real=0,01 secs] 
Heap after GC invocations=2 (full 0):
 par new generation   total 109248K, used 13982K [0x00000000e0000000, 0x00000000e8000000, 0x00000000e8000000)
  eden space 87424K,   0% used [0x00000000e0000000, 0x00000000e0000000, 0x00000000e5560000)
  from space 21824K,  64% used [0x00000000e5560000, 0x00000000e63079c0, 0x00000000e6ab0000)
  to   space 21824K,   0% used [0x00000000e6ab0000, 0x00000000e6ab0000, 0x00000000e8000000)
 concurrent mark-sweep generation total 393216K, used 0K [0x00000000e8000000, 0x0000000100000000, 0x0000000100000000)
 Metaspace       used 20018K, capacity 20364K, committed 20736K, reserved 1067008K
  class space    used 2296K, capacity 2470K, committed 2560K, reserved 1048576K
}
2017-05-04T07:55:31.286+0200: 2,489: Total time for which application threads were stopped: 0,0116440 seconds, Stopping threads took: 0,0001005 seconds
2017-05-04T07:55:31.310+0200: 2,513: Total time for which application threads were stopped: 0,0042874 seconds, Stopping threads took: 0,0039687 seconds
2017-05-04T07:55:31.345+0200: 2,547: Total time for which application threads were stopped: 0,0004379 seconds, Stopping threads took: 0,0000852 seconds
2017-05-04T07:55:31.486+0200: 2,689: Total time for which application threads were stopped: 0,0006568 seconds, Stopping threads took: 0,0004978 seconds
{Heap before GC invocations=2 (full 0):
 par new generation   total 109248K, used 101406K [0x00000000e0000000, 0x00000000e8000000, 0x00000000e8000000)
  eden space 87424K, 100% used [0x00000000e0000000, 0x00000000e5560000, 0x00000000e5560000)
  from space 21824K,  64% used [0x00000000e5560000, 0x00000000e63079c0, 0x00000000e6ab0000)
  to   space 21824K,   0% used [0x00000000e6ab0000, 0x00000000e6ab0000, 0x00000000e8000000)
 concurrent mark-sweep generation total 393216K, used 0K [0x00000000e8000000, 0x0000000100000000, 0x0000000100000000)
 Metaspace       used 20932K, capacity 21285K, committed 21552K, reserved 1069056K
  class space    used 2416K, capacity 2589K, committed 2608K, reserved 1048576K
2017-05-04T07:55:31.496+0200: 2,699: [GC (Allocation Failure) 2017-05-04T07:55:31.496+0200: 2,699: [ParNew
Desired survivor size 20112992 bytes, new threshold 8 (max 8)
- age   1:    2189256 bytes,    2189256 total
- age   2:    1811448 bytes,    4000704 total
- age   3:    5653760 bytes,    9654464 total
: 101406K->12619K(109248K), 0,0168474 secs] 101406K->12619K(502464K), 0,0169287 secs] [Times: user=0,05 sys=0,00, real=0,02 secs] 
Heap after GC invocations=3 (full 0):
 par new generation   total 109248K, used 12619K [0x00000000e0000000, 0x00000000e8000000, 0x00000000e8000000)
  eden space 87424K,   0% used [0x00000000e0000000, 0x00000000e0000000, 0x00000000e5560000)
  from space 21824K,  57% used [0x00000000e6ab0000, 0x00000000e7702c80, 0x00000000e8000000)
  to   space 21824K,   0% used [0x00000000e5560000, 0x00000000e5560000, 0x00000000e6ab0000)
 concurrent mark-sweep generation total 393216K, used 0K [0x00000000e8000000, 0x0000000100000000, 0x0000000100000000)
 Metaspace       used 20932K, capacity 21285K, committed 21552K, reserved 1069056K
  class space    used 2416K, capacity 2589K, committed 2608K, reserved 1048576K
}
2017-05-04T07:55:31.513+0200: 2,715: Total time for which application threads were stopped: 0,0176379 seconds, Stopping threads took: 0,0005708 seconds
2017-05-04T07:55:31.526+0200: 2,729: [GC (CMS Initial Mark) [1 CMS-initial-mark: 0K(393216K)] 22608K(502464K), 0,0046816 secs] [Times: user=0,01 sys=0,00, real=0,01 secs] 
2017-05-04T07:55:31.531+0200: 2,733: Total time for which application threads were stopped: 0,0088362 seconds, Stopping threads took: 0,0040324 seconds
2017-05-04T07:55:31.531+0200: 2,733: [CMS-concurrent-mark-start]
2017-05-04T07:55:31.532+0200: 2,734: [CMS-concurrent-mark: 0,001/0,001 secs] [Times: user=0,01 sys=0,00, real=0,00 secs] 
2017-05-04T07:55:31.532+0200: 2,734: [CMS-concurrent-preclean-start]
2017-05-04T07:55:31.533+0200: 2,736: [CMS-concurrent-preclean: 0,001/0,001 secs] [Times: user=0,00 sys=0,00, real=0,00 secs] 
2017-05-04T07:55:31.533+0200: 2,736: [CMS-concurrent-abortable-preclean-start]
{Heap before GC invocations=3 (full 1):
 par new generation   total 109248K, used 100043K [0x00000000e0000000, 0x00000000e8000000, 0x00000000e8000000)
  eden space 87424K, 100% used [0x00000000e0000000, 0x00000000e5560000, 0x00000000e5560000)
  from space 21824K,  57% used [0x00000000e6ab0000, 0x00000000e7702c80, 0x00000000e8000000)
  to   space 21824K,   0% used [0x00000000e5560000, 0x00000000e5560000, 0x00000000e6ab0000)
 concurrent mark-sweep generation total 393216K, used 0K [0x00000000e8000000, 0x0000000100000000, 0x0000000100000000)
 Metaspace       used 21216K, capacity 21555K, committed 21628K, reserved 1069056K
  class space    used 2446K, capacity 2603K, committed 2608K, reserved 1048576K
2017-05-04T07:55:31.634+0200: 2,837: [GC (Allocation Failure) 2017-05-04T07:55:31.634+0200: 2,837: [ParNew
Desired survivor size 20112992 bytes, new threshold 8 (max 8)
- age   1:    1078616 bytes,    1078616 total
- age   2:    1493792 bytes,    2572408 total
- age   3:    1776584 bytes,    4348992 total
- age   4:    5654048 bytes,   10003040 total
: 100043K->11109K(109248K), 0,0087693 secs] 100043K->11109K(502464K), 0,0088256 secs] [Times: user=0,03 sys=0,00, real=0,01 secs] 
Heap after GC invocations=4 (full 1):
 par new generation   total 109248K, used 11109K [0x00000000e0000000, 0x00000000e8000000, 0x00000000e8000000)
  eden space 87424K,   0% used [0x00000000e0000000, 0x00000000e0000000, 0x00000000e5560000)
  from space 21824K,  50% used [0x00000000e5560000, 0x00000000e6039730, 0x00000000e6ab0000)
  to   space 21824K,   0% used [0x00000000e6ab0000, 0x00000000e6ab0000, 0x00000000e8000000)
 concurrent mark-sweep generation total 393216K, used 0K [0x00000000e8000000, 0x0000000100000000, 0x0000000100000000)
 Metaspace       used 21216K, capacity 21555K, committed 21628K, reserved 1069056K
  class space    used 2446K, capacity 2603K, committed 2608K, reserved 1048576K
}
2017-05-04T07:55:31.643+0200: 2,846: Total time for which application threads were stopped: 0,0135454 seconds, Stopping threads took: 0,0045911 seconds
2017-05-04T07:55:31.691+0200: 2,894: Total time for which application threads were stopped: 0,0001879 seconds, Stopping threads took: 0,0001058 seconds
{Heap before GC invocations=4 (full 1):
 par new generation   total 109248K, used 98533K [0x00000000e0000000, 0x00000000e8000000, 0x00000000e8000000)
  eden space 87424K, 100% used [0x00000000e0000000, 0x00000000e5560000, 0x00000000e5560000)
  from space 21824K,  50% used [0x00000000e5560000, 0x00000000e6039730, 0x00000000e6ab0000)
  to   space 21824K,   0% used [0x00000000e6ab0000, 0x00000000e6ab0000, 0x00000000e8000000)
 concurrent mark-sweep generation total 393216K, used 0K [0x00000000e8000000, 0x0000000100000000, 0x0000000100000000)
 Metaspace       used 21356K, capacity 21715K, committed 21960K, reserved 1069056K
  class space    used 2465K, capacity 2635K, committed 2736K, reserved 1048576K
2017-05-04T07:55:31.719+0200: 2,921: [GC (Allocation Failure) 2017-05-04T07:55:31.719+0200: 2,921: [ParNew
Desired survivor size 20112992 bytes, new threshold 8 (max 8)
- age   1:    1020816 bytes,    1020816 total
- age   2:     177712 bytes,    1198528 total
- age   3:    1493696 bytes,    2692224 total
- age   4:    1774568 bytes,    4466792 total
- age   5:    5653760 bytes,   10120552 total
: 98533K->12841K(109248K), 0,0141943 secs] 98533K->12841K(502464K), 0,0142736 secs] [Times: user=0,05 sys=0,00, real=0,01 secs] 
Heap after GC invocations=5 (full 1):
 par new generation   total 109248K, used 12841K [0x00000000e0000000, 0x00000000e8000000, 0x00000000e8000000)
  eden space 87424K,   0% used [0x00000000e0000000, 0x00000000e0000000, 0x00000000e5560000)
  from space 21824K,  58% used [0x00000000e6ab0000, 0x00000000e773a420, 0x00000000e8000000)
  to   space 21824K,   0% used [0x00000000e5560000, 0x00000000e5560000, 0x00000000e6ab0000)
 concurrent mark-sweep generation total 393216K, used 0K [0x00000000e8000000, 0x0000000100000000, 0x0000000100000000)
 Metaspace       used 21356K, capacity 21715K, committed 21960K, reserved 1069056K
  class space    used 2465K, capacity 2635K, committed 2736K, reserved 1048576K
}
2017-05-04T07:55:31.733+0200: 2,935: Total time for which application threads were stopped: 0,0144970 seconds, Stopping threads took: 0,0000975 seconds
2017-05-04T07:55:31.733+0200: 2,935: [CMS-concurrent-abortable-preclean: 0,121/0,200 secs] [Times: user=0,75 sys=0,02, real=0,20 secs] 
2017-05-04T07:55:31.734+0200: 2,936: [GC (CMS Final Remark) [YG occupancy: 14111 K (109248 K)]{Heap before GC invocations=5 (full 1):
 par new generation   total 109248K, used 14111K [0x00000000e0000000, 0x00000000e8000000, 0x00000000e8000000)
  eden space 87424K,   1% used [0x00000000e0000000, 0x00000000e013dad8, 0x00000000e5560000)
  from space 21824K,  58% used [0x00000000e6ab0000, 0x00000000e773a420, 0x00000000e8000000)
  to   space 21824K,   0% used [0x00000000e5560000, 0x00000000e5560000, 0x00000000e6ab0000)
 concurrent mark-sweep generation total 393216K, used 0K [0x00000000e8000000, 0x0000000100000000, 0x0000000100000000)
 Metaspace       used 21356K, capacity 21715K, committed 21960K, reserved 1069056K
  class space    used 2465K, capacity 2635K, committed 2736K, reserved 1048576K
2017-05-04T07:55:31.734+0200: 2,936: [GC (CMS Final Remark) 2017-05-04T07:55:31.734+0200: 2,936: [ParNew
Desired survivor size 20112992 bytes, new threshold 8 (max 8)
- age   1:      92480 bytes,      92480 total
- age   2:     538704 bytes,     631184 total
- age   3:     177712 bytes,     808896 total
- age   4:    1493696 bytes,    2302592 total
- age   5:    1774568 bytes,    4077160 total
- age   6:    5653816 bytes,    9730976 total
: 14111K->11692K(109248K), 0,0090091 secs] 14111K->11692K(502464K), 0,0090475 secs] [Times: user=0,04 sys=0,00, real=0,01 secs] 
Heap after GC invocations=6 (full 1):
 par new generation   total 109248K, used 11692K [0x00000000e0000000, 0x00000000e8000000, 0x00000000e8000000)
  eden space 87424K,   0% used [0x00000000e0000000, 0x00000000e0000000, 0x00000000e5560000)
  from space 21824K,  53% used [0x00000000e5560000, 0x00000000e60cb380, 0x00000000e6ab0000)
  to   space 21824K,   0% used [0x00000000e6ab0000, 0x00000000e6ab0000, 0x00000000e8000000)
 concurrent mark-sweep generation total 393216K, used 0K [0x00000000e8000000, 0x0000000100000000, 0x0000000100000000)
 Metaspace       used 21356K, capacity 21715K, committed 21960K, reserved 1069056K
  class space    used 2465K, capacity 2635K, committed 2736K, reserved 1048576K
}
2017-05-04T07:55:31.743+0200: 2,945: [Rescan (parallel) , 0,0032981 secs]2017-05-04T07:55:31.746+0200: 2,949: [weak refs processing, 0,0007515 secs]2017-05-04T07:55:31.747+0200: 2,949: [class unloading, 0,0027982 secs]2017-05-04T07:55:31.750+0200: 2,952: [scrub symbol table, 0,0026288 secs]2017-05-04T07:55:31.752+0200: 2,955: [scrub string table, 0,0003980 secs][1 CMS-remark: 0K(393216K)] 11692K(502464K), 0,0196110 secs] [Times: user=0,06 sys=0,00, real=0,02 secs] 
2017-05-04T07:55:31.753+0200: 2,956: Total time for which application threads were stopped: 0,0197175 seconds, Stopping threads took: 0,0000361 seconds
2017-05-04T07:55:31.754+0200: 2,957: [CMS-concurrent-sweep-start]
2017-05-04T07:55:31.754+0200: 2,957: [CMS-concurrent-sweep: 0,000/0,000 secs] [Times: user=0,00 sys=0,00, real=0,00 secs] 
2017-05-04T07:55:31.755+0200: 2,957: [CMS-concurrent-reset-start]
2017-05-04T07:55:31.757+0200: 2,959: [CMS-concurrent-reset: 0,002/0,002 secs] [Times: user=0,01 sys=0,00, real=0,00 secs] 
2017-05-04T07:55:31.794+0200: 2,996: Total time for which application threads were stopped: 0,0002935 seconds, Stopping threads took: 0,0000135 seconds
2017-05-04T07:55:32.023+0200: 3,226: Total time for which application threads were stopped: 0,0005471 seconds, Stopping threads took: 0,0000402 seconds
2017-05-04T07:55:32.040+0200: 3,242: Total time for which application threads were stopped: 0,0004577 seconds, Stopping threads took: 0,0000425 seconds
{Heap before GC invocations=6 (full 1):
 par new generation   total 109248K, used 99116K [0x00000000e0000000, 0x00000000e8000000, 0x00000000e8000000)
  eden space 87424K, 100% used [0x00000000e0000000, 0x00000000e5560000, 0x00000000e5560000)
  from space 21824K,  53% used [0x00000000e5560000, 0x00000000e60cb380, 0x00000000e6ab0000)
  to   space 21824K,   0% used [0x00000000e6ab0000, 0x00000000e6ab0000, 0x00000000e8000000)
 concurrent mark-sweep generation total 393216K, used 0K [0x00000000e8000000, 0x0000000100000000, 0x0000000100000000)
 Metaspace       used 24366K, capacity 24803K, committed 25136K, reserved 1071104K
  class space    used 2861K, capacity 3043K, committed 3120K, reserved 1048576K
2017-05-04T07:55:32.202+0200: 3,405: [GC (Allocation Failure) 2017-05-04T07:55:32.202+0200: 3,405: [ParNew
Desired survivor size 20112992 bytes, new threshold 8 (max 8)
- age   1:    5964136 bytes,    5964136 total
- age   3:     109896 bytes,    6074032 total
- age   4:     176216 bytes,    6250248 total
- age   5:     324008 bytes,    6574256 total
- age   6:    1750120 bytes,    8324376 total
- age   7:    5645288 bytes,   13969664 total
: 99116K->19324K(109248K), 0,0119734 secs] 99116K->19324K(502464K), 0,0120359 secs] [Times: user=0,03 sys=0,01, real=0,01 secs] 
Heap after GC invocations=7 (full 1):
 par new generation   total 109248K, used 19324K [0x00000000e0000000, 0x00000000e8000000, 0x00000000e8000000)
  eden space 87424K,   0% used [0x00000000e0000000, 0x00000000e0000000, 0x00000000e5560000)
  from space 21824K,  88% used [0x00000000e6ab0000, 0x00000000e7d8f308, 0x00000000e8000000)
  to   space 21824K,   0% used [0x00000000e5560000, 0x00000000e5560000, 0x00000000e6ab0000)
 concurrent mark-sweep generation total 393216K, used 0K [0x00000000e8000000, 0x0000000100000000, 0x0000000100000000)
 Metaspace       used 24366K, capacity 24803K, committed 25136K, reserved 1071104K
  class space    used 2861K, capacity 3043K, committed 3120K, reserved 1048576K
}
2017-05-04T07:55:32.214+0200: 3,417: Total time for which application threads were stopped: 0,0136085 seconds, Stopping threads took: 0,0013838 seconds
{Heap before GC invocations=7 (full 1):
 par new generation   total 109248K, used 106748K [0x00000000e0000000, 0x00000000e8000000, 0x00000000e8000000)
  eden space 87424K, 100% used [0x00000000e0000000, 0x00000000e5560000, 0x00000000e5560000)
  from space 21824K,  88% used [0x00000000e6ab0000, 0x00000000e7d8f308, 0x00000000e8000000)
  to   space 21824K,   0% used [0x00000000e5560000, 0x00000000e5560000, 0x00000000e6ab0000)
 concurrent mark-sweep generation total 393216K, used 0K [0x00000000e8000000, 0x0000000100000000, 0x0000000100000000)
 Metaspace       used 24667K, capacity 25161K, committed 25392K, reserved 1071104K
  class space    used 2889K, capacity 3076K, committed 3120K, reserved 1048576K
2017-05-04T07:55:32.307+0200: 3,509: [GC (Allocation Failure) 2017-05-04T07:55:32.307+0200: 3,509: [ParNew
Desired survivor size 20112992 bytes, new threshold 8 (max 8)
- age   1:    1817216 bytes,    1817216 total
- age   2:    1848600 bytes,    3665816 total
- age   4:      49360 bytes,    3715176 total
- age   5:     104080 bytes,    3819256 total
- age   6:     197000 bytes,    4016256 total
- age   7:    1216992 bytes,    5233248 total
- age   8:    5631216 bytes,   10864464 total
: 106748K->14478K(109248K), 0,0107896 secs] 106748K->14478K(502464K), 0,0108588 secs] [Times: user=0,04 sys=0,00, real=0,01 secs] 
Heap after GC invocations=8 (full 1):
 par new generation   total 109248K, used 14478K [0x00000000e0000000, 0x00000000e8000000, 0x00000000e8000000)
  eden space 87424K,   0% used [0x00000000e0000000, 0x00000000e0000000, 0x00000000e5560000)
  from space 21824K,  66% used [0x00000000e5560000, 0x00000000e6383840, 0x00000000e6ab0000)
  to   space 21824K,   0% used [0x00000000e6ab0000, 0x00000000e6ab0000, 0x00000000e8000000)
 concurrent mark-sweep generation total 393216K, used 0K [0x00000000e8000000, 0x0000000100000000, 0x0000000100000000)
 Metaspace       used 24667K, capacity 25161K, committed 25392K, reserved 1071104K
  class space    used 2889K, capacity 3076K, committed 3120K, reserved 1048576K
}
2017-05-04T07:55:32.318+0200: 3,520: Total time for which application threads were stopped: 0,0111061 seconds, Stopping threads took: 0,0000680 seconds
{Heap before GC invocations=8 (full 1):
 par new generation   total 109248K, used 101902K [0x00000000e0000000, 0x00000000e8000000, 0x00000000e8000000)
  eden space 87424K, 100% used [0x00000000e0000000, 0x00000000e5560000, 0x00000000e5560000)
  from space 21824K,  66% used [0x00000000e5560000, 0x00000000e6383840, 0x00000000e6ab0000)
  to   space 21824K,   0% used [0x00000000e6ab0000, 0x00000000e6ab0000, 0x00000000e8000000)
 concurrent mark-sweep generation total 393216K, used 0K [0x00000000e8000000, 0x0000000100000000, 0x0000000100000000)
 Metaspace       used 24953K, capacity 25379K, committed 25648K, reserved 1071104K
  class space    used 2910K, capacity 3081K, committed 3120K, reserved 1048576K
2017-05-04T07:55:32.423+0200: 3,626: [GC (Allocation Failure) 2017-05-04T07:55:32.423+0200: 3,626: [ParNew
Desired survivor size 20112992 bytes, new threshold 8 (max 8)
- age   1:    1246720 bytes,    1246720 total
- age   2:    1027312 bytes,    2274032 total
- age   3:    1825216 bytes,    4099248 total
- age   5:      49360 bytes,    4148608 total
- age   6:     101368 bytes,    4249976 total
- age   7:     196480 bytes,    4446456 total
- age   8:    1216352 bytes,    5662808 total
: 101902K->8682K(109248K), 0,0375030 secs] 101902K->14262K(502464K), 0,0376002 secs] [Times: user=0,12 sys=0,01, real=0,04 secs] 
Heap after GC invocations=9 (full 1):
 par new generation   total 109248K, used 8682K [0x00000000e0000000, 0x00000000e8000000, 0x00000000e8000000)
  eden space 87424K,   0% used [0x00000000e0000000, 0x00000000e0000000, 0x00000000e5560000)
  from space 21824K,  39% used [0x00000000e6ab0000, 0x00000000e732aa70, 0x00000000e8000000)
  to   space 21824K,   0% used [0x00000000e5560000, 0x00000000e5560000, 0x00000000e6ab0000)
 concurrent mark-sweep generation total 393216K, used 5579K [0x00000000e8000000, 0x0000000100000000, 0x0000000100000000)
 Metaspace       used 24953K, capacity 25379K, committed 25648K, reserved 1071104K
  class space    used 2910K, capacity 3081K, committed 3120K, reserved 1048576K
}
2017-05-04T07:55:32.461+0200: 3,664: Total time for which application threads were stopped: 0,0378935 seconds, Stopping threads took: 0,0000844 seconds
2017-05-04T07:55:32.754+0200: 3,956: Total time for which application threads were stopped: 0,0005848 seconds, Stopping threads took: 0,0000496 seconds
2017-05-04T07:55:32.768+0200: 3,970: Total time for which application threads were stopped: 0,0004245 seconds, Stopping threads took: 0,0000204 seconds
2017-05-04T07:55:32.822+0200: 4,024: Total time for which application threads were stopped: 0,0004928 seconds, Stopping threads took: 0,0000243 seconds
2017-05-04T07:55:32.854+0200: 4,057: Total time for which application threads were stopped: 0,0003306 seconds, Stopping threads took: 0,0000598 seconds
2017-05-04T07:55:32.855+0200: 4,057: Total time for which application threads were stopped: 0,0001312 seconds, Stopping threads took: 0,0000519 seconds
2017-05-04T07:55:32.855+0200: 4,058: Total time for which application threads were stopped: 0,0000975 seconds, Stopping threads took: 0,0000420 seconds
2017-05-04T07:55:32.855+0200: 4,058: Total time for which application threads were stopped: 0,0000524 seconds, Stopping threads took: 0,0000089 seconds
2017-05-04T07:55:32.855+0200: 4,058: Total time for which application threads were stopped: 0,0000956 seconds, Stopping threads took: 0,0000415 seconds
2017-05-04T07:55:32.856+0200: 4,059: Total time for which application threads were stopped: 0,0000824 seconds, Stopping threads took: 0,0000444 seconds
2017-05-04T07:55:32.856+0200: 4,059: Total time for which application threads were stopped: 0,0000868 seconds, Stopping threads took: 0,0000281 seconds
2017-05-04T07:55:32.857+0200: 4,059: Total time for which application threads were stopped: 0,0000625 seconds, Stopping threads took: 0,0000125 seconds
2017-05-04T07:55:32.857+0200: 4,059: Total time for which application threads were stopped: 0,0000499 seconds, Stopping threads took: 0,0000122 seconds
2017-05-04T07:55:32.857+0200: 4,059: Total time for which application threads were stopped: 0,0000595 seconds, Stopping threads took: 0,0000187 seconds
2017-05-04T07:55:32.857+0200: 4,059: Total time for which application threads were stopped: 0,0000444 seconds, Stopping threads took: 0,0000135 seconds
2017-05-04T07:55:32.857+0200: 4,060: Total time for which application threads were stopped: 0,0000609 seconds, Stopping threads took: 0,0000126 seconds
2017-05-04T07:55:32.858+0200: 4,060: Total time for which application threads were stopped: 0,0000740 seconds, Stopping threads took: 0,0000213 seconds
2017-05-04T07:55:32.858+0200: 4,060: Total time for which application threads were stopped: 0,0000537 seconds, Stopping threads took: 0,0000132 seconds
2017-05-04T07:55:32.858+0200: 4,060: Total time for which application threads were stopped: 0,0001110 seconds, Stopping threads took: 0,0000274 seconds
2017-05-04T07:55:32.858+0200: 4,061: Total time for which application threads were stopped: 0,0001222 seconds, Stopping threads took: 0,0000440 seconds
2017-05-04T07:55:32.858+0200: 4,061: Total time for which application threads were stopped: 0,0000943 seconds, Stopping threads took: 0,0000211 seconds
2017-05-04T07:55:32.859+0200: 4,061: Total time for which application threads were stopped: 0,0000838 seconds, Stopping threads took: 0,0000190 seconds
2017-05-04T07:55:32.859+0200: 4,061: Total time for which application threads were stopped: 0,0001022 seconds, Stopping threads took: 0,0000447 seconds
2017-05-04T07:55:32.859+0200: 4,062: Total time for which application threads were stopped: 0,0000690 seconds, Stopping threads took: 0,0000245 seconds
2017-05-04T07:55:32.860+0200: 4,062: Total time for which application threads were stopped: 0,0001763 seconds, Stopping threads took: 0,0000354 seconds
2017-05-04T07:55:32.861+0200: 4,064: Total time for which application threads were stopped: 0,0002459 seconds, Stopping threads took: 0,0001717 seconds
2017-05-04T07:55:32.862+0200: 4,064: Total time for which application threads were stopped: 0,0000748 seconds, Stopping threads took: 0,0000261 seconds
2017-05-04T07:55:32.862+0200: 4,065: Total time for which application threads were stopped: 0,0001293 seconds, Stopping threads took: 0,0000669 seconds
2017-05-04T07:55:32.863+0200: 4,065: Total time for which application threads were stopped: 0,0000936 seconds, Stopping threads took: 0,0000306 seconds
2017-05-04T07:55:32.863+0200: 4,066: Total time for which application threads were stopped: 0,0000718 seconds, Stopping threads took: 0,0000140 seconds
2017-05-04T07:55:32.864+0200: 4,066: Total time for which application threads were stopped: 0,0000572 seconds, Stopping threads took: 0,0000112 seconds
2017-05-04T07:55:32.864+0200: 4,067: Total time for which application threads were stopped: 0,0000537 seconds, Stopping threads took: 0,0000094 seconds
2017-05-04T07:55:32.864+0200: 4,067: Total time for which application threads were stopped: 0,0000492 seconds, Stopping threads took: 0,0000104 seconds
2017-05-04T07:55:32.865+0200: 4,067: Total time for which application threads were stopped: 0,0000814 seconds, Stopping threads took: 0,0000296 seconds
2017-05-04T07:55:32.865+0200: 4,068: Total time for which application threads were stopped: 0,0000524 seconds, Stopping threads took: 0,0000143 seconds
2017-05-04T07:55:32.866+0200: 4,068: Total time for which application threads were stopped: 0,0000478 seconds, Stopping threads took: 0,0000126 seconds
2017-05-04T07:55:32.866+0200: 4,069: Total time for which application threads were stopped: 0,0000572 seconds, Stopping threads took: 0,0000224 seconds
2017-05-04T07:55:32.867+0200: 4,069: Total time for which application threads were stopped: 0,0000460 seconds, Stopping threads took: 0,0000088 seconds
2017-05-04T07:55:32.867+0200: 4,070: Total time for which application threads were stopped: 0,0000469 seconds, Stopping threads took: 0,0000094 seconds
2017-05-04T07:55:32.868+0200: 4,070: Total time for which application threads were stopped: 0,0000456 seconds, Stopping threads took: 0,0000093 seconds
2017-05-04T07:55:32.868+0200: 4,071: Total time for which application threads were stopped: 0,0000452 seconds, Stopping threads took: 0,0000097 seconds
2017-05-04T07:55:32.869+0200: 4,071: Total time for which application threads were stopped: 0,0000440 seconds, Stopping threads took: 0,0000091 seconds
2017-05-04T07:55:32.869+0200: 4,071: Total time for which application threads were stopped: 0,0000439 seconds, Stopping threads took: 0,0000092 seconds
2017-05-04T07:55:32.870+0200: 4,072: Total time for which application threads were stopped: 0,0000994 seconds, Stopping threads took: 0,0000312 seconds
2017-05-04T07:55:32.870+0200: 4,072: Total time for which application threads were stopped: 0,0001301 seconds, Stopping threads took: 0,0000133 seconds
2017-05-04T07:55:32.875+0200: 4,077: Total time for which application threads were stopped: 0,0002640 seconds, Stopping threads took: 0,0001634 seconds
2017-05-04T07:55:32.911+0200: 4,114: Total time for which application threads were stopped: 0,0001242 seconds, Stopping threads took: 0,0000314 seconds
2017-05-04T07:55:32.912+0200: 4,114: Total time for which application threads were stopped: 0,0003390 seconds, Stopping threads took: 0,0000101 seconds
2017-05-04T07:55:32.912+0200: 4,115: Total time for which application threads were stopped: 0,0000636 seconds, Stopping threads took: 0,0000115 seconds
2017-05-04T07:55:33.912+0200: 5,115: Total time for which application threads were stopped: 0,0001209 seconds, Stopping threads took: 0,0000174 seconds
{Heap before GC invocations=9 (full 1):
 par new generation   total 109248K, used 96106K [0x00000000e0000000, 0x00000000e8000000, 0x00000000e8000000)
  eden space 87424K, 100% used [0x00000000e0000000, 0x00000000e5560000, 0x00000000e5560000)
  from space 21824K,  39% used [0x00000000e6ab0000, 0x00000000e732aa70, 0x00000000e8000000)
  to   space 21824K,   0% used [0x00000000e5560000, 0x00000000e5560000, 0x00000000e6ab0000)
 concurrent mark-sweep generation total 393216K, used 5579K [0x00000000e8000000, 0x0000000100000000, 0x0000000100000000)
 Metaspace       used 27972K, capacity 28495K, committed 28848K, reserved 1075200K
  class space    used 3213K, capacity 3389K, committed 3504K, reserved 1048576K
2017-05-04T07:55:39.897+0200: 11,099: [GC (Allocation Failure) 2017-05-04T07:55:39.897+0200: 11,099: [ParNew
Desired survivor size 20112992 bytes, new threshold 8 (max 8)
- age   1:   10665416 bytes,   10665416 total
- age   2:     227736 bytes,   10893152 total
- age   3:     243472 bytes,   11136624 total
- age   4:    1820320 bytes,   12956944 total
- age   6:      49360 bytes,   13006304 total
- age   7:     101240 bytes,   13107544 total
- age   8:     196384 bytes,   13303928 total
: 96106K->14006K(109248K), 0,0143945 secs] 101686K->20906K(502464K), 0,0144681 secs] [Times: user=0,04 sys=0,00, real=0,02 secs] 
Heap after GC invocations=10 (full 1):
 par new generation   total 109248K, used 14006K [0x00000000e0000000, 0x00000000e8000000, 0x00000000e8000000)
  eden space 87424K,   0% used [0x00000000e0000000, 0x00000000e0000000, 0x00000000e5560000)
  from space 21824K,  64% used [0x00000000e5560000, 0x00000000e630d9b0, 0x00000000e6ab0000)
  to   space 21824K,   0% used [0x00000000e6ab0000, 0x00000000e6ab0000, 0x00000000e8000000)
 concurrent mark-sweep generation total 393216K, used 6899K [0x00000000e8000000, 0x0000000100000000, 0x0000000100000000)
 Metaspace       used 27972K, capacity 28495K, committed 28848K, reserved 1075200K
  class space    used 3213K, capacity 3389K, committed 3504K, reserved 1048576K
}
2017-05-04T07:55:39.911+0200: 11,114: Total time for which application threads were stopped: 0,0146207 seconds, Stopping threads took: 0,0000247 seconds
2017-05-04T07:57:25.153+0200: 117,127: Total time for which application threads were stopped: 0,0000783 seconds, Stopping threads took: 0,0000306 seconds
2017-05-04T07:57:30.154+0200: 122,128: Total time for which application threads were stopped: 0,0000762 seconds, Stopping threads took: 0,0000204 seconds
2017-05-04T08:18:59.302+0200: 1411,275: Total time for which application threads were stopped: 0,0000802 seconds, Stopping threads took: 0,0000308 seconds
2017-05-04T08:23:44.332+0200: 1696,305: Total time for which application threads were stopped: 0,0003488 seconds, Stopping threads took: 0,0001337 seconds
2017-05-04T08:34:20.395+0200: 2332,369: Total time for which application threads were stopped: 0,0000919 seconds, Stopping threads took: 0,0000333 seconds
2017-05-04T08:34:24.396+0200: 2336,370: Total time for which application threads were stopped: 0,0000702 seconds, Stopping threads took: 0,0000160 seconds
2017-05-04T08:53:25.530+0200: 3477,504: Total time for which application threads were stopped: 0,0002023 seconds, Stopping threads took: 0,0000726 seconds
2017-05-04T09:00:04.590+0200: 3876,564: Total time for which application threads were stopped: 0,0001683 seconds, Stopping threads took: 0,0000604 seconds
2017-05-04T09:01:59.608+0200: 3991,582: Total time for which application threads were stopped: 0,0001790 seconds, Stopping threads took: 0,0000552 seconds
2017-05-04T09:17:20.703+0200: 4912,677: Total time for which application threads were stopped: 0,0000760 seconds, Stopping threads took: 0,0000282 seconds
2017-05-04T09:17:30.704+0200: 4922,678: Total time for which application threads were stopped: 0,0000851 seconds, Stopping threads took: 0,0000200 seconds
2017-05-04T09:47:25.888+0200: 6717,862: Total time for which application threads were stopped: 0,0000869 seconds, Stopping threads took: 0,0000335 seconds
2017-05-04T09:56:29.944+0200: 7261,917: Total time for which application threads were stopped: 0,0001022 seconds, Stopping threads took: 0,0000358 seconds
2017-05-04T09:57:29.950+0200: 7321,923: Total time for which application threads were stopped: 0,0000779 seconds, Stopping threads took: 0,0000301 seconds
2017-05-04T10:03:29.986+0200: 7681,960: Total time for which application threads were stopped: 0,0000898 seconds, Stopping threads took: 0,0000287 seconds
2017-05-04T10:03:59.990+0200: 7711,964: Total time for which application threads were stopped: 0,0001444 seconds, Stopping threads took: 0,0000519 seconds
2017-05-04T11:07:30.428+0200: 11522,401: Total time for which application threads were stopped: 0,0005399 seconds, Stopping threads took: 0,0001894 seconds
2017-05-04T12:14:00.818+0200: 15512,792: Total time for which application threads were stopped: 0,0000801 seconds, Stopping threads took: 0,0000302 seconds
2017-05-04T13:20:30.295+0200: 19502,269: Total time for which application threads were stopped: 0,0000781 seconds, Stopping threads took: 0,0000288 seconds
2017-05-04T20:24:25.409+0200: 44937,383: Total time for which application threads were stopped: 0,0001410 seconds, Stopping threads took: 0,0000585 seconds
2017-05-05T00:54:04.201+0200: 61116,175: Total time for which application threads were stopped: 0,0001197 seconds, Stopping threads took: 0,0000202 seconds
2017-05-05T00:54:04.266+0200: 61116,240: Total time for which application threads were stopped: 0,0001075 seconds, Stopping threads took: 0,0000326 seconds
2017-05-05T00:54:04.269+0200: 61116,243: Total time for which application threads were stopped: 0,0001373 seconds, Stopping threads took: 0,0000292 seconds
2017-05-05T00:54:04.270+0200: 61116,244: Total time for which application threads were stopped: 0,0000864 seconds, Stopping threads took: 0,0000231 seconds
2017-05-05T00:54:04.271+0200: 61116,245: Total time for which application threads were stopped: 0,0000988 seconds, Stopping threads took: 0,0000180 seconds
Heap
 par new generation   total 109248K, used 35359K [0x00000000e0000000, 0x00000000e8000000, 0x00000000e8000000)
  eden space 87424K,  24% used [0x00000000e0000000, 0x00000000e14da298, 0x00000000e5560000)
  from space 21824K,  64% used [0x00000000e5560000, 0x00000000e630d9b0, 0x00000000e6ab0000)
  to   space 21824K,   0% used [0x00000000e6ab0000, 0x00000000e6ab0000, 0x00000000e8000000)
 concurrent mark-sweep generation total 393216K, used 6899K [0x00000000e8000000, 0x0000000100000000, 0x0000000100000000)
 Metaspace       used 28161K, capacity 28791K, committed 29104K, reserved 1075200K
  class space    used 3227K, capacity 3423K, committed 3504K, reserved 1048576K
