OpenJDK 64-Bit Server VM (25.121-b13) for linux-amd64 JRE (1.8.0_121-8u121-b13-0ubuntu1.16.04.2-b13), built on Jan 23 2017 15:51:29 by "buildd" with gcc 5.4.0 20160609
Memory: 4k page, physical 7867760k(7508020k free), swap 8076284k(8076284k free)
CommandLine flags: -XX:CMSInitiatingOccupancyFraction=50 -XX:CMSMaxAbortablePrecleanTime=6000 -XX:+CMSParallelRemarkEnabled -XX:+CMSScavengeBeforeRemark -XX:ConcGCThreads=4 -XX:InitialHeapSize=536870912 -XX:MaxHeapSize=536870912 -XX:MaxTenuringThreshold=8 -XX:NewRatio=3 -XX:OldPLABSize=16 -XX:OnOutOfMemoryError=/opt/solr/bin/oom_solr.sh 8983 /var/solr/logs -XX:ParallelGCThreads=4 -XX:+ParallelRefProcEnabled -XX:PretenureSizeThreshold=67108864 -XX:+PrintGC -XX:+PrintGCApplicationStoppedTime -XX:+PrintGCDateStamps -XX:+PrintGCDetails -XX:+PrintGCTimeStamps -XX:+PrintHeapAtGC -XX:+PrintTenuringDistribution -XX:SurvivorRatio=4 -XX:TargetSurvivorRatio=90 -XX:ThreadStackSize=256 -XX:+UseCMSInitiatingOccupancyOnly -XX:+UseCompressedClassPointers -XX:+UseCompressedOops -XX:+UseConcMarkSweepGC -XX:+UseParNewGC 
2017-02-28T08:53:20.790+0100: 0,177: Total time for which application threads were stopped: 0,0001046 seconds, Stopping threads took: 0,0000245 seconds
2017-02-28T08:53:20.916+0100: 0,303: Total time for which application threads were stopped: 0,0001031 seconds, Stopping threads took: 0,0000114 seconds
2017-02-28T08:53:20.991+0100: 0,378: Total time for which application threads were stopped: 0,0000921 seconds, Stopping threads took: 0,0000115 seconds
2017-02-28T08:53:21.394+0100: 0,781: Total time for which application threads were stopped: 0,0001597 seconds, Stopping threads took: 0,0000126 seconds
2017-02-28T08:53:21.498+0100: 0,885: Total time for which application threads were stopped: 0,0001480 seconds, Stopping threads took: 0,0000404 seconds
2017-02-28T08:53:21.684+0100: 1,071: Total time for which application threads were stopped: 0,0002471 seconds, Stopping threads took: 0,0000303 seconds
2017-02-28T08:53:21.743+0100: 1,130: Total time for which application threads were stopped: 0,0001468 seconds, Stopping threads took: 0,0000141 seconds
2017-02-28T08:53:21.763+0100: 1,150: Total time for which application threads were stopped: 0,0001758 seconds, Stopping threads took: 0,0000213 seconds
2017-02-28T08:53:22.008+0100: 1,395: Total time for which application threads were stopped: 0,0001838 seconds, Stopping threads took: 0,0000253 seconds
2017-02-28T08:53:22.235+0100: 1,622: Total time for which application threads were stopped: 0,0007733 seconds, Stopping threads took: 0,0000311 seconds
2017-02-28T08:53:22.264+0100: 1,651: Total time for which application threads were stopped: 0,0001672 seconds, Stopping threads took: 0,0000220 seconds
2017-02-28T08:53:22.305+0100: 1,692: Total time for which application threads were stopped: 0,0011739 seconds, Stopping threads took: 0,0001656 seconds
2017-02-28T08:53:22.307+0100: 1,694: Total time for which application threads were stopped: 0,0002719 seconds, Stopping threads took: 0,0000467 seconds
2017-02-28T08:53:22.324+0100: 1,711: Total time for which application threads were stopped: 0,0003828 seconds, Stopping threads took: 0,0000926 seconds
2017-02-28T08:53:22.392+0100: 1,779: Total time for which application threads were stopped: 0,0002552 seconds, Stopping threads took: 0,0000250 seconds
2017-02-28T08:53:22.548+0100: 1,936: Total time for which application threads were stopped: 0,0002805 seconds, Stopping threads took: 0,0000403 seconds
{Heap before GC invocations=0 (full 0):
 par new generation   total 109248K, used 87424K [0x00000000e0000000, 0x00000000e8000000, 0x00000000e8000000)
  eden space 87424K, 100% used [0x00000000e0000000, 0x00000000e5560000, 0x00000000e5560000)
  from space 21824K,   0% used [0x00000000e5560000, 0x00000000e5560000, 0x00000000e6ab0000)
  to   space 21824K,   0% used [0x00000000e6ab0000, 0x00000000e6ab0000, 0x00000000e8000000)
 concurrent mark-sweep generation total 393216K, used 0K [0x00000000e8000000, 0x0000000100000000, 0x0000000100000000)
 Metaspace       used 18189K, capacity 18464K, committed 18688K, reserved 1064960K
  class space    used 2058K, capacity 2196K, committed 2304K, reserved 1048576K
2017-02-28T08:53:22.650+0100: 2,037: [GC (Allocation Failure) 2017-02-28T08:53:22.650+0100: 2,037: [ParNew
Desired survivor size 20112992 bytes, new threshold 8 (max 8)
- age   1:   12806800 bytes,   12806800 total
: 87424K->12621K(109248K), 0,0168016 secs] 87424K->12621K(502464K), 0,0168666 secs] [Times: user=0,04 sys=0,01, real=0,02 secs] 
Heap after GC invocations=1 (full 0):
 par new generation   total 109248K, used 12621K [0x00000000e0000000, 0x00000000e8000000, 0x00000000e8000000)
  eden space 87424K,   0% used [0x00000000e0000000, 0x00000000e0000000, 0x00000000e5560000)
  from space 21824K,  57% used [0x00000000e6ab0000, 0x00000000e7703790, 0x00000000e8000000)
  to   space 21824K,   0% used [0x00000000e5560000, 0x00000000e5560000, 0x00000000e6ab0000)
 concurrent mark-sweep generation total 393216K, used 0K [0x00000000e8000000, 0x0000000100000000, 0x0000000100000000)
 Metaspace       used 18189K, capacity 18464K, committed 18688K, reserved 1064960K
  class space    used 2058K, capacity 2196K, committed 2304K, reserved 1048576K
}
2017-02-28T08:53:22.667+0100: 2,054: Total time for which application threads were stopped: 0,0171554 seconds, Stopping threads took: 0,0000729 seconds
2017-02-28T08:53:22.949+0100: 2,336: Total time for which application threads were stopped: 0,0005344 seconds, Stopping threads took: 0,0001506 seconds
2017-02-28T08:53:23.003+0100: 2,390: Total time for which application threads were stopped: 0,0004251 seconds, Stopping threads took: 0,0000810 seconds
{Heap before GC invocations=1 (full 0):
 par new generation   total 109248K, used 100045K [0x00000000e0000000, 0x00000000e8000000, 0x00000000e8000000)
  eden space 87424K, 100% used [0x00000000e0000000, 0x00000000e5560000, 0x00000000e5560000)
  from space 21824K,  57% used [0x00000000e6ab0000, 0x00000000e7703790, 0x00000000e8000000)
  to   space 21824K,   0% used [0x00000000e5560000, 0x00000000e5560000, 0x00000000e6ab0000)
 concurrent mark-sweep generation total 393216K, used 0K [0x00000000e8000000, 0x0000000100000000, 0x0000000100000000)
 Metaspace       used 20045K, capacity 20360K, committed 20736K, reserved 1067008K
  class space    used 2295K, capacity 2468K, committed 2560K, reserved 1048576K
2017-02-28T08:53:23.006+0100: 2,393: [GC (Allocation Failure) 2017-02-28T08:53:23.006+0100: 2,393: [ParNew
Desired survivor size 20112992 bytes, new threshold 8 (max 8)
- age   1:    3492232 bytes,    3492232 total
- age   2:    6684784 bytes,   10177016 total
: 100045K->13896K(109248K), 0,0160597 secs] 100045K->13896K(502464K), 0,0161459 secs] [Times: user=0,06 sys=0,00, real=0,01 secs] 
Heap after GC invocations=2 (full 0):
 par new generation   total 109248K, used 13896K [0x00000000e0000000, 0x00000000e8000000, 0x00000000e8000000)
  eden space 87424K,   0% used [0x00000000e0000000, 0x00000000e0000000, 0x00000000e5560000)
  from space 21824K,  63% used [0x00000000e5560000, 0x00000000e62f20d0, 0x00000000e6ab0000)
  to   space 21824K,   0% used [0x00000000e6ab0000, 0x00000000e6ab0000, 0x00000000e8000000)
 concurrent mark-sweep generation total 393216K, used 0K [0x00000000e8000000, 0x0000000100000000, 0x0000000100000000)
 Metaspace       used 20045K, capacity 20360K, committed 20736K, reserved 1067008K
  class space    used 2295K, capacity 2468K, committed 2560K, reserved 1048576K
}
2017-02-28T08:53:23.022+0100: 2,409: Total time for which application threads were stopped: 0,0169655 seconds, Stopping threads took: 0,0006552 seconds
2017-02-28T08:53:23.054+0100: 2,441: Total time for which application threads were stopped: 0,0003263 seconds, Stopping threads took: 0,0000456 seconds
2017-02-28T08:53:23.196+0100: 2,583: Total time for which application threads were stopped: 0,0001860 seconds, Stopping threads took: 0,0000369 seconds
{Heap before GC invocations=2 (full 0):
 par new generation   total 109248K, used 101320K [0x00000000e0000000, 0x00000000e8000000, 0x00000000e8000000)
  eden space 87424K, 100% used [0x00000000e0000000, 0x00000000e5560000, 0x00000000e5560000)
  from space 21824K,  63% used [0x00000000e5560000, 0x00000000e62f20d0, 0x00000000e6ab0000)
  to   space 21824K,   0% used [0x00000000e6ab0000, 0x00000000e6ab0000, 0x00000000e8000000)
 concurrent mark-sweep generation total 393216K, used 0K [0x00000000e8000000, 0x0000000100000000, 0x0000000100000000)
 Metaspace       used 20977K, capacity 21282K, committed 21628K, reserved 1069056K
  class space    used 2416K, capacity 2587K, committed 2684K, reserved 1048576K
2017-02-28T08:53:23.249+0100: 2,636: [GC (Allocation Failure) 2017-02-28T08:53:23.249+0100: 2,636: [ParNew
Desired survivor size 20112992 bytes, new threshold 8 (max 8)
- age   1:    2355920 bytes,    2355920 total
- age   2:     830368 bytes,    3186288 total
- age   3:    6681104 bytes,    9867392 total
: 101320K->11424K(109248K), 0,0133541 secs] 101320K->11424K(502464K), 0,0134260 secs] [Times: user=0,04 sys=0,00, real=0,01 secs] 
Heap after GC invocations=3 (full 0):
 par new generation   total 109248K, used 11424K [0x00000000e0000000, 0x00000000e8000000, 0x00000000e8000000)
  eden space 87424K,   0% used [0x00000000e0000000, 0x00000000e0000000, 0x00000000e5560000)
  from space 21824K,  52% used [0x00000000e6ab0000, 0x00000000e75d80c0, 0x00000000e8000000)
  to   space 21824K,   0% used [0x00000000e5560000, 0x00000000e5560000, 0x00000000e6ab0000)
 concurrent mark-sweep generation total 393216K, used 0K [0x00000000e8000000, 0x0000000100000000, 0x0000000100000000)
 Metaspace       used 20977K, capacity 21282K, committed 21628K, reserved 1069056K
  class space    used 2416K, capacity 2587K, committed 2684K, reserved 1048576K
}
2017-02-28T08:53:23.262+0100: 2,649: Total time for which application threads were stopped: 0,0152814 seconds, Stopping threads took: 0,0017217 seconds
2017-02-28T08:53:23.264+0100: 2,651: [GC (CMS Initial Mark) [1 CMS-initial-mark: 0K(393216K)] 14266K(502464K), 0,0030803 secs] [Times: user=0,01 sys=0,00, real=0,01 secs] 
2017-02-28T08:53:23.267+0100: 2,654: Total time for which application threads were stopped: 0,0032630 seconds, Stopping threads took: 0,0000867 seconds
2017-02-28T08:53:23.267+0100: 2,654: [CMS-concurrent-mark-start]
2017-02-28T08:53:23.268+0100: 2,655: [CMS-concurrent-mark: 0,001/0,001 secs] [Times: user=0,00 sys=0,00, real=0,00 secs] 
2017-02-28T08:53:23.268+0100: 2,655: [CMS-concurrent-preclean-start]
2017-02-28T08:53:23.269+0100: 2,656: [CMS-concurrent-preclean: 0,001/0,001 secs] [Times: user=0,01 sys=0,00, real=0,00 secs] 
2017-02-28T08:53:23.269+0100: 2,656: [CMS-concurrent-abortable-preclean-start]
2017-02-28T08:53:23.336+0100: 2,723: Total time for which application threads were stopped: 0,0001566 seconds, Stopping threads took: 0,0000334 seconds
{Heap before GC invocations=3 (full 1):
 par new generation   total 109248K, used 98848K [0x00000000e0000000, 0x00000000e8000000, 0x00000000e8000000)
  eden space 87424K, 100% used [0x00000000e0000000, 0x00000000e5560000, 0x00000000e5560000)
  from space 21824K,  52% used [0x00000000e6ab0000, 0x00000000e75d80c0, 0x00000000e8000000)
  to   space 21824K,   0% used [0x00000000e5560000, 0x00000000e5560000, 0x00000000e6ab0000)
 concurrent mark-sweep generation total 393216K, used 0K [0x00000000e8000000, 0x0000000100000000, 0x0000000100000000)
 Metaspace       used 21241K, capacity 21628K, committed 21884K, reserved 1069056K
  class space    used 2445K, capacity 2603K, committed 2684K, reserved 1048576K
2017-02-28T08:53:23.387+0100: 2,774: [GC (Allocation Failure) 2017-02-28T08:53:23.387+0100: 2,774: [ParNew
Desired survivor size 20112992 bytes, new threshold 8 (max 8)
- age   1:     966536 bytes,     966536 total
- age   2:    1450048 bytes,    2416584 total
- age   3:     794992 bytes,    3211576 total
- age   4:    6681056 bytes,    9892632 total
: 98848K->12982K(109248K), 0,0122177 secs] 98848K->12982K(502464K), 0,0122926 secs] [Times: user=0,04 sys=0,00, real=0,01 secs] 
Heap after GC invocations=4 (full 1):
 par new generation   total 109248K, used 12982K [0x00000000e0000000, 0x00000000e8000000, 0x00000000e8000000)
  eden space 87424K,   0% used [0x00000000e0000000, 0x00000000e0000000, 0x00000000e5560000)
  from space 21824K,  59% used [0x00000000e5560000, 0x00000000e620da90, 0x00000000e6ab0000)
  to   space 21824K,   0% used [0x00000000e6ab0000, 0x00000000e6ab0000, 0x00000000e8000000)
 concurrent mark-sweep generation total 393216K, used 0K [0x00000000e8000000, 0x0000000100000000, 0x0000000100000000)
 Metaspace       used 21241K, capacity 21628K, committed 21884K, reserved 1069056K
  class space    used 2445K, capacity 2603K, committed 2684K, reserved 1048576K
}
2017-02-28T08:53:23.399+0100: 2,786: Total time for which application threads were stopped: 0,0125426 seconds, Stopping threads took: 0,0001083 seconds
2017-02-28T08:53:23.399+0100: 2,786: [CMS-concurrent-abortable-preclean: 0,068/0,130 secs] [Times: user=0,49 sys=0,00, real=0,13 secs] 
2017-02-28T08:53:23.402+0100: 2,789: [GC (CMS Final Remark) [YG occupancy: 17702 K (109248 K)]{Heap before GC invocations=4 (full 1):
 par new generation   total 109248K, used 17702K [0x00000000e0000000, 0x00000000e8000000, 0x00000000e8000000)
  eden space 87424K,   5% used [0x00000000e0000000, 0x00000000e049c0b8, 0x00000000e5560000)
  from space 21824K,  59% used [0x00000000e5560000, 0x00000000e620da90, 0x00000000e6ab0000)
  to   space 21824K,   0% used [0x00000000e6ab0000, 0x00000000e6ab0000, 0x00000000e8000000)
 concurrent mark-sweep generation total 393216K, used 0K [0x00000000e8000000, 0x0000000100000000, 0x0000000100000000)
 Metaspace       used 21242K, capacity 21628K, committed 21884K, reserved 1069056K
  class space    used 2445K, capacity 2603K, committed 2684K, reserved 1048576K
2017-02-28T08:53:23.402+0100: 2,789: [GC (CMS Final Remark) 2017-02-28T08:53:23.402+0100: 2,789: [ParNew
Desired survivor size 20112992 bytes, new threshold 8 (max 8)
- age   1:     720528 bytes,     720528 total
- age   2:     409792 bytes,    1130320 total
- age   3:    1450048 bytes,    2580368 total
- age   4:     794992 bytes,    3375360 total
- age   5:    6681480 bytes,   10056840 total
: 17702K->11573K(109248K), 0,0094842 secs] 17702K->11573K(502464K), 0,0095264 secs] [Times: user=0,03 sys=0,00, real=0,01 secs] 
Heap after GC invocations=5 (full 1):
 par new generation   total 109248K, used 11573K [0x00000000e0000000, 0x00000000e8000000, 0x00000000e8000000)
  eden space 87424K,   0% used [0x00000000e0000000, 0x00000000e0000000, 0x00000000e5560000)
  from space 21824K,  53% used [0x00000000e6ab0000, 0x00000000e75fd480, 0x00000000e8000000)
  to   space 21824K,   0% used [0x00000000e5560000, 0x00000000e5560000, 0x00000000e6ab0000)
 concurrent mark-sweep generation total 393216K, used 0K [0x00000000e8000000, 0x0000000100000000, 0x0000000100000000)
 Metaspace       used 21242K, capacity 21628K, committed 21884K, reserved 1069056K
  class space    used 2445K, capacity 2603K, committed 2684K, reserved 1048576K
}
2017-02-28T08:53:23.412+0100: 2,799: [Rescan (parallel) , 0,0033365 secs]2017-02-28T08:53:23.415+0100: 2,802: [weak refs processing, 0,0011158 secs]2017-02-28T08:53:23.416+0100: 2,803: [class unloading, 0,0028352 secs]2017-02-28T08:53:23.419+0100: 2,806: [scrub symbol table, 0,0025765 secs]2017-02-28T08:53:23.422+0100: 2,809: [scrub string table, 0,0004079 secs][1 CMS-remark: 0K(393216K)] 11573K(502464K), 0,0204874 secs] [Times: user=0,05 sys=0,00, real=0,02 secs] 
2017-02-28T08:53:23.423+0100: 2,810: Total time for which application threads were stopped: 0,0206608 seconds, Stopping threads took: 0,0000856 seconds
2017-02-28T08:53:23.423+0100: 2,810: [CMS-concurrent-sweep-start]
2017-02-28T08:53:23.423+0100: 2,810: [CMS-concurrent-sweep: 0,000/0,000 secs] [Times: user=0,00 sys=0,00, real=0,00 secs] 
2017-02-28T08:53:23.423+0100: 2,810: [CMS-concurrent-reset-start]
2017-02-28T08:53:23.425+0100: 2,812: [CMS-concurrent-reset: 0,003/0,003 secs] [Times: user=0,01 sys=0,00, real=0,00 secs] 
{Heap before GC invocations=5 (full 1):
 par new generation   total 109248K, used 98997K [0x00000000e0000000, 0x00000000e8000000, 0x00000000e8000000)
  eden space 87424K, 100% used [0x00000000e0000000, 0x00000000e5560000, 0x00000000e5560000)
  from space 21824K,  53% used [0x00000000e6ab0000, 0x00000000e75fd480, 0x00000000e8000000)
  to   space 21824K,   0% used [0x00000000e5560000, 0x00000000e5560000, 0x00000000e6ab0000)
 concurrent mark-sweep generation total 393216K, used 0K [0x00000000e8000000, 0x0000000100000000, 0x0000000100000000)
 Metaspace       used 21385K, capacity 21800K, committed 21884K, reserved 1069056K
  class space    used 2466K, capacity 2637K, committed 2684K, reserved 1048576K
2017-02-28T08:53:23.510+0100: 2,897: [GC (Allocation Failure) 2017-02-28T08:53:23.510+0100: 2,897: [ParNew
Desired survivor size 20112992 bytes, new threshold 8 (max 8)
- age   1:     345744 bytes,     345744 total
- age   2:       6112 bytes,     351856 total
- age   3:     184736 bytes,     536592 total
- age   4:    1449800 bytes,    1986392 total
- age   5:     794880 bytes,    2781272 total
- age   6:    6681032 bytes,    9462304 total
: 98997K->13218K(109248K), 0,0092225 secs] 98997K->13218K(502464K), 0,0092937 secs] [Times: user=0,03 sys=0,00, real=0,01 secs] 
Heap after GC invocations=6 (full 1):
 par new generation   total 109248K, used 13218K [0x00000000e0000000, 0x00000000e8000000, 0x00000000e8000000)
  eden space 87424K,   0% used [0x00000000e0000000, 0x00000000e0000000, 0x00000000e5560000)
  from space 21824K,  60% used [0x00000000e5560000, 0x00000000e6248920, 0x00000000e6ab0000)
  to   space 21824K,   0% used [0x00000000e6ab0000, 0x00000000e6ab0000, 0x00000000e8000000)
 concurrent mark-sweep generation total 393216K, used 0K [0x00000000e8000000, 0x0000000100000000, 0x0000000100000000)
 Metaspace       used 21385K, capacity 21800K, committed 21884K, reserved 1069056K
  class space    used 2466K, capacity 2637K, committed 2684K, reserved 1048576K
}
2017-02-28T08:53:23.519+0100: 2,906: Total time for which application threads were stopped: 0,0129699 seconds, Stopping threads took: 0,0035319 seconds
2017-02-28T08:53:23.553+0100: 2,940: Total time for which application threads were stopped: 0,0002937 seconds, Stopping threads took: 0,0000142 seconds
2017-02-28T08:53:23.732+0100: 3,120: Total time for which application threads were stopped: 0,0004240 seconds, Stopping threads took: 0,0000558 seconds
2017-02-28T08:53:23.748+0100: 3,135: Total time for which application threads were stopped: 0,0003647 seconds, Stopping threads took: 0,0000440 seconds
2017-02-28T08:53:23.955+0100: 3,342: Total time for which application threads were stopped: 0,0001977 seconds, Stopping threads took: 0,0000340 seconds
{Heap before GC invocations=6 (full 1):
 par new generation   total 109248K, used 100674K [0x00000000e0000000, 0x00000000e8000000, 0x00000000e8000000)
  eden space 87424K, 100% used [0x00000000e0000000, 0x00000000e5560000, 0x00000000e5560000)
  from space 21824K,  60% used [0x00000000e5560000, 0x00000000e6250930, 0x00000000e6ab0000)
  to   space 21824K,   0% used [0x00000000e6ab0000, 0x00000000e6ab0000, 0x00000000e8000000)
 concurrent mark-sweep generation total 393216K, used 0K [0x00000000e8000000, 0x0000000100000000, 0x0000000100000000)
 Metaspace       used 24495K, capacity 24938K, committed 25084K, reserved 1071104K
  class space    used 2869K, capacity 3044K, committed 3068K, reserved 1048576K
2017-02-28T08:53:23.958+0100: 3,345: [GC (Allocation Failure) 2017-02-28T08:53:23.958+0100: 3,345: [ParNew
Desired survivor size 20112992 bytes, new threshold 8 (max 8)
- age   1:    5488504 bytes,    5488504 total
- age   2:     123528 bytes,    5612032 total
- age   3:       6056 bytes,    5618088 total
- age   4:     183232 bytes,    5801320 total
- age   5:     277056 bytes,    6078376 total
- age   6:     769896 bytes,    6848272 total
- age   7:    6672224 bytes,   13520496 total
: 100674K->17004K(109248K), 0,0128252 secs] 100674K->17004K(502464K), 0,0129200 secs] [Times: user=0,05 sys=0,00, real=0,01 secs] 
Heap after GC invocations=7 (full 1):
 par new generation   total 109248K, used 17004K [0x00000000e0000000, 0x00000000e8000000, 0x00000000e8000000)
  eden space 87424K,   0% used [0x00000000e0000000, 0x00000000e0000000, 0x00000000e5560000)
  from space 21824K,  77% used [0x00000000e6ab0000, 0x00000000e7b4b300, 0x00000000e8000000)
  to   space 21824K,   0% used [0x00000000e5560000, 0x00000000e5560000, 0x00000000e6ab0000)
 concurrent mark-sweep generation total 393216K, used 0K [0x00000000e8000000, 0x0000000100000000, 0x0000000100000000)
 Metaspace       used 24495K, capacity 24938K, committed 25084K, reserved 1071104K
  class space    used 2869K, capacity 3044K, committed 3068K, reserved 1048576K
}
2017-02-28T08:53:23.971+0100: 3,358: Total time for which application threads were stopped: 0,0131497 seconds, Stopping threads took: 0,0000343 seconds
{Heap before GC invocations=7 (full 1):
 par new generation   total 109248K, used 26265K [0x00000000e0000000, 0x00000000e8000000, 0x00000000e8000000)
  eden space 87424K,  10% used [0x00000000e0000000, 0x00000000e090b410, 0x00000000e5560000)
  from space 21824K,  77% used [0x00000000e6ab0000, 0x00000000e7b4b300, 0x00000000e8000000)
  to   space 21824K,   0% used [0x00000000e5560000, 0x00000000e5560000, 0x00000000e6ab0000)
 concurrent mark-sweep generation total 393216K, used 0K [0x00000000e8000000, 0x0000000100000000, 0x0000000100000000)
 Metaspace       used 24495K, capacity 24938K, committed 25084K, reserved 1071104K
  class space    used 2869K, capacity 3044K, committed 3068K, reserved 1048576K
2017-02-28T08:53:23.978+0100: 3,365: [GC (GCLocker Initiated GC) 2017-02-28T08:53:23.978+0100: 3,365: [ParNew
Desired survivor size 20112992 bytes, new threshold 8 (max 8)
- age   1:     144768 bytes,     144768 total
- age   2:    1865352 bytes,    2010120 total
- age   3:      57008 bytes,    2067128 total
- age   4:       5032 bytes,    2072160 total
- age   5:      99872 bytes,    2172032 total
- age   6:     181576 bytes,    2353608 total
- age   7:     727256 bytes,    3080864 total
- age   8:    6139608 bytes,    9220472 total
: 26265K->16979K(109248K), 0,0173434 secs] 26265K->16979K(502464K), 0,0174243 secs] [Times: user=0,07 sys=0,00, real=0,02 secs] 
Heap after GC invocations=8 (full 1):
 par new generation   total 109248K, used 16979K [0x00000000e0000000, 0x00000000e8000000, 0x00000000e8000000)
  eden space 87424K,   0% used [0x00000000e0000000, 0x00000000e0000000, 0x00000000e5560000)
  from space 21824K,  77% used [0x00000000e5560000, 0x00000000e65f4eb0, 0x00000000e6ab0000)
  to   space 21824K,   0% used [0x00000000e6ab0000, 0x00000000e6ab0000, 0x00000000e8000000)
 concurrent mark-sweep generation total 393216K, used 0K [0x00000000e8000000, 0x0000000100000000, 0x0000000100000000)
 Metaspace       used 24495K, capacity 24938K, committed 25084K, reserved 1071104K
  class space    used 2869K, capacity 3044K, committed 3068K, reserved 1048576K
}
2017-02-28T08:53:23.996+0100: 3,383: Total time for which application threads were stopped: 0,0176241 seconds, Stopping threads took: 0,0000419 seconds
{Heap before GC invocations=8 (full 1):
 par new generation   total 109248K, used 104403K [0x00000000e0000000, 0x00000000e8000000, 0x00000000e8000000)
  eden space 87424K, 100% used [0x00000000e0000000, 0x00000000e5560000, 0x00000000e5560000)
  from space 21824K,  77% used [0x00000000e5560000, 0x00000000e65f4eb0, 0x00000000e6ab0000)
  to   space 21824K,   0% used [0x00000000e6ab0000, 0x00000000e6ab0000, 0x00000000e8000000)
 concurrent mark-sweep generation total 393216K, used 0K [0x00000000e8000000, 0x0000000100000000, 0x0000000100000000)
 Metaspace       used 25249K, capacity 25732K, committed 25980K, reserved 1073152K
  class space    used 2928K, capacity 3116K, committed 3196K, reserved 1048576K
2017-02-28T08:53:24.178+0100: 3,565: [GC (Allocation Failure) 2017-02-28T08:53:24.178+0100: 3,565: [ParNew
Desired survivor size 20112992 bytes, new threshold 8 (max 8)
- age   1:    1430296 bytes,    1430296 total
- age   2:       3888 bytes,    1434184 total
- age   3:    1449576 bytes,    2883760 total
- age   4:      57008 bytes,    2940768 total
- age   5:       5032 bytes,    2945800 total
- age   6:      97216 bytes,    3043016 total
- age   7:     180992 bytes,    3224008 total
- age   8:     726488 bytes,    3950496 total
: 104403K->5647K(109248K), 0,0333671 secs] 104403K->11726K(502464K), 0,0334598 secs] [Times: user=0,11 sys=0,00, real=0,03 secs] 
Heap after GC invocations=9 (full 1):
 par new generation   total 109248K, used 5647K [0x00000000e0000000, 0x00000000e8000000, 0x00000000e8000000)
  eden space 87424K,   0% used [0x00000000e0000000, 0x00000000e0000000, 0x00000000e5560000)
  from space 21824K,  25% used [0x00000000e6ab0000, 0x00000000e7033f40, 0x00000000e8000000)
  to   space 21824K,   0% used [0x00000000e5560000, 0x00000000e5560000, 0x00000000e6ab0000)
 concurrent mark-sweep generation total 393216K, used 6078K [0x00000000e8000000, 0x0000000100000000, 0x0000000100000000)
 Metaspace       used 25249K, capacity 25732K, committed 25980K, reserved 1073152K
  class space    used 2928K, capacity 3116K, committed 3196K, reserved 1048576K
}
2017-02-28T08:53:24.211+0100: 3,599: Total time for which application threads were stopped: 0,0337417 seconds, Stopping threads took: 0,0000481 seconds
2017-02-28T08:53:24.320+0100: 3,707: Total time for which application threads were stopped: 0,0005717 seconds, Stopping threads took: 0,0001485 seconds
2017-02-28T08:53:24.341+0100: 3,728: Total time for which application threads were stopped: 0,0003817 seconds, Stopping threads took: 0,0000202 seconds
2017-02-28T08:53:24.401+0100: 3,788: Total time for which application threads were stopped: 0,0004647 seconds, Stopping threads took: 0,0000271 seconds
2017-02-28T08:53:24.671+0100: 4,059: Total time for which application threads were stopped: 0,0003402 seconds, Stopping threads took: 0,0000178 seconds
2017-02-28T08:53:32.672+0100: 12,059: Total time for which application threads were stopped: 0,0000645 seconds, Stopping threads took: 0,0000155 seconds
2017-02-28T08:53:47.674+0100: 27,061: Total time for which application threads were stopped: 0,0000806 seconds, Stopping threads took: 0,0000333 seconds
2017-02-28T08:53:52.675+0100: 32,062: Total time for which application threads were stopped: 0,0000646 seconds, Stopping threads took: 0,0000169 seconds
2017-02-28T08:54:52.683+0100: 92,070: Total time for which application threads were stopped: 0,0001842 seconds, Stopping threads took: 0,0000764 seconds
2017-02-28T08:55:22.689+0100: 122,076: Total time for which application threads were stopped: 0,0001898 seconds, Stopping threads took: 0,0000733 seconds
2017-02-28T08:55:27.690+0100: 127,077: Total time for which application threads were stopped: 0,0001355 seconds, Stopping threads took: 0,0000348 seconds
2017-02-28T08:55:47.693+0100: 147,080: Total time for which application threads were stopped: 0,0001827 seconds, Stopping threads took: 0,0000679 seconds
2017-02-28T08:55:57.694+0100: 157,081: Total time for which application threads were stopped: 0,0000754 seconds, Stopping threads took: 0,0000184 seconds
2017-02-28T08:56:07.696+0100: 167,083: Total time for which application threads were stopped: 0,0001348 seconds, Stopping threads took: 0,0000348 seconds
2017-02-28T08:56:12.697+0100: 172,084: Total time for which application threads were stopped: 0,0001938 seconds, Stopping threads took: 0,0000704 seconds
2017-02-28T08:56:22.698+0100: 182,085: Total time for which application threads were stopped: 0,0001507 seconds, Stopping threads took: 0,0000344 seconds
2017-02-28T08:57:57.714+0100: 277,101: Total time for which application threads were stopped: 0,0002280 seconds, Stopping threads took: 0,0000777 seconds
2017-02-28T09:03:29.661+0100: 609,720: Total time for which application threads were stopped: 0,0001412 seconds, Stopping threads took: 0,0000313 seconds
2017-02-28T09:03:29.664+0100: 609,723: Total time for which application threads were stopped: 0,0001243 seconds, Stopping threads took: 0,0000307 seconds
Heap
 par new generation   total 109248K, used 62746K [0x00000000e0000000, 0x00000000e8000000, 0x00000000e8000000)
  eden space 87424K,  65% used [0x00000000e0000000, 0x00000000e37c2b88, 0x00000000e5560000)
  from space 21824K,  25% used [0x00000000e6ab0000, 0x00000000e7033f40, 0x00000000e8000000)
  to   space 21824K,   0% used [0x00000000e5560000, 0x00000000e5560000, 0x00000000e6ab0000)
 concurrent mark-sweep generation total 393216K, used 6078K [0x00000000e8000000, 0x0000000100000000, 0x0000000100000000)
 Metaspace       used 28043K, capacity 28560K, committed 28796K, reserved 1075200K
  class space    used 3226K, capacity 3390K, committed 3452K, reserved 1048576K
