OpenJDK 64-Bit Server VM (25.131-b11) for linux-amd64 JRE (1.8.0_131-8u131-b11-0ubuntu1.16.04.2-b11), built on May  6 2017 02:45:27 by "buildd" with gcc 5.4.0 20160609
Memory: 4k page, physical 7867740k(7459256k free), swap 8076284k(8076284k free)
CommandLine flags: -XX:CMSInitiatingOccupancyFraction=50 -XX:CMSMaxAbortablePrecleanTime=6000 -XX:+CMSParallelRemarkEnabled -XX:+CMSScavengeBeforeRemark -XX:ConcGCThreads=4 -XX:InitialHeapSize=536870912 -XX:MaxHeapSize=536870912 -XX:MaxTenuringThreshold=8 -XX:NewRatio=3 -XX:OldPLABSize=16 -XX:OnOutOfMemoryError=/opt/solr/bin/oom_solr.sh 8983 /var/solr/logs -XX:ParallelGCThreads=4 -XX:+ParallelRefProcEnabled -XX:PretenureSizeThreshold=67108864 -XX:+PrintGC -XX:+PrintGCApplicationStoppedTime -XX:+PrintGCDateStamps -XX:+PrintGCDetails -XX:+PrintGCTimeStamps -XX:+PrintHeapAtGC -XX:+PrintTenuringDistribution -XX:SurvivorRatio=4 -XX:TargetSurvivorRatio=90 -XX:ThreadStackSize=256 -XX:+UseCMSInitiatingOccupancyOnly -XX:+UseCompressedClassPointers -XX:+UseCompressedOops -XX:+UseConcMarkSweepGC -XX:+UseParNewGC 
2017-06-30T00:44:21.178+0200: 0,190: Total time for which application threads were stopped: 0,0000655 seconds, Stopping threads took: 0,0000093 seconds
2017-06-30T00:44:21.289+0200: 0,302: Total time for which application threads were stopped: 0,0001052 seconds, Stopping threads took: 0,0000150 seconds
2017-06-30T00:44:21.307+0200: 0,319: Total time for which application threads were stopped: 0,0000907 seconds, Stopping threads took: 0,0000152 seconds
2017-06-30T00:44:21.763+0200: 0,776: Total time for which application threads were stopped: 0,0001703 seconds, Stopping threads took: 0,0000214 seconds
2017-06-30T00:44:22.121+0200: 1,133: Total time for which application threads were stopped: 0,0001649 seconds, Stopping threads took: 0,0000213 seconds
2017-06-30T00:44:22.219+0200: 1,232: Total time for which application threads were stopped: 0,0001422 seconds, Stopping threads took: 0,0000137 seconds
2017-06-30T00:44:22.266+0200: 1,278: Total time for which application threads were stopped: 0,0001675 seconds, Stopping threads took: 0,0000191 seconds
2017-06-30T00:44:22.583+0200: 1,596: Total time for which application threads were stopped: 0,0001723 seconds, Stopping threads took: 0,0000207 seconds
2017-06-30T00:44:22.847+0200: 1,860: Total time for which application threads were stopped: 0,0002020 seconds, Stopping threads took: 0,0000238 seconds
2017-06-30T00:44:22.877+0200: 1,889: Total time for which application threads were stopped: 0,0001931 seconds, Stopping threads took: 0,0000272 seconds
2017-06-30T00:44:22.905+0200: 1,917: Total time for which application threads were stopped: 0,0002199 seconds, Stopping threads took: 0,0000263 seconds
2017-06-30T00:44:22.906+0200: 1,918: Total time for which application threads were stopped: 0,0001797 seconds, Stopping threads took: 0,0000147 seconds
2017-06-30T00:44:22.920+0200: 1,933: Total time for which application threads were stopped: 0,0001675 seconds, Stopping threads took: 0,0000127 seconds
2017-06-30T00:44:22.992+0200: 2,004: Total time for which application threads were stopped: 0,0002634 seconds, Stopping threads took: 0,0000352 seconds
2017-06-30T00:44:23.165+0200: 2,177: Total time for which application threads were stopped: 0,0002566 seconds, Stopping threads took: 0,0000419 seconds
{Heap before GC invocations=0 (full 0):
 par new generation   total 109248K, used 87424K [0x00000000e0000000, 0x00000000e8000000, 0x00000000e8000000)
  eden space 87424K, 100% used [0x00000000e0000000, 0x00000000e5560000, 0x00000000e5560000)
  from space 21824K,   0% used [0x00000000e5560000, 0x00000000e5560000, 0x00000000e6ab0000)
  to   space 21824K,   0% used [0x00000000e6ab0000, 0x00000000e6ab0000, 0x00000000e8000000)
 concurrent mark-sweep generation total 393216K, used 0K [0x00000000e8000000, 0x0000000100000000, 0x0000000100000000)
 Metaspace       used 17543K, capacity 17888K, committed 18048K, reserved 1064960K
  class space    used 1991K, capacity 2132K, committed 2176K, reserved 1048576K
2017-06-30T00:44:23.184+0200: 2,197: [GC (Allocation Failure) 2017-06-30T00:44:23.184+0200: 2,197: [ParNew
Desired survivor size 20112992 bytes, new threshold 8 (max 8)
- age   1:   11232056 bytes,   11232056 total
: 87424K->11076K(109248K), 0,0140891 secs] 87424K->11076K(502464K), 0,0141838 secs] [Times: user=0,01 sys=0,04, real=0,01 secs] 
Heap after GC invocations=1 (full 0):
 par new generation   total 109248K, used 11076K [0x00000000e0000000, 0x00000000e8000000, 0x00000000e8000000)
  eden space 87424K,   0% used [0x00000000e0000000, 0x00000000e0000000, 0x00000000e5560000)
  from space 21824K,  50% used [0x00000000e6ab0000, 0x00000000e75810e0, 0x00000000e8000000)
  to   space 21824K,   0% used [0x00000000e5560000, 0x00000000e5560000, 0x00000000e6ab0000)
 concurrent mark-sweep generation total 393216K, used 0K [0x00000000e8000000, 0x0000000100000000, 0x0000000100000000)
 Metaspace       used 17543K, capacity 17888K, committed 18048K, reserved 1064960K
  class space    used 1991K, capacity 2132K, committed 2176K, reserved 1048576K
}
2017-06-30T00:44:23.198+0200: 2,211: Total time for which application threads were stopped: 0,0144126 seconds, Stopping threads took: 0,0000882 seconds
2017-06-30T00:44:23.624+0200: 2,636: Total time for which application threads were stopped: 0,0004750 seconds, Stopping threads took: 0,0001321 seconds
{Heap before GC invocations=1 (full 0):
 par new generation   total 109248K, used 98500K [0x00000000e0000000, 0x00000000e8000000, 0x00000000e8000000)
  eden space 87424K, 100% used [0x00000000e0000000, 0x00000000e5560000, 0x00000000e5560000)
  from space 21824K,  50% used [0x00000000e6ab0000, 0x00000000e75810e0, 0x00000000e8000000)
  to   space 21824K,   0% used [0x00000000e5560000, 0x00000000e5560000, 0x00000000e6ab0000)
 concurrent mark-sweep generation total 393216K, used 0K [0x00000000e8000000, 0x0000000100000000, 0x0000000100000000)
 Metaspace       used 20034K, capacity 20366K, committed 20736K, reserved 1067008K
  class space    used 2296K, capacity 2471K, committed 2560K, reserved 1048576K
2017-06-30T00:44:23.659+0200: 2,671: [GC (Allocation Failure) 2017-06-30T00:44:23.659+0200: 2,671: [ParNew
Desired survivor size 20112992 bytes, new threshold 8 (max 8)
- age   1:    4596320 bytes,    4596320 total
- age   2:    5828696 bytes,   10425016 total
: 98500K->14215K(109248K), 0,0133683 secs] 98500K->14215K(502464K), 0,0134608 secs] [Times: user=0,04 sys=0,01, real=0,02 secs] 
Heap after GC invocations=2 (full 0):
 par new generation   total 109248K, used 14215K [0x00000000e0000000, 0x00000000e8000000, 0x00000000e8000000)
  eden space 87424K,   0% used [0x00000000e0000000, 0x00000000e0000000, 0x00000000e5560000)
  from space 21824K,  65% used [0x00000000e5560000, 0x00000000e6341f80, 0x00000000e6ab0000)
  to   space 21824K,   0% used [0x00000000e6ab0000, 0x00000000e6ab0000, 0x00000000e8000000)
 concurrent mark-sweep generation total 393216K, used 0K [0x00000000e8000000, 0x0000000100000000, 0x0000000100000000)
 Metaspace       used 20034K, capacity 20366K, committed 20736K, reserved 1067008K
  class space    used 2296K, capacity 2471K, committed 2560K, reserved 1048576K
}
2017-06-30T00:44:23.672+0200: 2,685: Total time for which application threads were stopped: 0,0137766 seconds, Stopping threads took: 0,0001218 seconds
2017-06-30T00:44:23.689+0200: 2,702: Total time for which application threads were stopped: 0,0003643 seconds, Stopping threads took: 0,0000520 seconds
2017-06-30T00:44:23.719+0200: 2,732: Total time for which application threads were stopped: 0,0004752 seconds, Stopping threads took: 0,0001553 seconds
2017-06-30T00:44:23.870+0200: 2,882: Total time for which application threads were stopped: 0,0010687 seconds, Stopping threads took: 0,0008929 seconds
{Heap before GC invocations=2 (full 0):
 par new generation   total 109248K, used 101639K [0x00000000e0000000, 0x00000000e8000000, 0x00000000e8000000)
  eden space 87424K, 100% used [0x00000000e0000000, 0x00000000e5560000, 0x00000000e5560000)
  from space 21824K,  65% used [0x00000000e5560000, 0x00000000e6341f80, 0x00000000e6ab0000)
  to   space 21824K,   0% used [0x00000000e6ab0000, 0x00000000e6ab0000, 0x00000000e8000000)
 concurrent mark-sweep generation total 393216K, used 0K [0x00000000e8000000, 0x0000000100000000, 0x0000000100000000)
 Metaspace       used 21009K, capacity 21352K, committed 21628K, reserved 1069056K
  class space    used 2418K, capacity 2590K, committed 2684K, reserved 1048576K
2017-06-30T00:44:23.903+0200: 2,916: [GC (Allocation Failure) 2017-06-30T00:44:23.903+0200: 2,916: [ParNew
Desired survivor size 20112992 bytes, new threshold 8 (max 8)
- age   1:    2297688 bytes,    2297688 total
- age   2:    1629760 bytes,    3927448 total
- age   3:    5826944 bytes,    9754392 total
: 101639K->12588K(109248K), 0,0089647 secs] 101639K->12588K(502464K), 0,0090386 secs] [Times: user=0,03 sys=0,00, real=0,01 secs] 
Heap after GC invocations=3 (full 0):
 par new generation   total 109248K, used 12588K [0x00000000e0000000, 0x00000000e8000000, 0x00000000e8000000)
  eden space 87424K,   0% used [0x00000000e0000000, 0x00000000e0000000, 0x00000000e5560000)
  from space 21824K,  57% used [0x00000000e6ab0000, 0x00000000e76fb078, 0x00000000e8000000)
  to   space 21824K,   0% used [0x00000000e5560000, 0x00000000e5560000, 0x00000000e6ab0000)
 concurrent mark-sweep generation total 393216K, used 0K [0x00000000e8000000, 0x0000000100000000, 0x0000000100000000)
 Metaspace       used 21009K, capacity 21352K, committed 21628K, reserved 1069056K
  class space    used 2418K, capacity 2590K, committed 2684K, reserved 1048576K
}
2017-06-30T00:44:23.913+0200: 2,925: Total time for which application threads were stopped: 0,0112479 seconds, Stopping threads took: 0,0020777 seconds
2017-06-30T00:44:23.913+0200: 2,925: [GC (CMS Initial Mark) [1 CMS-initial-mark: 0K(393216K)] 13988K(502464K), 0,0028701 secs] [Times: user=0,01 sys=0,00, real=0,00 secs] 
2017-06-30T00:44:23.916+0200: 2,928: Total time for which application threads were stopped: 0,0029811 seconds, Stopping threads took: 0,0000390 seconds
2017-06-30T00:44:23.916+0200: 2,928: [CMS-concurrent-mark-start]
2017-06-30T00:44:23.916+0200: 2,929: [CMS-concurrent-mark: 0,001/0,001 secs] [Times: user=0,00 sys=0,00, real=0,00 secs] 
2017-06-30T00:44:23.916+0200: 2,929: [CMS-concurrent-preclean-start]
2017-06-30T00:44:23.918+0200: 2,930: [CMS-concurrent-preclean: 0,001/0,001 secs] [Times: user=0,01 sys=0,00, real=0,00 secs] 
2017-06-30T00:44:23.918+0200: 2,930: [GC (CMS Final Remark) [YG occupancy: 13988 K (109248 K)]{Heap before GC invocations=3 (full 1):
 par new generation   total 109248K, used 13988K [0x00000000e0000000, 0x00000000e8000000, 0x00000000e8000000)
  eden space 87424K,   1% used [0x00000000e0000000, 0x00000000e015e298, 0x00000000e5560000)
  from space 21824K,  57% used [0x00000000e6ab0000, 0x00000000e76fb078, 0x00000000e8000000)
  to   space 21824K,   0% used [0x00000000e5560000, 0x00000000e5560000, 0x00000000e6ab0000)
 concurrent mark-sweep generation total 393216K, used 0K [0x00000000e8000000, 0x0000000100000000, 0x0000000100000000)
 Metaspace       used 21009K, capacity 21352K, committed 21628K, reserved 1069056K
  class space    used 2418K, capacity 2590K, committed 2684K, reserved 1048576K
2017-06-30T00:44:23.918+0200: 2,930: [GC (CMS Final Remark) 2017-06-30T00:44:23.918+0200: 2,930: [ParNew
Desired survivor size 20112992 bytes, new threshold 8 (max 8)
- age   1:      53200 bytes,      53200 total
- age   2:    2297664 bytes,    2350864 total
- age   3:    1629760 bytes,    3980624 total
- age   4:    5826880 bytes,    9807504 total
: 13988K->11184K(109248K), 0,0122269 secs] 13988K->11184K(502464K), 0,0122671 secs] [Times: user=0,03 sys=0,00, real=0,02 secs] 
Heap after GC invocations=4 (full 1):
 par new generation   total 109248K, used 11184K [0x00000000e0000000, 0x00000000e8000000, 0x00000000e8000000)
  eden space 87424K,   0% used [0x00000000e0000000, 0x00000000e0000000, 0x00000000e5560000)
  from space 21824K,  51% used [0x00000000e5560000, 0x00000000e604c150, 0x00000000e6ab0000)
  to   space 21824K,   0% used [0x00000000e6ab0000, 0x00000000e6ab0000, 0x00000000e8000000)
 concurrent mark-sweep generation total 393216K, used 0K [0x00000000e8000000, 0x0000000100000000, 0x0000000100000000)
 Metaspace       used 21009K, capacity 21352K, committed 21628K, reserved 1069056K
  class space    used 2418K, capacity 2590K, committed 2684K, reserved 1048576K
}
2017-06-30T00:44:23.930+0200: 2,942: [Rescan (parallel) , 0,0032491 secs]2017-06-30T00:44:23.933+0200: 2,946: [weak refs processing, 0,0013166 secs]2017-06-30T00:44:23.935+0200: 2,947: [class unloading, 0,0028515 secs]2017-06-30T00:44:23.938+0200: 2,950: [scrub symbol table, 0,0026806 secs]2017-06-30T00:44:23.940+0200: 2,953: [scrub string table, 0,0003990 secs][1 CMS-remark: 0K(393216K)] 11184K(502464K), 0,0233942 secs] [Times: user=0,05 sys=0,00, real=0,02 secs] 
2017-06-30T00:44:23.941+0200: 2,954: Total time for which application threads were stopped: 0,0235298 seconds, Stopping threads took: 0,0000464 seconds
2017-06-30T00:44:23.942+0200: 2,954: [CMS-concurrent-sweep-start]
2017-06-30T00:44:23.942+0200: 2,954: [CMS-concurrent-sweep: 0,000/0,000 secs] [Times: user=0,00 sys=0,00, real=0,00 secs] 
2017-06-30T00:44:23.942+0200: 2,954: [CMS-concurrent-reset-start]
2017-06-30T00:44:23.943+0200: 2,956: [CMS-concurrent-reset: 0,002/0,002 secs] [Times: user=0,01 sys=0,00, real=0,00 secs] 
{Heap before GC invocations=4 (full 1):
 par new generation   total 109248K, used 98608K [0x00000000e0000000, 0x00000000e8000000, 0x00000000e8000000)
  eden space 87424K, 100% used [0x00000000e0000000, 0x00000000e5560000, 0x00000000e5560000)
  from space 21824K,  51% used [0x00000000e5560000, 0x00000000e604c150, 0x00000000e6ab0000)
  to   space 21824K,   0% used [0x00000000e6ab0000, 0x00000000e6ab0000, 0x00000000e8000000)
 concurrent mark-sweep generation total 393216K, used 0K [0x00000000e8000000, 0x0000000100000000, 0x0000000100000000)
 Metaspace       used 21237K, capacity 21622K, committed 21884K, reserved 1069056K
  class space    used 2446K, capacity 2604K, committed 2684K, reserved 1048576K
2017-06-30T00:44:24.058+0200: 3,071: [GC (Allocation Failure) 2017-06-30T00:44:24.058+0200: 3,071: [ParNew
Desired survivor size 20112992 bytes, new threshold 8 (max 8)
- age   1:    1384128 bytes,    1384128 total
- age   3:    1508200 bytes,    2892328 total
- age   4:    1595000 bytes,    4487328 total
- age   5:    5826848 bytes,   10314176 total
: 98608K->14745K(109248K), 0,0122235 secs] 98608K->14745K(502464K), 0,0122912 secs] [Times: user=0,04 sys=0,00, real=0,02 secs] 
Heap after GC invocations=5 (full 1):
 par new generation   total 109248K, used 14745K [0x00000000e0000000, 0x00000000e8000000, 0x00000000e8000000)
  eden space 87424K,   0% used [0x00000000e0000000, 0x00000000e0000000, 0x00000000e5560000)
  from space 21824K,  67% used [0x00000000e6ab0000, 0x00000000e7916558, 0x00000000e8000000)
  to   space 21824K,   0% used [0x00000000e5560000, 0x00000000e5560000, 0x00000000e6ab0000)
 concurrent mark-sweep generation total 393216K, used 0K [0x00000000e8000000, 0x0000000100000000, 0x0000000100000000)
 Metaspace       used 21237K, capacity 21622K, committed 21884K, reserved 1069056K
  class space    used 2446K, capacity 2604K, committed 2684K, reserved 1048576K
}
2017-06-30T00:44:24.071+0200: 3,083: Total time for which application threads were stopped: 0,0125062 seconds, Stopping threads took: 0,0000787 seconds
{Heap before GC invocations=5 (full 1):
 par new generation   total 109248K, used 102169K [0x00000000e0000000, 0x00000000e8000000, 0x00000000e8000000)
  eden space 87424K, 100% used [0x00000000e0000000, 0x00000000e5560000, 0x00000000e5560000)
  from space 21824K,  67% used [0x00000000e6ab0000, 0x00000000e7916558, 0x00000000e8000000)
  to   space 21824K,   0% used [0x00000000e5560000, 0x00000000e5560000, 0x00000000e6ab0000)
 concurrent mark-sweep generation total 393216K, used 0K [0x00000000e8000000, 0x0000000100000000, 0x0000000100000000)
 Metaspace       used 21402K, capacity 21788K, committed 21884K, reserved 1069056K
  class space    used 2467K, capacity 2637K, committed 2684K, reserved 1048576K
2017-06-30T00:44:24.160+0200: 3,173: [GC (Allocation Failure) 2017-06-30T00:44:24.160+0200: 3,173: [ParNew
Desired survivor size 20112992 bytes, new threshold 8 (max 8)
- age   1:     932400 bytes,     932400 total
- age   2:     176272 bytes,    1108672 total
- age   4:    1508024 bytes,    2616696 total
- age   5:    1593000 bytes,    4209696 total
- age   6:    5826976 bytes,   10036672 total
: 102169K->11767K(109248K), 0,0124725 secs] 102169K->11767K(502464K), 0,0125611 secs] [Times: user=0,03 sys=0,00, real=0,02 secs] 
Heap after GC invocations=6 (full 1):
 par new generation   total 109248K, used 11767K [0x00000000e0000000, 0x00000000e8000000, 0x00000000e8000000)
  eden space 87424K,   0% used [0x00000000e0000000, 0x00000000e0000000, 0x00000000e5560000)
  from space 21824K,  53% used [0x00000000e5560000, 0x00000000e60ddd00, 0x00000000e6ab0000)
  to   space 21824K,   0% used [0x00000000e6ab0000, 0x00000000e6ab0000, 0x00000000e8000000)
 concurrent mark-sweep generation total 393216K, used 0K [0x00000000e8000000, 0x0000000100000000, 0x0000000100000000)
 Metaspace       used 21402K, capacity 21788K, committed 21884K, reserved 1069056K
  class space    used 2467K, capacity 2637K, committed 2684K, reserved 1048576K
}
2017-06-30T00:44:24.173+0200: 3,185: Total time for which application threads were stopped: 0,0128089 seconds, Stopping threads took: 0,0000694 seconds
2017-06-30T00:44:24.220+0200: 3,232: Total time for which application threads were stopped: 0,0004978 seconds, Stopping threads took: 0,0000253 seconds
2017-06-30T00:44:24.442+0200: 3,454: Total time for which application threads were stopped: 0,0007917 seconds, Stopping threads took: 0,0004221 seconds
2017-06-30T00:44:24.509+0200: 3,521: Total time for which application threads were stopped: 0,0005805 seconds, Stopping threads took: 0,0000584 seconds
2017-06-30T00:44:24.526+0200: 3,539: Total time for which application threads were stopped: 0,0003700 seconds, Stopping threads took: 0,0000268 seconds
{Heap before GC invocations=6 (full 1):
 par new generation   total 109248K, used 99191K [0x00000000e0000000, 0x00000000e8000000, 0x00000000e8000000)
  eden space 87424K, 100% used [0x00000000e0000000, 0x00000000e5560000, 0x00000000e5560000)
  from space 21824K,  53% used [0x00000000e5560000, 0x00000000e60ddd00, 0x00000000e6ab0000)
  to   space 21824K,   0% used [0x00000000e6ab0000, 0x00000000e6ab0000, 0x00000000e8000000)
 concurrent mark-sweep generation total 393216K, used 0K [0x00000000e8000000, 0x0000000100000000, 0x0000000100000000)
 Metaspace       used 23790K, capacity 24290K, committed 24572K, reserved 1071104K
  class space    used 2792K, capacity 2980K, committed 3068K, reserved 1048576K
2017-06-30T00:44:24.676+0200: 3,688: [GC (Allocation Failure) 2017-06-30T00:44:24.676+0200: 3,688: [ParNew
Desired survivor size 20112992 bytes, new threshold 8 (max 8)
- age   1:    5186016 bytes,    5186016 total
- age   2:     108496 bytes,    5294512 total
- age   3:     174776 bytes,    5469288 total
- age   5:     338304 bytes,    5807592 total
- age   6:    1568624 bytes,    7376216 total
- age   7:    5818672 bytes,   13194888 total
: 99191K->17643K(109248K), 0,0127355 secs] 99191K->17643K(502464K), 0,0128174 secs] [Times: user=0,05 sys=0,00, real=0,01 secs] 
Heap after GC invocations=7 (full 1):
 par new generation   total 109248K, used 17643K [0x00000000e0000000, 0x00000000e8000000, 0x00000000e8000000)
  eden space 87424K,   0% used [0x00000000e0000000, 0x00000000e0000000, 0x00000000e5560000)
  from space 21824K,  80% used [0x00000000e6ab0000, 0x00000000e7beaf00, 0x00000000e8000000)
  to   space 21824K,   0% used [0x00000000e5560000, 0x00000000e5560000, 0x00000000e6ab0000)
 concurrent mark-sweep generation total 393216K, used 0K [0x00000000e8000000, 0x0000000100000000, 0x0000000100000000)
 Metaspace       used 23790K, capacity 24290K, committed 24572K, reserved 1071104K
  class space    used 2792K, capacity 2980K, committed 3068K, reserved 1048576K
}
2017-06-30T00:44:24.689+0200: 3,701: Total time for which application threads were stopped: 0,0132767 seconds, Stopping threads took: 0,0001832 seconds
{Heap before GC invocations=7 (full 1):
 par new generation   total 109248K, used 105067K [0x00000000e0000000, 0x00000000e8000000, 0x00000000e8000000)
  eden space 87424K, 100% used [0x00000000e0000000, 0x00000000e5560000, 0x00000000e5560000)
  from space 21824K,  80% used [0x00000000e6ab0000, 0x00000000e7beaf00, 0x00000000e8000000)
  to   space 21824K,   0% used [0x00000000e5560000, 0x00000000e5560000, 0x00000000e6ab0000)
 concurrent mark-sweep generation total 393216K, used 0K [0x00000000e8000000, 0x0000000100000000, 0x0000000100000000)
 Metaspace       used 24692K, capacity 25096K, committed 25468K, reserved 1071104K
  class space    used 2886K, capacity 3077K, committed 3196K, reserved 1048576K
2017-06-30T00:44:24.846+0200: 3,858: [GC (Allocation Failure) 2017-06-30T00:44:24.846+0200: 3,858: [ParNew
Desired survivor size 20112992 bytes, new threshold 8 (max 8)
- age   1:    2072536 bytes,    2072536 total
- age   2:    1762768 bytes,    3835304 total
- age   3:      62112 bytes,    3897416 total
- age   4:      95776 bytes,    3993192 total
- age   6:     201096 bytes,    4194288 total
- age   7:    1127632 bytes,    5321920 total
- age   8:    5722360 bytes,   11044280 total
: 105067K->14075K(109248K), 0,0126406 secs] 105067K->14075K(502464K), 0,0127180 secs] [Times: user=0,04 sys=0,00, real=0,01 secs] 
Heap after GC invocations=8 (full 1):
 par new generation   total 109248K, used 14075K [0x00000000e0000000, 0x00000000e8000000, 0x00000000e8000000)
  eden space 87424K,   0% used [0x00000000e0000000, 0x00000000e0000000, 0x00000000e5560000)
  from space 21824K,  64% used [0x00000000e5560000, 0x00000000e631ec80, 0x00000000e6ab0000)
  to   space 21824K,   0% used [0x00000000e6ab0000, 0x00000000e6ab0000, 0x00000000e8000000)
 concurrent mark-sweep generation total 393216K, used 0K [0x00000000e8000000, 0x0000000100000000, 0x0000000100000000)
 Metaspace       used 24692K, capacity 25096K, committed 25468K, reserved 1071104K
  class space    used 2886K, capacity 3077K, committed 3196K, reserved 1048576K
}
2017-06-30T00:44:24.858+0200: 3,871: Total time for which application threads were stopped: 0,0162704 seconds, Stopping threads took: 0,0033634 seconds
{Heap before GC invocations=8 (full 1):
 par new generation   total 109248K, used 101499K [0x00000000e0000000, 0x00000000e8000000, 0x00000000e8000000)
  eden space 87424K, 100% used [0x00000000e0000000, 0x00000000e5560000, 0x00000000e5560000)
  from space 21824K,  64% used [0x00000000e5560000, 0x00000000e631ec80, 0x00000000e6ab0000)
  to   space 21824K,   0% used [0x00000000e6ab0000, 0x00000000e6ab0000, 0x00000000e8000000)
 concurrent mark-sweep generation total 393216K, used 0K [0x00000000e8000000, 0x0000000100000000, 0x0000000100000000)
 Metaspace       used 24869K, capacity 25314K, committed 25468K, reserved 1071104K
  class space    used 2900K, capacity 3082K, committed 3196K, reserved 1048576K
2017-06-30T00:44:24.955+0200: 3,968: [GC (Allocation Failure) 2017-06-30T00:44:24.955+0200: 3,968: [ParNew
Desired survivor size 20112992 bytes, new threshold 8 (max 8)
- age   1:     676672 bytes,     676672 total
- age   2:    1102560 bytes,    1779232 total
- age   3:    1735664 bytes,    3514896 total
- age   4:      59664 bytes,    3574560 total
- age   5:      95544 bytes,    3670104 total
- age   7:     200632 bytes,    3870736 total
- age   8:    1126864 bytes,    4997600 total
: 101499K->5803K(109248K), 0,0414359 secs] 101499K->11473K(502464K), 0,0415325 secs] [Times: user=0,11 sys=0,00, real=0,04 secs] 
Heap after GC invocations=9 (full 1):
 par new generation   total 109248K, used 5803K [0x00000000e0000000, 0x00000000e8000000, 0x00000000e8000000)
  eden space 87424K,   0% used [0x00000000e0000000, 0x00000000e0000000, 0x00000000e5560000)
  from space 21824K,  26% used [0x00000000e6ab0000, 0x00000000e705afa0, 0x00000000e8000000)
  to   space 21824K,   0% used [0x00000000e5560000, 0x00000000e5560000, 0x00000000e6ab0000)
 concurrent mark-sweep generation total 393216K, used 5669K [0x00000000e8000000, 0x0000000100000000, 0x0000000100000000)
 Metaspace       used 24869K, capacity 25314K, committed 25468K, reserved 1071104K
  class space    used 2900K, capacity 3082K, committed 3196K, reserved 1048576K
}
2017-06-30T00:44:24.997+0200: 4,009: Total time for which application threads were stopped: 0,0417685 seconds, Stopping threads took: 0,0000445 seconds
2017-06-30T00:44:25.052+0200: 4,065: Total time for which application threads were stopped: 0,0062997 seconds, Stopping threads took: 0,0060285 seconds
2017-06-30T00:44:25.148+0200: 4,160: Total time for which application threads were stopped: 0,0002360 seconds, Stopping threads took: 0,0001014 seconds
2017-06-30T00:44:25.151+0200: 4,163: Total time for which application threads were stopped: 0,0001232 seconds, Stopping threads took: 0,0000469 seconds
2017-06-30T00:44:25.153+0200: 4,165: Total time for which application threads were stopped: 0,0015238 seconds, Stopping threads took: 0,0014276 seconds
2017-06-30T00:44:25.154+0200: 4,166: Total time for which application threads were stopped: 0,0005995 seconds, Stopping threads took: 0,0005254 seconds
2017-06-30T00:44:25.154+0200: 4,166: Total time for which application threads were stopped: 0,0000833 seconds, Stopping threads took: 0,0000301 seconds
2017-06-30T00:44:25.154+0200: 4,166: Total time for which application threads were stopped: 0,0000426 seconds, Stopping threads took: 0,0000059 seconds
2017-06-30T00:44:25.154+0200: 4,166: Total time for which application threads were stopped: 0,0000763 seconds, Stopping threads took: 0,0000154 seconds
2017-06-30T00:44:25.154+0200: 4,167: Total time for which application threads were stopped: 0,0000600 seconds, Stopping threads took: 0,0000096 seconds
2017-06-30T00:44:25.154+0200: 4,167: Total time for which application threads were stopped: 0,0000456 seconds, Stopping threads took: 0,0000068 seconds
2017-06-30T00:44:25.155+0200: 4,167: Total time for which application threads were stopped: 0,0000636 seconds, Stopping threads took: 0,0000111 seconds
2017-06-30T00:44:25.155+0200: 4,167: Total time for which application threads were stopped: 0,0000558 seconds, Stopping threads took: 0,0000115 seconds
2017-06-30T00:44:25.155+0200: 4,167: Total time for which application threads were stopped: 0,0000611 seconds, Stopping threads took: 0,0000099 seconds
2017-06-30T00:44:25.155+0200: 4,167: Total time for which application threads were stopped: 0,0000539 seconds, Stopping threads took: 0,0000090 seconds
2017-06-30T00:44:25.158+0200: 4,171: Total time for which application threads were stopped: 0,0001163 seconds, Stopping threads took: 0,0000397 seconds
2017-06-30T00:44:25.158+0200: 4,171: Total time for which application threads were stopped: 0,0000580 seconds, Stopping threads took: 0,0000097 seconds
2017-06-30T00:44:25.158+0200: 4,171: Total time for which application threads were stopped: 0,0000593 seconds, Stopping threads took: 0,0000100 seconds
2017-06-30T00:44:25.159+0200: 4,171: Total time for which application threads were stopped: 0,0000527 seconds, Stopping threads took: 0,0000089 seconds
2017-06-30T00:44:25.159+0200: 4,171: Total time for which application threads were stopped: 0,0000527 seconds, Stopping threads took: 0,0000094 seconds
2017-06-30T00:44:25.160+0200: 4,172: Total time for which application threads were stopped: 0,0000944 seconds, Stopping threads took: 0,0000185 seconds
2017-06-30T00:44:25.160+0200: 4,172: Total time for which application threads were stopped: 0,0000634 seconds, Stopping threads took: 0,0000138 seconds
2017-06-30T00:44:25.160+0200: 4,172: Total time for which application threads were stopped: 0,0000547 seconds, Stopping threads took: 0,0000097 seconds
2017-06-30T00:44:25.160+0200: 4,173: Total time for which application threads were stopped: 0,0001540 seconds, Stopping threads took: 0,0000099 seconds
2017-06-30T00:44:25.165+0200: 4,177: Total time for which application threads were stopped: 0,0008411 seconds, Stopping threads took: 0,0007602 seconds
2017-06-30T00:44:25.170+0200: 4,182: Total time for which application threads were stopped: 0,0017802 seconds, Stopping threads took: 0,0016822 seconds
2017-06-30T00:44:25.171+0200: 4,183: Total time for which application threads were stopped: 0,0002543 seconds, Stopping threads took: 0,0001567 seconds
2017-06-30T00:44:25.177+0200: 4,189: Total time for which application threads were stopped: 0,0002904 seconds, Stopping threads took: 0,0001850 seconds
2017-06-30T00:44:25.177+0200: 4,189: Total time for which application threads were stopped: 0,0001188 seconds, Stopping threads took: 0,0000697 seconds
2017-06-30T00:44:25.177+0200: 4,190: Total time for which application threads were stopped: 0,0000939 seconds, Stopping threads took: 0,0000285 seconds
2017-06-30T00:44:25.182+0200: 4,195: Total time for which application threads were stopped: 0,0001846 seconds, Stopping threads took: 0,0000445 seconds
2017-06-30T00:44:25.186+0200: 4,198: Total time for which application threads were stopped: 0,0001582 seconds, Stopping threads took: 0,0000428 seconds
2017-06-30T00:44:25.186+0200: 4,199: Total time for which application threads were stopped: 0,0001822 seconds, Stopping threads took: 0,0001121 seconds
2017-06-30T00:44:25.186+0200: 4,199: Total time for which application threads were stopped: 0,0001031 seconds, Stopping threads took: 0,0000397 seconds
2017-06-30T00:44:25.194+0200: 4,206: Total time for which application threads were stopped: 0,0013870 seconds, Stopping threads took: 0,0013031 seconds
2017-06-30T00:44:25.194+0200: 4,206: Total time for which application threads were stopped: 0,0000570 seconds, Stopping threads took: 0,0000140 seconds
2017-06-30T00:44:25.194+0200: 4,206: Total time for which application threads were stopped: 0,0000672 seconds, Stopping threads took: 0,0000180 seconds
2017-06-30T00:44:25.194+0200: 4,207: Total time for which application threads were stopped: 0,0000606 seconds, Stopping threads took: 0,0000102 seconds
2017-06-30T00:44:25.194+0200: 4,207: Total time for which application threads were stopped: 0,0000546 seconds, Stopping threads took: 0,0000140 seconds
2017-06-30T00:44:25.194+0200: 4,207: Total time for which application threads were stopped: 0,0000580 seconds, Stopping threads took: 0,0000135 seconds
2017-06-30T00:44:25.194+0200: 4,207: Total time for which application threads were stopped: 0,0000707 seconds, Stopping threads took: 0,0000286 seconds
2017-06-30T00:44:25.195+0200: 4,207: Total time for which application threads were stopped: 0,0000536 seconds, Stopping threads took: 0,0000103 seconds
2017-06-30T00:44:25.195+0200: 4,208: Total time for which application threads were stopped: 0,0005150 seconds, Stopping threads took: 0,0004605 seconds
2017-06-30T00:44:25.195+0200: 4,208: Total time for which application threads were stopped: 0,0000700 seconds, Stopping threads took: 0,0000293 seconds
2017-06-30T00:44:25.196+0200: 4,208: Total time for which application threads were stopped: 0,0005885 seconds, Stopping threads took: 0,0005467 seconds
2017-06-30T00:44:25.196+0200: 4,209: Total time for which application threads were stopped: 0,0001273 seconds, Stopping threads took: 0,0000241 seconds
2017-06-30T00:44:25.197+0200: 4,210: Total time for which application threads were stopped: 0,0001084 seconds, Stopping threads took: 0,0000413 seconds
2017-06-30T00:44:25.199+0200: 4,211: Total time for which application threads were stopped: 0,0011795 seconds, Stopping threads took: 0,0011065 seconds
2017-06-30T00:44:25.199+0200: 4,212: Total time for which application threads were stopped: 0,0001173 seconds, Stopping threads took: 0,0000464 seconds
2017-06-30T00:44:25.217+0200: 4,229: Total time for which application threads were stopped: 0,0001278 seconds, Stopping threads took: 0,0000387 seconds
2017-06-30T00:44:25.241+0200: 4,253: Total time for which application threads were stopped: 0,0001331 seconds, Stopping threads took: 0,0000527 seconds
2017-06-30T00:44:25.289+0200: 4,302: Total time for which application threads were stopped: 0,0004091 seconds, Stopping threads took: 0,0000288 seconds
2017-06-30T00:44:25.303+0200: 4,315: Total time for which application threads were stopped: 0,0003728 seconds, Stopping threads took: 0,0000194 seconds
2017-06-30T00:44:25.415+0200: 4,428: Total time for which application threads were stopped: 0,0004769 seconds, Stopping threads took: 0,0000356 seconds
2017-06-30T00:44:25.429+0200: 4,441: Total time for which application threads were stopped: 0,0001261 seconds, Stopping threads took: 0,0000362 seconds
2017-06-30T00:44:25.433+0200: 4,445: Total time for which application threads were stopped: 0,0001331 seconds, Stopping threads took: 0,0000329 seconds
2017-06-30T00:44:25.447+0200: 4,459: Total time for which application threads were stopped: 0,0001125 seconds, Stopping threads took: 0,0000356 seconds
2017-06-30T00:44:25.468+0200: 4,481: Total time for which application threads were stopped: 0,0004318 seconds, Stopping threads took: 0,0003418 seconds
2017-06-30T00:44:25.469+0200: 4,482: Total time for which application threads were stopped: 0,0002021 seconds, Stopping threads took: 0,0000730 seconds
2017-06-30T00:44:25.470+0200: 4,482: Total time for which application threads were stopped: 0,0002494 seconds, Stopping threads took: 0,0001813 seconds
2017-06-30T00:44:25.472+0200: 4,485: Total time for which application threads were stopped: 0,0001707 seconds, Stopping threads took: 0,0000566 seconds
2017-06-30T00:44:25.475+0200: 4,487: Total time for which application threads were stopped: 0,0001426 seconds, Stopping threads took: 0,0000427 seconds
2017-06-30T00:44:25.481+0200: 4,493: Total time for which application threads were stopped: 0,0000815 seconds, Stopping threads took: 0,0000172 seconds
2017-06-30T00:44:25.485+0200: 4,497: Total time for which application threads were stopped: 0,0001304 seconds, Stopping threads took: 0,0000364 seconds
2017-06-30T00:44:25.491+0200: 4,504: Total time for which application threads were stopped: 0,0003110 seconds, Stopping threads took: 0,0002413 seconds
2017-06-30T00:44:25.494+0200: 4,507: Total time for which application threads were stopped: 0,0001057 seconds, Stopping threads took: 0,0000203 seconds
2017-06-30T00:44:25.526+0200: 4,538: Total time for which application threads were stopped: 0,0024275 seconds, Stopping threads took: 0,0023588 seconds
2017-06-30T00:44:25.528+0200: 4,540: Total time for which application threads were stopped: 0,0000886 seconds, Stopping threads took: 0,0000353 seconds
2017-06-30T00:44:25.540+0200: 4,553: Total time for which application threads were stopped: 0,0001232 seconds, Stopping threads took: 0,0000342 seconds
2017-06-30T00:44:25.554+0200: 4,566: Total time for which application threads were stopped: 0,0004911 seconds, Stopping threads took: 0,0000357 seconds
2017-06-30T00:44:25.554+0200: 4,566: Total time for which application threads were stopped: 0,0001739 seconds, Stopping threads took: 0,0000959 seconds
2017-06-30T00:44:25.562+0200: 4,575: Total time for which application threads were stopped: 0,0001440 seconds, Stopping threads took: 0,0000374 seconds
2017-06-30T00:44:25.594+0200: 4,607: Total time for which application threads were stopped: 0,0001019 seconds, Stopping threads took: 0,0000167 seconds
2017-06-30T00:44:25.595+0200: 4,607: Total time for which application threads were stopped: 0,0000259 seconds, Stopping threads took: 0,0000057 seconds
2017-06-30T00:44:25.595+0200: 4,607: Total time for which application threads were stopped: 0,0000274 seconds, Stopping threads took: 0,0000057 seconds
{Heap before GC invocations=9 (full 1):
 par new generation   total 109248K, used 93227K [0x00000000e0000000, 0x00000000e8000000, 0x00000000e8000000)
  eden space 87424K, 100% used [0x00000000e0000000, 0x00000000e5560000, 0x00000000e5560000)
  from space 21824K,  26% used [0x00000000e6ab0000, 0x00000000e705afa0, 0x00000000e8000000)
  to   space 21824K,   0% used [0x00000000e5560000, 0x00000000e5560000, 0x00000000e6ab0000)
 concurrent mark-sweep generation total 393216K, used 5669K [0x00000000e8000000, 0x0000000100000000, 0x0000000100000000)
 Metaspace       used 27994K, capacity 28546K, committed 28796K, reserved 1075200K
  class space    used 3212K, capacity 3388K, committed 3452K, reserved 1048576K
2017-06-30T00:44:32.135+0200: 11,147: [GC (Allocation Failure) 2017-06-30T00:44:32.135+0200: 11,147: [ParNew
Desired survivor size 20112992 bytes, new threshold 8 (max 8)
- age   1:   10897160 bytes,   10897160 total
- age   2:     173680 bytes,   11070840 total
- age   3:     318432 bytes,   11389272 total
- age   4:    1730856 bytes,   13120128 total
- age   5:      59664 bytes,   13179792 total
- age   6:      95416 bytes,   13275208 total
- age   8:     200536 bytes,   13475744 total
: 93227K->14954K(109248K), 0,0220158 secs] 98897K->21849K(502464K), 0,0220853 secs] [Times: user=0,04 sys=0,00, real=0,02 secs] 
Heap after GC invocations=10 (full 1):
 par new generation   total 109248K, used 14954K [0x00000000e0000000, 0x00000000e8000000, 0x00000000e8000000)
  eden space 87424K,   0% used [0x00000000e0000000, 0x00000000e0000000, 0x00000000e5560000)
  from space 21824K,  68% used [0x00000000e5560000, 0x00000000e63fa9d0, 0x00000000e6ab0000)
  to   space 21824K,   0% used [0x00000000e6ab0000, 0x00000000e6ab0000, 0x00000000e8000000)
 concurrent mark-sweep generation total 393216K, used 6895K [0x00000000e8000000, 0x0000000100000000, 0x0000000100000000)
 Metaspace       used 27994K, capacity 28546K, committed 28796K, reserved 1075200K
  class space    used 3212K, capacity 3388K, committed 3452K, reserved 1048576K
}
2017-06-30T00:44:32.157+0200: 11,170: Total time for which application threads were stopped: 0,0222847 seconds, Stopping threads took: 0,0000206 seconds
2017-06-30T00:44:32.158+0200: 11,170: Total time for which application threads were stopped: 0,0000990 seconds, Stopping threads took: 0,0000254 seconds
2017-06-30T00:44:32.159+0200: 11,171: Total time for which application threads were stopped: 0,0005186 seconds, Stopping threads took: 0,0004661 seconds
2017-06-30T00:46:19.489+0200: 117,185: Total time for which application threads were stopped: 0,0004664 seconds, Stopping threads took: 0,0001784 seconds
2017-06-30T00:46:24.490+0200: 122,185: Total time for which application threads were stopped: 0,0000870 seconds, Stopping threads took: 0,0000340 seconds
2017-06-30T01:07:48.638+0200: 1406,334: Total time for which application threads were stopped: 0,0001584 seconds, Stopping threads took: 0,0000566 seconds
2017-06-30T01:12:38.678+0200: 1696,373: Total time for which application threads were stopped: 0,0001137 seconds, Stopping threads took: 0,0000381 seconds
2017-06-30T01:22:23.436+0200: 2281,132: Total time for which application threads were stopped: 0,0000945 seconds, Stopping threads took: 0,0000164 seconds
2017-06-30T01:22:23.437+0200: 2281,132: Total time for which application threads were stopped: 0,0000925 seconds, Stopping threads took: 0,0000224 seconds
2017-06-30T01:22:23.438+0200: 2281,133: Total time for which application threads were stopped: 0,0000918 seconds, Stopping threads took: 0,0000239 seconds
2017-06-30T01:22:23.438+0200: 2281,133: Total time for which application threads were stopped: 0,0000511 seconds, Stopping threads took: 0,0000129 seconds
2017-06-30T01:22:23.438+0200: 2281,133: Total time for which application threads were stopped: 0,0000634 seconds, Stopping threads took: 0,0000161 seconds
2017-06-30T01:22:23.438+0200: 2281,134: Total time for which application threads were stopped: 0,0000587 seconds, Stopping threads took: 0,0000149 seconds
2017-06-30T01:22:23.438+0200: 2281,134: Total time for which application threads were stopped: 0,0000441 seconds, Stopping threads took: 0,0000120 seconds
2017-06-30T01:22:23.438+0200: 2281,134: Total time for which application threads were stopped: 0,0000426 seconds, Stopping threads took: 0,0000114 seconds
2017-06-30T01:22:23.438+0200: 2281,134: Total time for which application threads were stopped: 0,0000456 seconds, Stopping threads took: 0,0000116 seconds
2017-06-30T01:22:23.438+0200: 2281,134: Total time for which application threads were stopped: 0,0000418 seconds, Stopping threads took: 0,0000117 seconds
2017-06-30T01:22:23.439+0200: 2281,134: Total time for which application threads were stopped: 0,0000526 seconds, Stopping threads took: 0,0000148 seconds
2017-06-30T01:22:23.439+0200: 2281,134: Total time for which application threads were stopped: 0,0000469 seconds, Stopping threads took: 0,0000151 seconds
2017-06-30T01:22:23.439+0200: 2281,134: Total time for which application threads were stopped: 0,0000454 seconds, Stopping threads took: 0,0000116 seconds
2017-06-30T01:22:23.439+0200: 2281,134: Total time for which application threads were stopped: 0,0000397 seconds, Stopping threads took: 0,0000110 seconds
2017-06-30T01:22:23.439+0200: 2281,134: Total time for which application threads were stopped: 0,0000398 seconds, Stopping threads took: 0,0000104 seconds
2017-06-30T01:22:23.439+0200: 2281,135: Total time for which application threads were stopped: 0,0000465 seconds, Stopping threads took: 0,0000138 seconds
2017-06-30T01:22:23.439+0200: 2281,135: Total time for which application threads were stopped: 0,0000420 seconds, Stopping threads took: 0,0000115 seconds
2017-06-30T01:22:23.439+0200: 2281,135: Total time for which application threads were stopped: 0,0000427 seconds, Stopping threads took: 0,0000123 seconds
2017-06-30T01:22:23.454+0200: 2281,149: Total time for which application threads were stopped: 0,0001256 seconds, Stopping threads took: 0,0000526 seconds
2017-06-30T01:22:23.454+0200: 2281,150: Total time for which application threads were stopped: 0,0001199 seconds, Stopping threads took: 0,0000325 seconds
2017-06-30T01:22:23.455+0200: 2281,150: Total time for which application threads were stopped: 0,0000910 seconds, Stopping threads took: 0,0000250 seconds
2017-06-30T01:22:23.457+0200: 2281,152: Total time for which application threads were stopped: 0,0014772 seconds, Stopping threads took: 0,0013875 seconds
2017-06-30T01:22:23.459+0200: 2281,155: Total time for which application threads were stopped: 0,0001128 seconds, Stopping threads took: 0,0000324 seconds
2017-06-30T01:22:23.462+0200: 2281,158: Total time for which application threads were stopped: 0,0022217 seconds, Stopping threads took: 0,0021170 seconds
2017-06-30T01:22:23.463+0200: 2281,158: Total time for which application threads were stopped: 0,0000615 seconds, Stopping threads took: 0,0000189 seconds
2017-06-30T01:22:23.463+0200: 2281,158: Total time for which application threads were stopped: 0,0000741 seconds, Stopping threads took: 0,0000228 seconds
2017-06-30T01:22:23.463+0200: 2281,159: Total time for which application threads were stopped: 0,0000576 seconds, Stopping threads took: 0,0000152 seconds
2017-06-30T01:22:23.463+0200: 2281,159: Total time for which application threads were stopped: 0,0000556 seconds, Stopping threads took: 0,0000209 seconds
2017-06-30T01:22:23.463+0200: 2281,159: Total time for which application threads were stopped: 0,0000457 seconds, Stopping threads took: 0,0000118 seconds
2017-06-30T01:22:23.464+0200: 2281,159: Total time for which application threads were stopped: 0,0000788 seconds, Stopping threads took: 0,0000264 seconds
2017-06-30T01:22:23.465+0200: 2281,160: Total time for which application threads were stopped: 0,0001000 seconds, Stopping threads took: 0,0000419 seconds
2017-06-30T01:22:23.465+0200: 2281,161: Total time for which application threads were stopped: 0,0001039 seconds, Stopping threads took: 0,0000332 seconds
2017-06-30T01:22:23.466+0200: 2281,161: Total time for which application threads were stopped: 0,0000795 seconds, Stopping threads took: 0,0000270 seconds
2017-06-30T01:22:23.466+0200: 2281,161: Total time for which application threads were stopped: 0,0000934 seconds, Stopping threads took: 0,0000417 seconds
2017-06-30T01:22:23.466+0200: 2281,161: Total time for which application threads were stopped: 0,0000694 seconds, Stopping threads took: 0,0000261 seconds
2017-06-30T01:22:23.466+0200: 2281,161: Total time for which application threads were stopped: 0,0000663 seconds, Stopping threads took: 0,0000257 seconds
2017-06-30T01:22:23.468+0200: 2281,163: Total time for which application threads were stopped: 0,0001548 seconds, Stopping threads took: 0,0000875 seconds
2017-06-30T01:22:23.468+0200: 2281,163: Total time for which application threads were stopped: 0,0000793 seconds, Stopping threads took: 0,0000315 seconds
2017-06-30T01:22:23.468+0200: 2281,164: Total time for which application threads were stopped: 0,0000696 seconds, Stopping threads took: 0,0000247 seconds
2017-06-30T01:22:23.470+0200: 2281,166: Total time for which application threads were stopped: 0,0021118 seconds, Stopping threads took: 0,0020422 seconds
2017-06-30T01:22:23.470+0200: 2281,166: Total time for which application threads were stopped: 0,0000932 seconds, Stopping threads took: 0,0000364 seconds
2017-06-30T01:22:23.473+0200: 2281,169: Total time for which application threads were stopped: 0,0000937 seconds, Stopping threads took: 0,0000190 seconds
2017-06-30T01:22:23.473+0200: 2281,169: Total time for which application threads were stopped: 0,0001002 seconds, Stopping threads took: 0,0000359 seconds
2017-06-30T01:22:23.476+0200: 2281,171: Total time for which application threads were stopped: 0,0015780 seconds, Stopping threads took: 0,0014985 seconds
2017-06-30T01:22:23.478+0200: 2281,174: Total time for which application threads were stopped: 0,0001174 seconds, Stopping threads took: 0,0000460 seconds
2017-06-30T01:22:23.481+0200: 2281,177: Total time for which application threads were stopped: 0,0001001 seconds, Stopping threads took: 0,0000307 seconds
2017-06-30T01:22:23.482+0200: 2281,177: Total time for which application threads were stopped: 0,0000819 seconds, Stopping threads took: 0,0000287 seconds
2017-06-30T01:22:23.482+0200: 2281,178: Total time for which application threads were stopped: 0,0000598 seconds, Stopping threads took: 0,0000206 seconds
2017-06-30T01:22:23.482+0200: 2281,178: Total time for which application threads were stopped: 0,0000654 seconds, Stopping threads took: 0,0000187 seconds
2017-06-30T01:22:23.482+0200: 2281,178: Total time for which application threads were stopped: 0,0000557 seconds, Stopping threads took: 0,0000161 seconds
2017-06-30T01:22:23.485+0200: 2281,181: Total time for which application threads were stopped: 0,0001064 seconds, Stopping threads took: 0,0000363 seconds
2017-06-30T01:22:23.486+0200: 2281,181: Total time for which application threads were stopped: 0,0000975 seconds, Stopping threads took: 0,0000293 seconds
2017-06-30T01:22:23.486+0200: 2281,181: Total time for which application threads were stopped: 0,0000637 seconds, Stopping threads took: 0,0000181 seconds
2017-06-30T01:22:23.486+0200: 2281,181: Total time for which application threads were stopped: 0,0000723 seconds, Stopping threads took: 0,0000227 seconds
2017-06-30T01:22:23.486+0200: 2281,181: Total time for which application threads were stopped: 0,0000575 seconds, Stopping threads took: 0,0000175 seconds
2017-06-30T01:22:23.486+0200: 2281,182: Total time for which application threads were stopped: 0,0000686 seconds, Stopping threads took: 0,0000289 seconds
2017-06-30T01:22:23.486+0200: 2281,182: Total time for which application threads were stopped: 0,0000753 seconds, Stopping threads took: 0,0000366 seconds
2017-06-30T01:22:23.487+0200: 2281,182: Total time for which application threads were stopped: 0,0000908 seconds, Stopping threads took: 0,0000341 seconds
2017-06-30T01:22:23.487+0200: 2281,182: Total time for which application threads were stopped: 0,0000641 seconds, Stopping threads took: 0,0000244 seconds
2017-06-30T01:22:23.487+0200: 2281,182: Total time for which application threads were stopped: 0,0000889 seconds, Stopping threads took: 0,0000456 seconds
2017-06-30T01:22:23.488+0200: 2281,183: Total time for which application threads were stopped: 0,0001503 seconds, Stopping threads took: 0,0000955 seconds
2017-06-30T01:22:23.488+0200: 2281,183: Total time for which application threads were stopped: 0,0001040 seconds, Stopping threads took: 0,0000609 seconds
2017-06-30T01:22:23.488+0200: 2281,184: Total time for which application threads were stopped: 0,0000702 seconds, Stopping threads took: 0,0000223 seconds
2017-06-30T01:22:23.489+0200: 2281,185: Total time for which application threads were stopped: 0,0000973 seconds, Stopping threads took: 0,0000348 seconds
2017-06-30T01:22:23.490+0200: 2281,185: Total time for which application threads were stopped: 0,0000817 seconds, Stopping threads took: 0,0000286 seconds
2017-06-30T01:22:23.490+0200: 2281,185: Total time for which application threads were stopped: 0,0001905 seconds, Stopping threads took: 0,0000241 seconds
2017-06-30T01:22:23.491+0200: 2281,186: Total time for which application threads were stopped: 0,0002617 seconds, Stopping threads took: 0,0000286 seconds
2017-06-30T01:22:23.491+0200: 2281,186: Total time for which application threads were stopped: 0,0000720 seconds, Stopping threads took: 0,0000178 seconds
2017-06-30T01:22:23.491+0200: 2281,186: Total time for which application threads were stopped: 0,0001918 seconds, Stopping threads took: 0,0000134 seconds
2017-06-30T01:22:23.495+0200: 2281,190: Total time for which application threads were stopped: 0,0001305 seconds, Stopping threads took: 0,0000311 seconds
2017-06-30T01:22:23.496+0200: 2281,191: Total time for which application threads were stopped: 0,0001451 seconds, Stopping threads took: 0,0000437 seconds
Heap
 par new generation   total 109248K, used 36336K [0x00000000e0000000, 0x00000000e8000000, 0x00000000e8000000)
  eden space 87424K,  24% used [0x00000000e0000000, 0x00000000e14e1888, 0x00000000e5560000)
  from space 21824K,  68% used [0x00000000e5560000, 0x00000000e63fa9d0, 0x00000000e6ab0000)
  to   space 21824K,   0% used [0x00000000e6ab0000, 0x00000000e6ab0000, 0x00000000e8000000)
 concurrent mark-sweep generation total 393216K, used 6895K [0x00000000e8000000, 0x0000000100000000, 0x0000000100000000)
 Metaspace       used 28124K, capacity 28650K, committed 28796K, reserved 1075200K
  class space    used 3226K, capacity 3422K, committed 3452K, reserved 1048576K
