OpenJDK 64-Bit Server VM (25.121-b13) for linux-amd64 JRE (1.8.0_121-8u121-b13-0ubuntu1.16.04.2-b13), built on Jan 23 2017 15:51:29 by "buildd" with gcc 5.4.0 20160609
Memory: 4k page, physical 7867760k(7373708k free), swap 8076284k(8076284k free)
CommandLine flags: -XX:CMSInitiatingOccupancyFraction=50 -XX:CMSMaxAbortablePrecleanTime=6000 -XX:+CMSParallelRemarkEnabled -XX:+CMSScavengeBeforeRemark -XX:ConcGCThreads=4 -XX:InitialHeapSize=536870912 -XX:MaxHeapSize=536870912 -XX:MaxTenuringThreshold=8 -XX:NewRatio=3 -XX:OldPLABSize=16 -XX:OnOutOfMemoryError=/opt/solr/bin/oom_solr.sh 8983 /var/solr/logs -XX:ParallelGCThreads=4 -XX:+ParallelRefProcEnabled -XX:PretenureSizeThreshold=67108864 -XX:+PrintGC -XX:+PrintGCApplicationStoppedTime -XX:+PrintGCDateStamps -XX:+PrintGCDetails -XX:+PrintGCTimeStamps -XX:+PrintHeapAtGC -XX:+PrintTenuringDistribution -XX:SurvivorRatio=4 -XX:TargetSurvivorRatio=90 -XX:ThreadStackSize=256 -XX:+UseCMSInitiatingOccupancyOnly -XX:+UseCompressedClassPointers -XX:+UseCompressedOops -XX:+UseConcMarkSweepGC -XX:+UseParNewGC 
2017-03-15T15:41:29.813+0100: 0,239: Total time for which application threads were stopped: 0,0001088 seconds, Stopping threads took: 0,0000123 seconds
2017-03-15T15:41:30.037+0100: 0,463: Total time for which application threads were stopped: 0,0000935 seconds, Stopping threads took: 0,0000131 seconds
2017-03-15T15:41:30.062+0100: 0,487: Total time for which application threads were stopped: 0,0000967 seconds, Stopping threads took: 0,0000182 seconds
2017-03-15T15:41:30.442+0100: 0,868: Total time for which application threads were stopped: 0,0001563 seconds, Stopping threads took: 0,0000235 seconds
2017-03-15T15:41:30.929+0100: 1,355: Total time for which application threads were stopped: 0,0007211 seconds, Stopping threads took: 0,0000882 seconds
2017-03-15T15:41:31.018+0100: 1,443: Total time for which application threads were stopped: 0,0001725 seconds, Stopping threads took: 0,0000186 seconds
2017-03-15T15:41:31.051+0100: 1,477: Total time for which application threads were stopped: 0,0002128 seconds, Stopping threads took: 0,0000522 seconds
2017-03-15T15:41:31.426+0100: 1,851: Total time for which application threads were stopped: 0,0001634 seconds, Stopping threads took: 0,0000125 seconds
2017-03-15T15:41:31.688+0100: 2,113: Total time for which application threads were stopped: 0,0002052 seconds, Stopping threads took: 0,0000131 seconds
2017-03-15T15:41:31.716+0100: 2,142: Total time for which application threads were stopped: 0,0002015 seconds, Stopping threads took: 0,0000155 seconds
2017-03-15T15:41:31.761+0100: 2,187: Total time for which application threads were stopped: 0,0002220 seconds, Stopping threads took: 0,0000297 seconds
2017-03-15T15:41:31.763+0100: 2,188: Total time for which application threads were stopped: 0,0002099 seconds, Stopping threads took: 0,0000245 seconds
2017-03-15T15:41:31.783+0100: 2,209: Total time for which application threads were stopped: 0,0001740 seconds, Stopping threads took: 0,0000135 seconds
2017-03-15T15:41:31.871+0100: 2,297: Total time for which application threads were stopped: 0,0002112 seconds, Stopping threads took: 0,0000211 seconds
2017-03-15T15:41:32.079+0100: 2,504: Total time for which application threads were stopped: 0,0002674 seconds, Stopping threads took: 0,0000399 seconds
{Heap before GC invocations=0 (full 0):
 par new generation   total 109248K, used 87424K [0x00000000e0000000, 0x00000000e8000000, 0x00000000e8000000)
  eden space 87424K, 100% used [0x00000000e0000000, 0x00000000e5560000, 0x00000000e5560000)
  from space 21824K,   0% used [0x00000000e5560000, 0x00000000e5560000, 0x00000000e6ab0000)
  to   space 21824K,   0% used [0x00000000e6ab0000, 0x00000000e6ab0000, 0x00000000e8000000)
 concurrent mark-sweep generation total 393216K, used 0K [0x00000000e8000000, 0x0000000100000000, 0x0000000100000000)
 Metaspace       used 17800K, capacity 18112K, committed 18304K, reserved 1064960K
  class space    used 2022K, capacity 2164K, committed 2176K, reserved 1048576K
2017-03-15T15:41:32.126+0100: 2,552: [GC (Allocation Failure) 2017-03-15T15:41:32.127+0100: 2,552: [ParNew
Desired survivor size 20112992 bytes, new threshold 8 (max 8)
- age   1:   11547536 bytes,   11547536 total
: 87424K->11394K(109248K), 0,0250203 secs] 87424K->11394K(502464K), 0,0251248 secs] [Times: user=0,06 sys=0,01, real=0,03 secs] 
Heap after GC invocations=1 (full 0):
 par new generation   total 109248K, used 11394K [0x00000000e0000000, 0x00000000e8000000, 0x00000000e8000000)
  eden space 87424K,   0% used [0x00000000e0000000, 0x00000000e0000000, 0x00000000e5560000)
  from space 21824K,  52% used [0x00000000e6ab0000, 0x00000000e75d0880, 0x00000000e8000000)
  to   space 21824K,   0% used [0x00000000e5560000, 0x00000000e5560000, 0x00000000e6ab0000)
 concurrent mark-sweep generation total 393216K, used 0K [0x00000000e8000000, 0x0000000100000000, 0x0000000100000000)
 Metaspace       used 17800K, capacity 18112K, committed 18304K, reserved 1064960K
  class space    used 2022K, capacity 2164K, committed 2176K, reserved 1048576K
}
2017-03-15T15:41:32.152+0100: 2,577: Total time for which application threads were stopped: 0,0300660 seconds, Stopping threads took: 0,0047104 seconds
2017-03-15T15:41:32.860+0100: 3,286: Total time for which application threads were stopped: 0,0003756 seconds, Stopping threads took: 0,0000387 seconds
{Heap before GC invocations=1 (full 0):
 par new generation   total 109248K, used 98818K [0x00000000e0000000, 0x00000000e8000000, 0x00000000e8000000)
  eden space 87424K, 100% used [0x00000000e0000000, 0x00000000e5560000, 0x00000000e5560000)
  from space 21824K,  52% used [0x00000000e6ab0000, 0x00000000e75d0880, 0x00000000e8000000)
  to   space 21824K,   0% used [0x00000000e5560000, 0x00000000e5560000, 0x00000000e6ab0000)
 concurrent mark-sweep generation total 393216K, used 0K [0x00000000e8000000, 0x0000000100000000, 0x0000000100000000)
 Metaspace       used 20028K, capacity 20368K, committed 20736K, reserved 1067008K
  class space    used 2295K, capacity 2470K, committed 2560K, reserved 1048576K
2017-03-15T15:41:32.908+0100: 3,334: [GC (Allocation Failure) 2017-03-15T15:41:32.908+0100: 3,334: [ParNew
Desired survivor size 20112992 bytes, new threshold 8 (max 8)
- age   1:    4289032 bytes,    4289032 total
- age   2:    6073792 bytes,   10362824 total
: 98818K->12758K(109248K), 0,0228678 secs] 98818K->12758K(502464K), 0,0229596 secs] [Times: user=0,06 sys=0,00, real=0,03 secs] 
Heap after GC invocations=2 (full 0):
 par new generation   total 109248K, used 12758K [0x00000000e0000000, 0x00000000e8000000, 0x00000000e8000000)
  eden space 87424K,   0% used [0x00000000e0000000, 0x00000000e0000000, 0x00000000e5560000)
  from space 21824K,  58% used [0x00000000e5560000, 0x00000000e61d5bb0, 0x00000000e6ab0000)
  to   space 21824K,   0% used [0x00000000e6ab0000, 0x00000000e6ab0000, 0x00000000e8000000)
 concurrent mark-sweep generation total 393216K, used 0K [0x00000000e8000000, 0x0000000100000000, 0x0000000100000000)
 Metaspace       used 20028K, capacity 20368K, committed 20736K, reserved 1067008K
  class space    used 2295K, capacity 2470K, committed 2560K, reserved 1048576K
}
2017-03-15T15:41:32.931+0100: 3,357: Total time for which application threads were stopped: 0,0238981 seconds, Stopping threads took: 0,0007746 seconds
2017-03-15T15:41:32.941+0100: 3,366: Total time for which application threads were stopped: 0,0004161 seconds, Stopping threads took: 0,0000736 seconds
2017-03-15T15:41:32.989+0100: 3,415: Total time for which application threads were stopped: 0,0003311 seconds, Stopping threads took: 0,0000437 seconds
2017-03-15T15:41:33.164+0100: 3,590: Total time for which application threads were stopped: 0,0045902 seconds, Stopping threads took: 0,0044660 seconds
{Heap before GC invocations=2 (full 0):
 par new generation   total 109248K, used 100182K [0x00000000e0000000, 0x00000000e8000000, 0x00000000e8000000)
  eden space 87424K, 100% used [0x00000000e0000000, 0x00000000e5560000, 0x00000000e5560000)
  from space 21824K,  58% used [0x00000000e5560000, 0x00000000e61d5bb0, 0x00000000e6ab0000)
  to   space 21824K,   0% used [0x00000000e6ab0000, 0x00000000e6ab0000, 0x00000000e8000000)
 concurrent mark-sweep generation total 393216K, used 0K [0x00000000e8000000, 0x0000000100000000, 0x0000000100000000)
 Metaspace       used 20981K, capacity 21290K, committed 21628K, reserved 1069056K
  class space    used 2417K, capacity 2589K, committed 2684K, reserved 1048576K
2017-03-15T15:41:33.209+0100: 3,635: [GC (Allocation Failure) 2017-03-15T15:41:33.209+0100: 3,635: [ParNew
Desired survivor size 20112992 bytes, new threshold 8 (max 8)
- age   1:    2082760 bytes,    2082760 total
- age   2:    1408464 bytes,    3491224 total
- age   3:    6072176 bytes,    9563400 total
: 100182K->14119K(109248K), 0,0157883 secs] 100182K->14119K(502464K), 0,0158853 secs] [Times: user=0,04 sys=0,00, real=0,02 secs] 
Heap after GC invocations=3 (full 0):
 par new generation   total 109248K, used 14119K [0x00000000e0000000, 0x00000000e8000000, 0x00000000e8000000)
  eden space 87424K,   0% used [0x00000000e0000000, 0x00000000e0000000, 0x00000000e5560000)
  from space 21824K,  64% used [0x00000000e6ab0000, 0x00000000e7879c20, 0x00000000e8000000)
  to   space 21824K,   0% used [0x00000000e5560000, 0x00000000e5560000, 0x00000000e6ab0000)
 concurrent mark-sweep generation total 393216K, used 0K [0x00000000e8000000, 0x0000000100000000, 0x0000000100000000)
 Metaspace       used 20981K, capacity 21290K, committed 21628K, reserved 1069056K
  class space    used 2417K, capacity 2589K, committed 2684K, reserved 1048576K
}
2017-03-15T15:41:33.225+0100: 3,651: Total time for which application threads were stopped: 0,0161037 seconds, Stopping threads took: 0,0000632 seconds
2017-03-15T15:41:33.226+0100: 3,651: [GC (CMS Initial Mark) [1 CMS-initial-mark: 0K(393216K)] 14779K(502464K), 0,0039995 secs] [Times: user=0,01 sys=0,00, real=0,00 secs] 
2017-03-15T15:41:33.230+0100: 3,655: Total time for which application threads were stopped: 0,0041174 seconds, Stopping threads took: 0,0000324 seconds
2017-03-15T15:41:33.230+0100: 3,655: [CMS-concurrent-mark-start]
2017-03-15T15:41:33.231+0100: 3,656: [CMS-concurrent-mark: 0,001/0,001 secs] [Times: user=0,00 sys=0,00, real=0,01 secs] 
2017-03-15T15:41:33.231+0100: 3,656: [CMS-concurrent-preclean-start]
2017-03-15T15:41:33.232+0100: 3,657: [CMS-concurrent-preclean: 0,001/0,001 secs] [Times: user=0,00 sys=0,00, real=0,00 secs] 
2017-03-15T15:41:33.232+0100: 3,657: [CMS-concurrent-abortable-preclean-start]
2017-03-15T15:41:33.310+0100: 3,736: Total time for which application threads were stopped: 0,0021258 seconds, Stopping threads took: 0,0020162 seconds
{Heap before GC invocations=3 (full 1):
 par new generation   total 109248K, used 101543K [0x00000000e0000000, 0x00000000e8000000, 0x00000000e8000000)
  eden space 87424K, 100% used [0x00000000e0000000, 0x00000000e5560000, 0x00000000e5560000)
  from space 21824K,  64% used [0x00000000e6ab0000, 0x00000000e7879c20, 0x00000000e8000000)
  to   space 21824K,   0% used [0x00000000e5560000, 0x00000000e5560000, 0x00000000e6ab0000)
 concurrent mark-sweep generation total 393216K, used 0K [0x00000000e8000000, 0x0000000100000000, 0x0000000100000000)
 Metaspace       used 21268K, capacity 21630K, committed 21884K, reserved 1069056K
  class space    used 2447K, capacity 2604K, committed 2684K, reserved 1048576K
2017-03-15T15:41:33.414+0100: 3,840: [GC (Allocation Failure) 2017-03-15T15:41:33.414+0100: 3,840: [ParNew
Desired survivor size 20112992 bytes, new threshold 8 (max 8)
- age   1:     722840 bytes,     722840 total
- age   2:    1477776 bytes,    2200616 total
- age   3:    1404752 bytes,    3605368 total
- age   4:    6071872 bytes,    9677240 total
: 101543K->11719K(109248K), 0,0172022 secs] 101543K->11719K(502464K), 0,0172745 secs] [Times: user=0,04 sys=0,00, real=0,02 secs] 
Heap after GC invocations=4 (full 1):
 par new generation   total 109248K, used 11719K [0x00000000e0000000, 0x00000000e8000000, 0x00000000e8000000)
  eden space 87424K,   0% used [0x00000000e0000000, 0x00000000e0000000, 0x00000000e5560000)
  from space 21824K,  53% used [0x00000000e5560000, 0x00000000e60d1f10, 0x00000000e6ab0000)
  to   space 21824K,   0% used [0x00000000e6ab0000, 0x00000000e6ab0000, 0x00000000e8000000)
 concurrent mark-sweep generation total 393216K, used 0K [0x00000000e8000000, 0x0000000100000000, 0x0000000100000000)
 Metaspace       used 21268K, capacity 21630K, committed 21884K, reserved 1069056K
  class space    used 2447K, capacity 2604K, committed 2684K, reserved 1048576K
}
2017-03-15T15:41:33.432+0100: 3,857: Total time for which application threads were stopped: 0,0213532 seconds, Stopping threads took: 0,0039367 seconds
2017-03-15T15:41:33.533+0100: 3,958: [CMS-concurrent-abortable-preclean: 0,168/0,301 secs] [Times: user=0,84 sys=0,00, real=0,30 secs] 
2017-03-15T15:41:33.533+0100: 3,959: [GC (CMS Final Remark) [YG occupancy: 79759 K (109248 K)]{Heap before GC invocations=4 (full 1):
 par new generation   total 109248K, used 79759K [0x00000000e0000000, 0x00000000e8000000, 0x00000000e8000000)
  eden space 87424K,  77% used [0x00000000e0000000, 0x00000000e4271e50, 0x00000000e5560000)
  from space 21824K,  53% used [0x00000000e5560000, 0x00000000e60d1f10, 0x00000000e6ab0000)
  to   space 21824K,   0% used [0x00000000e6ab0000, 0x00000000e6ab0000, 0x00000000e8000000)
 concurrent mark-sweep generation total 393216K, used 0K [0x00000000e8000000, 0x0000000100000000, 0x0000000100000000)
 Metaspace       used 21408K, capacity 21790K, committed 21884K, reserved 1069056K
  class space    used 2464K, capacity 2636K, committed 2684K, reserved 1048576K
2017-03-15T15:41:33.533+0100: 3,959: [GC (CMS Final Remark) 2017-03-15T15:41:33.533+0100: 3,959: [ParNew
Desired survivor size 20112992 bytes, new threshold 8 (max 8)
- age   1:     635608 bytes,     635608 total
- age   2:     174696 bytes,     810304 total
- age   3:    1477776 bytes,    2288080 total
- age   4:    1404672 bytes,    3692752 total
- age   5:    6071872 bytes,    9764624 total
: 79759K->14454K(109248K), 0,0183882 secs] 79759K->14454K(502464K), 0,0184362 secs] [Times: user=0,06 sys=0,00, real=0,02 secs] 
Heap after GC invocations=5 (full 1):
 par new generation   total 109248K, used 14454K [0x00000000e0000000, 0x00000000e8000000, 0x00000000e8000000)
  eden space 87424K,   0% used [0x00000000e0000000, 0x00000000e0000000, 0x00000000e5560000)
  from space 21824K,  66% used [0x00000000e6ab0000, 0x00000000e78cdab0, 0x00000000e8000000)
  to   space 21824K,   0% used [0x00000000e5560000, 0x00000000e5560000, 0x00000000e6ab0000)
 concurrent mark-sweep generation total 393216K, used 0K [0x00000000e8000000, 0x0000000100000000, 0x0000000100000000)
 Metaspace       used 21408K, capacity 21790K, committed 21884K, reserved 1069056K
  class space    used 2464K, capacity 2636K, committed 2684K, reserved 1048576K
}
2017-03-15T15:41:33.552+0100: 3,977: [Rescan (parallel) , 0,0066537 secs]2017-03-15T15:41:33.558+0100: 3,984: [weak refs processing, 0,0075073 secs]2017-03-15T15:41:33.566+0100: 3,991: [class unloading, 0,0039262 secs]2017-03-15T15:41:33.570+0100: 3,995: [scrub symbol table, 0,0041801 secs]2017-03-15T15:41:33.574+0100: 4,000: [scrub string table, 0,0004589 secs][1 CMS-remark: 0K(393216K)] 14454K(502464K), 0,0421247 secs] [Times: user=0,09 sys=0,01, real=0,04 secs] 
2017-03-15T15:41:33.575+0100: 4,001: Total time for which application threads were stopped: 0,0422656 seconds, Stopping threads took: 0,0000393 seconds
2017-03-15T15:41:33.575+0100: 4,001: [CMS-concurrent-sweep-start]
2017-03-15T15:41:33.575+0100: 4,001: [CMS-concurrent-sweep: 0,000/0,000 secs] [Times: user=0,00 sys=0,00, real=0,00 secs] 
2017-03-15T15:41:33.575+0100: 4,001: [CMS-concurrent-reset-start]
2017-03-15T15:41:33.577+0100: 4,003: [CMS-concurrent-reset: 0,002/0,002 secs] [Times: user=0,01 sys=0,00, real=0,00 secs] 
2017-03-15T15:41:33.641+0100: 4,066: Total time for which application threads were stopped: 0,0003503 seconds, Stopping threads took: 0,0000431 seconds
2017-03-15T15:41:33.645+0100: 4,071: Total time for which application threads were stopped: 0,0003104 seconds, Stopping threads took: 0,0000502 seconds
2017-03-15T15:41:33.652+0100: 4,078: Total time for which application threads were stopped: 0,0017948 seconds, Stopping threads took: 0,0017266 seconds
2017-03-15T15:41:33.664+0100: 4,090: Total time for which application threads were stopped: 0,0001218 seconds, Stopping threads took: 0,0000327 seconds
2017-03-15T15:41:33.666+0100: 4,091: Total time for which application threads were stopped: 0,0001281 seconds, Stopping threads took: 0,0000359 seconds
2017-03-15T15:41:33.672+0100: 4,097: Total time for which application threads were stopped: 0,0012892 seconds, Stopping threads took: 0,0011582 seconds
2017-03-15T15:41:33.677+0100: 4,103: Total time for which application threads were stopped: 0,0001397 seconds, Stopping threads took: 0,0000515 seconds
2017-03-15T15:41:33.683+0100: 4,109: Total time for which application threads were stopped: 0,0001118 seconds, Stopping threads took: 0,0000400 seconds
2017-03-15T15:41:33.684+0100: 4,109: Total time for which application threads were stopped: 0,0000786 seconds, Stopping threads took: 0,0000080 seconds
2017-03-15T15:41:33.711+0100: 4,136: Total time for which application threads were stopped: 0,0008241 seconds, Stopping threads took: 0,0007193 seconds
2017-03-15T15:41:33.758+0100: 4,184: Total time for which application threads were stopped: 0,0001755 seconds, Stopping threads took: 0,0000480 seconds
2017-03-15T15:41:33.783+0100: 4,209: Total time for which application threads were stopped: 0,0001350 seconds, Stopping threads took: 0,0000502 seconds
2017-03-15T15:41:33.825+0100: 4,251: Total time for which application threads were stopped: 0,0011829 seconds, Stopping threads took: 0,0010390 seconds
2017-03-15T15:41:33.831+0100: 4,257: Total time for which application threads were stopped: 0,0001455 seconds, Stopping threads took: 0,0000350 seconds
2017-03-15T15:41:33.858+0100: 4,284: Total time for which application threads were stopped: 0,0003800 seconds, Stopping threads took: 0,0003037 seconds
2017-03-15T15:41:33.971+0100: 4,397: Total time for which application threads were stopped: 0,0002251 seconds, Stopping threads took: 0,0001108 seconds
2017-03-15T15:41:34.032+0100: 4,457: Total time for which application threads were stopped: 0,0001209 seconds, Stopping threads took: 0,0000504 seconds
2017-03-15T15:41:34.034+0100: 4,460: Total time for which application threads were stopped: 0,0001718 seconds, Stopping threads took: 0,0000447 seconds
2017-03-15T15:41:34.035+0100: 4,461: Total time for which application threads were stopped: 0,0001118 seconds, Stopping threads took: 0,0000207 seconds
2017-03-15T15:41:34.036+0100: 4,461: Total time for which application threads were stopped: 0,0000903 seconds, Stopping threads took: 0,0000288 seconds
2017-03-15T15:41:34.036+0100: 4,462: Total time for which application threads were stopped: 0,0001540 seconds, Stopping threads took: 0,0000648 seconds
2017-03-15T15:41:34.047+0100: 4,473: Total time for which application threads were stopped: 0,0057190 seconds, Stopping threads took: 0,0056330 seconds
2017-03-15T15:41:34.051+0100: 4,477: Total time for which application threads were stopped: 0,0004289 seconds, Stopping threads took: 0,0003501 seconds
2017-03-15T15:41:34.051+0100: 4,477: Total time for which application threads were stopped: 0,0001649 seconds, Stopping threads took: 0,0000230 seconds
2017-03-15T15:41:34.052+0100: 4,477: Total time for which application threads were stopped: 0,0000821 seconds, Stopping threads took: 0,0000170 seconds
2017-03-15T15:41:34.052+0100: 4,478: Total time for which application threads were stopped: 0,0000892 seconds, Stopping threads took: 0,0000273 seconds
2017-03-15T15:41:34.052+0100: 4,478: Total time for which application threads were stopped: 0,0000513 seconds, Stopping threads took: 0,0000152 seconds
2017-03-15T15:41:34.052+0100: 4,478: Total time for which application threads were stopped: 0,0000590 seconds, Stopping threads took: 0,0000173 seconds
2017-03-15T15:41:34.056+0100: 4,481: Total time for which application threads were stopped: 0,0004975 seconds, Stopping threads took: 0,0004127 seconds
2017-03-15T15:41:34.056+0100: 4,481: Total time for which application threads were stopped: 0,0001063 seconds, Stopping threads took: 0,0000149 seconds
2017-03-15T15:41:34.056+0100: 4,482: Total time for which application threads were stopped: 0,0000844 seconds, Stopping threads took: 0,0000164 seconds
2017-03-15T15:41:34.057+0100: 4,482: Total time for which application threads were stopped: 0,0000930 seconds, Stopping threads took: 0,0000585 seconds
2017-03-15T15:41:34.057+0100: 4,482: Total time for which application threads were stopped: 0,0000441 seconds, Stopping threads took: 0,0000111 seconds
2017-03-15T15:41:34.058+0100: 4,484: Total time for which application threads were stopped: 0,0011007 seconds, Stopping threads took: 0,0003136 seconds
2017-03-15T15:41:34.058+0100: 4,484: Total time for which application threads were stopped: 0,0000625 seconds, Stopping threads took: 0,0000119 seconds
2017-03-15T15:41:34.058+0100: 4,484: Total time for which application threads were stopped: 0,0000615 seconds, Stopping threads took: 0,0000106 seconds
2017-03-15T15:41:34.058+0100: 4,484: Total time for which application threads were stopped: 0,0000441 seconds, Stopping threads took: 0,0000081 seconds
2017-03-15T15:41:34.058+0100: 4,484: Total time for which application threads were stopped: 0,0000427 seconds, Stopping threads took: 0,0000077 seconds
2017-03-15T15:41:34.059+0100: 4,484: Total time for which application threads were stopped: 0,0000622 seconds, Stopping threads took: 0,0000126 seconds
2017-03-15T15:41:34.059+0100: 4,485: Total time for which application threads were stopped: 0,0000467 seconds, Stopping threads took: 0,0000082 seconds
2017-03-15T15:41:34.059+0100: 4,485: Total time for which application threads were stopped: 0,0000456 seconds, Stopping threads took: 0,0000082 seconds
2017-03-15T15:41:34.059+0100: 4,485: Total time for which application threads were stopped: 0,0000479 seconds, Stopping threads took: 0,0000086 seconds
2017-03-15T15:41:34.059+0100: 4,485: Total time for which application threads were stopped: 0,0000457 seconds, Stopping threads took: 0,0000079 seconds
2017-03-15T15:41:34.059+0100: 4,485: Total time for which application threads were stopped: 0,0000459 seconds, Stopping threads took: 0,0000087 seconds
2017-03-15T15:41:34.059+0100: 4,485: Total time for which application threads were stopped: 0,0000466 seconds, Stopping threads took: 0,0000088 seconds
2017-03-15T15:41:34.059+0100: 4,485: Total time for which application threads were stopped: 0,0000441 seconds, Stopping threads took: 0,0000080 seconds
2017-03-15T15:41:34.059+0100: 4,485: Total time for which application threads were stopped: 0,0000459 seconds, Stopping threads took: 0,0000085 seconds
2017-03-15T15:41:34.064+0100: 4,490: Total time for which application threads were stopped: 0,0001226 seconds, Stopping threads took: 0,0000193 seconds
2017-03-15T15:41:34.066+0100: 4,492: Total time for which application threads were stopped: 0,0001070 seconds, Stopping threads took: 0,0000266 seconds
2017-03-15T15:41:34.071+0100: 4,497: Total time for which application threads were stopped: 0,0001136 seconds, Stopping threads took: 0,0000190 seconds
2017-03-15T15:41:34.072+0100: 4,497: Total time for which application threads were stopped: 0,0001122 seconds, Stopping threads took: 0,0000163 seconds
2017-03-15T15:41:34.072+0100: 4,498: Total time for which application threads were stopped: 0,0001034 seconds, Stopping threads took: 0,0000134 seconds
2017-03-15T15:41:34.073+0100: 4,499: Total time for which application threads were stopped: 0,0001910 seconds, Stopping threads took: 0,0000180 seconds
2017-03-15T15:41:34.075+0100: 4,500: Total time for which application threads were stopped: 0,0007863 seconds, Stopping threads took: 0,0006930 seconds
2017-03-15T15:41:34.078+0100: 4,504: Total time for which application threads were stopped: 0,0009757 seconds, Stopping threads took: 0,0008874 seconds
2017-03-15T15:41:34.081+0100: 4,507: Total time for which application threads were stopped: 0,0005521 seconds, Stopping threads took: 0,0000364 seconds
2017-03-15T15:41:34.090+0100: 4,515: Total time for which application threads were stopped: 0,0001468 seconds, Stopping threads took: 0,0000280 seconds
2017-03-15T15:41:34.090+0100: 4,515: Total time for which application threads were stopped: 0,0000784 seconds, Stopping threads took: 0,0000104 seconds
2017-03-15T15:41:34.109+0100: 4,535: Total time for which application threads were stopped: 0,0004530 seconds, Stopping threads took: 0,0000343 seconds
2017-03-15T15:41:34.115+0100: 4,541: Total time for which application threads were stopped: 0,0001584 seconds, Stopping threads took: 0,0000414 seconds
2017-03-15T15:41:34.115+0100: 4,541: Total time for which application threads were stopped: 0,0000721 seconds, Stopping threads took: 0,0000186 seconds
2017-03-15T15:41:34.141+0100: 4,566: Total time for which application threads were stopped: 0,0005997 seconds, Stopping threads took: 0,0004789 seconds
2017-03-15T15:41:34.142+0100: 4,568: Total time for which application threads were stopped: 0,0001483 seconds, Stopping threads took: 0,0000392 seconds
2017-03-15T15:41:34.144+0100: 4,569: Total time for which application threads were stopped: 0,0003670 seconds, Stopping threads took: 0,0002756 seconds
2017-03-15T15:41:34.145+0100: 4,571: Total time for which application threads were stopped: 0,0001237 seconds, Stopping threads took: 0,0000534 seconds
2017-03-15T15:41:34.151+0100: 4,576: Total time for which application threads were stopped: 0,0001702 seconds, Stopping threads took: 0,0001023 seconds
2017-03-15T15:41:34.151+0100: 4,576: Total time for which application threads were stopped: 0,0001127 seconds, Stopping threads took: 0,0000316 seconds
2017-03-15T15:41:34.153+0100: 4,579: Total time for which application threads were stopped: 0,0010327 seconds, Stopping threads took: 0,0009376 seconds
2017-03-15T15:41:34.175+0100: 4,600: Total time for which application threads were stopped: 0,0052671 seconds, Stopping threads took: 0,0051661 seconds
2017-03-15T15:41:34.176+0100: 4,601: Total time for which application threads were stopped: 0,0000987 seconds, Stopping threads took: 0,0000201 seconds
2017-03-15T15:41:34.179+0100: 4,605: Total time for which application threads were stopped: 0,0010949 seconds, Stopping threads took: 0,0010111 seconds
2017-03-15T15:41:34.190+0100: 4,615: Total time for which application threads were stopped: 0,0001341 seconds, Stopping threads took: 0,0000291 seconds
2017-03-15T15:41:34.445+0100: 4,871: Total time for which application threads were stopped: 0,0268416 seconds, Stopping threads took: 0,0266755 seconds
2017-03-15T15:41:34.449+0100: 4,875: Total time for which application threads were stopped: 0,0001542 seconds, Stopping threads took: 0,0000545 seconds
2017-03-15T15:41:34.497+0100: 4,922: Total time for which application threads were stopped: 0,0007720 seconds, Stopping threads took: 0,0006554 seconds
2017-03-15T15:41:34.515+0100: 4,940: Total time for which application threads were stopped: 0,0112950 seconds, Stopping threads took: 0,0111939 seconds
2017-03-15T15:41:34.544+0100: 4,970: Total time for which application threads were stopped: 0,0106250 seconds, Stopping threads took: 0,0104916 seconds
2017-03-15T15:41:34.547+0100: 4,972: Total time for which application threads were stopped: 0,0001892 seconds, Stopping threads took: 0,0000614 seconds
{Heap before GC invocations=5 (full 1):
 par new generation   total 109248K, used 101878K [0x00000000e0000000, 0x00000000e8000000, 0x00000000e8000000)
  eden space 87424K, 100% used [0x00000000e0000000, 0x00000000e5560000, 0x00000000e5560000)
  from space 21824K,  66% used [0x00000000e6ab0000, 0x00000000e78cdab0, 0x00000000e8000000)
  to   space 21824K,   0% used [0x00000000e5560000, 0x00000000e5560000, 0x00000000e6ab0000)
 concurrent mark-sweep generation total 393216K, used 0K [0x00000000e8000000, 0x0000000100000000, 0x0000000100000000)
 Metaspace       used 23657K, capacity 24072K, committed 24316K, reserved 1071104K
  class space    used 2767K, capacity 2947K, committed 3068K, reserved 1048576K
2017-03-15T15:41:34.563+0100: 4,988: [GC (Allocation Failure) 2017-03-15T15:41:34.563+0100: 4,988: [ParNew
Desired survivor size 20112992 bytes, new threshold 8 (max 8)
- age   1:    4906056 bytes,    4906056 total
- age   2:      76480 bytes,    4982536 total
- age   3:     173232 bytes,    5155768 total
- age   4:     307952 bytes,    5463720 total
- age   5:    1376512 bytes,    6840232 total
- age   6:    6063776 bytes,   12904008 total
: 101878K->14458K(109248K), 0,0707948 secs] 101878K->14458K(502464K), 0,0708844 secs] [Times: user=0,07 sys=0,01, real=0,07 secs] 
Heap after GC invocations=6 (full 1):
 par new generation   total 109248K, used 14458K [0x00000000e0000000, 0x00000000e8000000, 0x00000000e8000000)
  eden space 87424K,   0% used [0x00000000e0000000, 0x00000000e0000000, 0x00000000e5560000)
  from space 21824K,  66% used [0x00000000e5560000, 0x00000000e637eb60, 0x00000000e6ab0000)
  to   space 21824K,   0% used [0x00000000e6ab0000, 0x00000000e6ab0000, 0x00000000e8000000)
 concurrent mark-sweep generation total 393216K, used 0K [0x00000000e8000000, 0x0000000100000000, 0x0000000100000000)
 Metaspace       used 23657K, capacity 24072K, committed 24316K, reserved 1071104K
  class space    used 2767K, capacity 2947K, committed 3068K, reserved 1048576K
}
2017-03-15T15:41:34.634+0100: 5,059: Total time for which application threads were stopped: 0,0711514 seconds, Stopping threads took: 0,0000310 seconds
2017-03-15T15:41:34.650+0100: 5,076: Total time for which application threads were stopped: 0,0003191 seconds, Stopping threads took: 0,0001779 seconds
2017-03-15T15:41:34.666+0100: 5,092: Total time for which application threads were stopped: 0,0001500 seconds, Stopping threads took: 0,0000353 seconds
2017-03-15T15:41:34.667+0100: 5,092: Total time for which application threads were stopped: 0,0000845 seconds, Stopping threads took: 0,0000090 seconds
2017-03-15T15:41:34.667+0100: 5,093: Total time for which application threads were stopped: 0,0000609 seconds, Stopping threads took: 0,0000071 seconds
2017-03-15T15:41:34.667+0100: 5,093: Total time for which application threads were stopped: 0,0000566 seconds, Stopping threads took: 0,0000058 seconds
2017-03-15T15:41:34.667+0100: 5,093: Total time for which application threads were stopped: 0,0000519 seconds, Stopping threads took: 0,0000059 seconds
2017-03-15T15:41:34.668+0100: 5,093: Total time for which application threads were stopped: 0,0001489 seconds, Stopping threads took: 0,0000057 seconds
{Heap before GC invocations=6 (full 1):
 par new generation   total 109248K, used 101882K [0x00000000e0000000, 0x00000000e8000000, 0x00000000e8000000)
  eden space 87424K, 100% used [0x00000000e0000000, 0x00000000e5560000, 0x00000000e5560000)
  from space 21824K,  66% used [0x00000000e5560000, 0x00000000e637eb60, 0x00000000e6ab0000)
  to   space 21824K,   0% used [0x00000000e6ab0000, 0x00000000e6ab0000, 0x00000000e8000000)
 concurrent mark-sweep generation total 393216K, used 0K [0x00000000e8000000, 0x0000000100000000, 0x0000000100000000)
 Metaspace       used 24280K, capacity 24744K, committed 24828K, reserved 1071104K
  class space    used 2848K, capacity 3043K, committed 3068K, reserved 1048576K
2017-03-15T15:41:34.886+0100: 5,312: [GC (Allocation Failure) 2017-03-15T15:41:34.886+0100: 5,312: [ParNew
Desired survivor size 20112992 bytes, new threshold 8 (max 8)
- age   1:    1749792 bytes,    1749792 total
- age   2:    1680416 bytes,    3430208 total
- age   3:      43400 bytes,    3473608 total
- age   4:      95736 bytes,    3569344 total
- age   5:     203744 bytes,    3773088 total
- age   6:     994784 bytes,    4767872 total
- age   7:    5879560 bytes,   10647432 total
: 101882K->15845K(109248K), 0,0250959 secs] 101882K->15845K(502464K), 0,0251833 secs] [Times: user=0,05 sys=0,00, real=0,03 secs] 
Heap after GC invocations=7 (full 1):
 par new generation   total 109248K, used 15845K [0x00000000e0000000, 0x00000000e8000000, 0x00000000e8000000)
  eden space 87424K,   0% used [0x00000000e0000000, 0x00000000e0000000, 0x00000000e5560000)
  from space 21824K,  72% used [0x00000000e6ab0000, 0x00000000e7a29470, 0x00000000e8000000)
  to   space 21824K,   0% used [0x00000000e5560000, 0x00000000e5560000, 0x00000000e6ab0000)
 concurrent mark-sweep generation total 393216K, used 0K [0x00000000e8000000, 0x0000000100000000, 0x0000000100000000)
 Metaspace       used 24280K, capacity 24744K, committed 24828K, reserved 1071104K
  class space    used 2848K, capacity 3043K, committed 3068K, reserved 1048576K
}
2017-03-15T15:41:34.912+0100: 5,337: Total time for which application threads were stopped: 0,0285594 seconds, Stopping threads took: 0,0031570 seconds
2017-03-15T15:41:34.916+0100: 5,341: Total time for which application threads were stopped: 0,0003001 seconds, Stopping threads took: 0,0001940 seconds
2017-03-15T15:41:34.916+0100: 5,341: Total time for which application threads were stopped: 0,0000891 seconds, Stopping threads took: 0,0000264 seconds
2017-03-15T15:41:34.916+0100: 5,342: Total time for which application threads were stopped: 0,0000878 seconds, Stopping threads took: 0,0000356 seconds
{Heap before GC invocations=7 (full 1):
 par new generation   total 109248K, used 103269K [0x00000000e0000000, 0x00000000e8000000, 0x00000000e8000000)
  eden space 87424K, 100% used [0x00000000e0000000, 0x00000000e5560000, 0x00000000e5560000)
  from space 21824K,  72% used [0x00000000e6ab0000, 0x00000000e7a29470, 0x00000000e8000000)
  to   space 21824K,   0% used [0x00000000e5560000, 0x00000000e5560000, 0x00000000e6ab0000)
 concurrent mark-sweep generation total 393216K, used 0K [0x00000000e8000000, 0x0000000100000000, 0x0000000100000000)
 Metaspace       used 24576K, capacity 25044K, committed 25084K, reserved 1071104K
  class space    used 2874K, capacity 3051K, committed 3068K, reserved 1048576K
2017-03-15T15:41:35.025+0100: 5,451: [GC (Allocation Failure) 2017-03-15T15:41:35.025+0100: 5,451: [ParNew
Desired survivor size 20112992 bytes, new threshold 8 (max 8)
- age   1:     714792 bytes,     714792 total
- age   2:    1021976 bytes,    1736768 total
- age   3:    1655792 bytes,    3392560 total
- age   4:      43400 bytes,    3435960 total
- age   5:      95400 bytes,    3531360 total
- age   6:     201008 bytes,    3732368 total
- age   7:     993984 bytes,    4726352 total
- age   8:    5879104 bytes,   10605456 total
: 103269K->11790K(109248K), 0,0189190 secs] 103269K->11790K(502464K), 0,0189995 secs] [Times: user=0,06 sys=0,00, real=0,02 secs] 
Heap after GC invocations=8 (full 1):
 par new generation   total 109248K, used 11790K [0x00000000e0000000, 0x00000000e8000000, 0x00000000e8000000)
  eden space 87424K,   0% used [0x00000000e0000000, 0x00000000e0000000, 0x00000000e5560000)
  from space 21824K,  54% used [0x00000000e5560000, 0x00000000e60e3ad0, 0x00000000e6ab0000)
  to   space 21824K,   0% used [0x00000000e6ab0000, 0x00000000e6ab0000, 0x00000000e8000000)
 concurrent mark-sweep generation total 393216K, used 0K [0x00000000e8000000, 0x0000000100000000, 0x0000000100000000)
 Metaspace       used 24576K, capacity 25044K, committed 25084K, reserved 1071104K
  class space    used 2874K, capacity 3051K, committed 3068K, reserved 1048576K
}
2017-03-15T15:41:35.044+0100: 5,470: Total time for which application threads were stopped: 0,0192517 seconds, Stopping threads took: 0,0000873 seconds
2017-03-15T15:41:35.234+0100: 5,660: Total time for which application threads were stopped: 0,0039537 seconds, Stopping threads took: 0,0037949 seconds
2017-03-15T15:41:35.235+0100: 5,661: Total time for which application threads were stopped: 0,0001419 seconds, Stopping threads took: 0,0000563 seconds
2017-03-15T15:41:35.239+0100: 5,664: Total time for which application threads were stopped: 0,0003304 seconds, Stopping threads took: 0,0002389 seconds
2017-03-15T15:41:35.241+0100: 5,667: Total time for which application threads were stopped: 0,0001394 seconds, Stopping threads took: 0,0000259 seconds
2017-03-15T15:41:35.242+0100: 5,667: Total time for which application threads were stopped: 0,0001259 seconds, Stopping threads took: 0,0000352 seconds
2017-03-15T15:41:35.273+0100: 5,699: Total time for which application threads were stopped: 0,0001348 seconds, Stopping threads took: 0,0000408 seconds
2017-03-15T15:41:35.275+0100: 5,701: Total time for which application threads were stopped: 0,0001315 seconds, Stopping threads took: 0,0000415 seconds
2017-03-15T15:41:35.276+0100: 5,701: Total time for which application threads were stopped: 0,0000795 seconds, Stopping threads took: 0,0000205 seconds
2017-03-15T15:41:35.295+0100: 5,721: Total time for which application threads were stopped: 0,0012337 seconds, Stopping threads took: 0,0011540 seconds
2017-03-15T15:41:35.296+0100: 5,722: Total time for which application threads were stopped: 0,0001125 seconds, Stopping threads took: 0,0000357 seconds
2017-03-15T15:41:35.335+0100: 5,761: Total time for which application threads were stopped: 0,0001369 seconds, Stopping threads took: 0,0000207 seconds
2017-03-15T15:41:35.381+0100: 5,806: Total time for which application threads were stopped: 0,0001465 seconds, Stopping threads took: 0,0000525 seconds
2017-03-15T15:41:35.648+0100: 6,073: Total time for which application threads were stopped: 0,0445464 seconds, Stopping threads took: 0,0444003 seconds
2017-03-15T15:41:35.677+0100: 6,102: Total time for which application threads were stopped: 0,0065748 seconds, Stopping threads took: 0,0061466 seconds
2017-03-15T15:41:35.773+0100: 6,199: Total time for which application threads were stopped: 0,0004429 seconds, Stopping threads took: 0,0000293 seconds
2017-03-15T15:41:36.132+0100: 6,558: Total time for which application threads were stopped: 0,0108918 seconds, Stopping threads took: 0,0103062 seconds
2017-03-15T15:41:36.256+0100: 6,681: Total time for which application threads were stopped: 0,0101418 seconds, Stopping threads took: 0,0100257 seconds
2017-03-15T15:41:36.258+0100: 6,684: Total time for which application threads were stopped: 0,0001562 seconds, Stopping threads took: 0,0000181 seconds
2017-03-15T15:41:36.268+0100: 6,694: Total time for which application threads were stopped: 0,0001298 seconds, Stopping threads took: 0,0000392 seconds
2017-03-15T15:41:36.273+0100: 6,698: Total time for which application threads were stopped: 0,0001203 seconds, Stopping threads took: 0,0000260 seconds
2017-03-15T15:41:36.305+0100: 6,731: Total time for which application threads were stopped: 0,0002420 seconds, Stopping threads took: 0,0000334 seconds
{Heap before GC invocations=8 (full 1):
 par new generation   total 109248K, used 99214K [0x00000000e0000000, 0x00000000e8000000, 0x00000000e8000000)
  eden space 87424K, 100% used [0x00000000e0000000, 0x00000000e5560000, 0x00000000e5560000)
  from space 21824K,  54% used [0x00000000e5560000, 0x00000000e60e3ad0, 0x00000000e6ab0000)
  to   space 21824K,   0% used [0x00000000e6ab0000, 0x00000000e6ab0000, 0x00000000e8000000)
 concurrent mark-sweep generation total 393216K, used 0K [0x00000000e8000000, 0x0000000100000000, 0x0000000100000000)
 Metaspace       used 27051K, capacity 27564K, committed 27644K, reserved 1073152K
  class space    used 3106K, capacity 3291K, committed 3324K, reserved 1048576K
2017-03-15T15:41:36.313+0100: 6,739: [GC (Allocation Failure) 2017-03-15T15:41:36.313+0100: 6,739: [ParNew
Desired survivor size 20112992 bytes, new threshold 8 (max 8)
- age   1:    7897568 bytes,    7897568 total
- age   2:     193704 bytes,    8091272 total
- age   3:     243320 bytes,    8334592 total
- age   4:    1640936 bytes,    9975528 total
- age   5:      43400 bytes,   10018928 total
- age   6:      95304 bytes,   10114232 total
- age   7:     200480 bytes,   10314712 total
- age   8:     992368 bytes,   11307080 total
: 99214K->15886K(109248K), 0,2279619 secs] 99214K->22189K(502464K), 0,2280368 secs] [Times: user=0,20 sys=0,01, real=0,22 secs] 
Heap after GC invocations=9 (full 1):
 par new generation   total 109248K, used 15886K [0x00000000e0000000, 0x00000000e8000000, 0x00000000e8000000)
  eden space 87424K,   0% used [0x00000000e0000000, 0x00000000e0000000, 0x00000000e5560000)
  from space 21824K,  72% used [0x00000000e6ab0000, 0x00000000e7a33878, 0x00000000e8000000)
  to   space 21824K,   0% used [0x00000000e5560000, 0x00000000e5560000, 0x00000000e6ab0000)
 concurrent mark-sweep generation total 393216K, used 6303K [0x00000000e8000000, 0x0000000100000000, 0x0000000100000000)
 Metaspace       used 27051K, capacity 27564K, committed 27644K, reserved 1073152K
  class space    used 3106K, capacity 3291K, committed 3324K, reserved 1048576K
}
2017-03-15T15:41:36.541+0100: 6,967: Total time for which application threads were stopped: 0,2343245 seconds, Stopping threads took: 0,0060581 seconds
2017-03-15T15:41:36.580+0100: 7,006: Total time for which application threads were stopped: 0,0001641 seconds, Stopping threads took: 0,0000396 seconds
2017-03-15T15:41:36.580+0100: 7,006: Total time for which application threads were stopped: 0,0000828 seconds, Stopping threads took: 0,0000146 seconds
2017-03-15T15:41:36.633+0100: 7,059: Total time for which application threads were stopped: 0,0096159 seconds, Stopping threads took: 0,0095141 seconds
2017-03-15T15:41:36.637+0100: 7,062: Total time for which application threads were stopped: 0,0003389 seconds, Stopping threads took: 0,0002424 seconds
2017-03-15T15:41:36.705+0100: 7,131: Total time for which application threads were stopped: 0,0138719 seconds, Stopping threads took: 0,0137412 seconds
2017-03-15T15:41:36.878+0100: 7,304: Total time for which application threads were stopped: 0,0197891 seconds, Stopping threads took: 0,0196723 seconds
2017-03-15T15:41:36.880+0100: 7,305: Total time for which application threads were stopped: 0,0008380 seconds, Stopping threads took: 0,0007590 seconds
2017-03-15T15:41:37.123+0100: 7,549: Total time for which application threads were stopped: 0,0001337 seconds, Stopping threads took: 0,0000285 seconds
2017-03-15T15:43:02.134+0100: 92,560: Total time for which application threads were stopped: 0,0000725 seconds, Stopping threads took: 0,0000192 seconds
2017-03-15T15:43:27.137+0100: 117,562: Total time for which application threads were stopped: 0,0000809 seconds, Stopping threads took: 0,0000346 seconds
2017-03-15T15:43:32.137+0100: 122,563: Total time for which application threads were stopped: 0,0000649 seconds, Stopping threads took: 0,0000155 seconds
2017-03-15T15:44:31.143+0100: 181,569: Total time for which application threads were stopped: 0,0000925 seconds, Stopping threads took: 0,0000372 seconds
2017-03-15T15:46:06.154+0100: 276,580: Total time for which application threads were stopped: 0,0000784 seconds, Stopping threads took: 0,0000327 seconds
2017-03-15T15:46:07.154+0100: 277,580: Total time for which application threads were stopped: 0,0000939 seconds, Stopping threads took: 0,0000376 seconds
2017-03-15T15:52:17.202+0100: 647,628: Total time for which application threads were stopped: 0,0000888 seconds, Stopping threads took: 0,0000346 seconds
2017-03-15T15:57:37.237+0100: 967,663: Total time for which application threads were stopped: 0,0001692 seconds, Stopping threads took: 0,0000669 seconds
2017-03-15T16:04:56.286+0100: 1406,712: Total time for which application threads were stopped: 0,0005543 seconds, Stopping threads took: 0,0001812 seconds
2017-03-15T16:09:56.331+0100: 1706,756: Total time for which application threads were stopped: 0,0001103 seconds, Stopping threads took: 0,0000395 seconds
2017-03-15T16:19:52.412+0100: 2302,837: Total time for which application threads were stopped: 0,0000744 seconds, Stopping threads took: 0,0000284 seconds
2017-03-15T16:19:56.412+0100: 2306,838: Total time for which application threads were stopped: 0,0000671 seconds, Stopping threads took: 0,0000171 seconds
2017-03-15T16:20:32.415+0100: 2342,841: Total time for which application threads were stopped: 0,0000809 seconds, Stopping threads took: 0,0000329 seconds
2017-03-15T16:25:21.445+0100: 2631,871: Total time for which application threads were stopped: 0,0001357 seconds, Stopping threads took: 0,0000457 seconds
2017-03-15T16:34:47.505+0100: 3197,930: Total time for which application threads were stopped: 0,0003720 seconds, Stopping threads took: 0,0001147 seconds
2017-03-15T16:39:01.532+0100: 3451,957: Total time for which application threads were stopped: 0,0001122 seconds, Stopping threads took: 0,0000381 seconds
2017-03-15T16:45:36.575+0100: 3847,001: Total time for which application threads were stopped: 0,0000932 seconds, Stopping threads took: 0,0000333 seconds
2017-03-15T16:45:46.576+0100: 3857,002: Total time for which application threads were stopped: 0,0000616 seconds, Stopping threads took: 0,0000160 seconds
2017-03-15T16:59:57.661+0100: 4708,087: Total time for which application threads were stopped: 0,0000806 seconds, Stopping threads took: 0,0000322 seconds
2017-03-15T17:28:52.849+0100: 6443,275: Total time for which application threads were stopped: 0,0004828 seconds, Stopping threads took: 0,0002042 seconds
2017-03-15T17:42:31.935+0100: 7262,361: Total time for which application threads were stopped: 0,0001087 seconds, Stopping threads took: 0,0000371 seconds
2017-03-15T17:43:31.943+0100: 7322,368: Total time for which application threads were stopped: 0,0000893 seconds, Stopping threads took: 0,0000347 seconds
2017-03-15T17:49:31.986+0100: 7682,411: Total time for which application threads were stopped: 0,0000788 seconds, Stopping threads took: 0,0000323 seconds
2017-03-15T18:54:02.496+0100: 11552,922: Total time for which application threads were stopped: 0,0001309 seconds, Stopping threads took: 0,0000470 seconds
2017-03-15T19:57:31.989+0100: 15362,415: Total time for which application threads were stopped: 0,0000902 seconds, Stopping threads took: 0,0000387 seconds
2017-03-15T20:10:32.082+0100: 16142,508: Total time for which application threads were stopped: 0,0000823 seconds, Stopping threads took: 0,0000334 seconds
2017-03-16T01:30:56.377+0100: 35200,475: Total time for which application threads were stopped: 0,0348140 seconds, Stopping threads took: 0,0347213 seconds
2017-03-16T01:30:56.378+0100: 35200,476: Total time for which application threads were stopped: 0,0000842 seconds, Stopping threads took: 0,0000139 seconds
2017-03-16T01:30:56.379+0100: 35200,477: Total time for which application threads were stopped: 0,0000961 seconds, Stopping threads took: 0,0000169 seconds
2017-03-16T01:30:56.379+0100: 35200,477: Total time for which application threads were stopped: 0,0000771 seconds, Stopping threads took: 0,0000148 seconds
2017-03-16T01:30:56.379+0100: 35200,477: Total time for which application threads were stopped: 0,0000401 seconds, Stopping threads took: 0,0000053 seconds
2017-03-16T01:30:56.380+0100: 35200,478: Total time for which application threads were stopped: 0,0000468 seconds, Stopping threads took: 0,0000065 seconds
2017-03-16T01:30:56.380+0100: 35200,478: Total time for which application threads were stopped: 0,0000391 seconds, Stopping threads took: 0,0000058 seconds
2017-03-16T01:30:56.380+0100: 35200,478: Total time for which application threads were stopped: 0,0000375 seconds, Stopping threads took: 0,0000048 seconds
2017-03-16T01:30:56.380+0100: 35200,478: Total time for which application threads were stopped: 0,0000343 seconds, Stopping threads took: 0,0000044 seconds
2017-03-16T01:30:56.380+0100: 35200,478: Total time for which application threads were stopped: 0,0000350 seconds, Stopping threads took: 0,0000049 seconds
2017-03-16T01:30:56.380+0100: 35200,478: Total time for which application threads were stopped: 0,0000336 seconds, Stopping threads took: 0,0000047 seconds
2017-03-16T01:30:56.380+0100: 35200,478: Total time for which application threads were stopped: 0,0000329 seconds, Stopping threads took: 0,0000046 seconds
2017-03-16T01:30:56.380+0100: 35200,478: Total time for which application threads were stopped: 0,0000353 seconds, Stopping threads took: 0,0000053 seconds
2017-03-16T01:30:56.380+0100: 35200,478: Total time for which application threads were stopped: 0,0000359 seconds, Stopping threads took: 0,0000050 seconds
2017-03-16T01:30:56.382+0100: 35200,480: Total time for which application threads were stopped: 0,0001078 seconds, Stopping threads took: 0,0000259 seconds
2017-03-16T01:30:56.382+0100: 35200,480: Total time for which application threads were stopped: 0,0000429 seconds, Stopping threads took: 0,0000085 seconds
2017-03-16T01:30:56.383+0100: 35200,481: Total time for which application threads were stopped: 0,0000817 seconds, Stopping threads took: 0,0000149 seconds
2017-03-16T01:30:56.383+0100: 35200,481: Total time for which application threads were stopped: 0,0000432 seconds, Stopping threads took: 0,0000068 seconds
2017-03-16T01:30:56.383+0100: 35200,481: Total time for which application threads were stopped: 0,0000364 seconds, Stopping threads took: 0,0000053 seconds
2017-03-16T01:30:56.385+0100: 35200,483: Total time for which application threads were stopped: 0,0001080 seconds, Stopping threads took: 0,0000265 seconds
2017-03-16T01:30:56.391+0100: 35200,489: Total time for which application threads were stopped: 0,0001231 seconds, Stopping threads took: 0,0000386 seconds
2017-03-16T01:30:56.391+0100: 35200,489: Total time for which application threads were stopped: 0,0000832 seconds, Stopping threads took: 0,0000071 seconds
2017-03-16T01:30:56.391+0100: 35200,489: Total time for which application threads were stopped: 0,0000600 seconds, Stopping threads took: 0,0000076 seconds
2017-03-16T01:30:56.391+0100: 35200,489: Total time for which application threads were stopped: 0,0000482 seconds, Stopping threads took: 0,0000069 seconds
2017-03-16T01:30:56.392+0100: 35200,489: Total time for which application threads were stopped: 0,0000463 seconds, Stopping threads took: 0,0000055 seconds
2017-03-16T01:30:56.392+0100: 35200,489: Total time for which application threads were stopped: 0,0000391 seconds, Stopping threads took: 0,0000051 seconds
2017-03-16T01:30:56.392+0100: 35200,490: Total time for which application threads were stopped: 0,0000380 seconds, Stopping threads took: 0,0000050 seconds
2017-03-16T01:30:56.392+0100: 35200,490: Total time for which application threads were stopped: 0,0000347 seconds, Stopping threads took: 0,0000047 seconds
2017-03-16T01:30:56.392+0100: 35200,490: Total time for which application threads were stopped: 0,0000346 seconds, Stopping threads took: 0,0000048 seconds
2017-03-16T01:30:56.392+0100: 35200,490: Total time for which application threads were stopped: 0,0000384 seconds, Stopping threads took: 0,0000056 seconds
2017-03-16T01:30:56.392+0100: 35200,490: Total time for which application threads were stopped: 0,0000994 seconds, Stopping threads took: 0,0000351 seconds
2017-03-16T01:30:56.393+0100: 35200,490: Total time for which application threads were stopped: 0,0000470 seconds, Stopping threads took: 0,0000081 seconds
2017-03-16T01:30:56.393+0100: 35200,491: Total time for which application threads were stopped: 0,0000355 seconds, Stopping threads took: 0,0000050 seconds
2017-03-16T01:30:56.393+0100: 35200,491: Total time for which application threads were stopped: 0,0000387 seconds, Stopping threads took: 0,0000075 seconds
2017-03-16T01:30:56.393+0100: 35200,491: Total time for which application threads were stopped: 0,0000354 seconds, Stopping threads took: 0,0000052 seconds
2017-03-16T01:30:56.393+0100: 35200,491: Total time for which application threads were stopped: 0,0000376 seconds, Stopping threads took: 0,0000052 seconds
2017-03-16T01:30:56.417+0100: 35200,515: Total time for which application threads were stopped: 0,0001083 seconds, Stopping threads took: 0,0000299 seconds
2017-03-16T01:30:56.417+0100: 35200,515: Total time for which application threads were stopped: 0,0000597 seconds, Stopping threads took: 0,0000198 seconds
2017-03-16T01:30:56.417+0100: 35200,515: Total time for which application threads were stopped: 0,0000484 seconds, Stopping threads took: 0,0000128 seconds
2017-03-16T01:30:56.417+0100: 35200,515: Total time for which application threads were stopped: 0,0000439 seconds, Stopping threads took: 0,0000135 seconds
2017-03-16T01:30:56.417+0100: 35200,515: Total time for which application threads were stopped: 0,0000449 seconds, Stopping threads took: 0,0000125 seconds
2017-03-16T01:30:56.418+0100: 35200,515: Total time for which application threads were stopped: 0,0000395 seconds, Stopping threads took: 0,0000109 seconds
2017-03-16T01:30:56.418+0100: 35200,516: Total time for which application threads were stopped: 0,0000406 seconds, Stopping threads took: 0,0000113 seconds
2017-03-16T01:30:56.418+0100: 35200,516: Total time for which application threads were stopped: 0,0000448 seconds, Stopping threads took: 0,0000139 seconds
2017-03-16T01:30:56.418+0100: 35200,516: Total time for which application threads were stopped: 0,0000404 seconds, Stopping threads took: 0,0000110 seconds
2017-03-16T01:30:56.418+0100: 35200,516: Total time for which application threads were stopped: 0,0000800 seconds, Stopping threads took: 0,0000310 seconds
2017-03-16T01:30:56.419+0100: 35200,517: Total time for which application threads were stopped: 0,0000858 seconds, Stopping threads took: 0,0000181 seconds
2017-03-16T01:30:56.419+0100: 35200,517: Total time for which application threads were stopped: 0,0000439 seconds, Stopping threads took: 0,0000117 seconds
2017-03-16T01:30:56.426+0100: 35200,523: Total time for which application threads were stopped: 0,0000951 seconds, Stopping threads took: 0,0000295 seconds
2017-03-16T01:30:56.427+0100: 35200,525: Total time for which application threads were stopped: 0,0000788 seconds, Stopping threads took: 0,0000206 seconds
2017-03-16T01:30:56.427+0100: 35200,525: Total time for which application threads were stopped: 0,0000512 seconds, Stopping threads took: 0,0000127 seconds
2017-03-16T01:30:56.431+0100: 35200,529: Total time for which application threads were stopped: 0,0013763 seconds, Stopping threads took: 0,0000604 seconds
2017-03-16T01:30:56.431+0100: 35200,529: Total time for which application threads were stopped: 0,0000692 seconds, Stopping threads took: 0,0000194 seconds
2017-03-16T01:30:56.431+0100: 35200,529: Total time for which application threads were stopped: 0,0000519 seconds, Stopping threads took: 0,0000169 seconds
2017-03-16T01:30:56.435+0100: 35200,533: Total time for which application threads were stopped: 0,0001112 seconds, Stopping threads took: 0,0000337 seconds
2017-03-16T01:30:56.435+0100: 35200,533: Total time for which application threads were stopped: 0,0000447 seconds, Stopping threads took: 0,0000061 seconds
2017-03-16T01:30:56.435+0100: 35200,533: Total time for which application threads were stopped: 0,0000548 seconds, Stopping threads took: 0,0000178 seconds
2017-03-16T01:30:56.435+0100: 35200,533: Total time for which application threads were stopped: 0,0000399 seconds, Stopping threads took: 0,0000117 seconds
2017-03-16T01:30:56.435+0100: 35200,533: Total time for which application threads were stopped: 0,0000466 seconds, Stopping threads took: 0,0000145 seconds
2017-03-16T01:30:56.436+0100: 35200,534: Total time for which application threads were stopped: 0,0000729 seconds, Stopping threads took: 0,0000211 seconds
2017-03-16T01:30:56.436+0100: 35200,534: Total time for which application threads were stopped: 0,0000548 seconds, Stopping threads took: 0,0000160 seconds
2017-03-16T01:30:56.440+0100: 35200,538: Total time for which application threads were stopped: 0,0001236 seconds, Stopping threads took: 0,0000273 seconds
2017-03-16T01:30:56.440+0100: 35200,538: Total time for which application threads were stopped: 0,0000637 seconds, Stopping threads took: 0,0000202 seconds
2017-03-16T01:30:56.440+0100: 35200,538: Total time for which application threads were stopped: 0,0000488 seconds, Stopping threads took: 0,0000177 seconds
2017-03-16T01:30:56.440+0100: 35200,538: Total time for which application threads were stopped: 0,0000364 seconds, Stopping threads took: 0,0000054 seconds
2017-03-16T01:30:56.440+0100: 35200,538: Total time for which application threads were stopped: 0,0000459 seconds, Stopping threads took: 0,0000148 seconds
2017-03-16T01:30:56.440+0100: 35200,538: Total time for which application threads were stopped: 0,0000428 seconds, Stopping threads took: 0,0000125 seconds
2017-03-16T01:30:56.441+0100: 35200,539: Total time for which application threads were stopped: 0,0000767 seconds, Stopping threads took: 0,0000276 seconds
2017-03-16T01:30:56.441+0100: 35200,539: Total time for which application threads were stopped: 0,0000425 seconds, Stopping threads took: 0,0000057 seconds
2017-03-16T01:30:56.441+0100: 35200,539: Total time for which application threads were stopped: 0,0000427 seconds, Stopping threads took: 0,0000124 seconds
2017-03-16T01:30:56.442+0100: 35200,540: Total time for which application threads were stopped: 0,0001496 seconds, Stopping threads took: 0,0000123 seconds
2017-03-16T01:30:56.453+0100: 35200,551: Total time for which application threads were stopped: 0,0001325 seconds, Stopping threads took: 0,0000374 seconds
2017-03-16T01:30:56.457+0100: 35200,555: Total time for which application threads were stopped: 0,0000850 seconds, Stopping threads took: 0,0000248 seconds
2017-03-16T01:30:56.457+0100: 35200,555: Total time for which application threads were stopped: 0,0000706 seconds, Stopping threads took: 0,0000141 seconds
Heap
 par new generation   total 109248K, used 50909K [0x00000000e0000000, 0x00000000e8000000, 0x00000000e8000000)
  eden space 87424K,  40% used [0x00000000e0000000, 0x00000000e2233be8, 0x00000000e5560000)
  from space 21824K,  72% used [0x00000000e6ab0000, 0x00000000e7a33878, 0x00000000e8000000)
  to   space 21824K,   0% used [0x00000000e5560000, 0x00000000e5560000, 0x00000000e6ab0000)
 concurrent mark-sweep generation total 393216K, used 6303K [0x00000000e8000000, 0x0000000100000000, 0x0000000100000000)
 Metaspace       used 28188K, capacity 28730K, committed 28796K, reserved 1075200K
  class space    used 3228K, capacity 3422K, committed 3452K, reserved 1048576K
