OpenJDK 64-Bit Server VM (25.121-b13) for linux-amd64 JRE (1.8.0_121-8u121-b13-0ubuntu1.16.04.2-b13), built on Jan 23 2017 15:51:29 by "buildd" with gcc 5.4.0 20160609
Memory: 4k page, physical 7867760k(7501504k free), swap 8076284k(8076284k free)
CommandLine flags: -XX:CMSInitiatingOccupancyFraction=50 -XX:CMSMaxAbortablePrecleanTime=6000 -XX:+CMSParallelRemarkEnabled -XX:+CMSScavengeBeforeRemark -XX:ConcGCThreads=4 -XX:InitialHeapSize=536870912 -XX:MaxHeapSize=536870912 -XX:MaxTenuringThreshold=8 -XX:NewRatio=3 -XX:OldPLABSize=16 -XX:OnOutOfMemoryError=/opt/solr/bin/oom_solr.sh 8983 /var/solr/logs -XX:ParallelGCThreads=4 -XX:+ParallelRefProcEnabled -XX:PretenureSizeThreshold=67108864 -XX:+PrintGC -XX:+PrintGCApplicationStoppedTime -XX:+PrintGCDateStamps -XX:+PrintGCDetails -XX:+PrintGCTimeStamps -XX:+PrintHeapAtGC -XX:+PrintTenuringDistribution -XX:SurvivorRatio=4 -XX:TargetSurvivorRatio=90 -XX:ThreadStackSize=256 -XX:+UseCMSInitiatingOccupancyOnly -XX:+UseCompressedClassPointers -XX:+UseCompressedOops -XX:+UseConcMarkSweepGC -XX:+UseParNewGC 
2017-03-02T17:22:04.890+0100: 0,141: Total time for which application threads were stopped: 0,0000657 seconds, Stopping threads took: 0,0000087 seconds
2017-03-02T17:22:04.967+0100: 0,219: Total time for which application threads were stopped: 0,0001488 seconds, Stopping threads took: 0,0000134 seconds
2017-03-02T17:22:04.987+0100: 0,238: Total time for which application threads were stopped: 0,0001691 seconds, Stopping threads took: 0,0000583 seconds
2017-03-02T17:22:05.230+0100: 0,481: Total time for which application threads were stopped: 0,0001463 seconds, Stopping threads took: 0,0000154 seconds
2017-03-02T17:22:05.679+0100: 0,930: Total time for which application threads were stopped: 0,0001367 seconds, Stopping threads took: 0,0000105 seconds
2017-03-02T17:22:05.811+0100: 1,063: Total time for which application threads were stopped: 0,0001515 seconds, Stopping threads took: 0,0000145 seconds
2017-03-02T17:22:05.834+0100: 1,085: Total time for which application threads were stopped: 0,0001834 seconds, Stopping threads took: 0,0000233 seconds
2017-03-02T17:22:06.090+0100: 1,341: Total time for which application threads were stopped: 0,0007413 seconds, Stopping threads took: 0,0001083 seconds
2017-03-02T17:22:06.310+0100: 1,561: Total time for which application threads were stopped: 0,0002136 seconds, Stopping threads took: 0,0000256 seconds
2017-03-02T17:22:06.336+0100: 1,587: Total time for which application threads were stopped: 0,0001769 seconds, Stopping threads took: 0,0000203 seconds
2017-03-02T17:22:06.371+0100: 1,622: Total time for which application threads were stopped: 0,0002422 seconds, Stopping threads took: 0,0000262 seconds
2017-03-02T17:22:06.372+0100: 1,623: Total time for which application threads were stopped: 0,0002537 seconds, Stopping threads took: 0,0000214 seconds
2017-03-02T17:22:06.387+0100: 1,638: Total time for which application threads were stopped: 0,0002279 seconds, Stopping threads took: 0,0000468 seconds
2017-03-02T17:22:06.492+0100: 1,743: Total time for which application threads were stopped: 0,0002270 seconds, Stopping threads took: 0,0000261 seconds
2017-03-02T17:22:06.644+0100: 1,895: Total time for which application threads were stopped: 0,0005110 seconds, Stopping threads took: 0,0002867 seconds
{Heap before GC invocations=0 (full 0):
 par new generation   total 109248K, used 87424K [0x00000000e0000000, 0x00000000e8000000, 0x00000000e8000000)
  eden space 87424K, 100% used [0x00000000e0000000, 0x00000000e5560000, 0x00000000e5560000)
  from space 21824K,   0% used [0x00000000e5560000, 0x00000000e5560000, 0x00000000e6ab0000)
  to   space 21824K,   0% used [0x00000000e6ab0000, 0x00000000e6ab0000, 0x00000000e8000000)
 concurrent mark-sweep generation total 393216K, used 0K [0x00000000e8000000, 0x0000000100000000, 0x0000000100000000)
 Metaspace       used 18074K, capacity 18400K, committed 18688K, reserved 1064960K
  class space    used 2044K, capacity 2196K, committed 2304K, reserved 1048576K
2017-03-02T17:22:06.734+0100: 1,985: [GC (Allocation Failure) 2017-03-02T17:22:06.734+0100: 1,985: [ParNew
Desired survivor size 20112992 bytes, new threshold 8 (max 8)
- age   1:   12628424 bytes,   12628424 total
: 87424K->12452K(109248K), 0,0172441 secs] 87424K->12452K(502464K), 0,0173484 secs] [Times: user=0,03 sys=0,02, real=0,02 secs] 
Heap after GC invocations=1 (full 0):
 par new generation   total 109248K, used 12452K [0x00000000e0000000, 0x00000000e8000000, 0x00000000e8000000)
  eden space 87424K,   0% used [0x00000000e0000000, 0x00000000e0000000, 0x00000000e5560000)
  from space 21824K,  57% used [0x00000000e6ab0000, 0x00000000e76d9120, 0x00000000e8000000)
  to   space 21824K,   0% used [0x00000000e5560000, 0x00000000e5560000, 0x00000000e6ab0000)
 concurrent mark-sweep generation total 393216K, used 0K [0x00000000e8000000, 0x0000000100000000, 0x0000000100000000)
 Metaspace       used 18074K, capacity 18400K, committed 18688K, reserved 1064960K
  class space    used 2044K, capacity 2196K, committed 2304K, reserved 1048576K
}
2017-03-02T17:22:06.751+0100: 2,002: Total time for which application threads were stopped: 0,0175851 seconds, Stopping threads took: 0,0000461 seconds
2017-03-02T17:22:07.053+0100: 2,304: Total time for which application threads were stopped: 0,0003351 seconds, Stopping threads took: 0,0000482 seconds
{Heap before GC invocations=1 (full 0):
 par new generation   total 109248K, used 99876K [0x00000000e0000000, 0x00000000e8000000, 0x00000000e8000000)
  eden space 87424K, 100% used [0x00000000e0000000, 0x00000000e5560000, 0x00000000e5560000)
  from space 21824K,  57% used [0x00000000e6ab0000, 0x00000000e76d9120, 0x00000000e8000000)
  to   space 21824K,   0% used [0x00000000e5560000, 0x00000000e5560000, 0x00000000e6ab0000)
 concurrent mark-sweep generation total 393216K, used 0K [0x00000000e8000000, 0x0000000100000000, 0x0000000100000000)
 Metaspace       used 20083K, capacity 20414K, committed 20736K, reserved 1067008K
  class space    used 2292K, capacity 2465K, committed 2560K, reserved 1048576K
2017-03-02T17:22:07.121+0100: 2,372: [GC (Allocation Failure) 2017-03-02T17:22:07.121+0100: 2,372: [ParNew
Desired survivor size 20112992 bytes, new threshold 8 (max 8)
- age   1:    3623288 bytes,    3623288 total
- age   2:    6671440 bytes,   10294728 total
: 99876K->13818K(109248K), 0,0139044 secs] 99876K->13818K(502464K), 0,0139888 secs] [Times: user=0,05 sys=0,01, real=0,02 secs] 
Heap after GC invocations=2 (full 0):
 par new generation   total 109248K, used 13818K [0x00000000e0000000, 0x00000000e8000000, 0x00000000e8000000)
  eden space 87424K,   0% used [0x00000000e0000000, 0x00000000e0000000, 0x00000000e5560000)
  from space 21824K,  63% used [0x00000000e5560000, 0x00000000e62de988, 0x00000000e6ab0000)
  to   space 21824K,   0% used [0x00000000e6ab0000, 0x00000000e6ab0000, 0x00000000e8000000)
 concurrent mark-sweep generation total 393216K, used 0K [0x00000000e8000000, 0x0000000100000000, 0x0000000100000000)
 Metaspace       used 20083K, capacity 20414K, committed 20736K, reserved 1067008K
  class space    used 2292K, capacity 2465K, committed 2560K, reserved 1048576K
}
2017-03-02T17:22:07.135+0100: 2,386: Total time for which application threads were stopped: 0,0143679 seconds, Stopping threads took: 0,0002319 seconds
2017-03-02T17:22:07.143+0100: 2,394: Total time for which application threads were stopped: 0,0025967 seconds, Stopping threads took: 0,0022912 seconds
2017-03-02T17:22:07.184+0100: 2,435: Total time for which application threads were stopped: 0,0002681 seconds, Stopping threads took: 0,0000130 seconds
2017-03-02T17:22:07.297+0100: 2,548: Total time for which application threads were stopped: 0,0002031 seconds, Stopping threads took: 0,0000392 seconds
{Heap before GC invocations=2 (full 0):
 par new generation   total 109248K, used 101242K [0x00000000e0000000, 0x00000000e8000000, 0x00000000e8000000)
  eden space 87424K, 100% used [0x00000000e0000000, 0x00000000e5560000, 0x00000000e5560000)
  from space 21824K,  63% used [0x00000000e5560000, 0x00000000e62de988, 0x00000000e6ab0000)
  to   space 21824K,   0% used [0x00000000e6ab0000, 0x00000000e6ab0000, 0x00000000e8000000)
 concurrent mark-sweep generation total 393216K, used 0K [0x00000000e8000000, 0x0000000100000000, 0x0000000100000000)
 Metaspace       used 21002K, capacity 21336K, committed 21628K, reserved 1069056K
  class space    used 2417K, capacity 2584K, committed 2684K, reserved 1048576K
2017-03-02T17:22:07.341+0100: 2,593: [GC (Allocation Failure) 2017-03-02T17:22:07.341+0100: 2,593: [ParNew
Desired survivor size 20112992 bytes, new threshold 8 (max 8)
- age   1:    2252472 bytes,    2252472 total
- age   2:     857240 bytes,    3109712 total
- age   3:    6660120 bytes,    9769832 total
: 101242K->12924K(109248K), 0,0184255 secs] 101242K->12924K(502464K), 0,0185164 secs] [Times: user=0,08 sys=0,00, real=0,02 secs] 
Heap after GC invocations=3 (full 0):
 par new generation   total 109248K, used 12924K [0x00000000e0000000, 0x00000000e8000000, 0x00000000e8000000)
  eden space 87424K,   0% used [0x00000000e0000000, 0x00000000e0000000, 0x00000000e5560000)
  from space 21824K,  59% used [0x00000000e6ab0000, 0x00000000e774f0d8, 0x00000000e8000000)
  to   space 21824K,   0% used [0x00000000e5560000, 0x00000000e5560000, 0x00000000e6ab0000)
 concurrent mark-sweep generation total 393216K, used 0K [0x00000000e8000000, 0x0000000100000000, 0x0000000100000000)
 Metaspace       used 21002K, capacity 21336K, committed 21628K, reserved 1069056K
  class space    used 2417K, capacity 2584K, committed 2684K, reserved 1048576K
}
2017-03-02T17:22:07.360+0100: 2,611: Total time for which application threads were stopped: 0,0198012 seconds, Stopping threads took: 0,0011305 seconds
2017-03-02T17:22:07.360+0100: 2,611: [GC (CMS Initial Mark) [1 CMS-initial-mark: 0K(393216K)] 13660K(502464K), 0,0034635 secs] [Times: user=0,01 sys=0,00, real=0,01 secs] 
2017-03-02T17:22:07.364+0100: 2,615: Total time for which application threads were stopped: 0,0036394 seconds, Stopping threads took: 0,0000748 seconds
2017-03-02T17:22:07.364+0100: 2,615: [CMS-concurrent-mark-start]
2017-03-02T17:22:07.368+0100: 2,619: [CMS-concurrent-mark: 0,004/0,004 secs] [Times: user=0,02 sys=0,00, real=0,00 secs] 
2017-03-02T17:22:07.368+0100: 2,619: [CMS-concurrent-preclean-start]
2017-03-02T17:22:07.369+0100: 2,620: [CMS-concurrent-preclean: 0,001/0,001 secs] [Times: user=0,00 sys=0,00, real=0,00 secs] 
2017-03-02T17:22:07.369+0100: 2,620: [CMS-concurrent-abortable-preclean-start]
2017-03-02T17:22:07.419+0100: 2,670: Total time for which application threads were stopped: 0,0036604 seconds, Stopping threads took: 0,0035770 seconds
{Heap before GC invocations=3 (full 1):
 par new generation   total 109248K, used 100348K [0x00000000e0000000, 0x00000000e8000000, 0x00000000e8000000)
  eden space 87424K, 100% used [0x00000000e0000000, 0x00000000e5560000, 0x00000000e5560000)
  from space 21824K,  59% used [0x00000000e6ab0000, 0x00000000e774f0d8, 0x00000000e8000000)
  to   space 21824K,   0% used [0x00000000e5560000, 0x00000000e5560000, 0x00000000e6ab0000)
 concurrent mark-sweep generation total 393216K, used 0K [0x00000000e8000000, 0x0000000100000000, 0x0000000100000000)
 Metaspace       used 21248K, capacity 21600K, committed 21884K, reserved 1069056K
  class space    used 2446K, capacity 2597K, committed 2684K, reserved 1048576K
2017-03-02T17:22:07.455+0100: 2,707: [GC (Allocation Failure) 2017-03-02T17:22:07.455+0100: 2,707: [ParNew
Desired survivor size 20112992 bytes, new threshold 8 (max 8)
- age   1:    1342176 bytes,    1342176 total
- age   2:    1445152 bytes,    2787328 total
- age   3:     823832 bytes,    3611160 total
- age   4:    6660120 bytes,   10271280 total
: 100348K->12534K(109248K), 0,0157252 secs] 100348K->12534K(502464K), 0,0158070 secs] [Times: user=0,04 sys=0,00, real=0,02 secs] 
Heap after GC invocations=4 (full 1):
 par new generation   total 109248K, used 12534K [0x00000000e0000000, 0x00000000e8000000, 0x00000000e8000000)
  eden space 87424K,   0% used [0x00000000e0000000, 0x00000000e0000000, 0x00000000e5560000)
  from space 21824K,  57% used [0x00000000e5560000, 0x00000000e619da70, 0x00000000e6ab0000)
  to   space 21824K,   0% used [0x00000000e6ab0000, 0x00000000e6ab0000, 0x00000000e8000000)
 concurrent mark-sweep generation total 393216K, used 0K [0x00000000e8000000, 0x0000000100000000, 0x0000000100000000)
 Metaspace       used 21248K, capacity 21600K, committed 21884K, reserved 1069056K
  class space    used 2446K, capacity 2597K, committed 2684K, reserved 1048576K
}
2017-03-02T17:22:07.471+0100: 2,722: Total time for which application threads were stopped: 0,0161823 seconds, Stopping threads took: 0,0002308 seconds
2017-03-02T17:22:07.471+0100: 2,722: [CMS-concurrent-abortable-preclean: 0,047/0,102 secs] [Times: user=0,35 sys=0,01, real=0,11 secs] 
2017-03-02T17:22:07.475+0100: 2,726: [GC (CMS Final Remark) [YG occupancy: 18043 K (109248 K)]{Heap before GC invocations=4 (full 1):
 par new generation   total 109248K, used 18043K [0x00000000e0000000, 0x00000000e8000000, 0x00000000e8000000)
  eden space 87424K,   6% used [0x00000000e0000000, 0x00000000e05611b0, 0x00000000e5560000)
  from space 21824K,  57% used [0x00000000e5560000, 0x00000000e619da70, 0x00000000e6ab0000)
  to   space 21824K,   0% used [0x00000000e6ab0000, 0x00000000e6ab0000, 0x00000000e8000000)
 concurrent mark-sweep generation total 393216K, used 0K [0x00000000e8000000, 0x0000000100000000, 0x0000000100000000)
 Metaspace       used 21256K, capacity 21606K, committed 21884K, reserved 1069056K
  class space    used 2447K, capacity 2598K, committed 2684K, reserved 1048576K
2017-03-02T17:22:07.475+0100: 2,726: [GC (CMS Final Remark) 2017-03-02T17:22:07.475+0100: 2,726: [ParNew
Desired survivor size 20112992 bytes, new threshold 8 (max 8)
- age   1:     352912 bytes,     352912 total
- age   2:     663200 bytes,    1016112 total
- age   3:    1445152 bytes,    2461264 total
- age   4:     823816 bytes,    3285080 total
- age   5:    6660648 bytes,    9945728 total
: 18043K->15358K(109248K), 0,0087135 secs] 18043K->15358K(502464K), 0,0087523 secs] [Times: user=0,03 sys=0,00, real=0,01 secs] 
Heap after GC invocations=5 (full 1):
 par new generation   total 109248K, used 15358K [0x00000000e0000000, 0x00000000e8000000, 0x00000000e8000000)
  eden space 87424K,   0% used [0x00000000e0000000, 0x00000000e0000000, 0x00000000e5560000)
  from space 21824K,  70% used [0x00000000e6ab0000, 0x00000000e79afad8, 0x00000000e8000000)
  to   space 21824K,   0% used [0x00000000e5560000, 0x00000000e5560000, 0x00000000e6ab0000)
 concurrent mark-sweep generation total 393216K, used 0K [0x00000000e8000000, 0x0000000100000000, 0x0000000100000000)
 Metaspace       used 21256K, capacity 21606K, committed 21884K, reserved 1069056K
  class space    used 2447K, capacity 2598K, committed 2684K, reserved 1048576K
}
2017-03-02T17:22:07.484+0100: 2,735: [Rescan (parallel) , 0,0033415 secs]2017-03-02T17:22:07.487+0100: 2,738: [weak refs processing, 0,0007473 secs]2017-03-02T17:22:07.488+0100: 2,739: [class unloading, 0,0028500 secs]2017-03-02T17:22:07.491+0100: 2,742: [scrub symbol table, 0,0024110 secs]2017-03-02T17:22:07.493+0100: 2,744: [scrub string table, 0,0003690 secs][1 CMS-remark: 0K(393216K)] 15358K(502464K), 0,0191069 secs] [Times: user=0,05 sys=0,00, real=0,02 secs] 
2017-03-02T17:22:07.494+0100: 2,745: Total time for which application threads were stopped: 0,0192452 seconds, Stopping threads took: 0,0000585 seconds
2017-03-02T17:22:07.494+0100: 2,745: [CMS-concurrent-sweep-start]
2017-03-02T17:22:07.494+0100: 2,745: [CMS-concurrent-sweep: 0,000/0,000 secs] [Times: user=0,00 sys=0,00, real=0,00 secs] 
2017-03-02T17:22:07.494+0100: 2,746: [CMS-concurrent-reset-start]
2017-03-02T17:22:07.496+0100: 2,747: [CMS-concurrent-reset: 0,002/0,002 secs] [Times: user=0,01 sys=0,00, real=0,00 secs] 
{Heap before GC invocations=5 (full 1):
 par new generation   total 109248K, used 102782K [0x00000000e0000000, 0x00000000e8000000, 0x00000000e8000000)
  eden space 87424K, 100% used [0x00000000e0000000, 0x00000000e5560000, 0x00000000e5560000)
  from space 21824K,  70% used [0x00000000e6ab0000, 0x00000000e79afad8, 0x00000000e8000000)
  to   space 21824K,   0% used [0x00000000e5560000, 0x00000000e5560000, 0x00000000e6ab0000)
 concurrent mark-sweep generation total 393216K, used 0K [0x00000000e8000000, 0x0000000100000000, 0x0000000100000000)
 Metaspace       used 21391K, capacity 21784K, committed 21884K, reserved 1069056K
  class space    used 2466K, capacity 2633K, committed 2684K, reserved 1048576K
2017-03-02T17:22:07.579+0100: 2,830: [GC (Allocation Failure) 2017-03-02T17:22:07.579+0100: 2,830: [ParNew
Desired survivor size 20112992 bytes, new threshold 8 (max 8)
- age   1:     413648 bytes,     413648 total
- age   2:       8312 bytes,     421960 total
- age   3:     177568 bytes,     599528 total
- age   4:    1445048 bytes,    2044576 total
- age   5:     823752 bytes,    2868328 total
- age   6:    6660104 bytes,    9528432 total
: 102782K->12710K(109248K), 0,0101806 secs] 102782K->12710K(502464K), 0,0102479 secs] [Times: user=0,03 sys=0,00, real=0,01 secs] 
Heap after GC invocations=6 (full 1):
 par new generation   total 109248K, used 12710K [0x00000000e0000000, 0x00000000e8000000, 0x00000000e8000000)
  eden space 87424K,   0% used [0x00000000e0000000, 0x00000000e0000000, 0x00000000e5560000)
  from space 21824K,  58% used [0x00000000e5560000, 0x00000000e61c9b60, 0x00000000e6ab0000)
  to   space 21824K,   0% used [0x00000000e6ab0000, 0x00000000e6ab0000, 0x00000000e8000000)
 concurrent mark-sweep generation total 393216K, used 0K [0x00000000e8000000, 0x0000000100000000, 0x0000000100000000)
 Metaspace       used 21391K, capacity 21784K, committed 21884K, reserved 1069056K
  class space    used 2466K, capacity 2633K, committed 2684K, reserved 1048576K
}
2017-03-02T17:22:07.589+0100: 2,841: Total time for which application threads were stopped: 0,0104196 seconds, Stopping threads took: 0,0000387 seconds
2017-03-02T17:22:07.614+0100: 2,865: Total time for which application threads were stopped: 0,0003051 seconds, Stopping threads took: 0,0000180 seconds
2017-03-02T17:22:07.789+0100: 3,040: Total time for which application threads were stopped: 0,0005628 seconds, Stopping threads took: 0,0000470 seconds
2017-03-02T17:22:07.803+0100: 3,054: Total time for which application threads were stopped: 0,0004082 seconds, Stopping threads took: 0,0000335 seconds
{Heap before GC invocations=6 (full 1):
 par new generation   total 109248K, used 100134K [0x00000000e0000000, 0x00000000e8000000, 0x00000000e8000000)
  eden space 87424K, 100% used [0x00000000e0000000, 0x00000000e5560000, 0x00000000e5560000)
  from space 21824K,  58% used [0x00000000e5560000, 0x00000000e61c9b60, 0x00000000e6ab0000)
  to   space 21824K,   0% used [0x00000000e6ab0000, 0x00000000e6ab0000, 0x00000000e8000000)
 concurrent mark-sweep generation total 393216K, used 0K [0x00000000e8000000, 0x0000000100000000, 0x0000000100000000)
 Metaspace       used 24430K, capacity 24868K, committed 25084K, reserved 1071104K
  class space    used 2864K, capacity 3041K, committed 3068K, reserved 1048576K
2017-03-02T17:22:08.007+0100: 3,259: [GC (Allocation Failure) 2017-03-02T17:22:08.007+0100: 3,259: [ParNew
Desired survivor size 20112992 bytes, new threshold 8 (max 8)
- age   1:    5378176 bytes,    5378176 total
- age   2:     128112 bytes,    5506288 total
- age   3:       8208 bytes,    5514496 total
- age   4:     176144 bytes,    5690640 total
- age   5:     270048 bytes,    5960688 total
- age   6:     796688 bytes,    6757376 total
- age   7:    6651360 bytes,   13408736 total
: 100134K->16257K(109248K), 0,0127331 secs] 100134K->16257K(502464K), 0,0128075 secs] [Times: user=0,05 sys=0,00, real=0,01 secs] 
Heap after GC invocations=7 (full 1):
 par new generation   total 109248K, used 16257K [0x00000000e0000000, 0x00000000e8000000, 0x00000000e8000000)
  eden space 87424K,   0% used [0x00000000e0000000, 0x00000000e0000000, 0x00000000e5560000)
  from space 21824K,  74% used [0x00000000e6ab0000, 0x00000000e7a90520, 0x00000000e8000000)
  to   space 21824K,   0% used [0x00000000e5560000, 0x00000000e5560000, 0x00000000e6ab0000)
 concurrent mark-sweep generation total 393216K, used 0K [0x00000000e8000000, 0x0000000100000000, 0x0000000100000000)
 Metaspace       used 24430K, capacity 24868K, committed 25084K, reserved 1071104K
  class space    used 2864K, capacity 3041K, committed 3068K, reserved 1048576K
}
2017-03-02T17:22:08.020+0100: 3,271: Total time for which application threads were stopped: 0,0130811 seconds, Stopping threads took: 0,0000650 seconds
{Heap before GC invocations=7 (full 1):
 par new generation   total 109248K, used 103681K [0x00000000e0000000, 0x00000000e8000000, 0x00000000e8000000)
  eden space 87424K, 100% used [0x00000000e0000000, 0x00000000e5560000, 0x00000000e5560000)
  from space 21824K,  74% used [0x00000000e6ab0000, 0x00000000e7a90520, 0x00000000e8000000)
  to   space 21824K,   0% used [0x00000000e5560000, 0x00000000e5560000, 0x00000000e6ab0000)
 concurrent mark-sweep generation total 393216K, used 0K [0x00000000e8000000, 0x0000000100000000, 0x0000000100000000)
 Metaspace       used 24995K, capacity 25434K, committed 25724K, reserved 1071104K
  class space    used 2909K, capacity 3077K, committed 3196K, reserved 1048576K
2017-03-02T17:22:08.159+0100: 3,410: [GC (Allocation Failure) 2017-03-02T17:22:08.159+0100: 3,410: [ParNew
Desired survivor size 20112992 bytes, new threshold 8 (max 8)
- age   1:    1061816 bytes,    1061816 total
- age   2:    1424552 bytes,    2486368 total
- age   3:      60168 bytes,    2546536 total
- age   4:       5048 bytes,    2551584 total
- age   5:     104416 bytes,    2656000 total
- age   6:     180368 bytes,    2836368 total
- age   7:     745584 bytes,    3581952 total
- age   8:    6118416 bytes,    9700368 total
: 103681K->13727K(109248K), 0,0115233 secs] 103681K->13727K(502464K), 0,0116098 secs] [Times: user=0,04 sys=0,00, real=0,01 secs] 
Heap after GC invocations=8 (full 1):
 par new generation   total 109248K, used 13727K [0x00000000e0000000, 0x00000000e8000000, 0x00000000e8000000)
  eden space 87424K,   0% used [0x00000000e0000000, 0x00000000e0000000, 0x00000000e5560000)
  from space 21824K,  62% used [0x00000000e5560000, 0x00000000e62c7e50, 0x00000000e6ab0000)
  to   space 21824K,   0% used [0x00000000e6ab0000, 0x00000000e6ab0000, 0x00000000e8000000)
 concurrent mark-sweep generation total 393216K, used 0K [0x00000000e8000000, 0x0000000100000000, 0x0000000100000000)
 Metaspace       used 24995K, capacity 25434K, committed 25724K, reserved 1071104K
  class space    used 2909K, capacity 3077K, committed 3196K, reserved 1048576K
}
2017-03-02T17:22:08.170+0100: 3,421: Total time for which application threads were stopped: 0,0128832 seconds, Stopping threads took: 0,0011044 seconds
2017-03-02T17:22:08.333+0100: 3,584: Total time for which application threads were stopped: 0,0004356 seconds, Stopping threads took: 0,0000691 seconds
2017-03-02T17:22:08.347+0100: 3,598: Total time for which application threads were stopped: 0,0004077 seconds, Stopping threads took: 0,0000718 seconds
2017-03-02T17:22:08.445+0100: 3,696: Total time for which application threads were stopped: 0,0005171 seconds, Stopping threads took: 0,0000363 seconds
2017-03-02T17:22:08.798+0100: 4,049: Total time for which application threads were stopped: 0,0010726 seconds, Stopping threads took: 0,0000802 seconds
2017-03-02T17:22:11.798+0100: 7,049: Total time for which application threads were stopped: 0,0000684 seconds, Stopping threads took: 0,0000150 seconds
2017-03-02T17:24:11.813+0100: 127,064: Total time for which application threads were stopped: 0,0000832 seconds, Stopping threads took: 0,0000328 seconds
2017-03-02T17:24:21.814+0100: 137,065: Total time for which application threads were stopped: 0,0001093 seconds, Stopping threads took: 0,0000377 seconds
2017-03-02T17:25:05.820+0100: 181,071: Total time for which application threads were stopped: 0,0000841 seconds, Stopping threads took: 0,0000324 seconds
2017-03-02T17:26:35.832+0100: 271,083: Total time for which application threads were stopped: 0,0000927 seconds, Stopping threads took: 0,0000325 seconds
2017-03-02T17:45:36.018+0100: 1411,269: Total time for which application threads were stopped: 0,0001698 seconds, Stopping threads took: 0,0000591 seconds
2017-03-02T17:49:21.057+0100: 1636,308: Total time for which application threads were stopped: 0,0002189 seconds, Stopping threads took: 0,0000726 seconds
2017-03-02T17:49:26.058+0100: 1641,309: Total time for which application threads were stopped: 0,0001403 seconds, Stopping threads took: 0,0000292 seconds
2017-03-02T17:53:09.102+0100: 1864,353: Total time for which application threads were stopped: 0,0002544 seconds, Stopping threads took: 0,0001547 seconds
2017-03-02T17:53:09.114+0100: 1864,366: Total time for which application threads were stopped: 0,0037036 seconds, Stopping threads took: 0,0035537 seconds
2017-03-02T17:53:09.127+0100: 1864,379: Total time for which application threads were stopped: 0,0001483 seconds, Stopping threads took: 0,0000311 seconds
Heap
 par new generation   total 109248K, used 79235K [0x00000000e0000000, 0x00000000e8000000, 0x00000000e8000000)
  eden space 87424K,  74% used [0x00000000e0000000, 0x00000000e3ff8e28, 0x00000000e5560000)
  from space 21824K,  62% used [0x00000000e5560000, 0x00000000e62c7e50, 0x00000000e6ab0000)
  to   space 21824K,   0% used [0x00000000e6ab0000, 0x00000000e6ab0000, 0x00000000e8000000)
 concurrent mark-sweep generation total 393216K, used 0K [0x00000000e8000000, 0x0000000100000000, 0x0000000100000000)
 Metaspace       used 28061K, capacity 28580K, committed 28796K, reserved 1075200K
  class space    used 3225K, capacity 3418K, committed 3452K, reserved 1048576K
