OpenJDK 64-Bit Server VM (25.121-b13) for linux-amd64 JRE (1.8.0_121-8u121-b13-0ubuntu1.16.04.2-b13), built on Jan 23 2017 15:51:29 by "buildd" with gcc 5.4.0 20160609
Memory: 4k page, physical 7867760k(7449672k free), swap 8076284k(8076284k free)
CommandLine flags: -XX:CMSInitiatingOccupancyFraction=50 -XX:CMSMaxAbortablePrecleanTime=6000 -XX:+CMSParallelRemarkEnabled -XX:+CMSScavengeBeforeRemark -XX:ConcGCThreads=4 -XX:InitialHeapSize=536870912 -XX:MaxHeapSize=536870912 -XX:MaxTenuringThreshold=8 -XX:NewRatio=3 -XX:OldPLABSize=16 -XX:OnOutOfMemoryError=/opt/solr/bin/oom_solr.sh 8983 /var/solr/logs -XX:ParallelGCThreads=4 -XX:+ParallelRefProcEnabled -XX:PretenureSizeThreshold=67108864 -XX:+PrintGC -XX:+PrintGCApplicationStoppedTime -XX:+PrintGCDateStamps -XX:+PrintGCDetails -XX:+PrintGCTimeStamps -XX:+PrintHeapAtGC -XX:+PrintTenuringDistribution -XX:SurvivorRatio=4 -XX:TargetSurvivorRatio=90 -XX:ThreadStackSize=256 -XX:+UseCMSInitiatingOccupancyOnly -XX:+UseCompressedClassPointers -XX:+UseCompressedOops -XX:+UseConcMarkSweepGC -XX:+UseParNewGC 
2017-03-23T08:21:18.664+0100: 0,117: Total time for which application threads were stopped: 0,0000682 seconds, Stopping threads took: 0,0000133 seconds
2017-03-23T08:21:18.753+0100: 0,205: Total time for which application threads were stopped: 0,0000901 seconds, Stopping threads took: 0,0000145 seconds
2017-03-23T08:21:18.767+0100: 0,220: Total time for which application threads were stopped: 0,0000743 seconds, Stopping threads took: 0,0000125 seconds
2017-03-23T08:21:19.015+0100: 0,467: Total time for which application threads were stopped: 0,0001194 seconds, Stopping threads took: 0,0000103 seconds
2017-03-23T08:21:19.408+0100: 0,860: Total time for which application threads were stopped: 0,0001633 seconds, Stopping threads took: 0,0000167 seconds
2017-03-23T08:21:19.526+0100: 0,978: Total time for which application threads were stopped: 0,0001837 seconds, Stopping threads took: 0,0000201 seconds
2017-03-23T08:21:19.597+0100: 1,049: Total time for which application threads were stopped: 0,0008515 seconds, Stopping threads took: 0,0006616 seconds
2017-03-23T08:21:19.990+0100: 1,442: Total time for which application threads were stopped: 0,0002242 seconds, Stopping threads took: 0,0000179 seconds
2017-03-23T08:21:20.244+0100: 1,696: Total time for which application threads were stopped: 0,0001792 seconds, Stopping threads took: 0,0000116 seconds
2017-03-23T08:21:20.275+0100: 1,728: Total time for which application threads were stopped: 0,0001696 seconds, Stopping threads took: 0,0000163 seconds
2017-03-23T08:21:20.306+0100: 1,758: Total time for which application threads were stopped: 0,0002633 seconds, Stopping threads took: 0,0000264 seconds
2017-03-23T08:21:20.307+0100: 1,760: Total time for which application threads were stopped: 0,0001765 seconds, Stopping threads took: 0,0000205 seconds
2017-03-23T08:21:20.327+0100: 1,779: Total time for which application threads were stopped: 0,0001732 seconds, Stopping threads took: 0,0000221 seconds
2017-03-23T08:21:20.419+0100: 1,871: Total time for which application threads were stopped: 0,0002365 seconds, Stopping threads took: 0,0000206 seconds
2017-03-23T08:21:20.606+0100: 2,058: Total time for which application threads were stopped: 0,0003066 seconds, Stopping threads took: 0,0000853 seconds
{Heap before GC invocations=0 (full 0):
 par new generation   total 109248K, used 87424K [0x00000000e0000000, 0x00000000e8000000, 0x00000000e8000000)
  eden space 87424K, 100% used [0x00000000e0000000, 0x00000000e5560000, 0x00000000e5560000)
  from space 21824K,   0% used [0x00000000e5560000, 0x00000000e5560000, 0x00000000e6ab0000)
  to   space 21824K,   0% used [0x00000000e6ab0000, 0x00000000e6ab0000, 0x00000000e8000000)
 concurrent mark-sweep generation total 393216K, used 0K [0x00000000e8000000, 0x0000000100000000, 0x0000000100000000)
 Metaspace       used 18014K, capacity 18336K, committed 18688K, reserved 1064960K
  class space    used 2037K, capacity 2196K, committed 2304K, reserved 1048576K
2017-03-23T08:21:20.701+0100: 2,154: [GC (Allocation Failure) 2017-03-23T08:21:20.701+0100: 2,154: [ParNew
Desired survivor size 20112992 bytes, new threshold 8 (max 8)
- age   1:   12417776 bytes,   12417776 total
: 87424K->12234K(109248K), 0,0157449 secs] 87424K->12234K(502464K), 0,0158488 secs] [Times: user=0,05 sys=0,01, real=0,02 secs] 
Heap after GC invocations=1 (full 0):
 par new generation   total 109248K, used 12234K [0x00000000e0000000, 0x00000000e8000000, 0x00000000e8000000)
  eden space 87424K,   0% used [0x00000000e0000000, 0x00000000e0000000, 0x00000000e5560000)
  from space 21824K,  56% used [0x00000000e6ab0000, 0x00000000e76a2b48, 0x00000000e8000000)
  to   space 21824K,   0% used [0x00000000e5560000, 0x00000000e5560000, 0x00000000e6ab0000)
 concurrent mark-sweep generation total 393216K, used 0K [0x00000000e8000000, 0x0000000100000000, 0x0000000100000000)
 Metaspace       used 18014K, capacity 18336K, committed 18688K, reserved 1064960K
  class space    used 2037K, capacity 2196K, committed 2304K, reserved 1048576K
}
2017-03-23T08:21:20.717+0100: 2,170: Total time for which application threads were stopped: 0,0178862 seconds, Stopping threads took: 0,0018340 seconds
2017-03-23T08:21:21.033+0100: 2,486: Total time for which application threads were stopped: 0,0003307 seconds, Stopping threads took: 0,0000378 seconds
{Heap before GC invocations=1 (full 0):
 par new generation   total 109248K, used 99658K [0x00000000e0000000, 0x00000000e8000000, 0x00000000e8000000)
  eden space 87424K, 100% used [0x00000000e0000000, 0x00000000e5560000, 0x00000000e5560000)
  from space 21824K,  56% used [0x00000000e6ab0000, 0x00000000e76a2b48, 0x00000000e8000000)
  to   space 21824K,   0% used [0x00000000e5560000, 0x00000000e5560000, 0x00000000e6ab0000)
 concurrent mark-sweep generation total 393216K, used 0K [0x00000000e8000000, 0x0000000100000000, 0x0000000100000000)
 Metaspace       used 20049K, capacity 20374K, committed 20736K, reserved 1067008K
  class space    used 2298K, capacity 2475K, committed 2560K, reserved 1048576K
2017-03-23T08:21:21.074+0100: 2,526: [GC (Allocation Failure) 2017-03-23T08:21:21.074+0100: 2,526: [ParNew
Desired survivor size 20112992 bytes, new threshold 8 (max 8)
- age   1:    3524008 bytes,    3524008 total
- age   2:    6647832 bytes,   10171840 total
: 99658K->13726K(109248K), 0,0100680 secs] 99658K->13726K(502464K), 0,0101356 secs] [Times: user=0,04 sys=0,00, real=0,01 secs] 
Heap after GC invocations=2 (full 0):
 par new generation   total 109248K, used 13726K [0x00000000e0000000, 0x00000000e8000000, 0x00000000e8000000)
  eden space 87424K,   0% used [0x00000000e0000000, 0x00000000e0000000, 0x00000000e5560000)
  from space 21824K,  62% used [0x00000000e5560000, 0x00000000e62c7bc8, 0x00000000e6ab0000)
  to   space 21824K,   0% used [0x00000000e6ab0000, 0x00000000e6ab0000, 0x00000000e8000000)
 concurrent mark-sweep generation total 393216K, used 0K [0x00000000e8000000, 0x0000000100000000, 0x0000000100000000)
 Metaspace       used 20049K, capacity 20374K, committed 20736K, reserved 1067008K
  class space    used 2298K, capacity 2475K, committed 2560K, reserved 1048576K
}
2017-03-23T08:21:21.084+0100: 2,536: Total time for which application threads were stopped: 0,0103153 seconds, Stopping threads took: 0,0000491 seconds
2017-03-23T08:21:21.086+0100: 2,538: Total time for which application threads were stopped: 0,0003190 seconds, Stopping threads took: 0,0000568 seconds
2017-03-23T08:21:21.122+0100: 2,575: Total time for which application threads were stopped: 0,0003897 seconds, Stopping threads took: 0,0000654 seconds
2017-03-23T08:21:21.260+0100: 2,712: Total time for which application threads were stopped: 0,0001983 seconds, Stopping threads took: 0,0000420 seconds
{Heap before GC invocations=2 (full 0):
 par new generation   total 109248K, used 101150K [0x00000000e0000000, 0x00000000e8000000, 0x00000000e8000000)
  eden space 87424K, 100% used [0x00000000e0000000, 0x00000000e5560000, 0x00000000e5560000)
  from space 21824K,  62% used [0x00000000e5560000, 0x00000000e62c7bc8, 0x00000000e6ab0000)
  to   space 21824K,   0% used [0x00000000e6ab0000, 0x00000000e6ab0000, 0x00000000e8000000)
 concurrent mark-sweep generation total 393216K, used 0K [0x00000000e8000000, 0x0000000100000000, 0x0000000100000000)
 Metaspace       used 21018K, capacity 21360K, committed 21552K, reserved 1069056K
  class space    used 2421K, capacity 2594K, committed 2608K, reserved 1048576K
2017-03-23T08:21:21.295+0100: 2,747: [GC (Allocation Failure) 2017-03-23T08:21:21.295+0100: 2,747: [ParNew
Desired survivor size 20112992 bytes, new threshold 8 (max 8)
- age   1:    2134560 bytes,    2134560 total
- age   2:     856392 bytes,    2990952 total
- age   3:    6644072 bytes,    9635024 total
: 101150K->12793K(109248K), 0,0112432 secs] 101150K->12793K(502464K), 0,0113146 secs] [Times: user=0,04 sys=0,00, real=0,02 secs] 
Heap after GC invocations=3 (full 0):
 par new generation   total 109248K, used 12793K [0x00000000e0000000, 0x00000000e8000000, 0x00000000e8000000)
  eden space 87424K,   0% used [0x00000000e0000000, 0x00000000e0000000, 0x00000000e5560000)
  from space 21824K,  58% used [0x00000000e6ab0000, 0x00000000e772e570, 0x00000000e8000000)
  to   space 21824K,   0% used [0x00000000e5560000, 0x00000000e5560000, 0x00000000e6ab0000)
 concurrent mark-sweep generation total 393216K, used 0K [0x00000000e8000000, 0x0000000100000000, 0x0000000100000000)
 Metaspace       used 21018K, capacity 21360K, committed 21552K, reserved 1069056K
  class space    used 2421K, capacity 2594K, committed 2608K, reserved 1048576K
}
2017-03-23T08:21:21.306+0100: 2,758: Total time for which application threads were stopped: 0,0123776 seconds, Stopping threads took: 0,0009317 seconds
2017-03-23T08:21:21.306+0100: 2,759: [GC (CMS Initial Mark) [1 CMS-initial-mark: 0K(393216K)] 13489K(502464K), 0,0036896 secs] [Times: user=0,01 sys=0,00, real=0,00 secs] 
2017-03-23T08:21:21.310+0100: 2,762: Total time for which application threads were stopped: 0,0037983 seconds, Stopping threads took: 0,0000263 seconds
2017-03-23T08:21:21.310+0100: 2,762: [CMS-concurrent-mark-start]
2017-03-23T08:21:21.311+0100: 2,763: [CMS-concurrent-mark: 0,001/0,001 secs] [Times: user=0,00 sys=0,00, real=0,00 secs] 
2017-03-23T08:21:21.311+0100: 2,763: [CMS-concurrent-preclean-start]
2017-03-23T08:21:21.312+0100: 2,764: [CMS-concurrent-preclean: 0,001/0,001 secs] [Times: user=0,01 sys=0,00, real=0,00 secs] 
2017-03-23T08:21:21.312+0100: 2,764: [GC (CMS Final Remark) [YG occupancy: 14218 K (109248 K)]{Heap before GC invocations=3 (full 1):
 par new generation   total 109248K, used 14218K [0x00000000e0000000, 0x00000000e8000000, 0x00000000e8000000)
  eden space 87424K,   1% used [0x00000000e0000000, 0x00000000e0164348, 0x00000000e5560000)
  from space 21824K,  58% used [0x00000000e6ab0000, 0x00000000e772e570, 0x00000000e8000000)
  to   space 21824K,   0% used [0x00000000e5560000, 0x00000000e5560000, 0x00000000e6ab0000)
 concurrent mark-sweep generation total 393216K, used 0K [0x00000000e8000000, 0x0000000100000000, 0x0000000100000000)
 Metaspace       used 21018K, capacity 21360K, committed 21552K, reserved 1069056K
  class space    used 2421K, capacity 2594K, committed 2608K, reserved 1048576K
2017-03-23T08:21:21.312+0100: 2,764: [GC (CMS Final Remark) 2017-03-23T08:21:21.312+0100: 2,764: [ParNew
Desired survivor size 20112992 bytes, new threshold 8 (max 8)
- age   1:       1064 bytes,       1064 total
- age   2:    1989816 bytes,    1990880 total
- age   3:     856392 bytes,    2847272 total
- age   4:    6643864 bytes,    9491136 total
: 14218K->12374K(109248K), 0,0176046 secs] 14218K->12374K(502464K), 0,0176621 secs] [Times: user=0,06 sys=0,00, real=0,02 secs] 
Heap after GC invocations=4 (full 1):
 par new generation   total 109248K, used 12374K [0x00000000e0000000, 0x00000000e8000000, 0x00000000e8000000)
  eden space 87424K,   0% used [0x00000000e0000000, 0x00000000e0000000, 0x00000000e5560000)
  from space 21824K,  56% used [0x00000000e5560000, 0x00000000e6175a70, 0x00000000e6ab0000)
  to   space 21824K,   0% used [0x00000000e6ab0000, 0x00000000e6ab0000, 0x00000000e8000000)
 concurrent mark-sweep generation total 393216K, used 0K [0x00000000e8000000, 0x0000000100000000, 0x0000000100000000)
 Metaspace       used 21018K, capacity 21360K, committed 21552K, reserved 1069056K
  class space    used 2421K, capacity 2594K, committed 2608K, reserved 1048576K
}
2017-03-23T08:21:21.330+0100: 2,782: [Rescan (parallel) , 0,0072079 secs]2017-03-23T08:21:21.337+0100: 2,789: [weak refs processing, 0,0016312 secs]2017-03-23T08:21:21.339+0100: 2,791: [class unloading, 0,0028517 secs]2017-03-23T08:21:21.342+0100: 2,794: [scrub symbol table, 0,0029881 secs]2017-03-23T08:21:21.345+0100: 2,797: [scrub string table, 0,0003627 secs][1 CMS-remark: 0K(393216K)] 12374K(502464K), 0,0333821 secs] [Times: user=0,10 sys=0,00, real=0,04 secs] 
2017-03-23T08:21:21.345+0100: 2,798: Total time for which application threads were stopped: 0,0335110 seconds, Stopping threads took: 0,0000311 seconds
2017-03-23T08:21:21.346+0100: 2,798: [CMS-concurrent-sweep-start]
2017-03-23T08:21:21.346+0100: 2,798: [CMS-concurrent-sweep: 0,000/0,000 secs] [Times: user=0,00 sys=0,00, real=0,00 secs] 
2017-03-23T08:21:21.346+0100: 2,798: [CMS-concurrent-reset-start]
2017-03-23T08:21:21.348+0100: 2,800: [CMS-concurrent-reset: 0,002/0,002 secs] [Times: user=0,00 sys=0,00, real=0,00 secs] 
{Heap before GC invocations=4 (full 1):
 par new generation   total 109248K, used 99798K [0x00000000e0000000, 0x00000000e8000000, 0x00000000e8000000)
  eden space 87424K, 100% used [0x00000000e0000000, 0x00000000e5560000, 0x00000000e5560000)
  from space 21824K,  56% used [0x00000000e5560000, 0x00000000e6175a70, 0x00000000e6ab0000)
  to   space 21824K,   0% used [0x00000000e6ab0000, 0x00000000e6ab0000, 0x00000000e8000000)
 concurrent mark-sweep generation total 393216K, used 0K [0x00000000e8000000, 0x0000000100000000, 0x0000000100000000)
 Metaspace       used 21236K, capacity 21636K, committed 21936K, reserved 1069056K
  class space    used 2450K, capacity 2609K, committed 2736K, reserved 1048576K
2017-03-23T08:21:21.439+0100: 2,892: [GC (Allocation Failure) 2017-03-23T08:21:21.439+0100: 2,892: [ParNew
Desired survivor size 20112992 bytes, new threshold 8 (max 8)
- age   1:     395584 bytes,     395584 total
- age   2:        416 bytes,     396000 total
- age   3:    1479216 bytes,    1875216 total
- age   4:     823016 bytes,    2698232 total
- age   5:    6643952 bytes,    9342184 total
: 99798K->11783K(109248K), 0,0094814 secs] 99798K->11783K(502464K), 0,0095445 secs] [Times: user=0,04 sys=0,00, real=0,01 secs] 
Heap after GC invocations=5 (full 1):
 par new generation   total 109248K, used 11783K [0x00000000e0000000, 0x00000000e8000000, 0x00000000e8000000)
  eden space 87424K,   0% used [0x00000000e0000000, 0x00000000e0000000, 0x00000000e5560000)
  from space 21824K,  53% used [0x00000000e6ab0000, 0x00000000e7631c30, 0x00000000e8000000)
  to   space 21824K,   0% used [0x00000000e5560000, 0x00000000e5560000, 0x00000000e6ab0000)
 concurrent mark-sweep generation total 393216K, used 0K [0x00000000e8000000, 0x0000000100000000, 0x0000000100000000)
 Metaspace       used 21236K, capacity 21636K, committed 21936K, reserved 1069056K
  class space    used 2450K, capacity 2609K, committed 2736K, reserved 1048576K
}
2017-03-23T08:21:21.449+0100: 2,901: Total time for which application threads were stopped: 0,0097593 seconds, Stopping threads took: 0,0000728 seconds
{Heap before GC invocations=5 (full 1):
 par new generation   total 109248K, used 99207K [0x00000000e0000000, 0x00000000e8000000, 0x00000000e8000000)
  eden space 87424K, 100% used [0x00000000e0000000, 0x00000000e5560000, 0x00000000e5560000)
  from space 21824K,  53% used [0x00000000e6ab0000, 0x00000000e7631c30, 0x00000000e8000000)
  to   space 21824K,   0% used [0x00000000e5560000, 0x00000000e5560000, 0x00000000e6ab0000)
 concurrent mark-sweep generation total 393216K, used 0K [0x00000000e8000000, 0x0000000100000000, 0x0000000100000000)
 Metaspace       used 21386K, capacity 21802K, committed 21936K, reserved 1069056K
  class space    used 2470K, capacity 2642K, committed 2736K, reserved 1048576K
2017-03-23T08:21:21.532+0100: 2,984: [GC (Allocation Failure) 2017-03-23T08:21:21.532+0100: 2,984: [ParNew
Desired survivor size 20112992 bytes, new threshold 8 (max 8)
- age   1:     714424 bytes,     714424 total
- age   2:     189392 bytes,     903816 total
- age   3:        416 bytes,     904232 total
- age   4:    1478968 bytes,    2383200 total
- age   5:     822904 bytes,    3206104 total
- age   6:    6643968 bytes,    9850072 total
: 99207K->11498K(109248K), 0,0098877 secs] 99207K->11498K(502464K), 0,0099562 secs] [Times: user=0,03 sys=0,00, real=0,01 secs] 
Heap after GC invocations=6 (full 1):
 par new generation   total 109248K, used 11498K [0x00000000e0000000, 0x00000000e8000000, 0x00000000e8000000)
  eden space 87424K,   0% used [0x00000000e0000000, 0x00000000e0000000, 0x00000000e5560000)
  from space 21824K,  52% used [0x00000000e5560000, 0x00000000e609aab0, 0x00000000e6ab0000)
  to   space 21824K,   0% used [0x00000000e6ab0000, 0x00000000e6ab0000, 0x00000000e8000000)
 concurrent mark-sweep generation total 393216K, used 0K [0x00000000e8000000, 0x0000000100000000, 0x0000000100000000)
 Metaspace       used 21386K, capacity 21802K, committed 21936K, reserved 1069056K
  class space    used 2470K, capacity 2642K, committed 2736K, reserved 1048576K
}
2017-03-23T08:21:21.542+0100: 2,994: Total time for which application threads were stopped: 0,0101710 seconds, Stopping threads took: 0,0000747 seconds
2017-03-23T08:21:21.580+0100: 3,032: Total time for which application threads were stopped: 0,0003679 seconds, Stopping threads took: 0,0000821 seconds
2017-03-23T08:21:21.788+0100: 3,240: Total time for which application threads were stopped: 0,0005382 seconds, Stopping threads took: 0,0000391 seconds
2017-03-23T08:21:21.805+0100: 3,257: Total time for which application threads were stopped: 0,0004181 seconds, Stopping threads took: 0,0000453 seconds
{Heap before GC invocations=6 (full 1):
 par new generation   total 109248K, used 98922K [0x00000000e0000000, 0x00000000e8000000, 0x00000000e8000000)
  eden space 87424K, 100% used [0x00000000e0000000, 0x00000000e5560000, 0x00000000e5560000)
  from space 21824K,  52% used [0x00000000e5560000, 0x00000000e609aab0, 0x00000000e6ab0000)
  to   space 21824K,   0% used [0x00000000e6ab0000, 0x00000000e6ab0000, 0x00000000e8000000)
 concurrent mark-sweep generation total 393216K, used 0K [0x00000000e8000000, 0x0000000100000000, 0x0000000100000000)
 Metaspace       used 23875K, capacity 24338K, committed 24624K, reserved 1071104K
  class space    used 2816K, capacity 3018K, committed 3120K, reserved 1048576K
2017-03-23T08:21:21.944+0100: 3,397: [GC (Allocation Failure) 2017-03-23T08:21:21.944+0100: 3,397: [ParNew
Desired survivor size 20112992 bytes, new threshold 8 (max 8)
- age   1:    5469672 bytes,    5469672 total
- age   2:     105528 bytes,    5575200 total
- age   3:     187984 bytes,    5763184 total
- age   4:        392 bytes,    5763576 total
- age   5:     301576 bytes,    6065152 total
- age   6:     798608 bytes,    6863760 total
- age   7:    6635560 bytes,   13499320 total
: 98922K->16728K(109248K), 0,0114242 secs] 98922K->16728K(502464K), 0,0114868 secs] [Times: user=0,04 sys=0,00, real=0,01 secs] 
Heap after GC invocations=7 (full 1):
 par new generation   total 109248K, used 16728K [0x00000000e0000000, 0x00000000e8000000, 0x00000000e8000000)
  eden space 87424K,   0% used [0x00000000e0000000, 0x00000000e0000000, 0x00000000e5560000)
  from space 21824K,  76% used [0x00000000e6ab0000, 0x00000000e7b06180, 0x00000000e8000000)
  to   space 21824K,   0% used [0x00000000e5560000, 0x00000000e5560000, 0x00000000e6ab0000)
 concurrent mark-sweep generation total 393216K, used 0K [0x00000000e8000000, 0x0000000100000000, 0x0000000100000000)
 Metaspace       used 23875K, capacity 24338K, committed 24624K, reserved 1071104K
  class space    used 2816K, capacity 3018K, committed 3120K, reserved 1048576K
}
2017-03-23T08:21:21.956+0100: 3,408: Total time for which application threads were stopped: 0,0125306 seconds, Stopping threads took: 0,0008254 seconds
{Heap before GC invocations=7 (full 1):
 par new generation   total 109248K, used 104152K [0x00000000e0000000, 0x00000000e8000000, 0x00000000e8000000)
  eden space 87424K, 100% used [0x00000000e0000000, 0x00000000e5560000, 0x00000000e5560000)
  from space 21824K,  76% used [0x00000000e6ab0000, 0x00000000e7b06180, 0x00000000e8000000)
  to   space 21824K,   0% used [0x00000000e5560000, 0x00000000e5560000, 0x00000000e6ab0000)
 concurrent mark-sweep generation total 393216K, used 0K [0x00000000e8000000, 0x0000000100000000, 0x0000000100000000)
 Metaspace       used 24532K, capacity 24952K, committed 25136K, reserved 1071104K
  class space    used 2875K, capacity 3051K, committed 3120K, reserved 1048576K
2017-03-23T08:21:22.077+0100: 3,529: [GC (Allocation Failure) 2017-03-23T08:21:22.077+0100: 3,530: [ParNew
Desired survivor size 20112992 bytes, new threshold 8 (max 8)
- age   1:    1981920 bytes,    1981920 total
- age   2:    1828040 bytes,    3809960 total
- age   3:      52424 bytes,    3862384 total
- age   4:     103824 bytes,    3966208 total
- age   5:        392 bytes,    3966600 total
- age   6:     183736 bytes,    4150336 total
- age   7:     769344 bytes,    4919680 total
- age   8:    6103136 bytes,   11022816 total
: 104152K->17967K(109248K), 0,0259132 secs] 104152K->17967K(502464K), 0,0260035 secs] [Times: user=0,06 sys=0,00, real=0,02 secs] 
Heap after GC invocations=8 (full 1):
 par new generation   total 109248K, used 17967K [0x00000000e0000000, 0x00000000e8000000, 0x00000000e8000000)
  eden space 87424K,   0% used [0x00000000e0000000, 0x00000000e0000000, 0x00000000e5560000)
  from space 21824K,  82% used [0x00000000e5560000, 0x00000000e66ebd50, 0x00000000e6ab0000)
  to   space 21824K,   0% used [0x00000000e6ab0000, 0x00000000e6ab0000, 0x00000000e8000000)
 concurrent mark-sweep generation total 393216K, used 0K [0x00000000e8000000, 0x0000000100000000, 0x0000000100000000)
 Metaspace       used 24532K, capacity 24952K, committed 25136K, reserved 1071104K
  class space    used 2875K, capacity 3051K, committed 3120K, reserved 1048576K
}
2017-03-23T08:21:22.103+0100: 3,556: Total time for which application threads were stopped: 0,0424431 seconds, Stopping threads took: 0,0138005 seconds
{Heap before GC invocations=8 (full 1):
 par new generation   total 109248K, used 105391K [0x00000000e0000000, 0x00000000e8000000, 0x00000000e8000000)
  eden space 87424K, 100% used [0x00000000e0000000, 0x00000000e5560000, 0x00000000e5560000)
  from space 21824K,  82% used [0x00000000e5560000, 0x00000000e66ebd50, 0x00000000e6ab0000)
  to   space 21824K,   0% used [0x00000000e6ab0000, 0x00000000e6ab0000, 0x00000000e8000000)
 concurrent mark-sweep generation total 393216K, used 0K [0x00000000e8000000, 0x0000000100000000, 0x0000000100000000)
 Metaspace       used 24958K, capacity 25394K, committed 25648K, reserved 1071104K
  class space    used 2912K, capacity 3088K, committed 3120K, reserved 1048576K
2017-03-23T08:21:22.218+0100: 3,670: [GC (Allocation Failure) 2017-03-23T08:21:22.218+0100: 3,670: [ParNew
Desired survivor size 20112992 bytes, new threshold 8 (max 8)
- age   1:     936704 bytes,     936704 total
- age   2:    1056448 bytes,    1993152 total
- age   3:    1805328 bytes,    3798480 total
- age   4:      52424 bytes,    3850904 total
- age   5:     103720 bytes,    3954624 total
- age   6:        392 bytes,    3955016 total
- age   7:     183400 bytes,    4138416 total
- age   8:     769344 bytes,    4907760 total
: 105391K->7106K(109248K), 0,0279126 secs] 105391K->13149K(502464K), 0,0279845 secs] [Times: user=0,10 sys=0,00, real=0,03 secs] 
Heap after GC invocations=9 (full 1):
 par new generation   total 109248K, used 7106K [0x00000000e0000000, 0x00000000e8000000, 0x00000000e8000000)
  eden space 87424K,   0% used [0x00000000e0000000, 0x00000000e0000000, 0x00000000e5560000)
  from space 21824K,  32% used [0x00000000e6ab0000, 0x00000000e71a0ba8, 0x00000000e8000000)
  to   space 21824K,   0% used [0x00000000e5560000, 0x00000000e5560000, 0x00000000e6ab0000)
 concurrent mark-sweep generation total 393216K, used 6042K [0x00000000e8000000, 0x0000000100000000, 0x0000000100000000)
 Metaspace       used 24958K, capacity 25394K, committed 25648K, reserved 1071104K
  class space    used 2912K, capacity 3088K, committed 3120K, reserved 1048576K
}
2017-03-23T08:21:22.246+0100: 3,698: Total time for which application threads were stopped: 0,0282408 seconds, Stopping threads took: 0,0001068 seconds
2017-03-23T08:21:22.466+0100: 3,919: Total time for which application threads were stopped: 0,0004293 seconds, Stopping threads took: 0,0000200 seconds
2017-03-23T08:21:22.479+0100: 3,931: Total time for which application threads were stopped: 0,0004162 seconds, Stopping threads took: 0,0000223 seconds
2017-03-23T08:21:22.528+0100: 3,980: Total time for which application threads were stopped: 0,0003512 seconds, Stopping threads took: 0,0000135 seconds
2017-03-23T08:21:22.598+0100: 4,050: Total time for which application threads were stopped: 0,0007204 seconds, Stopping threads took: 0,0003127 seconds
2017-03-23T08:21:22.615+0100: 4,067: Total time for which application threads were stopped: 0,0007601 seconds, Stopping threads took: 0,0006545 seconds
2017-03-23T08:21:22.622+0100: 4,074: Total time for which application threads were stopped: 0,0001170 seconds, Stopping threads took: 0,0000392 seconds
2017-03-23T08:21:22.637+0100: 4,089: Total time for which application threads were stopped: 0,0019438 seconds, Stopping threads took: 0,0018646 seconds
2017-03-23T08:21:22.637+0100: 4,089: Total time for which application threads were stopped: 0,0001120 seconds, Stopping threads took: 0,0000229 seconds
2017-03-23T08:21:22.639+0100: 4,091: Total time for which application threads were stopped: 0,0005071 seconds, Stopping threads took: 0,0000329 seconds
2017-03-23T08:21:22.639+0100: 4,092: Total time for which application threads were stopped: 0,0000918 seconds, Stopping threads took: 0,0000203 seconds
2017-03-23T08:21:22.642+0100: 4,094: Total time for which application threads were stopped: 0,0001472 seconds, Stopping threads took: 0,0000635 seconds
2017-03-23T08:21:22.643+0100: 4,095: Total time for which application threads were stopped: 0,0001342 seconds, Stopping threads took: 0,0000606 seconds
2017-03-23T08:21:22.644+0100: 4,096: Total time for which application threads were stopped: 0,0001421 seconds, Stopping threads took: 0,0000664 seconds
2017-03-23T08:21:22.645+0100: 4,097: Total time for which application threads were stopped: 0,0000987 seconds, Stopping threads took: 0,0000331 seconds
2017-03-23T08:21:22.645+0100: 4,097: Total time for which application threads were stopped: 0,0000506 seconds, Stopping threads took: 0,0000169 seconds
2017-03-23T08:21:22.645+0100: 4,097: Total time for which application threads were stopped: 0,0006000 seconds, Stopping threads took: 0,0005600 seconds
2017-03-23T08:21:22.645+0100: 4,098: Total time for which application threads were stopped: 0,0001443 seconds, Stopping threads took: 0,0001028 seconds
2017-03-23T08:21:22.649+0100: 4,102: Total time for which application threads were stopped: 0,0037555 seconds, Stopping threads took: 0,0037146 seconds
2017-03-23T08:21:22.650+0100: 4,102: Total time for which application threads were stopped: 0,0000582 seconds, Stopping threads took: 0,0000149 seconds
2017-03-23T08:21:22.651+0100: 4,103: Total time for which application threads were stopped: 0,0000450 seconds, Stopping threads took: 0,0000104 seconds
2017-03-23T08:21:22.651+0100: 4,103: Total time for which application threads were stopped: 0,0000570 seconds, Stopping threads took: 0,0000122 seconds
2017-03-23T08:21:22.652+0100: 4,104: Total time for which application threads were stopped: 0,0001765 seconds, Stopping threads took: 0,0001178 seconds
2017-03-23T08:21:22.653+0100: 4,105: Total time for which application threads were stopped: 0,0001422 seconds, Stopping threads took: 0,0000994 seconds
2017-03-23T08:21:22.654+0100: 4,106: Total time for which application threads were stopped: 0,0000651 seconds, Stopping threads took: 0,0000204 seconds
2017-03-23T08:21:22.654+0100: 4,106: Total time for which application threads were stopped: 0,0001088 seconds, Stopping threads took: 0,0000124 seconds
2017-03-23T08:21:22.659+0100: 4,111: Total time for which application threads were stopped: 0,0000918 seconds, Stopping threads took: 0,0000202 seconds
2017-03-23T08:21:22.661+0100: 4,113: Total time for which application threads were stopped: 0,0001485 seconds, Stopping threads took: 0,0000624 seconds
2017-03-23T08:21:22.661+0100: 4,114: Total time for which application threads were stopped: 0,0000741 seconds, Stopping threads took: 0,0000151 seconds
2017-03-23T08:21:22.662+0100: 4,114: Total time for which application threads were stopped: 0,0000665 seconds, Stopping threads took: 0,0000154 seconds
2017-03-23T08:21:22.667+0100: 4,119: Total time for which application threads were stopped: 0,0001376 seconds, Stopping threads took: 0,0000383 seconds
2017-03-23T08:21:22.668+0100: 4,120: Total time for which application threads were stopped: 0,0001273 seconds, Stopping threads took: 0,0000453 seconds
2017-03-23T08:21:23.668+0100: 5,120: Total time for which application threads were stopped: 0,0000689 seconds, Stopping threads took: 0,0000195 seconds
2017-03-23T08:21:24.668+0100: 6,120: Total time for which application threads were stopped: 0,0000741 seconds, Stopping threads took: 0,0000165 seconds
2017-03-23T08:21:44.671+0100: 26,123: Total time for which application threads were stopped: 0,0000872 seconds, Stopping threads took: 0,0000209 seconds
2017-03-23T08:21:50.671+0100: 32,123: Total time for which application threads were stopped: 0,0000689 seconds, Stopping threads took: 0,0000198 seconds
2017-03-23T08:22:50.679+0100: 92,131: Total time for which application threads were stopped: 0,0000694 seconds, Stopping threads took: 0,0000204 seconds
2017-03-23T08:23:25.684+0100: 127,137: Total time for which application threads were stopped: 0,0001599 seconds, Stopping threads took: 0,0000640 seconds
2017-03-23T08:23:30.686+0100: 132,138: Total time for which application threads were stopped: 0,0001406 seconds, Stopping threads took: 0,0000340 seconds
{Heap before GC invocations=9 (full 1):
 par new generation   total 109248K, used 94530K [0x00000000e0000000, 0x00000000e8000000, 0x00000000e8000000)
  eden space 87424K, 100% used [0x00000000e0000000, 0x00000000e5560000, 0x00000000e5560000)
  from space 21824K,  32% used [0x00000000e6ab0000, 0x00000000e71a0ba8, 0x00000000e8000000)
  to   space 21824K,   0% used [0x00000000e5560000, 0x00000000e5560000, 0x00000000e6ab0000)
 concurrent mark-sweep generation total 393216K, used 6042K [0x00000000e8000000, 0x0000000100000000, 0x0000000100000000)
 Metaspace       used 28019K, capacity 28514K, committed 28848K, reserved 1075200K
  class space    used 3218K, capacity 3396K, committed 3504K, reserved 1048576K
2017-03-23T08:24:14.432+0100: 175,884: [GC (Allocation Failure) 2017-03-23T08:24:14.432+0100: 175,884: [ParNew
Desired survivor size 20112992 bytes, new threshold 8 (max 8)
- age   1:   10708136 bytes,   10708136 total
- age   2:     255024 bytes,   10963160 total
- age   3:     271312 bytes,   11234472 total
- age   4:    1800576 bytes,   13035048 total
- age   5:      52424 bytes,   13087472 total
- age   6:     103592 bytes,   13191064 total
- age   7:        392 bytes,   13191456 total
- age   8:     183304 bytes,   13374760 total
: 94530K->15306K(109248K), 0,0173610 secs] 100573K->22198K(502464K), 0,0175354 secs] [Times: user=0,04 sys=0,01, real=0,02 secs] 
Heap after GC invocations=10 (full 1):
 par new generation   total 109248K, used 15306K [0x00000000e0000000, 0x00000000e8000000, 0x00000000e8000000)
  eden space 87424K,   0% used [0x00000000e0000000, 0x00000000e0000000, 0x00000000e5560000)
  from space 21824K,  70% used [0x00000000e5560000, 0x00000000e6452aa0, 0x00000000e6ab0000)
  to   space 21824K,   0% used [0x00000000e6ab0000, 0x00000000e6ab0000, 0x00000000e8000000)
 concurrent mark-sweep generation total 393216K, used 6891K [0x00000000e8000000, 0x0000000100000000, 0x0000000100000000)
 Metaspace       used 28019K, capacity 28514K, committed 28848K, reserved 1075200K
  class space    used 3218K, capacity 3396K, committed 3504K, reserved 1048576K
}
2017-03-23T08:24:14.450+0100: 175,902: Total time for which application threads were stopped: 0,0178176 seconds, Stopping threads took: 0,0000444 seconds
2017-03-23T08:24:19.451+0100: 180,903: Total time for which application threads were stopped: 0,0001151 seconds, Stopping threads took: 0,0000681 seconds
2017-03-23T08:25:54.460+0100: 275,912: Total time for which application threads were stopped: 0,0001816 seconds, Stopping threads took: 0,0000814 seconds
2017-03-23T08:25:55.460+0100: 276,913: Total time for which application threads were stopped: 0,0001475 seconds, Stopping threads took: 0,0000366 seconds
2017-03-23T08:44:54.574+0100: 1416,026: Total time for which application threads were stopped: 0,0000847 seconds, Stopping threads took: 0,0000338 seconds
2017-03-23T08:46:17.582+0100: 1499,034: Total time for which application threads were stopped: 0,0000905 seconds, Stopping threads took: 0,0000171 seconds
2017-03-23T08:46:17.596+0100: 1499,048: Total time for which application threads were stopped: 0,0007457 seconds, Stopping threads took: 0,0006695 seconds
2017-03-23T08:46:17.597+0100: 1499,049: Total time for which application threads were stopped: 0,0000926 seconds, Stopping threads took: 0,0000299 seconds
2017-03-23T08:46:17.628+0100: 1499,080: Total time for which application threads were stopped: 0,0001291 seconds, Stopping threads took: 0,0000294 seconds
2017-03-23T08:46:17.633+0100: 1499,085: Total time for which application threads were stopped: 0,0008375 seconds, Stopping threads took: 0,0000220 seconds
Heap
 par new generation   total 109248K, used 36271K [0x00000000e0000000, 0x00000000e8000000, 0x00000000e8000000)
  eden space 87424K,  23% used [0x00000000e0000000, 0x00000000e1479258, 0x00000000e5560000)
  from space 21824K,  70% used [0x00000000e5560000, 0x00000000e6452aa0, 0x00000000e6ab0000)
  to   space 21824K,   0% used [0x00000000e6ab0000, 0x00000000e6ab0000, 0x00000000e8000000)
 concurrent mark-sweep generation total 393216K, used 6891K [0x00000000e8000000, 0x0000000100000000, 0x0000000100000000)
 Metaspace       used 28131K, capacity 28684K, committed 28848K, reserved 1075200K
  class space    used 3232K, capacity 3431K, committed 3504K, reserved 1048576K
