OpenJDK 64-Bit Server VM (25.131-b11) for linux-amd64 JRE (1.8.0_131-8u131-b11-0ubuntu1.16.04.2-b11), built on May  6 2017 02:45:27 by "buildd" with gcc 5.4.0 20160609
Memory: 4k page, physical 7867740k(7411420k free), swap 8076284k(8076284k free)
CommandLine flags: -XX:CMSInitiatingOccupancyFraction=50 -XX:CMSMaxAbortablePrecleanTime=6000 -XX:+CMSParallelRemarkEnabled -XX:+CMSScavengeBeforeRemark -XX:ConcGCThreads=4 -XX:InitialHeapSize=536870912 -XX:MaxHeapSize=536870912 -XX:MaxTenuringThreshold=8 -XX:NewRatio=3 -XX:OldPLABSize=16 -XX:OnOutOfMemoryError=/opt/solr/bin/oom_solr.sh 8983 /var/solr/logs -XX:ParallelGCThreads=4 -XX:+ParallelRefProcEnabled -XX:PretenureSizeThreshold=67108864 -XX:+PrintGC -XX:+PrintGCApplicationStoppedTime -XX:+PrintGCDateStamps -XX:+PrintGCDetails -XX:+PrintGCTimeStamps -XX:+PrintHeapAtGC -XX:+PrintTenuringDistribution -XX:SurvivorRatio=4 -XX:TargetSurvivorRatio=90 -XX:ThreadStackSize=256 -XX:+UseCMSInitiatingOccupancyOnly -XX:+UseCompressedClassPointers -XX:+UseCompressedOops -XX:+UseConcMarkSweepGC -XX:+UseParNewGC 
2017-06-27T09:01:19.619+0200: 0,133: Total time for which application threads were stopped: 0,0000998 seconds, Stopping threads took: 0,0000156 seconds
2017-06-27T09:01:19.708+0200: 0,222: Total time for which application threads were stopped: 0,0001063 seconds, Stopping threads took: 0,0000152 seconds
2017-06-27T09:01:19.721+0200: 0,235: Total time for which application threads were stopped: 0,0000801 seconds, Stopping threads took: 0,0000099 seconds
2017-06-27T09:01:19.958+0200: 0,471: Total time for which application threads were stopped: 0,0001485 seconds, Stopping threads took: 0,0000167 seconds
2017-06-27T09:01:20.379+0200: 0,892: Total time for which application threads were stopped: 0,0001536 seconds, Stopping threads took: 0,0000127 seconds
2017-06-27T09:01:20.532+0200: 1,045: Total time for which application threads were stopped: 0,0001821 seconds, Stopping threads took: 0,0000271 seconds
2017-06-27T09:01:20.611+0200: 1,124: Total time for which application threads were stopped: 0,0002565 seconds, Stopping threads took: 0,0000426 seconds
2017-06-27T09:01:20.966+0200: 1,480: Total time for which application threads were stopped: 0,0001840 seconds, Stopping threads took: 0,0000173 seconds
2017-06-27T09:01:21.221+0200: 1,735: Total time for which application threads were stopped: 0,0002232 seconds, Stopping threads took: 0,0000197 seconds
2017-06-27T09:01:21.250+0200: 1,763: Total time for which application threads were stopped: 0,0001912 seconds, Stopping threads took: 0,0000186 seconds
2017-06-27T09:01:21.284+0200: 1,797: Total time for which application threads were stopped: 0,0001921 seconds, Stopping threads took: 0,0000187 seconds
2017-06-27T09:01:21.285+0200: 1,799: Total time for which application threads were stopped: 0,0001631 seconds, Stopping threads took: 0,0000139 seconds
2017-06-27T09:01:21.305+0200: 1,819: Total time for which application threads were stopped: 0,0001708 seconds, Stopping threads took: 0,0000187 seconds
2017-06-27T09:01:21.383+0200: 1,896: Total time for which application threads were stopped: 0,0002406 seconds, Stopping threads took: 0,0000204 seconds
2017-06-27T09:01:21.546+0200: 2,059: Total time for which application threads were stopped: 0,0037375 seconds, Stopping threads took: 0,0035227 seconds
{Heap before GC invocations=0 (full 0):
 par new generation   total 109248K, used 87424K [0x00000000e0000000, 0x00000000e8000000, 0x00000000e8000000)
  eden space 87424K, 100% used [0x00000000e0000000, 0x00000000e5560000, 0x00000000e5560000)
  from space 21824K,   0% used [0x00000000e5560000, 0x00000000e5560000, 0x00000000e6ab0000)
  to   space 21824K,   0% used [0x00000000e6ab0000, 0x00000000e6ab0000, 0x00000000e8000000)
 concurrent mark-sweep generation total 393216K, used 0K [0x00000000e8000000, 0x0000000100000000, 0x0000000100000000)
 Metaspace       used 18021K, capacity 18336K, committed 18688K, reserved 1064960K
  class space    used 2036K, capacity 2196K, committed 2304K, reserved 1048576K
2017-06-27T09:01:21.634+0200: 2,147: [GC (Allocation Failure) 2017-06-27T09:01:21.634+0200: 2,147: [ParNew
Desired survivor size 20112992 bytes, new threshold 8 (max 8)
- age   1:   12595216 bytes,   12595216 total
: 87424K->12408K(109248K), 0,0159128 secs] 87424K->12408K(502464K), 0,0159832 secs] [Times: user=0,05 sys=0,02, real=0,01 secs] 
Heap after GC invocations=1 (full 0):
 par new generation   total 109248K, used 12408K [0x00000000e0000000, 0x00000000e8000000, 0x00000000e8000000)
  eden space 87424K,   0% used [0x00000000e0000000, 0x00000000e0000000, 0x00000000e5560000)
  from space 21824K,  56% used [0x00000000e6ab0000, 0x00000000e76ce048, 0x00000000e8000000)
  to   space 21824K,   0% used [0x00000000e5560000, 0x00000000e5560000, 0x00000000e6ab0000)
 concurrent mark-sweep generation total 393216K, used 0K [0x00000000e8000000, 0x0000000100000000, 0x0000000100000000)
 Metaspace       used 18021K, capacity 18336K, committed 18688K, reserved 1064960K
  class space    used 2036K, capacity 2196K, committed 2304K, reserved 1048576K
}
2017-06-27T09:01:21.650+0200: 2,163: Total time for which application threads were stopped: 0,0164857 seconds, Stopping threads took: 0,0002919 seconds
2017-06-27T09:01:21.936+0200: 2,450: Total time for which application threads were stopped: 0,0003913 seconds, Stopping threads took: 0,0000579 seconds
2017-06-27T09:01:21.979+0200: 2,492: Total time for which application threads were stopped: 0,0004120 seconds, Stopping threads took: 0,0000619 seconds
{Heap before GC invocations=1 (full 0):
 par new generation   total 109248K, used 99832K [0x00000000e0000000, 0x00000000e8000000, 0x00000000e8000000)
  eden space 87424K, 100% used [0x00000000e0000000, 0x00000000e5560000, 0x00000000e5560000)
  from space 21824K,  56% used [0x00000000e6ab0000, 0x00000000e76ce048, 0x00000000e8000000)
  to   space 21824K,   0% used [0x00000000e5560000, 0x00000000e5560000, 0x00000000e6ab0000)
 concurrent mark-sweep generation total 393216K, used 0K [0x00000000e8000000, 0x0000000100000000, 0x0000000100000000)
 Metaspace       used 20065K, capacity 20430K, committed 20736K, reserved 1067008K
  class space    used 2298K, capacity 2471K, committed 2560K, reserved 1048576K
2017-06-27T09:01:21.983+0200: 2,497: [GC (Allocation Failure) 2017-06-27T09:01:21.983+0200: 2,497: [ParNew
Desired survivor size 20112992 bytes, new threshold 8 (max 8)
- age   1:    3837064 bytes,    3837064 total
- age   2:    6664840 bytes,   10501904 total
: 99832K->11802K(109248K), 0,0109108 secs] 99832K->11802K(502464K), 0,0109819 secs] [Times: user=0,04 sys=0,00, real=0,01 secs] 
Heap after GC invocations=2 (full 0):
 par new generation   total 109248K, used 11802K [0x00000000e0000000, 0x00000000e8000000, 0x00000000e8000000)
  eden space 87424K,   0% used [0x00000000e0000000, 0x00000000e0000000, 0x00000000e5560000)
  from space 21824K,  54% used [0x00000000e5560000, 0x00000000e60e6800, 0x00000000e6ab0000)
  to   space 21824K,   0% used [0x00000000e6ab0000, 0x00000000e6ab0000, 0x00000000e8000000)
 concurrent mark-sweep generation total 393216K, used 0K [0x00000000e8000000, 0x0000000100000000, 0x0000000100000000)
 Metaspace       used 20065K, capacity 20430K, committed 20736K, reserved 1067008K
  class space    used 2298K, capacity 2471K, committed 2560K, reserved 1048576K
}
2017-06-27T09:01:21.994+0200: 2,508: Total time for which application threads were stopped: 0,0112745 seconds, Stopping threads took: 0,0001536 seconds
2017-06-27T09:01:22.042+0200: 2,556: Total time for which application threads were stopped: 0,0010612 seconds, Stopping threads took: 0,0007095 seconds
2017-06-27T09:01:22.203+0200: 2,717: Total time for which application threads were stopped: 0,0002430 seconds, Stopping threads took: 0,0000631 seconds
{Heap before GC invocations=2 (full 0):
 par new generation   total 109248K, used 99226K [0x00000000e0000000, 0x00000000e8000000, 0x00000000e8000000)
  eden space 87424K, 100% used [0x00000000e0000000, 0x00000000e5560000, 0x00000000e5560000)
  from space 21824K,  54% used [0x00000000e5560000, 0x00000000e60e6800, 0x00000000e6ab0000)
  to   space 21824K,   0% used [0x00000000e6ab0000, 0x00000000e6ab0000, 0x00000000e8000000)
 concurrent mark-sweep generation total 393216K, used 0K [0x00000000e8000000, 0x0000000100000000, 0x0000000100000000)
 Metaspace       used 21007K, capacity 21352K, committed 21628K, reserved 1069056K
  class space    used 2418K, capacity 2590K, committed 2684K, reserved 1048576K
2017-06-27T09:01:22.257+0200: 2,771: [GC (Allocation Failure) 2017-06-27T09:01:22.258+0200: 2,771: [ParNew
Desired survivor size 20112992 bytes, new threshold 8 (max 8)
- age   1:    2103512 bytes,    2103512 total
- age   2:     835272 bytes,    2938784 total
- age   3:    6661104 bytes,    9599888 total
: 99226K->16902K(109248K), 0,0204614 secs] 99226K->16902K(502464K), 0,0205484 secs] [Times: user=0,08 sys=0,00, real=0,02 secs] 
Heap after GC invocations=3 (full 0):
 par new generation   total 109248K, used 16902K [0x00000000e0000000, 0x00000000e8000000, 0x00000000e8000000)
  eden space 87424K,   0% used [0x00000000e0000000, 0x00000000e0000000, 0x00000000e5560000)
  from space 21824K,  77% used [0x00000000e6ab0000, 0x00000000e7b31bb0, 0x00000000e8000000)
  to   space 21824K,   0% used [0x00000000e5560000, 0x00000000e5560000, 0x00000000e6ab0000)
 concurrent mark-sweep generation total 393216K, used 0K [0x00000000e8000000, 0x0000000100000000, 0x0000000100000000)
 Metaspace       used 21007K, capacity 21352K, committed 21628K, reserved 1069056K
  class space    used 2418K, capacity 2590K, committed 2684K, reserved 1048576K
}
2017-06-27T09:01:22.278+0200: 2,791: Total time for which application threads were stopped: 0,0207250 seconds, Stopping threads took: 0,0000341 seconds
2017-06-27T09:01:22.278+0200: 2,792: [GC (CMS Initial Mark) [1 CMS-initial-mark: 0K(393216K)] 16936K(502464K), 0,0033738 secs] [Times: user=0,01 sys=0,00, real=0,00 secs] 
2017-06-27T09:01:22.282+0200: 2,795: Total time for which application threads were stopped: 0,0035038 seconds, Stopping threads took: 0,0000412 seconds
2017-06-27T09:01:22.282+0200: 2,795: [CMS-concurrent-mark-start]
2017-06-27T09:01:22.282+0200: 2,795: [CMS-concurrent-mark: 0,000/0,000 secs] [Times: user=0,00 sys=0,00, real=0,01 secs] 
2017-06-27T09:01:22.282+0200: 2,796: [CMS-concurrent-preclean-start]
2017-06-27T09:01:22.283+0200: 2,797: [CMS-concurrent-preclean: 0,001/0,001 secs] [Times: user=0,01 sys=0,00, real=0,00 secs] 
2017-06-27T09:01:22.283+0200: 2,797: [CMS-concurrent-abortable-preclean-start]
2017-06-27T09:01:22.346+0200: 2,859: Total time for which application threads were stopped: 0,0001699 seconds, Stopping threads took: 0,0000460 seconds
{Heap before GC invocations=3 (full 1):
 par new generation   total 109248K, used 104326K [0x00000000e0000000, 0x00000000e8000000, 0x00000000e8000000)
  eden space 87424K, 100% used [0x00000000e0000000, 0x00000000e5560000, 0x00000000e5560000)
  from space 21824K,  77% used [0x00000000e6ab0000, 0x00000000e7b31bb0, 0x00000000e8000000)
  to   space 21824K,   0% used [0x00000000e5560000, 0x00000000e5560000, 0x00000000e6ab0000)
 concurrent mark-sweep generation total 393216K, used 0K [0x00000000e8000000, 0x0000000100000000, 0x0000000100000000)
 Metaspace       used 21270K, capacity 21628K, committed 21884K, reserved 1069056K
  class space    used 2448K, capacity 2605K, committed 2684K, reserved 1048576K
2017-06-27T09:01:22.395+0200: 2,908: [GC (Allocation Failure) 2017-06-27T09:01:22.395+0200: 2,908: [ParNew
Desired survivor size 20112992 bytes, new threshold 8 (max 8)
- age   1:    1235984 bytes,    1235984 total
- age   2:    1471232 bytes,    2707216 total
- age   3:     801928 bytes,    3509144 total
- age   4:    6661264 bytes,   10170408 total
: 104326K->12517K(109248K), 0,0095221 secs] 104326K->12517K(502464K), 0,0095965 secs] [Times: user=0,04 sys=0,00, real=0,01 secs] 
Heap after GC invocations=4 (full 1):
 par new generation   total 109248K, used 12517K [0x00000000e0000000, 0x00000000e8000000, 0x00000000e8000000)
  eden space 87424K,   0% used [0x00000000e0000000, 0x00000000e0000000, 0x00000000e5560000)
  from space 21824K,  57% used [0x00000000e5560000, 0x00000000e6199540, 0x00000000e6ab0000)
  to   space 21824K,   0% used [0x00000000e6ab0000, 0x00000000e6ab0000, 0x00000000e8000000)
 concurrent mark-sweep generation total 393216K, used 0K [0x00000000e8000000, 0x0000000100000000, 0x0000000100000000)
 Metaspace       used 21270K, capacity 21628K, committed 21884K, reserved 1069056K
  class space    used 2448K, capacity 2605K, committed 2684K, reserved 1048576K
}
2017-06-27T09:01:22.404+0200: 2,918: Total time for which application threads were stopped: 0,0098675 seconds, Stopping threads took: 0,0001197 seconds
2017-06-27T09:01:22.404+0200: 2,918: [CMS-concurrent-abortable-preclean: 0,063/0,121 secs] [Times: user=0,46 sys=0,00, real=0,12 secs] 
2017-06-27T09:01:22.406+0200: 2,920: [GC (CMS Final Remark) [YG occupancy: 13884 K (109248 K)]{Heap before GC invocations=4 (full 1):
 par new generation   total 109248K, used 13884K [0x00000000e0000000, 0x00000000e8000000, 0x00000000e8000000)
  eden space 87424K,   1% used [0x00000000e0000000, 0x00000000e0155cd0, 0x00000000e5560000)
  from space 21824K,  57% used [0x00000000e5560000, 0x00000000e6199540, 0x00000000e6ab0000)
  to   space 21824K,   0% used [0x00000000e6ab0000, 0x00000000e6ab0000, 0x00000000e8000000)
 concurrent mark-sweep generation total 393216K, used 0K [0x00000000e8000000, 0x0000000100000000, 0x0000000100000000)
 Metaspace       used 21271K, capacity 21628K, committed 21884K, reserved 1069056K
  class space    used 2448K, capacity 2605K, committed 2684K, reserved 1048576K
2017-06-27T09:01:22.406+0200: 2,920: [GC (CMS Final Remark) 2017-06-27T09:01:22.406+0200: 2,920: [ParNew
Desired survivor size 20112992 bytes, new threshold 8 (max 8)
- age   1:     233808 bytes,     233808 total
- age   2:     666512 bytes,     900320 total
- age   3:    1471232 bytes,    2371552 total
- age   4:     801928 bytes,    3173480 total
- age   5:    6660872 bytes,    9834352 total
: 13884K->12737K(109248K), 0,0139262 secs] 13884K->12737K(502464K), 0,0139781 secs] [Times: user=0,05 sys=0,00, real=0,01 secs] 
Heap after GC invocations=5 (full 1):
 par new generation   total 109248K, used 12737K [0x00000000e0000000, 0x00000000e8000000, 0x00000000e8000000)
  eden space 87424K,   0% used [0x00000000e0000000, 0x00000000e0000000, 0x00000000e5560000)
  from space 21824K,  58% used [0x00000000e6ab0000, 0x00000000e7720740, 0x00000000e8000000)
  to   space 21824K,   0% used [0x00000000e5560000, 0x00000000e5560000, 0x00000000e6ab0000)
 concurrent mark-sweep generation total 393216K, used 0K [0x00000000e8000000, 0x0000000100000000, 0x0000000100000000)
 Metaspace       used 21271K, capacity 21628K, committed 21884K, reserved 1069056K
  class space    used 2448K, capacity 2605K, committed 2684K, reserved 1048576K
}
2017-06-27T09:01:22.420+0200: 2,934: [Rescan (parallel) , 0,0038142 secs]2017-06-27T09:01:22.424+0200: 2,937: [weak refs processing, 0,0006537 secs]2017-06-27T09:01:22.425+0200: 2,938: [class unloading, 0,0028437 secs]2017-06-27T09:01:22.428+0200: 2,941: [scrub symbol table, 0,0027554 secs]2017-06-27T09:01:22.430+0200: 2,944: [scrub string table, 0,0003617 secs][1 CMS-remark: 0K(393216K)] 12737K(502464K), 0,0251028 secs] [Times: user=0,07 sys=0,00, real=0,02 secs] 
2017-06-27T09:01:22.431+0200: 2,945: Total time for which application threads were stopped: 0,0252649 seconds, Stopping threads took: 0,0000666 seconds
2017-06-27T09:01:22.431+0200: 2,945: [CMS-concurrent-sweep-start]
2017-06-27T09:01:22.431+0200: 2,945: [CMS-concurrent-sweep: 0,000/0,000 secs] [Times: user=0,00 sys=0,00, real=0,00 secs] 
2017-06-27T09:01:22.431+0200: 2,945: [CMS-concurrent-reset-start]
2017-06-27T09:01:22.434+0200: 2,947: [CMS-concurrent-reset: 0,002/0,002 secs] [Times: user=0,01 sys=0,00, real=0,00 secs] 
{Heap before GC invocations=5 (full 1):
 par new generation   total 109248K, used 100161K [0x00000000e0000000, 0x00000000e8000000, 0x00000000e8000000)
  eden space 87424K, 100% used [0x00000000e0000000, 0x00000000e5560000, 0x00000000e5560000)
  from space 21824K,  58% used [0x00000000e6ab0000, 0x00000000e7720740, 0x00000000e8000000)
  to   space 21824K,   0% used [0x00000000e5560000, 0x00000000e5560000, 0x00000000e6ab0000)
 concurrent mark-sweep generation total 393216K, used 0K [0x00000000e8000000, 0x0000000100000000, 0x0000000100000000)
 Metaspace       used 21401K, capacity 21800K, committed 21884K, reserved 1069056K
  class space    used 2468K, capacity 2639K, committed 2684K, reserved 1048576K
2017-06-27T09:01:22.530+0200: 3,043: [GC (Allocation Failure) 2017-06-27T09:01:22.530+0200: 3,043: [ParNew
Desired survivor size 20112992 bytes, new threshold 8 (max 8)
- age   1:     494184 bytes,     494184 total
- age   2:       1984 bytes,     496168 total
- age   3:     184568 bytes,     680736 total
- age   4:    1471080 bytes,    2151816 total
- age   5:     799912 bytes,    2951728 total
- age   6:    6661104 bytes,    9612832 total
: 100161K->12879K(109248K), 0,0101850 secs] 100161K->12879K(502464K), 0,0102536 secs] [Times: user=0,03 sys=0,00, real=0,01 secs] 
Heap after GC invocations=6 (full 1):
 par new generation   total 109248K, used 12879K [0x00000000e0000000, 0x00000000e8000000, 0x00000000e8000000)
  eden space 87424K,   0% used [0x00000000e0000000, 0x00000000e0000000, 0x00000000e5560000)
  from space 21824K,  59% used [0x00000000e5560000, 0x00000000e61f3fa8, 0x00000000e6ab0000)
  to   space 21824K,   0% used [0x00000000e6ab0000, 0x00000000e6ab0000, 0x00000000e8000000)
 concurrent mark-sweep generation total 393216K, used 0K [0x00000000e8000000, 0x0000000100000000, 0x0000000100000000)
 Metaspace       used 21401K, capacity 21800K, committed 21884K, reserved 1069056K
  class space    used 2468K, capacity 2639K, committed 2684K, reserved 1048576K
}
2017-06-27T09:01:22.540+0200: 3,054: Total time for which application threads were stopped: 0,0116436 seconds, Stopping threads took: 0,0012484 seconds
2017-06-27T09:01:22.566+0200: 3,079: Total time for which application threads were stopped: 0,0003315 seconds, Stopping threads took: 0,0000198 seconds
2017-06-27T09:01:22.817+0200: 3,330: Total time for which application threads were stopped: 0,0004790 seconds, Stopping threads took: 0,0000250 seconds
2017-06-27T09:01:22.833+0200: 3,346: Total time for which application threads were stopped: 0,0004170 seconds, Stopping threads took: 0,0000576 seconds
{Heap before GC invocations=6 (full 1):
 par new generation   total 109248K, used 100303K [0x00000000e0000000, 0x00000000e8000000, 0x00000000e8000000)
  eden space 87424K, 100% used [0x00000000e0000000, 0x00000000e5560000, 0x00000000e5560000)
  from space 21824K,  59% used [0x00000000e5560000, 0x00000000e61f3fa8, 0x00000000e6ab0000)
  to   space 21824K,   0% used [0x00000000e6ab0000, 0x00000000e6ab0000, 0x00000000e8000000)
 concurrent mark-sweep generation total 393216K, used 0K [0x00000000e8000000, 0x0000000100000000, 0x0000000100000000)
 Metaspace       used 24018K, capacity 24456K, committed 24572K, reserved 1071104K
  class space    used 2834K, capacity 3013K, committed 3068K, reserved 1048576K
2017-06-27T09:01:23.022+0200: 3,535: [GC (Allocation Failure) 2017-06-27T09:01:23.022+0200: 3,535: [ParNew
Desired survivor size 20112992 bytes, new threshold 8 (max 8)
- age   1:    5488360 bytes,    5488360 total
- age   2:     123760 bytes,    5612120 total
- age   3:       1960 bytes,    5614080 total
- age   4:     183136 bytes,    5797216 total
- age   5:     301216 bytes,    6098432 total
- age   6:     775552 bytes,    6873984 total
- age   7:    6652720 bytes,   13526704 total
: 100303K->16091K(109248K), 0,0370826 secs] 100303K->16091K(502464K), 0,0371519 secs] [Times: user=0,06 sys=0,00, real=0,03 secs] 
Heap after GC invocations=7 (full 1):
 par new generation   total 109248K, used 16091K [0x00000000e0000000, 0x00000000e8000000, 0x00000000e8000000)
  eden space 87424K,   0% used [0x00000000e0000000, 0x00000000e0000000, 0x00000000e5560000)
  from space 21824K,  73% used [0x00000000e6ab0000, 0x00000000e7a66f10, 0x00000000e8000000)
  to   space 21824K,   0% used [0x00000000e5560000, 0x00000000e5560000, 0x00000000e6ab0000)
 concurrent mark-sweep generation total 393216K, used 0K [0x00000000e8000000, 0x0000000100000000, 0x0000000100000000)
 Metaspace       used 24018K, capacity 24456K, committed 24572K, reserved 1071104K
  class space    used 2834K, capacity 3013K, committed 3068K, reserved 1048576K
}
2017-06-27T09:01:23.059+0200: 3,573: Total time for which application threads were stopped: 0,0442485 seconds, Stopping threads took: 0,0069010 seconds
{Heap before GC invocations=7 (full 1):
 par new generation   total 109248K, used 103515K [0x00000000e0000000, 0x00000000e8000000, 0x00000000e8000000)
  eden space 87424K, 100% used [0x00000000e0000000, 0x00000000e5560000, 0x00000000e5560000)
  from space 21824K,  73% used [0x00000000e6ab0000, 0x00000000e7a66f10, 0x00000000e8000000)
  to   space 21824K,   0% used [0x00000000e5560000, 0x00000000e5560000, 0x00000000e6ab0000)
 concurrent mark-sweep generation total 393216K, used 0K [0x00000000e8000000, 0x0000000100000000, 0x0000000100000000)
 Metaspace       used 24588K, capacity 25038K, committed 25212K, reserved 1071104K
  class space    used 2877K, capacity 3078K, committed 3196K, reserved 1048576K
2017-06-27T09:01:23.189+0200: 3,702: [GC (Allocation Failure) 2017-06-27T09:01:23.189+0200: 3,702: [ParNew
Desired survivor size 20112992 bytes, new threshold 8 (max 8)
- age   1:    1757184 bytes,    1757184 total
- age   2:    1811320 bytes,    3568504 total
- age   3:      51776 bytes,    3620280 total
- age   4:       1960 bytes,    3622240 total
- age   5:     102304 bytes,    3724544 total
- age   6:     176752 bytes,    3901296 total
- age   7:     755368 bytes,    4656664 total
- age   8:    6119400 bytes,   10776064 total
: 103515K->16717K(109248K), 0,0137364 secs] 103515K->16717K(502464K), 0,0138160 secs] [Times: user=0,05 sys=0,00, real=0,02 secs] 
Heap after GC invocations=8 (full 1):
 par new generation   total 109248K, used 16717K [0x00000000e0000000, 0x00000000e8000000, 0x00000000e8000000)
  eden space 87424K,   0% used [0x00000000e0000000, 0x00000000e0000000, 0x00000000e5560000)
  from space 21824K,  76% used [0x00000000e5560000, 0x00000000e65b3690, 0x00000000e6ab0000)
  to   space 21824K,   0% used [0x00000000e6ab0000, 0x00000000e6ab0000, 0x00000000e8000000)
 concurrent mark-sweep generation total 393216K, used 0K [0x00000000e8000000, 0x0000000100000000, 0x0000000100000000)
 Metaspace       used 24588K, capacity 25038K, committed 25212K, reserved 1071104K
  class space    used 2877K, capacity 3078K, committed 3196K, reserved 1048576K
}
2017-06-27T09:01:23.202+0200: 3,716: Total time for which application threads were stopped: 0,0140616 seconds, Stopping threads took: 0,0000440 seconds
{Heap before GC invocations=8 (full 1):
 par new generation   total 109248K, used 104141K [0x00000000e0000000, 0x00000000e8000000, 0x00000000e8000000)
  eden space 87424K, 100% used [0x00000000e0000000, 0x00000000e5560000, 0x00000000e5560000)
  from space 21824K,  76% used [0x00000000e5560000, 0x00000000e65b3690, 0x00000000e6ab0000)
  to   space 21824K,   0% used [0x00000000e6ab0000, 0x00000000e6ab0000, 0x00000000e8000000)
 concurrent mark-sweep generation total 393216K, used 0K [0x00000000e8000000, 0x0000000100000000, 0x0000000100000000)
 Metaspace       used 24846K, capacity 25256K, committed 25468K, reserved 1071104K
  class space    used 2899K, capacity 3083K, committed 3196K, reserved 1048576K
2017-06-27T09:01:23.292+0200: 3,805: [GC (Allocation Failure) 2017-06-27T09:01:23.292+0200: 3,805: [ParNew
Desired survivor size 20112992 bytes, new threshold 8 (max 8)
- age   1:    1044944 bytes,    1044944 total
- age   2:    1052696 bytes,    2097640 total
- age   3:    1788688 bytes,    3886328 total
- age   4:      51776 bytes,    3938104 total
- age   5:       1960 bytes,    3940064 total
- age   6:     102200 bytes,    4042264 total
- age   7:     176752 bytes,    4219016 total
- age   8:     755368 bytes,    4974384 total
: 104141K->6771K(109248K), 0,0297364 secs] 104141K->12830K(502464K), 0,0298056 secs] [Times: user=0,09 sys=0,00, real=0,03 secs] 
Heap after GC invocations=9 (full 1):
 par new generation   total 109248K, used 6771K [0x00000000e0000000, 0x00000000e8000000, 0x00000000e8000000)
  eden space 87424K,   0% used [0x00000000e0000000, 0x00000000e0000000, 0x00000000e5560000)
  from space 21824K,  31% used [0x00000000e6ab0000, 0x00000000e714cdc8, 0x00000000e8000000)
  to   space 21824K,   0% used [0x00000000e5560000, 0x00000000e5560000, 0x00000000e6ab0000)
 concurrent mark-sweep generation total 393216K, used 6058K [0x00000000e8000000, 0x0000000100000000, 0x0000000100000000)
 Metaspace       used 24846K, capacity 25256K, committed 25468K, reserved 1071104K
  class space    used 2899K, capacity 3083K, committed 3196K, reserved 1048576K
}
2017-06-27T09:01:23.321+0200: 3,835: Total time for which application threads were stopped: 0,0303235 seconds, Stopping threads took: 0,0003414 seconds
2017-06-27T09:01:23.498+0200: 4,012: Total time for which application threads were stopped: 0,0005030 seconds, Stopping threads took: 0,0000361 seconds
2017-06-27T09:01:23.546+0200: 4,060: Total time for which application threads were stopped: 0,0038342 seconds, Stopping threads took: 0,0034037 seconds
2017-06-27T09:01:23.547+0200: 4,060: Total time for which application threads were stopped: 0,0001126 seconds, Stopping threads took: 0,0000224 seconds
2017-06-27T09:01:23.549+0200: 4,062: Total time for which application threads were stopped: 0,0001271 seconds, Stopping threads took: 0,0000387 seconds
2017-06-27T09:01:23.550+0200: 4,063: Total time for which application threads were stopped: 0,0001147 seconds, Stopping threads took: 0,0000364 seconds
2017-06-27T09:01:23.550+0200: 4,064: Total time for which application threads were stopped: 0,0000928 seconds, Stopping threads took: 0,0000316 seconds
2017-06-27T09:01:23.551+0200: 4,064: Total time for which application threads were stopped: 0,0003660 seconds, Stopping threads took: 0,0000132 seconds
2017-06-27T09:01:23.553+0200: 4,067: Total time for which application threads were stopped: 0,0019957 seconds, Stopping threads took: 0,0019112 seconds
2017-06-27T09:01:23.576+0200: 4,090: Total time for which application threads were stopped: 0,0004165 seconds, Stopping threads took: 0,0002917 seconds
2017-06-27T09:01:23.577+0200: 4,091: Total time for which application threads were stopped: 0,0001391 seconds, Stopping threads took: 0,0000349 seconds
2017-06-27T09:01:23.581+0200: 4,094: Total time for which application threads were stopped: 0,0001297 seconds, Stopping threads took: 0,0000358 seconds
2017-06-27T09:01:23.582+0200: 4,095: Total time for which application threads were stopped: 0,0001250 seconds, Stopping threads took: 0,0000334 seconds
2017-06-27T09:01:23.582+0200: 4,095: Total time for which application threads were stopped: 0,0001083 seconds, Stopping threads took: 0,0000249 seconds
2017-06-27T09:01:23.584+0200: 4,097: Total time for which application threads were stopped: 0,0001041 seconds, Stopping threads took: 0,0000331 seconds
2017-06-27T09:01:23.584+0200: 4,098: Total time for which application threads were stopped: 0,0001086 seconds, Stopping threads took: 0,0000388 seconds
2017-06-27T09:01:23.586+0200: 4,099: Total time for which application threads were stopped: 0,0001523 seconds, Stopping threads took: 0,0000613 seconds
2017-06-27T09:01:23.601+0200: 4,114: Total time for which application threads were stopped: 0,0004103 seconds, Stopping threads took: 0,0000663 seconds
2017-06-27T09:01:23.603+0200: 4,116: Total time for which application threads were stopped: 0,0001194 seconds, Stopping threads took: 0,0000379 seconds
2017-06-27T09:01:23.613+0200: 4,126: Total time for which application threads were stopped: 0,0001624 seconds, Stopping threads took: 0,0000713 seconds
2017-06-27T09:01:23.616+0200: 4,130: Total time for which application threads were stopped: 0,0000963 seconds, Stopping threads took: 0,0000180 seconds
2017-06-27T09:01:23.617+0200: 4,130: Total time for which application threads were stopped: 0,0003335 seconds, Stopping threads took: 0,0000175 seconds
2017-06-27T09:01:23.618+0200: 4,131: Total time for which application threads were stopped: 0,0001278 seconds, Stopping threads took: 0,0000451 seconds
2017-06-27T09:01:23.622+0200: 4,135: Total time for which application threads were stopped: 0,0001673 seconds, Stopping threads took: 0,0000467 seconds
2017-06-27T09:01:23.625+0200: 4,139: Total time for which application threads were stopped: 0,0029099 seconds, Stopping threads took: 0,0028264 seconds
2017-06-27T09:01:23.628+0200: 4,141: Total time for which application threads were stopped: 0,0001157 seconds, Stopping threads took: 0,0000334 seconds
2017-06-27T09:01:23.630+0200: 4,143: Total time for which application threads were stopped: 0,0009716 seconds, Stopping threads took: 0,0008199 seconds
2017-06-27T09:01:23.637+0200: 4,150: Total time for which application threads were stopped: 0,0001246 seconds, Stopping threads took: 0,0000337 seconds
2017-06-27T09:01:23.638+0200: 4,151: Total time for which application threads were stopped: 0,0000971 seconds, Stopping threads took: 0,0000166 seconds
2017-06-27T09:01:23.638+0200: 4,152: Total time for which application threads were stopped: 0,0000998 seconds, Stopping threads took: 0,0000156 seconds
2017-06-27T09:01:23.671+0200: 4,185: Total time for which application threads were stopped: 0,0001972 seconds, Stopping threads took: 0,0001094 seconds
2017-06-27T09:01:23.672+0200: 4,185: Total time for which application threads were stopped: 0,0003982 seconds, Stopping threads took: 0,0000114 seconds
2017-06-27T09:01:23.673+0200: 4,186: Total time for which application threads were stopped: 0,0000969 seconds, Stopping threads took: 0,0000293 seconds
2017-06-27T09:01:23.673+0200: 4,187: Total time for which application threads were stopped: 0,0001109 seconds, Stopping threads took: 0,0000404 seconds
2017-06-27T09:01:23.677+0200: 4,190: Total time for which application threads were stopped: 0,0001732 seconds, Stopping threads took: 0,0000844 seconds
2017-06-27T09:01:23.684+0200: 4,197: Total time for which application threads were stopped: 0,0001124 seconds, Stopping threads took: 0,0000239 seconds
2017-06-27T09:01:23.686+0200: 4,199: Total time for which application threads were stopped: 0,0000823 seconds, Stopping threads took: 0,0000295 seconds
2017-06-27T09:01:23.689+0200: 4,202: Total time for which application threads were stopped: 0,0000936 seconds, Stopping threads took: 0,0000181 seconds
2017-06-27T09:01:23.690+0200: 4,203: Total time for which application threads were stopped: 0,0000736 seconds, Stopping threads took: 0,0000151 seconds
2017-06-27T09:01:23.690+0200: 4,203: Total time for which application threads were stopped: 0,0000561 seconds, Stopping threads took: 0,0000107 seconds
2017-06-27T09:01:23.690+0200: 4,204: Total time for which application threads were stopped: 0,0000506 seconds, Stopping threads took: 0,0000102 seconds
2017-06-27T09:01:23.691+0200: 4,205: Total time for which application threads were stopped: 0,0001077 seconds, Stopping threads took: 0,0000268 seconds
2017-06-27T09:01:23.692+0200: 4,205: Total time for which application threads were stopped: 0,0001034 seconds, Stopping threads took: 0,0000379 seconds
2017-06-27T09:01:23.694+0200: 4,207: Total time for which application threads were stopped: 0,0020514 seconds, Stopping threads took: 0,0019986 seconds
2017-06-27T09:01:23.694+0200: 4,207: Total time for which application threads were stopped: 0,0000569 seconds, Stopping threads took: 0,0000136 seconds
2017-06-27T09:01:23.694+0200: 4,207: Total time for which application threads were stopped: 0,0000554 seconds, Stopping threads took: 0,0000176 seconds
2017-06-27T09:01:23.698+0200: 4,211: Total time for which application threads were stopped: 0,0001357 seconds, Stopping threads took: 0,0000591 seconds
2017-06-27T09:01:23.698+0200: 4,212: Total time for which application threads were stopped: 0,0001034 seconds, Stopping threads took: 0,0000280 seconds
2017-06-27T09:01:23.698+0200: 4,212: Total time for which application threads were stopped: 0,0000814 seconds, Stopping threads took: 0,0000144 seconds
2017-06-27T09:01:23.699+0200: 4,212: Total time for which application threads were stopped: 0,0001041 seconds, Stopping threads took: 0,0000286 seconds
2017-06-27T09:01:23.699+0200: 4,212: Total time for which application threads were stopped: 0,0001309 seconds, Stopping threads took: 0,0000092 seconds
2017-06-27T09:01:23.710+0200: 4,223: Total time for which application threads were stopped: 0,0026301 seconds, Stopping threads took: 0,0025527 seconds
2017-06-27T09:01:23.718+0200: 4,231: Total time for which application threads were stopped: 0,0001225 seconds, Stopping threads took: 0,0000258 seconds
2017-06-27T09:01:23.719+0200: 4,232: Total time for which application threads were stopped: 0,0001427 seconds, Stopping threads took: 0,0000372 seconds
2017-06-27T09:01:23.733+0200: 4,246: Total time for which application threads were stopped: 0,0001724 seconds, Stopping threads took: 0,0000430 seconds
2017-06-27T09:01:23.771+0200: 4,285: Total time for which application threads were stopped: 0,0002155 seconds, Stopping threads took: 0,0001053 seconds
2017-06-27T09:01:23.791+0200: 4,304: Total time for which application threads were stopped: 0,0001354 seconds, Stopping threads took: 0,0000410 seconds
2017-06-27T09:01:23.792+0200: 4,305: Total time for which application threads were stopped: 0,0004168 seconds, Stopping threads took: 0,0000139 seconds
2017-06-27T09:01:23.792+0200: 4,306: Total time for which application threads were stopped: 0,0001027 seconds, Stopping threads took: 0,0000304 seconds
2017-06-27T09:01:23.797+0200: 4,310: Total time for which application threads were stopped: 0,0001257 seconds, Stopping threads took: 0,0000379 seconds
2017-06-27T09:01:24.797+0200: 5,310: Total time for which application threads were stopped: 0,0000756 seconds, Stopping threads took: 0,0000161 seconds
2017-06-27T09:01:51.800+0200: 32,313: Total time for which application threads were stopped: 0,0000702 seconds, Stopping threads took: 0,0000162 seconds
2017-06-27T09:03:21.811+0200: 122,324: Total time for which application threads were stopped: 0,0001740 seconds, Stopping threads took: 0,0000674 seconds
{Heap before GC invocations=9 (full 1):
 par new generation   total 109248K, used 94195K [0x00000000e0000000, 0x00000000e8000000, 0x00000000e8000000)
  eden space 87424K, 100% used [0x00000000e0000000, 0x00000000e5560000, 0x00000000e5560000)
  from space 21824K,  31% used [0x00000000e6ab0000, 0x00000000e714cdc8, 0x00000000e8000000)
  to   space 21824K,   0% used [0x00000000e5560000, 0x00000000e5560000, 0x00000000e6ab0000)
 concurrent mark-sweep generation total 393216K, used 6058K [0x00000000e8000000, 0x0000000100000000, 0x0000000100000000)
 Metaspace       used 28009K, capacity 28542K, committed 28796K, reserved 1075200K
  class space    used 3211K, capacity 3388K, committed 3452K, reserved 1048576K
2017-06-27T09:04:15.406+0200: 175,919: [GC (Allocation Failure) 2017-06-27T09:04:15.406+0200: 175,919: [ParNew
Desired survivor size 20112992 bytes, new threshold 8 (max 8)
- age   1:   10940872 bytes,   10940872 total
- age   2:     174080 bytes,   11114952 total
- age   3:     250384 bytes,   11365336 total
- age   4:    1784336 bytes,   13149672 total
- age   5:      51776 bytes,   13201448 total
- age   6:       1960 bytes,   13203408 total
- age   7:     102072 bytes,   13305480 total
- age   8:     176320 bytes,   13481800 total
: 94195K->14597K(109248K), 0,0244342 secs] 100254K->21484K(502464K), 0,0245589 secs] [Times: user=0,09 sys=0,00, real=0,02 secs] 
Heap after GC invocations=10 (full 1):
 par new generation   total 109248K, used 14597K [0x00000000e0000000, 0x00000000e8000000, 0x00000000e8000000)
  eden space 87424K,   0% used [0x00000000e0000000, 0x00000000e0000000, 0x00000000e5560000)
  from space 21824K,  66% used [0x00000000e5560000, 0x00000000e63a17b8, 0x00000000e6ab0000)
  to   space 21824K,   0% used [0x00000000e6ab0000, 0x00000000e6ab0000, 0x00000000e8000000)
 concurrent mark-sweep generation total 393216K, used 6886K [0x00000000e8000000, 0x0000000100000000, 0x0000000100000000)
 Metaspace       used 28009K, capacity 28542K, committed 28796K, reserved 1075200K
  class space    used 3211K, capacity 3388K, committed 3452K, reserved 1048576K
}
2017-06-27T09:04:15.430+0200: 175,944: Total time for which application threads were stopped: 0,0249366 seconds, Stopping threads took: 0,0001570 seconds
2017-06-27T09:04:15.431+0200: 175,944: Total time for which application threads were stopped: 0,0000954 seconds, Stopping threads took: 0,0000411 seconds
2017-06-27T09:04:15.432+0200: 175,945: Total time for which application threads were stopped: 0,0000709 seconds, Stopping threads took: 0,0000246 seconds
2017-06-27T09:04:25.434+0200: 185,947: Total time for which application threads were stopped: 0,0001803 seconds, Stopping threads took: 0,0000670 seconds
2017-06-27T09:05:55.445+0200: 275,959: Total time for which application threads were stopped: 0,0001451 seconds, Stopping threads took: 0,0000532 seconds
2017-06-27T09:24:50.625+0200: 1411,138: Total time for which application threads were stopped: 0,0004432 seconds, Stopping threads took: 0,0001622 seconds
2017-06-27T09:29:05.668+0200: 1666,181: Total time for which application threads were stopped: 0,0001904 seconds, Stopping threads took: 0,0000694 seconds
2017-06-27T09:34:15.719+0200: 1976,233: Total time for which application threads were stopped: 0,0001671 seconds, Stopping threads took: 0,0000562 seconds
2017-06-27T09:39:40.775+0200: 2301,289: Total time for which application threads were stopped: 0,0001641 seconds, Stopping threads took: 0,0000569 seconds
2017-06-27T09:39:41.776+0200: 2302,289: Total time for which application threads were stopped: 0,0001360 seconds, Stopping threads took: 0,0000294 seconds
2017-06-27T09:54:36.914+0200: 3197,427: Total time for which application threads were stopped: 0,0000936 seconds, Stopping threads took: 0,0000340 seconds
2017-06-27T09:58:21.947+0200: 3422,461: Total time for which application threads were stopped: 0,0004505 seconds, Stopping threads took: 0,0001677 seconds
2017-06-27T09:58:51.952+0200: 3452,465: Total time for which application threads were stopped: 0,0001072 seconds, Stopping threads took: 0,0000316 seconds
2017-06-27T10:07:01.034+0200: 3941,547: Total time for which application threads were stopped: 0,0000895 seconds, Stopping threads took: 0,0000342 seconds
2017-06-27T10:07:26.038+0200: 3966,552: Total time for which application threads were stopped: 0,0002109 seconds, Stopping threads took: 0,0000703 seconds
2017-06-27T10:21:57.185+0200: 4837,698: Total time for which application threads were stopped: 0,0001693 seconds, Stopping threads took: 0,0000625 seconds
2017-06-27T10:22:17.188+0200: 4857,701: Total time for which application threads were stopped: 0,0001008 seconds, Stopping threads took: 0,0000397 seconds
2017-06-27T10:55:02.524+0200: 6823,037: Total time for which application threads were stopped: 0,0001669 seconds, Stopping threads took: 0,0000612 seconds
2017-06-27T11:01:21.588+0200: 7202,102: Total time for which application threads were stopped: 0,0001539 seconds, Stopping threads took: 0,0000581 seconds
2017-06-27T17:57:20.106+0200: 7681,910: Total time for which application threads were stopped: 0,0000881 seconds, Stopping threads took: 0,0000332 seconds
2017-06-27T18:55:50.925+0200: 11192,324: Total time for which application threads were stopped: 0,0001017 seconds, Stopping threads took: 0,0000349 seconds
2017-06-27T19:01:50.964+0200: 11552,362: Total time for which application threads were stopped: 0,0001087 seconds, Stopping threads took: 0,0000415 seconds
2017-06-27T20:05:20.477+0200: 15361,875: Total time for which application threads were stopped: 0,0002208 seconds, Stopping threads took: 0,0000731 seconds
2017-06-27T20:27:50.629+0200: 16712,028: Total time for which application threads were stopped: 0,0004843 seconds, Stopping threads took: 0,0001893 seconds
2017-06-27T23:14:14.657+0200: 26696,056: Total time for which application threads were stopped: 0,0123035 seconds, Stopping threads took: 0,0122097 seconds
2017-06-27T23:14:14.658+0200: 26696,057: Total time for which application threads were stopped: 0,0001381 seconds, Stopping threads took: 0,0000421 seconds
2017-06-27T23:14:14.660+0200: 26696,058: Total time for which application threads were stopped: 0,0000938 seconds, Stopping threads took: 0,0000174 seconds
2017-06-27T23:14:14.661+0200: 26696,060: Total time for which application threads were stopped: 0,0002732 seconds, Stopping threads took: 0,0001953 seconds
2017-06-27T23:14:14.662+0200: 26696,061: Total time for which application threads were stopped: 0,0001383 seconds, Stopping threads took: 0,0000494 seconds
2017-06-27T23:14:14.663+0200: 26696,062: Total time for which application threads were stopped: 0,0000891 seconds, Stopping threads took: 0,0000150 seconds
2017-06-27T23:14:14.666+0200: 26696,064: Total time for which application threads were stopped: 0,0001242 seconds, Stopping threads took: 0,0000301 seconds
2017-06-27T23:14:14.666+0200: 26696,064: Total time for which application threads were stopped: 0,0000590 seconds, Stopping threads took: 0,0000141 seconds
2017-06-27T23:14:14.666+0200: 26696,064: Total time for which application threads were stopped: 0,0000466 seconds, Stopping threads took: 0,0000123 seconds
2017-06-27T23:14:14.666+0200: 26696,064: Total time for which application threads were stopped: 0,0000460 seconds, Stopping threads took: 0,0000109 seconds
2017-06-27T23:14:14.672+0200: 26696,070: Total time for which application threads were stopped: 0,0001103 seconds, Stopping threads took: 0,0000388 seconds
2017-06-27T23:14:14.682+0200: 26696,080: Total time for which application threads were stopped: 0,0001023 seconds, Stopping threads took: 0,0000270 seconds
2017-06-27T23:14:14.682+0200: 26696,080: Total time for which application threads were stopped: 0,0000481 seconds, Stopping threads took: 0,0000124 seconds
2017-06-27T23:14:14.682+0200: 26696,080: Total time for which application threads were stopped: 0,0000712 seconds, Stopping threads took: 0,0000312 seconds
2017-06-27T23:14:14.682+0200: 26696,080: Total time for which application threads were stopped: 0,0000458 seconds, Stopping threads took: 0,0000121 seconds
2017-06-27T23:14:14.682+0200: 26696,081: Total time for which application threads were stopped: 0,0000660 seconds, Stopping threads took: 0,0000134 seconds
2017-06-27T23:14:14.682+0200: 26696,081: Total time for which application threads were stopped: 0,0000475 seconds, Stopping threads took: 0,0000124 seconds
2017-06-27T23:14:14.682+0200: 26696,081: Total time for which application threads were stopped: 0,0000455 seconds, Stopping threads took: 0,0000126 seconds
2017-06-27T23:14:14.682+0200: 26696,081: Total time for which application threads were stopped: 0,0000450 seconds, Stopping threads took: 0,0000121 seconds
2017-06-27T23:14:14.694+0200: 26696,092: Total time for which application threads were stopped: 0,0001291 seconds, Stopping threads took: 0,0000395 seconds
2017-06-27T23:14:14.694+0200: 26696,092: Total time for which application threads were stopped: 0,0000485 seconds, Stopping threads took: 0,0000155 seconds
2017-06-27T23:14:14.694+0200: 26696,092: Total time for which application threads were stopped: 0,0000403 seconds, Stopping threads took: 0,0000109 seconds
2017-06-27T23:14:14.694+0200: 26696,092: Total time for which application threads were stopped: 0,0000409 seconds, Stopping threads took: 0,0000116 seconds
2017-06-27T23:14:14.700+0200: 26696,098: Total time for which application threads were stopped: 0,0001173 seconds, Stopping threads took: 0,0000508 seconds
2017-06-27T23:14:14.700+0200: 26696,098: Total time for which application threads were stopped: 0,0002242 seconds, Stopping threads took: 0,0000245 seconds
2017-06-27T23:14:14.700+0200: 26696,099: Total time for which application threads were stopped: 0,0000619 seconds, Stopping threads took: 0,0000240 seconds
2017-06-27T23:14:14.700+0200: 26696,099: Total time for which application threads were stopped: 0,0000576 seconds, Stopping threads took: 0,0000237 seconds
2017-06-27T23:14:14.700+0200: 26696,099: Total time for which application threads were stopped: 0,0000584 seconds, Stopping threads took: 0,0000262 seconds
2017-06-27T23:14:14.700+0200: 26696,099: Total time for which application threads were stopped: 0,0000566 seconds, Stopping threads took: 0,0000216 seconds
2017-06-27T23:14:14.700+0200: 26696,099: Total time for which application threads were stopped: 0,0000639 seconds, Stopping threads took: 0,0000191 seconds
2017-06-27T23:14:14.701+0200: 26696,099: Total time for which application threads were stopped: 0,0000826 seconds, Stopping threads took: 0,0000279 seconds
2017-06-27T23:14:14.701+0200: 26696,099: Total time for which application threads were stopped: 0,0000563 seconds, Stopping threads took: 0,0000219 seconds
2017-06-27T23:14:14.701+0200: 26696,100: Total time for which application threads were stopped: 0,0000715 seconds, Stopping threads took: 0,0000279 seconds
2017-06-27T23:14:14.701+0200: 26696,100: Total time for which application threads were stopped: 0,0000489 seconds, Stopping threads took: 0,0000222 seconds
2017-06-27T23:14:14.701+0200: 26696,100: Total time for which application threads were stopped: 0,0000473 seconds, Stopping threads took: 0,0000172 seconds
2017-06-27T23:14:14.705+0200: 26696,103: Total time for which application threads were stopped: 0,0034894 seconds, Stopping threads took: 0,0034182 seconds
2017-06-27T23:14:14.705+0200: 26696,104: Total time for which application threads were stopped: 0,0000679 seconds, Stopping threads took: 0,0000272 seconds
2017-06-27T23:14:14.705+0200: 26696,104: Total time for which application threads were stopped: 0,0000478 seconds, Stopping threads took: 0,0000153 seconds
2017-06-27T23:14:14.705+0200: 26696,104: Total time for which application threads were stopped: 0,0000795 seconds, Stopping threads took: 0,0000270 seconds
2017-06-27T23:14:14.706+0200: 26696,104: Total time for which application threads were stopped: 0,0000827 seconds, Stopping threads took: 0,0000402 seconds
2017-06-27T23:14:14.706+0200: 26696,105: Total time for which application threads were stopped: 0,0001326 seconds, Stopping threads took: 0,0000129 seconds
2017-06-27T23:14:14.708+0200: 26696,106: Total time for which application threads were stopped: 0,0000859 seconds, Stopping threads took: 0,0000273 seconds
2017-06-27T23:14:14.710+0200: 26696,108: Total time for which application threads were stopped: 0,0001083 seconds, Stopping threads took: 0,0000317 seconds
2017-06-27T23:14:14.712+0200: 26696,111: Total time for which application threads were stopped: 0,0001379 seconds, Stopping threads took: 0,0000238 seconds
Heap
 par new generation   total 109248K, used 34922K [0x00000000e0000000, 0x00000000e8000000, 0x00000000e8000000)
  eden space 87424K,  23% used [0x00000000e0000000, 0x00000000e13d9208, 0x00000000e5560000)
  from space 21824K,  66% used [0x00000000e5560000, 0x00000000e63a17b8, 0x00000000e6ab0000)
  to   space 21824K,   0% used [0x00000000e6ab0000, 0x00000000e6ab0000, 0x00000000e8000000)
 concurrent mark-sweep generation total 393216K, used 6886K [0x00000000e8000000, 0x0000000100000000, 0x0000000100000000)
 Metaspace       used 28169K, capacity 28682K, committed 28796K, reserved 1075200K
  class space    used 3225K, capacity 3390K, committed 3452K, reserved 1048576K
