OpenJDK 64-Bit Server VM (25.121-b13) for linux-amd64 JRE (1.8.0_121-8u121-b13-0ubuntu1.16.04.2-b13), built on Jan 23 2017 15:51:29 by "buildd" with gcc 5.4.0 20160609
Memory: 4k page, physical 7867764k(7423980k free), swap 8076284k(8076284k free)
CommandLine flags: -XX:CMSInitiatingOccupancyFraction=50 -XX:CMSMaxAbortablePrecleanTime=6000 -XX:+CMSParallelRemarkEnabled -XX:+CMSScavengeBeforeRemark -XX:ConcGCThreads=4 -XX:InitialHeapSize=536870912 -XX:MaxHeapSize=536870912 -XX:MaxTenuringThreshold=8 -XX:NewRatio=3 -XX:OldPLABSize=16 -XX:OnOutOfMemoryError=/opt/solr/bin/oom_solr.sh 8983 /var/solr/logs -XX:ParallelGCThreads=4 -XX:+ParallelRefProcEnabled -XX:PretenureSizeThreshold=67108864 -XX:+PrintGC -XX:+PrintGCApplicationStoppedTime -XX:+PrintGCDateStamps -XX:+PrintGCDetails -XX:+PrintGCTimeStamps -XX:+PrintHeapAtGC -XX:+PrintTenuringDistribution -XX:SurvivorRatio=4 -XX:TargetSurvivorRatio=90 -XX:ThreadStackSize=256 -XX:+UseCMSInitiatingOccupancyOnly -XX:+UseCompressedClassPointers -XX:+UseCompressedOops -XX:+UseConcMarkSweepGC -XX:+UseParNewGC 
2017-04-08T09:16:17.900+0200: 0,165: Total time for which application threads were stopped: 0,0001418 seconds, Stopping threads took: 0,0000203 seconds
2017-04-08T09:16:17.990+0200: 0,256: Total time for which application threads were stopped: 0,0001220 seconds, Stopping threads took: 0,0000112 seconds
2017-04-08T09:16:18.018+0200: 0,284: Total time for which application threads were stopped: 0,0001086 seconds, Stopping threads took: 0,0000140 seconds
2017-04-08T09:16:18.362+0200: 0,627: Total time for which application threads were stopped: 0,0001622 seconds, Stopping threads took: 0,0000179 seconds
2017-04-08T09:16:18.827+0200: 1,093: Total time for which application threads were stopped: 0,0002890 seconds, Stopping threads took: 0,0000389 seconds
2017-04-08T09:16:18.900+0200: 1,166: Total time for which application threads were stopped: 0,0001435 seconds, Stopping threads took: 0,0000208 seconds
2017-04-08T09:16:18.922+0200: 1,188: Total time for which application threads were stopped: 0,0001820 seconds, Stopping threads took: 0,0000398 seconds
2017-04-08T09:16:19.200+0200: 1,466: Total time for which application threads were stopped: 0,0002169 seconds, Stopping threads took: 0,0000202 seconds
2017-04-08T09:16:19.452+0200: 1,718: Total time for which application threads were stopped: 0,0002283 seconds, Stopping threads took: 0,0000253 seconds
2017-04-08T09:16:19.476+0200: 1,742: Total time for which application threads were stopped: 0,0001608 seconds, Stopping threads took: 0,0000112 seconds
2017-04-08T09:16:19.515+0200: 1,781: Total time for which application threads were stopped: 0,0002387 seconds, Stopping threads took: 0,0000288 seconds
2017-04-08T09:16:19.517+0200: 1,783: Total time for which application threads were stopped: 0,0006949 seconds, Stopping threads took: 0,0000219 seconds
2017-04-08T09:16:19.538+0200: 1,804: Total time for which application threads were stopped: 0,0002051 seconds, Stopping threads took: 0,0000217 seconds
2017-04-08T09:16:19.607+0200: 1,873: Total time for which application threads were stopped: 0,0002097 seconds, Stopping threads took: 0,0000185 seconds
2017-04-08T09:16:19.769+0200: 2,035: Total time for which application threads were stopped: 0,0002929 seconds, Stopping threads took: 0,0000697 seconds
{Heap before GC invocations=0 (full 0):
 par new generation   total 109248K, used 87424K [0x00000000e0000000, 0x00000000e8000000, 0x00000000e8000000)
  eden space 87424K, 100% used [0x00000000e0000000, 0x00000000e5560000, 0x00000000e5560000)
  from space 21824K,   0% used [0x00000000e5560000, 0x00000000e5560000, 0x00000000e6ab0000)
  to   space 21824K,   0% used [0x00000000e6ab0000, 0x00000000e6ab0000, 0x00000000e8000000)
 concurrent mark-sweep generation total 393216K, used 0K [0x00000000e8000000, 0x0000000100000000, 0x0000000100000000)
 Metaspace       used 17837K, capacity 18176K, committed 18304K, reserved 1064960K
  class space    used 2024K, capacity 2164K, committed 2176K, reserved 1048576K
2017-04-08T09:16:19.818+0200: 2,084: [GC (Allocation Failure) 2017-04-08T09:16:19.818+0200: 2,084: [ParNew
Desired survivor size 20112992 bytes, new threshold 8 (max 8)
- age   1:   11674016 bytes,   11674016 total
: 87424K->11512K(109248K), 0,0164554 secs] 87424K->11512K(502464K), 0,0165263 secs] [Times: user=0,06 sys=0,00, real=0,01 secs] 
Heap after GC invocations=1 (full 0):
 par new generation   total 109248K, used 11512K [0x00000000e0000000, 0x00000000e8000000, 0x00000000e8000000)
  eden space 87424K,   0% used [0x00000000e0000000, 0x00000000e0000000, 0x00000000e5560000)
  from space 21824K,  52% used [0x00000000e6ab0000, 0x00000000e75ee388, 0x00000000e8000000)
  to   space 21824K,   0% used [0x00000000e5560000, 0x00000000e5560000, 0x00000000e6ab0000)
 concurrent mark-sweep generation total 393216K, used 0K [0x00000000e8000000, 0x0000000100000000, 0x0000000100000000)
 Metaspace       used 17837K, capacity 18176K, committed 18304K, reserved 1064960K
  class space    used 2024K, capacity 2164K, committed 2176K, reserved 1048576K
}
2017-04-08T09:16:19.835+0200: 2,100: Total time for which application threads were stopped: 0,0179741 seconds, Stopping threads took: 0,0012858 seconds
2017-04-08T09:16:20.187+0200: 2,452: Total time for which application threads were stopped: 0,0003554 seconds, Stopping threads took: 0,0000393 seconds
{Heap before GC invocations=1 (full 0):
 par new generation   total 109248K, used 98936K [0x00000000e0000000, 0x00000000e8000000, 0x00000000e8000000)
  eden space 87424K, 100% used [0x00000000e0000000, 0x00000000e5560000, 0x00000000e5560000)
  from space 21824K,  52% used [0x00000000e6ab0000, 0x00000000e75ee388, 0x00000000e8000000)
  to   space 21824K,   0% used [0x00000000e5560000, 0x00000000e5560000, 0x00000000e6ab0000)
 concurrent mark-sweep generation total 393216K, used 0K [0x00000000e8000000, 0x0000000100000000, 0x0000000100000000)
 Metaspace       used 20006K, capacity 20346K, committed 20736K, reserved 1067008K
  class space    used 2291K, capacity 2463K, committed 2560K, reserved 1048576K
2017-04-08T09:16:20.230+0200: 2,496: [GC (Allocation Failure) 2017-04-08T09:16:20.230+0200: 2,496: [ParNew
Desired survivor size 20112992 bytes, new threshold 8 (max 8)
- age   1:    3991024 bytes,    3991024 total
- age   2:    6244688 bytes,   10235712 total
: 98936K->12893K(109248K), 0,0164741 secs] 98936K->12893K(502464K), 0,0165474 secs] [Times: user=0,06 sys=0,00, real=0,02 secs] 
Heap after GC invocations=2 (full 0):
 par new generation   total 109248K, used 12893K [0x00000000e0000000, 0x00000000e8000000, 0x00000000e8000000)
  eden space 87424K,   0% used [0x00000000e0000000, 0x00000000e0000000, 0x00000000e5560000)
  from space 21824K,  59% used [0x00000000e5560000, 0x00000000e61f7480, 0x00000000e6ab0000)
  to   space 21824K,   0% used [0x00000000e6ab0000, 0x00000000e6ab0000, 0x00000000e8000000)
 concurrent mark-sweep generation total 393216K, used 0K [0x00000000e8000000, 0x0000000100000000, 0x0000000100000000)
 Metaspace       used 20006K, capacity 20346K, committed 20736K, reserved 1067008K
  class space    used 2291K, capacity 2463K, committed 2560K, reserved 1048576K
}
2017-04-08T09:16:20.247+0200: 2,512: Total time for which application threads were stopped: 0,0168126 seconds, Stopping threads took: 0,0000975 seconds
2017-04-08T09:16:20.262+0200: 2,528: Total time for which application threads were stopped: 0,0042196 seconds, Stopping threads took: 0,0039641 seconds
2017-04-08T09:16:20.301+0200: 2,566: Total time for which application threads were stopped: 0,0003040 seconds, Stopping threads took: 0,0000254 seconds
2017-04-08T09:16:20.430+0200: 2,696: Total time for which application threads were stopped: 0,0001760 seconds, Stopping threads took: 0,0000365 seconds
{Heap before GC invocations=2 (full 0):
 par new generation   total 109248K, used 100317K [0x00000000e0000000, 0x00000000e8000000, 0x00000000e8000000)
  eden space 87424K, 100% used [0x00000000e0000000, 0x00000000e5560000, 0x00000000e5560000)
  from space 21824K,  59% used [0x00000000e5560000, 0x00000000e61f7480, 0x00000000e6ab0000)
  to   space 21824K,   0% used [0x00000000e6ab0000, 0x00000000e6ab0000, 0x00000000e8000000)
 concurrent mark-sweep generation total 393216K, used 0K [0x00000000e8000000, 0x0000000100000000, 0x0000000100000000)
 Metaspace       used 20963K, capacity 21268K, committed 21628K, reserved 1069056K
  class space    used 2415K, capacity 2582K, committed 2684K, reserved 1048576K
2017-04-08T09:16:20.464+0200: 2,729: [GC (Allocation Failure) 2017-04-08T09:16:20.464+0200: 2,729: [ParNew
Desired survivor size 20112992 bytes, new threshold 8 (max 8)
- age   1:    2313248 bytes,    2313248 total
- age   2:    1239392 bytes,    3552640 total
- age   3:    6242784 bytes,    9795424 total
: 100317K->11180K(109248K), 0,0135085 secs] 100317K->11180K(502464K), 0,0135989 secs] [Times: user=0,05 sys=0,00, real=0,01 secs] 
Heap after GC invocations=3 (full 0):
 par new generation   total 109248K, used 11180K [0x00000000e0000000, 0x00000000e8000000, 0x00000000e8000000)
  eden space 87424K,   0% used [0x00000000e0000000, 0x00000000e0000000, 0x00000000e5560000)
  from space 21824K,  51% used [0x00000000e6ab0000, 0x00000000e759b280, 0x00000000e8000000)
  to   space 21824K,   0% used [0x00000000e5560000, 0x00000000e5560000, 0x00000000e6ab0000)
 concurrent mark-sweep generation total 393216K, used 0K [0x00000000e8000000, 0x0000000100000000, 0x0000000100000000)
 Metaspace       used 20963K, capacity 21268K, committed 21628K, reserved 1069056K
  class space    used 2415K, capacity 2582K, committed 2684K, reserved 1048576K
}
2017-04-08T09:16:20.477+0200: 2,743: Total time for which application threads were stopped: 0,0138708 seconds, Stopping threads took: 0,0001113 seconds
2017-04-08T09:16:20.478+0200: 2,744: [GC (CMS Initial Mark) [1 CMS-initial-mark: 0K(393216K)] 11894K(502464K), 0,0053500 secs] [Times: user=0,02 sys=0,00, real=0,00 secs] 
2017-04-08T09:16:20.484+0200: 2,749: Total time for which application threads were stopped: 0,0055067 seconds, Stopping threads took: 0,0000470 seconds
2017-04-08T09:16:20.484+0200: 2,749: [CMS-concurrent-mark-start]
2017-04-08T09:16:20.484+0200: 2,750: [CMS-concurrent-mark: 0,001/0,001 secs] [Times: user=0,00 sys=0,00, real=0,00 secs] 
2017-04-08T09:16:20.484+0200: 2,750: [CMS-concurrent-preclean-start]
2017-04-08T09:16:20.485+0200: 2,751: [CMS-concurrent-preclean: 0,001/0,001 secs] [Times: user=0,00 sys=0,00, real=0,00 secs] 
2017-04-08T09:16:20.486+0200: 2,752: [GC (CMS Final Remark) [YG occupancy: 11894 K (109248 K)]{Heap before GC invocations=3 (full 1):
 par new generation   total 109248K, used 11894K [0x00000000e0000000, 0x00000000e8000000, 0x00000000e8000000)
  eden space 87424K,   0% used [0x00000000e0000000, 0x00000000e00b28f0, 0x00000000e5560000)
  from space 21824K,  51% used [0x00000000e6ab0000, 0x00000000e759b280, 0x00000000e8000000)
  to   space 21824K,   0% used [0x00000000e5560000, 0x00000000e5560000, 0x00000000e6ab0000)
 concurrent mark-sweep generation total 393216K, used 0K [0x00000000e8000000, 0x0000000100000000, 0x0000000100000000)
 Metaspace       used 20963K, capacity 21268K, committed 21628K, reserved 1069056K
  class space    used 2415K, capacity 2582K, committed 2684K, reserved 1048576K
2017-04-08T09:16:20.486+0200: 2,752: [GC (CMS Final Remark) 2017-04-08T09:16:20.486+0200: 2,752: [ParNew
Desired survivor size 20112992 bytes, new threshold 8 (max 8)
- age   1:      27304 bytes,      27304 total
- age   2:    1774640 bytes,    1801944 total
- age   3:    1208680 bytes,    3010624 total
- age   4:    6242784 bytes,    9253408 total
: 11894K->12858K(109248K), 0,0137759 secs] 11894K->12858K(502464K), 0,0138277 secs] [Times: user=0,05 sys=0,00, real=0,01 secs] 
Heap after GC invocations=4 (full 1):
 par new generation   total 109248K, used 12858K [0x00000000e0000000, 0x00000000e8000000, 0x00000000e8000000)
  eden space 87424K,   0% used [0x00000000e0000000, 0x00000000e0000000, 0x00000000e5560000)
  from space 21824K,  58% used [0x00000000e5560000, 0x00000000e61ee800, 0x00000000e6ab0000)
  to   space 21824K,   0% used [0x00000000e6ab0000, 0x00000000e6ab0000, 0x00000000e8000000)
 concurrent mark-sweep generation total 393216K, used 0K [0x00000000e8000000, 0x0000000100000000, 0x0000000100000000)
 Metaspace       used 20963K, capacity 21268K, committed 21628K, reserved 1069056K
  class space    used 2415K, capacity 2582K, committed 2684K, reserved 1048576K
}
2017-04-08T09:16:20.500+0200: 2,766: [Rescan (parallel) , 0,0065760 secs]2017-04-08T09:16:20.507+0200: 2,772: [weak refs processing, 0,0016186 secs]2017-04-08T09:16:20.508+0200: 2,774: [class unloading, 0,0027527 secs]2017-04-08T09:16:20.511+0200: 2,777: [scrub symbol table, 0,0023896 secs]2017-04-08T09:16:20.513+0200: 2,779: [scrub string table, 0,0003617 secs][1 CMS-remark: 0K(393216K)] 12858K(502464K), 0,0282078 secs] [Times: user=0,08 sys=0,00, real=0,02 secs] 
2017-04-08T09:16:20.514+0200: 2,780: Total time for which application threads were stopped: 0,0290355 seconds, Stopping threads took: 0,0007196 seconds
2017-04-08T09:16:20.514+0200: 2,780: [CMS-concurrent-sweep-start]
2017-04-08T09:16:20.514+0200: 2,780: [CMS-concurrent-sweep: 0,000/0,000 secs] [Times: user=0,00 sys=0,00, real=0,00 secs] 
2017-04-08T09:16:20.514+0200: 2,780: [CMS-concurrent-reset-start]
2017-04-08T09:16:20.521+0200: 2,787: [CMS-concurrent-reset: 0,007/0,007 secs] [Times: user=0,03 sys=0,00, real=0,01 secs] 
{Heap before GC invocations=4 (full 1):
 par new generation   total 109248K, used 100282K [0x00000000e0000000, 0x00000000e8000000, 0x00000000e8000000)
  eden space 87424K, 100% used [0x00000000e0000000, 0x00000000e5560000, 0x00000000e5560000)
  from space 21824K,  58% used [0x00000000e5560000, 0x00000000e61ee800, 0x00000000e6ab0000)
  to   space 21824K,   0% used [0x00000000e6ab0000, 0x00000000e6ab0000, 0x00000000e8000000)
 concurrent mark-sweep generation total 393216K, used 0K [0x00000000e8000000, 0x0000000100000000, 0x0000000100000000)
 Metaspace       used 21218K, capacity 21614K, committed 21884K, reserved 1069056K
  class space    used 2444K, capacity 2598K, committed 2684K, reserved 1048576K
2017-04-08T09:16:20.614+0200: 2,880: [GC (Allocation Failure) 2017-04-08T09:16:20.614+0200: 2,880: [ParNew
Desired survivor size 20112992 bytes, new threshold 8 (max 8)
- age   1:    1307168 bytes,    1307168 total
- age   3:    1490136 bytes,    2797304 total
- age   4:    1204504 bytes,    4001808 total
- age   5:    6243064 bytes,   10244872 total
: 100282K->12446K(109248K), 0,0097570 secs] 100282K->12446K(502464K), 0,0098135 secs] [Times: user=0,04 sys=0,00, real=0,01 secs] 
Heap after GC invocations=5 (full 1):
 par new generation   total 109248K, used 12446K [0x00000000e0000000, 0x00000000e8000000, 0x00000000e8000000)
  eden space 87424K,   0% used [0x00000000e0000000, 0x00000000e0000000, 0x00000000e5560000)
  from space 21824K,  57% used [0x00000000e6ab0000, 0x00000000e76d7930, 0x00000000e8000000)
  to   space 21824K,   0% used [0x00000000e5560000, 0x00000000e5560000, 0x00000000e6ab0000)
 concurrent mark-sweep generation total 393216K, used 0K [0x00000000e8000000, 0x0000000100000000, 0x0000000100000000)
 Metaspace       used 21218K, capacity 21614K, committed 21884K, reserved 1069056K
  class space    used 2444K, capacity 2598K, committed 2684K, reserved 1048576K
}
2017-04-08T09:16:20.624+0200: 2,890: Total time for which application threads were stopped: 0,0106651 seconds, Stopping threads took: 0,0007212 seconds
{Heap before GC invocations=5 (full 1):
 par new generation   total 109248K, used 99870K [0x00000000e0000000, 0x00000000e8000000, 0x00000000e8000000)
  eden space 87424K, 100% used [0x00000000e0000000, 0x00000000e5560000, 0x00000000e5560000)
  from space 21824K,  57% used [0x00000000e6ab0000, 0x00000000e76d7930, 0x00000000e8000000)
  to   space 21824K,   0% used [0x00000000e5560000, 0x00000000e5560000, 0x00000000e6ab0000)
 concurrent mark-sweep generation total 393216K, used 0K [0x00000000e8000000, 0x0000000100000000, 0x0000000100000000)
 Metaspace       used 21384K, capacity 21786K, committed 21884K, reserved 1069056K
  class space    used 2465K, capacity 2632K, committed 2684K, reserved 1048576K
2017-04-08T09:16:20.706+0200: 2,971: [GC (Allocation Failure) 2017-04-08T09:16:20.706+0200: 2,971: [ParNew
Desired survivor size 20112992 bytes, new threshold 8 (max 8)
- age   1:     447728 bytes,     447728 total
- age   2:     182512 bytes,     630240 total
- age   4:    1489912 bytes,    2120152 total
- age   5:    1204392 bytes,    3324544 total
- age   6:    6242768 bytes,    9567312 total
: 99870K->13329K(109248K), 0,0108602 secs] 99870K->13329K(502464K), 0,0109326 secs] [Times: user=0,03 sys=0,00, real=0,01 secs] 
Heap after GC invocations=6 (full 1):
 par new generation   total 109248K, used 13329K [0x00000000e0000000, 0x00000000e8000000, 0x00000000e8000000)
  eden space 87424K,   0% used [0x00000000e0000000, 0x00000000e0000000, 0x00000000e5560000)
  from space 21824K,  61% used [0x00000000e5560000, 0x00000000e6264550, 0x00000000e6ab0000)
  to   space 21824K,   0% used [0x00000000e6ab0000, 0x00000000e6ab0000, 0x00000000e8000000)
 concurrent mark-sweep generation total 393216K, used 0K [0x00000000e8000000, 0x0000000100000000, 0x0000000100000000)
 Metaspace       used 21384K, capacity 21786K, committed 21884K, reserved 1069056K
  class space    used 2465K, capacity 2632K, committed 2684K, reserved 1048576K
}
2017-04-08T09:16:20.717+0200: 2,982: Total time for which application threads were stopped: 0,0111602 seconds, Stopping threads took: 0,0000965 seconds
2017-04-08T09:16:20.752+0200: 3,017: Total time for which application threads were stopped: 0,0003969 seconds, Stopping threads took: 0,0000548 seconds
2017-04-08T09:16:20.954+0200: 3,220: Total time for which application threads were stopped: 0,0005421 seconds, Stopping threads took: 0,0000387 seconds
2017-04-08T09:16:20.971+0200: 3,236: Total time for which application threads were stopped: 0,0011532 seconds, Stopping threads took: 0,0007580 seconds
{Heap before GC invocations=6 (full 1):
 par new generation   total 109248K, used 100753K [0x00000000e0000000, 0x00000000e8000000, 0x00000000e8000000)
  eden space 87424K, 100% used [0x00000000e0000000, 0x00000000e5560000, 0x00000000e5560000)
  from space 21824K,  61% used [0x00000000e5560000, 0x00000000e6264550, 0x00000000e6ab0000)
  to   space 21824K,   0% used [0x00000000e6ab0000, 0x00000000e6ab0000, 0x00000000e8000000)
 concurrent mark-sweep generation total 393216K, used 0K [0x00000000e8000000, 0x0000000100000000, 0x0000000100000000)
 Metaspace       used 23901K, capacity 24318K, committed 24572K, reserved 1071104K
  class space    used 2814K, capacity 3006K, committed 3068K, reserved 1048576K
2017-04-08T09:16:21.123+0200: 3,388: [GC (Allocation Failure) 2017-04-08T09:16:21.123+0200: 3,388: [ParNew
Desired survivor size 20112992 bytes, new threshold 8 (max 8)
- age   1:    5400376 bytes,    5400376 total
- age   2:     124032 bytes,    5524408 total
- age   3:     181080 bytes,    5705488 total
- age   5:     312504 bytes,    6017992 total
- age   6:    1178176 bytes,    7196168 total
- age   7:    6234712 bytes,   13430880 total
: 100753K->17175K(109248K), 0,0119755 secs] 100753K->17175K(502464K), 0,0120456 secs] [Times: user=0,04 sys=0,00, real=0,01 secs] 
Heap after GC invocations=7 (full 1):
 par new generation   total 109248K, used 17175K [0x00000000e0000000, 0x00000000e8000000, 0x00000000e8000000)
  eden space 87424K,   0% used [0x00000000e0000000, 0x00000000e0000000, 0x00000000e5560000)
  from space 21824K,  78% used [0x00000000e6ab0000, 0x00000000e7b75ea0, 0x00000000e8000000)
  to   space 21824K,   0% used [0x00000000e5560000, 0x00000000e5560000, 0x00000000e6ab0000)
 concurrent mark-sweep generation total 393216K, used 0K [0x00000000e8000000, 0x0000000100000000, 0x0000000100000000)
 Metaspace       used 23901K, capacity 24318K, committed 24572K, reserved 1071104K
  class space    used 2814K, capacity 3006K, committed 3068K, reserved 1048576K
}
2017-04-08T09:16:21.135+0200: 3,400: Total time for which application threads were stopped: 0,0123922 seconds, Stopping threads took: 0,0001202 seconds
2017-04-08T09:16:21.262+0200: 3,528: Total time for which application threads were stopped: 0,0001628 seconds, Stopping threads took: 0,0000431 seconds
{Heap before GC invocations=7 (full 1):
 par new generation   total 109248K, used 104615K [0x00000000e0000000, 0x00000000e8000000, 0x00000000e8000000)
  eden space 87424K, 100% used [0x00000000e0000000, 0x00000000e5560000, 0x00000000e5560000)
  from space 21824K,  78% used [0x00000000e6ab0000, 0x00000000e7b79eb0, 0x00000000e8000000)
  to   space 21824K,   0% used [0x00000000e5560000, 0x00000000e5560000, 0x00000000e6ab0000)
 concurrent mark-sweep generation total 393216K, used 0K [0x00000000e8000000, 0x0000000100000000, 0x0000000100000000)
 Metaspace       used 24469K, capacity 24932K, committed 25084K, reserved 1071104K
  class space    used 2864K, capacity 3039K, committed 3068K, reserved 1048576K
2017-04-08T09:16:21.262+0200: 3,528: [GC (GCLocker Initiated GC) 2017-04-08T09:16:21.262+0200: 3,528: [ParNew
Desired survivor size 20112992 bytes, new threshold 8 (max 8)
- age   1:    2015608 bytes,    2015608 total
- age   2:    1838104 bytes,    3853712 total
- age   3:      64040 bytes,    3917752 total
- age   4:     101520 bytes,    4019272 total
- age   6:     189064 bytes,    4208336 total
- age   7:     944080 bytes,    5152416 total
- age   8:    5915920 bytes,   11068336 total
: 104615K->14287K(109248K), 0,0133165 secs] 104615K->14287K(502464K), 0,0133935 secs] [Times: user=0,04 sys=0,00, real=0,01 secs] 
Heap after GC invocations=8 (full 1):
 par new generation   total 109248K, used 14287K [0x00000000e0000000, 0x00000000e8000000, 0x00000000e8000000)
  eden space 87424K,   0% used [0x00000000e0000000, 0x00000000e0000000, 0x00000000e5560000)
  from space 21824K,  65% used [0x00000000e5560000, 0x00000000e6353c08, 0x00000000e6ab0000)
  to   space 21824K,   0% used [0x00000000e6ab0000, 0x00000000e6ab0000, 0x00000000e8000000)
 concurrent mark-sweep generation total 393216K, used 0K [0x00000000e8000000, 0x0000000100000000, 0x0000000100000000)
 Metaspace       used 24469K, capacity 24932K, committed 25084K, reserved 1071104K
  class space    used 2864K, capacity 3039K, committed 3068K, reserved 1048576K
}
2017-04-08T09:16:21.276+0200: 3,542: Total time for which application threads were stopped: 0,0135650 seconds, Stopping threads took: 0,0000314 seconds
{Heap before GC invocations=8 (full 1):
 par new generation   total 109248K, used 101711K [0x00000000e0000000, 0x00000000e8000000, 0x00000000e8000000)
  eden space 87424K, 100% used [0x00000000e0000000, 0x00000000e5560000, 0x00000000e5560000)
  from space 21824K,  65% used [0x00000000e5560000, 0x00000000e6353c08, 0x00000000e6ab0000)
  to   space 21824K,   0% used [0x00000000e6ab0000, 0x00000000e6ab0000, 0x00000000e8000000)
 concurrent mark-sweep generation total 393216K, used 0K [0x00000000e8000000, 0x0000000100000000, 0x0000000100000000)
 Metaspace       used 24966K, capacity 25374K, committed 25724K, reserved 1071104K
  class space    used 2906K, capacity 3076K, committed 3196K, reserved 1048576K
2017-04-08T09:16:21.400+0200: 3,665: [GC (Allocation Failure) 2017-04-08T09:16:21.400+0200: 3,665: [ParNew
Desired survivor size 20112992 bytes, new threshold 8 (max 8)
- age   1:    1008752 bytes,    1008752 total
- age   2:    1092832 bytes,    2101584 total
- age   3:    1815200 bytes,    3916784 total
- age   4:      64040 bytes,    3980824 total
- age   5:      98872 bytes,    4079696 total
- age   7:     188536 bytes,    4268232 total
- age   8:     943280 bytes,    5211512 total
: 101711K->8461K(109248K), 0,0653328 secs] 101711K->14320K(502464K), 0,0653994 secs] [Times: user=0,16 sys=0,00, real=0,06 secs] 
Heap after GC invocations=9 (full 1):
 par new generation   total 109248K, used 8461K [0x00000000e0000000, 0x00000000e8000000, 0x00000000e8000000)
  eden space 87424K,   0% used [0x00000000e0000000, 0x00000000e0000000, 0x00000000e5560000)
  from space 21824K,  38% used [0x00000000e6ab0000, 0x00000000e72f34b0, 0x00000000e8000000)
  to   space 21824K,   0% used [0x00000000e5560000, 0x00000000e5560000, 0x00000000e6ab0000)
 concurrent mark-sweep generation total 393216K, used 5859K [0x00000000e8000000, 0x0000000100000000, 0x0000000100000000)
 Metaspace       used 24966K, capacity 25374K, committed 25724K, reserved 1071104K
  class space    used 2906K, capacity 3076K, committed 3196K, reserved 1048576K
}
2017-04-08T09:16:21.465+0200: 3,731: Total time for which application threads were stopped: 0,0728577 seconds, Stopping threads took: 0,0072935 seconds
2017-04-08T09:16:21.709+0200: 3,975: Total time for which application threads were stopped: 0,0005057 seconds, Stopping threads took: 0,0000500 seconds
2017-04-08T09:16:21.725+0200: 3,991: Total time for which application threads were stopped: 0,0005139 seconds, Stopping threads took: 0,0000351 seconds
2017-04-08T09:16:21.782+0200: 4,047: Total time for which application threads were stopped: 0,0005643 seconds, Stopping threads took: 0,0000293 seconds
2017-04-08T09:16:21.796+0200: 4,061: Total time for which application threads were stopped: 0,0007015 seconds, Stopping threads took: 0,0002316 seconds
2017-04-08T09:16:21.801+0200: 4,066: Total time for which application threads were stopped: 0,0001620 seconds, Stopping threads took: 0,0000472 seconds
2017-04-08T09:16:21.802+0200: 4,068: Total time for which application threads were stopped: 0,0009836 seconds, Stopping threads took: 0,0008834 seconds
2017-04-08T09:16:21.803+0200: 4,069: Total time for which application threads were stopped: 0,0001809 seconds, Stopping threads took: 0,0000628 seconds
2017-04-08T09:16:21.804+0200: 4,069: Total time for which application threads were stopped: 0,0001381 seconds, Stopping threads took: 0,0000323 seconds
2017-04-08T09:16:21.805+0200: 4,071: Total time for which application threads were stopped: 0,0001978 seconds, Stopping threads took: 0,0000751 seconds
2017-04-08T09:16:21.806+0200: 4,071: Total time for which application threads were stopped: 0,0001272 seconds, Stopping threads took: 0,0000393 seconds
2017-04-08T09:16:21.806+0200: 4,072: Total time for which application threads were stopped: 0,0000979 seconds, Stopping threads took: 0,0000148 seconds
2017-04-08T09:16:21.806+0200: 4,072: Total time for which application threads were stopped: 0,0000972 seconds, Stopping threads took: 0,0000270 seconds
2017-04-08T09:16:21.806+0200: 4,072: Total time for which application threads were stopped: 0,0001041 seconds, Stopping threads took: 0,0000176 seconds
2017-04-08T09:16:21.806+0200: 4,072: Total time for which application threads were stopped: 0,0000812 seconds, Stopping threads took: 0,0000277 seconds
2017-04-08T09:16:21.806+0200: 4,072: Total time for which application threads were stopped: 0,0000892 seconds, Stopping threads took: 0,0000339 seconds
2017-04-08T09:16:21.807+0200: 4,073: Total time for which application threads were stopped: 0,0001443 seconds, Stopping threads took: 0,0000501 seconds
2017-04-08T09:16:21.807+0200: 4,073: Total time for which application threads were stopped: 0,0001004 seconds, Stopping threads took: 0,0000345 seconds
2017-04-08T09:16:21.807+0200: 4,073: Total time for which application threads were stopped: 0,0001007 seconds, Stopping threads took: 0,0000315 seconds
2017-04-08T09:16:21.807+0200: 4,073: Total time for which application threads were stopped: 0,0000956 seconds, Stopping threads took: 0,0000216 seconds
2017-04-08T09:16:21.808+0200: 4,073: Total time for which application threads were stopped: 0,0000735 seconds, Stopping threads took: 0,0000167 seconds
2017-04-08T09:16:21.808+0200: 4,073: Total time for which application threads were stopped: 0,0000730 seconds, Stopping threads took: 0,0000182 seconds
2017-04-08T09:16:21.808+0200: 4,074: Total time for which application threads were stopped: 0,0000764 seconds, Stopping threads took: 0,0000156 seconds
2017-04-08T09:16:21.808+0200: 4,074: Total time for which application threads were stopped: 0,0000743 seconds, Stopping threads took: 0,0000163 seconds
2017-04-08T09:16:21.808+0200: 4,074: Total time for which application threads were stopped: 0,0002046 seconds, Stopping threads took: 0,0000242 seconds
2017-04-08T09:16:21.809+0200: 4,075: Total time for which application threads were stopped: 0,0001198 seconds, Stopping threads took: 0,0000263 seconds
2017-04-08T09:16:21.809+0200: 4,075: Total time for which application threads were stopped: 0,0000893 seconds, Stopping threads took: 0,0000219 seconds
2017-04-08T09:16:21.809+0200: 4,075: Total time for which application threads were stopped: 0,0000911 seconds, Stopping threads took: 0,0000216 seconds
2017-04-08T09:16:21.810+0200: 4,075: Total time for which application threads were stopped: 0,0000740 seconds, Stopping threads took: 0,0000194 seconds
2017-04-08T09:16:21.810+0200: 4,075: Total time for which application threads were stopped: 0,0001077 seconds, Stopping threads took: 0,0000505 seconds
2017-04-08T09:16:21.814+0200: 4,080: Total time for which application threads were stopped: 0,0041564 seconds, Stopping threads took: 0,0040538 seconds
2017-04-08T09:16:21.814+0200: 4,080: Total time for which application threads were stopped: 0,0000880 seconds, Stopping threads took: 0,0000324 seconds
2017-04-08T09:16:21.814+0200: 4,080: Total time for which application threads were stopped: 0,0000662 seconds, Stopping threads took: 0,0000222 seconds
2017-04-08T09:16:21.815+0200: 4,080: Total time for which application threads were stopped: 0,0000821 seconds, Stopping threads took: 0,0000204 seconds
2017-04-08T09:16:21.815+0200: 4,080: Total time for which application threads were stopped: 0,0000698 seconds, Stopping threads took: 0,0000181 seconds
2017-04-08T09:16:21.815+0200: 4,081: Total time for which application threads were stopped: 0,0000741 seconds, Stopping threads took: 0,0000204 seconds
2017-04-08T09:16:21.815+0200: 4,081: Total time for which application threads were stopped: 0,0000630 seconds, Stopping threads took: 0,0000184 seconds
2017-04-08T09:16:21.815+0200: 4,081: Total time for which application threads were stopped: 0,0000654 seconds, Stopping threads took: 0,0000203 seconds
2017-04-08T09:16:21.815+0200: 4,081: Total time for which application threads were stopped: 0,0000563 seconds, Stopping threads took: 0,0000149 seconds
2017-04-08T09:16:21.815+0200: 4,081: Total time for which application threads were stopped: 0,0000561 seconds, Stopping threads took: 0,0000145 seconds
2017-04-08T09:16:21.816+0200: 4,081: Total time for which application threads were stopped: 0,0000642 seconds, Stopping threads took: 0,0000182 seconds
2017-04-08T09:16:21.816+0200: 4,082: Total time for which application threads were stopped: 0,0000543 seconds, Stopping threads took: 0,0000146 seconds
2017-04-08T09:16:21.816+0200: 4,082: Total time for which application threads were stopped: 0,0000664 seconds, Stopping threads took: 0,0000199 seconds
2017-04-08T09:16:21.816+0200: 4,082: Total time for which application threads were stopped: 0,0000568 seconds, Stopping threads took: 0,0000155 seconds
2017-04-08T09:16:21.816+0200: 4,082: Total time for which application threads were stopped: 0,0001697 seconds, Stopping threads took: 0,0000147 seconds
2017-04-08T09:16:21.822+0200: 4,088: Total time for which application threads were stopped: 0,0024882 seconds, Stopping threads took: 0,0024080 seconds
2017-04-08T09:16:21.825+0200: 4,091: Total time for which application threads were stopped: 0,0003143 seconds, Stopping threads took: 0,0002251 seconds
2017-04-08T09:16:21.832+0200: 4,097: Total time for which application threads were stopped: 0,0001479 seconds, Stopping threads took: 0,0000435 seconds
2017-04-08T09:16:21.871+0200: 4,137: Total time for which application threads were stopped: 0,0001816 seconds, Stopping threads took: 0,0000600 seconds
2017-04-08T09:16:21.882+0200: 4,148: Total time for which application threads were stopped: 0,0058311 seconds, Stopping threads took: 0,0057152 seconds
2017-04-08T09:16:21.909+0200: 4,175: Total time for which application threads were stopped: 0,0004736 seconds, Stopping threads took: 0,0000496 seconds
2017-04-08T09:16:22.910+0200: 5,175: Total time for which application threads were stopped: 0,0001033 seconds, Stopping threads took: 0,0000250 seconds
2017-04-08T09:18:19.177+0200: 122,188: Total time for which application threads were stopped: 0,0001036 seconds, Stopping threads took: 0,0000397 seconds
{Heap before GC invocations=9 (full 1):
 par new generation   total 109248K, used 95885K [0x00000000e0000000, 0x00000000e8000000, 0x00000000e8000000)
  eden space 87424K, 100% used [0x00000000e0000000, 0x00000000e5560000, 0x00000000e5560000)
  from space 21824K,  38% used [0x00000000e6ab0000, 0x00000000e72f34b0, 0x00000000e8000000)
  to   space 21824K,   0% used [0x00000000e5560000, 0x00000000e5560000, 0x00000000e6ab0000)
 concurrent mark-sweep generation total 393216K, used 5859K [0x00000000e8000000, 0x0000000100000000, 0x0000000100000000)
 Metaspace       used 28009K, capacity 28478K, committed 28796K, reserved 1075200K
  class space    used 3209K, capacity 3382K, committed 3452K, reserved 1048576K
2017-04-08T09:19:13.102+0200: 176,113: [GC (Allocation Failure) 2017-04-08T09:19:13.102+0200: 176,113: [ParNew
Desired survivor size 20112992 bytes, new threshold 8 (max 8)
- age   1:   10951392 bytes,   10951392 total
- age   2:     239072 bytes,   11190464 total
- age   3:     255960 bytes,   11446424 total
- age   4:    1810592 bytes,   13257016 total
- age   5:      64040 bytes,   13321056 total
- age   6:      98744 bytes,   13419800 total
- age   8:     188440 bytes,   13608240 total
: 95885K->15174K(109248K), 0,0246815 secs] 101744K->22067K(502464K), 0,0247897 secs] [Times: user=0,08 sys=0,00, real=0,02 secs] 
Heap after GC invocations=10 (full 1):
 par new generation   total 109248K, used 15174K [0x00000000e0000000, 0x00000000e8000000, 0x00000000e8000000)
  eden space 87424K,   0% used [0x00000000e0000000, 0x00000000e0000000, 0x00000000e5560000)
  from space 21824K,  69% used [0x00000000e5560000, 0x00000000e6431838, 0x00000000e6ab0000)
  to   space 21824K,   0% used [0x00000000e6ab0000, 0x00000000e6ab0000, 0x00000000e8000000)
 concurrent mark-sweep generation total 393216K, used 6893K [0x00000000e8000000, 0x0000000100000000, 0x0000000100000000)
 Metaspace       used 28009K, capacity 28478K, committed 28796K, reserved 1075200K
  class space    used 3209K, capacity 3382K, committed 3452K, reserved 1048576K
}
2017-04-08T09:19:13.127+0200: 176,138: Total time for which application threads were stopped: 0,0250767 seconds, Stopping threads took: 0,0000770 seconds
2017-04-08T09:19:13.128+0200: 176,138: Total time for which application threads were stopped: 0,0000704 seconds, Stopping threads took: 0,0000193 seconds
2017-04-08T09:39:53.249+0200: 1416,259: Total time for which application threads were stopped: 0,0004210 seconds, Stopping threads took: 0,0001463 seconds
2017-04-08T09:44:33.279+0200: 1696,290: Total time for which application threads were stopped: 0,0001573 seconds, Stopping threads took: 0,0000745 seconds
2017-04-08T09:55:38.352+0200: 2361,363: Total time for which application threads were stopped: 0,0001240 seconds, Stopping threads took: 0,0000518 seconds
2017-04-08T09:55:39.352+0200: 2362,363: Total time for which application threads were stopped: 0,0000849 seconds, Stopping threads took: 0,0000164 seconds
2017-04-08T10:01:19.396+0200: 2702,407: Total time for which application threads were stopped: 0,0001709 seconds, Stopping threads took: 0,0000622 seconds
2017-04-08T10:18:59.522+0200: 3762,533: Total time for which application threads were stopped: 0,0001087 seconds, Stopping threads took: 0,0000370 seconds
2017-04-08T10:20:28.533+0200: 3851,544: Total time for which application threads were stopped: 0,0000845 seconds, Stopping threads took: 0,0000306 seconds
2017-04-08T10:20:33.534+0200: 3856,544: Total time for which application threads were stopped: 0,0000814 seconds, Stopping threads took: 0,0000296 seconds
2017-04-08T10:38:09.654+0200: 4912,665: Total time for which application threads were stopped: 0,0000811 seconds, Stopping threads took: 0,0000311 seconds
2017-04-08T10:40:19.670+0200: 5042,680: Total time for which application threads were stopped: 0,0000827 seconds, Stopping threads took: 0,0000323 seconds
2017-04-08T11:12:48.887+0200: 6991,898: Total time for which application threads were stopped: 0,0000812 seconds, Stopping threads took: 0,0000320 seconds
2017-04-08T11:15:48.904+0200: 7171,915: Total time for which application threads were stopped: 0,0003636 seconds, Stopping threads took: 0,0000605 seconds
2017-04-08T11:17:48.915+0200: 7291,926: Total time for which application threads were stopped: 0,0001014 seconds, Stopping threads took: 0,0000359 seconds
2017-04-08T11:17:49.916+0200: 7292,927: Total time for which application threads were stopped: 0,0001591 seconds, Stopping threads took: 0,0000711 seconds
2017-04-08T11:18:09.917+0200: 7312,928: Total time for which application threads were stopped: 0,0001446 seconds, Stopping threads took: 0,0000492 seconds
2017-04-08T11:18:18.918+0200: 7321,929: Total time for which application threads were stopped: 0,0003119 seconds, Stopping threads took: 0,0000541 seconds
2017-04-08T11:24:18.953+0200: 7681,964: Total time for which application threads were stopped: 0,0001004 seconds, Stopping threads took: 0,0000342 seconds
2017-04-08T12:28:49.411+0200: 11552,422: Total time for which application threads were stopped: 0,0001002 seconds, Stopping threads took: 0,0000302 seconds
2017-04-08T13:32:18.786+0200: 15361,797: Total time for which application threads were stopped: 0,0004345 seconds, Stopping threads took: 0,0001527 seconds
2017-04-08T14:18:19.066+0200: 18122,077: Total time for which application threads were stopped: 0,0000951 seconds, Stopping threads took: 0,0000366 seconds
2017-04-08T15:35:18.819+0200: 22741,830: Total time for which application threads were stopped: 0,0136522 seconds, Stopping threads took: 0,0135591 seconds
2017-04-08T15:35:18.823+0200: 22741,834: Total time for which application threads were stopped: 0,0000906 seconds, Stopping threads took: 0,0000172 seconds
2017-04-08T15:35:18.849+0200: 22741,860: Total time for which application threads were stopped: 0,0001041 seconds, Stopping threads took: 0,0000284 seconds
2017-04-08T15:35:18.859+0200: 22741,870: Total time for which application threads were stopped: 0,0001283 seconds, Stopping threads took: 0,0000291 seconds
2017-04-08T15:35:18.862+0200: 22741,873: Total time for which application threads were stopped: 0,0000949 seconds, Stopping threads took: 0,0000254 seconds
2017-04-08T15:35:18.865+0200: 22741,876: Total time for which application threads were stopped: 0,0001208 seconds, Stopping threads took: 0,0000260 seconds
Heap
 par new generation   total 109248K, used 36286K [0x00000000e0000000, 0x00000000e8000000, 0x00000000e8000000)
  eden space 87424K,  24% used [0x00000000e0000000, 0x00000000e149e088, 0x00000000e5560000)
  from space 21824K,  69% used [0x00000000e5560000, 0x00000000e6431838, 0x00000000e6ab0000)
  to   space 21824K,   0% used [0x00000000e6ab0000, 0x00000000e6ab0000, 0x00000000e8000000)
 concurrent mark-sweep generation total 393216K, used 6893K [0x00000000e8000000, 0x0000000100000000, 0x0000000100000000)
 Metaspace       used 28175K, capacity 28678K, committed 29052K, reserved 1075200K
  class space    used 3223K, capacity 3384K, committed 3452K, reserved 1048576K
