OpenJDK 64-Bit Server VM (25.131-b11) for linux-amd64 JRE (1.8.0_131-8u131-b11-2ubuntu1.16.04.3-b11), built on Jul 28 2017 01:23:32 by "buildd" with gcc 5.4.0 20160609
Memory: 4k page, physical 7867732k(7484844k free), swap 8076284k(8076284k free)
CommandLine flags: -XX:CMSInitiatingOccupancyFraction=50 -XX:CMSMaxAbortablePrecleanTime=6000 -XX:+CMSParallelRemarkEnabled -XX:+CMSScavengeBeforeRemark -XX:ConcGCThreads=4 -XX:InitialHeapSize=536870912 -XX:MaxHeapSize=536870912 -XX:MaxTenuringThreshold=8 -XX:NewRatio=3 -XX:OldPLABSize=16 -XX:OnOutOfMemoryError=/opt/solr/bin/oom_solr.sh 8983 /var/solr/logs -XX:ParallelGCThreads=4 -XX:+ParallelRefProcEnabled -XX:PretenureSizeThreshold=67108864 -XX:+PrintGC -XX:+PrintGCApplicationStoppedTime -XX:+PrintGCDateStamps -XX:+PrintGCDetails -XX:+PrintGCTimeStamps -XX:+PrintHeapAtGC -XX:+PrintTenuringDistribution -XX:SurvivorRatio=4 -XX:TargetSurvivorRatio=90 -XX:ThreadStackSize=256 -XX:+UseCMSInitiatingOccupancyOnly -XX:+UseCompressedClassPointers -XX:+UseCompressedOops -XX:+UseConcMarkSweepGC -XX:+UseParNewGC 
2017-08-13T08:39:49.019+0200: 0,188: Total time for which application threads were stopped: 0,0000887 seconds, Stopping threads took: 0,0000103 seconds
2017-08-13T08:39:49.121+0200: 0,290: Total time for which application threads were stopped: 0,0001227 seconds, Stopping threads took: 0,0000199 seconds
2017-08-13T08:39:49.141+0200: 0,310: Total time for which application threads were stopped: 0,0000999 seconds, Stopping threads took: 0,0000166 seconds
2017-08-13T08:39:49.438+0200: 0,607: Total time for which application threads were stopped: 0,0001822 seconds, Stopping threads took: 0,0000342 seconds
2017-08-13T08:39:49.867+0200: 1,036: Total time for which application threads were stopped: 0,0001738 seconds, Stopping threads took: 0,0000194 seconds
2017-08-13T08:39:49.994+0200: 1,163: Total time for which application threads were stopped: 0,0001743 seconds, Stopping threads took: 0,0000267 seconds
2017-08-13T08:39:50.034+0200: 1,202: Total time for which application threads were stopped: 0,0002257 seconds, Stopping threads took: 0,0000474 seconds
2017-08-13T08:39:50.347+0200: 1,515: Total time for which application threads were stopped: 0,0001780 seconds, Stopping threads took: 0,0000223 seconds
2017-08-13T08:39:50.594+0200: 1,762: Total time for which application threads were stopped: 0,0002902 seconds, Stopping threads took: 0,0000279 seconds
2017-08-13T08:39:50.617+0200: 1,785: Total time for which application threads were stopped: 0,0001913 seconds, Stopping threads took: 0,0000151 seconds
2017-08-13T08:39:50.659+0200: 1,827: Total time for which application threads were stopped: 0,0013802 seconds, Stopping threads took: 0,0001961 seconds
2017-08-13T08:39:50.660+0200: 1,829: Total time for which application threads were stopped: 0,0002672 seconds, Stopping threads took: 0,0000293 seconds
2017-08-13T08:39:50.680+0200: 1,849: Total time for which application threads were stopped: 0,0001710 seconds, Stopping threads took: 0,0000237 seconds
2017-08-13T08:39:50.774+0200: 1,943: Total time for which application threads were stopped: 0,0002080 seconds, Stopping threads took: 0,0000199 seconds
2017-08-13T08:39:50.968+0200: 2,136: Total time for which application threads were stopped: 0,0002504 seconds, Stopping threads took: 0,0000204 seconds
{Heap before GC invocations=0 (full 0):
 par new generation   total 109248K, used 87424K [0x00000000e0000000, 0x00000000e8000000, 0x00000000e8000000)
  eden space 87424K, 100% used [0x00000000e0000000, 0x00000000e5560000, 0x00000000e5560000)
  from space 21824K,   0% used [0x00000000e5560000, 0x00000000e5560000, 0x00000000e6ab0000)
  to   space 21824K,   0% used [0x00000000e6ab0000, 0x00000000e6ab0000, 0x00000000e8000000)
 concurrent mark-sweep generation total 393216K, used 0K [0x00000000e8000000, 0x0000000100000000, 0x0000000100000000)
 Metaspace       used 18008K, capacity 18336K, committed 18688K, reserved 1064960K
  class space    used 2036K, capacity 2196K, committed 2304K, reserved 1048576K
2017-08-13T08:39:51.043+0200: 2,211: [GC (Allocation Failure) 2017-08-13T08:39:51.043+0200: 2,211: [ParNew
Desired survivor size 20112992 bytes, new threshold 8 (max 8)
- age   1:   12562488 bytes,   12562488 total
: 87424K->12381K(109248K), 0,0161957 secs] 87424K->12381K(502464K), 0,0162712 secs] [Times: user=0,04 sys=0,02, real=0,01 secs] 
Heap after GC invocations=1 (full 0):
 par new generation   total 109248K, used 12381K [0x00000000e0000000, 0x00000000e8000000, 0x00000000e8000000)
  eden space 87424K,   0% used [0x00000000e0000000, 0x00000000e0000000, 0x00000000e5560000)
  from space 21824K,  56% used [0x00000000e6ab0000, 0x00000000e76c7468, 0x00000000e8000000)
  to   space 21824K,   0% used [0x00000000e5560000, 0x00000000e5560000, 0x00000000e6ab0000)
 concurrent mark-sweep generation total 393216K, used 0K [0x00000000e8000000, 0x0000000100000000, 0x0000000100000000)
 Metaspace       used 18008K, capacity 18336K, committed 18688K, reserved 1064960K
  class space    used 2036K, capacity 2196K, committed 2304K, reserved 1048576K
}
2017-08-13T08:39:51.059+0200: 2,228: Total time for which application threads were stopped: 0,0165272 seconds, Stopping threads took: 0,0000858 seconds
2017-08-13T08:39:51.540+0200: 2,709: Total time for which application threads were stopped: 0,0003062 seconds, Stopping threads took: 0,0000215 seconds
{Heap before GC invocations=1 (full 0):
 par new generation   total 109248K, used 99805K [0x00000000e0000000, 0x00000000e8000000, 0x00000000e8000000)
  eden space 87424K, 100% used [0x00000000e0000000, 0x00000000e5560000, 0x00000000e5560000)
  from space 21824K,  56% used [0x00000000e6ab0000, 0x00000000e76c7468, 0x00000000e8000000)
  to   space 21824K,   0% used [0x00000000e5560000, 0x00000000e5560000, 0x00000000e6ab0000)
 concurrent mark-sweep generation total 393216K, used 0K [0x00000000e8000000, 0x0000000100000000, 0x0000000100000000)
 Metaspace       used 20052K, capacity 20382K, committed 20736K, reserved 1067008K
  class space    used 2299K, capacity 2477K, committed 2560K, reserved 1048576K
2017-08-13T08:39:51.577+0200: 2,745: [GC (Allocation Failure) 2017-08-13T08:39:51.577+0200: 2,746: [ParNew
Desired survivor size 20112992 bytes, new threshold 8 (max 8)
- age   1:    3592208 bytes,    3592208 total
- age   2:    6652976 bytes,   10245184 total
: 99805K->13690K(109248K), 0,0115086 secs] 99805K->13690K(502464K), 0,0115883 secs] [Times: user=0,03 sys=0,01, real=0,01 secs] 
Heap after GC invocations=2 (full 0):
 par new generation   total 109248K, used 13690K [0x00000000e0000000, 0x00000000e8000000, 0x00000000e8000000)
  eden space 87424K,   0% used [0x00000000e0000000, 0x00000000e0000000, 0x00000000e5560000)
  from space 21824K,  62% used [0x00000000e5560000, 0x00000000e62be900, 0x00000000e6ab0000)
  to   space 21824K,   0% used [0x00000000e6ab0000, 0x00000000e6ab0000, 0x00000000e8000000)
 concurrent mark-sweep generation total 393216K, used 0K [0x00000000e8000000, 0x0000000100000000, 0x0000000100000000)
 Metaspace       used 20052K, capacity 20382K, committed 20736K, reserved 1067008K
  class space    used 2299K, capacity 2477K, committed 2560K, reserved 1048576K
}
2017-08-13T08:39:51.588+0200: 2,757: Total time for which application threads were stopped: 0,0118248 seconds, Stopping threads took: 0,0000609 seconds
2017-08-13T08:39:51.596+0200: 2,765: Total time for which application threads were stopped: 0,0003878 seconds, Stopping threads took: 0,0000557 seconds
2017-08-13T08:39:51.633+0200: 2,801: Total time for which application threads were stopped: 0,0003526 seconds, Stopping threads took: 0,0000606 seconds
2017-08-13T08:39:51.779+0200: 2,948: Total time for which application threads were stopped: 0,0010008 seconds, Stopping threads took: 0,0008568 seconds
{Heap before GC invocations=2 (full 0):
 par new generation   total 109248K, used 101114K [0x00000000e0000000, 0x00000000e8000000, 0x00000000e8000000)
  eden space 87424K, 100% used [0x00000000e0000000, 0x00000000e5560000, 0x00000000e5560000)
  from space 21824K,  62% used [0x00000000e5560000, 0x00000000e62be900, 0x00000000e6ab0000)
  to   space 21824K,   0% used [0x00000000e6ab0000, 0x00000000e6ab0000, 0x00000000e8000000)
 concurrent mark-sweep generation total 393216K, used 0K [0x00000000e8000000, 0x0000000100000000, 0x0000000100000000)
 Metaspace       used 20971K, capacity 21310K, committed 21552K, reserved 1069056K
  class space    used 2423K, capacity 2597K, committed 2608K, reserved 1048576K
2017-08-13T08:39:51.810+0200: 2,978: [GC (Allocation Failure) 2017-08-13T08:39:51.810+0200: 2,978: [ParNew
Desired survivor size 20112992 bytes, new threshold 8 (max 8)
- age   1:    2060992 bytes,    2060992 total
- age   2:     886784 bytes,    2947776 total
- age   3:    6649480 bytes,    9597256 total
: 101114K->12842K(109248K), 0,0148748 secs] 101114K->12842K(502464K), 0,0149461 secs] [Times: user=0,06 sys=0,00, real=0,02 secs] 
Heap after GC invocations=3 (full 0):
 par new generation   total 109248K, used 12842K [0x00000000e0000000, 0x00000000e8000000, 0x00000000e8000000)
  eden space 87424K,   0% used [0x00000000e0000000, 0x00000000e0000000, 0x00000000e5560000)
  from space 21824K,  58% used [0x00000000e6ab0000, 0x00000000e773a858, 0x00000000e8000000)
  to   space 21824K,   0% used [0x00000000e5560000, 0x00000000e5560000, 0x00000000e6ab0000)
 concurrent mark-sweep generation total 393216K, used 0K [0x00000000e8000000, 0x0000000100000000, 0x0000000100000000)
 Metaspace       used 20971K, capacity 21310K, committed 21552K, reserved 1069056K
  class space    used 2423K, capacity 2597K, committed 2608K, reserved 1048576K
}
2017-08-13T08:39:51.825+0200: 2,993: Total time for which application threads were stopped: 0,0179918 seconds, Stopping threads took: 0,0029171 seconds
2017-08-13T08:39:51.838+0200: 3,007: [GC (CMS Initial Mark) [1 CMS-initial-mark: 0K(393216K)] 23512K(502464K), 0,0066536 secs] [Times: user=0,03 sys=0,00, real=0,01 secs] 
2017-08-13T08:39:51.844+0200: 3,013: Total time for which application threads were stopped: 0,0069550 seconds, Stopping threads took: 0,0001887 seconds
2017-08-13T08:39:51.845+0200: 3,013: [CMS-concurrent-mark-start]
2017-08-13T08:39:51.845+0200: 3,014: [CMS-concurrent-mark: 0,001/0,001 secs] [Times: user=0,00 sys=0,00, real=0,00 secs] 
2017-08-13T08:39:51.845+0200: 3,014: [CMS-concurrent-preclean-start]
2017-08-13T08:39:51.847+0200: 3,015: [CMS-concurrent-preclean: 0,001/0,001 secs] [Times: user=0,00 sys=0,00, real=0,00 secs] 
2017-08-13T08:39:51.847+0200: 3,015: [CMS-concurrent-abortable-preclean-start]
2017-08-13T08:39:51.901+0200: 3,070: Total time for which application threads were stopped: 0,0001668 seconds, Stopping threads took: 0,0000779 seconds
2017-08-13T08:39:51.914+0200: 3,082: Total time for which application threads were stopped: 0,0001459 seconds, Stopping threads took: 0,0000825 seconds
{Heap before GC invocations=3 (full 1):
 par new generation   total 109248K, used 100266K [0x00000000e0000000, 0x00000000e8000000, 0x00000000e8000000)
  eden space 87424K, 100% used [0x00000000e0000000, 0x00000000e5560000, 0x00000000e5560000)
  from space 21824K,  58% used [0x00000000e6ab0000, 0x00000000e773a858, 0x00000000e8000000)
  to   space 21824K,   0% used [0x00000000e5560000, 0x00000000e5560000, 0x00000000e6ab0000)
 concurrent mark-sweep generation total 393216K, used 0K [0x00000000e8000000, 0x0000000100000000, 0x0000000100000000)
 Metaspace       used 21271K, capacity 21670K, committed 21960K, reserved 1069056K
  class space    used 2455K, capacity 2617K, committed 2736K, reserved 1048576K
2017-08-13T08:39:51.930+0200: 3,098: [GC (Allocation Failure) 2017-08-13T08:39:51.930+0200: 3,098: [ParNew
Desired survivor size 20112992 bytes, new threshold 8 (max 8)
- age   1:     394824 bytes,     394824 total
- age   2:    1462896 bytes,    1857720 total
- age   3:     855312 bytes,    2713032 total
- age   4:    6649288 bytes,    9362320 total
: 100266K->12353K(109248K), 0,0163963 secs] 100266K->12353K(502464K), 0,0164546 secs] [Times: user=0,05 sys=0,00, real=0,02 secs] 
Heap after GC invocations=4 (full 1):
 par new generation   total 109248K, used 12353K [0x00000000e0000000, 0x00000000e8000000, 0x00000000e8000000)
  eden space 87424K,   0% used [0x00000000e0000000, 0x00000000e0000000, 0x00000000e5560000)
  from space 21824K,  56% used [0x00000000e5560000, 0x00000000e61706b0, 0x00000000e6ab0000)
  to   space 21824K,   0% used [0x00000000e6ab0000, 0x00000000e6ab0000, 0x00000000e8000000)
 concurrent mark-sweep generation total 393216K, used 0K [0x00000000e8000000, 0x0000000100000000, 0x0000000100000000)
 Metaspace       used 21271K, capacity 21670K, committed 21960K, reserved 1069056K
  class space    used 2455K, capacity 2617K, committed 2736K, reserved 1048576K
}
2017-08-13T08:39:51.946+0200: 3,115: Total time for which application threads were stopped: 0,0183175 seconds, Stopping threads took: 0,0017163 seconds
{Heap before GC invocations=4 (full 1):
 par new generation   total 109248K, used 99777K [0x00000000e0000000, 0x00000000e8000000, 0x00000000e8000000)
  eden space 87424K, 100% used [0x00000000e0000000, 0x00000000e5560000, 0x00000000e5560000)
  from space 21824K,  56% used [0x00000000e5560000, 0x00000000e61706b0, 0x00000000e6ab0000)
  to   space 21824K,   0% used [0x00000000e6ab0000, 0x00000000e6ab0000, 0x00000000e8000000)
 concurrent mark-sweep generation total 393216K, used 0K [0x00000000e8000000, 0x0000000100000000, 0x0000000100000000)
 Metaspace       used 21465K, capacity 21842K, committed 21960K, reserved 1069056K
  class space    used 2477K, capacity 2651K, committed 2736K, reserved 1048576K
2017-08-13T08:39:52.016+0200: 3,185: [GC (Allocation Failure) 2017-08-13T08:39:52.016+0200: 3,185: [ParNew
Desired survivor size 20112992 bytes, new threshold 8 (max 8)
- age   1:     646472 bytes,     646472 total
- age   2:     191840 bytes,     838312 total
- age   3:    1462264 bytes,    2300576 total
- age   4:     853328 bytes,    3153904 total
- age   5:    6649312 bytes,    9803216 total
: 99777K->11659K(109248K), 0,0095039 secs] 99777K->11659K(502464K), 0,0095769 secs] [Times: user=0,03 sys=0,00, real=0,01 secs] 
Heap after GC invocations=5 (full 1):
 par new generation   total 109248K, used 11659K [0x00000000e0000000, 0x00000000e8000000, 0x00000000e8000000)
  eden space 87424K,   0% used [0x00000000e0000000, 0x00000000e0000000, 0x00000000e5560000)
  from space 21824K,  53% used [0x00000000e6ab0000, 0x00000000e7612fb0, 0x00000000e8000000)
  to   space 21824K,   0% used [0x00000000e5560000, 0x00000000e5560000, 0x00000000e6ab0000)
 concurrent mark-sweep generation total 393216K, used 0K [0x00000000e8000000, 0x0000000100000000, 0x0000000100000000)
 Metaspace       used 21465K, capacity 21842K, committed 21960K, reserved 1069056K
  class space    used 2477K, capacity 2651K, committed 2736K, reserved 1048576K
}
2017-08-13T08:39:52.026+0200: 3,194: Total time for which application threads were stopped: 0,0100190 seconds, Stopping threads took: 0,0002687 seconds
2017-08-13T08:39:52.034+0200: 3,202: Total time for which application threads were stopped: 0,0001091 seconds, Stopping threads took: 0,0000373 seconds
2017-08-13T08:39:52.065+0200: 3,234: Total time for which application threads were stopped: 0,0003542 seconds, Stopping threads took: 0,0000258 seconds
2017-08-13T08:39:52.099+0200: 3,268: Total time for which application threads were stopped: 0,0001158 seconds, Stopping threads took: 0,0000236 seconds
2017-08-13T08:39:52.121+0200: 3,290: Total time for which application threads were stopped: 0,0001020 seconds, Stopping threads took: 0,0000188 seconds
2017-08-13T08:39:52.271+0200: 3,440: Total time for which application threads were stopped: 0,0001849 seconds, Stopping threads took: 0,0000572 seconds
2017-08-13T08:39:52.308+0200: 3,477: Total time for which application threads were stopped: 0,0001341 seconds, Stopping threads took: 0,0000342 seconds
2017-08-13T08:39:52.320+0200: 3,488: Total time for which application threads were stopped: 0,0004092 seconds, Stopping threads took: 0,0000753 seconds
2017-08-13T08:39:52.338+0200: 3,506: Total time for which application threads were stopped: 0,0014486 seconds, Stopping threads took: 0,0013687 seconds
2017-08-13T08:39:52.339+0200: 3,507: Total time for which application threads were stopped: 0,0003519 seconds, Stopping threads took: 0,0000243 seconds
2017-08-13T08:39:52.375+0200: 3,544: Total time for which application threads were stopped: 0,0001200 seconds, Stopping threads took: 0,0000542 seconds
2017-08-13T08:39:52.376+0200: 3,545: Total time for which application threads were stopped: 0,0001729 seconds, Stopping threads took: 0,0001303 seconds
2017-08-13T08:39:52.420+0200: 3,589: Total time for which application threads were stopped: 0,0006064 seconds, Stopping threads took: 0,0005163 seconds
2017-08-13T08:39:52.506+0200: 3,675: Total time for which application threads were stopped: 0,0001961 seconds, Stopping threads took: 0,0000892 seconds
2017-08-13T08:39:52.506+0200: 3,675: [CMS-concurrent-abortable-preclean: 0,381/0,659 secs] [Times: user=2,34 sys=0,07, real=0,66 secs] 
2017-08-13T08:39:52.514+0200: 3,683: [GC (CMS Final Remark) [YG occupancy: 95610 K (109248 K)]{Heap before GC invocations=5 (full 1):
 par new generation   total 109248K, used 95610K [0x00000000e0000000, 0x00000000e8000000, 0x00000000e8000000)
  eden space 87424K,  96% used [0x00000000e0000000, 0x00000000e51fba58, 0x00000000e5560000)
  from space 21824K,  53% used [0x00000000e6ab0000, 0x00000000e7612fb0, 0x00000000e8000000)
  to   space 21824K,   0% used [0x00000000e5560000, 0x00000000e5560000, 0x00000000e6ab0000)
 concurrent mark-sweep generation total 393216K, used 0K [0x00000000e8000000, 0x0000000100000000, 0x0000000100000000)
 Metaspace       used 24108K, capacity 24564K, committed 24872K, reserved 1071104K
  class space    used 2843K, capacity 3026K, committed 3092K, reserved 1048576K
2017-08-13T08:39:52.515+0200: 3,683: [GC (CMS Final Remark) 2017-08-13T08:39:52.515+0200: 3,683: [ParNew
Desired survivor size 20112992 bytes, new threshold 8 (max 8)
- age   1:    5531952 bytes,    5531952 total
- age   2:     125784 bytes,    5657736 total
- age   3:     190680 bytes,    5848416 total
- age   4:     292768 bytes,    6141184 total
- age   5:     828968 bytes,    6970152 total
- age   6:    6640752 bytes,   13610904 total
: 95610K->18778K(109248K), 0,0201511 secs] 95610K->18778K(502464K), 0,0202298 secs] [Times: user=0,07 sys=0,00, real=0,02 secs] 
Heap after GC invocations=6 (full 1):
 par new generation   total 109248K, used 18778K [0x00000000e0000000, 0x00000000e8000000, 0x00000000e8000000)
  eden space 87424K,   0% used [0x00000000e0000000, 0x00000000e0000000, 0x00000000e5560000)
  from space 21824K,  86% used [0x00000000e5560000, 0x00000000e67b6ad8, 0x00000000e6ab0000)
  to   space 21824K,   0% used [0x00000000e6ab0000, 0x00000000e6ab0000, 0x00000000e8000000)
 concurrent mark-sweep generation total 393216K, used 0K [0x00000000e8000000, 0x0000000100000000, 0x0000000100000000)
 Metaspace       used 24108K, capacity 24564K, committed 24872K, reserved 1071104K
  class space    used 2843K, capacity 3026K, committed 3092K, reserved 1048576K
}
2017-08-13T08:39:52.535+0200: 3,704: [Rescan (parallel) , 0,0076754 secs]2017-08-13T08:39:52.543+0200: 3,711: [weak refs processing, 0,0014682 secs]2017-08-13T08:39:52.544+0200: 3,713: [class unloading, 0,0036123 secs]2017-08-13T08:39:52.548+0200: 3,716: [scrub symbol table, 0,0041022 secs]2017-08-13T08:39:52.552+0200: 3,720: [scrub string table, 0,0003861 secs][1 CMS-remark: 0K(393216K)] 18778K(502464K), 0,0383461 secs] [Times: user=0,14 sys=0,00, real=0,03 secs] 
2017-08-13T08:39:52.553+0200: 3,722: Total time for which application threads were stopped: 0,0389443 seconds, Stopping threads took: 0,0004798 seconds
2017-08-13T08:39:52.554+0200: 3,723: [CMS-concurrent-sweep-start]
2017-08-13T08:39:52.554+0200: 3,723: [CMS-concurrent-sweep: 0,000/0,000 secs] [Times: user=0,00 sys=0,00, real=0,00 secs] 
2017-08-13T08:39:52.554+0200: 3,723: [CMS-concurrent-reset-start]
2017-08-13T08:39:52.556+0200: 3,725: [CMS-concurrent-reset: 0,002/0,002 secs] [Times: user=0,01 sys=0,00, real=0,00 secs] 
{Heap before GC invocations=6 (full 1):
 par new generation   total 109248K, used 106202K [0x00000000e0000000, 0x00000000e8000000, 0x00000000e8000000)
  eden space 87424K, 100% used [0x00000000e0000000, 0x00000000e5560000, 0x00000000e5560000)
  from space 21824K,  86% used [0x00000000e5560000, 0x00000000e67b6ad8, 0x00000000e6ab0000)
  to   space 21824K,   0% used [0x00000000e6ab0000, 0x00000000e6ab0000, 0x00000000e8000000)
 concurrent mark-sweep generation total 393216K, used 0K [0x00000000e8000000, 0x0000000100000000, 0x0000000100000000)
 Metaspace       used 24633K, capacity 25146K, committed 25384K, reserved 1071104K
  class space    used 2889K, capacity 3091K, committed 3092K, reserved 1048576K
2017-08-13T08:39:52.653+0200: 3,822: [GC (Allocation Failure) 2017-08-13T08:39:52.653+0200: 3,822: [ParNew
Desired survivor size 20112992 bytes, new threshold 8 (max 8)
- age   1:    2018720 bytes,    2018720 total
- age   2:    1804056 bytes,    3822776 total
- age   3:      55848 bytes,    3878624 total
- age   4:     110520 bytes,    3989144 total
- age   5:     192416 bytes,    4181560 total
- age   6:     786000 bytes,    4967560 total
- age   7:    6107848 bytes,   11075408 total
: 106202K->12374K(109248K), 0,0106678 secs] 106202K->12374K(502464K), 0,0107485 secs] [Times: user=0,04 sys=0,00, real=0,02 secs] 
Heap after GC invocations=7 (full 1):
 par new generation   total 109248K, used 12374K [0x00000000e0000000, 0x00000000e8000000, 0x00000000e8000000)
  eden space 87424K,   0% used [0x00000000e0000000, 0x00000000e0000000, 0x00000000e5560000)
  from space 21824K,  56% used [0x00000000e6ab0000, 0x00000000e76c5900, 0x00000000e8000000)
  to   space 21824K,   0% used [0x00000000e5560000, 0x00000000e5560000, 0x00000000e6ab0000)
 concurrent mark-sweep generation total 393216K, used 0K [0x00000000e8000000, 0x0000000100000000, 0x0000000100000000)
 Metaspace       used 24633K, capacity 25146K, committed 25384K, reserved 1071104K
  class space    used 2889K, capacity 3091K, committed 3092K, reserved 1048576K
}
2017-08-13T08:39:52.664+0200: 3,832: Total time for which application threads were stopped: 0,0110225 seconds, Stopping threads took: 0,0000910 seconds
{Heap before GC invocations=7 (full 1):
 par new generation   total 109248K, used 99798K [0x00000000e0000000, 0x00000000e8000000, 0x00000000e8000000)
  eden space 87424K, 100% used [0x00000000e0000000, 0x00000000e5560000, 0x00000000e5560000)
  from space 21824K,  56% used [0x00000000e6ab0000, 0x00000000e76c5900, 0x00000000e8000000)
  to   space 21824K,   0% used [0x00000000e5560000, 0x00000000e5560000, 0x00000000e6ab0000)
 concurrent mark-sweep generation total 393216K, used 0K [0x00000000e8000000, 0x0000000100000000, 0x0000000100000000)
 Metaspace       used 25006K, capacity 25428K, committed 25748K, reserved 1071104K
  class space    used 2916K, capacity 3096K, committed 3220K, reserved 1048576K
2017-08-13T08:39:52.798+0200: 3,966: [GC (Allocation Failure) 2017-08-13T08:39:52.798+0200: 3,966: [ParNew
Desired survivor size 20112992 bytes, new threshold 8 (max 8)
- age   1:     758632 bytes,     758632 total
- age   2:    1059272 bytes,    1817904 total
- age   3:    1781176 bytes,    3599080 total
- age   4:      55848 bytes,    3654928 total
- age   5:     107872 bytes,    3762800 total
- age   6:     191888 bytes,    3954688 total
- age   7:     785200 bytes,    4739888 total
- age   8:    6107736 bytes,   10847624 total
: 99798K->14819K(109248K), 0,0125716 secs] 99798K->14819K(502464K), 0,0126471 secs] [Times: user=0,04 sys=0,00, real=0,01 secs] 
Heap after GC invocations=8 (full 1):
 par new generation   total 109248K, used 14819K [0x00000000e0000000, 0x00000000e8000000, 0x00000000e8000000)
  eden space 87424K,   0% used [0x00000000e0000000, 0x00000000e0000000, 0x00000000e5560000)
  from space 21824K,  67% used [0x00000000e5560000, 0x00000000e63d8d60, 0x00000000e6ab0000)
  to   space 21824K,   0% used [0x00000000e6ab0000, 0x00000000e6ab0000, 0x00000000e8000000)
 concurrent mark-sweep generation total 393216K, used 0K [0x00000000e8000000, 0x0000000100000000, 0x0000000100000000)
 Metaspace       used 25006K, capacity 25428K, committed 25748K, reserved 1071104K
  class space    used 2916K, capacity 3096K, committed 3220K, reserved 1048576K
}
2017-08-13T08:39:52.810+0200: 3,979: Total time for which application threads were stopped: 0,0136370 seconds, Stopping threads took: 0,0007972 seconds
2017-08-13T08:39:52.883+0200: 4,052: Total time for which application threads were stopped: 0,0003958 seconds, Stopping threads took: 0,0000667 seconds
2017-08-13T08:39:52.900+0200: 4,069: Total time for which application threads were stopped: 0,0002108 seconds, Stopping threads took: 0,0000581 seconds
2017-08-13T08:39:52.932+0200: 4,101: Total time for which application threads were stopped: 0,0001678 seconds, Stopping threads took: 0,0000699 seconds
2017-08-13T08:39:52.951+0200: 4,119: Total time for which application threads were stopped: 0,0001568 seconds, Stopping threads took: 0,0000532 seconds
2017-08-13T08:39:52.956+0200: 4,124: Total time for which application threads were stopped: 0,0001277 seconds, Stopping threads took: 0,0000399 seconds
2017-08-13T08:39:52.956+0200: 4,125: Total time for which application threads were stopped: 0,0000621 seconds, Stopping threads took: 0,0000264 seconds
2017-08-13T08:39:52.956+0200: 4,125: Total time for which application threads were stopped: 0,0000660 seconds, Stopping threads took: 0,0000104 seconds
2017-08-13T08:39:52.958+0200: 4,126: Total time for which application threads were stopped: 0,0015505 seconds, Stopping threads took: 0,0014997 seconds
2017-08-13T08:39:52.958+0200: 4,126: Total time for which application threads were stopped: 0,0000762 seconds, Stopping threads took: 0,0000355 seconds
2017-08-13T08:39:52.959+0200: 4,127: Total time for which application threads were stopped: 0,0001331 seconds, Stopping threads took: 0,0000369 seconds
2017-08-13T08:39:52.959+0200: 4,128: Total time for which application threads were stopped: 0,0000880 seconds, Stopping threads took: 0,0000189 seconds
2017-08-13T08:39:52.959+0200: 4,128: Total time for which application threads were stopped: 0,0000755 seconds, Stopping threads took: 0,0000180 seconds
2017-08-13T08:39:52.959+0200: 4,128: Total time for which application threads were stopped: 0,0000759 seconds, Stopping threads took: 0,0000186 seconds
2017-08-13T08:39:52.959+0200: 4,128: Total time for which application threads were stopped: 0,0000736 seconds, Stopping threads took: 0,0000157 seconds
2017-08-13T08:39:52.959+0200: 4,128: Total time for which application threads were stopped: 0,0000737 seconds, Stopping threads took: 0,0000160 seconds
2017-08-13T08:39:52.960+0200: 4,128: Total time for which application threads were stopped: 0,0000733 seconds, Stopping threads took: 0,0000173 seconds
2017-08-13T08:39:52.960+0200: 4,128: Total time for which application threads were stopped: 0,0000718 seconds, Stopping threads took: 0,0000174 seconds
2017-08-13T08:39:52.960+0200: 4,129: Total time for which application threads were stopped: 0,0000744 seconds, Stopping threads took: 0,0000178 seconds
2017-08-13T08:39:52.960+0200: 4,129: Total time for which application threads were stopped: 0,0000716 seconds, Stopping threads took: 0,0000173 seconds
2017-08-13T08:39:52.960+0200: 4,129: Total time for which application threads were stopped: 0,0000738 seconds, Stopping threads took: 0,0000170 seconds
2017-08-13T08:39:52.960+0200: 4,129: Total time for which application threads were stopped: 0,0000730 seconds, Stopping threads took: 0,0000187 seconds
2017-08-13T08:39:52.961+0200: 4,129: Total time for which application threads were stopped: 0,0001289 seconds, Stopping threads took: 0,0000473 seconds
2017-08-13T08:39:52.962+0200: 4,131: Total time for which application threads were stopped: 0,0001863 seconds, Stopping threads took: 0,0000990 seconds
2017-08-13T08:39:52.963+0200: 4,132: Total time for which application threads were stopped: 0,0002509 seconds, Stopping threads took: 0,0000479 seconds
2017-08-13T08:39:52.978+0200: 4,147: Total time for which application threads were stopped: 0,0002100 seconds, Stopping threads took: 0,0000958 seconds
2017-08-13T08:39:52.988+0200: 4,156: Total time for which application threads were stopped: 0,0020385 seconds, Stopping threads took: 0,0019110 seconds
2017-08-13T08:39:52.988+0200: 4,157: Total time for which application threads were stopped: 0,0001121 seconds, Stopping threads took: 0,0000199 seconds
2017-08-13T08:39:52.994+0200: 4,163: Total time for which application threads were stopped: 0,0001198 seconds, Stopping threads took: 0,0000374 seconds
2017-08-13T08:39:52.999+0200: 4,167: Total time for which application threads were stopped: 0,0001095 seconds, Stopping threads took: 0,0000289 seconds
2017-08-13T08:39:53.004+0200: 4,173: Total time for which application threads were stopped: 0,0000996 seconds, Stopping threads took: 0,0000234 seconds
2017-08-13T08:39:53.004+0200: 4,173: Total time for which application threads were stopped: 0,0000940 seconds, Stopping threads took: 0,0000209 seconds
2017-08-13T08:39:53.005+0200: 4,174: Total time for which application threads were stopped: 0,0001349 seconds, Stopping threads took: 0,0000295 seconds
2017-08-13T08:39:53.006+0200: 4,175: Total time for which application threads were stopped: 0,0001242 seconds, Stopping threads took: 0,0000585 seconds
2017-08-13T08:39:53.006+0200: 4,175: Total time for which application threads were stopped: 0,0000743 seconds, Stopping threads took: 0,0000151 seconds
2017-08-13T08:39:53.006+0200: 4,175: Total time for which application threads were stopped: 0,0000715 seconds, Stopping threads took: 0,0000198 seconds
2017-08-13T08:39:53.007+0200: 4,176: Total time for which application threads were stopped: 0,0001065 seconds, Stopping threads took: 0,0000327 seconds
2017-08-13T08:39:53.010+0200: 4,178: Total time for which application threads were stopped: 0,0001530 seconds, Stopping threads took: 0,0000733 seconds
2017-08-13T08:39:53.012+0200: 4,181: Total time for which application threads were stopped: 0,0001188 seconds, Stopping threads took: 0,0000431 seconds
2017-08-13T08:39:53.015+0200: 4,183: Total time for which application threads were stopped: 0,0001107 seconds, Stopping threads took: 0,0000346 seconds
2017-08-13T08:39:53.018+0200: 4,186: Total time for which application threads were stopped: 0,0020223 seconds, Stopping threads took: 0,0019246 seconds
2017-08-13T08:39:53.022+0200: 4,191: Total time for which application threads were stopped: 0,0000991 seconds, Stopping threads took: 0,0000356 seconds
2017-08-13T08:39:53.023+0200: 4,192: Total time for which application threads were stopped: 0,0001296 seconds, Stopping threads took: 0,0000385 seconds
2017-08-13T08:39:53.026+0200: 4,194: Total time for which application threads were stopped: 0,0007753 seconds, Stopping threads took: 0,0006984 seconds
2017-08-13T08:39:53.026+0200: 4,195: Total time for which application threads were stopped: 0,0000945 seconds, Stopping threads took: 0,0000289 seconds
2017-08-13T08:39:53.027+0200: 4,195: Total time for which application threads were stopped: 0,0000713 seconds, Stopping threads took: 0,0000119 seconds
2017-08-13T08:39:53.042+0200: 4,210: Total time for which application threads were stopped: 0,0001620 seconds, Stopping threads took: 0,0000680 seconds
2017-08-13T08:39:53.069+0200: 4,238: Total time for which application threads were stopped: 0,0001090 seconds, Stopping threads took: 0,0000214 seconds
2017-08-13T08:39:53.072+0200: 4,241: Total time for which application threads were stopped: 0,0003952 seconds, Stopping threads took: 0,0003240 seconds
2017-08-13T08:39:53.074+0200: 4,242: Total time for which application threads were stopped: 0,0003988 seconds, Stopping threads took: 0,0000212 seconds
2017-08-13T08:39:53.075+0200: 4,244: Total time for which application threads were stopped: 0,0001717 seconds, Stopping threads took: 0,0000299 seconds
2017-08-13T08:39:53.085+0200: 4,254: Total time for which application threads were stopped: 0,0003485 seconds, Stopping threads took: 0,0000132 seconds
2017-08-13T08:39:53.144+0200: 4,313: Total time for which application threads were stopped: 0,0003865 seconds, Stopping threads took: 0,0000279 seconds
2017-08-13T08:39:53.146+0200: 4,314: Total time for which application threads were stopped: 0,0001305 seconds, Stopping threads took: 0,0000639 seconds
2017-08-13T08:39:53.146+0200: 4,315: Total time for which application threads were stopped: 0,0000591 seconds, Stopping threads took: 0,0000137 seconds
2017-08-13T08:39:53.146+0200: 4,315: Total time for which application threads were stopped: 0,0001046 seconds, Stopping threads took: 0,0000542 seconds
2017-08-13T08:39:53.156+0200: 4,324: Total time for which application threads were stopped: 0,0001023 seconds, Stopping threads took: 0,0000343 seconds
2017-08-13T08:39:53.169+0200: 4,338: Total time for which application threads were stopped: 0,0000976 seconds, Stopping threads took: 0,0000287 seconds
2017-08-13T08:39:53.171+0200: 4,340: Total time for which application threads were stopped: 0,0001239 seconds, Stopping threads took: 0,0000633 seconds
2017-08-13T08:39:53.172+0200: 4,341: Total time for which application threads were stopped: 0,0001011 seconds, Stopping threads took: 0,0000319 seconds
2017-08-13T08:39:53.176+0200: 4,344: Total time for which application threads were stopped: 0,0001481 seconds, Stopping threads took: 0,0000646 seconds
2017-08-13T08:39:53.181+0200: 4,350: Total time for which application threads were stopped: 0,0000920 seconds, Stopping threads took: 0,0000178 seconds
2017-08-13T08:39:53.185+0200: 4,354: Total time for which application threads were stopped: 0,0001071 seconds, Stopping threads took: 0,0000234 seconds
2017-08-13T08:39:53.191+0200: 4,360: Total time for which application threads were stopped: 0,0001334 seconds, Stopping threads took: 0,0000497 seconds
2017-08-13T08:39:53.206+0200: 4,374: Total time for which application threads were stopped: 0,0004633 seconds, Stopping threads took: 0,0003794 seconds
2017-08-13T08:39:53.218+0200: 4,386: Total time for which application threads were stopped: 0,0034878 seconds, Stopping threads took: 0,0034203 seconds
2017-08-13T08:39:53.232+0200: 4,400: Total time for which application threads were stopped: 0,0001200 seconds, Stopping threads took: 0,0000265 seconds
2017-08-13T08:39:53.234+0200: 4,403: Total time for which application threads were stopped: 0,0000767 seconds, Stopping threads took: 0,0000206 seconds
2017-08-13T08:39:53.246+0200: 4,415: Total time for which application threads were stopped: 0,0001267 seconds, Stopping threads took: 0,0000380 seconds
2017-08-13T08:39:53.247+0200: 4,416: Total time for which application threads were stopped: 0,0004220 seconds, Stopping threads took: 0,0000129 seconds
2017-08-13T08:39:53.247+0200: 4,416: Total time for which application threads were stopped: 0,0001210 seconds, Stopping threads took: 0,0000373 seconds
2017-08-13T08:39:53.253+0200: 4,422: Total time for which application threads were stopped: 0,0001197 seconds, Stopping threads took: 0,0000368 seconds
2017-08-13T08:39:53.277+0200: 4,445: Total time for which application threads were stopped: 0,0000734 seconds, Stopping threads took: 0,0000182 seconds
2017-08-13T08:39:53.277+0200: 4,445: Total time for which application threads were stopped: 0,0000275 seconds, Stopping threads took: 0,0000072 seconds
2017-08-13T08:40:21.280+0200: 32,448: Total time for which application threads were stopped: 0,0001198 seconds, Stopping threads took: 0,0000442 seconds
{Heap before GC invocations=8 (full 1):
 par new generation   total 109248K, used 102243K [0x00000000e0000000, 0x00000000e8000000, 0x00000000e8000000)
  eden space 87424K, 100% used [0x00000000e0000000, 0x00000000e5560000, 0x00000000e5560000)
  from space 21824K,  67% used [0x00000000e5560000, 0x00000000e63d8d60, 0x00000000e6ab0000)
  to   space 21824K,   0% used [0x00000000e6ab0000, 0x00000000e6ab0000, 0x00000000e8000000)
 concurrent mark-sweep generation total 393216K, used 0K [0x00000000e8000000, 0x0000000100000000, 0x0000000100000000)
 Metaspace       used 28054K, capacity 28660K, committed 28820K, reserved 1075200K
  class space    used 3219K, capacity 3402K, committed 3476K, reserved 1048576K
2017-08-13T08:40:24.888+0200: 36,057: [GC (Allocation Failure) 2017-08-13T08:40:24.888+0200: 36,057: [ParNew
Desired survivor size 20112992 bytes, new threshold 8 (max 8)
- age   1:   10702216 bytes,   10702216 total
- age   2:     230504 bytes,   10932720 total
- age   3:     267136 bytes,   11199856 total
- age   4:    1775792 bytes,   12975648 total
- age   5:      55848 bytes,   13031496 total
- age   6:     107744 bytes,   13139240 total
- age   7:     191792 bytes,   13331032 total
- age   8:     783872 bytes,   14114904 total
: 102243K->16671K(109248K), 0,0595173 secs] 102243K->23168K(502464K), 0,0595955 secs] [Times: user=0,13 sys=0,00, real=0,06 secs] 
Heap after GC invocations=9 (full 1):
 par new generation   total 109248K, used 16671K [0x00000000e0000000, 0x00000000e8000000, 0x00000000e8000000)
  eden space 87424K,   0% used [0x00000000e0000000, 0x00000000e0000000, 0x00000000e5560000)
  from space 21824K,  76% used [0x00000000e6ab0000, 0x00000000e7af7db8, 0x00000000e8000000)
  to   space 21824K,   0% used [0x00000000e5560000, 0x00000000e5560000, 0x00000000e6ab0000)
 concurrent mark-sweep generation total 393216K, used 6497K [0x00000000e8000000, 0x0000000100000000, 0x0000000100000000)
 Metaspace       used 28054K, capacity 28660K, committed 28820K, reserved 1075200K
  class space    used 3219K, capacity 3402K, committed 3476K, reserved 1048576K
}
2017-08-13T08:40:24.948+0200: 36,116: Total time for which application threads were stopped: 0,0597841 seconds, Stopping threads took: 0,0000163 seconds
2017-08-13T08:40:24.948+0200: 36,117: Total time for which application threads were stopped: 0,0000645 seconds, Stopping threads took: 0,0000223 seconds
2017-08-13T08:40:24.949+0200: 36,118: Total time for which application threads were stopped: 0,0000341 seconds, Stopping threads took: 0,0000115 seconds
2017-08-13T08:40:29.949+0200: 41,118: Total time for which application threads were stopped: 0,0000498 seconds, Stopping threads took: 0,0000132 seconds
2017-08-13T08:41:04.955+0200: 76,124: Total time for which application threads were stopped: 0,0000973 seconds, Stopping threads took: 0,0000260 seconds
2017-08-13T08:41:15.956+0200: 87,125: Total time for which application threads were stopped: 0,0001127 seconds, Stopping threads took: 0,0000278 seconds
2017-08-13T08:41:19.957+0200: 91,126: Total time for which application threads were stopped: 0,0000615 seconds, Stopping threads took: 0,0000153 seconds
2017-08-13T08:41:45.961+0200: 117,129: Total time for which application threads were stopped: 0,0001404 seconds, Stopping threads took: 0,0000437 seconds
2017-08-13T08:41:50.961+0200: 122,130: Total time for which application threads were stopped: 0,0000638 seconds, Stopping threads took: 0,0000161 seconds
2017-08-13T08:42:49.968+0200: 181,137: Total time for which application threads were stopped: 0,0004379 seconds, Stopping threads took: 0,0001933 seconds
2017-08-13T08:44:24.978+0200: 276,146: Total time for which application threads were stopped: 0,0001751 seconds, Stopping threads took: 0,0000585 seconds
2017-08-13T08:44:25.978+0200: 277,147: Total time for which application threads were stopped: 0,0000690 seconds, Stopping threads took: 0,0000153 seconds
2017-08-13T09:03:20.096+0200: 1411,265: Total time for which application threads were stopped: 0,0003525 seconds, Stopping threads took: 0,0001490 seconds
2017-08-13T09:08:10.125+0200: 1701,294: Total time for which application threads were stopped: 0,0000953 seconds, Stopping threads took: 0,0000372 seconds
2017-08-13T09:18:10.188+0200: 2301,357: Total time for which application threads were stopped: 0,0000850 seconds, Stopping threads took: 0,0000337 seconds
2017-08-13T09:18:11.188+0200: 2302,357: Total time for which application threads were stopped: 0,0000706 seconds, Stopping threads took: 0,0000170 seconds
2017-08-13T09:33:06.282+0200: 3197,451: Total time for which application threads were stopped: 0,0000889 seconds, Stopping threads took: 0,0000332 seconds
2017-08-13T09:45:00.355+0200: 3911,523: Total time for which application threads were stopped: 0,0000845 seconds, Stopping threads took: 0,0000310 seconds
2017-08-13T09:58:11.434+0200: 4702,603: Total time for which application threads were stopped: 0,0004176 seconds, Stopping threads took: 0,0001721 seconds
2017-08-13T09:58:16.435+0200: 4707,603: Total time for which application threads were stopped: 0,0000632 seconds, Stopping threads took: 0,0000139 seconds
2017-08-13T10:24:11.619+0200: 6262,788: Total time for which application threads were stopped: 0,0001129 seconds, Stopping threads took: 0,0000377 seconds
2017-08-13T10:35:50.706+0200: 6961,875: Total time for which application threads were stopped: 0,0000774 seconds, Stopping threads took: 0,0000296 seconds
2017-08-13T10:41:50.752+0200: 7321,921: Total time for which application threads were stopped: 0,0001279 seconds, Stopping threads took: 0,0000450 seconds
2017-08-13T10:47:50.791+0200: 7681,960: Total time for which application threads were stopped: 0,0000968 seconds, Stopping threads took: 0,0000303 seconds
2017-08-13T11:52:21.226+0200: 11552,395: Total time for which application threads were stopped: 0,0000808 seconds, Stopping threads took: 0,0000310 seconds
2017-08-13T12:55:50.635+0200: 15361,804: Total time for which application threads were stopped: 0,0001190 seconds, Stopping threads took: 0,0000462 seconds
2017-08-13T12:57:50.648+0200: 15481,817: Total time for which application threads were stopped: 0,0000932 seconds, Stopping threads took: 0,0000383 seconds
2017-08-13T15:06:47.338+0200: 23218,507: Total time for which application threads were stopped: 0,0340984 seconds, Stopping threads took: 0,0340083 seconds
2017-08-13T15:06:47.338+0200: 23218,507: Total time for which application threads were stopped: 0,0000945 seconds, Stopping threads took: 0,0000259 seconds
2017-08-13T15:06:47.347+0200: 23218,516: Total time for which application threads were stopped: 0,0073930 seconds, Stopping threads took: 0,0073196 seconds
2017-08-13T15:06:47.348+0200: 23218,517: Total time for which application threads were stopped: 0,0000941 seconds, Stopping threads took: 0,0000249 seconds
2017-08-13T15:06:47.350+0200: 23218,519: Total time for which application threads were stopped: 0,0001084 seconds, Stopping threads took: 0,0000290 seconds
2017-08-13T15:06:47.350+0200: 23218,519: Total time for which application threads were stopped: 0,0000957 seconds, Stopping threads took: 0,0000231 seconds
2017-08-13T15:06:47.351+0200: 23218,519: Total time for which application threads were stopped: 0,0000698 seconds, Stopping threads took: 0,0000191 seconds
2017-08-13T15:06:47.351+0200: 23218,519: Total time for which application threads were stopped: 0,0000617 seconds, Stopping threads took: 0,0000143 seconds
2017-08-13T15:06:47.351+0200: 23218,519: Total time for which application threads were stopped: 0,0000561 seconds, Stopping threads took: 0,0000155 seconds
2017-08-13T15:06:47.351+0200: 23218,520: Total time for which application threads were stopped: 0,0000549 seconds, Stopping threads took: 0,0000133 seconds
2017-08-13T15:06:47.351+0200: 23218,520: Total time for which application threads were stopped: 0,0000522 seconds, Stopping threads took: 0,0000126 seconds
2017-08-13T15:06:47.351+0200: 23218,520: Total time for which application threads were stopped: 0,0000488 seconds, Stopping threads took: 0,0000122 seconds
2017-08-13T15:06:47.351+0200: 23218,520: Total time for which application threads were stopped: 0,0000570 seconds, Stopping threads took: 0,0000145 seconds
2017-08-13T15:06:47.351+0200: 23218,520: Total time for which application threads were stopped: 0,0000533 seconds, Stopping threads took: 0,0000135 seconds
2017-08-13T15:06:47.351+0200: 23218,520: Total time for which application threads were stopped: 0,0000513 seconds, Stopping threads took: 0,0000156 seconds
2017-08-13T15:06:47.351+0200: 23218,520: Total time for which application threads were stopped: 0,0000488 seconds, Stopping threads took: 0,0000131 seconds
2017-08-13T15:06:47.353+0200: 23218,521: Total time for which application threads were stopped: 0,0000970 seconds, Stopping threads took: 0,0000271 seconds
2017-08-13T15:06:47.353+0200: 23218,521: Total time for which application threads were stopped: 0,0000721 seconds, Stopping threads took: 0,0000193 seconds
2017-08-13T15:06:47.353+0200: 23218,522: Total time for which application threads were stopped: 0,0000626 seconds, Stopping threads took: 0,0000164 seconds
2017-08-13T15:06:47.355+0200: 23218,524: Total time for which application threads were stopped: 0,0001101 seconds, Stopping threads took: 0,0000369 seconds
2017-08-13T15:06:47.355+0200: 23218,524: Total time for which application threads were stopped: 0,0000874 seconds, Stopping threads took: 0,0000235 seconds
2017-08-13T15:06:47.356+0200: 23218,524: Total time for which application threads were stopped: 0,0001871 seconds, Stopping threads took: 0,0001045 seconds
2017-08-13T15:06:47.356+0200: 23218,525: Total time for which application threads were stopped: 0,0000975 seconds, Stopping threads took: 0,0000516 seconds
2017-08-13T15:06:47.356+0200: 23218,525: Total time for which application threads were stopped: 0,0000664 seconds, Stopping threads took: 0,0000199 seconds
2017-08-13T15:06:47.356+0200: 23218,525: Total time for which application threads were stopped: 0,0000559 seconds, Stopping threads took: 0,0000140 seconds
2017-08-13T15:06:47.357+0200: 23218,525: Total time for which application threads were stopped: 0,0000562 seconds, Stopping threads took: 0,0000168 seconds
2017-08-13T15:06:47.357+0200: 23218,525: Total time for which application threads were stopped: 0,0000427 seconds, Stopping threads took: 0,0000123 seconds
2017-08-13T15:06:47.357+0200: 23218,525: Total time for which application threads were stopped: 0,0000451 seconds, Stopping threads took: 0,0000122 seconds
2017-08-13T15:06:47.357+0200: 23218,526: Total time for which application threads were stopped: 0,0000452 seconds, Stopping threads took: 0,0000122 seconds
2017-08-13T15:06:47.357+0200: 23218,526: Total time for which application threads were stopped: 0,0000441 seconds, Stopping threads took: 0,0000118 seconds
2017-08-13T15:06:47.357+0200: 23218,526: Total time for which application threads were stopped: 0,0000436 seconds, Stopping threads took: 0,0000119 seconds
2017-08-13T15:06:47.357+0200: 23218,526: Total time for which application threads were stopped: 0,0000553 seconds, Stopping threads took: 0,0000229 seconds
2017-08-13T15:06:47.357+0200: 23218,526: Total time for which application threads were stopped: 0,0000437 seconds, Stopping threads took: 0,0000119 seconds
2017-08-13T15:06:47.357+0200: 23218,526: Total time for which application threads were stopped: 0,0000435 seconds, Stopping threads took: 0,0000118 seconds
2017-08-13T15:06:47.357+0200: 23218,526: Total time for which application threads were stopped: 0,0000449 seconds, Stopping threads took: 0,0000120 seconds
2017-08-13T15:06:47.362+0200: 23218,531: Total time for which application threads were stopped: 0,0000984 seconds, Stopping threads took: 0,0000152 seconds
2017-08-13T15:06:47.363+0200: 23218,532: Total time for which application threads were stopped: 0,0000890 seconds, Stopping threads took: 0,0000231 seconds
2017-08-13T15:06:47.363+0200: 23218,532: Total time for which application threads were stopped: 0,0000619 seconds, Stopping threads took: 0,0000169 seconds
2017-08-13T15:06:47.363+0200: 23218,532: Total time for which application threads were stopped: 0,0000575 seconds, Stopping threads took: 0,0000184 seconds
2017-08-13T15:06:47.363+0200: 23218,532: Total time for which application threads were stopped: 0,0000529 seconds, Stopping threads took: 0,0000138 seconds
2017-08-13T15:06:47.365+0200: 23218,534: Total time for which application threads were stopped: 0,0001399 seconds, Stopping threads took: 0,0000449 seconds
2017-08-13T15:06:47.365+0200: 23218,534: Total time for which application threads were stopped: 0,0000749 seconds, Stopping threads took: 0,0000195 seconds
2017-08-13T15:06:47.365+0200: 23218,534: Total time for which application threads were stopped: 0,0000682 seconds, Stopping threads took: 0,0000157 seconds
2017-08-13T15:06:47.365+0200: 23218,534: Total time for which application threads were stopped: 0,0000719 seconds, Stopping threads took: 0,0000250 seconds
2017-08-13T15:06:47.371+0200: 23218,540: Total time for which application threads were stopped: 0,0001380 seconds, Stopping threads took: 0,0000489 seconds
2017-08-13T15:06:47.371+0200: 23218,540: Total time for which application threads were stopped: 0,0000868 seconds, Stopping threads took: 0,0000247 seconds
2017-08-13T15:06:47.372+0200: 23218,540: Total time for which application threads were stopped: 0,0000704 seconds, Stopping threads took: 0,0000213 seconds
2017-08-13T15:06:47.372+0200: 23218,540: Total time for which application threads were stopped: 0,0000583 seconds, Stopping threads took: 0,0000182 seconds
2017-08-13T15:06:47.372+0200: 23218,540: Total time for which application threads were stopped: 0,0000465 seconds, Stopping threads took: 0,0000081 seconds
2017-08-13T15:06:47.372+0200: 23218,541: Total time for which application threads were stopped: 0,0000473 seconds, Stopping threads took: 0,0000138 seconds
2017-08-13T15:06:47.374+0200: 23218,542: Total time for which application threads were stopped: 0,0001257 seconds, Stopping threads took: 0,0000501 seconds
2017-08-13T15:06:47.375+0200: 23218,543: Total time for which application threads were stopped: 0,0001170 seconds, Stopping threads took: 0,0000305 seconds
2017-08-13T15:06:47.378+0200: 23218,546: Total time for which application threads were stopped: 0,0004082 seconds, Stopping threads took: 0,0003227 seconds
2017-08-13T15:06:47.378+0200: 23218,547: Total time for which application threads were stopped: 0,0000794 seconds, Stopping threads took: 0,0000290 seconds
2017-08-13T15:06:47.379+0200: 23218,547: Total time for which application threads were stopped: 0,0000889 seconds, Stopping threads took: 0,0000245 seconds
2017-08-13T15:06:47.379+0200: 23218,547: Total time for which application threads were stopped: 0,0000723 seconds, Stopping threads took: 0,0000223 seconds
2017-08-13T15:06:47.380+0200: 23218,549: Total time for which application threads were stopped: 0,0001091 seconds, Stopping threads took: 0,0000263 seconds
2017-08-13T15:06:47.380+0200: 23218,549: Total time for which application threads were stopped: 0,0000681 seconds, Stopping threads took: 0,0000166 seconds
2017-08-13T15:06:47.381+0200: 23218,549: Total time for which application threads were stopped: 0,0000572 seconds, Stopping threads took: 0,0000147 seconds
2017-08-13T15:06:47.381+0200: 23218,549: Total time for which application threads were stopped: 0,0000502 seconds, Stopping threads took: 0,0000131 seconds
2017-08-13T15:06:47.381+0200: 23218,550: Total time for which application threads were stopped: 0,0000644 seconds, Stopping threads took: 0,0000193 seconds
2017-08-13T15:06:47.382+0200: 23218,551: Total time for which application threads were stopped: 0,0000937 seconds, Stopping threads took: 0,0000266 seconds
2017-08-13T15:06:47.383+0200: 23218,552: Total time for which application threads were stopped: 0,0000928 seconds, Stopping threads took: 0,0000313 seconds
2017-08-13T15:06:47.385+0200: 23218,554: Total time for which application threads were stopped: 0,0001294 seconds, Stopping threads took: 0,0000335 seconds
2017-08-13T15:06:47.385+0200: 23218,554: Total time for which application threads were stopped: 0,0000672 seconds, Stopping threads took: 0,0000231 seconds
2017-08-13T15:06:47.385+0200: 23218,554: Total time for which application threads were stopped: 0,0000603 seconds, Stopping threads took: 0,0000170 seconds
2017-08-13T15:06:47.386+0200: 23218,555: Total time for which application threads were stopped: 0,0001052 seconds, Stopping threads took: 0,0000285 seconds
2017-08-13T15:06:47.387+0200: 23218,555: Total time for which application threads were stopped: 0,0000671 seconds, Stopping threads took: 0,0000222 seconds
2017-08-13T15:06:47.387+0200: 23218,555: Total time for which application threads were stopped: 0,0000475 seconds, Stopping threads took: 0,0000070 seconds
2017-08-13T15:06:47.387+0200: 23218,556: Total time for which application threads were stopped: 0,0000503 seconds, Stopping threads took: 0,0000140 seconds
2017-08-13T15:06:47.387+0200: 23218,556: Total time for which application threads were stopped: 0,0001807 seconds, Stopping threads took: 0,0000140 seconds
2017-08-13T15:06:47.388+0200: 23218,557: Total time for which application threads were stopped: 0,0000999 seconds, Stopping threads took: 0,0000306 seconds
2017-08-13T15:06:47.388+0200: 23218,557: Total time for which application threads were stopped: 0,0000736 seconds, Stopping threads took: 0,0000210 seconds
2017-08-13T15:06:47.388+0200: 23218,557: Total time for which application threads were stopped: 0,0000693 seconds, Stopping threads took: 0,0000200 seconds
2017-08-13T15:06:47.388+0200: 23218,557: Total time for which application threads were stopped: 0,0000639 seconds, Stopping threads took: 0,0000180 seconds
2017-08-13T15:06:47.389+0200: 23218,557: Total time for which application threads were stopped: 0,0000589 seconds, Stopping threads took: 0,0000155 seconds
2017-08-13T15:06:47.389+0200: 23218,557: Total time for which application threads were stopped: 0,0000580 seconds, Stopping threads took: 0,0000170 seconds
2017-08-13T15:06:47.389+0200: 23218,558: Total time for which application threads were stopped: 0,0000547 seconds, Stopping threads took: 0,0000169 seconds
2017-08-13T15:06:47.389+0200: 23218,558: Total time for which application threads were stopped: 0,0001772 seconds, Stopping threads took: 0,0000159 seconds
2017-08-13T15:06:47.390+0200: 23218,559: Total time for which application threads were stopped: 0,0001549 seconds, Stopping threads took: 0,0000507 seconds
2017-08-13T15:06:47.392+0200: 23218,561: Total time for which application threads were stopped: 0,0001531 seconds, Stopping threads took: 0,0000412 seconds
Heap
 par new generation   total 109248K, used 40413K [0x00000000e0000000, 0x00000000e8000000, 0x00000000e8000000)
  eden space 87424K,  27% used [0x00000000e0000000, 0x00000000e172f7d0, 0x00000000e5560000)
  from space 21824K,  76% used [0x00000000e6ab0000, 0x00000000e7af7db8, 0x00000000e8000000)
  to   space 21824K,   0% used [0x00000000e5560000, 0x00000000e5560000, 0x00000000e6ab0000)
 concurrent mark-sweep generation total 393216K, used 6497K [0x00000000e8000000, 0x0000000100000000, 0x0000000100000000)
 Metaspace       used 28225K, capacity 28764K, committed 29076K, reserved 1075200K
  class space    used 3234K, capacity 3436K, committed 3476K, reserved 1048576K
