OpenJDK 64-Bit Server VM (25.111-b14) for linux-amd64 JRE (1.8.0_111-8u111-b14-2ubuntu0.16.04.2-b14), built on Oct 27 2016 18:10:19 by "buildd" with gcc 5.4.0 20160609
Memory: 4k page, physical 7867840k(7442856k free), swap 8076284k(8076284k free)
CommandLine flags: -XX:CMSInitiatingOccupancyFraction=50 -XX:CMSMaxAbortablePrecleanTime=6000 -XX:+CMSParallelRemarkEnabled -XX:+CMSScavengeBeforeRemark -XX:ConcGCThreads=4 -XX:InitialHeapSize=536870912 -XX:MaxHeapSize=536870912 -XX:MaxTenuringThreshold=8 -XX:NewRatio=3 -XX:OldPLABSize=16 -XX:OnOutOfMemoryError=/opt/solr/bin/oom_solr.sh 8983 /var/solr/logs -XX:ParallelGCThreads=4 -XX:+ParallelRefProcEnabled -XX:PretenureSizeThreshold=67108864 -XX:+PrintGC -XX:+PrintGCApplicationStoppedTime -XX:+PrintGCDateStamps -XX:+PrintGCDetails -XX:+PrintGCTimeStamps -XX:+PrintHeapAtGC -XX:+PrintTenuringDistribution -XX:SurvivorRatio=4 -XX:TargetSurvivorRatio=90 -XX:ThreadStackSize=256 -XX:+UseCMSInitiatingOccupancyOnly -XX:+UseCompressedClassPointers -XX:+UseCompressedOops -XX:+UseConcMarkSweepGC -XX:+UseParNewGC 
2016-12-03T09:28:31.829+0100: 0,137: Total time for which application threads were stopped: 0,0000646 seconds, Stopping threads took: 0,0000090 seconds
2016-12-03T09:28:31.933+0100: 0,241: Total time for which application threads were stopped: 0,0001134 seconds, Stopping threads took: 0,0000253 seconds
2016-12-03T09:28:31.948+0100: 0,256: Total time for which application threads were stopped: 0,0001245 seconds, Stopping threads took: 0,0000488 seconds
2016-12-03T09:28:32.167+0100: 0,475: Total time for which application threads were stopped: 0,0001831 seconds, Stopping threads took: 0,0000179 seconds
2016-12-03T09:28:32.591+0100: 0,899: Total time for which application threads were stopped: 0,0001642 seconds, Stopping threads took: 0,0000255 seconds
2016-12-03T09:28:32.690+0100: 0,998: Total time for which application threads were stopped: 0,0004971 seconds, Stopping threads took: 0,0000708 seconds
2016-12-03T09:28:32.723+0100: 1,031: Total time for which application threads were stopped: 0,0001864 seconds, Stopping threads took: 0,0000227 seconds
2016-12-03T09:28:32.980+0100: 1,288: Total time for which application threads were stopped: 0,0001539 seconds, Stopping threads took: 0,0000112 seconds
2016-12-03T09:28:33.181+0100: 1,489: Total time for which application threads were stopped: 0,0001941 seconds, Stopping threads took: 0,0000115 seconds
2016-12-03T09:28:33.209+0100: 1,517: Total time for which application threads were stopped: 0,0001798 seconds, Stopping threads took: 0,0000166 seconds
2016-12-03T09:28:33.210+0100: 1,518: Total time for which application threads were stopped: 0,0001366 seconds, Stopping threads took: 0,0000196 seconds
2016-12-03T09:28:33.223+0100: 1,531: Total time for which application threads were stopped: 0,0001812 seconds, Stopping threads took: 0,0000228 seconds
2016-12-03T09:28:33.320+0100: 1,628: Total time for which application threads were stopped: 0,0002199 seconds, Stopping threads took: 0,0000206 seconds
2016-12-03T09:28:33.477+0100: 1,785: Total time for which application threads were stopped: 0,0002242 seconds, Stopping threads took: 0,0000257 seconds
{Heap before GC invocations=0 (full 0):
 par new generation   total 109248K, used 87424K [0x00000000e0000000, 0x00000000e8000000, 0x00000000e8000000)
  eden space 87424K, 100% used [0x00000000e0000000, 0x00000000e5560000, 0x00000000e5560000)
  from space 21824K,   0% used [0x00000000e5560000, 0x00000000e5560000, 0x00000000e6ab0000)
  to   space 21824K,   0% used [0x00000000e6ab0000, 0x00000000e6ab0000, 0x00000000e8000000)
 concurrent mark-sweep generation total 393216K, used 0K [0x00000000e8000000, 0x0000000100000000, 0x0000000100000000)
 Metaspace       used 18336K, capacity 18686K, committed 18944K, reserved 1067008K
  class space    used 2091K, capacity 2226K, committed 2304K, reserved 1048576K
2016-12-03T09:28:33.616+0100: 1,924: [GC (Allocation Failure) 2016-12-03T09:28:33.616+0100: 1,924: [ParNew
Desired survivor size 20112992 bytes, new threshold 8 (max 8)
- age   1:   12579112 bytes,   12579112 total
: 87424K->12396K(109248K), 0,0166983 secs] 87424K->12396K(502464K), 0,0167918 secs] [Times: user=0,04 sys=0,01, real=0,01 secs] 
Heap after GC invocations=1 (full 0):
 par new generation   total 109248K, used 12396K [0x00000000e0000000, 0x00000000e8000000, 0x00000000e8000000)
  eden space 87424K,   0% used [0x00000000e0000000, 0x00000000e0000000, 0x00000000e5560000)
  from space 21824K,  56% used [0x00000000e6ab0000, 0x00000000e76cb348, 0x00000000e8000000)
  to   space 21824K,   0% used [0x00000000e5560000, 0x00000000e5560000, 0x00000000e6ab0000)
 concurrent mark-sweep generation total 393216K, used 0K [0x00000000e8000000, 0x0000000100000000, 0x0000000100000000)
 Metaspace       used 18336K, capacity 18686K, committed 18944K, reserved 1067008K
  class space    used 2091K, capacity 2226K, committed 2304K, reserved 1048576K
}
2016-12-03T09:28:33.633+0100: 1,941: Total time for which application threads were stopped: 0,0169877 seconds, Stopping threads took: 0,0000207 seconds
2016-12-03T09:28:33.783+0100: 2,091: Total time for which application threads were stopped: 0,0004180 seconds, Stopping threads took: 0,0000365 seconds
2016-12-03T09:28:33.807+0100: 2,116: Total time for which application threads were stopped: 0,0003294 seconds, Stopping threads took: 0,0000532 seconds
2016-12-03T09:28:33.833+0100: 2,141: Total time for which application threads were stopped: 0,0003290 seconds, Stopping threads took: 0,0000270 seconds
{Heap before GC invocations=1 (full 0):
 par new generation   total 109248K, used 99820K [0x00000000e0000000, 0x00000000e8000000, 0x00000000e8000000)
  eden space 87424K, 100% used [0x00000000e0000000, 0x00000000e5560000, 0x00000000e5560000)
  from space 21824K,  56% used [0x00000000e6ab0000, 0x00000000e76cb348, 0x00000000e8000000)
  to   space 21824K,   0% used [0x00000000e5560000, 0x00000000e5560000, 0x00000000e6ab0000)
 concurrent mark-sweep generation total 393216K, used 0K [0x00000000e8000000, 0x0000000100000000, 0x0000000100000000)
 Metaspace       used 20702K, capacity 21020K, committed 21248K, reserved 1069056K
  class space    used 2404K, capacity 2518K, committed 2560K, reserved 1048576K
2016-12-03T09:28:34.000+0100: 2,308: [GC (Allocation Failure) 2016-12-03T09:28:34.000+0100: 2,308: [ParNew
Desired survivor size 20112992 bytes, new threshold 8 (max 8)
- age   1:    2715128 bytes,    2715128 total
- age   2:    6140584 bytes,    8855712 total
: 99820K->11411K(109248K), 0,0086711 secs] 99820K->11411K(502464K), 0,0087495 secs] [Times: user=0,03 sys=0,00, real=0,01 secs] 
Heap after GC invocations=2 (full 0):
 par new generation   total 109248K, used 11411K [0x00000000e0000000, 0x00000000e8000000, 0x00000000e8000000)
  eden space 87424K,   0% used [0x00000000e0000000, 0x00000000e0000000, 0x00000000e5560000)
  from space 21824K,  52% used [0x00000000e5560000, 0x00000000e6084ca0, 0x00000000e6ab0000)
  to   space 21824K,   0% used [0x00000000e6ab0000, 0x00000000e6ab0000, 0x00000000e8000000)
 concurrent mark-sweep generation total 393216K, used 0K [0x00000000e8000000, 0x0000000100000000, 0x0000000100000000)
 Metaspace       used 20702K, capacity 21020K, committed 21248K, reserved 1069056K
  class space    used 2404K, capacity 2518K, committed 2560K, reserved 1048576K
}
2016-12-03T09:28:34.009+0100: 2,317: Total time for which application threads were stopped: 0,0089735 seconds, Stopping threads took: 0,0000382 seconds
2016-12-03T09:28:34.059+0100: 2,367: Total time for which application threads were stopped: 0,0000808 seconds, Stopping threads took: 0,0000151 seconds
2016-12-03T09:28:34.097+0100: 2,405: Total time for which application threads were stopped: 0,0002640 seconds, Stopping threads took: 0,0000167 seconds
2016-12-03T09:28:34.102+0100: 2,410: Total time for which application threads were stopped: 0,0000823 seconds, Stopping threads took: 0,0000182 seconds
2016-12-03T09:28:34.127+0100: 2,435: Total time for which application threads were stopped: 0,0001345 seconds, Stopping threads took: 0,0000225 seconds
2016-12-03T09:28:34.205+0100: 2,513: Total time for which application threads were stopped: 0,0001535 seconds, Stopping threads took: 0,0000214 seconds
2016-12-03T09:28:34.227+0100: 2,535: Total time for which application threads were stopped: 0,0001263 seconds, Stopping threads took: 0,0000236 seconds
2016-12-03T09:28:34.236+0100: 2,544: Total time for which application threads were stopped: 0,0003107 seconds, Stopping threads took: 0,0000284 seconds
2016-12-03T09:28:34.244+0100: 2,553: Total time for which application threads were stopped: 0,0003350 seconds, Stopping threads took: 0,0000366 seconds
2016-12-03T09:28:34.254+0100: 2,562: Total time for which application threads were stopped: 0,0001018 seconds, Stopping threads took: 0,0000276 seconds
2016-12-03T09:28:34.289+0100: 2,597: Total time for which application threads were stopped: 0,0000889 seconds, Stopping threads took: 0,0000303 seconds
2016-12-03T09:28:34.301+0100: 2,609: Total time for which application threads were stopped: 0,0000782 seconds, Stopping threads took: 0,0000148 seconds
2016-12-03T09:28:34.321+0100: 2,630: Total time for which application threads were stopped: 0,0000927 seconds, Stopping threads took: 0,0000255 seconds
2016-12-03T09:28:34.347+0100: 2,655: Total time for which application threads were stopped: 0,0001085 seconds, Stopping threads took: 0,0000357 seconds
2016-12-03T09:28:34.374+0100: 2,682: Total time for which application threads were stopped: 0,0001296 seconds, Stopping threads took: 0,0000238 seconds
2016-12-03T09:28:34.433+0100: 2,741: Total time for which application threads were stopped: 0,0001224 seconds, Stopping threads took: 0,0000301 seconds
2016-12-03T09:28:34.467+0100: 2,775: Total time for which application threads were stopped: 0,0001061 seconds, Stopping threads took: 0,0000264 seconds
2016-12-03T09:28:34.497+0100: 2,805: Total time for which application threads were stopped: 0,0001422 seconds, Stopping threads took: 0,0000467 seconds
{Heap before GC invocations=2 (full 0):
 par new generation   total 109248K, used 98835K [0x00000000e0000000, 0x00000000e8000000, 0x00000000e8000000)
  eden space 87424K, 100% used [0x00000000e0000000, 0x00000000e5560000, 0x00000000e5560000)
  from space 21824K,  52% used [0x00000000e5560000, 0x00000000e6084ca0, 0x00000000e6ab0000)
  to   space 21824K,   0% used [0x00000000e6ab0000, 0x00000000e6ab0000, 0x00000000e8000000)
 concurrent mark-sweep generation total 393216K, used 0K [0x00000000e8000000, 0x0000000100000000, 0x0000000100000000)
 Metaspace       used 25076K, capacity 25512K, committed 25868K, reserved 1073152K
  class space    used 2923K, capacity 3057K, committed 3092K, reserved 1048576K
2016-12-03T09:28:34.498+0100: 2,806: [GC (Allocation Failure) 2016-12-03T09:28:34.498+0100: 2,806: [ParNew
Desired survivor size 20112992 bytes, new threshold 8 (max 8)
- age   1:    6935408 bytes,    6935408 total
- age   2:     516032 bytes,    7451440 total
- age   3:    6121840 bytes,   13573280 total
: 98835K->16720K(109248K), 0,0134241 secs] 98835K->16720K(502464K), 0,0134816 secs] [Times: user=0,04 sys=0,00, real=0,01 secs] 
Heap after GC invocations=3 (full 0):
 par new generation   total 109248K, used 16720K [0x00000000e0000000, 0x00000000e8000000, 0x00000000e8000000)
  eden space 87424K,   0% used [0x00000000e0000000, 0x00000000e0000000, 0x00000000e5560000)
  from space 21824K,  76% used [0x00000000e6ab0000, 0x00000000e7b043c8, 0x00000000e8000000)
  to   space 21824K,   0% used [0x00000000e5560000, 0x00000000e5560000, 0x00000000e6ab0000)
 concurrent mark-sweep generation total 393216K, used 0K [0x00000000e8000000, 0x0000000100000000, 0x0000000100000000)
 Metaspace       used 25076K, capacity 25512K, committed 25868K, reserved 1073152K
  class space    used 2923K, capacity 3057K, committed 3092K, reserved 1048576K
}
2016-12-03T09:28:34.512+0100: 2,820: Total time for which application threads were stopped: 0,0136794 seconds, Stopping threads took: 0,0000232 seconds
2016-12-03T09:28:34.512+0100: 2,820: [GC (CMS Initial Mark) [1 CMS-initial-mark: 0K(393216K)] 16727K(502464K), 0,0044244 secs] [Times: user=0,02 sys=0,00, real=0,01 secs] 
2016-12-03T09:28:34.516+0100: 2,825: Total time for which application threads were stopped: 0,0045407 seconds, Stopping threads took: 0,0000284 seconds
2016-12-03T09:28:34.516+0100: 2,825: [CMS-concurrent-mark-start]
2016-12-03T09:28:34.519+0100: 2,827: [CMS-concurrent-mark: 0,002/0,002 secs] [Times: user=0,00 sys=0,00, real=0,00 secs] 
2016-12-03T09:28:34.519+0100: 2,827: [CMS-concurrent-preclean-start]
2016-12-03T09:28:34.520+0100: 2,828: [CMS-concurrent-preclean: 0,001/0,001 secs] [Times: user=0,01 sys=0,00, real=0,00 secs] 
2016-12-03T09:28:34.520+0100: 2,828: [GC (CMS Final Remark) [YG occupancy: 18134 K (109248 K)]{Heap before GC invocations=3 (full 1):
 par new generation   total 109248K, used 18134K [0x00000000e0000000, 0x00000000e8000000, 0x00000000e8000000)
  eden space 87424K,   1% used [0x00000000e0000000, 0x00000000e01616d0, 0x00000000e5560000)
  from space 21824K,  76% used [0x00000000e6ab0000, 0x00000000e7b043c8, 0x00000000e8000000)
  to   space 21824K,   0% used [0x00000000e5560000, 0x00000000e5560000, 0x00000000e6ab0000)
 concurrent mark-sweep generation total 393216K, used 0K [0x00000000e8000000, 0x0000000100000000, 0x0000000100000000)
 Metaspace       used 25094K, capacity 25512K, committed 25868K, reserved 1073152K
  class space    used 2924K, capacity 3057K, committed 3092K, reserved 1048576K
2016-12-03T09:28:34.520+0100: 2,828: [GC (CMS Final Remark) 2016-12-03T09:28:34.520+0100: 2,828: [ParNew
Desired survivor size 20112992 bytes, new threshold 8 (max 8)
- age   1:       6000 bytes,       6000 total
- age   2:    3181600 bytes,    3187600 total
- age   3:     516032 bytes,    3703632 total
- age   4:    6121816 bytes,    9825448 total
: 18134K->16841K(109248K), 0,0106231 secs] 18134K->16841K(502464K), 0,0106722 secs] [Times: user=0,04 sys=0,00, real=0,01 secs] 
Heap after GC invocations=4 (full 1):
 par new generation   total 109248K, used 16841K [0x00000000e0000000, 0x00000000e8000000, 0x00000000e8000000)
  eden space 87424K,   0% used [0x00000000e0000000, 0x00000000e0000000, 0x00000000e5560000)
  from space 21824K,  77% used [0x00000000e5560000, 0x00000000e65d2590, 0x00000000e6ab0000)
  to   space 21824K,   0% used [0x00000000e6ab0000, 0x00000000e6ab0000, 0x00000000e8000000)
 concurrent mark-sweep generation total 393216K, used 0K [0x00000000e8000000, 0x0000000100000000, 0x0000000100000000)
 Metaspace       used 25094K, capacity 25512K, committed 25868K, reserved 1073152K
  class space    used 2924K, capacity 3057K, committed 3092K, reserved 1048576K
}
2016-12-03T09:28:34.531+0100: 2,839: [Rescan (parallel) , 0,0037996 secs]2016-12-03T09:28:34.535+0100: 2,843: [weak refs processing, 0,0014259 secs]2016-12-03T09:28:34.536+0100: 2,844: [class unloading, 0,0030976 secs]2016-12-03T09:28:34.539+0100: 2,847: [scrub symbol table, 0,0033561 secs]2016-12-03T09:28:34.543+0100: 2,851: [scrub string table, 0,0004286 secs][1 CMS-remark: 0K(393216K)] 16841K(502464K), 0,0234670 secs] [Times: user=0,06 sys=0,00, real=0,02 secs] 
2016-12-03T09:28:34.544+0100: 2,852: Total time for which application threads were stopped: 0,0235986 seconds, Stopping threads took: 0,0000536 seconds
2016-12-03T09:28:34.544+0100: 2,852: [CMS-concurrent-sweep-start]
2016-12-03T09:28:34.544+0100: 2,852: [CMS-concurrent-sweep: 0,000/0,000 secs] [Times: user=0,00 sys=0,00, real=0,00 secs] 
2016-12-03T09:28:34.544+0100: 2,852: [CMS-concurrent-reset-start]
2016-12-03T09:28:34.545+0100: 2,853: [CMS-concurrent-reset: 0,001/0,001 secs] [Times: user=0,01 sys=0,00, real=0,00 secs] 
2016-12-03T09:28:35.544+0100: 3,852: Total time for which application threads were stopped: 0,0000930 seconds, Stopping threads took: 0,0000167 seconds
2016-12-03T09:28:35.743+0100: 4,051: Total time for which application threads were stopped: 0,0002685 seconds, Stopping threads took: 0,0000151 seconds
2016-12-03T09:29:03.747+0100: 32,055: Total time for which application threads were stopped: 0,0000673 seconds, Stopping threads took: 0,0000186 seconds
2016-12-03T09:31:13.767+0100: 162,075: Total time for which application threads were stopped: 0,0000744 seconds, Stopping threads took: 0,0000310 seconds
2016-12-03T09:31:18.768+0100: 167,076: Total time for which application threads were stopped: 0,0000599 seconds, Stopping threads took: 0,0000149 seconds
2016-12-03T09:31:32.770+0100: 181,078: Total time for which application threads were stopped: 0,0000599 seconds, Stopping threads took: 0,0000157 seconds
2016-12-03T09:32:28.775+0100: 237,084: Total time for which application threads were stopped: 0,0003743 seconds, Stopping threads took: 0,0001464 seconds
2016-12-03T09:33:02.779+0100: 271,087: Total time for which application threads were stopped: 0,0000777 seconds, Stopping threads took: 0,0000326 seconds
2016-12-03T09:33:07.780+0100: 276,088: Total time for which application threads were stopped: 0,0000616 seconds, Stopping threads took: 0,0000150 seconds
2016-12-03T09:33:13.780+0100: 282,088: Total time for which application threads were stopped: 0,0000747 seconds, Stopping threads took: 0,0000196 seconds
2016-12-03T09:33:18.781+0100: 287,089: Total time for which application threads were stopped: 0,0001674 seconds, Stopping threads took: 0,0000558 seconds
2016-12-03T09:35:12.793+0100: 401,101: Total time for which application threads were stopped: 0,0000908 seconds, Stopping threads took: 0,0000340 seconds
2016-12-03T09:52:12.923+0100: 1421,231: Total time for which application threads were stopped: 0,0000892 seconds, Stopping threads took: 0,0000307 seconds
2016-12-03T09:57:02.962+0100: 1711,270: Total time for which application threads were stopped: 0,0000777 seconds, Stopping threads took: 0,0000316 seconds
2016-12-03T10:07:13.036+0100: 2321,344: Total time for which application threads were stopped: 0,0000777 seconds, Stopping threads took: 0,0000315 seconds
2016-12-03T10:07:14.036+0100: 2322,345: Total time for which application threads were stopped: 0,0001413 seconds, Stopping threads took: 0,0000339 seconds
2016-12-03T10:09:44.053+0100: 2472,361: Total time for which application threads were stopped: 0,0000803 seconds, Stopping threads took: 0,0000274 seconds
2016-12-03T10:21:49.165+0100: 3197,473: Total time for which application threads were stopped: 0,0002011 seconds, Stopping threads took: 0,0000698 seconds
2016-12-03T10:32:28.268+0100: 3836,576: Total time for which application threads were stopped: 0,0001672 seconds, Stopping threads took: 0,0000612 seconds
2016-12-03T10:32:33.269+0100: 3841,577: Total time for which application threads were stopped: 0,0001356 seconds, Stopping threads took: 0,0000297 seconds
2016-12-03T10:35:33.298+0100: 4021,606: Total time for which application threads were stopped: 0,0000857 seconds, Stopping threads took: 0,0000343 seconds
2016-12-03T11:12:33.612+0100: 6241,920: Total time for which application threads were stopped: 0,0001206 seconds, Stopping threads took: 0,0000498 seconds
2016-12-03T11:13:08.616+0100: 6276,924: Total time for which application threads were stopped: 0,0001651 seconds, Stopping threads took: 0,0000676 seconds
2016-12-03T11:13:38.620+0100: 6306,928: Total time for which application threads were stopped: 0,0000802 seconds, Stopping threads took: 0,0000325 seconds
2016-12-03T11:33:33.773+0100: 7502,081: Total time for which application threads were stopped: 0,0000869 seconds, Stopping threads took: 0,0000373 seconds
2016-12-03T11:34:03.777+0100: 7532,085: Total time for which application threads were stopped: 0,0000714 seconds, Stopping threads took: 0,0000278 seconds
2016-12-03T11:36:33.793+0100: 7682,101: Total time for which application threads were stopped: 0,0000749 seconds, Stopping threads took: 0,0000297 seconds
2016-12-03T11:49:43.081+0100: 8471,390: Total time for which application threads were stopped: 0,0001552 seconds, Stopping threads took: 0,0000189 seconds
Heap
 par new generation   total 109248K, used 60738K [0x00000000e0000000, 0x00000000e8000000, 0x00000000e8000000)
  eden space 87424K,  50% used [0x00000000e0000000, 0x00000000e2ade578, 0x00000000e5560000)
  from space 21824K,  77% used [0x00000000e5560000, 0x00000000e65d2590, 0x00000000e6ab0000)
  to   space 21824K,   0% used [0x00000000e6ab0000, 0x00000000e6ab0000, 0x00000000e8000000)
 concurrent mark-sweep generation total 393216K, used 0K [0x00000000e8000000, 0x0000000100000000, 0x0000000100000000)
 Metaspace       used 27142K, capacity 27598K, committed 27916K, reserved 1073152K
  class space    used 3160K, capacity 3320K, committed 3348K, reserved 1048576K
