OpenJDK 64-Bit Server VM (25.131-b11) for linux-amd64 JRE (1.8.0_131-8u131-b11-0ubuntu1.16.04.2-b11), built on May  6 2017 02:45:27 by "buildd" with gcc 5.4.0 20160609
Memory: 4k page, physical 7867740k(7411756k free), swap 8076284k(8076284k free)
CommandLine flags: -XX:CMSInitiatingOccupancyFraction=50 -XX:CMSMaxAbortablePrecleanTime=6000 -XX:+CMSParallelRemarkEnabled -XX:+CMSScavengeBeforeRemark -XX:ConcGCThreads=4 -XX:InitialHeapSize=536870912 -XX:MaxHeapSize=536870912 -XX:MaxTenuringThreshold=8 -XX:NewRatio=3 -XX:OldPLABSize=16 -XX:OnOutOfMemoryError=/opt/solr/bin/oom_solr.sh 8983 /var/solr/logs -XX:ParallelGCThreads=4 -XX:+ParallelRefProcEnabled -XX:PretenureSizeThreshold=67108864 -XX:+PrintGC -XX:+PrintGCApplicationStoppedTime -XX:+PrintGCDateStamps -XX:+PrintGCDetails -XX:+PrintGCTimeStamps -XX:+PrintHeapAtGC -XX:+PrintTenuringDistribution -XX:SurvivorRatio=4 -XX:TargetSurvivorRatio=90 -XX:ThreadStackSize=256 -XX:+UseCMSInitiatingOccupancyOnly -XX:+UseCompressedClassPointers -XX:+UseCompressedOops -XX:+UseConcMarkSweepGC -XX:+UseParNewGC 
2017-06-08T18:26:14.877+0200: 0,149: Total time for which application threads were stopped: 0,0000726 seconds, Stopping threads took: 0,0000194 seconds
2017-06-08T18:26:14.962+0200: 0,234: Total time for which application threads were stopped: 0,0001196 seconds, Stopping threads took: 0,0000263 seconds
2017-06-08T18:26:14.990+0200: 0,262: Total time for which application threads were stopped: 0,0000910 seconds, Stopping threads took: 0,0000101 seconds
2017-06-08T18:26:15.208+0200: 0,480: Total time for which application threads were stopped: 0,0001161 seconds, Stopping threads took: 0,0000110 seconds
2017-06-08T18:26:15.675+0200: 0,947: Total time for which application threads were stopped: 0,0005950 seconds, Stopping threads took: 0,0004444 seconds
2017-06-08T18:26:15.848+0200: 1,120: Total time for which application threads were stopped: 0,0002079 seconds, Stopping threads took: 0,0000272 seconds
2017-06-08T18:26:15.874+0200: 1,146: Total time for which application threads were stopped: 0,0004402 seconds, Stopping threads took: 0,0000676 seconds
2017-06-08T18:26:16.254+0200: 1,526: Total time for which application threads were stopped: 0,0001968 seconds, Stopping threads took: 0,0000139 seconds
2017-06-08T18:26:16.497+0200: 1,769: Total time for which application threads were stopped: 0,0002611 seconds, Stopping threads took: 0,0000205 seconds
2017-06-08T18:26:16.520+0200: 1,792: Total time for which application threads were stopped: 0,0003636 seconds, Stopping threads took: 0,0000331 seconds
2017-06-08T18:26:16.560+0200: 1,832: Total time for which application threads were stopped: 0,0002281 seconds, Stopping threads took: 0,0000200 seconds
2017-06-08T18:26:16.561+0200: 1,833: Total time for which application threads were stopped: 0,0001904 seconds, Stopping threads took: 0,0000173 seconds
2017-06-08T18:26:16.574+0200: 1,846: Total time for which application threads were stopped: 0,0001660 seconds, Stopping threads took: 0,0000157 seconds
2017-06-08T18:26:16.656+0200: 1,928: Total time for which application threads were stopped: 0,0002531 seconds, Stopping threads took: 0,0000265 seconds
2017-06-08T18:26:16.814+0200: 2,086: Total time for which application threads were stopped: 0,0003339 seconds, Stopping threads took: 0,0000736 seconds
{Heap before GC invocations=0 (full 0):
 par new generation   total 109248K, used 87424K [0x00000000e0000000, 0x00000000e8000000, 0x00000000e8000000)
  eden space 87424K, 100% used [0x00000000e0000000, 0x00000000e5560000, 0x00000000e5560000)
  from space 21824K,   0% used [0x00000000e5560000, 0x00000000e5560000, 0x00000000e6ab0000)
  to   space 21824K,   0% used [0x00000000e6ab0000, 0x00000000e6ab0000, 0x00000000e8000000)
 concurrent mark-sweep generation total 393216K, used 0K [0x00000000e8000000, 0x0000000100000000, 0x0000000100000000)
 Metaspace       used 17764K, capacity 18112K, committed 18304K, reserved 1064960K
  class space    used 2019K, capacity 2164K, committed 2176K, reserved 1048576K
2017-06-08T18:26:16.842+0200: 2,114: [GC (Allocation Failure) 2017-06-08T18:26:16.842+0200: 2,114: [ParNew
Desired survivor size 20112992 bytes, new threshold 8 (max 8)
- age   1:   11429552 bytes,   11429552 total
: 87424K->11278K(109248K), 0,0153824 secs] 87424K->11278K(502464K), 0,0154675 secs] [Times: user=0,04 sys=0,02, real=0,01 secs] 
Heap after GC invocations=1 (full 0):
 par new generation   total 109248K, used 11278K [0x00000000e0000000, 0x00000000e8000000, 0x00000000e8000000)
  eden space 87424K,   0% used [0x00000000e0000000, 0x00000000e0000000, 0x00000000e5560000)
  from space 21824K,  51% used [0x00000000e6ab0000, 0x00000000e75b39c0, 0x00000000e8000000)
  to   space 21824K,   0% used [0x00000000e5560000, 0x00000000e5560000, 0x00000000e6ab0000)
 concurrent mark-sweep generation total 393216K, used 0K [0x00000000e8000000, 0x0000000100000000, 0x0000000100000000)
 Metaspace       used 17764K, capacity 18112K, committed 18304K, reserved 1064960K
  class space    used 2019K, capacity 2164K, committed 2176K, reserved 1048576K
}
2017-06-08T18:26:16.857+0200: 2,129: Total time for which application threads were stopped: 0,0160244 seconds, Stopping threads took: 0,0003949 seconds
2017-06-08T18:26:17.233+0200: 2,505: Total time for which application threads were stopped: 0,0004029 seconds, Stopping threads took: 0,0000423 seconds
{Heap before GC invocations=1 (full 0):
 par new generation   total 109248K, used 98702K [0x00000000e0000000, 0x00000000e8000000, 0x00000000e8000000)
  eden space 87424K, 100% used [0x00000000e0000000, 0x00000000e5560000, 0x00000000e5560000)
  from space 21824K,  51% used [0x00000000e6ab0000, 0x00000000e75b39c0, 0x00000000e8000000)
  to   space 21824K,   0% used [0x00000000e5560000, 0x00000000e5560000, 0x00000000e6ab0000)
 concurrent mark-sweep generation total 393216K, used 0K [0x00000000e8000000, 0x0000000100000000, 0x0000000100000000)
 Metaspace       used 20019K, capacity 20374K, committed 20736K, reserved 1067008K
  class space    used 2297K, capacity 2473K, committed 2560K, reserved 1048576K
2017-06-08T18:26:17.271+0200: 2,543: [GC (Allocation Failure) 2017-06-08T18:26:17.271+0200: 2,543: [ParNew
Desired survivor size 20112992 bytes, new threshold 8 (max 8)
- age   1:    4316848 bytes,    4316848 total
- age   2:    5973016 bytes,   10289864 total
: 98702K->12549K(109248K), 0,0109997 secs] 98702K->12549K(502464K), 0,0110655 secs] [Times: user=0,04 sys=0,00, real=0,01 secs] 
Heap after GC invocations=2 (full 0):
 par new generation   total 109248K, used 12549K [0x00000000e0000000, 0x00000000e8000000, 0x00000000e8000000)
  eden space 87424K,   0% used [0x00000000e0000000, 0x00000000e0000000, 0x00000000e5560000)
  from space 21824K,  57% used [0x00000000e5560000, 0x00000000e61a1650, 0x00000000e6ab0000)
  to   space 21824K,   0% used [0x00000000e6ab0000, 0x00000000e6ab0000, 0x00000000e8000000)
 concurrent mark-sweep generation total 393216K, used 0K [0x00000000e8000000, 0x0000000100000000, 0x0000000100000000)
 Metaspace       used 20019K, capacity 20374K, committed 20736K, reserved 1067008K
  class space    used 2297K, capacity 2473K, committed 2560K, reserved 1048576K
}
2017-06-08T18:26:17.282+0200: 2,554: Total time for which application threads were stopped: 0,0112547 seconds, Stopping threads took: 0,0000516 seconds
2017-06-08T18:26:17.306+0200: 2,578: Total time for which application threads were stopped: 0,0003535 seconds, Stopping threads took: 0,0000794 seconds
2017-06-08T18:26:17.352+0200: 2,624: Total time for which application threads were stopped: 0,0003667 seconds, Stopping threads took: 0,0000411 seconds
2017-06-08T18:26:17.469+0200: 2,741: Total time for which application threads were stopped: 0,0001932 seconds, Stopping threads took: 0,0000274 seconds
{Heap before GC invocations=2 (full 0):
 par new generation   total 109248K, used 99973K [0x00000000e0000000, 0x00000000e8000000, 0x00000000e8000000)
  eden space 87424K, 100% used [0x00000000e0000000, 0x00000000e5560000, 0x00000000e5560000)
  from space 21824K,  57% used [0x00000000e5560000, 0x00000000e61a1650, 0x00000000e6ab0000)
  to   space 21824K,   0% used [0x00000000e6ab0000, 0x00000000e6ab0000, 0x00000000e8000000)
 concurrent mark-sweep generation total 393216K, used 0K [0x00000000e8000000, 0x0000000100000000, 0x0000000100000000)
 Metaspace       used 20950K, capacity 21296K, committed 21628K, reserved 1069056K
  class space    used 2417K, capacity 2592K, committed 2684K, reserved 1048576K
2017-06-08T18:26:17.498+0200: 2,770: [GC (Allocation Failure) 2017-06-08T18:26:17.498+0200: 2,770: [ParNew
Desired survivor size 20112992 bytes, new threshold 8 (max 8)
- age   1:    2095504 bytes,    2095504 total
- age   2:    1500440 bytes,    3595944 total
- age   3:    5971208 bytes,    9567152 total
: 99973K->16326K(109248K), 0,0112133 secs] 99973K->16326K(502464K), 0,0113057 secs] [Times: user=0,04 sys=0,01, real=0,01 secs] 
Heap after GC invocations=3 (full 0):
 par new generation   total 109248K, used 16326K [0x00000000e0000000, 0x00000000e8000000, 0x00000000e8000000)
  eden space 87424K,   0% used [0x00000000e0000000, 0x00000000e0000000, 0x00000000e5560000)
  from space 21824K,  74% used [0x00000000e6ab0000, 0x00000000e7aa1930, 0x00000000e8000000)
  to   space 21824K,   0% used [0x00000000e5560000, 0x00000000e5560000, 0x00000000e6ab0000)
 concurrent mark-sweep generation total 393216K, used 0K [0x00000000e8000000, 0x0000000100000000, 0x0000000100000000)
 Metaspace       used 20950K, capacity 21296K, committed 21628K, reserved 1069056K
  class space    used 2417K, capacity 2592K, committed 2684K, reserved 1048576K
}
2017-06-08T18:26:17.510+0200: 2,782: Total time for which application threads were stopped: 0,0115943 seconds, Stopping threads took: 0,0001111 seconds
2017-06-08T18:26:17.510+0200: 2,782: [GC (CMS Initial Mark) [1 CMS-initial-mark: 0K(393216K)] 16326K(502464K), 0,0052038 secs] [Times: user=0,02 sys=0,00, real=0,01 secs] 
2017-06-08T18:26:17.515+0200: 2,787: Total time for which application threads were stopped: 0,0053704 seconds, Stopping threads took: 0,0000384 seconds
2017-06-08T18:26:17.515+0200: 2,787: [CMS-concurrent-mark-start]
2017-06-08T18:26:17.515+0200: 2,788: [CMS-concurrent-mark: 0,001/0,001 secs] [Times: user=0,00 sys=0,00, real=0,00 secs] 
2017-06-08T18:26:17.516+0200: 2,788: [CMS-concurrent-preclean-start]
2017-06-08T18:26:17.517+0200: 2,789: [CMS-concurrent-preclean: 0,001/0,001 secs] [Times: user=0,01 sys=0,00, real=0,00 secs] 
2017-06-08T18:26:17.517+0200: 2,789: [GC (CMS Final Remark) [YG occupancy: 17687 K (109248 K)]{Heap before GC invocations=3 (full 1):
 par new generation   total 109248K, used 17687K [0x00000000e0000000, 0x00000000e8000000, 0x00000000e8000000)
  eden space 87424K,   1% used [0x00000000e0000000, 0x00000000e01544e8, 0x00000000e5560000)
  from space 21824K,  74% used [0x00000000e6ab0000, 0x00000000e7aa1930, 0x00000000e8000000)
  to   space 21824K,   0% used [0x00000000e5560000, 0x00000000e5560000, 0x00000000e6ab0000)
 concurrent mark-sweep generation total 393216K, used 0K [0x00000000e8000000, 0x0000000100000000, 0x0000000100000000)
 Metaspace       used 20953K, capacity 21296K, committed 21628K, reserved 1069056K
  class space    used 2419K, capacity 2592K, committed 2684K, reserved 1048576K
2017-06-08T18:26:17.517+0200: 2,789: [GC (CMS Final Remark) 2017-06-08T18:26:17.517+0200: 2,789: [ParNew
Desired survivor size 20112992 bytes, new threshold 8 (max 8)
- age   1:      73040 bytes,      73040 total
- age   2:    2093112 bytes,    2166152 total
- age   3:    1500440 bytes,    3666592 total
- age   4:    5971112 bytes,    9637704 total
: 17687K->11670K(109248K), 0,0159090 secs] 17687K->11670K(502464K), 0,0159661 secs] [Times: user=0,06 sys=0,00, real=0,02 secs] 
Heap after GC invocations=4 (full 1):
 par new generation   total 109248K, used 11670K [0x00000000e0000000, 0x00000000e8000000, 0x00000000e8000000)
  eden space 87424K,   0% used [0x00000000e0000000, 0x00000000e0000000, 0x00000000e5560000)
  from space 21824K,  53% used [0x00000000e5560000, 0x00000000e60c5850, 0x00000000e6ab0000)
  to   space 21824K,   0% used [0x00000000e6ab0000, 0x00000000e6ab0000, 0x00000000e8000000)
 concurrent mark-sweep generation total 393216K, used 0K [0x00000000e8000000, 0x0000000100000000, 0x0000000100000000)
 Metaspace       used 20953K, capacity 21296K, committed 21628K, reserved 1069056K
  class space    used 2419K, capacity 2592K, committed 2684K, reserved 1048576K
}
2017-06-08T18:26:17.533+0200: 2,805: [Rescan (parallel) , 0,0048371 secs]2017-06-08T18:26:17.538+0200: 2,810: [weak refs processing, 0,0018598 secs]2017-06-08T18:26:17.540+0200: 2,812: [class unloading, 0,0028947 secs]2017-06-08T18:26:17.543+0200: 2,815: [scrub symbol table, 0,0031772 secs]2017-06-08T18:26:17.546+0200: 2,818: [scrub string table, 0,0003602 secs][1 CMS-remark: 0K(393216K)] 11670K(502464K), 0,0297821 secs] [Times: user=0,09 sys=0,00, real=0,03 secs] 
2017-06-08T18:26:17.547+0200: 2,819: Total time for which application threads were stopped: 0,0299608 seconds, Stopping threads took: 0,0000721 seconds
2017-06-08T18:26:17.547+0200: 2,819: [CMS-concurrent-sweep-start]
2017-06-08T18:26:17.547+0200: 2,819: [CMS-concurrent-sweep: 0,000/0,000 secs] [Times: user=0,00 sys=0,00, real=0,00 secs] 
2017-06-08T18:26:17.547+0200: 2,819: [CMS-concurrent-reset-start]
2017-06-08T18:26:17.549+0200: 2,821: [CMS-concurrent-reset: 0,002/0,002 secs] [Times: user=0,01 sys=0,00, real=0,00 secs] 
{Heap before GC invocations=4 (full 1):
 par new generation   total 109248K, used 99094K [0x00000000e0000000, 0x00000000e8000000, 0x00000000e8000000)
  eden space 87424K, 100% used [0x00000000e0000000, 0x00000000e5560000, 0x00000000e5560000)
  from space 21824K,  53% used [0x00000000e5560000, 0x00000000e60c5850, 0x00000000e6ab0000)
  to   space 21824K,   0% used [0x00000000e6ab0000, 0x00000000e6ab0000, 0x00000000e8000000)
 concurrent mark-sweep generation total 393216K, used 0K [0x00000000e8000000, 0x0000000100000000, 0x0000000100000000)
 Metaspace       used 21213K, capacity 21572K, committed 21884K, reserved 1069056K
  class space    used 2450K, capacity 2607K, committed 2684K, reserved 1048576K
2017-06-08T18:26:17.645+0200: 2,917: [GC (Allocation Failure) 2017-06-08T18:26:17.645+0200: 2,917: [ParNew
Desired survivor size 20112992 bytes, new threshold 8 (max 8)
- age   1:    1337336 bytes,    1337336 total
- age   2:       1952 bytes,    1339288 total
- age   3:    1490448 bytes,    2829736 total
- age   4:    1463824 bytes,    4293560 total
- age   5:    5971352 bytes,   10264912 total
: 99094K->14395K(109248K), 0,0095772 secs] 99094K->14395K(502464K), 0,0096381 secs] [Times: user=0,04 sys=0,00, real=0,01 secs] 
Heap after GC invocations=5 (full 1):
 par new generation   total 109248K, used 14395K [0x00000000e0000000, 0x00000000e8000000, 0x00000000e8000000)
  eden space 87424K,   0% used [0x00000000e0000000, 0x00000000e0000000, 0x00000000e5560000)
  from space 21824K,  65% used [0x00000000e6ab0000, 0x00000000e78bed20, 0x00000000e8000000)
  to   space 21824K,   0% used [0x00000000e5560000, 0x00000000e5560000, 0x00000000e6ab0000)
 concurrent mark-sweep generation total 393216K, used 0K [0x00000000e8000000, 0x0000000100000000, 0x0000000100000000)
 Metaspace       used 21213K, capacity 21572K, committed 21884K, reserved 1069056K
  class space    used 2450K, capacity 2607K, committed 2684K, reserved 1048576K
}
2017-06-08T18:26:17.655+0200: 2,927: Total time for which application threads were stopped: 0,0098674 seconds, Stopping threads took: 0,0000933 seconds
{Heap before GC invocations=5 (full 1):
 par new generation   total 109248K, used 101819K [0x00000000e0000000, 0x00000000e8000000, 0x00000000e8000000)
  eden space 87424K, 100% used [0x00000000e0000000, 0x00000000e5560000, 0x00000000e5560000)
  from space 21824K,  65% used [0x00000000e6ab0000, 0x00000000e78bed20, 0x00000000e8000000)
  to   space 21824K,   0% used [0x00000000e5560000, 0x00000000e5560000, 0x00000000e6ab0000)
 concurrent mark-sweep generation total 393216K, used 0K [0x00000000e8000000, 0x0000000100000000, 0x0000000100000000)
 Metaspace       used 21388K, capacity 21802K, committed 21884K, reserved 1069056K
  class space    used 2469K, capacity 2640K, committed 2684K, reserved 1048576K
2017-06-08T18:26:17.743+0200: 3,015: [GC (Allocation Failure) 2017-06-08T18:26:17.743+0200: 3,015: [ParNew
Desired survivor size 20112992 bytes, new threshold 8 (max 8)
- age   1:     387440 bytes,     387440 total
- age   2:     180928 bytes,     568368 total
- age   3:       1952 bytes,     570320 total
- age   4:    1490264 bytes,    2060584 total
- age   5:    1463600 bytes,    3524184 total
- age   6:    5971240 bytes,    9495424 total
: 101819K->13084K(109248K), 0,0092297 secs] 101819K->13084K(502464K), 0,0092846 secs] [Times: user=0,04 sys=0,00, real=0,01 secs] 
Heap after GC invocations=6 (full 1):
 par new generation   total 109248K, used 13084K [0x00000000e0000000, 0x00000000e8000000, 0x00000000e8000000)
  eden space 87424K,   0% used [0x00000000e0000000, 0x00000000e0000000, 0x00000000e5560000)
  from space 21824K,  59% used [0x00000000e5560000, 0x00000000e62272f0, 0x00000000e6ab0000)
  to   space 21824K,   0% used [0x00000000e6ab0000, 0x00000000e6ab0000, 0x00000000e8000000)
 concurrent mark-sweep generation total 393216K, used 0K [0x00000000e8000000, 0x0000000100000000, 0x0000000100000000)
 Metaspace       used 21388K, capacity 21802K, committed 21884K, reserved 1069056K
  class space    used 2469K, capacity 2640K, committed 2684K, reserved 1048576K
}
2017-06-08T18:26:17.752+0200: 3,025: Total time for which application threads were stopped: 0,0100678 seconds, Stopping threads took: 0,0006351 seconds
2017-06-08T18:26:17.781+0200: 3,053: Total time for which application threads were stopped: 0,0003544 seconds, Stopping threads took: 0,0000192 seconds
2017-06-08T18:26:17.958+0200: 3,230: Total time for which application threads were stopped: 0,0012805 seconds, Stopping threads took: 0,0009260 seconds
2017-06-08T18:26:18.006+0200: 3,278: Total time for which application threads were stopped: 0,0004154 seconds, Stopping threads took: 0,0000709 seconds
2017-06-08T18:26:18.023+0200: 3,295: Total time for which application threads were stopped: 0,0004491 seconds, Stopping threads took: 0,0000396 seconds
{Heap before GC invocations=6 (full 1):
 par new generation   total 109248K, used 100508K [0x00000000e0000000, 0x00000000e8000000, 0x00000000e8000000)
  eden space 87424K, 100% used [0x00000000e0000000, 0x00000000e5560000, 0x00000000e5560000)
  from space 21824K,  59% used [0x00000000e5560000, 0x00000000e62272f0, 0x00000000e6ab0000)
  to   space 21824K,   0% used [0x00000000e6ab0000, 0x00000000e6ab0000, 0x00000000e8000000)
 concurrent mark-sweep generation total 393216K, used 0K [0x00000000e8000000, 0x0000000100000000, 0x0000000100000000)
 Metaspace       used 23697K, capacity 24178K, committed 24316K, reserved 1071104K
  class space    used 2783K, capacity 2984K, committed 3068K, reserved 1048576K
2017-06-08T18:26:18.155+0200: 3,427: [GC (Allocation Failure) 2017-06-08T18:26:18.155+0200: 3,427: [ParNew
Desired survivor size 20112992 bytes, new threshold 8 (max 8)
- age   1:    4998312 bytes,    4998312 total
- age   2:     124352 bytes,    5122664 total
- age   3:     179272 bytes,    5301936 total
- age   4:       1952 bytes,    5303888 total
- age   5:     320656 bytes,    5624544 total
- age   6:    1439152 bytes,    7063696 total
- age   7:    5963016 bytes,   13026712 total
: 100508K->16026K(109248K), 0,0133753 secs] 100508K->16026K(502464K), 0,0134598 secs] [Times: user=0,05 sys=0,00, real=0,01 secs] 
Heap after GC invocations=7 (full 1):
 par new generation   total 109248K, used 16026K [0x00000000e0000000, 0x00000000e8000000, 0x00000000e8000000)
  eden space 87424K,   0% used [0x00000000e0000000, 0x00000000e0000000, 0x00000000e5560000)
  from space 21824K,  73% used [0x00000000e6ab0000, 0x00000000e7a568a0, 0x00000000e8000000)
  to   space 21824K,   0% used [0x00000000e5560000, 0x00000000e5560000, 0x00000000e6ab0000)
 concurrent mark-sweep generation total 393216K, used 0K [0x00000000e8000000, 0x0000000100000000, 0x0000000100000000)
 Metaspace       used 23697K, capacity 24178K, committed 24316K, reserved 1071104K
  class space    used 2783K, capacity 2984K, committed 3068K, reserved 1048576K
}
2017-06-08T18:26:18.169+0200: 3,441: Total time for which application threads were stopped: 0,0138371 seconds, Stopping threads took: 0,0001130 seconds
{Heap before GC invocations=7 (full 1):
 par new generation   total 109248K, used 103450K [0x00000000e0000000, 0x00000000e8000000, 0x00000000e8000000)
  eden space 87424K, 100% used [0x00000000e0000000, 0x00000000e5560000, 0x00000000e5560000)
  from space 21824K,  73% used [0x00000000e6ab0000, 0x00000000e7a568a0, 0x00000000e8000000)
  to   space 21824K,   0% used [0x00000000e5560000, 0x00000000e5560000, 0x00000000e6ab0000)
 concurrent mark-sweep generation total 393216K, used 0K [0x00000000e8000000, 0x0000000100000000, 0x0000000100000000)
 Metaspace       used 24042K, capacity 24472K, committed 24572K, reserved 1071104K
  class space    used 2836K, capacity 3017K, committed 3068K, reserved 1048576K
2017-06-08T18:26:18.251+0200: 3,523: [GC (Allocation Failure) 2017-06-08T18:26:18.251+0200: 3,523: [ParNew
Desired survivor size 20112992 bytes, new threshold 8 (max 8)
- age   1:    1860904 bytes,    1860904 total
- age   2:    1767472 bytes,    3628376 total
- age   3:      62984 bytes,    3691360 total
- age   4:     101424 bytes,    3792784 total
- age   5:       1952 bytes,    3794736 total
- age   6:     188416 bytes,    3983152 total
- age   7:    1014200 bytes,    4997352 total
- age   8:    5851896 bytes,   10849248 total
: 103450K->13467K(109248K), 0,0181631 secs] 103450K->13467K(502464K), 0,0182602 secs] [Times: user=0,06 sys=0,00, real=0,01 secs] 
Heap after GC invocations=8 (full 1):
 par new generation   total 109248K, used 13467K [0x00000000e0000000, 0x00000000e8000000, 0x00000000e8000000)
  eden space 87424K,   0% used [0x00000000e0000000, 0x00000000e0000000, 0x00000000e5560000)
  from space 21824K,  61% used [0x00000000e5560000, 0x00000000e6286d38, 0x00000000e6ab0000)
  to   space 21824K,   0% used [0x00000000e6ab0000, 0x00000000e6ab0000, 0x00000000e8000000)
 concurrent mark-sweep generation total 393216K, used 0K [0x00000000e8000000, 0x0000000100000000, 0x0000000100000000)
 Metaspace       used 24042K, capacity 24472K, committed 24572K, reserved 1071104K
  class space    used 2836K, capacity 3017K, committed 3068K, reserved 1048576K
}
2017-06-08T18:26:18.269+0200: 3,541: Total time for which application threads were stopped: 0,0203390 seconds, Stopping threads took: 0,0018183 seconds
{Heap before GC invocations=8 (full 1):
 par new generation   total 109248K, used 100891K [0x00000000e0000000, 0x00000000e8000000, 0x00000000e8000000)
  eden space 87424K, 100% used [0x00000000e0000000, 0x00000000e5560000, 0x00000000e5560000)
  from space 21824K,  61% used [0x00000000e5560000, 0x00000000e6286d38, 0x00000000e6ab0000)
  to   space 21824K,   0% used [0x00000000e6ab0000, 0x00000000e6ab0000, 0x00000000e8000000)
 concurrent mark-sweep generation total 393216K, used 0K [0x00000000e8000000, 0x0000000100000000, 0x0000000100000000)
 Metaspace       used 24478K, capacity 24978K, committed 25084K, reserved 1071104K
  class space    used 2866K, capacity 3054K, committed 3068K, reserved 1048576K
2017-06-08T18:26:18.380+0200: 3,652: [GC (Allocation Failure) 2017-06-08T18:26:18.380+0200: 3,652: [ParNew
Desired survivor size 20112992 bytes, new threshold 8 (max 8)
- age   1:     957968 bytes,     957968 total
- age   2:     965864 bytes,    1923832 total
- age   3:    1745216 bytes,    3669048 total
- age   4:      62984 bytes,    3732032 total
- age   5:     101320 bytes,    3833352 total
- age   6:       1952 bytes,    3835304 total
- age   7:     188416 bytes,    4023720 total
- age   8:    1014200 bytes,    5037920 total
: 100891K->10639K(109248K), 0,0567276 secs] 100891K->16436K(502464K), 0,0567935 secs] [Times: user=0,13 sys=0,00, real=0,05 secs] 
Heap after GC invocations=9 (full 1):
 par new generation   total 109248K, used 10639K [0x00000000e0000000, 0x00000000e8000000, 0x00000000e8000000)
  eden space 87424K,   0% used [0x00000000e0000000, 0x00000000e0000000, 0x00000000e5560000)
  from space 21824K,  48% used [0x00000000e6ab0000, 0x00000000e7513e60, 0x00000000e8000000)
  to   space 21824K,   0% used [0x00000000e5560000, 0x00000000e5560000, 0x00000000e6ab0000)
 concurrent mark-sweep generation total 393216K, used 5796K [0x00000000e8000000, 0x0000000100000000, 0x0000000100000000)
 Metaspace       used 24478K, capacity 24978K, committed 25084K, reserved 1071104K
  class space    used 2866K, capacity 3054K, committed 3068K, reserved 1048576K
}
2017-06-08T18:26:18.437+0200: 3,709: Total time for which application threads were stopped: 0,0577546 seconds, Stopping threads took: 0,0007835 seconds
2017-06-08T18:26:18.780+0200: 4,052: Total time for which application threads were stopped: 0,0007221 seconds, Stopping threads took: 0,0000743 seconds
2017-06-08T18:26:18.821+0200: 4,093: Total time for which application threads were stopped: 0,0005885 seconds, Stopping threads took: 0,0000346 seconds
2017-06-08T18:26:18.842+0200: 4,114: Total time for which application threads were stopped: 0,0001241 seconds, Stopping threads took: 0,0000216 seconds
2017-06-08T18:26:18.843+0200: 4,115: Total time for which application threads were stopped: 0,0004824 seconds, Stopping threads took: 0,0000231 seconds
2017-06-08T18:26:18.844+0200: 4,116: Total time for which application threads were stopped: 0,0001534 seconds, Stopping threads took: 0,0000514 seconds
2017-06-08T18:26:18.851+0200: 4,123: Total time for which application threads were stopped: 0,0001321 seconds, Stopping threads took: 0,0000332 seconds
2017-06-08T18:26:18.853+0200: 4,125: Total time for which application threads were stopped: 0,0002041 seconds, Stopping threads took: 0,0000976 seconds
2017-06-08T18:26:18.856+0200: 4,128: Total time for which application threads were stopped: 0,0001394 seconds, Stopping threads took: 0,0000339 seconds
2017-06-08T18:26:18.857+0200: 4,129: Total time for which application threads were stopped: 0,0001520 seconds, Stopping threads took: 0,0000535 seconds
2017-06-08T18:26:18.858+0200: 4,130: Total time for which application threads were stopped: 0,0001339 seconds, Stopping threads took: 0,0000378 seconds
2017-06-08T18:26:18.896+0200: 4,169: Total time for which application threads were stopped: 0,0002376 seconds, Stopping threads took: 0,0001262 seconds
2017-06-08T18:26:18.907+0200: 4,179: Total time for which application threads were stopped: 0,0041470 seconds, Stopping threads took: 0,0040276 seconds
2017-06-08T18:26:18.908+0200: 4,180: Total time for which application threads were stopped: 0,0001246 seconds, Stopping threads took: 0,0000242 seconds
2017-06-08T18:26:18.913+0200: 4,185: Total time for which application threads were stopped: 0,0004831 seconds, Stopping threads took: 0,0000489 seconds
2017-06-08T18:26:18.914+0200: 4,186: Total time for which application threads were stopped: 0,0001240 seconds, Stopping threads took: 0,0000400 seconds
2017-06-08T18:26:18.915+0200: 4,187: Total time for which application threads were stopped: 0,0001960 seconds, Stopping threads took: 0,0000727 seconds
2017-06-08T18:26:18.919+0200: 4,191: Total time for which application threads were stopped: 0,0033760 seconds, Stopping threads took: 0,0032782 seconds
2017-06-08T18:26:18.919+0200: 4,191: Total time for which application threads were stopped: 0,0000912 seconds, Stopping threads took: 0,0000221 seconds
2017-06-08T18:26:18.919+0200: 4,191: Total time for which application threads were stopped: 0,0000951 seconds, Stopping threads took: 0,0000418 seconds
2017-06-08T18:26:18.922+0200: 4,194: Total time for which application threads were stopped: 0,0001499 seconds, Stopping threads took: 0,0000242 seconds
2017-06-08T18:26:18.928+0200: 4,200: Total time for which application threads were stopped: 0,0001108 seconds, Stopping threads took: 0,0000360 seconds
2017-06-08T18:26:18.931+0200: 4,203: Total time for which application threads were stopped: 0,0019809 seconds, Stopping threads took: 0,0018859 seconds
2017-06-08T18:26:18.943+0200: 4,215: Total time for which application threads were stopped: 0,0033553 seconds, Stopping threads took: 0,0032345 seconds
2017-06-08T18:26:18.943+0200: 4,215: Total time for which application threads were stopped: 0,0001204 seconds, Stopping threads took: 0,0000387 seconds
2017-06-08T18:26:18.944+0200: 4,217: Total time for which application threads were stopped: 0,0001343 seconds, Stopping threads took: 0,0000416 seconds
2017-06-08T18:26:18.945+0200: 4,217: Total time for which application threads were stopped: 0,0000859 seconds, Stopping threads took: 0,0000142 seconds
2017-06-08T18:26:18.945+0200: 4,217: Total time for which application threads were stopped: 0,0000812 seconds, Stopping threads took: 0,0000216 seconds
2017-06-08T18:26:18.947+0200: 4,219: Total time for which application threads were stopped: 0,0016493 seconds, Stopping threads took: 0,0014215 seconds
2017-06-08T18:26:18.947+0200: 4,219: Total time for which application threads were stopped: 0,0001158 seconds, Stopping threads took: 0,0000306 seconds
2017-06-08T18:26:18.947+0200: 4,219: Total time for which application threads were stopped: 0,0000797 seconds, Stopping threads took: 0,0000184 seconds
2017-06-08T18:26:18.947+0200: 4,219: Total time for which application threads were stopped: 0,0000839 seconds, Stopping threads took: 0,0000188 seconds
2017-06-08T18:26:18.948+0200: 4,220: Total time for which application threads were stopped: 0,0000770 seconds, Stopping threads took: 0,0000176 seconds
2017-06-08T18:26:18.948+0200: 4,220: Total time for which application threads were stopped: 0,0000789 seconds, Stopping threads took: 0,0000167 seconds
2017-06-08T18:26:18.948+0200: 4,220: Total time for which application threads were stopped: 0,0000858 seconds, Stopping threads took: 0,0000192 seconds
2017-06-08T18:26:18.948+0200: 4,220: Total time for which application threads were stopped: 0,0000759 seconds, Stopping threads took: 0,0000168 seconds
2017-06-08T18:26:18.948+0200: 4,220: Total time for which application threads were stopped: 0,0000786 seconds, Stopping threads took: 0,0000183 seconds
2017-06-08T18:26:18.948+0200: 4,220: Total time for which application threads were stopped: 0,0000804 seconds, Stopping threads took: 0,0000182 seconds
2017-06-08T18:26:18.948+0200: 4,220: Total time for which application threads were stopped: 0,0000707 seconds, Stopping threads took: 0,0000179 seconds
2017-06-08T18:26:18.949+0200: 4,221: Total time for which application threads were stopped: 0,0001009 seconds, Stopping threads took: 0,0000248 seconds
2017-06-08T18:26:18.949+0200: 4,221: Total time for which application threads were stopped: 0,0000796 seconds, Stopping threads took: 0,0000196 seconds
2017-06-08T18:26:18.949+0200: 4,221: Total time for which application threads were stopped: 0,0000789 seconds, Stopping threads took: 0,0000204 seconds
2017-06-08T18:26:18.949+0200: 4,221: Total time for which application threads were stopped: 0,0000635 seconds, Stopping threads took: 0,0000193 seconds
2017-06-08T18:26:18.949+0200: 4,221: Total time for which application threads were stopped: 0,0000661 seconds, Stopping threads took: 0,0000157 seconds
2017-06-08T18:26:18.950+0200: 4,222: Total time for which application threads were stopped: 0,0000835 seconds, Stopping threads took: 0,0000199 seconds
2017-06-08T18:26:18.950+0200: 4,222: Total time for which application threads were stopped: 0,0000832 seconds, Stopping threads took: 0,0000365 seconds
2017-06-08T18:26:18.950+0200: 4,222: Total time for which application threads were stopped: 0,0000760 seconds, Stopping threads took: 0,0000164 seconds
2017-06-08T18:26:18.950+0200: 4,222: Total time for which application threads were stopped: 0,0000789 seconds, Stopping threads took: 0,0000167 seconds
2017-06-08T18:26:18.950+0200: 4,222: Total time for which application threads were stopped: 0,0001906 seconds, Stopping threads took: 0,0000186 seconds
2017-06-08T18:26:18.958+0200: 4,231: Total time for which application threads were stopped: 0,0029434 seconds, Stopping threads took: 0,0028286 seconds
2017-06-08T18:26:18.967+0200: 4,239: Total time for which application threads were stopped: 0,0001271 seconds, Stopping threads took: 0,0000401 seconds
2017-06-08T18:26:18.967+0200: 4,239: Total time for which application threads were stopped: 0,0001468 seconds, Stopping threads took: 0,0000332 seconds
{Heap before GC invocations=9 (full 1):
 par new generation   total 109248K, used 98063K [0x00000000e0000000, 0x00000000e8000000, 0x00000000e8000000)
  eden space 87424K, 100% used [0x00000000e0000000, 0x00000000e5560000, 0x00000000e5560000)
  from space 21824K,  48% used [0x00000000e6ab0000, 0x00000000e7513e60, 0x00000000e8000000)
  to   space 21824K,   0% used [0x00000000e5560000, 0x00000000e5560000, 0x00000000e6ab0000)
 concurrent mark-sweep generation total 393216K, used 5796K [0x00000000e8000000, 0x0000000100000000, 0x0000000100000000)
 Metaspace       used 27056K, capacity 27626K, committed 27900K, reserved 1073152K
  class space    used 3109K, capacity 3294K, committed 3324K, reserved 1048576K
2017-06-08T18:26:18.974+0200: 4,246: [GC (Allocation Failure) 2017-06-08T18:26:18.974+0200: 4,246: [ParNew
Desired survivor size 20112992 bytes, new threshold 8 (max 8)
- age   1:    8203600 bytes,    8203600 total
- age   2:     163776 bytes,    8367376 total
- age   3:     186536 bytes,    8553912 total
- age   4:    1740216 bytes,   10294128 total
- age   5:      62952 bytes,   10357080 total
- age   6:      98648 bytes,   10455728 total
- age   7:       1952 bytes,   10457680 total
- age   8:     185152 bytes,   10642832 total
: 98063K->12538K(109248K), 0,0206219 secs] 103860K->19448K(502464K), 0,0206969 secs] [Times: user=0,06 sys=0,00, real=0,02 secs] 
Heap after GC invocations=10 (full 1):
 par new generation   total 109248K, used 12538K [0x00000000e0000000, 0x00000000e8000000, 0x00000000e8000000)
  eden space 87424K,   0% used [0x00000000e0000000, 0x00000000e0000000, 0x00000000e5560000)
  from space 21824K,  57% used [0x00000000e5560000, 0x00000000e619e940, 0x00000000e6ab0000)
  to   space 21824K,   0% used [0x00000000e6ab0000, 0x00000000e6ab0000, 0x00000000e8000000)
 concurrent mark-sweep generation total 393216K, used 6910K [0x00000000e8000000, 0x0000000100000000, 0x0000000100000000)
 Metaspace       used 27056K, capacity 27626K, committed 27900K, reserved 1073152K
  class space    used 3109K, capacity 3294K, committed 3324K, reserved 1048576K
}
2017-06-08T18:26:18.995+0200: 4,267: Total time for which application threads were stopped: 0,0208803 seconds, Stopping threads took: 0,0000332 seconds
2017-06-08T18:26:18.996+0200: 4,268: Total time for which application threads were stopped: 0,0001895 seconds, Stopping threads took: 0,0000818 seconds
2017-06-08T18:26:18.996+0200: 4,268: Total time for which application threads were stopped: 0,0000914 seconds, Stopping threads took: 0,0000289 seconds
2017-06-08T18:26:19.002+0200: 4,274: Total time for which application threads were stopped: 0,0001197 seconds, Stopping threads took: 0,0000207 seconds
2017-06-08T18:26:19.003+0200: 4,275: Total time for which application threads were stopped: 0,0001126 seconds, Stopping threads took: 0,0000174 seconds
2017-06-08T18:26:19.022+0200: 4,294: Total time for which application threads were stopped: 0,0002271 seconds, Stopping threads took: 0,0000671 seconds
2017-06-08T18:26:19.025+0200: 4,297: Total time for which application threads were stopped: 0,0001159 seconds, Stopping threads took: 0,0000387 seconds
2017-06-08T18:26:19.063+0200: 4,335: Total time for which application threads were stopped: 0,0005934 seconds, Stopping threads took: 0,0000267 seconds
2017-06-08T18:26:20.063+0200: 5,335: Total time for which application threads were stopped: 0,0000710 seconds, Stopping threads took: 0,0000170 seconds
2017-06-08T18:27:37.071+0200: 82,343: Total time for which application threads were stopped: 0,0000624 seconds, Stopping threads took: 0,0000164 seconds
2017-06-08T18:28:12.075+0200: 117,347: Total time for which application threads were stopped: 0,0000798 seconds, Stopping threads took: 0,0000321 seconds
2017-06-08T18:28:17.076+0200: 122,348: Total time for which application threads were stopped: 0,0000791 seconds, Stopping threads took: 0,0000328 seconds
2017-06-08T18:29:16.081+0200: 181,353: Total time for which application threads were stopped: 0,0001913 seconds, Stopping threads took: 0,0000823 seconds
2017-06-08T18:30:52.089+0200: 277,361: Total time for which application threads were stopped: 0,0001632 seconds, Stopping threads took: 0,0000676 seconds
2017-06-08T18:49:41.204+0200: 1406,476: Total time for which application threads were stopped: 0,0001168 seconds, Stopping threads took: 0,0000446 seconds
2017-06-08T18:54:56.237+0200: 1721,509: Total time for which application threads were stopped: 0,0000908 seconds, Stopping threads took: 0,0000338 seconds
2017-06-08T19:04:36.296+0200: 2301,568: Total time for which application threads were stopped: 0,0000851 seconds, Stopping threads took: 0,0000345 seconds
2017-06-08T19:04:37.296+0200: 2302,568: Total time for which application threads were stopped: 0,0002131 seconds, Stopping threads took: 0,0000482 seconds
2017-06-08T19:19:32.381+0200: 3197,653: Total time for which application threads were stopped: 0,0000905 seconds, Stopping threads took: 0,0000332 seconds
2017-06-08T19:27:16.677+0200: 3661,949: Total time for which application threads were stopped: 0,0270680 seconds, Stopping threads took: 0,0269382 seconds
2017-06-08T19:27:16.679+0200: 3661,951: Total time for which application threads were stopped: 0,0001135 seconds, Stopping threads took: 0,0000214 seconds
2017-06-08T19:27:16.679+0200: 3661,951: Total time for which application threads were stopped: 0,0000845 seconds, Stopping threads took: 0,0000168 seconds
2017-06-08T19:27:16.683+0200: 3661,955: Total time for which application threads were stopped: 0,0001873 seconds, Stopping threads took: 0,0000361 seconds
2017-06-08T19:27:16.691+0200: 3661,963: Total time for which application threads were stopped: 0,0001092 seconds, Stopping threads took: 0,0000249 seconds
2017-06-08T19:27:16.692+0200: 3661,964: Total time for which application threads were stopped: 0,0001140 seconds, Stopping threads took: 0,0000387 seconds
2017-06-08T19:27:16.695+0200: 3661,967: Total time for which application threads were stopped: 0,0001303 seconds, Stopping threads took: 0,0000473 seconds
2017-06-08T19:27:16.718+0200: 3661,990: Total time for which application threads were stopped: 0,0001415 seconds, Stopping threads took: 0,0000489 seconds
2017-06-08T19:27:16.718+0200: 3661,990: Total time for which application threads were stopped: 0,0001135 seconds, Stopping threads took: 0,0000546 seconds
2017-06-08T19:27:16.727+0200: 3661,999: Total time for which application threads were stopped: 0,0001235 seconds, Stopping threads took: 0,0000296 seconds
2017-06-08T19:27:16.730+0200: 3662,003: Total time for which application threads were stopped: 0,0001070 seconds, Stopping threads took: 0,0000205 seconds
2017-06-08T19:27:16.735+0200: 3662,007: Total time for which application threads were stopped: 0,0001161 seconds, Stopping threads took: 0,0000264 seconds
2017-06-08T19:27:16.740+0200: 3662,012: Total time for which application threads were stopped: 0,0001506 seconds, Stopping threads took: 0,0000416 seconds
2017-06-08T19:27:16.740+0200: 3662,012: Total time for which application threads were stopped: 0,0002285 seconds, Stopping threads took: 0,0001492 seconds
2017-06-08T19:27:16.741+0200: 3662,013: Total time for which application threads were stopped: 0,0004337 seconds, Stopping threads took: 0,0003609 seconds
2017-06-08T19:27:16.741+0200: 3662,013: Total time for which application threads were stopped: 0,0000620 seconds, Stopping threads took: 0,0000228 seconds
2017-06-08T19:27:16.742+0200: 3662,014: Total time for which application threads were stopped: 0,0001076 seconds, Stopping threads took: 0,0000359 seconds
2017-06-08T19:27:16.763+0200: 3662,035: Total time for which application threads were stopped: 0,0022761 seconds, Stopping threads took: 0,0021835 seconds
2017-06-08T19:27:16.764+0200: 3662,036: Total time for which application threads were stopped: 0,0000903 seconds, Stopping threads took: 0,0000185 seconds
2017-06-08T19:27:16.765+0200: 3662,037: Total time for which application threads were stopped: 0,0000933 seconds, Stopping threads took: 0,0000206 seconds
2017-06-08T19:27:16.765+0200: 3662,037: Total time for which application threads were stopped: 0,0000549 seconds, Stopping threads took: 0,0000108 seconds
2017-06-08T19:27:16.776+0200: 3662,048: Total time for which application threads were stopped: 0,0105883 seconds, Stopping threads took: 0,0105067 seconds
2017-06-08T19:27:16.782+0200: 3662,055: Total time for which application threads were stopped: 0,0033761 seconds, Stopping threads took: 0,0033035 seconds
2017-06-08T19:27:16.783+0200: 3662,055: Total time for which application threads were stopped: 0,0000537 seconds, Stopping threads took: 0,0000098 seconds
2017-06-08T19:27:16.783+0200: 3662,055: Total time for which application threads were stopped: 0,0000444 seconds, Stopping threads took: 0,0000061 seconds
2017-06-08T19:27:16.783+0200: 3662,055: Total time for which application threads were stopped: 0,0000416 seconds, Stopping threads took: 0,0000078 seconds
2017-06-08T19:27:16.783+0200: 3662,055: Total time for which application threads were stopped: 0,0000471 seconds, Stopping threads took: 0,0000098 seconds
2017-06-08T19:27:16.786+0200: 3662,058: Total time for which application threads were stopped: 0,0001251 seconds, Stopping threads took: 0,0000336 seconds
2017-06-08T19:27:16.786+0200: 3662,058: Total time for which application threads were stopped: 0,0000830 seconds, Stopping threads took: 0,0000241 seconds
2017-06-08T19:27:16.787+0200: 3662,059: Total time for which application threads were stopped: 0,0008093 seconds, Stopping threads took: 0,0007553 seconds
2017-06-08T19:27:16.787+0200: 3662,060: Total time for which application threads were stopped: 0,0000795 seconds, Stopping threads took: 0,0000384 seconds
2017-06-08T19:27:16.789+0200: 3662,062: Total time for which application threads were stopped: 0,0000723 seconds, Stopping threads took: 0,0000120 seconds
2017-06-08T19:27:16.790+0200: 3662,062: Total time for which application threads were stopped: 0,0001270 seconds, Stopping threads took: 0,0000100 seconds
2017-06-08T19:27:16.792+0200: 3662,064: Total time for which application threads were stopped: 0,0011395 seconds, Stopping threads took: 0,0010838 seconds
2017-06-08T19:27:16.792+0200: 3662,065: Total time for which application threads were stopped: 0,0001407 seconds, Stopping threads took: 0,0000708 seconds
2017-06-08T19:27:16.793+0200: 3662,065: Total time for which application threads were stopped: 0,0001357 seconds, Stopping threads took: 0,0000452 seconds
2017-06-08T19:27:16.794+0200: 3662,066: Total time for which application threads were stopped: 0,0001536 seconds, Stopping threads took: 0,0000730 seconds
Heap
 par new generation   total 109248K, used 46613K [0x00000000e0000000, 0x00000000e8000000, 0x00000000e8000000)
  eden space 87424K,  38% used [0x00000000e0000000, 0x00000000e2146cc0, 0x00000000e5560000)
  from space 21824K,  57% used [0x00000000e5560000, 0x00000000e619e940, 0x00000000e6ab0000)
  to   space 21824K,   0% used [0x00000000e6ab0000, 0x00000000e6ab0000, 0x00000000e8000000)
 concurrent mark-sweep generation total 393216K, used 6910K [0x00000000e8000000, 0x0000000100000000, 0x0000000100000000)
 Metaspace       used 28135K, capacity 28664K, committed 28796K, reserved 1075200K
  class space    used 3227K, capacity 3425K, committed 3452K, reserved 1048576K
