OpenJDK 64-Bit Server VM (25.111-b14) for linux-amd64 JRE (1.8.0_111-8u111-b14-2ubuntu0.16.04.2-b14), built on Oct 27 2016 18:10:19 by "buildd" with gcc 5.4.0 20160609
Memory: 4k page, physical 7867848k(7461308k free), swap 8076284k(8076284k free)
CommandLine flags: -XX:CMSInitiatingOccupancyFraction=50 -XX:CMSMaxAbortablePrecleanTime=6000 -XX:+CMSParallelRemarkEnabled -XX:+CMSScavengeBeforeRemark -XX:ConcGCThreads=4 -XX:InitialHeapSize=536870912 -XX:MaxHeapSize=536870912 -XX:MaxTenuringThreshold=8 -XX:NewRatio=3 -XX:OldPLABSize=16 -XX:OnOutOfMemoryError=/opt/solr/bin/oom_solr.sh 8983 /var/solr/logs -XX:ParallelGCThreads=4 -XX:+ParallelRefProcEnabled -XX:PretenureSizeThreshold=67108864 -XX:+PrintGC -XX:+PrintGCApplicationStoppedTime -XX:+PrintGCDateStamps -XX:+PrintGCDetails -XX:+PrintGCTimeStamps -XX:+PrintHeapAtGC -XX:+PrintTenuringDistribution -XX:SurvivorRatio=4 -XX:TargetSurvivorRatio=90 -XX:ThreadStackSize=256 -XX:+UseCMSInitiatingOccupancyOnly -XX:+UseCompressedClassPointers -XX:+UseCompressedOops -XX:+UseConcMarkSweepGC -XX:+UseParNewGC 
2016-11-21T09:19:15.832+0100: 0,112: Total time for which application threads were stopped: 0,0000616 seconds, Stopping threads took: 0,0000096 seconds
2016-11-21T09:19:15.896+0100: 0,175: Total time for which application threads were stopped: 0,0000892 seconds, Stopping threads took: 0,0000136 seconds
2016-11-21T09:19:15.905+0100: 0,184: Total time for which application threads were stopped: 0,0000751 seconds, Stopping threads took: 0,0000189 seconds
2016-11-21T09:19:16.035+0100: 0,314: Total time for which application threads were stopped: 0,0001168 seconds, Stopping threads took: 0,0000141 seconds
2016-11-21T09:19:16.180+0100: 0,459: Total time for which application threads were stopped: 0,0001160 seconds, Stopping threads took: 0,0000184 seconds
2016-11-21T09:19:16.225+0100: 0,505: Total time for which application threads were stopped: 0,0001666 seconds, Stopping threads took: 0,0000216 seconds
2016-11-21T09:19:16.239+0100: 0,519: Total time for which application threads were stopped: 0,0001985 seconds, Stopping threads took: 0,0000267 seconds
2016-11-21T09:19:16.407+0100: 0,686: Total time for which application threads were stopped: 0,0001826 seconds, Stopping threads took: 0,0000191 seconds
2016-11-21T09:19:16.556+0100: 0,836: Total time for which application threads were stopped: 0,0001961 seconds, Stopping threads took: 0,0000140 seconds
2016-11-21T09:19:16.576+0100: 0,855: Total time for which application threads were stopped: 0,0001752 seconds, Stopping threads took: 0,0000205 seconds
2016-11-21T09:19:16.577+0100: 0,856: Total time for which application threads were stopped: 0,0001635 seconds, Stopping threads took: 0,0000225 seconds
2016-11-21T09:19:16.588+0100: 0,868: Total time for which application threads were stopped: 0,0001560 seconds, Stopping threads took: 0,0000127 seconds
2016-11-21T09:19:16.668+0100: 0,947: Total time for which application threads were stopped: 0,0002393 seconds, Stopping threads took: 0,0000172 seconds
2016-11-21T09:19:16.836+0100: 1,115: Total time for which application threads were stopped: 0,0002558 seconds, Stopping threads took: 0,0000412 seconds
{Heap before GC invocations=0 (full 0):
 par new generation   total 109248K, used 87424K [0x00000000e0000000, 0x00000000e8000000, 0x00000000e8000000)
  eden space 87424K, 100% used [0x00000000e0000000, 0x00000000e5560000, 0x00000000e5560000)
  from space 21824K,   0% used [0x00000000e5560000, 0x00000000e5560000, 0x00000000e6ab0000)
  to   space 21824K,   0% used [0x00000000e6ab0000, 0x00000000e6ab0000, 0x00000000e8000000)
 concurrent mark-sweep generation total 393216K, used 0K [0x00000000e8000000, 0x0000000100000000, 0x0000000100000000)
 Metaspace       used 17616K, capacity 17950K, committed 18048K, reserved 1064960K
  class space    used 2005K, capacity 2130K, committed 2176K, reserved 1048576K
2016-11-21T09:19:16.898+0100: 1,177: [GC (Allocation Failure) 2016-11-21T09:19:16.898+0100: 1,177: [ParNew
Desired survivor size 20112992 bytes, new threshold 8 (max 8)
- age   1:   11445888 bytes,   11445888 total
: 87424K->11298K(109248K), 0,0206579 secs] 87424K->11298K(502464K), 0,0207454 secs] [Times: user=0,04 sys=0,02, real=0,02 secs] 
Heap after GC invocations=1 (full 0):
 par new generation   total 109248K, used 11298K [0x00000000e0000000, 0x00000000e8000000, 0x00000000e8000000)
  eden space 87424K,   0% used [0x00000000e0000000, 0x00000000e0000000, 0x00000000e5560000)
  from space 21824K,  51% used [0x00000000e6ab0000, 0x00000000e75b8928, 0x00000000e8000000)
  to   space 21824K,   0% used [0x00000000e5560000, 0x00000000e5560000, 0x00000000e6ab0000)
 concurrent mark-sweep generation total 393216K, used 0K [0x00000000e8000000, 0x0000000100000000, 0x0000000100000000)
 Metaspace       used 17616K, capacity 17950K, committed 18048K, reserved 1064960K
  class space    used 2005K, capacity 2130K, committed 2176K, reserved 1048576K
}
2016-11-21T09:19:16.918+0100: 1,198: Total time for which application threads were stopped: 0,0209199 seconds, Stopping threads took: 0,0000193 seconds
2016-11-21T09:19:17.187+0100: 1,466: Total time for which application threads were stopped: 0,0002741 seconds, Stopping threads took: 0,0000359 seconds
2016-11-21T09:19:17.218+0100: 1,498: Total time for which application threads were stopped: 0,0003386 seconds, Stopping threads took: 0,0000481 seconds
2016-11-21T09:19:17.245+0100: 1,524: Total time for which application threads were stopped: 0,0002996 seconds, Stopping threads took: 0,0000273 seconds
{Heap before GC invocations=1 (full 0):
 par new generation   total 109248K, used 98722K [0x00000000e0000000, 0x00000000e8000000, 0x00000000e8000000)
  eden space 87424K, 100% used [0x00000000e0000000, 0x00000000e5560000, 0x00000000e5560000)
  from space 21824K,  51% used [0x00000000e6ab0000, 0x00000000e75b8928, 0x00000000e8000000)
  to   space 21824K,   0% used [0x00000000e5560000, 0x00000000e5560000, 0x00000000e6ab0000)
 concurrent mark-sweep generation total 393216K, used 0K [0x00000000e8000000, 0x0000000100000000, 0x0000000100000000)
 Metaspace       used 20680K, capacity 21010K, committed 21248K, reserved 1069056K
  class space    used 2402K, capacity 2516K, committed 2560K, reserved 1048576K
2016-11-21T09:19:17.406+0100: 1,685: [GC (Allocation Failure) 2016-11-21T09:19:17.406+0100: 1,685: [ParNew
Desired survivor size 20112992 bytes, new threshold 8 (max 8)
- age   1:    3753360 bytes,    3753360 total
- age   2:    5928656 bytes,    9682016 total
: 98722K->12485K(109248K), 0,0233774 secs] 98722K->12485K(502464K), 0,0234528 secs] [Times: user=0,07 sys=0,00, real=0,02 secs] 
Heap after GC invocations=2 (full 0):
 par new generation   total 109248K, used 12485K [0x00000000e0000000, 0x00000000e8000000, 0x00000000e8000000)
  eden space 87424K,   0% used [0x00000000e0000000, 0x00000000e0000000, 0x00000000e5560000)
  from space 21824K,  57% used [0x00000000e5560000, 0x00000000e6191430, 0x00000000e6ab0000)
  to   space 21824K,   0% used [0x00000000e6ab0000, 0x00000000e6ab0000, 0x00000000e8000000)
 concurrent mark-sweep generation total 393216K, used 0K [0x00000000e8000000, 0x0000000100000000, 0x0000000100000000)
 Metaspace       used 20680K, capacity 21010K, committed 21248K, reserved 1069056K
  class space    used 2402K, capacity 2516K, committed 2560K, reserved 1048576K
}
2016-11-21T09:19:17.429+0100: 1,709: Total time for which application threads were stopped: 0,0236967 seconds, Stopping threads took: 0,0000377 seconds
2016-11-21T09:19:17.513+0100: 1,792: Total time for which application threads were stopped: 0,0000804 seconds, Stopping threads took: 0,0000161 seconds
2016-11-21T09:19:17.551+0100: 1,831: Total time for which application threads were stopped: 0,0002947 seconds, Stopping threads took: 0,0000179 seconds
2016-11-21T09:19:17.560+0100: 1,840: Total time for which application threads were stopped: 0,0002101 seconds, Stopping threads took: 0,0000349 seconds
2016-11-21T09:19:17.612+0100: 1,892: Total time for which application threads were stopped: 0,0001054 seconds, Stopping threads took: 0,0000271 seconds
2016-11-21T09:19:17.700+0100: 1,979: Total time for which application threads were stopped: 0,0000974 seconds, Stopping threads took: 0,0000134 seconds
2016-11-21T09:19:17.752+0100: 2,032: Total time for which application threads were stopped: 0,0000863 seconds, Stopping threads took: 0,0000196 seconds
2016-11-21T09:19:17.775+0100: 2,054: Total time for which application threads were stopped: 0,0003488 seconds, Stopping threads took: 0,0000188 seconds
2016-11-21T09:19:17.786+0100: 2,066: Total time for which application threads were stopped: 0,0002996 seconds, Stopping threads took: 0,0000282 seconds
2016-11-21T09:19:17.794+0100: 2,074: Total time for which application threads were stopped: 0,0001000 seconds, Stopping threads took: 0,0000199 seconds
2016-11-21T09:19:17.841+0100: 2,120: Total time for which application threads were stopped: 0,0000896 seconds, Stopping threads took: 0,0000199 seconds
2016-11-21T09:19:17.860+0100: 2,140: Total time for which application threads were stopped: 0,0001028 seconds, Stopping threads took: 0,0000305 seconds
2016-11-21T09:19:17.951+0100: 2,231: Total time for which application threads were stopped: 0,0001100 seconds, Stopping threads took: 0,0000202 seconds
2016-11-21T09:19:18.019+0100: 2,298: Total time for which application threads were stopped: 0,0001229 seconds, Stopping threads took: 0,0000239 seconds
2016-11-21T09:19:18.088+0100: 2,368: Total time for which application threads were stopped: 0,0001312 seconds, Stopping threads took: 0,0000346 seconds
2016-11-21T09:19:18.155+0100: 2,435: Total time for which application threads were stopped: 0,0001141 seconds, Stopping threads took: 0,0000359 seconds
{Heap before GC invocations=2 (full 0):
 par new generation   total 109248K, used 99909K [0x00000000e0000000, 0x00000000e8000000, 0x00000000e8000000)
  eden space 87424K, 100% used [0x00000000e0000000, 0x00000000e5560000, 0x00000000e5560000)
  from space 21824K,  57% used [0x00000000e5560000, 0x00000000e6191430, 0x00000000e6ab0000)
  to   space 21824K,   0% used [0x00000000e6ab0000, 0x00000000e6ab0000, 0x00000000e8000000)
 concurrent mark-sweep generation total 393216K, used 0K [0x00000000e8000000, 0x0000000100000000, 0x0000000100000000)
 Metaspace       used 24456K, capacity 24830K, committed 25204K, reserved 1071104K
  class space    used 2869K, capacity 3020K, committed 3092K, reserved 1048576K
2016-11-21T09:19:18.157+0100: 2,437: [GC (Allocation Failure) 2016-11-21T09:19:18.158+0100: 2,437: [ParNew
Desired survivor size 20112992 bytes, new threshold 8 (max 8)
- age   1:    4529504 bytes,    4529504 total
- age   2:     702856 bytes,    5232360 total
- age   3:    5921520 bytes,   11153880 total
: 99909K->13323K(109248K), 0,0100177 secs] 99909K->13323K(502464K), 0,0100894 secs] [Times: user=0,03 sys=0,00, real=0,01 secs] 
Heap after GC invocations=3 (full 0):
 par new generation   total 109248K, used 13323K [0x00000000e0000000, 0x00000000e8000000, 0x00000000e8000000)
  eden space 87424K,   0% used [0x00000000e0000000, 0x00000000e0000000, 0x00000000e5560000)
  from space 21824K,  61% used [0x00000000e6ab0000, 0x00000000e77b2c30, 0x00000000e8000000)
  to   space 21824K,   0% used [0x00000000e5560000, 0x00000000e5560000, 0x00000000e6ab0000)
 concurrent mark-sweep generation total 393216K, used 0K [0x00000000e8000000, 0x0000000100000000, 0x0000000100000000)
 Metaspace       used 24456K, capacity 24830K, committed 25204K, reserved 1071104K
  class space    used 2869K, capacity 3020K, committed 3092K, reserved 1048576K
}
2016-11-21T09:19:18.168+0100: 2,447: Total time for which application threads were stopped: 0,0103157 seconds, Stopping threads took: 0,0000188 seconds
2016-11-21T09:19:18.168+0100: 2,447: [GC (CMS Initial Mark) [1 CMS-initial-mark: 0K(393216K)] 13345K(502464K), 0,0194859 secs] [Times: user=0,01 sys=0,00, real=0,02 secs] 
2016-11-21T09:19:18.187+0100: 2,467: Total time for which application threads were stopped: 0,0196137 seconds, Stopping threads took: 0,0000318 seconds
2016-11-21T09:19:18.187+0100: 2,467: [CMS-concurrent-mark-start]
2016-11-21T09:19:18.189+0100: 2,468: [CMS-concurrent-mark: 0,001/0,001 secs] [Times: user=0,00 sys=0,00, real=0,00 secs] 
2016-11-21T09:19:18.189+0100: 2,468: [CMS-concurrent-preclean-start]
2016-11-21T09:19:18.190+0100: 2,470: [CMS-concurrent-preclean: 0,001/0,001 secs] [Times: user=0,01 sys=0,00, real=0,00 secs] 
2016-11-21T09:19:18.190+0100: 2,470: [GC (CMS Final Remark) [YG occupancy: 14726 K (109248 K)]{Heap before GC invocations=3 (full 1):
 par new generation   total 109248K, used 14726K [0x00000000e0000000, 0x00000000e8000000, 0x00000000e8000000)
  eden space 87424K,   1% used [0x00000000e0000000, 0x00000000e015ec40, 0x00000000e5560000)
  from space 21824K,  61% used [0x00000000e6ab0000, 0x00000000e77b2c30, 0x00000000e8000000)
  to   space 21824K,   0% used [0x00000000e5560000, 0x00000000e5560000, 0x00000000e6ab0000)
 concurrent mark-sweep generation total 393216K, used 0K [0x00000000e8000000, 0x0000000100000000, 0x0000000100000000)
 Metaspace       used 24490K, capacity 24830K, committed 25204K, reserved 1071104K
  class space    used 2870K, capacity 3020K, committed 3092K, reserved 1048576K
2016-11-21T09:19:18.190+0100: 2,470: [GC (CMS Final Remark) 2016-11-21T09:19:18.190+0100: 2,470: [ParNew
Desired survivor size 20112992 bytes, new threshold 8 (max 8)
- age   1:      21464 bytes,      21464 total
- age   2:    1228448 bytes,    1249912 total
- age   3:     693112 bytes,    1943024 total
- age   4:    5920840 bytes,    7863864 total
: 14726K->14252K(109248K), 0,0185733 secs] 14726K->14252K(502464K), 0,0186126 secs] [Times: user=0,03 sys=0,00, real=0,02 secs] 
Heap after GC invocations=4 (full 1):
 par new generation   total 109248K, used 14252K [0x00000000e0000000, 0x00000000e8000000, 0x00000000e8000000)
  eden space 87424K,   0% used [0x00000000e0000000, 0x00000000e0000000, 0x00000000e5560000)
  from space 21824K,  65% used [0x00000000e5560000, 0x00000000e634b1f0, 0x00000000e6ab0000)
  to   space 21824K,   0% used [0x00000000e6ab0000, 0x00000000e6ab0000, 0x00000000e8000000)
 concurrent mark-sweep generation total 393216K, used 0K [0x00000000e8000000, 0x0000000100000000, 0x0000000100000000)
 Metaspace       used 24490K, capacity 24830K, committed 25204K, reserved 1071104K
  class space    used 2870K, capacity 3020K, committed 3092K, reserved 1048576K
}
2016-11-21T09:19:18.209+0100: 2,488: [Rescan (parallel) , 0,0043441 secs]2016-11-21T09:19:18.213+0100: 2,493: [weak refs processing, 0,0015520 secs]2016-11-21T09:19:18.215+0100: 2,494: [class unloading, 0,0040084 secs]2016-11-21T09:19:18.219+0100: 2,498: [scrub symbol table, 0,0054176 secs]2016-11-21T09:19:18.224+0100: 2,504: [scrub string table, 0,0004849 secs][1 CMS-remark: 0K(393216K)] 14252K(502464K), 0,0353583 secs] [Times: user=0,06 sys=0,00, real=0,04 secs] 
2016-11-21T09:19:18.226+0100: 2,505: Total time for which application threads were stopped: 0,0354724 seconds, Stopping threads took: 0,0000393 seconds
2016-11-21T09:19:18.226+0100: 2,505: [CMS-concurrent-sweep-start]
2016-11-21T09:19:18.226+0100: 2,505: [CMS-concurrent-sweep: 0,000/0,000 secs] [Times: user=0,00 sys=0,00, real=0,00 secs] 
2016-11-21T09:19:18.226+0100: 2,505: [CMS-concurrent-reset-start]
2016-11-21T09:19:18.227+0100: 2,507: [CMS-concurrent-reset: 0,002/0,002 secs] [Times: user=0,00 sys=0,00, real=0,00 secs] 
2016-11-21T09:19:18.307+0100: 2,587: Total time for which application threads were stopped: 0,0002963 seconds, Stopping threads took: 0,0000137 seconds
2016-11-21T09:19:19.307+0100: 3,587: Total time for which application threads were stopped: 0,0000979 seconds, Stopping threads took: 0,0000173 seconds
2016-11-21T09:19:19.767+0100: 4,046: Total time for which application threads were stopped: 0,0003020 seconds, Stopping threads took: 0,0000147 seconds
2016-11-21T09:19:46.776+0100: 31,055: Total time for which application threads were stopped: 0,0000751 seconds, Stopping threads took: 0,0000329 seconds
2016-11-21T09:21:56.798+0100: 161,078: Total time for which application threads were stopped: 0,0000759 seconds, Stopping threads took: 0,0000323 seconds
2016-11-21T09:22:01.799+0100: 166,078: Total time for which application threads were stopped: 0,0000746 seconds, Stopping threads took: 0,0000296 seconds
2016-11-21T09:23:11.810+0100: 236,089: Total time for which application threads were stopped: 0,0001101 seconds, Stopping threads took: 0,0000442 seconds
2016-11-21T09:24:01.818+0100: 286,097: Total time for which application threads were stopped: 0,0000810 seconds, Stopping threads took: 0,0000349 seconds
2016-11-21T09:42:56.960+0100: 1421,240: Total time for which application threads were stopped: 0,0001645 seconds, Stopping threads took: 0,0000661 seconds
2016-11-21T09:53:07.037+0100: 2031,316: Total time for which application threads were stopped: 0,0000959 seconds, Stopping threads took: 0,0000406 seconds
2016-11-21T09:57:52.076+0100: 2316,355: Total time for which application threads were stopped: 0,0001562 seconds, Stopping threads took: 0,0000612 seconds
2016-11-21T09:57:57.077+0100: 2321,356: Total time for which application threads were stopped: 0,0001233 seconds, Stopping threads took: 0,0000292 seconds
2016-11-21T10:00:27.102+0100: 2471,382: Total time for which application threads were stopped: 0,0000905 seconds, Stopping threads took: 0,0000341 seconds
2016-11-21T10:01:47.116+0100: 2551,395: Total time for which application threads were stopped: 0,0000933 seconds, Stopping threads took: 0,0000347 seconds
2016-11-21T10:12:32.222+0100: 3196,501: Total time for which application threads were stopped: 0,0001626 seconds, Stopping threads took: 0,0000649 seconds
2016-11-21T10:17:17.269+0100: 3481,549: Total time for which application threads were stopped: 0,0000726 seconds, Stopping threads took: 0,0000292 seconds
2016-11-21T10:23:06.321+0100: 3830,600: Total time for which application threads were stopped: 0,0000994 seconds, Stopping threads took: 0,0000384 seconds
2016-11-21T10:23:11.322+0100: 3835,601: Total time for which application threads were stopped: 0,0000624 seconds, Stopping threads took: 0,0000151 seconds
2016-11-21T10:26:17.348+0100: 4021,628: Total time for which application threads were stopped: 0,0001001 seconds, Stopping threads took: 0,0000411 seconds
2016-11-21T11:03:17.672+0100: 6241,951: Total time for which application threads were stopped: 0,0001526 seconds, Stopping threads took: 0,0000618 seconds
2016-11-21T11:04:22.683+0100: 6306,962: Total time for which application threads were stopped: 0,0001491 seconds, Stopping threads took: 0,0000559 seconds
2016-11-21T11:05:07.691+0100: 6351,970: Total time for which application threads were stopped: 0,0000888 seconds, Stopping threads took: 0,0000353 seconds
2016-11-21T11:24:16.860+0100: 7501,140: Total time for which application threads were stopped: 0,0000936 seconds, Stopping threads took: 0,0000357 seconds
2016-11-21T11:24:46.864+0100: 7531,143: Total time for which application threads were stopped: 0,0000776 seconds, Stopping threads took: 0,0000339 seconds
2016-11-21T11:27:16.883+0100: 7681,163: Total time for which application threads were stopped: 0,0000842 seconds, Stopping threads took: 0,0000339 seconds
2016-11-21T11:27:46.888+0100: 7711,167: Total time for which application threads were stopped: 0,0007759 seconds, Stopping threads took: 0,0004418 seconds
2016-11-21T17:57:31.205+0100: 15360,805: Total time for which application threads were stopped: 0,0004861 seconds, Stopping threads took: 0,0001791 seconds
2016-11-21T17:59:01.216+0100: 15450,816: Total time for which application threads were stopped: 0,0000741 seconds, Stopping threads took: 0,0000312 seconds
2016-11-21T18:48:23.116+0100: 18412,716: Total time for which application threads were stopped: 0,0017697 seconds, Stopping threads took: 0,0006219 seconds
Heap
 par new generation   total 109248K, used 59064K [0x00000000e0000000, 0x00000000e8000000, 0x00000000e8000000)
  eden space 87424K,  51% used [0x00000000e0000000, 0x00000000e2bc3070, 0x00000000e5560000)
  from space 21824K,  65% used [0x00000000e5560000, 0x00000000e634b1f0, 0x00000000e6ab0000)
  to   space 21824K,   0% used [0x00000000e6ab0000, 0x00000000e6ab0000, 0x00000000e8000000)
 concurrent mark-sweep generation total 393216K, used 0K [0x00000000e8000000, 0x0000000100000000, 0x0000000100000000)
 Metaspace       used 27168K, capacity 27598K, committed 27924K, reserved 1073152K
  class space    used 3161K, capacity 3320K, committed 3348K, reserved 1048576K
