OpenJDK 64-Bit Server VM (25.91-b14) for linux-amd64 JRE (1.8.0_91-8u91-b14-3ubuntu1~16.04.1-b14), built on Jul 21 2016 04:13:34 by "buildd" with gcc 5.3.1 20160413
Memory: 4k page, physical 7867896k(7517468k free), swap 8076284k(8076284k free)
CommandLine flags: -XX:CMSInitiatingOccupancyFraction=50 -XX:CMSMaxAbortablePrecleanTime=6000 -XX:+CMSParallelRemarkEnabled -XX:+CMSScavengeBeforeRemark -XX:ConcGCThreads=4 -XX:InitialHeapSize=536870912 -XX:MaxHeapSize=536870912 -XX:MaxTenuringThreshold=8 -XX:NewRatio=3 -XX:OldPLABSize=16 -XX:OnOutOfMemoryError=/opt/solr/bin/oom_solr.sh 8983 /var/solr/logs -XX:ParallelGCThreads=4 -XX:+ParallelRefProcEnabled -XX:PretenureSizeThreshold=67108864 -XX:+PrintGC -XX:+PrintGCApplicationStoppedTime -XX:+PrintGCDateStamps -XX:+PrintGCDetails -XX:+PrintGCTimeStamps -XX:+PrintHeapAtGC -XX:+PrintTenuringDistribution -XX:SurvivorRatio=4 -XX:TargetSurvivorRatio=90 -XX:ThreadStackSize=256 -XX:+UseCMSInitiatingOccupancyOnly -XX:+UseCompressedClassPointers -XX:+UseCompressedOops -XX:+UseConcMarkSweepGC -XX:+UseParNewGC 
2016-10-21T08:08:15.458+0200: 0,134: Total time for which application threads were stopped: 0,0000696 seconds, Stopping threads took: 0,0000132 seconds
2016-10-21T08:08:15.550+0200: 0,226: Total time for which application threads were stopped: 0,0001064 seconds, Stopping threads took: 0,0000129 seconds
2016-10-21T08:08:15.578+0200: 0,254: Total time for which application threads were stopped: 0,0000802 seconds, Stopping threads took: 0,0000155 seconds
2016-10-21T08:08:15.733+0200: 0,409: Total time for which application threads were stopped: 0,0001228 seconds, Stopping threads took: 0,0000139 seconds
2016-10-21T08:08:15.923+0200: 0,599: Total time for which application threads were stopped: 0,0001267 seconds, Stopping threads took: 0,0000120 seconds
2016-10-21T08:08:15.987+0200: 0,663: Total time for which application threads were stopped: 0,0001485 seconds, Stopping threads took: 0,0000128 seconds
2016-10-21T08:08:16.002+0200: 0,678: Total time for which application threads were stopped: 0,0001536 seconds, Stopping threads took: 0,0000228 seconds
2016-10-21T08:08:16.518+0200: 1,194: Total time for which application threads were stopped: 0,0002177 seconds, Stopping threads took: 0,0000175 seconds
2016-10-21T08:08:16.738+0200: 1,414: Total time for which application threads were stopped: 0,0002564 seconds, Stopping threads took: 0,0000186 seconds
2016-10-21T08:08:16.912+0200: 1,588: Total time for which application threads were stopped: 0,0001892 seconds, Stopping threads took: 0,0000118 seconds
2016-10-21T08:08:16.913+0200: 1,589: Total time for which application threads were stopped: 0,0001456 seconds, Stopping threads took: 0,0000080 seconds
2016-10-21T08:08:16.933+0200: 1,609: Total time for which application threads were stopped: 0,0003516 seconds, Stopping threads took: 0,0000572 seconds
2016-10-21T08:08:17.079+0200: 1,755: Total time for which application threads were stopped: 0,0002550 seconds, Stopping threads took: 0,0000239 seconds
2016-10-21T08:08:17.260+0200: 1,936: Total time for which application threads were stopped: 0,0002275 seconds, Stopping threads took: 0,0000385 seconds
{Heap before GC invocations=0 (full 0):
 par new generation   total 109248K, used 87424K [0x00000000e0000000, 0x00000000e8000000, 0x00000000e8000000)
  eden space 87424K, 100% used [0x00000000e0000000, 0x00000000e5560000, 0x00000000e5560000)
  from space 21824K,   0% used [0x00000000e5560000, 0x00000000e5560000, 0x00000000e6ab0000)
  to   space 21824K,   0% used [0x00000000e6ab0000, 0x00000000e6ab0000, 0x00000000e8000000)
 concurrent mark-sweep generation total 393216K, used 0K [0x00000000e8000000, 0x0000000100000000, 0x0000000100000000)
 Metaspace       used 17813K, capacity 18150K, committed 18304K, reserved 1064960K
  class space    used 2029K, capacity 2132K, committed 2176K, reserved 1048576K
2016-10-21T08:08:17.346+0200: 2,022: [GC (Allocation Failure) 2016-10-21T08:08:17.346+0200: 2,022: [ParNew
Desired survivor size 20112992 bytes, new threshold 8 (max 8)
- age   1:   11688104 bytes,   11688104 total
: 87424K->11534K(109248K), 0,0224057 secs] 87424K->11534K(502464K), 0,0226483 secs] [Times: user=0,05 sys=0,02, real=0,02 secs] 
Heap after GC invocations=1 (full 0):
 par new generation   total 109248K, used 11534K [0x00000000e0000000, 0x00000000e8000000, 0x00000000e8000000)
  eden space 87424K,   0% used [0x00000000e0000000, 0x00000000e0000000, 0x00000000e5560000)
  from space 21824K,  52% used [0x00000000e6ab0000, 0x00000000e75f39e8, 0x00000000e8000000)
  to   space 21824K,   0% used [0x00000000e5560000, 0x00000000e5560000, 0x00000000e6ab0000)
 concurrent mark-sweep generation total 393216K, used 0K [0x00000000e8000000, 0x0000000100000000, 0x0000000100000000)
 Metaspace       used 17813K, capacity 18150K, committed 18304K, reserved 1064960K
  class space    used 2029K, capacity 2132K, committed 2176K, reserved 1048576K
}
2016-10-21T08:08:17.369+0200: 2,045: Total time for which application threads were stopped: 0,0230579 seconds, Stopping threads took: 0,0001112 seconds
2016-10-21T08:08:17.595+0200: 2,271: Total time for which application threads were stopped: 0,0002971 seconds, Stopping threads took: 0,0000226 seconds
2016-10-21T08:08:17.626+0200: 2,302: Total time for which application threads were stopped: 0,0003367 seconds, Stopping threads took: 0,0000310 seconds
2016-10-21T08:08:17.656+0200: 2,332: Total time for which application threads were stopped: 0,0003536 seconds, Stopping threads took: 0,0000273 seconds
{Heap before GC invocations=1 (full 0):
 par new generation   total 109248K, used 98958K [0x00000000e0000000, 0x00000000e8000000, 0x00000000e8000000)
  eden space 87424K, 100% used [0x00000000e0000000, 0x00000000e5560000, 0x00000000e5560000)
  from space 21824K,  52% used [0x00000000e6ab0000, 0x00000000e75f39e8, 0x00000000e8000000)
  to   space 21824K,   0% used [0x00000000e5560000, 0x00000000e5560000, 0x00000000e6ab0000)
 concurrent mark-sweep generation total 393216K, used 0K [0x00000000e8000000, 0x0000000100000000, 0x0000000100000000)
 Metaspace       used 20686K, capacity 21026K, committed 21248K, reserved 1069056K
  class space    used 2400K, capacity 2519K, committed 2560K, reserved 1048576K
2016-10-21T08:08:17.846+0200: 2,522: [GC (Allocation Failure) 2016-10-21T08:08:17.846+0200: 2,522: [ParNew
Desired survivor size 20112992 bytes, new threshold 8 (max 8)
- age   1:    3269576 bytes,    3269576 total
- age   2:    5931064 bytes,    9200640 total
: 98958K->12571K(109248K), 0,0119245 secs] 98958K->12571K(502464K), 0,0120015 secs] [Times: user=0,04 sys=0,00, real=0,01 secs] 
Heap after GC invocations=2 (full 0):
 par new generation   total 109248K, used 12571K [0x00000000e0000000, 0x00000000e8000000, 0x00000000e8000000)
  eden space 87424K,   0% used [0x00000000e0000000, 0x00000000e0000000, 0x00000000e5560000)
  from space 21824K,  57% used [0x00000000e5560000, 0x00000000e61a6d60, 0x00000000e6ab0000)
  to   space 21824K,   0% used [0x00000000e6ab0000, 0x00000000e6ab0000, 0x00000000e8000000)
 concurrent mark-sweep generation total 393216K, used 0K [0x00000000e8000000, 0x0000000100000000, 0x0000000100000000)
 Metaspace       used 20686K, capacity 21026K, committed 21248K, reserved 1069056K
  class space    used 2400K, capacity 2519K, committed 2560K, reserved 1048576K
}
2016-10-21T08:08:17.858+0200: 2,534: Total time for which application threads were stopped: 0,0122542 seconds, Stopping threads took: 0,0000467 seconds
2016-10-21T08:08:17.910+0200: 2,586: Total time for which application threads were stopped: 0,0000849 seconds, Stopping threads took: 0,0000143 seconds
2016-10-21T08:08:17.948+0200: 2,624: Total time for which application threads were stopped: 0,0000861 seconds, Stopping threads took: 0,0000173 seconds
2016-10-21T08:08:17.949+0200: 2,624: Total time for which application threads were stopped: 0,0002358 seconds, Stopping threads took: 0,0000226 seconds
2016-10-21T08:08:17.999+0200: 2,675: Total time for which application threads were stopped: 0,0008403 seconds, Stopping threads took: 0,0007323 seconds
2016-10-21T08:08:18.029+0200: 2,705: Total time for which application threads were stopped: 0,0000919 seconds, Stopping threads took: 0,0000211 seconds
2016-10-21T08:08:18.053+0200: 2,729: Total time for which application threads were stopped: 0,0000948 seconds, Stopping threads took: 0,0000230 seconds
2016-10-21T08:08:18.057+0200: 2,733: Total time for which application threads were stopped: 0,0002914 seconds, Stopping threads took: 0,0000219 seconds
2016-10-21T08:08:18.084+0200: 2,760: Total time for which application threads were stopped: 0,0000763 seconds, Stopping threads took: 0,0000135 seconds
2016-10-21T08:08:18.109+0200: 2,785: Total time for which application threads were stopped: 0,0000916 seconds, Stopping threads took: 0,0000174 seconds
2016-10-21T08:08:18.125+0200: 2,801: Total time for which application threads were stopped: 0,0000914 seconds, Stopping threads took: 0,0000181 seconds
2016-10-21T08:08:18.142+0200: 2,818: Total time for which application threads were stopped: 0,0000776 seconds, Stopping threads took: 0,0000141 seconds
2016-10-21T08:08:18.169+0200: 2,845: Total time for which application threads were stopped: 0,0002011 seconds, Stopping threads took: 0,0001297 seconds
2016-10-21T08:08:18.194+0200: 2,870: Total time for which application threads were stopped: 0,0001975 seconds, Stopping threads took: 0,0000981 seconds
2016-10-21T08:08:18.247+0200: 2,923: Total time for which application threads were stopped: 0,0001115 seconds, Stopping threads took: 0,0000218 seconds
2016-10-21T08:08:18.279+0200: 2,955: Total time for which application threads were stopped: 0,0001203 seconds, Stopping threads took: 0,0000409 seconds
2016-10-21T08:08:18.304+0200: 2,980: Total time for which application threads were stopped: 0,0001489 seconds, Stopping threads took: 0,0000394 seconds
2016-10-21T08:08:18.332+0200: 3,008: Total time for which application threads were stopped: 0,0000945 seconds, Stopping threads took: 0,0000238 seconds
2016-10-21T08:08:18.360+0200: 3,036: Total time for which application threads were stopped: 0,0001223 seconds, Stopping threads took: 0,0000357 seconds
{Heap before GC invocations=2 (full 0):
 par new generation   total 109248K, used 99995K [0x00000000e0000000, 0x00000000e8000000, 0x00000000e8000000)
  eden space 87424K, 100% used [0x00000000e0000000, 0x00000000e5560000, 0x00000000e5560000)
  from space 21824K,  57% used [0x00000000e5560000, 0x00000000e61a6d60, 0x00000000e6ab0000)
  to   space 21824K,   0% used [0x00000000e6ab0000, 0x00000000e6ab0000, 0x00000000e8000000)
 concurrent mark-sweep generation total 393216K, used 0K [0x00000000e8000000, 0x0000000100000000, 0x0000000100000000)
 Metaspace       used 26030K, capacity 26430K, committed 26532K, reserved 1073152K
  class space    used 3039K, capacity 3189K, committed 3192K, reserved 1048576K
2016-10-21T08:08:18.388+0200: 3,064: [GC (Allocation Failure) 2016-10-21T08:08:18.388+0200: 3,064: [ParNew
Desired survivor size 20112992 bytes, new threshold 8 (max 8)
- age   1:    8029368 bytes,    8029368 total
- age   2:     567456 bytes,    8596824 total
- age   3:    5923120 bytes,   14519944 total
: 99995K->18078K(109248K), 0,0138503 secs] 99995K->18078K(502464K), 0,0139032 secs] [Times: user=0,04 sys=0,01, real=0,01 secs] 
Heap after GC invocations=3 (full 0):
 par new generation   total 109248K, used 18078K [0x00000000e0000000, 0x00000000e8000000, 0x00000000e8000000)
  eden space 87424K,   0% used [0x00000000e0000000, 0x00000000e0000000, 0x00000000e5560000)
  from space 21824K,  82% used [0x00000000e6ab0000, 0x00000000e7c579f0, 0x00000000e8000000)
  to   space 21824K,   0% used [0x00000000e5560000, 0x00000000e5560000, 0x00000000e6ab0000)
 concurrent mark-sweep generation total 393216K, used 0K [0x00000000e8000000, 0x0000000100000000, 0x0000000100000000)
 Metaspace       used 26030K, capacity 26430K, committed 26532K, reserved 1073152K
  class space    used 3039K, capacity 3189K, committed 3192K, reserved 1048576K
}
2016-10-21T08:08:18.402+0200: 3,078: Total time for which application threads were stopped: 0,0141075 seconds, Stopping threads took: 0,0000199 seconds
2016-10-21T08:08:18.402+0200: 3,078: [GC (CMS Initial Mark) [1 CMS-initial-mark: 0K(393216K)] 18093K(502464K), 0,0037910 secs] [Times: user=0,01 sys=0,00, real=0,01 secs] 
2016-10-21T08:08:18.406+0200: 3,082: Total time for which application threads were stopped: 0,0039186 seconds, Stopping threads took: 0,0000302 seconds
2016-10-21T08:08:18.406+0200: 3,082: [CMS-concurrent-mark-start]
2016-10-21T08:08:18.410+0200: 3,086: [CMS-concurrent-mark: 0,004/0,004 secs] [Times: user=0,02 sys=0,00, real=0,00 secs] 
2016-10-21T08:08:18.410+0200: 3,086: Total time for which application threads were stopped: 0,0001576 seconds, Stopping threads took: 0,0000312 seconds
2016-10-21T08:08:18.410+0200: 3,086: [CMS-concurrent-preclean-start]
2016-10-21T08:08:18.411+0200: 3,087: [CMS-concurrent-preclean: 0,001/0,001 secs] [Times: user=0,00 sys=0,00, real=0,00 secs] 
2016-10-21T08:08:18.412+0200: 3,088: [GC (CMS Final Remark) [YG occupancy: 19499 K (109248 K)]{Heap before GC invocations=3 (full 1):
 par new generation   total 109248K, used 19499K [0x00000000e0000000, 0x00000000e8000000, 0x00000000e8000000)
  eden space 87424K,   1% used [0x00000000e0000000, 0x00000000e0163468, 0x00000000e5560000)
  from space 21824K,  82% used [0x00000000e6ab0000, 0x00000000e7c579f0, 0x00000000e8000000)
  to   space 21824K,   0% used [0x00000000e5560000, 0x00000000e5560000, 0x00000000e6ab0000)
 concurrent mark-sweep generation total 393216K, used 0K [0x00000000e8000000, 0x0000000100000000, 0x0000000100000000)
 Metaspace       used 26134K, capacity 26558K, committed 26864K, reserved 1073152K
  class space    used 3045K, capacity 3189K, committed 3192K, reserved 1048576K
2016-10-21T08:08:18.412+0200: 3,088: [GC (CMS Final Remark) 2016-10-21T08:08:18.412+0200: 3,088: [ParNew
Desired survivor size 20112992 bytes, new threshold 8 (max 8)
- age   1:     132352 bytes,     132352 total
- age   2:    3360528 bytes,    3492880 total
- age   3:     567456 bytes,    4060336 total
- age   4:    5921712 bytes,    9982048 total
: 19499K->14907K(109248K), 0,0146232 secs] 19499K->14907K(502464K), 0,0146570 secs] [Times: user=0,06 sys=0,00, real=0,02 secs] 
Heap after GC invocations=4 (full 1):
 par new generation   total 109248K, used 14907K [0x00000000e0000000, 0x00000000e8000000, 0x00000000e8000000)
  eden space 87424K,   0% used [0x00000000e0000000, 0x00000000e0000000, 0x00000000e5560000)
  from space 21824K,  68% used [0x00000000e5560000, 0x00000000e63eee50, 0x00000000e6ab0000)
  to   space 21824K,   0% used [0x00000000e6ab0000, 0x00000000e6ab0000, 0x00000000e8000000)
 concurrent mark-sweep generation total 393216K, used 0K [0x00000000e8000000, 0x0000000100000000, 0x0000000100000000)
 Metaspace       used 26134K, capacity 26558K, committed 26864K, reserved 1073152K
  class space    used 3045K, capacity 3189K, committed 3192K, reserved 1048576K
}
2016-10-21T08:08:18.426+0200: 3,102: [Rescan (parallel) , 0,0042065 secs]2016-10-21T08:08:18.431+0200: 3,107: [weak refs processing, 0,0008892 secs]2016-10-21T08:08:18.432+0200: 3,107: [class unloading, 0,0030949 secs]2016-10-21T08:08:18.435+0200: 3,111: [scrub symbol table, 0,0035307 secs]2016-10-21T08:08:18.438+0200: 3,114: [scrub string table, 0,0003785 secs][1 CMS-remark: 0K(393216K)] 14907K(502464K), 0,0274258 secs] [Times: user=0,08 sys=0,00, real=0,03 secs] 
2016-10-21T08:08:18.439+0200: 3,115: Total time for which application threads were stopped: 0,0276170 seconds, Stopping threads took: 0,0001163 seconds
2016-10-21T08:08:18.439+0200: 3,115: [CMS-concurrent-sweep-start]
2016-10-21T08:08:18.439+0200: 3,115: [CMS-concurrent-sweep: 0,000/0,000 secs] [Times: user=0,00 sys=0,00, real=0,00 secs] 
2016-10-21T08:08:18.439+0200: 3,115: [CMS-concurrent-reset-start]
2016-10-21T08:08:18.441+0200: 3,117: [CMS-concurrent-reset: 0,002/0,002 secs] [Times: user=0,01 sys=0,00, real=0,00 secs] 
2016-10-21T08:08:19.369+0200: 4,045: Total time for which application threads were stopped: 0,0003214 seconds, Stopping threads took: 0,0000191 seconds
2016-10-21T08:08:46.906+0200: 32,048: Total time for which application threads were stopped: 0,0000590 seconds, Stopping threads took: 0,0000156 seconds
2016-10-21T08:10:56.919+0200: 162,061: Total time for which application threads were stopped: 0,0001661 seconds, Stopping threads took: 0,0000615 seconds
2016-10-21T08:11:01.921+0200: 167,062: Total time for which application threads were stopped: 0,0004775 seconds, Stopping threads took: 0,0001315 seconds
2016-10-21T08:11:05.921+0200: 171,063: Total time for which application threads were stopped: 0,0000759 seconds, Stopping threads took: 0,0000157 seconds
2016-10-21T08:11:10.922+0200: 176,064: Total time for which application threads were stopped: 0,0000623 seconds, Stopping threads took: 0,0000157 seconds
2016-10-21T08:11:15.923+0200: 181,064: Total time for which application threads were stopped: 0,0000796 seconds, Stopping threads took: 0,0000204 seconds
2016-10-21T08:12:06.928+0200: 232,070: Total time for which application threads were stopped: 0,0000928 seconds, Stopping threads took: 0,0000358 seconds
2016-10-21T08:12:11.929+0200: 237,071: Total time for which application threads were stopped: 0,0000633 seconds, Stopping threads took: 0,0000163 seconds
2016-10-21T08:12:35.931+0200: 261,073: Total time for which application threads were stopped: 0,0000819 seconds, Stopping threads took: 0,0000335 seconds
2016-10-21T08:12:45.932+0200: 271,074: Total time for which application threads were stopped: 0,0000734 seconds, Stopping threads took: 0,0000157 seconds
2016-10-21T08:13:01.934+0200: 287,075: Total time for which application threads were stopped: 0,0000778 seconds, Stopping threads took: 0,0000319 seconds
2016-10-21T08:31:56.091+0200: 1421,232: Total time for which application threads were stopped: 0,0001799 seconds, Stopping threads took: 0,0000704 seconds
2016-10-21T08:36:31.122+0200: 1696,264: Total time for which application threads were stopped: 0,0000880 seconds, Stopping threads took: 0,0000339 seconds
2016-10-21T08:38:57.945+0200: 1843,086: Total time for which application threads were stopped: 0,0001466 seconds, Stopping threads took: 0,0000250 seconds
Heap
 par new generation   total 109248K, used 46938K [0x00000000e0000000, 0x00000000e8000000, 0x00000000e8000000)
  eden space 87424K,  36% used [0x00000000e0000000, 0x00000000e1f47a00, 0x00000000e5560000)
  from space 21824K,  68% used [0x00000000e5560000, 0x00000000e63eee50, 0x00000000e6ab0000)
  to   space 21824K,   0% used [0x00000000e6ab0000, 0x00000000e6ab0000, 0x00000000e8000000)
 concurrent mark-sweep generation total 393216K, used 0K [0x00000000e8000000, 0x0000000100000000, 0x0000000100000000)
 Metaspace       used 27028K, capacity 27498K, committed 27760K, reserved 1073152K
  class space    used 3153K, capacity 3287K, committed 3320K, reserved 1048576K
