OpenJDK 64-Bit Server VM (25.131-b11) for linux-amd64 JRE (1.8.0_131-8u131-b11-0ubuntu1.16.04.2-b11), built on May  6 2017 02:45:27 by "buildd" with gcc 5.4.0 20160609
Memory: 4k page, physical 7867740k(7405992k free), swap 8076284k(8076284k free)
CommandLine flags: -XX:CMSInitiatingOccupancyFraction=50 -XX:CMSMaxAbortablePrecleanTime=6000 -XX:+CMSParallelRemarkEnabled -XX:+CMSScavengeBeforeRemark -XX:ConcGCThreads=4 -XX:InitialHeapSize=536870912 -XX:MaxHeapSize=536870912 -XX:MaxTenuringThreshold=8 -XX:NewRatio=3 -XX:OldPLABSize=16 -XX:OnOutOfMemoryError=/opt/solr/bin/oom_solr.sh 8983 /var/solr/logs -XX:ParallelGCThreads=4 -XX:+ParallelRefProcEnabled -XX:PretenureSizeThreshold=67108864 -XX:+PrintGC -XX:+PrintGCApplicationStoppedTime -XX:+PrintGCDateStamps -XX:+PrintGCDetails -XX:+PrintGCTimeStamps -XX:+PrintHeapAtGC -XX:+PrintTenuringDistribution -XX:SurvivorRatio=4 -XX:TargetSurvivorRatio=90 -XX:ThreadStackSize=256 -XX:+UseCMSInitiatingOccupancyOnly -XX:+UseCompressedClassPointers -XX:+UseCompressedOops -XX:+UseConcMarkSweepGC -XX:+UseParNewGC 
2017-06-05T22:52:29.898+0200: 0,138: Total time for which application threads were stopped: 0,0000997 seconds, Stopping threads took: 0,0000132 seconds
2017-06-05T22:52:29.991+0200: 0,231: Total time for which application threads were stopped: 0,0001255 seconds, Stopping threads took: 0,0000200 seconds
2017-06-05T22:52:30.005+0200: 0,245: Total time for which application threads were stopped: 0,0000696 seconds, Stopping threads took: 0,0000090 seconds
2017-06-05T22:52:30.218+0200: 0,458: Total time for which application threads were stopped: 0,0001504 seconds, Stopping threads took: 0,0000150 seconds
2017-06-05T22:52:30.645+0200: 0,885: Total time for which application threads were stopped: 0,0001625 seconds, Stopping threads took: 0,0000239 seconds
2017-06-05T22:52:30.782+0200: 1,022: Total time for which application threads were stopped: 0,0002165 seconds, Stopping threads took: 0,0000326 seconds
2017-06-05T22:52:30.808+0200: 1,048: Total time for which application threads were stopped: 0,0002104 seconds, Stopping threads took: 0,0000279 seconds
2017-06-05T22:52:31.075+0200: 1,315: Total time for which application threads were stopped: 0,0002255 seconds, Stopping threads took: 0,0000287 seconds
2017-06-05T22:52:31.285+0200: 1,525: Total time for which application threads were stopped: 0,0002170 seconds, Stopping threads took: 0,0000397 seconds
2017-06-05T22:52:31.312+0200: 1,552: Total time for which application threads were stopped: 0,0001984 seconds, Stopping threads took: 0,0000254 seconds
2017-06-05T22:52:31.344+0200: 1,584: Total time for which application threads were stopped: 0,0001814 seconds, Stopping threads took: 0,0000182 seconds
2017-06-05T22:52:31.345+0200: 1,585: Total time for which application threads were stopped: 0,0001131 seconds, Stopping threads took: 0,0000067 seconds
2017-06-05T22:52:31.364+0200: 1,604: Total time for which application threads were stopped: 0,0008641 seconds, Stopping threads took: 0,0000836 seconds
2017-06-05T22:52:31.468+0200: 1,708: Total time for which application threads were stopped: 0,0001836 seconds, Stopping threads took: 0,0000121 seconds
2017-06-05T22:52:31.650+0200: 1,890: Total time for which application threads were stopped: 0,0006370 seconds, Stopping threads took: 0,0004189 seconds
{Heap before GC invocations=0 (full 0):
 par new generation   total 109248K, used 87424K [0x00000000e0000000, 0x00000000e8000000, 0x00000000e8000000)
  eden space 87424K, 100% used [0x00000000e0000000, 0x00000000e5560000, 0x00000000e5560000)
  from space 21824K,   0% used [0x00000000e5560000, 0x00000000e5560000, 0x00000000e6ab0000)
  to   space 21824K,   0% used [0x00000000e6ab0000, 0x00000000e6ab0000, 0x00000000e8000000)
 concurrent mark-sweep generation total 393216K, used 0K [0x00000000e8000000, 0x0000000100000000, 0x0000000100000000)
 Metaspace       used 18034K, capacity 18336K, committed 18688K, reserved 1064960K
  class space    used 2039K, capacity 2196K, committed 2304K, reserved 1048576K
2017-06-05T22:52:31.745+0200: 1,985: [GC (Allocation Failure) 2017-06-05T22:52:31.745+0200: 1,985: [ParNew
Desired survivor size 20112992 bytes, new threshold 8 (max 8)
- age   1:   12610368 bytes,   12610368 total
: 87424K->12435K(109248K), 0,0169361 secs] 87424K->12435K(502464K), 0,0170076 secs] [Times: user=0,06 sys=0,00, real=0,02 secs] 
Heap after GC invocations=1 (full 0):
 par new generation   total 109248K, used 12435K [0x00000000e0000000, 0x00000000e8000000, 0x00000000e8000000)
  eden space 87424K,   0% used [0x00000000e0000000, 0x00000000e0000000, 0x00000000e5560000)
  from space 21824K,  56% used [0x00000000e6ab0000, 0x00000000e76d4df0, 0x00000000e8000000)
  to   space 21824K,   0% used [0x00000000e5560000, 0x00000000e5560000, 0x00000000e6ab0000)
 concurrent mark-sweep generation total 393216K, used 0K [0x00000000e8000000, 0x0000000100000000, 0x0000000100000000)
 Metaspace       used 18034K, capacity 18336K, committed 18688K, reserved 1064960K
  class space    used 2039K, capacity 2196K, committed 2304K, reserved 1048576K
}
2017-06-05T22:52:31.762+0200: 2,002: Total time for which application threads were stopped: 0,0173272 seconds, Stopping threads took: 0,0001267 seconds
2017-06-05T22:52:32.048+0200: 2,288: Total time for which application threads were stopped: 0,0003940 seconds, Stopping threads took: 0,0000659 seconds
2017-06-05T22:52:32.093+0200: 2,333: Total time for which application threads were stopped: 0,0004213 seconds, Stopping threads took: 0,0000736 seconds
{Heap before GC invocations=1 (full 0):
 par new generation   total 109248K, used 99859K [0x00000000e0000000, 0x00000000e8000000, 0x00000000e8000000)
  eden space 87424K, 100% used [0x00000000e0000000, 0x00000000e5560000, 0x00000000e5560000)
  from space 21824K,  56% used [0x00000000e6ab0000, 0x00000000e76d4df0, 0x00000000e8000000)
  to   space 21824K,   0% used [0x00000000e5560000, 0x00000000e5560000, 0x00000000e6ab0000)
 concurrent mark-sweep generation total 393216K, used 0K [0x00000000e8000000, 0x0000000100000000, 0x0000000100000000)
 Metaspace       used 20036K, capacity 20368K, committed 20736K, reserved 1067008K
  class space    used 2297K, capacity 2470K, committed 2560K, reserved 1048576K
2017-06-05T22:52:32.098+0200: 2,338: [GC (Allocation Failure) 2017-06-05T22:52:32.098+0200: 2,338: [ParNew
Desired survivor size 20112992 bytes, new threshold 8 (max 8)
- age   1:    3734208 bytes,    3734208 total
- age   2:    6662128 bytes,   10396336 total
: 99859K->15678K(109248K), 0,0099755 secs] 99859K->15678K(502464K), 0,0100461 secs] [Times: user=0,03 sys=0,00, real=0,00 secs] 
Heap after GC invocations=2 (full 0):
 par new generation   total 109248K, used 15678K [0x00000000e0000000, 0x00000000e8000000, 0x00000000e8000000)
  eden space 87424K,   0% used [0x00000000e0000000, 0x00000000e0000000, 0x00000000e5560000)
  from space 21824K,  71% used [0x00000000e5560000, 0x00000000e64afa00, 0x00000000e6ab0000)
  to   space 21824K,   0% used [0x00000000e6ab0000, 0x00000000e6ab0000, 0x00000000e8000000)
 concurrent mark-sweep generation total 393216K, used 0K [0x00000000e8000000, 0x0000000100000000, 0x0000000100000000)
 Metaspace       used 20036K, capacity 20368K, committed 20736K, reserved 1067008K
  class space    used 2297K, capacity 2470K, committed 2560K, reserved 1048576K
}
2017-06-05T22:52:32.108+0200: 2,348: Total time for which application threads were stopped: 0,0109033 seconds, Stopping threads took: 0,0007232 seconds
2017-06-05T22:52:32.141+0200: 2,381: Total time for which application threads were stopped: 0,0018910 seconds, Stopping threads took: 0,0015523 seconds
2017-06-05T22:52:32.296+0200: 2,536: Total time for which application threads were stopped: 0,0002208 seconds, Stopping threads took: 0,0000532 seconds
{Heap before GC invocations=2 (full 0):
 par new generation   total 109248K, used 103102K [0x00000000e0000000, 0x00000000e8000000, 0x00000000e8000000)
  eden space 87424K, 100% used [0x00000000e0000000, 0x00000000e5560000, 0x00000000e5560000)
  from space 21824K,  71% used [0x00000000e5560000, 0x00000000e64afa00, 0x00000000e6ab0000)
  to   space 21824K,   0% used [0x00000000e6ab0000, 0x00000000e6ab0000, 0x00000000e8000000)
 concurrent mark-sweep generation total 393216K, used 0K [0x00000000e8000000, 0x0000000100000000, 0x0000000100000000)
 Metaspace       used 20940K, capacity 21289K, committed 21552K, reserved 1069056K
  class space    used 2417K, capacity 2589K, committed 2608K, reserved 1048576K
2017-06-05T22:52:32.311+0200: 2,551: [GC (Allocation Failure) 2017-06-05T22:52:32.311+0200: 2,551: [ParNew
Desired survivor size 20112992 bytes, new threshold 8 (max 8)
- age   1:    2189360 bytes,    2189360 total
- age   2:     849440 bytes,    3038800 total
- age   3:    6658288 bytes,    9697088 total
: 103102K->12369K(109248K), 0,0194062 secs] 103102K->12369K(502464K), 0,0194964 secs] [Times: user=0,07 sys=0,00, real=0,02 secs] 
Heap after GC invocations=3 (full 0):
 par new generation   total 109248K, used 12369K [0x00000000e0000000, 0x00000000e8000000, 0x00000000e8000000)
  eden space 87424K,   0% used [0x00000000e0000000, 0x00000000e0000000, 0x00000000e5560000)
  from space 21824K,  56% used [0x00000000e6ab0000, 0x00000000e76c4550, 0x00000000e8000000)
  to   space 21824K,   0% used [0x00000000e5560000, 0x00000000e5560000, 0x00000000e6ab0000)
 concurrent mark-sweep generation total 393216K, used 0K [0x00000000e8000000, 0x0000000100000000, 0x0000000100000000)
 Metaspace       used 20940K, capacity 21289K, committed 21552K, reserved 1069056K
  class space    used 2417K, capacity 2589K, committed 2608K, reserved 1048576K
}
2017-06-05T22:52:32.330+0200: 2,570: Total time for which application threads were stopped: 0,0197398 seconds, Stopping threads took: 0,0000835 seconds
2017-06-05T22:52:32.338+0200: 2,578: [GC (CMS Initial Mark) [1 CMS-initial-mark: 0K(393216K)] 19579K(502464K), 0,0056004 secs] [Times: user=0,02 sys=0,00, real=0,00 secs] 
2017-06-05T22:52:32.344+0200: 2,584: Total time for which application threads were stopped: 0,0057979 seconds, Stopping threads took: 0,0000712 seconds
2017-06-05T22:52:32.344+0200: 2,584: [CMS-concurrent-mark-start]
2017-06-05T22:52:32.345+0200: 2,585: [CMS-concurrent-mark: 0,001/0,001 secs] [Times: user=0,01 sys=0,00, real=0,00 secs] 
2017-06-05T22:52:32.345+0200: 2,585: [CMS-concurrent-preclean-start]
2017-06-05T22:52:32.346+0200: 2,586: [CMS-concurrent-preclean: 0,001/0,001 secs] [Times: user=0,00 sys=0,00, real=0,00 secs] 
2017-06-05T22:52:32.346+0200: 2,586: [CMS-concurrent-abortable-preclean-start]
{Heap before GC invocations=3 (full 1):
 par new generation   total 109248K, used 99793K [0x00000000e0000000, 0x00000000e8000000, 0x00000000e8000000)
  eden space 87424K, 100% used [0x00000000e0000000, 0x00000000e5560000, 0x00000000e5560000)
  from space 21824K,  56% used [0x00000000e6ab0000, 0x00000000e76c4550, 0x00000000e8000000)
  to   space 21824K,   0% used [0x00000000e5560000, 0x00000000e5560000, 0x00000000e6ab0000)
 concurrent mark-sweep generation total 393216K, used 0K [0x00000000e8000000, 0x0000000100000000, 0x0000000100000000)
 Metaspace       used 21231K, capacity 21565K, committed 21628K, reserved 1069056K
  class space    used 2447K, capacity 2604K, committed 2608K, reserved 1048576K
2017-06-05T22:52:32.449+0200: 2,689: [GC (Allocation Failure) 2017-06-05T22:52:32.449+0200: 2,689: [ParNew
Desired survivor size 20112992 bytes, new threshold 8 (max 8)
- age   1:    1169096 bytes,    1169096 total
- age   2:    1462416 bytes,    2631512 total
- age   3:     835680 bytes,    3467192 total
- age   4:    6658408 bytes,   10125600 total
: 99793K->12858K(109248K), 0,0101580 secs] 99793K->12858K(502464K), 0,0102347 secs] [Times: user=0,04 sys=0,00, real=0,02 secs] 
Heap after GC invocations=4 (full 1):
 par new generation   total 109248K, used 12858K [0x00000000e0000000, 0x00000000e8000000, 0x00000000e8000000)
  eden space 87424K,   0% used [0x00000000e0000000, 0x00000000e0000000, 0x00000000e5560000)
  from space 21824K,  58% used [0x00000000e5560000, 0x00000000e61ee890, 0x00000000e6ab0000)
  to   space 21824K,   0% used [0x00000000e6ab0000, 0x00000000e6ab0000, 0x00000000e8000000)
 concurrent mark-sweep generation total 393216K, used 0K [0x00000000e8000000, 0x0000000100000000, 0x0000000100000000)
 Metaspace       used 21231K, capacity 21565K, committed 21628K, reserved 1069056K
  class space    used 2447K, capacity 2604K, committed 2608K, reserved 1048576K
}
2017-06-05T22:52:32.459+0200: 2,699: Total time for which application threads were stopped: 0,0105102 seconds, Stopping threads took: 0,0001092 seconds
2017-06-05T22:52:32.459+0200: 2,699: [CMS-concurrent-abortable-preclean: 0,076/0,113 secs] [Times: user=0,42 sys=0,00, real=0,12 secs] 
2017-06-05T22:52:32.460+0200: 2,700: [GC (CMS Final Remark) [YG occupancy: 14238 K (109248 K)]{Heap before GC invocations=4 (full 1):
 par new generation   total 109248K, used 14238K [0x00000000e0000000, 0x00000000e8000000, 0x00000000e8000000)
  eden space 87424K,   1% used [0x00000000e0000000, 0x00000000e0159260, 0x00000000e5560000)
  from space 21824K,  58% used [0x00000000e5560000, 0x00000000e61ee890, 0x00000000e6ab0000)
  to   space 21824K,   0% used [0x00000000e6ab0000, 0x00000000e6ab0000, 0x00000000e8000000)
 concurrent mark-sweep generation total 393216K, used 0K [0x00000000e8000000, 0x0000000100000000, 0x0000000100000000)
 Metaspace       used 21232K, capacity 21565K, committed 21628K, reserved 1069056K
  class space    used 2447K, capacity 2604K, committed 2608K, reserved 1048576K
2017-06-05T22:52:32.460+0200: 2,700: [GC (CMS Final Remark) 2017-06-05T22:52:32.460+0200: 2,700: [ParNew
Desired survivor size 20112992 bytes, new threshold 8 (max 8)
- age   1:      53376 bytes,      53376 total
- age   2:    1015616 bytes,    1068992 total
- age   3:    1457168 bytes,    2526160 total
- age   4:     835680 bytes,    3361840 total
- age   5:    6658360 bytes,   10020200 total
: 14238K->12192K(109248K), 0,0098218 secs] 14238K->12192K(502464K), 0,0098622 secs] [Times: user=0,03 sys=0,00, real=0,00 secs] 
Heap after GC invocations=5 (full 1):
 par new generation   total 109248K, used 12192K [0x00000000e0000000, 0x00000000e8000000, 0x00000000e8000000)
  eden space 87424K,   0% used [0x00000000e0000000, 0x00000000e0000000, 0x00000000e5560000)
  from space 21824K,  55% used [0x00000000e6ab0000, 0x00000000e76981b0, 0x00000000e8000000)
  to   space 21824K,   0% used [0x00000000e5560000, 0x00000000e5560000, 0x00000000e6ab0000)
 concurrent mark-sweep generation total 393216K, used 0K [0x00000000e8000000, 0x0000000100000000, 0x0000000100000000)
 Metaspace       used 21232K, capacity 21565K, committed 21628K, reserved 1069056K
  class space    used 2447K, capacity 2604K, committed 2608K, reserved 1048576K
}
2017-06-05T22:52:32.470+0200: 2,710: [Rescan (parallel) , 0,0033355 secs]2017-06-05T22:52:32.473+0200: 2,713: [weak refs processing, 0,0009475 secs]2017-06-05T22:52:32.474+0200: 2,714: [class unloading, 0,0028317 secs]2017-06-05T22:52:32.477+0200: 2,717: [scrub symbol table, 0,0025689 secs]2017-06-05T22:52:32.479+0200: 2,719: [scrub string table, 0,0004004 secs][1 CMS-remark: 0K(393216K)] 12192K(502464K), 0,0205916 secs] [Times: user=0,05 sys=0,00, real=0,02 secs] 
2017-06-05T22:52:32.480+0200: 2,720: Total time for which application threads were stopped: 0,0207830 seconds, Stopping threads took: 0,0001095 seconds
2017-06-05T22:52:32.480+0200: 2,720: [CMS-concurrent-sweep-start]
2017-06-05T22:52:32.480+0200: 2,720: [CMS-concurrent-sweep: 0,000/0,000 secs] [Times: user=0,00 sys=0,00, real=0,00 secs] 
2017-06-05T22:52:32.481+0200: 2,721: [CMS-concurrent-reset-start]
2017-06-05T22:52:32.483+0200: 2,723: [CMS-concurrent-reset: 0,003/0,003 secs] [Times: user=0,01 sys=0,00, real=0,00 secs] 
{Heap before GC invocations=5 (full 1):
 par new generation   total 109248K, used 99616K [0x00000000e0000000, 0x00000000e8000000, 0x00000000e8000000)
  eden space 87424K, 100% used [0x00000000e0000000, 0x00000000e5560000, 0x00000000e5560000)
  from space 21824K,  55% used [0x00000000e6ab0000, 0x00000000e76981b0, 0x00000000e8000000)
  to   space 21824K,   0% used [0x00000000e5560000, 0x00000000e5560000, 0x00000000e6ab0000)
 concurrent mark-sweep generation total 393216K, used 0K [0x00000000e8000000, 0x0000000100000000, 0x0000000100000000)
 Metaspace       used 21354K, capacity 21737K, committed 22012K, reserved 1069056K
  class space    used 2465K, capacity 2638K, committed 2736K, reserved 1048576K
2017-06-05T22:52:32.578+0200: 2,818: [GC (Allocation Failure) 2017-06-05T22:52:32.578+0200: 2,818: [ParNew
Desired survivor size 20112992 bytes, new threshold 8 (max 8)
- age   1:    1245240 bytes,    1245240 total
- age   2:        168 bytes,    1245408 total
- age   3:     185632 bytes,    1431040 total
- age   4:    1457120 bytes,    2888160 total
- age   5:     833696 bytes,    3721856 total
- age   6:    6658288 bytes,   10380144 total
: 99616K->14976K(109248K), 0,0121562 secs] 99616K->14976K(502464K), 0,0122313 secs] [Times: user=0,03 sys=0,00, real=0,01 secs] 
Heap after GC invocations=6 (full 1):
 par new generation   total 109248K, used 14976K [0x00000000e0000000, 0x00000000e8000000, 0x00000000e8000000)
  eden space 87424K,   0% used [0x00000000e0000000, 0x00000000e0000000, 0x00000000e5560000)
  from space 21824K,  68% used [0x00000000e5560000, 0x00000000e64003c0, 0x00000000e6ab0000)
  to   space 21824K,   0% used [0x00000000e6ab0000, 0x00000000e6ab0000, 0x00000000e8000000)
 concurrent mark-sweep generation total 393216K, used 0K [0x00000000e8000000, 0x0000000100000000, 0x0000000100000000)
 Metaspace       used 21354K, capacity 21737K, committed 22012K, reserved 1069056K
  class space    used 2465K, capacity 2638K, committed 2736K, reserved 1048576K
}
2017-06-05T22:52:32.590+0200: 2,830: Total time for which application threads were stopped: 0,0151828 seconds, Stopping threads took: 0,0028162 seconds
2017-06-05T22:52:32.621+0200: 2,861: Total time for which application threads were stopped: 0,0003064 seconds, Stopping threads took: 0,0000228 seconds
2017-06-05T22:52:32.838+0200: 3,078: Total time for which application threads were stopped: 0,0004931 seconds, Stopping threads took: 0,0000872 seconds
2017-06-05T22:52:32.857+0200: 3,097: Total time for which application threads were stopped: 0,0004173 seconds, Stopping threads took: 0,0000368 seconds
{Heap before GC invocations=6 (full 1):
 par new generation   total 109248K, used 102400K [0x00000000e0000000, 0x00000000e8000000, 0x00000000e8000000)
  eden space 87424K, 100% used [0x00000000e0000000, 0x00000000e5560000, 0x00000000e5560000)
  from space 21824K,  68% used [0x00000000e5560000, 0x00000000e64003c0, 0x00000000e6ab0000)
  to   space 21824K,   0% used [0x00000000e6ab0000, 0x00000000e6ab0000, 0x00000000e8000000)
 concurrent mark-sweep generation total 393216K, used 0K [0x00000000e8000000, 0x0000000100000000, 0x0000000100000000)
 Metaspace       used 23811K, capacity 24241K, committed 24496K, reserved 1071104K
  class space    used 2803K, capacity 2982K, committed 2992K, reserved 1048576K
2017-06-05T22:52:33.035+0200: 3,275: [GC (Allocation Failure) 2017-06-05T22:52:33.035+0200: 3,275: [ParNew
Desired survivor size 20112992 bytes, new threshold 8 (max 8)
- age   1:    5232056 bytes,    5232056 total
- age   2:     112368 bytes,    5344424 total
- age   3:        168 bytes,    5344592 total
- age   4:     184208 bytes,    5528800 total
- age   5:     286952 bytes,    5815752 total
- age   6:     809400 bytes,    6625152 total
- age   7:    6650304 bytes,   13275456 total
: 102400K->14851K(109248K), 0,0127575 secs] 102400K->14851K(502464K), 0,0128281 secs] [Times: user=0,04 sys=0,01, real=0,01 secs] 
Heap after GC invocations=7 (full 1):
 par new generation   total 109248K, used 14851K [0x00000000e0000000, 0x00000000e8000000, 0x00000000e8000000)
  eden space 87424K,   0% used [0x00000000e0000000, 0x00000000e0000000, 0x00000000e5560000)
  from space 21824K,  68% used [0x00000000e6ab0000, 0x00000000e7930f80, 0x00000000e8000000)
  to   space 21824K,   0% used [0x00000000e5560000, 0x00000000e5560000, 0x00000000e6ab0000)
 concurrent mark-sweep generation total 393216K, used 0K [0x00000000e8000000, 0x0000000100000000, 0x0000000100000000)
 Metaspace       used 23811K, capacity 24241K, committed 24496K, reserved 1071104K
  class space    used 2803K, capacity 2982K, committed 2992K, reserved 1048576K
}
2017-06-05T22:52:33.048+0200: 3,288: Total time for which application threads were stopped: 0,0131365 seconds, Stopping threads took: 0,0001074 seconds
{Heap before GC invocations=7 (full 1):
 par new generation   total 109248K, used 102275K [0x00000000e0000000, 0x00000000e8000000, 0x00000000e8000000)
  eden space 87424K, 100% used [0x00000000e0000000, 0x00000000e5560000, 0x00000000e5560000)
  from space 21824K,  68% used [0x00000000e6ab0000, 0x00000000e7930f80, 0x00000000e8000000)
  to   space 21824K,   0% used [0x00000000e5560000, 0x00000000e5560000, 0x00000000e6ab0000)
 concurrent mark-sweep generation total 393216K, used 0K [0x00000000e8000000, 0x0000000100000000, 0x0000000100000000)
 Metaspace       used 24365K, capacity 24817K, committed 25136K, reserved 1071104K
  class space    used 2857K, capacity 3046K, committed 3120K, reserved 1048576K
2017-06-05T22:52:33.159+0200: 3,399: [GC (Allocation Failure) 2017-06-05T22:52:33.159+0200: 3,399: [ParNew
Desired survivor size 20112992 bytes, new threshold 8 (max 8)
- age   1:    1817488 bytes,    1817488 total
- age   2:    1765736 bytes,    3583224 total
- age   3:      63712 bytes,    3646936 total
- age   4:        168 bytes,    3647104 total
- age   5:      99240 bytes,    3746344 total
- age   6:     191872 bytes,    3938216 total
- age   7:     765600 bytes,    4703816 total
- age   8:    6117104 bytes,   10820920 total
: 102275K->19614K(109248K), 0,0219515 secs] 102275K->19614K(502464K), 0,0220347 secs] [Times: user=0,09 sys=0,00, real=0,02 secs] 
Heap after GC invocations=8 (full 1):
 par new generation   total 109248K, used 19614K [0x00000000e0000000, 0x00000000e8000000, 0x00000000e8000000)
  eden space 87424K,   0% used [0x00000000e0000000, 0x00000000e0000000, 0x00000000e5560000)
  from space 21824K,  89% used [0x00000000e5560000, 0x00000000e68879f8, 0x00000000e6ab0000)
  to   space 21824K,   0% used [0x00000000e6ab0000, 0x00000000e6ab0000, 0x00000000e8000000)
 concurrent mark-sweep generation total 393216K, used 0K [0x00000000e8000000, 0x0000000100000000, 0x0000000100000000)
 Metaspace       used 24365K, capacity 24817K, committed 25136K, reserved 1071104K
  class space    used 2857K, capacity 3046K, committed 3120K, reserved 1048576K
}
2017-06-05T22:52:33.181+0200: 3,421: Total time for which application threads were stopped: 0,0237844 seconds, Stopping threads took: 0,0015450 seconds
{Heap before GC invocations=8 (full 1):
 par new generation   total 109248K, used 107038K [0x00000000e0000000, 0x00000000e8000000, 0x00000000e8000000)
  eden space 87424K, 100% used [0x00000000e0000000, 0x00000000e5560000, 0x00000000e5560000)
  from space 21824K,  89% used [0x00000000e5560000, 0x00000000e68879f8, 0x00000000e6ab0000)
  to   space 21824K,   0% used [0x00000000e6ab0000, 0x00000000e6ab0000, 0x00000000e8000000)
 concurrent mark-sweep generation total 393216K, used 0K [0x00000000e8000000, 0x0000000100000000, 0x0000000100000000)
 Metaspace       used 24854K, capacity 25265K, committed 25392K, reserved 1071104K
  class space    used 2901K, capacity 3084K, committed 3120K, reserved 1048576K
2017-06-05T22:52:33.278+0200: 3,518: [GC (Allocation Failure) 2017-06-05T22:52:33.278+0200: 3,518: [ParNew
Desired survivor size 20112992 bytes, new threshold 8 (max 8)
- age   1:    1324480 bytes,    1324480 total
- age   2:     998224 bytes,    2322704 total
- age   3:    1742888 bytes,    4065592 total
- age   4:      63712 bytes,    4129304 total
- age   5:        168 bytes,    4129472 total
- age   6:      98968 bytes,    4228440 total
- age   7:     188856 bytes,    4417296 total
- age   8:     765000 bytes,    5182296 total
: 107038K->7175K(109248K), 0,0292554 secs] 107038K->13231K(502464K), 0,0293300 secs] [Times: user=0,09 sys=0,00, real=0,03 secs] 
Heap after GC invocations=9 (full 1):
 par new generation   total 109248K, used 7175K [0x00000000e0000000, 0x00000000e8000000, 0x00000000e8000000)
  eden space 87424K,   0% used [0x00000000e0000000, 0x00000000e0000000, 0x00000000e5560000)
  from space 21824K,  32% used [0x00000000e6ab0000, 0x00000000e71b1c70, 0x00000000e8000000)
  to   space 21824K,   0% used [0x00000000e5560000, 0x00000000e5560000, 0x00000000e6ab0000)
 concurrent mark-sweep generation total 393216K, used 6056K [0x00000000e8000000, 0x0000000100000000, 0x0000000100000000)
 Metaspace       used 24854K, capacity 25265K, committed 25392K, reserved 1071104K
  class space    used 2901K, capacity 3084K, committed 3120K, reserved 1048576K
}
2017-06-05T22:52:33.307+0200: 3,547: Total time for which application threads were stopped: 0,0302310 seconds, Stopping threads took: 0,0007293 seconds
2017-06-05T22:52:33.599+0200: 3,839: Total time for which application threads were stopped: 0,0005691 seconds, Stopping threads took: 0,0000413 seconds
2017-06-05T22:52:33.615+0200: 3,855: Total time for which application threads were stopped: 0,0005113 seconds, Stopping threads took: 0,0000350 seconds
2017-06-05T22:52:33.663+0200: 3,903: Total time for which application threads were stopped: 0,0005301 seconds, Stopping threads took: 0,0000360 seconds
2017-06-05T22:52:33.766+0200: 4,006: Total time for which application threads were stopped: 0,0004740 seconds, Stopping threads took: 0,0000487 seconds
2017-06-05T22:52:33.810+0200: 4,050: Total time for which application threads were stopped: 0,0003406 seconds, Stopping threads took: 0,0000167 seconds
2017-06-05T22:53:01.007+0200: 32,055: Total time for which application threads were stopped: 0,0000654 seconds, Stopping threads took: 0,0000163 seconds
2017-06-05T22:54:26.019+0200: 117,066: Total time for which application threads were stopped: 0,0000842 seconds, Stopping threads took: 0,0000333 seconds
2017-06-05T22:54:31.020+0200: 122,067: Total time for which application threads were stopped: 0,0000656 seconds, Stopping threads took: 0,0000157 seconds
{Heap before GC invocations=9 (full 1):
 par new generation   total 109248K, used 94599K [0x00000000e0000000, 0x00000000e8000000, 0x00000000e8000000)
  eden space 87424K, 100% used [0x00000000e0000000, 0x00000000e5560000, 0x00000000e5560000)
  from space 21824K,  32% used [0x00000000e6ab0000, 0x00000000e71b1c70, 0x00000000e8000000)
  to   space 21824K,   0% used [0x00000000e5560000, 0x00000000e5560000, 0x00000000e6ab0000)
 concurrent mark-sweep generation total 393216K, used 6056K [0x00000000e8000000, 0x0000000100000000, 0x0000000100000000)
 Metaspace       used 28022K, capacity 28565K, committed 28848K, reserved 1075200K
  class space    used 3212K, capacity 3390K, committed 3504K, reserved 1048576K
2017-06-05T22:55:24.864+0200: 175,912: [GC (Allocation Failure) 2017-06-05T22:55:24.865+0200: 175,912: [ParNew
Desired survivor size 20112992 bytes, new threshold 8 (max 8)
- age   1:   10897632 bytes,   10897632 total
- age   2:     251416 bytes,   11149048 total
- age   3:     218760 bytes,   11367808 total
- age   4:    1737856 bytes,   13105664 total
- age   5:      61328 bytes,   13166992 total
- age   6:        168 bytes,   13167160 total
- age   7:      98744 bytes,   13265904 total
- age   8:     188456 bytes,   13454360 total
: 94599K->14806K(109248K), 0,0239817 secs] 100655K->21702K(502464K), 0,0240725 secs] [Times: user=0,08 sys=0,00, real=0,02 secs] 
Heap after GC invocations=10 (full 1):
 par new generation   total 109248K, used 14806K [0x00000000e0000000, 0x00000000e8000000, 0x00000000e8000000)
  eden space 87424K,   0% used [0x00000000e0000000, 0x00000000e0000000, 0x00000000e5560000)
  from space 21824K,  67% used [0x00000000e5560000, 0x00000000e63d5920, 0x00000000e6ab0000)
  to   space 21824K,   0% used [0x00000000e6ab0000, 0x00000000e6ab0000, 0x00000000e8000000)
 concurrent mark-sweep generation total 393216K, used 6896K [0x00000000e8000000, 0x0000000100000000, 0x0000000100000000)
 Metaspace       used 28022K, capacity 28565K, committed 28848K, reserved 1075200K
  class space    used 3212K, capacity 3390K, committed 3504K, reserved 1048576K
}
2017-06-05T22:55:24.889+0200: 175,936: Total time for which application threads were stopped: 0,0243432 seconds, Stopping threads took: 0,0001022 seconds
2017-06-05T22:55:29.889+0200: 180,937: Total time for which application threads were stopped: 0,0000857 seconds, Stopping threads took: 0,0000357 seconds
2017-06-05T22:55:34.890+0200: 185,937: Total time for which application threads were stopped: 0,0000775 seconds, Stopping threads took: 0,0000295 seconds
2017-06-05T22:56:44.899+0200: 255,946: Total time for which application threads were stopped: 0,0000838 seconds, Stopping threads took: 0,0000302 seconds
2017-06-05T22:56:54.900+0200: 265,947: Total time for which application threads were stopped: 0,0000889 seconds, Stopping threads took: 0,0000183 seconds
2017-06-05T22:56:55.900+0200: 266,948: Total time for which application threads were stopped: 0,0000779 seconds, Stopping threads took: 0,0000163 seconds
2017-06-05T22:57:00.901+0200: 271,948: Total time for which application threads were stopped: 0,0001137 seconds, Stopping threads took: 0,0000236 seconds
2017-06-05T22:57:04.901+0200: 275,949: Total time for which application threads were stopped: 0,0000922 seconds, Stopping threads took: 0,0000347 seconds
2017-06-05T22:57:50.907+0200: 321,954: Total time for which application threads were stopped: 0,0002570 seconds, Stopping threads took: 0,0000724 seconds
2017-06-05T23:00:30.926+0200: 481,973: Total time for which application threads were stopped: 0,0001682 seconds, Stopping threads took: 0,0000586 seconds
2017-06-05T23:01:10.931+0200: 521,978: Total time for which application threads were stopped: 0,0001595 seconds, Stopping threads took: 0,0000567 seconds
2017-06-05T23:03:15.945+0200: 646,992: Total time for which application threads were stopped: 0,0001889 seconds, Stopping threads took: 0,0000580 seconds
2017-06-05T23:08:35.982+0200: 967,029: Total time for which application threads were stopped: 0,0000816 seconds, Stopping threads took: 0,0000305 seconds
2017-06-05T23:15:55.033+0200: 1406,080: Total time for which application threads were stopped: 0,0000867 seconds, Stopping threads took: 0,0000305 seconds
2017-06-05T23:21:01.067+0200: 1712,114: Total time for which application threads were stopped: 0,0005974 seconds, Stopping threads took: 0,0001619 seconds
2017-06-05T23:30:50.132+0200: 2301,179: Total time for which application threads were stopped: 0,0000948 seconds, Stopping threads took: 0,0000329 seconds
2017-06-05T23:30:51.132+0200: 2302,180: Total time for which application threads were stopped: 0,0001416 seconds, Stopping threads took: 0,0000625 seconds
2017-06-05T23:45:46.237+0200: 3197,284: Total time for which application threads were stopped: 0,0003440 seconds, Stopping threads took: 0,0001344 seconds
2017-06-05T23:56:45.310+0200: 3856,357: Total time for which application threads were stopped: 0,0000830 seconds, Stopping threads took: 0,0000318 seconds
2017-06-05T23:56:50.311+0200: 3861,358: Total time for which application threads were stopped: 0,0000866 seconds, Stopping threads took: 0,0000316 seconds
2017-06-06T00:10:56.398+0200: 4707,445: Total time for which application threads were stopped: 0,0000805 seconds, Stopping threads took: 0,0000302 seconds
2017-06-06T00:11:01.398+0200: 4712,446: Total time for which application threads were stopped: 0,0000683 seconds, Stopping threads took: 0,0000145 seconds
2017-06-06T00:30:07.927+0200: 5858,974: Total time for which application threads were stopped: 0,0019910 seconds, Stopping threads took: 0,0018531 seconds
2017-06-06T00:30:07.927+0200: 5858,975: Total time for which application threads were stopped: 0,0000896 seconds, Stopping threads took: 0,0000140 seconds
Heap
 par new generation   total 109248K, used 36500K [0x00000000e0000000, 0x00000000e8000000, 0x00000000e8000000)
  eden space 87424K,  24% used [0x00000000e0000000, 0x00000000e152f7f8, 0x00000000e5560000)
  from space 21824K,  67% used [0x00000000e5560000, 0x00000000e63d5920, 0x00000000e6ab0000)
  to   space 21824K,   0% used [0x00000000e6ab0000, 0x00000000e6ab0000, 0x00000000e8000000)
 concurrent mark-sweep generation total 393216K, used 6896K [0x00000000e8000000, 0x0000000100000000, 0x0000000100000000)
 Metaspace       used 28147K, capacity 28733K, committed 29104K, reserved 1075200K
  class space    used 3226K, capacity 3424K, committed 3504K, reserved 1048576K
