OpenJDK 64-Bit Server VM (25.121-b13) for linux-amd64 JRE (1.8.0_121-8u121-b13-0ubuntu1.16.04.2-b13), built on Jan 23 2017 15:51:29 by "buildd" with gcc 5.4.0 20160609
Memory: 4k page, physical 7867800k(7496556k free), swap 8076284k(8076284k free)
CommandLine flags: -XX:CMSInitiatingOccupancyFraction=50 -XX:CMSMaxAbortablePrecleanTime=6000 -XX:+CMSParallelRemarkEnabled -XX:+CMSScavengeBeforeRemark -XX:ConcGCThreads=4 -XX:InitialHeapSize=536870912 -XX:MaxHeapSize=536870912 -XX:MaxTenuringThreshold=8 -XX:NewRatio=3 -XX:OldPLABSize=16 -XX:OnOutOfMemoryError=/opt/solr/bin/oom_solr.sh 8983 /var/solr/logs -XX:ParallelGCThreads=4 -XX:+ParallelRefProcEnabled -XX:PretenureSizeThreshold=67108864 -XX:+PrintGC -XX:+PrintGCApplicationStoppedTime -XX:+PrintGCDateStamps -XX:+PrintGCDetails -XX:+PrintGCTimeStamps -XX:+PrintHeapAtGC -XX:+PrintTenuringDistribution -XX:SurvivorRatio=4 -XX:TargetSurvivorRatio=90 -XX:ThreadStackSize=256 -XX:+UseCMSInitiatingOccupancyOnly -XX:+UseCompressedClassPointers -XX:+UseCompressedOops -XX:+UseConcMarkSweepGC -XX:+UseParNewGC 
2017-02-20T08:36:04.910+0100: 0,147: Total time for which application threads were stopped: 0,0000737 seconds, Stopping threads took: 0,0000140 seconds
2017-02-20T08:36:05.005+0100: 0,242: Total time for which application threads were stopped: 0,0001094 seconds, Stopping threads took: 0,0000133 seconds
2017-02-20T08:36:05.021+0100: 0,258: Total time for which application threads were stopped: 0,0000941 seconds, Stopping threads took: 0,0000172 seconds
2017-02-20T08:36:05.303+0100: 0,540: Total time for which application threads were stopped: 0,0001375 seconds, Stopping threads took: 0,0000111 seconds
2017-02-20T08:36:05.768+0100: 1,005: Total time for which application threads were stopped: 0,0001335 seconds, Stopping threads took: 0,0000158 seconds
2017-02-20T08:36:05.832+0100: 1,069: Total time for which application threads were stopped: 0,0001502 seconds, Stopping threads took: 0,0000198 seconds
2017-02-20T08:36:05.846+0100: 1,084: Total time for which application threads were stopped: 0,0003643 seconds, Stopping threads took: 0,0000993 seconds
2017-02-20T08:36:06.089+0100: 1,326: Total time for which application threads were stopped: 0,0001544 seconds, Stopping threads took: 0,0000115 seconds
2017-02-20T08:36:06.290+0100: 1,527: Total time for which application threads were stopped: 0,0002348 seconds, Stopping threads took: 0,0000154 seconds
2017-02-20T08:36:06.317+0100: 1,554: Total time for which application threads were stopped: 0,0003510 seconds, Stopping threads took: 0,0000438 seconds
2017-02-20T08:36:06.353+0100: 1,590: Total time for which application threads were stopped: 0,0002121 seconds, Stopping threads took: 0,0000243 seconds
2017-02-20T08:36:06.354+0100: 1,591: Total time for which application threads were stopped: 0,0001681 seconds, Stopping threads took: 0,0000182 seconds
2017-02-20T08:36:06.371+0100: 1,608: Total time for which application threads were stopped: 0,0001617 seconds, Stopping threads took: 0,0000121 seconds
2017-02-20T08:36:06.474+0100: 1,711: Total time for which application threads were stopped: 0,0002369 seconds, Stopping threads took: 0,0000241 seconds
2017-02-20T08:36:06.639+0100: 1,876: Total time for which application threads were stopped: 0,0004893 seconds, Stopping threads took: 0,0002608 seconds
{Heap before GC invocations=0 (full 0):
 par new generation   total 109248K, used 87424K [0x00000000e0000000, 0x00000000e8000000, 0x00000000e8000000)
  eden space 87424K, 100% used [0x00000000e0000000, 0x00000000e5560000, 0x00000000e5560000)
  from space 21824K,   0% used [0x00000000e5560000, 0x00000000e5560000, 0x00000000e6ab0000)
  to   space 21824K,   0% used [0x00000000e6ab0000, 0x00000000e6ab0000, 0x00000000e8000000)
 concurrent mark-sweep generation total 393216K, used 0K [0x00000000e8000000, 0x0000000100000000, 0x0000000100000000)
 Metaspace       used 18021K, capacity 18336K, committed 18688K, reserved 1064960K
  class space    used 2036K, capacity 2196K, committed 2304K, reserved 1048576K
2017-02-20T08:36:06.725+0100: 1,962: [GC (Allocation Failure) 2017-02-20T08:36:06.725+0100: 1,962: [ParNew
Desired survivor size 20112992 bytes, new threshold 8 (max 8)
- age   1:   12590656 bytes,   12590656 total
: 87424K->12419K(109248K), 0,0166307 secs] 87424K->12419K(502464K), 0,0167178 secs] [Times: user=0,04 sys=0,01, real=0,02 secs] 
Heap after GC invocations=1 (full 0):
 par new generation   total 109248K, used 12419K [0x00000000e0000000, 0x00000000e8000000, 0x00000000e8000000)
  eden space 87424K,   0% used [0x00000000e0000000, 0x00000000e0000000, 0x00000000e5560000)
  from space 21824K,  56% used [0x00000000e6ab0000, 0x00000000e76d0da0, 0x00000000e8000000)
  to   space 21824K,   0% used [0x00000000e5560000, 0x00000000e5560000, 0x00000000e6ab0000)
 concurrent mark-sweep generation total 393216K, used 0K [0x00000000e8000000, 0x0000000100000000, 0x0000000100000000)
 Metaspace       used 18021K, capacity 18336K, committed 18688K, reserved 1064960K
  class space    used 2036K, capacity 2196K, committed 2304K, reserved 1048576K
}
2017-02-20T08:36:06.742+0100: 1,979: Total time for which application threads were stopped: 0,0169957 seconds, Stopping threads took: 0,0000531 seconds
2017-02-20T08:36:07.029+0100: 2,266: Total time for which application threads were stopped: 0,0003691 seconds, Stopping threads took: 0,0000375 seconds
{Heap before GC invocations=1 (full 0):
 par new generation   total 109248K, used 99843K [0x00000000e0000000, 0x00000000e8000000, 0x00000000e8000000)
  eden space 87424K, 100% used [0x00000000e0000000, 0x00000000e5560000, 0x00000000e5560000)
  from space 21824K,  56% used [0x00000000e6ab0000, 0x00000000e76d0da0, 0x00000000e8000000)
  to   space 21824K,   0% used [0x00000000e5560000, 0x00000000e5560000, 0x00000000e6ab0000)
 concurrent mark-sweep generation total 393216K, used 0K [0x00000000e8000000, 0x0000000100000000, 0x0000000100000000)
 Metaspace       used 20040K, capacity 20366K, committed 20736K, reserved 1067008K
  class space    used 2297K, capacity 2471K, committed 2560K, reserved 1048576K
2017-02-20T08:36:07.071+0100: 2,308: [GC (Allocation Failure) 2017-02-20T08:36:07.071+0100: 2,308: [ParNew
Desired survivor size 20112992 bytes, new threshold 8 (max 8)
- age   1:    3645280 bytes,    3645280 total
- age   2:    6660880 bytes,   10306160 total
: 99843K->13825K(109248K), 0,0095960 secs] 99843K->13825K(502464K), 0,0096752 secs] [Times: user=0,03 sys=0,00, real=0,01 secs] 
Heap after GC invocations=2 (full 0):
 par new generation   total 109248K, used 13825K [0x00000000e0000000, 0x00000000e8000000, 0x00000000e8000000)
  eden space 87424K,   0% used [0x00000000e0000000, 0x00000000e0000000, 0x00000000e5560000)
  from space 21824K,  63% used [0x00000000e5560000, 0x00000000e62e0588, 0x00000000e6ab0000)
  to   space 21824K,   0% used [0x00000000e6ab0000, 0x00000000e6ab0000, 0x00000000e8000000)
 concurrent mark-sweep generation total 393216K, used 0K [0x00000000e8000000, 0x0000000100000000, 0x0000000100000000)
 Metaspace       used 20040K, capacity 20366K, committed 20736K, reserved 1067008K
  class space    used 2297K, capacity 2471K, committed 2560K, reserved 1048576K
}
2017-02-20T08:36:07.081+0100: 2,318: Total time for which application threads were stopped: 0,0101922 seconds, Stopping threads took: 0,0000912 seconds
2017-02-20T08:36:07.118+0100: 2,355: Total time for which application threads were stopped: 0,0003764 seconds, Stopping threads took: 0,0000494 seconds
2017-02-20T08:36:07.255+0100: 2,492: Total time for which application threads were stopped: 0,0001581 seconds, Stopping threads took: 0,0000197 seconds
{Heap before GC invocations=2 (full 0):
 par new generation   total 109248K, used 101249K [0x00000000e0000000, 0x00000000e8000000, 0x00000000e8000000)
  eden space 87424K, 100% used [0x00000000e0000000, 0x00000000e5560000, 0x00000000e5560000)
  from space 21824K,  63% used [0x00000000e5560000, 0x00000000e62e0588, 0x00000000e6ab0000)
  to   space 21824K,   0% used [0x00000000e6ab0000, 0x00000000e6ab0000, 0x00000000e8000000)
 concurrent mark-sweep generation total 393216K, used 0K [0x00000000e8000000, 0x0000000100000000, 0x0000000100000000)
 Metaspace       used 20993K, capacity 21288K, committed 21628K, reserved 1069056K
  class space    used 2420K, capacity 2590K, committed 2684K, reserved 1048576K
2017-02-20T08:36:07.287+0100: 2,524: [GC (Allocation Failure) 2017-02-20T08:36:07.287+0100: 2,524: [ParNew
Desired survivor size 20112992 bytes, new threshold 8 (max 8)
- age   1:    2192560 bytes,    2192560 total
- age   2:     851824 bytes,    3044384 total
- age   3:    6657064 bytes,    9701448 total
: 101249K->12935K(109248K), 0,0106375 secs] 101249K->12935K(502464K), 0,0107388 secs] [Times: user=0,03 sys=0,00, real=0,00 secs] 
Heap after GC invocations=3 (full 0):
 par new generation   total 109248K, used 12935K [0x00000000e0000000, 0x00000000e8000000, 0x00000000e8000000)
  eden space 87424K,   0% used [0x00000000e0000000, 0x00000000e0000000, 0x00000000e5560000)
  from space 21824K,  59% used [0x00000000e6ab0000, 0x00000000e7751f40, 0x00000000e8000000)
  to   space 21824K,   0% used [0x00000000e5560000, 0x00000000e5560000, 0x00000000e6ab0000)
 concurrent mark-sweep generation total 393216K, used 0K [0x00000000e8000000, 0x0000000100000000, 0x0000000100000000)
 Metaspace       used 20993K, capacity 21288K, committed 21628K, reserved 1069056K
  class space    used 2420K, capacity 2590K, committed 2684K, reserved 1048576K
}
2017-02-20T08:36:07.298+0100: 2,535: Total time for which application threads were stopped: 0,0109611 seconds, Stopping threads took: 0,0000596 seconds
2017-02-20T08:36:07.309+0100: 2,546: [GC (CMS Initial Mark) [1 CMS-initial-mark: 0K(393216K)] 25236K(502464K), 0,0063948 secs] [Times: user=0,01 sys=0,00, real=0,00 secs] 
2017-02-20T08:36:07.315+0100: 2,552: Total time for which application threads were stopped: 0,0065710 seconds, Stopping threads took: 0,0000754 seconds
2017-02-20T08:36:07.315+0100: 2,552: [CMS-concurrent-mark-start]
2017-02-20T08:36:07.316+0100: 2,553: [CMS-concurrent-mark: 0,000/0,000 secs] [Times: user=0,00 sys=0,00, real=0,00 secs] 
2017-02-20T08:36:07.316+0100: 2,553: [CMS-concurrent-preclean-start]
2017-02-20T08:36:07.317+0100: 2,554: [CMS-concurrent-preclean: 0,001/0,001 secs] [Times: user=0,01 sys=0,00, real=0,00 secs] 
2017-02-20T08:36:07.317+0100: 2,554: [CMS-concurrent-abortable-preclean-start]
2017-02-20T08:36:07.379+0100: 2,616: Total time for which application threads were stopped: 0,0001843 seconds, Stopping threads took: 0,0000694 seconds
{Heap before GC invocations=3 (full 1):
 par new generation   total 109248K, used 100359K [0x00000000e0000000, 0x00000000e8000000, 0x00000000e8000000)
  eden space 87424K, 100% used [0x00000000e0000000, 0x00000000e5560000, 0x00000000e5560000)
  from space 21824K,  59% used [0x00000000e6ab0000, 0x00000000e7751f40, 0x00000000e8000000)
  to   space 21824K,   0% used [0x00000000e5560000, 0x00000000e5560000, 0x00000000e6ab0000)
 concurrent mark-sweep generation total 393216K, used 0K [0x00000000e8000000, 0x0000000100000000, 0x0000000100000000)
 Metaspace       used 21256K, capacity 21638K, committed 21884K, reserved 1069056K
  class space    used 2448K, capacity 2607K, committed 2684K, reserved 1048576K
2017-02-20T08:36:07.424+0100: 2,661: [GC (Allocation Failure) 2017-02-20T08:36:07.424+0100: 2,661: [ParNew
Desired survivor size 20112992 bytes, new threshold 8 (max 8)
- age   1:    1314008 bytes,    1314008 total
- age   2:    1457552 bytes,    2771560 total
- age   3:     820384 bytes,    3591944 total
- age   4:    6656912 bytes,   10248856 total
: 100359K->13722K(109248K), 0,0096890 secs] 100359K->13722K(502464K), 0,0097515 secs] [Times: user=0,04 sys=0,00, real=0,01 secs] 
Heap after GC invocations=4 (full 1):
 par new generation   total 109248K, used 13722K [0x00000000e0000000, 0x00000000e8000000, 0x00000000e8000000)
  eden space 87424K,   0% used [0x00000000e0000000, 0x00000000e0000000, 0x00000000e5560000)
  from space 21824K,  62% used [0x00000000e5560000, 0x00000000e62c6a58, 0x00000000e6ab0000)
  to   space 21824K,   0% used [0x00000000e6ab0000, 0x00000000e6ab0000, 0x00000000e8000000)
 concurrent mark-sweep generation total 393216K, used 0K [0x00000000e8000000, 0x0000000100000000, 0x0000000100000000)
 Metaspace       used 21256K, capacity 21638K, committed 21884K, reserved 1069056K
  class space    used 2448K, capacity 2607K, committed 2684K, reserved 1048576K
}
2017-02-20T08:36:07.434+0100: 2,671: Total time for which application threads were stopped: 0,0100297 seconds, Stopping threads took: 0,0001225 seconds
{Heap before GC invocations=4 (full 1):
 par new generation   total 109248K, used 101146K [0x00000000e0000000, 0x00000000e8000000, 0x00000000e8000000)
  eden space 87424K, 100% used [0x00000000e0000000, 0x00000000e5560000, 0x00000000e5560000)
  from space 21824K,  62% used [0x00000000e5560000, 0x00000000e62c6a58, 0x00000000e6ab0000)
  to   space 21824K,   0% used [0x00000000e6ab0000, 0x00000000e6ab0000, 0x00000000e8000000)
 concurrent mark-sweep generation total 393216K, used 0K [0x00000000e8000000, 0x0000000100000000, 0x0000000100000000)
 Metaspace       used 21413K, capacity 21804K, committed 21884K, reserved 1069056K
  class space    used 2469K, capacity 2640K, committed 2684K, reserved 1048576K
2017-02-20T08:36:07.551+0100: 2,788: [GC (Allocation Failure) 2017-02-20T08:36:07.551+0100: 2,788: [ParNew
Desired survivor size 20112992 bytes, new threshold 8 (max 8)
- age   1:    1606792 bytes,    1606792 total
- age   2:     177232 bytes,    1784024 total
- age   3:    1457280 bytes,    3241304 total
- age   4:     818336 bytes,    4059640 total
- age   5:    6657112 bytes,   10716752 total
: 101146K->13752K(109248K), 0,0108725 secs] 101146K->13752K(502464K), 0,0109515 secs] [Times: user=0,04 sys=0,00, real=0,01 secs] 
Heap after GC invocations=5 (full 1):
 par new generation   total 109248K, used 13752K [0x00000000e0000000, 0x00000000e8000000, 0x00000000e8000000)
  eden space 87424K,   0% used [0x00000000e0000000, 0x00000000e0000000, 0x00000000e5560000)
  from space 21824K,  63% used [0x00000000e6ab0000, 0x00000000e781e040, 0x00000000e8000000)
  to   space 21824K,   0% used [0x00000000e5560000, 0x00000000e5560000, 0x00000000e6ab0000)
 concurrent mark-sweep generation total 393216K, used 0K [0x00000000e8000000, 0x0000000100000000, 0x0000000100000000)
 Metaspace       used 21413K, capacity 21804K, committed 21884K, reserved 1069056K
  class space    used 2469K, capacity 2640K, committed 2684K, reserved 1048576K
}
2017-02-20T08:36:07.562+0100: 2,799: Total time for which application threads were stopped: 0,0118026 seconds, Stopping threads took: 0,0007124 seconds
2017-02-20T08:36:07.597+0100: 2,834: Total time for which application threads were stopped: 0,0001624 seconds, Stopping threads took: 0,0000803 seconds
2017-02-20T08:36:07.597+0100: 2,834: [CMS-concurrent-abortable-preclean: 0,209/0,280 secs] [Times: user=1,02 sys=0,01, real=0,28 secs] 
2017-02-20T08:36:07.598+0100: 2,835: [GC (CMS Final Remark) [YG occupancy: 30706 K (109248 K)]{Heap before GC invocations=5 (full 1):
 par new generation   total 109248K, used 30706K [0x00000000e0000000, 0x00000000e8000000, 0x00000000e8000000)
  eden space 87424K,  19% used [0x00000000e0000000, 0x00000000e108e870, 0x00000000e5560000)
  from space 21824K,  63% used [0x00000000e6ab0000, 0x00000000e781e040, 0x00000000e8000000)
  to   space 21824K,   0% used [0x00000000e5560000, 0x00000000e5560000, 0x00000000e6ab0000)
 concurrent mark-sweep generation total 393216K, used 0K [0x00000000e8000000, 0x0000000100000000, 0x0000000100000000)
 Metaspace       used 21558K, capacity 21944K, committed 22216K, reserved 1069056K
  class space    used 2488K, capacity 2642K, committed 2684K, reserved 1048576K
2017-02-20T08:36:07.598+0100: 2,835: [GC (CMS Final Remark) 2017-02-20T08:36:07.598+0100: 2,835: [ParNew
Desired survivor size 20112992 bytes, new threshold 8 (max 8)
- age   1:     211904 bytes,     211904 total
- age   2:     108456 bytes,     320360 total
- age   3:     176344 bytes,     496704 total
- age   4:     290456 bytes,     787160 total
- age   5:     818304 bytes,    1605464 total
- age   6:    6657232 bytes,    8262696 total
: 30706K->11643K(109248K), 0,0129350 secs] 30706K->11643K(502464K), 0,0129810 secs] [Times: user=0,05 sys=0,00, real=0,02 secs] 
Heap after GC invocations=6 (full 1):
 par new generation   total 109248K, used 11643K [0x00000000e0000000, 0x00000000e8000000, 0x00000000e8000000)
  eden space 87424K,   0% used [0x00000000e0000000, 0x00000000e0000000, 0x00000000e5560000)
  from space 21824K,  53% used [0x00000000e5560000, 0x00000000e60bec30, 0x00000000e6ab0000)
  to   space 21824K,   0% used [0x00000000e6ab0000, 0x00000000e6ab0000, 0x00000000e8000000)
 concurrent mark-sweep generation total 393216K, used 0K [0x00000000e8000000, 0x0000000100000000, 0x0000000100000000)
 Metaspace       used 21558K, capacity 21944K, committed 22216K, reserved 1069056K
  class space    used 2488K, capacity 2642K, committed 2684K, reserved 1048576K
}
2017-02-20T08:36:07.611+0100: 2,848: [Rescan (parallel) , 0,0032065 secs]2017-02-20T08:36:07.614+0100: 2,851: [weak refs processing, 0,0005151 secs]2017-02-20T08:36:07.614+0100: 2,851: [class unloading, 0,0028881 secs]2017-02-20T08:36:07.617+0100: 2,854: [scrub symbol table, 0,0033352 secs]2017-02-20T08:36:07.621+0100: 2,858: [scrub string table, 0,0003636 secs][1 CMS-remark: 0K(393216K)] 11643K(502464K), 0,0239717 secs] [Times: user=0,06 sys=0,01, real=0,03 secs] 
2017-02-20T08:36:07.622+0100: 2,859: Total time for which application threads were stopped: 0,0240928 seconds, Stopping threads took: 0,0000472 seconds
2017-02-20T08:36:07.622+0100: 2,859: [CMS-concurrent-sweep-start]
2017-02-20T08:36:07.622+0100: 2,859: [CMS-concurrent-sweep: 0,000/0,000 secs] [Times: user=0,00 sys=0,00, real=0,00 secs] 
2017-02-20T08:36:07.622+0100: 2,859: [CMS-concurrent-reset-start]
2017-02-20T08:36:07.624+0100: 2,861: [CMS-concurrent-reset: 0,002/0,002 secs] [Times: user=0,01 sys=0,00, real=0,00 secs] 
2017-02-20T08:36:07.633+0100: 2,870: Total time for which application threads were stopped: 0,0003377 seconds, Stopping threads took: 0,0000269 seconds
2017-02-20T08:36:07.827+0100: 3,064: Total time for which application threads were stopped: 0,0004592 seconds, Stopping threads took: 0,0000584 seconds
2017-02-20T08:36:07.843+0100: 3,080: Total time for which application threads were stopped: 0,0004706 seconds, Stopping threads took: 0,0000543 seconds
2017-02-20T08:36:07.879+0100: 3,116: Total time for which application threads were stopped: 0,0003901 seconds, Stopping threads took: 0,0000240 seconds
{Heap before GC invocations=6 (full 1):
 par new generation   total 109248K, used 99067K [0x00000000e0000000, 0x00000000e8000000, 0x00000000e8000000)
  eden space 87424K, 100% used [0x00000000e0000000, 0x00000000e5560000, 0x00000000e5560000)
  from space 21824K,  53% used [0x00000000e5560000, 0x00000000e60bec30, 0x00000000e6ab0000)
  to   space 21824K,   0% used [0x00000000e6ab0000, 0x00000000e6ab0000, 0x00000000e8000000)
 concurrent mark-sweep generation total 393216K, used 0K [0x00000000e8000000, 0x0000000100000000, 0x0000000100000000)
 Metaspace       used 24358K, capacity 24844K, committed 25084K, reserved 1071104K
  class space    used 2862K, capacity 3052K, committed 3068K, reserved 1048576K
2017-02-20T08:36:08.048+0100: 3,285: [GC (Allocation Failure) 2017-02-20T08:36:08.048+0100: 3,285: [ParNew
Desired survivor size 20112992 bytes, new threshold 8 (max 8)
- age   1:    5214080 bytes,    5214080 total
- age   2:     109376 bytes,    5323456 total
- age   3:     108296 bytes,    5431752 total
- age   4:     175832 bytes,    5607584 total
- age   5:     287176 bytes,    5894760 total
- age   6:     794008 bytes,    6688768 total
- age   7:    6649624 bytes,   13338392 total
: 99067K->16197K(109248K), 0,0216888 secs] 99067K->16197K(502464K), 0,0217681 secs] [Times: user=0,08 sys=0,00, real=0,02 secs] 
Heap after GC invocations=7 (full 1):
 par new generation   total 109248K, used 16197K [0x00000000e0000000, 0x00000000e8000000, 0x00000000e8000000)
  eden space 87424K,   0% used [0x00000000e0000000, 0x00000000e0000000, 0x00000000e5560000)
  from space 21824K,  74% used [0x00000000e6ab0000, 0x00000000e7a816a0, 0x00000000e8000000)
  to   space 21824K,   0% used [0x00000000e5560000, 0x00000000e5560000, 0x00000000e6ab0000)
 concurrent mark-sweep generation total 393216K, used 0K [0x00000000e8000000, 0x0000000100000000, 0x0000000100000000)
 Metaspace       used 24358K, capacity 24844K, committed 25084K, reserved 1071104K
  class space    used 2862K, capacity 3052K, committed 3068K, reserved 1048576K
}
2017-02-20T08:36:08.070+0100: 3,307: Total time for which application threads were stopped: 0,0228596 seconds, Stopping threads took: 0,0008582 seconds
{Heap before GC invocations=7 (full 1):
 par new generation   total 109248K, used 103621K [0x00000000e0000000, 0x00000000e8000000, 0x00000000e8000000)
  eden space 87424K, 100% used [0x00000000e0000000, 0x00000000e5560000, 0x00000000e5560000)
  from space 21824K,  74% used [0x00000000e6ab0000, 0x00000000e7a816a0, 0x00000000e8000000)
  to   space 21824K,   0% used [0x00000000e5560000, 0x00000000e5560000, 0x00000000e6ab0000)
 concurrent mark-sweep generation total 393216K, used 0K [0x00000000e8000000, 0x0000000100000000, 0x0000000100000000)
 Metaspace       used 25012K, capacity 25474K, committed 25724K, reserved 1071104K
  class space    used 2915K, capacity 3088K, committed 3196K, reserved 1048576K
2017-02-20T08:36:08.285+0100: 3,522: [GC (Allocation Failure) 2017-02-20T08:36:08.285+0100: 3,522: [ParNew
Desired survivor size 20112992 bytes, new threshold 8 (max 8)
- age   1:    1195496 bytes,    1195496 total
- age   2:    1755496 bytes,    2950992 total
- age   3:      79088 bytes,    3030080 total
- age   4:      80744 bytes,    3110824 total
- age   5:     133752 bytes,    3244576 total
- age   6:     238904 bytes,    3483480 total
- age   7:     766544 bytes,    4250024 total
- age   8:    6383248 bytes,   10633272 total
: 103621K->16273K(109248K), 0,0185806 secs] 103621K->16273K(502464K), 0,0186629 secs] [Times: user=0,07 sys=0,00, real=0,02 secs] 
Heap after GC invocations=8 (full 1):
 par new generation   total 109248K, used 16273K [0x00000000e0000000, 0x00000000e8000000, 0x00000000e8000000)
  eden space 87424K,   0% used [0x00000000e0000000, 0x00000000e0000000, 0x00000000e5560000)
  from space 21824K,  74% used [0x00000000e5560000, 0x00000000e65446f0, 0x00000000e6ab0000)
  to   space 21824K,   0% used [0x00000000e6ab0000, 0x00000000e6ab0000, 0x00000000e8000000)
 concurrent mark-sweep generation total 393216K, used 0K [0x00000000e8000000, 0x0000000100000000, 0x0000000100000000)
 Metaspace       used 25012K, capacity 25474K, committed 25724K, reserved 1071104K
  class space    used 2915K, capacity 3088K, committed 3196K, reserved 1048576K
}
2017-02-20T08:36:08.303+0100: 3,540: Total time for which application threads were stopped: 0,0189144 seconds, Stopping threads took: 0,0000589 seconds
2017-02-20T08:36:08.441+0100: 3,678: Total time for which application threads were stopped: 0,0003816 seconds, Stopping threads took: 0,0000225 seconds
2017-02-20T08:36:08.512+0100: 3,750: Total time for which application threads were stopped: 0,0004684 seconds, Stopping threads took: 0,0000749 seconds
2017-02-20T08:36:08.543+0100: 3,780: Total time for which application threads were stopped: 0,0005524 seconds, Stopping threads took: 0,0000615 seconds
2017-02-20T08:36:08.644+0100: 3,881: Total time for which application threads were stopped: 0,0025794 seconds, Stopping threads took: 0,0021922 seconds
2017-02-20T08:36:08.799+0100: 4,037: Total time for which application threads were stopped: 0,0005525 seconds, Stopping threads took: 0,0000638 seconds
2017-02-20T08:36:08.816+0100: 4,053: Total time for which application threads were stopped: 0,0007502 seconds, Stopping threads took: 0,0001121 seconds
2017-02-20T08:36:08.829+0100: 4,066: Total time for which application threads were stopped: 0,0003188 seconds, Stopping threads took: 0,0001991 seconds
2017-02-20T08:36:08.838+0100: 4,075: Total time for which application threads were stopped: 0,0003698 seconds, Stopping threads took: 0,0000766 seconds
2017-02-20T08:36:09.838+0100: 5,075: Total time for which application threads were stopped: 0,0000649 seconds, Stopping threads took: 0,0000182 seconds
2017-02-20T08:36:10.838+0100: 6,076: Total time for which application threads were stopped: 0,0000939 seconds, Stopping threads took: 0,0000250 seconds
2017-02-20T08:36:26.840+0100: 22,077: Total time for which application threads were stopped: 0,0000981 seconds, Stopping threads took: 0,0000238 seconds
2017-02-20T08:36:36.841+0100: 32,078: Total time for which application threads were stopped: 0,0000721 seconds, Stopping threads took: 0,0000192 seconds
2017-02-20T08:36:56.843+0100: 52,080: Total time for which application threads were stopped: 0,0000925 seconds, Stopping threads took: 0,0000386 seconds
2017-02-20T08:37:05.843+0100: 61,081: Total time for which application threads were stopped: 0,0000657 seconds, Stopping threads took: 0,0000169 seconds
2017-02-20T08:37:10.844+0100: 66,081: Total time for which application threads were stopped: 0,0001138 seconds, Stopping threads took: 0,0000223 seconds
2017-02-20T08:37:30.847+0100: 86,084: Total time for which application threads were stopped: 0,0000651 seconds, Stopping threads took: 0,0000167 seconds
2017-02-20T08:37:35.847+0100: 91,084: Total time for which application threads were stopped: 0,0000956 seconds, Stopping threads took: 0,0000249 seconds
2017-02-20T08:37:56.850+0100: 112,087: Total time for which application threads were stopped: 0,0000896 seconds, Stopping threads took: 0,0000343 seconds
2017-02-20T08:38:01.850+0100: 117,088: Total time for which application threads were stopped: 0,0000729 seconds, Stopping threads took: 0,0000193 seconds
2017-02-20T08:38:06.851+0100: 122,088: Total time for which application threads were stopped: 0,0000727 seconds, Stopping threads took: 0,0000164 seconds
2017-02-20T08:38:25.854+0100: 141,091: Total time for which application threads were stopped: 0,0000790 seconds, Stopping threads took: 0,0000316 seconds
2017-02-20T08:38:30.854+0100: 146,091: Total time for which application threads were stopped: 0,0001159 seconds, Stopping threads took: 0,0000160 seconds
2017-02-20T08:40:26.869+0100: 262,106: Total time for which application threads were stopped: 0,0001331 seconds, Stopping threads took: 0,0000501 seconds
2017-02-20T08:59:36.049+0100: 1411,286: Total time for which application threads were stopped: 0,0001689 seconds, Stopping threads took: 0,0000646 seconds
2017-02-20T09:01:07.064+0100: 1502,301: Total time for which application threads were stopped: 0,0001726 seconds, Stopping threads took: 0,0000671 seconds
2017-02-20T09:01:37.069+0100: 1532,306: Total time for which application threads were stopped: 0,0001796 seconds, Stopping threads took: 0,0000654 seconds
2017-02-20T09:04:51.101+0100: 1726,338: Total time for which application threads were stopped: 0,0000885 seconds, Stopping threads took: 0,0000333 seconds
2017-02-20T09:08:06.132+0100: 1921,369: Total time for which application threads were stopped: 0,0000869 seconds, Stopping threads took: 0,0000326 seconds
2017-02-20T09:14:26.192+0100: 2301,429: Total time for which application threads were stopped: 0,0000911 seconds, Stopping threads took: 0,0000343 seconds
2017-02-20T09:14:27.192+0100: 2302,429: Total time for which application threads were stopped: 0,0001681 seconds, Stopping threads took: 0,0000373 seconds
2017-02-20T09:17:06.216+0100: 2461,453: Total time for which application threads were stopped: 0,0000892 seconds, Stopping threads took: 0,0000327 seconds
2017-02-20T09:42:17.158+0100: 3197,155: Total time for which application threads were stopped: 0,0000800 seconds, Stopping threads took: 0,0000311 seconds
2017-02-20T09:52:32.243+0100: 3812,240: Total time for which application threads were stopped: 0,0001947 seconds, Stopping threads took: 0,0000713 seconds
2017-02-20T09:52:37.244+0100: 3817,241: Total time for which application threads were stopped: 0,0001338 seconds, Stopping threads took: 0,0000299 seconds
2017-02-20T10:15:23.024+0100: 5182,457: Total time for which application threads were stopped: 0,0001624 seconds, Stopping threads took: 0,0000601 seconds
2017-02-20T10:18:18.051+0100: 5357,484: Total time for which application threads were stopped: 0,0001403 seconds, Stopping threads took: 0,0000475 seconds
2017-02-20T10:18:56.978+0100: 5396,412: Total time for which application threads were stopped: 0,0036848 seconds, Stopping threads took: 0,0035126 seconds
2017-02-20T10:18:56.989+0100: 5396,422: Total time for which application threads were stopped: 0,0001207 seconds, Stopping threads took: 0,0000308 seconds
2017-02-20T10:18:57.002+0100: 5396,436: Total time for which application threads were stopped: 0,0001230 seconds, Stopping threads took: 0,0000257 seconds
Heap
 par new generation   total 109248K, used 92666K [0x00000000e0000000, 0x00000000e8000000, 0x00000000e8000000)
  eden space 87424K,  87% used [0x00000000e0000000, 0x00000000e4a9a268, 0x00000000e5560000)
  from space 21824K,  74% used [0x00000000e5560000, 0x00000000e65446f0, 0x00000000e6ab0000)
  to   space 21824K,   0% used [0x00000000e6ab0000, 0x00000000e6ab0000, 0x00000000e8000000)
 concurrent mark-sweep generation total 393216K, used 0K [0x00000000e8000000, 0x0000000100000000, 0x0000000100000000)
 Metaspace       used 28167K, capacity 28758K, committed 29052K, reserved 1075200K
  class space    used 3235K, capacity 3432K, committed 3452K, reserved 1048576K
