OpenJDK 64-Bit Server VM (25.111-b14) for linux-amd64 JRE (1.8.0_111-8u111-b14-2ubuntu0.16.04.2-b14), built on Oct 27 2016 18:10:19 by "buildd" with gcc 5.4.0 20160609
Memory: 4k page, physical 7867876k(7461056k free), swap 8076284k(8076284k free)
CommandLine flags: -XX:CMSInitiatingOccupancyFraction=50 -XX:CMSMaxAbortablePrecleanTime=6000 -XX:+CMSParallelRemarkEnabled -XX:+CMSScavengeBeforeRemark -XX:ConcGCThreads=4 -XX:InitialHeapSize=536870912 -XX:MaxHeapSize=536870912 -XX:MaxTenuringThreshold=8 -XX:NewRatio=3 -XX:OldPLABSize=16 -XX:OnOutOfMemoryError=/opt/solr/bin/oom_solr.sh 8983 /var/solr/logs -XX:ParallelGCThreads=4 -XX:+ParallelRefProcEnabled -XX:PretenureSizeThreshold=67108864 -XX:+PrintGC -XX:+PrintGCApplicationStoppedTime -XX:+PrintGCDateStamps -XX:+PrintGCDetails -XX:+PrintGCTimeStamps -XX:+PrintHeapAtGC -XX:+PrintTenuringDistribution -XX:SurvivorRatio=4 -XX:TargetSurvivorRatio=90 -XX:ThreadStackSize=256 -XX:+UseCMSInitiatingOccupancyOnly -XX:+UseCompressedClassPointers -XX:+UseCompressedOops -XX:+UseConcMarkSweepGC -XX:+UseParNewGC 
2016-11-10T06:42:45.729+0100: 0,122: Total time for which application threads were stopped: 0,0000642 seconds, Stopping threads took: 0,0000101 seconds
2016-11-10T06:42:45.814+0100: 0,206: Total time for which application threads were stopped: 0,0000933 seconds, Stopping threads took: 0,0000150 seconds
2016-11-10T06:42:45.830+0100: 0,223: Total time for which application threads were stopped: 0,0000914 seconds, Stopping threads took: 0,0000285 seconds
2016-11-10T06:42:45.998+0100: 0,391: Total time for which application threads were stopped: 0,0001450 seconds, Stopping threads took: 0,0000156 seconds
2016-11-10T06:42:46.290+0100: 0,682: Total time for which application threads were stopped: 0,0001790 seconds, Stopping threads took: 0,0000173 seconds
2016-11-10T06:42:46.460+0100: 0,853: Total time for which application threads were stopped: 0,0002337 seconds, Stopping threads took: 0,0000316 seconds
2016-11-10T06:42:46.510+0100: 0,903: Total time for which application threads were stopped: 0,0001980 seconds, Stopping threads took: 0,0000189 seconds
2016-11-10T06:42:46.793+0100: 1,186: Total time for which application threads were stopped: 0,0002233 seconds, Stopping threads took: 0,0000185 seconds
2016-11-10T06:42:47.048+0100: 1,441: Total time for which application threads were stopped: 0,0009272 seconds, Stopping threads took: 0,0000955 seconds
2016-11-10T06:42:47.074+0100: 1,467: Total time for which application threads were stopped: 0,0001829 seconds, Stopping threads took: 0,0000235 seconds
2016-11-10T06:42:47.075+0100: 1,468: Total time for which application threads were stopped: 0,0001468 seconds, Stopping threads took: 0,0000114 seconds
2016-11-10T06:42:47.092+0100: 1,484: Total time for which application threads were stopped: 0,0001610 seconds, Stopping threads took: 0,0000239 seconds
2016-11-10T06:42:47.205+0100: 1,598: Total time for which application threads were stopped: 0,0003632 seconds, Stopping threads took: 0,0000218 seconds
2016-11-10T06:42:47.417+0100: 1,809: Total time for which application threads were stopped: 0,0006309 seconds, Stopping threads took: 0,0002456 seconds
2016-11-10T06:42:47.562+0100: 1,955: Total time for which application threads were stopped: 0,0005518 seconds, Stopping threads took: 0,0004511 seconds
{Heap before GC invocations=0 (full 0):
 par new generation   total 109248K, used 87551K [0x00000000e0000000, 0x00000000e8000000, 0x00000000e8000000)
  eden space 87424K, 100% used [0x00000000e0000000, 0x00000000e5560000, 0x00000000e5560000)
  from space 21824K,   0% used [0x00000000e5560000, 0x00000000e557fc10, 0x00000000e6ab0000)
  to   space 21824K,   0% used [0x00000000e6ab0000, 0x00000000e6ab0000, 0x00000000e8000000)
 concurrent mark-sweep generation total 393216K, used 0K [0x00000000e8000000, 0x0000000100000000, 0x0000000100000000)
 Metaspace       used 18036K, capacity 18366K, committed 18560K, reserved 1064960K
  class space    used 2044K, capacity 2162K, committed 2176K, reserved 1048576K
2016-11-10T06:42:47.562+0100: 1,955: [GC (GCLocker Initiated GC) 2016-11-10T06:42:47.562+0100: 1,955: [ParNew
Desired survivor size 20112992 bytes, new threshold 8 (max 8)
- age   1:   12964752 bytes,   12964752 total
: 87551K->12764K(109248K), 0,0157484 secs] 87551K->12764K(502464K), 0,0158300 secs] [Times: user=0,01 sys=0,05, real=0,02 secs] 
Heap after GC invocations=1 (full 0):
 par new generation   total 109248K, used 12764K [0x00000000e0000000, 0x00000000e8000000, 0x00000000e8000000)
  eden space 87424K,   0% used [0x00000000e0000000, 0x00000000e0000000, 0x00000000e5560000)
  from space 21824K,  58% used [0x00000000e6ab0000, 0x00000000e7727270, 0x00000000e8000000)
  to   space 21824K,   0% used [0x00000000e5560000, 0x00000000e5560000, 0x00000000e6ab0000)
 concurrent mark-sweep generation total 393216K, used 0K [0x00000000e8000000, 0x0000000100000000, 0x0000000100000000)
 Metaspace       used 18036K, capacity 18366K, committed 18560K, reserved 1064960K
  class space    used 2044K, capacity 2162K, committed 2176K, reserved 1048576K
}
2016-11-10T06:42:47.578+0100: 1,971: Total time for which application threads were stopped: 0,0159471 seconds, Stopping threads took: 0,0000134 seconds
2016-11-10T06:42:47.798+0100: 2,191: Total time for which application threads were stopped: 0,0003459 seconds, Stopping threads took: 0,0000382 seconds
2016-11-10T06:42:47.829+0100: 2,222: Total time for which application threads were stopped: 0,0003301 seconds, Stopping threads took: 0,0000616 seconds
2016-11-10T06:42:47.854+0100: 2,246: Total time for which application threads were stopped: 0,0003782 seconds, Stopping threads took: 0,0000447 seconds
{Heap before GC invocations=1 (full 0):
 par new generation   total 109248K, used 100188K [0x00000000e0000000, 0x00000000e8000000, 0x00000000e8000000)
  eden space 87424K, 100% used [0x00000000e0000000, 0x00000000e5560000, 0x00000000e5560000)
  from space 21824K,  58% used [0x00000000e6ab0000, 0x00000000e7727270, 0x00000000e8000000)
  to   space 21824K,   0% used [0x00000000e5560000, 0x00000000e5560000, 0x00000000e6ab0000)
 concurrent mark-sweep generation total 393216K, used 0K [0x00000000e8000000, 0x0000000100000000, 0x0000000100000000)
 Metaspace       used 20415K, capacity 20716K, committed 20992K, reserved 1067008K
  class space    used 2359K, capacity 2483K, committed 2560K, reserved 1048576K
2016-11-10T06:42:47.951+0100: 2,344: [GC (Allocation Failure) 2016-11-10T06:42:47.951+0100: 2,344: [ParNew
Desired survivor size 20112992 bytes, new threshold 8 (max 8)
- age   1:    3589288 bytes,    3589288 total
- age   2:    6479664 bytes,   10068952 total
: 100188K->13650K(109248K), 0,0110756 secs] 100188K->13650K(502464K), 0,0111353 secs] [Times: user=0,04 sys=0,00, real=0,01 secs] 
Heap after GC invocations=2 (full 0):
 par new generation   total 109248K, used 13650K [0x00000000e0000000, 0x00000000e8000000, 0x00000000e8000000)
  eden space 87424K,   0% used [0x00000000e0000000, 0x00000000e0000000, 0x00000000e5560000)
  from space 21824K,  62% used [0x00000000e5560000, 0x00000000e62b4a68, 0x00000000e6ab0000)
  to   space 21824K,   0% used [0x00000000e6ab0000, 0x00000000e6ab0000, 0x00000000e8000000)
 concurrent mark-sweep generation total 393216K, used 0K [0x00000000e8000000, 0x0000000100000000, 0x0000000100000000)
 Metaspace       used 20415K, capacity 20716K, committed 20992K, reserved 1067008K
  class space    used 2359K, capacity 2483K, committed 2560K, reserved 1048576K
}
2016-11-10T06:42:47.962+0100: 2,355: Total time for which application threads were stopped: 0,0115676 seconds, Stopping threads took: 0,0002587 seconds
2016-11-10T06:42:48.076+0100: 2,469: Total time for which application threads were stopped: 0,0002328 seconds, Stopping threads took: 0,0001265 seconds
{Heap before GC invocations=2 (full 0):
 par new generation   total 109248K, used 101074K [0x00000000e0000000, 0x00000000e8000000, 0x00000000e8000000)
  eden space 87424K, 100% used [0x00000000e0000000, 0x00000000e5560000, 0x00000000e5560000)
  from space 21824K,  62% used [0x00000000e5560000, 0x00000000e62b4a68, 0x00000000e6ab0000)
  to   space 21824K,   0% used [0x00000000e6ab0000, 0x00000000e6ab0000, 0x00000000e8000000)
 concurrent mark-sweep generation total 393216K, used 0K [0x00000000e8000000, 0x0000000100000000, 0x0000000100000000)
 Metaspace       used 20855K, capacity 21200K, committed 21504K, reserved 1069056K
  class space    used 2410K, capacity 2527K, committed 2560K, reserved 1048576K
2016-11-10T06:42:48.097+0100: 2,490: [GC (Allocation Failure) 2016-11-10T06:42:48.097+0100: 2,490: [ParNew
Desired survivor size 20112992 bytes, new threshold 8 (max 8)
- age   1:    1111952 bytes,    1111952 total
- age   2:    1419752 bytes,    2531704 total
- age   3:    6439112 bytes,    8970816 total
: 101074K->11274K(109248K), 0,0113237 secs] 101074K->11274K(502464K), 0,0114154 secs] [Times: user=0,04 sys=0,00, real=0,01 secs] 
Heap after GC invocations=3 (full 0):
 par new generation   total 109248K, used 11274K [0x00000000e0000000, 0x00000000e8000000, 0x00000000e8000000)
  eden space 87424K,   0% used [0x00000000e0000000, 0x00000000e0000000, 0x00000000e5560000)
  from space 21824K,  51% used [0x00000000e6ab0000, 0x00000000e75b2b80, 0x00000000e8000000)
  to   space 21824K,   0% used [0x00000000e5560000, 0x00000000e5560000, 0x00000000e6ab0000)
 concurrent mark-sweep generation total 393216K, used 0K [0x00000000e8000000, 0x0000000100000000, 0x0000000100000000)
 Metaspace       used 20855K, capacity 21200K, committed 21504K, reserved 1069056K
  class space    used 2410K, capacity 2527K, committed 2560K, reserved 1048576K
}
2016-11-10T06:42:48.108+0100: 2,501: Total time for which application threads were stopped: 0,0116470 seconds, Stopping threads took: 0,0000992 seconds
2016-11-10T06:42:48.111+0100: 2,504: [GC (CMS Initial Mark) [1 CMS-initial-mark: 0K(393216K)] 13076K(502464K), 0,0036800 secs] [Times: user=0,01 sys=0,00, real=0,00 secs] 
2016-11-10T06:42:48.115+0100: 2,507: Total time for which application threads were stopped: 0,0038047 seconds, Stopping threads took: 0,0000449 seconds
2016-11-10T06:42:48.115+0100: 2,507: [CMS-concurrent-mark-start]
2016-11-10T06:42:48.115+0100: 2,508: [CMS-concurrent-mark: 0,001/0,001 secs] [Times: user=0,00 sys=0,00, real=0,01 secs] 
2016-11-10T06:42:48.115+0100: 2,508: [CMS-concurrent-preclean-start]
2016-11-10T06:42:48.116+0100: 2,509: [CMS-concurrent-preclean: 0,001/0,001 secs] [Times: user=0,00 sys=0,00, real=0,00 secs] 
2016-11-10T06:42:48.116+0100: 2,509: [CMS-concurrent-abortable-preclean-start]
2016-11-10T06:42:48.211+0100: 2,604: Total time for which application threads were stopped: 0,0001280 seconds, Stopping threads took: 0,0000433 seconds
2016-11-10T06:42:48.211+0100: 2,604: [CMS-concurrent-abortable-preclean: 0,061/0,095 secs] [Times: user=0,34 sys=0,01, real=0,09 secs] 
2016-11-10T06:42:48.211+0100: 2,604: [GC (CMS Final Remark) [YG occupancy: 78708 K (109248 K)]{Heap before GC invocations=3 (full 1):
 par new generation   total 109248K, used 78708K [0x00000000e0000000, 0x00000000e8000000, 0x00000000e8000000)
  eden space 87424K,  77% used [0x00000000e0000000, 0x00000000e41da6c8, 0x00000000e5560000)
  from space 21824K,  51% used [0x00000000e6ab0000, 0x00000000e75b2b80, 0x00000000e8000000)
  to   space 21824K,   0% used [0x00000000e5560000, 0x00000000e5560000, 0x00000000e6ab0000)
 concurrent mark-sweep generation total 393216K, used 0K [0x00000000e8000000, 0x0000000100000000, 0x0000000100000000)
 Metaspace       used 21200K, capacity 21584K, committed 21756K, reserved 1069056K
  class space    used 2450K, capacity 2591K, committed 2688K, reserved 1048576K
2016-11-10T06:42:48.211+0100: 2,604: [GC (CMS Final Remark) 2016-11-10T06:42:48.211+0100: 2,604: [ParNew
Desired survivor size 20112992 bytes, new threshold 8 (max 8)
- age   1:     424848 bytes,     424848 total
- age   2:     178032 bytes,     602880 total
- age   3:     643944 bytes,    1246824 total
- age   4:    6439328 bytes,    7686152 total
: 78708K->10562K(109248K), 0,0224064 secs] 78708K->10562K(502464K), 0,0224440 secs] [Times: user=0,07 sys=0,00, real=0,02 secs] 
Heap after GC invocations=4 (full 1):
 par new generation   total 109248K, used 10562K [0x00000000e0000000, 0x00000000e8000000, 0x00000000e8000000)
  eden space 87424K,   0% used [0x00000000e0000000, 0x00000000e0000000, 0x00000000e5560000)
  from space 21824K,  48% used [0x00000000e5560000, 0x00000000e5fb0b10, 0x00000000e6ab0000)
  to   space 21824K,   0% used [0x00000000e6ab0000, 0x00000000e6ab0000, 0x00000000e8000000)
 concurrent mark-sweep generation total 393216K, used 0K [0x00000000e8000000, 0x0000000100000000, 0x0000000100000000)
 Metaspace       used 21200K, capacity 21584K, committed 21756K, reserved 1069056K
  class space    used 2450K, capacity 2591K, committed 2688K, reserved 1048576K
}
2016-11-10T06:42:48.234+0100: 2,626: [Rescan (parallel) , 0,0028024 secs]2016-11-10T06:42:48.236+0100: 2,629: [weak refs processing, 0,0010274 secs]2016-11-10T06:42:48.237+0100: 2,630: [class unloading, 0,0028242 secs]2016-11-10T06:42:48.240+0100: 2,633: [scrub symbol table, 0,0025708 secs]2016-11-10T06:42:48.243+0100: 2,636: [scrub string table, 0,0003670 secs][1 CMS-remark: 0K(393216K)] 10562K(502464K), 0,0326548 secs] [Times: user=0,09 sys=0,00, real=0,03 secs] 
2016-11-10T06:42:48.244+0100: 2,636: Total time for which application threads were stopped: 0,0327560 seconds, Stopping threads took: 0,0000439 seconds
2016-11-10T06:42:48.244+0100: 2,636: [CMS-concurrent-sweep-start]
2016-11-10T06:42:48.244+0100: 2,637: [CMS-concurrent-sweep: 0,000/0,000 secs] [Times: user=0,00 sys=0,00, real=0,00 secs] 
2016-11-10T06:42:48.244+0100: 2,637: [CMS-concurrent-reset-start]
2016-11-10T06:42:48.246+0100: 2,639: [CMS-concurrent-reset: 0,002/0,002 secs] [Times: user=0,01 sys=0,00, real=0,00 secs] 
2016-11-10T06:42:48.251+0100: 2,643: Total time for which application threads were stopped: 0,0003130 seconds, Stopping threads took: 0,0000163 seconds
2016-11-10T06:42:48.367+0100: 2,759: Total time for which application threads were stopped: 0,0018665 seconds, Stopping threads took: 0,0015065 seconds
2016-11-10T06:42:48.380+0100: 2,773: Total time for which application threads were stopped: 0,0004040 seconds, Stopping threads took: 0,0000432 seconds
2016-11-10T06:42:48.695+0100: 3,088: Total time for which application threads were stopped: 0,0004611 seconds, Stopping threads took: 0,0000352 seconds
2016-11-10T06:42:49.671+0100: 4,064: Total time for which application threads were stopped: 0,0003204 seconds, Stopping threads took: 0,0000152 seconds
2016-11-10T06:43:17.676+0100: 32,068: Total time for which application threads were stopped: 0,0000647 seconds, Stopping threads took: 0,0000151 seconds
2016-11-10T06:43:51.679+0100: 66,072: Total time for which application threads were stopped: 0,0000659 seconds, Stopping threads took: 0,0000171 seconds
2016-11-10T06:43:56.680+0100: 71,072: Total time for which application threads were stopped: 0,0000981 seconds, Stopping threads took: 0,0000251 seconds
2016-11-10T06:44:01.680+0100: 76,073: Total time for which application threads were stopped: 0,0000644 seconds, Stopping threads took: 0,0000185 seconds
2016-11-10T06:44:11.681+0100: 86,074: Total time for which application threads were stopped: 0,0000732 seconds, Stopping threads took: 0,0000180 seconds
2016-11-10T06:44:21.683+0100: 96,076: Total time for which application threads were stopped: 0,0001203 seconds, Stopping threads took: 0,0000591 seconds
2016-11-10T06:44:41.685+0100: 116,078: Total time for which application threads were stopped: 0,0000769 seconds, Stopping threads took: 0,0000204 seconds
2016-11-10T06:44:51.686+0100: 126,079: Total time for which application threads were stopped: 0,0000786 seconds, Stopping threads took: 0,0000307 seconds
2016-11-10T06:45:22.690+0100: 157,082: Total time for which application threads were stopped: 0,0000860 seconds, Stopping threads took: 0,0000289 seconds
2016-11-10T06:45:46.692+0100: 181,085: Total time for which application threads were stopped: 0,0000615 seconds, Stopping threads took: 0,0000160 seconds
2016-11-10T06:46:22.697+0100: 217,090: Total time for which application threads were stopped: 0,0000871 seconds, Stopping threads took: 0,0000364 seconds
2016-11-10T06:47:21.704+0100: 276,096: Total time for which application threads were stopped: 0,0000775 seconds, Stopping threads took: 0,0000309 seconds
2016-11-10T06:47:32.705+0100: 287,098: Total time for which application threads were stopped: 0,0003582 seconds, Stopping threads took: 0,0000998 seconds
2016-11-10T07:06:31.845+0100: 1426,237: Total time for which application threads were stopped: 0,0000777 seconds, Stopping threads took: 0,0000292 seconds
2016-11-10T07:09:26.864+0100: 1601,257: Total time for which application threads were stopped: 0,0001905 seconds, Stopping threads took: 0,0000639 seconds
2016-11-10T07:09:41.866+0100: 1616,259: Total time for which application threads were stopped: 0,0000674 seconds, Stopping threads took: 0,0000166 seconds
2016-11-10T07:21:56.955+0100: 2351,347: Total time for which application threads were stopped: 0,0000737 seconds, Stopping threads took: 0,0000287 seconds
2016-11-10T07:21:57.955+0100: 2352,347: Total time for which application threads were stopped: 0,0000584 seconds, Stopping threads took: 0,0000141 seconds
2016-11-10T07:42:03.094+0100: 3557,487: Total time for which application threads were stopped: 0,0001059 seconds, Stopping threads took: 0,0000394 seconds
2016-11-10T07:49:32.146+0100: 4006,539: Total time for which application threads were stopped: 0,0000728 seconds, Stopping threads took: 0,0000283 seconds
2016-11-10T07:49:47.148+0100: 4021,540: Total time for which application threads were stopped: 0,0000602 seconds, Stopping threads took: 0,0000141 seconds
{Heap before GC invocations=4 (full 1):
 par new generation   total 109248K, used 97986K [0x00000000e0000000, 0x00000000e8000000, 0x00000000e8000000)
  eden space 87424K, 100% used [0x00000000e0000000, 0x00000000e5560000, 0x00000000e5560000)
  from space 21824K,  48% used [0x00000000e5560000, 0x00000000e5fb0b10, 0x00000000e6ab0000)
  to   space 21824K,   0% used [0x00000000e6ab0000, 0x00000000e6ab0000, 0x00000000e8000000)
 concurrent mark-sweep generation total 393216K, used 0K [0x00000000e8000000, 0x0000000100000000, 0x0000000100000000)
 Metaspace       used 27303K, capacity 27734K, committed 27904K, reserved 1073152K
  class space    used 3164K, capacity 3296K, committed 3328K, reserved 1048576K
2016-11-10T08:24:41.697+0100: 6116,089: [GC (Allocation Failure) 2016-11-10T08:24:41.697+0100: 6116,089: [ParNew
Desired survivor size 20112992 bytes, new threshold 8 (max 8)
- age   1:   11538920 bytes,   11538920 total
- age   2:     150808 bytes,   11689728 total
- age   3:     171632 bytes,   11861360 total
- age   4:     622256 bytes,   12483616 total
- age   5:    6366072 bytes,   18849688 total
: 97986K->20379K(109248K), 0,0871700 secs] 97986K->20379K(502464K), 0,0872529 secs] [Times: user=0,04 sys=0,00, real=0,08 secs] 
Heap after GC invocations=5 (full 1):
 par new generation   total 109248K, used 20379K [0x00000000e0000000, 0x00000000e8000000, 0x00000000e8000000)
  eden space 87424K,   0% used [0x00000000e0000000, 0x00000000e0000000, 0x00000000e5560000)
  from space 21824K,  93% used [0x00000000e6ab0000, 0x00000000e7e96d30, 0x00000000e8000000)
  to   space 21824K,   0% used [0x00000000e5560000, 0x00000000e5560000, 0x00000000e6ab0000)
 concurrent mark-sweep generation total 393216K, used 0K [0x00000000e8000000, 0x0000000100000000, 0x0000000100000000)
 Metaspace       used 27303K, capacity 27734K, committed 27904K, reserved 1073152K
  class space    used 3164K, capacity 3296K, committed 3328K, reserved 1048576K
}
2016-11-10T08:24:41.784+0100: 6116,177: Total time for which application threads were stopped: 0,0874526 seconds, Stopping threads took: 0,0000143 seconds
2016-11-10T08:24:41.831+0100: 6116,223: Total time for which application threads were stopped: 0,0001333 seconds, Stopping threads took: 0,0000227 seconds
Heap
 par new generation   total 109248K, used 33253K [0x00000000e0000000, 0x00000000e8000000, 0x00000000e8000000)
  eden space 87424K,  14% used [0x00000000e0000000, 0x00000000e0c928e8, 0x00000000e5560000)
  from space 21824K,  93% used [0x00000000e6ab0000, 0x00000000e7e96d30, 0x00000000e8000000)
  to   space 21824K,   0% used [0x00000000e5560000, 0x00000000e5560000, 0x00000000e6ab0000)
 concurrent mark-sweep generation total 393216K, used 0K [0x00000000e8000000, 0x0000000100000000, 0x0000000100000000)
 Metaspace       used 27399K, capacity 27836K, committed 28288K, reserved 1075200K
  class space    used 3177K, capacity 3329K, committed 3456K, reserved 1048576K
