OpenJDK 64-Bit Server VM (25.121-b13) for linux-amd64 JRE (1.8.0_121-8u121-b13-0ubuntu1.16.04.2-b13), built on Jan 23 2017 15:51:29 by "buildd" with gcc 5.4.0 20160609
Memory: 4k page, physical 7867800k(7499880k free), swap 8076284k(8076284k free)
CommandLine flags: -XX:CMSInitiatingOccupancyFraction=50 -XX:CMSMaxAbortablePrecleanTime=6000 -XX:+CMSParallelRemarkEnabled -XX:+CMSScavengeBeforeRemark -XX:ConcGCThreads=4 -XX:InitialHeapSize=536870912 -XX:MaxHeapSize=536870912 -XX:MaxTenuringThreshold=8 -XX:NewRatio=3 -XX:OldPLABSize=16 -XX:OnOutOfMemoryError=/opt/solr/bin/oom_solr.sh 8983 /var/solr/logs -XX:ParallelGCThreads=4 -XX:+ParallelRefProcEnabled -XX:PretenureSizeThreshold=67108864 -XX:+PrintGC -XX:+PrintGCApplicationStoppedTime -XX:+PrintGCDateStamps -XX:+PrintGCDetails -XX:+PrintGCTimeStamps -XX:+PrintHeapAtGC -XX:+PrintTenuringDistribution -XX:SurvivorRatio=4 -XX:TargetSurvivorRatio=90 -XX:ThreadStackSize=256 -XX:+UseCMSInitiatingOccupancyOnly -XX:+UseCompressedClassPointers -XX:+UseCompressedOops -XX:+UseConcMarkSweepGC -XX:+UseParNewGC 
2017-02-19T00:13:44.066+0100: 0,136: Total time for which application threads were stopped: 0,0000675 seconds, Stopping threads took: 0,0000099 seconds
2017-02-19T00:13:44.150+0100: 0,219: Total time for which application threads were stopped: 0,0001120 seconds, Stopping threads took: 0,0000157 seconds
2017-02-19T00:13:44.166+0100: 0,236: Total time for which application threads were stopped: 0,0000961 seconds, Stopping threads took: 0,0000297 seconds
2017-02-19T00:13:44.453+0100: 0,523: Total time for which application threads were stopped: 0,0001794 seconds, Stopping threads took: 0,0000283 seconds
2017-02-19T00:13:44.796+0100: 0,866: Total time for which application threads were stopped: 0,0001637 seconds, Stopping threads took: 0,0000262 seconds
2017-02-19T00:13:44.905+0100: 0,975: Total time for which application threads were stopped: 0,0002044 seconds, Stopping threads took: 0,0000332 seconds
2017-02-19T00:13:44.967+0100: 1,037: Total time for which application threads were stopped: 0,0001975 seconds, Stopping threads took: 0,0000270 seconds
2017-02-19T00:13:45.265+0100: 1,335: Total time for which application threads were stopped: 0,0007937 seconds, Stopping threads took: 0,0000841 seconds
2017-02-19T00:13:45.480+0100: 1,549: Total time for which application threads were stopped: 0,0002021 seconds, Stopping threads took: 0,0000164 seconds
2017-02-19T00:13:45.501+0100: 1,571: Total time for which application threads were stopped: 0,0003484 seconds, Stopping threads took: 0,0000412 seconds
2017-02-19T00:13:45.535+0100: 1,605: Total time for which application threads were stopped: 0,0021601 seconds, Stopping threads took: 0,0013224 seconds
2017-02-19T00:13:45.537+0100: 1,607: Total time for which application threads were stopped: 0,0004200 seconds, Stopping threads took: 0,0000696 seconds
2017-02-19T00:13:45.558+0100: 1,627: Total time for which application threads were stopped: 0,0001703 seconds, Stopping threads took: 0,0000264 seconds
2017-02-19T00:13:45.661+0100: 1,731: Total time for which application threads were stopped: 0,0011030 seconds, Stopping threads took: 0,0001090 seconds
2017-02-19T00:13:45.841+0100: 1,910: Total time for which application threads were stopped: 0,0005816 seconds, Stopping threads took: 0,0003672 seconds
{Heap before GC invocations=0 (full 0):
 par new generation   total 109248K, used 87424K [0x00000000e0000000, 0x00000000e8000000, 0x00000000e8000000)
  eden space 87424K, 100% used [0x00000000e0000000, 0x00000000e5560000, 0x00000000e5560000)
  from space 21824K,   0% used [0x00000000e5560000, 0x00000000e5560000, 0x00000000e6ab0000)
  to   space 21824K,   0% used [0x00000000e6ab0000, 0x00000000e6ab0000, 0x00000000e8000000)
 concurrent mark-sweep generation total 393216K, used 0K [0x00000000e8000000, 0x0000000100000000, 0x0000000100000000)
 Metaspace       used 18054K, capacity 18336K, committed 18688K, reserved 1064960K
  class space    used 2042K, capacity 2196K, committed 2304K, reserved 1048576K
2017-02-19T00:13:45.934+0100: 2,004: [GC (Allocation Failure) 2017-02-19T00:13:45.934+0100: 2,004: [ParNew
Desired survivor size 20112992 bytes, new threshold 8 (max 8)
- age   1:   12623472 bytes,   12623472 total
: 87424K->12445K(109248K), 0,0147399 secs] 87424K->12445K(502464K), 0,0148335 secs] [Times: user=0,05 sys=0,00, real=0,01 secs] 
Heap after GC invocations=1 (full 0):
 par new generation   total 109248K, used 12445K [0x00000000e0000000, 0x00000000e8000000, 0x00000000e8000000)
  eden space 87424K,   0% used [0x00000000e0000000, 0x00000000e0000000, 0x00000000e5560000)
  from space 21824K,  57% used [0x00000000e6ab0000, 0x00000000e76d7560, 0x00000000e8000000)
  to   space 21824K,   0% used [0x00000000e5560000, 0x00000000e5560000, 0x00000000e6ab0000)
 concurrent mark-sweep generation total 393216K, used 0K [0x00000000e8000000, 0x0000000100000000, 0x0000000100000000)
 Metaspace       used 18054K, capacity 18336K, committed 18688K, reserved 1064960K
  class space    used 2042K, capacity 2196K, committed 2304K, reserved 1048576K
}
2017-02-19T00:13:45.949+0100: 2,019: Total time for which application threads were stopped: 0,0199153 seconds, Stopping threads took: 0,0048459 seconds
2017-02-19T00:13:46.226+0100: 2,295: Total time for which application threads were stopped: 0,0003567 seconds, Stopping threads took: 0,0000338 seconds
2017-02-19T00:13:46.261+0100: 2,330: Total time for which application threads were stopped: 0,0003442 seconds, Stopping threads took: 0,0000747 seconds
{Heap before GC invocations=1 (full 0):
 par new generation   total 109248K, used 99869K [0x00000000e0000000, 0x00000000e8000000, 0x00000000e8000000)
  eden space 87424K, 100% used [0x00000000e0000000, 0x00000000e5560000, 0x00000000e5560000)
  from space 21824K,  57% used [0x00000000e6ab0000, 0x00000000e76d7560, 0x00000000e8000000)
  to   space 21824K,   0% used [0x00000000e5560000, 0x00000000e5560000, 0x00000000e6ab0000)
 concurrent mark-sweep generation total 393216K, used 0K [0x00000000e8000000, 0x0000000100000000, 0x0000000100000000)
 Metaspace       used 20017K, capacity 20356K, committed 20736K, reserved 1067008K
  class space    used 2295K, capacity 2466K, committed 2560K, reserved 1048576K
2017-02-19T00:13:46.269+0100: 2,338: [GC (Allocation Failure) 2017-02-19T00:13:46.269+0100: 2,338: [ParNew
Desired survivor size 20112992 bytes, new threshold 8 (max 8)
- age   1:    3797736 bytes,    3797736 total
- age   2:    6662600 bytes,   10460336 total
: 99869K->13836K(109248K), 0,0096913 secs] 99869K->13836K(502464K), 0,0097647 secs] [Times: user=0,04 sys=0,00, real=0,01 secs] 
Heap after GC invocations=2 (full 0):
 par new generation   total 109248K, used 13836K [0x00000000e0000000, 0x00000000e8000000, 0x00000000e8000000)
  eden space 87424K,   0% used [0x00000000e0000000, 0x00000000e0000000, 0x00000000e5560000)
  from space 21824K,  63% used [0x00000000e5560000, 0x00000000e62e3030, 0x00000000e6ab0000)
  to   space 21824K,   0% used [0x00000000e6ab0000, 0x00000000e6ab0000, 0x00000000e8000000)
 concurrent mark-sweep generation total 393216K, used 0K [0x00000000e8000000, 0x0000000100000000, 0x0000000100000000)
 Metaspace       used 20017K, capacity 20356K, committed 20736K, reserved 1067008K
  class space    used 2295K, capacity 2466K, committed 2560K, reserved 1048576K
}
2017-02-19T00:13:46.279+0100: 2,348: Total time for which application threads were stopped: 0,0100037 seconds, Stopping threads took: 0,0001098 seconds
2017-02-19T00:13:46.302+0100: 2,371: Total time for which application threads were stopped: 0,0004327 seconds, Stopping threads took: 0,0000787 seconds
2017-02-19T00:13:46.465+0100: 2,534: Total time for which application threads were stopped: 0,0002227 seconds, Stopping threads took: 0,0000892 seconds
{Heap before GC invocations=2 (full 0):
 par new generation   total 109248K, used 101260K [0x00000000e0000000, 0x00000000e8000000, 0x00000000e8000000)
  eden space 87424K, 100% used [0x00000000e0000000, 0x00000000e5560000, 0x00000000e5560000)
  from space 21824K,  63% used [0x00000000e5560000, 0x00000000e62e3030, 0x00000000e6ab0000)
  to   space 21824K,   0% used [0x00000000e6ab0000, 0x00000000e6ab0000, 0x00000000e8000000)
 concurrent mark-sweep generation total 393216K, used 0K [0x00000000e8000000, 0x0000000100000000, 0x0000000100000000)
 Metaspace       used 20952K, capacity 21282K, committed 21552K, reserved 1069056K
  class space    used 2418K, capacity 2586K, committed 2608K, reserved 1048576K
2017-02-19T00:13:46.485+0100: 2,555: [GC (Allocation Failure) 2017-02-19T00:13:46.485+0100: 2,555: [ParNew
Desired survivor size 20112992 bytes, new threshold 8 (max 8)
- age   1:    2249392 bytes,    2249392 total
- age   2:     832720 bytes,    3082112 total
- age   3:    6658640 bytes,    9740752 total
: 101260K->11614K(109248K), 0,0100580 secs] 101260K->11614K(502464K), 0,0101482 secs] [Times: user=0,03 sys=0,00, real=0,02 secs] 
Heap after GC invocations=3 (full 0):
 par new generation   total 109248K, used 11614K [0x00000000e0000000, 0x00000000e8000000, 0x00000000e8000000)
  eden space 87424K,   0% used [0x00000000e0000000, 0x00000000e0000000, 0x00000000e5560000)
  from space 21824K,  53% used [0x00000000e6ab0000, 0x00000000e76079c0, 0x00000000e8000000)
  to   space 21824K,   0% used [0x00000000e5560000, 0x00000000e5560000, 0x00000000e6ab0000)
 concurrent mark-sweep generation total 393216K, used 0K [0x00000000e8000000, 0x0000000100000000, 0x0000000100000000)
 Metaspace       used 20952K, capacity 21282K, committed 21552K, reserved 1069056K
  class space    used 2418K, capacity 2586K, committed 2608K, reserved 1048576K
}
2017-02-19T00:13:46.495+0100: 2,565: Total time for which application threads were stopped: 0,0103876 seconds, Stopping threads took: 0,0001142 seconds
2017-02-19T00:13:46.496+0100: 2,565: [GC (CMS Initial Mark) [1 CMS-initial-mark: 0K(393216K)] 12364K(502464K), 0,0053954 secs] [Times: user=0,01 sys=0,00, real=0,00 secs] 
2017-02-19T00:13:46.501+0100: 2,571: Total time for which application threads were stopped: 0,0055183 seconds, Stopping threads took: 0,0000215 seconds
2017-02-19T00:13:46.501+0100: 2,571: [CMS-concurrent-mark-start]
2017-02-19T00:13:46.502+0100: 2,571: [CMS-concurrent-mark: 0,000/0,000 secs] [Times: user=0,00 sys=0,00, real=0,00 secs] 
2017-02-19T00:13:46.502+0100: 2,571: [CMS-concurrent-preclean-start]
2017-02-19T00:13:46.503+0100: 2,573: [CMS-concurrent-preclean: 0,001/0,001 secs] [Times: user=0,01 sys=0,00, real=0,00 secs] 
2017-02-19T00:13:46.503+0100: 2,573: [CMS-concurrent-abortable-preclean-start]
{Heap before GC invocations=3 (full 1):
 par new generation   total 109248K, used 99038K [0x00000000e0000000, 0x00000000e8000000, 0x00000000e8000000)
  eden space 87424K, 100% used [0x00000000e0000000, 0x00000000e5560000, 0x00000000e5560000)
  from space 21824K,  53% used [0x00000000e6ab0000, 0x00000000e76079c0, 0x00000000e8000000)
  to   space 21824K,   0% used [0x00000000e5560000, 0x00000000e5560000, 0x00000000e6ab0000)
 concurrent mark-sweep generation total 393216K, used 0K [0x00000000e8000000, 0x0000000100000000, 0x0000000100000000)
 Metaspace       used 21220K, capacity 21558K, committed 21628K, reserved 1069056K
  class space    used 2446K, capacity 2601K, committed 2608K, reserved 1048576K
2017-02-19T00:13:46.600+0100: 2,670: [GC (Allocation Failure) 2017-02-19T00:13:46.600+0100: 2,670: [ParNew
Desired survivor size 20112992 bytes, new threshold 8 (max 8)
- age   1:     786280 bytes,     786280 total
- age   2:    1471848 bytes,    2258128 total
- age   3:     799376 bytes,    3057504 total
- age   4:    6658872 bytes,    9716376 total
: 99038K->12879K(109248K), 0,0101599 secs] 99038K->12879K(502464K), 0,0102267 secs] [Times: user=0,03 sys=0,00, real=0,01 secs] 
Heap after GC invocations=4 (full 1):
 par new generation   total 109248K, used 12879K [0x00000000e0000000, 0x00000000e8000000, 0x00000000e8000000)
  eden space 87424K,   0% used [0x00000000e0000000, 0x00000000e0000000, 0x00000000e5560000)
  from space 21824K,  59% used [0x00000000e5560000, 0x00000000e61f3cf0, 0x00000000e6ab0000)
  to   space 21824K,   0% used [0x00000000e6ab0000, 0x00000000e6ab0000, 0x00000000e8000000)
 concurrent mark-sweep generation total 393216K, used 0K [0x00000000e8000000, 0x0000000100000000, 0x0000000100000000)
 Metaspace       used 21220K, capacity 21558K, committed 21628K, reserved 1069056K
  class space    used 2446K, capacity 2601K, committed 2608K, reserved 1048576K
}
2017-02-19T00:13:46.610+0100: 2,680: Total time for which application threads were stopped: 0,0105784 seconds, Stopping threads took: 0,0002207 seconds
2017-02-19T00:13:46.610+0100: 2,680: [CMS-concurrent-abortable-preclean: 0,070/0,107 secs] [Times: user=0,42 sys=0,00, real=0,11 secs] 
2017-02-19T00:13:46.614+0100: 2,684: [GC (CMS Final Remark) [YG occupancy: 15493 K (109248 K)]{Heap before GC invocations=4 (full 1):
 par new generation   total 109248K, used 15493K [0x00000000e0000000, 0x00000000e8000000, 0x00000000e8000000)
  eden space 87424K,   2% used [0x00000000e0000000, 0x00000000e028d850, 0x00000000e5560000)
  from space 21824K,  59% used [0x00000000e5560000, 0x00000000e61f3cf0, 0x00000000e6ab0000)
  to   space 21824K,   0% used [0x00000000e6ab0000, 0x00000000e6ab0000, 0x00000000e8000000)
 concurrent mark-sweep generation total 393216K, used 0K [0x00000000e8000000, 0x0000000100000000, 0x0000000100000000)
 Metaspace       used 21222K, capacity 21558K, committed 21628K, reserved 1069056K
  class space    used 2446K, capacity 2601K, committed 2608K, reserved 1048576K
2017-02-19T00:13:46.614+0100: 2,684: [GC (CMS Final Remark) 2017-02-19T00:13:46.614+0100: 2,684: [ParNew
Desired survivor size 20112992 bytes, new threshold 8 (max 8)
- age   1:     534072 bytes,     534072 total
- age   2:     415376 bytes,     949448 total
- age   3:    1471848 bytes,    2421296 total
- age   4:     799376 bytes,    3220672 total
- age   5:    6658912 bytes,    9879584 total
: 15493K->11409K(109248K), 0,0104319 secs] 15493K->11409K(502464K), 0,0104793 secs] [Times: user=0,03 sys=0,00, real=0,00 secs] 
Heap after GC invocations=5 (full 1):
 par new generation   total 109248K, used 11409K [0x00000000e0000000, 0x00000000e8000000, 0x00000000e8000000)
  eden space 87424K,   0% used [0x00000000e0000000, 0x00000000e0000000, 0x00000000e5560000)
  from space 21824K,  52% used [0x00000000e6ab0000, 0x00000000e75d4580, 0x00000000e8000000)
  to   space 21824K,   0% used [0x00000000e5560000, 0x00000000e5560000, 0x00000000e6ab0000)
 concurrent mark-sweep generation total 393216K, used 0K [0x00000000e8000000, 0x0000000100000000, 0x0000000100000000)
 Metaspace       used 21222K, capacity 21558K, committed 21628K, reserved 1069056K
  class space    used 2446K, capacity 2601K, committed 2608K, reserved 1048576K
}
2017-02-19T00:13:46.625+0100: 2,694: [Rescan (parallel) , 0,0067351 secs]2017-02-19T00:13:46.631+0100: 2,701: [weak refs processing, 0,0013768 secs]2017-02-19T00:13:46.633+0100: 2,702: [class unloading, 0,0027998 secs]2017-02-19T00:13:46.636+0100: 2,705: [scrub symbol table, 0,0024895 secs]2017-02-19T00:13:46.638+0100: 2,708: [scrub string table, 0,0004033 secs][1 CMS-remark: 0K(393216K)] 11409K(502464K), 0,0249334 secs] [Times: user=0,05 sys=0,00, real=0,02 secs] 
2017-02-19T00:13:46.639+0100: 2,709: Total time for which application threads were stopped: 0,0273487 seconds, Stopping threads took: 0,0023475 seconds
2017-02-19T00:13:46.639+0100: 2,709: [CMS-concurrent-sweep-start]
2017-02-19T00:13:46.639+0100: 2,709: [CMS-concurrent-sweep: 0,000/0,000 secs] [Times: user=0,00 sys=0,00, real=0,00 secs] 
2017-02-19T00:13:46.639+0100: 2,709: [CMS-concurrent-reset-start]
2017-02-19T00:13:46.650+0100: 2,719: [CMS-concurrent-reset: 0,010/0,010 secs] [Times: user=0,04 sys=0,00, real=0,01 secs] 
{Heap before GC invocations=5 (full 1):
 par new generation   total 109248K, used 98833K [0x00000000e0000000, 0x00000000e8000000, 0x00000000e8000000)
  eden space 87424K, 100% used [0x00000000e0000000, 0x00000000e5560000, 0x00000000e5560000)
  from space 21824K,  52% used [0x00000000e6ab0000, 0x00000000e75d4580, 0x00000000e8000000)
  to   space 21824K,   0% used [0x00000000e5560000, 0x00000000e5560000, 0x00000000e6ab0000)
 concurrent mark-sweep generation total 393216K, used 0K [0x00000000e8000000, 0x0000000100000000, 0x0000000100000000)
 Metaspace       used 21347K, capacity 21724K, committed 22012K, reserved 1069056K
  class space    used 2466K, capacity 2634K, committed 2736K, reserved 1048576K
2017-02-19T00:13:46.731+0100: 2,800: [GC (Allocation Failure) 2017-02-19T00:13:46.731+0100: 2,800: [ParNew
Desired survivor size 20112992 bytes, new threshold 8 (max 8)
- age   1:    1264472 bytes,    1264472 total
- age   2:        424 bytes,    1264896 total
- age   3:     181888 bytes,    1446784 total
- age   4:    1471536 bytes,    2918320 total
- age   5:     797328 bytes,    3715648 total
- age   6:    6658888 bytes,   10374536 total
: 98833K->15158K(109248K), 0,0121507 secs] 98833K->15158K(502464K), 0,0122450 secs] [Times: user=0,04 sys=0,00, real=0,01 secs] 
Heap after GC invocations=6 (full 1):
 par new generation   total 109248K, used 15158K [0x00000000e0000000, 0x00000000e8000000, 0x00000000e8000000)
  eden space 87424K,   0% used [0x00000000e0000000, 0x00000000e0000000, 0x00000000e5560000)
  from space 21824K,  69% used [0x00000000e5560000, 0x00000000e642da38, 0x00000000e6ab0000)
  to   space 21824K,   0% used [0x00000000e6ab0000, 0x00000000e6ab0000, 0x00000000e8000000)
 concurrent mark-sweep generation total 393216K, used 0K [0x00000000e8000000, 0x0000000100000000, 0x0000000100000000)
 Metaspace       used 21347K, capacity 21724K, committed 22012K, reserved 1069056K
  class space    used 2466K, capacity 2634K, committed 2736K, reserved 1048576K
}
2017-02-19T00:13:46.743+0100: 2,812: Total time for which application threads were stopped: 0,0124960 seconds, Stopping threads took: 0,0000591 seconds
2017-02-19T00:13:46.777+0100: 2,847: Total time for which application threads were stopped: 0,0003346 seconds, Stopping threads took: 0,0000237 seconds
2017-02-19T00:13:46.981+0100: 3,050: Total time for which application threads were stopped: 0,0005117 seconds, Stopping threads took: 0,0000427 seconds
2017-02-19T00:13:46.995+0100: 3,064: Total time for which application threads were stopped: 0,0004416 seconds, Stopping threads took: 0,0000412 seconds
{Heap before GC invocations=6 (full 1):
 par new generation   total 109248K, used 102582K [0x00000000e0000000, 0x00000000e8000000, 0x00000000e8000000)
  eden space 87424K, 100% used [0x00000000e0000000, 0x00000000e5560000, 0x00000000e5560000)
  from space 21824K,  69% used [0x00000000e5560000, 0x00000000e642da38, 0x00000000e6ab0000)
  to   space 21824K,   0% used [0x00000000e6ab0000, 0x00000000e6ab0000, 0x00000000e8000000)
 concurrent mark-sweep generation total 393216K, used 0K [0x00000000e8000000, 0x0000000100000000, 0x0000000100000000)
 Metaspace       used 24456K, capacity 24872K, committed 25136K, reserved 1071104K
  class space    used 2866K, capacity 3042K, committed 3120K, reserved 1048576K
2017-02-19T00:13:47.219+0100: 3,288: [GC (Allocation Failure) 2017-02-19T00:13:47.219+0100: 3,288: [ParNew
Desired survivor size 20112992 bytes, new threshold 8 (max 8)
- age   1:    5177408 bytes,    5177408 total
- age   2:     110856 bytes,    5288264 total
- age   3:        400 bytes,    5288664 total
- age   4:     180416 bytes,    5469080 total
- age   5:     298768 bytes,    5767848 total
- age   6:     772192 bytes,    6540040 total
- age   7:    6651576 bytes,   13191616 total
: 102582K->16402K(109248K), 0,0181222 secs] 102582K->16402K(502464K), 0,0182017 secs] [Times: user=0,06 sys=0,00, real=0,02 secs] 
Heap after GC invocations=7 (full 1):
 par new generation   total 109248K, used 16402K [0x00000000e0000000, 0x00000000e8000000, 0x00000000e8000000)
  eden space 87424K,   0% used [0x00000000e0000000, 0x00000000e0000000, 0x00000000e5560000)
  from space 21824K,  75% used [0x00000000e6ab0000, 0x00000000e7ab4b90, 0x00000000e8000000)
  to   space 21824K,   0% used [0x00000000e5560000, 0x00000000e5560000, 0x00000000e6ab0000)
 concurrent mark-sweep generation total 393216K, used 0K [0x00000000e8000000, 0x0000000100000000, 0x0000000100000000)
 Metaspace       used 24456K, capacity 24872K, committed 25136K, reserved 1071104K
  class space    used 2866K, capacity 3042K, committed 3120K, reserved 1048576K
}
2017-02-19T00:13:47.237+0100: 3,307: Total time for which application threads were stopped: 0,0191481 seconds, Stopping threads took: 0,0006994 seconds
{Heap before GC invocations=7 (full 1):
 par new generation   total 109248K, used 103826K [0x00000000e0000000, 0x00000000e8000000, 0x00000000e8000000)
  eden space 87424K, 100% used [0x00000000e0000000, 0x00000000e5560000, 0x00000000e5560000)
  from space 21824K,  75% used [0x00000000e6ab0000, 0x00000000e7ab4b90, 0x00000000e8000000)
  to   space 21824K,   0% used [0x00000000e5560000, 0x00000000e5560000, 0x00000000e6ab0000)
 concurrent mark-sweep generation total 393216K, used 0K [0x00000000e8000000, 0x0000000100000000, 0x0000000100000000)
 Metaspace       used 25246K, capacity 25796K, committed 25904K, reserved 1073152K
  class space    used 2931K, capacity 3116K, committed 3120K, reserved 1048576K
2017-02-19T00:13:47.398+0100: 3,468: [GC (Allocation Failure) 2017-02-19T00:13:47.398+0100: 3,468: [ParNew
Desired survivor size 20112992 bytes, new threshold 8 (max 8)
- age   1:    1761424 bytes,    1761424 total
- age   2:    1829120 bytes,    3590544 total
- age   3:      85976 bytes,    3676520 total
- age   4:        400 bytes,    3676920 total
- age   5:     135024 bytes,    3811944 total
- age   6:     230400 bytes,    4042344 total
- age   7:     769016 bytes,    4811360 total
- age   8:    6384256 bytes,   11195616 total
: 103826K->16657K(109248K), 0,0143295 secs] 103826K->16657K(502464K), 0,0144163 secs] [Times: user=0,04 sys=0,00, real=0,01 secs] 
Heap after GC invocations=8 (full 1):
 par new generation   total 109248K, used 16657K [0x00000000e0000000, 0x00000000e8000000, 0x00000000e8000000)
  eden space 87424K,   0% used [0x00000000e0000000, 0x00000000e0000000, 0x00000000e5560000)
  from space 21824K,  76% used [0x00000000e5560000, 0x00000000e65a4450, 0x00000000e6ab0000)
  to   space 21824K,   0% used [0x00000000e6ab0000, 0x00000000e6ab0000, 0x00000000e8000000)
 concurrent mark-sweep generation total 393216K, used 0K [0x00000000e8000000, 0x0000000100000000, 0x0000000100000000)
 Metaspace       used 25246K, capacity 25796K, committed 25904K, reserved 1073152K
  class space    used 2931K, capacity 3116K, committed 3120K, reserved 1048576K
}
2017-02-19T00:13:47.413+0100: 3,482: Total time for which application threads were stopped: 0,0146617 seconds, Stopping threads took: 0,0000453 seconds
2017-02-19T00:13:47.574+0100: 3,644: Total time for which application threads were stopped: 0,0012137 seconds, Stopping threads took: 0,0006933 seconds
2017-02-19T00:13:47.592+0100: 3,661: Total time for which application threads were stopped: 0,0003801 seconds, Stopping threads took: 0,0000428 seconds
2017-02-19T00:13:47.641+0100: 3,711: Total time for which application threads were stopped: 0,0004347 seconds, Stopping threads took: 0,0000421 seconds
2017-02-19T00:13:47.798+0100: 3,868: Total time for which application threads were stopped: 0,0004861 seconds, Stopping threads took: 0,0000257 seconds
2017-02-19T00:13:47.982+0100: 4,051: Total time for which application threads were stopped: 0,0003170 seconds, Stopping threads took: 0,0000223 seconds
2017-02-19T00:14:15.402+0100: 32,054: Total time for which application threads were stopped: 0,0000829 seconds, Stopping threads took: 0,0000208 seconds
2017-02-19T00:15:40.412+0100: 117,064: Total time for which application threads were stopped: 0,0000843 seconds, Stopping threads took: 0,0000345 seconds
2017-02-19T00:15:45.413+0100: 122,065: Total time for which application threads were stopped: 0,0000616 seconds, Stopping threads took: 0,0000159 seconds
2017-02-19T00:16:44.420+0100: 181,072: Total time for which application threads were stopped: 0,0000789 seconds, Stopping threads took: 0,0000324 seconds
2017-02-19T00:18:14.430+0100: 271,082: Total time for which application threads were stopped: 0,0001132 seconds, Stopping threads took: 0,0000484 seconds
2017-02-19T00:37:09.554+0100: 1406,206: Total time for which application threads were stopped: 0,0000765 seconds, Stopping threads took: 0,0000303 seconds
2017-02-19T00:42:19.592+0100: 1716,244: Total time for which application threads were stopped: 0,0000860 seconds, Stopping threads took: 0,0000335 seconds
2017-02-19T00:50:20.655+0100: 2197,307: Total time for which application threads were stopped: 0,0000766 seconds, Stopping threads took: 0,0000282 seconds
2017-02-19T00:50:45.659+0100: 2222,311: Total time for which application threads were stopped: 0,0005099 seconds, Stopping threads took: 0,0004466 seconds
2017-02-19T00:52:00.667+0100: 2297,319: Total time for which application threads were stopped: 0,0000839 seconds, Stopping threads took: 0,0000299 seconds
2017-02-19T00:52:04.667+0100: 2301,319: Total time for which application threads were stopped: 0,0001840 seconds, Stopping threads took: 0,0000867 seconds
2017-02-19T00:52:54.672+0100: 2351,324: Total time for which application threads were stopped: 0,0000776 seconds, Stopping threads took: 0,0000307 seconds
2017-02-19T00:54:09.681+0100: 2426,333: Total time for which application threads were stopped: 0,0000780 seconds, Stopping threads took: 0,0000301 seconds
2017-02-19T00:56:15.695+0100: 2552,347: Total time for which application threads were stopped: 0,0000999 seconds, Stopping threads took: 0,0000384 seconds
2017-02-19T00:57:09.701+0100: 2606,353: Total time for which application threads were stopped: 0,0000775 seconds, Stopping threads took: 0,0000307 seconds
2017-02-19T01:03:14.739+0100: 2971,391: Total time for which application threads were stopped: 0,0003763 seconds, Stopping threads took: 0,0001621 seconds
2017-02-19T01:07:00.764+0100: 3197,416: Total time for which application threads were stopped: 0,0001089 seconds, Stopping threads took: 0,0000327 seconds
2017-02-19T01:07:14.765+0100: 3211,418: Total time for which application threads were stopped: 0,0004117 seconds, Stopping threads took: 0,0000518 seconds
2017-02-19T01:12:41.557+0100: 3538,209: Total time for which application threads were stopped: 0,0001806 seconds, Stopping threads took: 0,0000310 seconds
2017-02-19T01:12:41.609+0100: 3538,261: Total time for which application threads were stopped: 0,0001573 seconds, Stopping threads took: 0,0000442 seconds
2017-02-19T01:12:41.626+0100: 3538,278: Total time for which application threads were stopped: 0,0001484 seconds, Stopping threads took: 0,0000225 seconds
Heap
 par new generation   total 109248K, used 102163K [0x00000000e0000000, 0x00000000e8000000, 0x00000000e8000000)
  eden space 87424K,  97% used [0x00000000e0000000, 0x00000000e53807c0, 0x00000000e5560000)
  from space 21824K,  76% used [0x00000000e5560000, 0x00000000e65a4450, 0x00000000e6ab0000)
  to   space 21824K,   0% used [0x00000000e6ab0000, 0x00000000e6ab0000, 0x00000000e8000000)
 concurrent mark-sweep generation total 393216K, used 0K [0x00000000e8000000, 0x0000000100000000, 0x0000000100000000)
 Metaspace       used 28141K, capacity 28724K, committed 29104K, reserved 1075200K
  class space    used 3230K, capacity 3423K, committed 3504K, reserved 1048576K
