OpenJDK 64-Bit Server VM (25.121-b13) for linux-amd64 JRE (1.8.0_121-8u121-b13-0ubuntu1.16.04.2-b13), built on Jan 23 2017 15:51:29 by "buildd" with gcc 5.4.0 20160609
Memory: 4k page, physical 7867764k(7443712k free), swap 8076284k(8076284k free)
CommandLine flags: -XX:CMSInitiatingOccupancyFraction=50 -XX:CMSMaxAbortablePrecleanTime=6000 -XX:+CMSParallelRemarkEnabled -XX:+CMSScavengeBeforeRemark -XX:ConcGCThreads=4 -XX:InitialHeapSize=536870912 -XX:MaxHeapSize=536870912 -XX:MaxTenuringThreshold=8 -XX:NewRatio=3 -XX:OldPLABSize=16 -XX:OnOutOfMemoryError=/opt/solr/bin/oom_solr.sh 8983 /var/solr/logs -XX:ParallelGCThreads=4 -XX:+ParallelRefProcEnabled -XX:PretenureSizeThreshold=67108864 -XX:+PrintGC -XX:+PrintGCApplicationStoppedTime -XX:+PrintGCDateStamps -XX:+PrintGCDetails -XX:+PrintGCTimeStamps -XX:+PrintHeapAtGC -XX:+PrintTenuringDistribution -XX:SurvivorRatio=4 -XX:TargetSurvivorRatio=90 -XX:ThreadStackSize=256 -XX:+UseCMSInitiatingOccupancyOnly -XX:+UseCompressedClassPointers -XX:+UseCompressedOops -XX:+UseConcMarkSweepGC -XX:+UseParNewGC 
2017-05-09T18:32:11.922+0200: 0,163: Total time for which application threads were stopped: 0,0000690 seconds, Stopping threads took: 0,0000100 seconds
2017-05-09T18:32:12.028+0200: 0,269: Total time for which application threads were stopped: 0,0001088 seconds, Stopping threads took: 0,0000134 seconds
2017-05-09T18:32:12.057+0200: 0,298: Total time for which application threads were stopped: 0,0000822 seconds, Stopping threads took: 0,0000124 seconds
2017-05-09T18:32:12.344+0200: 0,586: Total time for which application threads were stopped: 0,0001406 seconds, Stopping threads took: 0,0000220 seconds
2017-05-09T18:32:12.773+0200: 1,014: Total time for which application threads were stopped: 0,0002028 seconds, Stopping threads took: 0,0000285 seconds
2017-05-09T18:32:12.890+0200: 1,131: Total time for which application threads were stopped: 0,0001920 seconds, Stopping threads took: 0,0000219 seconds
2017-05-09T18:32:12.909+0200: 1,151: Total time for which application threads were stopped: 0,0001542 seconds, Stopping threads took: 0,0000292 seconds
2017-05-09T18:32:13.174+0200: 1,416: Total time for which application threads were stopped: 0,0003724 seconds, Stopping threads took: 0,0000503 seconds
2017-05-09T18:32:13.408+0200: 1,649: Total time for which application threads were stopped: 0,0001922 seconds, Stopping threads took: 0,0000125 seconds
2017-05-09T18:32:13.434+0200: 1,675: Total time for which application threads were stopped: 0,0001699 seconds, Stopping threads took: 0,0000256 seconds
2017-05-09T18:32:13.470+0200: 1,711: Total time for which application threads were stopped: 0,0002435 seconds, Stopping threads took: 0,0000178 seconds
2017-05-09T18:32:13.474+0200: 1,715: Total time for which application threads were stopped: 0,0003250 seconds, Stopping threads took: 0,0001218 seconds
2017-05-09T18:32:13.495+0200: 1,736: Total time for which application threads were stopped: 0,0001873 seconds, Stopping threads took: 0,0000246 seconds
2017-05-09T18:32:13.574+0200: 1,815: Total time for which application threads were stopped: 0,0002005 seconds, Stopping threads took: 0,0000180 seconds
2017-05-09T18:32:13.728+0200: 1,970: Total time for which application threads were stopped: 0,0003619 seconds, Stopping threads took: 0,0001327 seconds
{Heap before GC invocations=0 (full 0):
 par new generation   total 109248K, used 87424K [0x00000000e0000000, 0x00000000e8000000, 0x00000000e8000000)
  eden space 87424K, 100% used [0x00000000e0000000, 0x00000000e5560000, 0x00000000e5560000)
  from space 21824K,   0% used [0x00000000e5560000, 0x00000000e5560000, 0x00000000e6ab0000)
  to   space 21824K,   0% used [0x00000000e6ab0000, 0x00000000e6ab0000, 0x00000000e8000000)
 concurrent mark-sweep generation total 393216K, used 0K [0x00000000e8000000, 0x0000000100000000, 0x0000000100000000)
 Metaspace       used 18198K, capacity 18528K, committed 18688K, reserved 1064960K
  class space    used 2057K, capacity 2196K, committed 2304K, reserved 1048576K
2017-05-09T18:32:13.832+0200: 2,074: [GC (Allocation Failure) 2017-05-09T18:32:13.832+0200: 2,074: [ParNew
Desired survivor size 20112992 bytes, new threshold 8 (max 8)
- age   1:   12800728 bytes,   12800728 total
: 87424K->12623K(109248K), 0,0153649 secs] 87424K->12623K(502464K), 0,0154596 secs] [Times: user=0,04 sys=0,02, real=0,02 secs] 
Heap after GC invocations=1 (full 0):
 par new generation   total 109248K, used 12623K [0x00000000e0000000, 0x00000000e8000000, 0x00000000e8000000)
  eden space 87424K,   0% used [0x00000000e0000000, 0x00000000e0000000, 0x00000000e5560000)
  from space 21824K,  57% used [0x00000000e6ab0000, 0x00000000e7703e80, 0x00000000e8000000)
  to   space 21824K,   0% used [0x00000000e5560000, 0x00000000e5560000, 0x00000000e6ab0000)
 concurrent mark-sweep generation total 393216K, used 0K [0x00000000e8000000, 0x0000000100000000, 0x0000000100000000)
 Metaspace       used 18198K, capacity 18528K, committed 18688K, reserved 1064960K
  class space    used 2057K, capacity 2196K, committed 2304K, reserved 1048576K
}
2017-05-09T18:32:13.848+0200: 2,089: Total time for which application threads were stopped: 0,0157721 seconds, Stopping threads took: 0,0000851 seconds
2017-05-09T18:32:14.113+0200: 2,354: Total time for which application threads were stopped: 0,0003453 seconds, Stopping threads took: 0,0000656 seconds
2017-05-09T18:32:14.151+0200: 2,393: Total time for which application threads were stopped: 0,0003478 seconds, Stopping threads took: 0,0000676 seconds
{Heap before GC invocations=1 (full 0):
 par new generation   total 109248K, used 100047K [0x00000000e0000000, 0x00000000e8000000, 0x00000000e8000000)
  eden space 87424K, 100% used [0x00000000e0000000, 0x00000000e5560000, 0x00000000e5560000)
  from space 21824K,  57% used [0x00000000e6ab0000, 0x00000000e7703e80, 0x00000000e8000000)
  to   space 21824K,   0% used [0x00000000e5560000, 0x00000000e5560000, 0x00000000e6ab0000)
 concurrent mark-sweep generation total 393216K, used 0K [0x00000000e8000000, 0x0000000100000000, 0x0000000100000000)
 Metaspace       used 20052K, capacity 20360K, committed 20736K, reserved 1067008K
  class space    used 2296K, capacity 2468K, committed 2560K, reserved 1048576K
2017-05-09T18:32:14.160+0200: 2,401: [GC (Allocation Failure) 2017-05-09T18:32:14.160+0200: 2,401: [ParNew
Desired survivor size 20112992 bytes, new threshold 8 (max 8)
- age   1:    3555912 bytes,    3555912 total
- age   2:    6695776 bytes,   10251688 total
: 100047K->13882K(109248K), 0,0097318 secs] 100047K->13882K(502464K), 0,0098014 secs] [Times: user=0,03 sys=0,00, real=0,01 secs] 
Heap after GC invocations=2 (full 0):
 par new generation   total 109248K, used 13882K [0x00000000e0000000, 0x00000000e8000000, 0x00000000e8000000)
  eden space 87424K,   0% used [0x00000000e0000000, 0x00000000e0000000, 0x00000000e5560000)
  from space 21824K,  63% used [0x00000000e5560000, 0x00000000e62eeb38, 0x00000000e6ab0000)
  to   space 21824K,   0% used [0x00000000e6ab0000, 0x00000000e6ab0000, 0x00000000e8000000)
 concurrent mark-sweep generation total 393216K, used 0K [0x00000000e8000000, 0x0000000100000000, 0x0000000100000000)
 Metaspace       used 20052K, capacity 20360K, committed 20736K, reserved 1067008K
  class space    used 2296K, capacity 2468K, committed 2560K, reserved 1048576K
}
2017-05-09T18:32:14.170+0200: 2,411: Total time for which application threads were stopped: 0,0099582 seconds, Stopping threads took: 0,0000235 seconds
2017-05-09T18:32:14.194+0200: 2,436: Total time for which application threads were stopped: 0,0003648 seconds, Stopping threads took: 0,0000808 seconds
2017-05-09T18:32:14.330+0200: 2,572: Total time for which application threads were stopped: 0,0002386 seconds, Stopping threads took: 0,0001148 seconds
{Heap before GC invocations=2 (full 0):
 par new generation   total 109248K, used 101306K [0x00000000e0000000, 0x00000000e8000000, 0x00000000e8000000)
  eden space 87424K, 100% used [0x00000000e0000000, 0x00000000e5560000, 0x00000000e5560000)
  from space 21824K,  63% used [0x00000000e5560000, 0x00000000e62eeb38, 0x00000000e6ab0000)
  to   space 21824K,   0% used [0x00000000e6ab0000, 0x00000000e6ab0000, 0x00000000e8000000)
 concurrent mark-sweep generation total 393216K, used 0K [0x00000000e8000000, 0x0000000100000000, 0x0000000100000000)
 Metaspace       used 20975K, capacity 21288K, committed 21628K, reserved 1069056K
  class space    used 2416K, capacity 2588K, committed 2684K, reserved 1048576K
2017-05-09T18:32:14.376+0200: 2,618: [GC (Allocation Failure) 2017-05-09T18:32:14.376+0200: 2,618: [ParNew
Desired survivor size 20112992 bytes, new threshold 8 (max 8)
- age   1:    1992528 bytes,    1992528 total
- age   2:     832664 bytes,    2825192 total
- age   3:    6681320 bytes,    9506512 total
: 101306K->12909K(109248K), 0,0141837 secs] 101306K->12909K(502464K), 0,0142794 secs] [Times: user=0,04 sys=0,00, real=0,01 secs] 
Heap after GC invocations=3 (full 0):
 par new generation   total 109248K, used 12909K [0x00000000e0000000, 0x00000000e8000000, 0x00000000e8000000)
  eden space 87424K,   0% used [0x00000000e0000000, 0x00000000e0000000, 0x00000000e5560000)
  from space 21824K,  59% used [0x00000000e6ab0000, 0x00000000e774b4a8, 0x00000000e8000000)
  to   space 21824K,   0% used [0x00000000e5560000, 0x00000000e5560000, 0x00000000e6ab0000)
 concurrent mark-sweep generation total 393216K, used 0K [0x00000000e8000000, 0x0000000100000000, 0x0000000100000000)
 Metaspace       used 20975K, capacity 21288K, committed 21628K, reserved 1069056K
  class space    used 2416K, capacity 2588K, committed 2684K, reserved 1048576K
}
2017-05-09T18:32:14.391+0200: 2,632: Total time for which application threads were stopped: 0,0145166 seconds, Stopping threads took: 0,0000519 seconds
2017-05-09T18:32:14.403+0200: 2,645: [GC (CMS Initial Mark) [1 CMS-initial-mark: 0K(393216K)] 22754K(502464K), 0,0051984 secs] [Times: user=0,02 sys=0,00, real=0,01 secs] 
2017-05-09T18:32:14.408+0200: 2,650: Total time for which application threads were stopped: 0,0061728 seconds, Stopping threads took: 0,0008540 seconds
2017-05-09T18:32:14.409+0200: 2,650: [CMS-concurrent-mark-start]
2017-05-09T18:32:14.409+0200: 2,651: [CMS-concurrent-mark: 0,001/0,001 secs] [Times: user=0,00 sys=0,00, real=0,00 secs] 
2017-05-09T18:32:14.409+0200: 2,651: [CMS-concurrent-preclean-start]
2017-05-09T18:32:14.410+0200: 2,652: [CMS-concurrent-preclean: 0,001/0,001 secs] [Times: user=0,01 sys=0,00, real=0,00 secs] 
2017-05-09T18:32:14.411+0200: 2,652: [CMS-concurrent-abortable-preclean-start]
2017-05-09T18:32:14.453+0200: 2,695: Total time for which application threads were stopped: 0,0002974 seconds, Stopping threads took: 0,0002075 seconds
{Heap before GC invocations=3 (full 1):
 par new generation   total 109248K, used 100333K [0x00000000e0000000, 0x00000000e8000000, 0x00000000e8000000)
  eden space 87424K, 100% used [0x00000000e0000000, 0x00000000e5560000, 0x00000000e5560000)
  from space 21824K,  59% used [0x00000000e6ab0000, 0x00000000e774b4a8, 0x00000000e8000000)
  to   space 21824K,   0% used [0x00000000e5560000, 0x00000000e5560000, 0x00000000e6ab0000)
 concurrent mark-sweep generation total 393216K, used 0K [0x00000000e8000000, 0x0000000100000000, 0x0000000100000000)
 Metaspace       used 21255K, capacity 21576K, committed 21884K, reserved 1069056K
  class space    used 2448K, capacity 2605K, committed 2684K, reserved 1048576K
2017-05-09T18:32:14.506+0200: 2,747: [GC (Allocation Failure) 2017-05-09T18:32:14.506+0200: 2,747: [ParNew
Desired survivor size 20112992 bytes, new threshold 8 (max 8)
- age   1:     768240 bytes,     768240 total
- age   2:    1454032 bytes,    2222272 total
- age   3:     799320 bytes,    3021592 total
- age   4:    6681504 bytes,    9703096 total
: 100333K->11060K(109248K), 0,0103740 secs] 100333K->11060K(502464K), 0,0104435 secs] [Times: user=0,04 sys=0,00, real=0,02 secs] 
Heap after GC invocations=4 (full 1):
 par new generation   total 109248K, used 11060K [0x00000000e0000000, 0x00000000e8000000, 0x00000000e8000000)
  eden space 87424K,   0% used [0x00000000e0000000, 0x00000000e0000000, 0x00000000e5560000)
  from space 21824K,  50% used [0x00000000e5560000, 0x00000000e602d1c0, 0x00000000e6ab0000)
  to   space 21824K,   0% used [0x00000000e6ab0000, 0x00000000e6ab0000, 0x00000000e8000000)
 concurrent mark-sweep generation total 393216K, used 0K [0x00000000e8000000, 0x0000000100000000, 0x0000000100000000)
 Metaspace       used 21255K, capacity 21576K, committed 21884K, reserved 1069056K
  class space    used 2448K, capacity 2605K, committed 2684K, reserved 1048576K
}
2017-05-09T18:32:14.516+0200: 2,758: Total time for which application threads were stopped: 0,0106092 seconds, Stopping threads took: 0,0000267 seconds
{Heap before GC invocations=4 (full 1):
 par new generation   total 109248K, used 98484K [0x00000000e0000000, 0x00000000e8000000, 0x00000000e8000000)
  eden space 87424K, 100% used [0x00000000e0000000, 0x00000000e5560000, 0x00000000e5560000)
  from space 21824K,  50% used [0x00000000e5560000, 0x00000000e602d1c0, 0x00000000e6ab0000)
  to   space 21824K,   0% used [0x00000000e6ab0000, 0x00000000e6ab0000, 0x00000000e8000000)
 concurrent mark-sweep generation total 393216K, used 0K [0x00000000e8000000, 0x0000000100000000, 0x0000000100000000)
 Metaspace       used 21478K, capacity 21882K, committed 21960K, reserved 1069056K
  class space    used 2474K, capacity 2640K, committed 2684K, reserved 1048576K
2017-05-09T18:32:14.592+0200: 2,834: [GC (Allocation Failure) 2017-05-09T18:32:14.593+0200: 2,834: [ParNew
Desired survivor size 20112992 bytes, new threshold 8 (max 8)
- age   1:     526112 bytes,     526112 total
- age   2:     192776 bytes,     718888 total
- age   3:    1447424 bytes,    2166312 total
- age   4:     797336 bytes,    2963648 total
- age   5:    6681464 bytes,    9645112 total
: 98484K->14587K(109248K), 0,0128823 secs] 98484K->14587K(502464K), 0,0129664 secs] [Times: user=0,04 sys=0,00, real=0,01 secs] 
Heap after GC invocations=5 (full 1):
 par new generation   total 109248K, used 14587K [0x00000000e0000000, 0x00000000e8000000, 0x00000000e8000000)
  eden space 87424K,   0% used [0x00000000e0000000, 0x00000000e0000000, 0x00000000e5560000)
  from space 21824K,  66% used [0x00000000e6ab0000, 0x00000000e78eecf0, 0x00000000e8000000)
  to   space 21824K,   0% used [0x00000000e5560000, 0x00000000e5560000, 0x00000000e6ab0000)
 concurrent mark-sweep generation total 393216K, used 0K [0x00000000e8000000, 0x0000000100000000, 0x0000000100000000)
 Metaspace       used 21478K, capacity 21882K, committed 21960K, reserved 1069056K
  class space    used 2474K, capacity 2640K, committed 2684K, reserved 1048576K
}
2017-05-09T18:32:14.606+0200: 2,847: Total time for which application threads were stopped: 0,0132213 seconds, Stopping threads took: 0,0000894 seconds
2017-05-09T18:32:14.628+0200: 2,869: Total time for which application threads were stopped: 0,0001130 seconds, Stopping threads took: 0,0000207 seconds
2017-05-09T18:32:14.637+0200: 2,879: Total time for which application threads were stopped: 0,0002766 seconds, Stopping threads took: 0,0000195 seconds
2017-05-09T18:32:14.676+0200: 2,918: Total time for which application threads were stopped: 0,0001267 seconds, Stopping threads took: 0,0000459 seconds
2017-05-09T18:32:14.696+0200: 2,937: Total time for which application threads were stopped: 0,0001288 seconds, Stopping threads took: 0,0000236 seconds
2017-05-09T18:32:14.866+0200: 3,108: Total time for which application threads were stopped: 0,0002312 seconds, Stopping threads took: 0,0000837 seconds
2017-05-09T18:32:14.931+0200: 3,172: Total time for which application threads were stopped: 0,0001553 seconds, Stopping threads took: 0,0000426 seconds
2017-05-09T18:32:14.932+0200: 3,174: Total time for which application threads were stopped: 0,0013547 seconds, Stopping threads took: 0,0008720 seconds
2017-05-09T18:32:14.950+0200: 3,192: Total time for which application threads were stopped: 0,0004768 seconds, Stopping threads took: 0,0000298 seconds
2017-05-09T18:32:14.955+0200: 3,197: Total time for which application threads were stopped: 0,0001109 seconds, Stopping threads took: 0,0000252 seconds
2017-05-09T18:32:15.026+0200: 3,268: Total time for which application threads were stopped: 0,0001937 seconds, Stopping threads took: 0,0000811 seconds
2017-05-09T18:32:15.066+0200: 3,308: Total time for which application threads were stopped: 0,0001680 seconds, Stopping threads took: 0,0000680 seconds
{Heap before GC invocations=5 (full 1):
 par new generation   total 109248K, used 102011K [0x00000000e0000000, 0x00000000e8000000, 0x00000000e8000000)
  eden space 87424K, 100% used [0x00000000e0000000, 0x00000000e5560000, 0x00000000e5560000)
  from space 21824K,  66% used [0x00000000e6ab0000, 0x00000000e78eecf0, 0x00000000e8000000)
  to   space 21824K,   0% used [0x00000000e5560000, 0x00000000e5560000, 0x00000000e6ab0000)
 concurrent mark-sweep generation total 393216K, used 0K [0x00000000e8000000, 0x0000000100000000, 0x0000000100000000)
 Metaspace       used 23925K, capacity 24413K, committed 24540K, reserved 1071104K
  class space    used 2812K, capacity 3016K, committed 3016K, reserved 1048576K
2017-05-09T18:32:15.102+0200: 3,344: [GC (Allocation Failure) 2017-05-09T18:32:15.102+0200: 3,344: [ParNew
Desired survivor size 20112992 bytes, new threshold 8 (max 8)
- age   1:    5139752 bytes,    5139752 total
- age   2:     160280 bytes,    5300032 total
- age   3:     191952 bytes,    5491984 total
- age   4:     278408 bytes,    5770392 total
- age   5:     773096 bytes,    6543488 total
- age   6:    6673288 bytes,   13216776 total
: 102011K->15535K(109248K), 0,0119230 secs] 102011K->15535K(502464K), 0,0120163 secs] [Times: user=0,04 sys=0,00, real=0,01 secs] 
Heap after GC invocations=6 (full 1):
 par new generation   total 109248K, used 15535K [0x00000000e0000000, 0x00000000e8000000, 0x00000000e8000000)
  eden space 87424K,   0% used [0x00000000e0000000, 0x00000000e0000000, 0x00000000e5560000)
  from space 21824K,  71% used [0x00000000e5560000, 0x00000000e648bc50, 0x00000000e6ab0000)
  to   space 21824K,   0% used [0x00000000e6ab0000, 0x00000000e6ab0000, 0x00000000e8000000)
 concurrent mark-sweep generation total 393216K, used 0K [0x00000000e8000000, 0x0000000100000000, 0x0000000100000000)
 Metaspace       used 23925K, capacity 24413K, committed 24540K, reserved 1071104K
  class space    used 2812K, capacity 3016K, committed 3016K, reserved 1048576K
}
2017-05-09T18:32:15.114+0200: 3,356: Total time for which application threads were stopped: 0,0122892 seconds, Stopping threads took: 0,0001153 seconds
2017-05-09T18:32:15.114+0200: 3,356: [CMS-concurrent-abortable-preclean: 0,436/0,704 secs] [Times: user=2,57 sys=0,02, real=0,70 secs] 
2017-05-09T18:32:15.115+0200: 3,357: [GC (CMS Final Remark) [YG occupancy: 18914 K (109248 K)]{Heap before GC invocations=6 (full 1):
 par new generation   total 109248K, used 18914K [0x00000000e0000000, 0x00000000e8000000, 0x00000000e8000000)
  eden space 87424K,   3% used [0x00000000e0000000, 0x00000000e034cd90, 0x00000000e5560000)
  from space 21824K,  71% used [0x00000000e5560000, 0x00000000e648bc50, 0x00000000e6ab0000)
  to   space 21824K,   0% used [0x00000000e6ab0000, 0x00000000e6ab0000, 0x00000000e8000000)
 concurrent mark-sweep generation total 393216K, used 0K [0x00000000e8000000, 0x0000000100000000, 0x0000000100000000)
 Metaspace       used 23928K, capacity 24413K, committed 24540K, reserved 1071104K
  class space    used 2812K, capacity 3016K, committed 3016K, reserved 1048576K
2017-05-09T18:32:15.116+0200: 3,357: [GC (CMS Final Remark) 2017-05-09T18:32:15.116+0200: 3,357: [ParNew
Desired survivor size 20112992 bytes, new threshold 8 (max 8)
- age   1:     211864 bytes,     211864 total
- age   2:    1814760 bytes,    2026624 total
- age   3:      67256 bytes,    2093880 total
- age   4:     102656 bytes,    2196536 total
- age   5:     181640 bytes,    2378176 total
- age   6:     731656 bytes,    3109832 total
- age   7:    6140376 bytes,    9250208 total
: 18914K->13487K(109248K), 0,0092819 secs] 18914K->13487K(502464K), 0,0093223 secs] [Times: user=0,03 sys=0,00, real=0,00 secs] 
Heap after GC invocations=7 (full 1):
 par new generation   total 109248K, used 13487K [0x00000000e0000000, 0x00000000e8000000, 0x00000000e8000000)
  eden space 87424K,   0% used [0x00000000e0000000, 0x00000000e0000000, 0x00000000e5560000)
  from space 21824K,  61% used [0x00000000e6ab0000, 0x00000000e77dbce8, 0x00000000e8000000)
  to   space 21824K,   0% used [0x00000000e5560000, 0x00000000e5560000, 0x00000000e6ab0000)
 concurrent mark-sweep generation total 393216K, used 0K [0x00000000e8000000, 0x0000000100000000, 0x0000000100000000)
 Metaspace       used 23928K, capacity 24413K, committed 24540K, reserved 1071104K
  class space    used 2812K, capacity 3016K, committed 3016K, reserved 1048576K
}
2017-05-09T18:32:15.125+0200: 3,366: [Rescan (parallel) , 0,0039319 secs]2017-05-09T18:32:15.129+0200: 3,370: [weak refs processing, 0,0012074 secs]2017-05-09T18:32:15.130+0200: 3,372: [class unloading, 0,0034531 secs]2017-05-09T18:32:15.134+0200: 3,375: [scrub symbol table, 0,0037622 secs]2017-05-09T18:32:15.137+0200: 3,379: [scrub string table, 0,0003845 secs][1 CMS-remark: 0K(393216K)] 13487K(502464K), 0,0229141 secs] [Times: user=0,05 sys=0,00, real=0,02 secs] 
2017-05-09T18:32:15.138+0200: 3,380: Total time for which application threads were stopped: 0,0230472 seconds, Stopping threads took: 0,0000457 seconds
2017-05-09T18:32:15.149+0200: 3,391: [CMS-concurrent-sweep-start]
2017-05-09T18:32:15.149+0200: 3,391: [CMS-concurrent-sweep: 0,000/0,000 secs] [Times: user=0,00 sys=0,00, real=0,00 secs] 
2017-05-09T18:32:15.149+0200: 3,391: [CMS-concurrent-reset-start]
2017-05-09T18:32:15.151+0200: 3,393: [CMS-concurrent-reset: 0,002/0,002 secs] [Times: user=0,00 sys=0,00, real=0,00 secs] 
{Heap before GC invocations=7 (full 1):
 par new generation   total 109248K, used 100911K [0x00000000e0000000, 0x00000000e8000000, 0x00000000e8000000)
  eden space 87424K, 100% used [0x00000000e0000000, 0x00000000e5560000, 0x00000000e5560000)
  from space 21824K,  61% used [0x00000000e6ab0000, 0x00000000e77dbce8, 0x00000000e8000000)
  to   space 21824K,   0% used [0x00000000e5560000, 0x00000000e5560000, 0x00000000e6ab0000)
 concurrent mark-sweep generation total 393216K, used 0K [0x00000000e8000000, 0x0000000100000000, 0x0000000100000000)
 Metaspace       used 24305K, capacity 24771K, committed 24924K, reserved 1071104K
  class space    used 2851K, capacity 3049K, committed 3144K, reserved 1048576K
2017-05-09T18:32:15.230+0200: 3,471: [GC (Allocation Failure) 2017-05-09T18:32:15.230+0200: 3,471: [ParNew
Desired survivor size 20112992 bytes, new threshold 8 (max 8)
- age   1:    1947864 bytes,    1947864 total
- age   2:        120 bytes,    1947984 total
- age   3:    1757384 bytes,    3705368 total
- age   4:      67256 bytes,    3772624 total
- age   5:     102552 bytes,    3875176 total
- age   6:     181640 bytes,    4056816 total
- age   7:     731656 bytes,    4788472 total
- age   8:    6140224 bytes,   10928696 total
: 100911K->15212K(109248K), 0,0242943 secs] 100911K->15212K(502464K), 0,0243771 secs] [Times: user=0,09 sys=0,00, real=0,02 secs] 
Heap after GC invocations=8 (full 1):
 par new generation   total 109248K, used 15212K [0x00000000e0000000, 0x00000000e8000000, 0x00000000e8000000)
  eden space 87424K,   0% used [0x00000000e0000000, 0x00000000e0000000, 0x00000000e5560000)
  from space 21824K,  69% used [0x00000000e5560000, 0x00000000e643b160, 0x00000000e6ab0000)
  to   space 21824K,   0% used [0x00000000e6ab0000, 0x00000000e6ab0000, 0x00000000e8000000)
 concurrent mark-sweep generation total 393216K, used 0K [0x00000000e8000000, 0x0000000100000000, 0x0000000100000000)
 Metaspace       used 24305K, capacity 24771K, committed 24924K, reserved 1071104K
  class space    used 2851K, capacity 3049K, committed 3144K, reserved 1048576K
}
2017-05-09T18:32:15.254+0200: 3,496: Total time for which application threads were stopped: 0,0247445 seconds, Stopping threads took: 0,0001484 seconds
{Heap before GC invocations=8 (full 1):
 par new generation   total 109248K, used 102636K [0x00000000e0000000, 0x00000000e8000000, 0x00000000e8000000)
  eden space 87424K, 100% used [0x00000000e0000000, 0x00000000e5560000, 0x00000000e5560000)
  from space 21824K,  69% used [0x00000000e5560000, 0x00000000e643b160, 0x00000000e6ab0000)
  to   space 21824K,   0% used [0x00000000e6ab0000, 0x00000000e6ab0000, 0x00000000e8000000)
 concurrent mark-sweep generation total 393216K, used 0K [0x00000000e8000000, 0x0000000100000000, 0x0000000100000000)
 Metaspace       used 24798K, capacity 25277K, committed 25436K, reserved 1071104K
  class space    used 2893K, capacity 3086K, committed 3144K, reserved 1048576K
2017-05-09T18:32:15.364+0200: 3,606: [GC (Allocation Failure) 2017-05-09T18:32:15.364+0200: 3,606: [ParNew
Desired survivor size 20112992 bytes, new threshold 8 (max 8)
- age   1:     999720 bytes,     999720 total
- age   2:     977680 bytes,    1977400 total
- age   3:        120 bytes,    1977520 total
- age   4:    1757200 bytes,    3734720 total
- age   5:      67224 bytes,    3801944 total
- age   6:     102384 bytes,    3904328 total
- age   7:     178840 bytes,    4083168 total
- age   8:     730888 bytes,    4814056 total
: 102636K->6904K(109248K), 0,0362864 secs] 102636K->12983K(502464K), 0,0363821 secs] [Times: user=0,13 sys=0,00, real=0,04 secs] 
Heap after GC invocations=9 (full 1):
 par new generation   total 109248K, used 6904K [0x00000000e0000000, 0x00000000e8000000, 0x00000000e8000000)
  eden space 87424K,   0% used [0x00000000e0000000, 0x00000000e0000000, 0x00000000e5560000)
  from space 21824K,  31% used [0x00000000e6ab0000, 0x00000000e716e130, 0x00000000e8000000)
  to   space 21824K,   0% used [0x00000000e5560000, 0x00000000e5560000, 0x00000000e6ab0000)
 concurrent mark-sweep generation total 393216K, used 6079K [0x00000000e8000000, 0x0000000100000000, 0x0000000100000000)
 Metaspace       used 24798K, capacity 25277K, committed 25436K, reserved 1071104K
  class space    used 2893K, capacity 3086K, committed 3144K, reserved 1048576K
}
2017-05-09T18:32:15.401+0200: 3,642: Total time for which application threads were stopped: 0,0369465 seconds, Stopping threads took: 0,0003642 seconds
2017-05-09T18:32:15.699+0200: 3,940: Total time for which application threads were stopped: 0,0005766 seconds, Stopping threads took: 0,0000457 seconds
2017-05-09T18:32:15.713+0200: 3,954: Total time for which application threads were stopped: 0,0004542 seconds, Stopping threads took: 0,0000214 seconds
2017-05-09T18:32:15.801+0200: 4,043: Total time for which application threads were stopped: 0,0005049 seconds, Stopping threads took: 0,0000274 seconds
2017-05-09T18:32:15.807+0200: 4,049: Total time for which application threads were stopped: 0,0003636 seconds, Stopping threads took: 0,0000494 seconds
2017-05-09T18:32:15.822+0200: 4,064: Total time for which application threads were stopped: 0,0006259 seconds, Stopping threads took: 0,0005373 seconds
2017-05-09T18:32:15.829+0200: 4,070: Total time for which application threads were stopped: 0,0056582 seconds, Stopping threads took: 0,0055952 seconds
2017-05-09T18:32:15.831+0200: 4,072: Total time for which application threads were stopped: 0,0001498 seconds, Stopping threads took: 0,0000416 seconds
2017-05-09T18:32:15.831+0200: 4,072: Total time for which application threads were stopped: 0,0000885 seconds, Stopping threads took: 0,0000183 seconds
2017-05-09T18:32:15.840+0200: 4,082: Total time for which application threads were stopped: 0,0001387 seconds, Stopping threads took: 0,0000451 seconds
2017-05-09T18:32:15.844+0200: 4,085: Total time for which application threads were stopped: 0,0001381 seconds, Stopping threads took: 0,0000306 seconds
2017-05-09T18:32:15.844+0200: 4,086: Total time for which application threads were stopped: 0,0000695 seconds, Stopping threads took: 0,0000102 seconds
2017-05-09T18:32:15.844+0200: 4,086: Total time for which application threads were stopped: 0,0000953 seconds, Stopping threads took: 0,0000368 seconds
2017-05-09T18:32:15.845+0200: 4,086: Total time for which application threads were stopped: 0,0000636 seconds, Stopping threads took: 0,0000101 seconds
2017-05-09T18:32:15.845+0200: 4,086: Total time for which application threads were stopped: 0,0000674 seconds, Stopping threads took: 0,0000105 seconds
2017-05-09T18:32:15.845+0200: 4,086: Total time for which application threads were stopped: 0,0000622 seconds, Stopping threads took: 0,0000117 seconds
2017-05-09T18:32:15.845+0200: 4,086: Total time for which application threads were stopped: 0,0000593 seconds, Stopping threads took: 0,0000086 seconds
2017-05-09T18:32:15.845+0200: 4,087: Total time for which application threads were stopped: 0,0000848 seconds, Stopping threads took: 0,0000147 seconds
2017-05-09T18:32:15.845+0200: 4,087: Total time for which application threads were stopped: 0,0000638 seconds, Stopping threads took: 0,0000095 seconds
2017-05-09T18:32:15.846+0200: 4,087: Total time for which application threads were stopped: 0,0000635 seconds, Stopping threads took: 0,0000103 seconds
2017-05-09T18:32:15.846+0200: 4,087: Total time for which application threads were stopped: 0,0000590 seconds, Stopping threads took: 0,0000090 seconds
2017-05-09T18:32:15.846+0200: 4,087: Total time for which application threads were stopped: 0,0000572 seconds, Stopping threads took: 0,0000088 seconds
2017-05-09T18:32:15.846+0200: 4,087: Total time for which application threads were stopped: 0,0000778 seconds, Stopping threads took: 0,0000109 seconds
2017-05-09T18:32:15.846+0200: 4,088: Total time for which application threads were stopped: 0,0000693 seconds, Stopping threads took: 0,0000213 seconds
2017-05-09T18:32:15.846+0200: 4,088: Total time for which application threads were stopped: 0,0001938 seconds, Stopping threads took: 0,0000100 seconds
2017-05-09T18:32:15.849+0200: 4,090: Total time for which application threads were stopped: 0,0001216 seconds, Stopping threads took: 0,0000262 seconds
2017-05-09T18:32:15.859+0200: 4,100: Total time for which application threads were stopped: 0,0001507 seconds, Stopping threads took: 0,0000380 seconds
2017-05-09T18:32:15.859+0200: 4,101: Total time for which application threads were stopped: 0,0001025 seconds, Stopping threads took: 0,0000234 seconds
2017-05-09T18:32:15.859+0200: 4,101: Total time for which application threads were stopped: 0,0000720 seconds, Stopping threads took: 0,0000163 seconds
2017-05-09T18:32:15.859+0200: 4,101: Total time for which application threads were stopped: 0,0000684 seconds, Stopping threads took: 0,0000180 seconds
2017-05-09T18:32:15.860+0200: 4,101: Total time for which application threads were stopped: 0,0000805 seconds, Stopping threads took: 0,0000203 seconds
2017-05-09T18:32:15.860+0200: 4,101: Total time for which application threads were stopped: 0,0000690 seconds, Stopping threads took: 0,0000164 seconds
2017-05-09T18:32:15.860+0200: 4,101: Total time for which application threads were stopped: 0,0000782 seconds, Stopping threads took: 0,0000189 seconds
2017-05-09T18:32:15.860+0200: 4,102: Total time for which application threads were stopped: 0,0000684 seconds, Stopping threads took: 0,0000181 seconds
2017-05-09T18:32:15.860+0200: 4,102: Total time for which application threads were stopped: 0,0000675 seconds, Stopping threads took: 0,0000174 seconds
2017-05-09T18:32:15.860+0200: 4,102: Total time for which application threads were stopped: 0,0000650 seconds, Stopping threads took: 0,0000180 seconds
2017-05-09T18:32:15.860+0200: 4,102: Total time for which application threads were stopped: 0,0000719 seconds, Stopping threads took: 0,0000176 seconds
2017-05-09T18:32:15.861+0200: 4,102: Total time for which application threads were stopped: 0,0000682 seconds, Stopping threads took: 0,0000168 seconds
2017-05-09T18:32:15.861+0200: 4,102: Total time for which application threads were stopped: 0,0000651 seconds, Stopping threads took: 0,0000182 seconds
2017-05-09T18:32:15.861+0200: 4,102: Total time for which application threads were stopped: 0,0000672 seconds, Stopping threads took: 0,0000181 seconds
2017-05-09T18:32:15.861+0200: 4,102: Total time for which application threads were stopped: 0,0000612 seconds, Stopping threads took: 0,0000152 seconds
2017-05-09T18:32:15.861+0200: 4,103: Total time for which application threads were stopped: 0,0000673 seconds, Stopping threads took: 0,0000164 seconds
2017-05-09T18:32:15.861+0200: 4,103: Total time for which application threads were stopped: 0,0000662 seconds, Stopping threads took: 0,0000158 seconds
2017-05-09T18:32:15.861+0200: 4,103: Total time for which application threads were stopped: 0,0000660 seconds, Stopping threads took: 0,0000150 seconds
2017-05-09T18:32:15.861+0200: 4,103: Total time for which application threads were stopped: 0,0000745 seconds, Stopping threads took: 0,0000173 seconds
2017-05-09T18:32:15.861+0200: 4,103: Total time for which application threads were stopped: 0,0000658 seconds, Stopping threads took: 0,0000155 seconds
2017-05-09T18:32:15.862+0200: 4,103: Total time for which application threads were stopped: 0,0000700 seconds, Stopping threads took: 0,0000168 seconds
2017-05-09T18:32:15.862+0200: 4,103: Total time for which application threads were stopped: 0,0001778 seconds, Stopping threads took: 0,0000165 seconds
2017-05-09T18:32:15.900+0200: 4,142: Total time for which application threads were stopped: 0,0002147 seconds, Stopping threads took: 0,0001031 seconds
2017-05-09T18:32:15.926+0200: 4,168: Total time for which application threads were stopped: 0,0020404 seconds, Stopping threads took: 0,0018962 seconds
2017-05-09T18:32:15.949+0200: 4,190: Total time for which application threads were stopped: 0,0005859 seconds, Stopping threads took: 0,0000559 seconds
2017-05-09T18:32:15.949+0200: 4,191: Total time for which application threads were stopped: 0,0001180 seconds, Stopping threads took: 0,0000362 seconds
2017-05-09T18:32:15.950+0200: 4,192: Total time for which application threads were stopped: 0,0010280 seconds, Stopping threads took: 0,0009357 seconds
2017-05-09T18:32:16.951+0200: 5,192: Total time for which application threads were stopped: 0,0000910 seconds, Stopping threads took: 0,0000201 seconds
2017-05-09T18:32:18.951+0200: 7,192: Total time for which application threads were stopped: 0,0000740 seconds, Stopping threads took: 0,0000203 seconds
2017-05-09T18:32:27.952+0200: 16,193: Total time for which application threads were stopped: 0,0000884 seconds, Stopping threads took: 0,0000195 seconds
2017-05-09T18:32:33.953+0200: 22,195: Total time for which application threads were stopped: 0,0004645 seconds, Stopping threads took: 0,0001074 seconds
2017-05-09T18:32:44.900+0200: 32,196: Total time for which application threads were stopped: 0,0000734 seconds, Stopping threads took: 0,0000191 seconds
2017-05-09T18:34:09.910+0200: 117,205: Total time for which application threads were stopped: 0,0003718 seconds, Stopping threads took: 0,0001861 seconds
2017-05-09T18:34:14.911+0200: 122,206: Total time for which application threads were stopped: 0,0000897 seconds, Stopping threads took: 0,0000225 seconds
{Heap before GC invocations=9 (full 1):
 par new generation   total 109248K, used 94328K [0x00000000e0000000, 0x00000000e8000000, 0x00000000e8000000)
  eden space 87424K, 100% used [0x00000000e0000000, 0x00000000e5560000, 0x00000000e5560000)
  from space 21824K,  31% used [0x00000000e6ab0000, 0x00000000e716e130, 0x00000000e8000000)
  to   space 21824K,   0% used [0x00000000e5560000, 0x00000000e5560000, 0x00000000e6ab0000)
 concurrent mark-sweep generation total 393216K, used 6079K [0x00000000e8000000, 0x0000000100000000, 0x0000000100000000)
 Metaspace       used 28064K, capacity 28589K, committed 28740K, reserved 1075200K
  class space    used 3213K, capacity 3394K, committed 3400K, reserved 1048576K
2017-05-09T18:35:08.753+0200: 176,048: [GC (Allocation Failure) 2017-05-09T18:35:08.753+0200: 176,048: [ParNew
Desired survivor size 20112992 bytes, new threshold 8 (max 8)
- age   1:   10994632 bytes,   10994632 total
- age   2:     226192 bytes,   11220824 total
- age   3:     194920 bytes,   11415744 total
- age   4:        120 bytes,   11415864 total
- age   5:    1751880 bytes,   13167744 total
- age   6:      67224 bytes,   13234968 total
- age   7:      99680 bytes,   13334648 total
- age   8:     178248 bytes,   13512896 total
: 94328K->14477K(109248K), 0,0196316 secs] 100407K->21352K(502464K), 0,0197028 secs] [Times: user=0,05 sys=0,00, real=0,02 secs] 
Heap after GC invocations=10 (full 1):
 par new generation   total 109248K, used 14477K [0x00000000e0000000, 0x00000000e8000000, 0x00000000e8000000)
  eden space 87424K,   0% used [0x00000000e0000000, 0x00000000e0000000, 0x00000000e5560000)
  from space 21824K,  66% used [0x00000000e5560000, 0x00000000e6383560, 0x00000000e6ab0000)
  to   space 21824K,   0% used [0x00000000e6ab0000, 0x00000000e6ab0000, 0x00000000e8000000)
 concurrent mark-sweep generation total 393216K, used 6875K [0x00000000e8000000, 0x0000000100000000, 0x0000000100000000)
 Metaspace       used 28064K, capacity 28589K, committed 28740K, reserved 1075200K
  class space    used 3213K, capacity 3394K, committed 3400K, reserved 1048576K
}
2017-05-09T18:35:08.773+0200: 176,068: Total time for which application threads were stopped: 0,0198655 seconds, Stopping threads took: 0,0000315 seconds
2017-05-09T18:35:08.775+0200: 176,070: Total time for which application threads were stopped: 0,0005739 seconds, Stopping threads took: 0,0002338 seconds
2017-05-09T18:35:08.775+0200: 176,070: Total time for which application threads were stopped: 0,0001878 seconds, Stopping threads took: 0,0000730 seconds
2017-05-09T23:56:06.178+0200: 1412,462: Total time for which application threads were stopped: 0,0000804 seconds, Stopping threads took: 0,0000319 seconds
2017-05-10T00:00:51.214+0200: 1697,499: Total time for which application threads were stopped: 0,0001303 seconds, Stopping threads took: 0,0000484 seconds
2017-05-10T00:11:31.295+0200: 2337,580: Total time for which application threads were stopped: 0,0000773 seconds, Stopping threads took: 0,0000289 seconds
2017-05-10T00:12:05.298+0200: 2371,583: Total time for which application threads were stopped: 0,0000867 seconds, Stopping threads took: 0,0000316 seconds
2017-05-10T00:12:56.304+0200: 2422,589: Total time for which application threads were stopped: 0,0000815 seconds, Stopping threads took: 0,0000329 seconds
2017-05-10T00:19:51.350+0200: 2837,634: Total time for which application threads were stopped: 0,0000933 seconds, Stopping threads took: 0,0000395 seconds
2017-05-10T00:23:05.375+0200: 3031,660: Total time for which application threads were stopped: 0,0002011 seconds, Stopping threads took: 0,0000679 seconds
2017-05-10T00:28:16.417+0200: 3342,701: Total time for which application threads were stopped: 0,0000806 seconds, Stopping threads took: 0,0000290 seconds
2017-05-10T00:30:05.434+0200: 3451,719: Total time for which application threads were stopped: 0,0001645 seconds, Stopping threads took: 0,0000600 seconds
2017-05-10T00:35:01.476+0200: 3747,760: Total time for which application threads were stopped: 0,0001023 seconds, Stopping threads took: 0,0000374 seconds
2017-05-10T00:35:05.476+0200: 3751,761: Total time for which application threads were stopped: 0,0001048 seconds, Stopping threads took: 0,0000345 seconds
2017-05-10T00:36:16.488+0200: 3822,772: Total time for which application threads were stopped: 0,0001480 seconds, Stopping threads took: 0,0000573 seconds
2017-05-10T00:37:56.502+0200: 3922,787: Total time for which application threads were stopped: 0,0001037 seconds, Stopping threads took: 0,0000324 seconds
2017-05-10T00:52:46.619+0200: 4812,903: Total time for which application threads were stopped: 0,0000844 seconds, Stopping threads took: 0,0000320 seconds
2017-05-10T00:53:11.622+0200: 4837,906: Total time for which application threads were stopped: 0,0002693 seconds, Stopping threads took: 0,0000588 seconds
2017-05-10T01:22:11.813+0200: 6578,097: Total time for which application threads were stopped: 0,0000812 seconds, Stopping threads took: 0,0000315 seconds
2017-05-10T01:32:35.886+0200: 7202,170: Total time for which application threads were stopped: 0,0001219 seconds, Stopping threads took: 0,0000456 seconds
2017-05-10T01:34:35.900+0200: 7322,185: Total time for which application threads were stopped: 0,0000838 seconds, Stopping threads took: 0,0000345 seconds
2017-05-10T01:40:35.942+0200: 7682,226: Total time for which application threads were stopped: 0,0001770 seconds, Stopping threads took: 0,0000655 seconds
2017-05-10T01:44:33.398+0200: 7919,683: Total time for which application threads were stopped: 0,0063983 seconds, Stopping threads took: 0,0063043 seconds
2017-05-10T01:44:33.410+0200: 7919,694: Total time for which application threads were stopped: 0,0000977 seconds, Stopping threads took: 0,0000134 seconds
2017-05-10T01:44:33.462+0200: 7919,747: Total time for which application threads were stopped: 0,0047366 seconds, Stopping threads took: 0,0046480 seconds
2017-05-10T01:44:33.469+0200: 7919,753: Total time for which application threads were stopped: 0,0011413 seconds, Stopping threads took: 0,0010583 seconds
2017-05-10T01:44:33.470+0200: 7919,754: Total time for which application threads were stopped: 0,0001471 seconds, Stopping threads took: 0,0000472 seconds
2017-05-10T01:44:33.472+0200: 7919,757: Total time for which application threads were stopped: 0,0000882 seconds, Stopping threads took: 0,0000207 seconds
2017-05-10T01:44:33.474+0200: 7919,759: Total time for which application threads were stopped: 0,0000983 seconds, Stopping threads took: 0,0000208 seconds
Heap
 par new generation   total 109248K, used 33999K [0x00000000e0000000, 0x00000000e8000000, 0x00000000e8000000)
  eden space 87424K,  22% used [0x00000000e0000000, 0x00000000e13106c8, 0x00000000e5560000)
  from space 21824K,  66% used [0x00000000e5560000, 0x00000000e6383560, 0x00000000e6ab0000)
  to   space 21824K,   0% used [0x00000000e6ab0000, 0x00000000e6ab0000, 0x00000000e8000000)
 concurrent mark-sweep generation total 393216K, used 6875K [0x00000000e8000000, 0x0000000100000000, 0x0000000100000000)
 Metaspace       used 28196K, capacity 28725K, committed 28996K, reserved 1075200K
  class space    used 3226K, capacity 3396K, committed 3400K, reserved 1048576K
