OpenJDK 64-Bit Server VM (25.121-b13) for linux-amd64 JRE (1.8.0_121-8u121-b13-0ubuntu1.16.04.2-b13), built on Jan 23 2017 15:51:29 by "buildd" with gcc 5.4.0 20160609
Memory: 4k page, physical 7867800k(7500068k free), swap 8076284k(8076284k free)
CommandLine flags: -XX:CMSInitiatingOccupancyFraction=50 -XX:CMSMaxAbortablePrecleanTime=6000 -XX:+CMSParallelRemarkEnabled -XX:+CMSScavengeBeforeRemark -XX:ConcGCThreads=4 -XX:InitialHeapSize=536870912 -XX:MaxHeapSize=536870912 -XX:MaxTenuringThreshold=8 -XX:NewRatio=3 -XX:OldPLABSize=16 -XX:OnOutOfMemoryError=/opt/solr/bin/oom_solr.sh 8983 /var/solr/logs -XX:ParallelGCThreads=4 -XX:+ParallelRefProcEnabled -XX:PretenureSizeThreshold=67108864 -XX:+PrintGC -XX:+PrintGCApplicationStoppedTime -XX:+PrintGCDateStamps -XX:+PrintGCDetails -XX:+PrintGCTimeStamps -XX:+PrintHeapAtGC -XX:+PrintTenuringDistribution -XX:SurvivorRatio=4 -XX:TargetSurvivorRatio=90 -XX:ThreadStackSize=256 -XX:+UseCMSInitiatingOccupancyOnly -XX:+UseCompressedClassPointers -XX:+UseCompressedOops -XX:+UseConcMarkSweepGC -XX:+UseParNewGC 
2017-02-13T16:09:09.988+0100: 0,145: Total time for which application threads were stopped: 0,0000974 seconds, Stopping threads took: 0,0000217 seconds
2017-02-13T16:09:10.082+0100: 0,239: Total time for which application threads were stopped: 0,0001608 seconds, Stopping threads took: 0,0000296 seconds
2017-02-13T16:09:10.102+0100: 0,259: Total time for which application threads were stopped: 0,0000954 seconds, Stopping threads took: 0,0000134 seconds
2017-02-13T16:09:10.412+0100: 0,569: Total time for which application threads were stopped: 0,0001568 seconds, Stopping threads took: 0,0000119 seconds
2017-02-13T16:09:10.850+0100: 1,007: Total time for which application threads were stopped: 0,0001150 seconds, Stopping threads took: 0,0000090 seconds
2017-02-13T16:09:10.908+0100: 1,065: Total time for which application threads were stopped: 0,0001532 seconds, Stopping threads took: 0,0000206 seconds
2017-02-13T16:09:10.932+0100: 1,089: Total time for which application threads were stopped: 0,0001785 seconds, Stopping threads took: 0,0000214 seconds
2017-02-13T16:09:11.188+0100: 1,345: Total time for which application threads were stopped: 0,0008432 seconds, Stopping threads took: 0,0000802 seconds
2017-02-13T16:09:11.400+0100: 1,557: Total time for which application threads were stopped: 0,0009433 seconds, Stopping threads took: 0,0001058 seconds
2017-02-13T16:09:11.429+0100: 1,586: Total time for which application threads were stopped: 0,0001893 seconds, Stopping threads took: 0,0000291 seconds
2017-02-13T16:09:11.467+0100: 1,624: Total time for which application threads were stopped: 0,0010307 seconds, Stopping threads took: 0,0001601 seconds
2017-02-13T16:09:11.470+0100: 1,627: Total time for which application threads were stopped: 0,0003149 seconds, Stopping threads took: 0,0000942 seconds
2017-02-13T16:09:11.490+0100: 1,647: Total time for which application threads were stopped: 0,0002341 seconds, Stopping threads took: 0,0000471 seconds
2017-02-13T16:09:11.593+0100: 1,750: Total time for which application threads were stopped: 0,0002235 seconds, Stopping threads took: 0,0000195 seconds
2017-02-13T16:09:11.742+0100: 1,899: Total time for which application threads were stopped: 0,0002762 seconds, Stopping threads took: 0,0000283 seconds
{Heap before GC invocations=0 (full 0):
 par new generation   total 109248K, used 87424K [0x00000000e0000000, 0x00000000e8000000, 0x00000000e8000000)
  eden space 87424K, 100% used [0x00000000e0000000, 0x00000000e5560000, 0x00000000e5560000)
  from space 21824K,   0% used [0x00000000e5560000, 0x00000000e5560000, 0x00000000e6ab0000)
  to   space 21824K,   0% used [0x00000000e6ab0000, 0x00000000e6ab0000, 0x00000000e8000000)
 concurrent mark-sweep generation total 393216K, used 0K [0x00000000e8000000, 0x0000000100000000, 0x0000000100000000)
 Metaspace       used 17815K, capacity 18176K, committed 18304K, reserved 1064960K
  class space    used 2023K, capacity 2164K, committed 2176K, reserved 1048576K
2017-02-13T16:09:11.780+0100: 1,937: [GC (Allocation Failure) 2017-02-13T16:09:11.780+0100: 1,937: [ParNew
Desired survivor size 20112992 bytes, new threshold 8 (max 8)
- age   1:   11658608 bytes,   11658608 total
: 87424K->11504K(109248K), 0,0155610 secs] 87424K->11504K(502464K), 0,0156617 secs] [Times: user=0,04 sys=0,03, real=0,02 secs] 
Heap after GC invocations=1 (full 0):
 par new generation   total 109248K, used 11504K [0x00000000e0000000, 0x00000000e8000000, 0x00000000e8000000)
  eden space 87424K,   0% used [0x00000000e0000000, 0x00000000e0000000, 0x00000000e5560000)
  from space 21824K,  52% used [0x00000000e6ab0000, 0x00000000e75ec128, 0x00000000e8000000)
  to   space 21824K,   0% used [0x00000000e5560000, 0x00000000e5560000, 0x00000000e6ab0000)
 concurrent mark-sweep generation total 393216K, used 0K [0x00000000e8000000, 0x0000000100000000, 0x0000000100000000)
 Metaspace       used 17815K, capacity 18176K, committed 18304K, reserved 1064960K
  class space    used 2023K, capacity 2164K, committed 2176K, reserved 1048576K
}
2017-02-13T16:09:11.796+0100: 1,953: Total time for which application threads were stopped: 0,0159297 seconds, Stopping threads took: 0,0000645 seconds
2017-02-13T16:09:12.159+0100: 2,316: Total time for which application threads were stopped: 0,0005213 seconds, Stopping threads took: 0,0001509 seconds
{Heap before GC invocations=1 (full 0):
 par new generation   total 109248K, used 98928K [0x00000000e0000000, 0x00000000e8000000, 0x00000000e8000000)
  eden space 87424K, 100% used [0x00000000e0000000, 0x00000000e5560000, 0x00000000e5560000)
  from space 21824K,  52% used [0x00000000e6ab0000, 0x00000000e75ec128, 0x00000000e8000000)
  to   space 21824K,   0% used [0x00000000e5560000, 0x00000000e5560000, 0x00000000e6ab0000)
 concurrent mark-sweep generation total 393216K, used 0K [0x00000000e8000000, 0x0000000100000000, 0x0000000100000000)
 Metaspace       used 20020K, capacity 20348K, committed 20736K, reserved 1067008K
  class space    used 2292K, capacity 2464K, committed 2560K, reserved 1048576K
2017-02-13T16:09:12.199+0100: 2,357: [GC (Allocation Failure) 2017-02-13T16:09:12.200+0100: 2,357: [ParNew
Desired survivor size 20112992 bytes, new threshold 8 (max 8)
- age   1:    4126432 bytes,    4126432 total
- age   2:    6180944 bytes,   10307376 total
: 98928K->16526K(109248K), 0,0132751 secs] 98928K->16526K(502464K), 0,0133540 secs] [Times: user=0,05 sys=0,00, real=0,01 secs] 
Heap after GC invocations=2 (full 0):
 par new generation   total 109248K, used 16526K [0x00000000e0000000, 0x00000000e8000000, 0x00000000e8000000)
  eden space 87424K,   0% used [0x00000000e0000000, 0x00000000e0000000, 0x00000000e5560000)
  from space 21824K,  75% used [0x00000000e5560000, 0x00000000e65839d8, 0x00000000e6ab0000)
  to   space 21824K,   0% used [0x00000000e6ab0000, 0x00000000e6ab0000, 0x00000000e8000000)
 concurrent mark-sweep generation total 393216K, used 0K [0x00000000e8000000, 0x0000000100000000, 0x0000000100000000)
 Metaspace       used 20020K, capacity 20348K, committed 20736K, reserved 1067008K
  class space    used 2292K, capacity 2464K, committed 2560K, reserved 1048576K
}
2017-02-13T16:09:12.213+0100: 2,370: Total time for which application threads were stopped: 0,0164428 seconds, Stopping threads took: 0,0029252 seconds
2017-02-13T16:09:12.224+0100: 2,381: Total time for which application threads were stopped: 0,0003930 seconds, Stopping threads took: 0,0000905 seconds
2017-02-13T16:09:12.268+0100: 2,425: Total time for which application threads were stopped: 0,0003298 seconds, Stopping threads took: 0,0000456 seconds
2017-02-13T16:09:12.400+0100: 2,557: Total time for which application threads were stopped: 0,0002668 seconds, Stopping threads took: 0,0000799 seconds
{Heap before GC invocations=2 (full 0):
 par new generation   total 109248K, used 103950K [0x00000000e0000000, 0x00000000e8000000, 0x00000000e8000000)
  eden space 87424K, 100% used [0x00000000e0000000, 0x00000000e5560000, 0x00000000e5560000)
  from space 21824K,  75% used [0x00000000e5560000, 0x00000000e65839d8, 0x00000000e6ab0000)
  to   space 21824K,   0% used [0x00000000e6ab0000, 0x00000000e6ab0000, 0x00000000e8000000)
 concurrent mark-sweep generation total 393216K, used 0K [0x00000000e8000000, 0x0000000100000000, 0x0000000100000000)
 Metaspace       used 20930K, capacity 21270K, committed 21552K, reserved 1069056K
  class space    used 2416K, capacity 2583K, committed 2608K, reserved 1048576K
2017-02-13T16:09:12.414+0100: 2,571: [GC (Allocation Failure) 2017-02-13T16:09:12.414+0100: 2,571: [ParNew
Desired survivor size 20112992 bytes, new threshold 8 (max 8)
- age   1:    2134480 bytes,    2134480 total
- age   2:    1294384 bytes,    3428864 total
- age   3:    6177648 bytes,    9606512 total
: 103950K->11969K(109248K), 0,0136149 secs] 103950K->11969K(502464K), 0,0137170 secs] [Times: user=0,05 sys=0,00, real=0,02 secs] 
Heap after GC invocations=3 (full 0):
 par new generation   total 109248K, used 11969K [0x00000000e0000000, 0x00000000e8000000, 0x00000000e8000000)
  eden space 87424K,   0% used [0x00000000e0000000, 0x00000000e0000000, 0x00000000e5560000)
  from space 21824K,  54% used [0x00000000e6ab0000, 0x00000000e7660478, 0x00000000e8000000)
  to   space 21824K,   0% used [0x00000000e5560000, 0x00000000e5560000, 0x00000000e6ab0000)
 concurrent mark-sweep generation total 393216K, used 0K [0x00000000e8000000, 0x0000000100000000, 0x0000000100000000)
 Metaspace       used 20930K, capacity 21270K, committed 21552K, reserved 1069056K
  class space    used 2416K, capacity 2583K, committed 2608K, reserved 1048576K
}
2017-02-13T16:09:12.428+0100: 2,585: Total time for which application threads were stopped: 0,0139471 seconds, Stopping threads took: 0,0000653 seconds
2017-02-13T16:09:12.428+0100: 2,585: [GC (CMS Initial Mark) [1 CMS-initial-mark: 0K(393216K)] 12700K(502464K), 0,0039640 secs] [Times: user=0,02 sys=0,00, real=0,00 secs] 
2017-02-13T16:09:12.432+0100: 2,589: Total time for which application threads were stopped: 0,0041844 seconds, Stopping threads took: 0,0001234 seconds
2017-02-13T16:09:12.432+0100: 2,589: [CMS-concurrent-mark-start]
2017-02-13T16:09:12.432+0100: 2,589: [CMS-concurrent-mark: 0,001/0,001 secs] [Times: user=0,00 sys=0,00, real=0,00 secs] 
2017-02-13T16:09:12.432+0100: 2,589: [CMS-concurrent-preclean-start]
2017-02-13T16:09:12.433+0100: 2,591: [CMS-concurrent-preclean: 0,001/0,001 secs] [Times: user=0,00 sys=0,00, real=0,00 secs] 
2017-02-13T16:09:12.434+0100: 2,591: [GC (CMS Final Remark) [YG occupancy: 12700 K (109248 K)]{Heap before GC invocations=3 (full 1):
 par new generation   total 109248K, used 12700K [0x00000000e0000000, 0x00000000e8000000, 0x00000000e8000000)
  eden space 87424K,   0% used [0x00000000e0000000, 0x00000000e00b6f30, 0x00000000e5560000)
  from space 21824K,  54% used [0x00000000e6ab0000, 0x00000000e7660478, 0x00000000e8000000)
  to   space 21824K,   0% used [0x00000000e5560000, 0x00000000e5560000, 0x00000000e6ab0000)
 concurrent mark-sweep generation total 393216K, used 0K [0x00000000e8000000, 0x0000000100000000, 0x0000000100000000)
 Metaspace       used 20930K, capacity 21270K, committed 21552K, reserved 1069056K
  class space    used 2416K, capacity 2583K, committed 2608K, reserved 1048576K
2017-02-13T16:09:12.434+0100: 2,591: [GC (CMS Final Remark) 2017-02-13T16:09:12.434+0100: 2,591: [ParNew
Desired survivor size 20112992 bytes, new threshold 8 (max 8)
- age   1:      33072 bytes,      33072 total
- age   2:    2134480 bytes,    2167552 total
- age   3:    1294384 bytes,    3461936 total
- age   4:    6177720 bytes,    9639656 total
: 12700K->12186K(109248K), 0,0141819 secs] 12700K->12186K(502464K), 0,0142312 secs] [Times: user=0,05 sys=0,00, real=0,02 secs] 
Heap after GC invocations=4 (full 1):
 par new generation   total 109248K, used 12186K [0x00000000e0000000, 0x00000000e8000000, 0x00000000e8000000)
  eden space 87424K,   0% used [0x00000000e0000000, 0x00000000e0000000, 0x00000000e5560000)
  from space 21824K,  55% used [0x00000000e5560000, 0x00000000e61468f0, 0x00000000e6ab0000)
  to   space 21824K,   0% used [0x00000000e6ab0000, 0x00000000e6ab0000, 0x00000000e8000000)
 concurrent mark-sweep generation total 393216K, used 0K [0x00000000e8000000, 0x0000000100000000, 0x0000000100000000)
 Metaspace       used 20930K, capacity 21270K, committed 21552K, reserved 1069056K
  class space    used 2416K, capacity 2583K, committed 2608K, reserved 1048576K
}
2017-02-13T16:09:12.448+0100: 2,605: [Rescan (parallel) , 0,0046324 secs]2017-02-13T16:09:12.453+0100: 2,610: [weak refs processing, 0,0027847 secs]2017-02-13T16:09:12.456+0100: 2,613: [class unloading, 0,0030741 secs]2017-02-13T16:09:12.459+0100: 2,616: [scrub symbol table, 0,0032673 secs]2017-02-13T16:09:12.462+0100: 2,619: [scrub string table, 0,0003988 secs][1 CMS-remark: 0K(393216K)] 12186K(502464K), 0,0290683 secs] [Times: user=0,09 sys=0,00, real=0,03 secs] 
2017-02-13T16:09:12.463+0100: 2,620: Total time for which application threads were stopped: 0,0293680 seconds, Stopping threads took: 0,0002061 seconds
2017-02-13T16:09:12.463+0100: 2,620: [CMS-concurrent-sweep-start]
2017-02-13T16:09:12.463+0100: 2,620: [CMS-concurrent-sweep: 0,000/0,000 secs] [Times: user=0,00 sys=0,00, real=0,00 secs] 
2017-02-13T16:09:12.463+0100: 2,620: [CMS-concurrent-reset-start]
2017-02-13T16:09:12.465+0100: 2,622: [CMS-concurrent-reset: 0,002/0,002 secs] [Times: user=0,01 sys=0,00, real=0,00 secs] 
{Heap before GC invocations=4 (full 1):
 par new generation   total 109248K, used 99610K [0x00000000e0000000, 0x00000000e8000000, 0x00000000e8000000)
  eden space 87424K, 100% used [0x00000000e0000000, 0x00000000e5560000, 0x00000000e5560000)
  from space 21824K,  55% used [0x00000000e5560000, 0x00000000e61468f0, 0x00000000e6ab0000)
  to   space 21824K,   0% used [0x00000000e6ab0000, 0x00000000e6ab0000, 0x00000000e8000000)
 concurrent mark-sweep generation total 393216K, used 0K [0x00000000e8000000, 0x0000000100000000, 0x0000000100000000)
 Metaspace       used 21161K, capacity 21546K, committed 21808K, reserved 1069056K
  class space    used 2444K, capacity 2598K, committed 2608K, reserved 1048576K
2017-02-13T16:09:12.559+0100: 2,716: [GC (Allocation Failure) 2017-02-13T16:09:12.559+0100: 2,716: [ParNew
Desired survivor size 20112992 bytes, new threshold 8 (max 8)
- age   1:     738168 bytes,     738168 total
- age   3:    1478136 bytes,    2216304 total
- age   4:    1259584 bytes,    3475888 total
- age   5:    6177856 bytes,    9653744 total
: 99610K->11122K(109248K), 0,0101382 secs] 99610K->11122K(502464K), 0,0102065 secs] [Times: user=0,03 sys=0,00, real=0,01 secs] 
Heap after GC invocations=5 (full 1):
 par new generation   total 109248K, used 11122K [0x00000000e0000000, 0x00000000e8000000, 0x00000000e8000000)
  eden space 87424K,   0% used [0x00000000e0000000, 0x00000000e0000000, 0x00000000e5560000)
  from space 21824K,  50% used [0x00000000e6ab0000, 0x00000000e758c940, 0x00000000e8000000)
  to   space 21824K,   0% used [0x00000000e5560000, 0x00000000e5560000, 0x00000000e6ab0000)
 concurrent mark-sweep generation total 393216K, used 0K [0x00000000e8000000, 0x0000000100000000, 0x0000000100000000)
 Metaspace       used 21161K, capacity 21546K, committed 21808K, reserved 1069056K
  class space    used 2444K, capacity 2598K, committed 2608K, reserved 1048576K
}
2017-02-13T16:09:12.569+0100: 2,726: Total time for which application threads were stopped: 0,0104454 seconds, Stopping threads took: 0,0000849 seconds
{Heap before GC invocations=5 (full 1):
 par new generation   total 109248K, used 98546K [0x00000000e0000000, 0x00000000e8000000, 0x00000000e8000000)
  eden space 87424K, 100% used [0x00000000e0000000, 0x00000000e5560000, 0x00000000e5560000)
  from space 21824K,  50% used [0x00000000e6ab0000, 0x00000000e758c940, 0x00000000e8000000)
  to   space 21824K,   0% used [0x00000000e5560000, 0x00000000e5560000, 0x00000000e6ab0000)
 concurrent mark-sweep generation total 393216K, used 0K [0x00000000e8000000, 0x0000000100000000, 0x0000000100000000)
 Metaspace       used 21323K, capacity 21706K, committed 21936K, reserved 1069056K
  class space    used 2464K, capacity 2630K, committed 2736K, reserved 1048576K
2017-02-13T16:09:12.653+0100: 2,810: [GC (Allocation Failure) 2017-02-13T16:09:12.653+0100: 2,810: [ParNew
Desired survivor size 20112992 bytes, new threshold 8 (max 8)
- age   1:     740440 bytes,     740440 total
- age   2:     177392 bytes,     917832 total
- age   4:    1477896 bytes,    2395728 total
- age   5:    1257512 bytes,    3653240 total
- age   6:    6177816 bytes,    9831056 total
: 98546K->16921K(109248K), 0,0099987 secs] 98546K->16921K(502464K), 0,0100746 secs] [Times: user=0,03 sys=0,01, real=0,01 secs] 
Heap after GC invocations=6 (full 1):
 par new generation   total 109248K, used 16921K [0x00000000e0000000, 0x00000000e8000000, 0x00000000e8000000)
  eden space 87424K,   0% used [0x00000000e0000000, 0x00000000e0000000, 0x00000000e5560000)
  from space 21824K,  77% used [0x00000000e5560000, 0x00000000e65e6600, 0x00000000e6ab0000)
  to   space 21824K,   0% used [0x00000000e6ab0000, 0x00000000e6ab0000, 0x00000000e8000000)
 concurrent mark-sweep generation total 393216K, used 0K [0x00000000e8000000, 0x0000000100000000, 0x0000000100000000)
 Metaspace       used 21323K, capacity 21706K, committed 21936K, reserved 1069056K
  class space    used 2464K, capacity 2630K, committed 2736K, reserved 1048576K
}
2017-02-13T16:09:12.664+0100: 2,821: Total time for which application threads were stopped: 0,0102799 seconds, Stopping threads took: 0,0000659 seconds
2017-02-13T16:09:12.702+0100: 2,859: Total time for which application threads were stopped: 0,0003274 seconds, Stopping threads took: 0,0000142 seconds
2017-02-13T16:09:12.903+0100: 3,061: Total time for which application threads were stopped: 0,0004723 seconds, Stopping threads took: 0,0000263 seconds
2017-02-13T16:09:12.916+0100: 3,073: Total time for which application threads were stopped: 0,0004794 seconds, Stopping threads took: 0,0000443 seconds
{Heap before GC invocations=6 (full 1):
 par new generation   total 109248K, used 104345K [0x00000000e0000000, 0x00000000e8000000, 0x00000000e8000000)
  eden space 87424K, 100% used [0x00000000e0000000, 0x00000000e5560000, 0x00000000e5560000)
  from space 21824K,  77% used [0x00000000e5560000, 0x00000000e65e6600, 0x00000000e6ab0000)
  to   space 21824K,   0% used [0x00000000e6ab0000, 0x00000000e6ab0000, 0x00000000e8000000)
 concurrent mark-sweep generation total 393216K, used 0K [0x00000000e8000000, 0x0000000100000000, 0x0000000100000000)
 Metaspace       used 24880K, capacity 25362K, committed 25648K, reserved 1071104K
  class space    used 2903K, capacity 3076K, committed 3120K, reserved 1048576K
2017-02-13T16:09:13.182+0100: 3,339: [GC (Allocation Failure) 2017-02-13T16:09:13.182+0100: 3,339: [ParNew
Desired survivor size 20112992 bytes, new threshold 8 (max 8)
- age   1:    5062552 bytes,    5062552 total
- age   2:     109672 bytes,    5172224 total
- age   3:     170560 bytes,    5342784 total
- age   5:     305416 bytes,    5648200 total
- age   6:    1237344 bytes,    6885544 total
- age   7:    6171584 bytes,   13057128 total
: 104345K->15803K(109248K), 0,0227560 secs] 104345K->15803K(502464K), 0,0228392 secs] [Times: user=0,09 sys=0,00, real=0,02 secs] 
Heap after GC invocations=7 (full 1):
 par new generation   total 109248K, used 15803K [0x00000000e0000000, 0x00000000e8000000, 0x00000000e8000000)
  eden space 87424K,   0% used [0x00000000e0000000, 0x00000000e0000000, 0x00000000e5560000)
  from space 21824K,  72% used [0x00000000e6ab0000, 0x00000000e7a1edf0, 0x00000000e8000000)
  to   space 21824K,   0% used [0x00000000e5560000, 0x00000000e5560000, 0x00000000e6ab0000)
 concurrent mark-sweep generation total 393216K, used 0K [0x00000000e8000000, 0x0000000100000000, 0x0000000100000000)
 Metaspace       used 24880K, capacity 25362K, committed 25648K, reserved 1071104K
  class space    used 2903K, capacity 3076K, committed 3120K, reserved 1048576K
}
2017-02-13T16:09:13.205+0100: 3,362: Total time for which application threads were stopped: 0,0240231 seconds, Stopping threads took: 0,0009218 seconds
2017-02-13T16:09:13.402+0100: 3,559: Total time for which application threads were stopped: 0,0004025 seconds, Stopping threads took: 0,0000249 seconds
2017-02-13T16:09:13.424+0100: 3,581: Total time for which application threads were stopped: 0,0004846 seconds, Stopping threads took: 0,0000404 seconds
2017-02-13T16:09:13.501+0100: 3,658: Total time for which application threads were stopped: 0,0004760 seconds, Stopping threads took: 0,0000874 seconds
2017-02-13T16:09:13.894+0100: 4,051: Total time for which application threads were stopped: 0,0006378 seconds, Stopping threads took: 0,0000368 seconds
2017-02-13T16:09:41.373+0100: 32,054: Total time for which application threads were stopped: 0,0001017 seconds, Stopping threads took: 0,0000266 seconds
2017-02-13T16:11:21.390+0100: 132,071: Total time for which application threads were stopped: 0,0001756 seconds, Stopping threads took: 0,0000633 seconds
2017-02-13T16:11:31.391+0100: 142,072: Total time for which application threads were stopped: 0,0001077 seconds, Stopping threads took: 0,0000421 seconds
2017-02-13T16:12:10.398+0100: 181,079: Total time for which application threads were stopped: 0,0001979 seconds, Stopping threads took: 0,0000673 seconds
2017-02-13T16:32:40.595+0100: 1411,276: Total time for which application threads were stopped: 0,0001085 seconds, Stopping threads took: 0,0000391 seconds
2017-02-13T16:35:50.628+0100: 1601,309: Total time for which application threads were stopped: 0,0002497 seconds, Stopping threads took: 0,0000842 seconds
2017-02-13T16:41:11.682+0100: 1922,363: Total time for which application threads were stopped: 0,0001686 seconds, Stopping threads took: 0,0000646 seconds
2017-02-13T16:47:35.747+0100: 2306,429: Total time for which application threads were stopped: 0,0001919 seconds, Stopping threads took: 0,0000629 seconds
2017-02-13T16:47:36.748+0100: 2307,429: Total time for which application threads were stopped: 0,0000687 seconds, Stopping threads took: 0,0000173 seconds
2017-02-13T17:01:10.887+0100: 3121,568: Total time for which application threads were stopped: 0,0001376 seconds, Stopping threads took: 0,0000491 seconds
2017-02-13T17:02:26.901+0100: 3197,582: Total time for which application threads were stopped: 0,0001153 seconds, Stopping threads took: 0,0000395 seconds
2017-02-13T17:02:45.904+0100: 3216,585: Total time for which application threads were stopped: 0,0000953 seconds, Stopping threads took: 0,0000321 seconds
2017-02-13T17:09:10.965+0100: 3601,646: Total time for which application threads were stopped: 0,0000977 seconds, Stopping threads took: 0,0000344 seconds
2017-02-13T17:11:30.988+0100: 3741,669: Total time for which application threads were stopped: 0,0001776 seconds, Stopping threads took: 0,0000646 seconds
2017-02-13T17:11:40.989+0100: 3751,671: Total time for which application threads were stopped: 0,0001762 seconds, Stopping threads took: 0,0000596 seconds
2017-02-13T17:13:21.006+0100: 3851,687: Total time for which application threads were stopped: 0,0002406 seconds, Stopping threads took: 0,0000767 seconds
2017-02-13T17:13:26.007+0100: 3856,688: Total time for which application threads were stopped: 0,0000767 seconds, Stopping threads took: 0,0000162 seconds
2017-02-13T17:42:12.298+0100: 5582,979: Total time for which application threads were stopped: 0,0002007 seconds, Stopping threads took: 0,0000741 seconds
2017-02-13T17:56:01.440+0100: 6412,121: Total time for which application threads were stopped: 0,0001242 seconds, Stopping threads took: 0,0000423 seconds
2017-02-13T18:10:41.582+0100: 7292,263: Total time for which application threads were stopped: 0,0000947 seconds, Stopping threads took: 0,0000342 seconds
2017-02-13T18:17:11.647+0100: 7682,328: Total time for which application threads were stopped: 0,0001717 seconds, Stopping threads took: 0,0000599 seconds
2017-02-13T19:21:41.146+0100: 11551,827: Total time for which application threads were stopped: 0,0002255 seconds, Stopping threads took: 0,0000667 seconds
2017-02-13T20:25:11.643+0100: 15362,324: Total time for which application threads were stopped: 0,0005658 seconds, Stopping threads took: 0,0001546 seconds
2017-02-13T20:33:41.701+0100: 15872,382: Total time for which application threads were stopped: 0,0003328 seconds, Stopping threads took: 0,0001179 seconds
2017-02-13T23:56:47.386+0100: 28058,067: Total time for which application threads were stopped: 0,0069661 seconds, Stopping threads took: 0,0068252 seconds
2017-02-13T23:56:47.388+0100: 28058,069: Total time for which application threads were stopped: 0,0001303 seconds, Stopping threads took: 0,0000355 seconds
2017-02-13T23:56:47.401+0100: 28058,082: Total time for which application threads were stopped: 0,0001358 seconds, Stopping threads took: 0,0000230 seconds
Heap
 par new generation   total 109248K, used 90890K [0x00000000e0000000, 0x00000000e8000000, 0x00000000e8000000)
  eden space 87424K,  85% used [0x00000000e0000000, 0x00000000e4953cd0, 0x00000000e5560000)
  from space 21824K,  72% used [0x00000000e6ab0000, 0x00000000e7a1edf0, 0x00000000e8000000)
  to   space 21824K,   0% used [0x00000000e5560000, 0x00000000e5560000, 0x00000000e6ab0000)
 concurrent mark-sweep generation total 393216K, used 0K [0x00000000e8000000, 0x0000000100000000, 0x0000000100000000)
 Metaspace       used 28048K, capacity 28556K, committed 28848K, reserved 1075200K
  class space    used 3227K, capacity 3389K, committed 3504K, reserved 1048576K
