OpenJDK 64-Bit Server VM (25.111-b14) for linux-amd64 JRE (1.8.0_111-8u111-b14-2ubuntu0.16.04.2-b14), built on Oct 27 2016 18:10:19 by "buildd" with gcc 5.4.0 20160609
Memory: 4k page, physical 7867800k(7498756k free), swap 8076284k(8076284k free)
CommandLine flags: -XX:CMSInitiatingOccupancyFraction=50 -XX:CMSMaxAbortablePrecleanTime=6000 -XX:+CMSParallelRemarkEnabled -XX:+CMSScavengeBeforeRemark -XX:ConcGCThreads=4 -XX:InitialHeapSize=536870912 -XX:MaxHeapSize=536870912 -XX:MaxTenuringThreshold=8 -XX:NewRatio=3 -XX:OldPLABSize=16 -XX:OnOutOfMemoryError=/opt/solr/bin/oom_solr.sh 8983 /var/solr/logs -XX:ParallelGCThreads=4 -XX:+ParallelRefProcEnabled -XX:PretenureSizeThreshold=67108864 -XX:+PrintGC -XX:+PrintGCApplicationStoppedTime -XX:+PrintGCDateStamps -XX:+PrintGCDetails -XX:+PrintGCTimeStamps -XX:+PrintHeapAtGC -XX:+PrintTenuringDistribution -XX:SurvivorRatio=4 -XX:TargetSurvivorRatio=90 -XX:ThreadStackSize=256 -XX:+UseCMSInitiatingOccupancyOnly -XX:+UseCompressedClassPointers -XX:+UseCompressedOops -XX:+UseConcMarkSweepGC -XX:+UseParNewGC 
2017-01-23T17:05:59.135+0100: 0,146: Total time for which application threads were stopped: 0,0000748 seconds, Stopping threads took: 0,0000111 seconds
2017-01-23T17:05:59.219+0100: 0,229: Total time for which application threads were stopped: 0,0001380 seconds, Stopping threads took: 0,0000139 seconds
2017-01-23T17:05:59.233+0100: 0,244: Total time for which application threads were stopped: 0,0000779 seconds, Stopping threads took: 0,0000105 seconds
2017-01-23T17:05:59.454+0100: 0,465: Total time for which application threads were stopped: 0,0001510 seconds, Stopping threads took: 0,0000173 seconds
2017-01-23T17:05:59.881+0100: 0,891: Total time for which application threads were stopped: 0,0001764 seconds, Stopping threads took: 0,0000256 seconds
2017-01-23T17:05:59.992+0100: 1,003: Total time for which application threads were stopped: 0,0003978 seconds, Stopping threads took: 0,0000726 seconds
2017-01-23T17:06:00.011+0100: 1,022: Total time for which application threads were stopped: 0,0004529 seconds, Stopping threads took: 0,0000644 seconds
2017-01-23T17:06:00.261+0100: 1,272: Total time for which application threads were stopped: 0,0003015 seconds, Stopping threads took: 0,0000882 seconds
2017-01-23T17:06:00.473+0100: 1,484: Total time for which application threads were stopped: 0,0002025 seconds, Stopping threads took: 0,0000151 seconds
2017-01-23T17:06:00.502+0100: 1,513: Total time for which application threads were stopped: 0,0001839 seconds, Stopping threads took: 0,0000221 seconds
2017-01-23T17:06:00.503+0100: 1,514: Total time for which application threads were stopped: 0,0001126 seconds, Stopping threads took: 0,0000195 seconds
2017-01-23T17:06:00.518+0100: 1,528: Total time for which application threads were stopped: 0,0001701 seconds, Stopping threads took: 0,0000126 seconds
2017-01-23T17:06:00.633+0100: 1,643: Total time for which application threads were stopped: 0,0004578 seconds, Stopping threads took: 0,0000465 seconds
2017-01-23T17:06:00.799+0100: 1,809: Total time for which application threads were stopped: 0,0004201 seconds, Stopping threads took: 0,0002150 seconds
{Heap before GC invocations=0 (full 0):
 par new generation   total 109248K, used 87424K [0x00000000e0000000, 0x00000000e8000000, 0x00000000e8000000)
  eden space 87424K, 100% used [0x00000000e0000000, 0x00000000e5560000, 0x00000000e5560000)
  from space 21824K,   0% used [0x00000000e5560000, 0x00000000e5560000, 0x00000000e6ab0000)
  to   space 21824K,   0% used [0x00000000e6ab0000, 0x00000000e6ab0000, 0x00000000e8000000)
 concurrent mark-sweep generation total 393216K, used 0K [0x00000000e8000000, 0x0000000100000000, 0x0000000100000000)
 Metaspace       used 18018K, capacity 18302K, committed 18560K, reserved 1064960K
  class space    used 2046K, capacity 2162K, committed 2176K, reserved 1048576K
2017-01-23T17:06:00.919+0100: 1,930: [GC (Allocation Failure) 2017-01-23T17:06:00.920+0100: 1,930: [ParNew
Desired survivor size 20112992 bytes, new threshold 8 (max 8)
- age   1:   12856032 bytes,   12856032 total
: 87424K->12669K(109248K), 0,0168976 secs] 87424K->12669K(502464K), 0,0169827 secs] [Times: user=0,05 sys=0,00, real=0,01 secs] 
Heap after GC invocations=1 (full 0):
 par new generation   total 109248K, used 12669K [0x00000000e0000000, 0x00000000e8000000, 0x00000000e8000000)
  eden space 87424K,   0% used [0x00000000e0000000, 0x00000000e0000000, 0x00000000e5560000)
  from space 21824K,  58% used [0x00000000e6ab0000, 0x00000000e770f6d8, 0x00000000e8000000)
  to   space 21824K,   0% used [0x00000000e5560000, 0x00000000e5560000, 0x00000000e6ab0000)
 concurrent mark-sweep generation total 393216K, used 0K [0x00000000e8000000, 0x0000000100000000, 0x0000000100000000)
 Metaspace       used 18018K, capacity 18302K, committed 18560K, reserved 1064960K
  class space    used 2046K, capacity 2162K, committed 2176K, reserved 1048576K
}
2017-01-23T17:06:00.937+0100: 1,947: Total time for which application threads were stopped: 0,0172527 seconds, Stopping threads took: 0,0000977 seconds
2017-01-23T17:06:01.149+0100: 2,159: Total time for which application threads were stopped: 0,0003915 seconds, Stopping threads took: 0,0000577 seconds
2017-01-23T17:06:01.181+0100: 2,192: Total time for which application threads were stopped: 0,0003364 seconds, Stopping threads took: 0,0000647 seconds
2017-01-23T17:06:01.214+0100: 2,224: Total time for which application threads were stopped: 0,0003892 seconds, Stopping threads took: 0,0000962 seconds
{Heap before GC invocations=1 (full 0):
 par new generation   total 109248K, used 100093K [0x00000000e0000000, 0x00000000e8000000, 0x00000000e8000000)
  eden space 87424K, 100% used [0x00000000e0000000, 0x00000000e5560000, 0x00000000e5560000)
  from space 21824K,  58% used [0x00000000e6ab0000, 0x00000000e770f6d8, 0x00000000e8000000)
  to   space 21824K,   0% used [0x00000000e5560000, 0x00000000e5560000, 0x00000000e6ab0000)
 concurrent mark-sweep generation total 393216K, used 0K [0x00000000e8000000, 0x0000000100000000, 0x0000000100000000)
 Metaspace       used 20495K, capacity 20780K, committed 20992K, reserved 1067008K
  class space    used 2368K, capacity 2483K, committed 2560K, reserved 1048576K
2017-01-23T17:06:01.334+0100: 2,345: [GC (Allocation Failure) 2017-01-23T17:06:01.335+0100: 2,345: [ParNew
Desired survivor size 20112992 bytes, new threshold 8 (max 8)
- age   1:    4086440 bytes,    4086440 total
- age   2:    6621656 bytes,   10708096 total
: 100093K->13896K(109248K), 0,0158862 secs] 100093K->13896K(502464K), 0,0159638 secs] [Times: user=0,06 sys=0,00, real=0,02 secs] 
Heap after GC invocations=2 (full 0):
 par new generation   total 109248K, used 13896K [0x00000000e0000000, 0x00000000e8000000, 0x00000000e8000000)
  eden space 87424K,   0% used [0x00000000e0000000, 0x00000000e0000000, 0x00000000e5560000)
  from space 21824K,  63% used [0x00000000e5560000, 0x00000000e62f2258, 0x00000000e6ab0000)
  to   space 21824K,   0% used [0x00000000e6ab0000, 0x00000000e6ab0000, 0x00000000e8000000)
 concurrent mark-sweep generation total 393216K, used 0K [0x00000000e8000000, 0x0000000100000000, 0x0000000100000000)
 Metaspace       used 20495K, capacity 20780K, committed 20992K, reserved 1067008K
  class space    used 2368K, capacity 2483K, committed 2560K, reserved 1048576K
}
2017-01-23T17:06:01.350+0100: 2,361: Total time for which application threads were stopped: 0,0169865 seconds, Stopping threads took: 0,0008286 seconds
2017-01-23T17:06:01.404+0100: 2,415: Total time for which application threads were stopped: 0,0001406 seconds, Stopping threads took: 0,0000267 seconds
2017-01-23T17:06:01.439+0100: 2,450: Total time for which application threads were stopped: 0,0001767 seconds, Stopping threads took: 0,0000446 seconds
2017-01-23T17:06:01.466+0100: 2,477: Total time for which application threads were stopped: 0,0001953 seconds, Stopping threads took: 0,0000836 seconds
{Heap before GC invocations=2 (full 0):
 par new generation   total 109248K, used 101320K [0x00000000e0000000, 0x00000000e8000000, 0x00000000e8000000)
  eden space 87424K, 100% used [0x00000000e0000000, 0x00000000e5560000, 0x00000000e5560000)
  from space 21824K,  63% used [0x00000000e5560000, 0x00000000e62f2258, 0x00000000e6ab0000)
  to   space 21824K,   0% used [0x00000000e6ab0000, 0x00000000e6ab0000, 0x00000000e8000000)
 concurrent mark-sweep generation total 393216K, used 0K [0x00000000e8000000, 0x0000000100000000, 0x0000000100000000)
 Metaspace       used 21759K, capacity 22114K, committed 22216K, reserved 1069056K
  class space    used 2521K, capacity 2647K, committed 2684K, reserved 1048576K
2017-01-23T17:06:01.505+0100: 2,516: [GC (Allocation Failure) 2017-01-23T17:06:01.505+0100: 2,516: [ParNew
Desired survivor size 20112992 bytes, new threshold 8 (max 8)
- age   1:    1313488 bytes,    1313488 total
- age   2:    1613496 bytes,    2926984 total
- age   3:    6609752 bytes,    9536736 total
: 101320K->11813K(109248K), 0,0106452 secs] 101320K->11813K(502464K), 0,0107419 secs] [Times: user=0,04 sys=0,00, real=0,01 secs] 
Heap after GC invocations=3 (full 0):
 par new generation   total 109248K, used 11813K [0x00000000e0000000, 0x00000000e8000000, 0x00000000e8000000)
  eden space 87424K,   0% used [0x00000000e0000000, 0x00000000e0000000, 0x00000000e5560000)
  from space 21824K,  54% used [0x00000000e6ab0000, 0x00000000e76394c0, 0x00000000e8000000)
  to   space 21824K,   0% used [0x00000000e5560000, 0x00000000e5560000, 0x00000000e6ab0000)
 concurrent mark-sweep generation total 393216K, used 0K [0x00000000e8000000, 0x0000000100000000, 0x0000000100000000)
 Metaspace       used 21759K, capacity 22114K, committed 22216K, reserved 1069056K
  class space    used 2521K, capacity 2647K, committed 2684K, reserved 1048576K
}
2017-01-23T17:06:01.516+0100: 2,526: Total time for which application threads were stopped: 0,0109771 seconds, Stopping threads took: 0,0000653 seconds
2017-01-23T17:06:01.516+0100: 2,527: [GC (CMS Initial Mark) [1 CMS-initial-mark: 0K(393216K)] 11845K(502464K), 0,0047790 secs] [Times: user=0,01 sys=0,00, real=0,01 secs] 
2017-01-23T17:06:01.521+0100: 2,531: Total time for which application threads were stopped: 0,0049475 seconds, Stopping threads took: 0,0000710 seconds
2017-01-23T17:06:01.521+0100: 2,531: [CMS-concurrent-mark-start]
2017-01-23T17:06:01.522+0100: 2,532: [CMS-concurrent-mark: 0,001/0,001 secs] [Times: user=0,01 sys=0,00, real=0,00 secs] 
2017-01-23T17:06:01.522+0100: 2,532: [CMS-concurrent-preclean-start]
2017-01-23T17:06:01.523+0100: 2,534: [CMS-concurrent-preclean: 0,001/0,001 secs] [Times: user=0,00 sys=0,00, real=0,00 secs] 
2017-01-23T17:06:01.524+0100: 2,534: [GC (CMS Final Remark) [YG occupancy: 13542 K (109248 K)]{Heap before GC invocations=3 (full 1):
 par new generation   total 109248K, used 13542K [0x00000000e0000000, 0x00000000e8000000, 0x00000000e8000000)
  eden space 87424K,   1% used [0x00000000e0000000, 0x00000000e01b05b0, 0x00000000e5560000)
  from space 21824K,  54% used [0x00000000e6ab0000, 0x00000000e76394c0, 0x00000000e8000000)
  to   space 21824K,   0% used [0x00000000e5560000, 0x00000000e5560000, 0x00000000e6ab0000)
 concurrent mark-sweep generation total 393216K, used 0K [0x00000000e8000000, 0x0000000100000000, 0x0000000100000000)
 Metaspace       used 21760K, capacity 22114K, committed 22216K, reserved 1069056K
  class space    used 2521K, capacity 2647K, committed 2684K, reserved 1048576K
2017-01-23T17:06:01.524+0100: 2,534: [GC (CMS Final Remark) 2017-01-23T17:06:01.524+0100: 2,534: [ParNew
Desired survivor size 20112992 bytes, new threshold 8 (max 8)
- age   1:     322296 bytes,     322296 total
- age   2:     381992 bytes,     704288 total
- age   3:    1613416 bytes,    2317704 total
- age   4:    6609776 bytes,    8927480 total
: 13542K->12692K(109248K), 0,0148774 secs] 13542K->12692K(502464K), 0,0149214 secs] [Times: user=0,04 sys=0,00, real=0,02 secs] 
Heap after GC invocations=4 (full 1):
 par new generation   total 109248K, used 12692K [0x00000000e0000000, 0x00000000e8000000, 0x00000000e8000000)
  eden space 87424K,   0% used [0x00000000e0000000, 0x00000000e0000000, 0x00000000e5560000)
  from space 21824K,  58% used [0x00000000e5560000, 0x00000000e61c5190, 0x00000000e6ab0000)
  to   space 21824K,   0% used [0x00000000e6ab0000, 0x00000000e6ab0000, 0x00000000e8000000)
 concurrent mark-sweep generation total 393216K, used 0K [0x00000000e8000000, 0x0000000100000000, 0x0000000100000000)
 Metaspace       used 21760K, capacity 22114K, committed 22216K, reserved 1069056K
  class space    used 2521K, capacity 2647K, committed 2684K, reserved 1048576K
}
2017-01-23T17:06:01.539+0100: 2,549: [Rescan (parallel) , 0,0030317 secs]2017-01-23T17:06:01.542+0100: 2,552: [weak refs processing, 0,0013024 secs]2017-01-23T17:06:01.543+0100: 2,553: [class unloading, 0,0028232 secs]2017-01-23T17:06:01.546+0100: 2,556: [scrub symbol table, 0,0028343 secs]2017-01-23T17:06:01.549+0100: 2,559: [scrub string table, 0,0003604 secs][1 CMS-remark: 0K(393216K)] 12692K(502464K), 0,0259067 secs] [Times: user=0,07 sys=0,00, real=0,02 secs] 
2017-01-23T17:06:01.549+0100: 2,560: Total time for which application threads were stopped: 0,0260963 seconds, Stopping threads took: 0,0001099 seconds
2017-01-23T17:06:01.550+0100: 2,560: [CMS-concurrent-sweep-start]
2017-01-23T17:06:01.550+0100: 2,560: [CMS-concurrent-sweep: 0,000/0,000 secs] [Times: user=0,00 sys=0,00, real=0,00 secs] 
2017-01-23T17:06:01.550+0100: 2,560: [CMS-concurrent-reset-start]
2017-01-23T17:06:01.552+0100: 2,563: [CMS-concurrent-reset: 0,003/0,003 secs] [Times: user=0,00 sys=0,00, real=0,01 secs] 
2017-01-23T17:06:01.647+0100: 2,657: Total time for which application threads were stopped: 0,0004372 seconds, Stopping threads took: 0,0000479 seconds
{Heap before GC invocations=4 (full 1):
 par new generation   total 109248K, used 100116K [0x00000000e0000000, 0x00000000e8000000, 0x00000000e8000000)
  eden space 87424K, 100% used [0x00000000e0000000, 0x00000000e5560000, 0x00000000e5560000)
  from space 21824K,  58% used [0x00000000e5560000, 0x00000000e61c5190, 0x00000000e6ab0000)
  to   space 21824K,   0% used [0x00000000e6ab0000, 0x00000000e6ab0000, 0x00000000e8000000)
 concurrent mark-sweep generation total 393216K, used 0K [0x00000000e8000000, 0x0000000100000000, 0x0000000100000000)
 Metaspace       used 22213K, capacity 22582K, committed 22856K, reserved 1069056K
  class space    used 2585K, capacity 2715K, committed 2812K, reserved 1048576K
2017-01-23T17:06:01.665+0100: 2,675: [GC (Allocation Failure) 2017-01-23T17:06:01.665+0100: 2,675: [ParNew
Desired survivor size 20112992 bytes, new threshold 8 (max 8)
- age   1:     650544 bytes,     650544 total
- age   3:     379128 bytes,    1029672 total
- age   4:    1224464 bytes,    2254136 total
- age   5:    6609960 bytes,    8864096 total
: 100116K->12115K(109248K), 0,0108740 secs] 100116K->12115K(502464K), 0,0109563 secs] [Times: user=0,03 sys=0,00, real=0,01 secs] 
Heap after GC invocations=5 (full 1):
 par new generation   total 109248K, used 12115K [0x00000000e0000000, 0x00000000e8000000, 0x00000000e8000000)
  eden space 87424K,   0% used [0x00000000e0000000, 0x00000000e0000000, 0x00000000e5560000)
  from space 21824K,  55% used [0x00000000e6ab0000, 0x00000000e7684e78, 0x00000000e8000000)
  to   space 21824K,   0% used [0x00000000e5560000, 0x00000000e5560000, 0x00000000e6ab0000)
 concurrent mark-sweep generation total 393216K, used 0K [0x00000000e8000000, 0x0000000100000000, 0x0000000100000000)
 Metaspace       used 22213K, capacity 22582K, committed 22856K, reserved 1069056K
  class space    used 2585K, capacity 2715K, committed 2812K, reserved 1048576K
}
2017-01-23T17:06:01.676+0100: 2,686: Total time for which application threads were stopped: 0,0111646 seconds, Stopping threads took: 0,0000643 seconds
2017-01-23T17:06:01.903+0100: 2,913: Total time for which application threads were stopped: 0,0004960 seconds, Stopping threads took: 0,0000592 seconds
2017-01-23T17:06:01.915+0100: 2,925: Total time for which application threads were stopped: 0,0011034 seconds, Stopping threads took: 0,0007887 seconds
2017-01-23T17:06:01.982+0100: 2,993: Total time for which application threads were stopped: 0,0006313 seconds, Stopping threads took: 0,0002673 seconds
{Heap before GC invocations=5 (full 1):
 par new generation   total 109248K, used 99539K [0x00000000e0000000, 0x00000000e8000000, 0x00000000e8000000)
  eden space 87424K, 100% used [0x00000000e0000000, 0x00000000e5560000, 0x00000000e5560000)
  from space 21824K,  55% used [0x00000000e6ab0000, 0x00000000e7684e78, 0x00000000e8000000)
  to   space 21824K,   0% used [0x00000000e5560000, 0x00000000e5560000, 0x00000000e6ab0000)
 concurrent mark-sweep generation total 393216K, used 0K [0x00000000e8000000, 0x0000000100000000, 0x0000000100000000)
 Metaspace       used 25876K, capacity 26262K, committed 26492K, reserved 1073152K
  class space    used 3027K, capacity 3153K, committed 3196K, reserved 1048576K
2017-01-23T17:06:02.266+0100: 3,277: [GC (Allocation Failure) 2017-01-23T17:06:02.266+0100: 3,277: [ParNew
Desired survivor size 20112992 bytes, new threshold 8 (max 8)
- age   1:    4816856 bytes,    4816856 total
- age   2:     223152 bytes,    5040008 total
- age   4:     365576 bytes,    5405584 total
- age   5:     664160 bytes,    6069744 total
- age   6:    6603720 bytes,   12673464 total
: 99539K->14924K(109248K), 0,0151220 secs] 99539K->14924K(502464K), 0,0152309 secs] [Times: user=0,05 sys=0,00, real=0,02 secs] 
Heap after GC invocations=6 (full 1):
 par new generation   total 109248K, used 14924K [0x00000000e0000000, 0x00000000e8000000, 0x00000000e8000000)
  eden space 87424K,   0% used [0x00000000e0000000, 0x00000000e0000000, 0x00000000e5560000)
  from space 21824K,  68% used [0x00000000e5560000, 0x00000000e63f3138, 0x00000000e6ab0000)
  to   space 21824K,   0% used [0x00000000e6ab0000, 0x00000000e6ab0000, 0x00000000e8000000)
 concurrent mark-sweep generation total 393216K, used 0K [0x00000000e8000000, 0x0000000100000000, 0x0000000100000000)
 Metaspace       used 25876K, capacity 26262K, committed 26492K, reserved 1073152K
  class space    used 3027K, capacity 3153K, committed 3196K, reserved 1048576K
}
2017-01-23T17:06:02.282+0100: 3,292: Total time for which application threads were stopped: 0,0154262 seconds, Stopping threads took: 0,0000299 seconds
2017-01-23T17:06:02.422+0100: 3,433: Total time for which application threads were stopped: 0,0004331 seconds, Stopping threads took: 0,0000212 seconds
2017-01-23T17:06:03.040+0100: 4,051: Total time for which application threads were stopped: 0,0002907 seconds, Stopping threads took: 0,0000195 seconds
2017-01-23T17:06:31.592+0100: 32,055: Total time for which application threads were stopped: 0,0000651 seconds, Stopping threads took: 0,0000183 seconds
2017-01-23T17:08:31.605+0100: 152,068: Total time for which application threads were stopped: 0,0000803 seconds, Stopping threads took: 0,0000333 seconds
2017-01-23T17:08:36.606+0100: 157,069: Total time for which application threads were stopped: 0,0000801 seconds, Stopping threads took: 0,0000338 seconds
2017-01-23T17:09:00.609+0100: 181,071: Total time for which application threads were stopped: 0,0000880 seconds, Stopping threads took: 0,0000239 seconds
2017-01-23T17:29:40.749+0100: 1421,212: Total time for which application threads were stopped: 0,0000844 seconds, Stopping threads took: 0,0000357 seconds
2017-01-23T17:34:10.776+0100: 1691,239: Total time for which application threads were stopped: 0,0000799 seconds, Stopping threads took: 0,0000305 seconds
2017-01-23T17:44:36.854+0100: 2317,317: Total time for which application threads were stopped: 0,0001713 seconds, Stopping threads took: 0,0000592 seconds
2017-01-23T17:44:40.855+0100: 2321,318: Total time for which application threads were stopped: 0,0000708 seconds, Stopping threads took: 0,0000169 seconds
2017-01-23T17:59:16.965+0100: 3197,428: Total time for which application threads were stopped: 0,0001651 seconds, Stopping threads took: 0,0000665 seconds
2017-01-23T18:10:16.074+0100: 3856,537: Total time for which application threads were stopped: 0,0001593 seconds, Stopping threads took: 0,0000616 seconds
2017-01-23T18:10:21.075+0100: 3861,538: Total time for which application threads were stopped: 0,0001265 seconds, Stopping threads took: 0,0000289 seconds
2017-01-23T18:12:31.096+0100: 3991,559: Total time for which application threads were stopped: 0,0001528 seconds, Stopping threads took: 0,0000561 seconds
2017-01-23T18:13:01.101+0100: 4021,564: Total time for which application threads were stopped: 0,0001560 seconds, Stopping threads took: 0,0000584 seconds
2017-01-23T18:22:02.189+0100: 4562,652: Total time for which application threads were stopped: 0,0001570 seconds, Stopping threads took: 0,0000575 seconds
2017-01-23T18:40:17.373+0100: 5657,835: Total time for which application threads were stopped: 0,0001598 seconds, Stopping threads took: 0,0000637 seconds
2017-01-23T18:40:22.374+0100: 5662,836: Total time for which application threads were stopped: 0,0001340 seconds, Stopping threads took: 0,0000290 seconds
2017-01-23T18:40:27.374+0100: 5667,837: Total time for which application threads were stopped: 0,0000596 seconds, Stopping threads took: 0,0000148 seconds
2017-01-23T18:50:56.479+0100: 6296,942: Total time for which application threads were stopped: 0,0001533 seconds, Stopping threads took: 0,0000563 seconds
2017-01-23T19:04:31.615+0100: 7112,078: Total time for which application threads were stopped: 0,0001554 seconds, Stopping threads took: 0,0000577 seconds
2017-01-23T19:07:01.639+0100: 7262,102: Total time for which application threads were stopped: 0,0001546 seconds, Stopping threads took: 0,0000581 seconds
2017-01-23T19:08:01.647+0100: 7322,110: Total time for which application threads were stopped: 0,0000880 seconds, Stopping threads took: 0,0000303 seconds
2017-01-23T19:10:31.671+0100: 7472,134: Total time for which application threads were stopped: 0,0000850 seconds, Stopping threads took: 0,0000330 seconds
2017-01-23T19:11:01.677+0100: 7502,139: Total time for which application threads were stopped: 0,0001551 seconds, Stopping threads took: 0,0000578 seconds
2017-01-23T19:14:01.706+0100: 7682,169: Total time for which application threads were stopped: 0,0001562 seconds, Stopping threads took: 0,0000590 seconds
2017-01-23T20:18:31.273+0100: 11551,736: Total time for which application threads were stopped: 0,0000781 seconds, Stopping threads took: 0,0000323 seconds
2017-01-23T20:56:02.521+0100: 13802,984: Total time for which application threads were stopped: 0,0005006 seconds, Stopping threads took: 0,0002112 seconds
2017-01-23T21:22:01.690+0100: 15362,153: Total time for which application threads were stopped: 0,0001712 seconds, Stopping threads took: 0,0000980 seconds
2017-01-23T21:23:01.697+0100: 15422,160: Total time for which application threads were stopped: 0,0003702 seconds, Stopping threads took: 0,0001396 seconds
2017-01-23T22:25:01.104+0100: 19141,567: Total time for which application threads were stopped: 0,0003507 seconds, Stopping threads took: 0,0001384 seconds
2017-01-24T00:03:01.729+0100: 25022,192: Total time for which application threads were stopped: 0,0020518 seconds, Stopping threads took: 0,0019730 seconds
2017-01-24T00:03:01.740+0100: 25022,203: Total time for which application threads were stopped: 0,0001415 seconds, Stopping threads took: 0,0000318 seconds
Heap
 par new generation   total 109248K, used 78920K [0x00000000e0000000, 0x00000000e8000000, 0x00000000e8000000)
  eden space 87424K,  73% used [0x00000000e0000000, 0x00000000e3e7f298, 0x00000000e5560000)
  from space 21824K,  68% used [0x00000000e5560000, 0x00000000e63f3138, 0x00000000e6ab0000)
  to   space 21824K,   0% used [0x00000000e6ab0000, 0x00000000e6ab0000, 0x00000000e8000000)
 concurrent mark-sweep generation total 393216K, used 0K [0x00000000e8000000, 0x0000000100000000, 0x0000000100000000)
 Metaspace       used 28856K, capacity 29324K, committed 29692K, reserved 1075200K
  class space    used 3337K, capacity 3486K, committed 3580K, reserved 1048576K
