OpenJDK 64-Bit Server VM (25.111-b14) for linux-amd64 JRE (1.8.0_111-8u111-b14-2ubuntu0.16.04.2-b14), built on Oct 27 2016 18:10:19 by "buildd" with gcc 5.4.0 20160609
Memory: 4k page, physical 7867840k(7528552k free), swap 8076284k(8076284k free)
CommandLine flags: -XX:CMSInitiatingOccupancyFraction=50 -XX:CMSMaxAbortablePrecleanTime=6000 -XX:+CMSParallelRemarkEnabled -XX:+CMSScavengeBeforeRemark -XX:ConcGCThreads=4 -XX:InitialHeapSize=536870912 -XX:MaxHeapSize=536870912 -XX:MaxTenuringThreshold=8 -XX:NewRatio=3 -XX:OldPLABSize=16 -XX:OnOutOfMemoryError=/opt/solr/bin/oom_solr.sh 8983 /var/solr/logs -XX:ParallelGCThreads=4 -XX:+ParallelRefProcEnabled -XX:PretenureSizeThreshold=67108864 -XX:+PrintGC -XX:+PrintGCApplicationStoppedTime -XX:+PrintGCDateStamps -XX:+PrintGCDetails -XX:+PrintGCTimeStamps -XX:+PrintHeapAtGC -XX:+PrintTenuringDistribution -XX:SurvivorRatio=4 -XX:TargetSurvivorRatio=90 -XX:ThreadStackSize=256 -XX:+UseCMSInitiatingOccupancyOnly -XX:+UseCompressedClassPointers -XX:+UseCompressedOops -XX:+UseConcMarkSweepGC -XX:+UseParNewGC 
2016-12-17T12:01:25.695+0100: 0,122: Total time for which application threads were stopped: 0,0000669 seconds, Stopping threads took: 0,0000159 seconds
2016-12-17T12:01:25.778+0100: 0,205: Total time for which application threads were stopped: 0,0001514 seconds, Stopping threads took: 0,0000257 seconds
2016-12-17T12:01:25.805+0100: 0,232: Total time for which application threads were stopped: 0,0000938 seconds, Stopping threads took: 0,0000112 seconds
2016-12-17T12:01:26.006+0100: 0,434: Total time for which application threads were stopped: 0,0001695 seconds, Stopping threads took: 0,0000196 seconds
2016-12-17T12:01:26.581+0100: 1,009: Total time for which application threads were stopped: 0,0001787 seconds, Stopping threads took: 0,0000128 seconds
2016-12-17T12:01:26.700+0100: 1,127: Total time for which application threads were stopped: 0,0001896 seconds, Stopping threads took: 0,0000208 seconds
2016-12-17T12:01:26.742+0100: 1,169: Total time for which application threads were stopped: 0,0002342 seconds, Stopping threads took: 0,0000399 seconds
2016-12-17T12:01:26.994+0100: 1,421: Total time for which application threads were stopped: 0,0009361 seconds, Stopping threads took: 0,0000898 seconds
2016-12-17T12:01:27.203+0100: 1,630: Total time for which application threads were stopped: 0,0002004 seconds, Stopping threads took: 0,0000221 seconds
2016-12-17T12:01:27.229+0100: 1,656: Total time for which application threads were stopped: 0,0004533 seconds, Stopping threads took: 0,0000182 seconds
2016-12-17T12:01:27.232+0100: 1,659: Total time for which application threads were stopped: 0,0010190 seconds, Stopping threads took: 0,0000678 seconds
2016-12-17T12:01:27.244+0100: 1,671: Total time for which application threads were stopped: 0,0002208 seconds, Stopping threads took: 0,0000123 seconds
2016-12-17T12:01:27.335+0100: 1,763: Total time for which application threads were stopped: 0,0002509 seconds, Stopping threads took: 0,0000382 seconds
2016-12-17T12:01:27.471+0100: 1,898: Total time for which application threads were stopped: 0,0002627 seconds, Stopping threads took: 0,0000639 seconds
{Heap before GC invocations=0 (full 0):
 par new generation   total 109248K, used 87424K [0x00000000e0000000, 0x00000000e8000000, 0x00000000e8000000)
  eden space 87424K, 100% used [0x00000000e0000000, 0x00000000e5560000, 0x00000000e5560000)
  from space 21824K,   0% used [0x00000000e5560000, 0x00000000e5560000, 0x00000000e6ab0000)
  to   space 21824K,   0% used [0x00000000e6ab0000, 0x00000000e6ab0000, 0x00000000e8000000)
 concurrent mark-sweep generation total 393216K, used 0K [0x00000000e8000000, 0x0000000100000000, 0x0000000100000000)
 Metaspace       used 18380K, capacity 18686K, committed 18944K, reserved 1067008K
  class space    used 2090K, capacity 2226K, committed 2304K, reserved 1048576K
2016-12-17T12:01:27.613+0100: 2,040: [GC (Allocation Failure) 2016-12-17T12:01:27.613+0100: 2,040: [ParNew
Desired survivor size 20112992 bytes, new threshold 8 (max 8)
- age   1:   12578792 bytes,   12578792 total
: 87424K->12391K(109248K), 0,0160474 secs] 87424K->12391K(502464K), 0,0161557 secs] [Times: user=0,06 sys=0,00, real=0,01 secs] 
Heap after GC invocations=1 (full 0):
 par new generation   total 109248K, used 12391K [0x00000000e0000000, 0x00000000e8000000, 0x00000000e8000000)
  eden space 87424K,   0% used [0x00000000e0000000, 0x00000000e0000000, 0x00000000e5560000)
  from space 21824K,  56% used [0x00000000e6ab0000, 0x00000000e76c9cb8, 0x00000000e8000000)
  to   space 21824K,   0% used [0x00000000e5560000, 0x00000000e5560000, 0x00000000e6ab0000)
 concurrent mark-sweep generation total 393216K, used 0K [0x00000000e8000000, 0x0000000100000000, 0x0000000100000000)
 Metaspace       used 18380K, capacity 18686K, committed 18944K, reserved 1067008K
  class space    used 2090K, capacity 2226K, committed 2304K, reserved 1048576K
}
2016-12-17T12:01:27.629+0100: 2,056: Total time for which application threads were stopped: 0,0163849 seconds, Stopping threads took: 0,0000296 seconds
2016-12-17T12:01:27.784+0100: 2,211: Total time for which application threads were stopped: 0,0003795 seconds, Stopping threads took: 0,0000367 seconds
2016-12-17T12:01:27.816+0100: 2,243: Total time for which application threads were stopped: 0,0003169 seconds, Stopping threads took: 0,0000350 seconds
2016-12-17T12:01:27.843+0100: 2,271: Total time for which application threads were stopped: 0,0003278 seconds, Stopping threads took: 0,0000383 seconds
{Heap before GC invocations=1 (full 0):
 par new generation   total 109248K, used 99815K [0x00000000e0000000, 0x00000000e8000000, 0x00000000e8000000)
  eden space 87424K, 100% used [0x00000000e0000000, 0x00000000e5560000, 0x00000000e5560000)
  from space 21824K,  56% used [0x00000000e6ab0000, 0x00000000e76c9cb8, 0x00000000e8000000)
  to   space 21824K,   0% used [0x00000000e5560000, 0x00000000e5560000, 0x00000000e6ab0000)
 concurrent mark-sweep generation total 393216K, used 0K [0x00000000e8000000, 0x0000000100000000, 0x0000000100000000)
 Metaspace       used 20738K, capacity 21084K, committed 21248K, reserved 1069056K
  class space    used 2404K, capacity 2518K, committed 2560K, reserved 1048576K
2016-12-17T12:01:28.011+0100: 2,438: [GC (Allocation Failure) 2016-12-17T12:01:28.011+0100: 2,438: [ParNew
Desired survivor size 20112992 bytes, new threshold 8 (max 8)
- age   1:    2681472 bytes,    2681472 total
- age   2:    6139752 bytes,    8821224 total
: 99815K->11418K(109248K), 0,0109098 secs] 99815K->11418K(502464K), 0,0109847 secs] [Times: user=0,04 sys=0,01, real=0,02 secs] 
Heap after GC invocations=2 (full 0):
 par new generation   total 109248K, used 11418K [0x00000000e0000000, 0x00000000e8000000, 0x00000000e8000000)
  eden space 87424K,   0% used [0x00000000e0000000, 0x00000000e0000000, 0x00000000e5560000)
  from space 21824K,  52% used [0x00000000e5560000, 0x00000000e6086bc0, 0x00000000e6ab0000)
  to   space 21824K,   0% used [0x00000000e6ab0000, 0x00000000e6ab0000, 0x00000000e8000000)
 concurrent mark-sweep generation total 393216K, used 0K [0x00000000e8000000, 0x0000000100000000, 0x0000000100000000)
 Metaspace       used 20738K, capacity 21084K, committed 21248K, reserved 1069056K
  class space    used 2404K, capacity 2518K, committed 2560K, reserved 1048576K
}
2016-12-17T12:01:28.022+0100: 2,449: Total time for which application threads were stopped: 0,0112409 seconds, Stopping threads took: 0,0000565 seconds
2016-12-17T12:01:28.077+0100: 2,505: Total time for which application threads were stopped: 0,0000699 seconds, Stopping threads took: 0,0000135 seconds
2016-12-17T12:01:28.112+0100: 2,540: Total time for which application threads were stopped: 0,0000791 seconds, Stopping threads took: 0,0000136 seconds
2016-12-17T12:01:28.113+0100: 2,540: Total time for which application threads were stopped: 0,0002816 seconds, Stopping threads took: 0,0000057 seconds
2016-12-17T12:01:28.137+0100: 2,564: Total time for which application threads were stopped: 0,0000687 seconds, Stopping threads took: 0,0000128 seconds
2016-12-17T12:01:28.212+0100: 2,640: Total time for which application threads were stopped: 0,0001337 seconds, Stopping threads took: 0,0000301 seconds
2016-12-17T12:01:28.231+0100: 2,658: Total time for which application threads were stopped: 0,0001003 seconds, Stopping threads took: 0,0000352 seconds
2016-12-17T12:01:28.238+0100: 2,666: Total time for which application threads were stopped: 0,0002816 seconds, Stopping threads took: 0,0000127 seconds
2016-12-17T12:01:28.245+0100: 2,673: Total time for which application threads were stopped: 0,0002781 seconds, Stopping threads took: 0,0000244 seconds
2016-12-17T12:01:28.254+0100: 2,681: Total time for which application threads were stopped: 0,0001521 seconds, Stopping threads took: 0,0000766 seconds
2016-12-17T12:01:28.281+0100: 2,708: Total time for which application threads were stopped: 0,0000792 seconds, Stopping threads took: 0,0000204 seconds
2016-12-17T12:01:28.298+0100: 2,726: Total time for which application threads were stopped: 0,0000882 seconds, Stopping threads took: 0,0000185 seconds
2016-12-17T12:01:28.316+0100: 2,744: Total time for which application threads were stopped: 0,0000741 seconds, Stopping threads took: 0,0000135 seconds
2016-12-17T12:01:28.335+0100: 2,763: Total time for which application threads were stopped: 0,0000891 seconds, Stopping threads took: 0,0000171 seconds
2016-12-17T12:01:28.366+0100: 2,793: Total time for which application threads were stopped: 0,0001714 seconds, Stopping threads took: 0,0000685 seconds
2016-12-17T12:01:28.420+0100: 2,847: Total time for which application threads were stopped: 0,0001318 seconds, Stopping threads took: 0,0000340 seconds
2016-12-17T12:01:28.443+0100: 2,871: Total time for which application threads were stopped: 0,0019692 seconds, Stopping threads took: 0,0018701 seconds
{Heap before GC invocations=2 (full 0):
 par new generation   total 109248K, used 98842K [0x00000000e0000000, 0x00000000e8000000, 0x00000000e8000000)
  eden space 87424K, 100% used [0x00000000e0000000, 0x00000000e5560000, 0x00000000e5560000)
  from space 21824K,  52% used [0x00000000e5560000, 0x00000000e6086bc0, 0x00000000e6ab0000)
  to   space 21824K,   0% used [0x00000000e6ab0000, 0x00000000e6ab0000, 0x00000000e8000000)
 concurrent mark-sweep generation total 393216K, used 0K [0x00000000e8000000, 0x0000000100000000, 0x0000000100000000)
 Metaspace       used 24869K, capacity 25221K, committed 25536K, reserved 1071104K
  class space    used 2897K, capacity 3025K, committed 3144K, reserved 1048576K
2016-12-17T12:01:28.464+0100: 2,892: [GC (Allocation Failure) 2016-12-17T12:01:28.465+0100: 2,892: [ParNew
Desired survivor size 20112992 bytes, new threshold 8 (max 8)
- age   1:    6696896 bytes,    6696896 total
- age   2:     510192 bytes,    7207088 total
- age   3:    6122256 bytes,   13329344 total
: 98842K->15400K(109248K), 0,0188209 secs] 98842K->15400K(502464K), 0,0189143 secs] [Times: user=0,07 sys=0,00, real=0,02 secs] 
Heap after GC invocations=3 (full 0):
 par new generation   total 109248K, used 15400K [0x00000000e0000000, 0x00000000e8000000, 0x00000000e8000000)
  eden space 87424K,   0% used [0x00000000e0000000, 0x00000000e0000000, 0x00000000e5560000)
  from space 21824K,  70% used [0x00000000e6ab0000, 0x00000000e79ba260, 0x00000000e8000000)
  to   space 21824K,   0% used [0x00000000e5560000, 0x00000000e5560000, 0x00000000e6ab0000)
 concurrent mark-sweep generation total 393216K, used 0K [0x00000000e8000000, 0x0000000100000000, 0x0000000100000000)
 Metaspace       used 24869K, capacity 25221K, committed 25536K, reserved 1071104K
  class space    used 2897K, capacity 3025K, committed 3144K, reserved 1048576K
}
2016-12-17T12:01:28.483+0100: 2,911: Total time for which application threads were stopped: 0,0190815 seconds, Stopping threads took: 0,0000265 seconds
2016-12-17T12:01:28.484+0100: 2,911: [GC (CMS Initial Mark) [1 CMS-initial-mark: 0K(393216K)] 16800K(502464K), 0,0034295 secs] [Times: user=0,01 sys=0,00, real=0,00 secs] 
2016-12-17T12:01:28.487+0100: 2,915: Total time for which application threads were stopped: 0,0035969 seconds, Stopping threads took: 0,0000883 seconds
2016-12-17T12:01:28.487+0100: 2,915: [CMS-concurrent-mark-start]
2016-12-17T12:01:28.488+0100: 2,915: [CMS-concurrent-mark: 0,000/0,000 secs] [Times: user=0,00 sys=0,00, real=0,00 secs] 
2016-12-17T12:01:28.488+0100: 2,915: [CMS-concurrent-preclean-start]
2016-12-17T12:01:28.491+0100: 2,918: [CMS-concurrent-preclean: 0,003/0,003 secs] [Times: user=0,02 sys=0,00, real=0,00 secs] 
2016-12-17T12:01:28.491+0100: 2,918: [GC (CMS Final Remark) [YG occupancy: 16800 K (109248 K)]{Heap before GC invocations=3 (full 1):
 par new generation   total 109248K, used 16800K [0x00000000e0000000, 0x00000000e8000000, 0x00000000e8000000)
  eden space 87424K,   1% used [0x00000000e0000000, 0x00000000e015dea0, 0x00000000e5560000)
  from space 21824K,  70% used [0x00000000e6ab0000, 0x00000000e79ba260, 0x00000000e8000000)
  to   space 21824K,   0% used [0x00000000e5560000, 0x00000000e5560000, 0x00000000e6ab0000)
 concurrent mark-sweep generation total 393216K, used 0K [0x00000000e8000000, 0x0000000100000000, 0x0000000100000000)
 Metaspace       used 24897K, capacity 25317K, committed 25536K, reserved 1071104K
  class space    used 2900K, capacity 3057K, committed 3144K, reserved 1048576K
2016-12-17T12:01:28.491+0100: 2,918: [GC (CMS Final Remark) 2016-12-17T12:01:28.491+0100: 2,918: [ParNew
Desired survivor size 20112992 bytes, new threshold 8 (max 8)
- age   1:      30848 bytes,      30848 total
- age   2:    3154864 bytes,    3185712 total
- age   3:     510192 bytes,    3695904 total
- age   4:    6120936 bytes,    9816840 total
: 16800K->13806K(109248K), 0,0099031 secs] 16800K->13806K(502464K), 0,0099470 secs] [Times: user=0,03 sys=0,00, real=0,02 secs] 
Heap after GC invocations=4 (full 1):
 par new generation   total 109248K, used 13806K [0x00000000e0000000, 0x00000000e8000000, 0x00000000e8000000)
  eden space 87424K,   0% used [0x00000000e0000000, 0x00000000e0000000, 0x00000000e5560000)
  from space 21824K,  63% used [0x00000000e5560000, 0x00000000e62db9a0, 0x00000000e6ab0000)
  to   space 21824K,   0% used [0x00000000e6ab0000, 0x00000000e6ab0000, 0x00000000e8000000)
 concurrent mark-sweep generation total 393216K, used 0K [0x00000000e8000000, 0x0000000100000000, 0x0000000100000000)
 Metaspace       used 24897K, capacity 25317K, committed 25536K, reserved 1071104K
  class space    used 2900K, capacity 3057K, committed 3144K, reserved 1048576K
}
2016-12-17T12:01:28.501+0100: 2,928: [Rescan (parallel) , 0,0040256 secs]2016-12-17T12:01:28.505+0100: 2,932: [weak refs processing, 0,0009580 secs]2016-12-17T12:01:28.506+0100: 2,933: [class unloading, 0,0031610 secs]2016-12-17T12:01:28.509+0100: 2,936: [scrub symbol table, 0,0031818 secs]2016-12-17T12:01:28.512+0100: 2,940: [scrub string table, 0,0003758 secs][1 CMS-remark: 0K(393216K)] 13806K(502464K), 0,0223538 secs] [Times: user=0,06 sys=0,00, real=0,03 secs] 
2016-12-17T12:01:28.513+0100: 2,941: Total time for which application threads were stopped: 0,0224659 seconds, Stopping threads took: 0,0000382 seconds
2016-12-17T12:01:28.513+0100: 2,941: [CMS-concurrent-sweep-start]
2016-12-17T12:01:28.513+0100: 2,941: [CMS-concurrent-sweep: 0,000/0,000 secs] [Times: user=0,00 sys=0,00, real=0,00 secs] 
2016-12-17T12:01:28.513+0100: 2,941: [CMS-concurrent-reset-start]
2016-12-17T12:01:28.516+0100: 2,943: [CMS-concurrent-reset: 0,002/0,002 secs] [Times: user=0,00 sys=0,00, real=0,00 secs] 
2016-12-17T12:01:28.576+0100: 3,003: Total time for which application threads were stopped: 0,0004411 seconds, Stopping threads took: 0,0000369 seconds
2016-12-17T12:01:29.576+0100: 4,004: Total time for which application threads were stopped: 0,0000999 seconds, Stopping threads took: 0,0000200 seconds
2016-12-17T12:01:29.620+0100: 4,047: Total time for which application threads were stopped: 0,0002894 seconds, Stopping threads took: 0,0000149 seconds
2016-12-17T12:01:32.620+0100: 7,048: Total time for which application threads were stopped: 0,0000534 seconds, Stopping threads took: 0,0000154 seconds
2016-12-17T12:01:57.624+0100: 32,051: Total time for which application threads were stopped: 0,0000543 seconds, Stopping threads took: 0,0000156 seconds
2016-12-17T12:04:07.637+0100: 162,065: Total time for which application threads were stopped: 0,0000686 seconds, Stopping threads took: 0,0000300 seconds
2016-12-17T12:04:12.638+0100: 167,065: Total time for which application threads were stopped: 0,0000558 seconds, Stopping threads took: 0,0000157 seconds
2016-12-17T12:04:26.640+0100: 181,067: Total time for which application threads were stopped: 0,0002705 seconds, Stopping threads took: 0,0000790 seconds
2016-12-17T12:05:07.644+0100: 222,072: Total time for which application threads were stopped: 0,0001114 seconds, Stopping threads took: 0,0000501 seconds
2016-12-17T12:05:46.649+0100: 261,076: Total time for which application threads were stopped: 0,0000971 seconds, Stopping threads took: 0,0000372 seconds
2016-12-17T12:05:51.649+0100: 266,076: Total time for which application threads were stopped: 0,0000595 seconds, Stopping threads took: 0,0000159 seconds
2016-12-17T12:06:07.651+0100: 282,078: Total time for which application threads were stopped: 0,0000849 seconds, Stopping threads took: 0,0000375 seconds
2016-12-17T12:06:12.651+0100: 287,079: Total time for which application threads were stopped: 0,0000945 seconds, Stopping threads took: 0,0000256 seconds
2016-12-17T12:06:36.654+0100: 311,082: Total time for which application threads were stopped: 0,0004865 seconds, Stopping threads took: 0,0002062 seconds
2016-12-17T12:06:47.656+0100: 322,083: Total time for which application threads were stopped: 0,0000770 seconds, Stopping threads took: 0,0000182 seconds
2016-12-17T12:25:06.770+0100: 1421,198: Total time for which application threads were stopped: 0,0003461 seconds, Stopping threads took: 0,0001424 seconds
2016-12-17T12:28:52.793+0100: 1647,220: Total time for which application threads were stopped: 0,0005446 seconds, Stopping threads took: 0,0002658 seconds
2016-12-17T12:29:56.799+0100: 1711,226: Total time for which application threads were stopped: 0,0000738 seconds, Stopping threads took: 0,0000304 seconds
2016-12-17T12:40:02.860+0100: 2317,287: Total time for which application threads were stopped: 0,0000730 seconds, Stopping threads took: 0,0000310 seconds
2016-12-17T12:40:06.861+0100: 2321,288: Total time for which application threads were stopped: 0,0000544 seconds, Stopping threads took: 0,0000140 seconds
2016-12-17T12:54:42.945+0100: 3197,372: Total time for which application threads were stopped: 0,0000811 seconds, Stopping threads took: 0,0000350 seconds
2016-12-17T13:05:52.011+0100: 3866,439: Total time for which application threads were stopped: 0,0000722 seconds, Stopping threads took: 0,0000317 seconds
2016-12-17T13:07:27.021+0100: 3961,448: Total time for which application threads were stopped: 0,0000686 seconds, Stopping threads took: 0,0000286 seconds
2016-12-17T13:08:28.026+0100: 4022,453: Total time for which application threads were stopped: 0,0001248 seconds, Stopping threads took: 0,0000522 seconds
2016-12-17T13:21:22.847+0100: 4797,274: Total time for which application threads were stopped: 0,0001405 seconds, Stopping threads took: 0,0000315 seconds
Heap
 par new generation   total 109248K, used 58076K [0x00000000e0000000, 0x00000000e8000000, 0x00000000e8000000)
  eden space 87424K,  50% used [0x00000000e0000000, 0x00000000e2b3b8d0, 0x00000000e5560000)
  from space 21824K,  63% used [0x00000000e5560000, 0x00000000e62db9a0, 0x00000000e6ab0000)
  to   space 21824K,   0% used [0x00000000e6ab0000, 0x00000000e6ab0000, 0x00000000e8000000)
 concurrent mark-sweep generation total 393216K, used 0K [0x00000000e8000000, 0x0000000100000000, 0x0000000100000000)
 Metaspace       used 27264K, capacity 27729K, committed 27976K, reserved 1073152K
  class space    used 3168K, capacity 3321K, committed 3400K, reserved 1048576K
