OpenJDK 64-Bit Server VM (25.121-b13) for linux-amd64 JRE (1.8.0_121-8u121-b13-0ubuntu1.16.04.2-b13), built on Jan 23 2017 15:51:29 by "buildd" with gcc 5.4.0 20160609
Memory: 4k page, physical 7867764k(7424060k free), swap 8076284k(8076284k free)
CommandLine flags: -XX:CMSInitiatingOccupancyFraction=50 -XX:CMSMaxAbortablePrecleanTime=6000 -XX:+CMSParallelRemarkEnabled -XX:+CMSScavengeBeforeRemark -XX:ConcGCThreads=4 -XX:InitialHeapSize=536870912 -XX:MaxHeapSize=536870912 -XX:MaxTenuringThreshold=8 -XX:NewRatio=3 -XX:OldPLABSize=16 -XX:OnOutOfMemoryError=/opt/solr/bin/oom_solr.sh 8983 /var/solr/logs -XX:ParallelGCThreads=4 -XX:+ParallelRefProcEnabled -XX:PretenureSizeThreshold=67108864 -XX:+PrintGC -XX:+PrintGCApplicationStoppedTime -XX:+PrintGCDateStamps -XX:+PrintGCDetails -XX:+PrintGCTimeStamps -XX:+PrintHeapAtGC -XX:+PrintTenuringDistribution -XX:SurvivorRatio=4 -XX:TargetSurvivorRatio=90 -XX:ThreadStackSize=256 -XX:+UseCMSInitiatingOccupancyOnly -XX:+UseCompressedClassPointers -XX:+UseCompressedOops -XX:+UseConcMarkSweepGC -XX:+UseParNewGC 
2017-04-29T22:49:22.564+0200: 0,172: Total time for which application threads were stopped: 0,0001211 seconds, Stopping threads took: 0,0000210 seconds
2017-04-29T22:49:22.682+0200: 0,290: Total time for which application threads were stopped: 0,0001243 seconds, Stopping threads took: 0,0000113 seconds
2017-04-29T22:49:22.773+0200: 0,381: Total time for which application threads were stopped: 0,0001040 seconds, Stopping threads took: 0,0000121 seconds
2017-04-29T22:49:23.571+0200: 1,179: Total time for which application threads were stopped: 0,0001669 seconds, Stopping threads took: 0,0000122 seconds
2017-04-29T22:49:23.662+0200: 1,270: Total time for which application threads were stopped: 0,0001344 seconds, Stopping threads took: 0,0000121 seconds
2017-04-29T22:49:23.692+0200: 1,300: Total time for which application threads were stopped: 0,0001867 seconds, Stopping threads took: 0,0000338 seconds
2017-04-29T22:49:23.962+0200: 1,570: Total time for which application threads were stopped: 0,0002747 seconds, Stopping threads took: 0,0000337 seconds
2017-04-29T22:49:24.192+0200: 1,800: Total time for which application threads were stopped: 0,0001893 seconds, Stopping threads took: 0,0000145 seconds
2017-04-29T22:49:24.207+0200: 1,815: Total time for which application threads were stopped: 0,0002078 seconds, Stopping threads took: 0,0000200 seconds
2017-04-29T22:49:24.234+0200: 1,842: Total time for which application threads were stopped: 0,0002162 seconds, Stopping threads took: 0,0000267 seconds
2017-04-29T22:49:24.235+0200: 1,843: Total time for which application threads were stopped: 0,0001688 seconds, Stopping threads took: 0,0000138 seconds
2017-04-29T22:49:24.250+0200: 1,858: Total time for which application threads were stopped: 0,0002224 seconds, Stopping threads took: 0,0000269 seconds
2017-04-29T22:49:24.335+0200: 1,943: Total time for which application threads were stopped: 0,0002411 seconds, Stopping threads took: 0,0000274 seconds
2017-04-29T22:49:24.497+0200: 2,105: Total time for which application threads were stopped: 0,0003221 seconds, Stopping threads took: 0,0000627 seconds
{Heap before GC invocations=0 (full 0):
 par new generation   total 109248K, used 87424K [0x00000000e0000000, 0x00000000e8000000, 0x00000000e8000000)
  eden space 87424K, 100% used [0x00000000e0000000, 0x00000000e5560000, 0x00000000e5560000)
  from space 21824K,   0% used [0x00000000e5560000, 0x00000000e5560000, 0x00000000e6ab0000)
  to   space 21824K,   0% used [0x00000000e6ab0000, 0x00000000e6ab0000, 0x00000000e8000000)
 concurrent mark-sweep generation total 393216K, used 0K [0x00000000e8000000, 0x0000000100000000, 0x0000000100000000)
 Metaspace       used 17766K, capacity 18112K, committed 18304K, reserved 1064960K
  class space    used 2021K, capacity 2164K, committed 2176K, reserved 1048576K
2017-04-29T22:49:24.521+0200: 2,129: [GC (Allocation Failure) 2017-04-29T22:49:24.521+0200: 2,129: [ParNew
Desired survivor size 20112992 bytes, new threshold 8 (max 8)
- age   1:   11366136 bytes,   11366136 total
: 87424K->11207K(109248K), 0,0136726 secs] 87424K->11207K(502464K), 0,0137618 secs] [Times: user=0,02 sys=0,02, real=0,02 secs] 
Heap after GC invocations=1 (full 0):
 par new generation   total 109248K, used 11207K [0x00000000e0000000, 0x00000000e8000000, 0x00000000e8000000)
  eden space 87424K,   0% used [0x00000000e0000000, 0x00000000e0000000, 0x00000000e5560000)
  from space 21824K,  51% used [0x00000000e6ab0000, 0x00000000e75a1f78, 0x00000000e8000000)
  to   space 21824K,   0% used [0x00000000e5560000, 0x00000000e5560000, 0x00000000e6ab0000)
 concurrent mark-sweep generation total 393216K, used 0K [0x00000000e8000000, 0x0000000100000000, 0x0000000100000000)
 Metaspace       used 17766K, capacity 18112K, committed 18304K, reserved 1064960K
  class space    used 2021K, capacity 2164K, committed 2176K, reserved 1048576K
}
2017-04-29T22:49:24.535+0200: 2,143: Total time for which application threads were stopped: 0,0140168 seconds, Stopping threads took: 0,0001034 seconds
2017-04-29T22:49:24.910+0200: 2,518: Total time for which application threads were stopped: 0,0003998 seconds, Stopping threads took: 0,0000644 seconds
{Heap before GC invocations=1 (full 0):
 par new generation   total 109248K, used 98631K [0x00000000e0000000, 0x00000000e8000000, 0x00000000e8000000)
  eden space 87424K, 100% used [0x00000000e0000000, 0x00000000e5560000, 0x00000000e5560000)
  from space 21824K,  51% used [0x00000000e6ab0000, 0x00000000e75a1f78, 0x00000000e8000000)
  to   space 21824K,   0% used [0x00000000e5560000, 0x00000000e5560000, 0x00000000e6ab0000)
 concurrent mark-sweep generation total 393216K, used 0K [0x00000000e8000000, 0x0000000100000000, 0x0000000100000000)
 Metaspace       used 20043K, capacity 20360K, committed 20736K, reserved 1067008K
  class space    used 2293K, capacity 2468K, committed 2560K, reserved 1048576K
2017-04-29T22:49:24.949+0200: 2,557: [GC (Allocation Failure) 2017-04-29T22:49:24.949+0200: 2,557: [ParNew
Desired survivor size 20112992 bytes, new threshold 8 (max 8)
- age   1:    4313240 bytes,    4313240 total
- age   2:    5951816 bytes,   10265056 total
: 98631K->12536K(109248K), 0,0109126 secs] 98631K->12536K(502464K), 0,0109841 secs] [Times: user=0,04 sys=0,00, real=0,01 secs] 
Heap after GC invocations=2 (full 0):
 par new generation   total 109248K, used 12536K [0x00000000e0000000, 0x00000000e8000000, 0x00000000e8000000)
  eden space 87424K,   0% used [0x00000000e0000000, 0x00000000e0000000, 0x00000000e5560000)
  from space 21824K,  57% used [0x00000000e5560000, 0x00000000e619e2b0, 0x00000000e6ab0000)
  to   space 21824K,   0% used [0x00000000e6ab0000, 0x00000000e6ab0000, 0x00000000e8000000)
 concurrent mark-sweep generation total 393216K, used 0K [0x00000000e8000000, 0x0000000100000000, 0x0000000100000000)
 Metaspace       used 20043K, capacity 20360K, committed 20736K, reserved 1067008K
  class space    used 2293K, capacity 2468K, committed 2560K, reserved 1048576K
}
2017-04-29T22:49:24.960+0200: 2,568: Total time for which application threads were stopped: 0,0113418 seconds, Stopping threads took: 0,0002078 seconds
2017-04-29T22:49:24.966+0200: 2,574: Total time for which application threads were stopped: 0,0003528 seconds, Stopping threads took: 0,0000593 seconds
2017-04-29T22:49:25.009+0200: 2,617: Total time for which application threads were stopped: 0,0003511 seconds, Stopping threads took: 0,0000401 seconds
2017-04-29T22:49:25.148+0200: 2,756: Total time for which application threads were stopped: 0,0002383 seconds, Stopping threads took: 0,0000991 seconds
{Heap before GC invocations=2 (full 0):
 par new generation   total 109248K, used 99960K [0x00000000e0000000, 0x00000000e8000000, 0x00000000e8000000)
  eden space 87424K, 100% used [0x00000000e0000000, 0x00000000e5560000, 0x00000000e5560000)
  from space 21824K,  57% used [0x00000000e5560000, 0x00000000e619e2b0, 0x00000000e6ab0000)
  to   space 21824K,   0% used [0x00000000e6ab0000, 0x00000000e6ab0000, 0x00000000e8000000)
 concurrent mark-sweep generation total 393216K, used 0K [0x00000000e8000000, 0x0000000100000000, 0x0000000100000000)
 Metaspace       used 20959K, capacity 21282K, committed 21628K, reserved 1069056K
  class space    used 2416K, capacity 2587K, committed 2684K, reserved 1048576K
2017-04-29T22:49:25.173+0200: 2,781: [GC (Allocation Failure) 2017-04-29T22:49:25.173+0200: 2,781: [ParNew
Desired survivor size 20112992 bytes, new threshold 8 (max 8)
- age   1:    2036856 bytes,    2036856 total
- age   2:    1535760 bytes,    3572616 total
- age   3:    5951472 bytes,    9524088 total
: 99960K->11636K(109248K), 0,0117004 secs] 99960K->11636K(502464K), 0,0117968 secs] [Times: user=0,03 sys=0,00, real=0,01 secs] 
Heap after GC invocations=3 (full 0):
 par new generation   total 109248K, used 11636K [0x00000000e0000000, 0x00000000e8000000, 0x00000000e8000000)
  eden space 87424K,   0% used [0x00000000e0000000, 0x00000000e0000000, 0x00000000e5560000)
  from space 21824K,  53% used [0x00000000e6ab0000, 0x00000000e760d2b8, 0x00000000e8000000)
  to   space 21824K,   0% used [0x00000000e5560000, 0x00000000e5560000, 0x00000000e6ab0000)
 concurrent mark-sweep generation total 393216K, used 0K [0x00000000e8000000, 0x0000000100000000, 0x0000000100000000)
 Metaspace       used 20959K, capacity 21282K, committed 21628K, reserved 1069056K
  class space    used 2416K, capacity 2587K, committed 2684K, reserved 1048576K
}
2017-04-29T22:49:25.185+0200: 2,793: Total time for which application threads were stopped: 0,0119834 seconds, Stopping threads took: 0,0000496 seconds
2017-04-29T22:49:25.185+0200: 2,793: [GC (CMS Initial Mark) [1 CMS-initial-mark: 0K(393216K)] 12342K(502464K), 0,0038895 secs] [Times: user=0,02 sys=0,00, real=0,01 secs] 
2017-04-29T22:49:25.189+0200: 2,797: Total time for which application threads were stopped: 0,0040577 seconds, Stopping threads took: 0,0000409 seconds
2017-04-29T22:49:25.189+0200: 2,797: [CMS-concurrent-mark-start]
2017-04-29T22:49:25.201+0200: 2,809: [CMS-concurrent-mark: 0,011/0,011 secs] [Times: user=0,04 sys=0,00, real=0,00 secs] 
2017-04-29T22:49:25.201+0200: 2,809: [CMS-concurrent-preclean-start]
2017-04-29T22:49:25.202+0200: 2,810: [CMS-concurrent-preclean: 0,001/0,001 secs] [Times: user=0,01 sys=0,00, real=0,01 secs] 
2017-04-29T22:49:25.202+0200: 2,810: [CMS-concurrent-abortable-preclean-start]
2017-04-29T22:49:25.293+0200: 2,901: Total time for which application threads were stopped: 0,0001738 seconds, Stopping threads took: 0,0000685 seconds
{Heap before GC invocations=3 (full 1):
 par new generation   total 109248K, used 99060K [0x00000000e0000000, 0x00000000e8000000, 0x00000000e8000000)
  eden space 87424K, 100% used [0x00000000e0000000, 0x00000000e5560000, 0x00000000e5560000)
  from space 21824K,  53% used [0x00000000e6ab0000, 0x00000000e760d2b8, 0x00000000e8000000)
  to   space 21824K,   0% used [0x00000000e5560000, 0x00000000e5560000, 0x00000000e6ab0000)
 concurrent mark-sweep generation total 393216K, used 0K [0x00000000e8000000, 0x0000000100000000, 0x0000000100000000)
 Metaspace       used 21228K, capacity 21565K, committed 21884K, reserved 1069056K
  class space    used 2446K, capacity 2605K, committed 2684K, reserved 1048576K
2017-04-29T22:49:25.317+0200: 2,925: [GC (Allocation Failure) 2017-04-29T22:49:25.317+0200: 2,925: [ParNew
Desired survivor size 20112992 bytes, new threshold 8 (max 8)
- age   1:    1358824 bytes,    1358824 total
- age   2:    1478472 bytes,    2837296 total
- age   3:    1500936 bytes,    4338232 total
- age   4:    5951640 bytes,   10289872 total
: 99060K->16280K(109248K), 0,0113090 secs] 99060K->16280K(502464K), 0,0113812 secs] [Times: user=0,04 sys=0,00, real=0,01 secs] 
Heap after GC invocations=4 (full 1):
 par new generation   total 109248K, used 16280K [0x00000000e0000000, 0x00000000e8000000, 0x00000000e8000000)
  eden space 87424K,   0% used [0x00000000e0000000, 0x00000000e0000000, 0x00000000e5560000)
  from space 21824K,  74% used [0x00000000e5560000, 0x00000000e6546020, 0x00000000e6ab0000)
  to   space 21824K,   0% used [0x00000000e6ab0000, 0x00000000e6ab0000, 0x00000000e8000000)
 concurrent mark-sweep generation total 393216K, used 0K [0x00000000e8000000, 0x0000000100000000, 0x0000000100000000)
 Metaspace       used 21228K, capacity 21565K, committed 21884K, reserved 1069056K
  class space    used 2446K, capacity 2605K, committed 2684K, reserved 1048576K
}
2017-04-29T22:49:25.328+0200: 2,936: Total time for which application threads were stopped: 0,0116926 seconds, Stopping threads took: 0,0001561 seconds
{Heap before GC invocations=4 (full 1):
 par new generation   total 109248K, used 103704K [0x00000000e0000000, 0x00000000e8000000, 0x00000000e8000000)
  eden space 87424K, 100% used [0x00000000e0000000, 0x00000000e5560000, 0x00000000e5560000)
  from space 21824K,  74% used [0x00000000e5560000, 0x00000000e6546020, 0x00000000e6ab0000)
  to   space 21824K,   0% used [0x00000000e6ab0000, 0x00000000e6ab0000, 0x00000000e8000000)
 concurrent mark-sweep generation total 393216K, used 0K [0x00000000e8000000, 0x0000000100000000, 0x0000000100000000)
 Metaspace       used 21389K, capacity 21795K, committed 21884K, reserved 1069056K
  class space    used 2467K, capacity 2638K, committed 2684K, reserved 1048576K
2017-04-29T22:49:25.407+0200: 3,015: [GC (Allocation Failure) 2017-04-29T22:49:25.407+0200: 3,015: [ParNew
Desired survivor size 20112992 bytes, new threshold 8 (max 8)
- age   1:     729384 bytes,     729384 total
- age   2:     184184 bytes,     913568 total
- age   3:    1478160 bytes,    2391728 total
- age   4:    1498888 bytes,    3890616 total
- age   5:    5951312 bytes,    9841928 total
: 103704K->12094K(109248K), 0,0222015 secs] 103704K->12094K(502464K), 0,0222816 secs] [Times: user=0,05 sys=0,01, real=0,02 secs] 
Heap after GC invocations=5 (full 1):
 par new generation   total 109248K, used 12094K [0x00000000e0000000, 0x00000000e8000000, 0x00000000e8000000)
  eden space 87424K,   0% used [0x00000000e0000000, 0x00000000e0000000, 0x00000000e5560000)
  from space 21824K,  55% used [0x00000000e6ab0000, 0x00000000e767fa20, 0x00000000e8000000)
  to   space 21824K,   0% used [0x00000000e5560000, 0x00000000e5560000, 0x00000000e6ab0000)
 concurrent mark-sweep generation total 393216K, used 0K [0x00000000e8000000, 0x0000000100000000, 0x0000000100000000)
 Metaspace       used 21389K, capacity 21795K, committed 21884K, reserved 1069056K
  class space    used 2467K, capacity 2638K, committed 2684K, reserved 1048576K
}
2017-04-29T22:49:25.429+0200: 3,037: Total time for which application threads were stopped: 0,0225004 seconds, Stopping threads took: 0,0000512 seconds
2017-04-29T22:49:25.505+0200: 3,113: Total time for which application threads were stopped: 0,0001518 seconds, Stopping threads took: 0,0000316 seconds
2017-04-29T22:49:25.533+0200: 3,141: Total time for which application threads were stopped: 0,0004566 seconds, Stopping threads took: 0,0000249 seconds
2017-04-29T22:49:25.588+0200: 3,196: Total time for which application threads were stopped: 0,0001285 seconds, Stopping threads took: 0,0000422 seconds
2017-04-29T22:49:25.616+0200: 3,224: Total time for which application threads were stopped: 0,0000959 seconds, Stopping threads took: 0,0000196 seconds
2017-04-29T22:49:25.840+0200: 3,448: Total time for which application threads were stopped: 0,0002574 seconds, Stopping threads took: 0,0000488 seconds
2017-04-29T22:49:25.875+0200: 3,483: Total time for which application threads were stopped: 0,0001475 seconds, Stopping threads took: 0,0000394 seconds
2017-04-29T22:49:25.875+0200: 3,483: Total time for which application threads were stopped: 0,0003682 seconds, Stopping threads took: 0,0000249 seconds
2017-04-29T22:49:25.899+0200: 3,507: Total time for which application threads were stopped: 0,0004855 seconds, Stopping threads took: 0,0000365 seconds
2017-04-29T22:49:25.964+0200: 3,572: Total time for which application threads were stopped: 0,0011682 seconds, Stopping threads took: 0,0009176 seconds
2017-04-29T22:49:26.076+0200: 3,684: Total time for which application threads were stopped: 0,0121373 seconds, Stopping threads took: 0,0119901 seconds
2017-04-29T22:49:26.093+0200: 3,701: [CMS-concurrent-abortable-preclean: 0,522/0,891 secs] [Times: user=2,55 sys=0,05, real=0,89 secs] 
2017-04-29T22:49:26.102+0200: 3,710: [GC (CMS Final Remark) [YG occupancy: 61475 K (109248 K)]{Heap before GC invocations=5 (full 1):
 par new generation   total 109248K, used 61475K [0x00000000e0000000, 0x00000000e8000000, 0x00000000e8000000)
  eden space 87424K,  56% used [0x00000000e0000000, 0x00000000e3039468, 0x00000000e5560000)
  from space 21824K,  55% used [0x00000000e6ab0000, 0x00000000e767fa20, 0x00000000e8000000)
  to   space 21824K,   0% used [0x00000000e5560000, 0x00000000e5560000, 0x00000000e6ab0000)
 concurrent mark-sweep generation total 393216K, used 0K [0x00000000e8000000, 0x0000000100000000, 0x0000000100000000)
 Metaspace       used 23401K, capacity 23923K, committed 24080K, reserved 1071104K
  class space    used 2713K, capacity 2918K, committed 3016K, reserved 1048576K
2017-04-29T22:49:26.102+0200: 3,710: [GC (CMS Final Remark) 2017-04-29T22:49:26.102+0200: 3,710: [ParNew
Desired survivor size 20112992 bytes, new threshold 8 (max 8)
- age   1:    3465568 bytes,    3465568 total
- age   2:     114056 bytes,    3579624 total
- age   3:     182712 bytes,    3762336 total
- age   4:     308472 bytes,    4070808 total
- age   5:    1487112 bytes,    5557920 total
- age   6:    5943208 bytes,   11501128 total
: 61475K->16835K(109248K), 0,0530025 secs] 61475K->16835K(502464K), 0,0530527 secs] [Times: user=0,05 sys=0,00, real=0,05 secs] 
Heap after GC invocations=6 (full 1):
 par new generation   total 109248K, used 16835K [0x00000000e0000000, 0x00000000e8000000, 0x00000000e8000000)
  eden space 87424K,   0% used [0x00000000e0000000, 0x00000000e0000000, 0x00000000e5560000)
  from space 21824K,  77% used [0x00000000e5560000, 0x00000000e65d0f80, 0x00000000e6ab0000)
  to   space 21824K,   0% used [0x00000000e6ab0000, 0x00000000e6ab0000, 0x00000000e8000000)
 concurrent mark-sweep generation total 393216K, used 0K [0x00000000e8000000, 0x0000000100000000, 0x0000000100000000)
 Metaspace       used 23401K, capacity 23923K, committed 24080K, reserved 1071104K
  class space    used 2713K, capacity 2918K, committed 3016K, reserved 1048576K
}
2017-04-29T22:49:26.155+0200: 3,763: [Rescan (parallel) , 0,0040207 secs]2017-04-29T22:49:26.159+0200: 3,767: [weak refs processing, 0,0015233 secs]2017-04-29T22:49:26.161+0200: 3,769: [class unloading, 0,0039471 secs]2017-04-29T22:49:26.165+0200: 3,773: [scrub symbol table, 0,0040162 secs]2017-04-29T22:49:26.169+0200: 3,777: [scrub string table, 0,0004026 secs][1 CMS-remark: 0K(393216K)] 16835K(502464K), 0,0678638 secs] [Times: user=0,07 sys=0,00, real=0,07 secs] 
2017-04-29T22:49:26.170+0200: 3,778: Total time for which application threads were stopped: 0,0755374 seconds, Stopping threads took: 0,0075521 seconds
2017-04-29T22:49:26.170+0200: 3,778: [CMS-concurrent-sweep-start]
2017-04-29T22:49:26.170+0200: 3,778: [CMS-concurrent-sweep: 0,000/0,000 secs] [Times: user=0,00 sys=0,00, real=0,00 secs] 
2017-04-29T22:49:26.170+0200: 3,778: [CMS-concurrent-reset-start]
2017-04-29T22:49:26.172+0200: 3,780: [CMS-concurrent-reset: 0,002/0,002 secs] [Times: user=0,00 sys=0,00, real=0,00 secs] 
{Heap before GC invocations=6 (full 1):
 par new generation   total 109248K, used 104259K [0x00000000e0000000, 0x00000000e8000000, 0x00000000e8000000)
  eden space 87424K, 100% used [0x00000000e0000000, 0x00000000e5560000, 0x00000000e5560000)
  from space 21824K,  77% used [0x00000000e5560000, 0x00000000e65d0f80, 0x00000000e6ab0000)
  to   space 21824K,   0% used [0x00000000e6ab0000, 0x00000000e6ab0000, 0x00000000e8000000)
 concurrent mark-sweep generation total 393216K, used 0K [0x00000000e8000000, 0x0000000100000000, 0x0000000100000000)
 Metaspace       used 24082K, capacity 24531K, committed 24592K, reserved 1071104K
  class space    used 2837K, capacity 3014K, committed 3016K, reserved 1048576K
2017-04-29T22:49:26.347+0200: 3,955: [GC (Allocation Failure) 2017-04-29T22:49:26.347+0200: 3,955: [ParNew
Desired survivor size 20112992 bytes, new threshold 8 (max 8)
- age   1:    3058368 bytes,    3058368 total
- age   2:    1091552 bytes,    4149920 total
- age   3:      53200 bytes,    4203120 total
- age   4:     106416 bytes,    4309536 total
- age   5:     189808 bytes,    4499344 total
- age   6:    1036944 bytes,    5536288 total
- age   7:    5828384 bytes,   11364672 total
: 104259K->14211K(109248K), 0,0123246 secs] 104259K->14211K(502464K), 0,0124232 secs] [Times: user=0,04 sys=0,00, real=0,01 secs] 
Heap after GC invocations=7 (full 1):
 par new generation   total 109248K, used 14211K [0x00000000e0000000, 0x00000000e8000000, 0x00000000e8000000)
  eden space 87424K,   0% used [0x00000000e0000000, 0x00000000e0000000, 0x00000000e5560000)
  from space 21824K,  65% used [0x00000000e6ab0000, 0x00000000e7890ed0, 0x00000000e8000000)
  to   space 21824K,   0% used [0x00000000e5560000, 0x00000000e5560000, 0x00000000e6ab0000)
 concurrent mark-sweep generation total 393216K, used 0K [0x00000000e8000000, 0x0000000100000000, 0x0000000100000000)
 Metaspace       used 24082K, capacity 24531K, committed 24592K, reserved 1071104K
  class space    used 2837K, capacity 3014K, committed 3016K, reserved 1048576K
}
2017-04-29T22:49:26.359+0200: 3,968: Total time for which application threads were stopped: 0,0129865 seconds, Stopping threads took: 0,0003771 seconds
2017-04-29T22:49:26.443+0200: 4,051: Total time for which application threads were stopped: 0,0017003 seconds, Stopping threads took: 0,0013180 seconds
{Heap before GC invocations=7 (full 1):
 par new generation   total 109248K, used 101635K [0x00000000e0000000, 0x00000000e8000000, 0x00000000e8000000)
  eden space 87424K, 100% used [0x00000000e0000000, 0x00000000e5560000, 0x00000000e5560000)
  from space 21824K,  65% used [0x00000000e6ab0000, 0x00000000e7890ed0, 0x00000000e8000000)
  to   space 21824K,   0% used [0x00000000e5560000, 0x00000000e5560000, 0x00000000e6ab0000)
 concurrent mark-sweep generation total 393216K, used 0K [0x00000000e8000000, 0x0000000100000000, 0x0000000100000000)
 Metaspace       used 24464K, capacity 24979K, committed 25232K, reserved 1071104K
  class space    used 2865K, capacity 3052K, committed 3144K, reserved 1048576K
2017-04-29T22:49:26.449+0200: 4,057: [GC (Allocation Failure) 2017-04-29T22:49:26.449+0200: 4,057: [ParNew
Desired survivor size 20112992 bytes, new threshold 8 (max 8)
- age   1:    1482664 bytes,    1482664 total
- age   2:    1623392 bytes,    3106056 total
- age   3:    1088776 bytes,    4194832 total
- age   4:      53200 bytes,    4248032 total
- age   5:     106144 bytes,    4354176 total
- age   6:     187008 bytes,    4541184 total
- age   7:    1036176 bytes,    5577360 total
- age   8:    5827840 bytes,   11405200 total
: 101635K->14854K(109248K), 0,0114703 secs] 101635K->14854K(502464K), 0,0115336 secs] [Times: user=0,03 sys=0,00, real=0,00 secs] 
Heap after GC invocations=8 (full 1):
 par new generation   total 109248K, used 14854K [0x00000000e0000000, 0x00000000e8000000, 0x00000000e8000000)
  eden space 87424K,   0% used [0x00000000e0000000, 0x00000000e0000000, 0x00000000e5560000)
  from space 21824K,  68% used [0x00000000e5560000, 0x00000000e63e18b0, 0x00000000e6ab0000)
  to   space 21824K,   0% used [0x00000000e6ab0000, 0x00000000e6ab0000, 0x00000000e8000000)
 concurrent mark-sweep generation total 393216K, used 0K [0x00000000e8000000, 0x0000000100000000, 0x0000000100000000)
 Metaspace       used 24464K, capacity 24979K, committed 25232K, reserved 1071104K
  class space    used 2865K, capacity 3052K, committed 3144K, reserved 1048576K
}
2017-04-29T22:49:26.461+0200: 4,069: Total time for which application threads were stopped: 0,0159146 seconds, Stopping threads took: 0,0042432 seconds
2017-04-29T22:49:26.611+0200: 4,219: Total time for which application threads were stopped: 0,0002528 seconds, Stopping threads took: 0,0000889 seconds
2017-04-29T22:49:26.611+0200: 4,219: Total time for which application threads were stopped: 0,0001040 seconds, Stopping threads took: 0,0000237 seconds
2017-04-29T22:49:26.611+0200: 4,219: Total time for which application threads were stopped: 0,0001247 seconds, Stopping threads took: 0,0000428 seconds
2017-04-29T22:49:26.618+0200: 4,226: Total time for which application threads were stopped: 0,0001514 seconds, Stopping threads took: 0,0000601 seconds
2017-04-29T22:49:26.619+0200: 4,227: Total time for which application threads were stopped: 0,0003045 seconds, Stopping threads took: 0,0002026 seconds
2017-04-29T22:49:26.625+0200: 4,233: Total time for which application threads were stopped: 0,0040203 seconds, Stopping threads took: 0,0039146 seconds
2017-04-29T22:49:26.633+0200: 4,241: Total time for which application threads were stopped: 0,0004612 seconds, Stopping threads took: 0,0003728 seconds
2017-04-29T22:49:26.633+0200: 4,241: Total time for which application threads were stopped: 0,0000775 seconds, Stopping threads took: 0,0000274 seconds
2017-04-29T22:49:26.634+0200: 4,242: Total time for which application threads were stopped: 0,0000983 seconds, Stopping threads took: 0,0000234 seconds
2017-04-29T22:49:26.634+0200: 4,242: Total time for which application threads were stopped: 0,0000845 seconds, Stopping threads took: 0,0000182 seconds
2017-04-29T22:49:26.637+0200: 4,245: Total time for which application threads were stopped: 0,0032631 seconds, Stopping threads took: 0,0031938 seconds
2017-04-29T22:49:26.637+0200: 4,246: Total time for which application threads were stopped: 0,0000915 seconds, Stopping threads took: 0,0000248 seconds
2017-04-29T22:49:26.645+0200: 4,253: Total time for which application threads were stopped: 0,0002132 seconds, Stopping threads took: 0,0000634 seconds
2017-04-29T22:49:26.646+0200: 4,254: Total time for which application threads were stopped: 0,0001739 seconds, Stopping threads took: 0,0000454 seconds
2017-04-29T22:49:26.647+0200: 4,255: Total time for which application threads were stopped: 0,0001303 seconds, Stopping threads took: 0,0000435 seconds
2017-04-29T22:49:26.647+0200: 4,255: Total time for which application threads were stopped: 0,0000992 seconds, Stopping threads took: 0,0000357 seconds
2017-04-29T22:49:26.647+0200: 4,255: Total time for which application threads were stopped: 0,0000947 seconds, Stopping threads took: 0,0000142 seconds
2017-04-29T22:49:26.647+0200: 4,255: Total time for which application threads were stopped: 0,0000827 seconds, Stopping threads took: 0,0000236 seconds
2017-04-29T22:49:26.648+0200: 4,256: Total time for which application threads were stopped: 0,0000748 seconds, Stopping threads took: 0,0000131 seconds
2017-04-29T22:49:26.648+0200: 4,256: Total time for which application threads were stopped: 0,0000798 seconds, Stopping threads took: 0,0000098 seconds
2017-04-29T22:49:26.648+0200: 4,256: Total time for which application threads were stopped: 0,0000813 seconds, Stopping threads took: 0,0000114 seconds
2017-04-29T22:49:26.648+0200: 4,256: Total time for which application threads were stopped: 0,0000806 seconds, Stopping threads took: 0,0000131 seconds
2017-04-29T22:49:26.648+0200: 4,256: Total time for which application threads were stopped: 0,0000743 seconds, Stopping threads took: 0,0000116 seconds
2017-04-29T22:49:26.649+0200: 4,257: Total time for which application threads were stopped: 0,0001845 seconds, Stopping threads took: 0,0000168 seconds
2017-04-29T22:49:26.651+0200: 4,259: Total time for which application threads were stopped: 0,0001783 seconds, Stopping threads took: 0,0000901 seconds
2017-04-29T22:49:26.651+0200: 4,259: Total time for which application threads were stopped: 0,0001049 seconds, Stopping threads took: 0,0000438 seconds
2017-04-29T22:49:26.651+0200: 4,259: Total time for which application threads were stopped: 0,0000631 seconds, Stopping threads took: 0,0000153 seconds
2017-04-29T22:49:26.651+0200: 4,260: Total time for which application threads were stopped: 0,0000768 seconds, Stopping threads took: 0,0000270 seconds
2017-04-29T22:49:26.652+0200: 4,260: Total time for which application threads were stopped: 0,0000680 seconds, Stopping threads took: 0,0000225 seconds
2017-04-29T22:49:26.652+0200: 4,260: Total time for which application threads were stopped: 0,0000590 seconds, Stopping threads took: 0,0000172 seconds
2017-04-29T22:49:26.652+0200: 4,260: Total time for which application threads were stopped: 0,0000698 seconds, Stopping threads took: 0,0000189 seconds
2017-04-29T22:49:26.652+0200: 4,260: Total time for which application threads were stopped: 0,0000602 seconds, Stopping threads took: 0,0000194 seconds
2017-04-29T22:49:26.652+0200: 4,260: Total time for which application threads were stopped: 0,0000706 seconds, Stopping threads took: 0,0000229 seconds
2017-04-29T22:49:26.652+0200: 4,260: Total time for which application threads were stopped: 0,0000518 seconds, Stopping threads took: 0,0000108 seconds
2017-04-29T22:49:26.652+0200: 4,260: Total time for which application threads were stopped: 0,0000637 seconds, Stopping threads took: 0,0000198 seconds
2017-04-29T22:49:26.653+0200: 4,261: Total time for which application threads were stopped: 0,0000733 seconds, Stopping threads took: 0,0000262 seconds
2017-04-29T22:49:26.653+0200: 4,261: Total time for which application threads were stopped: 0,0000554 seconds, Stopping threads took: 0,0000155 seconds
2017-04-29T22:49:26.653+0200: 4,261: Total time for which application threads were stopped: 0,0000675 seconds, Stopping threads took: 0,0000126 seconds
2017-04-29T22:49:26.653+0200: 4,261: Total time for which application threads were stopped: 0,0001047 seconds, Stopping threads took: 0,0000666 seconds
2017-04-29T22:49:26.653+0200: 4,261: Total time for which application threads were stopped: 0,0000484 seconds, Stopping threads took: 0,0000151 seconds
2017-04-29T22:49:26.653+0200: 4,261: Total time for which application threads were stopped: 0,0000742 seconds, Stopping threads took: 0,0000176 seconds
2017-04-29T22:49:26.653+0200: 4,262: Total time for which application threads were stopped: 0,0000600 seconds, Stopping threads took: 0,0000104 seconds
2017-04-29T22:49:26.654+0200: 4,262: Total time for which application threads were stopped: 0,0000615 seconds, Stopping threads took: 0,0000184 seconds
2017-04-29T22:49:26.654+0200: 4,262: Total time for which application threads were stopped: 0,0000607 seconds, Stopping threads took: 0,0000256 seconds
2017-04-29T22:49:26.654+0200: 4,262: Total time for which application threads were stopped: 0,0001209 seconds, Stopping threads took: 0,0000220 seconds
2017-04-29T22:49:26.658+0200: 4,266: Total time for which application threads were stopped: 0,0001261 seconds, Stopping threads took: 0,0000484 seconds
{Heap before GC invocations=8 (full 1):
 par new generation   total 109248K, used 102278K [0x00000000e0000000, 0x00000000e8000000, 0x00000000e8000000)
  eden space 87424K, 100% used [0x00000000e0000000, 0x00000000e5560000, 0x00000000e5560000)
  from space 21824K,  68% used [0x00000000e5560000, 0x00000000e63e18b0, 0x00000000e6ab0000)
  to   space 21824K,   0% used [0x00000000e6ab0000, 0x00000000e6ab0000, 0x00000000e8000000)
 concurrent mark-sweep generation total 393216K, used 0K [0x00000000e8000000, 0x0000000100000000, 0x0000000100000000)
 Metaspace       used 25056K, capacity 25529K, committed 25668K, reserved 1071104K
  class space    used 2911K, capacity 3085K, committed 3144K, reserved 1048576K
2017-04-29T22:49:26.661+0200: 4,269: [GC (Allocation Failure) 2017-04-29T22:49:26.661+0200: 4,269: [ParNew
Desired survivor size 20112992 bytes, new threshold 8 (max 8)
- age   1:    1732248 bytes,    1732248 total
- age   2:     168312 bytes,    1900560 total
- age   3:     822768 bytes,    2723328 total
- age   4:    1088512 bytes,    3811840 total
- age   5:      53200 bytes,    3865040 total
- age   6:     103664 bytes,    3968704 total
- age   7:     186480 bytes,    4155184 total
- age   8:    1035376 bytes,    5190560 total
: 102278K->8315K(109248K), 0,0283065 secs] 102278K->14595K(502464K), 0,0283702 secs] [Times: user=0,09 sys=0,00, real=0,03 secs] 
Heap after GC invocations=9 (full 1):
 par new generation   total 109248K, used 8315K [0x00000000e0000000, 0x00000000e8000000, 0x00000000e8000000)
  eden space 87424K,   0% used [0x00000000e0000000, 0x00000000e0000000, 0x00000000e5560000)
  from space 21824K,  38% used [0x00000000e6ab0000, 0x00000000e72cede0, 0x00000000e8000000)
  to   space 21824K,   0% used [0x00000000e5560000, 0x00000000e5560000, 0x00000000e6ab0000)
 concurrent mark-sweep generation total 393216K, used 6279K [0x00000000e8000000, 0x0000000100000000, 0x0000000100000000)
 Metaspace       used 25056K, capacity 25529K, committed 25668K, reserved 1071104K
  class space    used 2911K, capacity 3085K, committed 3144K, reserved 1048576K
}
2017-04-29T22:49:26.689+0200: 4,297: Total time for which application threads were stopped: 0,0286007 seconds, Stopping threads took: 0,0000283 seconds
2017-04-29T22:49:26.695+0200: 4,303: Total time for which application threads were stopped: 0,0001245 seconds, Stopping threads took: 0,0000321 seconds
2017-04-29T22:49:26.695+0200: 4,303: Total time for which application threads were stopped: 0,0000835 seconds, Stopping threads took: 0,0000305 seconds
2017-04-29T22:49:26.695+0200: 4,303: Total time for which application threads were stopped: 0,0000530 seconds, Stopping threads took: 0,0000109 seconds
2017-04-29T22:49:26.695+0200: 4,303: Total time for which application threads were stopped: 0,0000767 seconds, Stopping threads took: 0,0000311 seconds
2017-04-29T22:49:26.695+0200: 4,303: Total time for which application threads were stopped: 0,0000639 seconds, Stopping threads took: 0,0000194 seconds
2017-04-29T22:49:26.696+0200: 4,304: Total time for which application threads were stopped: 0,0000993 seconds, Stopping threads took: 0,0000245 seconds
2017-04-29T22:49:26.701+0200: 4,309: Total time for which application threads were stopped: 0,0001142 seconds, Stopping threads took: 0,0000302 seconds
2017-04-29T22:49:26.704+0200: 4,312: Total time for which application threads were stopped: 0,0001104 seconds, Stopping threads took: 0,0000353 seconds
2017-04-29T22:49:26.704+0200: 4,312: Total time for which application threads were stopped: 0,0000858 seconds, Stopping threads took: 0,0000275 seconds
2017-04-29T22:49:26.704+0200: 4,312: Total time for which application threads were stopped: 0,0000625 seconds, Stopping threads took: 0,0000109 seconds
2017-04-29T22:49:26.704+0200: 4,312: Total time for which application threads were stopped: 0,0000664 seconds, Stopping threads took: 0,0000206 seconds
2017-04-29T22:49:26.707+0200: 4,315: Total time for which application threads were stopped: 0,0001432 seconds, Stopping threads took: 0,0000702 seconds
2017-04-29T22:49:26.708+0200: 4,316: Total time for which application threads were stopped: 0,0001154 seconds, Stopping threads took: 0,0000391 seconds
2017-04-29T22:49:26.709+0200: 4,317: Total time for which application threads were stopped: 0,0001039 seconds, Stopping threads took: 0,0000357 seconds
2017-04-29T22:49:26.711+0200: 4,319: Total time for which application threads were stopped: 0,0001200 seconds, Stopping threads took: 0,0000356 seconds
2017-04-29T22:49:26.711+0200: 4,319: Total time for which application threads were stopped: 0,0000901 seconds, Stopping threads took: 0,0000237 seconds
2017-04-29T22:49:26.712+0200: 4,320: Total time for which application threads were stopped: 0,0001489 seconds, Stopping threads took: 0,0000243 seconds
2017-04-29T22:49:26.712+0200: 4,320: Total time for which application threads were stopped: 0,0001258 seconds, Stopping threads took: 0,0000460 seconds
2017-04-29T22:49:26.713+0200: 4,321: Total time for which application threads were stopped: 0,0001226 seconds, Stopping threads took: 0,0000466 seconds
2017-04-29T22:49:26.713+0200: 4,321: Total time for which application threads were stopped: 0,0000734 seconds, Stopping threads took: 0,0000230 seconds
2017-04-29T22:49:26.713+0200: 4,321: Total time for which application threads were stopped: 0,0000707 seconds, Stopping threads took: 0,0000232 seconds
2017-04-29T22:49:26.714+0200: 4,322: Total time for which application threads were stopped: 0,0001506 seconds, Stopping threads took: 0,0000956 seconds
2017-04-29T22:49:26.714+0200: 4,323: Total time for which application threads were stopped: 0,0000855 seconds, Stopping threads took: 0,0000163 seconds
2017-04-29T22:49:26.719+0200: 4,328: Total time for which application threads were stopped: 0,0001018 seconds, Stopping threads took: 0,0000236 seconds
2017-04-29T22:49:26.721+0200: 4,329: Total time for which application threads were stopped: 0,0001087 seconds, Stopping threads took: 0,0000380 seconds
2017-04-29T22:49:26.721+0200: 4,329: Total time for which application threads were stopped: 0,0000729 seconds, Stopping threads took: 0,0000169 seconds
2017-04-29T22:49:26.722+0200: 4,330: Total time for which application threads were stopped: 0,0000625 seconds, Stopping threads took: 0,0000153 seconds
2017-04-29T22:49:26.724+0200: 4,332: Total time for which application threads were stopped: 0,0001002 seconds, Stopping threads took: 0,0000241 seconds
2017-04-29T22:49:26.734+0200: 4,342: Total time for which application threads were stopped: 0,0001219 seconds, Stopping threads took: 0,0000393 seconds
2017-04-29T22:49:26.734+0200: 4,342: Total time for which application threads were stopped: 0,0000847 seconds, Stopping threads took: 0,0000204 seconds
2017-04-29T22:49:26.736+0200: 4,344: Total time for which application threads were stopped: 0,0001105 seconds, Stopping threads took: 0,0000458 seconds
2017-04-29T22:49:26.736+0200: 4,344: Total time for which application threads were stopped: 0,0001056 seconds, Stopping threads took: 0,0000479 seconds
2017-04-29T22:49:26.743+0200: 4,351: Total time for which application threads were stopped: 0,0001253 seconds, Stopping threads took: 0,0000490 seconds
2017-04-29T22:49:26.747+0200: 4,355: Total time for which application threads were stopped: 0,0001518 seconds, Stopping threads took: 0,0000558 seconds
2017-04-29T22:49:26.750+0200: 4,358: Total time for which application threads were stopped: 0,0011117 seconds, Stopping threads took: 0,0010519 seconds
2017-04-29T22:49:26.751+0200: 4,359: Total time for which application threads were stopped: 0,0000874 seconds, Stopping threads took: 0,0000293 seconds
2017-04-29T22:49:26.756+0200: 4,364: Total time for which application threads were stopped: 0,0001737 seconds, Stopping threads took: 0,0000769 seconds
2017-04-29T22:49:26.756+0200: 4,364: Total time for which application threads were stopped: 0,0001942 seconds, Stopping threads took: 0,0001392 seconds
2017-04-29T22:49:26.763+0200: 4,371: Total time for which application threads were stopped: 0,0001675 seconds, Stopping threads took: 0,0000490 seconds
2017-04-29T22:49:26.781+0200: 4,389: Total time for which application threads were stopped: 0,0001804 seconds, Stopping threads took: 0,0001054 seconds
2017-04-29T22:49:26.790+0200: 4,398: Total time for which application threads were stopped: 0,0001673 seconds, Stopping threads took: 0,0000892 seconds
2017-04-29T22:49:26.796+0200: 4,404: Total time for which application threads were stopped: 0,0000833 seconds, Stopping threads took: 0,0000198 seconds
2017-04-29T22:49:26.843+0200: 4,451: Total time for which application threads were stopped: 0,0004061 seconds, Stopping threads took: 0,0000447 seconds
2017-04-29T22:49:26.855+0200: 4,463: Total time for which application threads were stopped: 0,0003843 seconds, Stopping threads took: 0,0000172 seconds
2017-04-29T22:49:26.900+0200: 4,508: Total time for which application threads were stopped: 0,0001345 seconds, Stopping threads took: 0,0000394 seconds
2017-04-29T22:49:26.901+0200: 4,509: Total time for which application threads were stopped: 0,0002106 seconds, Stopping threads took: 0,0000718 seconds
2017-04-29T22:49:26.915+0200: 4,523: Total time for which application threads were stopped: 0,0003537 seconds, Stopping threads took: 0,0000246 seconds
2017-04-29T22:49:26.916+0200: 4,524: Total time for which application threads were stopped: 0,0000867 seconds, Stopping threads took: 0,0000209 seconds
2017-04-29T22:49:26.917+0200: 4,525: Total time for which application threads were stopped: 0,0000977 seconds, Stopping threads took: 0,0000288 seconds
2017-04-29T22:49:26.940+0200: 4,548: Total time for which application threads were stopped: 0,0001201 seconds, Stopping threads took: 0,0000294 seconds
2017-04-29T22:49:26.947+0200: 4,555: Total time for which application threads were stopped: 0,0001315 seconds, Stopping threads took: 0,0000386 seconds
2017-04-29T22:49:26.966+0200: 4,574: Total time for which application threads were stopped: 0,0002665 seconds, Stopping threads took: 0,0001627 seconds
2017-04-29T22:49:26.974+0200: 4,582: Total time for which application threads were stopped: 0,0002617 seconds, Stopping threads took: 0,0001944 seconds
2017-04-29T22:49:27.000+0200: 4,608: Total time for which application threads were stopped: 0,0001402 seconds, Stopping threads took: 0,0000591 seconds
2017-04-29T22:49:27.005+0200: 4,613: Total time for which application threads were stopped: 0,0003359 seconds, Stopping threads took: 0,0000160 seconds
2017-04-29T22:49:27.005+0200: 4,613: Total time for which application threads were stopped: 0,0000766 seconds, Stopping threads took: 0,0000266 seconds
2017-04-29T22:49:27.005+0200: 4,614: Total time for which application threads were stopped: 0,0001203 seconds, Stopping threads took: 0,0000359 seconds
2017-04-29T22:49:28.007+0200: 5,615: Total time for which application threads were stopped: 0,0001195 seconds, Stopping threads took: 0,0000313 seconds
2017-04-29T22:50:45.015+0200: 82,623: Total time for which application threads were stopped: 0,0000769 seconds, Stopping threads took: 0,0000187 seconds
2017-04-29T22:51:18.091+0200: 117,627: Total time for which application threads were stopped: 0,0002285 seconds, Stopping threads took: 0,0000394 seconds
2017-04-29T22:51:22.092+0200: 121,627: Total time for which application threads were stopped: 0,0000643 seconds, Stopping threads took: 0,0000163 seconds
2017-04-29T22:53:58.111+0200: 277,647: Total time for which application threads were stopped: 0,0007457 seconds, Stopping threads took: 0,0003077 seconds
2017-04-29T23:12:15.867+0200: 1375,403: Total time for which application threads were stopped: 0,0001020 seconds, Stopping threads took: 0,0000163 seconds
2017-04-29T23:12:15.868+0200: 1375,404: Total time for which application threads were stopped: 0,0001128 seconds, Stopping threads took: 0,0000321 seconds
2017-04-29T23:12:15.869+0200: 1375,405: Total time for which application threads were stopped: 0,0001081 seconds, Stopping threads took: 0,0000356 seconds
2017-04-29T23:12:15.869+0200: 1375,405: Total time for which application threads were stopped: 0,0000709 seconds, Stopping threads took: 0,0000194 seconds
2017-04-29T23:12:15.870+0200: 1375,405: Total time for which application threads were stopped: 0,0000868 seconds, Stopping threads took: 0,0000224 seconds
2017-04-29T23:12:15.870+0200: 1375,406: Total time for which application threads were stopped: 0,0000735 seconds, Stopping threads took: 0,0000220 seconds
2017-04-29T23:12:15.870+0200: 1375,406: Total time for which application threads were stopped: 0,0000639 seconds, Stopping threads took: 0,0000157 seconds
2017-04-29T23:12:15.870+0200: 1375,406: Total time for which application threads were stopped: 0,0000595 seconds, Stopping threads took: 0,0000172 seconds
2017-04-29T23:12:15.870+0200: 1375,406: Total time for which application threads were stopped: 0,0000532 seconds, Stopping threads took: 0,0000138 seconds
2017-04-29T23:12:15.870+0200: 1375,406: Total time for which application threads were stopped: 0,0000782 seconds, Stopping threads took: 0,0000221 seconds
2017-04-29T23:12:15.871+0200: 1375,407: Total time for which application threads were stopped: 0,0001153 seconds, Stopping threads took: 0,0000405 seconds
2017-04-29T23:12:15.872+0200: 1375,408: Total time for which application threads were stopped: 0,0000967 seconds, Stopping threads took: 0,0000286 seconds
2017-04-29T23:12:15.872+0200: 1375,408: Total time for which application threads were stopped: 0,0000660 seconds, Stopping threads took: 0,0000167 seconds
2017-04-29T23:12:15.872+0200: 1375,408: Total time for which application threads were stopped: 0,0000610 seconds, Stopping threads took: 0,0000163 seconds
2017-04-29T23:12:15.872+0200: 1375,408: Total time for which application threads were stopped: 0,0000567 seconds, Stopping threads took: 0,0000162 seconds
2017-04-29T23:12:15.873+0200: 1375,408: Total time for which application threads were stopped: 0,0000535 seconds, Stopping threads took: 0,0000145 seconds
2017-04-29T23:12:15.873+0200: 1375,409: Total time for which application threads were stopped: 0,0000611 seconds, Stopping threads took: 0,0000157 seconds
2017-04-29T23:12:15.873+0200: 1375,409: Total time for which application threads were stopped: 0,0000577 seconds, Stopping threads took: 0,0000152 seconds
2017-04-29T23:12:15.874+0200: 1375,409: Total time for which application threads were stopped: 0,0001533 seconds, Stopping threads took: 0,0000395 seconds
2017-04-29T23:12:15.878+0200: 1375,414: Total time for which application threads were stopped: 0,0001605 seconds, Stopping threads took: 0,0000609 seconds
2017-04-29T23:12:15.883+0200: 1375,418: Total time for which application threads were stopped: 0,0001385 seconds, Stopping threads took: 0,0000356 seconds
2017-04-29T23:12:15.883+0200: 1375,418: Total time for which application threads were stopped: 0,0000838 seconds, Stopping threads took: 0,0000259 seconds
2017-04-29T23:12:15.883+0200: 1375,419: Total time for which application threads were stopped: 0,0000591 seconds, Stopping threads took: 0,0000152 seconds
2017-04-29T23:12:15.883+0200: 1375,419: Total time for which application threads were stopped: 0,0000535 seconds, Stopping threads took: 0,0000164 seconds
2017-04-29T23:12:15.883+0200: 1375,419: Total time for which application threads were stopped: 0,0000508 seconds, Stopping threads took: 0,0000128 seconds
2017-04-29T23:12:15.883+0200: 1375,419: Total time for which application threads were stopped: 0,0000516 seconds, Stopping threads took: 0,0000129 seconds
2017-04-29T23:12:15.883+0200: 1375,419: Total time for which application threads were stopped: 0,0000549 seconds, Stopping threads took: 0,0000143 seconds
2017-04-29T23:12:15.883+0200: 1375,419: Total time for which application threads were stopped: 0,0000540 seconds, Stopping threads took: 0,0000139 seconds
2017-04-29T23:12:15.883+0200: 1375,419: Total time for which application threads were stopped: 0,0000484 seconds, Stopping threads took: 0,0000133 seconds
2017-04-29T23:12:15.883+0200: 1375,419: Total time for which application threads were stopped: 0,0000539 seconds, Stopping threads took: 0,0000146 seconds
2017-04-29T23:12:15.884+0200: 1375,420: Total time for which application threads were stopped: 0,0001014 seconds, Stopping threads took: 0,0000338 seconds
2017-04-29T23:12:15.884+0200: 1375,420: Total time for which application threads were stopped: 0,0000736 seconds, Stopping threads took: 0,0000198 seconds
2017-04-29T23:12:15.885+0200: 1375,420: Total time for which application threads were stopped: 0,0000595 seconds, Stopping threads took: 0,0000152 seconds
2017-04-29T23:12:15.890+0200: 1375,426: Total time for which application threads were stopped: 0,0001385 seconds, Stopping threads took: 0,0000510 seconds
2017-04-29T23:12:15.894+0200: 1375,430: Total time for which application threads were stopped: 0,0002231 seconds, Stopping threads took: 0,0001446 seconds
2017-04-29T23:12:15.897+0200: 1375,432: Total time for which application threads were stopped: 0,0000858 seconds, Stopping threads took: 0,0000179 seconds
2017-04-29T23:12:15.897+0200: 1375,433: Total time for which application threads were stopped: 0,0000548 seconds, Stopping threads took: 0,0000106 seconds
2017-04-29T23:12:15.898+0200: 1375,433: Total time for which application threads were stopped: 0,0000786 seconds, Stopping threads took: 0,0000203 seconds
2017-04-29T23:12:15.898+0200: 1375,434: Total time for which application threads were stopped: 0,0000414 seconds, Stopping threads took: 0,0000111 seconds
2017-04-29T23:12:15.898+0200: 1375,434: Total time for which application threads were stopped: 0,0000385 seconds, Stopping threads took: 0,0000105 seconds
2017-04-29T23:12:15.898+0200: 1375,434: Total time for which application threads were stopped: 0,0000391 seconds, Stopping threads took: 0,0000107 seconds
2017-04-29T23:12:15.898+0200: 1375,434: Total time for which application threads were stopped: 0,0000380 seconds, Stopping threads took: 0,0000102 seconds
2017-04-29T23:12:15.898+0200: 1375,434: Total time for which application threads were stopped: 0,0000380 seconds, Stopping threads took: 0,0000106 seconds
2017-04-29T23:12:15.901+0200: 1375,436: Total time for which application threads were stopped: 0,0009506 seconds, Stopping threads took: 0,0008714 seconds
2017-04-29T23:12:15.901+0200: 1375,436: Total time for which application threads were stopped: 0,0000574 seconds, Stopping threads took: 0,0000204 seconds
2017-04-29T23:12:15.912+0200: 1375,448: Total time for which application threads were stopped: 0,0007405 seconds, Stopping threads took: 0,0006497 seconds
2017-04-29T23:12:15.912+0200: 1375,448: Total time for which application threads were stopped: 0,0000657 seconds, Stopping threads took: 0,0000263 seconds
2017-04-29T23:12:15.921+0200: 1375,457: Total time for which application threads were stopped: 0,0001002 seconds, Stopping threads took: 0,0000274 seconds
2017-04-29T23:12:15.921+0200: 1375,457: Total time for which application threads were stopped: 0,0000520 seconds, Stopping threads took: 0,0000131 seconds
2017-04-29T23:12:15.921+0200: 1375,457: Total time for which application threads were stopped: 0,0000478 seconds, Stopping threads took: 0,0000130 seconds
2017-04-29T23:12:15.923+0200: 1375,459: Total time for which application threads were stopped: 0,0001155 seconds, Stopping threads took: 0,0000344 seconds
2017-04-29T23:12:15.924+0200: 1375,459: Total time for which application threads were stopped: 0,0000692 seconds, Stopping threads took: 0,0000202 seconds
2017-04-29T23:12:15.924+0200: 1375,460: Total time for which application threads were stopped: 0,0000505 seconds, Stopping threads took: 0,0000160 seconds
2017-04-29T23:12:15.924+0200: 1375,460: Total time for which application threads were stopped: 0,0000491 seconds, Stopping threads took: 0,0000167 seconds
2017-04-29T23:12:15.925+0200: 1375,461: Total time for which application threads were stopped: 0,0000816 seconds, Stopping threads took: 0,0000149 seconds
2017-04-29T23:12:15.927+0200: 1375,463: Total time for which application threads were stopped: 0,0000820 seconds, Stopping threads took: 0,0000227 seconds
2017-04-29T23:12:15.927+0200: 1375,463: Total time for which application threads were stopped: 0,0000440 seconds, Stopping threads took: 0,0000122 seconds
2017-04-29T23:12:15.927+0200: 1375,463: Total time for which application threads were stopped: 0,0000411 seconds, Stopping threads took: 0,0000112 seconds
2017-04-29T23:12:15.927+0200: 1375,463: Total time for which application threads were stopped: 0,0000452 seconds, Stopping threads took: 0,0000129 seconds
2017-04-29T23:12:15.927+0200: 1375,463: Total time for which application threads were stopped: 0,0000414 seconds, Stopping threads took: 0,0000114 seconds
2017-04-29T23:12:15.927+0200: 1375,463: Total time for which application threads were stopped: 0,0000412 seconds, Stopping threads took: 0,0000114 seconds
2017-04-29T23:12:15.927+0200: 1375,463: Total time for which application threads were stopped: 0,0000468 seconds, Stopping threads took: 0,0000134 seconds
2017-04-29T23:12:15.928+0200: 1375,463: Total time for which application threads were stopped: 0,0000407 seconds, Stopping threads took: 0,0000114 seconds
2017-04-29T23:12:15.928+0200: 1375,463: Total time for which application threads were stopped: 0,0000397 seconds, Stopping threads took: 0,0000107 seconds
2017-04-29T23:12:15.928+0200: 1375,464: Total time for which application threads were stopped: 0,0000475 seconds, Stopping threads took: 0,0000135 seconds
2017-04-29T23:12:15.928+0200: 1375,464: Total time for which application threads were stopped: 0,0000404 seconds, Stopping threads took: 0,0000116 seconds
2017-04-29T23:12:15.928+0200: 1375,464: Total time for which application threads were stopped: 0,0000417 seconds, Stopping threads took: 0,0000116 seconds
2017-04-29T23:12:15.928+0200: 1375,464: Total time for which application threads were stopped: 0,0000462 seconds, Stopping threads took: 0,0000127 seconds
2017-04-29T23:12:15.928+0200: 1375,464: Total time for which application threads were stopped: 0,0000409 seconds, Stopping threads took: 0,0000115 seconds
2017-04-29T23:12:15.928+0200: 1375,464: Total time for which application threads were stopped: 0,0000402 seconds, Stopping threads took: 0,0000109 seconds
2017-04-29T23:12:15.929+0200: 1375,464: Total time for which application threads were stopped: 0,0001705 seconds, Stopping threads took: 0,0000125 seconds
2017-04-29T23:12:15.930+0200: 1375,466: Total time for which application threads were stopped: 0,0001184 seconds, Stopping threads took: 0,0000274 seconds
2017-04-29T23:12:15.932+0200: 1375,468: Total time for which application threads were stopped: 0,0000994 seconds, Stopping threads took: 0,0000305 seconds
2017-04-29T23:12:15.932+0200: 1375,468: Total time for which application threads were stopped: 0,0000792 seconds, Stopping threads took: 0,0000138 seconds
Heap
 par new generation   total 109248K, used 74136K [0x00000000e0000000, 0x00000000e8000000, 0x00000000e8000000)
  eden space 87424K,  75% used [0x00000000e0000000, 0x00000000e4047608, 0x00000000e5560000)
  from space 21824K,  38% used [0x00000000e6ab0000, 0x00000000e72cede0, 0x00000000e8000000)
  to   space 21824K,   0% used [0x00000000e5560000, 0x00000000e5560000, 0x00000000e6ab0000)
 concurrent mark-sweep generation total 393216K, used 6279K [0x00000000e8000000, 0x0000000100000000, 0x0000000100000000)
 Metaspace       used 28138K, capacity 28661K, committed 28868K, reserved 1075200K
  class space    used 3226K, capacity 3423K, committed 3528K, reserved 1048576K
