OpenJDK 64-Bit Server VM (25.111-b14) for linux-amd64 JRE (1.8.0_111-8u111-b14-2ubuntu0.16.04.2-b14), built on Oct 27 2016 18:10:19 by "buildd" with gcc 5.4.0 20160609
Memory: 4k page, physical 7867876k(7456148k free), swap 8076284k(8076284k free)
CommandLine flags: -XX:CMSInitiatingOccupancyFraction=50 -XX:CMSMaxAbortablePrecleanTime=6000 -XX:+CMSParallelRemarkEnabled -XX:+CMSScavengeBeforeRemark -XX:ConcGCThreads=4 -XX:InitialHeapSize=536870912 -XX:MaxHeapSize=536870912 -XX:MaxTenuringThreshold=8 -XX:NewRatio=3 -XX:OldPLABSize=16 -XX:OnOutOfMemoryError=/opt/solr/bin/oom_solr.sh 8983 /var/solr/logs -XX:ParallelGCThreads=4 -XX:+ParallelRefProcEnabled -XX:PretenureSizeThreshold=67108864 -XX:+PrintGC -XX:+PrintGCApplicationStoppedTime -XX:+PrintGCDateStamps -XX:+PrintGCDetails -XX:+PrintGCTimeStamps -XX:+PrintHeapAtGC -XX:+PrintTenuringDistribution -XX:SurvivorRatio=4 -XX:TargetSurvivorRatio=90 -XX:ThreadStackSize=256 -XX:+UseCMSInitiatingOccupancyOnly -XX:+UseCompressedClassPointers -XX:+UseCompressedOops -XX:+UseConcMarkSweepGC -XX:+UseParNewGC 
2016-11-06T10:39:04.840+0100: 0,112: Total time for which application threads were stopped: 0,0000677 seconds, Stopping threads took: 0,0000130 seconds
2016-11-06T10:39:04.904+0100: 0,176: Total time for which application threads were stopped: 0,0001000 seconds, Stopping threads took: 0,0000231 seconds
2016-11-06T10:39:04.913+0100: 0,185: Total time for which application threads were stopped: 0,0000721 seconds, Stopping threads took: 0,0000144 seconds
2016-11-06T10:39:05.039+0100: 0,310: Total time for which application threads were stopped: 0,0001355 seconds, Stopping threads took: 0,0000224 seconds
2016-11-06T10:39:05.195+0100: 0,467: Total time for which application threads were stopped: 0,0001130 seconds, Stopping threads took: 0,0000182 seconds
2016-11-06T10:39:05.242+0100: 0,514: Total time for which application threads were stopped: 0,0001685 seconds, Stopping threads took: 0,0000175 seconds
2016-11-06T10:39:05.259+0100: 0,531: Total time for which application threads were stopped: 0,0001695 seconds, Stopping threads took: 0,0000195 seconds
2016-11-06T10:39:05.419+0100: 0,691: Total time for which application threads were stopped: 0,0001965 seconds, Stopping threads took: 0,0000217 seconds
2016-11-06T10:39:05.595+0100: 0,866: Total time for which application threads were stopped: 0,0002009 seconds, Stopping threads took: 0,0000237 seconds
2016-11-06T10:39:05.613+0100: 0,885: Total time for which application threads were stopped: 0,0002060 seconds, Stopping threads took: 0,0000216 seconds
2016-11-06T10:39:05.614+0100: 0,886: Total time for which application threads were stopped: 0,0001695 seconds, Stopping threads took: 0,0000209 seconds
2016-11-06T10:39:05.626+0100: 0,898: Total time for which application threads were stopped: 0,0001996 seconds, Stopping threads took: 0,0000232 seconds
2016-11-06T10:39:05.709+0100: 0,981: Total time for which application threads were stopped: 0,0002218 seconds, Stopping threads took: 0,0000198 seconds
2016-11-06T10:39:05.862+0100: 1,133: Total time for which application threads were stopped: 0,0005126 seconds, Stopping threads took: 0,0003142 seconds
{Heap before GC invocations=0 (full 0):
 par new generation   total 109248K, used 87424K [0x00000000e0000000, 0x00000000e8000000, 0x00000000e8000000)
  eden space 87424K, 100% used [0x00000000e0000000, 0x00000000e5560000, 0x00000000e5560000)
  from space 21824K,   0% used [0x00000000e5560000, 0x00000000e5560000, 0x00000000e6ab0000)
  to   space 21824K,   0% used [0x00000000e6ab0000, 0x00000000e6ab0000, 0x00000000e8000000)
 concurrent mark-sweep generation total 393216K, used 0K [0x00000000e8000000, 0x0000000100000000, 0x0000000100000000)
 Metaspace       used 18010K, capacity 18302K, committed 18560K, reserved 1064960K
  class space    used 2044K, capacity 2162K, committed 2176K, reserved 1048576K
2016-11-06T10:39:05.956+0100: 1,228: [GC (Allocation Failure) 2016-11-06T10:39:05.956+0100: 1,228: [ParNew
Desired survivor size 20112992 bytes, new threshold 8 (max 8)
- age   1:   12374424 bytes,   12374424 total
: 87424K->12196K(109248K), 0,0154928 secs] 87424K->12196K(502464K), 0,0155799 secs] [Times: user=0,03 sys=0,02, real=0,02 secs] 
Heap after GC invocations=1 (full 0):
 par new generation   total 109248K, used 12196K [0x00000000e0000000, 0x00000000e8000000, 0x00000000e8000000)
  eden space 87424K,   0% used [0x00000000e0000000, 0x00000000e0000000, 0x00000000e5560000)
  from space 21824K,  55% used [0x00000000e6ab0000, 0x00000000e76990d0, 0x00000000e8000000)
  to   space 21824K,   0% used [0x00000000e5560000, 0x00000000e5560000, 0x00000000e6ab0000)
 concurrent mark-sweep generation total 393216K, used 0K [0x00000000e8000000, 0x0000000100000000, 0x0000000100000000)
 Metaspace       used 18010K, capacity 18302K, committed 18560K, reserved 1064960K
  class space    used 2044K, capacity 2162K, committed 2176K, reserved 1048576K
}
2016-11-06T10:39:05.972+0100: 1,243: Total time for which application threads were stopped: 0,0177527 seconds, Stopping threads took: 0,0020291 seconds
2016-11-06T10:39:06.239+0100: 1,511: Total time for which application threads were stopped: 0,0003443 seconds, Stopping threads took: 0,0000257 seconds
2016-11-06T10:39:06.271+0100: 1,543: Total time for which application threads were stopped: 0,0003862 seconds, Stopping threads took: 0,0000773 seconds
2016-11-06T10:39:06.303+0100: 1,575: Total time for which application threads were stopped: 0,0038385 seconds, Stopping threads took: 0,0035750 seconds
{Heap before GC invocations=1 (full 0):
 par new generation   total 109248K, used 99620K [0x00000000e0000000, 0x00000000e8000000, 0x00000000e8000000)
  eden space 87424K, 100% used [0x00000000e0000000, 0x00000000e5560000, 0x00000000e5560000)
  from space 21824K,  55% used [0x00000000e6ab0000, 0x00000000e76990d0, 0x00000000e8000000)
  to   space 21824K,   0% used [0x00000000e5560000, 0x00000000e5560000, 0x00000000e6ab0000)
 concurrent mark-sweep generation total 393216K, used 0K [0x00000000e8000000, 0x0000000100000000, 0x0000000100000000)
 Metaspace       used 20408K, capacity 20734K, committed 20992K, reserved 1067008K
  class space    used 2360K, capacity 2490K, committed 2560K, reserved 1048576K
2016-11-06T10:39:06.391+0100: 1,663: [GC (Allocation Failure) 2016-11-06T10:39:06.391+0100: 1,663: [ParNew
Desired survivor size 20112992 bytes, new threshold 8 (max 8)
- age   1:    4079152 bytes,    4079152 total
- age   2:    6289584 bytes,   10368736 total
: 99620K->13384K(109248K), 0,0178585 secs] 99620K->13384K(502464K), 0,0179172 secs] [Times: user=0,05 sys=0,00, real=0,01 secs] 
Heap after GC invocations=2 (full 0):
 par new generation   total 109248K, used 13384K [0x00000000e0000000, 0x00000000e8000000, 0x00000000e8000000)
  eden space 87424K,   0% used [0x00000000e0000000, 0x00000000e0000000, 0x00000000e5560000)
  from space 21824K,  61% used [0x00000000e5560000, 0x00000000e62720a8, 0x00000000e6ab0000)
  to   space 21824K,   0% used [0x00000000e6ab0000, 0x00000000e6ab0000, 0x00000000e8000000)
 concurrent mark-sweep generation total 393216K, used 0K [0x00000000e8000000, 0x0000000100000000, 0x0000000100000000)
 Metaspace       used 20408K, capacity 20734K, committed 20992K, reserved 1067008K
  class space    used 2360K, capacity 2490K, committed 2560K, reserved 1048576K
}
2016-11-06T10:39:06.409+0100: 1,681: Total time for which application threads were stopped: 0,0181328 seconds, Stopping threads took: 0,0000537 seconds
{Heap before GC invocations=2 (full 0):
 par new generation   total 109248K, used 100808K [0x00000000e0000000, 0x00000000e8000000, 0x00000000e8000000)
  eden space 87424K, 100% used [0x00000000e0000000, 0x00000000e5560000, 0x00000000e5560000)
  from space 21824K,  61% used [0x00000000e5560000, 0x00000000e62720a8, 0x00000000e6ab0000)
  to   space 21824K,   0% used [0x00000000e6ab0000, 0x00000000e6ab0000, 0x00000000e8000000)
 concurrent mark-sweep generation total 393216K, used 0K [0x00000000e8000000, 0x0000000100000000, 0x0000000100000000)
 Metaspace       used 20863K, capacity 21218K, committed 21296K, reserved 1069056K
  class space    used 2414K, capacity 2534K, committed 2560K, reserved 1048576K
2016-11-06T10:39:06.571+0100: 1,843: [GC (Allocation Failure) 2016-11-06T10:39:06.571+0100: 1,843: [ParNew
Desired survivor size 20112992 bytes, new threshold 8 (max 8)
- age   1:    1431672 bytes,    1431672 total
- age   2:    1592728 bytes,    3024400 total
- age   3:    6283208 bytes,    9307608 total
: 100808K->11418K(109248K), 0,0357202 secs] 100808K->11418K(502464K), 0,0358042 secs] [Times: user=0,05 sys=0,00, real=0,04 secs] 
Heap after GC invocations=3 (full 0):
 par new generation   total 109248K, used 11418K [0x00000000e0000000, 0x00000000e8000000, 0x00000000e8000000)
  eden space 87424K,   0% used [0x00000000e0000000, 0x00000000e0000000, 0x00000000e5560000)
  from space 21824K,  52% used [0x00000000e6ab0000, 0x00000000e75d6940, 0x00000000e8000000)
  to   space 21824K,   0% used [0x00000000e5560000, 0x00000000e5560000, 0x00000000e6ab0000)
 concurrent mark-sweep generation total 393216K, used 0K [0x00000000e8000000, 0x0000000100000000, 0x0000000100000000)
 Metaspace       used 20863K, capacity 21218K, committed 21296K, reserved 1069056K
  class space    used 2414K, capacity 2534K, committed 2560K, reserved 1048576K
}
2016-11-06T10:39:06.607+0100: 1,879: Total time for which application threads were stopped: 0,0363476 seconds, Stopping threads took: 0,0003709 seconds
2016-11-06T10:39:06.647+0100: 1,919: Total time for which application threads were stopped: 0,0001608 seconds, Stopping threads took: 0,0000607 seconds
2016-11-06T10:39:06.729+0100: 2,000: Total time for which application threads were stopped: 0,0000882 seconds, Stopping threads took: 0,0000181 seconds
2016-11-06T10:39:06.736+0100: 2,008: Total time for which application threads were stopped: 0,0003450 seconds, Stopping threads took: 0,0000226 seconds
2016-11-06T10:39:06.762+0100: 2,033: Total time for which application threads were stopped: 0,0000887 seconds, Stopping threads took: 0,0000182 seconds
2016-11-06T10:39:06.795+0100: 2,066: Total time for which application threads were stopped: 0,0018737 seconds, Stopping threads took: 0,0017704 seconds
2016-11-06T10:39:06.983+0100: 2,254: Total time for which application threads were stopped: 0,0001430 seconds, Stopping threads took: 0,0000288 seconds
2016-11-06T10:39:07.022+0100: 2,294: Total time for which application threads were stopped: 0,0116837 seconds, Stopping threads took: 0,0000504 seconds
2016-11-06T10:39:07.066+0100: 2,338: Total time for which application threads were stopped: 0,0146963 seconds, Stopping threads took: 0,0145917 seconds
{Heap before GC invocations=3 (full 0):
 par new generation   total 109248K, used 98842K [0x00000000e0000000, 0x00000000e8000000, 0x00000000e8000000)
  eden space 87424K, 100% used [0x00000000e0000000, 0x00000000e5560000, 0x00000000e5560000)
  from space 21824K,  52% used [0x00000000e6ab0000, 0x00000000e75d6940, 0x00000000e8000000)
  to   space 21824K,   0% used [0x00000000e5560000, 0x00000000e5560000, 0x00000000e6ab0000)
 concurrent mark-sweep generation total 393216K, used 0K [0x00000000e8000000, 0x0000000100000000, 0x0000000100000000)
 Metaspace       used 22873K, capacity 23258K, committed 23288K, reserved 1069056K
  class space    used 2656K, capacity 2810K, committed 2840K, reserved 1048576K
2016-11-06T10:39:07.192+0100: 2,463: [GC (Allocation Failure) 2016-11-06T10:39:07.192+0100: 2,463: [ParNew
Desired survivor size 20112992 bytes, new threshold 8 (max 8)
- age   1:    2571408 bytes,    2571408 total
- age   2:     180056 bytes,    2751464 total
- age   3:     783632 bytes,    3535096 total
- age   4:    6279056 bytes,    9814152 total
: 98842K->12366K(109248K), 0,0607419 secs] 98842K->12366K(502464K), 0,0608154 secs] [Times: user=0,07 sys=0,00, real=0,06 secs] 
Heap after GC invocations=4 (full 0):
 par new generation   total 109248K, used 12366K [0x00000000e0000000, 0x00000000e8000000, 0x00000000e8000000)
  eden space 87424K,   0% used [0x00000000e0000000, 0x00000000e0000000, 0x00000000e5560000)
  from space 21824K,  56% used [0x00000000e5560000, 0x00000000e6173a70, 0x00000000e6ab0000)
  to   space 21824K,   0% used [0x00000000e6ab0000, 0x00000000e6ab0000, 0x00000000e8000000)
 concurrent mark-sweep generation total 393216K, used 0K [0x00000000e8000000, 0x0000000100000000, 0x0000000100000000)
 Metaspace       used 22873K, capacity 23258K, committed 23288K, reserved 1069056K
  class space    used 2656K, capacity 2810K, committed 2840K, reserved 1048576K
}
2016-11-06T10:39:07.253+0100: 2,524: Total time for which application threads were stopped: 0,0642745 seconds, Stopping threads took: 0,0032697 seconds
2016-11-06T10:39:07.265+0100: 2,537: [GC (CMS Initial Mark) [1 CMS-initial-mark: 0K(393216K)] 13229K(502464K), 0,0137345 secs] [Times: user=0,01 sys=0,00, real=0,01 secs] 
2016-11-06T10:39:07.279+0100: 2,551: Total time for which application threads were stopped: 0,0160568 seconds, Stopping threads took: 0,0022213 seconds
2016-11-06T10:39:07.279+0100: 2,551: [CMS-concurrent-mark-start]
2016-11-06T10:39:07.280+0100: 2,551: [CMS-concurrent-mark: 0,001/0,001 secs] [Times: user=0,00 sys=0,00, real=0,00 secs] 
2016-11-06T10:39:07.280+0100: 2,551: [CMS-concurrent-preclean-start]
2016-11-06T10:39:07.281+0100: 2,553: [CMS-concurrent-preclean: 0,001/0,001 secs] [Times: user=0,01 sys=0,00, real=0,00 secs] 
2016-11-06T10:39:07.281+0100: 2,553: [GC (CMS Final Remark) [YG occupancy: 13229 K (109248 K)]{Heap before GC invocations=4 (full 1):
 par new generation   total 109248K, used 13229K [0x00000000e0000000, 0x00000000e8000000, 0x00000000e8000000)
  eden space 87424K,   0% used [0x00000000e0000000, 0x00000000e00d7a90, 0x00000000e5560000)
  from space 21824K,  56% used [0x00000000e5560000, 0x00000000e6173a70, 0x00000000e6ab0000)
  to   space 21824K,   0% used [0x00000000e6ab0000, 0x00000000e6ab0000, 0x00000000e8000000)
 concurrent mark-sweep generation total 393216K, used 0K [0x00000000e8000000, 0x0000000100000000, 0x0000000100000000)
 Metaspace       used 22880K, capacity 23258K, committed 23288K, reserved 1069056K
  class space    used 2659K, capacity 2810K, committed 2840K, reserved 1048576K
2016-11-06T10:39:07.281+0100: 2,553: [GC (CMS Final Remark) 2016-11-06T10:39:07.281+0100: 2,553: [ParNew
Desired survivor size 20112992 bytes, new threshold 8 (max 8)
- age   1:      15608 bytes,      15608 total
- age   2:    1169888 bytes,    1185496 total
- age   3:     180056 bytes,    1365552 total
- age   4:     783632 bytes,    2149184 total
- age   5:    6277576 bytes,    8426760 total
: 13229K->11310K(109248K), 0,0282677 secs] 13229K->11310K(502464K), 0,0283144 secs] [Times: user=0,03 sys=0,00, real=0,03 secs] 
Heap after GC invocations=5 (full 1):
 par new generation   total 109248K, used 11310K [0x00000000e0000000, 0x00000000e8000000, 0x00000000e8000000)
  eden space 87424K,   0% used [0x00000000e0000000, 0x00000000e0000000, 0x00000000e5560000)
  from space 21824K,  51% used [0x00000000e6ab0000, 0x00000000e75bb940, 0x00000000e8000000)
  to   space 21824K,   0% used [0x00000000e5560000, 0x00000000e5560000, 0x00000000e6ab0000)
 concurrent mark-sweep generation total 393216K, used 0K [0x00000000e8000000, 0x0000000100000000, 0x0000000100000000)
 Metaspace       used 22880K, capacity 23258K, committed 23288K, reserved 1069056K
  class space    used 2659K, capacity 2810K, committed 2840K, reserved 1048576K
}
2016-11-06T10:39:07.309+0100: 2,581: [Rescan (parallel) , 0,0089721 secs]2016-11-06T10:39:07.318+0100: 2,590: [weak refs processing, 0,0070279 secs]2016-11-06T10:39:07.326+0100: 2,597: [class unloading, 0,0044181 secs]2016-11-06T10:39:07.330+0100: 2,602: [scrub symbol table, 0,0055046 secs]2016-11-06T10:39:07.335+0100: 2,607: [scrub string table, 0,0004902 secs][1 CMS-remark: 0K(393216K)] 11310K(502464K), 0,0565632 secs] [Times: user=0,06 sys=0,00, real=0,06 secs] 
2016-11-06T10:39:07.338+0100: 2,609: Total time for which application threads were stopped: 0,0566670 seconds, Stopping threads took: 0,0000145 seconds
2016-11-06T10:39:07.348+0100: 2,619: [CMS-concurrent-sweep-start]
2016-11-06T10:39:07.348+0100: 2,619: [CMS-concurrent-sweep: 0,000/0,000 secs] [Times: user=0,00 sys=0,00, real=0,00 secs] 
2016-11-06T10:39:07.348+0100: 2,619: [CMS-concurrent-reset-start]
2016-11-06T10:39:07.349+0100: 2,621: [CMS-concurrent-reset: 0,001/0,001 secs] [Times: user=0,00 sys=0,00, real=0,00 secs] 
2016-11-06T10:39:07.696+0100: 2,968: Total time for which application threads were stopped: 0,0003235 seconds, Stopping threads took: 0,0000142 seconds
2016-11-06T10:39:08.696+0100: 3,968: Total time for which application threads were stopped: 0,0000830 seconds, Stopping threads took: 0,0000160 seconds
2016-11-06T10:39:08.778+0100: 4,049: Total time for which application threads were stopped: 0,0002772 seconds, Stopping threads took: 0,0000147 seconds
2016-11-06T10:39:36.222+0100: 31,052: Total time for which application threads were stopped: 0,0000763 seconds, Stopping threads took: 0,0000321 seconds
2016-11-06T10:41:41.236+0100: 156,067: Total time for which application threads were stopped: 0,0000803 seconds, Stopping threads took: 0,0000324 seconds
2016-11-06T10:42:11.240+0100: 186,070: Total time for which application threads were stopped: 0,0000966 seconds, Stopping threads took: 0,0000340 seconds
2016-11-06T10:42:46.243+0100: 221,074: Total time for which application threads were stopped: 0,0003409 seconds, Stopping threads took: 0,0001361 seconds
2016-11-06T10:43:41.249+0100: 276,080: Total time for which application threads were stopped: 0,0000936 seconds, Stopping threads took: 0,0000273 seconds
2016-11-06T10:43:51.250+0100: 286,081: Total time for which application threads were stopped: 0,0000762 seconds, Stopping threads took: 0,0000311 seconds
2016-11-06T11:02:46.372+0100: 1421,203: Total time for which application threads were stopped: 0,0001577 seconds, Stopping threads took: 0,0000514 seconds
2016-11-06T11:07:21.400+0100: 1696,231: Total time for which application threads were stopped: 0,0000776 seconds, Stopping threads took: 0,0000307 seconds
2016-11-06T11:17:41.464+0100: 2316,295: Total time for which application threads were stopped: 0,0001034 seconds, Stopping threads took: 0,0000390 seconds
2016-11-06T11:17:46.465+0100: 2321,296: Total time for which application threads were stopped: 0,0000822 seconds, Stopping threads took: 0,0000313 seconds
2016-11-06T11:32:21.578+0100: 3196,408: Total time for which application threads were stopped: 0,0001025 seconds, Stopping threads took: 0,0000424 seconds
2016-11-06T11:36:36.606+0100: 3451,437: Total time for which application threads were stopped: 0,0000780 seconds, Stopping threads took: 0,0000280 seconds
2016-11-06T11:40:06.630+0100: 3661,461: Total time for which application threads were stopped: 0,0000859 seconds, Stopping threads took: 0,0000307 seconds
2016-11-06T11:41:36.640+0100: 3751,471: Total time for which application threads were stopped: 0,0000887 seconds, Stopping threads took: 0,0000367 seconds
2016-11-06T11:42:06.643+0100: 3781,474: Total time for which application threads were stopped: 0,0001036 seconds, Stopping threads took: 0,0000322 seconds
2016-11-06T11:43:06.650+0100: 3841,481: Total time for which application threads were stopped: 0,0000784 seconds, Stopping threads took: 0,0000279 seconds
2016-11-06T11:43:21.652+0100: 3856,482: Total time for which application threads were stopped: 0,0000834 seconds, Stopping threads took: 0,0000317 seconds
2016-11-06T11:43:26.652+0100: 3861,483: Total time for which application threads were stopped: 0,0000738 seconds, Stopping threads took: 0,0000140 seconds
2016-11-06T11:46:06.672+0100: 4021,503: Total time for which application threads were stopped: 0,0000757 seconds, Stopping threads took: 0,0000306 seconds
2016-11-06T12:17:23.295+0100: 5898,125: Total time for which application threads were stopped: 0,0001818 seconds, Stopping threads took: 0,0000764 seconds
Heap
 par new generation   total 109248K, used 87161K [0x00000000e0000000, 0x00000000e8000000, 0x00000000e8000000)
  eden space 87424K,  86% used [0x00000000e0000000, 0x00000000e4a12ba8, 0x00000000e5560000)
  from space 21824K,  51% used [0x00000000e6ab0000, 0x00000000e75bb940, 0x00000000e8000000)
  to   space 21824K,   0% used [0x00000000e5560000, 0x00000000e5560000, 0x00000000e6ab0000)
 concurrent mark-sweep generation total 393216K, used 0K [0x00000000e8000000, 0x0000000100000000, 0x0000000100000000)
 Metaspace       used 27260K, capacity 27728K, committed 27896K, reserved 1073152K
  class space    used 3168K, capacity 3335K, committed 3352K, reserved 1048576K
