OpenJDK 64-Bit Server VM (25.121-b13) for linux-amd64 JRE (1.8.0_121-8u121-b13-0ubuntu1.16.04.2-b13), built on Jan 23 2017 15:51:29 by "buildd" with gcc 5.4.0 20160609
Memory: 4k page, physical 7867764k(7413180k free), swap 8076284k(8076284k free)
CommandLine flags: -XX:CMSInitiatingOccupancyFraction=50 -XX:CMSMaxAbortablePrecleanTime=6000 -XX:+CMSParallelRemarkEnabled -XX:+CMSScavengeBeforeRemark -XX:ConcGCThreads=4 -XX:InitialHeapSize=536870912 -XX:MaxHeapSize=536870912 -XX:MaxTenuringThreshold=8 -XX:NewRatio=3 -XX:OldPLABSize=16 -XX:OnOutOfMemoryError=/opt/solr/bin/oom_solr.sh 8983 /var/solr/logs -XX:ParallelGCThreads=4 -XX:+ParallelRefProcEnabled -XX:PretenureSizeThreshold=67108864 -XX:+PrintGC -XX:+PrintGCApplicationStoppedTime -XX:+PrintGCDateStamps -XX:+PrintGCDetails -XX:+PrintGCTimeStamps -XX:+PrintHeapAtGC -XX:+PrintTenuringDistribution -XX:SurvivorRatio=4 -XX:TargetSurvivorRatio=90 -XX:ThreadStackSize=256 -XX:+UseCMSInitiatingOccupancyOnly -XX:+UseCompressedClassPointers -XX:+UseCompressedOops -XX:+UseConcMarkSweepGC -XX:+UseParNewGC 
2017-04-10T22:19:32.880+0200: 0,158: Total time for which application threads were stopped: 0,0000763 seconds, Stopping threads took: 0,0000130 seconds
2017-04-10T22:19:32.978+0200: 0,256: Total time for which application threads were stopped: 0,0001456 seconds, Stopping threads took: 0,0000264 seconds
2017-04-10T22:19:33.008+0200: 0,287: Total time for which application threads were stopped: 0,0001298 seconds, Stopping threads took: 0,0000306 seconds
2017-04-10T22:19:33.330+0200: 0,609: Total time for which application threads were stopped: 0,0001556 seconds, Stopping threads took: 0,0000109 seconds
2017-04-10T22:19:33.844+0200: 1,123: Total time for which application threads were stopped: 0,0001765 seconds, Stopping threads took: 0,0000136 seconds
2017-04-10T22:19:33.919+0200: 1,198: Total time for which application threads were stopped: 0,0002607 seconds, Stopping threads took: 0,0000418 seconds
2017-04-10T22:19:33.941+0200: 1,220: Total time for which application threads were stopped: 0,0003858 seconds, Stopping threads took: 0,0000223 seconds
2017-04-10T22:19:34.214+0200: 1,493: Total time for which application threads were stopped: 0,0002036 seconds, Stopping threads took: 0,0000286 seconds
2017-04-10T22:19:34.474+0200: 1,752: Total time for which application threads were stopped: 0,0002633 seconds, Stopping threads took: 0,0000381 seconds
2017-04-10T22:19:34.500+0200: 1,778: Total time for which application threads were stopped: 0,0001748 seconds, Stopping threads took: 0,0000327 seconds
2017-04-10T22:19:34.540+0200: 1,819: Total time for which application threads were stopped: 0,0005912 seconds, Stopping threads took: 0,0004077 seconds
2017-04-10T22:19:34.542+0200: 1,820: Total time for which application threads were stopped: 0,0003685 seconds, Stopping threads took: 0,0000482 seconds
2017-04-10T22:19:34.562+0200: 1,840: Total time for which application threads were stopped: 0,0001748 seconds, Stopping threads took: 0,0000230 seconds
2017-04-10T22:19:34.642+0200: 1,921: Total time for which application threads were stopped: 0,0002411 seconds, Stopping threads took: 0,0000303 seconds
2017-04-10T22:19:34.800+0200: 2,079: Total time for which application threads were stopped: 0,0003602 seconds, Stopping threads took: 0,0001403 seconds
{Heap before GC invocations=0 (full 0):
 par new generation   total 109248K, used 87424K [0x00000000e0000000, 0x00000000e8000000, 0x00000000e8000000)
  eden space 87424K, 100% used [0x00000000e0000000, 0x00000000e5560000, 0x00000000e5560000)
  from space 21824K,   0% used [0x00000000e5560000, 0x00000000e5560000, 0x00000000e6ab0000)
  to   space 21824K,   0% used [0x00000000e6ab0000, 0x00000000e6ab0000, 0x00000000e8000000)
 concurrent mark-sweep generation total 393216K, used 0K [0x00000000e8000000, 0x0000000100000000, 0x0000000100000000)
 Metaspace       used 17805K, capacity 18112K, committed 18304K, reserved 1064960K
  class space    used 2025K, capacity 2164K, committed 2176K, reserved 1048576K
2017-04-10T22:19:34.838+0200: 2,117: [GC (Allocation Failure) 2017-04-10T22:19:34.838+0200: 2,117: [ParNew
Desired survivor size 20112992 bytes, new threshold 8 (max 8)
- age   1:   11620912 bytes,   11620912 total
: 87424K->11448K(109248K), 0,0166501 secs] 87424K->11448K(502464K), 0,0167227 secs] [Times: user=0,03 sys=0,01, real=0,02 secs] 
Heap after GC invocations=1 (full 0):
 par new generation   total 109248K, used 11448K [0x00000000e0000000, 0x00000000e8000000, 0x00000000e8000000)
  eden space 87424K,   0% used [0x00000000e0000000, 0x00000000e0000000, 0x00000000e5560000)
  from space 21824K,  52% used [0x00000000e6ab0000, 0x00000000e75de068, 0x00000000e8000000)
  to   space 21824K,   0% used [0x00000000e5560000, 0x00000000e5560000, 0x00000000e6ab0000)
 concurrent mark-sweep generation total 393216K, used 0K [0x00000000e8000000, 0x0000000100000000, 0x0000000100000000)
 Metaspace       used 17805K, capacity 18112K, committed 18304K, reserved 1064960K
  class space    used 2025K, capacity 2164K, committed 2176K, reserved 1048576K
}
2017-04-10T22:19:34.855+0200: 2,133: Total time for which application threads were stopped: 0,0168948 seconds, Stopping threads took: 0,0000193 seconds
2017-04-10T22:19:35.222+0200: 2,501: Total time for which application threads were stopped: 0,0003345 seconds, Stopping threads took: 0,0000513 seconds
{Heap before GC invocations=1 (full 0):
 par new generation   total 109248K, used 98872K [0x00000000e0000000, 0x00000000e8000000, 0x00000000e8000000)
  eden space 87424K, 100% used [0x00000000e0000000, 0x00000000e5560000, 0x00000000e5560000)
  from space 21824K,  52% used [0x00000000e6ab0000, 0x00000000e75de068, 0x00000000e8000000)
  to   space 21824K,   0% used [0x00000000e5560000, 0x00000000e5560000, 0x00000000e6ab0000)
 concurrent mark-sweep generation total 393216K, used 0K [0x00000000e8000000, 0x0000000100000000, 0x0000000100000000)
 Metaspace       used 20046K, capacity 20366K, committed 20736K, reserved 1067008K
  class space    used 2295K, capacity 2471K, committed 2560K, reserved 1048576K
2017-04-10T22:19:35.261+0200: 2,539: [GC (Allocation Failure) 2017-04-10T22:19:35.261+0200: 2,539: [ParNew
Desired survivor size 20112992 bytes, new threshold 8 (max 8)
- age   1:    4243688 bytes,    4243688 total
- age   2:    6184936 bytes,   10428624 total
: 98872K->12943K(109248K), 0,0096620 secs] 98872K->12943K(502464K), 0,0097378 secs] [Times: user=0,03 sys=0,01, real=0,01 secs] 
Heap after GC invocations=2 (full 0):
 par new generation   total 109248K, used 12943K [0x00000000e0000000, 0x00000000e8000000, 0x00000000e8000000)
  eden space 87424K,   0% used [0x00000000e0000000, 0x00000000e0000000, 0x00000000e5560000)
  from space 21824K,  59% used [0x00000000e5560000, 0x00000000e6203f80, 0x00000000e6ab0000)
  to   space 21824K,   0% used [0x00000000e6ab0000, 0x00000000e6ab0000, 0x00000000e8000000)
 concurrent mark-sweep generation total 393216K, used 0K [0x00000000e8000000, 0x0000000100000000, 0x0000000100000000)
 Metaspace       used 20046K, capacity 20366K, committed 20736K, reserved 1067008K
  class space    used 2295K, capacity 2471K, committed 2560K, reserved 1048576K
}
2017-04-10T22:19:35.270+0200: 2,549: Total time for which application threads were stopped: 0,0099431 seconds, Stopping threads took: 0,0000474 seconds
2017-04-10T22:19:35.283+0200: 2,561: Total time for which application threads were stopped: 0,0003615 seconds, Stopping threads took: 0,0000752 seconds
2017-04-10T22:19:35.325+0200: 2,604: Total time for which application threads were stopped: 0,0003890 seconds, Stopping threads took: 0,0000452 seconds
2017-04-10T22:19:35.441+0200: 2,719: Total time for which application threads were stopped: 0,0001921 seconds, Stopping threads took: 0,0000679 seconds
{Heap before GC invocations=2 (full 0):
 par new generation   total 109248K, used 100367K [0x00000000e0000000, 0x00000000e8000000, 0x00000000e8000000)
  eden space 87424K, 100% used [0x00000000e0000000, 0x00000000e5560000, 0x00000000e5560000)
  from space 21824K,  59% used [0x00000000e5560000, 0x00000000e6203f80, 0x00000000e6ab0000)
  to   space 21824K,   0% used [0x00000000e6ab0000, 0x00000000e6ab0000, 0x00000000e8000000)
 concurrent mark-sweep generation total 393216K, used 0K [0x00000000e8000000, 0x0000000100000000, 0x0000000100000000)
 Metaspace       used 20963K, capacity 21288K, committed 21628K, reserved 1069056K
  class space    used 2419K, capacity 2590K, committed 2684K, reserved 1048576K
2017-04-10T22:19:35.469+0200: 2,747: [GC (Allocation Failure) 2017-04-10T22:19:35.469+0200: 2,747: [ParNew
Desired survivor size 20112992 bytes, new threshold 8 (max 8)
- age   1:    2375832 bytes,    2375832 total
- age   2:    1307640 bytes,    3683472 total
- age   3:    6182992 bytes,    9866464 total
: 100367K->14230K(109248K), 0,0092767 secs] 100367K->14230K(502464K), 0,0093616 secs] [Times: user=0,03 sys=0,00, real=0,01 secs] 
Heap after GC invocations=3 (full 0):
 par new generation   total 109248K, used 14230K [0x00000000e0000000, 0x00000000e8000000, 0x00000000e8000000)
  eden space 87424K,   0% used [0x00000000e0000000, 0x00000000e0000000, 0x00000000e5560000)
  from space 21824K,  65% used [0x00000000e6ab0000, 0x00000000e7895bb0, 0x00000000e8000000)
  to   space 21824K,   0% used [0x00000000e5560000, 0x00000000e5560000, 0x00000000e6ab0000)
 concurrent mark-sweep generation total 393216K, used 0K [0x00000000e8000000, 0x0000000100000000, 0x0000000100000000)
 Metaspace       used 20963K, capacity 21288K, committed 21628K, reserved 1069056K
  class space    used 2419K, capacity 2590K, committed 2684K, reserved 1048576K
}
2017-04-10T22:19:35.478+0200: 2,757: Total time for which application threads were stopped: 0,0095924 seconds, Stopping threads took: 0,0000793 seconds
2017-04-10T22:19:35.496+0200: 2,775: [GC (CMS Initial Mark) [1 CMS-initial-mark: 0K(393216K)] 29947K(502464K), 0,0063060 secs] [Times: user=0,02 sys=0,00, real=0,00 secs] 
2017-04-10T22:19:35.503+0200: 2,781: Total time for which application threads were stopped: 0,0065770 seconds, Stopping threads took: 0,0001516 seconds
2017-04-10T22:19:35.503+0200: 2,781: [CMS-concurrent-mark-start]
2017-04-10T22:19:35.503+0200: 2,782: [CMS-concurrent-mark: 0,000/0,000 secs] [Times: user=0,00 sys=0,00, real=0,00 secs] 
2017-04-10T22:19:35.503+0200: 2,782: [CMS-concurrent-preclean-start]
2017-04-10T22:19:35.504+0200: 2,783: [CMS-concurrent-preclean: 0,001/0,001 secs] [Times: user=0,00 sys=0,00, real=0,00 secs] 
2017-04-10T22:19:35.504+0200: 2,783: [CMS-concurrent-abortable-preclean-start]
2017-04-10T22:19:35.566+0200: 2,844: Total time for which application threads were stopped: 0,0001158 seconds, Stopping threads took: 0,0000319 seconds
{Heap before GC invocations=3 (full 1):
 par new generation   total 109248K, used 101654K [0x00000000e0000000, 0x00000000e8000000, 0x00000000e8000000)
  eden space 87424K, 100% used [0x00000000e0000000, 0x00000000e5560000, 0x00000000e5560000)
  from space 21824K,  65% used [0x00000000e6ab0000, 0x00000000e7895bb0, 0x00000000e8000000)
  to   space 21824K,   0% used [0x00000000e5560000, 0x00000000e5560000, 0x00000000e6ab0000)
 concurrent mark-sweep generation total 393216K, used 0K [0x00000000e8000000, 0x0000000100000000, 0x0000000100000000)
 Metaspace       used 21227K, capacity 21558K, committed 21884K, reserved 1069056K
  class space    used 2446K, capacity 2604K, committed 2684K, reserved 1048576K
2017-04-10T22:19:35.602+0200: 2,881: [GC (Allocation Failure) 2017-04-10T22:19:35.602+0200: 2,881: [ParNew
Desired survivor size 20112992 bytes, new threshold 8 (max 8)
- age   1:    1721096 bytes,    1721096 total
- age   2:    1484824 bytes,    3205920 total
- age   3:    1270880 bytes,    4476800 total
- age   4:    6183104 bytes,   10659904 total
: 101654K->11970K(109248K), 0,0100332 secs] 101654K->11970K(502464K), 0,0101213 secs] [Times: user=0,04 sys=0,00, real=0,01 secs] 
Heap after GC invocations=4 (full 1):
 par new generation   total 109248K, used 11970K [0x00000000e0000000, 0x00000000e8000000, 0x00000000e8000000)
  eden space 87424K,   0% used [0x00000000e0000000, 0x00000000e0000000, 0x00000000e5560000)
  from space 21824K,  54% used [0x00000000e5560000, 0x00000000e6110840, 0x00000000e6ab0000)
  to   space 21824K,   0% used [0x00000000e6ab0000, 0x00000000e6ab0000, 0x00000000e8000000)
 concurrent mark-sweep generation total 393216K, used 0K [0x00000000e8000000, 0x0000000100000000, 0x0000000100000000)
 Metaspace       used 21227K, capacity 21558K, committed 21884K, reserved 1069056K
  class space    used 2446K, capacity 2604K, committed 2684K, reserved 1048576K
}
2017-04-10T22:19:35.612+0200: 2,891: Total time for which application threads were stopped: 0,0104048 seconds, Stopping threads took: 0,0001159 seconds
{Heap before GC invocations=4 (full 1):
 par new generation   total 109248K, used 99394K [0x00000000e0000000, 0x00000000e8000000, 0x00000000e8000000)
  eden space 87424K, 100% used [0x00000000e0000000, 0x00000000e5560000, 0x00000000e5560000)
  from space 21824K,  54% used [0x00000000e5560000, 0x00000000e6110840, 0x00000000e6ab0000)
  to   space 21824K,   0% used [0x00000000e6ab0000, 0x00000000e6ab0000, 0x00000000e8000000)
 concurrent mark-sweep generation total 393216K, used 0K [0x00000000e8000000, 0x0000000100000000, 0x0000000100000000)
 Metaspace       used 21401K, capacity 21788K, committed 21884K, reserved 1069056K
  class space    used 2467K, capacity 2637K, committed 2684K, reserved 1048576K
2017-04-10T22:19:35.719+0200: 2,997: [GC (Allocation Failure) 2017-04-10T22:19:35.719+0200: 2,997: [ParNew
Desired survivor size 20112992 bytes, new threshold 8 (max 8)
- age   1:     586840 bytes,     586840 total
- age   2:     173104 bytes,     759944 total
- age   3:    1484536 bytes,    2244480 total
- age   4:    1270736 bytes,    3515216 total
- age   5:    6183296 bytes,    9698512 total
: 99394K->13955K(109248K), 0,0116664 secs] 99394K->13955K(502464K), 0,0117508 secs] [Times: user=0,03 sys=0,00, real=0,01 secs] 
Heap after GC invocations=5 (full 1):
 par new generation   total 109248K, used 13955K [0x00000000e0000000, 0x00000000e8000000, 0x00000000e8000000)
  eden space 87424K,   0% used [0x00000000e0000000, 0x00000000e0000000, 0x00000000e5560000)
  from space 21824K,  63% used [0x00000000e6ab0000, 0x00000000e7850df0, 0x00000000e8000000)
  to   space 21824K,   0% used [0x00000000e5560000, 0x00000000e5560000, 0x00000000e6ab0000)
 concurrent mark-sweep generation total 393216K, used 0K [0x00000000e8000000, 0x0000000100000000, 0x0000000100000000)
 Metaspace       used 21401K, capacity 21788K, committed 21884K, reserved 1069056K
  class space    used 2467K, capacity 2637K, committed 2684K, reserved 1048576K
}
2017-04-10T22:19:35.731+0200: 3,009: Total time for which application threads were stopped: 0,0119656 seconds, Stopping threads took: 0,0000458 seconds
2017-04-10T22:19:35.731+0200: 3,009: [CMS-concurrent-abortable-preclean: 0,172/0,226 secs] [Times: user=0,85 sys=0,01, real=0,23 secs] 
2017-04-10T22:19:35.735+0200: 3,013: [GC (CMS Final Remark) [YG occupancy: 14626 K (109248 K)]{Heap before GC invocations=5 (full 1):
 par new generation   total 109248K, used 14626K [0x00000000e0000000, 0x00000000e8000000, 0x00000000e8000000)
  eden space 87424K,   0% used [0x00000000e0000000, 0x00000000e00a7dd8, 0x00000000e5560000)
  from space 21824K,  63% used [0x00000000e6ab0000, 0x00000000e7850df0, 0x00000000e8000000)
  to   space 21824K,   0% used [0x00000000e5560000, 0x00000000e5560000, 0x00000000e6ab0000)
 concurrent mark-sweep generation total 393216K, used 0K [0x00000000e8000000, 0x0000000100000000, 0x0000000100000000)
 Metaspace       used 21401K, capacity 21788K, committed 21884K, reserved 1069056K
  class space    used 2467K, capacity 2637K, committed 2684K, reserved 1048576K
2017-04-10T22:19:35.735+0200: 3,013: [GC (CMS Final Remark) 2017-04-10T22:19:35.735+0200: 3,013: [ParNew
Desired survivor size 20112992 bytes, new threshold 8 (max 8)
- age   1:      41040 bytes,      41040 total
- age   2:     581296 bytes,     622336 total
- age   3:     173104 bytes,     795440 total
- age   4:    1484560 bytes,    2280000 total
- age   5:    1270736 bytes,    3550736 total
- age   6:    6183400 bytes,    9734136 total
: 14626K->11755K(109248K), 0,0094486 secs] 14626K->11755K(502464K), 0,0094830 secs] [Times: user=0,03 sys=0,00, real=0,00 secs] 
Heap after GC invocations=6 (full 1):
 par new generation   total 109248K, used 11755K [0x00000000e0000000, 0x00000000e8000000, 0x00000000e8000000)
  eden space 87424K,   0% used [0x00000000e0000000, 0x00000000e0000000, 0x00000000e5560000)
  from space 21824K,  53% used [0x00000000e5560000, 0x00000000e60dac00, 0x00000000e6ab0000)
  to   space 21824K,   0% used [0x00000000e6ab0000, 0x00000000e6ab0000, 0x00000000e8000000)
 concurrent mark-sweep generation total 393216K, used 0K [0x00000000e8000000, 0x0000000100000000, 0x0000000100000000)
 Metaspace       used 21401K, capacity 21788K, committed 21884K, reserved 1069056K
  class space    used 2467K, capacity 2637K, committed 2684K, reserved 1048576K
}
2017-04-10T22:19:35.744+0200: 3,023: [Rescan (parallel) , 0,0033236 secs]2017-04-10T22:19:35.748+0200: 3,026: [weak refs processing, 0,0008465 secs]2017-04-10T22:19:35.748+0200: 3,027: [class unloading, 0,0028410 secs]2017-04-10T22:19:35.751+0200: 3,030: [scrub symbol table, 0,0034385 secs]2017-04-10T22:19:35.755+0200: 3,033: [scrub string table, 0,0004016 secs][1 CMS-remark: 0K(393216K)] 11755K(502464K), 0,0210336 secs] [Times: user=0,06 sys=0,00, real=0,02 secs] 
2017-04-10T22:19:35.756+0200: 3,034: Total time for which application threads were stopped: 0,0250314 seconds, Stopping threads took: 0,0039215 seconds
2017-04-10T22:19:35.756+0200: 3,034: [CMS-concurrent-sweep-start]
2017-04-10T22:19:35.756+0200: 3,034: [CMS-concurrent-sweep: 0,000/0,000 secs] [Times: user=0,00 sys=0,00, real=0,00 secs] 
2017-04-10T22:19:35.756+0200: 3,034: [CMS-concurrent-reset-start]
2017-04-10T22:19:35.758+0200: 3,037: [CMS-concurrent-reset: 0,002/0,002 secs] [Times: user=0,00 sys=0,00, real=0,00 secs] 
2017-04-10T22:19:35.800+0200: 3,079: Total time for which application threads were stopped: 0,0003082 seconds, Stopping threads took: 0,0000218 seconds
2017-04-10T22:19:36.017+0200: 3,296: Total time for which application threads were stopped: 0,0005028 seconds, Stopping threads took: 0,0000269 seconds
2017-04-10T22:19:36.031+0200: 3,310: Total time for which application threads were stopped: 0,0004682 seconds, Stopping threads took: 0,0000386 seconds
{Heap before GC invocations=6 (full 1):
 par new generation   total 109248K, used 99179K [0x00000000e0000000, 0x00000000e8000000, 0x00000000e8000000)
  eden space 87424K, 100% used [0x00000000e0000000, 0x00000000e5560000, 0x00000000e5560000)
  from space 21824K,  53% used [0x00000000e5560000, 0x00000000e60dac00, 0x00000000e6ab0000)
  to   space 21824K,   0% used [0x00000000e6ab0000, 0x00000000e6ab0000, 0x00000000e8000000)
 concurrent mark-sweep generation total 393216K, used 0K [0x00000000e8000000, 0x0000000100000000, 0x0000000100000000)
 Metaspace       used 24161K, capacity 24618K, committed 24828K, reserved 1071104K
  class space    used 2844K, capacity 3046K, committed 3068K, reserved 1048576K
2017-04-10T22:19:36.192+0200: 3,471: [GC (Allocation Failure) 2017-04-10T22:19:36.192+0200: 3,471: [ParNew
Desired survivor size 20112992 bytes, new threshold 8 (max 8)
- age   1:    5640664 bytes,    5640664 total
- age   3:     118104 bytes,    5758768 total
- age   4:     171624 bytes,    5930392 total
- age   5:     307128 bytes,    6237520 total
- age   6:    1246352 bytes,    7483872 total
- age   7:    6174800 bytes,   13658672 total
: 99179K->17197K(109248K), 0,0125136 secs] 99179K->17197K(502464K), 0,0125802 secs] [Times: user=0,04 sys=0,01, real=0,01 secs] 
Heap after GC invocations=7 (full 1):
 par new generation   total 109248K, used 17197K [0x00000000e0000000, 0x00000000e8000000, 0x00000000e8000000)
  eden space 87424K,   0% used [0x00000000e0000000, 0x00000000e0000000, 0x00000000e5560000)
  from space 21824K,  78% used [0x00000000e6ab0000, 0x00000000e7b7b4c0, 0x00000000e8000000)
  to   space 21824K,   0% used [0x00000000e5560000, 0x00000000e5560000, 0x00000000e6ab0000)
 concurrent mark-sweep generation total 393216K, used 0K [0x00000000e8000000, 0x0000000100000000, 0x0000000100000000)
 Metaspace       used 24161K, capacity 24618K, committed 24828K, reserved 1071104K
  class space    used 2844K, capacity 3046K, committed 3068K, reserved 1048576K
}
2017-04-10T22:19:36.205+0200: 3,483: Total time for which application threads were stopped: 0,0128125 seconds, Stopping threads took: 0,0000463 seconds
{Heap before GC invocations=7 (full 1):
 par new generation   total 109248K, used 104621K [0x00000000e0000000, 0x00000000e8000000, 0x00000000e8000000)
  eden space 87424K, 100% used [0x00000000e0000000, 0x00000000e5560000, 0x00000000e5560000)
  from space 21824K,  78% used [0x00000000e6ab0000, 0x00000000e7b7b4c0, 0x00000000e8000000)
  to   space 21824K,   0% used [0x00000000e5560000, 0x00000000e5560000, 0x00000000e6ab0000)
 concurrent mark-sweep generation total 393216K, used 0K [0x00000000e8000000, 0x0000000100000000, 0x0000000100000000)
 Metaspace       used 24577K, capacity 25040K, committed 25212K, reserved 1071104K
  class space    used 2876K, capacity 3079K, committed 3196K, reserved 1048576K
2017-04-10T22:19:36.336+0200: 3,614: [GC (Allocation Failure) 2017-04-10T22:19:36.336+0200: 3,614: [ParNew
Desired survivor size 20112992 bytes, new threshold 8 (max 8)
- age   1:    1592480 bytes,    1592480 total
- age   2:    1865240 bytes,    3457720 total
- age   4:      60312 bytes,    3518032 total
- age   5:      98952 bytes,    3616984 total
- age   6:     195648 bytes,    3812632 total
- age   7:     967264 bytes,    4779896 total
- age   8:    5890728 bytes,   10670624 total
: 104621K->14303K(109248K), 0,0345147 secs] 104621K->14303K(502464K), 0,0345910 secs] [Times: user=0,07 sys=0,00, real=0,03 secs] 
Heap after GC invocations=8 (full 1):
 par new generation   total 109248K, used 14303K [0x00000000e0000000, 0x00000000e8000000, 0x00000000e8000000)
  eden space 87424K,   0% used [0x00000000e0000000, 0x00000000e0000000, 0x00000000e5560000)
  from space 21824K,  65% used [0x00000000e5560000, 0x00000000e6357cc0, 0x00000000e6ab0000)
  to   space 21824K,   0% used [0x00000000e6ab0000, 0x00000000e6ab0000, 0x00000000e8000000)
 concurrent mark-sweep generation total 393216K, used 0K [0x00000000e8000000, 0x0000000100000000, 0x0000000100000000)
 Metaspace       used 24577K, capacity 25040K, committed 25212K, reserved 1071104K
  class space    used 2876K, capacity 3079K, committed 3196K, reserved 1048576K
}
2017-04-10T22:19:36.371+0200: 3,649: Total time for which application threads were stopped: 0,0349878 seconds, Stopping threads took: 0,0002053 seconds
{Heap before GC invocations=8 (full 1):
 par new generation   total 109248K, used 101727K [0x00000000e0000000, 0x00000000e8000000, 0x00000000e8000000)
  eden space 87424K, 100% used [0x00000000e0000000, 0x00000000e5560000, 0x00000000e5560000)
  from space 21824K,  65% used [0x00000000e5560000, 0x00000000e6357cc0, 0x00000000e6ab0000)
  to   space 21824K,   0% used [0x00000000e6ab0000, 0x00000000e6ab0000, 0x00000000e8000000)
 concurrent mark-sweep generation total 393216K, used 0K [0x00000000e8000000, 0x0000000100000000, 0x0000000100000000)
 Metaspace       used 24981K, capacity 25386K, committed 25724K, reserved 1071104K
  class space    used 2910K, capacity 3084K, committed 3196K, reserved 1048576K
2017-04-10T22:19:36.482+0200: 3,761: [GC (Allocation Failure) 2017-04-10T22:19:36.482+0200: 3,761: [ParNew
Desired survivor size 20112992 bytes, new threshold 8 (max 8)
- age   1:    1109248 bytes,    1109248 total
- age   2:    1041328 bytes,    2150576 total
- age   3:    1852776 bytes,    4003352 total
- age   5:      60312 bytes,    4063664 total
- age   6:      96400 bytes,    4160064 total
- age   7:     195152 bytes,    4355216 total
- age   8:     966432 bytes,    5321648 total
: 101727K->8543K(109248K), 0,0288519 secs] 101727K->14378K(502464K), 0,0289237 secs] [Times: user=0,09 sys=0,00, real=0,03 secs] 
Heap after GC invocations=9 (full 1):
 par new generation   total 109248K, used 8543K [0x00000000e0000000, 0x00000000e8000000, 0x00000000e8000000)
  eden space 87424K,   0% used [0x00000000e0000000, 0x00000000e0000000, 0x00000000e5560000)
  from space 21824K,  39% used [0x00000000e6ab0000, 0x00000000e7307d60, 0x00000000e8000000)
  to   space 21824K,   0% used [0x00000000e5560000, 0x00000000e5560000, 0x00000000e6ab0000)
 concurrent mark-sweep generation total 393216K, used 5834K [0x00000000e8000000, 0x0000000100000000, 0x0000000100000000)
 Metaspace       used 24981K, capacity 25386K, committed 25724K, reserved 1071104K
  class space    used 2910K, capacity 3084K, committed 3196K, reserved 1048576K
}
2017-04-10T22:19:36.511+0200: 3,790: Total time for which application threads were stopped: 0,0293132 seconds, Stopping threads took: 0,0002112 seconds
2017-04-10T22:19:36.717+0200: 3,996: Total time for which application threads were stopped: 0,0004392 seconds, Stopping threads took: 0,0000300 seconds
2017-04-10T22:19:36.739+0200: 4,018: Total time for which application threads were stopped: 0,0003710 seconds, Stopping threads took: 0,0000128 seconds
2017-04-10T22:19:36.773+0200: 4,052: Total time for which application threads were stopped: 0,0020269 seconds, Stopping threads took: 0,0016158 seconds
2017-04-10T22:19:36.942+0200: 4,220: Total time for which application threads were stopped: 0,0012255 seconds, Stopping threads took: 0,0010781 seconds
2017-04-10T22:19:36.943+0200: 4,222: Total time for which application threads were stopped: 0,0001377 seconds, Stopping threads took: 0,0000604 seconds
2017-04-10T22:19:36.944+0200: 4,222: Total time for which application threads were stopped: 0,0000775 seconds, Stopping threads took: 0,0000148 seconds
2017-04-10T22:19:36.949+0200: 4,227: Total time for which application threads were stopped: 0,0002785 seconds, Stopping threads took: 0,0001855 seconds
2017-04-10T22:19:36.951+0200: 4,229: Total time for which application threads were stopped: 0,0001517 seconds, Stopping threads took: 0,0000729 seconds
2017-04-10T22:19:36.959+0200: 4,237: Total time for which application threads were stopped: 0,0008031 seconds, Stopping threads took: 0,0004129 seconds
2017-04-10T22:19:36.962+0200: 4,241: Total time for which application threads were stopped: 0,0001392 seconds, Stopping threads took: 0,0000523 seconds
2017-04-10T22:19:36.963+0200: 4,241: Total time for which application threads were stopped: 0,0001821 seconds, Stopping threads took: 0,0001311 seconds
2017-04-10T22:19:36.973+0200: 4,252: Total time for which application threads were stopped: 0,0000827 seconds, Stopping threads took: 0,0000276 seconds
2017-04-10T22:19:36.983+0200: 4,262: Total time for which application threads were stopped: 0,0002250 seconds, Stopping threads took: 0,0001412 seconds
2017-04-10T22:19:36.984+0200: 4,262: Total time for which application threads were stopped: 0,0001007 seconds, Stopping threads took: 0,0000269 seconds
2017-04-10T22:19:36.984+0200: 4,263: Total time for which application threads were stopped: 0,0000769 seconds, Stopping threads took: 0,0000241 seconds
2017-04-10T22:19:36.986+0200: 4,264: Total time for which application threads were stopped: 0,0001104 seconds, Stopping threads took: 0,0000299 seconds
2017-04-10T22:19:36.986+0200: 4,264: Total time for which application threads were stopped: 0,0000723 seconds, Stopping threads took: 0,0000172 seconds
2017-04-10T22:19:36.986+0200: 4,264: Total time for which application threads were stopped: 0,0000595 seconds, Stopping threads took: 0,0000148 seconds
2017-04-10T22:19:36.986+0200: 4,265: Total time for which application threads were stopped: 0,0000585 seconds, Stopping threads took: 0,0000120 seconds
2017-04-10T22:19:36.986+0200: 4,265: Total time for which application threads were stopped: 0,0000531 seconds, Stopping threads took: 0,0000116 seconds
2017-04-10T22:19:36.986+0200: 4,265: Total time for which application threads were stopped: 0,0000583 seconds, Stopping threads took: 0,0000146 seconds
2017-04-10T22:19:36.986+0200: 4,265: Total time for which application threads were stopped: 0,0000541 seconds, Stopping threads took: 0,0000127 seconds
2017-04-10T22:19:36.987+0200: 4,265: Total time for which application threads were stopped: 0,0000814 seconds, Stopping threads took: 0,0000172 seconds
2017-04-10T22:19:36.987+0200: 4,265: Total time for which application threads were stopped: 0,0000535 seconds, Stopping threads took: 0,0000133 seconds
2017-04-10T22:19:36.987+0200: 4,265: Total time for which application threads were stopped: 0,0000495 seconds, Stopping threads took: 0,0000141 seconds
2017-04-10T22:19:36.987+0200: 4,266: Total time for which application threads were stopped: 0,0000605 seconds, Stopping threads took: 0,0000159 seconds
2017-04-10T22:19:36.987+0200: 4,266: Total time for which application threads were stopped: 0,0001279 seconds, Stopping threads took: 0,0000148 seconds
2017-04-10T22:19:36.987+0200: 4,266: Total time for which application threads were stopped: 0,0000689 seconds, Stopping threads took: 0,0000183 seconds
2017-04-10T22:19:36.988+0200: 4,266: Total time for which application threads were stopped: 0,0000571 seconds, Stopping threads took: 0,0000156 seconds
2017-04-10T22:19:36.988+0200: 4,266: Total time for which application threads were stopped: 0,0000574 seconds, Stopping threads took: 0,0000165 seconds
2017-04-10T22:19:36.988+0200: 4,266: Total time for which application threads were stopped: 0,0000546 seconds, Stopping threads took: 0,0000135 seconds
2017-04-10T22:19:36.988+0200: 4,266: Total time for which application threads were stopped: 0,0000553 seconds, Stopping threads took: 0,0000148 seconds
2017-04-10T22:19:36.988+0200: 4,267: Total time for which application threads were stopped: 0,0000703 seconds, Stopping threads took: 0,0000163 seconds
2017-04-10T22:19:36.988+0200: 4,267: Total time for which application threads were stopped: 0,0000632 seconds, Stopping threads took: 0,0000151 seconds
2017-04-10T22:19:36.988+0200: 4,267: Total time for which application threads were stopped: 0,0000471 seconds, Stopping threads took: 0,0000139 seconds
2017-04-10T22:19:36.988+0200: 4,267: Total time for which application threads were stopped: 0,0000500 seconds, Stopping threads took: 0,0000145 seconds
2017-04-10T22:19:36.989+0200: 4,267: Total time for which application threads were stopped: 0,0000518 seconds, Stopping threads took: 0,0000121 seconds
2017-04-10T22:19:36.989+0200: 4,267: Total time for which application threads were stopped: 0,0000510 seconds, Stopping threads took: 0,0000152 seconds
2017-04-10T22:19:36.989+0200: 4,267: Total time for which application threads were stopped: 0,0000470 seconds, Stopping threads took: 0,0000152 seconds
2017-04-10T22:19:36.989+0200: 4,267: Total time for which application threads were stopped: 0,0000502 seconds, Stopping threads took: 0,0000137 seconds
2017-04-10T22:19:36.989+0200: 4,268: Total time for which application threads were stopped: 0,0000547 seconds, Stopping threads took: 0,0000152 seconds
2017-04-10T22:19:36.989+0200: 4,268: Total time for which application threads were stopped: 0,0000546 seconds, Stopping threads took: 0,0000175 seconds
2017-04-10T22:19:36.989+0200: 4,268: Total time for which application threads were stopped: 0,0000595 seconds, Stopping threads took: 0,0000144 seconds
2017-04-10T22:19:36.989+0200: 4,268: Total time for which application threads were stopped: 0,0000531 seconds, Stopping threads took: 0,0000125 seconds
2017-04-10T22:19:36.990+0200: 4,268: Total time for which application threads were stopped: 0,0000536 seconds, Stopping threads took: 0,0000127 seconds
2017-04-10T22:19:36.990+0200: 4,268: Total time for which application threads were stopped: 0,0000547 seconds, Stopping threads took: 0,0000137 seconds
2017-04-10T22:19:36.990+0200: 4,268: Total time for which application threads were stopped: 0,0001215 seconds, Stopping threads took: 0,0000160 seconds
2017-04-10T22:19:36.997+0200: 4,275: Total time for which application threads were stopped: 0,0001579 seconds, Stopping threads took: 0,0000988 seconds
2017-04-10T22:19:37.003+0200: 4,282: Total time for which application threads were stopped: 0,0001579 seconds, Stopping threads took: 0,0000616 seconds
2017-04-10T22:19:37.004+0200: 4,282: Total time for which application threads were stopped: 0,0000948 seconds, Stopping threads took: 0,0000180 seconds
2017-04-10T22:19:37.032+0200: 4,310: Total time for which application threads were stopped: 0,0002670 seconds, Stopping threads took: 0,0001646 seconds
2017-04-10T22:19:37.057+0200: 4,336: Total time for which application threads were stopped: 0,0001559 seconds, Stopping threads took: 0,0000609 seconds
2017-04-10T22:19:37.058+0200: 4,336: Total time for which application threads were stopped: 0,0003859 seconds, Stopping threads took: 0,0000130 seconds
2017-04-10T22:19:37.058+0200: 4,337: Total time for which application threads were stopped: 0,0000853 seconds, Stopping threads took: 0,0000222 seconds
2017-04-10T22:19:37.062+0200: 4,341: Total time for which application threads were stopped: 0,0000933 seconds, Stopping threads took: 0,0000166 seconds
2017-04-10T22:19:38.062+0200: 5,341: Total time for which application threads were stopped: 0,0000674 seconds, Stopping threads took: 0,0000164 seconds
2017-04-10T22:19:39.063+0200: 6,341: Total time for which application threads were stopped: 0,0000896 seconds, Stopping threads took: 0,0000179 seconds
2017-04-10T22:19:54.065+0200: 21,343: Total time for which application threads were stopped: 0,0000654 seconds, Stopping threads took: 0,0000154 seconds
2017-04-10T22:20:05.066+0200: 32,345: Total time for which application threads were stopped: 0,0000734 seconds, Stopping threads took: 0,0000179 seconds
2017-04-10T22:20:55.071+0200: 82,350: Total time for which application threads were stopped: 0,0003874 seconds, Stopping threads took: 0,0001314 seconds
2017-04-10T22:21:30.076+0200: 117,354: Total time for which application threads were stopped: 0,0000947 seconds, Stopping threads took: 0,0000329 seconds
2017-04-10T22:21:35.076+0200: 122,355: Total time for which application threads were stopped: 0,0000728 seconds, Stopping threads took: 0,0000180 seconds
{Heap before GC invocations=9 (full 1):
 par new generation   total 109248K, used 95967K [0x00000000e0000000, 0x00000000e8000000, 0x00000000e8000000)
  eden space 87424K, 100% used [0x00000000e0000000, 0x00000000e5560000, 0x00000000e5560000)
  from space 21824K,  39% used [0x00000000e6ab0000, 0x00000000e7307d60, 0x00000000e8000000)
  to   space 21824K,   0% used [0x00000000e5560000, 0x00000000e5560000, 0x00000000e6ab0000)
 concurrent mark-sweep generation total 393216K, used 5834K [0x00000000e8000000, 0x0000000100000000, 0x0000000100000000)
 Metaspace       used 28021K, capacity 28492K, committed 28796K, reserved 1075200K
  class space    used 3215K, capacity 3391K, committed 3452K, reserved 1048576K
2017-04-10T22:22:23.863+0200: 171,141: [GC (Allocation Failure) 2017-04-10T22:22:23.863+0200: 171,141: [ParNew
Desired survivor size 20112992 bytes, new threshold 8 (max 8)
- age   1:   10924512 bytes,   10924512 total
- age   2:     226984 bytes,   11151496 total
- age   3:     250360 bytes,   11401856 total
- age   4:    1847936 bytes,   13249792 total
- age   6:      60312 bytes,   13310104 total
- age   7:      96272 bytes,   13406376 total
- age   8:     195056 bytes,   13601432 total
: 95967K->14261K(109248K), 0,0134719 secs] 101802K->21158K(502464K), 0,0135459 secs] [Times: user=0,05 sys=0,00, real=0,02 secs] 
Heap after GC invocations=10 (full 1):
 par new generation   total 109248K, used 14261K [0x00000000e0000000, 0x00000000e8000000, 0x00000000e8000000)
  eden space 87424K,   0% used [0x00000000e0000000, 0x00000000e0000000, 0x00000000e5560000)
  from space 21824K,  65% used [0x00000000e5560000, 0x00000000e634d550, 0x00000000e6ab0000)
  to   space 21824K,   0% used [0x00000000e6ab0000, 0x00000000e6ab0000, 0x00000000e8000000)
 concurrent mark-sweep generation total 393216K, used 6897K [0x00000000e8000000, 0x0000000100000000, 0x0000000100000000)
 Metaspace       used 28021K, capacity 28492K, committed 28796K, reserved 1075200K
  class space    used 3215K, capacity 3391K, committed 3452K, reserved 1048576K
}
2017-04-10T22:22:23.876+0200: 171,155: Total time for which application threads were stopped: 0,0137063 seconds, Stopping threads took: 0,0000420 seconds
2017-04-10T22:22:23.877+0200: 171,155: Total time for which application threads were stopped: 0,0000630 seconds, Stopping threads took: 0,0000231 seconds
2017-04-10T22:22:23.877+0200: 171,156: Total time for which application threads were stopped: 0,0000548 seconds, Stopping threads took: 0,0000240 seconds
2017-04-10T22:22:24.878+0200: 172,156: Total time for which application threads were stopped: 0,0000658 seconds, Stopping threads took: 0,0000155 seconds
2017-04-10T22:22:33.879+0200: 181,157: Total time for which application threads were stopped: 0,0000651 seconds, Stopping threads took: 0,0000153 seconds
2017-04-10T22:23:58.889+0200: 266,168: Total time for which application threads were stopped: 0,0001471 seconds, Stopping threads took: 0,0000432 seconds
2017-04-10T22:24:08.890+0200: 276,169: Total time for which application threads were stopped: 0,0000655 seconds, Stopping threads took: 0,0000148 seconds
2017-04-10T22:24:09.891+0200: 277,169: Total time for which application threads were stopped: 0,0000823 seconds, Stopping threads took: 0,0000199 seconds
2017-04-10T22:42:59.009+0200: 1406,287: Total time for which application threads were stopped: 0,0001222 seconds, Stopping threads took: 0,0000401 seconds
2017-04-10T22:46:49.038+0200: 1636,316: Total time for which application threads were stopped: 0,0001906 seconds, Stopping threads took: 0,0000334 seconds
2017-04-10T22:46:54.038+0200: 1641,317: Total time for which application threads were stopped: 0,0000649 seconds, Stopping threads took: 0,0000144 seconds
2017-04-10T22:57:54.113+0200: 2301,392: Total time for which application threads were stopped: 0,0001561 seconds, Stopping threads took: 0,0000751 seconds
2017-04-10T22:57:55.113+0200: 2302,392: Total time for which application threads were stopped: 0,0000652 seconds, Stopping threads took: 0,0000138 seconds
2017-04-10T23:12:50.243+0200: 3197,522: Total time for which application threads were stopped: 0,0000916 seconds, Stopping threads took: 0,0000334 seconds
2017-04-10T23:25:34.345+0200: 3961,623: Total time for which application threads were stopped: 0,0000917 seconds, Stopping threads took: 0,0000301 seconds
2017-04-10T23:26:39.352+0200: 4026,631: Total time for which application threads were stopped: 0,0000892 seconds, Stopping threads took: 0,0000304 seconds
2017-04-10T23:26:54.354+0200: 4041,633: Total time for which application threads were stopped: 0,0003777 seconds, Stopping threads took: 0,0001408 seconds
2017-04-10T23:34:50.419+0200: 4517,697: Total time for which application threads were stopped: 0,0005692 seconds, Stopping threads took: 0,0001893 seconds
2017-04-10T23:56:15.560+0200: 5802,838: Total time for which application threads were stopped: 0,0001022 seconds, Stopping threads took: 0,0000403 seconds
2017-04-11T00:03:55.616+0200: 6262,894: Total time for which application threads were stopped: 0,0000889 seconds, Stopping threads took: 0,0000342 seconds
2017-04-11T00:20:04.722+0200: 7232,000: Total time for which application threads were stopped: 0,0000926 seconds, Stopping threads took: 0,0000368 seconds
2017-04-11T00:21:34.734+0200: 7322,013: Total time for which application threads were stopped: 0,0000987 seconds, Stopping threads took: 0,0000367 seconds
2017-04-11T00:22:34.743+0200: 7382,021: Total time for which application threads were stopped: 0,0000913 seconds, Stopping threads took: 0,0000348 seconds
2017-04-11T00:27:34.782+0200: 7682,061: Total time for which application threads were stopped: 0,0001840 seconds, Stopping threads took: 0,0000628 seconds
2017-04-11T00:40:12.792+0200: 8440,070: Total time for which application threads were stopped: 0,0221208 seconds, Stopping threads took: 0,0220277 seconds
2017-04-11T00:40:12.795+0200: 8440,073: Total time for which application threads were stopped: 0,0001028 seconds, Stopping threads took: 0,0000262 seconds
2017-04-11T00:40:12.800+0200: 8440,079: Total time for which application threads were stopped: 0,0001209 seconds, Stopping threads took: 0,0000360 seconds
2017-04-11T00:40:12.805+0200: 8440,083: Total time for which application threads were stopped: 0,0001103 seconds, Stopping threads took: 0,0000520 seconds
2017-04-11T00:40:12.805+0200: 8440,083: Total time for which application threads were stopped: 0,0000569 seconds, Stopping threads took: 0,0000322 seconds
2017-04-11T00:40:12.806+0200: 8440,084: Total time for which application threads were stopped: 0,0000853 seconds, Stopping threads took: 0,0000347 seconds
2017-04-11T00:40:12.808+0200: 8440,086: Total time for which application threads were stopped: 0,0001037 seconds, Stopping threads took: 0,0000457 seconds
2017-04-11T00:40:12.808+0200: 8440,086: Total time for which application threads were stopped: 0,0000478 seconds, Stopping threads took: 0,0000222 seconds
2017-04-11T00:40:12.809+0200: 8440,088: Total time for which application threads were stopped: 0,0000821 seconds, Stopping threads took: 0,0000256 seconds
2017-04-11T00:40:12.809+0200: 8440,088: Total time for which application threads were stopped: 0,0000365 seconds, Stopping threads took: 0,0000086 seconds
2017-04-11T00:40:12.809+0200: 8440,088: Total time for which application threads were stopped: 0,0000409 seconds, Stopping threads took: 0,0000186 seconds
2017-04-11T00:40:12.812+0200: 8440,091: Total time for which application threads were stopped: 0,0001515 seconds, Stopping threads took: 0,0000939 seconds
2017-04-11T00:40:12.814+0200: 8440,093: Total time for which application threads were stopped: 0,0000946 seconds, Stopping threads took: 0,0000335 seconds
2017-04-11T00:40:12.815+0200: 8440,093: Total time for which application threads were stopped: 0,0000755 seconds, Stopping threads took: 0,0000225 seconds
2017-04-11T00:40:12.815+0200: 8440,093: Total time for which application threads were stopped: 0,0000572 seconds, Stopping threads took: 0,0000183 seconds
2017-04-11T00:40:12.818+0200: 8440,096: Total time for which application threads were stopped: 0,0000733 seconds, Stopping threads took: 0,0000204 seconds
2017-04-11T00:40:12.818+0200: 8440,096: Total time for which application threads were stopped: 0,0000420 seconds, Stopping threads took: 0,0000148 seconds
2017-04-11T00:40:12.818+0200: 8440,097: Total time for which application threads were stopped: 0,0000378 seconds, Stopping threads took: 0,0000135 seconds
2017-04-11T00:40:12.818+0200: 8440,097: Total time for which application threads were stopped: 0,0000368 seconds, Stopping threads took: 0,0000125 seconds
2017-04-11T00:40:12.818+0200: 8440,097: Total time for which application threads were stopped: 0,0000353 seconds, Stopping threads took: 0,0000127 seconds
2017-04-11T00:40:12.818+0200: 8440,097: Total time for which application threads were stopped: 0,0000363 seconds, Stopping threads took: 0,0000136 seconds
2017-04-11T00:40:12.818+0200: 8440,097: Total time for which application threads were stopped: 0,0000353 seconds, Stopping threads took: 0,0000127 seconds
2017-04-11T00:40:12.819+0200: 8440,097: Total time for which application threads were stopped: 0,0000357 seconds, Stopping threads took: 0,0000133 seconds
2017-04-11T00:40:12.819+0200: 8440,097: Total time for which application threads were stopped: 0,0000561 seconds, Stopping threads took: 0,0000309 seconds
2017-04-11T00:40:12.819+0200: 8440,097: Total time for which application threads were stopped: 0,0000308 seconds, Stopping threads took: 0,0000088 seconds
2017-04-11T00:40:12.819+0200: 8440,097: Total time for which application threads were stopped: 0,0000440 seconds, Stopping threads took: 0,0000202 seconds
2017-04-11T00:40:12.819+0200: 8440,097: Total time for which application threads were stopped: 0,0000353 seconds, Stopping threads took: 0,0000129 seconds
2017-04-11T00:40:12.819+0200: 8440,098: Total time for which application threads were stopped: 0,0000355 seconds, Stopping threads took: 0,0000120 seconds
2017-04-11T00:40:12.819+0200: 8440,098: Total time for which application threads were stopped: 0,0000348 seconds, Stopping threads took: 0,0000127 seconds
2017-04-11T00:40:12.819+0200: 8440,098: Total time for which application threads were stopped: 0,0000344 seconds, Stopping threads took: 0,0000123 seconds
2017-04-11T00:40:12.819+0200: 8440,098: Total time for which application threads were stopped: 0,0000345 seconds, Stopping threads took: 0,0000118 seconds
2017-04-11T00:40:12.820+0200: 8440,098: Total time for which application threads were stopped: 0,0001138 seconds, Stopping threads took: 0,0000124 seconds
2017-04-11T00:40:12.820+0200: 8440,098: Total time for which application threads were stopped: 0,0000603 seconds, Stopping threads took: 0,0000227 seconds
2017-04-11T00:40:12.821+0200: 8440,099: Total time for which application threads were stopped: 0,0000878 seconds, Stopping threads took: 0,0000197 seconds
2017-04-11T00:40:12.822+0200: 8440,100: Total time for which application threads were stopped: 0,0000955 seconds, Stopping threads took: 0,0000307 seconds
2017-04-11T00:40:12.822+0200: 8440,101: Total time for which application threads were stopped: 0,0000992 seconds, Stopping threads took: 0,0000258 seconds
Heap
 par new generation   total 109248K, used 35736K [0x00000000e0000000, 0x00000000e8000000, 0x00000000e8000000)
  eden space 87424K,  24% used [0x00000000e0000000, 0x00000000e14f8d80, 0x00000000e5560000)
  from space 21824K,  65% used [0x00000000e5560000, 0x00000000e634d550, 0x00000000e6ab0000)
  to   space 21824K,   0% used [0x00000000e6ab0000, 0x00000000e6ab0000, 0x00000000e8000000)
 concurrent mark-sweep generation total 393216K, used 6897K [0x00000000e8000000, 0x0000000100000000, 0x0000000100000000)
 Metaspace       used 28161K, capacity 28724K, committed 29052K, reserved 1075200K
  class space    used 3229K, capacity 3425K, committed 3452K, reserved 1048576K
