OpenJDK 64-Bit Server VM (25.131-b11) for linux-amd64 JRE (1.8.0_131-8u131-b11-0ubuntu1.16.04.2-b11), built on May  6 2017 02:45:27 by "buildd" with gcc 5.4.0 20160609
Memory: 4k page, physical 7867740k(7385904k free), swap 8076284k(8076284k free)
CommandLine flags: -XX:CMSInitiatingOccupancyFraction=50 -XX:CMSMaxAbortablePrecleanTime=6000 -XX:+CMSParallelRemarkEnabled -XX:+CMSScavengeBeforeRemark -XX:ConcGCThreads=4 -XX:InitialHeapSize=536870912 -XX:MaxHeapSize=536870912 -XX:MaxTenuringThreshold=8 -XX:NewRatio=3 -XX:OldPLABSize=16 -XX:OnOutOfMemoryError=/opt/solr/bin/oom_solr.sh 8983 /var/solr/logs -XX:ParallelGCThreads=4 -XX:+ParallelRefProcEnabled -XX:PretenureSizeThreshold=67108864 -XX:+PrintGC -XX:+PrintGCApplicationStoppedTime -XX:+PrintGCDateStamps -XX:+PrintGCDetails -XX:+PrintGCTimeStamps -XX:+PrintHeapAtGC -XX:+PrintTenuringDistribution -XX:SurvivorRatio=4 -XX:TargetSurvivorRatio=90 -XX:ThreadStackSize=256 -XX:+UseCMSInitiatingOccupancyOnly -XX:+UseCompressedClassPointers -XX:+UseCompressedOops -XX:+UseConcMarkSweepGC -XX:+UseParNewGC 
2017-05-23T20:16:04.903+0200: 0,148: Total time for which application threads were stopped: 0,0000706 seconds, Stopping threads took: 0,0000119 seconds
2017-05-23T20:16:04.985+0200: 0,230: Total time for which application threads were stopped: 0,0001518 seconds, Stopping threads took: 0,0000282 seconds
2017-05-23T20:16:05.001+0200: 0,247: Total time for which application threads were stopped: 0,0001007 seconds, Stopping threads took: 0,0000143 seconds
2017-05-23T20:16:05.215+0200: 0,460: Total time for which application threads were stopped: 0,0001022 seconds, Stopping threads took: 0,0000093 seconds
2017-05-23T20:16:05.803+0200: 1,048: Total time for which application threads were stopped: 0,0001333 seconds, Stopping threads took: 0,0000140 seconds
2017-05-23T20:16:05.865+0200: 1,110: Total time for which application threads were stopped: 0,0001917 seconds, Stopping threads took: 0,0000194 seconds
2017-05-23T20:16:05.893+0200: 1,138: Total time for which application threads were stopped: 0,0001994 seconds, Stopping threads took: 0,0000166 seconds
2017-05-23T20:16:06.332+0200: 1,577: Total time for which application threads were stopped: 0,0001843 seconds, Stopping threads took: 0,0000149 seconds
2017-05-23T20:16:06.547+0200: 1,792: Total time for which application threads were stopped: 0,0002264 seconds, Stopping threads took: 0,0000325 seconds
2017-05-23T20:16:06.575+0200: 1,820: Total time for which application threads were stopped: 0,0024469 seconds, Stopping threads took: 0,0022854 seconds
2017-05-23T20:16:06.604+0200: 1,849: Total time for which application threads were stopped: 0,0003806 seconds, Stopping threads took: 0,0000252 seconds
2017-05-23T20:16:06.606+0200: 1,852: Total time for which application threads were stopped: 0,0003131 seconds, Stopping threads took: 0,0000809 seconds
2017-05-23T20:16:06.624+0200: 1,869: Total time for which application threads were stopped: 0,0001643 seconds, Stopping threads took: 0,0000148 seconds
2017-05-23T20:16:06.732+0200: 1,977: Total time for which application threads were stopped: 0,0011026 seconds, Stopping threads took: 0,0000735 seconds
2017-05-23T20:16:06.904+0200: 2,150: Total time for which application threads were stopped: 0,0002595 seconds, Stopping threads took: 0,0000488 seconds
{Heap before GC invocations=0 (full 0):
 par new generation   total 109248K, used 87424K [0x00000000e0000000, 0x00000000e8000000, 0x00000000e8000000)
  eden space 87424K, 100% used [0x00000000e0000000, 0x00000000e5560000, 0x00000000e5560000)
  from space 21824K,   0% used [0x00000000e5560000, 0x00000000e5560000, 0x00000000e6ab0000)
  to   space 21824K,   0% used [0x00000000e6ab0000, 0x00000000e6ab0000, 0x00000000e8000000)
 concurrent mark-sweep generation total 393216K, used 0K [0x00000000e8000000, 0x0000000100000000, 0x0000000100000000)
 Metaspace       used 18054K, capacity 18336K, committed 18688K, reserved 1064960K
  class space    used 2041K, capacity 2196K, committed 2304K, reserved 1048576K
2017-05-23T20:16:07.002+0200: 2,247: [GC (Allocation Failure) 2017-05-23T20:16:07.002+0200: 2,247: [ParNew
Desired survivor size 20112992 bytes, new threshold 8 (max 8)
- age   1:   12603736 bytes,   12603736 total
: 87424K->12430K(109248K), 0,0154852 secs] 87424K->12430K(502464K), 0,0156360 secs] [Times: user=0,03 sys=0,01, real=0,01 secs] 
Heap after GC invocations=1 (full 0):
 par new generation   total 109248K, used 12430K [0x00000000e0000000, 0x00000000e8000000, 0x00000000e8000000)
  eden space 87424K,   0% used [0x00000000e0000000, 0x00000000e0000000, 0x00000000e5560000)
  from space 21824K,  56% used [0x00000000e6ab0000, 0x00000000e76d38d8, 0x00000000e8000000)
  to   space 21824K,   0% used [0x00000000e5560000, 0x00000000e5560000, 0x00000000e6ab0000)
 concurrent mark-sweep generation total 393216K, used 0K [0x00000000e8000000, 0x0000000100000000, 0x0000000100000000)
 Metaspace       used 18054K, capacity 18336K, committed 18688K, reserved 1064960K
  class space    used 2041K, capacity 2196K, committed 2304K, reserved 1048576K
}
2017-05-23T20:16:07.018+0200: 2,263: Total time for which application threads were stopped: 0,0171197 seconds, Stopping threads took: 0,0013003 seconds
2017-05-23T20:16:07.321+0200: 2,566: Total time for which application threads were stopped: 0,0003082 seconds, Stopping threads took: 0,0000443 seconds
{Heap before GC invocations=1 (full 0):
 par new generation   total 109248K, used 99854K [0x00000000e0000000, 0x00000000e8000000, 0x00000000e8000000)
  eden space 87424K, 100% used [0x00000000e0000000, 0x00000000e5560000, 0x00000000e5560000)
  from space 21824K,  56% used [0x00000000e6ab0000, 0x00000000e76d38d8, 0x00000000e8000000)
  to   space 21824K,   0% used [0x00000000e5560000, 0x00000000e5560000, 0x00000000e6ab0000)
 concurrent mark-sweep generation total 393216K, used 0K [0x00000000e8000000, 0x0000000100000000, 0x0000000100000000)
 Metaspace       used 20062K, capacity 20386K, committed 20736K, reserved 1067008K
  class space    used 2300K, capacity 2479K, committed 2560K, reserved 1048576K
2017-05-23T20:16:07.351+0200: 2,596: [GC (Allocation Failure) 2017-05-23T20:16:07.351+0200: 2,596: [ParNew
Desired survivor size 20112992 bytes, new threshold 8 (max 8)
- age   1:    3796872 bytes,    3796872 total
- age   2:    6657928 bytes,   10454800 total
: 99854K->15755K(109248K), 0,0095694 secs] 99854K->15755K(502464K), 0,0096453 secs] [Times: user=0,03 sys=0,01, real=0,01 secs] 
Heap after GC invocations=2 (full 0):
 par new generation   total 109248K, used 15755K [0x00000000e0000000, 0x00000000e8000000, 0x00000000e8000000)
  eden space 87424K,   0% used [0x00000000e0000000, 0x00000000e0000000, 0x00000000e5560000)
  from space 21824K,  72% used [0x00000000e5560000, 0x00000000e64c2f80, 0x00000000e6ab0000)
  to   space 21824K,   0% used [0x00000000e6ab0000, 0x00000000e6ab0000, 0x00000000e8000000)
 concurrent mark-sweep generation total 393216K, used 0K [0x00000000e8000000, 0x0000000100000000, 0x0000000100000000)
 Metaspace       used 20062K, capacity 20386K, committed 20736K, reserved 1067008K
  class space    used 2300K, capacity 2479K, committed 2560K, reserved 1048576K
}
2017-05-23T20:16:07.361+0200: 2,606: Total time for which application threads were stopped: 0,0098656 seconds, Stopping threads took: 0,0000796 seconds
2017-05-23T20:16:07.366+0200: 2,611: Total time for which application threads were stopped: 0,0030463 seconds, Stopping threads took: 0,0027924 seconds
2017-05-23T20:16:07.406+0200: 2,651: Total time for which application threads were stopped: 0,0047983 seconds, Stopping threads took: 0,0045447 seconds
2017-05-23T20:16:07.545+0200: 2,790: Total time for which application threads were stopped: 0,0001594 seconds, Stopping threads took: 0,0000332 seconds
{Heap before GC invocations=2 (full 0):
 par new generation   total 109248K, used 103179K [0x00000000e0000000, 0x00000000e8000000, 0x00000000e8000000)
  eden space 87424K, 100% used [0x00000000e0000000, 0x00000000e5560000, 0x00000000e5560000)
  from space 21824K,  72% used [0x00000000e5560000, 0x00000000e64c2f80, 0x00000000e6ab0000)
  to   space 21824K,   0% used [0x00000000e6ab0000, 0x00000000e6ab0000, 0x00000000e8000000)
 concurrent mark-sweep generation total 393216K, used 0K [0x00000000e8000000, 0x0000000100000000, 0x0000000100000000)
 Metaspace       used 20989K, capacity 21314K, committed 21552K, reserved 1069056K
  class space    used 2422K, capacity 2599K, committed 2608K, reserved 1048576K
2017-05-23T20:16:07.596+0200: 2,841: [GC (Allocation Failure) 2017-05-23T20:16:07.596+0200: 2,841: [ParNew
Desired survivor size 20112992 bytes, new threshold 8 (max 8)
- age   1:    2180680 bytes,    2180680 total
- age   2:     865192 bytes,    3045872 total
- age   3:    6654232 bytes,    9700104 total
: 103179K->12434K(109248K), 0,0104140 secs] 103179K->12434K(502464K), 0,0105081 secs] [Times: user=0,04 sys=0,00, real=0,01 secs] 
Heap after GC invocations=3 (full 0):
 par new generation   total 109248K, used 12434K [0x00000000e0000000, 0x00000000e8000000, 0x00000000e8000000)
  eden space 87424K,   0% used [0x00000000e0000000, 0x00000000e0000000, 0x00000000e5560000)
  from space 21824K,  56% used [0x00000000e6ab0000, 0x00000000e76d48d8, 0x00000000e8000000)
  to   space 21824K,   0% used [0x00000000e5560000, 0x00000000e5560000, 0x00000000e6ab0000)
 concurrent mark-sweep generation total 393216K, used 0K [0x00000000e8000000, 0x0000000100000000, 0x0000000100000000)
 Metaspace       used 20989K, capacity 21314K, committed 21552K, reserved 1069056K
  class space    used 2422K, capacity 2599K, committed 2608K, reserved 1048576K
}
2017-05-23T20:16:07.606+0200: 2,852: Total time for which application threads were stopped: 0,0107393 seconds, Stopping threads took: 0,0000577 seconds
2017-05-23T20:16:07.607+0200: 2,852: [GC (CMS Initial Mark) [1 CMS-initial-mark: 0K(393216K)] 12434K(502464K), 0,0044381 secs] [Times: user=0,02 sys=0,00, real=0,01 secs] 
2017-05-23T20:16:07.611+0200: 2,856: Total time for which application threads were stopped: 0,0045904 seconds, Stopping threads took: 0,0000416 seconds
2017-05-23T20:16:07.611+0200: 2,856: [CMS-concurrent-mark-start]
2017-05-23T20:16:07.614+0200: 2,859: [CMS-concurrent-mark: 0,002/0,002 secs] [Times: user=0,01 sys=0,01, real=0,00 secs] 
2017-05-23T20:16:07.614+0200: 2,859: [CMS-concurrent-preclean-start]
2017-05-23T20:16:07.615+0200: 2,860: [CMS-concurrent-preclean: 0,001/0,001 secs] [Times: user=0,00 sys=0,00, real=0,00 secs] 
2017-05-23T20:16:07.615+0200: 2,860: [CMS-concurrent-abortable-preclean-start]
2017-05-23T20:16:07.698+0200: 2,943: Total time for which application threads were stopped: 0,0005681 seconds, Stopping threads took: 0,0004874 seconds
2017-05-23T20:16:07.698+0200: 2,943: [CMS-concurrent-abortable-preclean: 0,069/0,083 secs] [Times: user=0,33 sys=0,00, real=0,09 secs] 
2017-05-23T20:16:07.698+0200: 2,943: [GC (CMS Final Remark) [YG occupancy: 73627 K (109248 K)]{Heap before GC invocations=3 (full 1):
 par new generation   total 109248K, used 73627K [0x00000000e0000000, 0x00000000e8000000, 0x00000000e8000000)
  eden space 87424K,  69% used [0x00000000e0000000, 0x00000000e3bc2680, 0x00000000e5560000)
  from space 21824K,  56% used [0x00000000e6ab0000, 0x00000000e76d48d8, 0x00000000e8000000)
  to   space 21824K,   0% used [0x00000000e5560000, 0x00000000e5560000, 0x00000000e6ab0000)
 concurrent mark-sweep generation total 393216K, used 0K [0x00000000e8000000, 0x0000000100000000, 0x0000000100000000)
 Metaspace       used 21222K, capacity 21629K, committed 21756K, reserved 1069056K
  class space    used 2446K, capacity 2610K, committed 2736K, reserved 1048576K
2017-05-23T20:16:07.698+0200: 2,943: [GC (CMS Final Remark) 2017-05-23T20:16:07.698+0200: 2,943: [ParNew
Desired survivor size 20112992 bytes, new threshold 8 (max 8)
- age   1:    1663128 bytes,    1663128 total
- age   2:    1454264 bytes,    3117392 total
- age   3:     833864 bytes,    3951256 total
- age   4:    6654272 bytes,   10605528 total
: 73627K->12877K(109248K), 0,0096990 secs] 73627K->12877K(502464K), 0,0097408 secs] [Times: user=0,03 sys=0,00, real=0,00 secs] 
Heap after GC invocations=4 (full 1):
 par new generation   total 109248K, used 12877K [0x00000000e0000000, 0x00000000e8000000, 0x00000000e8000000)
  eden space 87424K,   0% used [0x00000000e0000000, 0x00000000e0000000, 0x00000000e5560000)
  from space 21824K,  59% used [0x00000000e5560000, 0x00000000e61f3538, 0x00000000e6ab0000)
  to   space 21824K,   0% used [0x00000000e6ab0000, 0x00000000e6ab0000, 0x00000000e8000000)
 concurrent mark-sweep generation total 393216K, used 0K [0x00000000e8000000, 0x0000000100000000, 0x0000000100000000)
 Metaspace       used 21222K, capacity 21629K, committed 21756K, reserved 1069056K
  class space    used 2446K, capacity 2610K, committed 2736K, reserved 1048576K
}
2017-05-23T20:16:07.708+0200: 2,953: [Rescan (parallel) , 0,0033138 secs]2017-05-23T20:16:07.711+0200: 2,956: [weak refs processing, 0,0010635 secs]2017-05-23T20:16:07.712+0200: 2,957: [class unloading, 0,0028250 secs]2017-05-23T20:16:07.715+0200: 2,960: [scrub symbol table, 0,0025816 secs]2017-05-23T20:16:07.717+0200: 2,963: [scrub string table, 0,0004302 secs][1 CMS-remark: 0K(393216K)] 12877K(502464K), 0,0206191 secs] [Times: user=0,05 sys=0,00, real=0,02 secs] 
2017-05-23T20:16:07.718+0200: 2,964: Total time for which application threads were stopped: 0,0207270 seconds, Stopping threads took: 0,0000401 seconds
2017-05-23T20:16:07.719+0200: 2,964: [CMS-concurrent-sweep-start]
2017-05-23T20:16:07.719+0200: 2,964: [CMS-concurrent-sweep: 0,000/0,000 secs] [Times: user=0,00 sys=0,00, real=0,00 secs] 
2017-05-23T20:16:07.719+0200: 2,964: [CMS-concurrent-reset-start]
2017-05-23T20:16:07.721+0200: 2,966: [CMS-concurrent-reset: 0,002/0,002 secs] [Times: user=0,00 sys=0,00, real=0,00 secs] 
{Heap before GC invocations=4 (full 1):
 par new generation   total 109248K, used 100301K [0x00000000e0000000, 0x00000000e8000000, 0x00000000e8000000)
  eden space 87424K, 100% used [0x00000000e0000000, 0x00000000e5560000, 0x00000000e5560000)
  from space 21824K,  59% used [0x00000000e5560000, 0x00000000e61f3538, 0x00000000e6ab0000)
  to   space 21824K,   0% used [0x00000000e6ab0000, 0x00000000e6ab0000, 0x00000000e8000000)
 concurrent mark-sweep generation total 393216K, used 0K [0x00000000e8000000, 0x0000000100000000, 0x0000000100000000)
 Metaspace       used 21366K, capacity 21763K, committed 22012K, reserved 1069056K
  class space    used 2469K, capacity 2649K, committed 2736K, reserved 1048576K
2017-05-23T20:16:07.798+0200: 3,043: [GC (Allocation Failure) 2017-05-23T20:16:07.798+0200: 3,043: [ParNew
Desired survivor size 20112992 bytes, new threshold 8 (max 8)
- age   1:     454976 bytes,     454976 total
- age   2:     120408 bytes,     575384 total
- age   3:    1448776 bytes,    2024160 total
- age   4:     831832 bytes,    2855992 total
- age   5:    6654632 bytes,    9510624 total
: 100301K->13407K(109248K), 0,0132966 secs] 100301K->13407K(502464K), 0,0133530 secs] [Times: user=0,05 sys=0,00, real=0,02 secs] 
Heap after GC invocations=5 (full 1):
 par new generation   total 109248K, used 13407K [0x00000000e0000000, 0x00000000e8000000, 0x00000000e8000000)
  eden space 87424K,   0% used [0x00000000e0000000, 0x00000000e0000000, 0x00000000e5560000)
  from space 21824K,  61% used [0x00000000e6ab0000, 0x00000000e77c7e40, 0x00000000e8000000)
  to   space 21824K,   0% used [0x00000000e5560000, 0x00000000e5560000, 0x00000000e6ab0000)
 concurrent mark-sweep generation total 393216K, used 0K [0x00000000e8000000, 0x0000000100000000, 0x0000000100000000)
 Metaspace       used 21366K, capacity 21763K, committed 22012K, reserved 1069056K
  class space    used 2469K, capacity 2649K, committed 2736K, reserved 1048576K
}
2017-05-23T20:16:07.811+0200: 3,056: Total time for which application threads were stopped: 0,0136262 seconds, Stopping threads took: 0,0001311 seconds
2017-05-23T20:16:07.869+0200: 3,114: Total time for which application threads were stopped: 0,0003024 seconds, Stopping threads took: 0,0000166 seconds
2017-05-23T20:16:08.115+0200: 3,360: Total time for which application threads were stopped: 0,0004684 seconds, Stopping threads took: 0,0000376 seconds
2017-05-23T20:16:08.136+0200: 3,381: Total time for which application threads were stopped: 0,0003828 seconds, Stopping threads took: 0,0000518 seconds
2017-05-23T20:16:08.302+0200: 3,547: Total time for which application threads were stopped: 0,0032140 seconds, Stopping threads took: 0,0030299 seconds
{Heap before GC invocations=5 (full 1):
 par new generation   total 109248K, used 104772K [0x00000000e0000000, 0x00000000e8000000, 0x00000000e8000000)
  eden space 87424K, 100% used [0x00000000e0000000, 0x00000000e5560000, 0x00000000e5560000)
  from space 21824K,  79% used [0x00000000e6ab0000, 0x00000000e7ba1290, 0x00000000e8000000)
  to   space 21824K,   0% used [0x00000000e5560000, 0x00000000e5560000, 0x00000000e6ab0000)
 concurrent mark-sweep generation total 393216K, used 0K [0x00000000e8000000, 0x0000000100000000, 0x0000000100000000)
 Metaspace       used 24151K, capacity 24657K, committed 24880K, reserved 1071104K
  class space    used 2848K, capacity 3058K, committed 3120K, reserved 1048576K
2017-05-23T20:16:08.308+0200: 3,554: [GC (Allocation Failure) 2017-05-23T20:16:08.308+0200: 3,554: [ParNew
Desired survivor size 20112992 bytes, new threshold 8 (max 8)
- age   1:    5830728 bytes,    5830728 total
- age   2:     131472 bytes,    5962200 total
- age   3:     119304 bytes,    6081504 total
- age   4:     278712 bytes,    6360216 total
- age   5:     805544 bytes,    7165760 total
- age   6:    6646152 bytes,   13811912 total
: 104772K->15722K(109248K), 0,0213363 secs] 104772K->15722K(502464K), 0,0214243 secs] [Times: user=0,08 sys=0,00, real=0,03 secs] 
Heap after GC invocations=6 (full 1):
 par new generation   total 109248K, used 15722K [0x00000000e0000000, 0x00000000e8000000, 0x00000000e8000000)
  eden space 87424K,   0% used [0x00000000e0000000, 0x00000000e0000000, 0x00000000e5560000)
  from space 21824K,  72% used [0x00000000e5560000, 0x00000000e64baac8, 0x00000000e6ab0000)
  to   space 21824K,   0% used [0x00000000e6ab0000, 0x00000000e6ab0000, 0x00000000e8000000)
 concurrent mark-sweep generation total 393216K, used 0K [0x00000000e8000000, 0x0000000100000000, 0x0000000100000000)
 Metaspace       used 24151K, capacity 24657K, committed 24880K, reserved 1071104K
  class space    used 2848K, capacity 3058K, committed 3120K, reserved 1048576K
}
2017-05-23T20:16:08.330+0200: 3,575: Total time for which application threads were stopped: 0,0216446 seconds, Stopping threads took: 0,0000511 seconds
{Heap before GC invocations=6 (full 1):
 par new generation   total 109248K, used 16333K [0x00000000e0000000, 0x00000000e8000000, 0x00000000e8000000)
  eden space 87424K,   0% used [0x00000000e0000000, 0x00000000e0098958, 0x00000000e5560000)
  from space 21824K,  72% used [0x00000000e5560000, 0x00000000e64baac8, 0x00000000e6ab0000)
  to   space 21824K,   0% used [0x00000000e6ab0000, 0x00000000e6ab0000, 0x00000000e8000000)
 concurrent mark-sweep generation total 393216K, used 0K [0x00000000e8000000, 0x0000000100000000, 0x0000000100000000)
 Metaspace       used 24151K, capacity 24657K, committed 24880K, reserved 1071104K
  class space    used 2848K, capacity 3058K, committed 3120K, reserved 1048576K
2017-05-23T20:16:08.330+0200: 3,575: [GC (GCLocker Initiated GC) 2017-05-23T20:16:08.330+0200: 3,575: [ParNew
Desired survivor size 20112992 bytes, new threshold 8 (max 8)
- age   1:       3344 bytes,       3344 total
- age   2:    5830728 bytes,    5834072 total
- age   3:     131472 bytes,    5965544 total
- age   4:     119304 bytes,    6084848 total
- age   5:     278712 bytes,    6363560 total
- age   6:     805544 bytes,    7169104 total
- age   7:    6645936 bytes,   13815040 total
: 16333K->20204K(109248K), 0,0142070 secs] 16333K->20204K(502464K), 0,0142574 secs] [Times: user=0,04 sys=0,00, real=0,01 secs] 
Heap after GC invocations=7 (full 1):
 par new generation   total 109248K, used 20204K [0x00000000e0000000, 0x00000000e8000000, 0x00000000e8000000)
  eden space 87424K,   0% used [0x00000000e0000000, 0x00000000e0000000, 0x00000000e5560000)
  from space 21824K,  92% used [0x00000000e6ab0000, 0x00000000e7e6b168, 0x00000000e8000000)
  to   space 21824K,   0% used [0x00000000e5560000, 0x00000000e5560000, 0x00000000e6ab0000)
 concurrent mark-sweep generation total 393216K, used 0K [0x00000000e8000000, 0x0000000100000000, 0x0000000100000000)
 Metaspace       used 24151K, capacity 24657K, committed 24880K, reserved 1071104K
  class space    used 2848K, capacity 3058K, committed 3120K, reserved 1048576K
}
2017-05-23T20:16:08.344+0200: 3,590: Total time for which application threads were stopped: 0,0144327 seconds, Stopping threads took: 0,0000435 seconds
2017-05-23T20:16:08.470+0200: 3,715: Total time for which application threads were stopped: 0,0002264 seconds, Stopping threads took: 0,0000794 seconds
{Heap before GC invocations=7 (full 1):
 par new generation   total 109248K, used 109248K [0x00000000e0000000, 0x00000000e8000000, 0x00000000e8000000)
  eden space 87424K, 100% used [0x00000000e0000000, 0x00000000e5560000, 0x00000000e5560000)
  from space 21824K, 100% used [0x00000000e6ab0000, 0x00000000e8000000, 0x00000000e8000000)
  to   space 21824K,   0% used [0x00000000e5560000, 0x00000000e5560000, 0x00000000e6ab0000)
 concurrent mark-sweep generation total 393216K, used 1431K [0x00000000e8000000, 0x0000000100000000, 0x0000000100000000)
 Metaspace       used 24766K, capacity 25265K, committed 25392K, reserved 1071104K
  class space    used 2902K, capacity 3090K, committed 3120K, reserved 1048576K
2017-05-23T20:16:08.474+0200: 3,719: [GC (GCLocker Initiated GC) 2017-05-23T20:16:08.474+0200: 3,719: [ParNew
Desired survivor size 20112992 bytes, new threshold 8 (max 8)
- age   1:    1556744 bytes,    1556744 total
- age   3:    1851448 bytes,    3408192 total
- age   4:      70736 bytes,    3478928 total
- age   5:      70808 bytes,    3549736 total
- age   6:     178512 bytes,    3728248 total
- age   7:     762576 bytes,    4490824 total
- age   8:    6111120 bytes,   10601944 total
: 109248K->13904K(109248K), 0,0171793 secs] 110679K->15335K(502464K), 0,0172592 secs] [Times: user=0,05 sys=0,00, real=0,02 secs] 
Heap after GC invocations=8 (full 1):
 par new generation   total 109248K, used 13904K [0x00000000e0000000, 0x00000000e8000000, 0x00000000e8000000)
  eden space 87424K,   0% used [0x00000000e0000000, 0x00000000e0000000, 0x00000000e5560000)
  from space 21824K,  63% used [0x00000000e5560000, 0x00000000e62f42f0, 0x00000000e6ab0000)
  to   space 21824K,   0% used [0x00000000e6ab0000, 0x00000000e6ab0000, 0x00000000e8000000)
 concurrent mark-sweep generation total 393216K, used 1431K [0x00000000e8000000, 0x0000000100000000, 0x0000000100000000)
 Metaspace       used 24766K, capacity 25265K, committed 25392K, reserved 1071104K
  class space    used 2902K, capacity 3090K, committed 3120K, reserved 1048576K
}
2017-05-23T20:16:08.491+0200: 3,736: Total time for which application threads were stopped: 0,0174667 seconds, Stopping threads took: 0,0000630 seconds
{Heap before GC invocations=8 (full 1):
 par new generation   total 109248K, used 101328K [0x00000000e0000000, 0x00000000e8000000, 0x00000000e8000000)
  eden space 87424K, 100% used [0x00000000e0000000, 0x00000000e5560000, 0x00000000e5560000)
  from space 21824K,  63% used [0x00000000e5560000, 0x00000000e62f42f0, 0x00000000e6ab0000)
  to   space 21824K,   0% used [0x00000000e6ab0000, 0x00000000e6ab0000, 0x00000000e8000000)
 concurrent mark-sweep generation total 393216K, used 1431K [0x00000000e8000000, 0x0000000100000000, 0x0000000100000000)
 Metaspace       used 25015K, capacity 25489K, committed 25648K, reserved 1071104K
  class space    used 2917K, capacity 3096K, committed 3120K, reserved 1048576K
2017-05-23T20:16:08.605+0200: 3,851: [GC (Allocation Failure) 2017-05-23T20:16:08.605+0200: 3,851: [ParNew
Desired survivor size 20112992 bytes, new threshold 8 (max 8)
- age   1:     715976 bytes,     715976 total
- age   2:    1078272 bytes,    1794248 total
- age   4:    1798328 bytes,    3592576 total
- age   5:      70632 bytes,    3663208 total
- age   6:      68096 bytes,    3731304 total
- age   7:     178016 bytes,    3909320 total
- age   8:     761840 bytes,    4671160 total
: 101328K->5868K(109248K), 0,0317701 secs] 102759K->13350K(502464K), 0,0318346 secs] [Times: user=0,10 sys=0,00, real=0,03 secs] 
Heap after GC invocations=9 (full 1):
 par new generation   total 109248K, used 5868K [0x00000000e0000000, 0x00000000e8000000, 0x00000000e8000000)
  eden space 87424K,   0% used [0x00000000e0000000, 0x00000000e0000000, 0x00000000e5560000)
  from space 21824K,  26% used [0x00000000e6ab0000, 0x00000000e706b3c0, 0x00000000e8000000)
  to   space 21824K,   0% used [0x00000000e5560000, 0x00000000e5560000, 0x00000000e6ab0000)
 concurrent mark-sweep generation total 393216K, used 7481K [0x00000000e8000000, 0x0000000100000000, 0x0000000100000000)
 Metaspace       used 25015K, capacity 25489K, committed 25648K, reserved 1071104K
  class space    used 2917K, capacity 3096K, committed 3120K, reserved 1048576K
}
2017-05-23T20:16:08.637+0200: 3,883: Total time for which application threads were stopped: 0,0320565 seconds, Stopping threads took: 0,0000516 seconds
2017-05-23T20:16:08.811+0200: 4,056: Total time for which application threads were stopped: 0,0006132 seconds, Stopping threads took: 0,0002967 seconds
2017-05-23T20:16:08.818+0200: 4,063: Total time for which application threads were stopped: 0,0004996 seconds, Stopping threads took: 0,0004180 seconds
2017-05-23T20:16:08.818+0200: 4,064: Total time for which application threads were stopped: 0,0000889 seconds, Stopping threads took: 0,0000228 seconds
2017-05-23T20:16:08.819+0200: 4,064: Total time for which application threads were stopped: 0,0001664 seconds, Stopping threads took: 0,0001043 seconds
2017-05-23T20:16:08.820+0200: 4,065: Total time for which application threads were stopped: 0,0001093 seconds, Stopping threads took: 0,0000306 seconds
2017-05-23T20:16:08.822+0200: 4,067: Total time for which application threads were stopped: 0,0001044 seconds, Stopping threads took: 0,0000311 seconds
2017-05-23T20:16:08.823+0200: 4,068: Total time for which application threads were stopped: 0,0001159 seconds, Stopping threads took: 0,0000379 seconds
2017-05-23T20:16:08.824+0200: 4,069: Total time for which application threads were stopped: 0,0000725 seconds, Stopping threads took: 0,0000235 seconds
2017-05-23T20:16:08.824+0200: 4,069: Total time for which application threads were stopped: 0,0000964 seconds, Stopping threads took: 0,0000253 seconds
2017-05-23T20:16:08.827+0200: 4,072: Total time for which application threads were stopped: 0,0001133 seconds, Stopping threads took: 0,0000325 seconds
2017-05-23T20:16:08.827+0200: 4,072: Total time for which application threads were stopped: 0,0000796 seconds, Stopping threads took: 0,0000229 seconds
2017-05-23T20:16:08.830+0200: 4,075: Total time for which application threads were stopped: 0,0022015 seconds, Stopping threads took: 0,0021329 seconds
2017-05-23T20:16:08.851+0200: 4,096: Total time for which application threads were stopped: 0,0001339 seconds, Stopping threads took: 0,0000501 seconds
2017-05-23T20:16:08.878+0200: 4,123: Total time for which application threads were stopped: 0,0011491 seconds, Stopping threads took: 0,0006546 seconds
2017-05-23T20:16:08.918+0200: 4,163: Total time for which application threads were stopped: 0,0005235 seconds, Stopping threads took: 0,0000269 seconds
2017-05-23T20:16:08.919+0200: 4,164: Total time for which application threads were stopped: 0,0001614 seconds, Stopping threads took: 0,0000524 seconds
2017-05-23T20:16:08.922+0200: 4,168: Total time for which application threads were stopped: 0,0001831 seconds, Stopping threads took: 0,0000709 seconds
2017-05-23T20:16:08.923+0200: 4,168: Total time for which application threads were stopped: 0,0000958 seconds, Stopping threads took: 0,0000204 seconds
2017-05-23T20:16:08.926+0200: 4,171: Total time for which application threads were stopped: 0,0001170 seconds, Stopping threads took: 0,0000466 seconds
2017-05-23T20:16:08.927+0200: 4,173: Total time for which application threads were stopped: 0,0001499 seconds, Stopping threads took: 0,0000357 seconds
2017-05-23T20:16:08.958+0200: 4,203: Total time for which application threads were stopped: 0,0012200 seconds, Stopping threads took: 0,0011022 seconds
2017-05-23T20:16:08.959+0200: 4,204: Total time for which application threads were stopped: 0,0001068 seconds, Stopping threads took: 0,0000393 seconds
2017-05-23T20:16:08.963+0200: 4,209: Total time for which application threads were stopped: 0,0001469 seconds, Stopping threads took: 0,0000219 seconds
2017-05-23T20:16:08.964+0200: 4,209: Total time for which application threads were stopped: 0,0000837 seconds, Stopping threads took: 0,0000241 seconds
2017-05-23T20:16:08.966+0200: 4,211: Total time for which application threads were stopped: 0,0001244 seconds, Stopping threads took: 0,0000536 seconds
2017-05-23T20:16:08.967+0200: 4,212: Total time for which application threads were stopped: 0,0001382 seconds, Stopping threads took: 0,0000714 seconds
2017-05-23T20:16:08.967+0200: 4,213: Total time for which application threads were stopped: 0,0000616 seconds, Stopping threads took: 0,0000157 seconds
2017-05-23T20:16:08.968+0200: 4,214: Total time for which application threads were stopped: 0,0000899 seconds, Stopping threads took: 0,0000243 seconds
2017-05-23T20:16:08.971+0200: 4,216: Total time for which application threads were stopped: 0,0000967 seconds, Stopping threads took: 0,0000252 seconds
2017-05-23T20:16:08.972+0200: 4,217: Total time for which application threads were stopped: 0,0001275 seconds, Stopping threads took: 0,0000442 seconds
2017-05-23T20:16:08.974+0200: 4,219: Total time for which application threads were stopped: 0,0002078 seconds, Stopping threads took: 0,0001233 seconds
2017-05-23T20:16:08.975+0200: 4,220: Total time for which application threads were stopped: 0,0001012 seconds, Stopping threads took: 0,0000309 seconds
2017-05-23T20:16:08.980+0200: 4,225: Total time for which application threads were stopped: 0,0004907 seconds, Stopping threads took: 0,0000747 seconds
2017-05-23T20:16:08.981+0200: 4,226: Total time for which application threads were stopped: 0,0001260 seconds, Stopping threads took: 0,0000404 seconds
2017-05-23T20:16:08.983+0200: 4,228: Total time for which application threads were stopped: 0,0001186 seconds, Stopping threads took: 0,0000601 seconds
2017-05-23T20:16:08.983+0200: 4,228: Total time for which application threads were stopped: 0,0000764 seconds, Stopping threads took: 0,0000230 seconds
2017-05-23T20:16:08.983+0200: 4,228: Total time for which application threads were stopped: 0,0000914 seconds, Stopping threads took: 0,0000231 seconds
2017-05-23T20:16:08.983+0200: 4,228: Total time for which application threads were stopped: 0,0000640 seconds, Stopping threads took: 0,0000212 seconds
2017-05-23T20:16:08.986+0200: 4,231: Total time for which application threads were stopped: 0,0001005 seconds, Stopping threads took: 0,0000337 seconds
2017-05-23T20:16:08.994+0200: 4,239: Total time for which application threads were stopped: 0,0000954 seconds, Stopping threads took: 0,0000256 seconds
2017-05-23T20:16:08.995+0200: 4,240: Total time for which application threads were stopped: 0,0000901 seconds, Stopping threads took: 0,0000308 seconds
2017-05-23T20:16:09.005+0200: 4,250: Total time for which application threads were stopped: 0,0001365 seconds, Stopping threads took: 0,0000472 seconds
2017-05-23T20:16:09.007+0200: 4,252: Total time for which application threads were stopped: 0,0001642 seconds, Stopping threads took: 0,0000441 seconds
2017-05-23T20:16:09.008+0200: 4,253: Total time for which application threads were stopped: 0,0001505 seconds, Stopping threads took: 0,0000441 seconds
2017-05-23T20:16:09.008+0200: 4,253: Total time for which application threads were stopped: 0,0001033 seconds, Stopping threads took: 0,0000263 seconds
2017-05-23T20:16:09.008+0200: 4,253: Total time for which application threads were stopped: 0,0000801 seconds, Stopping threads took: 0,0000121 seconds
2017-05-23T20:16:09.008+0200: 4,253: Total time for which application threads were stopped: 0,0000780 seconds, Stopping threads took: 0,0000122 seconds
2017-05-23T20:16:09.008+0200: 4,254: Total time for which application threads were stopped: 0,0001848 seconds, Stopping threads took: 0,0000123 seconds
2017-05-23T20:16:09.018+0200: 4,263: Total time for which application threads were stopped: 0,0022208 seconds, Stopping threads took: 0,0020788 seconds
2017-05-23T20:16:09.025+0200: 4,271: Total time for which application threads were stopped: 0,0009923 seconds, Stopping threads took: 0,0008295 seconds
2017-05-23T20:16:09.043+0200: 4,289: Total time for which application threads were stopped: 0,0016140 seconds, Stopping threads took: 0,0014904 seconds
2017-05-23T20:16:09.056+0200: 4,301: Total time for which application threads were stopped: 0,0001566 seconds, Stopping threads took: 0,0000290 seconds
{Heap before GC invocations=9 (full 1):
 par new generation   total 109248K, used 93292K [0x00000000e0000000, 0x00000000e8000000, 0x00000000e8000000)
  eden space 87424K, 100% used [0x00000000e0000000, 0x00000000e5560000, 0x00000000e5560000)
  from space 21824K,  26% used [0x00000000e6ab0000, 0x00000000e706b3c0, 0x00000000e8000000)
  to   space 21824K,   0% used [0x00000000e5560000, 0x00000000e5560000, 0x00000000e6ab0000)
 concurrent mark-sweep generation total 393216K, used 7481K [0x00000000e8000000, 0x0000000100000000, 0x0000000100000000)
 Metaspace       used 27270K, capacity 27847K, committed 28208K, reserved 1075200K
  class space    used 3134K, capacity 3305K, committed 3376K, reserved 1048576K
2017-05-23T20:16:09.064+0200: 4,309: [GC (Allocation Failure) 2017-05-23T20:16:09.064+0200: 4,309: [ParNew
Desired survivor size 20112992 bytes, new threshold 8 (max 8)
- age   1:    7798352 bytes,    7798352 total
- age   2:     284872 bytes,    8083224 total
- age   3:     525600 bytes,    8608824 total
- age   5:    1794896 bytes,   10403720 total
- age   6:      70632 bytes,   10474352 total
- age   7:      68096 bytes,   10542448 total
- age   8:     177968 bytes,   10720416 total
: 93292K->11916K(109248K), 0,0182306 secs] 100774K->20230K(502464K), 0,0182979 secs] [Times: user=0,06 sys=0,01, real=0,02 secs] 
Heap after GC invocations=10 (full 1):
 par new generation   total 109248K, used 11916K [0x00000000e0000000, 0x00000000e8000000, 0x00000000e8000000)
  eden space 87424K,   0% used [0x00000000e0000000, 0x00000000e0000000, 0x00000000e5560000)
  from space 21824K,  54% used [0x00000000e5560000, 0x00000000e61033a8, 0x00000000e6ab0000)
  to   space 21824K,   0% used [0x00000000e6ab0000, 0x00000000e6ab0000, 0x00000000e8000000)
 concurrent mark-sweep generation total 393216K, used 8313K [0x00000000e8000000, 0x0000000100000000, 0x0000000100000000)
 Metaspace       used 27270K, capacity 27847K, committed 28208K, reserved 1075200K
  class space    used 3134K, capacity 3305K, committed 3376K, reserved 1048576K
}
2017-05-23T20:16:09.082+0200: 4,327: Total time for which application threads were stopped: 0,0191053 seconds, Stopping threads took: 0,0006464 seconds
2017-05-23T20:16:09.085+0200: 4,331: Total time for which application threads were stopped: 0,0010330 seconds, Stopping threads took: 0,0009227 seconds
2017-05-23T20:16:09.086+0200: 4,332: Total time for which application threads were stopped: 0,0006122 seconds, Stopping threads took: 0,0005059 seconds
2017-05-23T20:16:09.118+0200: 4,363: Total time for which application threads were stopped: 0,0002048 seconds, Stopping threads took: 0,0000290 seconds
2017-05-23T20:16:09.125+0200: 4,370: Total time for which application threads were stopped: 0,0001581 seconds, Stopping threads took: 0,0000595 seconds
2017-05-23T20:16:09.156+0200: 4,401: Total time for which application threads were stopped: 0,0005669 seconds, Stopping threads took: 0,0000216 seconds
2017-05-23T20:16:10.156+0200: 5,401: Total time for which application threads were stopped: 0,0000796 seconds, Stopping threads took: 0,0000200 seconds
2017-05-23T20:16:11.156+0200: 6,402: Total time for which application threads were stopped: 0,0000618 seconds, Stopping threads took: 0,0000163 seconds
2017-05-23T20:16:26.158+0200: 21,403: Total time for which application threads were stopped: 0,0001060 seconds, Stopping threads took: 0,0000486 seconds
2017-05-23T20:16:37.159+0200: 32,404: Total time for which application threads were stopped: 0,0000961 seconds, Stopping threads took: 0,0000241 seconds
2017-05-23T20:17:27.166+0200: 82,411: Total time for which application threads were stopped: 0,0004264 seconds, Stopping threads took: 0,0001575 seconds
2017-05-23T20:18:02.170+0200: 117,416: Total time for which application threads were stopped: 0,0000848 seconds, Stopping threads took: 0,0000347 seconds
2017-05-23T20:18:07.171+0200: 122,416: Total time for which application threads were stopped: 0,0000710 seconds, Stopping threads took: 0,0000187 seconds
2017-05-23T20:19:06.178+0200: 181,423: Total time for which application threads were stopped: 0,0000900 seconds, Stopping threads took: 0,0000329 seconds
2017-05-23T20:20:41.190+0200: 276,435: Total time for which application threads were stopped: 0,0001265 seconds, Stopping threads took: 0,0000662 seconds
2017-05-23T20:20:42.190+0200: 277,435: Total time for which application threads were stopped: 0,0000676 seconds, Stopping threads took: 0,0000156 seconds
2017-05-23T20:39:36.327+0200: 1411,572: Total time for which application threads were stopped: 0,0004172 seconds, Stopping threads took: 0,0002303 seconds
2017-05-23T20:44:01.361+0200: 1676,606: Total time for which application threads were stopped: 0,0000897 seconds, Stopping threads took: 0,0000357 seconds
2017-05-23T20:44:06.362+0200: 1681,607: Total time for which application threads were stopped: 0,0001699 seconds, Stopping threads took: 0,0000670 seconds
2017-05-23T20:48:06.390+0200: 1921,635: Total time for which application threads were stopped: 0,0000890 seconds, Stopping threads took: 0,0000372 seconds
2017-05-23T20:48:36.394+0200: 1951,639: Total time for which application threads were stopped: 0,0000753 seconds, Stopping threads took: 0,0000282 seconds
2017-05-23T20:54:26.440+0200: 2301,685: Total time for which application threads were stopped: 0,0003749 seconds, Stopping threads took: 0,0001833 seconds
2017-05-23T20:54:27.440+0200: 2302,685: Total time for which application threads were stopped: 0,0000993 seconds, Stopping threads took: 0,0000153 seconds
2017-05-23T21:09:22.546+0200: 3197,791: Total time for which application threads were stopped: 0,0001705 seconds, Stopping threads took: 0,0000657 seconds
2017-05-23T21:10:06.551+0200: 3241,797: Total time for which application threads were stopped: 0,0002935 seconds, Stopping threads took: 0,0001448 seconds
2017-05-23T21:20:51.627+0200: 3886,872: Total time for which application threads were stopped: 0,0000922 seconds, Stopping threads took: 0,0000301 seconds
2017-05-23T21:20:56.627+0200: 3891,873: Total time for which application threads were stopped: 0,0000698 seconds, Stopping threads took: 0,0000162 seconds
2017-05-23T21:22:36.636+0200: 3991,881: Total time for which application threads were stopped: 0,0002205 seconds, Stopping threads took: 0,0000805 seconds
2017-05-23T21:34:37.722+0200: 4712,967: Total time for which application threads were stopped: 0,0000797 seconds, Stopping threads took: 0,0000312 seconds
2017-05-23T22:06:12.933+0200: 6608,178: Total time for which application threads were stopped: 0,0000779 seconds, Stopping threads took: 0,0000295 seconds
2017-05-23T22:16:06.988+0200: 7202,233: Total time for which application threads were stopped: 0,0005704 seconds, Stopping threads took: 0,0001942 seconds
2017-05-23T22:18:07.000+0200: 7322,245: Total time for which application threads were stopped: 0,0001046 seconds, Stopping threads took: 0,0000373 seconds
2017-05-23T22:24:07.031+0200: 7682,276: Total time for which application threads were stopped: 0,0000761 seconds, Stopping threads took: 0,0000295 seconds
2017-05-23T22:24:37.033+0200: 7712,278: Total time for which application threads were stopped: 0,0002809 seconds, Stopping threads took: 0,0001071 seconds
2017-05-24T00:32:06.805+0200: 15362,051: Total time for which application threads were stopped: 0,0000799 seconds, Stopping threads took: 0,0000329 seconds
2017-05-24T00:51:06.922+0200: 16502,167: Total time for which application threads were stopped: 0,0004890 seconds, Stopping threads took: 0,0001682 seconds
2017-05-24T01:26:46.514+0200: 18641,759: Total time for which application threads were stopped: 0,0133458 seconds, Stopping threads took: 0,0132576 seconds
2017-05-24T01:26:46.514+0200: 18641,759: Total time for which application threads were stopped: 0,0000854 seconds, Stopping threads took: 0,0000281 seconds
2017-05-24T01:26:46.517+0200: 18641,762: Total time for which application threads were stopped: 0,0000897 seconds, Stopping threads took: 0,0000255 seconds
2017-05-24T01:26:46.517+0200: 18641,762: Total time for which application threads were stopped: 0,0000487 seconds, Stopping threads took: 0,0000133 seconds
2017-05-24T01:26:46.517+0200: 18641,762: Total time for which application threads were stopped: 0,0000443 seconds, Stopping threads took: 0,0000134 seconds
2017-05-24T01:26:46.520+0200: 18641,765: Total time for which application threads were stopped: 0,0000873 seconds, Stopping threads took: 0,0000215 seconds
2017-05-24T01:26:46.520+0200: 18641,765: Total time for which application threads were stopped: 0,0000471 seconds, Stopping threads took: 0,0000127 seconds
2017-05-24T01:26:46.520+0200: 18641,765: Total time for which application threads were stopped: 0,0000446 seconds, Stopping threads took: 0,0000135 seconds
2017-05-24T01:26:46.526+0200: 18641,771: Total time for which application threads were stopped: 0,0001467 seconds, Stopping threads took: 0,0000465 seconds
2017-05-24T01:26:46.537+0200: 18641,783: Total time for which application threads were stopped: 0,0000967 seconds, Stopping threads took: 0,0000258 seconds
2017-05-24T01:26:46.538+0200: 18641,783: Total time for which application threads were stopped: 0,0000497 seconds, Stopping threads took: 0,0000128 seconds
2017-05-24T01:26:46.538+0200: 18641,783: Total time for which application threads were stopped: 0,0000592 seconds, Stopping threads took: 0,0000116 seconds
2017-05-24T01:26:46.538+0200: 18641,783: Total time for which application threads were stopped: 0,0000468 seconds, Stopping threads took: 0,0000124 seconds
2017-05-24T01:26:46.540+0200: 18641,785: Total time for which application threads were stopped: 0,0000851 seconds, Stopping threads took: 0,0000224 seconds
2017-05-24T01:26:46.540+0200: 18641,785: Total time for which application threads were stopped: 0,0000491 seconds, Stopping threads took: 0,0000124 seconds
2017-05-24T01:26:46.540+0200: 18641,786: Total time for which application threads were stopped: 0,0000460 seconds, Stopping threads took: 0,0000125 seconds
2017-05-24T01:26:46.540+0200: 18641,786: Total time for which application threads were stopped: 0,0000456 seconds, Stopping threads took: 0,0000136 seconds
2017-05-24T01:26:46.541+0200: 18641,786: Total time for which application threads were stopped: 0,0000453 seconds, Stopping threads took: 0,0000130 seconds
2017-05-24T01:26:46.541+0200: 18641,786: Total time for which application threads were stopped: 0,0000440 seconds, Stopping threads took: 0,0000117 seconds
2017-05-24T01:26:46.541+0200: 18641,786: Total time for which application threads were stopped: 0,0000429 seconds, Stopping threads took: 0,0000115 seconds
2017-05-24T01:26:46.541+0200: 18641,786: Total time for which application threads were stopped: 0,0000445 seconds, Stopping threads took: 0,0000122 seconds
2017-05-24T01:26:46.541+0200: 18641,786: Total time for which application threads were stopped: 0,0000459 seconds, Stopping threads took: 0,0000125 seconds
2017-05-24T01:26:46.541+0200: 18641,786: Total time for which application threads were stopped: 0,0000453 seconds, Stopping threads took: 0,0000121 seconds
2017-05-24T01:26:46.547+0200: 18641,792: Total time for which application threads were stopped: 0,0001026 seconds, Stopping threads took: 0,0000304 seconds
2017-05-24T01:26:46.547+0200: 18641,792: Total time for which application threads were stopped: 0,0000489 seconds, Stopping threads took: 0,0000131 seconds
2017-05-24T01:26:46.555+0200: 18641,800: Total time for which application threads were stopped: 0,0001846 seconds, Stopping threads took: 0,0001117 seconds
2017-05-24T01:26:46.558+0200: 18641,803: Total time for which application threads were stopped: 0,0001051 seconds, Stopping threads took: 0,0000367 seconds
2017-05-24T01:26:46.558+0200: 18641,804: Total time for which application threads were stopped: 0,0000628 seconds, Stopping threads took: 0,0000151 seconds
2017-05-24T01:26:46.559+0200: 18641,804: Total time for which application threads were stopped: 0,0000709 seconds, Stopping threads took: 0,0000162 seconds
2017-05-24T01:26:46.559+0200: 18641,804: Total time for which application threads were stopped: 0,0000543 seconds, Stopping threads took: 0,0000172 seconds
2017-05-24T01:26:46.562+0200: 18641,807: Total time for which application threads were stopped: 0,0001137 seconds, Stopping threads took: 0,0000364 seconds
2017-05-24T01:26:46.563+0200: 18641,809: Total time for which application threads were stopped: 0,0000769 seconds, Stopping threads took: 0,0000161 seconds
2017-05-24T01:26:46.563+0200: 18641,809: Total time for which application threads were stopped: 0,0000517 seconds, Stopping threads took: 0,0000139 seconds
2017-05-24T01:26:46.564+0200: 18641,809: Total time for which application threads were stopped: 0,0000460 seconds, Stopping threads took: 0,0000130 seconds
2017-05-24T01:26:46.564+0200: 18641,809: Total time for which application threads were stopped: 0,0000470 seconds, Stopping threads took: 0,0000145 seconds
2017-05-24T01:26:46.565+0200: 18641,811: Total time for which application threads were stopped: 0,0000852 seconds, Stopping threads took: 0,0000272 seconds
2017-05-24T01:26:46.565+0200: 18641,811: Total time for which application threads were stopped: 0,0000472 seconds, Stopping threads took: 0,0000149 seconds
2017-05-24T01:26:46.566+0200: 18641,811: Total time for which application threads were stopped: 0,0000448 seconds, Stopping threads took: 0,0000133 seconds
2017-05-24T01:26:46.567+0200: 18641,812: Total time for which application threads were stopped: 0,0002834 seconds, Stopping threads took: 0,0002138 seconds
2017-05-24T01:26:46.570+0200: 18641,815: Total time for which application threads were stopped: 0,0031583 seconds, Stopping threads took: 0,0030773 seconds
2017-05-24T01:26:46.570+0200: 18641,816: Total time for which application threads were stopped: 0,0000674 seconds, Stopping threads took: 0,0000200 seconds
2017-05-24T01:26:46.572+0200: 18641,817: Total time for which application threads were stopped: 0,0000847 seconds, Stopping threads took: 0,0000143 seconds
2017-05-24T01:26:46.572+0200: 18641,817: Total time for which application threads were stopped: 0,0000529 seconds, Stopping threads took: 0,0000159 seconds
2017-05-24T01:26:46.572+0200: 18641,817: Total time for which application threads were stopped: 0,0000492 seconds, Stopping threads took: 0,0000174 seconds
2017-05-24T01:26:46.572+0200: 18641,817: Total time for which application threads were stopped: 0,0000583 seconds, Stopping threads took: 0,0000207 seconds
2017-05-24T01:26:46.572+0200: 18641,818: Total time for which application threads were stopped: 0,0000520 seconds, Stopping threads took: 0,0000174 seconds
2017-05-24T01:26:46.573+0200: 18641,818: Total time for which application threads were stopped: 0,0000609 seconds, Stopping threads took: 0,0000186 seconds
2017-05-24T01:26:46.573+0200: 18641,818: Total time for which application threads were stopped: 0,0000789 seconds, Stopping threads took: 0,0000292 seconds
2017-05-24T01:26:46.573+0200: 18641,818: Total time for which application threads were stopped: 0,0001850 seconds, Stopping threads took: 0,0000193 seconds
2017-05-24T01:26:46.574+0200: 18641,820: Total time for which application threads were stopped: 0,0000901 seconds, Stopping threads took: 0,0000312 seconds
2017-05-24T01:26:46.575+0200: 18641,821: Total time for which application threads were stopped: 0,0001103 seconds, Stopping threads took: 0,0000467 seconds
2017-05-24T01:26:46.577+0200: 18641,822: Total time for which application threads were stopped: 0,0001488 seconds, Stopping threads took: 0,0000317 seconds
Heap
 par new generation   total 109248K, used 46086K [0x00000000e0000000, 0x00000000e8000000, 0x00000000e8000000)
  eden space 87424K,  39% used [0x00000000e0000000, 0x00000000e215e688, 0x00000000e5560000)
  from space 21824K,  54% used [0x00000000e5560000, 0x00000000e61033a8, 0x00000000e6ab0000)
  to   space 21824K,   0% used [0x00000000e6ab0000, 0x00000000e6ab0000, 0x00000000e8000000)
 concurrent mark-sweep generation total 393216K, used 8313K [0x00000000e8000000, 0x0000000100000000, 0x0000000100000000)
 Metaspace       used 28174K, capacity 28697K, committed 29104K, reserved 1075200K
  class space    used 3234K, capacity 3436K, committed 3504K, reserved 1048576K
