OpenJDK 64-Bit Server VM (25.111-b14) for linux-amd64 JRE (1.8.0_111-8u111-b14-2ubuntu0.16.04.2-b14), built on Oct 27 2016 18:10:19 by "buildd" with gcc 5.4.0 20160609
Memory: 4k page, physical 7867848k(7477932k free), swap 8076284k(8076284k free)
CommandLine flags: -XX:CMSInitiatingOccupancyFraction=50 -XX:CMSMaxAbortablePrecleanTime=6000 -XX:+CMSParallelRemarkEnabled -XX:+CMSScavengeBeforeRemark -XX:ConcGCThreads=4 -XX:InitialHeapSize=536870912 -XX:MaxHeapSize=536870912 -XX:MaxTenuringThreshold=8 -XX:NewRatio=3 -XX:OldPLABSize=16 -XX:OnOutOfMemoryError=/opt/solr/bin/oom_solr.sh 8983 /var/solr/logs -XX:ParallelGCThreads=4 -XX:+ParallelRefProcEnabled -XX:PretenureSizeThreshold=67108864 -XX:+PrintGC -XX:+PrintGCApplicationStoppedTime -XX:+PrintGCDateStamps -XX:+PrintGCDetails -XX:+PrintGCTimeStamps -XX:+PrintHeapAtGC -XX:+PrintTenuringDistribution -XX:SurvivorRatio=4 -XX:TargetSurvivorRatio=90 -XX:ThreadStackSize=256 -XX:+UseCMSInitiatingOccupancyOnly -XX:+UseCompressedClassPointers -XX:+UseCompressedOops -XX:+UseConcMarkSweepGC -XX:+UseParNewGC 
2016-11-26T20:53:52.262+0100: 0,123: Total time for which application threads were stopped: 0,0000682 seconds, Stopping threads took: 0,0000127 seconds
2016-11-26T20:53:52.337+0100: 0,197: Total time for which application threads were stopped: 0,0001349 seconds, Stopping threads took: 0,0000304 seconds
2016-11-26T20:53:52.350+0100: 0,210: Total time for which application threads were stopped: 0,0001190 seconds, Stopping threads took: 0,0000464 seconds
2016-11-26T20:53:52.511+0100: 0,371: Total time for which application threads were stopped: 0,0001266 seconds, Stopping threads took: 0,0000160 seconds
2016-11-26T20:53:52.747+0100: 0,607: Total time for which application threads were stopped: 0,0001573 seconds, Stopping threads took: 0,0000207 seconds
2016-11-26T20:53:52.801+0100: 0,661: Total time for which application threads were stopped: 0,0002400 seconds, Stopping threads took: 0,0000236 seconds
2016-11-26T20:53:52.832+0100: 0,692: Total time for which application threads were stopped: 0,0002135 seconds, Stopping threads took: 0,0000330 seconds
2016-11-26T20:53:53.265+0100: 1,125: Total time for which application threads were stopped: 0,0002270 seconds, Stopping threads took: 0,0000155 seconds
2016-11-26T20:53:53.442+0100: 1,303: Total time for which application threads were stopped: 0,0002063 seconds, Stopping threads took: 0,0000221 seconds
2016-11-26T20:53:53.459+0100: 1,319: Total time for which application threads were stopped: 0,0001652 seconds, Stopping threads took: 0,0000116 seconds
2016-11-26T20:53:53.460+0100: 1,320: Total time for which application threads were stopped: 0,0000867 seconds, Stopping threads took: 0,0000065 seconds
2016-11-26T20:53:53.469+0100: 1,330: Total time for which application threads were stopped: 0,0001543 seconds, Stopping threads took: 0,0000141 seconds
2016-11-26T20:53:53.535+0100: 1,395: Total time for which application threads were stopped: 0,0002911 seconds, Stopping threads took: 0,0000388 seconds
2016-11-26T20:53:53.779+0100: 1,640: Total time for which application threads were stopped: 0,0002083 seconds, Stopping threads took: 0,0000182 seconds
{Heap before GC invocations=0 (full 0):
 par new generation   total 109248K, used 87424K [0x00000000e0000000, 0x00000000e8000000, 0x00000000e8000000)
  eden space 87424K, 100% used [0x00000000e0000000, 0x00000000e5560000, 0x00000000e5560000)
  from space 21824K,   0% used [0x00000000e5560000, 0x00000000e5560000, 0x00000000e6ab0000)
  to   space 21824K,   0% used [0x00000000e6ab0000, 0x00000000e6ab0000, 0x00000000e8000000)
 concurrent mark-sweep generation total 393216K, used 0K [0x00000000e8000000, 0x0000000100000000, 0x0000000100000000)
 Metaspace       used 17943K, capacity 18238K, committed 18304K, reserved 1064960K
  class space    used 2044K, capacity 2162K, committed 2176K, reserved 1048576K
2016-11-26T20:53:53.918+0100: 1,778: [GC (Allocation Failure) 2016-11-26T20:53:53.918+0100: 1,778: [ParNew
Desired survivor size 20112992 bytes, new threshold 8 (max 8)
- age   1:   12037456 bytes,   12037456 total
: 87424K->11871K(109248K), 0,0275520 secs] 87424K->11871K(502464K), 0,0276467 secs] [Times: user=0,07 sys=0,03, real=0,03 secs] 
Heap after GC invocations=1 (full 0):
 par new generation   total 109248K, used 11871K [0x00000000e0000000, 0x00000000e8000000, 0x00000000e8000000)
  eden space 87424K,   0% used [0x00000000e0000000, 0x00000000e0000000, 0x00000000e5560000)
  from space 21824K,  54% used [0x00000000e6ab0000, 0x00000000e7647ed8, 0x00000000e8000000)
  to   space 21824K,   0% used [0x00000000e5560000, 0x00000000e5560000, 0x00000000e6ab0000)
 concurrent mark-sweep generation total 393216K, used 0K [0x00000000e8000000, 0x0000000100000000, 0x0000000100000000)
 Metaspace       used 17943K, capacity 18238K, committed 18304K, reserved 1064960K
  class space    used 2044K, capacity 2162K, committed 2176K, reserved 1048576K
}
2016-11-26T20:53:53.946+0100: 1,806: Total time for which application threads were stopped: 0,0278435 seconds, Stopping threads took: 0,0000175 seconds
2016-11-26T20:53:54.199+0100: 2,059: Total time for which application threads were stopped: 0,0003453 seconds, Stopping threads took: 0,0000501 seconds
2016-11-26T20:53:54.240+0100: 2,100: Total time for which application threads were stopped: 0,0003421 seconds, Stopping threads took: 0,0000353 seconds
2016-11-26T20:53:54.282+0100: 2,142: Total time for which application threads were stopped: 0,0003560 seconds, Stopping threads took: 0,0000404 seconds
{Heap before GC invocations=1 (full 0):
 par new generation   total 109248K, used 99295K [0x00000000e0000000, 0x00000000e8000000, 0x00000000e8000000)
  eden space 87424K, 100% used [0x00000000e0000000, 0x00000000e5560000, 0x00000000e5560000)
  from space 21824K,  54% used [0x00000000e6ab0000, 0x00000000e7647ed8, 0x00000000e8000000)
  to   space 21824K,   0% used [0x00000000e5560000, 0x00000000e5560000, 0x00000000e6ab0000)
 concurrent mark-sweep generation total 393216K, used 0K [0x00000000e8000000, 0x0000000100000000, 0x0000000100000000)
 Metaspace       used 20676K, capacity 21016K, committed 21248K, reserved 1069056K
  class space    used 2403K, capacity 2518K, committed 2560K, reserved 1048576K
2016-11-26T20:53:54.449+0100: 2,309: [GC (Allocation Failure) 2016-11-26T20:53:54.449+0100: 2,309: [ParNew
Desired survivor size 20112992 bytes, new threshold 8 (max 8)
- age   1:    3671440 bytes,    3671440 total
- age   2:    6067648 bytes,    9739088 total
: 99295K->14852K(109248K), 0,0186368 secs] 99295K->14852K(502464K), 0,0187105 secs] [Times: user=0,07 sys=0,00, real=0,02 secs] 
Heap after GC invocations=2 (full 0):
 par new generation   total 109248K, used 14852K [0x00000000e0000000, 0x00000000e8000000, 0x00000000e8000000)
  eden space 87424K,   0% used [0x00000000e0000000, 0x00000000e0000000, 0x00000000e5560000)
  from space 21824K,  68% used [0x00000000e5560000, 0x00000000e63e1180, 0x00000000e6ab0000)
  to   space 21824K,   0% used [0x00000000e6ab0000, 0x00000000e6ab0000, 0x00000000e8000000)
 concurrent mark-sweep generation total 393216K, used 0K [0x00000000e8000000, 0x0000000100000000, 0x0000000100000000)
 Metaspace       used 20676K, capacity 21016K, committed 21248K, reserved 1069056K
  class space    used 2403K, capacity 2518K, committed 2560K, reserved 1048576K
}
2016-11-26T20:53:54.467+0100: 2,327: Total time for which application threads were stopped: 0,0189608 seconds, Stopping threads took: 0,0000552 seconds
2016-11-26T20:53:54.533+0100: 2,393: Total time for which application threads were stopped: 0,0000825 seconds, Stopping threads took: 0,0000140 seconds
2016-11-26T20:53:54.562+0100: 2,422: Total time for which application threads were stopped: 0,0002665 seconds, Stopping threads took: 0,0000129 seconds
2016-11-26T20:53:54.568+0100: 2,429: Total time for which application threads were stopped: 0,0001082 seconds, Stopping threads took: 0,0000293 seconds
2016-11-26T20:53:54.586+0100: 2,447: Total time for which application threads were stopped: 0,0000785 seconds, Stopping threads took: 0,0000191 seconds
2016-11-26T20:53:54.664+0100: 2,524: Total time for which application threads were stopped: 0,0001149 seconds, Stopping threads took: 0,0000173 seconds
2016-11-26T20:53:54.681+0100: 2,541: Total time for which application threads were stopped: 0,0000837 seconds, Stopping threads took: 0,0000201 seconds
2016-11-26T20:53:54.688+0100: 2,548: Total time for which application threads were stopped: 0,0003215 seconds, Stopping threads took: 0,0000274 seconds
2016-11-26T20:53:54.694+0100: 2,555: Total time for which application threads were stopped: 0,0002807 seconds, Stopping threads took: 0,0000243 seconds
2016-11-26T20:53:54.703+0100: 2,564: Total time for which application threads were stopped: 0,0001033 seconds, Stopping threads took: 0,0000230 seconds
2016-11-26T20:53:54.736+0100: 2,596: Total time for which application threads were stopped: 0,0000668 seconds, Stopping threads took: 0,0000134 seconds
2016-11-26T20:53:54.751+0100: 2,611: Total time for which application threads were stopped: 0,0000770 seconds, Stopping threads took: 0,0000157 seconds
2016-11-26T20:53:54.769+0100: 2,629: Total time for which application threads were stopped: 0,0000786 seconds, Stopping threads took: 0,0000165 seconds
2016-11-26T20:53:54.790+0100: 2,651: Total time for which application threads were stopped: 0,0000868 seconds, Stopping threads took: 0,0000203 seconds
2016-11-26T20:53:54.828+0100: 2,688: Total time for which application threads were stopped: 0,0001448 seconds, Stopping threads took: 0,0000270 seconds
2016-11-26T20:53:54.882+0100: 2,742: Total time for which application threads were stopped: 0,0001007 seconds, Stopping threads took: 0,0000275 seconds
2016-11-26T20:53:54.918+0100: 2,778: Total time for which application threads were stopped: 0,0001221 seconds, Stopping threads took: 0,0000259 seconds
{Heap before GC invocations=2 (full 0):
 par new generation   total 109248K, used 102276K [0x00000000e0000000, 0x00000000e8000000, 0x00000000e8000000)
  eden space 87424K, 100% used [0x00000000e0000000, 0x00000000e5560000, 0x00000000e5560000)
  from space 21824K,  68% used [0x00000000e5560000, 0x00000000e63e1180, 0x00000000e6ab0000)
  to   space 21824K,   0% used [0x00000000e6ab0000, 0x00000000e6ab0000, 0x00000000e8000000)
 concurrent mark-sweep generation total 393216K, used 0K [0x00000000e8000000, 0x0000000100000000, 0x0000000100000000)
 Metaspace       used 24800K, capacity 25224K, committed 25536K, reserved 1071104K
  class space    used 2894K, capacity 3025K, committed 3092K, reserved 1048576K
2016-11-26T20:53:54.925+0100: 2,786: [GC (Allocation Failure) 2016-11-26T20:53:54.926+0100: 2,786: [ParNew
Desired survivor size 20112992 bytes, new threshold 8 (max 8)
- age   1:    4851200 bytes,    4851200 total
- age   2:     583400 bytes,    5434600 total
- age   3:    6042248 bytes,   11476848 total
: 102276K->13761K(109248K), 0,0102921 secs] 102276K->13761K(502464K), 0,0103708 secs] [Times: user=0,03 sys=0,00, real=0,01 secs] 
Heap after GC invocations=3 (full 0):
 par new generation   total 109248K, used 13761K [0x00000000e0000000, 0x00000000e8000000, 0x00000000e8000000)
  eden space 87424K,   0% used [0x00000000e0000000, 0x00000000e0000000, 0x00000000e5560000)
  from space 21824K,  63% used [0x00000000e6ab0000, 0x00000000e7820540, 0x00000000e8000000)
  to   space 21824K,   0% used [0x00000000e5560000, 0x00000000e5560000, 0x00000000e6ab0000)
 concurrent mark-sweep generation total 393216K, used 0K [0x00000000e8000000, 0x0000000100000000, 0x0000000100000000)
 Metaspace       used 24800K, capacity 25224K, committed 25536K, reserved 1071104K
  class space    used 2894K, capacity 3025K, committed 3092K, reserved 1048576K
}
2016-11-26T20:53:54.936+0100: 2,796: Total time for which application threads were stopped: 0,0105234 seconds, Stopping threads took: 0,0000226 seconds
2016-11-26T20:53:54.936+0100: 2,796: [GC (CMS Initial Mark) [1 CMS-initial-mark: 0K(393216K)] 14017K(502464K), 0,0026196 secs] [Times: user=0,01 sys=0,00, real=0,01 secs] 
2016-11-26T20:53:54.939+0100: 2,799: Total time for which application threads were stopped: 0,0027289 seconds, Stopping threads took: 0,0000426 seconds
2016-11-26T20:53:54.939+0100: 2,799: [CMS-concurrent-mark-start]
2016-11-26T20:53:54.939+0100: 2,799: [CMS-concurrent-mark: 0,000/0,000 secs] [Times: user=0,00 sys=0,00, real=0,00 secs] 
2016-11-26T20:53:54.939+0100: 2,799: [CMS-concurrent-preclean-start]
2016-11-26T20:53:54.940+0100: 2,800: [CMS-concurrent-preclean: 0,001/0,001 secs] [Times: user=0,00 sys=0,00, real=0,00 secs] 
2016-11-26T20:53:54.940+0100: 2,801: [GC (CMS Final Remark) [YG occupancy: 15412 K (109248 K)]{Heap before GC invocations=3 (full 1):
 par new generation   total 109248K, used 15412K [0x00000000e0000000, 0x00000000e8000000, 0x00000000e8000000)
  eden space 87424K,   1% used [0x00000000e0000000, 0x00000000e019ce00, 0x00000000e5560000)
  from space 21824K,  63% used [0x00000000e6ab0000, 0x00000000e7820540, 0x00000000e8000000)
  to   space 21824K,   0% used [0x00000000e5560000, 0x00000000e5560000, 0x00000000e6ab0000)
 concurrent mark-sweep generation total 393216K, used 0K [0x00000000e8000000, 0x0000000100000000, 0x0000000100000000)
 Metaspace       used 24801K, capacity 25224K, committed 25536K, reserved 1071104K
  class space    used 2894K, capacity 3025K, committed 3092K, reserved 1048576K
2016-11-26T20:53:54.940+0100: 2,801: [GC (CMS Final Remark) 2016-11-26T20:53:54.940+0100: 2,801: [ParNew
Desired survivor size 20112992 bytes, new threshold 8 (max 8)
- age   1:     765968 bytes,     765968 total
- age   2:    1315064 bytes,    2081032 total
- age   3:     583400 bytes,    2664432 total
- age   4:    6040840 bytes,    8705272 total
: 15412K->11830K(109248K), 0,0085475 secs] 15412K->11830K(502464K), 0,0085905 secs] [Times: user=0,04 sys=0,00, real=0,01 secs] 
Heap after GC invocations=4 (full 1):
 par new generation   total 109248K, used 11830K [0x00000000e0000000, 0x00000000e8000000, 0x00000000e8000000)
  eden space 87424K,   0% used [0x00000000e0000000, 0x00000000e0000000, 0x00000000e5560000)
  from space 21824K,  54% used [0x00000000e5560000, 0x00000000e60ed9e0, 0x00000000e6ab0000)
  to   space 21824K,   0% used [0x00000000e6ab0000, 0x00000000e6ab0000, 0x00000000e8000000)
 concurrent mark-sweep generation total 393216K, used 0K [0x00000000e8000000, 0x0000000100000000, 0x0000000100000000)
 Metaspace       used 24801K, capacity 25224K, committed 25536K, reserved 1071104K
  class space    used 2894K, capacity 3025K, committed 3092K, reserved 1048576K
}
2016-11-26T20:53:54.949+0100: 2,809: [Rescan (parallel) , 0,0032756 secs]2016-11-26T20:53:54.952+0100: 2,813: [weak refs processing, 0,0010224 secs]2016-11-26T20:53:54.953+0100: 2,814: [class unloading, 0,0031675 secs]2016-11-26T20:53:54.957+0100: 2,817: [scrub symbol table, 0,0038274 secs]2016-11-26T20:53:54.960+0100: 2,821: [scrub string table, 0,0004145 secs][1 CMS-remark: 0K(393216K)] 11830K(502464K), 0,0210396 secs] [Times: user=0,06 sys=0,00, real=0,02 secs] 
2016-11-26T20:53:54.961+0100: 2,822: Total time for which application threads were stopped: 0,0211718 seconds, Stopping threads took: 0,0000559 seconds
2016-11-26T20:53:54.962+0100: 2,822: [CMS-concurrent-sweep-start]
2016-11-26T20:53:54.962+0100: 2,822: [CMS-concurrent-sweep: 0,000/0,000 secs] [Times: user=0,00 sys=0,00, real=0,00 secs] 
2016-11-26T20:53:54.962+0100: 2,822: [CMS-concurrent-reset-start]
2016-11-26T20:53:54.963+0100: 2,823: [CMS-concurrent-reset: 0,001/0,001 secs] [Times: user=0,00 sys=0,01, real=0,00 secs] 
2016-11-26T20:53:55.962+0100: 3,822: Total time for which application threads were stopped: 0,0001178 seconds, Stopping threads took: 0,0000205 seconds
2016-11-26T20:53:56.203+0100: 4,063: Total time for which application threads were stopped: 0,0002353 seconds, Stopping threads took: 0,0000159 seconds
2016-11-26T20:56:34.245+0100: 162,105: Total time for which application threads were stopped: 0,0001694 seconds, Stopping threads took: 0,0000692 seconds
2016-11-26T20:56:39.246+0100: 167,106: Total time for which application threads were stopped: 0,0001221 seconds, Stopping threads took: 0,0000316 seconds
2016-11-26T20:56:53.249+0100: 181,109: Total time for which application threads were stopped: 0,0000659 seconds, Stopping threads took: 0,0000174 seconds
2016-11-26T20:57:49.258+0100: 237,118: Total time for which application threads were stopped: 0,0001835 seconds, Stopping threads took: 0,0000744 seconds
2016-11-26T20:58:28.264+0100: 276,124: Total time for which application threads were stopped: 0,0000874 seconds, Stopping threads took: 0,0000364 seconds
2016-11-26T20:58:39.265+0100: 287,125: Total time for which application threads were stopped: 0,0001653 seconds, Stopping threads took: 0,0000647 seconds
2016-11-26T20:59:14.270+0100: 322,130: Total time for which application threads were stopped: 0,0001236 seconds, Stopping threads took: 0,0000485 seconds
2016-11-26T20:59:48.275+0100: 356,135: Total time for which application threads were stopped: 0,0001561 seconds, Stopping threads took: 0,0000600 seconds
2016-11-26T20:59:53.276+0100: 361,136: Total time for which application threads were stopped: 0,0001287 seconds, Stopping threads took: 0,0000330 seconds
2016-11-26T21:01:54.296+0100: 482,156: Total time for which application threads were stopped: 0,0000734 seconds, Stopping threads took: 0,0000306 seconds
2016-11-26T21:04:34.313+0100: 642,173: Total time for which application threads were stopped: 0,0000857 seconds, Stopping threads took: 0,0000309 seconds
2016-11-26T21:17:33.395+0100: 1421,255: Total time for which application threads were stopped: 0,0000985 seconds, Stopping threads took: 0,0000379 seconds
2016-11-26T21:22:33.436+0100: 1721,296: Total time for which application threads were stopped: 0,0001349 seconds, Stopping threads took: 0,0000522 seconds
2016-11-26T21:32:33.516+0100: 2321,376: Total time for which application threads were stopped: 0,0001095 seconds, Stopping threads took: 0,0000421 seconds
2016-11-26T21:32:34.516+0100: 2322,377: Total time for which application threads were stopped: 0,0000655 seconds, Stopping threads took: 0,0000170 seconds
2016-11-26T21:35:04.535+0100: 2472,395: Total time for which application threads were stopped: 0,0000726 seconds, Stopping threads took: 0,0000292 seconds
2016-11-26T21:47:09.636+0100: 3197,496: Total time for which application threads were stopped: 0,0001565 seconds, Stopping threads took: 0,0000619 seconds
2016-11-26T21:57:13.722+0100: 3801,582: Total time for which application threads were stopped: 0,0001695 seconds, Stopping threads took: 0,0000673 seconds
2016-11-26T21:57:18.722+0100: 3806,583: Total time for which application threads were stopped: 0,0000741 seconds, Stopping threads took: 0,0000157 seconds
2016-11-26T22:00:53.753+0100: 4021,613: Total time for which application threads were stopped: 0,0001493 seconds, Stopping threads took: 0,0000579 seconds
2016-11-26T22:37:54.072+0100: 6241,932: Total time for which application threads were stopped: 0,0001272 seconds, Stopping threads took: 0,0000520 seconds
2016-11-26T22:38:59.080+0100: 6306,941: Total time for which application threads were stopped: 0,0001505 seconds, Stopping threads took: 0,0000593 seconds
2016-11-26T22:58:54.240+0100: 7502,100: Total time for which application threads were stopped: 0,0000924 seconds, Stopping threads took: 0,0000347 seconds
2016-11-26T22:59:24.243+0100: 7532,103: Total time for which application threads were stopped: 0,0003355 seconds, Stopping threads took: 0,0001315 seconds
2016-11-26T23:01:54.261+0100: 7682,121: Total time for which application threads were stopped: 0,0000733 seconds, Stopping threads took: 0,0000302 seconds
2016-11-27T00:03:23.653+0100: 11371,514: Total time for which application threads were stopped: 0,0000723 seconds, Stopping threads took: 0,0000295 seconds
2016-11-27T00:05:53.671+0100: 11521,532: Total time for which application threads were stopped: 0,0005153 seconds, Stopping threads took: 0,0001547 seconds
2016-11-27T00:06:23.675+0100: 11551,535: Total time for which application threads were stopped: 0,0000800 seconds, Stopping threads took: 0,0000319 seconds
2016-11-27T00:39:45.030+0100: 13552,891: Total time for which application threads were stopped: 0,0001392 seconds, Stopping threads took: 0,0000240 seconds
Heap
 par new generation   total 109248K, used 55318K [0x00000000e0000000, 0x00000000e8000000, 0x00000000e8000000)
  eden space 87424K,  49% used [0x00000000e0000000, 0x00000000e2a77ef0, 0x00000000e5560000)
  from space 21824K,  54% used [0x00000000e5560000, 0x00000000e60ed9e0, 0x00000000e6ab0000)
  to   space 21824K,   0% used [0x00000000e6ab0000, 0x00000000e6ab0000, 0x00000000e8000000)
 concurrent mark-sweep generation total 393216K, used 0K [0x00000000e8000000, 0x0000000100000000, 0x0000000100000000)
 Metaspace       used 27191K, capacity 27662K, committed 27924K, reserved 1073152K
  class space    used 3161K, capacity 3320K, committed 3348K, reserved 1048576K
