OpenJDK 64-Bit Server VM (25.131-b11) for linux-amd64 JRE (1.8.0_131-8u131-b11-0ubuntu1.16.04.2-b11), built on May  6 2017 02:45:27 by "buildd" with gcc 5.4.0 20160609
Memory: 4k page, physical 7867740k(7389968k free), swap 8076284k(8076284k free)
CommandLine flags: -XX:CMSInitiatingOccupancyFraction=50 -XX:CMSMaxAbortablePrecleanTime=6000 -XX:+CMSParallelRemarkEnabled -XX:+CMSScavengeBeforeRemark -XX:ConcGCThreads=4 -XX:InitialHeapSize=536870912 -XX:MaxHeapSize=536870912 -XX:MaxTenuringThreshold=8 -XX:NewRatio=3 -XX:OldPLABSize=16 -XX:OnOutOfMemoryError=/opt/solr/bin/oom_solr.sh 8983 /var/solr/logs -XX:ParallelGCThreads=4 -XX:+ParallelRefProcEnabled -XX:PretenureSizeThreshold=67108864 -XX:+PrintGC -XX:+PrintGCApplicationStoppedTime -XX:+PrintGCDateStamps -XX:+PrintGCDetails -XX:+PrintGCTimeStamps -XX:+PrintHeapAtGC -XX:+PrintTenuringDistribution -XX:SurvivorRatio=4 -XX:TargetSurvivorRatio=90 -XX:ThreadStackSize=256 -XX:+UseCMSInitiatingOccupancyOnly -XX:+UseCompressedClassPointers -XX:+UseCompressedOops -XX:+UseConcMarkSweepGC -XX:+UseParNewGC 
2017-05-27T21:01:17.293+0200: 0,125: Total time for which application threads were stopped: 0,0000677 seconds, Stopping threads took: 0,0000117 seconds
2017-05-27T21:01:17.375+0200: 0,206: Total time for which application threads were stopped: 0,0001198 seconds, Stopping threads took: 0,0000162 seconds
2017-05-27T21:01:17.389+0200: 0,220: Total time for which application threads were stopped: 0,0000822 seconds, Stopping threads took: 0,0000095 seconds
2017-05-27T21:01:17.618+0200: 0,449: Total time for which application threads were stopped: 0,0001500 seconds, Stopping threads took: 0,0000146 seconds
2017-05-27T21:01:18.005+0200: 0,836: Total time for which application threads were stopped: 0,0001350 seconds, Stopping threads took: 0,0000110 seconds
2017-05-27T21:01:18.121+0200: 0,952: Total time for which application threads were stopped: 0,0001863 seconds, Stopping threads took: 0,0000163 seconds
2017-05-27T21:01:18.196+0200: 1,027: Total time for which application threads were stopped: 0,0002018 seconds, Stopping threads took: 0,0000348 seconds
2017-05-27T21:01:18.493+0200: 1,324: Total time for which application threads were stopped: 0,0001513 seconds, Stopping threads took: 0,0000113 seconds
2017-05-27T21:01:18.716+0200: 1,547: Total time for which application threads were stopped: 0,0003101 seconds, Stopping threads took: 0,0001057 seconds
2017-05-27T21:01:18.740+0200: 1,571: Total time for which application threads were stopped: 0,0002427 seconds, Stopping threads took: 0,0000326 seconds
2017-05-27T21:01:18.776+0200: 1,607: Total time for which application threads were stopped: 0,0010008 seconds, Stopping threads took: 0,0001318 seconds
2017-05-27T21:01:18.778+0200: 1,609: Total time for which application threads were stopped: 0,0003524 seconds, Stopping threads took: 0,0000197 seconds
2017-05-27T21:01:18.797+0200: 1,628: Total time for which application threads were stopped: 0,0001702 seconds, Stopping threads took: 0,0000150 seconds
2017-05-27T21:01:18.887+0200: 1,718: Total time for which application threads were stopped: 0,0012176 seconds, Stopping threads took: 0,0000949 seconds
2017-05-27T21:01:19.053+0200: 1,884: Total time for which application threads were stopped: 0,0002970 seconds, Stopping threads took: 0,0000771 seconds
{Heap before GC invocations=0 (full 0):
 par new generation   total 109248K, used 87424K [0x00000000e0000000, 0x00000000e8000000, 0x00000000e8000000)
  eden space 87424K, 100% used [0x00000000e0000000, 0x00000000e5560000, 0x00000000e5560000)
  from space 21824K,   0% used [0x00000000e5560000, 0x00000000e5560000, 0x00000000e6ab0000)
  to   space 21824K,   0% used [0x00000000e6ab0000, 0x00000000e6ab0000, 0x00000000e8000000)
 concurrent mark-sweep generation total 393216K, used 0K [0x00000000e8000000, 0x0000000100000000, 0x0000000100000000)
 Metaspace       used 18045K, capacity 18336K, committed 18688K, reserved 1064960K
  class space    used 2038K, capacity 2196K, committed 2304K, reserved 1048576K
2017-05-27T21:01:19.139+0200: 1,970: [GC (Allocation Failure) 2017-05-27T21:01:19.139+0200: 1,970: [ParNew
Desired survivor size 20112992 bytes, new threshold 8 (max 8)
- age   1:   12608368 bytes,   12608368 total
: 87424K->12422K(109248K), 0,0169352 secs] 87424K->12422K(502464K), 0,0170208 secs] [Times: user=0,05 sys=0,01, real=0,01 secs] 
Heap after GC invocations=1 (full 0):
 par new generation   total 109248K, used 12422K [0x00000000e0000000, 0x00000000e8000000, 0x00000000e8000000)
  eden space 87424K,   0% used [0x00000000e0000000, 0x00000000e0000000, 0x00000000e5560000)
  from space 21824K,  56% used [0x00000000e6ab0000, 0x00000000e76d1980, 0x00000000e8000000)
  to   space 21824K,   0% used [0x00000000e5560000, 0x00000000e5560000, 0x00000000e6ab0000)
 concurrent mark-sweep generation total 393216K, used 0K [0x00000000e8000000, 0x0000000100000000, 0x0000000100000000)
 Metaspace       used 18045K, capacity 18336K, committed 18688K, reserved 1064960K
  class space    used 2038K, capacity 2196K, committed 2304K, reserved 1048576K
}
2017-05-27T21:01:19.156+0200: 1,987: Total time for which application threads were stopped: 0,0173022 seconds, Stopping threads took: 0,0000238 seconds
2017-05-27T21:01:19.444+0200: 2,275: Total time for which application threads were stopped: 0,0003295 seconds, Stopping threads took: 0,0000435 seconds
{Heap before GC invocations=1 (full 0):
 par new generation   total 109248K, used 99846K [0x00000000e0000000, 0x00000000e8000000, 0x00000000e8000000)
  eden space 87424K, 100% used [0x00000000e0000000, 0x00000000e5560000, 0x00000000e5560000)
  from space 21824K,  56% used [0x00000000e6ab0000, 0x00000000e76d1980, 0x00000000e8000000)
  to   space 21824K,   0% used [0x00000000e5560000, 0x00000000e5560000, 0x00000000e6ab0000)
 concurrent mark-sweep generation total 393216K, used 0K [0x00000000e8000000, 0x0000000100000000, 0x0000000100000000)
 Metaspace       used 20066K, capacity 20432K, committed 20736K, reserved 1067008K
  class space    used 2295K, capacity 2472K, committed 2560K, reserved 1048576K
2017-05-27T21:01:19.493+0200: 2,325: [GC (Allocation Failure) 2017-05-27T21:01:19.493+0200: 2,325: [ParNew
Desired survivor size 20112992 bytes, new threshold 8 (max 8)
- age   1:    3710544 bytes,    3710544 total
- age   2:    6664048 bytes,   10374592 total
: 99846K->15700K(109248K), 0,0107235 secs] 99846K->15700K(502464K), 0,0107997 secs] [Times: user=0,03 sys=0,01, real=0,01 secs] 
Heap after GC invocations=2 (full 0):
 par new generation   total 109248K, used 15700K [0x00000000e0000000, 0x00000000e8000000, 0x00000000e8000000)
  eden space 87424K,   0% used [0x00000000e0000000, 0x00000000e0000000, 0x00000000e5560000)
  from space 21824K,  71% used [0x00000000e5560000, 0x00000000e64b5340, 0x00000000e6ab0000)
  to   space 21824K,   0% used [0x00000000e6ab0000, 0x00000000e6ab0000, 0x00000000e8000000)
 concurrent mark-sweep generation total 393216K, used 0K [0x00000000e8000000, 0x0000000100000000, 0x0000000100000000)
 Metaspace       used 20066K, capacity 20432K, committed 20736K, reserved 1067008K
  class space    used 2295K, capacity 2472K, committed 2560K, reserved 1048576K
}
2017-05-27T21:01:19.504+0200: 2,335: Total time for which application threads were stopped: 0,0110396 seconds, Stopping threads took: 0,0000744 seconds
2017-05-27T21:01:19.507+0200: 2,338: Total time for which application threads were stopped: 0,0004058 seconds, Stopping threads took: 0,0000729 seconds
2017-05-27T21:01:19.540+0200: 2,371: Total time for which application threads were stopped: 0,0003555 seconds, Stopping threads took: 0,0000500 seconds
2017-05-27T21:01:19.676+0200: 2,507: Total time for which application threads were stopped: 0,0001930 seconds, Stopping threads took: 0,0000396 seconds
{Heap before GC invocations=2 (full 0):
 par new generation   total 109248K, used 103124K [0x00000000e0000000, 0x00000000e8000000, 0x00000000e8000000)
  eden space 87424K, 100% used [0x00000000e0000000, 0x00000000e5560000, 0x00000000e5560000)
  from space 21824K,  71% used [0x00000000e5560000, 0x00000000e64b5340, 0x00000000e6ab0000)
  to   space 21824K,   0% used [0x00000000e6ab0000, 0x00000000e6ab0000, 0x00000000e8000000)
 concurrent mark-sweep generation total 393216K, used 0K [0x00000000e8000000, 0x0000000100000000, 0x0000000100000000)
 Metaspace       used 20991K, capacity 21354K, committed 21628K, reserved 1069056K
  class space    used 2418K, capacity 2591K, committed 2684K, reserved 1048576K
2017-05-27T21:01:19.718+0200: 2,549: [GC (Allocation Failure) 2017-05-27T21:01:19.718+0200: 2,549: [ParNew
Desired survivor size 20112992 bytes, new threshold 8 (max 8)
- age   1:    2219288 bytes,    2219288 total
- age   2:     847528 bytes,    3066816 total
- age   3:    6660208 bytes,    9727024 total
: 103124K->11238K(109248K), 0,0094598 secs] 103124K->11238K(502464K), 0,0095407 secs] [Times: user=0,04 sys=0,00, real=0,01 secs] 
Heap after GC invocations=3 (full 0):
 par new generation   total 109248K, used 11238K [0x00000000e0000000, 0x00000000e8000000, 0x00000000e8000000)
  eden space 87424K,   0% used [0x00000000e0000000, 0x00000000e0000000, 0x00000000e5560000)
  from space 21824K,  51% used [0x00000000e6ab0000, 0x00000000e75a9ab0, 0x00000000e8000000)
  to   space 21824K,   0% used [0x00000000e5560000, 0x00000000e5560000, 0x00000000e6ab0000)
 concurrent mark-sweep generation total 393216K, used 0K [0x00000000e8000000, 0x0000000100000000, 0x0000000100000000)
 Metaspace       used 20991K, capacity 21354K, committed 21628K, reserved 1069056K
  class space    used 2418K, capacity 2591K, committed 2684K, reserved 1048576K
}
2017-05-27T21:01:19.728+0200: 2,559: Total time for which application threads were stopped: 0,0098457 seconds, Stopping threads took: 0,0001617 seconds
2017-05-27T21:01:19.728+0200: 2,559: [GC (CMS Initial Mark) [1 CMS-initial-mark: 0K(393216K)] 11967K(502464K), 0,0030290 secs] [Times: user=0,01 sys=0,00, real=0,00 secs] 
2017-05-27T21:01:19.731+0200: 2,562: Total time for which application threads were stopped: 0,0031531 seconds, Stopping threads took: 0,0000411 seconds
2017-05-27T21:01:19.731+0200: 2,562: [CMS-concurrent-mark-start]
2017-05-27T21:01:19.731+0200: 2,563: [CMS-concurrent-mark: 0,000/0,000 secs] [Times: user=0,00 sys=0,00, real=0,00 secs] 
2017-05-27T21:01:19.732+0200: 2,563: [CMS-concurrent-preclean-start]
2017-05-27T21:01:19.733+0200: 2,564: [CMS-concurrent-preclean: 0,001/0,001 secs] [Times: user=0,00 sys=0,00, real=0,00 secs] 
2017-05-27T21:01:19.733+0200: 2,564: [CMS-concurrent-abortable-preclean-start]
2017-05-27T21:01:19.793+0200: 2,624: Total time for which application threads were stopped: 0,0001330 seconds, Stopping threads took: 0,0000456 seconds
{Heap before GC invocations=3 (full 1):
 par new generation   total 109248K, used 98662K [0x00000000e0000000, 0x00000000e8000000, 0x00000000e8000000)
  eden space 87424K, 100% used [0x00000000e0000000, 0x00000000e5560000, 0x00000000e5560000)
  from space 21824K,  51% used [0x00000000e6ab0000, 0x00000000e75a9ab0, 0x00000000e8000000)
  to   space 21824K,   0% used [0x00000000e5560000, 0x00000000e5560000, 0x00000000e6ab0000)
 concurrent mark-sweep generation total 393216K, used 0K [0x00000000e8000000, 0x0000000100000000, 0x0000000100000000)
 Metaspace       used 21262K, capacity 21633K, committed 21884K, reserved 1069056K
  class space    used 2448K, capacity 2607K, committed 2684K, reserved 1048576K
2017-05-27T21:01:19.854+0200: 2,685: [GC (Allocation Failure) 2017-05-27T21:01:19.854+0200: 2,685: [ParNew
Desired survivor size 20112992 bytes, new threshold 8 (max 8)
- age   1:     659312 bytes,     659312 total
- age   2:    1456976 bytes,    2116288 total
- age   3:     823896 bytes,    2940184 total
- age   4:    6660208 bytes,    9600392 total
: 98662K->14434K(109248K), 0,0157644 secs] 98662K->14434K(502464K), 0,0158442 secs] [Times: user=0,04 sys=0,00, real=0,02 secs] 
Heap after GC invocations=4 (full 1):
 par new generation   total 109248K, used 14434K [0x00000000e0000000, 0x00000000e8000000, 0x00000000e8000000)
  eden space 87424K,   0% used [0x00000000e0000000, 0x00000000e0000000, 0x00000000e5560000)
  from space 21824K,  66% used [0x00000000e5560000, 0x00000000e6378950, 0x00000000e6ab0000)
  to   space 21824K,   0% used [0x00000000e6ab0000, 0x00000000e6ab0000, 0x00000000e8000000)
 concurrent mark-sweep generation total 393216K, used 0K [0x00000000e8000000, 0x0000000100000000, 0x0000000100000000)
 Metaspace       used 21262K, capacity 21633K, committed 21884K, reserved 1069056K
  class space    used 2448K, capacity 2607K, committed 2684K, reserved 1048576K
}
2017-05-27T21:01:19.870+0200: 2,701: Total time for which application threads were stopped: 0,0195106 seconds, Stopping threads took: 0,0035122 seconds
2017-05-27T21:01:19.870+0200: 2,701: [CMS-concurrent-abortable-preclean: 0,061/0,137 secs] [Times: user=0,48 sys=0,01, real=0,14 secs] 
2017-05-27T21:01:19.870+0200: 2,702: [GC (CMS Final Remark) [YG occupancy: 15747 K (109248 K)]{Heap before GC invocations=4 (full 1):
 par new generation   total 109248K, used 15747K [0x00000000e0000000, 0x00000000e8000000, 0x00000000e8000000)
  eden space 87424K,   1% used [0x00000000e0000000, 0x00000000e01486a0, 0x00000000e5560000)
  from space 21824K,  66% used [0x00000000e5560000, 0x00000000e6378950, 0x00000000e6ab0000)
  to   space 21824K,   0% used [0x00000000e6ab0000, 0x00000000e6ab0000, 0x00000000e8000000)
 concurrent mark-sweep generation total 393216K, used 0K [0x00000000e8000000, 0x0000000100000000, 0x0000000100000000)
 Metaspace       used 21262K, capacity 21633K, committed 21884K, reserved 1069056K
  class space    used 2448K, capacity 2607K, committed 2684K, reserved 1048576K
2017-05-27T21:01:19.870+0200: 2,702: [GC (CMS Final Remark) 2017-05-27T21:01:19.870+0200: 2,702: [ParNew
Desired survivor size 20112992 bytes, new threshold 8 (max 8)
- age   1:     158800 bytes,     158800 total
- age   2:     490544 bytes,     649344 total
- age   3:    1456976 bytes,    2106320 total
- age   4:     823896 bytes,    2930216 total
- age   5:    6660432 bytes,    9590648 total
: 15747K->12116K(109248K), 0,0088372 secs] 15747K->12116K(502464K), 0,0088721 secs] [Times: user=0,04 sys=0,00, real=0,01 secs] 
Heap after GC invocations=5 (full 1):
 par new generation   total 109248K, used 12116K [0x00000000e0000000, 0x00000000e8000000, 0x00000000e8000000)
  eden space 87424K,   0% used [0x00000000e0000000, 0x00000000e0000000, 0x00000000e5560000)
  from space 21824K,  55% used [0x00000000e6ab0000, 0x00000000e76850a0, 0x00000000e8000000)
  to   space 21824K,   0% used [0x00000000e5560000, 0x00000000e5560000, 0x00000000e6ab0000)
 concurrent mark-sweep generation total 393216K, used 0K [0x00000000e8000000, 0x0000000100000000, 0x0000000100000000)
 Metaspace       used 21262K, capacity 21633K, committed 21884K, reserved 1069056K
  class space    used 2448K, capacity 2607K, committed 2684K, reserved 1048576K
}
2017-05-27T21:01:19.879+0200: 2,710: [Rescan (parallel) , 0,0032209 secs]2017-05-27T21:01:19.883+0200: 2,714: [weak refs processing, 0,0012148 secs]2017-05-27T21:01:19.884+0200: 2,715: [class unloading, 0,0029737 secs]2017-05-27T21:01:19.887+0200: 2,718: [scrub symbol table, 0,0027655 secs]2017-05-27T21:01:19.890+0200: 2,721: [scrub string table, 0,0004019 secs][1 CMS-remark: 0K(393216K)] 12116K(502464K), 0,0201010 secs] [Times: user=0,06 sys=0,00, real=0,02 secs] 
2017-05-27T21:01:19.891+0200: 2,722: Total time for which application threads were stopped: 0,0203170 seconds, Stopping threads took: 0,0001506 seconds
2017-05-27T21:01:19.901+0200: 2,732: [CMS-concurrent-sweep-start]
2017-05-27T21:01:19.901+0200: 2,732: [CMS-concurrent-sweep: 0,000/0,000 secs] [Times: user=0,00 sys=0,00, real=0,00 secs] 
2017-05-27T21:01:19.901+0200: 2,732: [CMS-concurrent-reset-start]
2017-05-27T21:01:19.903+0200: 2,734: [CMS-concurrent-reset: 0,002/0,002 secs] [Times: user=0,00 sys=0,01, real=0,00 secs] 
{Heap before GC invocations=5 (full 1):
 par new generation   total 109248K, used 99540K [0x00000000e0000000, 0x00000000e8000000, 0x00000000e8000000)
  eden space 87424K, 100% used [0x00000000e0000000, 0x00000000e5560000, 0x00000000e5560000)
  from space 21824K,  55% used [0x00000000e6ab0000, 0x00000000e76850a0, 0x00000000e8000000)
  to   space 21824K,   0% used [0x00000000e5560000, 0x00000000e5560000, 0x00000000e6ab0000)
 concurrent mark-sweep generation total 393216K, used 0K [0x00000000e8000000, 0x0000000100000000, 0x0000000100000000)
 Metaspace       used 21402K, capacity 21811K, committed 21884K, reserved 1069056K
  class space    used 2468K, capacity 2642K, committed 2684K, reserved 1048576K
2017-05-27T21:01:19.984+0200: 2,815: [GC (Allocation Failure) 2017-05-27T21:01:19.984+0200: 2,816: [ParNew
Desired survivor size 20112992 bytes, new threshold 8 (max 8)
- age   1:    1598896 bytes,    1598896 total
- age   3:     189208 bytes,    1788104 total
- age   4:    1456808 bytes,    3244912 total
- age   5:     821880 bytes,    4066792 total
- age   6:    6660424 bytes,   10727216 total
: 99540K->13840K(109248K), 0,0101587 secs] 99540K->13840K(502464K), 0,0102315 secs] [Times: user=0,03 sys=0,00, real=0,01 secs] 
Heap after GC invocations=6 (full 1):
 par new generation   total 109248K, used 13840K [0x00000000e0000000, 0x00000000e8000000, 0x00000000e8000000)
  eden space 87424K,   0% used [0x00000000e0000000, 0x00000000e0000000, 0x00000000e5560000)
  from space 21824K,  63% used [0x00000000e5560000, 0x00000000e62e4320, 0x00000000e6ab0000)
  to   space 21824K,   0% used [0x00000000e6ab0000, 0x00000000e6ab0000, 0x00000000e8000000)
 concurrent mark-sweep generation total 393216K, used 0K [0x00000000e8000000, 0x0000000100000000, 0x0000000100000000)
 Metaspace       used 21402K, capacity 21811K, committed 21884K, reserved 1069056K
  class space    used 2468K, capacity 2642K, committed 2684K, reserved 1048576K
}
2017-05-27T21:01:19.995+0200: 2,826: Total time for which application threads were stopped: 0,0129782 seconds, Stopping threads took: 0,0026046 seconds
2017-05-27T21:01:20.030+0200: 2,861: Total time for which application threads were stopped: 0,0003009 seconds, Stopping threads took: 0,0000141 seconds
2017-05-27T21:01:20.267+0200: 3,098: Total time for which application threads were stopped: 0,0004864 seconds, Stopping threads took: 0,0000255 seconds
2017-05-27T21:01:20.282+0200: 3,114: Total time for which application threads were stopped: 0,0003870 seconds, Stopping threads took: 0,0000416 seconds
{Heap before GC invocations=6 (full 1):
 par new generation   total 109248K, used 101243K [0x00000000e0000000, 0x00000000e8000000, 0x00000000e8000000)
  eden space 87424K,  99% used [0x00000000e0000000, 0x00000000e555ab88, 0x00000000e5560000)
  from space 21824K,  63% used [0x00000000e5560000, 0x00000000e62e4320, 0x00000000e6ab0000)
  to   space 21824K,   0% used [0x00000000e6ab0000, 0x00000000e6ab0000, 0x00000000e8000000)
 concurrent mark-sweep generation total 393216K, used 0K [0x00000000e8000000, 0x0000000100000000, 0x0000000100000000)
 Metaspace       used 24176K, capacity 24635K, committed 24828K, reserved 1071104K
  class space    used 2843K, capacity 3050K, committed 3068K, reserved 1048576K
2017-05-27T21:01:20.454+0200: 3,285: [GC (Allocation Failure) 2017-05-27T21:01:20.454+0200: 3,285: [ParNew
Desired survivor size 20112992 bytes, new threshold 8 (max 8)
- age   1:    5642824 bytes,    5642824 total
- age   2:     112944 bytes,    5755768 total
- age   4:     187728 bytes,    5943496 total
- age   5:     287080 bytes,    6230576 total
- age   6:     797616 bytes,    7028192 total
- age   7:    6651984 bytes,   13680176 total
: 101243K->16515K(109248K), 0,0134922 secs] 101243K->16515K(502464K), 0,0135670 secs] [Times: user=0,04 sys=0,00, real=0,02 secs] 
Heap after GC invocations=7 (full 1):
 par new generation   total 109248K, used 16515K [0x00000000e0000000, 0x00000000e8000000, 0x00000000e8000000)
  eden space 87424K,   0% used [0x00000000e0000000, 0x00000000e0000000, 0x00000000e5560000)
  from space 21824K,  75% used [0x00000000e6ab0000, 0x00000000e7ad0ec0, 0x00000000e8000000)
  to   space 21824K,   0% used [0x00000000e5560000, 0x00000000e5560000, 0x00000000e6ab0000)
 concurrent mark-sweep generation total 393216K, used 0K [0x00000000e8000000, 0x0000000100000000, 0x0000000100000000)
 Metaspace       used 24176K, capacity 24635K, committed 24828K, reserved 1071104K
  class space    used 2843K, capacity 3050K, committed 3068K, reserved 1048576K
}
2017-05-27T21:01:20.468+0200: 3,299: Total time for which application threads were stopped: 0,0138682 seconds, Stopping threads took: 0,0000638 seconds
{Heap before GC invocations=7 (full 1):
 par new generation   total 109248K, used 103939K [0x00000000e0000000, 0x00000000e8000000, 0x00000000e8000000)
  eden space 87424K, 100% used [0x00000000e0000000, 0x00000000e5560000, 0x00000000e5560000)
  from space 21824K,  75% used [0x00000000e6ab0000, 0x00000000e7ad0ec0, 0x00000000e8000000)
  to   space 21824K,   0% used [0x00000000e5560000, 0x00000000e5560000, 0x00000000e6ab0000)
 concurrent mark-sweep generation total 393216K, used 0K [0x00000000e8000000, 0x0000000100000000, 0x0000000100000000)
 Metaspace       used 24477K, capacity 24961K, committed 25084K, reserved 1071104K
  class space    used 2865K, capacity 3051K, committed 3068K, reserved 1048576K
2017-05-27T21:01:20.570+0200: 3,401: [GC (Allocation Failure) 2017-05-27T21:01:20.570+0200: 3,401: [ParNew
Desired survivor size 20112992 bytes, new threshold 8 (max 8)
- age   1:    1701328 bytes,    1701328 total
- age   2:    1823920 bytes,    3525248 total
- age   3:      57120 bytes,    3582368 total
- age   5:     107328 bytes,    3689696 total
- age   6:     187136 bytes,    3876832 total
- age   7:     754624 bytes,    4631456 total
- age   8:    6118872 bytes,   10750328 total
: 103939K->16935K(109248K), 0,0108508 secs] 103939K->16935K(502464K), 0,0109268 secs] [Times: user=0,03 sys=0,00, real=0,01 secs] 
Heap after GC invocations=8 (full 1):
 par new generation   total 109248K, used 16935K [0x00000000e0000000, 0x00000000e8000000, 0x00000000e8000000)
  eden space 87424K,   0% used [0x00000000e0000000, 0x00000000e0000000, 0x00000000e5560000)
  from space 21824K,  77% used [0x00000000e5560000, 0x00000000e65e9c90, 0x00000000e6ab0000)
  to   space 21824K,   0% used [0x00000000e6ab0000, 0x00000000e6ab0000, 0x00000000e8000000)
 concurrent mark-sweep generation total 393216K, used 0K [0x00000000e8000000, 0x0000000100000000, 0x0000000100000000)
 Metaspace       used 24477K, capacity 24961K, committed 25084K, reserved 1071104K
  class space    used 2865K, capacity 3051K, committed 3068K, reserved 1048576K
}
2017-05-27T21:01:20.581+0200: 3,412: Total time for which application threads were stopped: 0,0151538 seconds, Stopping threads took: 0,0040376 seconds
{Heap before GC invocations=8 (full 1):
 par new generation   total 109248K, used 104359K [0x00000000e0000000, 0x00000000e8000000, 0x00000000e8000000)
  eden space 87424K, 100% used [0x00000000e0000000, 0x00000000e5560000, 0x00000000e5560000)
  from space 21824K,  77% used [0x00000000e5560000, 0x00000000e65e9c90, 0x00000000e6ab0000)
  to   space 21824K,   0% used [0x00000000e6ab0000, 0x00000000e6ab0000, 0x00000000e8000000)
 concurrent mark-sweep generation total 393216K, used 0K [0x00000000e8000000, 0x0000000100000000, 0x0000000100000000)
 Metaspace       used 24766K, capacity 25211K, committed 25468K, reserved 1071104K
  class space    used 2894K, capacity 3088K, committed 3196K, reserved 1048576K
2017-05-27T21:01:20.659+0200: 3,490: [GC (Allocation Failure) 2017-05-27T21:01:20.659+0200: 3,490: [ParNew
Desired survivor size 20112992 bytes, new threshold 8 (max 8)
- age   1:     639904 bytes,     639904 total
- age   2:     974808 bytes,    1614712 total
- age   3:    1823896 bytes,    3438608 total
- age   4:      57120 bytes,    3495728 total
- age   6:     107224 bytes,    3602952 total
- age   7:     187136 bytes,    3790088 total
- age   8:     754624 bytes,    4544712 total
: 104359K->6808K(109248K), 0,0368619 secs] 104359K->12866K(502464K), 0,0369414 secs] [Times: user=0,12 sys=0,00, real=0,03 secs] 
Heap after GC invocations=9 (full 1):
 par new generation   total 109248K, used 6808K [0x00000000e0000000, 0x00000000e8000000, 0x00000000e8000000)
  eden space 87424K,   0% used [0x00000000e0000000, 0x00000000e0000000, 0x00000000e5560000)
  from space 21824K,  31% used [0x00000000e6ab0000, 0x00000000e71563a0, 0x00000000e8000000)
  to   space 21824K,   0% used [0x00000000e5560000, 0x00000000e5560000, 0x00000000e6ab0000)
 concurrent mark-sweep generation total 393216K, used 6058K [0x00000000e8000000, 0x0000000100000000, 0x0000000100000000)
 Metaspace       used 24766K, capacity 25211K, committed 25468K, reserved 1071104K
  class space    used 2894K, capacity 3088K, committed 3196K, reserved 1048576K
}
2017-05-27T21:01:20.696+0200: 3,527: Total time for which application threads were stopped: 0,0372157 seconds, Stopping threads took: 0,0001005 seconds
2017-05-27T21:01:21.073+0200: 3,905: Total time for which application threads were stopped: 0,0005736 seconds, Stopping threads took: 0,0000229 seconds
2017-05-27T21:01:21.094+0200: 3,925: Total time for which application threads were stopped: 0,0004921 seconds, Stopping threads took: 0,0000252 seconds
2017-05-27T21:01:21.164+0200: 3,995: Total time for which application threads were stopped: 0,0008253 seconds, Stopping threads took: 0,0002921 seconds
2017-05-27T21:01:21.232+0200: 4,063: Total time for which application threads were stopped: 0,0097188 seconds, Stopping threads took: 0,0009581 seconds
2017-05-27T21:01:21.265+0200: 4,096: Total time for which application threads were stopped: 0,0001621 seconds, Stopping threads took: 0,0000315 seconds
2017-05-27T21:01:21.265+0200: 4,096: Total time for which application threads were stopped: 0,0000693 seconds, Stopping threads took: 0,0000065 seconds
2017-05-27T21:01:21.265+0200: 4,096: Total time for which application threads were stopped: 0,0000734 seconds, Stopping threads took: 0,0000070 seconds
2017-05-27T21:01:21.265+0200: 4,096: Total time for which application threads were stopped: 0,0000631 seconds, Stopping threads took: 0,0000071 seconds
2017-05-27T21:01:21.265+0200: 4,096: Total time for which application threads were stopped: 0,0000598 seconds, Stopping threads took: 0,0000054 seconds
2017-05-27T21:01:21.266+0200: 4,097: Total time for which application threads were stopped: 0,0000843 seconds, Stopping threads took: 0,0000097 seconds
2017-05-27T21:01:21.266+0200: 4,097: Total time for which application threads were stopped: 0,0000644 seconds, Stopping threads took: 0,0000081 seconds
2017-05-27T21:01:21.266+0200: 4,097: Total time for which application threads were stopped: 0,0000632 seconds, Stopping threads took: 0,0000063 seconds
2017-05-27T21:01:21.266+0200: 4,097: Total time for which application threads were stopped: 0,0000628 seconds, Stopping threads took: 0,0000065 seconds
2017-05-27T21:01:21.266+0200: 4,097: Total time for which application threads were stopped: 0,0000635 seconds, Stopping threads took: 0,0000078 seconds
2017-05-27T21:01:21.266+0200: 4,098: Total time for which application threads were stopped: 0,0000818 seconds, Stopping threads took: 0,0000085 seconds
2017-05-27T21:01:21.266+0200: 4,098: Total time for which application threads were stopped: 0,0000645 seconds, Stopping threads took: 0,0000056 seconds
2017-05-27T21:01:21.267+0200: 4,098: Total time for which application threads were stopped: 0,0000707 seconds, Stopping threads took: 0,0000086 seconds
2017-05-27T21:01:21.267+0200: 4,098: Total time for which application threads were stopped: 0,0000625 seconds, Stopping threads took: 0,0000056 seconds
2017-05-27T21:01:21.267+0200: 4,098: Total time for which application threads were stopped: 0,0000582 seconds, Stopping threads took: 0,0000053 seconds
2017-05-27T21:01:21.267+0200: 4,098: Total time for which application threads were stopped: 0,0001031 seconds, Stopping threads took: 0,0000111 seconds
2017-05-27T21:01:21.267+0200: 4,099: Total time for which application threads were stopped: 0,0000718 seconds, Stopping threads took: 0,0000063 seconds
2017-05-27T21:01:21.268+0200: 4,099: Total time for which application threads were stopped: 0,0000771 seconds, Stopping threads took: 0,0000078 seconds
2017-05-27T21:01:21.268+0200: 4,099: Total time for which application threads were stopped: 0,0000694 seconds, Stopping threads took: 0,0000070 seconds
2017-05-27T21:01:21.268+0200: 4,099: Total time for which application threads were stopped: 0,0001931 seconds, Stopping threads took: 0,0000083 seconds
2017-05-27T21:01:21.294+0200: 4,125: Total time for which application threads were stopped: 0,0001426 seconds, Stopping threads took: 0,0000536 seconds
2017-05-27T21:01:21.294+0200: 4,125: Total time for which application threads were stopped: 0,0000660 seconds, Stopping threads took: 0,0000159 seconds
2017-05-27T21:01:21.295+0200: 4,126: Total time for which application threads were stopped: 0,0000693 seconds, Stopping threads took: 0,0000153 seconds
2017-05-27T21:01:21.295+0200: 4,126: Total time for which application threads were stopped: 0,0000604 seconds, Stopping threads took: 0,0000145 seconds
2017-05-27T21:01:21.295+0200: 4,126: Total time for which application threads were stopped: 0,0000583 seconds, Stopping threads took: 0,0000141 seconds
2017-05-27T21:01:21.295+0200: 4,126: Total time for which application threads were stopped: 0,0000844 seconds, Stopping threads took: 0,0000227 seconds
2017-05-27T21:01:21.295+0200: 4,126: Total time for which application threads were stopped: 0,0000652 seconds, Stopping threads took: 0,0000177 seconds
2017-05-27T21:01:21.295+0200: 4,127: Total time for which application threads were stopped: 0,0000650 seconds, Stopping threads took: 0,0000153 seconds
2017-05-27T21:01:21.295+0200: 4,127: Total time for which application threads were stopped: 0,0000560 seconds, Stopping threads took: 0,0000141 seconds
2017-05-27T21:01:21.296+0200: 4,127: Total time for which application threads were stopped: 0,0000558 seconds, Stopping threads took: 0,0000141 seconds
2017-05-27T21:01:21.296+0200: 4,127: Total time for which application threads were stopped: 0,0000786 seconds, Stopping threads took: 0,0000205 seconds
2017-05-27T21:01:21.296+0200: 4,127: Total time for which application threads were stopped: 0,0000609 seconds, Stopping threads took: 0,0000145 seconds
2017-05-27T21:01:21.296+0200: 4,127: Total time for which application threads were stopped: 0,0000637 seconds, Stopping threads took: 0,0000156 seconds
2017-05-27T21:01:21.296+0200: 4,127: Total time for which application threads were stopped: 0,0000555 seconds, Stopping threads took: 0,0000138 seconds
2017-05-27T21:01:21.296+0200: 4,128: Total time for which application threads were stopped: 0,0000545 seconds, Stopping threads took: 0,0000130 seconds
2017-05-27T21:01:21.297+0200: 4,128: Total time for which application threads were stopped: 0,0000823 seconds, Stopping threads took: 0,0000209 seconds
2017-05-27T21:01:21.297+0200: 4,128: Total time for which application threads were stopped: 0,0000628 seconds, Stopping threads took: 0,0000176 seconds
2017-05-27T21:01:21.297+0200: 4,128: Total time for which application threads were stopped: 0,0000667 seconds, Stopping threads took: 0,0000169 seconds
2017-05-27T21:01:21.297+0200: 4,128: Total time for which application threads were stopped: 0,0000579 seconds, Stopping threads took: 0,0000136 seconds
2017-05-27T21:01:21.297+0200: 4,129: Total time for which application threads were stopped: 0,0001870 seconds, Stopping threads took: 0,0000160 seconds
2017-05-27T21:01:21.306+0200: 4,137: Total time for which application threads were stopped: 0,0082949 seconds, Stopping threads took: 0,0000288 seconds
2017-05-27T21:01:21.363+0200: 4,195: Total time for which application threads were stopped: 0,0382112 seconds, Stopping threads took: 0,0380870 seconds
2017-05-27T21:01:21.391+0200: 4,222: Total time for which application threads were stopped: 0,0003299 seconds, Stopping threads took: 0,0001954 seconds
2017-05-27T21:01:21.508+0200: 4,339: Total time for which application threads were stopped: 0,0002884 seconds, Stopping threads took: 0,0001629 seconds
2017-05-27T21:01:21.580+0200: 4,412: Total time for which application threads were stopped: 0,0314417 seconds, Stopping threads took: 0,0312832 seconds
2017-05-27T21:01:21.661+0200: 4,492: Total time for which application threads were stopped: 0,0005654 seconds, Stopping threads took: 0,0000485 seconds
2017-05-27T21:01:22.661+0200: 5,493: Total time for which application threads were stopped: 0,0001170 seconds, Stopping threads took: 0,0000215 seconds
2017-05-27T21:01:48.665+0200: 31,496: Total time for which application threads were stopped: 0,0000726 seconds, Stopping threads took: 0,0000154 seconds
2017-05-27T21:03:19.675+0200: 122,506: Total time for which application threads were stopped: 0,0000833 seconds, Stopping threads took: 0,0000334 seconds
{Heap before GC invocations=9 (full 1):
 par new generation   total 109248K, used 94232K [0x00000000e0000000, 0x00000000e8000000, 0x00000000e8000000)
  eden space 87424K, 100% used [0x00000000e0000000, 0x00000000e5560000, 0x00000000e5560000)
  from space 21824K,  31% used [0x00000000e6ab0000, 0x00000000e71563a0, 0x00000000e8000000)
  to   space 21824K,   0% used [0x00000000e5560000, 0x00000000e5560000, 0x00000000e6ab0000)
 concurrent mark-sweep generation total 393216K, used 6058K [0x00000000e8000000, 0x0000000100000000, 0x0000000100000000)
 Metaspace       used 28077K, capacity 28643K, committed 28796K, reserved 1075200K
  class space    used 3216K, capacity 3396K, committed 3452K, reserved 1048576K
2017-05-27T21:04:13.029+0200: 175,860: [GC (Allocation Failure) 2017-05-27T21:04:13.029+0200: 175,860: [ParNew
Desired survivor size 20112992 bytes, new threshold 8 (max 8)
- age   1:   11028952 bytes,   11028952 total
- age   2:     188416 bytes,   11217368 total
- age   3:     194896 bytes,   11412264 total
- age   4:    1818280 bytes,   13230544 total
- age   5:      54672 bytes,   13285216 total
- age   7:     106968 bytes,   13392184 total
- age   8:     186544 bytes,   13578728 total
: 94232K->14554K(109248K), 0,0178109 secs] 100290K->21432K(502464K), 0,0179407 secs] [Times: user=0,06 sys=0,00, real=0,02 secs] 
Heap after GC invocations=10 (full 1):
 par new generation   total 109248K, used 14554K [0x00000000e0000000, 0x00000000e8000000, 0x00000000e8000000)
  eden space 87424K,   0% used [0x00000000e0000000, 0x00000000e0000000, 0x00000000e5560000)
  from space 21824K,  66% used [0x00000000e5560000, 0x00000000e6396b40, 0x00000000e6ab0000)
  to   space 21824K,   0% used [0x00000000e6ab0000, 0x00000000e6ab0000, 0x00000000e8000000)
 concurrent mark-sweep generation total 393216K, used 6877K [0x00000000e8000000, 0x0000000100000000, 0x0000000100000000)
 Metaspace       used 28077K, capacity 28643K, committed 28796K, reserved 1075200K
  class space    used 3216K, capacity 3396K, committed 3452K, reserved 1048576K
}
2017-05-27T21:04:13.047+0200: 175,878: Total time for which application threads were stopped: 0,0182469 seconds, Stopping threads took: 0,0000852 seconds
2017-05-27T21:04:13.047+0200: 175,879: Total time for which application threads were stopped: 0,0000938 seconds, Stopping threads took: 0,0000398 seconds
2017-05-27T21:04:13.047+0200: 175,879: Total time for which application threads were stopped: 0,0000415 seconds, Stopping threads took: 0,0000108 seconds
2017-05-27T21:04:18.048+0200: 180,879: Total time for which application threads were stopped: 0,0000659 seconds, Stopping threads took: 0,0000157 seconds
2017-05-27T21:05:53.059+0200: 275,891: Total time for which application threads were stopped: 0,0002079 seconds, Stopping threads took: 0,0000704 seconds
2017-05-27T21:12:04.105+0200: 646,936: Total time for which application threads were stopped: 0,0001030 seconds, Stopping threads took: 0,0000363 seconds
2017-05-27T21:17:24.142+0200: 966,973: Total time for which application threads were stopped: 0,0000946 seconds, Stopping threads took: 0,0000356 seconds
2017-05-27T21:24:48.197+0200: 1411,028: Total time for which application threads were stopped: 0,0000933 seconds, Stopping threads took: 0,0000353 seconds
2017-05-27T21:28:38.223+0200: 1641,054: Total time for which application threads were stopped: 0,0000858 seconds, Stopping threads took: 0,0000348 seconds
2017-05-27T21:29:24.163+0200: 1686,995: Total time for which application threads were stopped: 0,0267218 seconds, Stopping threads took: 0,0266388 seconds
2017-05-27T21:29:24.164+0200: 1686,995: Total time for which application threads were stopped: 0,0000740 seconds, Stopping threads took: 0,0000212 seconds
2017-05-27T21:29:24.195+0200: 1687,026: Total time for which application threads were stopped: 0,0059101 seconds, Stopping threads took: 0,0058238 seconds
2017-05-27T21:29:24.196+0200: 1687,027: Total time for which application threads were stopped: 0,0001065 seconds, Stopping threads took: 0,0000113 seconds
2017-05-27T21:29:24.200+0200: 1687,031: Total time for which application threads were stopped: 0,0000848 seconds, Stopping threads took: 0,0000125 seconds
2017-05-27T21:29:24.201+0200: 1687,032: Total time for which application threads were stopped: 0,0001013 seconds, Stopping threads took: 0,0000189 seconds
Heap
 par new generation   total 109248K, used 35518K [0x00000000e0000000, 0x00000000e8000000, 0x00000000e8000000)
  eden space 87424K,  23% used [0x00000000e0000000, 0x00000000e1478fd8, 0x00000000e5560000)
  from space 21824K,  66% used [0x00000000e5560000, 0x00000000e6396b40, 0x00000000e6ab0000)
  to   space 21824K,   0% used [0x00000000e6ab0000, 0x00000000e6ab0000, 0x00000000e8000000)
 concurrent mark-sweep generation total 393216K, used 6877K [0x00000000e8000000, 0x0000000100000000, 0x0000000100000000)
 Metaspace       used 28187K, capacity 28747K, committed 29052K, reserved 1075200K
  class space    used 3230K, capacity 3430K, committed 3452K, reserved 1048576K
