OpenJDK 64-Bit Server VM (25.121-b13) for linux-amd64 JRE (1.8.0_121-8u121-b13-0ubuntu1.16.04.2-b13), built on Jan 23 2017 15:51:29 by "buildd" with gcc 5.4.0 20160609
Memory: 4k page, physical 7867760k(7504280k free), swap 8076284k(8076284k free)
CommandLine flags: -XX:CMSInitiatingOccupancyFraction=50 -XX:CMSMaxAbortablePrecleanTime=6000 -XX:+CMSParallelRemarkEnabled -XX:+CMSScavengeBeforeRemark -XX:ConcGCThreads=4 -XX:InitialHeapSize=536870912 -XX:MaxHeapSize=536870912 -XX:MaxTenuringThreshold=8 -XX:NewRatio=3 -XX:OldPLABSize=16 -XX:OnOutOfMemoryError=/opt/solr/bin/oom_solr.sh 8983 /var/solr/logs -XX:ParallelGCThreads=4 -XX:+ParallelRefProcEnabled -XX:PretenureSizeThreshold=67108864 -XX:+PrintGC -XX:+PrintGCApplicationStoppedTime -XX:+PrintGCDateStamps -XX:+PrintGCDetails -XX:+PrintGCTimeStamps -XX:+PrintHeapAtGC -XX:+PrintTenuringDistribution -XX:SurvivorRatio=4 -XX:TargetSurvivorRatio=90 -XX:ThreadStackSize=256 -XX:+UseCMSInitiatingOccupancyOnly -XX:+UseCompressedClassPointers -XX:+UseCompressedOops -XX:+UseConcMarkSweepGC -XX:+UseParNewGC 
2017-02-28T18:25:54.778+0100: 0,135: Total time for which application threads were stopped: 0,0000637 seconds, Stopping threads took: 0,0000144 seconds
2017-02-28T18:25:54.846+0100: 0,203: Total time for which application threads were stopped: 0,0001182 seconds, Stopping threads took: 0,0000147 seconds
2017-02-28T18:25:54.863+0100: 0,220: Total time for which application threads were stopped: 0,0000798 seconds, Stopping threads took: 0,0000099 seconds
2017-02-28T18:25:55.137+0100: 0,494: Total time for which application threads were stopped: 0,0001418 seconds, Stopping threads took: 0,0000212 seconds
2017-02-28T18:25:55.589+0100: 0,946: Total time for which application threads were stopped: 0,0001918 seconds, Stopping threads took: 0,0000333 seconds
2017-02-28T18:25:55.693+0100: 1,050: Total time for which application threads were stopped: 0,0004190 seconds, Stopping threads took: 0,0001547 seconds
2017-02-28T18:25:55.761+0100: 1,118: Total time for which application threads were stopped: 0,0001966 seconds, Stopping threads took: 0,0000250 seconds
2017-02-28T18:25:55.984+0100: 1,341: Total time for which application threads were stopped: 0,0001717 seconds, Stopping threads took: 0,0000168 seconds
2017-02-28T18:25:56.192+0100: 1,549: Total time for which application threads were stopped: 0,0001853 seconds, Stopping threads took: 0,0000113 seconds
2017-02-28T18:25:56.225+0100: 1,582: Total time for which application threads were stopped: 0,0001722 seconds, Stopping threads took: 0,0000195 seconds
2017-02-28T18:25:56.257+0100: 1,614: Total time for which application threads were stopped: 0,0002090 seconds, Stopping threads took: 0,0000300 seconds
2017-02-28T18:25:56.258+0100: 1,615: Total time for which application threads were stopped: 0,0001778 seconds, Stopping threads took: 0,0000125 seconds
2017-02-28T18:25:56.275+0100: 1,632: Total time for which application threads were stopped: 0,0002073 seconds, Stopping threads took: 0,0000241 seconds
2017-02-28T18:25:56.372+0100: 1,729: Total time for which application threads were stopped: 0,0002237 seconds, Stopping threads took: 0,0000326 seconds
2017-02-28T18:25:56.532+0100: 1,889: Total time for which application threads were stopped: 0,0002943 seconds, Stopping threads took: 0,0000866 seconds
{Heap before GC invocations=0 (full 0):
 par new generation   total 109248K, used 87424K [0x00000000e0000000, 0x00000000e8000000, 0x00000000e8000000)
  eden space 87424K, 100% used [0x00000000e0000000, 0x00000000e5560000, 0x00000000e5560000)
  from space 21824K,   0% used [0x00000000e5560000, 0x00000000e5560000, 0x00000000e6ab0000)
  to   space 21824K,   0% used [0x00000000e6ab0000, 0x00000000e6ab0000, 0x00000000e8000000)
 concurrent mark-sweep generation total 393216K, used 0K [0x00000000e8000000, 0x0000000100000000, 0x0000000100000000)
 Metaspace       used 18026K, capacity 18336K, committed 18688K, reserved 1064960K
  class space    used 2036K, capacity 2196K, committed 2304K, reserved 1048576K
2017-02-28T18:25:56.621+0100: 1,978: [GC (Allocation Failure) 2017-02-28T18:25:56.622+0100: 1,978: [ParNew
Desired survivor size 20112992 bytes, new threshold 8 (max 8)
- age   1:   12588184 bytes,   12588184 total
: 87424K->12421K(109248K), 0,0164206 secs] 87424K->12421K(502464K), 0,0165005 secs] [Times: user=0,03 sys=0,03, real=0,02 secs] 
Heap after GC invocations=1 (full 0):
 par new generation   total 109248K, used 12421K [0x00000000e0000000, 0x00000000e8000000, 0x00000000e8000000)
  eden space 87424K,   0% used [0x00000000e0000000, 0x00000000e0000000, 0x00000000e5560000)
  from space 21824K,  56% used [0x00000000e6ab0000, 0x00000000e76d17c8, 0x00000000e8000000)
  to   space 21824K,   0% used [0x00000000e5560000, 0x00000000e5560000, 0x00000000e6ab0000)
 concurrent mark-sweep generation total 393216K, used 0K [0x00000000e8000000, 0x0000000100000000, 0x0000000100000000)
 Metaspace       used 18026K, capacity 18336K, committed 18688K, reserved 1064960K
  class space    used 2036K, capacity 2196K, committed 2304K, reserved 1048576K
}
2017-02-28T18:25:56.638+0100: 1,995: Total time for which application threads were stopped: 0,0167569 seconds, Stopping threads took: 0,0000725 seconds
2017-02-28T18:25:56.938+0100: 2,295: Total time for which application threads were stopped: 0,0003526 seconds, Stopping threads took: 0,0000651 seconds
2017-02-28T18:25:56.969+0100: 2,326: Total time for which application threads were stopped: 0,0004211 seconds, Stopping threads took: 0,0001310 seconds
{Heap before GC invocations=1 (full 0):
 par new generation   total 109248K, used 99845K [0x00000000e0000000, 0x00000000e8000000, 0x00000000e8000000)
  eden space 87424K, 100% used [0x00000000e0000000, 0x00000000e5560000, 0x00000000e5560000)
  from space 21824K,  56% used [0x00000000e6ab0000, 0x00000000e76d17c8, 0x00000000e8000000)
  to   space 21824K,   0% used [0x00000000e5560000, 0x00000000e5560000, 0x00000000e6ab0000)
 concurrent mark-sweep generation total 393216K, used 0K [0x00000000e8000000, 0x0000000100000000, 0x0000000100000000)
 Metaspace       used 20066K, capacity 20428K, committed 20736K, reserved 1067008K
  class space    used 2297K, capacity 2470K, committed 2560K, reserved 1048576K
2017-02-28T18:25:56.974+0100: 2,331: [GC (Allocation Failure) 2017-02-28T18:25:56.974+0100: 2,331: [ParNew
Desired survivor size 20112992 bytes, new threshold 8 (max 8)
- age   1:    3683304 bytes,    3683304 total
- age   2:    6656824 bytes,   10340128 total
: 99845K->15726K(109248K), 0,0102699 secs] 99845K->15726K(502464K), 0,0103396 secs] [Times: user=0,03 sys=0,00, real=0,01 secs] 
Heap after GC invocations=2 (full 0):
 par new generation   total 109248K, used 15726K [0x00000000e0000000, 0x00000000e8000000, 0x00000000e8000000)
  eden space 87424K,   0% used [0x00000000e0000000, 0x00000000e0000000, 0x00000000e5560000)
  from space 21824K,  72% used [0x00000000e5560000, 0x00000000e64bb880, 0x00000000e6ab0000)
  to   space 21824K,   0% used [0x00000000e6ab0000, 0x00000000e6ab0000, 0x00000000e8000000)
 concurrent mark-sweep generation total 393216K, used 0K [0x00000000e8000000, 0x0000000100000000, 0x0000000100000000)
 Metaspace       used 20066K, capacity 20428K, committed 20736K, reserved 1067008K
  class space    used 2297K, capacity 2470K, committed 2560K, reserved 1048576K
}
2017-02-28T18:25:56.984+0100: 2,341: Total time for which application threads were stopped: 0,0123035 seconds, Stopping threads took: 0,0018148 seconds
2017-02-28T18:25:57.033+0100: 2,390: Total time for which application threads were stopped: 0,0006946 seconds, Stopping threads took: 0,0004090 seconds
2017-02-28T18:25:57.154+0100: 2,511: Total time for which application threads were stopped: 0,0021733 seconds, Stopping threads took: 0,0020463 seconds
{Heap before GC invocations=2 (full 0):
 par new generation   total 109248K, used 103150K [0x00000000e0000000, 0x00000000e8000000, 0x00000000e8000000)
  eden space 87424K, 100% used [0x00000000e0000000, 0x00000000e5560000, 0x00000000e5560000)
  from space 21824K,  72% used [0x00000000e5560000, 0x00000000e64bb880, 0x00000000e6ab0000)
  to   space 21824K,   0% used [0x00000000e6ab0000, 0x00000000e6ab0000, 0x00000000e8000000)
 concurrent mark-sweep generation total 393216K, used 0K [0x00000000e8000000, 0x0000000100000000, 0x0000000100000000)
 Metaspace       used 20987K, capacity 21286K, committed 21628K, reserved 1069056K
  class space    used 2420K, capacity 2589K, committed 2684K, reserved 1048576K
2017-02-28T18:25:57.191+0100: 2,548: [GC (Allocation Failure) 2017-02-28T18:25:57.191+0100: 2,548: [ParNew
Desired survivor size 20112992 bytes, new threshold 8 (max 8)
- age   1:    2205128 bytes,    2205128 total
- age   2:     856728 bytes,    3061856 total
- age   3:    6653264 bytes,    9715120 total
: 103150K->11225K(109248K), 0,0137014 secs] 103150K->11225K(502464K), 0,0138120 secs] [Times: user=0,05 sys=0,00, real=0,01 secs] 
Heap after GC invocations=3 (full 0):
 par new generation   total 109248K, used 11225K [0x00000000e0000000, 0x00000000e8000000, 0x00000000e8000000)
  eden space 87424K,   0% used [0x00000000e0000000, 0x00000000e0000000, 0x00000000e5560000)
  from space 21824K,  51% used [0x00000000e6ab0000, 0x00000000e75a65e0, 0x00000000e8000000)
  to   space 21824K,   0% used [0x00000000e5560000, 0x00000000e5560000, 0x00000000e6ab0000)
 concurrent mark-sweep generation total 393216K, used 0K [0x00000000e8000000, 0x0000000100000000, 0x0000000100000000)
 Metaspace       used 20987K, capacity 21286K, committed 21628K, reserved 1069056K
  class space    used 2420K, capacity 2589K, committed 2684K, reserved 1048576K
}
2017-02-28T18:25:57.205+0100: 2,562: Total time for which application threads were stopped: 0,0141149 seconds, Stopping threads took: 0,0000870 seconds
2017-02-28T18:25:57.209+0100: 2,566: [GC (CMS Initial Mark) [1 CMS-initial-mark: 0K(393216K)] 17067K(502464K), 0,0065486 secs] [Times: user=0,02 sys=0,00, real=0,00 secs] 
2017-02-28T18:25:57.215+0100: 2,572: Total time for which application threads were stopped: 0,0071780 seconds, Stopping threads took: 0,0005141 seconds
2017-02-28T18:25:57.215+0100: 2,572: [CMS-concurrent-mark-start]
2017-02-28T18:25:57.217+0100: 2,574: [CMS-concurrent-mark: 0,002/0,002 secs] [Times: user=0,00 sys=0,00, real=0,00 secs] 
2017-02-28T18:25:57.217+0100: 2,574: [CMS-concurrent-preclean-start]
2017-02-28T18:25:57.218+0100: 2,575: [CMS-concurrent-preclean: 0,001/0,001 secs] [Times: user=0,01 sys=0,00, real=0,01 secs] 
2017-02-28T18:25:57.218+0100: 2,575: [CMS-concurrent-abortable-preclean-start]
2017-02-28T18:25:57.272+0100: 2,629: Total time for which application threads were stopped: 0,0003866 seconds, Stopping threads took: 0,0002844 seconds
{Heap before GC invocations=3 (full 1):
 par new generation   total 109248K, used 98649K [0x00000000e0000000, 0x00000000e8000000, 0x00000000e8000000)
  eden space 87424K, 100% used [0x00000000e0000000, 0x00000000e5560000, 0x00000000e5560000)
  from space 21824K,  51% used [0x00000000e6ab0000, 0x00000000e75a65e0, 0x00000000e8000000)
  to   space 21824K,   0% used [0x00000000e5560000, 0x00000000e5560000, 0x00000000e6ab0000)
 concurrent mark-sweep generation total 393216K, used 0K [0x00000000e8000000, 0x0000000100000000, 0x0000000100000000)
 Metaspace       used 21281K, capacity 21640K, committed 21884K, reserved 1069056K
  class space    used 2452K, capacity 2607K, committed 2684K, reserved 1048576K
2017-02-28T18:25:57.338+0100: 2,695: [GC (Allocation Failure) 2017-02-28T18:25:57.338+0100: 2,695: [ParNew
Desired survivor size 20112992 bytes, new threshold 8 (max 8)
- age   1:     860864 bytes,     860864 total
- age   2:    1455504 bytes,    2316368 total
- age   3:     827192 bytes,    3143560 total
- age   4:    6653112 bytes,    9796672 total
: 98649K->16476K(109248K), 0,0103125 secs] 98649K->16476K(502464K), 0,0103754 secs] [Times: user=0,03 sys=0,00, real=0,01 secs] 
Heap after GC invocations=4 (full 1):
 par new generation   total 109248K, used 16476K [0x00000000e0000000, 0x00000000e8000000, 0x00000000e8000000)
  eden space 87424K,   0% used [0x00000000e0000000, 0x00000000e0000000, 0x00000000e5560000)
  from space 21824K,  75% used [0x00000000e5560000, 0x00000000e6577000, 0x00000000e6ab0000)
  to   space 21824K,   0% used [0x00000000e6ab0000, 0x00000000e6ab0000, 0x00000000e8000000)
 concurrent mark-sweep generation total 393216K, used 0K [0x00000000e8000000, 0x0000000100000000, 0x0000000100000000)
 Metaspace       used 21281K, capacity 21640K, committed 21884K, reserved 1069056K
  class space    used 2452K, capacity 2607K, committed 2684K, reserved 1048576K
}
2017-02-28T18:25:57.348+0100: 2,705: Total time for which application threads were stopped: 0,0142232 seconds, Stopping threads took: 0,0037224 seconds
2017-02-28T18:25:57.348+0100: 2,705: [CMS-concurrent-abortable-preclean: 0,107/0,130 secs] [Times: user=0,46 sys=0,00, real=0,13 secs] 
2017-02-28T18:25:57.354+0100: 2,711: [GC (CMS Final Remark) [YG occupancy: 23290 K (109248 K)]{Heap before GC invocations=4 (full 1):
 par new generation   total 109248K, used 23290K [0x00000000e0000000, 0x00000000e8000000, 0x00000000e8000000)
  eden space 87424K,   7% used [0x00000000e0000000, 0x00000000e06a7940, 0x00000000e5560000)
  from space 21824K,  75% used [0x00000000e5560000, 0x00000000e6577000, 0x00000000e6ab0000)
  to   space 21824K,   0% used [0x00000000e6ab0000, 0x00000000e6ab0000, 0x00000000e8000000)
 concurrent mark-sweep generation total 393216K, used 0K [0x00000000e8000000, 0x0000000100000000, 0x0000000100000000)
 Metaspace       used 21291K, capacity 21644K, committed 21884K, reserved 1069056K
  class space    used 2454K, capacity 2607K, committed 2684K, reserved 1048576K
2017-02-28T18:25:57.354+0100: 2,711: [GC (CMS Final Remark) 2017-02-28T18:25:57.354+0100: 2,711: [ParNew
Desired survivor size 20112992 bytes, new threshold 8 (max 8)
- age   1:     748240 bytes,     748240 total
- age   2:     355832 bytes,    1104072 total
- age   3:    1455504 bytes,    2559576 total
- age   4:     827192 bytes,    3386768 total
- age   5:    6653072 bytes,   10039840 total
: 23290K->13353K(109248K), 0,0094102 secs] 23290K->13353K(502464K), 0,0094626 secs] [Times: user=0,03 sys=0,00, real=0,01 secs] 
Heap after GC invocations=5 (full 1):
 par new generation   total 109248K, used 13353K [0x00000000e0000000, 0x00000000e8000000, 0x00000000e8000000)
  eden space 87424K,   0% used [0x00000000e0000000, 0x00000000e0000000, 0x00000000e5560000)
  from space 21824K,  61% used [0x00000000e6ab0000, 0x00000000e77ba700, 0x00000000e8000000)
  to   space 21824K,   0% used [0x00000000e5560000, 0x00000000e5560000, 0x00000000e6ab0000)
 concurrent mark-sweep generation total 393216K, used 0K [0x00000000e8000000, 0x0000000100000000, 0x0000000100000000)
 Metaspace       used 21291K, capacity 21644K, committed 21884K, reserved 1069056K
  class space    used 2454K, capacity 2607K, committed 2684K, reserved 1048576K
}
2017-02-28T18:25:57.364+0100: 2,721: [Rescan (parallel) , 0,0037259 secs]2017-02-28T18:25:57.367+0100: 2,724: [weak refs processing, 0,0010308 secs]2017-02-28T18:25:57.368+0100: 2,725: [class unloading, 0,0029486 secs]2017-02-28T18:25:57.371+0100: 2,728: [scrub symbol table, 0,0029049 secs]2017-02-28T18:25:57.374+0100: 2,731: [scrub string table, 0,0004099 secs][1 CMS-remark: 0K(393216K)] 13353K(502464K), 0,0211452 secs] [Times: user=0,06 sys=0,00, real=0,02 secs] 
2017-02-28T18:25:57.375+0100: 2,732: Total time for which application threads were stopped: 0,0213270 seconds, Stopping threads took: 0,0000939 seconds
2017-02-28T18:25:57.375+0100: 2,732: [CMS-concurrent-sweep-start]
2017-02-28T18:25:57.375+0100: 2,732: [CMS-concurrent-sweep: 0,000/0,000 secs] [Times: user=0,00 sys=0,00, real=0,00 secs] 
2017-02-28T18:25:57.375+0100: 2,732: [CMS-concurrent-reset-start]
2017-02-28T18:25:57.378+0100: 2,735: [CMS-concurrent-reset: 0,002/0,002 secs] [Times: user=0,01 sys=0,00, real=0,00 secs] 
{Heap before GC invocations=5 (full 1):
 par new generation   total 109248K, used 100777K [0x00000000e0000000, 0x00000000e8000000, 0x00000000e8000000)
  eden space 87424K, 100% used [0x00000000e0000000, 0x00000000e5560000, 0x00000000e5560000)
  from space 21824K,  61% used [0x00000000e6ab0000, 0x00000000e77ba700, 0x00000000e8000000)
  to   space 21824K,   0% used [0x00000000e5560000, 0x00000000e5560000, 0x00000000e6ab0000)
 concurrent mark-sweep generation total 393216K, used 0K [0x00000000e8000000, 0x0000000100000000, 0x0000000100000000)
 Metaspace       used 21479K, capacity 21880K, committed 22140K, reserved 1069056K
  class space    used 2479K, capacity 2641K, committed 2684K, reserved 1048576K
2017-02-28T18:25:57.474+0100: 2,831: [GC (Allocation Failure) 2017-02-28T18:25:57.474+0100: 2,831: [ParNew
Desired survivor size 20112992 bytes, new threshold 8 (max 8)
- age   1:     886736 bytes,     886736 total
- age   2:       6728 bytes,     893464 total
- age   3:     172040 bytes,    1065504 total
- age   4:    1454000 bytes,    2519504 total
- age   5:     823400 bytes,    3342904 total
- age   6:    6653224 bytes,    9996128 total
: 100777K->10776K(109248K), 0,0111177 secs] 100777K->10776K(502464K), 0,0111896 secs] [Times: user=0,04 sys=0,00, real=0,01 secs] 
Heap after GC invocations=6 (full 1):
 par new generation   total 109248K, used 10776K [0x00000000e0000000, 0x00000000e8000000, 0x00000000e8000000)
  eden space 87424K,   0% used [0x00000000e0000000, 0x00000000e0000000, 0x00000000e5560000)
  from space 21824K,  49% used [0x00000000e5560000, 0x00000000e5fe6180, 0x00000000e6ab0000)
  to   space 21824K,   0% used [0x00000000e6ab0000, 0x00000000e6ab0000, 0x00000000e8000000)
 concurrent mark-sweep generation total 393216K, used 0K [0x00000000e8000000, 0x0000000100000000, 0x0000000100000000)
 Metaspace       used 21479K, capacity 21880K, committed 22140K, reserved 1069056K
  class space    used 2479K, capacity 2641K, committed 2684K, reserved 1048576K
}
2017-02-28T18:25:57.485+0100: 2,842: Total time for which application threads were stopped: 0,0114275 seconds, Stopping threads took: 0,0000517 seconds
2017-02-28T18:25:57.506+0100: 2,863: Total time for which application threads were stopped: 0,0002979 seconds, Stopping threads took: 0,0000197 seconds
2017-02-28T18:25:57.670+0100: 3,027: Total time for which application threads were stopped: 0,0005329 seconds, Stopping threads took: 0,0000421 seconds
2017-02-28T18:25:57.685+0100: 3,042: Total time for which application threads were stopped: 0,0004383 seconds, Stopping threads took: 0,0000553 seconds
2017-02-28T18:25:57.922+0100: 3,279: Total time for which application threads were stopped: 0,0002378 seconds, Stopping threads took: 0,0000421 seconds
{Heap before GC invocations=6 (full 1):
 par new generation   total 109248K, used 100258K [0x00000000e0000000, 0x00000000e8000000, 0x00000000e8000000)
  eden space 87424K, 100% used [0x00000000e0000000, 0x00000000e5560000, 0x00000000e5560000)
  from space 21824K,  58% used [0x00000000e5560000, 0x00000000e61e8998, 0x00000000e6ab0000)
  to   space 21824K,   0% used [0x00000000e6ab0000, 0x00000000e6ab0000, 0x00000000e8000000)
 concurrent mark-sweep generation total 393216K, used 0K [0x00000000e8000000, 0x0000000100000000, 0x0000000100000000)
 Metaspace       used 24612K, capacity 25118K, committed 25468K, reserved 1071104K
  class space    used 2886K, capacity 3080K, committed 3196K, reserved 1048576K
2017-02-28T18:25:57.934+0100: 3,291: [GC (GCLocker Initiated GC) 2017-02-28T18:25:57.934+0100: 3,291: [ParNew
Desired survivor size 20112992 bytes, new threshold 8 (max 8)
- age   1:    5473592 bytes,    5473592 total
- age   2:     172920 bytes,    5646512 total
- age   3:       6704 bytes,    5653216 total
- age   4:     171256 bytes,    5824472 total
- age   5:     280128 bytes,    6104600 total
- age   6:     798304 bytes,    6902904 total
- age   7:    6644376 bytes,   13547280 total
: 100258K->17037K(109248K), 0,0196746 secs] 100258K->17037K(502464K), 0,0197482 secs] [Times: user=0,07 sys=0,00, real=0,02 secs] 
Heap after GC invocations=7 (full 1):
 par new generation   total 109248K, used 17037K [0x00000000e0000000, 0x00000000e8000000, 0x00000000e8000000)
  eden space 87424K,   0% used [0x00000000e0000000, 0x00000000e0000000, 0x00000000e5560000)
  from space 21824K,  78% used [0x00000000e6ab0000, 0x00000000e7b53540, 0x00000000e8000000)
  to   space 21824K,   0% used [0x00000000e5560000, 0x00000000e5560000, 0x00000000e6ab0000)
 concurrent mark-sweep generation total 393216K, used 0K [0x00000000e8000000, 0x0000000100000000, 0x0000000100000000)
 Metaspace       used 24612K, capacity 25118K, committed 25468K, reserved 1071104K
  class space    used 2886K, capacity 3080K, committed 3196K, reserved 1048576K
}
2017-02-28T18:25:57.954+0100: 3,311: Total time for which application threads were stopped: 0,0223943 seconds, Stopping threads took: 0,0024874 seconds
{Heap before GC invocations=7 (full 1):
 par new generation   total 109248K, used 104461K [0x00000000e0000000, 0x00000000e8000000, 0x00000000e8000000)
  eden space 87424K, 100% used [0x00000000e0000000, 0x00000000e5560000, 0x00000000e5560000)
  from space 21824K,  78% used [0x00000000e6ab0000, 0x00000000e7b53540, 0x00000000e8000000)
  to   space 21824K,   0% used [0x00000000e5560000, 0x00000000e5560000, 0x00000000e6ab0000)
 concurrent mark-sweep generation total 393216K, used 0K [0x00000000e8000000, 0x0000000100000000, 0x0000000100000000)
 Metaspace       used 25239K, capacity 25752K, committed 25980K, reserved 1073152K
  class space    used 2932K, capacity 3120K, committed 3196K, reserved 1048576K
2017-02-28T18:25:58.104+0100: 3,461: [GC (Allocation Failure) 2017-02-28T18:25:58.104+0100: 3,461: [ParNew
Desired survivor size 20112992 bytes, new threshold 8 (max 8)
- age   1:     987320 bytes,     987320 total
- age   2:    1465624 bytes,    2452944 total
- age   3:      98512 bytes,    2551456 total
- age   4:       1584 bytes,    2553040 total
- age   5:      93040 bytes,    2646080 total
- age   6:     181400 bytes,    2827480 total
- age   7:     754528 bytes,    3582008 total
- age   8:    6110784 bytes,    9692792 total
: 104461K->18078K(109248K), 0,0141999 secs] 104461K->18078K(502464K), 0,0142805 secs] [Times: user=0,05 sys=0,01, real=0,02 secs] 
Heap after GC invocations=8 (full 1):
 par new generation   total 109248K, used 18078K [0x00000000e0000000, 0x00000000e8000000, 0x00000000e8000000)
  eden space 87424K,   0% used [0x00000000e0000000, 0x00000000e0000000, 0x00000000e5560000)
  from space 21824K,  82% used [0x00000000e5560000, 0x00000000e6707800, 0x00000000e6ab0000)
  to   space 21824K,   0% used [0x00000000e6ab0000, 0x00000000e6ab0000, 0x00000000e8000000)
 concurrent mark-sweep generation total 393216K, used 0K [0x00000000e8000000, 0x0000000100000000, 0x0000000100000000)
 Metaspace       used 25239K, capacity 25752K, committed 25980K, reserved 1073152K
  class space    used 2932K, capacity 3120K, committed 3196K, reserved 1048576K
}
2017-02-28T18:25:58.118+0100: 3,475: Total time for which application threads were stopped: 0,0144815 seconds, Stopping threads took: 0,0000399 seconds
2017-02-28T18:25:58.244+0100: 3,601: Total time for which application threads were stopped: 0,0014242 seconds, Stopping threads took: 0,0009541 seconds
2017-02-28T18:25:58.267+0100: 3,624: Total time for which application threads were stopped: 0,0004388 seconds, Stopping threads took: 0,0000332 seconds
2017-02-28T18:25:58.347+0100: 3,704: Total time for which application threads were stopped: 0,0003759 seconds, Stopping threads took: 0,0000203 seconds
2017-02-28T18:25:58.692+0100: 4,049: Total time for which application threads were stopped: 0,0005055 seconds, Stopping threads took: 0,0000244 seconds
2017-02-28T18:26:01.693+0100: 7,050: Total time for which application threads were stopped: 0,0000766 seconds, Stopping threads took: 0,0000185 seconds
2017-02-28T18:26:05.693+0100: 11,050: Total time for which application threads were stopped: 0,0001036 seconds, Stopping threads took: 0,0000284 seconds
2017-02-28T18:26:20.695+0100: 26,051: Total time for which application threads were stopped: 0,0001502 seconds, Stopping threads took: 0,0000424 seconds
2017-02-28T18:26:26.695+0100: 32,052: Total time for which application threads were stopped: 0,0000930 seconds, Stopping threads took: 0,0000206 seconds
2017-02-28T18:27:26.701+0100: 92,058: Total time for which application threads were stopped: 0,0000631 seconds, Stopping threads took: 0,0000169 seconds
2017-02-28T18:27:56.704+0100: 122,061: Total time for which application threads were stopped: 0,0000844 seconds, Stopping threads took: 0,0000333 seconds
2017-02-28T18:28:06.705+0100: 132,062: Total time for which application threads were stopped: 0,0006397 seconds, Stopping threads took: 0,0002490 seconds
2017-02-28T18:28:25.707+0100: 151,064: Total time for which application threads were stopped: 0,0000862 seconds, Stopping threads took: 0,0000196 seconds
2017-02-28T18:28:45.710+0100: 171,067: Total time for which application threads were stopped: 0,0001093 seconds, Stopping threads took: 0,0000440 seconds
2017-02-28T18:28:55.711+0100: 181,068: Total time for which application threads were stopped: 0,0001635 seconds, Stopping threads took: 0,0000391 seconds
2017-02-28T18:30:15.720+0100: 261,077: Total time for which application threads were stopped: 0,0001673 seconds, Stopping threads took: 0,0000538 seconds
2017-02-28T18:30:31.723+0100: 277,080: Total time for which application threads were stopped: 0,0000865 seconds, Stopping threads took: 0,0000164 seconds
2017-02-28T18:49:25.876+0100: 1411,233: Total time for which application threads were stopped: 0,0001835 seconds, Stopping threads took: 0,0000658 seconds
2017-02-28T18:53:15.914+0100: 1641,271: Total time for which application threads were stopped: 0,0001522 seconds, Stopping threads took: 0,0000528 seconds
2017-02-28T18:53:20.915+0100: 1646,272: Total time for which application threads were stopped: 0,0000736 seconds, Stopping threads took: 0,0000162 seconds
2017-02-28T19:04:17.019+0100: 2302,376: Total time for which application threads were stopped: 0,0001802 seconds, Stopping threads took: 0,0000615 seconds
2017-02-28T19:04:21.019+0100: 2306,376: Total time for which application threads were stopped: 0,0000801 seconds, Stopping threads took: 0,0000166 seconds
2017-02-28T19:19:12.163+0100: 3197,520: Total time for which application threads were stopped: 0,0001245 seconds, Stopping threads took: 0,0000376 seconds
2017-02-28T19:31:26.279+0100: 3931,636: Total time for which application threads were stopped: 0,0000994 seconds, Stopping threads took: 0,0000340 seconds
2017-02-28T19:32:26.288+0100: 3991,645: Total time for which application threads were stopped: 0,0001182 seconds, Stopping threads took: 0,0000458 seconds
2017-02-28T19:51:42.468+0100: 5147,825: Total time for which application threads were stopped: 0,0001724 seconds, Stopping threads took: 0,0000653 seconds
2017-02-28T20:10:22.591+0100: 6267,948: Total time for which application threads were stopped: 0,0002169 seconds, Stopping threads took: 0,0001565 seconds
2017-02-28T20:27:26.677+0100: 7292,034: Total time for which application threads were stopped: 0,0004856 seconds, Stopping threads took: 0,0001363 seconds
2017-02-28T20:28:26.682+0100: 7352,039: Total time for which application threads were stopped: 0,0000889 seconds, Stopping threads took: 0,0000271 seconds
2017-02-28T20:29:26.688+0100: 7412,045: Total time for which application threads were stopped: 0,0001351 seconds, Stopping threads took: 0,0000502 seconds
2017-02-28T20:33:56.712+0100: 7682,069: Total time for which application threads were stopped: 0,0000967 seconds, Stopping threads took: 0,0000340 seconds
2017-02-28T20:34:26.715+0100: 7712,072: Total time for which application threads were stopped: 0,0000848 seconds, Stopping threads took: 0,0000341 seconds
2017-02-28T21:14:35.911+0100: 10121,268: Total time for which application threads were stopped: 0,0000986 seconds, Stopping threads took: 0,0000304 seconds
2017-02-28T22:41:56.491+0100: 15361,848: Total time for which application threads were stopped: 0,0000976 seconds, Stopping threads took: 0,0000315 seconds
2017-02-28T22:44:56.510+0100: 15541,867: Total time for which application threads were stopped: 0,0001725 seconds, Stopping threads took: 0,0000633 seconds
2017-03-01T00:57:26.563+0100: 23491,920: Total time for which application threads were stopped: 0,0082153 seconds, Stopping threads took: 0,0080810 seconds
2017-03-01T00:57:26.564+0100: 23491,921: Total time for which application threads were stopped: 0,0001389 seconds, Stopping threads took: 0,0000356 seconds
Heap
 par new generation   total 109248K, used 77717K [0x00000000e0000000, 0x00000000e8000000, 0x00000000e8000000)
  eden space 87424K,  68% used [0x00000000e0000000, 0x00000000e3a3dc00, 0x00000000e5560000)
  from space 21824K,  82% used [0x00000000e5560000, 0x00000000e6707800, 0x00000000e6ab0000)
  to   space 21824K,   0% used [0x00000000e6ab0000, 0x00000000e6ab0000, 0x00000000e8000000)
 concurrent mark-sweep generation total 393216K, used 0K [0x00000000e8000000, 0x0000000100000000, 0x0000000100000000)
 Metaspace       used 28138K, capacity 28746K, committed 29052K, reserved 1075200K
  class space    used 3231K, capacity 3427K, committed 3452K, reserved 1048576K
