OpenJDK 64-Bit Server VM (25.131-b11) for linux-amd64 JRE (1.8.0_131-8u131-b11-0ubuntu1.16.04.2-b11), built on May  6 2017 02:45:27 by "buildd" with gcc 5.4.0 20160609
Memory: 4k page, physical 7867740k(7407320k free), swap 8076284k(8076284k free)
CommandLine flags: -XX:CMSInitiatingOccupancyFraction=50 -XX:CMSMaxAbortablePrecleanTime=6000 -XX:+CMSParallelRemarkEnabled -XX:+CMSScavengeBeforeRemark -XX:ConcGCThreads=4 -XX:InitialHeapSize=536870912 -XX:MaxHeapSize=536870912 -XX:MaxTenuringThreshold=8 -XX:NewRatio=3 -XX:OldPLABSize=16 -XX:OnOutOfMemoryError=/opt/solr/bin/oom_solr.sh 8983 /var/solr/logs -XX:ParallelGCThreads=4 -XX:+ParallelRefProcEnabled -XX:PretenureSizeThreshold=67108864 -XX:+PrintGC -XX:+PrintGCApplicationStoppedTime -XX:+PrintGCDateStamps -XX:+PrintGCDetails -XX:+PrintGCTimeStamps -XX:+PrintHeapAtGC -XX:+PrintTenuringDistribution -XX:SurvivorRatio=4 -XX:TargetSurvivorRatio=90 -XX:ThreadStackSize=256 -XX:+UseCMSInitiatingOccupancyOnly -XX:+UseCompressedClassPointers -XX:+UseCompressedOops -XX:+UseConcMarkSweepGC -XX:+UseParNewGC 
2017-06-13T16:40:25.512+0200: 0,145: Total time for which application threads were stopped: 0,0000678 seconds, Stopping threads took: 0,0000134 seconds
2017-06-13T16:40:25.593+0200: 0,226: Total time for which application threads were stopped: 0,0000853 seconds, Stopping threads took: 0,0000135 seconds
2017-06-13T16:40:25.606+0200: 0,239: Total time for which application threads were stopped: 0,0000845 seconds, Stopping threads took: 0,0000096 seconds
2017-06-13T16:40:25.801+0200: 0,434: Total time for which application threads were stopped: 0,0001360 seconds, Stopping threads took: 0,0000171 seconds
2017-06-13T16:40:26.245+0200: 0,878: Total time for which application threads were stopped: 0,0001523 seconds, Stopping threads took: 0,0000191 seconds
2017-06-13T16:40:26.351+0200: 0,984: Total time for which application threads were stopped: 0,0002154 seconds, Stopping threads took: 0,0000259 seconds
2017-06-13T16:40:26.371+0200: 1,004: Total time for which application threads were stopped: 0,0001874 seconds, Stopping threads took: 0,0000157 seconds
2017-06-13T16:40:26.696+0200: 1,329: Total time for which application threads were stopped: 0,0001827 seconds, Stopping threads took: 0,0000168 seconds
2017-06-13T16:40:26.920+0200: 1,553: Total time for which application threads were stopped: 0,0002259 seconds, Stopping threads took: 0,0000193 seconds
2017-06-13T16:40:26.941+0200: 1,574: Total time for which application threads were stopped: 0,0013950 seconds, Stopping threads took: 0,0010208 seconds
2017-06-13T16:40:26.974+0200: 1,607: Total time for which application threads were stopped: 0,0002338 seconds, Stopping threads took: 0,0000371 seconds
2017-06-13T16:40:26.976+0200: 1,609: Total time for which application threads were stopped: 0,0006817 seconds, Stopping threads took: 0,0000303 seconds
2017-06-13T16:40:26.995+0200: 1,628: Total time for which application threads were stopped: 0,0006206 seconds, Stopping threads took: 0,0000808 seconds
2017-06-13T16:40:27.089+0200: 1,722: Total time for which application threads were stopped: 0,0001965 seconds, Stopping threads took: 0,0000182 seconds
2017-06-13T16:40:27.262+0200: 1,895: Total time for which application threads were stopped: 0,0002820 seconds, Stopping threads took: 0,0000466 seconds
{Heap before GC invocations=0 (full 0):
 par new generation   total 109248K, used 87424K [0x00000000e0000000, 0x00000000e8000000, 0x00000000e8000000)
  eden space 87424K, 100% used [0x00000000e0000000, 0x00000000e5560000, 0x00000000e5560000)
  from space 21824K,   0% used [0x00000000e5560000, 0x00000000e5560000, 0x00000000e6ab0000)
  to   space 21824K,   0% used [0x00000000e6ab0000, 0x00000000e6ab0000, 0x00000000e8000000)
 concurrent mark-sweep generation total 393216K, used 0K [0x00000000e8000000, 0x0000000100000000, 0x0000000100000000)
 Metaspace       used 18022K, capacity 18336K, committed 18688K, reserved 1064960K
  class space    used 2036K, capacity 2196K, committed 2304K, reserved 1048576K
2017-06-13T16:40:27.347+0200: 1,980: [GC (Allocation Failure) 2017-06-13T16:40:27.347+0200: 1,980: [ParNew
Desired survivor size 20112992 bytes, new threshold 8 (max 8)
- age   1:   12577848 bytes,   12577848 total
: 87424K->12397K(109248K), 0,0199388 secs] 87424K->12397K(502464K), 0,0200260 secs] [Times: user=0,06 sys=0,00, real=0,02 secs] 
Heap after GC invocations=1 (full 0):
 par new generation   total 109248K, used 12397K [0x00000000e0000000, 0x00000000e8000000, 0x00000000e8000000)
  eden space 87424K,   0% used [0x00000000e0000000, 0x00000000e0000000, 0x00000000e5560000)
  from space 21824K,  56% used [0x00000000e6ab0000, 0x00000000e76cb718, 0x00000000e8000000)
  to   space 21824K,   0% used [0x00000000e5560000, 0x00000000e5560000, 0x00000000e6ab0000)
 concurrent mark-sweep generation total 393216K, used 0K [0x00000000e8000000, 0x0000000100000000, 0x0000000100000000)
 Metaspace       used 18022K, capacity 18336K, committed 18688K, reserved 1064960K
  class space    used 2036K, capacity 2196K, committed 2304K, reserved 1048576K
}
2017-06-13T16:40:27.367+0200: 2,000: Total time for which application threads were stopped: 0,0202563 seconds, Stopping threads took: 0,0000417 seconds
2017-06-13T16:40:27.659+0200: 2,292: Total time for which application threads were stopped: 0,0003639 seconds, Stopping threads took: 0,0000903 seconds
{Heap before GC invocations=1 (full 0):
 par new generation   total 109248K, used 99821K [0x00000000e0000000, 0x00000000e8000000, 0x00000000e8000000)
  eden space 87424K, 100% used [0x00000000e0000000, 0x00000000e5560000, 0x00000000e5560000)
  from space 21824K,  56% used [0x00000000e6ab0000, 0x00000000e76cb718, 0x00000000e8000000)
  to   space 21824K,   0% used [0x00000000e5560000, 0x00000000e5560000, 0x00000000e6ab0000)
 concurrent mark-sweep generation total 393216K, used 0K [0x00000000e8000000, 0x0000000100000000, 0x0000000100000000)
 Metaspace       used 20058K, capacity 20412K, committed 20736K, reserved 1067008K
  class space    used 2292K, capacity 2464K, committed 2560K, reserved 1048576K
2017-06-13T16:40:27.703+0200: 2,336: [GC (Allocation Failure) 2017-06-13T16:40:27.703+0200: 2,336: [ParNew
Desired survivor size 20112992 bytes, new threshold 8 (max 8)
- age   1:    3737336 bytes,    3737336 total
- age   2:    6646944 bytes,   10384280 total
: 99821K->13657K(109248K), 0,0178893 secs] 99821K->13657K(502464K), 0,0179612 secs] [Times: user=0,06 sys=0,00, real=0,01 secs] 
Heap after GC invocations=2 (full 0):
 par new generation   total 109248K, used 13657K [0x00000000e0000000, 0x00000000e8000000, 0x00000000e8000000)
  eden space 87424K,   0% used [0x00000000e0000000, 0x00000000e0000000, 0x00000000e5560000)
  from space 21824K,  62% used [0x00000000e5560000, 0x00000000e62b67f0, 0x00000000e6ab0000)
  to   space 21824K,   0% used [0x00000000e6ab0000, 0x00000000e6ab0000, 0x00000000e8000000)
 concurrent mark-sweep generation total 393216K, used 0K [0x00000000e8000000, 0x0000000100000000, 0x0000000100000000)
 Metaspace       used 20058K, capacity 20412K, committed 20736K, reserved 1067008K
  class space    used 2292K, capacity 2464K, committed 2560K, reserved 1048576K
}
2017-06-13T16:40:27.721+0200: 2,354: Total time for which application threads were stopped: 0,0182014 seconds, Stopping threads took: 0,0000514 seconds
2017-06-13T16:40:27.725+0200: 2,357: Total time for which application threads were stopped: 0,0004003 seconds, Stopping threads took: 0,0000308 seconds
2017-06-13T16:40:27.774+0200: 2,407: Total time for which application threads were stopped: 0,0047506 seconds, Stopping threads took: 0,0044513 seconds
2017-06-13T16:40:27.902+0200: 2,535: Total time for which application threads were stopped: 0,0002089 seconds, Stopping threads took: 0,0000880 seconds
{Heap before GC invocations=2 (full 0):
 par new generation   total 109248K, used 101081K [0x00000000e0000000, 0x00000000e8000000, 0x00000000e8000000)
  eden space 87424K, 100% used [0x00000000e0000000, 0x00000000e5560000, 0x00000000e5560000)
  from space 21824K,  62% used [0x00000000e5560000, 0x00000000e62b67f0, 0x00000000e6ab0000)
  to   space 21824K,   0% used [0x00000000e6ab0000, 0x00000000e6ab0000, 0x00000000e8000000)
 concurrent mark-sweep generation total 393216K, used 0K [0x00000000e8000000, 0x0000000100000000, 0x0000000100000000)
 Metaspace       used 20969K, capacity 21270K, committed 21628K, reserved 1069056K
  class space    used 2414K, capacity 2583K, committed 2684K, reserved 1048576K
2017-06-13T16:40:27.948+0200: 2,581: [GC (Allocation Failure) 2017-06-13T16:40:27.948+0200: 2,581: [ParNew
Desired survivor size 20112992 bytes, new threshold 8 (max 8)
- age   1:    2248520 bytes,    2248520 total
- age   2:     870632 bytes,    3119152 total
- age   3:    6643824 bytes,    9762976 total
: 101081K->11507K(109248K), 0,0100622 secs] 101081K->11507K(502464K), 0,0101402 secs] [Times: user=0,03 sys=0,00, real=0,01 secs] 
Heap after GC invocations=3 (full 0):
 par new generation   total 109248K, used 11507K [0x00000000e0000000, 0x00000000e8000000, 0x00000000e8000000)
  eden space 87424K,   0% used [0x00000000e0000000, 0x00000000e0000000, 0x00000000e5560000)
  from space 21824K,  52% used [0x00000000e6ab0000, 0x00000000e75ecfc0, 0x00000000e8000000)
  to   space 21824K,   0% used [0x00000000e5560000, 0x00000000e5560000, 0x00000000e6ab0000)
 concurrent mark-sweep generation total 393216K, used 0K [0x00000000e8000000, 0x0000000100000000, 0x0000000100000000)
 Metaspace       used 20969K, capacity 21270K, committed 21628K, reserved 1069056K
  class space    used 2414K, capacity 2583K, committed 2684K, reserved 1048576K
}
2017-06-13T16:40:27.959+0200: 2,591: Total time for which application threads were stopped: 0,0107070 seconds, Stopping threads took: 0,0004311 seconds
2017-06-13T16:40:27.959+0200: 2,592: [GC (CMS Initial Mark) [1 CMS-initial-mark: 0K(393216K)] 12267K(502464K), 0,0036098 secs] [Times: user=0,02 sys=0,00, real=0,01 secs] 
2017-06-13T16:40:27.962+0200: 2,595: Total time for which application threads were stopped: 0,0037566 seconds, Stopping threads took: 0,0000401 seconds
2017-06-13T16:40:27.962+0200: 2,595: [CMS-concurrent-mark-start]
2017-06-13T16:40:27.963+0200: 2,596: [CMS-concurrent-mark: 0,001/0,001 secs] [Times: user=0,00 sys=0,00, real=0,00 secs] 
2017-06-13T16:40:27.963+0200: 2,596: [CMS-concurrent-preclean-start]
2017-06-13T16:40:27.965+0200: 2,597: [CMS-concurrent-preclean: 0,001/0,001 secs] [Times: user=0,01 sys=0,00, real=0,00 secs] 
2017-06-13T16:40:27.965+0200: 2,597: [CMS-concurrent-abortable-preclean-start]
2017-06-13T16:40:28.042+0200: 2,675: Total time for which application threads were stopped: 0,0001529 seconds, Stopping threads took: 0,0000694 seconds
{Heap before GC invocations=3 (full 1):
 par new generation   total 109248K, used 98923K [0x00000000e0000000, 0x00000000e8000000, 0x00000000e8000000)
  eden space 87424K,  99% used [0x00000000e0000000, 0x00000000e555de00, 0x00000000e5560000)
  from space 21824K,  52% used [0x00000000e6ab0000, 0x00000000e75ecfc0, 0x00000000e8000000)
  to   space 21824K,   0% used [0x00000000e5560000, 0x00000000e5560000, 0x00000000e6ab0000)
 concurrent mark-sweep generation total 393216K, used 0K [0x00000000e8000000, 0x0000000100000000, 0x0000000100000000)
 Metaspace       used 21257K, capacity 21620K, committed 21884K, reserved 1069056K
  class space    used 2446K, capacity 2600K, committed 2684K, reserved 1048576K
2017-06-13T16:40:28.082+0200: 2,715: [GC (Allocation Failure) 2017-06-13T16:40:28.082+0200: 2,715: [ParNew
Desired survivor size 20112992 bytes, new threshold 8 (max 8)
- age   1:    1325216 bytes,    1325216 total
- age   2:    1448144 bytes,    2773360 total
- age   3:     846944 bytes,    3620304 total
- age   4:    6643416 bytes,   10263720 total
: 98923K->17177K(109248K), 0,0105320 secs] 98923K->17177K(502464K), 0,0106056 secs] [Times: user=0,04 sys=0,00, real=0,00 secs] 
Heap after GC invocations=4 (full 1):
 par new generation   total 109248K, used 17177K [0x00000000e0000000, 0x00000000e8000000, 0x00000000e8000000)
  eden space 87424K,   0% used [0x00000000e0000000, 0x00000000e0000000, 0x00000000e5560000)
  from space 21824K,  78% used [0x00000000e5560000, 0x00000000e6626540, 0x00000000e6ab0000)
  to   space 21824K,   0% used [0x00000000e6ab0000, 0x00000000e6ab0000, 0x00000000e8000000)
 concurrent mark-sweep generation total 393216K, used 0K [0x00000000e8000000, 0x0000000100000000, 0x0000000100000000)
 Metaspace       used 21257K, capacity 21620K, committed 21884K, reserved 1069056K
  class space    used 2446K, capacity 2600K, committed 2684K, reserved 1048576K
}
2017-06-13T16:40:28.092+0200: 2,725: Total time for which application threads were stopped: 0,0116263 seconds, Stopping threads took: 0,0008470 seconds
2017-06-13T16:40:28.093+0200: 2,725: [CMS-concurrent-abortable-preclean: 0,078/0,128 secs] [Times: user=0,47 sys=0,00, real=0,12 secs] 
2017-06-13T16:40:28.093+0200: 2,726: [GC (CMS Final Remark) [YG occupancy: 17193 K (109248 K)]{Heap before GC invocations=4 (full 1):
 par new generation   total 109248K, used 17193K [0x00000000e0000000, 0x00000000e8000000, 0x00000000e8000000)
  eden space 87424K,   0% used [0x00000000e0000000, 0x00000000e0004010, 0x00000000e5560000)
  from space 21824K,  78% used [0x00000000e5560000, 0x00000000e6626540, 0x00000000e6ab0000)
  to   space 21824K,   0% used [0x00000000e6ab0000, 0x00000000e6ab0000, 0x00000000e8000000)
 concurrent mark-sweep generation total 393216K, used 0K [0x00000000e8000000, 0x0000000100000000, 0x0000000100000000)
 Metaspace       used 21257K, capacity 21620K, committed 21884K, reserved 1069056K
  class space    used 2446K, capacity 2600K, committed 2684K, reserved 1048576K
2017-06-13T16:40:28.093+0200: 2,726: [GC (CMS Final Remark) 2017-06-13T16:40:28.093+0200: 2,726: [ParNew
Desired survivor size 20112992 bytes, new threshold 8 (max 8)
- age   1:      16400 bytes,      16400 total
- age   2:    1229888 bytes,    1246288 total
- age   3:    1448144 bytes,    2694432 total
- age   4:     846944 bytes,    3541376 total
- age   5:    6644296 bytes,   10185672 total
: 17193K->11632K(109248K), 0,0144503 secs] 17193K->11632K(502464K), 0,0144958 secs] [Times: user=0,05 sys=0,00, real=0,02 secs] 
Heap after GC invocations=5 (full 1):
 par new generation   total 109248K, used 11632K [0x00000000e0000000, 0x00000000e8000000, 0x00000000e8000000)
  eden space 87424K,   0% used [0x00000000e0000000, 0x00000000e0000000, 0x00000000e5560000)
  from space 21824K,  53% used [0x00000000e6ab0000, 0x00000000e760c160, 0x00000000e8000000)
  to   space 21824K,   0% used [0x00000000e5560000, 0x00000000e5560000, 0x00000000e6ab0000)
 concurrent mark-sweep generation total 393216K, used 0K [0x00000000e8000000, 0x0000000100000000, 0x0000000100000000)
 Metaspace       used 21257K, capacity 21620K, committed 21884K, reserved 1069056K
  class space    used 2446K, capacity 2600K, committed 2684K, reserved 1048576K
}
2017-06-13T16:40:28.107+0200: 2,740: [Rescan (parallel) , 0,0033067 secs]2017-06-13T16:40:28.111+0200: 2,743: [weak refs processing, 0,0009173 secs]2017-06-13T16:40:28.112+0200: 2,744: [class unloading, 0,0028562 secs]2017-06-13T16:40:28.114+0200: 2,747: [scrub symbol table, 0,0024831 secs]2017-06-13T16:40:28.117+0200: 2,750: [scrub string table, 0,0003628 secs][1 CMS-remark: 0K(393216K)] 11632K(502464K), 0,0250780 secs] [Times: user=0,07 sys=0,00, real=0,03 secs] 
2017-06-13T16:40:28.118+0200: 2,751: Total time for which application threads were stopped: 0,0251972 seconds, Stopping threads took: 0,0000314 seconds
2017-06-13T16:40:28.118+0200: 2,751: [CMS-concurrent-sweep-start]
2017-06-13T16:40:28.118+0200: 2,751: [CMS-concurrent-sweep: 0,000/0,000 secs] [Times: user=0,00 sys=0,00, real=0,00 secs] 
2017-06-13T16:40:28.118+0200: 2,751: [CMS-concurrent-reset-start]
2017-06-13T16:40:28.120+0200: 2,753: [CMS-concurrent-reset: 0,002/0,002 secs] [Times: user=0,01 sys=0,00, real=0,00 secs] 
{Heap before GC invocations=5 (full 1):
 par new generation   total 109248K, used 99056K [0x00000000e0000000, 0x00000000e8000000, 0x00000000e8000000)
  eden space 87424K, 100% used [0x00000000e0000000, 0x00000000e5560000, 0x00000000e5560000)
  from space 21824K,  53% used [0x00000000e6ab0000, 0x00000000e760c160, 0x00000000e8000000)
  to   space 21824K,   0% used [0x00000000e5560000, 0x00000000e5560000, 0x00000000e6ab0000)
 concurrent mark-sweep generation total 393216K, used 0K [0x00000000e8000000, 0x0000000100000000, 0x0000000100000000)
 Metaspace       used 21385K, capacity 21792K, committed 21884K, reserved 1069056K
  class space    used 2464K, capacity 2634K, committed 2684K, reserved 1048576K
2017-06-13T16:40:28.195+0200: 2,828: [GC (Allocation Failure) 2017-06-13T16:40:28.195+0200: 2,828: [ParNew
Desired survivor size 20112992 bytes, new threshold 8 (max 8)
- age   1:     525872 bytes,     525872 total
- age   3:     185944 bytes,     711816 total
- age   4:    1447944 bytes,    2159760 total
- age   5:     844896 bytes,    3004656 total
- age   6:    6643560 bytes,    9648216 total
: 99056K->15089K(109248K), 0,0094320 secs] 99056K->15089K(502464K), 0,0095124 secs] [Times: user=0,04 sys=0,00, real=0,01 secs] 
Heap after GC invocations=6 (full 1):
 par new generation   total 109248K, used 15089K [0x00000000e0000000, 0x00000000e8000000, 0x00000000e8000000)
  eden space 87424K,   0% used [0x00000000e0000000, 0x00000000e0000000, 0x00000000e5560000)
  from space 21824K,  69% used [0x00000000e5560000, 0x00000000e641c7b0, 0x00000000e6ab0000)
  to   space 21824K,   0% used [0x00000000e6ab0000, 0x00000000e6ab0000, 0x00000000e8000000)
 concurrent mark-sweep generation total 393216K, used 0K [0x00000000e8000000, 0x0000000100000000, 0x0000000100000000)
 Metaspace       used 21385K, capacity 21792K, committed 21884K, reserved 1069056K
  class space    used 2464K, capacity 2634K, committed 2684K, reserved 1048576K
}
2017-06-13T16:40:28.204+0200: 2,837: Total time for which application threads were stopped: 0,0097632 seconds, Stopping threads took: 0,0001112 seconds
2017-06-13T16:40:28.246+0200: 2,879: Total time for which application threads were stopped: 0,0003364 seconds, Stopping threads took: 0,0000404 seconds
2017-06-13T16:40:28.472+0200: 3,105: Total time for which application threads were stopped: 0,0004282 seconds, Stopping threads took: 0,0000244 seconds
2017-06-13T16:40:28.486+0200: 3,118: Total time for which application threads were stopped: 0,0003636 seconds, Stopping threads took: 0,0000390 seconds
{Heap before GC invocations=6 (full 1):
 par new generation   total 109248K, used 102513K [0x00000000e0000000, 0x00000000e8000000, 0x00000000e8000000)
  eden space 87424K, 100% used [0x00000000e0000000, 0x00000000e5560000, 0x00000000e5560000)
  from space 21824K,  69% used [0x00000000e5560000, 0x00000000e641c7b0, 0x00000000e6ab0000)
  to   space 21824K,   0% used [0x00000000e6ab0000, 0x00000000e6ab0000, 0x00000000e8000000)
 concurrent mark-sweep generation total 393216K, used 0K [0x00000000e8000000, 0x0000000100000000, 0x0000000100000000)
 Metaspace       used 23946K, capacity 24390K, committed 24572K, reserved 1071104K
  class space    used 2826K, capacity 3009K, committed 3068K, reserved 1048576K
2017-06-13T16:40:28.642+0200: 3,275: [GC (Allocation Failure) 2017-06-13T16:40:28.642+0200: 3,275: [ParNew
Desired survivor size 20112992 bytes, new threshold 8 (max 8)
- age   1:    5271872 bytes,    5271872 total
- age   2:     120680 bytes,    5392552 total
- age   4:     184440 bytes,    5576992 total
- age   5:     278208 bytes,    5855200 total
- age   6:     820600 bytes,    6675800 total
- age   7:    6634968 bytes,   13310768 total
: 102513K->15789K(109248K), 0,0124035 secs] 102513K->15789K(502464K), 0,0124736 secs] [Times: user=0,04 sys=0,00, real=0,01 secs] 
Heap after GC invocations=7 (full 1):
 par new generation   total 109248K, used 15789K [0x00000000e0000000, 0x00000000e8000000, 0x00000000e8000000)
  eden space 87424K,   0% used [0x00000000e0000000, 0x00000000e0000000, 0x00000000e5560000)
  from space 21824K,  72% used [0x00000000e6ab0000, 0x00000000e7a1b4a0, 0x00000000e8000000)
  to   space 21824K,   0% used [0x00000000e5560000, 0x00000000e5560000, 0x00000000e6ab0000)
 concurrent mark-sweep generation total 393216K, used 0K [0x00000000e8000000, 0x0000000100000000, 0x0000000100000000)
 Metaspace       used 23946K, capacity 24390K, committed 24572K, reserved 1071104K
  class space    used 2826K, capacity 3009K, committed 3068K, reserved 1048576K
}
2017-06-13T16:40:28.655+0200: 3,288: Total time for which application threads were stopped: 0,0127688 seconds, Stopping threads took: 0,0000997 seconds
{Heap before GC invocations=7 (full 1):
 par new generation   total 109248K, used 103213K [0x00000000e0000000, 0x00000000e8000000, 0x00000000e8000000)
  eden space 87424K, 100% used [0x00000000e0000000, 0x00000000e5560000, 0x00000000e5560000)
  from space 21824K,  72% used [0x00000000e6ab0000, 0x00000000e7a1b4a0, 0x00000000e8000000)
  to   space 21824K,   0% used [0x00000000e5560000, 0x00000000e5560000, 0x00000000e6ab0000)
 concurrent mark-sweep generation total 393216K, used 0K [0x00000000e8000000, 0x0000000100000000, 0x0000000100000000)
 Metaspace       used 24445K, capacity 24950K, committed 25084K, reserved 1071104K
  class space    used 2861K, capacity 3044K, committed 3068K, reserved 1048576K
2017-06-13T16:40:28.738+0200: 3,371: [GC (Allocation Failure) 2017-06-13T16:40:28.738+0200: 3,371: [ParNew
Desired survivor size 20112992 bytes, new threshold 8 (max 8)
- age   1:    1700016 bytes,    1700016 total
- age   2:    1799664 bytes,    3499680 total
- age   3:      62352 bytes,    3562032 total
- age   5:      97056 bytes,    3659088 total
- age   6:     179400 bytes,    3838488 total
- age   7:     778416 bytes,    4616904 total
- age   8:    6103568 bytes,   10720472 total
: 103213K->16315K(109248K), 0,0125915 secs] 103213K->16315K(502464K), 0,0126799 secs] [Times: user=0,04 sys=0,00, real=0,01 secs] 
Heap after GC invocations=8 (full 1):
 par new generation   total 109248K, used 16315K [0x00000000e0000000, 0x00000000e8000000, 0x00000000e8000000)
  eden space 87424K,   0% used [0x00000000e0000000, 0x00000000e0000000, 0x00000000e5560000)
  from space 21824K,  74% used [0x00000000e5560000, 0x00000000e654ed70, 0x00000000e6ab0000)
  to   space 21824K,   0% used [0x00000000e6ab0000, 0x00000000e6ab0000, 0x00000000e8000000)
 concurrent mark-sweep generation total 393216K, used 0K [0x00000000e8000000, 0x0000000100000000, 0x0000000100000000)
 Metaspace       used 24445K, capacity 24950K, committed 25084K, reserved 1071104K
  class space    used 2861K, capacity 3044K, committed 3068K, reserved 1048576K
}
2017-06-13T16:40:28.751+0200: 3,384: Total time for which application threads were stopped: 0,0129624 seconds, Stopping threads took: 0,0000705 seconds
{Heap before GC invocations=8 (full 1):
 par new generation   total 109248K, used 103739K [0x00000000e0000000, 0x00000000e8000000, 0x00000000e8000000)
  eden space 87424K, 100% used [0x00000000e0000000, 0x00000000e5560000, 0x00000000e5560000)
  from space 21824K,  74% used [0x00000000e5560000, 0x00000000e654ed70, 0x00000000e6ab0000)
  to   space 21824K,   0% used [0x00000000e6ab0000, 0x00000000e6ab0000, 0x00000000e8000000)
 concurrent mark-sweep generation total 393216K, used 0K [0x00000000e8000000, 0x0000000100000000, 0x0000000100000000)
 Metaspace       used 24791K, capacity 25254K, committed 25468K, reserved 1071104K
  class space    used 2893K, capacity 3079K, committed 3196K, reserved 1048576K
2017-06-13T16:40:28.838+0200: 3,471: [GC (Allocation Failure) 2017-06-13T16:40:28.838+0200: 3,471: [ParNew
Desired survivor size 20112992 bytes, new threshold 8 (max 8)
- age   1:     650704 bytes,     650704 total
- age   2:    1024368 bytes,    1675072 total
- age   3:    1777392 bytes,    3452464 total
- age   4:      62328 bytes,    3514792 total
- age   6:      96928 bytes,    3611720 total
- age   7:     179256 bytes,    3790976 total
- age   8:     778520 bytes,    4569496 total
: 103739K->6669K(109248K), 0,0306787 secs] 103739K->12711K(502464K), 0,0307545 secs] [Times: user=0,10 sys=0,00, real=0,03 secs] 
Heap after GC invocations=9 (full 1):
 par new generation   total 109248K, used 6669K [0x00000000e0000000, 0x00000000e8000000, 0x00000000e8000000)
  eden space 87424K,   0% used [0x00000000e0000000, 0x00000000e0000000, 0x00000000e5560000)
  from space 21824K,  30% used [0x00000000e6ab0000, 0x00000000e7133788, 0x00000000e8000000)
  to   space 21824K,   0% used [0x00000000e5560000, 0x00000000e5560000, 0x00000000e6ab0000)
 concurrent mark-sweep generation total 393216K, used 6041K [0x00000000e8000000, 0x0000000100000000, 0x0000000100000000)
 Metaspace       used 24791K, capacity 25254K, committed 25468K, reserved 1071104K
  class space    used 2893K, capacity 3079K, committed 3196K, reserved 1048576K
}
2017-06-13T16:40:28.869+0200: 3,501: Total time for which application threads were stopped: 0,0347871 seconds, Stopping threads took: 0,0038704 seconds
2017-06-13T16:40:29.120+0200: 3,752: Total time for which application threads were stopped: 0,0003959 seconds, Stopping threads took: 0,0000144 seconds
2017-06-13T16:40:29.130+0200: 3,763: Total time for which application threads were stopped: 0,0003874 seconds, Stopping threads took: 0,0000181 seconds
2017-06-13T16:40:29.183+0200: 3,816: Total time for which application threads were stopped: 0,0004903 seconds, Stopping threads took: 0,0000454 seconds
2017-06-13T16:40:29.308+0200: 3,941: Total time for which application threads were stopped: 0,0006731 seconds, Stopping threads took: 0,0000510 seconds
2017-06-13T16:40:29.423+0200: 4,056: Total time for which application threads were stopped: 0,0003518 seconds, Stopping threads took: 0,0000315 seconds
{Heap before GC invocations=9 (full 1):
 par new generation   total 109248K, used 94093K [0x00000000e0000000, 0x00000000e8000000, 0x00000000e8000000)
  eden space 87424K, 100% used [0x00000000e0000000, 0x00000000e5560000, 0x00000000e5560000)
  from space 21824K,  30% used [0x00000000e6ab0000, 0x00000000e7133788, 0x00000000e8000000)
  to   space 21824K,   0% used [0x00000000e5560000, 0x00000000e5560000, 0x00000000e6ab0000)
 concurrent mark-sweep generation total 393216K, used 6041K [0x00000000e8000000, 0x0000000100000000, 0x0000000100000000)
 Metaspace       used 27991K, capacity 28488K, committed 28796K, reserved 1075200K
  class space    used 3211K, capacity 3386K, committed 3452K, reserved 1048576K
2017-06-13T16:40:32.136+0200: 6,768: [GC (Allocation Failure) 2017-06-13T16:40:32.136+0200: 6,769: [ParNew
Desired survivor size 20112992 bytes, new threshold 8 (max 8)
- age   1:   11001128 bytes,   11001128 total
- age   2:     170696 bytes,   11171824 total
- age   3:     244512 bytes,   11416336 total
- age   4:    1771176 bytes,   13187512 total
- age   5:      59880 bytes,   13247392 total
- age   7:      96704 bytes,   13344096 total
- age   8:     178600 bytes,   13522696 total
: 94093K->14957K(109248K), 0,0135940 secs] 100135K->21856K(502464K), 0,0136690 secs] [Times: user=0,05 sys=0,00, real=0,01 secs] 
Heap after GC invocations=10 (full 1):
 par new generation   total 109248K, used 14957K [0x00000000e0000000, 0x00000000e8000000, 0x00000000e8000000)
  eden space 87424K,   0% used [0x00000000e0000000, 0x00000000e0000000, 0x00000000e5560000)
  from space 21824K,  68% used [0x00000000e5560000, 0x00000000e63fb4e8, 0x00000000e6ab0000)
  to   space 21824K,   0% used [0x00000000e6ab0000, 0x00000000e6ab0000, 0x00000000e8000000)
 concurrent mark-sweep generation total 393216K, used 6899K [0x00000000e8000000, 0x0000000100000000, 0x0000000100000000)
 Metaspace       used 27991K, capacity 28488K, committed 28796K, reserved 1075200K
  class space    used 3211K, capacity 3386K, committed 3452K, reserved 1048576K
}
2017-06-13T16:40:32.149+0200: 6,782: Total time for which application threads were stopped: 0,0138031 seconds, Stopping threads took: 0,0000162 seconds
2017-06-13T16:40:57.152+0200: 31,785: Total time for which application threads were stopped: 0,0004443 seconds, Stopping threads took: 0,0001770 seconds
2017-06-13T16:41:47.158+0200: 81,791: Total time for which application threads were stopped: 0,0000877 seconds, Stopping threads took: 0,0000334 seconds
2017-06-13T16:42:22.162+0200: 116,795: Total time for which application threads were stopped: 0,0000901 seconds, Stopping threads took: 0,0000354 seconds
2017-06-13T16:42:27.162+0200: 121,795: Total time for which application threads were stopped: 0,0001253 seconds, Stopping threads took: 0,0000646 seconds
2017-06-13T16:43:27.171+0200: 181,803: Total time for which application threads were stopped: 0,0000904 seconds, Stopping threads took: 0,0000360 seconds
2017-06-13T16:44:52.180+0200: 266,813: Total time for which application threads were stopped: 0,0000957 seconds, Stopping threads took: 0,0000380 seconds
2017-06-13T16:44:57.181+0200: 271,814: Total time for which application threads were stopped: 0,0001028 seconds, Stopping threads took: 0,0000360 seconds
2017-06-13T16:45:02.182+0200: 276,815: Total time for which application threads were stopped: 0,0000978 seconds, Stopping threads took: 0,0000178 seconds
2017-06-13T16:45:12.183+0200: 286,816: Total time for which application threads were stopped: 0,0000672 seconds, Stopping threads took: 0,0000155 seconds
2017-06-13T16:45:17.184+0200: 291,817: Total time for which application threads were stopped: 0,0000751 seconds, Stopping threads took: 0,0000150 seconds
2017-06-13T16:45:47.188+0200: 321,821: Total time for which application threads were stopped: 0,0006221 seconds, Stopping threads took: 0,0002669 seconds
2017-06-13T16:47:02.196+0200: 396,828: Total time for which application threads were stopped: 0,0000844 seconds, Stopping threads took: 0,0000312 seconds
2017-06-13T16:47:17.197+0200: 411,830: Total time for which application threads were stopped: 0,0000684 seconds, Stopping threads took: 0,0000158 seconds
2017-06-13T16:47:57.201+0200: 451,834: Total time for which application threads were stopped: 0,0000844 seconds, Stopping threads took: 0,0000337 seconds
2017-06-13T16:48:27.204+0200: 481,837: Total time for which application threads were stopped: 0,0001041 seconds, Stopping threads took: 0,0000336 seconds
2017-06-13T17:03:56.335+0200: 1410,968: Total time for which application threads were stopped: 0,0008992 seconds, Stopping threads took: 0,0007852 seconds
2017-06-13T17:08:51.385+0200: 1706,018: Total time for which application threads were stopped: 0,0001873 seconds, Stopping threads took: 0,0000622 seconds
2017-06-13T17:18:47.486+0200: 2302,119: Total time for which application threads were stopped: 0,0001833 seconds, Stopping threads took: 0,0000607 seconds
2017-06-13T17:18:51.487+0200: 2306,120: Total time for which application threads were stopped: 0,0001526 seconds, Stopping threads took: 0,0000350 seconds
2017-06-13T17:33:42.640+0200: 3197,273: Total time for which application threads were stopped: 0,0001682 seconds, Stopping threads took: 0,0000615 seconds
2017-06-13T17:43:46.735+0200: 3801,367: Total time for which application threads were stopped: 0,0000913 seconds, Stopping threads took: 0,0000363 seconds
2017-06-13T17:58:47.843+0200: 4702,476: Total time for which application threads were stopped: 0,0003991 seconds, Stopping threads took: 0,0001309 seconds
2017-06-13T17:58:57.844+0200: 4712,477: Total time for which application threads were stopped: 0,0001044 seconds, Stopping threads took: 0,0000236 seconds
2017-06-13T18:05:10.308+0200: 5084,941: Total time for which application threads were stopped: 0,0001392 seconds, Stopping threads took: 0,0000486 seconds
2017-06-13T18:05:10.316+0200: 5084,949: Total time for which application threads were stopped: 0,0001047 seconds, Stopping threads took: 0,0000202 seconds
Heap
 par new generation   total 109248K, used 40444K [0x00000000e0000000, 0x00000000e8000000, 0x00000000e8000000)
  eden space 87424K,  29% used [0x00000000e0000000, 0x00000000e18e3c50, 0x00000000e5560000)
  from space 21824K,  68% used [0x00000000e5560000, 0x00000000e63fb4e8, 0x00000000e6ab0000)
  to   space 21824K,   0% used [0x00000000e6ab0000, 0x00000000e6ab0000, 0x00000000e8000000)
 concurrent mark-sweep generation total 393216K, used 6899K [0x00000000e8000000, 0x0000000100000000, 0x0000000100000000)
 Metaspace       used 28121K, capacity 28656K, committed 28796K, reserved 1075200K
  class space    used 3224K, capacity 3420K, committed 3452K, reserved 1048576K
