OpenJDK 64-Bit Server VM (25.111-b14) for linux-amd64 JRE (1.8.0_111-8u111-b14-2ubuntu0.16.04.2-b14), built on Oct 27 2016 18:10:19 by "buildd" with gcc 5.4.0 20160609
Memory: 4k page, physical 7867840k(7522288k free), swap 8076284k(8076284k free)
CommandLine flags: -XX:CMSInitiatingOccupancyFraction=50 -XX:CMSMaxAbortablePrecleanTime=6000 -XX:+CMSParallelRemarkEnabled -XX:+CMSScavengeBeforeRemark -XX:ConcGCThreads=4 -XX:InitialHeapSize=536870912 -XX:MaxHeapSize=536870912 -XX:MaxTenuringThreshold=8 -XX:NewRatio=3 -XX:OldPLABSize=16 -XX:OnOutOfMemoryError=/opt/solr/bin/oom_solr.sh 8983 /var/solr/logs -XX:ParallelGCThreads=4 -XX:+ParallelRefProcEnabled -XX:PretenureSizeThreshold=67108864 -XX:+PrintGC -XX:+PrintGCApplicationStoppedTime -XX:+PrintGCDateStamps -XX:+PrintGCDetails -XX:+PrintGCTimeStamps -XX:+PrintHeapAtGC -XX:+PrintTenuringDistribution -XX:SurvivorRatio=4 -XX:TargetSurvivorRatio=90 -XX:ThreadStackSize=256 -XX:+UseCMSInitiatingOccupancyOnly -XX:+UseCompressedClassPointers -XX:+UseCompressedOops -XX:+UseConcMarkSweepGC -XX:+UseParNewGC 
2016-12-18T09:06:09.615+0100: 0,165: Total time for which application threads were stopped: 0,0000915 seconds, Stopping threads took: 0,0000232 seconds
2016-12-18T09:06:09.731+0100: 0,281: Total time for which application threads were stopped: 0,0001348 seconds, Stopping threads took: 0,0000124 seconds
2016-12-18T09:06:09.754+0100: 0,304: Total time for which application threads were stopped: 0,0000885 seconds, Stopping threads took: 0,0000124 seconds
2016-12-18T09:06:10.128+0100: 0,678: Total time for which application threads were stopped: 0,0001672 seconds, Stopping threads took: 0,0000183 seconds
2016-12-18T09:06:10.550+0100: 1,100: Total time for which application threads were stopped: 0,0001351 seconds, Stopping threads took: 0,0000119 seconds
2016-12-18T09:06:10.639+0100: 1,189: Total time for which application threads were stopped: 0,0001674 seconds, Stopping threads took: 0,0000189 seconds
2016-12-18T09:06:10.666+0100: 1,216: Total time for which application threads were stopped: 0,0009332 seconds, Stopping threads took: 0,0002663 seconds
2016-12-18T09:06:10.891+0100: 1,441: Total time for which application threads were stopped: 0,0001627 seconds, Stopping threads took: 0,0000263 seconds
2016-12-18T09:06:11.095+0100: 1,645: Total time for which application threads were stopped: 0,0002051 seconds, Stopping threads took: 0,0000221 seconds
2016-12-18T09:06:11.120+0100: 1,669: Total time for which application threads were stopped: 0,0002111 seconds, Stopping threads took: 0,0000134 seconds
2016-12-18T09:06:11.122+0100: 1,672: Total time for which application threads were stopped: 0,0007521 seconds, Stopping threads took: 0,0000147 seconds
2016-12-18T09:06:11.135+0100: 1,685: Total time for which application threads were stopped: 0,0002178 seconds, Stopping threads took: 0,0000157 seconds
2016-12-18T09:06:11.220+0100: 1,770: Total time for which application threads were stopped: 0,0002108 seconds, Stopping threads took: 0,0000180 seconds
2016-12-18T09:06:11.368+0100: 1,918: Total time for which application threads were stopped: 0,0003082 seconds, Stopping threads took: 0,0001200 seconds
{Heap before GC invocations=0 (full 0):
 par new generation   total 109248K, used 87424K [0x00000000e0000000, 0x00000000e8000000, 0x00000000e8000000)
  eden space 87424K, 100% used [0x00000000e0000000, 0x00000000e5560000, 0x00000000e5560000)
  from space 21824K,   0% used [0x00000000e5560000, 0x00000000e5560000, 0x00000000e6ab0000)
  to   space 21824K,   0% used [0x00000000e6ab0000, 0x00000000e6ab0000, 0x00000000e8000000)
 concurrent mark-sweep generation total 393216K, used 0K [0x00000000e8000000, 0x0000000100000000, 0x0000000100000000)
 Metaspace       used 17623K, capacity 17950K, committed 18048K, reserved 1064960K
  class space    used 2005K, capacity 2130K, committed 2176K, reserved 1048576K
2016-12-18T09:06:11.420+0100: 1,970: [GC (Allocation Failure) 2016-12-18T09:06:11.420+0100: 1,970: [ParNew
Desired survivor size 20112992 bytes, new threshold 8 (max 8)
- age   1:   11445816 bytes,   11445816 total
: 87424K->11295K(109248K), 0,0138313 secs] 87424K->11295K(502464K), 0,0139215 secs] [Times: user=0,03 sys=0,02, real=0,01 secs] 
Heap after GC invocations=1 (full 0):
 par new generation   total 109248K, used 11295K [0x00000000e0000000, 0x00000000e8000000, 0x00000000e8000000)
  eden space 87424K,   0% used [0x00000000e0000000, 0x00000000e0000000, 0x00000000e5560000)
  from space 21824K,  51% used [0x00000000e6ab0000, 0x00000000e75b7c20, 0x00000000e8000000)
  to   space 21824K,   0% used [0x00000000e5560000, 0x00000000e5560000, 0x00000000e6ab0000)
 concurrent mark-sweep generation total 393216K, used 0K [0x00000000e8000000, 0x0000000100000000, 0x0000000100000000)
 Metaspace       used 17623K, capacity 17950K, committed 18048K, reserved 1064960K
  class space    used 2005K, capacity 2130K, committed 2176K, reserved 1048576K
}
2016-12-18T09:06:11.434+0100: 1,984: Total time for which application threads were stopped: 0,0141973 seconds, Stopping threads took: 0,0000813 seconds
2016-12-18T09:06:11.644+0100: 2,193: Total time for which application threads were stopped: 0,0003491 seconds, Stopping threads took: 0,0000242 seconds
2016-12-18T09:06:11.678+0100: 2,228: Total time for which application threads were stopped: 0,0003076 seconds, Stopping threads took: 0,0000255 seconds
2016-12-18T09:06:11.707+0100: 2,257: Total time for which application threads were stopped: 0,0003154 seconds, Stopping threads took: 0,0000303 seconds
{Heap before GC invocations=1 (full 0):
 par new generation   total 109248K, used 98719K [0x00000000e0000000, 0x00000000e8000000, 0x00000000e8000000)
  eden space 87424K, 100% used [0x00000000e0000000, 0x00000000e5560000, 0x00000000e5560000)
  from space 21824K,  51% used [0x00000000e6ab0000, 0x00000000e75b7c20, 0x00000000e8000000)
  to   space 21824K,   0% used [0x00000000e5560000, 0x00000000e5560000, 0x00000000e6ab0000)
 concurrent mark-sweep generation total 393216K, used 0K [0x00000000e8000000, 0x0000000100000000, 0x0000000100000000)
 Metaspace       used 20689K, capacity 21010K, committed 21248K, reserved 1069056K
  class space    used 2402K, capacity 2516K, committed 2560K, reserved 1048576K
2016-12-18T09:06:11.871+0100: 2,420: [GC (Allocation Failure) 2016-12-18T09:06:11.871+0100: 2,421: [ParNew
Desired survivor size 20112992 bytes, new threshold 8 (max 8)
- age   1:    3753008 bytes,    3753008 total
- age   2:    5930640 bytes,    9683648 total
: 98719K->14197K(109248K), 0,0144936 secs] 98719K->14197K(502464K), 0,0145743 secs] [Times: user=0,05 sys=0,01, real=0,01 secs] 
Heap after GC invocations=2 (full 0):
 par new generation   total 109248K, used 14197K [0x00000000e0000000, 0x00000000e8000000, 0x00000000e8000000)
  eden space 87424K,   0% used [0x00000000e0000000, 0x00000000e0000000, 0x00000000e5560000)
  from space 21824K,  65% used [0x00000000e5560000, 0x00000000e633d480, 0x00000000e6ab0000)
  to   space 21824K,   0% used [0x00000000e6ab0000, 0x00000000e6ab0000, 0x00000000e8000000)
 concurrent mark-sweep generation total 393216K, used 0K [0x00000000e8000000, 0x0000000100000000, 0x0000000100000000)
 Metaspace       used 20689K, capacity 21010K, committed 21248K, reserved 1069056K
  class space    used 2402K, capacity 2516K, committed 2560K, reserved 1048576K
}
2016-12-18T09:06:11.885+0100: 2,435: Total time for which application threads were stopped: 0,0147933 seconds, Stopping threads took: 0,0000270 seconds
2016-12-18T09:06:11.956+0100: 2,506: Total time for which application threads were stopped: 0,0000947 seconds, Stopping threads took: 0,0000266 seconds
2016-12-18T09:06:11.986+0100: 2,536: Total time for which application threads were stopped: 0,0002528 seconds, Stopping threads took: 0,0000184 seconds
2016-12-18T09:06:11.986+0100: 2,536: Total time for which application threads were stopped: 0,0000765 seconds, Stopping threads took: 0,0000213 seconds
2016-12-18T09:06:12.011+0100: 2,560: Total time for which application threads were stopped: 0,0000760 seconds, Stopping threads took: 0,0000249 seconds
2016-12-18T09:06:12.091+0100: 2,641: Total time for which application threads were stopped: 0,0001398 seconds, Stopping threads took: 0,0000355 seconds
2016-12-18T09:06:12.111+0100: 2,661: Total time for which application threads were stopped: 0,0000879 seconds, Stopping threads took: 0,0000256 seconds
2016-12-18T09:06:12.117+0100: 2,667: Total time for which application threads were stopped: 0,0002818 seconds, Stopping threads took: 0,0000135 seconds
2016-12-18T09:06:12.125+0100: 2,675: Total time for which application threads were stopped: 0,0002711 seconds, Stopping threads took: 0,0000226 seconds
2016-12-18T09:06:12.133+0100: 2,683: Total time for which application threads were stopped: 0,0001350 seconds, Stopping threads took: 0,0000726 seconds
2016-12-18T09:06:12.163+0100: 2,713: Total time for which application threads were stopped: 0,0000837 seconds, Stopping threads took: 0,0000226 seconds
2016-12-18T09:06:12.179+0100: 2,729: Total time for which application threads were stopped: 0,0000792 seconds, Stopping threads took: 0,0000187 seconds
2016-12-18T09:06:12.197+0100: 2,747: Total time for which application threads were stopped: 0,0000715 seconds, Stopping threads took: 0,0000139 seconds
2016-12-18T09:06:12.218+0100: 2,768: Total time for which application threads were stopped: 0,0000808 seconds, Stopping threads took: 0,0000212 seconds
2016-12-18T09:06:12.257+0100: 2,807: Total time for which application threads were stopped: 0,0001277 seconds, Stopping threads took: 0,0000270 seconds
2016-12-18T09:06:12.318+0100: 2,868: Total time for which application threads were stopped: 0,0001373 seconds, Stopping threads took: 0,0000285 seconds
{Heap before GC invocations=2 (full 0):
 par new generation   total 109248K, used 101621K [0x00000000e0000000, 0x00000000e8000000, 0x00000000e8000000)
  eden space 87424K, 100% used [0x00000000e0000000, 0x00000000e5560000, 0x00000000e5560000)
  from space 21824K,  65% used [0x00000000e5560000, 0x00000000e633d480, 0x00000000e6ab0000)
  to   space 21824K,   0% used [0x00000000e6ab0000, 0x00000000e6ab0000, 0x00000000e8000000)
 concurrent mark-sweep generation total 393216K, used 0K [0x00000000e8000000, 0x0000000100000000, 0x0000000100000000)
 Metaspace       used 24480K, capacity 24827K, committed 25204K, reserved 1071104K
  class space    used 2868K, capacity 3020K, committed 3092K, reserved 1048576K
2016-12-18T09:06:12.321+0100: 2,871: [GC (Allocation Failure) 2016-12-18T09:06:12.321+0100: 2,871: [ParNew
Desired survivor size 20112992 bytes, new threshold 8 (max 8)
- age   1:    4483648 bytes,    4483648 total
- age   2:     702080 bytes,    5185728 total
- age   3:    5922384 bytes,   11108112 total
: 101621K->14630K(109248K), 0,0096053 secs] 101621K->14630K(502464K), 0,0096811 secs] [Times: user=0,03 sys=0,00, real=0,01 secs] 
Heap after GC invocations=3 (full 0):
 par new generation   total 109248K, used 14630K [0x00000000e0000000, 0x00000000e8000000, 0x00000000e8000000)
  eden space 87424K,   0% used [0x00000000e0000000, 0x00000000e0000000, 0x00000000e5560000)
  from space 21824K,  67% used [0x00000000e6ab0000, 0x00000000e78f9b70, 0x00000000e8000000)
  to   space 21824K,   0% used [0x00000000e5560000, 0x00000000e5560000, 0x00000000e6ab0000)
 concurrent mark-sweep generation total 393216K, used 0K [0x00000000e8000000, 0x0000000100000000, 0x0000000100000000)
 Metaspace       used 24480K, capacity 24827K, committed 25204K, reserved 1071104K
  class space    used 2868K, capacity 3020K, committed 3092K, reserved 1048576K
}
2016-12-18T09:06:12.331+0100: 2,880: Total time for which application threads were stopped: 0,0098449 seconds, Stopping threads took: 0,0000367 seconds
2016-12-18T09:06:12.332+0100: 2,882: [GC (CMS Initial Mark) [1 CMS-initial-mark: 0K(393216K)] 16017K(502464K), 0,0024668 secs] [Times: user=0,01 sys=0,00, real=0,00 secs] 
2016-12-18T09:06:12.335+0100: 2,885: Total time for which application threads were stopped: 0,0027881 seconds, Stopping threads took: 0,0002284 seconds
2016-12-18T09:06:12.335+0100: 2,885: [CMS-concurrent-mark-start]
2016-12-18T09:06:12.336+0100: 2,885: [CMS-concurrent-mark: 0,001/0,001 secs] [Times: user=0,00 sys=0,00, real=0,01 secs] 
2016-12-18T09:06:12.336+0100: 2,885: [CMS-concurrent-preclean-start]
2016-12-18T09:06:12.337+0100: 2,887: [CMS-concurrent-preclean: 0,001/0,001 secs] [Times: user=0,01 sys=0,00, real=0,00 secs] 
2016-12-18T09:06:12.337+0100: 2,887: [GC (CMS Final Remark) [YG occupancy: 16017 K (109248 K)]{Heap before GC invocations=3 (full 1):
 par new generation   total 109248K, used 16017K [0x00000000e0000000, 0x00000000e8000000, 0x00000000e8000000)
  eden space 87424K,   1% used [0x00000000e0000000, 0x00000000e015a978, 0x00000000e5560000)
  from space 21824K,  67% used [0x00000000e6ab0000, 0x00000000e78f9b70, 0x00000000e8000000)
  to   space 21824K,   0% used [0x00000000e5560000, 0x00000000e5560000, 0x00000000e6ab0000)
 concurrent mark-sweep generation total 393216K, used 0K [0x00000000e8000000, 0x0000000100000000, 0x0000000100000000)
 Metaspace       used 24525K, capacity 24891K, committed 25204K, reserved 1071104K
  class space    used 2870K, capacity 3020K, committed 3092K, reserved 1048576K
2016-12-18T09:06:12.337+0100: 2,887: [GC (CMS Final Remark) 2016-12-18T09:06:12.337+0100: 2,887: [ParNew
Desired survivor size 20112992 bytes, new threshold 8 (max 8)
- age   1:      49312 bytes,      49312 total
- age   2:    1208064 bytes,    1257376 total
- age   3:     692336 bytes,    1949712 total
- age   4:    5922400 bytes,    7872112 total
: 16017K->12145K(109248K), 0,0086616 secs] 16017K->12145K(502464K), 0,0086986 secs] [Times: user=0,02 sys=0,00, real=0,00 secs] 
Heap after GC invocations=4 (full 1):
 par new generation   total 109248K, used 12145K [0x00000000e0000000, 0x00000000e8000000, 0x00000000e8000000)
  eden space 87424K,   0% used [0x00000000e0000000, 0x00000000e0000000, 0x00000000e5560000)
  from space 21824K,  55% used [0x00000000e5560000, 0x00000000e613c600, 0x00000000e6ab0000)
  to   space 21824K,   0% used [0x00000000e6ab0000, 0x00000000e6ab0000, 0x00000000e8000000)
 concurrent mark-sweep generation total 393216K, used 0K [0x00000000e8000000, 0x0000000100000000, 0x0000000100000000)
 Metaspace       used 24525K, capacity 24891K, committed 25204K, reserved 1071104K
  class space    used 2870K, capacity 3020K, committed 3092K, reserved 1048576K
}
2016-12-18T09:06:12.346+0100: 2,896: [Rescan (parallel) , 0,0029814 secs]2016-12-18T09:06:12.349+0100: 2,899: [weak refs processing, 0,0005080 secs]2016-12-18T09:06:12.349+0100: 2,899: [class unloading, 0,0030743 secs]2016-12-18T09:06:12.352+0100: 2,902: [scrub symbol table, 0,0031987 secs]2016-12-18T09:06:12.356+0100: 2,905: [scrub string table, 0,0003744 secs][1 CMS-remark: 0K(393216K)] 12145K(502464K), 0,0195608 secs] [Times: user=0,04 sys=0,00, real=0,02 secs] 
2016-12-18T09:06:12.357+0100: 2,906: Total time for which application threads were stopped: 0,0196645 seconds, Stopping threads took: 0,0000462 seconds
2016-12-18T09:06:12.357+0100: 2,906: [CMS-concurrent-sweep-start]
2016-12-18T09:06:12.357+0100: 2,906: [CMS-concurrent-sweep: 0,000/0,000 secs] [Times: user=0,00 sys=0,00, real=0,00 secs] 
2016-12-18T09:06:12.357+0100: 2,907: [CMS-concurrent-reset-start]
2016-12-18T09:06:12.359+0100: 2,909: [CMS-concurrent-reset: 0,002/0,002 secs] [Times: user=0,01 sys=0,01, real=0,00 secs] 
2016-12-18T09:06:12.474+0100: 3,024: Total time for which application threads were stopped: 0,0003850 seconds, Stopping threads took: 0,0000248 seconds
2016-12-18T09:06:13.474+0100: 4,024: Total time for which application threads were stopped: 0,0000878 seconds, Stopping threads took: 0,0000165 seconds
2016-12-18T09:06:13.506+0100: 4,055: Total time for which application threads were stopped: 0,0002847 seconds, Stopping threads took: 0,0000186 seconds
2016-12-18T09:06:41.509+0100: 32,059: Total time for which application threads were stopped: 0,0000694 seconds, Stopping threads took: 0,0000299 seconds
2016-12-18T09:08:51.525+0100: 162,075: Total time for which application threads were stopped: 0,0001297 seconds, Stopping threads took: 0,0000557 seconds
2016-12-18T09:08:56.526+0100: 167,076: Total time for which application threads were stopped: 0,0001123 seconds, Stopping threads took: 0,0000295 seconds
2016-12-18T09:09:11.528+0100: 182,078: Total time for which application threads were stopped: 0,0001296 seconds, Stopping threads took: 0,0000554 seconds
2016-12-18T09:09:51.534+0100: 222,084: Total time for which application threads were stopped: 0,0000880 seconds, Stopping threads took: 0,0000396 seconds
2016-12-18T09:10:41.540+0100: 272,090: Total time for which application threads were stopped: 0,0000883 seconds, Stopping threads took: 0,0000358 seconds
2016-12-18T09:10:51.541+0100: 282,091: Total time for which application threads were stopped: 0,0000671 seconds, Stopping threads took: 0,0000188 seconds
2016-12-18T09:10:56.542+0100: 287,092: Total time for which application threads were stopped: 0,0000574 seconds, Stopping threads took: 0,0000159 seconds
2016-12-18T09:11:21.545+0100: 312,095: Total time for which application threads were stopped: 0,0002591 seconds, Stopping threads took: 0,0001061 seconds
2016-12-18T09:14:51.567+0100: 522,117: Total time for which application threads were stopped: 0,0001008 seconds, Stopping threads took: 0,0000543 seconds
2016-12-18T09:16:31.579+0100: 622,129: Total time for which application threads were stopped: 0,0000739 seconds, Stopping threads took: 0,0000324 seconds
2016-12-18T09:29:50.670+0100: 1421,220: Total time for which application threads were stopped: 0,0000847 seconds, Stopping threads took: 0,0000287 seconds
2016-12-18T09:33:36.693+0100: 1647,243: Total time for which application threads were stopped: 0,0000709 seconds, Stopping threads took: 0,0000282 seconds
2016-12-18T09:34:55.701+0100: 1726,251: Total time for which application threads were stopped: 0,0001923 seconds, Stopping threads took: 0,0001143 seconds
2016-12-18T09:35:47.703+0100: 1778,253: Total time for which application threads were stopped: 0,0001183 seconds, Stopping threads took: 0,0000272 seconds
Heap
 par new generation   total 109248K, used 58336K [0x00000000e0000000, 0x00000000e8000000, 0x00000000e8000000)
  eden space 87424K,  52% used [0x00000000e0000000, 0x00000000e2d1bcb8, 0x00000000e5560000)
  from space 21824K,  55% used [0x00000000e5560000, 0x00000000e613c600, 0x00000000e6ab0000)
  to   space 21824K,   0% used [0x00000000e6ab0000, 0x00000000e6ab0000, 0x00000000e8000000)
 concurrent mark-sweep generation total 393216K, used 0K [0x00000000e8000000, 0x0000000100000000, 0x0000000100000000)
 Metaspace       used 27225K, capacity 27665K, committed 27924K, reserved 1073152K
  class space    used 3167K, capacity 3321K, committed 3348K, reserved 1048576K
