OpenJDK 64-Bit Server VM (25.121-b13) for linux-amd64 JRE (1.8.0_121-8u121-b13-0ubuntu1.16.04.2-b13), built on Jan 23 2017 15:51:29 by "buildd" with gcc 5.4.0 20160609
Memory: 4k page, physical 7867764k(7428308k free), swap 8076284k(8076284k free)
CommandLine flags: -XX:CMSInitiatingOccupancyFraction=50 -XX:CMSMaxAbortablePrecleanTime=6000 -XX:+CMSParallelRemarkEnabled -XX:+CMSScavengeBeforeRemark -XX:ConcGCThreads=4 -XX:InitialHeapSize=536870912 -XX:MaxHeapSize=536870912 -XX:MaxTenuringThreshold=8 -XX:NewRatio=3 -XX:OldPLABSize=16 -XX:OnOutOfMemoryError=/opt/solr/bin/oom_solr.sh 8983 /var/solr/logs -XX:ParallelGCThreads=4 -XX:+ParallelRefProcEnabled -XX:PretenureSizeThreshold=67108864 -XX:+PrintGC -XX:+PrintGCApplicationStoppedTime -XX:+PrintGCDateStamps -XX:+PrintGCDetails -XX:+PrintGCTimeStamps -XX:+PrintHeapAtGC -XX:+PrintTenuringDistribution -XX:SurvivorRatio=4 -XX:TargetSurvivorRatio=90 -XX:ThreadStackSize=256 -XX:+UseCMSInitiatingOccupancyOnly -XX:+UseCompressedClassPointers -XX:+UseCompressedOops -XX:+UseConcMarkSweepGC -XX:+UseParNewGC 
2017-04-18T23:51:36.539+0200: 0,162: Total time for which application threads were stopped: 0,0000728 seconds, Stopping threads took: 0,0000096 seconds
2017-04-18T23:51:36.635+0200: 0,258: Total time for which application threads were stopped: 0,0001106 seconds, Stopping threads took: 0,0000152 seconds
2017-04-18T23:51:36.664+0200: 0,287: Total time for which application threads were stopped: 0,0000878 seconds, Stopping threads took: 0,0000152 seconds
2017-04-18T23:51:37.166+0200: 0,789: Total time for which application threads were stopped: 0,0001948 seconds, Stopping threads took: 0,0000237 seconds
2017-04-18T23:51:37.655+0200: 1,278: Total time for which application threads were stopped: 0,0001719 seconds, Stopping threads took: 0,0000233 seconds
2017-04-18T23:51:37.754+0200: 1,377: Total time for which application threads were stopped: 0,0001855 seconds, Stopping threads took: 0,0000297 seconds
2017-04-18T23:51:37.779+0200: 1,402: Total time for which application threads were stopped: 0,0002028 seconds, Stopping threads took: 0,0000367 seconds
2017-04-18T23:51:38.055+0200: 1,678: Total time for which application threads were stopped: 0,0001755 seconds, Stopping threads took: 0,0000173 seconds
2017-04-18T23:51:38.254+0200: 1,877: Total time for which application threads were stopped: 0,0002013 seconds, Stopping threads took: 0,0000216 seconds
2017-04-18T23:51:38.273+0200: 1,896: Total time for which application threads were stopped: 0,0001856 seconds, Stopping threads took: 0,0000220 seconds
2017-04-18T23:51:38.297+0200: 1,919: Total time for which application threads were stopped: 0,0002047 seconds, Stopping threads took: 0,0000200 seconds
2017-04-18T23:51:38.298+0200: 1,921: Total time for which application threads were stopped: 0,0001826 seconds, Stopping threads took: 0,0000286 seconds
2017-04-18T23:51:38.314+0200: 1,937: Total time for which application threads were stopped: 0,0001867 seconds, Stopping threads took: 0,0000128 seconds
2017-04-18T23:51:38.388+0200: 2,011: Total time for which application threads were stopped: 0,0002542 seconds, Stopping threads took: 0,0000209 seconds
2017-04-18T23:51:38.553+0200: 2,176: Total time for which application threads were stopped: 0,0004966 seconds, Stopping threads took: 0,0002903 seconds
{Heap before GC invocations=0 (full 0):
 par new generation   total 109248K, used 87424K [0x00000000e0000000, 0x00000000e8000000, 0x00000000e8000000)
  eden space 87424K, 100% used [0x00000000e0000000, 0x00000000e5560000, 0x00000000e5560000)
  from space 21824K,   0% used [0x00000000e5560000, 0x00000000e5560000, 0x00000000e6ab0000)
  to   space 21824K,   0% used [0x00000000e6ab0000, 0x00000000e6ab0000, 0x00000000e8000000)
 concurrent mark-sweep generation total 393216K, used 0K [0x00000000e8000000, 0x0000000100000000, 0x0000000100000000)
 Metaspace       used 17810K, capacity 18112K, committed 18304K, reserved 1064960K
  class space    used 2024K, capacity 2164K, committed 2176K, reserved 1048576K
2017-04-18T23:51:38.582+0200: 2,205: [GC (Allocation Failure) 2017-04-18T23:51:38.582+0200: 2,205: [ParNew
Desired survivor size 20112992 bytes, new threshold 8 (max 8)
- age   1:   11435800 bytes,   11435800 total
: 87424K->11286K(109248K), 0,0141872 secs] 87424K->11286K(502464K), 0,0142659 secs] [Times: user=0,05 sys=0,00, real=0,01 secs] 
Heap after GC invocations=1 (full 0):
 par new generation   total 109248K, used 11286K [0x00000000e0000000, 0x00000000e8000000, 0x00000000e8000000)
  eden space 87424K,   0% used [0x00000000e0000000, 0x00000000e0000000, 0x00000000e5560000)
  from space 21824K,  51% used [0x00000000e6ab0000, 0x00000000e75b58c0, 0x00000000e8000000)
  to   space 21824K,   0% used [0x00000000e5560000, 0x00000000e5560000, 0x00000000e6ab0000)
 concurrent mark-sweep generation total 393216K, used 0K [0x00000000e8000000, 0x0000000100000000, 0x0000000100000000)
 Metaspace       used 17810K, capacity 18112K, committed 18304K, reserved 1064960K
  class space    used 2024K, capacity 2164K, committed 2176K, reserved 1048576K
}
2017-04-18T23:51:38.596+0200: 2,219: Total time for which application threads were stopped: 0,0153782 seconds, Stopping threads took: 0,0009609 seconds
2017-04-18T23:51:38.939+0200: 2,562: Total time for which application threads were stopped: 0,0003456 seconds, Stopping threads took: 0,0000556 seconds
{Heap before GC invocations=1 (full 0):
 par new generation   total 109248K, used 98710K [0x00000000e0000000, 0x00000000e8000000, 0x00000000e8000000)
  eden space 87424K, 100% used [0x00000000e0000000, 0x00000000e5560000, 0x00000000e5560000)
  from space 21824K,  51% used [0x00000000e6ab0000, 0x00000000e75b58c0, 0x00000000e8000000)
  to   space 21824K,   0% used [0x00000000e5560000, 0x00000000e5560000, 0x00000000e6ab0000)
 concurrent mark-sweep generation total 393216K, used 0K [0x00000000e8000000, 0x0000000100000000, 0x0000000100000000)
 Metaspace       used 20004K, capacity 20360K, committed 20736K, reserved 1067008K
  class space    used 2293K, capacity 2468K, committed 2560K, reserved 1048576K
2017-04-18T23:51:38.982+0200: 2,605: [GC (Allocation Failure) 2017-04-18T23:51:38.982+0200: 2,605: [ParNew
Desired survivor size 20112992 bytes, new threshold 8 (max 8)
- age   1:    4195840 bytes,    4195840 total
- age   2:    6021688 bytes,   10217528 total
: 98710K->14370K(109248K), 0,0189791 secs] 98710K->14370K(502464K), 0,0190567 secs] [Times: user=0,07 sys=0,00, real=0,01 secs] 
Heap after GC invocations=2 (full 0):
 par new generation   total 109248K, used 14370K [0x00000000e0000000, 0x00000000e8000000, 0x00000000e8000000)
  eden space 87424K,   0% used [0x00000000e0000000, 0x00000000e0000000, 0x00000000e5560000)
  from space 21824K,  65% used [0x00000000e5560000, 0x00000000e6368980, 0x00000000e6ab0000)
  to   space 21824K,   0% used [0x00000000e6ab0000, 0x00000000e6ab0000, 0x00000000e8000000)
 concurrent mark-sweep generation total 393216K, used 0K [0x00000000e8000000, 0x0000000100000000, 0x0000000100000000)
 Metaspace       used 20004K, capacity 20360K, committed 20736K, reserved 1067008K
  class space    used 2293K, capacity 2468K, committed 2560K, reserved 1048576K
}
2017-04-18T23:51:39.001+0200: 2,624: Total time for which application threads were stopped: 0,0202992 seconds, Stopping threads took: 0,0010570 seconds
2017-04-18T23:51:39.018+0200: 2,641: Total time for which application threads were stopped: 0,0034871 seconds, Stopping threads took: 0,0031511 seconds
2017-04-18T23:51:39.054+0200: 2,677: Total time for which application threads were stopped: 0,0019656 seconds, Stopping threads took: 0,0015735 seconds
2017-04-18T23:51:39.177+0200: 2,800: Total time for which application threads were stopped: 0,0002894 seconds, Stopping threads took: 0,0001598 seconds
{Heap before GC invocations=2 (full 0):
 par new generation   total 109248K, used 101794K [0x00000000e0000000, 0x00000000e8000000, 0x00000000e8000000)
  eden space 87424K, 100% used [0x00000000e0000000, 0x00000000e5560000, 0x00000000e5560000)
  from space 21824K,  65% used [0x00000000e5560000, 0x00000000e6368980, 0x00000000e6ab0000)
  to   space 21824K,   0% used [0x00000000e6ab0000, 0x00000000e6ab0000, 0x00000000e8000000)
 concurrent mark-sweep generation total 393216K, used 0K [0x00000000e8000000, 0x0000000100000000, 0x0000000100000000)
 Metaspace       used 20953K, capacity 21282K, committed 21628K, reserved 1069056K
  class space    used 2416K, capacity 2587K, committed 2684K, reserved 1048576K
2017-04-18T23:51:39.208+0200: 2,831: [GC (Allocation Failure) 2017-04-18T23:51:39.209+0200: 2,831: [ParNew
Desired survivor size 20112992 bytes, new threshold 8 (max 8)
- age   1:    2228616 bytes,    2228616 total
- age   2:    1456488 bytes,    3685104 total
- age   3:    6019944 bytes,    9705048 total
: 101794K->12460K(109248K), 0,0109979 secs] 101794K->12460K(502464K), 0,0110750 secs] [Times: user=0,02 sys=0,01, real=0,01 secs] 
Heap after GC invocations=3 (full 0):
 par new generation   total 109248K, used 12460K [0x00000000e0000000, 0x00000000e8000000, 0x00000000e8000000)
  eden space 87424K,   0% used [0x00000000e0000000, 0x00000000e0000000, 0x00000000e5560000)
  from space 21824K,  57% used [0x00000000e6ab0000, 0x00000000e76db290, 0x00000000e8000000)
  to   space 21824K,   0% used [0x00000000e5560000, 0x00000000e5560000, 0x00000000e6ab0000)
 concurrent mark-sweep generation total 393216K, used 0K [0x00000000e8000000, 0x0000000100000000, 0x0000000100000000)
 Metaspace       used 20953K, capacity 21282K, committed 21628K, reserved 1069056K
  class space    used 2416K, capacity 2587K, committed 2684K, reserved 1048576K
}
2017-04-18T23:51:39.220+0200: 2,843: Total time for which application threads were stopped: 0,0112649 seconds, Stopping threads took: 0,0000528 seconds
2017-04-18T23:51:39.220+0200: 2,843: [GC (CMS Initial Mark) [1 CMS-initial-mark: 0K(393216K)] 13159K(502464K), 0,0035838 secs] [Times: user=0,01 sys=0,00, real=0,01 secs] 
2017-04-18T23:51:39.224+0200: 2,846: Total time for which application threads were stopped: 0,0037605 seconds, Stopping threads took: 0,0000920 seconds
2017-04-18T23:51:39.224+0200: 2,846: [CMS-concurrent-mark-start]
2017-04-18T23:51:39.224+0200: 2,847: [CMS-concurrent-mark: 0,001/0,001 secs] [Times: user=0,01 sys=0,00, real=0,00 secs] 
2017-04-18T23:51:39.224+0200: 2,847: [CMS-concurrent-preclean-start]
2017-04-18T23:51:39.225+0200: 2,848: [CMS-concurrent-preclean: 0,001/0,001 secs] [Times: user=0,00 sys=0,00, real=0,00 secs] 
2017-04-18T23:51:39.225+0200: 2,848: [CMS-concurrent-abortable-preclean-start]
{Heap before GC invocations=3 (full 1):
 par new generation   total 109248K, used 99884K [0x00000000e0000000, 0x00000000e8000000, 0x00000000e8000000)
  eden space 87424K, 100% used [0x00000000e0000000, 0x00000000e5560000, 0x00000000e5560000)
  from space 21824K,  57% used [0x00000000e6ab0000, 0x00000000e76db290, 0x00000000e8000000)
  to   space 21824K,   0% used [0x00000000e5560000, 0x00000000e5560000, 0x00000000e6ab0000)
 concurrent mark-sweep generation total 393216K, used 0K [0x00000000e8000000, 0x0000000100000000, 0x0000000100000000)
 Metaspace       used 21233K, capacity 21535K, committed 21628K, reserved 1069056K
  class space    used 2447K, capacity 2599K, committed 2684K, reserved 1048576K
2017-04-18T23:51:39.344+0200: 2,967: [GC (Allocation Failure) 2017-04-18T23:51:39.344+0200: 2,967: [ParNew
Desired survivor size 20112992 bytes, new threshold 8 (max 8)
- age   1:    1067800 bytes,    1067800 total
- age   2:    1481720 bytes,    2549520 total
- age   3:    1423504 bytes,    3973024 total
- age   4:    6020128 bytes,    9993152 total
: 99884K->12346K(109248K), 0,0094550 secs] 99884K->12346K(502464K), 0,0095251 secs] [Times: user=0,03 sys=0,00, real=0,00 secs] 
Heap after GC invocations=4 (full 1):
 par new generation   total 109248K, used 12346K [0x00000000e0000000, 0x00000000e8000000, 0x00000000e8000000)
  eden space 87424K,   0% used [0x00000000e0000000, 0x00000000e0000000, 0x00000000e5560000)
  from space 21824K,  56% used [0x00000000e5560000, 0x00000000e616e9f0, 0x00000000e6ab0000)
  to   space 21824K,   0% used [0x00000000e6ab0000, 0x00000000e6ab0000, 0x00000000e8000000)
 concurrent mark-sweep generation total 393216K, used 0K [0x00000000e8000000, 0x0000000100000000, 0x0000000100000000)
 Metaspace       used 21233K, capacity 21535K, committed 21628K, reserved 1069056K
  class space    used 2447K, capacity 2599K, committed 2684K, reserved 1048576K
}
2017-04-18T23:51:39.353+0200: 2,976: Total time for which application threads were stopped: 0,0097552 seconds, Stopping threads took: 0,0000684 seconds
2017-04-18T23:51:39.367+0200: 2,989: Total time for which application threads were stopped: 0,0001153 seconds, Stopping threads took: 0,0000246 seconds
2017-04-18T23:51:39.367+0200: 2,989: [CMS-concurrent-abortable-preclean: 0,119/0,141 secs] [Times: user=0,55 sys=0,00, real=0,14 secs] 
2017-04-18T23:51:39.370+0200: 2,993: [GC (CMS Final Remark) [YG occupancy: 24911 K (109248 K)]{Heap before GC invocations=4 (full 1):
 par new generation   total 109248K, used 24911K [0x00000000e0000000, 0x00000000e8000000, 0x00000000e8000000)
  eden space 87424K,  14% used [0x00000000e0000000, 0x00000000e0c45410, 0x00000000e5560000)
  from space 21824K,  56% used [0x00000000e5560000, 0x00000000e616e9f0, 0x00000000e6ab0000)
  to   space 21824K,   0% used [0x00000000e6ab0000, 0x00000000e6ab0000, 0x00000000e8000000)
 concurrent mark-sweep generation total 393216K, used 0K [0x00000000e8000000, 0x0000000100000000, 0x0000000100000000)
 Metaspace       used 21242K, capacity 21609K, committed 21884K, reserved 1069056K
  class space    used 2448K, capacity 2601K, committed 2684K, reserved 1048576K
2017-04-18T23:51:39.370+0200: 2,993: [GC (CMS Final Remark) 2017-04-18T23:51:39.370+0200: 2,993: [ParNew
Desired survivor size 20112992 bytes, new threshold 8 (max 8)
- age   1:     398792 bytes,     398792 total
- age   2:     295184 bytes,     693976 total
- age   3:    1481720 bytes,    2175696 total
- age   4:    1423576 bytes,    3599272 total
- age   5:    6019920 bytes,    9619192 total
: 24911K->14969K(109248K), 0,0094695 secs] 24911K->14969K(502464K), 0,0095074 secs] [Times: user=0,04 sys=0,00, real=0,01 secs] 
Heap after GC invocations=5 (full 1):
 par new generation   total 109248K, used 14969K [0x00000000e0000000, 0x00000000e8000000, 0x00000000e8000000)
  eden space 87424K,   0% used [0x00000000e0000000, 0x00000000e0000000, 0x00000000e5560000)
  from space 21824K,  68% used [0x00000000e6ab0000, 0x00000000e794e408, 0x00000000e8000000)
  to   space 21824K,   0% used [0x00000000e5560000, 0x00000000e5560000, 0x00000000e6ab0000)
 concurrent mark-sweep generation total 393216K, used 0K [0x00000000e8000000, 0x0000000100000000, 0x0000000100000000)
 Metaspace       used 21242K, capacity 21609K, committed 21884K, reserved 1069056K
  class space    used 2448K, capacity 2601K, committed 2684K, reserved 1048576K
}
2017-04-18T23:51:39.380+0200: 3,002: [Rescan (parallel) , 0,0045411 secs]2017-04-18T23:51:39.384+0200: 3,007: [weak refs processing, 0,0030001 secs]2017-04-18T23:51:39.387+0200: 3,010: [class unloading, 0,0028886 secs]2017-04-18T23:51:39.390+0200: 3,013: [scrub symbol table, 0,0025046 secs]2017-04-18T23:51:39.393+0200: 3,015: [scrub string table, 0,0003650 secs][1 CMS-remark: 0K(393216K)] 14969K(502464K), 0,0234793 secs] [Times: user=0,07 sys=0,00, real=0,02 secs] 
2017-04-18T23:51:39.393+0200: 3,016: Total time for which application threads were stopped: 0,0236026 seconds, Stopping threads took: 0,0000418 seconds
2017-04-18T23:51:39.394+0200: 3,016: [CMS-concurrent-sweep-start]
2017-04-18T23:51:39.394+0200: 3,016: [CMS-concurrent-sweep: 0,000/0,000 secs] [Times: user=0,00 sys=0,00, real=0,00 secs] 
2017-04-18T23:51:39.394+0200: 3,016: [CMS-concurrent-reset-start]
2017-04-18T23:51:39.395+0200: 3,018: [CMS-concurrent-reset: 0,002/0,002 secs] [Times: user=0,00 sys=0,00, real=0,01 secs] 
{Heap before GC invocations=5 (full 1):
 par new generation   total 109248K, used 102393K [0x00000000e0000000, 0x00000000e8000000, 0x00000000e8000000)
  eden space 87424K, 100% used [0x00000000e0000000, 0x00000000e5560000, 0x00000000e5560000)
  from space 21824K,  68% used [0x00000000e6ab0000, 0x00000000e794e408, 0x00000000e8000000)
  to   space 21824K,   0% used [0x00000000e5560000, 0x00000000e5560000, 0x00000000e6ab0000)
 concurrent mark-sweep generation total 393216K, used 0K [0x00000000e8000000, 0x0000000100000000, 0x0000000100000000)
 Metaspace       used 21438K, capacity 21781K, committed 21884K, reserved 1069056K
  class space    used 2472K, capacity 2635K, committed 2684K, reserved 1048576K
2017-04-18T23:51:39.497+0200: 3,120: [GC (Allocation Failure) 2017-04-18T23:51:39.497+0200: 3,120: [ParNew
Desired survivor size 20112992 bytes, new threshold 8 (max 8)
- age   1:     355088 bytes,     355088 total
- age   2:      26848 bytes,     381936 total
- age   3:     170392 bytes,     552328 total
- age   4:    1480064 bytes,    2032392 total
- age   5:    1421552 bytes,    3453944 total
- age   6:    6019888 bytes,    9473832 total
: 102393K->11217K(109248K), 0,0156211 secs] 102393K->11217K(502464K), 0,0157018 secs] [Times: user=0,05 sys=0,00, real=0,01 secs] 
Heap after GC invocations=6 (full 1):
 par new generation   total 109248K, used 11217K [0x00000000e0000000, 0x00000000e8000000, 0x00000000e8000000)
  eden space 87424K,   0% used [0x00000000e0000000, 0x00000000e0000000, 0x00000000e5560000)
  from space 21824K,  51% used [0x00000000e5560000, 0x00000000e6054470, 0x00000000e6ab0000)
  to   space 21824K,   0% used [0x00000000e6ab0000, 0x00000000e6ab0000, 0x00000000e8000000)
 concurrent mark-sweep generation total 393216K, used 0K [0x00000000e8000000, 0x0000000100000000, 0x0000000100000000)
 Metaspace       used 21438K, capacity 21781K, committed 21884K, reserved 1069056K
  class space    used 2472K, capacity 2635K, committed 2684K, reserved 1048576K
}
2017-04-18T23:51:39.513+0200: 3,136: Total time for which application threads were stopped: 0,0159562 seconds, Stopping threads took: 0,0000910 seconds
2017-04-18T23:51:39.535+0200: 3,158: Total time for which application threads were stopped: 0,0003446 seconds, Stopping threads took: 0,0000217 seconds
2017-04-18T23:51:39.714+0200: 3,336: Total time for which application threads were stopped: 0,0004751 seconds, Stopping threads took: 0,0000268 seconds
2017-04-18T23:51:39.732+0200: 3,355: Total time for which application threads were stopped: 0,0005302 seconds, Stopping threads took: 0,0000527 seconds
{Heap before GC invocations=6 (full 1):
 par new generation   total 109248K, used 98641K [0x00000000e0000000, 0x00000000e8000000, 0x00000000e8000000)
  eden space 87424K, 100% used [0x00000000e0000000, 0x00000000e5560000, 0x00000000e5560000)
  from space 21824K,  51% used [0x00000000e5560000, 0x00000000e6054470, 0x00000000e6ab0000)
  to   space 21824K,   0% used [0x00000000e6ab0000, 0x00000000e6ab0000, 0x00000000e8000000)
 concurrent mark-sweep generation total 393216K, used 0K [0x00000000e8000000, 0x0000000100000000, 0x0000000100000000)
 Metaspace       used 23699K, capacity 24151K, committed 24316K, reserved 1071104K
  class space    used 2786K, capacity 2978K, committed 3068K, reserved 1048576K
2017-04-18T23:51:39.874+0200: 3,497: [GC (Allocation Failure) 2017-04-18T23:51:39.874+0200: 3,497: [ParNew
Desired survivor size 20112992 bytes, new threshold 8 (max 8)
- age   1:    4869920 bytes,    4869920 total
- age   2:     183728 bytes,    5053648 total
- age   3:      26848 bytes,    5080496 total
- age   4:     169720 bytes,    5250216 total
- age   5:     311800 bytes,    5562016 total
- age   6:    1395352 bytes,    6957368 total
- age   7:    6011968 bytes,   12969336 total
: 98641K->16121K(109248K), 0,0144646 secs] 98641K->16121K(502464K), 0,0145546 secs] [Times: user=0,05 sys=0,00, real=0,02 secs] 
Heap after GC invocations=7 (full 1):
 par new generation   total 109248K, used 16121K [0x00000000e0000000, 0x00000000e8000000, 0x00000000e8000000)
  eden space 87424K,   0% used [0x00000000e0000000, 0x00000000e0000000, 0x00000000e5560000)
  from space 21824K,  73% used [0x00000000e6ab0000, 0x00000000e7a6e4c0, 0x00000000e8000000)
  to   space 21824K,   0% used [0x00000000e5560000, 0x00000000e5560000, 0x00000000e6ab0000)
 concurrent mark-sweep generation total 393216K, used 0K [0x00000000e8000000, 0x0000000100000000, 0x0000000100000000)
 Metaspace       used 23699K, capacity 24151K, committed 24316K, reserved 1071104K
  class space    used 2786K, capacity 2978K, committed 3068K, reserved 1048576K
}
2017-04-18T23:51:39.888+0200: 3,511: Total time for which application threads were stopped: 0,0161201 seconds, Stopping threads took: 0,0013498 seconds
{Heap before GC invocations=7 (full 1):
 par new generation   total 109248K, used 103545K [0x00000000e0000000, 0x00000000e8000000, 0x00000000e8000000)
  eden space 87424K, 100% used [0x00000000e0000000, 0x00000000e5560000, 0x00000000e5560000)
  from space 21824K,  73% used [0x00000000e6ab0000, 0x00000000e7a6e4c0, 0x00000000e8000000)
  to   space 21824K,   0% used [0x00000000e5560000, 0x00000000e5560000, 0x00000000e6ab0000)
 concurrent mark-sweep generation total 393216K, used 0K [0x00000000e8000000, 0x0000000100000000, 0x0000000100000000)
 Metaspace       used 24463K, capacity 24861K, committed 25084K, reserved 1071104K
  class space    used 2868K, capacity 3043K, committed 3068K, reserved 1048576K
2017-04-18T23:51:40.014+0200: 3,637: [GC (Allocation Failure) 2017-04-18T23:51:40.014+0200: 3,637: [ParNew
Desired survivor size 20112992 bytes, new threshold 8 (max 8)
- age   1:    2030112 bytes,    2030112 total
- age   2:    1845008 bytes,    3875120 total
- age   3:      78760 bytes,    3953880 total
- age   4:       5224 bytes,    3959104 total
- age   5:     107408 bytes,    4066512 total
- age   6:     196264 bytes,    4262776 total
- age   7:     906696 bytes,    5169472 total
- age   8:    5938768 bytes,   11108240 total
: 103545K->17271K(109248K), 0,0311637 secs] 103545K->17271K(502464K), 0,0312359 secs] [Times: user=0,07 sys=0,00, real=0,03 secs] 
Heap after GC invocations=8 (full 1):
 par new generation   total 109248K, used 17271K [0x00000000e0000000, 0x00000000e8000000, 0x00000000e8000000)
  eden space 87424K,   0% used [0x00000000e0000000, 0x00000000e0000000, 0x00000000e5560000)
  from space 21824K,  79% used [0x00000000e5560000, 0x00000000e663dc60, 0x00000000e6ab0000)
  to   space 21824K,   0% used [0x00000000e6ab0000, 0x00000000e6ab0000, 0x00000000e8000000)
 concurrent mark-sweep generation total 393216K, used 0K [0x00000000e8000000, 0x0000000100000000, 0x0000000100000000)
 Metaspace       used 24463K, capacity 24861K, committed 25084K, reserved 1071104K
  class space    used 2868K, capacity 3043K, committed 3068K, reserved 1048576K
}
2017-04-18T23:51:40.046+0200: 3,668: Total time for which application threads were stopped: 0,0348074 seconds, Stopping threads took: 0,0034184 seconds
{Heap before GC invocations=8 (full 1):
 par new generation   total 109248K, used 104695K [0x00000000e0000000, 0x00000000e8000000, 0x00000000e8000000)
  eden space 87424K, 100% used [0x00000000e0000000, 0x00000000e5560000, 0x00000000e5560000)
  from space 21824K,  79% used [0x00000000e5560000, 0x00000000e663dc60, 0x00000000e6ab0000)
  to   space 21824K,   0% used [0x00000000e6ab0000, 0x00000000e6ab0000, 0x00000000e8000000)
 concurrent mark-sweep generation total 393216K, used 0K [0x00000000e8000000, 0x0000000100000000, 0x0000000100000000)
 Metaspace       used 24848K, capacity 25303K, committed 25468K, reserved 1071104K
  class space    used 2900K, capacity 3080K, committed 3196K, reserved 1048576K
2017-04-18T23:51:40.143+0200: 3,766: [GC (Allocation Failure) 2017-04-18T23:51:40.143+0200: 3,766: [ParNew
Desired survivor size 20112992 bytes, new threshold 8 (max 8)
- age   1:     781096 bytes,     781096 total
- age   2:     547480 bytes,    1328576 total
- age   3:    1844456 bytes,    3173032 total
- age   4:      78760 bytes,    3251792 total
- age   5:       5224 bytes,    3257016 total
- age   6:     107304 bytes,    3364320 total
- age   7:     195872 bytes,    3560192 total
- age   8:     906696 bytes,    4466888 total
: 104695K->6988K(109248K), 0,0261737 secs] 104695K->12869K(502464K), 0,0262388 secs] [Times: user=0,09 sys=0,00, real=0,02 secs] 
Heap after GC invocations=9 (full 1):
 par new generation   total 109248K, used 6988K [0x00000000e0000000, 0x00000000e8000000, 0x00000000e8000000)
  eden space 87424K,   0% used [0x00000000e0000000, 0x00000000e0000000, 0x00000000e5560000)
  from space 21824K,  32% used [0x00000000e6ab0000, 0x00000000e7183058, 0x00000000e8000000)
  to   space 21824K,   0% used [0x00000000e5560000, 0x00000000e5560000, 0x00000000e6ab0000)
 concurrent mark-sweep generation total 393216K, used 5881K [0x00000000e8000000, 0x0000000100000000, 0x0000000100000000)
 Metaspace       used 24848K, capacity 25303K, committed 25468K, reserved 1071104K
  class space    used 2900K, capacity 3080K, committed 3196K, reserved 1048576K
}
2017-04-18T23:51:40.170+0200: 3,792: Total time for which application threads were stopped: 0,0267118 seconds, Stopping threads took: 0,0002867 seconds
2017-04-18T23:51:40.320+0200: 3,943: Total time for which application threads were stopped: 0,0005121 seconds, Stopping threads took: 0,0000380 seconds
2017-04-18T23:51:40.399+0200: 4,022: Total time for which application threads were stopped: 0,0004704 seconds, Stopping threads took: 0,0000239 seconds
2017-04-18T23:51:40.413+0200: 4,036: Total time for which application threads were stopped: 0,0004035 seconds, Stopping threads took: 0,0000241 seconds
2017-04-18T23:51:40.430+0200: 4,053: Total time for which application threads were stopped: 0,0003690 seconds, Stopping threads took: 0,0000278 seconds
2017-04-18T23:51:40.493+0200: 4,116: Total time for which application threads were stopped: 0,0001818 seconds, Stopping threads took: 0,0000546 seconds
2017-04-18T23:51:40.503+0200: 4,126: Total time for which application threads were stopped: 0,0005017 seconds, Stopping threads took: 0,0000257 seconds
2017-04-18T23:51:40.506+0200: 4,129: Total time for which application threads were stopped: 0,0020454 seconds, Stopping threads took: 0,0019655 seconds
2017-04-18T23:51:40.507+0200: 4,130: Total time for which application threads were stopped: 0,0001179 seconds, Stopping threads took: 0,0000371 seconds
2017-04-18T23:51:40.508+0200: 4,130: Total time for which application threads were stopped: 0,0000630 seconds, Stopping threads took: 0,0000202 seconds
2017-04-18T23:51:40.508+0200: 4,131: Total time for which application threads were stopped: 0,0000851 seconds, Stopping threads took: 0,0000204 seconds
2017-04-18T23:51:40.518+0200: 4,141: Total time for which application threads were stopped: 0,0037715 seconds, Stopping threads took: 0,0036692 seconds
2017-04-18T23:51:40.533+0200: 4,156: Total time for which application threads were stopped: 0,0001468 seconds, Stopping threads took: 0,0000600 seconds
2017-04-18T23:51:40.541+0200: 4,164: Total time for which application threads were stopped: 0,0061078 seconds, Stopping threads took: 0,0060223 seconds
2017-04-18T23:51:40.549+0200: 4,172: Total time for which application threads were stopped: 0,0007201 seconds, Stopping threads took: 0,0006103 seconds
2017-04-18T23:51:40.550+0200: 4,173: Total time for which application threads were stopped: 0,0006721 seconds, Stopping threads took: 0,0005486 seconds
2017-04-18T23:51:40.553+0200: 4,176: Total time for which application threads were stopped: 0,0010223 seconds, Stopping threads took: 0,0008777 seconds
2017-04-18T23:51:40.554+0200: 4,176: Total time for which application threads were stopped: 0,0000987 seconds, Stopping threads took: 0,0000169 seconds
2017-04-18T23:51:40.554+0200: 4,177: Total time for which application threads were stopped: 0,0001220 seconds, Stopping threads took: 0,0000249 seconds
2017-04-18T23:51:40.559+0200: 4,182: Total time for which application threads were stopped: 0,0001632 seconds, Stopping threads took: 0,0000518 seconds
2017-04-18T23:51:40.559+0200: 4,182: Total time for which application threads were stopped: 0,0001052 seconds, Stopping threads took: 0,0000336 seconds
2017-04-18T23:51:40.560+0200: 4,182: Total time for which application threads were stopped: 0,0002655 seconds, Stopping threads took: 0,0001683 seconds
2017-04-18T23:51:40.560+0200: 4,183: Total time for which application threads were stopped: 0,0001752 seconds, Stopping threads took: 0,0000523 seconds
2017-04-18T23:51:40.560+0200: 4,183: Total time for which application threads were stopped: 0,0004415 seconds, Stopping threads took: 0,0003277 seconds
2017-04-18T23:51:40.562+0200: 4,185: Total time for which application threads were stopped: 0,0014185 seconds, Stopping threads took: 0,0013517 seconds
2017-04-18T23:51:40.562+0200: 4,185: Total time for which application threads were stopped: 0,0000867 seconds, Stopping threads took: 0,0000212 seconds
2017-04-18T23:51:40.562+0200: 4,185: Total time for which application threads were stopped: 0,0000779 seconds, Stopping threads took: 0,0000281 seconds
2017-04-18T23:51:40.562+0200: 4,185: Total time for which application threads were stopped: 0,0000651 seconds, Stopping threads took: 0,0000330 seconds
2017-04-18T23:51:40.563+0200: 4,186: Total time for which application threads were stopped: 0,0001426 seconds, Stopping threads took: 0,0000282 seconds
2017-04-18T23:51:40.565+0200: 4,188: Total time for which application threads were stopped: 0,0001266 seconds, Stopping threads took: 0,0000540 seconds
2017-04-18T23:51:40.566+0200: 4,189: Total time for which application threads were stopped: 0,0001561 seconds, Stopping threads took: 0,0000594 seconds
2017-04-18T23:51:40.578+0200: 4,201: Total time for which application threads were stopped: 0,0038695 seconds, Stopping threads took: 0,0037734 seconds
2017-04-18T23:51:40.578+0200: 4,201: Total time for which application threads were stopped: 0,0000981 seconds, Stopping threads took: 0,0000399 seconds
2017-04-18T23:51:40.578+0200: 4,201: Total time for which application threads were stopped: 0,0000698 seconds, Stopping threads took: 0,0000219 seconds
2017-04-18T23:51:40.578+0200: 4,201: Total time for which application threads were stopped: 0,0000543 seconds, Stopping threads took: 0,0000178 seconds
2017-04-18T23:51:40.579+0200: 4,201: Total time for which application threads were stopped: 0,0000798 seconds, Stopping threads took: 0,0000177 seconds
2017-04-18T23:51:40.579+0200: 4,202: Total time for which application threads were stopped: 0,0000711 seconds, Stopping threads took: 0,0000178 seconds
2017-04-18T23:51:40.579+0200: 4,202: Total time for which application threads were stopped: 0,0001149 seconds, Stopping threads took: 0,0000382 seconds
2017-04-18T23:51:40.579+0200: 4,202: Total time for which application threads were stopped: 0,0000664 seconds, Stopping threads took: 0,0000167 seconds
2017-04-18T23:51:40.579+0200: 4,202: Total time for which application threads were stopped: 0,0001930 seconds, Stopping threads took: 0,0001482 seconds
2017-04-18T23:51:40.580+0200: 4,202: Total time for which application threads were stopped: 0,0001217 seconds, Stopping threads took: 0,0000906 seconds
2017-04-18T23:51:40.582+0200: 4,205: Total time for which application threads were stopped: 0,0021737 seconds, Stopping threads took: 0,0021247 seconds
2017-04-18T23:51:40.582+0200: 4,205: Total time for which application threads were stopped: 0,0000733 seconds, Stopping threads took: 0,0000300 seconds
2017-04-18T23:51:40.582+0200: 4,205: Total time for which application threads were stopped: 0,0000715 seconds, Stopping threads took: 0,0000218 seconds
2017-04-18T23:51:40.582+0200: 4,205: Total time for which application threads were stopped: 0,0000620 seconds, Stopping threads took: 0,0000168 seconds
2017-04-18T23:51:40.582+0200: 4,205: Total time for which application threads were stopped: 0,0000656 seconds, Stopping threads took: 0,0000229 seconds
2017-04-18T23:51:40.583+0200: 4,205: Total time for which application threads were stopped: 0,0001771 seconds, Stopping threads took: 0,0001208 seconds
2017-04-18T23:51:40.583+0200: 4,206: Total time for which application threads were stopped: 0,0001015 seconds, Stopping threads took: 0,0000533 seconds
2017-04-18T23:51:40.583+0200: 4,206: Total time for which application threads were stopped: 0,0000900 seconds, Stopping threads took: 0,0000352 seconds
2017-04-18T23:51:40.583+0200: 4,206: Total time for which application threads were stopped: 0,0001461 seconds, Stopping threads took: 0,0000410 seconds
2017-04-18T23:51:40.583+0200: 4,206: Total time for which application threads were stopped: 0,0000978 seconds, Stopping threads took: 0,0000357 seconds
2017-04-18T23:51:40.584+0200: 4,206: Total time for which application threads were stopped: 0,0001625 seconds, Stopping threads took: 0,0000250 seconds
2017-04-18T23:51:40.603+0200: 4,226: Total time for which application threads were stopped: 0,0002341 seconds, Stopping threads took: 0,0001167 seconds
2017-04-18T23:51:40.650+0200: 4,272: Total time for which application threads were stopped: 0,0001639 seconds, Stopping threads took: 0,0000464 seconds
2017-04-18T23:51:40.672+0200: 4,295: Total time for which application threads were stopped: 0,0001478 seconds, Stopping threads took: 0,0000427 seconds
2017-04-18T23:51:41.672+0200: 5,295: Total time for which application threads were stopped: 0,0000775 seconds, Stopping threads took: 0,0000181 seconds
2017-04-18T23:51:43.672+0200: 7,295: Total time for which application threads were stopped: 0,0000597 seconds, Stopping threads took: 0,0000156 seconds
2017-04-18T23:51:58.675+0200: 22,298: Total time for which application threads were stopped: 0,0000760 seconds, Stopping threads took: 0,0000296 seconds
2017-04-18T23:52:08.676+0200: 32,299: Total time for which application threads were stopped: 0,0000618 seconds, Stopping threads took: 0,0000158 seconds
2017-04-18T23:53:38.692+0200: 122,315: Total time for which application threads were stopped: 0,0000800 seconds, Stopping threads took: 0,0000343 seconds
2017-04-18T23:53:43.692+0200: 127,315: Total time for which application threads were stopped: 0,0000709 seconds, Stopping threads took: 0,0000197 seconds
2017-04-18T23:58:26.838+0200: 410,461: Total time for which application threads were stopped: 0,0008098 seconds, Stopping threads took: 0,0006774 seconds
2017-04-18T23:58:26.843+0200: 410,466: Total time for which application threads were stopped: 0,0001074 seconds, Stopping threads took: 0,0000306 seconds
2017-04-18T23:58:26.844+0200: 410,467: Total time for which application threads were stopped: 0,0005213 seconds, Stopping threads took: 0,0003614 seconds
2017-04-18T23:58:26.858+0200: 410,481: Total time for which application threads were stopped: 0,0084657 seconds, Stopping threads took: 0,0083743 seconds
2017-04-18T23:58:26.882+0200: 410,505: Total time for which application threads were stopped: 0,0006792 seconds, Stopping threads took: 0,0000455 seconds
2017-04-18T23:58:26.895+0200: 410,518: Total time for which application threads were stopped: 0,0009103 seconds, Stopping threads took: 0,0008218 seconds
2017-04-18T23:58:26.906+0200: 410,529: Total time for which application threads were stopped: 0,0057198 seconds, Stopping threads took: 0,0056208 seconds
2017-04-18T23:58:26.919+0200: 410,542: Total time for which application threads were stopped: 0,0002019 seconds, Stopping threads took: 0,0001564 seconds
2017-04-18T23:58:26.922+0200: 410,545: Total time for which application threads were stopped: 0,0000836 seconds, Stopping threads took: 0,0000241 seconds
2017-04-18T23:58:26.923+0200: 410,545: Total time for which application threads were stopped: 0,0000293 seconds, Stopping threads took: 0,0000082 seconds
2017-04-18T23:58:26.923+0200: 410,545: Total time for which application threads were stopped: 0,0000237 seconds, Stopping threads took: 0,0000066 seconds
2017-04-18T23:58:26.923+0200: 410,546: Total time for which application threads were stopped: 0,0000235 seconds, Stopping threads took: 0,0000064 seconds
2017-04-18T23:58:26.923+0200: 410,546: Total time for which application threads were stopped: 0,0000231 seconds, Stopping threads took: 0,0000062 seconds
2017-04-18T23:58:26.923+0200: 410,546: Total time for which application threads were stopped: 0,0000231 seconds, Stopping threads took: 0,0000061 seconds
2017-04-18T23:58:26.923+0200: 410,546: Total time for which application threads were stopped: 0,0000231 seconds, Stopping threads took: 0,0000063 seconds
2017-04-18T23:58:26.923+0200: 410,546: Total time for which application threads were stopped: 0,0000924 seconds, Stopping threads took: 0,0000061 seconds
2017-04-18T23:58:27.923+0200: 411,546: Total time for which application threads were stopped: 0,0001259 seconds, Stopping threads took: 0,0000265 seconds
2017-04-18T23:58:28.099+0200: 411,722: Total time for which application threads were stopped: 0,0011526 seconds, Stopping threads took: 0,0007010 seconds
2017-04-18T23:58:28.110+0200: 411,733: Total time for which application threads were stopped: 0,0001459 seconds, Stopping threads took: 0,0000444 seconds
2017-04-18T23:58:28.115+0200: 411,738: Total time for which application threads were stopped: 0,0001175 seconds, Stopping threads took: 0,0000231 seconds
2017-04-18T23:58:28.115+0200: 411,738: Total time for which application threads were stopped: 0,0001047 seconds, Stopping threads took: 0,0000215 seconds
2017-04-18T23:58:28.116+0200: 411,739: Total time for which application threads were stopped: 0,0001465 seconds, Stopping threads took: 0,0000369 seconds
2017-04-18T23:58:28.135+0200: 411,758: Total time for which application threads were stopped: 0,0000962 seconds, Stopping threads took: 0,0000197 seconds
2017-04-18T23:58:28.135+0200: 411,758: Total time for which application threads were stopped: 0,0000531 seconds, Stopping threads took: 0,0000078 seconds
2017-04-18T23:58:28.135+0200: 411,758: Total time for which application threads were stopped: 0,0000444 seconds, Stopping threads took: 0,0000055 seconds
2017-04-18T23:58:28.135+0200: 411,758: Total time for which application threads were stopped: 0,0000471 seconds, Stopping threads took: 0,0000087 seconds
2017-04-18T23:58:28.135+0200: 411,758: Total time for which application threads were stopped: 0,0000466 seconds, Stopping threads took: 0,0000065 seconds
2017-04-18T23:58:28.136+0200: 411,759: Total time for which application threads were stopped: 0,0000799 seconds, Stopping threads took: 0,0000128 seconds
2017-04-18T23:58:28.136+0200: 411,759: Total time for which application threads were stopped: 0,0001335 seconds, Stopping threads took: 0,0000204 seconds
2017-04-18T23:58:28.137+0200: 411,759: Total time for which application threads were stopped: 0,0000960 seconds, Stopping threads took: 0,0000190 seconds
2017-04-18T23:58:28.137+0200: 411,760: Total time for which application threads were stopped: 0,0000727 seconds, Stopping threads took: 0,0000132 seconds
2017-04-18T23:58:28.137+0200: 411,760: Total time for which application threads were stopped: 0,0000679 seconds, Stopping threads took: 0,0000109 seconds
2017-04-18T23:58:28.137+0200: 411,760: Total time for which application threads were stopped: 0,0000551 seconds, Stopping threads took: 0,0000067 seconds
2017-04-18T23:58:28.137+0200: 411,760: Total time for which application threads were stopped: 0,0000525 seconds, Stopping threads took: 0,0000074 seconds
2017-04-18T23:58:28.137+0200: 411,760: Total time for which application threads were stopped: 0,0000498 seconds, Stopping threads took: 0,0000079 seconds
2017-04-18T23:58:28.137+0200: 411,760: Total time for which application threads were stopped: 0,0000584 seconds, Stopping threads took: 0,0000080 seconds
2017-04-18T23:58:28.140+0200: 411,763: Total time for which application threads were stopped: 0,0001681 seconds, Stopping threads took: 0,0000482 seconds
2017-04-18T23:58:28.141+0200: 411,763: Total time for which application threads were stopped: 0,0001611 seconds, Stopping threads took: 0,0000404 seconds
2017-04-18T23:58:28.149+0200: 411,772: Total time for which application threads were stopped: 0,0001431 seconds, Stopping threads took: 0,0000447 seconds
2017-04-18T23:58:28.149+0200: 411,772: Total time for which application threads were stopped: 0,0000626 seconds, Stopping threads took: 0,0000090 seconds
2017-04-18T23:58:28.158+0200: 411,781: Total time for which application threads were stopped: 0,0003060 seconds, Stopping threads took: 0,0002254 seconds
2017-04-18T23:58:28.158+0200: 411,781: Total time for which application threads were stopped: 0,0001358 seconds, Stopping threads took: 0,0000792 seconds
2017-04-18T23:58:29.159+0200: 412,781: Total time for which application threads were stopped: 0,0000743 seconds, Stopping threads took: 0,0000192 seconds
2017-04-18T23:58:43.142+0200: 426,765: Total time for which application threads were stopped: 0,0001281 seconds, Stopping threads took: 0,0000364 seconds
2017-04-18T23:59:28.115+0200: 471,738: Total time for which application threads were stopped: 0,0000909 seconds, Stopping threads took: 0,0000148 seconds
2017-04-18T23:59:28.159+0200: 471,782: Total time for which application threads were stopped: 0,0000818 seconds, Stopping threads took: 0,0000191 seconds
2017-04-18T23:59:33.429+0200: 477,052: Total time for which application threads were stopped: 0,0000776 seconds, Stopping threads took: 0,0000168 seconds
2017-04-18T23:59:33.429+0200: 477,052: Total time for which application threads were stopped: 0,0002561 seconds, Stopping threads took: 0,0000368 seconds
2017-04-19T00:13:13.520+0200: 1297,143: Total time for which application threads were stopped: 0,0000978 seconds, Stopping threads took: 0,0000347 seconds
2017-04-19T00:19:18.558+0200: 1662,181: Total time for which application threads were stopped: 0,0001889 seconds, Stopping threads took: 0,0000679 seconds
2017-04-19T00:21:55.304+0200: 1818,927: Total time for which application threads were stopped: 0,0010601 seconds, Stopping threads took: 0,0009664 seconds
2017-04-19T00:21:55.309+0200: 1818,932: Total time for which application threads were stopped: 0,0000984 seconds, Stopping threads took: 0,0000198 seconds
2017-04-19T00:21:55.355+0200: 1818,978: Total time for which application threads were stopped: 0,0001000 seconds, Stopping threads took: 0,0000202 seconds
2017-04-19T00:21:55.368+0200: 1818,991: Total time for which application threads were stopped: 0,0001008 seconds, Stopping threads took: 0,0000233 seconds
2017-04-19T00:21:55.374+0200: 1818,997: Total time for which application threads were stopped: 0,0001068 seconds, Stopping threads took: 0,0000224 seconds
2017-04-19T00:21:55.375+0200: 1818,997: Total time for which application threads were stopped: 0,0000980 seconds, Stopping threads took: 0,0000244 seconds
2017-04-19T00:21:55.382+0200: 1819,004: Total time for which application threads were stopped: 0,0000908 seconds, Stopping threads took: 0,0000172 seconds
2017-04-19T00:21:55.382+0200: 1819,005: Total time for which application threads were stopped: 0,0000655 seconds, Stopping threads took: 0,0000143 seconds
2017-04-19T00:21:55.391+0200: 1819,014: Total time for which application threads were stopped: 0,0052117 seconds, Stopping threads took: 0,0051457 seconds
2017-04-19T00:21:55.391+0200: 1819,014: Total time for which application threads were stopped: 0,0000448 seconds, Stopping threads took: 0,0000102 seconds
2017-04-19T00:21:55.394+0200: 1819,017: Total time for which application threads were stopped: 0,0000853 seconds, Stopping threads took: 0,0000253 seconds
2017-04-19T00:21:55.394+0200: 1819,017: Total time for which application threads were stopped: 0,0000465 seconds, Stopping threads took: 0,0000125 seconds
2017-04-19T00:21:55.394+0200: 1819,017: Total time for which application threads were stopped: 0,0000440 seconds, Stopping threads took: 0,0000125 seconds
2017-04-19T00:21:55.395+0200: 1819,017: Total time for which application threads were stopped: 0,0000550 seconds, Stopping threads took: 0,0000178 seconds
2017-04-19T00:21:55.395+0200: 1819,018: Total time for which application threads were stopped: 0,0000504 seconds, Stopping threads took: 0,0000171 seconds
2017-04-19T00:21:55.395+0200: 1819,018: Total time for which application threads were stopped: 0,0000494 seconds, Stopping threads took: 0,0000162 seconds
2017-04-19T00:21:55.395+0200: 1819,018: Total time for which application threads were stopped: 0,0000548 seconds, Stopping threads took: 0,0000198 seconds
2017-04-19T00:21:55.395+0200: 1819,018: Total time for which application threads were stopped: 0,0000431 seconds, Stopping threads took: 0,0000127 seconds
2017-04-19T00:21:55.395+0200: 1819,018: Total time for which application threads were stopped: 0,0000679 seconds, Stopping threads took: 0,0000117 seconds
2017-04-19T00:21:55.395+0200: 1819,018: Total time for which application threads were stopped: 0,0000612 seconds, Stopping threads took: 0,0000194 seconds
2017-04-19T00:21:55.396+0200: 1819,019: Total time for which application threads were stopped: 0,0000667 seconds, Stopping threads took: 0,0000342 seconds
2017-04-19T00:21:55.397+0200: 1819,020: Total time for which application threads were stopped: 0,0000816 seconds, Stopping threads took: 0,0000186 seconds
2017-04-19T00:21:55.398+0200: 1819,021: Total time for which application threads were stopped: 0,0010884 seconds, Stopping threads took: 0,0009969 seconds
2017-04-19T00:21:55.399+0200: 1819,022: Total time for which application threads were stopped: 0,0000964 seconds, Stopping threads took: 0,0000208 seconds
2017-04-19T00:21:55.404+0200: 1819,026: Total time for which application threads were stopped: 0,0026922 seconds, Stopping threads took: 0,0025825 seconds
2017-04-19T00:21:55.404+0200: 1819,027: Total time for which application threads were stopped: 0,0000987 seconds, Stopping threads took: 0,0000332 seconds
2017-04-19T00:21:55.404+0200: 1819,027: Total time for which application threads were stopped: 0,0001676 seconds, Stopping threads took: 0,0000305 seconds
2017-04-19T00:21:55.411+0200: 1819,034: Total time for which application threads were stopped: 0,0047203 seconds, Stopping threads took: 0,0046187 seconds
Heap
 par new generation   total 109248K, used 94269K [0x00000000e0000000, 0x00000000e8000000, 0x00000000e8000000)
  eden space 87424K,  99% used [0x00000000e0000000, 0x00000000e553c488, 0x00000000e5560000)
  from space 21824K,  32% used [0x00000000e6ab0000, 0x00000000e7183058, 0x00000000e8000000)
  to   space 21824K,   0% used [0x00000000e5560000, 0x00000000e5560000, 0x00000000e6ab0000)
 concurrent mark-sweep generation total 393216K, used 5881K [0x00000000e8000000, 0x0000000100000000, 0x0000000100000000)
 Metaspace       used 29700K, capacity 30305K, committed 30588K, reserved 1077248K
  class space    used 3422K, capacity 3631K, committed 3708K, reserved 1048576K
