OpenJDK 64-Bit Server VM (25.111-b14) for linux-amd64 JRE (1.8.0_111-8u111-b14-2ubuntu0.16.04.2-b14), built on Oct 27 2016 18:10:19 by "buildd" with gcc 5.4.0 20160609
Memory: 4k page, physical 7867804k(7513572k free), swap 8076284k(8076284k free)
CommandLine flags: -XX:CMSInitiatingOccupancyFraction=50 -XX:CMSMaxAbortablePrecleanTime=6000 -XX:+CMSParallelRemarkEnabled -XX:+CMSScavengeBeforeRemark -XX:ConcGCThreads=4 -XX:InitialHeapSize=536870912 -XX:MaxHeapSize=536870912 -XX:MaxTenuringThreshold=8 -XX:NewRatio=3 -XX:OldPLABSize=16 -XX:OnOutOfMemoryError=/opt/solr/bin/oom_solr.sh 8983 /var/solr/logs -XX:ParallelGCThreads=4 -XX:+ParallelRefProcEnabled -XX:PretenureSizeThreshold=67108864 -XX:+PrintGC -XX:+PrintGCApplicationStoppedTime -XX:+PrintGCDateStamps -XX:+PrintGCDetails -XX:+PrintGCTimeStamps -XX:+PrintHeapAtGC -XX:+PrintTenuringDistribution -XX:SurvivorRatio=4 -XX:TargetSurvivorRatio=90 -XX:ThreadStackSize=256 -XX:+UseCMSInitiatingOccupancyOnly -XX:+UseCompressedClassPointers -XX:+UseCompressedOops -XX:+UseConcMarkSweepGC -XX:+UseParNewGC 
2017-01-09T21:47:29.728+0100: 0,148: Total time for which application threads were stopped: 0,0000780 seconds, Stopping threads took: 0,0000106 seconds
2017-01-09T21:47:29.808+0100: 0,228: Total time for which application threads were stopped: 0,0002520 seconds, Stopping threads took: 0,0000268 seconds
2017-01-09T21:47:29.829+0100: 0,249: Total time for which application threads were stopped: 0,0018266 seconds, Stopping threads took: 0,0017230 seconds
2017-01-09T21:47:30.038+0100: 0,458: Total time for which application threads were stopped: 0,0001330 seconds, Stopping threads took: 0,0000137 seconds
2017-01-09T21:47:30.489+0100: 0,909: Total time for which application threads were stopped: 0,0001720 seconds, Stopping threads took: 0,0000134 seconds
2017-01-09T21:47:30.582+0100: 1,002: Total time for which application threads were stopped: 0,0002545 seconds, Stopping threads took: 0,0000227 seconds
2017-01-09T21:47:30.624+0100: 1,045: Total time for which application threads were stopped: 0,0001986 seconds, Stopping threads took: 0,0000373 seconds
2017-01-09T21:47:30.996+0100: 1,416: Total time for which application threads were stopped: 0,0002164 seconds, Stopping threads took: 0,0000178 seconds
2017-01-09T21:47:31.243+0100: 1,663: Total time for which application threads were stopped: 0,0002423 seconds, Stopping threads took: 0,0000501 seconds
2017-01-09T21:47:31.270+0100: 1,691: Total time for which application threads were stopped: 0,0001909 seconds, Stopping threads took: 0,0000137 seconds
2017-01-09T21:47:31.271+0100: 1,692: Total time for which application threads were stopped: 0,0002377 seconds, Stopping threads took: 0,0000081 seconds
2017-01-09T21:47:31.287+0100: 1,707: Total time for which application threads were stopped: 0,0001608 seconds, Stopping threads took: 0,0000208 seconds
2017-01-09T21:47:31.385+0100: 1,805: Total time for which application threads were stopped: 0,0001973 seconds, Stopping threads took: 0,0000209 seconds
2017-01-09T21:47:31.532+0100: 1,953: Total time for which application threads were stopped: 0,0002645 seconds, Stopping threads took: 0,0000669 seconds
{Heap before GC invocations=0 (full 0):
 par new generation   total 109248K, used 87424K [0x00000000e0000000, 0x00000000e8000000, 0x00000000e8000000)
  eden space 87424K, 100% used [0x00000000e0000000, 0x00000000e5560000, 0x00000000e5560000)
  from space 21824K,   0% used [0x00000000e5560000, 0x00000000e5560000, 0x00000000e6ab0000)
  to   space 21824K,   0% used [0x00000000e6ab0000, 0x00000000e6ab0000, 0x00000000e8000000)
 concurrent mark-sweep generation total 393216K, used 0K [0x00000000e8000000, 0x0000000100000000, 0x0000000100000000)
 Metaspace       used 18083K, capacity 18366K, committed 18560K, reserved 1064960K
  class space    used 2053K, capacity 2162K, committed 2176K, reserved 1048576K
2017-01-09T21:47:31.644+0100: 2,064: [GC (Allocation Failure) 2017-01-09T21:47:31.644+0100: 2,064: [ParNew
Desired survivor size 20112992 bytes, new threshold 8 (max 8)
- age   1:   12327808 bytes,   12327808 total
: 87424K->12156K(109248K), 0,0206196 secs] 87424K->12156K(502464K), 0,0207146 secs] [Times: user=0,05 sys=0,02, real=0,02 secs] 
Heap after GC invocations=1 (full 0):
 par new generation   total 109248K, used 12156K [0x00000000e0000000, 0x00000000e8000000, 0x00000000e8000000)
  eden space 87424K,   0% used [0x00000000e0000000, 0x00000000e0000000, 0x00000000e5560000)
  from space 21824K,  55% used [0x00000000e6ab0000, 0x00000000e768f2c8, 0x00000000e8000000)
  to   space 21824K,   0% used [0x00000000e5560000, 0x00000000e5560000, 0x00000000e6ab0000)
 concurrent mark-sweep generation total 393216K, used 0K [0x00000000e8000000, 0x0000000100000000, 0x0000000100000000)
 Metaspace       used 18083K, capacity 18366K, committed 18560K, reserved 1064960K
  class space    used 2053K, capacity 2162K, committed 2176K, reserved 1048576K
}
2017-01-09T21:47:31.665+0100: 2,085: Total time for which application threads were stopped: 0,0209145 seconds, Stopping threads took: 0,0000229 seconds
2017-01-09T21:47:31.849+0100: 2,269: Total time for which application threads were stopped: 0,0003174 seconds, Stopping threads took: 0,0000410 seconds
2017-01-09T21:47:31.881+0100: 2,301: Total time for which application threads were stopped: 0,0003922 seconds, Stopping threads took: 0,0000507 seconds
2017-01-09T21:47:31.908+0100: 2,328: Total time for which application threads were stopped: 0,0003405 seconds, Stopping threads took: 0,0000431 seconds
{Heap before GC invocations=1 (full 0):
 par new generation   total 109248K, used 99580K [0x00000000e0000000, 0x00000000e8000000, 0x00000000e8000000)
  eden space 87424K, 100% used [0x00000000e0000000, 0x00000000e5560000, 0x00000000e5560000)
  from space 21824K,  55% used [0x00000000e6ab0000, 0x00000000e768f2c8, 0x00000000e8000000)
  to   space 21824K,   0% used [0x00000000e5560000, 0x00000000e5560000, 0x00000000e6ab0000)
 concurrent mark-sweep generation total 393216K, used 0K [0x00000000e8000000, 0x0000000100000000, 0x0000000100000000)
 Metaspace       used 20717K, capacity 21020K, committed 21248K, reserved 1069056K
  class space    used 2403K, capacity 2518K, committed 2560K, reserved 1048576K
2017-01-09T21:47:32.077+0100: 2,497: [GC (Allocation Failure) 2017-01-09T21:47:32.077+0100: 2,497: [ParNew
Desired survivor size 20112992 bytes, new threshold 8 (max 8)
- age   1:    3384040 bytes,    3384040 total
- age   2:    6111424 bytes,    9495464 total
: 99580K->13184K(109248K), 0,0161684 secs] 99580K->13184K(502464K), 0,0162446 secs] [Times: user=0,06 sys=0,00, real=0,02 secs] 
Heap after GC invocations=2 (full 0):
 par new generation   total 109248K, used 13184K [0x00000000e0000000, 0x00000000e8000000, 0x00000000e8000000)
  eden space 87424K,   0% used [0x00000000e0000000, 0x00000000e0000000, 0x00000000e5560000)
  from space 21824K,  60% used [0x00000000e5560000, 0x00000000e62403c0, 0x00000000e6ab0000)
  to   space 21824K,   0% used [0x00000000e6ab0000, 0x00000000e6ab0000, 0x00000000e8000000)
 concurrent mark-sweep generation total 393216K, used 0K [0x00000000e8000000, 0x0000000100000000, 0x0000000100000000)
 Metaspace       used 20717K, capacity 21020K, committed 21248K, reserved 1069056K
  class space    used 2403K, capacity 2518K, committed 2560K, reserved 1048576K
}
2017-01-09T21:47:32.093+0100: 2,513: Total time for which application threads were stopped: 0,0164742 seconds, Stopping threads took: 0,0000302 seconds
2017-01-09T21:47:32.149+0100: 2,569: Total time for which application threads were stopped: 0,0000802 seconds, Stopping threads took: 0,0000139 seconds
2017-01-09T21:47:32.187+0100: 2,607: Total time for which application threads were stopped: 0,0001244 seconds, Stopping threads took: 0,0000492 seconds
2017-01-09T21:47:32.187+0100: 2,607: Total time for which application threads were stopped: 0,0002332 seconds, Stopping threads took: 0,0000075 seconds
2017-01-09T21:47:32.214+0100: 2,634: Total time for which application threads were stopped: 0,0000709 seconds, Stopping threads took: 0,0000123 seconds
2017-01-09T21:47:32.303+0100: 2,723: Total time for which application threads were stopped: 0,0001171 seconds, Stopping threads took: 0,0000291 seconds
2017-01-09T21:47:32.321+0100: 2,741: Total time for which application threads were stopped: 0,0000780 seconds, Stopping threads took: 0,0000194 seconds
2017-01-09T21:47:32.328+0100: 2,748: Total time for which application threads were stopped: 0,0002862 seconds, Stopping threads took: 0,0000215 seconds
2017-01-09T21:47:32.335+0100: 2,755: Total time for which application threads were stopped: 0,0002747 seconds, Stopping threads took: 0,0000223 seconds
2017-01-09T21:47:32.351+0100: 2,771: Total time for which application threads were stopped: 0,0001068 seconds, Stopping threads took: 0,0000289 seconds
2017-01-09T21:47:32.377+0100: 2,797: Total time for which application threads were stopped: 0,0001802 seconds, Stopping threads took: 0,0000955 seconds
2017-01-09T21:47:32.395+0100: 2,815: Total time for which application threads were stopped: 0,0000795 seconds, Stopping threads took: 0,0000189 seconds
2017-01-09T21:47:32.409+0100: 2,829: Total time for which application threads were stopped: 0,0000892 seconds, Stopping threads took: 0,0000220 seconds
2017-01-09T21:47:32.438+0100: 2,858: Total time for which application threads were stopped: 0,0000820 seconds, Stopping threads took: 0,0000137 seconds
2017-01-09T21:47:32.472+0100: 2,893: Total time for which application threads were stopped: 0,0001547 seconds, Stopping threads took: 0,0000392 seconds
2017-01-09T21:47:32.524+0100: 2,944: Total time for which application threads were stopped: 0,0001314 seconds, Stopping threads took: 0,0000284 seconds
2017-01-09T21:47:32.570+0100: 2,990: Total time for which application threads were stopped: 0,0001452 seconds, Stopping threads took: 0,0000364 seconds
{Heap before GC invocations=2 (full 0):
 par new generation   total 109248K, used 100608K [0x00000000e0000000, 0x00000000e8000000, 0x00000000e8000000)
  eden space 87424K, 100% used [0x00000000e0000000, 0x00000000e5560000, 0x00000000e5560000)
  from space 21824K,  60% used [0x00000000e5560000, 0x00000000e62403c0, 0x00000000e6ab0000)
  to   space 21824K,   0% used [0x00000000e6ab0000, 0x00000000e6ab0000, 0x00000000e8000000)
 concurrent mark-sweep generation total 393216K, used 0K [0x00000000e8000000, 0x0000000100000000, 0x0000000100000000)
 Metaspace       used 24854K, capacity 25220K, committed 25536K, reserved 1071104K
  class space    used 2895K, capacity 3024K, committed 3064K, reserved 1048576K
2017-01-09T21:47:32.579+0100: 2,999: [GC (Allocation Failure) 2017-01-09T21:47:32.579+0100: 2,999: [ParNew
Desired survivor size 20112992 bytes, new threshold 8 (max 8)
- age   1:    6687800 bytes,    6687800 total
- age   2:     549536 bytes,    7237336 total
- age   3:    6082928 bytes,   13320264 total
: 100608K->14998K(109248K), 0,0120145 secs] 100608K->14998K(502464K), 0,0121107 secs] [Times: user=0,04 sys=0,00, real=0,01 secs] 
Heap after GC invocations=3 (full 0):
 par new generation   total 109248K, used 14998K [0x00000000e0000000, 0x00000000e8000000, 0x00000000e8000000)
  eden space 87424K,   0% used [0x00000000e0000000, 0x00000000e0000000, 0x00000000e5560000)
  from space 21824K,  68% used [0x00000000e6ab0000, 0x00000000e7955958, 0x00000000e8000000)
  to   space 21824K,   0% used [0x00000000e5560000, 0x00000000e5560000, 0x00000000e6ab0000)
 concurrent mark-sweep generation total 393216K, used 0K [0x00000000e8000000, 0x0000000100000000, 0x0000000100000000)
 Metaspace       used 24854K, capacity 25220K, committed 25536K, reserved 1071104K
  class space    used 2895K, capacity 3024K, committed 3064K, reserved 1048576K
}
2017-01-09T21:47:32.591+0100: 3,011: Total time for which application threads were stopped: 0,0123165 seconds, Stopping threads took: 0,0000516 seconds
2017-01-09T21:47:32.591+0100: 3,011: [GC (CMS Initial Mark) [1 CMS-initial-mark: 0K(393216K)] 14998K(502464K), 0,0033889 secs] [Times: user=0,01 sys=0,00, real=0,00 secs] 
2017-01-09T21:47:32.595+0100: 3,015: Total time for which application threads were stopped: 0,0035260 seconds, Stopping threads took: 0,0000495 seconds
2017-01-09T21:47:32.595+0100: 3,015: [CMS-concurrent-mark-start]
2017-01-09T21:47:32.596+0100: 3,016: [CMS-concurrent-mark: 0,001/0,001 secs] [Times: user=0,01 sys=0,00, real=0,00 secs] 
2017-01-09T21:47:32.596+0100: 3,016: [CMS-concurrent-preclean-start]
2017-01-09T21:47:32.597+0100: 3,017: [CMS-concurrent-preclean: 0,001/0,001 secs] [Times: user=0,00 sys=0,00, real=0,00 secs] 
2017-01-09T21:47:32.597+0100: 3,018: [GC (CMS Final Remark) [YG occupancy: 16402 K (109248 K)]{Heap before GC invocations=3 (full 1):
 par new generation   total 109248K, used 16402K [0x00000000e0000000, 0x00000000e8000000, 0x00000000e8000000)
  eden space 87424K,   1% used [0x00000000e0000000, 0x00000000e015f1a8, 0x00000000e5560000)
  from space 21824K,  68% used [0x00000000e6ab0000, 0x00000000e7955958, 0x00000000e8000000)
  to   space 21824K,   0% used [0x00000000e5560000, 0x00000000e5560000, 0x00000000e6ab0000)
 concurrent mark-sweep generation total 393216K, used 0K [0x00000000e8000000, 0x0000000100000000, 0x0000000100000000)
 Metaspace       used 24878K, capacity 25220K, committed 25536K, reserved 1071104K
  class space    used 2897K, capacity 3024K, committed 3064K, reserved 1048576K
2017-01-09T21:47:32.597+0100: 3,018: [GC (CMS Final Remark) 2017-01-09T21:47:32.598+0100: 3,018: [ParNew
Desired survivor size 20112992 bytes, new threshold 8 (max 8)
- age   1:      27000 bytes,      27000 total
- age   2:    3148520 bytes,    3175520 total
- age   3:     549536 bytes,    3725056 total
- age   4:    6082952 bytes,    9808008 total
: 16402K->13630K(109248K), 0,0132325 secs] 16402K->13630K(502464K), 0,0132809 secs] [Times: user=0,04 sys=0,00, real=0,02 secs] 
Heap after GC invocations=4 (full 1):
 par new generation   total 109248K, used 13630K [0x00000000e0000000, 0x00000000e8000000, 0x00000000e8000000)
  eden space 87424K,   0% used [0x00000000e0000000, 0x00000000e0000000, 0x00000000e5560000)
  from space 21824K,  62% used [0x00000000e5560000, 0x00000000e62af968, 0x00000000e6ab0000)
  to   space 21824K,   0% used [0x00000000e6ab0000, 0x00000000e6ab0000, 0x00000000e8000000)
 concurrent mark-sweep generation total 393216K, used 0K [0x00000000e8000000, 0x0000000100000000, 0x0000000100000000)
 Metaspace       used 24878K, capacity 25220K, committed 25536K, reserved 1071104K
  class space    used 2897K, capacity 3024K, committed 3064K, reserved 1048576K
}
2017-01-09T21:47:32.611+0100: 3,031: [Rescan (parallel) , 0,0036573 secs]2017-01-09T21:47:32.614+0100: 3,035: [weak refs processing, 0,0006262 secs]2017-01-09T21:47:32.615+0100: 3,035: [class unloading, 0,0032964 secs]2017-01-09T21:47:32.618+0100: 3,039: [scrub symbol table, 0,0034041 secs]2017-01-09T21:47:32.622+0100: 3,042: [scrub string table, 0,0003763 secs][1 CMS-remark: 0K(393216K)] 13630K(502464K), 0,0253967 secs] [Times: user=0,06 sys=0,01, real=0,03 secs] 
2017-01-09T21:47:32.623+0100: 3,043: Total time for which application threads were stopped: 0,0255277 seconds, Stopping threads took: 0,0000464 seconds
2017-01-09T21:47:32.624+0100: 3,045: [CMS-concurrent-sweep-start]
2017-01-09T21:47:32.624+0100: 3,045: [CMS-concurrent-sweep: 0,000/0,000 secs] [Times: user=0,00 sys=0,00, real=0,00 secs] 
2017-01-09T21:47:32.624+0100: 3,045: [CMS-concurrent-reset-start]
2017-01-09T21:47:32.627+0100: 3,047: [CMS-concurrent-reset: 0,002/0,002 secs] [Times: user=0,01 sys=0,00, real=0,01 secs] 
2017-01-09T21:47:32.686+0100: 3,107: Total time for which application threads were stopped: 0,0004521 seconds, Stopping threads took: 0,0000357 seconds
2017-01-09T21:47:33.638+0100: 4,059: Total time for which application threads were stopped: 0,0003111 seconds, Stopping threads took: 0,0000169 seconds
2017-01-09T21:48:01.641+0100: 32,061: Total time for which application threads were stopped: 0,0000565 seconds, Stopping threads took: 0,0000145 seconds
2017-01-09T21:50:16.658+0100: 167,078: Total time for which application threads were stopped: 0,0001382 seconds, Stopping threads took: 0,0000571 seconds
2017-01-09T21:50:30.660+0100: 181,080: Total time for which application threads were stopped: 0,0000777 seconds, Stopping threads took: 0,0000170 seconds
2017-01-09T21:51:11.665+0100: 222,086: Total time for which application threads were stopped: 0,0000741 seconds, Stopping threads took: 0,0000325 seconds
2017-01-09T21:52:00.672+0100: 271,092: Total time for which application threads were stopped: 0,0000846 seconds, Stopping threads took: 0,0000361 seconds
2017-01-09T21:52:16.674+0100: 287,094: Total time for which application threads were stopped: 0,0001426 seconds, Stopping threads took: 0,0000392 seconds
2017-01-09T21:52:35.676+0100: 306,096: Total time for which application threads were stopped: 0,0000835 seconds, Stopping threads took: 0,0000343 seconds
2017-01-09T21:52:51.678+0100: 322,098: Total time for which application threads were stopped: 0,0001394 seconds, Stopping threads took: 0,0000356 seconds
2017-01-09T21:53:30.684+0100: 361,104: Total time for which application threads were stopped: 0,0000746 seconds, Stopping threads took: 0,0000315 seconds
2017-01-09T21:54:30.692+0100: 421,112: Total time for which application threads were stopped: 0,0000888 seconds, Stopping threads took: 0,0000362 seconds
2017-01-09T21:58:11.722+0100: 642,142: Total time for which application threads were stopped: 0,0000857 seconds, Stopping threads took: 0,0000379 seconds
2017-01-09T22:11:10.820+0100: 1421,240: Total time for which application threads were stopped: 0,0000958 seconds, Stopping threads took: 0,0000353 seconds
2017-01-09T22:14:56.851+0100: 1647,271: Total time for which application threads were stopped: 0,0000782 seconds, Stopping threads took: 0,0000303 seconds
2017-01-09T22:15:35.857+0100: 1686,277: Total time for which application threads were stopped: 0,0001261 seconds, Stopping threads took: 0,0000473 seconds
2017-01-09T22:26:10.939+0100: 2321,360: Total time for which application threads were stopped: 0,0000722 seconds, Stopping threads took: 0,0000292 seconds
2017-01-09T22:26:11.940+0100: 2322,360: Total time for which application threads were stopped: 0,0000973 seconds, Stopping threads took: 0,0000237 seconds
2017-01-09T22:40:47.040+0100: 3197,460: Total time for which application threads were stopped: 0,0000830 seconds, Stopping threads took: 0,0000374 seconds
2017-01-09T22:51:31.112+0100: 3841,532: Total time for which application threads were stopped: 0,0001066 seconds, Stopping threads took: 0,0000380 seconds
2017-01-09T22:54:31.127+0100: 4021,547: Total time for which application threads were stopped: 0,0000716 seconds, Stopping threads took: 0,0000295 seconds
2017-01-09T23:31:27.385+0100: 6237,805: Total time for which application threads were stopped: 0,0000925 seconds, Stopping threads took: 0,0000401 seconds
2017-01-09T23:32:42.393+0100: 6312,814: Total time for which application threads were stopped: 0,0000731 seconds, Stopping threads took: 0,0000309 seconds
2017-01-09T23:53:01.534+0100: 7531,954: Total time for which application threads were stopped: 0,0000738 seconds, Stopping threads took: 0,0000299 seconds
2017-01-09T23:55:31.549+0100: 7681,970: Total time for which application threads were stopped: 0,0000764 seconds, Stopping threads took: 0,0000321 seconds
2017-01-10T00:37:01.144+0100: 10171,564: Total time for which application threads were stopped: 0,0001328 seconds, Stopping threads took: 0,0000268 seconds
Heap
 par new generation   total 109248K, used 57090K [0x00000000e0000000, 0x00000000e8000000, 0x00000000e8000000)
  eden space 87424K,  49% used [0x00000000e0000000, 0x00000000e2a71070, 0x00000000e5560000)
  from space 21824K,  62% used [0x00000000e5560000, 0x00000000e62af968, 0x00000000e6ab0000)
  to   space 21824K,   0% used [0x00000000e6ab0000, 0x00000000e6ab0000, 0x00000000e8000000)
 concurrent mark-sweep generation total 393216K, used 0K [0x00000000e8000000, 0x0000000100000000, 0x0000000100000000)
 Metaspace       used 27260K, capacity 27728K, committed 27840K, reserved 1073152K
  class space    used 3166K, capacity 3320K, committed 3320K, reserved 1048576K
