OpenJDK 64-Bit Server VM (25.111-b14) for linux-amd64 JRE (1.8.0_111-8u111-b14-2ubuntu0.16.04.2-b14), built on Oct 27 2016 18:10:19 by "buildd" with gcc 5.4.0 20160609
Memory: 4k page, physical 7867804k(7513004k free), swap 8076284k(8076284k free)
CommandLine flags: -XX:CMSInitiatingOccupancyFraction=50 -XX:CMSMaxAbortablePrecleanTime=6000 -XX:+CMSParallelRemarkEnabled -XX:+CMSScavengeBeforeRemark -XX:ConcGCThreads=4 -XX:InitialHeapSize=536870912 -XX:MaxHeapSize=536870912 -XX:MaxTenuringThreshold=8 -XX:NewRatio=3 -XX:OldPLABSize=16 -XX:OnOutOfMemoryError=/opt/solr/bin/oom_solr.sh 8983 /var/solr/logs -XX:ParallelGCThreads=4 -XX:+ParallelRefProcEnabled -XX:PretenureSizeThreshold=67108864 -XX:+PrintGC -XX:+PrintGCApplicationStoppedTime -XX:+PrintGCDateStamps -XX:+PrintGCDetails -XX:+PrintGCTimeStamps -XX:+PrintHeapAtGC -XX:+PrintTenuringDistribution -XX:SurvivorRatio=4 -XX:TargetSurvivorRatio=90 -XX:ThreadStackSize=256 -XX:+UseCMSInitiatingOccupancyOnly -XX:+UseCompressedClassPointers -XX:+UseCompressedOops -XX:+UseConcMarkSweepGC -XX:+UseParNewGC 
2017-01-13T08:43:25.736+0100: 0,119: Total time for which application threads were stopped: 0,0000756 seconds, Stopping threads took: 0,0000131 seconds
2017-01-13T08:43:25.813+0100: 0,197: Total time for which application threads were stopped: 0,0001201 seconds, Stopping threads took: 0,0000198 seconds
2017-01-13T08:43:25.824+0100: 0,208: Total time for which application threads were stopped: 0,0000750 seconds, Stopping threads took: 0,0000113 seconds
2017-01-13T08:43:26.024+0100: 0,407: Total time for which application threads were stopped: 0,0001115 seconds, Stopping threads took: 0,0000092 seconds
2017-01-13T08:43:26.498+0100: 0,881: Total time for which application threads were stopped: 0,0001747 seconds, Stopping threads took: 0,0000206 seconds
2017-01-13T08:43:26.626+0100: 1,009: Total time for which application threads were stopped: 0,0001629 seconds, Stopping threads took: 0,0000205 seconds
2017-01-13T08:43:26.644+0100: 1,028: Total time for which application threads were stopped: 0,0001665 seconds, Stopping threads took: 0,0000221 seconds
2017-01-13T08:43:26.896+0100: 1,279: Total time for which application threads were stopped: 0,0001870 seconds, Stopping threads took: 0,0000348 seconds
2017-01-13T08:43:27.107+0100: 1,490: Total time for which application threads were stopped: 0,0012927 seconds, Stopping threads took: 0,0001415 seconds
2017-01-13T08:43:27.133+0100: 1,516: Total time for which application threads were stopped: 0,0001797 seconds, Stopping threads took: 0,0000170 seconds
2017-01-13T08:43:27.134+0100: 1,517: Total time for which application threads were stopped: 0,0001070 seconds, Stopping threads took: 0,0000176 seconds
2017-01-13T08:43:27.148+0100: 1,532: Total time for which application threads were stopped: 0,0001716 seconds, Stopping threads took: 0,0000235 seconds
2017-01-13T08:43:27.245+0100: 1,628: Total time for which application threads were stopped: 0,0015164 seconds, Stopping threads took: 0,0001271 seconds
2017-01-13T08:43:27.430+0100: 1,814: Total time for which application threads were stopped: 0,0002320 seconds, Stopping threads took: 0,0000413 seconds
{Heap before GC invocations=0 (full 0):
 par new generation   total 109248K, used 87424K [0x00000000e0000000, 0x00000000e8000000, 0x00000000e8000000)
  eden space 87424K, 100% used [0x00000000e0000000, 0x00000000e5560000, 0x00000000e5560000)
  from space 21824K,   0% used [0x00000000e5560000, 0x00000000e5560000, 0x00000000e6ab0000)
  to   space 21824K,   0% used [0x00000000e6ab0000, 0x00000000e6ab0000, 0x00000000e8000000)
 concurrent mark-sweep generation total 393216K, used 0K [0x00000000e8000000, 0x0000000100000000, 0x0000000100000000)
 Metaspace       used 18348K, capacity 18686K, committed 18944K, reserved 1067008K
  class space    used 2090K, capacity 2226K, committed 2304K, reserved 1048576K
2017-01-13T08:43:27.557+0100: 1,940: [GC (Allocation Failure) 2017-01-13T08:43:27.557+0100: 1,940: [ParNew
Desired survivor size 20112992 bytes, new threshold 8 (max 8)
- age   1:   12573088 bytes,   12573088 total
: 87424K->12398K(109248K), 0,0162967 secs] 87424K->12398K(502464K), 0,0163899 secs] [Times: user=0,03 sys=0,03, real=0,01 secs] 
Heap after GC invocations=1 (full 0):
 par new generation   total 109248K, used 12398K [0x00000000e0000000, 0x00000000e8000000, 0x00000000e8000000)
  eden space 87424K,   0% used [0x00000000e0000000, 0x00000000e0000000, 0x00000000e5560000)
  from space 21824K,  56% used [0x00000000e6ab0000, 0x00000000e76cb940, 0x00000000e8000000)
  to   space 21824K,   0% used [0x00000000e5560000, 0x00000000e5560000, 0x00000000e6ab0000)
 concurrent mark-sweep generation total 393216K, used 0K [0x00000000e8000000, 0x0000000100000000, 0x0000000100000000)
 Metaspace       used 18348K, capacity 18686K, committed 18944K, reserved 1067008K
  class space    used 2090K, capacity 2226K, committed 2304K, reserved 1048576K
}
2017-01-13T08:43:27.573+0100: 1,957: Total time for which application threads were stopped: 0,0166395 seconds, Stopping threads took: 0,0000199 seconds
2017-01-13T08:43:27.706+0100: 2,090: Total time for which application threads were stopped: 0,0002827 seconds, Stopping threads took: 0,0000318 seconds
2017-01-13T08:43:27.736+0100: 2,119: Total time for which application threads were stopped: 0,0002578 seconds, Stopping threads took: 0,0000217 seconds
2017-01-13T08:43:27.759+0100: 2,143: Total time for which application threads were stopped: 0,0004015 seconds, Stopping threads took: 0,0001744 seconds
{Heap before GC invocations=1 (full 0):
 par new generation   total 109248K, used 99822K [0x00000000e0000000, 0x00000000e8000000, 0x00000000e8000000)
  eden space 87424K, 100% used [0x00000000e0000000, 0x00000000e5560000, 0x00000000e5560000)
  from space 21824K,  56% used [0x00000000e6ab0000, 0x00000000e76cb940, 0x00000000e8000000)
  to   space 21824K,   0% used [0x00000000e5560000, 0x00000000e5560000, 0x00000000e6ab0000)
 concurrent mark-sweep generation total 393216K, used 0K [0x00000000e8000000, 0x0000000100000000, 0x0000000100000000)
 Metaspace       used 20711K, capacity 21020K, committed 21248K, reserved 1069056K
  class space    used 2403K, capacity 2518K, committed 2560K, reserved 1048576K
2017-01-13T08:43:27.931+0100: 2,315: [GC (Allocation Failure) 2017-01-13T08:43:27.932+0100: 2,315: [ParNew
Desired survivor size 20112992 bytes, new threshold 8 (max 8)
- age   1:    3116536 bytes,    3116536 total
- age   2:    6138056 bytes,    9254592 total
: 99822K->11376K(109248K), 0,0128116 secs] 99822K->11376K(502464K), 0,0128809 secs] [Times: user=0,05 sys=0,00, real=0,02 secs] 
Heap after GC invocations=2 (full 0):
 par new generation   total 109248K, used 11376K [0x00000000e0000000, 0x00000000e8000000, 0x00000000e8000000)
  eden space 87424K,   0% used [0x00000000e0000000, 0x00000000e0000000, 0x00000000e5560000)
  from space 21824K,  52% used [0x00000000e5560000, 0x00000000e607c0f0, 0x00000000e6ab0000)
  to   space 21824K,   0% used [0x00000000e6ab0000, 0x00000000e6ab0000, 0x00000000e8000000)
 concurrent mark-sweep generation total 393216K, used 0K [0x00000000e8000000, 0x0000000100000000, 0x0000000100000000)
 Metaspace       used 20711K, capacity 21020K, committed 21248K, reserved 1069056K
  class space    used 2403K, capacity 2518K, committed 2560K, reserved 1048576K
}
2017-01-13T08:43:27.944+0100: 2,328: Total time for which application threads were stopped: 0,0130625 seconds, Stopping threads took: 0,0000242 seconds
2017-01-13T08:43:28.001+0100: 2,384: Total time for which application threads were stopped: 0,0000844 seconds, Stopping threads took: 0,0000146 seconds
2017-01-13T08:43:28.032+0100: 2,415: Total time for which application threads were stopped: 0,0000823 seconds, Stopping threads took: 0,0000164 seconds
2017-01-13T08:43:28.032+0100: 2,416: Total time for which application threads were stopped: 0,0002474 seconds, Stopping threads took: 0,0000193 seconds
2017-01-13T08:43:28.057+0100: 2,440: Total time for which application threads were stopped: 0,0000688 seconds, Stopping threads took: 0,0000127 seconds
2017-01-13T08:43:28.129+0100: 2,513: Total time for which application threads were stopped: 0,0001388 seconds, Stopping threads took: 0,0000226 seconds
2017-01-13T08:43:28.148+0100: 2,532: Total time for which application threads were stopped: 0,0001027 seconds, Stopping threads took: 0,0000248 seconds
2017-01-13T08:43:28.156+0100: 2,540: Total time for which application threads were stopped: 0,0002813 seconds, Stopping threads took: 0,0000148 seconds
2017-01-13T08:43:28.164+0100: 2,547: Total time for which application threads were stopped: 0,0002650 seconds, Stopping threads took: 0,0000151 seconds
2017-01-13T08:43:28.171+0100: 2,555: Total time for which application threads were stopped: 0,0000968 seconds, Stopping threads took: 0,0000305 seconds
2017-01-13T08:43:28.198+0100: 2,582: Total time for which application threads were stopped: 0,0001013 seconds, Stopping threads took: 0,0000290 seconds
2017-01-13T08:43:28.215+0100: 2,598: Total time for which application threads were stopped: 0,0000755 seconds, Stopping threads took: 0,0000143 seconds
2017-01-13T08:43:28.233+0100: 2,616: Total time for which application threads were stopped: 0,0000770 seconds, Stopping threads took: 0,0000135 seconds
2017-01-13T08:43:28.253+0100: 2,636: Total time for which application threads were stopped: 0,0000879 seconds, Stopping threads took: 0,0000167 seconds
2017-01-13T08:43:28.290+0100: 2,673: Total time for which application threads were stopped: 0,0001474 seconds, Stopping threads took: 0,0000265 seconds
2017-01-13T08:43:28.349+0100: 2,733: Total time for which application threads were stopped: 0,0001472 seconds, Stopping threads took: 0,0000777 seconds
2017-01-13T08:43:28.373+0100: 2,757: Total time for which application threads were stopped: 0,0001311 seconds, Stopping threads took: 0,0000368 seconds
{Heap before GC invocations=2 (full 0):
 par new generation   total 109248K, used 98800K [0x00000000e0000000, 0x00000000e8000000, 0x00000000e8000000)
  eden space 87424K, 100% used [0x00000000e0000000, 0x00000000e5560000, 0x00000000e5560000)
  from space 21824K,  52% used [0x00000000e5560000, 0x00000000e607c0f0, 0x00000000e6ab0000)
  to   space 21824K,   0% used [0x00000000e6ab0000, 0x00000000e6ab0000, 0x00000000e8000000)
 concurrent mark-sweep generation total 393216K, used 0K [0x00000000e8000000, 0x0000000100000000, 0x0000000100000000)
 Metaspace       used 24826K, capacity 25221K, committed 25536K, reserved 1071104K
  class space    used 2896K, capacity 3025K, committed 3092K, reserved 1048576K
2017-01-13T08:43:28.384+0100: 2,768: [GC (Allocation Failure) 2017-01-13T08:43:28.384+0100: 2,768: [ParNew
Desired survivor size 20112992 bytes, new threshold 8 (max 8)
- age   1:    6700552 bytes,    6700552 total
- age   2:     507000 bytes,    7207552 total
- age   3:    6119240 bytes,   13326792 total
: 98800K->19516K(109248K), 0,0123503 secs] 98800K->19516K(502464K), 0,0124277 secs] [Times: user=0,04 sys=0,00, real=0,01 secs] 
Heap after GC invocations=3 (full 0):
 par new generation   total 109248K, used 19516K [0x00000000e0000000, 0x00000000e8000000, 0x00000000e8000000)
  eden space 87424K,   0% used [0x00000000e0000000, 0x00000000e0000000, 0x00000000e5560000)
  from space 21824K,  89% used [0x00000000e6ab0000, 0x00000000e7dbf3b0, 0x00000000e8000000)
  to   space 21824K,   0% used [0x00000000e5560000, 0x00000000e5560000, 0x00000000e6ab0000)
 concurrent mark-sweep generation total 393216K, used 0K [0x00000000e8000000, 0x0000000100000000, 0x0000000100000000)
 Metaspace       used 24826K, capacity 25221K, committed 25536K, reserved 1071104K
  class space    used 2896K, capacity 3025K, committed 3092K, reserved 1048576K
}
2017-01-13T08:43:28.397+0100: 2,780: Total time for which application threads were stopped: 0,0125798 seconds, Stopping threads took: 0,0000236 seconds
2017-01-13T08:43:28.397+0100: 2,780: [GC (CMS Initial Mark) [1 CMS-initial-mark: 0K(393216K)] 20905K(502464K), 0,0036757 secs] [Times: user=0,01 sys=0,00, real=0,00 secs] 
2017-01-13T08:43:28.401+0100: 2,784: Total time for which application threads were stopped: 0,0037858 seconds, Stopping threads took: 0,0000349 seconds
2017-01-13T08:43:28.401+0100: 2,784: [CMS-concurrent-mark-start]
2017-01-13T08:43:28.401+0100: 2,785: [CMS-concurrent-mark: 0,000/0,000 secs] [Times: user=0,00 sys=0,00, real=0,00 secs] 
2017-01-13T08:43:28.401+0100: 2,785: [CMS-concurrent-preclean-start]
2017-01-13T08:43:28.402+0100: 2,786: [CMS-concurrent-preclean: 0,001/0,001 secs] [Times: user=0,00 sys=0,00, real=0,00 secs] 
2017-01-13T08:43:28.402+0100: 2,786: [GC (CMS Final Remark) [YG occupancy: 20905 K (109248 K)]{Heap before GC invocations=3 (full 1):
 par new generation   total 109248K, used 20905K [0x00000000e0000000, 0x00000000e8000000, 0x00000000e8000000)
  eden space 87424K,   1% used [0x00000000e0000000, 0x00000000e015b420, 0x00000000e5560000)
  from space 21824K,  89% used [0x00000000e6ab0000, 0x00000000e7dbf3b0, 0x00000000e8000000)
  to   space 21824K,   0% used [0x00000000e5560000, 0x00000000e5560000, 0x00000000e6ab0000)
 concurrent mark-sweep generation total 393216K, used 0K [0x00000000e8000000, 0x0000000100000000, 0x0000000100000000)
 Metaspace       used 24826K, capacity 25221K, committed 25536K, reserved 1071104K
  class space    used 2896K, capacity 3025K, committed 3092K, reserved 1048576K
2017-01-13T08:43:28.402+0100: 2,786: [GC (CMS Final Remark) 2017-01-13T08:43:28.402+0100: 2,786: [ParNew
Desired survivor size 20112992 bytes, new threshold 8 (max 8)
- age   1:        216 bytes,        216 total
- age   2:    3158480 bytes,    3158696 total
- age   3:     507000 bytes,    3665696 total
- age   4:    6119248 bytes,    9784944 total
: 20905K->10573K(109248K), 0,0090447 secs] 20905K->10573K(502464K), 0,0090855 secs] [Times: user=0,04 sys=0,00, real=0,01 secs] 
Heap after GC invocations=4 (full 1):
 par new generation   total 109248K, used 10573K [0x00000000e0000000, 0x00000000e8000000, 0x00000000e8000000)
  eden space 87424K,   0% used [0x00000000e0000000, 0x00000000e0000000, 0x00000000e5560000)
  from space 21824K,  48% used [0x00000000e5560000, 0x00000000e5fb35a0, 0x00000000e6ab0000)
  to   space 21824K,   0% used [0x00000000e6ab0000, 0x00000000e6ab0000, 0x00000000e8000000)
 concurrent mark-sweep generation total 393216K, used 0K [0x00000000e8000000, 0x0000000100000000, 0x0000000100000000)
 Metaspace       used 24826K, capacity 25221K, committed 25536K, reserved 1071104K
  class space    used 2896K, capacity 3025K, committed 3092K, reserved 1048576K
}
2017-01-13T08:43:28.411+0100: 2,795: [Rescan (parallel) , 0,0036308 secs]2017-01-13T08:43:28.415+0100: 2,799: [weak refs processing, 0,0005190 secs]2017-01-13T08:43:28.416+0100: 2,799: [class unloading, 0,0031070 secs]2017-01-13T08:43:28.419+0100: 2,802: [scrub symbol table, 0,0032054 secs]2017-01-13T08:43:28.422+0100: 2,805: [scrub string table, 0,0003746 secs][1 CMS-remark: 0K(393216K)] 10573K(502464K), 0,0206303 secs] [Times: user=0,06 sys=0,00, real=0,03 secs] 
2017-01-13T08:43:28.423+0100: 2,806: Total time for which application threads were stopped: 0,0207315 seconds, Stopping threads took: 0,0000223 seconds
2017-01-13T08:43:28.423+0100: 2,806: [CMS-concurrent-sweep-start]
2017-01-13T08:43:28.423+0100: 2,806: [CMS-concurrent-sweep: 0,000/0,000 secs] [Times: user=0,00 sys=0,00, real=0,00 secs] 
2017-01-13T08:43:28.423+0100: 2,807: [CMS-concurrent-reset-start]
2017-01-13T08:43:28.425+0100: 2,809: [CMS-concurrent-reset: 0,002/0,002 secs] [Times: user=0,00 sys=0,00, real=0,00 secs] 
2017-01-13T08:43:28.474+0100: 2,858: Total time for which application threads were stopped: 0,0003290 seconds, Stopping threads took: 0,0000250 seconds
2017-01-13T08:43:28.488+0100: 2,871: Total time for which application threads were stopped: 0,0002926 seconds, Stopping threads took: 0,0000219 seconds
2017-01-13T08:43:29.488+0100: 3,872: Total time for which application threads were stopped: 0,0000992 seconds, Stopping threads took: 0,0000298 seconds
2017-01-13T08:43:29.666+0100: 4,049: Total time for which application threads were stopped: 0,0003165 seconds, Stopping threads took: 0,0000177 seconds
2017-01-13T08:43:57.669+0100: 32,052: Total time for which application threads were stopped: 0,0000627 seconds, Stopping threads took: 0,0000180 seconds
2017-01-13T08:46:07.685+0100: 162,068: Total time for which application threads were stopped: 0,0002365 seconds, Stopping threads took: 0,0001208 seconds
2017-01-13T08:46:12.686+0100: 167,069: Total time for which application threads were stopped: 0,0002141 seconds, Stopping threads took: 0,0000559 seconds
2017-01-13T08:47:07.693+0100: 222,076: Total time for which application threads were stopped: 0,0005483 seconds, Stopping threads took: 0,0002255 seconds
2017-01-13T08:47:41.696+0100: 256,080: Total time for which application threads were stopped: 0,0000704 seconds, Stopping threads took: 0,0000291 seconds
2017-01-13T08:47:51.697+0100: 266,080: Total time for which application threads were stopped: 0,0000645 seconds, Stopping threads took: 0,0000201 seconds
2017-01-13T08:48:01.698+0100: 276,081: Total time for which application threads were stopped: 0,0000864 seconds, Stopping threads took: 0,0000261 seconds
2017-01-13T08:48:07.699+0100: 282,082: Total time for which application threads were stopped: 0,0000624 seconds, Stopping threads took: 0,0000187 seconds
2017-01-13T08:48:12.699+0100: 287,083: Total time for which application threads were stopped: 0,0000781 seconds, Stopping threads took: 0,0000312 seconds
2017-01-13T08:48:47.702+0100: 322,086: Total time for which application threads were stopped: 0,0000772 seconds, Stopping threads took: 0,0000345 seconds
2017-01-13T09:07:06.843+0100: 1421,226: Total time for which application threads were stopped: 0,0001340 seconds, Stopping threads took: 0,0000447 seconds
2017-01-13T09:10:52.867+0100: 1647,251: Total time for which application threads were stopped: 0,0000733 seconds, Stopping threads took: 0,0000333 seconds
2017-01-13T09:12:16.876+0100: 1731,259: Total time for which application threads were stopped: 0,0003989 seconds, Stopping threads took: 0,0001584 seconds
2017-01-13T09:22:31.937+0100: 2346,320: Total time for which application threads were stopped: 0,0000863 seconds, Stopping threads took: 0,0000335 seconds
2017-01-13T09:22:32.937+0100: 2347,320: Total time for which application threads were stopped: 0,0000637 seconds, Stopping threads took: 0,0000146 seconds
2017-01-13T09:22:55.254+0100: 2369,637: Total time for which application threads were stopped: 0,0001707 seconds, Stopping threads took: 0,0000239 seconds
Heap
 par new generation   total 109248K, used 56333K [0x00000000e0000000, 0x00000000e8000000, 0x00000000e8000000)
  eden space 87424K,  52% used [0x00000000e0000000, 0x00000000e2cafec8, 0x00000000e5560000)
  from space 21824K,  48% used [0x00000000e5560000, 0x00000000e5fb35a0, 0x00000000e6ab0000)
  to   space 21824K,   0% used [0x00000000e6ab0000, 0x00000000e6ab0000, 0x00000000e8000000)
 concurrent mark-sweep generation total 393216K, used 0K [0x00000000e8000000, 0x0000000100000000, 0x0000000100000000)
 Metaspace       used 27218K, capacity 27661K, committed 27924K, reserved 1073152K
  class space    used 3169K, capacity 3321K, committed 3348K, reserved 1048576K
