OpenJDK 64-Bit Server VM (25.131-b11) for linux-amd64 JRE (1.8.0_131-8u131-b11-0ubuntu1.16.04.2-b11), built on May  6 2017 02:45:27 by "buildd" with gcc 5.4.0 20160609
Memory: 4k page, physical 7867740k(7416692k free), swap 8076284k(8076284k free)
CommandLine flags: -XX:CMSInitiatingOccupancyFraction=50 -XX:CMSMaxAbortablePrecleanTime=6000 -XX:+CMSParallelRemarkEnabled -XX:+CMSScavengeBeforeRemark -XX:ConcGCThreads=4 -XX:InitialHeapSize=536870912 -XX:MaxHeapSize=536870912 -XX:MaxTenuringThreshold=8 -XX:NewRatio=3 -XX:OldPLABSize=16 -XX:OnOutOfMemoryError=/opt/solr/bin/oom_solr.sh 8983 /var/solr/logs -XX:ParallelGCThreads=4 -XX:+ParallelRefProcEnabled -XX:PretenureSizeThreshold=67108864 -XX:+PrintGC -XX:+PrintGCApplicationStoppedTime -XX:+PrintGCDateStamps -XX:+PrintGCDetails -XX:+PrintGCTimeStamps -XX:+PrintHeapAtGC -XX:+PrintTenuringDistribution -XX:SurvivorRatio=4 -XX:TargetSurvivorRatio=90 -XX:ThreadStackSize=256 -XX:+UseCMSInitiatingOccupancyOnly -XX:+UseCompressedClassPointers -XX:+UseCompressedOops -XX:+UseConcMarkSweepGC -XX:+UseParNewGC 
2017-06-09T16:38:11.444+0200: 0,152: Total time for which application threads were stopped: 0,0000797 seconds, Stopping threads took: 0,0000137 seconds
2017-06-09T16:38:11.554+0200: 0,262: Total time for which application threads were stopped: 0,0001428 seconds, Stopping threads took: 0,0000185 seconds
2017-06-09T16:38:11.575+0200: 0,283: Total time for which application threads were stopped: 0,0000773 seconds, Stopping threads took: 0,0000154 seconds
2017-06-09T16:38:11.949+0200: 0,657: Total time for which application threads were stopped: 0,0001544 seconds, Stopping threads took: 0,0000230 seconds
2017-06-09T16:38:12.383+0200: 1,091: Total time for which application threads were stopped: 0,0001656 seconds, Stopping threads took: 0,0000242 seconds
2017-06-09T16:38:12.457+0200: 1,165: Total time for which application threads were stopped: 0,0002112 seconds, Stopping threads took: 0,0000189 seconds
2017-06-09T16:38:12.478+0200: 1,186: Total time for which application threads were stopped: 0,0011029 seconds, Stopping threads took: 0,0001374 seconds
2017-06-09T16:38:12.831+0200: 1,539: Total time for which application threads were stopped: 0,0001815 seconds, Stopping threads took: 0,0000180 seconds
2017-06-09T16:38:13.053+0200: 1,761: Total time for which application threads were stopped: 0,0002377 seconds, Stopping threads took: 0,0000264 seconds
2017-06-09T16:38:13.073+0200: 1,781: Total time for which application threads were stopped: 0,0006047 seconds, Stopping threads took: 0,0000318 seconds
2017-06-09T16:38:13.106+0200: 1,815: Total time for which application threads were stopped: 0,0015791 seconds, Stopping threads took: 0,0000825 seconds
2017-06-09T16:38:13.108+0200: 1,817: Total time for which application threads were stopped: 0,0004336 seconds, Stopping threads took: 0,0000225 seconds
2017-06-09T16:38:13.121+0200: 1,829: Total time for which application threads were stopped: 0,0001809 seconds, Stopping threads took: 0,0000170 seconds
2017-06-09T16:38:13.185+0200: 1,893: Total time for which application threads were stopped: 0,0002234 seconds, Stopping threads took: 0,0000259 seconds
2017-06-09T16:38:13.349+0200: 2,057: Total time for which application threads were stopped: 0,0003000 seconds, Stopping threads took: 0,0000562 seconds
{Heap before GC invocations=0 (full 0):
 par new generation   total 109248K, used 87424K [0x00000000e0000000, 0x00000000e8000000, 0x00000000e8000000)
  eden space 87424K, 100% used [0x00000000e0000000, 0x00000000e5560000, 0x00000000e5560000)
  from space 21824K,   0% used [0x00000000e5560000, 0x00000000e5560000, 0x00000000e6ab0000)
  to   space 21824K,   0% used [0x00000000e6ab0000, 0x00000000e6ab0000, 0x00000000e8000000)
 concurrent mark-sweep generation total 393216K, used 0K [0x00000000e8000000, 0x0000000100000000, 0x0000000100000000)
 Metaspace       used 18204K, capacity 18464K, committed 18688K, reserved 1064960K
  class space    used 2059K, capacity 2196K, committed 2304K, reserved 1048576K
2017-06-09T16:38:13.462+0200: 2,170: [GC (Allocation Failure) 2017-06-09T16:38:13.462+0200: 2,171: [ParNew
Desired survivor size 20112992 bytes, new threshold 8 (max 8)
- age   1:   12826240 bytes,   12826240 total
: 87424K->12633K(109248K), 0,0161028 secs] 87424K->12633K(502464K), 0,0161895 secs] [Times: user=0,05 sys=0,01, real=0,02 secs] 
Heap after GC invocations=1 (full 0):
 par new generation   total 109248K, used 12633K [0x00000000e0000000, 0x00000000e8000000, 0x00000000e8000000)
  eden space 87424K,   0% used [0x00000000e0000000, 0x00000000e0000000, 0x00000000e5560000)
  from space 21824K,  57% used [0x00000000e6ab0000, 0x00000000e77067c0, 0x00000000e8000000)
  to   space 21824K,   0% used [0x00000000e5560000, 0x00000000e5560000, 0x00000000e6ab0000)
 concurrent mark-sweep generation total 393216K, used 0K [0x00000000e8000000, 0x0000000100000000, 0x0000000100000000)
 Metaspace       used 18204K, capacity 18464K, committed 18688K, reserved 1064960K
  class space    used 2059K, capacity 2196K, committed 2304K, reserved 1048576K
}
2017-06-09T16:38:13.479+0200: 2,187: Total time for which application threads were stopped: 0,0163947 seconds, Stopping threads took: 0,0000200 seconds
2017-06-09T16:38:13.779+0200: 2,488: Total time for which application threads were stopped: 0,0003240 seconds, Stopping threads took: 0,0000378 seconds
{Heap before GC invocations=1 (full 0):
 par new generation   total 109248K, used 100057K [0x00000000e0000000, 0x00000000e8000000, 0x00000000e8000000)
  eden space 87424K, 100% used [0x00000000e0000000, 0x00000000e5560000, 0x00000000e5560000)
  from space 21824K,  57% used [0x00000000e6ab0000, 0x00000000e77067c0, 0x00000000e8000000)
  to   space 21824K,   0% used [0x00000000e5560000, 0x00000000e5560000, 0x00000000e6ab0000)
 concurrent mark-sweep generation total 393216K, used 0K [0x00000000e8000000, 0x0000000100000000, 0x0000000100000000)
 Metaspace       used 20050K, capacity 20366K, committed 20736K, reserved 1067008K
  class space    used 2297K, capacity 2471K, committed 2560K, reserved 1048576K
2017-06-09T16:38:13.830+0200: 2,538: [GC (Allocation Failure) 2017-06-09T16:38:13.830+0200: 2,538: [ParNew
Desired survivor size 20112992 bytes, new threshold 8 (max 8)
- age   1:    3569776 bytes,    3569776 total
- age   2:    6696144 bytes,   10265920 total
: 100057K->13909K(109248K), 0,0142806 secs] 100057K->13909K(502464K), 0,0143765 secs] [Times: user=0,05 sys=0,00, real=0,01 secs] 
Heap after GC invocations=2 (full 0):
 par new generation   total 109248K, used 13909K [0x00000000e0000000, 0x00000000e8000000, 0x00000000e8000000)
  eden space 87424K,   0% used [0x00000000e0000000, 0x00000000e0000000, 0x00000000e5560000)
  from space 21824K,  63% used [0x00000000e5560000, 0x00000000e62f5588, 0x00000000e6ab0000)
  to   space 21824K,   0% used [0x00000000e6ab0000, 0x00000000e6ab0000, 0x00000000e8000000)
 concurrent mark-sweep generation total 393216K, used 0K [0x00000000e8000000, 0x0000000100000000, 0x0000000100000000)
 Metaspace       used 20050K, capacity 20366K, committed 20736K, reserved 1067008K
  class space    used 2297K, capacity 2471K, committed 2560K, reserved 1048576K
}
2017-06-09T16:38:13.844+0200: 2,553: Total time for which application threads were stopped: 0,0146338 seconds, Stopping threads took: 0,0000795 seconds
2017-06-09T16:38:13.846+0200: 2,554: Total time for which application threads were stopped: 0,0003420 seconds, Stopping threads took: 0,0000387 seconds
2017-06-09T16:38:13.882+0200: 2,590: Total time for which application threads were stopped: 0,0019426 seconds, Stopping threads took: 0,0016440 seconds
2017-06-09T16:38:14.013+0200: 2,721: Total time for which application threads were stopped: 0,0004681 seconds, Stopping threads took: 0,0003148 seconds
{Heap before GC invocations=2 (full 0):
 par new generation   total 109248K, used 101333K [0x00000000e0000000, 0x00000000e8000000, 0x00000000e8000000)
  eden space 87424K, 100% used [0x00000000e0000000, 0x00000000e5560000, 0x00000000e5560000)
  from space 21824K,  63% used [0x00000000e5560000, 0x00000000e62f5588, 0x00000000e6ab0000)
  to   space 21824K,   0% used [0x00000000e6ab0000, 0x00000000e6ab0000, 0x00000000e8000000)
 concurrent mark-sweep generation total 393216K, used 0K [0x00000000e8000000, 0x0000000100000000, 0x0000000100000000)
 Metaspace       used 20983K, capacity 21288K, committed 21628K, reserved 1069056K
  class space    used 2419K, capacity 2590K, committed 2684K, reserved 1048576K
2017-06-09T16:38:14.064+0200: 2,772: [GC (Allocation Failure) 2017-06-09T16:38:14.064+0200: 2,772: [ParNew
Desired survivor size 20112992 bytes, new threshold 8 (max 8)
- age   1:    1931648 bytes,    1931648 total
- age   2:     833960 bytes,    2765608 total
- age   3:    6692544 bytes,    9458152 total
: 101333K->11492K(109248K), 0,0141574 secs] 101333K->11492K(502464K), 0,0142613 secs] [Times: user=0,05 sys=0,00, real=0,02 secs] 
Heap after GC invocations=3 (full 0):
 par new generation   total 109248K, used 11492K [0x00000000e0000000, 0x00000000e8000000, 0x00000000e8000000)
  eden space 87424K,   0% used [0x00000000e0000000, 0x00000000e0000000, 0x00000000e5560000)
  from space 21824K,  52% used [0x00000000e6ab0000, 0x00000000e75e9340, 0x00000000e8000000)
  to   space 21824K,   0% used [0x00000000e5560000, 0x00000000e5560000, 0x00000000e6ab0000)
 concurrent mark-sweep generation total 393216K, used 0K [0x00000000e8000000, 0x0000000100000000, 0x0000000100000000)
 Metaspace       used 20983K, capacity 21288K, committed 21628K, reserved 1069056K
  class space    used 2419K, capacity 2590K, committed 2684K, reserved 1048576K
}
2017-06-09T16:38:14.078+0200: 2,786: Total time for which application threads were stopped: 0,0145458 seconds, Stopping threads took: 0,0000605 seconds
2017-06-09T16:38:14.078+0200: 2,787: [GC (CMS Initial Mark) [1 CMS-initial-mark: 0K(393216K)] 12228K(502464K), 0,0038646 secs] [Times: user=0,01 sys=0,00, real=0,00 secs] 
2017-06-09T16:38:14.082+0200: 2,791: Total time for which application threads were stopped: 0,0040652 seconds, Stopping threads took: 0,0001010 seconds
2017-06-09T16:38:14.082+0200: 2,791: [CMS-concurrent-mark-start]
2017-06-09T16:38:14.083+0200: 2,791: [CMS-concurrent-mark: 0,000/0,000 secs] [Times: user=0,00 sys=0,00, real=0,00 secs] 
2017-06-09T16:38:14.083+0200: 2,791: [CMS-concurrent-preclean-start]
2017-06-09T16:38:14.084+0200: 2,792: [CMS-concurrent-preclean: 0,001/0,001 secs] [Times: user=0,01 sys=0,00, real=0,00 secs] 
2017-06-09T16:38:14.084+0200: 2,792: [CMS-concurrent-abortable-preclean-start]
2017-06-09T16:38:14.144+0200: 2,852: Total time for which application threads were stopped: 0,0001776 seconds, Stopping threads took: 0,0000647 seconds
{Heap before GC invocations=3 (full 1):
 par new generation   total 109248K, used 98888K [0x00000000e0000000, 0x00000000e8000000, 0x00000000e8000000)
  eden space 87424K,  99% used [0x00000000e0000000, 0x00000000e5558e30, 0x00000000e5560000)
  from space 21824K,  52% used [0x00000000e6ab0000, 0x00000000e75e9340, 0x00000000e8000000)
  to   space 21824K,   0% used [0x00000000e5560000, 0x00000000e5560000, 0x00000000e6ab0000)
 concurrent mark-sweep generation total 393216K, used 0K [0x00000000e8000000, 0x0000000100000000, 0x0000000100000000)
 Metaspace       used 21243K, capacity 21622K, committed 21884K, reserved 1069056K
  class space    used 2446K, capacity 2604K, committed 2684K, reserved 1048576K
2017-06-09T16:38:14.186+0200: 2,894: [GC (Allocation Failure) 2017-06-09T16:38:14.186+0200: 2,894: [ParNew
Desired survivor size 20112992 bytes, new threshold 8 (max 8)
- age   1:    1460552 bytes,    1460552 total
- age   2:    1443072 bytes,    2903624 total
- age   3:     798680 bytes,    3702304 total
- age   4:    6692704 bytes,   10395008 total
: 98888K->16727K(109248K), 0,0098663 secs] 98888K->16727K(502464K), 0,0099306 secs] [Times: user=0,03 sys=0,00, real=0,01 secs] 
Heap after GC invocations=4 (full 1):
 par new generation   total 109248K, used 16727K [0x00000000e0000000, 0x00000000e8000000, 0x00000000e8000000)
  eden space 87424K,   0% used [0x00000000e0000000, 0x00000000e0000000, 0x00000000e5560000)
  from space 21824K,  76% used [0x00000000e5560000, 0x00000000e65b5f40, 0x00000000e6ab0000)
  to   space 21824K,   0% used [0x00000000e6ab0000, 0x00000000e6ab0000, 0x00000000e8000000)
 concurrent mark-sweep generation total 393216K, used 0K [0x00000000e8000000, 0x0000000100000000, 0x0000000100000000)
 Metaspace       used 21243K, capacity 21622K, committed 21884K, reserved 1069056K
  class space    used 2446K, capacity 2604K, committed 2684K, reserved 1048576K
}
2017-06-09T16:38:14.196+0200: 2,904: Total time for which application threads were stopped: 0,0118100 seconds, Stopping threads took: 0,0017310 seconds
2017-06-09T16:38:14.196+0200: 2,904: [CMS-concurrent-abortable-preclean: 0,061/0,112 secs] [Times: user=0,41 sys=0,01, real=0,12 secs] 
2017-06-09T16:38:14.206+0200: 2,914: [GC (CMS Final Remark) [YG occupancy: 29001 K (109248 K)]{Heap before GC invocations=4 (full 1):
 par new generation   total 109248K, used 29001K [0x00000000e0000000, 0x00000000e8000000, 0x00000000e8000000)
  eden space 87424K,  14% used [0x00000000e0000000, 0x00000000e0bfc540, 0x00000000e5560000)
  from space 21824K,  76% used [0x00000000e5560000, 0x00000000e65b5f40, 0x00000000e6ab0000)
  to   space 21824K,   0% used [0x00000000e6ab0000, 0x00000000e6ab0000, 0x00000000e8000000)
 concurrent mark-sweep generation total 393216K, used 0K [0x00000000e8000000, 0x0000000100000000, 0x0000000100000000)
 Metaspace       used 21255K, capacity 21622K, committed 21884K, reserved 1069056K
  class space    used 2448K, capacity 2604K, committed 2684K, reserved 1048576K
2017-06-09T16:38:14.206+0200: 2,914: [GC (CMS Final Remark) 2017-06-09T16:38:14.206+0200: 2,914: [ParNew
Desired survivor size 20112992 bytes, new threshold 8 (max 8)
- age   1:    1487128 bytes,    1487128 total
- age   2:     190728 bytes,    1677856 total
- age   3:    1442928 bytes,    3120784 total
- age   4:     798648 bytes,    3919432 total
- age   5:    6692640 bytes,   10612072 total
: 29001K->11571K(109248K), 0,0137436 secs] 29001K->11571K(502464K), 0,0137975 secs] [Times: user=0,04 sys=0,00, real=0,01 secs] 
Heap after GC invocations=5 (full 1):
 par new generation   total 109248K, used 11571K [0x00000000e0000000, 0x00000000e8000000, 0x00000000e8000000)
  eden space 87424K,   0% used [0x00000000e0000000, 0x00000000e0000000, 0x00000000e5560000)
  from space 21824K,  53% used [0x00000000e6ab0000, 0x00000000e75fcf80, 0x00000000e8000000)
  to   space 21824K,   0% used [0x00000000e5560000, 0x00000000e5560000, 0x00000000e6ab0000)
 concurrent mark-sweep generation total 393216K, used 0K [0x00000000e8000000, 0x0000000100000000, 0x0000000100000000)
 Metaspace       used 21255K, capacity 21622K, committed 21884K, reserved 1069056K
  class space    used 2448K, capacity 2604K, committed 2684K, reserved 1048576K
}
2017-06-09T16:38:14.220+0200: 2,928: [Rescan (parallel) , 0,0033347 secs]2017-06-09T16:38:14.223+0200: 2,932: [weak refs processing, 0,0010406 secs]2017-06-09T16:38:14.224+0200: 2,933: [class unloading, 0,0028366 secs]2017-06-09T16:38:14.227+0200: 2,935: [scrub symbol table, 0,0025518 secs]2017-06-09T16:38:14.230+0200: 2,938: [scrub string table, 0,0003666 secs][1 CMS-remark: 0K(393216K)] 11571K(502464K), 0,0246412 secs] [Times: user=0,06 sys=0,00, real=0,02 secs] 
2017-06-09T16:38:14.231+0200: 2,939: Total time for which application threads were stopped: 0,0248950 seconds, Stopping threads took: 0,0001597 seconds
2017-06-09T16:38:14.231+0200: 2,939: [CMS-concurrent-sweep-start]
2017-06-09T16:38:14.231+0200: 2,939: [CMS-concurrent-sweep: 0,000/0,000 secs] [Times: user=0,00 sys=0,00, real=0,00 secs] 
2017-06-09T16:38:14.231+0200: 2,939: [CMS-concurrent-reset-start]
2017-06-09T16:38:14.233+0200: 2,941: [CMS-concurrent-reset: 0,002/0,002 secs] [Times: user=0,01 sys=0,00, real=0,00 secs] 
{Heap before GC invocations=5 (full 1):
 par new generation   total 109248K, used 98995K [0x00000000e0000000, 0x00000000e8000000, 0x00000000e8000000)
  eden space 87424K, 100% used [0x00000000e0000000, 0x00000000e5560000, 0x00000000e5560000)
  from space 21824K,  53% used [0x00000000e6ab0000, 0x00000000e75fcf80, 0x00000000e8000000)
  to   space 21824K,   0% used [0x00000000e5560000, 0x00000000e5560000, 0x00000000e6ab0000)
 concurrent mark-sweep generation total 393216K, used 0K [0x00000000e8000000, 0x0000000100000000, 0x0000000100000000)
 Metaspace       used 21541K, capacity 21954K, committed 22140K, reserved 1069056K
  class space    used 2490K, capacity 2670K, committed 2684K, reserved 1048576K
2017-06-09T16:38:14.333+0200: 3,041: [GC (Allocation Failure) 2017-06-09T16:38:14.333+0200: 3,041: [ParNew
Desired survivor size 20112992 bytes, new threshold 8 (max 8)
- age   1:     452072 bytes,     452072 total
- age   2:      15200 bytes,     467272 total
- age   3:     189232 bytes,     656504 total
- age   4:     275376 bytes,     931880 total
- age   5:     798536 bytes,    1730416 total
- age   6:    6692496 bytes,    8422912 total
: 98995K->11161K(109248K), 0,0089166 secs] 98995K->11161K(502464K), 0,0089886 secs] [Times: user=0,03 sys=0,00, real=0,01 secs] 
Heap after GC invocations=6 (full 1):
 par new generation   total 109248K, used 11161K [0x00000000e0000000, 0x00000000e8000000, 0x00000000e8000000)
  eden space 87424K,   0% used [0x00000000e0000000, 0x00000000e0000000, 0x00000000e5560000)
  from space 21824K,  51% used [0x00000000e5560000, 0x00000000e60467f8, 0x00000000e6ab0000)
  to   space 21824K,   0% used [0x00000000e6ab0000, 0x00000000e6ab0000, 0x00000000e8000000)
 concurrent mark-sweep generation total 393216K, used 0K [0x00000000e8000000, 0x0000000100000000, 0x0000000100000000)
 Metaspace       used 21541K, capacity 21954K, committed 22140K, reserved 1069056K
  class space    used 2490K, capacity 2670K, committed 2684K, reserved 1048576K
}
2017-06-09T16:38:14.342+0200: 3,050: Total time for which application threads were stopped: 0,0091428 seconds, Stopping threads took: 0,0000177 seconds
2017-06-09T16:38:14.347+0200: 3,055: Total time for which application threads were stopped: 0,0002965 seconds, Stopping threads took: 0,0000140 seconds
2017-06-09T16:38:14.583+0200: 3,292: Total time for which application threads were stopped: 0,0004261 seconds, Stopping threads took: 0,0000397 seconds
2017-06-09T16:38:14.597+0200: 3,306: Total time for which application threads were stopped: 0,0003989 seconds, Stopping threads took: 0,0000245 seconds
{Heap before GC invocations=6 (full 1):
 par new generation   total 109248K, used 98585K [0x00000000e0000000, 0x00000000e8000000, 0x00000000e8000000)
  eden space 87424K, 100% used [0x00000000e0000000, 0x00000000e5560000, 0x00000000e5560000)
  from space 21824K,  51% used [0x00000000e5560000, 0x00000000e60467f8, 0x00000000e6ab0000)
  to   space 21824K,   0% used [0x00000000e6ab0000, 0x00000000e6ab0000, 0x00000000e8000000)
 concurrent mark-sweep generation total 393216K, used 0K [0x00000000e8000000, 0x0000000100000000, 0x0000000100000000)
 Metaspace       used 24420K, capacity 24868K, committed 25084K, reserved 1071104K
  class space    used 2862K, capacity 3045K, committed 3068K, reserved 1048576K
2017-06-09T16:38:14.808+0200: 3,516: [GC (Allocation Failure) 2017-06-09T16:38:14.808+0200: 3,516: [ParNew
Desired survivor size 20112992 bytes, new threshold 8 (max 8)
- age   1:    5794608 bytes,    5794608 total
- age   2:     194976 bytes,    5989584 total
- age   3:      15200 bytes,    6004784 total
- age   4:     188720 bytes,    6193504 total
- age   5:     273208 bytes,    6466712 total
- age   6:     774448 bytes,    7241160 total
- age   7:    6685456 bytes,   13926616 total
: 98585K->15950K(109248K), 0,0174308 secs] 98585K->15950K(502464K), 0,0175155 secs] [Times: user=0,06 sys=0,00, real=0,01 secs] 
Heap after GC invocations=7 (full 1):
 par new generation   total 109248K, used 15950K [0x00000000e0000000, 0x00000000e8000000, 0x00000000e8000000)
  eden space 87424K,   0% used [0x00000000e0000000, 0x00000000e0000000, 0x00000000e5560000)
  from space 21824K,  73% used [0x00000000e6ab0000, 0x00000000e7a43b40, 0x00000000e8000000)
  to   space 21824K,   0% used [0x00000000e5560000, 0x00000000e5560000, 0x00000000e6ab0000)
 concurrent mark-sweep generation total 393216K, used 0K [0x00000000e8000000, 0x0000000100000000, 0x0000000100000000)
 Metaspace       used 24420K, capacity 24868K, committed 25084K, reserved 1071104K
  class space    used 2862K, capacity 3045K, committed 3068K, reserved 1048576K
}
2017-06-09T16:38:14.826+0200: 3,534: Total time for which application threads were stopped: 0,0178588 seconds, Stopping threads took: 0,0000808 seconds
{Heap before GC invocations=7 (full 1):
 par new generation   total 109248K, used 103374K [0x00000000e0000000, 0x00000000e8000000, 0x00000000e8000000)
  eden space 87424K, 100% used [0x00000000e0000000, 0x00000000e5560000, 0x00000000e5560000)
  from space 21824K,  73% used [0x00000000e6ab0000, 0x00000000e7a43b40, 0x00000000e8000000)
  to   space 21824K,   0% used [0x00000000e5560000, 0x00000000e5560000, 0x00000000e6ab0000)
 concurrent mark-sweep generation total 393216K, used 0K [0x00000000e8000000, 0x0000000100000000, 0x0000000100000000)
 Metaspace       used 24784K, capacity 25232K, committed 25468K, reserved 1071104K
  class space    used 2897K, capacity 3079K, committed 3196K, reserved 1048576K
2017-06-09T16:38:14.948+0200: 3,657: [GC (Allocation Failure) 2017-06-09T16:38:14.949+0200: 3,657: [ParNew
Desired survivor size 20112992 bytes, new threshold 8 (max 8)
- age   1:    1917048 bytes,    1917048 total
- age   2:    1833832 bytes,    3750880 total
- age   3:      98360 bytes,    3849240 total
- age   4:       6384 bytes,    3855624 total
- age   5:     103504 bytes,    3959128 total
- age   6:     181672 bytes,    4140800 total
- age   7:     723224 bytes,    4864024 total
- age   8:    6151104 bytes,   11015128 total
: 103374K->17290K(109248K), 0,0386354 secs] 103374K->17290K(502464K), 0,0387466 secs] [Times: user=0,07 sys=0,00, real=0,04 secs] 
Heap after GC invocations=8 (full 1):
 par new generation   total 109248K, used 17290K [0x00000000e0000000, 0x00000000e8000000, 0x00000000e8000000)
  eden space 87424K,   0% used [0x00000000e0000000, 0x00000000e0000000, 0x00000000e5560000)
  from space 21824K,  79% used [0x00000000e5560000, 0x00000000e6642940, 0x00000000e6ab0000)
  to   space 21824K,   0% used [0x00000000e6ab0000, 0x00000000e6ab0000, 0x00000000e8000000)
 concurrent mark-sweep generation total 393216K, used 0K [0x00000000e8000000, 0x0000000100000000, 0x0000000100000000)
 Metaspace       used 24784K, capacity 25232K, committed 25468K, reserved 1071104K
  class space    used 2897K, capacity 3079K, committed 3196K, reserved 1048576K
}
2017-06-09T16:38:14.987+0200: 3,695: Total time for which application threads were stopped: 0,0390208 seconds, Stopping threads took: 0,0000608 seconds
{Heap before GC invocations=8 (full 1):
 par new generation   total 109248K, used 104714K [0x00000000e0000000, 0x00000000e8000000, 0x00000000e8000000)
  eden space 87424K, 100% used [0x00000000e0000000, 0x00000000e5560000, 0x00000000e5560000)
  from space 21824K,  79% used [0x00000000e5560000, 0x00000000e6642940, 0x00000000e6ab0000)
  to   space 21824K,   0% used [0x00000000e6ab0000, 0x00000000e6ab0000, 0x00000000e8000000)
 concurrent mark-sweep generation total 393216K, used 0K [0x00000000e8000000, 0x0000000100000000, 0x0000000100000000)
 Metaspace       used 25038K, capacity 25450K, committed 25724K, reserved 1071104K
  class space    used 2912K, capacity 3084K, committed 3196K, reserved 1048576K
2017-06-09T16:38:15.122+0200: 3,830: [GC (Allocation Failure) 2017-06-09T16:38:15.122+0200: 3,830: [ParNew
Desired survivor size 20112992 bytes, new threshold 8 (max 8)
- age   1:     895456 bytes,     895456 total
- age   2:     635552 bytes,    1531008 total
- age   3:    1811280 bytes,    3342288 total
- age   4:      98248 bytes,    3440536 total
- age   5:       6384 bytes,    3446920 total
- age   6:     100824 bytes,    3547744 total
- age   7:     181144 bytes,    3728888 total
- age   8:     722520 bytes,    4451408 total
: 104714K->6963K(109248K), 0,0299357 secs] 104714K->13051K(502464K), 0,0299966 secs] [Times: user=0,08 sys=0,01, real=0,03 secs] 
Heap after GC invocations=9 (full 1):
 par new generation   total 109248K, used 6963K [0x00000000e0000000, 0x00000000e8000000, 0x00000000e8000000)
  eden space 87424K,   0% used [0x00000000e0000000, 0x00000000e0000000, 0x00000000e5560000)
  from space 21824K,  31% used [0x00000000e6ab0000, 0x00000000e717ceb0, 0x00000000e8000000)
  to   space 21824K,   0% used [0x00000000e5560000, 0x00000000e5560000, 0x00000000e6ab0000)
 concurrent mark-sweep generation total 393216K, used 6088K [0x00000000e8000000, 0x0000000100000000, 0x0000000100000000)
 Metaspace       used 25038K, capacity 25450K, committed 25724K, reserved 1071104K
  class space    used 2912K, capacity 3084K, committed 3196K, reserved 1048576K
}
2017-06-09T16:38:15.152+0200: 3,860: Total time for which application threads were stopped: 0,0330833 seconds, Stopping threads took: 0,0029277 seconds
2017-06-09T16:38:15.365+0200: 4,073: Total time for which application threads were stopped: 0,0098484 seconds, Stopping threads took: 0,0081402 seconds
2017-06-09T16:38:15.399+0200: 4,107: Total time for which application threads were stopped: 0,0001220 seconds, Stopping threads took: 0,0000261 seconds
2017-06-09T16:38:15.423+0200: 4,131: Total time for which application threads were stopped: 0,0004932 seconds, Stopping threads took: 0,0004025 seconds
2017-06-09T16:38:15.427+0200: 4,135: Total time for which application threads were stopped: 0,0000790 seconds, Stopping threads took: 0,0000172 seconds
2017-06-09T16:38:15.429+0200: 4,137: Total time for which application threads were stopped: 0,0003612 seconds, Stopping threads took: 0,0000226 seconds
2017-06-09T16:38:15.446+0200: 4,154: Total time for which application threads were stopped: 0,0001333 seconds, Stopping threads took: 0,0000414 seconds
2017-06-09T16:38:15.447+0200: 4,155: Total time for which application threads were stopped: 0,0003768 seconds, Stopping threads took: 0,0000273 seconds
2017-06-09T16:38:15.455+0200: 4,163: Total time for which application threads were stopped: 0,0001219 seconds, Stopping threads took: 0,0000304 seconds
2017-06-09T16:38:15.493+0200: 4,201: Total time for which application threads were stopped: 0,0004302 seconds, Stopping threads took: 0,0000386 seconds
2017-06-09T16:38:15.517+0200: 4,225: Total time for which application threads were stopped: 0,0001772 seconds, Stopping threads took: 0,0000763 seconds
2017-06-09T16:38:15.518+0200: 4,226: Total time for which application threads were stopped: 0,0001881 seconds, Stopping threads took: 0,0001143 seconds
2017-06-09T16:38:15.519+0200: 4,227: Total time for which application threads were stopped: 0,0001165 seconds, Stopping threads took: 0,0000321 seconds
2017-06-09T16:38:15.519+0200: 4,227: Total time for which application threads were stopped: 0,0000668 seconds, Stopping threads took: 0,0000181 seconds
2017-06-09T16:38:15.519+0200: 4,227: Total time for which application threads were stopped: 0,0000666 seconds, Stopping threads took: 0,0000165 seconds
2017-06-09T16:38:15.519+0200: 4,228: Total time for which application threads were stopped: 0,0001054 seconds, Stopping threads took: 0,0000433 seconds
2017-06-09T16:38:15.526+0200: 4,234: Total time for which application threads were stopped: 0,0001275 seconds, Stopping threads took: 0,0000487 seconds
2017-06-09T16:38:15.529+0200: 4,237: Total time for which application threads were stopped: 0,0007877 seconds, Stopping threads took: 0,0007168 seconds
2017-06-09T16:38:15.534+0200: 4,242: Total time for which application threads were stopped: 0,0001446 seconds, Stopping threads took: 0,0000351 seconds
2017-06-09T16:38:15.536+0200: 4,244: Total time for which application threads were stopped: 0,0001427 seconds, Stopping threads took: 0,0000268 seconds
2017-06-09T16:38:15.539+0200: 4,247: Total time for which application threads were stopped: 0,0002283 seconds, Stopping threads took: 0,0000812 seconds
2017-06-09T16:38:15.539+0200: 4,247: Total time for which application threads were stopped: 0,0001353 seconds, Stopping threads took: 0,0000306 seconds
2017-06-09T16:38:15.539+0200: 4,247: Total time for which application threads were stopped: 0,0001214 seconds, Stopping threads took: 0,0000233 seconds
2017-06-09T16:38:15.540+0200: 4,248: Total time for which application threads were stopped: 0,0001462 seconds, Stopping threads took: 0,0000368 seconds
2017-06-09T16:38:15.540+0200: 4,248: Total time for which application threads were stopped: 0,0001122 seconds, Stopping threads took: 0,0000268 seconds
2017-06-09T16:38:15.540+0200: 4,248: Total time for which application threads were stopped: 0,0000858 seconds, Stopping threads took: 0,0000169 seconds
2017-06-09T16:38:15.540+0200: 4,248: Total time for which application threads were stopped: 0,0000658 seconds, Stopping threads took: 0,0000108 seconds
2017-06-09T16:38:15.540+0200: 4,249: Total time for which application threads were stopped: 0,0000901 seconds, Stopping threads took: 0,0000144 seconds
2017-06-09T16:38:15.541+0200: 4,249: Total time for which application threads were stopped: 0,0001810 seconds, Stopping threads took: 0,0000290 seconds
2017-06-09T16:38:15.541+0200: 4,249: Total time for which application threads were stopped: 0,0000910 seconds, Stopping threads took: 0,0000214 seconds
2017-06-09T16:38:15.542+0200: 4,250: Total time for which application threads were stopped: 0,0001264 seconds, Stopping threads took: 0,0000358 seconds
2017-06-09T16:38:15.543+0200: 4,251: Total time for which application threads were stopped: 0,0001199 seconds, Stopping threads took: 0,0000471 seconds
2017-06-09T16:38:15.543+0200: 4,251: Total time for which application threads were stopped: 0,0001237 seconds, Stopping threads took: 0,0000323 seconds
2017-06-09T16:38:15.545+0200: 4,253: Total time for which application threads were stopped: 0,0001660 seconds, Stopping threads took: 0,0000401 seconds
2017-06-09T16:38:15.546+0200: 4,254: Total time for which application threads were stopped: 0,0001233 seconds, Stopping threads took: 0,0000227 seconds
2017-06-09T16:38:15.550+0200: 4,258: Total time for which application threads were stopped: 0,0035172 seconds, Stopping threads took: 0,0034215 seconds
2017-06-09T16:38:15.551+0200: 4,259: Total time for which application threads were stopped: 0,0001190 seconds, Stopping threads took: 0,0000319 seconds
2017-06-09T16:38:15.551+0200: 4,260: Total time for which application threads were stopped: 0,0000984 seconds, Stopping threads took: 0,0000255 seconds
2017-06-09T16:38:15.552+0200: 4,261: Total time for which application threads were stopped: 0,0001051 seconds, Stopping threads took: 0,0000308 seconds
2017-06-09T16:38:15.553+0200: 4,261: Total time for which application threads were stopped: 0,0001112 seconds, Stopping threads took: 0,0000266 seconds
2017-06-09T16:38:15.554+0200: 4,262: Total time for which application threads were stopped: 0,0001168 seconds, Stopping threads took: 0,0000282 seconds
2017-06-09T16:38:15.555+0200: 4,263: Total time for which application threads were stopped: 0,0001060 seconds, Stopping threads took: 0,0000295 seconds
2017-06-09T16:38:15.555+0200: 4,264: Total time for which application threads were stopped: 0,0000902 seconds, Stopping threads took: 0,0000231 seconds
2017-06-09T16:38:15.556+0200: 4,264: Total time for which application threads were stopped: 0,0001247 seconds, Stopping threads took: 0,0000309 seconds
2017-06-09T16:38:15.557+0200: 4,265: Total time for which application threads were stopped: 0,0001184 seconds, Stopping threads took: 0,0000392 seconds
2017-06-09T16:38:15.557+0200: 4,265: Total time for which application threads were stopped: 0,0001043 seconds, Stopping threads took: 0,0000311 seconds
2017-06-09T16:38:15.557+0200: 4,265: Total time for which application threads were stopped: 0,0001079 seconds, Stopping threads took: 0,0000302 seconds
2017-06-09T16:38:15.557+0200: 4,265: Total time for which application threads were stopped: 0,0000761 seconds, Stopping threads took: 0,0000178 seconds
2017-06-09T16:38:15.558+0200: 4,266: Total time for which application threads were stopped: 0,0000882 seconds, Stopping threads took: 0,0000245 seconds
2017-06-09T16:38:15.558+0200: 4,266: Total time for which application threads were stopped: 0,0001096 seconds, Stopping threads took: 0,0000195 seconds
2017-06-09T16:38:15.559+0200: 4,267: Total time for which application threads were stopped: 0,0001719 seconds, Stopping threads took: 0,0000222 seconds
2017-06-09T16:38:15.592+0200: 4,300: Total time for which application threads were stopped: 0,0012918 seconds, Stopping threads took: 0,0011883 seconds
2017-06-09T16:38:15.611+0200: 4,319: Total time for which application threads were stopped: 0,0004789 seconds, Stopping threads took: 0,0000195 seconds
2017-06-09T16:38:15.612+0200: 4,320: Total time for which application threads were stopped: 0,0000817 seconds, Stopping threads took: 0,0000250 seconds
2017-06-09T16:38:15.617+0200: 4,325: Total time for which application threads were stopped: 0,0001127 seconds, Stopping threads took: 0,0000195 seconds
2017-06-09T16:38:16.617+0200: 5,325: Total time for which application threads were stopped: 0,0000735 seconds, Stopping threads took: 0,0000199 seconds
2017-06-09T16:38:17.617+0200: 6,325: Total time for which application threads were stopped: 0,0000746 seconds, Stopping threads took: 0,0000203 seconds
2017-06-09T16:38:33.619+0200: 22,327: Total time for which application threads were stopped: 0,0000666 seconds, Stopping threads took: 0,0000157 seconds
2017-06-09T16:38:43.102+0200: 32,328: Total time for which application threads were stopped: 0,0000605 seconds, Stopping threads took: 0,0000159 seconds
2017-06-09T16:40:08.110+0200: 117,337: Total time for which application threads were stopped: 0,0001506 seconds, Stopping threads took: 0,0000590 seconds
2017-06-09T16:40:13.111+0200: 122,338: Total time for which application threads were stopped: 0,0000621 seconds, Stopping threads took: 0,0000153 seconds
2017-06-09T16:41:12.118+0200: 181,345: Total time for which application threads were stopped: 0,0000894 seconds, Stopping threads took: 0,0000390 seconds
2017-06-09T16:41:17.118+0200: 186,345: Total time for which application threads were stopped: 0,0000851 seconds, Stopping threads took: 0,0000320 seconds
2017-06-09T17:01:42.246+0200: 1411,473: Total time for which application threads were stopped: 0,0000794 seconds, Stopping threads took: 0,0000309 seconds
2017-06-09T17:06:13.275+0200: 1682,502: Total time for which application threads were stopped: 0,0001189 seconds, Stopping threads took: 0,0000385 seconds
2017-06-09T17:11:12.307+0200: 1981,534: Total time for which application threads were stopped: 0,0001138 seconds, Stopping threads took: 0,0000403 seconds
2017-06-09T17:16:32.339+0200: 2301,566: Total time for which application threads were stopped: 0,0001649 seconds, Stopping threads took: 0,0000683 seconds
2017-06-09T17:16:33.340+0200: 2302,567: Total time for which application threads were stopped: 0,0000928 seconds, Stopping threads took: 0,0000144 seconds
2017-06-09T17:16:37.340+0200: 2306,567: Total time for which application threads were stopped: 0,0000828 seconds, Stopping threads took: 0,0000197 seconds
2017-06-09T17:31:28.463+0200: 3197,690: Total time for which application threads were stopped: 0,0001585 seconds, Stopping threads took: 0,0000610 seconds
2017-06-09T17:35:12.496+0200: 3421,723: Total time for which application threads were stopped: 0,0000858 seconds, Stopping threads took: 0,0000328 seconds
2017-06-09T17:35:42.501+0200: 3451,728: Total time for which application threads were stopped: 0,0001466 seconds, Stopping threads took: 0,0000543 seconds
2017-06-09T17:42:47.562+0200: 3876,789: Total time for which application threads were stopped: 0,0000898 seconds, Stopping threads took: 0,0000316 seconds
2017-06-09T17:42:52.563+0200: 3881,790: Total time for which application threads were stopped: 0,0000761 seconds, Stopping threads took: 0,0000185 seconds
2017-06-09T17:44:42.580+0200: 3991,807: Total time for which application threads were stopped: 0,0002026 seconds, Stopping threads took: 0,0000682 seconds
2017-06-09T17:56:58.688+0200: 4727,915: Total time for which application threads were stopped: 0,0001587 seconds, Stopping threads took: 0,0000611 seconds
2017-06-09T18:24:53.877+0200: 6403,104: Total time for which application threads were stopped: 0,0000783 seconds, Stopping threads took: 0,0000335 seconds
{Heap before GC invocations=9 (full 1):
 par new generation   total 109248K, used 94387K [0x00000000e0000000, 0x00000000e8000000, 0x00000000e8000000)
  eden space 87424K, 100% used [0x00000000e0000000, 0x00000000e5560000, 0x00000000e5560000)
  from space 21824K,  31% used [0x00000000e6ab0000, 0x00000000e717ceb0, 0x00000000e8000000)
  to   space 21824K,   0% used [0x00000000e5560000, 0x00000000e5560000, 0x00000000e6ab0000)
 concurrent mark-sweep generation total 393216K, used 6088K [0x00000000e8000000, 0x0000000100000000, 0x0000000100000000)
 Metaspace       used 28078K, capacity 28624K, committed 28796K, reserved 1075200K
  class space    used 3220K, capacity 3391K, committed 3452K, reserved 1048576K
2017-06-09T19:50:22.620+0200: 7035,703: [GC (Allocation Failure) 2017-06-09T19:50:22.620+0200: 7035,703: [ParNew
Desired survivor size 20112992 bytes, new threshold 8 (max 8)
- age   1:   10560032 bytes,   10560032 total
- age   2:     305152 bytes,   10865184 total
- age   3:     240160 bytes,   11105344 total
- age   4:    1806416 bytes,   12911760 total
- age   5:      98216 bytes,   13009976 total
- age   6:       6384 bytes,   13016360 total
- age   7:     100696 bytes,   13117056 total
- age   8:     181048 bytes,   13298104 total
: 94387K->14465K(109248K), 0,0803707 secs] 100475K->21347K(502464K), 0,0804655 secs] [Times: user=0,05 sys=0,00, real=0,08 secs] 
Heap after GC invocations=10 (full 1):
 par new generation   total 109248K, used 14465K [0x00000000e0000000, 0x00000000e8000000, 0x00000000e8000000)
  eden space 87424K,   0% used [0x00000000e0000000, 0x00000000e0000000, 0x00000000e5560000)
  from space 21824K,  66% used [0x00000000e5560000, 0x00000000e63806b0, 0x00000000e6ab0000)
  to   space 21824K,   0% used [0x00000000e6ab0000, 0x00000000e6ab0000, 0x00000000e8000000)
 concurrent mark-sweep generation total 393216K, used 6881K [0x00000000e8000000, 0x0000000100000000, 0x0000000100000000)
 Metaspace       used 28078K, capacity 28624K, committed 28796K, reserved 1075200K
  class space    used 3220K, capacity 3391K, committed 3452K, reserved 1048576K
}
2017-06-09T19:50:22.701+0200: 7035,784: Total time for which application threads were stopped: 0,0858780 seconds, Stopping threads took: 0,0051917 seconds
2017-06-09T19:50:22.702+0200: 7035,784: Total time for which application threads were stopped: 0,0000810 seconds, Stopping threads took: 0,0000137 seconds
2017-06-09T19:50:22.708+0200: 7035,790: Total time for which application threads were stopped: 0,0001252 seconds, Stopping threads took: 0,0000557 seconds
2017-06-09T19:50:22.708+0200: 7035,791: Total time for which application threads were stopped: 0,0000429 seconds, Stopping threads took: 0,0000070 seconds
2017-06-09T19:50:22.708+0200: 7035,791: Total time for which application threads were stopped: 0,0000347 seconds, Stopping threads took: 0,0000050 seconds
2017-06-09T19:50:22.708+0200: 7035,791: Total time for which application threads were stopped: 0,0000390 seconds, Stopping threads took: 0,0000057 seconds
2017-06-09T19:50:22.708+0200: 7035,791: Total time for which application threads were stopped: 0,0000351 seconds, Stopping threads took: 0,0000044 seconds
2017-06-09T19:50:22.708+0200: 7035,791: Total time for which application threads were stopped: 0,0000352 seconds, Stopping threads took: 0,0000047 seconds
2017-06-09T19:50:22.708+0200: 7035,791: Total time for which application threads were stopped: 0,0000342 seconds, Stopping threads took: 0,0000051 seconds
2017-06-09T19:50:22.723+0200: 7035,806: Total time for which application threads were stopped: 0,0000837 seconds, Stopping threads took: 0,0000190 seconds
2017-06-09T19:50:22.723+0200: 7035,806: Total time for which application threads were stopped: 0,0000510 seconds, Stopping threads took: 0,0000074 seconds
2017-06-09T19:50:22.728+0200: 7035,811: Total time for which application threads were stopped: 0,0001132 seconds, Stopping threads took: 0,0000331 seconds
2017-06-09T19:50:22.728+0200: 7035,811: Total time for which application threads were stopped: 0,0000409 seconds, Stopping threads took: 0,0000078 seconds
2017-06-09T19:50:22.730+0200: 7035,813: Total time for which application threads were stopped: 0,0000960 seconds, Stopping threads took: 0,0000332 seconds
2017-06-09T19:50:22.730+0200: 7035,813: Total time for which application threads were stopped: 0,0000600 seconds, Stopping threads took: 0,0000202 seconds
2017-06-09T19:50:22.731+0200: 7035,814: Total time for which application threads were stopped: 0,0012203 seconds, Stopping threads took: 0,0011490 seconds
2017-06-09T19:50:22.733+0200: 7035,815: Total time for which application threads were stopped: 0,0000998 seconds, Stopping threads took: 0,0000349 seconds
2017-06-09T19:50:22.736+0200: 7035,819: Total time for which application threads were stopped: 0,0032831 seconds, Stopping threads took: 0,0032028 seconds
2017-06-09T19:50:22.737+0200: 7035,819: Total time for which application threads were stopped: 0,0000553 seconds, Stopping threads took: 0,0000131 seconds
2017-06-09T19:50:22.737+0200: 7035,819: Total time for which application threads were stopped: 0,0000357 seconds, Stopping threads took: 0,0000048 seconds
2017-06-09T19:50:22.737+0200: 7035,820: Total time for which application threads were stopped: 0,0000467 seconds, Stopping threads took: 0,0000121 seconds
2017-06-09T19:50:22.737+0200: 7035,820: Total time for which application threads were stopped: 0,0000341 seconds, Stopping threads took: 0,0000047 seconds
2017-06-09T19:50:22.737+0200: 7035,820: Total time for which application threads were stopped: 0,0000471 seconds, Stopping threads took: 0,0000077 seconds
2017-06-09T19:50:22.737+0200: 7035,820: Total time for which application threads were stopped: 0,0000355 seconds, Stopping threads took: 0,0000043 seconds
2017-06-09T19:50:22.737+0200: 7035,820: Total time for which application threads were stopped: 0,0000350 seconds, Stopping threads took: 0,0000056 seconds
2017-06-09T19:50:22.740+0200: 7035,823: Total time for which application threads were stopped: 0,0009751 seconds, Stopping threads took: 0,0009040 seconds
2017-06-09T19:50:22.741+0200: 7035,823: Total time for which application threads were stopped: 0,0000788 seconds, Stopping threads took: 0,0000416 seconds
2017-06-09T19:50:22.741+0200: 7035,823: Total time for which application threads were stopped: 0,0000395 seconds, Stopping threads took: 0,0000110 seconds
2017-06-09T19:50:22.741+0200: 7035,824: Total time for which application threads were stopped: 0,0000681 seconds, Stopping threads took: 0,0000213 seconds
2017-06-09T19:50:22.742+0200: 7035,825: Total time for which application threads were stopped: 0,0001034 seconds, Stopping threads took: 0,0000426 seconds
2017-06-09T19:50:22.746+0200: 7035,829: Total time for which application threads were stopped: 0,0000829 seconds, Stopping threads took: 0,0000228 seconds
2017-06-09T19:50:22.746+0200: 7035,829: Total time for which application threads were stopped: 0,0000517 seconds, Stopping threads took: 0,0000169 seconds
2017-06-09T19:50:22.746+0200: 7035,829: Total time for which application threads were stopped: 0,0000486 seconds, Stopping threads took: 0,0000148 seconds
2017-06-09T19:50:22.747+0200: 7035,830: Total time for which application threads were stopped: 0,0000656 seconds, Stopping threads took: 0,0000244 seconds
2017-06-09T19:50:22.747+0200: 7035,830: Total time for which application threads were stopped: 0,0000362 seconds, Stopping threads took: 0,0000069 seconds
2017-06-09T19:50:22.747+0200: 7035,830: Total time for which application threads were stopped: 0,0000375 seconds, Stopping threads took: 0,0000070 seconds
2017-06-09T19:50:22.748+0200: 7035,831: Total time for which application threads were stopped: 0,0009774 seconds, Stopping threads took: 0,0009010 seconds
2017-06-09T19:50:22.749+0200: 7035,832: Total time for which application threads were stopped: 0,0001186 seconds, Stopping threads took: 0,0000327 seconds
2017-06-09T19:50:22.750+0200: 7035,832: Total time for which application threads were stopped: 0,0000638 seconds, Stopping threads took: 0,0000212 seconds
2017-06-09T19:50:22.750+0200: 7035,833: Total time for which application threads were stopped: 0,0000470 seconds, Stopping threads took: 0,0000141 seconds
2017-06-09T19:50:22.750+0200: 7035,833: Total time for which application threads were stopped: 0,0001142 seconds, Stopping threads took: 0,0000138 seconds
2017-06-09T19:50:22.751+0200: 7035,834: Total time for which application threads were stopped: 0,0000738 seconds, Stopping threads took: 0,0000237 seconds
2017-06-09T19:50:22.752+0200: 7035,835: Total time for which application threads were stopped: 0,0001150 seconds, Stopping threads took: 0,0000337 seconds
Heap
 par new generation   total 109248K, used 19490K [0x00000000e0000000, 0x00000000e8000000, 0x00000000e8000000)
  eden space 87424K,   5% used [0x00000000e0000000, 0x00000000e04e82f8, 0x00000000e5560000)
  from space 21824K,  66% used [0x00000000e5560000, 0x00000000e63806b0, 0x00000000e6ab0000)
  to   space 21824K,   0% used [0x00000000e6ab0000, 0x00000000e6ab0000, 0x00000000e8000000)
 concurrent mark-sweep generation total 393216K, used 6881K [0x00000000e8000000, 0x0000000100000000, 0x0000000100000000)
 Metaspace       used 28139K, capacity 28722K, committed 29052K, reserved 1075200K
  class space    used 3227K, capacity 3424K, committed 3452K, reserved 1048576K
