OpenJDK 64-Bit Server VM (25.91-b14) for linux-amd64 JRE (1.8.0_91-8u91-b14-3ubuntu1~16.04.1-b14), built on Jul 21 2016 04:13:34 by "buildd" with gcc 5.3.1 20160413
Memory: 4k page, physical 7867876k(7549316k free), swap 8076284k(8076284k free)
CommandLine flags: -XX:CMSInitiatingOccupancyFraction=50 -XX:CMSMaxAbortablePrecleanTime=6000 -XX:+CMSParallelRemarkEnabled -XX:+CMSScavengeBeforeRemark -XX:ConcGCThreads=4 -XX:InitialHeapSize=536870912 -XX:MaxHeapSize=536870912 -XX:MaxTenuringThreshold=8 -XX:NewRatio=3 -XX:OldPLABSize=16 -XX:OnOutOfMemoryError=/opt/solr/bin/oom_solr.sh 8983 /var/solr/logs -XX:ParallelGCThreads=4 -XX:+ParallelRefProcEnabled -XX:PretenureSizeThreshold=67108864 -XX:+PrintGC -XX:+PrintGCApplicationStoppedTime -XX:+PrintGCDateStamps -XX:+PrintGCDetails -XX:+PrintGCTimeStamps -XX:+PrintHeapAtGC -XX:+PrintTenuringDistribution -XX:SurvivorRatio=4 -XX:TargetSurvivorRatio=90 -XX:ThreadStackSize=256 -XX:+UseCMSInitiatingOccupancyOnly -XX:+UseCompressedClassPointers -XX:+UseCompressedOops -XX:+UseConcMarkSweepGC -XX:+UseParNewGC 
2016-10-27T11:32:12.247+0200: 0,138: Total time for which application threads were stopped: 0,0000695 seconds, Stopping threads took: 0,0000163 seconds
2016-10-27T11:32:12.309+0200: 0,199: Total time for which application threads were stopped: 0,0000857 seconds, Stopping threads took: 0,0000155 seconds
2016-10-27T11:32:12.321+0200: 0,211: Total time for which application threads were stopped: 0,0000923 seconds, Stopping threads took: 0,0000207 seconds
2016-10-27T11:32:12.458+0200: 0,349: Total time for which application threads were stopped: 0,0001216 seconds, Stopping threads took: 0,0000134 seconds
2016-10-27T11:32:12.665+0200: 0,556: Total time for which application threads were stopped: 0,0001115 seconds, Stopping threads took: 0,0000196 seconds
2016-10-27T11:32:12.722+0200: 0,613: Total time for which application threads were stopped: 0,0001401 seconds, Stopping threads took: 0,0000166 seconds
2016-10-27T11:32:12.740+0200: 0,630: Total time for which application threads were stopped: 0,0003188 seconds, Stopping threads took: 0,0001319 seconds
2016-10-27T11:32:13.147+0200: 1,037: Total time for which application threads were stopped: 0,0002489 seconds, Stopping threads took: 0,0000237 seconds
2016-10-27T11:32:13.371+0200: 1,261: Total time for which application threads were stopped: 0,0001947 seconds, Stopping threads took: 0,0000201 seconds
2016-10-27T11:32:13.433+0200: 1,324: Total time for which application threads were stopped: 0,0001969 seconds, Stopping threads took: 0,0000194 seconds
2016-10-27T11:32:13.434+0200: 1,325: Total time for which application threads were stopped: 0,0001710 seconds, Stopping threads took: 0,0000200 seconds
2016-10-27T11:32:13.444+0200: 1,334: Total time for which application threads were stopped: 0,0001764 seconds, Stopping threads took: 0,0000153 seconds
2016-10-27T11:32:13.570+0200: 1,461: Total time for which application threads were stopped: 0,0002429 seconds, Stopping threads took: 0,0000242 seconds
2016-10-27T11:32:13.702+0200: 1,592: Total time for which application threads were stopped: 0,0002581 seconds, Stopping threads took: 0,0000579 seconds
{Heap before GC invocations=0 (full 0):
 par new generation   total 109248K, used 87424K [0x00000000e0000000, 0x00000000e8000000, 0x00000000e8000000)
  eden space 87424K, 100% used [0x00000000e0000000, 0x00000000e5560000, 0x00000000e5560000)
  from space 21824K,   0% used [0x00000000e5560000, 0x00000000e5560000, 0x00000000e6ab0000)
  to   space 21824K,   0% used [0x00000000e6ab0000, 0x00000000e6ab0000, 0x00000000e8000000)
 concurrent mark-sweep generation total 393216K, used 0K [0x00000000e8000000, 0x0000000100000000, 0x0000000100000000)
 Metaspace       used 17806K, capacity 18086K, committed 18304K, reserved 1064960K
  class space    used 2029K, capacity 2132K, committed 2176K, reserved 1048576K
2016-10-27T11:32:13.820+0200: 1,710: [GC (Allocation Failure) 2016-10-27T11:32:13.820+0200: 1,710: [ParNew
Desired survivor size 20112992 bytes, new threshold 8 (max 8)
- age   1:   11687904 bytes,   11687904 total
: 87424K->11530K(109248K), 0,0254873 secs] 87424K->11530K(502464K), 0,0257195 secs] [Times: user=0,03 sys=0,06, real=0,02 secs] 
Heap after GC invocations=1 (full 0):
 par new generation   total 109248K, used 11530K [0x00000000e0000000, 0x00000000e8000000, 0x00000000e8000000)
  eden space 87424K,   0% used [0x00000000e0000000, 0x00000000e0000000, 0x00000000e5560000)
  from space 21824K,  52% used [0x00000000e6ab0000, 0x00000000e75f2878, 0x00000000e8000000)
  to   space 21824K,   0% used [0x00000000e5560000, 0x00000000e5560000, 0x00000000e6ab0000)
 concurrent mark-sweep generation total 393216K, used 0K [0x00000000e8000000, 0x0000000100000000, 0x0000000100000000)
 Metaspace       used 17806K, capacity 18086K, committed 18304K, reserved 1064960K
  class space    used 2029K, capacity 2132K, committed 2176K, reserved 1048576K
}
2016-10-27T11:32:13.846+0200: 1,736: Total time for which application threads were stopped: 0,0260561 seconds, Stopping threads took: 0,0000315 seconds
2016-10-27T11:32:14.083+0200: 1,973: Total time for which application threads were stopped: 0,0003208 seconds, Stopping threads took: 0,0000499 seconds
2016-10-27T11:32:14.124+0200: 2,015: Total time for which application threads were stopped: 0,0003108 seconds, Stopping threads took: 0,0000397 seconds
2016-10-27T11:32:14.165+0200: 2,055: Total time for which application threads were stopped: 0,0003356 seconds, Stopping threads took: 0,0000451 seconds
{Heap before GC invocations=1 (full 0):
 par new generation   total 109248K, used 98954K [0x00000000e0000000, 0x00000000e8000000, 0x00000000e8000000)
  eden space 87424K, 100% used [0x00000000e0000000, 0x00000000e5560000, 0x00000000e5560000)
  from space 21824K,  52% used [0x00000000e6ab0000, 0x00000000e75f2878, 0x00000000e8000000)
  to   space 21824K,   0% used [0x00000000e5560000, 0x00000000e5560000, 0x00000000e6ab0000)
 concurrent mark-sweep generation total 393216K, used 0K [0x00000000e8000000, 0x0000000100000000, 0x0000000100000000)
 Metaspace       used 20654K, capacity 20962K, committed 21248K, reserved 1069056K
  class space    used 2400K, capacity 2519K, committed 2560K, reserved 1048576K
2016-10-27T11:32:14.360+0200: 2,250: [GC (Allocation Failure) 2016-10-27T11:32:14.360+0200: 2,250: [ParNew
Desired survivor size 20112992 bytes, new threshold 8 (max 8)
- age   1:    3322704 bytes,    3322704 total
- age   2:    5933544 bytes,    9256248 total
: 98954K->12648K(109248K), 0,0148193 secs] 98954K->12648K(502464K), 0,0148933 secs] [Times: user=0,05 sys=0,01, real=0,01 secs] 
Heap after GC invocations=2 (full 0):
 par new generation   total 109248K, used 12648K [0x00000000e0000000, 0x00000000e8000000, 0x00000000e8000000)
  eden space 87424K,   0% used [0x00000000e0000000, 0x00000000e0000000, 0x00000000e5560000)
  from space 21824K,  57% used [0x00000000e5560000, 0x00000000e61ba240, 0x00000000e6ab0000)
  to   space 21824K,   0% used [0x00000000e6ab0000, 0x00000000e6ab0000, 0x00000000e8000000)
 concurrent mark-sweep generation total 393216K, used 0K [0x00000000e8000000, 0x0000000100000000, 0x0000000100000000)
 Metaspace       used 20654K, capacity 20962K, committed 21248K, reserved 1069056K
  class space    used 2400K, capacity 2519K, committed 2560K, reserved 1048576K
}
2016-10-27T11:32:14.375+0200: 2,265: Total time for which application threads were stopped: 0,0151087 seconds, Stopping threads took: 0,0000456 seconds
2016-10-27T11:32:14.453+0200: 2,344: Total time for which application threads were stopped: 0,0000928 seconds, Stopping threads took: 0,0000164 seconds
2016-10-27T11:32:14.466+0200: 2,357: Total time for which application threads were stopped: 0,0002610 seconds, Stopping threads took: 0,0000237 seconds
2016-10-27T11:32:14.471+0200: 2,362: Total time for which application threads were stopped: 0,0000725 seconds, Stopping threads took: 0,0000126 seconds
2016-10-27T11:32:14.516+0200: 2,406: Total time for which application threads were stopped: 0,0001129 seconds, Stopping threads took: 0,0000236 seconds
2016-10-27T11:32:14.544+0200: 2,434: Total time for which application threads were stopped: 0,0001144 seconds, Stopping threads took: 0,0000320 seconds
2016-10-27T11:32:14.561+0200: 2,452: Total time for which application threads were stopped: 0,0000871 seconds, Stopping threads took: 0,0000172 seconds
2016-10-27T11:32:14.564+0200: 2,455: Total time for which application threads were stopped: 0,0002787 seconds, Stopping threads took: 0,0000214 seconds
2016-10-27T11:32:14.593+0200: 2,484: Total time for which application threads were stopped: 0,0001715 seconds, Stopping threads took: 0,0000886 seconds
2016-10-27T11:32:14.616+0200: 2,507: Total time for which application threads were stopped: 0,0000972 seconds, Stopping threads took: 0,0000158 seconds
2016-10-27T11:32:14.632+0200: 2,523: Total time for which application threads were stopped: 0,0000777 seconds, Stopping threads took: 0,0000162 seconds
2016-10-27T11:32:14.646+0200: 2,537: Total time for which application threads were stopped: 0,0000647 seconds, Stopping threads took: 0,0000126 seconds
2016-10-27T11:32:14.674+0200: 2,565: Total time for which application threads were stopped: 0,0001189 seconds, Stopping threads took: 0,0000499 seconds
2016-10-27T11:32:14.717+0200: 2,608: Total time for which application threads were stopped: 0,0001031 seconds, Stopping threads took: 0,0000225 seconds
2016-10-27T11:32:14.751+0200: 2,642: Total time for which application threads were stopped: 0,0001169 seconds, Stopping threads took: 0,0000307 seconds
2016-10-27T11:32:14.793+0200: 2,683: Total time for which application threads were stopped: 0,0001138 seconds, Stopping threads took: 0,0000339 seconds
2016-10-27T11:32:14.825+0200: 2,715: Total time for which application threads were stopped: 0,0001097 seconds, Stopping threads took: 0,0000332 seconds
2016-10-27T11:32:14.850+0200: 2,740: Total time for which application threads were stopped: 0,0001131 seconds, Stopping threads took: 0,0000275 seconds
2016-10-27T11:32:14.882+0200: 2,773: Total time for which application threads were stopped: 0,0001115 seconds, Stopping threads took: 0,0000305 seconds
{Heap before GC invocations=2 (full 0):
 par new generation   total 109248K, used 100072K [0x00000000e0000000, 0x00000000e8000000, 0x00000000e8000000)
  eden space 87424K, 100% used [0x00000000e0000000, 0x00000000e5560000, 0x00000000e5560000)
  from space 21824K,  57% used [0x00000000e5560000, 0x00000000e61ba240, 0x00000000e6ab0000)
  to   space 21824K,   0% used [0x00000000e6ab0000, 0x00000000e6ab0000, 0x00000000e8000000)
 concurrent mark-sweep generation total 393216K, used 0K [0x00000000e8000000, 0x0000000100000000, 0x0000000100000000)
 Metaspace       used 25871K, capacity 26270K, committed 26532K, reserved 1073152K
  class space    used 3022K, capacity 3157K, committed 3168K, reserved 1048576K
2016-10-27T11:32:14.892+0200: 2,782: [GC (Allocation Failure) 2016-10-27T11:32:14.892+0200: 2,782: [ParNew
Desired survivor size 20112992 bytes, new threshold 8 (max 8)
- age   1:    7826832 bytes,    7826832 total
- age   2:     566888 bytes,    8393720 total
- age   3:    5923528 bytes,   14317248 total
: 100072K->18188K(109248K), 0,0154028 secs] 100072K->18188K(502464K), 0,0154651 secs] [Times: user=0,05 sys=0,01, real=0,02 secs] 
Heap after GC invocations=3 (full 0):
 par new generation   total 109248K, used 18188K [0x00000000e0000000, 0x00000000e8000000, 0x00000000e8000000)
  eden space 87424K,   0% used [0x00000000e0000000, 0x00000000e0000000, 0x00000000e5560000)
  from space 21824K,  83% used [0x00000000e6ab0000, 0x00000000e7c73130, 0x00000000e8000000)
  to   space 21824K,   0% used [0x00000000e5560000, 0x00000000e5560000, 0x00000000e6ab0000)
 concurrent mark-sweep generation total 393216K, used 0K [0x00000000e8000000, 0x0000000100000000, 0x0000000100000000)
 Metaspace       used 25871K, capacity 26270K, committed 26532K, reserved 1073152K
  class space    used 3022K, capacity 3157K, committed 3168K, reserved 1048576K
}
2016-10-27T11:32:14.907+0200: 2,798: Total time for which application threads were stopped: 0,0156726 seconds, Stopping threads took: 0,0000289 seconds
2016-10-27T11:32:14.909+0200: 2,800: [GC (CMS Initial Mark) [1 CMS-initial-mark: 0K(393216K)] 19574K(502464K), 0,0045936 secs] [Times: user=0,01 sys=0,00, real=0,00 secs] 
2016-10-27T11:32:14.914+0200: 2,805: Total time for which application threads were stopped: 0,0047059 seconds, Stopping threads took: 0,0000257 seconds
2016-10-27T11:32:14.914+0200: 2,805: [CMS-concurrent-mark-start]
2016-10-27T11:32:14.914+0200: 2,805: [CMS-concurrent-mark: 0,000/0,000 secs] [Times: user=0,00 sys=0,00, real=0,00 secs] 
2016-10-27T11:32:14.914+0200: 2,805: [CMS-concurrent-preclean-start]
2016-10-27T11:32:14.915+0200: 2,806: [CMS-concurrent-preclean: 0,001/0,001 secs] [Times: user=0,00 sys=0,01, real=0,00 secs] 
2016-10-27T11:32:14.916+0200: 2,806: [GC (CMS Final Remark) [YG occupancy: 19574 K (109248 K)]{Heap before GC invocations=3 (full 1):
 par new generation   total 109248K, used 19574K [0x00000000e0000000, 0x00000000e8000000, 0x00000000e8000000)
  eden space 87424K,   1% used [0x00000000e0000000, 0x00000000e015aa20, 0x00000000e5560000)
  from space 21824K,  83% used [0x00000000e6ab0000, 0x00000000e7c73130, 0x00000000e8000000)
  to   space 21824K,   0% used [0x00000000e5560000, 0x00000000e5560000, 0x00000000e6ab0000)
 concurrent mark-sweep generation total 393216K, used 0K [0x00000000e8000000, 0x0000000100000000, 0x0000000100000000)
 Metaspace       used 25874K, capacity 26270K, committed 26532K, reserved 1073152K
  class space    used 3022K, capacity 3157K, committed 3168K, reserved 1048576K
2016-10-27T11:32:14.916+0200: 2,806: [GC (CMS Final Remark) 2016-10-27T11:32:14.916+0200: 2,806: [ParNew
Desired survivor size 20112992 bytes, new threshold 8 (max 8)
- age   1:       9064 bytes,       9064 total
- age   2:    3303152 bytes,    3312216 total
- age   3:     566888 bytes,    3879104 total
- age   4:    5922048 bytes,    9801152 total
: 19574K->13340K(109248K), 0,0130518 secs] 19574K->13340K(502464K), 0,0130879 secs] [Times: user=0,05 sys=0,00, real=0,02 secs] 
Heap after GC invocations=4 (full 1):
 par new generation   total 109248K, used 13340K [0x00000000e0000000, 0x00000000e8000000, 0x00000000e8000000)
  eden space 87424K,   0% used [0x00000000e0000000, 0x00000000e0000000, 0x00000000e5560000)
  from space 21824K,  61% used [0x00000000e5560000, 0x00000000e6267290, 0x00000000e6ab0000)
  to   space 21824K,   0% used [0x00000000e6ab0000, 0x00000000e6ab0000, 0x00000000e8000000)
 concurrent mark-sweep generation total 393216K, used 0K [0x00000000e8000000, 0x0000000100000000, 0x0000000100000000)
 Metaspace       used 25874K, capacity 26270K, committed 26532K, reserved 1073152K
  class space    used 3022K, capacity 3157K, committed 3168K, reserved 1048576K
}
2016-10-27T11:32:14.929+0200: 2,819: [Rescan (parallel) , 0,0034948 secs]2016-10-27T11:32:14.932+0200: 2,823: [weak refs processing, 0,0011275 secs]2016-10-27T11:32:14.933+0200: 2,824: [class unloading, 0,0030457 secs]2016-10-27T11:32:14.936+0200: 2,827: [scrub symbol table, 0,0036302 secs]2016-10-27T11:32:14.940+0200: 2,831: [scrub string table, 0,0004118 secs][1 CMS-remark: 0K(393216K)] 13340K(502464K), 0,0254732 secs] [Times: user=0,07 sys=0,00, real=0,03 secs] 
2016-10-27T11:32:14.941+0200: 2,832: Total time for which application threads were stopped: 0,0255701 seconds, Stopping threads took: 0,0000276 seconds
2016-10-27T11:32:14.941+0200: 2,832: [CMS-concurrent-sweep-start]
2016-10-27T11:32:14.941+0200: 2,832: [CMS-concurrent-sweep: 0,000/0,000 secs] [Times: user=0,00 sys=0,00, real=0,00 secs] 
2016-10-27T11:32:14.941+0200: 2,832: [CMS-concurrent-reset-start]
2016-10-27T11:32:14.943+0200: 2,834: [CMS-concurrent-reset: 0,002/0,002 secs] [Times: user=0,01 sys=0,00, real=0,00 secs] 
2016-10-27T11:32:15.941+0200: 3,832: Total time for which application threads were stopped: 0,0000750 seconds, Stopping threads took: 0,0000165 seconds
2016-10-27T11:32:16.172+0200: 4,062: Total time for which application threads were stopped: 0,0003034 seconds, Stopping threads took: 0,0000178 seconds
2016-10-27T11:32:42.281+0200: 31,066: Total time for which application threads were stopped: 0,0004043 seconds, Stopping threads took: 0,0001014 seconds
2016-10-27T11:34:53.294+0200: 162,078: Total time for which application threads were stopped: 0,0000757 seconds, Stopping threads took: 0,0000317 seconds
2016-10-27T11:34:58.294+0200: 167,079: Total time for which application threads were stopped: 0,0001379 seconds, Stopping threads took: 0,0000334 seconds
2016-10-27T11:35:02.295+0200: 171,080: Total time for which application threads were stopped: 0,0000605 seconds, Stopping threads took: 0,0000159 seconds
2016-10-27T11:35:12.296+0200: 181,081: Total time for which application threads were stopped: 0,0000627 seconds, Stopping threads took: 0,0000148 seconds
2016-10-27T11:35:52.301+0200: 221,086: Total time for which application threads were stopped: 0,0000895 seconds, Stopping threads took: 0,0000346 seconds
2016-10-27T11:36:08.304+0200: 237,088: Total time for which application threads were stopped: 0,0001584 seconds, Stopping threads took: 0,0000632 seconds
2016-10-27T11:36:37.307+0200: 266,091: Total time for which application threads were stopped: 0,0001131 seconds, Stopping threads took: 0,0000409 seconds
2016-10-27T11:36:47.308+0200: 276,093: Total time for which application threads were stopped: 0,0000611 seconds, Stopping threads took: 0,0000158 seconds
2016-10-27T11:36:58.310+0200: 287,094: Total time for which application threads were stopped: 0,0001009 seconds, Stopping threads took: 0,0000374 seconds
2016-10-27T12:00:20.237+0200: 1432,255: Total time for which application threads were stopped: 0,0000772 seconds, Stopping threads took: 0,0000307 seconds
2016-10-27T12:04:59.276+0200: 1711,294: Total time for which application threads were stopped: 0,0000989 seconds, Stopping threads took: 0,0000416 seconds
2016-10-27T12:15:30.368+0200: 2342,386: Total time for which application threads were stopped: 0,0000816 seconds, Stopping threads took: 0,0000350 seconds
2016-10-27T12:15:35.369+0200: 2347,387: Total time for which application threads were stopped: 0,0000748 seconds, Stopping threads took: 0,0000298 seconds
2016-10-27T12:27:50.186+0200: 2973,088: Total time for which application threads were stopped: 0,0001436 seconds, Stopping threads took: 0,0000458 seconds
2016-10-27T12:34:05.232+0200: 3348,133: Total time for which application threads were stopped: 0,0001608 seconds, Stopping threads took: 0,0000625 seconds
2016-10-27T12:35:18.241+0200: 3421,143: Total time for which application threads were stopped: 0,0000750 seconds, Stopping threads took: 0,0000300 seconds
2016-10-27T12:42:05.831+0200: 3828,192: Total time for which application threads were stopped: 0,0001132 seconds, Stopping threads took: 0,0000464 seconds
2016-10-27T12:42:10.832+0200: 3833,193: Total time for which application threads were stopped: 0,0000834 seconds, Stopping threads took: 0,0000181 seconds
2016-10-27T12:45:18.858+0200: 4021,219: Total time for which application threads were stopped: 0,0003744 seconds, Stopping threads took: 0,0002393 seconds
2016-10-27T13:25:16.211+0200: 6418,572: Total time for which application threads were stopped: 0,0001121 seconds, Stopping threads took: 0,0000446 seconds
2016-10-27T13:25:56.218+0200: 6458,579: Total time for which application threads were stopped: 0,0000738 seconds, Stopping threads took: 0,0000302 seconds
2016-10-27T13:57:38.908+0200: 6725,754: Total time for which application threads were stopped: 0,0000755 seconds, Stopping threads took: 0,0000301 seconds
2016-10-27T14:11:20.271+0200: 7501,617: Total time for which application threads were stopped: 0,0000851 seconds, Stopping threads took: 0,0000345 seconds
2016-10-27T14:11:50.274+0200: 7531,620: Total time for which application threads were stopped: 0,0000740 seconds, Stopping threads took: 0,0000286 seconds
2016-10-27T14:12:20.278+0200: 7561,624: Total time for which application threads were stopped: 0,0000940 seconds, Stopping threads took: 0,0000353 seconds
2016-10-27T14:14:20.293+0200: 7681,638: Total time for which application threads were stopped: 0,0001082 seconds, Stopping threads took: 0,0000379 seconds
2016-10-27T15:18:50.684+0200: 11551,173: Total time for which application threads were stopped: 0,0000874 seconds, Stopping threads took: 0,0000353 seconds
2016-10-27T16:27:47.196+0200: 15361,302: Total time for which application threads were stopped: 0,0000916 seconds, Stopping threads took: 0,0000368 seconds
2016-10-27T16:42:00.333+0200: 16214,439: Total time for which application threads were stopped: 0,0313304 seconds, Stopping threads took: 0,0312257 seconds
2016-10-27T16:42:00.352+0200: 16214,457: Total time for which application threads were stopped: 0,0009040 seconds, Stopping threads took: 0,0007886 seconds
Heap
 par new generation   total 109248K, used 46710K [0x00000000e0000000, 0x00000000e8000000, 0x00000000e8000000)
  eden space 87424K,  38% used [0x00000000e0000000, 0x00000000e2096598, 0x00000000e5560000)
  from space 21824K,  61% used [0x00000000e5560000, 0x00000000e6267290, 0x00000000e6ab0000)
  to   space 21824K,   0% used [0x00000000e6ab0000, 0x00000000e6ab0000, 0x00000000e8000000)
 concurrent mark-sweep generation total 393216K, used 0K [0x00000000e8000000, 0x0000000100000000, 0x0000000100000000)
 Metaspace       used 27053K, capacity 27498K, committed 27684K, reserved 1073152K
  class space    used 3155K, capacity 3287K, committed 3296K, reserved 1048576K
