OpenJDK 64-Bit Server VM (25.131-b11) for linux-amd64 JRE (1.8.0_131-8u131-b11-0ubuntu1.16.04.2-b11), built on May  6 2017 02:45:27 by "buildd" with gcc 5.4.0 20160609
Memory: 4k page, physical 7867740k(7417092k free), swap 8076284k(8076284k free)
CommandLine flags: -XX:CMSInitiatingOccupancyFraction=50 -XX:CMSMaxAbortablePrecleanTime=6000 -XX:+CMSParallelRemarkEnabled -XX:+CMSScavengeBeforeRemark -XX:ConcGCThreads=4 -XX:InitialHeapSize=536870912 -XX:MaxHeapSize=536870912 -XX:MaxTenuringThreshold=8 -XX:NewRatio=3 -XX:OldPLABSize=16 -XX:OnOutOfMemoryError=/opt/solr/bin/oom_solr.sh 8983 /var/solr/logs -XX:ParallelGCThreads=4 -XX:+ParallelRefProcEnabled -XX:PretenureSizeThreshold=67108864 -XX:+PrintGC -XX:+PrintGCApplicationStoppedTime -XX:+PrintGCDateStamps -XX:+PrintGCDetails -XX:+PrintGCTimeStamps -XX:+PrintHeapAtGC -XX:+PrintTenuringDistribution -XX:SurvivorRatio=4 -XX:TargetSurvivorRatio=90 -XX:ThreadStackSize=256 -XX:+UseCMSInitiatingOccupancyOnly -XX:+UseCompressedClassPointers -XX:+UseCompressedOops -XX:+UseConcMarkSweepGC -XX:+UseParNewGC 
2017-07-25T07:28:56.090+0200: 0,156: Total time for which application threads were stopped: 0,0000733 seconds, Stopping threads took: 0,0000175 seconds
2017-07-25T07:28:56.183+0200: 0,249: Total time for which application threads were stopped: 0,0001617 seconds, Stopping threads took: 0,0000337 seconds
2017-07-25T07:28:56.200+0200: 0,266: Total time for which application threads were stopped: 0,0000881 seconds, Stopping threads took: 0,0000146 seconds
2017-07-25T07:28:56.419+0200: 0,485: Total time for which application threads were stopped: 0,0002649 seconds, Stopping threads took: 0,0000253 seconds
2017-07-25T07:28:56.821+0200: 0,887: Total time for which application threads were stopped: 0,0001359 seconds, Stopping threads took: 0,0000164 seconds
2017-07-25T07:28:56.886+0200: 0,952: Total time for which application threads were stopped: 0,0002095 seconds, Stopping threads took: 0,0000316 seconds
2017-07-25T07:28:56.904+0200: 0,970: Total time for which application threads were stopped: 0,0001884 seconds, Stopping threads took: 0,0000312 seconds
2017-07-25T07:28:57.320+0200: 1,386: Total time for which application threads were stopped: 0,0001746 seconds, Stopping threads took: 0,0000213 seconds
2017-07-25T07:28:57.612+0200: 1,678: Total time for which application threads were stopped: 0,0002764 seconds, Stopping threads took: 0,0000138 seconds
2017-07-25T07:28:57.637+0200: 1,702: Total time for which application threads were stopped: 0,0001561 seconds, Stopping threads took: 0,0000138 seconds
2017-07-25T07:28:57.672+0200: 1,737: Total time for which application threads were stopped: 0,0002599 seconds, Stopping threads took: 0,0000295 seconds
2017-07-25T07:28:57.674+0200: 1,740: Total time for which application threads were stopped: 0,0002107 seconds, Stopping threads took: 0,0000275 seconds
2017-07-25T07:28:57.695+0200: 1,761: Total time for which application threads were stopped: 0,0004399 seconds, Stopping threads took: 0,0000439 seconds
2017-07-25T07:28:57.807+0200: 1,873: Total time for which application threads were stopped: 0,0002139 seconds, Stopping threads took: 0,0000243 seconds
2017-07-25T07:28:57.989+0200: 2,055: Total time for which application threads were stopped: 0,0004842 seconds, Stopping threads took: 0,0002678 seconds
{Heap before GC invocations=0 (full 0):
 par new generation   total 109248K, used 87424K [0x00000000e0000000, 0x00000000e8000000, 0x00000000e8000000)
  eden space 87424K, 100% used [0x00000000e0000000, 0x00000000e5560000, 0x00000000e5560000)
  from space 21824K,   0% used [0x00000000e5560000, 0x00000000e5560000, 0x00000000e6ab0000)
  to   space 21824K,   0% used [0x00000000e6ab0000, 0x00000000e6ab0000, 0x00000000e8000000)
 concurrent mark-sweep generation total 393216K, used 0K [0x00000000e8000000, 0x0000000100000000, 0x0000000100000000)
 Metaspace       used 17998K, capacity 18336K, committed 18688K, reserved 1064960K
  class space    used 2036K, capacity 2196K, committed 2304K, reserved 1048576K
2017-07-25T07:28:58.078+0200: 2,144: [GC (Allocation Failure) 2017-07-25T07:28:58.078+0200: 2,144: [ParNew
Desired survivor size 20112992 bytes, new threshold 8 (max 8)
- age   1:   12561488 bytes,   12561488 total
: 87424K->12382K(109248K), 0,0158768 secs] 87424K->12382K(502464K), 0,0159505 secs] [Times: user=0,04 sys=0,02, real=0,02 secs] 
Heap after GC invocations=1 (full 0):
 par new generation   total 109248K, used 12382K [0x00000000e0000000, 0x00000000e8000000, 0x00000000e8000000)
  eden space 87424K,   0% used [0x00000000e0000000, 0x00000000e0000000, 0x00000000e5560000)
  from space 21824K,  56% used [0x00000000e6ab0000, 0x00000000e76c78d8, 0x00000000e8000000)
  to   space 21824K,   0% used [0x00000000e5560000, 0x00000000e5560000, 0x00000000e6ab0000)
 concurrent mark-sweep generation total 393216K, used 0K [0x00000000e8000000, 0x0000000100000000, 0x0000000100000000)
 Metaspace       used 17998K, capacity 18336K, committed 18688K, reserved 1064960K
  class space    used 2036K, capacity 2196K, committed 2304K, reserved 1048576K
}
2017-07-25T07:28:58.094+0200: 2,160: Total time for which application threads were stopped: 0,0162533 seconds, Stopping threads took: 0,0001276 seconds
2017-07-25T07:28:58.409+0200: 2,475: Total time for which application threads were stopped: 0,0003716 seconds, Stopping threads took: 0,0000705 seconds
2017-07-25T07:28:58.453+0200: 2,519: Total time for which application threads were stopped: 0,0003524 seconds, Stopping threads took: 0,0000545 seconds
{Heap before GC invocations=1 (full 0):
 par new generation   total 109248K, used 99806K [0x00000000e0000000, 0x00000000e8000000, 0x00000000e8000000)
  eden space 87424K, 100% used [0x00000000e0000000, 0x00000000e5560000, 0x00000000e5560000)
  from space 21824K,  56% used [0x00000000e6ab0000, 0x00000000e76c78d8, 0x00000000e8000000)
  to   space 21824K,   0% used [0x00000000e5560000, 0x00000000e5560000, 0x00000000e6ab0000)
 concurrent mark-sweep generation total 393216K, used 0K [0x00000000e8000000, 0x0000000100000000, 0x0000000100000000)
 Metaspace       used 20074K, capacity 20410K, committed 20736K, reserved 1067008K
  class space    used 2294K, capacity 2463K, committed 2560K, reserved 1048576K
2017-07-25T07:28:58.457+0200: 2,523: [GC (Allocation Failure) 2017-07-25T07:28:58.457+0200: 2,523: [ParNew
Desired survivor size 20112992 bytes, new threshold 8 (max 8)
- age   1:    3642584 bytes,    3642584 total
- age   2:    6649864 bytes,   10292448 total
: 99806K->13723K(109248K), 0,0114770 secs] 99806K->13723K(502464K), 0,0115549 secs] [Times: user=0,04 sys=0,00, real=0,01 secs] 
Heap after GC invocations=2 (full 0):
 par new generation   total 109248K, used 13723K [0x00000000e0000000, 0x00000000e8000000, 0x00000000e8000000)
  eden space 87424K,   0% used [0x00000000e0000000, 0x00000000e0000000, 0x00000000e5560000)
  from space 21824K,  62% used [0x00000000e5560000, 0x00000000e62c6f18, 0x00000000e6ab0000)
  to   space 21824K,   0% used [0x00000000e6ab0000, 0x00000000e6ab0000, 0x00000000e8000000)
 concurrent mark-sweep generation total 393216K, used 0K [0x00000000e8000000, 0x0000000100000000, 0x0000000100000000)
 Metaspace       used 20074K, capacity 20410K, committed 20736K, reserved 1067008K
  class space    used 2294K, capacity 2463K, committed 2560K, reserved 1048576K
}
2017-07-25T07:28:58.469+0200: 2,535: Total time for which application threads were stopped: 0,0117739 seconds, Stopping threads took: 0,0000422 seconds
2017-07-25T07:28:58.512+0200: 2,578: Total time for which application threads were stopped: 0,0028163 seconds, Stopping threads took: 0,0025509 seconds
2017-07-25T07:28:58.658+0200: 2,724: Total time for which application threads were stopped: 0,0001734 seconds, Stopping threads took: 0,0000266 seconds
{Heap before GC invocations=2 (full 0):
 par new generation   total 109248K, used 101147K [0x00000000e0000000, 0x00000000e8000000, 0x00000000e8000000)
  eden space 87424K, 100% used [0x00000000e0000000, 0x00000000e5560000, 0x00000000e5560000)
  from space 21824K,  62% used [0x00000000e5560000, 0x00000000e62c6f18, 0x00000000e6ab0000)
  to   space 21824K,   0% used [0x00000000e6ab0000, 0x00000000e6ab0000, 0x00000000e8000000)
 concurrent mark-sweep generation total 393216K, used 0K [0x00000000e8000000, 0x0000000100000000, 0x0000000100000000)
 Metaspace       used 20998K, capacity 21338K, committed 21628K, reserved 1069056K
  class space    used 2416K, capacity 2583K, committed 2684K, reserved 1048576K
2017-07-25T07:28:58.702+0200: 2,768: [GC (Allocation Failure) 2017-07-25T07:28:58.702+0200: 2,768: [ParNew
Desired survivor size 20112992 bytes, new threshold 8 (max 8)
- age   1:    2113960 bytes,    2113960 total
- age   2:     870008 bytes,    2983968 total
- age   3:    6644560 bytes,    9628528 total
: 101147K->10025K(109248K), 0,0113580 secs] 101147K->10025K(502464K), 0,0114471 secs] [Times: user=0,04 sys=0,00, real=0,01 secs] 
Heap after GC invocations=3 (full 0):
 par new generation   total 109248K, used 10025K [0x00000000e0000000, 0x00000000e8000000, 0x00000000e8000000)
  eden space 87424K,   0% used [0x00000000e0000000, 0x00000000e0000000, 0x00000000e5560000)
  from space 21824K,  45% used [0x00000000e6ab0000, 0x00000000e747a738, 0x00000000e8000000)
  to   space 21824K,   0% used [0x00000000e5560000, 0x00000000e5560000, 0x00000000e6ab0000)
 concurrent mark-sweep generation total 393216K, used 0K [0x00000000e8000000, 0x0000000100000000, 0x0000000100000000)
 Metaspace       used 20998K, capacity 21338K, committed 21628K, reserved 1069056K
  class space    used 2416K, capacity 2583K, committed 2684K, reserved 1048576K
}
2017-07-25T07:28:58.714+0200: 2,780: Total time for which application threads were stopped: 0,0117868 seconds, Stopping threads took: 0,0001777 seconds
2017-07-25T07:28:58.714+0200: 2,780: [GC (CMS Initial Mark) [1 CMS-initial-mark: 0K(393216K)] 10041K(502464K), 0,0059943 secs] [Times: user=0,02 sys=0,00, real=0,00 secs] 
2017-07-25T07:28:58.720+0200: 2,786: Total time for which application threads were stopped: 0,0061302 seconds, Stopping threads took: 0,0000359 seconds
2017-07-25T07:28:58.720+0200: 2,786: [CMS-concurrent-mark-start]
2017-07-25T07:28:58.721+0200: 2,787: [CMS-concurrent-mark: 0,000/0,000 secs] [Times: user=0,00 sys=0,00, real=0,00 secs] 
2017-07-25T07:28:58.721+0200: 2,787: [CMS-concurrent-preclean-start]
2017-07-25T07:28:58.722+0200: 2,788: [CMS-concurrent-preclean: 0,001/0,001 secs] [Times: user=0,01 sys=0,00, real=0,01 secs] 
2017-07-25T07:28:58.722+0200: 2,788: [CMS-concurrent-abortable-preclean-start]
2017-07-25T07:28:58.797+0200: 2,863: Total time for which application threads were stopped: 0,0001237 seconds, Stopping threads took: 0,0000234 seconds
{Heap before GC invocations=3 (full 1):
 par new generation   total 109248K, used 97449K [0x00000000e0000000, 0x00000000e8000000, 0x00000000e8000000)
  eden space 87424K, 100% used [0x00000000e0000000, 0x00000000e5560000, 0x00000000e5560000)
  from space 21824K,  45% used [0x00000000e6ab0000, 0x00000000e747a738, 0x00000000e8000000)
  to   space 21824K,   0% used [0x00000000e5560000, 0x00000000e5560000, 0x00000000e6ab0000)
 concurrent mark-sweep generation total 393216K, used 0K [0x00000000e8000000, 0x0000000100000000, 0x0000000100000000)
 Metaspace       used 21270K, capacity 21605K, committed 21884K, reserved 1069056K
  class space    used 2443K, capacity 2597K, committed 2684K, reserved 1048576K
2017-07-25T07:28:58.855+0200: 2,920: [GC (Allocation Failure) 2017-07-25T07:28:58.855+0200: 2,921: [ParNew
Desired survivor size 20112992 bytes, new threshold 8 (max 8)
- age   1:     586672 bytes,     586672 total
- age   2:    1451328 bytes,    2038000 total
- age   3:     838600 bytes,    2876600 total
- age   4:    6644296 bytes,    9520896 total
: 97449K->12726K(109248K), 0,0098607 secs] 97449K->12726K(502464K), 0,0099337 secs] [Times: user=0,03 sys=0,00, real=0,01 secs] 
Heap after GC invocations=4 (full 1):
 par new generation   total 109248K, used 12726K [0x00000000e0000000, 0x00000000e8000000, 0x00000000e8000000)
  eden space 87424K,   0% used [0x00000000e0000000, 0x00000000e0000000, 0x00000000e5560000)
  from space 21824K,  58% used [0x00000000e5560000, 0x00000000e61cd980, 0x00000000e6ab0000)
  to   space 21824K,   0% used [0x00000000e6ab0000, 0x00000000e6ab0000, 0x00000000e8000000)
 concurrent mark-sweep generation total 393216K, used 0K [0x00000000e8000000, 0x0000000100000000, 0x0000000100000000)
 Metaspace       used 21270K, capacity 21605K, committed 21884K, reserved 1069056K
  class space    used 2443K, capacity 2597K, committed 2684K, reserved 1048576K
}
2017-07-25T07:28:58.865+0200: 2,930: Total time for which application threads were stopped: 0,0101856 seconds, Stopping threads took: 0,0000737 seconds
2017-07-25T07:28:58.865+0200: 2,930: [CMS-concurrent-abortable-preclean: 0,076/0,143 secs] [Times: user=0,54 sys=0,00, real=0,14 secs] 
2017-07-25T07:28:58.865+0200: 2,931: [GC (CMS Final Remark) [YG occupancy: 13426 K (109248 K)]{Heap before GC invocations=4 (full 1):
 par new generation   total 109248K, used 13426K [0x00000000e0000000, 0x00000000e8000000, 0x00000000e8000000)
  eden space 87424K,   0% used [0x00000000e0000000, 0x00000000e00af1f0, 0x00000000e5560000)
  from space 21824K,  58% used [0x00000000e5560000, 0x00000000e61cd980, 0x00000000e6ab0000)
  to   space 21824K,   0% used [0x00000000e6ab0000, 0x00000000e6ab0000, 0x00000000e8000000)
 concurrent mark-sweep generation total 393216K, used 0K [0x00000000e8000000, 0x0000000100000000, 0x0000000100000000)
 Metaspace       used 21270K, capacity 21605K, committed 21884K, reserved 1069056K
  class space    used 2443K, capacity 2597K, committed 2684K, reserved 1048576K
2017-07-25T07:28:58.865+0200: 2,931: [GC (CMS Final Remark) 2017-07-25T07:28:58.865+0200: 2,931: [ParNew
Desired survivor size 20112992 bytes, new threshold 8 (max 8)
- age   1:     104064 bytes,     104064 total
- age   2:     467504 bytes,     571568 total
- age   3:    1451408 bytes,    2022976 total
- age   4:     838600 bytes,    2861576 total
- age   5:    6644376 bytes,    9505952 total
: 13426K->12617K(109248K), 0,0090968 secs] 13426K->12617K(502464K), 0,0091333 secs] [Times: user=0,04 sys=0,00, real=0,01 secs] 
Heap after GC invocations=5 (full 1):
 par new generation   total 109248K, used 12617K [0x00000000e0000000, 0x00000000e8000000, 0x00000000e8000000)
  eden space 87424K,   0% used [0x00000000e0000000, 0x00000000e0000000, 0x00000000e5560000)
  from space 21824K,  57% used [0x00000000e6ab0000, 0x00000000e7702578, 0x00000000e8000000)
  to   space 21824K,   0% used [0x00000000e5560000, 0x00000000e5560000, 0x00000000e6ab0000)
 concurrent mark-sweep generation total 393216K, used 0K [0x00000000e8000000, 0x0000000100000000, 0x0000000100000000)
 Metaspace       used 21270K, capacity 21605K, committed 21884K, reserved 1069056K
  class space    used 2443K, capacity 2597K, committed 2684K, reserved 1048576K
}
2017-07-25T07:28:58.874+0200: 2,940: [Rescan (parallel) , 0,0037280 secs]2017-07-25T07:28:58.878+0200: 2,944: [weak refs processing, 0,0015825 secs]2017-07-25T07:28:58.879+0200: 2,945: [class unloading, 0,0028643 secs]2017-07-25T07:28:58.882+0200: 2,948: [scrub symbol table, 0,0025224 secs]2017-07-25T07:28:58.885+0200: 2,951: [scrub string table, 0,0003996 secs][1 CMS-remark: 0K(393216K)] 12617K(502464K), 0,0209299 secs] [Times: user=0,06 sys=0,00, real=0,02 secs] 
2017-07-25T07:28:58.886+0200: 2,952: Total time for which application threads were stopped: 0,0210452 seconds, Stopping threads took: 0,0000403 seconds
2017-07-25T07:28:58.891+0200: 2,957: [CMS-concurrent-sweep-start]
2017-07-25T07:28:58.891+0200: 2,957: [CMS-concurrent-sweep: 0,000/0,000 secs] [Times: user=0,00 sys=0,00, real=0,00 secs] 
2017-07-25T07:28:58.891+0200: 2,957: [CMS-concurrent-reset-start]
2017-07-25T07:28:58.900+0200: 2,966: [CMS-concurrent-reset: 0,009/0,009 secs] [Times: user=0,02 sys=0,00, real=0,00 secs] 
{Heap before GC invocations=5 (full 1):
 par new generation   total 109248K, used 100041K [0x00000000e0000000, 0x00000000e8000000, 0x00000000e8000000)
  eden space 87424K, 100% used [0x00000000e0000000, 0x00000000e5560000, 0x00000000e5560000)
  from space 21824K,  57% used [0x00000000e6ab0000, 0x00000000e7702578, 0x00000000e8000000)
  to   space 21824K,   0% used [0x00000000e5560000, 0x00000000e5560000, 0x00000000e6ab0000)
 concurrent mark-sweep generation total 393216K, used 0K [0x00000000e8000000, 0x0000000100000000, 0x0000000100000000)
 Metaspace       used 21404K, capacity 21777K, committed 21884K, reserved 1069056K
  class space    used 2463K, capacity 2631K, committed 2684K, reserved 1048576K
2017-07-25T07:28:58.981+0200: 3,047: [GC (Allocation Failure) 2017-07-25T07:28:58.981+0200: 3,047: [ParNew
Desired survivor size 20112992 bytes, new threshold 8 (max 8)
- age   1:     770624 bytes,     770624 total
- age   3:     185736 bytes,     956360 total
- age   4:    1450712 bytes,    2407072 total
- age   5:     834648 bytes,    3241720 total
- age   6:    6644360 bytes,    9886080 total
: 100041K->12207K(109248K), 0,0098703 secs] 100041K->12207K(502464K), 0,0099606 secs] [Times: user=0,04 sys=0,00, real=0,02 secs] 
Heap after GC invocations=6 (full 1):
 par new generation   total 109248K, used 12207K [0x00000000e0000000, 0x00000000e8000000, 0x00000000e8000000)
  eden space 87424K,   0% used [0x00000000e0000000, 0x00000000e0000000, 0x00000000e5560000)
  from space 21824K,  55% used [0x00000000e5560000, 0x00000000e614bea0, 0x00000000e6ab0000)
  to   space 21824K,   0% used [0x00000000e6ab0000, 0x00000000e6ab0000, 0x00000000e8000000)
 concurrent mark-sweep generation total 393216K, used 0K [0x00000000e8000000, 0x0000000100000000, 0x0000000100000000)
 Metaspace       used 21404K, capacity 21777K, committed 21884K, reserved 1069056K
  class space    used 2463K, capacity 2631K, committed 2684K, reserved 1048576K
}
2017-07-25T07:28:58.991+0200: 3,057: Total time for which application threads were stopped: 0,0102216 seconds, Stopping threads took: 0,0001073 seconds
2017-07-25T07:28:59.030+0200: 3,096: Total time for which application threads were stopped: 0,0003652 seconds, Stopping threads took: 0,0000495 seconds
2017-07-25T07:28:59.305+0200: 3,371: Total time for which application threads were stopped: 0,0005065 seconds, Stopping threads took: 0,0000306 seconds
2017-07-25T07:28:59.325+0200: 3,390: Total time for which application threads were stopped: 0,0003776 seconds, Stopping threads took: 0,0000230 seconds
{Heap before GC invocations=6 (full 1):
 par new generation   total 109248K, used 99631K [0x00000000e0000000, 0x00000000e8000000, 0x00000000e8000000)
  eden space 87424K, 100% used [0x00000000e0000000, 0x00000000e5560000, 0x00000000e5560000)
  from space 21824K,  55% used [0x00000000e5560000, 0x00000000e614bea0, 0x00000000e6ab0000)
  to   space 21824K,   0% used [0x00000000e6ab0000, 0x00000000e6ab0000, 0x00000000e8000000)
 concurrent mark-sweep generation total 393216K, used 0K [0x00000000e8000000, 0x0000000100000000, 0x0000000100000000)
 Metaspace       used 23900K, capacity 24369K, committed 24572K, reserved 1071104K
  class space    used 2810K, capacity 3005K, committed 3068K, reserved 1048576K
2017-07-25T07:28:59.475+0200: 3,541: [GC (Allocation Failure) 2017-07-25T07:28:59.475+0200: 3,541: [ParNew
Desired survivor size 20112992 bytes, new threshold 8 (max 8)
- age   1:    5291088 bytes,    5291088 total
- age   2:     121888 bytes,    5412976 total
- age   4:     184360 bytes,    5597336 total
- age   5:     280880 bytes,    5878216 total
- age   6:     810352 bytes,    6688568 total
- age   7:    6635976 bytes,   13324544 total
: 99631K->16923K(109248K), 0,0179580 secs] 99631K->16923K(502464K), 0,0180343 secs] [Times: user=0,06 sys=0,00, real=0,02 secs] 
Heap after GC invocations=7 (full 1):
 par new generation   total 109248K, used 16923K [0x00000000e0000000, 0x00000000e8000000, 0x00000000e8000000)
  eden space 87424K,   0% used [0x00000000e0000000, 0x00000000e0000000, 0x00000000e5560000)
  from space 21824K,  77% used [0x00000000e6ab0000, 0x00000000e7b36c00, 0x00000000e8000000)
  to   space 21824K,   0% used [0x00000000e5560000, 0x00000000e5560000, 0x00000000e6ab0000)
 concurrent mark-sweep generation total 393216K, used 0K [0x00000000e8000000, 0x0000000100000000, 0x0000000100000000)
 Metaspace       used 23900K, capacity 24369K, committed 24572K, reserved 1071104K
  class space    used 2810K, capacity 3005K, committed 3068K, reserved 1048576K
}
2017-07-25T07:28:59.493+0200: 3,559: Total time for which application threads were stopped: 0,0183752 seconds, Stopping threads took: 0,0001058 seconds
{Heap before GC invocations=7 (full 1):
 par new generation   total 109248K, used 104347K [0x00000000e0000000, 0x00000000e8000000, 0x00000000e8000000)
  eden space 87424K, 100% used [0x00000000e0000000, 0x00000000e5560000, 0x00000000e5560000)
  from space 21824K,  77% used [0x00000000e6ab0000, 0x00000000e7b36c00, 0x00000000e8000000)
  to   space 21824K,   0% used [0x00000000e5560000, 0x00000000e5560000, 0x00000000e6ab0000)
 concurrent mark-sweep generation total 393216K, used 0K [0x00000000e8000000, 0x0000000100000000, 0x0000000100000000)
 Metaspace       used 24379K, capacity 24849K, committed 25084K, reserved 1071104K
  class space    used 2853K, capacity 3037K, committed 3068K, reserved 1048576K
2017-07-25T07:28:59.605+0200: 3,671: [GC (Allocation Failure) 2017-07-25T07:28:59.606+0200: 3,671: [ParNew
Desired survivor size 20112992 bytes, new threshold 8 (max 8)
- age   1:    1626912 bytes,    1626912 total
- age   2:    1789488 bytes,    3416400 total
- age   3:      57440 bytes,    3473840 total
- age   5:     100760 bytes,    3574600 total
- age   6:     184528 bytes,    3759128 total
- age   7:     768128 bytes,    4527256 total
- age   8:    6102552 bytes,   10629808 total
: 104347K->13989K(109248K), 0,0136095 secs] 104347K->13989K(502464K), 0,0137096 secs] [Times: user=0,05 sys=0,00, real=0,01 secs] 
Heap after GC invocations=8 (full 1):
 par new generation   total 109248K, used 13989K [0x00000000e0000000, 0x00000000e8000000, 0x00000000e8000000)
  eden space 87424K,   0% used [0x00000000e0000000, 0x00000000e0000000, 0x00000000e5560000)
  from space 21824K,  64% used [0x00000000e5560000, 0x00000000e63097c0, 0x00000000e6ab0000)
  to   space 21824K,   0% used [0x00000000e6ab0000, 0x00000000e6ab0000, 0x00000000e8000000)
 concurrent mark-sweep generation total 393216K, used 0K [0x00000000e8000000, 0x0000000100000000, 0x0000000100000000)
 Metaspace       used 24379K, capacity 24849K, committed 25084K, reserved 1071104K
  class space    used 2853K, capacity 3037K, committed 3068K, reserved 1048576K
}
2017-07-25T07:28:59.619+0200: 3,685: Total time for which application threads were stopped: 0,0225089 seconds, Stopping threads took: 0,0086306 seconds
{Heap before GC invocations=8 (full 1):
 par new generation   total 109248K, used 101413K [0x00000000e0000000, 0x00000000e8000000, 0x00000000e8000000)
  eden space 87424K, 100% used [0x00000000e0000000, 0x00000000e5560000, 0x00000000e5560000)
  from space 21824K,  64% used [0x00000000e5560000, 0x00000000e63097c0, 0x00000000e6ab0000)
  to   space 21824K,   0% used [0x00000000e6ab0000, 0x00000000e6ab0000, 0x00000000e8000000)
 concurrent mark-sweep generation total 393216K, used 0K [0x00000000e8000000, 0x0000000100000000, 0x0000000100000000)
 Metaspace       used 24807K, capacity 25233K, committed 25468K, reserved 1071104K
  class space    used 2891K, capacity 3075K, committed 3196K, reserved 1048576K
2017-07-25T07:28:59.712+0200: 3,778: [GC (Allocation Failure) 2017-07-25T07:28:59.712+0200: 3,778: [ParNew
Desired survivor size 20112992 bytes, new threshold 8 (max 8)
- age   1:     771160 bytes,     771160 total
- age   2:     978864 bytes,    1750024 total
- age   3:    1767096 bytes,    3517120 total
- age   4:      57440 bytes,    3574560 total
- age   6:     100488 bytes,    3675048 total
- age   7:     181728 bytes,    3856776 total
- age   8:     767360 bytes,    4624136 total
: 101413K->7051K(109248K), 0,0326464 secs] 101413K->13093K(502464K), 0,0327156 secs] [Times: user=0,11 sys=0,00, real=0,03 secs] 
Heap after GC invocations=9 (full 1):
 par new generation   total 109248K, used 7051K [0x00000000e0000000, 0x00000000e8000000, 0x00000000e8000000)
  eden space 87424K,   0% used [0x00000000e0000000, 0x00000000e0000000, 0x00000000e5560000)
  from space 21824K,  32% used [0x00000000e6ab0000, 0x00000000e7192f58, 0x00000000e8000000)
  to   space 21824K,   0% used [0x00000000e5560000, 0x00000000e5560000, 0x00000000e6ab0000)
 concurrent mark-sweep generation total 393216K, used 6042K [0x00000000e8000000, 0x0000000100000000, 0x0000000100000000)
 Metaspace       used 24807K, capacity 25233K, committed 25468K, reserved 1071104K
  class space    used 2891K, capacity 3075K, committed 3196K, reserved 1048576K
}
2017-07-25T07:28:59.745+0200: 3,811: Total time for which application threads were stopped: 0,0329640 seconds, Stopping threads took: 0,0000536 seconds
2017-07-25T07:28:59.990+0200: 4,055: Total time for which application threads were stopped: 0,0007883 seconds, Stopping threads took: 0,0003565 seconds
2017-07-25T07:28:59.991+0200: 4,057: Total time for which application threads were stopped: 0,0001862 seconds, Stopping threads took: 0,0001056 seconds
2017-07-25T07:28:59.992+0200: 4,058: Total time for which application threads were stopped: 0,0000920 seconds, Stopping threads took: 0,0000267 seconds
2017-07-25T07:29:00.011+0200: 4,077: Total time for which application threads were stopped: 0,0004262 seconds, Stopping threads took: 0,0000554 seconds
2017-07-25T07:29:00.015+0200: 4,081: Total time for which application threads were stopped: 0,0001146 seconds, Stopping threads took: 0,0000459 seconds
2017-07-25T07:29:00.020+0200: 4,086: Total time for which application threads were stopped: 0,0000974 seconds, Stopping threads took: 0,0000170 seconds
2017-07-25T07:29:00.024+0200: 4,089: Total time for which application threads were stopped: 0,0000948 seconds, Stopping threads took: 0,0000167 seconds
2017-07-25T07:29:00.024+0200: 4,090: Total time for which application threads were stopped: 0,0003284 seconds, Stopping threads took: 0,0000112 seconds
2017-07-25T07:29:00.025+0200: 4,091: Total time for which application threads were stopped: 0,0000999 seconds, Stopping threads took: 0,0000193 seconds
2017-07-25T07:29:00.028+0200: 4,094: Total time for which application threads were stopped: 0,0001028 seconds, Stopping threads took: 0,0000288 seconds
2017-07-25T07:29:00.029+0200: 4,095: Total time for which application threads were stopped: 0,0000969 seconds, Stopping threads took: 0,0000280 seconds
2017-07-25T07:29:00.031+0200: 4,097: Total time for which application threads were stopped: 0,0001298 seconds, Stopping threads took: 0,0000446 seconds
2017-07-25T07:29:00.033+0200: 4,098: Total time for which application threads were stopped: 0,0001387 seconds, Stopping threads took: 0,0000531 seconds
2017-07-25T07:29:00.036+0200: 4,101: Total time for which application threads were stopped: 0,0001235 seconds, Stopping threads took: 0,0000367 seconds
2017-07-25T07:29:00.036+0200: 4,102: Total time for which application threads were stopped: 0,0001146 seconds, Stopping threads took: 0,0000334 seconds
2017-07-25T07:29:00.037+0200: 4,103: Total time for which application threads were stopped: 0,0001074 seconds, Stopping threads took: 0,0000272 seconds
2017-07-25T07:29:00.075+0200: 4,141: Total time for which application threads were stopped: 0,0001714 seconds, Stopping threads took: 0,0000408 seconds
2017-07-25T07:29:00.076+0200: 4,142: Total time for which application threads were stopped: 0,0001348 seconds, Stopping threads took: 0,0000525 seconds
2017-07-25T07:29:00.079+0200: 4,145: Total time for which application threads were stopped: 0,0001150 seconds, Stopping threads took: 0,0000204 seconds
2017-07-25T07:29:00.083+0200: 4,149: Total time for which application threads were stopped: 0,0000979 seconds, Stopping threads took: 0,0000250 seconds
2017-07-25T07:29:00.084+0200: 4,150: Total time for which application threads were stopped: 0,0003427 seconds, Stopping threads took: 0,0000130 seconds
2017-07-25T07:29:00.085+0200: 4,151: Total time for which application threads were stopped: 0,0000716 seconds, Stopping threads took: 0,0000201 seconds
2017-07-25T07:29:00.086+0200: 4,152: Total time for which application threads were stopped: 0,0001202 seconds, Stopping threads took: 0,0000575 seconds
2017-07-25T07:29:00.086+0200: 4,152: Total time for which application threads were stopped: 0,0001022 seconds, Stopping threads took: 0,0000438 seconds
2017-07-25T07:29:00.086+0200: 4,152: Total time for which application threads were stopped: 0,0000563 seconds, Stopping threads took: 0,0000136 seconds
2017-07-25T07:29:00.090+0200: 4,156: Total time for which application threads were stopped: 0,0001758 seconds, Stopping threads took: 0,0000336 seconds
2017-07-25T07:29:00.094+0200: 4,160: Total time for which application threads were stopped: 0,0001302 seconds, Stopping threads took: 0,0000479 seconds
2017-07-25T07:29:00.100+0200: 4,165: Total time for which application threads were stopped: 0,0001352 seconds, Stopping threads took: 0,0000394 seconds
2017-07-25T07:29:00.101+0200: 4,167: Total time for which application threads were stopped: 0,0000822 seconds, Stopping threads took: 0,0000233 seconds
2017-07-25T07:29:00.107+0200: 4,172: Total time for which application threads were stopped: 0,0001224 seconds, Stopping threads took: 0,0000368 seconds
2017-07-25T07:29:00.107+0200: 4,173: Total time for which application threads were stopped: 0,0001287 seconds, Stopping threads took: 0,0000335 seconds
2017-07-25T07:29:00.108+0200: 4,174: Total time for which application threads were stopped: 0,0000962 seconds, Stopping threads took: 0,0000270 seconds
2017-07-25T07:29:00.114+0200: 4,180: Total time for which application threads were stopped: 0,0001699 seconds, Stopping threads took: 0,0000455 seconds
2017-07-25T07:29:00.114+0200: 4,180: Total time for which application threads were stopped: 0,0001255 seconds, Stopping threads took: 0,0000398 seconds
2017-07-25T07:29:00.117+0200: 4,183: Total time for which application threads were stopped: 0,0001355 seconds, Stopping threads took: 0,0000436 seconds
2017-07-25T07:29:00.117+0200: 4,183: Total time for which application threads were stopped: 0,0000947 seconds, Stopping threads took: 0,0000238 seconds
2017-07-25T07:29:00.121+0200: 4,187: Total time for which application threads were stopped: 0,0040529 seconds, Stopping threads took: 0,0039862 seconds
2017-07-25T07:29:00.122+0200: 4,188: Total time for which application threads were stopped: 0,0000916 seconds, Stopping threads took: 0,0000218 seconds
2017-07-25T07:29:00.122+0200: 4,188: Total time for which application threads were stopped: 0,0000492 seconds, Stopping threads took: 0,0000156 seconds
2017-07-25T07:29:00.122+0200: 4,188: Total time for which application threads were stopped: 0,0000469 seconds, Stopping threads took: 0,0000160 seconds
2017-07-25T07:29:00.122+0200: 4,188: Total time for which application threads were stopped: 0,0000381 seconds, Stopping threads took: 0,0000070 seconds
2017-07-25T07:29:00.122+0200: 4,188: Total time for which application threads were stopped: 0,0000374 seconds, Stopping threads took: 0,0000082 seconds
2017-07-25T07:29:00.122+0200: 4,188: Total time for which application threads were stopped: 0,0000713 seconds, Stopping threads took: 0,0000250 seconds
2017-07-25T07:29:00.122+0200: 4,188: Total time for which application threads were stopped: 0,0000452 seconds, Stopping threads took: 0,0000119 seconds
2017-07-25T07:29:00.122+0200: 4,188: Total time for which application threads were stopped: 0,0000456 seconds, Stopping threads took: 0,0000164 seconds
2017-07-25T07:29:00.123+0200: 4,188: Total time for which application threads were stopped: 0,0000544 seconds, Stopping threads took: 0,0000160 seconds
2017-07-25T07:29:00.123+0200: 4,188: Total time for which application threads were stopped: 0,0000508 seconds, Stopping threads took: 0,0000085 seconds
2017-07-25T07:29:00.123+0200: 4,189: Total time for which application threads were stopped: 0,0003744 seconds, Stopping threads took: 0,0002586 seconds
2017-07-25T07:29:00.127+0200: 4,192: Total time for which application threads were stopped: 0,0001715 seconds, Stopping threads took: 0,0000540 seconds
2017-07-25T07:29:00.130+0200: 4,195: Total time for which application threads were stopped: 0,0001232 seconds, Stopping threads took: 0,0000366 seconds
2017-07-25T07:29:00.136+0200: 4,202: Total time for which application threads were stopped: 0,0018786 seconds, Stopping threads took: 0,0017930 seconds
2017-07-25T07:29:00.155+0200: 4,221: Total time for which application threads were stopped: 0,0001947 seconds, Stopping threads took: 0,0000771 seconds
2017-07-25T07:29:00.173+0200: 4,239: Total time for which application threads were stopped: 0,0001522 seconds, Stopping threads took: 0,0000716 seconds
2017-07-25T07:29:00.208+0200: 4,274: Total time for which application threads were stopped: 0,0001563 seconds, Stopping threads took: 0,0000659 seconds
2017-07-25T07:29:00.209+0200: 4,275: Total time for which application threads were stopped: 0,0003442 seconds, Stopping threads took: 0,0000157 seconds
2017-07-25T07:29:00.209+0200: 4,275: Total time for which application threads were stopped: 0,0001071 seconds, Stopping threads took: 0,0000234 seconds
2017-07-25T07:29:00.210+0200: 4,275: Total time for which application threads were stopped: 0,0000599 seconds, Stopping threads took: 0,0000149 seconds
2017-07-25T07:29:00.213+0200: 4,279: Total time for which application threads were stopped: 0,0001058 seconds, Stopping threads took: 0,0000282 seconds
2017-07-25T07:29:01.213+0200: 5,279: Total time for which application threads were stopped: 0,0000687 seconds, Stopping threads took: 0,0000196 seconds
2017-07-25T07:29:02.214+0200: 6,279: Total time for which application threads were stopped: 0,0000658 seconds, Stopping threads took: 0,0000161 seconds
2017-07-25T07:29:18.216+0200: 22,282: Total time for which application threads were stopped: 0,0000685 seconds, Stopping threads took: 0,0000165 seconds
2017-07-25T07:29:28.218+0200: 32,283: Total time for which application threads were stopped: 0,0005657 seconds, Stopping threads took: 0,0001488 seconds
2017-07-25T07:30:52.625+0200: 117,295: Total time for which application threads were stopped: 0,0001647 seconds, Stopping threads took: 0,0000650 seconds
2017-07-25T07:30:57.626+0200: 122,295: Total time for which application threads were stopped: 0,0000655 seconds, Stopping threads took: 0,0000171 seconds
{Heap before GC invocations=9 (full 1):
 par new generation   total 109248K, used 94475K [0x00000000e0000000, 0x00000000e8000000, 0x00000000e8000000)
  eden space 87424K, 100% used [0x00000000e0000000, 0x00000000e5560000, 0x00000000e5560000)
  from space 21824K,  32% used [0x00000000e6ab0000, 0x00000000e7192f58, 0x00000000e8000000)
  to   space 21824K,   0% used [0x00000000e5560000, 0x00000000e5560000, 0x00000000e6ab0000)
 concurrent mark-sweep generation total 393216K, used 6042K [0x00000000e8000000, 0x0000000100000000, 0x0000000100000000)
 Metaspace       used 27986K, capacity 28467K, committed 28796K, reserved 1075200K
  class space    used 3209K, capacity 3382K, committed 3452K, reserved 1048576K
2017-07-25T07:31:51.236+0200: 175,905: [GC (Allocation Failure) 2017-07-25T07:31:51.236+0200: 175,905: [ParNew
Desired survivor size 20112992 bytes, new threshold 8 (max 8)
- age   1:   10957968 bytes,   10957968 total
- age   2:     245056 bytes,   11203024 total
- age   3:     199584 bytes,   11402608 total
- age   4:    1761848 bytes,   13164456 total
- age   5:      57440 bytes,   13221896 total
- age   7:      97720 bytes,   13319616 total
- age   8:     181168 bytes,   13500784 total
: 94475K->15128K(109248K), 0,0235614 secs] 100517K->22007K(502464K), 0,0236872 secs] [Times: user=0,08 sys=0,00, real=0,03 secs] 
Heap after GC invocations=10 (full 1):
 par new generation   total 109248K, used 15128K [0x00000000e0000000, 0x00000000e8000000, 0x00000000e8000000)
  eden space 87424K,   0% used [0x00000000e0000000, 0x00000000e0000000, 0x00000000e5560000)
  from space 21824K,  69% used [0x00000000e5560000, 0x00000000e64261c0, 0x00000000e6ab0000)
  to   space 21824K,   0% used [0x00000000e6ab0000, 0x00000000e6ab0000, 0x00000000e8000000)
 concurrent mark-sweep generation total 393216K, used 6878K [0x00000000e8000000, 0x0000000100000000, 0x0000000100000000)
 Metaspace       used 27986K, capacity 28467K, committed 28796K, reserved 1075200K
  class space    used 3209K, capacity 3382K, committed 3452K, reserved 1048576K
}
2017-07-25T07:31:51.260+0200: 175,929: Total time for which application threads were stopped: 0,0240963 seconds, Stopping threads took: 0,0001882 seconds
2017-07-25T07:31:51.260+0200: 175,930: Total time for which application threads were stopped: 0,0000973 seconds, Stopping threads took: 0,0000459 seconds
2017-07-25T07:31:51.261+0200: 175,930: Total time for which application threads were stopped: 0,0000694 seconds, Stopping threads took: 0,0000326 seconds
2017-07-25T07:31:56.262+0200: 180,931: Total time for which application threads were stopped: 0,0001544 seconds, Stopping threads took: 0,0000371 seconds
2017-07-25T07:33:22.277+0200: 266,946: Total time for which application threads were stopped: 0,0001655 seconds, Stopping threads took: 0,0000590 seconds
2017-07-25T07:33:31.278+0200: 275,948: Total time for which application threads were stopped: 0,0001680 seconds, Stopping threads took: 0,0000616 seconds
2017-07-25T07:52:26.471+0200: 1411,140: Total time for which application threads were stopped: 0,0002054 seconds, Stopping threads took: 0,0000623 seconds
2017-07-25T07:57:11.519+0200: 1696,188: Total time for which application threads were stopped: 0,0001686 seconds, Stopping threads took: 0,0000648 seconds
2017-07-25T08:07:16.619+0200: 2301,289: Total time for which application threads were stopped: 0,0001655 seconds, Stopping threads took: 0,0000602 seconds
2017-07-25T08:07:17.620+0200: 2302,289: Total time for which application threads were stopped: 0,0000716 seconds, Stopping threads took: 0,0000165 seconds
2017-07-25T08:22:12.757+0200: 3197,426: Total time for which application threads were stopped: 0,0001663 seconds, Stopping threads took: 0,0000633 seconds
2017-07-25T08:32:26.855+0200: 3811,524: Total time for which application threads were stopped: 0,0000878 seconds, Stopping threads took: 0,0000326 seconds
2017-07-25T08:32:31.855+0200: 3816,525: Total time for which application threads were stopped: 0,0001454 seconds, Stopping threads took: 0,0000313 seconds
2017-07-25T08:37:26.904+0200: 4111,574: Total time for which application threads were stopped: 0,0001770 seconds, Stopping threads took: 0,0000649 seconds
2017-07-25T08:47:23.003+0200: 4707,672: Total time for which application threads were stopped: 0,0001632 seconds, Stopping threads took: 0,0000621 seconds
2017-07-25T09:08:38.207+0200: 5982,876: Total time for which application threads were stopped: 0,0001593 seconds, Stopping threads took: 0,0000580 seconds
2017-07-25T09:13:18.254+0200: 6262,923: Total time for which application threads were stopped: 0,0001810 seconds, Stopping threads took: 0,0000701 seconds
2017-07-25T09:23:13.427+0200: 6858,096: Total time for which application threads were stopped: 0,0000929 seconds, Stopping threads took: 0,0000263 seconds
2017-07-25T09:23:13.453+0200: 6858,122: Total time for which application threads were stopped: 0,0253384 seconds, Stopping threads took: 0,0252604 seconds
2017-07-25T09:23:13.456+0200: 6858,125: Total time for which application threads were stopped: 0,0000736 seconds, Stopping threads took: 0,0000140 seconds
2017-07-25T09:23:13.456+0200: 6858,125: Total time for which application threads were stopped: 0,0000381 seconds, Stopping threads took: 0,0000052 seconds
2017-07-25T09:23:13.456+0200: 6858,125: Total time for which application threads were stopped: 0,0000944 seconds, Stopping threads took: 0,0000516 seconds
2017-07-25T09:23:13.499+0200: 6858,168: Total time for which application threads were stopped: 0,0000961 seconds, Stopping threads took: 0,0000251 seconds
2017-07-25T09:23:13.541+0200: 6858,210: Total time for which application threads were stopped: 0,0001151 seconds, Stopping threads took: 0,0000224 seconds
2017-07-25T09:23:13.543+0200: 6858,212: Total time for which application threads were stopped: 0,0001008 seconds, Stopping threads took: 0,0000180 seconds
2017-07-25T09:23:13.551+0200: 6858,220: Total time for which application threads were stopped: 0,0000951 seconds, Stopping threads took: 0,0000184 seconds
2017-07-25T09:23:13.552+0200: 6858,221: Total time for which application threads were stopped: 0,0000969 seconds, Stopping threads took: 0,0000197 seconds
2017-07-25T09:23:13.554+0200: 6858,224: Total time for which application threads were stopped: 0,0000870 seconds, Stopping threads took: 0,0000166 seconds
2017-07-25T09:23:13.555+0200: 6858,224: Total time for which application threads were stopped: 0,0000997 seconds, Stopping threads took: 0,0000239 seconds
2017-07-25T09:23:13.556+0200: 6858,225: Total time for which application threads were stopped: 0,0000984 seconds, Stopping threads took: 0,0000210 seconds
2017-07-25T09:23:13.558+0200: 6858,227: Total time for which application threads were stopped: 0,0008955 seconds, Stopping threads took: 0,0008053 seconds
2017-07-25T09:23:13.558+0200: 6858,228: Total time for which application threads were stopped: 0,0000909 seconds, Stopping threads took: 0,0000364 seconds
2017-07-25T09:23:13.561+0200: 6858,230: Total time for which application threads were stopped: 0,0008303 seconds, Stopping threads took: 0,0007615 seconds
2017-07-25T09:23:13.565+0200: 6858,234: Total time for which application threads were stopped: 0,0001032 seconds, Stopping threads took: 0,0000147 seconds
2017-07-25T09:23:13.565+0200: 6858,235: Total time for which application threads were stopped: 0,0000569 seconds, Stopping threads took: 0,0000086 seconds
2017-07-25T09:23:13.565+0200: 6858,235: Total time for which application threads were stopped: 0,0000496 seconds, Stopping threads took: 0,0000072 seconds
2017-07-25T09:23:13.566+0200: 6858,235: Total time for which application threads were stopped: 0,0000424 seconds, Stopping threads took: 0,0000068 seconds
2017-07-25T09:23:13.566+0200: 6858,235: Total time for which application threads were stopped: 0,0000761 seconds, Stopping threads took: 0,0000192 seconds
2017-07-25T09:23:13.566+0200: 6858,235: Total time for which application threads were stopped: 0,0000494 seconds, Stopping threads took: 0,0000074 seconds
2017-07-25T09:23:13.567+0200: 6858,236: Total time for which application threads were stopped: 0,0000923 seconds, Stopping threads took: 0,0000263 seconds
2017-07-25T09:23:13.567+0200: 6858,237: Total time for which application threads were stopped: 0,0000625 seconds, Stopping threads took: 0,0000125 seconds
2017-07-25T09:23:13.567+0200: 6858,237: Total time for which application threads were stopped: 0,0000508 seconds, Stopping threads took: 0,0000093 seconds
2017-07-25T09:23:13.568+0200: 6858,237: Total time for which application threads were stopped: 0,0000488 seconds, Stopping threads took: 0,0000071 seconds
2017-07-25T09:23:13.568+0200: 6858,238: Total time for which application threads were stopped: 0,0000804 seconds, Stopping threads took: 0,0000155 seconds
2017-07-25T09:23:13.568+0200: 6858,238: Total time for which application threads were stopped: 0,0000561 seconds, Stopping threads took: 0,0000090 seconds
2017-07-25T09:23:13.570+0200: 6858,239: Total time for which application threads were stopped: 0,0001597 seconds, Stopping threads took: 0,0000627 seconds
2017-07-25T09:23:13.570+0200: 6858,240: Total time for which application threads were stopped: 0,0000808 seconds, Stopping threads took: 0,0000145 seconds
2017-07-25T09:23:13.571+0200: 6858,240: Total time for which application threads were stopped: 0,0000752 seconds, Stopping threads took: 0,0000137 seconds
2017-07-25T09:23:13.571+0200: 6858,240: Total time for which application threads were stopped: 0,0000552 seconds, Stopping threads took: 0,0000088 seconds
2017-07-25T09:23:13.572+0200: 6858,241: Total time for which application threads were stopped: 0,0000925 seconds, Stopping threads took: 0,0000175 seconds
2017-07-25T09:23:13.572+0200: 6858,242: Total time for which application threads were stopped: 0,0004306 seconds, Stopping threads took: 0,0000117 seconds
2017-07-25T09:23:13.576+0200: 6858,245: Total time for which application threads were stopped: 0,0001037 seconds, Stopping threads took: 0,0000344 seconds
2017-07-25T09:23:13.579+0200: 6858,248: Total time for which application threads were stopped: 0,0003143 seconds, Stopping threads took: 0,0002089 seconds
2017-07-25T09:23:13.584+0200: 6858,253: Total time for which application threads were stopped: 0,0000886 seconds, Stopping threads took: 0,0000137 seconds
2017-07-25T09:23:13.585+0200: 6858,254: Total time for which application threads were stopped: 0,0001108 seconds, Stopping threads took: 0,0000133 seconds
Heap
 par new generation   total 109248K, used 34328K [0x00000000e0000000, 0x00000000e8000000, 0x00000000e8000000)
  eden space 87424K,  21% used [0x00000000e0000000, 0x00000000e12c0210, 0x00000000e5560000)
  from space 21824K,  69% used [0x00000000e5560000, 0x00000000e64261c0, 0x00000000e6ab0000)
  to   space 21824K,   0% used [0x00000000e6ab0000, 0x00000000e6ab0000, 0x00000000e8000000)
 concurrent mark-sweep generation total 393216K, used 6878K [0x00000000e8000000, 0x0000000100000000, 0x0000000100000000)
 Metaspace       used 28109K, capacity 28635K, committed 28796K, reserved 1075200K
  class space    used 3223K, capacity 3416K, committed 3452K, reserved 1048576K
