OpenJDK 64-Bit Server VM (25.121-b13) for linux-amd64 JRE (1.8.0_121-8u121-b13-0ubuntu1.16.04.2-b13), built on Jan 23 2017 15:51:29 by "buildd" with gcc 5.4.0 20160609
Memory: 4k page, physical 7867760k(7504136k free), swap 8076284k(8076284k free)
CommandLine flags: -XX:CMSInitiatingOccupancyFraction=50 -XX:CMSMaxAbortablePrecleanTime=6000 -XX:+CMSParallelRemarkEnabled -XX:+CMSScavengeBeforeRemark -XX:ConcGCThreads=4 -XX:InitialHeapSize=536870912 -XX:MaxHeapSize=536870912 -XX:MaxTenuringThreshold=8 -XX:NewRatio=3 -XX:OldPLABSize=16 -XX:OnOutOfMemoryError=/opt/solr/bin/oom_solr.sh 8983 /var/solr/logs -XX:ParallelGCThreads=4 -XX:+ParallelRefProcEnabled -XX:PretenureSizeThreshold=67108864 -XX:+PrintGC -XX:+PrintGCApplicationStoppedTime -XX:+PrintGCDateStamps -XX:+PrintGCDetails -XX:+PrintGCTimeStamps -XX:+PrintHeapAtGC -XX:+PrintTenuringDistribution -XX:SurvivorRatio=4 -XX:TargetSurvivorRatio=90 -XX:ThreadStackSize=256 -XX:+UseCMSInitiatingOccupancyOnly -XX:+UseCompressedClassPointers -XX:+UseCompressedOops -XX:+UseConcMarkSweepGC -XX:+UseParNewGC 
2017-03-03T09:54:16.650+0100: 0,160: Total time for which application threads were stopped: 0,0000863 seconds, Stopping threads took: 0,0000159 seconds
2017-03-03T09:54:16.756+0100: 0,266: Total time for which application threads were stopped: 0,0001389 seconds, Stopping threads took: 0,0000307 seconds
2017-03-03T09:54:16.780+0100: 0,291: Total time for which application threads were stopped: 0,0001099 seconds, Stopping threads took: 0,0000268 seconds
2017-03-03T09:54:17.238+0100: 0,749: Total time for which application threads were stopped: 0,0001676 seconds, Stopping threads took: 0,0000184 seconds
2017-03-03T09:54:17.556+0100: 1,066: Total time for which application threads were stopped: 0,0002428 seconds, Stopping threads took: 0,0000420 seconds
2017-03-03T09:54:17.627+0100: 1,138: Total time for which application threads were stopped: 0,0004795 seconds, Stopping threads took: 0,0000198 seconds
2017-03-03T09:54:17.653+0100: 1,164: Total time for which application threads were stopped: 0,0002677 seconds, Stopping threads took: 0,0000531 seconds
2017-03-03T09:54:17.906+0100: 1,417: Total time for which application threads were stopped: 0,0002208 seconds, Stopping threads took: 0,0000233 seconds
2017-03-03T09:54:18.145+0100: 1,655: Total time for which application threads were stopped: 0,0002153 seconds, Stopping threads took: 0,0000169 seconds
2017-03-03T09:54:18.176+0100: 1,687: Total time for which application threads were stopped: 0,0001713 seconds, Stopping threads took: 0,0000227 seconds
2017-03-03T09:54:18.210+0100: 1,720: Total time for which application threads were stopped: 0,0002118 seconds, Stopping threads took: 0,0000179 seconds
2017-03-03T09:54:18.211+0100: 1,721: Total time for which application threads were stopped: 0,0001391 seconds, Stopping threads took: 0,0000113 seconds
2017-03-03T09:54:18.222+0100: 1,733: Total time for which application threads were stopped: 0,0001720 seconds, Stopping threads took: 0,0000198 seconds
2017-03-03T09:54:18.292+0100: 1,803: Total time for which application threads were stopped: 0,0002374 seconds, Stopping threads took: 0,0000208 seconds
2017-03-03T09:54:18.466+0100: 1,976: Total time for which application threads were stopped: 0,0002797 seconds, Stopping threads took: 0,0000330 seconds
{Heap before GC invocations=0 (full 0):
 par new generation   total 109248K, used 87424K [0x00000000e0000000, 0x00000000e8000000, 0x00000000e8000000)
  eden space 87424K, 100% used [0x00000000e0000000, 0x00000000e5560000, 0x00000000e5560000)
  from space 21824K,   0% used [0x00000000e5560000, 0x00000000e5560000, 0x00000000e6ab0000)
  to   space 21824K,   0% used [0x00000000e6ab0000, 0x00000000e6ab0000, 0x00000000e8000000)
 concurrent mark-sweep generation total 393216K, used 0K [0x00000000e8000000, 0x0000000100000000, 0x0000000100000000)
 Metaspace       used 17874K, capacity 18240K, committed 18304K, reserved 1064960K
  class space    used 2026K, capacity 2164K, committed 2176K, reserved 1048576K
2017-03-03T09:54:18.519+0100: 2,030: [GC (Allocation Failure) 2017-03-03T09:54:18.519+0100: 2,030: [ParNew
Desired survivor size 20112992 bytes, new threshold 8 (max 8)
- age   1:   11880336 bytes,   11880336 total
: 87424K->11701K(109248K), 0,0175962 secs] 87424K->11701K(502464K), 0,0176726 secs] [Times: user=0,05 sys=0,01, real=0,01 secs] 
Heap after GC invocations=1 (full 0):
 par new generation   total 109248K, used 11701K [0x00000000e0000000, 0x00000000e8000000, 0x00000000e8000000)
  eden space 87424K,   0% used [0x00000000e0000000, 0x00000000e0000000, 0x00000000e5560000)
  from space 21824K,  53% used [0x00000000e6ab0000, 0x00000000e761d4c0, 0x00000000e8000000)
  to   space 21824K,   0% used [0x00000000e5560000, 0x00000000e5560000, 0x00000000e6ab0000)
 concurrent mark-sweep generation total 393216K, used 0K [0x00000000e8000000, 0x0000000100000000, 0x0000000100000000)
 Metaspace       used 17874K, capacity 18240K, committed 18304K, reserved 1064960K
  class space    used 2026K, capacity 2164K, committed 2176K, reserved 1048576K
}
2017-03-03T09:54:18.537+0100: 2,047: Total time for which application threads were stopped: 0,0179019 seconds, Stopping threads took: 0,0000642 seconds
2017-03-03T09:54:18.881+0100: 2,392: Total time for which application threads were stopped: 0,0003458 seconds, Stopping threads took: 0,0000718 seconds
{Heap before GC invocations=1 (full 0):
 par new generation   total 109248K, used 99125K [0x00000000e0000000, 0x00000000e8000000, 0x00000000e8000000)
  eden space 87424K, 100% used [0x00000000e0000000, 0x00000000e5560000, 0x00000000e5560000)
  from space 21824K,  53% used [0x00000000e6ab0000, 0x00000000e761d4c0, 0x00000000e8000000)
  to   space 21824K,   0% used [0x00000000e5560000, 0x00000000e5560000, 0x00000000e6ab0000)
 concurrent mark-sweep generation total 393216K, used 0K [0x00000000e8000000, 0x0000000100000000, 0x0000000100000000)
 Metaspace       used 20035K, capacity 20382K, committed 20736K, reserved 1067008K
  class space    used 2298K, capacity 2477K, committed 2560K, reserved 1048576K
2017-03-03T09:54:18.903+0100: 2,414: [GC (Allocation Failure) 2017-03-03T09:54:18.903+0100: 2,414: [ParNew
Desired survivor size 20112992 bytes, new threshold 8 (max 8)
- age   1:    3995496 bytes,    3995496 total
- age   2:    6417640 bytes,   10413136 total
: 99125K->15225K(109248K), 0,0103714 secs] 99125K->15225K(502464K), 0,0104404 secs] [Times: user=0,03 sys=0,01, real=0,01 secs] 
Heap after GC invocations=2 (full 0):
 par new generation   total 109248K, used 15225K [0x00000000e0000000, 0x00000000e8000000, 0x00000000e8000000)
  eden space 87424K,   0% used [0x00000000e0000000, 0x00000000e0000000, 0x00000000e5560000)
  from space 21824K,  69% used [0x00000000e5560000, 0x00000000e643e440, 0x00000000e6ab0000)
  to   space 21824K,   0% used [0x00000000e6ab0000, 0x00000000e6ab0000, 0x00000000e8000000)
 concurrent mark-sweep generation total 393216K, used 0K [0x00000000e8000000, 0x0000000100000000, 0x0000000100000000)
 Metaspace       used 20035K, capacity 20382K, committed 20736K, reserved 1067008K
  class space    used 2298K, capacity 2477K, committed 2560K, reserved 1048576K
}
2017-03-03T09:54:18.914+0100: 2,424: Total time for which application threads were stopped: 0,0106699 seconds, Stopping threads took: 0,0000860 seconds
2017-03-03T09:54:18.924+0100: 2,435: Total time for which application threads were stopped: 0,0003627 seconds, Stopping threads took: 0,0000581 seconds
2017-03-03T09:54:18.980+0100: 2,490: Total time for which application threads were stopped: 0,0004332 seconds, Stopping threads took: 0,0000262 seconds
2017-03-03T09:54:19.102+0100: 2,613: Total time for which application threads were stopped: 0,0018904 seconds, Stopping threads took: 0,0017302 seconds
{Heap before GC invocations=2 (full 0):
 par new generation   total 109248K, used 102649K [0x00000000e0000000, 0x00000000e8000000, 0x00000000e8000000)
  eden space 87424K, 100% used [0x00000000e0000000, 0x00000000e5560000, 0x00000000e5560000)
  from space 21824K,  69% used [0x00000000e5560000, 0x00000000e643e440, 0x00000000e6ab0000)
  to   space 21824K,   0% used [0x00000000e6ab0000, 0x00000000e6ab0000, 0x00000000e8000000)
 concurrent mark-sweep generation total 393216K, used 0K [0x00000000e8000000, 0x0000000100000000, 0x0000000100000000)
 Metaspace       used 20983K, capacity 21310K, committed 21552K, reserved 1069056K
  class space    used 2422K, capacity 2597K, committed 2608K, reserved 1048576K
2017-03-03T09:54:19.134+0100: 2,644: [GC (Allocation Failure) 2017-03-03T09:54:19.134+0100: 2,644: [ParNew
Desired survivor size 20112992 bytes, new threshold 8 (max 8)
- age   1:    2118496 bytes,    2118496 total
- age   2:    1065104 bytes,    3183600 total
- age   3:    6415464 bytes,    9599064 total
: 102649K->11433K(109248K), 0,0114577 secs] 102649K->11433K(502464K), 0,0115497 secs] [Times: user=0,04 sys=0,00, real=0,01 secs] 
Heap after GC invocations=3 (full 0):
 par new generation   total 109248K, used 11433K [0x00000000e0000000, 0x00000000e8000000, 0x00000000e8000000)
  eden space 87424K,   0% used [0x00000000e0000000, 0x00000000e0000000, 0x00000000e5560000)
  from space 21824K,  52% used [0x00000000e6ab0000, 0x00000000e75da440, 0x00000000e8000000)
  to   space 21824K,   0% used [0x00000000e5560000, 0x00000000e5560000, 0x00000000e6ab0000)
 concurrent mark-sweep generation total 393216K, used 0K [0x00000000e8000000, 0x0000000100000000, 0x0000000100000000)
 Metaspace       used 20983K, capacity 21310K, committed 21552K, reserved 1069056K
  class space    used 2422K, capacity 2597K, committed 2608K, reserved 1048576K
}
2017-03-03T09:54:19.145+0100: 2,656: Total time for which application threads were stopped: 0,0118019 seconds, Stopping threads took: 0,0000911 seconds
2017-03-03T09:54:19.145+0100: 2,656: [GC (CMS Initial Mark) [1 CMS-initial-mark: 0K(393216K)] 12154K(502464K), 0,0031457 secs] [Times: user=0,01 sys=0,00, real=0,01 secs] 
2017-03-03T09:54:19.149+0100: 2,659: Total time for which application threads were stopped: 0,0033136 seconds, Stopping threads took: 0,0000577 seconds
2017-03-03T09:54:19.150+0100: 2,660: [CMS-concurrent-mark-start]
2017-03-03T09:54:19.159+0100: 2,669: [CMS-concurrent-mark: 0,009/0,009 secs] [Times: user=0,03 sys=0,00, real=0,01 secs] 
2017-03-03T09:54:19.159+0100: 2,670: [CMS-concurrent-preclean-start]
2017-03-03T09:54:19.160+0100: 2,671: [CMS-concurrent-preclean: 0,001/0,001 secs] [Times: user=0,01 sys=0,00, real=0,00 secs] 
2017-03-03T09:54:19.160+0100: 2,671: [CMS-concurrent-abortable-preclean-start]
2017-03-03T09:54:19.262+0100: 2,773: Total time for which application threads were stopped: 0,0022744 seconds, Stopping threads took: 0,0021691 seconds
{Heap before GC invocations=3 (full 1):
 par new generation   total 109248K, used 98857K [0x00000000e0000000, 0x00000000e8000000, 0x00000000e8000000)
  eden space 87424K, 100% used [0x00000000e0000000, 0x00000000e5560000, 0x00000000e5560000)
  from space 21824K,  52% used [0x00000000e6ab0000, 0x00000000e75da440, 0x00000000e8000000)
  to   space 21824K,   0% used [0x00000000e5560000, 0x00000000e5560000, 0x00000000e6ab0000)
 concurrent mark-sweep generation total 393216K, used 0K [0x00000000e8000000, 0x0000000100000000, 0x0000000100000000)
 Metaspace       used 21257K, capacity 21650K, committed 21960K, reserved 1069056K
  class space    used 2451K, capacity 2612K, committed 2684K, reserved 1048576K
2017-03-03T09:54:19.278+0100: 2,789: [GC (Allocation Failure) 2017-03-03T09:54:19.278+0100: 2,789: [ParNew
Desired survivor size 20112992 bytes, new threshold 8 (max 8)
- age   1:     859976 bytes,     859976 total
- age   2:    1484176 bytes,    2344152 total
- age   3:    1028280 bytes,    3372432 total
- age   4:    6415584 bytes,    9788016 total
: 98857K->12689K(109248K), 0,0100370 secs] 98857K->12689K(502464K), 0,0101063 secs] [Times: user=0,03 sys=0,00, real=0,01 secs] 
Heap after GC invocations=4 (full 1):
 par new generation   total 109248K, used 12689K [0x00000000e0000000, 0x00000000e8000000, 0x00000000e8000000)
  eden space 87424K,   0% used [0x00000000e0000000, 0x00000000e0000000, 0x00000000e5560000)
  from space 21824K,  58% used [0x00000000e5560000, 0x00000000e61c4650, 0x00000000e6ab0000)
  to   space 21824K,   0% used [0x00000000e6ab0000, 0x00000000e6ab0000, 0x00000000e8000000)
 concurrent mark-sweep generation total 393216K, used 0K [0x00000000e8000000, 0x0000000100000000, 0x0000000100000000)
 Metaspace       used 21257K, capacity 21650K, committed 21960K, reserved 1069056K
  class space    used 2451K, capacity 2612K, committed 2684K, reserved 1048576K
}
2017-03-03T09:54:19.289+0100: 2,799: Total time for which application threads were stopped: 0,0103178 seconds, Stopping threads took: 0,0000580 seconds
{Heap before GC invocations=4 (full 1):
 par new generation   total 109248K, used 100098K [0x00000000e0000000, 0x00000000e8000000, 0x00000000e8000000)
  eden space 87424K,  99% used [0x00000000e0000000, 0x00000000e555c550, 0x00000000e5560000)
  from space 21824K,  58% used [0x00000000e5560000, 0x00000000e61c4650, 0x00000000e6ab0000)
  to   space 21824K,   0% used [0x00000000e6ab0000, 0x00000000e6ab0000, 0x00000000e8000000)
 concurrent mark-sweep generation total 393216K, used 0K [0x00000000e8000000, 0x0000000100000000, 0x0000000100000000)
 Metaspace       used 21410K, capacity 21810K, committed 21960K, reserved 1069056K
  class space    used 2471K, capacity 2644K, committed 2684K, reserved 1048576K
2017-03-03T09:54:19.374+0100: 2,884: [GC (Allocation Failure) 2017-03-03T09:54:19.374+0100: 2,884: [ParNew
Desired survivor size 20112992 bytes, new threshold 8 (max 8)
- age   1:     984872 bytes,     984872 total
- age   2:     172416 bytes,    1157288 total
- age   3:    1484176 bytes,    2641464 total
- age   4:    1028168 bytes,    3669632 total
- age   5:    6415624 bytes,   10085256 total
: 100098K->12823K(109248K), 0,0113189 secs] 100098K->12823K(502464K), 0,0114054 secs] [Times: user=0,04 sys=0,00, real=0,01 secs] 
Heap after GC invocations=5 (full 1):
 par new generation   total 109248K, used 12823K [0x00000000e0000000, 0x00000000e8000000, 0x00000000e8000000)
  eden space 87424K,   0% used [0x00000000e0000000, 0x00000000e0000000, 0x00000000e5560000)
  from space 21824K,  58% used [0x00000000e6ab0000, 0x00000000e7735e18, 0x00000000e8000000)
  to   space 21824K,   0% used [0x00000000e5560000, 0x00000000e5560000, 0x00000000e6ab0000)
 concurrent mark-sweep generation total 393216K, used 0K [0x00000000e8000000, 0x0000000100000000, 0x0000000100000000)
 Metaspace       used 21410K, capacity 21810K, committed 21960K, reserved 1069056K
  class space    used 2471K, capacity 2644K, committed 2684K, reserved 1048576K
}
2017-03-03T09:54:19.385+0100: 2,896: Total time for which application threads were stopped: 0,0118158 seconds, Stopping threads took: 0,0002443 seconds
2017-03-03T09:54:19.419+0100: 2,930: Total time for which application threads were stopped: 0,0001361 seconds, Stopping threads took: 0,0000602 seconds
2017-03-03T09:54:19.433+0100: 2,943: Total time for which application threads were stopped: 0,0003429 seconds, Stopping threads took: 0,0000240 seconds
2017-03-03T09:54:19.460+0100: 2,970: Total time for which application threads were stopped: 0,0000872 seconds, Stopping threads took: 0,0000205 seconds
2017-03-03T09:54:19.482+0100: 2,993: Total time for which application threads were stopped: 0,0001388 seconds, Stopping threads took: 0,0000667 seconds
2017-03-03T09:54:19.611+0100: 3,121: Total time for which application threads were stopped: 0,0002353 seconds, Stopping threads took: 0,0000536 seconds
2017-03-03T09:54:19.647+0100: 3,158: Total time for which application threads were stopped: 0,0002461 seconds, Stopping threads took: 0,0000586 seconds
2017-03-03T09:54:19.654+0100: 3,164: Total time for which application threads were stopped: 0,0003783 seconds, Stopping threads took: 0,0000262 seconds
2017-03-03T09:54:19.654+0100: 3,164: [CMS-concurrent-abortable-preclean: 0,288/0,494 secs] [Times: user=1,78 sys=0,02, real=0,49 secs] 
2017-03-03T09:54:19.654+0100: 3,165: [GC (CMS Final Remark) [YG occupancy: 56624 K (109248 K)]{Heap before GC invocations=5 (full 1):
 par new generation   total 109248K, used 56624K [0x00000000e0000000, 0x00000000e8000000, 0x00000000e8000000)
  eden space 87424K,  50% used [0x00000000e0000000, 0x00000000e2ac64f8, 0x00000000e5560000)
  from space 21824K,  58% used [0x00000000e6ab0000, 0x00000000e7735e18, 0x00000000e8000000)
  to   space 21824K,   0% used [0x00000000e5560000, 0x00000000e5560000, 0x00000000e6ab0000)
 concurrent mark-sweep generation total 393216K, used 0K [0x00000000e8000000, 0x0000000100000000, 0x0000000100000000)
 Metaspace       used 22923K, capacity 23340K, committed 23544K, reserved 1071104K
  class space    used 2639K, capacity 2809K, committed 2836K, reserved 1048576K
2017-03-03T09:54:19.654+0100: 3,165: [GC (CMS Final Remark) 2017-03-03T09:54:19.654+0100: 3,165: [ParNew
Desired survivor size 20112992 bytes, new threshold 8 (max 8)
- age   1:    2491232 bytes,    2491232 total
- age   2:     108424 bytes,    2599656 total
- age   3:     171280 bytes,    2770936 total
- age   4:     312544 bytes,    3083480 total
- age   5:    1016440 bytes,    4099920 total
- age   6:    6411920 bytes,   10511840 total
: 56624K->12795K(109248K), 0,0122531 secs] 56624K->12795K(502464K), 0,0123187 secs] [Times: user=0,04 sys=0,01, real=0,02 secs] 
Heap after GC invocations=6 (full 1):
 par new generation   total 109248K, used 12795K [0x00000000e0000000, 0x00000000e8000000, 0x00000000e8000000)
  eden space 87424K,   0% used [0x00000000e0000000, 0x00000000e0000000, 0x00000000e5560000)
  from space 21824K,  58% used [0x00000000e5560000, 0x00000000e61decf0, 0x00000000e6ab0000)
  to   space 21824K,   0% used [0x00000000e6ab0000, 0x00000000e6ab0000, 0x00000000e8000000)
 concurrent mark-sweep generation total 393216K, used 0K [0x00000000e8000000, 0x0000000100000000, 0x0000000100000000)
 Metaspace       used 22923K, capacity 23340K, committed 23544K, reserved 1071104K
  class space    used 2639K, capacity 2809K, committed 2836K, reserved 1048576K
}
2017-03-03T09:54:19.667+0100: 3,177: [Rescan (parallel) , 0,0032133 secs]2017-03-03T09:54:19.670+0100: 3,180: [weak refs processing, 0,0004120 secs]2017-03-03T09:54:19.670+0100: 3,181: [class unloading, 0,0031939 secs]2017-03-03T09:54:19.673+0100: 3,184: [scrub symbol table, 0,0038847 secs]2017-03-03T09:54:19.677+0100: 3,188: [scrub string table, 0,0003721 secs][1 CMS-remark: 0K(393216K)] 12795K(502464K), 0,0241891 secs] [Times: user=0,06 sys=0,01, real=0,03 secs] 
2017-03-03T09:54:19.678+0100: 3,189: Total time for which application threads were stopped: 0,0244813 seconds, Stopping threads took: 0,0002120 seconds
2017-03-03T09:54:19.679+0100: 3,190: [CMS-concurrent-sweep-start]
2017-03-03T09:54:19.679+0100: 3,190: [CMS-concurrent-sweep: 0,000/0,000 secs] [Times: user=0,00 sys=0,00, real=0,00 secs] 
2017-03-03T09:54:19.679+0100: 3,190: [CMS-concurrent-reset-start]
2017-03-03T09:54:19.681+0100: 3,192: [CMS-concurrent-reset: 0,002/0,002 secs] [Times: user=0,01 sys=0,00, real=0,00 secs] 
2017-03-03T09:54:19.697+0100: 3,208: Total time for which application threads were stopped: 0,0006779 seconds, Stopping threads took: 0,0000434 seconds
{Heap before GC invocations=6 (full 1):
 par new generation   total 109248K, used 100219K [0x00000000e0000000, 0x00000000e8000000, 0x00000000e8000000)
  eden space 87424K, 100% used [0x00000000e0000000, 0x00000000e5560000, 0x00000000e5560000)
  from space 21824K,  58% used [0x00000000e5560000, 0x00000000e61decf0, 0x00000000e6ab0000)
  to   space 21824K,   0% used [0x00000000e6ab0000, 0x00000000e6ab0000, 0x00000000e8000000)
 concurrent mark-sweep generation total 393216K, used 0K [0x00000000e8000000, 0x0000000100000000, 0x0000000100000000)
 Metaspace       used 24525K, capacity 24994K, committed 25080K, reserved 1071104K
  class space    used 2876K, capacity 3084K, committed 3092K, reserved 1048576K
2017-03-03T09:54:19.918+0100: 3,428: [GC (Allocation Failure) 2017-03-03T09:54:19.918+0100: 3,428: [ParNew
Desired survivor size 20112992 bytes, new threshold 8 (max 8)
- age   1:    3170480 bytes,    3170480 total
- age   2:    1428904 bytes,    4599384 total
- age   3:     108392 bytes,    4707776 total
- age   4:     168040 bytes,    4875816 total
- age   5:     309288 bytes,    5185104 total
- age   6:    1002272 bytes,    6187376 total
- age   7:    6407216 bytes,   12594592 total
: 100219K->15712K(109248K), 0,0187617 secs] 100219K->15712K(502464K), 0,0188485 secs] [Times: user=0,07 sys=0,01, real=0,02 secs] 
Heap after GC invocations=7 (full 1):
 par new generation   total 109248K, used 15712K [0x00000000e0000000, 0x00000000e8000000, 0x00000000e8000000)
  eden space 87424K,   0% used [0x00000000e0000000, 0x00000000e0000000, 0x00000000e5560000)
  from space 21824K,  71% used [0x00000000e6ab0000, 0x00000000e7a08260, 0x00000000e8000000)
  to   space 21824K,   0% used [0x00000000e5560000, 0x00000000e5560000, 0x00000000e6ab0000)
 concurrent mark-sweep generation total 393216K, used 0K [0x00000000e8000000, 0x0000000100000000, 0x0000000100000000)
 Metaspace       used 24525K, capacity 24994K, committed 25080K, reserved 1071104K
  class space    used 2876K, capacity 3084K, committed 3092K, reserved 1048576K
}
2017-03-03T09:54:19.937+0100: 3,447: Total time for which application threads were stopped: 0,0191379 seconds, Stopping threads took: 0,0000493 seconds
2017-03-03T09:54:20.292+0100: 3,802: Total time for which application threads were stopped: 0,0005671 seconds, Stopping threads took: 0,0000267 seconds
2017-03-03T09:54:20.309+0100: 3,820: Total time for which application threads were stopped: 0,0004656 seconds, Stopping threads took: 0,0000397 seconds
2017-03-03T09:54:20.374+0100: 3,885: Total time for which application threads were stopped: 0,0014390 seconds, Stopping threads took: 0,0010241 seconds
{Heap before GC invocations=7 (full 1):
 par new generation   total 109248K, used 103136K [0x00000000e0000000, 0x00000000e8000000, 0x00000000e8000000)
  eden space 87424K, 100% used [0x00000000e0000000, 0x00000000e5560000, 0x00000000e5560000)
  from space 21824K,  71% used [0x00000000e6ab0000, 0x00000000e7a08260, 0x00000000e8000000)
  to   space 21824K,   0% used [0x00000000e5560000, 0x00000000e5560000, 0x00000000e6ab0000)
 concurrent mark-sweep generation total 393216K, used 0K [0x00000000e8000000, 0x0000000100000000, 0x0000000100000000)
 Metaspace       used 26989K, capacity 27498K, committed 27640K, reserved 1073152K
  class space    used 3112K, capacity 3295K, committed 3348K, reserved 1048576K
2017-03-03T09:54:20.427+0100: 3,937: [GC (Allocation Failure) 2017-03-03T09:54:20.427+0100: 3,937: [ParNew
Desired survivor size 20112992 bytes, new threshold 8 (max 8)
- age   1:    7510488 bytes,    7510488 total
- age   2:     886184 bytes,    8396672 total
- age   3:     608304 bytes,    9004976 total
- age   4:      49216 bytes,    9054192 total
- age   5:     105728 bytes,    9159920 total
- age   6:     188360 bytes,    9348280 total
- age   7:     968088 bytes,   10316368 total
- age   8:    5887944 bytes,   16204312 total
: 103136K->20070K(109248K), 0,0174999 secs] 103136K->20070K(502464K), 0,0175867 secs] [Times: user=0,06 sys=0,01, real=0,01 secs] 
Heap after GC invocations=8 (full 1):
 par new generation   total 109248K, used 20070K [0x00000000e0000000, 0x00000000e8000000, 0x00000000e8000000)
  eden space 87424K,   0% used [0x00000000e0000000, 0x00000000e0000000, 0x00000000e5560000)
  from space 21824K,  91% used [0x00000000e5560000, 0x00000000e68f9ba8, 0x00000000e6ab0000)
  to   space 21824K,   0% used [0x00000000e6ab0000, 0x00000000e6ab0000, 0x00000000e8000000)
 concurrent mark-sweep generation total 393216K, used 0K [0x00000000e8000000, 0x0000000100000000, 0x0000000100000000)
 Metaspace       used 26989K, capacity 27498K, committed 27640K, reserved 1073152K
  class space    used 3112K, capacity 3295K, committed 3348K, reserved 1048576K
}
2017-03-03T09:54:20.444+0100: 3,955: Total time for which application threads were stopped: 0,0178149 seconds, Stopping threads took: 0,0000437 seconds
2017-03-03T09:54:20.552+0100: 4,063: Total time for which application threads were stopped: 0,0004653 seconds, Stopping threads took: 0,0000245 seconds
2017-03-03T09:54:48.555+0100: 32,065: Total time for which application threads were stopped: 0,0004178 seconds, Stopping threads took: 0,0001196 seconds
2017-03-03T09:55:48.562+0100: 92,073: Total time for which application threads were stopped: 0,0005765 seconds, Stopping threads took: 0,0002431 seconds
2017-03-03T09:56:18.566+0100: 122,077: Total time for which application threads were stopped: 0,0007592 seconds, Stopping threads took: 0,0002446 seconds
2017-03-03T09:56:28.568+0100: 132,078: Total time for which application threads were stopped: 0,0001032 seconds, Stopping threads took: 0,0000400 seconds
2017-03-03T09:56:43.569+0100: 147,080: Total time for which application threads were stopped: 0,0000649 seconds, Stopping threads took: 0,0000163 seconds
2017-03-03T09:56:53.571+0100: 157,082: Total time for which application threads were stopped: 0,0003858 seconds, Stopping threads took: 0,0001371 seconds
2017-03-03T09:57:03.572+0100: 167,083: Total time for which application threads were stopped: 0,0000752 seconds, Stopping threads took: 0,0000174 seconds
2017-03-03T09:57:08.573+0100: 172,083: Total time for which application threads were stopped: 0,0001629 seconds, Stopping threads took: 0,0000347 seconds
2017-03-03T09:57:13.573+0100: 177,084: Total time for which application threads were stopped: 0,0000757 seconds, Stopping threads took: 0,0000185 seconds
2017-03-03T09:57:18.574+0100: 182,085: Total time for which application threads were stopped: 0,0000698 seconds, Stopping threads took: 0,0000160 seconds
2017-03-03T09:57:58.579+0100: 222,089: Total time for which application threads were stopped: 0,0002164 seconds, Stopping threads took: 0,0001483 seconds
2017-03-03T09:58:42.584+0100: 266,094: Total time for which application threads were stopped: 0,0003670 seconds, Stopping threads took: 0,0001407 seconds
2017-03-03T09:58:43.584+0100: 267,094: Total time for which application threads were stopped: 0,0001097 seconds, Stopping threads took: 0,0000169 seconds
2017-03-03T09:58:53.585+0100: 277,096: Total time for which application threads were stopped: 0,0000789 seconds, Stopping threads took: 0,0000183 seconds
2017-03-03T10:17:47.722+0100: 1411,233: Total time for which application threads were stopped: 0,0001608 seconds, Stopping threads took: 0,0000599 seconds
2017-03-03T10:22:52.769+0100: 1716,279: Total time for which application threads were stopped: 0,0000778 seconds, Stopping threads took: 0,0000287 seconds
2017-03-03T10:32:38.860+0100: 2302,370: Total time for which application threads were stopped: 0,0001649 seconds, Stopping threads took: 0,0000611 seconds
2017-03-03T10:32:42.861+0100: 2306,371: Total time for which application threads were stopped: 0,0001314 seconds, Stopping threads took: 0,0000300 seconds
2017-03-03T10:47:33.998+0100: 3197,508: Total time for which application threads were stopped: 0,0001622 seconds, Stopping threads took: 0,0000595 seconds
2017-03-03T10:57:43.083+0100: 3806,593: Total time for which application threads were stopped: 0,0000790 seconds, Stopping threads took: 0,0000302 seconds
2017-03-03T11:00:48.106+0100: 3991,616: Total time for which application threads were stopped: 0,0001140 seconds, Stopping threads took: 0,0000343 seconds
2017-03-03T11:20:14.230+0100: 5157,741: Total time for which application threads were stopped: 0,0001005 seconds, Stopping threads took: 0,0000339 seconds
2017-03-03T11:38:44.337+0100: 6267,848: Total time for which application threads were stopped: 0,0000813 seconds, Stopping threads took: 0,0000305 seconds
2017-03-03T11:41:34.351+0100: 6437,861: Total time for which application threads were stopped: 0,0000788 seconds, Stopping threads took: 0,0000307 seconds
2017-03-03T11:54:18.423+0100: 7201,933: Total time for which application threads were stopped: 0,0001020 seconds, Stopping threads took: 0,0000403 seconds
2017-03-03T11:56:48.439+0100: 7351,950: Total time for which application threads were stopped: 0,0000873 seconds, Stopping threads took: 0,0000339 seconds
2017-03-03T11:57:48.446+0100: 7411,957: Total time for which application threads were stopped: 0,0004094 seconds, Stopping threads took: 0,0001345 seconds
2017-03-03T12:02:18.475+0100: 7681,986: Total time for which application threads were stopped: 0,0000967 seconds, Stopping threads took: 0,0000352 seconds
2017-03-03T12:07:58.304+0100: 8021,814: Total time for which application threads were stopped: 0,0001499 seconds, Stopping threads took: 0,0000295 seconds
2017-03-03T12:07:58.304+0100: 8021,815: Total time for which application threads were stopped: 0,0000889 seconds, Stopping threads took: 0,0000120 seconds
Heap
 par new generation   total 109248K, used 52115K [0x00000000e0000000, 0x00000000e8000000, 0x00000000e8000000)
  eden space 87424K,  36% used [0x00000000e0000000, 0x00000000e1f4b418, 0x00000000e5560000)
  from space 21824K,  91% used [0x00000000e5560000, 0x00000000e68f9ba8, 0x00000000e6ab0000)
  to   space 21824K,   0% used [0x00000000e6ab0000, 0x00000000e6ab0000, 0x00000000e8000000)
 concurrent mark-sweep generation total 393216K, used 0K [0x00000000e8000000, 0x0000000100000000, 0x0000000100000000)
 Metaspace       used 28106K, capacity 28670K, committed 29048K, reserved 1075200K
  class space    used 3231K, capacity 3427K, committed 3476K, reserved 1048576K
