OpenJDK 64-Bit Server VM (25.111-b14) for linux-amd64 JRE (1.8.0_111-8u111-b14-2ubuntu0.16.04.2-b14), built on Oct 27 2016 18:10:19 by "buildd" with gcc 5.4.0 20160609
Memory: 4k page, physical 7867840k(7457820k free), swap 8076284k(8076284k free)
CommandLine flags: -XX:CMSInitiatingOccupancyFraction=50 -XX:CMSMaxAbortablePrecleanTime=6000 -XX:+CMSParallelRemarkEnabled -XX:+CMSScavengeBeforeRemark -XX:ConcGCThreads=4 -XX:InitialHeapSize=536870912 -XX:MaxHeapSize=536870912 -XX:MaxTenuringThreshold=8 -XX:NewRatio=3 -XX:OldPLABSize=16 -XX:OnOutOfMemoryError=/opt/solr/bin/oom_solr.sh 8983 /var/solr/logs -XX:ParallelGCThreads=4 -XX:+ParallelRefProcEnabled -XX:PretenureSizeThreshold=67108864 -XX:+PrintGC -XX:+PrintGCApplicationStoppedTime -XX:+PrintGCDateStamps -XX:+PrintGCDetails -XX:+PrintGCTimeStamps -XX:+PrintHeapAtGC -XX:+PrintTenuringDistribution -XX:SurvivorRatio=4 -XX:TargetSurvivorRatio=90 -XX:ThreadStackSize=256 -XX:+UseCMSInitiatingOccupancyOnly -XX:+UseCompressedClassPointers -XX:+UseCompressedOops -XX:+UseConcMarkSweepGC -XX:+UseParNewGC 
2016-12-02T15:24:48.758+0100: 0,113: Total time for which application threads were stopped: 0,0000646 seconds, Stopping threads took: 0,0000111 seconds
2016-12-02T15:24:48.858+0100: 0,213: Total time for which application threads were stopped: 0,0001139 seconds, Stopping threads took: 0,0000190 seconds
2016-12-02T15:24:48.868+0100: 0,223: Total time for which application threads were stopped: 0,0000882 seconds, Stopping threads took: 0,0000169 seconds
2016-12-02T15:24:49.104+0100: 0,458: Total time for which application threads were stopped: 0,0001207 seconds, Stopping threads took: 0,0000131 seconds
2016-12-02T15:24:49.475+0100: 0,830: Total time for which application threads were stopped: 0,0001567 seconds, Stopping threads took: 0,0000188 seconds
2016-12-02T15:24:49.572+0100: 0,926: Total time for which application threads were stopped: 0,0001898 seconds, Stopping threads took: 0,0000307 seconds
2016-12-02T15:24:49.644+0100: 0,999: Total time for which application threads were stopped: 0,0001756 seconds, Stopping threads took: 0,0000189 seconds
2016-12-02T15:24:49.908+0100: 1,262: Total time for which application threads were stopped: 0,0002301 seconds, Stopping threads took: 0,0000298 seconds
2016-12-02T15:24:50.133+0100: 1,487: Total time for which application threads were stopped: 0,0004004 seconds, Stopping threads took: 0,0000828 seconds
2016-12-02T15:24:50.156+0100: 1,510: Total time for which application threads were stopped: 0,0002112 seconds, Stopping threads took: 0,0000253 seconds
2016-12-02T15:24:50.157+0100: 1,511: Total time for which application threads were stopped: 0,0001759 seconds, Stopping threads took: 0,0000251 seconds
2016-12-02T15:24:50.174+0100: 1,528: Total time for which application threads were stopped: 0,0001591 seconds, Stopping threads took: 0,0000115 seconds
2016-12-02T15:24:50.289+0100: 1,643: Total time for which application threads were stopped: 0,0002319 seconds, Stopping threads took: 0,0000294 seconds
2016-12-02T15:24:50.477+0100: 1,831: Total time for which application threads were stopped: 0,0005530 seconds, Stopping threads took: 0,0003584 seconds
{Heap before GC invocations=0 (full 0):
 par new generation   total 109248K, used 87424K [0x00000000e0000000, 0x00000000e8000000, 0x00000000e8000000)
  eden space 87424K, 100% used [0x00000000e0000000, 0x00000000e5560000, 0x00000000e5560000)
  from space 21824K,   0% used [0x00000000e5560000, 0x00000000e5560000, 0x00000000e6ab0000)
  to   space 21824K,   0% used [0x00000000e6ab0000, 0x00000000e6ab0000, 0x00000000e8000000)
 concurrent mark-sweep generation total 393216K, used 0K [0x00000000e8000000, 0x0000000100000000, 0x0000000100000000)
 Metaspace       used 18092K, capacity 18366K, committed 18560K, reserved 1064960K
  class space    used 2054K, capacity 2162K, committed 2176K, reserved 1048576K
2016-12-02T15:24:50.590+0100: 1,944: [GC (Allocation Failure) 2016-12-02T15:24:50.590+0100: 1,944: [ParNew
Desired survivor size 20112992 bytes, new threshold 8 (max 8)
- age   1:   12321568 bytes,   12321568 total
: 87424K->12147K(109248K), 0,0156126 secs] 87424K->12147K(502464K), 0,0156972 secs] [Times: user=0,05 sys=0,01, real=0,01 secs] 
Heap after GC invocations=1 (full 0):
 par new generation   total 109248K, used 12147K [0x00000000e0000000, 0x00000000e8000000, 0x00000000e8000000)
  eden space 87424K,   0% used [0x00000000e0000000, 0x00000000e0000000, 0x00000000e5560000)
  from space 21824K,  55% used [0x00000000e6ab0000, 0x00000000e768ce20, 0x00000000e8000000)
  to   space 21824K,   0% used [0x00000000e5560000, 0x00000000e5560000, 0x00000000e6ab0000)
 concurrent mark-sweep generation total 393216K, used 0K [0x00000000e8000000, 0x0000000100000000, 0x0000000100000000)
 Metaspace       used 18092K, capacity 18366K, committed 18560K, reserved 1064960K
  class space    used 2054K, capacity 2162K, committed 2176K, reserved 1048576K
}
2016-12-02T15:24:50.606+0100: 1,960: Total time for which application threads were stopped: 0,0158839 seconds, Stopping threads took: 0,0000181 seconds
2016-12-02T15:24:50.783+0100: 2,137: Total time for which application threads were stopped: 0,0003017 seconds, Stopping threads took: 0,0000320 seconds
2016-12-02T15:24:50.815+0100: 2,169: Total time for which application threads were stopped: 0,0003711 seconds, Stopping threads took: 0,0000403 seconds
2016-12-02T15:24:50.842+0100: 2,196: Total time for which application threads were stopped: 0,0003367 seconds, Stopping threads took: 0,0000427 seconds
{Heap before GC invocations=1 (full 0):
 par new generation   total 109248K, used 99571K [0x00000000e0000000, 0x00000000e8000000, 0x00000000e8000000)
  eden space 87424K, 100% used [0x00000000e0000000, 0x00000000e5560000, 0x00000000e5560000)
  from space 21824K,  55% used [0x00000000e6ab0000, 0x00000000e768ce20, 0x00000000e8000000)
  to   space 21824K,   0% used [0x00000000e5560000, 0x00000000e5560000, 0x00000000e6ab0000)
 concurrent mark-sweep generation total 393216K, used 0K [0x00000000e8000000, 0x0000000100000000, 0x0000000100000000)
 Metaspace       used 20724K, capacity 21020K, committed 21248K, reserved 1069056K
  class space    used 2404K, capacity 2518K, committed 2560K, reserved 1048576K
2016-12-02T15:24:51.009+0100: 2,363: [GC (Allocation Failure) 2016-12-02T15:24:51.009+0100: 2,363: [ParNew
Desired survivor size 20112992 bytes, new threshold 8 (max 8)
- age   1:    2917152 bytes,    2917152 total
- age   2:    6101328 bytes,    9018480 total
: 99571K->13099K(109248K), 0,0136691 secs] 99571K->13099K(502464K), 0,0137429 secs] [Times: user=0,05 sys=0,01, real=0,01 secs] 
Heap after GC invocations=2 (full 0):
 par new generation   total 109248K, used 13099K [0x00000000e0000000, 0x00000000e8000000, 0x00000000e8000000)
  eden space 87424K,   0% used [0x00000000e0000000, 0x00000000e0000000, 0x00000000e5560000)
  from space 21824K,  60% used [0x00000000e5560000, 0x00000000e622ac50, 0x00000000e6ab0000)
  to   space 21824K,   0% used [0x00000000e6ab0000, 0x00000000e6ab0000, 0x00000000e8000000)
 concurrent mark-sweep generation total 393216K, used 0K [0x00000000e8000000, 0x0000000100000000, 0x0000000100000000)
 Metaspace       used 20724K, capacity 21020K, committed 21248K, reserved 1069056K
  class space    used 2404K, capacity 2518K, committed 2560K, reserved 1048576K
}
2016-12-02T15:24:51.023+0100: 2,377: Total time for which application threads were stopped: 0,0139825 seconds, Stopping threads took: 0,0000380 seconds
2016-12-02T15:24:51.076+0100: 2,430: Total time for which application threads were stopped: 0,0000759 seconds, Stopping threads took: 0,0000130 seconds
2016-12-02T15:24:51.108+0100: 2,462: Total time for which application threads were stopped: 0,0000886 seconds, Stopping threads took: 0,0000176 seconds
2016-12-02T15:24:51.108+0100: 2,463: Total time for which application threads were stopped: 0,0002447 seconds, Stopping threads took: 0,0000217 seconds
2016-12-02T15:24:51.132+0100: 2,487: Total time for which application threads were stopped: 0,0000875 seconds, Stopping threads took: 0,0000311 seconds
2016-12-02T15:24:51.203+0100: 2,558: Total time for which application threads were stopped: 0,0001439 seconds, Stopping threads took: 0,0000267 seconds
2016-12-02T15:24:51.221+0100: 2,576: Total time for which application threads were stopped: 0,0000768 seconds, Stopping threads took: 0,0000220 seconds
2016-12-02T15:24:51.229+0100: 2,583: Total time for which application threads were stopped: 0,0002618 seconds, Stopping threads took: 0,0000138 seconds
2016-12-02T15:24:51.236+0100: 2,591: Total time for which application threads were stopped: 0,0003140 seconds, Stopping threads took: 0,0000285 seconds
2016-12-02T15:24:51.243+0100: 2,598: Total time for which application threads were stopped: 0,0001153 seconds, Stopping threads took: 0,0000494 seconds
2016-12-02T15:24:51.281+0100: 2,635: Total time for which application threads were stopped: 0,0000932 seconds, Stopping threads took: 0,0000361 seconds
2016-12-02T15:24:51.293+0100: 2,648: Total time for which application threads were stopped: 0,0000720 seconds, Stopping threads took: 0,0000145 seconds
2016-12-02T15:24:51.312+0100: 2,666: Total time for which application threads were stopped: 0,0000751 seconds, Stopping threads took: 0,0000126 seconds
2016-12-02T15:24:51.332+0100: 2,686: Total time for which application threads were stopped: 0,0000915 seconds, Stopping threads took: 0,0000298 seconds
2016-12-02T15:24:51.368+0100: 2,722: Total time for which application threads were stopped: 0,0001268 seconds, Stopping threads took: 0,0000227 seconds
2016-12-02T15:24:51.414+0100: 2,768: Total time for which application threads were stopped: 0,0001123 seconds, Stopping threads took: 0,0000237 seconds
2016-12-02T15:24:51.437+0100: 2,791: Total time for which application threads were stopped: 0,0001112 seconds, Stopping threads took: 0,0000267 seconds
{Heap before GC invocations=2 (full 0):
 par new generation   total 109248K, used 100523K [0x00000000e0000000, 0x00000000e8000000, 0x00000000e8000000)
  eden space 87424K, 100% used [0x00000000e0000000, 0x00000000e5560000, 0x00000000e5560000)
  from space 21824K,  60% used [0x00000000e5560000, 0x00000000e622ac50, 0x00000000e6ab0000)
  to   space 21824K,   0% used [0x00000000e6ab0000, 0x00000000e6ab0000, 0x00000000e8000000)
 concurrent mark-sweep generation total 393216K, used 0K [0x00000000e8000000, 0x0000000100000000, 0x0000000100000000)
 Metaspace       used 24836K, capacity 25221K, committed 25536K, reserved 1071104K
  class space    used 2897K, capacity 3025K, committed 3092K, reserved 1048576K
2016-12-02T15:24:51.450+0100: 2,805: [GC (Allocation Failure) 2016-12-02T15:24:51.451+0100: 2,805: [ParNew
Desired survivor size 20112992 bytes, new threshold 8 (max 8)
- age   1:    6696496 bytes,    6696496 total
- age   2:     549592 bytes,    7246088 total
- age   3:    6085176 bytes,   13331264 total
: 100523K->15521K(109248K), 0,0144292 secs] 100523K->15521K(502464K), 0,0145296 secs] [Times: user=0,05 sys=0,00, real=0,01 secs] 
Heap after GC invocations=3 (full 0):
 par new generation   total 109248K, used 15521K [0x00000000e0000000, 0x00000000e8000000, 0x00000000e8000000)
  eden space 87424K,   0% used [0x00000000e0000000, 0x00000000e0000000, 0x00000000e5560000)
  from space 21824K,  71% used [0x00000000e6ab0000, 0x00000000e79d84a0, 0x00000000e8000000)
  to   space 21824K,   0% used [0x00000000e5560000, 0x00000000e5560000, 0x00000000e6ab0000)
 concurrent mark-sweep generation total 393216K, used 0K [0x00000000e8000000, 0x0000000100000000, 0x0000000100000000)
 Metaspace       used 24836K, capacity 25221K, committed 25536K, reserved 1071104K
  class space    used 2897K, capacity 3025K, committed 3092K, reserved 1048576K
}
2016-12-02T15:24:51.465+0100: 2,819: Total time for which application threads were stopped: 0,0147189 seconds, Stopping threads took: 0,0000454 seconds
2016-12-02T15:24:51.465+0100: 2,820: [GC (CMS Initial Mark) [1 CMS-initial-mark: 0K(393216K)] 15521K(502464K), 0,0038502 secs] [Times: user=0,01 sys=0,00, real=0,01 secs] 
2016-12-02T15:24:51.469+0100: 2,824: Total time for which application threads were stopped: 0,0041275 seconds, Stopping threads took: 0,0001747 seconds
2016-12-02T15:24:51.469+0100: 2,824: [CMS-concurrent-mark-start]
2016-12-02T15:24:51.470+0100: 2,824: [CMS-concurrent-mark: 0,001/0,001 secs] [Times: user=0,01 sys=0,00, real=0,00 secs] 
2016-12-02T15:24:51.470+0100: 2,824: [CMS-concurrent-preclean-start]
2016-12-02T15:24:51.471+0100: 2,825: [CMS-concurrent-preclean: 0,001/0,001 secs] [Times: user=0,00 sys=0,00, real=0,00 secs] 
2016-12-02T15:24:51.471+0100: 2,826: [GC (CMS Final Remark) [YG occupancy: 16920 K (109248 K)]{Heap before GC invocations=3 (full 1):
 par new generation   total 109248K, used 16920K [0x00000000e0000000, 0x00000000e8000000, 0x00000000e8000000)
  eden space 87424K,   1% used [0x00000000e0000000, 0x00000000e015dcd0, 0x00000000e5560000)
  from space 21824K,  71% used [0x00000000e6ab0000, 0x00000000e79d84a0, 0x00000000e8000000)
  to   space 21824K,   0% used [0x00000000e5560000, 0x00000000e5560000, 0x00000000e6ab0000)
 concurrent mark-sweep generation total 393216K, used 0K [0x00000000e8000000, 0x0000000100000000, 0x0000000100000000)
 Metaspace       used 24851K, capacity 25221K, committed 25536K, reserved 1071104K
  class space    used 2898K, capacity 3025K, committed 3092K, reserved 1048576K
2016-12-02T15:24:51.471+0100: 2,826: [GC (CMS Final Remark) 2016-12-02T15:24:51.471+0100: 2,826: [ParNew
Desired survivor size 20112992 bytes, new threshold 8 (max 8)
- age   1:      32752 bytes,      32752 total
- age   2:    4588912 bytes,    4621664 total
- age   3:     549592 bytes,    5171256 total
- age   4:    6085176 bytes,   11256432 total
: 16920K->16586K(109248K), 0,0106516 secs] 16920K->16586K(502464K), 0,0107093 secs] [Times: user=0,04 sys=0,00, real=0,01 secs] 
Heap after GC invocations=4 (full 1):
 par new generation   total 109248K, used 16586K [0x00000000e0000000, 0x00000000e8000000, 0x00000000e8000000)
  eden space 87424K,   0% used [0x00000000e0000000, 0x00000000e0000000, 0x00000000e5560000)
  from space 21824K,  76% used [0x00000000e5560000, 0x00000000e6592960, 0x00000000e6ab0000)
  to   space 21824K,   0% used [0x00000000e6ab0000, 0x00000000e6ab0000, 0x00000000e8000000)
 concurrent mark-sweep generation total 393216K, used 0K [0x00000000e8000000, 0x0000000100000000, 0x0000000100000000)
 Metaspace       used 24851K, capacity 25221K, committed 25536K, reserved 1071104K
  class space    used 2898K, capacity 3025K, committed 3092K, reserved 1048576K
}
2016-12-02T15:24:51.482+0100: 2,837: [Rescan (parallel) , 0,0040465 secs]2016-12-02T15:24:51.486+0100: 2,841: [weak refs processing, 0,0006681 secs]2016-12-02T15:24:51.487+0100: 2,841: [class unloading, 0,0030885 secs]2016-12-02T15:24:51.490+0100: 2,844: [scrub symbol table, 0,0031858 secs]2016-12-02T15:24:51.493+0100: 2,848: [scrub string table, 0,0003760 secs][1 CMS-remark: 0K(393216K)] 16586K(502464K), 0,0227438 secs] [Times: user=0,06 sys=0,00, real=0,02 secs] 
2016-12-02T15:24:51.494+0100: 2,848: Total time for which application threads were stopped: 0,0231815 seconds, Stopping threads took: 0,0003505 seconds
2016-12-02T15:24:51.494+0100: 2,849: [CMS-concurrent-sweep-start]
2016-12-02T15:24:51.494+0100: 2,849: [CMS-concurrent-sweep: 0,000/0,000 secs] [Times: user=0,00 sys=0,00, real=0,00 secs] 
2016-12-02T15:24:51.494+0100: 2,849: [CMS-concurrent-reset-start]
2016-12-02T15:24:51.496+0100: 2,850: [CMS-concurrent-reset: 0,002/0,002 secs] [Times: user=0,01 sys=0,00, real=0,01 secs] 
2016-12-02T15:24:52.494+0100: 3,849: Total time for which application threads were stopped: 0,0001159 seconds, Stopping threads took: 0,0000198 seconds
2016-12-02T15:24:52.694+0100: 4,048: Total time for which application threads were stopped: 0,0002635 seconds, Stopping threads took: 0,0000157 seconds
2016-12-02T15:25:20.697+0100: 32,051: Total time for which application threads were stopped: 0,0000650 seconds, Stopping threads took: 0,0000162 seconds
2016-12-02T15:27:30.712+0100: 162,066: Total time for which application threads were stopped: 0,0005468 seconds, Stopping threads took: 0,0002511 seconds
2016-12-02T15:27:35.712+0100: 167,066: Total time for which application threads were stopped: 0,0000786 seconds, Stopping threads took: 0,0000190 seconds
2016-12-02T15:28:45.720+0100: 237,074: Total time for which application threads were stopped: 0,0000788 seconds, Stopping threads took: 0,0000385 seconds
2016-12-02T15:29:35.725+0100: 287,080: Total time for which application threads were stopped: 0,0000897 seconds, Stopping threads took: 0,0000437 seconds
2016-12-02T15:48:34.836+0100: 1426,190: Total time for which application threads were stopped: 0,0000745 seconds, Stopping threads took: 0,0000328 seconds
2016-12-02T15:53:19.864+0100: 1711,218: Total time for which application threads were stopped: 0,0000724 seconds, Stopping threads took: 0,0000298 seconds
2016-12-02T16:00:04.905+0100: 2116,259: Total time for which application threads were stopped: 0,0000719 seconds, Stopping threads took: 0,0000301 seconds
2016-12-02T16:03:25.924+0100: 2317,278: Total time for which application threads were stopped: 0,0001128 seconds, Stopping threads took: 0,0000423 seconds
2016-12-02T16:03:29.924+0100: 2321,279: Total time for which application threads were stopped: 0,0000642 seconds, Stopping threads took: 0,0000172 seconds
2016-12-02T16:03:30.925+0100: 2322,279: Total time for which application threads were stopped: 0,0000571 seconds, Stopping threads took: 0,0000144 seconds
2016-12-02T16:05:54.939+0100: 2466,293: Total time for which application threads were stopped: 0,0001407 seconds, Stopping threads took: 0,0000506 seconds
2016-12-02T16:06:00.939+0100: 2472,294: Total time for which application threads were stopped: 0,0000830 seconds, Stopping threads took: 0,0000193 seconds
2016-12-02T16:18:06.007+0100: 3197,362: Total time for which application threads were stopped: 0,0000729 seconds, Stopping threads took: 0,0000282 seconds
2016-12-02T16:22:50.034+0100: 3481,388: Total time for which application threads were stopped: 0,0000799 seconds, Stopping threads took: 0,0000356 seconds
2016-12-02T16:29:05.071+0100: 3856,425: Total time for which application threads were stopped: 0,0001158 seconds, Stopping threads took: 0,0000415 seconds
2016-12-02T16:29:10.072+0100: 3861,426: Total time for which application threads were stopped: 0,0000925 seconds, Stopping threads took: 0,0000285 seconds
2016-12-02T16:31:50.087+0100: 4021,441: Total time for which application threads were stopped: 0,0000797 seconds, Stopping threads took: 0,0000334 seconds
2016-12-02T17:08:51.301+0100: 6242,655: Total time for which application threads were stopped: 0,0000705 seconds, Stopping threads took: 0,0000288 seconds
2016-12-02T17:09:26.304+0100: 6277,658: Total time for which application threads were stopped: 0,0000786 seconds, Stopping threads took: 0,0000313 seconds
2016-12-02T17:09:56.306+0100: 6307,660: Total time for which application threads were stopped: 0,0000710 seconds, Stopping threads took: 0,0000265 seconds
2016-12-02T17:20:38.576+0100: 6949,930: Total time for which application threads were stopped: 0,0001120 seconds, Stopping threads took: 0,0000193 seconds
Heap
 par new generation   total 109248K, used 60151K [0x00000000e0000000, 0x00000000e8000000, 0x00000000e8000000)
  eden space 87424K,  49% used [0x00000000e0000000, 0x00000000e2a8b438, 0x00000000e5560000)
  from space 21824K,  76% used [0x00000000e5560000, 0x00000000e6592960, 0x00000000e6ab0000)
  to   space 21824K,   0% used [0x00000000e6ab0000, 0x00000000e6ab0000, 0x00000000e8000000)
 concurrent mark-sweep generation total 393216K, used 0K [0x00000000e8000000, 0x0000000100000000, 0x0000000100000000)
 Metaspace       used 27164K, capacity 27595K, committed 27924K, reserved 1073152K
  class space    used 3160K, capacity 3320K, committed 3348K, reserved 1048576K
