OpenJDK 64-Bit Server VM (25.121-b13) for linux-amd64 JRE (1.8.0_121-8u121-b13-0ubuntu1.16.04.2-b13), built on Jan 23 2017 15:51:29 by "buildd" with gcc 5.4.0 20160609
Memory: 4k page, physical 7867800k(7501400k free), swap 8076284k(8076284k free)
CommandLine flags: -XX:CMSInitiatingOccupancyFraction=50 -XX:CMSMaxAbortablePrecleanTime=6000 -XX:+CMSParallelRemarkEnabled -XX:+CMSScavengeBeforeRemark -XX:ConcGCThreads=4 -XX:InitialHeapSize=536870912 -XX:MaxHeapSize=536870912 -XX:MaxTenuringThreshold=8 -XX:NewRatio=3 -XX:OldPLABSize=16 -XX:OnOutOfMemoryError=/opt/solr/bin/oom_solr.sh 8983 /var/solr/logs -XX:ParallelGCThreads=4 -XX:+ParallelRefProcEnabled -XX:PretenureSizeThreshold=67108864 -XX:+PrintGC -XX:+PrintGCApplicationStoppedTime -XX:+PrintGCDateStamps -XX:+PrintGCDetails -XX:+PrintGCTimeStamps -XX:+PrintHeapAtGC -XX:+PrintTenuringDistribution -XX:SurvivorRatio=4 -XX:TargetSurvivorRatio=90 -XX:ThreadStackSize=256 -XX:+UseCMSInitiatingOccupancyOnly -XX:+UseCompressedClassPointers -XX:+UseCompressedOops -XX:+UseConcMarkSweepGC -XX:+UseParNewGC 
2017-02-16T14:32:20.938+0100: 0,158: Total time for which application threads were stopped: 0,0000772 seconds, Stopping threads took: 0,0000125 seconds
2017-02-16T14:32:21.036+0100: 0,257: Total time for which application threads were stopped: 0,0001013 seconds, Stopping threads took: 0,0000109 seconds
2017-02-16T14:32:21.059+0100: 0,279: Total time for which application threads were stopped: 0,0001017 seconds, Stopping threads took: 0,0000215 seconds
2017-02-16T14:32:21.787+0100: 1,008: Total time for which application threads were stopped: 0,0002094 seconds, Stopping threads took: 0,0000135 seconds
2017-02-16T14:32:21.890+0100: 1,111: Total time for which application threads were stopped: 0,0002109 seconds, Stopping threads took: 0,0000316 seconds
2017-02-16T14:32:21.925+0100: 1,145: Total time for which application threads were stopped: 0,0003437 seconds, Stopping threads took: 0,0000337 seconds
2017-02-16T14:32:22.203+0100: 1,424: Total time for which application threads were stopped: 0,0001499 seconds, Stopping threads took: 0,0000113 seconds
2017-02-16T14:32:22.416+0100: 1,637: Total time for which application threads were stopped: 0,0002131 seconds, Stopping threads took: 0,0000255 seconds
2017-02-16T14:32:22.439+0100: 1,660: Total time for which application threads were stopped: 0,0001694 seconds, Stopping threads took: 0,0000179 seconds
2017-02-16T14:32:22.479+0100: 1,699: Total time for which application threads were stopped: 0,0008984 seconds, Stopping threads took: 0,0001111 seconds
2017-02-16T14:32:22.481+0100: 1,701: Total time for which application threads were stopped: 0,0004942 seconds, Stopping threads took: 0,0000517 seconds
2017-02-16T14:32:22.499+0100: 1,719: Total time for which application threads were stopped: 0,0010257 seconds, Stopping threads took: 0,0000516 seconds
2017-02-16T14:32:22.585+0100: 1,806: Total time for which application threads were stopped: 0,0001909 seconds, Stopping threads took: 0,0000189 seconds
2017-02-16T14:32:22.751+0100: 1,971: Total time for which application threads were stopped: 0,0003862 seconds, Stopping threads took: 0,0001653 seconds
{Heap before GC invocations=0 (full 0):
 par new generation   total 109248K, used 87424K [0x00000000e0000000, 0x00000000e8000000, 0x00000000e8000000)
  eden space 87424K, 100% used [0x00000000e0000000, 0x00000000e5560000, 0x00000000e5560000)
  from space 21824K,   0% used [0x00000000e5560000, 0x00000000e5560000, 0x00000000e6ab0000)
  to   space 21824K,   0% used [0x00000000e6ab0000, 0x00000000e6ab0000, 0x00000000e8000000)
 concurrent mark-sweep generation total 393216K, used 0K [0x00000000e8000000, 0x0000000100000000, 0x0000000100000000)
 Metaspace       used 18004K, capacity 18336K, committed 18688K, reserved 1064960K
  class space    used 2036K, capacity 2196K, committed 2304K, reserved 1048576K
2017-02-16T14:32:22.822+0100: 2,042: [GC (Allocation Failure) 2017-02-16T14:32:22.822+0100: 2,042: [ParNew
Desired survivor size 20112992 bytes, new threshold 8 (max 8)
- age   1:   12320520 bytes,   12320520 total
: 87424K->12144K(109248K), 0,0152615 secs] 87424K->12144K(502464K), 0,0153364 secs] [Times: user=0,05 sys=0,00, real=0,02 secs] 
Heap after GC invocations=1 (full 0):
 par new generation   total 109248K, used 12144K [0x00000000e0000000, 0x00000000e8000000, 0x00000000e8000000)
  eden space 87424K,   0% used [0x00000000e0000000, 0x00000000e0000000, 0x00000000e5560000)
  from space 21824K,  55% used [0x00000000e6ab0000, 0x00000000e768c278, 0x00000000e8000000)
  to   space 21824K,   0% used [0x00000000e5560000, 0x00000000e5560000, 0x00000000e6ab0000)
 concurrent mark-sweep generation total 393216K, used 0K [0x00000000e8000000, 0x0000000100000000, 0x0000000100000000)
 Metaspace       used 18004K, capacity 18336K, committed 18688K, reserved 1064960K
  class space    used 2036K, capacity 2196K, committed 2304K, reserved 1048576K
}
2017-02-16T14:32:22.837+0100: 2,057: Total time for which application threads were stopped: 0,0155359 seconds, Stopping threads took: 0,0000433 seconds
2017-02-16T14:32:23.162+0100: 2,383: Total time for which application threads were stopped: 0,0004087 seconds, Stopping threads took: 0,0000465 seconds
2017-02-16T14:32:23.198+0100: 2,418: Total time for which application threads were stopped: 0,0004782 seconds, Stopping threads took: 0,0001352 seconds
{Heap before GC invocations=1 (full 0):
 par new generation   total 109248K, used 99568K [0x00000000e0000000, 0x00000000e8000000, 0x00000000e8000000)
  eden space 87424K, 100% used [0x00000000e0000000, 0x00000000e5560000, 0x00000000e5560000)
  from space 21824K,  55% used [0x00000000e6ab0000, 0x00000000e768c278, 0x00000000e8000000)
  to   space 21824K,   0% used [0x00000000e5560000, 0x00000000e5560000, 0x00000000e6ab0000)
 concurrent mark-sweep generation total 393216K, used 0K [0x00000000e8000000, 0x0000000100000000, 0x0000000100000000)
 Metaspace       used 20036K, capacity 20350K, committed 20736K, reserved 1067008K
  class space    used 2295K, capacity 2465K, committed 2560K, reserved 1048576K
2017-02-16T14:32:23.206+0100: 2,427: [GC (Allocation Failure) 2017-02-16T14:32:23.206+0100: 2,427: [ParNew
Desired survivor size 20112992 bytes, new threshold 8 (max 8)
- age   1:    3749408 bytes,    3749408 total
- age   2:    6577000 bytes,   10326408 total
: 99568K->13522K(109248K), 0,0133951 secs] 99568K->13522K(502464K), 0,0134824 secs] [Times: user=0,04 sys=0,00, real=0,01 secs] 
Heap after GC invocations=2 (full 0):
 par new generation   total 109248K, used 13522K [0x00000000e0000000, 0x00000000e8000000, 0x00000000e8000000)
  eden space 87424K,   0% used [0x00000000e0000000, 0x00000000e0000000, 0x00000000e5560000)
  from space 21824K,  61% used [0x00000000e5560000, 0x00000000e6294970, 0x00000000e6ab0000)
  to   space 21824K,   0% used [0x00000000e6ab0000, 0x00000000e6ab0000, 0x00000000e8000000)
 concurrent mark-sweep generation total 393216K, used 0K [0x00000000e8000000, 0x0000000100000000, 0x0000000100000000)
 Metaspace       used 20036K, capacity 20350K, committed 20736K, reserved 1067008K
  class space    used 2295K, capacity 2465K, committed 2560K, reserved 1048576K
}
2017-02-16T14:32:23.220+0100: 2,440: Total time for which application threads were stopped: 0,0136904 seconds, Stopping threads took: 0,0000515 seconds
2017-02-16T14:32:23.255+0100: 2,476: Total time for which application threads were stopped: 0,0003580 seconds, Stopping threads took: 0,0000274 seconds
2017-02-16T14:32:23.397+0100: 2,618: Total time for which application threads were stopped: 0,0002935 seconds, Stopping threads took: 0,0001151 seconds
{Heap before GC invocations=2 (full 0):
 par new generation   total 109248K, used 100946K [0x00000000e0000000, 0x00000000e8000000, 0x00000000e8000000)
  eden space 87424K, 100% used [0x00000000e0000000, 0x00000000e5560000, 0x00000000e5560000)
  from space 21824K,  61% used [0x00000000e5560000, 0x00000000e6294970, 0x00000000e6ab0000)
  to   space 21824K,   0% used [0x00000000e6ab0000, 0x00000000e6ab0000, 0x00000000e8000000)
 concurrent mark-sweep generation total 393216K, used 0K [0x00000000e8000000, 0x0000000100000000, 0x0000000100000000)
 Metaspace       used 20962K, capacity 21272K, committed 21628K, reserved 1069056K
  class space    used 2416K, capacity 2584K, committed 2684K, reserved 1048576K
2017-02-16T14:32:23.438+0100: 2,658: [GC (Allocation Failure) 2017-02-16T14:32:23.438+0100: 2,658: [ParNew
Desired survivor size 20112992 bytes, new threshold 8 (max 8)
- age   1:    2193568 bytes,    2193568 total
- age   2:     920360 bytes,    3113928 total
- age   3:    6573496 bytes,    9687424 total
: 100946K->12855K(109248K), 0,0126746 secs] 100946K->12855K(502464K), 0,0127614 secs] [Times: user=0,05 sys=0,01, real=0,01 secs] 
Heap after GC invocations=3 (full 0):
 par new generation   total 109248K, used 12855K [0x00000000e0000000, 0x00000000e8000000, 0x00000000e8000000)
  eden space 87424K,   0% used [0x00000000e0000000, 0x00000000e0000000, 0x00000000e5560000)
  from space 21824K,  58% used [0x00000000e6ab0000, 0x00000000e773dca8, 0x00000000e8000000)
  to   space 21824K,   0% used [0x00000000e5560000, 0x00000000e5560000, 0x00000000e6ab0000)
 concurrent mark-sweep generation total 393216K, used 0K [0x00000000e8000000, 0x0000000100000000, 0x0000000100000000)
 Metaspace       used 20962K, capacity 21272K, committed 21628K, reserved 1069056K
  class space    used 2416K, capacity 2584K, committed 2684K, reserved 1048576K
}
2017-02-16T14:32:23.451+0100: 2,671: Total time for which application threads were stopped: 0,0129499 seconds, Stopping threads took: 0,0000282 seconds
2017-02-16T14:32:23.454+0100: 2,674: [GC (CMS Initial Mark) [1 CMS-initial-mark: 0K(393216K)] 15605K(502464K), 0,0064495 secs] [Times: user=0,02 sys=0,00, real=0,00 secs] 
2017-02-16T14:32:23.460+0100: 2,681: Total time for which application threads were stopped: 0,0066157 seconds, Stopping threads took: 0,0000451 seconds
2017-02-16T14:32:23.460+0100: 2,681: [CMS-concurrent-mark-start]
2017-02-16T14:32:23.461+0100: 2,681: [CMS-concurrent-mark: 0,000/0,000 secs] [Times: user=0,00 sys=0,00, real=0,00 secs] 
2017-02-16T14:32:23.461+0100: 2,681: [CMS-concurrent-preclean-start]
2017-02-16T14:32:23.462+0100: 2,683: [CMS-concurrent-preclean: 0,001/0,001 secs] [Times: user=0,00 sys=0,00, real=0,00 secs] 
2017-02-16T14:32:23.462+0100: 2,683: [CMS-concurrent-abortable-preclean-start]
2017-02-16T14:32:23.516+0100: 2,737: Total time for which application threads were stopped: 0,0001113 seconds, Stopping threads took: 0,0000327 seconds
{Heap before GC invocations=3 (full 1):
 par new generation   total 109248K, used 100279K [0x00000000e0000000, 0x00000000e8000000, 0x00000000e8000000)
  eden space 87424K, 100% used [0x00000000e0000000, 0x00000000e5560000, 0x00000000e5560000)
  from space 21824K,  58% used [0x00000000e6ab0000, 0x00000000e773dca8, 0x00000000e8000000)
  to   space 21824K,   0% used [0x00000000e5560000, 0x00000000e5560000, 0x00000000e6ab0000)
 concurrent mark-sweep generation total 393216K, used 0K [0x00000000e8000000, 0x0000000100000000, 0x0000000100000000)
 Metaspace       used 21233K, capacity 21606K, committed 21884K, reserved 1069056K
  class space    used 2444K, capacity 2598K, committed 2684K, reserved 1048576K
2017-02-16T14:32:23.556+0100: 2,776: [GC (Allocation Failure) 2017-02-16T14:32:23.556+0100: 2,776: [ParNew
Desired survivor size 20112992 bytes, new threshold 8 (max 8)
- age   1:    1362752 bytes,    1362752 total
- age   2:    1466768 bytes,    2829520 total
- age   3:     890888 bytes,    3720408 total
- age   4:    6573448 bytes,   10293856 total
: 100279K->12439K(109248K), 0,0108540 secs] 100279K->12439K(502464K), 0,0109232 secs] [Times: user=0,03 sys=0,00, real=0,01 secs] 
Heap after GC invocations=4 (full 1):
 par new generation   total 109248K, used 12439K [0x00000000e0000000, 0x00000000e8000000, 0x00000000e8000000)
  eden space 87424K,   0% used [0x00000000e0000000, 0x00000000e0000000, 0x00000000e5560000)
  from space 21824K,  57% used [0x00000000e5560000, 0x00000000e6185fb0, 0x00000000e6ab0000)
  to   space 21824K,   0% used [0x00000000e6ab0000, 0x00000000e6ab0000, 0x00000000e8000000)
 concurrent mark-sweep generation total 393216K, used 0K [0x00000000e8000000, 0x0000000100000000, 0x0000000100000000)
 Metaspace       used 21233K, capacity 21606K, committed 21884K, reserved 1069056K
  class space    used 2444K, capacity 2598K, committed 2684K, reserved 1048576K
}
2017-02-16T14:32:23.567+0100: 2,787: Total time for which application threads were stopped: 0,0111329 seconds, Stopping threads took: 0,0000655 seconds
2017-02-16T14:32:23.567+0100: 2,787: [CMS-concurrent-abortable-preclean: 0,055/0,105 secs] [Times: user=0,40 sys=0,00, real=0,11 secs] 
2017-02-16T14:32:23.579+0100: 2,800: [GC (CMS Final Remark) [YG occupancy: 22017 K (109248 K)]{Heap before GC invocations=4 (full 1):
 par new generation   total 109248K, used 22017K [0x00000000e0000000, 0x00000000e8000000, 0x00000000e8000000)
  eden space 87424K,  10% used [0x00000000e0000000, 0x00000000e095a560, 0x00000000e5560000)
  from space 21824K,  57% used [0x00000000e5560000, 0x00000000e6185fb0, 0x00000000e6ab0000)
  to   space 21824K,   0% used [0x00000000e6ab0000, 0x00000000e6ab0000, 0x00000000e8000000)
 concurrent mark-sweep generation total 393216K, used 0K [0x00000000e8000000, 0x0000000100000000, 0x0000000100000000)
 Metaspace       used 21251K, capacity 21606K, committed 21884K, reserved 1069056K
  class space    used 2447K, capacity 2598K, committed 2684K, reserved 1048576K
2017-02-16T14:32:23.579+0100: 2,800: [GC (CMS Final Remark) 2017-02-16T14:32:23.579+0100: 2,800: [ParNew
Desired survivor size 20112992 bytes, new threshold 8 (max 8)
- age   1:     764416 bytes,     764416 total
- age   2:     346408 bytes,    1110824 total
- age   3:    1466624 bytes,    2577448 total
- age   4:     890856 bytes,    3468304 total
- age   5:    6573576 bytes,   10041880 total
: 22017K->17566K(109248K), 0,0094019 secs] 22017K->17566K(502464K), 0,0094413 secs] [Times: user=0,04 sys=0,00, real=0,01 secs] 
Heap after GC invocations=5 (full 1):
 par new generation   total 109248K, used 17566K [0x00000000e0000000, 0x00000000e8000000, 0x00000000e8000000)
  eden space 87424K,   0% used [0x00000000e0000000, 0x00000000e0000000, 0x00000000e5560000)
  from space 21824K,  80% used [0x00000000e6ab0000, 0x00000000e7bd7bc0, 0x00000000e8000000)
  to   space 21824K,   0% used [0x00000000e5560000, 0x00000000e5560000, 0x00000000e6ab0000)
 concurrent mark-sweep generation total 393216K, used 0K [0x00000000e8000000, 0x0000000100000000, 0x0000000100000000)
 Metaspace       used 21251K, capacity 21606K, committed 21884K, reserved 1069056K
  class space    used 2447K, capacity 2598K, committed 2684K, reserved 1048576K
}
2017-02-16T14:32:23.589+0100: 2,809: [Rescan (parallel) , 0,0034366 secs]2017-02-16T14:32:23.592+0100: 2,813: [weak refs processing, 0,0012094 secs]2017-02-16T14:32:23.593+0100: 2,814: [class unloading, 0,0028208 secs]2017-02-16T14:32:23.596+0100: 2,817: [scrub symbol table, 0,0026072 secs]2017-02-16T14:32:23.599+0100: 2,819: [scrub string table, 0,0004033 secs][1 CMS-remark: 0K(393216K)] 17566K(502464K), 0,0206241 secs] [Times: user=0,06 sys=0,00, real=0,02 secs] 
2017-02-16T14:32:23.600+0100: 2,820: Total time for which application threads were stopped: 0,0223758 seconds, Stopping threads took: 0,0016688 seconds
2017-02-16T14:32:23.600+0100: 2,821: [CMS-concurrent-sweep-start]
2017-02-16T14:32:23.600+0100: 2,821: [CMS-concurrent-sweep: 0,000/0,000 secs] [Times: user=0,00 sys=0,00, real=0,00 secs] 
2017-02-16T14:32:23.600+0100: 2,821: [CMS-concurrent-reset-start]
2017-02-16T14:32:23.601+0100: 2,822: [CMS-concurrent-reset: 0,001/0,001 secs] [Times: user=0,01 sys=0,00, real=0,00 secs] 
{Heap before GC invocations=5 (full 1):
 par new generation   total 109248K, used 104990K [0x00000000e0000000, 0x00000000e8000000, 0x00000000e8000000)
  eden space 87424K, 100% used [0x00000000e0000000, 0x00000000e5560000, 0x00000000e5560000)
  from space 21824K,  80% used [0x00000000e6ab0000, 0x00000000e7bd7bc0, 0x00000000e8000000)
  to   space 21824K,   0% used [0x00000000e5560000, 0x00000000e5560000, 0x00000000e6ab0000)
 concurrent mark-sweep generation total 393216K, used 0K [0x00000000e8000000, 0x0000000100000000, 0x0000000100000000)
 Metaspace       used 21446K, capacity 21842K, committed 22140K, reserved 1069056K
  class space    used 2475K, capacity 2632K, committed 2684K, reserved 1048576K
2017-02-16T14:32:23.692+0100: 2,913: [GC (Allocation Failure) 2017-02-16T14:32:23.692+0100: 2,913: [ParNew
Desired survivor size 20112992 bytes, new threshold 8 (max 8)
- age   1:     708608 bytes,     708608 total
- age   2:      17936 bytes,     726544 total
- age   3:     175728 bytes,     902272 total
- age   4:    1465184 bytes,    2367456 total
- age   5:     888840 bytes,    3256296 total
- age   6:    6573680 bytes,    9829976 total
: 104990K->12780K(109248K), 0,0099727 secs] 104990K->12780K(502464K), 0,0100447 secs] [Times: user=0,04 sys=0,00, real=0,01 secs] 
Heap after GC invocations=6 (full 1):
 par new generation   total 109248K, used 12780K [0x00000000e0000000, 0x00000000e8000000, 0x00000000e8000000)
  eden space 87424K,   0% used [0x00000000e0000000, 0x00000000e0000000, 0x00000000e5560000)
  from space 21824K,  58% used [0x00000000e5560000, 0x00000000e61db228, 0x00000000e6ab0000)
  to   space 21824K,   0% used [0x00000000e6ab0000, 0x00000000e6ab0000, 0x00000000e8000000)
 concurrent mark-sweep generation total 393216K, used 0K [0x00000000e8000000, 0x0000000100000000, 0x0000000100000000)
 Metaspace       used 21446K, capacity 21842K, committed 22140K, reserved 1069056K
  class space    used 2475K, capacity 2632K, committed 2684K, reserved 1048576K
}
2017-02-16T14:32:23.702+0100: 2,923: Total time for which application threads were stopped: 0,0119137 seconds, Stopping threads took: 0,0017380 seconds
2017-02-16T14:32:23.721+0100: 2,941: Total time for which application threads were stopped: 0,0003007 seconds, Stopping threads took: 0,0000136 seconds
2017-02-16T14:32:23.905+0100: 3,126: Total time for which application threads were stopped: 0,0005601 seconds, Stopping threads took: 0,0000469 seconds
2017-02-16T14:32:23.920+0100: 3,140: Total time for which application threads were stopped: 0,0004194 seconds, Stopping threads took: 0,0000436 seconds
{Heap before GC invocations=6 (full 1):
 par new generation   total 109248K, used 100204K [0x00000000e0000000, 0x00000000e8000000, 0x00000000e8000000)
  eden space 87424K, 100% used [0x00000000e0000000, 0x00000000e5560000, 0x00000000e5560000)
  from space 21824K,  58% used [0x00000000e5560000, 0x00000000e61db228, 0x00000000e6ab0000)
  to   space 21824K,   0% used [0x00000000e6ab0000, 0x00000000e6ab0000, 0x00000000e8000000)
 concurrent mark-sweep generation total 393216K, used 0K [0x00000000e8000000, 0x0000000100000000, 0x0000000100000000)
 Metaspace       used 24460K, capacity 24852K, committed 25084K, reserved 1071104K
  class space    used 2865K, capacity 3039K, committed 3068K, reserved 1048576K
2017-02-16T14:32:24.134+0100: 3,354: [GC (Allocation Failure) 2017-02-16T14:32:24.134+0100: 3,355: [ParNew
Desired survivor size 20112992 bytes, new threshold 8 (max 8)
- age   1:    5428416 bytes,    5428416 total
- age   2:     173352 bytes,    5601768 total
- age   3:      17872 bytes,    5619640 total
- age   4:     175088 bytes,    5794728 total
- age   5:     293544 bytes,    6088272 total
- age   6:     861784 bytes,    6950056 total
- age   7:    6566256 bytes,   13516312 total
: 100204K->16665K(109248K), 0,0130849 secs] 100204K->16665K(502464K), 0,0131725 secs] [Times: user=0,04 sys=0,00, real=0,01 secs] 
Heap after GC invocations=7 (full 1):
 par new generation   total 109248K, used 16665K [0x00000000e0000000, 0x00000000e8000000, 0x00000000e8000000)
  eden space 87424K,   0% used [0x00000000e0000000, 0x00000000e0000000, 0x00000000e5560000)
  from space 21824K,  76% used [0x00000000e6ab0000, 0x00000000e7af6650, 0x00000000e8000000)
  to   space 21824K,   0% used [0x00000000e5560000, 0x00000000e5560000, 0x00000000e6ab0000)
 concurrent mark-sweep generation total 393216K, used 0K [0x00000000e8000000, 0x0000000100000000, 0x0000000100000000)
 Metaspace       used 24460K, capacity 24852K, committed 25084K, reserved 1071104K
  class space    used 2865K, capacity 3039K, committed 3068K, reserved 1048576K
}
2017-02-16T14:32:24.147+0100: 3,368: Total time for which application threads were stopped: 0,0172790 seconds, Stopping threads took: 0,0038259 seconds
{Heap before GC invocations=7 (full 1):
 par new generation   total 109248K, used 104089K [0x00000000e0000000, 0x00000000e8000000, 0x00000000e8000000)
  eden space 87424K, 100% used [0x00000000e0000000, 0x00000000e5560000, 0x00000000e5560000)
  from space 21824K,  76% used [0x00000000e6ab0000, 0x00000000e7af6650, 0x00000000e8000000)
  to   space 21824K,   0% used [0x00000000e5560000, 0x00000000e5560000, 0x00000000e6ab0000)
 concurrent mark-sweep generation total 393216K, used 0K [0x00000000e8000000, 0x0000000100000000, 0x0000000100000000)
 Metaspace       used 24964K, capacity 25354K, committed 25724K, reserved 1071104K
  class space    used 2907K, capacity 3075K, committed 3196K, reserved 1048576K
2017-02-16T14:32:24.283+0100: 3,503: [GC (Allocation Failure) 2017-02-16T14:32:24.283+0100: 3,503: [ParNew
Desired survivor size 20112992 bytes, new threshold 8 (max 8)
- age   1:     888400 bytes,     888400 total
- age   2:    1818312 bytes,    2706712 total
- age   3:     125072 bytes,    2831784 total
- age   4:      13904 bytes,    2845688 total
- age   5:     131984 bytes,    2977672 total
- age   6:     252912 bytes,    3230584 total
- age   7:     831832 bytes,    4062416 total
- age   8:    6299840 bytes,   10362256 total
: 104089K->16635K(109248K), 0,0402509 secs] 104089K->16635K(502464K), 0,0403273 secs] [Times: user=0,09 sys=0,00, real=0,04 secs] 
Heap after GC invocations=8 (full 1):
 par new generation   total 109248K, used 16635K [0x00000000e0000000, 0x00000000e8000000, 0x00000000e8000000)
  eden space 87424K,   0% used [0x00000000e0000000, 0x00000000e0000000, 0x00000000e5560000)
  from space 21824K,  76% used [0x00000000e5560000, 0x00000000e659ec00, 0x00000000e6ab0000)
  to   space 21824K,   0% used [0x00000000e6ab0000, 0x00000000e6ab0000, 0x00000000e8000000)
 concurrent mark-sweep generation total 393216K, used 0K [0x00000000e8000000, 0x0000000100000000, 0x0000000100000000)
 Metaspace       used 24964K, capacity 25354K, committed 25724K, reserved 1071104K
  class space    used 2907K, capacity 3075K, committed 3196K, reserved 1048576K
}
2017-02-16T14:32:24.323+0100: 3,544: Total time for which application threads were stopped: 0,0416930 seconds, Stopping threads took: 0,0011613 seconds
2017-02-16T14:32:24.491+0100: 3,712: Total time for which application threads were stopped: 0,0004705 seconds, Stopping threads took: 0,0000413 seconds
2017-02-16T14:32:24.544+0100: 3,765: Total time for which application threads were stopped: 0,0005515 seconds, Stopping threads took: 0,0000521 seconds
2017-02-16T14:32:24.562+0100: 3,783: Total time for which application threads were stopped: 0,0023688 seconds, Stopping threads took: 0,0018758 seconds
2017-02-16T14:32:24.630+0100: 3,850: Total time for which application threads were stopped: 0,0005018 seconds, Stopping threads took: 0,0000228 seconds
2017-02-16T14:32:24.765+0100: 3,986: Total time for which application threads were stopped: 0,0004259 seconds, Stopping threads took: 0,0000223 seconds
2017-02-16T14:32:24.841+0100: 4,062: Total time for which application threads were stopped: 0,0005125 seconds, Stopping threads took: 0,0000437 seconds
2017-02-16T14:33:12.429+0100: 52,068: Total time for which application threads were stopped: 0,0000918 seconds, Stopping threads took: 0,0000370 seconds
2017-02-16T14:34:17.438+0100: 117,077: Total time for which application threads were stopped: 0,0000925 seconds, Stopping threads took: 0,0000371 seconds
2017-02-16T14:34:22.439+0100: 122,078: Total time for which application threads were stopped: 0,0000683 seconds, Stopping threads took: 0,0000173 seconds
2017-02-16T14:36:47.460+0100: 267,098: Total time for which application threads were stopped: 0,0002797 seconds, Stopping threads took: 0,0001217 seconds
2017-02-16T14:55:51.642+0100: 1411,281: Total time for which application threads were stopped: 0,0000960 seconds, Stopping threads took: 0,0000389 seconds
2017-02-16T14:58:32.671+0100: 1572,310: Total time for which application threads were stopped: 0,0002028 seconds, Stopping threads took: 0,0000761 seconds
2017-02-16T14:58:52.675+0100: 1592,314: Total time for which application threads were stopped: 0,0004646 seconds, Stopping threads took: 0,0001569 seconds
2017-02-16T15:00:52.696+0100: 1712,334: Total time for which application threads were stopped: 0,0001882 seconds, Stopping threads took: 0,0000673 seconds
2017-02-16T15:04:36.735+0100: 1936,373: Total time for which application threads were stopped: 0,0001953 seconds, Stopping threads took: 0,0000721 seconds
2017-02-16T15:10:37.798+0100: 2297,437: Total time for which application threads were stopped: 0,0001062 seconds, Stopping threads took: 0,0000371 seconds
2017-02-16T15:10:41.799+0100: 2301,437: Total time for which application threads were stopped: 0,0000671 seconds, Stopping threads took: 0,0000157 seconds
2017-02-16T15:10:42.799+0100: 2302,438: Total time for which application threads were stopped: 0,0001563 seconds, Stopping threads took: 0,0000334 seconds
2017-02-16T15:14:51.843+0100: 2551,481: Total time for which application threads were stopped: 0,0001736 seconds, Stopping threads took: 0,0000597 seconds
2017-02-16T15:23:31.932+0100: 3071,571: Total time for which application threads were stopped: 0,0001925 seconds, Stopping threads took: 0,0000667 seconds
2017-02-16T15:25:51.957+0100: 3211,596: Total time for which application threads were stopped: 0,0001872 seconds, Stopping threads took: 0,0000648 seconds
2017-02-16T15:29:12.990+0100: 3412,629: Total time for which application threads were stopped: 0,0002175 seconds, Stopping threads took: 0,0000592 seconds
2017-02-16T15:29:17.991+0100: 3417,630: Total time for which application threads were stopped: 0,0001400 seconds, Stopping threads took: 0,0000305 seconds
2017-02-16T15:30:22.002+0100: 3481,641: Total time for which application threads were stopped: 0,0001706 seconds, Stopping threads took: 0,0000582 seconds
2017-02-16T15:33:57.038+0100: 3696,677: Total time for which application threads were stopped: 0,0000936 seconds, Stopping threads took: 0,0000336 seconds
2017-02-16T15:35:37.055+0100: 3796,694: Total time for which application threads were stopped: 0,0002060 seconds, Stopping threads took: 0,0000643 seconds
2017-02-16T16:02:23.326+0100: 5402,964: Total time for which application threads were stopped: 0,0001774 seconds, Stopping threads took: 0,0000671 seconds
2017-02-16T16:02:33.327+0100: 5412,966: Total time for which application threads were stopped: 0,0000921 seconds, Stopping threads took: 0,0000361 seconds
2017-02-16T16:31:12.608+0100: 7132,246: Total time for which application threads were stopped: 0,0000949 seconds, Stopping threads took: 0,0000371 seconds
2017-02-16T16:33:22.631+0100: 7262,270: Total time for which application threads were stopped: 0,0001683 seconds, Stopping threads took: 0,0000595 seconds
2017-02-16T16:40:22.697+0100: 7682,335: Total time for which application threads were stopped: 0,0000988 seconds, Stopping threads took: 0,0000310 seconds
2017-02-16T17:44:52.301+0100: 11551,939: Total time for which application threads were stopped: 0,0001222 seconds, Stopping threads took: 0,0000389 seconds
2017-02-16T18:48:22.838+0100: 15362,476: Total time for which application threads were stopped: 0,0001038 seconds, Stopping threads took: 0,0000338 seconds
2017-02-16T20:19:52.505+0100: 20852,143: Total time for which application threads were stopped: 0,0001955 seconds, Stopping threads took: 0,0000711 seconds
2017-02-16T22:01:50.459+0100: 22172,254: Total time for which application threads were stopped: 0,0002033 seconds, Stopping threads took: 0,0000676 seconds
2017-02-17T00:40:27.571+0100: 31681,537: Total time for which application threads were stopped: 0,0002093 seconds, Stopping threads took: 0,0000329 seconds
2017-02-17T00:40:27.589+0100: 31681,555: Total time for which application threads were stopped: 0,0001461 seconds, Stopping threads took: 0,0000266 seconds
Heap
 par new generation   total 109248K, used 93742K [0x00000000e0000000, 0x00000000e8000000, 0x00000000e8000000)
  eden space 87424K,  88% used [0x00000000e0000000, 0x00000000e4b4cfa8, 0x00000000e5560000)
  from space 21824K,  76% used [0x00000000e5560000, 0x00000000e659ec00, 0x00000000e6ab0000)
  to   space 21824K,   0% used [0x00000000e6ab0000, 0x00000000e6ab0000, 0x00000000e8000000)
 concurrent mark-sweep generation total 393216K, used 0K [0x00000000e8000000, 0x0000000100000000, 0x0000000100000000)
 Metaspace       used 28172K, capacity 28768K, committed 29052K, reserved 1075200K
  class space    used 3229K, capacity 3420K, committed 3452K, reserved 1048576K
