OpenJDK 64-Bit Server VM (25.131-b11) for linux-amd64 JRE (1.8.0_131-8u131-b11-0ubuntu1.16.04.2-b11), built on May  6 2017 02:45:27 by "buildd" with gcc 5.4.0 20160609
Memory: 4k page, physical 7867740k(7419796k free), swap 8076284k(8076284k free)
CommandLine flags: -XX:CMSInitiatingOccupancyFraction=50 -XX:CMSMaxAbortablePrecleanTime=6000 -XX:+CMSParallelRemarkEnabled -XX:+CMSScavengeBeforeRemark -XX:ConcGCThreads=4 -XX:InitialHeapSize=536870912 -XX:MaxHeapSize=536870912 -XX:MaxTenuringThreshold=8 -XX:NewRatio=3 -XX:OldPLABSize=16 -XX:OnOutOfMemoryError=/opt/solr/bin/oom_solr.sh 8983 /var/solr/logs -XX:ParallelGCThreads=4 -XX:+ParallelRefProcEnabled -XX:PretenureSizeThreshold=67108864 -XX:+PrintGC -XX:+PrintGCApplicationStoppedTime -XX:+PrintGCDateStamps -XX:+PrintGCDetails -XX:+PrintGCTimeStamps -XX:+PrintHeapAtGC -XX:+PrintTenuringDistribution -XX:SurvivorRatio=4 -XX:TargetSurvivorRatio=90 -XX:ThreadStackSize=256 -XX:+UseCMSInitiatingOccupancyOnly -XX:+UseCompressedClassPointers -XX:+UseCompressedOops -XX:+UseConcMarkSweepGC -XX:+UseParNewGC 
2017-06-13T18:14:34.725+0200: 0,128: Total time for which application threads were stopped: 0,0000668 seconds, Stopping threads took: 0,0000132 seconds
2017-06-13T18:14:34.809+0200: 0,212: Total time for which application threads were stopped: 0,0001247 seconds, Stopping threads took: 0,0000273 seconds
2017-06-13T18:14:34.823+0200: 0,226: Total time for which application threads were stopped: 0,0001879 seconds, Stopping threads took: 0,0000167 seconds
2017-06-13T18:14:35.015+0200: 0,419: Total time for which application threads were stopped: 0,0001557 seconds, Stopping threads took: 0,0000158 seconds
2017-06-13T18:14:35.510+0200: 0,913: Total time for which application threads were stopped: 0,0001442 seconds, Stopping threads took: 0,0000100 seconds
2017-06-13T18:14:35.665+0200: 1,069: Total time for which application threads were stopped: 0,0004849 seconds, Stopping threads took: 0,0000700 seconds
2017-06-13T18:14:35.698+0200: 1,102: Total time for which application threads were stopped: 0,0001838 seconds, Stopping threads took: 0,0000143 seconds
2017-06-13T18:14:36.069+0200: 1,473: Total time for which application threads were stopped: 0,0001960 seconds, Stopping threads took: 0,0000130 seconds
2017-06-13T18:14:36.319+0200: 1,723: Total time for which application threads were stopped: 0,0001936 seconds, Stopping threads took: 0,0000167 seconds
2017-06-13T18:14:36.344+0200: 1,747: Total time for which application threads were stopped: 0,0001764 seconds, Stopping threads took: 0,0000153 seconds
2017-06-13T18:14:36.371+0200: 1,775: Total time for which application threads were stopped: 0,0002677 seconds, Stopping threads took: 0,0000532 seconds
2017-06-13T18:14:36.373+0200: 1,776: Total time for which application threads were stopped: 0,0001762 seconds, Stopping threads took: 0,0000189 seconds
2017-06-13T18:14:36.393+0200: 1,796: Total time for which application threads were stopped: 0,0001604 seconds, Stopping threads took: 0,0000116 seconds
2017-06-13T18:14:36.459+0200: 1,863: Total time for which application threads were stopped: 0,0002047 seconds, Stopping threads took: 0,0000167 seconds
2017-06-13T18:14:36.634+0200: 2,037: Total time for which application threads were stopped: 0,0003840 seconds, Stopping threads took: 0,0001625 seconds
{Heap before GC invocations=0 (full 0):
 par new generation   total 109248K, used 87424K [0x00000000e0000000, 0x00000000e8000000, 0x00000000e8000000)
  eden space 87424K, 100% used [0x00000000e0000000, 0x00000000e5560000, 0x00000000e5560000)
  from space 21824K,   0% used [0x00000000e5560000, 0x00000000e5560000, 0x00000000e6ab0000)
  to   space 21824K,   0% used [0x00000000e6ab0000, 0x00000000e6ab0000, 0x00000000e8000000)
 concurrent mark-sweep generation total 393216K, used 0K [0x00000000e8000000, 0x0000000100000000, 0x0000000100000000)
 Metaspace       used 18045K, capacity 18336K, committed 18688K, reserved 1064960K
  class space    used 2039K, capacity 2196K, committed 2304K, reserved 1048576K
2017-06-13T18:14:36.730+0200: 2,134: [GC (Allocation Failure) 2017-06-13T18:14:36.730+0200: 2,134: [ParNew
Desired survivor size 20112992 bytes, new threshold 8 (max 8)
- age   1:   12434040 bytes,   12434040 total
: 87424K->12244K(109248K), 0,0170423 secs] 87424K->12244K(502464K), 0,0171852 secs] [Times: user=0,03 sys=0,02, real=0,02 secs] 
Heap after GC invocations=1 (full 0):
 par new generation   total 109248K, used 12244K [0x00000000e0000000, 0x00000000e8000000, 0x00000000e8000000)
  eden space 87424K,   0% used [0x00000000e0000000, 0x00000000e0000000, 0x00000000e5560000)
  from space 21824K,  56% used [0x00000000e6ab0000, 0x00000000e76a53a0, 0x00000000e8000000)
  to   space 21824K,   0% used [0x00000000e5560000, 0x00000000e5560000, 0x00000000e6ab0000)
 concurrent mark-sweep generation total 393216K, used 0K [0x00000000e8000000, 0x0000000100000000, 0x0000000100000000)
 Metaspace       used 18045K, capacity 18336K, committed 18688K, reserved 1064960K
  class space    used 2039K, capacity 2196K, committed 2304K, reserved 1048576K
}
2017-06-13T18:14:36.748+0200: 2,151: Total time for which application threads were stopped: 0,0182945 seconds, Stopping threads took: 0,0009252 seconds
2017-06-13T18:14:37.028+0200: 2,431: Total time for which application threads were stopped: 0,0003847 seconds, Stopping threads took: 0,0000679 seconds
2017-06-13T18:14:37.067+0200: 2,471: Total time for which application threads were stopped: 0,0003634 seconds, Stopping threads took: 0,0000733 seconds
{Heap before GC invocations=1 (full 0):
 par new generation   total 109248K, used 99668K [0x00000000e0000000, 0x00000000e8000000, 0x00000000e8000000)
  eden space 87424K, 100% used [0x00000000e0000000, 0x00000000e5560000, 0x00000000e5560000)
  from space 21824K,  56% used [0x00000000e6ab0000, 0x00000000e76a53a0, 0x00000000e8000000)
  to   space 21824K,   0% used [0x00000000e5560000, 0x00000000e5560000, 0x00000000e6ab0000)
 concurrent mark-sweep generation total 393216K, used 0K [0x00000000e8000000, 0x0000000100000000, 0x0000000100000000)
 Metaspace       used 20086K, capacity 20430K, committed 20736K, reserved 1067008K
  class space    used 2296K, capacity 2469K, committed 2560K, reserved 1048576K
2017-06-13T18:14:37.071+0200: 2,474: [GC (Allocation Failure) 2017-06-13T18:14:37.071+0200: 2,474: [ParNew
Desired survivor size 20112992 bytes, new threshold 8 (max 8)
- age   1:    3832240 bytes,    3832240 total
- age   2:    6637512 bytes,   10469752 total
: 99668K->13654K(109248K), 0,0100895 secs] 99668K->13654K(502464K), 0,0101645 secs] [Times: user=0,04 sys=0,00, real=0,00 secs] 
Heap after GC invocations=2 (full 0):
 par new generation   total 109248K, used 13654K [0x00000000e0000000, 0x00000000e8000000, 0x00000000e8000000)
  eden space 87424K,   0% used [0x00000000e0000000, 0x00000000e0000000, 0x00000000e5560000)
  from space 21824K,  62% used [0x00000000e5560000, 0x00000000e62b5b08, 0x00000000e6ab0000)
  to   space 21824K,   0% used [0x00000000e6ab0000, 0x00000000e6ab0000, 0x00000000e8000000)
 concurrent mark-sweep generation total 393216K, used 0K [0x00000000e8000000, 0x0000000100000000, 0x0000000100000000)
 Metaspace       used 20086K, capacity 20430K, committed 20736K, reserved 1067008K
  class space    used 2296K, capacity 2469K, committed 2560K, reserved 1048576K
}
2017-06-13T18:14:37.081+0200: 2,484: Total time for which application threads were stopped: 0,0103734 seconds, Stopping threads took: 0,0000694 seconds
2017-06-13T18:14:37.127+0200: 2,530: Total time for which application threads were stopped: 0,0026820 seconds, Stopping threads took: 0,0022454 seconds
2017-06-13T18:14:37.282+0200: 2,685: Total time for which application threads were stopped: 0,0002110 seconds, Stopping threads took: 0,0000704 seconds
{Heap before GC invocations=2 (full 0):
 par new generation   total 109248K, used 101078K [0x00000000e0000000, 0x00000000e8000000, 0x00000000e8000000)
  eden space 87424K, 100% used [0x00000000e0000000, 0x00000000e5560000, 0x00000000e5560000)
  from space 21824K,  62% used [0x00000000e5560000, 0x00000000e62b5b08, 0x00000000e6ab0000)
  to   space 21824K,   0% used [0x00000000e6ab0000, 0x00000000e6ab0000, 0x00000000e8000000)
 concurrent mark-sweep generation total 393216K, used 0K [0x00000000e8000000, 0x0000000100000000, 0x0000000100000000)
 Metaspace       used 20960K, capacity 21288K, committed 21628K, reserved 1069056K
  class space    used 2416K, capacity 2588K, committed 2684K, reserved 1048576K
2017-06-13T18:14:37.330+0200: 2,734: [GC (Allocation Failure) 2017-06-13T18:14:37.331+0200: 2,734: [ParNew
Desired survivor size 20112992 bytes, new threshold 8 (max 8)
- age   1:    2103040 bytes,    2103040 total
- age   2:     872424 bytes,    2975464 total
- age   3:    6633720 bytes,    9609184 total
: 101078K->11569K(109248K), 0,0093933 secs] 101078K->11569K(502464K), 0,0094631 secs] [Times: user=0,03 sys=0,00, real=0,00 secs] 
Heap after GC invocations=3 (full 0):
 par new generation   total 109248K, used 11569K [0x00000000e0000000, 0x00000000e8000000, 0x00000000e8000000)
  eden space 87424K,   0% used [0x00000000e0000000, 0x00000000e0000000, 0x00000000e5560000)
  from space 21824K,  53% used [0x00000000e6ab0000, 0x00000000e75fc680, 0x00000000e8000000)
  to   space 21824K,   0% used [0x00000000e5560000, 0x00000000e5560000, 0x00000000e6ab0000)
 concurrent mark-sweep generation total 393216K, used 0K [0x00000000e8000000, 0x0000000100000000, 0x0000000100000000)
 Metaspace       used 20960K, capacity 21288K, committed 21628K, reserved 1069056K
  class space    used 2416K, capacity 2588K, committed 2684K, reserved 1048576K
}
2017-06-13T18:14:37.340+0200: 2,743: Total time for which application threads were stopped: 0,0130374 seconds, Stopping threads took: 0,0034351 seconds
2017-06-13T18:14:37.340+0200: 2,743: [GC (CMS Initial Mark) [1 CMS-initial-mark: 0K(393216K)] 12991K(502464K), 0,0026752 secs] [Times: user=0,02 sys=0,00, real=0,01 secs] 
2017-06-13T18:14:37.343+0200: 2,746: Total time for which application threads were stopped: 0,0028117 seconds, Stopping threads took: 0,0000351 seconds
2017-06-13T18:14:37.343+0200: 2,746: [CMS-concurrent-mark-start]
2017-06-13T18:14:37.343+0200: 2,747: [CMS-concurrent-mark: 0,000/0,000 secs] [Times: user=0,00 sys=0,00, real=0,00 secs] 
2017-06-13T18:14:37.343+0200: 2,747: [CMS-concurrent-preclean-start]
2017-06-13T18:14:37.345+0200: 2,748: [CMS-concurrent-preclean: 0,001/0,001 secs] [Times: user=0,00 sys=0,00, real=0,00 secs] 
2017-06-13T18:14:37.345+0200: 2,748: [CMS-concurrent-abortable-preclean-start]
2017-06-13T18:14:37.418+0200: 2,822: Total time for which application threads were stopped: 0,0004155 seconds, Stopping threads took: 0,0002968 seconds
2017-06-13T18:14:37.419+0200: 2,822: [CMS-concurrent-abortable-preclean: 0,073/0,074 secs] [Times: user=0,30 sys=0,00, real=0,07 secs] 
2017-06-13T18:14:37.425+0200: 2,829: [GC (CMS Final Remark) [YG occupancy: 65448 K (109248 K)]{Heap before GC invocations=3 (full 1):
 par new generation   total 109248K, used 65448K [0x00000000e0000000, 0x00000000e8000000, 0x00000000e8000000)
  eden space 87424K,  61% used [0x00000000e0000000, 0x00000000e349db40, 0x00000000e5560000)
  from space 21824K,  53% used [0x00000000e6ab0000, 0x00000000e75fc680, 0x00000000e8000000)
  to   space 21824K,   0% used [0x00000000e5560000, 0x00000000e5560000, 0x00000000e6ab0000)
 concurrent mark-sweep generation total 393216K, used 0K [0x00000000e8000000, 0x0000000100000000, 0x0000000100000000)
 Metaspace       used 21171K, capacity 21510K, committed 21884K, reserved 1069056K
  class space    used 2437K, capacity 2593K, committed 2684K, reserved 1048576K
2017-06-13T18:14:37.426+0200: 2,829: [GC (CMS Final Remark) 2017-06-13T18:14:37.426+0200: 2,829: [ParNew
Desired survivor size 20112992 bytes, new threshold 8 (max 8)
- age   1:    1309776 bytes,    1309776 total
- age   2:    1453936 bytes,    2763712 total
- age   3:     852760 bytes,    3616472 total
- age   4:    6633720 bytes,   10250192 total
: 65448K->14847K(109248K), 0,0117994 secs] 65448K->14847K(502464K), 0,0118395 secs] [Times: user=0,04 sys=0,00, real=0,01 secs] 
Heap after GC invocations=4 (full 1):
 par new generation   total 109248K, used 14847K [0x00000000e0000000, 0x00000000e8000000, 0x00000000e8000000)
  eden space 87424K,   0% used [0x00000000e0000000, 0x00000000e0000000, 0x00000000e5560000)
  from space 21824K,  68% used [0x00000000e5560000, 0x00000000e63dfd88, 0x00000000e6ab0000)
  to   space 21824K,   0% used [0x00000000e6ab0000, 0x00000000e6ab0000, 0x00000000e8000000)
 concurrent mark-sweep generation total 393216K, used 0K [0x00000000e8000000, 0x0000000100000000, 0x0000000100000000)
 Metaspace       used 21171K, capacity 21510K, committed 21884K, reserved 1069056K
  class space    used 2437K, capacity 2593K, committed 2684K, reserved 1048576K
}
2017-06-13T18:14:37.437+0200: 2,841: [Rescan (parallel) , 0,0033153 secs]2017-06-13T18:14:37.441+0200: 2,844: [weak refs processing, 0,0006493 secs]2017-06-13T18:14:37.441+0200: 2,845: [class unloading, 0,0028290 secs]2017-06-13T18:14:37.444+0200: 2,848: [scrub symbol table, 0,0025493 secs]2017-06-13T18:14:37.447+0200: 2,850: [scrub string table, 0,0003628 secs][1 CMS-remark: 0K(393216K)] 14847K(502464K), 0,0221798 secs] [Times: user=0,06 sys=0,00, real=0,02 secs] 
2017-06-13T18:14:37.448+0200: 2,851: Total time for which application threads were stopped: 0,0223401 seconds, Stopping threads took: 0,0000704 seconds
2017-06-13T18:14:37.448+0200: 2,851: [CMS-concurrent-sweep-start]
2017-06-13T18:14:37.448+0200: 2,851: [CMS-concurrent-sweep: 0,000/0,000 secs] [Times: user=0,00 sys=0,00, real=0,00 secs] 
2017-06-13T18:14:37.448+0200: 2,851: [CMS-concurrent-reset-start]
2017-06-13T18:14:37.450+0200: 2,853: [CMS-concurrent-reset: 0,002/0,002 secs] [Times: user=0,01 sys=0,00, real=0,00 secs] 
{Heap before GC invocations=4 (full 1):
 par new generation   total 109248K, used 102271K [0x00000000e0000000, 0x00000000e8000000, 0x00000000e8000000)
  eden space 87424K, 100% used [0x00000000e0000000, 0x00000000e5560000, 0x00000000e5560000)
  from space 21824K,  68% used [0x00000000e5560000, 0x00000000e63dfd88, 0x00000000e6ab0000)
  to   space 21824K,   0% used [0x00000000e6ab0000, 0x00000000e6ab0000, 0x00000000e8000000)
 concurrent mark-sweep generation total 393216K, used 0K [0x00000000e8000000, 0x0000000100000000, 0x0000000100000000)
 Metaspace       used 21254K, capacity 21564K, committed 21884K, reserved 1069056K
  class space    used 2450K, capacity 2603K, committed 2684K, reserved 1048576K
2017-06-13T18:14:37.526+0200: 2,929: [GC (Allocation Failure) 2017-06-13T18:14:37.526+0200: 2,929: [ParNew
Desired survivor size 20112992 bytes, new threshold 8 (max 8)
- age   1:     807560 bytes,     807560 total
- age   2:      91360 bytes,     898920 total
- age   3:    1453776 bytes,    2352696 total
- age   4:     848776 bytes,    3201472 total
- age   5:    6633800 bytes,    9835272 total
: 102271K->13218K(109248K), 0,0116551 secs] 102271K->13218K(502464K), 0,0117175 secs] [Times: user=0,03 sys=0,00, real=0,01 secs] 
Heap after GC invocations=5 (full 1):
 par new generation   total 109248K, used 13218K [0x00000000e0000000, 0x00000000e8000000, 0x00000000e8000000)
  eden space 87424K,   0% used [0x00000000e0000000, 0x00000000e0000000, 0x00000000e5560000)
  from space 21824K,  60% used [0x00000000e6ab0000, 0x00000000e7798908, 0x00000000e8000000)
  to   space 21824K,   0% used [0x00000000e5560000, 0x00000000e5560000, 0x00000000e6ab0000)
 concurrent mark-sweep generation total 393216K, used 0K [0x00000000e8000000, 0x0000000100000000, 0x0000000100000000)
 Metaspace       used 21254K, capacity 21564K, committed 21884K, reserved 1069056K
  class space    used 2450K, capacity 2603K, committed 2684K, reserved 1048576K
}
2017-06-13T18:14:37.538+0200: 2,941: Total time for which application threads were stopped: 0,0119523 seconds, Stopping threads took: 0,0000910 seconds
2017-06-13T18:14:37.603+0200: 3,007: Total time for which application threads were stopped: 0,0003742 seconds, Stopping threads took: 0,0000556 seconds
2017-06-13T18:14:37.866+0200: 3,269: Total time for which application threads were stopped: 0,0004734 seconds, Stopping threads took: 0,0000575 seconds
2017-06-13T18:14:37.882+0200: 3,286: Total time for which application threads were stopped: 0,0004230 seconds, Stopping threads took: 0,0000516 seconds
{Heap before GC invocations=5 (full 1):
 par new generation   total 109248K, used 100642K [0x00000000e0000000, 0x00000000e8000000, 0x00000000e8000000)
  eden space 87424K, 100% used [0x00000000e0000000, 0x00000000e5560000, 0x00000000e5560000)
  from space 21824K,  60% used [0x00000000e6ab0000, 0x00000000e7798908, 0x00000000e8000000)
  to   space 21824K,   0% used [0x00000000e5560000, 0x00000000e5560000, 0x00000000e6ab0000)
 concurrent mark-sweep generation total 393216K, used 0K [0x00000000e8000000, 0x0000000100000000, 0x0000000100000000)
 Metaspace       used 23484K, capacity 23974K, committed 24188K, reserved 1071104K
  class space    used 2724K, capacity 2914K, committed 2940K, reserved 1048576K
2017-06-13T18:14:37.978+0200: 3,382: [GC (Allocation Failure) 2017-06-13T18:14:37.979+0200: 3,382: [ParNew
Desired survivor size 20112992 bytes, new threshold 8 (max 8)
- age   1:    4987000 bytes,    4987000 total
- age   2:     150344 bytes,    5137344 total
- age   3:      90176 bytes,    5227520 total
- age   4:     283608 bytes,    5511128 total
- age   5:     833560 bytes,    6344688 total
- age   6:    6625344 bytes,   12970032 total
: 100642K->15211K(109248K), 0,0116385 secs] 100642K->15211K(502464K), 0,0117248 secs] [Times: user=0,04 sys=0,00, real=0,01 secs] 
Heap after GC invocations=6 (full 1):
 par new generation   total 109248K, used 15211K [0x00000000e0000000, 0x00000000e8000000, 0x00000000e8000000)
  eden space 87424K,   0% used [0x00000000e0000000, 0x00000000e0000000, 0x00000000e5560000)
  from space 21824K,  69% used [0x00000000e5560000, 0x00000000e643ac80, 0x00000000e6ab0000)
  to   space 21824K,   0% used [0x00000000e6ab0000, 0x00000000e6ab0000, 0x00000000e8000000)
 concurrent mark-sweep generation total 393216K, used 0K [0x00000000e8000000, 0x0000000100000000, 0x0000000100000000)
 Metaspace       used 23484K, capacity 23974K, committed 24188K, reserved 1071104K
  class space    used 2724K, capacity 2914K, committed 2940K, reserved 1048576K
}
2017-06-13T18:14:37.990+0200: 3,394: Total time for which application threads were stopped: 0,0120844 seconds, Stopping threads took: 0,0000852 seconds
{Heap before GC invocations=6 (full 1):
 par new generation   total 109248K, used 102635K [0x00000000e0000000, 0x00000000e8000000, 0x00000000e8000000)
  eden space 87424K, 100% used [0x00000000e0000000, 0x00000000e5560000, 0x00000000e5560000)
  from space 21824K,  69% used [0x00000000e5560000, 0x00000000e643ac80, 0x00000000e6ab0000)
  to   space 21824K,   0% used [0x00000000e6ab0000, 0x00000000e6ab0000, 0x00000000e8000000)
 concurrent mark-sweep generation total 393216K, used 0K [0x00000000e8000000, 0x0000000100000000, 0x0000000100000000)
 Metaspace       used 23857K, capacity 24294K, committed 24572K, reserved 1071104K
  class space    used 2805K, capacity 2978K, committed 3068K, reserved 1048576K
2017-06-13T18:14:38.070+0200: 3,474: [GC (Allocation Failure) 2017-06-13T18:14:38.070+0200: 3,474: [ParNew
Desired survivor size 20112992 bytes, new threshold 8 (max 8)
- age   1:    1433392 bytes,    1433392 total
- age   2:    1675232 bytes,    3108624 total
- age   3:      77672 bytes,    3186296 total
- age   4:      48784 bytes,    3235080 total
- age   5:     179088 bytes,    3414168 total
- age   6:     775400 bytes,    4189568 total
- age   7:    6106480 bytes,   10296048 total
: 102635K->18842K(109248K), 0,0181410 secs] 102635K->18842K(502464K), 0,0182139 secs] [Times: user=0,06 sys=0,00, real=0,02 secs] 
Heap after GC invocations=7 (full 1):
 par new generation   total 109248K, used 18842K [0x00000000e0000000, 0x00000000e8000000, 0x00000000e8000000)
  eden space 87424K,   0% used [0x00000000e0000000, 0x00000000e0000000, 0x00000000e5560000)
  from space 21824K,  86% used [0x00000000e6ab0000, 0x00000000e7d169e0, 0x00000000e8000000)
  to   space 21824K,   0% used [0x00000000e5560000, 0x00000000e5560000, 0x00000000e6ab0000)
 concurrent mark-sweep generation total 393216K, used 0K [0x00000000e8000000, 0x0000000100000000, 0x0000000100000000)
 Metaspace       used 23857K, capacity 24294K, committed 24572K, reserved 1071104K
  class space    used 2805K, capacity 2978K, committed 3068K, reserved 1048576K
}
2017-06-13T18:14:38.088+0200: 3,492: Total time for which application threads were stopped: 0,0184632 seconds, Stopping threads took: 0,0000616 seconds
{Heap before GC invocations=7 (full 1):
 par new generation   total 109248K, used 106266K [0x00000000e0000000, 0x00000000e8000000, 0x00000000e8000000)
  eden space 87424K, 100% used [0x00000000e0000000, 0x00000000e5560000, 0x00000000e5560000)
  from space 21824K,  86% used [0x00000000e6ab0000, 0x00000000e7d169e0, 0x00000000e8000000)
  to   space 21824K,   0% used [0x00000000e5560000, 0x00000000e5560000, 0x00000000e6ab0000)
 concurrent mark-sweep generation total 393216K, used 0K [0x00000000e8000000, 0x0000000100000000, 0x0000000100000000)
 Metaspace       used 24605K, capacity 25126K, committed 25468K, reserved 1071104K
  class space    used 2878K, capacity 3080K, committed 3196K, reserved 1048576K
2017-06-13T18:14:38.206+0200: 3,610: [GC (Allocation Failure) 2017-06-13T18:14:38.206+0200: 3,610: [ParNew
Desired survivor size 20112992 bytes, new threshold 8 (max 8)
- age   1:    1654416 bytes,    1654416 total
- age   2:     624600 bytes,    2279016 total
- age   3:    1651016 bytes,    3930032 total
- age   4:      77536 bytes,    4007568 total
- age   5:      48616 bytes,    4056184 total
- age   6:     176320 bytes,    4232504 total
- age   7:     774632 bytes,    5007136 total
- age   8:    6105856 bytes,   11112992 total
: 106266K->13731K(109248K), 0,0161291 secs] 106266K->13731K(502464K), 0,0162144 secs] [Times: user=0,06 sys=0,00, real=0,02 secs] 
Heap after GC invocations=8 (full 1):
 par new generation   total 109248K, used 13731K [0x00000000e0000000, 0x00000000e8000000, 0x00000000e8000000)
  eden space 87424K,   0% used [0x00000000e0000000, 0x00000000e0000000, 0x00000000e5560000)
  from space 21824K,  62% used [0x00000000e5560000, 0x00000000e62c8c00, 0x00000000e6ab0000)
  to   space 21824K,   0% used [0x00000000e6ab0000, 0x00000000e6ab0000, 0x00000000e8000000)
 concurrent mark-sweep generation total 393216K, used 0K [0x00000000e8000000, 0x0000000100000000, 0x0000000100000000)
 Metaspace       used 24605K, capacity 25126K, committed 25468K, reserved 1071104K
  class space    used 2878K, capacity 3080K, committed 3196K, reserved 1048576K
}
2017-06-13T18:14:38.223+0200: 3,626: Total time for which application threads were stopped: 0,0212376 seconds, Stopping threads took: 0,0048358 seconds
{Heap before GC invocations=8 (full 1):
 par new generation   total 109248K, used 100910K [0x00000000e0000000, 0x00000000e8000000, 0x00000000e8000000)
  eden space 87424K,  99% used [0x00000000e0000000, 0x00000000e5522c40, 0x00000000e5560000)
  from space 21824K,  62% used [0x00000000e5560000, 0x00000000e62c8c00, 0x00000000e6ab0000)
  to   space 21824K,   0% used [0x00000000e6ab0000, 0x00000000e6ab0000, 0x00000000e8000000)
 concurrent mark-sweep generation total 393216K, used 0K [0x00000000e8000000, 0x0000000100000000, 0x0000000100000000)
 Metaspace       used 25599K, capacity 26074K, committed 26236K, reserved 1073152K
  class space    used 2951K, capacity 3122K, committed 3196K, reserved 1048576K
2017-06-13T18:14:38.424+0200: 3,827: [GC (Allocation Failure) 2017-06-13T18:14:38.424+0200: 3,827: [ParNew
Desired survivor size 20112992 bytes, new threshold 8 (max 8)
- age   1:    2763408 bytes,    2763408 total
- age   2:     290808 bytes,    3054216 total
- age   3:     231424 bytes,    3285640 total
- age   4:    1650032 bytes,    4935672 total
- age   5:      74960 bytes,    5010632 total
- age   6:      48552 bytes,    5059184 total
- age   7:     175760 bytes,    5234944 total
- age   8:     773896 bytes,    6008840 total
: 100910K->11604K(109248K), 0,0289615 secs] 100910K->17647K(502464K), 0,0290322 secs] [Times: user=0,10 sys=0,00, real=0,03 secs] 
Heap after GC invocations=9 (full 1):
 par new generation   total 109248K, used 11604K [0x00000000e0000000, 0x00000000e8000000, 0x00000000e8000000)
  eden space 87424K,   0% used [0x00000000e0000000, 0x00000000e0000000, 0x00000000e5560000)
  from space 21824K,  53% used [0x00000000e6ab0000, 0x00000000e7605270, 0x00000000e8000000)
  to   space 21824K,   0% used [0x00000000e5560000, 0x00000000e5560000, 0x00000000e6ab0000)
 concurrent mark-sweep generation total 393216K, used 6043K [0x00000000e8000000, 0x0000000100000000, 0x0000000100000000)
 Metaspace       used 25599K, capacity 26074K, committed 26236K, reserved 1073152K
  class space    used 2951K, capacity 3122K, committed 3196K, reserved 1048576K
}
2017-06-13T18:14:38.453+0200: 3,856: Total time for which application threads were stopped: 0,0292869 seconds, Stopping threads took: 0,0000584 seconds
2017-06-13T18:14:38.559+0200: 3,962: Total time for which application threads were stopped: 0,0005368 seconds, Stopping threads took: 0,0000544 seconds
2017-06-13T18:14:38.577+0200: 3,980: Total time for which application threads were stopped: 0,0005691 seconds, Stopping threads took: 0,0000352 seconds
2017-06-13T18:14:38.638+0200: 4,041: Total time for which application threads were stopped: 0,0004785 seconds, Stopping threads took: 0,0000201 seconds
2017-06-13T18:14:38.649+0200: 4,052: Total time for which application threads were stopped: 0,0005078 seconds, Stopping threads took: 0,0001889 seconds
2017-06-13T18:14:38.653+0200: 4,056: Total time for which application threads were stopped: 0,0001168 seconds, Stopping threads took: 0,0000354 seconds
2017-06-13T18:14:38.654+0200: 4,057: Total time for which application threads were stopped: 0,0000974 seconds, Stopping threads took: 0,0000299 seconds
2017-06-13T18:14:38.658+0200: 4,062: Total time for which application threads were stopped: 0,0042947 seconds, Stopping threads took: 0,0042263 seconds
2017-06-13T18:14:38.659+0200: 4,062: Total time for which application threads were stopped: 0,0001221 seconds, Stopping threads took: 0,0000477 seconds
2017-06-13T18:14:38.661+0200: 4,064: Total time for which application threads were stopped: 0,0001338 seconds, Stopping threads took: 0,0000500 seconds
2017-06-13T18:14:38.663+0200: 4,066: Total time for which application threads were stopped: 0,0001471 seconds, Stopping threads took: 0,0000379 seconds
2017-06-13T18:14:38.663+0200: 4,066: Total time for which application threads were stopped: 0,0001075 seconds, Stopping threads took: 0,0000260 seconds
2017-06-13T18:14:38.663+0200: 4,066: Total time for which application threads were stopped: 0,0000948 seconds, Stopping threads took: 0,0000266 seconds
2017-06-13T18:14:38.663+0200: 4,066: Total time for which application threads were stopped: 0,0000994 seconds, Stopping threads took: 0,0000356 seconds
2017-06-13T18:14:38.663+0200: 4,067: Total time for which application threads were stopped: 0,0000974 seconds, Stopping threads took: 0,0000282 seconds
2017-06-13T18:14:38.664+0200: 4,067: Total time for which application threads were stopped: 0,0000790 seconds, Stopping threads took: 0,0000219 seconds
2017-06-13T18:14:38.667+0200: 4,070: Total time for which application threads were stopped: 0,0001429 seconds, Stopping threads took: 0,0000472 seconds
2017-06-13T18:14:38.667+0200: 4,070: Total time for which application threads were stopped: 0,0000931 seconds, Stopping threads took: 0,0000263 seconds
2017-06-13T18:14:38.667+0200: 4,070: Total time for which application threads were stopped: 0,0000829 seconds, Stopping threads took: 0,0000176 seconds
2017-06-13T18:14:38.667+0200: 4,071: Total time for which application threads were stopped: 0,0000937 seconds, Stopping threads took: 0,0000225 seconds
2017-06-13T18:14:38.667+0200: 4,071: Total time for which application threads were stopped: 0,0000713 seconds, Stopping threads took: 0,0000167 seconds
2017-06-13T18:14:38.668+0200: 4,071: Total time for which application threads were stopped: 0,0000742 seconds, Stopping threads took: 0,0000205 seconds
2017-06-13T18:14:38.668+0200: 4,071: Total time for which application threads were stopped: 0,0000728 seconds, Stopping threads took: 0,0000183 seconds
2017-06-13T18:14:38.668+0200: 4,071: Total time for which application threads were stopped: 0,0000767 seconds, Stopping threads took: 0,0000160 seconds
2017-06-13T18:14:38.668+0200: 4,072: Total time for which application threads were stopped: 0,0002053 seconds, Stopping threads took: 0,0000228 seconds
2017-06-13T18:14:38.672+0200: 4,076: Total time for which application threads were stopped: 0,0001758 seconds, Stopping threads took: 0,0000986 seconds
2017-06-13T18:14:38.673+0200: 4,076: Total time for which application threads were stopped: 0,0000906 seconds, Stopping threads took: 0,0000200 seconds
2017-06-13T18:14:38.673+0200: 4,076: Total time for which application threads were stopped: 0,0000837 seconds, Stopping threads took: 0,0000185 seconds
2017-06-13T18:14:38.673+0200: 4,076: Total time for which application threads were stopped: 0,0000742 seconds, Stopping threads took: 0,0000172 seconds
2017-06-13T18:14:38.673+0200: 4,076: Total time for which application threads were stopped: 0,0001747 seconds, Stopping threads took: 0,0001137 seconds
2017-06-13T18:14:38.673+0200: 4,077: Total time for which application threads were stopped: 0,0000999 seconds, Stopping threads took: 0,0000275 seconds
2017-06-13T18:14:38.673+0200: 4,077: Total time for which application threads were stopped: 0,0000769 seconds, Stopping threads took: 0,0000164 seconds
2017-06-13T18:14:38.674+0200: 4,077: Total time for which application threads were stopped: 0,0000845 seconds, Stopping threads took: 0,0000210 seconds
2017-06-13T18:14:38.674+0200: 4,077: Total time for which application threads were stopped: 0,0000874 seconds, Stopping threads took: 0,0000172 seconds
2017-06-13T18:14:38.674+0200: 4,077: Total time for which application threads were stopped: 0,0000809 seconds, Stopping threads took: 0,0000149 seconds
2017-06-13T18:14:38.680+0200: 4,083: Total time for which application threads were stopped: 0,0053444 seconds, Stopping threads took: 0,0052326 seconds
2017-06-13T18:14:38.688+0200: 4,091: Total time for which application threads were stopped: 0,0006732 seconds, Stopping threads took: 0,0005412 seconds
2017-06-13T18:14:38.688+0200: 4,091: Total time for which application threads were stopped: 0,0003576 seconds, Stopping threads took: 0,0002588 seconds
2017-06-13T18:14:38.688+0200: 4,092: Total time for which application threads were stopped: 0,0000882 seconds, Stopping threads took: 0,0000160 seconds
2017-06-13T18:14:38.688+0200: 4,092: Total time for which application threads were stopped: 0,0000957 seconds, Stopping threads took: 0,0000266 seconds
2017-06-13T18:14:38.689+0200: 4,092: Total time for which application threads were stopped: 0,0001022 seconds, Stopping threads took: 0,0000263 seconds
2017-06-13T18:14:38.689+0200: 4,092: Total time for which application threads were stopped: 0,0000758 seconds, Stopping threads took: 0,0000099 seconds
2017-06-13T18:14:38.689+0200: 4,092: Total time for which application threads were stopped: 0,0000744 seconds, Stopping threads took: 0,0000113 seconds
2017-06-13T18:14:38.694+0200: 4,097: Total time for which application threads were stopped: 0,0001262 seconds, Stopping threads took: 0,0000334 seconds
2017-06-13T18:14:38.694+0200: 4,098: Total time for which application threads were stopped: 0,0002338 seconds, Stopping threads took: 0,0001573 seconds
2017-06-13T18:14:38.694+0200: 4,098: Total time for which application threads were stopped: 0,0000900 seconds, Stopping threads took: 0,0000307 seconds
2017-06-13T18:14:38.695+0200: 4,098: Total time for which application threads were stopped: 0,0002094 seconds, Stopping threads took: 0,0000196 seconds
2017-06-13T18:14:38.705+0200: 4,109: Total time for which application threads were stopped: 0,0003567 seconds, Stopping threads took: 0,0002427 seconds
2017-06-13T18:14:38.737+0200: 4,140: Total time for which application threads were stopped: 0,0010765 seconds, Stopping threads took: 0,0009534 seconds
2017-06-13T18:14:38.748+0200: 4,151: Total time for which application threads were stopped: 0,0001564 seconds, Stopping threads took: 0,0000511 seconds
2017-06-13T18:14:38.768+0200: 4,171: Total time for which application threads were stopped: 0,0008612 seconds, Stopping threads took: 0,0003995 seconds
2017-06-13T18:14:39.771+0200: 5,174: Total time for which application threads were stopped: 0,0000922 seconds, Stopping threads took: 0,0000224 seconds
2017-06-13T18:16:31.784+0200: 117,187: Total time for which application threads were stopped: 0,0000844 seconds, Stopping threads took: 0,0000352 seconds
2017-06-13T18:16:36.785+0200: 122,189: Total time for which application threads were stopped: 0,0001460 seconds, Stopping threads took: 0,0000397 seconds
2017-06-13T18:23:14.932+0200: 520,336: Total time for which application threads were stopped: 0,0000892 seconds, Stopping threads took: 0,0000161 seconds
2017-06-13T18:23:15.007+0200: 520,410: Total time for which application threads were stopped: 0,0038678 seconds, Stopping threads took: 0,0037719 seconds
2017-06-13T18:23:15.018+0200: 520,422: Total time for which application threads were stopped: 0,0033567 seconds, Stopping threads took: 0,0032617 seconds
2017-06-13T18:23:15.019+0200: 520,423: Total time for which application threads were stopped: 0,0001155 seconds, Stopping threads took: 0,0000218 seconds
2017-06-13T18:23:15.021+0200: 520,425: Total time for which application threads were stopped: 0,0001070 seconds, Stopping threads took: 0,0000241 seconds
Heap
 par new generation   total 109248K, used 64344K [0x00000000e0000000, 0x00000000e8000000, 0x00000000e8000000)
  eden space 87424K,  60% used [0x00000000e0000000, 0x00000000e3380f68, 0x00000000e5560000)
  from space 21824K,  53% used [0x00000000e6ab0000, 0x00000000e7605270, 0x00000000e8000000)
  to   space 21824K,   0% used [0x00000000e5560000, 0x00000000e5560000, 0x00000000e6ab0000)
 concurrent mark-sweep generation total 393216K, used 6043K [0x00000000e8000000, 0x0000000100000000, 0x0000000100000000)
 Metaspace       used 28118K, capacity 28616K, committed 28796K, reserved 1075200K
  class space    used 3223K, capacity 3387K, committed 3452K, reserved 1048576K
