OpenJDK 64-Bit Server VM (25.111-b14) for linux-amd64 JRE (1.8.0_111-8u111-b14-2ubuntu0.16.04.2-b14), built on Oct 27 2016 18:10:19 by "buildd" with gcc 5.4.0 20160609
Memory: 4k page, physical 7867848k(7464964k free), swap 8076284k(8076284k free)
CommandLine flags: -XX:CMSInitiatingOccupancyFraction=50 -XX:CMSMaxAbortablePrecleanTime=6000 -XX:+CMSParallelRemarkEnabled -XX:+CMSScavengeBeforeRemark -XX:ConcGCThreads=4 -XX:InitialHeapSize=536870912 -XX:MaxHeapSize=536870912 -XX:MaxTenuringThreshold=8 -XX:NewRatio=3 -XX:OldPLABSize=16 -XX:OnOutOfMemoryError=/opt/solr/bin/oom_solr.sh 8983 /var/solr/logs -XX:ParallelGCThreads=4 -XX:+ParallelRefProcEnabled -XX:PretenureSizeThreshold=67108864 -XX:+PrintGC -XX:+PrintGCApplicationStoppedTime -XX:+PrintGCDateStamps -XX:+PrintGCDetails -XX:+PrintGCTimeStamps -XX:+PrintHeapAtGC -XX:+PrintTenuringDistribution -XX:SurvivorRatio=4 -XX:TargetSurvivorRatio=90 -XX:ThreadStackSize=256 -XX:+UseCMSInitiatingOccupancyOnly -XX:+UseCompressedClassPointers -XX:+UseCompressedOops -XX:+UseConcMarkSweepGC -XX:+UseParNewGC 
2016-11-29T00:52:40.281+0100: 0,123: Total time for which application threads were stopped: 0,0000861 seconds, Stopping threads took: 0,0000109 seconds
2016-11-29T00:52:40.377+0100: 0,218: Total time for which application threads were stopped: 0,0001309 seconds, Stopping threads took: 0,0000372 seconds
2016-11-29T00:52:40.391+0100: 0,232: Total time for which application threads were stopped: 0,0001285 seconds, Stopping threads took: 0,0000281 seconds
2016-11-29T00:52:40.539+0100: 0,380: Total time for which application threads were stopped: 0,0001247 seconds, Stopping threads took: 0,0000136 seconds
2016-11-29T00:52:40.703+0100: 0,545: Total time for which application threads were stopped: 0,0001409 seconds, Stopping threads took: 0,0000189 seconds
2016-11-29T00:52:40.757+0100: 0,598: Total time for which application threads were stopped: 0,0001685 seconds, Stopping threads took: 0,0000172 seconds
2016-11-29T00:52:40.772+0100: 0,614: Total time for which application threads were stopped: 0,0001543 seconds, Stopping threads took: 0,0000184 seconds
2016-11-29T00:52:41.018+0100: 0,860: Total time for which application threads were stopped: 0,0001964 seconds, Stopping threads took: 0,0000151 seconds
2016-11-29T00:52:41.369+0100: 1,210: Total time for which application threads were stopped: 0,0001982 seconds, Stopping threads took: 0,0000154 seconds
2016-11-29T00:52:41.389+0100: 1,231: Total time for which application threads were stopped: 0,0001659 seconds, Stopping threads took: 0,0000181 seconds
2016-11-29T00:52:41.390+0100: 1,232: Total time for which application threads were stopped: 0,0001028 seconds, Stopping threads took: 0,0000097 seconds
2016-11-29T00:52:41.402+0100: 1,243: Total time for which application threads were stopped: 0,0001849 seconds, Stopping threads took: 0,0000208 seconds
2016-11-29T00:52:41.496+0100: 1,338: Total time for which application threads were stopped: 0,0001987 seconds, Stopping threads took: 0,0000216 seconds
2016-11-29T00:52:41.748+0100: 1,589: Total time for which application threads were stopped: 0,0014610 seconds, Stopping threads took: 0,0003980 seconds
{Heap before GC invocations=0 (full 0):
 par new generation   total 109248K, used 87424K [0x00000000e0000000, 0x00000000e8000000, 0x00000000e8000000)
  eden space 87424K, 100% used [0x00000000e0000000, 0x00000000e5560000, 0x00000000e5560000)
  from space 21824K,   0% used [0x00000000e5560000, 0x00000000e5560000, 0x00000000e6ab0000)
  to   space 21824K,   0% used [0x00000000e6ab0000, 0x00000000e6ab0000, 0x00000000e8000000)
 concurrent mark-sweep generation total 393216K, used 0K [0x00000000e8000000, 0x0000000100000000, 0x0000000100000000)
 Metaspace       used 18345K, capacity 18686K, committed 18944K, reserved 1067008K
  class space    used 2090K, capacity 2226K, committed 2304K, reserved 1048576K
2016-11-29T00:52:41.995+0100: 1,836: [GC (Allocation Failure) 2016-11-29T00:52:41.995+0100: 1,836: [ParNew
Desired survivor size 20112992 bytes, new threshold 8 (max 8)
- age   1:   12578440 bytes,   12578440 total
: 87424K->12396K(109248K), 0,0262753 secs] 87424K->12396K(502464K), 0,0263853 secs] [Times: user=0,05 sys=0,04, real=0,03 secs] 
Heap after GC invocations=1 (full 0):
 par new generation   total 109248K, used 12396K [0x00000000e0000000, 0x00000000e8000000, 0x00000000e8000000)
  eden space 87424K,   0% used [0x00000000e0000000, 0x00000000e0000000, 0x00000000e5560000)
  from space 21824K,  56% used [0x00000000e6ab0000, 0x00000000e76cb108, 0x00000000e8000000)
  to   space 21824K,   0% used [0x00000000e5560000, 0x00000000e5560000, 0x00000000e6ab0000)
 concurrent mark-sweep generation total 393216K, used 0K [0x00000000e8000000, 0x0000000100000000, 0x0000000100000000)
 Metaspace       used 18345K, capacity 18686K, committed 18944K, reserved 1067008K
  class space    used 2090K, capacity 2226K, committed 2304K, reserved 1048576K
}
2016-11-29T00:52:42.021+0100: 1,863: Total time for which application threads were stopped: 0,0267035 seconds, Stopping threads took: 0,0000316 seconds
2016-11-29T00:52:42.238+0100: 2,080: Total time for which application threads were stopped: 0,0006604 seconds, Stopping threads took: 0,0000394 seconds
2016-11-29T00:52:42.284+0100: 2,125: Total time for which application threads were stopped: 0,0007449 seconds, Stopping threads took: 0,0000538 seconds
2016-11-29T00:52:42.326+0100: 2,168: Total time for which application threads were stopped: 0,0002849 seconds, Stopping threads took: 0,0000303 seconds
{Heap before GC invocations=1 (full 0):
 par new generation   total 109248K, used 99820K [0x00000000e0000000, 0x00000000e8000000, 0x00000000e8000000)
  eden space 87424K, 100% used [0x00000000e0000000, 0x00000000e5560000, 0x00000000e5560000)
  from space 21824K,  56% used [0x00000000e6ab0000, 0x00000000e76cb108, 0x00000000e8000000)
  to   space 21824K,   0% used [0x00000000e5560000, 0x00000000e5560000, 0x00000000e6ab0000)
 concurrent mark-sweep generation total 393216K, used 0K [0x00000000e8000000, 0x0000000100000000, 0x0000000100000000)
 Metaspace       used 20689K, capacity 21020K, committed 21248K, reserved 1069056K
  class space    used 2403K, capacity 2518K, committed 2560K, reserved 1048576K
2016-11-29T00:52:42.529+0100: 2,370: [GC (Allocation Failure) 2016-11-29T00:52:42.529+0100: 2,370: [ParNew
Desired survivor size 20112992 bytes, new threshold 8 (max 8)
- age   1:    2672760 bytes,    2672760 total
- age   2:    6139744 bytes,    8812504 total
: 99820K->13229K(109248K), 0,0119802 secs] 99820K->13229K(502464K), 0,0120695 secs] [Times: user=0,05 sys=0,00, real=0,01 secs] 
Heap after GC invocations=2 (full 0):
 par new generation   total 109248K, used 13229K [0x00000000e0000000, 0x00000000e8000000, 0x00000000e8000000)
  eden space 87424K,   0% used [0x00000000e0000000, 0x00000000e0000000, 0x00000000e5560000)
  from space 21824K,  60% used [0x00000000e5560000, 0x00000000e624b410, 0x00000000e6ab0000)
  to   space 21824K,   0% used [0x00000000e6ab0000, 0x00000000e6ab0000, 0x00000000e8000000)
 concurrent mark-sweep generation total 393216K, used 0K [0x00000000e8000000, 0x0000000100000000, 0x0000000100000000)
 Metaspace       used 20689K, capacity 21020K, committed 21248K, reserved 1069056K
  class space    used 2403K, capacity 2518K, committed 2560K, reserved 1048576K
}
2016-11-29T00:52:42.541+0100: 2,382: Total time for which application threads were stopped: 0,0123550 seconds, Stopping threads took: 0,0000784 seconds
2016-11-29T00:52:42.598+0100: 2,439: Total time for which application threads were stopped: 0,0000729 seconds, Stopping threads took: 0,0000146 seconds
2016-11-29T00:52:42.631+0100: 2,473: Total time for which application threads were stopped: 0,0002453 seconds, Stopping threads took: 0,0000172 seconds
2016-11-29T00:52:42.636+0100: 2,478: Total time for which application threads were stopped: 0,0000993 seconds, Stopping threads took: 0,0000297 seconds
2016-11-29T00:52:42.660+0100: 2,501: Total time for which application threads were stopped: 0,0000989 seconds, Stopping threads took: 0,0000298 seconds
2016-11-29T00:52:42.731+0100: 2,573: Total time for which application threads were stopped: 0,0001487 seconds, Stopping threads took: 0,0000248 seconds
2016-11-29T00:52:42.756+0100: 2,598: Total time for which application threads were stopped: 0,0001133 seconds, Stopping threads took: 0,0000381 seconds
2016-11-29T00:52:42.763+0100: 2,605: Total time for which application threads were stopped: 0,0002676 seconds, Stopping threads took: 0,0000139 seconds
2016-11-29T00:52:42.770+0100: 2,612: Total time for which application threads were stopped: 0,0002735 seconds, Stopping threads took: 0,0000218 seconds
2016-11-29T00:52:42.786+0100: 2,628: Total time for which application threads were stopped: 0,0001148 seconds, Stopping threads took: 0,0000284 seconds
2016-11-29T00:52:42.819+0100: 2,661: Total time for which application threads were stopped: 0,0000934 seconds, Stopping threads took: 0,0000202 seconds
2016-11-29T00:52:42.834+0100: 2,676: Total time for which application threads were stopped: 0,0000806 seconds, Stopping threads took: 0,0000172 seconds
2016-11-29T00:52:42.846+0100: 2,687: Total time for which application threads were stopped: 0,0000827 seconds, Stopping threads took: 0,0000206 seconds
2016-11-29T00:52:42.863+0100: 2,704: Total time for which application threads were stopped: 0,0000833 seconds, Stopping threads took: 0,0000234 seconds
2016-11-29T00:52:42.902+0100: 2,744: Total time for which application threads were stopped: 0,0001341 seconds, Stopping threads took: 0,0000231 seconds
2016-11-29T00:52:42.960+0100: 2,801: Total time for which application threads were stopped: 0,0001190 seconds, Stopping threads took: 0,0000357 seconds
2016-11-29T00:52:42.986+0100: 2,827: Total time for which application threads were stopped: 0,0001121 seconds, Stopping threads took: 0,0000255 seconds
{Heap before GC invocations=2 (full 0):
 par new generation   total 109248K, used 100653K [0x00000000e0000000, 0x00000000e8000000, 0x00000000e8000000)
  eden space 87424K, 100% used [0x00000000e0000000, 0x00000000e5560000, 0x00000000e5560000)
  from space 21824K,  60% used [0x00000000e5560000, 0x00000000e624b410, 0x00000000e6ab0000)
  to   space 21824K,   0% used [0x00000000e6ab0000, 0x00000000e6ab0000, 0x00000000e8000000)
 concurrent mark-sweep generation total 393216K, used 0K [0x00000000e8000000, 0x0000000100000000, 0x0000000100000000)
 Metaspace       used 24840K, capacity 25223K, committed 25536K, reserved 1071104K
  class space    used 2895K, capacity 3024K, committed 3040K, reserved 1048576K
2016-11-29T00:52:42.994+0100: 2,836: [GC (Allocation Failure) 2016-11-29T00:52:42.994+0100: 2,836: [ParNew
Desired survivor size 20112992 bytes, new threshold 8 (max 8)
- age   1:    6688152 bytes,    6688152 total
- age   2:     512784 bytes,    7200936 total
- age   3:    6120888 bytes,   13321824 total
: 100653K->15154K(109248K), 0,0134883 secs] 100653K->15154K(502464K), 0,0135722 secs] [Times: user=0,04 sys=0,00, real=0,02 secs] 
Heap after GC invocations=3 (full 0):
 par new generation   total 109248K, used 15154K [0x00000000e0000000, 0x00000000e8000000, 0x00000000e8000000)
  eden space 87424K,   0% used [0x00000000e0000000, 0x00000000e0000000, 0x00000000e5560000)
  from space 21824K,  69% used [0x00000000e6ab0000, 0x00000000e797cb38, 0x00000000e8000000)
  to   space 21824K,   0% used [0x00000000e5560000, 0x00000000e5560000, 0x00000000e6ab0000)
 concurrent mark-sweep generation total 393216K, used 0K [0x00000000e8000000, 0x0000000100000000, 0x0000000100000000)
 Metaspace       used 24840K, capacity 25223K, committed 25536K, reserved 1071104K
  class space    used 2895K, capacity 3024K, committed 3040K, reserved 1048576K
}
2016-11-29T00:52:43.008+0100: 2,849: Total time for which application threads were stopped: 0,0137378 seconds, Stopping threads took: 0,0000383 seconds
2016-11-29T00:52:43.008+0100: 2,849: [GC (CMS Initial Mark) [1 CMS-initial-mark: 0K(393216K)] 15155K(502464K), 0,0034769 secs] [Times: user=0,01 sys=0,00, real=0,00 secs] 
2016-11-29T00:52:43.011+0100: 2,853: Total time for which application threads were stopped: 0,0036824 seconds, Stopping threads took: 0,0001325 seconds
2016-11-29T00:52:43.011+0100: 2,853: [CMS-concurrent-mark-start]
2016-11-29T00:52:43.013+0100: 2,855: [CMS-concurrent-mark: 0,002/0,002 secs] [Times: user=0,01 sys=0,00, real=0,00 secs] 
2016-11-29T00:52:43.013+0100: 2,855: [CMS-concurrent-preclean-start]
2016-11-29T00:52:43.014+0100: 2,855: [CMS-concurrent-preclean: 0,001/0,001 secs] [Times: user=0,00 sys=0,00, real=0,00 secs] 
2016-11-29T00:52:43.014+0100: 2,856: [GC (CMS Final Remark) [YG occupancy: 16546 K (109248 K)]{Heap before GC invocations=3 (full 1):
 par new generation   total 109248K, used 16546K [0x00000000e0000000, 0x00000000e8000000, 0x00000000e8000000)
  eden space 87424K,   1% used [0x00000000e0000000, 0x00000000e015bfb0, 0x00000000e5560000)
  from space 21824K,  69% used [0x00000000e6ab0000, 0x00000000e797cb38, 0x00000000e8000000)
  to   space 21824K,   0% used [0x00000000e5560000, 0x00000000e5560000, 0x00000000e6ab0000)
 concurrent mark-sweep generation total 393216K, used 0K [0x00000000e8000000, 0x0000000100000000, 0x0000000100000000)
 Metaspace       used 24876K, capacity 25319K, committed 25612K, reserved 1071104K
  class space    used 2899K, capacity 3056K, committed 3116K, reserved 1048576K
2016-11-29T00:52:43.014+0100: 2,856: [GC (CMS Final Remark) 2016-11-29T00:52:43.014+0100: 2,856: [ParNew
Desired survivor size 20112992 bytes, new threshold 8 (max 8)
- age   1:      38144 bytes,      38144 total
- age   2:    3149200 bytes,    3187344 total
- age   3:     512784 bytes,    3700128 total
- age   4:    6120912 bytes,    9821040 total
: 16546K->13459K(109248K), 0,0103189 secs] 16546K->13459K(502464K), 0,0103604 secs] [Times: user=0,03 sys=0,00, real=0,01 secs] 
Heap after GC invocations=4 (full 1):
 par new generation   total 109248K, used 13459K [0x00000000e0000000, 0x00000000e8000000, 0x00000000e8000000)
  eden space 87424K,   0% used [0x00000000e0000000, 0x00000000e0000000, 0x00000000e5560000)
  from space 21824K,  61% used [0x00000000e5560000, 0x00000000e6284dd0, 0x00000000e6ab0000)
  to   space 21824K,   0% used [0x00000000e6ab0000, 0x00000000e6ab0000, 0x00000000e8000000)
 concurrent mark-sweep generation total 393216K, used 0K [0x00000000e8000000, 0x0000000100000000, 0x0000000100000000)
 Metaspace       used 24876K, capacity 25319K, committed 25612K, reserved 1071104K
  class space    used 2899K, capacity 3056K, committed 3116K, reserved 1048576K
}
2016-11-29T00:52:43.025+0100: 2,866: [Rescan (parallel) , 0,0034820 secs]2016-11-29T00:52:43.028+0100: 2,870: [weak refs processing, 0,0011635 secs]2016-11-29T00:52:43.029+0100: 2,871: [class unloading, 0,0030895 secs]2016-11-29T00:52:43.032+0100: 2,874: [scrub symbol table, 0,0032809 secs]2016-11-29T00:52:43.036+0100: 2,877: [scrub string table, 0,0003755 secs][1 CMS-remark: 0K(393216K)] 13459K(502464K), 0,0224422 secs] [Times: user=0,05 sys=0,00, real=0,03 secs] 
2016-11-29T00:52:43.037+0100: 2,878: Total time for which application threads were stopped: 0,0225938 seconds, Stopping threads took: 0,0000887 seconds
2016-11-29T00:52:43.037+0100: 2,878: [CMS-concurrent-sweep-start]
2016-11-29T00:52:43.037+0100: 2,878: [CMS-concurrent-sweep: 0,000/0,000 secs] [Times: user=0,00 sys=0,00, real=0,00 secs] 
2016-11-29T00:52:43.037+0100: 2,878: [CMS-concurrent-reset-start]
2016-11-29T00:52:43.038+0100: 2,880: [CMS-concurrent-reset: 0,002/0,002 secs] [Times: user=0,00 sys=0,00, real=0,00 secs] 
2016-11-29T00:52:44.037+0100: 3,878: Total time for which application threads were stopped: 0,0000952 seconds, Stopping threads took: 0,0000174 seconds
2016-11-29T00:52:44.209+0100: 4,050: Total time for which application threads were stopped: 0,0003019 seconds, Stopping threads took: 0,0000147 seconds
2016-11-29T00:53:11.213+0100: 31,054: Total time for which application threads were stopped: 0,0000548 seconds, Stopping threads took: 0,0000158 seconds
2016-11-29T00:55:22.235+0100: 162,077: Total time for which application threads were stopped: 0,0000868 seconds, Stopping threads took: 0,0000418 seconds
2016-11-29T00:55:27.236+0100: 167,077: Total time for which application threads were stopped: 0,0000553 seconds, Stopping threads took: 0,0000159 seconds
2016-11-29T00:56:37.245+0100: 237,086: Total time for which application threads were stopped: 0,0000796 seconds, Stopping threads took: 0,0000361 seconds
2016-11-29T00:57:27.252+0100: 287,093: Total time for which application threads were stopped: 0,0000733 seconds, Stopping threads took: 0,0000321 seconds
2016-11-29T01:16:31.376+0100: 1431,218: Total time for which application threads were stopped: 0,0001510 seconds, Stopping threads took: 0,0000631 seconds
2016-11-29T01:21:11.410+0100: 1711,251: Total time for which application threads were stopped: 0,0000718 seconds, Stopping threads took: 0,0000309 seconds
2016-11-29T01:24:26.433+0100: 1906,275: Total time for which application threads were stopped: 0,0001000 seconds, Stopping threads took: 0,0000400 seconds
2016-11-29T01:29:01.468+0100: 2181,309: Total time for which application threads were stopped: 0,0000821 seconds, Stopping threads took: 0,0000302 seconds
2016-11-29T01:31:51.485+0100: 2351,326: Total time for which application threads were stopped: 0,0001530 seconds, Stopping threads took: 0,0000615 seconds
2016-11-29T01:31:52.485+0100: 2352,326: Total time for which application threads were stopped: 0,0000557 seconds, Stopping threads took: 0,0000142 seconds
2016-11-29T01:31:56.486+0100: 2356,327: Total time for which application threads were stopped: 0,0000831 seconds, Stopping threads took: 0,0000349 seconds
2016-11-29T01:33:01.493+0100: 2421,335: Total time for which application threads were stopped: 0,0004229 seconds, Stopping threads took: 0,0001536 seconds
2016-11-29T01:34:09.702+0100: 2489,544: Total time for which application threads were stopped: 0,0001491 seconds, Stopping threads took: 0,0000302 seconds
Heap
 par new generation   total 109248K, used 57812K [0x00000000e0000000, 0x00000000e8000000, 0x00000000e8000000)
  eden space 87424K,  50% used [0x00000000e0000000, 0x00000000e2b50598, 0x00000000e5560000)
  from space 21824K,  61% used [0x00000000e5560000, 0x00000000e6284dd0, 0x00000000e6ab0000)
  to   space 21824K,   0% used [0x00000000e6ab0000, 0x00000000e6ab0000, 0x00000000e8000000)
 concurrent mark-sweep generation total 393216K, used 0K [0x00000000e8000000, 0x0000000100000000, 0x0000000100000000)
 Metaspace       used 27159K, capacity 27597K, committed 27916K, reserved 1073152K
  class space    used 3159K, capacity 3319K, committed 3372K, reserved 1048576K
