OpenJDK 64-Bit Server VM (25.111-b14) for linux-amd64 JRE (1.8.0_111-8u111-b14-2ubuntu0.16.04.2-b14), built on Oct 27 2016 18:10:19 by "buildd" with gcc 5.4.0 20160609
Memory: 4k page, physical 7867840k(7519544k free), swap 8076284k(8076284k free)
CommandLine flags: -XX:CMSInitiatingOccupancyFraction=50 -XX:CMSMaxAbortablePrecleanTime=6000 -XX:+CMSParallelRemarkEnabled -XX:+CMSScavengeBeforeRemark -XX:ConcGCThreads=4 -XX:InitialHeapSize=536870912 -XX:MaxHeapSize=536870912 -XX:MaxTenuringThreshold=8 -XX:NewRatio=3 -XX:OldPLABSize=16 -XX:OnOutOfMemoryError=/opt/solr/bin/oom_solr.sh 8983 /var/solr/logs -XX:ParallelGCThreads=4 -XX:+ParallelRefProcEnabled -XX:PretenureSizeThreshold=67108864 -XX:+PrintGC -XX:+PrintGCApplicationStoppedTime -XX:+PrintGCDateStamps -XX:+PrintGCDetails -XX:+PrintGCTimeStamps -XX:+PrintHeapAtGC -XX:+PrintTenuringDistribution -XX:SurvivorRatio=4 -XX:TargetSurvivorRatio=90 -XX:ThreadStackSize=256 -XX:+UseCMSInitiatingOccupancyOnly -XX:+UseCompressedClassPointers -XX:+UseCompressedOops -XX:+UseConcMarkSweepGC -XX:+UseParNewGC 
2016-12-17T14:30:10.678+0100: 0,125: Total time for which application threads were stopped: 0,0000716 seconds, Stopping threads took: 0,0000134 seconds
2016-12-17T14:30:10.753+0100: 0,200: Total time for which application threads were stopped: 0,0001851 seconds, Stopping threads took: 0,0000550 seconds
2016-12-17T14:30:10.767+0100: 0,215: Total time for which application threads were stopped: 0,0000893 seconds, Stopping threads took: 0,0000192 seconds
2016-12-17T14:30:10.989+0100: 0,436: Total time for which application threads were stopped: 0,0001151 seconds, Stopping threads took: 0,0000089 seconds
2016-12-17T14:30:11.522+0100: 0,970: Total time for which application threads were stopped: 0,0001865 seconds, Stopping threads took: 0,0000245 seconds
2016-12-17T14:30:11.583+0100: 1,031: Total time for which application threads were stopped: 0,0001989 seconds, Stopping threads took: 0,0000215 seconds
2016-12-17T14:30:11.596+0100: 1,043: Total time for which application threads were stopped: 0,0004101 seconds, Stopping threads took: 0,0000683 seconds
2016-12-17T14:30:11.838+0100: 1,285: Total time for which application threads were stopped: 0,0001653 seconds, Stopping threads took: 0,0000195 seconds
2016-12-17T14:30:12.034+0100: 1,482: Total time for which application threads were stopped: 0,0002281 seconds, Stopping threads took: 0,0000267 seconds
2016-12-17T14:30:12.062+0100: 1,510: Total time for which application threads were stopped: 0,0002337 seconds, Stopping threads took: 0,0000185 seconds
2016-12-17T14:30:12.063+0100: 1,511: Total time for which application threads were stopped: 0,0002061 seconds, Stopping threads took: 0,0000113 seconds
2016-12-17T14:30:12.077+0100: 1,525: Total time for which application threads were stopped: 0,0001718 seconds, Stopping threads took: 0,0000195 seconds
2016-12-17T14:30:12.180+0100: 1,627: Total time for which application threads were stopped: 0,0002350 seconds, Stopping threads took: 0,0000199 seconds
2016-12-17T14:30:12.344+0100: 1,792: Total time for which application threads were stopped: 0,0002698 seconds, Stopping threads took: 0,0000729 seconds
{Heap before GC invocations=0 (full 0):
 par new generation   total 109248K, used 87424K [0x00000000e0000000, 0x00000000e8000000, 0x00000000e8000000)
  eden space 87424K, 100% used [0x00000000e0000000, 0x00000000e5560000, 0x00000000e5560000)
  from space 21824K,   0% used [0x00000000e5560000, 0x00000000e5560000, 0x00000000e6ab0000)
  to   space 21824K,   0% used [0x00000000e6ab0000, 0x00000000e6ab0000, 0x00000000e8000000)
 concurrent mark-sweep generation total 393216K, used 0K [0x00000000e8000000, 0x0000000100000000, 0x0000000100000000)
 Metaspace       used 18093K, capacity 18366K, committed 18560K, reserved 1064960K
  class space    used 2054K, capacity 2162K, committed 2176K, reserved 1048576K
2016-12-17T14:30:12.448+0100: 1,896: [GC (Allocation Failure) 2016-12-17T14:30:12.448+0100: 1,896: [ParNew
Desired survivor size 20112992 bytes, new threshold 8 (max 8)
- age   1:   12321560 bytes,   12321560 total
: 87424K->12144K(109248K), 0,0159113 secs] 87424K->12144K(502464K), 0,0159995 secs] [Times: user=0,04 sys=0,03, real=0,01 secs] 
Heap after GC invocations=1 (full 0):
 par new generation   total 109248K, used 12144K [0x00000000e0000000, 0x00000000e8000000, 0x00000000e8000000)
  eden space 87424K,   0% used [0x00000000e0000000, 0x00000000e0000000, 0x00000000e5560000)
  from space 21824K,  55% used [0x00000000e6ab0000, 0x00000000e768c0e0, 0x00000000e8000000)
  to   space 21824K,   0% used [0x00000000e5560000, 0x00000000e5560000, 0x00000000e6ab0000)
 concurrent mark-sweep generation total 393216K, used 0K [0x00000000e8000000, 0x0000000100000000, 0x0000000100000000)
 Metaspace       used 18093K, capacity 18366K, committed 18560K, reserved 1064960K
  class space    used 2054K, capacity 2162K, committed 2176K, reserved 1048576K
}
2016-12-17T14:30:12.464+0100: 1,912: Total time for which application threads were stopped: 0,0161712 seconds, Stopping threads took: 0,0000159 seconds
2016-12-17T14:30:12.630+0100: 2,077: Total time for which application threads were stopped: 0,0003289 seconds, Stopping threads took: 0,0000400 seconds
2016-12-17T14:30:12.661+0100: 2,109: Total time for which application threads were stopped: 0,0004192 seconds, Stopping threads took: 0,0000465 seconds
2016-12-17T14:30:12.689+0100: 2,137: Total time for which application threads were stopped: 0,0003223 seconds, Stopping threads took: 0,0000377 seconds
{Heap before GC invocations=1 (full 0):
 par new generation   total 109248K, used 99568K [0x00000000e0000000, 0x00000000e8000000, 0x00000000e8000000)
  eden space 87424K, 100% used [0x00000000e0000000, 0x00000000e5560000, 0x00000000e5560000)
  from space 21824K,  55% used [0x00000000e6ab0000, 0x00000000e768c0e0, 0x00000000e8000000)
  to   space 21824K,   0% used [0x00000000e5560000, 0x00000000e5560000, 0x00000000e6ab0000)
 concurrent mark-sweep generation total 393216K, used 0K [0x00000000e8000000, 0x0000000100000000, 0x0000000100000000)
 Metaspace       used 20715K, capacity 21020K, committed 21248K, reserved 1069056K
  class space    used 2404K, capacity 2518K, committed 2560K, reserved 1048576K
2016-12-17T14:30:12.863+0100: 2,311: [GC (Allocation Failure) 2016-12-17T14:30:12.864+0100: 2,311: [ParNew
Desired survivor size 20112992 bytes, new threshold 8 (max 8)
- age   1:    2899912 bytes,    2899912 total
- age   2:    6100784 bytes,    9000696 total
: 99568K->11220K(109248K), 0,0136785 secs] 99568K->11220K(502464K), 0,0137726 secs] [Times: user=0,05 sys=0,00, real=0,01 secs] 
Heap after GC invocations=2 (full 0):
 par new generation   total 109248K, used 11220K [0x00000000e0000000, 0x00000000e8000000, 0x00000000e8000000)
  eden space 87424K,   0% used [0x00000000e0000000, 0x00000000e0000000, 0x00000000e5560000)
  from space 21824K,  51% used [0x00000000e5560000, 0x00000000e6055360, 0x00000000e6ab0000)
  to   space 21824K,   0% used [0x00000000e6ab0000, 0x00000000e6ab0000, 0x00000000e8000000)
 concurrent mark-sweep generation total 393216K, used 0K [0x00000000e8000000, 0x0000000100000000, 0x0000000100000000)
 Metaspace       used 20715K, capacity 21020K, committed 21248K, reserved 1069056K
  class space    used 2404K, capacity 2518K, committed 2560K, reserved 1048576K
}
2016-12-17T14:30:12.877+0100: 2,325: Total time for which application threads were stopped: 0,0141580 seconds, Stopping threads took: 0,0001675 seconds
2016-12-17T14:30:12.933+0100: 2,380: Total time for which application threads were stopped: 0,0000768 seconds, Stopping threads took: 0,0000165 seconds
2016-12-17T14:30:12.965+0100: 2,412: Total time for which application threads were stopped: 0,0000877 seconds, Stopping threads took: 0,0000166 seconds
2016-12-17T14:30:12.965+0100: 2,413: Total time for which application threads were stopped: 0,0002234 seconds, Stopping threads took: 0,0000113 seconds
2016-12-17T14:30:12.993+0100: 2,441: Total time for which application threads were stopped: 0,0000814 seconds, Stopping threads took: 0,0000190 seconds
2016-12-17T14:30:13.074+0100: 2,522: Total time for which application threads were stopped: 0,0001673 seconds, Stopping threads took: 0,0000480 seconds
2016-12-17T14:30:13.094+0100: 2,541: Total time for which application threads were stopped: 0,0000979 seconds, Stopping threads took: 0,0000237 seconds
2016-12-17T14:30:13.102+0100: 2,550: Total time for which application threads were stopped: 0,0002793 seconds, Stopping threads took: 0,0000152 seconds
2016-12-17T14:30:13.109+0100: 2,557: Total time for which application threads were stopped: 0,0002680 seconds, Stopping threads took: 0,0000127 seconds
2016-12-17T14:30:13.111+0100: 2,559: Total time for which application threads were stopped: 0,0001239 seconds, Stopping threads took: 0,0000641 seconds
2016-12-17T14:30:13.147+0100: 2,595: Total time for which application threads were stopped: 0,0000838 seconds, Stopping threads took: 0,0000185 seconds
2016-12-17T14:30:13.163+0100: 2,611: Total time for which application threads were stopped: 0,0000696 seconds, Stopping threads took: 0,0000136 seconds
2016-12-17T14:30:13.181+0100: 2,628: Total time for which application threads were stopped: 0,0000882 seconds, Stopping threads took: 0,0000133 seconds
2016-12-17T14:30:13.197+0100: 2,645: Total time for which application threads were stopped: 0,0000786 seconds, Stopping threads took: 0,0000134 seconds
2016-12-17T14:30:13.226+0100: 2,673: Total time for which application threads were stopped: 0,0001052 seconds, Stopping threads took: 0,0000317 seconds
2016-12-17T14:30:13.280+0100: 2,728: Total time for which application threads were stopped: 0,0001168 seconds, Stopping threads took: 0,0000415 seconds
2016-12-17T14:30:13.313+0100: 2,761: Total time for which application threads were stopped: 0,0001501 seconds, Stopping threads took: 0,0000443 seconds
{Heap before GC invocations=2 (full 0):
 par new generation   total 109248K, used 98644K [0x00000000e0000000, 0x00000000e8000000, 0x00000000e8000000)
  eden space 87424K, 100% used [0x00000000e0000000, 0x00000000e5560000, 0x00000000e5560000)
  from space 21824K,  51% used [0x00000000e5560000, 0x00000000e6055360, 0x00000000e6ab0000)
  to   space 21824K,   0% used [0x00000000e6ab0000, 0x00000000e6ab0000, 0x00000000e8000000)
 concurrent mark-sweep generation total 393216K, used 0K [0x00000000e8000000, 0x0000000100000000, 0x0000000100000000)
 Metaspace       used 24865K, capacity 25220K, committed 25536K, reserved 1071104K
  class space    used 2897K, capacity 3024K, committed 3092K, reserved 1048576K
2016-12-17T14:30:13.328+0100: 2,775: [GC (Allocation Failure) 2016-12-17T14:30:13.328+0100: 2,775: [ParNew
Desired survivor size 20112992 bytes, new threshold 8 (max 8)
- age   1:    6716128 bytes,    6716128 total
- age   2:     548544 bytes,    7264672 total
- age   3:    6084200 bytes,   13348872 total
: 98644K->16924K(109248K), 0,0114498 secs] 98644K->16924K(502464K), 0,0115210 secs] [Times: user=0,04 sys=0,00, real=0,01 secs] 
Heap after GC invocations=3 (full 0):
 par new generation   total 109248K, used 16924K [0x00000000e0000000, 0x00000000e8000000, 0x00000000e8000000)
  eden space 87424K,   0% used [0x00000000e0000000, 0x00000000e0000000, 0x00000000e5560000)
  from space 21824K,  77% used [0x00000000e6ab0000, 0x00000000e7b37100, 0x00000000e8000000)
  to   space 21824K,   0% used [0x00000000e5560000, 0x00000000e5560000, 0x00000000e6ab0000)
 concurrent mark-sweep generation total 393216K, used 0K [0x00000000e8000000, 0x0000000100000000, 0x0000000100000000)
 Metaspace       used 24865K, capacity 25220K, committed 25536K, reserved 1071104K
  class space    used 2897K, capacity 3024K, committed 3092K, reserved 1048576K
}
2016-12-17T14:30:13.339+0100: 2,787: Total time for which application threads were stopped: 0,0116916 seconds, Stopping threads took: 0,0000489 seconds
2016-12-17T14:30:13.339+0100: 2,787: [GC (CMS Initial Mark) [1 CMS-initial-mark: 0K(393216K)] 16931K(502464K), 0,0033855 secs] [Times: user=0,01 sys=0,00, real=0,00 secs] 
2016-12-17T14:30:13.343+0100: 2,790: Total time for which application threads were stopped: 0,0034923 seconds, Stopping threads took: 0,0000359 seconds
2016-12-17T14:30:13.343+0100: 2,790: [CMS-concurrent-mark-start]
2016-12-17T14:30:13.344+0100: 2,792: [CMS-concurrent-mark: 0,001/0,001 secs] [Times: user=0,00 sys=0,00, real=0,00 secs] 
2016-12-17T14:30:13.344+0100: 2,792: [CMS-concurrent-preclean-start]
2016-12-17T14:30:13.345+0100: 2,793: [CMS-concurrent-preclean: 0,001/0,001 secs] [Times: user=0,00 sys=0,00, real=0,00 secs] 
2016-12-17T14:30:13.345+0100: 2,793: [GC (CMS Final Remark) [YG occupancy: 18332 K (109248 K)]{Heap before GC invocations=3 (full 1):
 par new generation   total 109248K, used 18332K [0x00000000e0000000, 0x00000000e8000000, 0x00000000e8000000)
  eden space 87424K,   1% used [0x00000000e0000000, 0x00000000e0160200, 0x00000000e5560000)
  from space 21824K,  77% used [0x00000000e6ab0000, 0x00000000e7b37100, 0x00000000e8000000)
  to   space 21824K,   0% used [0x00000000e5560000, 0x00000000e5560000, 0x00000000e6ab0000)
 concurrent mark-sweep generation total 393216K, used 0K [0x00000000e8000000, 0x0000000100000000, 0x0000000100000000)
 Metaspace       used 24899K, capacity 25316K, committed 25536K, reserved 1071104K
  class space    used 2900K, capacity 3056K, committed 3092K, reserved 1048576K
2016-12-17T14:30:13.345+0100: 2,793: [GC (CMS Final Remark) 2016-12-17T14:30:13.346+0100: 2,793: [ParNew
Desired survivor size 20112992 bytes, new threshold 8 (max 8)
- age   1:      22408 bytes,      22408 total
- age   2:    3165184 bytes,    3187592 total
- age   3:     548544 bytes,    3736136 total
- age   4:    6082272 bytes,    9818408 total
: 18332K->12256K(109248K), 0,0126152 secs] 18332K->12256K(502464K), 0,0126642 secs] [Times: user=0,05 sys=0,00, real=0,01 secs] 
Heap after GC invocations=4 (full 1):
 par new generation   total 109248K, used 12256K [0x00000000e0000000, 0x00000000e8000000, 0x00000000e8000000)
  eden space 87424K,   0% used [0x00000000e0000000, 0x00000000e0000000, 0x00000000e5560000)
  from space 21824K,  56% used [0x00000000e5560000, 0x00000000e6158198, 0x00000000e6ab0000)
  to   space 21824K,   0% used [0x00000000e6ab0000, 0x00000000e6ab0000, 0x00000000e8000000)
 concurrent mark-sweep generation total 393216K, used 0K [0x00000000e8000000, 0x0000000100000000, 0x0000000100000000)
 Metaspace       used 24899K, capacity 25316K, committed 25536K, reserved 1071104K
  class space    used 2900K, capacity 3056K, committed 3092K, reserved 1048576K
}
2016-12-17T14:30:13.358+0100: 2,806: [Rescan (parallel) , 0,0053083 secs]2016-12-17T14:30:13.364+0100: 2,811: [weak refs processing, 0,0016787 secs]2016-12-17T14:30:13.365+0100: 2,813: [class unloading, 0,0035490 secs]2016-12-17T14:30:13.369+0100: 2,816: [scrub symbol table, 0,0034682 secs]2016-12-17T14:30:13.372+0100: 2,820: [scrub string table, 0,0004509 secs][1 CMS-remark: 0K(393216K)] 12256K(502464K), 0,0278550 secs] [Times: user=0,09 sys=0,00, real=0,03 secs] 
2016-12-17T14:30:13.373+0100: 2,821: Total time for which application threads were stopped: 0,0279701 seconds, Stopping threads took: 0,0000429 seconds
2016-12-17T14:30:13.373+0100: 2,821: [CMS-concurrent-sweep-start]
2016-12-17T14:30:13.373+0100: 2,821: [CMS-concurrent-sweep: 0,000/0,000 secs] [Times: user=0,00 sys=0,00, real=0,00 secs] 
2016-12-17T14:30:13.374+0100: 2,821: [CMS-concurrent-reset-start]
2016-12-17T14:30:13.376+0100: 2,824: [CMS-concurrent-reset: 0,003/0,003 secs] [Times: user=0,00 sys=0,00, real=0,00 secs] 
2016-12-17T14:30:13.429+0100: 2,877: Total time for which application threads were stopped: 0,0004230 seconds, Stopping threads took: 0,0000463 seconds
2016-12-17T14:30:14.430+0100: 3,877: Total time for which application threads were stopped: 0,0000798 seconds, Stopping threads took: 0,0000167 seconds
2016-12-17T14:30:14.602+0100: 4,050: Total time for which application threads were stopped: 0,0002331 seconds, Stopping threads took: 0,0000152 seconds
2016-12-17T14:30:43.009+0100: 32,053: Total time for which application threads were stopped: 0,0000650 seconds, Stopping threads took: 0,0000272 seconds
2016-12-17T14:32:53.024+0100: 162,068: Total time for which application threads were stopped: 0,0000801 seconds, Stopping threads took: 0,0000359 seconds
2016-12-17T14:32:58.025+0100: 167,069: Total time for which application threads were stopped: 0,0001208 seconds, Stopping threads took: 0,0000323 seconds
2016-12-17T14:33:53.032+0100: 222,076: Total time for which application threads were stopped: 0,0000698 seconds, Stopping threads took: 0,0000300 seconds
2016-12-17T14:34:58.039+0100: 287,083: Total time for which application threads were stopped: 0,0000794 seconds, Stopping threads took: 0,0000366 seconds
2016-12-17T14:35:33.043+0100: 322,087: Total time for which application threads were stopped: 0,0000746 seconds, Stopping threads took: 0,0000312 seconds
2016-12-17T14:37:23.055+0100: 432,099: Total time for which application threads were stopped: 0,0000831 seconds, Stopping threads took: 0,0000313 seconds
2016-12-17T14:38:13.061+0100: 482,105: Total time for which application threads were stopped: 0,0000762 seconds, Stopping threads took: 0,0000303 seconds
2016-12-17T14:38:47.064+0100: 516,108: Total time for which application threads were stopped: 0,0002578 seconds, Stopping threads took: 0,0001231 seconds
2016-12-17T14:38:53.065+0100: 522,109: Total time for which application threads were stopped: 0,0000624 seconds, Stopping threads took: 0,0000175 seconds
2016-12-17T14:40:53.078+0100: 642,122: Total time for which application threads were stopped: 0,0001153 seconds, Stopping threads took: 0,0000378 seconds
2016-12-17T14:53:57.185+0100: 1426,229: Total time for which application threads were stopped: 0,0001790 seconds, Stopping threads took: 0,0000747 seconds
2016-12-17T14:55:48.204+0100: 1537,248: Total time for which application threads were stopped: 0,0000820 seconds, Stopping threads took: 0,0000329 seconds
2016-12-17T14:58:22.226+0100: 1691,270: Total time for which application threads were stopped: 0,0000834 seconds, Stopping threads took: 0,0000353 seconds
2016-12-17T15:08:53.316+0100: 2322,360: Total time for which application threads were stopped: 0,0002292 seconds, Stopping threads took: 0,0001741 seconds
2016-12-17T15:08:57.317+0100: 2326,361: Total time for which application threads were stopped: 0,0000600 seconds, Stopping threads took: 0,0000141 seconds
2016-12-17T15:23:28.403+0100: 3197,447: Total time for which application threads were stopped: 0,0001796 seconds, Stopping threads took: 0,0001015 seconds
2016-12-17T15:34:37.476+0100: 3866,520: Total time for which application threads were stopped: 0,0000844 seconds, Stopping threads took: 0,0000362 seconds
2016-12-17T15:34:42.477+0100: 3871,521: Total time for which application threads were stopped: 0,0000538 seconds, Stopping threads took: 0,0000141 seconds
2016-12-17T15:36:02.487+0100: 3951,530: Total time for which application threads were stopped: 0,0001654 seconds, Stopping threads took: 0,0000644 seconds
2016-12-17T15:37:12.495+0100: 4021,539: Total time for which application threads were stopped: 0,0000752 seconds, Stopping threads took: 0,0000321 seconds
2016-12-17T16:54:16.119+0100: 6237,779: Total time for which application threads were stopped: 0,0001742 seconds, Stopping threads took: 0,0000697 seconds
2016-12-17T16:55:26.128+0100: 6307,787: Total time for which application threads were stopped: 0,0000827 seconds, Stopping threads took: 0,0000346 seconds
2016-12-17T17:15:20.264+0100: 7501,924: Total time for which application threads were stopped: 0,0000708 seconds, Stopping threads took: 0,0000303 seconds
2016-12-17T17:15:50.268+0100: 7531,927: Total time for which application threads were stopped: 0,0004376 seconds, Stopping threads took: 0,0002732 seconds
2016-12-17T17:18:20.284+0100: 7681,944: Total time for which application threads were stopped: 0,0000715 seconds, Stopping threads took: 0,0000281 seconds
2016-12-17T18:19:51.439+0100: 11372,368: Total time for which application threads were stopped: 0,0000824 seconds, Stopping threads took: 0,0000280 seconds
2016-12-17T18:22:50.464+0100: 11551,393: Total time for which application threads were stopped: 0,0000902 seconds, Stopping threads took: 0,0000364 seconds
2016-12-17T18:23:10.372+0100: 11571,301: Total time for which application threads were stopped: 0,0003799 seconds, Stopping threads took: 0,0000302 seconds
Heap
 par new generation   total 109248K, used 55818K [0x00000000e0000000, 0x00000000e8000000, 0x00000000e8000000)
  eden space 87424K,  49% used [0x00000000e0000000, 0x00000000e2a8a7d8, 0x00000000e5560000)
  from space 21824K,  56% used [0x00000000e5560000, 0x00000000e6158198, 0x00000000e6ab0000)
  to   space 21824K,   0% used [0x00000000e6ab0000, 0x00000000e6ab0000, 0x00000000e8000000)
 concurrent mark-sweep generation total 393216K, used 0K [0x00000000e8000000, 0x0000000100000000, 0x0000000100000000)
 Metaspace       used 27284K, capacity 27728K, committed 27920K, reserved 1073152K
  class space    used 3169K, capacity 3320K, committed 3348K, reserved 1048576K
