OpenJDK 64-Bit Server VM (25.111-b14) for linux-amd64 JRE (1.8.0_111-8u111-b14-2ubuntu0.16.04.2-b14), built on Oct 27 2016 18:10:19 by "buildd" with gcc 5.4.0 20160609
Memory: 4k page, physical 7867800k(7516996k free), swap 8076284k(8076284k free)
CommandLine flags: -XX:CMSInitiatingOccupancyFraction=50 -XX:CMSMaxAbortablePrecleanTime=6000 -XX:+CMSParallelRemarkEnabled -XX:+CMSScavengeBeforeRemark -XX:ConcGCThreads=4 -XX:InitialHeapSize=536870912 -XX:MaxHeapSize=536870912 -XX:MaxTenuringThreshold=8 -XX:NewRatio=3 -XX:OldPLABSize=16 -XX:OnOutOfMemoryError=/opt/solr/bin/oom_solr.sh 8983 /var/solr/logs -XX:ParallelGCThreads=4 -XX:+ParallelRefProcEnabled -XX:PretenureSizeThreshold=67108864 -XX:+PrintGC -XX:+PrintGCApplicationStoppedTime -XX:+PrintGCDateStamps -XX:+PrintGCDetails -XX:+PrintGCTimeStamps -XX:+PrintHeapAtGC -XX:+PrintTenuringDistribution -XX:SurvivorRatio=4 -XX:TargetSurvivorRatio=90 -XX:ThreadStackSize=256 -XX:+UseCMSInitiatingOccupancyOnly -XX:+UseCompressedClassPointers -XX:+UseCompressedOops -XX:+UseConcMarkSweepGC -XX:+UseParNewGC 
2017-01-17T03:58:53.847+0100: 0,111: Total time for which application threads were stopped: 0,0000712 seconds, Stopping threads took: 0,0000139 seconds
2017-01-17T03:58:53.922+0100: 0,187: Total time for which application threads were stopped: 0,0001150 seconds, Stopping threads took: 0,0000168 seconds
2017-01-17T03:58:53.941+0100: 0,205: Total time for which application threads were stopped: 0,0000766 seconds, Stopping threads took: 0,0000188 seconds
2017-01-17T03:58:54.116+0100: 0,380: Total time for which application threads were stopped: 0,0001623 seconds, Stopping threads took: 0,0000163 seconds
2017-01-17T03:58:54.484+0100: 0,749: Total time for which application threads were stopped: 0,0001537 seconds, Stopping threads took: 0,0000225 seconds
2017-01-17T03:58:54.640+0100: 0,904: Total time for which application threads were stopped: 0,0001770 seconds, Stopping threads took: 0,0000158 seconds
2017-01-17T03:58:54.731+0100: 0,996: Total time for which application threads were stopped: 0,0001967 seconds, Stopping threads took: 0,0000248 seconds
2017-01-17T03:58:55.201+0100: 1,466: Total time for which application threads were stopped: 0,0001917 seconds, Stopping threads took: 0,0000251 seconds
2017-01-17T03:58:55.441+0100: 1,706: Total time for which application threads were stopped: 0,0002591 seconds, Stopping threads took: 0,0000230 seconds
2017-01-17T03:58:55.473+0100: 1,737: Total time for which application threads were stopped: 0,0001772 seconds, Stopping threads took: 0,0000129 seconds
2017-01-17T03:58:55.474+0100: 1,738: Total time for which application threads were stopped: 0,0001535 seconds, Stopping threads took: 0,0000107 seconds
2017-01-17T03:58:55.489+0100: 1,753: Total time for which application threads were stopped: 0,0001612 seconds, Stopping threads took: 0,0000121 seconds
2017-01-17T03:58:55.576+0100: 1,840: Total time for which application threads were stopped: 0,0002358 seconds, Stopping threads took: 0,0000219 seconds
2017-01-17T03:58:55.716+0100: 1,980: Total time for which application threads were stopped: 0,0002166 seconds, Stopping threads took: 0,0000220 seconds
{Heap before GC invocations=0 (full 0):
 par new generation   total 109248K, used 87424K [0x00000000e0000000, 0x00000000e8000000, 0x00000000e8000000)
  eden space 87424K, 100% used [0x00000000e0000000, 0x00000000e5560000, 0x00000000e5560000)
  from space 21824K,   0% used [0x00000000e5560000, 0x00000000e5560000, 0x00000000e6ab0000)
  to   space 21824K,   0% used [0x00000000e6ab0000, 0x00000000e6ab0000, 0x00000000e8000000)
 concurrent mark-sweep generation total 393216K, used 0K [0x00000000e8000000, 0x0000000100000000, 0x0000000100000000)
 Metaspace       used 18352K, capacity 18686K, committed 18944K, reserved 1067008K
  class space    used 2091K, capacity 2226K, committed 2304K, reserved 1048576K
2017-01-17T03:58:55.844+0100: 2,109: [GC (Allocation Failure) 2017-01-17T03:58:55.844+0100: 2,109: [ParNew
Desired survivor size 20112992 bytes, new threshold 8 (max 8)
- age   1:   12579688 bytes,   12579688 total
: 87424K->12401K(109248K), 0,0162410 secs] 87424K->12401K(502464K), 0,0163468 secs] [Times: user=0,05 sys=0,01, real=0,02 secs] 
Heap after GC invocations=1 (full 0):
 par new generation   total 109248K, used 12401K [0x00000000e0000000, 0x00000000e8000000, 0x00000000e8000000)
  eden space 87424K,   0% used [0x00000000e0000000, 0x00000000e0000000, 0x00000000e5560000)
  from space 21824K,  56% used [0x00000000e6ab0000, 0x00000000e76cc438, 0x00000000e8000000)
  to   space 21824K,   0% used [0x00000000e5560000, 0x00000000e5560000, 0x00000000e6ab0000)
 concurrent mark-sweep generation total 393216K, used 0K [0x00000000e8000000, 0x0000000100000000, 0x0000000100000000)
 Metaspace       used 18352K, capacity 18686K, committed 18944K, reserved 1067008K
  class space    used 2091K, capacity 2226K, committed 2304K, reserved 1048576K
}
2017-01-17T03:58:55.861+0100: 2,125: Total time for which application threads were stopped: 0,0165299 seconds, Stopping threads took: 0,0000198 seconds
2017-01-17T03:58:56.007+0100: 2,272: Total time for which application threads were stopped: 0,0003387 seconds, Stopping threads took: 0,0000329 seconds
2017-01-17T03:58:56.041+0100: 2,306: Total time for which application threads were stopped: 0,0003576 seconds, Stopping threads took: 0,0000406 seconds
2017-01-17T03:58:56.069+0100: 2,334: Total time for which application threads were stopped: 0,0003691 seconds, Stopping threads took: 0,0000498 seconds
{Heap before GC invocations=1 (full 0):
 par new generation   total 109248K, used 99825K [0x00000000e0000000, 0x00000000e8000000, 0x00000000e8000000)
  eden space 87424K, 100% used [0x00000000e0000000, 0x00000000e5560000, 0x00000000e5560000)
  from space 21824K,  56% used [0x00000000e6ab0000, 0x00000000e76cc438, 0x00000000e8000000)
  to   space 21824K,   0% used [0x00000000e5560000, 0x00000000e5560000, 0x00000000e6ab0000)
 concurrent mark-sweep generation total 393216K, used 0K [0x00000000e8000000, 0x0000000100000000, 0x0000000100000000)
 Metaspace       used 20709K, capacity 21020K, committed 21248K, reserved 1069056K
  class space    used 2404K, capacity 2518K, committed 2560K, reserved 1048576K
2017-01-17T03:58:56.237+0100: 2,501: [GC (Allocation Failure) 2017-01-17T03:58:56.237+0100: 2,502: [ParNew
Desired survivor size 20112992 bytes, new threshold 8 (max 8)
- age   1:    2769272 bytes,    2769272 total
- age   2:    6140320 bytes,    8909592 total
: 99825K->11390K(109248K), 0,0172296 secs] 99825K->11390K(502464K), 0,0173107 secs] [Times: user=0,07 sys=0,00, real=0,01 secs] 
Heap after GC invocations=2 (full 0):
 par new generation   total 109248K, used 11390K [0x00000000e0000000, 0x00000000e8000000, 0x00000000e8000000)
  eden space 87424K,   0% used [0x00000000e0000000, 0x00000000e0000000, 0x00000000e5560000)
  from space 21824K,  52% used [0x00000000e5560000, 0x00000000e607fb10, 0x00000000e6ab0000)
  to   space 21824K,   0% used [0x00000000e6ab0000, 0x00000000e6ab0000, 0x00000000e8000000)
 concurrent mark-sweep generation total 393216K, used 0K [0x00000000e8000000, 0x0000000100000000, 0x0000000100000000)
 Metaspace       used 20709K, capacity 21020K, committed 21248K, reserved 1069056K
  class space    used 2404K, capacity 2518K, committed 2560K, reserved 1048576K
}
2017-01-17T03:58:56.254+0100: 2,519: Total time for which application threads were stopped: 0,0175535 seconds, Stopping threads took: 0,0000433 seconds
2017-01-17T03:58:56.302+0100: 2,566: Total time for which application threads were stopped: 0,0000759 seconds, Stopping threads took: 0,0000135 seconds
2017-01-17T03:58:56.341+0100: 2,605: Total time for which application threads were stopped: 0,0000754 seconds, Stopping threads took: 0,0000133 seconds
2017-01-17T03:58:56.341+0100: 2,606: Total time for which application threads were stopped: 0,0002523 seconds, Stopping threads took: 0,0000175 seconds
2017-01-17T03:58:56.366+0100: 2,631: Total time for which application threads were stopped: 0,0000730 seconds, Stopping threads took: 0,0000129 seconds
2017-01-17T03:58:56.445+0100: 2,710: Total time for which application threads were stopped: 0,0001402 seconds, Stopping threads took: 0,0000254 seconds
2017-01-17T03:58:56.464+0100: 2,728: Total time for which application threads were stopped: 0,0000912 seconds, Stopping threads took: 0,0000302 seconds
2017-01-17T03:58:56.471+0100: 2,736: Total time for which application threads were stopped: 0,0003033 seconds, Stopping threads took: 0,0000193 seconds
2017-01-17T03:58:56.478+0100: 2,742: Total time for which application threads were stopped: 0,0002687 seconds, Stopping threads took: 0,0000156 seconds
2017-01-17T03:58:56.484+0100: 2,748: Total time for which application threads were stopped: 0,0001049 seconds, Stopping threads took: 0,0000433 seconds
2017-01-17T03:58:56.514+0100: 2,779: Total time for which application threads were stopped: 0,0001032 seconds, Stopping threads took: 0,0000255 seconds
2017-01-17T03:58:56.532+0100: 2,797: Total time for which application threads were stopped: 0,0000845 seconds, Stopping threads took: 0,0000186 seconds
2017-01-17T03:58:56.551+0100: 2,815: Total time for which application threads were stopped: 0,0000883 seconds, Stopping threads took: 0,0000131 seconds
2017-01-17T03:58:56.571+0100: 2,836: Total time for which application threads were stopped: 0,0000757 seconds, Stopping threads took: 0,0000131 seconds
2017-01-17T03:58:56.608+0100: 2,873: Total time for which application threads were stopped: 0,0001512 seconds, Stopping threads took: 0,0000316 seconds
2017-01-17T03:58:56.664+0100: 2,928: Total time for which application threads were stopped: 0,0001123 seconds, Stopping threads took: 0,0000312 seconds
2017-01-17T03:58:56.690+0100: 2,955: Total time for which application threads were stopped: 0,0001019 seconds, Stopping threads took: 0,0000300 seconds
2017-01-17T03:58:56.723+0100: 2,988: Total time for which application threads were stopped: 0,0001349 seconds, Stopping threads took: 0,0000279 seconds
{Heap before GC invocations=2 (full 0):
 par new generation   total 109248K, used 98814K [0x00000000e0000000, 0x00000000e8000000, 0x00000000e8000000)
  eden space 87424K, 100% used [0x00000000e0000000, 0x00000000e5560000, 0x00000000e5560000)
  from space 21824K,  52% used [0x00000000e5560000, 0x00000000e607fb10, 0x00000000e6ab0000)
  to   space 21824K,   0% used [0x00000000e6ab0000, 0x00000000e6ab0000, 0x00000000e8000000)
 concurrent mark-sweep generation total 393216K, used 0K [0x00000000e8000000, 0x0000000100000000, 0x0000000100000000)
 Metaspace       used 25114K, capacity 25509K, committed 25868K, reserved 1073152K
  class space    used 2923K, capacity 3057K, committed 3092K, reserved 1048576K
2017-01-17T03:58:56.724+0100: 2,989: [GC (Allocation Failure) 2017-01-17T03:58:56.724+0100: 2,989: [ParNew
Desired survivor size 20112992 bytes, new threshold 8 (max 8)
- age   1:    6924384 bytes,    6924384 total
- age   2:     515936 bytes,    7440320 total
- age   3:    6120064 bytes,   13560384 total
: 98814K->16771K(109248K), 0,0130299 secs] 98814K->16771K(502464K), 0,0130885 secs] [Times: user=0,04 sys=0,00, real=0,02 secs] 
Heap after GC invocations=3 (full 0):
 par new generation   total 109248K, used 16771K [0x00000000e0000000, 0x00000000e8000000, 0x00000000e8000000)
  eden space 87424K,   0% used [0x00000000e0000000, 0x00000000e0000000, 0x00000000e5560000)
  from space 21824K,  76% used [0x00000000e6ab0000, 0x00000000e7b10e18, 0x00000000e8000000)
  to   space 21824K,   0% used [0x00000000e5560000, 0x00000000e5560000, 0x00000000e6ab0000)
 concurrent mark-sweep generation total 393216K, used 0K [0x00000000e8000000, 0x0000000100000000, 0x0000000100000000)
 Metaspace       used 25114K, capacity 25509K, committed 25868K, reserved 1073152K
  class space    used 2923K, capacity 3057K, committed 3092K, reserved 1048576K
}
2017-01-17T03:58:56.738+0100: 3,002: Total time for which application threads were stopped: 0,0132787 seconds, Stopping threads took: 0,0000299 seconds
2017-01-17T03:58:56.738+0100: 3,002: [GC (CMS Initial Mark) [1 CMS-initial-mark: 0K(393216K)] 16781K(502464K), 0,0036438 secs] [Times: user=0,01 sys=0,00, real=0,00 secs] 
2017-01-17T03:58:56.741+0100: 3,006: Total time for which application threads were stopped: 0,0037784 seconds, Stopping threads took: 0,0000406 seconds
2017-01-17T03:58:56.741+0100: 3,006: [CMS-concurrent-mark-start]
2017-01-17T03:58:56.743+0100: 3,008: [CMS-concurrent-mark: 0,002/0,002 secs] [Times: user=0,00 sys=0,00, real=0,00 secs] 
2017-01-17T03:58:56.743+0100: 3,008: [CMS-concurrent-preclean-start]
2017-01-17T03:58:56.745+0100: 3,009: [CMS-concurrent-preclean: 0,001/0,001 secs] [Times: user=0,01 sys=0,00, real=0,00 secs] 
2017-01-17T03:58:56.745+0100: 3,009: [GC (CMS Final Remark) [YG occupancy: 18188 K (109248 K)]{Heap before GC invocations=3 (full 1):
 par new generation   total 109248K, used 18188K [0x00000000e0000000, 0x00000000e8000000, 0x00000000e8000000)
  eden space 87424K,   1% used [0x00000000e0000000, 0x00000000e0162240, 0x00000000e5560000)
  from space 21824K,  76% used [0x00000000e6ab0000, 0x00000000e7b10e18, 0x00000000e8000000)
  to   space 21824K,   0% used [0x00000000e5560000, 0x00000000e5560000, 0x00000000e6ab0000)
 concurrent mark-sweep generation total 393216K, used 0K [0x00000000e8000000, 0x0000000100000000, 0x0000000100000000)
 Metaspace       used 25136K, capacity 25509K, committed 25868K, reserved 1073152K
  class space    used 2925K, capacity 3057K, committed 3092K, reserved 1048576K
2017-01-17T03:58:56.745+0100: 3,009: [GC (CMS Final Remark) 2017-01-17T03:58:56.745+0100: 3,009: [ParNew
Desired survivor size 20112992 bytes, new threshold 8 (max 8)
- age   1:      18944 bytes,      18944 total
- age   2:    3173744 bytes,    3192688 total
- age   3:     515936 bytes,    3708624 total
- age   4:    6120064 bytes,    9828688 total
: 18188K->16833K(109248K), 0,0194936 secs] 18188K->16833K(502464K), 0,0195401 secs] [Times: user=0,07 sys=0,01, real=0,02 secs] 
Heap after GC invocations=4 (full 1):
 par new generation   total 109248K, used 16833K [0x00000000e0000000, 0x00000000e8000000, 0x00000000e8000000)
  eden space 87424K,   0% used [0x00000000e0000000, 0x00000000e0000000, 0x00000000e5560000)
  from space 21824K,  77% used [0x00000000e5560000, 0x00000000e65d0460, 0x00000000e6ab0000)
  to   space 21824K,   0% used [0x00000000e6ab0000, 0x00000000e6ab0000, 0x00000000e8000000)
 concurrent mark-sweep generation total 393216K, used 0K [0x00000000e8000000, 0x0000000100000000, 0x0000000100000000)
 Metaspace       used 25136K, capacity 25509K, committed 25868K, reserved 1073152K
  class space    used 2925K, capacity 3057K, committed 3092K, reserved 1048576K
}
2017-01-17T03:58:56.764+0100: 3,029: [Rescan (parallel) , 0,0038483 secs]2017-01-17T03:58:56.768+0100: 3,033: [weak refs processing, 0,0017367 secs]2017-01-17T03:58:56.770+0100: 3,035: [class unloading, 0,0032363 secs]2017-01-17T03:58:56.773+0100: 3,038: [scrub symbol table, 0,0048111 secs]2017-01-17T03:58:56.778+0100: 3,043: [scrub string table, 0,0004647 secs][1 CMS-remark: 0K(393216K)] 16833K(502464K), 0,0343885 secs] [Times: user=0,09 sys=0,01, real=0,04 secs] 
2017-01-17T03:58:56.779+0100: 3,044: Total time for which application threads were stopped: 0,0345501 seconds, Stopping threads took: 0,0000738 seconds
2017-01-17T03:58:56.781+0100: 3,046: [CMS-concurrent-sweep-start]
2017-01-17T03:58:56.781+0100: 3,046: [CMS-concurrent-sweep: 0,000/0,000 secs] [Times: user=0,00 sys=0,00, real=0,00 secs] 
2017-01-17T03:58:56.781+0100: 3,046: [CMS-concurrent-reset-start]
2017-01-17T03:58:56.784+0100: 3,049: [CMS-concurrent-reset: 0,003/0,003 secs] [Times: user=0,00 sys=0,00, real=0,00 secs] 
2017-01-17T03:58:56.824+0100: 3,089: Total time for which application threads were stopped: 0,0003677 seconds, Stopping threads took: 0,0000370 seconds
2017-01-17T03:58:57.783+0100: 4,048: Total time for which application threads were stopped: 0,0002645 seconds, Stopping threads took: 0,0000172 seconds
2017-01-17T03:59:25.787+0100: 32,052: Total time for which application threads were stopped: 0,0000694 seconds, Stopping threads took: 0,0000310 seconds
2017-01-17T09:50:39.091+0100: 162,636: Total time for which application threads were stopped: 0,0001812 seconds, Stopping threads took: 0,0000790 seconds
2017-01-17T09:50:44.094+0100: 167,638: Total time for which application threads were stopped: 0,0000768 seconds, Stopping threads took: 0,0000214 seconds
2017-01-17T09:50:58.095+0100: 181,640: Total time for which application threads were stopped: 0,0006015 seconds, Stopping threads took: 0,0001923 seconds
2017-01-17T09:51:39.100+0100: 222,645: Total time for which application threads were stopped: 0,0000672 seconds, Stopping threads took: 0,0000275 seconds
2017-01-17T09:52:23.106+0100: 266,650: Total time for which application threads were stopped: 0,0001151 seconds, Stopping threads took: 0,0000507 seconds
2017-01-17T09:52:28.107+0100: 271,651: Total time for which application threads were stopped: 0,0000619 seconds, Stopping threads took: 0,0000189 seconds
2017-01-17T09:52:39.108+0100: 282,652: Total time for which application threads were stopped: 0,0000835 seconds, Stopping threads took: 0,0000359 seconds
2017-01-17T09:52:44.109+0100: 287,653: Total time for which application threads were stopped: 0,0000595 seconds, Stopping threads took: 0,0000159 seconds
2017-01-17T09:52:54.110+0100: 297,654: Total time for which application threads were stopped: 0,0000820 seconds, Stopping threads took: 0,0000246 seconds
2017-01-17T09:55:23.130+0100: 446,675: Total time for which application threads were stopped: 0,0000845 seconds, Stopping threads took: 0,0000407 seconds
2017-01-17T10:11:38.247+0100: 1421,792: Total time for which application threads were stopped: 0,0000869 seconds, Stopping threads took: 0,0000312 seconds
2017-01-17T10:15:24.275+0100: 1647,820: Total time for which application threads were stopped: 0,0000765 seconds, Stopping threads took: 0,0000369 seconds
2017-01-17T10:15:38.277+0100: 1661,822: Total time for which application threads were stopped: 0,0000559 seconds, Stopping threads took: 0,0000135 seconds
2017-01-17T10:15:47.278+0100: 1670,823: Total time for which application threads were stopped: 0,0001308 seconds, Stopping threads took: 0,0000550 seconds
2017-01-17T10:27:15.157+0100: 2321,034: Total time for which application threads were stopped: 0,0001667 seconds, Stopping threads took: 0,0000645 seconds
2017-01-17T10:27:16.158+0100: 2322,034: Total time for which application threads were stopped: 0,0000635 seconds, Stopping threads took: 0,0000170 seconds
2017-01-17T10:41:52.020+0100: 3197,158: Total time for which application threads were stopped: 0,0001760 seconds, Stopping threads took: 0,0000669 seconds
2017-01-17T10:54:51.117+0100: 3976,255: Total time for which application threads were stopped: 0,0001018 seconds, Stopping threads took: 0,0000399 seconds
2017-01-17T10:54:56.118+0100: 3981,256: Total time for which application threads were stopped: 0,0000735 seconds, Stopping threads took: 0,0000207 seconds
2017-01-17T10:55:37.123+0100: 4022,261: Total time for which application threads were stopped: 0,0001018 seconds, Stopping threads took: 0,0000425 seconds
2017-01-17T11:47:59.134+0100: 5882,202: Total time for which application threads were stopped: 0,0000782 seconds, Stopping threads took: 0,0000330 seconds
2017-01-17T11:53:59.180+0100: 6242,248: Total time for which application threads were stopped: 0,0001086 seconds, Stopping threads took: 0,0000456 seconds
2017-01-17T11:55:34.193+0100: 6337,261: Total time for which application threads were stopped: 0,0000795 seconds, Stopping threads took: 0,0000325 seconds
2017-01-17T11:55:39.194+0100: 6342,262: Total time for which application threads were stopped: 0,0000590 seconds, Stopping threads took: 0,0000167 seconds
2017-01-17T12:14:59.345+0100: 7502,413: Total time for which application threads were stopped: 0,0000833 seconds, Stopping threads took: 0,0000344 seconds
2017-01-17T12:15:29.348+0100: 7532,416: Total time for which application threads were stopped: 0,0000856 seconds, Stopping threads took: 0,0000356 seconds
2017-01-17T12:17:59.368+0100: 7682,436: Total time for which application threads were stopped: 0,0000904 seconds, Stopping threads took: 0,0000333 seconds
2017-01-17T12:18:29.371+0100: 7712,440: Total time for which application threads were stopped: 0,0000835 seconds, Stopping threads took: 0,0000346 seconds
2017-01-17T16:05:34.454+0100: 13843,391: Total time for which application threads were stopped: 0,0001818 seconds, Stopping threads took: 0,0000601 seconds
2017-01-17T16:30:52.697+0100: 15361,634: Total time for which application threads were stopped: 0,0000934 seconds, Stopping threads took: 0,0000396 seconds
2017-01-17T23:58:45.094+0100: 42234,032: Total time for which application threads were stopped: 0,0000999 seconds, Stopping threads took: 0,0000184 seconds
Heap
 par new generation   total 109248K, used 62134K [0x00000000e0000000, 0x00000000e8000000, 0x00000000e8000000)
  eden space 87424K,  51% used [0x00000000e0000000, 0x00000000e2c3d3f0, 0x00000000e5560000)
  from space 21824K,  77% used [0x00000000e5560000, 0x00000000e65d0460, 0x00000000e6ab0000)
  to   space 21824K,   0% used [0x00000000e6ab0000, 0x00000000e6ab0000, 0x00000000e8000000)
 concurrent mark-sweep generation total 393216K, used 0K [0x00000000e8000000, 0x0000000100000000, 0x0000000100000000)
 Metaspace       used 27286K, capacity 27729K, committed 27916K, reserved 1073152K
  class space    used 3168K, capacity 3321K, committed 3348K, reserved 1048576K
