OpenJDK 64-Bit Server VM (25.121-b13) for linux-amd64 JRE (1.8.0_121-8u121-b13-0ubuntu1.16.04.2-b13), built on Jan 23 2017 15:51:29 by "buildd" with gcc 5.4.0 20160609
Memory: 4k page, physical 7867764k(7406404k free), swap 8076284k(8076284k free)
CommandLine flags: -XX:CMSInitiatingOccupancyFraction=50 -XX:CMSMaxAbortablePrecleanTime=6000 -XX:+CMSParallelRemarkEnabled -XX:+CMSScavengeBeforeRemark -XX:ConcGCThreads=4 -XX:InitialHeapSize=536870912 -XX:MaxHeapSize=536870912 -XX:MaxTenuringThreshold=8 -XX:NewRatio=3 -XX:OldPLABSize=16 -XX:OnOutOfMemoryError=/opt/solr/bin/oom_solr.sh 8983 /var/solr/logs -XX:ParallelGCThreads=4 -XX:+ParallelRefProcEnabled -XX:PretenureSizeThreshold=67108864 -XX:+PrintGC -XX:+PrintGCApplicationStoppedTime -XX:+PrintGCDateStamps -XX:+PrintGCDetails -XX:+PrintGCTimeStamps -XX:+PrintHeapAtGC -XX:+PrintTenuringDistribution -XX:SurvivorRatio=4 -XX:TargetSurvivorRatio=90 -XX:ThreadStackSize=256 -XX:+UseCMSInitiatingOccupancyOnly -XX:+UseCompressedClassPointers -XX:+UseCompressedOops -XX:+UseConcMarkSweepGC -XX:+UseParNewGC 
2017-04-10T18:40:19.824+0200: 0,164: Total time for which application threads were stopped: 0,0001035 seconds, Stopping threads took: 0,0000212 seconds
2017-04-10T18:40:19.953+0200: 0,293: Total time for which application threads were stopped: 0,0000966 seconds, Stopping threads took: 0,0000098 seconds
2017-04-10T18:40:20.039+0200: 0,379: Total time for which application threads were stopped: 0,0001390 seconds, Stopping threads took: 0,0000250 seconds
2017-04-10T18:40:20.418+0200: 0,758: Total time for which application threads were stopped: 0,0001482 seconds, Stopping threads took: 0,0000183 seconds
2017-04-10T18:40:20.850+0200: 1,190: Total time for which application threads were stopped: 0,0001847 seconds, Stopping threads took: 0,0000196 seconds
2017-04-10T18:40:20.947+0200: 1,287: Total time for which application threads were stopped: 0,0002085 seconds, Stopping threads took: 0,0000201 seconds
2017-04-10T18:40:20.976+0200: 1,316: Total time for which application threads were stopped: 0,0003908 seconds, Stopping threads took: 0,0000383 seconds
2017-04-10T18:40:21.285+0200: 1,625: Total time for which application threads were stopped: 0,0001752 seconds, Stopping threads took: 0,0000181 seconds
2017-04-10T18:40:21.492+0200: 1,833: Total time for which application threads were stopped: 0,0001882 seconds, Stopping threads took: 0,0000115 seconds
2017-04-10T18:40:21.513+0200: 1,853: Total time for which application threads were stopped: 0,0001688 seconds, Stopping threads took: 0,0000204 seconds
2017-04-10T18:40:21.563+0200: 1,903: Total time for which application threads were stopped: 0,0001830 seconds, Stopping threads took: 0,0000125 seconds
2017-04-10T18:40:21.564+0200: 1,904: Total time for which application threads were stopped: 0,0001768 seconds, Stopping threads took: 0,0000344 seconds
2017-04-10T18:40:21.578+0200: 1,918: Total time for which application threads were stopped: 0,0001728 seconds, Stopping threads took: 0,0000198 seconds
2017-04-10T18:40:21.661+0200: 2,001: Total time for which application threads were stopped: 0,0002339 seconds, Stopping threads took: 0,0000222 seconds
2017-04-10T18:40:21.839+0200: 2,179: Total time for which application threads were stopped: 0,0004118 seconds, Stopping threads took: 0,0001951 seconds
{Heap before GC invocations=0 (full 0):
 par new generation   total 109248K, used 87424K [0x00000000e0000000, 0x00000000e8000000, 0x00000000e8000000)
  eden space 87424K, 100% used [0x00000000e0000000, 0x00000000e5560000, 0x00000000e5560000)
  from space 21824K,   0% used [0x00000000e5560000, 0x00000000e5560000, 0x00000000e6ab0000)
  to   space 21824K,   0% used [0x00000000e6ab0000, 0x00000000e6ab0000, 0x00000000e8000000)
 concurrent mark-sweep generation total 393216K, used 0K [0x00000000e8000000, 0x0000000100000000, 0x0000000100000000)
 Metaspace       used 18102K, capacity 18400K, committed 18688K, reserved 1064960K
  class space    used 2047K, capacity 2196K, committed 2304K, reserved 1048576K
2017-04-10T18:40:21.937+0200: 2,277: [GC (Allocation Failure) 2017-04-10T18:40:21.937+0200: 2,277: [ParNew
Desired survivor size 20112992 bytes, new threshold 8 (max 8)
- age   1:   12683944 bytes,   12683944 total
: 87424K->12495K(109248K), 0,0158322 secs] 87424K->12495K(502464K), 0,0159282 secs] [Times: user=0,03 sys=0,03, real=0,02 secs] 
Heap after GC invocations=1 (full 0):
 par new generation   total 109248K, used 12495K [0x00000000e0000000, 0x00000000e8000000, 0x00000000e8000000)
  eden space 87424K,   0% used [0x00000000e0000000, 0x00000000e0000000, 0x00000000e5560000)
  from space 21824K,  57% used [0x00000000e6ab0000, 0x00000000e76e3dc8, 0x00000000e8000000)
  to   space 21824K,   0% used [0x00000000e5560000, 0x00000000e5560000, 0x00000000e6ab0000)
 concurrent mark-sweep generation total 393216K, used 0K [0x00000000e8000000, 0x0000000100000000, 0x0000000100000000)
 Metaspace       used 18102K, capacity 18400K, committed 18688K, reserved 1064960K
  class space    used 2047K, capacity 2196K, committed 2304K, reserved 1048576K
}
2017-04-10T18:40:21.953+0200: 2,293: Total time for which application threads were stopped: 0,0162276 seconds, Stopping threads took: 0,0000430 seconds
2017-04-10T18:40:22.247+0200: 2,587: Total time for which application threads were stopped: 0,0004293 seconds, Stopping threads took: 0,0000848 seconds
2017-04-10T18:40:22.293+0200: 2,633: Total time for which application threads were stopped: 0,0003975 seconds, Stopping threads took: 0,0000756 seconds
{Heap before GC invocations=1 (full 0):
 par new generation   total 109248K, used 99919K [0x00000000e0000000, 0x00000000e8000000, 0x00000000e8000000)
  eden space 87424K, 100% used [0x00000000e0000000, 0x00000000e5560000, 0x00000000e5560000)
  from space 21824K,  57% used [0x00000000e6ab0000, 0x00000000e76e3dc8, 0x00000000e8000000)
  to   space 21824K,   0% used [0x00000000e5560000, 0x00000000e5560000, 0x00000000e6ab0000)
 concurrent mark-sweep generation total 393216K, used 0K [0x00000000e8000000, 0x0000000100000000, 0x0000000100000000)
 Metaspace       used 20057K, capacity 20364K, committed 20736K, reserved 1067008K
  class space    used 2296K, capacity 2468K, committed 2560K, reserved 1048576K
2017-04-10T18:40:22.296+0200: 2,636: [GC (Allocation Failure) 2017-04-10T18:40:22.296+0200: 2,636: [ParNew
Desired survivor size 20112992 bytes, new threshold 8 (max 8)
- age   1:    3759440 bytes,    3759440 total
- age   2:    6676048 bytes,   10435488 total
: 99919K->11812K(109248K), 0,0115130 secs] 99919K->11812K(502464K), 0,0115806 secs] [Times: user=0,04 sys=0,00, real=0,02 secs] 
Heap after GC invocations=2 (full 0):
 par new generation   total 109248K, used 11812K [0x00000000e0000000, 0x00000000e8000000, 0x00000000e8000000)
  eden space 87424K,   0% used [0x00000000e0000000, 0x00000000e0000000, 0x00000000e5560000)
  from space 21824K,  54% used [0x00000000e5560000, 0x00000000e60e9350, 0x00000000e6ab0000)
  to   space 21824K,   0% used [0x00000000e6ab0000, 0x00000000e6ab0000, 0x00000000e8000000)
 concurrent mark-sweep generation total 393216K, used 0K [0x00000000e8000000, 0x0000000100000000, 0x0000000100000000)
 Metaspace       used 20057K, capacity 20364K, committed 20736K, reserved 1067008K
  class space    used 2296K, capacity 2468K, committed 2560K, reserved 1048576K
}
2017-04-10T18:40:22.308+0200: 2,648: Total time for which application threads were stopped: 0,0117963 seconds, Stopping threads took: 0,0000708 seconds
2017-04-10T18:40:22.348+0200: 2,688: Total time for which application threads were stopped: 0,0003921 seconds, Stopping threads took: 0,0000516 seconds
2017-04-10T18:40:22.480+0200: 2,820: Total time for which application threads were stopped: 0,0001668 seconds, Stopping threads took: 0,0000419 seconds
{Heap before GC invocations=2 (full 0):
 par new generation   total 109248K, used 99236K [0x00000000e0000000, 0x00000000e8000000, 0x00000000e8000000)
  eden space 87424K, 100% used [0x00000000e0000000, 0x00000000e5560000, 0x00000000e5560000)
  from space 21824K,  54% used [0x00000000e5560000, 0x00000000e60e9350, 0x00000000e6ab0000)
  to   space 21824K,   0% used [0x00000000e6ab0000, 0x00000000e6ab0000, 0x00000000e8000000)
 concurrent mark-sweep generation total 393216K, used 0K [0x00000000e8000000, 0x0000000100000000, 0x0000000100000000)
 Metaspace       used 20981K, capacity 21286K, committed 21628K, reserved 1069056K
  class space    used 2418K, capacity 2587K, committed 2684K, reserved 1048576K
2017-04-10T18:40:22.517+0200: 2,857: [GC (Allocation Failure) 2017-04-10T18:40:22.517+0200: 2,857: [ParNew
Desired survivor size 20112992 bytes, new threshold 8 (max 8)
- age   1:    2276568 bytes,    2276568 total
- age   2:     830816 bytes,    3107384 total
- age   3:    6670856 bytes,    9778240 total
: 99236K->16820K(109248K), 0,0165347 secs] 99236K->16820K(502464K), 0,0166503 secs] [Times: user=0,05 sys=0,00, real=0,02 secs] 
Heap after GC invocations=3 (full 0):
 par new generation   total 109248K, used 16820K [0x00000000e0000000, 0x00000000e8000000, 0x00000000e8000000)
  eden space 87424K,   0% used [0x00000000e0000000, 0x00000000e0000000, 0x00000000e5560000)
  from space 21824K,  77% used [0x00000000e6ab0000, 0x00000000e7b1d390, 0x00000000e8000000)
  to   space 21824K,   0% used [0x00000000e5560000, 0x00000000e5560000, 0x00000000e6ab0000)
 concurrent mark-sweep generation total 393216K, used 0K [0x00000000e8000000, 0x0000000100000000, 0x0000000100000000)
 Metaspace       used 20981K, capacity 21286K, committed 21628K, reserved 1069056K
  class space    used 2418K, capacity 2587K, committed 2684K, reserved 1048576K
}
2017-04-10T18:40:22.534+0200: 2,874: Total time for which application threads were stopped: 0,0169410 seconds, Stopping threads took: 0,0000866 seconds
2017-04-10T18:40:22.534+0200: 2,874: [GC (CMS Initial Mark) [1 CMS-initial-mark: 0K(393216K)] 16820K(502464K), 0,0060223 secs] [Times: user=0,02 sys=0,00, real=0,01 secs] 
2017-04-10T18:40:22.540+0200: 2,880: Total time for which application threads were stopped: 0,0062211 seconds, Stopping threads took: 0,0000584 seconds
2017-04-10T18:40:22.540+0200: 2,880: [CMS-concurrent-mark-start]
2017-04-10T18:40:22.541+0200: 2,881: [CMS-concurrent-mark: 0,001/0,001 secs] [Times: user=0,01 sys=0,00, real=0,00 secs] 
2017-04-10T18:40:22.541+0200: 2,881: [CMS-concurrent-preclean-start]
2017-04-10T18:40:22.542+0200: 2,882: [CMS-concurrent-preclean: 0,001/0,001 secs] [Times: user=0,00 sys=0,00, real=0,00 secs] 
2017-04-10T18:40:22.542+0200: 2,882: [CMS-concurrent-abortable-preclean-start]
2017-04-10T18:40:22.601+0200: 2,941: Total time for which application threads were stopped: 0,0001610 seconds, Stopping threads took: 0,0000848 seconds
{Heap before GC invocations=3 (full 1):
 par new generation   total 109248K, used 104244K [0x00000000e0000000, 0x00000000e8000000, 0x00000000e8000000)
  eden space 87424K, 100% used [0x00000000e0000000, 0x00000000e5560000, 0x00000000e5560000)
  from space 21824K,  77% used [0x00000000e6ab0000, 0x00000000e7b1d390, 0x00000000e8000000)
  to   space 21824K,   0% used [0x00000000e5560000, 0x00000000e5560000, 0x00000000e6ab0000)
 concurrent mark-sweep generation total 393216K, used 0K [0x00000000e8000000, 0x0000000100000000, 0x0000000100000000)
 Metaspace       used 21253K, capacity 21624K, committed 21884K, reserved 1069056K
  class space    used 2446K, capacity 2602K, committed 2684K, reserved 1048576K
2017-04-10T18:40:22.636+0200: 2,976: [GC (Allocation Failure) 2017-04-10T18:40:22.636+0200: 2,976: [ParNew
Desired survivor size 20112992 bytes, new threshold 8 (max 8)
- age   1:     816176 bytes,     816176 total
- age   2:    1474872 bytes,    2291048 total
- age   3:     795504 bytes,    3086552 total
- age   4:    6670872 bytes,    9757424 total
: 104244K->11975K(109248K), 0,0124375 secs] 104244K->11975K(502464K), 0,0125121 secs] [Times: user=0,05 sys=0,00, real=0,02 secs] 
Heap after GC invocations=4 (full 1):
 par new generation   total 109248K, used 11975K [0x00000000e0000000, 0x00000000e8000000, 0x00000000e8000000)
  eden space 87424K,   0% used [0x00000000e0000000, 0x00000000e0000000, 0x00000000e5560000)
  from space 21824K,  54% used [0x00000000e5560000, 0x00000000e6111e30, 0x00000000e6ab0000)
  to   space 21824K,   0% used [0x00000000e6ab0000, 0x00000000e6ab0000, 0x00000000e8000000)
 concurrent mark-sweep generation total 393216K, used 0K [0x00000000e8000000, 0x0000000100000000, 0x0000000100000000)
 Metaspace       used 21253K, capacity 21624K, committed 21884K, reserved 1069056K
  class space    used 2446K, capacity 2602K, committed 2684K, reserved 1048576K
}
2017-04-10T18:40:22.649+0200: 2,989: Total time for which application threads were stopped: 0,0127527 seconds, Stopping threads took: 0,0000922 seconds
2017-04-10T18:40:22.649+0200: 2,989: [CMS-concurrent-abortable-preclean: 0,060/0,106 secs] [Times: user=0,42 sys=0,00, real=0,11 secs] 
2017-04-10T18:40:22.649+0200: 2,989: [GC (CMS Final Remark) [YG occupancy: 13662 K (109248 K)]{Heap before GC invocations=4 (full 1):
 par new generation   total 109248K, used 13662K [0x00000000e0000000, 0x00000000e8000000, 0x00000000e8000000)
  eden space 87424K,   1% used [0x00000000e0000000, 0x00000000e01a5a00, 0x00000000e5560000)
  from space 21824K,  54% used [0x00000000e5560000, 0x00000000e6111e30, 0x00000000e6ab0000)
  to   space 21824K,   0% used [0x00000000e6ab0000, 0x00000000e6ab0000, 0x00000000e8000000)
 concurrent mark-sweep generation total 393216K, used 0K [0x00000000e8000000, 0x0000000100000000, 0x0000000100000000)
 Metaspace       used 21253K, capacity 21624K, committed 21884K, reserved 1069056K
  class space    used 2446K, capacity 2602K, committed 2684K, reserved 1048576K
2017-04-10T18:40:22.649+0200: 2,989: [GC (CMS Final Remark) 2017-04-10T18:40:22.649+0200: 2,989: [ParNew
Desired survivor size 20112992 bytes, new threshold 8 (max 8)
- age   1:      21288 bytes,      21288 total
- age   2:     664496 bytes,     685784 total
- age   3:    1474872 bytes,    2160656 total
- age   4:     795504 bytes,    2956160 total
- age   5:    6670896 bytes,    9627056 total
: 13662K->14602K(109248K), 0,0100721 secs] 13662K->14602K(502464K), 0,0101125 secs] [Times: user=0,03 sys=0,00, real=0,01 secs] 
Heap after GC invocations=5 (full 1):
 par new generation   total 109248K, used 14602K [0x00000000e0000000, 0x00000000e8000000, 0x00000000e8000000)
  eden space 87424K,   0% used [0x00000000e0000000, 0x00000000e0000000, 0x00000000e5560000)
  from space 21824K,  66% used [0x00000000e6ab0000, 0x00000000e78f28e0, 0x00000000e8000000)
  to   space 21824K,   0% used [0x00000000e5560000, 0x00000000e5560000, 0x00000000e6ab0000)
 concurrent mark-sweep generation total 393216K, used 0K [0x00000000e8000000, 0x0000000100000000, 0x0000000100000000)
 Metaspace       used 21253K, capacity 21624K, committed 21884K, reserved 1069056K
  class space    used 2446K, capacity 2602K, committed 2684K, reserved 1048576K
}
2017-04-10T18:40:22.659+0200: 2,999: [Rescan (parallel) , 0,0036675 secs]2017-04-10T18:40:22.663+0200: 3,003: [weak refs processing, 0,0007307 secs]2017-04-10T18:40:22.663+0200: 3,003: [class unloading, 0,0028210 secs]2017-04-10T18:40:22.666+0200: 3,006: [scrub symbol table, 0,0035765 secs]2017-04-10T18:40:22.670+0200: 3,010: [scrub string table, 0,0004136 secs][1 CMS-remark: 0K(393216K)] 14602K(502464K), 0,0220224 secs] [Times: user=0,05 sys=0,00, real=0,02 secs] 
2017-04-10T18:40:22.671+0200: 3,011: Total time for which application threads were stopped: 0,0221465 seconds, Stopping threads took: 0,0000511 seconds
2017-04-10T18:40:22.671+0200: 3,011: [CMS-concurrent-sweep-start]
2017-04-10T18:40:22.671+0200: 3,011: [CMS-concurrent-sweep: 0,000/0,000 secs] [Times: user=0,00 sys=0,00, real=0,00 secs] 
2017-04-10T18:40:22.671+0200: 3,011: [CMS-concurrent-reset-start]
2017-04-10T18:40:22.673+0200: 3,013: [CMS-concurrent-reset: 0,002/0,002 secs] [Times: user=0,01 sys=0,00, real=0,00 secs] 
{Heap before GC invocations=5 (full 1):
 par new generation   total 109248K, used 102026K [0x00000000e0000000, 0x00000000e8000000, 0x00000000e8000000)
  eden space 87424K, 100% used [0x00000000e0000000, 0x00000000e5560000, 0x00000000e5560000)
  from space 21824K,  66% used [0x00000000e6ab0000, 0x00000000e78f28e0, 0x00000000e8000000)
  to   space 21824K,   0% used [0x00000000e5560000, 0x00000000e5560000, 0x00000000e6ab0000)
 concurrent mark-sweep generation total 393216K, used 0K [0x00000000e8000000, 0x0000000100000000, 0x0000000100000000)
 Metaspace       used 21379K, capacity 21790K, committed 21884K, reserved 1069056K
  class space    used 2466K, capacity 2635K, committed 2684K, reserved 1048576K
2017-04-10T18:40:22.757+0200: 3,097: [GC (Allocation Failure) 2017-04-10T18:40:22.757+0200: 3,097: [ParNew
Desired survivor size 20112992 bytes, new threshold 8 (max 8)
- age   1:    1077824 bytes,    1077824 total
- age   2:         72 bytes,    1077896 total
- age   3:     188960 bytes,    1266856 total
- age   4:    1474768 bytes,    2741624 total
- age   5:     795392 bytes,    3537016 total
- age   6:    6671016 bytes,   10208032 total
: 102026K->11090K(109248K), 0,0100790 secs] 102026K->11090K(502464K), 0,0101795 secs] [Times: user=0,03 sys=0,00, real=0,02 secs] 
Heap after GC invocations=6 (full 1):
 par new generation   total 109248K, used 11090K [0x00000000e0000000, 0x00000000e8000000, 0x00000000e8000000)
  eden space 87424K,   0% used [0x00000000e0000000, 0x00000000e0000000, 0x00000000e5560000)
  from space 21824K,  50% used [0x00000000e5560000, 0x00000000e6034bc0, 0x00000000e6ab0000)
  to   space 21824K,   0% used [0x00000000e6ab0000, 0x00000000e6ab0000, 0x00000000e8000000)
 concurrent mark-sweep generation total 393216K, used 0K [0x00000000e8000000, 0x0000000100000000, 0x0000000100000000)
 Metaspace       used 21379K, capacity 21790K, committed 21884K, reserved 1069056K
  class space    used 2466K, capacity 2635K, committed 2684K, reserved 1048576K
}
2017-04-10T18:40:22.767+0200: 3,107: Total time for which application threads were stopped: 0,0104295 seconds, Stopping threads took: 0,0000842 seconds
2017-04-10T18:40:22.816+0200: 3,156: Total time for which application threads were stopped: 0,0003548 seconds, Stopping threads took: 0,0000251 seconds
2017-04-10T18:40:23.034+0200: 3,374: Total time for which application threads were stopped: 0,0003988 seconds, Stopping threads took: 0,0000233 seconds
2017-04-10T18:40:23.055+0200: 3,395: Total time for which application threads were stopped: 0,0004032 seconds, Stopping threads took: 0,0000431 seconds
{Heap before GC invocations=6 (full 1):
 par new generation   total 109248K, used 98514K [0x00000000e0000000, 0x00000000e8000000, 0x00000000e8000000)
  eden space 87424K, 100% used [0x00000000e0000000, 0x00000000e5560000, 0x00000000e5560000)
  from space 21824K,  50% used [0x00000000e5560000, 0x00000000e6034bc0, 0x00000000e6ab0000)
  to   space 21824K,   0% used [0x00000000e6ab0000, 0x00000000e6ab0000, 0x00000000e8000000)
 concurrent mark-sweep generation total 393216K, used 0K [0x00000000e8000000, 0x0000000100000000, 0x0000000100000000)
 Metaspace       used 23799K, capacity 24228K, committed 24572K, reserved 1071104K
  class space    used 2797K, capacity 2978K, committed 3068K, reserved 1048576K
2017-04-10T18:40:23.190+0200: 3,530: [GC (Allocation Failure) 2017-04-10T18:40:23.190+0200: 3,530: [ParNew
Desired survivor size 20112992 bytes, new threshold 8 (max 8)
- age   1:    5150928 bytes,    5150928 total
- age   2:     108512 bytes,    5259440 total
- age   3:         72 bytes,    5259512 total
- age   4:     187528 bytes,    5447040 total
- age   5:     297344 bytes,    5744384 total
- age   6:     771040 bytes,    6515424 total
- age   7:    6662872 bytes,   13178296 total
: 98514K->17171K(109248K), 0,0121644 secs] 98514K->17171K(502464K), 0,0122241 secs] [Times: user=0,03 sys=0,01, real=0,01 secs] 
Heap after GC invocations=7 (full 1):
 par new generation   total 109248K, used 17171K [0x00000000e0000000, 0x00000000e8000000, 0x00000000e8000000)
  eden space 87424K,   0% used [0x00000000e0000000, 0x00000000e0000000, 0x00000000e5560000)
  from space 21824K,  78% used [0x00000000e6ab0000, 0x00000000e7b74cc0, 0x00000000e8000000)
  to   space 21824K,   0% used [0x00000000e5560000, 0x00000000e5560000, 0x00000000e6ab0000)
 concurrent mark-sweep generation total 393216K, used 0K [0x00000000e8000000, 0x0000000100000000, 0x0000000100000000)
 Metaspace       used 23799K, capacity 24228K, committed 24572K, reserved 1071104K
  class space    used 2797K, capacity 2978K, committed 3068K, reserved 1048576K
}
2017-04-10T18:40:23.202+0200: 3,542: Total time for which application threads were stopped: 0,0161594 seconds, Stopping threads took: 0,0037342 seconds
{Heap before GC invocations=7 (full 1):
 par new generation   total 109248K, used 104595K [0x00000000e0000000, 0x00000000e8000000, 0x00000000e8000000)
  eden space 87424K, 100% used [0x00000000e0000000, 0x00000000e5560000, 0x00000000e5560000)
  from space 21824K,  78% used [0x00000000e6ab0000, 0x00000000e7b74cc0, 0x00000000e8000000)
  to   space 21824K,   0% used [0x00000000e5560000, 0x00000000e5560000, 0x00000000e6ab0000)
 concurrent mark-sweep generation total 393216K, used 0K [0x00000000e8000000, 0x0000000100000000, 0x0000000100000000)
 Metaspace       used 24486K, capacity 24938K, committed 25084K, reserved 1071104K
  class space    used 2865K, capacity 3043K, committed 3068K, reserved 1048576K
2017-04-10T18:40:23.458+0200: 3,798: [GC (Allocation Failure) 2017-04-10T18:40:23.458+0200: 3,799: [ParNew
Desired survivor size 20112992 bytes, new threshold 8 (max 8)
- age   1:    2053192 bytes,    2053192 total
- age   2:    1830880 bytes,    3884072 total
- age   3:      55008 bytes,    3939080 total
- age   4:         72 bytes,    3939152 total
- age   5:     108008 bytes,    4047160 total
- age   6:     183176 bytes,    4230336 total
- age   7:     741768 bytes,    4972104 total
- age   8:    6129736 bytes,   11101840 total
: 104595K->13944K(109248K), 0,0214441 secs] 104595K->13944K(502464K), 0,0215358 secs] [Times: user=0,06 sys=0,00, real=0,02 secs] 
Heap after GC invocations=8 (full 1):
 par new generation   total 109248K, used 13944K [0x00000000e0000000, 0x00000000e8000000, 0x00000000e8000000)
  eden space 87424K,   0% used [0x00000000e0000000, 0x00000000e0000000, 0x00000000e5560000)
  from space 21824K,  63% used [0x00000000e5560000, 0x00000000e62fe340, 0x00000000e6ab0000)
  to   space 21824K,   0% used [0x00000000e6ab0000, 0x00000000e6ab0000, 0x00000000e8000000)
 concurrent mark-sweep generation total 393216K, used 0K [0x00000000e8000000, 0x0000000100000000, 0x0000000100000000)
 Metaspace       used 24486K, capacity 24938K, committed 25084K, reserved 1071104K
  class space    used 2865K, capacity 3043K, committed 3068K, reserved 1048576K
}
2017-04-10T18:40:23.480+0200: 3,820: Total time for which application threads were stopped: 0,0286437 seconds, Stopping threads took: 0,0066757 seconds
{Heap before GC invocations=8 (full 1):
 par new generation   total 109248K, used 101368K [0x00000000e0000000, 0x00000000e8000000, 0x00000000e8000000)
  eden space 87424K, 100% used [0x00000000e0000000, 0x00000000e5560000, 0x00000000e5560000)
  from space 21824K,  63% used [0x00000000e5560000, 0x00000000e62fe340, 0x00000000e6ab0000)
  to   space 21824K,   0% used [0x00000000e6ab0000, 0x00000000e6ab0000, 0x00000000e8000000)
 concurrent mark-sweep generation total 393216K, used 0K [0x00000000e8000000, 0x0000000100000000, 0x0000000100000000)
 Metaspace       used 24791K, capacity 25258K, committed 25468K, reserved 1071104K
  class space    used 2895K, capacity 3081K, committed 3196K, reserved 1048576K
2017-04-10T18:40:23.593+0200: 3,933: [GC (Allocation Failure) 2017-04-10T18:40:23.593+0200: 3,933: [ParNew
Desired survivor size 20112992 bytes, new threshold 8 (max 8)
- age   1:     793016 bytes,     793016 total
- age   2:    1040424 bytes,    1833440 total
- age   3:    1808560 bytes,    3642000 total
- age   4:      55008 bytes,    3697008 total
- age   5:         72 bytes,    3697080 total
- age   6:     105360 bytes,    3802440 total
- age   7:     183016 bytes,    3985456 total
- age   8:     741032 bytes,    4726488 total
: 101368K->8713K(109248K), 0,0571182 secs] 101368K->14781K(502464K), 0,0572107 secs] [Times: user=0,16 sys=0,00, real=0,06 secs] 
Heap after GC invocations=9 (full 1):
 par new generation   total 109248K, used 8713K [0x00000000e0000000, 0x00000000e8000000, 0x00000000e8000000)
  eden space 87424K,   0% used [0x00000000e0000000, 0x00000000e0000000, 0x00000000e5560000)
  from space 21824K,  39% used [0x00000000e6ab0000, 0x00000000e7332420, 0x00000000e8000000)
  to   space 21824K,   0% used [0x00000000e5560000, 0x00000000e5560000, 0x00000000e6ab0000)
 concurrent mark-sweep generation total 393216K, used 6068K [0x00000000e8000000, 0x0000000100000000, 0x0000000100000000)
 Metaspace       used 24791K, capacity 25258K, committed 25468K, reserved 1071104K
  class space    used 2895K, capacity 3081K, committed 3196K, reserved 1048576K
}
2017-04-10T18:40:23.650+0200: 3,991: Total time for which application threads were stopped: 0,0576310 seconds, Stopping threads took: 0,0002269 seconds
2017-04-10T18:40:23.709+0200: 4,049: Total time for which application threads were stopped: 0,0006917 seconds, Stopping threads took: 0,0000328 seconds
2017-04-10T18:40:23.735+0200: 4,075: Total time for which application threads were stopped: 0,0067007 seconds, Stopping threads took: 0,0065824 seconds
2017-04-10T18:40:23.754+0200: 4,094: Total time for which application threads were stopped: 0,0080504 seconds, Stopping threads took: 0,0079713 seconds
2017-04-10T18:40:23.754+0200: 4,095: Total time for which application threads were stopped: 0,0000610 seconds, Stopping threads took: 0,0000153 seconds
2017-04-10T18:40:23.755+0200: 4,095: Total time for which application threads were stopped: 0,0000472 seconds, Stopping threads took: 0,0000176 seconds
2017-04-10T18:40:23.755+0200: 4,095: Total time for which application threads were stopped: 0,0000720 seconds, Stopping threads took: 0,0000161 seconds
2017-04-10T18:40:23.755+0200: 4,095: Total time for which application threads were stopped: 0,0000528 seconds, Stopping threads took: 0,0000097 seconds
2017-04-10T18:40:23.755+0200: 4,095: Total time for which application threads were stopped: 0,0000340 seconds, Stopping threads took: 0,0000050 seconds
2017-04-10T18:40:23.755+0200: 4,095: Total time for which application threads were stopped: 0,0000456 seconds, Stopping threads took: 0,0000050 seconds
2017-04-10T18:40:23.755+0200: 4,095: Total time for which application threads were stopped: 0,0000448 seconds, Stopping threads took: 0,0000050 seconds
2017-04-10T18:40:23.755+0200: 4,095: Total time for which application threads were stopped: 0,0000487 seconds, Stopping threads took: 0,0000065 seconds
2017-04-10T18:40:23.755+0200: 4,096: Total time for which application threads were stopped: 0,0000442 seconds, Stopping threads took: 0,0000051 seconds
2017-04-10T18:40:23.756+0200: 4,096: Total time for which application threads were stopped: 0,0000469 seconds, Stopping threads took: 0,0000053 seconds
2017-04-10T18:40:23.756+0200: 4,096: Total time for which application threads were stopped: 0,0000440 seconds, Stopping threads took: 0,0000052 seconds
2017-04-10T18:40:23.756+0200: 4,096: Total time for which application threads were stopped: 0,0000436 seconds, Stopping threads took: 0,0000051 seconds
2017-04-10T18:40:23.756+0200: 4,096: Total time for which application threads were stopped: 0,0000489 seconds, Stopping threads took: 0,0000062 seconds
2017-04-10T18:40:23.756+0200: 4,096: Total time for which application threads were stopped: 0,0000447 seconds, Stopping threads took: 0,0000052 seconds
2017-04-10T18:40:23.756+0200: 4,096: Total time for which application threads were stopped: 0,0000454 seconds, Stopping threads took: 0,0000054 seconds
2017-04-10T18:40:23.756+0200: 4,096: Total time for which application threads were stopped: 0,0000447 seconds, Stopping threads took: 0,0000050 seconds
2017-04-10T18:40:23.756+0200: 4,096: Total time for which application threads were stopped: 0,0000320 seconds, Stopping threads took: 0,0000075 seconds
2017-04-10T18:40:23.757+0200: 4,097: Total time for which application threads were stopped: 0,0001515 seconds, Stopping threads took: 0,0000065 seconds
2017-04-10T18:40:23.758+0200: 4,098: Total time for which application threads were stopped: 0,0000996 seconds, Stopping threads took: 0,0000199 seconds
2017-04-10T18:40:23.767+0200: 4,107: Total time for which application threads were stopped: 0,0005924 seconds, Stopping threads took: 0,0005020 seconds
2017-04-10T18:40:23.767+0200: 4,107: Total time for which application threads were stopped: 0,0000514 seconds, Stopping threads took: 0,0000137 seconds
2017-04-10T18:40:23.767+0200: 4,108: Total time for which application threads were stopped: 0,0001023 seconds, Stopping threads took: 0,0000282 seconds
2017-04-10T18:40:23.768+0200: 4,108: Total time for which application threads were stopped: 0,0000850 seconds, Stopping threads took: 0,0000262 seconds
2017-04-10T18:40:23.768+0200: 4,108: Total time for which application threads were stopped: 0,0000737 seconds, Stopping threads took: 0,0000243 seconds
2017-04-10T18:40:23.768+0200: 4,108: Total time for which application threads were stopped: 0,0000470 seconds, Stopping threads took: 0,0000089 seconds
2017-04-10T18:40:23.768+0200: 4,108: Total time for which application threads were stopped: 0,0000554 seconds, Stopping threads took: 0,0000069 seconds
2017-04-10T18:40:23.769+0200: 4,109: Total time for which application threads were stopped: 0,0001069 seconds, Stopping threads took: 0,0000178 seconds
2017-04-10T18:40:23.769+0200: 4,109: Total time for which application threads were stopped: 0,0000483 seconds, Stopping threads took: 0,0000111 seconds
2017-04-10T18:40:23.770+0200: 4,110: Total time for which application threads were stopped: 0,0001099 seconds, Stopping threads took: 0,0000194 seconds
2017-04-10T18:40:23.770+0200: 4,110: Total time for which application threads were stopped: 0,0001093 seconds, Stopping threads took: 0,0000133 seconds
2017-04-10T18:40:23.770+0200: 4,110: Total time for which application threads were stopped: 0,0000595 seconds, Stopping threads took: 0,0000121 seconds
2017-04-10T18:40:23.770+0200: 4,111: Total time for which application threads were stopped: 0,0000980 seconds, Stopping threads took: 0,0000174 seconds
2017-04-10T18:40:23.771+0200: 4,111: Total time for which application threads were stopped: 0,0000667 seconds, Stopping threads took: 0,0000099 seconds
2017-04-10T18:40:23.777+0200: 4,118: Total time for which application threads were stopped: 0,0001534 seconds, Stopping threads took: 0,0000778 seconds
2017-04-10T18:40:23.778+0200: 4,118: Total time for which application threads were stopped: 0,0000998 seconds, Stopping threads took: 0,0000308 seconds
2017-04-10T18:40:23.780+0200: 4,120: Total time for which application threads were stopped: 0,0005878 seconds, Stopping threads took: 0,0005147 seconds
2017-04-10T18:40:23.781+0200: 4,121: Total time for which application threads were stopped: 0,0001483 seconds, Stopping threads took: 0,0000488 seconds
2017-04-10T18:40:23.784+0200: 4,124: Total time for which application threads were stopped: 0,0001571 seconds, Stopping threads took: 0,0000271 seconds
2017-04-10T18:40:23.784+0200: 4,124: Total time for which application threads were stopped: 0,0002117 seconds, Stopping threads took: 0,0000101 seconds
2017-04-10T18:40:23.788+0200: 4,128: Total time for which application threads were stopped: 0,0003206 seconds, Stopping threads took: 0,0001997 seconds
2017-04-10T18:40:23.802+0200: 4,142: Total time for which application threads were stopped: 0,0004045 seconds, Stopping threads took: 0,0002372 seconds
2017-04-10T18:40:23.807+0200: 4,147: Total time for which application threads were stopped: 0,0001570 seconds, Stopping threads took: 0,0000617 seconds
2017-04-10T18:40:23.817+0200: 4,157: Total time for which application threads were stopped: 0,0001727 seconds, Stopping threads took: 0,0000642 seconds
2017-04-10T18:40:23.836+0200: 4,176: Total time for which application threads were stopped: 0,0001693 seconds, Stopping threads took: 0,0000574 seconds
2017-04-10T18:40:23.858+0200: 4,198: Total time for which application threads were stopped: 0,0001420 seconds, Stopping threads took: 0,0000312 seconds
2017-04-10T18:40:23.858+0200: 4,198: Total time for which application threads were stopped: 0,0001078 seconds, Stopping threads took: 0,0000162 seconds
2017-04-10T18:40:23.870+0200: 4,210: Total time for which application threads were stopped: 0,0002123 seconds, Stopping threads took: 0,0000797 seconds
2017-04-10T18:40:23.870+0200: 4,210: Total time for which application threads were stopped: 0,0000814 seconds, Stopping threads took: 0,0000228 seconds
2017-04-10T18:40:23.870+0200: 4,210: Total time for which application threads were stopped: 0,0000673 seconds, Stopping threads took: 0,0000161 seconds
2017-04-10T18:40:23.874+0200: 4,214: Total time for which application threads were stopped: 0,0001126 seconds, Stopping threads took: 0,0000183 seconds
2017-04-10T18:40:23.875+0200: 4,215: Total time for which application threads were stopped: 0,0000696 seconds, Stopping threads took: 0,0000158 seconds
2017-04-10T18:40:23.875+0200: 4,215: Total time for which application threads were stopped: 0,0000515 seconds, Stopping threads took: 0,0000049 seconds
2017-04-10T18:40:23.886+0200: 4,226: Total time for which application threads were stopped: 0,0001344 seconds, Stopping threads took: 0,0000315 seconds
2017-04-10T18:40:23.886+0200: 4,226: Total time for which application threads were stopped: 0,0000896 seconds, Stopping threads took: 0,0000188 seconds
2017-04-10T18:40:23.886+0200: 4,227: Total time for which application threads were stopped: 0,0000814 seconds, Stopping threads took: 0,0000163 seconds
2017-04-10T18:40:23.887+0200: 4,227: Total time for which application threads were stopped: 0,0001747 seconds, Stopping threads took: 0,0000149 seconds
2017-04-10T18:40:23.923+0200: 4,263: Total time for which application threads were stopped: 0,0037215 seconds, Stopping threads took: 0,0035896 seconds
2017-04-10T18:40:23.923+0200: 4,263: Total time for which application threads were stopped: 0,0001259 seconds, Stopping threads took: 0,0000234 seconds
2017-04-10T18:40:23.934+0200: 4,274: Total time for which application threads were stopped: 0,0029332 seconds, Stopping threads took: 0,0028048 seconds
2017-04-10T18:40:23.945+0200: 4,286: Total time for which application threads were stopped: 0,0069585 seconds, Stopping threads took: 0,0068416 seconds
2017-04-10T18:40:23.947+0200: 4,287: Total time for which application threads were stopped: 0,0001391 seconds, Stopping threads took: 0,0000357 seconds
2017-04-10T18:40:23.954+0200: 4,294: Total time for which application threads were stopped: 0,0002023 seconds, Stopping threads took: 0,0000428 seconds
2017-04-10T18:40:23.954+0200: 4,294: Total time for which application threads were stopped: 0,0001647 seconds, Stopping threads took: 0,0000240 seconds
2017-04-10T18:40:23.954+0200: 4,294: Total time for which application threads were stopped: 0,0001031 seconds, Stopping threads took: 0,0000224 seconds
2017-04-10T18:40:23.954+0200: 4,294: Total time for which application threads were stopped: 0,0001381 seconds, Stopping threads took: 0,0000208 seconds
2017-04-10T18:40:23.956+0200: 4,296: Total time for which application threads were stopped: 0,0001309 seconds, Stopping threads took: 0,0000268 seconds
2017-04-10T18:40:23.956+0200: 4,296: Total time for which application threads were stopped: 0,0001205 seconds, Stopping threads took: 0,0000287 seconds
2017-04-10T18:40:24.004+0200: 4,344: Total time for which application threads were stopped: 0,0001585 seconds, Stopping threads took: 0,0000420 seconds
2017-04-10T18:40:24.009+0200: 4,349: Total time for which application threads were stopped: 0,0043064 seconds, Stopping threads took: 0,0041942 seconds
2017-04-10T18:40:24.020+0200: 4,360: Total time for which application threads were stopped: 0,0001308 seconds, Stopping threads took: 0,0000310 seconds
2017-04-10T18:40:24.023+0200: 4,363: Total time for which application threads were stopped: 0,0001313 seconds, Stopping threads took: 0,0000165 seconds
2017-04-10T18:40:24.071+0200: 4,411: Total time for which application threads were stopped: 0,0002415 seconds, Stopping threads took: 0,0001226 seconds
2017-04-10T18:40:24.076+0200: 4,416: Total time for which application threads were stopped: 0,0005565 seconds, Stopping threads took: 0,0004209 seconds
2017-04-10T18:40:24.174+0200: 4,514: Total time for which application threads were stopped: 0,0079546 seconds, Stopping threads took: 0,0077689 seconds
2017-04-10T18:40:24.177+0200: 4,517: Total time for which application threads were stopped: 0,0001492 seconds, Stopping threads took: 0,0000314 seconds
2017-04-10T18:40:24.190+0200: 4,530: Total time for which application threads were stopped: 0,0001721 seconds, Stopping threads took: 0,0000241 seconds
2017-04-10T18:40:24.241+0200: 4,581: Total time for which application threads were stopped: 0,0001898 seconds, Stopping threads took: 0,0000389 seconds
2017-04-10T18:40:24.282+0200: 4,623: Total time for which application threads were stopped: 0,0004963 seconds, Stopping threads took: 0,0003411 seconds
2017-04-10T18:40:24.319+0200: 4,659: Total time for which application threads were stopped: 0,0071382 seconds, Stopping threads took: 0,0070236 seconds
2017-04-10T18:40:24.419+0200: 4,759: Total time for which application threads were stopped: 0,0092287 seconds, Stopping threads took: 0,0088219 seconds
2017-04-10T18:40:24.452+0200: 4,792: Total time for which application threads were stopped: 0,0004610 seconds, Stopping threads took: 0,0000245 seconds
2017-04-10T18:40:24.536+0200: 4,877: Total time for which application threads were stopped: 0,0002999 seconds, Stopping threads took: 0,0000481 seconds
2017-04-10T18:40:24.556+0200: 4,896: Total time for which application threads were stopped: 0,0005629 seconds, Stopping threads took: 0,0000443 seconds
2017-04-10T18:40:24.566+0200: 4,906: Total time for which application threads were stopped: 0,0001271 seconds, Stopping threads took: 0,0000495 seconds
2017-04-10T18:40:24.567+0200: 4,907: Total time for which application threads were stopped: 0,0001181 seconds, Stopping threads took: 0,0000138 seconds
2017-04-10T18:40:24.577+0200: 4,917: Total time for which application threads were stopped: 0,0000960 seconds, Stopping threads took: 0,0000278 seconds
2017-04-10T18:40:24.594+0200: 4,934: Total time for which application threads were stopped: 0,0042612 seconds, Stopping threads took: 0,0041662 seconds
2017-04-10T18:40:24.604+0200: 4,945: Total time for which application threads were stopped: 0,0001356 seconds, Stopping threads took: 0,0000541 seconds
2017-04-10T18:40:24.621+0200: 4,961: Total time for which application threads were stopped: 0,0002473 seconds, Stopping threads took: 0,0001497 seconds
2017-04-10T18:40:24.647+0200: 4,987: Total time for which application threads were stopped: 0,0001751 seconds, Stopping threads took: 0,0000906 seconds
2017-04-10T18:40:24.665+0200: 5,005: Total time for which application threads were stopped: 0,0005294 seconds, Stopping threads took: 0,0000972 seconds
2017-04-10T18:40:25.665+0200: 6,005: Total time for which application threads were stopped: 0,0002021 seconds, Stopping threads took: 0,0000553 seconds
{Heap before GC invocations=9 (full 1):
 par new generation   total 109248K, used 96137K [0x00000000e0000000, 0x00000000e8000000, 0x00000000e8000000)
  eden space 87424K, 100% used [0x00000000e0000000, 0x00000000e5560000, 0x00000000e5560000)
  from space 21824K,  39% used [0x00000000e6ab0000, 0x00000000e7332420, 0x00000000e8000000)
  to   space 21824K,   0% used [0x00000000e5560000, 0x00000000e5560000, 0x00000000e6ab0000)
 concurrent mark-sweep generation total 393216K, used 6068K [0x00000000e8000000, 0x0000000100000000, 0x0000000100000000)
 Metaspace       used 28004K, capacity 28496K, committed 28796K, reserved 1075200K
  class space    used 3215K, capacity 3388K, committed 3452K, reserved 1048576K
2017-04-10T18:40:30.867+0200: 11,207: [GC (Allocation Failure) 2017-04-10T18:40:30.867+0200: 11,207: [ParNew
Desired survivor size 20112992 bytes, new threshold 8 (max 8)
- age   1:   11212368 bytes,   11212368 total
- age   2:     182648 bytes,   11395016 total
- age   3:     253760 bytes,   11648776 total
- age   4:    1802496 bytes,   13451272 total
- age   5:      55008 bytes,   13506280 total
- age   6:         72 bytes,   13506352 total
- age   7:     105232 bytes,   13611584 total
- age   8:     182584 bytes,   13794168 total
: 96137K->14599K(109248K), 0,0222887 secs] 102205K->21467K(502464K), 0,0223815 secs] [Times: user=0,05 sys=0,01, real=0,02 secs] 
Heap after GC invocations=10 (full 1):
 par new generation   total 109248K, used 14599K [0x00000000e0000000, 0x00000000e8000000, 0x00000000e8000000)
  eden space 87424K,   0% used [0x00000000e0000000, 0x00000000e0000000, 0x00000000e5560000)
  from space 21824K,  66% used [0x00000000e5560000, 0x00000000e63a1e40, 0x00000000e6ab0000)
  to   space 21824K,   0% used [0x00000000e6ab0000, 0x00000000e6ab0000, 0x00000000e8000000)
 concurrent mark-sweep generation total 393216K, used 6868K [0x00000000e8000000, 0x0000000100000000, 0x0000000100000000)
 Metaspace       used 28004K, capacity 28496K, committed 28796K, reserved 1075200K
  class space    used 3215K, capacity 3388K, committed 3452K, reserved 1048576K
}
2017-04-10T18:40:30.890+0200: 11,230: Total time for which application threads were stopped: 0,0225522 seconds, Stopping threads took: 0,0000201 seconds
2017-04-10T18:40:30.891+0200: 11,231: Total time for which application threads were stopped: 0,0000778 seconds, Stopping threads took: 0,0000302 seconds
2017-04-10T18:40:30.891+0200: 11,231: Total time for which application threads were stopped: 0,0000670 seconds, Stopping threads took: 0,0000121 seconds
2017-04-10T18:40:31.891+0200: 12,231: Total time for which application threads were stopped: 0,0000843 seconds, Stopping threads took: 0,0000174 seconds
2017-04-10T18:40:35.891+0200: 16,231: Total time for which application threads were stopped: 0,0000697 seconds, Stopping threads took: 0,0000158 seconds
2017-04-10T18:40:41.892+0200: 22,232: Total time for which application threads were stopped: 0,0002394 seconds, Stopping threads took: 0,0000265 seconds
2017-04-10T18:41:21.896+0200: 62,236: Total time for which application threads were stopped: 0,0000952 seconds, Stopping threads took: 0,0000351 seconds
2017-04-10T18:41:41.898+0200: 82,238: Total time for which application threads were stopped: 0,0000630 seconds, Stopping threads took: 0,0000167 seconds
2017-04-10T18:41:45.899+0200: 86,239: Total time for which application threads were stopped: 0,0001723 seconds, Stopping threads took: 0,0000320 seconds
2017-04-10T18:42:16.902+0200: 117,242: Total time for which application threads were stopped: 0,0000897 seconds, Stopping threads took: 0,0000304 seconds
2017-04-10T18:42:21.903+0200: 122,243: Total time for which application threads were stopped: 0,0000751 seconds, Stopping threads took: 0,0000168 seconds
2017-04-10T18:43:20.909+0200: 181,250: Total time for which application threads were stopped: 0,0001037 seconds, Stopping threads took: 0,0000339 seconds
2017-04-10T18:44:55.919+0200: 276,259: Total time for which application threads were stopped: 0,0000812 seconds, Stopping threads took: 0,0000317 seconds
2017-04-10T18:44:56.919+0200: 277,259: Total time for which application threads were stopped: 0,0000652 seconds, Stopping threads took: 0,0000152 seconds
2017-04-10T19:03:59.064+0200: 1412,040: Total time for which application threads were stopped: 0,0000897 seconds, Stopping threads took: 0,0000327 seconds
2017-04-10T19:08:19.090+0200: 1672,066: Total time for which application threads were stopped: 0,0000907 seconds, Stopping threads took: 0,0000344 seconds
2017-04-10T19:18:49.156+0200: 2302,132: Total time for which application threads were stopped: 0,0000887 seconds, Stopping threads took: 0,0000332 seconds
2017-04-10T19:28:55.861+0200: 2908,837: Total time for which application threads were stopped: 0,0030307 seconds, Stopping threads took: 0,0029383 seconds
2017-04-10T19:28:55.862+0200: 2908,838: Total time for which application threads were stopped: 0,0001834 seconds, Stopping threads took: 0,0001089 seconds
2017-04-10T19:28:55.888+0200: 2908,864: Total time for which application threads were stopped: 0,0239323 seconds, Stopping threads took: 0,0238533 seconds
2017-04-10T19:28:55.889+0200: 2908,865: Total time for which application threads were stopped: 0,0000932 seconds, Stopping threads took: 0,0000159 seconds
2017-04-10T19:28:55.889+0200: 2908,865: Total time for which application threads were stopped: 0,0001904 seconds, Stopping threads took: 0,0001248 seconds
2017-04-10T19:28:55.889+0200: 2908,865: Total time for which application threads were stopped: 0,0000958 seconds, Stopping threads took: 0,0000327 seconds
2017-04-10T19:28:55.890+0200: 2908,866: Total time for which application threads were stopped: 0,0002446 seconds, Stopping threads took: 0,0001824 seconds
2017-04-10T19:28:55.890+0200: 2908,866: Total time for which application threads were stopped: 0,0002127 seconds, Stopping threads took: 0,0001570 seconds
2017-04-10T19:28:55.890+0200: 2908,866: Total time for which application threads were stopped: 0,0001799 seconds, Stopping threads took: 0,0001227 seconds
2017-04-10T19:28:55.897+0200: 2908,873: Total time for which application threads were stopped: 0,0070600 seconds, Stopping threads took: 0,0069864 seconds
2017-04-10T19:28:55.899+0200: 2908,875: Total time for which application threads were stopped: 0,0000849 seconds, Stopping threads took: 0,0000154 seconds
2017-04-10T19:28:55.899+0200: 2908,875: Total time for which application threads were stopped: 0,0000758 seconds, Stopping threads took: 0,0000103 seconds
2017-04-10T19:28:55.905+0200: 2908,881: Total time for which application threads were stopped: 0,0040288 seconds, Stopping threads took: 0,0039006 seconds
2017-04-10T19:28:55.907+0200: 2908,883: Total time for which application threads were stopped: 0,0001172 seconds, Stopping threads took: 0,0000230 seconds
2017-04-10T19:28:55.909+0200: 2908,885: Total time for which application threads were stopped: 0,0001123 seconds, Stopping threads took: 0,0000210 seconds
2017-04-10T19:28:55.911+0200: 2908,887: Total time for which application threads were stopped: 0,0000921 seconds, Stopping threads took: 0,0000158 seconds
2017-04-10T19:28:55.911+0200: 2908,887: Total time for which application threads were stopped: 0,0000564 seconds, Stopping threads took: 0,0000093 seconds
2017-04-10T19:28:55.911+0200: 2908,887: Total time for which application threads were stopped: 0,0000522 seconds, Stopping threads took: 0,0000064 seconds
2017-04-10T19:28:55.911+0200: 2908,887: Total time for which application threads were stopped: 0,0000488 seconds, Stopping threads took: 0,0000069 seconds
2017-04-10T19:28:55.912+0200: 2908,888: Total time for which application threads were stopped: 0,0001044 seconds, Stopping threads took: 0,0000210 seconds
2017-04-10T19:28:55.913+0200: 2908,889: Total time for which application threads were stopped: 0,0000641 seconds, Stopping threads took: 0,0000089 seconds
2017-04-10T19:28:55.913+0200: 2908,889: Total time for which application threads were stopped: 0,0000596 seconds, Stopping threads took: 0,0000086 seconds
2017-04-10T19:28:55.913+0200: 2908,889: Total time for which application threads were stopped: 0,0000480 seconds, Stopping threads took: 0,0000064 seconds
2017-04-10T19:28:55.913+0200: 2908,889: Total time for which application threads were stopped: 0,0000454 seconds, Stopping threads took: 0,0000059 seconds
2017-04-10T19:28:55.913+0200: 2908,889: Total time for which application threads were stopped: 0,0000449 seconds, Stopping threads took: 0,0000060 seconds
2017-04-10T19:28:55.913+0200: 2908,889: Total time for which application threads were stopped: 0,0000429 seconds, Stopping threads took: 0,0000059 seconds
2017-04-10T19:28:55.913+0200: 2908,889: Total time for which application threads were stopped: 0,0000433 seconds, Stopping threads took: 0,0000083 seconds
2017-04-10T19:28:55.913+0200: 2908,889: Total time for which application threads were stopped: 0,0000430 seconds, Stopping threads took: 0,0000056 seconds
2017-04-10T19:28:55.913+0200: 2908,889: Total time for which application threads were stopped: 0,0000409 seconds, Stopping threads took: 0,0000052 seconds
2017-04-10T19:28:55.913+0200: 2908,889: Total time for which application threads were stopped: 0,0000395 seconds, Stopping threads took: 0,0000057 seconds
2017-04-10T19:28:55.929+0200: 2908,905: Total time for which application threads were stopped: 0,0001178 seconds, Stopping threads took: 0,0000301 seconds
2017-04-10T19:28:55.929+0200: 2908,905: Total time for which application threads were stopped: 0,0000773 seconds, Stopping threads took: 0,0000211 seconds
2017-04-10T19:28:55.929+0200: 2908,905: Total time for which application threads were stopped: 0,0000657 seconds, Stopping threads took: 0,0000207 seconds
2017-04-10T19:28:55.929+0200: 2908,906: Total time for which application threads were stopped: 0,0000568 seconds, Stopping threads took: 0,0000143 seconds
2017-04-10T19:28:55.930+0200: 2908,906: Total time for which application threads were stopped: 0,0000570 seconds, Stopping threads took: 0,0000138 seconds
2017-04-10T19:28:55.930+0200: 2908,906: Total time for which application threads were stopped: 0,0000452 seconds, Stopping threads took: 0,0000061 seconds
2017-04-10T19:28:55.930+0200: 2908,906: Total time for which application threads were stopped: 0,0000437 seconds, Stopping threads took: 0,0000085 seconds
2017-04-10T19:28:55.930+0200: 2908,906: Total time for which application threads were stopped: 0,0000396 seconds, Stopping threads took: 0,0000055 seconds
2017-04-10T19:28:55.930+0200: 2908,906: Total time for which application threads were stopped: 0,0000392 seconds, Stopping threads took: 0,0000053 seconds
2017-04-10T19:28:55.930+0200: 2908,906: Total time for which application threads were stopped: 0,0000387 seconds, Stopping threads took: 0,0000059 seconds
2017-04-10T19:28:55.930+0200: 2908,906: Total time for which application threads were stopped: 0,0000804 seconds, Stopping threads took: 0,0000284 seconds
2017-04-10T19:28:55.932+0200: 2908,908: Total time for which application threads were stopped: 0,0003432 seconds, Stopping threads took: 0,0002818 seconds
2017-04-10T19:28:55.932+0200: 2908,908: Total time for which application threads were stopped: 0,0000566 seconds, Stopping threads took: 0,0000123 seconds
2017-04-10T19:28:55.932+0200: 2908,908: Total time for which application threads were stopped: 0,0000307 seconds, Stopping threads took: 0,0000052 seconds
2017-04-10T19:28:55.934+0200: 2908,910: Total time for which application threads were stopped: 0,0001263 seconds, Stopping threads took: 0,0000432 seconds
2017-04-10T19:28:55.935+0200: 2908,911: Total time for which application threads were stopped: 0,0001065 seconds, Stopping threads took: 0,0000337 seconds
2017-04-10T19:28:55.935+0200: 2908,911: Total time for which application threads were stopped: 0,0000840 seconds, Stopping threads took: 0,0000227 seconds
2017-04-10T19:28:55.943+0200: 2908,919: Total time for which application threads were stopped: 0,0001101 seconds, Stopping threads took: 0,0000158 seconds
2017-04-10T19:28:55.944+0200: 2908,920: Total time for which application threads were stopped: 0,0000977 seconds, Stopping threads took: 0,0000254 seconds
2017-04-10T19:28:55.945+0200: 2908,921: Total time for which application threads were stopped: 0,0001293 seconds, Stopping threads took: 0,0000484 seconds
2017-04-10T19:28:55.947+0200: 2908,923: Total time for which application threads were stopped: 0,0001089 seconds, Stopping threads took: 0,0000323 seconds
2017-04-10T19:28:55.947+0200: 2908,923: Total time for which application threads were stopped: 0,0000903 seconds, Stopping threads took: 0,0000360 seconds
2017-04-10T19:28:55.947+0200: 2908,923: Total time for which application threads were stopped: 0,0000803 seconds, Stopping threads took: 0,0000277 seconds
2017-04-10T19:28:55.948+0200: 2908,924: Total time for which application threads were stopped: 0,0001373 seconds, Stopping threads took: 0,0000625 seconds
2017-04-10T19:28:55.949+0200: 2908,925: Total time for which application threads were stopped: 0,0004047 seconds, Stopping threads took: 0,0003247 seconds
2017-04-10T19:28:55.950+0200: 2908,926: Total time for which application threads were stopped: 0,0000954 seconds, Stopping threads took: 0,0000247 seconds
2017-04-10T19:28:55.951+0200: 2908,927: Total time for which application threads were stopped: 0,0004249 seconds, Stopping threads took: 0,0001016 seconds
2017-04-10T19:28:55.951+0200: 2908,927: Total time for which application threads were stopped: 0,0000671 seconds, Stopping threads took: 0,0000225 seconds
2017-04-10T19:28:55.952+0200: 2908,928: Total time for which application threads were stopped: 0,0001166 seconds, Stopping threads took: 0,0000356 seconds
2017-04-10T19:28:55.953+0200: 2908,929: Total time for which application threads were stopped: 0,0000844 seconds, Stopping threads took: 0,0000260 seconds
2017-04-10T19:28:55.956+0200: 2908,932: Total time for which application threads were stopped: 0,0019929 seconds, Stopping threads took: 0,0019157 seconds
2017-04-10T19:28:55.956+0200: 2908,932: Total time for which application threads were stopped: 0,0000734 seconds, Stopping threads took: 0,0000303 seconds
2017-04-10T19:28:55.956+0200: 2908,932: Total time for which application threads were stopped: 0,0000611 seconds, Stopping threads took: 0,0000198 seconds
2017-04-10T19:28:55.957+0200: 2908,933: Total time for which application threads were stopped: 0,0000716 seconds, Stopping threads took: 0,0000258 seconds
2017-04-10T19:28:55.957+0200: 2908,933: Total time for which application threads were stopped: 0,0000630 seconds, Stopping threads took: 0,0000190 seconds
2017-04-10T19:28:55.957+0200: 2908,933: Total time for which application threads were stopped: 0,0000608 seconds, Stopping threads took: 0,0000191 seconds
2017-04-10T19:28:55.957+0200: 2908,933: Total time for which application threads were stopped: 0,0000531 seconds, Stopping threads took: 0,0000187 seconds
2017-04-10T19:28:55.958+0200: 2908,934: Total time for which application threads were stopped: 0,0001607 seconds, Stopping threads took: 0,0000197 seconds
2017-04-10T19:28:55.959+0200: 2908,935: Total time for which application threads were stopped: 0,0001346 seconds, Stopping threads took: 0,0000438 seconds
2017-04-10T19:28:55.962+0200: 2908,938: Total time for which application threads were stopped: 0,0000881 seconds, Stopping threads took: 0,0000299 seconds
2017-04-10T19:28:55.962+0200: 2908,938: Total time for which application threads were stopped: 0,0000999 seconds, Stopping threads took: 0,0000269 seconds
Heap
 par new generation   total 109248K, used 39755K [0x00000000e0000000, 0x00000000e8000000, 0x00000000e8000000)
  eden space 87424K,  28% used [0x00000000e0000000, 0x00000000e1891018, 0x00000000e5560000)
  from space 21824K,  66% used [0x00000000e5560000, 0x00000000e63a1e40, 0x00000000e6ab0000)
  to   space 21824K,   0% used [0x00000000e6ab0000, 0x00000000e6ab0000, 0x00000000e8000000)
 concurrent mark-sweep generation total 393216K, used 6868K [0x00000000e8000000, 0x0000000100000000, 0x0000000100000000)
 Metaspace       used 28136K, capacity 28664K, committed 28796K, reserved 1075200K
  class space    used 3229K, capacity 3422K, committed 3452K, reserved 1048576K
