OpenJDK 64-Bit Server VM (25.121-b13) for linux-amd64 JRE (1.8.0_121-8u121-b13-0ubuntu1.16.04.2-b13), built on Jan 23 2017 15:51:29 by "buildd" with gcc 5.4.0 20160609
Memory: 4k page, physical 7867760k(7500880k free), swap 8076284k(8076284k free)
CommandLine flags: -XX:CMSInitiatingOccupancyFraction=50 -XX:CMSMaxAbortablePrecleanTime=6000 -XX:+CMSParallelRemarkEnabled -XX:+CMSScavengeBeforeRemark -XX:ConcGCThreads=4 -XX:InitialHeapSize=536870912 -XX:MaxHeapSize=536870912 -XX:MaxTenuringThreshold=8 -XX:NewRatio=3 -XX:OldPLABSize=16 -XX:OnOutOfMemoryError=/opt/solr/bin/oom_solr.sh 8983 /var/solr/logs -XX:ParallelGCThreads=4 -XX:+ParallelRefProcEnabled -XX:PretenureSizeThreshold=67108864 -XX:+PrintGC -XX:+PrintGCApplicationStoppedTime -XX:+PrintGCDateStamps -XX:+PrintGCDetails -XX:+PrintGCTimeStamps -XX:+PrintHeapAtGC -XX:+PrintTenuringDistribution -XX:SurvivorRatio=4 -XX:TargetSurvivorRatio=90 -XX:ThreadStackSize=256 -XX:+UseCMSInitiatingOccupancyOnly -XX:+UseCompressedClassPointers -XX:+UseCompressedOops -XX:+UseConcMarkSweepGC -XX:+UseParNewGC 
2017-03-03T02:12:51.763+0100: 0,126: Total time for which application threads were stopped: 0,0001009 seconds, Stopping threads took: 0,0000246 seconds
2017-03-03T02:12:51.850+0100: 0,213: Total time for which application threads were stopped: 0,0005082 seconds, Stopping threads took: 0,0003962 seconds
2017-03-03T02:12:51.874+0100: 0,238: Total time for which application threads were stopped: 0,0001219 seconds, Stopping threads took: 0,0000208 seconds
2017-03-03T02:12:52.117+0100: 0,481: Total time for which application threads were stopped: 0,0001774 seconds, Stopping threads took: 0,0000168 seconds
2017-03-03T02:12:52.615+0100: 0,979: Total time for which application threads were stopped: 0,0002380 seconds, Stopping threads took: 0,0000371 seconds
2017-03-03T02:12:52.696+0100: 1,060: Total time for which application threads were stopped: 0,0001640 seconds, Stopping threads took: 0,0000206 seconds
2017-03-03T02:12:52.715+0100: 1,079: Total time for which application threads were stopped: 0,0001853 seconds, Stopping threads took: 0,0000184 seconds
2017-03-03T02:12:52.951+0100: 1,314: Total time for which application threads were stopped: 0,0001678 seconds, Stopping threads took: 0,0000170 seconds
2017-03-03T02:12:53.141+0100: 1,505: Total time for which application threads were stopped: 0,0001919 seconds, Stopping threads took: 0,0000124 seconds
2017-03-03T02:12:53.165+0100: 1,528: Total time for which application threads were stopped: 0,0003252 seconds, Stopping threads took: 0,0000793 seconds
2017-03-03T02:12:53.197+0100: 1,560: Total time for which application threads were stopped: 0,0002221 seconds, Stopping threads took: 0,0000199 seconds
2017-03-03T02:12:53.198+0100: 1,561: Total time for which application threads were stopped: 0,0001953 seconds, Stopping threads took: 0,0000218 seconds
2017-03-03T02:12:53.217+0100: 1,581: Total time for which application threads were stopped: 0,0002118 seconds, Stopping threads took: 0,0000291 seconds
2017-03-03T02:12:53.300+0100: 1,663: Total time for which application threads were stopped: 0,0002276 seconds, Stopping threads took: 0,0000227 seconds
2017-03-03T02:12:53.485+0100: 1,849: Total time for which application threads were stopped: 0,0002538 seconds, Stopping threads took: 0,0000281 seconds
{Heap before GC invocations=0 (full 0):
 par new generation   total 109248K, used 87424K [0x00000000e0000000, 0x00000000e8000000, 0x00000000e8000000)
  eden space 87424K, 100% used [0x00000000e0000000, 0x00000000e5560000, 0x00000000e5560000)
  from space 21824K,   0% used [0x00000000e5560000, 0x00000000e5560000, 0x00000000e6ab0000)
  to   space 21824K,   0% used [0x00000000e6ab0000, 0x00000000e6ab0000, 0x00000000e8000000)
 concurrent mark-sweep generation total 393216K, used 0K [0x00000000e8000000, 0x0000000100000000, 0x0000000100000000)
 Metaspace       used 18017K, capacity 18336K, committed 18688K, reserved 1064960K
  class space    used 2037K, capacity 2196K, committed 2304K, reserved 1048576K
2017-03-03T02:12:53.571+0100: 1,934: [GC (Allocation Failure) 2017-03-03T02:12:53.571+0100: 1,934: [ParNew
Desired survivor size 20112992 bytes, new threshold 8 (max 8)
- age   1:   12604656 bytes,   12604656 total
: 87424K->12413K(109248K), 0,0151142 secs] 87424K->12413K(502464K), 0,0151990 secs] [Times: user=0,02 sys=0,01, real=0,02 secs] 
Heap after GC invocations=1 (full 0):
 par new generation   total 109248K, used 12413K [0x00000000e0000000, 0x00000000e8000000, 0x00000000e8000000)
  eden space 87424K,   0% used [0x00000000e0000000, 0x00000000e0000000, 0x00000000e5560000)
  from space 21824K,  56% used [0x00000000e6ab0000, 0x00000000e76cf730, 0x00000000e8000000)
  to   space 21824K,   0% used [0x00000000e5560000, 0x00000000e5560000, 0x00000000e6ab0000)
 concurrent mark-sweep generation total 393216K, used 0K [0x00000000e8000000, 0x0000000100000000, 0x0000000100000000)
 Metaspace       used 18017K, capacity 18336K, committed 18688K, reserved 1064960K
  class space    used 2037K, capacity 2196K, committed 2304K, reserved 1048576K
}
2017-03-03T02:12:53.586+0100: 1,949: Total time for which application threads were stopped: 0,0154521 seconds, Stopping threads took: 0,0000381 seconds
2017-03-03T02:12:53.861+0100: 2,224: Total time for which application threads were stopped: 0,0003601 seconds, Stopping threads took: 0,0000570 seconds
2017-03-03T02:12:53.906+0100: 2,270: Total time for which application threads were stopped: 0,0056973 seconds, Stopping threads took: 0,0053796 seconds
{Heap before GC invocations=1 (full 0):
 par new generation   total 109248K, used 99837K [0x00000000e0000000, 0x00000000e8000000, 0x00000000e8000000)
  eden space 87424K, 100% used [0x00000000e0000000, 0x00000000e5560000, 0x00000000e5560000)
  from space 21824K,  56% used [0x00000000e6ab0000, 0x00000000e76cf730, 0x00000000e8000000)
  to   space 21824K,   0% used [0x00000000e5560000, 0x00000000e5560000, 0x00000000e6ab0000)
 concurrent mark-sweep generation total 393216K, used 0K [0x00000000e8000000, 0x0000000100000000, 0x0000000100000000)
 Metaspace       used 20063K, capacity 20426K, committed 20736K, reserved 1067008K
  class space    used 2297K, capacity 2469K, committed 2560K, reserved 1048576K
2017-03-03T02:12:53.909+0100: 2,273: [GC (Allocation Failure) 2017-03-03T02:12:53.909+0100: 2,273: [ParNew
Desired survivor size 20112992 bytes, new threshold 8 (max 8)
- age   1:    3512368 bytes,    3512368 total
- age   2:    6673000 bytes,   10185368 total
: 99837K->13718K(109248K), 0,0197820 secs] 99837K->13718K(502464K), 0,0198658 secs] [Times: user=0,08 sys=0,00, real=0,02 secs] 
Heap after GC invocations=2 (full 0):
 par new generation   total 109248K, used 13718K [0x00000000e0000000, 0x00000000e8000000, 0x00000000e8000000)
  eden space 87424K,   0% used [0x00000000e0000000, 0x00000000e0000000, 0x00000000e5560000)
  from space 21824K,  62% used [0x00000000e5560000, 0x00000000e62c5ba0, 0x00000000e6ab0000)
  to   space 21824K,   0% used [0x00000000e6ab0000, 0x00000000e6ab0000, 0x00000000e8000000)
 concurrent mark-sweep generation total 393216K, used 0K [0x00000000e8000000, 0x0000000100000000, 0x0000000100000000)
 Metaspace       used 20063K, capacity 20426K, committed 20736K, reserved 1067008K
  class space    used 2297K, capacity 2469K, committed 2560K, reserved 1048576K
}
2017-03-03T02:12:53.929+0100: 2,293: Total time for which application threads were stopped: 0,0204076 seconds, Stopping threads took: 0,0003867 seconds
2017-03-03T02:12:53.968+0100: 2,332: Total time for which application threads were stopped: 0,0003304 seconds, Stopping threads took: 0,0000503 seconds
2017-03-03T02:12:54.067+0100: 2,431: Total time for which application threads were stopped: 0,0001755 seconds, Stopping threads took: 0,0000613 seconds
{Heap before GC invocations=2 (full 0):
 par new generation   total 109248K, used 101134K [0x00000000e0000000, 0x00000000e8000000, 0x00000000e8000000)
  eden space 87424K,  99% used [0x00000000e0000000, 0x00000000e555de70, 0x00000000e5560000)
  from space 21824K,  62% used [0x00000000e5560000, 0x00000000e62c5ba0, 0x00000000e6ab0000)
  to   space 21824K,   0% used [0x00000000e6ab0000, 0x00000000e6ab0000, 0x00000000e8000000)
 concurrent mark-sweep generation total 393216K, used 0K [0x00000000e8000000, 0x0000000100000000, 0x0000000100000000)
 Metaspace       used 20976K, capacity 21290K, committed 21628K, reserved 1069056K
  class space    used 2419K, capacity 2589K, committed 2684K, reserved 1048576K
2017-03-03T02:12:54.096+0100: 2,460: [GC (Allocation Failure) 2017-03-03T02:12:54.096+0100: 2,460: [ParNew
Desired survivor size 20112992 bytes, new threshold 8 (max 8)
- age   1:    2235720 bytes,    2235720 total
- age   2:     847808 bytes,    3083528 total
- age   3:    6654864 bytes,    9738392 total
: 101134K->12802K(109248K), 0,0101097 secs] 101134K->12802K(502464K), 0,0101969 secs] [Times: user=0,03 sys=0,00, real=0,02 secs] 
Heap after GC invocations=3 (full 0):
 par new generation   total 109248K, used 12802K [0x00000000e0000000, 0x00000000e8000000, 0x00000000e8000000)
  eden space 87424K,   0% used [0x00000000e0000000, 0x00000000e0000000, 0x00000000e5560000)
  from space 21824K,  58% used [0x00000000e6ab0000, 0x00000000e7730898, 0x00000000e8000000)
  to   space 21824K,   0% used [0x00000000e5560000, 0x00000000e5560000, 0x00000000e6ab0000)
 concurrent mark-sweep generation total 393216K, used 0K [0x00000000e8000000, 0x0000000100000000, 0x0000000100000000)
 Metaspace       used 20976K, capacity 21290K, committed 21628K, reserved 1069056K
  class space    used 2419K, capacity 2589K, committed 2684K, reserved 1048576K
}
2017-03-03T02:12:54.107+0100: 2,470: Total time for which application threads were stopped: 0,0104365 seconds, Stopping threads took: 0,0000766 seconds
2017-03-03T02:12:54.107+0100: 2,471: [GC (CMS Initial Mark) [1 CMS-initial-mark: 0K(393216K)] 12834K(502464K), 0,0031540 secs] [Times: user=0,01 sys=0,00, real=0,00 secs] 
2017-03-03T02:12:54.110+0100: 2,474: Total time for which application threads were stopped: 0,0032913 seconds, Stopping threads took: 0,0000525 seconds
2017-03-03T02:12:54.110+0100: 2,474: [CMS-concurrent-mark-start]
2017-03-03T02:12:54.110+0100: 2,474: [CMS-concurrent-mark: 0,000/0,000 secs] [Times: user=0,00 sys=0,00, real=0,00 secs] 
2017-03-03T02:12:54.110+0100: 2,474: [CMS-concurrent-preclean-start]
2017-03-03T02:12:54.111+0100: 2,475: [CMS-concurrent-preclean: 0,001/0,001 secs] [Times: user=0,00 sys=0,00, real=0,00 secs] 
2017-03-03T02:12:54.114+0100: 2,477: [GC (CMS Final Remark) [YG occupancy: 14245 K (109248 K)]{Heap before GC invocations=3 (full 1):
 par new generation   total 109248K, used 14245K [0x00000000e0000000, 0x00000000e8000000, 0x00000000e8000000)
  eden space 87424K,   1% used [0x00000000e0000000, 0x00000000e0168ca0, 0x00000000e5560000)
  from space 21824K,  58% used [0x00000000e6ab0000, 0x00000000e7730898, 0x00000000e8000000)
  to   space 21824K,   0% used [0x00000000e5560000, 0x00000000e5560000, 0x00000000e6ab0000)
 concurrent mark-sweep generation total 393216K, used 0K [0x00000000e8000000, 0x0000000100000000, 0x0000000100000000)
 Metaspace       used 20976K, capacity 21290K, committed 21628K, reserved 1069056K
  class space    used 2419K, capacity 2589K, committed 2684K, reserved 1048576K
2017-03-03T02:12:54.114+0100: 2,478: [GC (CMS Final Remark) 2017-03-03T02:12:54.114+0100: 2,478: [ParNew
Desired survivor size 20112992 bytes, new threshold 8 (max 8)
- age   1:     127744 bytes,     127744 total
- age   2:    1606720 bytes,    1734464 total
- age   3:     847808 bytes,    2582272 total
- age   4:    6654872 bytes,    9237144 total
: 14245K->11224K(109248K), 0,0086208 secs] 14245K->11224K(502464K), 0,0086610 secs] [Times: user=0,03 sys=0,00, real=0,01 secs] 
Heap after GC invocations=4 (full 1):
 par new generation   total 109248K, used 11224K [0x00000000e0000000, 0x00000000e8000000, 0x00000000e8000000)
  eden space 87424K,   0% used [0x00000000e0000000, 0x00000000e0000000, 0x00000000e5560000)
  from space 21824K,  51% used [0x00000000e5560000, 0x00000000e6056308, 0x00000000e6ab0000)
  to   space 21824K,   0% used [0x00000000e6ab0000, 0x00000000e6ab0000, 0x00000000e8000000)
 concurrent mark-sweep generation total 393216K, used 0K [0x00000000e8000000, 0x0000000100000000, 0x0000000100000000)
 Metaspace       used 20976K, capacity 21290K, committed 21628K, reserved 1069056K
  class space    used 2419K, capacity 2589K, committed 2684K, reserved 1048576K
}
2017-03-03T02:12:54.122+0100: 2,486: [Rescan (parallel) , 0,0046165 secs]2017-03-03T02:12:54.127+0100: 2,491: [weak refs processing, 0,0014539 secs]2017-03-03T02:12:54.129+0100: 2,492: [class unloading, 0,0027409 secs]2017-03-03T02:12:54.131+0100: 2,495: [scrub symbol table, 0,0029786 secs]2017-03-03T02:12:54.134+0100: 2,498: [scrub string table, 0,0003962 secs][1 CMS-remark: 0K(393216K)] 11224K(502464K), 0,0214618 secs] [Times: user=0,05 sys=0,00, real=0,02 secs] 
2017-03-03T02:12:54.135+0100: 2,499: Total time for which application threads were stopped: 0,0236749 seconds, Stopping threads took: 0,0021241 seconds
2017-03-03T02:12:54.135+0100: 2,499: [CMS-concurrent-sweep-start]
2017-03-03T02:12:54.135+0100: 2,499: [CMS-concurrent-sweep: 0,000/0,000 secs] [Times: user=0,00 sys=0,00, real=0,00 secs] 
2017-03-03T02:12:54.135+0100: 2,499: [CMS-concurrent-reset-start]
2017-03-03T02:12:54.138+0100: 2,501: [CMS-concurrent-reset: 0,002/0,002 secs] [Times: user=0,01 sys=0,00, real=0,01 secs] 
{Heap before GC invocations=4 (full 1):
 par new generation   total 109248K, used 98648K [0x00000000e0000000, 0x00000000e8000000, 0x00000000e8000000)
  eden space 87424K, 100% used [0x00000000e0000000, 0x00000000e5560000, 0x00000000e5560000)
  from space 21824K,  51% used [0x00000000e5560000, 0x00000000e6056308, 0x00000000e6ab0000)
  to   space 21824K,   0% used [0x00000000e6ab0000, 0x00000000e6ab0000, 0x00000000e8000000)
 concurrent mark-sweep generation total 393216K, used 0K [0x00000000e8000000, 0x0000000100000000, 0x0000000100000000)
 Metaspace       used 21218K, capacity 21560K, committed 21884K, reserved 1069056K
  class space    used 2447K, capacity 2603K, committed 2684K, reserved 1048576K
2017-03-03T02:12:54.249+0100: 2,612: [GC (Allocation Failure) 2017-03-03T02:12:54.249+0100: 2,612: [ParNew
Desired survivor size 20112992 bytes, new threshold 8 (max 8)
- age   1:     604792 bytes,     604792 total
- age   2:       7104 bytes,     611896 total
- age   3:    1461288 bytes,    2073184 total
- age   4:     841696 bytes,    2914880 total
- age   5:    6655128 bytes,    9570008 total
: 98648K->14022K(109248K), 0,0097055 secs] 98648K->14022K(502464K), 0,0097801 secs] [Times: user=0,04 sys=0,00, real=0,01 secs] 
Heap after GC invocations=5 (full 1):
 par new generation   total 109248K, used 14022K [0x00000000e0000000, 0x00000000e8000000, 0x00000000e8000000)
  eden space 87424K,   0% used [0x00000000e0000000, 0x00000000e0000000, 0x00000000e5560000)
  from space 21824K,  64% used [0x00000000e6ab0000, 0x00000000e78618d0, 0x00000000e8000000)
  to   space 21824K,   0% used [0x00000000e5560000, 0x00000000e5560000, 0x00000000e6ab0000)
 concurrent mark-sweep generation total 393216K, used 0K [0x00000000e8000000, 0x0000000100000000, 0x0000000100000000)
 Metaspace       used 21218K, capacity 21560K, committed 21884K, reserved 1069056K
  class space    used 2447K, capacity 2603K, committed 2684K, reserved 1048576K
}
2017-03-03T02:12:54.258+0100: 2,622: Total time for which application threads were stopped: 0,0100436 seconds, Stopping threads took: 0,0000814 seconds
{Heap before GC invocations=5 (full 1):
 par new generation   total 109248K, used 101446K [0x00000000e0000000, 0x00000000e8000000, 0x00000000e8000000)
  eden space 87424K, 100% used [0x00000000e0000000, 0x00000000e5560000, 0x00000000e5560000)
  from space 21824K,  64% used [0x00000000e6ab0000, 0x00000000e78618d0, 0x00000000e8000000)
  to   space 21824K,   0% used [0x00000000e5560000, 0x00000000e5560000, 0x00000000e6ab0000)
 concurrent mark-sweep generation total 393216K, used 0K [0x00000000e8000000, 0x0000000100000000, 0x0000000100000000)
 Metaspace       used 21382K, capacity 21790K, committed 21884K, reserved 1069056K
  class space    used 2467K, capacity 2636K, committed 2684K, reserved 1048576K
2017-03-03T02:12:54.374+0100: 2,738: [GC (Allocation Failure) 2017-03-03T02:12:54.374+0100: 2,738: [ParNew
Desired survivor size 20112992 bytes, new threshold 8 (max 8)
- age   1:     598464 bytes,     598464 total
- age   2:     181968 bytes,     780432 total
- age   3:       1856 bytes,     782288 total
- age   4:    1461144 bytes,    2243432 total
- age   5:     841584 bytes,    3085016 total
- age   6:    6655136 bytes,    9740152 total
: 101446K->12392K(109248K), 0,0101936 secs] 101446K->12392K(502464K), 0,0102618 secs] [Times: user=0,03 sys=0,00, real=0,01 secs] 
Heap after GC invocations=6 (full 1):
 par new generation   total 109248K, used 12392K [0x00000000e0000000, 0x00000000e8000000, 0x00000000e8000000)
  eden space 87424K,   0% used [0x00000000e0000000, 0x00000000e0000000, 0x00000000e5560000)
  from space 21824K,  56% used [0x00000000e5560000, 0x00000000e617a178, 0x00000000e6ab0000)
  to   space 21824K,   0% used [0x00000000e6ab0000, 0x00000000e6ab0000, 0x00000000e8000000)
 concurrent mark-sweep generation total 393216K, used 0K [0x00000000e8000000, 0x0000000100000000, 0x0000000100000000)
 Metaspace       used 21382K, capacity 21790K, committed 21884K, reserved 1069056K
  class space    used 2467K, capacity 2636K, committed 2684K, reserved 1048576K
}
2017-03-03T02:12:54.385+0100: 2,748: Total time for which application threads were stopped: 0,0105224 seconds, Stopping threads took: 0,0001017 seconds
2017-03-03T02:12:54.433+0100: 2,796: Total time for which application threads were stopped: 0,0003193 seconds, Stopping threads took: 0,0000203 seconds
2017-03-03T02:12:54.626+0100: 2,989: Total time for which application threads were stopped: 0,0004868 seconds, Stopping threads took: 0,0000492 seconds
2017-03-03T02:12:54.642+0100: 3,006: Total time for which application threads were stopped: 0,0018425 seconds, Stopping threads took: 0,0014609 seconds
{Heap before GC invocations=6 (full 1):
 par new generation   total 109248K, used 99816K [0x00000000e0000000, 0x00000000e8000000, 0x00000000e8000000)
  eden space 87424K, 100% used [0x00000000e0000000, 0x00000000e5560000, 0x00000000e5560000)
  from space 21824K,  56% used [0x00000000e5560000, 0x00000000e617a178, 0x00000000e6ab0000)
  to   space 21824K,   0% used [0x00000000e6ab0000, 0x00000000e6ab0000, 0x00000000e8000000)
 concurrent mark-sweep generation total 393216K, used 0K [0x00000000e8000000, 0x0000000100000000, 0x0000000100000000)
 Metaspace       used 24444K, capacity 24882K, committed 25084K, reserved 1071104K
  class space    used 2866K, capacity 3046K, committed 3068K, reserved 1048576K
2017-03-03T02:12:54.842+0100: 3,206: [GC (Allocation Failure) 2017-03-03T02:12:54.842+0100: 3,206: [ParNew
Desired survivor size 20112992 bytes, new threshold 8 (max 8)
- age   1:    5054720 bytes,    5054720 total
- age   2:     113584 bytes,    5168304 total
- age   3:     180528 bytes,    5348832 total
- age   4:       1744 bytes,    5350576 total
- age   5:     286264 bytes,    5636840 total
- age   6:     816520 bytes,    6453360 total
- age   7:    6646584 bytes,   13099944 total
: 99816K->13595K(109248K), 0,0178163 secs] 99816K->13595K(502464K), 0,0179032 secs] [Times: user=0,06 sys=0,00, real=0,02 secs] 
Heap after GC invocations=7 (full 1):
 par new generation   total 109248K, used 13595K [0x00000000e0000000, 0x00000000e8000000, 0x00000000e8000000)
  eden space 87424K,   0% used [0x00000000e0000000, 0x00000000e0000000, 0x00000000e5560000)
  from space 21824K,  62% used [0x00000000e6ab0000, 0x00000000e77f6d98, 0x00000000e8000000)
  to   space 21824K,   0% used [0x00000000e5560000, 0x00000000e5560000, 0x00000000e6ab0000)
 concurrent mark-sweep generation total 393216K, used 0K [0x00000000e8000000, 0x0000000100000000, 0x0000000100000000)
 Metaspace       used 24444K, capacity 24882K, committed 25084K, reserved 1071104K
  class space    used 2866K, capacity 3046K, committed 3068K, reserved 1048576K
}
2017-03-03T02:12:54.860+0100: 3,224: Total time for which application threads were stopped: 0,0190100 seconds, Stopping threads took: 0,0008388 seconds
{Heap before GC invocations=7 (full 1):
 par new generation   total 109248K, used 101019K [0x00000000e0000000, 0x00000000e8000000, 0x00000000e8000000)
  eden space 87424K, 100% used [0x00000000e0000000, 0x00000000e5560000, 0x00000000e5560000)
  from space 21824K,  62% used [0x00000000e6ab0000, 0x00000000e77f6d98, 0x00000000e8000000)
  to   space 21824K,   0% used [0x00000000e5560000, 0x00000000e5560000, 0x00000000e6ab0000)
 concurrent mark-sweep generation total 393216K, used 0K [0x00000000e8000000, 0x0000000100000000, 0x0000000100000000)
 Metaspace       used 24970K, capacity 25448K, committed 25724K, reserved 1071104K
  class space    used 2910K, capacity 3082K, committed 3196K, reserved 1048576K
2017-03-03T02:12:54.988+0100: 3,351: [GC (Allocation Failure) 2017-03-03T02:12:54.988+0100: 3,352: [ParNew
Desired survivor size 20112992 bytes, new threshold 8 (max 8)
- age   1:     740656 bytes,     740656 total
- age   2:    1437976 bytes,    2178632 total
- age   3:      62176 bytes,    2240808 total
- age   4:      95024 bytes,    2335832 total
- age   5:       1336 bytes,    2337168 total
- age   6:     182464 bytes,    2519632 total
- age   7:     781688 bytes,    3301320 total
- age   8:    6113376 bytes,    9414696 total
: 101019K->16245K(109248K), 0,0186245 secs] 101019K->16245K(502464K), 0,0187104 secs] [Times: user=0,07 sys=0,00, real=0,02 secs] 
