OpenJDK 64-Bit Server VM (25.111-b14) for linux-amd64 JRE (1.8.0_111-8u111-b14-2ubuntu0.16.04.2-b14), built on Oct 27 2016 18:10:19 by "buildd" with gcc 5.4.0 20160609
Memory: 4k page, physical 7867800k(7505988k free), swap 8076284k(8076284k free)
CommandLine flags: -XX:CMSInitiatingOccupancyFraction=50 -XX:CMSMaxAbortablePrecleanTime=6000 -XX:+CMSParallelRemarkEnabled -XX:+CMSScavengeBeforeRemark -XX:ConcGCThreads=4 -XX:InitialHeapSize=536870912 -XX:MaxHeapSize=536870912 -XX:MaxTenuringThreshold=8 -XX:NewRatio=3 -XX:OldPLABSize=16 -XX:OnOutOfMemoryError=/opt/solr/bin/oom_solr.sh 8983 /var/solr/logs -XX:ParallelGCThreads=4 -XX:+ParallelRefProcEnabled -XX:PretenureSizeThreshold=67108864 -XX:+PrintGC -XX:+PrintGCApplicationStoppedTime -XX:+PrintGCDateStamps -XX:+PrintGCDetails -XX:+PrintGCTimeStamps -XX:+PrintHeapAtGC -XX:+PrintTenuringDistribution -XX:SurvivorRatio=4 -XX:TargetSurvivorRatio=90 -XX:ThreadStackSize=256 -XX:+UseCMSInitiatingOccupancyOnly -XX:+UseCompressedClassPointers -XX:+UseCompressedOops -XX:+UseConcMarkSweepGC -XX:+UseParNewGC 
2017-01-29T19:38:58.617+0100: 0,127: Total time for which application threads were stopped: 0,0001012 seconds, Stopping threads took: 0,0000124 seconds
2017-01-29T19:38:58.691+0100: 0,201: Total time for which application threads were stopped: 0,0001233 seconds, Stopping threads took: 0,0000162 seconds
2017-01-29T19:38:58.704+0100: 0,214: Total time for which application threads were stopped: 0,0001162 seconds, Stopping threads took: 0,0000311 seconds
2017-01-29T19:38:58.931+0100: 0,440: Total time for which application threads were stopped: 0,0001157 seconds, Stopping threads took: 0,0000120 seconds
2017-01-29T19:38:59.319+0100: 0,829: Total time for which application threads were stopped: 0,0001533 seconds, Stopping threads took: 0,0000237 seconds
2017-01-29T19:38:59.469+0100: 0,979: Total time for which application threads were stopped: 0,0002731 seconds, Stopping threads took: 0,0000658 seconds
2017-01-29T19:38:59.503+0100: 1,013: Total time for which application threads were stopped: 0,0002463 seconds, Stopping threads took: 0,0000333 seconds
2017-01-29T19:38:59.768+0100: 1,278: Total time for which application threads were stopped: 0,0001712 seconds, Stopping threads took: 0,0000123 seconds
2017-01-29T19:39:00.008+0100: 1,518: Total time for which application threads were stopped: 0,0012305 seconds, Stopping threads took: 0,0001580 seconds
2017-01-29T19:39:00.036+0100: 1,546: Total time for which application threads were stopped: 0,0002162 seconds, Stopping threads took: 0,0000284 seconds
2017-01-29T19:39:00.037+0100: 1,547: Total time for which application threads were stopped: 0,0001859 seconds, Stopping threads took: 0,0000166 seconds
2017-01-29T19:39:00.053+0100: 1,563: Total time for which application threads were stopped: 0,0001655 seconds, Stopping threads took: 0,0000209 seconds
2017-01-29T19:39:00.167+0100: 1,677: Total time for which application threads were stopped: 0,0002361 seconds, Stopping threads took: 0,0000160 seconds
2017-01-29T19:39:00.372+0100: 1,882: Total time for which application threads were stopped: 0,0002313 seconds, Stopping threads took: 0,0000310 seconds
{Heap before GC invocations=0 (full 0):
 par new generation   total 109248K, used 87424K [0x00000000e0000000, 0x00000000e8000000, 0x00000000e8000000)
  eden space 87424K, 100% used [0x00000000e0000000, 0x00000000e5560000, 0x00000000e5560000)
  from space 21824K,   0% used [0x00000000e5560000, 0x00000000e5560000, 0x00000000e6ab0000)
  to   space 21824K,   0% used [0x00000000e6ab0000, 0x00000000e6ab0000, 0x00000000e8000000)
 concurrent mark-sweep generation total 393216K, used 0K [0x00000000e8000000, 0x0000000100000000, 0x0000000100000000)
 Metaspace       used 17713K, capacity 18014K, committed 18304K, reserved 1064960K
  class space    used 2011K, capacity 2130K, committed 2176K, reserved 1048576K
2017-01-29T19:39:00.451+0100: 1,961: [GC (Allocation Failure) 2017-01-29T19:39:00.451+0100: 1,961: [ParNew
Desired survivor size 20112992 bytes, new threshold 8 (max 8)
- age   1:   12177960 bytes,   12177960 total
: 87424K->12005K(109248K), 0,0156586 secs] 87424K->12005K(502464K), 0,0157411 secs] [Times: user=0,04 sys=0,00, real=0,01 secs] 
Heap after GC invocations=1 (full 0):
 par new generation   total 109248K, used 12005K [0x00000000e0000000, 0x00000000e8000000, 0x00000000e8000000)
  eden space 87424K,   0% used [0x00000000e0000000, 0x00000000e0000000, 0x00000000e5560000)
  from space 21824K,  55% used [0x00000000e6ab0000, 0x00000000e7669520, 0x00000000e8000000)
  to   space 21824K,   0% used [0x00000000e5560000, 0x00000000e5560000, 0x00000000e6ab0000)
 concurrent mark-sweep generation total 393216K, used 0K [0x00000000e8000000, 0x0000000100000000, 0x0000000100000000)
 Metaspace       used 17713K, capacity 18014K, committed 18304K, reserved 1064960K
  class space    used 2011K, capacity 2130K, committed 2176K, reserved 1048576K
}
2017-01-29T19:39:00.467+0100: 1,976: Total time for which application threads were stopped: 0,0159995 seconds, Stopping threads took: 0,0000738 seconds
2017-01-29T19:39:00.752+0100: 2,262: Total time for which application threads were stopped: 0,0003186 seconds, Stopping threads took: 0,0000718 seconds
2017-01-29T19:39:00.787+0100: 2,297: Total time for which application threads were stopped: 0,0003755 seconds, Stopping threads took: 0,0000538 seconds
2017-01-29T19:39:00.818+0100: 2,328: Total time for which application threads were stopped: 0,0003086 seconds, Stopping threads took: 0,0000337 seconds
{Heap before GC invocations=1 (full 0):
 par new generation   total 109248K, used 99429K [0x00000000e0000000, 0x00000000e8000000, 0x00000000e8000000)
  eden space 87424K, 100% used [0x00000000e0000000, 0x00000000e5560000, 0x00000000e5560000)
  from space 21824K,  55% used [0x00000000e6ab0000, 0x00000000e7669520, 0x00000000e8000000)
  to   space 21824K,   0% used [0x00000000e5560000, 0x00000000e5560000, 0x00000000e6ab0000)
 concurrent mark-sweep generation total 393216K, used 0K [0x00000000e8000000, 0x0000000100000000, 0x0000000100000000)
 Metaspace       used 20484K, capacity 20794K, committed 20992K, reserved 1067008K
  class space    used 2369K, capacity 2488K, committed 2560K, reserved 1048576K
2017-01-29T19:39:00.914+0100: 2,424: [GC (Allocation Failure) 2017-01-29T19:39:00.914+0100: 2,424: [ParNew
Desired survivor size 20112992 bytes, new threshold 8 (max 8)
- age   1:    4341992 bytes,    4341992 total
- age   2:    6418496 bytes,   10760488 total
: 99429K->15198K(109248K), 0,0182507 secs] 99429K->15198K(502464K), 0,0183203 secs] [Times: user=0,03 sys=0,01, real=0,02 secs] 
Heap after GC invocations=2 (full 0):
 par new generation   total 109248K, used 15198K [0x00000000e0000000, 0x00000000e8000000, 0x00000000e8000000)
  eden space 87424K,   0% used [0x00000000e0000000, 0x00000000e0000000, 0x00000000e5560000)
  from space 21824K,  69% used [0x00000000e5560000, 0x00000000e64378c0, 0x00000000e6ab0000)
  to   space 21824K,   0% used [0x00000000e6ab0000, 0x00000000e6ab0000, 0x00000000e8000000)
 concurrent mark-sweep generation total 393216K, used 0K [0x00000000e8000000, 0x0000000100000000, 0x0000000100000000)
 Metaspace       used 20484K, capacity 20794K, committed 20992K, reserved 1067008K
  class space    used 2369K, capacity 2488K, committed 2560K, reserved 1048576K
}
2017-01-29T19:39:00.933+0100: 2,443: Total time for which application threads were stopped: 0,0193600 seconds, Stopping threads took: 0,0008775 seconds
2017-01-29T19:39:01.019+0100: 2,528: Total time for which application threads were stopped: 0,0001958 seconds, Stopping threads took: 0,0000486 seconds
2017-01-29T19:39:01.019+0100: 2,529: Total time for which application threads were stopped: 0,0007081 seconds, Stopping threads took: 0,0006348 seconds
2017-01-29T19:39:01.073+0100: 2,583: Total time for which application threads were stopped: 0,0001177 seconds, Stopping threads took: 0,0000226 seconds
2017-01-29T19:39:01.109+0100: 2,619: Total time for which application threads were stopped: 0,0008451 seconds, Stopping threads took: 0,0007248 seconds
{Heap before GC invocations=2 (full 0):
 par new generation   total 109248K, used 102622K [0x00000000e0000000, 0x00000000e8000000, 0x00000000e8000000)
  eden space 87424K, 100% used [0x00000000e0000000, 0x00000000e5560000, 0x00000000e5560000)
  from space 21824K,  69% used [0x00000000e5560000, 0x00000000e64378c0, 0x00000000e6ab0000)
  to   space 21824K,   0% used [0x00000000e6ab0000, 0x00000000e6ab0000, 0x00000000e8000000)
 concurrent mark-sweep generation total 393216K, used 0K [0x00000000e8000000, 0x0000000100000000, 0x0000000100000000)
 Metaspace       used 21771K, capacity 22134K, committed 22216K, reserved 1069056K
  class space    used 2524K, capacity 2653K, committed 2684K, reserved 1048576K
2017-01-29T19:39:01.138+0100: 2,648: [GC (Allocation Failure) 2017-01-29T19:39:01.138+0100: 2,648: [ParNew
Desired survivor size 20112992 bytes, new threshold 8 (max 8)
- age   1:    1753168 bytes,    1753168 total
- age   2:    1547232 bytes,    3300400 total
- age   3:    6414304 bytes,    9714704 total
: 102622K->13140K(109248K), 0,0127010 secs] 102622K->13140K(502464K), 0,0127722 secs] [Times: user=0,05 sys=0,00, real=0,02 secs] 
Heap after GC invocations=3 (full 0):
 par new generation   total 109248K, used 13140K [0x00000000e0000000, 0x00000000e8000000, 0x00000000e8000000)
  eden space 87424K,   0% used [0x00000000e0000000, 0x00000000e0000000, 0x00000000e5560000)
  from space 21824K,  60% used [0x00000000e6ab0000, 0x00000000e7785360, 0x00000000e8000000)
  to   space 21824K,   0% used [0x00000000e5560000, 0x00000000e5560000, 0x00000000e6ab0000)
 concurrent mark-sweep generation total 393216K, used 0K [0x00000000e8000000, 0x0000000100000000, 0x0000000100000000)
 Metaspace       used 21771K, capacity 22134K, committed 22216K, reserved 1069056K
  class space    used 2524K, capacity 2653K, committed 2684K, reserved 1048576K
}
2017-01-29T19:39:01.151+0100: 2,661: Total time for which application threads were stopped: 0,0129758 seconds, Stopping threads took: 0,0000695 seconds
2017-01-29T19:39:01.151+0100: 2,661: [GC (CMS Initial Mark) [1 CMS-initial-mark: 0K(393216K)] 14115K(502464K), 0,0031759 secs] [Times: user=0,01 sys=0,00, real=0,00 secs] 
2017-01-29T19:39:01.154+0100: 2,664: Total time for which application threads were stopped: 0,0033160 seconds, Stopping threads took: 0,0000595 seconds
2017-01-29T19:39:01.154+0100: 2,664: [CMS-concurrent-mark-start]
2017-01-29T19:39:01.155+0100: 2,665: [CMS-concurrent-mark: 0,001/0,001 secs] [Times: user=0,00 sys=0,00, real=0,00 secs] 
2017-01-29T19:39:01.155+0100: 2,665: [CMS-concurrent-preclean-start]
2017-01-29T19:39:01.156+0100: 2,666: [CMS-concurrent-preclean: 0,001/0,001 secs] [Times: user=0,00 sys=0,00, real=0,00 secs] 
2017-01-29T19:39:01.156+0100: 2,666: [CMS-concurrent-abortable-preclean-start]
2017-01-29T19:39:01.196+0100: 2,706: Total time for which application threads were stopped: 0,0001407 seconds, Stopping threads took: 0,0000492 seconds
{Heap before GC invocations=3 (full 1):
 par new generation   total 109248K, used 100564K [0x00000000e0000000, 0x00000000e8000000, 0x00000000e8000000)
  eden space 87424K, 100% used [0x00000000e0000000, 0x00000000e5560000, 0x00000000e5560000)
  from space 21824K,  60% used [0x00000000e6ab0000, 0x00000000e7785360, 0x00000000e8000000)
  to   space 21824K,   0% used [0x00000000e5560000, 0x00000000e5560000, 0x00000000e6ab0000)
 concurrent mark-sweep generation total 393216K, used 0K [0x00000000e8000000, 0x0000000100000000, 0x0000000100000000)
 Metaspace       used 22152K, capacity 22530K, committed 22624K, reserved 1069056K
  class space    used 2576K, capacity 2719K, committed 2760K, reserved 1048576K
2017-01-29T19:39:01.266+0100: 2,776: [GC (Allocation Failure) 2017-01-29T19:39:01.266+0100: 2,776: [ParNew
Desired survivor size 20112992 bytes, new threshold 8 (max 8)
- age   1:     491728 bytes,     491728 total
- age   2:     660160 bytes,    1151888 total
- age   3:    1138568 bytes,    2290456 total
- age   4:    6414232 bytes,    8704688 total
: 100564K->11289K(109248K), 0,0091242 secs] 100564K->11289K(502464K), 0,0091968 secs] [Times: user=0,03 sys=0,00, real=0,01 secs] 
Heap after GC invocations=4 (full 1):
 par new generation   total 109248K, used 11289K [0x00000000e0000000, 0x00000000e8000000, 0x00000000e8000000)
  eden space 87424K,   0% used [0x00000000e0000000, 0x00000000e0000000, 0x00000000e5560000)
  from space 21824K,  51% used [0x00000000e5560000, 0x00000000e6066778, 0x00000000e6ab0000)
  to   space 21824K,   0% used [0x00000000e6ab0000, 0x00000000e6ab0000, 0x00000000e8000000)
 concurrent mark-sweep generation total 393216K, used 0K [0x00000000e8000000, 0x0000000100000000, 0x0000000100000000)
 Metaspace       used 22152K, capacity 22530K, committed 22624K, reserved 1069056K
  class space    used 2576K, capacity 2719K, committed 2760K, reserved 1048576K
}
2017-01-29T19:39:01.276+0100: 2,785: Total time for which application threads were stopped: 0,0096869 seconds, Stopping threads took: 0,0000611 seconds
2017-01-29T19:39:01.276+0100: 2,785: [CMS-concurrent-abortable-preclean: 0,041/0,120 secs] [Times: user=0,44 sys=0,00, real=0,12 secs] 
2017-01-29T19:39:01.276+0100: 2,786: [GC (CMS Final Remark) [YG occupancy: 12111 K (109248 K)]{Heap before GC invocations=4 (full 1):
 par new generation   total 109248K, used 12111K [0x00000000e0000000, 0x00000000e8000000, 0x00000000e8000000)
  eden space 87424K,   0% used [0x00000000e0000000, 0x00000000e00cd650, 0x00000000e5560000)
  from space 21824K,  51% used [0x00000000e5560000, 0x00000000e6066778, 0x00000000e6ab0000)
  to   space 21824K,   0% used [0x00000000e6ab0000, 0x00000000e6ab0000, 0x00000000e8000000)
 concurrent mark-sweep generation total 393216K, used 0K [0x00000000e8000000, 0x0000000100000000, 0x0000000100000000)
 Metaspace       used 22153K, capacity 22530K, committed 22624K, reserved 1069056K
  class space    used 2576K, capacity 2719K, committed 2760K, reserved 1048576K
2017-01-29T19:39:01.276+0100: 2,786: [GC (CMS Final Remark) 2017-01-29T19:39:01.276+0100: 2,786: [ParNew
Desired survivor size 20112992 bytes, new threshold 8 (max 8)
- age   1:      32824 bytes,      32824 total
- age   2:     490184 bytes,     523008 total
- age   3:     660160 bytes,    1183168 total
- age   4:    1138568 bytes,    2321736 total
- age   5:    6414232 bytes,    8735968 total
: 12111K->11105K(109248K), 0,0086869 secs] 12111K->11105K(502464K), 0,0087344 secs] [Times: user=0,03 sys=0,00, real=0,01 secs] 
Heap after GC invocations=5 (full 1):
 par new generation   total 109248K, used 11105K [0x00000000e0000000, 0x00000000e8000000, 0x00000000e8000000)
  eden space 87424K,   0% used [0x00000000e0000000, 0x00000000e0000000, 0x00000000e5560000)
  from space 21824K,  50% used [0x00000000e6ab0000, 0x00000000e75885e0, 0x00000000e8000000)
  to   space 21824K,   0% used [0x00000000e5560000, 0x00000000e5560000, 0x00000000e6ab0000)
 concurrent mark-sweep generation total 393216K, used 0K [0x00000000e8000000, 0x0000000100000000, 0x0000000100000000)
 Metaspace       used 22153K, capacity 22530K, committed 22624K, reserved 1069056K
  class space    used 2576K, capacity 2719K, committed 2760K, reserved 1048576K
}
2017-01-29T19:39:01.285+0100: 2,794: [Rescan (parallel) , 0,0032301 secs]2017-01-29T19:39:01.288+0100: 2,798: [weak refs processing, 0,0012641 secs]2017-01-29T19:39:01.289+0100: 2,799: [class unloading, 0,0029868 secs]2017-01-29T19:39:01.292+0100: 2,802: [scrub symbol table, 0,0028027 secs]2017-01-29T19:39:01.295+0100: 2,805: [scrub string table, 0,0003752 secs][1 CMS-remark: 0K(393216K)] 11105K(502464K), 0,0200419 secs] [Times: user=0,05 sys=0,00, real=0,02 secs] 
2017-01-29T19:39:01.296+0100: 2,806: Total time for which application threads were stopped: 0,0201979 seconds, Stopping threads took: 0,0000815 seconds
2017-01-29T19:39:01.296+0100: 2,806: [CMS-concurrent-sweep-start]
2017-01-29T19:39:01.296+0100: 2,806: [CMS-concurrent-sweep: 0,000/0,000 secs] [Times: user=0,00 sys=0,00, real=0,00 secs] 
2017-01-29T19:39:01.296+0100: 2,806: [CMS-concurrent-reset-start]
2017-01-29T19:39:01.298+0100: 2,808: [CMS-concurrent-reset: 0,002/0,002 secs] [Times: user=0,01 sys=0,00, real=0,00 secs] 
2017-01-29T19:39:01.535+0100: 3,045: Total time for which application threads were stopped: 0,0005749 seconds, Stopping threads took: 0,0000598 seconds
2017-01-29T19:39:01.557+0100: 3,067: Total time for which application threads were stopped: 0,0007711 seconds, Stopping threads took: 0,0003450 seconds
{Heap before GC invocations=5 (full 1):
 par new generation   total 109248K, used 98529K [0x00000000e0000000, 0x00000000e8000000, 0x00000000e8000000)
  eden space 87424K, 100% used [0x00000000e0000000, 0x00000000e5560000, 0x00000000e5560000)
  from space 21824K,  50% used [0x00000000e6ab0000, 0x00000000e75885e0, 0x00000000e8000000)
  to   space 21824K,   0% used [0x00000000e5560000, 0x00000000e5560000, 0x00000000e6ab0000)
 concurrent mark-sweep generation total 393216K, used 0K [0x00000000e8000000, 0x0000000100000000, 0x0000000100000000)
 Metaspace       used 25725K, capacity 26148K, committed 26568K, reserved 1073152K
  class space    used 3019K, capacity 3158K, committed 3272K, reserved 1048576K
2017-01-29T19:39:01.733+0100: 3,243: [GC (Allocation Failure) 2017-01-29T19:39:01.733+0100: 3,243: [ParNew
Desired survivor size 20112992 bytes, new threshold 8 (max 8)
- age   1:    4719984 bytes,    4719984 total
- age   2:         40 bytes,    4720024 total
- age   3:     164456 bytes,    4884480 total
- age   4:     377744 bytes,    5262224 total
- age   5:     848560 bytes,    6110784 total
- age   6:    6408800 bytes,   12519584 total
: 98529K->15084K(109248K), 0,0134064 secs] 98529K->15084K(502464K), 0,0134816 secs] [Times: user=0,04 sys=0,00, real=0,01 secs] 
Heap after GC invocations=6 (full 1):
 par new generation   total 109248K, used 15084K [0x00000000e0000000, 0x00000000e8000000, 0x00000000e8000000)
  eden space 87424K,   0% used [0x00000000e0000000, 0x00000000e0000000, 0x00000000e5560000)
  from space 21824K,  69% used [0x00000000e5560000, 0x00000000e641b080, 0x00000000e6ab0000)
  to   space 21824K,   0% used [0x00000000e6ab0000, 0x00000000e6ab0000, 0x00000000e8000000)
 concurrent mark-sweep generation total 393216K, used 0K [0x00000000e8000000, 0x0000000100000000, 0x0000000100000000)
 Metaspace       used 25725K, capacity 26148K, committed 26568K, reserved 1073152K
  class space    used 3019K, capacity 3158K, committed 3272K, reserved 1048576K
}
2017-01-29T19:39:01.747+0100: 3,257: Total time for which application threads were stopped: 0,0136770 seconds, Stopping threads took: 0,0000358 seconds
2017-01-29T19:39:01.958+0100: 3,468: Total time for which application threads were stopped: 0,0003881 seconds, Stopping threads took: 0,0000190 seconds
2017-01-29T19:39:02.542+0100: 4,052: Total time for which application threads were stopped: 0,0003756 seconds, Stopping threads took: 0,0000195 seconds
2017-01-29T19:39:30.545+0100: 32,055: Total time for which application threads were stopped: 0,0000716 seconds, Stopping threads took: 0,0000195 seconds
2017-01-29T19:41:30.560+0100: 152,070: Total time for which application threads were stopped: 0,0002231 seconds, Stopping threads took: 0,0000845 seconds
2017-01-29T19:41:35.561+0100: 157,070: Total time for which application threads were stopped: 0,0001082 seconds, Stopping threads took: 0,0000435 seconds
2017-01-29T19:41:59.563+0100: 181,073: Total time for which application threads were stopped: 0,0000605 seconds, Stopping threads took: 0,0000147 seconds
2017-01-29T19:43:34.572+0100: 276,082: Total time for which application threads were stopped: 0,0000915 seconds, Stopping threads took: 0,0000373 seconds
2017-01-29T19:49:45.600+0100: 647,110: Total time for which application threads were stopped: 0,0000769 seconds, Stopping threads took: 0,0000293 seconds
2017-01-29T19:55:05.625+0100: 967,135: Total time for which application threads were stopped: 0,0000829 seconds, Stopping threads took: 0,0000350 seconds
2017-01-29T20:02:34.655+0100: 1416,165: Total time for which application threads were stopped: 0,0003130 seconds, Stopping threads took: 0,0001345 seconds
2017-01-29T20:07:24.676+0100: 1706,186: Total time for which application threads were stopped: 0,0000838 seconds, Stopping threads took: 0,0000340 seconds
2017-01-29T20:17:34.715+0100: 2316,225: Total time for which application threads were stopped: 0,0000882 seconds, Stopping threads took: 0,0000341 seconds
2017-01-29T20:17:35.715+0100: 2317,225: Total time for which application threads were stopped: 0,0000677 seconds, Stopping threads took: 0,0000178 seconds
2017-01-29T20:32:15.795+0100: 3197,305: Total time for which application threads were stopped: 0,0000842 seconds, Stopping threads took: 0,0000348 seconds
2017-01-29T20:36:29.821+0100: 3451,331: Total time for which application threads were stopped: 0,0000813 seconds, Stopping threads took: 0,0000283 seconds
2017-01-29T20:39:29.840+0100: 3631,350: Total time for which application threads were stopped: 0,0001885 seconds, Stopping threads took: 0,0000667 seconds
2017-01-29T20:42:59.861+0100: 3841,371: Total time for which application threads were stopped: 0,0000805 seconds, Stopping threads took: 0,0000289 seconds
2017-01-29T20:43:49.866+0100: 3891,375: Total time for which application threads were stopped: 0,0003688 seconds, Stopping threads took: 0,0001265 seconds
2017-01-29T20:43:59.867+0100: 3901,377: Total time for which application threads were stopped: 0,0000622 seconds, Stopping threads took: 0,0000146 seconds
2017-01-29T20:45:59.879+0100: 4021,389: Total time for which application threads were stopped: 0,0001002 seconds, Stopping threads took: 0,0000405 seconds
2017-01-29T21:09:06.017+0100: 5407,527: Total time for which application threads were stopped: 0,0001019 seconds, Stopping threads took: 0,0000429 seconds
2017-01-29T21:13:31.044+0100: 5672,553: Total time for which application threads were stopped: 0,0000797 seconds, Stopping threads took: 0,0000325 seconds
2017-01-29T21:27:16.126+0100: 6497,636: Total time for which application threads were stopped: 0,0000976 seconds, Stopping threads took: 0,0000416 seconds
2017-01-29T21:43:00.222+0100: 7441,732: Total time for which application threads were stopped: 0,0003534 seconds, Stopping threads took: 0,0001493 seconds
2017-01-29T21:44:00.228+0100: 7501,738: Total time for which application threads were stopped: 0,0000886 seconds, Stopping threads took: 0,0000356 seconds
2017-01-29T21:47:00.247+0100: 7681,756: Total time for which application threads were stopped: 0,0000908 seconds, Stopping threads took: 0,0000336 seconds
2017-01-29T21:47:30.250+0100: 7711,760: Total time for which application threads were stopped: 0,0000979 seconds, Stopping threads took: 0,0000361 seconds
2017-01-29T22:16:06.347+0100: 9427,857: Total time for which application threads were stopped: 0,0031742 seconds, Stopping threads took: 0,0030165 seconds
Heap
 par new generation   total 109248K, used 80296K [0x00000000e0000000, 0x00000000e8000000, 0x00000000e8000000)
  eden space 87424K,  74% used [0x00000000e0000000, 0x00000000e3faf118, 0x00000000e5560000)
  from space 21824K,  69% used [0x00000000e5560000, 0x00000000e641b080, 0x00000000e6ab0000)
  to   space 21824K,   0% used [0x00000000e6ab0000, 0x00000000e6ab0000, 0x00000000e8000000)
 concurrent mark-sweep generation total 393216K, used 0K [0x00000000e8000000, 0x0000000100000000, 0x0000000100000000)
 Metaspace       used 28859K, capacity 29274K, committed 29640K, reserved 1075200K
  class space    used 3338K, capacity 3491K, committed 3528K, reserved 1048576K
