OpenJDK 64-Bit Server VM (25.131-b11) for linux-amd64 JRE (1.8.0_131-8u131-b11-0ubuntu1.16.04.2-b11), built on May  6 2017 02:45:27 by "buildd" with gcc 5.4.0 20160609
Memory: 4k page, physical 7867740k(7416460k free), swap 8076284k(8076284k free)
CommandLine flags: -XX:CMSInitiatingOccupancyFraction=50 -XX:CMSMaxAbortablePrecleanTime=6000 -XX:+CMSParallelRemarkEnabled -XX:+CMSScavengeBeforeRemark -XX:ConcGCThreads=4 -XX:InitialHeapSize=536870912 -XX:MaxHeapSize=536870912 -XX:MaxTenuringThreshold=8 -XX:NewRatio=3 -XX:OldPLABSize=16 -XX:OnOutOfMemoryError=/opt/solr/bin/oom_solr.sh 8983 /var/solr/logs -XX:ParallelGCThreads=4 -XX:+ParallelRefProcEnabled -XX:PretenureSizeThreshold=67108864 -XX:+PrintGC -XX:+PrintGCApplicationStoppedTime -XX:+PrintGCDateStamps -XX:+PrintGCDetails -XX:+PrintGCTimeStamps -XX:+PrintHeapAtGC -XX:+PrintTenuringDistribution -XX:SurvivorRatio=4 -XX:TargetSurvivorRatio=90 -XX:ThreadStackSize=256 -XX:+UseCMSInitiatingOccupancyOnly -XX:+UseCompressedClassPointers -XX:+UseCompressedOops -XX:+UseConcMarkSweepGC -XX:+UseParNewGC 
2017-06-26T07:53:57.815+0200: 0,147: Total time for which application threads were stopped: 0,0000751 seconds, Stopping threads took: 0,0000135 seconds
2017-06-26T07:53:57.892+0200: 0,225: Total time for which application threads were stopped: 0,0001052 seconds, Stopping threads took: 0,0000212 seconds
2017-06-26T07:53:57.909+0200: 0,242: Total time for which application threads were stopped: 0,0000714 seconds, Stopping threads took: 0,0000082 seconds
2017-06-26T07:53:58.101+0200: 0,434: Total time for which application threads were stopped: 0,0001623 seconds, Stopping threads took: 0,0000257 seconds
2017-06-26T07:53:58.460+0200: 0,793: Total time for which application threads were stopped: 0,0001850 seconds, Stopping threads took: 0,0000137 seconds
2017-06-26T07:53:58.592+0200: 0,924: Total time for which application threads were stopped: 0,0002603 seconds, Stopping threads took: 0,0000435 seconds
2017-06-26T07:53:58.675+0200: 1,008: Total time for which application threads were stopped: 0,0001853 seconds, Stopping threads took: 0,0000342 seconds
2017-06-26T07:53:59.109+0200: 1,441: Total time for which application threads were stopped: 0,0001757 seconds, Stopping threads took: 0,0000187 seconds
2017-06-26T07:53:59.337+0200: 1,669: Total time for which application threads were stopped: 0,0015283 seconds, Stopping threads took: 0,0000251 seconds
2017-06-26T07:53:59.364+0200: 1,697: Total time for which application threads were stopped: 0,0001685 seconds, Stopping threads took: 0,0000149 seconds
2017-06-26T07:53:59.398+0200: 1,730: Total time for which application threads were stopped: 0,0002273 seconds, Stopping threads took: 0,0000191 seconds
2017-06-26T07:53:59.399+0200: 1,732: Total time for which application threads were stopped: 0,0001793 seconds, Stopping threads took: 0,0000136 seconds
2017-06-26T07:53:59.416+0200: 1,749: Total time for which application threads were stopped: 0,0002208 seconds, Stopping threads took: 0,0000262 seconds
2017-06-26T07:53:59.518+0200: 1,851: Total time for which application threads were stopped: 0,0002913 seconds, Stopping threads took: 0,0000257 seconds
2017-06-26T07:53:59.720+0200: 2,052: Total time for which application threads were stopped: 0,0002601 seconds, Stopping threads took: 0,0000329 seconds
{Heap before GC invocations=0 (full 0):
 par new generation   total 109248K, used 87424K [0x00000000e0000000, 0x00000000e8000000, 0x00000000e8000000)
  eden space 87424K, 100% used [0x00000000e0000000, 0x00000000e5560000, 0x00000000e5560000)
  from space 21824K,   0% used [0x00000000e5560000, 0x00000000e5560000, 0x00000000e6ab0000)
  to   space 21824K,   0% used [0x00000000e6ab0000, 0x00000000e6ab0000, 0x00000000e8000000)
 concurrent mark-sweep generation total 393216K, used 0K [0x00000000e8000000, 0x0000000100000000, 0x0000000100000000)
 Metaspace       used 18186K, capacity 18464K, committed 18688K, reserved 1064960K
  class space    used 2058K, capacity 2196K, committed 2304K, reserved 1048576K
2017-06-26T07:53:59.812+0200: 2,145: [GC (Allocation Failure) 2017-06-26T07:53:59.813+0200: 2,145: [ParNew
Desired survivor size 20112992 bytes, new threshold 8 (max 8)
- age   1:   12812688 bytes,   12812688 total
: 87424K->12629K(109248K), 0,0200340 secs] 87424K->12629K(502464K), 0,0201385 secs] [Times: user=0,05 sys=0,01, real=0,02 secs] 
Heap after GC invocations=1 (full 0):
 par new generation   total 109248K, used 12629K [0x00000000e0000000, 0x00000000e8000000, 0x00000000e8000000)
  eden space 87424K,   0% used [0x00000000e0000000, 0x00000000e0000000, 0x00000000e5560000)
  from space 21824K,  57% used [0x00000000e6ab0000, 0x00000000e7705788, 0x00000000e8000000)
  to   space 21824K,   0% used [0x00000000e5560000, 0x00000000e5560000, 0x00000000e6ab0000)
 concurrent mark-sweep generation total 393216K, used 0K [0x00000000e8000000, 0x0000000100000000, 0x0000000100000000)
 Metaspace       used 18186K, capacity 18464K, committed 18688K, reserved 1064960K
  class space    used 2058K, capacity 2196K, committed 2304K, reserved 1048576K
}
2017-06-26T07:53:59.833+0200: 2,165: Total time for which application threads were stopped: 0,0206756 seconds, Stopping threads took: 0,0002778 seconds
2017-06-26T07:54:00.131+0200: 2,463: Total time for which application threads were stopped: 0,0004030 seconds, Stopping threads took: 0,0000507 seconds
{Heap before GC invocations=1 (full 0):
 par new generation   total 109248K, used 100053K [0x00000000e0000000, 0x00000000e8000000, 0x00000000e8000000)
  eden space 87424K, 100% used [0x00000000e0000000, 0x00000000e5560000, 0x00000000e5560000)
  from space 21824K,  57% used [0x00000000e6ab0000, 0x00000000e7705788, 0x00000000e8000000)
  to   space 21824K,   0% used [0x00000000e5560000, 0x00000000e5560000, 0x00000000e6ab0000)
 concurrent mark-sweep generation total 393216K, used 0K [0x00000000e8000000, 0x0000000100000000, 0x0000000100000000)
 Metaspace       used 20035K, capacity 20374K, committed 20736K, reserved 1067008K
  class space    used 2296K, capacity 2473K, committed 2560K, reserved 1048576K
2017-06-26T07:54:00.186+0200: 2,518: [GC (Allocation Failure) 2017-06-26T07:54:00.186+0200: 2,518: [ParNew
Desired survivor size 20112992 bytes, new threshold 8 (max 8)
- age   1:    3458640 bytes,    3458640 total
- age   2:    6692568 bytes,   10151208 total
: 100053K->15908K(109248K), 0,0208719 secs] 100053K->15908K(502464K), 0,0209639 secs] [Times: user=0,07 sys=0,00, real=0,02 secs] 
Heap after GC invocations=2 (full 0):
 par new generation   total 109248K, used 15908K [0x00000000e0000000, 0x00000000e8000000, 0x00000000e8000000)
  eden space 87424K,   0% used [0x00000000e0000000, 0x00000000e0000000, 0x00000000e5560000)
  from space 21824K,  72% used [0x00000000e5560000, 0x00000000e64e92c0, 0x00000000e6ab0000)
  to   space 21824K,   0% used [0x00000000e6ab0000, 0x00000000e6ab0000, 0x00000000e8000000)
 concurrent mark-sweep generation total 393216K, used 0K [0x00000000e8000000, 0x0000000100000000, 0x0000000100000000)
 Metaspace       used 20035K, capacity 20374K, committed 20736K, reserved 1067008K
  class space    used 2296K, capacity 2473K, committed 2560K, reserved 1048576K
}
2017-06-26T07:54:00.207+0200: 2,539: Total time for which application threads were stopped: 0,0211939 seconds, Stopping threads took: 0,0000431 seconds
2017-06-26T07:54:00.212+0200: 2,544: Total time for which application threads were stopped: 0,0003266 seconds, Stopping threads took: 0,0000261 seconds
2017-06-26T07:54:00.235+0200: 2,568: Total time for which application threads were stopped: 0,0003579 seconds, Stopping threads took: 0,0000861 seconds
2017-06-26T07:54:00.377+0200: 2,709: Total time for which application threads were stopped: 0,0002345 seconds, Stopping threads took: 0,0000476 seconds
{Heap before GC invocations=2 (full 0):
 par new generation   total 109248K, used 103304K [0x00000000e0000000, 0x00000000e8000000, 0x00000000e8000000)
  eden space 87424K,  99% used [0x00000000e0000000, 0x00000000e55590b8, 0x00000000e5560000)
  from space 21824K,  72% used [0x00000000e5560000, 0x00000000e64e92c0, 0x00000000e6ab0000)
  to   space 21824K,   0% used [0x00000000e6ab0000, 0x00000000e6ab0000, 0x00000000e8000000)
 concurrent mark-sweep generation total 393216K, used 0K [0x00000000e8000000, 0x0000000100000000, 0x0000000100000000)
 Metaspace       used 20962K, capacity 21296K, committed 21552K, reserved 1069056K
  class space    used 2418K, capacity 2592K, committed 2608K, reserved 1048576K
2017-06-26T07:54:00.410+0200: 2,743: [GC (Allocation Failure) 2017-06-26T07:54:00.410+0200: 2,743: [ParNew
Desired survivor size 20112992 bytes, new threshold 8 (max 8)
- age   1:    2122472 bytes,    2122472 total
- age   2:     838888 bytes,    2961360 total
- age   3:    6686856 bytes,    9648216 total
: 103304K->12283K(109248K), 0,0181962 secs] 103304K->12283K(502464K), 0,0182831 secs] [Times: user=0,06 sys=0,00, real=0,01 secs] 
Heap after GC invocations=3 (full 0):
 par new generation   total 109248K, used 12283K [0x00000000e0000000, 0x00000000e8000000, 0x00000000e8000000)
  eden space 87424K,   0% used [0x00000000e0000000, 0x00000000e0000000, 0x00000000e5560000)
  from space 21824K,  56% used [0x00000000e6ab0000, 0x00000000e76aeff8, 0x00000000e8000000)
  to   space 21824K,   0% used [0x00000000e5560000, 0x00000000e5560000, 0x00000000e6ab0000)
 concurrent mark-sweep generation total 393216K, used 0K [0x00000000e8000000, 0x0000000100000000, 0x0000000100000000)
 Metaspace       used 20962K, capacity 21296K, committed 21552K, reserved 1069056K
  class space    used 2418K, capacity 2592K, committed 2608K, reserved 1048576K
}
2017-06-26T07:54:00.428+0200: 2,761: Total time for which application threads were stopped: 0,0249136 seconds, Stopping threads took: 0,0064868 seconds
2017-06-26T07:54:00.431+0200: 2,763: [GC (CMS Initial Mark) [1 CMS-initial-mark: 0K(393216K)] 14376K(502464K), 0,0039910 secs] [Times: user=0,01 sys=0,00, real=0,00 secs] 
2017-06-26T07:54:00.435+0200: 2,767: Total time for which application threads were stopped: 0,0041644 seconds, Stopping threads took: 0,0000547 seconds
2017-06-26T07:54:00.435+0200: 2,767: [CMS-concurrent-mark-start]
2017-06-26T07:54:00.442+0200: 2,775: [CMS-concurrent-mark: 0,007/0,007 secs] [Times: user=0,03 sys=0,00, real=0,01 secs] 
2017-06-26T07:54:00.442+0200: 2,775: [CMS-concurrent-preclean-start]
2017-06-26T07:54:00.443+0200: 2,776: [CMS-concurrent-preclean: 0,001/0,001 secs] [Times: user=0,01 sys=0,00, real=0,00 secs] 
2017-06-26T07:54:00.443+0200: 2,776: [CMS-concurrent-abortable-preclean-start]
{Heap before GC invocations=3 (full 1):
 par new generation   total 109248K, used 99707K [0x00000000e0000000, 0x00000000e8000000, 0x00000000e8000000)
  eden space 87424K, 100% used [0x00000000e0000000, 0x00000000e5560000, 0x00000000e5560000)
  from space 21824K,  56% used [0x00000000e6ab0000, 0x00000000e76aeff8, 0x00000000e8000000)
  to   space 21824K,   0% used [0x00000000e5560000, 0x00000000e5560000, 0x00000000e6ab0000)
 concurrent mark-sweep generation total 393216K, used 0K [0x00000000e8000000, 0x0000000100000000, 0x0000000100000000)
 Metaspace       used 21234K, capacity 21572K, committed 21628K, reserved 1069056K
  class space    used 2448K, capacity 2607K, committed 2608K, reserved 1048576K
2017-06-26T07:54:00.543+0200: 2,875: [GC (Allocation Failure) 2017-06-26T07:54:00.543+0200: 2,875: [ParNew
Desired survivor size 20112992 bytes, new threshold 8 (max 8)
- age   1:     752352 bytes,     752352 total
- age   2:    1447752 bytes,    2200104 total
- age   3:     815224 bytes,    3015328 total
- age   4:    6687576 bytes,    9702904 total
: 99707K->11625K(109248K), 0,0097425 secs] 99707K->11625K(502464K), 0,0098149 secs] [Times: user=0,03 sys=0,00, real=0,01 secs] 
Heap after GC invocations=4 (full 1):
 par new generation   total 109248K, used 11625K [0x00000000e0000000, 0x00000000e8000000, 0x00000000e8000000)
  eden space 87424K,   0% used [0x00000000e0000000, 0x00000000e0000000, 0x00000000e5560000)
  from space 21824K,  53% used [0x00000000e5560000, 0x00000000e60ba400, 0x00000000e6ab0000)
  to   space 21824K,   0% used [0x00000000e6ab0000, 0x00000000e6ab0000, 0x00000000e8000000)
 concurrent mark-sweep generation total 393216K, used 0K [0x00000000e8000000, 0x0000000100000000, 0x0000000100000000)
 Metaspace       used 21234K, capacity 21572K, committed 21628K, reserved 1069056K
  class space    used 2448K, capacity 2607K, committed 2608K, reserved 1048576K
}
2017-06-26T07:54:00.553+0200: 2,885: Total time for which application threads were stopped: 0,0100529 seconds, Stopping threads took: 0,0000835 seconds
2017-06-26T07:54:00.553+0200: 2,885: [CMS-concurrent-abortable-preclean: 0,076/0,109 secs] [Times: user=0,41 sys=0,00, real=0,11 secs] 
2017-06-26T07:54:00.554+0200: 2,887: [GC (CMS Final Remark) [YG occupancy: 13641 K (109248 K)]{Heap before GC invocations=4 (full 1):
 par new generation   total 109248K, used 13641K [0x00000000e0000000, 0x00000000e8000000, 0x00000000e8000000)
  eden space 87424K,   2% used [0x00000000e0000000, 0x00000000e01f8340, 0x00000000e5560000)
  from space 21824K,  53% used [0x00000000e5560000, 0x00000000e60ba400, 0x00000000e6ab0000)
  to   space 21824K,   0% used [0x00000000e6ab0000, 0x00000000e6ab0000, 0x00000000e8000000)
 concurrent mark-sweep generation total 393216K, used 0K [0x00000000e8000000, 0x0000000100000000, 0x0000000100000000)
 Metaspace       used 21234K, capacity 21572K, committed 21628K, reserved 1069056K
  class space    used 2448K, capacity 2607K, committed 2608K, reserved 1048576K
2017-06-26T07:54:00.554+0200: 2,887: [GC (CMS Final Remark) 2017-06-26T07:54:00.554+0200: 2,887: [ParNew
Desired survivor size 20112992 bytes, new threshold 8 (max 8)
- age   1:      96312 bytes,      96312 total
- age   2:     546792 bytes,     643104 total
- age   3:    1442520 bytes,    2085624 total
- age   4:     815224 bytes,    2900848 total
- age   5:    6687016 bytes,    9587864 total
: 13641K->16537K(109248K), 0,0094464 secs] 13641K->16537K(502464K), 0,0094874 secs] [Times: user=0,03 sys=0,01, real=0,01 secs] 
Heap after GC invocations=5 (full 1):
 par new generation   total 109248K, used 16537K [0x00000000e0000000, 0x00000000e8000000, 0x00000000e8000000)
  eden space 87424K,   0% used [0x00000000e0000000, 0x00000000e0000000, 0x00000000e5560000)
  from space 21824K,  75% used [0x00000000e6ab0000, 0x00000000e7ad6500, 0x00000000e8000000)
  to   space 21824K,   0% used [0x00000000e5560000, 0x00000000e5560000, 0x00000000e6ab0000)
 concurrent mark-sweep generation total 393216K, used 0K [0x00000000e8000000, 0x0000000100000000, 0x0000000100000000)
 Metaspace       used 21234K, capacity 21572K, committed 21628K, reserved 1069056K
  class space    used 2448K, capacity 2607K, committed 2608K, reserved 1048576K
}
2017-06-26T07:54:00.564+0200: 2,896: [Rescan (parallel) , 0,0033622 secs]2017-06-26T07:54:00.567+0200: 2,900: [weak refs processing, 0,0006328 secs]2017-06-26T07:54:00.568+0200: 2,900: [class unloading, 0,0029084 secs]2017-06-26T07:54:00.571+0200: 2,903: [scrub symbol table, 0,0025453 secs]2017-06-26T07:54:00.573+0200: 2,906: [scrub string table, 0,0003766 secs][1 CMS-remark: 0K(393216K)] 16537K(502464K), 0,0199584 secs] [Times: user=0,06 sys=0,01, real=0,02 secs] 
2017-06-26T07:54:00.574+0200: 2,907: Total time for which application threads were stopped: 0,0212591 seconds, Stopping threads took: 0,0012220 seconds
2017-06-26T07:54:00.574+0200: 2,907: [CMS-concurrent-sweep-start]
2017-06-26T07:54:00.574+0200: 2,907: [CMS-concurrent-sweep: 0,000/0,000 secs] [Times: user=0,00 sys=0,00, real=0,00 secs] 
2017-06-26T07:54:00.574+0200: 2,907: [CMS-concurrent-reset-start]
2017-06-26T07:54:00.576+0200: 2,909: [CMS-concurrent-reset: 0,002/0,002 secs] [Times: user=0,01 sys=0,00, real=0,00 secs] 
{Heap before GC invocations=5 (full 1):
 par new generation   total 109248K, used 103961K [0x00000000e0000000, 0x00000000e8000000, 0x00000000e8000000)
  eden space 87424K, 100% used [0x00000000e0000000, 0x00000000e5560000, 0x00000000e5560000)
  from space 21824K,  75% used [0x00000000e6ab0000, 0x00000000e7ad6500, 0x00000000e8000000)
  to   space 21824K,   0% used [0x00000000e5560000, 0x00000000e5560000, 0x00000000e6ab0000)
 concurrent mark-sweep generation total 393216K, used 0K [0x00000000e8000000, 0x0000000100000000, 0x0000000100000000)
 Metaspace       used 21444K, capacity 21872K, committed 22012K, reserved 1069056K
  class space    used 2475K, capacity 2641K, committed 2736K, reserved 1048576K
2017-06-26T07:54:00.671+0200: 3,004: [GC (Allocation Failure) 2017-06-26T07:54:00.672+0200: 3,004: [ParNew
Desired survivor size 20112992 bytes, new threshold 8 (max 8)
- age   1:     564904 bytes,     564904 total
- age   3:     193152 bytes,     758056 total
- age   4:    1441280 bytes,    2199336 total
- age   5:     813208 bytes,    3012544 total
- age   6:    6687112 bytes,    9699656 total
: 103961K->11019K(109248K), 0,0098906 secs] 103961K->11019K(502464K), 0,0099560 secs] [Times: user=0,04 sys=0,00, real=0,00 secs] 
Heap after GC invocations=6 (full 1):
 par new generation   total 109248K, used 11019K [0x00000000e0000000, 0x00000000e8000000, 0x00000000e8000000)
  eden space 87424K,   0% used [0x00000000e0000000, 0x00000000e0000000, 0x00000000e5560000)
  from space 21824K,  50% used [0x00000000e5560000, 0x00000000e6022f10, 0x00000000e6ab0000)
  to   space 21824K,   0% used [0x00000000e6ab0000, 0x00000000e6ab0000, 0x00000000e8000000)
 concurrent mark-sweep generation total 393216K, used 0K [0x00000000e8000000, 0x0000000100000000, 0x0000000100000000)
 Metaspace       used 21444K, capacity 21872K, committed 22012K, reserved 1069056K
  class space    used 2475K, capacity 2641K, committed 2736K, reserved 1048576K
}
2017-06-26T07:54:00.681+0200: 3,014: Total time for which application threads were stopped: 0,0102085 seconds, Stopping threads took: 0,0001000 seconds
2017-06-26T07:54:00.706+0200: 3,038: Total time for which application threads were stopped: 0,0004256 seconds, Stopping threads took: 0,0000443 seconds
2017-06-26T07:54:00.949+0200: 3,282: Total time for which application threads were stopped: 0,0004694 seconds, Stopping threads took: 0,0000406 seconds
2017-06-26T07:54:00.985+0200: 3,317: Total time for which application threads were stopped: 0,0003710 seconds, Stopping threads took: 0,0000209 seconds
2017-06-26T07:54:01.001+0200: 3,334: Total time for which application threads were stopped: 0,0004806 seconds, Stopping threads took: 0,0000658 seconds
{Heap before GC invocations=6 (full 1):
 par new generation   total 109248K, used 98443K [0x00000000e0000000, 0x00000000e8000000, 0x00000000e8000000)
  eden space 87424K, 100% used [0x00000000e0000000, 0x00000000e5560000, 0x00000000e5560000)
  from space 21824K,  50% used [0x00000000e5560000, 0x00000000e6022f10, 0x00000000e6ab0000)
  to   space 21824K,   0% used [0x00000000e6ab0000, 0x00000000e6ab0000, 0x00000000e8000000)
 concurrent mark-sweep generation total 393216K, used 0K [0x00000000e8000000, 0x0000000100000000, 0x0000000100000000)
 Metaspace       used 23752K, capacity 24252K, committed 24496K, reserved 1071104K
  class space    used 2793K, capacity 2985K, committed 2992K, reserved 1048576K
2017-06-26T07:54:01.165+0200: 3,497: [GC (Allocation Failure) 2017-06-26T07:54:01.165+0200: 3,497: [ParNew
Desired survivor size 20112992 bytes, new threshold 8 (max 8)
- age   1:    4902016 bytes,    4902016 total
- age   2:     160896 bytes,    5062912 total
- age   4:     192256 bytes,    5255168 total
- age   5:     272256 bytes,    5527424 total
- age   6:     788936 bytes,    6316360 total
- age   7:    6678520 bytes,   12994880 total
: 98443K->16412K(109248K), 0,0136003 secs] 98443K->16412K(502464K), 0,0136884 secs] [Times: user=0,04 sys=0,01, real=0,01 secs] 
Heap after GC invocations=7 (full 1):
 par new generation   total 109248K, used 16412K [0x00000000e0000000, 0x00000000e8000000, 0x00000000e8000000)
  eden space 87424K,   0% used [0x00000000e0000000, 0x00000000e0000000, 0x00000000e5560000)
  from space 21824K,  75% used [0x00000000e6ab0000, 0x00000000e7ab7040, 0x00000000e8000000)
  to   space 21824K,   0% used [0x00000000e5560000, 0x00000000e5560000, 0x00000000e6ab0000)
 concurrent mark-sweep generation total 393216K, used 0K [0x00000000e8000000, 0x0000000100000000, 0x0000000100000000)
 Metaspace       used 23752K, capacity 24252K, committed 24496K, reserved 1071104K
  class space    used 2793K, capacity 2985K, committed 2992K, reserved 1048576K
}
2017-06-26T07:54:01.178+0200: 3,511: Total time for which application threads were stopped: 0,0140202 seconds, Stopping threads took: 0,0000595 seconds
{Heap before GC invocations=7 (full 1):
 par new generation   total 109248K, used 103836K [0x00000000e0000000, 0x00000000e8000000, 0x00000000e8000000)
  eden space 87424K, 100% used [0x00000000e0000000, 0x00000000e5560000, 0x00000000e5560000)
  from space 21824K,  75% used [0x00000000e6ab0000, 0x00000000e7ab7040, 0x00000000e8000000)
  to   space 21824K,   0% used [0x00000000e5560000, 0x00000000e5560000, 0x00000000e6ab0000)
 concurrent mark-sweep generation total 393216K, used 0K [0x00000000e8000000, 0x0000000100000000, 0x0000000100000000)
 Metaspace       used 24432K, capacity 24892K, committed 25136K, reserved 1071104K
  class space    used 2863K, capacity 3049K, committed 3120K, reserved 1048576K
2017-06-26T07:54:01.266+0200: 3,599: [GC (Allocation Failure) 2017-06-26T07:54:01.266+0200: 3,599: [ParNew
Desired survivor size 20112992 bytes, new threshold 8 (max 8)
- age   1:    2248520 bytes,    2248520 total
- age   2:    1747536 bytes,    3996056 total
- age   3:      90864 bytes,    4086920 total
- age   5:     104744 bytes,    4191664 total
- age   6:     184456 bytes,    4376120 total
- age   7:     738600 bytes,    5114720 total
- age   8:    6145616 bytes,   11260336 total
: 103836K->15323K(109248K), 0,0207187 secs] 103836K->15323K(502464K), 0,0208140 secs] [Times: user=0,07 sys=0,00, real=0,02 secs] 
Heap after GC invocations=8 (full 1):
 par new generation   total 109248K, used 15323K [0x00000000e0000000, 0x00000000e8000000, 0x00000000e8000000)
  eden space 87424K,   0% used [0x00000000e0000000, 0x00000000e0000000, 0x00000000e5560000)
  from space 21824K,  70% used [0x00000000e5560000, 0x00000000e6456d60, 0x00000000e6ab0000)
  to   space 21824K,   0% used [0x00000000e6ab0000, 0x00000000e6ab0000, 0x00000000e8000000)
 concurrent mark-sweep generation total 393216K, used 0K [0x00000000e8000000, 0x0000000100000000, 0x0000000100000000)
 Metaspace       used 24432K, capacity 24892K, committed 25136K, reserved 1071104K
  class space    used 2863K, capacity 3049K, committed 3120K, reserved 1048576K
}
2017-06-26T07:54:01.287+0200: 3,620: Total time for which application threads were stopped: 0,0240257 seconds, Stopping threads took: 0,0030266 seconds
{Heap before GC invocations=8 (full 1):
 par new generation   total 109248K, used 102747K [0x00000000e0000000, 0x00000000e8000000, 0x00000000e8000000)
  eden space 87424K, 100% used [0x00000000e0000000, 0x00000000e5560000, 0x00000000e5560000)
  from space 21824K,  70% used [0x00000000e5560000, 0x00000000e6456d60, 0x00000000e6ab0000)
  to   space 21824K,   0% used [0x00000000e6ab0000, 0x00000000e6ab0000, 0x00000000e8000000)
 concurrent mark-sweep generation total 393216K, used 0K [0x00000000e8000000, 0x0000000100000000, 0x0000000100000000)
 Metaspace       used 25003K, capacity 25468K, committed 25648K, reserved 1071104K
  class space    used 2911K, capacity 3087K, committed 3120K, reserved 1048576K
2017-06-26T07:54:01.396+0200: 3,728: [GC (Allocation Failure) 2017-06-26T07:54:01.396+0200: 3,728: [ParNew
Desired survivor size 20112992 bytes, new threshold 8 (max 8)
- age   1:     835112 bytes,     835112 total
- age   2:    1001816 bytes,    1836928 total
- age   3:    1724472 bytes,    3561400 total
- age   4:      88416 bytes,    3649816 total
- age   6:     104376 bytes,    3754192 total
- age   7:     181128 bytes,    3935320 total
- age   8:     737000 bytes,    4672320 total
: 102747K->7282K(109248K), 0,0701288 secs] 102747K->13365K(502464K), 0,0702299 secs] [Times: user=0,15 sys=0,00, real=0,07 secs] 
Heap after GC invocations=9 (full 1):
 par new generation   total 109248K, used 7282K [0x00000000e0000000, 0x00000000e8000000, 0x00000000e8000000)
  eden space 87424K,   0% used [0x00000000e0000000, 0x00000000e0000000, 0x00000000e5560000)
  from space 21824K,  33% used [0x00000000e6ab0000, 0x00000000e71ccb40, 0x00000000e8000000)
  to   space 21824K,   0% used [0x00000000e5560000, 0x00000000e5560000, 0x00000000e6ab0000)
 concurrent mark-sweep generation total 393216K, used 6082K [0x00000000e8000000, 0x0000000100000000, 0x0000000100000000)
 Metaspace       used 25003K, capacity 25468K, committed 25648K, reserved 1071104K
  class space    used 2911K, capacity 3087K, committed 3120K, reserved 1048576K
}
2017-06-26T07:54:01.466+0200: 3,799: Total time for which application threads were stopped: 0,0704593 seconds, Stopping threads took: 0,0000687 seconds
2017-06-26T07:54:01.689+0200: 4,021: Total time for which application threads were stopped: 0,0004452 seconds, Stopping threads took: 0,0000206 seconds
2017-06-26T07:54:01.700+0200: 4,032: Total time for which application threads were stopped: 0,0003899 seconds, Stopping threads took: 0,0000275 seconds
2017-06-26T07:54:01.734+0200: 4,066: Total time for which application threads were stopped: 0,0003094 seconds, Stopping threads took: 0,0000190 seconds
2017-06-26T07:54:01.735+0200: 4,067: Total time for which application threads were stopped: 0,0000970 seconds, Stopping threads took: 0,0000259 seconds
2017-06-26T07:54:01.735+0200: 4,068: Total time for which application threads were stopped: 0,0000782 seconds, Stopping threads took: 0,0000163 seconds
2017-06-26T07:54:01.739+0200: 4,072: Total time for which application threads were stopped: 0,0000852 seconds, Stopping threads took: 0,0000228 seconds
2017-06-26T07:54:01.740+0200: 4,073: Total time for which application threads were stopped: 0,0003792 seconds, Stopping threads took: 0,0000153 seconds
2017-06-26T07:54:01.741+0200: 4,073: Total time for which application threads were stopped: 0,0000772 seconds, Stopping threads took: 0,0000166 seconds
2017-06-26T07:54:01.741+0200: 4,074: Total time for which application threads were stopped: 0,0001350 seconds, Stopping threads took: 0,0000550 seconds
2017-06-26T07:54:01.742+0200: 4,074: Total time for which application threads were stopped: 0,0000615 seconds, Stopping threads took: 0,0000150 seconds
2017-06-26T07:54:01.742+0200: 4,074: Total time for which application threads were stopped: 0,0000533 seconds, Stopping threads took: 0,0000091 seconds
2017-06-26T07:54:01.742+0200: 4,075: Total time for which application threads were stopped: 0,0000585 seconds, Stopping threads took: 0,0000111 seconds
2017-06-26T07:54:01.750+0200: 4,082: Total time for which application threads were stopped: 0,0001118 seconds, Stopping threads took: 0,0000392 seconds
2017-06-26T07:54:01.750+0200: 4,083: Total time for which application threads were stopped: 0,0001188 seconds, Stopping threads took: 0,0000339 seconds
2017-06-26T07:54:01.757+0200: 4,090: Total time for which application threads were stopped: 0,0001175 seconds, Stopping threads took: 0,0000330 seconds
2017-06-26T07:54:01.758+0200: 4,091: Total time for which application threads were stopped: 0,0001266 seconds, Stopping threads took: 0,0000302 seconds
2017-06-26T07:54:01.759+0200: 4,091: Total time for which application threads were stopped: 0,0000947 seconds, Stopping threads took: 0,0000307 seconds
2017-06-26T07:54:01.759+0200: 4,092: Total time for which application threads were stopped: 0,0000881 seconds, Stopping threads took: 0,0000254 seconds
2017-06-26T07:54:01.760+0200: 4,093: Total time for which application threads were stopped: 0,0001235 seconds, Stopping threads took: 0,0000335 seconds
2017-06-26T07:54:01.761+0200: 4,093: Total time for which application threads were stopped: 0,0000809 seconds, Stopping threads took: 0,0000204 seconds
2017-06-26T07:54:01.761+0200: 4,093: Total time for which application threads were stopped: 0,0000740 seconds, Stopping threads took: 0,0000179 seconds
2017-06-26T07:54:01.761+0200: 4,094: Total time for which application threads were stopped: 0,0000612 seconds, Stopping threads took: 0,0000151 seconds
2017-06-26T07:54:01.761+0200: 4,094: Total time for which application threads were stopped: 0,0000628 seconds, Stopping threads took: 0,0000198 seconds
2017-06-26T07:54:01.761+0200: 4,094: Total time for which application threads were stopped: 0,0000800 seconds, Stopping threads took: 0,0000209 seconds
2017-06-26T07:54:01.762+0200: 4,094: Total time for which application threads were stopped: 0,0001640 seconds, Stopping threads took: 0,0001147 seconds
2017-06-26T07:54:01.762+0200: 4,094: Total time for which application threads were stopped: 0,0000673 seconds, Stopping threads took: 0,0000238 seconds
2017-06-26T07:54:01.762+0200: 4,095: Total time for which application threads were stopped: 0,0001452 seconds, Stopping threads took: 0,0000295 seconds
2017-06-26T07:54:01.762+0200: 4,095: Total time for which application threads were stopped: 0,0000687 seconds, Stopping threads took: 0,0000224 seconds
2017-06-26T07:54:01.763+0200: 4,095: Total time for which application threads were stopped: 0,0000603 seconds, Stopping threads took: 0,0000150 seconds
2017-06-26T07:54:01.763+0200: 4,095: Total time for which application threads were stopped: 0,0000609 seconds, Stopping threads took: 0,0000193 seconds
2017-06-26T07:54:01.763+0200: 4,095: Total time for which application threads were stopped: 0,0000565 seconds, Stopping threads took: 0,0000155 seconds
2017-06-26T07:54:01.763+0200: 4,095: Total time for which application threads were stopped: 0,0000545 seconds, Stopping threads took: 0,0000165 seconds
2017-06-26T07:54:01.763+0200: 4,096: Total time for which application threads were stopped: 0,0000928 seconds, Stopping threads took: 0,0000196 seconds
2017-06-26T07:54:01.763+0200: 4,096: Total time for which application threads were stopped: 0,0000502 seconds, Stopping threads took: 0,0000085 seconds
2017-06-26T07:54:01.763+0200: 4,096: Total time for which application threads were stopped: 0,0000864 seconds, Stopping threads took: 0,0000239 seconds
2017-06-26T07:54:01.763+0200: 4,096: Total time for which application threads were stopped: 0,0000592 seconds, Stopping threads took: 0,0000166 seconds
2017-06-26T07:54:01.764+0200: 4,096: Total time for which application threads were stopped: 0,0000466 seconds, Stopping threads took: 0,0000081 seconds
2017-06-26T07:54:01.766+0200: 4,099: Total time for which application threads were stopped: 0,0022963 seconds, Stopping threads took: 0,0022391 seconds
2017-06-26T07:54:01.766+0200: 4,099: Total time for which application threads were stopped: 0,0000620 seconds, Stopping threads took: 0,0000191 seconds
2017-06-26T07:54:01.766+0200: 4,099: Total time for which application threads were stopped: 0,0000645 seconds, Stopping threads took: 0,0000166 seconds
2017-06-26T07:54:01.766+0200: 4,099: Total time for which application threads were stopped: 0,0000555 seconds, Stopping threads took: 0,0000209 seconds
2017-06-26T07:54:01.766+0200: 4,099: Total time for which application threads were stopped: 0,0000588 seconds, Stopping threads took: 0,0000171 seconds
2017-06-26T07:54:01.767+0200: 4,099: Total time for which application threads were stopped: 0,0000687 seconds, Stopping threads took: 0,0000194 seconds
2017-06-26T07:54:01.767+0200: 4,099: Total time for which application threads were stopped: 0,0000494 seconds, Stopping threads took: 0,0000085 seconds
2017-06-26T07:54:01.767+0200: 4,100: Total time for which application threads were stopped: 0,0000718 seconds, Stopping threads took: 0,0000251 seconds
2017-06-26T07:54:01.767+0200: 4,100: Total time for which application threads were stopped: 0,0000466 seconds, Stopping threads took: 0,0000143 seconds
2017-06-26T07:54:01.767+0200: 4,100: Total time for which application threads were stopped: 0,0001143 seconds, Stopping threads took: 0,0000080 seconds
2017-06-26T07:54:01.771+0200: 4,103: Total time for which application threads were stopped: 0,0001230 seconds, Stopping threads took: 0,0000448 seconds
2017-06-26T07:54:01.773+0200: 4,106: Total time for which application threads were stopped: 0,0001745 seconds, Stopping threads took: 0,0000644 seconds
2017-06-26T07:54:01.777+0200: 4,110: Total time for which application threads were stopped: 0,0001394 seconds, Stopping threads took: 0,0000230 seconds
2017-06-26T07:54:01.807+0200: 4,139: Total time for which application threads were stopped: 0,0001469 seconds, Stopping threads took: 0,0000486 seconds
2017-06-26T07:54:01.814+0200: 4,147: Total time for which application threads were stopped: 0,0015365 seconds, Stopping threads took: 0,0014508 seconds
2017-06-26T07:54:01.837+0200: 4,169: Total time for which application threads were stopped: 0,0001177 seconds, Stopping threads took: 0,0000416 seconds
2017-06-26T07:54:01.838+0200: 4,170: Total time for which application threads were stopped: 0,0004006 seconds, Stopping threads took: 0,0000137 seconds
2017-06-26T07:54:01.838+0200: 4,171: Total time for which application threads were stopped: 0,0001061 seconds, Stopping threads took: 0,0000374 seconds
2017-06-26T07:54:01.842+0200: 4,175: Total time for which application threads were stopped: 0,0001250 seconds, Stopping threads took: 0,0000181 seconds
2017-06-26T07:54:02.842+0200: 5,175: Total time for which application threads were stopped: 0,0000751 seconds, Stopping threads took: 0,0000160 seconds
2017-06-26T07:54:03.842+0200: 6,175: Total time for which application threads were stopped: 0,0000657 seconds, Stopping threads took: 0,0000160 seconds
2017-06-26T07:54:18.845+0200: 21,177: Total time for which application threads were stopped: 0,0000790 seconds, Stopping threads took: 0,0000157 seconds
2017-06-26T07:54:29.846+0200: 32,179: Total time for which application threads were stopped: 0,0000745 seconds, Stopping threads took: 0,0000161 seconds
2017-06-26T07:55:54.023+0200: 117,195: Total time for which application threads were stopped: 0,0000943 seconds, Stopping threads took: 0,0000359 seconds
2017-06-26T07:55:59.024+0200: 122,196: Total time for which application threads were stopped: 0,0000956 seconds, Stopping threads took: 0,0000197 seconds
{Heap before GC invocations=9 (full 1):
 par new generation   total 109248K, used 94706K [0x00000000e0000000, 0x00000000e8000000, 0x00000000e8000000)
  eden space 87424K, 100% used [0x00000000e0000000, 0x00000000e5560000, 0x00000000e5560000)
  from space 21824K,  33% used [0x00000000e6ab0000, 0x00000000e71ccb40, 0x00000000e8000000)
  to   space 21824K,   0% used [0x00000000e5560000, 0x00000000e5560000, 0x00000000e6ab0000)
 concurrent mark-sweep generation total 393216K, used 6082K [0x00000000e8000000, 0x0000000100000000, 0x0000000100000000)
 Metaspace       used 28006K, capacity 28524K, committed 28848K, reserved 1075200K
  class space    used 3217K, capacity 3397K, committed 3504K, reserved 1048576K
2017-06-26T07:56:52.642+0200: 175,814: [GC (Allocation Failure) 2017-06-26T07:56:52.642+0200: 175,814: [ParNew
Desired survivor size 20112992 bytes, new threshold 8 (max 8)
- age   1:   10680384 bytes,   10680384 total
- age   2:     301432 bytes,   10981816 total
- age   3:     222448 bytes,   11204264 total
- age   4:    1719720 bytes,   12923984 total
- age   5:      88416 bytes,   13012400 total
- age   7:     104248 bytes,   13116648 total
- age   8:     181032 bytes,   13297680 total
: 94706K->14375K(109248K), 0,0190149 secs] 100789K->21261K(502464K), 0,0191931 secs] [Times: user=0,06 sys=0,00, real=0,02 secs] 
Heap after GC invocations=10 (full 1):
 par new generation   total 109248K, used 14375K [0x00000000e0000000, 0x00000000e8000000, 0x00000000e8000000)
  eden space 87424K,   0% used [0x00000000e0000000, 0x00000000e0000000, 0x00000000e5560000)
  from space 21824K,  65% used [0x00000000e5560000, 0x00000000e6369eb0, 0x00000000e6ab0000)
  to   space 21824K,   0% used [0x00000000e6ab0000, 0x00000000e6ab0000, 0x00000000e8000000)
 concurrent mark-sweep generation total 393216K, used 6885K [0x00000000e8000000, 0x0000000100000000, 0x0000000100000000)
 Metaspace       used 28006K, capacity 28524K, committed 28848K, reserved 1075200K
  class space    used 3217K, capacity 3397K, committed 3504K, reserved 1048576K
}
2017-06-26T07:56:52.661+0200: 175,834: Total time for which application threads were stopped: 0,0195674 seconds, Stopping threads took: 0,0001259 seconds
2017-06-26T07:56:52.663+0200: 175,836: Total time for which application threads were stopped: 0,0003823 seconds, Stopping threads took: 0,0001025 seconds
2017-06-26T07:56:52.664+0200: 175,836: Total time for which application threads were stopped: 0,0001948 seconds, Stopping threads took: 0,0000773 seconds
2017-06-26T08:17:22.806+0200: 1405,978: Total time for which application threads were stopped: 0,0000936 seconds, Stopping threads took: 0,0000347 seconds
2017-06-26T08:22:27.843+0200: 1711,015: Total time for which application threads were stopped: 0,0000917 seconds, Stopping threads took: 0,0000336 seconds
2017-06-26T08:32:13.914+0200: 2297,086: Total time for which application threads were stopped: 0,0000816 seconds, Stopping threads took: 0,0000303 seconds
2017-06-26T08:32:17.914+0200: 2301,086: Total time for which application threads were stopped: 0,0000678 seconds, Stopping threads took: 0,0000150 seconds
2017-06-26T08:47:14.017+0200: 3197,190: Total time for which application threads were stopped: 0,0000913 seconds, Stopping threads took: 0,0000339 seconds
2017-06-26T08:58:08.093+0200: 3851,265: Total time for which application threads were stopped: 0,0000832 seconds, Stopping threads took: 0,0000313 seconds
2017-06-26T08:58:18.095+0200: 3861,267: Total time for which application threads were stopped: 0,0001547 seconds, Stopping threads took: 0,0000575 seconds
2017-06-26T08:59:43.106+0200: 3946,279: Total time for which application threads were stopped: 0,0000920 seconds, Stopping threads took: 0,0000340 seconds
2017-06-26T08:59:59.109+0200: 3962,281: Total time for which application threads were stopped: 0,0001932 seconds, Stopping threads took: 0,0000714 seconds
2017-06-26T09:12:29.203+0200: 4712,375: Total time for which application threads were stopped: 0,0000954 seconds, Stopping threads took: 0,0000389 seconds
2017-06-26T09:12:34.204+0200: 4717,376: Total time for which application threads were stopped: 0,0001301 seconds, Stopping threads took: 0,0000271 seconds
2017-06-26T09:13:29.211+0200: 4772,383: Total time for which application threads were stopped: 0,0000779 seconds, Stopping threads took: 0,0000273 seconds
2017-06-26T09:38:19.408+0200: 6262,580: Total time for which application threads were stopped: 0,0000815 seconds, Stopping threads took: 0,0000326 seconds
2017-06-26T13:04:50.109+0200: 6931,616: Total time for which application threads were stopped: 0,0002044 seconds, Stopping threads took: 0,0000758 seconds
2017-06-26T13:09:20.147+0200: 7201,655: Total time for which application threads were stopped: 0,0001704 seconds, Stopping threads took: 0,0000603 seconds
2017-06-26T13:09:50.152+0200: 7231,659: Total time for which application threads were stopped: 0,0001903 seconds, Stopping threads took: 0,0000695 seconds
2017-06-26T13:11:20.165+0200: 7321,672: Total time for which application threads were stopped: 0,0000975 seconds, Stopping threads took: 0,0000312 seconds
2017-06-26T13:17:20.212+0200: 7681,719: Total time for which application threads were stopped: 0,0001475 seconds, Stopping threads took: 0,0000541 seconds
2017-06-26T16:23:51.217+0200: 11552,364: Total time for which application threads were stopped: 0,0001689 seconds, Stopping threads took: 0,0000586 seconds
2017-06-26T17:14:20.254+0200: 14580,759: Total time for which application threads were stopped: 0,0001116 seconds, Stopping threads took: 0,0000247 seconds
2017-06-26T17:14:20.256+0200: 14580,761: Total time for which application threads were stopped: 0,0001118 seconds, Stopping threads took: 0,0000259 seconds
2017-06-26T17:14:20.269+0200: 14580,774: Total time for which application threads were stopped: 0,0095281 seconds, Stopping threads took: 0,0094445 seconds
2017-06-26T17:14:20.275+0200: 14580,780: Total time for which application threads were stopped: 0,0001825 seconds, Stopping threads took: 0,0001056 seconds
2017-06-26T17:14:20.307+0200: 14580,812: Total time for which application threads were stopped: 0,0039926 seconds, Stopping threads took: 0,0039106 seconds
2017-06-26T17:14:20.308+0200: 14580,813: Total time for which application threads were stopped: 0,0001724 seconds, Stopping threads took: 0,0000545 seconds
2017-06-26T17:14:20.311+0200: 14580,816: Total time for which application threads were stopped: 0,0000933 seconds, Stopping threads took: 0,0000198 seconds
2017-06-26T17:14:20.319+0200: 14580,824: Total time for which application threads were stopped: 0,0001167 seconds, Stopping threads took: 0,0000177 seconds
Heap
 par new generation   total 109248K, used 34378K [0x00000000e0000000, 0x00000000e8000000, 0x00000000e8000000)
  eden space 87424K,  22% used [0x00000000e0000000, 0x00000000e1388a08, 0x00000000e5560000)
  from space 21824K,  65% used [0x00000000e5560000, 0x00000000e6369eb0, 0x00000000e6ab0000)
  to   space 21824K,   0% used [0x00000000e6ab0000, 0x00000000e6ab0000, 0x00000000e8000000)
 concurrent mark-sweep generation total 393216K, used 6885K [0x00000000e8000000, 0x0000000100000000, 0x0000000100000000)
 Metaspace       used 28158K, capacity 28700K, committed 28848K, reserved 1075200K
  class space    used 3231K, capacity 3431K, committed 3504K, reserved 1048576K
