OpenJDK 64-Bit Server VM (25.121-b13) for linux-amd64 JRE (1.8.0_121-8u121-b13-0ubuntu1.16.04.2-b13), built on Jan 23 2017 15:51:29 by "buildd" with gcc 5.4.0 20160609
Memory: 4k page, physical 7867760k(7438052k free), swap 8076284k(8076284k free)
CommandLine flags: -XX:CMSInitiatingOccupancyFraction=50 -XX:CMSMaxAbortablePrecleanTime=6000 -XX:+CMSParallelRemarkEnabled -XX:+CMSScavengeBeforeRemark -XX:ConcGCThreads=4 -XX:InitialHeapSize=536870912 -XX:MaxHeapSize=536870912 -XX:MaxTenuringThreshold=8 -XX:NewRatio=3 -XX:OldPLABSize=16 -XX:OnOutOfMemoryError=/opt/solr/bin/oom_solr.sh 8983 /var/solr/logs -XX:ParallelGCThreads=4 -XX:+ParallelRefProcEnabled -XX:PretenureSizeThreshold=67108864 -XX:+PrintGC -XX:+PrintGCApplicationStoppedTime -XX:+PrintGCDateStamps -XX:+PrintGCDetails -XX:+PrintGCTimeStamps -XX:+PrintHeapAtGC -XX:+PrintTenuringDistribution -XX:SurvivorRatio=4 -XX:TargetSurvivorRatio=90 -XX:ThreadStackSize=256 -XX:+UseCMSInitiatingOccupancyOnly -XX:+UseCompressedClassPointers -XX:+UseCompressedOops -XX:+UseConcMarkSweepGC -XX:+UseParNewGC 
2017-03-18T18:14:22.920+0100: 0,170: Total time for which application threads were stopped: 0,0000749 seconds, Stopping threads took: 0,0000130 seconds
2017-03-18T18:14:23.031+0100: 0,281: Total time for which application threads were stopped: 0,0000892 seconds, Stopping threads took: 0,0000133 seconds
2017-03-18T18:14:23.057+0100: 0,307: Total time for which application threads were stopped: 0,0001145 seconds, Stopping threads took: 0,0000294 seconds
2017-03-18T18:14:23.467+0100: 0,717: Total time for which application threads were stopped: 0,0001651 seconds, Stopping threads took: 0,0000310 seconds
2017-03-18T18:14:23.832+0100: 1,081: Total time for which application threads were stopped: 0,0001159 seconds, Stopping threads took: 0,0000101 seconds
2017-03-18T18:14:23.903+0100: 1,153: Total time for which application threads were stopped: 0,0001537 seconds, Stopping threads took: 0,0000138 seconds
2017-03-18T18:14:23.926+0100: 1,176: Total time for which application threads were stopped: 0,0003499 seconds, Stopping threads took: 0,0001731 seconds
2017-03-18T18:14:24.201+0100: 1,451: Total time for which application threads were stopped: 0,0001757 seconds, Stopping threads took: 0,0000194 seconds
2017-03-18T18:14:24.463+0100: 1,713: Total time for which application threads were stopped: 0,0011014 seconds, Stopping threads took: 0,0000240 seconds
2017-03-18T18:14:24.492+0100: 1,742: Total time for which application threads were stopped: 0,0001621 seconds, Stopping threads took: 0,0000201 seconds
2017-03-18T18:14:24.527+0100: 1,777: Total time for which application threads were stopped: 0,0002459 seconds, Stopping threads took: 0,0000259 seconds
2017-03-18T18:14:24.528+0100: 1,778: Total time for which application threads were stopped: 0,0001957 seconds, Stopping threads took: 0,0000249 seconds
2017-03-18T18:14:24.541+0100: 1,791: Total time for which application threads were stopped: 0,0001652 seconds, Stopping threads took: 0,0000119 seconds
2017-03-18T18:14:24.611+0100: 1,860: Total time for which application threads were stopped: 0,0002335 seconds, Stopping threads took: 0,0000209 seconds
2017-03-18T18:14:24.779+0100: 2,029: Total time for which application threads were stopped: 0,0003580 seconds, Stopping threads took: 0,0001411 seconds
{Heap before GC invocations=0 (full 0):
 par new generation   total 109248K, used 87424K [0x00000000e0000000, 0x00000000e8000000, 0x00000000e8000000)
  eden space 87424K, 100% used [0x00000000e0000000, 0x00000000e5560000, 0x00000000e5560000)
  from space 21824K,   0% used [0x00000000e5560000, 0x00000000e5560000, 0x00000000e6ab0000)
  to   space 21824K,   0% used [0x00000000e6ab0000, 0x00000000e6ab0000, 0x00000000e8000000)
 concurrent mark-sweep generation total 393216K, used 0K [0x00000000e8000000, 0x0000000100000000, 0x0000000100000000)
 Metaspace       used 18005K, capacity 18336K, committed 18688K, reserved 1064960K
  class space    used 2035K, capacity 2196K, committed 2304K, reserved 1048576K
2017-03-18T18:14:24.860+0100: 2,110: [GC (Allocation Failure) 2017-03-18T18:14:24.860+0100: 2,110: [ParNew
Desired survivor size 20112992 bytes, new threshold 8 (max 8)
- age   1:   12176016 bytes,   12176016 total
: 87424K->11999K(109248K), 0,0160157 secs] 87424K->11999K(502464K), 0,0160976 secs] [Times: user=0,04 sys=0,01, real=0,02 secs] 
Heap after GC invocations=1 (full 0):
 par new generation   total 109248K, used 11999K [0x00000000e0000000, 0x00000000e8000000, 0x00000000e8000000)
  eden space 87424K,   0% used [0x00000000e0000000, 0x00000000e0000000, 0x00000000e5560000)
  from space 21824K,  54% used [0x00000000e6ab0000, 0x00000000e7667c30, 0x00000000e8000000)
  to   space 21824K,   0% used [0x00000000e5560000, 0x00000000e5560000, 0x00000000e6ab0000)
 concurrent mark-sweep generation total 393216K, used 0K [0x00000000e8000000, 0x0000000100000000, 0x0000000100000000)
 Metaspace       used 18005K, capacity 18336K, committed 18688K, reserved 1064960K
  class space    used 2035K, capacity 2196K, committed 2304K, reserved 1048576K
}
2017-03-18T18:14:24.876+0100: 2,126: Total time for which application threads were stopped: 0,0163521 seconds, Stopping threads took: 0,0000710 seconds
2017-03-18T18:14:25.213+0100: 2,463: Total time for which application threads were stopped: 0,0003264 seconds, Stopping threads took: 0,0000549 seconds
2017-03-18T18:14:25.248+0100: 2,498: Total time for which application threads were stopped: 0,0004574 seconds, Stopping threads took: 0,0001158 seconds
{Heap before GC invocations=1 (full 0):
 par new generation   total 109248K, used 99423K [0x00000000e0000000, 0x00000000e8000000, 0x00000000e8000000)
  eden space 87424K, 100% used [0x00000000e0000000, 0x00000000e5560000, 0x00000000e5560000)
  from space 21824K,  54% used [0x00000000e6ab0000, 0x00000000e7667c30, 0x00000000e8000000)
  to   space 21824K,   0% used [0x00000000e5560000, 0x00000000e5560000, 0x00000000e6ab0000)
 concurrent mark-sweep generation total 393216K, used 0K [0x00000000e8000000, 0x0000000100000000, 0x0000000100000000)
 Metaspace       used 20059K, capacity 20370K, committed 20736K, reserved 1067008K
  class space    used 2297K, capacity 2471K, committed 2560K, reserved 1048576K
2017-03-18T18:14:25.254+0100: 2,504: [GC (Allocation Failure) 2017-03-18T18:14:25.254+0100: 2,504: [ParNew
Desired survivor size 20112992 bytes, new threshold 8 (max 8)
- age   1:    3866960 bytes,    3866960 total
- age   2:    6594808 bytes,   10461768 total
: 99423K->13515K(109248K), 0,0108623 secs] 99423K->13515K(502464K), 0,0109339 secs] [Times: user=0,02 sys=0,01, real=0,01 secs] 
Heap after GC invocations=2 (full 0):
 par new generation   total 109248K, used 13515K [0x00000000e0000000, 0x00000000e8000000, 0x00000000e8000000)
  eden space 87424K,   0% used [0x00000000e0000000, 0x00000000e0000000, 0x00000000e5560000)
  from space 21824K,  61% used [0x00000000e5560000, 0x00000000e6292e88, 0x00000000e6ab0000)
  to   space 21824K,   0% used [0x00000000e6ab0000, 0x00000000e6ab0000, 0x00000000e8000000)
 concurrent mark-sweep generation total 393216K, used 0K [0x00000000e8000000, 0x0000000100000000, 0x0000000100000000)
 Metaspace       used 20059K, capacity 20370K, committed 20736K, reserved 1067008K
  class space    used 2297K, capacity 2471K, committed 2560K, reserved 1048576K
}
2017-03-18T18:14:25.265+0100: 2,515: Total time for which application threads were stopped: 0,0111548 seconds, Stopping threads took: 0,0000642 seconds
2017-03-18T18:14:25.307+0100: 2,556: Total time for which application threads were stopped: 0,0046701 seconds, Stopping threads took: 0,0043446 seconds
2017-03-18T18:14:25.452+0100: 2,702: Total time for which application threads were stopped: 0,0002056 seconds, Stopping threads took: 0,0000547 seconds
{Heap before GC invocations=2 (full 0):
 par new generation   total 109248K, used 100939K [0x00000000e0000000, 0x00000000e8000000, 0x00000000e8000000)
  eden space 87424K, 100% used [0x00000000e0000000, 0x00000000e5560000, 0x00000000e5560000)
  from space 21824K,  61% used [0x00000000e5560000, 0x00000000e6292e88, 0x00000000e6ab0000)
  to   space 21824K,   0% used [0x00000000e6ab0000, 0x00000000e6ab0000, 0x00000000e8000000)
 concurrent mark-sweep generation total 393216K, used 0K [0x00000000e8000000, 0x0000000100000000, 0x0000000100000000)
 Metaspace       used 20998K, capacity 21356K, committed 21628K, reserved 1069056K
  class space    used 2419K, capacity 2590K, committed 2684K, reserved 1048576K
2017-03-18T18:14:25.483+0100: 2,733: [GC (Allocation Failure) 2017-03-18T18:14:25.484+0100: 2,733: [ParNew
Desired survivor size 20112992 bytes, new threshold 8 (max 8)
- age   1:    2342856 bytes,    2342856 total
- age   2:     917712 bytes,    3260568 total
- age   3:    6593552 bytes,    9854120 total
: 100939K->12964K(109248K), 0,0213964 secs] 100939K->12964K(502464K), 0,0215001 secs] [Times: user=0,07 sys=0,00, real=0,02 secs] 
Heap after GC invocations=3 (full 0):
 par new generation   total 109248K, used 12964K [0x00000000e0000000, 0x00000000e8000000, 0x00000000e8000000)
  eden space 87424K,   0% used [0x00000000e0000000, 0x00000000e0000000, 0x00000000e5560000)
  from space 21824K,  59% used [0x00000000e6ab0000, 0x00000000e77590e0, 0x00000000e8000000)
  to   space 21824K,   0% used [0x00000000e5560000, 0x00000000e5560000, 0x00000000e6ab0000)
 concurrent mark-sweep generation total 393216K, used 0K [0x00000000e8000000, 0x0000000100000000, 0x0000000100000000)
 Metaspace       used 20998K, capacity 21356K, committed 21628K, reserved 1069056K
  class space    used 2419K, capacity 2590K, committed 2684K, reserved 1048576K
}
2017-03-18T18:14:25.505+0100: 2,755: Total time for which application threads were stopped: 0,0217613 seconds, Stopping threads took: 0,0000860 seconds
2017-03-18T18:14:25.508+0100: 2,758: [GC (CMS Initial Mark) [1 CMS-initial-mark: 0K(393216K)] 18935K(502464K), 0,0045840 secs] [Times: user=0,02 sys=0,00, real=0,00 secs] 
2017-03-18T18:14:25.513+0100: 2,763: Total time for which application threads were stopped: 0,0047540 seconds, Stopping threads took: 0,0000702 seconds
2017-03-18T18:14:25.513+0100: 2,763: [CMS-concurrent-mark-start]
2017-03-18T18:14:25.513+0100: 2,763: [CMS-concurrent-mark: 0,000/0,000 secs] [Times: user=0,00 sys=0,00, real=0,00 secs] 
2017-03-18T18:14:25.513+0100: 2,763: [CMS-concurrent-preclean-start]
2017-03-18T18:14:25.514+0100: 2,764: [CMS-concurrent-preclean: 0,001/0,001 secs] [Times: user=0,00 sys=0,00, real=0,00 secs] 
2017-03-18T18:14:25.514+0100: 2,764: [CMS-concurrent-abortable-preclean-start]
2017-03-18T18:14:25.564+0100: 2,814: Total time for which application threads were stopped: 0,0001306 seconds, Stopping threads took: 0,0000469 seconds
{Heap before GC invocations=3 (full 1):
 par new generation   total 109248K, used 100388K [0x00000000e0000000, 0x00000000e8000000, 0x00000000e8000000)
  eden space 87424K, 100% used [0x00000000e0000000, 0x00000000e5560000, 0x00000000e5560000)
  from space 21824K,  59% used [0x00000000e6ab0000, 0x00000000e77590e0, 0x00000000e8000000)
  to   space 21824K,   0% used [0x00000000e5560000, 0x00000000e5560000, 0x00000000e6ab0000)
 concurrent mark-sweep generation total 393216K, used 0K [0x00000000e8000000, 0x0000000100000000, 0x0000000100000000)
 Metaspace       used 21282K, capacity 21632K, committed 21884K, reserved 1069056K
  class space    used 2451K, capacity 2605K, committed 2684K, reserved 1048576K
2017-03-18T18:14:25.609+0100: 2,859: [GC (Allocation Failure) 2017-03-18T18:14:25.609+0100: 2,859: [ParNew
Desired survivor size 20112992 bytes, new threshold 8 (max 8)
- age   1:    1003736 bytes,    1003736 total
- age   2:    1455224 bytes,    2458960 total
- age   3:     903736 bytes,    3362696 total
- age   4:    6592480 bytes,    9955176 total
: 100388K->12621K(109248K), 0,0108691 secs] 100388K->12621K(502464K), 0,0109325 secs] [Times: user=0,04 sys=0,00, real=0,01 secs] 
Heap after GC invocations=4 (full 1):
 par new generation   total 109248K, used 12621K [0x00000000e0000000, 0x00000000e8000000, 0x00000000e8000000)
  eden space 87424K,   0% used [0x00000000e0000000, 0x00000000e0000000, 0x00000000e5560000)
  from space 21824K,  57% used [0x00000000e5560000, 0x00000000e61b36e0, 0x00000000e6ab0000)
  to   space 21824K,   0% used [0x00000000e6ab0000, 0x00000000e6ab0000, 0x00000000e8000000)
 concurrent mark-sweep generation total 393216K, used 0K [0x00000000e8000000, 0x0000000100000000, 0x0000000100000000)
 Metaspace       used 21282K, capacity 21632K, committed 21884K, reserved 1069056K
  class space    used 2451K, capacity 2605K, committed 2684K, reserved 1048576K
}
2017-03-18T18:14:25.620+0100: 2,870: Total time for which application threads were stopped: 0,0111501 seconds, Stopping threads took: 0,0000751 seconds
2017-03-18T18:14:25.620+0100: 2,870: [CMS-concurrent-abortable-preclean: 0,051/0,106 secs] [Times: user=0,40 sys=0,01, real=0,11 secs] 
2017-03-18T18:14:25.620+0100: 2,870: [GC (CMS Final Remark) [YG occupancy: 13973 K (109248 K)]{Heap before GC invocations=4 (full 1):
 par new generation   total 109248K, used 13973K [0x00000000e0000000, 0x00000000e8000000, 0x00000000e8000000)
  eden space 87424K,   1% used [0x00000000e0000000, 0x00000000e0152118, 0x00000000e5560000)
  from space 21824K,  57% used [0x00000000e5560000, 0x00000000e61b36e0, 0x00000000e6ab0000)
  to   space 21824K,   0% used [0x00000000e6ab0000, 0x00000000e6ab0000, 0x00000000e8000000)
 concurrent mark-sweep generation total 393216K, used 0K [0x00000000e8000000, 0x0000000100000000, 0x0000000100000000)
 Metaspace       used 21282K, capacity 21632K, committed 21884K, reserved 1069056K
  class space    used 2451K, capacity 2605K, committed 2684K, reserved 1048576K
2017-03-18T18:14:25.620+0100: 2,870: [GC (CMS Final Remark) 2017-03-18T18:14:25.620+0100: 2,870: [ParNew
Desired survivor size 20112992 bytes, new threshold 8 (max 8)
- age   1:      15456 bytes,      15456 total
- age   2:    1003672 bytes,    1019128 total
- age   3:    1455224 bytes,    2474352 total
- age   4:     903736 bytes,    3378088 total
- age   5:    6592736 bytes,    9970824 total
: 13973K->11042K(109248K), 0,0087763 secs] 13973K->11042K(502464K), 0,0088087 secs] [Times: user=0,03 sys=0,00, real=0,01 secs] 
Heap after GC invocations=5 (full 1):
 par new generation   total 109248K, used 11042K [0x00000000e0000000, 0x00000000e8000000, 0x00000000e8000000)
  eden space 87424K,   0% used [0x00000000e0000000, 0x00000000e0000000, 0x00000000e5560000)
  from space 21824K,  50% used [0x00000000e6ab0000, 0x00000000e7578a98, 0x00000000e8000000)
  to   space 21824K,   0% used [0x00000000e5560000, 0x00000000e5560000, 0x00000000e6ab0000)
 concurrent mark-sweep generation total 393216K, used 0K [0x00000000e8000000, 0x0000000100000000, 0x0000000100000000)
 Metaspace       used 21282K, capacity 21632K, committed 21884K, reserved 1069056K
  class space    used 2451K, capacity 2605K, committed 2684K, reserved 1048576K
}
2017-03-18T18:14:25.629+0100: 2,879: [Rescan (parallel) , 0,0032851 secs]2017-03-18T18:14:25.632+0100: 2,882: [weak refs processing, 0,0004525 secs]2017-03-18T18:14:25.633+0100: 2,883: [class unloading, 0,0028481 secs]2017-03-18T18:14:25.636+0100: 2,886: [scrub symbol table, 0,0025485 secs]2017-03-18T18:14:25.638+0100: 2,888: [scrub string table, 0,0004184 secs][1 CMS-remark: 0K(393216K)] 11042K(502464K), 0,0190230 secs] [Times: user=0,05 sys=0,00, real=0,02 secs] 
2017-03-18T18:14:25.639+0100: 2,889: Total time for which application threads were stopped: 0,0191484 seconds, Stopping threads took: 0,0000487 seconds
2017-03-18T18:14:25.639+0100: 2,889: [CMS-concurrent-sweep-start]
2017-03-18T18:14:25.639+0100: 2,889: [CMS-concurrent-sweep: 0,000/0,000 secs] [Times: user=0,00 sys=0,00, real=0,00 secs] 
2017-03-18T18:14:25.639+0100: 2,889: [CMS-concurrent-reset-start]
2017-03-18T18:14:25.642+0100: 2,892: [CMS-concurrent-reset: 0,003/0,003 secs] [Times: user=0,01 sys=0,00, real=0,00 secs] 
{Heap before GC invocations=5 (full 1):
 par new generation   total 109248K, used 98466K [0x00000000e0000000, 0x00000000e8000000, 0x00000000e8000000)
  eden space 87424K, 100% used [0x00000000e0000000, 0x00000000e5560000, 0x00000000e5560000)
  from space 21824K,  50% used [0x00000000e6ab0000, 0x00000000e7578a98, 0x00000000e8000000)
  to   space 21824K,   0% used [0x00000000e5560000, 0x00000000e5560000, 0x00000000e6ab0000)
 concurrent mark-sweep generation total 393216K, used 0K [0x00000000e8000000, 0x0000000100000000, 0x0000000100000000)
 Metaspace       used 21389K, capacity 21798K, committed 21884K, reserved 1069056K
  class space    used 2467K, capacity 2638K, committed 2684K, reserved 1048576K
2017-03-18T18:14:25.730+0100: 2,979: [GC (Allocation Failure) 2017-03-18T18:14:25.730+0100: 2,980: [ParNew
Desired survivor size 20112992 bytes, new threshold 8 (max 8)
- age   1:    1186736 bytes,    1186736 total
- age   3:     184432 bytes,    1371168 total
- age   4:    1454880 bytes,    2826048 total
- age   5:     901816 bytes,    3727864 total
- age   6:    6592504 bytes,   10320368 total
: 98466K->14926K(109248K), 0,0095934 secs] 98466K->14926K(502464K), 0,0096657 secs] [Times: user=0,03 sys=0,00, real=0,01 secs] 
Heap after GC invocations=6 (full 1):
 par new generation   total 109248K, used 14926K [0x00000000e0000000, 0x00000000e8000000, 0x00000000e8000000)
  eden space 87424K,   0% used [0x00000000e0000000, 0x00000000e0000000, 0x00000000e5560000)
  from space 21824K,  68% used [0x00000000e5560000, 0x00000000e63f3b28, 0x00000000e6ab0000)
  to   space 21824K,   0% used [0x00000000e6ab0000, 0x00000000e6ab0000, 0x00000000e8000000)
 concurrent mark-sweep generation total 393216K, used 0K [0x00000000e8000000, 0x0000000100000000, 0x0000000100000000)
 Metaspace       used 21389K, capacity 21798K, committed 21884K, reserved 1069056K
  class space    used 2467K, capacity 2638K, committed 2684K, reserved 1048576K
}
2017-03-18T18:14:25.739+0100: 2,989: Total time for which application threads were stopped: 0,0099238 seconds, Stopping threads took: 0,0001169 seconds
2017-03-18T18:14:25.770+0100: 3,020: Total time for which application threads were stopped: 0,0003185 seconds, Stopping threads took: 0,0000179 seconds
2017-03-18T18:14:25.968+0100: 3,218: Total time for which application threads were stopped: 0,0004181 seconds, Stopping threads took: 0,0000261 seconds
2017-03-18T18:14:25.991+0100: 3,240: Total time for which application threads were stopped: 0,0004133 seconds, Stopping threads took: 0,0000278 seconds
{Heap before GC invocations=6 (full 1):
 par new generation   total 109248K, used 102350K [0x00000000e0000000, 0x00000000e8000000, 0x00000000e8000000)
  eden space 87424K, 100% used [0x00000000e0000000, 0x00000000e5560000, 0x00000000e5560000)
  from space 21824K,  68% used [0x00000000e5560000, 0x00000000e63f3b28, 0x00000000e6ab0000)
  to   space 21824K,   0% used [0x00000000e6ab0000, 0x00000000e6ab0000, 0x00000000e8000000)
 concurrent mark-sweep generation total 393216K, used 0K [0x00000000e8000000, 0x0000000100000000, 0x0000000100000000)
 Metaspace       used 23910K, capacity 24404K, committed 24572K, reserved 1071104K
  class space    used 2823K, capacity 3015K, committed 3068K, reserved 1048576K
2017-03-18T18:14:26.144+0100: 3,393: [GC (Allocation Failure) 2017-03-18T18:14:26.144+0100: 3,393: [ParNew
Desired survivor size 20112992 bytes, new threshold 8 (max 8)
- age   1:    5006552 bytes,    5006552 total
- age   2:     107424 bytes,    5113976 total
- age   4:     182856 bytes,    5296832 total
- age   5:     285280 bytes,    5582112 total
- age   6:     877496 bytes,    6459608 total
- age   7:    6584184 bytes,   13043792 total
: 102350K->16257K(109248K), 0,0219522 secs] 102350K->16257K(502464K), 0,0220359 secs] [Times: user=0,08 sys=0,00, real=0,02 secs] 
Heap after GC invocations=7 (full 1):
 par new generation   total 109248K, used 16257K [0x00000000e0000000, 0x00000000e8000000, 0x00000000e8000000)
  eden space 87424K,   0% used [0x00000000e0000000, 0x00000000e0000000, 0x00000000e5560000)
  from space 21824K,  74% used [0x00000000e6ab0000, 0x00000000e7a905f0, 0x00000000e8000000)
  to   space 21824K,   0% used [0x00000000e5560000, 0x00000000e5560000, 0x00000000e6ab0000)
 concurrent mark-sweep generation total 393216K, used 0K [0x00000000e8000000, 0x0000000100000000, 0x0000000100000000)
 Metaspace       used 23910K, capacity 24404K, committed 24572K, reserved 1071104K
  class space    used 2823K, capacity 3015K, committed 3068K, reserved 1048576K
}
2017-03-18T18:14:26.166+0100: 3,416: Total time for which application threads were stopped: 0,0222992 seconds, Stopping threads took: 0,0000729 seconds
{Heap before GC invocations=7 (full 1):
 par new generation   total 109248K, used 103330K [0x00000000e0000000, 0x00000000e8000000, 0x00000000e8000000)
  eden space 87424K,  99% used [0x00000000e0000000, 0x00000000e5508398, 0x00000000e5560000)
  from space 21824K,  74% used [0x00000000e6ab0000, 0x00000000e7a905f0, 0x00000000e8000000)
  to   space 21824K,   0% used [0x00000000e5560000, 0x00000000e5560000, 0x00000000e6ab0000)
 concurrent mark-sweep generation total 393216K, used 0K [0x00000000e8000000, 0x0000000100000000, 0x0000000100000000)
 Metaspace       used 24438K, capacity 24906K, committed 25084K, reserved 1071104K
  class space    used 2865K, capacity 3051K, committed 3068K, reserved 1048576K
2017-03-18T18:14:26.272+0100: 3,522: [GC (Allocation Failure) 2017-03-18T18:14:26.272+0100: 3,522: [ParNew
Desired survivor size 20112992 bytes, new threshold 8 (max 8)
- age   1:    1804480 bytes,    1804480 total
- age   2:    1815696 bytes,    3620176 total
- age   3:      43088 bytes,    3663264 total
- age   5:     118800 bytes,    3782064 total
- age   6:     188784 bytes,    3970848 total
- age   7:     833960 bytes,    4804808 total
- age   8:    6049712 bytes,   10854520 total
: 103330K->16547K(109248K), 0,0331458 secs] 103330K->16547K(502464K), 0,0332338 secs] [Times: user=0,08 sys=0,01, real=0,03 secs] 
Heap after GC invocations=8 (full 1):
 par new generation   total 109248K, used 16547K [0x00000000e0000000, 0x00000000e8000000, 0x00000000e8000000)
  eden space 87424K,   0% used [0x00000000e0000000, 0x00000000e0000000, 0x00000000e5560000)
  from space 21824K,  75% used [0x00000000e5560000, 0x00000000e6588cd0, 0x00000000e6ab0000)
  to   space 21824K,   0% used [0x00000000e6ab0000, 0x00000000e6ab0000, 0x00000000e8000000)
 concurrent mark-sweep generation total 393216K, used 0K [0x00000000e8000000, 0x0000000100000000, 0x0000000100000000)
 Metaspace       used 24438K, capacity 24906K, committed 25084K, reserved 1071104K
  class space    used 2865K, capacity 3051K, committed 3068K, reserved 1048576K
}
2017-03-18T18:14:26.305+0100: 3,555: Total time for which application threads were stopped: 0,0335109 seconds, Stopping threads took: 0,0000960 seconds
{Heap before GC invocations=8 (full 1):
 par new generation   total 109248K, used 103971K [0x00000000e0000000, 0x00000000e8000000, 0x00000000e8000000)
  eden space 87424K, 100% used [0x00000000e0000000, 0x00000000e5560000, 0x00000000e5560000)
  from space 21824K,  75% used [0x00000000e5560000, 0x00000000e6588cd0, 0x00000000e6ab0000)
  to   space 21824K,   0% used [0x00000000e6ab0000, 0x00000000e6ab0000, 0x00000000e8000000)
 concurrent mark-sweep generation total 393216K, used 0K [0x00000000e8000000, 0x0000000100000000, 0x0000000100000000)
 Metaspace       used 24985K, capacity 25396K, committed 25724K, reserved 1071104K
  class space    used 2911K, capacity 3085K, committed 3196K, reserved 1048576K
2017-03-18T18:14:26.414+0100: 3,664: [GC (Allocation Failure) 2017-03-18T18:14:26.414+0100: 3,664: [ParNew
Desired survivor size 20112992 bytes, new threshold 8 (max 8)
- age   1:    1183816 bytes,    1183816 total
- age   2:     993136 bytes,    2176952 total
- age   3:    1727000 bytes,    3903952 total
- age   4:      40640 bytes,    3944592 total
- age   6:     118640 bytes,    4063232 total
- age   7:     185552 bytes,    4248784 total
- age   8:     832328 bytes,    5081112 total
: 103971K->6739K(109248K), 0,0407037 secs] 103971K->12730K(502464K), 0,0407727 secs] [Times: user=0,11 sys=0,00, real=0,05 secs] 
Heap after GC invocations=9 (full 1):
 par new generation   total 109248K, used 6739K [0x00000000e0000000, 0x00000000e8000000, 0x00000000e8000000)
  eden space 87424K,   0% used [0x00000000e0000000, 0x00000000e0000000, 0x00000000e5560000)
  from space 21824K,  30% used [0x00000000e6ab0000, 0x00000000e7144f38, 0x00000000e8000000)
  to   space 21824K,   0% used [0x00000000e5560000, 0x00000000e5560000, 0x00000000e6ab0000)
 concurrent mark-sweep generation total 393216K, used 5990K [0x00000000e8000000, 0x0000000100000000, 0x0000000100000000)
 Metaspace       used 24985K, capacity 25396K, committed 25724K, reserved 1071104K
  class space    used 2911K, capacity 3085K, committed 3196K, reserved 1048576K
}
2017-03-18T18:14:26.454+0100: 3,704: Total time for which application threads were stopped: 0,0419500 seconds, Stopping threads took: 0,0010218 seconds
2017-03-18T18:14:26.790+0100: 4,040: Total time for which application threads were stopped: 0,0005371 seconds, Stopping threads took: 0,0000400 seconds
2017-03-18T18:14:26.802+0100: 4,052: Total time for which application threads were stopped: 0,0017742 seconds, Stopping threads took: 0,0012085 seconds
2017-03-18T18:14:26.809+0100: 4,059: Total time for which application threads were stopped: 0,0005487 seconds, Stopping threads took: 0,0000396 seconds
2017-03-18T18:14:26.815+0100: 4,065: Total time for which application threads were stopped: 0,0056216 seconds, Stopping threads took: 0,0055015 seconds
2017-03-18T18:14:26.826+0100: 4,076: Total time for which application threads were stopped: 0,0003266 seconds, Stopping threads took: 0,0001881 seconds
2017-03-18T18:14:26.832+0100: 4,081: Total time for which application threads were stopped: 0,0001423 seconds, Stopping threads took: 0,0000264 seconds
2017-03-18T18:14:26.832+0100: 4,082: Total time for which application threads were stopped: 0,0001096 seconds, Stopping threads took: 0,0000335 seconds
2017-03-18T18:14:26.833+0100: 4,083: Total time for which application threads were stopped: 0,0001297 seconds, Stopping threads took: 0,0000299 seconds
2017-03-18T18:14:26.903+0100: 4,153: Total time for which application threads were stopped: 0,0005746 seconds, Stopping threads took: 0,0000330 seconds
2017-03-18T18:14:26.917+0100: 4,167: Total time for which application threads were stopped: 0,0003037 seconds, Stopping threads took: 0,0001865 seconds
2017-03-18T18:14:26.924+0100: 4,174: Total time for which application threads were stopped: 0,0017179 seconds, Stopping threads took: 0,0016074 seconds
2017-03-18T18:14:26.925+0100: 4,175: Total time for which application threads were stopped: 0,0001522 seconds, Stopping threads took: 0,0000394 seconds
2017-03-18T18:14:26.937+0100: 4,187: Total time for which application threads were stopped: 0,0001677 seconds, Stopping threads took: 0,0000422 seconds
2017-03-18T18:14:26.947+0100: 4,197: Total time for which application threads were stopped: 0,0002688 seconds, Stopping threads took: 0,0000341 seconds
2017-03-18T18:14:26.961+0100: 4,211: Total time for which application threads were stopped: 0,0001364 seconds, Stopping threads took: 0,0000265 seconds
2017-03-18T18:14:26.961+0100: 4,211: Total time for which application threads were stopped: 0,0000786 seconds, Stopping threads took: 0,0000100 seconds
2017-03-18T18:14:26.961+0100: 4,211: Total time for which application threads were stopped: 0,0000875 seconds, Stopping threads took: 0,0000143 seconds
2017-03-18T18:14:26.961+0100: 4,211: Total time for which application threads were stopped: 0,0000643 seconds, Stopping threads took: 0,0000093 seconds
2017-03-18T18:14:26.961+0100: 4,211: Total time for which application threads were stopped: 0,0000625 seconds, Stopping threads took: 0,0000093 seconds
2017-03-18T18:14:26.962+0100: 4,212: Total time for which application threads were stopped: 0,0000959 seconds, Stopping threads took: 0,0000174 seconds
2017-03-18T18:14:26.962+0100: 4,212: Total time for which application threads were stopped: 0,0000663 seconds, Stopping threads took: 0,0000099 seconds
2017-03-18T18:14:26.962+0100: 4,212: Total time for which application threads were stopped: 0,0000699 seconds, Stopping threads took: 0,0000114 seconds
2017-03-18T18:14:26.962+0100: 4,212: Total time for which application threads were stopped: 0,0001339 seconds, Stopping threads took: 0,0000268 seconds
2017-03-18T18:14:26.967+0100: 4,216: Total time for which application threads were stopped: 0,0015137 seconds, Stopping threads took: 0,0013866 seconds
2017-03-18T18:14:26.980+0100: 4,230: Total time for which application threads were stopped: 0,0123804 seconds, Stopping threads took: 0,0122865 seconds
2017-03-18T18:14:26.980+0100: 4,230: Total time for which application threads were stopped: 0,0001354 seconds, Stopping threads took: 0,0000167 seconds
2017-03-18T18:14:26.982+0100: 4,232: Total time for which application threads were stopped: 0,0003297 seconds, Stopping threads took: 0,0001032 seconds
2017-03-18T18:14:26.988+0100: 4,238: Total time for which application threads were stopped: 0,0002096 seconds, Stopping threads took: 0,0000693 seconds
2017-03-18T18:14:27.009+0100: 4,259: Total time for which application threads were stopped: 0,0011490 seconds, Stopping threads took: 0,0009685 seconds
2017-03-18T18:14:27.010+0100: 4,260: Total time for which application threads were stopped: 0,0001345 seconds, Stopping threads took: 0,0000155 seconds
2017-03-18T18:14:27.015+0100: 4,265: Total time for which application threads were stopped: 0,0001683 seconds, Stopping threads took: 0,0000243 seconds
2017-03-18T18:14:27.015+0100: 4,265: Total time for which application threads were stopped: 0,0001063 seconds, Stopping threads took: 0,0000117 seconds
2017-03-18T18:14:27.015+0100: 4,265: Total time for which application threads were stopped: 0,0000927 seconds, Stopping threads took: 0,0000095 seconds
2017-03-18T18:14:27.015+0100: 4,265: Total time for which application threads were stopped: 0,0000994 seconds, Stopping threads took: 0,0000112 seconds
2017-03-18T18:14:27.015+0100: 4,265: Total time for which application threads were stopped: 0,0000855 seconds, Stopping threads took: 0,0000087 seconds
2017-03-18T18:14:27.016+0100: 4,266: Total time for which application threads were stopped: 0,0001016 seconds, Stopping threads took: 0,0000117 seconds
2017-03-18T18:14:27.016+0100: 4,266: Total time for which application threads were stopped: 0,0000991 seconds, Stopping threads took: 0,0000136 seconds
2017-03-18T18:14:27.016+0100: 4,266: Total time for which application threads were stopped: 0,0000880 seconds, Stopping threads took: 0,0000116 seconds
2017-03-18T18:14:27.016+0100: 4,266: Total time for which application threads were stopped: 0,0000931 seconds, Stopping threads took: 0,0000098 seconds
2017-03-18T18:14:27.018+0100: 4,268: Total time for which application threads were stopped: 0,0002017 seconds, Stopping threads took: 0,0000934 seconds
2017-03-18T18:14:27.019+0100: 4,269: Total time for which application threads were stopped: 0,0000829 seconds, Stopping threads took: 0,0000145 seconds
2017-03-18T18:14:27.019+0100: 4,269: Total time for which application threads were stopped: 0,0000648 seconds, Stopping threads took: 0,0000082 seconds
2017-03-18T18:14:27.019+0100: 4,269: Total time for which application threads were stopped: 0,0000594 seconds, Stopping threads took: 0,0000074 seconds
2017-03-18T18:14:27.019+0100: 4,269: Total time for which application threads were stopped: 0,0000699 seconds, Stopping threads took: 0,0000104 seconds
2017-03-18T18:14:27.019+0100: 4,269: Total time for which application threads were stopped: 0,0000567 seconds, Stopping threads took: 0,0000071 seconds
2017-03-18T18:14:27.020+0100: 4,269: Total time for which application threads were stopped: 0,0000636 seconds, Stopping threads took: 0,0000080 seconds
2017-03-18T18:14:27.020+0100: 4,270: Total time for which application threads were stopped: 0,0000552 seconds, Stopping threads took: 0,0000067 seconds
2017-03-18T18:14:27.020+0100: 4,270: Total time for which application threads were stopped: 0,0000633 seconds, Stopping threads took: 0,0000078 seconds
2017-03-18T18:14:27.020+0100: 4,270: Total time for which application threads were stopped: 0,0002118 seconds, Stopping threads took: 0,0000069 seconds
2017-03-18T18:14:27.023+0100: 4,273: Total time for which application threads were stopped: 0,0002497 seconds, Stopping threads took: 0,0001049 seconds
2017-03-18T18:14:27.121+0100: 4,371: Total time for which application threads were stopped: 0,0002045 seconds, Stopping threads took: 0,0000399 seconds
2017-03-18T18:14:27.203+0100: 4,453: Total time for which application threads were stopped: 0,0001598 seconds, Stopping threads took: 0,0000446 seconds
2017-03-18T18:14:27.214+0100: 4,464: Total time for which application threads were stopped: 0,0058799 seconds, Stopping threads took: 0,0057951 seconds
2017-03-18T18:14:27.255+0100: 4,505: Total time for which application threads were stopped: 0,0005360 seconds, Stopping threads took: 0,0000290 seconds
2017-03-18T18:14:28.255+0100: 5,505: Total time for which application threads were stopped: 0,0000685 seconds, Stopping threads took: 0,0000160 seconds
2017-03-18T18:14:29.255+0100: 6,505: Total time for which application threads were stopped: 0,0000793 seconds, Stopping threads took: 0,0000209 seconds
2017-03-18T18:14:45.258+0100: 22,507: Total time for which application threads were stopped: 0,0005108 seconds, Stopping threads took: 0,0001136 seconds
2017-03-18T18:14:54.258+0100: 31,508: Total time for which application threads were stopped: 0,0000700 seconds, Stopping threads took: 0,0000178 seconds
2017-03-18T18:16:20.268+0100: 117,518: Total time for which application threads were stopped: 0,0002675 seconds, Stopping threads took: 0,0001637 seconds
2017-03-18T18:16:25.268+0100: 122,518: Total time for which application threads were stopped: 0,0000726 seconds, Stopping threads took: 0,0000160 seconds
{Heap before GC invocations=9 (full 1):
 par new generation   total 109248K, used 94163K [0x00000000e0000000, 0x00000000e8000000, 0x00000000e8000000)
  eden space 87424K, 100% used [0x00000000e0000000, 0x00000000e5560000, 0x00000000e5560000)
  from space 21824K,  30% used [0x00000000e6ab0000, 0x00000000e7144f38, 0x00000000e8000000)
  to   space 21824K,   0% used [0x00000000e5560000, 0x00000000e5560000, 0x00000000e6ab0000)
 concurrent mark-sweep generation total 393216K, used 5990K [0x00000000e8000000, 0x0000000100000000, 0x0000000100000000)
 Metaspace       used 27990K, capacity 28562K, committed 28796K, reserved 1075200K
  class space    used 3214K, capacity 3390K, committed 3452K, reserved 1048576K
2017-03-18T18:17:18.853+0100: 176,103: [GC (Allocation Failure) 2017-03-18T18:17:18.853+0100: 176,103: [ParNew
Desired survivor size 20112992 bytes, new threshold 8 (max 8)
- age   1:   10579432 bytes,   10579432 total
- age   2:     265320 bytes,   10844752 total
- age   3:     214704 bytes,   11059456 total
- age   4:    1722192 bytes,   12781648 total
- age   5:      40640 bytes,   12822288 total
- age   7:     118512 bytes,   12940800 total
- age   8:     185456 bytes,   13126256 total
: 94163K->14464K(109248K), 0,0196738 secs] 100154K->21361K(502464K), 0,0199112 secs] [Times: user=0,04 sys=0,00, real=0,02 secs] 
Heap after GC invocations=10 (full 1):
 par new generation   total 109248K, used 14464K [0x00000000e0000000, 0x00000000e8000000, 0x00000000e8000000)
  eden space 87424K,   0% used [0x00000000e0000000, 0x00000000e0000000, 0x00000000e5560000)
  from space 21824K,  66% used [0x00000000e5560000, 0x00000000e63802e8, 0x00000000e6ab0000)
  to   space 21824K,   0% used [0x00000000e6ab0000, 0x00000000e6ab0000, 0x00000000e8000000)
 concurrent mark-sweep generation total 393216K, used 6896K [0x00000000e8000000, 0x0000000100000000, 0x0000000100000000)
 Metaspace       used 27990K, capacity 28562K, committed 28796K, reserved 1075200K
  class space    used 3214K, capacity 3390K, committed 3452K, reserved 1048576K
}
2017-03-18T18:17:18.873+0100: 176,123: Total time for which application threads were stopped: 0,0205504 seconds, Stopping threads took: 0,0002504 seconds
2017-03-18T18:17:18.874+0100: 176,123: Total time for which application threads were stopped: 0,0000766 seconds, Stopping threads took: 0,0000292 seconds
2017-03-18T18:17:18.874+0100: 176,124: Total time for which application threads were stopped: 0,0000443 seconds, Stopping threads took: 0,0000136 seconds
2017-03-18T18:17:23.875+0100: 181,125: Total time for which application threads were stopped: 0,0000932 seconds, Stopping threads took: 0,0000230 seconds
2017-03-18T18:18:43.883+0100: 261,133: Total time for which application threads were stopped: 0,0000981 seconds, Stopping threads took: 0,0000400 seconds
2017-03-18T18:18:49.884+0100: 267,134: Total time for which application threads were stopped: 0,0000706 seconds, Stopping threads took: 0,0000163 seconds
2017-03-18T18:18:58.885+0100: 276,135: Total time for which application threads were stopped: 0,0004075 seconds, Stopping threads took: 0,0001552 seconds
2017-03-18T18:19:09.886+0100: 287,136: Total time for which application threads were stopped: 0,0000706 seconds, Stopping threads took: 0,0000177 seconds
2017-03-18T18:21:54.904+0100: 452,154: Total time for which application threads were stopped: 0,0000835 seconds, Stopping threads took: 0,0000347 seconds
2017-03-18T18:37:54.001+0100: 1411,251: Total time for which application threads were stopped: 0,0000945 seconds, Stopping threads took: 0,0000312 seconds
2017-03-18T18:41:49.024+0100: 1646,274: Total time for which application threads were stopped: 0,0000891 seconds, Stopping threads took: 0,0000308 seconds
2017-03-18T18:41:59.025+0100: 1656,275: Total time for which application threads were stopped: 0,0000886 seconds, Stopping threads took: 0,0000205 seconds
2017-03-18T18:49:20.069+0100: 2097,319: Total time for which application threads were stopped: 0,0003522 seconds, Stopping threads took: 0,0001432 seconds
2017-03-18T18:49:25.070+0100: 2102,320: Total time for which application threads were stopped: 0,0000775 seconds, Stopping threads took: 0,0000159 seconds
2017-03-18T18:52:44.092+0100: 2301,342: Total time for which application threads were stopped: 0,0000804 seconds, Stopping threads took: 0,0000324 seconds
2017-03-18T18:52:45.092+0100: 2302,342: Total time for which application threads were stopped: 0,0001206 seconds, Stopping threads took: 0,0000270 seconds
2017-03-18T19:08:20.241+0100: 3237,491: Total time for which application threads were stopped: 0,0001005 seconds, Stopping threads took: 0,0000348 seconds
2017-03-18T19:20:24.335+0100: 3961,585: Total time for which application threads were stopped: 0,0000922 seconds, Stopping threads took: 0,0000305 seconds
2017-03-18T19:20:54.337+0100: 3991,587: Total time for which application threads were stopped: 0,0000893 seconds, Stopping threads took: 0,0000294 seconds
2017-03-18T19:21:09.339+0100: 4006,588: Total time for which application threads were stopped: 0,0000790 seconds, Stopping threads took: 0,0000286 seconds
2017-03-18T19:35:10.406+0100: 4847,656: Total time for which application threads were stopped: 0,0001335 seconds, Stopping threads took: 0,0000414 seconds
2017-03-18T19:35:25.408+0100: 4862,657: Total time for which application threads were stopped: 0,0000846 seconds, Stopping threads took: 0,0000313 seconds
2017-03-18T19:42:57.187+0100: 5314,437: Total time for which application threads were stopped: 0,0522787 seconds, Stopping threads took: 0,0521859 seconds
2017-03-18T19:42:57.223+0100: 5314,473: Total time for which application threads were stopped: 0,0001225 seconds, Stopping threads took: 0,0000358 seconds
2017-03-18T19:42:57.251+0100: 5314,501: Total time for which application threads were stopped: 0,0001036 seconds, Stopping threads took: 0,0000334 seconds
2017-03-18T19:42:57.251+0100: 5314,501: Total time for which application threads were stopped: 0,0000455 seconds, Stopping threads took: 0,0000129 seconds
2017-03-18T19:42:57.251+0100: 5314,501: Total time for which application threads were stopped: 0,0000413 seconds, Stopping threads took: 0,0000124 seconds
2017-03-18T19:42:57.252+0100: 5314,501: Total time for which application threads were stopped: 0,0000433 seconds, Stopping threads took: 0,0000123 seconds
2017-03-18T19:42:57.252+0100: 5314,501: Total time for which application threads were stopped: 0,0000446 seconds, Stopping threads took: 0,0000120 seconds
2017-03-18T19:42:57.252+0100: 5314,502: Total time for which application threads were stopped: 0,0000443 seconds, Stopping threads took: 0,0000119 seconds
2017-03-18T19:42:57.252+0100: 5314,502: Total time for which application threads were stopped: 0,0000394 seconds, Stopping threads took: 0,0000109 seconds
2017-03-18T19:42:57.268+0100: 5314,518: Total time for which application threads were stopped: 0,0001441 seconds, Stopping threads took: 0,0000522 seconds
2017-03-18T19:42:57.271+0100: 5314,521: Total time for which application threads were stopped: 0,0008106 seconds, Stopping threads took: 0,0000311 seconds
2017-03-18T19:42:57.271+0100: 5314,521: Total time for which application threads were stopped: 0,0000880 seconds, Stopping threads took: 0,0000194 seconds
2017-03-18T19:42:57.285+0100: 5314,535: Total time for which application threads were stopped: 0,0001109 seconds, Stopping threads took: 0,0000344 seconds
2017-03-18T19:42:57.285+0100: 5314,535: Total time for which application threads were stopped: 0,0000461 seconds, Stopping threads took: 0,0000128 seconds
2017-03-18T19:42:57.285+0100: 5314,535: Total time for which application threads were stopped: 0,0000410 seconds, Stopping threads took: 0,0000113 seconds
2017-03-18T19:42:57.285+0100: 5314,535: Total time for which application threads were stopped: 0,0000519 seconds, Stopping threads took: 0,0000194 seconds
2017-03-18T19:42:57.285+0100: 5314,535: Total time for which application threads were stopped: 0,0000479 seconds, Stopping threads took: 0,0000144 seconds
2017-03-18T19:42:57.285+0100: 5314,535: Total time for which application threads were stopped: 0,0000459 seconds, Stopping threads took: 0,0000136 seconds
2017-03-18T19:42:57.288+0100: 5314,538: Total time for which application threads were stopped: 0,0000942 seconds, Stopping threads took: 0,0000303 seconds
2017-03-18T19:42:57.288+0100: 5314,538: Total time for which application threads were stopped: 0,0000534 seconds, Stopping threads took: 0,0000155 seconds
2017-03-18T19:42:57.288+0100: 5314,538: Total time for which application threads were stopped: 0,0000500 seconds, Stopping threads took: 0,0000154 seconds
2017-03-18T19:42:57.289+0100: 5314,538: Total time for which application threads were stopped: 0,0000373 seconds, Stopping threads took: 0,0000055 seconds
2017-03-18T19:42:57.289+0100: 5314,539: Total time for which application threads were stopped: 0,0000466 seconds, Stopping threads took: 0,0000146 seconds
2017-03-18T19:42:57.289+0100: 5314,539: Total time for which application threads were stopped: 0,0000457 seconds, Stopping threads took: 0,0000164 seconds
2017-03-18T19:42:57.290+0100: 5314,540: Total time for which application threads were stopped: 0,0000923 seconds, Stopping threads took: 0,0000293 seconds
2017-03-18T19:42:57.290+0100: 5314,540: Total time for which application threads were stopped: 0,0000373 seconds, Stopping threads took: 0,0000057 seconds
2017-03-18T19:42:57.290+0100: 5314,540: Total time for which application threads were stopped: 0,0000453 seconds, Stopping threads took: 0,0000118 seconds
2017-03-18T19:42:57.290+0100: 5314,540: Total time for which application threads were stopped: 0,0000475 seconds, Stopping threads took: 0,0000158 seconds
2017-03-18T19:42:57.290+0100: 5314,540: Total time for which application threads were stopped: 0,0000519 seconds, Stopping threads took: 0,0000164 seconds
2017-03-18T19:42:57.291+0100: 5314,541: Total time for which application threads were stopped: 0,0000621 seconds, Stopping threads took: 0,0000210 seconds
2017-03-18T19:42:57.291+0100: 5314,541: Total time for which application threads were stopped: 0,0001657 seconds, Stopping threads took: 0,0000120 seconds
2017-03-18T19:42:57.291+0100: 5314,541: Total time for which application threads were stopped: 0,0000709 seconds, Stopping threads took: 0,0000206 seconds
2017-03-18T19:42:57.306+0100: 5314,556: Total time for which application threads were stopped: 0,0001606 seconds, Stopping threads took: 0,0000365 seconds
2017-03-18T19:42:57.308+0100: 5314,558: Total time for which application threads were stopped: 0,0001015 seconds, Stopping threads took: 0,0000288 seconds
2017-03-18T19:42:57.309+0100: 5314,559: Total time for which application threads were stopped: 0,0001269 seconds, Stopping threads took: 0,0000294 seconds
Heap
 par new generation   total 109248K, used 33359K [0x00000000e0000000, 0x00000000e8000000, 0x00000000e8000000)
  eden space 87424K,  21% used [0x00000000e0000000, 0x00000000e1273bc0, 0x00000000e5560000)
  from space 21824K,  66% used [0x00000000e5560000, 0x00000000e63802e8, 0x00000000e6ab0000)
  to   space 21824K,   0% used [0x00000000e6ab0000, 0x00000000e6ab0000, 0x00000000e8000000)
 concurrent mark-sweep generation total 393216K, used 6896K [0x00000000e8000000, 0x0000000100000000, 0x0000000100000000)
 Metaspace       used 28106K, capacity 28602K, committed 28796K, reserved 1075200K
  class space    used 3228K, capacity 3424K, committed 3452K, reserved 1048576K
