OpenJDK 64-Bit Server VM (25.121-b13) for linux-amd64 JRE (1.8.0_121-8u121-b13-0ubuntu1.16.04.2-b13), built on Jan 23 2017 15:51:29 by "buildd" with gcc 5.4.0 20160609
Memory: 4k page, physical 7867760k(7437728k free), swap 8076284k(8076284k free)
CommandLine flags: -XX:CMSInitiatingOccupancyFraction=50 -XX:CMSMaxAbortablePrecleanTime=6000 -XX:+CMSParallelRemarkEnabled -XX:+CMSScavengeBeforeRemark -XX:ConcGCThreads=4 -XX:InitialHeapSize=536870912 -XX:MaxHeapSize=536870912 -XX:MaxTenuringThreshold=8 -XX:NewRatio=3 -XX:OldPLABSize=16 -XX:OnOutOfMemoryError=/opt/solr/bin/oom_solr.sh 8983 /var/solr/logs -XX:ParallelGCThreads=4 -XX:+ParallelRefProcEnabled -XX:PretenureSizeThreshold=67108864 -XX:+PrintGC -XX:+PrintGCApplicationStoppedTime -XX:+PrintGCDateStamps -XX:+PrintGCDetails -XX:+PrintGCTimeStamps -XX:+PrintHeapAtGC -XX:+PrintTenuringDistribution -XX:SurvivorRatio=4 -XX:TargetSurvivorRatio=90 -XX:ThreadStackSize=256 -XX:+UseCMSInitiatingOccupancyOnly -XX:+UseCompressedClassPointers -XX:+UseCompressedOops -XX:+UseConcMarkSweepGC -XX:+UseParNewGC 
2017-03-13T07:09:19.753+0100: 0,169: Total time for which application threads were stopped: 0,0000795 seconds, Stopping threads took: 0,0000095 seconds
2017-03-13T07:09:19.857+0100: 0,273: Total time for which application threads were stopped: 0,0001001 seconds, Stopping threads took: 0,0000137 seconds
2017-03-13T07:09:19.880+0100: 0,296: Total time for which application threads were stopped: 0,0000869 seconds, Stopping threads took: 0,0000153 seconds
2017-03-13T07:09:20.175+0100: 0,591: Total time for which application threads were stopped: 0,0001906 seconds, Stopping threads took: 0,0000363 seconds
2017-03-13T07:09:20.606+0100: 1,022: Total time for which application threads were stopped: 0,0002242 seconds, Stopping threads took: 0,0000192 seconds
2017-03-13T07:09:20.732+0100: 1,148: Total time for which application threads were stopped: 0,0001434 seconds, Stopping threads took: 0,0000121 seconds
2017-03-13T07:09:20.763+0100: 1,179: Total time for which application threads were stopped: 0,0021958 seconds, Stopping threads took: 0,0000373 seconds
2017-03-13T07:09:21.131+0100: 1,547: Total time for which application threads were stopped: 0,0001716 seconds, Stopping threads took: 0,0000230 seconds
2017-03-13T07:09:21.386+0100: 1,802: Total time for which application threads were stopped: 0,0001986 seconds, Stopping threads took: 0,0000241 seconds
2017-03-13T07:09:21.413+0100: 1,829: Total time for which application threads were stopped: 0,0001705 seconds, Stopping threads took: 0,0000235 seconds
2017-03-13T07:09:21.444+0100: 1,860: Total time for which application threads were stopped: 0,0002045 seconds, Stopping threads took: 0,0000214 seconds
2017-03-13T07:09:21.445+0100: 1,861: Total time for which application threads were stopped: 0,0001764 seconds, Stopping threads took: 0,0000145 seconds
2017-03-13T07:09:21.459+0100: 1,875: Total time for which application threads were stopped: 0,0001781 seconds, Stopping threads took: 0,0000119 seconds
2017-03-13T07:09:21.527+0100: 1,943: Total time for which application threads were stopped: 0,0002530 seconds, Stopping threads took: 0,0000240 seconds
2017-03-13T07:09:21.702+0100: 2,118: Total time for which application threads were stopped: 0,0003311 seconds, Stopping threads took: 0,0000880 seconds
{Heap before GC invocations=0 (full 0):
 par new generation   total 109248K, used 87424K [0x00000000e0000000, 0x00000000e8000000, 0x00000000e8000000)
  eden space 87424K, 100% used [0x00000000e0000000, 0x00000000e5560000, 0x00000000e5560000)
  from space 21824K,   0% used [0x00000000e5560000, 0x00000000e5560000, 0x00000000e6ab0000)
  to   space 21824K,   0% used [0x00000000e6ab0000, 0x00000000e6ab0000, 0x00000000e8000000)
 concurrent mark-sweep generation total 393216K, used 0K [0x00000000e8000000, 0x0000000100000000, 0x0000000100000000)
 Metaspace       used 18217K, capacity 18464K, committed 18688K, reserved 1064960K
  class space    used 2060K, capacity 2196K, committed 2304K, reserved 1048576K
2017-03-13T07:09:21.814+0100: 2,230: [GC (Allocation Failure) 2017-03-13T07:09:21.814+0100: 2,230: [ParNew
Desired survivor size 20112992 bytes, new threshold 8 (max 8)
- age   1:   12819376 bytes,   12819376 total
: 87424K->12641K(109248K), 0,0159704 secs] 87424K->12641K(502464K), 0,0160540 secs] [Times: user=0,04 sys=0,02, real=0,01 secs] 
Heap after GC invocations=1 (full 0):
 par new generation   total 109248K, used 12641K [0x00000000e0000000, 0x00000000e8000000, 0x00000000e8000000)
  eden space 87424K,   0% used [0x00000000e0000000, 0x00000000e0000000, 0x00000000e5560000)
  from space 21824K,  57% used [0x00000000e6ab0000, 0x00000000e77086c0, 0x00000000e8000000)
  to   space 21824K,   0% used [0x00000000e5560000, 0x00000000e5560000, 0x00000000e6ab0000)
 concurrent mark-sweep generation total 393216K, used 0K [0x00000000e8000000, 0x0000000100000000, 0x0000000100000000)
 Metaspace       used 18217K, capacity 18464K, committed 18688K, reserved 1064960K
  class space    used 2060K, capacity 2196K, committed 2304K, reserved 1048576K
}
2017-03-13T07:09:21.830+0100: 2,246: Total time for which application threads were stopped: 0,0162643 seconds, Stopping threads took: 0,0000223 seconds
2017-03-13T07:09:22.096+0100: 2,513: Total time for which application threads were stopped: 0,0003421 seconds, Stopping threads took: 0,0000309 seconds
2017-03-13T07:09:22.137+0100: 2,553: Total time for which application threads were stopped: 0,0006598 seconds, Stopping threads took: 0,0003671 seconds
{Heap before GC invocations=1 (full 0):
 par new generation   total 109248K, used 100065K [0x00000000e0000000, 0x00000000e8000000, 0x00000000e8000000)
  eden space 87424K, 100% used [0x00000000e0000000, 0x00000000e5560000, 0x00000000e5560000)
  from space 21824K,  57% used [0x00000000e6ab0000, 0x00000000e77086c0, 0x00000000e8000000)
  to   space 21824K,   0% used [0x00000000e5560000, 0x00000000e5560000, 0x00000000e6ab0000)
 concurrent mark-sweep generation total 393216K, used 0K [0x00000000e8000000, 0x0000000100000000, 0x0000000100000000)
 Metaspace       used 20050K, capacity 20350K, committed 20736K, reserved 1067008K
  class space    used 2296K, capacity 2465K, committed 2560K, reserved 1048576K
2017-03-13T07:09:22.145+0100: 2,561: [GC (Allocation Failure) 2017-03-13T07:09:22.145+0100: 2,561: [ParNew
Desired survivor size 20112992 bytes, new threshold 8 (max 8)
- age   1:    3575992 bytes,    3575992 total
- age   2:    6693368 bytes,   10269360 total
: 100065K->15850K(109248K), 0,0112520 secs] 100065K->15850K(502464K), 0,0113386 secs] [Times: user=0,03 sys=0,01, real=0,02 secs] 
Heap after GC invocations=2 (full 0):
 par new generation   total 109248K, used 15850K [0x00000000e0000000, 0x00000000e8000000, 0x00000000e8000000)
  eden space 87424K,   0% used [0x00000000e0000000, 0x00000000e0000000, 0x00000000e5560000)
  from space 21824K,  72% used [0x00000000e5560000, 0x00000000e64da900, 0x00000000e6ab0000)
  to   space 21824K,   0% used [0x00000000e6ab0000, 0x00000000e6ab0000, 0x00000000e8000000)
 concurrent mark-sweep generation total 393216K, used 0K [0x00000000e8000000, 0x0000000100000000, 0x0000000100000000)
 Metaspace       used 20050K, capacity 20350K, committed 20736K, reserved 1067008K
  class space    used 2296K, capacity 2465K, committed 2560K, reserved 1048576K
}
2017-03-13T07:09:22.156+0100: 2,573: Total time for which application threads were stopped: 0,0115586 seconds, Stopping threads took: 0,0000659 seconds
2017-03-13T07:09:22.196+0100: 2,612: Total time for which application threads were stopped: 0,0064278 seconds, Stopping threads took: 0,0060663 seconds
2017-03-13T07:09:22.338+0100: 2,754: Total time for which application threads were stopped: 0,0005240 seconds, Stopping threads took: 0,0004005 seconds
{Heap before GC invocations=2 (full 0):
 par new generation   total 109248K, used 103274K [0x00000000e0000000, 0x00000000e8000000, 0x00000000e8000000)
  eden space 87424K, 100% used [0x00000000e0000000, 0x00000000e5560000, 0x00000000e5560000)
  from space 21824K,  72% used [0x00000000e5560000, 0x00000000e64da900, 0x00000000e6ab0000)
  to   space 21824K,   0% used [0x00000000e6ab0000, 0x00000000e6ab0000, 0x00000000e8000000)
 concurrent mark-sweep generation total 393216K, used 0K [0x00000000e8000000, 0x0000000100000000, 0x0000000100000000)
 Metaspace       used 20971K, capacity 21272K, committed 21628K, reserved 1069056K
  class space    used 2417K, capacity 2584K, committed 2684K, reserved 1048576K
2017-03-13T07:09:22.381+0100: 2,797: [GC (Allocation Failure) 2017-03-13T07:09:22.381+0100: 2,797: [ParNew
Desired survivor size 20112992 bytes, new threshold 8 (max 8)
- age   1:    2072200 bytes,    2072200 total
- age   2:     813720 bytes,    2885920 total
- age   3:    6689120 bytes,    9575040 total
: 103274K->12343K(109248K), 0,0114339 secs] 103274K->12343K(502464K), 0,0115158 secs] [Times: user=0,04 sys=0,00, real=0,01 secs] 
Heap after GC invocations=3 (full 0):
 par new generation   total 109248K, used 12343K [0x00000000e0000000, 0x00000000e8000000, 0x00000000e8000000)
  eden space 87424K,   0% used [0x00000000e0000000, 0x00000000e0000000, 0x00000000e5560000)
  from space 21824K,  56% used [0x00000000e6ab0000, 0x00000000e76bdc20, 0x00000000e8000000)
  to   space 21824K,   0% used [0x00000000e5560000, 0x00000000e5560000, 0x00000000e6ab0000)
 concurrent mark-sweep generation total 393216K, used 0K [0x00000000e8000000, 0x0000000100000000, 0x0000000100000000)
 Metaspace       used 20971K, capacity 21272K, committed 21628K, reserved 1069056K
  class space    used 2417K, capacity 2584K, committed 2684K, reserved 1048576K
}
2017-03-13T07:09:22.392+0100: 2,808: Total time for which application threads were stopped: 0,0118261 seconds, Stopping threads took: 0,0001688 seconds
2017-03-13T07:09:22.400+0100: 2,816: [GC (CMS Initial Mark) [1 CMS-initial-mark: 0K(393216K)] 15259K(502464K), 0,0041853 secs] [Times: user=0,02 sys=0,00, real=0,00 secs] 
2017-03-13T07:09:22.404+0100: 2,820: Total time for which application threads were stopped: 0,0043567 seconds, Stopping threads took: 0,0000692 seconds
2017-03-13T07:09:22.404+0100: 2,820: [CMS-concurrent-mark-start]
2017-03-13T07:09:22.407+0100: 2,823: [CMS-concurrent-mark: 0,003/0,003 secs] [Times: user=0,00 sys=0,00, real=0,01 secs] 
2017-03-13T07:09:22.407+0100: 2,823: [CMS-concurrent-preclean-start]
2017-03-13T07:09:22.408+0100: 2,824: [CMS-concurrent-preclean: 0,001/0,001 secs] [Times: user=0,01 sys=0,00, real=0,00 secs] 
2017-03-13T07:09:22.408+0100: 2,824: [CMS-concurrent-abortable-preclean-start]
2017-03-13T07:09:22.473+0100: 2,889: Total time for which application threads were stopped: 0,0002063 seconds, Stopping threads took: 0,0001163 seconds
{Heap before GC invocations=3 (full 1):
 par new generation   total 109248K, used 99767K [0x00000000e0000000, 0x00000000e8000000, 0x00000000e8000000)
  eden space 87424K, 100% used [0x00000000e0000000, 0x00000000e5560000, 0x00000000e5560000)
  from space 21824K,  56% used [0x00000000e6ab0000, 0x00000000e76bdc20, 0x00000000e8000000)
  to   space 21824K,   0% used [0x00000000e5560000, 0x00000000e5560000, 0x00000000e6ab0000)
 concurrent mark-sweep generation total 393216K, used 0K [0x00000000e8000000, 0x0000000100000000, 0x0000000100000000)
 Metaspace       used 21258K, capacity 21612K, committed 21884K, reserved 1069056K
  class space    used 2447K, capacity 2599K, committed 2684K, reserved 1048576K
2017-03-13T07:09:22.522+0100: 2,938: [GC (Allocation Failure) 2017-03-13T07:09:22.522+0100: 2,938: [ParNew
Desired survivor size 20112992 bytes, new threshold 8 (max 8)
- age   1:    1486392 bytes,    1486392 total
- age   2:    1468736 bytes,    2955128 total
- age   3:     778440 bytes,    3733568 total
- age   4:    6688944 bytes,   10422512 total
: 99767K->12728K(109248K), 0,0123215 secs] 99767K->12728K(502464K), 0,0123952 secs] [Times: user=0,03 sys=0,00, real=0,02 secs] 
Heap after GC invocations=4 (full 1):
 par new generation   total 109248K, used 12728K [0x00000000e0000000, 0x00000000e8000000, 0x00000000e8000000)
  eden space 87424K,   0% used [0x00000000e0000000, 0x00000000e0000000, 0x00000000e5560000)
  from space 21824K,  58% used [0x00000000e5560000, 0x00000000e61ce128, 0x00000000e6ab0000)
  to   space 21824K,   0% used [0x00000000e6ab0000, 0x00000000e6ab0000, 0x00000000e8000000)
 concurrent mark-sweep generation total 393216K, used 0K [0x00000000e8000000, 0x0000000100000000, 0x0000000100000000)
 Metaspace       used 21258K, capacity 21612K, committed 21884K, reserved 1069056K
  class space    used 2447K, capacity 2599K, committed 2684K, reserved 1048576K
}
2017-03-13T07:09:22.534+0100: 2,950: Total time for which application threads were stopped: 0,0143432 seconds, Stopping threads took: 0,0017795 seconds
2017-03-13T07:09:22.534+0100: 2,950: [CMS-concurrent-abortable-preclean: 0,069/0,126 secs] [Times: user=0,47 sys=0,00, real=0,13 secs] 
2017-03-13T07:09:22.535+0100: 2,951: [GC (CMS Final Remark) [YG occupancy: 14094 K (109248 K)]{Heap before GC invocations=4 (full 1):
 par new generation   total 109248K, used 14094K [0x00000000e0000000, 0x00000000e8000000, 0x00000000e8000000)
  eden space 87424K,   1% used [0x00000000e0000000, 0x00000000e0155748, 0x00000000e5560000)
  from space 21824K,  58% used [0x00000000e5560000, 0x00000000e61ce128, 0x00000000e6ab0000)
  to   space 21824K,   0% used [0x00000000e6ab0000, 0x00000000e6ab0000, 0x00000000e8000000)
 concurrent mark-sweep generation total 393216K, used 0K [0x00000000e8000000, 0x0000000100000000, 0x0000000100000000)
 Metaspace       used 21258K, capacity 21612K, committed 21884K, reserved 1069056K
  class space    used 2447K, capacity 2599K, committed 2684K, reserved 1048576K
2017-03-13T07:09:22.535+0100: 2,951: [GC (CMS Final Remark) 2017-03-13T07:09:22.535+0100: 2,951: [ParNew
Desired survivor size 20112992 bytes, new threshold 8 (max 8)
- age   1:      33704 bytes,      33704 total
- age   2:    1332448 bytes,    1366152 total
- age   3:    1463424 bytes,    2829576 total
- age   4:     778440 bytes,    3608016 total
- age   5:    6688944 bytes,   10296960 total
: 14094K->15383K(109248K), 0,0097362 secs] 14094K->15383K(502464K), 0,0097806 secs] [Times: user=0,04 sys=0,01, real=0,00 secs] 
Heap after GC invocations=5 (full 1):
 par new generation   total 109248K, used 15383K [0x00000000e0000000, 0x00000000e8000000, 0x00000000e8000000)
  eden space 87424K,   0% used [0x00000000e0000000, 0x00000000e0000000, 0x00000000e5560000)
  from space 21824K,  70% used [0x00000000e6ab0000, 0x00000000e79b5ed0, 0x00000000e8000000)
  to   space 21824K,   0% used [0x00000000e5560000, 0x00000000e5560000, 0x00000000e6ab0000)
 concurrent mark-sweep generation total 393216K, used 0K [0x00000000e8000000, 0x0000000100000000, 0x0000000100000000)
 Metaspace       used 21258K, capacity 21612K, committed 21884K, reserved 1069056K
  class space    used 2447K, capacity 2599K, committed 2684K, reserved 1048576K
}
2017-03-13T07:09:22.545+0100: 2,961: [Rescan (parallel) , 0,0032723 secs]2017-03-13T07:09:22.548+0100: 2,964: [weak refs processing, 0,0011885 secs]2017-03-13T07:09:22.549+0100: 2,965: [class unloading, 0,0028065 secs]2017-03-13T07:09:22.552+0100: 2,968: [scrub symbol table, 0,0032740 secs]2017-03-13T07:09:22.555+0100: 2,972: [scrub string table, 0,0003649 secs][1 CMS-remark: 0K(393216K)] 15383K(502464K), 0,0213046 secs] [Times: user=0,06 sys=0,01, real=0,02 secs] 
2017-03-13T07:09:22.556+0100: 2,972: Total time for which application threads were stopped: 0,0214182 seconds, Stopping threads took: 0,0000426 seconds
2017-03-13T07:09:22.556+0100: 2,972: [CMS-concurrent-sweep-start]
2017-03-13T07:09:22.556+0100: 2,973: [CMS-concurrent-sweep: 0,000/0,000 secs] [Times: user=0,00 sys=0,00, real=0,00 secs] 
2017-03-13T07:09:22.556+0100: 2,973: [CMS-concurrent-reset-start]
2017-03-13T07:09:22.559+0100: 2,975: [CMS-concurrent-reset: 0,003/0,003 secs] [Times: user=0,01 sys=0,00, real=0,00 secs] 
{Heap before GC invocations=5 (full 1):
 par new generation   total 109248K, used 102807K [0x00000000e0000000, 0x00000000e8000000, 0x00000000e8000000)
  eden space 87424K, 100% used [0x00000000e0000000, 0x00000000e5560000, 0x00000000e5560000)
  from space 21824K,  70% used [0x00000000e6ab0000, 0x00000000e79b5ed0, 0x00000000e8000000)
  to   space 21824K,   0% used [0x00000000e5560000, 0x00000000e5560000, 0x00000000e6ab0000)
 concurrent mark-sweep generation total 393216K, used 0K [0x00000000e8000000, 0x0000000100000000, 0x0000000100000000)
 Metaspace       used 21378K, capacity 21778K, committed 21884K, reserved 1069056K
  class space    used 2466K, capacity 2632K, committed 2684K, reserved 1048576K
2017-03-13T07:09:22.646+0100: 3,062: [GC (Allocation Failure) 2017-03-13T07:09:22.646+0100: 3,062: [ParNew
Desired survivor size 20112992 bytes, new threshold 8 (max 8)
- age   1:     958192 bytes,     958192 total
- age   2:        848 bytes,     959040 total
- age   3:     181696 bytes,    1140736 total
- age   4:    1463176 bytes,    2603912 total
- age   5:     778328 bytes,    3382240 total
- age   6:    6688936 bytes,   10071176 total
: 102807K->11778K(109248K), 0,0097544 secs] 102807K->11778K(502464K), 0,0098253 secs] [Times: user=0,03 sys=0,00, real=0,01 secs] 
Heap after GC invocations=6 (full 1):
 par new generation   total 109248K, used 11778K [0x00000000e0000000, 0x00000000e8000000, 0x00000000e8000000)
  eden space 87424K,   0% used [0x00000000e0000000, 0x00000000e0000000, 0x00000000e5560000)
  from space 21824K,  53% used [0x00000000e5560000, 0x00000000e60e0b50, 0x00000000e6ab0000)
  to   space 21824K,   0% used [0x00000000e6ab0000, 0x00000000e6ab0000, 0x00000000e8000000)
 concurrent mark-sweep generation total 393216K, used 0K [0x00000000e8000000, 0x0000000100000000, 0x0000000100000000)
 Metaspace       used 21378K, capacity 21778K, committed 21884K, reserved 1069056K
  class space    used 2466K, capacity 2632K, committed 2684K, reserved 1048576K
}
2017-03-13T07:09:22.655+0100: 3,072: Total time for which application threads were stopped: 0,0106742 seconds, Stopping threads took: 0,0007129 seconds
2017-03-13T07:09:22.700+0100: 3,116: Total time for which application threads were stopped: 0,0003605 seconds, Stopping threads took: 0,0000245 seconds
2017-03-13T07:09:22.915+0100: 3,331: Total time for which application threads were stopped: 0,0005027 seconds, Stopping threads took: 0,0000787 seconds
2017-03-13T07:09:22.929+0100: 3,346: Total time for which application threads were stopped: 0,0003935 seconds, Stopping threads took: 0,0000401 seconds
{Heap before GC invocations=6 (full 1):
 par new generation   total 109248K, used 99202K [0x00000000e0000000, 0x00000000e8000000, 0x00000000e8000000)
  eden space 87424K, 100% used [0x00000000e0000000, 0x00000000e5560000, 0x00000000e5560000)
  from space 21824K,  53% used [0x00000000e5560000, 0x00000000e60e0b50, 0x00000000e6ab0000)
  to   space 21824K,   0% used [0x00000000e6ab0000, 0x00000000e6ab0000, 0x00000000e8000000)
 concurrent mark-sweep generation total 393216K, used 0K [0x00000000e8000000, 0x0000000100000000, 0x0000000100000000)
 Metaspace       used 24335K, capacity 24738K, committed 24828K, reserved 1071104K
  class space    used 2858K, capacity 3040K, committed 3068K, reserved 1048576K
2017-03-13T07:09:23.142+0100: 3,558: [GC (Allocation Failure) 2017-03-13T07:09:23.142+0100: 3,558: [ParNew
Desired survivor size 20112992 bytes, new threshold 8 (max 8)
- age   1:    5410864 bytes,    5410864 total
- age   2:     109264 bytes,    5520128 total
- age   3:        848 bytes,    5520976 total
- age   4:     180336 bytes,    5701312 total
- age   5:     293552 bytes,    5994864 total
- age   6:     754088 bytes,    6748952 total
- age   7:    6680016 bytes,   13428968 total
: 99202K->17108K(109248K), 0,0132949 secs] 99202K->17108K(502464K), 0,0133670 secs] [Times: user=0,05 sys=0,00, real=0,02 secs] 
Heap after GC invocations=7 (full 1):
 par new generation   total 109248K, used 17108K [0x00000000e0000000, 0x00000000e8000000, 0x00000000e8000000)
  eden space 87424K,   0% used [0x00000000e0000000, 0x00000000e0000000, 0x00000000e5560000)
  from space 21824K,  78% used [0x00000000e6ab0000, 0x00000000e7b65180, 0x00000000e8000000)
  to   space 21824K,   0% used [0x00000000e5560000, 0x00000000e5560000, 0x00000000e6ab0000)
 concurrent mark-sweep generation total 393216K, used 0K [0x00000000e8000000, 0x0000000100000000, 0x0000000100000000)
 Metaspace       used 24335K, capacity 24738K, committed 24828K, reserved 1071104K
  class space    used 2858K, capacity 3040K, committed 3068K, reserved 1048576K
}
2017-03-13T07:09:23.156+0100: 3,572: Total time for which application threads were stopped: 0,0137032 seconds, Stopping threads took: 0,0000929 seconds
{Heap before GC invocations=7 (full 1):
 par new generation   total 109248K, used 104532K [0x00000000e0000000, 0x00000000e8000000, 0x00000000e8000000)
  eden space 87424K, 100% used [0x00000000e0000000, 0x00000000e5560000, 0x00000000e5560000)
  from space 21824K,  78% used [0x00000000e6ab0000, 0x00000000e7b65180, 0x00000000e8000000)
  to   space 21824K,   0% used [0x00000000e5560000, 0x00000000e5560000, 0x00000000e6ab0000)
 concurrent mark-sweep generation total 393216K, used 0K [0x00000000e8000000, 0x0000000100000000, 0x0000000100000000)
 Metaspace       used 24514K, capacity 25010K, committed 25084K, reserved 1071104K
  class space    used 2872K, capacity 3043K, committed 3068K, reserved 1048576K
2017-03-13T07:09:23.271+0100: 3,688: [GC (Allocation Failure) 2017-03-13T07:09:23.271+0100: 3,688: [ParNew
Desired survivor size 20112992 bytes, new threshold 8 (max 8)
- age   1:    1369752 bytes,    1369752 total
- age   2:    1781816 bytes,    3151568 total
- age   3:      53072 bytes,    3204640 total
- age   4:        560 bytes,    3205200 total
- age   5:     102896 bytes,    3308096 total
- age   6:     178768 bytes,    3486864 total
- age   7:     726824 bytes,    4213688 total
- age   8:    6145728 bytes,   10359416 total
: 104532K->14112K(109248K), 0,0319893 secs] 104532K->14112K(502464K), 0,0320831 secs] [Times: user=0,07 sys=0,00, real=0,03 secs] 
Heap after GC invocations=8 (full 1):
 par new generation   total 109248K, used 14112K [0x00000000e0000000, 0x00000000e8000000, 0x00000000e8000000)
  eden space 87424K,   0% used [0x00000000e0000000, 0x00000000e0000000, 0x00000000e5560000)
  from space 21824K,  64% used [0x00000000e5560000, 0x00000000e6328300, 0x00000000e6ab0000)
  to   space 21824K,   0% used [0x00000000e6ab0000, 0x00000000e6ab0000, 0x00000000e8000000)
 concurrent mark-sweep generation total 393216K, used 0K [0x00000000e8000000, 0x0000000100000000, 0x0000000100000000)
 Metaspace       used 24514K, capacity 25010K, committed 25084K, reserved 1071104K
  class space    used 2872K, capacity 3043K, committed 3068K, reserved 1048576K
}
2017-03-13T07:09:23.304+0100: 3,720: Total time for which application threads were stopped: 0,0422722 seconds, Stopping threads took: 0,0099295 seconds
{Heap before GC invocations=8 (full 1):
 par new generation   total 109248K, used 101536K [0x00000000e0000000, 0x00000000e8000000, 0x00000000e8000000)
  eden space 87424K, 100% used [0x00000000e0000000, 0x00000000e5560000, 0x00000000e5560000)
  from space 21824K,  64% used [0x00000000e5560000, 0x00000000e6328300, 0x00000000e6ab0000)
  to   space 21824K,   0% used [0x00000000e6ab0000, 0x00000000e6ab0000, 0x00000000e8000000)
 concurrent mark-sweep generation total 393216K, used 0K [0x00000000e8000000, 0x0000000100000000, 0x0000000100000000)
 Metaspace       used 24808K, capacity 25250K, committed 25468K, reserved 1071104K
  class space    used 2900K, capacity 3078K, committed 3196K, reserved 1048576K
2017-03-13T07:09:23.384+0100: 3,800: [GC (Allocation Failure) 2017-03-13T07:09:23.384+0100: 3,800: [ParNew
Desired survivor size 20112992 bytes, new threshold 8 (max 8)
- age   1:     452800 bytes,     452800 total
- age   2:     635304 bytes,    1088104 total
- age   3:    1771304 bytes,    2859408 total
- age   4:      53072 bytes,    2912480 total
- age   5:        560 bytes,    2913040 total
- age   6:     102792 bytes,    3015832 total
- age   7:     178768 bytes,    3194600 total
- age   8:     726824 bytes,    3921424 total
: 101536K->6947K(109248K), 0,0277962 secs] 101536K->13032K(502464K), 0,0278674 secs] [Times: user=0,09 sys=0,01, real=0,03 secs] 
Heap after GC invocations=9 (full 1):
 par new generation   total 109248K, used 6947K [0x00000000e0000000, 0x00000000e8000000, 0x00000000e8000000)
  eden space 87424K,   0% used [0x00000000e0000000, 0x00000000e0000000, 0x00000000e5560000)
  from space 21824K,  31% used [0x00000000e6ab0000, 0x00000000e7178d10, 0x00000000e8000000)
  to   space 21824K,   0% used [0x00000000e5560000, 0x00000000e5560000, 0x00000000e6ab0000)
 concurrent mark-sweep generation total 393216K, used 6084K [0x00000000e8000000, 0x0000000100000000, 0x0000000100000000)
 Metaspace       used 24808K, capacity 25250K, committed 25468K, reserved 1071104K
  class space    used 2900K, capacity 3078K, committed 3196K, reserved 1048576K
}
2017-03-13T07:09:23.412+0100: 3,828: Total time for which application threads were stopped: 0,0281135 seconds, Stopping threads took: 0,0000767 seconds
2017-03-13T07:09:23.640+0100: 4,056: Total time for which application threads were stopped: 0,0009135 seconds, Stopping threads took: 0,0002043 seconds
2017-03-13T07:09:23.648+0100: 4,064: Total time for which application threads were stopped: 0,0002116 seconds, Stopping threads took: 0,0001159 seconds
2017-03-13T07:09:23.648+0100: 4,064: Total time for which application threads were stopped: 0,0000956 seconds, Stopping threads took: 0,0000216 seconds
2017-03-13T07:09:23.654+0100: 4,070: Total time for which application threads were stopped: 0,0052155 seconds, Stopping threads took: 0,0051045 seconds
2017-03-13T07:09:23.659+0100: 4,075: Total time for which application threads were stopped: 0,0002856 seconds, Stopping threads took: 0,0001800 seconds
2017-03-13T07:09:23.660+0100: 4,076: Total time for which application threads were stopped: 0,0001301 seconds, Stopping threads took: 0,0000356 seconds
2017-03-13T07:09:23.660+0100: 4,076: Total time for which application threads were stopped: 0,0001185 seconds, Stopping threads took: 0,0000311 seconds
2017-03-13T07:09:23.679+0100: 4,095: Total time for which application threads were stopped: 0,0001349 seconds, Stopping threads took: 0,0000323 seconds
2017-03-13T07:09:23.708+0100: 4,124: Total time for which application threads were stopped: 0,0001410 seconds, Stopping threads took: 0,0000358 seconds
2017-03-13T07:09:23.708+0100: 4,124: Total time for which application threads were stopped: 0,0000851 seconds, Stopping threads took: 0,0000278 seconds
2017-03-13T07:09:23.708+0100: 4,125: Total time for which application threads were stopped: 0,0000789 seconds, Stopping threads took: 0,0000179 seconds
2017-03-13T07:09:23.711+0100: 4,127: Total time for which application threads were stopped: 0,0001400 seconds, Stopping threads took: 0,0000485 seconds
2017-03-13T07:09:23.711+0100: 4,127: Total time for which application threads were stopped: 0,0000968 seconds, Stopping threads took: 0,0000240 seconds
2017-03-13T07:09:23.726+0100: 4,142: Total time for which application threads were stopped: 0,0006169 seconds, Stopping threads took: 0,0000706 seconds
2017-03-13T07:09:23.728+0100: 4,144: Total time for which application threads were stopped: 0,0001488 seconds, Stopping threads took: 0,0000511 seconds
2017-03-13T07:09:23.737+0100: 4,153: Total time for which application threads were stopped: 0,0002954 seconds, Stopping threads took: 0,0001838 seconds
2017-03-13T07:09:23.742+0100: 4,158: Total time for which application threads were stopped: 0,0004795 seconds, Stopping threads took: 0,0000510 seconds
2017-03-13T07:09:23.746+0100: 4,162: Total time for which application threads were stopped: 0,0001455 seconds, Stopping threads took: 0,0000386 seconds
2017-03-13T07:09:23.748+0100: 4,164: Total time for which application threads were stopped: 0,0001388 seconds, Stopping threads took: 0,0000324 seconds
2017-03-13T07:09:23.751+0100: 4,167: Total time for which application threads were stopped: 0,0001501 seconds, Stopping threads took: 0,0000353 seconds
2017-03-13T07:09:23.753+0100: 4,169: Total time for which application threads were stopped: 0,0002936 seconds, Stopping threads took: 0,0001875 seconds
2017-03-13T07:09:23.756+0100: 4,173: Total time for which application threads were stopped: 0,0001176 seconds, Stopping threads took: 0,0000201 seconds
2017-03-13T07:09:23.758+0100: 4,174: Total time for which application threads were stopped: 0,0006187 seconds, Stopping threads took: 0,0005440 seconds
2017-03-13T07:09:23.758+0100: 4,175: Total time for which application threads were stopped: 0,0002127 seconds, Stopping threads took: 0,0000270 seconds
2017-03-13T07:09:23.800+0100: 4,216: Total time for which application threads were stopped: 0,0005207 seconds, Stopping threads took: 0,0000529 seconds
2017-03-13T07:09:23.821+0100: 4,237: Total time for which application threads were stopped: 0,0001229 seconds, Stopping threads took: 0,0000406 seconds
2017-03-13T07:09:23.822+0100: 4,238: Total time for which application threads were stopped: 0,0001129 seconds, Stopping threads took: 0,0000383 seconds
2017-03-13T07:09:23.823+0100: 4,240: Total time for which application threads were stopped: 0,0001293 seconds, Stopping threads took: 0,0000488 seconds
2017-03-13T07:09:23.838+0100: 4,254: Total time for which application threads were stopped: 0,0002088 seconds, Stopping threads took: 0,0001121 seconds
2017-03-13T07:09:23.846+0100: 4,262: Total time for which application threads were stopped: 0,0040060 seconds, Stopping threads took: 0,0039106 seconds
2017-03-13T07:09:23.848+0100: 4,264: Total time for which application threads were stopped: 0,0001590 seconds, Stopping threads took: 0,0000524 seconds
2017-03-13T07:09:23.848+0100: 4,264: Total time for which application threads were stopped: 0,0000841 seconds, Stopping threads took: 0,0000245 seconds
2017-03-13T07:09:23.848+0100: 4,264: Total time for which application threads were stopped: 0,0000829 seconds, Stopping threads took: 0,0000240 seconds
2017-03-13T07:09:23.849+0100: 4,265: Total time for which application threads were stopped: 0,0001192 seconds, Stopping threads took: 0,0000252 seconds
2017-03-13T07:09:23.849+0100: 4,265: Total time for which application threads were stopped: 0,0000743 seconds, Stopping threads took: 0,0000200 seconds
2017-03-13T07:09:23.849+0100: 4,265: Total time for which application threads were stopped: 0,0000753 seconds, Stopping threads took: 0,0000184 seconds
2017-03-13T07:09:23.849+0100: 4,265: Total time for which application threads were stopped: 0,0000641 seconds, Stopping threads took: 0,0000149 seconds
2017-03-13T07:09:23.849+0100: 4,265: Total time for which application threads were stopped: 0,0000607 seconds, Stopping threads took: 0,0000147 seconds
2017-03-13T07:09:23.850+0100: 4,266: Total time for which application threads were stopped: 0,0000924 seconds, Stopping threads took: 0,0000269 seconds
2017-03-13T07:09:23.850+0100: 4,266: Total time for which application threads were stopped: 0,0003048 seconds, Stopping threads took: 0,0002395 seconds
2017-03-13T07:09:23.857+0100: 4,273: Total time for which application threads were stopped: 0,0025559 seconds, Stopping threads took: 0,0024274 seconds
2017-03-13T07:09:23.859+0100: 4,275: Total time for which application threads were stopped: 0,0002376 seconds, Stopping threads took: 0,0001321 seconds
2017-03-13T07:09:23.862+0100: 4,278: Total time for which application threads were stopped: 0,0001733 seconds, Stopping threads took: 0,0000580 seconds
2017-03-13T07:09:23.863+0100: 4,279: Total time for which application threads were stopped: 0,0001015 seconds, Stopping threads took: 0,0000156 seconds
2017-03-13T07:09:23.863+0100: 4,279: Total time for which application threads were stopped: 0,0000684 seconds, Stopping threads took: 0,0000103 seconds
2017-03-13T07:09:23.863+0100: 4,279: Total time for which application threads were stopped: 0,0000699 seconds, Stopping threads took: 0,0000133 seconds
2017-03-13T07:09:23.863+0100: 4,279: Total time for which application threads were stopped: 0,0001740 seconds, Stopping threads took: 0,0000093 seconds
2017-03-13T07:09:23.866+0100: 4,282: Total time for which application threads were stopped: 0,0001515 seconds, Stopping threads took: 0,0000369 seconds
2017-03-13T07:09:23.870+0100: 4,286: Total time for which application threads were stopped: 0,0001667 seconds, Stopping threads took: 0,0000431 seconds
2017-03-13T07:09:23.871+0100: 4,287: Total time for which application threads were stopped: 0,0001346 seconds, Stopping threads took: 0,0000316 seconds
2017-03-13T07:09:23.888+0100: 4,304: Total time for which application threads were stopped: 0,0021923 seconds, Stopping threads took: 0,0021111 seconds
2017-03-13T07:09:23.888+0100: 4,304: Total time for which application threads were stopped: 0,0001692 seconds, Stopping threads took: 0,0001062 seconds
2017-03-13T07:09:23.945+0100: 4,361: Total time for which application threads were stopped: 0,0001570 seconds, Stopping threads took: 0,0000479 seconds
2017-03-13T07:09:23.946+0100: 4,362: Total time for which application threads were stopped: 0,0000880 seconds, Stopping threads took: 0,0000117 seconds
2017-03-13T07:09:23.966+0100: 4,382: Total time for which application threads were stopped: 0,0006742 seconds, Stopping threads took: 0,0000416 seconds
2017-03-13T07:09:23.968+0100: 4,384: Total time for which application threads were stopped: 0,0005105 seconds, Stopping threads took: 0,0000380 seconds
2017-03-13T07:09:24.968+0100: 5,384: Total time for which application threads were stopped: 0,0001457 seconds, Stopping threads took: 0,0000278 seconds
2017-03-13T07:10:51.979+0100: 92,395: Total time for which application threads were stopped: 0,0000641 seconds, Stopping threads took: 0,0000175 seconds
2017-03-13T07:11:16.982+0100: 117,399: Total time for which application threads were stopped: 0,0000814 seconds, Stopping threads took: 0,0000333 seconds
2017-03-13T07:11:21.983+0100: 122,399: Total time for which application threads were stopped: 0,0000716 seconds, Stopping threads took: 0,0000197 seconds
{Heap before GC invocations=9 (full 1):
 par new generation   total 109248K, used 94371K [0x00000000e0000000, 0x00000000e8000000, 0x00000000e8000000)
  eden space 87424K, 100% used [0x00000000e0000000, 0x00000000e5560000, 0x00000000e5560000)
  from space 21824K,  31% used [0x00000000e6ab0000, 0x00000000e7178d10, 0x00000000e8000000)
  to   space 21824K,   0% used [0x00000000e5560000, 0x00000000e5560000, 0x00000000e6ab0000)
 concurrent mark-sweep generation total 393216K, used 6084K [0x00000000e8000000, 0x0000000100000000, 0x0000000100000000)
 Metaspace       used 27981K, capacity 28492K, committed 28796K, reserved 1075200K
  class space    used 3212K, capacity 3385K, committed 3452K, reserved 1048576K
2017-03-13T07:12:10.627+0100: 171,043: [GC (Allocation Failure) 2017-03-13T07:12:10.627+0100: 171,043: [ParNew
Desired survivor size 20112992 bytes, new threshold 8 (max 8)
- age   1:   10759768 bytes,   10759768 total
- age   2:     219840 bytes,   10979608 total
- age   3:     234064 bytes,   11213672 total
- age   4:    1765560 bytes,   12979232 total
- age   5:      53072 bytes,   13032304 total
- age   6:        560 bytes,   13032864 total
- age   7:     100024 bytes,   13132888 total
- age   8:     178144 bytes,   13311032 total
: 94371K->13944K(109248K), 0,0232610 secs] 100456K->20819K(502464K), 0,0233422 secs] [Times: user=0,05 sys=0,00, real=0,02 secs] 
Heap after GC invocations=10 (full 1):
 par new generation   total 109248K, used 13944K [0x00000000e0000000, 0x00000000e8000000, 0x00000000e8000000)
  eden space 87424K,   0% used [0x00000000e0000000, 0x00000000e0000000, 0x00000000e5560000)
  from space 21824K,  63% used [0x00000000e5560000, 0x00000000e62fe138, 0x00000000e6ab0000)
  to   space 21824K,   0% used [0x00000000e6ab0000, 0x00000000e6ab0000, 0x00000000e8000000)
 concurrent mark-sweep generation total 393216K, used 6875K [0x00000000e8000000, 0x0000000100000000, 0x0000000100000000)
 Metaspace       used 27981K, capacity 28492K, committed 28796K, reserved 1075200K
  class space    used 3212K, capacity 3385K, committed 3452K, reserved 1048576K
}
2017-03-13T07:12:10.650+0100: 171,066: Total time for which application threads were stopped: 0,0235101 seconds, Stopping threads took: 0,0000352 seconds
2017-03-13T07:12:10.652+0100: 171,068: Total time for which application threads were stopped: 0,0000727 seconds, Stopping threads took: 0,0000288 seconds
2017-03-13T07:12:10.652+0100: 171,069: Total time for which application threads were stopped: 0,0000479 seconds, Stopping threads took: 0,0000111 seconds
2017-03-13T07:12:20.653+0100: 181,070: Total time for which application threads were stopped: 0,0000844 seconds, Stopping threads took: 0,0000160 seconds
2017-03-13T07:13:50.664+0100: 271,080: Total time for which application threads were stopped: 0,0000795 seconds, Stopping threads took: 0,0000311 seconds
2017-03-13T07:13:56.665+0100: 277,081: Total time for which application threads were stopped: 0,0001314 seconds, Stopping threads took: 0,0000501 seconds
2017-03-13T07:32:45.824+0100: 1406,240: Total time for which application threads were stopped: 0,0001907 seconds, Stopping threads took: 0,0000714 seconds
2017-03-13T07:36:35.863+0100: 1636,279: Total time for which application threads were stopped: 0,0001608 seconds, Stopping threads took: 0,0000579 seconds
2017-03-13T07:47:40.975+0100: 2301,391: Total time for which application threads were stopped: 0,0001745 seconds, Stopping threads took: 0,0000624 seconds
2017-03-13T07:47:41.975+0100: 2302,391: Total time for which application threads were stopped: 0,0001320 seconds, Stopping threads took: 0,0000293 seconds
2017-03-13T07:51:52.016+0100: 2552,432: Total time for which application threads were stopped: 0,0001617 seconds, Stopping threads took: 0,0000576 seconds
2017-03-13T07:54:41.044+0100: 2721,460: Total time for which application threads were stopped: 0,0001813 seconds, Stopping threads took: 0,0000648 seconds
2017-03-13T08:02:37.124+0100: 3197,541: Total time for which application threads were stopped: 0,0001802 seconds, Stopping threads took: 0,0000617 seconds
2017-03-13T08:11:51.217+0100: 3751,633: Total time for which application threads were stopped: 0,0002223 seconds, Stopping threads took: 0,0000696 seconds
2017-03-13T08:17:31.273+0100: 4091,689: Total time for which application threads were stopped: 0,0000906 seconds, Stopping threads took: 0,0000372 seconds
2017-03-13T08:28:37.380+0100: 4757,797: Total time for which application threads were stopped: 0,0001827 seconds, Stopping threads took: 0,0000709 seconds
2017-03-13T08:29:07.385+0100: 4787,802: Total time for which application threads were stopped: 0,0000902 seconds, Stopping threads took: 0,0000374 seconds
2017-03-13T10:12:27.970+0100: 7158,217: Total time for which application threads were stopped: 0,0001944 seconds, Stopping threads took: 0,0000759 seconds
2017-03-13T10:15:11.998+0100: 7322,245: Total time for which application threads were stopped: 0,0001589 seconds, Stopping threads took: 0,0000575 seconds
2017-03-13T10:21:12.055+0100: 7682,302: Total time for which application threads were stopped: 0,0000875 seconds, Stopping threads took: 0,0000322 seconds
2017-03-13T11:25:41.678+0100: 11551,925: Total time for which application threads were stopped: 0,0001671 seconds, Stopping threads took: 0,0000616 seconds
2017-03-13T12:29:12.321+0100: 15362,568: Total time for which application threads were stopped: 0,0001865 seconds, Stopping threads took: 0,0000720 seconds
2017-03-13T12:33:51.861+0100: 15642,108: Total time for which application threads were stopped: 0,0001118 seconds, Stopping threads took: 0,0000277 seconds
2017-03-13T12:33:51.863+0100: 15642,110: Total time for which application threads were stopped: 0,0009847 seconds, Stopping threads took: 0,0000331 seconds
2017-03-13T12:33:51.897+0100: 15642,144: Total time for which application threads were stopped: 0,0263012 seconds, Stopping threads took: 0,0262214 seconds
2017-03-13T12:33:51.900+0100: 15642,147: Total time for which application threads were stopped: 0,0000932 seconds, Stopping threads took: 0,0000224 seconds
2017-03-13T12:33:51.900+0100: 15642,147: Total time for which application threads were stopped: 0,0000707 seconds, Stopping threads took: 0,0000113 seconds
2017-03-13T12:33:51.901+0100: 15642,148: Total time for which application threads were stopped: 0,0000614 seconds, Stopping threads took: 0,0000122 seconds
2017-03-13T12:33:51.902+0100: 15642,149: Total time for which application threads were stopped: 0,0000972 seconds, Stopping threads took: 0,0000197 seconds
2017-03-13T12:33:51.902+0100: 15642,149: Total time for which application threads were stopped: 0,0000742 seconds, Stopping threads took: 0,0000146 seconds
2017-03-13T12:33:51.911+0100: 15642,158: Total time for which application threads were stopped: 0,0001190 seconds, Stopping threads took: 0,0000260 seconds
2017-03-13T12:33:51.919+0100: 15642,166: Total time for which application threads were stopped: 0,0073351 seconds, Stopping threads took: 0,0072448 seconds
2017-03-13T12:33:51.920+0100: 15642,167: Total time for which application threads were stopped: 0,0001310 seconds, Stopping threads took: 0,0000529 seconds
2017-03-13T12:33:51.930+0100: 15642,177: Total time for which application threads were stopped: 0,0000850 seconds, Stopping threads took: 0,0000177 seconds
2017-03-13T12:33:51.933+0100: 15642,180: Total time for which application threads were stopped: 0,0000894 seconds, Stopping threads took: 0,0000188 seconds
2017-03-13T12:33:51.933+0100: 15642,180: Total time for which application threads were stopped: 0,0000505 seconds, Stopping threads took: 0,0000074 seconds
2017-03-13T12:33:51.934+0100: 15642,181: Total time for which application threads were stopped: 0,0000638 seconds, Stopping threads took: 0,0000102 seconds
2017-03-13T12:33:51.937+0100: 15642,184: Total time for which application threads were stopped: 0,0026017 seconds, Stopping threads took: 0,0025190 seconds
2017-03-13T12:33:51.937+0100: 15642,184: Total time for which application threads were stopped: 0,0000637 seconds, Stopping threads took: 0,0000241 seconds
2017-03-13T12:33:51.940+0100: 15642,187: Total time for which application threads were stopped: 0,0000836 seconds, Stopping threads took: 0,0000150 seconds
2017-03-13T12:33:51.943+0100: 15642,190: Total time for which application threads were stopped: 0,0000799 seconds, Stopping threads took: 0,0000157 seconds
2017-03-13T12:33:51.944+0100: 15642,191: Total time for which application threads were stopped: 0,0000395 seconds, Stopping threads took: 0,0000056 seconds
2017-03-13T12:33:51.946+0100: 15642,193: Total time for which application threads were stopped: 0,0001055 seconds, Stopping threads took: 0,0000260 seconds
2017-03-13T12:33:51.946+0100: 15642,193: Total time for which application threads were stopped: 0,0000546 seconds, Stopping threads took: 0,0000145 seconds
2017-03-13T12:33:51.946+0100: 15642,193: Total time for which application threads were stopped: 0,0000410 seconds, Stopping threads took: 0,0000053 seconds
2017-03-13T12:33:51.946+0100: 15642,193: Total time for which application threads were stopped: 0,0000338 seconds, Stopping threads took: 0,0000055 seconds
2017-03-13T12:33:51.947+0100: 15642,194: Total time for which application threads were stopped: 0,0000837 seconds, Stopping threads took: 0,0000233 seconds
2017-03-13T12:33:51.947+0100: 15642,194: Total time for which application threads were stopped: 0,0000509 seconds, Stopping threads took: 0,0000132 seconds
2017-03-13T12:33:51.947+0100: 15642,195: Total time for which application threads were stopped: 0,0000790 seconds, Stopping threads took: 0,0000121 seconds
2017-03-13T12:33:51.951+0100: 15642,198: Total time for which application threads were stopped: 0,0001065 seconds, Stopping threads took: 0,0000371 seconds
2017-03-13T12:33:51.951+0100: 15642,198: Total time for which application threads were stopped: 0,0000488 seconds, Stopping threads took: 0,0000148 seconds
2017-03-13T12:33:51.951+0100: 15642,198: Total time for which application threads were stopped: 0,0000431 seconds, Stopping threads took: 0,0000129 seconds
2017-03-13T12:33:51.951+0100: 15642,198: Total time for which application threads were stopped: 0,0000568 seconds, Stopping threads took: 0,0000164 seconds
2017-03-13T12:33:51.951+0100: 15642,198: Total time for which application threads were stopped: 0,0000463 seconds, Stopping threads took: 0,0000121 seconds
2017-03-13T12:33:51.951+0100: 15642,198: Total time for which application threads were stopped: 0,0000458 seconds, Stopping threads took: 0,0000126 seconds
2017-03-13T12:33:51.952+0100: 15642,199: Total time for which application threads were stopped: 0,0000663 seconds, Stopping threads took: 0,0000165 seconds
2017-03-13T12:33:51.952+0100: 15642,199: Total time for which application threads were stopped: 0,0000518 seconds, Stopping threads took: 0,0000155 seconds
2017-03-13T12:33:51.952+0100: 15642,199: Total time for which application threads were stopped: 0,0000489 seconds, Stopping threads took: 0,0000131 seconds
2017-03-13T12:33:51.953+0100: 15642,200: Total time for which application threads were stopped: 0,0000884 seconds, Stopping threads took: 0,0000260 seconds
2017-03-13T12:33:51.953+0100: 15642,200: Total time for which application threads were stopped: 0,0000468 seconds, Stopping threads took: 0,0000129 seconds
2017-03-13T12:33:51.953+0100: 15642,200: Total time for which application threads were stopped: 0,0000448 seconds, Stopping threads took: 0,0000129 seconds
2017-03-13T12:33:51.953+0100: 15642,200: Total time for which application threads were stopped: 0,0001790 seconds, Stopping threads took: 0,0000156 seconds
2017-03-13T12:33:51.954+0100: 15642,201: Total time for which application threads were stopped: 0,0000779 seconds, Stopping threads took: 0,0000225 seconds
2017-03-13T12:33:51.955+0100: 15642,202: Total time for which application threads were stopped: 0,0001159 seconds, Stopping threads took: 0,0000234 seconds
2017-03-13T12:33:51.958+0100: 15642,205: Total time for which application threads were stopped: 0,0001047 seconds, Stopping threads took: 0,0000128 seconds
2017-03-13T12:33:51.959+0100: 15642,206: Total time for which application threads were stopped: 0,0001239 seconds, Stopping threads took: 0,0000155 seconds
Heap
 par new generation   total 109248K, used 35721K [0x00000000e0000000, 0x00000000e8000000, 0x00000000e8000000)
  eden space 87424K,  24% used [0x00000000e0000000, 0x00000000e15444a8, 0x00000000e5560000)
  from space 21824K,  63% used [0x00000000e5560000, 0x00000000e62fe138, 0x00000000e6ab0000)
  to   space 21824K,   0% used [0x00000000e6ab0000, 0x00000000e6ab0000, 0x00000000e8000000)
 concurrent mark-sweep generation total 393216K, used 6875K [0x00000000e8000000, 0x0000000100000000, 0x0000000100000000)
 Metaspace       used 28140K, capacity 28724K, committed 29052K, reserved 1075200K
  class space    used 3226K, capacity 3419K, committed 3452K, reserved 1048576K
