OpenJDK 64-Bit Server VM (25.131-b11) for linux-amd64 JRE (1.8.0_131-8u131-b11-0ubuntu1.16.04.2-b11), built on May  6 2017 02:45:27 by "buildd" with gcc 5.4.0 20160609
Memory: 4k page, physical 7867740k(7464916k free), swap 8076284k(8076284k free)
CommandLine flags: -XX:CMSInitiatingOccupancyFraction=50 -XX:CMSMaxAbortablePrecleanTime=6000 -XX:+CMSParallelRemarkEnabled -XX:+CMSScavengeBeforeRemark -XX:ConcGCThreads=4 -XX:InitialHeapSize=536870912 -XX:MaxHeapSize=536870912 -XX:MaxTenuringThreshold=8 -XX:NewRatio=3 -XX:OldPLABSize=16 -XX:OnOutOfMemoryError=/opt/solr/bin/oom_solr.sh 8983 /var/solr/logs -XX:ParallelGCThreads=4 -XX:+ParallelRefProcEnabled -XX:PretenureSizeThreshold=67108864 -XX:+PrintGC -XX:+PrintGCApplicationStoppedTime -XX:+PrintGCDateStamps -XX:+PrintGCDetails -XX:+PrintGCTimeStamps -XX:+PrintHeapAtGC -XX:+PrintTenuringDistribution -XX:SurvivorRatio=4 -XX:TargetSurvivorRatio=90 -XX:ThreadStackSize=256 -XX:+UseCMSInitiatingOccupancyOnly -XX:+UseCompressedClassPointers -XX:+UseCompressedOops -XX:+UseConcMarkSweepGC -XX:+UseParNewGC 
2017-07-12T11:00:56.023+0200: 0,183: Total time for which application threads were stopped: 0,0000735 seconds, Stopping threads took: 0,0000132 seconds
2017-07-12T11:00:56.128+0200: 0,288: Total time for which application threads were stopped: 0,0001123 seconds, Stopping threads took: 0,0000165 seconds
2017-07-12T11:00:56.148+0200: 0,308: Total time for which application threads were stopped: 0,0000808 seconds, Stopping threads took: 0,0000156 seconds
2017-07-12T11:00:56.456+0200: 0,616: Total time for which application threads were stopped: 0,0002222 seconds, Stopping threads took: 0,0000213 seconds
2017-07-12T11:00:57.232+0200: 1,392: Total time for which application threads were stopped: 0,0001630 seconds, Stopping threads took: 0,0000135 seconds
2017-07-12T11:00:57.291+0200: 1,451: Total time for which application threads were stopped: 0,0001430 seconds, Stopping threads took: 0,0000227 seconds
2017-07-12T11:00:57.312+0200: 1,472: Total time for which application threads were stopped: 0,0001801 seconds, Stopping threads took: 0,0000222 seconds
2017-07-12T11:00:57.602+0200: 1,762: Total time for which application threads were stopped: 0,0002181 seconds, Stopping threads took: 0,0000195 seconds
2017-07-12T11:00:57.855+0200: 2,015: Total time for which application threads were stopped: 0,0002143 seconds, Stopping threads took: 0,0000256 seconds
2017-07-12T11:00:57.878+0200: 2,038: Total time for which application threads were stopped: 0,0001730 seconds, Stopping threads took: 0,0000235 seconds
2017-07-12T11:00:57.916+0200: 2,076: Total time for which application threads were stopped: 0,0001921 seconds, Stopping threads took: 0,0000212 seconds
2017-07-12T11:00:57.917+0200: 2,077: Total time for which application threads were stopped: 0,0001655 seconds, Stopping threads took: 0,0000165 seconds
2017-07-12T11:00:57.937+0200: 2,097: Total time for which application threads were stopped: 0,0001872 seconds, Stopping threads took: 0,0000161 seconds
2017-07-12T11:00:58.027+0200: 2,187: Total time for which application threads were stopped: 0,0002082 seconds, Stopping threads took: 0,0000199 seconds
2017-07-12T11:00:58.197+0200: 2,357: Total time for which application threads were stopped: 0,0005491 seconds, Stopping threads took: 0,0003209 seconds
{Heap before GC invocations=0 (full 0):
 par new generation   total 109248K, used 87424K [0x00000000e0000000, 0x00000000e8000000, 0x00000000e8000000)
  eden space 87424K, 100% used [0x00000000e0000000, 0x00000000e5560000, 0x00000000e5560000)
  from space 21824K,   0% used [0x00000000e5560000, 0x00000000e5560000, 0x00000000e6ab0000)
  to   space 21824K,   0% used [0x00000000e6ab0000, 0x00000000e6ab0000, 0x00000000e8000000)
 concurrent mark-sweep generation total 393216K, used 0K [0x00000000e8000000, 0x0000000100000000, 0x0000000100000000)
 Metaspace       used 17985K, capacity 18336K, committed 18688K, reserved 1064960K
  class space    used 2032K, capacity 2196K, committed 2304K, reserved 1048576K
2017-07-12T11:00:58.268+0200: 2,428: [GC (Allocation Failure) 2017-07-12T11:00:58.268+0200: 2,428: [ParNew
Desired survivor size 20112992 bytes, new threshold 8 (max 8)
- age   1:   12204736 bytes,   12204736 total
: 87424K->12027K(109248K), 0,0159105 secs] 87424K->12027K(502464K), 0,0160074 secs] [Times: user=0,02 sys=0,03, real=0,01 secs] 
Heap after GC invocations=1 (full 0):
 par new generation   total 109248K, used 12027K [0x00000000e0000000, 0x00000000e8000000, 0x00000000e8000000)
  eden space 87424K,   0% used [0x00000000e0000000, 0x00000000e0000000, 0x00000000e5560000)
  from space 21824K,  55% used [0x00000000e6ab0000, 0x00000000e766eec8, 0x00000000e8000000)
  to   space 21824K,   0% used [0x00000000e5560000, 0x00000000e5560000, 0x00000000e6ab0000)
 concurrent mark-sweep generation total 393216K, used 0K [0x00000000e8000000, 0x0000000100000000, 0x0000000100000000)
 Metaspace       used 17985K, capacity 18336K, committed 18688K, reserved 1064960K
  class space    used 2032K, capacity 2196K, committed 2304K, reserved 1048576K
}
2017-07-12T11:00:58.284+0200: 2,444: Total time for which application threads were stopped: 0,0163083 seconds, Stopping threads took: 0,0001283 seconds
2017-07-12T11:00:58.635+0200: 2,795: Total time for which application threads were stopped: 0,0003516 seconds, Stopping threads took: 0,0000495 seconds
{Heap before GC invocations=1 (full 0):
 par new generation   total 109248K, used 98566K [0x00000000e0000000, 0x00000000e8000000, 0x00000000e8000000)
  eden space 87424K,  98% used [0x00000000e0000000, 0x00000000e5482bc8, 0x00000000e5560000)
  from space 21824K,  55% used [0x00000000e6ab0000, 0x00000000e766eec8, 0x00000000e8000000)
  to   space 21824K,   0% used [0x00000000e5560000, 0x00000000e5560000, 0x00000000e6ab0000)
 concurrent mark-sweep generation total 393216K, used 0K [0x00000000e8000000, 0x0000000100000000, 0x0000000100000000)
 Metaspace       used 20005K, capacity 20360K, committed 20736K, reserved 1067008K
  class space    used 2293K, capacity 2468K, committed 2560K, reserved 1048576K
2017-07-12T11:00:58.682+0200: 2,842: [GC (Allocation Failure) 2017-07-12T11:00:58.682+0200: 2,842: [ParNew
Desired survivor size 20112992 bytes, new threshold 8 (max 8)
- age   1:    3744352 bytes,    3744352 total
- age   2:    6615664 bytes,   10360016 total
: 98566K->15476K(109248K), 0,0198899 secs] 98566K->15476K(502464K), 0,0199700 secs] [Times: user=0,07 sys=0,00, real=0,02 secs] 
Heap after GC invocations=2 (full 0):
 par new generation   total 109248K, used 15476K [0x00000000e0000000, 0x00000000e8000000, 0x00000000e8000000)
  eden space 87424K,   0% used [0x00000000e0000000, 0x00000000e0000000, 0x00000000e5560000)
  from space 21824K,  70% used [0x00000000e5560000, 0x00000000e647d180, 0x00000000e6ab0000)
  to   space 21824K,   0% used [0x00000000e6ab0000, 0x00000000e6ab0000, 0x00000000e8000000)
 concurrent mark-sweep generation total 393216K, used 0K [0x00000000e8000000, 0x0000000100000000, 0x0000000100000000)
 Metaspace       used 20005K, capacity 20360K, committed 20736K, reserved 1067008K
  class space    used 2293K, capacity 2468K, committed 2560K, reserved 1048576K
}
2017-07-12T11:00:58.702+0200: 2,862: Total time for which application threads were stopped: 0,0202365 seconds, Stopping threads took: 0,0000962 seconds
2017-07-12T11:00:58.721+0200: 2,881: Total time for which application threads were stopped: 0,0032915 seconds, Stopping threads took: 0,0030530 seconds
2017-07-12T11:00:58.752+0200: 2,912: Total time for which application threads were stopped: 0,0003733 seconds, Stopping threads took: 0,0000855 seconds
2017-07-12T11:00:58.891+0200: 3,050: Total time for which application threads were stopped: 0,0001951 seconds, Stopping threads took: 0,0000564 seconds
{Heap before GC invocations=2 (full 0):
 par new generation   total 109248K, used 102900K [0x00000000e0000000, 0x00000000e8000000, 0x00000000e8000000)
  eden space 87424K, 100% used [0x00000000e0000000, 0x00000000e5560000, 0x00000000e5560000)
  from space 21824K,  70% used [0x00000000e5560000, 0x00000000e647d180, 0x00000000e6ab0000)
  to   space 21824K,   0% used [0x00000000e6ab0000, 0x00000000e6ab0000, 0x00000000e8000000)
 concurrent mark-sweep generation total 393216K, used 0K [0x00000000e8000000, 0x0000000100000000, 0x0000000100000000)
 Metaspace       used 20950K, capacity 21282K, committed 21628K, reserved 1069056K
  class space    used 2417K, capacity 2587K, committed 2684K, reserved 1048576K
2017-07-12T11:00:58.930+0200: 3,090: [GC (Allocation Failure) 2017-07-12T11:00:58.930+0200: 3,090: [ParNew
Desired survivor size 20112992 bytes, new threshold 8 (max 8)
- age   1:    2410552 bytes,    2410552 total
- age   2:     847384 bytes,    3257936 total
- age   3:    6612192 bytes,    9870128 total
: 102900K->12275K(109248K), 0,0139728 secs] 102900K->12275K(502464K), 0,0140704 secs] [Times: user=0,05 sys=0,00, real=0,01 secs] 
Heap after GC invocations=3 (full 0):
 par new generation   total 109248K, used 12275K [0x00000000e0000000, 0x00000000e8000000, 0x00000000e8000000)
  eden space 87424K,   0% used [0x00000000e0000000, 0x00000000e0000000, 0x00000000e5560000)
  from space 21824K,  56% used [0x00000000e6ab0000, 0x00000000e76acd98, 0x00000000e8000000)
  to   space 21824K,   0% used [0x00000000e5560000, 0x00000000e5560000, 0x00000000e6ab0000)
 concurrent mark-sweep generation total 393216K, used 0K [0x00000000e8000000, 0x0000000100000000, 0x0000000100000000)
 Metaspace       used 20950K, capacity 21282K, committed 21628K, reserved 1069056K
  class space    used 2417K, capacity 2587K, committed 2684K, reserved 1048576K
}
2017-07-12T11:00:58.944+0200: 3,104: Total time for which application threads were stopped: 0,0143042 seconds, Stopping threads took: 0,0000702 seconds
2017-07-12T11:00:58.945+0200: 3,105: [GC (CMS Initial Mark) [1 CMS-initial-mark: 0K(393216K)] 12275K(502464K), 0,0049626 secs] [Times: user=0,01 sys=0,00, real=0,01 secs] 
2017-07-12T11:00:58.950+0200: 3,110: Total time for which application threads were stopped: 0,0055228 seconds, Stopping threads took: 0,0004722 seconds
2017-07-12T11:00:58.950+0200: 3,110: [CMS-concurrent-mark-start]
2017-07-12T11:00:58.957+0200: 3,117: [CMS-concurrent-mark: 0,008/0,008 secs] [Times: user=0,03 sys=0,00, real=0,01 secs] 
2017-07-12T11:00:58.957+0200: 3,117: [CMS-concurrent-preclean-start]
2017-07-12T11:00:58.959+0200: 3,119: [CMS-concurrent-preclean: 0,001/0,001 secs] [Times: user=0,01 sys=0,00, real=0,00 secs] 
2017-07-12T11:00:58.959+0200: 3,119: [CMS-concurrent-abortable-preclean-start]
{Heap before GC invocations=3 (full 1):
 par new generation   total 109248K, used 99699K [0x00000000e0000000, 0x00000000e8000000, 0x00000000e8000000)
  eden space 87424K, 100% used [0x00000000e0000000, 0x00000000e5560000, 0x00000000e5560000)
  from space 21824K,  56% used [0x00000000e6ab0000, 0x00000000e76acd98, 0x00000000e8000000)
  to   space 21824K,   0% used [0x00000000e5560000, 0x00000000e5560000, 0x00000000e6ab0000)
 concurrent mark-sweep generation total 393216K, used 0K [0x00000000e8000000, 0x0000000100000000, 0x0000000100000000)
 Metaspace       used 21219K, capacity 21540K, committed 21628K, reserved 1069056K
  class space    used 2445K, capacity 2600K, committed 2684K, reserved 1048576K
2017-07-12T11:00:59.055+0200: 3,215: [GC (Allocation Failure) 2017-07-12T11:00:59.055+0200: 3,215: [ParNew
Desired survivor size 20112992 bytes, new threshold 8 (max 8)
- age   1:     756080 bytes,     756080 total
- age   2:    1504328 bytes,    2260408 total
- age   3:     813976 bytes,    3074384 total
- age   4:    6612264 bytes,    9686648 total
: 99699K->14603K(109248K), 0,0092927 secs] 99699K->14603K(502464K), 0,0093570 secs] [Times: user=0,03 sys=0,00, real=0,00 secs] 
Heap after GC invocations=4 (full 1):
 par new generation   total 109248K, used 14603K [0x00000000e0000000, 0x00000000e8000000, 0x00000000e8000000)
  eden space 87424K,   0% used [0x00000000e0000000, 0x00000000e0000000, 0x00000000e5560000)
  from space 21824K,  66% used [0x00000000e5560000, 0x00000000e63a2e20, 0x00000000e6ab0000)
  to   space 21824K,   0% used [0x00000000e6ab0000, 0x00000000e6ab0000, 0x00000000e8000000)
 concurrent mark-sweep generation total 393216K, used 0K [0x00000000e8000000, 0x0000000100000000, 0x0000000100000000)
 Metaspace       used 21219K, capacity 21540K, committed 21628K, reserved 1069056K
  class space    used 2445K, capacity 2600K, committed 2684K, reserved 1048576K
}
2017-07-12T11:00:59.065+0200: 3,225: Total time for which application threads were stopped: 0,0116358 seconds, Stopping threads took: 0,0021386 seconds
2017-07-12T11:00:59.076+0200: 3,236: Total time for which application threads were stopped: 0,0001984 seconds, Stopping threads took: 0,0000849 seconds
{Heap before GC invocations=4 (full 1):
 par new generation   total 109248K, used 102027K [0x00000000e0000000, 0x00000000e8000000, 0x00000000e8000000)
  eden space 87424K, 100% used [0x00000000e0000000, 0x00000000e5560000, 0x00000000e5560000)
  from space 21824K,  66% used [0x00000000e5560000, 0x00000000e63a2e20, 0x00000000e6ab0000)
  to   space 21824K,   0% used [0x00000000e6ab0000, 0x00000000e6ab0000, 0x00000000e8000000)
 concurrent mark-sweep generation total 393216K, used 0K [0x00000000e8000000, 0x0000000100000000, 0x0000000100000000)
 Metaspace       used 21429K, capacity 21844K, committed 21960K, reserved 1069056K
  class space    used 2470K, capacity 2635K, committed 2684K, reserved 1048576K
2017-07-12T11:00:59.167+0200: 3,327: [GC (Allocation Failure) 2017-07-12T11:00:59.167+0200: 3,327: [ParNew
Desired survivor size 20112992 bytes, new threshold 8 (max 8)
- age   1:     897688 bytes,     897688 total
- age   2:     172200 bytes,    1069888 total
- age   3:    1503664 bytes,    2573552 total
- age   4:     813896 bytes,    3387448 total
- age   5:    6611936 bytes,    9999384 total
: 102027K->12240K(109248K), 0,0091857 secs] 102027K->12240K(502464K), 0,0092549 secs] [Times: user=0,04 sys=0,00, real=0,01 secs] 
Heap after GC invocations=5 (full 1):
 par new generation   total 109248K, used 12240K [0x00000000e0000000, 0x00000000e8000000, 0x00000000e8000000)
  eden space 87424K,   0% used [0x00000000e0000000, 0x00000000e0000000, 0x00000000e5560000)
  from space 21824K,  56% used [0x00000000e6ab0000, 0x00000000e76a4158, 0x00000000e8000000)
  to   space 21824K,   0% used [0x00000000e5560000, 0x00000000e5560000, 0x00000000e6ab0000)
 concurrent mark-sweep generation total 393216K, used 0K [0x00000000e8000000, 0x0000000100000000, 0x0000000100000000)
 Metaspace       used 21429K, capacity 21844K, committed 21960K, reserved 1069056K
  class space    used 2470K, capacity 2635K, committed 2684K, reserved 1048576K
}
2017-07-12T11:00:59.176+0200: 3,336: Total time for which application threads were stopped: 0,0098085 seconds, Stopping threads took: 0,0004182 seconds
2017-07-12T11:00:59.176+0200: 3,336: [CMS-concurrent-abortable-preclean: 0,163/0,218 secs] [Times: user=0,82 sys=0,00, real=0,22 secs] 
2017-07-12T11:00:59.185+0200: 3,345: [GC (CMS Final Remark) [YG occupancy: 17498 K (109248 K)]{Heap before GC invocations=5 (full 1):
 par new generation   total 109248K, used 17498K [0x00000000e0000000, 0x00000000e8000000, 0x00000000e8000000)
  eden space 87424K,   6% used [0x00000000e0000000, 0x00000000e0522958, 0x00000000e5560000)
  from space 21824K,  56% used [0x00000000e6ab0000, 0x00000000e76a4158, 0x00000000e8000000)
  to   space 21824K,   0% used [0x00000000e5560000, 0x00000000e5560000, 0x00000000e6ab0000)
 concurrent mark-sweep generation total 393216K, used 0K [0x00000000e8000000, 0x0000000100000000, 0x0000000100000000)
 Metaspace       used 21472K, capacity 21844K, committed 21960K, reserved 1069056K
  class space    used 2478K, capacity 2635K, committed 2684K, reserved 1048576K
2017-07-12T11:00:59.185+0200: 3,345: [GC (CMS Final Remark) 2017-07-12T11:00:59.185+0200: 3,345: [ParNew
Desired survivor size 20112992 bytes, new threshold 8 (max 8)
- age   1:     282648 bytes,     282648 total
- age   2:     205960 bytes,     488608 total
- age   3:     171816 bytes,     660424 total
- age   4:    1115128 bytes,    1775552 total
- age   5:     813864 bytes,    2589416 total
- age   6:    6611968 bytes,    9201384 total
: 17498K->14763K(109248K), 0,0090297 secs] 17498K->14763K(502464K), 0,0090729 secs] [Times: user=0,04 sys=0,00, real=0,01 secs] 
Heap after GC invocations=6 (full 1):
 par new generation   total 109248K, used 14763K [0x00000000e0000000, 0x00000000e8000000, 0x00000000e8000000)
  eden space 87424K,   0% used [0x00000000e0000000, 0x00000000e0000000, 0x00000000e5560000)
  from space 21824K,  67% used [0x00000000e5560000, 0x00000000e63cafb8, 0x00000000e6ab0000)
  to   space 21824K,   0% used [0x00000000e6ab0000, 0x00000000e6ab0000, 0x00000000e8000000)
 concurrent mark-sweep generation total 393216K, used 0K [0x00000000e8000000, 0x0000000100000000, 0x0000000100000000)
 Metaspace       used 21472K, capacity 21844K, committed 21960K, reserved 1069056K
  class space    used 2478K, capacity 2635K, committed 2684K, reserved 1048576K
}
2017-07-12T11:00:59.195+0200: 3,354: [Rescan (parallel) , 0,0034890 secs]2017-07-12T11:00:59.198+0200: 3,358: [weak refs processing, 0,0013595 secs]2017-07-12T11:00:59.199+0200: 3,359: [class unloading, 0,0028421 secs]2017-07-12T11:00:59.202+0200: 3,362: [scrub symbol table, 0,0024597 secs]2017-07-12T11:00:59.205+0200: 3,365: [scrub string table, 0,0003638 secs][1 CMS-remark: 0K(393216K)] 14763K(502464K), 0,0202771 secs] [Times: user=0,06 sys=0,00, real=0,02 secs] 
2017-07-12T11:00:59.206+0200: 3,366: Total time for which application threads were stopped: 0,0242080 seconds, Stopping threads took: 0,0038480 seconds
2017-07-12T11:00:59.206+0200: 3,366: [CMS-concurrent-sweep-start]
2017-07-12T11:00:59.206+0200: 3,366: [CMS-concurrent-sweep: 0,000/0,000 secs] [Times: user=0,00 sys=0,00, real=0,00 secs] 
2017-07-12T11:00:59.206+0200: 3,366: [CMS-concurrent-reset-start]
2017-07-12T11:00:59.208+0200: 3,368: [CMS-concurrent-reset: 0,002/0,002 secs] [Times: user=0,01 sys=0,00, real=0,00 secs] 
2017-07-12T11:00:59.224+0200: 3,384: Total time for which application threads were stopped: 0,0003266 seconds, Stopping threads took: 0,0000451 seconds
2017-07-12T11:00:59.462+0200: 3,622: Total time for which application threads were stopped: 0,0004057 seconds, Stopping threads took: 0,0000237 seconds
2017-07-12T11:00:59.482+0200: 3,642: Total time for which application threads were stopped: 0,0033946 seconds, Stopping threads took: 0,0029522 seconds
{Heap before GC invocations=6 (full 1):
 par new generation   total 109248K, used 102187K [0x00000000e0000000, 0x00000000e8000000, 0x00000000e8000000)
  eden space 87424K, 100% used [0x00000000e0000000, 0x00000000e5560000, 0x00000000e5560000)
  from space 21824K,  67% used [0x00000000e5560000, 0x00000000e63cafb8, 0x00000000e6ab0000)
  to   space 21824K,   0% used [0x00000000e6ab0000, 0x00000000e6ab0000, 0x00000000e8000000)
 concurrent mark-sweep generation total 393216K, used 0K [0x00000000e8000000, 0x0000000100000000, 0x0000000100000000)
 Metaspace       used 23774K, capacity 24216K, committed 24572K, reserved 1071104K
  class space    used 2797K, capacity 2977K, committed 3068K, reserved 1048576K
2017-07-12T11:00:59.659+0200: 3,819: [GC (Allocation Failure) 2017-07-12T11:00:59.659+0200: 3,819: [ParNew
Desired survivor size 20112992 bytes, new threshold 8 (max 8)
- age   1:    4987184 bytes,    4987184 total
- age   2:      34504 bytes,    5021688 total
- age   3:     138368 bytes,    5160056 total
- age   4:     170816 bytes,    5330872 total
- age   5:     334512 bytes,    5665384 total
- age   6:     787696 bytes,    6453080 total
- age   7:    6603776 bytes,   13056856 total
: 102187K->15244K(109248K), 0,0249529 secs] 102187K->15244K(502464K), 0,0250220 secs] [Times: user=0,07 sys=0,00, real=0,02 secs] 
Heap after GC invocations=7 (full 1):
 par new generation   total 109248K, used 15244K [0x00000000e0000000, 0x00000000e8000000, 0x00000000e8000000)
  eden space 87424K,   0% used [0x00000000e0000000, 0x00000000e0000000, 0x00000000e5560000)
  from space 21824K,  69% used [0x00000000e6ab0000, 0x00000000e7993170, 0x00000000e8000000)
  to   space 21824K,   0% used [0x00000000e5560000, 0x00000000e5560000, 0x00000000e6ab0000)
 concurrent mark-sweep generation total 393216K, used 0K [0x00000000e8000000, 0x0000000100000000, 0x0000000100000000)
 Metaspace       used 23774K, capacity 24216K, committed 24572K, reserved 1071104K
  class space    used 2797K, capacity 2977K, committed 3068K, reserved 1048576K
}
2017-07-12T11:00:59.684+0200: 3,844: Total time for which application threads were stopped: 0,0254060 seconds, Stopping threads took: 0,0001791 seconds
2017-07-12T11:00:59.782+0200: 3,941: Total time for which application threads were stopped: 0,0001448 seconds, Stopping threads took: 0,0000376 seconds
{Heap before GC invocations=7 (full 1):
 par new generation   total 109248K, used 102700K [0x00000000e0000000, 0x00000000e8000000, 0x00000000e8000000)
  eden space 87424K, 100% used [0x00000000e0000000, 0x00000000e5560000, 0x00000000e5560000)
  from space 21824K,  69% used [0x00000000e6ab0000, 0x00000000e799b180, 0x00000000e8000000)
  to   space 21824K,   0% used [0x00000000e5560000, 0x00000000e5560000, 0x00000000e6ab0000)
 concurrent mark-sweep generation total 393216K, used 0K [0x00000000e8000000, 0x0000000100000000, 0x0000000100000000)
 Metaspace       used 24030K, capacity 24452K, committed 24572K, reserved 1071104K
  class space    used 2833K, capacity 3011K, committed 3068K, reserved 1048576K
2017-07-12T11:00:59.782+0200: 3,942: [GC (GCLocker Initiated GC) 2017-07-12T11:00:59.782+0200: 3,942: [ParNew
Desired survivor size 20112992 bytes, new threshold 8 (max 8)
- age   1:    1489024 bytes,    1489024 total
- age   2:    1749168 bytes,    3238192 total
- age   3:       7592 bytes,    3245784 total
- age   4:      81104 bytes,    3326888 total
- age   5:     104232 bytes,    3431120 total
- age   6:     206768 bytes,    3637888 total
- age   7:     777656 bytes,    4415544 total
- age   8:    6071088 bytes,   10486632 total
: 102700K->18641K(109248K), 0,0194203 secs] 102700K->18641K(502464K), 0,0195226 secs] [Times: user=0,08 sys=0,01, real=0,02 secs] 
Heap after GC invocations=8 (full 1):
 par new generation   total 109248K, used 18641K [0x00000000e0000000, 0x00000000e8000000, 0x00000000e8000000)
  eden space 87424K,   0% used [0x00000000e0000000, 0x00000000e0000000, 0x00000000e5560000)
  from space 21824K,  85% used [0x00000000e5560000, 0x00000000e6794438, 0x00000000e6ab0000)
  to   space 21824K,   0% used [0x00000000e6ab0000, 0x00000000e6ab0000, 0x00000000e8000000)
 concurrent mark-sweep generation total 393216K, used 0K [0x00000000e8000000, 0x0000000100000000, 0x0000000100000000)
 Metaspace       used 24030K, capacity 24452K, committed 24572K, reserved 1071104K
  class space    used 2833K, capacity 3011K, committed 3068K, reserved 1048576K
}
2017-07-12T11:00:59.801+0200: 3,961: Total time for which application threads were stopped: 0,0197403 seconds, Stopping threads took: 0,0000604 seconds
2017-07-12T11:00:59.895+0200: 4,055: Total time for which application threads were stopped: 0,0005363 seconds, Stopping threads took: 0,0001288 seconds
{Heap before GC invocations=8 (full 1):
 par new generation   total 109248K, used 106065K [0x00000000e0000000, 0x00000000e8000000, 0x00000000e8000000)
  eden space 87424K, 100% used [0x00000000e0000000, 0x00000000e5560000, 0x00000000e5560000)
  from space 21824K,  85% used [0x00000000e5560000, 0x00000000e6794438, 0x00000000e6ab0000)
  to   space 21824K,   0% used [0x00000000e6ab0000, 0x00000000e6ab0000, 0x00000000e8000000)
 concurrent mark-sweep generation total 393216K, used 0K [0x00000000e8000000, 0x0000000100000000, 0x0000000100000000)
 Metaspace       used 24536K, capacity 24958K, committed 25084K, reserved 1071104K
  class space    used 2871K, capacity 3048K, committed 3068K, reserved 1048576K
2017-07-12T11:00:59.902+0200: 4,062: [GC (Allocation Failure) 2017-07-12T11:00:59.902+0200: 4,062: [ParNew
Desired survivor size 20112992 bytes, new threshold 8 (max 8)
- age   1:    1683736 bytes,    1683736 total
- age   2:     988656 bytes,    2672392 total
- age   3:    1726752 bytes,    4399144 total
- age   4:       7592 bytes,    4406736 total
- age   5:      81072 bytes,    4487808 total
- age   6:     104064 bytes,    4591872 total
- age   7:     203968 bytes,    4795840 total
- age   8:     776888 bytes,    5572728 total
: 106065K->8020K(109248K), 0,0426805 secs] 106065K->14604K(502464K), 0,0427597 secs] [Times: user=0,13 sys=0,00, real=0,04 secs] 
Heap after GC invocations=9 (full 1):
 par new generation   total 109248K, used 8020K [0x00000000e0000000, 0x00000000e8000000, 0x00000000e8000000)
  eden space 87424K,   0% used [0x00000000e0000000, 0x00000000e0000000, 0x00000000e5560000)
  from space 21824K,  36% used [0x00000000e6ab0000, 0x00000000e7285218, 0x00000000e8000000)
  to   space 21824K,   0% used [0x00000000e5560000, 0x00000000e5560000, 0x00000000e6ab0000)
 concurrent mark-sweep generation total 393216K, used 6583K [0x00000000e8000000, 0x0000000100000000, 0x0000000100000000)
 Metaspace       used 24536K, capacity 24958K, committed 25084K, reserved 1071104K
  class space    used 2871K, capacity 3048K, committed 3068K, reserved 1048576K
}
2017-07-12T11:00:59.945+0200: 4,105: Total time for which application threads were stopped: 0,0429421 seconds, Stopping threads took: 0,0000449 seconds
2017-07-12T11:00:59.973+0200: 4,133: Total time for which application threads were stopped: 0,0024544 seconds, Stopping threads took: 0,0023683 seconds
2017-07-12T11:01:00.001+0200: 4,161: Total time for which application threads were stopped: 0,0004088 seconds, Stopping threads took: 0,0002822 seconds
2017-07-12T11:01:00.084+0200: 4,244: Total time for which application threads were stopped: 0,0002224 seconds, Stopping threads took: 0,0001103 seconds
2017-07-12T11:01:00.084+0200: 4,244: Total time for which application threads were stopped: 0,0000774 seconds, Stopping threads took: 0,0000286 seconds
2017-07-12T11:01:00.084+0200: 4,244: Total time for which application threads were stopped: 0,0000624 seconds, Stopping threads took: 0,0000112 seconds
2017-07-12T11:01:00.085+0200: 4,245: Total time for which application threads were stopped: 0,0000745 seconds, Stopping threads took: 0,0000141 seconds
2017-07-12T11:01:00.088+0200: 4,248: Total time for which application threads were stopped: 0,0023078 seconds, Stopping threads took: 0,0022159 seconds
2017-07-12T11:01:00.091+0200: 4,251: Total time for which application threads were stopped: 0,0001520 seconds, Stopping threads took: 0,0000711 seconds
2017-07-12T11:01:00.098+0200: 4,258: Total time for which application threads were stopped: 0,0003077 seconds, Stopping threads took: 0,0002015 seconds
2017-07-12T11:01:00.102+0200: 4,262: Total time for which application threads were stopped: 0,0001146 seconds, Stopping threads took: 0,0000218 seconds
2017-07-12T11:01:00.102+0200: 4,262: Total time for which application threads were stopped: 0,0001179 seconds, Stopping threads took: 0,0000268 seconds
2017-07-12T11:01:00.102+0200: 4,262: Total time for which application threads were stopped: 0,0000875 seconds, Stopping threads took: 0,0000279 seconds
2017-07-12T11:01:00.102+0200: 4,262: Total time for which application threads were stopped: 0,0000977 seconds, Stopping threads took: 0,0000229 seconds
2017-07-12T11:01:00.103+0200: 4,262: Total time for which application threads were stopped: 0,0000701 seconds, Stopping threads took: 0,0000089 seconds
2017-07-12T11:01:00.103+0200: 4,263: Total time for which application threads were stopped: 0,0000985 seconds, Stopping threads took: 0,0000235 seconds
2017-07-12T11:01:00.103+0200: 4,263: Total time for which application threads were stopped: 0,0000695 seconds, Stopping threads took: 0,0000113 seconds
2017-07-12T11:01:00.103+0200: 4,263: Total time for which application threads were stopped: 0,0000885 seconds, Stopping threads took: 0,0000218 seconds
2017-07-12T11:01:00.103+0200: 4,263: Total time for which application threads were stopped: 0,0000606 seconds, Stopping threads took: 0,0000087 seconds
2017-07-12T11:01:00.104+0200: 4,263: Total time for which application threads were stopped: 0,0000841 seconds, Stopping threads took: 0,0000345 seconds
2017-07-12T11:01:00.104+0200: 4,264: Total time for which application threads were stopped: 0,0000687 seconds, Stopping threads took: 0,0000263 seconds
2017-07-12T11:01:00.104+0200: 4,264: Total time for which application threads were stopped: 0,0000621 seconds, Stopping threads took: 0,0000202 seconds
2017-07-12T11:01:00.105+0200: 4,265: Total time for which application threads were stopped: 0,0015089 seconds, Stopping threads took: 0,0014516 seconds
2017-07-12T11:01:00.106+0200: 4,266: Total time for which application threads were stopped: 0,0001010 seconds, Stopping threads took: 0,0000327 seconds
2017-07-12T11:01:00.106+0200: 4,266: Total time for which application threads were stopped: 0,0000662 seconds, Stopping threads took: 0,0000160 seconds
2017-07-12T11:01:00.106+0200: 4,266: Total time for which application threads were stopped: 0,0000580 seconds, Stopping threads took: 0,0000166 seconds
2017-07-12T11:01:00.107+0200: 4,266: Total time for which application threads were stopped: 0,0001427 seconds, Stopping threads took: 0,0000260 seconds
2017-07-12T11:01:00.108+0200: 4,268: Total time for which application threads were stopped: 0,0001312 seconds, Stopping threads took: 0,0000423 seconds
2017-07-12T11:01:00.109+0200: 4,269: Total time for which application threads were stopped: 0,0001010 seconds, Stopping threads took: 0,0000257 seconds
2017-07-12T11:01:00.109+0200: 4,269: Total time for which application threads were stopped: 0,0000749 seconds, Stopping threads took: 0,0000168 seconds
2017-07-12T11:01:00.109+0200: 4,269: Total time for which application threads were stopped: 0,0000771 seconds, Stopping threads took: 0,0000206 seconds
2017-07-12T11:01:00.109+0200: 4,269: Total time for which application threads were stopped: 0,0000587 seconds, Stopping threads took: 0,0000166 seconds
2017-07-12T11:01:00.109+0200: 4,269: Total time for which application threads were stopped: 0,0000758 seconds, Stopping threads took: 0,0000109 seconds
2017-07-12T11:01:00.114+0200: 4,274: Total time for which application threads were stopped: 0,0001637 seconds, Stopping threads took: 0,0000927 seconds
2017-07-12T11:01:00.115+0200: 4,274: Total time for which application threads were stopped: 0,0004761 seconds, Stopping threads took: 0,0004255 seconds
2017-07-12T11:01:00.116+0200: 4,276: Total time for which application threads were stopped: 0,0001471 seconds, Stopping threads took: 0,0000701 seconds
2017-07-12T11:01:00.116+0200: 4,276: Total time for which application threads were stopped: 0,0000641 seconds, Stopping threads took: 0,0000235 seconds
2017-07-12T11:01:00.116+0200: 4,276: Total time for which application threads were stopped: 0,0000660 seconds, Stopping threads took: 0,0000329 seconds
2017-07-12T11:01:00.117+0200: 4,277: Total time for which application threads were stopped: 0,0000769 seconds, Stopping threads took: 0,0000276 seconds
2017-07-12T11:01:00.117+0200: 4,277: Total time for which application threads were stopped: 0,0000546 seconds, Stopping threads took: 0,0000166 seconds
2017-07-12T11:01:00.117+0200: 4,277: Total time for which application threads were stopped: 0,0000530 seconds, Stopping threads took: 0,0000182 seconds
2017-07-12T11:01:00.117+0200: 4,277: Total time for which application threads were stopped: 0,0000457 seconds, Stopping threads took: 0,0000161 seconds
2017-07-12T11:01:00.117+0200: 4,277: Total time for which application threads were stopped: 0,0000525 seconds, Stopping threads took: 0,0000191 seconds
2017-07-12T11:01:00.117+0200: 4,277: Total time for which application threads were stopped: 0,0000731 seconds, Stopping threads took: 0,0000269 seconds
2017-07-12T11:01:00.117+0200: 4,277: Total time for which application threads were stopped: 0,0000844 seconds, Stopping threads took: 0,0000175 seconds
2017-07-12T11:01:00.118+0200: 4,277: Total time for which application threads were stopped: 0,0000646 seconds, Stopping threads took: 0,0000196 seconds
2017-07-12T11:01:00.118+0200: 4,278: Total time for which application threads were stopped: 0,0007117 seconds, Stopping threads took: 0,0006722 seconds
2017-07-12T11:01:00.118+0200: 4,278: Total time for which application threads were stopped: 0,0001219 seconds, Stopping threads took: 0,0000218 seconds
2017-07-12T11:01:00.128+0200: 4,288: Total time for which application threads were stopped: 0,0001193 seconds, Stopping threads took: 0,0000327 seconds
2017-07-12T11:01:00.132+0200: 4,292: Total time for which application threads were stopped: 0,0001296 seconds, Stopping threads took: 0,0000235 seconds
2017-07-12T11:01:00.133+0200: 4,293: Total time for which application threads were stopped: 0,0000896 seconds, Stopping threads took: 0,0000311 seconds
2017-07-12T11:01:00.133+0200: 4,293: Total time for which application threads were stopped: 0,0000558 seconds, Stopping threads took: 0,0000178 seconds
2017-07-12T11:01:00.133+0200: 4,293: Total time for which application threads were stopped: 0,0000444 seconds, Stopping threads took: 0,0000104 seconds
2017-07-12T11:01:00.133+0200: 4,293: Total time for which application threads were stopped: 0,0000785 seconds, Stopping threads took: 0,0000193 seconds
2017-07-12T11:01:00.142+0200: 4,301: Total time for which application threads were stopped: 0,0001518 seconds, Stopping threads took: 0,0000435 seconds
2017-07-12T11:01:00.145+0200: 4,305: Total time for which application threads were stopped: 0,0035642 seconds, Stopping threads took: 0,0034819 seconds
2017-07-12T11:01:00.146+0200: 4,306: Total time for which application threads were stopped: 0,0001392 seconds, Stopping threads took: 0,0000487 seconds
2017-07-12T11:01:00.150+0200: 4,309: Total time for which application threads were stopped: 0,0001745 seconds, Stopping threads took: 0,0000420 seconds
2017-07-12T11:01:00.150+0200: 4,310: Total time for which application threads were stopped: 0,0001250 seconds, Stopping threads took: 0,0000347 seconds
2017-07-12T11:01:00.152+0200: 4,312: Total time for which application threads were stopped: 0,0001470 seconds, Stopping threads took: 0,0000251 seconds
2017-07-12T11:01:00.153+0200: 4,313: Total time for which application threads were stopped: 0,0001120 seconds, Stopping threads took: 0,0000256 seconds
2017-07-12T11:01:00.153+0200: 4,313: Total time for which application threads were stopped: 0,0001866 seconds, Stopping threads took: 0,0000105 seconds
2017-07-12T11:01:00.159+0200: 4,319: Total time for which application threads were stopped: 0,0001493 seconds, Stopping threads took: 0,0000682 seconds
2017-07-12T11:01:00.160+0200: 4,320: Total time for which application threads were stopped: 0,0003369 seconds, Stopping threads took: 0,0002556 seconds
2017-07-12T11:01:00.161+0200: 4,321: Total time for which application threads were stopped: 0,0000914 seconds, Stopping threads took: 0,0000222 seconds
2017-07-12T11:01:00.165+0200: 4,325: Total time for which application threads were stopped: 0,0001435 seconds, Stopping threads took: 0,0000625 seconds
2017-07-12T11:01:00.165+0200: 4,325: Total time for which application threads were stopped: 0,0000994 seconds, Stopping threads took: 0,0000406 seconds
2017-07-12T11:01:00.165+0200: 4,325: Total time for which application threads were stopped: 0,0000589 seconds, Stopping threads took: 0,0000211 seconds
2017-07-12T11:01:00.165+0200: 4,325: Total time for which application threads were stopped: 0,0000640 seconds, Stopping threads took: 0,0000176 seconds
2017-07-12T11:01:00.165+0200: 4,325: Total time for which application threads were stopped: 0,0000851 seconds, Stopping threads took: 0,0000389 seconds
2017-07-12T11:01:00.169+0200: 4,329: Total time for which application threads were stopped: 0,0040028 seconds, Stopping threads took: 0,0039657 seconds
2017-07-12T11:01:00.171+0200: 4,331: Total time for which application threads were stopped: 0,0001299 seconds, Stopping threads took: 0,0000526 seconds
2017-07-12T11:01:00.171+0200: 4,331: Total time for which application threads were stopped: 0,0000892 seconds, Stopping threads took: 0,0000294 seconds
2017-07-12T11:01:00.175+0200: 4,335: Total time for which application threads were stopped: 0,0001196 seconds, Stopping threads took: 0,0000373 seconds
2017-07-12T11:01:00.180+0200: 4,340: Total time for which application threads were stopped: 0,0005137 seconds, Stopping threads took: 0,0004211 seconds
2017-07-12T11:01:00.182+0200: 4,342: Total time for which application threads were stopped: 0,0001075 seconds, Stopping threads took: 0,0000243 seconds
2017-07-12T11:01:00.182+0200: 4,342: Total time for which application threads were stopped: 0,0001063 seconds, Stopping threads took: 0,0000146 seconds
2017-07-12T11:01:00.182+0200: 4,342: Total time for which application threads were stopped: 0,0000628 seconds, Stopping threads took: 0,0000261 seconds
2017-07-12T11:01:00.184+0200: 4,344: Total time for which application threads were stopped: 0,0000822 seconds, Stopping threads took: 0,0000208 seconds
2017-07-12T11:01:00.200+0200: 4,360: Total time for which application threads were stopped: 0,0004082 seconds, Stopping threads took: 0,0003360 seconds
2017-07-12T11:01:00.201+0200: 4,361: Total time for which application threads were stopped: 0,0001698 seconds, Stopping threads took: 0,0000525 seconds
2017-07-12T11:01:00.206+0200: 4,366: Total time for which application threads were stopped: 0,0001862 seconds, Stopping threads took: 0,0000893 seconds
2017-07-12T11:01:00.213+0200: 4,373: Total time for which application threads were stopped: 0,0018260 seconds, Stopping threads took: 0,0016926 seconds
2017-07-12T11:01:00.222+0200: 4,382: Total time for which application threads were stopped: 0,0002151 seconds, Stopping threads took: 0,0000744 seconds
2017-07-12T11:01:00.224+0200: 4,384: Total time for which application threads were stopped: 0,0001711 seconds, Stopping threads took: 0,0000557 seconds
2017-07-12T11:01:00.225+0200: 4,385: Total time for which application threads were stopped: 0,0001035 seconds, Stopping threads took: 0,0000195 seconds
2017-07-12T11:01:00.250+0200: 4,409: Total time for which application threads were stopped: 0,0011180 seconds, Stopping threads took: 0,0010077 seconds
2017-07-12T11:01:00.268+0200: 4,427: Total time for which application threads were stopped: 0,0001069 seconds, Stopping threads took: 0,0000356 seconds
2017-07-12T11:01:00.319+0200: 4,479: Total time for which application threads were stopped: 0,0004913 seconds, Stopping threads took: 0,0000371 seconds
2017-07-12T11:01:00.334+0200: 4,494: Total time for which application threads were stopped: 0,0006132 seconds, Stopping threads took: 0,0000394 seconds
2017-07-12T11:01:00.396+0200: 4,556: Total time for which application threads were stopped: 0,0004511 seconds, Stopping threads took: 0,0000209 seconds
2017-07-12T11:01:00.401+0200: 4,561: Total time for which application threads were stopped: 0,0001365 seconds, Stopping threads took: 0,0000240 seconds
2017-07-12T11:01:00.402+0200: 4,562: Total time for which application threads were stopped: 0,0001730 seconds, Stopping threads took: 0,0000780 seconds
2017-07-12T11:01:00.434+0200: 4,594: Total time for which application threads were stopped: 0,0001032 seconds, Stopping threads took: 0,0000213 seconds
2017-07-12T11:01:00.441+0200: 4,601: Total time for which application threads were stopped: 0,0000982 seconds, Stopping threads took: 0,0000237 seconds
2017-07-12T11:01:00.465+0200: 4,625: Total time for which application threads were stopped: 0,0004512 seconds, Stopping threads took: 0,0003444 seconds
2017-07-12T11:01:00.499+0200: 4,659: Total time for which application threads were stopped: 0,0002615 seconds, Stopping threads took: 0,0001737 seconds
2017-07-12T11:01:00.516+0200: 4,676: Total time for which application threads were stopped: 0,0000949 seconds, Stopping threads took: 0,0000294 seconds
2017-07-12T11:01:00.517+0200: 4,677: Total time for which application threads were stopped: 0,0003269 seconds, Stopping threads took: 0,0000109 seconds
2017-07-12T11:01:00.517+0200: 4,677: Total time for which application threads were stopped: 0,0000765 seconds, Stopping threads took: 0,0000330 seconds
2017-07-12T11:01:01.518+0200: 5,678: Total time for which application threads were stopped: 0,0000910 seconds, Stopping threads took: 0,0000195 seconds
{Heap before GC invocations=9 (full 1):
 par new generation   total 109248K, used 95444K [0x00000000e0000000, 0x00000000e8000000, 0x00000000e8000000)
  eden space 87424K, 100% used [0x00000000e0000000, 0x00000000e5560000, 0x00000000e5560000)
  from space 21824K,  36% used [0x00000000e6ab0000, 0x00000000e7285218, 0x00000000e8000000)
  to   space 21824K,   0% used [0x00000000e5560000, 0x00000000e5560000, 0x00000000e6ab0000)
 concurrent mark-sweep generation total 393216K, used 6583K [0x00000000e8000000, 0x0000000100000000, 0x0000000100000000)
 Metaspace       used 27989K, capacity 28484K, committed 28796K, reserved 1075200K
  class space    used 3212K, capacity 3387K, committed 3452K, reserved 1048576K
2017-07-12T11:01:03.061+0200: 7,221: [GC (Allocation Failure) 2017-07-12T11:01:03.061+0200: 7,221: [ParNew
Desired survivor size 20112992 bytes, new threshold 8 (max 8)
- age   1:   11219952 bytes,   11219952 total
- age   2:     205360 bytes,   11425312 total
- age   3:     173848 bytes,   11599160 total
- age   4:    1721544 bytes,   13320704 total
- age   5:       7448 bytes,   13328152 total
- age   6:      81040 bytes,   13409192 total
- age   7:     101392 bytes,   13510584 total
- age   8:     203280 bytes,   13713864 total
: 95444K->15718K(109248K), 0,0125529 secs] 102028K->23072K(502464K), 0,0126031 secs] [Times: user=0,04 sys=0,00, real=0,02 secs] 
Heap after GC invocations=10 (full 1):
 par new generation   total 109248K, used 15718K [0x00000000e0000000, 0x00000000e8000000, 0x00000000e8000000)
  eden space 87424K,   0% used [0x00000000e0000000, 0x00000000e0000000, 0x00000000e5560000)
  from space 21824K,  72% used [0x00000000e5560000, 0x00000000e64b9ba0, 0x00000000e6ab0000)
  to   space 21824K,   0% used [0x00000000e6ab0000, 0x00000000e6ab0000, 0x00000000e8000000)
 concurrent mark-sweep generation total 393216K, used 7353K [0x00000000e8000000, 0x0000000100000000, 0x0000000100000000)
 Metaspace       used 27989K, capacity 28484K, committed 28796K, reserved 1075200K
  class space    used 3212K, capacity 3387K, committed 3452K, reserved 1048576K
}
2017-07-12T11:01:03.074+0200: 7,234: Total time for which application threads were stopped: 0,0127554 seconds, Stopping threads took: 0,0000154 seconds
2017-07-12T11:01:03.075+0200: 7,235: Total time for which application threads were stopped: 0,0000611 seconds, Stopping threads took: 0,0000246 seconds
2017-07-12T11:01:03.075+0200: 7,235: Total time for which application threads were stopped: 0,0000506 seconds, Stopping threads took: 0,0000306 seconds
2017-07-12T11:01:04.075+0200: 8,235: Total time for which application threads were stopped: 0,0000801 seconds, Stopping threads took: 0,0000163 seconds
2017-07-12T11:02:53.088+0200: 117,248: Total time for which application threads were stopped: 0,0000796 seconds, Stopping threads took: 0,0000332 seconds
2017-07-12T11:02:58.089+0200: 122,249: Total time for which application threads were stopped: 0,0000655 seconds, Stopping threads took: 0,0000160 seconds
2017-07-12T11:29:55.298+0200: 1411,971: Total time for which application threads were stopped: 0,0000777 seconds, Stopping threads took: 0,0000304 seconds
2017-07-12T11:34:45.339+0200: 1702,012: Total time for which application threads were stopped: 0,0000874 seconds, Stopping threads took: 0,0000335 seconds
2017-07-12T11:44:46.434+0200: 2303,107: Total time for which application threads were stopped: 0,0001634 seconds, Stopping threads took: 0,0000587 seconds
2017-07-12T11:44:50.435+0200: 2307,108: Total time for which application threads were stopped: 0,0001490 seconds, Stopping threads took: 0,0000329 seconds
2017-07-12T11:59:41.571+0200: 3198,244: Total time for which application threads were stopped: 0,0001692 seconds, Stopping threads took: 0,0000649 seconds
2017-07-12T12:09:55.668+0200: 3812,341: Total time for which application threads were stopped: 0,0001770 seconds, Stopping threads took: 0,0000664 seconds
2017-07-12T12:10:00.669+0200: 3817,342: Total time for which application threads were stopped: 0,0000615 seconds, Stopping threads took: 0,0000142 seconds
2017-07-12T12:24:45.804+0200: 4702,477: Total time for which application threads were stopped: 0,0001904 seconds, Stopping threads took: 0,0000698 seconds
2017-07-12T12:50:46.024+0200: 6262,697: Total time for which application threads were stopped: 0,0002067 seconds, Stopping threads took: 0,0000660 seconds
2017-07-12T13:08:55.194+0200: 7351,867: Total time for which application threads were stopped: 0,0001609 seconds, Stopping threads took: 0,0000586 seconds
2017-07-12T13:14:25.248+0200: 7681,921: Total time for which application threads were stopped: 0,0001966 seconds, Stopping threads took: 0,0000557 seconds
2017-07-12T13:16:55.267+0200: 7831,940: Total time for which application threads were stopped: 0,0000865 seconds, Stopping threads took: 0,0000316 seconds
2017-07-12T14:17:55.709+0200: 11492,382: Total time for which application threads were stopped: 0,0000847 seconds, Stopping threads took: 0,0000327 seconds
2017-07-12T14:18:25.712+0200: 11522,385: Total time for which application threads were stopped: 0,0000922 seconds, Stopping threads took: 0,0000294 seconds
2017-07-12T14:18:55.716+0200: 11552,389: Total time for which application threads were stopped: 0,0000892 seconds, Stopping threads took: 0,0000345 seconds
2017-07-12T14:43:07.896+0200: 13004,569: Total time for which application threads were stopped: 0,0001043 seconds, Stopping threads took: 0,0000290 seconds
2017-07-12T14:43:07.953+0200: 13004,625: Total time for which application threads were stopped: 0,0408410 seconds, Stopping threads took: 0,0407514 seconds
2017-07-12T14:43:07.953+0200: 13004,626: Total time for which application threads were stopped: 0,0000767 seconds, Stopping threads took: 0,0000141 seconds
2017-07-12T14:43:07.956+0200: 13004,629: Total time for which application threads were stopped: 0,0000924 seconds, Stopping threads took: 0,0000142 seconds
2017-07-12T14:43:07.958+0200: 13004,631: Total time for which application threads were stopped: 0,0007192 seconds, Stopping threads took: 0,0006363 seconds
2017-07-12T14:43:07.959+0200: 13004,632: Total time for which application threads were stopped: 0,0000891 seconds, Stopping threads took: 0,0000146 seconds
2017-07-12T14:43:07.959+0200: 13004,632: Total time for which application threads were stopped: 0,0000873 seconds, Stopping threads took: 0,0000088 seconds
2017-07-12T14:43:07.960+0200: 13004,633: Total time for which application threads were stopped: 0,0000747 seconds, Stopping threads took: 0,0000161 seconds
2017-07-12T14:43:07.960+0200: 13004,633: Total time for which application threads were stopped: 0,0000642 seconds, Stopping threads took: 0,0000092 seconds
2017-07-12T14:43:07.960+0200: 13004,633: Total time for which application threads were stopped: 0,0000510 seconds, Stopping threads took: 0,0000078 seconds
2017-07-12T14:43:07.960+0200: 13004,633: Total time for which application threads were stopped: 0,0000835 seconds, Stopping threads took: 0,0000079 seconds
2017-07-12T14:43:07.960+0200: 13004,633: Total time for which application threads were stopped: 0,0000608 seconds, Stopping threads took: 0,0000088 seconds
2017-07-12T14:43:07.961+0200: 13004,633: Total time for which application threads were stopped: 0,0000560 seconds, Stopping threads took: 0,0000090 seconds
2017-07-12T14:43:07.961+0200: 13004,634: Total time for which application threads were stopped: 0,0000526 seconds, Stopping threads took: 0,0000073 seconds
2017-07-12T14:43:07.961+0200: 13004,634: Total time for which application threads were stopped: 0,0000485 seconds, Stopping threads took: 0,0000067 seconds
2017-07-12T14:43:07.961+0200: 13004,634: Total time for which application threads were stopped: 0,0000517 seconds, Stopping threads took: 0,0000111 seconds
2017-07-12T14:43:07.961+0200: 13004,634: Total time for which application threads were stopped: 0,0000435 seconds, Stopping threads took: 0,0000057 seconds
2017-07-12T14:43:07.961+0200: 13004,634: Total time for which application threads were stopped: 0,0000435 seconds, Stopping threads took: 0,0000062 seconds
2017-07-12T14:43:07.961+0200: 13004,634: Total time for which application threads were stopped: 0,0000434 seconds, Stopping threads took: 0,0000053 seconds
2017-07-12T14:43:07.961+0200: 13004,634: Total time for which application threads were stopped: 0,0000447 seconds, Stopping threads took: 0,0000060 seconds
2017-07-12T14:43:07.961+0200: 13004,634: Total time for which application threads were stopped: 0,0000407 seconds, Stopping threads took: 0,0000072 seconds
2017-07-12T14:43:07.961+0200: 13004,634: Total time for which application threads were stopped: 0,0000475 seconds, Stopping threads took: 0,0000063 seconds
2017-07-12T14:43:07.961+0200: 13004,634: Total time for which application threads were stopped: 0,0000424 seconds, Stopping threads took: 0,0000055 seconds
2017-07-12T14:43:07.962+0200: 13004,635: Total time for which application threads were stopped: 0,0000435 seconds, Stopping threads took: 0,0000056 seconds
2017-07-12T14:43:07.962+0200: 13004,635: Total time for which application threads were stopped: 0,0000408 seconds, Stopping threads took: 0,0000055 seconds
2017-07-12T14:43:07.962+0200: 13004,635: Total time for which application threads were stopped: 0,0000375 seconds, Stopping threads took: 0,0000050 seconds
2017-07-12T14:43:07.962+0200: 13004,635: Total time for which application threads were stopped: 0,0000356 seconds, Stopping threads took: 0,0000049 seconds
2017-07-12T14:43:07.962+0200: 13004,635: Total time for which application threads were stopped: 0,0000724 seconds, Stopping threads took: 0,0000051 seconds
2017-07-12T14:43:07.962+0200: 13004,635: Total time for which application threads were stopped: 0,0000387 seconds, Stopping threads took: 0,0000059 seconds
2017-07-12T14:43:07.962+0200: 13004,635: Total time for which application threads were stopped: 0,0000376 seconds, Stopping threads took: 0,0000059 seconds
2017-07-12T14:43:07.962+0200: 13004,635: Total time for which application threads were stopped: 0,0000409 seconds, Stopping threads took: 0,0000058 seconds
2017-07-12T14:43:07.962+0200: 13004,635: Total time for which application threads were stopped: 0,0000369 seconds, Stopping threads took: 0,0000054 seconds
2017-07-12T14:43:07.962+0200: 13004,635: Total time for which application threads were stopped: 0,0000378 seconds, Stopping threads took: 0,0000057 seconds
2017-07-12T14:43:07.962+0200: 13004,635: Total time for which application threads were stopped: 0,0000414 seconds, Stopping threads took: 0,0000056 seconds
2017-07-12T14:43:07.962+0200: 13004,635: Total time for which application threads were stopped: 0,0000381 seconds, Stopping threads took: 0,0000053 seconds
2017-07-12T14:43:07.971+0200: 13004,644: Total time for which application threads were stopped: 0,0019810 seconds, Stopping threads took: 0,0018983 seconds
2017-07-12T14:43:07.972+0200: 13004,645: Total time for which application threads were stopped: 0,0002643 seconds, Stopping threads took: 0,0000129 seconds
2017-07-12T14:43:07.972+0200: 13004,645: Total time for which application threads were stopped: 0,0000636 seconds, Stopping threads took: 0,0000079 seconds
2017-07-12T14:43:07.972+0200: 13004,645: Total time for which application threads were stopped: 0,0000522 seconds, Stopping threads took: 0,0000057 seconds
2017-07-12T14:43:07.972+0200: 13004,645: Total time for which application threads were stopped: 0,0000439 seconds, Stopping threads took: 0,0000051 seconds
2017-07-12T14:43:07.973+0200: 13004,646: Total time for which application threads were stopped: 0,0001101 seconds, Stopping threads took: 0,0000293 seconds
2017-07-12T14:43:07.974+0200: 13004,646: Total time for which application threads were stopped: 0,0000605 seconds, Stopping threads took: 0,0000072 seconds
2017-07-12T14:43:07.974+0200: 13004,647: Total time for which application threads were stopped: 0,0000621 seconds, Stopping threads took: 0,0000076 seconds
2017-07-12T14:43:07.975+0200: 13004,648: Total time for which application threads were stopped: 0,0000970 seconds, Stopping threads took: 0,0000241 seconds
2017-07-12T14:43:07.975+0200: 13004,648: Total time for which application threads were stopped: 0,0000508 seconds, Stopping threads took: 0,0000072 seconds
2017-07-12T14:43:07.975+0200: 13004,648: Total time for which application threads were stopped: 0,0000446 seconds, Stopping threads took: 0,0000057 seconds
2017-07-12T14:43:07.975+0200: 13004,648: Total time for which application threads were stopped: 0,0000452 seconds, Stopping threads took: 0,0000055 seconds
2017-07-12T14:43:07.975+0200: 13004,648: Total time for which application threads were stopped: 0,0000403 seconds, Stopping threads took: 0,0000064 seconds
2017-07-12T14:43:07.975+0200: 13004,648: Total time for which application threads were stopped: 0,0000391 seconds, Stopping threads took: 0,0000053 seconds
2017-07-12T14:43:07.976+0200: 13004,649: Total time for which application threads were stopped: 0,0000558 seconds, Stopping threads took: 0,0000085 seconds
2017-07-12T14:43:07.976+0200: 13004,649: Total time for which application threads were stopped: 0,0000412 seconds, Stopping threads took: 0,0000051 seconds
2017-07-12T14:43:07.976+0200: 13004,649: Total time for which application threads were stopped: 0,0000389 seconds, Stopping threads took: 0,0000047 seconds
2017-07-12T14:43:07.976+0200: 13004,649: Total time for which application threads were stopped: 0,0000394 seconds, Stopping threads took: 0,0000050 seconds
2017-07-12T14:43:07.986+0200: 13004,659: Total time for which application threads were stopped: 0,0000917 seconds, Stopping threads took: 0,0000145 seconds
2017-07-12T14:43:07.986+0200: 13004,659: Total time for which application threads were stopped: 0,0000675 seconds, Stopping threads took: 0,0000153 seconds
2017-07-12T14:43:07.986+0200: 13004,659: Total time for which application threads were stopped: 0,0000355 seconds, Stopping threads took: 0,0000050 seconds
2017-07-12T14:43:07.993+0200: 13004,666: Total time for which application threads were stopped: 0,0000836 seconds, Stopping threads took: 0,0000141 seconds
2017-07-12T14:43:07.996+0200: 13004,669: Total time for which application threads were stopped: 0,0000904 seconds, Stopping threads took: 0,0000278 seconds
2017-07-12T14:43:07.996+0200: 13004,669: Total time for which application threads were stopped: 0,0000517 seconds, Stopping threads took: 0,0000138 seconds
2017-07-12T14:43:07.996+0200: 13004,669: Total time for which application threads were stopped: 0,0000468 seconds, Stopping threads took: 0,0000135 seconds
2017-07-12T14:43:08.002+0200: 13004,675: Total time for which application threads were stopped: 0,0001054 seconds, Stopping threads took: 0,0000278 seconds
2017-07-12T14:43:08.003+0200: 13004,675: Total time for which application threads were stopped: 0,0000451 seconds, Stopping threads took: 0,0000067 seconds
2017-07-12T14:43:08.003+0200: 13004,676: Total time for which application threads were stopped: 0,0000685 seconds, Stopping threads took: 0,0000324 seconds
2017-07-12T14:43:08.003+0200: 13004,676: Total time for which application threads were stopped: 0,0000513 seconds, Stopping threads took: 0,0000130 seconds
2017-07-12T14:43:08.003+0200: 13004,676: Total time for which application threads were stopped: 0,0000367 seconds, Stopping threads took: 0,0000055 seconds
2017-07-12T14:43:08.003+0200: 13004,676: Total time for which application threads were stopped: 0,0000379 seconds, Stopping threads took: 0,0000057 seconds
2017-07-12T14:43:08.004+0200: 13004,677: Total time for which application threads were stopped: 0,0001106 seconds, Stopping threads took: 0,0000381 seconds
2017-07-12T14:43:08.004+0200: 13004,677: Total time for which application threads were stopped: 0,0000438 seconds, Stopping threads took: 0,0000059 seconds
2017-07-12T14:43:08.004+0200: 13004,677: Total time for which application threads were stopped: 0,0000365 seconds, Stopping threads took: 0,0000058 seconds
2017-07-12T14:43:08.004+0200: 13004,677: Total time for which application threads were stopped: 0,0000849 seconds, Stopping threads took: 0,0000347 seconds
2017-07-12T14:43:08.005+0200: 13004,678: Total time for which application threads were stopped: 0,0002946 seconds, Stopping threads took: 0,0002447 seconds
2017-07-12T14:43:08.005+0200: 13004,678: Total time for which application threads were stopped: 0,0001980 seconds, Stopping threads took: 0,0000280 seconds
2017-07-12T14:43:08.007+0200: 13004,680: Total time for which application threads were stopped: 0,0001314 seconds, Stopping threads took: 0,0000256 seconds
2017-07-12T14:43:08.009+0200: 13004,682: Total time for which application threads were stopped: 0,0001069 seconds, Stopping threads took: 0,0000394 seconds
2017-07-12T14:43:08.009+0200: 13004,682: Total time for which application threads were stopped: 0,0000866 seconds, Stopping threads took: 0,0000231 seconds
Heap
 par new generation   total 109248K, used 38586K [0x00000000e0000000, 0x00000000e8000000, 0x00000000e8000000)
  eden space 87424K,  26% used [0x00000000e0000000, 0x00000000e1654d98, 0x00000000e5560000)
  from space 21824K,  72% used [0x00000000e5560000, 0x00000000e64b9ba0, 0x00000000e6ab0000)
  to   space 21824K,   0% used [0x00000000e6ab0000, 0x00000000e6ab0000, 0x00000000e8000000)
 concurrent mark-sweep generation total 393216K, used 7353K [0x00000000e8000000, 0x0000000100000000, 0x0000000100000000)
 Metaspace       used 28151K, capacity 28716K, committed 29052K, reserved 1075200K
  class space    used 3226K, capacity 3421K, committed 3452K, reserved 1048576K
