OpenJDK 64-Bit Server VM (25.121-b13) for linux-amd64 JRE (1.8.0_121-8u121-b13-0ubuntu1.16.04.2-b13), built on Jan 23 2017 15:51:29 by "buildd" with gcc 5.4.0 20160609
Memory: 4k page, physical 7867760k(7453516k free), swap 8076284k(8076284k free)
CommandLine flags: -XX:CMSInitiatingOccupancyFraction=50 -XX:CMSMaxAbortablePrecleanTime=6000 -XX:+CMSParallelRemarkEnabled -XX:+CMSScavengeBeforeRemark -XX:ConcGCThreads=4 -XX:InitialHeapSize=536870912 -XX:MaxHeapSize=536870912 -XX:MaxTenuringThreshold=8 -XX:NewRatio=3 -XX:OldPLABSize=16 -XX:OnOutOfMemoryError=/opt/solr/bin/oom_solr.sh 8983 /var/solr/logs -XX:ParallelGCThreads=4 -XX:+ParallelRefProcEnabled -XX:PretenureSizeThreshold=67108864 -XX:+PrintGC -XX:+PrintGCApplicationStoppedTime -XX:+PrintGCDateStamps -XX:+PrintGCDetails -XX:+PrintGCTimeStamps -XX:+PrintHeapAtGC -XX:+PrintTenuringDistribution -XX:SurvivorRatio=4 -XX:TargetSurvivorRatio=90 -XX:ThreadStackSize=256 -XX:+UseCMSInitiatingOccupancyOnly -XX:+UseCompressedClassPointers -XX:+UseCompressedOops -XX:+UseConcMarkSweepGC -XX:+UseParNewGC 
2017-03-23T08:47:10.722+0100: 0,131: Total time for which application threads were stopped: 0,0000601 seconds, Stopping threads took: 0,0000089 seconds
2017-03-23T08:47:10.808+0100: 0,217: Total time for which application threads were stopped: 0,0001095 seconds, Stopping threads took: 0,0000147 seconds
2017-03-23T08:47:10.825+0100: 0,234: Total time for which application threads were stopped: 0,0000998 seconds, Stopping threads took: 0,0000132 seconds
2017-03-23T08:47:11.060+0100: 0,469: Total time for which application threads were stopped: 0,0001098 seconds, Stopping threads took: 0,0000146 seconds
2017-03-23T08:47:11.458+0100: 0,866: Total time for which application threads were stopped: 0,0001636 seconds, Stopping threads took: 0,0000135 seconds
2017-03-23T08:47:11.580+0100: 0,989: Total time for which application threads were stopped: 0,0003332 seconds, Stopping threads took: 0,0000296 seconds
2017-03-23T08:47:11.658+0100: 1,067: Total time for which application threads were stopped: 0,0001979 seconds, Stopping threads took: 0,0000207 seconds
2017-03-23T08:47:12.007+0100: 1,415: Total time for which application threads were stopped: 0,0001800 seconds, Stopping threads took: 0,0000159 seconds
2017-03-23T08:47:12.241+0100: 1,650: Total time for which application threads were stopped: 0,0002228 seconds, Stopping threads took: 0,0000240 seconds
2017-03-23T08:47:12.261+0100: 1,670: Total time for which application threads were stopped: 0,0001943 seconds, Stopping threads took: 0,0000192 seconds
2017-03-23T08:47:12.290+0100: 1,699: Total time for which application threads were stopped: 0,0002567 seconds, Stopping threads took: 0,0000291 seconds
2017-03-23T08:47:12.292+0100: 1,701: Total time for which application threads were stopped: 0,0007191 seconds, Stopping threads took: 0,0000291 seconds
2017-03-23T08:47:12.313+0100: 1,722: Total time for which application threads were stopped: 0,0001884 seconds, Stopping threads took: 0,0000264 seconds
2017-03-23T08:47:12.394+0100: 1,803: Total time for which application threads were stopped: 0,0002441 seconds, Stopping threads took: 0,0000242 seconds
2017-03-23T08:47:12.595+0100: 2,004: Total time for which application threads were stopped: 0,0002624 seconds, Stopping threads took: 0,0000472 seconds
{Heap before GC invocations=0 (full 0):
 par new generation   total 109248K, used 87424K [0x00000000e0000000, 0x00000000e8000000, 0x00000000e8000000)
  eden space 87424K, 100% used [0x00000000e0000000, 0x00000000e5560000, 0x00000000e5560000)
  from space 21824K,   0% used [0x00000000e5560000, 0x00000000e5560000, 0x00000000e6ab0000)
  to   space 21824K,   0% used [0x00000000e6ab0000, 0x00000000e6ab0000, 0x00000000e8000000)
 concurrent mark-sweep generation total 393216K, used 0K [0x00000000e8000000, 0x0000000100000000, 0x0000000100000000)
 Metaspace       used 18026K, capacity 18336K, committed 18688K, reserved 1064960K
  class space    used 2039K, capacity 2196K, committed 2304K, reserved 1048576K
2017-03-23T08:47:12.690+0100: 2,098: [GC (Allocation Failure) 2017-03-23T08:47:12.690+0100: 2,098: [ParNew
Desired survivor size 20112992 bytes, new threshold 8 (max 8)
- age   1:   12613912 bytes,   12613912 total
: 87424K->12422K(109248K), 0,0212484 secs] 87424K->12422K(502464K), 0,0213429 secs] [Times: user=0,06 sys=0,01, real=0,02 secs] 
Heap after GC invocations=1 (full 0):
 par new generation   total 109248K, used 12422K [0x00000000e0000000, 0x00000000e8000000, 0x00000000e8000000)
  eden space 87424K,   0% used [0x00000000e0000000, 0x00000000e0000000, 0x00000000e5560000)
  from space 21824K,  56% used [0x00000000e6ab0000, 0x00000000e76d1970, 0x00000000e8000000)
  to   space 21824K,   0% used [0x00000000e5560000, 0x00000000e5560000, 0x00000000e6ab0000)
 concurrent mark-sweep generation total 393216K, used 0K [0x00000000e8000000, 0x0000000100000000, 0x0000000100000000)
 Metaspace       used 18026K, capacity 18336K, committed 18688K, reserved 1064960K
  class space    used 2039K, capacity 2196K, committed 2304K, reserved 1048576K
}
2017-03-23T08:47:12.711+0100: 2,120: Total time for which application threads were stopped: 0,0258898 seconds, Stopping threads took: 0,0043050 seconds
2017-03-23T08:47:12.974+0100: 2,383: Total time for which application threads were stopped: 0,0002896 seconds, Stopping threads took: 0,0000483 seconds
2017-03-23T08:47:13.030+0100: 2,439: Total time for which application threads were stopped: 0,0003714 seconds, Stopping threads took: 0,0000763 seconds
{Heap before GC invocations=1 (full 0):
 par new generation   total 109248K, used 99846K [0x00000000e0000000, 0x00000000e8000000, 0x00000000e8000000)
  eden space 87424K, 100% used [0x00000000e0000000, 0x00000000e5560000, 0x00000000e5560000)
  from space 21824K,  56% used [0x00000000e6ab0000, 0x00000000e76d1970, 0x00000000e8000000)
  to   space 21824K,   0% used [0x00000000e5560000, 0x00000000e5560000, 0x00000000e6ab0000)
 concurrent mark-sweep generation total 393216K, used 0K [0x00000000e8000000, 0x0000000100000000, 0x0000000100000000)
 Metaspace       used 20021K, capacity 20360K, committed 20736K, reserved 1067008K
  class space    used 2296K, capacity 2468K, committed 2560K, reserved 1048576K
2017-03-23T08:47:13.033+0100: 2,442: [GC (Allocation Failure) 2017-03-23T08:47:13.033+0100: 2,442: [ParNew
Desired survivor size 20112992 bytes, new threshold 8 (max 8)
- age   1:    3731872 bytes,    3731872 total
- age   2:    6667048 bytes,   10398920 total
: 99846K->13775K(109248K), 0,0135105 secs] 99846K->13775K(502464K), 0,0135911 secs] [Times: user=0,04 sys=0,00, real=0,01 secs] 
Heap after GC invocations=2 (full 0):
 par new generation   total 109248K, used 13775K [0x00000000e0000000, 0x00000000e8000000, 0x00000000e8000000)
  eden space 87424K,   0% used [0x00000000e0000000, 0x00000000e0000000, 0x00000000e5560000)
  from space 21824K,  63% used [0x00000000e5560000, 0x00000000e62d3f90, 0x00000000e6ab0000)
  to   space 21824K,   0% used [0x00000000e6ab0000, 0x00000000e6ab0000, 0x00000000e8000000)
 concurrent mark-sweep generation total 393216K, used 0K [0x00000000e8000000, 0x0000000100000000, 0x0000000100000000)
 Metaspace       used 20021K, capacity 20360K, committed 20736K, reserved 1067008K
  class space    used 2296K, capacity 2468K, committed 2560K, reserved 1048576K
}
2017-03-23T08:47:13.047+0100: 2,455: Total time for which application threads were stopped: 0,0143369 seconds, Stopping threads took: 0,0005872 seconds
2017-03-23T08:47:13.082+0100: 2,490: Total time for which application threads were stopped: 0,0008302 seconds, Stopping threads took: 0,0005647 seconds
2017-03-23T08:47:13.199+0100: 2,608: Total time for which application threads were stopped: 0,0002228 seconds, Stopping threads took: 0,0000656 seconds
{Heap before GC invocations=2 (full 0):
 par new generation   total 109248K, used 101199K [0x00000000e0000000, 0x00000000e8000000, 0x00000000e8000000)
  eden space 87424K, 100% used [0x00000000e0000000, 0x00000000e5560000, 0x00000000e5560000)
  from space 21824K,  63% used [0x00000000e5560000, 0x00000000e62d3f90, 0x00000000e6ab0000)
  to   space 21824K,   0% used [0x00000000e6ab0000, 0x00000000e6ab0000, 0x00000000e8000000)
 concurrent mark-sweep generation total 393216K, used 0K [0x00000000e8000000, 0x0000000100000000, 0x0000000100000000)
 Metaspace       used 20952K, capacity 21282K, committed 21628K, reserved 1069056K
  class space    used 2418K, capacity 2587K, committed 2684K, reserved 1048576K
2017-03-23T08:47:13.238+0100: 2,647: [GC (Allocation Failure) 2017-03-23T08:47:13.238+0100: 2,647: [ParNew
Desired survivor size 20112992 bytes, new threshold 8 (max 8)
- age   1:    2188832 bytes,    2188832 total
- age   2:     850248 bytes,    3039080 total
- age   3:    6663192 bytes,    9702272 total
: 101199K->11552K(109248K), 0,0150762 secs] 101199K->11552K(502464K), 0,0151572 secs] [Times: user=0,06 sys=0,00, real=0,01 secs] 
Heap after GC invocations=3 (full 0):
 par new generation   total 109248K, used 11552K [0x00000000e0000000, 0x00000000e8000000, 0x00000000e8000000)
  eden space 87424K,   0% used [0x00000000e0000000, 0x00000000e0000000, 0x00000000e5560000)
  from space 21824K,  52% used [0x00000000e6ab0000, 0x00000000e75f8180, 0x00000000e8000000)
  to   space 21824K,   0% used [0x00000000e5560000, 0x00000000e5560000, 0x00000000e6ab0000)
 concurrent mark-sweep generation total 393216K, used 0K [0x00000000e8000000, 0x0000000100000000, 0x0000000100000000)
 Metaspace       used 20952K, capacity 21282K, committed 21628K, reserved 1069056K
  class space    used 2418K, capacity 2587K, committed 2684K, reserved 1048576K
}
2017-03-23T08:47:13.253+0100: 2,662: Total time for which application threads were stopped: 0,0153160 seconds, Stopping threads took: 0,0000249 seconds
2017-03-23T08:47:13.253+0100: 2,662: [GC (CMS Initial Mark) [1 CMS-initial-mark: 0K(393216K)] 11568K(502464K), 0,0042730 secs] [Times: user=0,01 sys=0,00, real=0,01 secs] 
2017-03-23T08:47:13.258+0100: 2,666: Total time for which application threads were stopped: 0,0046040 seconds, Stopping threads took: 0,0002427 seconds
2017-03-23T08:47:13.258+0100: 2,666: [CMS-concurrent-mark-start]
2017-03-23T08:47:13.258+0100: 2,667: [CMS-concurrent-mark: 0,000/0,000 secs] [Times: user=0,00 sys=0,00, real=0,00 secs] 
2017-03-23T08:47:13.258+0100: 2,667: [CMS-concurrent-preclean-start]
2017-03-23T08:47:13.259+0100: 2,668: [CMS-concurrent-preclean: 0,001/0,001 secs] [Times: user=0,01 sys=0,00, real=0,00 secs] 
2017-03-23T08:47:13.266+0100: 2,675: [GC (CMS Final Remark) [YG occupancy: 20180 K (109248 K)]2017-03-23T08:47:13.266+0100: 2,675: [Rescan (parallel) , 0,0071910 secs]2017-03-23T08:47:13.273+0100: 2,682: [weak refs processing, 0,0040813 secs]2017-03-23T08:47:13.278+0100: 2,686: [class unloading, 0,0030822 secs]2017-03-23T08:47:13.281+0100: 2,689: [scrub symbol table, 0,0033306 secs]2017-03-23T08:47:13.284+0100: 2,693: [scrub string table, 0,0004963 secs][1 CMS-remark: 0K(393216K)] 20180K(502464K), 0,0187823 secs] [Times: user=0,06 sys=0,00, real=0,02 secs] 
2017-03-23T08:47:13.285+0100: 2,694: Total time for which application threads were stopped: 0,0194876 seconds, Stopping threads took: 0,0006171 seconds
2017-03-23T08:47:13.287+0100: 2,696: [CMS-concurrent-sweep-start]
2017-03-23T08:47:13.287+0100: 2,696: [CMS-concurrent-sweep: 0,000/0,000 secs] [Times: user=0,00 sys=0,00, real=0,00 secs] 
2017-03-23T08:47:13.287+0100: 2,696: [CMS-concurrent-reset-start]
2017-03-23T08:47:13.290+0100: 2,698: [CMS-concurrent-reset: 0,002/0,002 secs] [Times: user=0,01 sys=0,01, real=0,01 secs] 
{Heap before GC invocations=3 (full 1):
 par new generation   total 109248K, used 22417K [0x00000000e0000000, 0x00000000e8000000, 0x00000000e8000000)
  eden space 87424K,  12% used [0x00000000e0000000, 0x00000000e0a9c608, 0x00000000e5560000)
  from space 21824K,  52% used [0x00000000e6ab0000, 0x00000000e75f8180, 0x00000000e8000000)
  to   space 21824K,   0% used [0x00000000e5560000, 0x00000000e5560000, 0x00000000e6ab0000)
 concurrent mark-sweep generation total 393216K, used 0K [0x00000000e8000000, 0x0000000100000000, 0x0000000100000000)
 Metaspace       used 20969K, capacity 21346K, committed 21628K, reserved 1069056K
  class space    used 2421K, capacity 2587K, committed 2684K, reserved 1048576K
2017-03-23T08:47:13.291+0100: 2,700: [GC (GCLocker Initiated GC) 2017-03-23T08:47:13.291+0100: 2,700: [ParNew
Desired survivor size 20112992 bytes, new threshold 8 (max 8)
- age   1:      35760 bytes,      35760 total
- age   2:    1461640 bytes,    1497400 total
- age   3:     819072 bytes,    2316472 total
- age   4:    6665224 bytes,    8981696 total
: 22417K->12825K(109248K), 0,0084109 secs] 22417K->12825K(502464K), 0,0084872 secs] [Times: user=0,03 sys=0,00, real=0,01 secs] 
Heap after GC invocations=4 (full 1):
 par new generation   total 109248K, used 12825K [0x00000000e0000000, 0x00000000e8000000, 0x00000000e8000000)
  eden space 87424K,   0% used [0x00000000e0000000, 0x00000000e0000000, 0x00000000e5560000)
  from space 21824K,  58% used [0x00000000e5560000, 0x00000000e61e6520, 0x00000000e6ab0000)
  to   space 21824K,   0% used [0x00000000e6ab0000, 0x00000000e6ab0000, 0x00000000e8000000)
 concurrent mark-sweep generation total 393216K, used 0K [0x00000000e8000000, 0x0000000100000000, 0x0000000100000000)
 Metaspace       used 20969K, capacity 21346K, committed 21628K, reserved 1069056K
  class space    used 2421K, capacity 2587K, committed 2684K, reserved 1048576K
}
2017-03-23T08:47:13.300+0100: 2,709: Total time for which application threads were stopped: 0,0086744 seconds, Stopping threads took: 0,0000582 seconds
{Heap before GC invocations=4 (full 1):
 par new generation   total 109248K, used 100249K [0x00000000e0000000, 0x00000000e8000000, 0x00000000e8000000)
  eden space 87424K, 100% used [0x00000000e0000000, 0x00000000e5560000, 0x00000000e5560000)
  from space 21824K,  58% used [0x00000000e5560000, 0x00000000e61e6520, 0x00000000e6ab0000)
  to   space 21824K,   0% used [0x00000000e6ab0000, 0x00000000e6ab0000, 0x00000000e8000000)
 concurrent mark-sweep generation total 393216K, used 0K [0x00000000e8000000, 0x0000000100000000, 0x0000000100000000)
 Metaspace       used 21223K, capacity 21564K, committed 21884K, reserved 1069056K
  class space    used 2450K, capacity 2603K, committed 2684K, reserved 1048576K
2017-03-23T08:47:13.387+0100: 2,796: [GC (Allocation Failure) 2017-03-23T08:47:13.387+0100: 2,796: [ParNew
Desired survivor size 20112992 bytes, new threshold 8 (max 8)
- age   1:    1048896 bytes,    1048896 total
- age   2:      13680 bytes,    1062576 total
- age   3:    1460752 bytes,    2523328 total
- age   4:     816856 bytes,    3340184 total
- age   5:    6663152 bytes,   10003336 total
: 100249K->12208K(109248K), 0,0129460 secs] 100249K->12208K(502464K), 0,0130136 secs] [Times: user=0,04 sys=0,00, real=0,02 secs] 
Heap after GC invocations=5 (full 1):
 par new generation   total 109248K, used 12208K [0x00000000e0000000, 0x00000000e8000000, 0x00000000e8000000)
  eden space 87424K,   0% used [0x00000000e0000000, 0x00000000e0000000, 0x00000000e5560000)
  from space 21824K,  55% used [0x00000000e6ab0000, 0x00000000e769c170, 0x00000000e8000000)
  to   space 21824K,   0% used [0x00000000e5560000, 0x00000000e5560000, 0x00000000e6ab0000)
 concurrent mark-sweep generation total 393216K, used 0K [0x00000000e8000000, 0x0000000100000000, 0x0000000100000000)
 Metaspace       used 21223K, capacity 21564K, committed 21884K, reserved 1069056K
  class space    used 2450K, capacity 2603K, committed 2684K, reserved 1048576K
}
2017-03-23T08:47:13.400+0100: 2,809: Total time for which application threads were stopped: 0,0132170 seconds, Stopping threads took: 0,0000619 seconds
{Heap before GC invocations=5 (full 1):
 par new generation   total 109248K, used 99632K [0x00000000e0000000, 0x00000000e8000000, 0x00000000e8000000)
  eden space 87424K, 100% used [0x00000000e0000000, 0x00000000e5560000, 0x00000000e5560000)
  from space 21824K,  55% used [0x00000000e6ab0000, 0x00000000e769c170, 0x00000000e8000000)
  to   space 21824K,   0% used [0x00000000e5560000, 0x00000000e5560000, 0x00000000e6ab0000)
 concurrent mark-sweep generation total 393216K, used 0K [0x00000000e8000000, 0x0000000100000000, 0x0000000100000000)
 Metaspace       used 21455K, capacity 21864K, committed 22140K, reserved 1069056K
  class space    used 2476K, capacity 2637K, committed 2684K, reserved 1048576K
2017-03-23T08:47:13.497+0100: 2,906: [GC (Allocation Failure) 2017-03-23T08:47:13.497+0100: 2,906: [ParNew
Desired survivor size 20112992 bytes, new threshold 8 (max 8)
- age   1:     714104 bytes,     714104 total
- age   2:     189784 bytes,     903888 total
- age   3:      11600 bytes,     915488 total
- age   4:    1459504 bytes,    2374992 total
- age   5:     816792 bytes,    3191784 total
- age   6:    6663240 bytes,    9855024 total
: 99632K->13024K(109248K), 0,0115539 secs] 99632K->13024K(502464K), 0,0116189 secs] [Times: user=0,03 sys=0,00, real=0,01 secs] 
Heap after GC invocations=6 (full 1):
 par new generation   total 109248K, used 13024K [0x00000000e0000000, 0x00000000e8000000, 0x00000000e8000000)
  eden space 87424K,   0% used [0x00000000e0000000, 0x00000000e0000000, 0x00000000e5560000)
  from space 21824K,  59% used [0x00000000e5560000, 0x00000000e6218320, 0x00000000e6ab0000)
  to   space 21824K,   0% used [0x00000000e6ab0000, 0x00000000e6ab0000, 0x00000000e8000000)
 concurrent mark-sweep generation total 393216K, used 0K [0x00000000e8000000, 0x0000000100000000, 0x0000000100000000)
 Metaspace       used 21455K, capacity 21864K, committed 22140K, reserved 1069056K
  class space    used 2476K, capacity 2637K, committed 2684K, reserved 1048576K
}
2017-03-23T08:47:13.509+0100: 2,918: Total time for which application threads were stopped: 0,0117857 seconds, Stopping threads took: 0,0000298 seconds
2017-03-23T08:47:13.527+0100: 2,936: Total time for which application threads were stopped: 0,0003103 seconds, Stopping threads took: 0,0000213 seconds
2017-03-23T08:47:13.717+0100: 3,126: Total time for which application threads were stopped: 0,0004723 seconds, Stopping threads took: 0,0000403 seconds
2017-03-23T08:47:13.736+0100: 3,145: Total time for which application threads were stopped: 0,0004013 seconds, Stopping threads took: 0,0000300 seconds
{Heap before GC invocations=6 (full 1):
 par new generation   total 109248K, used 100448K [0x00000000e0000000, 0x00000000e8000000, 0x00000000e8000000)
  eden space 87424K, 100% used [0x00000000e0000000, 0x00000000e5560000, 0x00000000e5560000)
  from space 21824K,  59% used [0x00000000e5560000, 0x00000000e6218320, 0x00000000e6ab0000)
  to   space 21824K,   0% used [0x00000000e6ab0000, 0x00000000e6ab0000, 0x00000000e8000000)
 concurrent mark-sweep generation total 393216K, used 0K [0x00000000e8000000, 0x0000000100000000, 0x0000000100000000)
 Metaspace       used 24027K, capacity 24454K, committed 24572K, reserved 1071104K
  class space    used 2835K, capacity 3010K, committed 3068K, reserved 1048576K
2017-03-23T08:47:13.914+0100: 3,323: [GC (Allocation Failure) 2017-03-23T08:47:13.914+0100: 3,323: [ParNew
Desired survivor size 20112992 bytes, new threshold 8 (max 8)
- age   1:    5611856 bytes,    5611856 total
- age   2:     165224 bytes,    5777080 total
- age   3:     189208 bytes,    5966288 total
- age   4:      11568 bytes,    5977856 total
- age   5:     283112 bytes,    6260968 total
- age   6:     790560 bytes,    7051528 total
- age   7:    6655264 bytes,   13706792 total
: 100448K->15894K(109248K), 0,0121186 secs] 100448K->15894K(502464K), 0,0121826 secs] [Times: user=0,04 sys=0,00, real=0,01 secs] 
Heap after GC invocations=7 (full 1):
 par new generation   total 109248K, used 15894K [0x00000000e0000000, 0x00000000e8000000, 0x00000000e8000000)
  eden space 87424K,   0% used [0x00000000e0000000, 0x00000000e0000000, 0x00000000e5560000)
  from space 21824K,  72% used [0x00000000e6ab0000, 0x00000000e7a35940, 0x00000000e8000000)
  to   space 21824K,   0% used [0x00000000e5560000, 0x00000000e5560000, 0x00000000e6ab0000)
 concurrent mark-sweep generation total 393216K, used 0K [0x00000000e8000000, 0x0000000100000000, 0x0000000100000000)
 Metaspace       used 24027K, capacity 24454K, committed 24572K, reserved 1071104K
  class space    used 2835K, capacity 3010K, committed 3068K, reserved 1048576K
}
2017-03-23T08:47:13.926+0100: 3,335: Total time for which application threads were stopped: 0,0131006 seconds, Stopping threads took: 0,0007305 seconds
{Heap before GC invocations=7 (full 1):
 par new generation   total 109248K, used 103318K [0x00000000e0000000, 0x00000000e8000000, 0x00000000e8000000)
  eden space 87424K, 100% used [0x00000000e0000000, 0x00000000e5560000, 0x00000000e5560000)
  from space 21824K,  72% used [0x00000000e6ab0000, 0x00000000e7a35940, 0x00000000e8000000)
  to   space 21824K,   0% used [0x00000000e5560000, 0x00000000e5560000, 0x00000000e6ab0000)
 concurrent mark-sweep generation total 393216K, used 0K [0x00000000e8000000, 0x0000000100000000, 0x0000000100000000)
 Metaspace       used 24423K, capacity 24876K, committed 25084K, reserved 1071104K
  class space    used 2862K, capacity 3043K, committed 3068K, reserved 1048576K
2017-03-23T08:47:14.010+0100: 3,418: [GC (Allocation Failure) 2017-03-23T08:47:14.010+0100: 3,418: [ParNew
Desired survivor size 20112992 bytes, new threshold 8 (max 8)
- age   1:    1680240 bytes,    1680240 total
- age   2:    1849624 bytes,    3529864 total
- age   3:      73808 bytes,    3603672 total
- age   4:     104336 bytes,    3708008 total
- age   5:      10016 bytes,    3718024 total
- age   6:     186672 bytes,    3904696 total
- age   7:     746728 bytes,    4651424 total
- age   8:    6121768 bytes,   10773192 total
: 103318K->17225K(109248K), 0,0239896 secs] 103318K->17225K(502464K), 0,0240709 secs] [Times: user=0,08 sys=0,00, real=0,02 secs] 
Heap after GC invocations=8 (full 1):
 par new generation   total 109248K, used 17225K [0x00000000e0000000, 0x00000000e8000000, 0x00000000e8000000)
  eden space 87424K,   0% used [0x00000000e0000000, 0x00000000e0000000, 0x00000000e5560000)
  from space 21824K,  78% used [0x00000000e5560000, 0x00000000e6632740, 0x00000000e6ab0000)
  to   space 21824K,   0% used [0x00000000e6ab0000, 0x00000000e6ab0000, 0x00000000e8000000)
 concurrent mark-sweep generation total 393216K, used 0K [0x00000000e8000000, 0x0000000100000000, 0x0000000100000000)
 Metaspace       used 24423K, capacity 24876K, committed 25084K, reserved 1071104K
  class space    used 2862K, capacity 3043K, committed 3068K, reserved 1048576K
}
2017-03-23T08:47:14.034+0100: 3,442: Total time for which application threads were stopped: 0,0254574 seconds, Stopping threads took: 0,0012249 seconds
{Heap before GC invocations=8 (full 1):
 par new generation   total 109248K, used 104649K [0x00000000e0000000, 0x00000000e8000000, 0x00000000e8000000)
  eden space 87424K, 100% used [0x00000000e0000000, 0x00000000e5560000, 0x00000000e5560000)
  from space 21824K,  78% used [0x00000000e5560000, 0x00000000e6632740, 0x00000000e6ab0000)
  to   space 21824K,   0% used [0x00000000e6ab0000, 0x00000000e6ab0000, 0x00000000e8000000)
 concurrent mark-sweep generation total 393216K, used 0K [0x00000000e8000000, 0x0000000100000000, 0x0000000100000000)
 Metaspace       used 24614K, capacity 25126K, committed 25468K, reserved 1071104K
  class space    used 2881K, capacity 3080K, committed 3196K, reserved 1048576K
2017-03-23T08:47:14.122+0100: 3,531: [GC (Allocation Failure) 2017-03-23T08:47:14.122+0100: 3,531: [ParNew
Desired survivor size 20112992 bytes, new threshold 8 (max 8)
- age   1:     583928 bytes,     583928 total
- age   2:     577128 bytes,    1161056 total
- age   3:    1827336 bytes,    2988392 total
- age   4:      73776 bytes,    3062168 total
- age   5:     104200 bytes,    3166368 total
- age   6:       9952 bytes,    3176320 total
- age   7:     183848 bytes,    3360168 total
- age   8:     745952 bytes,    4106120 total
: 104649K->6876K(109248K), 0,0315775 secs] 104649K->12935K(502464K), 0,0316519 secs] [Times: user=0,09 sys=0,00, real=0,03 secs] 
Heap after GC invocations=9 (full 1):
 par new generation   total 109248K, used 6876K [0x00000000e0000000, 0x00000000e8000000, 0x00000000e8000000)
  eden space 87424K,   0% used [0x00000000e0000000, 0x00000000e0000000, 0x00000000e5560000)
  from space 21824K,  31% used [0x00000000e6ab0000, 0x00000000e71671a0, 0x00000000e8000000)
  to   space 21824K,   0% used [0x00000000e5560000, 0x00000000e5560000, 0x00000000e6ab0000)
 concurrent mark-sweep generation total 393216K, used 6058K [0x00000000e8000000, 0x0000000100000000, 0x0000000100000000)
 Metaspace       used 24614K, capacity 25126K, committed 25468K, reserved 1071104K
  class space    used 2881K, capacity 3080K, committed 3196K, reserved 1048576K
}
2017-03-23T08:47:14.154+0100: 3,562: Total time for which application threads were stopped: 0,0363797 seconds, Stopping threads took: 0,0045410 seconds
2017-03-23T08:47:14.467+0100: 3,876: Total time for which application threads were stopped: 0,0005187 seconds, Stopping threads took: 0,0000372 seconds
2017-03-23T08:47:14.483+0100: 3,892: Total time for which application threads were stopped: 0,0003829 seconds, Stopping threads took: 0,0000226 seconds
2017-03-23T08:47:14.536+0100: 3,945: Total time for which application threads were stopped: 0,0004182 seconds, Stopping threads took: 0,0000204 seconds
2017-03-23T08:47:14.638+0100: 4,047: Total time for which application threads were stopped: 0,0003470 seconds, Stopping threads took: 0,0000529 seconds
2017-03-23T08:47:14.645+0100: 4,054: Total time for which application threads were stopped: 0,0046703 seconds, Stopping threads took: 0,0045929 seconds
2017-03-23T08:47:14.646+0100: 4,055: Total time for which application threads were stopped: 0,0001028 seconds, Stopping threads took: 0,0000339 seconds
2017-03-23T08:47:14.648+0100: 4,056: Total time for which application threads were stopped: 0,0003851 seconds, Stopping threads took: 0,0000303 seconds
2017-03-23T08:47:14.650+0100: 4,059: Total time for which application threads were stopped: 0,0001385 seconds, Stopping threads took: 0,0000598 seconds
2017-03-23T08:47:14.651+0100: 4,060: Total time for which application threads were stopped: 0,0000943 seconds, Stopping threads took: 0,0000270 seconds
2017-03-23T08:47:14.652+0100: 4,060: Total time for which application threads were stopped: 0,0000823 seconds, Stopping threads took: 0,0000318 seconds
2017-03-23T08:47:14.652+0100: 4,061: Total time for which application threads were stopped: 0,0000613 seconds, Stopping threads took: 0,0000127 seconds
2017-03-23T08:47:14.653+0100: 4,061: Total time for which application threads were stopped: 0,0000711 seconds, Stopping threads took: 0,0000191 seconds
2017-03-23T08:47:14.653+0100: 4,062: Total time for which application threads were stopped: 0,0000701 seconds, Stopping threads took: 0,0000172 seconds
2017-03-23T08:47:14.654+0100: 4,063: Total time for which application threads were stopped: 0,0000784 seconds, Stopping threads took: 0,0000187 seconds
2017-03-23T08:47:14.655+0100: 4,063: Total time for which application threads were stopped: 0,0001054 seconds, Stopping threads took: 0,0000361 seconds
2017-03-23T08:47:14.655+0100: 4,064: Total time for which application threads were stopped: 0,0001099 seconds, Stopping threads took: 0,0000393 seconds
2017-03-23T08:47:14.656+0100: 4,064: Total time for which application threads were stopped: 0,0001243 seconds, Stopping threads took: 0,0000604 seconds
2017-03-23T08:47:14.657+0100: 4,065: Total time for which application threads were stopped: 0,0000882 seconds, Stopping threads took: 0,0000255 seconds
2017-03-23T08:47:14.657+0100: 4,066: Total time for which application threads were stopped: 0,0000733 seconds, Stopping threads took: 0,0000181 seconds
2017-03-23T08:47:14.664+0100: 4,073: Total time for which application threads were stopped: 0,0001019 seconds, Stopping threads took: 0,0000287 seconds
2017-03-23T08:47:14.666+0100: 4,075: Total time for which application threads were stopped: 0,0001063 seconds, Stopping threads took: 0,0000257 seconds
2017-03-23T08:47:14.666+0100: 4,075: Total time for which application threads were stopped: 0,0001046 seconds, Stopping threads took: 0,0000343 seconds
2017-03-23T08:47:14.667+0100: 4,076: Total time for which application threads were stopped: 0,0000802 seconds, Stopping threads took: 0,0000173 seconds
2017-03-23T08:47:14.669+0100: 4,078: Total time for which application threads were stopped: 0,0001921 seconds, Stopping threads took: 0,0001026 seconds
2017-03-23T08:47:14.670+0100: 4,079: Total time for which application threads were stopped: 0,0001758 seconds, Stopping threads took: 0,0000395 seconds
2017-03-23T08:47:14.671+0100: 4,079: Total time for which application threads were stopped: 0,0001065 seconds, Stopping threads took: 0,0000349 seconds
2017-03-23T08:47:14.673+0100: 4,081: Total time for which application threads were stopped: 0,0000948 seconds, Stopping threads took: 0,0000251 seconds
2017-03-23T08:47:14.674+0100: 4,082: Total time for which application threads were stopped: 0,0000760 seconds, Stopping threads took: 0,0000194 seconds
2017-03-23T08:47:14.676+0100: 4,085: Total time for which application threads were stopped: 0,0000999 seconds, Stopping threads took: 0,0000259 seconds
2017-03-23T08:47:26.678+0100: 16,086: Total time for which application threads were stopped: 0,0000636 seconds, Stopping threads took: 0,0000172 seconds
2017-03-23T08:47:32.678+0100: 22,087: Total time for which application threads were stopped: 0,0000719 seconds, Stopping threads took: 0,0000177 seconds
2017-03-23T08:47:52.680+0100: 42,089: Total time for which application threads were stopped: 0,0000752 seconds, Stopping threads took: 0,0000297 seconds
2017-03-23T08:48:12.682+0100: 62,091: Total time for which application threads were stopped: 0,0003164 seconds, Stopping threads took: 0,0000848 seconds
2017-03-23T08:48:21.683+0100: 71,092: Total time for which application threads were stopped: 0,0000729 seconds, Stopping threads took: 0,0000169 seconds
2017-03-23T08:48:42.685+0100: 92,094: Total time for which application threads were stopped: 0,0001135 seconds, Stopping threads took: 0,0000236 seconds
2017-03-23T08:49:12.688+0100: 122,097: Total time for which application threads were stopped: 0,0000761 seconds, Stopping threads took: 0,0000339 seconds
2017-03-23T08:49:17.689+0100: 127,098: Total time for which application threads were stopped: 0,0001564 seconds, Stopping threads took: 0,0000619 seconds
2017-03-23T08:50:11.695+0100: 181,103: Total time for which application threads were stopped: 0,0000943 seconds, Stopping threads took: 0,0000357 seconds
{Heap before GC invocations=9 (full 1):
 par new generation   total 109248K, used 94300K [0x00000000e0000000, 0x00000000e8000000, 0x00000000e8000000)
  eden space 87424K, 100% used [0x00000000e0000000, 0x00000000e5560000, 0x00000000e5560000)
  from space 21824K,  31% used [0x00000000e6ab0000, 0x00000000e71671a0, 0x00000000e8000000)
  to   space 21824K,   0% used [0x00000000e5560000, 0x00000000e5560000, 0x00000000e6ab0000)
 concurrent mark-sweep generation total 393216K, used 6058K [0x00000000e8000000, 0x0000000100000000, 0x0000000100000000)
 Metaspace       used 27975K, capacity 28496K, committed 28796K, reserved 1075200K
  class space    used 3213K, capacity 3387K, committed 3452K, reserved 1048576K
2017-03-23T08:51:33.715+0100: 263,123: [GC (Allocation Failure) 2017-03-23T08:51:33.715+0100: 263,123: [ParNew
Desired survivor size 20112992 bytes, new threshold 8 (max 8)
- age   1:   10886664 bytes,   10886664 total
- age   2:     395904 bytes,   11282568 total
- age   3:     187192 bytes,   11469760 total
- age   4:    1821840 bytes,   13291600 total
- age   5:      73712 bytes,   13365312 total
- age   6:     101528 bytes,   13466840 total
- age   7:       9952 bytes,   13476792 total
- age   8:     183256 bytes,   13660048 total
: 94300K->14576K(109248K), 0,0875128 secs] 100359K->21459K(502464K), 0,0876126 secs] [Times: user=0,05 sys=0,00, real=0,09 secs] 
Heap after GC invocations=10 (full 1):
 par new generation   total 109248K, used 14576K [0x00000000e0000000, 0x00000000e8000000, 0x00000000e8000000)
  eden space 87424K,   0% used [0x00000000e0000000, 0x00000000e0000000, 0x00000000e5560000)
  from space 21824K,  66% used [0x00000000e5560000, 0x00000000e639c330, 0x00000000e6ab0000)
  to   space 21824K,   0% used [0x00000000e6ab0000, 0x00000000e6ab0000, 0x00000000e8000000)
 concurrent mark-sweep generation total 393216K, used 6882K [0x00000000e8000000, 0x0000000100000000, 0x0000000100000000)
 Metaspace       used 27975K, capacity 28496K, committed 28796K, reserved 1075200K
  class space    used 3213K, capacity 3387K, committed 3452K, reserved 1048576K
}
2017-03-23T08:51:33.802+0100: 263,211: Total time for which application threads were stopped: 0,0878032 seconds, Stopping threads took: 0,0000188 seconds
2017-03-23T08:51:33.867+0100: 263,275: Total time for which application threads were stopped: 0,0001900 seconds, Stopping threads took: 0,0000221 seconds
Heap
 par new generation   total 109248K, used 26793K [0x00000000e0000000, 0x00000000e8000000, 0x00000000e8000000)
  eden space 87424K,  13% used [0x00000000e0000000, 0x00000000e0bee440, 0x00000000e5560000)
  from space 21824K,  66% used [0x00000000e5560000, 0x00000000e639c330, 0x00000000e6ab0000)
  to   space 21824K,   0% used [0x00000000e6ab0000, 0x00000000e6ab0000, 0x00000000e8000000)
 concurrent mark-sweep generation total 393216K, used 6882K [0x00000000e8000000, 0x0000000100000000, 0x0000000100000000)
 Metaspace       used 28067K, capacity 28600K, committed 28796K, reserved 1075200K
  class space    used 3227K, capacity 3421K, committed 3452K, reserved 1048576K
