OpenJDK 64-Bit Server VM (25.131-b11) for linux-amd64 JRE (1.8.0_131-8u131-b11-0ubuntu1.16.04.2-b11), built on May  6 2017 02:45:27 by "buildd" with gcc 5.4.0 20160609
Memory: 4k page, physical 7867740k(7399504k free), swap 8076284k(8076284k free)
CommandLine flags: -XX:CMSInitiatingOccupancyFraction=50 -XX:CMSMaxAbortablePrecleanTime=6000 -XX:+CMSParallelRemarkEnabled -XX:+CMSScavengeBeforeRemark -XX:ConcGCThreads=4 -XX:InitialHeapSize=536870912 -XX:MaxHeapSize=536870912 -XX:MaxTenuringThreshold=8 -XX:NewRatio=3 -XX:OldPLABSize=16 -XX:OnOutOfMemoryError=/opt/solr/bin/oom_solr.sh 8983 /var/solr/logs -XX:ParallelGCThreads=4 -XX:+ParallelRefProcEnabled -XX:PretenureSizeThreshold=67108864 -XX:+PrintGC -XX:+PrintGCApplicationStoppedTime -XX:+PrintGCDateStamps -XX:+PrintGCDetails -XX:+PrintGCTimeStamps -XX:+PrintHeapAtGC -XX:+PrintTenuringDistribution -XX:SurvivorRatio=4 -XX:TargetSurvivorRatio=90 -XX:ThreadStackSize=256 -XX:+UseCMSInitiatingOccupancyOnly -XX:+UseCompressedClassPointers -XX:+UseCompressedOops -XX:+UseConcMarkSweepGC -XX:+UseParNewGC 
2017-05-22T18:47:58.534+0200: 0,145: Total time for which application threads were stopped: 0,0000734 seconds, Stopping threads took: 0,0000097 seconds
2017-05-22T18:47:58.624+0200: 0,235: Total time for which application threads were stopped: 0,0000965 seconds, Stopping threads took: 0,0000171 seconds
2017-05-22T18:47:58.637+0200: 0,248: Total time for which application threads were stopped: 0,0000941 seconds, Stopping threads took: 0,0000226 seconds
2017-05-22T18:47:58.850+0200: 0,462: Total time for which application threads were stopped: 0,0001472 seconds, Stopping threads took: 0,0000195 seconds
2017-05-22T18:47:59.273+0200: 0,885: Total time for which application threads were stopped: 0,0001727 seconds, Stopping threads took: 0,0000219 seconds
2017-05-22T18:47:59.381+0200: 0,992: Total time for which application threads were stopped: 0,0003435 seconds, Stopping threads took: 0,0001617 seconds
2017-05-22T18:47:59.406+0200: 1,017: Total time for which application threads were stopped: 0,0001766 seconds, Stopping threads took: 0,0000298 seconds
2017-05-22T18:47:59.725+0200: 1,336: Total time for which application threads were stopped: 0,0009508 seconds, Stopping threads took: 0,0000920 seconds
2017-05-22T18:47:59.963+0200: 1,574: Total time for which application threads were stopped: 0,0002042 seconds, Stopping threads took: 0,0000224 seconds
2017-05-22T18:47:59.987+0200: 1,598: Total time for which application threads were stopped: 0,0011052 seconds, Stopping threads took: 0,0001246 seconds
2017-05-22T18:48:00.023+0200: 1,634: Total time for which application threads were stopped: 0,0010008 seconds, Stopping threads took: 0,0001566 seconds
2017-05-22T18:48:00.024+0200: 1,635: Total time for which application threads were stopped: 0,0002055 seconds, Stopping threads took: 0,0000195 seconds
2017-05-22T18:48:00.042+0200: 1,654: Total time for which application threads were stopped: 0,0007958 seconds, Stopping threads took: 0,0000839 seconds
2017-05-22T18:48:00.132+0200: 1,743: Total time for which application threads were stopped: 0,0002511 seconds, Stopping threads took: 0,0000214 seconds
2017-05-22T18:48:00.289+0200: 1,900: Total time for which application threads were stopped: 0,0004959 seconds, Stopping threads took: 0,0002822 seconds
{Heap before GC invocations=0 (full 0):
 par new generation   total 109248K, used 87424K [0x00000000e0000000, 0x00000000e8000000, 0x00000000e8000000)
  eden space 87424K, 100% used [0x00000000e0000000, 0x00000000e5560000, 0x00000000e5560000)
  from space 21824K,   0% used [0x00000000e5560000, 0x00000000e5560000, 0x00000000e6ab0000)
  to   space 21824K,   0% used [0x00000000e6ab0000, 0x00000000e6ab0000, 0x00000000e8000000)
 concurrent mark-sweep generation total 393216K, used 0K [0x00000000e8000000, 0x0000000100000000, 0x0000000100000000)
 Metaspace       used 18042K, capacity 18400K, committed 18688K, reserved 1064960K
  class space    used 2037K, capacity 2196K, committed 2304K, reserved 1048576K
2017-05-22T18:48:00.377+0200: 1,988: [GC (Allocation Failure) 2017-05-22T18:48:00.377+0200: 1,988: [ParNew
Desired survivor size 20112992 bytes, new threshold 8 (max 8)
- age   1:   12588496 bytes,   12588496 total
: 87424K->12405K(109248K), 0,0167296 secs] 87424K->12405K(502464K), 0,0168146 secs] [Times: user=0,04 sys=0,02, real=0,02 secs] 
Heap after GC invocations=1 (full 0):
 par new generation   total 109248K, used 12405K [0x00000000e0000000, 0x00000000e8000000, 0x00000000e8000000)
  eden space 87424K,   0% used [0x00000000e0000000, 0x00000000e0000000, 0x00000000e5560000)
  from space 21824K,  56% used [0x00000000e6ab0000, 0x00000000e76cd530, 0x00000000e8000000)
  to   space 21824K,   0% used [0x00000000e5560000, 0x00000000e5560000, 0x00000000e6ab0000)
 concurrent mark-sweep generation total 393216K, used 0K [0x00000000e8000000, 0x0000000100000000, 0x0000000100000000)
 Metaspace       used 18042K, capacity 18400K, committed 18688K, reserved 1064960K
  class space    used 2037K, capacity 2196K, committed 2304K, reserved 1048576K
}
2017-05-22T18:48:00.393+0200: 2,005: Total time for which application threads were stopped: 0,0170559 seconds, Stopping threads took: 0,0000540 seconds
2017-05-22T18:48:00.702+0200: 2,313: Total time for which application threads were stopped: 0,0003793 seconds, Stopping threads took: 0,0000541 seconds
2017-05-22T18:48:00.748+0200: 2,359: Total time for which application threads were stopped: 0,0003783 seconds, Stopping threads took: 0,0001004 seconds
{Heap before GC invocations=1 (full 0):
 par new generation   total 109248K, used 99829K [0x00000000e0000000, 0x00000000e8000000, 0x00000000e8000000)
  eden space 87424K, 100% used [0x00000000e0000000, 0x00000000e5560000, 0x00000000e5560000)
  from space 21824K,  56% used [0x00000000e6ab0000, 0x00000000e76cd530, 0x00000000e8000000)
  to   space 21824K,   0% used [0x00000000e5560000, 0x00000000e5560000, 0x00000000e6ab0000)
 concurrent mark-sweep generation total 393216K, used 0K [0x00000000e8000000, 0x0000000100000000, 0x0000000100000000)
 Metaspace       used 20087K, capacity 20440K, committed 20736K, reserved 1067008K
  class space    used 2300K, capacity 2474K, committed 2560K, reserved 1048576K
2017-05-22T18:48:00.755+0200: 2,366: [GC (Allocation Failure) 2017-05-22T18:48:00.755+0200: 2,366: [ParNew
Desired survivor size 20112992 bytes, new threshold 8 (max 8)
- age   1:    3742320 bytes,    3742320 total
- age   2:    6659864 bytes,   10402184 total
: 99829K->13790K(109248K), 0,0107334 secs] 99829K->13790K(502464K), 0,0108109 secs] [Times: user=0,04 sys=0,00, real=0,01 secs] 
Heap after GC invocations=2 (full 0):
 par new generation   total 109248K, used 13790K [0x00000000e0000000, 0x00000000e8000000, 0x00000000e8000000)
  eden space 87424K,   0% used [0x00000000e0000000, 0x00000000e0000000, 0x00000000e5560000)
  from space 21824K,  63% used [0x00000000e5560000, 0x00000000e62d78e0, 0x00000000e6ab0000)
  to   space 21824K,   0% used [0x00000000e6ab0000, 0x00000000e6ab0000, 0x00000000e8000000)
 concurrent mark-sweep generation total 393216K, used 0K [0x00000000e8000000, 0x0000000100000000, 0x0000000100000000)
 Metaspace       used 20087K, capacity 20440K, committed 20736K, reserved 1067008K
  class space    used 2300K, capacity 2474K, committed 2560K, reserved 1048576K
}
2017-05-22T18:48:00.765+0200: 2,377: Total time for which application threads were stopped: 0,0110004 seconds, Stopping threads took: 0,0000516 seconds
2017-05-22T18:48:00.815+0200: 2,426: Total time for which application threads were stopped: 0,0003442 seconds, Stopping threads took: 0,0000400 seconds
2017-05-22T18:48:00.922+0200: 2,533: Total time for which application threads were stopped: 0,0001716 seconds, Stopping threads took: 0,0000506 seconds
{Heap before GC invocations=2 (full 0):
 par new generation   total 109248K, used 101208K [0x00000000e0000000, 0x00000000e8000000, 0x00000000e8000000)
  eden space 87424K,  99% used [0x00000000e0000000, 0x00000000e555ea20, 0x00000000e5560000)
  from space 21824K,  63% used [0x00000000e5560000, 0x00000000e62d78e0, 0x00000000e6ab0000)
  to   space 21824K,   0% used [0x00000000e6ab0000, 0x00000000e6ab0000, 0x00000000e8000000)
 concurrent mark-sweep generation total 393216K, used 0K [0x00000000e8000000, 0x0000000100000000, 0x0000000100000000)
 Metaspace       used 21006K, capacity 21362K, committed 21628K, reserved 1069056K
  class space    used 2420K, capacity 2593K, committed 2684K, reserved 1048576K
2017-05-22T18:48:00.969+0200: 2,580: [GC (Allocation Failure) 2017-05-22T18:48:00.969+0200: 2,580: [ParNew
Desired survivor size 20112992 bytes, new threshold 8 (max 8)
- age   1:    1928376 bytes,    1928376 total
- age   2:     855192 bytes,    2783568 total
- age   3:    6656688 bytes,    9440256 total
: 101208K->11558K(109248K), 0,0179277 secs] 101208K->11558K(502464K), 0,0180021 secs] [Times: user=0,06 sys=0,00, real=0,02 secs] 
Heap after GC invocations=3 (full 0):
 par new generation   total 109248K, used 11558K [0x00000000e0000000, 0x00000000e8000000, 0x00000000e8000000)
  eden space 87424K,   0% used [0x00000000e0000000, 0x00000000e0000000, 0x00000000e5560000)
  from space 21824K,  52% used [0x00000000e6ab0000, 0x00000000e75f98c0, 0x00000000e8000000)
  to   space 21824K,   0% used [0x00000000e5560000, 0x00000000e5560000, 0x00000000e6ab0000)
 concurrent mark-sweep generation total 393216K, used 0K [0x00000000e8000000, 0x0000000100000000, 0x0000000100000000)
 Metaspace       used 21006K, capacity 21362K, committed 21628K, reserved 1069056K
  class space    used 2420K, capacity 2593K, committed 2684K, reserved 1048576K
}
2017-05-22T18:48:00.987+0200: 2,598: Total time for which application threads were stopped: 0,0181839 seconds, Stopping threads took: 0,0000620 seconds
2017-05-22T18:48:00.992+0200: 2,604: [GC (CMS Initial Mark) [1 CMS-initial-mark: 0K(393216K)] 15103K(502464K), 0,0056062 secs] [Times: user=0,02 sys=0,00, real=0,00 secs] 
2017-05-22T18:48:00.998+0200: 2,609: Total time for which application threads were stopped: 0,0060678 seconds, Stopping threads took: 0,0003653 seconds
2017-05-22T18:48:00.998+0200: 2,609: [CMS-concurrent-mark-start]
2017-05-22T18:48:00.999+0200: 2,610: [CMS-concurrent-mark: 0,001/0,001 secs] [Times: user=0,00 sys=0,00, real=0,01 secs] 
2017-05-22T18:48:00.999+0200: 2,610: [CMS-concurrent-preclean-start]
2017-05-22T18:48:01.000+0200: 2,611: [CMS-concurrent-preclean: 0,001/0,001 secs] [Times: user=0,00 sys=0,00, real=0,00 secs] 
2017-05-22T18:48:01.000+0200: 2,611: [CMS-concurrent-abortable-preclean-start]
2017-05-22T18:48:01.045+0200: 2,657: Total time for which application threads were stopped: 0,0003861 seconds, Stopping threads took: 0,0003006 seconds
{Heap before GC invocations=3 (full 1):
 par new generation   total 109248K, used 98982K [0x00000000e0000000, 0x00000000e8000000, 0x00000000e8000000)
  eden space 87424K, 100% used [0x00000000e0000000, 0x00000000e5560000, 0x00000000e5560000)
  from space 21824K,  52% used [0x00000000e6ab0000, 0x00000000e75f98c0, 0x00000000e8000000)
  to   space 21824K,   0% used [0x00000000e5560000, 0x00000000e5560000, 0x00000000e6ab0000)
 concurrent mark-sweep generation total 393216K, used 0K [0x00000000e8000000, 0x0000000100000000, 0x0000000100000000)
 Metaspace       used 21301K, capacity 21650K, committed 21884K, reserved 1069056K
  class space    used 2451K, capacity 2610K, committed 2684K, reserved 1048576K
2017-05-22T18:48:01.108+0200: 2,719: [GC (Allocation Failure) 2017-05-22T18:48:01.108+0200: 2,719: [ParNew
Desired survivor size 20112992 bytes, new threshold 8 (max 8)
- age   1:     916000 bytes,     916000 total
- age   2:    1456688 bytes,    2372688 total
- age   3:     819976 bytes,    3192664 total
- age   4:    6656800 bytes,    9849464 total
: 98982K->14628K(109248K), 0,0109035 secs] 98982K->14628K(502464K), 0,0109727 secs] [Times: user=0,04 sys=0,00, real=0,02 secs] 
Heap after GC invocations=4 (full 1):
 par new generation   total 109248K, used 14628K [0x00000000e0000000, 0x00000000e8000000, 0x00000000e8000000)
  eden space 87424K,   0% used [0x00000000e0000000, 0x00000000e0000000, 0x00000000e5560000)
  from space 21824K,  67% used [0x00000000e5560000, 0x00000000e63a9138, 0x00000000e6ab0000)
  to   space 21824K,   0% used [0x00000000e6ab0000, 0x00000000e6ab0000, 0x00000000e8000000)
 concurrent mark-sweep generation total 393216K, used 0K [0x00000000e8000000, 0x0000000100000000, 0x0000000100000000)
 Metaspace       used 21301K, capacity 21650K, committed 21884K, reserved 1069056K
  class space    used 2451K, capacity 2610K, committed 2684K, reserved 1048576K
}
2017-05-22T18:48:01.119+0200: 2,730: Total time for which application threads were stopped: 0,0111602 seconds, Stopping threads took: 0,0000583 seconds
2017-05-22T18:48:01.119+0200: 2,730: [CMS-concurrent-abortable-preclean: 0,073/0,119 secs] [Times: user=0,46 sys=0,00, real=0,12 secs] 
2017-05-22T18:48:01.140+0200: 2,751: [GC (CMS Final Remark) [YG occupancy: 25707 K (109248 K)]{Heap before GC invocations=4 (full 1):
 par new generation   total 109248K, used 25707K [0x00000000e0000000, 0x00000000e8000000, 0x00000000e8000000)
  eden space 87424K,  12% used [0x00000000e0000000, 0x00000000e0ad1c78, 0x00000000e5560000)
  from space 21824K,  67% used [0x00000000e5560000, 0x00000000e63a9138, 0x00000000e6ab0000)
  to   space 21824K,   0% used [0x00000000e6ab0000, 0x00000000e6ab0000, 0x00000000e8000000)
 concurrent mark-sweep generation total 393216K, used 0K [0x00000000e8000000, 0x0000000100000000, 0x0000000100000000)
 Metaspace       used 21302K, capacity 21650K, committed 21884K, reserved 1069056K
  class space    used 2451K, capacity 2610K, committed 2684K, reserved 1048576K
2017-05-22T18:48:01.140+0200: 2,751: [GC (CMS Final Remark) 2017-05-22T18:48:01.140+0200: 2,751: [ParNew
Desired survivor size 20112992 bytes, new threshold 8 (max 8)
- age   1:     461144 bytes,     461144 total
- age   2:     210584 bytes,     671728 total
- age   3:    1456688 bytes,    2128416 total
- age   4:     819976 bytes,    2948392 total
- age   5:    6656688 bytes,    9605080 total
: 25707K->11235K(109248K), 0,0155874 secs] 25707K->11235K(502464K), 0,0156338 secs] [Times: user=0,04 sys=0,00, real=0,01 secs] 
Heap after GC invocations=5 (full 1):
 par new generation   total 109248K, used 11235K [0x00000000e0000000, 0x00000000e8000000, 0x00000000e8000000)
  eden space 87424K,   0% used [0x00000000e0000000, 0x00000000e0000000, 0x00000000e5560000)
  from space 21824K,  51% used [0x00000000e6ab0000, 0x00000000e75a8fc0, 0x00000000e8000000)
  to   space 21824K,   0% used [0x00000000e5560000, 0x00000000e5560000, 0x00000000e6ab0000)
 concurrent mark-sweep generation total 393216K, used 0K [0x00000000e8000000, 0x0000000100000000, 0x0000000100000000)
 Metaspace       used 21302K, capacity 21650K, committed 21884K, reserved 1069056K
  class space    used 2451K, capacity 2610K, committed 2684K, reserved 1048576K
}
2017-05-22T18:48:01.156+0200: 2,767: [Rescan (parallel) , 0,0033647 secs]2017-05-22T18:48:01.159+0200: 2,770: [weak refs processing, 0,0005487 secs]2017-05-22T18:48:01.160+0200: 2,771: [class unloading, 0,0028498 secs]2017-05-22T18:48:01.162+0200: 2,774: [scrub symbol table, 0,0025056 secs]2017-05-22T18:48:01.165+0200: 2,776: [scrub string table, 0,0003674 secs][1 CMS-remark: 0K(393216K)] 11235K(502464K), 0,0259712 secs] [Times: user=0,06 sys=0,00, real=0,02 secs] 
2017-05-22T18:48:01.166+0200: 2,777: Total time for which application threads were stopped: 0,0312174 seconds, Stopping threads took: 0,0051498 seconds
2017-05-22T18:48:01.167+0200: 2,778: [CMS-concurrent-sweep-start]
2017-05-22T18:48:01.167+0200: 2,778: [CMS-concurrent-sweep: 0,000/0,000 secs] [Times: user=0,00 sys=0,00, real=0,00 secs] 
2017-05-22T18:48:01.167+0200: 2,778: [CMS-concurrent-reset-start]
2017-05-22T18:48:01.169+0200: 2,780: [CMS-concurrent-reset: 0,002/0,002 secs] [Times: user=0,01 sys=0,00, real=0,00 secs] 
{Heap before GC invocations=5 (full 1):
 par new generation   total 109248K, used 98636K [0x00000000e0000000, 0x00000000e8000000, 0x00000000e8000000)
  eden space 87424K,  99% used [0x00000000e0000000, 0x00000000e555a0a0, 0x00000000e5560000)
  from space 21824K,  51% used [0x00000000e6ab0000, 0x00000000e75a8fc0, 0x00000000e8000000)
  to   space 21824K,   0% used [0x00000000e5560000, 0x00000000e5560000, 0x00000000e6ab0000)
 concurrent mark-sweep generation total 393216K, used 0K [0x00000000e8000000, 0x0000000100000000, 0x0000000100000000)
 Metaspace       used 21514K, capacity 21892K, committed 22140K, reserved 1069056K
  class space    used 2479K, capacity 2645K, committed 2684K, reserved 1048576K
2017-05-22T18:48:01.263+0200: 2,875: [GC (Allocation Failure) 2017-05-22T18:48:01.264+0200: 2,875: [ParNew
Desired survivor size 20112992 bytes, new threshold 8 (max 8)
- age   1:     434736 bytes,     434736 total
- age   2:      13360 bytes,     448096 total
- age   3:     191552 bytes,     639648 total
- age   4:    1454856 bytes,    2094504 total
- age   5:     819864 bytes,    2914368 total
- age   6:    6656752 bytes,    9571120 total
: 98636K->16317K(109248K), 0,0096600 secs] 98636K->16317K(502464K), 0,0097327 secs] [Times: user=0,04 sys=0,00, real=0,01 secs] 
Heap after GC invocations=6 (full 1):
 par new generation   total 109248K, used 16317K [0x00000000e0000000, 0x00000000e8000000, 0x00000000e8000000)
  eden space 87424K,   0% used [0x00000000e0000000, 0x00000000e0000000, 0x00000000e5560000)
  from space 21824K,  74% used [0x00000000e5560000, 0x00000000e654f4c0, 0x00000000e6ab0000)
  to   space 21824K,   0% used [0x00000000e6ab0000, 0x00000000e6ab0000, 0x00000000e8000000)
 concurrent mark-sweep generation total 393216K, used 0K [0x00000000e8000000, 0x0000000100000000, 0x0000000100000000)
 Metaspace       used 21514K, capacity 21892K, committed 22140K, reserved 1069056K
  class space    used 2479K, capacity 2645K, committed 2684K, reserved 1048576K
}
2017-05-22T18:48:01.273+0200: 2,884: Total time for which application threads were stopped: 0,0106795 seconds, Stopping threads took: 0,0008144 seconds
2017-05-22T18:48:01.290+0200: 2,902: Total time for which application threads were stopped: 0,0002903 seconds, Stopping threads took: 0,0000206 seconds
2017-05-22T18:48:01.529+0200: 3,141: Total time for which application threads were stopped: 0,0005266 seconds, Stopping threads took: 0,0000421 seconds
2017-05-22T18:48:01.543+0200: 3,155: Total time for which application threads were stopped: 0,0004328 seconds, Stopping threads took: 0,0000387 seconds
{Heap before GC invocations=6 (full 1):
 par new generation   total 109248K, used 103741K [0x00000000e0000000, 0x00000000e8000000, 0x00000000e8000000)
  eden space 87424K, 100% used [0x00000000e0000000, 0x00000000e5560000, 0x00000000e5560000)
  from space 21824K,  74% used [0x00000000e5560000, 0x00000000e654f4c0, 0x00000000e6ab0000)
  to   space 21824K,   0% used [0x00000000e6ab0000, 0x00000000e6ab0000, 0x00000000e8000000)
 concurrent mark-sweep generation total 393216K, used 0K [0x00000000e8000000, 0x0000000100000000, 0x0000000100000000)
 Metaspace       used 23843K, capacity 24262K, committed 24572K, reserved 1071104K
  class space    used 2802K, capacity 2988K, committed 3068K, reserved 1048576K
2017-05-22T18:48:01.718+0200: 3,329: [GC (Allocation Failure) 2017-05-22T18:48:01.718+0200: 3,329: [ParNew
Desired survivor size 20112992 bytes, new threshold 8 (max 8)
- age   1:    5040984 bytes,    5040984 total
- age   2:     182656 bytes,    5223640 total
- age   3:      13360 bytes,    5237000 total
- age   4:     190912 bytes,    5427912 total
- age   5:     286656 bytes,    5714568 total
- age   6:     795536 bytes,    6510104 total
- age   7:    6648416 bytes,   13158520 total
: 103741K->14223K(109248K), 0,0150477 secs] 103741K->14223K(502464K), 0,0151118 secs] [Times: user=0,06 sys=0,00, real=0,02 secs] 
Heap after GC invocations=7 (full 1):
 par new generation   total 109248K, used 14223K [0x00000000e0000000, 0x00000000e8000000, 0x00000000e8000000)
  eden space 87424K,   0% used [0x00000000e0000000, 0x00000000e0000000, 0x00000000e5560000)
  from space 21824K,  65% used [0x00000000e6ab0000, 0x00000000e7893c10, 0x00000000e8000000)
  to   space 21824K,   0% used [0x00000000e5560000, 0x00000000e5560000, 0x00000000e6ab0000)
 concurrent mark-sweep generation total 393216K, used 0K [0x00000000e8000000, 0x0000000100000000, 0x0000000100000000)
 Metaspace       used 23843K, capacity 24262K, committed 24572K, reserved 1071104K
  class space    used 2802K, capacity 2988K, committed 3068K, reserved 1048576K
}
2017-05-22T18:48:01.733+0200: 3,344: Total time for which application threads were stopped: 0,0154847 seconds, Stopping threads took: 0,0001548 seconds
{Heap before GC invocations=7 (full 1):
 par new generation   total 109248K, used 101647K [0x00000000e0000000, 0x00000000e8000000, 0x00000000e8000000)
  eden space 87424K, 100% used [0x00000000e0000000, 0x00000000e5560000, 0x00000000e5560000)
  from space 21824K,  65% used [0x00000000e6ab0000, 0x00000000e7893c10, 0x00000000e8000000)
  to   space 21824K,   0% used [0x00000000e5560000, 0x00000000e5560000, 0x00000000e6ab0000)
 concurrent mark-sweep generation total 393216K, used 0K [0x00000000e8000000, 0x0000000100000000, 0x0000000100000000)
 Metaspace       used 24316K, capacity 24780K, committed 24828K, reserved 1071104K
  class space    used 2851K, capacity 3053K, committed 3068K, reserved 1048576K
2017-05-22T18:48:01.827+0200: 3,438: [GC (Allocation Failure) 2017-05-22T18:48:01.827+0200: 3,438: [ParNew
Desired survivor size 20112992 bytes, new threshold 8 (max 8)
- age   1:    2084816 bytes,    2084816 total
- age   2:    1753944 bytes,    3838760 total
- age   3:      85904 bytes,    3924664 total
- age   4:      12960 bytes,    3937624 total
- age   5:     102176 bytes,    4039800 total
- age   6:     191744 bytes,    4231544 total
- age   7:     752472 bytes,    4984016 total
- age   8:    6115728 bytes,   11099744 total
: 101647K->18780K(109248K), 0,0133624 secs] 101647K->18780K(502464K), 0,0134702 secs] [Times: user=0,04 sys=0,00, real=0,02 secs] 
Heap after GC invocations=8 (full 1):
 par new generation   total 109248K, used 18780K [0x00000000e0000000, 0x00000000e8000000, 0x00000000e8000000)
  eden space 87424K,   0% used [0x00000000e0000000, 0x00000000e0000000, 0x00000000e5560000)
  from space 21824K,  86% used [0x00000000e5560000, 0x00000000e67b71d0, 0x00000000e6ab0000)
  to   space 21824K,   0% used [0x00000000e6ab0000, 0x00000000e6ab0000, 0x00000000e8000000)
 concurrent mark-sweep generation total 393216K, used 0K [0x00000000e8000000, 0x0000000100000000, 0x0000000100000000)
 Metaspace       used 24316K, capacity 24780K, committed 24828K, reserved 1071104K
  class space    used 2851K, capacity 3053K, committed 3068K, reserved 1048576K
}
2017-05-22T18:48:01.840+0200: 3,451: Total time for which application threads were stopped: 0,0137486 seconds, Stopping threads took: 0,0000559 seconds
{Heap before GC invocations=8 (full 1):
 par new generation   total 109248K, used 106204K [0x00000000e0000000, 0x00000000e8000000, 0x00000000e8000000)
  eden space 87424K, 100% used [0x00000000e0000000, 0x00000000e5560000, 0x00000000e5560000)
  from space 21824K,  86% used [0x00000000e5560000, 0x00000000e67b71d0, 0x00000000e6ab0000)
  to   space 21824K,   0% used [0x00000000e6ab0000, 0x00000000e6ab0000, 0x00000000e8000000)
 concurrent mark-sweep generation total 393216K, used 0K [0x00000000e8000000, 0x0000000100000000, 0x0000000100000000)
 Metaspace       used 24547K, capacity 24998K, committed 25084K, reserved 1071104K
  class space    used 2871K, capacity 3058K, committed 3068K, reserved 1048576K
2017-05-22T18:48:01.927+0200: 3,538: [GC (Allocation Failure) 2017-05-22T18:48:01.927+0200: 3,538: [ParNew
Desired survivor size 20112992 bytes, new threshold 8 (max 8)
- age   1:     537280 bytes,     537280 total
- age   2:     976192 bytes,    1513472 total
- age   3:    1731528 bytes,    3245000 total
- age   4:      85896 bytes,    3330896 total
- age   5:      12960 bytes,    3343856 total
- age   6:     102008 bytes,    3445864 total
- age   7:     188968 bytes,    3634832 total
- age   8:     751704 bytes,    4386536 total
: 106204K->6741K(109248K), 0,0301628 secs] 106204K->12793K(502464K), 0,0302310 secs] [Times: user=0,10 sys=0,01, real=0,03 secs] 
Heap after GC invocations=9 (full 1):
 par new generation   total 109248K, used 6741K [0x00000000e0000000, 0x00000000e8000000, 0x00000000e8000000)
  eden space 87424K,   0% used [0x00000000e0000000, 0x00000000e0000000, 0x00000000e5560000)
  from space 21824K,  30% used [0x00000000e6ab0000, 0x00000000e7145410, 0x00000000e8000000)
  to   space 21824K,   0% used [0x00000000e5560000, 0x00000000e5560000, 0x00000000e6ab0000)
 concurrent mark-sweep generation total 393216K, used 6052K [0x00000000e8000000, 0x0000000100000000, 0x0000000100000000)
 Metaspace       used 24547K, capacity 24998K, committed 25084K, reserved 1071104K
  class space    used 2871K, capacity 3058K, committed 3068K, reserved 1048576K
}
2017-05-22T18:48:01.957+0200: 3,568: Total time for which application threads were stopped: 0,0304657 seconds, Stopping threads took: 0,0000740 seconds
2017-05-22T18:48:02.299+0200: 3,910: Total time for which application threads were stopped: 0,0004756 seconds, Stopping threads took: 0,0000421 seconds
2017-05-22T18:48:02.315+0200: 3,926: Total time for which application threads were stopped: 0,0005952 seconds, Stopping threads took: 0,0000481 seconds
2017-05-22T18:48:02.375+0200: 3,986: Total time for which application threads were stopped: 0,0004370 seconds, Stopping threads took: 0,0000254 seconds
2017-05-22T18:48:02.448+0200: 4,059: Total time for which application threads were stopped: 0,0005239 seconds, Stopping threads took: 0,0000921 seconds
2017-05-22T18:48:02.482+0200: 4,093: Total time for which application threads were stopped: 0,0001919 seconds, Stopping threads took: 0,0000779 seconds
2017-05-22T18:48:02.491+0200: 4,103: Total time for which application threads were stopped: 0,0001992 seconds, Stopping threads took: 0,0000416 seconds
2017-05-22T18:48:02.492+0200: 4,103: Total time for which application threads were stopped: 0,0001414 seconds, Stopping threads took: 0,0000424 seconds
2017-05-22T18:48:02.495+0200: 4,106: Total time for which application threads were stopped: 0,0026325 seconds, Stopping threads took: 0,0024992 seconds
2017-05-22T18:48:02.495+0200: 4,107: Total time for which application threads were stopped: 0,0004266 seconds, Stopping threads took: 0,0000184 seconds
2017-05-22T18:48:02.496+0200: 4,107: Total time for which application threads were stopped: 0,0001076 seconds, Stopping threads took: 0,0000272 seconds
2017-05-22T18:48:02.499+0200: 4,110: Total time for which application threads were stopped: 0,0024862 seconds, Stopping threads took: 0,0023785 seconds
2017-05-22T18:48:02.501+0200: 4,112: Total time for which application threads were stopped: 0,0001659 seconds, Stopping threads took: 0,0000335 seconds
2017-05-22T18:48:02.502+0200: 4,113: Total time for which application threads were stopped: 0,0001225 seconds, Stopping threads took: 0,0000345 seconds
2017-05-22T18:48:02.504+0200: 4,115: Total time for which application threads were stopped: 0,0001718 seconds, Stopping threads took: 0,0000491 seconds
2017-05-22T18:48:02.505+0200: 4,116: Total time for which application threads were stopped: 0,0001227 seconds, Stopping threads took: 0,0000328 seconds
2017-05-22T18:48:02.505+0200: 4,116: Total time for which application threads were stopped: 0,0001200 seconds, Stopping threads took: 0,0000264 seconds
2017-05-22T18:48:02.506+0200: 4,117: Total time for which application threads were stopped: 0,0001538 seconds, Stopping threads took: 0,0000362 seconds
2017-05-22T18:48:02.507+0200: 4,118: Total time for which application threads were stopped: 0,0001484 seconds, Stopping threads took: 0,0000528 seconds
2017-05-22T18:48:02.508+0200: 4,119: Total time for which application threads were stopped: 0,0001492 seconds, Stopping threads took: 0,0000309 seconds
2017-05-22T18:48:02.512+0200: 4,123: Total time for which application threads were stopped: 0,0002551 seconds, Stopping threads took: 0,0001548 seconds
2017-05-22T18:48:02.513+0200: 4,124: Total time for which application threads were stopped: 0,0001215 seconds, Stopping threads took: 0,0000350 seconds
2017-05-22T18:48:02.513+0200: 4,125: Total time for which application threads were stopped: 0,0001094 seconds, Stopping threads took: 0,0000294 seconds
2017-05-22T18:48:02.523+0200: 4,134: Total time for which application threads were stopped: 0,0013625 seconds, Stopping threads took: 0,0012287 seconds
2017-05-22T18:48:02.526+0200: 4,137: Total time for which application threads were stopped: 0,0001474 seconds, Stopping threads took: 0,0000374 seconds
2017-05-22T18:48:02.527+0200: 4,138: Total time for which application threads were stopped: 0,0001218 seconds, Stopping threads took: 0,0000303 seconds
2017-05-22T18:48:03.527+0200: 5,138: Total time for which application threads were stopped: 0,0001081 seconds, Stopping threads took: 0,0000199 seconds
2017-05-22T18:48:19.529+0200: 21,140: Total time for which application threads were stopped: 0,0003610 seconds, Stopping threads took: 0,0000988 seconds
2017-05-22T18:49:55.540+0200: 117,151: Total time for which application threads were stopped: 0,0000818 seconds, Stopping threads took: 0,0000329 seconds
2017-05-22T18:50:00.541+0200: 122,152: Total time for which application threads were stopped: 0,0000649 seconds, Stopping threads took: 0,0000182 seconds
{Heap before GC invocations=9 (full 1):
 par new generation   total 109248K, used 94165K [0x00000000e0000000, 0x00000000e8000000, 0x00000000e8000000)
  eden space 87424K, 100% used [0x00000000e0000000, 0x00000000e5560000, 0x00000000e5560000)
  from space 21824K,  30% used [0x00000000e6ab0000, 0x00000000e7145410, 0x00000000e8000000)
  to   space 21824K,   0% used [0x00000000e5560000, 0x00000000e5560000, 0x00000000e6ab0000)
 concurrent mark-sweep generation total 393216K, used 6052K [0x00000000e8000000, 0x0000000100000000, 0x0000000100000000)
 Metaspace       used 28082K, capacity 28666K, committed 28796K, reserved 1075200K
  class space    used 3217K, capacity 3400K, committed 3452K, reserved 1048576K
2017-05-22T18:50:54.295+0200: 175,906: [GC (Allocation Failure) 2017-05-22T18:50:54.295+0200: 175,906: [ParNew
Desired survivor size 20112992 bytes, new threshold 8 (max 8)
- age   1:   11274568 bytes,   11274568 total
- age   2:     197264 bytes,   11471832 total
- age   3:     197160 bytes,   11668992 total
- age   4:    1725568 bytes,   13394560 total
- age   5:      85840 bytes,   13480400 total
- age   6:      12960 bytes,   13493360 total
- age   7:      99304 bytes,   13592664 total
- age   8:     188288 bytes,   13780952 total
: 94165K->15388K(109248K), 0,0164858 secs] 100217K->22270K(502464K), 0,0165615 secs] [Times: user=0,06 sys=0,00, real=0,02 secs] 
Heap after GC invocations=10 (full 1):
 par new generation   total 109248K, used 15388K [0x00000000e0000000, 0x00000000e8000000, 0x00000000e8000000)
  eden space 87424K,   0% used [0x00000000e0000000, 0x00000000e0000000, 0x00000000e5560000)
  from space 21824K,  70% used [0x00000000e5560000, 0x00000000e6467128, 0x00000000e6ab0000)
  to   space 21824K,   0% used [0x00000000e6ab0000, 0x00000000e6ab0000, 0x00000000e8000000)
 concurrent mark-sweep generation total 393216K, used 6881K [0x00000000e8000000, 0x0000000100000000, 0x0000000100000000)
 Metaspace       used 28082K, capacity 28666K, committed 28796K, reserved 1075200K
  class space    used 3217K, capacity 3400K, committed 3452K, reserved 1048576K
}
2017-05-22T18:50:54.312+0200: 175,923: Total time for which application threads were stopped: 0,0167223 seconds, Stopping threads took: 0,0000301 seconds
2017-05-22T18:50:59.312+0200: 180,923: Total time for which application threads were stopped: 0,0000722 seconds, Stopping threads took: 0,0000182 seconds
2017-05-22T18:52:34.323+0200: 275,934: Total time for which application threads were stopped: 0,0003405 seconds, Stopping threads took: 0,0001678 seconds
2017-05-22T18:58:45.368+0200: 646,979: Total time for which application threads were stopped: 0,0002868 seconds, Stopping threads took: 0,0000827 seconds
2017-05-22T18:59:26.808+0200: 688,419: Total time for which application threads were stopped: 0,0504484 seconds, Stopping threads took: 0,0503773 seconds
2017-05-22T18:59:26.808+0200: 688,419: Total time for which application threads were stopped: 0,0000687 seconds, Stopping threads took: 0,0000221 seconds
2017-05-22T18:59:26.811+0200: 688,422: Total time for which application threads were stopped: 0,0005566 seconds, Stopping threads took: 0,0004128 seconds
2017-05-22T18:59:26.843+0200: 688,454: Total time for which application threads were stopped: 0,0002151 seconds, Stopping threads took: 0,0000194 seconds
2017-05-22T18:59:26.852+0200: 688,463: Total time for which application threads were stopped: 0,0001009 seconds, Stopping threads took: 0,0000163 seconds
Heap
 par new generation   total 109248K, used 32840K [0x00000000e0000000, 0x00000000e8000000, 0x00000000e8000000)
  eden space 87424K,  19% used [0x00000000e0000000, 0x00000000e110b080, 0x00000000e5560000)
  from space 21824K,  70% used [0x00000000e5560000, 0x00000000e6467128, 0x00000000e6ab0000)
  to   space 21824K,   0% used [0x00000000e6ab0000, 0x00000000e6ab0000, 0x00000000e8000000)
 concurrent mark-sweep generation total 393216K, used 6881K [0x00000000e8000000, 0x0000000100000000, 0x0000000100000000)
 Metaspace       used 28192K, capacity 28742K, committed 29052K, reserved 1075200K
  class space    used 3231K, capacity 3402K, committed 3452K, reserved 1048576K
