OpenJDK 64-Bit Server VM (25.121-b13) for linux-amd64 JRE (1.8.0_121-8u121-b13-0ubuntu1.16.04.2-b13), built on Jan 23 2017 15:51:29 by "buildd" with gcc 5.4.0 20160609
Memory: 4k page, physical 7867764k(7422920k free), swap 8076284k(8076284k free)
CommandLine flags: -XX:CMSInitiatingOccupancyFraction=50 -XX:CMSMaxAbortablePrecleanTime=6000 -XX:+CMSParallelRemarkEnabled -XX:+CMSScavengeBeforeRemark -XX:ConcGCThreads=4 -XX:InitialHeapSize=536870912 -XX:MaxHeapSize=536870912 -XX:MaxTenuringThreshold=8 -XX:NewRatio=3 -XX:OldPLABSize=16 -XX:OnOutOfMemoryError=/opt/solr/bin/oom_solr.sh 8983 /var/solr/logs -XX:ParallelGCThreads=4 -XX:+ParallelRefProcEnabled -XX:PretenureSizeThreshold=67108864 -XX:+PrintGC -XX:+PrintGCApplicationStoppedTime -XX:+PrintGCDateStamps -XX:+PrintGCDetails -XX:+PrintGCTimeStamps -XX:+PrintHeapAtGC -XX:+PrintTenuringDistribution -XX:SurvivorRatio=4 -XX:TargetSurvivorRatio=90 -XX:ThreadStackSize=256 -XX:+UseCMSInitiatingOccupancyOnly -XX:+UseCompressedClassPointers -XX:+UseCompressedOops -XX:+UseConcMarkSweepGC -XX:+UseParNewGC 
2017-04-17T00:33:48.968+0200: 0,166: Total time for which application threads were stopped: 0,0000692 seconds, Stopping threads took: 0,0000111 seconds
2017-04-17T00:33:49.064+0200: 0,263: Total time for which application threads were stopped: 0,0001247 seconds, Stopping threads took: 0,0000183 seconds
2017-04-17T00:33:49.085+0200: 0,283: Total time for which application threads were stopped: 0,0001034 seconds, Stopping threads took: 0,0000223 seconds
2017-04-17T00:33:49.443+0200: 0,642: Total time for which application threads were stopped: 0,0002334 seconds, Stopping threads took: 0,0000261 seconds
2017-04-17T00:33:49.790+0200: 0,989: Total time for which application threads were stopped: 0,0001662 seconds, Stopping threads took: 0,0000187 seconds
2017-04-17T00:33:49.877+0200: 1,076: Total time for which application threads were stopped: 0,0001932 seconds, Stopping threads took: 0,0000303 seconds
2017-04-17T00:33:49.914+0200: 1,113: Total time for which application threads were stopped: 0,0003073 seconds, Stopping threads took: 0,0000267 seconds
2017-04-17T00:33:50.180+0200: 1,378: Total time for which application threads were stopped: 0,0001843 seconds, Stopping threads took: 0,0000132 seconds
2017-04-17T00:33:50.289+0200: 1,488: Total time for which application threads were stopped: 0,0001825 seconds, Stopping threads took: 0,0000169 seconds
2017-04-17T00:33:50.444+0200: 1,642: Total time for which application threads were stopped: 0,0001807 seconds, Stopping threads took: 0,0000120 seconds
2017-04-17T00:33:50.469+0200: 1,668: Total time for which application threads were stopped: 0,0001802 seconds, Stopping threads took: 0,0000258 seconds
2017-04-17T00:33:50.508+0200: 1,706: Total time for which application threads were stopped: 0,0001983 seconds, Stopping threads took: 0,0000366 seconds
2017-04-17T00:33:50.508+0200: 1,707: Total time for which application threads were stopped: 0,0001473 seconds, Stopping threads took: 0,0000258 seconds
2017-04-17T00:33:50.528+0200: 1,726: Total time for which application threads were stopped: 0,0002236 seconds, Stopping threads took: 0,0000276 seconds
2017-04-17T00:33:50.612+0200: 1,811: Total time for which application threads were stopped: 0,0002325 seconds, Stopping threads took: 0,0000192 seconds
2017-04-17T00:33:50.775+0200: 1,973: Total time for which application threads were stopped: 0,0005532 seconds, Stopping threads took: 0,0003226 seconds
{Heap before GC invocations=0 (full 0):
 par new generation   total 109248K, used 87424K [0x00000000e0000000, 0x00000000e8000000, 0x00000000e8000000)
  eden space 87424K, 100% used [0x00000000e0000000, 0x00000000e5560000, 0x00000000e5560000)
  from space 21824K,   0% used [0x00000000e5560000, 0x00000000e5560000, 0x00000000e6ab0000)
  to   space 21824K,   0% used [0x00000000e6ab0000, 0x00000000e6ab0000, 0x00000000e8000000)
 concurrent mark-sweep generation total 393216K, used 0K [0x00000000e8000000, 0x0000000100000000, 0x0000000100000000)
 Metaspace       used 18027K, capacity 18336K, committed 18688K, reserved 1064960K
  class space    used 2035K, capacity 2196K, committed 2304K, reserved 1048576K
2017-04-17T00:33:50.859+0200: 2,058: [GC (Allocation Failure) 2017-04-17T00:33:50.859+0200: 2,058: [ParNew
Desired survivor size 20112992 bytes, new threshold 8 (max 8)
- age   1:   12579272 bytes,   12579272 total
: 87424K->12402K(109248K), 0,0158346 secs] 87424K->12402K(502464K), 0,0158918 secs] [Times: user=0,04 sys=0,01, real=0,01 secs] 
Heap after GC invocations=1 (full 0):
 par new generation   total 109248K, used 12402K [0x00000000e0000000, 0x00000000e8000000, 0x00000000e8000000)
  eden space 87424K,   0% used [0x00000000e0000000, 0x00000000e0000000, 0x00000000e5560000)
  from space 21824K,  56% used [0x00000000e6ab0000, 0x00000000e76ccbd8, 0x00000000e8000000)
  to   space 21824K,   0% used [0x00000000e5560000, 0x00000000e5560000, 0x00000000e6ab0000)
 concurrent mark-sweep generation total 393216K, used 0K [0x00000000e8000000, 0x0000000100000000, 0x0000000100000000)
 Metaspace       used 18027K, capacity 18336K, committed 18688K, reserved 1064960K
  class space    used 2035K, capacity 2196K, committed 2304K, reserved 1048576K
}
2017-04-17T00:33:50.875+0200: 2,074: Total time for which application threads were stopped: 0,0161309 seconds, Stopping threads took: 0,0000487 seconds
2017-04-17T00:33:51.168+0200: 2,366: Total time for which application threads were stopped: 0,0003629 seconds, Stopping threads took: 0,0000459 seconds
{Heap before GC invocations=1 (full 0):
 par new generation   total 109248K, used 99826K [0x00000000e0000000, 0x00000000e8000000, 0x00000000e8000000)
  eden space 87424K, 100% used [0x00000000e0000000, 0x00000000e5560000, 0x00000000e5560000)
  from space 21824K,  56% used [0x00000000e6ab0000, 0x00000000e76ccbd8, 0x00000000e8000000)
  to   space 21824K,   0% used [0x00000000e5560000, 0x00000000e5560000, 0x00000000e6ab0000)
 concurrent mark-sweep generation total 393216K, used 0K [0x00000000e8000000, 0x0000000100000000, 0x0000000100000000)
 Metaspace       used 20057K, capacity 20360K, committed 20736K, reserved 1067008K
  class space    used 2293K, capacity 2468K, committed 2560K, reserved 1048576K
2017-04-17T00:33:51.226+0200: 2,425: [GC (Allocation Failure) 2017-04-17T00:33:51.226+0200: 2,425: [ParNew
Desired survivor size 20112992 bytes, new threshold 8 (max 8)
- age   1:    3667680 bytes,    3667680 total
- age   2:    6649152 bytes,   10316832 total
: 99826K->13778K(109248K), 0,0098214 secs] 99826K->13778K(502464K), 0,0098954 secs] [Times: user=0,03 sys=0,00, real=0,00 secs] 
Heap after GC invocations=2 (full 0):
 par new generation   total 109248K, used 13778K [0x00000000e0000000, 0x00000000e8000000, 0x00000000e8000000)
  eden space 87424K,   0% used [0x00000000e0000000, 0x00000000e0000000, 0x00000000e5560000)
  from space 21824K,  63% used [0x00000000e5560000, 0x00000000e62d49d8, 0x00000000e6ab0000)
  to   space 21824K,   0% used [0x00000000e6ab0000, 0x00000000e6ab0000, 0x00000000e8000000)
 concurrent mark-sweep generation total 393216K, used 0K [0x00000000e8000000, 0x0000000100000000, 0x0000000100000000)
 Metaspace       used 20057K, capacity 20360K, committed 20736K, reserved 1067008K
  class space    used 2293K, capacity 2468K, committed 2560K, reserved 1048576K
}
2017-04-17T00:33:51.236+0200: 2,435: Total time for which application threads were stopped: 0,0103148 seconds, Stopping threads took: 0,0002460 seconds
2017-04-17T00:33:51.241+0200: 2,439: Total time for which application threads were stopped: 0,0003425 seconds, Stopping threads took: 0,0000769 seconds
2017-04-17T00:33:51.284+0200: 2,483: Total time for which application threads were stopped: 0,0003138 seconds, Stopping threads took: 0,0000240 seconds
2017-04-17T00:33:51.408+0200: 2,606: Total time for which application threads were stopped: 0,0003098 seconds, Stopping threads took: 0,0001313 seconds
{Heap before GC invocations=2 (full 0):
 par new generation   total 109248K, used 101202K [0x00000000e0000000, 0x00000000e8000000, 0x00000000e8000000)
  eden space 87424K, 100% used [0x00000000e0000000, 0x00000000e5560000, 0x00000000e5560000)
  from space 21824K,  63% used [0x00000000e5560000, 0x00000000e62d49d8, 0x00000000e6ab0000)
  to   space 21824K,   0% used [0x00000000e6ab0000, 0x00000000e6ab0000, 0x00000000e8000000)
 concurrent mark-sweep generation total 393216K, used 0K [0x00000000e8000000, 0x0000000100000000, 0x0000000100000000)
 Metaspace       used 20987K, capacity 21282K, committed 21628K, reserved 1069056K
  class space    used 2417K, capacity 2587K, committed 2684K, reserved 1048576K
2017-04-17T00:33:51.458+0200: 2,657: [GC (Allocation Failure) 2017-04-17T00:33:51.458+0200: 2,657: [ParNew
Desired survivor size 20112992 bytes, new threshold 8 (max 8)
- age   1:    2198472 bytes,    2198472 total
- age   2:     871040 bytes,    3069512 total
- age   3:    6648216 bytes,    9717728 total
: 101202K->11493K(109248K), 0,0149773 secs] 101202K->11493K(502464K), 0,0150598 secs] [Times: user=0,05 sys=0,00, real=0,01 secs] 
Heap after GC invocations=3 (full 0):
 par new generation   total 109248K, used 11493K [0x00000000e0000000, 0x00000000e8000000, 0x00000000e8000000)
  eden space 87424K,   0% used [0x00000000e0000000, 0x00000000e0000000, 0x00000000e5560000)
  from space 21824K,  52% used [0x00000000e6ab0000, 0x00000000e75e9400, 0x00000000e8000000)
  to   space 21824K,   0% used [0x00000000e5560000, 0x00000000e5560000, 0x00000000e6ab0000)
 concurrent mark-sweep generation total 393216K, used 0K [0x00000000e8000000, 0x0000000100000000, 0x0000000100000000)
 Metaspace       used 20987K, capacity 21282K, committed 21628K, reserved 1069056K
  class space    used 2417K, capacity 2587K, committed 2684K, reserved 1048576K
}
2017-04-17T00:33:51.473+0200: 2,672: Total time for which application threads were stopped: 0,0177831 seconds, Stopping threads took: 0,0025563 seconds
2017-04-17T00:33:51.474+0200: 2,672: [GC (CMS Initial Mark) [1 CMS-initial-mark: 0K(393216K)] 12933K(502464K), 0,0049507 secs] [Times: user=0,01 sys=0,00, real=0,01 secs] 
2017-04-17T00:33:51.479+0200: 2,677: Total time for which application threads were stopped: 0,0050951 seconds, Stopping threads took: 0,0000529 seconds
2017-04-17T00:33:51.479+0200: 2,677: [CMS-concurrent-mark-start]
2017-04-17T00:33:51.479+0200: 2,677: [CMS-concurrent-mark: 0,000/0,000 secs] [Times: user=0,01 sys=0,00, real=0,00 secs] 
2017-04-17T00:33:51.479+0200: 2,677: [CMS-concurrent-preclean-start]
2017-04-17T00:33:51.480+0200: 2,679: [CMS-concurrent-preclean: 0,001/0,001 secs] [Times: user=0,00 sys=0,00, real=0,00 secs] 
2017-04-17T00:33:51.480+0200: 2,679: [CMS-concurrent-abortable-preclean-start]
2017-04-17T00:33:51.532+0200: 2,731: Total time for which application threads were stopped: 0,0001878 seconds, Stopping threads took: 0,0000824 seconds
{Heap before GC invocations=3 (full 1):
 par new generation   total 109248K, used 98917K [0x00000000e0000000, 0x00000000e8000000, 0x00000000e8000000)
  eden space 87424K, 100% used [0x00000000e0000000, 0x00000000e5560000, 0x00000000e5560000)
  from space 21824K,  52% used [0x00000000e6ab0000, 0x00000000e75e9400, 0x00000000e8000000)
  to   space 21824K,   0% used [0x00000000e5560000, 0x00000000e5560000, 0x00000000e6ab0000)
 concurrent mark-sweep generation total 393216K, used 0K [0x00000000e8000000, 0x0000000100000000, 0x0000000100000000)
 Metaspace       used 21251K, capacity 21616K, committed 21884K, reserved 1069056K
  class space    used 2446K, capacity 2601K, committed 2684K, reserved 1048576K
2017-04-17T00:33:51.567+0200: 2,766: [GC (Allocation Failure) 2017-04-17T00:33:51.568+0200: 2,766: [ParNew
Desired survivor size 20112992 bytes, new threshold 8 (max 8)
- age   1:     800152 bytes,     800152 total
- age   2:    1458536 bytes,    2258688 total
- age   3:     837728 bytes,    3096416 total
- age   4:    6648472 bytes,    9744888 total
: 98917K->12831K(109248K), 0,0095889 secs] 98917K->12831K(502464K), 0,0096724 secs] [Times: user=0,04 sys=0,00, real=0,00 secs] 
Heap after GC invocations=4 (full 1):
 par new generation   total 109248K, used 12831K [0x00000000e0000000, 0x00000000e8000000, 0x00000000e8000000)
  eden space 87424K,   0% used [0x00000000e0000000, 0x00000000e0000000, 0x00000000e5560000)
  from space 21824K,  58% used [0x00000000e5560000, 0x00000000e61e7cc0, 0x00000000e6ab0000)
  to   space 21824K,   0% used [0x00000000e6ab0000, 0x00000000e6ab0000, 0x00000000e8000000)
 concurrent mark-sweep generation total 393216K, used 0K [0x00000000e8000000, 0x0000000100000000, 0x0000000100000000)
 Metaspace       used 21251K, capacity 21616K, committed 21884K, reserved 1069056K
  class space    used 2446K, capacity 2601K, committed 2684K, reserved 1048576K
}
2017-04-17T00:33:51.577+0200: 2,776: Total time for which application threads were stopped: 0,0098968 seconds, Stopping threads took: 0,0000618 seconds
2017-04-17T00:33:51.577+0200: 2,776: [CMS-concurrent-abortable-preclean: 0,053/0,097 secs] [Times: user=0,37 sys=0,01, real=0,09 secs] 
2017-04-17T00:33:51.590+0200: 2,789: [GC (CMS Final Remark) [YG occupancy: 21448 K (109248 K)]{Heap before GC invocations=4 (full 1):
 par new generation   total 109248K, used 21448K [0x00000000e0000000, 0x00000000e8000000, 0x00000000e8000000)
  eden space 87424K,   9% used [0x00000000e0000000, 0x00000000e086a3c0, 0x00000000e5560000)
  from space 21824K,  58% used [0x00000000e5560000, 0x00000000e61e7cc0, 0x00000000e6ab0000)
  to   space 21824K,   0% used [0x00000000e6ab0000, 0x00000000e6ab0000, 0x00000000e8000000)
 concurrent mark-sweep generation total 393216K, used 0K [0x00000000e8000000, 0x0000000100000000, 0x0000000100000000)
 Metaspace       used 21258K, capacity 21616K, committed 21884K, reserved 1069056K
  class space    used 2447K, capacity 2601K, committed 2684K, reserved 1048576K
2017-04-17T00:33:51.590+0200: 2,789: [GC (CMS Final Remark) 2017-04-17T00:33:51.591+0200: 2,789: [ParNew
Desired survivor size 20112992 bytes, new threshold 8 (max 8)
- age   1:     615200 bytes,     615200 total
- age   2:     507320 bytes,    1122520 total
- age   3:    1458392 bytes,    2580912 total
- age   4:     837728 bytes,    3418640 total
- age   5:    6664992 bytes,   10083632 total
: 21448K->11414K(109248K), 0,0104992 secs] 21448K->11414K(502464K), 0,0105530 secs] [Times: user=0,04 sys=0,00, real=0,01 secs] 
Heap after GC invocations=5 (full 1):
 par new generation   total 109248K, used 11414K [0x00000000e0000000, 0x00000000e8000000, 0x00000000e8000000)
  eden space 87424K,   0% used [0x00000000e0000000, 0x00000000e0000000, 0x00000000e5560000)
  from space 21824K,  52% used [0x00000000e6ab0000, 0x00000000e75d5900, 0x00000000e8000000)
  to   space 21824K,   0% used [0x00000000e5560000, 0x00000000e5560000, 0x00000000e6ab0000)
 concurrent mark-sweep generation total 393216K, used 0K [0x00000000e8000000, 0x0000000100000000, 0x0000000100000000)
 Metaspace       used 21258K, capacity 21616K, committed 21884K, reserved 1069056K
  class space    used 2447K, capacity 2601K, committed 2684K, reserved 1048576K
}
2017-04-17T00:33:51.601+0200: 2,800: [Rescan (parallel) , 0,0041152 secs]2017-04-17T00:33:51.605+0200: 2,804: [weak refs processing, 0,0004386 secs]2017-04-17T00:33:51.606+0200: 2,804: [class unloading, 0,0029222 secs]2017-04-17T00:33:51.609+0200: 2,807: [scrub symbol table, 0,0025055 secs]2017-04-17T00:33:51.611+0200: 2,810: [scrub string table, 0,0003520 secs][1 CMS-remark: 0K(393216K)] 11414K(502464K), 0,0215819 secs] [Times: user=0,06 sys=0,00, real=0,02 secs] 
2017-04-17T00:33:51.612+0200: 2,811: Total time for which application threads were stopped: 0,0217531 seconds, Stopping threads took: 0,0000785 seconds
2017-04-17T00:33:51.612+0200: 2,811: [CMS-concurrent-sweep-start]
2017-04-17T00:33:51.612+0200: 2,811: [CMS-concurrent-sweep: 0,000/0,000 secs] [Times: user=0,00 sys=0,00, real=0,00 secs] 
2017-04-17T00:33:51.612+0200: 2,811: [CMS-concurrent-reset-start]
2017-04-17T00:33:51.613+0200: 2,812: [CMS-concurrent-reset: 0,001/0,001 secs] [Times: user=0,01 sys=0,00, real=0,00 secs] 
{Heap before GC invocations=5 (full 1):
 par new generation   total 109248K, used 98838K [0x00000000e0000000, 0x00000000e8000000, 0x00000000e8000000)
  eden space 87424K, 100% used [0x00000000e0000000, 0x00000000e5560000, 0x00000000e5560000)
  from space 21824K,  52% used [0x00000000e6ab0000, 0x00000000e75d5900, 0x00000000e8000000)
  to   space 21824K,   0% used [0x00000000e5560000, 0x00000000e5560000, 0x00000000e6ab0000)
 concurrent mark-sweep generation total 393216K, used 0K [0x00000000e8000000, 0x0000000100000000, 0x0000000100000000)
 Metaspace       used 21391K, capacity 21800K, committed 21884K, reserved 1069056K
  class space    used 2467K, capacity 2637K, committed 2684K, reserved 1048576K
2017-04-17T00:33:51.694+0200: 2,893: [GC (Allocation Failure) 2017-04-17T00:33:51.694+0200: 2,893: [ParNew
Desired survivor size 20112992 bytes, new threshold 8 (max 8)
- age   1:     778032 bytes,     778032 total
- age   2:      10032 bytes,     788064 total
- age   3:     188512 bytes,     976576 total
- age   4:    1458048 bytes,    2434624 total
- age   5:     835808 bytes,    3270432 total
- age   6:    6648272 bytes,    9918704 total
: 98838K->17599K(109248K), 0,0106953 secs] 98838K->17599K(502464K), 0,0107655 secs] [Times: user=0,03 sys=0,00, real=0,01 secs] 
Heap after GC invocations=6 (full 1):
 par new generation   total 109248K, used 17599K [0x00000000e0000000, 0x00000000e8000000, 0x00000000e8000000)
  eden space 87424K,   0% used [0x00000000e0000000, 0x00000000e0000000, 0x00000000e5560000)
  from space 21824K,  80% used [0x00000000e5560000, 0x00000000e668ffc0, 0x00000000e6ab0000)
  to   space 21824K,   0% used [0x00000000e6ab0000, 0x00000000e6ab0000, 0x00000000e8000000)
 concurrent mark-sweep generation total 393216K, used 0K [0x00000000e8000000, 0x0000000100000000, 0x0000000100000000)
 Metaspace       used 21391K, capacity 21800K, committed 21884K, reserved 1069056K
  class space    used 2467K, capacity 2637K, committed 2684K, reserved 1048576K
}
2017-04-17T00:33:51.705+0200: 2,904: Total time for which application threads were stopped: 0,0110654 seconds, Stopping threads took: 0,0001696 seconds
2017-04-17T00:33:51.735+0200: 2,933: Total time for which application threads were stopped: 0,0003918 seconds, Stopping threads took: 0,0000200 seconds
2017-04-17T00:33:51.935+0200: 3,134: Total time for which application threads were stopped: 0,0004597 seconds, Stopping threads took: 0,0000267 seconds
2017-04-17T00:33:51.955+0200: 3,153: Total time for which application threads were stopped: 0,0003973 seconds, Stopping threads took: 0,0000320 seconds
{Heap before GC invocations=6 (full 1):
 par new generation   total 109248K, used 105023K [0x00000000e0000000, 0x00000000e8000000, 0x00000000e8000000)
  eden space 87424K, 100% used [0x00000000e0000000, 0x00000000e5560000, 0x00000000e5560000)
  from space 21824K,  80% used [0x00000000e5560000, 0x00000000e668ffc0, 0x00000000e6ab0000)
  to   space 21824K,   0% used [0x00000000e6ab0000, 0x00000000e6ab0000, 0x00000000e8000000)
 concurrent mark-sweep generation total 393216K, used 0K [0x00000000e8000000, 0x0000000100000000, 0x0000000100000000)
 Metaspace       used 23763K, capacity 24238K, committed 24572K, reserved 1071104K
  class space    used 2795K, capacity 2980K, committed 3068K, reserved 1048576K
2017-04-17T00:33:52.123+0200: 3,321: [GC (Allocation Failure) 2017-04-17T00:33:52.123+0200: 3,321: [ParNew
Desired survivor size 20112992 bytes, new threshold 8 (max 8)
- age   1:    5394624 bytes,    5394624 total
- age   2:     114464 bytes,    5509088 total
- age   3:       9984 bytes,    5519072 total
- age   4:     187096 bytes,    5706168 total
- age   5:     280600 bytes,    5986768 total
- age   6:     811424 bytes,    6798192 total
- age   7:    6640088 bytes,   13438280 total
: 105023K->15060K(109248K), 0,0123316 secs] 105023K->15060K(502464K), 0,0124107 secs] [Times: user=0,04 sys=0,00, real=0,01 secs] 
Heap after GC invocations=7 (full 1):
 par new generation   total 109248K, used 15060K [0x00000000e0000000, 0x00000000e8000000, 0x00000000e8000000)
  eden space 87424K,   0% used [0x00000000e0000000, 0x00000000e0000000, 0x00000000e5560000)
  from space 21824K,  69% used [0x00000000e6ab0000, 0x00000000e79651e0, 0x00000000e8000000)
  to   space 21824K,   0% used [0x00000000e5560000, 0x00000000e5560000, 0x00000000e6ab0000)
 concurrent mark-sweep generation total 393216K, used 0K [0x00000000e8000000, 0x0000000100000000, 0x0000000100000000)
 Metaspace       used 23763K, capacity 24238K, committed 24572K, reserved 1071104K
  class space    used 2795K, capacity 2980K, committed 3068K, reserved 1048576K
}
2017-04-17T00:33:52.135+0200: 3,334: Total time for which application threads were stopped: 0,0127811 seconds, Stopping threads took: 0,0001553 seconds
{Heap before GC invocations=7 (full 1):
 par new generation   total 109248K, used 102484K [0x00000000e0000000, 0x00000000e8000000, 0x00000000e8000000)
  eden space 87424K, 100% used [0x00000000e0000000, 0x00000000e5560000, 0x00000000e5560000)
  from space 21824K,  69% used [0x00000000e6ab0000, 0x00000000e79651e0, 0x00000000e8000000)
  to   space 21824K,   0% used [0x00000000e5560000, 0x00000000e5560000, 0x00000000e6ab0000)
 concurrent mark-sweep generation total 393216K, used 0K [0x00000000e8000000, 0x0000000100000000, 0x0000000100000000)
 Metaspace       used 24396K, capacity 24884K, committed 25084K, reserved 1071104K
  class space    used 2860K, capacity 3045K, committed 3068K, reserved 1048576K
2017-04-17T00:33:52.234+0200: 3,433: [GC (Allocation Failure) 2017-04-17T00:33:52.234+0200: 3,433: [ParNew
Desired survivor size 20112992 bytes, new threshold 8 (max 8)
- age   1:    1764456 bytes,    1764456 total
- age   2:    1831048 bytes,    3595504 total
- age   3:      55320 bytes,    3650824 total
- age   4:       9984 bytes,    3660808 total
- age   5:     100016 bytes,    3760824 total
- age   6:     183272 bytes,    3944096 total
- age   7:     769200 bytes,    4713296 total
- age   8:    6105512 bytes,   10818808 total
: 102484K->16269K(109248K), 0,0154062 secs] 102484K->16269K(502464K), 0,0154973 secs] [Times: user=0,06 sys=0,00, real=0,02 secs] 
Heap after GC invocations=8 (full 1):
 par new generation   total 109248K, used 16269K [0x00000000e0000000, 0x00000000e8000000, 0x00000000e8000000)
  eden space 87424K,   0% used [0x00000000e0000000, 0x00000000e0000000, 0x00000000e5560000)
  from space 21824K,  74% used [0x00000000e5560000, 0x00000000e6543760, 0x00000000e6ab0000)
  to   space 21824K,   0% used [0x00000000e6ab0000, 0x00000000e6ab0000, 0x00000000e8000000)
 concurrent mark-sweep generation total 393216K, used 0K [0x00000000e8000000, 0x0000000100000000, 0x0000000100000000)
 Metaspace       used 24396K, capacity 24884K, committed 25084K, reserved 1071104K
  class space    used 2860K, capacity 3045K, committed 3068K, reserved 1048576K
}
2017-04-17T00:33:52.250+0200: 3,448: Total time for which application threads were stopped: 0,0208991 seconds, Stopping threads took: 0,0052076 seconds
{Heap before GC invocations=8 (full 1):
 par new generation   total 109248K, used 103693K [0x00000000e0000000, 0x00000000e8000000, 0x00000000e8000000)
  eden space 87424K, 100% used [0x00000000e0000000, 0x00000000e5560000, 0x00000000e5560000)
  from space 21824K,  74% used [0x00000000e5560000, 0x00000000e6543760, 0x00000000e6ab0000)
  to   space 21824K,   0% used [0x00000000e6ab0000, 0x00000000e6ab0000, 0x00000000e8000000)
 concurrent mark-sweep generation total 393216K, used 0K [0x00000000e8000000, 0x0000000100000000, 0x0000000100000000)
 Metaspace       used 24799K, capacity 25262K, committed 25468K, reserved 1071104K
  class space    used 2896K, capacity 3082K, committed 3196K, reserved 1048576K
2017-04-17T00:33:52.359+0200: 3,558: [GC (Allocation Failure) 2017-04-17T00:33:52.359+0200: 3,558: [ParNew
Desired survivor size 20112992 bytes, new threshold 8 (max 8)
- age   1:     681072 bytes,     681072 total
- age   2:     627784 bytes,    1308856 total
- age   3:    1808536 bytes,    3117392 total
- age   4:      55320 bytes,    3172712 total
- age   5:       9984 bytes,    3182696 total
- age   6:      97304 bytes,    3280000 total
- age   7:     180312 bytes,    3460312 total
- age   8:     767632 bytes,    4227944 total
: 103693K->6691K(109248K), 0,0434482 secs] 103693K->12736K(502464K), 0,0435128 secs] [Times: user=0,13 sys=0,00, real=0,04 secs] 
Heap after GC invocations=9 (full 1):
 par new generation   total 109248K, used 6691K [0x00000000e0000000, 0x00000000e8000000, 0x00000000e8000000)
  eden space 87424K,   0% used [0x00000000e0000000, 0x00000000e0000000, 0x00000000e5560000)
  from space 21824K,  30% used [0x00000000e6ab0000, 0x00000000e7138cb0, 0x00000000e8000000)
  to   space 21824K,   0% used [0x00000000e5560000, 0x00000000e5560000, 0x00000000e6ab0000)
 concurrent mark-sweep generation total 393216K, used 6044K [0x00000000e8000000, 0x0000000100000000, 0x0000000100000000)
 Metaspace       used 24799K, capacity 25262K, committed 25468K, reserved 1071104K
  class space    used 2896K, capacity 3082K, committed 3196K, reserved 1048576K
}
2017-04-17T00:33:52.403+0200: 3,601: Total time for which application threads were stopped: 0,0437181 seconds, Stopping threads took: 0,0000474 seconds
2017-04-17T00:33:52.799+0200: 3,998: Total time for which application threads were stopped: 0,0006188 seconds, Stopping threads took: 0,0000269 seconds
2017-04-17T00:33:52.816+0200: 4,014: Total time for which application threads were stopped: 0,0005191 seconds, Stopping threads took: 0,0000306 seconds
2017-04-17T00:33:52.859+0200: 4,057: Total time for which application threads were stopped: 0,0078332 seconds, Stopping threads took: 0,0072114 seconds
2017-04-17T00:33:52.982+0200: 4,180: Total time for which application threads were stopped: 0,0014641 seconds, Stopping threads took: 0,0007707 seconds
2017-04-17T00:33:53.025+0200: 4,223: Total time for which application threads were stopped: 0,0002521 seconds, Stopping threads took: 0,0001524 seconds
2017-04-17T00:33:53.048+0200: 4,247: Total time for which application threads were stopped: 0,0001438 seconds, Stopping threads took: 0,0000357 seconds
2017-04-17T00:33:53.061+0200: 4,259: Total time for which application threads were stopped: 0,0001352 seconds, Stopping threads took: 0,0000382 seconds
2017-04-17T00:33:53.061+0200: 4,260: Total time for which application threads were stopped: 0,0000957 seconds, Stopping threads took: 0,0000339 seconds
2017-04-17T00:33:53.062+0200: 4,260: Total time for which application threads were stopped: 0,0001025 seconds, Stopping threads took: 0,0000201 seconds
2017-04-17T00:33:53.069+0200: 4,267: Total time for which application threads were stopped: 0,0001437 seconds, Stopping threads took: 0,0000428 seconds
2017-04-17T00:33:53.069+0200: 4,268: Total time for which application threads were stopped: 0,0001116 seconds, Stopping threads took: 0,0000179 seconds
2017-04-17T00:33:53.070+0200: 4,268: Total time for which application threads were stopped: 0,0000886 seconds, Stopping threads took: 0,0000154 seconds
2017-04-17T00:33:53.070+0200: 4,268: Total time for which application threads were stopped: 0,0000652 seconds, Stopping threads took: 0,0000098 seconds
2017-04-17T00:33:53.070+0200: 4,269: Total time for which application threads were stopped: 0,0000706 seconds, Stopping threads took: 0,0000131 seconds
2017-04-17T00:33:53.070+0200: 4,269: Total time for which application threads were stopped: 0,0000763 seconds, Stopping threads took: 0,0000183 seconds
2017-04-17T00:33:53.070+0200: 4,269: Total time for which application threads were stopped: 0,0000642 seconds, Stopping threads took: 0,0000113 seconds
2017-04-17T00:33:53.071+0200: 4,269: Total time for which application threads were stopped: 0,0000808 seconds, Stopping threads took: 0,0000118 seconds
2017-04-17T00:33:53.071+0200: 4,269: Total time for which application threads were stopped: 0,0000645 seconds, Stopping threads took: 0,0000094 seconds
2017-04-17T00:33:53.071+0200: 4,269: Total time for which application threads were stopped: 0,0000664 seconds, Stopping threads took: 0,0000095 seconds
2017-04-17T00:33:53.071+0200: 4,270: Total time for which application threads were stopped: 0,0000628 seconds, Stopping threads took: 0,0000090 seconds
2017-04-17T00:33:53.071+0200: 4,270: Total time for which application threads were stopped: 0,0000612 seconds, Stopping threads took: 0,0000091 seconds
2017-04-17T00:33:53.071+0200: 4,270: Total time for which application threads were stopped: 0,0000730 seconds, Stopping threads took: 0,0000104 seconds
2017-04-17T00:33:53.072+0200: 4,270: Total time for which application threads were stopped: 0,0000662 seconds, Stopping threads took: 0,0000096 seconds
2017-04-17T00:33:53.072+0200: 4,270: Total time for which application threads were stopped: 0,0000659 seconds, Stopping threads took: 0,0000097 seconds
2017-04-17T00:33:53.072+0200: 4,270: Total time for which application threads were stopped: 0,0000620 seconds, Stopping threads took: 0,0000091 seconds
2017-04-17T00:33:53.072+0200: 4,271: Total time for which application threads were stopped: 0,0001764 seconds, Stopping threads took: 0,0000088 seconds
2017-04-17T00:33:53.074+0200: 4,273: Total time for which application threads were stopped: 0,0001433 seconds, Stopping threads took: 0,0000389 seconds
2017-04-17T00:33:53.099+0200: 4,298: Total time for which application threads were stopped: 0,0001534 seconds, Stopping threads took: 0,0000354 seconds
2017-04-17T00:33:53.099+0200: 4,298: Total time for which application threads were stopped: 0,0000883 seconds, Stopping threads took: 0,0000232 seconds
2017-04-17T00:33:53.099+0200: 4,298: Total time for which application threads were stopped: 0,0000705 seconds, Stopping threads took: 0,0000173 seconds
2017-04-17T00:33:53.100+0200: 4,298: Total time for which application threads were stopped: 0,0000659 seconds, Stopping threads took: 0,0000173 seconds
2017-04-17T00:33:53.100+0200: 4,298: Total time for which application threads were stopped: 0,0000789 seconds, Stopping threads took: 0,0000222 seconds
2017-04-17T00:33:53.100+0200: 4,298: Total time for which application threads were stopped: 0,0000682 seconds, Stopping threads took: 0,0000170 seconds
2017-04-17T00:33:53.100+0200: 4,299: Total time for which application threads were stopped: 0,0000870 seconds, Stopping threads took: 0,0000219 seconds
2017-04-17T00:33:53.100+0200: 4,299: Total time for which application threads were stopped: 0,0000716 seconds, Stopping threads took: 0,0000178 seconds
2017-04-17T00:33:53.100+0200: 4,299: Total time for which application threads were stopped: 0,0000782 seconds, Stopping threads took: 0,0000198 seconds
2017-04-17T00:33:53.100+0200: 4,299: Total time for which application threads were stopped: 0,0000716 seconds, Stopping threads took: 0,0000173 seconds
2017-04-17T00:33:53.101+0200: 4,299: Total time for which application threads were stopped: 0,0000733 seconds, Stopping threads took: 0,0000203 seconds
2017-04-17T00:33:53.101+0200: 4,299: Total time for which application threads were stopped: 0,0000646 seconds, Stopping threads took: 0,0000167 seconds
2017-04-17T00:33:53.101+0200: 4,299: Total time for which application threads were stopped: 0,0000774 seconds, Stopping threads took: 0,0000214 seconds
2017-04-17T00:33:53.101+0200: 4,300: Total time for which application threads were stopped: 0,0000644 seconds, Stopping threads took: 0,0000167 seconds
2017-04-17T00:33:53.101+0200: 4,300: Total time for which application threads were stopped: 0,0000765 seconds, Stopping threads took: 0,0000210 seconds
2017-04-17T00:33:53.101+0200: 4,300: Total time for which application threads were stopped: 0,0000676 seconds, Stopping threads took: 0,0000163 seconds
2017-04-17T00:33:53.101+0200: 4,300: Total time for which application threads were stopped: 0,0000713 seconds, Stopping threads took: 0,0000190 seconds
2017-04-17T00:33:53.102+0200: 4,300: Total time for which application threads were stopped: 0,0000715 seconds, Stopping threads took: 0,0000190 seconds
2017-04-17T00:33:53.102+0200: 4,300: Total time for which application threads were stopped: 0,0000657 seconds, Stopping threads took: 0,0000174 seconds
2017-04-17T00:33:53.102+0200: 4,301: Total time for which application threads were stopped: 0,0005728 seconds, Stopping threads took: 0,0004747 seconds
2017-04-17T00:33:53.106+0200: 4,304: Total time for which application threads were stopped: 0,0015369 seconds, Stopping threads took: 0,0014002 seconds
2017-04-17T00:33:53.110+0200: 4,309: Total time for which application threads were stopped: 0,0005011 seconds, Stopping threads took: 0,0002211 seconds
2017-04-17T00:33:53.133+0200: 4,332: Total time for which application threads were stopped: 0,0001498 seconds, Stopping threads took: 0,0000326 seconds
2017-04-17T00:33:53.190+0200: 4,388: Total time for which application threads were stopped: 0,0001742 seconds, Stopping threads took: 0,0000641 seconds
2017-04-17T00:33:53.217+0200: 4,416: Total time for which application threads were stopped: 0,0005083 seconds, Stopping threads took: 0,0000305 seconds
2017-04-17T00:33:53.223+0200: 4,422: Total time for which application threads were stopped: 0,0001237 seconds, Stopping threads took: 0,0000283 seconds
2017-04-17T00:33:54.223+0200: 5,422: Total time for which application threads were stopped: 0,0000834 seconds, Stopping threads took: 0,0000197 seconds
2017-04-17T00:33:56.224+0200: 7,422: Total time for which application threads were stopped: 0,0000830 seconds, Stopping threads took: 0,0000218 seconds
2017-04-17T00:34:11.225+0200: 22,424: Total time for which application threads were stopped: 0,0000908 seconds, Stopping threads took: 0,0000229 seconds
2017-04-17T00:34:20.226+0200: 31,425: Total time for which application threads were stopped: 0,0003832 seconds, Stopping threads took: 0,0000787 seconds
2017-04-17T00:35:11.231+0200: 82,430: Total time for which application threads were stopped: 0,0000800 seconds, Stopping threads took: 0,0000204 seconds
2017-04-17T00:35:46.236+0200: 117,434: Total time for which application threads were stopped: 0,0004800 seconds, Stopping threads took: 0,0001950 seconds
2017-04-17T00:35:51.236+0200: 122,435: Total time for which application threads were stopped: 0,0000694 seconds, Stopping threads took: 0,0000181 seconds
2017-04-17T00:38:26.251+0200: 277,449: Total time for which application threads were stopped: 0,0002011 seconds, Stopping threads took: 0,0000860 seconds
2017-04-17T00:57:15.362+0200: 1406,560: Total time for which application threads were stopped: 0,0000795 seconds, Stopping threads took: 0,0000299 seconds
2017-04-17T01:02:00.385+0200: 1691,583: Total time for which application threads were stopped: 0,0000888 seconds, Stopping threads took: 0,0000342 seconds
2017-04-17T01:12:11.439+0200: 2302,637: Total time for which application threads were stopped: 0,0001139 seconds, Stopping threads took: 0,0000420 seconds
2017-04-17T01:12:15.439+0200: 2306,638: Total time for which application threads were stopped: 0,0000800 seconds, Stopping threads took: 0,0000199 seconds
2017-04-17T01:13:01.444+0200: 2352,642: Total time for which application threads were stopped: 0,0001978 seconds, Stopping threads took: 0,0000841 seconds
2017-04-17T01:16:20.462+0200: 2551,660: Total time for which application threads were stopped: 0,0001087 seconds, Stopping threads took: 0,0000372 seconds
2017-04-17T01:24:20.507+0200: 3031,706: Total time for which application threads were stopped: 0,0000955 seconds, Stopping threads took: 0,0000307 seconds
2017-04-17T01:28:16.530+0200: 3267,728: Total time for which application threads were stopped: 0,0000784 seconds, Stopping threads took: 0,0000304 seconds
2017-04-17T01:38:15.587+0200: 3866,786: Total time for which application threads were stopped: 0,0000885 seconds, Stopping threads took: 0,0000275 seconds
2017-04-17T01:38:20.588+0200: 3871,786: Total time for which application threads were stopped: 0,0000630 seconds, Stopping threads took: 0,0000146 seconds
{Heap before GC invocations=9 (full 1):
 par new generation   total 109248K, used 94115K [0x00000000e0000000, 0x00000000e8000000, 0x00000000e8000000)
  eden space 87424K, 100% used [0x00000000e0000000, 0x00000000e5560000, 0x00000000e5560000)
  from space 21824K,  30% used [0x00000000e6ab0000, 0x00000000e7138cb0, 0x00000000e8000000)
  to   space 21824K,   0% used [0x00000000e5560000, 0x00000000e5560000, 0x00000000e6ab0000)
 concurrent mark-sweep generation total 393216K, used 6044K [0x00000000e8000000, 0x0000000100000000, 0x0000000100000000)
 Metaspace       used 28046K, capacity 28566K, committed 28796K, reserved 1075200K
  class space    used 3214K, capacity 3390K, committed 3452K, reserved 1048576K
2017-04-17T01:52:49.406+0200: 4740,605: [GC (Allocation Failure) 2017-04-17T01:52:49.406+0200: 4740,605: [ParNew
Desired survivor size 20112992 bytes, new threshold 8 (max 8)
- age   1:   11081664 bytes,   11081664 total
- age   2:     316144 bytes,   11397808 total
- age   3:     230208 bytes,   11628016 total
- age   4:    1803144 bytes,   13431160 total
- age   5:      55320 bytes,   13486480 total
- age   6:       9984 bytes,   13496464 total
- age   7:      97176 bytes,   13593640 total
- age   8:     179896 bytes,   13773536 total
: 94115K->15132K(109248K), 0,1273274 secs] 100160K->22015K(502464K), 0,1274229 secs] [Times: user=0,05 sys=0,00, real=0,12 secs] 
Heap after GC invocations=10 (full 1):
 par new generation   total 109248K, used 15132K [0x00000000e0000000, 0x00000000e8000000, 0x00000000e8000000)
  eden space 87424K,   0% used [0x00000000e0000000, 0x00000000e0000000, 0x00000000e5560000)
  from space 21824K,  69% used [0x00000000e5560000, 0x00000000e6427360, 0x00000000e6ab0000)
  to   space 21824K,   0% used [0x00000000e6ab0000, 0x00000000e6ab0000, 0x00000000e8000000)
 concurrent mark-sweep generation total 393216K, used 6882K [0x00000000e8000000, 0x0000000100000000, 0x0000000100000000)
 Metaspace       used 28046K, capacity 28566K, committed 28796K, reserved 1075200K
  class space    used 3214K, capacity 3390K, committed 3452K, reserved 1048576K
}
2017-04-17T01:52:49.534+0200: 4740,732: Total time for which application threads were stopped: 0,1276701 seconds, Stopping threads took: 0,0000234 seconds
2017-04-17T01:52:49.544+0200: 4740,742: Total time for which application threads were stopped: 0,0002053 seconds, Stopping threads took: 0,0000183 seconds
2017-04-17T01:52:49.544+0200: 4740,743: Total time for which application threads were stopped: 0,0002210 seconds, Stopping threads took: 0,0000087 seconds
2017-04-17T01:52:49.574+0200: 4740,772: Total time for which application threads were stopped: 0,0010047 seconds, Stopping threads took: 0,0009304 seconds
2017-04-17T01:52:49.576+0200: 4740,775: Total time for which application threads were stopped: 0,0001799 seconds, Stopping threads took: 0,0000996 seconds
2017-04-17T01:52:49.582+0200: 4740,780: Total time for which application threads were stopped: 0,0018169 seconds, Stopping threads took: 0,0017311 seconds
2017-04-17T01:52:49.594+0200: 4740,793: Total time for which application threads were stopped: 0,0003442 seconds, Stopping threads took: 0,0000357 seconds
2017-04-17T01:52:49.594+0200: 4740,793: Total time for which application threads were stopped: 0,0002180 seconds, Stopping threads took: 0,0001745 seconds
2017-04-17T01:52:49.595+0200: 4740,793: Total time for which application threads were stopped: 0,0000560 seconds, Stopping threads took: 0,0000216 seconds
2017-04-17T01:52:49.595+0200: 4740,794: Total time for which application threads were stopped: 0,0000612 seconds, Stopping threads took: 0,0000187 seconds
2017-04-17T01:52:49.595+0200: 4740,794: Total time for which application threads were stopped: 0,0000497 seconds, Stopping threads took: 0,0000116 seconds
2017-04-17T01:52:49.595+0200: 4740,794: Total time for which application threads were stopped: 0,0000531 seconds, Stopping threads took: 0,0000192 seconds
2017-04-17T01:52:49.596+0200: 4740,794: Total time for which application threads were stopped: 0,0000575 seconds, Stopping threads took: 0,0000123 seconds
2017-04-17T01:52:49.597+0200: 4740,795: Total time for which application threads were stopped: 0,0000745 seconds, Stopping threads took: 0,0000203 seconds
2017-04-17T01:52:49.597+0200: 4740,795: Total time for which application threads were stopped: 0,0000636 seconds, Stopping threads took: 0,0000279 seconds
2017-04-17T01:52:49.599+0200: 4740,798: Total time for which application threads were stopped: 0,0012448 seconds, Stopping threads took: 0,0011943 seconds
2017-04-17T01:52:49.603+0200: 4740,802: Total time for which application threads were stopped: 0,0000672 seconds, Stopping threads took: 0,0000182 seconds
2017-04-17T01:52:49.603+0200: 4740,802: Total time for which application threads were stopped: 0,0000526 seconds, Stopping threads took: 0,0000169 seconds
2017-04-17T01:52:49.604+0200: 4740,802: Total time for which application threads were stopped: 0,0000452 seconds, Stopping threads took: 0,0000213 seconds
2017-04-17T01:52:49.604+0200: 4740,802: Total time for which application threads were stopped: 0,0000397 seconds, Stopping threads took: 0,0000133 seconds
2017-04-17T01:52:49.604+0200: 4740,802: Total time for which application threads were stopped: 0,0000285 seconds, Stopping threads took: 0,0000062 seconds
2017-04-17T01:52:49.604+0200: 4740,802: Total time for which application threads were stopped: 0,0000349 seconds, Stopping threads took: 0,0000120 seconds
2017-04-17T01:52:49.604+0200: 4740,803: Total time for which application threads were stopped: 0,0000405 seconds, Stopping threads took: 0,0000162 seconds
2017-04-17T01:52:49.604+0200: 4740,803: Total time for which application threads were stopped: 0,0000366 seconds, Stopping threads took: 0,0000134 seconds
2017-04-17T01:52:49.604+0200: 4740,803: Total time for which application threads were stopped: 0,0000350 seconds, Stopping threads took: 0,0000130 seconds
2017-04-17T01:52:49.604+0200: 4740,803: Total time for which application threads were stopped: 0,0000463 seconds, Stopping threads took: 0,0000216 seconds
2017-04-17T01:52:49.606+0200: 4740,804: Total time for which application threads were stopped: 0,0014898 seconds, Stopping threads took: 0,0014589 seconds
2017-04-17T01:52:49.606+0200: 4740,805: Total time for which application threads were stopped: 0,0001416 seconds, Stopping threads took: 0,0000292 seconds
2017-04-17T01:52:49.607+0200: 4740,805: Total time for which application threads were stopped: 0,0000717 seconds, Stopping threads took: 0,0000373 seconds
2017-04-17T01:52:49.608+0200: 4740,806: Total time for which application threads were stopped: 0,0001192 seconds, Stopping threads took: 0,0000533 seconds
2017-04-17T01:52:49.608+0200: 4740,807: Total time for which application threads were stopped: 0,0000939 seconds, Stopping threads took: 0,0000301 seconds
Heap
 par new generation   total 109248K, used 27283K [0x00000000e0000000, 0x00000000e8000000, 0x00000000e8000000)
  eden space 87424K,  13% used [0x00000000e0000000, 0x00000000e0bdda68, 0x00000000e5560000)
  from space 21824K,  69% used [0x00000000e5560000, 0x00000000e6427360, 0x00000000e6ab0000)
  to   space 21824K,   0% used [0x00000000e6ab0000, 0x00000000e6ab0000, 0x00000000e8000000)
 concurrent mark-sweep generation total 393216K, used 6882K [0x00000000e8000000, 0x0000000100000000, 0x0000000100000000)
 Metaspace       used 28137K, capacity 28638K, committed 28796K, reserved 1075200K
  class space    used 3228K, capacity 3392K, committed 3452K, reserved 1048576K
