OpenJDK 64-Bit Server VM (25.131-b11) for linux-amd64 JRE (1.8.0_131-8u131-b11-0ubuntu1.16.04.2-b11), built on May  6 2017 02:45:27 by "buildd" with gcc 5.4.0 20160609
Memory: 4k page, physical 7867740k(7386700k free), swap 8076284k(8076284k free)
CommandLine flags: -XX:CMSInitiatingOccupancyFraction=50 -XX:CMSMaxAbortablePrecleanTime=6000 -XX:+CMSParallelRemarkEnabled -XX:+CMSScavengeBeforeRemark -XX:ConcGCThreads=4 -XX:InitialHeapSize=536870912 -XX:MaxHeapSize=536870912 -XX:MaxTenuringThreshold=8 -XX:NewRatio=3 -XX:OldPLABSize=16 -XX:OnOutOfMemoryError=/opt/solr/bin/oom_solr.sh 8983 /var/solr/logs -XX:ParallelGCThreads=4 -XX:+ParallelRefProcEnabled -XX:PretenureSizeThreshold=67108864 -XX:+PrintGC -XX:+PrintGCApplicationStoppedTime -XX:+PrintGCDateStamps -XX:+PrintGCDetails -XX:+PrintGCTimeStamps -XX:+PrintHeapAtGC -XX:+PrintTenuringDistribution -XX:SurvivorRatio=4 -XX:TargetSurvivorRatio=90 -XX:ThreadStackSize=256 -XX:+UseCMSInitiatingOccupancyOnly -XX:+UseCompressedClassPointers -XX:+UseCompressedOops -XX:+UseConcMarkSweepGC -XX:+UseParNewGC 
2017-05-23T12:00:56.893+0200: 0,144: Total time for which application threads were stopped: 0,0000668 seconds, Stopping threads took: 0,0000096 seconds
2017-05-23T12:00:56.976+0200: 0,227: Total time for which application threads were stopped: 0,0001350 seconds, Stopping threads took: 0,0000277 seconds
2017-05-23T12:00:56.992+0200: 0,243: Total time for which application threads were stopped: 0,0001026 seconds, Stopping threads took: 0,0000118 seconds
2017-05-23T12:00:57.208+0200: 0,459: Total time for which application threads were stopped: 0,0001388 seconds, Stopping threads took: 0,0000175 seconds
2017-05-23T12:00:57.645+0200: 0,895: Total time for which application threads were stopped: 0,0001574 seconds, Stopping threads took: 0,0000214 seconds
2017-05-23T12:00:57.789+0200: 1,040: Total time for which application threads were stopped: 0,0001442 seconds, Stopping threads took: 0,0000165 seconds
2017-05-23T12:00:57.832+0200: 1,082: Total time for which application threads were stopped: 0,0009494 seconds, Stopping threads took: 0,0002344 seconds
2017-05-23T12:00:58.193+0200: 1,443: Total time for which application threads were stopped: 0,0002087 seconds, Stopping threads took: 0,0000267 seconds
2017-05-23T12:00:58.426+0200: 1,677: Total time for which application threads were stopped: 0,0003423 seconds, Stopping threads took: 0,0000249 seconds
2017-05-23T12:00:58.451+0200: 1,702: Total time for which application threads were stopped: 0,0001694 seconds, Stopping threads took: 0,0000233 seconds
2017-05-23T12:00:58.484+0200: 1,734: Total time for which application threads were stopped: 0,0002031 seconds, Stopping threads took: 0,0000225 seconds
2017-05-23T12:00:58.485+0200: 1,736: Total time for which application threads were stopped: 0,0001916 seconds, Stopping threads took: 0,0000361 seconds
2017-05-23T12:00:58.502+0200: 1,753: Total time for which application threads were stopped: 0,0002046 seconds, Stopping threads took: 0,0000258 seconds
2017-05-23T12:00:58.587+0200: 1,837: Total time for which application threads were stopped: 0,0002418 seconds, Stopping threads took: 0,0000227 seconds
2017-05-23T12:00:58.750+0200: 2,001: Total time for which application threads were stopped: 0,0002458 seconds, Stopping threads took: 0,0000366 seconds
{Heap before GC invocations=0 (full 0):
 par new generation   total 109248K, used 87424K [0x00000000e0000000, 0x00000000e8000000, 0x00000000e8000000)
  eden space 87424K, 100% used [0x00000000e0000000, 0x00000000e5560000, 0x00000000e5560000)
  from space 21824K,   0% used [0x00000000e5560000, 0x00000000e5560000, 0x00000000e6ab0000)
  to   space 21824K,   0% used [0x00000000e6ab0000, 0x00000000e6ab0000, 0x00000000e8000000)
 concurrent mark-sweep generation total 393216K, used 0K [0x00000000e8000000, 0x0000000100000000, 0x0000000100000000)
 Metaspace       used 17988K, capacity 18336K, committed 18688K, reserved 1064960K
  class space    used 2035K, capacity 2196K, committed 2304K, reserved 1048576K
2017-05-23T12:00:58.832+0200: 2,082: [GC (Allocation Failure) 2017-05-23T12:00:58.832+0200: 2,082: [ParNew
Desired survivor size 20112992 bytes, new threshold 8 (max 8)
- age   1:   12407320 bytes,   12407320 total
: 87424K->12229K(109248K), 0,0219219 secs] 87424K->12229K(502464K), 0,0219918 secs] [Times: user=0,05 sys=0,02, real=0,03 secs] 
Heap after GC invocations=1 (full 0):
 par new generation   total 109248K, used 12229K [0x00000000e0000000, 0x00000000e8000000, 0x00000000e8000000)
  eden space 87424K,   0% used [0x00000000e0000000, 0x00000000e0000000, 0x00000000e5560000)
  from space 21824K,  56% used [0x00000000e6ab0000, 0x00000000e76a17e0, 0x00000000e8000000)
  to   space 21824K,   0% used [0x00000000e5560000, 0x00000000e5560000, 0x00000000e6ab0000)
 concurrent mark-sweep generation total 393216K, used 0K [0x00000000e8000000, 0x0000000100000000, 0x0000000100000000)
 Metaspace       used 17988K, capacity 18336K, committed 18688K, reserved 1064960K
  class space    used 2035K, capacity 2196K, committed 2304K, reserved 1048576K
}
2017-05-23T12:00:58.854+0200: 2,104: Total time for which application threads were stopped: 0,0221962 seconds, Stopping threads took: 0,0000468 seconds
2017-05-23T12:00:59.170+0200: 2,420: Total time for which application threads were stopped: 0,0003534 seconds, Stopping threads took: 0,0000575 seconds
{Heap before GC invocations=1 (full 0):
 par new generation   total 109248K, used 99653K [0x00000000e0000000, 0x00000000e8000000, 0x00000000e8000000)
  eden space 87424K, 100% used [0x00000000e0000000, 0x00000000e5560000, 0x00000000e5560000)
  from space 21824K,  56% used [0x00000000e6ab0000, 0x00000000e76a17e0, 0x00000000e8000000)
  to   space 21824K,   0% used [0x00000000e5560000, 0x00000000e5560000, 0x00000000e6ab0000)
 concurrent mark-sweep generation total 393216K, used 0K [0x00000000e8000000, 0x0000000100000000, 0x0000000100000000)
 Metaspace       used 20043K, capacity 20368K, committed 20736K, reserved 1067008K
  class space    used 2294K, capacity 2470K, committed 2560K, reserved 1048576K
2017-05-23T12:00:59.214+0200: 2,464: [GC (Allocation Failure) 2017-05-23T12:00:59.214+0200: 2,464: [ParNew
Desired survivor size 20112992 bytes, new threshold 8 (max 8)
- age   1:    3673224 bytes,    3673224 total
- age   2:    6629048 bytes,   10302272 total
: 99653K->15628K(109248K), 0,0119804 secs] 99653K->15628K(502464K), 0,0120842 secs] [Times: user=0,04 sys=0,01, real=0,02 secs] 
Heap after GC invocations=2 (full 0):
 par new generation   total 109248K, used 15628K [0x00000000e0000000, 0x00000000e8000000, 0x00000000e8000000)
  eden space 87424K,   0% used [0x00000000e0000000, 0x00000000e0000000, 0x00000000e5560000)
  from space 21824K,  71% used [0x00000000e5560000, 0x00000000e64a33c0, 0x00000000e6ab0000)
  to   space 21824K,   0% used [0x00000000e6ab0000, 0x00000000e6ab0000, 0x00000000e8000000)
 concurrent mark-sweep generation total 393216K, used 0K [0x00000000e8000000, 0x0000000100000000, 0x0000000100000000)
 Metaspace       used 20043K, capacity 20368K, committed 20736K, reserved 1067008K
  class space    used 2294K, capacity 2470K, committed 2560K, reserved 1048576K
}
2017-05-23T12:00:59.226+0200: 2,476: Total time for which application threads were stopped: 0,0123627 seconds, Stopping threads took: 0,0000902 seconds
2017-05-23T12:00:59.231+0200: 2,481: Total time for which application threads were stopped: 0,0002705 seconds, Stopping threads took: 0,0000268 seconds
2017-05-23T12:00:59.262+0200: 2,513: Total time for which application threads were stopped: 0,0003542 seconds, Stopping threads took: 0,0000634 seconds
2017-05-23T12:00:59.378+0200: 2,629: Total time for which application threads were stopped: 0,0001849 seconds, Stopping threads took: 0,0000322 seconds
{Heap before GC invocations=2 (full 0):
 par new generation   total 109248K, used 103052K [0x00000000e0000000, 0x00000000e8000000, 0x00000000e8000000)
  eden space 87424K, 100% used [0x00000000e0000000, 0x00000000e5560000, 0x00000000e5560000)
  from space 21824K,  71% used [0x00000000e5560000, 0x00000000e64a33c0, 0x00000000e6ab0000)
  to   space 21824K,   0% used [0x00000000e6ab0000, 0x00000000e6ab0000, 0x00000000e8000000)
 concurrent mark-sweep generation total 393216K, used 0K [0x00000000e8000000, 0x0000000100000000, 0x0000000100000000)
 Metaspace       used 20951K, capacity 21290K, committed 21628K, reserved 1069056K
  class space    used 2417K, capacity 2589K, committed 2684K, reserved 1048576K
2017-05-23T12:00:59.415+0200: 2,666: [GC (Allocation Failure) 2017-05-23T12:00:59.415+0200: 2,666: [ParNew
Desired survivor size 20112992 bytes, new threshold 8 (max 8)
- age   1:    2060960 bytes,    2060960 total
- age   2:     867072 bytes,    2928032 total
- age   3:    6625024 bytes,    9553056 total
: 103052K->11171K(109248K), 0,0125899 secs] 103052K->11171K(502464K), 0,0126861 secs] [Times: user=0,04 sys=0,00, real=0,01 secs] 
Heap after GC invocations=3 (full 0):
 par new generation   total 109248K, used 11171K [0x00000000e0000000, 0x00000000e8000000, 0x00000000e8000000)
  eden space 87424K,   0% used [0x00000000e0000000, 0x00000000e0000000, 0x00000000e5560000)
  from space 21824K,  51% used [0x00000000e6ab0000, 0x00000000e7598f30, 0x00000000e8000000)
  to   space 21824K,   0% used [0x00000000e5560000, 0x00000000e5560000, 0x00000000e6ab0000)
 concurrent mark-sweep generation total 393216K, used 0K [0x00000000e8000000, 0x0000000100000000, 0x0000000100000000)
 Metaspace       used 20951K, capacity 21290K, committed 21628K, reserved 1069056K
  class space    used 2417K, capacity 2589K, committed 2684K, reserved 1048576K
}
2017-05-23T12:00:59.428+0200: 2,679: Total time for which application threads were stopped: 0,0129243 seconds, Stopping threads took: 0,0000579 seconds
2017-05-23T12:00:59.428+0200: 2,679: [GC (CMS Initial Mark) [1 CMS-initial-mark: 0K(393216K)] 11171K(502464K), 0,0034934 secs] [Times: user=0,01 sys=0,00, real=0,00 secs] 
2017-05-23T12:00:59.432+0200: 2,682: Total time for which application threads were stopped: 0,0036323 seconds, Stopping threads took: 0,0000433 seconds
2017-05-23T12:00:59.432+0200: 2,682: [CMS-concurrent-mark-start]
2017-05-23T12:00:59.432+0200: 2,683: [CMS-concurrent-mark: 0,001/0,001 secs] [Times: user=0,00 sys=0,00, real=0,00 secs] 
2017-05-23T12:00:59.432+0200: 2,683: [CMS-concurrent-preclean-start]
2017-05-23T12:00:59.433+0200: 2,684: [CMS-concurrent-preclean: 0,001/0,001 secs] [Times: user=0,00 sys=0,00, real=0,00 secs] 
2017-05-23T12:00:59.433+0200: 2,684: [CMS-concurrent-abortable-preclean-start]
2017-05-23T12:00:59.503+0200: 2,753: Total time for which application threads were stopped: 0,0001491 seconds, Stopping threads took: 0,0000438 seconds
{Heap before GC invocations=3 (full 1):
 par new generation   total 109248K, used 98595K [0x00000000e0000000, 0x00000000e8000000, 0x00000000e8000000)
  eden space 87424K, 100% used [0x00000000e0000000, 0x00000000e5560000, 0x00000000e5560000)
  from space 21824K,  51% used [0x00000000e6ab0000, 0x00000000e7598f30, 0x00000000e8000000)
  to   space 21824K,   0% used [0x00000000e5560000, 0x00000000e5560000, 0x00000000e6ab0000)
 concurrent mark-sweep generation total 393216K, used 0K [0x00000000e8000000, 0x0000000100000000, 0x0000000100000000)
 Metaspace       used 21227K, capacity 21566K, committed 21884K, reserved 1069056K
  class space    used 2447K, capacity 2604K, committed 2684K, reserved 1048576K
2017-05-23T12:00:59.557+0200: 2,808: [GC (Allocation Failure) 2017-05-23T12:00:59.557+0200: 2,808: [ParNew
Desired survivor size 20112992 bytes, new threshold 8 (max 8)
- age   1:    1216480 bytes,    1216480 total
- age   2:    1472112 bytes,    2688592 total
- age   3:     843504 bytes,    3532096 total
- age   4:    6625024 bytes,   10157120 total
: 98595K->16228K(109248K), 0,0121841 secs] 98595K->16228K(502464K), 0,0122646 secs] [Times: user=0,04 sys=0,00, real=0,01 secs] 
Heap after GC invocations=4 (full 1):
 par new generation   total 109248K, used 16228K [0x00000000e0000000, 0x00000000e8000000, 0x00000000e8000000)
  eden space 87424K,   0% used [0x00000000e0000000, 0x00000000e0000000, 0x00000000e5560000)
  from space 21824K,  74% used [0x00000000e5560000, 0x00000000e65390c0, 0x00000000e6ab0000)
  to   space 21824K,   0% used [0x00000000e6ab0000, 0x00000000e6ab0000, 0x00000000e8000000)
 concurrent mark-sweep generation total 393216K, used 0K [0x00000000e8000000, 0x0000000100000000, 0x0000000100000000)
 Metaspace       used 21227K, capacity 21566K, committed 21884K, reserved 1069056K
  class space    used 2447K, capacity 2604K, committed 2684K, reserved 1048576K
}
2017-05-23T12:00:59.569+0200: 2,820: Total time for which application threads were stopped: 0,0125153 seconds, Stopping threads took: 0,0000804 seconds
2017-05-23T12:00:59.569+0200: 2,820: [CMS-concurrent-abortable-preclean: 0,071/0,136 secs] [Times: user=0,52 sys=0,01, real=0,14 secs] 
2017-05-23T12:00:59.587+0200: 2,838: [GC (CMS Final Remark) [YG occupancy: 26325 K (109248 K)]{Heap before GC invocations=4 (full 1):
 par new generation   total 109248K, used 26325K [0x00000000e0000000, 0x00000000e8000000, 0x00000000e8000000)
  eden space 87424K,  11% used [0x00000000e0000000, 0x00000000e09dc3e0, 0x00000000e5560000)
  from space 21824K,  74% used [0x00000000e5560000, 0x00000000e65390c0, 0x00000000e6ab0000)
  to   space 21824K,   0% used [0x00000000e6ab0000, 0x00000000e6ab0000, 0x00000000e8000000)
 concurrent mark-sweep generation total 393216K, used 0K [0x00000000e8000000, 0x0000000100000000, 0x0000000100000000)
 Metaspace       used 21229K, capacity 21566K, committed 21884K, reserved 1069056K
  class space    used 2447K, capacity 2604K, committed 2684K, reserved 1048576K
2017-05-23T12:00:59.587+0200: 2,838: [GC (CMS Final Remark) 2017-05-23T12:00:59.587+0200: 2,838: [ParNew
Desired survivor size 20112992 bytes, new threshold 8 (max 8)
- age   1:     344456 bytes,     344456 total
- age   2:     184376 bytes,     528832 total
- age   3:    1472008 bytes,    2000840 total
- age   4:     841632 bytes,    2842472 total
- age   5:    6625064 bytes,    9467536 total
: 26325K->12397K(109248K), 0,0096242 secs] 26325K->12397K(502464K), 0,0096701 secs] [Times: user=0,04 sys=0,00, real=0,01 secs] 
Heap after GC invocations=5 (full 1):
 par new generation   total 109248K, used 12397K [0x00000000e0000000, 0x00000000e8000000, 0x00000000e8000000)
  eden space 87424K,   0% used [0x00000000e0000000, 0x00000000e0000000, 0x00000000e5560000)
  from space 21824K,  56% used [0x00000000e6ab0000, 0x00000000e76cb718, 0x00000000e8000000)
  to   space 21824K,   0% used [0x00000000e5560000, 0x00000000e5560000, 0x00000000e6ab0000)
 concurrent mark-sweep generation total 393216K, used 0K [0x00000000e8000000, 0x0000000100000000, 0x0000000100000000)
 Metaspace       used 21229K, capacity 21566K, committed 21884K, reserved 1069056K
  class space    used 2447K, capacity 2604K, committed 2684K, reserved 1048576K
}
2017-05-23T12:00:59.597+0200: 2,847: [Rescan (parallel) , 0,0032134 secs]2017-05-23T12:00:59.600+0200: 2,851: [weak refs processing, 0,0011029 secs]2017-05-23T12:00:59.601+0200: 2,852: [class unloading, 0,0027754 secs]2017-05-23T12:00:59.604+0200: 2,855: [scrub symbol table, 0,0024628 secs]2017-05-23T12:00:59.606+0200: 2,857: [scrub string table, 0,0003629 secs][1 CMS-remark: 0K(393216K)] 12397K(502464K), 0,0202529 secs] [Times: user=0,06 sys=0,00, real=0,02 secs] 
2017-05-23T12:00:59.607+0200: 2,858: Total time for which application threads were stopped: 0,0214600 seconds, Stopping threads took: 0,0011198 seconds
2017-05-23T12:00:59.607+0200: 2,858: [CMS-concurrent-sweep-start]
2017-05-23T12:00:59.607+0200: 2,858: [CMS-concurrent-sweep: 0,000/0,000 secs] [Times: user=0,00 sys=0,00, real=0,00 secs] 
2017-05-23T12:00:59.607+0200: 2,858: [CMS-concurrent-reset-start]
2017-05-23T12:00:59.612+0200: 2,862: [CMS-concurrent-reset: 0,004/0,004 secs] [Times: user=0,02 sys=0,00, real=0,00 secs] 
2017-05-23T12:00:59.693+0200: 2,943: Total time for which application threads were stopped: 0,0006677 seconds, Stopping threads took: 0,0005936 seconds
{Heap before GC invocations=5 (full 1):
 par new generation   total 109248K, used 99856K [0x00000000e0000000, 0x00000000e8000000, 0x00000000e8000000)
  eden space 87424K, 100% used [0x00000000e0000000, 0x00000000e5560000, 0x00000000e5560000)
  from space 21824K,  56% used [0x00000000e6ab0000, 0x00000000e76d40f0, 0x00000000e8000000)
  to   space 21824K,   0% used [0x00000000e5560000, 0x00000000e5560000, 0x00000000e6ab0000)
 concurrent mark-sweep generation total 393216K, used 0K [0x00000000e8000000, 0x0000000100000000, 0x0000000100000000)
 Metaspace       used 21435K, capacity 21808K, committed 21884K, reserved 1069056K
  class space    used 2474K, capacity 2639K, committed 2684K, reserved 1048576K
2017-05-23T12:00:59.693+0200: 2,944: [GC (Allocation Failure) 2017-05-23T12:00:59.693+0200: 2,944: [ParNew
Desired survivor size 20112992 bytes, new threshold 8 (max 8)
- age   1:     510072 bytes,     510072 total
- age   2:      18424 bytes,     528496 total
- age   3:     182640 bytes,     711136 total
- age   4:    1470176 bytes,    2181312 total
- age   5:     841520 bytes,    3022832 total
- age   6:    6625024 bytes,    9647856 total
: 99856K->11485K(109248K), 0,0096658 secs] 99856K->11485K(502464K), 0,0097320 secs] [Times: user=0,03 sys=0,00, real=0,01 secs] 
Heap after GC invocations=6 (full 1):
 par new generation   total 109248K, used 11485K [0x00000000e0000000, 0x00000000e8000000, 0x00000000e8000000)
  eden space 87424K,   0% used [0x00000000e0000000, 0x00000000e0000000, 0x00000000e5560000)
  from space 21824K,  52% used [0x00000000e5560000, 0x00000000e6097590, 0x00000000e6ab0000)
  to   space 21824K,   0% used [0x00000000e6ab0000, 0x00000000e6ab0000, 0x00000000e8000000)
 concurrent mark-sweep generation total 393216K, used 0K [0x00000000e8000000, 0x0000000100000000, 0x0000000100000000)
 Metaspace       used 21435K, capacity 21808K, committed 21884K, reserved 1069056K
  class space    used 2474K, capacity 2639K, committed 2684K, reserved 1048576K
}
2017-05-23T12:00:59.703+0200: 2,953: Total time for which application threads were stopped: 0,0099557 seconds, Stopping threads took: 0,0001143 seconds
{Heap before GC invocations=6 (full 1):
 par new generation   total 109248K, used 12737K [0x00000000e0000000, 0x00000000e8000000, 0x00000000e8000000)
  eden space 87424K,   1% used [0x00000000e0000000, 0x00000000e0139160, 0x00000000e5560000)
  from space 21824K,  52% used [0x00000000e5560000, 0x00000000e6097590, 0x00000000e6ab0000)
  to   space 21824K,   0% used [0x00000000e6ab0000, 0x00000000e6ab0000, 0x00000000e8000000)
 concurrent mark-sweep generation total 393216K, used 0K [0x00000000e8000000, 0x0000000100000000, 0x0000000100000000)
 Metaspace       used 21435K, capacity 21808K, committed 21884K, reserved 1069056K
  class space    used 2474K, capacity 2639K, committed 2684K, reserved 1048576K
2017-05-23T12:00:59.703+0200: 2,954: [GC (GCLocker Initiated GC) 2017-05-23T12:00:59.703+0200: 2,954: [ParNew
Desired survivor size 20112992 bytes, new threshold 8 (max 8)
- age   1:     191440 bytes,     191440 total
- age   2:     258400 bytes,     449840 total
- age   3:      18424 bytes,     468264 total
- age   4:     182640 bytes,     650904 total
- age   5:    1470176 bytes,    2121080 total
- age   6:     841520 bytes,    2962600 total
- age   7:    6625024 bytes,    9587624 total
: 12737K->14376K(109248K), 0,0092194 secs] 12737K->14376K(502464K), 0,0092634 secs] [Times: user=0,04 sys=0,00, real=0,01 secs] 
Heap after GC invocations=7 (full 1):
 par new generation   total 109248K, used 14376K [0x00000000e0000000, 0x00000000e8000000, 0x00000000e8000000)
  eden space 87424K,   0% used [0x00000000e0000000, 0x00000000e0000000, 0x00000000e5560000)
  from space 21824K,  65% used [0x00000000e6ab0000, 0x00000000e78ba020, 0x00000000e8000000)
  to   space 21824K,   0% used [0x00000000e5560000, 0x00000000e5560000, 0x00000000e6ab0000)
 concurrent mark-sweep generation total 393216K, used 0K [0x00000000e8000000, 0x0000000100000000, 0x0000000100000000)
 Metaspace       used 21435K, capacity 21808K, committed 21884K, reserved 1069056K
  class space    used 2474K, capacity 2639K, committed 2684K, reserved 1048576K
}
2017-05-23T12:00:59.712+0200: 2,963: Total time for which application threads were stopped: 0,0094299 seconds, Stopping threads took: 0,0000521 seconds
2017-05-23T12:00:59.735+0200: 2,986: Total time for which application threads were stopped: 0,0003285 seconds, Stopping threads took: 0,0000366 seconds
2017-05-23T12:00:59.977+0200: 3,227: Total time for which application threads were stopped: 0,0004750 seconds, Stopping threads took: 0,0000451 seconds
2017-05-23T12:00:59.993+0200: 3,243: Total time for which application threads were stopped: 0,0003787 seconds, Stopping threads took: 0,0000364 seconds
{Heap before GC invocations=7 (full 1):
 par new generation   total 109248K, used 101800K [0x00000000e0000000, 0x00000000e8000000, 0x00000000e8000000)
  eden space 87424K, 100% used [0x00000000e0000000, 0x00000000e5560000, 0x00000000e5560000)
  from space 21824K,  65% used [0x00000000e6ab0000, 0x00000000e78ba020, 0x00000000e8000000)
  to   space 21824K,   0% used [0x00000000e5560000, 0x00000000e5560000, 0x00000000e6ab0000)
 concurrent mark-sweep generation total 393216K, used 0K [0x00000000e8000000, 0x0000000100000000, 0x0000000100000000)
 Metaspace       used 24157K, capacity 24626K, committed 24828K, reserved 1071104K
  class space    used 2842K, capacity 3046K, committed 3068K, reserved 1048576K
2017-05-23T12:01:00.181+0200: 3,431: [GC (Allocation Failure) 2017-05-23T12:01:00.181+0200: 3,431: [ParNew
Desired survivor size 20112992 bytes, new threshold 8 (max 8)
- age   1:    5532256 bytes,    5532256 total
- age   3:     184856 bytes,    5717112 total
- age   4:      18424 bytes,    5735536 total
- age   5:     182032 bytes,    5917568 total
- age   6:     301976 bytes,    6219544 total
- age   7:     817168 bytes,    7036712 total
- age   8:    6616944 bytes,   13653656 total
: 101800K->15380K(109248K), 0,0249196 secs] 101800K->15380K(502464K), 0,0250133 secs] [Times: user=0,09 sys=0,00, real=0,03 secs] 
Heap after GC invocations=8 (full 1):
 par new generation   total 109248K, used 15380K [0x00000000e0000000, 0x00000000e8000000, 0x00000000e8000000)
  eden space 87424K,   0% used [0x00000000e0000000, 0x00000000e0000000, 0x00000000e5560000)
  from space 21824K,  70% used [0x00000000e5560000, 0x00000000e6465220, 0x00000000e6ab0000)
  to   space 21824K,   0% used [0x00000000e6ab0000, 0x00000000e6ab0000, 0x00000000e8000000)
 concurrent mark-sweep generation total 393216K, used 0K [0x00000000e8000000, 0x0000000100000000, 0x0000000100000000)
 Metaspace       used 24157K, capacity 24626K, committed 24828K, reserved 1071104K
  class space    used 2842K, capacity 3046K, committed 3068K, reserved 1048576K
}
2017-05-23T12:01:00.206+0200: 3,456: Total time for which application threads were stopped: 0,0256750 seconds, Stopping threads took: 0,0004266 seconds
{Heap before GC invocations=8 (full 1):
 par new generation   total 109248K, used 102804K [0x00000000e0000000, 0x00000000e8000000, 0x00000000e8000000)
  eden space 87424K, 100% used [0x00000000e0000000, 0x00000000e5560000, 0x00000000e5560000)
  from space 21824K,  70% used [0x00000000e5560000, 0x00000000e6465220, 0x00000000e6ab0000)
  to   space 21824K,   0% used [0x00000000e6ab0000, 0x00000000e6ab0000, 0x00000000e8000000)
 concurrent mark-sweep generation total 393216K, used 0K [0x00000000e8000000, 0x0000000100000000, 0x0000000100000000)
 Metaspace       used 24543K, capacity 24990K, committed 25212K, reserved 1071104K
  class space    used 2874K, capacity 3080K, committed 3196K, reserved 1048576K
2017-05-23T12:01:00.300+0200: 3,551: [GC (Allocation Failure) 2017-05-23T12:01:00.300+0200: 3,551: [ParNew
Desired survivor size 20112992 bytes, new threshold 8 (max 8)
- age   1:    1670768 bytes,    1670768 total
- age   2:    1770648 bytes,    3441416 total
- age   4:      85680 bytes,    3527096 total
- age   5:       3360 bytes,    3530456 total
- age   6:     108648 bytes,    3639104 total
- age   7:     178392 bytes,    3817496 total
- age   8:     778352 bytes,    4595848 total
: 102804K->11098K(109248K), 0,0397903 secs] 102804K->17141K(502464K), 0,0398679 secs] [Times: user=0,09 sys=0,01, real=0,04 secs] 
Heap after GC invocations=9 (full 1):
 par new generation   total 109248K, used 11098K [0x00000000e0000000, 0x00000000e8000000, 0x00000000e8000000)
  eden space 87424K,   0% used [0x00000000e0000000, 0x00000000e0000000, 0x00000000e5560000)
  from space 21824K,  50% used [0x00000000e6ab0000, 0x00000000e7586b20, 0x00000000e8000000)
  to   space 21824K,   0% used [0x00000000e5560000, 0x00000000e5560000, 0x00000000e6ab0000)
 concurrent mark-sweep generation total 393216K, used 6042K [0x00000000e8000000, 0x0000000100000000, 0x0000000100000000)
 Metaspace       used 24543K, capacity 24990K, committed 25212K, reserved 1071104K
  class space    used 2874K, capacity 3080K, committed 3196K, reserved 1048576K
}
2017-05-23T12:01:00.340+0200: 3,591: Total time for which application threads were stopped: 0,0401759 seconds, Stopping threads took: 0,0000784 seconds
{Heap before GC invocations=9 (full 1):
 par new generation   total 109248K, used 98522K [0x00000000e0000000, 0x00000000e8000000, 0x00000000e8000000)
  eden space 87424K, 100% used [0x00000000e0000000, 0x00000000e5560000, 0x00000000e5560000)
  from space 21824K,  50% used [0x00000000e6ab0000, 0x00000000e7586b20, 0x00000000e8000000)
  to   space 21824K,   0% used [0x00000000e5560000, 0x00000000e5560000, 0x00000000e6ab0000)
 concurrent mark-sweep generation total 393216K, used 6042K [0x00000000e8000000, 0x0000000100000000, 0x0000000100000000)
 Metaspace       used 24948K, capacity 25400K, committed 25724K, reserved 1071104K
  class space    used 2908K, capacity 3085K, committed 3196K, reserved 1048576K
2017-05-23T12:01:00.469+0200: 3,720: [GC (Allocation Failure) 2017-05-23T12:01:00.469+0200: 3,720: [ParNew
Desired survivor size 20112992 bytes, new threshold 8 (max 8)
- age   1:     678152 bytes,     678152 total
- age   2:    1035064 bytes,    1713216 total
- age   3:    1747776 bytes,    3460992 total
- age   5:      85680 bytes,    3546672 total
- age   6:       3360 bytes,    3550032 total
- age   7:     105936 bytes,    3655968 total
- age   8:     177928 bytes,    3833896 total
: 98522K->6033K(109248K), 0,0099971 secs] 104565K->12848K(502464K), 0,0100650 secs] [Times: user=0,02 sys=0,00, real=0,01 secs] 
Heap after GC invocations=10 (full 1):
 par new generation   total 109248K, used 6033K [0x00000000e0000000, 0x00000000e8000000, 0x00000000e8000000)
  eden space 87424K,   0% used [0x00000000e0000000, 0x00000000e0000000, 0x00000000e5560000)
  from space 21824K,  27% used [0x00000000e5560000, 0x00000000e5b44758, 0x00000000e6ab0000)
  to   space 21824K,   0% used [0x00000000e6ab0000, 0x00000000e6ab0000, 0x00000000e8000000)
 concurrent mark-sweep generation total 393216K, used 6815K [0x00000000e8000000, 0x0000000100000000, 0x0000000100000000)
 Metaspace       used 24948K, capacity 25400K, committed 25724K, reserved 1071104K
  class space    used 2908K, capacity 3085K, committed 3196K, reserved 1048576K
}
2017-05-23T12:01:00.479+0200: 3,730: Total time for which application threads were stopped: 0,0102765 seconds, Stopping threads took: 0,0000491 seconds
2017-05-23T12:01:00.656+0200: 3,906: Total time for which application threads were stopped: 0,0003600 seconds, Stopping threads took: 0,0000122 seconds
2017-05-23T12:01:00.696+0200: 3,947: Total time for which application threads were stopped: 0,0005222 seconds, Stopping threads took: 0,0000294 seconds
2017-05-23T12:01:00.714+0200: 3,965: Total time for which application threads were stopped: 0,0019104 seconds, Stopping threads took: 0,0013714 seconds
2017-05-23T12:01:00.776+0200: 4,027: Total time for which application threads were stopped: 0,0004899 seconds, Stopping threads took: 0,0000196 seconds
2017-05-23T12:01:00.806+0200: 4,057: Total time for which application threads were stopped: 0,0016980 seconds, Stopping threads took: 0,0013623 seconds
2017-05-23T12:01:00.814+0200: 4,064: Total time for which application threads were stopped: 0,0018069 seconds, Stopping threads took: 0,0017472 seconds
2017-05-23T12:01:00.814+0200: 4,064: Total time for which application threads were stopped: 0,0000654 seconds, Stopping threads took: 0,0000308 seconds
2017-05-23T12:01:00.814+0200: 4,065: Total time for which application threads were stopped: 0,0000409 seconds, Stopping threads took: 0,0000106 seconds
2017-05-23T12:01:00.814+0200: 4,065: Total time for which application threads were stopped: 0,0000827 seconds, Stopping threads took: 0,0000335 seconds
2017-05-23T12:01:00.815+0200: 4,066: Total time for which application threads were stopped: 0,0001030 seconds, Stopping threads took: 0,0000304 seconds
2017-05-23T12:01:00.820+0200: 4,071: Total time for which application threads were stopped: 0,0001524 seconds, Stopping threads took: 0,0000690 seconds
2017-05-23T12:01:00.821+0200: 4,071: Total time for which application threads were stopped: 0,0000890 seconds, Stopping threads took: 0,0000242 seconds
2017-05-23T12:01:00.821+0200: 4,072: Total time for which application threads were stopped: 0,0000987 seconds, Stopping threads took: 0,0000335 seconds
2017-05-23T12:01:00.821+0200: 4,072: Total time for which application threads were stopped: 0,0000896 seconds, Stopping threads took: 0,0000210 seconds
2017-05-23T12:01:00.822+0200: 4,073: Total time for which application threads were stopped: 0,0000938 seconds, Stopping threads took: 0,0000236 seconds
2017-05-23T12:01:00.822+0200: 4,073: Total time for which application threads were stopped: 0,0000785 seconds, Stopping threads took: 0,0000205 seconds
2017-05-23T12:01:00.822+0200: 4,073: Total time for which application threads were stopped: 0,0000692 seconds, Stopping threads took: 0,0000172 seconds
2017-05-23T12:01:00.822+0200: 4,073: Total time for which application threads were stopped: 0,0000717 seconds, Stopping threads took: 0,0000202 seconds
2017-05-23T12:01:00.822+0200: 4,073: Total time for which application threads were stopped: 0,0000663 seconds, Stopping threads took: 0,0000215 seconds
2017-05-23T12:01:00.823+0200: 4,073: Total time for which application threads were stopped: 0,0000666 seconds, Stopping threads took: 0,0000310 seconds
2017-05-23T12:01:00.823+0200: 4,073: Total time for which application threads were stopped: 0,0000747 seconds, Stopping threads took: 0,0000212 seconds
2017-05-23T12:01:00.823+0200: 4,073: Total time for which application threads were stopped: 0,0000659 seconds, Stopping threads took: 0,0000163 seconds
2017-05-23T12:01:00.823+0200: 4,074: Total time for which application threads were stopped: 0,0000752 seconds, Stopping threads took: 0,0000257 seconds
2017-05-23T12:01:00.823+0200: 4,074: Total time for which application threads were stopped: 0,0000734 seconds, Stopping threads took: 0,0000194 seconds
2017-05-23T12:01:00.823+0200: 4,074: Total time for which application threads were stopped: 0,0000587 seconds, Stopping threads took: 0,0000161 seconds
2017-05-23T12:01:00.824+0200: 4,075: Total time for which application threads were stopped: 0,0002068 seconds, Stopping threads took: 0,0000285 seconds
2017-05-23T12:01:00.825+0200: 4,076: Total time for which application threads were stopped: 0,0001000 seconds, Stopping threads took: 0,0000344 seconds
2017-05-23T12:01:00.825+0200: 4,076: Total time for which application threads were stopped: 0,0000605 seconds, Stopping threads took: 0,0000210 seconds
2017-05-23T12:01:00.826+0200: 4,077: Total time for which application threads were stopped: 0,0001626 seconds, Stopping threads took: 0,0000753 seconds
2017-05-23T12:01:00.827+0200: 4,077: Total time for which application threads were stopped: 0,0001214 seconds, Stopping threads took: 0,0000490 seconds
2017-05-23T12:01:00.827+0200: 4,078: Total time for which application threads were stopped: 0,0000749 seconds, Stopping threads took: 0,0000286 seconds
2017-05-23T12:01:00.829+0200: 4,079: Total time for which application threads were stopped: 0,0001963 seconds, Stopping threads took: 0,0001060 seconds
2017-05-23T12:01:00.830+0200: 4,081: Total time for which application threads were stopped: 0,0001189 seconds, Stopping threads took: 0,0000298 seconds
2017-05-23T12:01:00.831+0200: 4,081: Total time for which application threads were stopped: 0,0001044 seconds, Stopping threads took: 0,0000304 seconds
2017-05-23T12:01:00.835+0200: 4,086: Total time for which application threads were stopped: 0,0038413 seconds, Stopping threads took: 0,0037577 seconds
2017-05-23T12:01:00.838+0200: 4,088: Total time for which application threads were stopped: 0,0001212 seconds, Stopping threads took: 0,0000356 seconds
2017-05-23T12:01:00.838+0200: 4,089: Total time for which application threads were stopped: 0,0000627 seconds, Stopping threads took: 0,0000077 seconds
2017-05-23T12:01:00.839+0200: 4,089: Total time for which application threads were stopped: 0,0000776 seconds, Stopping threads took: 0,0000227 seconds
2017-05-23T12:01:00.844+0200: 4,094: Total time for which application threads were stopped: 0,0020622 seconds, Stopping threads took: 0,0019659 seconds
2017-05-23T12:01:00.844+0200: 4,095: Total time for which application threads were stopped: 0,0000869 seconds, Stopping threads took: 0,0000278 seconds
2017-05-23T12:01:00.846+0200: 4,097: Total time for which application threads were stopped: 0,0000976 seconds, Stopping threads took: 0,0000201 seconds
2017-05-23T12:01:00.851+0200: 4,101: Total time for which application threads were stopped: 0,0001455 seconds, Stopping threads took: 0,0000450 seconds
2017-05-23T12:01:00.859+0200: 4,110: Total time for which application threads were stopped: 0,0001416 seconds, Stopping threads took: 0,0000217 seconds
2017-05-23T12:01:00.862+0200: 4,112: Total time for which application threads were stopped: 0,0019262 seconds, Stopping threads took: 0,0018594 seconds
2017-05-23T12:01:00.862+0200: 4,113: Total time for which application threads were stopped: 0,0000886 seconds, Stopping threads took: 0,0000321 seconds
2017-05-23T12:01:00.862+0200: 4,113: Total time for which application threads were stopped: 0,0000884 seconds, Stopping threads took: 0,0000216 seconds
2017-05-23T12:01:00.864+0200: 4,115: Total time for which application threads were stopped: 0,0005840 seconds, Stopping threads took: 0,0003756 seconds
2017-05-23T12:01:00.865+0200: 4,116: Total time for which application threads were stopped: 0,0002881 seconds, Stopping threads took: 0,0002157 seconds
2017-05-23T12:01:00.882+0200: 4,133: Total time for which application threads were stopped: 0,0001564 seconds, Stopping threads took: 0,0000518 seconds
2017-05-23T12:01:00.905+0200: 4,155: Total time for which application threads were stopped: 0,0001280 seconds, Stopping threads took: 0,0000455 seconds
2017-05-23T12:01:00.905+0200: 4,156: Total time for which application threads were stopped: 0,0004082 seconds, Stopping threads took: 0,0000096 seconds
2017-05-23T12:01:00.906+0200: 4,156: Total time for which application threads were stopped: 0,0000776 seconds, Stopping threads took: 0,0000134 seconds
2017-05-23T12:01:01.906+0200: 5,156: Total time for which application threads were stopped: 0,0000766 seconds, Stopping threads took: 0,0000164 seconds
2017-05-23T12:01:08.906+0200: 12,157: Total time for which application threads were stopped: 0,0000830 seconds, Stopping threads took: 0,0000185 seconds
2017-05-23T12:01:18.908+0200: 22,158: Total time for which application threads were stopped: 0,0000633 seconds, Stopping threads took: 0,0000165 seconds
2017-05-23T12:01:28.910+0200: 32,161: Total time for which application threads were stopped: 0,0000656 seconds, Stopping threads took: 0,0000164 seconds
2017-05-23T12:02:02.917+0200: 66,167: Total time for which application threads were stopped: 0,0001353 seconds, Stopping threads took: 0,0000358 seconds
2017-05-23T12:02:18.919+0200: 82,170: Total time for which application threads were stopped: 0,0000610 seconds, Stopping threads took: 0,0000154 seconds
2017-05-23T12:02:22.920+0200: 86,170: Total time for which application threads were stopped: 0,0000644 seconds, Stopping threads took: 0,0000163 seconds
2017-05-23T12:02:58.925+0200: 122,176: Total time for which application threads were stopped: 0,0000936 seconds, Stopping threads took: 0,0000368 seconds
2017-05-23T12:03:02.926+0200: 126,176: Total time for which application threads were stopped: 0,0000854 seconds, Stopping threads took: 0,0000343 seconds
2017-05-23T12:03:33.931+0200: 157,181: Total time for which application threads were stopped: 0,0001129 seconds, Stopping threads took: 0,0000362 seconds
{Heap before GC invocations=10 (full 1):
 par new generation   total 109248K, used 93457K [0x00000000e0000000, 0x00000000e8000000, 0x00000000e8000000)
  eden space 87424K, 100% used [0x00000000e0000000, 0x00000000e5560000, 0x00000000e5560000)
  from space 21824K,  27% used [0x00000000e5560000, 0x00000000e5b44758, 0x00000000e6ab0000)
  to   space 21824K,   0% used [0x00000000e6ab0000, 0x00000000e6ab0000, 0x00000000e8000000)
 concurrent mark-sweep generation total 393216K, used 6815K [0x00000000e8000000, 0x0000000100000000, 0x0000000100000000)
 Metaspace       used 28014K, capacity 28584K, committed 28796K, reserved 1075200K
  class space    used 3215K, capacity 3395K, committed 3452K, reserved 1048576K
2017-05-23T12:03:52.673+0200: 175,924: [GC (Allocation Failure) 2017-05-23T12:03:52.673+0200: 175,924: [ParNew
Desired survivor size 20112992 bytes, new threshold 8 (max 8)
- age   1:   10762384 bytes,   10762384 total
- age   2:     219904 bytes,   10982288 total
- age   3:     250848 bytes,   11233136 total
- age   4:    1742992 bytes,   12976128 total
- age   6:      85680 bytes,   13061808 total
- age   7:       3360 bytes,   13065168 total
- age   8:     105808 bytes,   13170976 total
: 93457K->13863K(109248K), 0,0205689 secs] 100272K->20871K(502464K), 0,0207011 secs] [Times: user=0,08 sys=0,00, real=0,03 secs] 
Heap after GC invocations=11 (full 1):
 par new generation   total 109248K, used 13863K [0x00000000e0000000, 0x00000000e8000000, 0x00000000e8000000)
  eden space 87424K,   0% used [0x00000000e0000000, 0x00000000e0000000, 0x00000000e5560000)
  from space 21824K,  63% used [0x00000000e6ab0000, 0x00000000e7839c10, 0x00000000e8000000)
  to   space 21824K,   0% used [0x00000000e5560000, 0x00000000e5560000, 0x00000000e6ab0000)
 concurrent mark-sweep generation total 393216K, used 7008K [0x00000000e8000000, 0x0000000100000000, 0x0000000100000000)
 Metaspace       used 28014K, capacity 28584K, committed 28796K, reserved 1075200K
  class space    used 3215K, capacity 3395K, committed 3452K, reserved 1048576K
}
2017-05-23T12:03:52.694+0200: 175,944: Total time for which application threads were stopped: 0,0209913 seconds, Stopping threads took: 0,0001012 seconds
2017-05-23T12:03:57.695+0200: 180,945: Total time for which application threads were stopped: 0,0001211 seconds, Stopping threads took: 0,0000368 seconds
2017-05-23T12:05:27.707+0200: 270,958: Total time for which application threads were stopped: 0,0002005 seconds, Stopping threads took: 0,0000679 seconds
2017-05-23T12:05:33.708+0200: 276,959: Total time for which application threads were stopped: 0,0000796 seconds, Stopping threads took: 0,0000311 seconds
2017-05-23T13:17:50.618+0200: 662,895: Total time for which application threads were stopped: 0,0000900 seconds, Stopping threads took: 0,0000355 seconds
2017-05-23T13:17:55.619+0200: 667,896: Total time for which application threads were stopped: 0,0000655 seconds, Stopping threads took: 0,0000149 seconds
2017-05-23T13:30:33.716+0200: 1425,993: Total time for which application threads were stopped: 0,0000927 seconds, Stopping threads took: 0,0000406 seconds
2017-05-23T13:34:28.744+0200: 1661,021: Total time for which application threads were stopped: 0,0001053 seconds, Stopping threads took: 0,0000368 seconds
2017-05-23T13:34:33.744+0200: 1666,021: Total time for which application threads were stopped: 0,0000621 seconds, Stopping threads took: 0,0000146 seconds
2017-05-23T13:43:49.809+0200: 2222,086: Total time for which application threads were stopped: 0,0000883 seconds, Stopping threads took: 0,0000368 seconds
2017-05-23T13:46:23.829+0200: 2376,106: Total time for which application threads were stopped: 0,0003686 seconds, Stopping threads took: 0,0001485 seconds
2017-05-23T13:46:25.829+0200: 2378,106: Total time for which application threads were stopped: 0,0000941 seconds, Stopping threads took: 0,0000208 seconds
2017-05-23T14:04:29.060+0200: 3461,337: Total time for which application threads were stopped: 0,0259560 seconds, Stopping threads took: 0,0258408 seconds
2017-05-23T14:04:29.092+0200: 3461,369: Total time for which application threads were stopped: 0,0087007 seconds, Stopping threads took: 0,0085868 seconds
2017-05-23T14:04:29.153+0200: 3461,430: Total time for which application threads were stopped: 0,0001205 seconds, Stopping threads took: 0,0000328 seconds
2017-05-23T14:04:29.154+0200: 3461,431: Total time for which application threads were stopped: 0,0001602 seconds, Stopping threads took: 0,0000409 seconds
2017-05-23T14:04:29.177+0200: 3461,454: Total time for which application threads were stopped: 0,0001244 seconds, Stopping threads took: 0,0000381 seconds
2017-05-23T14:04:29.178+0200: 3461,455: Total time for which application threads were stopped: 0,0001280 seconds, Stopping threads took: 0,0000300 seconds
Heap
 par new generation   total 109248K, used 31315K [0x00000000e0000000, 0x00000000e8000000, 0x00000000e8000000)
  eden space 87424K,  19% used [0x00000000e0000000, 0x00000000e110b170, 0x00000000e5560000)
  from space 21824K,  63% used [0x00000000e6ab0000, 0x00000000e7839c10, 0x00000000e8000000)
  to   space 21824K,   0% used [0x00000000e5560000, 0x00000000e5560000, 0x00000000e6ab0000)
 concurrent mark-sweep generation total 393216K, used 7008K [0x00000000e8000000, 0x0000000100000000, 0x0000000100000000)
 Metaspace       used 28127K, capacity 28692K, committed 28796K, reserved 1075200K
  class space    used 3229K, capacity 3429K, committed 3452K, reserved 1048576K
