OpenJDK 64-Bit Server VM (25.131-b11) for linux-amd64 JRE (1.8.0_131-8u131-b11-2ubuntu1.16.04.2-b11), built on Jul 22 2017 00:56:41 by "buildd" with gcc 5.4.0 20160609
Memory: 4k page, physical 7867736k(7346904k free), swap 8076284k(8076284k free)
CommandLine flags: -XX:CMSInitiatingOccupancyFraction=50 -XX:CMSMaxAbortablePrecleanTime=6000 -XX:+CMSParallelRemarkEnabled -XX:+CMSScavengeBeforeRemark -XX:ConcGCThreads=4 -XX:InitialHeapSize=536870912 -XX:MaxHeapSize=536870912 -XX:MaxTenuringThreshold=8 -XX:NewRatio=3 -XX:OldPLABSize=16 -XX:OnOutOfMemoryError=/opt/solr/bin/oom_solr.sh 8983 /var/solr/logs -XX:ParallelGCThreads=4 -XX:+ParallelRefProcEnabled -XX:PretenureSizeThreshold=67108864 -XX:+PrintGC -XX:+PrintGCApplicationStoppedTime -XX:+PrintGCDateStamps -XX:+PrintGCDetails -XX:+PrintGCTimeStamps -XX:+PrintHeapAtGC -XX:+PrintTenuringDistribution -XX:SurvivorRatio=4 -XX:TargetSurvivorRatio=90 -XX:ThreadStackSize=256 -XX:+UseCMSInitiatingOccupancyOnly -XX:+UseCompressedClassPointers -XX:+UseCompressedOops -XX:+UseConcMarkSweepGC -XX:+UseParNewGC 
2017-07-28T08:16:22.632+0200: 0,244: Total time for which application threads were stopped: 0,0001097 seconds, Stopping threads took: 0,0000207 seconds
2017-07-28T08:16:22.740+0200: 0,352: Total time for which application threads were stopped: 0,0001222 seconds, Stopping threads took: 0,0000191 seconds
2017-07-28T08:16:22.794+0200: 0,406: Total time for which application threads were stopped: 0,0001225 seconds, Stopping threads took: 0,0000148 seconds
2017-07-28T08:16:23.795+0200: 1,406: Total time for which application threads were stopped: 0,0001196 seconds, Stopping threads took: 0,0000386 seconds
2017-07-28T08:16:23.819+0200: 1,431: Total time for which application threads were stopped: 0,0001084 seconds, Stopping threads took: 0,0000106 seconds
2017-07-28T08:16:23.913+0200: 1,525: Total time for which application threads were stopped: 0,0001520 seconds, Stopping threads took: 0,0000173 seconds
2017-07-28T08:16:23.961+0200: 1,573: Total time for which application threads were stopped: 0,0002395 seconds, Stopping threads took: 0,0000353 seconds
2017-07-28T08:16:24.345+0200: 1,957: Total time for which application threads were stopped: 0,0002057 seconds, Stopping threads took: 0,0000259 seconds
2017-07-28T08:16:24.586+0200: 2,198: Total time for which application threads were stopped: 0,0002466 seconds, Stopping threads took: 0,0000316 seconds
2017-07-28T08:16:24.608+0200: 2,220: Total time for which application threads were stopped: 0,0002028 seconds, Stopping threads took: 0,0000219 seconds
2017-07-28T08:16:24.636+0200: 2,248: Total time for which application threads were stopped: 0,0002182 seconds, Stopping threads took: 0,0000208 seconds
2017-07-28T08:16:24.637+0200: 2,248: Total time for which application threads were stopped: 0,0001908 seconds, Stopping threads took: 0,0000124 seconds
2017-07-28T08:16:24.651+0200: 2,262: Total time for which application threads were stopped: 0,0002048 seconds, Stopping threads took: 0,0000229 seconds
2017-07-28T08:16:24.735+0200: 2,346: Total time for which application threads were stopped: 0,0003842 seconds, Stopping threads took: 0,0000342 seconds
2017-07-28T08:16:24.941+0200: 2,552: Total time for which application threads were stopped: 0,0004302 seconds, Stopping threads took: 0,0002013 seconds
{Heap before GC invocations=0 (full 0):
 par new generation   total 109248K, used 87424K [0x00000000e0000000, 0x00000000e8000000, 0x00000000e8000000)
  eden space 87424K, 100% used [0x00000000e0000000, 0x00000000e5560000, 0x00000000e5560000)
  from space 21824K,   0% used [0x00000000e5560000, 0x00000000e5560000, 0x00000000e6ab0000)
  to   space 21824K,   0% used [0x00000000e6ab0000, 0x00000000e6ab0000, 0x00000000e8000000)
 concurrent mark-sweep generation total 393216K, used 0K [0x00000000e8000000, 0x0000000100000000, 0x0000000100000000)
 Metaspace       used 17898K, capacity 18240K, committed 18304K, reserved 1064960K
  class space    used 2024K, capacity 2164K, committed 2176K, reserved 1048576K
2017-07-28T08:16:25.015+0200: 2,626: [GC (Allocation Failure) 2017-07-28T08:16:25.015+0200: 2,626: [ParNew
Desired survivor size 20112992 bytes, new threshold 8 (max 8)
- age   1:   11790240 bytes,   11790240 total
: 87424K->11618K(109248K), 0,0191835 secs] 87424K->11618K(502464K), 0,0192569 secs] [Times: user=0,03 sys=0,02, real=0,02 secs] 
Heap after GC invocations=1 (full 0):
 par new generation   total 109248K, used 11618K [0x00000000e0000000, 0x00000000e8000000, 0x00000000e8000000)
  eden space 87424K,   0% used [0x00000000e0000000, 0x00000000e0000000, 0x00000000e5560000)
  from space 21824K,  53% used [0x00000000e6ab0000, 0x00000000e76089f8, 0x00000000e8000000)
  to   space 21824K,   0% used [0x00000000e5560000, 0x00000000e5560000, 0x00000000e6ab0000)
 concurrent mark-sweep generation total 393216K, used 0K [0x00000000e8000000, 0x0000000100000000, 0x0000000100000000)
 Metaspace       used 17898K, capacity 18240K, committed 18304K, reserved 1064960K
  class space    used 2024K, capacity 2164K, committed 2176K, reserved 1048576K
}
2017-07-28T08:16:25.034+0200: 2,646: Total time for which application threads were stopped: 0,0195177 seconds, Stopping threads took: 0,0000963 seconds
2017-07-28T08:16:25.485+0200: 3,097: Total time for which application threads were stopped: 0,0032886 seconds, Stopping threads took: 0,0028650 seconds
{Heap before GC invocations=1 (full 0):
 par new generation   total 109248K, used 99042K [0x00000000e0000000, 0x00000000e8000000, 0x00000000e8000000)
  eden space 87424K, 100% used [0x00000000e0000000, 0x00000000e5560000, 0x00000000e5560000)
  from space 21824K,  53% used [0x00000000e6ab0000, 0x00000000e76089f8, 0x00000000e8000000)
  to   space 21824K,   0% used [0x00000000e5560000, 0x00000000e5560000, 0x00000000e6ab0000)
 concurrent mark-sweep generation total 393216K, used 0K [0x00000000e8000000, 0x0000000100000000, 0x0000000100000000)
 Metaspace       used 20069K, capacity 20420K, committed 20736K, reserved 1067008K
  class space    used 2293K, capacity 2466K, committed 2560K, reserved 1048576K
2017-07-28T08:16:25.530+0200: 3,141: [GC (Allocation Failure) 2017-07-28T08:16:25.530+0200: 3,141: [ParNew
Desired survivor size 20112992 bytes, new threshold 8 (max 8)
- age   1:    4061144 bytes,    4061144 total
- age   2:    6361760 bytes,   10422904 total
: 99042K->13158K(109248K), 0,0146248 secs] 99042K->13158K(502464K), 0,0146987 secs] [Times: user=0,04 sys=0,00, real=0,01 secs] 
Heap after GC invocations=2 (full 0):
 par new generation   total 109248K, used 13158K [0x00000000e0000000, 0x00000000e8000000, 0x00000000e8000000)
  eden space 87424K,   0% used [0x00000000e0000000, 0x00000000e0000000, 0x00000000e5560000)
  from space 21824K,  60% used [0x00000000e5560000, 0x00000000e6239a88, 0x00000000e6ab0000)
  to   space 21824K,   0% used [0x00000000e6ab0000, 0x00000000e6ab0000, 0x00000000e8000000)
 concurrent mark-sweep generation total 393216K, used 0K [0x00000000e8000000, 0x0000000100000000, 0x0000000100000000)
 Metaspace       used 20069K, capacity 20420K, committed 20736K, reserved 1067008K
  class space    used 2293K, capacity 2466K, committed 2560K, reserved 1048576K
}
2017-07-28T08:16:25.544+0200: 3,156: Total time for which application threads were stopped: 0,0158257 seconds, Stopping threads took: 0,0009073 seconds
2017-07-28T08:16:25.556+0200: 3,168: Total time for which application threads were stopped: 0,0037047 seconds, Stopping threads took: 0,0033221 seconds
2017-07-28T08:16:25.610+0200: 3,222: Total time for which application threads were stopped: 0,0013881 seconds, Stopping threads took: 0,0010470 seconds
2017-07-28T08:16:25.758+0200: 3,370: Total time for which application threads were stopped: 0,0001914 seconds, Stopping threads took: 0,0000388 seconds
{Heap before GC invocations=2 (full 0):
 par new generation   total 109248K, used 100582K [0x00000000e0000000, 0x00000000e8000000, 0x00000000e8000000)
  eden space 87424K, 100% used [0x00000000e0000000, 0x00000000e5560000, 0x00000000e5560000)
  from space 21824K,  60% used [0x00000000e5560000, 0x00000000e6239a88, 0x00000000e6ab0000)
  to   space 21824K,   0% used [0x00000000e6ab0000, 0x00000000e6ab0000, 0x00000000e8000000)
 concurrent mark-sweep generation total 393216K, used 0K [0x00000000e8000000, 0x0000000100000000, 0x0000000100000000)
 Metaspace       used 20997K, capacity 21342K, committed 21628K, reserved 1069056K
  class space    used 2415K, capacity 2585K, committed 2684K, reserved 1048576K
2017-07-28T08:16:25.810+0200: 3,421: [GC (Allocation Failure) 2017-07-28T08:16:25.810+0200: 3,421: [ParNew
Desired survivor size 20112992 bytes, new threshold 8 (max 8)
- age   1:    2257096 bytes,    2257096 total
- age   2:    1131520 bytes,    3388616 total
- age   3:    6359920 bytes,    9748536 total
: 100582K->11393K(109248K), 0,0202696 secs] 100582K->11393K(502464K), 0,0203473 secs] [Times: user=0,04 sys=0,00, real=0,02 secs] 
Heap after GC invocations=3 (full 0):
 par new generation   total 109248K, used 11393K [0x00000000e0000000, 0x00000000e8000000, 0x00000000e8000000)
  eden space 87424K,   0% used [0x00000000e0000000, 0x00000000e0000000, 0x00000000e5560000)
  from space 21824K,  52% used [0x00000000e6ab0000, 0x00000000e75d0640, 0x00000000e8000000)
  to   space 21824K,   0% used [0x00000000e5560000, 0x00000000e5560000, 0x00000000e6ab0000)
 concurrent mark-sweep generation total 393216K, used 0K [0x00000000e8000000, 0x0000000100000000, 0x0000000100000000)
 Metaspace       used 20997K, capacity 21342K, committed 21628K, reserved 1069056K
  class space    used 2415K, capacity 2585K, committed 2684K, reserved 1048576K
}
2017-07-28T08:16:25.830+0200: 3,442: Total time for which application threads were stopped: 0,0245132 seconds, Stopping threads took: 0,0040060 seconds
2017-07-28T08:16:25.834+0200: 3,445: [GC (CMS Initial Mark) [1 CMS-initial-mark: 0K(393216K)] 16421K(502464K), 0,0066787 secs] [Times: user=0,02 sys=0,00, real=0,01 secs] 
2017-07-28T08:16:25.840+0200: 3,452: Total time for which application threads were stopped: 0,0076943 seconds, Stopping threads took: 0,0009071 seconds
2017-07-28T08:16:25.845+0200: 3,456: [CMS-concurrent-mark-start]
2017-07-28T08:16:25.850+0200: 3,461: [CMS-concurrent-mark: 0,005/0,005 secs] [Times: user=0,02 sys=0,00, real=0,01 secs] 
2017-07-28T08:16:25.850+0200: 3,462: [CMS-concurrent-preclean-start]
2017-07-28T08:16:25.851+0200: 3,463: [CMS-concurrent-preclean: 0,001/0,001 secs] [Times: user=0,00 sys=0,00, real=0,00 secs] 
2017-07-28T08:16:25.851+0200: 3,463: [CMS-concurrent-abortable-preclean-start]
2017-07-28T08:16:25.890+0200: 3,502: Total time for which application threads were stopped: 0,0001278 seconds, Stopping threads took: 0,0000305 seconds
{Heap before GC invocations=3 (full 1):
 par new generation   total 109248K, used 98817K [0x00000000e0000000, 0x00000000e8000000, 0x00000000e8000000)
  eden space 87424K, 100% used [0x00000000e0000000, 0x00000000e5560000, 0x00000000e5560000)
  from space 21824K,  52% used [0x00000000e6ab0000, 0x00000000e75d0640, 0x00000000e8000000)
  to   space 21824K,   0% used [0x00000000e5560000, 0x00000000e5560000, 0x00000000e6ab0000)
 concurrent mark-sweep generation total 393216K, used 0K [0x00000000e8000000, 0x0000000100000000, 0x0000000100000000)
 Metaspace       used 21271K, capacity 21612K, committed 21884K, reserved 1069056K
  class space    used 2445K, capacity 2599K, committed 2684K, reserved 1048576K
2017-07-28T08:16:25.978+0200: 3,589: [GC (Allocation Failure) 2017-07-28T08:16:25.978+0200: 3,589: [ParNew
Desired survivor size 20112992 bytes, new threshold 8 (max 8)
- age   1:    1163984 bytes,    1163984 total
- age   2:    1472136 bytes,    2636120 total
- age   3:    1096632 bytes,    3732752 total
- age   4:    6359880 bytes,   10092632 total
: 98817K->14987K(109248K), 0,0156838 secs] 98817K->14987K(502464K), 0,0157546 secs] [Times: user=0,04 sys=0,00, real=0,01 secs] 
Heap after GC invocations=4 (full 1):
 par new generation   total 109248K, used 14987K [0x00000000e0000000, 0x00000000e8000000, 0x00000000e8000000)
  eden space 87424K,   0% used [0x00000000e0000000, 0x00000000e0000000, 0x00000000e5560000)
  from space 21824K,  68% used [0x00000000e5560000, 0x00000000e6402d88, 0x00000000e6ab0000)
  to   space 21824K,   0% used [0x00000000e6ab0000, 0x00000000e6ab0000, 0x00000000e8000000)
 concurrent mark-sweep generation total 393216K, used 0K [0x00000000e8000000, 0x0000000100000000, 0x0000000100000000)
 Metaspace       used 21271K, capacity 21612K, committed 21884K, reserved 1069056K
  class space    used 2445K, capacity 2599K, committed 2684K, reserved 1048576K
}
2017-07-28T08:16:25.994+0200: 3,605: Total time for which application threads were stopped: 0,0190769 seconds, Stopping threads took: 0,0031213 seconds
{Heap before GC invocations=4 (full 1):
 par new generation   total 109248K, used 102411K [0x00000000e0000000, 0x00000000e8000000, 0x00000000e8000000)
  eden space 87424K, 100% used [0x00000000e0000000, 0x00000000e5560000, 0x00000000e5560000)
  from space 21824K,  68% used [0x00000000e5560000, 0x00000000e6402d88, 0x00000000e6ab0000)
  to   space 21824K,   0% used [0x00000000e6ab0000, 0x00000000e6ab0000, 0x00000000e8000000)
 concurrent mark-sweep generation total 393216K, used 0K [0x00000000e8000000, 0x0000000100000000, 0x0000000100000000)
 Metaspace       used 21469K, capacity 21772K, committed 21884K, reserved 1069056K
  class space    used 2468K, capacity 2631K, committed 2684K, reserved 1048576K
2017-07-28T08:16:26.134+0200: 3,746: [GC (Allocation Failure) 2017-07-28T08:16:26.134+0200: 3,746: [ParNew
Desired survivor size 20112992 bytes, new threshold 8 (max 8)
- age   1:     517104 bytes,     517104 total
- age   2:     181864 bytes,     698968 total
- age   3:    1471576 bytes,    2170544 total
- age   4:    1094584 bytes,    3265128 total
- age   5:    6359840 bytes,    9624968 total
: 102411K->11512K(109248K), 0,0220539 secs] 102411K->11512K(502464K), 0,0221501 secs] [Times: user=0,03 sys=0,00, real=0,02 secs] 
Heap after GC invocations=5 (full 1):
 par new generation   total 109248K, used 11512K [0x00000000e0000000, 0x00000000e8000000, 0x00000000e8000000)
  eden space 87424K,   0% used [0x00000000e0000000, 0x00000000e0000000, 0x00000000e5560000)
  from space 21824K,  52% used [0x00000000e6ab0000, 0x00000000e75ee2a0, 0x00000000e8000000)
  to   space 21824K,   0% used [0x00000000e5560000, 0x00000000e5560000, 0x00000000e6ab0000)
 concurrent mark-sweep generation total 393216K, used 0K [0x00000000e8000000, 0x0000000100000000, 0x0000000100000000)
 Metaspace       used 21469K, capacity 21772K, committed 21884K, reserved 1069056K
  class space    used 2468K, capacity 2631K, committed 2684K, reserved 1048576K
}
2017-07-28T08:16:26.156+0200: 3,768: Total time for which application threads were stopped: 0,0223785 seconds, Stopping threads took: 0,0000442 seconds
2017-07-28T08:16:26.160+0200: 3,771: Total time for which application threads were stopped: 0,0001347 seconds, Stopping threads took: 0,0000528 seconds
2017-07-28T08:16:26.160+0200: 3,771: [CMS-concurrent-abortable-preclean: 0,165/0,308 secs] [Times: user=0,87 sys=0,01, real=0,31 secs] 
2017-07-28T08:16:26.160+0200: 3,771: [GC (CMS Final Remark) [YG occupancy: 14784 K (109248 K)]{Heap before GC invocations=5 (full 1):
 par new generation   total 109248K, used 14784K [0x00000000e0000000, 0x00000000e8000000, 0x00000000e8000000)
  eden space 87424K,   3% used [0x00000000e0000000, 0x00000000e0331e58, 0x00000000e5560000)
  from space 21824K,  52% used [0x00000000e6ab0000, 0x00000000e75ee2a0, 0x00000000e8000000)
  to   space 21824K,   0% used [0x00000000e5560000, 0x00000000e5560000, 0x00000000e6ab0000)
 concurrent mark-sweep generation total 393216K, used 0K [0x00000000e8000000, 0x0000000100000000, 0x0000000100000000)
 Metaspace       used 21492K, capacity 21912K, committed 22216K, reserved 1069056K
  class space    used 2471K, capacity 2633K, committed 2684K, reserved 1048576K
2017-07-28T08:16:26.160+0200: 3,771: [GC (CMS Final Remark) 2017-07-28T08:16:26.160+0200: 3,771: [ParNew
Desired survivor size 20112992 bytes, new threshold 8 (max 8)
- age   1:     973384 bytes,     973384 total
- age   2:     209536 bytes,    1182920 total
- age   3:     181864 bytes,    1364784 total
- age   4:    1471472 bytes,    2836256 total
- age   5:    1094584 bytes,    3930840 total
- age   6:    6359856 bytes,   10290696 total
: 14784K->14351K(109248K), 0,0136120 secs] 14784K->14351K(502464K), 0,0136689 secs] [Times: user=0,03 sys=0,00, real=0,01 secs] 
Heap after GC invocations=6 (full 1):
 par new generation   total 109248K, used 14351K [0x00000000e0000000, 0x00000000e8000000, 0x00000000e8000000)
  eden space 87424K,   0% used [0x00000000e0000000, 0x00000000e0000000, 0x00000000e5560000)
  from space 21824K,  65% used [0x00000000e5560000, 0x00000000e6363de8, 0x00000000e6ab0000)
  to   space 21824K,   0% used [0x00000000e6ab0000, 0x00000000e6ab0000, 0x00000000e8000000)
 concurrent mark-sweep generation total 393216K, used 0K [0x00000000e8000000, 0x0000000100000000, 0x0000000100000000)
 Metaspace       used 21492K, capacity 21912K, committed 22216K, reserved 1069056K
  class space    used 2471K, capacity 2633K, committed 2684K, reserved 1048576K
}
2017-07-28T08:16:26.174+0200: 3,785: [Rescan (parallel) , 0,0067981 secs]2017-07-28T08:16:26.181+0200: 3,792: [weak refs processing, 0,0053958 secs]2017-07-28T08:16:26.186+0200: 3,797: [class unloading, 0,0043820 secs]2017-07-28T08:16:26.190+0200: 3,802: [scrub symbol table, 0,0035168 secs]2017-07-28T08:16:26.194+0200: 3,805: [scrub string table, 0,0003849 secs][1 CMS-remark: 0K(393216K)] 14351K(502464K), 0,0349236 secs] [Times: user=0,07 sys=0,00, real=0,03 secs] 
2017-07-28T08:16:26.195+0200: 3,806: Total time for which application threads were stopped: 0,0350735 seconds, Stopping threads took: 0,0000659 seconds
2017-07-28T08:16:26.195+0200: 3,806: [CMS-concurrent-sweep-start]
2017-07-28T08:16:26.195+0200: 3,806: [CMS-concurrent-sweep: 0,000/0,000 secs] [Times: user=0,00 sys=0,00, real=0,00 secs] 
2017-07-28T08:16:26.195+0200: 3,807: [CMS-concurrent-reset-start]
2017-07-28T08:16:26.197+0200: 3,808: [CMS-concurrent-reset: 0,002/0,002 secs] [Times: user=0,00 sys=0,00, real=0,00 secs] 
2017-07-28T08:16:26.224+0200: 3,835: Total time for which application threads were stopped: 0,0004780 seconds, Stopping threads took: 0,0000606 seconds
2017-07-28T08:16:26.474+0200: 4,086: Total time for which application threads were stopped: 0,0057341 seconds, Stopping threads took: 0,0052409 seconds
2017-07-28T08:16:26.525+0200: 4,136: Total time for which application threads were stopped: 0,0002127 seconds, Stopping threads took: 0,0001004 seconds
2017-07-28T08:16:26.528+0200: 4,139: Total time for which application threads were stopped: 0,0001313 seconds, Stopping threads took: 0,0000590 seconds
2017-07-28T08:16:26.564+0200: 4,175: Total time for which application threads were stopped: 0,0001204 seconds, Stopping threads took: 0,0000461 seconds
2017-07-28T08:16:26.564+0200: 4,176: Total time for which application threads were stopped: 0,0000963 seconds, Stopping threads took: 0,0000195 seconds
2017-07-28T08:16:26.565+0200: 4,176: Total time for which application threads were stopped: 0,0001233 seconds, Stopping threads took: 0,0000245 seconds
2017-07-28T08:16:26.565+0200: 4,177: Total time for which application threads were stopped: 0,0000848 seconds, Stopping threads took: 0,0000217 seconds
2017-07-28T08:16:26.565+0200: 4,177: Total time for which application threads were stopped: 0,0000839 seconds, Stopping threads took: 0,0000334 seconds
2017-07-28T08:16:26.566+0200: 4,177: Total time for which application threads were stopped: 0,0000695 seconds, Stopping threads took: 0,0000245 seconds
2017-07-28T08:16:26.566+0200: 4,177: Total time for which application threads were stopped: 0,0000792 seconds, Stopping threads took: 0,0000266 seconds
2017-07-28T08:16:26.566+0200: 4,177: Total time for which application threads were stopped: 0,0001092 seconds, Stopping threads took: 0,0000327 seconds
2017-07-28T08:16:26.566+0200: 4,177: Total time for which application threads were stopped: 0,0000717 seconds, Stopping threads took: 0,0000187 seconds
2017-07-28T08:16:26.566+0200: 4,178: Total time for which application threads were stopped: 0,0001047 seconds, Stopping threads took: 0,0000221 seconds
2017-07-28T08:16:26.566+0200: 4,178: Total time for which application threads were stopped: 0,0000622 seconds, Stopping threads took: 0,0000098 seconds
2017-07-28T08:16:26.566+0200: 4,178: Total time for which application threads were stopped: 0,0000747 seconds, Stopping threads took: 0,0000217 seconds
2017-07-28T08:16:26.567+0200: 4,178: Total time for which application threads were stopped: 0,0000805 seconds, Stopping threads took: 0,0000152 seconds
2017-07-28T08:16:26.567+0200: 4,178: Total time for which application threads were stopped: 0,0000735 seconds, Stopping threads took: 0,0000207 seconds
2017-07-28T08:16:26.567+0200: 4,178: Total time for which application threads were stopped: 0,0000890 seconds, Stopping threads took: 0,0000283 seconds
2017-07-28T08:16:26.567+0200: 4,179: Total time for which application threads were stopped: 0,0001063 seconds, Stopping threads took: 0,0000360 seconds
2017-07-28T08:16:26.567+0200: 4,179: Total time for which application threads were stopped: 0,0000754 seconds, Stopping threads took: 0,0000192 seconds
2017-07-28T08:16:26.568+0200: 4,179: Total time for which application threads were stopped: 0,0000797 seconds, Stopping threads took: 0,0000136 seconds
2017-07-28T08:16:26.568+0200: 4,179: Total time for which application threads were stopped: 0,0000760 seconds, Stopping threads took: 0,0000186 seconds
2017-07-28T08:16:26.568+0200: 4,179: Total time for which application threads were stopped: 0,0001736 seconds, Stopping threads took: 0,0000210 seconds
2017-07-28T08:16:26.568+0200: 4,180: Total time for which application threads were stopped: 0,0000971 seconds, Stopping threads took: 0,0000275 seconds
2017-07-28T08:16:26.568+0200: 4,180: Total time for which application threads were stopped: 0,0000734 seconds, Stopping threads took: 0,0000188 seconds
2017-07-28T08:16:26.569+0200: 4,180: Total time for which application threads were stopped: 0,0000834 seconds, Stopping threads took: 0,0000278 seconds
2017-07-28T08:16:26.569+0200: 4,180: Total time for which application threads were stopped: 0,0001154 seconds, Stopping threads took: 0,0000459 seconds
2017-07-28T08:16:26.569+0200: 4,180: Total time for which application threads were stopped: 0,0000807 seconds, Stopping threads took: 0,0000220 seconds
2017-07-28T08:16:26.569+0200: 4,181: Total time for which application threads were stopped: 0,0000862 seconds, Stopping threads took: 0,0000273 seconds
2017-07-28T08:16:26.569+0200: 4,181: Total time for which application threads were stopped: 0,0000712 seconds, Stopping threads took: 0,0000183 seconds
2017-07-28T08:16:26.569+0200: 4,181: Total time for which application threads were stopped: 0,0000698 seconds, Stopping threads took: 0,0000214 seconds
2017-07-28T08:16:26.570+0200: 4,182: Total time for which application threads were stopped: 0,0005522 seconds, Stopping threads took: 0,0004909 seconds
2017-07-28T08:16:26.571+0200: 4,182: Total time for which application threads were stopped: 0,0003354 seconds, Stopping threads took: 0,0002858 seconds
2017-07-28T08:16:26.571+0200: 4,182: Total time for which application threads were stopped: 0,0002131 seconds, Stopping threads took: 0,0001674 seconds
2017-07-28T08:16:26.571+0200: 4,182: Total time for which application threads were stopped: 0,0000823 seconds, Stopping threads took: 0,0000207 seconds
2017-07-28T08:16:26.571+0200: 4,183: Total time for which application threads were stopped: 0,0000775 seconds, Stopping threads took: 0,0000237 seconds
2017-07-28T08:16:26.572+0200: 4,183: Total time for which application threads were stopped: 0,0001008 seconds, Stopping threads took: 0,0000288 seconds
2017-07-28T08:16:26.572+0200: 4,183: Total time for which application threads were stopped: 0,0000759 seconds, Stopping threads took: 0,0000191 seconds
2017-07-28T08:16:26.572+0200: 4,183: Total time for which application threads were stopped: 0,0000794 seconds, Stopping threads took: 0,0000261 seconds
2017-07-28T08:16:26.584+0200: 4,195: Total time for which application threads were stopped: 0,0004800 seconds, Stopping threads took: 0,0000477 seconds
2017-07-28T08:16:26.585+0200: 4,197: Total time for which application threads were stopped: 0,0001279 seconds, Stopping threads took: 0,0000498 seconds
2017-07-28T08:16:26.586+0200: 4,197: Total time for which application threads were stopped: 0,0000809 seconds, Stopping threads took: 0,0000247 seconds
2017-07-28T08:16:26.586+0200: 4,197: Total time for which application threads were stopped: 0,0000752 seconds, Stopping threads took: 0,0000223 seconds
2017-07-28T08:16:26.587+0200: 4,198: Total time for which application threads were stopped: 0,0009260 seconds, Stopping threads took: 0,0008393 seconds
2017-07-28T08:16:26.587+0200: 4,198: Total time for which application threads were stopped: 0,0000548 seconds, Stopping threads took: 0,0000127 seconds
2017-07-28T08:16:26.604+0200: 4,215: Total time for which application threads were stopped: 0,0001266 seconds, Stopping threads took: 0,0000460 seconds
2017-07-28T08:16:26.604+0200: 4,215: Total time for which application threads were stopped: 0,0001780 seconds, Stopping threads took: 0,0000216 seconds
2017-07-28T08:16:26.604+0200: 4,216: Total time for which application threads were stopped: 0,0001128 seconds, Stopping threads took: 0,0000351 seconds
2017-07-28T08:16:26.604+0200: 4,216: Total time for which application threads were stopped: 0,0000690 seconds, Stopping threads took: 0,0000210 seconds
2017-07-28T08:16:26.614+0200: 4,225: Total time for which application threads were stopped: 0,0037243 seconds, Stopping threads took: 0,0032955 seconds
2017-07-28T08:16:26.633+0200: 4,245: Total time for which application threads were stopped: 0,0001468 seconds, Stopping threads took: 0,0000560 seconds
2017-07-28T08:16:26.634+0200: 4,245: Total time for which application threads were stopped: 0,0001159 seconds, Stopping threads took: 0,0000516 seconds
2017-07-28T08:16:26.636+0200: 4,248: Total time for which application threads were stopped: 0,0009285 seconds, Stopping threads took: 0,0008594 seconds
2017-07-28T08:16:26.639+0200: 4,250: Total time for which application threads were stopped: 0,0001205 seconds, Stopping threads took: 0,0000373 seconds
2017-07-28T08:16:26.639+0200: 4,250: Total time for which application threads were stopped: 0,0000750 seconds, Stopping threads took: 0,0000193 seconds
2017-07-28T08:16:26.641+0200: 4,252: Total time for which application threads were stopped: 0,0001271 seconds, Stopping threads took: 0,0000609 seconds
2017-07-28T08:16:26.643+0200: 4,254: Total time for which application threads were stopped: 0,0001083 seconds, Stopping threads took: 0,0000453 seconds
2017-07-28T08:16:26.644+0200: 4,255: Total time for which application threads were stopped: 0,0000945 seconds, Stopping threads took: 0,0000306 seconds
2017-07-28T08:16:26.645+0200: 4,256: Total time for which application threads were stopped: 0,0002230 seconds, Stopping threads took: 0,0001592 seconds
2017-07-28T08:16:26.647+0200: 4,258: Total time for which application threads were stopped: 0,0010956 seconds, Stopping threads took: 0,0010228 seconds
2017-07-28T08:16:26.647+0200: 4,258: Total time for which application threads were stopped: 0,0000765 seconds, Stopping threads took: 0,0000199 seconds
2017-07-28T08:16:26.649+0200: 4,261: Total time for which application threads were stopped: 0,0021178 seconds, Stopping threads took: 0,0020522 seconds
2017-07-28T08:16:26.650+0200: 4,262: Total time for which application threads were stopped: 0,0004980 seconds, Stopping threads took: 0,0004426 seconds
2017-07-28T08:16:26.650+0200: 4,262: Total time for which application threads were stopped: 0,0000721 seconds, Stopping threads took: 0,0000175 seconds
2017-07-28T08:16:26.651+0200: 4,263: Total time for which application threads were stopped: 0,0005486 seconds, Stopping threads took: 0,0004958 seconds
2017-07-28T08:16:26.652+0200: 4,263: Total time for which application threads were stopped: 0,0002842 seconds, Stopping threads took: 0,0002094 seconds
2017-07-28T08:16:26.652+0200: 4,263: Total time for which application threads were stopped: 0,0000796 seconds, Stopping threads took: 0,0000205 seconds
2017-07-28T08:16:26.653+0200: 4,264: Total time for which application threads were stopped: 0,0001500 seconds, Stopping threads took: 0,0000770 seconds
2017-07-28T08:16:26.674+0200: 4,285: Total time for which application threads were stopped: 0,0001479 seconds, Stopping threads took: 0,0000548 seconds
2017-07-28T08:16:26.676+0200: 4,288: Total time for which application threads were stopped: 0,0001429 seconds, Stopping threads took: 0,0000793 seconds
2017-07-28T08:16:26.687+0200: 4,299: Total time for which application threads were stopped: 0,0016331 seconds, Stopping threads took: 0,0015436 seconds
2017-07-28T08:16:26.690+0200: 4,301: Total time for which application threads were stopped: 0,0011763 seconds, Stopping threads took: 0,0011132 seconds
2017-07-28T08:16:26.693+0200: 4,304: Total time for which application threads were stopped: 0,0001918 seconds, Stopping threads took: 0,0000431 seconds
2017-07-28T08:16:26.694+0200: 4,305: Total time for which application threads were stopped: 0,0001028 seconds, Stopping threads took: 0,0000381 seconds
2017-07-28T08:16:26.734+0200: 4,345: Total time for which application threads were stopped: 0,0038283 seconds, Stopping threads took: 0,0037099 seconds
2017-07-28T08:16:26.751+0200: 4,362: Total time for which application threads were stopped: 0,0001689 seconds, Stopping threads took: 0,0000873 seconds
2017-07-28T08:16:26.754+0200: 4,365: Total time for which application threads were stopped: 0,0001404 seconds, Stopping threads took: 0,0000485 seconds
2017-07-28T08:16:26.782+0200: 4,393: Total time for which application threads were stopped: 0,0001588 seconds, Stopping threads took: 0,0000500 seconds
2017-07-28T08:16:26.794+0200: 4,406: Total time for which application threads were stopped: 0,0007234 seconds, Stopping threads took: 0,0005867 seconds
2017-07-28T08:16:26.801+0200: 4,413: Total time for which application threads were stopped: 0,0001594 seconds, Stopping threads took: 0,0000417 seconds
2017-07-28T08:16:26.801+0200: 4,413: Total time for which application threads were stopped: 0,0001346 seconds, Stopping threads took: 0,0000392 seconds
2017-07-28T08:16:26.806+0200: 4,417: Total time for which application threads were stopped: 0,0001873 seconds, Stopping threads took: 0,0000767 seconds
2017-07-28T08:16:26.807+0200: 4,418: Total time for which application threads were stopped: 0,0001288 seconds, Stopping threads took: 0,0000358 seconds
2017-07-28T08:16:26.808+0200: 4,420: Total time for which application threads were stopped: 0,0017442 seconds, Stopping threads took: 0,0016344 seconds
2017-07-28T08:16:26.809+0200: 4,420: Total time for which application threads were stopped: 0,0001022 seconds, Stopping threads took: 0,0000375 seconds
2017-07-28T08:16:26.809+0200: 4,420: Total time for which application threads were stopped: 0,0000637 seconds, Stopping threads took: 0,0000117 seconds
2017-07-28T08:16:26.809+0200: 4,421: Total time for which application threads were stopped: 0,0000615 seconds, Stopping threads took: 0,0000100 seconds
2017-07-28T08:16:26.809+0200: 4,421: Total time for which application threads were stopped: 0,0000614 seconds, Stopping threads took: 0,0000125 seconds
2017-07-28T08:16:26.810+0200: 4,421: Total time for which application threads were stopped: 0,0001929 seconds, Stopping threads took: 0,0001116 seconds
2017-07-28T08:16:26.812+0200: 4,424: Total time for which application threads were stopped: 0,0006323 seconds, Stopping threads took: 0,0005587 seconds
{Heap before GC invocations=6 (full 1):
 par new generation   total 109248K, used 101775K [0x00000000e0000000, 0x00000000e8000000, 0x00000000e8000000)
  eden space 87424K, 100% used [0x00000000e0000000, 0x00000000e5560000, 0x00000000e5560000)
  from space 21824K,  65% used [0x00000000e5560000, 0x00000000e6363de8, 0x00000000e6ab0000)
  to   space 21824K,   0% used [0x00000000e6ab0000, 0x00000000e6ab0000, 0x00000000e8000000)
 concurrent mark-sweep generation total 393216K, used 0K [0x00000000e8000000, 0x0000000100000000, 0x0000000100000000)
 Metaspace       used 23861K, capacity 24284K, committed 24572K, reserved 1071104K
  class space    used 2803K, capacity 2975K, committed 3068K, reserved 1048576K
2017-07-28T08:16:26.831+0200: 4,442: [GC (Allocation Failure) 2017-07-28T08:16:26.831+0200: 4,442: [ParNew
Desired survivor size 20112992 bytes, new threshold 8 (max 8)
- age   1:    5182112 bytes,    5182112 total
- age   2:       8864 bytes,    5190976 total
- age   3:     136328 bytes,    5327304 total
- age   4:     180616 bytes,    5507920 total
- age   5:     302304 bytes,    5810224 total
- age   6:    1070160 bytes,    6880384 total
- age   7:    6352032 bytes,   13232416 total
: 101775K->16001K(109248K), 0,0192787 secs] 101775K->16001K(502464K), 0,0193579 secs] [Times: user=0,05 sys=0,00, real=0,02 secs] 
Heap after GC invocations=7 (full 1):
 par new generation   total 109248K, used 16001K [0x00000000e0000000, 0x00000000e8000000, 0x00000000e8000000)
  eden space 87424K,   0% used [0x00000000e0000000, 0x00000000e0000000, 0x00000000e5560000)
  from space 21824K,  73% used [0x00000000e6ab0000, 0x00000000e7a50640, 0x00000000e8000000)
  to   space 21824K,   0% used [0x00000000e5560000, 0x00000000e5560000, 0x00000000e6ab0000)
 concurrent mark-sweep generation total 393216K, used 0K [0x00000000e8000000, 0x0000000100000000, 0x0000000100000000)
 Metaspace       used 23861K, capacity 24284K, committed 24572K, reserved 1071104K
  class space    used 2803K, capacity 2975K, committed 3068K, reserved 1048576K
}
2017-07-28T08:16:26.850+0200: 4,461: Total time for which application threads were stopped: 0,0195912 seconds, Stopping threads took: 0,0000659 seconds
2017-07-28T08:16:26.853+0200: 4,464: Total time for which application threads were stopped: 0,0001202 seconds, Stopping threads took: 0,0000251 seconds
2017-07-28T08:16:26.853+0200: 4,465: Total time for which application threads were stopped: 0,0000823 seconds, Stopping threads took: 0,0000313 seconds
{Heap before GC invocations=7 (full 1):
 par new generation   total 109248K, used 103425K [0x00000000e0000000, 0x00000000e8000000, 0x00000000e8000000)
  eden space 87424K, 100% used [0x00000000e0000000, 0x00000000e5560000, 0x00000000e5560000)
  from space 21824K,  73% used [0x00000000e6ab0000, 0x00000000e7a50640, 0x00000000e8000000)
  to   space 21824K,   0% used [0x00000000e5560000, 0x00000000e5560000, 0x00000000e6ab0000)
 concurrent mark-sweep generation total 393216K, used 0K [0x00000000e8000000, 0x0000000100000000, 0x0000000100000000)
 Metaspace       used 24240K, capacity 24738K, committed 24828K, reserved 1071104K
  class space    used 2842K, capacity 3040K, committed 3068K, reserved 1048576K
2017-07-28T08:16:26.938+0200: 4,550: [GC (Allocation Failure) 2017-07-28T08:16:26.938+0200: 4,550: [ParNew
Desired survivor size 20112992 bytes, new threshold 8 (max 8)
- age   1:    1645048 bytes,    1645048 total
- age   2:    1761960 bytes,    3407008 total
- age   3:       3792 bytes,    3410800 total
- age   4:      79008 bytes,    3489808 total
- age   5:     111712 bytes,    3601520 total
- age   6:     197712 bytes,    3799232 total
- age   7:     862112 bytes,    4661344 total
- age   8:    5993000 bytes,   10654344 total
: 103425K->16719K(109248K), 0,0402190 secs] 103425K->16719K(502464K), 0,0402955 secs] [Times: user=0,07 sys=0,00, real=0,04 secs] 
Heap after GC invocations=8 (full 1):
 par new generation   total 109248K, used 16719K [0x00000000e0000000, 0x00000000e8000000, 0x00000000e8000000)
  eden space 87424K,   0% used [0x00000000e0000000, 0x00000000e0000000, 0x00000000e5560000)
  from space 21824K,  76% used [0x00000000e5560000, 0x00000000e65b3c90, 0x00000000e6ab0000)
  to   space 21824K,   0% used [0x00000000e6ab0000, 0x00000000e6ab0000, 0x00000000e8000000)
 concurrent mark-sweep generation total 393216K, used 0K [0x00000000e8000000, 0x0000000100000000, 0x0000000100000000)
 Metaspace       used 24240K, capacity 24738K, committed 24828K, reserved 1071104K
  class space    used 2842K, capacity 3040K, committed 3068K, reserved 1048576K
}
2017-07-28T08:16:26.979+0200: 4,590: Total time for which application threads were stopped: 0,0405775 seconds, Stopping threads took: 0,0000587 seconds
2017-07-28T08:16:26.980+0200: 4,591: Total time for which application threads were stopped: 0,0001028 seconds, Stopping threads took: 0,0000260 seconds
2017-07-28T08:16:26.980+0200: 4,591: Total time for which application threads were stopped: 0,0000653 seconds, Stopping threads took: 0,0000104 seconds
2017-07-28T08:16:26.980+0200: 4,592: Total time for which application threads were stopped: 0,0000583 seconds, Stopping threads took: 0,0000087 seconds
2017-07-28T08:16:27.052+0200: 4,663: Total time for which application threads were stopped: 0,0061302 seconds, Stopping threads took: 0,0060189 seconds
2017-07-28T08:16:27.053+0200: 4,664: Total time for which application threads were stopped: 0,0000946 seconds, Stopping threads took: 0,0000176 seconds
{Heap before GC invocations=8 (full 1):
 par new generation   total 109248K, used 104143K [0x00000000e0000000, 0x00000000e8000000, 0x00000000e8000000)
  eden space 87424K, 100% used [0x00000000e0000000, 0x00000000e5560000, 0x00000000e5560000)
  from space 21824K,  76% used [0x00000000e5560000, 0x00000000e65b3c90, 0x00000000e6ab0000)
  to   space 21824K,   0% used [0x00000000e6ab0000, 0x00000000e6ab0000, 0x00000000e8000000)
 concurrent mark-sweep generation total 393216K, used 0K [0x00000000e8000000, 0x0000000100000000, 0x0000000100000000)
 Metaspace       used 24546K, capacity 25020K, committed 25084K, reserved 1071104K
  class space    used 2869K, capacity 3045K, committed 3068K, reserved 1048576K
2017-07-28T08:16:27.099+0200: 4,710: [GC (Allocation Failure) 2017-07-28T08:16:27.099+0200: 4,710: [ParNew
Desired survivor size 20112992 bytes, new threshold 8 (max 8)
- age   1:     806928 bytes,     806928 total
- age   2:     561424 bytes,    1368352 total
- age   3:    1737504 bytes,    3105856 total
- age   4:       3792 bytes,    3109648 total
- age   5:      78976 bytes,    3188624 total
- age   6:     111512 bytes,    3300136 total
- age   7:     194944 bytes,    3495080 total
- age   8:     861344 bytes,    4356424 total
: 104143K->6734K(109248K), 0,0533156 secs] 104143K->13201K(502464K), 0,0534369 secs] [Times: user=0,14 sys=0,00, real=0,05 secs] 
Heap after GC invocations=9 (full 1):
 par new generation   total 109248K, used 6734K [0x00000000e0000000, 0x00000000e8000000, 0x00000000e8000000)
  eden space 87424K,   0% used [0x00000000e0000000, 0x00000000e0000000, 0x00000000e5560000)
  from space 21824K,  30% used [0x00000000e6ab0000, 0x00000000e7143a70, 0x00000000e8000000)
  to   space 21824K,   0% used [0x00000000e5560000, 0x00000000e5560000, 0x00000000e6ab0000)
 concurrent mark-sweep generation total 393216K, used 6466K [0x00000000e8000000, 0x0000000100000000, 0x0000000100000000)
 Metaspace       used 24546K, capacity 25020K, committed 25084K, reserved 1071104K
  class space    used 2869K, capacity 3045K, committed 3068K, reserved 1048576K
}
2017-07-28T08:16:27.152+0200: 4,764: Total time for which application threads were stopped: 0,0536917 seconds, Stopping threads took: 0,0000573 seconds
2017-07-28T08:16:27.231+0200: 4,842: Total time for which application threads were stopped: 0,0001423 seconds, Stopping threads took: 0,0000487 seconds
2017-07-28T08:16:27.276+0200: 4,887: Total time for which application threads were stopped: 0,0001336 seconds, Stopping threads took: 0,0000355 seconds
2017-07-28T08:16:27.279+0200: 4,890: Total time for which application threads were stopped: 0,0002384 seconds, Stopping threads took: 0,0000433 seconds
2017-07-28T08:16:27.368+0200: 4,980: Total time for which application threads were stopped: 0,0002322 seconds, Stopping threads took: 0,0000820 seconds
2017-07-28T08:16:27.379+0200: 4,991: Total time for which application threads were stopped: 0,0001616 seconds, Stopping threads took: 0,0000591 seconds
2017-07-28T08:16:27.380+0200: 4,991: Total time for which application threads were stopped: 0,0001484 seconds, Stopping threads took: 0,0000589 seconds
2017-07-28T08:16:27.380+0200: 4,992: Total time for which application threads were stopped: 0,0001077 seconds, Stopping threads took: 0,0000207 seconds
2017-07-28T08:16:27.462+0200: 5,073: Total time for which application threads were stopped: 0,0001837 seconds, Stopping threads took: 0,0000834 seconds
2017-07-28T08:16:27.462+0200: 5,074: Total time for which application threads were stopped: 0,0001501 seconds, Stopping threads took: 0,0000408 seconds
2017-07-28T08:16:27.463+0200: 5,075: Total time for which application threads were stopped: 0,0001458 seconds, Stopping threads took: 0,0000623 seconds
2017-07-28T08:16:27.478+0200: 5,089: Total time for which application threads were stopped: 0,0025002 seconds, Stopping threads took: 0,0023981 seconds
2017-07-28T08:16:27.480+0200: 5,091: Total time for which application threads were stopped: 0,0011125 seconds, Stopping threads took: 0,0010055 seconds
2017-07-28T08:16:27.483+0200: 5,095: Total time for which application threads were stopped: 0,0004834 seconds, Stopping threads took: 0,0000372 seconds
2017-07-28T08:16:27.508+0200: 5,120: Total time for which application threads were stopped: 0,0001505 seconds, Stopping threads took: 0,0000544 seconds
2017-07-28T08:16:27.534+0200: 5,145: Total time for which application threads were stopped: 0,0002979 seconds, Stopping threads took: 0,0002227 seconds
2017-07-28T08:16:27.599+0200: 5,210: Total time for which application threads were stopped: 0,0002912 seconds, Stopping threads took: 0,0001519 seconds
2017-07-28T08:16:27.606+0200: 5,218: Total time for which application threads were stopped: 0,0004583 seconds, Stopping threads took: 0,0000274 seconds
2017-07-28T08:16:27.627+0200: 5,238: Total time for which application threads were stopped: 0,0004704 seconds, Stopping threads took: 0,0000553 seconds
2017-07-28T08:16:27.689+0200: 5,300: Total time for which application threads were stopped: 0,0003835 seconds, Stopping threads took: 0,0000433 seconds
2017-07-28T08:16:27.691+0200: 5,302: Total time for which application threads were stopped: 0,0001141 seconds, Stopping threads took: 0,0000365 seconds
2017-07-28T08:16:27.691+0200: 5,303: Total time for which application threads were stopped: 0,0000790 seconds, Stopping threads took: 0,0000243 seconds
2017-07-28T08:16:27.711+0200: 5,323: Total time for which application threads were stopped: 0,0001154 seconds, Stopping threads took: 0,0000430 seconds
2017-07-28T08:16:27.748+0200: 5,359: Total time for which application threads were stopped: 0,0089142 seconds, Stopping threads took: 0,0087833 seconds
2017-07-28T08:16:27.773+0200: 5,385: Total time for which application threads were stopped: 0,0067034 seconds, Stopping threads took: 0,0064812 seconds
2017-07-28T08:16:27.807+0200: 5,419: Total time for which application threads were stopped: 0,0078746 seconds, Stopping threads took: 0,0078060 seconds
2017-07-28T08:16:27.820+0200: 5,432: Total time for which application threads were stopped: 0,0001740 seconds, Stopping threads took: 0,0000843 seconds
2017-07-28T08:16:27.821+0200: 5,433: Total time for which application threads were stopped: 0,0001398 seconds, Stopping threads took: 0,0000402 seconds
2017-07-28T08:16:27.874+0200: 5,485: Total time for which application threads were stopped: 0,0069269 seconds, Stopping threads took: 0,0068114 seconds
2017-07-28T08:16:27.876+0200: 5,487: Total time for which application threads were stopped: 0,0001300 seconds, Stopping threads took: 0,0000471 seconds
2017-07-28T08:16:27.882+0200: 5,493: Total time for which application threads were stopped: 0,0005862 seconds, Stopping threads took: 0,0000494 seconds
2017-07-28T08:16:27.888+0200: 5,500: Total time for which application threads were stopped: 0,0005405 seconds, Stopping threads took: 0,0004619 seconds
2017-07-28T08:16:27.909+0200: 5,520: Total time for which application threads were stopped: 0,0001150 seconds, Stopping threads took: 0,0000464 seconds
2017-07-28T08:18:24.922+0200: 122,533: Total time for which application threads were stopped: 0,0001157 seconds, Stopping threads took: 0,0000631 seconds
{Heap before GC invocations=9 (full 1):
 par new generation   total 109248K, used 94158K [0x00000000e0000000, 0x00000000e8000000, 0x00000000e8000000)
  eden space 87424K, 100% used [0x00000000e0000000, 0x00000000e5560000, 0x00000000e5560000)
  from space 21824K,  30% used [0x00000000e6ab0000, 0x00000000e7143a70, 0x00000000e8000000)
  to   space 21824K,   0% used [0x00000000e5560000, 0x00000000e5560000, 0x00000000e6ab0000)
 concurrent mark-sweep generation total 393216K, used 6466K [0x00000000e8000000, 0x0000000100000000, 0x0000000100000000)
 Metaspace       used 28011K, capacity 28534K, committed 28796K, reserved 1075200K
  class space    used 3208K, capacity 3382K, committed 3452K, reserved 1048576K
2017-07-28T08:19:18.846+0200: 176,457: [GC (Allocation Failure) 2017-07-28T08:19:18.846+0200: 176,457: [ParNew
Desired survivor size 20112992 bytes, new threshold 8 (max 8)
- age   1:   11041744 bytes,   11041744 total
- age   2:     365248 bytes,   11406992 total
- age   3:     170136 bytes,   11577128 total
- age   4:    1723376 bytes,   13300504 total
- age   5:       3792 bytes,   13304296 total
- age   6:      78944 bytes,   13383240 total
- age   7:     108840 bytes,   13492080 total
- age   8:     194352 bytes,   13686432 total
: 94158K->14831K(109248K), 0,0189605 secs] 100625K->22150K(502464K), 0,0190396 secs] [Times: user=0,05 sys=0,00, real=0,01 secs] 
Heap after GC invocations=10 (full 1):
 par new generation   total 109248K, used 14831K [0x00000000e0000000, 0x00000000e8000000, 0x00000000e8000000)
  eden space 87424K,   0% used [0x00000000e0000000, 0x00000000e0000000, 0x00000000e5560000)
  from space 21824K,  67% used [0x00000000e5560000, 0x00000000e63dbc90, 0x00000000e6ab0000)
  to   space 21824K,   0% used [0x00000000e6ab0000, 0x00000000e6ab0000, 0x00000000e8000000)
 concurrent mark-sweep generation total 393216K, used 7318K [0x00000000e8000000, 0x0000000100000000, 0x0000000100000000)
 Metaspace       used 28011K, capacity 28534K, committed 28796K, reserved 1075200K
  class space    used 3208K, capacity 3382K, committed 3452K, reserved 1048576K
}
2017-07-28T08:19:18.865+0200: 176,476: Total time for which application threads were stopped: 0,0192362 seconds, Stopping threads took: 0,0000563 seconds
2017-07-28T08:19:18.869+0200: 176,480: Total time for which application threads were stopped: 0,0000846 seconds, Stopping threads took: 0,0000343 seconds
2017-07-28T08:19:18.870+0200: 176,482: Total time for which application threads were stopped: 0,0000970 seconds, Stopping threads took: 0,0000378 seconds
2017-07-28T08:19:23.871+0200: 181,482: Total time for which application threads were stopped: 0,0001355 seconds, Stopping threads took: 0,0000356 seconds
2017-07-28T08:20:49.880+0200: 267,491: Total time for which application threads were stopped: 0,0000854 seconds, Stopping threads took: 0,0000329 seconds
2017-07-28T08:20:54.880+0200: 272,492: Total time for which application threads were stopped: 0,0000709 seconds, Stopping threads took: 0,0000171 seconds
2017-07-28T08:20:58.881+0200: 276,492: Total time for which application threads were stopped: 0,0000993 seconds, Stopping threads took: 0,0000378 seconds
2017-07-28T08:21:18.883+0200: 296,495: Total time for which application threads were stopped: 0,0002968 seconds, Stopping threads took: 0,0000947 seconds
2017-07-28T08:39:54.006+0200: 1411,617: Total time for which application threads were stopped: 0,0001211 seconds, Stopping threads took: 0,0000340 seconds
2017-07-28T08:44:04.035+0200: 1661,647: Total time for which application threads were stopped: 0,0008755 seconds, Stopping threads took: 0,0001494 seconds
2017-07-28T08:44:09.036+0200: 1666,648: Total time for which application threads were stopped: 0,0000624 seconds, Stopping threads took: 0,0000145 seconds
2017-07-28T08:54:44.122+0200: 2301,733: Total time for which application threads were stopped: 0,0001003 seconds, Stopping threads took: 0,0000524 seconds
2017-07-28T08:54:45.122+0200: 2302,733: Total time for which application threads were stopped: 0,0000636 seconds, Stopping threads took: 0,0000152 seconds
2017-07-28T09:36:52.092+0200: 3197,661: Total time for which application threads were stopped: 0,0001020 seconds, Stopping threads took: 0,0000369 seconds
2017-07-28T09:49:01.166+0200: 3926,736: Total time for which application threads were stopped: 0,0003736 seconds, Stopping threads took: 0,0001187 seconds
2017-07-28T09:49:06.166+0200: 3931,736: Total time for which application threads were stopped: 0,0000718 seconds, Stopping threads took: 0,0000188 seconds
2017-07-28T10:03:17.282+0200: 4782,852: Total time for which application threads were stopped: 0,0000776 seconds, Stopping threads took: 0,0000304 seconds
2017-07-28T10:03:27.284+0200: 4792,854: Total time for which application threads were stopped: 0,0001815 seconds, Stopping threads took: 0,0000692 seconds
2017-07-28T10:37:47.602+0200: 6853,172: Total time for which application threads were stopped: 0,0001294 seconds, Stopping threads took: 0,0000475 seconds
2017-07-28T10:45:36.674+0200: 7322,243: Total time for which application threads were stopped: 0,0000898 seconds, Stopping threads took: 0,0000334 seconds
2017-07-28T10:45:56.972+0200: 7342,541: Total time for which application threads were stopped: 0,0443287 seconds, Stopping threads took: 0,0442247 seconds
2017-07-28T10:45:56.972+0200: 7342,542: Total time for which application threads were stopped: 0,0001007 seconds, Stopping threads took: 0,0000177 seconds
2017-07-28T10:45:56.973+0200: 7342,542: Total time for which application threads were stopped: 0,0000790 seconds, Stopping threads took: 0,0000128 seconds
2017-07-28T10:45:56.974+0200: 7342,543: Total time for which application threads were stopped: 0,0001144 seconds, Stopping threads took: 0,0000385 seconds
2017-07-28T10:45:56.976+0200: 7342,545: Total time for which application threads were stopped: 0,0001083 seconds, Stopping threads took: 0,0000250 seconds
2017-07-28T10:45:56.984+0200: 7342,554: Total time for which application threads were stopped: 0,0081091 seconds, Stopping threads took: 0,0080279 seconds
2017-07-28T10:45:56.984+0200: 7342,554: Total time for which application threads were stopped: 0,0000638 seconds, Stopping threads took: 0,0000116 seconds
2017-07-28T10:45:56.985+0200: 7342,555: Total time for which application threads were stopped: 0,0000686 seconds, Stopping threads took: 0,0000172 seconds
2017-07-28T10:45:56.987+0200: 7342,557: Total time for which application threads were stopped: 0,0001089 seconds, Stopping threads took: 0,0000268 seconds
2017-07-28T10:45:56.988+0200: 7342,557: Total time for which application threads were stopped: 0,0000612 seconds, Stopping threads took: 0,0000091 seconds
2017-07-28T10:45:56.988+0200: 7342,557: Total time for which application threads were stopped: 0,0000496 seconds, Stopping threads took: 0,0000077 seconds
2017-07-28T10:45:56.988+0200: 7342,558: Total time for which application threads were stopped: 0,0000423 seconds, Stopping threads took: 0,0000056 seconds
2017-07-28T10:45:56.988+0200: 7342,558: Total time for which application threads were stopped: 0,0000449 seconds, Stopping threads took: 0,0000062 seconds
2017-07-28T10:45:56.988+0200: 7342,558: Total time for which application threads were stopped: 0,0000514 seconds, Stopping threads took: 0,0000107 seconds
2017-07-28T10:45:56.988+0200: 7342,558: Total time for which application threads were stopped: 0,0000449 seconds, Stopping threads took: 0,0000075 seconds
2017-07-28T10:45:56.988+0200: 7342,558: Total time for which application threads were stopped: 0,0000448 seconds, Stopping threads took: 0,0000058 seconds
2017-07-28T10:45:56.988+0200: 7342,558: Total time for which application threads were stopped: 0,0000450 seconds, Stopping threads took: 0,0000058 seconds
2017-07-28T10:45:56.988+0200: 7342,558: Total time for which application threads were stopped: 0,0000372 seconds, Stopping threads took: 0,0000049 seconds
2017-07-28T10:45:56.988+0200: 7342,558: Total time for which application threads were stopped: 0,0000350 seconds, Stopping threads took: 0,0000047 seconds
2017-07-28T10:45:56.988+0200: 7342,558: Total time for which application threads were stopped: 0,0000375 seconds, Stopping threads took: 0,0000052 seconds
2017-07-28T10:45:56.988+0200: 7342,558: Total time for which application threads were stopped: 0,0000372 seconds, Stopping threads took: 0,0000049 seconds
2017-07-28T10:45:56.989+0200: 7342,558: Total time for which application threads were stopped: 0,0000410 seconds, Stopping threads took: 0,0000060 seconds
2017-07-28T10:45:56.989+0200: 7342,558: Total time for which application threads were stopped: 0,0000362 seconds, Stopping threads took: 0,0000052 seconds
2017-07-28T10:45:56.989+0200: 7342,558: Total time for which application threads were stopped: 0,0000333 seconds, Stopping threads took: 0,0000046 seconds
2017-07-28T10:45:56.989+0200: 7342,558: Total time for which application threads were stopped: 0,0000320 seconds, Stopping threads took: 0,0000044 seconds
2017-07-28T10:45:56.989+0200: 7342,559: Total time for which application threads were stopped: 0,0000340 seconds, Stopping threads took: 0,0000045 seconds
2017-07-28T10:45:56.989+0200: 7342,559: Total time for which application threads were stopped: 0,0000315 seconds, Stopping threads took: 0,0000041 seconds
2017-07-28T10:45:56.989+0200: 7342,559: Total time for which application threads were stopped: 0,0000323 seconds, Stopping threads took: 0,0000044 seconds
2017-07-28T10:45:56.989+0200: 7342,559: Total time for which application threads were stopped: 0,0000315 seconds, Stopping threads took: 0,0000041 seconds
2017-07-28T10:45:56.989+0200: 7342,559: Total time for which application threads were stopped: 0,0000322 seconds, Stopping threads took: 0,0000043 seconds
2017-07-28T10:45:56.989+0200: 7342,559: Total time for which application threads were stopped: 0,0000330 seconds, Stopping threads took: 0,0000043 seconds
2017-07-28T10:45:56.989+0200: 7342,559: Total time for which application threads were stopped: 0,0000351 seconds, Stopping threads took: 0,0000051 seconds
2017-07-28T10:45:56.989+0200: 7342,559: Total time for which application threads were stopped: 0,0000386 seconds, Stopping threads took: 0,0000050 seconds
2017-07-28T10:45:56.995+0200: 7342,565: Total time for which application threads were stopped: 0,0001068 seconds, Stopping threads took: 0,0000298 seconds
2017-07-28T10:45:56.995+0200: 7342,565: Total time for which application threads were stopped: 0,0000516 seconds, Stopping threads took: 0,0000080 seconds
2017-07-28T10:45:56.995+0200: 7342,565: Total time for which application threads were stopped: 0,0000500 seconds, Stopping threads took: 0,0000129 seconds
2017-07-28T10:45:56.995+0200: 7342,565: Total time for which application threads were stopped: 0,0000491 seconds, Stopping threads took: 0,0000095 seconds
2017-07-28T10:45:56.995+0200: 7342,565: Total time for which application threads were stopped: 0,0000391 seconds, Stopping threads took: 0,0000075 seconds
2017-07-28T10:45:56.995+0200: 7342,565: Total time for which application threads were stopped: 0,0000699 seconds, Stopping threads took: 0,0000321 seconds
2017-07-28T10:45:56.995+0200: 7342,565: Total time for which application threads were stopped: 0,0000363 seconds, Stopping threads took: 0,0000045 seconds
2017-07-28T10:45:56.995+0200: 7342,565: Total time for which application threads were stopped: 0,0000358 seconds, Stopping threads took: 0,0000044 seconds
2017-07-28T10:45:56.995+0200: 7342,565: Total time for which application threads were stopped: 0,0000346 seconds, Stopping threads took: 0,0000043 seconds
2017-07-28T10:45:56.996+0200: 7342,565: Total time for which application threads were stopped: 0,0000346 seconds, Stopping threads took: 0,0000054 seconds
2017-07-28T10:45:56.998+0200: 7342,568: Total time for which application threads were stopped: 0,0003933 seconds, Stopping threads took: 0,0003297 seconds
2017-07-28T10:45:56.998+0200: 7342,568: Total time for which application threads were stopped: 0,0000507 seconds, Stopping threads took: 0,0000090 seconds
2017-07-28T10:45:57.000+0200: 7342,569: Total time for which application threads were stopped: 0,0016056 seconds, Stopping threads took: 0,0015223 seconds
2017-07-28T10:45:57.003+0200: 7342,573: Total time for which application threads were stopped: 0,0000898 seconds, Stopping threads took: 0,0000193 seconds
2017-07-28T10:45:57.003+0200: 7342,573: Total time for which application threads were stopped: 0,0000526 seconds, Stopping threads took: 0,0000157 seconds
2017-07-28T10:45:57.004+0200: 7342,574: Total time for which application threads were stopped: 0,0002679 seconds, Stopping threads took: 0,0002208 seconds
2017-07-28T10:45:57.013+0200: 7342,582: Total time for which application threads were stopped: 0,0001364 seconds, Stopping threads took: 0,0000413 seconds
2017-07-28T10:45:57.013+0200: 7342,583: Total time for which application threads were stopped: 0,0000941 seconds, Stopping threads took: 0,0000370 seconds
2017-07-28T10:45:57.013+0200: 7342,583: Total time for which application threads were stopped: 0,0000554 seconds, Stopping threads took: 0,0000090 seconds
2017-07-28T10:45:57.016+0200: 7342,586: Total time for which application threads were stopped: 0,0000973 seconds, Stopping threads took: 0,0000272 seconds
2017-07-28T10:45:57.016+0200: 7342,586: Total time for which application threads were stopped: 0,0000608 seconds, Stopping threads took: 0,0000152 seconds
2017-07-28T10:45:57.016+0200: 7342,586: Total time for which application threads were stopped: 0,0000496 seconds, Stopping threads took: 0,0000133 seconds
2017-07-28T10:45:57.016+0200: 7342,586: Total time for which application threads were stopped: 0,0000496 seconds, Stopping threads took: 0,0000137 seconds
2017-07-28T10:45:57.017+0200: 7342,587: Total time for which application threads were stopped: 0,0001093 seconds, Stopping threads took: 0,0000615 seconds
2017-07-28T10:45:57.017+0200: 7342,587: Total time for which application threads were stopped: 0,0000759 seconds, Stopping threads took: 0,0000362 seconds
2017-07-28T10:45:57.017+0200: 7342,587: Total time for which application threads were stopped: 0,0000428 seconds, Stopping threads took: 0,0000193 seconds
2017-07-28T10:45:57.019+0200: 7342,589: Total time for which application threads were stopped: 0,0001317 seconds, Stopping threads took: 0,0000784 seconds
2017-07-28T10:45:57.020+0200: 7342,589: Total time for which application threads were stopped: 0,0000601 seconds, Stopping threads took: 0,0000190 seconds
2017-07-28T10:45:57.020+0200: 7342,589: Total time for which application threads were stopped: 0,0000424 seconds, Stopping threads took: 0,0000194 seconds
2017-07-28T10:45:57.020+0200: 7342,589: Total time for which application threads were stopped: 0,0000374 seconds, Stopping threads took: 0,0000158 seconds
2017-07-28T10:45:57.021+0200: 7342,591: Total time for which application threads were stopped: 0,0001166 seconds, Stopping threads took: 0,0000422 seconds
2017-07-28T10:45:57.021+0200: 7342,591: Total time for which application threads were stopped: 0,0000499 seconds, Stopping threads took: 0,0000183 seconds
2017-07-28T10:45:57.022+0200: 7342,592: Total time for which application threads were stopped: 0,0011660 seconds, Stopping threads took: 0,0011101 seconds
2017-07-28T10:45:57.023+0200: 7342,593: Total time for which application threads were stopped: 0,0001097 seconds, Stopping threads took: 0,0000469 seconds
2017-07-28T10:45:57.024+0200: 7342,593: Total time for which application threads were stopped: 0,0000439 seconds, Stopping threads took: 0,0000200 seconds
2017-07-28T10:45:57.024+0200: 7342,593: Total time for which application threads were stopped: 0,0000407 seconds, Stopping threads took: 0,0000185 seconds
2017-07-28T10:45:57.024+0200: 7342,594: Total time for which application threads were stopped: 0,0001095 seconds, Stopping threads took: 0,0000070 seconds
2017-07-28T10:45:57.026+0200: 7342,595: Total time for which application threads were stopped: 0,0004428 seconds, Stopping threads took: 0,0003624 seconds
2017-07-28T10:45:57.029+0200: 7342,599: Total time for which application threads were stopped: 0,0000748 seconds, Stopping threads took: 0,0000217 seconds
2017-07-28T10:45:57.029+0200: 7342,599: Total time for which application threads were stopped: 0,0000483 seconds, Stopping threads took: 0,0000073 seconds
Heap
 par new generation   total 109248K, used 34860K [0x00000000e0000000, 0x00000000e8000000, 0x00000000e8000000)
  eden space 87424K,  22% used [0x00000000e0000000, 0x00000000e138f710, 0x00000000e5560000)
  from space 21824K,  67% used [0x00000000e5560000, 0x00000000e63dbc90, 0x00000000e6ab0000)
  to   space 21824K,   0% used [0x00000000e6ab0000, 0x00000000e6ab0000, 0x00000000e8000000)
 concurrent mark-sweep generation total 393216K, used 7318K [0x00000000e8000000, 0x0000000100000000, 0x0000000100000000)
 Metaspace       used 28140K, capacity 28670K, committed 29052K, reserved 1075200K
  class space    used 3222K, capacity 3384K, committed 3452K, reserved 1048576K
