OpenJDK 64-Bit Server VM (25.131-b11) for linux-amd64 JRE (1.8.0_131-8u131-b11-2ubuntu1.16.04.3-b11), built on Jul 28 2017 01:23:32 by "buildd" with gcc 5.4.0 20160609
Memory: 4k page, physical 7867732k(7475068k free), swap 8076284k(8076284k free)
CommandLine flags: -XX:CMSInitiatingOccupancyFraction=50 -XX:CMSMaxAbortablePrecleanTime=6000 -XX:+CMSParallelRemarkEnabled -XX:+CMSScavengeBeforeRemark -XX:ConcGCThreads=4 -XX:InitialHeapSize=536870912 -XX:MaxHeapSize=536870912 -XX:MaxTenuringThreshold=8 -XX:NewRatio=3 -XX:OldPLABSize=16 -XX:OnOutOfMemoryError=/opt/solr/bin/oom_solr.sh 8983 /var/solr/logs -XX:ParallelGCThreads=4 -XX:+ParallelRefProcEnabled -XX:PretenureSizeThreshold=67108864 -XX:+PrintGC -XX:+PrintGCApplicationStoppedTime -XX:+PrintGCDateStamps -XX:+PrintGCDetails -XX:+PrintGCTimeStamps -XX:+PrintHeapAtGC -XX:+PrintTenuringDistribution -XX:SurvivorRatio=4 -XX:TargetSurvivorRatio=90 -XX:ThreadStackSize=256 -XX:+UseCMSInitiatingOccupancyOnly -XX:+UseCompressedClassPointers -XX:+UseCompressedOops -XX:+UseConcMarkSweepGC -XX:+UseParNewGC 
2017-08-18T12:54:28.837+0200: 0,196: Total time for which application threads were stopped: 0,0000777 seconds, Stopping threads took: 0,0000135 seconds
2017-08-18T12:54:28.931+0200: 0,290: Total time for which application threads were stopped: 0,0001345 seconds, Stopping threads took: 0,0000273 seconds
2017-08-18T12:54:28.953+0200: 0,311: Total time for which application threads were stopped: 0,0000923 seconds, Stopping threads took: 0,0000094 seconds
2017-08-18T12:54:29.257+0200: 0,616: Total time for which application threads were stopped: 0,0001499 seconds, Stopping threads took: 0,0000204 seconds
2017-08-18T12:54:29.658+0200: 1,017: Total time for which application threads were stopped: 0,0001724 seconds, Stopping threads took: 0,0000274 seconds
2017-08-18T12:54:29.758+0200: 1,117: Total time for which application threads were stopped: 0,0001413 seconds, Stopping threads took: 0,0000122 seconds
2017-08-18T12:54:29.783+0200: 1,141: Total time for which application threads were stopped: 0,0001741 seconds, Stopping threads took: 0,0000255 seconds
2017-08-18T12:54:30.157+0200: 1,516: Total time for which application threads were stopped: 0,0007140 seconds, Stopping threads took: 0,0000606 seconds
2017-08-18T12:54:30.433+0200: 1,792: Total time for which application threads were stopped: 0,0011758 seconds, Stopping threads took: 0,0000952 seconds
2017-08-18T12:54:30.466+0200: 1,824: Total time for which application threads were stopped: 0,0002125 seconds, Stopping threads took: 0,0000213 seconds
2017-08-18T12:54:30.508+0200: 1,867: Total time for which application threads were stopped: 0,0008846 seconds, Stopping threads took: 0,0000838 seconds
2017-08-18T12:54:30.509+0200: 1,868: Total time for which application threads were stopped: 0,0001897 seconds, Stopping threads took: 0,0000145 seconds
2017-08-18T12:54:30.530+0200: 1,888: Total time for which application threads were stopped: 0,0001617 seconds, Stopping threads took: 0,0000122 seconds
2017-08-18T12:54:30.636+0200: 1,995: Total time for which application threads were stopped: 0,0011674 seconds, Stopping threads took: 0,0001083 seconds
2017-08-18T12:54:30.810+0200: 2,169: Total time for which application threads were stopped: 0,0004198 seconds, Stopping threads took: 0,0002114 seconds
{Heap before GC invocations=0 (full 0):
 par new generation   total 109248K, used 87424K [0x00000000e0000000, 0x00000000e8000000, 0x00000000e8000000)
  eden space 87424K, 100% used [0x00000000e0000000, 0x00000000e5560000, 0x00000000e5560000)
  from space 21824K,   0% used [0x00000000e5560000, 0x00000000e5560000, 0x00000000e6ab0000)
  to   space 21824K,   0% used [0x00000000e6ab0000, 0x00000000e6ab0000, 0x00000000e8000000)
 concurrent mark-sweep generation total 393216K, used 0K [0x00000000e8000000, 0x0000000100000000, 0x0000000100000000)
 Metaspace       used 18021K, capacity 18336K, committed 18688K, reserved 1064960K
  class space    used 2036K, capacity 2196K, committed 2304K, reserved 1048576K
2017-08-18T12:54:30.898+0200: 2,257: [GC (Allocation Failure) 2017-08-18T12:54:30.898+0200: 2,257: [ParNew
Desired survivor size 20112992 bytes, new threshold 8 (max 8)
- age   1:   12606088 bytes,   12606088 total
: 87424K->12416K(109248K), 0,0171463 secs] 87424K->12416K(502464K), 0,0172200 secs] [Times: user=0,04 sys=0,01, real=0,01 secs] 
Heap after GC invocations=1 (full 0):
 par new generation   total 109248K, used 12416K [0x00000000e0000000, 0x00000000e8000000, 0x00000000e8000000)
  eden space 87424K,   0% used [0x00000000e0000000, 0x00000000e0000000, 0x00000000e5560000)
  from space 21824K,  56% used [0x00000000e6ab0000, 0x00000000e76d0038, 0x00000000e8000000)
  to   space 21824K,   0% used [0x00000000e5560000, 0x00000000e5560000, 0x00000000e6ab0000)
 concurrent mark-sweep generation total 393216K, used 0K [0x00000000e8000000, 0x0000000100000000, 0x0000000100000000)
 Metaspace       used 18021K, capacity 18336K, committed 18688K, reserved 1064960K
  class space    used 2036K, capacity 2196K, committed 2304K, reserved 1048576K
}
2017-08-18T12:54:30.915+0200: 2,274: Total time for which application threads were stopped: 0,0174646 seconds, Stopping threads took: 0,0000379 seconds
2017-08-18T12:54:31.275+0200: 2,634: Total time for which application threads were stopped: 0,0002658 seconds, Stopping threads took: 0,0000190 seconds
{Heap before GC invocations=1 (full 0):
 par new generation   total 109248K, used 99840K [0x00000000e0000000, 0x00000000e8000000, 0x00000000e8000000)
  eden space 87424K, 100% used [0x00000000e0000000, 0x00000000e5560000, 0x00000000e5560000)
  from space 21824K,  56% used [0x00000000e6ab0000, 0x00000000e76d0038, 0x00000000e8000000)
  to   space 21824K,   0% used [0x00000000e5560000, 0x00000000e5560000, 0x00000000e6ab0000)
 concurrent mark-sweep generation total 393216K, used 0K [0x00000000e8000000, 0x0000000100000000, 0x0000000100000000)
 Metaspace       used 20063K, capacity 20384K, committed 20736K, reserved 1067008K
  class space    used 2299K, capacity 2478K, committed 2560K, reserved 1048576K
2017-08-18T12:54:31.319+0200: 2,677: [GC (Allocation Failure) 2017-08-18T12:54:31.319+0200: 2,677: [ParNew
Desired survivor size 20112992 bytes, new threshold 8 (max 8)
- age   1:    3647288 bytes,    3647288 total
- age   2:    6677208 bytes,   10324496 total
: 99840K->13773K(109248K), 0,0116692 secs] 99840K->13773K(502464K), 0,0117456 secs] [Times: user=0,03 sys=0,00, real=0,01 secs] 
Heap after GC invocations=2 (full 0):
 par new generation   total 109248K, used 13773K [0x00000000e0000000, 0x00000000e8000000, 0x00000000e8000000)
  eden space 87424K,   0% used [0x00000000e0000000, 0x00000000e0000000, 0x00000000e5560000)
  from space 21824K,  63% used [0x00000000e5560000, 0x00000000e62d34d8, 0x00000000e6ab0000)
  to   space 21824K,   0% used [0x00000000e6ab0000, 0x00000000e6ab0000, 0x00000000e8000000)
 concurrent mark-sweep generation total 393216K, used 0K [0x00000000e8000000, 0x0000000100000000, 0x0000000100000000)
 Metaspace       used 20063K, capacity 20384K, committed 20736K, reserved 1067008K
  class space    used 2299K, capacity 2478K, committed 2560K, reserved 1048576K
}
2017-08-18T12:54:31.330+0200: 2,689: Total time for which application threads were stopped: 0,0120155 seconds, Stopping threads took: 0,0000831 seconds
2017-08-18T12:54:31.337+0200: 2,696: Total time for which application threads were stopped: 0,0015547 seconds, Stopping threads took: 0,0012364 seconds
2017-08-18T12:54:31.373+0200: 2,732: Total time for which application threads were stopped: 0,0017843 seconds, Stopping threads took: 0,0015143 seconds
2017-08-18T12:54:31.485+0200: 2,844: Total time for which application threads were stopped: 0,0015774 seconds, Stopping threads took: 0,0014506 seconds
{Heap before GC invocations=2 (full 0):
 par new generation   total 109248K, used 101197K [0x00000000e0000000, 0x00000000e8000000, 0x00000000e8000000)
  eden space 87424K, 100% used [0x00000000e0000000, 0x00000000e5560000, 0x00000000e5560000)
  from space 21824K,  63% used [0x00000000e5560000, 0x00000000e62d34d8, 0x00000000e6ab0000)
  to   space 21824K,   0% used [0x00000000e6ab0000, 0x00000000e6ab0000, 0x00000000e8000000)
 concurrent mark-sweep generation total 393216K, used 0K [0x00000000e8000000, 0x0000000100000000, 0x0000000100000000)
 Metaspace       used 20996K, capacity 21306K, committed 21552K, reserved 1069056K
  class space    used 2423K, capacity 2597K, committed 2608K, reserved 1048576K
2017-08-18T12:54:31.525+0200: 2,884: [GC (Allocation Failure) 2017-08-18T12:54:31.525+0200: 2,884: [ParNew
Desired survivor size 20112992 bytes, new threshold 8 (max 8)
- age   1:    2083296 bytes,    2083296 total
- age   2:     867208 bytes,    2950504 total
- age   3:    6671152 bytes,    9621656 total
: 101197K->12932K(109248K), 0,0144558 secs] 101197K->12932K(502464K), 0,0145553 secs] [Times: user=0,04 sys=0,01, real=0,02 secs] 
Heap after GC invocations=3 (full 0):
 par new generation   total 109248K, used 12932K [0x00000000e0000000, 0x00000000e8000000, 0x00000000e8000000)
  eden space 87424K,   0% used [0x00000000e0000000, 0x00000000e0000000, 0x00000000e5560000)
  from space 21824K,  59% used [0x00000000e6ab0000, 0x00000000e7751130, 0x00000000e8000000)
  to   space 21824K,   0% used [0x00000000e5560000, 0x00000000e5560000, 0x00000000e6ab0000)
 concurrent mark-sweep generation total 393216K, used 0K [0x00000000e8000000, 0x0000000100000000, 0x0000000100000000)
 Metaspace       used 20996K, capacity 21306K, committed 21552K, reserved 1069056K
  class space    used 2423K, capacity 2597K, committed 2608K, reserved 1048576K
}
2017-08-18T12:54:31.539+0200: 2,898: Total time for which application threads were stopped: 0,0147713 seconds, Stopping threads took: 0,0000433 seconds
2017-08-18T12:54:31.540+0200: 2,898: [GC (CMS Initial Mark) [1 CMS-initial-mark: 0K(393216K)] 13639K(502464K), 0,0054760 secs] [Times: user=0,02 sys=0,00, real=0,01 secs] 
2017-08-18T12:54:31.545+0200: 2,904: Total time for which application threads were stopped: 0,0056419 seconds, Stopping threads took: 0,0000501 seconds
2017-08-18T12:54:31.545+0200: 2,904: [CMS-concurrent-mark-start]
2017-08-18T12:54:31.550+0200: 2,909: [CMS-concurrent-mark: 0,005/0,005 secs] [Times: user=0,01 sys=0,01, real=0,00 secs] 
2017-08-18T12:54:31.550+0200: 2,909: [CMS-concurrent-preclean-start]
2017-08-18T12:54:31.551+0200: 2,910: [CMS-concurrent-preclean: 0,001/0,001 secs] [Times: user=0,01 sys=0,00, real=0,00 secs] 
2017-08-18T12:54:31.551+0200: 2,910: [CMS-concurrent-abortable-preclean-start]
2017-08-18T12:54:31.650+0200: 3,008: Total time for which application threads were stopped: 0,0001643 seconds, Stopping threads took: 0,0000536 seconds
2017-08-18T12:54:31.651+0200: 3,009: Total time for which application threads were stopped: 0,0001791 seconds, Stopping threads took: 0,0000919 seconds
2017-08-18T12:54:31.653+0200: 3,012: [CMS-concurrent-abortable-preclean: 0,099/0,102 secs] [Times: user=0,39 sys=0,00, real=0,10 secs] 
2017-08-18T12:54:31.661+0200: 3,020: [GC (CMS Final Remark) [YG occupancy: 100356 K (109248 K)]{Heap before GC invocations=3 (full 1):
 par new generation   total 109248K, used 100356K [0x00000000e0000000, 0x00000000e8000000, 0x00000000e8000000)
  eden space 87424K, 100% used [0x00000000e0000000, 0x00000000e5560000, 0x00000000e5560000)
  from space 21824K,  59% used [0x00000000e6ab0000, 0x00000000e7751130, 0x00000000e8000000)
  to   space 21824K,   0% used [0x00000000e5560000, 0x00000000e5560000, 0x00000000e6ab0000)
 concurrent mark-sweep generation total 393216K, used 0K [0x00000000e8000000, 0x0000000100000000, 0x0000000100000000)
 Metaspace       used 21276K, capacity 21640K, committed 21960K, reserved 1069056K
  class space    used 2452K, capacity 2611K, committed 2684K, reserved 1048576K
2017-08-18T12:54:31.661+0200: 3,020: [GC (CMS Final Remark) 2017-08-18T12:54:31.661+0200: 3,020: [ParNew
Desired survivor size 20112992 bytes, new threshold 8 (max 8)
- age   1:     596320 bytes,     596320 total
- age   2:    1459696 bytes,    2056016 total
- age   3:     831848 bytes,    2887864 total
- age   4:    6671408 bytes,    9559272 total
: 100356K->11161K(109248K), 0,0094352 secs] 100356K->11161K(502464K), 0,0094763 secs] [Times: user=0,03 sys=0,01, real=0,01 secs] 
Heap after GC invocations=4 (full 1):
 par new generation   total 109248K, used 11161K [0x00000000e0000000, 0x00000000e8000000, 0x00000000e8000000)
  eden space 87424K,   0% used [0x00000000e0000000, 0x00000000e0000000, 0x00000000e5560000)
  from space 21824K,  51% used [0x00000000e5560000, 0x00000000e6046438, 0x00000000e6ab0000)
  to   space 21824K,   0% used [0x00000000e6ab0000, 0x00000000e6ab0000, 0x00000000e8000000)
 concurrent mark-sweep generation total 393216K, used 0K [0x00000000e8000000, 0x0000000100000000, 0x0000000100000000)
 Metaspace       used 21276K, capacity 21640K, committed 21960K, reserved 1069056K
  class space    used 2452K, capacity 2611K, committed 2684K, reserved 1048576K
}
2017-08-18T12:54:31.671+0200: 3,030: [Rescan (parallel) , 0,0032712 secs]2017-08-18T12:54:31.674+0200: 3,033: [weak refs processing, 0,0010146 secs]2017-08-18T12:54:31.675+0200: 3,034: [class unloading, 0,0028062 secs]2017-08-18T12:54:31.678+0200: 3,037: [scrub symbol table, 0,0025201 secs]2017-08-18T12:54:31.680+0200: 3,039: [scrub string table, 0,0003688 secs][1 CMS-remark: 0K(393216K)] 11161K(502464K), 0,0201313 secs] [Times: user=0,05 sys=0,01, real=0,02 secs] 
2017-08-18T12:54:31.681+0200: 3,040: Total time for which application threads were stopped: 0,0210457 seconds, Stopping threads took: 0,0008280 seconds
2017-08-18T12:54:31.681+0200: 3,040: [CMS-concurrent-sweep-start]
2017-08-18T12:54:31.681+0200: 3,040: [CMS-concurrent-sweep: 0,000/0,000 secs] [Times: user=0,00 sys=0,00, real=0,00 secs] 
2017-08-18T12:54:31.681+0200: 3,040: [CMS-concurrent-reset-start]
2017-08-18T12:54:31.683+0200: 3,042: [CMS-concurrent-reset: 0,002/0,002 secs] [Times: user=0,01 sys=0,00, real=0,00 secs] 
{Heap before GC invocations=4 (full 1):
 par new generation   total 109248K, used 98585K [0x00000000e0000000, 0x00000000e8000000, 0x00000000e8000000)
  eden space 87424K, 100% used [0x00000000e0000000, 0x00000000e5560000, 0x00000000e5560000)
  from space 21824K,  51% used [0x00000000e5560000, 0x00000000e6046438, 0x00000000e6ab0000)
  to   space 21824K,   0% used [0x00000000e6ab0000, 0x00000000e6ab0000, 0x00000000e8000000)
 concurrent mark-sweep generation total 393216K, used 0K [0x00000000e8000000, 0x0000000100000000, 0x0000000100000000)
 Metaspace       used 21394K, capacity 21812K, committed 21960K, reserved 1069056K
  class space    used 2471K, capacity 2645K, committed 2684K, reserved 1048576K
2017-08-18T12:54:31.768+0200: 3,127: [GC (Allocation Failure) 2017-08-18T12:54:31.768+0200: 3,127: [ParNew
Desired survivor size 20112992 bytes, new threshold 8 (max 8)
- age   1:    1202000 bytes,    1202000 total
- age   2:     186896 bytes,    1388896 total
- age   3:    1459448 bytes,    2848344 total
- age   4:     831856 bytes,    3680200 total
- age   5:    6671184 bytes,   10351384 total
: 98585K->16482K(109248K), 0,0096145 secs] 98585K->16482K(502464K), 0,0096787 secs] [Times: user=0,03 sys=0,00, real=0,01 secs] 
Heap after GC invocations=5 (full 1):
 par new generation   total 109248K, used 16482K [0x00000000e0000000, 0x00000000e8000000, 0x00000000e8000000)
  eden space 87424K,   0% used [0x00000000e0000000, 0x00000000e0000000, 0x00000000e5560000)
  from space 21824K,  75% used [0x00000000e6ab0000, 0x00000000e7ac8a80, 0x00000000e8000000)
  to   space 21824K,   0% used [0x00000000e5560000, 0x00000000e5560000, 0x00000000e6ab0000)
 concurrent mark-sweep generation total 393216K, used 0K [0x00000000e8000000, 0x0000000100000000, 0x0000000100000000)
 Metaspace       used 21394K, capacity 21812K, committed 21960K, reserved 1069056K
  class space    used 2471K, capacity 2645K, committed 2684K, reserved 1048576K
}
2017-08-18T12:54:31.778+0200: 3,137: Total time for which application threads were stopped: 0,0107897 seconds, Stopping threads took: 0,0009689 seconds
2017-08-18T12:54:31.820+0200: 3,179: Total time for which application threads were stopped: 0,0003975 seconds, Stopping threads took: 0,0000412 seconds
2017-08-18T12:54:32.082+0200: 3,440: Total time for which application threads were stopped: 0,0004942 seconds, Stopping threads took: 0,0000478 seconds
2017-08-18T12:54:32.096+0200: 3,455: Total time for which application threads were stopped: 0,0004013 seconds, Stopping threads took: 0,0000514 seconds
{Heap before GC invocations=5 (full 1):
 par new generation   total 109248K, used 103906K [0x00000000e0000000, 0x00000000e8000000, 0x00000000e8000000)
  eden space 87424K, 100% used [0x00000000e0000000, 0x00000000e5560000, 0x00000000e5560000)
  from space 21824K,  75% used [0x00000000e6ab0000, 0x00000000e7ac8a80, 0x00000000e8000000)
  to   space 21824K,   0% used [0x00000000e5560000, 0x00000000e5560000, 0x00000000e6ab0000)
 concurrent mark-sweep generation total 393216K, used 0K [0x00000000e8000000, 0x0000000100000000, 0x0000000100000000)
 Metaspace       used 23864K, capacity 24308K, committed 24572K, reserved 1071104K
  class space    used 2810K, capacity 2987K, committed 3068K, reserved 1048576K
2017-08-18T12:54:32.263+0200: 3,622: [GC (Allocation Failure) 2017-08-18T12:54:32.263+0200: 3,622: [ParNew
Desired survivor size 20112992 bytes, new threshold 8 (max 8)
- age   1:    5240128 bytes,    5240128 total
- age   2:     120616 bytes,    5360744 total
- age   3:     185440 bytes,    5546184 total
- age   4:     289632 bytes,    5835816 total
- age   5:     807368 bytes,    6643184 total
- age   6:    6662800 bytes,   13305984 total
: 103906K->16056K(109248K), 0,0225118 secs] 103906K->16056K(502464K), 0,0226126 secs] [Times: user=0,06 sys=0,00, real=0,03 secs] 
Heap after GC invocations=6 (full 1):
 par new generation   total 109248K, used 16056K [0x00000000e0000000, 0x00000000e8000000, 0x00000000e8000000)
  eden space 87424K,   0% used [0x00000000e0000000, 0x00000000e0000000, 0x00000000e5560000)
  from space 21824K,  73% used [0x00000000e5560000, 0x00000000e650e090, 0x00000000e6ab0000)
  to   space 21824K,   0% used [0x00000000e6ab0000, 0x00000000e6ab0000, 0x00000000e8000000)
 concurrent mark-sweep generation total 393216K, used 0K [0x00000000e8000000, 0x0000000100000000, 0x0000000100000000)
 Metaspace       used 23864K, capacity 24308K, committed 24572K, reserved 1071104K
  class space    used 2810K, capacity 2987K, committed 3068K, reserved 1048576K
}
2017-08-18T12:54:32.286+0200: 3,645: Total time for which application threads were stopped: 0,0238154 seconds, Stopping threads took: 0,0009283 seconds
{Heap before GC invocations=6 (full 1):
 par new generation   total 109248K, used 103480K [0x00000000e0000000, 0x00000000e8000000, 0x00000000e8000000)
  eden space 87424K, 100% used [0x00000000e0000000, 0x00000000e5560000, 0x00000000e5560000)
  from space 21824K,  73% used [0x00000000e5560000, 0x00000000e650e090, 0x00000000e6ab0000)
  to   space 21824K,   0% used [0x00000000e6ab0000, 0x00000000e6ab0000, 0x00000000e8000000)
 concurrent mark-sweep generation total 393216K, used 0K [0x00000000e8000000, 0x0000000100000000, 0x0000000100000000)
 Metaspace       used 24417K, capacity 24890K, committed 25084K, reserved 1071104K
  class space    used 2862K, capacity 3052K, committed 3068K, reserved 1048576K
2017-08-18T12:54:32.389+0200: 3,748: [GC (Allocation Failure) 2017-08-18T12:54:32.389+0200: 3,748: [ParNew
Desired survivor size 20112992 bytes, new threshold 8 (max 8)
- age   1:    1829320 bytes,    1829320 total
- age   2:    1801536 bytes,    3630856 total
- age   3:      39056 bytes,    3669912 total
- age   4:     116144 bytes,    3786056 total
- age   5:     193032 bytes,    3979088 total
- age   6:     765144 bytes,    4744232 total
- age   7:    6129832 bytes,   10874064 total
: 103480K->16338K(109248K), 0,0152280 secs] 103480K->16338K(502464K), 0,0153136 secs] [Times: user=0,05 sys=0,00, real=0,01 secs] 
Heap after GC invocations=7 (full 1):
 par new generation   total 109248K, used 16338K [0x00000000e0000000, 0x00000000e8000000, 0x00000000e8000000)
  eden space 87424K,   0% used [0x00000000e0000000, 0x00000000e0000000, 0x00000000e5560000)
  from space 21824K,  74% used [0x00000000e6ab0000, 0x00000000e7aa4aa0, 0x00000000e8000000)
  to   space 21824K,   0% used [0x00000000e5560000, 0x00000000e5560000, 0x00000000e6ab0000)
 concurrent mark-sweep generation total 393216K, used 0K [0x00000000e8000000, 0x0000000100000000, 0x0000000100000000)
 Metaspace       used 24417K, capacity 24890K, committed 25084K, reserved 1071104K
  class space    used 2862K, capacity 3052K, committed 3068K, reserved 1048576K
}
2017-08-18T12:54:32.405+0200: 3,764: Total time for which application threads were stopped: 0,0158110 seconds, Stopping threads took: 0,0003138 seconds
{Heap before GC invocations=7 (full 1):
 par new generation   total 109248K, used 103762K [0x00000000e0000000, 0x00000000e8000000, 0x00000000e8000000)
  eden space 87424K, 100% used [0x00000000e0000000, 0x00000000e5560000, 0x00000000e5560000)
  from space 21824K,  74% used [0x00000000e6ab0000, 0x00000000e7aa4aa0, 0x00000000e8000000)
  to   space 21824K,   0% used [0x00000000e5560000, 0x00000000e5560000, 0x00000000e6ab0000)
 concurrent mark-sweep generation total 393216K, used 0K [0x00000000e8000000, 0x0000000100000000, 0x0000000100000000)
 Metaspace       used 24823K, capacity 25332K, committed 25468K, reserved 1071104K
  class space    used 2901K, capacity 3089K, committed 3196K, reserved 1048576K
2017-08-18T12:54:32.500+0200: 3,859: [GC (Allocation Failure) 2017-08-18T12:54:32.500+0200: 3,859: [ParNew
Desired survivor size 20112992 bytes, new threshold 8 (max 8)
- age   1:    1097192 bytes,    1097192 total
- age   2:     985176 bytes,    2082368 total
- age   3:    1777904 bytes,    3860272 total
- age   4:      39056 bytes,    3899328 total
- age   5:     113400 bytes,    4012728 total
- age   6:     190040 bytes,    4202768 total
- age   7:     763640 bytes,    4966408 total
- age   8:    6129648 bytes,   11096056 total
: 103762K->13444K(109248K), 0,0182325 secs] 103762K->13444K(502464K), 0,0183157 secs] [Times: user=0,03 sys=0,00, real=0,02 secs] 
Heap after GC invocations=8 (full 1):
 par new generation   total 109248K, used 13444K [0x00000000e0000000, 0x00000000e8000000, 0x00000000e8000000)
  eden space 87424K,   0% used [0x00000000e0000000, 0x00000000e0000000, 0x00000000e5560000)
  from space 21824K,  61% used [0x00000000e5560000, 0x00000000e62812c0, 0x00000000e6ab0000)
  to   space 21824K,   0% used [0x00000000e6ab0000, 0x00000000e6ab0000, 0x00000000e8000000)
 concurrent mark-sweep generation total 393216K, used 0K [0x00000000e8000000, 0x0000000100000000, 0x0000000100000000)
 Metaspace       used 24823K, capacity 25332K, committed 25468K, reserved 1071104K
  class space    used 2901K, capacity 3089K, committed 3196K, reserved 1048576K
}
2017-08-18T12:54:32.518+0200: 3,877: Total time for which application threads were stopped: 0,0188784 seconds, Stopping threads took: 0,0003805 seconds
2017-08-18T12:54:32.700+0200: 4,059: Total time for which application threads were stopped: 0,0003580 seconds, Stopping threads took: 0,0000473 seconds
2017-08-18T12:54:32.702+0200: 4,061: Total time for which application threads were stopped: 0,0001406 seconds, Stopping threads took: 0,0000473 seconds
2017-08-18T12:54:32.713+0200: 4,072: Total time for which application threads were stopped: 0,0001760 seconds, Stopping threads took: 0,0000381 seconds
2017-08-18T12:54:32.730+0200: 4,089: Total time for which application threads were stopped: 0,0001784 seconds, Stopping threads took: 0,0000951 seconds
2017-08-18T12:54:32.737+0200: 4,096: Total time for which application threads were stopped: 0,0035310 seconds, Stopping threads took: 0,0034308 seconds
2017-08-18T12:54:32.737+0200: 4,096: Total time for which application threads were stopped: 0,0000758 seconds, Stopping threads took: 0,0000157 seconds
2017-08-18T12:54:32.738+0200: 4,097: Total time for which application threads were stopped: 0,0000975 seconds, Stopping threads took: 0,0000170 seconds
2017-08-18T12:54:32.745+0200: 4,103: Total time for which application threads were stopped: 0,0001482 seconds, Stopping threads took: 0,0000370 seconds
2017-08-18T12:54:32.756+0200: 4,115: Total time for which application threads were stopped: 0,0025672 seconds, Stopping threads took: 0,0024765 seconds
2017-08-18T12:54:32.797+0200: 4,156: Total time for which application threads were stopped: 0,0005620 seconds, Stopping threads took: 0,0004646 seconds
2017-08-18T12:54:32.798+0200: 4,157: Total time for which application threads were stopped: 0,0001226 seconds, Stopping threads took: 0,0000325 seconds
2017-08-18T12:54:32.826+0200: 4,184: Total time for which application threads were stopped: 0,0006218 seconds, Stopping threads took: 0,0001056 seconds
2017-08-18T12:54:32.842+0200: 4,201: Total time for which application threads were stopped: 0,0001991 seconds, Stopping threads took: 0,0000501 seconds
2017-08-18T12:54:32.843+0200: 4,201: Total time for which application threads were stopped: 0,0004729 seconds, Stopping threads took: 0,0000164 seconds
2017-08-18T12:54:32.850+0200: 4,209: Total time for which application threads were stopped: 0,0001318 seconds, Stopping threads took: 0,0000462 seconds
2017-08-18T12:54:32.851+0200: 4,210: Total time for which application threads were stopped: 0,0001412 seconds, Stopping threads took: 0,0000441 seconds
2017-08-18T12:54:32.860+0200: 4,219: Total time for which application threads were stopped: 0,0001937 seconds, Stopping threads took: 0,0001157 seconds
2017-08-18T12:54:32.896+0200: 4,255: Total time for which application threads were stopped: 0,0001822 seconds, Stopping threads took: 0,0000781 seconds
2017-08-18T12:54:32.900+0200: 4,259: Total time for which application threads were stopped: 0,0003755 seconds, Stopping threads took: 0,0000257 seconds
2017-08-18T12:54:32.904+0200: 4,263: Total time for which application threads were stopped: 0,0002485 seconds, Stopping threads took: 0,0001561 seconds
2017-08-18T12:54:32.904+0200: 4,263: Total time for which application threads were stopped: 0,0001218 seconds, Stopping threads took: 0,0000354 seconds
2017-08-18T12:54:32.905+0200: 4,263: Total time for which application threads were stopped: 0,0001009 seconds, Stopping threads took: 0,0000299 seconds
2017-08-18T12:54:32.905+0200: 4,264: Total time for which application threads were stopped: 0,0001488 seconds, Stopping threads took: 0,0000780 seconds
2017-08-18T12:54:32.905+0200: 4,264: Total time for which application threads were stopped: 0,0000617 seconds, Stopping threads took: 0,0000178 seconds
2017-08-18T12:54:32.906+0200: 4,264: Total time for which application threads were stopped: 0,0001250 seconds, Stopping threads took: 0,0000944 seconds
2017-08-18T12:54:32.910+0200: 4,269: Total time for which application threads were stopped: 0,0000761 seconds, Stopping threads took: 0,0000187 seconds
2017-08-18T12:54:32.913+0200: 4,272: Total time for which application threads were stopped: 0,0024557 seconds, Stopping threads took: 0,0024083 seconds
2017-08-18T12:54:32.921+0200: 4,280: Total time for which application threads were stopped: 0,0014239 seconds, Stopping threads took: 0,0013453 seconds
2017-08-18T12:54:32.922+0200: 4,281: Total time for which application threads were stopped: 0,0001438 seconds, Stopping threads took: 0,0000174 seconds
2017-08-18T12:54:32.923+0200: 4,282: Total time for which application threads were stopped: 0,0001002 seconds, Stopping threads took: 0,0000245 seconds
2017-08-18T12:54:32.924+0200: 4,282: Total time for which application threads were stopped: 0,0000871 seconds, Stopping threads took: 0,0000319 seconds
2017-08-18T12:54:32.924+0200: 4,282: Total time for which application threads were stopped: 0,0000778 seconds, Stopping threads took: 0,0000155 seconds
2017-08-18T12:54:32.924+0200: 4,283: Total time for which application threads were stopped: 0,0000643 seconds, Stopping threads took: 0,0000131 seconds
2017-08-18T12:54:32.924+0200: 4,283: Total time for which application threads were stopped: 0,0000755 seconds, Stopping threads took: 0,0000214 seconds
2017-08-18T12:54:32.924+0200: 4,283: Total time for which application threads were stopped: 0,0000670 seconds, Stopping threads took: 0,0000211 seconds
2017-08-18T12:54:32.924+0200: 4,283: Total time for which application threads were stopped: 0,0000509 seconds, Stopping threads took: 0,0000087 seconds
2017-08-18T12:54:32.924+0200: 4,283: Total time for which application threads were stopped: 0,0000432 seconds, Stopping threads took: 0,0000090 seconds
2017-08-18T12:54:32.925+0200: 4,283: Total time for which application threads were stopped: 0,0000407 seconds, Stopping threads took: 0,0000087 seconds
2017-08-18T12:54:32.925+0200: 4,283: Total time for which application threads were stopped: 0,0000490 seconds, Stopping threads took: 0,0000165 seconds
2017-08-18T12:54:32.925+0200: 4,284: Total time for which application threads were stopped: 0,0000544 seconds, Stopping threads took: 0,0000178 seconds
2017-08-18T12:54:32.925+0200: 4,284: Total time for which application threads were stopped: 0,0000397 seconds, Stopping threads took: 0,0000081 seconds
2017-08-18T12:54:32.925+0200: 4,284: Total time for which application threads were stopped: 0,0000448 seconds, Stopping threads took: 0,0000179 seconds
2017-08-18T12:54:32.925+0200: 4,284: Total time for which application threads were stopped: 0,0000405 seconds, Stopping threads took: 0,0000151 seconds
2017-08-18T12:54:32.925+0200: 4,284: Total time for which application threads were stopped: 0,0000831 seconds, Stopping threads took: 0,0000451 seconds
2017-08-18T12:54:32.925+0200: 4,284: Total time for which application threads were stopped: 0,0000501 seconds, Stopping threads took: 0,0000097 seconds
2017-08-18T12:54:32.925+0200: 4,284: Total time for which application threads were stopped: 0,0000408 seconds, Stopping threads took: 0,0000080 seconds
2017-08-18T12:54:32.926+0200: 4,284: Total time for which application threads were stopped: 0,0000461 seconds, Stopping threads took: 0,0000192 seconds
2017-08-18T12:54:32.926+0200: 4,284: Total time for which application threads were stopped: 0,0000436 seconds, Stopping threads took: 0,0000179 seconds
2017-08-18T12:54:32.926+0200: 4,285: Total time for which application threads were stopped: 0,0001075 seconds, Stopping threads took: 0,0000096 seconds
2017-08-18T12:54:32.930+0200: 4,289: Total time for which application threads were stopped: 0,0001157 seconds, Stopping threads took: 0,0000423 seconds
2017-08-18T12:54:32.933+0200: 4,291: Total time for which application threads were stopped: 0,0001321 seconds, Stopping threads took: 0,0000585 seconds
2017-08-18T12:54:32.936+0200: 4,294: Total time for which application threads were stopped: 0,0001836 seconds, Stopping threads took: 0,0001097 seconds
2017-08-18T12:54:32.939+0200: 4,298: Total time for which application threads were stopped: 0,0000938 seconds, Stopping threads took: 0,0000199 seconds
2017-08-18T12:54:32.947+0200: 4,305: Total time for which application threads were stopped: 0,0001281 seconds, Stopping threads took: 0,0000397 seconds
2017-08-18T12:54:32.948+0200: 4,306: Total time for which application threads were stopped: 0,0001344 seconds, Stopping threads took: 0,0000357 seconds
2017-08-18T12:54:32.957+0200: 4,316: Total time for which application threads were stopped: 0,0018912 seconds, Stopping threads took: 0,0018228 seconds
2017-08-18T12:54:32.968+0200: 4,327: Total time for which application threads were stopped: 0,0001647 seconds, Stopping threads took: 0,0000871 seconds
2017-08-18T12:54:33.002+0200: 4,361: Total time for which application threads were stopped: 0,0001639 seconds, Stopping threads took: 0,0000760 seconds
2017-08-18T12:54:33.003+0200: 4,362: Total time for which application threads were stopped: 0,0003514 seconds, Stopping threads took: 0,0000142 seconds
2017-08-18T12:54:33.003+0200: 4,362: Total time for which application threads were stopped: 0,0000867 seconds, Stopping threads took: 0,0000239 seconds
2017-08-18T12:54:33.007+0200: 4,366: Total time for which application threads were stopped: 0,0000722 seconds, Stopping threads took: 0,0000168 seconds
2017-08-18T12:54:34.008+0200: 5,366: Total time for which application threads were stopped: 0,0000680 seconds, Stopping threads took: 0,0000158 seconds
2017-08-18T12:55:01.011+0200: 32,369: Total time for which application threads were stopped: 0,0000886 seconds, Stopping threads took: 0,0000358 seconds
2017-08-18T12:55:51.016+0200: 82,375: Total time for which application threads were stopped: 0,0000811 seconds, Stopping threads took: 0,0000349 seconds
2017-08-18T12:56:26.020+0200: 117,379: Total time for which application threads were stopped: 0,0001285 seconds, Stopping threads took: 0,0000452 seconds
2017-08-18T12:56:31.020+0200: 122,379: Total time for which application threads were stopped: 0,0001971 seconds, Stopping threads took: 0,0000200 seconds
{Heap before GC invocations=8 (full 1):
 par new generation   total 109248K, used 100868K [0x00000000e0000000, 0x00000000e8000000, 0x00000000e8000000)
  eden space 87424K, 100% used [0x00000000e0000000, 0x00000000e5560000, 0x00000000e5560000)
  from space 21824K,  61% used [0x00000000e5560000, 0x00000000e62812c0, 0x00000000e6ab0000)
  to   space 21824K,   0% used [0x00000000e6ab0000, 0x00000000e6ab0000, 0x00000000e8000000)
 concurrent mark-sweep generation total 393216K, used 0K [0x00000000e8000000, 0x0000000100000000, 0x0000000100000000)
 Metaspace       used 28024K, capacity 28568K, committed 28796K, reserved 1075200K
  class space    used 3215K, capacity 3395K, committed 3452K, reserved 1048576K
2017-08-18T12:57:24.677+0200: 176,036: [GC (Allocation Failure) 2017-08-18T12:57:24.677+0200: 176,036: [ParNew
Desired survivor size 20112992 bytes, new threshold 8 (max 8)
- age   1:   10961792 bytes,   10961792 total
- age   2:     223456 bytes,   11185248 total
- age   3:     205528 bytes,   11390776 total
- age   4:    1771936 bytes,   13162712 total
- age   5:      39056 bytes,   13201768 total
- age   6:     113272 bytes,   13315040 total
- age   7:     189608 bytes,   13504648 total
- age   8:     762312 bytes,   14266960 total
: 100868K->16383K(109248K), 0,0320878 secs] 100868K->22902K(502464K), 0,0321602 secs] [Times: user=0,11 sys=0,00, real=0,03 secs] 
Heap after GC invocations=9 (full 1):
 par new generation   total 109248K, used 16383K [0x00000000e0000000, 0x00000000e8000000, 0x00000000e8000000)
  eden space 87424K,   0% used [0x00000000e0000000, 0x00000000e0000000, 0x00000000e5560000)
  from space 21824K,  75% used [0x00000000e6ab0000, 0x00000000e7aafce0, 0x00000000e8000000)
  to   space 21824K,   0% used [0x00000000e5560000, 0x00000000e5560000, 0x00000000e6ab0000)
 concurrent mark-sweep generation total 393216K, used 6519K [0x00000000e8000000, 0x0000000100000000, 0x0000000100000000)
 Metaspace       used 28024K, capacity 28568K, committed 28796K, reserved 1075200K
  class space    used 3215K, capacity 3395K, committed 3452K, reserved 1048576K
}
2017-08-18T12:57:24.710+0200: 176,068: Total time for which application threads were stopped: 0,0323438 seconds, Stopping threads took: 0,0000623 seconds
2017-08-18T12:57:24.710+0200: 176,069: Total time for which application threads were stopped: 0,0000721 seconds, Stopping threads took: 0,0000204 seconds
2017-08-18T12:57:24.711+0200: 176,069: Total time for which application threads were stopped: 0,0000422 seconds, Stopping threads took: 0,0000109 seconds
2017-08-18T12:57:34.712+0200: 186,071: Total time for which application threads were stopped: 0,0000821 seconds, Stopping threads took: 0,0000183 seconds
2017-08-18T12:59:04.726+0200: 276,085: Total time for which application threads were stopped: 0,0001398 seconds, Stopping threads took: 0,0000608 seconds
2017-08-18T12:59:05.726+0200: 277,085: Total time for which application threads were stopped: 0,0001074 seconds, Stopping threads took: 0,0000261 seconds
2017-08-18T13:17:59.911+0200: 1411,270: Total time for which application threads were stopped: 0,0002489 seconds, Stopping threads took: 0,0000823 seconds
2017-08-18T13:23:09.963+0200: 1721,322: Total time for which application threads were stopped: 0,0001658 seconds, Stopping threads took: 0,0000623 seconds
2017-08-18T13:32:46.052+0200: 2297,410: Total time for which application threads were stopped: 0,0000792 seconds, Stopping threads took: 0,0000311 seconds
2017-08-18T13:32:50.052+0200: 2301,411: Total time for which application threads were stopped: 0,0000629 seconds, Stopping threads took: 0,0000150 seconds
2017-08-18T13:47:46.164+0200: 3197,522: Total time for which application threads were stopped: 0,0001933 seconds, Stopping threads took: 0,0000731 seconds
2017-08-18T15:17:40.201+0200: 3816,873: Total time for which application threads were stopped: 0,0000932 seconds, Stopping threads took: 0,0000375 seconds
2017-08-18T15:20:05.216+0200: 3961,888: Total time for which application threads were stopped: 0,0000814 seconds, Stopping threads took: 0,0000345 seconds
2017-08-18T15:33:57.305+0200: 4793,977: Total time for which application threads were stopped: 0,0000800 seconds, Stopping threads took: 0,0000326 seconds
2017-08-18T15:34:07.306+0200: 4803,978: Total time for which application threads were stopped: 0,0000904 seconds, Stopping threads took: 0,0000366 seconds
2017-08-18T16:06:33.110+0200: 6749,178: Total time for which application threads were stopped: 0,0001411 seconds, Stopping threads took: 0,0000531 seconds
2017-08-18T16:13:36.154+0200: 7172,223: Total time for which application threads were stopped: 0,0004517 seconds, Stopping threads took: 0,0002028 seconds
2017-08-18T16:16:06.169+0200: 7322,237: Total time for which application threads were stopped: 0,0003653 seconds, Stopping threads took: 0,0001439 seconds
2017-08-18T16:17:06.175+0200: 7382,243: Total time for which application threads were stopped: 0,0000904 seconds, Stopping threads took: 0,0000369 seconds
2017-08-18T16:22:06.205+0200: 7682,274: Total time for which application threads were stopped: 0,0001685 seconds, Stopping threads took: 0,0000591 seconds
2017-08-18T16:22:36.209+0200: 7712,277: Total time for which application threads were stopped: 0,0000892 seconds, Stopping threads took: 0,0000366 seconds
2017-08-18T16:51:50.625+0200: 9466,693: Total time for which application threads were stopped: 0,0018370 seconds, Stopping threads took: 0,0017250 seconds
2017-08-18T16:51:50.643+0200: 9466,711: Total time for which application threads were stopped: 0,0141278 seconds, Stopping threads took: 0,0140363 seconds
2017-08-18T16:51:50.645+0200: 9466,713: Total time for which application threads were stopped: 0,0000849 seconds, Stopping threads took: 0,0000131 seconds
2017-08-18T16:51:50.645+0200: 9466,713: Total time for which application threads were stopped: 0,0000605 seconds, Stopping threads took: 0,0000207 seconds
2017-08-18T16:51:50.645+0200: 9466,713: Total time for which application threads were stopped: 0,0000495 seconds, Stopping threads took: 0,0000131 seconds
2017-08-18T16:51:50.645+0200: 9466,713: Total time for which application threads were stopped: 0,0000441 seconds, Stopping threads took: 0,0000112 seconds
2017-08-18T16:51:50.645+0200: 9466,713: Total time for which application threads were stopped: 0,0000461 seconds, Stopping threads took: 0,0000123 seconds
2017-08-18T16:51:50.645+0200: 9466,713: Total time for which application threads were stopped: 0,0000420 seconds, Stopping threads took: 0,0000116 seconds
2017-08-18T16:51:50.645+0200: 9466,713: Total time for which application threads were stopped: 0,0000407 seconds, Stopping threads took: 0,0000118 seconds
2017-08-18T16:51:50.662+0200: 9466,731: Total time for which application threads were stopped: 0,0013629 seconds, Stopping threads took: 0,0012677 seconds
2017-08-18T16:51:50.674+0200: 9466,742: Total time for which application threads were stopped: 0,0052110 seconds, Stopping threads took: 0,0051263 seconds
2017-08-18T16:51:50.682+0200: 9466,751: Total time for which application threads were stopped: 0,0050036 seconds, Stopping threads took: 0,0049277 seconds
2017-08-18T16:51:50.684+0200: 9466,752: Total time for which application threads were stopped: 0,0001618 seconds, Stopping threads took: 0,0000687 seconds
2017-08-18T16:51:50.685+0200: 9466,754: Total time for which application threads were stopped: 0,0009396 seconds, Stopping threads took: 0,0008567 seconds
2017-08-18T16:51:50.688+0200: 9466,756: Total time for which application threads were stopped: 0,0000976 seconds, Stopping threads took: 0,0000211 seconds
2017-08-18T16:51:50.700+0200: 9466,768: Total time for which application threads were stopped: 0,0000891 seconds, Stopping threads took: 0,0000191 seconds
2017-08-18T16:51:50.700+0200: 9466,768: Total time for which application threads were stopped: 0,0000483 seconds, Stopping threads took: 0,0000098 seconds
2017-08-18T16:51:50.700+0200: 9466,768: Total time for which application threads were stopped: 0,0000392 seconds, Stopping threads took: 0,0000069 seconds
2017-08-18T16:51:50.700+0200: 9466,768: Total time for which application threads were stopped: 0,0000369 seconds, Stopping threads took: 0,0000066 seconds
2017-08-18T16:51:50.700+0200: 9466,768: Total time for which application threads were stopped: 0,0000372 seconds, Stopping threads took: 0,0000064 seconds
2017-08-18T16:51:50.700+0200: 9466,768: Total time for which application threads were stopped: 0,0000444 seconds, Stopping threads took: 0,0000140 seconds
2017-08-18T16:51:50.700+0200: 9466,769: Total time for which application threads were stopped: 0,0004258 seconds, Stopping threads took: 0,0003758 seconds
2017-08-18T16:51:50.702+0200: 9466,770: Total time for which application threads were stopped: 0,0001083 seconds, Stopping threads took: 0,0000329 seconds
2017-08-18T16:51:50.712+0200: 9466,780: Total time for which application threads were stopped: 0,0076538 seconds, Stopping threads took: 0,0075393 seconds
2017-08-18T16:51:50.713+0200: 9466,781: Total time for which application threads were stopped: 0,0001603 seconds, Stopping threads took: 0,0000904 seconds
2017-08-18T16:51:50.713+0200: 9466,782: Total time for which application threads were stopped: 0,0000647 seconds, Stopping threads took: 0,0000236 seconds
2017-08-18T16:51:50.713+0200: 9466,782: Total time for which application threads were stopped: 0,0000524 seconds, Stopping threads took: 0,0000138 seconds
2017-08-18T16:51:50.713+0200: 9466,782: Total time for which application threads were stopped: 0,0000507 seconds, Stopping threads took: 0,0000161 seconds
2017-08-18T16:51:50.717+0200: 9466,785: Total time for which application threads were stopped: 0,0001134 seconds, Stopping threads took: 0,0000188 seconds
2017-08-18T16:51:50.717+0200: 9466,785: Total time for which application threads were stopped: 0,0000726 seconds, Stopping threads took: 0,0000207 seconds
2017-08-18T16:51:50.717+0200: 9466,785: Total time for which application threads were stopped: 0,0000615 seconds, Stopping threads took: 0,0000204 seconds
2017-08-18T16:51:50.717+0200: 9466,785: Total time for which application threads were stopped: 0,0000548 seconds, Stopping threads took: 0,0000151 seconds
2017-08-18T16:51:50.717+0200: 9466,786: Total time for which application threads were stopped: 0,0000533 seconds, Stopping threads took: 0,0000141 seconds
2017-08-18T16:51:50.717+0200: 9466,786: Total time for which application threads were stopped: 0,0000473 seconds, Stopping threads took: 0,0000131 seconds
2017-08-18T16:51:50.728+0200: 9466,796: Total time for which application threads were stopped: 0,0001015 seconds, Stopping threads took: 0,0000198 seconds
2017-08-18T16:51:50.728+0200: 9466,796: Total time for which application threads were stopped: 0,0000705 seconds, Stopping threads took: 0,0000186 seconds
2017-08-18T16:51:50.728+0200: 9466,796: Total time for which application threads were stopped: 0,0000653 seconds, Stopping threads took: 0,0000092 seconds
2017-08-18T16:51:50.731+0200: 9466,799: Total time for which application threads were stopped: 0,0001453 seconds, Stopping threads took: 0,0000633 seconds
2017-08-18T16:51:50.732+0200: 9466,801: Total time for which application threads were stopped: 0,0002483 seconds, Stopping threads took: 0,0001710 seconds
2017-08-18T16:51:50.733+0200: 9466,801: Total time for which application threads were stopped: 0,0000767 seconds, Stopping threads took: 0,0000217 seconds
2017-08-18T16:51:50.736+0200: 9466,804: Total time for which application threads were stopped: 0,0029016 seconds, Stopping threads took: 0,0028071 seconds
2017-08-18T16:51:50.736+0200: 9466,804: Total time for which application threads were stopped: 0,0000714 seconds, Stopping threads took: 0,0000219 seconds
2017-08-18T16:51:50.737+0200: 9466,806: Total time for which application threads were stopped: 0,0001038 seconds, Stopping threads took: 0,0000402 seconds
2017-08-18T16:51:50.738+0200: 9466,806: Total time for which application threads were stopped: 0,0000870 seconds, Stopping threads took: 0,0000301 seconds
2017-08-18T16:51:50.738+0200: 9466,806: Total time for which application threads were stopped: 0,0000884 seconds, Stopping threads took: 0,0000417 seconds
2017-08-18T16:51:50.738+0200: 9466,807: Total time for which application threads were stopped: 0,0000641 seconds, Stopping threads took: 0,0000234 seconds
2017-08-18T16:51:50.739+0200: 9466,807: Total time for which application threads were stopped: 0,0000634 seconds, Stopping threads took: 0,0000128 seconds
2017-08-18T16:51:50.739+0200: 9466,807: Total time for which application threads were stopped: 0,0000484 seconds, Stopping threads took: 0,0000108 seconds
2017-08-18T16:51:50.739+0200: 9466,807: Total time for which application threads were stopped: 0,0000429 seconds, Stopping threads took: 0,0000078 seconds
2017-08-18T16:51:50.739+0200: 9466,808: Total time for which application threads were stopped: 0,0000722 seconds, Stopping threads took: 0,0000285 seconds
2017-08-18T16:51:50.742+0200: 9466,811: Total time for which application threads were stopped: 0,0001487 seconds, Stopping threads took: 0,0000459 seconds
2017-08-18T16:51:50.743+0200: 9466,811: Total time for which application threads were stopped: 0,0000367 seconds, Stopping threads took: 0,0000072 seconds
2017-08-18T16:51:50.743+0200: 9466,812: Total time for which application threads were stopped: 0,0008675 seconds, Stopping threads took: 0,0008223 seconds
2017-08-18T16:51:50.744+0200: 9466,812: Total time for which application threads were stopped: 0,0001484 seconds, Stopping threads took: 0,0000121 seconds
2017-08-18T16:51:50.746+0200: 9466,814: Total time for which application threads were stopped: 0,0000728 seconds, Stopping threads took: 0,0000160 seconds
2017-08-18T16:51:50.746+0200: 9466,815: Total time for which application threads were stopped: 0,0001311 seconds, Stopping threads took: 0,0000393 seconds
Heap
 par new generation   total 109248K, used 38369K [0x00000000e0000000, 0x00000000e8000000, 0x00000000e8000000)
  eden space 87424K,  25% used [0x00000000e0000000, 0x00000000e1578728, 0x00000000e5560000)
  from space 21824K,  75% used [0x00000000e6ab0000, 0x00000000e7aafce0, 0x00000000e8000000)
  to   space 21824K,   0% used [0x00000000e5560000, 0x00000000e5560000, 0x00000000e6ab0000)
 concurrent mark-sweep generation total 393216K, used 6519K [0x00000000e8000000, 0x0000000100000000, 0x0000000100000000)
 Metaspace       used 28171K, capacity 28738K, committed 29052K, reserved 1075200K
  class space    used 3230K, capacity 3430K, committed 3452K, reserved 1048576K
