OpenJDK 64-Bit Server VM (25.121-b13) for linux-amd64 JRE (1.8.0_121-8u121-b13-0ubuntu1.16.04.2-b13), built on Jan 23 2017 15:51:29 by "buildd" with gcc 5.4.0 20160609
Memory: 4k page, physical 7867760k(7480356k free), swap 8076284k(8076284k free)
CommandLine flags: -XX:CMSInitiatingOccupancyFraction=50 -XX:CMSMaxAbortablePrecleanTime=6000 -XX:+CMSParallelRemarkEnabled -XX:+CMSScavengeBeforeRemark -XX:ConcGCThreads=4 -XX:InitialHeapSize=536870912 -XX:MaxHeapSize=536870912 -XX:MaxTenuringThreshold=8 -XX:NewRatio=3 -XX:OldPLABSize=16 -XX:OnOutOfMemoryError=/opt/solr/bin/oom_solr.sh 8983 /var/solr/logs -XX:ParallelGCThreads=4 -XX:+ParallelRefProcEnabled -XX:PretenureSizeThreshold=67108864 -XX:+PrintGC -XX:+PrintGCApplicationStoppedTime -XX:+PrintGCDateStamps -XX:+PrintGCDetails -XX:+PrintGCTimeStamps -XX:+PrintHeapAtGC -XX:+PrintTenuringDistribution -XX:SurvivorRatio=4 -XX:TargetSurvivorRatio=90 -XX:ThreadStackSize=256 -XX:+UseCMSInitiatingOccupancyOnly -XX:+UseCompressedClassPointers -XX:+UseCompressedOops -XX:+UseConcMarkSweepGC -XX:+UseParNewGC 
2017-03-29T07:30:47.156+0200: 0,109: Total time for which application threads were stopped: 0,0000638 seconds, Stopping threads took: 0,0000128 seconds
2017-03-29T07:30:47.239+0200: 0,193: Total time for which application threads were stopped: 0,0001074 seconds, Stopping threads took: 0,0000180 seconds
2017-03-29T07:30:47.253+0200: 0,207: Total time for which application threads were stopped: 0,0000722 seconds, Stopping threads took: 0,0000100 seconds
2017-03-29T07:30:47.374+0200: 0,328: Total time for which application threads were stopped: 0,0001312 seconds, Stopping threads took: 0,0000172 seconds
2017-03-29T07:30:47.542+0200: 0,496: Total time for which application threads were stopped: 0,0001463 seconds, Stopping threads took: 0,0000129 seconds
2017-03-29T07:30:47.598+0200: 0,552: Total time for which application threads were stopped: 0,0001371 seconds, Stopping threads took: 0,0000157 seconds
2017-03-29T07:30:47.614+0200: 0,567: Total time for which application threads were stopped: 0,0001579 seconds, Stopping threads took: 0,0000274 seconds
2017-03-29T07:30:47.806+0200: 0,760: Total time for which application threads were stopped: 0,0001928 seconds, Stopping threads took: 0,0000208 seconds
2017-03-29T07:30:48.006+0200: 0,960: Total time for which application threads were stopped: 0,0002675 seconds, Stopping threads took: 0,0000182 seconds
2017-03-29T07:30:48.030+0200: 0,984: Total time for which application threads were stopped: 0,0005973 seconds, Stopping threads took: 0,0000431 seconds
2017-03-29T07:30:48.073+0200: 1,026: Total time for which application threads were stopped: 0,0002599 seconds, Stopping threads took: 0,0000341 seconds
2017-03-29T07:30:48.074+0200: 1,028: Total time for which application threads were stopped: 0,0002933 seconds, Stopping threads took: 0,0000342 seconds
2017-03-29T07:30:48.091+0200: 1,044: Total time for which application threads were stopped: 0,0002198 seconds, Stopping threads took: 0,0000245 seconds
2017-03-29T07:30:48.172+0200: 1,125: Total time for which application threads were stopped: 0,0002527 seconds, Stopping threads took: 0,0000192 seconds
2017-03-29T07:30:48.558+0200: 1,511: Total time for which application threads were stopped: 0,0031159 seconds, Stopping threads took: 0,0028295 seconds
{Heap before GC invocations=0 (full 0):
 par new generation   total 109248K, used 87424K [0x00000000e0000000, 0x00000000e8000000, 0x00000000e8000000)
  eden space 87424K, 100% used [0x00000000e0000000, 0x00000000e5560000, 0x00000000e5560000)
  from space 21824K,   0% used [0x00000000e5560000, 0x00000000e5560000, 0x00000000e6ab0000)
  to   space 21824K,   0% used [0x00000000e6ab0000, 0x00000000e6ab0000, 0x00000000e8000000)
 concurrent mark-sweep generation total 393216K, used 0K [0x00000000e8000000, 0x0000000100000000, 0x0000000100000000)
 Metaspace       used 17756K, capacity 18112K, committed 18304K, reserved 1064960K
  class space    used 2018K, capacity 2164K, committed 2176K, reserved 1048576K
2017-03-29T07:30:48.660+0200: 1,614: [GC (Allocation Failure) 2017-03-29T07:30:48.660+0200: 1,614: [ParNew
Desired survivor size 20112992 bytes, new threshold 8 (max 8)
- age   1:   11517056 bytes,   11517056 total
: 87424K->11343K(109248K), 0,0486121 secs] 87424K->11343K(502464K), 0,0487128 secs] [Times: user=0,04 sys=0,01, real=0,05 secs] 
Heap after GC invocations=1 (full 0):
 par new generation   total 109248K, used 11343K [0x00000000e0000000, 0x00000000e8000000, 0x00000000e8000000)
  eden space 87424K,   0% used [0x00000000e0000000, 0x00000000e0000000, 0x00000000e5560000)
  from space 21824K,  51% used [0x00000000e6ab0000, 0x00000000e75c3f98, 0x00000000e8000000)
  to   space 21824K,   0% used [0x00000000e5560000, 0x00000000e5560000, 0x00000000e6ab0000)
 concurrent mark-sweep generation total 393216K, used 0K [0x00000000e8000000, 0x0000000100000000, 0x0000000100000000)
 Metaspace       used 17756K, capacity 18112K, committed 18304K, reserved 1064960K
  class space    used 2018K, capacity 2164K, committed 2176K, reserved 1048576K
}
2017-03-29T07:30:48.709+0200: 1,663: Total time for which application threads were stopped: 0,0489593 seconds, Stopping threads took: 0,0000546 seconds
2017-03-29T07:30:49.336+0200: 2,290: Total time for which application threads were stopped: 0,0004114 seconds, Stopping threads took: 0,0001104 seconds
{Heap before GC invocations=1 (full 0):
 par new generation   total 109248K, used 98767K [0x00000000e0000000, 0x00000000e8000000, 0x00000000e8000000)
  eden space 87424K, 100% used [0x00000000e0000000, 0x00000000e5560000, 0x00000000e5560000)
  from space 21824K,  51% used [0x00000000e6ab0000, 0x00000000e75c3f98, 0x00000000e8000000)
  to   space 21824K,   0% used [0x00000000e5560000, 0x00000000e5560000, 0x00000000e6ab0000)
 concurrent mark-sweep generation total 393216K, used 0K [0x00000000e8000000, 0x0000000100000000, 0x0000000100000000)
 Metaspace       used 20022K, capacity 20368K, committed 20736K, reserved 1067008K
  class space    used 2296K, capacity 2472K, committed 2560K, reserved 1048576K
2017-03-29T07:30:49.390+0200: 2,344: [GC (Allocation Failure) 2017-03-29T07:30:49.390+0200: 2,344: [ParNew
Desired survivor size 20112992 bytes, new threshold 8 (max 8)
- age   1:    4392304 bytes,    4392304 total
- age   2:    6040992 bytes,   10433296 total
: 98767K->12652K(109248K), 0,0212448 secs] 98767K->12652K(502464K), 0,0214052 secs] [Times: user=0,08 sys=0,00, real=0,02 secs] 
Heap after GC invocations=2 (full 0):
 par new generation   total 109248K, used 12652K [0x00000000e0000000, 0x00000000e8000000, 0x00000000e8000000)
  eden space 87424K,   0% used [0x00000000e0000000, 0x00000000e0000000, 0x00000000e5560000)
  from space 21824K,  57% used [0x00000000e5560000, 0x00000000e61bb3c0, 0x00000000e6ab0000)
  to   space 21824K,   0% used [0x00000000e6ab0000, 0x00000000e6ab0000, 0x00000000e8000000)
 concurrent mark-sweep generation total 393216K, used 0K [0x00000000e8000000, 0x0000000100000000, 0x0000000100000000)
 Metaspace       used 20022K, capacity 20368K, committed 20736K, reserved 1067008K
  class space    used 2296K, capacity 2472K, committed 2560K, reserved 1048576K
}
2017-03-29T07:30:49.412+0200: 2,365: Total time for which application threads were stopped: 0,0218013 seconds, Stopping threads took: 0,0000951 seconds
2017-03-29T07:30:49.426+0200: 2,380: Total time for which application threads were stopped: 0,0026004 seconds, Stopping threads took: 0,0018733 seconds
2017-03-29T07:30:49.486+0200: 2,440: Total time for which application threads were stopped: 0,0031272 seconds, Stopping threads took: 0,0028070 seconds
2017-03-29T07:30:49.683+0200: 2,637: Total time for which application threads were stopped: 0,0003243 seconds, Stopping threads took: 0,0001005 seconds
{Heap before GC invocations=2 (full 0):
 par new generation   total 109248K, used 100076K [0x00000000e0000000, 0x00000000e8000000, 0x00000000e8000000)
  eden space 87424K, 100% used [0x00000000e0000000, 0x00000000e5560000, 0x00000000e5560000)
  from space 21824K,  57% used [0x00000000e5560000, 0x00000000e61bb3c0, 0x00000000e6ab0000)
  to   space 21824K,   0% used [0x00000000e6ab0000, 0x00000000e6ab0000, 0x00000000e8000000)
 concurrent mark-sweep generation total 393216K, used 0K [0x00000000e8000000, 0x0000000100000000, 0x0000000100000000)
 Metaspace       used 20957K, capacity 21290K, committed 21628K, reserved 1069056K
  class space    used 2418K, capacity 2591K, committed 2684K, reserved 1048576K
2017-03-29T07:30:49.722+0200: 2,676: [GC (Allocation Failure) 2017-03-29T07:30:49.722+0200: 2,676: [ParNew
Desired survivor size 20112992 bytes, new threshold 8 (max 8)
- age   1:    2275168 bytes,    2275168 total
- age   2:    1427616 bytes,    3702784 total
- age   3:    6038896 bytes,    9741680 total
- age   4:         72 bytes,    9741752 total
: 100076K->14173K(109248K), 0,0203252 secs] 100076K->14173K(502464K), 0,0204189 secs] [Times: user=0,07 sys=0,00, real=0,02 secs] 
Heap after GC invocations=3 (full 0):
 par new generation   total 109248K, used 14173K [0x00000000e0000000, 0x00000000e8000000, 0x00000000e8000000)
  eden space 87424K,   0% used [0x00000000e0000000, 0x00000000e0000000, 0x00000000e5560000)
  from space 21824K,  64% used [0x00000000e6ab0000, 0x00000000e78876c0, 0x00000000e8000000)
  to   space 21824K,   0% used [0x00000000e5560000, 0x00000000e5560000, 0x00000000e6ab0000)
 concurrent mark-sweep generation total 393216K, used 0K [0x00000000e8000000, 0x0000000100000000, 0x0000000100000000)
 Metaspace       used 20957K, capacity 21290K, committed 21628K, reserved 1069056K
  class space    used 2418K, capacity 2591K, committed 2684K, reserved 1048576K
}
2017-03-29T07:30:49.743+0200: 2,696: Total time for which application threads were stopped: 0,0231155 seconds, Stopping threads took: 0,0025557 seconds
2017-03-29T07:30:49.743+0200: 2,696: [GC (CMS Initial Mark) [1 CMS-initial-mark: 0K(393216K)] 14870K(502464K), 0,0039640 secs] [Times: user=0,01 sys=0,00, real=0,01 secs] 
2017-03-29T07:30:49.747+0200: 2,700: Total time for which application threads were stopped: 0,0041082 seconds, Stopping threads took: 0,0000423 seconds
2017-03-29T07:30:49.747+0200: 2,700: [CMS-concurrent-mark-start]
2017-03-29T07:30:49.762+0200: 2,715: [CMS-concurrent-mark: 0,015/0,015 secs] [Times: user=0,06 sys=0,00, real=0,01 secs] 
2017-03-29T07:30:49.762+0200: 2,715: [CMS-concurrent-preclean-start]
2017-03-29T07:30:49.763+0200: 2,717: [CMS-concurrent-preclean: 0,001/0,001 secs] [Times: user=0,00 sys=0,00, real=0,00 secs] 
2017-03-29T07:30:49.763+0200: 2,717: [CMS-concurrent-abortable-preclean-start]
2017-03-29T07:30:49.858+0200: 2,811: Total time for which application threads were stopped: 0,0009073 seconds, Stopping threads took: 0,0008055 seconds
{Heap before GC invocations=3 (full 1):
 par new generation   total 109248K, used 101597K [0x00000000e0000000, 0x00000000e8000000, 0x00000000e8000000)
  eden space 87424K, 100% used [0x00000000e0000000, 0x00000000e5560000, 0x00000000e5560000)
  from space 21824K,  64% used [0x00000000e6ab0000, 0x00000000e78876c0, 0x00000000e8000000)
  to   space 21824K,   0% used [0x00000000e5560000, 0x00000000e5560000, 0x00000000e6ab0000)
 concurrent mark-sweep generation total 393216K, used 0K [0x00000000e8000000, 0x0000000100000000, 0x0000000100000000)
 Metaspace       used 21217K, capacity 21553K, committed 21884K, reserved 1069056K
  class space    used 2448K, capacity 2605K, committed 2684K, reserved 1048576K
2017-03-29T07:30:49.860+0200: 2,814: [GC (Allocation Failure) 2017-03-29T07:30:49.860+0200: 2,814: [ParNew
Desired survivor size 20112992 bytes, new threshold 8 (max 8)
- age   1:     861240 bytes,     861240 total
- age   2:    1504504 bytes,    2365744 total
- age   3:    1392728 bytes,    3758472 total
- age   4:    6039008 bytes,    9797480 total
- age   5:         72 bytes,    9797552 total
: 101597K->13342K(109248K), 0,0104985 secs] 101597K->13342K(502464K), 0,0105650 secs] [Times: user=0,04 sys=0,00, real=0,01 secs] 
Heap after GC invocations=4 (full 1):
 par new generation   total 109248K, used 13342K [0x00000000e0000000, 0x00000000e8000000, 0x00000000e8000000)
  eden space 87424K,   0% used [0x00000000e0000000, 0x00000000e0000000, 0x00000000e5560000)
  from space 21824K,  61% used [0x00000000e5560000, 0x00000000e6267808, 0x00000000e6ab0000)
  to   space 21824K,   0% used [0x00000000e6ab0000, 0x00000000e6ab0000, 0x00000000e8000000)
 concurrent mark-sweep generation total 393216K, used 0K [0x00000000e8000000, 0x0000000100000000, 0x0000000100000000)
 Metaspace       used 21217K, capacity 21553K, committed 21884K, reserved 1069056K
  class space    used 2448K, capacity 2605K, committed 2684K, reserved 1048576K
}
2017-03-29T07:30:49.870+0200: 2,824: Total time for which application threads were stopped: 0,0107974 seconds, Stopping threads took: 0,0001011 seconds
{Heap before GC invocations=4 (full 1):
 par new generation   total 109248K, used 100766K [0x00000000e0000000, 0x00000000e8000000, 0x00000000e8000000)
  eden space 87424K, 100% used [0x00000000e0000000, 0x00000000e5560000, 0x00000000e5560000)
  from space 21824K,  61% used [0x00000000e5560000, 0x00000000e6267808, 0x00000000e6ab0000)
  to   space 21824K,   0% used [0x00000000e6ab0000, 0x00000000e6ab0000, 0x00000000e8000000)
 concurrent mark-sweep generation total 393216K, used 0K [0x00000000e8000000, 0x0000000100000000, 0x0000000100000000)
 Metaspace       used 21392K, capacity 21777K, committed 21884K, reserved 1069056K
  class space    used 2467K, capacity 2637K, committed 2684K, reserved 1048576K
2017-03-29T07:30:49.966+0200: 2,919: [GC (Allocation Failure) 2017-03-29T07:30:49.966+0200: 2,919: [ParNew2017-03-29T07:30:49.972+0200: 2,926: [CMS-concurrent-abortable-preclean: 0,109/0,209 secs] [Times: user=0,77 sys=0,01, real=0,21 secs] 

Desired survivor size 20112992 bytes, new threshold 8 (max 8)
- age   1:    1036936 bytes,    1036936 total
- age   2:     176944 bytes,    1213880 total
- age   3:    1504408 bytes,    2718288 total
- age   4:    1390744 bytes,    4109032 total
- age   5:    6038944 bytes,   10147976 total
- age   6:         72 bytes,   10148048 total
: 100766K->11408K(109248K), 0,0095116 secs] 100766K->11408K(502464K), 0,0095765 secs] [Times: user=0,04 sys=0,00, real=0,01 secs] 
Heap after GC invocations=5 (full 1):
 par new generation   total 109248K, used 11408K [0x00000000e0000000, 0x00000000e8000000, 0x00000000e8000000)
  eden space 87424K,   0% used [0x00000000e0000000, 0x00000000e0000000, 0x00000000e5560000)
  from space 21824K,  52% used [0x00000000e6ab0000, 0x00000000e75d4118, 0x00000000e8000000)
  to   space 21824K,   0% used [0x00000000e5560000, 0x00000000e5560000, 0x00000000e6ab0000)
 concurrent mark-sweep generation total 393216K, used 0K [0x00000000e8000000, 0x0000000100000000, 0x0000000100000000)
 Metaspace       used 21392K, capacity 21777K, committed 21884K, reserved 1069056K
  class space    used 2467K, capacity 2637K, committed 2684K, reserved 1048576K
}
2017-03-29T07:30:49.975+0200: 2,929: Total time for which application threads were stopped: 0,0099793 seconds, Stopping threads took: 0,0002790 seconds
2017-03-29T07:30:49.975+0200: 2,929: [GC (CMS Final Remark) [YG occupancy: 12689 K (109248 K)]{Heap before GC invocations=5 (full 1):
 par new generation   total 109248K, used 12689K [0x00000000e0000000, 0x00000000e8000000, 0x00000000e8000000)
  eden space 87424K,   1% used [0x00000000e0000000, 0x00000000e01403f8, 0x00000000e5560000)
  from space 21824K,  52% used [0x00000000e6ab0000, 0x00000000e75d4118, 0x00000000e8000000)
  to   space 21824K,   0% used [0x00000000e5560000, 0x00000000e5560000, 0x00000000e6ab0000)
 concurrent mark-sweep generation total 393216K, used 0K [0x00000000e8000000, 0x0000000100000000, 0x0000000100000000)
 Metaspace       used 21392K, capacity 21777K, committed 21884K, reserved 1069056K
  class space    used 2467K, capacity 2637K, committed 2684K, reserved 1048576K
2017-03-29T07:30:49.975+0200: 2,929: [GC (CMS Final Remark) 2017-03-29T07:30:49.975+0200: 2,929: [ParNew
Desired survivor size 20112992 bytes, new threshold 8 (max 8)
- age   1:      72880 bytes,      72880 total
- age   2:     987680 bytes,    1060560 total
- age   3:     176944 bytes,    1237504 total
- age   4:    1504408 bytes,    2741912 total
- age   5:    1390680 bytes,    4132592 total
- age   6:    6039048 bytes,   10171640 total
- age   7:         72 bytes,   10171712 total
: 12689K->17400K(109248K), 0,0094844 secs] 12689K->17400K(502464K), 0,0095303 secs] [Times: user=0,04 sys=0,00, real=0,01 secs] 
Heap after GC invocations=6 (full 1):
 par new generation   total 109248K, used 17400K [0x00000000e0000000, 0x00000000e8000000, 0x00000000e8000000)
  eden space 87424K,   0% used [0x00000000e0000000, 0x00000000e0000000, 0x00000000e5560000)
  from space 21824K,  79% used [0x00000000e5560000, 0x00000000e665e100, 0x00000000e6ab0000)
  to   space 21824K,   0% used [0x00000000e6ab0000, 0x00000000e6ab0000, 0x00000000e8000000)
 concurrent mark-sweep generation total 393216K, used 0K [0x00000000e8000000, 0x0000000100000000, 0x0000000100000000)
 Metaspace       used 21392K, capacity 21777K, committed 21884K, reserved 1069056K
  class space    used 2467K, capacity 2637K, committed 2684K, reserved 1048576K
}
2017-03-29T07:30:49.985+0200: 2,939: [Rescan (parallel) , 0,0034076 secs]2017-03-29T07:30:49.988+0200: 2,942: [weak refs processing, 0,0007240 secs]2017-03-29T07:30:49.989+0200: 2,943: [class unloading, 0,0029274 secs]2017-03-29T07:30:49.992+0200: 2,946: [scrub symbol table, 0,0025698 secs]2017-03-29T07:30:49.995+0200: 2,948: [scrub string table, 0,0003538 secs][1 CMS-remark: 0K(393216K)] 17400K(502464K), 0,0201881 secs] [Times: user=0,06 sys=0,00, real=0,02 secs] 
2017-03-29T07:30:49.996+0200: 2,949: Total time for which application threads were stopped: 0,0203095 seconds, Stopping threads took: 0,0000479 seconds
2017-03-29T07:30:49.996+0200: 2,949: [CMS-concurrent-sweep-start]
2017-03-29T07:30:49.996+0200: 2,949: [CMS-concurrent-sweep: 0,000/0,000 secs] [Times: user=0,00 sys=0,00, real=0,00 secs] 
2017-03-29T07:30:49.996+0200: 2,949: [CMS-concurrent-reset-start]
2017-03-29T07:30:49.998+0200: 2,952: [CMS-concurrent-reset: 0,003/0,003 secs] [Times: user=0,00 sys=0,00, real=0,01 secs] 
2017-03-29T07:30:50.034+0200: 2,988: Total time for which application threads were stopped: 0,0003269 seconds, Stopping threads took: 0,0000202 seconds
2017-03-29T07:30:50.228+0200: 3,182: Total time for which application threads were stopped: 0,0004213 seconds, Stopping threads took: 0,0000592 seconds
2017-03-29T07:30:50.248+0200: 3,201: Total time for which application threads were stopped: 0,0004040 seconds, Stopping threads took: 0,0000492 seconds
{Heap before GC invocations=6 (full 1):
 par new generation   total 109248K, used 104824K [0x00000000e0000000, 0x00000000e8000000, 0x00000000e8000000)
  eden space 87424K, 100% used [0x00000000e0000000, 0x00000000e5560000, 0x00000000e5560000)
  from space 21824K,  79% used [0x00000000e5560000, 0x00000000e665e100, 0x00000000e6ab0000)
  to   space 21824K,   0% used [0x00000000e6ab0000, 0x00000000e6ab0000, 0x00000000e8000000)
 concurrent mark-sweep generation total 393216K, used 0K [0x00000000e8000000, 0x0000000100000000, 0x0000000100000000)
 Metaspace       used 23980K, capacity 24447K, committed 24572K, reserved 1071104K
  class space    used 2836K, capacity 3014K, committed 3068K, reserved 1048576K
2017-03-29T07:30:50.407+0200: 3,361: [GC (Allocation Failure) 2017-03-29T07:30:50.407+0200: 3,361: [ParNew
Desired survivor size 20112992 bytes, new threshold 8 (max 8)
- age   1:    5468608 bytes,    5468608 total
- age   3:     114128 bytes,    5582736 total
- age   4:     175416 bytes,    5758152 total
- age   5:     327056 bytes,    6085208 total
- age   6:    1366264 bytes,    7451472 total
- age   7:    6030792 bytes,   13482264 total
- age   8:         72 bytes,   13482336 total
: 104824K->16303K(109248K), 0,0180177 secs] 104824K->16303K(502464K), 0,0180912 secs] [Times: user=0,07 sys=0,00, real=0,01 secs] 
Heap after GC invocations=7 (full 1):
 par new generation   total 109248K, used 16303K [0x00000000e0000000, 0x00000000e8000000, 0x00000000e8000000)
  eden space 87424K,   0% used [0x00000000e0000000, 0x00000000e0000000, 0x00000000e5560000)
  from space 21824K,  74% used [0x00000000e6ab0000, 0x00000000e7a9bff0, 0x00000000e8000000)
  to   space 21824K,   0% used [0x00000000e5560000, 0x00000000e5560000, 0x00000000e6ab0000)
 concurrent mark-sweep generation total 393216K, used 0K [0x00000000e8000000, 0x0000000100000000, 0x0000000100000000)
 Metaspace       used 23980K, capacity 24447K, committed 24572K, reserved 1071104K
  class space    used 2836K, capacity 3014K, committed 3068K, reserved 1048576K
}
2017-03-29T07:30:50.426+0200: 3,379: Total time for which application threads were stopped: 0,0183290 seconds, Stopping threads took: 0,0000445 seconds
{Heap before GC invocations=7 (full 1):
 par new generation   total 109248K, used 103727K [0x00000000e0000000, 0x00000000e8000000, 0x00000000e8000000)
  eden space 87424K, 100% used [0x00000000e0000000, 0x00000000e5560000, 0x00000000e5560000)
  from space 21824K,  74% used [0x00000000e6ab0000, 0x00000000e7a9bff0, 0x00000000e8000000)
  to   space 21824K,   0% used [0x00000000e5560000, 0x00000000e5560000, 0x00000000e6ab0000)
 concurrent mark-sweep generation total 393216K, used 0K [0x00000000e8000000, 0x0000000100000000, 0x0000000100000000)
 Metaspace       used 24584K, capacity 25029K, committed 25212K, reserved 1071104K
  class space    used 2880K, capacity 3079K, committed 3196K, reserved 1048576K
2017-03-29T07:30:50.507+0200: 3,461: [GC (Allocation Failure) 2017-03-29T07:30:50.507+0200: 3,461: [ParNew
Desired survivor size 20112992 bytes, new threshold 8 (max 8)
- age   1:    1952832 bytes,    1952832 total
- age   2:    1861200 bytes,    3814032 total
- age   4:      58296 bytes,    3872328 total
- age   5:     101128 bytes,    3973456 total
- age   6:     204624 bytes,    4178080 total
- age   7:     978208 bytes,    5156288 total
- age   8:    5867216 bytes,   11023504 total
: 103727K->16559K(109248K), 0,0115380 secs] 103727K->16561K(502464K), 0,0116099 secs] [Times: user=0,04 sys=0,00, real=0,01 secs] 
Heap after GC invocations=8 (full 1):
 par new generation   total 109248K, used 16559K [0x00000000e0000000, 0x00000000e8000000, 0x00000000e8000000)
  eden space 87424K,   0% used [0x00000000e0000000, 0x00000000e0000000, 0x00000000e5560000)
  from space 21824K,  75% used [0x00000000e5560000, 0x00000000e658bc40, 0x00000000e6ab0000)
  to   space 21824K,   0% used [0x00000000e6ab0000, 0x00000000e6ab0000, 0x00000000e8000000)
 concurrent mark-sweep generation total 393216K, used 2K [0x00000000e8000000, 0x0000000100000000, 0x0000000100000000)
 Metaspace       used 24584K, capacity 25029K, committed 25212K, reserved 1071104K
  class space    used 2880K, capacity 3079K, committed 3196K, reserved 1048576K
}
2017-03-29T07:30:50.519+0200: 3,473: Total time for which application threads were stopped: 0,0118766 seconds, Stopping threads took: 0,0000742 seconds
{Heap before GC invocations=8 (full 1):
 par new generation   total 109248K, used 103983K [0x00000000e0000000, 0x00000000e8000000, 0x00000000e8000000)
  eden space 87424K, 100% used [0x00000000e0000000, 0x00000000e5560000, 0x00000000e5560000)
  from space 21824K,  75% used [0x00000000e5560000, 0x00000000e658bc40, 0x00000000e6ab0000)
  to   space 21824K,   0% used [0x00000000e6ab0000, 0x00000000e6ab0000, 0x00000000e8000000)
 concurrent mark-sweep generation total 393216K, used 2K [0x00000000e8000000, 0x0000000100000000, 0x0000000100000000)
 Metaspace       used 24954K, capacity 25375K, committed 25724K, reserved 1071104K
  class space    used 2910K, capacity 3084K, committed 3196K, reserved 1048576K
2017-03-29T07:30:50.653+0200: 3,607: [GC (Allocation Failure) 2017-03-29T07:30:50.653+0200: 3,607: [ParNew
Desired survivor size 20112992 bytes, new threshold 8 (max 8)
- age   1:     862248 bytes,     862248 total
- age   2:     683288 bytes,    1545536 total
- age   3:    1827816 bytes,    3373352 total
- age   5:      58296 bytes,    3431648 total
- age   6:      98416 bytes,    3530064 total
- age   7:     204128 bytes,    3734192 total
- age   8:     977472 bytes,    4711664 total
: 103983K->8176K(109248K), 0,0321586 secs] 103985K->13988K(502464K), 0,0322301 secs] [Times: user=0,09 sys=0,00, real=0,03 secs] 
Heap after GC invocations=9 (full 1):
 par new generation   total 109248K, used 8176K [0x00000000e0000000, 0x00000000e8000000, 0x00000000e8000000)
  eden space 87424K,   0% used [0x00000000e0000000, 0x00000000e0000000, 0x00000000e5560000)
  from space 21824K,  37% used [0x00000000e6ab0000, 0x00000000e72ac230, 0x00000000e8000000)
  to   space 21824K,   0% used [0x00000000e5560000, 0x00000000e5560000, 0x00000000e6ab0000)
 concurrent mark-sweep generation total 393216K, used 5811K [0x00000000e8000000, 0x0000000100000000, 0x0000000100000000)
 Metaspace       used 24954K, capacity 25375K, committed 25724K, reserved 1071104K
  class space    used 2910K, capacity 3084K, committed 3196K, reserved 1048576K
}
2017-03-29T07:30:50.686+0200: 3,639: Total time for which application threads were stopped: 0,0324649 seconds, Stopping threads took: 0,0000778 seconds
2017-03-29T07:30:50.916+0200: 3,870: Total time for which application threads were stopped: 0,0004617 seconds, Stopping threads took: 0,0000253 seconds
2017-03-29T07:30:50.930+0200: 3,884: Total time for which application threads were stopped: 0,0004920 seconds, Stopping threads took: 0,0000361 seconds
2017-03-29T07:30:50.973+0200: 3,927: Total time for which application threads were stopped: 0,0003699 seconds, Stopping threads took: 0,0000387 seconds
2017-03-29T07:30:51.055+0200: 4,009: Total time for which application threads were stopped: 0,0004009 seconds, Stopping threads took: 0,0000256 seconds
2017-03-29T07:30:51.097+0200: 4,051: Total time for which application threads were stopped: 0,0004877 seconds, Stopping threads took: 0,0000289 seconds
{Heap before GC invocations=9 (full 1):
 par new generation   total 109248K, used 95600K [0x00000000e0000000, 0x00000000e8000000, 0x00000000e8000000)
  eden space 87424K, 100% used [0x00000000e0000000, 0x00000000e5560000, 0x00000000e5560000)
  from space 21824K,  37% used [0x00000000e6ab0000, 0x00000000e72ac230, 0x00000000e8000000)
  to   space 21824K,   0% used [0x00000000e5560000, 0x00000000e5560000, 0x00000000e6ab0000)
 concurrent mark-sweep generation total 393216K, used 5811K [0x00000000e8000000, 0x0000000100000000, 0x0000000100000000)
 Metaspace       used 27974K, capacity 28479K, committed 28796K, reserved 1075200K
  class space    used 3214K, capacity 3390K, committed 3452K, reserved 1048576K
2017-03-29T07:30:57.550+0200: 10,504: [GC (Allocation Failure) 2017-03-29T07:30:57.550+0200: 10,504: [ParNew
Desired survivor size 20112992 bytes, new threshold 8 (max 8)
- age   1:   10948120 bytes,   10948120 total
- age   2:     229448 bytes,   11177568 total
- age   3:     271288 bytes,   11448856 total
- age   4:    1822976 bytes,   13271832 total
- age   6:      58296 bytes,   13330128 total
- age   7:      98288 bytes,   13428416 total
- age   8:     204032 bytes,   13632448 total
: 95600K->14368K(109248K), 0,0321892 secs] 101412K->21265K(502464K), 0,0323669 secs] [Times: user=0,05 sys=0,00, real=0,03 secs] 
Heap after GC invocations=10 (full 1):
 par new generation   total 109248K, used 14368K [0x00000000e0000000, 0x00000000e8000000, 0x00000000e8000000)
  eden space 87424K,   0% used [0x00000000e0000000, 0x00000000e0000000, 0x00000000e5560000)
  from space 21824K,  65% used [0x00000000e5560000, 0x00000000e63683b8, 0x00000000e6ab0000)
  to   space 21824K,   0% used [0x00000000e6ab0000, 0x00000000e6ab0000, 0x00000000e8000000)
 concurrent mark-sweep generation total 393216K, used 6896K [0x00000000e8000000, 0x0000000100000000, 0x0000000100000000)
 Metaspace       used 27974K, capacity 28479K, committed 28796K, reserved 1075200K
  class space    used 3214K, capacity 3390K, committed 3452K, reserved 1048576K
}
2017-03-29T07:30:57.583+0200: 10,536: Total time for which application threads were stopped: 0,0325324 seconds, Stopping threads took: 0,0000158 seconds
2017-03-29T07:30:58.583+0200: 11,537: Total time for which application threads were stopped: 0,0001245 seconds, Stopping threads took: 0,0000209 seconds
2017-03-29T07:31:08.584+0200: 21,537: Total time for which application threads were stopped: 0,0000634 seconds, Stopping threads took: 0,0000182 seconds
2017-03-29T07:31:18.039+0200: 31,539: Total time for which application threads were stopped: 0,0000713 seconds, Stopping threads took: 0,0000187 seconds
2017-03-29T07:32:08.045+0200: 81,545: Total time for which application threads were stopped: 0,0000716 seconds, Stopping threads took: 0,0000202 seconds
2017-03-29T07:32:43.049+0200: 116,549: Total time for which application threads were stopped: 0,0000791 seconds, Stopping threads took: 0,0000340 seconds
2017-03-29T07:32:48.050+0200: 121,550: Total time for which application threads were stopped: 0,0000705 seconds, Stopping threads took: 0,0000167 seconds
2017-03-29T07:33:27.056+0200: 160,556: Total time for which application threads were stopped: 0,0000828 seconds, Stopping threads took: 0,0000338 seconds
2017-03-29T07:33:32.056+0200: 165,556: Total time for which application threads were stopped: 0,0001443 seconds, Stopping threads took: 0,0000339 seconds
2017-03-29T07:33:37.057+0200: 170,557: Total time for which application threads were stopped: 0,0000688 seconds, Stopping threads took: 0,0000166 seconds
2017-03-29T07:33:42.058+0200: 175,558: Total time for which application threads were stopped: 0,0000643 seconds, Stopping threads took: 0,0000166 seconds
2017-03-29T07:33:47.058+0200: 180,559: Total time for which application threads were stopped: 0,0001242 seconds, Stopping threads took: 0,0000286 seconds
2017-03-29T07:34:42.066+0200: 235,566: Total time for which application threads were stopped: 0,0001544 seconds, Stopping threads took: 0,0000548 seconds
2017-03-29T07:35:12.069+0200: 265,569: Total time for which application threads were stopped: 0,0000963 seconds, Stopping threads took: 0,0000389 seconds
2017-03-29T07:35:13.070+0200: 266,570: Total time for which application threads were stopped: 0,0004068 seconds, Stopping threads took: 0,0001070 seconds
2017-03-29T07:35:23.071+0200: 276,571: Total time for which application threads were stopped: 0,0001056 seconds, Stopping threads took: 0,0000380 seconds
2017-03-29T07:54:12.194+0200: 1405,694: Total time for which application threads were stopped: 0,0000996 seconds, Stopping threads took: 0,0000354 seconds
2017-03-29T07:59:02.223+0200: 1695,723: Total time for which application threads were stopped: 0,0000973 seconds, Stopping threads took: 0,0000354 seconds
2017-03-29T08:04:56.913+0200: 2050,413: Total time for which application threads were stopped: 0,0001363 seconds, Stopping threads took: 0,0000233 seconds
2017-03-29T08:04:56.978+0200: 2050,478: Total time for which application threads were stopped: 0,0002741 seconds, Stopping threads took: 0,0000342 seconds
2017-03-29T08:04:56.983+0200: 2050,483: Total time for which application threads were stopped: 0,0001335 seconds, Stopping threads took: 0,0000304 seconds
Heap
 par new generation   total 109248K, used 37542K [0x00000000e0000000, 0x00000000e8000000, 0x00000000e8000000)
  eden space 87424K,  26% used [0x00000000e0000000, 0x00000000e16a14f0, 0x00000000e5560000)
  from space 21824K,  65% used [0x00000000e5560000, 0x00000000e63683b8, 0x00000000e6ab0000)
  to   space 21824K,   0% used [0x00000000e6ab0000, 0x00000000e6ab0000, 0x00000000e8000000)
 concurrent mark-sweep generation total 393216K, used 6896K [0x00000000e8000000, 0x0000000100000000, 0x0000000100000000)
 Metaspace       used 28098K, capacity 28647K, committed 28796K, reserved 1075200K
  class space    used 3228K, capacity 3424K, committed 3452K, reserved 1048576K
