OpenJDK 64-Bit Server VM (25.131-b11) for linux-amd64 JRE (1.8.0_131-8u131-b11-0ubuntu1.16.04.2-b11), built on May  6 2017 02:45:27 by "buildd" with gcc 5.4.0 20160609
Memory: 4k page, physical 7867740k(7463624k free), swap 8076284k(8076284k free)
CommandLine flags: -XX:CMSInitiatingOccupancyFraction=50 -XX:CMSMaxAbortablePrecleanTime=6000 -XX:+CMSParallelRemarkEnabled -XX:+CMSScavengeBeforeRemark -XX:ConcGCThreads=4 -XX:InitialHeapSize=536870912 -XX:MaxHeapSize=536870912 -XX:MaxTenuringThreshold=8 -XX:NewRatio=3 -XX:OldPLABSize=16 -XX:OnOutOfMemoryError=/opt/solr/bin/oom_solr.sh 8983 /var/solr/logs -XX:ParallelGCThreads=4 -XX:+ParallelRefProcEnabled -XX:PretenureSizeThreshold=67108864 -XX:+PrintGC -XX:+PrintGCApplicationStoppedTime -XX:+PrintGCDateStamps -XX:+PrintGCDetails -XX:+PrintGCTimeStamps -XX:+PrintHeapAtGC -XX:+PrintTenuringDistribution -XX:SurvivorRatio=4 -XX:TargetSurvivorRatio=90 -XX:ThreadStackSize=256 -XX:+UseCMSInitiatingOccupancyOnly -XX:+UseCompressedClassPointers -XX:+UseCompressedOops -XX:+UseConcMarkSweepGC -XX:+UseParNewGC 
2017-07-07T11:21:01.961+0200: 0,179: Total time for which application threads were stopped: 0,0000746 seconds, Stopping threads took: 0,0000097 seconds
2017-07-07T11:21:02.064+0200: 0,283: Total time for which application threads were stopped: 0,0001005 seconds, Stopping threads took: 0,0000187 seconds
2017-07-07T11:21:02.081+0200: 0,299: Total time for which application threads were stopped: 0,0000846 seconds, Stopping threads took: 0,0000158 seconds
2017-07-07T11:21:02.392+0200: 0,611: Total time for which application threads were stopped: 0,0003094 seconds, Stopping threads took: 0,0000299 seconds
2017-07-07T11:21:02.887+0200: 1,106: Total time for which application threads were stopped: 0,0001491 seconds, Stopping threads took: 0,0000144 seconds
2017-07-07T11:21:02.996+0200: 1,214: Total time for which application threads were stopped: 0,0001954 seconds, Stopping threads took: 0,0000352 seconds
2017-07-07T11:21:03.014+0200: 1,232: Total time for which application threads were stopped: 0,0002415 seconds, Stopping threads took: 0,0000295 seconds
2017-07-07T11:21:03.306+0200: 1,525: Total time for which application threads were stopped: 0,0002364 seconds, Stopping threads took: 0,0000258 seconds
2017-07-07T11:21:03.575+0200: 1,794: Total time for which application threads were stopped: 0,0002688 seconds, Stopping threads took: 0,0000719 seconds
2017-07-07T11:21:03.600+0200: 1,818: Total time for which application threads were stopped: 0,0002353 seconds, Stopping threads took: 0,0000335 seconds
2017-07-07T11:21:03.638+0200: 1,856: Total time for which application threads were stopped: 0,0010232 seconds, Stopping threads took: 0,0001486 seconds
2017-07-07T11:21:03.639+0200: 1,858: Total time for which application threads were stopped: 0,0004821 seconds, Stopping threads took: 0,0000334 seconds
2017-07-07T11:21:03.656+0200: 1,875: Total time for which application threads were stopped: 0,0001862 seconds, Stopping threads took: 0,0000172 seconds
2017-07-07T11:21:03.732+0200: 1,950: Total time for which application threads were stopped: 0,0002428 seconds, Stopping threads took: 0,0000200 seconds
2017-07-07T11:21:03.899+0200: 2,118: Total time for which application threads were stopped: 0,0002586 seconds, Stopping threads took: 0,0000381 seconds
{Heap before GC invocations=0 (full 0):
 par new generation   total 109248K, used 87424K [0x00000000e0000000, 0x00000000e8000000, 0x00000000e8000000)
  eden space 87424K, 100% used [0x00000000e0000000, 0x00000000e5560000, 0x00000000e5560000)
  from space 21824K,   0% used [0x00000000e5560000, 0x00000000e5560000, 0x00000000e6ab0000)
  to   space 21824K,   0% used [0x00000000e6ab0000, 0x00000000e6ab0000, 0x00000000e8000000)
 concurrent mark-sweep generation total 393216K, used 0K [0x00000000e8000000, 0x0000000100000000, 0x0000000100000000)
 Metaspace       used 17916K, capacity 18240K, committed 18304K, reserved 1064960K
  class space    used 2023K, capacity 2164K, committed 2176K, reserved 1048576K
2017-07-07T11:21:03.962+0200: 2,180: [GC (Allocation Failure) 2017-07-07T11:21:03.962+0200: 2,180: [ParNew
Desired survivor size 20112992 bytes, new threshold 8 (max 8)
- age   1:   11875664 bytes,   11875664 total
: 87424K->11706K(109248K), 0,0155801 secs] 87424K->11706K(502464K), 0,0156679 secs] [Times: user=0,04 sys=0,02, real=0,01 secs] 
Heap after GC invocations=1 (full 0):
 par new generation   total 109248K, used 11706K [0x00000000e0000000, 0x00000000e8000000, 0x00000000e8000000)
  eden space 87424K,   0% used [0x00000000e0000000, 0x00000000e0000000, 0x00000000e5560000)
  from space 21824K,  53% used [0x00000000e6ab0000, 0x00000000e761ebd8, 0x00000000e8000000)
  to   space 21824K,   0% used [0x00000000e5560000, 0x00000000e5560000, 0x00000000e6ab0000)
 concurrent mark-sweep generation total 393216K, used 0K [0x00000000e8000000, 0x0000000100000000, 0x0000000100000000)
 Metaspace       used 17916K, capacity 18240K, committed 18304K, reserved 1064960K
  class space    used 2023K, capacity 2164K, committed 2176K, reserved 1048576K
}
2017-07-07T11:21:03.977+0200: 2,196: Total time for which application threads were stopped: 0,0178453 seconds, Stopping threads took: 0,0019983 seconds
2017-07-07T11:21:04.362+0200: 2,581: Total time for which application threads were stopped: 0,0004055 seconds, Stopping threads took: 0,0000375 seconds
{Heap before GC invocations=1 (full 0):
 par new generation   total 109248K, used 99130K [0x00000000e0000000, 0x00000000e8000000, 0x00000000e8000000)
  eden space 87424K, 100% used [0x00000000e0000000, 0x00000000e5560000, 0x00000000e5560000)
  from space 21824K,  53% used [0x00000000e6ab0000, 0x00000000e761ebd8, 0x00000000e8000000)
  to   space 21824K,   0% used [0x00000000e5560000, 0x00000000e5560000, 0x00000000e6ab0000)
 concurrent mark-sweep generation total 393216K, used 0K [0x00000000e8000000, 0x0000000100000000, 0x0000000100000000)
 Metaspace       used 20043K, capacity 20372K, committed 20736K, reserved 1067008K
  class space    used 2296K, capacity 2472K, committed 2560K, reserved 1048576K
2017-07-07T11:21:04.400+0200: 2,619: [GC (Allocation Failure) 2017-07-07T11:21:04.400+0200: 2,619: [ParNew
Desired survivor size 20112992 bytes, new threshold 8 (max 8)
- age   1:    4035744 bytes,    4035744 total
- age   2:    6413744 bytes,   10449488 total
: 99130K->15188K(109248K), 0,0195209 secs] 99130K->15188K(502464K), 0,0196113 secs] [Times: user=0,06 sys=0,00, real=0,02 secs] 
Heap after GC invocations=2 (full 0):
 par new generation   total 109248K, used 15188K [0x00000000e0000000, 0x00000000e8000000, 0x00000000e8000000)
  eden space 87424K,   0% used [0x00000000e0000000, 0x00000000e0000000, 0x00000000e5560000)
  from space 21824K,  69% used [0x00000000e5560000, 0x00000000e6435340, 0x00000000e6ab0000)
  to   space 21824K,   0% used [0x00000000e6ab0000, 0x00000000e6ab0000, 0x00000000e8000000)
 concurrent mark-sweep generation total 393216K, used 0K [0x00000000e8000000, 0x0000000100000000, 0x0000000100000000)
 Metaspace       used 20043K, capacity 20372K, committed 20736K, reserved 1067008K
  class space    used 2296K, capacity 2472K, committed 2560K, reserved 1048576K
}
2017-07-07T11:21:04.420+0200: 2,638: Total time for which application threads were stopped: 0,0213026 seconds, Stopping threads took: 0,0015153 seconds
2017-07-07T11:21:04.430+0200: 2,649: Total time for which application threads were stopped: 0,0031447 seconds, Stopping threads took: 0,0028637 seconds
2017-07-07T11:21:04.486+0200: 2,705: Total time for which application threads were stopped: 0,0018685 seconds, Stopping threads took: 0,0015404 seconds
2017-07-07T11:21:04.605+0200: 2,823: Total time for which application threads were stopped: 0,0002288 seconds, Stopping threads took: 0,0001066 seconds
{Heap before GC invocations=2 (full 0):
 par new generation   total 109248K, used 102612K [0x00000000e0000000, 0x00000000e8000000, 0x00000000e8000000)
  eden space 87424K, 100% used [0x00000000e0000000, 0x00000000e5560000, 0x00000000e5560000)
  from space 21824K,  69% used [0x00000000e5560000, 0x00000000e6435340, 0x00000000e6ab0000)
  to   space 21824K,   0% used [0x00000000e6ab0000, 0x00000000e6ab0000, 0x00000000e8000000)
 concurrent mark-sweep generation total 393216K, used 0K [0x00000000e8000000, 0x0000000100000000, 0x0000000100000000)
 Metaspace       used 20984K, capacity 21294K, committed 21628K, reserved 1069056K
  class space    used 2418K, capacity 2591K, committed 2684K, reserved 1048576K
2017-07-07T11:21:04.637+0200: 2,856: [GC (Allocation Failure) 2017-07-07T11:21:04.637+0200: 2,856: [ParNew
Desired survivor size 20112992 bytes, new threshold 8 (max 8)
- age   1:    2141080 bytes,    2141080 total
- age   2:    1067360 bytes,    3208440 total
- age   3:    6411328 bytes,    9619768 total
: 102612K->12881K(109248K), 0,0108677 secs] 102612K->12881K(502464K), 0,0109491 secs] [Times: user=0,04 sys=0,00, real=0,01 secs] 
Heap after GC invocations=3 (full 0):
 par new generation   total 109248K, used 12881K [0x00000000e0000000, 0x00000000e8000000, 0x00000000e8000000)
  eden space 87424K,   0% used [0x00000000e0000000, 0x00000000e0000000, 0x00000000e5560000)
  from space 21824K,  59% used [0x00000000e6ab0000, 0x00000000e77446b0, 0x00000000e8000000)
  to   space 21824K,   0% used [0x00000000e5560000, 0x00000000e5560000, 0x00000000e6ab0000)
 concurrent mark-sweep generation total 393216K, used 0K [0x00000000e8000000, 0x0000000100000000, 0x0000000100000000)
 Metaspace       used 20984K, capacity 21294K, committed 21628K, reserved 1069056K
  class space    used 2418K, capacity 2591K, committed 2684K, reserved 1048576K
}
2017-07-07T11:21:04.648+0200: 2,867: Total time for which application threads were stopped: 0,0111648 seconds, Stopping threads took: 0,0000817 seconds
2017-07-07T11:21:04.649+0200: 2,867: [GC (CMS Initial Mark) [1 CMS-initial-mark: 0K(393216K)] 12913K(502464K), 0,0029720 secs] [Times: user=0,00 sys=0,00, real=0,01 secs] 
2017-07-07T11:21:04.652+0200: 2,870: Total time for which application threads were stopped: 0,0031244 seconds, Stopping threads took: 0,0000627 seconds
2017-07-07T11:21:04.652+0200: 2,870: [CMS-concurrent-mark-start]
2017-07-07T11:21:04.652+0200: 2,871: [CMS-concurrent-mark: 0,001/0,001 secs] [Times: user=0,01 sys=0,00, real=0,00 secs] 
2017-07-07T11:21:04.652+0200: 2,871: [CMS-concurrent-preclean-start]
2017-07-07T11:21:04.653+0200: 2,872: [CMS-concurrent-preclean: 0,001/0,001 secs] [Times: user=0,00 sys=0,00, real=0,00 secs] 
2017-07-07T11:21:04.653+0200: 2,872: [CMS-concurrent-abortable-preclean-start]
2017-07-07T11:21:04.732+0200: 2,951: Total time for which application threads were stopped: 0,0009257 seconds, Stopping threads took: 0,0008405 seconds
2017-07-07T11:21:04.732+0200: 2,951: [CMS-concurrent-abortable-preclean: 0,075/0,079 secs] [Times: user=0,30 sys=0,01, real=0,08 secs] 
2017-07-07T11:21:04.733+0200: 2,951: [GC (CMS Final Remark) [YG occupancy: 66748 K (109248 K)]{Heap before GC invocations=3 (full 1):
 par new generation   total 109248K, used 66748K [0x00000000e0000000, 0x00000000e8000000, 0x00000000e8000000)
  eden space 87424K,  61% used [0x00000000e0000000, 0x00000000e349ad38, 0x00000000e5560000)
  from space 21824K,  59% used [0x00000000e6ab0000, 0x00000000e77446b0, 0x00000000e8000000)
  to   space 21824K,   0% used [0x00000000e5560000, 0x00000000e5560000, 0x00000000e6ab0000)
 concurrent mark-sweep generation total 393216K, used 0K [0x00000000e8000000, 0x0000000100000000, 0x0000000100000000)
 Metaspace       used 21183K, capacity 21566K, committed 21884K, reserved 1069056K
  class space    used 2437K, capacity 2594K, committed 2684K, reserved 1048576K
2017-07-07T11:21:04.733+0200: 2,951: [GC (CMS Final Remark) 2017-07-07T11:21:04.733+0200: 2,951: [ParNew
Desired survivor size 20112992 bytes, new threshold 8 (max 8)
- age   1:    1126672 bytes,    1126672 total
- age   2:    1483368 bytes,    2610040 total
- age   3:    1065736 bytes,    3675776 total
- age   4:    6412072 bytes,   10087848 total
: 66748K->11146K(109248K), 0,0093394 secs] 66748K->11146K(502464K), 0,0093818 secs] [Times: user=0,04 sys=0,00, real=0,01 secs] 
Heap after GC invocations=4 (full 1):
 par new generation   total 109248K, used 11146K [0x00000000e0000000, 0x00000000e8000000, 0x00000000e8000000)
  eden space 87424K,   0% used [0x00000000e0000000, 0x00000000e0000000, 0x00000000e5560000)
  from space 21824K,  51% used [0x00000000e5560000, 0x00000000e6042b68, 0x00000000e6ab0000)
  to   space 21824K,   0% used [0x00000000e6ab0000, 0x00000000e6ab0000, 0x00000000e8000000)
 concurrent mark-sweep generation total 393216K, used 0K [0x00000000e8000000, 0x0000000100000000, 0x0000000100000000)
 Metaspace       used 21183K, capacity 21566K, committed 21884K, reserved 1069056K
  class space    used 2437K, capacity 2594K, committed 2684K, reserved 1048576K
}
2017-07-07T11:21:04.742+0200: 2,961: [Rescan (parallel) , 0,0035508 secs]2017-07-07T11:21:04.746+0200: 2,964: [weak refs processing, 0,0007045 secs]2017-07-07T11:21:04.746+0200: 2,965: [class unloading, 0,0027982 secs]2017-07-07T11:21:04.749+0200: 2,968: [scrub symbol table, 0,0026493 secs]2017-07-07T11:21:04.752+0200: 2,970: [scrub string table, 0,0003994 secs][1 CMS-remark: 0K(393216K)] 11146K(502464K), 0,0201504 secs] [Times: user=0,05 sys=0,00, real=0,02 secs] 
2017-07-07T11:21:04.753+0200: 2,971: Total time for which application threads were stopped: 0,0202952 seconds, Stopping threads took: 0,0000856 seconds
2017-07-07T11:21:04.753+0200: 2,972: [CMS-concurrent-sweep-start]
2017-07-07T11:21:04.753+0200: 2,972: [CMS-concurrent-sweep: 0,000/0,000 secs] [Times: user=0,00 sys=0,00, real=0,00 secs] 
2017-07-07T11:21:04.753+0200: 2,972: [CMS-concurrent-reset-start]
2017-07-07T11:21:04.755+0200: 2,974: [CMS-concurrent-reset: 0,002/0,002 secs] [Times: user=0,01 sys=0,00, real=0,00 secs] 
{Heap before GC invocations=4 (full 1):
 par new generation   total 109248K, used 98570K [0x00000000e0000000, 0x00000000e8000000, 0x00000000e8000000)
  eden space 87424K, 100% used [0x00000000e0000000, 0x00000000e5560000, 0x00000000e5560000)
  from space 21824K,  51% used [0x00000000e5560000, 0x00000000e6042b68, 0x00000000e6ab0000)
  to   space 21824K,   0% used [0x00000000e6ab0000, 0x00000000e6ab0000, 0x00000000e8000000)
 concurrent mark-sweep generation total 393216K, used 0K [0x00000000e8000000, 0x0000000100000000, 0x0000000100000000)
 Metaspace       used 21283K, capacity 21632K, committed 21884K, reserved 1069056K
  class space    used 2452K, capacity 2606K, committed 2684K, reserved 1048576K
2017-07-07T11:21:04.846+0200: 3,065: [GC (Allocation Failure) 2017-07-07T11:21:04.847+0200: 3,065: [ParNew
Desired survivor size 20112992 bytes, new threshold 8 (max 8)
- age   1:     547840 bytes,     547840 total
- age   2:      78416 bytes,     626256 total
- age   3:    1483152 bytes,    2109408 total
- age   4:    1063656 bytes,    3173064 total
- age   5:    6428016 bytes,    9601080 total
: 98570K->12939K(109248K), 0,0101548 secs] 98570K->12939K(502464K), 0,0102171 secs] [Times: user=0,04 sys=0,00, real=0,01 secs] 
Heap after GC invocations=5 (full 1):
 par new generation   total 109248K, used 12939K [0x00000000e0000000, 0x00000000e8000000, 0x00000000e8000000)
  eden space 87424K,   0% used [0x00000000e0000000, 0x00000000e0000000, 0x00000000e5560000)
  from space 21824K,  59% used [0x00000000e6ab0000, 0x00000000e7752f30, 0x00000000e8000000)
  to   space 21824K,   0% used [0x00000000e5560000, 0x00000000e5560000, 0x00000000e6ab0000)
 concurrent mark-sweep generation total 393216K, used 0K [0x00000000e8000000, 0x0000000100000000, 0x0000000100000000)
 Metaspace       used 21283K, capacity 21632K, committed 21884K, reserved 1069056K
  class space    used 2452K, capacity 2606K, committed 2684K, reserved 1048576K
}
2017-07-07T11:21:04.857+0200: 3,075: Total time for which application threads were stopped: 0,0104778 seconds, Stopping threads took: 0,0001217 seconds
2017-07-07T11:21:04.952+0200: 3,171: Total time for which application threads were stopped: 0,0003666 seconds, Stopping threads took: 0,0000274 seconds
2017-07-07T11:21:05.214+0200: 3,433: Total time for which application threads were stopped: 0,0004663 seconds, Stopping threads took: 0,0000249 seconds
2017-07-07T11:21:05.227+0200: 3,445: Total time for which application threads were stopped: 0,0003608 seconds, Stopping threads took: 0,0000367 seconds
{Heap before GC invocations=5 (full 1):
 par new generation   total 109248K, used 100363K [0x00000000e0000000, 0x00000000e8000000, 0x00000000e8000000)
  eden space 87424K, 100% used [0x00000000e0000000, 0x00000000e5560000, 0x00000000e5560000)
  from space 21824K,  59% used [0x00000000e6ab0000, 0x00000000e7752f30, 0x00000000e8000000)
  to   space 21824K,   0% used [0x00000000e5560000, 0x00000000e5560000, 0x00000000e6ab0000)
 concurrent mark-sweep generation total 393216K, used 0K [0x00000000e8000000, 0x0000000100000000, 0x0000000100000000)
 Metaspace       used 23429K, capacity 23914K, committed 24188K, reserved 1071104K
  class space    used 2713K, capacity 2917K, committed 2940K, reserved 1048576K
2017-07-07T11:21:05.300+0200: 3,519: [GC (Allocation Failure) 2017-07-07T11:21:05.300+0200: 3,519: [ParNew
Desired survivor size 20112992 bytes, new threshold 8 (max 8)
- age   1:    4179064 bytes,    4179064 total
- age   2:     151920 bytes,    4330984 total
- age   3:      77184 bytes,    4408168 total
- age   4:     313240 bytes,    4721408 total
- age   5:    1047856 bytes,    5769264 total
- age   6:    6403168 bytes,   12172432 total
: 100363K->14166K(109248K), 0,0139525 secs] 100363K->14166K(502464K), 0,0140269 secs] [Times: user=0,05 sys=0,00, real=0,01 secs] 
Heap after GC invocations=6 (full 1):
 par new generation   total 109248K, used 14166K [0x00000000e0000000, 0x00000000e8000000, 0x00000000e8000000)
  eden space 87424K,   0% used [0x00000000e0000000, 0x00000000e0000000, 0x00000000e5560000)
  from space 21824K,  64% used [0x00000000e5560000, 0x00000000e63359a0, 0x00000000e6ab0000)
  to   space 21824K,   0% used [0x00000000e6ab0000, 0x00000000e6ab0000, 0x00000000e8000000)
 concurrent mark-sweep generation total 393216K, used 0K [0x00000000e8000000, 0x0000000100000000, 0x0000000100000000)
 Metaspace       used 23429K, capacity 23914K, committed 24188K, reserved 1071104K
  class space    used 2713K, capacity 2917K, committed 2940K, reserved 1048576K
}
2017-07-07T11:21:05.314+0200: 3,533: Total time for which application threads were stopped: 0,0143155 seconds, Stopping threads took: 0,0000765 seconds
{Heap before GC invocations=6 (full 1):
 par new generation   total 109248K, used 101565K [0x00000000e0000000, 0x00000000e8000000, 0x00000000e8000000)
  eden space 87424K,  99% used [0x00000000e0000000, 0x00000000e5559ba8, 0x00000000e5560000)
  from space 21824K,  64% used [0x00000000e5560000, 0x00000000e63359a0, 0x00000000e6ab0000)
  to   space 21824K,   0% used [0x00000000e6ab0000, 0x00000000e6ab0000, 0x00000000e8000000)
 concurrent mark-sweep generation total 393216K, used 0K [0x00000000e8000000, 0x0000000100000000, 0x0000000100000000)
 Metaspace       used 23959K, capacity 24458K, committed 24572K, reserved 1071104K
  class space    used 2822K, capacity 3013K, committed 3068K, reserved 1048576K
2017-07-07T11:21:05.422+0200: 3,640: [GC (Allocation Failure) 2017-07-07T11:21:05.422+0200: 3,640: [ParNew
Desired survivor size 20112992 bytes, new threshold 8 (max 8)
- age   1:    2102896 bytes,    2102896 total
- age   2:    1380488 bytes,    3483384 total
- age   3:      79816 bytes,    3563200 total
- age   4:      45040 bytes,    3608240 total
- age   5:     202272 bytes,    3810512 total
- age   6:     909504 bytes,    4720016 total
- age   7:    5969416 bytes,   10689432 total
: 101565K->18081K(109248K), 0,0279190 secs] 101565K->18081K(502464K), 0,0279783 secs] [Times: user=0,08 sys=0,00, real=0,03 secs] 
Heap after GC invocations=7 (full 1):
 par new generation   total 109248K, used 18081K [0x00000000e0000000, 0x00000000e8000000, 0x00000000e8000000)
  eden space 87424K,   0% used [0x00000000e0000000, 0x00000000e0000000, 0x00000000e5560000)
  from space 21824K,  82% used [0x00000000e6ab0000, 0x00000000e7c58438, 0x00000000e8000000)
  to   space 21824K,   0% used [0x00000000e5560000, 0x00000000e5560000, 0x00000000e6ab0000)
 concurrent mark-sweep generation total 393216K, used 0K [0x00000000e8000000, 0x0000000100000000, 0x0000000100000000)
 Metaspace       used 23959K, capacity 24458K, committed 24572K, reserved 1071104K
  class space    used 2822K, capacity 3013K, committed 3068K, reserved 1048576K
}
2017-07-07T11:21:05.450+0200: 3,668: Total time for which application threads were stopped: 0,0281936 seconds, Stopping threads took: 0,0000597 seconds
2017-07-07T11:21:05.548+0200: 3,767: Total time for which application threads were stopped: 0,0038563 seconds, Stopping threads took: 0,0037455 seconds
{Heap before GC invocations=7 (full 1):
 par new generation   total 109248K, used 105537K [0x00000000e0000000, 0x00000000e8000000, 0x00000000e8000000)
  eden space 87424K, 100% used [0x00000000e0000000, 0x00000000e5560000, 0x00000000e5560000)
  from space 21824K,  82% used [0x00000000e6ab0000, 0x00000000e7c60448, 0x00000000e8000000)
  to   space 21824K,   0% used [0x00000000e5560000, 0x00000000e5560000, 0x00000000e6ab0000)
 concurrent mark-sweep generation total 393216K, used 0K [0x00000000e8000000, 0x0000000100000000, 0x0000000100000000)
 Metaspace       used 24415K, capacity 24896K, committed 25084K, reserved 1071104K
  class space    used 2858K, capacity 3049K, committed 3068K, reserved 1048576K
2017-07-07T11:21:05.551+0200: 3,770: [GC (GCLocker Initiated GC) 2017-07-07T11:21:05.551+0200: 3,770: [ParNew
Desired survivor size 20112992 bytes, new threshold 8 (max 8)
- age   1:    1523192 bytes,    1523192 total
- age   2:    1013144 bytes,    2536336 total
- age   3:    1380488 bytes,    3916824 total
- age   4:      79712 bytes,    3996536 total
- age   5:      44936 bytes,    4041472 total
- age   6:     202272 bytes,    4243744 total
- age   7:     909504 bytes,    5153248 total
- age   8:    5968992 bytes,   11122240 total
: 105537K->14279K(109248K), 0,0203595 secs] 105537K->14279K(502464K), 0,0204512 secs] [Times: user=0,06 sys=0,00, real=0,02 secs] 
Heap after GC invocations=8 (full 1):
 par new generation   total 109248K, used 14279K [0x00000000e0000000, 0x00000000e8000000, 0x00000000e8000000)
  eden space 87424K,   0% used [0x00000000e0000000, 0x00000000e0000000, 0x00000000e5560000)
  from space 21824K,  65% used [0x00000000e5560000, 0x00000000e6351fe8, 0x00000000e6ab0000)
  to   space 21824K,   0% used [0x00000000e6ab0000, 0x00000000e6ab0000, 0x00000000e8000000)
 concurrent mark-sweep generation total 393216K, used 0K [0x00000000e8000000, 0x0000000100000000, 0x0000000100000000)
 Metaspace       used 24415K, capacity 24896K, committed 25084K, reserved 1071104K
  class space    used 2858K, capacity 3049K, committed 3068K, reserved 1048576K
}
2017-07-07T11:21:05.572+0200: 3,790: Total time for which application threads were stopped: 0,0220632 seconds, Stopping threads took: 0,0014311 seconds
{Heap before GC invocations=8 (full 1):
 par new generation   total 109248K, used 101703K [0x00000000e0000000, 0x00000000e8000000, 0x00000000e8000000)
  eden space 87424K, 100% used [0x00000000e0000000, 0x00000000e5560000, 0x00000000e5560000)
  from space 21824K,  65% used [0x00000000e5560000, 0x00000000e6351fe8, 0x00000000e6ab0000)
  to   space 21824K,   0% used [0x00000000e6ab0000, 0x00000000e6ab0000, 0x00000000e8000000)
 concurrent mark-sweep generation total 393216K, used 0K [0x00000000e8000000, 0x0000000100000000, 0x0000000100000000)
 Metaspace       used 25097K, capacity 25520K, committed 25724K, reserved 1071104K
  class space    used 2910K, capacity 3084K, committed 3196K, reserved 1048576K
2017-07-07T11:21:05.788+0200: 4,007: [GC (Allocation Failure) 2017-07-07T11:21:05.788+0200: 4,007: [ParNew
Desired survivor size 20112992 bytes, new threshold 8 (max 8)
- age   1:    1913928 bytes,    1913928 total
- age   2:     138864 bytes,    2052792 total
- age   3:     558200 bytes,    2610992 total
- age   4:    1377936 bytes,    3988928 total
- age   5:      79648 bytes,    4068576 total
- age   6:      44840 bytes,    4113416 total
- age   7:     199008 bytes,    4312424 total
- age   8:     907872 bytes,    5220296 total
: 101703K->6714K(109248K), 0,0285781 secs] 101703K->12624K(502464K), 0,0286511 secs] [Times: user=0,09 sys=0,00, real=0,03 secs] 
Heap after GC invocations=9 (full 1):
 par new generation   total 109248K, used 6714K [0x00000000e0000000, 0x00000000e8000000, 0x00000000e8000000)
  eden space 87424K,   0% used [0x00000000e0000000, 0x00000000e0000000, 0x00000000e5560000)
  from space 21824K,  30% used [0x00000000e6ab0000, 0x00000000e713e818, 0x00000000e8000000)
  to   space 21824K,   0% used [0x00000000e5560000, 0x00000000e5560000, 0x00000000e6ab0000)
 concurrent mark-sweep generation total 393216K, used 5910K [0x00000000e8000000, 0x0000000100000000, 0x0000000100000000)
 Metaspace       used 25097K, capacity 25520K, committed 25724K, reserved 1071104K
  class space    used 2910K, capacity 3084K, committed 3196K, reserved 1048576K
}
2017-07-07T11:21:05.817+0200: 4,036: Total time for which application threads were stopped: 0,0288775 seconds, Stopping threads took: 0,0000618 seconds
2017-07-07T11:21:05.841+0200: 4,059: Total time for which application threads were stopped: 0,0003753 seconds, Stopping threads took: 0,0000443 seconds
2017-07-07T11:21:05.841+0200: 4,060: Total time for which application threads were stopped: 0,0000960 seconds, Stopping threads took: 0,0000141 seconds
2017-07-07T11:21:05.841+0200: 4,060: Total time for which application threads were stopped: 0,0000658 seconds, Stopping threads took: 0,0000097 seconds
2017-07-07T11:21:05.841+0200: 4,060: Total time for which application threads were stopped: 0,0000801 seconds, Stopping threads took: 0,0000221 seconds
2017-07-07T11:21:05.841+0200: 4,060: Total time for which application threads were stopped: 0,0000659 seconds, Stopping threads took: 0,0000106 seconds
2017-07-07T11:21:05.841+0200: 4,060: Total time for which application threads were stopped: 0,0000745 seconds, Stopping threads took: 0,0000214 seconds
2017-07-07T11:21:05.842+0200: 4,060: Total time for which application threads were stopped: 0,0000717 seconds, Stopping threads took: 0,0000110 seconds
2017-07-07T11:21:05.842+0200: 4,061: Total time for which application threads were stopped: 0,0000626 seconds, Stopping threads took: 0,0000084 seconds
2017-07-07T11:21:05.842+0200: 4,061: Total time for which application threads were stopped: 0,0000716 seconds, Stopping threads took: 0,0000170 seconds
2017-07-07T11:21:05.842+0200: 4,061: Total time for which application threads were stopped: 0,0000713 seconds, Stopping threads took: 0,0000176 seconds
2017-07-07T11:21:05.842+0200: 4,061: Total time for which application threads were stopped: 0,0000653 seconds, Stopping threads took: 0,0000158 seconds
2017-07-07T11:21:05.842+0200: 4,061: Total time for which application threads were stopped: 0,0000621 seconds, Stopping threads took: 0,0000173 seconds
2017-07-07T11:21:05.842+0200: 4,061: Total time for which application threads were stopped: 0,0000746 seconds, Stopping threads took: 0,0000255 seconds
2017-07-07T11:21:05.843+0200: 4,062: Total time for which application threads were stopped: 0,0000977 seconds, Stopping threads took: 0,0000218 seconds
2017-07-07T11:21:05.843+0200: 4,062: Total time for which application threads were stopped: 0,0000695 seconds, Stopping threads took: 0,0000178 seconds
2017-07-07T11:21:05.844+0200: 4,062: Total time for which application threads were stopped: 0,0000620 seconds, Stopping threads took: 0,0000087 seconds
2017-07-07T11:21:05.844+0200: 4,063: Total time for which application threads were stopped: 0,0000798 seconds, Stopping threads took: 0,0000155 seconds
2017-07-07T11:21:05.846+0200: 4,064: Total time for which application threads were stopped: 0,0012698 seconds, Stopping threads took: 0,0011947 seconds
2017-07-07T11:21:05.846+0200: 4,064: Total time for which application threads were stopped: 0,0000602 seconds, Stopping threads took: 0,0000244 seconds
2017-07-07T11:21:05.846+0200: 4,065: Total time for which application threads were stopped: 0,0001395 seconds, Stopping threads took: 0,0001077 seconds
2017-07-07T11:21:05.846+0200: 4,065: Total time for which application threads were stopped: 0,0001083 seconds, Stopping threads took: 0,0000093 seconds
2017-07-07T11:21:05.853+0200: 4,072: Total time for which application threads were stopped: 0,0002408 seconds, Stopping threads took: 0,0001617 seconds
2017-07-07T11:21:05.855+0200: 4,074: Total time for which application threads were stopped: 0,0001292 seconds, Stopping threads took: 0,0000512 seconds
2017-07-07T11:21:05.855+0200: 4,074: Total time for which application threads were stopped: 0,0000429 seconds, Stopping threads took: 0,0000081 seconds
2017-07-07T11:21:05.855+0200: 4,074: Total time for which application threads were stopped: 0,0000616 seconds, Stopping threads took: 0,0000186 seconds
2017-07-07T11:21:05.855+0200: 4,074: Total time for which application threads were stopped: 0,0000555 seconds, Stopping threads took: 0,0000156 seconds
2017-07-07T11:21:05.855+0200: 4,074: Total time for which application threads were stopped: 0,0000443 seconds, Stopping threads took: 0,0000091 seconds
2017-07-07T11:21:05.856+0200: 4,074: Total time for which application threads were stopped: 0,0000509 seconds, Stopping threads took: 0,0000102 seconds
2017-07-07T11:21:05.858+0200: 4,076: Total time for which application threads were stopped: 0,0018919 seconds, Stopping threads took: 0,0018415 seconds
2017-07-07T11:21:05.858+0200: 4,076: Total time for which application threads were stopped: 0,0000682 seconds, Stopping threads took: 0,0000177 seconds
2017-07-07T11:21:05.858+0200: 4,077: Total time for which application threads were stopped: 0,0000535 seconds, Stopping threads took: 0,0000178 seconds
2017-07-07T11:21:05.858+0200: 4,077: Total time for which application threads were stopped: 0,0000483 seconds, Stopping threads took: 0,0000161 seconds
2017-07-07T11:21:05.858+0200: 4,077: Total time for which application threads were stopped: 0,0000682 seconds, Stopping threads took: 0,0000195 seconds
2017-07-07T11:21:05.858+0200: 4,077: Total time for which application threads were stopped: 0,0000536 seconds, Stopping threads took: 0,0000155 seconds
2017-07-07T11:21:05.858+0200: 4,077: Total time for which application threads were stopped: 0,0000585 seconds, Stopping threads took: 0,0000195 seconds
2017-07-07T11:21:05.859+0200: 4,077: Total time for which application threads were stopped: 0,0000523 seconds, Stopping threads took: 0,0000146 seconds
2017-07-07T11:21:05.859+0200: 4,077: Total time for which application threads were stopped: 0,0000489 seconds, Stopping threads took: 0,0000157 seconds
2017-07-07T11:21:05.859+0200: 4,078: Total time for which application threads were stopped: 0,0002144 seconds, Stopping threads took: 0,0001629 seconds
2017-07-07T11:21:05.859+0200: 4,078: Total time for which application threads were stopped: 0,0001792 seconds, Stopping threads took: 0,0001455 seconds
2017-07-07T11:21:05.859+0200: 4,078: Total time for which application threads were stopped: 0,0000676 seconds, Stopping threads took: 0,0000234 seconds
2017-07-07T11:21:05.861+0200: 4,080: Total time for which application threads were stopped: 0,0001821 seconds, Stopping threads took: 0,0000216 seconds
2017-07-07T11:21:05.881+0200: 4,099: Total time for which application threads were stopped: 0,0001981 seconds, Stopping threads took: 0,0001195 seconds
2017-07-07T11:21:05.885+0200: 4,103: Total time for which application threads were stopped: 0,0001618 seconds, Stopping threads took: 0,0000718 seconds
2017-07-07T11:21:05.894+0200: 4,112: Total time for which application threads were stopped: 0,0001419 seconds, Stopping threads took: 0,0000572 seconds
2017-07-07T11:21:05.898+0200: 4,116: Total time for which application threads were stopped: 0,0001064 seconds, Stopping threads took: 0,0000235 seconds
2017-07-07T11:21:05.898+0200: 4,117: Total time for which application threads were stopped: 0,0001685 seconds, Stopping threads took: 0,0000927 seconds
2017-07-07T11:21:05.918+0200: 4,137: Total time for which application threads were stopped: 0,0001128 seconds, Stopping threads took: 0,0000431 seconds
2017-07-07T11:21:05.934+0200: 4,153: Total time for which application threads were stopped: 0,0001145 seconds, Stopping threads took: 0,0000314 seconds
2017-07-07T11:21:05.935+0200: 4,153: Total time for which application threads were stopped: 0,0004371 seconds, Stopping threads took: 0,0000151 seconds
2017-07-07T11:21:05.993+0200: 4,212: Total time for which application threads were stopped: 0,0005148 seconds, Stopping threads took: 0,0000431 seconds
2017-07-07T11:21:06.011+0200: 4,230: Total time for which application threads were stopped: 0,0006181 seconds, Stopping threads took: 0,0000673 seconds
2017-07-07T11:21:06.110+0200: 4,329: Total time for which application threads were stopped: 0,0043944 seconds, Stopping threads took: 0,0039343 seconds
2017-07-07T11:21:06.124+0200: 4,343: Total time for which application threads were stopped: 0,0001326 seconds, Stopping threads took: 0,0000292 seconds
2017-07-07T11:21:06.130+0200: 4,349: Total time for which application threads were stopped: 0,0062974 seconds, Stopping threads took: 0,0061252 seconds
2017-07-07T11:21:06.137+0200: 4,356: Total time for which application threads were stopped: 0,0001341 seconds, Stopping threads took: 0,0000452 seconds
2017-07-07T11:21:06.144+0200: 4,362: Total time for which application threads were stopped: 0,0001450 seconds, Stopping threads took: 0,0000585 seconds
2017-07-07T11:21:06.174+0200: 4,393: Total time for which application threads were stopped: 0,0001768 seconds, Stopping threads took: 0,0000433 seconds
2017-07-07T11:21:06.175+0200: 4,394: Total time for which application threads were stopped: 0,0001293 seconds, Stopping threads took: 0,0000323 seconds
2017-07-07T11:21:06.175+0200: 4,394: Total time for which application threads were stopped: 0,0001094 seconds, Stopping threads took: 0,0000214 seconds
2017-07-07T11:21:06.176+0200: 4,394: Total time for which application threads were stopped: 0,0001116 seconds, Stopping threads took: 0,0000257 seconds
2017-07-07T11:21:06.178+0200: 4,396: Total time for which application threads were stopped: 0,0001393 seconds, Stopping threads took: 0,0000393 seconds
2017-07-07T11:21:06.187+0200: 4,405: Total time for which application threads were stopped: 0,0061875 seconds, Stopping threads took: 0,0060685 seconds
2017-07-07T11:21:06.219+0200: 4,437: Total time for which application threads were stopped: 0,0001815 seconds, Stopping threads took: 0,0000493 seconds
2017-07-07T11:21:06.245+0200: 4,464: Total time for which application threads were stopped: 0,0101801 seconds, Stopping threads took: 0,0100971 seconds
2017-07-07T11:21:06.266+0200: 4,484: Total time for which application threads were stopped: 0,0001039 seconds, Stopping threads took: 0,0000252 seconds
2017-07-07T11:21:06.269+0200: 4,487: Total time for which application threads were stopped: 0,0001010 seconds, Stopping threads took: 0,0000255 seconds
2017-07-07T11:21:06.281+0200: 4,500: Total time for which application threads were stopped: 0,0001610 seconds, Stopping threads took: 0,0000680 seconds
2017-07-07T11:21:06.292+0200: 4,511: Total time for which application threads were stopped: 0,0005044 seconds, Stopping threads took: 0,0000423 seconds
2017-07-07T11:21:06.302+0200: 4,520: Total time for which application threads were stopped: 0,0038058 seconds, Stopping threads took: 0,0036779 seconds
2017-07-07T11:21:07.302+0200: 5,521: Total time for which application threads were stopped: 0,0000642 seconds, Stopping threads took: 0,0000167 seconds
2017-07-07T11:22:58.731+0200: 117,536: Total time for which application threads were stopped: 0,0001786 seconds, Stopping threads took: 0,0000735 seconds
2017-07-07T11:23:03.732+0200: 122,537: Total time for which application threads were stopped: 0,0000673 seconds, Stopping threads took: 0,0000178 seconds
2017-07-07T11:24:02.739+0200: 181,544: Total time for which application threads were stopped: 0,0000826 seconds, Stopping threads took: 0,0000334 seconds
2017-07-07T11:42:21.125+0200: 277,479: Total time for which application threads were stopped: 0,0000932 seconds, Stopping threads took: 0,0000387 seconds
2017-07-07T11:48:51.868+0200: 667,526: Total time for which application threads were stopped: 0,0000783 seconds, Stopping threads took: 0,0000313 seconds
2017-07-07T11:49: