OpenJDK 64-Bit Server VM (25.131-b11) for linux-amd64 JRE (1.8.0_131-8u131-b11-0ubuntu1.16.04.2-b11), built on May  6 2017 02:45:27 by "buildd" with gcc 5.4.0 20160609
Memory: 4k page, physical 7867740k(7477436k free), swap 8076284k(8076284k free)
CommandLine flags: -XX:CMSInitiatingOccupancyFraction=50 -XX:CMSMaxAbortablePrecleanTime=6000 -XX:+CMSParallelRemarkEnabled -XX:+CMSScavengeBeforeRemark -XX:ConcGCThreads=4 -XX:InitialHeapSize=536870912 -XX:MaxHeapSize=536870912 -XX:MaxTenuringThreshold=8 -XX:NewRatio=3 -XX:OldPLABSize=16 -XX:OnOutOfMemoryError=/opt/solr/bin/oom_solr.sh 8983 /var/solr/logs -XX:ParallelGCThreads=4 -XX:+ParallelRefProcEnabled -XX:PretenureSizeThreshold=67108864 -XX:+PrintGC -XX:+PrintGCApplicationStoppedTime -XX:+PrintGCDateStamps -XX:+PrintGCDetails -XX:+PrintGCTimeStamps -XX:+PrintHeapAtGC -XX:+PrintTenuringDistribution -XX:SurvivorRatio=4 -XX:TargetSurvivorRatio=90 -XX:ThreadStackSize=256 -XX:+UseCMSInitiatingOccupancyOnly -XX:+UseCompressedClassPointers -XX:+UseCompressedOops -XX:+UseConcMarkSweepGC -XX:+UseParNewGC 
2017-07-14T13:43:07.963+0200: 0,208: Total time for which application threads were stopped: 0,0000605 seconds, Stopping threads took: 0,0000098 seconds
2017-07-14T13:43:08.082+0200: 0,326: Total time for which application threads were stopped: 0,0001181 seconds, Stopping threads took: 0,0000267 seconds
2017-07-14T13:43:08.101+0200: 0,345: Total time for which application threads were stopped: 0,0000990 seconds, Stopping threads took: 0,0000255 seconds
2017-07-14T13:43:08.484+0200: 0,729: Total time for which application threads were stopped: 0,0001650 seconds, Stopping threads took: 0,0000236 seconds
2017-07-14T13:43:08.958+0200: 1,203: Total time for which application threads were stopped: 0,0002199 seconds, Stopping threads took: 0,0000228 seconds
2017-07-14T13:43:09.021+0200: 1,266: Total time for which application threads were stopped: 0,0001540 seconds, Stopping threads took: 0,0000202 seconds
2017-07-14T13:43:09.045+0200: 1,289: Total time for which application threads were stopped: 0,0001594 seconds, Stopping threads took: 0,0000176 seconds
2017-07-14T13:43:09.317+0200: 1,562: Total time for which application threads were stopped: 0,0002104 seconds, Stopping threads took: 0,0000151 seconds
2017-07-14T13:43:09.571+0200: 1,816: Total time for which application threads were stopped: 0,0002092 seconds, Stopping threads took: 0,0000221 seconds
2017-07-14T13:43:09.598+0200: 1,843: Total time for which application threads were stopped: 0,0002401 seconds, Stopping threads took: 0,0000308 seconds
2017-07-14T13:43:09.640+0200: 1,884: Total time for which application threads were stopped: 0,0002197 seconds, Stopping threads took: 0,0000265 seconds
2017-07-14T13:43:09.640+0200: 1,885: Total time for which application threads were stopped: 0,0001845 seconds, Stopping threads took: 0,0000204 seconds
2017-07-14T13:43:09.660+0200: 1,905: Total time for which application threads were stopped: 0,0003337 seconds, Stopping threads took: 0,0000218 seconds
2017-07-14T13:43:09.739+0200: 1,984: Total time for which application threads were stopped: 0,0002505 seconds, Stopping threads took: 0,0000193 seconds
2017-07-14T13:43:09.919+0200: 2,163: Total time for which application threads were stopped: 0,0002451 seconds, Stopping threads took: 0,0000297 seconds
{Heap before GC invocations=0 (full 0):
 par new generation   total 109248K, used 87424K [0x00000000e0000000, 0x00000000e8000000, 0x00000000e8000000)
  eden space 87424K, 100% used [0x00000000e0000000, 0x00000000e5560000, 0x00000000e5560000)
  from space 21824K,   0% used [0x00000000e5560000, 0x00000000e5560000, 0x00000000e6ab0000)
  to   space 21824K,   0% used [0x00000000e6ab0000, 0x00000000e6ab0000, 0x00000000e8000000)
 concurrent mark-sweep generation total 393216K, used 0K [0x00000000e8000000, 0x0000000100000000, 0x0000000100000000)
 Metaspace       used 17891K, capacity 18240K, committed 18304K, reserved 1064960K
  class space    used 2024K, capacity 2164K, committed 2176K, reserved 1048576K
2017-07-14T13:43:09.966+0200: 2,210: [GC (Allocation Failure) 2017-07-14T13:43:09.966+0200: 2,210: [ParNew
Desired survivor size 20112992 bytes, new threshold 8 (max 8)
- age   1:   11832672 bytes,   11832672 total
: 87424K->11666K(109248K), 0,0155597 secs] 87424K->11666K(502464K), 0,0156429 secs] [Times: user=0,04 sys=0,02, real=0,02 secs] 
Heap after GC invocations=1 (full 0):
 par new generation   total 109248K, used 11666K [0x00000000e0000000, 0x00000000e8000000, 0x00000000e8000000)
  eden space 87424K,   0% used [0x00000000e0000000, 0x00000000e0000000, 0x00000000e5560000)
  from space 21824K,  53% used [0x00000000e6ab0000, 0x00000000e7614908, 0x00000000e8000000)
  to   space 21824K,   0% used [0x00000000e5560000, 0x00000000e5560000, 0x00000000e6ab0000)
 concurrent mark-sweep generation total 393216K, used 0K [0x00000000e8000000, 0x0000000100000000, 0x0000000100000000)
 Metaspace       used 17891K, capacity 18240K, committed 18304K, reserved 1064960K
  class space    used 2024K, capacity 2164K, committed 2176K, reserved 1048576K
}
2017-07-14T13:43:09.981+0200: 2,226: Total time for which application threads were stopped: 0,0158401 seconds, Stopping threads took: 0,0000522 seconds
2017-07-14T13:43:10.368+0200: 2,613: Total time for which application threads were stopped: 0,0003836 seconds, Stopping threads took: 0,0000688 seconds
2017-07-14T13:43:10.421+0200: 2,666: Total time for which application threads were stopped: 0,0003504 seconds, Stopping threads took: 0,0000799 seconds
{Heap before GC invocations=1 (full 0):
 par new generation   total 109248K, used 99090K [0x00000000e0000000, 0x00000000e8000000, 0x00000000e8000000)
  eden space 87424K, 100% used [0x00000000e0000000, 0x00000000e5560000, 0x00000000e5560000)
  from space 21824K,  53% used [0x00000000e6ab0000, 0x00000000e7614908, 0x00000000e8000000)
  to   space 21824K,   0% used [0x00000000e5560000, 0x00000000e5560000, 0x00000000e6ab0000)
 concurrent mark-sweep generation total 393216K, used 0K [0x00000000e8000000, 0x0000000100000000, 0x0000000100000000)
 Metaspace       used 20064K, capacity 20374K, committed 20736K, reserved 1067008K
  class space    used 2298K, capacity 2473K, committed 2560K, reserved 1048576K
2017-07-14T13:43:10.424+0200: 2,669: [GC (Allocation Failure) 2017-07-14T13:43:10.424+0200: 2,669: [ParNew
Desired survivor size 20112992 bytes, new threshold 8 (max 8)
- age   1:    4054968 bytes,    4054968 total
- age   2:    6408320 bytes,   10463288 total
: 99090K->13201K(109248K), 0,0108912 secs] 99090K->13201K(502464K), 0,0109658 secs] [Times: user=0,04 sys=0,00, real=0,01 secs] 
Heap after GC invocations=2 (full 0):
 par new generation   total 109248K, used 13201K [0x00000000e0000000, 0x00000000e8000000, 0x00000000e8000000)
  eden space 87424K,   0% used [0x00000000e0000000, 0x00000000e0000000, 0x00000000e5560000)
  from space 21824K,  60% used [0x00000000e5560000, 0x00000000e62446e8, 0x00000000e6ab0000)
  to   space 21824K,   0% used [0x00000000e6ab0000, 0x00000000e6ab0000, 0x00000000e8000000)
 concurrent mark-sweep generation total 393216K, used 0K [0x00000000e8000000, 0x0000000100000000, 0x0000000100000000)
 Metaspace       used 20064K, capacity 20374K, committed 20736K, reserved 1067008K
  class space    used 2298K, capacity 2473K, committed 2560K, reserved 1048576K
}
2017-07-14T13:43:10.435+0200: 2,680: Total time for which application threads were stopped: 0,0111611 seconds, Stopping threads took: 0,0000483 seconds
2017-07-14T13:43:10.472+0200: 2,717: Total time for which application threads were stopped: 0,0003888 seconds, Stopping threads took: 0,0000901 seconds
2017-07-14T13:43:10.612+0200: 2,857: Total time for which application threads were stopped: 0,0001773 seconds, Stopping threads took: 0,0000274 seconds
{Heap before GC invocations=2 (full 0):
 par new generation   total 109248K, used 100625K [0x00000000e0000000, 0x00000000e8000000, 0x00000000e8000000)
  eden space 87424K, 100% used [0x00000000e0000000, 0x00000000e5560000, 0x00000000e5560000)
  from space 21824K,  60% used [0x00000000e5560000, 0x00000000e62446e8, 0x00000000e6ab0000)
  to   space 21824K,   0% used [0x00000000e6ab0000, 0x00000000e6ab0000, 0x00000000e8000000)
 concurrent mark-sweep generation total 393216K, used 0K [0x00000000e8000000, 0x0000000100000000, 0x0000000100000000)
 Metaspace       used 20985K, capacity 21302K, committed 21628K, reserved 1069056K
  class space    used 2419K, capacity 2593K, committed 2684K, reserved 1048576K
2017-07-14T13:43:10.643+0200: 2,887: [GC (Allocation Failure) 2017-07-14T13:43:10.643+0200: 2,887: [ParNew
Desired survivor size 20112992 bytes, new threshold 8 (max 8)
- age   1:    2058408 bytes,    2058408 total
- age   2:    1090680 bytes,    3149088 total
- age   3:    6404408 bytes,    9553496 total
: 100625K->11433K(109248K), 0,0109546 secs] 100625K->11433K(502464K), 0,0110480 secs] [Times: user=0,03 sys=0,01, real=0,01 secs] 
Heap after GC invocations=3 (full 0):
 par new generation   total 109248K, used 11433K [0x00000000e0000000, 0x00000000e8000000, 0x00000000e8000000)
  eden space 87424K,   0% used [0x00000000e0000000, 0x00000000e0000000, 0x00000000e5560000)
  from space 21824K,  52% used [0x00000000e6ab0000, 0x00000000e75da780, 0x00000000e8000000)
  to   space 21824K,   0% used [0x00000000e5560000, 0x00000000e5560000, 0x00000000e6ab0000)
 concurrent mark-sweep generation total 393216K, used 0K [0x00000000e8000000, 0x0000000100000000, 0x0000000100000000)
 Metaspace       used 20985K, capacity 21302K, committed 21628K, reserved 1069056K
  class space    used 2419K, capacity 2593K, committed 2684K, reserved 1048576K
}
2017-07-14T13:43:10.654+0200: 2,899: Total time for which application threads were stopped: 0,0112548 seconds, Stopping threads took: 0,0000348 seconds
2017-07-14T13:43:10.654+0200: 2,899: [GC (CMS Initial Mark) [1 CMS-initial-mark: 0K(393216K)] 12849K(502464K), 0,0033694 secs] [Times: user=0,01 sys=0,00, real=0,01 secs] 
2017-07-14T13:43:10.657+0200: 2,902: Total time for which application threads were stopped: 0,0035200 seconds, Stopping threads took: 0,0000489 seconds
2017-07-14T13:43:10.657+0200: 2,902: [CMS-concurrent-mark-start]
2017-07-14T13:43:10.658+0200: 2,902: [CMS-concurrent-mark: 0,000/0,000 secs] [Times: user=0,00 sys=0,00, real=0,00 secs] 
2017-07-14T13:43:10.658+0200: 2,902: [CMS-concurrent-preclean-start]
2017-07-14T13:43:10.659+0200: 2,903: [CMS-concurrent-preclean: 0,001/0,001 secs] [Times: user=0,01 sys=0,00, real=0,00 secs] 
2017-07-14T13:43:10.659+0200: 2,903: [GC (CMS Final Remark) [YG occupancy: 12849 K (109248 K)]{Heap before GC invocations=3 (full 1):
 par new generation   total 109248K, used 12849K [0x00000000e0000000, 0x00000000e8000000, 0x00000000e8000000)
  eden space 87424K,   1% used [0x00000000e0000000, 0x00000000e0161fb0, 0x00000000e5560000)
  from space 21824K,  52% used [0x00000000e6ab0000, 0x00000000e75da780, 0x00000000e8000000)
  to   space 21824K,   0% used [0x00000000e5560000, 0x00000000e5560000, 0x00000000e6ab0000)
 concurrent mark-sweep generation total 393216K, used 0K [0x00000000e8000000, 0x0000000100000000, 0x0000000100000000)
 Metaspace       used 20985K, capacity 21302K, committed 21628K, reserved 1069056K
  class space    used 2419K, capacity 2593K, committed 2684K, reserved 1048576K
2017-07-14T13:43:10.659+0200: 2,903: [GC (CMS Final Remark) 2017-07-14T13:43:10.659+0200: 2,903: [ParNew
Desired survivor size 20112992 bytes, new threshold 8 (max 8)
- age   1:      32872 bytes,      32872 total
- age   2:    2058440 bytes,    2091312 total
- age   3:    1090704 bytes,    3182016 total
- age   4:    6407392 bytes,    9589408 total
: 12849K->14746K(109248K), 0,0097608 secs] 12849K->14746K(502464K), 0,0098000 secs] [Times: user=0,03 sys=0,00, real=0,00 secs] 
Heap after GC invocations=4 (full 1):
 par new generation   total 109248K, used 14746K [0x00000000e0000000, 0x00000000e8000000, 0x00000000e8000000)
  eden space 87424K,   0% used [0x00000000e0000000, 0x00000000e0000000, 0x00000000e5560000)
  from space 21824K,  67% used [0x00000000e5560000, 0x00000000e63c68d8, 0x00000000e6ab0000)
  to   space 21824K,   0% used [0x00000000e6ab0000, 0x00000000e6ab0000, 0x00000000e8000000)
 concurrent mark-sweep generation total 393216K, used 0K [0x00000000e8000000, 0x0000000100000000, 0x0000000100000000)
 Metaspace       used 20985K, capacity 21302K, committed 21628K, reserved 1069056K
  class space    used 2419K, capacity 2593K, committed 2684K, reserved 1048576K
}
2017-07-14T13:43:10.669+0200: 2,913: [Rescan (parallel) , 0,0032506 secs]2017-07-14T13:43:10.672+0200: 2,917: [weak refs processing, 0,0004705 secs]2017-07-14T13:43:10.672+0200: 2,917: [class unloading, 0,0027284 secs]2017-07-14T13:43:10.675+0200: 2,920: [scrub symbol table, 0,0024972 secs]2017-07-14T13:43:10.678+0200: 2,922: [scrub string table, 0,0003517 secs][1 CMS-remark: 0K(393216K)] 14746K(502464K), 0,0197044 secs] [Times: user=0,05 sys=0,00, real=0,02 secs] 
2017-07-14T13:43:10.678+0200: 2,923: Total time for which application threads were stopped: 0,0198146 seconds, Stopping threads took: 0,0000243 seconds
2017-07-14T13:43:10.678+0200: 2,923: [CMS-concurrent-sweep-start]
2017-07-14T13:43:10.678+0200: 2,923: [CMS-concurrent-sweep: 0,000/0,000 secs] [Times: user=0,00 sys=0,00, real=0,00 secs] 
2017-07-14T13:43:10.679+0200: 2,923: [CMS-concurrent-reset-start]
2017-07-14T13:43:10.680+0200: 2,925: [CMS-concurrent-reset: 0,002/0,002 secs] [Times: user=0,00 sys=0,00, real=0,00 secs] 
{Heap before GC invocations=4 (full 1):
 par new generation   total 109248K, used 102170K [0x00000000e0000000, 0x00000000e8000000, 0x00000000e8000000)
  eden space 87424K, 100% used [0x00000000e0000000, 0x00000000e5560000, 0x00000000e5560000)
  from space 21824K,  67% used [0x00000000e5560000, 0x00000000e63c68d8, 0x00000000e6ab0000)
  to   space 21824K,   0% used [0x00000000e6ab0000, 0x00000000e6ab0000, 0x00000000e8000000)
 concurrent mark-sweep generation total 393216K, used 0K [0x00000000e8000000, 0x0000000100000000, 0x0000000100000000)
 Metaspace       used 21244K, capacity 21642K, committed 21884K, reserved 1069056K
  class space    used 2450K, capacity 2608K, committed 2684K, reserved 1048576K
2017-07-14T13:43:10.784+0200: 3,029: [GC (Allocation Failure) 2017-07-14T13:43:10.784+0200: 3,029: [ParNew
Desired survivor size 20112992 bytes, new threshold 8 (max 8)
- age   1:    1112992 bytes,    1112992 total
- age   3:    1467840 bytes,    2580832 total
- age   4:    1055824 bytes,    3636656 total
- age   5:    6404720 bytes,   10041376 total
: 102170K->11117K(109248K), 0,0099554 secs] 102170K->11117K(502464K), 0,0100174 secs] [Times: user=0,04 sys=0,00, real=0,01 secs] 
Heap after GC invocations=5 (full 1):
 par new generation   total 109248K, used 11117K [0x00000000e0000000, 0x00000000e8000000, 0x00000000e8000000)
  eden space 87424K,   0% used [0x00000000e0000000, 0x00000000e0000000, 0x00000000e5560000)
  from space 21824K,  50% used [0x00000000e6ab0000, 0x00000000e758b600, 0x00000000e8000000)
  to   space 21824K,   0% used [0x00000000e5560000, 0x00000000e5560000, 0x00000000e6ab0000)
 concurrent mark-sweep generation total 393216K, used 0K [0x00000000e8000000, 0x0000000100000000, 0x0000000100000000)
 Metaspace       used 21244K, capacity 21642K, committed 21884K, reserved 1069056K
  class space    used 2450K, capacity 2608K, committed 2684K, reserved 1048576K
}
2017-07-14T13:43:10.794+0200: 3,039: Total time for which application threads were stopped: 0,0102427 seconds, Stopping threads took: 0,0000664 seconds
{Heap before GC invocations=5 (full 1):
 par new generation   total 109248K, used 98541K [0x00000000e0000000, 0x00000000e8000000, 0x00000000e8000000)
  eden space 87424K, 100% used [0x00000000e0000000, 0x00000000e5560000, 0x00000000e5560000)
  from space 21824K,  50% used [0x00000000e6ab0000, 0x00000000e758b600, 0x00000000e8000000)
  to   space 21824K,   0% used [0x00000000e5560000, 0x00000000e5560000, 0x00000000e6ab0000)
 concurrent mark-sweep generation total 393216K, used 0K [0x00000000e8000000, 0x0000000100000000, 0x0000000100000000)
 Metaspace       used 21388K, capacity 21808K, committed 21884K, reserved 1069056K
  class space    used 2467K, capacity 2641K, committed 2684K, reserved 1048576K
2017-07-14T13:43:10.890+0200: 3,134: [GC (Allocation Failure) 2017-07-14T13:43:10.890+0200: 3,134: [ParNew
Desired survivor size 20112992 bytes, new threshold 8 (max 8)
- age   1:    1606440 bytes,    1606440 total
- age   2:     184376 bytes,    1790816 total
- age   4:    1467624 bytes,    3258440 total
- age   5:    1055744 bytes,    4314184 total
- age   6:    6404392 bytes,   10718576 total
: 98541K->14815K(109248K), 0,0129567 secs] 98541K->14815K(502464K), 0,0130258 secs] [Times: user=0,03 sys=0,00, real=0,01 secs] 
Heap after GC invocations=6 (full 1):
 par new generation   total 109248K, used 14815K [0x00000000e0000000, 0x00000000e8000000, 0x00000000e8000000)
  eden space 87424K,   0% used [0x00000000e0000000, 0x00000000e0000000, 0x00000000e5560000)
  from space 21824K,  67% used [0x00000000e5560000, 0x00000000e63d7d20, 0x00000000e6ab0000)
  to   space 21824K,   0% used [0x00000000e6ab0000, 0x00000000e6ab0000, 0x00000000e8000000)
 concurrent mark-sweep generation total 393216K, used 0K [0x00000000e8000000, 0x0000000100000000, 0x0000000100000000)
 Metaspace       used 21388K, capacity 21808K, committed 21884K, reserved 1069056K
  class space    used 2467K, capacity 2641K, committed 2684K, reserved 1048576K
}
2017-07-14T13:43:10.903+0200: 3,147: Total time for which application threads were stopped: 0,0140700 seconds, Stopping threads took: 0,0009047 seconds
2017-07-14T13:43:10.940+0200: 3,184: Total time for which application threads were stopped: 0,0003257 seconds, Stopping threads took: 0,0000232 seconds
2017-07-14T13:43:11.182+0200: 3,427: Total time for which application threads were stopped: 0,0004323 seconds, Stopping threads took: 0,0000549 seconds
2017-07-14T13:43:11.200+0200: 3,445: Total time for which application threads were stopped: 0,0004727 seconds, Stopping threads took: 0,0000397 seconds
2017-07-14T13:43:11.231+0200: 3,476: Total time for which application threads were stopped: 0,0004286 seconds, Stopping threads took: 0,0000231 seconds
{Heap before GC invocations=6 (full 1):
 par new generation   total 109248K, used 102239K [0x00000000e0000000, 0x00000000e8000000, 0x00000000e8000000)
  eden space 87424K, 100% used [0x00000000e0000000, 0x00000000e5560000, 0x00000000e5560000)
  from space 21824K,  67% used [0x00000000e5560000, 0x00000000e63d7d20, 0x00000000e6ab0000)
  to   space 21824K,   0% used [0x00000000e6ab0000, 0x00000000e6ab0000, 0x00000000e8000000)
 concurrent mark-sweep generation total 393216K, used 0K [0x00000000e8000000, 0x0000000100000000, 0x0000000100000000)
 Metaspace       used 23869K, capacity 24320K, committed 24572K, reserved 1071104K
  class space    used 2809K, capacity 2985K, committed 3068K, reserved 1048576K
2017-07-14T13:43:11.344+0200: 3,589: [GC (Allocation Failure) 2017-07-14T13:43:11.344+0200: 3,589: [ParNew
Desired survivor size 20112992 bytes, new threshold 8 (max 8)
- age   1:    5318352 bytes,    5318352 total
- age   2:     107392 bytes,    5425744 total
- age   3:     182816 bytes,    5608560 total
- age   5:     297664 bytes,    5906224 total
- age   6:    1029328 bytes,    6935552 total
- age   7:    6396368 bytes,   13331920 total
: 102239K->15104K(109248K), 0,0214931 secs] 102239K->15104K(502464K), 0,0215767 secs] [Times: user=0,08 sys=0,00, real=0,02 secs] 
Heap after GC invocations=7 (full 1):
 par new generation   total 109248K, used 15104K [0x00000000e0000000, 0x00000000e8000000, 0x00000000e8000000)
  eden space 87424K,   0% used [0x00000000e0000000, 0x00000000e0000000, 0x00000000e5560000)
  from space 21824K,  69% used [0x00000000e6ab0000, 0x00000000e7970130, 0x00000000e8000000)
  to   space 21824K,   0% used [0x00000000e5560000, 0x00000000e5560000, 0x00000000e6ab0000)
 concurrent mark-sweep generation total 393216K, used 0K [0x00000000e8000000, 0x0000000100000000, 0x0000000100000000)
 Metaspace       used 23869K, capacity 24320K, committed 24572K, reserved 1071104K
  class space    used 2809K, capacity 2985K, committed 3068K, reserved 1048576K
}
2017-07-14T13:43:11.366+0200: 3,611: Total time for which application threads were stopped: 0,0218173 seconds, Stopping threads took: 0,0000573 seconds
{Heap before GC invocations=7 (full 1):
 par new generation   total 109248K, used 102528K [0x00000000e0000000, 0x00000000e8000000, 0x00000000e8000000)
  eden space 87424K, 100% used [0x00000000e0000000, 0x00000000e5560000, 0x00000000e5560000)
  from space 21824K,  69% used [0x00000000e6ab0000, 0x00000000e7970130, 0x00000000e8000000)
  to   space 21824K,   0% used [0x00000000e5560000, 0x00000000e5560000, 0x00000000e6ab0000)
 concurrent mark-sweep generation total 393216K, used 0K [0x00000000e8000000, 0x0000000100000000, 0x0000000100000000)
 Metaspace       used 24570K, capacity 25062K, committed 25212K, reserved 1071104K
  class space    used 2875K, capacity 3082K, committed 3196K, reserved 1048576K
2017-07-14T13:43:11.491+0200: 3,736: [GC (Allocation Failure) 2017-07-14T13:43:11.491+0200: 3,736: [ParNew
Desired survivor size 20112992 bytes, new threshold 8 (max 8)
- age   1:    2055072 bytes,    2055072 total
- age   2:    1790392 bytes,    3845464 total
- age   3:      52760 bytes,    3898224 total
- age   4:     103312 bytes,    4001536 total
- age   6:     188192 bytes,    4189728 total
- age   7:     826104 bytes,    5015832 total
- age   8:    6034520 bytes,   11050352 total
: 102528K->19731K(109248K), 0,0111199 secs] 102528K->19731K(502464K), 0,0112085 secs] [Times: user=0,04 sys=0,00, real=0,01 secs] 
Heap after GC invocations=8 (full 1):
 par new generation   total 109248K, used 19731K [0x00000000e0000000, 0x00000000e8000000, 0x00000000e8000000)
  eden space 87424K,   0% used [0x00000000e0000000, 0x00000000e0000000, 0x00000000e5560000)
  from space 21824K,  90% used [0x00000000e5560000, 0x00000000e68a4d38, 0x00000000e6ab0000)
  to   space 21824K,   0% used [0x00000000e6ab0000, 0x00000000e6ab0000, 0x00000000e8000000)
 concurrent mark-sweep generation total 393216K, used 0K [0x00000000e8000000, 0x0000000100000000, 0x0000000100000000)
 Metaspace       used 24570K, capacity 25062K, committed 25212K, reserved 1071104K
  class space    used 2875K, capacity 3082K, committed 3196K, reserved 1048576K
}
2017-07-14T13:43:11.502+0200: 3,747: Total time for which application threads were stopped: 0,0115464 seconds, Stopping threads took: 0,0001233 seconds
{Heap before GC invocations=8 (full 1):
 par new generation   total 109248K, used 107155K [0x00000000e0000000, 0x00000000e8000000, 0x00000000e8000000)
  eden space 87424K, 100% used [0x00000000e0000000, 0x00000000e5560000, 0x00000000e5560000)
  from space 21824K,  90% used [0x00000000e5560000, 0x00000000e68a4d38, 0x00000000e6ab0000)
  to   space 21824K,   0% used [0x00000000e6ab0000, 0x00000000e6ab0000, 0x00000000e8000000)
 concurrent mark-sweep generation total 393216K, used 0K [0x00000000e8000000, 0x0000000100000000, 0x0000000100000000)
 Metaspace       used 24935K, capacity 25408K, committed 25724K, reserved 1071104K
  class space    used 2905K, capacity 3087K, committed 3196K, reserved 1048576K
2017-07-14T13:43:11.609+0200: 3,853: [GC (Allocation Failure) 2017-07-14T13:43:11.609+0200: 3,853: [ParNew
Desired survivor size 20112992 bytes, new threshold 8 (max 8)
- age   1:    1173944 bytes,    1173944 total
- age   2:    1043888 bytes,    2217832 total
- age   3:    1766584 bytes,    3984416 total
- age   4:      52760 bytes,    4037176 total
- age   5:     103208 bytes,    4140384 total
- age   7:     187856 bytes,    4328240 total
- age   8:     826104 bytes,    5154344 total
: 107155K->7263K(109248K), 0,0440347 secs] 107155K->13238K(502464K), 0,0441098 secs] [Times: user=0,10 sys=0,00, real=0,05 secs] 
Heap after GC invocations=9 (full 1):
 par new generation   total 109248K, used 7263K [0x00000000e0000000, 0x00000000e8000000, 0x00000000e8000000)
  eden space 87424K,   0% used [0x00000000e0000000, 0x00000000e0000000, 0x00000000e5560000)
  from space 21824K,  33% used [0x00000000e6ab0000, 0x00000000e71c7cc0, 0x00000000e8000000)
  to   space 21824K,   0% used [0x00000000e5560000, 0x00000000e5560000, 0x00000000e6ab0000)
 concurrent mark-sweep generation total 393216K, used 5975K [0x00000000e8000000, 0x0000000100000000, 0x0000000100000000)
 Metaspace       used 24935K, capacity 25408K, committed 25724K, reserved 1071104K
  class space    used 2905K, capacity 3087K, committed 3196K, reserved 1048576K
}
2017-07-14T13:43:11.653+0200: 3,898: Total time for which application threads were stopped: 0,0469966 seconds, Stopping threads took: 0,0027043 seconds
2017-07-14T13:43:11.816+0200: 4,061: Total time for which application threads were stopped: 0,0005939 seconds, Stopping threads took: 0,0000831 seconds
2017-07-14T13:43:11.826+0200: 4,071: Total time for which application threads were stopped: 0,0001983 seconds, Stopping threads took: 0,0001067 seconds
2017-07-14T13:43:11.835+0200: 4,079: Total time for which application threads were stopped: 0,0001314 seconds, Stopping threads took: 0,0000465 seconds
2017-07-14T13:43:11.836+0200: 4,080: Total time for which application threads were stopped: 0,0000930 seconds, Stopping threads took: 0,0000215 seconds
2017-07-14T13:43:11.842+0200: 4,086: Total time for which application threads were stopped: 0,0000920 seconds, Stopping threads took: 0,0000198 seconds
2017-07-14T13:43:11.842+0200: 4,087: Total time for which application threads were stopped: 0,0000633 seconds, Stopping threads took: 0,0000153 seconds
2017-07-14T13:43:11.843+0200: 4,088: Total time for which application threads were stopped: 0,0000585 seconds, Stopping threads took: 0,0000117 seconds
2017-07-14T13:43:11.844+0200: 4,088: Total time for which application threads were stopped: 0,0000530 seconds, Stopping threads took: 0,0000133 seconds
2017-07-14T13:43:11.844+0200: 4,089: Total time for which application threads were stopped: 0,0000697 seconds, Stopping threads took: 0,0000258 seconds
2017-07-14T13:43:11.844+0200: 4,089: Total time for which application threads were stopped: 0,0000777 seconds, Stopping threads took: 0,0000169 seconds
2017-07-14T13:43:11.845+0200: 4,089: Total time for which application threads were stopped: 0,0001061 seconds, Stopping threads took: 0,0000386 seconds
2017-07-14T13:43:11.847+0200: 4,091: Total time for which application threads were stopped: 0,0000894 seconds, Stopping threads took: 0,0000209 seconds
2017-07-14T13:43:11.849+0200: 4,093: Total time for which application threads were stopped: 0,0000988 seconds, Stopping threads took: 0,0000220 seconds
2017-07-14T13:43:11.851+0200: 4,095: Total time for which application threads were stopped: 0,0000849 seconds, Stopping threads took: 0,0000181 seconds
2017-07-14T13:43:11.852+0200: 4,096: Total time for which application threads were stopped: 0,0001024 seconds, Stopping threads took: 0,0000382 seconds
2017-07-14T13:43:11.852+0200: 4,097: Total time for which application threads were stopped: 0,0000785 seconds, Stopping threads took: 0,0000311 seconds
2017-07-14T13:43:11.853+0200: 4,097: Total time for which application threads were stopped: 0,0000691 seconds, Stopping threads took: 0,0000143 seconds
2017-07-14T13:43:11.855+0200: 4,099: Total time for which application threads were stopped: 0,0000829 seconds, Stopping threads took: 0,0000179 seconds
2017-07-14T13:43:11.855+0200: 4,100: Total time for which application threads were stopped: 0,0000659 seconds, Stopping threads took: 0,0000134 seconds
2017-07-14T13:43:11.855+0200: 4,100: Total time for which application threads were stopped: 0,0000595 seconds, Stopping threads took: 0,0000136 seconds
2017-07-14T13:43:11.870+0200: 4,115: Total time for which application threads were stopped: 0,0001406 seconds, Stopping threads took: 0,0000382 seconds
2017-07-14T13:43:11.880+0200: 4,125: Total time for which application threads were stopped: 0,0006618 seconds, Stopping threads took: 0,0005960 seconds
2017-07-14T13:43:11.881+0200: 4,125: Total time for which application threads were stopped: 0,0001358 seconds, Stopping threads took: 0,0000151 seconds
2017-07-14T13:43:11.881+0200: 4,126: Total time for which application threads were stopped: 0,0000640 seconds, Stopping threads took: 0,0000137 seconds
2017-07-14T13:43:11.882+0200: 4,127: Total time for which application threads were stopped: 0,0000692 seconds, Stopping threads took: 0,0000155 seconds
2017-07-14T13:43:11.887+0200: 4,132: Total time for which application threads were stopped: 0,0001825 seconds, Stopping threads took: 0,0001018 seconds
2017-07-14T13:43:11.898+0200: 4,142: Total time for which application threads were stopped: 0,0005170 seconds, Stopping threads took: 0,0000422 seconds
2017-07-14T13:43:11.902+0200: 4,146: Total time for which application threads were stopped: 0,0001543 seconds, Stopping threads took: 0,0000437 seconds
2017-07-14T13:43:11.903+0200: 4,148: Total time for which application threads were stopped: 0,0001477 seconds, Stopping threads took: 0,0000450 seconds
2017-07-14T13:43:11.913+0200: 4,158: Total time for which application threads were stopped: 0,0034173 seconds, Stopping threads took: 0,0033495 seconds
2017-07-14T13:43:11.919+0200: 4,164: Total time for which application threads were stopped: 0,0005531 seconds, Stopping threads took: 0,0000427 seconds
2017-07-14T13:43:11.923+0200: 4,168: Total time for which application threads were stopped: 0,0001309 seconds, Stopping threads took: 0,0000365 seconds
2017-07-14T13:43:11.928+0200: 4,172: Total time for which application threads were stopped: 0,0002303 seconds, Stopping threads took: 0,0001363 seconds
2017-07-14T13:43:11.929+0200: 4,174: Total time for which application threads were stopped: 0,0002006 seconds, Stopping threads took: 0,0001167 seconds
2017-07-14T13:43:11.933+0200: 4,177: Total time for which application threads were stopped: 0,0001185 seconds, Stopping threads took: 0,0000340 seconds
2017-07-14T13:43:11.933+0200: 4,178: Total time for which application threads were stopped: 0,0000892 seconds, Stopping threads took: 0,0000292 seconds
2017-07-14T13:43:11.966+0200: 4,211: Total time for which application threads were stopped: 0,0001351 seconds, Stopping threads took: 0,0000219 seconds
2017-07-14T13:43:11.969+0200: 4,214: Total time for which application threads were stopped: 0,0001192 seconds, Stopping threads took: 0,0000387 seconds
2017-07-14T13:43:11.970+0200: 4,215: Total time for which application threads were stopped: 0,0001092 seconds, Stopping threads took: 0,0000439 seconds
2017-07-14T13:43:11.972+0200: 4,217: Total time for which application threads were stopped: 0,0001422 seconds, Stopping threads took: 0,0000597 seconds
2017-07-14T13:43:11.973+0200: 4,218: Total time for which application threads were stopped: 0,0001079 seconds, Stopping threads took: 0,0000368 seconds
2017-07-14T13:43:11.977+0200: 4,221: Total time for which application threads were stopped: 0,0001283 seconds, Stopping threads took: 0,0000372 seconds
2017-07-14T13:43:11.978+0200: 4,223: Total time for which application threads were stopped: 0,0003993 seconds, Stopping threads took: 0,0000342 seconds
2017-07-14T13:43:11.979+0200: 4,223: Total time for which application threads were stopped: 0,0001219 seconds, Stopping threads took: 0,0000592 seconds
2017-07-14T13:43:11.982+0200: 4,227: Total time for which application threads were stopped: 0,0001172 seconds, Stopping threads took: 0,0000395 seconds
2017-07-14T13:43:11.985+0200: 4,230: Total time for which application threads were stopped: 0,0030559 seconds, Stopping threads took: 0,0029981 seconds
2017-07-14T13:43:11.986+0200: 4,230: Total time for which application threads were stopped: 0,0000939 seconds, Stopping threads took: 0,0000286 seconds
2017-07-14T13:43:11.986+0200: 4,230: Total time for which application threads were stopped: 0,0000636 seconds, Stopping threads took: 0,0000251 seconds
2017-07-14T13:43:11.987+0200: 4,231: Total time for which application threads were stopped: 0,0001978 seconds, Stopping threads took: 0,0000344 seconds
2017-07-14T13:43:12.017+0200: 4,261: Total time for which application threads were stopped: 0,0001934 seconds, Stopping threads took: 0,0000679 seconds
2017-07-14T13:43:12.024+0200: 4,269: Total time for which application threads were stopped: 0,0003306 seconds, Stopping threads took: 0,0000686 seconds
2017-07-14T13:43:12.031+0200: 4,275: Total time for which application threads were stopped: 0,0001698 seconds, Stopping threads took: 0,0000523 seconds
2017-07-14T13:43:12.045+0200: 4,290: Total time for which application threads were stopped: 0,0002216 seconds, Stopping threads took: 0,0000385 seconds
2017-07-14T13:43:12.055+0200: 4,300: Total time for which application threads were stopped: 0,0001955 seconds, Stopping threads took: 0,0000814 seconds
2017-07-14T13:43:12.065+0200: 4,310: Total time for which application threads were stopped: 0,0020631 seconds, Stopping threads took: 0,0019810 seconds
2017-07-14T13:43:12.069+0200: 4,313: Total time for which application threads were stopped: 0,0001668 seconds, Stopping threads took: 0,0000551 seconds
2017-07-14T13:43:12.091+0200: 4,336: Total time for which application threads were stopped: 0,0002765 seconds, Stopping threads took: 0,0001696 seconds
2017-07-14T13:43:12.106+0200: 4,351: Total time for which application threads were stopped: 0,0001393 seconds, Stopping threads took: 0,0000400 seconds
2017-07-14T13:43:12.107+0200: 4,352: Total time for which application threads were stopped: 0,0005291 seconds, Stopping threads took: 0,0000279 seconds
2017-07-14T13:43:12.108+0200: 4,352: Total time for which application threads were stopped: 0,0001341 seconds, Stopping threads took: 0,0000242 seconds
2017-07-14T13:43:12.114+0200: 4,358: Total time for which application threads were stopped: 0,0001468 seconds, Stopping threads took: 0,0000334 seconds
2017-07-14T13:43:13.114+0200: 5,358: Total time for which application threads were stopped: 0,0000716 seconds, Stopping threads took: 0,0000198 seconds
2017-07-14T13:45:10.126+0200: 122,370: Total time for which application threads were stopped: 0,0003920 seconds, Stopping threads took: 0,0002026 seconds
2017-07-14T13:45:40.128+0200: 152,373: Total time for which application threads were stopped: 0,0000915 seconds, Stopping threads took: 0,0000341 seconds
2017-07-14T13:45:59.130+0200: 171,375: Total time for which application threads were stopped: 0,0001509 seconds, Stopping threads took: 0,0000583 seconds
{Heap before GC invocations=9 (full 1):
 par new generation   total 109248K, used 94687K [0x00000000e0000000, 0x00000000e8000000, 0x00000000e8000000)
  eden space 87424K, 100% used [0x00000000e0000000, 0x00000000e5560000, 0x00000000e5560000)
  from space 21824K,  33% used [0x00000000e6ab0000, 0x00000000e71c7cc0, 0x00000000e8000000)
  to   space 21824K,   0% used [0x00000000e5560000, 0x00000000e5560000, 0x00000000e6ab0000)
 concurrent mark-sweep generation total 393216K, used 5975K [0x00000000e8000000, 0x0000000100000000, 0x0000000100000000)
 Metaspace       used 28064K, capacity 28658K, committed 28796K, reserved 1075200K
  class space    used 3216K, capacity 3396K, committed 3452K, reserved 1048576K
2017-07-14T13:46:03.976+0200: 176,221: [GC (Allocation Failure) 2017-07-14T13:46:03.976+0200: 176,221: [ParNew
Desired survivor size 20112992 bytes, new threshold 8 (max 8)
- age   1:   10827904 bytes,   10827904 total
- age   2:     204488 bytes,   11032392 total
- age   3:     259312 bytes,   11291704 total
- age   4:    1761528 bytes,   13053232 total
- age   5:      52760 bytes,   13105992 total
- age   6:     100568 bytes,   13206560 total
- age   8:     187568 bytes,   13394128 total
: 94687K->13793K(109248K), 0,0126236 secs] 100662K->20671K(502464K), 0,0127069 secs] [Times: user=0,05 sys=0,00, real=0,01 secs] 
Heap after GC invocations=10 (full 1):
 par new generation   total 109248K, used 13793K [0x00000000e0000000, 0x00000000e8000000, 0x00000000e8000000)
  eden space 87424K,   0% used [0x00000000e0000000, 0x00000000e0000000, 0x00000000e5560000)
  from space 21824K,  63% used [0x00000000e5560000, 0x00000000e62d8778, 0x00000000e6ab0000)
  to   space 21824K,   0% used [0x00000000e6ab0000, 0x00000000e6ab0000, 0x00000000e8000000)
 concurrent mark-sweep generation total 393216K, used 6877K [0x00000000e8000000, 0x0000000100000000, 0x0000000100000000)
 Metaspace       used 28064K, capacity 28658K, committed 28796K, reserved 1075200K
  class space    used 3216K, capacity 3396K, committed 3452K, reserved 1048576K
}
2017-07-14T13:46:03.989+0200: 176,234: Total time for which application threads were stopped: 0,0128404 seconds, Stopping threads took: 0,0000205 seconds
2017-07-14T13:46:03.996+0200: 176,241: Total time for which application threads were stopped: 0,0000668 seconds, Stopping threads took: 0,0000199 seconds
2017-07-14T13:46:03.996+0200: 176,241: Total time for which application threads were stopped: 0,0000461 seconds, Stopping threads took: 0,0000172 seconds
2017-07-14T13:46:04.996+0200: 177,241: Total time for which application threads were stopped: 0,0001291 seconds, Stopping threads took: 0,0000311 seconds
2017-07-14T14:06:34.115+0200: 1406,359: Total time for which application threads were stopped: 0,0001084 seconds, Stopping threads took: 0,0000366 seconds
2017-07-14T14:10:29.135+0200: 1641,379: Total time for which application threads were stopped: 0,0000945 seconds, Stopping threads took: 0,0000321 seconds
2017-07-14T17:24:33.139+0200: 2047,998: Total time for which application threads were stopped: 0,0001666 seconds, Stopping threads took: 0,0000639 seconds
2017-07-14T17:24:57.144+0200: 2072,002: Total time for which application threads were stopped: 0,0001569 seconds, Stopping threads took: 0,0000564 seconds
2017-07-14T17:28:47.176+0200: 2302,035: Total time for which application threads were stopped: 0,0000888 seconds, Stopping threads took: 0,0000325 seconds
2017-07-14T17:28:48.176+0200: 2303,035: Total time for which application threads were stopped: 0,0000646 seconds, Stopping threads took: 0,0000145 seconds
2017-07-14T17:43:42.706+0200: 3197,145: Total time for which application threads were stopped: 0,0000800 seconds, Stopping threads took: 0,0000303 seconds
2017-07-14T17:55:17.786+0200: 3892,225: Total time for which application threads were stopped: 0,0000902 seconds, Stopping threads took: 0,0000349 seconds
2017-07-14T17:55:42.789+0200: 3917,228: Total time for which application threads were stopped: 0,0000777 seconds, Stopping threads took: 0,0000278 seconds
2017-07-14T17:57:17.799+0200: 4012,238: Total time for which application threads were stopped: 0,0000944 seconds, Stopping threads took: 0,0000377 seconds
2017-07-14T18:08:42.873+0200: 4697,313: Total time for which application threads were stopped: 0,0000814 seconds, Stopping threads took: 0,0000324 seconds
2017-07-14T18:11:27.892+0200: 4862,332: Total time for which application threads were stopped: 0,0000938 seconds, Stopping threads took: 0,0000386 seconds
2017-07-14T18:30:03.036+0200: 5977,476: Total time for which application threads were stopped: 0,0000807 seconds, Stopping threads took: 0,0000337 seconds
2017-07-14T18:34:48.075+0200: 6262,515: Total time for which application threads were stopped: 0,0000925 seconds, Stopping threads took: 0,0000380 seconds
2017-07-14T18:47:28.174+0200: 7022,614: Total time for which application threads were stopped: 0,0005785 seconds, Stopping threads took: 0,0001929 seconds
2017-07-14T18:52:27.208+0200: 7321,648: Total time for which application threads were stopped: 0,0000830 seconds, Stopping threads took: 0,0000303 seconds
2017-07-14T18:56:57.243+0200: 7591,683: Total time for which application threads were stopped: 0,0000827 seconds, Stopping threads took: 0,0000320 seconds
2017-07-14T18:58:27.255+0200: 7681,695: Total time for which application threads were stopped: 0,0001952 seconds, Stopping threads took: 0,0000607 seconds
2017-07-14T20:02:57.756+0200: 11552,196: Total time for which application threads were stopped: 0,0000944 seconds, Stopping threads took: 0,0000358 seconds
2017-07-14T21:06:27.241+0200: 15361,681: Total time for which application threads were stopped: 0,0000977 seconds, Stopping threads took: 0,0000360 seconds
2017-07-14T21:07:27.252+0200: 15421,691: Total time for which application threads were stopped: 0,0001750 seconds, Stopping threads took: 0,0000650 seconds
2017-07-15T00:40:31.056+0200: 28205,496: Total time for which application threads were stopped: 0,0076207 seconds, Stopping threads took: 0,0034675 seconds
2017-07-15T01:50:16.755+0200: 32391,195: Total time for which application threads were stopped: 0,0432317 seconds, Stopping threads took: 0,0000168 seconds
2017-07-15T01:50:16.772+0200: 32391,212: Total time for which application threads were stopped: 0,0006475 seconds, Stopping threads took: 0,0000319 seconds
2017-07-15T01:50:16.783+0200: 32391,222: Total time for which application threads were stopped: 0,0003105 seconds, Stopping threads took: 0,0000163 seconds
2017-07-15T01:50:16.783+0200: 32391,222: Total time for which application threads were stopped: 0,0000354 seconds, Stopping threads took: 0,0000108 seconds
2017-07-15T01:50:16.950+0200: 32391,390: Total time for which application threads were stopped: 0,0002320 seconds, Stopping threads took: 0,0000147 seconds
2017-07-15T01:50:16.976+0200: 32391,416: Total time for which application threads were stopped: 0,0011510 seconds, Stopping threads took: 0,0008521 seconds
2017-07-15T01:50:16.985+0200: 32391,425: Total time for which application threads were stopped: 0,0002393 seconds, Stopping threads took: 0,0001781 seconds
2017-07-15T01:50:16.986+0200: 32391,426: Total time for which application threads were stopped: 0,0004780 seconds, Stopping threads took: 0,0002934 seconds
2017-07-15T01:50:16.987+0200: 32391,427: Total time for which application threads were stopped: 0,0001058 seconds, Stopping threads took: 0,0000476 seconds
2017-07-15T01:50:16.987+0200: 32391,427: Total time for which application threads were stopped: 0,0000452 seconds, Stopping threads took: 0,0000127 seconds
2017-07-15T01:50:16.987+0200: 32391,427: Total time for which application threads were stopped: 0,0000509 seconds, Stopping threads took: 0,0000254 seconds
2017-07-15T01:50:16.987+0200: 32391,427: Total time for which application threads were stopped: 0,0000420 seconds, Stopping threads took: 0,0000164 seconds
2017-07-15T01:50:16.990+0200: 32391,430: Total time for which application threads were stopped: 0,0000562 seconds, Stopping threads took: 0,0000141 seconds
2017-07-15T01:50:16.992+0200: 32391,432: Total time for which application threads were stopped: 0,0000670 seconds, Stopping threads took: 0,0000106 seconds
2017-07-15T01:50:16.994+0200: 32391,433: Total time for which application threads were stopped: 0,0000645 seconds, Stopping threads took: 0,0000129 seconds
2017-07-15T01:50:16.994+0200: 32391,434: Total time for which application threads were stopped: 0,0000455 seconds, Stopping threads took: 0,0000067 seconds
2017-07-15T01:50:16.995+0200: 32391,435: Total time for which application threads were stopped: 0,0000892 seconds, Stopping threads took: 0,0000142 seconds
2017-07-15T01:50:16.996+0200: 32391,436: Total time for which application threads were stopped: 0,0000454 seconds, Stopping threads took: 0,0000094 seconds
2017-07-15T01:50:16.997+0200: 32391,437: Total time for which application threads were stopped: 0,0000526 seconds, Stopping threads took: 0,0000109 seconds
2017-07-15T01:50:17.037+0200: 32391,477: Total time for which application threads were stopped: 0,0001272 seconds, Stopping threads took: 0,0000270 seconds
2017-07-15T01:50:17.039+0200: 32391,479: Total time for which application threads were stopped: 0,0007314 seconds, Stopping threads took: 0,0006657 seconds
2017-07-15T01:50:17.039+0200: 32391,479: Total time for which application threads were stopped: 0,0001817 seconds, Stopping threads took: 0,0001273 seconds
2017-07-15T01:50:17.041+0200: 32391,481: Total time for which application threads were stopped: 0,0015537 seconds, Stopping threads took: 0,0013565 seconds
2017-07-15T01:50:17.042+0200: 32391,482: Total time for which application threads were stopped: 0,0001591 seconds, Stopping threads took: 0,0001066 seconds
2017-07-15T01:50:17.043+0200: 32391,482: Total time for which application threads were stopped: 0,0002094 seconds, Stopping threads took: 0,0001679 seconds
2017-07-15T01:50:17.043+0200: 32391,483: Total time for which application threads were stopped: 0,0000476 seconds, Stopping threads took: 0,0000217 seconds
2017-07-15T01:50:17.043+0200: 32391,483: Total time for which application threads were stopped: 0,0000301 seconds, Stopping threads took: 0,0000080 seconds
2017-07-15T01:50:17.043+0200: 32391,483: Total time for which application threads were stopped: 0,0001492 seconds, Stopping threads took: 0,0001243 seconds
2017-07-15T01:50:17.043+0200: 32391,483: Total time for which application threads were stopped: 0,0000500 seconds, Stopping threads took: 0,0000240 seconds
2017-07-15T01:50:17.043+0200: 32391,483: Total time for which application threads were stopped: 0,0000476 seconds, Stopping threads took: 0,0000242 seconds
2017-07-15T01:50:17.053+0200: 32391,492: Total time for which application threads were stopped: 0,0004465 seconds, Stopping threads took: 0,0003831 seconds
2017-07-15T01:50:17.053+0200: 32391,493: Total time for which application threads were stopped: 0,0001474 seconds, Stopping threads took: 0,0001200 seconds
2017-07-15T01:50:17.076+0200: 32391,516: Total time for which application threads were stopped: 0,0000717 seconds, Stopping threads took: 0,0000188 seconds
2017-07-15T01:50:17.076+0200: 32391,516: Total time for which application threads were stopped: 0,0001487 seconds, Stopping threads took: 0,0001156 seconds
2017-07-15T01:50:17.076+0200: 32391,516: Total time for which application threads were stopped: 0,0000534 seconds, Stopping threads took: 0,0000243 seconds
2017-07-15T01:50:17.076+0200: 32391,516: Total time for which application threads were stopped: 0,0000391 seconds, Stopping threads took: 0,0000161 seconds
2017-07-15T01:50:17.077+0200: 32391,517: Total time for which application threads were stopped: 0,0002440 seconds, Stopping threads took: 0,0002143 seconds
2017-07-15T01:50:17.077+0200: 32391,517: Total time for which application threads were stopped: 0,0000414 seconds, Stopping threads took: 0,0000186 seconds
2017-07-15T01:50:17.077+0200: 32391,517: Total time for which application threads were stopped: 0,0000273 seconds, Stopping threads took: 0,0000048 seconds
2017-07-15T01:50:17.077+0200: 32391,517: Total time for which application threads were stopped: 0,0000782 seconds, Stopping threads took: 0,0000342 seconds
2017-07-15T01:50:17.078+0200: 32391,517: Total time for which application threads were stopped: 0,0001422 seconds, Stopping threads took: 0,0001180 seconds
2017-07-15T01:50:17.078+0200: 32391,517: Total time for which application threads were stopped: 0,0000416 seconds, Stopping threads took: 0,0000184 seconds
2017-07-15T01:50:17.078+0200: 32391,518: Total time for which application threads were stopped: 0,0001248 seconds, Stopping threads took: 0,0000962 seconds
2017-07-15T01:50:17.078+0200: 32391,518: Total time for which application threads were stopped: 0,0001469 seconds, Stopping threads took: 0,0001200 seconds
2017-07-15T01:50:17.078+0200: 32391,518: Total time for which application threads were stopped: 0,0001368 seconds, Stopping threads took: 0,0001136 seconds
2017-07-15T01:50:17.079+0200: 32391,519: Total time for which application threads were stopped: 0,0002784 seconds, Stopping threads took: 0,0001352 seconds
2017-07-15T01:50:17.085+0200: 32391,525: Total time for which application threads were stopped: 0,0033096 seconds, Stopping threads took: 0,0032072 seconds
2017-07-15T01:50:17.094+0200: 32391,534: Total time for which application threads were stopped: 0,0001062 seconds, Stopping threads took: 0,0000252 seconds
Heap
 par new generation   total 109248K, used 32188K [0x00000000e0000000, 0x00000000e8000000, 0x00000000e8000000)
  eden space 87424K,  21% used [0x00000000e0000000, 0x00000000e11f6b68, 0x00000000e5560000)
  from space 21824K,  63% used [0x00000000e5560000, 0x00000000e62d8778, 0x00000000e6ab0000)
  to   space 21824K,   0% used [0x00000000e6ab0000, 0x00000000e6ab0000, 0x00000000e8000000)
 concurrent mark-sweep generation total 393216K, used 6877K [0x00000000e8000000, 0x0000000100000000, 0x0000000100000000)
 Metaspace       used 28236K, capacity 28830K, committed 29052K, reserved 1075200K
  class space    used 3233K, capacity 3432K, committed 3452K, reserved 1048576K
