OpenJDK 64-Bit Server VM (25.131-b11) for linux-amd64 JRE (1.8.0_131-8u131-b11-0ubuntu1.16.04.2-b11), built on May  6 2017 02:45:27 by "buildd" with gcc 5.4.0 20160609
Memory: 4k page, physical 7867740k(7412740k free), swap 8076284k(8076284k free)
CommandLine flags: -XX:CMSInitiatingOccupancyFraction=50 -XX:CMSMaxAbortablePrecleanTime=6000 -XX:+CMSParallelRemarkEnabled -XX:+CMSScavengeBeforeRemark -XX:ConcGCThreads=4 -XX:InitialHeapSize=536870912 -XX:MaxHeapSize=536870912 -XX:MaxTenuringThreshold=8 -XX:NewRatio=3 -XX:OldPLABSize=16 -XX:OnOutOfMemoryError=/opt/solr/bin/oom_solr.sh 8983 /var/solr/logs -XX:ParallelGCThreads=4 -XX:+ParallelRefProcEnabled -XX:PretenureSizeThreshold=67108864 -XX:+PrintGC -XX:+PrintGCApplicationStoppedTime -XX:+PrintGCDateStamps -XX:+PrintGCDetails -XX:+PrintGCTimeStamps -XX:+PrintHeapAtGC -XX:+PrintTenuringDistribution -XX:SurvivorRatio=4 -XX:TargetSurvivorRatio=90 -XX:ThreadStackSize=256 -XX:+UseCMSInitiatingOccupancyOnly -XX:+UseCompressedClassPointers -XX:+UseCompressedOops -XX:+UseConcMarkSweepGC -XX:+UseParNewGC 
2017-06-13T20:18:47.556+0200: 0,150: Total time for which application threads were stopped: 0,0000993 seconds, Stopping threads took: 0,0000118 seconds
2017-06-13T20:18:47.641+0200: 0,235: Total time for which application threads were stopped: 0,0001369 seconds, Stopping threads took: 0,0000179 seconds
2017-06-13T20:18:47.658+0200: 0,252: Total time for which application threads were stopped: 0,0000930 seconds, Stopping threads took: 0,0000110 seconds
2017-06-13T20:18:47.891+0200: 0,485: Total time for which application threads were stopped: 0,0005974 seconds, Stopping threads took: 0,0000286 seconds
2017-06-13T20:18:48.276+0200: 0,870: Total time for which application threads were stopped: 0,0001563 seconds, Stopping threads took: 0,0000166 seconds
2017-06-13T20:18:48.362+0200: 0,956: Total time for which application threads were stopped: 0,0001764 seconds, Stopping threads took: 0,0000184 seconds
2017-06-13T20:18:48.391+0200: 0,985: Total time for which application threads were stopped: 0,0002039 seconds, Stopping threads took: 0,0000319 seconds
2017-06-13T20:18:48.791+0200: 1,385: Total time for which application threads were stopped: 0,0001988 seconds, Stopping threads took: 0,0000182 seconds
2017-06-13T20:18:49.083+0200: 1,677: Total time for which application threads were stopped: 0,0001974 seconds, Stopping threads took: 0,0000218 seconds
2017-06-13T20:18:49.112+0200: 1,706: Total time for which application threads were stopped: 0,0001802 seconds, Stopping threads took: 0,0000297 seconds
2017-06-13T20:18:49.145+0200: 1,739: Total time for which application threads were stopped: 0,0001906 seconds, Stopping threads took: 0,0000230 seconds
2017-06-13T20:18:49.147+0200: 1,741: Total time for which application threads were stopped: 0,0001702 seconds, Stopping threads took: 0,0000160 seconds
2017-06-13T20:18:49.163+0200: 1,757: Total time for which application threads were stopped: 0,0001883 seconds, Stopping threads took: 0,0000167 seconds
2017-06-13T20:18:49.260+0200: 1,854: Total time for which application threads were stopped: 0,0002690 seconds, Stopping threads took: 0,0000343 seconds
2017-06-13T20:18:49.414+0200: 2,008: Total time for which application threads were stopped: 0,0002314 seconds, Stopping threads took: 0,0000189 seconds
{Heap before GC invocations=0 (full 0):
 par new generation   total 109248K, used 87424K [0x00000000e0000000, 0x00000000e8000000, 0x00000000e8000000)
  eden space 87424K, 100% used [0x00000000e0000000, 0x00000000e5560000, 0x00000000e5560000)
  from space 21824K,   0% used [0x00000000e5560000, 0x00000000e5560000, 0x00000000e6ab0000)
  to   space 21824K,   0% used [0x00000000e6ab0000, 0x00000000e6ab0000, 0x00000000e8000000)
 concurrent mark-sweep generation total 393216K, used 0K [0x00000000e8000000, 0x0000000100000000, 0x0000000100000000)
 Metaspace       used 18029K, capacity 18336K, committed 18688K, reserved 1064960K
  class space    used 2039K, capacity 2196K, committed 2304K, reserved 1048576K
2017-06-13T20:18:49.506+0200: 2,100: [GC (Allocation Failure) 2017-06-13T20:18:49.506+0200: 2,100: [ParNew
Desired survivor size 20112992 bytes, new threshold 8 (max 8)
- age   1:   12615536 bytes,   12615536 total
: 87424K->12427K(109248K), 0,0160164 secs] 87424K->12427K(502464K), 0,0160900 secs] [Times: user=0,03 sys=0,02, real=0,02 secs] 
Heap after GC invocations=1 (full 0):
 par new generation   total 109248K, used 12427K [0x00000000e0000000, 0x00000000e8000000, 0x00000000e8000000)
  eden space 87424K,   0% used [0x00000000e0000000, 0x00000000e0000000, 0x00000000e5560000)
  from space 21824K,  56% used [0x00000000e6ab0000, 0x00000000e76d2f20, 0x00000000e8000000)
  to   space 21824K,   0% used [0x00000000e5560000, 0x00000000e5560000, 0x00000000e6ab0000)
 concurrent mark-sweep generation total 393216K, used 0K [0x00000000e8000000, 0x0000000100000000, 0x0000000100000000)
 Metaspace       used 18029K, capacity 18336K, committed 18688K, reserved 1064960K
  class space    used 2039K, capacity 2196K, committed 2304K, reserved 1048576K
}
2017-06-13T20:18:49.522+0200: 2,116: Total time for which application threads were stopped: 0,0163371 seconds, Stopping threads took: 0,0000510 seconds
2017-06-13T20:18:49.849+0200: 2,443: Total time for which application threads were stopped: 0,0003234 seconds, Stopping threads took: 0,0000200 seconds
{Heap before GC invocations=1 (full 0):
 par new generation   total 109248K, used 99851K [0x00000000e0000000, 0x00000000e8000000, 0x00000000e8000000)
  eden space 87424K, 100% used [0x00000000e0000000, 0x00000000e5560000, 0x00000000e5560000)
  from space 21824K,  56% used [0x00000000e6ab0000, 0x00000000e76d2f20, 0x00000000e8000000)
  to   space 21824K,   0% used [0x00000000e5560000, 0x00000000e5560000, 0x00000000e6ab0000)
 concurrent mark-sweep generation total 393216K, used 0K [0x00000000e8000000, 0x0000000100000000, 0x0000000100000000)
 Metaspace       used 20044K, capacity 20366K, committed 20736K, reserved 1067008K
  class space    used 2295K, capacity 2471K, committed 2560K, reserved 1048576K
2017-06-13T20:18:49.881+0200: 2,475: [GC (Allocation Failure) 2017-06-13T20:18:49.881+0200: 2,475: [ParNew
Desired survivor size 20112992 bytes, new threshold 8 (max 8)
- age   1:    3731368 bytes,    3731368 total
- age   2:    6668840 bytes,   10400208 total
: 99851K->13811K(109248K), 0,0103935 secs] 99851K->13811K(502464K), 0,0104603 secs] [Times: user=0,03 sys=0,00, real=0,02 secs] 
Heap after GC invocations=2 (full 0):
 par new generation   total 109248K, used 13811K [0x00000000e0000000, 0x00000000e8000000, 0x00000000e8000000)
  eden space 87424K,   0% used [0x00000000e0000000, 0x00000000e0000000, 0x00000000e5560000)
  from space 21824K,  63% used [0x00000000e5560000, 0x00000000e62dcc00, 0x00000000e6ab0000)
  to   space 21824K,   0% used [0x00000000e6ab0000, 0x00000000e6ab0000, 0x00000000e8000000)
 concurrent mark-sweep generation total 393216K, used 0K [0x00000000e8000000, 0x0000000100000000, 0x0000000100000000)
 Metaspace       used 20044K, capacity 20366K, committed 20736K, reserved 1067008K
  class space    used 2295K, capacity 2471K, committed 2560K, reserved 1048576K
}
2017-06-13T20:18:49.892+0200: 2,486: Total time for which application threads were stopped: 0,0106630 seconds, Stopping threads took: 0,0000674 seconds
2017-06-13T20:18:49.901+0200: 2,495: Total time for which application threads were stopped: 0,0003261 seconds, Stopping threads took: 0,0000612 seconds
2017-06-13T20:18:49.950+0200: 2,544: Total time for which application threads were stopped: 0,0003178 seconds, Stopping threads took: 0,0000249 seconds
2017-06-13T20:18:50.103+0200: 2,697: Total time for which application threads were stopped: 0,0002213 seconds, Stopping threads took: 0,0000487 seconds
{Heap before GC invocations=2 (full 0):
 par new generation   total 109248K, used 101235K [0x00000000e0000000, 0x00000000e8000000, 0x00000000e8000000)
  eden space 87424K, 100% used [0x00000000e0000000, 0x00000000e5560000, 0x00000000e5560000)
  from space 21824K,  63% used [0x00000000e5560000, 0x00000000e62dcc00, 0x00000000e6ab0000)
  to   space 21824K,   0% used [0x00000000e6ab0000, 0x00000000e6ab0000, 0x00000000e8000000)
 concurrent mark-sweep generation total 393216K, used 0K [0x00000000e8000000, 0x0000000100000000, 0x0000000100000000)
 Metaspace       used 20973K, capacity 21288K, committed 21628K, reserved 1069056K
  class space    used 2417K, capacity 2590K, committed 2684K, reserved 1048576K
2017-06-13T20:18:50.150+0200: 2,744: [GC (Allocation Failure) 2017-06-13T20:18:50.150+0200: 2,744: [ParNew
Desired survivor size 20112992 bytes, new threshold 8 (max 8)
- age   1:    2238176 bytes,    2238176 total
- age   2:     851264 bytes,    3089440 total
- age   3:    6664984 bytes,    9754424 total
: 101235K->14454K(109248K), 0,0195136 secs] 101235K->14454K(502464K), 0,0196054 secs] [Times: user=0,08 sys=0,00, real=0,01 secs] 
Heap after GC invocations=3 (full 0):
 par new generation   total 109248K, used 14454K [0x00000000e0000000, 0x00000000e8000000, 0x00000000e8000000)
  eden space 87424K,   0% used [0x00000000e0000000, 0x00000000e0000000, 0x00000000e5560000)
  from space 21824K,  66% used [0x00000000e6ab0000, 0x00000000e78cd890, 0x00000000e8000000)
  to   space 21824K,   0% used [0x00000000e5560000, 0x00000000e5560000, 0x00000000e6ab0000)
 concurrent mark-sweep generation total 393216K, used 0K [0x00000000e8000000, 0x0000000100000000, 0x0000000100000000)
 Metaspace       used 20973K, capacity 21288K, committed 21628K, reserved 1069056K
  class space    used 2417K, capacity 2590K, committed 2684K, reserved 1048576K
}
2017-06-13T20:18:50.169+0200: 2,763: Total time for which application threads were stopped: 0,0210402 seconds, Stopping threads took: 0,0012548 seconds
2017-06-13T20:18:50.178+0200: 2,772: [GC (CMS Initial Mark) [1 CMS-initial-mark: 0K(393216K)] 22214K(502464K), 0,0070046 secs] [Times: user=0,01 sys=0,00, real=0,01 secs] 
2017-06-13T20:18:50.185+0200: 2,779: Total time for which application threads were stopped: 0,0071797 seconds, Stopping threads took: 0,0000577 seconds
2017-06-13T20:18:50.185+0200: 2,779: [CMS-concurrent-mark-start]
2017-06-13T20:18:50.185+0200: 2,779: [CMS-concurrent-mark: 0,000/0,000 secs] [Times: user=0,01 sys=0,00, real=0,00 secs] 
2017-06-13T20:18:50.185+0200: 2,779: [CMS-concurrent-preclean-start]
2017-06-13T20:18:50.186+0200: 2,780: [CMS-concurrent-preclean: 0,001/0,001 secs] [Times: user=0,00 sys=0,00, real=0,00 secs] 
2017-06-13T20:18:50.186+0200: 2,781: [CMS-concurrent-abortable-preclean-start]
2017-06-13T20:18:50.238+0200: 2,832: Total time for which application threads were stopped: 0,0007127 seconds, Stopping threads took: 0,0006168 seconds
{Heap before GC invocations=3 (full 1):
 par new generation   total 109248K, used 101878K [0x00000000e0000000, 0x00000000e8000000, 0x00000000e8000000)
  eden space 87424K, 100% used [0x00000000e0000000, 0x00000000e5560000, 0x00000000e5560000)
  from space 21824K,  66% used [0x00000000e6ab0000, 0x00000000e78cd890, 0x00000000e8000000)
  to   space 21824K,   0% used [0x00000000e5560000, 0x00000000e5560000, 0x00000000e6ab0000)
 concurrent mark-sweep generation total 393216K, used 0K [0x00000000e8000000, 0x0000000100000000, 0x0000000100000000)
 Metaspace       used 21231K, capacity 21558K, committed 21884K, reserved 1069056K
  class space    used 2446K, capacity 2604K, committed 2684K, reserved 1048576K
2017-06-13T20:18:50.279+0200: 2,873: [GC (Allocation Failure) 2017-06-13T20:18:50.279+0200: 2,873: [ParNew
Desired survivor size 20112992 bytes, new threshold 8 (max 8)
- age   1:     989664 bytes,     989664 total
- age   2:    1449312 bytes,    2438976 total
- age   3:     816016 bytes,    3254992 total
- age   4:    6665000 bytes,    9919992 total
: 101878K->11480K(109248K), 0,0092781 secs] 101878K->11480K(502464K), 0,0093335 secs] [Times: user=0,03 sys=0,00, real=0,01 secs] 
Heap after GC invocations=4 (full 1):
 par new generation   total 109248K, used 11480K [0x00000000e0000000, 0x00000000e8000000, 0x00000000e8000000)
  eden space 87424K,   0% used [0x00000000e0000000, 0x00000000e0000000, 0x00000000e5560000)
  from space 21824K,  52% used [0x00000000e5560000, 0x00000000e6096220, 0x00000000e6ab0000)
  to   space 21824K,   0% used [0x00000000e6ab0000, 0x00000000e6ab0000, 0x00000000e8000000)
 concurrent mark-sweep generation total 393216K, used 0K [0x00000000e8000000, 0x0000000100000000, 0x0000000100000000)
 Metaspace       used 21231K, capacity 21558K, committed 21884K, reserved 1069056K
  class space    used 2446K, capacity 2604K, committed 2684K, reserved 1048576K
}
2017-06-13T20:18:50.288+0200: 2,882: Total time for which application threads were stopped: 0,0129405 seconds, Stopping threads took: 0,0034885 seconds
2017-06-13T20:18:50.288+0200: 2,882: [CMS-concurrent-abortable-preclean: 0,052/0,102 secs] [Times: user=0,37 sys=0,02, real=0,10 secs] 
2017-06-13T20:18:50.290+0200: 2,885: [GC (CMS Final Remark) [YG occupancy: 15383 K (109248 K)]{Heap before GC invocations=4 (full 1):
 par new generation   total 109248K, used 15383K [0x00000000e0000000, 0x00000000e8000000, 0x00000000e8000000)
  eden space 87424K,   4% used [0x00000000e0000000, 0x00000000e03cfc98, 0x00000000e5560000)
  from space 21824K,  52% used [0x00000000e5560000, 0x00000000e6096220, 0x00000000e6ab0000)
  to   space 21824K,   0% used [0x00000000e6ab0000, 0x00000000e6ab0000, 0x00000000e8000000)
 concurrent mark-sweep generation total 393216K, used 0K [0x00000000e8000000, 0x0000000100000000, 0x0000000100000000)
 Metaspace       used 21232K, capacity 21558K, committed 21884K, reserved 1069056K
  class space    used 2446K, capacity 2604K, committed 2684K, reserved 1048576K
2017-06-13T20:18:50.291+0200: 2,885: [GC (CMS Final Remark) 2017-06-13T20:18:50.291+0200: 2,885: [ParNew
Desired survivor size 20112992 bytes, new threshold 8 (max 8)
- age   1:     655368 bytes,     655368 total
- age   2:     199248 bytes,     854616 total
- age   3:    1449312 bytes,    2303928 total
- age   4:     816016 bytes,    3119944 total
- age   5:    6664904 bytes,    9784848 total
: 15383K->12333K(109248K), 0,0119820 secs] 15383K->12333K(502464K), 0,0120252 secs] [Times: user=0,04 sys=0,00, real=0,01 secs] 
Heap after GC invocations=5 (full 1):
 par new generation   total 109248K, used 12333K [0x00000000e0000000, 0x00000000e8000000, 0x00000000e8000000)
  eden space 87424K,   0% used [0x00000000e0000000, 0x00000000e0000000, 0x00000000e5560000)
  from space 21824K,  56% used [0x00000000e6ab0000, 0x00000000e76bb5b0, 0x00000000e8000000)
  to   space 21824K,   0% used [0x00000000e5560000, 0x00000000e5560000, 0x00000000e6ab0000)
 concurrent mark-sweep generation total 393216K, used 0K [0x00000000e8000000, 0x0000000100000000, 0x0000000100000000)
 Metaspace       used 21232K, capacity 21558K, committed 21884K, reserved 1069056K
  class space    used 2446K, capacity 2604K, committed 2684K, reserved 1048576K
}
2017-06-13T20:18:50.303+0200: 2,897: [Rescan (parallel) , 0,0034469 secs]2017-06-13T20:18:50.306+0200: 2,900: [weak refs processing, 0,0006744 secs]2017-06-13T20:18:50.307+0200: 2,901: [class unloading, 0,0028462 secs]2017-06-13T20:18:50.310+0200: 2,904: [scrub symbol table, 0,0032099 secs]2017-06-13T20:18:50.313+0200: 2,907: [scrub string table, 0,0003654 secs][1 CMS-remark: 0K(393216K)] 12333K(502464K), 0,0233342 secs] [Times: user=0,06 sys=0,00, real=0,02 secs] 
2017-06-13T20:18:50.314+0200: 2,908: Total time for which application threads were stopped: 0,0234590 seconds, Stopping threads took: 0,0000492 seconds
2017-06-13T20:18:50.314+0200: 2,908: [CMS-concurrent-sweep-start]
2017-06-13T20:18:50.314+0200: 2,908: [CMS-concurrent-sweep: 0,000/0,000 secs] [Times: user=0,00 sys=0,00, real=0,00 secs] 
2017-06-13T20:18:50.314+0200: 2,908: [CMS-concurrent-reset-start]
2017-06-13T20:18:50.316+0200: 2,910: [CMS-concurrent-reset: 0,002/0,002 secs] [Times: user=0,01 sys=0,00, real=0,00 secs] 
{Heap before GC invocations=5 (full 1):
 par new generation   total 109248K, used 99757K [0x00000000e0000000, 0x00000000e8000000, 0x00000000e8000000)
  eden space 87424K, 100% used [0x00000000e0000000, 0x00000000e5560000, 0x00000000e5560000)
  from space 21824K,  56% used [0x00000000e6ab0000, 0x00000000e76bb5b0, 0x00000000e8000000)
  to   space 21824K,   0% used [0x00000000e5560000, 0x00000000e5560000, 0x00000000e6ab0000)
 concurrent mark-sweep generation total 393216K, used 0K [0x00000000e8000000, 0x0000000100000000, 0x0000000100000000)
 Metaspace       used 21384K, capacity 21800K, committed 21884K, reserved 1069056K
  class space    used 2467K, capacity 2639K, committed 2684K, reserved 1048576K
2017-06-13T20:18:50.402+0200: 2,996: [GC (Allocation Failure) 2017-06-13T20:18:50.402+0200: 2,996: [ParNew
Desired survivor size 20112992 bytes, new threshold 8 (max 8)
- age   1:     341752 bytes,     341752 total
- age   2:       6088 bytes,     347840 total
- age   3:     189224 bytes,     537064 total
- age   4:    1449208 bytes,    1986272 total
- age   5:     815904 bytes,    2802176 total
- age   6:    6664952 bytes,    9467128 total
: 99757K->11277K(109248K), 0,0187316 secs] 99757K->11277K(502464K), 0,0188133 secs] [Times: user=0,07 sys=0,01, real=0,01 secs] 
Heap after GC invocations=6 (full 1):
 par new generation   total 109248K, used 11277K [0x00000000e0000000, 0x00000000e8000000, 0x00000000e8000000)
  eden space 87424K,   0% used [0x00000000e0000000, 0x00000000e0000000, 0x00000000e5560000)
  from space 21824K,  51% used [0x00000000e5560000, 0x00000000e6063740, 0x00000000e6ab0000)
  to   space 21824K,   0% used [0x00000000e6ab0000, 0x00000000e6ab0000, 0x00000000e8000000)
 concurrent mark-sweep generation total 393216K, used 0K [0x00000000e8000000, 0x0000000100000000, 0x0000000100000000)
 Metaspace       used 21384K, capacity 21800K, committed 21884K, reserved 1069056K
  class space    used 2467K, capacity 2639K, committed 2684K, reserved 1048576K
}
2017-06-13T20:18:50.421+0200: 3,015: Total time for which application threads were stopped: 0,0191585 seconds, Stopping threads took: 0,0001907 seconds
2017-06-13T20:18:50.452+0200: 3,046: Total time for which application threads were stopped: 0,0003345 seconds, Stopping threads took: 0,0000252 seconds
2017-06-13T20:18:50.665+0200: 3,259: Total time for which application threads were stopped: 0,0005853 seconds, Stopping threads took: 0,0000903 seconds
2017-06-13T20:18:50.708+0200: 3,302: Total time for which application threads were stopped: 0,0003992 seconds, Stopping threads took: 0,0000235 seconds
2017-06-13T20:18:50.726+0200: 3,320: Total time for which application threads were stopped: 0,0003945 seconds, Stopping threads took: 0,0000721 seconds
{Heap before GC invocations=6 (full 1):
 par new generation   total 109248K, used 98693K [0x00000000e0000000, 0x00000000e8000000, 0x00000000e8000000)
  eden space 87424K,  99% used [0x00000000e0000000, 0x00000000e555dfd0, 0x00000000e5560000)
  from space 21824K,  51% used [0x00000000e5560000, 0x00000000e6063740, 0x00000000e6ab0000)
  to   space 21824K,   0% used [0x00000000e6ab0000, 0x00000000e6ab0000, 0x00000000e8000000)
 concurrent mark-sweep generation total 393216K, used 0K [0x00000000e8000000, 0x0000000100000000, 0x0000000100000000)
 Metaspace       used 23951K, capacity 24394K, committed 24572K, reserved 1071104K
  class space    used 2827K, capacity 3014K, committed 3068K, reserved 1048576K
2017-06-13T20:18:50.881+0200: 3,475: [GC (Allocation Failure) 2017-06-13T20:18:50.881+0200: 3,475: [ParNew
Desired survivor size 20112992 bytes, new threshold 8 (max 8)
- age   1:    5328632 bytes,    5328632 total
- age   2:     134064 bytes,    5462696 total
- age   3:       6064 bytes,    5468760 total
- age   4:     187744 bytes,    5656504 total
- age   5:     279416 bytes,    5935920 total
- age   6:     791608 bytes,    6727528 total
- age   7:    6656768 bytes,   13384296 total
: 98693K->16687K(109248K), 0,0167940 secs] 98693K->16687K(502464K), 0,0168629 secs] [Times: user=0,06 sys=0,00, real=0,02 secs] 
Heap after GC invocations=7 (full 1):
 par new generation   total 109248K, used 16687K [0x00000000e0000000, 0x00000000e8000000, 0x00000000e8000000)
  eden space 87424K,   0% used [0x00000000e0000000, 0x00000000e0000000, 0x00000000e5560000)
  from space 21824K,  76% used [0x00000000e6ab0000, 0x00000000e7afbd00, 0x00000000e8000000)
  to   space 21824K,   0% used [0x00000000e5560000, 0x00000000e5560000, 0x00000000e6ab0000)
 concurrent mark-sweep generation total 393216K, used 0K [0x00000000e8000000, 0x0000000100000000, 0x0000000100000000)
 Metaspace       used 23951K, capacity 24394K, committed 24572K, reserved 1071104K
  class space    used 2827K, capacity 3014K, committed 3068K, reserved 1048576K
}
2017-06-13T20:18:50.898+0200: 3,492: Total time for which application threads were stopped: 0,0177653 seconds, Stopping threads took: 0,0007136 seconds
{Heap before GC invocations=7 (full 1):
 par new generation   total 109248K, used 104111K [0x00000000e0000000, 0x00000000e8000000, 0x00000000e8000000)
  eden space 87424K, 100% used [0x00000000e0000000, 0x00000000e5560000, 0x00000000e5560000)
  from space 21824K,  76% used [0x00000000e6ab0000, 0x00000000e7afbd00, 0x00000000e8000000)
  to   space 21824K,   0% used [0x00000000e5560000, 0x00000000e5560000, 0x00000000e6ab0000)
 concurrent mark-sweep generation total 393216K, used 0K [0x00000000e8000000, 0x0000000100000000, 0x0000000100000000)
 Metaspace       used 24445K, capacity 24944K, committed 25084K, reserved 1071104K
  class space    used 2862K, capacity 3047K, committed 3068K, reserved 1048576K
2017-06-13T20:18:50.998+0200: 3,592: [GC (Allocation Failure) 2017-06-13T20:18:50.998+0200: 3,592: [ParNew
Desired survivor size 20112992 bytes, new threshold 8 (max 8)
- age   1:    1651840 bytes,    1651840 total
- age   2:    1813392 bytes,    3465232 total
- age   3:      58192 bytes,    3523424 total
- age   4:       4368 bytes,    3527792 total
- age   5:     101704 bytes,    3629496 total
- age   6:     188512 bytes,    3818008 total
- age   7:     740504 bytes,    4558512 total
- age   8:    6123536 bytes,   10682048 total
: 104111K->14861K(109248K), 0,0120850 secs] 104111K->14861K(502464K), 0,0121721 secs] [Times: user=0,05 sys=0,00, real=0,02 secs] 
Heap after GC invocations=8 (full 1):
 par new generation   total 109248K, used 14861K [0x00000000e0000000, 0x00000000e8000000, 0x00000000e8000000)
  eden space 87424K,   0% used [0x00000000e0000000, 0x00000000e0000000, 0x00000000e5560000)
  from space 21824K,  68% used [0x00000000e5560000, 0x00000000e63e3460, 0x00000000e6ab0000)
  to   space 21824K,   0% used [0x00000000e6ab0000, 0x00000000e6ab0000, 0x00000000e8000000)
 concurrent mark-sweep generation total 393216K, used 0K [0x00000000e8000000, 0x0000000100000000, 0x0000000100000000)
 Metaspace       used 24445K, capacity 24944K, committed 25084K, reserved 1071104K
  class space    used 2862K, capacity 3047K, committed 3068K, reserved 1048576K
}
2017-06-13T20:18:51.010+0200: 3,604: Total time for which application threads were stopped: 0,0178806 seconds, Stopping threads took: 0,0055102 seconds
{Heap before GC invocations=8 (full 1):
 par new generation   total 109248K, used 102285K [0x00000000e0000000, 0x00000000e8000000, 0x00000000e8000000)
  eden space 87424K, 100% used [0x00000000e0000000, 0x00000000e5560000, 0x00000000e5560000)
  from space 21824K,  68% used [0x00000000e5560000, 0x00000000e63e3460, 0x00000000e6ab0000)
  to   space 21824K,   0% used [0x00000000e6ab0000, 0x00000000e6ab0000, 0x00000000e8000000)
 concurrent mark-sweep generation total 393216K, used 0K [0x00000000e8000000, 0x0000000100000000, 0x0000000100000000)
 Metaspace       used 24993K, capacity 25450K, committed 25724K, reserved 1071104K
  class space    used 2908K, capacity 3084K, committed 3196K, reserved 1048576K
2017-06-13T20:18:51.110+0200: 3,704: [GC (Allocation Failure) 2017-06-13T20:18:51.110+0200: 3,704: [ParNew
Desired survivor size 20112992 bytes, new threshold 8 (max 8)
- age   1:    1227832 bytes,    1227832 total
- age   2:     989536 bytes,    2217368 total
- age   3:    1790448 bytes,    4007816 total
- age   4:      58192 bytes,    4066008 total
- age   5:       4368 bytes,    4070376 total
- age   6:      99024 bytes,    4169400 total
- age   7:     187928 bytes,    4357328 total
- age   8:     739768 bytes,    5097096 total
: 102285K->10326K(109248K), 0,0481410 secs] 102285K->16388K(502464K), 0,0482210 secs] [Times: user=0,13 sys=0,00, real=0,04 secs] 
Heap after GC invocations=9 (full 1):
 par new generation   total 109248K, used 10326K [0x00000000e0000000, 0x00000000e8000000, 0x00000000e8000000)
  eden space 87424K,   0% used [0x00000000e0000000, 0x00000000e0000000, 0x00000000e5560000)
  from space 21824K,  47% used [0x00000000e6ab0000, 0x00000000e74c5890, 0x00000000e8000000)
  to   space 21824K,   0% used [0x00000000e5560000, 0x00000000e5560000, 0x00000000e6ab0000)
 concurrent mark-sweep generation total 393216K, used 6062K [0x00000000e8000000, 0x0000000100000000, 0x0000000100000000)
 Metaspace       used 24993K, capacity 25450K, committed 25724K, reserved 1071104K
  class space    used 2908K, capacity 3084K, committed 3196K, reserved 1048576K
}
2017-06-13T20:18:51.158+0200: 3,752: Total time for which application threads were stopped: 0,0484375 seconds, Stopping threads took: 0,0000531 seconds
2017-06-13T20:18:51.410+0200: 4,004: Total time for which application threads were stopped: 0,0006054 seconds, Stopping threads took: 0,0000440 seconds
2017-06-13T20:18:51.422+0200: 4,016: Total time for which application threads were stopped: 0,0004202 seconds, Stopping threads took: 0,0000234 seconds
2017-06-13T20:18:51.468+0200: 4,062: Total time for which application threads were stopped: 0,0005520 seconds, Stopping threads took: 0,0000587 seconds
2017-06-13T20:18:51.473+0200: 4,068: Total time for which application threads were stopped: 0,0001216 seconds, Stopping threads took: 0,0000372 seconds
2017-06-13T20:18:51.475+0200: 4,069: Total time for which application threads were stopped: 0,0000995 seconds, Stopping threads took: 0,0000324 seconds
2017-06-13T20:18:51.475+0200: 4,070: Total time for which application threads were stopped: 0,0000908 seconds, Stopping threads took: 0,0000276 seconds
2017-06-13T20:18:51.480+0200: 4,074: Total time for which application threads were stopped: 0,0004499 seconds, Stopping threads took: 0,0000521 seconds
2017-06-13T20:18:51.484+0200: 4,078: Total time for which application threads were stopped: 0,0000956 seconds, Stopping threads took: 0,0000352 seconds
2017-06-13T20:18:51.485+0200: 4,079: Total time for which application threads were stopped: 0,0000743 seconds, Stopping threads took: 0,0000217 seconds
2017-06-13T20:18:51.492+0200: 4,086: Total time for which application threads were stopped: 0,0001117 seconds, Stopping threads took: 0,0000295 seconds
2017-06-13T20:18:51.493+0200: 4,088: Total time for which application threads were stopped: 0,0000671 seconds, Stopping threads took: 0,0000189 seconds
2017-06-13T20:18:51.498+0200: 4,092: Total time for which application threads were stopped: 0,0001114 seconds, Stopping threads took: 0,0000349 seconds
2017-06-13T20:18:51.498+0200: 4,093: Total time for which application threads were stopped: 0,0001028 seconds, Stopping threads took: 0,0000288 seconds
2017-06-13T20:18:51.499+0200: 4,093: Total time for which application threads were stopped: 0,0000998 seconds, Stopping threads took: 0,0000451 seconds
2017-06-13T20:18:51.500+0200: 4,094: Total time for which application threads were stopped: 0,0001009 seconds, Stopping threads took: 0,0000316 seconds
2017-06-13T20:18:51.501+0200: 4,095: Total time for which application threads were stopped: 0,0000984 seconds, Stopping threads took: 0,0000252 seconds
2017-06-13T20:18:51.501+0200: 4,095: Total time for which application threads were stopped: 0,0000592 seconds, Stopping threads took: 0,0000102 seconds
2017-06-13T20:18:51.501+0200: 4,095: Total time for which application threads were stopped: 0,0000563 seconds, Stopping threads took: 0,0000188 seconds
2017-06-13T20:18:51.501+0200: 4,095: Total time for which application threads were stopped: 0,0000539 seconds, Stopping threads took: 0,0000135 seconds
2017-06-13T20:18:51.501+0200: 4,095: Total time for which application threads were stopped: 0,0000452 seconds, Stopping threads took: 0,0000079 seconds
2017-06-13T20:18:51.502+0200: 4,096: Total time for which application threads were stopped: 0,0000443 seconds, Stopping threads took: 0,0000089 seconds
2017-06-13T20:18:51.502+0200: 4,096: Total time for which application threads were stopped: 0,0000658 seconds, Stopping threads took: 0,0000074 seconds
2017-06-13T20:18:51.506+0200: 4,100: Total time for which application threads were stopped: 0,0039248 seconds, Stopping threads took: 0,0038517 seconds
2017-06-13T20:18:51.506+0200: 4,100: Total time for which application threads were stopped: 0,0000666 seconds, Stopping threads took: 0,0000276 seconds
2017-06-13T20:18:51.506+0200: 4,100: Total time for which application threads were stopped: 0,0000626 seconds, Stopping threads took: 0,0000155 seconds
2017-06-13T20:18:51.506+0200: 4,100: Total time for which application threads were stopped: 0,0000924 seconds, Stopping threads took: 0,0000378 seconds
2017-06-13T20:18:51.506+0200: 4,100: Total time for which application threads were stopped: 0,0001346 seconds, Stopping threads took: 0,0000224 seconds
2017-06-13T20:18:51.507+0200: 4,101: Total time for which application threads were stopped: 0,0000812 seconds, Stopping threads took: 0,0000261 seconds
2017-06-13T20:18:51.507+0200: 4,101: Total time for which application threads were stopped: 0,0000534 seconds, Stopping threads took: 0,0000139 seconds
2017-06-13T20:18:51.507+0200: 4,101: Total time for which application threads were stopped: 0,0000611 seconds, Stopping threads took: 0,0000216 seconds
2017-06-13T20:18:51.507+0200: 4,101: Total time for which application threads were stopped: 0,0000533 seconds, Stopping threads took: 0,0000144 seconds
2017-06-13T20:18:51.507+0200: 4,101: Total time for which application threads were stopped: 0,0000510 seconds, Stopping threads took: 0,0000143 seconds
2017-06-13T20:18:51.510+0200: 4,104: Total time for which application threads were stopped: 0,0001878 seconds, Stopping threads took: 0,0001225 seconds
2017-06-13T20:18:51.510+0200: 4,104: Total time for which application threads were stopped: 0,0000699 seconds, Stopping threads took: 0,0000187 seconds
2017-06-13T20:18:51.512+0200: 4,106: Total time for which application threads were stopped: 0,0019661 seconds, Stopping threads took: 0,0019044 seconds
2017-06-13T20:18:51.512+0200: 4,107: Total time for which application threads were stopped: 0,0001457 seconds, Stopping threads took: 0,0001007 seconds
2017-06-13T20:18:51.513+0200: 4,107: Total time for which application threads were stopped: 0,0001027 seconds, Stopping threads took: 0,0000701 seconds
2017-06-13T20:18:51.513+0200: 4,107: Total time for which application threads were stopped: 0,0000876 seconds, Stopping threads took: 0,0000243 seconds
2017-06-13T20:18:51.513+0200: 4,107: Total time for which application threads were stopped: 0,0000526 seconds, Stopping threads took: 0,0000091 seconds
2017-06-13T20:18:51.513+0200: 4,107: Total time for which application threads were stopped: 0,0000607 seconds, Stopping threads took: 0,0000117 seconds
2017-06-13T20:18:51.513+0200: 4,107: Total time for which application threads were stopped: 0,0000576 seconds, Stopping threads took: 0,0000177 seconds
2017-06-13T20:18:51.513+0200: 4,107: Total time for which application threads were stopped: 0,0000487 seconds, Stopping threads took: 0,0000107 seconds
2017-06-13T20:18:51.514+0200: 4,108: Total time for which application threads were stopped: 0,0000862 seconds, Stopping threads took: 0,0000305 seconds
2017-06-13T20:18:51.514+0200: 4,108: Total time for which application threads were stopped: 0,0000595 seconds, Stopping threads took: 0,0000192 seconds
2017-06-13T20:18:51.514+0200: 4,108: Total time for which application threads were stopped: 0,0001384 seconds, Stopping threads took: 0,0000992 seconds
2017-06-13T20:18:51.514+0200: 4,108: Total time for which application threads were stopped: 0,0000471 seconds, Stopping threads took: 0,0000161 seconds
2017-06-13T20:18:51.514+0200: 4,108: Total time for which application threads were stopped: 0,0001254 seconds, Stopping threads took: 0,0000161 seconds
2017-06-13T20:18:51.516+0200: 4,110: Total time for which application threads were stopped: 0,0001315 seconds, Stopping threads took: 0,0000491 seconds
2017-06-13T20:18:51.529+0200: 4,123: Total time for which application threads were stopped: 0,0061645 seconds, Stopping threads took: 0,0060482 seconds
2017-06-13T20:18:51.530+0200: 4,124: Total time for which application threads were stopped: 0,0001503 seconds, Stopping threads took: 0,0000974 seconds
2017-06-13T20:18:51.610+0200: 4,204: Total time for which application threads were stopped: 0,0015714 seconds, Stopping threads took: 0,0014783 seconds
2017-06-13T20:18:51.627+0200: 4,221: Total time for which application threads were stopped: 0,0005410 seconds, Stopping threads took: 0,0000361 seconds
2017-06-13T20:18:51.663+0200: 4,257: Total time for which application threads were stopped: 0,0000755 seconds, Stopping threads took: 0,0000187 seconds
2017-06-13T20:18:53.663+0200: 6,257: Total time for which application threads were stopped: 0,0000639 seconds, Stopping threads took: 0,0000163 seconds
2017-06-13T20:19:08.665+0200: 21,259: Total time for which application threads were stopped: 0,0000877 seconds, Stopping threads took: 0,0000334 seconds
2017-06-13T20:19:19.666+0200: 32,260: Total time for which application threads were stopped: 0,0001092 seconds, Stopping threads took: 0,0000273 seconds
2017-06-13T20:20:49.676+0200: 122,270: Total time for which application threads were stopped: 0,0001078 seconds, Stopping threads took: 0,0000448 seconds
2017-06-13T20:20:54.677+0200: 127,271: Total time for which application threads were stopped: 0,0004255 seconds, Stopping threads took: 0,0001023 seconds
{Heap before GC invocations=9 (full 1):
 par new generation   total 109248K, used 97750K [0x00000000e0000000, 0x00000000e8000000, 0x00000000e8000000)
  eden space 87424K, 100% used [0x00000000e0000000, 0x00000000e5560000, 0x00000000e5560000)
  from space 21824K,  47% used [0x00000000e6ab0000, 0x00000000e74c5890, 0x00000000e8000000)
  to   space 21824K,   0% used [0x00000000e5560000, 0x00000000e5560000, 0x00000000e6ab0000)
 concurrent mark-sweep generation total 393216K, used 6062K [0x00000000e8000000, 0x0000000100000000, 0x0000000100000000)
 Metaspace       used 28028K, capacity 28562K, committed 28796K, reserved 1075200K
  class space    used 3213K, capacity 3392K, committed 3452K, reserved 1048576K
2017-06-13T20:21:43.294+0200: 175,888: [GC (Allocation Failure) 2017-06-13T20:21:43.294+0200: 175,888: [ParNew
Desired survivor size 20112992 bytes, new threshold 8 (max 8)
- age   1:   10706384 bytes,   10706384 total
- age   2:     260968 bytes,   10967352 total
- age   3:     210216 bytes,   11177568 total
- age   4:    1785696 bytes,   12963264 total
- age   5:      58192 bytes,   13021456 total
- age   6:       4368 bytes,   13025824 total
- age   7:      98896 bytes,   13124720 total
- age   8:     187832 bytes,   13312552 total
: 97750K->13968K(109248K), 0,0140289 secs] 103812K->20839K(502464K), 0,0140990 secs] [Times: user=0,05 sys=0,00, real=0,01 secs] 
Heap after GC invocations=10 (full 1):
 par new generation   total 109248K, used 13968K [0x00000000e0000000, 0x00000000e8000000, 0x00000000e8000000)
  eden space 87424K,   0% used [0x00000000e0000000, 0x00000000e0000000, 0x00000000e5560000)
  from space 21824K,  64% used [0x00000000e5560000, 0x00000000e6304380, 0x00000000e6ab0000)
  to   space 21824K,   0% used [0x00000000e6ab0000, 0x00000000e6ab0000, 0x00000000e8000000)
 concurrent mark-sweep generation total 393216K, used 6870K [0x00000000e8000000, 0x0000000100000000, 0x0000000100000000)
 Metaspace       used 28028K, capacity 28562K, committed 28796K, reserved 1075200K
  class space    used 3213K, capacity 3392K, committed 3452K, reserved 1048576K
}
2017-06-13T20:21:43.308+0200: 175,902: Total time for which application threads were stopped: 0,0142866 seconds, Stopping threads took: 0,0000447 seconds
2017-06-13T20:21:43.309+0200: 175,904: Total time for which application threads were stopped: 0,0000838 seconds, Stopping threads took: 0,0000244 seconds
2017-06-13T20:21:43.310+0200: 175,904: Total time for which application threads were stopped: 0,0000815 seconds, Stopping threads took: 0,0000438 seconds
2017-06-13T20:21:48.310+0200: 180,904: Total time for which application threads were stopped: 0,0001134 seconds, Stopping threads took: 0,0000252 seconds
2017-06-13T20:22:03.312+0200: 195,906: Total time for which application threads were stopped: 0,0003973 seconds, Stopping threads took: 0,0001529 seconds
2017-06-13T20:23:03.318+0200: 255,912: Total time for which application threads were stopped: 0,0001238 seconds, Stopping threads took: 0,0000385 seconds
2017-06-13T20:23:13.319+0200: 265,913: Total time for which application threads were stopped: 0,0000624 seconds, Stopping threads took: 0,0000162 seconds
2017-06-13T20:23:19.320+0200: 271,914: Total time for which application threads were stopped: 0,0001155 seconds, Stopping threads took: 0,0000280 seconds
2017-06-13T20:24:54.388+0200: 366,982: Total time for which application threads were stopped: 0,0146908 seconds, Stopping threads took: 0,0145863 seconds
2017-06-13T20:24:54.424+0200: 367,018: Total time for which application threads were stopped: 0,0001259 seconds, Stopping threads took: 0,0000474 seconds
2017-06-13T20:24:54.457+0200: 367,051: Total time for which application threads were stopped: 0,0001172 seconds, Stopping threads took: 0,0000340 seconds
2017-06-13T20:24:54.462+0200: 367,056: Total time for which application threads were stopped: 0,0035064 seconds, Stopping threads took: 0,0034455 seconds
2017-06-13T20:24:54.462+0200: 367,056: Total time for which application threads were stopped: 0,0000818 seconds, Stopping threads took: 0,0000403 seconds
2017-06-13T20:24:54.462+0200: 367,056: Total time for which application threads were stopped: 0,0000913 seconds, Stopping threads took: 0,0000523 seconds
2017-06-13T20:24:54.470+0200: 367,064: Total time for which application threads were stopped: 0,0001092 seconds, Stopping threads took: 0,0000273 seconds
2017-06-13T20:24:54.470+0200: 367,064: Total time for which application threads were stopped: 0,0000375 seconds, Stopping threads took: 0,0000123 seconds
2017-06-13T20:24:54.470+0200: 367,064: Total time for which application threads were stopped: 0,0000318 seconds, Stopping threads took: 0,0000122 seconds
2017-06-13T20:24:54.470+0200: 367,064: Total time for which application threads were stopped: 0,0000237 seconds, Stopping threads took: 0,0000052 seconds
2017-06-13T20:24:54.471+0200: 367,065: Total time for which application threads were stopped: 0,0000231 seconds, Stopping threads took: 0,0000052 seconds
2017-06-13T20:24:54.471+0200: 367,065: Total time for which application threads were stopped: 0,0000529 seconds, Stopping threads took: 0,0000288 seconds
2017-06-13T20:24:54.471+0200: 367,065: Total time for which application threads were stopped: 0,0000574 seconds, Stopping threads took: 0,0000206 seconds
2017-06-13T20:24:54.471+0200: 367,065: Total time for which application threads were stopped: 0,0000572 seconds, Stopping threads took: 0,0000222 seconds
2017-06-13T20:24:54.472+0200: 367,066: Total time for which application threads were stopped: 0,0000703 seconds, Stopping threads took: 0,0000131 seconds
Heap
 par new generation   total 109248K, used 33082K [0x00000000e0000000, 0x00000000e8000000, 0x00000000e8000000)
  eden space 87424K,  21% used [0x00000000e0000000, 0x00000000e12aa4d8, 0x00000000e5560000)
  from space 21824K,  64% used [0x00000000e5560000, 0x00000000e6304380, 0x00000000e6ab0000)
  to   space 21824K,   0% used [0x00000000e6ab0000, 0x00000000e6ab0000, 0x00000000e8000000)
 concurrent mark-sweep generation total 393216K, used 6870K [0x00000000e8000000, 0x0000000100000000, 0x0000000100000000)
 Metaspace       used 28136K, capacity 28698K, committed 28796K, reserved 1075200K
  class space    used 3227K, capacity 3394K, committed 3452K, reserved 1048576K
