OpenJDK 64-Bit Server VM (25.121-b13) for linux-amd64 JRE (1.8.0_121-8u121-b13-0ubuntu1.16.04.2-b13), built on Jan 23 2017 15:51:29 by "buildd" with gcc 5.4.0 20160609
Memory: 4k page, physical 7867760k(7536224k free), swap 8076284k(8076284k free)
CommandLine flags: -XX:CMSInitiatingOccupancyFraction=50 -XX:CMSMaxAbortablePrecleanTime=6000 -XX:+CMSParallelRemarkEnabled -XX:+CMSScavengeBeforeRemark -XX:ConcGCThreads=4 -XX:InitialHeapSize=536870912 -XX:MaxHeapSize=536870912 -XX:MaxTenuringThreshold=8 -XX:NewRatio=3 -XX:OldPLABSize=16 -XX:OnOutOfMemoryError=/opt/solr/bin/oom_solr.sh 8983 /var/solr/logs -XX:ParallelGCThreads=4 -XX:+ParallelRefProcEnabled -XX:PretenureSizeThreshold=67108864 -XX:+PrintGC -XX:+PrintGCApplicationStoppedTime -XX:+PrintGCDateStamps -XX:+PrintGCDetails -XX:+PrintGCTimeStamps -XX:+PrintHeapAtGC -XX:+PrintTenuringDistribution -XX:SurvivorRatio=4 -XX:TargetSurvivorRatio=90 -XX:ThreadStackSize=256 -XX:+UseCMSInitiatingOccupancyOnly -XX:+UseCompressedClassPointers -XX:+UseCompressedOops -XX:+UseConcMarkSweepGC -XX:+UseParNewGC 
2017-03-05T23:01:47.696+0100: 0,122: Total time for which application threads were stopped: 0,0000708 seconds, Stopping threads took: 0,0000129 seconds
2017-03-05T23:01:47.757+0100: 0,184: Total time for which application threads were stopped: 0,0001149 seconds, Stopping threads took: 0,0000235 seconds
2017-03-05T23:01:47.770+0100: 0,196: Total time for which application threads were stopped: 0,0000723 seconds, Stopping threads took: 0,0000118 seconds
2017-03-05T23:01:47.901+0100: 0,327: Total time for which application threads were stopped: 0,0001334 seconds, Stopping threads took: 0,0000213 seconds
2017-03-05T23:01:48.049+0100: 0,475: Total time for which application threads were stopped: 0,0001106 seconds, Stopping threads took: 0,0000097 seconds
2017-03-05T23:01:48.094+0100: 0,520: Total time for which application threads were stopped: 0,0001461 seconds, Stopping threads took: 0,0000190 seconds
2017-03-05T23:01:48.108+0100: 0,534: Total time for which application threads were stopped: 0,0001419 seconds, Stopping threads took: 0,0000183 seconds
2017-03-05T23:01:48.269+0100: 0,696: Total time for which application threads were stopped: 0,0002048 seconds, Stopping threads took: 0,0000266 seconds
2017-03-05T23:01:48.446+0100: 0,872: Total time for which application threads were stopped: 0,0002426 seconds, Stopping threads took: 0,0000138 seconds
2017-03-05T23:01:48.471+0100: 0,897: Total time for which application threads were stopped: 0,0001835 seconds, Stopping threads took: 0,0000239 seconds
2017-03-05T23:01:48.500+0100: 0,926: Total time for which application threads were stopped: 0,0002610 seconds, Stopping threads took: 0,0000381 seconds
2017-03-05T23:01:48.501+0100: 0,927: Total time for which application threads were stopped: 0,0002414 seconds, Stopping threads took: 0,0000663 seconds
2017-03-05T23:01:48.517+0100: 0,943: Total time for which application threads were stopped: 0,0002572 seconds, Stopping threads took: 0,0000248 seconds
2017-03-05T23:01:48.603+0100: 1,029: Total time for which application threads were stopped: 0,0003979 seconds, Stopping threads took: 0,0000315 seconds
2017-03-05T23:01:48.796+0100: 1,222: Total time for which application threads were stopped: 0,0014479 seconds, Stopping threads took: 0,0011874 seconds
{Heap before GC invocations=0 (full 0):
 par new generation   total 109248K, used 87424K [0x00000000e0000000, 0x00000000e8000000, 0x00000000e8000000)
  eden space 87424K, 100% used [0x00000000e0000000, 0x00000000e5560000, 0x00000000e5560000)
  from space 21824K,   0% used [0x00000000e5560000, 0x00000000e5560000, 0x00000000e6ab0000)
  to   space 21824K,   0% used [0x00000000e6ab0000, 0x00000000e6ab0000, 0x00000000e8000000)
 concurrent mark-sweep generation total 393216K, used 0K [0x00000000e8000000, 0x0000000100000000, 0x0000000100000000)
 Metaspace       used 18012K, capacity 18336K, committed 18688K, reserved 1064960K
  class space    used 2036K, capacity 2196K, committed 2304K, reserved 1048576K
2017-03-05T23:01:48.903+0100: 1,329: [GC (Allocation Failure) 2017-03-05T23:01:48.903+0100: 1,330: [ParNew
Desired survivor size 20112992 bytes, new threshold 8 (max 8)
- age   1:   12397528 bytes,   12397528 total
: 87424K->12208K(109248K), 0,0369016 secs] 87424K->12208K(502464K), 0,0369911 secs] [Times: user=0,06 sys=0,01, real=0,03 secs] 
Heap after GC invocations=1 (full 0):
 par new generation   total 109248K, used 12208K [0x00000000e0000000, 0x00000000e8000000, 0x00000000e8000000)
  eden space 87424K,   0% used [0x00000000e0000000, 0x00000000e0000000, 0x00000000e5560000)
  from space 21824K,  55% used [0x00000000e6ab0000, 0x00000000e769c000, 0x00000000e8000000)
  to   space 21824K,   0% used [0x00000000e5560000, 0x00000000e5560000, 0x00000000e6ab0000)
 concurrent mark-sweep generation total 393216K, used 0K [0x00000000e8000000, 0x0000000100000000, 0x0000000100000000)
 Metaspace       used 18012K, capacity 18336K, committed 18688K, reserved 1064960K
  class space    used 2036K, capacity 2196K, committed 2304K, reserved 1048576K
}
2017-03-05T23:01:48.940+0100: 1,366: Total time for which application threads were stopped: 0,0372647 seconds, Stopping threads took: 0,0000265 seconds
2017-03-05T23:01:49.560+0100: 1,986: Total time for which application threads were stopped: 0,0065451 seconds, Stopping threads took: 0,0061849 seconds
{Heap before GC invocations=1 (full 0):
 par new generation   total 109248K, used 99632K [0x00000000e0000000, 0x00000000e8000000, 0x00000000e8000000)
  eden space 87424K, 100% used [0x00000000e0000000, 0x00000000e5560000, 0x00000000e5560000)
  from space 21824K,  55% used [0x00000000e6ab0000, 0x00000000e769c000, 0x00000000e8000000)
  to   space 21824K,   0% used [0x00000000e5560000, 0x00000000e5560000, 0x00000000e6ab0000)
 concurrent mark-sweep generation total 393216K, used 0K [0x00000000e8000000, 0x0000000100000000, 0x0000000100000000)
 Metaspace       used 20020K, capacity 20356K, committed 20736K, reserved 1067008K
  class space    used 2292K, capacity 2466K, committed 2560K, reserved 1048576K
2017-03-05T23:01:49.745+0100: 2,171: [GC (Allocation Failure) 2017-03-05T23:01:49.745+0100: 2,171: [ParNew
Desired survivor size 20112992 bytes, new threshold 8 (max 8)
- age   1:    3493976 bytes,    3493976 total
- age   2:    6663408 bytes,   10157384 total
: 99632K->13669K(109248K), 0,0619060 secs] 99632K->13669K(502464K), 0,0619836 secs] [Times: user=0,08 sys=0,00, real=0,06 secs] 
Heap after GC invocations=2 (full 0):
 par new generation   total 109248K, used 13669K [0x00000000e0000000, 0x00000000e8000000, 0x00000000e8000000)
  eden space 87424K,   0% used [0x00000000e0000000, 0x00000000e0000000, 0x00000000e5560000)
  from space 21824K,  62% used [0x00000000e5560000, 0x00000000e62b9500, 0x00000000e6ab0000)
  to   space 21824K,   0% used [0x00000000e6ab0000, 0x00000000e6ab0000, 0x00000000e8000000)
 concurrent mark-sweep generation total 393216K, used 0K [0x00000000e8000000, 0x0000000100000000, 0x0000000100000000)
 Metaspace       used 20020K, capacity 20356K, committed 20736K, reserved 1067008K
  class space    used 2292K, capacity 2466K, committed 2560K, reserved 1048576K
}
2017-03-05T23:01:49.807+0100: 2,233: Total time for which application threads were stopped: 0,0792799 seconds, Stopping threads took: 0,0171078 seconds
2017-03-05T23:01:49.813+0100: 2,239: Total time for which application threads were stopped: 0,0004816 seconds, Stopping threads took: 0,0000390 seconds
2017-03-05T23:01:49.881+0100: 2,307: Total time for which application threads were stopped: 0,0066655 seconds, Stopping threads took: 0,0053810 seconds
2017-03-05T23:01:50.141+0100: 2,567: Total time for which application threads were stopped: 0,0006882 seconds, Stopping threads took: 0,0001800 seconds
{Heap before GC invocations=2 (full 0):
 par new generation   total 109248K, used 101093K [0x00000000e0000000, 0x00000000e8000000, 0x00000000e8000000)
  eden space 87424K, 100% used [0x00000000e0000000, 0x00000000e5560000, 0x00000000e5560000)
  from space 21824K,  62% used [0x00000000e5560000, 0x00000000e62b9500, 0x00000000e6ab0000)
  to   space 21824K,   0% used [0x00000000e6ab0000, 0x00000000e6ab0000, 0x00000000e8000000)
 concurrent mark-sweep generation total 393216K, used 0K [0x00000000e8000000, 0x0000000100000000, 0x0000000100000000)
 Metaspace       used 20973K, capacity 21278K, committed 21628K, reserved 1069056K
  class space    used 2416K, capacity 2585K, committed 2684K, reserved 1048576K
2017-03-05T23:01:50.219+0100: 2,645: [GC (Allocation Failure) 2017-03-05T23:01:50.219+0100: 2,645: [ParNew
Desired survivor size 20112992 bytes, new threshold 8 (max 8)
- age   1:    2037408 bytes,    2037408 total
- age   2:     873736 bytes,    2911144 total
- age   3:    6645536 bytes,    9556680 total
: 101093K->12763K(109248K), 0,0161070 secs] 101093K->12763K(502464K), 0,0161859 secs] [Times: user=0,06 sys=0,00, real=0,02 secs] 
Heap after GC invocations=3 (full 0):
 par new generation   total 109248K, used 12763K [0x00000000e0000000, 0x00000000e8000000, 0x00000000e8000000)
  eden space 87424K,   0% used [0x00000000e0000000, 0x00000000e0000000, 0x00000000e5560000)
  from space 21824K,  58% used [0x00000000e6ab0000, 0x00000000e7726c80, 0x00000000e8000000)
  to   space 21824K,   0% used [0x00000000e5560000, 0x00000000e5560000, 0x00000000e6ab0000)
 concurrent mark-sweep generation total 393216K, used 0K [0x00000000e8000000, 0x0000000100000000, 0x0000000100000000)
 Metaspace       used 20973K, capacity 21278K, committed 21628K, reserved 1069056K
  class space    used 2416K, capacity 2585K, committed 2684K, reserved 1048576K
}
2017-03-05T23:01:50.235+0100: 2,661: Total time for which application threads were stopped: 0,0192045 seconds, Stopping threads took: 0,0028752 seconds
2017-03-05T23:01:50.243+0100: 2,669: [GC (CMS Initial Mark) [1 CMS-initial-mark: 0K(393216K)] 18403K(502464K), 0,0104755 secs] [Times: user=0,02 sys=0,00, real=0,01 secs] 
2017-03-05T23:01:50.254+0100: 2,680: Total time for which application threads were stopped: 0,0121702 seconds, Stopping threads took: 0,0011566 seconds
2017-03-05T23:01:50.258+0100: 2,684: [CMS-concurrent-mark-start]
2017-03-05T23:01:50.261+0100: 2,687: [CMS-concurrent-mark: 0,003/0,003 secs] [Times: user=0,01 sys=0,00, real=0,00 secs] 
2017-03-05T23:01:50.261+0100: 2,687: [CMS-concurrent-preclean-start]
2017-03-05T23:01:50.264+0100: 2,690: [CMS-concurrent-preclean: 0,002/0,002 secs] [Times: user=0,01 sys=0,00, real=0,01 secs] 
2017-03-05T23:01:50.264+0100: 2,690: [CMS-concurrent-abortable-preclean-start]
2017-03-05T23:01:50.366+0100: 2,792: Total time for which application threads were stopped: 0,0030398 seconds, Stopping threads took: 0,0029387 seconds
{Heap before GC invocations=3 (full 1):
 par new generation   total 109248K, used 100172K [0x00000000e0000000, 0x00000000e8000000, 0x00000000e8000000)
  eden space 87424K,  99% used [0x00000000e0000000, 0x00000000e555c5c0, 0x00000000e5560000)
  from space 21824K,  58% used [0x00000000e6ab0000, 0x00000000e7726c80, 0x00000000e8000000)
  to   space 21824K,   0% used [0x00000000e5560000, 0x00000000e5560000, 0x00000000e6ab0000)
 concurrent mark-sweep generation total 393216K, used 0K [0x00000000e8000000, 0x0000000100000000, 0x0000000100000000)
 Metaspace       used 21228K, capacity 21548K, committed 21884K, reserved 1069056K
  class space    used 2445K, capacity 2599K, committed 2684K, reserved 1048576K
2017-03-05T23:01:50.420+0100: 2,846: [GC (Allocation Failure) 2017-03-05T23:01:50.420+0100: 2,846: [ParNew
Desired survivor size 20112992 bytes, new threshold 8 (max 8)
- age   1:    1064328 bytes,    1064328 total
- age   2:    1446032 bytes,    2510360 total
- age   3:     842360 bytes,    3352720 total
- age   4:    6645632 bytes,    9998352 total
: 100172K->13524K(109248K), 0,0168949 secs] 100172K->13524K(502464K), 0,0169692 secs] [Times: user=0,06 sys=0,00, real=0,02 secs] 
Heap after GC invocations=4 (full 1):
 par new generation   total 109248K, used 13524K [0x00000000e0000000, 0x00000000e8000000, 0x00000000e8000000)
  eden space 87424K,   0% used [0x00000000e0000000, 0x00000000e0000000, 0x00000000e5560000)
  from space 21824K,  61% used [0x00000000e5560000, 0x00000000e6295048, 0x00000000e6ab0000)
  to   space 21824K,   0% used [0x00000000e6ab0000, 0x00000000e6ab0000, 0x00000000e8000000)
 concurrent mark-sweep generation total 393216K, used 0K [0x00000000e8000000, 0x0000000100000000, 0x0000000100000000)
 Metaspace       used 21228K, capacity 21548K, committed 21884K, reserved 1069056K
  class space    used 2445K, capacity 2599K, committed 2684K, reserved 1048576K
}
2017-03-05T23:01:50.437+0100: 2,863: Total time for which application threads were stopped: 0,0172123 seconds, Stopping threads took: 0,0000895 seconds
2017-03-05T23:01:50.437+0100: 2,863: [CMS-concurrent-abortable-preclean: 0,101/0,173 secs] [Times: user=0,61 sys=0,01, real=0,17 secs] 
2017-03-05T23:01:50.440+0100: 2,866: [GC (CMS Final Remark) [YG occupancy: 14862 K (109248 K)]{Heap before GC invocations=4 (full 1):
 par new generation   total 109248K, used 14862K [0x00000000e0000000, 0x00000000e8000000, 0x00000000e8000000)
  eden space 87424K,   1% used [0x00000000e0000000, 0x00000000e014e9f0, 0x00000000e5560000)
  from space 21824K,  61% used [0x00000000e5560000, 0x00000000e6295048, 0x00000000e6ab0000)
  to   space 21824K,   0% used [0x00000000e6ab0000, 0x00000000e6ab0000, 0x00000000e8000000)
 concurrent mark-sweep generation total 393216K, used 0K [0x00000000e8000000, 0x0000000100000000, 0x0000000100000000)
 Metaspace       used 21228K, capacity 21548K, committed 21884K, reserved 1069056K
  class space    used 2445K, capacity 2599K, committed 2684K, reserved 1048576K
2017-03-05T23:01:50.440+0100: 2,866: [GC (CMS Final Remark) 2017-03-05T23:01:50.440+0100: 2,866: [ParNew
Desired survivor size 20112992 bytes, new threshold 8 (max 8)
- age   1:     246736 bytes,     246736 total
- age   2:     425816 bytes,     672552 total
- age   3:    1446032 bytes,    2118584 total
- age   4:     842360 bytes,    2960944 total
- age   5:    6645648 bytes,    9606592 total
: 14862K->12227K(109248K), 0,0143112 secs] 14862K->12227K(502464K), 0,0143928 secs] [Times: user=0,04 sys=0,00, real=0,02 secs] 
Heap after GC invocations=5 (full 1):
 par new generation   total 109248K, used 12227K [0x00000000e0000000, 0x00000000e8000000, 0x00000000e8000000)
  eden space 87424K,   0% used [0x00000000e0000000, 0x00000000e0000000, 0x00000000e5560000)
  from space 21824K,  56% used [0x00000000e6ab0000, 0x00000000e76a0d10, 0x00000000e8000000)
  to   space 21824K,   0% used [0x00000000e5560000, 0x00000000e5560000, 0x00000000e6ab0000)
 concurrent mark-sweep generation total 393216K, used 0K [0x00000000e8000000, 0x0000000100000000, 0x0000000100000000)
 Metaspace       used 21228K, capacity 21548K, committed 21884K, reserved 1069056K
  class space    used 2445K, capacity 2599K, committed 2684K, reserved 1048576K
}
2017-03-05T23:01:50.454+0100: 2,880: [Rescan (parallel) , 0,0068222 secs]2017-03-05T23:01:50.461+0100: 2,887: [weak refs processing, 0,0004232 secs]2017-03-05T23:01:50.461+0100: 2,887: [class unloading, 0,0048537 secs]2017-03-05T23:01:50.466+0100: 2,892: [scrub symbol table, 0,0027970 secs]2017-03-05T23:01:50.469+0100: 2,895: [scrub string table, 0,0004217 secs][1 CMS-remark: 0K(393216K)] 12227K(502464K), 0,0304629 secs] [Times: user=0,08 sys=0,00, real=0,03 secs] 
2017-03-05T23:01:50.470+0100: 2,896: Total time for which application threads were stopped: 0,0317671 seconds, Stopping threads took: 0,0011983 seconds
2017-03-05T23:01:50.470+0100: 2,896: [CMS-concurrent-sweep-start]
2017-03-05T23:01:50.470+0100: 2,896: [CMS-concurrent-sweep: 0,000/0,000 secs] [Times: user=0,00 sys=0,00, real=0,00 secs] 
2017-03-05T23:01:50.470+0100: 2,896: [CMS-concurrent-reset-start]
2017-03-05T23:01:50.479+0100: 2,905: [CMS-concurrent-reset: 0,009/0,009 secs] [Times: user=0,03 sys=0,01, real=0,01 secs] 
{Heap before GC invocations=5 (full 1):
 par new generation   total 109248K, used 99651K [0x00000000e0000000, 0x00000000e8000000, 0x00000000e8000000)
  eden space 87424K, 100% used [0x00000000e0000000, 0x00000000e5560000, 0x00000000e5560000)
  from space 21824K,  56% used [0x00000000e6ab0000, 0x00000000e76a0d10, 0x00000000e8000000)
  to   space 21824K,   0% used [0x00000000e5560000, 0x00000000e5560000, 0x00000000e6ab0000)
 concurrent mark-sweep generation total 393216K, used 0K [0x00000000e8000000, 0x0000000100000000, 0x0000000100000000)
 Metaspace       used 21353K, capacity 21726K, committed 21884K, reserved 1069056K
  class space    used 2465K, capacity 2634K, committed 2684K, reserved 1048576K
2017-03-05T23:01:50.598+0100: 3,024: [GC (Allocation Failure) 2017-03-05T23:01:50.598+0100: 3,024: [ParNew
Desired survivor size 20112992 bytes, new threshold 8 (max 8)
- age   1:     998048 bytes,     998048 total
- age   2:       1008 bytes,     999056 total
- age   3:     181920 bytes,    1180976 total
- age   4:    1445928 bytes,    2626904 total
- age   5:     842392 bytes,    3469296 total
- age   6:    6645944 bytes,   10115240 total
: 99651K->13036K(109248K), 0,0118937 secs] 99651K->13036K(502464K), 0,0119828 secs] [Times: user=0,04 sys=0,00, real=0,01 secs] 
Heap after GC invocations=6 (full 1):
 par new generation   total 109248K, used 13036K [0x00000000e0000000, 0x00000000e8000000, 0x00000000e8000000)
  eden space 87424K,   0% used [0x00000000e0000000, 0x00000000e0000000, 0x00000000e5560000)
  from space 21824K,  59% used [0x00000000e5560000, 0x00000000e621b3e8, 0x00000000e6ab0000)
  to   space 21824K,   0% used [0x00000000e6ab0000, 0x00000000e6ab0000, 0x00000000e8000000)
 concurrent mark-sweep generation total 393216K, used 0K [0x00000000e8000000, 0x0000000100000000, 0x0000000100000000)
 Metaspace       used 21353K, capacity 21726K, committed 21884K, reserved 1069056K
  class space    used 2465K, capacity 2634K, committed 2684K, reserved 1048576K
}
2017-03-05T23:01:50.610+0100: 3,036: Total time for which application threads were stopped: 0,0124871 seconds, Stopping threads took: 0,0002399 seconds
2017-03-05T23:01:50.647+0100: 3,073: Total time for which application threads were stopped: 0,0003874 seconds, Stopping threads took: 0,0000225 seconds
2017-03-05T23:01:50.847+0100: 3,273: Total time for which application threads were stopped: 0,0005590 seconds, Stopping threads took: 0,0000237 seconds
2017-03-05T23:01:50.860+0100: 3,286: Total time for which application threads were stopped: 0,0004327 seconds, Stopping threads took: 0,0000301 seconds
{Heap before GC invocations=6 (full 1):
 par new generation   total 109248K, used 100460K [0x00000000e0000000, 0x00000000e8000000, 0x00000000e8000000)
  eden space 87424K, 100% used [0x00000000e0000000, 0x00000000e5560000, 0x00000000e5560000)
  from space 21824K,  59% used [0x00000000e5560000, 0x00000000e621b3e8, 0x00000000e6ab0000)
  to   space 21824K,   0% used [0x00000000e6ab0000, 0x00000000e6ab0000, 0x00000000e8000000)
 concurrent mark-sweep generation total 393216K, used 0K [0x00000000e8000000, 0x0000000100000000, 0x0000000100000000)
 Metaspace       used 23757K, capacity 24224K, committed 24572K, reserved 1071104K
  class space    used 2794K, capacity 2977K, committed 3068K, reserved 1048576K
2017-03-05T23:01:51.019+0100: 3,445: [GC (Allocation Failure) 2017-03-05T23:01:51.019+0100: 3,445: [ParNew
Desired survivor size 20112992 bytes, new threshold 8 (max 8)
- age   1:    5086488 bytes,    5086488 total
- age   2:     108136 bytes,    5194624 total
- age   3:       1008 bytes,    5195632 total
- age   4:     180448 bytes,    5376080 total
- age   5:     276272 bytes,    5652352 total
- age   6:     816080 bytes,    6468432 total
- age   7:    6637232 bytes,   13105664 total
: 100460K->14667K(109248K), 0,0158285 secs] 100460K->14667K(502464K), 0,0159146 secs] [Times: user=0,06 sys=0,00, real=0,02 secs] 
Heap after GC invocations=7 (full 1):
 par new generation   total 109248K, used 14667K [0x00000000e0000000, 0x00000000e8000000, 0x00000000e8000000)
  eden space 87424K,   0% used [0x00000000e0000000, 0x00000000e0000000, 0x00000000e5560000)
  from space 21824K,  67% used [0x00000000e6ab0000, 0x00000000e7902f00, 0x00000000e8000000)
  to   space 21824K,   0% used [0x00000000e5560000, 0x00000000e5560000, 0x00000000e6ab0000)
 concurrent mark-sweep generation total 393216K, used 0K [0x00000000e8000000, 0x0000000100000000, 0x0000000100000000)
 Metaspace       used 23757K, capacity 24224K, committed 24572K, reserved 1071104K
  class space    used 2794K, capacity 2977K, committed 3068K, reserved 1048576K
}
2017-03-05T23:01:51.035+0100: 3,461: Total time for which application threads were stopped: 0,0162357 seconds, Stopping threads took: 0,0000648 seconds
{Heap before GC invocations=7 (full 1):
 par new generation   total 109248K, used 102091K [0x00000000e0000000, 0x00000000e8000000, 0x00000000e8000000)
  eden space 87424K, 100% used [0x00000000e0000000, 0x00000000e5560000, 0x00000000e5560000)
  from space 21824K,  67% used [0x00000000e6ab0000, 0x00000000e7902f00, 0x00000000e8000000)
  to   space 21824K,   0% used [0x00000000e5560000, 0x00000000e5560000, 0x00000000e6ab0000)
 concurrent mark-sweep generation total 393216K, used 0K [0x00000000e8000000, 0x0000000100000000, 0x0000000100000000)
 Metaspace       used 24410K, capacity 24870K, committed 25084K, reserved 1071104K
  class space    used 2861K, capacity 3042K, committed 3068K, reserved 1048576K
2017-03-05T23:01:51.176+0100: 3,603: [GC (Allocation Failure) 2017-03-05T23:01:51.177+0100: 3,603: [ParNew
Desired survivor size 20112992 bytes, new threshold 8 (max 8)
- age   1:    2230472 bytes,    2230472 total
- age   2:    1723448 bytes,    3953920 total
- age   3:      47952 bytes,    4001872 total
- age   5:     105120 bytes,    4106992 total
- age   6:     187784 bytes,    4294776 total
- age   7:     765744 bytes,    5060520 total
- age   8:    6104240 bytes,   11164760 total
: 102091K->16231K(109248K), 0,0225360 secs] 102091K->16231K(502464K), 0,0226271 secs] [Times: user=0,06 sys=0,00, real=0,02 secs] 
Heap after GC invocations=8 (full 1):
 par new generation   total 109248K, used 16231K [0x00000000e0000000, 0x00000000e8000000, 0x00000000e8000000)
  eden space 87424K,   0% used [0x00000000e0000000, 0x00000000e0000000, 0x00000000e5560000)
  from space 21824K,  74% used [0x00000000e5560000, 0x00000000e6539f50, 0x00000000e6ab0000)
  to   space 21824K,   0% used [0x00000000e6ab0000, 0x00000000e6ab0000, 0x00000000e8000000)
 concurrent mark-sweep generation total 393216K, used 0K [0x00000000e8000000, 0x0000000100000000, 0x0000000100000000)
 Metaspace       used 24410K, capacity 24870K, committed 25084K, reserved 1071104K
  class space    used 2861K, capacity 3042K, committed 3068K, reserved 1048576K
}
2017-03-05T23:01:51.199+0100: 3,625: Total time for which application threads were stopped: 0,0242340 seconds, Stopping threads took: 0,0014104 seconds
{Heap before GC invocations=8 (full 1):
 par new generation   total 109248K, used 103655K [0x00000000e0000000, 0x00000000e8000000, 0x00000000e8000000)
  eden space 87424K, 100% used [0x00000000e0000000, 0x00000000e5560000, 0x00000000e5560000)
  from space 21824K,  74% used [0x00000000e5560000, 0x00000000e6539f50, 0x00000000e6ab0000)
  to   space 21824K,   0% used [0x00000000e6ab0000, 0x00000000e6ab0000, 0x00000000e8000000)
 concurrent mark-sweep generation total 393216K, used 0K [0x00000000e8000000, 0x0000000100000000, 0x0000000100000000)
 Metaspace       used 24774K, capacity 25248K, committed 25468K, reserved 1071104K
  class space    used 2896K, capacity 3079K, committed 3196K, reserved 1048576K
2017-03-05T23:01:51.291+0100: 3,717: [GC (Allocation Failure) 2017-03-05T23:01:51.291+0100: 3,717: [ParNew
Desired survivor size 20112992 bytes, new threshold 8 (max 8)
- age   1:     678968 bytes,     678968 total
- age   2:    1010048 bytes,    1689016 total
- age   3:    1701016 bytes,    3390032 total
- age   4:      47952 bytes,    3437984 total
- age   6:     104920 bytes,    3542904 total
- age   7:     185016 bytes,    3727920 total
- age   8:     764944 bytes,    4492864 total
: 103655K->8492K(109248K), 0,0437902 secs] 103655K->14536K(502464K), 0,0438682 secs] [Times: user=0,14 sys=0,00, real=0,04 secs] 
Heap after GC invocations=9 (full 1):
 par new generation   total 109248K, used 8492K [0x00000000e0000000, 0x00000000e8000000, 0x00000000e8000000)
  eden space 87424K,   0% used [0x00000000e0000000, 0x00000000e0000000, 0x00000000e5560000)
  from space 21824K,  38% used [0x00000000e6ab0000, 0x00000000e72fb188, 0x00000000e8000000)
  to   space 21824K,   0% used [0x00000000e5560000, 0x00000000e5560000, 0x00000000e6ab0000)
 concurrent mark-sweep generation total 393216K, used 6043K [0x00000000e8000000, 0x0000000100000000, 0x0000000100000000)
 Metaspace       used 24774K, capacity 25248K, committed 25468K, reserved 1071104K
  class space    used 2896K, capacity 3079K, committed 3196K, reserved 1048576K
}
2017-03-05T23:01:51.335+0100: 3,761: Total time for which application threads were stopped: 0,0479526 seconds, Stopping threads took: 0,0038866 seconds
2017-03-05T23:01:51.618+0100: 4,044: Total time for which application threads were stopped: 0,0004967 seconds, Stopping threads took: 0,0000361 seconds
2017-03-05T23:01:51.625+0100: 4,051: Total time for which application threads were stopped: 0,0003903 seconds, Stopping threads took: 0,0000651 seconds
2017-03-05T23:01:51.629+0100: 4,055: Total time for which application threads were stopped: 0,0001586 seconds, Stopping threads took: 0,0000415 seconds
2017-03-05T23:01:51.630+0100: 4,056: Total time for which application threads were stopped: 0,0001013 seconds, Stopping threads took: 0,0000347 seconds
2017-03-05T23:01:51.634+0100: 4,060: Total time for which application threads were stopped: 0,0005497 seconds, Stopping threads took: 0,0000417 seconds
2017-03-05T23:01:51.634+0100: 4,060: Total time for which application threads were stopped: 0,0002310 seconds, Stopping threads took: 0,0001658 seconds
2017-03-05T23:01:51.643+0100: 4,069: Total time for which application threads were stopped: 0,0001547 seconds, Stopping threads took: 0,0000359 seconds
2017-03-05T23:01:51.645+0100: 4,071: Total time for which application threads were stopped: 0,0001505 seconds, Stopping threads took: 0,0000399 seconds
2017-03-05T23:01:51.695+0100: 4,121: Total time for which application threads were stopped: 0,0001349 seconds, Stopping threads took: 0,0000425 seconds
2017-03-05T23:01:51.699+0100: 4,125: Total time for which application threads were stopped: 0,0001281 seconds, Stopping threads took: 0,0000410 seconds
2017-03-05T23:01:51.700+0100: 4,126: Total time for which application threads were stopped: 0,0004266 seconds, Stopping threads took: 0,0000204 seconds
2017-03-05T23:01:51.701+0100: 4,127: Total time for which application threads were stopped: 0,0001025 seconds, Stopping threads took: 0,0000323 seconds
2017-03-05T23:01:51.702+0100: 4,128: Total time for which application threads were stopped: 0,0001295 seconds, Stopping threads took: 0,0000495 seconds
2017-03-05T23:01:51.702+0100: 4,128: Total time for which application threads were stopped: 0,0000812 seconds, Stopping threads took: 0,0000222 seconds
2017-03-05T23:01:51.702+0100: 4,128: Total time for which application threads were stopped: 0,0000875 seconds, Stopping threads took: 0,0000280 seconds
2017-03-05T23:01:51.711+0100: 4,137: Total time for which application threads were stopped: 0,0001611 seconds, Stopping threads took: 0,0000794 seconds
2017-03-05T23:01:51.716+0100: 4,142: Total time for which application threads were stopped: 0,0001347 seconds, Stopping threads took: 0,0000401 seconds
2017-03-05T23:01:51.717+0100: 4,143: Total time for which application threads were stopped: 0,0001154 seconds, Stopping threads took: 0,0000354 seconds
2017-03-05T23:01:51.718+0100: 4,144: Total time for which application threads were stopped: 0,0001178 seconds, Stopping threads took: 0,0000313 seconds
2017-03-05T23:01:51.718+0100: 4,144: Total time for which application threads were stopped: 0,0001126 seconds, Stopping threads took: 0,0000341 seconds
2017-03-05T23:01:51.720+0100: 4,146: Total time for which application threads were stopped: 0,0001479 seconds, Stopping threads took: 0,0000468 seconds
2017-03-05T23:01:51.723+0100: 4,149: Total time for which application threads were stopped: 0,0023435 seconds, Stopping threads took: 0,0022497 seconds
2017-03-05T23:01:51.723+0100: 4,149: Total time for which application threads were stopped: 0,0000838 seconds, Stopping threads took: 0,0000242 seconds
2017-03-05T23:01:51.723+0100: 4,149: Total time for which application threads were stopped: 0,0000847 seconds, Stopping threads took: 0,0000344 seconds
2017-03-05T23:01:51.723+0100: 4,149: Total time for which application threads were stopped: 0,0000645 seconds, Stopping threads took: 0,0000156 seconds
2017-03-05T23:01:51.723+0100: 4,150: Total time for which application threads were stopped: 0,0001382 seconds, Stopping threads took: 0,0000180 seconds
2017-03-05T23:01:51.724+0100: 4,150: Total time for which application threads were stopped: 0,0000918 seconds, Stopping threads took: 0,0000248 seconds
2017-03-05T23:01:51.724+0100: 4,150: Total time for which application threads were stopped: 0,0000564 seconds, Stopping threads took: 0,0000149 seconds
2017-03-05T23:01:51.724+0100: 4,150: Total time for which application threads were stopped: 0,0000597 seconds, Stopping threads took: 0,0000152 seconds
2017-03-05T23:01:51.724+0100: 4,150: Total time for which application threads were stopped: 0,0000792 seconds, Stopping threads took: 0,0000326 seconds
2017-03-05T23:01:51.724+0100: 4,151: Total time for which application threads were stopped: 0,0000613 seconds, Stopping threads took: 0,0000144 seconds
2017-03-05T23:01:51.725+0100: 4,151: Total time for which application threads were stopped: 0,0000721 seconds, Stopping threads took: 0,0000199 seconds
2017-03-05T23:01:51.725+0100: 4,151: Total time for which application threads were stopped: 0,0000577 seconds, Stopping threads took: 0,0000160 seconds
2017-03-05T23:01:51.725+0100: 4,151: Total time for which application threads were stopped: 0,0000636 seconds, Stopping threads took: 0,0000155 seconds
2017-03-05T23:01:51.725+0100: 4,151: Total time for which application threads were stopped: 0,0000543 seconds, Stopping threads took: 0,0000180 seconds
2017-03-05T23:01:51.725+0100: 4,151: Total time for which application threads were stopped: 0,0000552 seconds, Stopping threads took: 0,0000181 seconds
2017-03-05T23:01:51.725+0100: 4,151: Total time for which application threads were stopped: 0,0000669 seconds, Stopping threads took: 0,0000165 seconds
2017-03-05T23:01:51.726+0100: 4,152: Total time for which application threads were stopped: 0,0000694 seconds, Stopping threads took: 0,0000266 seconds
2017-03-05T23:01:51.726+0100: 4,152: Total time for which application threads were stopped: 0,0000595 seconds, Stopping threads took: 0,0000214 seconds
2017-03-05T23:01:51.726+0100: 4,152: Total time for which application threads were stopped: 0,0000471 seconds, Stopping threads took: 0,0000158 seconds
2017-03-05T23:01:51.726+0100: 4,152: Total time for which application threads were stopped: 0,0000589 seconds, Stopping threads took: 0,0000144 seconds
2017-03-05T23:01:51.726+0100: 4,152: Total time for which application threads were stopped: 0,0000642 seconds, Stopping threads took: 0,0000173 seconds
2017-03-05T23:01:51.726+0100: 4,152: Total time for which application threads were stopped: 0,0000511 seconds, Stopping threads took: 0,0000151 seconds
2017-03-05T23:01:51.726+0100: 4,152: Total time for which application threads were stopped: 0,0000604 seconds, Stopping threads took: 0,0000174 seconds
2017-03-05T23:01:51.726+0100: 4,153: Total time for which application threads were stopped: 0,0000585 seconds, Stopping threads took: 0,0000154 seconds
2017-03-05T23:01:51.727+0100: 4,153: Total time for which application threads were stopped: 0,0001637 seconds, Stopping threads took: 0,0000202 seconds
2017-03-05T23:01:51.731+0100: 4,157: Total time for which application threads were stopped: 0,0001342 seconds, Stopping threads took: 0,0000478 seconds
2017-03-05T23:01:51.743+0100: 4,169: Total time for which application threads were stopped: 0,0033487 seconds, Stopping threads took: 0,0032559 seconds
2017-03-05T23:01:51.743+0100: 4,169: Total time for which application threads were stopped: 0,0001418 seconds, Stopping threads took: 0,0000372 seconds
2017-03-05T23:01:51.788+0100: 4,214: Total time for which application threads were stopped: 0,0001882 seconds, Stopping threads took: 0,0000687 seconds
2017-03-05T23:01:51.807+0100: 4,233: Total time for which application threads were stopped: 0,0001166 seconds, Stopping threads took: 0,0000344 seconds
2017-03-05T23:01:51.808+0100: 4,234: Total time for which application threads were stopped: 0,0004208 seconds, Stopping threads took: 0,0000224 seconds
2017-03-05T23:01:51.811+0100: 4,237: Total time for which application threads were stopped: 0,0003631 seconds, Stopping threads took: 0,0002424 seconds
2017-03-05T23:01:51.814+0100: 4,240: Total time for which application threads were stopped: 0,0001124 seconds, Stopping threads took: 0,0000328 seconds
2017-03-05T23:01:52.814+0100: 5,240: Total time for which application threads were stopped: 0,0000731 seconds, Stopping threads took: 0,0000176 seconds
2017-03-05T23:01:53.814+0100: 6,240: Total time for which application threads were stopped: 0,0000679 seconds, Stopping threads took: 0,0000166 seconds
2017-03-05T23:02:03.816+0100: 16,242: Total time for which application threads were stopped: 0,0001136 seconds, Stopping threads took: 0,0000245 seconds
2017-03-05T23:02:08.816+0100: 21,242: Total time for which application threads were stopped: 0,0000671 seconds, Stopping threads took: 0,0000214 seconds
2017-03-05T23:02:18.817+0100: 31,244: Total time for which application threads were stopped: 0,0000851 seconds, Stopping threads took: 0,0000241 seconds
2017-03-05T23:03:48.827+0100: 121,253: Total time for which application threads were stopped: 0,0001599 seconds, Stopping threads took: 0,0000764 seconds
2017-03-05T23:03:53.828+0100: 126,254: Total time for which application threads were stopped: 0,0000988 seconds, Stopping threads took: 0,0000328 seconds
{Heap before GC invocations=9 (full 1):
 par new generation   total 109248K, used 95916K [0x00000000e0000000, 0x00000000e8000000, 0x00000000e8000000)
  eden space 87424K, 100% used [0x00000000e0000000, 0x00000000e5560000, 0x00000000e5560000)
  from space 21824K,  38% used [0x00000000e6ab0000, 0x00000000e72fb188, 0x00000000e8000000)
  to   space 21824K,   0% used [0x00000000e5560000, 0x00000000e5560000, 0x00000000e6ab0000)
 concurrent mark-sweep generation total 393216K, used 6043K [0x00000000e8000000, 0x0000000100000000, 0x0000000100000000)
 Metaspace       used 27988K, capacity 28490K, committed 28796K, reserved 1075200K
  class space    used 3211K, capacity 3386K, committed 3452K, reserved 1048576K
2017-03-05T23:04:43.061+0100: 175,487: [GC (Allocation Failure) 2017-03-05T23:04:43.061+0100: 175,487: [ParNew
Desired survivor size 20112992 bytes, new threshold 8 (max 8)
- age   1:   10826440 bytes,   10826440 total
- age   2:     217680 bytes,   11044120 total
- age   3:     231032 bytes,   11275152 total
- age   4:    1693008 bytes,   12968160 total
- age   5:      47952 bytes,   13016112 total
- age   7:     104728 bytes,   13120840 total
- age   8:     184424 bytes,   13305264 total
: 95916K->13777K(109248K), 0,0361059 secs] 101960K->20655K(502464K), 0,0361847 secs] [Times: user=0,07 sys=0,01, real=0,04 secs] 
