OpenJDK 64-Bit Server VM (25.121-b13) for linux-amd64 JRE (1.8.0_121-8u121-b13-0ubuntu1.16.04.2-b13), built on Jan 23 2017 15:51:29 by "buildd" with gcc 5.4.0 20160609
Memory: 4k page, physical 7867764k(7410140k free), swap 8076284k(8076284k free)
CommandLine flags: -XX:CMSInitiatingOccupancyFraction=50 -XX:CMSMaxAbortablePrecleanTime=6000 -XX:+CMSParallelRemarkEnabled -XX:+CMSScavengeBeforeRemark -XX:ConcGCThreads=4 -XX:InitialHeapSize=536870912 -XX:MaxHeapSize=536870912 -XX:MaxTenuringThreshold=8 -XX:NewRatio=3 -XX:OldPLABSize=16 -XX:OnOutOfMemoryError=/opt/solr/bin/oom_solr.sh 8983 /var/solr/logs -XX:ParallelGCThreads=4 -XX:+ParallelRefProcEnabled -XX:PretenureSizeThreshold=67108864 -XX:+PrintGC -XX:+PrintGCApplicationStoppedTime -XX:+PrintGCDateStamps -XX:+PrintGCDetails -XX:+PrintGCTimeStamps -XX:+PrintHeapAtGC -XX:+PrintTenuringDistribution -XX:SurvivorRatio=4 -XX:TargetSurvivorRatio=90 -XX:ThreadStackSize=256 -XX:+UseCMSInitiatingOccupancyOnly -XX:+UseCompressedClassPointers -XX:+UseCompressedOops -XX:+UseConcMarkSweepGC -XX:+UseParNewGC 
2017-04-26T14:28:42.844+0200: 0,149: Total time for which application threads were stopped: 0,0000740 seconds, Stopping threads took: 0,0000107 seconds
2017-04-26T14:28:42.943+0200: 0,248: Total time for which application threads were stopped: 0,0008177 seconds, Stopping threads took: 0,0001706 seconds
2017-04-26T14:28:42.965+0200: 0,270: Total time for which application threads were stopped: 0,0001119 seconds, Stopping threads took: 0,0000199 seconds
2017-04-26T14:28:43.397+0200: 0,702: Total time for which application threads were stopped: 0,0001603 seconds, Stopping threads took: 0,0000206 seconds
2017-04-26T14:28:43.781+0200: 1,087: Total time for which application threads were stopped: 0,0001188 seconds, Stopping threads took: 0,0000183 seconds
2017-04-26T14:28:43.843+0200: 1,148: Total time for which application threads were stopped: 0,0001616 seconds, Stopping threads took: 0,0000288 seconds
2017-04-26T14:28:43.866+0200: 1,171: Total time for which application threads were stopped: 0,0001539 seconds, Stopping threads took: 0,0000181 seconds
2017-04-26T14:28:44.135+0200: 1,440: Total time for which application threads were stopped: 0,0001622 seconds, Stopping threads took: 0,0000200 seconds
2017-04-26T14:28:44.371+0200: 1,677: Total time for which application threads were stopped: 0,0002009 seconds, Stopping threads took: 0,0000171 seconds
2017-04-26T14:28:44.391+0200: 1,696: Total time for which application threads were stopped: 0,0001923 seconds, Stopping threads took: 0,0000263 seconds
2017-04-26T14:28:44.417+0200: 1,722: Total time for which application threads were stopped: 0,0002117 seconds, Stopping threads took: 0,0000185 seconds
2017-04-26T14:28:44.418+0200: 1,723: Total time for which application threads were stopped: 0,0001793 seconds, Stopping threads took: 0,0000230 seconds
2017-04-26T14:28:44.431+0200: 1,736: Total time for which application threads were stopped: 0,0001723 seconds, Stopping threads took: 0,0000250 seconds
2017-04-26T14:28:44.510+0200: 1,815: Total time for which application threads were stopped: 0,0002430 seconds, Stopping threads took: 0,0000266 seconds
2017-04-26T14:28:44.667+0200: 1,972: Total time for which application threads were stopped: 0,0002739 seconds, Stopping threads took: 0,0000504 seconds
{Heap before GC invocations=0 (full 0):
 par new generation   total 109248K, used 87424K [0x00000000e0000000, 0x00000000e8000000, 0x00000000e8000000)
  eden space 87424K, 100% used [0x00000000e0000000, 0x00000000e5560000, 0x00000000e5560000)
  from space 21824K,   0% used [0x00000000e5560000, 0x00000000e5560000, 0x00000000e6ab0000)
  to   space 21824K,   0% used [0x00000000e6ab0000, 0x00000000e6ab0000, 0x00000000e8000000)
 concurrent mark-sweep generation total 393216K, used 0K [0x00000000e8000000, 0x0000000100000000, 0x0000000100000000)
 Metaspace       used 17981K, capacity 18336K, committed 18688K, reserved 1064960K
  class space    used 2034K, capacity 2196K, committed 2304K, reserved 1048576K
2017-04-26T14:28:44.743+0200: 2,048: [GC (Allocation Failure) 2017-04-26T14:28:44.743+0200: 2,048: [ParNew
Desired survivor size 20112992 bytes, new threshold 8 (max 8)
- age   1:   12359464 bytes,   12359464 total
: 87424K->12184K(109248K), 0,0154245 secs] 87424K->12184K(502464K), 0,0155042 secs] [Times: user=0,03 sys=0,01, real=0,01 secs] 
Heap after GC invocations=1 (full 0):
 par new generation   total 109248K, used 12184K [0x00000000e0000000, 0x00000000e8000000, 0x00000000e8000000)
  eden space 87424K,   0% used [0x00000000e0000000, 0x00000000e0000000, 0x00000000e5560000)
  from space 21824K,  55% used [0x00000000e6ab0000, 0x00000000e7696040, 0x00000000e8000000)
  to   space 21824K,   0% used [0x00000000e5560000, 0x00000000e5560000, 0x00000000e6ab0000)
 concurrent mark-sweep generation total 393216K, used 0K [0x00000000e8000000, 0x0000000100000000, 0x0000000100000000)
 Metaspace       used 17981K, capacity 18336K, committed 18688K, reserved 1064960K
  class space    used 2034K, capacity 2196K, committed 2304K, reserved 1048576K
}
2017-04-26T14:28:44.758+0200: 2,063: Total time for which application threads were stopped: 0,0158300 seconds, Stopping threads took: 0,0000993 seconds
2017-04-26T14:28:45.074+0200: 2,379: Total time for which application threads were stopped: 0,0003280 seconds, Stopping threads took: 0,0000591 seconds
{Heap before GC invocations=1 (full 0):
 par new generation   total 109248K, used 99608K [0x00000000e0000000, 0x00000000e8000000, 0x00000000e8000000)
  eden space 87424K, 100% used [0x00000000e0000000, 0x00000000e5560000, 0x00000000e5560000)
  from space 21824K,  55% used [0x00000000e6ab0000, 0x00000000e7696040, 0x00000000e8000000)
  to   space 21824K,   0% used [0x00000000e5560000, 0x00000000e5560000, 0x00000000e6ab0000)
 concurrent mark-sweep generation total 393216K, used 0K [0x00000000e8000000, 0x0000000100000000, 0x0000000100000000)
 Metaspace       used 20022K, capacity 20356K, committed 20736K, reserved 1067008K
  class space    used 2292K, capacity 2466K, committed 2560K, reserved 1048576K
2017-04-26T14:28:45.099+0200: 2,404: [GC (Allocation Failure) 2017-04-26T14:28:45.099+0200: 2,405: [ParNew
Desired survivor size 20112992 bytes, new threshold 8 (max 8)
- age   1:    3764488 bytes,    3764488 total
- age   2:    6595432 bytes,   10359920 total
: 99608K->13548K(109248K), 0,0101053 secs] 99608K->13548K(502464K), 0,0101749 secs] [Times: user=0,04 sys=0,00, real=0,00 secs] 
Heap after GC invocations=2 (full 0):
 par new generation   total 109248K, used 13548K [0x00000000e0000000, 0x00000000e8000000, 0x00000000e8000000)
  eden space 87424K,   0% used [0x00000000e0000000, 0x00000000e0000000, 0x00000000e5560000)
  from space 21824K,  62% used [0x00000000e5560000, 0x00000000e629b008, 0x00000000e6ab0000)
  to   space 21824K,   0% used [0x00000000e6ab0000, 0x00000000e6ab0000, 0x00000000e8000000)
 concurrent mark-sweep generation total 393216K, used 0K [0x00000000e8000000, 0x0000000100000000, 0x0000000100000000)
 Metaspace       used 20022K, capacity 20356K, committed 20736K, reserved 1067008K
  class space    used 2292K, capacity 2466K, committed 2560K, reserved 1048576K
}
2017-04-26T14:28:45.110+0200: 2,415: Total time for which application threads were stopped: 0,0104131 seconds, Stopping threads took: 0,0000880 seconds
2017-04-26T14:28:45.127+0200: 2,432: Total time for which application threads were stopped: 0,0003512 seconds, Stopping threads took: 0,0000557 seconds
2017-04-26T14:28:45.158+0200: 2,464: Total time for which application threads were stopped: 0,0003607 seconds, Stopping threads took: 0,0000450 seconds
2017-04-26T14:28:45.298+0200: 2,603: Total time for which application threads were stopped: 0,0001722 seconds, Stopping threads took: 0,0000310 seconds
{Heap before GC invocations=2 (full 0):
 par new generation   total 109248K, used 100972K [0x00000000e0000000, 0x00000000e8000000, 0x00000000e8000000)
  eden space 87424K, 100% used [0x00000000e0000000, 0x00000000e5560000, 0x00000000e5560000)
  from space 21824K,  62% used [0x00000000e5560000, 0x00000000e629b008, 0x00000000e6ab0000)
  to   space 21824K,   0% used [0x00000000e6ab0000, 0x00000000e6ab0000, 0x00000000e8000000)
 concurrent mark-sweep generation total 393216K, used 0K [0x00000000e8000000, 0x0000000100000000, 0x0000000100000000)
 Metaspace       used 20929K, capacity 21278K, committed 21628K, reserved 1069056K
  class space    used 2415K, capacity 2585K, committed 2684K, reserved 1048576K
2017-04-26T14:28:45.330+0200: 2,635: [GC (Allocation Failure) 2017-04-26T14:28:45.330+0200: 2,635: [ParNew
Desired survivor size 20112992 bytes, new threshold 8 (max 8)
- age   1:    2093208 bytes,    2093208 total
- age   2:     896576 bytes,    2989784 total
- age   3:    6591744 bytes,    9581528 total
: 100972K->11458K(109248K), 0,0094145 secs] 100972K->11458K(502464K), 0,0095015 secs] [Times: user=0,03 sys=0,00, real=0,02 secs] 
Heap after GC invocations=3 (full 0):
 par new generation   total 109248K, used 11458K [0x00000000e0000000, 0x00000000e8000000, 0x00000000e8000000)
  eden space 87424K,   0% used [0x00000000e0000000, 0x00000000e0000000, 0x00000000e5560000)
  from space 21824K,  52% used [0x00000000e6ab0000, 0x00000000e75e0ac0, 0x00000000e8000000)
  to   space 21824K,   0% used [0x00000000e5560000, 0x00000000e5560000, 0x00000000e6ab0000)
 concurrent mark-sweep generation total 393216K, used 0K [0x00000000e8000000, 0x0000000100000000, 0x0000000100000000)
 Metaspace       used 20929K, capacity 21278K, committed 21628K, reserved 1069056K
  class space    used 2415K, capacity 2585K, committed 2684K, reserved 1048576K
}
2017-04-26T14:28:45.339+0200: 2,645: Total time for which application threads were stopped: 0,0097140 seconds, Stopping threads took: 0,0000664 seconds
2017-04-26T14:28:45.340+0200: 2,645: [GC (CMS Initial Mark) [1 CMS-initial-mark: 0K(393216K)] 12197K(502464K), 0,0034417 secs] [Times: user=0,01 sys=0,00, real=0,00 secs] 
2017-04-26T14:28:45.343+0200: 2,648: Total time for which application threads were stopped: 0,0035843 seconds, Stopping threads took: 0,0000355 seconds
2017-04-26T14:28:45.343+0200: 2,648: [CMS-concurrent-mark-start]
2017-04-26T14:28:45.344+0200: 2,649: [CMS-concurrent-mark: 0,000/0,000 secs] [Times: user=0,00 sys=0,00, real=0,00 secs] 
2017-04-26T14:28:45.344+0200: 2,649: [CMS-concurrent-preclean-start]
2017-04-26T14:28:45.345+0200: 2,650: [CMS-concurrent-preclean: 0,001/0,001 secs] [Times: user=0,01 sys=0,00, real=0,00 secs] 
2017-04-26T14:28:45.345+0200: 2,650: [GC (CMS Final Remark) [YG occupancy: 13656 K (109248 K)]{Heap before GC invocations=3 (full 1):
 par new generation   total 109248K, used 13656K [0x00000000e0000000, 0x00000000e8000000, 0x00000000e8000000)
  eden space 87424K,   2% used [0x00000000e0000000, 0x00000000e0225658, 0x00000000e5560000)
  from space 21824K,  52% used [0x00000000e6ab0000, 0x00000000e75e0ac0, 0x00000000e8000000)
  to   space 21824K,   0% used [0x00000000e5560000, 0x00000000e5560000, 0x00000000e6ab0000)
 concurrent mark-sweep generation total 393216K, used 0K [0x00000000e8000000, 0x0000000100000000, 0x0000000100000000)
 Metaspace       used 20929K, capacity 21278K, committed 21628K, reserved 1069056K
  class space    used 2415K, capacity 2585K, committed 2684K, reserved 1048576K
2017-04-26T14:28:45.345+0200: 2,650: [GC (CMS Final Remark) 2017-04-26T14:28:45.345+0200: 2,650: [ParNew
Desired survivor size 20112992 bytes, new threshold 8 (max 8)
- age   1:     305480 bytes,     305480 total
- age   2:    1976776 bytes,    2282256 total
- age   3:     896552 bytes,    3178808 total
- age   4:    6591744 bytes,    9770552 total
: 13656K->10562K(109248K), 0,0131590 secs] 13656K->10562K(502464K), 0,0132108 secs] [Times: user=0,04 sys=0,00, real=0,02 secs] 
Heap after GC invocations=4 (full 1):
 par new generation   total 109248K, used 10562K [0x00000000e0000000, 0x00000000e8000000, 0x00000000e8000000)
  eden space 87424K,   0% used [0x00000000e0000000, 0x00000000e0000000, 0x00000000e5560000)
  from space 21824K,  48% used [0x00000000e5560000, 0x00000000e5fb0a28, 0x00000000e6ab0000)
  to   space 21824K,   0% used [0x00000000e6ab0000, 0x00000000e6ab0000, 0x00000000e8000000)
 concurrent mark-sweep generation total 393216K, used 0K [0x00000000e8000000, 0x0000000100000000, 0x0000000100000000)
 Metaspace       used 20929K, capacity 21278K, committed 21628K, reserved 1069056K
  class space    used 2415K, capacity 2585K, committed 2684K, reserved 1048576K
}
2017-04-26T14:28:45.358+0200: 2,663: [Rescan (parallel) , 0,0067022 secs]2017-04-26T14:28:45.365+0200: 2,670: [weak refs processing, 0,0017952 secs]2017-04-26T14:28:45.367+0200: 2,672: [class unloading, 0,0037497 secs]2017-04-26T14:28:45.371+0200: 2,676: [scrub symbol table, 0,0037813 secs]2017-04-26T14:28:45.374+0200: 2,680: [scrub string table, 0,0004628 secs][1 CMS-remark: 0K(393216K)] 10562K(502464K), 0,0305863 secs] [Times: user=0,09 sys=0,00, real=0,03 secs] 
2017-04-26T14:28:45.376+0200: 2,681: Total time for which application threads were stopped: 0,0307553 seconds, Stopping threads took: 0,0000712 seconds
2017-04-26T14:28:45.376+0200: 2,681: [CMS-concurrent-sweep-start]
2017-04-26T14:28:45.376+0200: 2,681: [CMS-concurrent-sweep: 0,000/0,000 secs] [Times: user=0,00 sys=0,00, real=0,00 secs] 
2017-04-26T14:28:45.376+0200: 2,681: [CMS-concurrent-reset-start]
2017-04-26T14:28:45.378+0200: 2,683: [CMS-concurrent-reset: 0,002/0,002 secs] [Times: user=0,00 sys=0,00, real=0,00 secs] 
{Heap before GC invocations=4 (full 1):
 par new generation   total 109248K, used 97986K [0x00000000e0000000, 0x00000000e8000000, 0x00000000e8000000)
  eden space 87424K, 100% used [0x00000000e0000000, 0x00000000e5560000, 0x00000000e5560000)
  from space 21824K,  48% used [0x00000000e5560000, 0x00000000e5fb0a28, 0x00000000e6ab0000)
  to   space 21824K,   0% used [0x00000000e6ab0000, 0x00000000e6ab0000, 0x00000000e8000000)
 concurrent mark-sweep generation total 393216K, used 0K [0x00000000e8000000, 0x0000000100000000, 0x0000000100000000)
 Metaspace       used 21181K, capacity 21560K, committed 21884K, reserved 1069056K
  class space    used 2445K, capacity 2601K, committed 2684K, reserved 1048576K
2017-04-26T14:28:45.482+0200: 2,787: [GC (Allocation Failure) 2017-04-26T14:28:45.482+0200: 2,787: [ParNew
Desired survivor size 20112992 bytes, new threshold 8 (max 8)
- age   1:     595856 bytes,     595856 total
- age   3:    1471224 bytes,    2067080 total
- age   4:     863208 bytes,    2930288 total
- age   5:    6591840 bytes,    9522128 total
: 97986K->13903K(109248K), 0,0119151 secs] 97986K->13903K(502464K), 0,0119868 secs] [Times: user=0,04 sys=0,00, real=0,01 secs] 
Heap after GC invocations=5 (full 1):
 par new generation   total 109248K, used 13903K [0x00000000e0000000, 0x00000000e8000000, 0x00000000e8000000)
  eden space 87424K,   0% used [0x00000000e0000000, 0x00000000e0000000, 0x00000000e5560000)
  from space 21824K,  63% used [0x00000000e6ab0000, 0x00000000e7843c20, 0x00000000e8000000)
  to   space 21824K,   0% used [0x00000000e5560000, 0x00000000e5560000, 0x00000000e6ab0000)
 concurrent mark-sweep generation total 393216K, used 0K [0x00000000e8000000, 0x0000000100000000, 0x0000000100000000)
 Metaspace       used 21181K, capacity 21560K, committed 21884K, reserved 1069056K
  class space    used 2445K, capacity 2601K, committed 2684K, reserved 1048576K
}
2017-04-26T14:28:45.494+0200: 2,799: Total time for which application threads were stopped: 0,0122320 seconds, Stopping threads took: 0,0001018 seconds
{Heap before GC invocations=5 (full 1):
 par new generation   total 109248K, used 101327K [0x00000000e0000000, 0x00000000e8000000, 0x00000000e8000000)
  eden space 87424K, 100% used [0x00000000e0000000, 0x00000000e5560000, 0x00000000e5560000)
  from space 21824K,  63% used [0x00000000e6ab0000, 0x00000000e7843c20, 0x00000000e8000000)
  to   space 21824K,   0% used [0x00000000e5560000, 0x00000000e5560000, 0x00000000e6ab0000)
 concurrent mark-sweep generation total 393216K, used 0K [0x00000000e8000000, 0x0000000100000000, 0x0000000100000000)
 Metaspace       used 21337K, capacity 21726K, committed 21884K, reserved 1069056K
  class space    used 2463K, capacity 2634K, committed 2684K, reserved 1048576K
2017-04-26T14:28:45.582+0200: 2,888: [GC (Allocation Failure) 2017-04-26T14:28:45.582+0200: 2,888: [ParNew
Desired survivor size 20112992 bytes, new threshold 8 (max 8)
- age   1:     998928 bytes,     998928 total
- age   2:     183600 bytes,    1182528 total
- age   4:    1471128 bytes,    2653656 total
- age   5:     861192 bytes,    3514848 total
- age   6:    6591760 bytes,   10106608 total
: 101327K->11608K(109248K), 0,0097099 secs] 101327K->11608K(502464K), 0,0097868 secs] [Times: user=0,04 sys=0,00, real=0,01 secs] 
Heap after GC invocations=6 (full 1):
 par new generation   total 109248K, used 11608K [0x00000000e0000000, 0x00000000e8000000, 0x00000000e8000000)
  eden space 87424K,   0% used [0x00000000e0000000, 0x00000000e0000000, 0x00000000e5560000)
  from space 21824K,  53% used [0x00000000e5560000, 0x00000000e60b61c0, 0x00000000e6ab0000)
  to   space 21824K,   0% used [0x00000000e6ab0000, 0x00000000e6ab0000, 0x00000000e8000000)
 concurrent mark-sweep generation total 393216K, used 0K [0x00000000e8000000, 0x0000000100000000, 0x0000000100000000)
 Metaspace       used 21337K, capacity 21726K, committed 21884K, reserved 1069056K
  class space    used 2463K, capacity 2634K, committed 2684K, reserved 1048576K
}
2017-04-26T14:28:45.592+0200: 2,897: Total time for which application threads were stopped: 0,0099443 seconds, Stopping threads took: 0,0000203 seconds
2017-04-26T14:28:45.630+0200: 2,935: Total time for which application threads were stopped: 0,0002938 seconds, Stopping threads took: 0,0000178 seconds
2017-04-26T14:28:45.883+0200: 3,188: Total time for which application threads were stopped: 0,0004535 seconds, Stopping threads took: 0,0000428 seconds
2017-04-26T14:28:45.897+0200: 3,202: Total time for which application threads were stopped: 0,0004833 seconds, Stopping threads took: 0,0000501 seconds
{Heap before GC invocations=6 (full 1):
 par new generation   total 109248K, used 99032K [0x00000000e0000000, 0x00000000e8000000, 0x00000000e8000000)
  eden space 87424K, 100% used [0x00000000e0000000, 0x00000000e5560000, 0x00000000e5560000)
  from space 21824K,  53% used [0x00000000e5560000, 0x00000000e60b61c0, 0x00000000e6ab0000)
  to   space 21824K,   0% used [0x00000000e6ab0000, 0x00000000e6ab0000, 0x00000000e8000000)
 concurrent mark-sweep generation total 393216K, used 0K [0x00000000e8000000, 0x0000000100000000, 0x0000000100000000)
 Metaspace       used 23925K, capacity 24390K, committed 24572K, reserved 1071104K
  class space    used 2827K, capacity 3010K, committed 3068K, reserved 1048576K
2017-04-26T14:28:46.054+0200: 3,359: [GC (Allocation Failure) 2017-04-26T14:28:46.054+0200: 3,359: [ParNew
Desired survivor size 20112992 bytes, new threshold 8 (max 8)
- age   1:    5361768 bytes,    5361768 total
- age   2:     114536 bytes,    5476304 total
- age   3:     182096 bytes,    5658400 total
- age   5:     301344 bytes,    5959744 total
- age   6:     836840 bytes,    6796584 total
- age   7:    6583608 bytes,   13380192 total
: 99032K->17706K(109248K), 0,0118479 secs] 99032K->17706K(502464K), 0,0119187 secs] [Times: user=0,04 sys=0,00, real=0,01 secs] 
Heap after GC invocations=7 (full 1):
 par new generation   total 109248K, used 17706K [0x00000000e0000000, 0x00000000e8000000, 0x00000000e8000000)
  eden space 87424K,   0% used [0x00000000e0000000, 0x00000000e0000000, 0x00000000e5560000)
  from space 21824K,  81% used [0x00000000e6ab0000, 0x00000000e7bfab00, 0x00000000e8000000)
  to   space 21824K,   0% used [0x00000000e5560000, 0x00000000e5560000, 0x00000000e6ab0000)
 concurrent mark-sweep generation total 393216K, used 0K [0x00000000e8000000, 0x0000000100000000, 0x0000000100000000)
 Metaspace       used 23925K, capacity 24390K, committed 24572K, reserved 1071104K
  class space    used 2827K, capacity 3010K, committed 3068K, reserved 1048576K
}
2017-04-26T14:28:46.066+0200: 3,371: Total time for which application threads were stopped: 0,0122152 seconds, Stopping threads took: 0,0000880 seconds
{Heap before GC invocations=7 (full 1):
 par new generation   total 109248K, used 105130K [0x00000000e0000000, 0x00000000e8000000, 0x00000000e8000000)
  eden space 87424K, 100% used [0x00000000e0000000, 0x00000000e5560000, 0x00000000e5560000)
  from space 21824K,  81% used [0x00000000e6ab0000, 0x00000000e7bfab00, 0x00000000e8000000)
  to   space 21824K,   0% used [0x00000000e5560000, 0x00000000e5560000, 0x00000000e6ab0000)
 concurrent mark-sweep generation total 393216K, used 0K [0x00000000e8000000, 0x0000000100000000, 0x0000000100000000)
 Metaspace       used 24403K, capacity 24828K, committed 25084K, reserved 1071104K
  class space    used 2860K, capacity 3046K, committed 3068K, reserved 1048576K
2017-04-26T14:28:46.151+0200: 3,456: [GC (Allocation Failure) 2017-04-26T14:28:46.151+0200: 3,456: [ParNew
Desired survivor size 20112992 bytes, new threshold 8 (max 8)
- age   1:    1750088 bytes,    1750088 total
- age   2:    1808512 bytes,    3558600 total
- age   3:      53424 bytes,    3612024 total
- age   4:     109424 bytes,    3721448 total
- age   6:     188992 bytes,    3910440 total
- age   7:     776280 bytes,    4686720 total
- age   8:    6084336 bytes,   10771056 total
: 105130K->16004K(109248K), 0,0142656 secs] 105130K->16004K(502464K), 0,0143596 secs] [Times: user=0,04 sys=0,01, real=0,01 secs] 
Heap after GC invocations=8 (full 1):
 par new generation   total 109248K, used 16004K [0x00000000e0000000, 0x00000000e8000000, 0x00000000e8000000)
  eden space 87424K,   0% used [0x00000000e0000000, 0x00000000e0000000, 0x00000000e5560000)
  from space 21824K,  73% used [0x00000000e5560000, 0x00000000e6501268, 0x00000000e6ab0000)
  to   space 21824K,   0% used [0x00000000e6ab0000, 0x00000000e6ab0000, 0x00000000e8000000)
 concurrent mark-sweep generation total 393216K, used 0K [0x00000000e8000000, 0x0000000100000000, 0x0000000100000000)
 Metaspace       used 24403K, capacity 24828K, committed 25084K, reserved 1071104K
  class space    used 2860K, capacity 3046K, committed 3068K, reserved 1048576K
}
2017-04-26T14:28:46.165+0200: 3,470: Total time for which application threads were stopped: 0,0146846 seconds, Stopping threads took: 0,0001248 seconds
{Heap before GC invocations=8 (full 1):
 par new generation   total 109248K, used 103428K [0x00000000e0000000, 0x00000000e8000000, 0x00000000e8000000)
  eden space 87424K, 100% used [0x00000000e0000000, 0x00000000e5560000, 0x00000000e5560000)
  from space 21824K,  73% used [0x00000000e5560000, 0x00000000e6501268, 0x00000000e6ab0000)
  to   space 21824K,   0% used [0x00000000e6ab0000, 0x00000000e6ab0000, 0x00000000e8000000)
 concurrent mark-sweep generation total 393216K, used 0K [0x00000000e8000000, 0x0000000100000000, 0x0000000100000000)
 Metaspace       used 24754K, capacity 25254K, committed 25468K, reserved 1071104K
  class space    used 2893K, capacity 3080K, committed 3196K, reserved 1048576K
2017-04-26T14:28:46.256+0200: 3,561: [GC (Allocation Failure) 2017-04-26T14:28:46.256+0200: 3,561: [ParNew
Desired survivor size 20112992 bytes, new threshold 8 (max 8)
- age   1:     837848 bytes,     837848 total
- age   2:     602856 bytes,    1440704 total
- age   3:    1786192 bytes,    3226896 total
- age   4:      53424 bytes,    3280320 total
- age   5:     109328 bytes,    3389648 total
- age   7:     186224 bytes,    3575872 total
- age   8:     775512 bytes,    4351384 total
: 103428K->5509K(109248K), 0,0296905 secs] 103428K->11533K(502464K), 0,0297574 secs] [Times: user=0,10 sys=0,00, real=0,03 secs] 
Heap after GC invocations=9 (full 1):
 par new generation   total 109248K, used 5509K [0x00000000e0000000, 0x00000000e8000000, 0x00000000e8000000)
  eden space 87424K,   0% used [0x00000000e0000000, 0x00000000e0000000, 0x00000000e5560000)
  from space 21824K,  25% used [0x00000000e6ab0000, 0x00000000e7011788, 0x00000000e8000000)
  to   space 21824K,   0% used [0x00000000e5560000, 0x00000000e5560000, 0x00000000e6ab0000)
 concurrent mark-sweep generation total 393216K, used 6024K [0x00000000e8000000, 0x0000000100000000, 0x0000000100000000)
 Metaspace       used 24754K, capacity 25254K, committed 25468K, reserved 1071104K
  class space    used 2893K, capacity 3080K, committed 3196K, reserved 1048576K
}
2017-04-26T14:28:46.286+0200: 3,591: Total time for which application threads were stopped: 0,0304029 seconds, Stopping threads took: 0,0004516 seconds
2017-04-26T14:28:46.590+0200: 3,895: Total time for which application threads were stopped: 0,0004911 seconds, Stopping threads took: 0,0000870 seconds
2017-04-26T14:28:46.609+0200: 3,914: Total time for which application threads were stopped: 0,0004264 seconds, Stopping threads took: 0,0000254 seconds
2017-04-26T14:28:46.673+0200: 3,978: Total time for which application threads were stopped: 0,0004573 seconds, Stopping threads took: 0,0000431 seconds
2017-04-26T14:28:46.747+0200: 4,052: Total time for which application threads were stopped: 0,0053496 seconds, Stopping threads took: 0,0048807 seconds
2017-04-26T14:28:46.771+0200: 4,076: Total time for which application threads were stopped: 0,0001538 seconds, Stopping threads took: 0,0000770 seconds
2017-04-26T14:28:46.771+0200: 4,076: Total time for which application threads were stopped: 0,0000730 seconds, Stopping threads took: 0,0000284 seconds
2017-04-26T14:28:46.791+0200: 4,096: Total time for which application threads were stopped: 0,0001473 seconds, Stopping threads took: 0,0000525 seconds
2017-04-26T14:28:46.791+0200: 4,096: Total time for which application threads were stopped: 0,0001236 seconds, Stopping threads took: 0,0000248 seconds
2017-04-26T14:28:46.792+0200: 4,097: Total time for which application threads were stopped: 0,0004656 seconds, Stopping threads took: 0,0000155 seconds
2017-04-26T14:28:46.792+0200: 4,097: Total time for which application threads were stopped: 0,0001027 seconds, Stopping threads took: 0,0000352 seconds
2017-04-26T14:28:46.792+0200: 4,097: Total time for which application threads were stopped: 0,0001040 seconds, Stopping threads took: 0,0000287 seconds
2017-04-26T14:28:46.798+0200: 4,104: Total time for which application threads were stopped: 0,0041266 seconds, Stopping threads took: 0,0040082 seconds
2017-04-26T14:28:46.800+0200: 4,105: Total time for which application threads were stopped: 0,0001349 seconds, Stopping threads took: 0,0000356 seconds
2017-04-26T14:28:46.805+0200: 4,110: Total time for which application threads were stopped: 0,0001432 seconds, Stopping threads took: 0,0000435 seconds
2017-04-26T14:28:46.807+0200: 4,113: Total time for which application threads were stopped: 0,0001238 seconds, Stopping threads took: 0,0000304 seconds
2017-04-26T14:28:46.808+0200: 4,113: Total time for which application threads were stopped: 0,0000984 seconds, Stopping threads took: 0,0000270 seconds
2017-04-26T14:28:46.821+0200: 4,126: Total time for which application threads were stopped: 0,0001740 seconds, Stopping threads took: 0,0000511 seconds
2017-04-26T14:28:46.822+0200: 4,127: Total time for which application threads were stopped: 0,0001092 seconds, Stopping threads took: 0,0000397 seconds
2017-04-26T14:28:46.822+0200: 4,127: Total time for which application threads were stopped: 0,0001349 seconds, Stopping threads took: 0,0000580 seconds
2017-04-26T14:28:46.828+0200: 4,133: Total time for which application threads were stopped: 0,0001452 seconds, Stopping threads took: 0,0000596 seconds
2017-04-26T14:28:46.829+0200: 4,134: Total time for which application threads were stopped: 0,0000783 seconds, Stopping threads took: 0,0000190 seconds
2017-04-26T14:28:46.830+0200: 4,135: Total time for which application threads were stopped: 0,0000809 seconds, Stopping threads took: 0,0000210 seconds
2017-04-26T14:30:41.306+0200: 117,149: Total time for which application threads were stopped: 0,0000787 seconds, Stopping threads took: 0,0000320 seconds
2017-04-26T14:30:46.307+0200: 122,149: Total time for which application threads were stopped: 0,0000613 seconds, Stopping threads took: 0,0000164 seconds
{Heap before GC invocations=9 (full 1):
 par new generation   total 109248K, used 92933K [0x00000000e0000000, 0x00000000e8000000, 0x00000000e8000000)
  eden space 87424K, 100% used [0x00000000e0000000, 0x00000000e5560000, 0x00000000e5560000)
  from space 21824K,  25% used [0x00000000e6ab0000, 0x00000000e7011788, 0x00000000e8000000)
  to   space 21824K,   0% used [0x00000000e5560000, 0x00000000e5560000, 0x00000000e6ab0000)
 concurrent mark-sweep generation total 393216K, used 6024K [0x00000000e8000000, 0x0000000100000000, 0x0000000100000000)
 Metaspace       used 27976K, capacity 28490K, committed 28796K, reserved 1075200K
  class space    used 3210K, capacity 3386K, committed 3452K, reserved 1048576K
2017-04-26T14:31:40.258+0200: 176,101: [GC (Allocation Failure) 2017-04-26T14:31:40.258+0200: 176,101: [ParNew
Desired survivor size 20112992 bytes, new threshold 8 (max 8)
- age   1:   10793488 bytes,   10793488 total
- age   2:     370192 bytes,   11163680 total
- age   3:     212400 bytes,   11376080 total
- age   4:    1780656 bytes,   13156736 total
- age   5:      53424 bytes,   13210160 total
- age   6:     106656 bytes,   13316816 total
- age   8:     185600 bytes,   13502416 total
: 92933K->13887K(109248K), 0,0242885 secs] 98957K->20764K(502464K), 0,0244108 secs] [Times: user=0,09 sys=0,00, real=0,03 secs] 
Heap after GC invocations=10 (full 1):
 par new generation   total 109248K, used 13887K [0x00000000e0000000, 0x00000000e8000000, 0x00000000e8000000)
  eden space 87424K,   0% used [0x00000000e0000000, 0x00000000e0000000, 0x00000000e5560000)
  from space 21824K,  63% used [0x00000000e5560000, 0x00000000e62effa0, 0x00000000e6ab0000)
  to   space 21824K,   0% used [0x00000000e6ab0000, 0x00000000e6ab0000, 0x00000000e8000000)
 concurrent mark-sweep generation total 393216K, used 6876K [0x00000000e8000000, 0x0000000100000000, 0x0000000100000000)
 Metaspace       used 27976K, capacity 28490K, committed 28796K, reserved 1075200K
  class space    used 3210K, capacity 3386K, committed 3452K, reserved 1048576K
}
2017-04-26T14:31:40.283+0200: 176,125: Total time for which application threads were stopped: 0,0247168 seconds, Stopping threads took: 0,0001043 seconds
2017-04-26T14:52:15.452+0200: 1411,294: Total time for which application threads were stopped: 0,0001324 seconds, Stopping threads took: 0,0000511 seconds
2017-04-26T14:56:20.488+0200: 1656,331: Total time for which application threads were stopped: 0,0001638 seconds, Stopping threads took: 0,0000593 seconds
2017-04-27T00:45:46.142+0200: 2302,714: Total time for which application threads were stopped: 0,0001300 seconds, Stopping threads took: 0,0000509 seconds
2017-04-27T00:45:50.142+0200: 2306,715: Total time for which application threads were stopped: 0,0000772 seconds, Stopping threads took: 0,0000312 seconds
2017-04-27T01:04:41.302+0200: 3437,874: Total time for which application threads were stopped: 0,0001601 seconds, Stopping threads took: 0,0000581 seconds
2017-04-27T01:12:55.361+0200: 3931,933: Total time for which application threads were stopped: 0,0000815 seconds, Stopping threads took: 0,0000336 seconds
2017-04-27T01:13:05.363+0200: 3941,935: Total time for which application threads were stopped: 0,0003934 seconds, Stopping threads took: 0,0000933 seconds
2017-04-27T01:13:25.365+0200: 3961,938: Total time for which application threads were stopped: 0,0000766 seconds, Stopping threads took: 0,0000305 seconds
2017-04-27T01:30:50.475+0200: 5007,047: Total time for which application threads were stopped: 0,0001085 seconds, Stopping threads took: 0,0000455 seconds
2017-04-27T01:31:15.478+0200: 5032,050: Total time for which application threads were stopped: 0,0003932 seconds, Stopping threads took: 0,0001032 seconds
2017-04-27T02:02:10.693+0200: 6887,265: Total time for which application threads were stopped: 0,0000728 seconds, Stopping threads took: 0,0000311 seconds
2017-04-27T02:04:55.712+0200: 7052,285: Total time for which application threads were stopped: 0,0001093 seconds, Stopping threads took: 0,0000415 seconds
2017-04-27T02:08:25.739+0200: 7262,311: Total time for which application threads were stopped: 0,0001466 seconds, Stopping threads took: 0,0000570 seconds
2017-04-27T02:09:25.745+0200: 7322,317: Total time for which application threads were stopped: 0,0000982 seconds, Stopping threads took: 0,0000324 seconds
2017-04-27T02:15:25.790+0200: 7682,362: Total time for which application threads were stopped: 0,0000897 seconds, Stopping threads took: 0,0000350 seconds
2017-04-27T02:22:55.794+0200: 8132,366: Total time for which application threads were stopped: 0,0380486 seconds, Stopping threads took: 0,0379442 seconds
2017-04-27T02:22:55.815+0200: 8132,387: Total time for which application threads were stopped: 0,0074467 seconds, Stopping threads took: 0,0073587 seconds
2017-04-27T02:22:55.826+0200: 8132,399: Total time for which application threads were stopped: 0,0052866 seconds, Stopping threads took: 0,0051740 seconds
2017-04-27T02:22:55.841+0200: 8132,414: Total time for which application threads were stopped: 0,0001271 seconds, Stopping threads took: 0,0000314 seconds
Heap
 par new generation   total 109248K, used 34124K [0x00000000e0000000, 0x00000000e8000000, 0x00000000e8000000)
  eden space 87424K,  23% used [0x00000000e0000000, 0x00000000e13c3398, 0x00000000e5560000)
  from space 21824K,  63% used [0x00000000e5560000, 0x00000000e62effa0, 0x00000000e6ab0000)
  to   space 21824K,   0% used [0x00000000e6ab0000, 0x00000000e6ab0000, 0x00000000e8000000)
 concurrent mark-sweep generation total 393216K, used 6876K [0x00000000e8000000, 0x0000000100000000, 0x0000000100000000)
 Metaspace       used 28112K, capacity 28626K, committed 28796K, reserved 1075200K
  class space    used 3223K, capacity 3388K, committed 3452K, reserved 1048576K
