OpenJDK 64-Bit Server VM (25.131-b11) for linux-amd64 JRE (1.8.0_131-8u131-b11-0ubuntu1.16.04.2-b11), built on May  6 2017 02:45:27 by "buildd" with gcc 5.4.0 20160609
Memory: 4k page, physical 7867740k(7380608k free), swap 8076284k(8076284k free)
CommandLine flags: -XX:CMSInitiatingOccupancyFraction=50 -XX:CMSMaxAbortablePrecleanTime=6000 -XX:+CMSParallelRemarkEnabled -XX:+CMSScavengeBeforeRemark -XX:ConcGCThreads=4 -XX:InitialHeapSize=536870912 -XX:MaxHeapSize=536870912 -XX:MaxTenuringThreshold=8 -XX:NewRatio=3 -XX:OldPLABSize=16 -XX:OnOutOfMemoryError=/opt/solr/bin/oom_solr.sh 8983 /var/solr/logs -XX:ParallelGCThreads=4 -XX:+ParallelRefProcEnabled -XX:PretenureSizeThreshold=67108864 -XX:+PrintGC -XX:+PrintGCApplicationStoppedTime -XX:+PrintGCDateStamps -XX:+PrintGCDetails -XX:+PrintGCTimeStamps -XX:+PrintHeapAtGC -XX:+PrintTenuringDistribution -XX:SurvivorRatio=4 -XX:TargetSurvivorRatio=90 -XX:ThreadStackSize=256 -XX:+UseCMSInitiatingOccupancyOnly -XX:+UseCompressedClassPointers -XX:+UseCompressedOops -XX:+UseConcMarkSweepGC -XX:+UseParNewGC 
2017-05-23T17:11:04.750+0200: 0,146: Total time for which application threads were stopped: 0,0000798 seconds, Stopping threads took: 0,0000193 seconds
2017-05-23T17:11:04.849+0200: 0,245: Total time for which application threads were stopped: 0,0001616 seconds, Stopping threads took: 0,0000447 seconds
2017-05-23T17:11:04.865+0200: 0,261: Total time for which application threads were stopped: 0,0000940 seconds, Stopping threads took: 0,0000136 seconds
2017-05-23T17:11:05.082+0200: 0,478: Total time for which application threads were stopped: 0,0001627 seconds, Stopping threads took: 0,0000118 seconds
2017-05-23T17:11:05.476+0200: 0,872: Total time for which application threads were stopped: 0,0001529 seconds, Stopping threads took: 0,0000206 seconds
2017-05-23T17:11:05.582+0200: 0,977: Total time for which application threads were stopped: 0,0002046 seconds, Stopping threads took: 0,0000240 seconds
2017-05-23T17:11:05.643+0200: 1,038: Total time for which application threads were stopped: 0,0001805 seconds, Stopping threads took: 0,0000291 seconds
2017-05-23T17:11:05.986+0200: 1,381: Total time for which application threads were stopped: 0,0003759 seconds, Stopping threads took: 0,0000242 seconds
2017-05-23T17:11:06.235+0200: 1,631: Total time for which application threads were stopped: 0,0002316 seconds, Stopping threads took: 0,0000406 seconds
2017-05-23T17:11:06.264+0200: 1,660: Total time for which application threads were stopped: 0,0002401 seconds, Stopping threads took: 0,0000672 seconds
2017-05-23T17:11:06.300+0200: 1,696: Total time for which application threads were stopped: 0,0002309 seconds, Stopping threads took: 0,0000214 seconds
2017-05-23T17:11:06.302+0200: 1,697: Total time for which application threads were stopped: 0,0002089 seconds, Stopping threads took: 0,0000297 seconds
2017-05-23T17:11:06.324+0200: 1,719: Total time for which application threads were stopped: 0,0010187 seconds, Stopping threads took: 0,0001522 seconds
2017-05-23T17:11:06.400+0200: 1,796: Total time for which application threads were stopped: 0,0002560 seconds, Stopping threads took: 0,0000326 seconds
2017-05-23T17:11:06.562+0200: 1,958: Total time for which application threads were stopped: 0,0045319 seconds, Stopping threads took: 0,0042357 seconds
{Heap before GC invocations=0 (full 0):
 par new generation   total 109248K, used 87424K [0x00000000e0000000, 0x00000000e8000000, 0x00000000e8000000)
  eden space 87424K, 100% used [0x00000000e0000000, 0x00000000e5560000, 0x00000000e5560000)
  from space 21824K,   0% used [0x00000000e5560000, 0x00000000e5560000, 0x00000000e6ab0000)
  to   space 21824K,   0% used [0x00000000e6ab0000, 0x00000000e6ab0000, 0x00000000e8000000)
 concurrent mark-sweep generation total 393216K, used 0K [0x00000000e8000000, 0x0000000100000000, 0x0000000100000000)
 Metaspace       used 18205K, capacity 18464K, committed 18688K, reserved 1064960K
  class space    used 2059K, capacity 2196K, committed 2304K, reserved 1048576K
2017-05-23T17:11:06.678+0200: 2,074: [GC (Allocation Failure) 2017-05-23T17:11:06.678+0200: 2,074: [ParNew
Desired survivor size 20112992 bytes, new threshold 8 (max 8)
- age   1:   12836104 bytes,   12836104 total
: 87424K->12651K(109248K), 0,0193950 secs] 87424K->12651K(502464K), 0,0195159 secs] [Times: user=0,06 sys=0,00, real=0,02 secs] 
Heap after GC invocations=1 (full 0):
 par new generation   total 109248K, used 12651K [0x00000000e0000000, 0x00000000e8000000, 0x00000000e8000000)
  eden space 87424K,   0% used [0x00000000e0000000, 0x00000000e0000000, 0x00000000e5560000)
  from space 21824K,  57% used [0x00000000e6ab0000, 0x00000000e770adf0, 0x00000000e8000000)
  to   space 21824K,   0% used [0x00000000e5560000, 0x00000000e5560000, 0x00000000e6ab0000)
 concurrent mark-sweep generation total 393216K, used 0K [0x00000000e8000000, 0x0000000100000000, 0x0000000100000000)
 Metaspace       used 18205K, capacity 18464K, committed 18688K, reserved 1064960K
  class space    used 2059K, capacity 2196K, committed 2304K, reserved 1048576K
}
2017-05-23T17:11:06.697+0200: 2,093: Total time for which application threads were stopped: 0,0197647 seconds, Stopping threads took: 0,0000369 seconds
2017-05-23T17:11:06.975+0200: 2,371: Total time for which application threads were stopped: 0,0003027 seconds, Stopping threads took: 0,0000276 seconds
2017-05-23T17:11:07.043+0200: 2,438: Total time for which application threads were stopped: 0,0012993 seconds, Stopping threads took: 0,0010335 seconds
{Heap before GC invocations=1 (full 0):
 par new generation   total 109248K, used 100075K [0x00000000e0000000, 0x00000000e8000000, 0x00000000e8000000)
  eden space 87424K, 100% used [0x00000000e0000000, 0x00000000e5560000, 0x00000000e5560000)
  from space 21824K,  57% used [0x00000000e6ab0000, 0x00000000e770adf0, 0x00000000e8000000)
  to   space 21824K,   0% used [0x00000000e5560000, 0x00000000e5560000, 0x00000000e6ab0000)
 concurrent mark-sweep generation total 393216K, used 0K [0x00000000e8000000, 0x0000000100000000, 0x0000000100000000)
 Metaspace       used 20040K, capacity 20358K, committed 20736K, reserved 1067008K
  class space    used 2296K, capacity 2467K, committed 2560K, reserved 1048576K
2017-05-23T17:11:07.046+0200: 2,442: [GC (Allocation Failure) 2017-05-23T17:11:07.046+0200: 2,442: [ParNew
Desired survivor size 20112992 bytes, new threshold 8 (max 8)
- age   1:    3600736 bytes,    3600736 total
- age   2:    6693024 bytes,   10293760 total
: 100075K->15926K(109248K), 0,0110899 secs] 100075K->15926K(502464K), 0,0111555 secs] [Times: user=0,04 sys=0,00, real=0,01 secs] 
Heap after GC invocations=2 (full 0):
 par new generation   total 109248K, used 15926K [0x00000000e0000000, 0x00000000e8000000, 0x00000000e8000000)
  eden space 87424K,   0% used [0x00000000e0000000, 0x00000000e0000000, 0x00000000e5560000)
  from space 21824K,  72% used [0x00000000e5560000, 0x00000000e64eda00, 0x00000000e6ab0000)
  to   space 21824K,   0% used [0x00000000e6ab0000, 0x00000000e6ab0000, 0x00000000e8000000)
 concurrent mark-sweep generation total 393216K, used 0K [0x00000000e8000000, 0x0000000100000000, 0x0000000100000000)
 Metaspace       used 20040K, capacity 20358K, committed 20736K, reserved 1067008K
  class space    used 2296K, capacity 2467K, committed 2560K, reserved 1048576K
}
2017-05-23T17:11:07.057+0200: 2,453: Total time for which application threads were stopped: 0,0132901 seconds, Stopping threads took: 0,0020109 seconds
2017-05-23T17:11:07.130+0200: 2,526: Total time for which application threads were stopped: 0,0003351 seconds, Stopping threads took: 0,0000497 seconds
2017-05-23T17:11:07.262+0200: 2,658: Total time for which application threads were stopped: 0,0008682 seconds, Stopping threads took: 0,0007023 seconds
{Heap before GC invocations=2 (full 0):
 par new generation   total 109248K, used 103350K [0x00000000e0000000, 0x00000000e8000000, 0x00000000e8000000)
  eden space 87424K, 100% used [0x00000000e0000000, 0x00000000e5560000, 0x00000000e5560000)
  from space 21824K,  72% used [0x00000000e5560000, 0x00000000e64eda00, 0x00000000e6ab0000)
  to   space 21824K,   0% used [0x00000000e6ab0000, 0x00000000e6ab0000, 0x00000000e8000000)
 concurrent mark-sweep generation total 393216K, used 0K [0x00000000e8000000, 0x0000000100000000, 0x0000000100000000)
 Metaspace       used 20956K, capacity 21280K, committed 21628K, reserved 1069056K
  class space    used 2416K, capacity 2586K, committed 2684K, reserved 1048576K
2017-05-23T17:11:07.313+0200: 2,709: [GC (Allocation Failure) 2017-05-23T17:11:07.313+0200: 2,709: [ParNew
Desired survivor size 20112992 bytes, new threshold 8 (max 8)
- age   1:    2094144 bytes,    2094144 total
- age   2:     827272 bytes,    2921416 total
- age   3:    6688784 bytes,    9610200 total
: 103350K->11259K(109248K), 0,0142030 secs] 103350K->11259K(502464K), 0,0142963 secs] [Times: user=0,05 sys=0,00, real=0,02 secs] 
Heap after GC invocations=3 (full 0):
 par new generation   total 109248K, used 11259K [0x00000000e0000000, 0x00000000e8000000, 0x00000000e8000000)
  eden space 87424K,   0% used [0x00000000e0000000, 0x00000000e0000000, 0x00000000e5560000)
  from space 21824K,  51% used [0x00000000e6ab0000, 0x00000000e75aef60, 0x00000000e8000000)
  to   space 21824K,   0% used [0x00000000e5560000, 0x00000000e5560000, 0x00000000e6ab0000)
 concurrent mark-sweep generation total 393216K, used 0K [0x00000000e8000000, 0x0000000100000000, 0x0000000100000000)
 Metaspace       used 20956K, capacity 21280K, committed 21628K, reserved 1069056K
  class space    used 2416K, capacity 2586K, committed 2684K, reserved 1048576K
}
2017-05-23T17:11:07.327+0200: 2,723: Total time for which application threads were stopped: 0,0145379 seconds, Stopping threads took: 0,0000462 seconds
2017-05-23T17:11:07.328+0200: 2,723: [GC (CMS Initial Mark) [1 CMS-initial-mark: 0K(393216K)] 11976K(502464K), 0,0042138 secs] [Times: user=0,01 sys=0,00, real=0,00 secs] 
2017-05-23T17:11:07.332+0200: 2,728: Total time for which application threads were stopped: 0,0043627 seconds, Stopping threads took: 0,0000401 seconds
2017-05-23T17:11:07.332+0200: 2,728: [CMS-concurrent-mark-start]
2017-05-23T17:11:07.333+0200: 2,728: [CMS-concurrent-mark: 0,001/0,001 secs] [Times: user=0,00 sys=0,00, real=0,00 secs] 
2017-05-23T17:11:07.333+0200: 2,728: [CMS-concurrent-preclean-start]
2017-05-23T17:11:07.334+0200: 2,730: [CMS-concurrent-preclean: 0,001/0,001 secs] [Times: user=0,01 sys=0,00, real=0,01 secs] 
2017-05-23T17:11:07.334+0200: 2,730: [CMS-concurrent-abortable-preclean-start]
2017-05-23T17:11:07.401+0200: 2,796: Total time for which application threads were stopped: 0,0001656 seconds, Stopping threads took: 0,0000730 seconds
{Heap before GC invocations=3 (full 1):
 par new generation   total 109248K, used 98683K [0x00000000e0000000, 0x00000000e8000000, 0x00000000e8000000)
  eden space 87424K, 100% used [0x00000000e0000000, 0x00000000e5560000, 0x00000000e5560000)
  from space 21824K,  51% used [0x00000000e6ab0000, 0x00000000e75aef60, 0x00000000e8000000)
  to   space 21824K,   0% used [0x00000000e5560000, 0x00000000e5560000, 0x00000000e6ab0000)
 concurrent mark-sweep generation total 393216K, used 0K [0x00000000e8000000, 0x0000000100000000, 0x0000000100000000)
 Metaspace       used 21225K, capacity 21550K, committed 21884K, reserved 1069056K
  class space    used 2445K, capacity 2600K, committed 2684K, reserved 1048576K
2017-05-23T17:11:07.448+0200: 2,844: [GC (Allocation Failure) 2017-05-23T17:11:07.448+0200: 2,844: [ParNew
Desired survivor size 20112992 bytes, new threshold 8 (max 8)
- age   1:    1296368 bytes,    1296368 total
- age   2:    1452928 bytes,    2749296 total
- age   3:     825096 bytes,    3574392 total
- age   4:    6688736 bytes,   10263128 total
: 98683K->14288K(109248K), 0,0117178 secs] 98683K->14288K(502464K), 0,0117860 secs] [Times: user=0,04 sys=0,00, real=0,01 secs] 
Heap after GC invocations=4 (full 1):
 par new generation   total 109248K, used 14288K [0x00000000e0000000, 0x00000000e8000000, 0x00000000e8000000)
  eden space 87424K,   0% used [0x00000000e0000000, 0x00000000e0000000, 0x00000000e5560000)
  from space 21824K,  65% used [0x00000000e5560000, 0x00000000e63540d0, 0x00000000e6ab0000)
  to   space 21824K,   0% used [0x00000000e6ab0000, 0x00000000e6ab0000, 0x00000000e8000000)
 concurrent mark-sweep generation total 393216K, used 0K [0x00000000e8000000, 0x0000000100000000, 0x0000000100000000)
 Metaspace       used 21225K, capacity 21550K, committed 21884K, reserved 1069056K
  class space    used 2445K, capacity 2600K, committed 2684K, reserved 1048576K
}
2017-05-23T17:11:07.460+0200: 2,856: Total time for which application threads were stopped: 0,0124332 seconds, Stopping threads took: 0,0005102 seconds
2017-05-23T17:11:07.460+0200: 2,856: [CMS-concurrent-abortable-preclean: 0,067/0,126 secs] [Times: user=0,48 sys=0,00, real=0,12 secs] 
2017-05-23T17:11:07.460+0200: 2,856: [GC (CMS Final Remark) [YG occupancy: 14931 K (109248 K)]{Heap before GC invocations=4 (full 1):
 par new generation   total 109248K, used 14931K [0x00000000e0000000, 0x00000000e8000000, 0x00000000e8000000)
  eden space 87424K,   0% used [0x00000000e0000000, 0x00000000e00a0e88, 0x00000000e5560000)
  from space 21824K,  65% used [0x00000000e5560000, 0x00000000e63540d0, 0x00000000e6ab0000)
  to   space 21824K,   0% used [0x00000000e6ab0000, 0x00000000e6ab0000, 0x00000000e8000000)
 concurrent mark-sweep generation total 393216K, used 0K [0x00000000e8000000, 0x0000000100000000, 0x0000000100000000)
 Metaspace       used 21225K, capacity 21550K, committed 21884K, reserved 1069056K
  class space    used 2445K, capacity 2600K, committed 2684K, reserved 1048576K
2017-05-23T17:11:07.460+0200: 2,856: [GC (CMS Final Remark) 2017-05-23T17:11:07.460+0200: 2,856: [ParNew
Desired survivor size 20112992 bytes, new threshold 8 (max 8)
- age   1:      17664 bytes,      17664 total
- age   2:    1283720 bytes,    1301384 total
- age   3:    1452952 bytes,    2754336 total
- age   4:     825096 bytes,    3579432 total
- age   5:    6688792 bytes,   10268224 total
: 14931K->11599K(109248K), 0,0096487 secs] 14931K->11599K(502464K), 0,0096883 secs] [Times: user=0,03 sys=0,00, real=0,01 secs] 
Heap after GC invocations=5 (full 1):
 par new generation   total 109248K, used 11599K [0x00000000e0000000, 0x00000000e8000000, 0x00000000e8000000)
  eden space 87424K,   0% used [0x00000000e0000000, 0x00000000e0000000, 0x00000000e5560000)
  from space 21824K,  53% used [0x00000000e6ab0000, 0x00000000e7603d40, 0x00000000e8000000)
  to   space 21824K,   0% used [0x00000000e5560000, 0x00000000e5560000, 0x00000000e6ab0000)
 concurrent mark-sweep generation total 393216K, used 0K [0x00000000e8000000, 0x0000000100000000, 0x0000000100000000)
 Metaspace       used 21225K, capacity 21550K, committed 21884K, reserved 1069056K
  class space    used 2445K, capacity 2600K, committed 2684K, reserved 1048576K
}
2017-05-23T17:11:07.470+0200: 2,866: [Rescan (parallel) , 0,0035785 secs]2017-05-23T17:11:07.474+0200: 2,869: [weak refs processing, 0,0011419 secs]2017-05-23T17:11:07.475+0200: 2,871: [class unloading, 0,0029503 secs]2017-05-23T17:11:07.478+0200: 2,873: [scrub symbol table, 0,0026028 secs]2017-05-23T17:11:07.480+0200: 2,876: [scrub string table, 0,0003775 secs][1 CMS-remark: 0K(393216K)] 11599K(502464K), 0,0209960 secs] [Times: user=0,05 sys=0,00, real=0,02 secs] 
2017-05-23T17:11:07.481+0200: 2,877: Total time for which application threads were stopped: 0,0211274 seconds, Stopping threads took: 0,0000457 seconds
2017-05-23T17:11:07.481+0200: 2,877: [CMS-concurrent-sweep-start]
2017-05-23T17:11:07.481+0200: 2,877: [CMS-concurrent-sweep: 0,000/0,000 secs] [Times: user=0,00 sys=0,00, real=0,00 secs] 
2017-05-23T17:11:07.481+0200: 2,877: [CMS-concurrent-reset-start]
2017-05-23T17:11:07.484+0200: 2,880: [CMS-concurrent-reset: 0,003/0,003 secs] [Times: user=0,01 sys=0,00, real=0,00 secs] 
{Heap before GC invocations=5 (full 1):
 par new generation   total 109248K, used 99023K [0x00000000e0000000, 0x00000000e8000000, 0x00000000e8000000)
  eden space 87424K, 100% used [0x00000000e0000000, 0x00000000e5560000, 0x00000000e5560000)
  from space 21824K,  53% used [0x00000000e6ab0000, 0x00000000e7603d40, 0x00000000e8000000)
  to   space 21824K,   0% used [0x00000000e5560000, 0x00000000e5560000, 0x00000000e6ab0000)
 concurrent mark-sweep generation total 393216K, used 0K [0x00000000e8000000, 0x0000000100000000, 0x0000000100000000)
 Metaspace       used 21424K, capacity 21850K, committed 22140K, reserved 1069056K
  class space    used 2471K, capacity 2634K, committed 2684K, reserved 1048576K
2017-05-23T17:11:07.584+0200: 2,980: [GC (Allocation Failure) 2017-05-23T17:11:07.584+0200: 2,980: [ParNew
Desired survivor size 20112992 bytes, new threshold 8 (max 8)
- age   1:     550384 bytes,     550384 total
- age   3:     186216 bytes,     736600 total
- age   4:    1446320 bytes,    2182920 total
- age   5:     823080 bytes,    3006000 total
- age   6:    6688744 bytes,    9694744 total
: 99023K->13455K(109248K), 0,0140724 secs] 99023K->13455K(502464K), 0,0141577 secs] [Times: user=0,05 sys=0,00, real=0,02 secs] 
Heap after GC invocations=6 (full 1):
 par new generation   total 109248K, used 13455K [0x00000000e0000000, 0x00000000e8000000, 0x00000000e8000000)
  eden space 87424K,   0% used [0x00000000e0000000, 0x00000000e0000000, 0x00000000e5560000)
  from space 21824K,  61% used [0x00000000e5560000, 0x00000000e6283f30, 0x00000000e6ab0000)
  to   space 21824K,   0% used [0x00000000e6ab0000, 0x00000000e6ab0000, 0x00000000e8000000)
 concurrent mark-sweep generation total 393216K, used 0K [0x00000000e8000000, 0x0000000100000000, 0x0000000100000000)
 Metaspace       used 21424K, capacity 21850K, committed 22140K, reserved 1069056K
  class space    used 2471K, capacity 2634K, committed 2684K, reserved 1048576K
}
2017-05-23T17:11:07.598+0200: 2,994: Total time for which application threads were stopped: 0,0146502 seconds, Stopping threads took: 0,0002987 seconds
2017-05-23T17:11:07.625+0200: 3,021: Total time for which application threads were stopped: 0,0003246 seconds, Stopping threads took: 0,0000257 seconds
2017-05-23T17:11:07.975+0200: 3,371: Total time for which application threads were stopped: 0,0014323 seconds, Stopping threads took: 0,0009524 seconds
2017-05-23T17:11:07.989+0200: 3,385: Total time for which application threads were stopped: 0,0006319 seconds, Stopping threads took: 0,0002292 seconds
{Heap before GC invocations=6 (full 1):
 par new generation   total 109248K, used 100879K [0x00000000e0000000, 0x00000000e8000000, 0x00000000e8000000)
  eden space 87424K, 100% used [0x00000000e0000000, 0x00000000e5560000, 0x00000000e5560000)
  from space 21824K,  61% used [0x00000000e5560000, 0x00000000e6283f30, 0x00000000e6ab0000)
  to   space 21824K,   0% used [0x00000000e6ab0000, 0x00000000e6ab0000, 0x00000000e8000000)
 concurrent mark-sweep generation total 393216K, used 0K [0x00000000e8000000, 0x0000000100000000, 0x0000000100000000)
 Metaspace       used 23795K, capacity 24218K, committed 24572K, reserved 1071104K
  class space    used 2797K, capacity 2976K, committed 3068K, reserved 1048576K
2017-05-23T17:11:08.179+0200: 3,575: [GC (Allocation Failure) 2017-05-23T17:11:08.179+0200: 3,575: [ParNew
Desired survivor size 20112992 bytes, new threshold 8 (max 8)
- age   1:    5026136 bytes,    5026136 total
- age   2:     160904 bytes,    5187040 total
- age   4:     185320 bytes,    5372360 total
- age   5:     277216 bytes,    5649576 total
- age   6:     796960 bytes,    6446536 total
- age   7:    6680400 bytes,   13126936 total
: 100879K->17378K(109248K), 0,0251426 secs] 100879K->17378K(502464K), 0,0252150 secs] [Times: user=0,05 sys=0,01, real=0,02 secs] 
Heap after GC invocations=7 (full 1):
 par new generation   total 109248K, used 17378K [0x00000000e0000000, 0x00000000e8000000, 0x00000000e8000000)
  eden space 87424K,   0% used [0x00000000e0000000, 0x00000000e0000000, 0x00000000e5560000)
  from space 21824K,  79% used [0x00000000e6ab0000, 0x00000000e7ba8b40, 0x00000000e8000000)
  to   space 21824K,   0% used [0x00000000e5560000, 0x00000000e5560000, 0x00000000e6ab0000)
 concurrent mark-sweep generation total 393216K, used 0K [0x00000000e8000000, 0x0000000100000000, 0x0000000100000000)
 Metaspace       used 23795K, capacity 24218K, committed 24572K, reserved 1071104K
  class space    used 2797K, capacity 2976K, committed 3068K, reserved 1048576K
}
2017-05-23T17:11:08.204+0200: 3,600: Total time for which application threads were stopped: 0,0255215 seconds, Stopping threads took: 0,0001072 seconds
{Heap before GC invocations=7 (full 1):
 par new generation   total 109248K, used 104802K [0x00000000e0000000, 0x00000000e8000000, 0x00000000e8000000)
  eden space 87424K, 100% used [0x00000000e0000000, 0x00000000e5560000, 0x00000000e5560000)
  from space 21824K,  79% used [0x00000000e6ab0000, 0x00000000e7ba8b40, 0x00000000e8000000)
  to   space 21824K,   0% used [0x00000000e5560000, 0x00000000e5560000, 0x00000000e6ab0000)
 concurrent mark-sweep generation total 393216K, used 0K [0x00000000e8000000, 0x0000000100000000, 0x0000000100000000)
 Metaspace       used 24311K, capacity 24736K, committed 24828K, reserved 1071104K
  class space    used 2852K, capacity 3041K, committed 3068K, reserved 1048576K
2017-05-23T17:11:08.636+0200: 4,032: [GC (Allocation Failure) 2017-05-23T17:11:08.636+0200: 4,032: [ParNew
Desired survivor size 20112992 bytes, new threshold 8 (max 8)
- age   1:    2103840 bytes,    2103840 total
- age   2:    1750360 bytes,    3854200 total
- age   3:      86576 bytes,    3940776 total
- age   5:     102408 bytes,    4043184 total
- age   6:     179792 bytes,    4222976 total
- age   7:     754760 bytes,    4977736 total
- age   8:    6145960 bytes,   11123696 total
: 104802K->14074K(109248K), 0,0416499 secs] 104802K->14074K(502464K), 0,0417794 secs] [Times: user=0,07 sys=0,00, real=0,04 secs] 
Heap after GC invocations=8 (full 1):
 par new generation   total 109248K, used 14074K [0x00000000e0000000, 0x00000000e8000000, 0x00000000e8000000)
  eden space 87424K,   0% used [0x00000000e0000000, 0x00000000e0000000, 0x00000000e5560000)
  from space 21824K,  64% used [0x00000000e5560000, 0x00000000e631eb38, 0x00000000e6ab0000)
  to   space 21824K,   0% used [0x00000000e6ab0000, 0x00000000e6ab0000, 0x00000000e8000000)
 concurrent mark-sweep generation total 393216K, used 0K [0x00000000e8000000, 0x0000000100000000, 0x0000000100000000)
 Metaspace       used 24311K, capacity 24736K, committed 24828K, reserved 1071104K
  class space    used 2852K, capacity 3041K, committed 3068K, reserved 1048576K
}
2017-05-23T17:11:08.678+0200: 4,074: Total time for which application threads were stopped: 0,0532483 seconds, Stopping threads took: 0,0108763 seconds
{Heap before GC invocations=8 (full 1):
 par new generation   total 109248K, used 101498K [0x00000000e0000000, 0x00000000e8000000, 0x00000000e8000000)
  eden space 87424K, 100% used [0x00000000e0000000, 0x00000000e5560000, 0x00000000e5560000)
  from space 21824K,  64% used [0x00000000e5560000, 0x00000000e631eb38, 0x00000000e6ab0000)
  to   space 21824K,   0% used [0x00000000e6ab0000, 0x00000000e6ab0000, 0x00000000e8000000)
 concurrent mark-sweep generation total 393216K, used 0K [0x00000000e8000000, 0x0000000100000000, 0x0000000100000000)
 Metaspace       used 24695K, capacity 25178K, committed 25468K, reserved 1071104K
  class space    used 2886K, capacity 3078K, committed 3196K, reserved 1048576K
2017-05-23T17:11:08.901+0200: 4,297: [GC (Allocation Failure) 2017-05-23T17:11:08.901+0200: 4,297: [ParNew
Desired survivor size 20112992 bytes, new threshold 8 (max 8)
- age   1:     748848 bytes,     748848 total
- age   2:     980488 bytes,    1729336 total
- age   3:    1727912 bytes,    3457248 total
- age   4:      86544 bytes,    3543792 total
- age   6:      99664 bytes,    3643456 total
- age   7:     176768 bytes,    3820224 total
- age   8:     753256 bytes,    4573480 total
: 101498K->7046K(109248K), 0,0610942 secs] 101498K->13712K(502464K), 0,0611806 secs] [Times: user=0,10 sys=0,00, real=0,06 secs] 
Heap after GC invocations=9 (full 1):
 par new generation   total 109248K, used 7046K [0x00000000e0000000, 0x00000000e8000000, 0x00000000e8000000)
  eden space 87424K,   0% used [0x00000000e0000000, 0x00000000e0000000, 0x00000000e5560000)
  from space 21824K,  32% used [0x00000000e6ab0000, 0x00000000e7191b08, 0x00000000e8000000)
  to   space 21824K,   0% used [0x00000000e5560000, 0x00000000e5560000, 0x00000000e6ab0000)
 concurrent mark-sweep generation total 393216K, used 6665K [0x00000000e8000000, 0x0000000100000000, 0x0000000100000000)
 Metaspace       used 24695K, capacity 25178K, committed 25468K, reserved 1071104K
  class space    used 2886K, capacity 3078K, committed 3196K, reserved 1048576K
}
2017-05-23T17:11:08.962+0200: 4,358: Total time for which application threads were stopped: 0,0615852 seconds, Stopping threads took: 0,0001419 seconds
2017-05-23T17:11:09.020+0200: 4,416: Total time for which application threads were stopped: 0,0008616 seconds, Stopping threads took: 0,0007480 seconds
2017-05-23T17:11:09.026+0200: 4,422: Total time for which application threads were stopped: 0,0032054 seconds, Stopping threads took: 0,0031132 seconds
2017-05-23T17:11:09.027+0200: 4,423: Total time for which application threads were stopped: 0,0000892 seconds, Stopping threads took: 0,0000218 seconds
2017-05-23T17:11:09.063+0200: 4,459: Total time for which application threads were stopped: 0,0002510 seconds, Stopping threads took: 0,0001543 seconds
2017-05-23T17:11:09.097+0200: 4,493: Total time for which application threads were stopped: 0,0010534 seconds, Stopping threads took: 0,0009357 seconds
2017-05-23T17:11:09.112+0200: 4,508: Total time for which application threads were stopped: 0,0001389 seconds, Stopping threads took: 0,0000438 seconds
2017-05-23T17:11:09.121+0200: 4,517: Total time for which application threads were stopped: 0,0001571 seconds, Stopping threads took: 0,0000321 seconds
2017-05-23T17:11:09.122+0200: 4,518: Total time for which application threads were stopped: 0,0004510 seconds, Stopping threads took: 0,0003526 seconds
2017-05-23T17:11:09.122+0200: 4,518: Total time for which application threads were stopped: 0,0001055 seconds, Stopping threads took: 0,0000166 seconds
2017-05-23T17:11:09.123+0200: 4,518: Total time for which application threads were stopped: 0,0000677 seconds, Stopping threads took: 0,0000085 seconds
2017-05-23T17:11:09.123+0200: 4,518: Total time for which application threads were stopped: 0,0000817 seconds, Stopping threads took: 0,0000091 seconds
2017-05-23T17:11:09.123+0200: 4,519: Total time for which application threads were stopped: 0,0000654 seconds, Stopping threads took: 0,0000076 seconds
2017-05-23T17:11:09.124+0200: 4,519: Total time for which application threads were stopped: 0,0001331 seconds, Stopping threads took: 0,0000190 seconds
2017-05-23T17:11:09.124+0200: 4,520: Total time for which application threads were stopped: 0,0000710 seconds, Stopping threads took: 0,0000114 seconds
2017-05-23T17:11:09.124+0200: 4,520: Total time for which application threads were stopped: 0,0000599 seconds, Stopping threads took: 0,0000078 seconds
2017-05-23T17:11:09.124+0200: 4,520: Total time for which application threads were stopped: 0,0000704 seconds, Stopping threads took: 0,0000096 seconds
2017-05-23T17:11:09.125+0200: 4,520: Total time for which application threads were stopped: 0,0000969 seconds, Stopping threads took: 0,0000154 seconds
2017-05-23T17:11:09.125+0200: 4,521: Total time for which application threads were stopped: 0,0001055 seconds, Stopping threads took: 0,0000175 seconds
2017-05-23T17:11:09.129+0200: 4,524: Total time for which application threads were stopped: 0,0001247 seconds, Stopping threads took: 0,0000369 seconds
2017-05-23T17:11:09.139+0200: 4,535: Total time for which application threads were stopped: 0,0014328 seconds, Stopping threads took: 0,0013458 seconds
2017-05-23T17:11:09.142+0200: 4,538: Total time for which application threads were stopped: 0,0001766 seconds, Stopping threads took: 0,0000409 seconds
2017-05-23T17:11:09.142+0200: 4,538: Total time for which application threads were stopped: 0,0001148 seconds, Stopping threads took: 0,0000324 seconds
2017-05-23T17:11:09.143+0200: 4,539: Total time for which application threads were stopped: 0,0001116 seconds, Stopping threads took: 0,0000345 seconds
2017-05-23T17:11:09.143+0200: 4,539: Total time for which application threads were stopped: 0,0000837 seconds, Stopping threads took: 0,0000254 seconds
2017-05-23T17:11:09.143+0200: 4,539: Total time for which application threads were stopped: 0,0001303 seconds, Stopping threads took: 0,0000361 seconds
2017-05-23T17:11:09.143+0200: 4,539: Total time for which application threads were stopped: 0,0000673 seconds, Stopping threads took: 0,0000097 seconds
2017-05-23T17:11:09.144+0200: 4,540: Total time for which application threads were stopped: 0,0001259 seconds, Stopping threads took: 0,0000457 seconds
2017-05-23T17:11:09.144+0200: 4,540: Total time for which application threads were stopped: 0,0000804 seconds, Stopping threads took: 0,0000217 seconds
2017-05-23T17:11:09.144+0200: 4,540: Total time for which application threads were stopped: 0,0000871 seconds, Stopping threads took: 0,0000119 seconds
2017-05-23T17:11:09.144+0200: 4,540: Total time for which application threads were stopped: 0,0000948 seconds, Stopping threads took: 0,0000406 seconds
2017-05-23T17:11:09.145+0200: 4,540: Total time for which application threads were stopped: 0,0001649 seconds, Stopping threads took: 0,0000088 seconds
2017-05-23T17:11:09.145+0200: 4,541: Total time for which application threads were stopped: 0,0000921 seconds, Stopping threads took: 0,0000187 seconds
2017-05-23T17:11:09.145+0200: 4,541: Total time for which application threads were stopped: 0,0000608 seconds, Stopping threads took: 0,0000090 seconds
2017-05-23T17:11:09.145+0200: 4,541: Total time for which application threads were stopped: 0,0000697 seconds, Stopping threads took: 0,0000100 seconds
2017-05-23T17:11:09.147+0200: 4,543: Total time for which application threads were stopped: 0,0001523 seconds, Stopping threads took: 0,0000497 seconds
2017-05-23T17:11:09.150+0200: 4,545: Total time for which application threads were stopped: 0,0001392 seconds, Stopping threads took: 0,0000266 seconds
2017-05-23T17:11:09.152+0200: 4,548: Total time for which application threads were stopped: 0,0002173 seconds, Stopping threads took: 0,0001185 seconds
2017-05-23T17:11:09.153+0200: 4,548: Total time for which application threads were stopped: 0,0001116 seconds, Stopping threads took: 0,0000259 seconds
2017-05-23T17:11:09.153+0200: 4,549: Total time for which application threads were stopped: 0,0001341 seconds, Stopping threads took: 0,0000566 seconds
2017-05-23T17:11:09.156+0200: 4,552: Total time for which application threads were stopped: 0,0003517 seconds, Stopping threads took: 0,0002408 seconds
2017-05-23T17:11:09.156+0200: 4,552: Total time for which application threads were stopped: 0,0000738 seconds, Stopping threads took: 0,0000110 seconds
2017-05-23T17:11:09.156+0200: 4,552: Total time for which application threads were stopped: 0,0000797 seconds, Stopping threads took: 0,0000155 seconds
2017-05-23T17:11:09.156+0200: 4,552: Total time for which application threads were stopped: 0,0000717 seconds, Stopping threads took: 0,0000111 seconds
2017-05-23T17:11:09.157+0200: 4,553: Total time for which application threads were stopped: 0,0001634 seconds, Stopping threads took: 0,0000381 seconds
2017-05-23T17:11:09.158+0200: 4,554: Total time for which application threads were stopped: 0,0002418 seconds, Stopping threads took: 0,0001795 seconds
2017-05-23T17:11:09.158+0200: 4,554: Total time for which application threads were stopped: 0,0000593 seconds, Stopping threads took: 0,0000265 seconds
2017-05-23T17:11:09.158+0200: 4,554: Total time for which application threads were stopped: 0,0000451 seconds, Stopping threads took: 0,0000185 seconds
2017-05-23T17:11:09.159+0200: 4,554: Total time for which application threads were stopped: 0,0000927 seconds, Stopping threads took: 0,0000420 seconds
2017-05-23T17:11:09.159+0200: 4,554: Total time for which application threads were stopped: 0,0000788 seconds, Stopping threads took: 0,0000198 seconds
2017-05-23T17:11:09.159+0200: 4,555: Total time for which application threads were stopped: 0,0000438 seconds, Stopping threads took: 0,0000111 seconds
2017-05-23T17:11:09.162+0200: 4,558: Total time for which application threads were stopped: 0,0001357 seconds, Stopping threads took: 0,0000411 seconds
2017-05-23T17:11:09.162+0200: 4,558: Total time for which application threads were stopped: 0,0000949 seconds, Stopping threads took: 0,0000258 seconds
2017-05-23T17:11:09.164+0200: 4,560: Total time for which application threads were stopped: 0,0001170 seconds, Stopping threads took: 0,0000426 seconds
2017-05-23T17:11:09.166+0200: 4,561: Total time for which application threads were stopped: 0,0013372 seconds, Stopping threads took: 0,0012192 seconds
2017-05-23T17:11:09.167+0200: 4,563: Total time for which application threads were stopped: 0,0001481 seconds, Stopping threads took: 0,0000418 seconds
2017-05-23T17:11:09.170+0200: 4,565: Total time for which application threads were stopped: 0,0001787 seconds, Stopping threads took: 0,0000283 seconds
2017-05-23T17:11:09.170+0200: 4,566: Total time for which application threads were stopped: 0,0000788 seconds, Stopping threads took: 0,0000119 seconds
2017-05-23T17:11:09.170+0200: 4,566: Total time for which application threads were stopped: 0,0000878 seconds, Stopping threads took: 0,0000357 seconds
2017-05-23T17:11:09.171+0200: 4,567: Total time for which application threads were stopped: 0,0001330 seconds, Stopping threads took: 0,0000400 seconds
2017-05-23T17:11:09.171+0200: 4,567: Total time for which application threads were stopped: 0,0000715 seconds, Stopping threads took: 0,0000077 seconds
2017-05-23T17:11:09.171+0200: 4,567: Total time for which application threads were stopped: 0,0000779 seconds, Stopping threads took: 0,0000145 seconds
2017-05-23T17:11:09.171+0200: 4,567: Total time for which application threads were stopped: 0,0000614 seconds, Stopping threads took: 0,0000165 seconds
2017-05-23T17:11:09.172+0200: 4,568: Total time for which application threads were stopped: 0,0003017 seconds, Stopping threads took: 0,0002541 seconds
2017-05-23T17:11:09.172+0200: 4,568: Total time for which application threads were stopped: 0,0001510 seconds, Stopping threads took: 0,0000112 seconds
2017-05-23T17:11:09.173+0200: 4,569: Total time for which application threads were stopped: 0,0001687 seconds, Stopping threads took: 0,0000182 seconds
2017-05-23T17:11:09.181+0200: 4,577: Total time for which application threads were stopped: 0,0003184 seconds, Stopping threads took: 0,0002432 seconds
2017-05-23T17:11:09.182+0200: 4,577: Total time for which application threads were stopped: 0,0001087 seconds, Stopping threads took: 0,0000469 seconds
2017-05-23T17:11:09.183+0200: 4,579: Total time for which application threads were stopped: 0,0001388 seconds, Stopping threads took: 0,0000454 seconds
2017-05-23T17:11:09.184+0200: 4,580: Total time for which application threads were stopped: 0,0003070 seconds, Stopping threads took: 0,0002307 seconds
2017-05-23T17:11:09.198+0200: 4,593: Total time for which application threads were stopped: 0,0039433 seconds, Stopping threads took: 0,0038325 seconds
2017-05-23T17:11:09.198+0200: 4,594: Total time for which application threads were stopped: 0,0001502 seconds, Stopping threads took: 0,0000585 seconds
2017-05-23T17:11:09.199+0200: 4,595: Total time for which application threads were stopped: 0,0001028 seconds, Stopping threads took: 0,0000358 seconds
2017-05-23T17:11:09.206+0200: 4,601: Total time for which application threads were stopped: 0,0001387 seconds, Stopping threads took: 0,0000693 seconds
2017-05-23T17:11:09.211+0200: 4,606: Total time for which application threads were stopped: 0,0001303 seconds, Stopping threads took: 0,0000566 seconds
2017-05-23T17:11:09.214+0200: 4,610: Total time for which application threads were stopped: 0,0001108 seconds, Stopping threads took: 0,0000266 seconds
2017-05-23T17:11:09.244+0200: 4,640: Total time for which application threads were stopped: 0,0001865 seconds, Stopping threads took: 0,0000559 seconds
2017-05-23T17:11:09.256+0200: 4,651: Total time for which application threads were stopped: 0,0001317 seconds, Stopping threads took: 0,0000412 seconds
2017-05-23T17:11:09.257+0200: 4,653: Total time for which application threads were stopped: 0,0001363 seconds, Stopping threads took: 0,0000382 seconds
2017-05-23T17:11:09.269+0200: 4,665: Total time for which application threads were stopped: 0,0001492 seconds, Stopping threads took: 0,0000614 seconds
2017-05-23T17:11:09.424+0200: 4,820: Total time for which application threads were stopped: 0,0004575 seconds, Stopping threads took: 0,0000255 seconds
2017-05-23T17:11:09.471+0200: 4,866: Total time for which application threads were stopped: 0,0044341 seconds, Stopping threads took: 0,0038234 seconds
2017-05-23T17:11:09.768+0200: 5,164: Total time for which application threads were stopped: 0,0005058 seconds, Stopping threads took: 0,0000327 seconds
2017-05-23T17:11:09.786+0200: 5,182: Total time for which application threads were stopped: 0,0004023 seconds, Stopping threads took: 0,0002031 seconds
2017-05-23T17:11:09.787+0200: 5,183: Total time for which application threads were stopped: 0,0001561 seconds, Stopping threads took: 0,0000311 seconds
2017-05-23T17:11:09.796+0200: 5,192: Total time for which application threads were stopped: 0,0001379 seconds, Stopping threads took: 0,0000515 seconds
2017-05-23T17:11:09.809+0200: 5,205: Total time for which application threads were stopped: 0,0001075 seconds, Stopping threads took: 0,0000340 seconds
2017-05-23T17:11:09.819+0200: 5,215: Total time for which application threads were stopped: 0,0001748 seconds, Stopping threads took: 0,0000454 seconds
2017-05-23T17:11:09.826+0200: 5,221: Total time for which application threads were stopped: 0,0004627 seconds, Stopping threads took: 0,0003750 seconds
2017-05-23T17:11:09.828+0200: 5,223: Total time for which application threads were stopped: 0,0021178 seconds, Stopping threads took: 0,0000181 seconds
2017-05-23T17:11:09.828+0200: 5,224: Total time for which application threads were stopped: 0,0000948 seconds, Stopping threads took: 0,0000233 seconds
2017-05-23T17:11:09.829+0200: 5,224: Total time for which application threads were stopped: 0,0001079 seconds, Stopping threads took: 0,0000272 seconds
2017-05-23T17:11:09.829+0200: 5,225: Total time for which application threads were stopped: 0,0000681 seconds, Stopping threads took: 0,0000172 seconds
2017-05-23T17:11:09.829+0200: 5,225: Total time for which application threads were stopped: 0,0000582 seconds, Stopping threads took: 0,0000128 seconds
2017-05-23T17:11:09.829+0200: 5,225: Total time for which application threads were stopped: 0,0000565 seconds, Stopping threads took: 0,0000146 seconds
2017-05-23T17:11:09.831+0200: 5,227: Total time for which application threads were stopped: 0,0001100 seconds, Stopping threads took: 0,0000314 seconds
2017-05-23T17:11:09.836+0200: 5,232: Total time for which application threads were stopped: 0,0001216 seconds, Stopping threads took: 0,0000336 seconds
2017-05-23T17:11:09.836+0200: 5,232: Total time for which application threads were stopped: 0,0000739 seconds, Stopping threads took: 0,0000189 seconds
2017-05-23T17:11:09.836+0200: 5,232: Total time for which application threads were stopped: 0,0000621 seconds, Stopping threads took: 0,0000155 seconds
2017-05-23T17:11:09.837+0200: 5,232: Total time for which application threads were stopped: 0,0001814 seconds, Stopping threads took: 0,0000126 seconds
2017-05-23T17:11:09.843+0200: 5,238: Total time for which application threads were stopped: 0,0001871 seconds, Stopping threads took: 0,0000980 seconds
2017-05-23T17:11:09.869+0200: 5,265: Total time for which application threads were stopped: 0,0001840 seconds, Stopping threads took: 0,0000334 seconds
2017-05-23T17:11:09.909+0200: 5,305: Total time for which application threads were stopped: 0,0052825 seconds, Stopping threads took: 0,0051415 seconds
2017-05-23T17:11:10.015+0200: 5,410: Total time for which application threads were stopped: 0,0002005 seconds, Stopping threads took: 0,0000345 seconds
2017-05-23T17:11:10.096+0200: 5,492: Total time for which application threads were stopped: 0,0189469 seconds, Stopping threads took: 0,0188487 seconds
2017-05-23T17:11:10.109+0200: 5,505: Total time for which application threads were stopped: 0,0032618 seconds, Stopping threads took: 0,0027542 seconds
2017-05-23T17:11:11.118+0200: 6,514: Total time for which application threads were stopped: 0,0001372 seconds, Stopping threads took: 0,0000422 seconds
2017-05-23T17:11:36.550+0200: 31,517: Total time for which application threads were stopped: 0,0000804 seconds, Stopping threads took: 0,0000235 seconds
2017-05-23T17:13:12.563+0200: 127,530: Total time for which application threads were stopped: 0,0000993 seconds, Stopping threads took: 0,0000369 seconds
2017-05-23T17:13:17.564+0200: 132,531: Total time for which application threads were stopped: 0,0000827 seconds, Stopping threads took: 0,0000352 seconds
{Heap before GC invocations=9 (full 1):
 par new generation   total 109248K, used 94470K [0x00000000e0000000, 0x00000000e8000000, 0x00000000e8000000)
  eden space 87424K, 100% used [0x00000000e0000000, 0x00000000e5560000, 0x00000000e5560000)
  from space 21824K,  32% used [0x00000000e6ab0000, 0x00000000e7191b08, 0x00000000e8000000)
  to   space 21824K,   0% used [0x00000000e5560000, 0x00000000e5560000, 0x00000000e6ab0000)
 concurrent mark-sweep generation total 393216K, used 6665K [0x00000000e8000000, 0x0000000100000000, 0x0000000100000000)
 Metaspace       used 28015K, capacity 28534K, committed 28796K, reserved 1075200K
  class space    used 3210K, capacity 3384K, committed 3452K, reserved 1048576K
2017-05-23T17:14:00.926+0200: 175,893: [GC (Allocation Failure) 2017-05-23T17:14:00.926+0200: 175,893: [ParNew
Desired survivor size 20112992 bytes, new threshold 8 (max 8)
- age   1:   11040536 bytes,   11040536 total
- age   2:     231728 bytes,   11272264 total
- age   3:     200840 bytes,   11473104 total
- age   4:    1722520 bytes,   13195624 total
- age   5:      86544 bytes,   13282168 total
- age   7:      99536 bytes,   13381704 total
- age   8:     176336 bytes,   13558040 total
: 94470K->14054K(109248K), 0,0294970 secs] 101136K->21468K(502464K), 0,0295855 secs] [Times: user=0,09 sys=0,00, real=0,03 secs] 
