OpenJDK 64-Bit Server VM (25.121-b13) for linux-amd64 JRE (1.8.0_121-8u121-b13-0ubuntu1.16.04.2-b13), built on Jan 23 2017 15:51:29 by "buildd" with gcc 5.4.0 20160609
Memory: 4k page, physical 7867760k(7460192k free), swap 8076284k(8076284k free)
CommandLine flags: -XX:CMSInitiatingOccupancyFraction=50 -XX:CMSMaxAbortablePrecleanTime=6000 -XX:+CMSParallelRemarkEnabled -XX:+CMSScavengeBeforeRemark -XX:ConcGCThreads=4 -XX:InitialHeapSize=536870912 -XX:MaxHeapSize=536870912 -XX:MaxTenuringThreshold=8 -XX:NewRatio=3 -XX:OldPLABSize=16 -XX:OnOutOfMemoryError=/opt/solr/bin/oom_solr.sh 8983 /var/solr/logs -XX:ParallelGCThreads=4 -XX:+ParallelRefProcEnabled -XX:PretenureSizeThreshold=67108864 -XX:+PrintGC -XX:+PrintGCApplicationStoppedTime -XX:+PrintGCDateStamps -XX:+PrintGCDetails -XX:+PrintGCTimeStamps -XX:+PrintHeapAtGC -XX:+PrintTenuringDistribution -XX:SurvivorRatio=4 -XX:TargetSurvivorRatio=90 -XX:ThreadStackSize=256 -XX:+UseCMSInitiatingOccupancyOnly -XX:+UseCompressedClassPointers -XX:+UseCompressedOops -XX:+UseConcMarkSweepGC -XX:+UseParNewGC 
2017-03-26T22:52:06.064+0200: 0,117: Total time for which application threads were stopped: 0,0000615 seconds, Stopping threads took: 0,0000091 seconds
2017-03-26T22:52:06.129+0200: 0,183: Total time for which application threads were stopped: 0,0000977 seconds, Stopping threads took: 0,0000152 seconds
2017-03-26T22:52:06.142+0200: 0,195: Total time for which application threads were stopped: 0,0000731 seconds, Stopping threads took: 0,0000120 seconds
2017-03-26T22:52:06.283+0200: 0,337: Total time for which application threads were stopped: 0,0001375 seconds, Stopping threads took: 0,0000179 seconds
2017-03-26T22:52:06.454+0200: 0,508: Total time for which application threads were stopped: 0,0001433 seconds, Stopping threads took: 0,0000141 seconds
2017-03-26T22:52:06.500+0200: 0,554: Total time for which application threads were stopped: 0,0001477 seconds, Stopping threads took: 0,0000214 seconds
2017-03-26T22:52:06.517+0200: 0,571: Total time for which application threads were stopped: 0,0001805 seconds, Stopping threads took: 0,0000186 seconds
2017-03-26T22:52:06.695+0200: 0,749: Total time for which application threads were stopped: 0,0001827 seconds, Stopping threads took: 0,0000204 seconds
2017-03-26T22:52:06.858+0200: 0,912: Total time for which application threads were stopped: 0,0002076 seconds, Stopping threads took: 0,0000112 seconds
2017-03-26T22:52:06.878+0200: 0,931: Total time for which application threads were stopped: 0,0002114 seconds, Stopping threads took: 0,0000178 seconds
2017-03-26T22:52:06.911+0200: 0,965: Total time for which application threads were stopped: 0,0002387 seconds, Stopping threads took: 0,0000231 seconds
2017-03-26T22:52:06.912+0200: 0,966: Total time for which application threads were stopped: 0,0002118 seconds, Stopping threads took: 0,0000272 seconds
2017-03-26T22:52:06.923+0200: 0,977: Total time for which application threads were stopped: 0,0001837 seconds, Stopping threads took: 0,0000164 seconds
2017-03-26T22:52:07.014+0200: 1,068: Total time for which application threads were stopped: 0,0004311 seconds, Stopping threads took: 0,0000334 seconds
2017-03-26T22:52:07.191+0200: 1,245: Total time for which application threads were stopped: 0,0003807 seconds, Stopping threads took: 0,0001480 seconds
{Heap before GC invocations=0 (full 0):
 par new generation   total 109248K, used 87424K [0x00000000e0000000, 0x00000000e8000000, 0x00000000e8000000)
  eden space 87424K, 100% used [0x00000000e0000000, 0x00000000e5560000, 0x00000000e5560000)
  from space 21824K,   0% used [0x00000000e5560000, 0x00000000e5560000, 0x00000000e6ab0000)
  to   space 21824K,   0% used [0x00000000e6ab0000, 0x00000000e6ab0000, 0x00000000e8000000)
 concurrent mark-sweep generation total 393216K, used 0K [0x00000000e8000000, 0x0000000100000000, 0x0000000100000000)
 Metaspace       used 18012K, capacity 18336K, committed 18688K, reserved 1064960K
  class space    used 2035K, capacity 2196K, committed 2304K, reserved 1048576K
2017-03-26T22:52:07.301+0200: 1,355: [GC (Allocation Failure) 2017-03-26T22:52:07.301+0200: 1,355: [ParNew
Desired survivor size 20112992 bytes, new threshold 8 (max 8)
- age   1:   12582704 bytes,   12582704 total
: 87424K->12403K(109248K), 0,0197463 secs] 87424K->12403K(502464K), 0,0198424 secs] [Times: user=0,05 sys=0,00, real=0,02 secs] 
Heap after GC invocations=1 (full 0):
 par new generation   total 109248K, used 12403K [0x00000000e0000000, 0x00000000e8000000, 0x00000000e8000000)
  eden space 87424K,   0% used [0x00000000e0000000, 0x00000000e0000000, 0x00000000e5560000)
  from space 21824K,  56% used [0x00000000e6ab0000, 0x00000000e76ccca0, 0x00000000e8000000)
  to   space 21824K,   0% used [0x00000000e5560000, 0x00000000e5560000, 0x00000000e6ab0000)
 concurrent mark-sweep generation total 393216K, used 0K [0x00000000e8000000, 0x0000000100000000, 0x0000000100000000)
 Metaspace       used 18012K, capacity 18336K, committed 18688K, reserved 1064960K
  class space    used 2035K, capacity 2196K, committed 2304K, reserved 1048576K
}
2017-03-26T22:52:07.321+0200: 1,375: Total time for which application threads were stopped: 0,0201270 seconds, Stopping threads took: 0,0000758 seconds
2017-03-26T22:52:08.119+0200: 2,173: Total time for which application threads were stopped: 0,0004010 seconds, Stopping threads took: 0,0000537 seconds
{Heap before GC invocations=1 (full 0):
 par new generation   total 109248K, used 99827K [0x00000000e0000000, 0x00000000e8000000, 0x00000000e8000000)
  eden space 87424K, 100% used [0x00000000e0000000, 0x00000000e5560000, 0x00000000e5560000)
  from space 21824K,  56% used [0x00000000e6ab0000, 0x00000000e76ccca0, 0x00000000e8000000)
  to   space 21824K,   0% used [0x00000000e5560000, 0x00000000e5560000, 0x00000000e6ab0000)
 concurrent mark-sweep generation total 393216K, used 0K [0x00000000e8000000, 0x0000000100000000, 0x0000000100000000)
 Metaspace       used 20064K, capacity 20428K, committed 20736K, reserved 1067008K
  class space    used 2296K, capacity 2468K, committed 2560K, reserved 1048576K
2017-03-26T22:52:08.192+0200: 2,246: [GC (Allocation Failure) 2017-03-26T22:52:08.192+0200: 2,246: [ParNew
Desired survivor size 20112992 bytes, new threshold 8 (max 8)
- age   1:    3431728 bytes,    3431728 total
- age   2:    6651912 bytes,   10083640 total
: 99827K->15640K(109248K), 0,0457325 secs] 99827K->15640K(502464K), 0,0458042 secs] [Times: user=0,04 sys=0,01, real=0,04 secs] 
Heap after GC invocations=2 (full 0):
 par new generation   total 109248K, used 15640K [0x00000000e0000000, 0x00000000e8000000, 0x00000000e8000000)
  eden space 87424K,   0% used [0x00000000e0000000, 0x00000000e0000000, 0x00000000e5560000)
  from space 21824K,  71% used [0x00000000e5560000, 0x00000000e64a6240, 0x00000000e6ab0000)
  to   space 21824K,   0% used [0x00000000e6ab0000, 0x00000000e6ab0000, 0x00000000e8000000)
 concurrent mark-sweep generation total 393216K, used 0K [0x00000000e8000000, 0x0000000100000000, 0x0000000100000000)
 Metaspace       used 20064K, capacity 20428K, committed 20736K, reserved 1067008K
  class space    used 2296K, capacity 2468K, committed 2560K, reserved 1048576K
}
2017-03-26T22:52:08.238+0200: 2,292: Total time for which application threads were stopped: 0,0482004 seconds, Stopping threads took: 0,0022297 seconds
2017-03-26T22:52:08.282+0200: 2,336: Total time for which application threads were stopped: 0,0072226 seconds, Stopping threads took: 0,0068572 seconds
2017-03-26T22:52:08.524+0200: 2,578: Total time for which application threads were stopped: 0,0001932 seconds, Stopping threads took: 0,0000340 seconds
{Heap before GC invocations=2 (full 0):
 par new generation   total 109248K, used 103064K [0x00000000e0000000, 0x00000000e8000000, 0x00000000e8000000)
  eden space 87424K, 100% used [0x00000000e0000000, 0x00000000e5560000, 0x00000000e5560000)
  from space 21824K,  71% used [0x00000000e5560000, 0x00000000e64a6240, 0x00000000e6ab0000)
  to   space 21824K,   0% used [0x00000000e6ab0000, 0x00000000e6ab0000, 0x00000000e8000000)
 concurrent mark-sweep generation total 393216K, used 0K [0x00000000e8000000, 0x0000000100000000, 0x0000000100000000)
 Metaspace       used 20967K, capacity 21286K, committed 21628K, reserved 1069056K
  class space    used 2417K, capacity 2587K, committed 2684K, reserved 1048576K
2017-03-26T22:52:08.619+0200: 2,673: [GC (Allocation Failure) 2017-03-26T22:52:08.619+0200: 2,673: [ParNew
Desired survivor size 20112992 bytes, new threshold 8 (max 8)
- age   1:    2073736 bytes,    2073736 total
- age   2:     854632 bytes,    2928368 total
- age   3:    6648072 bytes,    9576440 total
: 103064K->12146K(109248K), 0,0272283 secs] 103064K->12146K(502464K), 0,0274000 secs] [Times: user=0,05 sys=0,00, real=0,03 secs] 
Heap after GC invocations=3 (full 0):
 par new generation   total 109248K, used 12146K [0x00000000e0000000, 0x00000000e8000000, 0x00000000e8000000)
  eden space 87424K,   0% used [0x00000000e0000000, 0x00000000e0000000, 0x00000000e5560000)
  from space 21824K,  55% used [0x00000000e6ab0000, 0x00000000e768c9a0, 0x00000000e8000000)
  to   space 21824K,   0% used [0x00000000e5560000, 0x00000000e5560000, 0x00000000e6ab0000)
 concurrent mark-sweep generation total 393216K, used 0K [0x00000000e8000000, 0x0000000100000000, 0x0000000100000000)
 Metaspace       used 20967K, capacity 21286K, committed 21628K, reserved 1069056K
  class space    used 2417K, capacity 2587K, committed 2684K, reserved 1048576K
}
2017-03-26T22:52:08.646+0200: 2,700: Total time for which application threads were stopped: 0,0372369 seconds, Stopping threads took: 0,0095593 seconds
2017-03-26T22:52:08.650+0200: 2,704: [GC (CMS Initial Mark) [1 CMS-initial-mark: 0K(393216K)] 12162K(502464K), 0,0054704 secs] [Times: user=0,01 sys=0,00, real=0,00 secs] 
2017-03-26T22:52:08.656+0200: 2,710: Total time for which application threads were stopped: 0,0057829 seconds, Stopping threads took: 0,0000446 seconds
2017-03-26T22:52:08.656+0200: 2,710: [CMS-concurrent-mark-start]
2017-03-26T22:52:08.657+0200: 2,711: [CMS-concurrent-mark: 0,001/0,001 secs] [Times: user=0,01 sys=0,00, real=0,00 secs] 
2017-03-26T22:52:08.657+0200: 2,711: [CMS-concurrent-preclean-start]
2017-03-26T22:52:08.659+0200: 2,712: [CMS-concurrent-preclean: 0,001/0,001 secs] [Times: user=0,00 sys=0,00, real=0,00 secs] 
2017-03-26T22:52:08.659+0200: 2,712: [CMS-concurrent-abortable-preclean-start]
2017-03-26T22:52:08.814+0200: 2,868: Total time for which application threads were stopped: 0,0009046 seconds, Stopping threads took: 0,0005885 seconds
{Heap before GC invocations=3 (full 1):
 par new generation   total 109248K, used 99570K [0x00000000e0000000, 0x00000000e8000000, 0x00000000e8000000)
  eden space 87424K, 100% used [0x00000000e0000000, 0x00000000e5560000, 0x00000000e5560000)
  from space 21824K,  55% used [0x00000000e6ab0000, 0x00000000e768c9a0, 0x00000000e8000000)
  to   space 21824K,   0% used [0x00000000e5560000, 0x00000000e5560000, 0x00000000e6ab0000)
 concurrent mark-sweep generation total 393216K, used 0K [0x00000000e8000000, 0x0000000100000000, 0x0000000100000000)
 Metaspace       used 21266K, capacity 21626K, committed 21884K, reserved 1069056K
  class space    used 2448K, capacity 2602K, committed 2684K, reserved 1048576K
2017-03-26T22:52:08.919+0200: 2,973: [GC (Allocation Failure) 2017-03-26T22:52:08.919+0200: 2,973: [ParNew
Desired survivor size 20112992 bytes, new threshold 8 (max 8)
- age   1:    1433072 bytes,    1433072 total
- age   2:    1476712 bytes,    2909784 total
- age   3:     821256 bytes,    3731040 total
- age   4:    6648288 bytes,   10379328 total
: 99570K->12680K(109248K), 0,0161428 secs] 99570K->12680K(502464K), 0,0162100 secs] [Times: user=0,05 sys=0,01, real=0,02 secs] 
Heap after GC invocations=4 (full 1):
 par new generation   total 109248K, used 12680K [0x00000000e0000000, 0x00000000e8000000, 0x00000000e8000000)
  eden space 87424K,   0% used [0x00000000e0000000, 0x00000000e0000000, 0x00000000e5560000)
  from space 21824K,  58% used [0x00000000e5560000, 0x00000000e61c2368, 0x00000000e6ab0000)
  to   space 21824K,   0% used [0x00000000e6ab0000, 0x00000000e6ab0000, 0x00000000e8000000)
 concurrent mark-sweep generation total 393216K, used 0K [0x00000000e8000000, 0x0000000100000000, 0x0000000100000000)
 Metaspace       used 21266K, capacity 21626K, committed 21884K, reserved 1069056K
  class space    used 2448K, capacity 2602K, committed 2684K, reserved 1048576K
}
2017-03-26T22:52:08.935+0200: 2,989: Total time for which application threads were stopped: 0,0205004 seconds, Stopping threads took: 0,0038760 seconds
2017-03-26T22:52:08.935+0200: 2,989: [CMS-concurrent-abortable-preclean: 0,225/0,277 secs] [Times: user=0,89 sys=0,02, real=0,28 secs] 
2017-03-26T22:52:08.944+0200: 2,998: [GC (CMS Final Remark) [YG occupancy: 23937 K (109248 K)]{Heap before GC invocations=4 (full 1):
 par new generation   total 109248K, used 23937K [0x00000000e0000000, 0x00000000e8000000, 0x00000000e8000000)
  eden space 87424K,  12% used [0x00000000e0000000, 0x00000000e0afe178, 0x00000000e5560000)
  from space 21824K,  58% used [0x00000000e5560000, 0x00000000e61c2368, 0x00000000e6ab0000)
  to   space 21824K,   0% used [0x00000000e6ab0000, 0x00000000e6ab0000, 0x00000000e8000000)
 concurrent mark-sweep generation total 393216K, used 0K [0x00000000e8000000, 0x0000000100000000, 0x0000000100000000)
 Metaspace       used 21267K, capacity 21626K, committed 21884K, reserved 1069056K
  class space    used 2448K, capacity 2602K, committed 2684K, reserved 1048576K
2017-03-26T22:52:08.944+0200: 2,998: [GC (CMS Final Remark) 2017-03-26T22:52:08.944+0200: 2,998: [ParNew
Desired survivor size 20112992 bytes, new threshold 8 (max 8)
- age   1:     553648 bytes,     553648 total
- age   2:     259080 bytes,     812728 total
- age   3:    1471464 bytes,    2284192 total
- age   4:     821256 bytes,    3105448 total
- age   5:    6648072 bytes,    9753520 total
: 23937K->15320K(109248K), 0,0197722 secs] 23937K->15320K(502464K), 0,0198147 secs] [Times: user=0,06 sys=0,00, real=0,02 secs] 
Heap after GC invocations=5 (full 1):
 par new generation   total 109248K, used 15320K [0x00000000e0000000, 0x00000000e8000000, 0x00000000e8000000)
  eden space 87424K,   0% used [0x00000000e0000000, 0x00000000e0000000, 0x00000000e5560000)
  from space 21824K,  70% used [0x00000000e6ab0000, 0x00000000e79a6308, 0x00000000e8000000)
  to   space 21824K,   0% used [0x00000000e5560000, 0x00000000e5560000, 0x00000000e6ab0000)
 concurrent mark-sweep generation total 393216K, used 0K [0x00000000e8000000, 0x0000000100000000, 0x0000000100000000)
 Metaspace       used 21267K, capacity 21626K, committed 21884K, reserved 1069056K
  class space    used 2448K, capacity 2602K, committed 2684K, reserved 1048576K
}
2017-03-26T22:52:08.964+0200: 3,018: [Rescan (parallel) , 0,0082581 secs]2017-03-26T22:52:08.972+0200: 3,026: [weak refs processing, 0,0005267 secs]2017-03-26T22:52:08.973+0200: 3,026: [class unloading, 0,0031234 secs]2017-03-26T22:52:08.976+0200: 3,030: [scrub symbol table, 0,0038692 secs]2017-03-26T22:52:08.980+0200: 3,034: [scrub string table, 0,0005899 secs][1 CMS-remark: 0K(393216K)] 15320K(502464K), 0,0371512 secs] [Times: user=0,10 sys=0,00, real=0,03 secs] 
2017-03-26T22:52:08.981+0200: 3,035: Total time for which application threads were stopped: 0,0373314 seconds, Stopping threads took: 0,0000868 seconds
2017-03-26T22:52:08.981+0200: 3,035: [CMS-concurrent-sweep-start]
2017-03-26T22:52:08.981+0200: 3,035: [CMS-concurrent-sweep: 0,000/0,000 secs] [Times: user=0,00 sys=0,00, real=0,00 secs] 
2017-03-26T22:52:08.981+0200: 3,035: [CMS-concurrent-reset-start]
2017-03-26T22:52:08.986+0200: 3,040: [CMS-concurrent-reset: 0,005/0,005 secs] [Times: user=0,00 sys=0,01, real=0,01 secs] 
{Heap before GC invocations=5 (full 1):
 par new generation   total 109248K, used 102744K [0x00000000e0000000, 0x00000000e8000000, 0x00000000e8000000)
  eden space 87424K, 100% used [0x00000000e0000000, 0x00000000e5560000, 0x00000000e5560000)
  from space 21824K,  70% used [0x00000000e6ab0000, 0x00000000e79a6308, 0x00000000e8000000)
  to   space 21824K,   0% used [0x00000000e5560000, 0x00000000e5560000, 0x00000000e6ab0000)
 concurrent mark-sweep generation total 393216K, used 0K [0x00000000e8000000, 0x0000000100000000, 0x0000000100000000)
 Metaspace       used 21473K, capacity 21868K, committed 22140K, reserved 1069056K
  class space    used 2476K, capacity 2637K, committed 2684K, reserved 1048576K
2017-03-26T22:52:09.179+0200: 3,233: [GC (Allocation Failure) 2017-03-26T22:52:09.179+0200: 3,233: [ParNew
Desired survivor size 20112992 bytes, new threshold 8 (max 8)
- age   1:    1168168 bytes,    1168168 total
- age   2:      17920 bytes,    1186088 total
- age   3:     186296 bytes,    1372384 total
- age   4:    1469928 bytes,    2842312 total
- age   5:     819272 bytes,    3661584 total
- age   6:    6648040 bytes,   10309624 total
: 102744K->12567K(109248K), 0,0280089 secs] 102744K->12567K(502464K), 0,0280993 secs] [Times: user=0,08 sys=0,01, real=0,03 secs] 
Heap after GC invocations=6 (full 1):
 par new generation   total 109248K, used 12567K [0x00000000e0000000, 0x00000000e8000000, 0x00000000e8000000)
  eden space 87424K,   0% used [0x00000000e0000000, 0x00000000e0000000, 0x00000000e5560000)
  from space 21824K,  57% used [0x00000000e5560000, 0x00000000e61a5cf8, 0x00000000e6ab0000)
  to   space 21824K,   0% used [0x00000000e6ab0000, 0x00000000e6ab0000, 0x00000000e8000000)
 concurrent mark-sweep generation total 393216K, used 0K [0x00000000e8000000, 0x0000000100000000, 0x0000000100000000)
 Metaspace       used 21473K, capacity 21868K, committed 22140K, reserved 1069056K
  class space    used 2476K, capacity 2637K, committed 2684K, reserved 1048576K
}
2017-03-26T22:52:09.207+0200: 3,261: Total time for which application threads were stopped: 0,0296619 seconds, Stopping threads took: 0,0013885 seconds
2017-03-26T22:52:09.233+0200: 3,287: Total time for which application threads were stopped: 0,0003935 seconds, Stopping threads took: 0,0000253 seconds
2017-03-26T22:52:09.456+0200: 3,510: Total time for which application threads were stopped: 0,0004726 seconds, Stopping threads took: 0,0000501 seconds
2017-03-26T22:52:09.470+0200: 3,524: Total time for which application threads were stopped: 0,0004066 seconds, Stopping threads took: 0,0000285 seconds
{Heap before GC invocations=6 (full 1):
 par new generation   total 109248K, used 99991K [0x00000000e0000000, 0x00000000e8000000, 0x00000000e8000000)
  eden space 87424K, 100% used [0x00000000e0000000, 0x00000000e5560000, 0x00000000e5560000)
  from space 21824K,  57% used [0x00000000e5560000, 0x00000000e61a5cf8, 0x00000000e6ab0000)
  to   space 21824K,   0% used [0x00000000e6ab0000, 0x00000000e6ab0000, 0x00000000e8000000)
 concurrent mark-sweep generation total 393216K, used 0K [0x00000000e8000000, 0x0000000100000000, 0x0000000100000000)
 Metaspace       used 23987K, capacity 24462K, committed 24572K, reserved 1071104K
  class space    used 2831K, capacity 3012K, committed 3068K, reserved 1048576K
2017-03-26T22:52:09.693+0200: 3,747: [GC (Allocation Failure) 2017-03-26T22:52:09.693+0200: 3,747: [ParNew
Desired survivor size 20112992 bytes, new threshold 8 (max 8)
- age   1:    5416328 bytes,    5416328 total
- age   2:     162336 bytes,    5578664 total
- age   3:      17920 bytes,    5596584 total
- age   4:     185416 bytes,    5782000 total
- age   5:     293600 bytes,    6075600 total
- age   6:     794976 bytes,    6870576 total
- age   7:    6639864 bytes,   13510440 total
: 99991K->19560K(109248K), 0,0192808 secs] 99991K->19560K(502464K), 0,0193474 secs] [Times: user=0,06 sys=0,00, real=0,02 secs] 
Heap after GC invocations=7 (full 1):
 par new generation   total 109248K, used 19560K [0x00000000e0000000, 0x00000000e8000000, 0x00000000e8000000)
  eden space 87424K,   0% used [0x00000000e0000000, 0x00000000e0000000, 0x00000000e5560000)
  from space 21824K,  89% used [0x00000000e6ab0000, 0x00000000e7dca180, 0x00000000e8000000)
  to   space 21824K,   0% used [0x00000000e5560000, 0x00000000e5560000, 0x00000000e6ab0000)
 concurrent mark-sweep generation total 393216K, used 0K [0x00000000e8000000, 0x0000000100000000, 0x0000000100000000)
 Metaspace       used 23987K, capacity 24462K, committed 24572K, reserved 1071104K
  class space    used 2831K, capacity 3012K, committed 3068K, reserved 1048576K
}
2017-03-26T22:52:09.712+0200: 3,766: Total time for which application threads were stopped: 0,0260454 seconds, Stopping threads took: 0,0064884 seconds
{Heap before GC invocations=7 (full 1):
 par new generation   total 109248K, used 106984K [0x00000000e0000000, 0x00000000e8000000, 0x00000000e8000000)
  eden space 87424K, 100% used [0x00000000e0000000, 0x00000000e5560000, 0x00000000e5560000)
  from space 21824K,  89% used [0x00000000e6ab0000, 0x00000000e7dca180, 0x00000000e8000000)
  to   space 21824K,   0% used [0x00000000e5560000, 0x00000000e5560000, 0x00000000e6ab0000)
 concurrent mark-sweep generation total 393216K, used 0K [0x00000000e8000000, 0x0000000100000000, 0x0000000100000000)
 Metaspace       used 24456K, capacity 24900K, committed 25084K, reserved 1071104K
  class space    used 2864K, capacity 3048K, committed 3068K, reserved 1048576K
2017-03-26T22:52:09.826+0200: 3,879: [GC (Allocation Failure) 2017-03-26T22:52:09.826+0200: 3,880: [ParNew
Desired survivor size 20112992 bytes, new threshold 8 (max 8)
- age   1:    1661896 bytes,    1661896 total
- age   2:    1850664 bytes,    3512560 total
- age   3:      93896 bytes,    3606456 total
- age   4:      11512 bytes,    3617968 total
- age   5:      95624 bytes,    3713592 total
- age   6:     181184 bytes,    3894776 total
- age   7:     763416 bytes,    4658192 total
- age   8:    6106840 bytes,   10765032 total
: 106984K->14242K(109248K), 0,0211902 secs] 106984K->14242K(502464K), 0,0212569 secs] [Times: user=0,08 sys=0,01, real=0,02 secs] 
Heap after GC invocations=8 (full 1):
 par new generation   total 109248K, used 14242K [0x00000000e0000000, 0x00000000e8000000, 0x00000000e8000000)
  eden space 87424K,   0% used [0x00000000e0000000, 0x00000000e0000000, 0x00000000e5560000)
  from space 21824K,  65% used [0x00000000e5560000, 0x00000000e6348840, 0x00000000e6ab0000)
  to   space 21824K,   0% used [0x00000000e6ab0000, 0x00000000e6ab0000, 0x00000000e8000000)
 concurrent mark-sweep generation total 393216K, used 0K [0x00000000e8000000, 0x0000000100000000, 0x0000000100000000)
 Metaspace       used 24456K, capacity 24900K, committed 25084K, reserved 1071104K
  class space    used 2864K, capacity 3048K, committed 3068K, reserved 1048576K
}
2017-03-26T22:52:09.847+0200: 3,901: Total time for which application threads were stopped: 0,0220983 seconds, Stopping threads took: 0,0006695 seconds
{Heap before GC invocations=8 (full 1):
 par new generation   total 109248K, used 101666K [0x00000000e0000000, 0x00000000e8000000, 0x00000000e8000000)
  eden space 87424K, 100% used [0x00000000e0000000, 0x00000000e5560000, 0x00000000e5560000)
  from space 21824K,  65% used [0x00000000e5560000, 0x00000000e6348840, 0x00000000e6ab0000)
  to   space 21824K,   0% used [0x00000000e6ab0000, 0x00000000e6ab0000, 0x00000000e8000000)
 concurrent mark-sweep generation total 393216K, used 0K [0x00000000e8000000, 0x0000000100000000, 0x0000000100000000)
 Metaspace       used 24917K, capacity 25390K, committed 25724K, reserved 1071104K
  class space    used 2902K, capacity 3082K, committed 3196K, reserved 1048576K
2017-03-26T22:52:09.961+0200: 4,015: [GC (Allocation Failure) 2017-03-26T22:52:09.961+0200: 4,015: [ParNew
Desired survivor size 20112992 bytes, new threshold 8 (max 8)
- age   1:    1100000 bytes,    1100000 total
- age   2:     615056 bytes,    1715056 total
- age   3:    1847728 bytes,    3562784 total
- age   4:      93864 bytes,    3656648 total
- age   5:      11512 bytes,    3668160 total
- age   6:      93080 bytes,    3761240 total
- age   7:     180624 bytes,    3941864 total
- age   8:     762672 bytes,    4704536 total
: 101666K->7153K(109248K), 0,0344152 secs] 101666K->13196K(502464K), 0,0344981 secs] [Times: user=0,09 sys=0,00, real=0,04 secs] 
Heap after GC invocations=9 (full 1):
 par new generation   total 109248K, used 7153K [0x00000000e0000000, 0x00000000e8000000, 0x00000000e8000000)
  eden space 87424K,   0% used [0x00000000e0000000, 0x00000000e0000000, 0x00000000e5560000)
  from space 21824K,  32% used [0x00000000e6ab0000, 0x00000000e71ac4a8, 0x00000000e8000000)
  to   space 21824K,   0% used [0x00000000e5560000, 0x00000000e5560000, 0x00000000e6ab0000)
 concurrent mark-sweep generation total 393216K, used 6043K [0x00000000e8000000, 0x0000000100000000, 0x0000000100000000)
 Metaspace       used 24917K, capacity 25390K, committed 25724K, reserved 1071104K
  class space    used 2902K, capacity 3082K, committed 3196K, reserved 1048576K
}
2017-03-26T22:52:09.996+0200: 4,050: Total time for which application threads were stopped: 0,0349870 seconds, Stopping threads took: 0,0003109 seconds
2017-03-26T22:52:10.004+0200: 4,057: Total time for which application threads were stopped: 0,0004072 seconds, Stopping threads took: 0,0000813 seconds
2017-03-26T22:52:10.070+0200: 4,124: Total time for which application threads were stopped: 0,0040757 seconds, Stopping threads took: 0,0039884 seconds
2017-03-26T22:52:10.070+0200: 4,124: Total time for which application threads were stopped: 0,0000623 seconds, Stopping threads took: 0,0000273 seconds
2017-03-26T22:52:10.070+0200: 4,124: Total time for which application threads were stopped: 0,0001087 seconds, Stopping threads took: 0,0000447 seconds
2017-03-26T22:52:10.074+0200: 4,128: Total time for which application threads were stopped: 0,0001048 seconds, Stopping threads took: 0,0000279 seconds
2017-03-26T22:52:10.074+0200: 4,128: Total time for which application threads were stopped: 0,0002796 seconds, Stopping threads took: 0,0002124 seconds
2017-03-26T22:52:10.075+0200: 4,129: Total time for which application threads were stopped: 0,0000931 seconds, Stopping threads took: 0,0000177 seconds
2017-03-26T22:52:10.078+0200: 4,132: Total time for which application threads were stopped: 0,0001494 seconds, Stopping threads took: 0,0000582 seconds
2017-03-26T22:52:10.078+0200: 4,132: Total time for which application threads were stopped: 0,0000698 seconds, Stopping threads took: 0,0000132 seconds
2017-03-26T22:52:10.078+0200: 4,132: Total time for which application threads were stopped: 0,0000595 seconds, Stopping threads took: 0,0000130 seconds
2017-03-26T22:52:10.078+0200: 4,132: Total time for which application threads were stopped: 0,0000416 seconds, Stopping threads took: 0,0000103 seconds
2017-03-26T22:52:10.079+0200: 4,132: Total time for which application threads were stopped: 0,0000638 seconds, Stopping threads took: 0,0000258 seconds
2017-03-26T22:52:10.079+0200: 4,132: Total time for which application threads were stopped: 0,0000680 seconds, Stopping threads took: 0,0000342 seconds
2017-03-26T22:52:10.079+0200: 4,133: Total time for which application threads were stopped: 0,0000644 seconds, Stopping threads took: 0,0000198 seconds
2017-03-26T22:52:10.079+0200: 4,133: Total time for which application threads were stopped: 0,0000486 seconds, Stopping threads took: 0,0000166 seconds
2017-03-26T22:52:10.082+0200: 4,136: Total time for which application threads were stopped: 0,0001383 seconds, Stopping threads took: 0,0000395 seconds
2017-03-26T22:52:10.082+0200: 4,136: Total time for which application threads were stopped: 0,0000616 seconds, Stopping threads took: 0,0000084 seconds
2017-03-26T22:52:10.082+0200: 4,136: Total time for which application threads were stopped: 0,0000724 seconds, Stopping threads took: 0,0000100 seconds
2017-03-26T22:52:10.083+0200: 4,136: Total time for which application threads were stopped: 0,0000807 seconds, Stopping threads took: 0,0000095 seconds
2017-03-26T22:52:10.083+0200: 4,137: Total time for which application threads were stopped: 0,0000900 seconds, Stopping threads took: 0,0000280 seconds
2017-03-26T22:52:10.083+0200: 4,137: Total time for which application threads were stopped: 0,0001036 seconds, Stopping threads took: 0,0000459 seconds
2017-03-26T22:52:10.083+0200: 4,137: Total time for which application threads were stopped: 0,0000756 seconds, Stopping threads took: 0,0000218 seconds
2017-03-26T22:52:10.084+0200: 4,138: Total time for which application threads were stopped: 0,0001180 seconds, Stopping threads took: 0,0000392 seconds
2017-03-26T22:52:10.084+0200: 4,138: Total time for which application threads were stopped: 0,0000591 seconds, Stopping threads took: 0,0000183 seconds
2017-03-26T22:52:10.084+0200: 4,138: Total time for which application threads were stopped: 0,0000740 seconds, Stopping threads took: 0,0000236 seconds
2017-03-26T22:52:10.084+0200: 4,138: Total time for which application threads were stopped: 0,0001149 seconds, Stopping threads took: 0,0000147 seconds
2017-03-26T22:52:10.085+0200: 4,139: Total time for which application threads were stopped: 0,0000888 seconds, Stopping threads took: 0,0000218 seconds
2017-03-26T22:52:10.085+0200: 4,139: Total time for which application threads were stopped: 0,0004532 seconds, Stopping threads took: 0,0004156 seconds
2017-03-26T22:52:10.085+0200: 4,139: Total time for which application threads were stopped: 0,0000627 seconds, Stopping threads took: 0,0000216 seconds
2017-03-26T22:52:10.086+0200: 4,140: Total time for which application threads were stopped: 0,0001228 seconds, Stopping threads took: 0,0000427 seconds
2017-03-26T22:52:10.086+0200: 4,140: Total time for which application threads were stopped: 0,0000696 seconds, Stopping threads took: 0,0000182 seconds
2017-03-26T22:52:10.092+0200: 4,146: Total time for which application threads were stopped: 0,0002092 seconds, Stopping threads took: 0,0001192 seconds
2017-03-26T22:52:10.092+0200: 4,146: Total time for which application threads were stopped: 0,0000511 seconds, Stopping threads took: 0,0000161 seconds
2017-03-26T22:52:10.092+0200: 4,146: Total time for which application threads were stopped: 0,0000450 seconds, Stopping threads took: 0,0000175 seconds
2017-03-26T22:52:10.092+0200: 4,146: Total time for which application threads were stopped: 0,0000490 seconds, Stopping threads took: 0,0000078 seconds
2017-03-26T22:52:10.092+0200: 4,146: Total time for which application threads were stopped: 0,0000526 seconds, Stopping threads took: 0,0000165 seconds
2017-03-26T22:52:10.093+0200: 4,146: Total time for which application threads were stopped: 0,0000765 seconds, Stopping threads took: 0,0000213 seconds
2017-03-26T22:52:10.093+0200: 4,147: Total time for which application threads were stopped: 0,0000710 seconds, Stopping threads took: 0,0000131 seconds
2017-03-26T22:52:10.093+0200: 4,147: Total time for which application threads were stopped: 0,0000526 seconds, Stopping threads took: 0,0000104 seconds
2017-03-26T22:52:10.093+0200: 4,147: Total time for which application threads were stopped: 0,0000470 seconds, Stopping threads took: 0,0000101 seconds
2017-03-26T22:52:10.094+0200: 4,148: Total time for which application threads were stopped: 0,0001128 seconds, Stopping threads took: 0,0000180 seconds
2017-03-26T22:52:10.094+0200: 4,148: Total time for which application threads were stopped: 0,0000542 seconds, Stopping threads took: 0,0000108 seconds
2017-03-26T22:52:10.099+0200: 4,153: Total time for which application threads were stopped: 0,0001093 seconds, Stopping threads took: 0,0000375 seconds
2017-03-26T22:52:10.101+0200: 4,155: Total time for which application threads were stopped: 0,0000860 seconds, Stopping threads took: 0,0000210 seconds
2017-03-26T22:52:10.101+0200: 4,155: Total time for which application threads were stopped: 0,0000739 seconds, Stopping threads took: 0,0000236 seconds
2017-03-26T22:52:10.101+0200: 4,155: Total time for which application threads were stopped: 0,0000660 seconds, Stopping threads took: 0,0000285 seconds
2017-03-26T22:52:10.101+0200: 4,155: Total time for which application threads were stopped: 0,0001224 seconds, Stopping threads took: 0,0000780 seconds
2017-03-26T22:52:10.103+0200: 4,157: Total time for which application threads were stopped: 0,0001133 seconds, Stopping threads took: 0,0000352 seconds
2017-03-26T22:52:10.103+0200: 4,157: Total time for which application threads were stopped: 0,0001000 seconds, Stopping threads took: 0,0000255 seconds
2017-03-26T22:52:10.103+0200: 4,157: Total time for which application threads were stopped: 0,0001219 seconds, Stopping threads took: 0,0000231 seconds
2017-03-26T22:52:10.111+0200: 4,165: Total time for which application threads were stopped: 0,0001629 seconds, Stopping threads took: 0,0000685 seconds
2017-03-26T22:52:10.114+0200: 4,168: Total time for which application threads were stopped: 0,0001282 seconds, Stopping threads took: 0,0000694 seconds
2017-03-26T22:52:10.126+0200: 4,180: Total time for which application threads were stopped: 0,0001496 seconds, Stopping threads took: 0,0000546 seconds
2017-03-26T22:52:10.126+0200: 4,180: Total time for which application threads were stopped: 0,0000680 seconds, Stopping threads took: 0,0000268 seconds
2017-03-26T22:52:10.145+0200: 4,199: Total time for which application threads were stopped: 0,0001785 seconds, Stopping threads took: 0,0001012 seconds
2017-03-26T22:52:10.156+0200: 4,210: Total time for which application threads were stopped: 0,0000811 seconds, Stopping threads took: 0,0000227 seconds
2017-03-26T22:52:10.157+0200: 4,211: Total time for which application threads were stopped: 0,0001125 seconds, Stopping threads took: 0,0000382 seconds
2017-03-26T22:52:10.166+0200: 4,220: Total time for which application threads were stopped: 0,0001273 seconds, Stopping threads took: 0,0000431 seconds
2017-03-26T22:52:10.216+0200: 4,270: Total time for which application threads were stopped: 0,0004654 seconds, Stopping threads took: 0,0000398 seconds
2017-03-26T22:52:10.232+0200: 4,286: Total time for which application threads were stopped: 0,0004333 seconds, Stopping threads took: 0,0000405 seconds
2017-03-26T22:52:10.324+0200: 4,378: Total time for which application threads were stopped: 0,0001584 seconds, Stopping threads took: 0,0000265 seconds
2017-03-26T22:52:10.327+0200: 4,381: Total time for which application threads were stopped: 0,0003984 seconds, Stopping threads took: 0,0000150 seconds
2017-03-26T22:52:10.328+0200: 4,382: Total time for which application threads were stopped: 0,0000837 seconds, Stopping threads took: 0,0000220 seconds
2017-03-26T22:52:10.333+0200: 4,386: Total time for which application threads were stopped: 0,0001283 seconds, Stopping threads took: 0,0000358 seconds
2017-03-26T22:52:10.333+0200: 4,387: Total time for which application threads were stopped: 0,0000696 seconds, Stopping threads took: 0,0000117 seconds
2017-03-26T22:52:10.348+0200: 4,402: Total time for which application threads were stopped: 0,0000878 seconds, Stopping threads took: 0,0000228 seconds
2017-03-26T22:52:10.362+0200: 4,415: Total time for which application threads were stopped: 0,0001313 seconds, Stopping threads took: 0,0000351 seconds
2017-03-26T22:52:10.364+0200: 4,418: Total time for which application threads were stopped: 0,0001465 seconds, Stopping threads took: 0,0000508 seconds
2017-03-26T22:52:10.370+0200: 4,424: Total time for which application threads were stopped: 0,0001217 seconds, Stopping threads took: 0,0000355 seconds
2017-03-26T22:52:10.371+0200: 4,424: Total time for which application threads were stopped: 0,0001026 seconds, Stopping threads took: 0,0000354 seconds
2017-03-26T22:52:10.375+0200: 4,429: Total time for which application threads were stopped: 0,0000857 seconds, Stopping threads took: 0,0000202 seconds
2017-03-26T22:52:10.380+0200: 4,434: Total time for which application threads were stopped: 0,0001288 seconds, Stopping threads took: 0,0000478 seconds
2017-03-26T22:52:10.385+0200: 4,439: Total time for which application threads were stopped: 0,0002366 seconds, Stopping threads took: 0,0000367 seconds
2017-03-26T22:52:10.391+0200: 4,444: Total time for which application threads were stopped: 0,0001543 seconds, Stopping threads took: 0,0000642 seconds
2017-03-26T22:52:10.407+0200: 4,461: Total time for which application threads were stopped: 0,0004341 seconds, Stopping threads took: 0,0003126 seconds
2017-03-26T22:52:10.417+0200: 4,471: Total time for which application threads were stopped: 0,0009169 seconds, Stopping threads took: 0,0007867 seconds
2017-03-26T22:52:10.451+0200: 4,505: Total time for which application threads were stopped: 0,0004958 seconds, Stopping threads took: 0,0000656 seconds
2017-03-26T22:52:10.452+0200: 4,505: Total time for which application threads were stopped: 0,0001126 seconds, Stopping threads took: 0,0000424 seconds
2017-03-26T22:52:10.452+0200: 4,506: Total time for which application threads were stopped: 0,0000797 seconds, Stopping threads took: 0,0000260 seconds
2017-03-26T22:52:10.457+0200: 4,511: Total time for which application threads were stopped: 0,0001330 seconds, Stopping threads took: 0,0000436 seconds
2017-03-26T22:52:11.457+0200: 5,511: Total time for which application threads were stopped: 0,0000689 seconds, Stopping threads took: 0,0000175 seconds
2017-03-26T22:52:22.459+0200: 16,513: Total time for which application threads were stopped: 0,0000741 seconds, Stopping threads took: 0,0000189 seconds
2017-03-26T22:52:27.460+0200: 21,513: Total time for which application threads were stopped: 0,0000640 seconds, Stopping threads took: 0,0000157 seconds
2017-03-26T22:52:36.953+0200: 31,514: Total time for which application threads were stopped: 0,0000835 seconds, Stopping threads took: 0,0000354 seconds
2017-03-26T22:53:36.962+0200: 91,523: Total time for which application threads were stopped: 0,0001523 seconds, Stopping threads took: 0,0000617 seconds
2017-03-26T22:54:06.966+0200: 121,527: Total time for which application threads were stopped: 0,0000851 seconds, Stopping threads took: 0,0000328 seconds
2017-03-26T22:55:10.972+0200: 185,533: Total time for which application threads were stopped: 0,0000854 seconds, Stopping threads took: 0,0000330 seconds
2017-03-26T22:56:40.982+0200: 275,543: Total time for which application threads were stopped: 0,0007320 seconds, Stopping threads took: 0,0003305 seconds
2017-03-26T22:56:41.983+0200: 276,544: Total time for which application threads were stopped: 0,0004558 seconds, Stopping threads took: 0,0000830 seconds
2017-03-26T23:15:36.115+0200: 1410,676: Total time for which application threads were stopped: 0,0000837 seconds, Stopping threads took: 0,0000334 seconds
2017-03-26T23:20:26.146+0200: 1700,707: Total time for which application threads were stopped: 0,0000843 seconds, Stopping threads took: 0,0000288 seconds
2017-03-26T23:20:31.147+0200: 1705,708: Total time for which application threads were stopped: 0,0000919 seconds, Stopping threads took: 0,0000317 seconds
2017-03-26T23:29:07.201+0200: 2221,762: Total time for which application threads were stopped: 0,0001173 seconds, Stopping threads took: 0,0000414 seconds
2017-03-26T23:30:27.210+0200: 2301,771: Total time for which application threads were stopped: 0,0000925 seconds, Stopping threads took: 0,0000321 seconds
2017-03-26T23:30:31.211+0200: 2305,772: Total time for which application threads were stopped: 0,0000835 seconds, Stopping threads took: 0,0000286 seconds
2017-03-26T23:45:22.314+0200: 3196,875: Total time for which application threads were stopped: 0,0000806 seconds, Stopping threads took: 0,0000309 seconds
2017-03-26T23:56:51.395+0200: 3885,956: Total time for which application threads were stopped: 0,0001011 seconds, Stopping threads took: 0,0000329 seconds
2017-03-26T23:56:56.395+0200: 3890,957: Total time for which application threads were stopped: 0,0000640 seconds, Stopping threads took: 0,0000148 seconds
2017-03-27T00:07:27.471+0200: 4522,032: Total time for which application threads were stopped: 0,0000894 seconds, Stopping threads took: 0,0000359 seconds
2017-03-27T00:07:32.472+0200: 4527,033: Total time for which application threads were stopped: 0,0000774 seconds, Stopping threads took: 0,0000292 seconds
{Heap before GC invocations=9 (full 1):
 par new generation   total 109248K, used 94577K [0x00000000e0000000, 0x00000000e8000000, 0x00000000e8000000)
  eden space 87424K, 100% used [0x00000000e0000000, 0x00000000e5560000, 0x00000000e5560000)
  from space 21824K,  32% used [0x00000000e6ab0000, 0x00000000e71ac4a8, 0x00000000e8000000)
  to   space 21824K,   0% used [0x00000000e5560000, 0x00000000e5560000, 0x00000000e6ab0000)
 concurrent mark-sweep generation total 393216K, used 6043K [0x00000000e8000000, 0x0000000100000000, 0x0000000100000000)
 Metaspace       used 28069K, capacity 28562K, committed 28796K, reserved 1075200K
  class space    used 3218K, capacity 3388K, committed 3452K, reserved 1048576K
2017-03-27T00:34:38.522+0200: 6153,083: [GC (Allocation Failure) 2017-03-27T00:34:38.522+0200: 6153,083: [ParNew
Desired survivor size 20112992 bytes, new threshold 8 (max 8)
- age   1:   10303040 bytes,   10303040 total
- age   2:     185760 bytes,   10488800 total
- age   3:     130720 bytes,   10619520 total
- age   4:    1549240 bytes,   12168760 total
- age   5:      93720 bytes,   12262480 total
- age   6:      11512 bytes,   12273992 total
- age   7:      92952 bytes,   12366944 total
- age   8:     180528 bytes,   12547472 total
: 94577K->13649K(109248K), 0,0941002 secs] 100620K->20528K(502464K), 0,0941662 secs] [Times: user=0,05 sys=0,00, real=0,10 secs] 
Heap after GC invocations=10 (full 1):
 par new generation   total 109248K, used 13649K [0x00000000e0000000, 0x00000000e8000000, 0x00000000e8000000)
  eden space 87424K,   0% used [0x00000000e0000000, 0x00000000e0000000, 0x00000000e5560000)
  from space 21824K,  62% used [0x00000000e5560000, 0x00000000e62b4440, 0x00000000e6ab0000)
  to   space 21824K,   0% used [0x00000000e6ab0000, 0x00000000e6ab0000, 0x00000000e8000000)
 concurrent mark-sweep generation total 393216K, used 6879K [0x00000000e8000000, 0x0000000100000000, 0x0000000100000000)
 Metaspace       used 28069K, capacity 28562K, committed 28796K, reserved 1075200K
  class space    used 3218K, capacity 3388K, committed 3452K, reserved 1048576K
}
2017-03-27T00:34:38.616+0200: 6153,177: Total time for which application threads were stopped: 0,0943743 seconds, Stopping threads took: 0,0000173 seconds
2017-03-27T00:34:38.618+0200: 6153,179: Total time for which application threads were stopped: 0,0005798 seconds, Stopping threads took: 0,0004997 seconds
2017-03-27T00:34:38.623+0200: 6153,184: Total time for which application threads were stopped: 0,0004411 seconds, Stopping threads took: 0,0003791 seconds
2017-03-27T00:34:38.624+0200: 6153,185: Total time for which application threads were stopped: 0,0000420 seconds, Stopping threads took: 0,0000100 seconds
2017-03-27T00:34:38.629+0200: 6153,190: Total time for which application threads were stopped: 0,0019975 seconds, Stopping threads took: 0,0019273 seconds
2017-03-27T00:34:38.630+0200: 6153,191: Total time for which application threads were stopped: 0,0000823 seconds, Stopping threads took: 0,0000171 seconds
2017-03-27T00:34:38.630+0200: 6153,191: Total time for which application threads were stopped: 0,0000619 seconds, Stopping threads took: 0,0000091 seconds
2017-03-27T00:34:38.630+0200: 6153,191: Total time for which application threads were stopped: 0,0000436 seconds, Stopping threads took: 0,0000056 seconds
2017-03-27T00:34:38.630+0200: 6153,191: Total time for which application threads were stopped: 0,0000416 seconds, Stopping threads took: 0,0000063 seconds
2017-03-27T00:34:38.630+0200: 6153,192: Total time for which application threads were stopped: 0,0000369 seconds, Stopping threads took: 0,0000053 seconds
2017-03-27T00:34:38.631+0200: 6153,192: Total time for which application threads were stopped: 0,0000495 seconds, Stopping threads took: 0,0000154 seconds
2017-03-27T00:34:38.631+0200: 6153,192: Total time for which application threads were stopped: 0,0000368 seconds, Stopping threads took: 0,0000048 seconds
2017-03-27T00:34:38.631+0200: 6153,192: Total time for which application threads were stopped: 0,0000371 seconds, Stopping threads took: 0,0000056 seconds
2017-03-27T00:34:38.632+0200: 6153,193: Total time for which application threads were stopped: 0,0003390 seconds, Stopping threads took: 0,0002550 seconds
2017-03-27T00:34:38.635+0200: 6153,196: Total time for which application threads were stopped: 0,0026863 seconds, Stopping threads took: 0,0025910 seconds
2017-03-27T00:34:38.639+0200: 6153,200: Total time for which application threads were stopped: 0,0001408 seconds, Stopping threads took: 0,0000272 seconds
2017-03-27T00:34:38.639+0200: 6153,201: Total time for which application threads were stopped: 0,0000843 seconds, Stopping threads took: 0,0000205 seconds
2017-03-27T00:34:38.640+0200: 6153,201: Total time for which application threads were stopped: 0,0000627 seconds, Stopping threads took: 0,0000130 seconds
2017-03-27T00:34:38.640+0200: 6153,201: Total time for which application threads were stopped: 0,0000558 seconds, Stopping threads took: 0,0000110 seconds
2017-03-27T00:34:38.641+0200: 6153,202: Total time for which application threads were stopped: 0,0001445 seconds, Stopping threads took: 0,0000240 seconds
2017-03-27T00:34:38.654+0200: 6153,215: Total time for which application threads were stopped: 0,0033457 seconds, Stopping threads took: 0,0032636 seconds
2017-03-27T00:34:38.659+0200: 6153,220: Total time for which application threads were stopped: 0,0039954 seconds, Stopping threads took: 0,0039093 seconds
2017-03-27T00:34:38.659+0200: 6153,220: Total time for which application threads were stopped: 0,0005254 seconds, Stopping threads took: 0,0004479 seconds
2017-03-27T00:34:38.659+0200: 6153,220: Total time for which application threads were stopped: 0,0000613 seconds, Stopping threads took: 0,0000133 seconds
2017-03-27T00:34:38.659+0200: 6153,221: Total time for which application threads were stopped: 0,0000595 seconds, Stopping threads took: 0,0000085 seconds
2017-03-27T00:34:38.660+0200: 6153,221: Total time for which application threads were stopped: 0,0000531 seconds, Stopping threads took: 0,0000067 seconds
2017-03-27T00:34:38.662+0200: 6153,223: Total time for which application threads were stopped: 0,0001117 seconds, Stopping threads took: 0,0000167 seconds
2017-03-27T00:34:38.662+0200: 6153,223: Total time for which application threads were stopped: 0,0000702 seconds, Stopping threads took: 0,0000111 seconds
2017-03-27T00:34:38.662+0200: 6153,223: Total time for which application threads were stopped: 0,0000857 seconds, Stopping threads took: 0,0000134 seconds
2017-03-27T00:34:38.663+0200: 6153,224: Total time for which application threads were stopped: 0,0000754 seconds, Stopping threads took: 0,0000146 seconds
2017-03-27T00:34:38.663+0200: 6153,224: Total time for which application threads were stopped: 0,0000522 seconds, Stopping threads took: 0,0000084 seconds
2017-03-27T00:34:38.663+0200: 6153,224: Total time for which application threads were stopped: 0,0000517 seconds, Stopping threads took: 0,0000075 seconds
2017-03-27T00:34:38.663+0200: 6153,224: Total time for which application threads were stopped: 0,0000570 seconds, Stopping threads took: 0,0000070 seconds
2017-03-27T00:34:38.670+0200: 6153,231: Total time for which application threads were stopped: 0,0000880 seconds, Stopping threads took: 0,0000162 seconds
2017-03-27T00:34:38.670+0200: 6153,231: Total time for which application threads were stopped: 0,0000547 seconds, Stopping threads took: 0,0000116 seconds
2017-03-27T00:34:38.670+0200: 6153,231: Total time for which application threads were stopped: 0,0000711 seconds, Stopping threads took: 0,0000176 seconds
2017-03-27T00:34:38.670+0200: 6153,231: Total time for which application threads were stopped: 0,0000545 seconds, Stopping threads took: 0,0000098 seconds
2017-03-27T00:34:38.670+0200: 6153,231: Total time for which application threads were stopped: 0,0000452 seconds, Stopping threads took: 0,0000089 seconds
2017-03-27T00:34:38.671+0200: 6153,232: Total time for which application threads were stopped: 0,0001262 seconds, Stopping threads took: 0,0000583 seconds
2017-03-27T00:34:38.672+0200: 6153,233: Total time for which application threads were stopped: 0,0000991 seconds, Stopping threads took: 0,0000321 seconds
2017-03-27T00:34:38.673+0200: 6153,234: Total time for which application threads were stopped: 0,0004561 seconds, Stopping threads took: 0,0003902 seconds
2017-03-27T00:34:38.673+0200: 6153,234: Total time for which application threads were stopped: 0,0000562 seconds, Stopping threads took: 0,0000085 seconds
2017-03-27T00:34:38.675+0200: 6153,236: Total time for which application threads were stopped: 0,0000920 seconds, Stopping threads took: 0,0000172 seconds
2017-03-27T00:34:38.675+0200: 6153,236: Total time for which application threads were stopped: 0,0000555 seconds, Stopping threads took: 0,0000080 seconds
2017-03-27T00:34:38.679+0200: 6153,240: Total time for which application threads were stopped: 0,0001089 seconds, Stopping threads took: 0,0000256 seconds
2017-03-27T00:34:38.679+0200: 6153,240: Total time for which application threads were stopped: 0,0000545 seconds, Stopping threads took: 0,0000083 seconds
2017-03-27T00:34:38.679+0200: 6153,240: Total time for which application threads were stopped: 0,0000484 seconds, Stopping threads took: 0,0000092 seconds
2017-03-27T00:34:38.679+0200: 6153,240: Total time for which application threads were stopped: 0,0000418 seconds, Stopping threads took: 0,0000060 seconds
2017-03-27T00:34:38.680+0200: 6153,241: Total time for which application threads were stopped: 0,0000660 seconds, Stopping threads took: 0,0000126 seconds
2017-03-27T00:34:38.680+0200: 6153,242: Total time for which application threads were stopped: 0,0000508 seconds, Stopping threads took: 0,0000078 seconds
2017-03-27T00:34:38.681+0200: 6153,242: Total time for which application threads were stopped: 0,0000832 seconds, Stopping threads took: 0,0000057 seconds
2017-03-27T00:34:38.681+0200: 6153,242: Total time for which application threads were stopped: 0,0000566 seconds, Stopping threads took: 0,0000111 seconds
2017-03-27T00:34:38.681+0200: 6153,242: Total time for which application threads were stopped: 0,0000428 seconds, Stopping threads took: 0,0000084 seconds
2017-03-27T00:34:38.681+0200: 6153,242: Total time for which application threads were stopped: 0,0000368 seconds, Stopping threads took: 0,0000049 seconds
2017-03-27T00:34:38.681+0200: 6153,242: Total time for which application threads were stopped: 0,0000411 seconds, Stopping threads took: 0,0000056 seconds
2017-03-27T00:34:38.681+0200: 6153,242: Total time for which application threads were stopped: 0,0000380 seconds, Stopping threads took: 0,0000051 seconds
2017-03-27T00:34:38.681+0200: 6153,242: Total time for which application threads were stopped: 0,0000365 seconds, Stopping threads took: 0,0000053 seconds
2017-03-27T00:34:38.682+0200: 6153,243: Total time for which application threads were stopped: 0,0000423 seconds, Stopping threads took: 0,0000067 seconds
2017-03-27T00:34:38.682+0200: 6153,243: Total time for which application threads were stopped: 0,0000367 seconds, Stopping threads took: 0,0000053 seconds
2017-03-27T00:34:38.682+0200: 6153,243: Total time for which application threads were stopped: 0,0002451 seconds, Stopping threads took: 0,0000050 seconds
2017-03-27T00:34:38.683+0200: 6153,244: Total time for which application threads were stopped: 0,0000919 seconds, Stopping threads took: 0,0000242 seconds
2017-03-27T00:34:38.683+0200: 6153,244: Total time for which application threads were stopped: 0,0000466 seconds, Stopping threads took: 0,0000071 seconds
2017-03-27T00:34:38.683+0200: 6153,244: Total time for which application threads were stopped: 0,0000411 seconds, Stopping threads took: 0,0000058 seconds
2017-03-27T00:34:38.684+0200: 6153,245: Total time for which application threads were stopped: 0,0001141 seconds, Stopping threads took: 0,0000176 seconds
2017-03-27T00:34:38.690+0200: 6153,251: Total time for which application threads were stopped: 0,0000819 seconds, Stopping threads took: 0,0000196 seconds
2017-03-27T00:34:38.690+0200: 6153,251: Total time for which application threads were stopped: 0,0000515 seconds, Stopping threads took: 0,0000102 seconds
2017-03-27T00:34:38.690+0200: 6153,251: Total time for which application threads were stopped: 0,0000473 seconds, Stopping threads took: 0,0000082 seconds
2017-03-27T00:34:38.690+0200: 6153,251: Total time for which application threads were stopped: 0,0000456 seconds, Stopping threads took: 0,0000081 seconds
2017-03-27T00:34:38.690+0200: 6153,251: Total time for which application threads were stopped: 0,0000444 seconds, Stopping threads took: 0,0000076 seconds
2017-03-27T00:34:38.690+0200: 6153,251: Total time for which application threads were stopped: 0,0000433 seconds, Stopping threads took: 0,0000076 seconds
2017-03-27T00:34:38.690+0200: 6153,251: Total time for which application threads were stopped: 0,0000414 seconds, Stopping threads took: 0,0000069 seconds
2017-03-27T00:34:38.690+0200: 6153,251: Total time for which application threads were stopped: 0,0000397 seconds, Stopping threads took: 0,0000072 seconds
2017-03-27T00:34:38.690+0200: 6153,251: Total time for which application threads were stopped: 0,0000380 seconds, Stopping threads took: 0,0000074 seconds
2017-03-27T00:34:38.690+0200: 6153,252: Total time for which application threads were stopped: 0,0000361 seconds, Stopping threads took: 0,0000066 seconds
2017-03-27T00:34:38.691+0200: 6153,252: Total time for which application threads were stopped: 0,0001066 seconds, Stopping threads took: 0,0000069 seconds
2017-03-27T00:34:38.691+0200: 6153,252: Total time for which application threads were stopped: 0,0000733 seconds, Stopping threads took: 0,0000151 seconds
2017-03-27T00:34:38.692+0200: 6153,253: Total time for which application threads were stopped: 0,0000806 seconds, Stopping threads took: 0,0000074 seconds
Heap
 par new generation   total 109248K, used 18120K [0x00000000e0000000, 0x00000000e8000000, 0x00000000e8000000)
  eden space 87424K,   5% used [0x00000000e0000000, 0x00000000e045dc80, 0x00000000e5560000)
  from space 21824K,  62% used [0x00000000e5560000, 0x00000000e62b4440, 0x00000000e6ab0000)
  to   space 21824K,   0% used [0x00000000e6ab0000, 0x00000000e6ab0000, 0x00000000e8000000)
 concurrent mark-sweep generation total 393216K, used 6879K [0x00000000e8000000, 0x0000000100000000, 0x0000000100000000)
 Metaspace       used 28130K, capacity 28628K, committed 28796K, reserved 1075200K
  class space    used 3226K, capacity 3389K, committed 3452K, reserved 1048576K
