OpenJDK 64-Bit Server VM (25.91-b14) for linux-amd64 JRE (1.8.0_91-8u91-b14-3ubuntu1~16.04.1-b14), built on Jul 21 2016 04:13:34 by "buildd" with gcc 5.3.1 20160413
Memory: 4k page, physical 7867876k(7550224k free), swap 8076284k(8076284k free)
CommandLine flags: -XX:CMSInitiatingOccupancyFraction=50 -XX:CMSMaxAbortablePrecleanTime=6000 -XX:+CMSParallelRemarkEnabled -XX:+CMSScavengeBeforeRemark -XX:ConcGCThreads=4 -XX:InitialHeapSize=536870912 -XX:MaxHeapSize=536870912 -XX:MaxTenuringThreshold=8 -XX:NewRatio=3 -XX:OldPLABSize=16 -XX:OnOutOfMemoryError=/opt/solr/bin/oom_solr.sh 8983 /var/solr/logs -XX:ParallelGCThreads=4 -XX:+ParallelRefProcEnabled -XX:PretenureSizeThreshold=67108864 -XX:+PrintGC -XX:+PrintGCApplicationStoppedTime -XX:+PrintGCDateStamps -XX:+PrintGCDetails -XX:+PrintGCTimeStamps -XX:+PrintHeapAtGC -XX:+PrintTenuringDistribution -XX:SurvivorRatio=4 -XX:TargetSurvivorRatio=90 -XX:ThreadStackSize=256 -XX:+UseCMSInitiatingOccupancyOnly -XX:+UseCompressedClassPointers -XX:+UseCompressedOops -XX:+UseConcMarkSweepGC -XX:+UseParNewGC 
2016-10-25T09:28:56.687+0200: 0,130: Total time for which application threads were stopped: 0,0000637 seconds, Stopping threads took: 0,0000086 seconds
2016-10-25T09:28:56.756+0200: 0,199: Total time for which application threads were stopped: 0,0000867 seconds, Stopping threads took: 0,0000156 seconds
2016-10-25T09:28:56.768+0200: 0,212: Total time for which application threads were stopped: 0,0000769 seconds, Stopping threads took: 0,0000131 seconds
2016-10-25T09:28:56.923+0200: 0,366: Total time for which application threads were stopped: 0,0002076 seconds, Stopping threads took: 0,0000282 seconds
2016-10-25T09:28:57.121+0200: 0,564: Total time for which application threads were stopped: 0,0001162 seconds, Stopping threads took: 0,0000099 seconds
2016-10-25T09:28:57.236+0200: 0,679: Total time for which application threads were stopped: 0,0003041 seconds, Stopping threads took: 0,0000252 seconds
2016-10-25T09:28:57.326+0200: 0,769: Total time for which application threads were stopped: 0,0005634 seconds, Stopping threads took: 0,0000333 seconds
2016-10-25T09:28:57.679+0200: 1,123: Total time for which application threads were stopped: 0,0001659 seconds, Stopping threads took: 0,0000175 seconds
2016-10-25T09:28:57.737+0200: 1,180: Total time for which application threads were stopped: 0,0001671 seconds, Stopping threads took: 0,0000221 seconds
2016-10-25T09:28:57.826+0200: 1,270: Total time for which application threads were stopped: 0,0001697 seconds, Stopping threads took: 0,0000118 seconds
2016-10-25T09:28:57.918+0200: 1,361: Total time for which application threads were stopped: 0,0001949 seconds, Stopping threads took: 0,0000168 seconds
2016-10-25T09:28:57.919+0200: 1,362: Total time for which application threads were stopped: 0,0001779 seconds, Stopping threads took: 0,0000100 seconds
2016-10-25T09:28:57.936+0200: 1,379: Total time for which application threads were stopped: 0,0001817 seconds, Stopping threads took: 0,0000121 seconds
2016-10-25T09:28:58.036+0200: 1,479: Total time for which application threads were stopped: 0,0002038 seconds, Stopping threads took: 0,0000213 seconds
2016-10-25T09:28:58.151+0200: 1,595: Total time for which application threads were stopped: 0,0005216 seconds, Stopping threads took: 0,0003207 seconds
{Heap before GC invocations=0 (full 0):
 par new generation   total 109248K, used 87424K [0x00000000e0000000, 0x00000000e8000000, 0x00000000e8000000)
  eden space 87424K, 100% used [0x00000000e0000000, 0x00000000e5560000, 0x00000000e5560000)
  from space 21824K,   0% used [0x00000000e5560000, 0x00000000e5560000, 0x00000000e6ab0000)
  to   space 21824K,   0% used [0x00000000e6ab0000, 0x00000000e6ab0000, 0x00000000e8000000)
 concurrent mark-sweep generation total 393216K, used 0K [0x00000000e8000000, 0x0000000100000000, 0x0000000100000000)
 Metaspace       used 18490K, capacity 18758K, committed 18944K, reserved 1067008K
  class space    used 2108K, capacity 2228K, committed 2304K, reserved 1048576K
2016-10-25T09:28:58.300+0200: 1,743: [GC (Allocation Failure) 2016-10-25T09:28:58.300+0200: 1,743: [ParNew
Desired survivor size 20112992 bytes, new threshold 8 (max 8)
- age   1:   12471768 bytes,   12471768 total
: 87424K->12301K(109248K), 0,0218263 secs] 87424K->12301K(502464K), 0,0218936 secs] [Times: user=0,06 sys=0,01, real=0,02 secs] 
Heap after GC invocations=1 (full 0):
 par new generation   total 109248K, used 12301K [0x00000000e0000000, 0x00000000e8000000, 0x00000000e8000000)
  eden space 87424K,   0% used [0x00000000e0000000, 0x00000000e0000000, 0x00000000e5560000)
  from space 21824K,  56% used [0x00000000e6ab0000, 0x00000000e76b3550, 0x00000000e8000000)
  to   space 21824K,   0% used [0x00000000e5560000, 0x00000000e5560000, 0x00000000e6ab0000)
 concurrent mark-sweep generation total 393216K, used 0K [0x00000000e8000000, 0x0000000100000000, 0x0000000100000000)
 Metaspace       used 18490K, capacity 18758K, committed 18944K, reserved 1067008K
  class space    used 2108K, capacity 2228K, committed 2304K, reserved 1048576K
}
2016-10-25T09:28:58.322+0200: 1,765: Total time for which application threads were stopped: 0,0220820 seconds, Stopping threads took: 0,0000244 seconds
2016-10-25T09:28:58.507+0200: 1,950: Total time for which application threads were stopped: 0,0004046 seconds, Stopping threads took: 0,0000265 seconds
2016-10-25T09:28:58.555+0200: 1,998: Total time for which application threads were stopped: 0,0013055 seconds, Stopping threads took: 0,0010789 seconds
2016-10-25T09:28:58.591+0200: 2,034: Total time for which application threads were stopped: 0,0003300 seconds, Stopping threads took: 0,0000365 seconds
{Heap before GC invocations=1 (full 0):
 par new generation   total 109248K, used 99725K [0x00000000e0000000, 0x00000000e8000000, 0x00000000e8000000)
  eden space 87424K, 100% used [0x00000000e0000000, 0x00000000e5560000, 0x00000000e5560000)
  from space 21824K,  56% used [0x00000000e6ab0000, 0x00000000e76b3550, 0x00000000e8000000)
  to   space 21824K,   0% used [0x00000000e5560000, 0x00000000e5560000, 0x00000000e6ab0000)
 concurrent mark-sweep generation total 393216K, used 0K [0x00000000e8000000, 0x0000000100000000, 0x0000000100000000)
 Metaspace       used 20717K, capacity 21026K, committed 21248K, reserved 1069056K
  class space    used 2402K, capacity 2519K, committed 2560K, reserved 1048576K
2016-10-25T09:28:58.789+0200: 2,232: [GC (Allocation Failure) 2016-10-25T09:28:58.789+0200: 2,232: [ParNew
Desired survivor size 20112992 bytes, new threshold 8 (max 8)
- age   1:    2505152 bytes,    2505152 total
- age   2:    6025328 bytes,    8530480 total
: 99725K->11217K(109248K), 0,0089483 secs] 99725K->11217K(502464K), 0,0090117 secs] [Times: user=0,03 sys=0,01, real=0,01 secs] 
Heap after GC invocations=2 (full 0):
 par new generation   total 109248K, used 11217K [0x00000000e0000000, 0x00000000e8000000, 0x00000000e8000000)
  eden space 87424K,   0% used [0x00000000e0000000, 0x00000000e0000000, 0x00000000e5560000)
  from space 21824K,  51% used [0x00000000e5560000, 0x00000000e6054460, 0x00000000e6ab0000)
  to   space 21824K,   0% used [0x00000000e6ab0000, 0x00000000e6ab0000, 0x00000000e8000000)
 concurrent mark-sweep generation total 393216K, used 0K [0x00000000e8000000, 0x0000000100000000, 0x0000000100000000)
 Metaspace       used 20717K, capacity 21026K, committed 21248K, reserved 1069056K
  class space    used 2402K, capacity 2519K, committed 2560K, reserved 1048576K
}
2016-10-25T09:28:58.798+0200: 2,241: Total time for which application threads were stopped: 0,0092004 seconds, Stopping threads took: 0,0000366 seconds
2016-10-25T09:28:58.840+0200: 2,283: Total time for which application threads were stopped: 0,0001628 seconds, Stopping threads took: 0,0000907 seconds
2016-10-25T09:28:58.873+0200: 2,316: Total time for which application threads were stopped: 0,0002672 seconds, Stopping threads took: 0,0000146 seconds
2016-10-25T09:28:58.878+0200: 2,322: Total time for which application threads were stopped: 0,0000683 seconds, Stopping threads took: 0,0000127 seconds
2016-10-25T09:28:58.921+0200: 2,364: Total time for which application threads were stopped: 0,0001055 seconds, Stopping threads took: 0,0000258 seconds
2016-10-25T09:28:58.948+0200: 2,392: Total time for which application threads were stopped: 0,0000998 seconds, Stopping threads took: 0,0000283 seconds
2016-10-25T09:28:58.962+0200: 2,405: Total time for which application threads were stopped: 0,0001016 seconds, Stopping threads took: 0,0000312 seconds
2016-10-25T09:28:58.968+0200: 2,412: Total time for which application threads were stopped: 0,0002668 seconds, Stopping threads took: 0,0000213 seconds
2016-10-25T09:28:58.993+0200: 2,436: Total time for which application threads were stopped: 0,0000737 seconds, Stopping threads took: 0,0000210 seconds
2016-10-25T09:28:59.017+0200: 2,460: Total time for which application threads were stopped: 0,0000887 seconds, Stopping threads took: 0,0000133 seconds
2016-10-25T09:28:59.033+0200: 2,477: Total time for which application threads were stopped: 0,0000641 seconds, Stopping threads took: 0,0000124 seconds
2016-10-25T09:28:59.047+0200: 2,490: Total time for which application threads were stopped: 0,0000750 seconds, Stopping threads took: 0,0000143 seconds
2016-10-25T09:28:59.071+0200: 2,515: Total time for which application threads were stopped: 0,0000674 seconds, Stopping threads took: 0,0000130 seconds
2016-10-25T09:28:59.095+0200: 2,538: Total time for which application threads were stopped: 0,0001030 seconds, Stopping threads took: 0,0000262 seconds
2016-10-25T09:28:59.143+0200: 2,586: Total time for which application threads were stopped: 0,0001377 seconds, Stopping threads took: 0,0000676 seconds
2016-10-25T09:28:59.176+0200: 2,620: Total time for which application threads were stopped: 0,0001006 seconds, Stopping threads took: 0,0000238 seconds
2016-10-25T09:28:59.209+0200: 2,652: Total time for which application threads were stopped: 0,0001298 seconds, Stopping threads took: 0,0000631 seconds
2016-10-25T09:28:59.237+0200: 2,680: Total time for which application threads were stopped: 0,0001055 seconds, Stopping threads took: 0,0000396 seconds
2016-10-25T09:28:59.262+0200: 2,705: Total time for which application threads were stopped: 0,0000821 seconds, Stopping threads took: 0,0000213 seconds
2016-10-25T09:28:59.286+0200: 2,729: Total time for which application threads were stopped: 0,0000870 seconds, Stopping threads took: 0,0000205 seconds
2016-10-25T09:28:59.307+0200: 2,750: Total time for which application threads were stopped: 0,0001006 seconds, Stopping threads took: 0,0000350 seconds
2016-10-25T09:28:59.308+0200: 2,751: Total time for which application threads were stopped: 0,0004993 seconds, Stopping threads took: 0,0004548 seconds
{Heap before GC invocations=2 (full 0):
 par new generation   total 109248K, used 98050K [0x00000000e0000000, 0x00000000e8000000, 0x00000000e8000000)
  eden space 87424K,  99% used [0x00000000e0000000, 0x00000000e54cc578, 0x00000000e5560000)
  from space 21824K,  51% used [0x00000000e5560000, 0x00000000e6054460, 0x00000000e6ab0000)
  to   space 21824K,   0% used [0x00000000e6ab0000, 0x00000000e6ab0000, 0x00000000e8000000)
 concurrent mark-sweep generation total 393216K, used 0K [0x00000000e8000000, 0x0000000100000000, 0x0000000100000000)
 Metaspace       used 26621K, capacity 26980K, committed 27196K, reserved 1073152K
  class space    used 3095K, capacity 3222K, committed 3244K, reserved 1048576K
2016-10-25T09:28:59.322+0200: 2,766: [GC (Allocation Failure) 2016-10-25T09:28:59.323+0200: 2,766: [ParNew
Desired survivor size 20112992 bytes, new threshold 8 (max 8)
- age   1:    8619752 bytes,    8619752 total
- age   2:     500608 bytes,    9120360 total
- age   3:    5971320 bytes,   15091680 total
: 98050K->16228K(109248K), 0,0156213 secs] 98050K->16228K(502464K), 0,0156734 secs] [Times: user=0,06 sys=0,00, real=0,02 secs] 
Heap after GC invocations=3 (full 0):
 par new generation   total 109248K, used 16228K [0x00000000e0000000, 0x00000000e8000000, 0x00000000e8000000)
  eden space 87424K,   0% used [0x00000000e0000000, 0x00000000e0000000, 0x00000000e5560000)
  from space 21824K,  74% used [0x00000000e6ab0000, 0x00000000e7a89248, 0x00000000e8000000)
  to   space 21824K,   0% used [0x00000000e5560000, 0x00000000e5560000, 0x00000000e6ab0000)
 concurrent mark-sweep generation total 393216K, used 0K [0x00000000e8000000, 0x0000000100000000, 0x0000000100000000)
 Metaspace       used 26621K, capacity 26980K, committed 27196K, reserved 1073152K
  class space    used 3095K, capacity 3222K, committed 3244K, reserved 1048576K
}
2016-10-25T09:28:59.338+0200: 2,782: Total time for which application threads were stopped: 0,0158377 seconds, Stopping threads took: 0,0000222 seconds
2016-10-25T09:28:59.338+0200: 2,782: [GC (CMS Initial Mark) [1 CMS-initial-mark: 0K(393216K)] 18404K(502464K), 0,0060152 secs] [Times: user=0,02 sys=0,00, real=0,00 secs] 
2016-10-25T09:28:59.345+0200: 2,788: Total time for which application threads were stopped: 0,0063115 seconds, Stopping threads took: 0,0001940 seconds
2016-10-25T09:28:59.345+0200: 2,788: [CMS-concurrent-mark-start]
2016-10-25T09:28:59.355+0200: 2,798: [CMS-concurrent-mark: 0,010/0,010 secs] [Times: user=0,03 sys=0,00, real=0,01 secs] 
2016-10-25T09:28:59.355+0200: 2,798: [CMS-concurrent-preclean-start]
2016-10-25T09:28:59.356+0200: 2,799: [CMS-concurrent-preclean: 0,001/0,001 secs] [Times: user=0,01 sys=0,00, real=0,01 secs] 
2016-10-25T09:28:59.356+0200: 2,799: [CMS-concurrent-abortable-preclean-start]
2016-10-25T09:28:59.375+0200: 2,818: Total time for which application threads were stopped: 0,0001000 seconds, Stopping threads took: 0,0000202 seconds
2016-10-25T09:29:00.375+0200: 3,818: Total time for which application threads were stopped: 0,0000564 seconds, Stopping threads took: 0,0000212 seconds
2016-10-25T09:29:00.616+0200: 4,059: Total time for which application threads were stopped: 0,0002799 seconds, Stopping threads took: 0,0000150 seconds
 CMS: abort preclean due to time 2016-10-25T09:29:05.362+0200: 8,805: [CMS-concurrent-abortable-preclean: 2,558/6,006 secs] [Times: user=2,98 sys=0,01, real=6,00 secs] 
2016-10-25T09:29:05.362+0200: 8,805: [GC (CMS Final Remark) [YG occupancy: 25470 K (109248 K)]{Heap before GC invocations=3 (full 1):
 par new generation   total 109248K, used 25470K [0x00000000e0000000, 0x00000000e8000000, 0x00000000e8000000)
  eden space 87424K,  10% used [0x00000000e0000000, 0x00000000e0906858, 0x00000000e5560000)
  from space 21824K,  74% used [0x00000000e6ab0000, 0x00000000e7a89248, 0x00000000e8000000)
  to   space 21824K,   0% used [0x00000000e5560000, 0x00000000e5560000, 0x00000000e6ab0000)
 concurrent mark-sweep generation total 393216K, used 0K [0x00000000e8000000, 0x0000000100000000, 0x0000000100000000)
 Metaspace       used 26916K, capacity 27300K, committed 27528K, reserved 1073152K
  class space    used 3138K, capacity 3286K, committed 3320K, reserved 1048576K
2016-10-25T09:29:05.362+0200: 8,805: [GC (CMS Final Remark) 2016-10-25T09:29:05.362+0200: 8,805: [ParNew
Desired survivor size 20112992 bytes, new threshold 8 (max 8)
- age   1:    2483584 bytes,    2483584 total
- age   2:    3381440 bytes,    5865024 total
- age   3:     500368 bytes,    6365392 total
- age   4:    5970248 bytes,   12335640 total
: 25470K->15377K(109248K), 0,0307515 secs] 25470K->15377K(502464K), 0,0307979 secs] [Times: user=0,07 sys=0,00, real=0,03 secs] 
Heap after GC invocations=4 (full 1):
 par new generation   total 109248K, used 15377K [0x00000000e0000000, 0x00000000e8000000, 0x00000000e8000000)
  eden space 87424K,   0% used [0x00000000e0000000, 0x00000000e0000000, 0x00000000e5560000)
  from space 21824K,  70% used [0x00000000e5560000, 0x00000000e64644e8, 0x00000000e6ab0000)
  to   space 21824K,   0% used [0x00000000e6ab0000, 0x00000000e6ab0000, 0x00000000e8000000)
 concurrent mark-sweep generation total 393216K, used 0K [0x00000000e8000000, 0x0000000100000000, 0x0000000100000000)
 Metaspace       used 26916K, capacity 27300K, committed 27528K, reserved 1073152K
  class space    used 3138K, capacity 3286K, committed 3320K, reserved 1048576K
}
2016-10-25T09:29:05.393+0200: 8,836: [Rescan (parallel) , 0,0118813 secs]2016-10-25T09:29:05.405+0200: 8,848: [weak refs processing, 0,0020715 secs]2016-10-25T09:29:05.407+0200: 8,850: [class unloading, 0,0040228 secs]2016-10-25T09:29:05.411+0200: 8,854: [scrub symbol table, 0,0095094 secs]2016-10-25T09:29:05.421+0200: 8,864: [scrub string table, 0,0015002 secs][1 CMS-remark: 0K(393216K)] 15377K(502464K), 0,0625335 secs] [Times: user=0,11 sys=0,00, real=0,06 secs] 
2016-10-25T09:29:05.425+0200: 8,868: Total time for which application threads were stopped: 0,0628122 seconds, Stopping threads took: 0,0000204 seconds
2016-10-25T09:29:05.425+0200: 8,868: [CMS-concurrent-sweep-start]
2016-10-25T09:29:05.425+0200: 8,868: [CMS-concurrent-sweep: 0,000/0,000 secs] [Times: user=0,00 sys=0,00, real=0,00 secs] 
2016-10-25T09:29:05.425+0200: 8,868: [CMS-concurrent-reset-start]
2016-10-25T09:29:05.427+0200: 8,870: [CMS-concurrent-reset: 0,002/0,002 secs] [Times: user=0,01 sys=0,00, real=0,01 secs] 
2016-10-25T09:29:27.984+0200: 31,870: Total time for which application threads were stopped: 0,0000852 seconds, Stopping threads took: 0,0000213 seconds
2016-10-25T09:29:56.986+0200: 60,873: Total time for which application threads were stopped: 0,0000724 seconds, Stopping threads took: 0,0000333 seconds
2016-10-25T09:30:11.987+0200: 75,874: Total time for which application threads were stopped: 0,0000761 seconds, Stopping threads took: 0,0000308 seconds
2016-10-25T09:30:21.988+0200: 85,875: Total time for which application threads were stopped: 0,0000640 seconds, Stopping threads took: 0,0000206 seconds
2016-10-25T09:31:37.996+0200: 161,883: Total time for which application threads were stopped: 0,0002052 seconds, Stopping threads took: 0,0000751 seconds
2016-10-25T09:32:02.000+0200: 185,886: Total time for which application threads were stopped: 0,0000807 seconds, Stopping threads took: 0,0000354 seconds
2016-10-25T09:32:53.008+0200: 236,895: Total time for which application threads were stopped: 0,0000844 seconds, Stopping threads took: 0,0000375 seconds
2016-10-25T09:33:32.014+0200: 275,901: Total time for which application threads were stopped: 0,0000729 seconds, Stopping threads took: 0,0000303 seconds
2016-10-25T09:33:43.016+0200: 286,903: Total time for which application threads were stopped: 0,0001350 seconds, Stopping threads took: 0,0000347 seconds
2016-10-25T09:52:42.196+0200: 1426,083: Total time for which application threads were stopped: 0,0000716 seconds, Stopping threads took: 0,0000313 seconds
2016-10-25T09:57:22.241+0200: 1706,128: Total time for which application threads were stopped: 0,0001592 seconds, Stopping threads took: 0,0000624 seconds
2016-10-25T10:08:13.344+0200: 2357,231: Total time for which application threads were stopped: 0,0001440 seconds, Stopping threads took: 0,0000554 seconds
2016-10-25T10:08:17.345+0200: 2361,232: Total time for which application threads were stopped: 0,0001172 seconds, Stopping threads took: 0,0000285 seconds
2016-10-25T10:19:28.451+0200: 3032,338: Total time for which application threads were stopped: 0,0001534 seconds, Stopping threads took: 0,0000633 seconds
2016-10-25T10:29:58.546+0200: 3662,433: Total time for which application threads were stopped: 0,0000715 seconds, Stopping threads took: 0,0000307 seconds
2016-10-25T10:42:09.131+0200: 3792,010: Total time for which application threads were stopped: 0,0000751 seconds, Stopping threads took: 0,0000300 seconds
2016-10-25T10:45:59.157+0200: 4022,036: Total time for which application threads were stopped: 0,0000919 seconds, Stopping threads took: 0,0000411 seconds
2016-10-25T11:35:13.234+0200: 5735,123: Total time for which application threads were stopped: 0,0000857 seconds, Stopping threads took: 0,0000158 seconds
2016-10-25T11:35:13.234+0200: 5735,124: Total time for which application threads were stopped: 0,0000359 seconds, Stopping threads took: 0,0000077 seconds
2016-10-25T11:35:13.235+0200: 5735,124: Total time for which application threads were stopped: 0,0000512 seconds, Stopping threads took: 0,0000136 seconds
2016-10-25T11:35:13.235+0200: 5735,125: Total time for which application threads were stopped: 0,0000918 seconds, Stopping threads took: 0,0000294 seconds
2016-10-25T11:35:13.239+0200: 5735,129: Total time for which application threads were stopped: 0,0000872 seconds, Stopping threads took: 0,0000366 seconds
2016-10-25T11:35:13.240+0200: 5735,129: Total time for which application threads were stopped: 0,0000558 seconds, Stopping threads took: 0,0000115 seconds
2016-10-25T11:35:13.240+0200: 5735,130: Total time for which application threads were stopped: 0,0000714 seconds, Stopping threads took: 0,0000142 seconds
2016-10-25T11:35:13.244+0200: 5735,133: Total time for which application threads were stopped: 0,0001371 seconds, Stopping threads took: 0,0000587 seconds
2016-10-25T11:35:13.246+0200: 5735,135: Total time for which application threads were stopped: 0,0001073 seconds, Stopping threads took: 0,0000331 seconds
2016-10-25T11:35:13.247+0200: 5735,137: Total time for which application threads were stopped: 0,0005393 seconds, Stopping threads took: 0,0004255 seconds
2016-10-25T11:35:13.248+0200: 5735,138: Total time for which application threads were stopped: 0,0000700 seconds, Stopping threads took: 0,0000178 seconds
2016-10-25T11:35:13.251+0200: 5735,141: Total time for which application threads were stopped: 0,0000844 seconds, Stopping threads took: 0,0000319 seconds
2016-10-25T11:35:13.252+0200: 5735,142: Total time for which application threads were stopped: 0,0001153 seconds, Stopping threads took: 0,0000620 seconds
2016-10-25T11:35:13.254+0200: 5735,143: Total time for which application threads were stopped: 0,0000800 seconds, Stopping threads took: 0,0000302 seconds
2016-10-25T11:35:13.254+0200: 5735,144: Total time for which application threads were stopped: 0,0000746 seconds, Stopping threads took: 0,0000302 seconds
2016-10-25T11:35:13.254+0200: 5735,144: Total time for which application threads were stopped: 0,0000415 seconds, Stopping threads took: 0,0000091 seconds
2016-10-25T11:35:13.258+0200: 5735,148: Total time for which application threads were stopped: 0,0002193 seconds, Stopping threads took: 0,0001476 seconds
2016-10-25T11:35:13.263+0200: 5735,153: Total time for which application threads were stopped: 0,0008812 seconds, Stopping threads took: 0,0007769 seconds
2016-10-25T11:35:13.274+0200: 5735,164: Total time for which application threads were stopped: 0,0001017 seconds, Stopping threads took: 0,0000314 seconds
2016-10-25T11:35:13.280+0200: 5735,169: Total time for which application threads were stopped: 0,0003731 seconds, Stopping threads took: 0,0000168 seconds
2016-10-25T11:35:13.284+0200: 5735,174: Total time for which application threads were stopped: 0,0001519 seconds, Stopping threads took: 0,0000406 seconds
2016-10-25T11:35:13.286+0200: 5735,175: Total time for which application threads were stopped: 0,0001944 seconds, Stopping threads took: 0,0000349 seconds
2016-10-25T11:35:13.289+0200: 5735,178: Total time for which application threads were stopped: 0,0004547 seconds, Stopping threads took: 0,0001573 seconds
2016-10-25T11:35:13.291+0200: 5735,180: Total time for which application threads were stopped: 0,0000952 seconds, Stopping threads took: 0,0000347 seconds
2016-10-25T11:35:13.293+0200: 5735,182: Total time for which application threads were stopped: 0,0004906 seconds, Stopping threads took: 0,0003966 seconds
2016-10-25T11:35:13.300+0200: 5735,189: Total time for which application threads were stopped: 0,0000886 seconds, Stopping threads took: 0,0000337 seconds
2016-10-25T11:35:13.301+0200: 5735,191: Total time for which application threads were stopped: 0,0001703 seconds, Stopping threads took: 0,0001118 seconds
2016-10-25T11:35:13.315+0200: 5735,204: Total time for which application threads were stopped: 0,0000694 seconds, Stopping threads took: 0,0000177 seconds
2016-10-25T11:35:13.332+0200: 5735,222: Total time for which application threads were stopped: 0,0000718 seconds, Stopping threads took: 0,0000118 seconds
2016-10-25T11:35:13.332+0200: 5735,222: Total time for which application threads were stopped: 0,0000495 seconds, Stopping threads took: 0,0000045 seconds
2016-10-25T11:35:13.343+0200: 5735,232: Total time for which application threads were stopped: 0,0000999 seconds, Stopping threads took: 0,0000316 seconds
2016-10-25T11:35:13.379+0200: 5735,269: Total time for which application threads were stopped: 0,0000905 seconds, Stopping threads took: 0,0000163 seconds
2016-10-25T11:35:13.388+0200: 5735,278: Total time for which application threads were stopped: 0,0012807 seconds, Stopping threads took: 0,0011998 seconds
2016-10-25T11:35:13.389+0200: 5735,278: Total time for which application threads were stopped: 0,0000628 seconds, Stopping threads took: 0,0000133 seconds
2016-10-25T11:35:13.390+0200: 5735,279: Total time for which application threads were stopped: 0,0004288 seconds, Stopping threads took: 0,0003404 seconds
2016-10-25T11:35:13.390+0200: 5735,280: Total time for which application threads were stopped: 0,0001307 seconds, Stopping threads took: 0,0000648 seconds
2016-10-25T11:35:13.391+0200: 5735,280: Total time for which application threads were stopped: 0,0000685 seconds, Stopping threads took: 0,0000251 seconds
2016-10-25T11:35:13.391+0200: 5735,280: Total time for which application threads were stopped: 0,0000633 seconds, Stopping threads took: 0,0000152 seconds
2016-10-25T11:35:13.391+0200: 5735,281: Total time for which application threads were stopped: 0,0000730 seconds, Stopping threads took: 0,0000264 seconds
2016-10-25T11:35:13.412+0200: 5735,301: Total time for which application threads were stopped: 0,0001049 seconds, Stopping threads took: 0,0000472 seconds
2016-10-25T11:35:13.426+0200: 5735,316: Total time for which application threads were stopped: 0,0000914 seconds, Stopping threads took: 0,0000192 seconds
2016-10-25T11:35:13.427+0200: 5735,317: Total time for which application threads were stopped: 0,0001122 seconds, Stopping threads took: 0,0000465 seconds
2016-10-25T11:35:13.428+0200: 5735,317: Total time for which application threads were stopped: 0,0000892 seconds, Stopping threads took: 0,0000238 seconds
2016-10-25T11:35:13.428+0200: 5735,318: Total time for which application threads were stopped: 0,0001938 seconds, Stopping threads took: 0,0000345 seconds
2016-10-25T11:35:13.442+0200: 5735,331: Total time for which application threads were stopped: 0,0000962 seconds, Stopping threads took: 0,0000333 seconds
2016-10-25T11:35:13.442+0200: 5735,331: Total time for which application threads were stopped: 0,0000530 seconds, Stopping threads took: 0,0000166 seconds
2016-10-25T11:35:13.451+0200: 5735,340: Total time for which application threads were stopped: 0,0001679 seconds, Stopping threads took: 0,0000617 seconds
2016-10-25T11:35:13.453+0200: 5735,342: Total time for which application threads were stopped: 0,0000938 seconds, Stopping threads took: 0,0000156 seconds
2016-10-25T11:35:13.456+0200: 5735,345: Total time for which application threads were stopped: 0,0001521 seconds, Stopping threads took: 0,0000826 seconds
2016-10-25T11:35:13.465+0200: 5735,354: Total time for which application threads were stopped: 0,0056591 seconds, Stopping threads took: 0,0055548 seconds
2016-10-25T11:35:13.466+0200: 5735,356: Total time for which application threads were stopped: 0,0001289 seconds, Stopping threads took: 0,0000188 seconds
2016-10-25T11:35:13.467+0200: 5735,356: Total time for which application threads were stopped: 0,0000983 seconds, Stopping threads took: 0,0000372 seconds
2016-10-25T11:35:13.468+0200: 5735,357: Total time for which application threads were stopped: 0,0002729 seconds, Stopping threads took: 0,0001728 seconds
2016-10-25T11:35:13.469+0200: 5735,359: Total time for which application threads were stopped: 0,0014121 seconds, Stopping threads took: 0,0013332 seconds
2016-10-25T11:35:13.471+0200: 5735,361: Total time for which application threads were stopped: 0,0002758 seconds, Stopping threads took: 0,0000389 seconds
2016-10-25T11:35:13.474+0200: 5735,363: Total time for which application threads were stopped: 0,0001215 seconds, Stopping threads took: 0,0000209 seconds
2016-10-25T11:35:13.513+0200: 5735,402: Total time for which application threads were stopped: 0,0042570 seconds, Stopping threads took: 0,0036112 seconds
2016-10-25T11:35:13.540+0200: 5735,429: Total time for which application threads were stopped: 0,0005776 seconds, Stopping threads took: 0,0005035 seconds
2016-10-25T11:35:13.540+0200: 5735,430: Total time for which application threads were stopped: 0,0001524 seconds, Stopping threads took: 0,0001111 seconds
2016-10-25T11:35:13.540+0200: 5735,430: Total time for which application threads were stopped: 0,0000875 seconds, Stopping threads took: 0,0000533 seconds
2016-10-25T11:35:13.541+0200: 5735,431: Total time for which application threads were stopped: 0,0001584 seconds, Stopping threads took: 0,0000685 seconds
2016-10-25T11:35:13.542+0200: 5735,432: Total time for which application threads were stopped: 0,0001128 seconds, Stopping threads took: 0,0000197 seconds
2016-10-25T11:35:13.542+0200: 5735,432: Total time for which application threads were stopped: 0,0000820 seconds, Stopping threads took: 0,0000257 seconds
2016-10-25T11:35:13.543+0200: 5735,432: Total time for which application threads were stopped: 0,0001568 seconds, Stopping threads took: 0,0000582 seconds
2016-10-25T11:35:13.544+0200: 5735,433: Total time for which application threads were stopped: 0,0001118 seconds, Stopping threads took: 0,0000368 seconds
2016-10-25T11:35:13.544+0200: 5735,433: Total time for which application threads were stopped: 0,0000757 seconds, Stopping threads took: 0,0000176 seconds
2016-10-25T11:35:13.544+0200: 5735,433: Total time for which application threads were stopped: 0,0000488 seconds, Stopping threads took: 0,0000143 seconds
2016-10-25T11:35:13.547+0200: 5735,437: Total time for which application threads were stopped: 0,0002018 seconds, Stopping threads took: 0,0000514 seconds
2016-10-25T11:35:14.073+0200: 5735,962: Total time for which application threads were stopped: 0,0005019 seconds, Stopping threads took: 0,0000785 seconds
2016-10-25T11:35:14.076+0200: 5735,966: Total time for which application threads were stopped: 0,0001624 seconds, Stopping threads took: 0,0000823 seconds
2016-10-25T11:35:14.077+0200: 5735,966: Total time for which application threads were stopped: 0,0004746 seconds, Stopping threads took: 0,0003711 seconds
2016-10-25T11:35:14.081+0200: 5735,971: Total time for which application threads were stopped: 0,0002657 seconds, Stopping threads took: 0,0001729 seconds
2016-10-25T11:35:14.082+0200: 5735,971: Total time for which application threads were stopped: 0,0000919 seconds, Stopping threads took: 0,0000313 seconds
2016-10-25T11:35:14.082+0200: 5735,971: Total time for which application threads were stopped: 0,0000576 seconds, Stopping threads took: 0,0000147 seconds
2016-10-25T11:35:14.120+0200: 5736,010: Total time for which application threads were stopped: 0,0001144 seconds, Stopping threads took: 0,0000236 seconds
2016-10-25T11:35:14.120+0200: 5736,010: Total time for which application threads were stopped: 0,0000624 seconds, Stopping threads took: 0,0000154 seconds
2016-10-25T11:35:14.132+0200: 5736,021: Total time for which application threads were stopped: 0,0001098 seconds, Stopping threads took: 0,0000274 seconds
2016-10-25T11:35:14.132+0200: 5736,021: Total time for which application threads were stopped: 0,0000440 seconds, Stopping threads took: 0,0000111 seconds
2016-10-25T11:35:16.399+0200: 5738,288: Total time for which application threads were stopped: 0,0000879 seconds, Stopping threads took: 0,0000247 seconds
2016-10-25T11:35:16.399+0200: 5738,288: Total time for which application threads were stopped: 0,0000605 seconds, Stopping threads took: 0,0000092 seconds
2016-10-25T11:35:16.409+0200: 5738,298: Total time for which application threads were stopped: 0,0040431 seconds, Stopping threads took: 0,0039453 seconds
2016-10-25T11:35:16.409+0200: 5738,299: Total time for which application threads were stopped: 0,0000928 seconds, Stopping threads took: 0,0000442 seconds
2016-10-25T11:35:16.409+0200: 5738,299: Total time for which application threads were stopped: 0,0000459 seconds, Stopping threads took: 0,0000097 seconds
2016-10-25T11:35:16.410+0200: 5738,300: Total time for which application threads were stopped: 0,0001295 seconds, Stopping threads took: 0,0000429 seconds
2016-10-25T11:35:16.411+0200: 5738,300: Total time for which application threads were stopped: 0,0002384 seconds, Stopping threads took: 0,0001839 seconds
2016-10-25T11:35:16.411+0200: 5738,300: Total time for which application threads were stopped: 0,0000566 seconds, Stopping threads took: 0,0000262 seconds
2016-10-25T11:35:16.411+0200: 5738,300: Total time for which application threads were stopped: 0,0000426 seconds, Stopping threads took: 0,0000120 seconds
2016-10-25T11:35:16.411+0200: 5738,300: Total time for which application threads were stopped: 0,0000512 seconds, Stopping threads took: 0,0000211 seconds
2016-10-25T11:35:16.414+0200: 5738,303: Total time for which application threads were stopped: 0,0001025 seconds, Stopping threads took: 0,0000223 seconds
2016-10-25T11:35:16.414+0200: 5738,304: Total time for which application threads were stopped: 0,0000565 seconds, Stopping threads took: 0,0000150 seconds
2016-10-25T11:35:16.416+0200: 5738,305: Total time for which application threads were stopped: 0,0000879 seconds, Stopping threads took: 0,0000212 seconds
2016-10-25T11:35:16.418+0200: 5738,308: Total time for which application threads were stopped: 0,0013732 seconds, Stopping threads took: 0,0012984 seconds
2016-10-25T11:35:16.419+0200: 5738,308: Total time for which application threads were stopped: 0,0000679 seconds, Stopping threads took: 0,0000265 seconds
2016-10-25T11:35:16.422+0200: 5738,311: Total time for which application threads were stopped: 0,0000928 seconds, Stopping threads took: 0,0000215 seconds
2016-10-25T11:35:16.422+0200: 5738,311: Total time for which application threads were stopped: 0,0000531 seconds, Stopping threads took: 0,0000089 seconds
2016-10-25T11:35:16.424+0200: 5738,314: Total time for which application threads were stopped: 0,0001763 seconds, Stopping threads took: 0,0000589 seconds
2016-10-25T11:35:16.424+0200: 5738,314: Total time for which application threads were stopped: 0,0000683 seconds, Stopping threads took: 0,0000158 seconds
2016-10-25T11:35:16.433+0200: 5738,322: Total time for which application threads were stopped: 0,0001285 seconds, Stopping threads took: 0,0000386 seconds
2016-10-25T11:35:16.435+0200: 5738,325: Total time for which application threads were stopped: 0,0001565 seconds, Stopping threads took: 0,0000634 seconds
2016-10-25T11:35:16.439+0200: 5738,329: Total time for which application threads were stopped: 0,0009807 seconds, Stopping threads took: 0,0000221 seconds
2016-10-25T11:35:16.446+0200: 5738,335: Total time for which application threads were stopped: 0,0008425 seconds, Stopping threads took: 0,0007635 seconds
2016-10-25T11:35:19.561+0200: 5741,451: Total time for which application threads were stopped: 0,0001123 seconds, Stopping threads took: 0,0000242 seconds
2016-10-25T11:35:19.562+0200: 5741,451: Total time for which application threads were stopped: 0,0000651 seconds, Stopping threads took: 0,0000319 seconds
2016-10-25T11:35:19.563+0200: 5741,453: Total time for which application threads were stopped: 0,0001956 seconds, Stopping threads took: 0,0001318 seconds
2016-10-25T11:35:19.564+0200: 5741,454: Total time for which application threads were stopped: 0,0000886 seconds, Stopping threads took: 0,0000270 seconds
2016-10-25T11:35:21.565+0200: 5743,454: Total time for which application threads were stopped: 0,0000893 seconds, Stopping threads took: 0,0000172 seconds
2016-10-25T11:36:08.570+0200: 5790,460: Total time for which application threads were stopped: 0,0000723 seconds, Stopping threads took: 0,0000169 seconds
2016-10-25T11:36:16.438+0200: 5798,328: Total time for which application threads were stopped: 0,0000829 seconds, Stopping threads took: 0,0000174 seconds
2016-10-25T11:36:19.565+0200: 5801,454: Total time for which application threads were stopped: 0,0000798 seconds, Stopping threads took: 0,0000153 seconds
2016-10-25T11:37:05.570+0200: 5847,460: Total time for which application threads were stopped: 0,0000800 seconds, Stopping threads took: 0,0000186 seconds
2016-10-25T11:37:24.573+0200: 5866,462: Total time for which application threads were stopped: 0,0000562 seconds, Stopping threads took: 0,0000142 seconds
2016-10-25T11:37:32.574+0200: 5874,463: Total time for which application threads were stopped: 0,0000671 seconds, Stopping threads took: 0,0000190 seconds
2016-10-25T11:37:57.577+0200: 5899,466: Total time for which application threads were stopped: 0,0001070 seconds, Stopping threads took: 0,0000422 seconds
2016-10-25T11:38:05.578+0200: 5907,467: Total time for which application threads were stopped: 0,0000643 seconds, Stopping threads took: 0,0000162 seconds
2016-10-25T11:39:02.585+0200: 5964,475: Total time for which application threads were stopped: 0,0001084 seconds, Stopping threads took: 0,0000447 seconds
2016-10-25T11:45:25.635+0200: 6347,525: Total time for which application threads were stopped: 0,0001082 seconds, Stopping threads took: 0,0000347 seconds
2016-10-25T11:45:27.636+0200: 6349,525: Total time for which application threads were stopped: 0,0000656 seconds, Stopping threads took: 0,0000169 seconds
2016-10-25T11:45:50.640+0200: 6372,529: Total time for which application threads were stopped: 0,0001714 seconds, Stopping threads took: 0,0000688 seconds
2016-10-25T11:45:55.640+0200: 6377,530: Total time for which application threads were stopped: 0,0000630 seconds, Stopping threads took: 0,0000163 seconds
2016-10-25T11:52:10.698+0200: 6752,588: Total time for which application threads were stopped: 0,0001562 seconds, Stopping threads took: 0,0000656 seconds
2016-10-25T11:54:10.717+0200: 6872,607: Total time for which application threads were stopped: 0,0001546 seconds, Stopping threads took: 0,0000620 seconds
2016-10-25T11:55:10.727+0200: 6932,616: Total time for which application threads were stopped: 0,0001811 seconds, Stopping threads took: 0,0000605 seconds
2016-10-25T11:58:10.755+0200: 7112,645: Total time for which application threads were stopped: 0,0000757 seconds, Stopping threads took: 0,0000334 seconds
2016-10-25T11:59:40.769+0200: 7202,659: Total time for which application threads were stopped: 0,0001060 seconds, Stopping threads took: 0,0000410 seconds
2016-10-25T12:00:10.774+0200: 7232,663: Total time for which application threads were stopped: 0,0001591 seconds, Stopping threads took: 0,0000607 seconds
2016-10-25T13:11:28.185+0200: 7712,140: Total time for which application threads were stopped: 0,0000881 seconds, Stopping threads took: 0,0000383 seconds
2016-10-25T13:29:40.066+0200: 8804,021: Total time for which application threads were stopped: 0,0001799 seconds, Stopping threads took: 0,0000251 seconds
2016-10-25T13:29:40.069+0200: 8804,024: Total time for which application threads were stopped: 0,0034796 seconds, Stopping threads took: 0,0034063 seconds
2016-10-25T13:29:40.070+0200: 8804,025: Total time for which application threads were stopped: 0,0000748 seconds, Stopping threads took: 0,0000195 seconds
2016-10-25T13:29:40.070+0200: 8804,025: Total time for which application threads were stopped: 0,0000472 seconds, Stopping threads took: 0,0000203 seconds
2016-10-25T13:29:40.084+0200: 8804,039: Total time for which application threads were stopped: 0,0001328 seconds, Stopping threads took: 0,0000365 seconds
2016-10-25T13:29:40.084+0200: 8804,039: Total time for which application threads were stopped: 0,0000863 seconds, Stopping threads took: 0,0000186 seconds
2016-10-25T13:29:40.087+0200: 8804,043: Total time for which application threads were stopped: 0,0015980 seconds, Stopping threads took: 0,0014842 seconds
2016-10-25T13:29:40.088+0200: 8804,043: Total time for which application threads were stopped: 0,0001052 seconds, Stopping threads took: 0,0000317 seconds
2016-10-25T13:29:41.411+0200: 8805,366: Total time for which application threads were stopped: 0,0001071 seconds, Stopping threads took: 0,0000297 seconds
2016-10-25T13:29:41.411+0200: 8805,366: Total time for which application threads were stopped: 0,0000560 seconds, Stopping threads took: 0,0000110 seconds
2016-10-25T13:29:41.417+0200: 8805,372: Total time for which application threads were stopped: 0,0001440 seconds, Stopping threads took: 0,0000472 seconds
2016-10-25T13:29:41.417+0200: 8805,372: Total time for which application threads were stopped: 0,0000781 seconds, Stopping threads took: 0,0000106 seconds
2016-10-25T13:29:45.833+0200: 8809,788: Total time for which application threads were stopped: 0,0001168 seconds, Stopping threads took: 0,0000244 seconds
2016-10-25T13:29:45.833+0200: 8809,788: Total time for which application threads were stopped: 0,0000522 seconds, Stopping threads took: 0,0000062 seconds
2016-10-25T13:29:45.837+0200: 8809,792: Total time for which application threads were stopped: 0,0001002 seconds, Stopping threads took: 0,0000261 seconds
2016-10-25T13:29:45.837+0200: 8809,792: Total time for which application threads were stopped: 0,0000492 seconds, Stopping threads took: 0,0000099 seconds
2016-10-25T13:29:45.843+0200: 8809,799: Total time for which application threads were stopped: 0,0001111 seconds, Stopping threads took: 0,0000328 seconds
2016-10-25T13:29:45.844+0200: 8809,799: Total time for which application threads were stopped: 0,0000502 seconds, Stopping threads took: 0,0000091 seconds
2016-10-25T13:29:45.845+0200: 8809,800: Total time for which application threads were stopped: 0,0002875 seconds, Stopping threads took: 0,0000192 seconds
2016-10-25T13:29:45.847+0200: 8809,802: Total time for which application threads were stopped: 0,0002483 seconds, Stopping threads took: 0,0000526 seconds
2016-10-25T13:29:45.848+0200: 8809,803: Total time for which application threads were stopped: 0,0001565 seconds, Stopping threads took: 0,0000151 seconds
2016-10-25T13:29:48.907+0200: 8812,862: Total time for which application threads were stopped: 0,0001324 seconds, Stopping threads took: 0,0000401 seconds
2016-10-25T13:29:48.907+0200: 8812,862: Total time for which application threads were stopped: 0,0000861 seconds, Stopping threads took: 0,0000393 seconds
2016-10-25T13:29:48.909+0200: 8812,864: Total time for which application threads were stopped: 0,0001245 seconds, Stopping threads took: 0,0000450 seconds
2016-10-25T13:29:48.910+0200: 8812,865: Total time for which application threads were stopped: 0,0004751 seconds, Stopping threads took: 0,0004040 seconds
2016-10-25T13:30:29.917+0200: 8853,872: Total time for which application threads were stopped: 0,0005371 seconds, Stopping threads took: 0,0002735 seconds
2016-10-25T13:30:45.844+0200: 8869,799: Total time for which application threads were stopped: 0,0000894 seconds, Stopping threads took: 0,0000334 seconds
2016-10-25T13:30:48.911+0200: 8872,866: Total time for which application threads were stopped: 0,0000888 seconds, Stopping threads took: 0,0000202 seconds
2016-10-25T13:35:19.950+0200: 9143,905: Total time for which application threads were stopped: 0,0000643 seconds, Stopping threads took: 0,0000160 seconds
2016-10-25T13:52:58.121+0200: 10202,076: Total time for which application threads were stopped: 0,0001553 seconds, Stopping threads took: 0,0000618 seconds
2016-10-25T14:56:58.541+0200: 14042,496: Total time for which application threads were stopped: 0,0000857 seconds, Stopping threads took: 0,0000365 seconds
2016-10-25T19:15:26.377+0200: 24932,497: Total time for which application threads were stopped: 0,0000828 seconds, Stopping threads took: 0,0000342 seconds
2016-10-26T00:27:25.070+0200: 43651,189: Total time for which application threads were stopped: 0,0000997 seconds, Stopping threads took: 0,0000295 seconds
2016-10-26T00:27:25.174+0200: 43651,293: Total time for which application threads were stopped: 0,0005909 seconds, Stopping threads took: 0,0004668 seconds
Heap
 par new generation   total 109248K, used 52199K [0x00000000e0000000, 0x00000000e8000000, 0x00000000e8000000)
  eden space 87424K,  42% used [0x00000000e0000000, 0x00000000e23f5798, 0x00000000e5560000)
  from space 21824K,  70% used [0x00000000e5560000, 0x00000000e64644e8, 0x00000000e6ab0000)
  to   space 21824K,   0% used [0x00000000e6ab0000, 0x00000000e6ab0000, 0x00000000e8000000)
 concurrent mark-sweep generation total 393216K, used 0K [0x00000000e8000000, 0x0000000100000000, 0x0000000100000000)
 Metaspace       used 29264K, capacity 29724K, committed 30088K, reserved 1075200K
  class space    used 3381K, capacity 3532K, committed 3576K, reserved 1048576K
