OpenJDK 64-Bit Server VM (25.111-b14) for linux-amd64 JRE (1.8.0_111-8u111-b14-2ubuntu0.16.04.2-b14), built on Oct 27 2016 18:10:19 by "buildd" with gcc 5.4.0 20160609
Memory: 4k page, physical 7867840k(7463864k free), swap 8076284k(8076284k free)
CommandLine flags: -XX:CMSInitiatingOccupancyFraction=50 -XX:CMSMaxAbortablePrecleanTime=6000 -XX:+CMSParallelRemarkEnabled -XX:+CMSScavengeBeforeRemark -XX:ConcGCThreads=4 -XX:InitialHeapSize=536870912 -XX:MaxHeapSize=536870912 -XX:MaxTenuringThreshold=8 -XX:NewRatio=3 -XX:OldPLABSize=16 -XX:OnOutOfMemoryError=/opt/solr/bin/oom_solr.sh 8983 /var/solr/logs -XX:ParallelGCThreads=4 -XX:+ParallelRefProcEnabled -XX:PretenureSizeThreshold=67108864 -XX:+PrintGC -XX:+PrintGCApplicationStoppedTime -XX:+PrintGCDateStamps -XX:+PrintGCDetails -XX:+PrintGCTimeStamps -XX:+PrintHeapAtGC -XX:+PrintTenuringDistribution -XX:SurvivorRatio=4 -XX:TargetSurvivorRatio=90 -XX:ThreadStackSize=256 -XX:+UseCMSInitiatingOccupancyOnly -XX:+UseCompressedClassPointers -XX:+UseCompressedOops -XX:+UseConcMarkSweepGC -XX:+UseParNewGC 
2016-12-09T09:47:55.508+0100: 0,135: Total time for which application threads were stopped: 0,0000812 seconds, Stopping threads took: 0,0000163 seconds
2016-12-09T09:47:55.611+0100: 0,238: Total time for which application threads were stopped: 0,0000985 seconds, Stopping threads took: 0,0000167 seconds
2016-12-09T09:47:55.623+0100: 0,250: Total time for which application threads were stopped: 0,0000708 seconds, Stopping threads took: 0,0000090 seconds
2016-12-09T09:47:55.815+0100: 0,442: Total time for which application threads were stopped: 0,0001726 seconds, Stopping threads took: 0,0000348 seconds
2016-12-09T09:47:56.338+0100: 0,965: Total time for which application threads were stopped: 0,0002217 seconds, Stopping threads took: 0,0000213 seconds
2016-12-09T09:47:56.408+0100: 1,035: Total time for which application threads were stopped: 0,0001589 seconds, Stopping threads took: 0,0000193 seconds
2016-12-09T09:47:56.429+0100: 1,056: Total time for which application threads were stopped: 0,0001546 seconds, Stopping threads took: 0,0000155 seconds
2016-12-09T09:47:56.687+0100: 1,314: Total time for which application threads were stopped: 0,0001780 seconds, Stopping threads took: 0,0000167 seconds
2016-12-09T09:47:56.880+0100: 1,507: Total time for which application threads were stopped: 0,0002088 seconds, Stopping threads took: 0,0000155 seconds
2016-12-09T09:47:56.905+0100: 1,532: Total time for which application threads were stopped: 0,0007102 seconds, Stopping threads took: 0,0000273 seconds
2016-12-09T09:47:56.907+0100: 1,534: Total time for which application threads were stopped: 0,0001963 seconds, Stopping threads took: 0,0000204 seconds
2016-12-09T09:47:56.919+0100: 1,546: Total time for which application threads were stopped: 0,0002248 seconds, Stopping threads took: 0,0000260 seconds
2016-12-09T09:47:57.036+0100: 1,663: Total time for which application threads were stopped: 0,0004176 seconds, Stopping threads took: 0,0000203 seconds
2016-12-09T09:47:57.200+0100: 1,827: Total time for which application threads were stopped: 0,0005249 seconds, Stopping threads took: 0,0003238 seconds
{Heap before GC invocations=0 (full 0):
 par new generation   total 109248K, used 87424K [0x00000000e0000000, 0x00000000e8000000, 0x00000000e8000000)
  eden space 87424K, 100% used [0x00000000e0000000, 0x00000000e5560000, 0x00000000e5560000)
  from space 21824K,   0% used [0x00000000e5560000, 0x00000000e5560000, 0x00000000e6ab0000)
  to   space 21824K,   0% used [0x00000000e6ab0000, 0x00000000e6ab0000, 0x00000000e8000000)
 concurrent mark-sweep generation total 393216K, used 0K [0x00000000e8000000, 0x0000000100000000, 0x0000000100000000)
 Metaspace       used 18120K, capacity 18430K, committed 18560K, reserved 1064960K
  class space    used 2054K, capacity 2162K, committed 2176K, reserved 1048576K
2016-12-09T09:47:57.344+0100: 1,971: [GC (Allocation Failure) 2016-12-09T09:47:57.344+0100: 1,971: [ParNew
Desired survivor size 20112992 bytes, new threshold 8 (max 8)
- age   1:   12330976 bytes,   12330976 total
: 87424K->12141K(109248K), 0,0156214 secs] 87424K->12141K(502464K), 0,0157105 secs] [Times: user=0,05 sys=0,02, real=0,02 secs] 
Heap after GC invocations=1 (full 0):
 par new generation   total 109248K, used 12141K [0x00000000e0000000, 0x00000000e8000000, 0x00000000e8000000)
  eden space 87424K,   0% used [0x00000000e0000000, 0x00000000e0000000, 0x00000000e5560000)
  from space 21824K,  55% used [0x00000000e6ab0000, 0x00000000e768b538, 0x00000000e8000000)
  to   space 21824K,   0% used [0x00000000e5560000, 0x00000000e5560000, 0x00000000e6ab0000)
 concurrent mark-sweep generation total 393216K, used 0K [0x00000000e8000000, 0x0000000100000000, 0x0000000100000000)
 Metaspace       used 18120K, capacity 18430K, committed 18560K, reserved 1064960K
  class space    used 2054K, capacity 2162K, committed 2176K, reserved 1048576K
}
2016-12-09T09:47:57.360+0100: 1,987: Total time for which application threads were stopped: 0,0158929 seconds, Stopping threads took: 0,0000183 seconds
2016-12-09T09:47:57.536+0100: 2,162: Total time for which application threads were stopped: 0,0002579 seconds, Stopping threads took: 0,0000323 seconds
2016-12-09T09:47:57.565+0100: 2,192: Total time for which application threads were stopped: 0,0003535 seconds, Stopping threads took: 0,0000475 seconds
2016-12-09T09:47:57.591+0100: 2,218: Total time for which application threads were stopped: 0,0003121 seconds, Stopping threads took: 0,0000398 seconds
{Heap before GC invocations=1 (full 0):
 par new generation   total 109248K, used 99565K [0x00000000e0000000, 0x00000000e8000000, 0x00000000e8000000)
  eden space 87424K, 100% used [0x00000000e0000000, 0x00000000e5560000, 0x00000000e5560000)
  from space 21824K,  55% used [0x00000000e6ab0000, 0x00000000e768b538, 0x00000000e8000000)
  to   space 21824K,   0% used [0x00000000e5560000, 0x00000000e5560000, 0x00000000e6ab0000)
 concurrent mark-sweep generation total 393216K, used 0K [0x00000000e8000000, 0x0000000100000000, 0x0000000100000000)
 Metaspace       used 20742K, capacity 21084K, committed 21248K, reserved 1069056K
  class space    used 2404K, capacity 2518K, committed 2560K, reserved 1048576K
2016-12-09T09:47:57.757+0100: 2,384: [GC (Allocation Failure) 2016-12-09T09:47:57.757+0100: 2,384: [ParNew
Desired survivor size 20112992 bytes, new threshold 8 (max 8)
- age   1:    2901160 bytes,    2901160 total
- age   2:    6102232 bytes,    9003392 total
: 99565K->13070K(109248K), 0,0175597 secs] 99565K->13070K(502464K), 0,0176270 secs] [Times: user=0,06 sys=0,00, real=0,02 secs] 
Heap after GC invocations=2 (full 0):
 par new generation   total 109248K, used 13070K [0x00000000e0000000, 0x00000000e8000000, 0x00000000e8000000)
  eden space 87424K,   0% used [0x00000000e0000000, 0x00000000e0000000, 0x00000000e5560000)
  from space 21824K,  59% used [0x00000000e5560000, 0x00000000e6223a90, 0x00000000e6ab0000)
  to   space 21824K,   0% used [0x00000000e6ab0000, 0x00000000e6ab0000, 0x00000000e8000000)
 concurrent mark-sweep generation total 393216K, used 0K [0x00000000e8000000, 0x0000000100000000, 0x0000000100000000)
 Metaspace       used 20742K, capacity 21084K, committed 21248K, reserved 1069056K
  class space    used 2404K, capacity 2518K, committed 2560K, reserved 1048576K
}
2016-12-09T09:47:57.774+0100: 2,401: Total time for which application threads were stopped: 0,0178423 seconds, Stopping threads took: 0,0000243 seconds
2016-12-09T09:47:57.833+0100: 2,460: Total time for which application threads were stopped: 0,0000707 seconds, Stopping threads took: 0,0000147 seconds
2016-12-09T09:47:57.867+0100: 2,493: Total time for which application threads were stopped: 0,0000789 seconds, Stopping threads took: 0,0000157 seconds
2016-12-09T09:47:57.867+0100: 2,494: Total time for which application threads were stopped: 0,0002593 seconds, Stopping threads took: 0,0000183 seconds
2016-12-09T09:47:57.895+0100: 2,522: Total time for which application threads were stopped: 0,0000700 seconds, Stopping threads took: 0,0000151 seconds
2016-12-09T09:47:57.975+0100: 2,602: Total time for which application threads were stopped: 0,0001169 seconds, Stopping threads took: 0,0000272 seconds
2016-12-09T09:47:57.992+0100: 2,619: Total time for which application threads were stopped: 0,0000871 seconds, Stopping threads took: 0,0000226 seconds
2016-12-09T09:47:58.000+0100: 2,627: Total time for which application threads were stopped: 0,0002788 seconds, Stopping threads took: 0,0000132 seconds
2016-12-09T09:47:58.010+0100: 2,636: Total time for which application threads were stopped: 0,0000714 seconds, Stopping threads took: 0,0000134 seconds
2016-12-09T09:47:58.012+0100: 2,638: Total time for which application threads were stopped: 0,0002909 seconds, Stopping threads took: 0,0000143 seconds
2016-12-09T09:47:58.049+0100: 2,676: Total time for which application threads were stopped: 0,0000759 seconds, Stopping threads took: 0,0000145 seconds
2016-12-09T09:47:58.066+0100: 2,693: Total time for which application threads were stopped: 0,0000731 seconds, Stopping threads took: 0,0000146 seconds
2016-12-09T09:47:58.084+0100: 2,711: Total time for which application threads were stopped: 0,0000876 seconds, Stopping threads took: 0,0000290 seconds
2016-12-09T09:47:58.102+0100: 2,729: Total time for which application threads were stopped: 0,0000767 seconds, Stopping threads took: 0,0000136 seconds
2016-12-09T09:47:58.124+0100: 2,750: Total time for which application threads were stopped: 0,0000882 seconds, Stopping threads took: 0,0000130 seconds
2016-12-09T09:47:58.183+0100: 2,810: Total time for which application threads were stopped: 0,0001162 seconds, Stopping threads took: 0,0000353 seconds
2016-12-09T09:47:58.209+0100: 2,836: Total time for which application threads were stopped: 0,0001124 seconds, Stopping threads took: 0,0000307 seconds
{Heap before GC invocations=2 (full 0):
 par new generation   total 109248K, used 100494K [0x00000000e0000000, 0x00000000e8000000, 0x00000000e8000000)
  eden space 87424K, 100% used [0x00000000e0000000, 0x00000000e5560000, 0x00000000e5560000)
  from space 21824K,  59% used [0x00000000e5560000, 0x00000000e6223a90, 0x00000000e6ab0000)
  to   space 21824K,   0% used [0x00000000e6ab0000, 0x00000000e6ab0000, 0x00000000e8000000)
 concurrent mark-sweep generation total 393216K, used 0K [0x00000000e8000000, 0x0000000100000000, 0x0000000100000000)
 Metaspace       used 24869K, capacity 25220K, committed 25536K, reserved 1071104K
  class space    used 2896K, capacity 3024K, committed 3144K, reserved 1048576K
2016-12-09T09:47:58.232+0100: 2,859: [GC (Allocation Failure) 2016-12-09T09:47:58.233+0100: 2,859: [ParNew
Desired survivor size 20112992 bytes, new threshold 8 (max 8)
- age   1:    6686176 bytes,    6686176 total
- age   2:     550016 bytes,    7236192 total
- age   3:    6095160 bytes,   13331352 total
: 100494K->15493K(109248K), 0,0125060 secs] 100494K->15493K(502464K), 0,0126000 secs] [Times: user=0,04 sys=0,00, real=0,01 secs] 
Heap after GC invocations=3 (full 0):
 par new generation   total 109248K, used 15493K [0x00000000e0000000, 0x00000000e8000000, 0x00000000e8000000)
  eden space 87424K,   0% used [0x00000000e0000000, 0x00000000e0000000, 0x00000000e5560000)
  from space 21824K,  70% used [0x00000000e6ab0000, 0x00000000e79d1480, 0x00000000e8000000)
  to   space 21824K,   0% used [0x00000000e5560000, 0x00000000e5560000, 0x00000000e6ab0000)
 concurrent mark-sweep generation total 393216K, used 0K [0x00000000e8000000, 0x0000000100000000, 0x0000000100000000)
 Metaspace       used 24869K, capacity 25220K, committed 25536K, reserved 1071104K
  class space    used 2896K, capacity 3024K, committed 3144K, reserved 1048576K
}
2016-12-09T09:47:58.245+0100: 2,872: Total time for which application threads were stopped: 0,0127859 seconds, Stopping threads took: 0,0000320 seconds
2016-12-09T09:47:58.245+0100: 2,872: [GC (CMS Initial Mark) [1 CMS-initial-mark: 0K(393216K)] 15493K(502464K), 0,0034197 secs] [Times: user=0,01 sys=0,00, real=0,01 secs] 
2016-12-09T09:47:58.249+0100: 2,876: Total time for which application threads were stopped: 0,0036642 seconds, Stopping threads took: 0,0001505 seconds
2016-12-09T09:47:58.249+0100: 2,876: [CMS-concurrent-mark-start]
2016-12-09T09:47:58.249+0100: 2,876: [CMS-concurrent-mark: 0,000/0,000 secs] [Times: user=0,00 sys=0,00, real=0,00 secs] 
2016-12-09T09:47:58.249+0100: 2,876: [CMS-concurrent-preclean-start]
2016-12-09T09:47:58.250+0100: 2,877: [CMS-concurrent-preclean: 0,001/0,001 secs] [Times: user=0,00 sys=0,00, real=0,00 secs] 
2016-12-09T09:47:58.251+0100: 2,877: [GC (CMS Final Remark) [YG occupancy: 16890 K (109248 K)]{Heap before GC invocations=3 (full 1):
 par new generation   total 109248K, used 16890K [0x00000000e0000000, 0x00000000e8000000, 0x00000000e8000000)
  eden space 87424K,   1% used [0x00000000e0000000, 0x00000000e015d5e8, 0x00000000e5560000)
  from space 21824K,  70% used [0x00000000e6ab0000, 0x00000000e79d1480, 0x00000000e8000000)
  to   space 21824K,   0% used [0x00000000e5560000, 0x00000000e5560000, 0x00000000e6ab0000)
 concurrent mark-sweep generation total 393216K, used 0K [0x00000000e8000000, 0x0000000100000000, 0x0000000100000000)
 Metaspace       used 24871K, capacity 25220K, committed 25536K, reserved 1071104K
  class space    used 2897K, capacity 3024K, committed 3144K, reserved 1048576K
2016-12-09T09:47:58.251+0100: 2,877: [GC (CMS Final Remark) 2016-12-09T09:47:58.251+0100: 2,877: [ParNew
Desired survivor size 20112992 bytes, new threshold 8 (max 8)
- age   1:       2944 bytes,       2944 total
- age   2:    3147296 bytes,    3150240 total
- age   3:     550016 bytes,    3700256 total
- age   4:    6093720 bytes,    9793976 total
: 16890K->13819K(109248K), 0,0094822 secs] 16890K->13819K(502464K), 0,0095230 secs] [Times: user=0,04 sys=0,00, real=0,01 secs] 
Heap after GC invocations=4 (full 1):
 par new generation   total 109248K, used 13819K [0x00000000e0000000, 0x00000000e8000000, 0x00000000e8000000)
  eden space 87424K,   0% used [0x00000000e0000000, 0x00000000e0000000, 0x00000000e5560000)
  from space 21824K,  63% used [0x00000000e5560000, 0x00000000e62dec40, 0x00000000e6ab0000)
  to   space 21824K,   0% used [0x00000000e6ab0000, 0x00000000e6ab0000, 0x00000000e8000000)
 concurrent mark-sweep generation total 393216K, used 0K [0x00000000e8000000, 0x0000000100000000, 0x0000000100000000)
 Metaspace       used 24871K, capacity 25220K, committed 25536K, reserved 1071104K
  class space    used 2897K, capacity 3024K, committed 3144K, reserved 1048576K
}
2016-12-09T09:47:58.260+0100: 2,887: [Rescan (parallel) , 0,0038952 secs]2016-12-09T09:47:58.264+0100: 2,891: [weak refs processing, 0,0009043 secs]2016-12-09T09:47:58.265+0100: 2,892: [class unloading, 0,0031042 secs]2016-12-09T09:47:58.268+0100: 2,895: [scrub symbol table, 0,0032664 secs]2016-12-09T09:47:58.271+0100: 2,898: [scrub string table, 0,0003768 secs][1 CMS-remark: 0K(393216K)] 13819K(502464K), 0,0217675 secs] [Times: user=0,06 sys=0,00, real=0,02 secs] 
2016-12-09T09:47:58.272+0100: 2,899: Total time for which application threads were stopped: 0,0218643 seconds, Stopping threads took: 0,0000277 seconds
2016-12-09T09:47:58.272+0100: 2,899: [CMS-concurrent-sweep-start]
2016-12-09T09:47:58.272+0100: 2,899: [CMS-concurrent-sweep: 0,000/0,000 secs] [Times: user=0,00 sys=0,00, real=0,00 secs] 
2016-12-09T09:47:58.273+0100: 2,899: [CMS-concurrent-reset-start]
2016-12-09T09:47:58.274+0100: 2,901: [CMS-concurrent-reset: 0,002/0,002 secs] [Times: user=0,00 sys=0,01, real=0,01 secs] 
2016-12-09T09:47:58.340+0100: 2,966: Total time for which application threads were stopped: 0,0003571 seconds, Stopping threads took: 0,0000216 seconds
2016-12-09T09:47:59.340+0100: 3,967: Total time for which application threads were stopped: 0,0001150 seconds, Stopping threads took: 0,0000232 seconds
2016-12-09T09:47:59.425+0100: 4,052: Total time for which application threads were stopped: 0,0003734 seconds, Stopping threads took: 0,0000175 seconds
2016-12-09T09:48:26.953+0100: 32,055: Total time for which application threads were stopped: 0,0000624 seconds, Stopping threads took: 0,0000145 seconds
2016-12-09T09:50:41.967+0100: 167,069: Total time for which application threads were stopped: 0,0000914 seconds, Stopping threads took: 0,0000399 seconds
2016-12-09T09:51:51.975+0100: 237,077: Total time for which application threads were stopped: 0,0001592 seconds, Stopping threads took: 0,0000650 seconds
2016-12-09T09:52:41.981+0100: 287,083: Total time for which application threads were stopped: 0,0001162 seconds, Stopping threads took: 0,0000496 seconds
2016-12-09T10:11:36.107+0100: 1421,209: Total time for which application threads were stopped: 0,0001037 seconds, Stopping threads took: 0,0000401 seconds
2016-12-09T10:16:11.133+0100: 1696,236: Total time for which application threads were stopped: 0,0002068 seconds, Stopping threads took: 0,0000863 seconds
2016-12-09T10:18:31.145+0100: 1836,247: Total time for which application threads were stopped: 0,0000781 seconds, Stopping threads took: 0,0000301 seconds
2016-12-09T10:26:32.192+0100: 2317,294: Total time for which application threads were stopped: 0,0001205 seconds, Stopping threads took: 0,0000464 seconds
2016-12-09T10:26:36.192+0100: 2321,294: Total time for which application threads were stopped: 0,0000670 seconds, Stopping threads took: 0,0000167 seconds
2016-12-09T10:26:37.192+0100: 2322,295: Total time for which application threads were stopped: 0,0000774 seconds, Stopping threads took: 0,0000290 seconds
2016-12-09T10:28:36.205+0100: 2441,307: Total time for which application threads were stopped: 0,0000744 seconds, Stopping threads took: 0,0000292 seconds
2016-12-09T10:29:07.209+0100: 2472,311: Total time for which application threads were stopped: 0,0000695 seconds, Stopping threads took: 0,0000264 seconds
2016-12-09T10:41:12.287+0100: 3197,389: Total time for which application threads were stopped: 0,0001015 seconds, Stopping threads took: 0,0000361 seconds
2016-12-09T10:46:46.321+0100: 3531,423: Total time for which application threads were stopped: 0,0000851 seconds, Stopping threads took: 0,0000337 seconds
2016-12-09T10:47:26.325+0100: 3571,427: Total time for which application threads were stopped: 0,0001667 seconds, Stopping threads took: 0,0000916 seconds
2016-12-09T10:49:26.338+0100: 3691,440: Total time for which application threads were stopped: 0,0001872 seconds, Stopping threads took: 0,0000626 seconds
2016-12-09T10:52:16.355+0100: 3861,458: Total time for which application threads were stopped: 0,0001044 seconds, Stopping threads took: 0,0000499 seconds
2016-12-09T10:52:31.357+0100: 3876,460: Total time for which application threads were stopped: 0,0000571 seconds, Stopping threads took: 0,0000138 seconds
2016-12-09T10:54:56.374+0100: 4021,476: Total time for which application threads were stopped: 0,0000892 seconds, Stopping threads took: 0,0000352 seconds
2016-12-09T11:31:57.613+0100: 6242,715: Total time for which application threads were stopped: 0,0001015 seconds, Stopping threads took: 0,0000407 seconds
2016-12-09T11:33:07.621+0100: 6312,723: Total time for which application threads were stopped: 0,0003699 seconds, Stopping threads took: 0,0001687 seconds
2016-12-09T11:52:56.742+0100: 7501,845: Total time for which application threads were stopped: 0,0003083 seconds, Stopping threads took: 0,0001538 seconds
2016-12-09T11:53:26.745+0100: 7531,848: Total time for which application threads were stopped: 0,0004268 seconds, Stopping threads took: 0,0001703 seconds
2016-12-09T11:55:56.761+0100: 7681,863: Total time for which application threads were stopped: 0,0000719 seconds, Stopping threads took: 0,0000290 seconds
2016-12-09T13:00:27.154+0100: 11552,256: Total time for which application threads were stopped: 0,0000718 seconds, Stopping threads took: 0,0000276 seconds
2016-12-09T14:03:56.548+0100: 15361,650: Total time for which application threads were stopped: 0,0000968 seconds, Stopping threads took: 0,0000377 seconds
2016-12-09T14:04:26.551+0100: 15391,653: Total time for which application threads were stopped: 0,0001179 seconds, Stopping threads took: 0,0000485 seconds
2016-12-09T14:56:38.982+0100: 18524,084: Total time for which application threads were stopped: 0,0001286 seconds, Stopping threads took: 0,0000260 seconds
Heap
 par new generation   total 109248K, used 57366K [0x00000000e0000000, 0x00000000e8000000, 0x00000000e8000000)
  eden space 87424K,  49% used [0x00000000e0000000, 0x00000000e2a86e18, 0x00000000e5560000)
  from space 21824K,  63% used [0x00000000e5560000, 0x00000000e62dec40, 0x00000000e6ab0000)
  to   space 21824K,   0% used [0x00000000e6ab0000, 0x00000000e6ab0000, 0x00000000e8000000)
 concurrent mark-sweep generation total 393216K, used 0K [0x00000000e8000000, 0x0000000100000000, 0x0000000100000000)
 Metaspace       used 27228K, capacity 27658K, committed 27972K, reserved 1073152K
  class space    used 3161K, capacity 3319K, committed 3400K, reserved 1048576K
