OpenJDK 64-Bit Server VM (25.91-b14) for linux-amd64 JRE (1.8.0_91-8u91-b14-3ubuntu1~16.04.1-b14), built on Jul 21 2016 04:13:34 by "buildd" with gcc 5.3.1 20160413
Memory: 4k page, physical 7867876k(7526796k free), swap 8076284k(8076284k free)
CommandLine flags: -XX:CMSInitiatingOccupancyFraction=50 -XX:CMSMaxAbortablePrecleanTime=6000 -XX:+CMSParallelRemarkEnabled -XX:+CMSScavengeBeforeRemark -XX:ConcGCThreads=4 -XX:InitialHeapSize=536870912 -XX:MaxHeapSize=536870912 -XX:MaxTenuringThreshold=8 -XX:NewRatio=3 -XX:OldPLABSize=16 -XX:OnOutOfMemoryError=/opt/solr/bin/oom_solr.sh 8983 /var/solr/logs -XX:ParallelGCThreads=4 -XX:+ParallelRefProcEnabled -XX:PretenureSizeThreshold=67108864 -XX:+PrintGC -XX:+PrintGCApplicationStoppedTime -XX:+PrintGCDateStamps -XX:+PrintGCDetails -XX:+PrintGCTimeStamps -XX:+PrintHeapAtGC -XX:+PrintTenuringDistribution -XX:SurvivorRatio=4 -XX:TargetSurvivorRatio=90 -XX:ThreadStackSize=256 -XX:+UseCMSInitiatingOccupancyOnly -XX:+UseCompressedClassPointers -XX:+UseCompressedOops -XX:+UseConcMarkSweepGC -XX:+UseParNewGC 
2016-11-05T10:18:50.664+0100: 0,114: Total time for which application threads were stopped: 0,0000651 seconds, Stopping threads took: 0,0000101 seconds
2016-11-05T10:18:50.739+0100: 0,189: Total time for which application threads were stopped: 0,0000905 seconds, Stopping threads took: 0,0000147 seconds
2016-11-05T10:18:50.756+0100: 0,205: Total time for which application threads were stopped: 0,0000807 seconds, Stopping threads took: 0,0000225 seconds
2016-11-05T10:18:50.962+0100: 0,412: Total time for which application threads were stopped: 0,0001066 seconds, Stopping threads took: 0,0000108 seconds
2016-11-05T10:18:51.389+0100: 0,839: Total time for which application threads were stopped: 0,0001398 seconds, Stopping threads took: 0,0000131 seconds
2016-11-05T10:18:51.488+0100: 0,937: Total time for which application threads were stopped: 0,0001616 seconds, Stopping threads took: 0,0000268 seconds
2016-11-05T10:18:51.499+0100: 0,948: Total time for which application threads were stopped: 0,0001679 seconds, Stopping threads took: 0,0000303 seconds
2016-11-05T10:18:51.754+0100: 1,204: Total time for which application threads were stopped: 0,0003818 seconds, Stopping threads took: 0,0000247 seconds
2016-11-05T10:18:51.960+0100: 1,409: Total time for which application threads were stopped: 0,0002104 seconds, Stopping threads took: 0,0000265 seconds
2016-11-05T10:18:52.048+0100: 1,497: Total time for which application threads were stopped: 0,0002401 seconds, Stopping threads took: 0,0000230 seconds
2016-11-05T10:18:52.049+0100: 1,498: Total time for which application threads were stopped: 0,0001910 seconds, Stopping threads took: 0,0000117 seconds
2016-11-05T10:18:52.063+0100: 1,512: Total time for which application threads were stopped: 0,0001731 seconds, Stopping threads took: 0,0000203 seconds
2016-11-05T10:18:52.178+0100: 1,627: Total time for which application threads were stopped: 0,0002208 seconds, Stopping threads took: 0,0000239 seconds
2016-11-05T10:18:52.311+0100: 1,760: Total time for which application threads were stopped: 0,0002306 seconds, Stopping threads took: 0,0000204 seconds
{Heap before GC invocations=0 (full 0):
 par new generation   total 109248K, used 87424K [0x00000000e0000000, 0x00000000e8000000, 0x00000000e8000000)
  eden space 87424K, 100% used [0x00000000e0000000, 0x00000000e5560000, 0x00000000e5560000)
  from space 21824K,   0% used [0x00000000e5560000, 0x00000000e5560000, 0x00000000e6ab0000)
  to   space 21824K,   0% used [0x00000000e6ab0000, 0x00000000e6ab0000, 0x00000000e8000000)
 concurrent mark-sweep generation total 393216K, used 0K [0x00000000e8000000, 0x0000000100000000, 0x0000000100000000)
 Metaspace       used 18003K, capacity 18310K, committed 18560K, reserved 1064960K
  class space    used 2041K, capacity 2164K, committed 2176K, reserved 1048576K
2016-11-05T10:18:52.445+0100: 1,894: [GC (Allocation Failure) 2016-11-05T10:18:52.445+0100: 1,894: [ParNew
Desired survivor size 20112992 bytes, new threshold 8 (max 8)
- age   1:   12305072 bytes,   12305072 total
: 87424K->12125K(109248K), 0,0159840 secs] 87424K->12125K(502464K), 0,0160733 secs] [Times: user=0,05 sys=0,01, real=0,01 secs] 
Heap after GC invocations=1 (full 0):
 par new generation   total 109248K, used 12125K [0x00000000e0000000, 0x00000000e8000000, 0x00000000e8000000)
  eden space 87424K,   0% used [0x00000000e0000000, 0x00000000e0000000, 0x00000000e5560000)
  from space 21824K,  55% used [0x00000000e6ab0000, 0x00000000e76874f8, 0x00000000e8000000)
  to   space 21824K,   0% used [0x00000000e5560000, 0x00000000e5560000, 0x00000000e6ab0000)
 concurrent mark-sweep generation total 393216K, used 0K [0x00000000e8000000, 0x0000000100000000, 0x0000000100000000)
 Metaspace       used 18003K, capacity 18310K, committed 18560K, reserved 1064960K
  class space    used 2041K, capacity 2164K, committed 2176K, reserved 1048576K
}
2016-11-05T10:18:52.461+0100: 1,910: Total time for which application threads were stopped: 0,0162974 seconds, Stopping threads took: 0,0000552 seconds
2016-11-05T10:18:52.685+0100: 2,134: Total time for which application threads were stopped: 0,0003289 seconds, Stopping threads took: 0,0000585 seconds
2016-11-05T10:18:52.723+0100: 2,172: Total time for which application threads were stopped: 0,0003551 seconds, Stopping threads took: 0,0000758 seconds
2016-11-05T10:18:52.752+0100: 2,202: Total time for which application threads were stopped: 0,0003540 seconds, Stopping threads took: 0,0000656 seconds
{Heap before GC invocations=1 (full 0):
 par new generation   total 109248K, used 99549K [0x00000000e0000000, 0x00000000e8000000, 0x00000000e8000000)
  eden space 87424K, 100% used [0x00000000e0000000, 0x00000000e5560000, 0x00000000e5560000)
  from space 21824K,  55% used [0x00000000e6ab0000, 0x00000000e76874f8, 0x00000000e8000000)
  to   space 21824K,   0% used [0x00000000e5560000, 0x00000000e5560000, 0x00000000e6ab0000)
 concurrent mark-sweep generation total 393216K, used 0K [0x00000000e8000000, 0x0000000100000000, 0x0000000100000000)
 Metaspace       used 20378K, capacity 20664K, committed 20992K, reserved 1067008K
  class space    used 2353K, capacity 2487K, committed 2560K, reserved 1048576K
2016-11-05T10:18:52.846+0100: 2,295: [GC (Allocation Failure) 2016-11-05T10:18:52.846+0100: 2,295: [ParNew
Desired survivor size 20112992 bytes, new threshold 8 (max 8)
- age   1:    4233880 bytes,    4233880 total
- age   2:    6266768 bytes,   10500648 total
: 99549K->13193K(109248K), 0,0105245 secs] 99549K->13193K(502464K), 0,0105925 secs] [Times: user=0,03 sys=0,01, real=0,01 secs] 
Heap after GC invocations=2 (full 0):
 par new generation   total 109248K, used 13193K [0x00000000e0000000, 0x00000000e8000000, 0x00000000e8000000)
  eden space 87424K,   0% used [0x00000000e0000000, 0x00000000e0000000, 0x00000000e5560000)
  from space 21824K,  60% used [0x00000000e5560000, 0x00000000e62425a8, 0x00000000e6ab0000)
  to   space 21824K,   0% used [0x00000000e6ab0000, 0x00000000e6ab0000, 0x00000000e8000000)
 concurrent mark-sweep generation total 393216K, used 0K [0x00000000e8000000, 0x0000000100000000, 0x0000000100000000)
 Metaspace       used 20378K, capacity 20664K, committed 20992K, reserved 1067008K
  class space    used 2353K, capacity 2487K, committed 2560K, reserved 1048576K
}
2016-11-05T10:18:52.856+0100: 2,305: Total time for which application threads were stopped: 0,0108298 seconds, Stopping threads took: 0,0000805 seconds
{Heap before GC invocations=2 (full 0):
 par new generation   total 109248K, used 100617K [0x00000000e0000000, 0x00000000e8000000, 0x00000000e8000000)
  eden space 87424K, 100% used [0x00000000e0000000, 0x00000000e5560000, 0x00000000e5560000)
  from space 21824K,  60% used [0x00000000e5560000, 0x00000000e62425a8, 0x00000000e6ab0000)
  to   space 21824K,   0% used [0x00000000e6ab0000, 0x00000000e6ab0000, 0x00000000e8000000)
 concurrent mark-sweep generation total 393216K, used 0K [0x00000000e8000000, 0x0000000100000000, 0x0000000100000000)
 Metaspace       used 20844K, capacity 21160K, committed 21248K, reserved 1069056K
  class space    used 2408K, capacity 2533K, committed 2560K, reserved 1048576K
2016-11-05T10:18:52.989+0100: 2,438: [GC (Allocation Failure) 2016-11-05T10:18:52.989+0100: 2,438: [ParNew
Desired survivor size 20112992 bytes, new threshold 8 (max 8)
- age   1:    1455424 bytes,    1455424 total
- age   2:    1588984 bytes,    3044408 total
- age   3:    6263960 bytes,    9308368 total
: 100617K->11460K(109248K), 0,0083715 secs] 100617K->11460K(502464K), 0,0084425 secs] [Times: user=0,03 sys=0,00, real=0,01 secs] 
Heap after GC invocations=3 (full 0):
 par new generation   total 109248K, used 11460K [0x00000000e0000000, 0x00000000e8000000, 0x00000000e8000000)
  eden space 87424K,   0% used [0x00000000e0000000, 0x00000000e0000000, 0x00000000e5560000)
  from space 21824K,  52% used [0x00000000e6ab0000, 0x00000000e75e11c0, 0x00000000e8000000)
  to   space 21824K,   0% used [0x00000000e5560000, 0x00000000e5560000, 0x00000000e6ab0000)
 concurrent mark-sweep generation total 393216K, used 0K [0x00000000e8000000, 0x0000000100000000, 0x0000000100000000)
 Metaspace       used 20844K, capacity 21160K, committed 21248K, reserved 1069056K
  class space    used 2408K, capacity 2533K, committed 2560K, reserved 1048576K
}
2016-11-05T10:18:52.998+0100: 2,447: Total time for which application threads were stopped: 0,0086302 seconds, Stopping threads took: 0,0000521 seconds
2016-11-05T10:18:53.004+0100: 2,453: Total time for which application threads were stopped: 0,0009597 seconds, Stopping threads took: 0,0008766 seconds
2016-11-05T10:18:53.081+0100: 2,530: Total time for which application threads were stopped: 0,0000986 seconds, Stopping threads took: 0,0000201 seconds
2016-11-05T10:18:53.093+0100: 2,542: Total time for which application threads were stopped: 0,0003437 seconds, Stopping threads took: 0,0000384 seconds
2016-11-05T10:18:53.114+0100: 2,563: Total time for which application threads were stopped: 0,0000779 seconds, Stopping threads took: 0,0000193 seconds
2016-11-05T10:18:53.161+0100: 2,610: Total time for which application threads were stopped: 0,0001732 seconds, Stopping threads took: 0,0000287 seconds
2016-11-05T10:18:53.164+0100: 2,613: Total time for which application threads were stopped: 0,0026793 seconds, Stopping threads took: 0,0026212 seconds
2016-11-05T10:18:53.208+0100: 2,658: Total time for which application threads were stopped: 0,0001753 seconds, Stopping threads took: 0,0000615 seconds
2016-11-05T10:18:53.229+0100: 2,678: Total time for which application threads were stopped: 0,0004063 seconds, Stopping threads took: 0,0000364 seconds
2016-11-05T10:18:53.244+0100: 2,693: Total time for which application threads were stopped: 0,0004035 seconds, Stopping threads took: 0,0000393 seconds
2016-11-05T10:18:53.245+0100: 2,694: Total time for which application threads were stopped: 0,0000971 seconds, Stopping threads took: 0,0000434 seconds
2016-11-05T10:18:53.272+0100: 2,721: Total time for which application threads were stopped: 0,0004210 seconds, Stopping threads took: 0,0000257 seconds
2016-11-05T10:18:53.275+0100: 2,725: Total time for which application threads were stopped: 0,0001111 seconds, Stopping threads took: 0,0000471 seconds
{Heap before GC invocations=3 (full 0):
 par new generation   total 109248K, used 98884K [0x00000000e0000000, 0x00000000e8000000, 0x00000000e8000000)
  eden space 87424K, 100% used [0x00000000e0000000, 0x00000000e5560000, 0x00000000e5560000)
  from space 21824K,  52% used [0x00000000e6ab0000, 0x00000000e75e11c0, 0x00000000e8000000)
  to   space 21824K,   0% used [0x00000000e5560000, 0x00000000e5560000, 0x00000000e6ab0000)
 concurrent mark-sweep generation total 393216K, used 0K [0x00000000e8000000, 0x0000000100000000, 0x0000000100000000)
 Metaspace       used 22863K, capacity 23266K, committed 23316K, reserved 1069056K
  class space    used 2647K, capacity 2810K, committed 2836K, reserved 1048576K
2016-11-05T10:18:53.280+0100: 2,729: [GC (Allocation Failure) 2016-11-05T10:18:53.280+0100: 2,729: [ParNew
Desired survivor size 20112992 bytes, new threshold 8 (max 8)
- age   1:    2557576 bytes,    2557576 total
- age   2:     181912 bytes,    2739488 total
- age   3:     777944 bytes,    3517432 total
- age   4:    6259608 bytes,    9777040 total
: 98884K->14437K(109248K), 0,0107053 secs] 98884K->14437K(502464K), 0,0107812 secs] [Times: user=0,04 sys=0,00, real=0,01 secs] 
Heap after GC invocations=4 (full 0):
 par new generation   total 109248K, used 14437K [0x00000000e0000000, 0x00000000e8000000, 0x00000000e8000000)
  eden space 87424K,   0% used [0x00000000e0000000, 0x00000000e0000000, 0x00000000e5560000)
  from space 21824K,  66% used [0x00000000e5560000, 0x00000000e6379638, 0x00000000e6ab0000)
  to   space 21824K,   0% used [0x00000000e6ab0000, 0x00000000e6ab0000, 0x00000000e8000000)
 concurrent mark-sweep generation total 393216K, used 0K [0x00000000e8000000, 0x0000000100000000, 0x0000000100000000)
 Metaspace       used 22863K, capacity 23266K, committed 23316K, reserved 1069056K
  class space    used 2647K, capacity 2810K, committed 2836K, reserved 1048576K
}
2016-11-05T10:18:53.290+0100: 2,740: Total time for which application threads were stopped: 0,0109733 seconds, Stopping threads took: 0,0000679 seconds
2016-11-05T10:18:53.291+0100: 2,740: [GC (CMS Initial Mark) [1 CMS-initial-mark: 0K(393216K)] 15329K(502464K), 0,0050046 secs] [Times: user=0,01 sys=0,00, real=0,00 secs] 
2016-11-05T10:18:53.296+0100: 2,745: Total time for which application threads were stopped: 0,0051826 seconds, Stopping threads took: 0,0000731 seconds
2016-11-05T10:18:53.296+0100: 2,745: [CMS-concurrent-mark-start]
2016-11-05T10:18:53.296+0100: 2,745: [CMS-concurrent-mark: 0,000/0,000 secs] [Times: user=0,00 sys=0,00, real=0,00 secs] 
2016-11-05T10:18:53.296+0100: 2,745: [CMS-concurrent-preclean-start]
2016-11-05T10:18:53.297+0100: 2,746: [CMS-concurrent-preclean: 0,001/0,001 secs] [Times: user=0,01 sys=0,00, real=0,00 secs] 
2016-11-05T10:18:53.297+0100: 2,746: [CMS-concurrent-abortable-preclean-start]
2016-11-05T10:18:53.339+0100: 2,788: Total time for which application threads were stopped: 0,0001165 seconds, Stopping threads took: 0,0000253 seconds
2016-11-05T10:18:53.358+0100: 2,807: Total time for which application threads were stopped: 0,0000800 seconds, Stopping threads took: 0,0000216 seconds
2016-11-05T10:18:53.373+0100: 2,822: Total time for which application threads were stopped: 0,0000830 seconds, Stopping threads took: 0,0000265 seconds
2016-11-05T10:18:53.408+0100: 2,857: Total time for which application threads were stopped: 0,0001499 seconds, Stopping threads took: 0,0000699 seconds
2016-11-05T10:18:53.452+0100: 2,901: Total time for which application threads were stopped: 0,0001605 seconds, Stopping threads took: 0,0000726 seconds
2016-11-05T10:18:53.499+0100: 2,948: Total time for which application threads were stopped: 0,0000929 seconds, Stopping threads took: 0,0000228 seconds
2016-11-05T10:18:53.531+0100: 2,980: Total time for which application threads were stopped: 0,0001040 seconds, Stopping threads took: 0,0000251 seconds
2016-11-05T10:18:53.566+0100: 3,015: Total time for which application threads were stopped: 0,0000952 seconds, Stopping threads took: 0,0000245 seconds
2016-11-05T10:18:53.598+0100: 3,048: Total time for which application threads were stopped: 0,0002990 seconds, Stopping threads took: 0,0000134 seconds
2016-11-05T10:18:53.612+0100: 3,061: Total time for which application threads were stopped: 0,0000834 seconds, Stopping threads took: 0,0000221 seconds
2016-11-05T10:18:53.637+0100: 3,086: Total time for which application threads were stopped: 0,0001007 seconds, Stopping threads took: 0,0000206 seconds
2016-11-05T10:18:53.663+0100: 3,112: Total time for which application threads were stopped: 0,0000922 seconds, Stopping threads took: 0,0000186 seconds
2016-11-05T10:18:53.684+0100: 3,133: Total time for which application threads were stopped: 0,0026375 seconds, Stopping threads took: 0,0025651 seconds
2016-11-05T10:18:53.735+0100: 3,184: Total time for which application threads were stopped: 0,0001363 seconds, Stopping threads took: 0,0000273 seconds
2016-11-05T10:18:53.735+0100: 3,184: [CMS-concurrent-abortable-preclean: 0,308/0,437 secs] [Times: user=1,21 sys=0,04, real=0,43 secs] 
2016-11-05T10:18:53.735+0100: 3,184: [GC (CMS Final Remark) [YG occupancy: 64559 K (109248 K)]{Heap before GC invocations=4 (full 1):
 par new generation   total 109248K, used 64559K [0x00000000e0000000, 0x00000000e8000000, 0x00000000e8000000)
  eden space 87424K,  57% used [0x00000000e0000000, 0x00000000e30f2938, 0x00000000e5560000)
  from space 21824K,  66% used [0x00000000e5560000, 0x00000000e6379638, 0x00000000e6ab0000)
  to   space 21824K,   0% used [0x00000000e6ab0000, 0x00000000e6ab0000, 0x00000000e8000000)
 concurrent mark-sweep generation total 393216K, used 0K [0x00000000e8000000, 0x0000000100000000, 0x0000000100000000)
 Metaspace       used 27064K, capacity 27532K, committed 27860K, reserved 1073152K
  class space    used 3141K, capacity 3269K, committed 3292K, reserved 1048576K
2016-11-05T10:18:53.735+0100: 3,184: [GC (CMS Final Remark) 2016-11-05T10:18:53.735+0100: 3,184: [ParNew
Desired survivor size 20112992 bytes, new threshold 8 (max 8)
- age   1:    9004480 bytes,    9004480 total
- age   2:     738320 bytes,    9742800 total
- age   3:     130480 bytes,    9873280 total
- age   4:     706544 bytes,   10579824 total
- age   5:    5929056 bytes,   16508880 total
: 64559K->19117K(109248K), 0,0139754 secs] 64559K->19117K(502464K), 0,0140352 secs] [Times: user=0,04 sys=0,01, real=0,02 secs] 
Heap after GC invocations=5 (full 1):
 par new generation   total 109248K, used 19117K [0x00000000e0000000, 0x00000000e8000000, 0x00000000e8000000)
  eden space 87424K,   0% used [0x00000000e0000000, 0x00000000e0000000, 0x00000000e5560000)
  from space 21824K,  87% used [0x00000000e6ab0000, 0x00000000e7d5b628, 0x00000000e8000000)
  to   space 21824K,   0% used [0x00000000e5560000, 0x00000000e5560000, 0x00000000e6ab0000)
 concurrent mark-sweep generation total 393216K, used 0K [0x00000000e8000000, 0x0000000100000000, 0x0000000100000000)
 Metaspace       used 27064K, capacity 27532K, committed 27860K, reserved 1073152K
  class space    used 3141K, capacity 3269K, committed 3292K, reserved 1048576K
}
2016-11-05T10:18:53.749+0100: 3,198: [Rescan (parallel) , 0,0043453 secs]2016-11-05T10:18:53.753+0100: 3,203: [weak refs processing, 0,0003776 secs]2016-11-05T10:18:53.754+0100: 3,203: [class unloading, 0,0035989 secs]2016-11-05T10:18:53.757+0100: 3,207: [scrub symbol table, 0,0036221 secs]2016-11-05T10:18:53.761+0100: 3,210: [scrub string table, 0,0003934 secs][1 CMS-remark: 0K(393216K)] 19117K(502464K), 0,0271700 secs] [Times: user=0,06 sys=0,01, real=0,03 secs] 
2016-11-05T10:18:53.762+0100: 3,211: Total time for which application threads were stopped: 0,0273135 seconds, Stopping threads took: 0,0000723 seconds
2016-11-05T10:18:53.764+0100: 3,213: [CMS-concurrent-sweep-start]
2016-11-05T10:18:53.764+0100: 3,213: [CMS-concurrent-sweep: 0,000/0,000 secs] [Times: user=0,00 sys=0,00, real=0,00 secs] 
2016-11-05T10:18:53.764+0100: 3,213: [CMS-concurrent-reset-start]
2016-11-05T10:18:53.766+0100: 3,215: [CMS-concurrent-reset: 0,002/0,002 secs] [Times: user=0,01 sys=0,00, real=0,00 secs] 
2016-11-05T10:18:54.606+0100: 4,055: Total time for which application threads were stopped: 0,0005096 seconds, Stopping threads took: 0,0000155 seconds
2016-11-05T10:18:57.606+0100: 7,055: Total time for which application threads were stopped: 0,0000688 seconds, Stopping threads took: 0,0000155 seconds
2016-11-05T10:21:22.622+0100: 152,071: Total time for which application threads were stopped: 0,0000840 seconds, Stopping threads took: 0,0000389 seconds
2016-11-05T10:21:51.626+0100: 181,075: Total time for which application threads were stopped: 0,0001666 seconds, Stopping threads took: 0,0000633 seconds
2016-11-05T10:22:32.632+0100: 222,081: Total time for which application threads were stopped: 0,0000880 seconds, Stopping threads took: 0,0000374 seconds
2016-11-05T10:23:21.638+0100: 271,088: Total time for which application threads were stopped: 0,0000744 seconds, Stopping threads took: 0,0000323 seconds
2016-11-05T10:23:37.641+0100: 287,090: Total time for which application threads were stopped: 0,0000740 seconds, Stopping threads took: 0,0000312 seconds
2016-11-05T10:42:26.778+0100: 1416,227: Total time for which application threads were stopped: 0,0000829 seconds, Stopping threads took: 0,0000355 seconds
2016-11-05T10:47:21.813+0100: 1711,262: Total time for which application threads were stopped: 0,0000729 seconds, Stopping threads took: 0,0000307 seconds
2016-11-05T10:57:22.886+0100: 2312,335: Total time for which application threads were stopped: 0,0000721 seconds, Stopping threads took: 0,0000278 seconds
2016-11-05T10:57:26.887+0100: 2316,336: Total time for which application threads were stopped: 0,0000571 seconds, Stopping threads took: 0,0000146 seconds
2016-11-05T10:57:27.887+0100: 2317,336: Total time for which application threads were stopped: 0,0000826 seconds, Stopping threads took: 0,0000201 seconds
2016-11-05T10:59:31.902+0100: 2441,351: Total time for which application threads were stopped: 0,0000843 seconds, Stopping threads took: 0,0000342 seconds
2016-11-05T11:01:21.915+0100: 2551,365: Total time for which application threads were stopped: 0,0000757 seconds, Stopping threads took: 0,0000332 seconds
2016-11-05T11:12:07.993+0100: 3197,443: Total time for which application threads were stopped: 0,0000746 seconds, Stopping threads took: 0,0000320 seconds
2016-11-05T11:20:37.056+0100: 3706,505: Total time for which application threads were stopped: 0,0000724 seconds, Stopping threads took: 0,0000294 seconds
2016-11-05T11:22:42.073+0100: 3831,522: Total time for which application threads were stopped: 0,0001707 seconds, Stopping threads took: 0,0000545 seconds
2016-11-05T11:22:47.074+0100: 3836,523: Total time for which application threads were stopped: 0,0000888 seconds, Stopping threads took: 0,0000321 seconds
2016-11-05T11:25:52.096+0100: 4021,546: Total time for which application threads were stopped: 0,0001304 seconds, Stopping threads took: 0,0000510 seconds
2016-11-05T11:55:58.343+0100: 5827,792: Total time for which application threads were stopped: 0,0001736 seconds, Stopping threads took: 0,0000718 seconds
2016-11-05T11:56:18.346+0100: 5847,795: Total time for which application threads were stopped: 0,0000834 seconds, Stopping threads took: 0,0000348 seconds
2016-11-05T12:03:47.411+0100: 6296,860: Total time for which application threads were stopped: 0,0001514 seconds, Stopping threads took: 0,0000603 seconds
2016-11-05T12:23:22.589+0100: 7472,038: Total time for which application threads were stopped: 0,0000905 seconds, Stopping threads took: 0,0000335 seconds
2016-11-05T12:23:52.594+0100: 7502,043: Total time for which application threads were stopped: 0,0000798 seconds, Stopping threads took: 0,0000315 seconds
2016-11-05T12:26:52.618+0100: 7682,067: Total time for which application threads were stopped: 0,0000799 seconds, Stopping threads took: 0,0000309 seconds
2016-11-05T13:31:22.219+0100: 11551,668: Total time for which application threads were stopped: 0,0001524 seconds, Stopping threads took: 0,0000587 seconds
2016-11-05T14:31:17.741+0100: 15147,190: Total time for which application threads were stopped: 0,0000884 seconds, Stopping threads took: 0,0000341 seconds
2016-11-05T14:34:52.773+0100: 15362,222: Total time for which application threads were stopped: 0,0001346 seconds, Stopping threads took: 0,0000529 seconds
2016-11-05T14:35:52.783+0100: 15422,232: Total time for which application threads were stopped: 0,0001544 seconds, Stopping threads took: 0,0000607 seconds
2016-11-05T23:43:32.383+0100: 45417,288: Total time for which application threads were stopped: 0,0001115 seconds, Stopping threads took: 0,0000427 seconds
2016-11-06T02:12:42.225+0100: 51317,036: Total time for which application threads were stopped: 0,0001251 seconds, Stopping threads took: 0,0000155 seconds
Heap
 par new generation   total 109248K, used 46992K [0x00000000e0000000, 0x00000000e8000000, 0x00000000e8000000)
  eden space 87424K,  31% used [0x00000000e0000000, 0x00000000e1b38db8, 0x00000000e5560000)
  from space 21824K,  87% used [0x00000000e6ab0000, 0x00000000e7d5b628, 0x00000000e8000000)
  to   space 21824K,   0% used [0x00000000e5560000, 0x00000000e5560000, 0x00000000e6ab0000)
 concurrent mark-sweep generation total 393216K, used 0K [0x00000000e8000000, 0x0000000100000000, 0x0000000100000000)
 Metaspace       used 27300K, capacity 27704K, committed 27988K, reserved 1073152K
  class space    used 3165K, capacity 3303K, committed 3420K, reserved 1048576K
