OpenJDK 64-Bit Server VM (25.121-b13) for linux-amd64 JRE (1.8.0_121-8u121-b13-0ubuntu1.16.04.2-b13), built on Jan 23 2017 15:51:29 by "buildd" with gcc 5.4.0 20160609
Memory: 4k page, physical 7867760k(7505636k free), swap 8076284k(8076284k free)
CommandLine flags: -XX:CMSInitiatingOccupancyFraction=50 -XX:CMSMaxAbortablePrecleanTime=6000 -XX:+CMSParallelRemarkEnabled -XX:+CMSScavengeBeforeRemark -XX:ConcGCThreads=4 -XX:InitialHeapSize=536870912 -XX:MaxHeapSize=536870912 -XX:MaxTenuringThreshold=8 -XX:NewRatio=3 -XX:OldPLABSize=16 -XX:OnOutOfMemoryError=/opt/solr/bin/oom_solr.sh 8983 /var/solr/logs -XX:ParallelGCThreads=4 -XX:+ParallelRefProcEnabled -XX:PretenureSizeThreshold=67108864 -XX:+PrintGC -XX:+PrintGCApplicationStoppedTime -XX:+PrintGCDateStamps -XX:+PrintGCDetails -XX:+PrintGCTimeStamps -XX:+PrintHeapAtGC -XX:+PrintTenuringDistribution -XX:SurvivorRatio=4 -XX:TargetSurvivorRatio=90 -XX:ThreadStackSize=256 -XX:+UseCMSInitiatingOccupancyOnly -XX:+UseCompressedClassPointers -XX:+UseCompressedOops -XX:+UseConcMarkSweepGC -XX:+UseParNewGC 
2017-02-26T09:01:53.701+0100: 0,137: Total time for which application threads were stopped: 0,0000647 seconds, Stopping threads took: 0,0000121 seconds
2017-02-26T09:01:53.783+0100: 0,219: Total time for which application threads were stopped: 0,0001179 seconds, Stopping threads took: 0,0000144 seconds
2017-02-26T09:01:53.800+0100: 0,236: Total time for which application threads were stopped: 0,0000874 seconds, Stopping threads took: 0,0000146 seconds
2017-02-26T09:01:54.068+0100: 0,504: Total time for which application threads were stopped: 0,0001721 seconds, Stopping threads took: 0,0000189 seconds
2017-02-26T09:01:54.557+0100: 0,993: Total time for which application threads were stopped: 0,0001553 seconds, Stopping threads took: 0,0000146 seconds
2017-02-26T09:01:54.694+0100: 1,130: Total time for which application threads were stopped: 0,0002178 seconds, Stopping threads took: 0,0000334 seconds
2017-02-26T09:01:54.768+0100: 1,204: Total time for which application threads were stopped: 0,0001712 seconds, Stopping threads took: 0,0000304 seconds
2017-02-26T09:01:55.054+0100: 1,489: Total time for which application threads were stopped: 0,0001838 seconds, Stopping threads took: 0,0000240 seconds
2017-02-26T09:01:55.244+0100: 1,680: Total time for which application threads were stopped: 0,0001892 seconds, Stopping threads took: 0,0000147 seconds
2017-02-26T09:01:55.270+0100: 1,706: Total time for which application threads were stopped: 0,0003847 seconds, Stopping threads took: 0,0000189 seconds
2017-02-26T09:01:55.307+0100: 1,743: Total time for which application threads were stopped: 0,0001981 seconds, Stopping threads took: 0,0000199 seconds
2017-02-26T09:01:55.309+0100: 1,745: Total time for which application threads were stopped: 0,0001939 seconds, Stopping threads took: 0,0000216 seconds
2017-02-26T09:01:55.323+0100: 1,759: Total time for which application threads were stopped: 0,0002170 seconds, Stopping threads took: 0,0000286 seconds
2017-02-26T09:01:55.411+0100: 1,847: Total time for which application threads were stopped: 0,0002333 seconds, Stopping threads took: 0,0000203 seconds
2017-02-26T09:01:55.575+0100: 2,011: Total time for which application threads were stopped: 0,0002936 seconds, Stopping threads took: 0,0000783 seconds
{Heap before GC invocations=0 (full 0):
 par new generation   total 109248K, used 87424K [0x00000000e0000000, 0x00000000e8000000, 0x00000000e8000000)
  eden space 87424K, 100% used [0x00000000e0000000, 0x00000000e5560000, 0x00000000e5560000)
  from space 21824K,   0% used [0x00000000e5560000, 0x00000000e5560000, 0x00000000e6ab0000)
  to   space 21824K,   0% used [0x00000000e6ab0000, 0x00000000e6ab0000, 0x00000000e8000000)
 concurrent mark-sweep generation total 393216K, used 0K [0x00000000e8000000, 0x0000000100000000, 0x0000000100000000)
 Metaspace       used 18021K, capacity 18336K, committed 18688K, reserved 1064960K
  class space    used 2037K, capacity 2196K, committed 2304K, reserved 1048576K
2017-02-26T09:01:55.666+0100: 2,102: [GC (Allocation Failure) 2017-02-26T09:01:55.666+0100: 2,102: [ParNew
Desired survivor size 20112992 bytes, new threshold 8 (max 8)
- age   1:   12591040 bytes,   12591040 total
: 87424K->12408K(109248K), 0,0164204 secs] 87424K->12408K(502464K), 0,0164995 secs] [Times: user=0,04 sys=0,02, real=0,02 secs] 
Heap after GC invocations=1 (full 0):
 par new generation   total 109248K, used 12408K [0x00000000e0000000, 0x00000000e8000000, 0x00000000e8000000)
  eden space 87424K,   0% used [0x00000000e0000000, 0x00000000e0000000, 0x00000000e5560000)
  from space 21824K,  56% used [0x00000000e6ab0000, 0x00000000e76ce210, 0x00000000e8000000)
  to   space 21824K,   0% used [0x00000000e5560000, 0x00000000e5560000, 0x00000000e6ab0000)
 concurrent mark-sweep generation total 393216K, used 0K [0x00000000e8000000, 0x0000000100000000, 0x0000000100000000)
 Metaspace       used 18021K, capacity 18336K, committed 18688K, reserved 1064960K
  class space    used 2037K, capacity 2196K, committed 2304K, reserved 1048576K
}
2017-02-26T09:01:55.682+0100: 2,118: Total time for which application threads were stopped: 0,0174107 seconds, Stopping threads took: 0,0007214 seconds
2017-02-26T09:01:55.967+0100: 2,403: Total time for which application threads were stopped: 0,0002856 seconds, Stopping threads took: 0,0000294 seconds
2017-02-26T09:01:56.011+0100: 2,447: Total time for which application threads were stopped: 0,0004072 seconds, Stopping threads took: 0,0000745 seconds
{Heap before GC invocations=1 (full 0):
 par new generation   total 109248K, used 99832K [0x00000000e0000000, 0x00000000e8000000, 0x00000000e8000000)
  eden space 87424K, 100% used [0x00000000e0000000, 0x00000000e5560000, 0x00000000e5560000)
  from space 21824K,  56% used [0x00000000e6ab0000, 0x00000000e76ce210, 0x00000000e8000000)
  to   space 21824K,   0% used [0x00000000e5560000, 0x00000000e5560000, 0x00000000e6ab0000)
 concurrent mark-sweep generation total 393216K, used 0K [0x00000000e8000000, 0x0000000100000000, 0x0000000100000000)
 Metaspace       used 20037K, capacity 20366K, committed 20736K, reserved 1067008K
  class space    used 2297K, capacity 2471K, committed 2560K, reserved 1048576K
2017-02-26T09:01:56.014+0100: 2,450: [GC (Allocation Failure) 2017-02-26T09:01:56.014+0100: 2,450: [ParNew
Desired survivor size 20112992 bytes, new threshold 8 (max 8)
- age   1:    3678720 bytes,    3678720 total
- age   2:    6659776 bytes,   10338496 total
: 99832K->15709K(109248K), 0,0191507 secs] 99832K->15709K(502464K), 0,0192436 secs] [Times: user=0,06 sys=0,01, real=0,02 secs] 
Heap after GC invocations=2 (full 0):
 par new generation   total 109248K, used 15709K [0x00000000e0000000, 0x00000000e8000000, 0x00000000e8000000)
  eden space 87424K,   0% used [0x00000000e0000000, 0x00000000e0000000, 0x00000000e5560000)
  from space 21824K,  71% used [0x00000000e5560000, 0x00000000e64b7640, 0x00000000e6ab0000)
  to   space 21824K,   0% used [0x00000000e6ab0000, 0x00000000e6ab0000, 0x00000000e8000000)
 concurrent mark-sweep generation total 393216K, used 0K [0x00000000e8000000, 0x0000000100000000, 0x0000000100000000)
 Metaspace       used 20037K, capacity 20366K, committed 20736K, reserved 1067008K
  class space    used 2297K, capacity 2471K, committed 2560K, reserved 1048576K
}
2017-02-26T09:01:56.033+0100: 2,469: Total time for which application threads were stopped: 0,0194165 seconds, Stopping threads took: 0,0000203 seconds
2017-02-26T09:01:56.093+0100: 2,529: Total time for which application threads were stopped: 0,0003628 seconds, Stopping threads took: 0,0000294 seconds
2017-02-26T09:01:56.207+0100: 2,643: Total time for which application threads were stopped: 0,0001875 seconds, Stopping threads took: 0,0000367 seconds
{Heap before GC invocations=2 (full 0):
 par new generation   total 109248K, used 103133K [0x00000000e0000000, 0x00000000e8000000, 0x00000000e8000000)
  eden space 87424K, 100% used [0x00000000e0000000, 0x00000000e5560000, 0x00000000e5560000)
  from space 21824K,  71% used [0x00000000e5560000, 0x00000000e64b7640, 0x00000000e6ab0000)
  to   space 21824K,   0% used [0x00000000e6ab0000, 0x00000000e6ab0000, 0x00000000e8000000)
 concurrent mark-sweep generation total 393216K, used 0K [0x00000000e8000000, 0x0000000100000000, 0x0000000100000000)
 Metaspace       used 20973K, capacity 21288K, committed 21628K, reserved 1069056K
  class space    used 2418K, capacity 2590K, committed 2684K, reserved 1048576K
2017-02-26T09:01:56.239+0100: 2,675: [GC (Allocation Failure) 2017-02-26T09:01:56.239+0100: 2,675: [ParNew
Desired survivor size 20112992 bytes, new threshold 8 (max 8)
- age   1:    2178272 bytes,    2178272 total
- age   2:     862144 bytes,    3040416 total
- age   3:    6655304 bytes,    9695720 total
: 103133K->12341K(109248K), 0,0095818 secs] 103133K->12341K(502464K), 0,0096588 secs] [Times: user=0,04 sys=0,00, real=0,00 secs] 
Heap after GC invocations=3 (full 0):
 par new generation   total 109248K, used 12341K [0x00000000e0000000, 0x00000000e8000000, 0x00000000e8000000)
  eden space 87424K,   0% used [0x00000000e0000000, 0x00000000e0000000, 0x00000000e5560000)
  from space 21824K,  56% used [0x00000000e6ab0000, 0x00000000e76bd540, 0x00000000e8000000)
  to   space 21824K,   0% used [0x00000000e5560000, 0x00000000e5560000, 0x00000000e6ab0000)
 concurrent mark-sweep generation total 393216K, used 0K [0x00000000e8000000, 0x0000000100000000, 0x0000000100000000)
 Metaspace       used 20973K, capacity 21288K, committed 21628K, reserved 1069056K
  class space    used 2418K, capacity 2590K, committed 2684K, reserved 1048576K
}
2017-02-26T09:01:56.249+0100: 2,685: Total time for which application threads were stopped: 0,0099132 seconds, Stopping threads took: 0,0001066 seconds
2017-02-26T09:01:56.258+0100: 2,694: [GC (CMS Initial Mark) [1 CMS-initial-mark: 0K(393216K)] 17201K(502464K), 0,0060522 secs] [Times: user=0,01 sys=0,00, real=0,00 secs] 
2017-02-26T09:01:56.264+0100: 2,700: Total time for which application threads were stopped: 0,0062378 seconds, Stopping threads took: 0,0000848 seconds
2017-02-26T09:01:56.264+0100: 2,700: [CMS-concurrent-mark-start]
2017-02-26T09:01:56.264+0100: 2,700: [CMS-concurrent-mark: 0,000/0,000 secs] [Times: user=0,00 sys=0,00, real=0,00 secs] 
2017-02-26T09:01:56.264+0100: 2,700: [CMS-concurrent-preclean-start]
2017-02-26T09:01:56.265+0100: 2,701: [CMS-concurrent-preclean: 0,001/0,001 secs] [Times: user=0,01 sys=0,00, real=0,00 secs] 
2017-02-26T09:01:56.265+0100: 2,701: [CMS-concurrent-abortable-preclean-start]
2017-02-26T09:01:56.330+0100: 2,766: Total time for which application threads were stopped: 0,0001502 seconds, Stopping threads took: 0,0000674 seconds
{Heap before GC invocations=3 (full 1):
 par new generation   total 109248K, used 99765K [0x00000000e0000000, 0x00000000e8000000, 0x00000000e8000000)
  eden space 87424K, 100% used [0x00000000e0000000, 0x00000000e5560000, 0x00000000e5560000)
  from space 21824K,  56% used [0x00000000e6ab0000, 0x00000000e76bd540, 0x00000000e8000000)
  to   space 21824K,   0% used [0x00000000e5560000, 0x00000000e5560000, 0x00000000e6ab0000)
 concurrent mark-sweep generation total 393216K, used 0K [0x00000000e8000000, 0x0000000100000000, 0x0000000100000000)
 Metaspace       used 21251K, capacity 21628K, committed 21884K, reserved 1069056K
  class space    used 2448K, capacity 2605K, committed 2684K, reserved 1048576K
2017-02-26T09:01:56.370+0100: 2,806: [GC (Allocation Failure) 2017-02-26T09:01:56.370+0100: 2,806: [ParNew
Desired survivor size 20112992 bytes, new threshold 8 (max 8)
- age   1:    1081480 bytes,    1081480 total
- age   2:    1444096 bytes,    2525576 total
- age   3:     832672 bytes,    3358248 total
- age   4:    6655256 bytes,   10013504 total
: 99765K->12849K(109248K), 0,0105317 secs] 99765K->12849K(502464K), 0,0106025 secs] [Times: user=0,04 sys=0,00, real=0,01 secs] 
Heap after GC invocations=4 (full 1):
 par new generation   total 109248K, used 12849K [0x00000000e0000000, 0x00000000e8000000, 0x00000000e8000000)
  eden space 87424K,   0% used [0x00000000e0000000, 0x00000000e0000000, 0x00000000e5560000)
  from space 21824K,  58% used [0x00000000e5560000, 0x00000000e61ec630, 0x00000000e6ab0000)
  to   space 21824K,   0% used [0x00000000e6ab0000, 0x00000000e6ab0000, 0x00000000e8000000)
 concurrent mark-sweep generation total 393216K, used 0K [0x00000000e8000000, 0x0000000100000000, 0x0000000100000000)
 Metaspace       used 21251K, capacity 21628K, committed 21884K, reserved 1069056K
  class space    used 2448K, capacity 2605K, committed 2684K, reserved 1048576K
}
2017-02-26T09:01:56.381+0100: 2,817: Total time for which application threads were stopped: 0,0108290 seconds, Stopping threads took: 0,0000696 seconds
2017-02-26T09:01:56.381+0100: 2,817: [CMS-concurrent-abortable-preclean: 0,066/0,116 secs] [Times: user=0,43 sys=0,01, real=0,12 secs] 
2017-02-26T09:01:56.392+0100: 2,828: [GC (CMS Final Remark) [YG occupancy: 18770 K (109248 K)]{Heap before GC invocations=4 (full 1):
 par new generation   total 109248K, used 18770K [0x00000000e0000000, 0x00000000e8000000, 0x00000000e8000000)
  eden space 87424K,   6% used [0x00000000e0000000, 0x00000000e05c8498, 0x00000000e5560000)
  from space 21824K,  58% used [0x00000000e5560000, 0x00000000e61ec630, 0x00000000e6ab0000)
  to   space 21824K,   0% used [0x00000000e6ab0000, 0x00000000e6ab0000, 0x00000000e8000000)
 concurrent mark-sweep generation total 393216K, used 0K [0x00000000e8000000, 0x0000000100000000, 0x0000000100000000)
 Metaspace       used 21257K, capacity 21628K, committed 21884K, reserved 1069056K
  class space    used 2449K, capacity 2605K, committed 2684K, reserved 1048576K
2017-02-26T09:01:56.392+0100: 2,828: [GC (CMS Final Remark) 2017-02-26T09:01:56.392+0100: 2,828: [ParNew
Desired survivor size 20112992 bytes, new threshold 8 (max 8)
- age   1:     671928 bytes,     671928 total
- age   2:     610144 bytes,    1282072 total
- age   3:    1444096 bytes,    2726168 total
- age   4:     832640 bytes,    3558808 total
- age   5:    6655136 bytes,   10213944 total
: 18770K->13296K(109248K), 0,0120606 secs] 18770K->13296K(502464K), 0,0121061 secs] [Times: user=0,04 sys=0,00, real=0,01 secs] 
Heap after GC invocations=5 (full 1):
 par new generation   total 109248K, used 13296K [0x00000000e0000000, 0x00000000e8000000, 0x00000000e8000000)
  eden space 87424K,   0% used [0x00000000e0000000, 0x00000000e0000000, 0x00000000e5560000)
  from space 21824K,  60% used [0x00000000e6ab0000, 0x00000000e77ac2b8, 0x00000000e8000000)
  to   space 21824K,   0% used [0x00000000e5560000, 0x00000000e5560000, 0x00000000e6ab0000)
 concurrent mark-sweep generation total 393216K, used 0K [0x00000000e8000000, 0x0000000100000000, 0x0000000100000000)
 Metaspace       used 21257K, capacity 21628K, committed 21884K, reserved 1069056K
  class space    used 2449K, capacity 2605K, committed 2684K, reserved 1048576K
}
2017-02-26T09:01:56.404+0100: 2,840: [Rescan (parallel) , 0,0043095 secs]2017-02-26T09:01:56.408+0100: 2,844: [weak refs processing, 0,0013821 secs]2017-02-26T09:01:56.410+0100: 2,846: [class unloading, 0,0028419 secs]2017-02-26T09:01:56.413+0100: 2,849: [scrub symbol table, 0,0025740 secs]2017-02-26T09:01:56.415+0100: 2,851: [scrub string table, 0,0003910 secs][1 CMS-remark: 0K(393216K)] 13296K(502464K), 0,0243379 secs] [Times: user=0,07 sys=0,00, real=0,02 secs] 
2017-02-26T09:01:56.416+0100: 2,852: Total time for which application threads were stopped: 0,0284325 seconds, Stopping threads took: 0,0040012 seconds
2017-02-26T09:01:56.416+0100: 2,852: [CMS-concurrent-sweep-start]
2017-02-26T09:01:56.416+0100: 2,852: [CMS-concurrent-sweep: 0,000/0,000 secs] [Times: user=0,00 sys=0,00, real=0,00 secs] 
2017-02-26T09:01:56.416+0100: 2,852: [CMS-concurrent-reset-start]
2017-02-26T09:01:56.419+0100: 2,855: [CMS-concurrent-reset: 0,002/0,002 secs] [Times: user=0,00 sys=0,01, real=0,01 secs] 
{Heap before GC invocations=5 (full 1):
 par new generation   total 109248K, used 100720K [0x00000000e0000000, 0x00000000e8000000, 0x00000000e8000000)
  eden space 87424K, 100% used [0x00000000e0000000, 0x00000000e5560000, 0x00000000e5560000)
  from space 21824K,  60% used [0x00000000e6ab0000, 0x00000000e77ac2b8, 0x00000000e8000000)
  to   space 21824K,   0% used [0x00000000e5560000, 0x00000000e5560000, 0x00000000e6ab0000)
 concurrent mark-sweep generation total 393216K, used 0K [0x00000000e8000000, 0x0000000100000000, 0x0000000100000000)
 Metaspace       used 21390K, capacity 21806K, committed 21884K, reserved 1069056K
  class space    used 2469K, capacity 2640K, committed 2684K, reserved 1048576K
2017-02-26T09:01:56.489+0100: 2,925: [GC (Allocation Failure) 2017-02-26T09:01:56.489+0100: 2,925: [ParNew
Desired survivor size 20112992 bytes, new threshold 8 (max 8)
- age   1:     746672 bytes,     746672 total
- age   2:       8112 bytes,     754784 total
- age   3:     176216 bytes,     931000 total
- age   4:    1443576 bytes,    2374576 total
- age   5:     830656 bytes,    3205232 total
- age   6:    6655120 bytes,    9860352 total
: 100720K->12373K(109248K), 0,0093684 secs] 100720K->12373K(502464K), 0,0094383 secs] [Times: user=0,03 sys=0,01, real=0,02 secs] 
Heap after GC invocations=6 (full 1):
 par new generation   total 109248K, used 12373K [0x00000000e0000000, 0x00000000e8000000, 0x00000000e8000000)
  eden space 87424K,   0% used [0x00000000e0000000, 0x00000000e0000000, 0x00000000e5560000)
  from space 21824K,  56% used [0x00000000e5560000, 0x00000000e6175480, 0x00000000e6ab0000)
  to   space 21824K,   0% used [0x00000000e6ab0000, 0x00000000e6ab0000, 0x00000000e8000000)
 concurrent mark-sweep generation total 393216K, used 0K [0x00000000e8000000, 0x0000000100000000, 0x0000000100000000)
 Metaspace       used 21390K, capacity 21806K, committed 21884K, reserved 1069056K
  class space    used 2469K, capacity 2640K, committed 2684K, reserved 1048576K
}
2017-02-26T09:01:56.498+0100: 2,934: Total time for which application threads were stopped: 0,0096880 seconds, Stopping threads took: 0,0001183 seconds
2017-02-26T09:01:56.528+0100: 2,964: Total time for which application threads were stopped: 0,0003172 seconds, Stopping threads took: 0,0000221 seconds
2017-02-26T09:01:56.701+0100: 3,136: Total time for which application threads were stopped: 0,0008498 seconds, Stopping threads took: 0,0004564 seconds
2017-02-26T09:01:56.714+0100: 3,150: Total time for which application threads were stopped: 0,0003349 seconds, Stopping threads took: 0,0000240 seconds
{Heap before GC invocations=6 (full 1):
 par new generation   total 109248K, used 99797K [0x00000000e0000000, 0x00000000e8000000, 0x00000000e8000000)
  eden space 87424K, 100% used [0x00000000e0000000, 0x00000000e5560000, 0x00000000e5560000)
  from space 21824K,  56% used [0x00000000e5560000, 0x00000000e6175480, 0x00000000e6ab0000)
  to   space 21824K,   0% used [0x00000000e6ab0000, 0x00000000e6ab0000, 0x00000000e8000000)
 concurrent mark-sweep generation total 393216K, used 0K [0x00000000e8000000, 0x0000000100000000, 0x0000000100000000)
 Metaspace       used 24559K, capacity 25040K, committed 25212K, reserved 1071104K
  class space    used 2879K, capacity 3079K, committed 3196K, reserved 1048576K
2017-02-26T09:01:56.949+0100: 3,385: [GC (Allocation Failure) 2017-02-26T09:01:56.949+0100: 3,385: [ParNew
Desired survivor size 20112992 bytes, new threshold 8 (max 8)
- age   1:    5452360 bytes,    5452360 total
- age   2:     133768 bytes,    5586128 total
- age   3:       8064 bytes,    5594192 total
- age   4:     174632 bytes,    5768824 total
- age   5:     267928 bytes,    6036752 total
- age   6:     802984 bytes,    6839736 total
- age   7:    6648232 bytes,   13487968 total
: 99797K->16918K(109248K), 0,0116507 secs] 99797K->16918K(502464K), 0,0117181 secs] [Times: user=0,04 sys=0,00, real=0,02 secs] 
Heap after GC invocations=7 (full 1):
 par new generation   total 109248K, used 16918K [0x00000000e0000000, 0x00000000e8000000, 0x00000000e8000000)
  eden space 87424K,   0% used [0x00000000e0000000, 0x00000000e0000000, 0x00000000e5560000)
  from space 21824K,  77% used [0x00000000e6ab0000, 0x00000000e7b35a40, 0x00000000e8000000)
  to   space 21824K,   0% used [0x00000000e5560000, 0x00000000e5560000, 0x00000000e6ab0000)
 concurrent mark-sweep generation total 393216K, used 0K [0x00000000e8000000, 0x0000000100000000, 0x0000000100000000)
 Metaspace       used 24559K, capacity 25040K, committed 25212K, reserved 1071104K
  class space    used 2879K, capacity 3079K, committed 3196K, reserved 1048576K
}
2017-02-26T09:01:56.961+0100: 3,397: Total time for which application threads were stopped: 0,0119825 seconds, Stopping threads took: 0,0000666 seconds
{Heap before GC invocations=7 (full 1):
 par new generation   total 109248K, used 104342K [0x00000000e0000000, 0x00000000e8000000, 0x00000000e8000000)
  eden space 87424K, 100% used [0x00000000e0000000, 0x00000000e5560000, 0x00000000e5560000)
  from space 21824K,  77% used [0x00000000e6ab0000, 0x00000000e7b35a40, 0x00000000e8000000)
  to   space 21824K,   0% used [0x00000000e5560000, 0x00000000e5560000, 0x00000000e6ab0000)
 concurrent mark-sweep generation total 393216K, used 0K [0x00000000e8000000, 0x0000000100000000, 0x0000000100000000)
 Metaspace       used 24989K, capacity 25446K, committed 25724K, reserved 1071104K
  class space    used 2911K, capacity 3083K, committed 3196K, reserved 1048576K
2017-02-26T09:01:57.093+0100: 3,529: [GC (Allocation Failure) 2017-02-26T09:01:57.093+0100: 3,529: [ParNew
Desired survivor size 20112992 bytes, new threshold 8 (max 8)
- age   1:    1006784 bytes,    1006784 total
- age   2:    2119968 bytes,    3126752 total
- age   3:      97792 bytes,    3224544 total
- age   4:       5872 bytes,    3230416 total
- age   5:     129480 bytes,    3359896 total
- age   6:     223744 bytes,    3583640 total
- age   7:     777048 bytes,    4360688 total
- age   8:    6381384 bytes,   10742072 total
: 104342K->20988K(109248K), 0,0175025 secs] 104342K->20988K(502464K), 0,0175731 secs] [Times: user=0,07 sys=0,00, real=0,02 secs] 
Heap after GC invocations=8 (full 1):
 par new generation   total 109248K, used 20988K [0x00000000e0000000, 0x00000000e8000000, 0x00000000e8000000)
  eden space 87424K,   0% used [0x00000000e0000000, 0x00000000e0000000, 0x00000000e5560000)
  from space 21824K,  96% used [0x00000000e5560000, 0x00000000e69df1a0, 0x00000000e6ab0000)
  to   space 21824K,   0% used [0x00000000e6ab0000, 0x00000000e6ab0000, 0x00000000e8000000)
 concurrent mark-sweep generation total 393216K, used 0K [0x00000000e8000000, 0x0000000100000000, 0x0000000100000000)
 Metaspace       used 24989K, capacity 25446K, committed 25724K, reserved 1071104K
  class space    used 2911K, capacity 3083K, committed 3196K, reserved 1048576K
}
2017-02-26T09:01:57.111+0100: 3,547: Total time for which application threads were stopped: 0,0178144 seconds, Stopping threads took: 0,0000598 seconds
2017-02-26T09:01:57.377+0100: 3,813: Total time for which application threads were stopped: 0,0067034 seconds, Stopping threads took: 0,0061310 seconds
2017-02-26T09:01:57.402+0100: 3,838: Total time for which application threads were stopped: 0,0005707 seconds, Stopping threads took: 0,0000610 seconds
2017-02-26T09:01:57.474+0100: 3,910: Total time for which application threads were stopped: 0,0004589 seconds, Stopping threads took: 0,0000194 seconds
2017-02-26T09:01:57.600+0100: 4,036: Total time for which application threads were stopped: 0,0004983 seconds, Stopping threads took: 0,0000348 seconds
2017-02-26T09:01:57.616+0100: 4,052: Total time for which application threads were stopped: 0,0004178 seconds, Stopping threads took: 0,0000332 seconds
2017-02-26T09:01:57.619+0100: 4,055: Total time for which application threads were stopped: 0,0001648 seconds, Stopping threads took: 0,0000544 seconds
2017-02-26T09:01:57.622+0100: 4,058: Total time for which application threads were stopped: 0,0002822 seconds, Stopping threads took: 0,0002158 seconds
2017-02-26T09:01:57.622+0100: 4,058: Total time for which application threads were stopped: 0,0001191 seconds, Stopping threads took: 0,0000471 seconds
2017-02-26T09:01:57.624+0100: 4,060: Total time for which application threads were stopped: 0,0003084 seconds, Stopping threads took: 0,0002169 seconds
2017-02-26T09:01:58.630+0100: 5,066: Total time for which application threads were stopped: 0,0000835 seconds, Stopping threads took: 0,0000227 seconds
2017-02-26T09:02:25.633+0100: 32,069: Total time for which application threads were stopped: 0,0000619 seconds, Stopping threads took: 0,0000160 seconds
2017-02-26T09:02:30.634+0100: 37,070: Total time for which application threads were stopped: 0,0000780 seconds, Stopping threads took: 0,0000318 seconds
2017-02-26T09:03:04.636+0100: 71,072: Total time for which application threads were stopped: 0,0000655 seconds, Stopping threads took: 0,0000190 seconds
2017-02-26T09:03:19.638+0100: 86,074: Total time for which application threads were stopped: 0,0001147 seconds, Stopping threads took: 0,0000235 seconds
2017-02-26T09:03:49.642+0100: 116,078: Total time for which application threads were stopped: 0,0000791 seconds, Stopping threads took: 0,0000324 seconds
2017-02-26T09:03:50.642+0100: 117,078: Total time for which application threads were stopped: 0,0000636 seconds, Stopping threads took: 0,0000158 seconds
2017-02-26T09:03:54.642+0100: 121,078: Total time for which application threads were stopped: 0,0000797 seconds, Stopping threads took: 0,0000198 seconds
2017-02-26T09:03:55.643+0100: 122,079: Total time for which application threads were stopped: 0,0000727 seconds, Stopping threads took: 0,0000176 seconds
2017-02-26T09:04:00.643+0100: 127,079: Total time for which application threads were stopped: 0,0000888 seconds, Stopping threads took: 0,0000352 seconds
2017-02-26T09:04:24.646+0100: 151,082: Total time for which application threads were stopped: 0,0000676 seconds, Stopping threads took: 0,0000159 seconds
2017-02-26T09:04:54.649+0100: 181,085: Total time for which application threads were stopped: 0,0002035 seconds, Stopping threads took: 0,0000675 seconds
2017-02-26T09:06:15.658+0100: 262,094: Total time for which application threads were stopped: 0,0001849 seconds, Stopping threads took: 0,0000594 seconds
2017-02-26T09:14:17.462+0100: 743,898: Total time for which application threads were stopped: 0,0029198 seconds, Stopping threads took: 0,0027725 seconds
2017-02-26T09:14:17.510+0100: 743,946: Total time for which application threads were stopped: 0,0001687 seconds, Stopping threads took: 0,0000625 seconds
2017-02-26T09:14:17.514+0100: 743,950: Total time for which application threads were stopped: 0,0001295 seconds, Stopping threads took: 0,0000285 seconds
2017-02-26T09:14:17.519+0100: 743,955: Total time for which application threads were stopped: 0,0001351 seconds, Stopping threads took: 0,0000343 seconds
2017-02-26T09:14:17.522+0100: 743,958: Total time for which application threads were stopped: 0,0001133 seconds, Stopping threads took: 0,0000162 seconds
Heap
 par new generation   total 109248K, used 101826K [0x00000000e0000000, 0x00000000e8000000, 0x00000000e8000000)
  eden space 87424K,  92% used [0x00000000e0000000, 0x00000000e4ef17b0, 0x00000000e5560000)
  from space 21824K,  96% used [0x00000000e5560000, 0x00000000e69df1a0, 0x00000000e6ab0000)
  to   space 21824K,   0% used [0x00000000e6ab0000, 0x00000000e6ab0000, 0x00000000e8000000)
 concurrent mark-sweep generation total 393216K, used 0K [0x00000000e8000000, 0x0000000100000000, 0x0000000100000000)
 Metaspace       used 28148K, capacity 28734K, committed 28796K, reserved 1075200K
  class space    used 3232K, capacity 3427K, committed 3452K, reserved 1048576K
