OpenJDK 64-Bit Server VM (25.121-b13) for linux-amd64 JRE (1.8.0_121-8u121-b13-0ubuntu1.16.04.2-b13), built on Jan 23 2017 15:51:29 by "buildd" with gcc 5.4.0 20160609
Memory: 4k page, physical 7867764k(7501068k free), swap 8076284k(8076284k free)
CommandLine flags: -XX:CMSInitiatingOccupancyFraction=50 -XX:CMSMaxAbortablePrecleanTime=6000 -XX:+CMSParallelRemarkEnabled -XX:+CMSScavengeBeforeRemark -XX:ConcGCThreads=4 -XX:InitialHeapSize=536870912 -XX:MaxHeapSize=536870912 -XX:MaxTenuringThreshold=8 -XX:NewRatio=3 -XX:OldPLABSize=16 -XX:OnOutOfMemoryError=/opt/solr/bin/oom_solr.sh 8983 /var/solr/logs -XX:ParallelGCThreads=4 -XX:+ParallelRefProcEnabled -XX:PretenureSizeThreshold=67108864 -XX:+PrintGC -XX:+PrintGCApplicationStoppedTime -XX:+PrintGCDateStamps -XX:+PrintGCDetails -XX:+PrintGCTimeStamps -XX:+PrintHeapAtGC -XX:+PrintTenuringDistribution -XX:SurvivorRatio=4 -XX:TargetSurvivorRatio=90 -XX:ThreadStackSize=256 -XX:+UseCMSInitiatingOccupancyOnly -XX:+UseCompressedClassPointers -XX:+UseCompressedOops -XX:+UseConcMarkSweepGC -XX:+UseParNewGC 
2017-04-05T01:36:08.194+0200: 0,148: Total time for which application threads were stopped: 0,0000705 seconds, Stopping threads took: 0,0000099 seconds
2017-04-05T01:36:08.284+0200: 0,239: Total time for which application threads were stopped: 0,0001471 seconds, Stopping threads took: 0,0000321 seconds
2017-04-05T01:36:08.310+0200: 0,265: Total time for which application threads were stopped: 0,0009833 seconds, Stopping threads took: 0,0008676 seconds
2017-04-05T01:36:08.512+0200: 0,466: Total time for which application threads were stopped: 0,0002342 seconds, Stopping threads took: 0,0000113 seconds
2017-04-05T01:36:09.023+0200: 0,977: Total time for which application threads were stopped: 0,0001878 seconds, Stopping threads took: 0,0000315 seconds
2017-04-05T01:36:09.119+0200: 1,073: Total time for which application threads were stopped: 0,0001674 seconds, Stopping threads took: 0,0000232 seconds
2017-04-05T01:36:09.137+0200: 1,092: Total time for which application threads were stopped: 0,0001736 seconds, Stopping threads took: 0,0000234 seconds
2017-04-05T01:36:09.388+0200: 1,343: Total time for which application threads were stopped: 0,0001727 seconds, Stopping threads took: 0,0000164 seconds
2017-04-05T01:36:09.590+0200: 1,544: Total time for which application threads were stopped: 0,0001857 seconds, Stopping threads took: 0,0000110 seconds
2017-04-05T01:36:09.617+0200: 1,571: Total time for which application threads were stopped: 0,0004920 seconds, Stopping threads took: 0,0000879 seconds
2017-04-05T01:36:09.653+0200: 1,607: Total time for which application threads were stopped: 0,0002257 seconds, Stopping threads took: 0,0000253 seconds
2017-04-05T01:36:09.654+0200: 1,608: Total time for which application threads were stopped: 0,0002508 seconds, Stopping threads took: 0,0000656 seconds
2017-04-05T01:36:09.670+0200: 1,625: Total time for which application threads were stopped: 0,0002024 seconds, Stopping threads took: 0,0000198 seconds
2017-04-05T01:36:09.769+0200: 1,723: Total time for which application threads were stopped: 0,0002395 seconds, Stopping threads took: 0,0000239 seconds
2017-04-05T01:36:09.917+0200: 1,871: Total time for which application threads were stopped: 0,0004058 seconds, Stopping threads took: 0,0001882 seconds
{Heap before GC invocations=0 (full 0):
 par new generation   total 109248K, used 87424K [0x00000000e0000000, 0x00000000e8000000, 0x00000000e8000000)
  eden space 87424K, 100% used [0x00000000e0000000, 0x00000000e5560000, 0x00000000e5560000)
  from space 21824K,   0% used [0x00000000e5560000, 0x00000000e5560000, 0x00000000e6ab0000)
  to   space 21824K,   0% used [0x00000000e6ab0000, 0x00000000e6ab0000, 0x00000000e8000000)
 concurrent mark-sweep generation total 393216K, used 0K [0x00000000e8000000, 0x0000000100000000, 0x0000000100000000)
 Metaspace       used 18036K, capacity 18336K, committed 18688K, reserved 1064960K
  class space    used 2037K, capacity 2196K, committed 2304K, reserved 1048576K
2017-04-05T01:36:09.999+0200: 1,953: [GC (Allocation Failure) 2017-04-05T01:36:09.999+0200: 1,953: [ParNew
Desired survivor size 20112992 bytes, new threshold 8 (max 8)
- age   1:   12614712 bytes,   12614712 total
: 87424K->12437K(109248K), 0,0165556 secs] 87424K->12437K(502464K), 0,0166406 secs] [Times: user=0,04 sys=0,01, real=0,02 secs] 
Heap after GC invocations=1 (full 0):
 par new generation   total 109248K, used 12437K [0x00000000e0000000, 0x00000000e8000000, 0x00000000e8000000)
  eden space 87424K,   0% used [0x00000000e0000000, 0x00000000e0000000, 0x00000000e5560000)
  from space 21824K,  56% used [0x00000000e6ab0000, 0x00000000e76d55b0, 0x00000000e8000000)
  to   space 21824K,   0% used [0x00000000e5560000, 0x00000000e5560000, 0x00000000e6ab0000)
 concurrent mark-sweep generation total 393216K, used 0K [0x00000000e8000000, 0x0000000100000000, 0x0000000100000000)
 Metaspace       used 18036K, capacity 18336K, committed 18688K, reserved 1064960K
  class space    used 2037K, capacity 2196K, committed 2304K, reserved 1048576K
}
2017-04-05T01:36:10.015+0200: 1,970: Total time for which application threads were stopped: 0,0168839 seconds, Stopping threads took: 0,0000256 seconds
2017-04-05T01:36:10.298+0200: 2,252: Total time for which application threads were stopped: 0,0002947 seconds, Stopping threads took: 0,0000537 seconds
2017-04-05T01:36:10.332+0200: 2,286: Total time for which application threads were stopped: 0,0004004 seconds, Stopping threads took: 0,0000707 seconds
{Heap before GC invocations=1 (full 0):
 par new generation   total 109248K, used 99861K [0x00000000e0000000, 0x00000000e8000000, 0x00000000e8000000)
  eden space 87424K, 100% used [0x00000000e0000000, 0x00000000e5560000, 0x00000000e5560000)
  from space 21824K,  56% used [0x00000000e6ab0000, 0x00000000e76d55b0, 0x00000000e8000000)
  to   space 21824K,   0% used [0x00000000e5560000, 0x00000000e5560000, 0x00000000e6ab0000)
 concurrent mark-sweep generation total 393216K, used 0K [0x00000000e8000000, 0x0000000100000000, 0x0000000100000000)
 Metaspace       used 20055K, capacity 20354K, committed 20736K, reserved 1067008K
  class space    used 2295K, capacity 2465K, committed 2560K, reserved 1048576K
2017-04-05T01:36:10.336+0200: 2,290: [GC (Allocation Failure) 2017-04-05T01:36:10.336+0200: 2,290: [ParNew
Desired survivor size 20112992 bytes, new threshold 8 (max 8)
- age   1:    3780544 bytes,    3780544 total
- age   2:    6676352 bytes,   10456896 total
: 99861K->15745K(109248K), 0,0098652 secs] 99861K->15745K(502464K), 0,0099292 secs] [Times: user=0,03 sys=0,00, real=0,01 secs] 
Heap after GC invocations=2 (full 0):
 par new generation   total 109248K, used 15745K [0x00000000e0000000, 0x00000000e8000000, 0x00000000e8000000)
  eden space 87424K,   0% used [0x00000000e0000000, 0x00000000e0000000, 0x00000000e5560000)
  from space 21824K,  72% used [0x00000000e5560000, 0x00000000e64c0680, 0x00000000e6ab0000)
  to   space 21824K,   0% used [0x00000000e6ab0000, 0x00000000e6ab0000, 0x00000000e8000000)
 concurrent mark-sweep generation total 393216K, used 0K [0x00000000e8000000, 0x0000000100000000, 0x0000000100000000)
 Metaspace       used 20055K, capacity 20354K, committed 20736K, reserved 1067008K
  class space    used 2295K, capacity 2465K, committed 2560K, reserved 1048576K
}
2017-04-05T01:36:10.346+0200: 2,300: Total time for which application threads were stopped: 0,0109114 seconds, Stopping threads took: 0,0008649 seconds
2017-04-05T01:36:10.391+0200: 2,345: Total time for which application threads were stopped: 0,0004885 seconds, Stopping threads took: 0,0000537 seconds
2017-04-05T01:36:10.516+0200: 2,470: Total time for which application threads were stopped: 0,0001892 seconds, Stopping threads took: 0,0000462 seconds
{Heap before GC invocations=2 (full 0):
 par new generation   total 109248K, used 103169K [0x00000000e0000000, 0x00000000e8000000, 0x00000000e8000000)
  eden space 87424K, 100% used [0x00000000e0000000, 0x00000000e5560000, 0x00000000e5560000)
  from space 21824K,  72% used [0x00000000e5560000, 0x00000000e64c0680, 0x00000000e6ab0000)
  to   space 21824K,   0% used [0x00000000e6ab0000, 0x00000000e6ab0000, 0x00000000e8000000)
 concurrent mark-sweep generation total 393216K, used 0K [0x00000000e8000000, 0x0000000100000000, 0x0000000100000000)
 Metaspace       used 20962K, capacity 21276K, committed 21628K, reserved 1069056K
  class space    used 2416K, capacity 2584K, committed 2684K, reserved 1048576K
2017-04-05T01:36:10.554+0200: 2,508: [GC (Allocation Failure) 2017-04-05T01:36:10.554+0200: 2,508: [ParNew
Desired survivor size 20112992 bytes, new threshold 8 (max 8)
- age   1:    2021352 bytes,    2021352 total
- age   2:     851288 bytes,    2872640 total
- age   3:    6658232 bytes,    9530872 total
: 103169K->12433K(109248K), 0,0209062 secs] 103169K->12433K(502464K), 0,0210053 secs] [Times: user=0,08 sys=0,00, real=0,02 secs] 
Heap after GC invocations=3 (full 0):
 par new generation   total 109248K, used 12433K [0x00000000e0000000, 0x00000000e8000000, 0x00000000e8000000)
  eden space 87424K,   0% used [0x00000000e0000000, 0x00000000e0000000, 0x00000000e5560000)
  from space 21824K,  56% used [0x00000000e6ab0000, 0x00000000e76d44b8, 0x00000000e8000000)
  to   space 21824K,   0% used [0x00000000e5560000, 0x00000000e5560000, 0x00000000e6ab0000)
 concurrent mark-sweep generation total 393216K, used 0K [0x00000000e8000000, 0x0000000100000000, 0x0000000100000000)
 Metaspace       used 20962K, capacity 21276K, committed 21628K, reserved 1069056K
  class space    used 2416K, capacity 2584K, committed 2684K, reserved 1048576K
}
2017-04-05T01:36:10.575+0200: 2,529: Total time for which application threads were stopped: 0,0212502 seconds, Stopping threads took: 0,0000971 seconds
2017-04-05T01:36:10.575+0200: 2,530: [GC (CMS Initial Mark) [1 CMS-initial-mark: 0K(393216K)] 13142K(502464K), 0,0041797 secs] [Times: user=0,01 sys=0,00, real=0,00 secs] 
2017-04-05T01:36:10.580+0200: 2,534: Total time for which application threads were stopped: 0,0043120 seconds, Stopping threads took: 0,0000493 seconds
2017-04-05T01:36:10.580+0200: 2,534: [CMS-concurrent-mark-start]
2017-04-05T01:36:10.581+0200: 2,535: [CMS-concurrent-mark: 0,001/0,001 secs] [Times: user=0,00 sys=0,00, real=0,00 secs] 
2017-04-05T01:36:10.581+0200: 2,535: [CMS-concurrent-preclean-start]
2017-04-05T01:36:10.582+0200: 2,536: [CMS-concurrent-preclean: 0,001/0,001 secs] [Times: user=0,01 sys=0,00, real=0,00 secs] 
2017-04-05T01:36:10.582+0200: 2,536: [CMS-concurrent-abortable-preclean-start]
2017-04-05T01:36:10.641+0200: 2,595: Total time for which application threads were stopped: 0,0001407 seconds, Stopping threads took: 0,0000409 seconds
{Heap before GC invocations=3 (full 1):
 par new generation   total 109248K, used 99857K [0x00000000e0000000, 0x00000000e8000000, 0x00000000e8000000)
  eden space 87424K, 100% used [0x00000000e0000000, 0x00000000e5560000, 0x00000000e5560000)
  from space 21824K,  56% used [0x00000000e6ab0000, 0x00000000e76d44b8, 0x00000000e8000000)
  to   space 21824K,   0% used [0x00000000e5560000, 0x00000000e5560000, 0x00000000e6ab0000)
 concurrent mark-sweep generation total 393216K, used 0K [0x00000000e8000000, 0x0000000100000000, 0x0000000100000000)
 Metaspace       used 21248K, capacity 21576K, committed 21884K, reserved 1069056K
  class space    used 2447K, capacity 2603K, committed 2684K, reserved 1048576K
2017-04-05T01:36:10.674+0200: 2,629: [GC (Allocation Failure) 2017-04-05T01:36:10.674+0200: 2,629: [ParNew
Desired survivor size 20112992 bytes, new threshold 8 (max 8)
- age   1:     806504 bytes,     806504 total
- age   2:    1463536 bytes,    2270040 total
- age   3:     815976 bytes,    3086016 total
- age   4:    6658352 bytes,    9744368 total
: 99857K->11551K(109248K), 0,0095917 secs] 99857K->11551K(502464K), 0,0096462 secs] [Times: user=0,03 sys=0,00, real=0,01 secs] 
Heap after GC invocations=4 (full 1):
 par new generation   total 109248K, used 11551K [0x00000000e0000000, 0x00000000e8000000, 0x00000000e8000000)
  eden space 87424K,   0% used [0x00000000e0000000, 0x00000000e0000000, 0x00000000e5560000)
  from space 21824K,  52% used [0x00000000e5560000, 0x00000000e60a7df0, 0x00000000e6ab0000)
  to   space 21824K,   0% used [0x00000000e6ab0000, 0x00000000e6ab0000, 0x00000000e8000000)
 concurrent mark-sweep generation total 393216K, used 0K [0x00000000e8000000, 0x0000000100000000, 0x0000000100000000)
 Metaspace       used 21248K, capacity 21576K, committed 21884K, reserved 1069056K
  class space    used 2447K, capacity 2603K, committed 2684K, reserved 1048576K
}
2017-04-05T01:36:10.684+0200: 2,638: Total time for which application threads were stopped: 0,0109977 seconds, Stopping threads took: 0,0012337 seconds
2017-04-05T01:36:10.684+0200: 2,638: [CMS-concurrent-abortable-preclean: 0,060/0,102 secs] [Times: user=0,37 sys=0,00, real=0,11 secs] 
2017-04-05T01:36:10.684+0200: 2,639: [GC (CMS Final Remark) [YG occupancy: 12870 K (109248 K)]{Heap before GC invocations=4 (full 1):
 par new generation   total 109248K, used 12870K [0x00000000e0000000, 0x00000000e8000000, 0x00000000e8000000)
  eden space 87424K,   1% used [0x00000000e0000000, 0x00000000e0149c70, 0x00000000e5560000)
  from space 21824K,  52% used [0x00000000e5560000, 0x00000000e60a7df0, 0x00000000e6ab0000)
  to   space 21824K,   0% used [0x00000000e6ab0000, 0x00000000e6ab0000, 0x00000000e8000000)
 concurrent mark-sweep generation total 393216K, used 0K [0x00000000e8000000, 0x0000000100000000, 0x0000000100000000)
 Metaspace       used 21248K, capacity 21576K, committed 21884K, reserved 1069056K
  class space    used 2447K, capacity 2603K, committed 2684K, reserved 1048576K
2017-04-05T01:36:10.684+0200: 2,639: [GC (CMS Final Remark) 2017-04-05T01:36:10.684+0200: 2,639: [ParNew
Desired survivor size 20112992 bytes, new threshold 8 (max 8)
- age   1:      21856 bytes,      21856 total
- age   2:     496808 bytes,     518664 total
- age   3:    1463536 bytes,    1982200 total
- age   4:     815976 bytes,    2798176 total
- age   5:    6658432 bytes,    9456608 total
: 12870K->14511K(109248K), 0,0088904 secs] 12870K->14511K(502464K), 0,0089291 secs] [Times: user=0,03 sys=0,00, real=0,01 secs] 
Heap after GC invocations=5 (full 1):
 par new generation   total 109248K, used 14511K [0x00000000e0000000, 0x00000000e8000000, 0x00000000e8000000)
  eden space 87424K,   0% used [0x00000000e0000000, 0x00000000e0000000, 0x00000000e5560000)
  from space 21824K,  66% used [0x00000000e6ab0000, 0x00000000e78dbc70, 0x00000000e8000000)
  to   space 21824K,   0% used [0x00000000e5560000, 0x00000000e5560000, 0x00000000e6ab0000)
 concurrent mark-sweep generation total 393216K, used 0K [0x00000000e8000000, 0x0000000100000000, 0x0000000100000000)
 Metaspace       used 21248K, capacity 21576K, committed 21884K, reserved 1069056K
  class space    used 2447K, capacity 2603K, committed 2684K, reserved 1048576K
}
2017-04-05T01:36:10.693+0200: 2,648: [Rescan (parallel) , 0,0032224 secs]2017-04-05T01:36:10.697+0200: 2,651: [weak refs processing, 0,0009533 secs]2017-04-05T01:36:10.698+0200: 2,652: [class unloading, 0,0027580 secs]2017-04-05T01:36:10.700+0200: 2,655: [scrub symbol table, 0,0026280 secs]2017-04-05T01:36:10.703+0200: 2,657: [scrub string table, 0,0003640 secs][1 CMS-remark: 0K(393216K)] 14511K(502464K), 0,0194561 secs] [Times: user=0,05 sys=0,00, real=0,02 secs] 
2017-04-05T01:36:10.704+0200: 2,658: Total time for which application threads were stopped: 0,0195613 seconds, Stopping threads took: 0,0000419 seconds
2017-04-05T01:36:10.704+0200: 2,658: [CMS-concurrent-sweep-start]
2017-04-05T01:36:10.704+0200: 2,658: [CMS-concurrent-sweep: 0,000/0,000 secs] [Times: user=0,00 sys=0,00, real=0,00 secs] 
2017-04-05T01:36:10.704+0200: 2,658: [CMS-concurrent-reset-start]
2017-04-05T01:36:10.706+0200: 2,660: [CMS-concurrent-reset: 0,002/0,002 secs] [Times: user=0,01 sys=0,00, real=0,00 secs] 
{Heap before GC invocations=5 (full 1):
 par new generation   total 109248K, used 101935K [0x00000000e0000000, 0x00000000e8000000, 0x00000000e8000000)
  eden space 87424K, 100% used [0x00000000e0000000, 0x00000000e5560000, 0x00000000e5560000)
  from space 21824K,  66% used [0x00000000e6ab0000, 0x00000000e78dbc70, 0x00000000e8000000)
  to   space 21824K,   0% used [0x00000000e5560000, 0x00000000e5560000, 0x00000000e6ab0000)
 concurrent mark-sweep generation total 393216K, used 0K [0x00000000e8000000, 0x0000000100000000, 0x0000000100000000)
 Metaspace       used 21381K, capacity 21812K, committed 21884K, reserved 1069056K
  class space    used 2468K, capacity 2637K, committed 2684K, reserved 1048576K
2017-04-05T01:36:10.803+0200: 2,757: [GC (Allocation Failure) 2017-04-05T01:36:10.803+0200: 2,757: [ParNew
Desired survivor size 20112992 bytes, new threshold 8 (max 8)
- age   1:     681976 bytes,     681976 total
- age   3:     192032 bytes,     874008 total
- age   4:    1463432 bytes,    2337440 total
- age   5:     815864 bytes,    3153304 total
- age   6:    6658328 bytes,    9811632 total
: 101935K->12049K(109248K), 0,0093809 secs] 101935K->12049K(502464K), 0,0094558 secs] [Times: user=0,03 sys=0,00, real=0,01 secs] 
Heap after GC invocations=6 (full 1):
 par new generation   total 109248K, used 12049K [0x00000000e0000000, 0x00000000e8000000, 0x00000000e8000000)
  eden space 87424K,   0% used [0x00000000e0000000, 0x00000000e0000000, 0x00000000e5560000)
  from space 21824K,  55% used [0x00000000e5560000, 0x00000000e6124690, 0x00000000e6ab0000)
  to   space 21824K,   0% used [0x00000000e6ab0000, 0x00000000e6ab0000, 0x00000000e8000000)
 concurrent mark-sweep generation total 393216K, used 0K [0x00000000e8000000, 0x0000000100000000, 0x0000000100000000)
 Metaspace       used 21381K, capacity 21812K, committed 21884K, reserved 1069056K
  class space    used 2468K, capacity 2637K, committed 2684K, reserved 1048576K
}
2017-04-05T01:36:10.813+0200: 2,767: Total time for which application threads were stopped: 0,0097911 seconds, Stopping threads took: 0,0001843 seconds
2017-04-05T01:36:10.846+0200: 2,800: Total time for which application threads were stopped: 0,0003387 seconds, Stopping threads took: 0,0000237 seconds
2017-04-05T01:36:11.048+0200: 3,002: Total time for which application threads were stopped: 0,0005442 seconds, Stopping threads took: 0,0000460 seconds
2017-04-05T01:36:11.066+0200: 3,021: Total time for which application threads were stopped: 0,0004507 seconds, Stopping threads took: 0,0000423 seconds
{Heap before GC invocations=6 (full 1):
 par new generation   total 109248K, used 99473K [0x00000000e0000000, 0x00000000e8000000, 0x00000000e8000000)
  eden space 87424K, 100% used [0x00000000e0000000, 0x00000000e5560000, 0x00000000e5560000)
  from space 21824K,  55% used [0x00000000e5560000, 0x00000000e6124690, 0x00000000e6ab0000)
  to   space 21824K,   0% used [0x00000000e6ab0000, 0x00000000e6ab0000, 0x00000000e8000000)
 concurrent mark-sweep generation total 393216K, used 0K [0x00000000e8000000, 0x0000000100000000, 0x0000000100000000)
 Metaspace       used 23854K, capacity 24310K, committed 24572K, reserved 1071104K
  class space    used 2803K, capacity 2980K, committed 3068K, reserved 1048576K
2017-04-05T01:36:11.238+0200: 3,192: [GC (Allocation Failure) 2017-04-05T01:36:11.238+0200: 3,192: [ParNew
Desired survivor size 20112992 bytes, new threshold 8 (max 8)
- age   1:    5337624 bytes,    5337624 total
- age   2:     115984 bytes,    5453608 total
- age   4:     190648 bytes,    5644256 total
- age   5:     285952 bytes,    5930208 total
- age   6:     791512 bytes,    6721720 total
- age   7:    6649952 bytes,   13371672 total
: 99473K->16563K(109248K), 0,0217560 secs] 99473K->16563K(502464K), 0,0218486 secs] [Times: user=0,08 sys=0,00, real=0,02 secs] 
Heap after GC invocations=7 (full 1):
 par new generation   total 109248K, used 16563K [0x00000000e0000000, 0x00000000e8000000, 0x00000000e8000000)
  eden space 87424K,   0% used [0x00000000e0000000, 0x00000000e0000000, 0x00000000e5560000)
  from space 21824K,  75% used [0x00000000e6ab0000, 0x00000000e7adcd00, 0x00000000e8000000)
  to   space 21824K,   0% used [0x00000000e5560000, 0x00000000e5560000, 0x00000000e6ab0000)
 concurrent mark-sweep generation total 393216K, used 0K [0x00000000e8000000, 0x0000000100000000, 0x0000000100000000)
 Metaspace       used 23854K, capacity 24310K, committed 24572K, reserved 1071104K
  class space    used 2803K, capacity 2980K, committed 3068K, reserved 1048576K
}
2017-04-05T01:36:11.260+0200: 3,214: Total time for which application threads were stopped: 0,0230983 seconds, Stopping threads took: 0,0010398 seconds
{Heap before GC invocations=7 (full 1):
 par new generation   total 109248K, used 103987K [0x00000000e0000000, 0x00000000e8000000, 0x00000000e8000000)
  eden space 87424K, 100% used [0x00000000e0000000, 0x00000000e5560000, 0x00000000e5560000)
  from space 21824K,  75% used [0x00000000e6ab0000, 0x00000000e7adcd00, 0x00000000e8000000)
  to   space 21824K,   0% used [0x00000000e5560000, 0x00000000e5560000, 0x00000000e6ab0000)
 concurrent mark-sweep generation total 393216K, used 0K [0x00000000e8000000, 0x0000000100000000, 0x0000000100000000)
 Metaspace       used 24473K, capacity 24956K, committed 25084K, reserved 1071104K
  class space    used 2864K, capacity 3045K, committed 3068K, reserved 1048576K
2017-04-05T01:36:11.341+0200: 3,295: [GC (Allocation Failure) 2017-04-05T01:36:11.341+0200: 3,295: [ParNew
Desired survivor size 20112992 bytes, new threshold 8 (max 8)
- age   1:    1807136 bytes,    1807136 total
- age   2:    1826088 bytes,    3633224 total
- age   3:      57592 bytes,    3690816 total
- age   5:     113064 bytes,    3803880 total
- age   6:     192792 bytes,    3996672 total
- age   7:     740352 bytes,    4737024 total
- age   8:    6116944 bytes,   10853968 total
: 103987K->14830K(109248K), 0,0105434 secs] 103987K->14830K(502464K), 0,0106170 secs] [Times: user=0,04 sys=0,00, real=0,02 secs] 
Heap after GC invocations=8 (full 1):
 par new generation   total 109248K, used 14830K [0x00000000e0000000, 0x00000000e8000000, 0x00000000e8000000)
  eden space 87424K,   0% used [0x00000000e0000000, 0x00000000e0000000, 0x00000000e5560000)
  from space 21824K,  67% used [0x00000000e5560000, 0x00000000e63db878, 0x00000000e6ab0000)
  to   space 21824K,   0% used [0x00000000e6ab0000, 0x00000000e6ab0000, 0x00000000e8000000)
 concurrent mark-sweep generation total 393216K, used 0K [0x00000000e8000000, 0x0000000100000000, 0x0000000100000000)
 Metaspace       used 24473K, capacity 24956K, committed 25084K, reserved 1071104K
  class space    used 2864K, capacity 3045K, committed 3068K, reserved 1048576K
}
2017-04-05T01:36:11.352+0200: 3,306: Total time for which application threads were stopped: 0,0125968 seconds, Stopping threads took: 0,0018229 seconds
{Heap before GC invocations=8 (full 1):
 par new generation   total 109248K, used 102254K [0x00000000e0000000, 0x00000000e8000000, 0x00000000e8000000)
  eden space 87424K, 100% used [0x00000000e0000000, 0x00000000e5560000, 0x00000000e5560000)
  from space 21824K,  67% used [0x00000000e5560000, 0x00000000e63db878, 0x00000000e6ab0000)
  to   space 21824K,   0% used [0x00000000e6ab0000, 0x00000000e6ab0000, 0x00000000e8000000)
 concurrent mark-sweep generation total 393216K, used 0K [0x00000000e8000000, 0x0000000100000000, 0x0000000100000000)
 Metaspace       used 24820K, capacity 25270K, committed 25468K, reserved 1071104K
  class space    used 2897K, capacity 3082K, committed 3196K, reserved 1048576K
2017-04-05T01:36:11.430+0200: 3,385: [GC (Allocation Failure) 2017-04-05T01:36:11.430+0200: 3,385: [ParNew
Desired survivor size 20112992 bytes, new threshold 8 (max 8)
- age   1:    1141472 bytes,    1141472 total
- age   2:    1028304 bytes,    2169776 total
- age   3:    1803768 bytes,    3973544 total
- age   4:      57592 bytes,    4031136 total
- age   6:     110384 bytes,    4141520 total
- age   7:     192696 bytes,    4334216 total
- age   8:     739584 bytes,    5073800 total
: 102254K->6940K(109248K), 0,0404361 secs] 102254K->12996K(502464K), 0,0405027 secs] [Times: user=0,13 sys=0,00, real=0,04 secs] 
Heap after GC invocations=9 (full 1):
 par new generation   total 109248K, used 6940K [0x00000000e0000000, 0x00000000e8000000, 0x00000000e8000000)
  eden space 87424K,   0% used [0x00000000e0000000, 0x00000000e0000000, 0x00000000e5560000)
  from space 21824K,  31% used [0x00000000e6ab0000, 0x00000000e7177340, 0x00000000e8000000)
  to   space 21824K,   0% used [0x00000000e5560000, 0x00000000e5560000, 0x00000000e6ab0000)
 concurrent mark-sweep generation total 393216K, used 6056K [0x00000000e8000000, 0x0000000100000000, 0x0000000100000000)
 Metaspace       used 24820K, capacity 25270K, committed 25468K, reserved 1071104K
  class space    used 2897K, capacity 3082K, committed 3196K, reserved 1048576K
}
2017-04-05T01:36:11.471+0200: 3,425: Total time for which application threads were stopped: 0,0417896 seconds, Stopping threads took: 0,0011502 seconds
2017-04-05T01:36:11.816+0200: 3,770: Total time for which application threads were stopped: 0,0004210 seconds, Stopping threads took: 0,0000215 seconds
2017-04-05T01:36:11.832+0200: 3,786: Total time for which application threads were stopped: 0,0005316 seconds, Stopping threads took: 0,0000422 seconds
2017-04-05T01:36:11.886+0200: 3,840: Total time for which application threads were stopped: 0,0004435 seconds, Stopping threads took: 0,0000544 seconds
2017-04-05T01:36:12.000+0200: 3,954: Total time for which application threads were stopped: 0,0005562 seconds, Stopping threads took: 0,0000525 seconds
2017-04-05T01:36:12.099+0200: 4,053: Total time for which application threads were stopped: 0,0005682 seconds, Stopping threads took: 0,0000231 seconds
{Heap before GC invocations=9 (full 1):
 par new generation   total 109248K, used 94364K [0x00000000e0000000, 0x00000000e8000000, 0x00000000e8000000)
  eden space 87424K, 100% used [0x00000000e0000000, 0x00000000e5560000, 0x00000000e5560000)
  from space 21824K,  31% used [0x00000000e6ab0000, 0x00000000e7177340, 0x00000000e8000000)
  to   space 21824K,   0% used [0x00000000e5560000, 0x00000000e5560000, 0x00000000e6ab0000)
 concurrent mark-sweep generation total 393216K, used 6056K [0x00000000e8000000, 0x0000000100000000, 0x0000000100000000)
 Metaspace       used 28013K, capacity 28502K, committed 28796K, reserved 1075200K
  class space    used 3214K, capacity 3388K, committed 3452K, reserved 1048576K
2017-04-05T01:36:14.799+0200: 6,753: [GC (Allocation Failure) 2017-04-05T01:36:14.799+0200: 6,753: [ParNew
Desired survivor size 20112992 bytes, new threshold 8 (max 8)
- age   1:   11200816 bytes,   11200816 total
- age   2:     196776 bytes,   11397592 total
- age   3:     241640 bytes,   11639232 total
- age   4:    1797944 bytes,   13437176 total
- age   5:      57592 bytes,   13494768 total
- age   7:     110256 bytes,   13605024 total
- age   8:     192264 bytes,   13797288 total
: 94364K->15650K(109248K), 0,0129294 secs] 100420K->22520K(502464K), 0,0130042 secs] [Times: user=0,04 sys=0,00, real=0,02 secs] 
Heap after GC invocations=10 (full 1):
 par new generation   total 109248K, used 15650K [0x00000000e0000000, 0x00000000e8000000, 0x00000000e8000000)
  eden space 87424K,   0% used [0x00000000e0000000, 0x00000000e0000000, 0x00000000e5560000)
  from space 21824K,  71% used [0x00000000e5560000, 0x00000000e64a8b48, 0x00000000e6ab0000)
  to   space 21824K,   0% used [0x00000000e6ab0000, 0x00000000e6ab0000, 0x00000000e8000000)
 concurrent mark-sweep generation total 393216K, used 6870K [0x00000000e8000000, 0x0000000100000000, 0x0000000100000000)
 Metaspace       used 28013K, capacity 28502K, committed 28796K, reserved 1075200K
  class space    used 3214K, capacity 3388K, committed 3452K, reserved 1048576K
}
2017-04-05T01:36:14.812+0200: 6,766: Total time for which application threads were stopped: 0,0131307 seconds, Stopping threads took: 0,0000137 seconds
2017-04-05T01:38:04.827+0200: 116,782: Total time for which application threads were stopped: 0,0000804 seconds, Stopping threads took: 0,0000332 seconds
2017-04-05T01:38:09.828+0200: 121,782: Total time for which application threads were stopped: 0,0000719 seconds, Stopping threads took: 0,0000185 seconds
2017-04-05T01:43:09.467+0200: 421,421: Total time for which application threads were stopped: 0,0005652 seconds, Stopping threads took: 0,0004276 seconds
2017-04-05T01:43:09.543+0200: 421,497: Total time for which application threads were stopped: 0,0001317 seconds, Stopping threads took: 0,0000325 seconds
2017-04-05T01:43:09.562+0200: 421,516: Total time for which application threads were stopped: 0,0001923 seconds, Stopping threads took: 0,0000653 seconds
Heap
 par new generation   total 109248K, used 42103K [0x00000000e0000000, 0x00000000e8000000, 0x00000000e8000000)
  eden space 87424K,  30% used [0x00000000e0000000, 0x00000000e19d5330, 0x00000000e5560000)
  from space 21824K,  71% used [0x00000000e5560000, 0x00000000e64a8b48, 0x00000000e6ab0000)
  to   space 21824K,   0% used [0x00000000e6ab0000, 0x00000000e6ab0000, 0x00000000e8000000)
 concurrent mark-sweep generation total 393216K, used 6870K [0x00000000e8000000, 0x0000000100000000, 0x0000000100000000)
 Metaspace       used 28137K, capacity 28670K, committed 28796K, reserved 1075200K
  class space    used 3228K, capacity 3422K, committed 3452K, reserved 1048576K
