OpenJDK 64-Bit Server VM (25.111-b14) for linux-amd64 JRE (1.8.0_111-8u111-b14-2ubuntu0.16.04.2-b14), built on Oct 27 2016 18:10:19 by "buildd" with gcc 5.4.0 20160609
Memory: 4k page, physical 7867848k(7467996k free), swap 8076284k(8076284k free)
CommandLine flags: -XX:CMSInitiatingOccupancyFraction=50 -XX:CMSMaxAbortablePrecleanTime=6000 -XX:+CMSParallelRemarkEnabled -XX:+CMSScavengeBeforeRemark -XX:ConcGCThreads=4 -XX:InitialHeapSize=536870912 -XX:MaxHeapSize=536870912 -XX:MaxTenuringThreshold=8 -XX:NewRatio=3 -XX:OldPLABSize=16 -XX:OnOutOfMemoryError=/opt/solr/bin/oom_solr.sh 8983 /var/solr/logs -XX:ParallelGCThreads=4 -XX:+ParallelRefProcEnabled -XX:PretenureSizeThreshold=67108864 -XX:+PrintGC -XX:+PrintGCApplicationStoppedTime -XX:+PrintGCDateStamps -XX:+PrintGCDetails -XX:+PrintGCTimeStamps -XX:+PrintHeapAtGC -XX:+PrintTenuringDistribution -XX:SurvivorRatio=4 -XX:TargetSurvivorRatio=90 -XX:ThreadStackSize=256 -XX:+UseCMSInitiatingOccupancyOnly -XX:+UseCompressedClassPointers -XX:+UseCompressedOops -XX:+UseConcMarkSweepGC -XX:+UseParNewGC 
2016-11-26T08:05:30.884+0100: 0,110: Total time for which application threads were stopped: 0,0000610 seconds, Stopping threads took: 0,0000095 seconds
2016-11-26T08:05:30.954+0100: 0,180: Total time for which application threads were stopped: 0,0001471 seconds, Stopping threads took: 0,0000668 seconds
2016-11-26T08:05:30.964+0100: 0,190: Total time for which application threads were stopped: 0,0002744 seconds, Stopping threads took: 0,0000220 seconds
2016-11-26T08:05:31.089+0100: 0,315: Total time for which application threads were stopped: 0,0001144 seconds, Stopping threads took: 0,0000128 seconds
2016-11-26T08:05:31.247+0100: 0,473: Total time for which application threads were stopped: 0,0001071 seconds, Stopping threads took: 0,0000133 seconds
2016-11-26T08:05:31.298+0100: 0,524: Total time for which application threads were stopped: 0,0001439 seconds, Stopping threads took: 0,0000271 seconds
2016-11-26T08:05:31.309+0100: 0,535: Total time for which application threads were stopped: 0,0001633 seconds, Stopping threads took: 0,0000282 seconds
2016-11-26T08:05:31.478+0100: 0,704: Total time for which application threads were stopped: 0,0001821 seconds, Stopping threads took: 0,0000207 seconds
2016-11-26T08:05:31.651+0100: 0,878: Total time for which application threads were stopped: 0,0001923 seconds, Stopping threads took: 0,0000135 seconds
2016-11-26T08:05:31.672+0100: 0,899: Total time for which application threads were stopped: 0,0002468 seconds, Stopping threads took: 0,0000215 seconds
2016-11-26T08:05:31.678+0100: 0,905: Total time for which application threads were stopped: 0,0048298 seconds, Stopping threads took: 0,0046472 seconds
2016-11-26T08:05:31.691+0100: 0,918: Total time for which application threads were stopped: 0,0001736 seconds, Stopping threads took: 0,0000133 seconds
2016-11-26T08:05:31.767+0100: 0,993: Total time for which application threads were stopped: 0,0017230 seconds, Stopping threads took: 0,0015313 seconds
2016-11-26T08:05:31.918+0100: 1,144: Total time for which application threads were stopped: 0,0002133 seconds, Stopping threads took: 0,0000180 seconds
{Heap before GC invocations=0 (full 0):
 par new generation   total 109248K, used 87424K [0x00000000e0000000, 0x00000000e8000000, 0x00000000e8000000)
  eden space 87424K, 100% used [0x00000000e0000000, 0x00000000e5560000, 0x00000000e5560000)
  from space 21824K,   0% used [0x00000000e5560000, 0x00000000e5560000, 0x00000000e6ab0000)
  to   space 21824K,   0% used [0x00000000e6ab0000, 0x00000000e6ab0000, 0x00000000e8000000)
 concurrent mark-sweep generation total 393216K, used 0K [0x00000000e8000000, 0x0000000100000000, 0x0000000100000000)
 Metaspace       used 17959K, capacity 18302K, committed 18560K, reserved 1064960K
  class space    used 2044K, capacity 2162K, committed 2176K, reserved 1048576K
2016-11-26T08:05:32.027+0100: 1,253: [GC (Allocation Failure) 2016-11-26T08:05:32.027+0100: 1,253: [ParNew
Desired survivor size 20112992 bytes, new threshold 8 (max 8)
- age   1:   12037200 bytes,   12037200 total
: 87424K->11864K(109248K), 0,0153903 secs] 87424K->11864K(502464K), 0,0154767 secs] [Times: user=0,04 sys=0,01, real=0,02 secs] 
Heap after GC invocations=1 (full 0):
 par new generation   total 109248K, used 11864K [0x00000000e0000000, 0x00000000e8000000, 0x00000000e8000000)
  eden space 87424K,   0% used [0x00000000e0000000, 0x00000000e0000000, 0x00000000e5560000)
  from space 21824K,  54% used [0x00000000e6ab0000, 0x00000000e7646320, 0x00000000e8000000)
  to   space 21824K,   0% used [0x00000000e5560000, 0x00000000e5560000, 0x00000000e6ab0000)
 concurrent mark-sweep generation total 393216K, used 0K [0x00000000e8000000, 0x0000000100000000, 0x0000000100000000)
 Metaspace       used 17959K, capacity 18302K, committed 18560K, reserved 1064960K
  class space    used 2044K, capacity 2162K, committed 2176K, reserved 1048576K
}
2016-11-26T08:05:32.042+0100: 1,268: Total time for which application threads were stopped: 0,0156577 seconds, Stopping threads took: 0,0000204 seconds
2016-11-26T08:05:32.272+0100: 1,498: Total time for which application threads were stopped: 0,0002705 seconds, Stopping threads took: 0,0000231 seconds
2016-11-26T08:05:32.300+0100: 1,527: Total time for which application threads were stopped: 0,0003434 seconds, Stopping threads took: 0,0000288 seconds
2016-11-26T08:05:32.336+0100: 1,562: Total time for which application threads were stopped: 0,0002974 seconds, Stopping threads took: 0,0000313 seconds
{Heap before GC invocations=1 (full 0):
 par new generation   total 109248K, used 99288K [0x00000000e0000000, 0x00000000e8000000, 0x00000000e8000000)
  eden space 87424K, 100% used [0x00000000e0000000, 0x00000000e5560000, 0x00000000e5560000)
  from space 21824K,  54% used [0x00000000e6ab0000, 0x00000000e7646320, 0x00000000e8000000)
  to   space 21824K,   0% used [0x00000000e5560000, 0x00000000e5560000, 0x00000000e6ab0000)
 concurrent mark-sweep generation total 393216K, used 0K [0x00000000e8000000, 0x0000000100000000, 0x0000000100000000)
 Metaspace       used 20727K, capacity 21080K, committed 21248K, reserved 1069056K
  class space    used 2403K, capacity 2518K, committed 2560K, reserved 1048576K
2016-11-26T08:05:32.536+0100: 1,762: [GC (Allocation Failure) 2016-11-26T08:05:32.536+0100: 1,762: [ParNew
Desired survivor size 20112992 bytes, new threshold 8 (max 8)
- age   1:    3671728 bytes,    3671728 total
- age   2:    6068776 bytes,    9740504 total
: 99288K->11175K(109248K), 0,0307381 secs] 99288K->11175K(502464K), 0,0308033 secs] [Times: user=0,07 sys=0,00, real=0,04 secs] 
Heap after GC invocations=2 (full 0):
 par new generation   total 109248K, used 11175K [0x00000000e0000000, 0x00000000e8000000, 0x00000000e8000000)
  eden space 87424K,   0% used [0x00000000e0000000, 0x00000000e0000000, 0x00000000e5560000)
  from space 21824K,  51% used [0x00000000e5560000, 0x00000000e6049d80, 0x00000000e6ab0000)
  to   space 21824K,   0% used [0x00000000e6ab0000, 0x00000000e6ab0000, 0x00000000e8000000)
 concurrent mark-sweep generation total 393216K, used 0K [0x00000000e8000000, 0x0000000100000000, 0x0000000100000000)
 Metaspace       used 20727K, capacity 21080K, committed 21248K, reserved 1069056K
  class space    used 2403K, capacity 2518K, committed 2560K, reserved 1048576K
}
2016-11-26T08:05:32.567+0100: 1,793: Total time for which application threads were stopped: 0,0310004 seconds, Stopping threads took: 0,0000235 seconds
2016-11-26T08:05:32.651+0100: 1,877: Total time for which application threads were stopped: 0,0000871 seconds, Stopping threads took: 0,0000147 seconds
2016-11-26T08:05:32.697+0100: 1,924: Total time for which application threads were stopped: 0,0000941 seconds, Stopping threads took: 0,0000197 seconds
2016-11-26T08:05:32.698+0100: 1,924: Total time for which application threads were stopped: 0,0002282 seconds, Stopping threads took: 0,0000100 seconds
2016-11-26T08:05:32.735+0100: 1,961: Total time for which application threads were stopped: 0,0000770 seconds, Stopping threads took: 0,0000200 seconds
2016-11-26T08:05:32.823+0100: 2,049: Total time for which application threads were stopped: 0,0001317 seconds, Stopping threads took: 0,0000213 seconds
2016-11-26T08:05:32.854+0100: 2,080: Total time for which application threads were stopped: 0,0000977 seconds, Stopping threads took: 0,0000210 seconds
2016-11-26T08:05:32.867+0100: 2,093: Total time for which application threads were stopped: 0,0004068 seconds, Stopping threads took: 0,0000205 seconds
2016-11-26T08:05:32.917+0100: 2,143: Total time for which application threads were stopped: 0,0003747 seconds, Stopping threads took: 0,0000255 seconds
2016-11-26T08:05:32.973+0100: 2,200: Total time for which application threads were stopped: 0,0001014 seconds, Stopping threads took: 0,0000330 seconds
2016-11-26T08:05:33.062+0100: 2,288: Total time for which application threads were stopped: 0,0000991 seconds, Stopping threads took: 0,0000210 seconds
2016-11-26T08:05:33.110+0100: 2,336: Total time for which application threads were stopped: 0,0001174 seconds, Stopping threads took: 0,0000332 seconds
2016-11-26T08:05:33.140+0100: 2,366: Total time for which application threads were stopped: 0,0000974 seconds, Stopping threads took: 0,0000260 seconds
2016-11-26T08:05:33.192+0100: 2,418: Total time for which application threads were stopped: 0,0001132 seconds, Stopping threads took: 0,0000308 seconds
2016-11-26T08:05:33.258+0100: 2,484: Total time for which application threads were stopped: 0,0059377 seconds, Stopping threads took: 0,0058199 seconds
2016-11-26T08:05:33.354+0100: 2,581: Total time for which application threads were stopped: 0,0001238 seconds, Stopping threads took: 0,0000328 seconds
2016-11-26T08:05:33.392+0100: 2,618: Total time for which application threads were stopped: 0,0001514 seconds, Stopping threads took: 0,0000434 seconds
{Heap before GC invocations=2 (full 0):
 par new generation   total 109248K, used 98599K [0x00000000e0000000, 0x00000000e8000000, 0x00000000e8000000)
  eden space 87424K, 100% used [0x00000000e0000000, 0x00000000e5560000, 0x00000000e5560000)
  from space 21824K,  51% used [0x00000000e5560000, 0x00000000e6049d80, 0x00000000e6ab0000)
  to   space 21824K,   0% used [0x00000000e6ab0000, 0x00000000e6ab0000, 0x00000000e8000000)
 concurrent mark-sweep generation total 393216K, used 0K [0x00000000e8000000, 0x0000000100000000, 0x0000000100000000)
 Metaspace       used 24792K, capacity 25157K, committed 25536K, reserved 1071104K
  class space    used 2894K, capacity 3025K, committed 3092K, reserved 1048576K
2016-11-26T08:05:33.399+0100: 2,625: [GC (Allocation Failure) 2016-11-26T08:05:33.399+0100: 2,625: [ParNew
Desired survivor size 20112992 bytes, new threshold 8 (max 8)
- age   1:    4849112 bytes,    4849112 total
- age   2:     583048 bytes,    5432160 total
- age   3:    6041992 bytes,   11474152 total
: 98599K->15744K(109248K), 0,0162836 secs] 98599K->15744K(502464K), 0,0163808 secs] [Times: user=0,05 sys=0,00, real=0,01 secs] 
Heap after GC invocations=3 (full 0):
 par new generation   total 109248K, used 15744K [0x00000000e0000000, 0x00000000e8000000, 0x00000000e8000000)
  eden space 87424K,   0% used [0x00000000e0000000, 0x00000000e0000000, 0x00000000e5560000)
  from space 21824K,  72% used [0x00000000e6ab0000, 0x00000000e7a10140, 0x00000000e8000000)
  to   space 21824K,   0% used [0x00000000e5560000, 0x00000000e5560000, 0x00000000e6ab0000)
 concurrent mark-sweep generation total 393216K, used 0K [0x00000000e8000000, 0x0000000100000000, 0x0000000100000000)
 Metaspace       used 24792K, capacity 25157K, committed 25536K, reserved 1071104K
  class space    used 2894K, capacity 3025K, committed 3092K, reserved 1048576K
}
2016-11-26T08:05:33.415+0100: 2,642: Total time for which application threads were stopped: 0,0165771 seconds, Stopping threads took: 0,0000463 seconds
2016-11-26T08:05:33.416+0100: 2,642: [GC (CMS Initial Mark) [1 CMS-initial-mark: 0K(393216K)] 16000K(502464K), 0,0025852 secs] [Times: user=0,01 sys=0,00, real=0,00 secs] 
2016-11-26T08:05:33.418+0100: 2,644: Total time for which application threads were stopped: 0,0027027 seconds, Stopping threads took: 0,0000453 seconds
2016-11-26T08:05:33.418+0100: 2,644: [CMS-concurrent-mark-start]
2016-11-26T08:05:33.419+0100: 2,645: [CMS-concurrent-mark: 0,001/0,001 secs] [Times: user=0,00 sys=0,00, real=0,01 secs] 
2016-11-26T08:05:33.419+0100: 2,645: [CMS-concurrent-preclean-start]
2016-11-26T08:05:33.420+0100: 2,646: [CMS-concurrent-preclean: 0,001/0,001 secs] [Times: user=0,00 sys=0,00, real=0,00 secs] 
2016-11-26T08:05:33.420+0100: 2,646: [GC (CMS Final Remark) [YG occupancy: 17387 K (109248 K)]{Heap before GC invocations=3 (full 1):
 par new generation   total 109248K, used 17387K [0x00000000e0000000, 0x00000000e8000000, 0x00000000e8000000)
  eden space 87424K,   1% used [0x00000000e0000000, 0x00000000e019ac00, 0x00000000e5560000)
  from space 21824K,  72% used [0x00000000e6ab0000, 0x00000000e7a10140, 0x00000000e8000000)
  to   space 21824K,   0% used [0x00000000e5560000, 0x00000000e5560000, 0x00000000e6ab0000)
 concurrent mark-sweep generation total 393216K, used 0K [0x00000000e8000000, 0x0000000100000000, 0x0000000100000000)
 Metaspace       used 24792K, capacity 25157K, committed 25536K, reserved 1071104K
  class space    used 2894K, capacity 3025K, committed 3092K, reserved 1048576K
2016-11-26T08:05:33.420+0100: 2,646: [GC (CMS Final Remark) 2016-11-26T08:05:33.420+0100: 2,646: [ParNew
Desired survivor size 20112992 bytes, new threshold 8 (max 8)
- age   1:    1167872 bytes,    1167872 total
- age   2:    1312976 bytes,    2480848 total
- age   3:     583048 bytes,    3063896 total
- age   4:    6042744 bytes,    9106640 total
: 17387K->11289K(109248K), 0,0103703 secs] 17387K->11289K(502464K), 0,0104205 secs] [Times: user=0,04 sys=0,00, real=0,01 secs] 
Heap after GC invocations=4 (full 1):
 par new generation   total 109248K, used 11289K [0x00000000e0000000, 0x00000000e8000000, 0x00000000e8000000)
  eden space 87424K,   0% used [0x00000000e0000000, 0x00000000e0000000, 0x00000000e5560000)
  from space 21824K,  51% used [0x00000000e5560000, 0x00000000e6066570, 0x00000000e6ab0000)
  to   space 21824K,   0% used [0x00000000e6ab0000, 0x00000000e6ab0000, 0x00000000e8000000)
 concurrent mark-sweep generation total 393216K, used 0K [0x00000000e8000000, 0x0000000100000000, 0x0000000100000000)
 Metaspace       used 24792K, capacity 25157K, committed 25536K, reserved 1071104K
  class space    used 2894K, capacity 3025K, committed 3092K, reserved 1048576K
}
2016-11-26T08:05:33.430+0100: 2,657: [Rescan (parallel) , 0,0030742 secs]2016-11-26T08:05:33.434+0100: 2,660: [weak refs processing, 0,0005024 secs]2016-11-26T08:05:33.434+0100: 2,660: [class unloading, 0,0031530 secs]2016-11-26T08:05:33.437+0100: 2,664: [scrub symbol table, 0,0037553 secs]2016-11-26T08:05:33.441+0100: 2,667: [scrub string table, 0,0003845 secs][1 CMS-remark: 0K(393216K)] 11289K(502464K), 0,0219853 secs] [Times: user=0,06 sys=0,00, real=0,02 secs] 
2016-11-26T08:05:33.442+0100: 2,668: Total time for which application threads were stopped: 0,0221042 seconds, Stopping threads took: 0,0000451 seconds
2016-11-26T08:05:33.442+0100: 2,668: [CMS-concurrent-sweep-start]
2016-11-26T08:05:33.442+0100: 2,668: [CMS-concurrent-sweep: 0,000/0,000 secs] [Times: user=0,00 sys=0,00, real=0,00 secs] 
2016-11-26T08:05:33.442+0100: 2,668: [CMS-concurrent-reset-start]
2016-11-26T08:05:33.443+0100: 2,670: [CMS-concurrent-reset: 0,001/0,001 secs] [Times: user=0,00 sys=0,01, real=0,00 secs] 
2016-11-26T08:05:34.443+0100: 3,669: Total time for which application threads were stopped: 0,0001234 seconds, Stopping threads took: 0,0000178 seconds
2016-11-26T08:05:34.824+0100: 4,050: Total time for which application threads were stopped: 0,0002856 seconds, Stopping threads took: 0,0000171 seconds
2016-11-26T08:06:01.013+0100: 31,053: Total time for which application threads were stopped: 0,0000585 seconds, Stopping threads took: 0,0000151 seconds
2016-11-26T08:08:11.028+0100: 161,068: Total time for which application threads were stopped: 0,0003331 seconds, Stopping threads took: 0,0000628 seconds
2016-11-26T08:08:16.029+0100: 166,069: Total time for which application threads were stopped: 0,0000608 seconds, Stopping threads took: 0,0000176 seconds
2016-11-26T08:08:31.030+0100: 181,070: Total time for which application threads were stopped: 0,0000908 seconds, Stopping threads took: 0,0000230 seconds
2016-11-26T08:09:26.036+0100: 236,076: Total time for which application threads were stopped: 0,0000869 seconds, Stopping threads took: 0,0000373 seconds
2016-11-26T08:10:06.040+0100: 276,080: Total time for which application threads were stopped: 0,0002254 seconds, Stopping threads took: 0,0000956 seconds
2016-11-26T08:10:16.041+0100: 286,081: Total time for which application threads were stopped: 0,0000801 seconds, Stopping threads took: 0,0000292 seconds
2016-11-26T08:10:31.042+0100: 301,082: Total time for which application threads were stopped: 0,0000639 seconds, Stopping threads took: 0,0000168 seconds
2016-11-26T08:10:51.045+0100: 321,085: Total time for which application threads were stopped: 0,0000777 seconds, Stopping threads took: 0,0000301 seconds
2016-11-26T08:13:11.058+0100: 461,098: Total time for which application threads were stopped: 0,0001368 seconds, Stopping threads took: 0,0000495 seconds
2016-11-26T08:16:11.076+0100: 641,116: Total time for which application threads were stopped: 0,0000956 seconds, Stopping threads took: 0,0000312 seconds
2016-11-26T08:29:16.170+0100: 1426,210: Total time for which application threads were stopped: 0,0000849 seconds, Stopping threads took: 0,0000340 seconds
2016-11-26T08:33:46.210+0100: 1696,250: Total time for which application threads were stopped: 0,0000860 seconds, Stopping threads took: 0,0000354 seconds
2016-11-26T08:44:11.304+0100: 2321,343: Total time for which application threads were stopped: 0,0001700 seconds, Stopping threads took: 0,0000664 seconds
2016-11-26T08:44:16.304+0100: 2326,344: Total time for which application threads were stopped: 0,0000688 seconds, Stopping threads took: 0,0000163 seconds
2016-11-26T08:46:41.327+0100: 2471,366: Total time for which application threads were stopped: 0,0001612 seconds, Stopping threads took: 0,0000626 seconds
2016-11-26T08:58:46.437+0100: 3196,477: Total time for which application threads were stopped: 0,0000707 seconds, Stopping threads took: 0,0000287 seconds
2016-11-26T09:09:26.534+0100: 3836,574: Total time for which application threads were stopped: 0,0001545 seconds, Stopping threads took: 0,0000587 seconds
2016-11-26T09:12:31.561+0100: 4021,601: Total time for which application threads were stopped: 0,0002188 seconds, Stopping threads took: 0,0000698 seconds
2016-11-26T09:49:31.849+0100: 6241,889: Total time for which application threads were stopped: 0,0000855 seconds, Stopping threads took: 0,0000355 seconds
2016-11-26T09:50:36.856+0100: 6306,896: Total time for which application threads were stopped: 0,0000768 seconds, Stopping threads took: 0,0000309 seconds
2016-11-26T10:10:30.981+0100: 7501,021: Total time for which application threads were stopped: 0,0000841 seconds, Stopping threads took: 0,0000337 seconds
2016-11-26T10:11:00.985+0100: 7531,025: Total time for which application threads were stopped: 0,0004786 seconds, Stopping threads took: 0,0002567 seconds
2016-11-26T10:13:31.001+0100: 7681,041: Total time for which application threads were stopped: 0,0002553 seconds, Stopping threads took: 0,0001878 seconds
2016-11-26T11:17:37.734+0100: 11527,774: Total time for which application threads were stopped: 0,0001750 seconds, Stopping threads took: 0,0000277 seconds
Heap
 par new generation   total 109248K, used 54535K [0x00000000e0000000, 0x00000000e8000000, 0x00000000e8000000)
  eden space 87424K,  49% used [0x00000000e0000000, 0x00000000e2a3b8e0, 0x00000000e5560000)
  from space 21824K,  51% used [0x00000000e5560000, 0x00000000e6066570, 0x00000000e6ab0000)
  to   space 21824K,   0% used [0x00000000e6ab0000, 0x00000000e6ab0000, 0x00000000e8000000)
 concurrent mark-sweep generation total 393216K, used 0K [0x00000000e8000000, 0x0000000100000000, 0x0000000100000000)
 Metaspace       used 27196K, capacity 27659K, committed 27924K, reserved 1073152K
  class space    used 3160K, capacity 3320K, committed 3348K, reserved 1048576K
