OpenJDK 64-Bit Server VM (25.111-b14) for linux-amd64 JRE (1.8.0_111-8u111-b14-2ubuntu0.16.04.2-b14), built on Oct 27 2016 18:10:19 by "buildd" with gcc 5.4.0 20160609
Memory: 4k page, physical 7867848k(7472352k free), swap 8076284k(8076284k free)
CommandLine flags: -XX:CMSInitiatingOccupancyFraction=50 -XX:CMSMaxAbortablePrecleanTime=6000 -XX:+CMSParallelRemarkEnabled -XX:+CMSScavengeBeforeRemark -XX:ConcGCThreads=4 -XX:InitialHeapSize=536870912 -XX:MaxHeapSize=536870912 -XX:MaxTenuringThreshold=8 -XX:NewRatio=3 -XX:OldPLABSize=16 -XX:OnOutOfMemoryError=/opt/solr/bin/oom_solr.sh 8983 /var/solr/logs -XX:ParallelGCThreads=4 -XX:+ParallelRefProcEnabled -XX:PretenureSizeThreshold=67108864 -XX:+PrintGC -XX:+PrintGCApplicationStoppedTime -XX:+PrintGCDateStamps -XX:+PrintGCDetails -XX:+PrintGCTimeStamps -XX:+PrintHeapAtGC -XX:+PrintTenuringDistribution -XX:SurvivorRatio=4 -XX:TargetSurvivorRatio=90 -XX:ThreadStackSize=256 -XX:+UseCMSInitiatingOccupancyOnly -XX:+UseCompressedClassPointers -XX:+UseCompressedOops -XX:+UseConcMarkSweepGC -XX:+UseParNewGC 
2016-11-21T06:11:22.705+0100: 0,132: Total time for which application threads were stopped: 0,0000752 seconds, Stopping threads took: 0,0000166 seconds
2016-11-21T06:11:22.776+0100: 0,203: Total time for which application threads were stopped: 0,0000958 seconds, Stopping threads took: 0,0000159 seconds
2016-11-21T06:11:22.785+0100: 0,212: Total time for which application threads were stopped: 0,0000961 seconds, Stopping threads took: 0,0000373 seconds
2016-11-21T06:11:22.957+0100: 0,383: Total time for which application threads were stopped: 0,0004136 seconds, Stopping threads took: 0,0000251 seconds
2016-11-21T06:11:23.191+0100: 0,617: Total time for which application threads were stopped: 0,0001464 seconds, Stopping threads took: 0,0000147 seconds
2016-11-21T06:11:23.339+0100: 0,765: Total time for which application threads were stopped: 0,0001918 seconds, Stopping threads took: 0,0000183 seconds
2016-11-21T06:11:23.443+0100: 0,869: Total time for which application threads were stopped: 0,0002460 seconds, Stopping threads took: 0,0000469 seconds
2016-11-21T06:11:23.729+0100: 1,155: Total time for which application threads were stopped: 0,0001587 seconds, Stopping threads took: 0,0000123 seconds
2016-11-21T06:11:23.987+0100: 1,413: Total time for which application threads were stopped: 0,0002209 seconds, Stopping threads took: 0,0000222 seconds
2016-11-21T06:11:24.011+0100: 1,437: Total time for which application threads were stopped: 0,0002216 seconds, Stopping threads took: 0,0000186 seconds
2016-11-21T06:11:24.014+0100: 1,441: Total time for which application threads were stopped: 0,0008374 seconds, Stopping threads took: 0,0000870 seconds
2016-11-21T06:11:24.027+0100: 1,453: Total time for which application threads were stopped: 0,0002061 seconds, Stopping threads took: 0,0000240 seconds
2016-11-21T06:11:24.121+0100: 1,548: Total time for which application threads were stopped: 0,0002348 seconds, Stopping threads took: 0,0000246 seconds
2016-11-21T06:11:24.305+0100: 1,731: Total time for which application threads were stopped: 0,0002806 seconds, Stopping threads took: 0,0000730 seconds
{Heap before GC invocations=0 (full 0):
 par new generation   total 109248K, used 87424K [0x00000000e0000000, 0x00000000e8000000, 0x00000000e8000000)
  eden space 87424K, 100% used [0x00000000e0000000, 0x00000000e5560000, 0x00000000e5560000)
  from space 21824K,   0% used [0x00000000e5560000, 0x00000000e5560000, 0x00000000e6ab0000)
  to   space 21824K,   0% used [0x00000000e6ab0000, 0x00000000e6ab0000, 0x00000000e8000000)
 concurrent mark-sweep generation total 393216K, used 0K [0x00000000e8000000, 0x0000000100000000, 0x0000000100000000)
 Metaspace       used 18091K, capacity 18366K, committed 18560K, reserved 1064960K
  class space    used 2054K, capacity 2162K, committed 2176K, reserved 1048576K
2016-11-21T06:11:24.475+0100: 1,901: [GC (Allocation Failure) 2016-11-21T06:11:24.475+0100: 1,901: [ParNew
Desired survivor size 20112992 bytes, new threshold 8 (max 8)
- age   1:   12331968 bytes,   12331968 total
: 87424K->12141K(109248K), 0,0192211 secs] 87424K->12141K(502464K), 0,0193129 secs] [Times: user=0,07 sys=0,00, real=0,02 secs] 
Heap after GC invocations=1 (full 0):
 par new generation   total 109248K, used 12141K [0x00000000e0000000, 0x00000000e8000000, 0x00000000e8000000)
  eden space 87424K,   0% used [0x00000000e0000000, 0x00000000e0000000, 0x00000000e5560000)
  from space 21824K,  55% used [0x00000000e6ab0000, 0x00000000e768b538, 0x00000000e8000000)
  to   space 21824K,   0% used [0x00000000e5560000, 0x00000000e5560000, 0x00000000e6ab0000)
 concurrent mark-sweep generation total 393216K, used 0K [0x00000000e8000000, 0x0000000100000000, 0x0000000100000000)
 Metaspace       used 18091K, capacity 18366K, committed 18560K, reserved 1064960K
  class space    used 2054K, capacity 2162K, committed 2176K, reserved 1048576K
}
2016-11-21T06:11:24.494+0100: 1,920: Total time for which application threads were stopped: 0,0194868 seconds, Stopping threads took: 0,0000179 seconds
2016-11-21T06:11:24.695+0100: 2,121: Total time for which application threads were stopped: 0,0002627 seconds, Stopping threads took: 0,0000327 seconds
2016-11-21T06:11:24.726+0100: 2,152: Total time for which application threads were stopped: 0,0003045 seconds, Stopping threads took: 0,0000266 seconds
2016-11-21T06:11:24.754+0100: 2,180: Total time for which application threads were stopped: 0,0003669 seconds, Stopping threads took: 0,0000374 seconds
{Heap before GC invocations=1 (full 0):
 par new generation   total 109248K, used 99565K [0x00000000e0000000, 0x00000000e8000000, 0x00000000e8000000)
  eden space 87424K, 100% used [0x00000000e0000000, 0x00000000e5560000, 0x00000000e5560000)
  from space 21824K,  55% used [0x00000000e6ab0000, 0x00000000e768b538, 0x00000000e8000000)
  to   space 21824K,   0% used [0x00000000e5560000, 0x00000000e5560000, 0x00000000e6ab0000)
 concurrent mark-sweep generation total 393216K, used 0K [0x00000000e8000000, 0x0000000100000000, 0x0000000100000000)
 Metaspace       used 20713K, capacity 21020K, committed 21248K, reserved 1069056K
  class space    used 2404K, capacity 2518K, committed 2560K, reserved 1048576K
2016-11-21T06:11:24.922+0100: 2,348: [GC (Allocation Failure) 2016-11-21T06:11:24.922+0100: 2,348: [ParNew
Desired survivor size 20112992 bytes, new threshold 8 (max 8)
- age   1:    2899488 bytes,    2899488 total
- age   2:    6101664 bytes,    9001152 total
: 99565K->11274K(109248K), 0,0093131 secs] 99565K->11274K(502464K), 0,0093793 secs] [Times: user=0,03 sys=0,00, real=0,02 secs] 
Heap after GC invocations=2 (full 0):
 par new generation   total 109248K, used 11274K [0x00000000e0000000, 0x00000000e8000000, 0x00000000e8000000)
  eden space 87424K,   0% used [0x00000000e0000000, 0x00000000e0000000, 0x00000000e5560000)
  from space 21824K,  51% used [0x00000000e5560000, 0x00000000e60629e0, 0x00000000e6ab0000)
  to   space 21824K,   0% used [0x00000000e6ab0000, 0x00000000e6ab0000, 0x00000000e8000000)
 concurrent mark-sweep generation total 393216K, used 0K [0x00000000e8000000, 0x0000000100000000, 0x0000000100000000)
 Metaspace       used 20713K, capacity 21020K, committed 21248K, reserved 1069056K
  class space    used 2404K, capacity 2518K, committed 2560K, reserved 1048576K
}
2016-11-21T06:11:24.931+0100: 2,358: Total time for which application threads were stopped: 0,0096117 seconds, Stopping threads took: 0,0000781 seconds
2016-11-21T06:11:24.988+0100: 2,414: Total time for which application threads were stopped: 0,0000837 seconds, Stopping threads took: 0,0000227 seconds
2016-11-21T06:11:25.019+0100: 2,445: Total time for which application threads were stopped: 0,0000956 seconds, Stopping threads took: 0,0000245 seconds
2016-11-21T06:11:25.020+0100: 2,446: Total time for which application threads were stopped: 0,0002425 seconds, Stopping threads took: 0,0000118 seconds
2016-11-21T06:11:25.047+0100: 2,473: Total time for which application threads were stopped: 0,0000827 seconds, Stopping threads took: 0,0000138 seconds
2016-11-21T06:11:25.121+0100: 2,547: Total time for which application threads were stopped: 0,0001466 seconds, Stopping threads took: 0,0000504 seconds
2016-11-21T06:11:25.139+0100: 2,566: Total time for which application threads were stopped: 0,0000819 seconds, Stopping threads took: 0,0000226 seconds
2016-11-21T06:11:25.147+0100: 2,573: Total time for which application threads were stopped: 0,0002712 seconds, Stopping threads took: 0,0000132 seconds
2016-11-21T06:11:25.154+0100: 2,581: Total time for which application threads were stopped: 0,0002808 seconds, Stopping threads took: 0,0000281 seconds
2016-11-21T06:11:25.163+0100: 2,589: Total time for which application threads were stopped: 0,0001264 seconds, Stopping threads took: 0,0000643 seconds
2016-11-21T06:11:25.194+0100: 2,620: Total time for which application threads were stopped: 0,0000852 seconds, Stopping threads took: 0,0000222 seconds
2016-11-21T06:11:25.210+0100: 2,637: Total time for which application threads were stopped: 0,0000742 seconds, Stopping threads took: 0,0000150 seconds
2016-11-21T06:11:25.229+0100: 2,656: Total time for which application threads were stopped: 0,0000798 seconds, Stopping threads took: 0,0000135 seconds
2016-11-21T06:11:25.250+0100: 2,677: Total time for which application threads were stopped: 0,0000858 seconds, Stopping threads took: 0,0000187 seconds
2016-11-21T06:11:25.281+0100: 2,707: Total time for which application threads were stopped: 0,0001555 seconds, Stopping threads took: 0,0000632 seconds
2016-11-21T06:11:25.340+0100: 2,766: Total time for which application threads were stopped: 0,0001216 seconds, Stopping threads took: 0,0000286 seconds
2016-11-21T06:11:25.371+0100: 2,797: Total time for which application threads were stopped: 0,0001356 seconds, Stopping threads took: 0,0000424 seconds
{Heap before GC invocations=2 (full 0):
 par new generation   total 109248K, used 98698K [0x00000000e0000000, 0x00000000e8000000, 0x00000000e8000000)
  eden space 87424K, 100% used [0x00000000e0000000, 0x00000000e5560000, 0x00000000e5560000)
  from space 21824K,  51% used [0x00000000e5560000, 0x00000000e60629e0, 0x00000000e6ab0000)
  to   space 21824K,   0% used [0x00000000e6ab0000, 0x00000000e6ab0000, 0x00000000e8000000)
 concurrent mark-sweep generation total 393216K, used 0K [0x00000000e8000000, 0x0000000100000000, 0x0000000100000000)
 Metaspace       used 24870K, capacity 25221K, committed 25536K, reserved 1071104K
  class space    used 2897K, capacity 3025K, committed 3144K, reserved 1048576K
2016-11-21T06:11:25.401+0100: 2,827: [GC (Allocation Failure) 2016-11-21T06:11:25.401+0100: 2,827: [ParNew
Desired survivor size 20112992 bytes, new threshold 8 (max 8)
- age   1:    6718128 bytes,    6718128 total
- age   2:     548376 bytes,    7266504 total
- age   3:    6093048 bytes,   13359552 total
: 98698K->19061K(109248K), 0,0174513 secs] 98698K->19061K(502464K), 0,0175473 secs] [Times: user=0,06 sys=0,00, real=0,02 secs] 
Heap after GC invocations=3 (full 0):
 par new generation   total 109248K, used 19061K [0x00000000e0000000, 0x00000000e8000000, 0x00000000e8000000)
  eden space 87424K,   0% used [0x00000000e0000000, 0x00000000e0000000, 0x00000000e5560000)
  from space 21824K,  87% used [0x00000000e6ab0000, 0x00000000e7d4d4e8, 0x00000000e8000000)
  to   space 21824K,   0% used [0x00000000e5560000, 0x00000000e5560000, 0x00000000e6ab0000)
 concurrent mark-sweep generation total 393216K, used 0K [0x00000000e8000000, 0x0000000100000000, 0x0000000100000000)
 Metaspace       used 24870K, capacity 25221K, committed 25536K, reserved 1071104K
  class space    used 2897K, capacity 3025K, committed 3144K, reserved 1048576K
}
2016-11-21T06:11:25.418+0100: 2,845: Total time for which application threads were stopped: 0,0177377 seconds, Stopping threads took: 0,0000305 seconds
2016-11-21T06:11:25.419+0100: 2,845: [GC (CMS Initial Mark) [1 CMS-initial-mark: 0K(393216K)] 19068K(502464K), 0,0038833 secs] [Times: user=0,01 sys=0,00, real=0,01 secs] 
2016-11-21T06:11:25.423+0100: 2,849: Total time for which application threads were stopped: 0,0040134 seconds, Stopping threads took: 0,0000368 seconds
2016-11-21T06:11:25.423+0100: 2,849: [CMS-concurrent-mark-start]
2016-11-21T06:11:25.425+0100: 2,851: [CMS-concurrent-mark: 0,002/0,002 secs] [Times: user=0,01 sys=0,00, real=0,00 secs] 
2016-11-21T06:11:25.425+0100: 2,851: [CMS-concurrent-preclean-start]
2016-11-21T06:11:25.427+0100: 2,853: [CMS-concurrent-preclean: 0,001/0,001 secs] [Times: user=0,01 sys=0,00, real=0,00 secs] 
2016-11-21T06:11:25.427+0100: 2,853: [GC (CMS Final Remark) [YG occupancy: 20472 K (109248 K)]{Heap before GC invocations=3 (full 1):
 par new generation   total 109248K, used 20472K [0x00000000e0000000, 0x00000000e8000000, 0x00000000e8000000)
  eden space 87424K,   1% used [0x00000000e0000000, 0x00000000e0160c08, 0x00000000e5560000)
  from space 21824K,  87% used [0x00000000e6ab0000, 0x00000000e7d4d4e8, 0x00000000e8000000)
  to   space 21824K,   0% used [0x00000000e5560000, 0x00000000e5560000, 0x00000000e6ab0000)
 concurrent mark-sweep generation total 393216K, used 0K [0x00000000e8000000, 0x0000000100000000, 0x0000000100000000)
 Metaspace       used 24895K, capacity 25317K, committed 25536K, reserved 1071104K
  class space    used 2900K, capacity 3057K, committed 3144K, reserved 1048576K
2016-11-21T06:11:25.427+0100: 2,853: [GC (CMS Final Remark) 2016-11-21T06:11:25.427+0100: 2,853: [ParNew
Desired survivor size 20112992 bytes, new threshold 8 (max 8)
- age   1:      10032 bytes,      10032 total
- age   2:    3167848 bytes,    3177880 total
- age   3:     548376 bytes,    3726256 total
- age   4:    6093096 bytes,    9819352 total
: 20472K->14276K(109248K), 0,0107290 secs] 20472K->14276K(502464K), 0,0107714 secs] [Times: user=0,02 sys=0,01, real=0,01 secs] 
Heap after GC invocations=4 (full 1):
 par new generation   total 109248K, used 14276K [0x00000000e0000000, 0x00000000e8000000, 0x00000000e8000000)
  eden space 87424K,   0% used [0x00000000e0000000, 0x00000000e0000000, 0x00000000e5560000)
  from space 21824K,  65% used [0x00000000e5560000, 0x00000000e63512d0, 0x00000000e6ab0000)
  to   space 21824K,   0% used [0x00000000e6ab0000, 0x00000000e6ab0000, 0x00000000e8000000)
 concurrent mark-sweep generation total 393216K, used 0K [0x00000000e8000000, 0x0000000100000000, 0x0000000100000000)
 Metaspace       used 24895K, capacity 25317K, committed 25536K, reserved 1071104K
  class space    used 2900K, capacity 3057K, committed 3144K, reserved 1048576K
}
2016-11-21T06:11:25.438+0100: 2,864: [Rescan (parallel) , 0,0035313 secs]2016-11-21T06:11:25.441+0100: 2,867: [weak refs processing, 0,0005858 secs]2016-11-21T06:11:25.442+0100: 2,868: [class unloading, 0,0032298 secs]2016-11-21T06:11:25.445+0100: 2,871: [scrub symbol table, 0,0033260 secs]2016-11-21T06:11:25.448+0100: 2,875: [scrub string table, 0,0004093 secs][1 CMS-remark: 0K(393216K)] 14276K(502464K), 0,0225835 secs] [Times: user=0,05 sys=0,01, real=0,02 secs] 
2016-11-21T06:11:25.449+0100: 2,876: Total time for which application threads were stopped: 0,0227879 seconds, Stopping threads took: 0,0001304 seconds
2016-11-21T06:11:25.449+0100: 2,876: [CMS-concurrent-sweep-start]
2016-11-21T06:11:25.449+0100: 2,876: [CMS-concurrent-sweep: 0,000/0,000 secs] [Times: user=0,00 sys=0,00, real=0,00 secs] 
2016-11-21T06:11:25.450+0100: 2,876: [CMS-concurrent-reset-start]
2016-11-21T06:11:25.451+0100: 2,878: [CMS-concurrent-reset: 0,002/0,002 secs] [Times: user=0,00 sys=0,00, real=0,01 secs] 
2016-11-21T06:11:26.450+0100: 3,876: Total time for which application threads were stopped: 0,0000889 seconds, Stopping threads took: 0,0000160 seconds
2016-11-21T06:11:26.638+0100: 4,064: Total time for which application threads were stopped: 0,0002361 seconds, Stopping threads took: 0,0000154 seconds
2016-11-21T06:14:03.944+0100: 162,086: Total time for which application threads were stopped: 0,0000956 seconds, Stopping threads took: 0,0000398 seconds
2016-11-21T06:14:08.944+0100: 167,086: Total time for which application threads were stopped: 0,0000663 seconds, Stopping threads took: 0,0000187 seconds
2016-11-21T06:15:18.953+0100: 237,095: Total time for which application threads were stopped: 0,0000754 seconds, Stopping threads took: 0,0000319 seconds
2016-11-21T06:16:08.959+0100: 287,101: Total time for which application threads were stopped: 0,0000898 seconds, Stopping threads took: 0,0000378 seconds
2016-11-21T06:17:58.230+0100: 396,371: Total time for which application threads were stopped: 0,0001364 seconds, Stopping threads took: 0,0000332 seconds
Heap
 par new generation   total 109248K, used 57662K [0x00000000e0000000, 0x00000000e8000000, 0x00000000e8000000)
  eden space 87424K,  49% used [0x00000000e0000000, 0x00000000e2a5e558, 0x00000000e5560000)
  from space 21824K,  65% used [0x00000000e5560000, 0x00000000e63512d0, 0x00000000e6ab0000)
  to   space 21824K,   0% used [0x00000000e6ab0000, 0x00000000e6ab0000, 0x00000000e8000000)
 concurrent mark-sweep generation total 393216K, used 0K [0x00000000e8000000, 0x0000000100000000, 0x0000000100000000)
 Metaspace       used 27178K, capacity 27659K, committed 27976K, reserved 1073152K
  class space    used 3160K, capacity 3320K, committed 3400K, reserved 1048576K
