OpenJDK 64-Bit Server VM (25.111-b14) for linux-amd64 JRE (1.8.0_111-8u111-b14-2ubuntu0.16.04.2-b14), built on Oct 27 2016 18:10:19 by "buildd" with gcc 5.4.0 20160609
Memory: 4k page, physical 7867848k(7478368k free), swap 8076284k(8076284k free)
CommandLine flags: -XX:CMSInitiatingOccupancyFraction=50 -XX:CMSMaxAbortablePrecleanTime=6000 -XX:+CMSParallelRemarkEnabled -XX:+CMSScavengeBeforeRemark -XX:ConcGCThreads=4 -XX:InitialHeapSize=536870912 -XX:MaxHeapSize=536870912 -XX:MaxTenuringThreshold=8 -XX:NewRatio=3 -XX:OldPLABSize=16 -XX:OnOutOfMemoryError=/opt/solr/bin/oom_solr.sh 8983 /var/solr/logs -XX:ParallelGCThreads=4 -XX:+ParallelRefProcEnabled -XX:PretenureSizeThreshold=67108864 -XX:+PrintGC -XX:+PrintGCApplicationStoppedTime -XX:+PrintGCDateStamps -XX:+PrintGCDetails -XX:+PrintGCTimeStamps -XX:+PrintHeapAtGC -XX:+PrintTenuringDistribution -XX:SurvivorRatio=4 -XX:TargetSurvivorRatio=90 -XX:ThreadStackSize=256 -XX:+UseCMSInitiatingOccupancyOnly -XX:+UseCompressedClassPointers -XX:+UseCompressedOops -XX:+UseConcMarkSweepGC -XX:+UseParNewGC 
2016-11-23T12:28:25.308+0100: 0,119: Total time for which application threads were stopped: 0,0000668 seconds, Stopping threads took: 0,0000122 seconds
2016-11-23T12:28:25.375+0100: 0,186: Total time for which application threads were stopped: 0,0001207 seconds, Stopping threads took: 0,0000146 seconds
2016-11-23T12:28:25.386+0100: 0,197: Total time for which application threads were stopped: 0,0001033 seconds, Stopping threads took: 0,0000114 seconds
2016-11-23T12:28:25.543+0100: 0,354: Total time for which application threads were stopped: 0,0001866 seconds, Stopping threads took: 0,0000523 seconds
2016-11-23T12:28:25.806+0100: 0,617: Total time for which application threads were stopped: 0,0001388 seconds, Stopping threads took: 0,0000193 seconds
2016-11-23T12:28:25.991+0100: 0,802: Total time for which application threads were stopped: 0,0002253 seconds, Stopping threads took: 0,0000362 seconds
2016-11-23T12:28:26.051+0100: 0,861: Total time for which application threads were stopped: 0,0001920 seconds, Stopping threads took: 0,0000225 seconds
2016-11-23T12:28:26.336+0100: 1,146: Total time for which application threads were stopped: 0,0001806 seconds, Stopping threads took: 0,0000281 seconds
2016-11-23T12:28:26.562+0100: 1,373: Total time for which application threads were stopped: 0,0001971 seconds, Stopping threads took: 0,0000147 seconds
2016-11-23T12:28:26.586+0100: 1,397: Total time for which application threads were stopped: 0,0002394 seconds, Stopping threads took: 0,0000209 seconds
2016-11-23T12:28:26.590+0100: 1,401: Total time for which application threads were stopped: 0,0002494 seconds, Stopping threads took: 0,0000438 seconds
2016-11-23T12:28:26.603+0100: 1,413: Total time for which application threads were stopped: 0,0002191 seconds, Stopping threads took: 0,0000240 seconds
2016-11-23T12:28:26.711+0100: 1,522: Total time for which application threads were stopped: 0,0004475 seconds, Stopping threads took: 0,0001044 seconds
2016-11-23T12:28:26.919+0100: 1,730: Total time for which application threads were stopped: 0,0003751 seconds, Stopping threads took: 0,0001806 seconds
{Heap before GC invocations=0 (full 0):
 par new generation   total 109248K, used 87424K [0x00000000e0000000, 0x00000000e8000000, 0x00000000e8000000)
  eden space 87424K, 100% used [0x00000000e0000000, 0x00000000e5560000, 0x00000000e5560000)
  from space 21824K,   0% used [0x00000000e5560000, 0x00000000e5560000, 0x00000000e6ab0000)
  to   space 21824K,   0% used [0x00000000e6ab0000, 0x00000000e6ab0000, 0x00000000e8000000)
 concurrent mark-sweep generation total 393216K, used 0K [0x00000000e8000000, 0x0000000100000000, 0x0000000100000000)
 Metaspace       used 18370K, capacity 18686K, committed 18944K, reserved 1067008K
  class space    used 2090K, capacity 2226K, committed 2304K, reserved 1048576K
2016-11-23T12:28:27.096+0100: 1,906: [GC (Allocation Failure) 2016-11-23T12:28:27.096+0100: 1,907: [ParNew
Desired survivor size 20112992 bytes, new threshold 8 (max 8)
- age   1:   12577936 bytes,   12577936 total
: 87424K->12395K(109248K), 0,0236674 secs] 87424K->12395K(502464K), 0,0238041 secs] [Times: user=0,07 sys=0,01, real=0,03 secs] 
Heap after GC invocations=1 (full 0):
 par new generation   total 109248K, used 12395K [0x00000000e0000000, 0x00000000e8000000, 0x00000000e8000000)
  eden space 87424K,   0% used [0x00000000e0000000, 0x00000000e0000000, 0x00000000e5560000)
  from space 21824K,  56% used [0x00000000e6ab0000, 0x00000000e76cada8, 0x00000000e8000000)
  to   space 21824K,   0% used [0x00000000e5560000, 0x00000000e5560000, 0x00000000e6ab0000)
 concurrent mark-sweep generation total 393216K, used 0K [0x00000000e8000000, 0x0000000100000000, 0x0000000100000000)
 Metaspace       used 18370K, capacity 18686K, committed 18944K, reserved 1067008K
  class space    used 2090K, capacity 2226K, committed 2304K, reserved 1048576K
}
2016-11-23T12:28:27.119+0100: 1,930: Total time for which application threads were stopped: 0,0240435 seconds, Stopping threads took: 0,0000251 seconds
2016-11-23T12:28:27.281+0100: 2,092: Total time for which application threads were stopped: 0,0002795 seconds, Stopping threads took: 0,0000221 seconds
2016-11-23T12:28:27.310+0100: 2,121: Total time for which application threads were stopped: 0,0002515 seconds, Stopping threads took: 0,0000257 seconds
2016-11-23T12:28:27.333+0100: 2,143: Total time for which application threads were stopped: 0,0002619 seconds, Stopping threads took: 0,0000221 seconds
{Heap before GC invocations=1 (full 0):
 par new generation   total 109248K, used 99819K [0x00000000e0000000, 0x00000000e8000000, 0x00000000e8000000)
  eden space 87424K, 100% used [0x00000000e0000000, 0x00000000e5560000, 0x00000000e5560000)
  from space 21824K,  56% used [0x00000000e6ab0000, 0x00000000e76cada8, 0x00000000e8000000)
  to   space 21824K,   0% used [0x00000000e5560000, 0x00000000e5560000, 0x00000000e6ab0000)
 concurrent mark-sweep generation total 393216K, used 0K [0x00000000e8000000, 0x0000000100000000, 0x0000000100000000)
 Metaspace       used 20738K, capacity 21084K, committed 21248K, reserved 1069056K
  class space    used 2403K, capacity 2518K, committed 2560K, reserved 1048576K
2016-11-23T12:28:27.496+0100: 2,307: [GC (Allocation Failure) 2016-11-23T12:28:27.496+0100: 2,307: [ParNew
Desired survivor size 20112992 bytes, new threshold 8 (max 8)
- age   1:    3127648 bytes,    3127648 total
- age   2:    6138640 bytes,    9266288 total
: 99819K->11458K(109248K), 0,0126418 secs] 99819K->11458K(502464K), 0,0127133 secs] [Times: user=0,04 sys=0,00, real=0,01 secs] 
Heap after GC invocations=2 (full 0):
 par new generation   total 109248K, used 11458K [0x00000000e0000000, 0x00000000e8000000, 0x00000000e8000000)
  eden space 87424K,   0% used [0x00000000e0000000, 0x00000000e0000000, 0x00000000e5560000)
  from space 21824K,  52% used [0x00000000e5560000, 0x00000000e6090ac0, 0x00000000e6ab0000)
  to   space 21824K,   0% used [0x00000000e6ab0000, 0x00000000e6ab0000, 0x00000000e8000000)
 concurrent mark-sweep generation total 393216K, used 0K [0x00000000e8000000, 0x0000000100000000, 0x0000000100000000)
 Metaspace       used 20738K, capacity 21084K, committed 21248K, reserved 1069056K
  class space    used 2403K, capacity 2518K, committed 2560K, reserved 1048576K
}
2016-11-23T12:28:27.509+0100: 2,319: Total time for which application threads were stopped: 0,0129421 seconds, Stopping threads took: 0,0000657 seconds
2016-11-23T12:28:27.570+0100: 2,380: Total time for which application threads were stopped: 0,0000817 seconds, Stopping threads took: 0,0000179 seconds
2016-11-23T12:28:27.607+0100: 2,418: Total time for which application threads were stopped: 0,0000755 seconds, Stopping threads took: 0,0000125 seconds
2016-11-23T12:28:27.608+0100: 2,419: Total time for which application threads were stopped: 0,0002612 seconds, Stopping threads took: 0,0000196 seconds
2016-11-23T12:28:27.633+0100: 2,443: Total time for which application threads were stopped: 0,0000697 seconds, Stopping threads took: 0,0000126 seconds
2016-11-23T12:28:27.719+0100: 2,530: Total time for which application threads were stopped: 0,0001345 seconds, Stopping threads took: 0,0000201 seconds
2016-11-23T12:28:27.738+0100: 2,549: Total time for which application threads were stopped: 0,0000930 seconds, Stopping threads took: 0,0000247 seconds
2016-11-23T12:28:27.745+0100: 2,556: Total time for which application threads were stopped: 0,0002831 seconds, Stopping threads took: 0,0000154 seconds
2016-11-23T12:28:27.752+0100: 2,562: Total time for which application threads were stopped: 0,0002701 seconds, Stopping threads took: 0,0000128 seconds
2016-11-23T12:28:27.760+0100: 2,571: Total time for which application threads were stopped: 0,0001486 seconds, Stopping threads took: 0,0000250 seconds
2016-11-23T12:28:27.787+0100: 2,598: Total time for which application threads were stopped: 0,0000873 seconds, Stopping threads took: 0,0000197 seconds
2016-11-23T12:28:27.804+0100: 2,615: Total time for which application threads were stopped: 0,0000851 seconds, Stopping threads took: 0,0000177 seconds
2016-11-23T12:28:27.823+0100: 2,633: Total time for which application threads were stopped: 0,0000813 seconds, Stopping threads took: 0,0000170 seconds
2016-11-23T12:28:27.842+0100: 2,653: Total time for which application threads were stopped: 0,0000898 seconds, Stopping threads took: 0,0000178 seconds
2016-11-23T12:28:27.865+0100: 2,675: Total time for which application threads were stopped: 0,0001105 seconds, Stopping threads took: 0,0000224 seconds
2016-11-23T12:28:27.929+0100: 2,740: Total time for which application threads were stopped: 0,0001149 seconds, Stopping threads took: 0,0000359 seconds
2016-11-23T12:28:27.950+0100: 2,760: Total time for which application threads were stopped: 0,0001122 seconds, Stopping threads took: 0,0000284 seconds
{Heap before GC invocations=2 (full 0):
 par new generation   total 109248K, used 98882K [0x00000000e0000000, 0x00000000e8000000, 0x00000000e8000000)
  eden space 87424K, 100% used [0x00000000e0000000, 0x00000000e5560000, 0x00000000e5560000)
  from space 21824K,  52% used [0x00000000e5560000, 0x00000000e6090ac0, 0x00000000e6ab0000)
  to   space 21824K,   0% used [0x00000000e6ab0000, 0x00000000e6ab0000, 0x00000000e8000000)
 concurrent mark-sweep generation total 393216K, used 0K [0x00000000e8000000, 0x0000000100000000, 0x0000000100000000)
 Metaspace       used 24840K, capacity 25221K, committed 25536K, reserved 1071104K
  class space    used 2896K, capacity 3025K, committed 3144K, reserved 1048576K
2016-11-23T12:28:27.970+0100: 2,781: [GC (Allocation Failure) 2016-11-23T12:28:27.970+0100: 2,781: [ParNew
Desired survivor size 20112992 bytes, new threshold 8 (max 8)
- age   1:    6694096 bytes,    6694096 total
- age   2:     510128 bytes,    7204224 total
- age   3:    6122088 bytes,   13326312 total
: 98882K->17393K(109248K), 0,0119023 secs] 98882K->17393K(502464K), 0,0119827 secs] [Times: user=0,04 sys=0,00, real=0,02 secs] 
Heap after GC invocations=3 (full 0):
 par new generation   total 109248K, used 17393K [0x00000000e0000000, 0x00000000e8000000, 0x00000000e8000000)
  eden space 87424K,   0% used [0x00000000e0000000, 0x00000000e0000000, 0x00000000e5560000)
  from space 21824K,  79% used [0x00000000e6ab0000, 0x00000000e7bac500, 0x00000000e8000000)
  to   space 21824K,   0% used [0x00000000e5560000, 0x00000000e5560000, 0x00000000e6ab0000)
 concurrent mark-sweep generation total 393216K, used 0K [0x00000000e8000000, 0x0000000100000000, 0x0000000100000000)
 Metaspace       used 24840K, capacity 25221K, committed 25536K, reserved 1071104K
  class space    used 2896K, capacity 3025K, committed 3144K, reserved 1048576K
}
2016-11-23T12:28:27.982+0100: 2,793: Total time for which application threads were stopped: 0,0121409 seconds, Stopping threads took: 0,0000283 seconds
2016-11-23T12:28:27.984+0100: 2,795: [GC (CMS Initial Mark) [1 CMS-initial-mark: 0K(393216K)] 19155K(502464K), 0,0037460 secs] [Times: user=0,02 sys=0,00, real=0,00 secs] 
2016-11-23T12:28:27.988+0100: 2,799: Total time for which application threads were stopped: 0,0040486 seconds, Stopping threads took: 0,0002276 seconds
2016-11-23T12:28:27.988+0100: 2,799: [CMS-concurrent-mark-start]
2016-11-23T12:28:27.989+0100: 2,799: [CMS-concurrent-mark: 0,000/0,000 secs] [Times: user=0,00 sys=0,00, real=0,00 secs] 
2016-11-23T12:28:27.989+0100: 2,799: [CMS-concurrent-preclean-start]
2016-11-23T12:28:27.990+0100: 2,801: [CMS-concurrent-preclean: 0,001/0,001 secs] [Times: user=0,00 sys=0,00, real=0,00 secs] 
2016-11-23T12:28:27.990+0100: 2,801: [GC (CMS Final Remark) [YG occupancy: 19155 K (109248 K)]{Heap before GC invocations=3 (full 1):
 par new generation   total 109248K, used 19155K [0x00000000e0000000, 0x00000000e8000000, 0x00000000e8000000)
  eden space 87424K,   2% used [0x00000000e0000000, 0x00000000e01b89c8, 0x00000000e5560000)
  from space 21824K,  79% used [0x00000000e6ab0000, 0x00000000e7bac500, 0x00000000e8000000)
  to   space 21824K,   0% used [0x00000000e5560000, 0x00000000e5560000, 0x00000000e6ab0000)
 concurrent mark-sweep generation total 393216K, used 0K [0x00000000e8000000, 0x0000000100000000, 0x0000000100000000)
 Metaspace       used 24886K, capacity 25285K, committed 25536K, reserved 1071104K
  class space    used 2898K, capacity 3025K, committed 3144K, reserved 1048576K
2016-11-23T12:28:27.990+0100: 2,801: [GC (CMS Final Remark) 2016-11-23T12:28:27.990+0100: 2,801: [ParNew
Desired survivor size 20112992 bytes, new threshold 8 (max 8)
- age   1:      46696 bytes,      46696 total
- age   2:    3162288 bytes,    3208984 total
- age   3:     510056 bytes,    3719040 total
- age   4:    6119984 bytes,    9839024 total
: 19155K->14363K(109248K), 0,0095174 secs] 19155K->14363K(502464K), 0,0095590 secs] [Times: user=0,04 sys=0,00, real=0,02 secs] 
Heap after GC invocations=4 (full 1):
 par new generation   total 109248K, used 14363K [0x00000000e0000000, 0x00000000e8000000, 0x00000000e8000000)
  eden space 87424K,   0% used [0x00000000e0000000, 0x00000000e0000000, 0x00000000e5560000)
  from space 21824K,  65% used [0x00000000e5560000, 0x00000000e6366dd0, 0x00000000e6ab0000)
  to   space 21824K,   0% used [0x00000000e6ab0000, 0x00000000e6ab0000, 0x00000000e8000000)
 concurrent mark-sweep generation total 393216K, used 0K [0x00000000e8000000, 0x0000000100000000, 0x0000000100000000)
 Metaspace       used 24886K, capacity 25285K, committed 25536K, reserved 1071104K
  class space    used 2898K, capacity 3025K, committed 3144K, reserved 1048576K
}
2016-11-23T12:28:28.000+0100: 2,810: [Rescan (parallel) , 0,0034428 secs]2016-11-23T12:28:28.003+0100: 2,814: [weak refs processing, 0,0005786 secs]2016-11-23T12:28:28.004+0100: 2,814: [class unloading, 0,0031190 secs]2016-11-23T12:28:28.007+0100: 2,818: [scrub symbol table, 0,0043809 secs]2016-11-23T12:28:28.011+0100: 2,822: [scrub string table, 0,0003790 secs][1 CMS-remark: 0K(393216K)] 14363K(502464K), 0,0221435 secs] [Times: user=0,06 sys=0,00, real=0,03 secs] 
2016-11-23T12:28:28.012+0100: 2,823: Total time for which application threads were stopped: 0,0222373 seconds, Stopping threads took: 0,0000242 seconds
2016-11-23T12:28:28.012+0100: 2,823: [CMS-concurrent-sweep-start]
2016-11-23T12:28:28.012+0100: 2,823: [CMS-concurrent-sweep: 0,000/0,000 secs] [Times: user=0,00 sys=0,00, real=0,00 secs] 
2016-11-23T12:28:28.012+0100: 2,823: [CMS-concurrent-reset-start]
2016-11-23T12:28:28.014+0100: 2,825: [CMS-concurrent-reset: 0,002/0,002 secs] [Times: user=0,01 sys=0,00, real=0,00 secs] 
2016-11-23T12:28:28.056+0100: 2,867: Total time for which application threads were stopped: 0,0003894 seconds, Stopping threads took: 0,0000244 seconds
2016-11-23T12:28:29.056+0100: 3,867: Total time for which application threads were stopped: 0,0000927 seconds, Stopping threads took: 0,0000188 seconds
2016-11-23T12:28:29.241+0100: 4,051: Total time for which application threads were stopped: 0,0002961 seconds, Stopping threads took: 0,0000150 seconds
2016-11-23T12:28:57.244+0100: 32,055: Total time for which application threads were stopped: 0,0000775 seconds, Stopping threads took: 0,0000365 seconds
2016-11-23T12:31:07.258+0100: 162,069: Total time for which application threads were stopped: 0,0000802 seconds, Stopping threads took: 0,0000355 seconds
2016-11-23T12:31:12.259+0100: 167,070: Total time for which application threads were stopped: 0,0000717 seconds, Stopping threads took: 0,0000316 seconds
2016-11-23T12:31:26.261+0100: 181,071: Total time for which application threads were stopped: 0,0000541 seconds, Stopping threads took: 0,0000149 seconds
2016-11-23T12:32:22.268+0100: 237,079: Total time for which application threads were stopped: 0,0001716 seconds, Stopping threads took: 0,0000740 seconds
2016-11-23T12:32:51.272+0100: 266,083: Total time for which application threads were stopped: 0,0001052 seconds, Stopping threads took: 0,0000405 seconds
2016-11-23T12:32:56.273+0100: 271,084: Total time for which application threads were stopped: 0,0001227 seconds, Stopping threads took: 0,0000314 seconds
2016-11-23T12:33:07.275+0100: 282,086: Total time for which application threads were stopped: 0,0001414 seconds, Stopping threads took: 0,0000337 seconds
2016-11-23T12:33:12.276+0100: 287,087: Total time for which application threads were stopped: 0,0001498 seconds, Stopping threads took: 0,0000591 seconds
2016-11-23T12:35:21.294+0100: 416,105: Total time for which application threads were stopped: 0,0000793 seconds, Stopping threads took: 0,0000350 seconds
2016-11-23T12:35:26.295+0100: 421,105: Total time for which application threads were stopped: 0,0001212 seconds, Stopping threads took: 0,0000280 seconds
2016-11-23T12:52:06.420+0100: 1421,230: Total time for which application threads were stopped: 0,0001744 seconds, Stopping threads took: 0,0000577 seconds
2016-11-23T12:55:31.447+0100: 1626,258: Total time for which application threads were stopped: 0,0002110 seconds, Stopping threads took: 0,0000692 seconds
2016-11-23T12:55:41.448+0100: 1636,259: Total time for which application threads were stopped: 0,0001185 seconds, Stopping threads took: 0,0000284 seconds
2016-11-23T13:07:06.549+0100: 2321,360: Total time for which application threads were stopped: 0,0001660 seconds, Stopping threads took: 0,0000664 seconds
2016-11-23T13:07:07.549+0100: 2322,360: Total time for which application threads were stopped: 0,0001287 seconds, Stopping threads took: 0,0000304 seconds
2016-11-23T13:09:37.574+0100: 2472,385: Total time for which application threads were stopped: 0,0001612 seconds, Stopping threads took: 0,0000626 seconds
2016-11-23T13:21:42.668+0100: 3197,479: Total time for which application threads were stopped: 0,0000930 seconds, Stopping threads took: 0,0000415 seconds
2016-11-23T13:25:28.534+0100: 3423,345: Total time for which application threads were stopped: 0,0001370 seconds, Stopping threads took: 0,0000237 seconds
Heap
 par new generation   total 109248K, used 58662K [0x00000000e0000000, 0x00000000e8000000, 0x00000000e8000000)
  eden space 87424K,  50% used [0x00000000e0000000, 0x00000000e2b42a60, 0x00000000e5560000)
  from space 21824K,  65% used [0x00000000e5560000, 0x00000000e6366dd0, 0x00000000e6ab0000)
  to   space 21824K,   0% used [0x00000000e6ab0000, 0x00000000e6ab0000, 0x00000000e8000000)
 concurrent mark-sweep generation total 393216K, used 0K [0x00000000e8000000, 0x0000000100000000, 0x0000000100000000)
 Metaspace       used 27188K, capacity 27659K, committed 27976K, reserved 1073152K
  class space    used 3160K, capacity 3320K, committed 3400K, reserved 1048576K
