OpenJDK 64-Bit Server VM (25.121-b13) for linux-amd64 JRE (1.8.0_121-8u121-b13-0ubuntu1.16.04.2-b13), built on Jan 23 2017 15:51:29 by "buildd" with gcc 5.4.0 20160609
Memory: 4k page, physical 7867760k(7502092k free), swap 8076284k(8076284k free)
CommandLine flags: -XX:CMSInitiatingOccupancyFraction=50 -XX:CMSMaxAbortablePrecleanTime=6000 -XX:+CMSParallelRemarkEnabled -XX:+CMSScavengeBeforeRemark -XX:ConcGCThreads=4 -XX:InitialHeapSize=536870912 -XX:MaxHeapSize=536870912 -XX:MaxTenuringThreshold=8 -XX:NewRatio=3 -XX:OldPLABSize=16 -XX:OnOutOfMemoryError=/opt/solr/bin/oom_solr.sh 8983 /var/solr/logs -XX:ParallelGCThreads=4 -XX:+ParallelRefProcEnabled -XX:PretenureSizeThreshold=67108864 -XX:+PrintGC -XX:+PrintGCApplicationStoppedTime -XX:+PrintGCDateStamps -XX:+PrintGCDetails -XX:+PrintGCTimeStamps -XX:+PrintHeapAtGC -XX:+PrintTenuringDistribution -XX:SurvivorRatio=4 -XX:TargetSurvivorRatio=90 -XX:ThreadStackSize=256 -XX:+UseCMSInitiatingOccupancyOnly -XX:+UseCompressedClassPointers -XX:+UseCompressedOops -XX:+UseConcMarkSweepGC -XX:+UseParNewGC 
2017-02-26T17:18:40.539+0100: 0,132: Total time for which application threads were stopped: 0,0000911 seconds, Stopping threads took: 0,0000102 seconds
2017-02-26T17:18:40.614+0100: 0,208: Total time for which application threads were stopped: 0,0000967 seconds, Stopping threads took: 0,0000103 seconds
2017-02-26T17:18:40.636+0100: 0,229: Total time for which application threads were stopped: 0,0000933 seconds, Stopping threads took: 0,0000106 seconds
2017-02-26T17:18:40.983+0100: 0,576: Total time for which application threads were stopped: 0,0001583 seconds, Stopping threads took: 0,0000201 seconds
2017-02-26T17:18:41.385+0100: 0,978: Total time for which application threads were stopped: 0,0001694 seconds, Stopping threads took: 0,0000208 seconds
2017-02-26T17:18:41.450+0100: 1,043: Total time for which application threads were stopped: 0,0002107 seconds, Stopping threads took: 0,0000230 seconds
2017-02-26T17:18:41.470+0100: 1,063: Total time for which application threads were stopped: 0,0002322 seconds, Stopping threads took: 0,0000502 seconds
2017-02-26T17:18:41.741+0100: 1,334: Total time for which application threads were stopped: 0,0007136 seconds, Stopping threads took: 0,0000701 seconds
2017-02-26T17:18:41.946+0100: 1,540: Total time for which application threads were stopped: 0,0002074 seconds, Stopping threads took: 0,0000154 seconds
2017-02-26T17:18:41.972+0100: 1,565: Total time for which application threads were stopped: 0,0001943 seconds, Stopping threads took: 0,0000176 seconds
2017-02-26T17:18:42.007+0100: 1,600: Total time for which application threads were stopped: 0,0002104 seconds, Stopping threads took: 0,0000202 seconds
2017-02-26T17:18:42.008+0100: 1,601: Total time for which application threads were stopped: 0,0001734 seconds, Stopping threads took: 0,0000233 seconds
2017-02-26T17:18:42.026+0100: 1,619: Total time for which application threads were stopped: 0,0002648 seconds, Stopping threads took: 0,0000209 seconds
2017-02-26T17:18:42.138+0100: 1,732: Total time for which application threads were stopped: 0,0002469 seconds, Stopping threads took: 0,0000200 seconds
2017-02-26T17:18:42.295+0100: 1,888: Total time for which application threads were stopped: 0,0004270 seconds, Stopping threads took: 0,0002074 seconds
{Heap before GC invocations=0 (full 0):
 par new generation   total 109248K, used 87424K [0x00000000e0000000, 0x00000000e8000000, 0x00000000e8000000)
  eden space 87424K, 100% used [0x00000000e0000000, 0x00000000e5560000, 0x00000000e5560000)
  from space 21824K,   0% used [0x00000000e5560000, 0x00000000e5560000, 0x00000000e6ab0000)
  to   space 21824K,   0% used [0x00000000e6ab0000, 0x00000000e6ab0000, 0x00000000e8000000)
 concurrent mark-sweep generation total 393216K, used 0K [0x00000000e8000000, 0x0000000100000000, 0x0000000100000000)
 Metaspace       used 18076K, capacity 18400K, committed 18688K, reserved 1064960K
  class space    used 2043K, capacity 2196K, committed 2304K, reserved 1048576K
2017-02-26T17:18:42.393+0100: 1,986: [GC (Allocation Failure) 2017-02-26T17:18:42.393+0100: 1,986: [ParNew
Desired survivor size 20112992 bytes, new threshold 8 (max 8)
- age   1:   12623264 bytes,   12623264 total
: 87424K->12428K(109248K), 0,0174240 secs] 87424K->12428K(502464K), 0,0175178 secs] [Times: user=0,05 sys=0,00, real=0,02 secs] 
Heap after GC invocations=1 (full 0):
 par new generation   total 109248K, used 12428K [0x00000000e0000000, 0x00000000e8000000, 0x00000000e8000000)
  eden space 87424K,   0% used [0x00000000e0000000, 0x00000000e0000000, 0x00000000e5560000)
  from space 21824K,  56% used [0x00000000e6ab0000, 0x00000000e76d3398, 0x00000000e8000000)
  to   space 21824K,   0% used [0x00000000e5560000, 0x00000000e5560000, 0x00000000e6ab0000)
 concurrent mark-sweep generation total 393216K, used 0K [0x00000000e8000000, 0x0000000100000000, 0x0000000100000000)
 Metaspace       used 18076K, capacity 18400K, committed 18688K, reserved 1064960K
  class space    used 2043K, capacity 2196K, committed 2304K, reserved 1048576K
}
2017-02-26T17:18:42.410+0100: 2,003: Total time for which application threads were stopped: 0,0177646 seconds, Stopping threads took: 0,0000225 seconds
2017-02-26T17:18:42.694+0100: 2,287: Total time for which application threads were stopped: 0,0028444 seconds, Stopping threads took: 0,0025141 seconds
2017-02-26T17:18:42.732+0100: 2,325: Total time for which application threads were stopped: 0,0003706 seconds, Stopping threads took: 0,0000592 seconds
{Heap before GC invocations=1 (full 0):
 par new generation   total 109248K, used 99852K [0x00000000e0000000, 0x00000000e8000000, 0x00000000e8000000)
  eden space 87424K, 100% used [0x00000000e0000000, 0x00000000e5560000, 0x00000000e5560000)
  from space 21824K,  56% used [0x00000000e6ab0000, 0x00000000e76d3398, 0x00000000e8000000)
  to   space 21824K,   0% used [0x00000000e5560000, 0x00000000e5560000, 0x00000000e6ab0000)
 concurrent mark-sweep generation total 393216K, used 0K [0x00000000e8000000, 0x0000000100000000, 0x0000000100000000)
 Metaspace       used 20076K, capacity 20436K, committed 20736K, reserved 1067008K
  class space    used 2299K, capacity 2472K, committed 2560K, reserved 1048576K
2017-02-26T17:18:42.736+0100: 2,329: [GC (Allocation Failure) 2017-02-26T17:18:42.736+0100: 2,329: [ParNew
Desired survivor size 20112992 bytes, new threshold 8 (max 8)
- age   1:    3582880 bytes,    3582880 total
- age   2:    6672840 bytes,   10255720 total
: 99852K->13722K(109248K), 0,0144631 secs] 99852K->13722K(502464K), 0,0145385 secs] [Times: user=0,05 sys=0,00, real=0,01 secs] 
Heap after GC invocations=2 (full 0):
 par new generation   total 109248K, used 13722K [0x00000000e0000000, 0x00000000e8000000, 0x00000000e8000000)
  eden space 87424K,   0% used [0x00000000e0000000, 0x00000000e0000000, 0x00000000e5560000)
  from space 21824K,  62% used [0x00000000e5560000, 0x00000000e62c69a0, 0x00000000e6ab0000)
  to   space 21824K,   0% used [0x00000000e6ab0000, 0x00000000e6ab0000, 0x00000000e8000000)
 concurrent mark-sweep generation total 393216K, used 0K [0x00000000e8000000, 0x0000000100000000, 0x0000000100000000)
 Metaspace       used 20076K, capacity 20436K, committed 20736K, reserved 1067008K
  class space    used 2299K, capacity 2472K, committed 2560K, reserved 1048576K
}
2017-02-26T17:18:42.750+0100: 2,344: Total time for which application threads were stopped: 0,0147475 seconds, Stopping threads took: 0,0000584 seconds
2017-02-26T17:18:42.786+0100: 2,379: Total time for which application threads were stopped: 0,0039372 seconds, Stopping threads took: 0,0036051 seconds
2017-02-26T17:18:42.907+0100: 2,500: Total time for which application threads were stopped: 0,0002005 seconds, Stopping threads took: 0,0000454 seconds
{Heap before GC invocations=2 (full 0):
 par new generation   total 109248K, used 101146K [0x00000000e0000000, 0x00000000e8000000, 0x00000000e8000000)
  eden space 87424K, 100% used [0x00000000e0000000, 0x00000000e5560000, 0x00000000e5560000)
  from space 21824K,  62% used [0x00000000e5560000, 0x00000000e62c69a0, 0x00000000e6ab0000)
  to   space 21824K,   0% used [0x00000000e6ab0000, 0x00000000e6ab0000, 0x00000000e8000000)
 concurrent mark-sweep generation total 393216K, used 0K [0x00000000e8000000, 0x0000000100000000, 0x0000000100000000)
 Metaspace       used 20991K, capacity 21300K, committed 21628K, reserved 1069056K
  class space    used 2421K, capacity 2592K, committed 2684K, reserved 1048576K
2017-02-26T17:18:42.952+0100: 2,545: [GC (Allocation Failure) 2017-02-26T17:18:42.952+0100: 2,545: [ParNew
Desired survivor size 20112992 bytes, new threshold 8 (max 8)
- age   1:    2139968 bytes,    2139968 total
- age   2:     848968 bytes,    2988936 total
- age   3:    6665720 bytes,    9654656 total
: 101146K->11432K(109248K), 0,0164922 secs] 101146K->11432K(502464K), 0,0165727 secs] [Times: user=0,05 sys=0,00, real=0,02 secs] 
Heap after GC invocations=3 (full 0):
 par new generation   total 109248K, used 11432K [0x00000000e0000000, 0x00000000e8000000, 0x00000000e8000000)
  eden space 87424K,   0% used [0x00000000e0000000, 0x00000000e0000000, 0x00000000e5560000)
  from space 21824K,  52% used [0x00000000e6ab0000, 0x00000000e75da080, 0x00000000e8000000)
  to   space 21824K,   0% used [0x00000000e5560000, 0x00000000e5560000, 0x00000000e6ab0000)
 concurrent mark-sweep generation total 393216K, used 0K [0x00000000e8000000, 0x0000000100000000, 0x0000000100000000)
 Metaspace       used 20991K, capacity 21300K, committed 21628K, reserved 1069056K
  class space    used 2421K, capacity 2592K, committed 2684K, reserved 1048576K
}
2017-02-26T17:18:42.969+0100: 2,562: Total time for which application threads were stopped: 0,0172016 seconds, Stopping threads took: 0,0004934 seconds
2017-02-26T17:18:42.972+0100: 2,565: [GC (CMS Initial Mark) [1 CMS-initial-mark: 0K(393216K)] 12853K(502464K), 0,0042608 secs] [Times: user=0,01 sys=0,00, real=0,01 secs] 
2017-02-26T17:18:42.976+0100: 2,570: Total time for which application threads were stopped: 0,0075104 seconds, Stopping threads took: 0,0031534 seconds
2017-02-26T17:18:42.976+0100: 2,570: [CMS-concurrent-mark-start]
2017-02-26T17:18:42.977+0100: 2,570: [CMS-concurrent-mark: 0,000/0,000 secs] [Times: user=0,01 sys=0,00, real=0,00 secs] 
2017-02-26T17:18:42.977+0100: 2,570: [CMS-concurrent-preclean-start]
2017-02-26T17:18:42.978+0100: 2,571: [CMS-concurrent-preclean: 0,001/0,001 secs] [Times: user=0,00 sys=0,00, real=0,00 secs] 
2017-02-26T17:18:42.978+0100: 2,572: [CMS-concurrent-abortable-preclean-start]
2017-02-26T17:18:43.042+0100: 2,635: Total time for which application threads were stopped: 0,0001134 seconds, Stopping threads took: 0,0000229 seconds
2017-02-26T17:18:43.043+0100: 2,636: Total time for which application threads were stopped: 0,0000597 seconds, Stopping threads took: 0,0000148 seconds
{Heap before GC invocations=3 (full 1):
 par new generation   total 109248K, used 98856K [0x00000000e0000000, 0x00000000e8000000, 0x00000000e8000000)
  eden space 87424K, 100% used [0x00000000e0000000, 0x00000000e5560000, 0x00000000e5560000)
  from space 21824K,  52% used [0x00000000e6ab0000, 0x00000000e75da080, 0x00000000e8000000)
  to   space 21824K,   0% used [0x00000000e5560000, 0x00000000e5560000, 0x00000000e6ab0000)
 concurrent mark-sweep generation total 393216K, used 0K [0x00000000e8000000, 0x0000000100000000, 0x0000000100000000)
 Metaspace       used 21268K, capacity 21640K, committed 21884K, reserved 1069056K
  class space    used 2450K, capacity 2607K, committed 2684K, reserved 1048576K
2017-02-26T17:18:43.088+0100: 2,682: [GC (Allocation Failure) 2017-02-26T17:18:43.089+0100: 2,682: [ParNew
Desired survivor size 20112992 bytes, new threshold 8 (max 8)
- age   1:    1380944 bytes,    1380944 total
- age   2:    1453680 bytes,    2834624 total
- age   3:     813592 bytes,    3648216 total
- age   4:    6665800 bytes,   10314016 total
: 98856K->14875K(109248K), 0,0099727 secs] 98856K->14875K(502464K), 0,0100474 secs] [Times: user=0,04 sys=0,00, real=0,01 secs] 
Heap after GC invocations=4 (full 1):
 par new generation   total 109248K, used 14875K [0x00000000e0000000, 0x00000000e8000000, 0x00000000e8000000)
  eden space 87424K,   0% used [0x00000000e0000000, 0x00000000e0000000, 0x00000000e5560000)
  from space 21824K,  68% used [0x00000000e5560000, 0x00000000e63e6e30, 0x00000000e6ab0000)
  to   space 21824K,   0% used [0x00000000e6ab0000, 0x00000000e6ab0000, 0x00000000e8000000)
 concurrent mark-sweep generation total 393216K, used 0K [0x00000000e8000000, 0x0000000100000000, 0x0000000100000000)
 Metaspace       used 21268K, capacity 21640K, committed 21884K, reserved 1069056K
  class space    used 2450K, capacity 2607K, committed 2684K, reserved 1048576K
}
2017-02-26T17:18:43.099+0100: 2,692: Total time for which application threads were stopped: 0,0102676 seconds, Stopping threads took: 0,0000844 seconds
2017-02-26T17:18:43.099+0100: 2,692: [CMS-concurrent-abortable-preclean: 0,065/0,120 secs] [Times: user=0,44 sys=0,01, real=0,12 secs] 
2017-02-26T17:18:43.099+0100: 2,692: [GC (CMS Final Remark) [YG occupancy: 15564 K (109248 K)]{Heap before GC invocations=4 (full 1):
 par new generation   total 109248K, used 15564K [0x00000000e0000000, 0x00000000e8000000, 0x00000000e8000000)
  eden space 87424K,   0% used [0x00000000e0000000, 0x00000000e00ac590, 0x00000000e5560000)
  from space 21824K,  68% used [0x00000000e5560000, 0x00000000e63e6e30, 0x00000000e6ab0000)
  to   space 21824K,   0% used [0x00000000e6ab0000, 0x00000000e6ab0000, 0x00000000e8000000)
 concurrent mark-sweep generation total 393216K, used 0K [0x00000000e8000000, 0x0000000100000000, 0x0000000100000000)
 Metaspace       used 21268K, capacity 21640K, committed 21884K, reserved 1069056K
  class space    used 2450K, capacity 2607K, committed 2684K, reserved 1048576K
2017-02-26T17:18:43.099+0100: 2,692: [GC (CMS Final Remark) 2017-02-26T17:18:43.099+0100: 2,692: [ParNew
Desired survivor size 20112992 bytes, new threshold 8 (max 8)
- age   1:      32896 bytes,      32896 total
- age   2:    1196840 bytes,    1229736 total
- age   3:    1453680 bytes,    2683416 total
- age   4:     813592 bytes,    3497008 total
- age   5:    6673976 bytes,   10170984 total
: 15564K->13279K(109248K), 0,0097051 secs] 15564K->13279K(502464K), 0,0097469 secs] [Times: user=0,03 sys=0,00, real=0,01 secs] 
Heap after GC invocations=5 (full 1):
 par new generation   total 109248K, used 13279K [0x00000000e0000000, 0x00000000e8000000, 0x00000000e8000000)
  eden space 87424K,   0% used [0x00000000e0000000, 0x00000000e0000000, 0x00000000e5560000)
  from space 21824K,  60% used [0x00000000e6ab0000, 0x00000000e77a7f20, 0x00000000e8000000)
  to   space 21824K,   0% used [0x00000000e5560000, 0x00000000e5560000, 0x00000000e6ab0000)
 concurrent mark-sweep generation total 393216K, used 0K [0x00000000e8000000, 0x0000000100000000, 0x0000000100000000)
 Metaspace       used 21268K, capacity 21640K, committed 21884K, reserved 1069056K
  class space    used 2450K, capacity 2607K, committed 2684K, reserved 1048576K
}
2017-02-26T17:18:43.109+0100: 2,702: [Rescan (parallel) , 0,0038282 secs]2017-02-26T17:18:43.113+0100: 2,706: [weak refs processing, 0,0003933 secs]2017-02-26T17:18:43.113+0100: 2,706: [class unloading, 0,0028617 secs]2017-02-26T17:18:43.116+0100: 2,709: [scrub symbol table, 0,0025293 secs]2017-02-26T17:18:43.118+0100: 2,712: [scrub string table, 0,0003887 secs][1 CMS-remark: 0K(393216K)] 13279K(502464K), 0,0204318 secs] [Times: user=0,05 sys=0,00, real=0,02 secs] 
2017-02-26T17:18:43.119+0100: 2,713: Total time for which application threads were stopped: 0,0205453 seconds, Stopping threads took: 0,0000331 seconds
2017-02-26T17:18:43.119+0100: 2,713: [CMS-concurrent-sweep-start]
2017-02-26T17:18:43.119+0100: 2,713: [CMS-concurrent-sweep: 0,000/0,000 secs] [Times: user=0,00 sys=0,00, real=0,00 secs] 
2017-02-26T17:18:43.119+0100: 2,713: [CMS-concurrent-reset-start]
2017-02-26T17:18:43.122+0100: 2,715: [CMS-concurrent-reset: 0,002/0,002 secs] [Times: user=0,01 sys=0,00, real=0,00 secs] 
{Heap before GC invocations=5 (full 1):
 par new generation   total 109248K, used 100703K [0x00000000e0000000, 0x00000000e8000000, 0x00000000e8000000)
  eden space 87424K, 100% used [0x00000000e0000000, 0x00000000e5560000, 0x00000000e5560000)
  from space 21824K,  60% used [0x00000000e6ab0000, 0x00000000e77a7f20, 0x00000000e8000000)
  to   space 21824K,   0% used [0x00000000e5560000, 0x00000000e5560000, 0x00000000e6ab0000)
 concurrent mark-sweep generation total 393216K, used 0K [0x00000000e8000000, 0x0000000100000000, 0x0000000100000000)
 Metaspace       used 21398K, capacity 21800K, committed 21884K, reserved 1069056K
  class space    used 2470K, capacity 2639K, committed 2684K, reserved 1048576K
2017-02-26T17:18:43.202+0100: 2,795: [GC (Allocation Failure) 2017-02-26T17:18:43.202+0100: 2,795: [ParNew
Desired survivor size 20112992 bytes, new threshold 8 (max 8)
- age   1:     805288 bytes,     805288 total
- age   3:     186288 bytes,     991576 total
- age   4:    1453560 bytes,    2445136 total
- age   5:     813480 bytes,    3258616 total
- age   6:    6665840 bytes,    9924456 total
: 100703K->11693K(109248K), 0,0101688 secs] 100703K->11693K(502464K), 0,0102489 secs] [Times: user=0,04 sys=0,00, real=0,01 secs] 
Heap after GC invocations=6 (full 1):
 par new generation   total 109248K, used 11693K [0x00000000e0000000, 0x00000000e8000000, 0x00000000e8000000)
  eden space 87424K,   0% used [0x00000000e0000000, 0x00000000e0000000, 0x00000000e5560000)
  from space 21824K,  53% used [0x00000000e5560000, 0x00000000e60cb6f8, 0x00000000e6ab0000)
  to   space 21824K,   0% used [0x00000000e6ab0000, 0x00000000e6ab0000, 0x00000000e8000000)
 concurrent mark-sweep generation total 393216K, used 0K [0x00000000e8000000, 0x0000000100000000, 0x0000000100000000)
 Metaspace       used 21398K, capacity 21800K, committed 21884K, reserved 1069056K
  class space    used 2470K, capacity 2639K, committed 2684K, reserved 1048576K
}
2017-02-26T17:18:43.212+0100: 2,805: Total time for which application threads were stopped: 0,0104820 seconds, Stopping threads took: 0,0000899 seconds
2017-02-26T17:18:43.248+0100: 2,841: Total time for which application threads were stopped: 0,0002990 seconds, Stopping threads took: 0,0000172 seconds
2017-02-26T17:18:43.434+0100: 3,028: Total time for which application threads were stopped: 0,0005168 seconds, Stopping threads took: 0,0000496 seconds
2017-02-26T17:18:43.450+0100: 3,044: Total time for which application threads were stopped: 0,0022992 seconds, Stopping threads took: 0,0019215 seconds
{Heap before GC invocations=6 (full 1):
 par new generation   total 109248K, used 99117K [0x00000000e0000000, 0x00000000e8000000, 0x00000000e8000000)
  eden space 87424K, 100% used [0x00000000e0000000, 0x00000000e5560000, 0x00000000e5560000)
  from space 21824K,  53% used [0x00000000e5560000, 0x00000000e60cb6f8, 0x00000000e6ab0000)
  to   space 21824K,   0% used [0x00000000e6ab0000, 0x00000000e6ab0000, 0x00000000e8000000)
 concurrent mark-sweep generation total 393216K, used 0K [0x00000000e8000000, 0x0000000100000000, 0x0000000100000000)
 Metaspace       used 23937K, capacity 24410K, committed 24572K, reserved 1071104K
  class space    used 2826K, capacity 3016K, committed 3068K, reserved 1048576K
2017-02-26T17:18:43.636+0100: 3,229: [GC (Allocation Failure) 2017-02-26T17:18:43.636+0100: 3,229: [ParNew
Desired survivor size 20112992 bytes, new threshold 8 (max 8)
- age   1:    4781352 bytes,    4781352 total
- age   2:     115432 bytes,    4896784 total
- age   4:     184904 bytes,    5081688 total
- age   5:     283440 bytes,    5365128 total
- age   6:     789120 bytes,    6154248 total
- age   7:    6657528 bytes,   12811776 total
: 99117K->14994K(109248K), 0,0125159 secs] 99117K->14994K(502464K), 0,0125982 secs] [Times: user=0,04 sys=0,00, real=0,01 secs] 
Heap after GC invocations=7 (full 1):
 par new generation   total 109248K, used 14994K [0x00000000e0000000, 0x00000000e8000000, 0x00000000e8000000)
  eden space 87424K,   0% used [0x00000000e0000000, 0x00000000e0000000, 0x00000000e5560000)
  from space 21824K,  68% used [0x00000000e6ab0000, 0x00000000e79548a8, 0x00000000e8000000)
  to   space 21824K,   0% used [0x00000000e5560000, 0x00000000e5560000, 0x00000000e6ab0000)
 concurrent mark-sweep generation total 393216K, used 0K [0x00000000e8000000, 0x0000000100000000, 0x0000000100000000)
 Metaspace       used 23937K, capacity 24410K, committed 24572K, reserved 1071104K
  class space    used 2826K, capacity 3016K, committed 3068K, reserved 1048576K
}
2017-02-26T17:18:43.649+0100: 3,242: Total time for which application threads were stopped: 0,0128698 seconds, Stopping threads took: 0,0000541 seconds
{Heap before GC invocations=7 (full 1):
 par new generation   total 109248K, used 102418K [0x00000000e0000000, 0x00000000e8000000, 0x00000000e8000000)
  eden space 87424K, 100% used [0x00000000e0000000, 0x00000000e5560000, 0x00000000e5560000)
  from space 21824K,  68% used [0x00000000e6ab0000, 0x00000000e79548a8, 0x00000000e8000000)
  to   space 21824K,   0% used [0x00000000e5560000, 0x00000000e5560000, 0x00000000e6ab0000)
 concurrent mark-sweep generation total 393216K, used 0K [0x00000000e8000000, 0x0000000100000000, 0x0000000100000000)
 Metaspace       used 25003K, capacity 25456K, committed 25724K, reserved 1071104K
  class space    used 2913K, capacity 3084K, committed 3196K, reserved 1048576K
2017-02-26T17:18:43.819+0100: 3,412: [GC (Allocation Failure) 2017-02-26T17:18:43.819+0100: 3,412: [ParNew
Desired survivor size 20112992 bytes, new threshold 8 (max 8)
- age   1:    1653192 bytes,    1653192 total
- age   2:    1341840 bytes,    2995032 total
- age   3:      64080 bytes,    3059112 total
- age   5:     103792 bytes,    3162904 total
- age   6:     182816 bytes,    3345720 total
- age   7:     745368 bytes,    4091088 total
- age   8:    6122592 bytes,   10213680 total
: 102418K->14406K(109248K), 0,0135778 secs] 102418K->14406K(502464K), 0,0136604 secs] [Times: user=0,05 sys=0,00, real=0,01 secs] 
Heap after GC invocations=8 (full 1):
 par new generation   total 109248K, used 14406K [0x00000000e0000000, 0x00000000e8000000, 0x00000000e8000000)
  eden space 87424K,   0% used [0x00000000e0000000, 0x00000000e0000000, 0x00000000e5560000)
  from space 21824K,  66% used [0x00000000e5560000, 0x00000000e6371bf8, 0x00000000e6ab0000)
  to   space 21824K,   0% used [0x00000000e6ab0000, 0x00000000e6ab0000, 0x00000000e8000000)
 concurrent mark-sweep generation total 393216K, used 0K [0x00000000e8000000, 0x0000000100000000, 0x0000000100000000)
 Metaspace       used 25003K, capacity 25456K, committed 25724K, reserved 1071104K
  class space    used 2913K, capacity 3084K, committed 3196K, reserved 1048576K
}
2017-02-26T17:18:43.833+0100: 3,426: Total time for which application threads were stopped: 0,0139494 seconds, Stopping threads took: 0,0001012 seconds
2017-02-26T17:18:44.049+0100: 3,642: Total time for which application threads were stopped: 0,0024363 seconds, Stopping threads took: 0,0014151 seconds
2017-02-26T17:18:44.071+0100: 3,664: Total time for which application threads were stopped: 0,0004979 seconds, Stopping threads took: 0,0000363 seconds
2017-02-26T17:18:44.163+0100: 3,756: Total time for which application threads were stopped: 0,0012794 seconds, Stopping threads took: 0,0008285 seconds
2017-02-26T17:18:44.269+0100: 3,863: Total time for which application threads were stopped: 0,0004851 seconds, Stopping threads took: 0,0000370 seconds
2017-02-26T17:18:44.455+0100: 4,048: Total time for which application threads were stopped: 0,0004517 seconds, Stopping threads took: 0,0000305 seconds
2017-02-26T17:20:42.468+0100: 122,061: Total time for which application threads were stopped: 0,0001001 seconds, Stopping threads took: 0,0000373 seconds
2017-02-26T17:20:47.469+0100: 127,062: Total time for which application threads were stopped: 0,0000803 seconds, Stopping threads took: 0,0000306 seconds
2017-02-26T17:42:21.628+0100: 1421,222: Total time for which application threads were stopped: 0,0001132 seconds, Stopping threads took: 0,0000412 seconds
2017-02-26T17:43:34.373+0100: 1493,966: Total time for which application threads were stopped: 0,0001479 seconds, Stopping threads took: 0,0000315 seconds
2017-02-26T17:43:34.377+0100: 1493,970: Total time for which application threads were stopped: 0,0001345 seconds, Stopping threads took: 0,0000333 seconds
Heap
 par new generation   total 109248K, used 86305K [0x00000000e0000000, 0x00000000e8000000, 0x00000000e8000000)
  eden space 87424K,  82% used [0x00000000e0000000, 0x00000000e4636a80, 0x00000000e5560000)
  from space 21824K,  66% used [0x00000000e5560000, 0x00000000e6371bf8, 0x00000000e6ab0000)
  to   space 21824K,   0% used [0x00000000e6ab0000, 0x00000000e6ab0000, 0x00000000e8000000)
 concurrent mark-sweep generation total 393216K, used 0K [0x00000000e8000000, 0x0000000100000000, 0x0000000100000000)
 Metaspace       used 28111K, capacity 28662K, committed 28796K, reserved 1075200K
  class space    used 3228K, capacity 3423K, committed 3452K, reserved 1048576K
