OpenJDK 64-Bit Server VM (25.121-b13) for linux-amd64 JRE (1.8.0_121-8u121-b13-0ubuntu1.16.04.2-b13), built on Jan 23 2017 15:51:29 by "buildd" with gcc 5.4.0 20160609
Memory: 4k page, physical 7867764k(7424840k free), swap 8076284k(8076284k free)
CommandLine flags: -XX:CMSInitiatingOccupancyFraction=50 -XX:CMSMaxAbortablePrecleanTime=6000 -XX:+CMSParallelRemarkEnabled -XX:+CMSScavengeBeforeRemark -XX:ConcGCThreads=4 -XX:InitialHeapSize=536870912 -XX:MaxHeapSize=536870912 -XX:MaxTenuringThreshold=8 -XX:NewRatio=3 -XX:OldPLABSize=16 -XX:OnOutOfMemoryError=/opt/solr/bin/oom_solr.sh 8983 /var/solr/logs -XX:ParallelGCThreads=4 -XX:+ParallelRefProcEnabled -XX:PretenureSizeThreshold=67108864 -XX:+PrintGC -XX:+PrintGCApplicationStoppedTime -XX:+PrintGCDateStamps -XX:+PrintGCDetails -XX:+PrintGCTimeStamps -XX:+PrintHeapAtGC -XX:+PrintTenuringDistribution -XX:SurvivorRatio=4 -XX:TargetSurvivorRatio=90 -XX:ThreadStackSize=256 -XX:+UseCMSInitiatingOccupancyOnly -XX:+UseCompressedClassPointers -XX:+UseCompressedOops -XX:+UseConcMarkSweepGC -XX:+UseParNewGC 
2017-04-27T10:59:25.001+0200: 0,172: Total time for which application threads were stopped: 0,0001089 seconds, Stopping threads took: 0,0000248 seconds
2017-04-27T10:59:25.104+0200: 0,276: Total time for which application threads were stopped: 0,0001685 seconds, Stopping threads took: 0,0000432 seconds
2017-04-27T10:59:25.132+0200: 0,304: Total time for which application threads were stopped: 0,0000982 seconds, Stopping threads took: 0,0000145 seconds
2017-04-27T10:59:25.547+0200: 0,718: Total time for which application threads were stopped: 0,0001379 seconds, Stopping threads took: 0,0000122 seconds
2017-04-27T10:59:25.955+0200: 1,126: Total time for which application threads were stopped: 0,0001307 seconds, Stopping threads took: 0,0000155 seconds
2017-04-27T10:59:26.019+0200: 1,191: Total time for which application threads were stopped: 0,0002255 seconds, Stopping threads took: 0,0000375 seconds
2017-04-27T10:59:26.043+0200: 1,215: Total time for which application threads were stopped: 0,0001908 seconds, Stopping threads took: 0,0000229 seconds
2017-04-27T10:59:26.323+0200: 1,494: Total time for which application threads were stopped: 0,0001746 seconds, Stopping threads took: 0,0000228 seconds
2017-04-27T10:59:26.592+0200: 1,764: Total time for which application threads were stopped: 0,0001993 seconds, Stopping threads took: 0,0000202 seconds
2017-04-27T10:59:26.615+0200: 1,787: Total time for which application threads were stopped: 0,0002012 seconds, Stopping threads took: 0,0000269 seconds
2017-04-27T10:59:26.642+0200: 1,814: Total time for which application threads were stopped: 0,0002208 seconds, Stopping threads took: 0,0000315 seconds
2017-04-27T10:59:26.643+0200: 1,815: Total time for which application threads were stopped: 0,0001919 seconds, Stopping threads took: 0,0000237 seconds
2017-04-27T10:59:26.657+0200: 1,829: Total time for which application threads were stopped: 0,0002044 seconds, Stopping threads took: 0,0000299 seconds
2017-04-27T10:59:26.738+0200: 1,910: Total time for which application threads were stopped: 0,0002748 seconds, Stopping threads took: 0,0000233 seconds
2017-04-27T10:59:26.915+0200: 2,087: Total time for which application threads were stopped: 0,0005655 seconds, Stopping threads took: 0,0002651 seconds
{Heap before GC invocations=0 (full 0):
 par new generation   total 109248K, used 87424K [0x00000000e0000000, 0x00000000e8000000, 0x00000000e8000000)
  eden space 87424K, 100% used [0x00000000e0000000, 0x00000000e5560000, 0x00000000e5560000)
  from space 21824K,   0% used [0x00000000e5560000, 0x00000000e5560000, 0x00000000e6ab0000)
  to   space 21824K,   0% used [0x00000000e6ab0000, 0x00000000e6ab0000, 0x00000000e8000000)
 concurrent mark-sweep generation total 393216K, used 0K [0x00000000e8000000, 0x0000000100000000, 0x0000000100000000)
 Metaspace       used 17835K, capacity 18176K, committed 18304K, reserved 1064960K
  class space    used 2023K, capacity 2164K, committed 2176K, reserved 1048576K
2017-04-27T10:59:26.971+0200: 2,143: [GC (Allocation Failure) 2017-04-27T10:59:26.971+0200: 2,143: [ParNew
Desired survivor size 20112992 bytes, new threshold 8 (max 8)
- age   1:   11719000 bytes,   11719000 total
: 87424K->11557K(109248K), 0,0148924 secs] 87424K->11557K(502464K), 0,0149862 secs] [Times: user=0,05 sys=0,00, real=0,02 secs] 
Heap after GC invocations=1 (full 0):
 par new generation   total 109248K, used 11557K [0x00000000e0000000, 0x00000000e8000000, 0x00000000e8000000)
  eden space 87424K,   0% used [0x00000000e0000000, 0x00000000e0000000, 0x00000000e5560000)
  from space 21824K,  52% used [0x00000000e6ab0000, 0x00000000e75f94e8, 0x00000000e8000000)
  to   space 21824K,   0% used [0x00000000e5560000, 0x00000000e5560000, 0x00000000e6ab0000)
 concurrent mark-sweep generation total 393216K, used 0K [0x00000000e8000000, 0x0000000100000000, 0x0000000100000000)
 Metaspace       used 17835K, capacity 18176K, committed 18304K, reserved 1064960K
  class space    used 2023K, capacity 2164K, committed 2176K, reserved 1048576K
}
2017-04-27T10:59:26.986+0200: 2,158: Total time for which application threads were stopped: 0,0192600 seconds, Stopping threads took: 0,0040973 seconds
2017-04-27T10:59:27.302+0200: 2,474: Total time for which application threads were stopped: 0,0003220 seconds, Stopping threads took: 0,0000505 seconds
{Heap before GC invocations=1 (full 0):
 par new generation   total 109248K, used 98981K [0x00000000e0000000, 0x00000000e8000000, 0x00000000e8000000)
  eden space 87424K, 100% used [0x00000000e0000000, 0x00000000e5560000, 0x00000000e5560000)
  from space 21824K,  52% used [0x00000000e6ab0000, 0x00000000e75f94e8, 0x00000000e8000000)
  to   space 21824K,   0% used [0x00000000e5560000, 0x00000000e5560000, 0x00000000e6ab0000)
 concurrent mark-sweep generation total 393216K, used 0K [0x00000000e8000000, 0x0000000100000000, 0x0000000100000000)
 Metaspace       used 20016K, capacity 20368K, committed 20736K, reserved 1067008K
  class space    used 2294K, capacity 2470K, committed 2560K, reserved 1048576K
2017-04-27T10:59:27.329+0200: 2,501: [GC (Allocation Failure) 2017-04-27T10:59:27.329+0200: 2,501: [ParNew
Desired survivor size 20112992 bytes, new threshold 8 (max 8)
- age   1:    4235080 bytes,    4235080 total
- age   2:    6249352 bytes,   10484432 total
: 98981K->12962K(109248K), 0,0162469 secs] 98981K->12962K(502464K), 0,0163134 secs] [Times: user=0,05 sys=0,01, real=0,02 secs] 
Heap after GC invocations=2 (full 0):
 par new generation   total 109248K, used 12962K [0x00000000e0000000, 0x00000000e8000000, 0x00000000e8000000)
  eden space 87424K,   0% used [0x00000000e0000000, 0x00000000e0000000, 0x00000000e5560000)
  from space 21824K,  59% used [0x00000000e5560000, 0x00000000e6208a18, 0x00000000e6ab0000)
  to   space 21824K,   0% used [0x00000000e6ab0000, 0x00000000e6ab0000, 0x00000000e8000000)
 concurrent mark-sweep generation total 393216K, used 0K [0x00000000e8000000, 0x0000000100000000, 0x0000000100000000)
 Metaspace       used 20016K, capacity 20368K, committed 20736K, reserved 1067008K
  class space    used 2294K, capacity 2470K, committed 2560K, reserved 1048576K
}
2017-04-27T10:59:27.345+0200: 2,517: Total time for which application threads were stopped: 0,0165217 seconds, Stopping threads took: 0,0000636 seconds
2017-04-27T10:59:27.359+0200: 2,530: Total time for which application threads were stopped: 0,0018064 seconds, Stopping threads took: 0,0015317 seconds
2017-04-27T10:59:27.425+0200: 2,597: Total time for which application threads were stopped: 0,0004073 seconds, Stopping threads took: 0,0000339 seconds
2017-04-27T10:59:27.554+0200: 2,726: Total time for which application threads were stopped: 0,0002406 seconds, Stopping threads took: 0,0000470 seconds
{Heap before GC invocations=2 (full 0):
 par new generation   total 109248K, used 100386K [0x00000000e0000000, 0x00000000e8000000, 0x00000000e8000000)
  eden space 87424K, 100% used [0x00000000e0000000, 0x00000000e5560000, 0x00000000e5560000)
  from space 21824K,  59% used [0x00000000e5560000, 0x00000000e6208a18, 0x00000000e6ab0000)
  to   space 21824K,   0% used [0x00000000e6ab0000, 0x00000000e6ab0000, 0x00000000e8000000)
 concurrent mark-sweep generation total 393216K, used 0K [0x00000000e8000000, 0x0000000100000000, 0x0000000100000000)
 Metaspace       used 20974K, capacity 21290K, committed 21628K, reserved 1069056K
  class space    used 2417K, capacity 2589K, committed 2684K, reserved 1048576K
2017-04-27T10:59:27.593+0200: 2,765: [GC (Allocation Failure) 2017-04-27T10:59:27.593+0200: 2,765: [ParNew
Desired survivor size 20112992 bytes, new threshold 8 (max 8)
- age   1:    2293832 bytes,    2293832 total
- age   2:    1226272 bytes,    3520104 total
- age   3:    6247384 bytes,    9767488 total
: 100386K->14296K(109248K), 0,0175249 secs] 100386K->14296K(502464K), 0,0176282 secs] [Times: user=0,07 sys=0,00, real=0,02 secs] 
Heap after GC invocations=3 (full 0):
 par new generation   total 109248K, used 14296K [0x00000000e0000000, 0x00000000e8000000, 0x00000000e8000000)
  eden space 87424K,   0% used [0x00000000e0000000, 0x00000000e0000000, 0x00000000e5560000)
  from space 21824K,  65% used [0x00000000e6ab0000, 0x00000000e78a60e0, 0x00000000e8000000)
  to   space 21824K,   0% used [0x00000000e5560000, 0x00000000e5560000, 0x00000000e6ab0000)
 concurrent mark-sweep generation total 393216K, used 0K [0x00000000e8000000, 0x0000000100000000, 0x0000000100000000)
 Metaspace       used 20974K, capacity 21290K, committed 21628K, reserved 1069056K
  class space    used 2417K, capacity 2589K, committed 2684K, reserved 1048576K
}
2017-04-27T10:59:27.611+0200: 2,782: Total time for which application threads were stopped: 0,0178342 seconds, Stopping threads took: 0,0000555 seconds
2017-04-27T10:59:27.620+0200: 2,792: [GC (CMS Initial Mark) [1 CMS-initial-mark: 0K(393216K)] 21263K(502464K), 0,0046026 secs] [Times: user=0,02 sys=0,00, real=0,01 secs] 
2017-04-27T10:59:27.625+0200: 2,797: Total time for which application threads were stopped: 0,0063349 seconds, Stopping threads took: 0,0016277 seconds
2017-04-27T10:59:27.625+0200: 2,797: [CMS-concurrent-mark-start]
2017-04-27T10:59:27.626+0200: 2,798: [CMS-concurrent-mark: 0,001/0,001 secs] [Times: user=0,00 sys=0,00, real=0,00 secs] 
2017-04-27T10:59:27.626+0200: 2,798: [CMS-concurrent-preclean-start]
2017-04-27T10:59:27.627+0200: 2,799: [CMS-concurrent-preclean: 0,001/0,001 secs] [Times: user=0,01 sys=0,00, real=0,00 secs] 
2017-04-27T10:59:27.627+0200: 2,799: [CMS-concurrent-abortable-preclean-start]
2017-04-27T10:59:27.684+0200: 2,856: Total time for which application threads were stopped: 0,0003546 seconds, Stopping threads took: 0,0002752 seconds
{Heap before GC invocations=3 (full 1):
 par new generation   total 109248K, used 101720K [0x00000000e0000000, 0x00000000e8000000, 0x00000000e8000000)
  eden space 87424K, 100% used [0x00000000e0000000, 0x00000000e5560000, 0x00000000e5560000)
  from space 21824K,  65% used [0x00000000e6ab0000, 0x00000000e78a60e0, 0x00000000e8000000)
  to   space 21824K,   0% used [0x00000000e5560000, 0x00000000e5560000, 0x00000000e6ab0000)
 concurrent mark-sweep generation total 393216K, used 0K [0x00000000e8000000, 0x0000000100000000, 0x0000000100000000)
 Metaspace       used 21232K, capacity 21624K, committed 21884K, reserved 1069056K
  class space    used 2445K, capacity 2603K, committed 2684K, reserved 1048576K
2017-04-27T10:59:27.716+0200: 2,888: [GC (Allocation Failure) 2017-04-27T10:59:27.716+0200: 2,888: [ParNew
Desired survivor size 20112992 bytes, new threshold 8 (max 8)
- age   1:     735624 bytes,     735624 total
- age   2:    1482944 bytes,    2218568 total
- age   3:    1195320 bytes,    3413888 total
- age   4:    6247640 bytes,    9661528 total
: 101720K->11919K(109248K), 0,0089114 secs] 101720K->11919K(502464K), 0,0089722 secs] [Times: user=0,04 sys=0,00, real=0,01 secs] 
Heap after GC invocations=4 (full 1):
 par new generation   total 109248K, used 11919K [0x00000000e0000000, 0x00000000e8000000, 0x00000000e8000000)
  eden space 87424K,   0% used [0x00000000e0000000, 0x00000000e0000000, 0x00000000e5560000)
  from space 21824K,  54% used [0x00000000e5560000, 0x00000000e6103d00, 0x00000000e6ab0000)
  to   space 21824K,   0% used [0x00000000e6ab0000, 0x00000000e6ab0000, 0x00000000e8000000)
 concurrent mark-sweep generation total 393216K, used 0K [0x00000000e8000000, 0x0000000100000000, 0x0000000100000000)
 Metaspace       used 21232K, capacity 21624K, committed 21884K, reserved 1069056K
  class space    used 2445K, capacity 2603K, committed 2684K, reserved 1048576K
}
2017-04-27T10:59:27.725+0200: 2,897: Total time for which application threads were stopped: 0,0091841 seconds, Stopping threads took: 0,0000946 seconds
2017-04-27T10:59:27.725+0200: 2,897: [CMS-concurrent-abortable-preclean: 0,058/0,098 secs] [Times: user=0,37 sys=0,01, real=0,10 secs] 
2017-04-27T10:59:27.731+0200: 2,903: [GC (CMS Final Remark) [YG occupancy: 18541 K (109248 K)]{Heap before GC invocations=4 (full 1):
 par new generation   total 109248K, used 18541K [0x00000000e0000000, 0x00000000e8000000, 0x00000000e8000000)
  eden space 87424K,   7% used [0x00000000e0000000, 0x00000000e0677748, 0x00000000e5560000)
  from space 21824K,  54% used [0x00000000e5560000, 0x00000000e6103d00, 0x00000000e6ab0000)
  to   space 21824K,   0% used [0x00000000e6ab0000, 0x00000000e6ab0000, 0x00000000e8000000)
 concurrent mark-sweep generation total 393216K, used 0K [0x00000000e8000000, 0x0000000100000000, 0x0000000100000000)
 Metaspace       used 21239K, capacity 21624K, committed 21884K, reserved 1069056K
  class space    used 2446K, capacity 2603K, committed 2684K, reserved 1048576K
2017-04-27T10:59:27.731+0200: 2,903: [GC (CMS Final Remark) 2017-04-27T10:59:27.731+0200: 2,903: [ParNew
Desired survivor size 20112992 bytes, new threshold 8 (max 8)
- age   1:     367640 bytes,     367640 total
- age   2:     245200 bytes,     612840 total
- age   3:    1482848 bytes,    2095688 total
- age   4:    1193352 bytes,    3289040 total
- age   5:    6247408 bytes,    9536448 total
: 18541K->14990K(109248K), 0,0090845 secs] 18541K->14990K(502464K), 0,0091256 secs] [Times: user=0,02 sys=0,00, real=0,01 secs] 
Heap after GC invocations=5 (full 1):
 par new generation   total 109248K, used 14990K [0x00000000e0000000, 0x00000000e8000000, 0x00000000e8000000)
  eden space 87424K,   0% used [0x00000000e0000000, 0x00000000e0000000, 0x00000000e5560000)
  from space 21824K,  68% used [0x00000000e6ab0000, 0x00000000e79539c8, 0x00000000e8000000)
  to   space 21824K,   0% used [0x00000000e5560000, 0x00000000e5560000, 0x00000000e6ab0000)
 concurrent mark-sweep generation total 393216K, used 0K [0x00000000e8000000, 0x0000000100000000, 0x0000000100000000)
 Metaspace       used 21239K, capacity 21624K, committed 21884K, reserved 1069056K
  class space    used 2446K, capacity 2603K, committed 2684K, reserved 1048576K
}
2017-04-27T10:59:27.740+0200: 2,912: [Rescan (parallel) , 0,0031826 secs]2017-04-27T10:59:27.743+0200: 2,915: [weak refs processing, 0,0010472 secs]2017-04-27T10:59:27.744+0200: 2,916: [class unloading, 0,0027613 secs]2017-04-27T10:59:27.747+0200: 2,919: [scrub symbol table, 0,0032594 secs]2017-04-27T10:59:27.750+0200: 2,922: [scrub string table, 0,0004194 secs][1 CMS-remark: 0K(393216K)] 14990K(502464K), 0,0204521 secs] [Times: user=0,05 sys=0,00, real=0,02 secs] 
2017-04-27T10:59:27.751+0200: 2,923: Total time for which application threads were stopped: 0,0206006 seconds, Stopping threads took: 0,0000669 seconds
2017-04-27T10:59:27.751+0200: 2,923: [CMS-concurrent-sweep-start]
2017-04-27T10:59:27.751+0200: 2,923: [CMS-concurrent-sweep: 0,000/0,000 secs] [Times: user=0,00 sys=0,00, real=0,00 secs] 
2017-04-27T10:59:27.751+0200: 2,923: [CMS-concurrent-reset-start]
2017-04-27T10:59:27.754+0200: 2,926: [CMS-concurrent-reset: 0,002/0,002 secs] [Times: user=0,01 sys=0,00, real=0,00 secs] 
{Heap before GC invocations=5 (full 1):
 par new generation   total 109248K, used 102414K [0x00000000e0000000, 0x00000000e8000000, 0x00000000e8000000)
  eden space 87424K, 100% used [0x00000000e0000000, 0x00000000e5560000, 0x00000000e5560000)
  from space 21824K,  68% used [0x00000000e6ab0000, 0x00000000e79539c8, 0x00000000e8000000)
  to   space 21824K,   0% used [0x00000000e5560000, 0x00000000e5560000, 0x00000000e6ab0000)
 concurrent mark-sweep generation total 393216K, used 0K [0x00000000e8000000, 0x0000000100000000, 0x0000000100000000)
 Metaspace       used 21359K, capacity 21796K, committed 21884K, reserved 1069056K
  class space    used 2465K, capacity 2637K, committed 2684K, reserved 1048576K
2017-04-27T10:59:27.828+0200: 3,000: [GC (Allocation Failure) 2017-04-27T10:59:27.828+0200: 3,000: [ParNew
Desired survivor size 20112992 bytes, new threshold 8 (max 8)
- age   1:    1446264 bytes,    1446264 total
- age   2:      15024 bytes,    1461288 total
- age   3:     171640 bytes,    1632928 total
- age   4:    1482616 bytes,    3115544 total
- age   5:    1189432 bytes,    4304976 total
- age   6:    6247496 bytes,   10552472 total
: 102414K->13409K(109248K), 0,0096378 secs] 102414K->13409K(502464K), 0,0097050 secs] [Times: user=0,04 sys=0,00, real=0,01 secs] 
Heap after GC invocations=6 (full 1):
 par new generation   total 109248K, used 13409K [0x00000000e0000000, 0x00000000e8000000, 0x00000000e8000000)
  eden space 87424K,   0% used [0x00000000e0000000, 0x00000000e0000000, 0x00000000e5560000)
  from space 21824K,  61% used [0x00000000e5560000, 0x00000000e6278440, 0x00000000e6ab0000)
  to   space 21824K,   0% used [0x00000000e6ab0000, 0x00000000e6ab0000, 0x00000000e8000000)
 concurrent mark-sweep generation total 393216K, used 0K [0x00000000e8000000, 0x0000000100000000, 0x0000000100000000)
 Metaspace       used 21359K, capacity 21796K, committed 21884K, reserved 1069056K
  class space    used 2465K, capacity 2637K, committed 2684K, reserved 1048576K
}
2017-04-27T10:59:27.838+0200: 3,010: Total time for which application threads were stopped: 0,0099088 seconds, Stopping threads took: 0,0000759 seconds
2017-04-27T10:59:27.885+0200: 3,057: Total time for which application threads were stopped: 0,0003854 seconds, Stopping threads took: 0,0000350 seconds
2017-04-27T10:59:28.163+0200: 3,335: Total time for which application threads were stopped: 0,0004478 seconds, Stopping threads took: 0,0000361 seconds
2017-04-27T10:59:28.180+0200: 3,352: Total time for which application threads were stopped: 0,0003680 seconds, Stopping threads took: 0,0000402 seconds
{Heap before GC invocations=6 (full 1):
 par new generation   total 109248K, used 100833K [0x00000000e0000000, 0x00000000e8000000, 0x00000000e8000000)
  eden space 87424K, 100% used [0x00000000e0000000, 0x00000000e5560000, 0x00000000e5560000)
  from space 21824K,  61% used [0x00000000e5560000, 0x00000000e6278440, 0x00000000e6ab0000)
  to   space 21824K,   0% used [0x00000000e6ab0000, 0x00000000e6ab0000, 0x00000000e8000000)
 concurrent mark-sweep generation total 393216K, used 0K [0x00000000e8000000, 0x0000000100000000, 0x0000000100000000)
 Metaspace       used 23976K, capacity 24450K, committed 24572K, reserved 1071104K
  class space    used 2830K, capacity 3010K, committed 3068K, reserved 1048576K
2017-04-27T10:59:28.343+0200: 3,515: [GC (Allocation Failure) 2017-04-27T10:59:28.344+0200: 3,515: [ParNew
Desired survivor size 20112992 bytes, new threshold 8 (max 8)
- age   1:    5347144 bytes,    5347144 total
- age   2:     115888 bytes,    5463032 total
- age   3:      14968 bytes,    5478000 total
- age   4:     170120 bytes,    5648120 total
- age   5:     312976 bytes,    5961096 total
- age   6:    1165016 bytes,    7126112 total
- age   7:    6239368 bytes,   13365480 total
: 100833K->14945K(109248K), 0,0122064 secs] 100833K->14945K(502464K), 0,0122754 secs] [Times: user=0,04 sys=0,00, real=0,01 secs] 
Heap after GC invocations=7 (full 1):
 par new generation   total 109248K, used 14945K [0x00000000e0000000, 0x00000000e8000000, 0x00000000e8000000)
  eden space 87424K,   0% used [0x00000000e0000000, 0x00000000e0000000, 0x00000000e5560000)
  from space 21824K,  68% used [0x00000000e6ab0000, 0x00000000e7948560, 0x00000000e8000000)
  to   space 21824K,   0% used [0x00000000e5560000, 0x00000000e5560000, 0x00000000e6ab0000)
 concurrent mark-sweep generation total 393216K, used 0K [0x00000000e8000000, 0x0000000100000000, 0x0000000100000000)
 Metaspace       used 23976K, capacity 24450K, committed 24572K, reserved 1071104K
  class space    used 2830K, capacity 3010K, committed 3068K, reserved 1048576K
}
2017-04-27T10:59:28.356+0200: 3,528: Total time for which application threads were stopped: 0,0125335 seconds, Stopping threads took: 0,0000427 seconds
{Heap before GC invocations=7 (full 1):
 par new generation   total 109248K, used 102369K [0x00000000e0000000, 0x00000000e8000000, 0x00000000e8000000)
  eden space 87424K, 100% used [0x00000000e0000000, 0x00000000e5560000, 0x00000000e5560000)
  from space 21824K,  68% used [0x00000000e6ab0000, 0x00000000e7948560, 0x00000000e8000000)
  to   space 21824K,   0% used [0x00000000e5560000, 0x00000000e5560000, 0x00000000e6ab0000)
 concurrent mark-sweep generation total 393216K, used 0K [0x00000000e8000000, 0x0000000100000000, 0x0000000100000000)
 Metaspace       used 24453K, capacity 24936K, committed 25084K, reserved 1071104K
  class space    used 2860K, capacity 3043K, committed 3068K, reserved 1048576K
2017-04-27T10:59:28.472+0200: 3,644: [GC (Allocation Failure) 2017-04-27T10:59:28.472+0200: 3,644: [ParNew
Desired survivor size 20112992 bytes, new threshold 8 (max 8)
- age   1:    1678392 bytes,    1678392 total
- age   2:    1803944 bytes,    3482336 total
- age   3:      62064 bytes,    3544400 total
- age   4:       5944 bytes,    3550344 total
- age   5:      97160 bytes,    3647504 total
- age   6:     199784 bytes,    3847288 total
- age   7:     957176 bytes,    4804464 total
- age   8:    5886240 bytes,   10690704 total
: 102369K->16551K(109248K), 0,0211902 secs] 102369K->16551K(502464K), 0,0212774 secs] [Times: user=0,07 sys=0,00, real=0,02 secs] 
Heap after GC invocations=8 (full 1):
 par new generation   total 109248K, used 16551K [0x00000000e0000000, 0x00000000e8000000, 0x00000000e8000000)
  eden space 87424K,   0% used [0x00000000e0000000, 0x00000000e0000000, 0x00000000e5560000)
  from space 21824K,  75% used [0x00000000e5560000, 0x00000000e6589f00, 0x00000000e6ab0000)
  to   space 21824K,   0% used [0x00000000e6ab0000, 0x00000000e6ab0000, 0x00000000e8000000)
 concurrent mark-sweep generation total 393216K, used 0K [0x00000000e8000000, 0x0000000100000000, 0x0000000100000000)
 Metaspace       used 24453K, capacity 24936K, committed 25084K, reserved 1071104K
  class space    used 2860K, capacity 3043K, committed 3068K, reserved 1048576K
}
2017-04-27T10:59:28.493+0200: 3,665: Total time for which application threads were stopped: 0,0215360 seconds, Stopping threads took: 0,0000593 seconds
{Heap before GC invocations=8 (full 1):
 par new generation   total 109248K, used 103975K [0x00000000e0000000, 0x00000000e8000000, 0x00000000e8000000)
  eden space 87424K, 100% used [0x00000000e0000000, 0x00000000e5560000, 0x00000000e5560000)
  from space 21824K,  75% used [0x00000000e5560000, 0x00000000e6589f00, 0x00000000e6ab0000)
  to   space 21824K,   0% used [0x00000000e6ab0000, 0x00000000e6ab0000, 0x00000000e8000000)
 concurrent mark-sweep generation total 393216K, used 0K [0x00000000e8000000, 0x0000000100000000, 0x0000000100000000)
 Metaspace       used 24977K, capacity 25442K, committed 25724K, reserved 1071104K
  class space    used 2906K, capacity 3080K, committed 3196K, reserved 1048576K
2017-04-27T10:59:28.653+0200: 3,824: [GC (Allocation Failure) 2017-04-27T10:59:28.653+0200: 3,824: [ParNew
Desired survivor size 20112992 bytes, new threshold 8 (max 8)
- age   1:     904424 bytes,     904424 total
- age   2:     999672 bytes,    1904096 total
- age   3:    1770432 bytes,    3674528 total
- age   4:      59712 bytes,    3734240 total
- age   5:       5944 bytes,    3740184 total
- age   6:      96960 bytes,    3837144 total
- age   7:     199320 bytes,    4036464 total
- age   8:     956312 bytes,    4992776 total
: 103975K->6710K(109248K), 0,0285320 secs] 103975K->12541K(502464K), 0,0286033 secs] [Times: user=0,09 sys=0,00, real=0,03 secs] 
Heap after GC invocations=9 (full 1):
 par new generation   total 109248K, used 6710K [0x00000000e0000000, 0x00000000e8000000, 0x00000000e8000000)
  eden space 87424K,   0% used [0x00000000e0000000, 0x00000000e0000000, 0x00000000e5560000)
  from space 21824K,  30% used [0x00000000e6ab0000, 0x00000000e713db48, 0x00000000e8000000)
  to   space 21824K,   0% used [0x00000000e5560000, 0x00000000e5560000, 0x00000000e6ab0000)
 concurrent mark-sweep generation total 393216K, used 5830K [0x00000000e8000000, 0x0000000100000000, 0x0000000100000000)
 Metaspace       used 24977K, capacity 25442K, committed 25724K, reserved 1071104K
  class space    used 2906K, capacity 3080K, committed 3196K, reserved 1048576K
}
2017-04-27T10:59:28.681+0200: 3,853: Total time for which application threads were stopped: 0,0295498 seconds, Stopping threads took: 0,0007354 seconds
2017-04-27T10:59:28.878+0200: 4,050: Total time for which application threads were stopped: 0,0006325 seconds, Stopping threads took: 0,0001956 seconds
2017-04-27T10:59:28.892+0200: 4,064: Total time for which application threads were stopped: 0,0001329 seconds, Stopping threads took: 0,0000354 seconds
2017-04-27T10:59:28.893+0200: 4,065: Total time for which application threads were stopped: 0,0001308 seconds, Stopping threads took: 0,0000484 seconds
2017-04-27T10:59:28.893+0200: 4,065: Total time for which application threads were stopped: 0,0001119 seconds, Stopping threads took: 0,0000280 seconds
2017-04-27T10:59:28.896+0200: 4,067: Total time for which application threads were stopped: 0,0001383 seconds, Stopping threads took: 0,0000380 seconds
2017-04-27T10:59:28.896+0200: 4,068: Total time for which application threads were stopped: 0,0001132 seconds, Stopping threads took: 0,0000316 seconds
2017-04-27T10:59:28.898+0200: 4,070: Total time for which application threads were stopped: 0,0001354 seconds, Stopping threads took: 0,0000387 seconds
2017-04-27T10:59:28.915+0200: 4,087: Total time for which application threads were stopped: 0,0003120 seconds, Stopping threads took: 0,0002172 seconds
2017-04-27T10:59:28.917+0200: 4,089: Total time for which application threads were stopped: 0,0004813 seconds, Stopping threads took: 0,0000439 seconds
2017-04-27T10:59:28.919+0200: 4,091: Total time for which application threads were stopped: 0,0001156 seconds, Stopping threads took: 0,0000371 seconds
2017-04-27T10:59:28.931+0200: 4,103: Total time for which application threads were stopped: 0,0001043 seconds, Stopping threads took: 0,0000197 seconds
2017-04-27T10:59:28.932+0200: 4,104: Total time for which application threads were stopped: 0,0003546 seconds, Stopping threads took: 0,0000153 seconds
2017-04-27T10:59:28.935+0200: 4,106: Total time for which application threads were stopped: 0,0013407 seconds, Stopping threads took: 0,0012588 seconds
2017-04-27T10:59:28.938+0200: 4,110: Total time for which application threads were stopped: 0,0001739 seconds, Stopping threads took: 0,0000528 seconds
2017-04-27T10:59:28.939+0200: 4,111: Total time for which application threads were stopped: 0,0001674 seconds, Stopping threads took: 0,0000664 seconds
2017-04-27T10:59:28.941+0200: 4,113: Total time for which application threads were stopped: 0,0001245 seconds, Stopping threads took: 0,0000303 seconds
2017-04-27T10:59:28.943+0200: 4,115: Total time for which application threads were stopped: 0,0001424 seconds, Stopping threads took: 0,0000312 seconds
2017-04-27T10:59:28.946+0200: 4,118: Total time for which application threads were stopped: 0,0002684 seconds, Stopping threads took: 0,0001693 seconds
2017-04-27T10:59:28.946+0200: 4,118: Total time for which application threads were stopped: 0,0001349 seconds, Stopping threads took: 0,0000579 seconds
2017-04-27T10:59:28.947+0200: 4,119: Total time for which application threads were stopped: 0,0000796 seconds, Stopping threads took: 0,0000188 seconds
2017-04-27T10:59:28.973+0200: 4,145: Total time for which application threads were stopped: 0,0001276 seconds, Stopping threads took: 0,0000312 seconds
2017-04-27T10:59:28.974+0200: 4,146: Total time for which application threads were stopped: 0,0001277 seconds, Stopping threads took: 0,0000520 seconds
2017-04-27T10:59:28.975+0200: 4,147: Total time for which application threads were stopped: 0,0001589 seconds, Stopping threads took: 0,0000178 seconds
2017-04-27T10:59:28.978+0200: 4,150: Total time for which application threads were stopped: 0,0001191 seconds, Stopping threads took: 0,0000342 seconds
2017-04-27T10:59:28.979+0200: 4,151: Total time for which application threads were stopped: 0,0000934 seconds, Stopping threads took: 0,0000214 seconds
2017-04-27T10:59:28.980+0200: 4,152: Total time for which application threads were stopped: 0,0001241 seconds, Stopping threads took: 0,0000371 seconds
2017-04-27T10:59:28.981+0200: 4,153: Total time for which application threads were stopped: 0,0001197 seconds, Stopping threads took: 0,0000350 seconds
2017-04-27T10:59:28.985+0200: 4,157: Total time for which application threads were stopped: 0,0001226 seconds, Stopping threads took: 0,0000439 seconds
2017-04-27T10:59:28.986+0200: 4,157: Total time for which application threads were stopped: 0,0003381 seconds, Stopping threads took: 0,0000222 seconds
2017-04-27T10:59:28.986+0200: 4,158: Total time for which application threads were stopped: 0,0000766 seconds, Stopping threads took: 0,0000154 seconds
2017-04-27T10:59:28.987+0200: 4,159: Total time for which application threads were stopped: 0,0000955 seconds, Stopping threads took: 0,0000301 seconds
2017-04-27T10:59:28.987+0200: 4,159: Total time for which application threads were stopped: 0,0000595 seconds, Stopping threads took: 0,0000159 seconds
2017-04-27T10:59:28.987+0200: 4,159: Total time for which application threads were stopped: 0,0000499 seconds, Stopping threads took: 0,0000100 seconds
2017-04-27T10:59:28.987+0200: 4,159: Total time for which application threads were stopped: 0,0000603 seconds, Stopping threads took: 0,0000237 seconds
2017-04-27T10:59:28.988+0200: 4,160: Total time for which application threads were stopped: 0,0000720 seconds, Stopping threads took: 0,0000168 seconds
2017-04-27T10:59:28.994+0200: 4,166: Total time for which application threads were stopped: 0,0001344 seconds, Stopping threads took: 0,0000275 seconds
2017-04-27T10:59:28.995+0200: 4,167: Total time for which application threads were stopped: 0,0000940 seconds, Stopping threads took: 0,0000329 seconds
2017-04-27T10:59:29.003+0200: 4,174: Total time for which application threads were stopped: 0,0017032 seconds, Stopping threads took: 0,0016248 seconds
2017-04-27T10:59:29.003+0200: 4,175: Total time for which application threads were stopped: 0,0001009 seconds, Stopping threads took: 0,0000322 seconds
2017-04-27T10:59:29.004+0200: 4,176: Total time for which application threads were stopped: 0,0000960 seconds, Stopping threads took: 0,0000284 seconds
2017-04-27T10:59:29.004+0200: 4,176: Total time for which application threads were stopped: 0,0000980 seconds, Stopping threads took: 0,0000285 seconds
2017-04-27T10:59:29.007+0200: 4,178: Total time for which application threads were stopped: 0,0008473 seconds, Stopping threads took: 0,0007699 seconds
2017-04-27T10:59:29.007+0200: 4,179: Total time for which application threads were stopped: 0,0000916 seconds, Stopping threads took: 0,0000223 seconds
2017-04-27T10:59:29.007+0200: 4,179: Total time for which application threads were stopped: 0,0000795 seconds, Stopping threads took: 0,0000197 seconds
2017-04-27T10:59:29.007+0200: 4,179: Total time for which application threads were stopped: 0,0000690 seconds, Stopping threads took: 0,0000172 seconds
2017-04-27T10:59:29.007+0200: 4,179: Total time for which application threads were stopped: 0,0000673 seconds, Stopping threads took: 0,0000172 seconds
2017-04-27T10:59:29.008+0200: 4,179: Total time for which application threads were stopped: 0,0000632 seconds, Stopping threads took: 0,0000239 seconds
2017-04-27T10:59:29.008+0200: 4,180: Total time for which application threads were stopped: 0,0001405 seconds, Stopping threads took: 0,0000171 seconds
2017-04-27T10:59:29.015+0200: 4,187: Total time for which application threads were stopped: 0,0001495 seconds, Stopping threads took: 0,0000375 seconds
2017-04-27T10:59:29.018+0200: 4,189: Total time for which application threads were stopped: 0,0001427 seconds, Stopping threads took: 0,0000453 seconds
2017-04-27T10:59:29.022+0200: 4,194: Total time for which application threads were stopped: 0,0001414 seconds, Stopping threads took: 0,0000551 seconds
2017-04-27T10:59:29.036+0200: 4,208: Total time for which application threads were stopped: 0,0001511 seconds, Stopping threads took: 0,0000455 seconds
2017-04-27T10:59:29.056+0200: 4,228: Total time for which application threads were stopped: 0,0001202 seconds, Stopping threads took: 0,0000323 seconds
2017-04-27T10:59:29.071+0200: 4,242: Total time for which application threads were stopped: 0,0039397 seconds, Stopping threads took: 0,0038542 seconds
2017-04-27T10:59:29.098+0200: 4,270: Total time for which application threads were stopped: 0,0001777 seconds, Stopping threads took: 0,0000716 seconds
2017-04-27T10:59:29.099+0200: 4,271: Total time for which application threads were stopped: 0,0004196 seconds, Stopping threads took: 0,0000112 seconds
2017-04-27T10:59:29.099+0200: 4,271: Total time for which application threads were stopped: 0,0001064 seconds, Stopping threads took: 0,0000303 seconds
2017-04-27T10:59:29.103+0200: 4,275: Total time for which application threads were stopped: 0,0001247 seconds, Stopping threads took: 0,0000384 seconds
2017-04-27T10:59:30.103+0200: 5,275: Total time for which application threads were stopped: 0,0000770 seconds, Stopping threads took: 0,0000180 seconds
2017-04-27T11:01:27.120+0200: 122,291: Total time for which application threads were stopped: 0,0000908 seconds, Stopping threads took: 0,0000389 seconds
2017-04-27T11:01:32.120+0200: 127,292: Total time for which application threads were stopped: 0,0001180 seconds, Stopping threads took: 0,0000464 seconds
2017-04-27T11:02:31.127+0200: 186,299: Total time for which application threads were stopped: 0,0000875 seconds, Stopping threads took: 0,0000337 seconds
{Heap before GC invocations=9 (full 1):
 par new generation   total 109248K, used 94134K [0x00000000e0000000, 0x00000000e8000000, 0x00000000e8000000)
  eden space 87424K, 100% used [0x00000000e0000000, 0x00000000e5560000, 0x00000000e5560000)
  from space 21824K,  30% used [0x00000000e6ab0000, 0x00000000e713db48, 0x00000000e8000000)
  to   space 21824K,   0% used [0x00000000e5560000, 0x00000000e5560000, 0x00000000e6ab0000)
 concurrent mark-sweep generation total 393216K, used 5830K [0x00000000e8000000, 0x0000000100000000, 0x0000000100000000)
 Metaspace       used 28023K, capacity 28558K, committed 28796K, reserved 1075200K
  class space    used 3211K, capacity 3388K, committed 3452K, reserved 1048576K
2017-04-27T11:03:50.976+0200: 266,148: [GC (Allocation Failure) 2017-04-27T11:03:50.976+0200: 266,148: [ParNew
Desired survivor size 20112992 bytes, new threshold 8 (max 8)
- age   1:   10767576 bytes,   10767576 total
- age   2:     255968 bytes,   11023544 total
- age   3:     220352 bytes,   11243896 total
- age   4:    1765624 bytes,   13009520 total
- age   5:      59712 bytes,   13069232 total
- age   6:       5944 bytes,   13075176 total
- age   7:      96832 bytes,   13172008 total
- age   8:     199224 bytes,   13371232 total
: 94134K->14321K(109248K), 0,0175776 secs] 99965K->21202K(502464K), 0,0176504 secs] [Times: user=0,04 sys=0,00, real=0,01 secs] 
Heap after GC invocations=10 (full 1):
 par new generation   total 109248K, used 14321K [0x00000000e0000000, 0x00000000e8000000, 0x00000000e8000000)
  eden space 87424K,   0% used [0x00000000e0000000, 0x00000000e0000000, 0x00000000e5560000)
  from space 21824K,  65% used [0x00000000e5560000, 0x00000000e635c708, 0x00000000e6ab0000)
  to   space 21824K,   0% used [0x00000000e6ab0000, 0x00000000e6ab0000, 0x00000000e8000000)
 concurrent mark-sweep generation total 393216K, used 6880K [0x00000000e8000000, 0x0000000100000000, 0x0000000100000000)
 Metaspace       used 28023K, capacity 28558K, committed 28796K, reserved 1075200K
  class space    used 3211K, capacity 3388K, committed 3452K, reserved 1048576K
}
2017-04-27T11:03:50.994+0200: 266,166: Total time for which application threads were stopped: 0,0178125 seconds, Stopping threads took: 0,0000403 seconds
2017-04-27T11:03:50.999+0200: 266,170: Total time for which application threads were stopped: 0,0001783 seconds, Stopping threads took: 0,0001153 seconds
2017-04-27T11:03:50.999+0200: 266,171: Total time for which application threads were stopped: 0,0000726 seconds, Stopping threads took: 0,0000310 seconds
2017-04-27T11:04:01.000+0200: 276,172: Total time for which application threads were stopped: 0,0000810 seconds, Stopping threads took: 0,0000322 seconds
2017-04-27T11:18:49.347+0200: 1164,519: Total time for which application threads were stopped: 0,0000985 seconds, Stopping threads took: 0,0000276 seconds
2017-04-27T11:18:49.362+0200: 1164,534: Total time for which application threads were stopped: 0,0128800 seconds, Stopping threads took: 0,0128014 seconds
2017-04-27T11:18:49.375+0200: 1164,547: Total time for which application threads were stopped: 0,0000944 seconds, Stopping threads took: 0,0000144 seconds
2017-04-27T11:18:49.376+0200: 1164,547: Total time for which application threads were stopped: 0,0000634 seconds, Stopping threads took: 0,0000114 seconds
2017-04-27T11:18:49.376+0200: 1164,547: Total time for which application threads were stopped: 0,0000500 seconds, Stopping threads took: 0,0000070 seconds
2017-04-27T11:18:49.376+0200: 1164,548: Total time for which application threads were stopped: 0,0000419 seconds, Stopping threads took: 0,0000060 seconds
2017-04-27T11:18:49.377+0200: 1164,549: Total time for which application threads were stopped: 0,0000844 seconds, Stopping threads took: 0,0000165 seconds
2017-04-27T11:18:49.388+0200: 1164,560: Total time for which application threads were stopped: 0,0041744 seconds, Stopping threads took: 0,0040855 seconds
2017-04-27T11:18:49.406+0200: 1164,578: Total time for which application threads were stopped: 0,0000786 seconds, Stopping threads took: 0,0000149 seconds
2017-04-27T11:18:49.415+0200: 1164,586: Total time for which application threads were stopped: 0,0001038 seconds, Stopping threads took: 0,0000195 seconds
2017-04-27T11:18:49.418+0200: 1164,589: Total time for which application threads were stopped: 0,0000992 seconds, Stopping threads took: 0,0000203 seconds
2017-04-27T11:18:49.420+0200: 1164,592: Total time for which application threads were stopped: 0,0001284 seconds, Stopping threads took: 0,0000435 seconds
2017-04-27T11:18:49.424+0200: 1164,596: Total time for which application threads were stopped: 0,0001581 seconds, Stopping threads took: 0,0000760 seconds
2017-04-27T11:18:49.427+0200: 1164,599: Total time for which application threads were stopped: 0,0000767 seconds, Stopping threads took: 0,0000142 seconds
2017-04-27T11:18:49.427+0200: 1164,599: Total time for which application threads were stopped: 0,0000487 seconds, Stopping threads took: 0,0000131 seconds
2017-04-27T11:18:49.427+0200: 1164,599: Total time for which application threads were stopped: 0,0000555 seconds, Stopping threads took: 0,0000223 seconds
2017-04-27T11:18:49.428+0200: 1164,599: Total time for which application threads were stopped: 0,0000495 seconds, Stopping threads took: 0,0000178 seconds
2017-04-27T11:18:49.428+0200: 1164,600: Total time for which application threads were stopped: 0,0000433 seconds, Stopping threads took: 0,0000093 seconds
2017-04-27T11:18:49.431+0200: 1164,602: Total time for which application threads were stopped: 0,0001043 seconds, Stopping threads took: 0,0000366 seconds
2017-04-27T11:18:49.431+0200: 1164,603: Total time for which application threads were stopped: 0,0000749 seconds, Stopping threads took: 0,0000298 seconds
2017-04-27T11:18:49.431+0200: 1164,603: Total time for which application threads were stopped: 0,0000643 seconds, Stopping threads took: 0,0000192 seconds
2017-04-27T11:18:49.431+0200: 1164,603: Total time for which application threads were stopped: 0,0000448 seconds, Stopping threads took: 0,0000156 seconds
2017-04-27T11:18:49.431+0200: 1164,603: Total time for which application threads were stopped: 0,0000279 seconds, Stopping threads took: 0,0000046 seconds
2017-04-27T11:18:49.433+0200: 1164,604: Total time for which application threads were stopped: 0,0009409 seconds, Stopping threads took: 0,0008904 seconds
2017-04-27T11:18:49.433+0200: 1164,605: Total time for which application threads were stopped: 0,0000555 seconds, Stopping threads took: 0,0000219 seconds
2017-04-27T11:18:49.435+0200: 1164,607: Total time for which application threads were stopped: 0,0013779 seconds, Stopping threads took: 0,0013061 seconds
2017-04-27T11:18:49.439+0200: 1164,611: Total time for which application threads were stopped: 0,0001001 seconds, Stopping threads took: 0,0000316 seconds
2017-04-27T11:18:49.439+0200: 1164,611: Total time for which application threads were stopped: 0,0000494 seconds, Stopping threads took: 0,0000111 seconds
2017-04-27T11:18:49.440+0200: 1164,611: Total time for which application threads were stopped: 0,0000615 seconds, Stopping threads took: 0,0000131 seconds
2017-04-27T11:18:49.441+0200: 1164,613: Total time for which application threads were stopped: 0,0001336 seconds, Stopping threads took: 0,0000571 seconds
2017-04-27T11:18:49.442+0200: 1164,614: Total time for which application threads were stopped: 0,0001219 seconds, Stopping threads took: 0,0000401 seconds
2017-04-27T11:18:49.445+0200: 1164,617: Total time for which application threads were stopped: 0,0000674 seconds, Stopping threads took: 0,0000161 seconds
2017-04-27T11:18:49.445+0200: 1164,617: Total time for which application threads were stopped: 0,0000348 seconds, Stopping threads took: 0,0000070 seconds
2017-04-27T11:18:49.445+0200: 1164,617: Total time for which application threads were stopped: 0,0000285 seconds, Stopping threads took: 0,0000070 seconds
2017-04-27T11:18:49.445+0200: 1164,617: Total time for which application threads were stopped: 0,0000272 seconds, Stopping threads took: 0,0000054 seconds
2017-04-27T11:18:49.445+0200: 1164,617: Total time for which application threads were stopped: 0,0000523 seconds, Stopping threads took: 0,0000132 seconds
2017-04-27T11:18:49.446+0200: 1164,617: Total time for which application threads were stopped: 0,0000906 seconds, Stopping threads took: 0,0000464 seconds
2017-04-27T11:18:49.446+0200: 1164,618: Total time for which application threads were stopped: 0,0001413 seconds, Stopping threads took: 0,0000155 seconds
2017-04-27T11:18:49.447+0200: 1164,619: Total time for which application threads were stopped: 0,0000521 seconds, Stopping threads took: 0,0000125 seconds
2017-04-27T11:18:49.447+0200: 1164,619: Total time for which application threads were stopped: 0,0000762 seconds, Stopping threads took: 0,0000089 seconds
Heap
 par new generation   total 109248K, used 34646K [0x00000000e0000000, 0x00000000e8000000, 0x00000000e8000000)
  eden space 87424K,  23% used [0x00000000e0000000, 0x00000000e13d9290, 0x00000000e5560000)
  from space 21824K,  65% used [0x00000000e5560000, 0x00000000e635c708, 0x00000000e6ab0000)
  to   space 21824K,   0% used [0x00000000e6ab0000, 0x00000000e6ab0000, 0x00000000e8000000)
 concurrent mark-sweep generation total 393216K, used 6880K [0x00000000e8000000, 0x0000000100000000, 0x0000000100000000)
 Metaspace       used 28136K, capacity 28726K, committed 28796K, reserved 1075200K
  class space    used 3225K, capacity 3422K, committed 3452K, reserved 1048576K
