OpenJDK 64-Bit Server VM (25.111-b14) for linux-amd64 JRE (1.8.0_111-8u111-b14-2ubuntu0.16.04.2-b14), built on Oct 27 2016 18:10:19 by "buildd" with gcc 5.4.0 20160609
Memory: 4k page, physical 7867840k(7550876k free), swap 8076284k(8076284k free)
CommandLine flags: -XX:CMSInitiatingOccupancyFraction=50 -XX:CMSMaxAbortablePrecleanTime=6000 -XX:+CMSParallelRemarkEnabled -XX:+CMSScavengeBeforeRemark -XX:ConcGCThreads=4 -XX:InitialHeapSize=536870912 -XX:MaxHeapSize=536870912 -XX:MaxTenuringThreshold=8 -XX:NewRatio=3 -XX:OldPLABSize=16 -XX:OnOutOfMemoryError=/opt/solr/bin/oom_solr.sh 8983 /var/solr/logs -XX:ParallelGCThreads=4 -XX:+ParallelRefProcEnabled -XX:PretenureSizeThreshold=67108864 -XX:+PrintGC -XX:+PrintGCApplicationStoppedTime -XX:+PrintGCDateStamps -XX:+PrintGCDetails -XX:+PrintGCTimeStamps -XX:+PrintHeapAtGC -XX:+PrintTenuringDistribution -XX:SurvivorRatio=4 -XX:TargetSurvivorRatio=90 -XX:ThreadStackSize=256 -XX:+UseCMSInitiatingOccupancyOnly -XX:+UseCompressedClassPointers -XX:+UseCompressedOops -XX:+UseConcMarkSweepGC -XX:+UseParNewGC 
2016-12-18T22:07:18.415+0100: 0,120: Total time for which application threads were stopped: 0,0000934 seconds, Stopping threads took: 0,0000156 seconds
2016-12-18T22:07:18.481+0100: 0,185: Total time for which application threads were stopped: 0,0001079 seconds, Stopping threads took: 0,0000238 seconds
2016-12-18T22:07:18.490+0100: 0,194: Total time for which application threads were stopped: 0,0000736 seconds, Stopping threads took: 0,0000185 seconds
2016-12-18T22:07:18.610+0100: 0,315: Total time for which application threads were stopped: 0,0001871 seconds, Stopping threads took: 0,0000134 seconds
2016-12-18T22:07:18.772+0100: 0,476: Total time for which application threads were stopped: 0,0001176 seconds, Stopping threads took: 0,0000159 seconds
2016-12-18T22:07:18.839+0100: 0,543: Total time for which application threads were stopped: 0,0001846 seconds, Stopping threads took: 0,0000278 seconds
2016-12-18T22:07:18.860+0100: 0,564: Total time for which application threads were stopped: 0,0001865 seconds, Stopping threads took: 0,0000181 seconds
2016-12-18T22:07:19.099+0100: 0,804: Total time for which application threads were stopped: 0,0001717 seconds, Stopping threads took: 0,0000179 seconds
2016-12-18T22:07:19.272+0100: 0,976: Total time for which application threads were stopped: 0,0002679 seconds, Stopping threads took: 0,0000316 seconds
2016-12-18T22:07:19.291+0100: 0,996: Total time for which application threads were stopped: 0,0001899 seconds, Stopping threads took: 0,0000131 seconds
2016-12-18T22:07:19.292+0100: 0,997: Total time for which application threads were stopped: 0,0001489 seconds, Stopping threads took: 0,0000113 seconds
2016-12-18T22:07:19.305+0100: 1,009: Total time for which application threads were stopped: 0,0001719 seconds, Stopping threads took: 0,0000165 seconds
2016-12-18T22:07:19.423+0100: 1,128: Total time for which application threads were stopped: 0,0002910 seconds, Stopping threads took: 0,0000439 seconds
2016-12-18T22:07:19.846+0100: 1,550: Total time for which application threads were stopped: 0,0006168 seconds, Stopping threads took: 0,0003447 seconds
{Heap before GC invocations=0 (full 0):
 par new generation   total 109248K, used 87424K [0x00000000e0000000, 0x00000000e8000000, 0x00000000e8000000)
  eden space 87424K, 100% used [0x00000000e0000000, 0x00000000e5560000, 0x00000000e5560000)
  from space 21824K,   0% used [0x00000000e5560000, 0x00000000e5560000, 0x00000000e6ab0000)
  to   space 21824K,   0% used [0x00000000e6ab0000, 0x00000000e6ab0000, 0x00000000e8000000)
 concurrent mark-sweep generation total 393216K, used 0K [0x00000000e8000000, 0x0000000100000000, 0x0000000100000000)
 Metaspace       used 17964K, capacity 18302K, committed 18560K, reserved 1064960K
  class space    used 2044K, capacity 2162K, committed 2176K, reserved 1048576K
2016-12-18T22:07:20.119+0100: 1,823: [GC (Allocation Failure) 2016-12-18T22:07:20.119+0100: 1,823: [ParNew
Desired survivor size 20112992 bytes, new threshold 8 (max 8)
- age   1:   12036840 bytes,   12036840 total
: 87424K->11874K(109248K), 0,0328071 secs] 87424K->11874K(502464K), 0,0328990 secs] [Times: user=0,04 sys=0,03, real=0,04 secs] 
Heap after GC invocations=1 (full 0):
 par new generation   total 109248K, used 11874K [0x00000000e0000000, 0x00000000e8000000, 0x00000000e8000000)
  eden space 87424K,   0% used [0x00000000e0000000, 0x00000000e0000000, 0x00000000e5560000)
  from space 21824K,  54% used [0x00000000e6ab0000, 0x00000000e7648a88, 0x00000000e8000000)
  to   space 21824K,   0% used [0x00000000e5560000, 0x00000000e5560000, 0x00000000e6ab0000)
 concurrent mark-sweep generation total 393216K, used 0K [0x00000000e8000000, 0x0000000100000000, 0x0000000100000000)
 Metaspace       used 17964K, capacity 18302K, committed 18560K, reserved 1064960K
  class space    used 2044K, capacity 2162K, committed 2176K, reserved 1048576K
}
2016-12-18T22:07:20.152+0100: 1,856: Total time for which application threads were stopped: 0,0330622 seconds, Stopping threads took: 0,0000198 seconds
2016-12-18T22:07:20.510+0100: 2,215: Total time for which application threads were stopped: 0,0002915 seconds, Stopping threads took: 0,0000286 seconds
2016-12-18T22:07:20.558+0100: 2,262: Total time for which application threads were stopped: 0,0003074 seconds, Stopping threads took: 0,0000427 seconds
2016-12-18T22:07:20.593+0100: 2,298: Total time for which application threads were stopped: 0,0003376 seconds, Stopping threads took: 0,0000378 seconds
{Heap before GC invocations=1 (full 0):
 par new generation   total 109248K, used 99298K [0x00000000e0000000, 0x00000000e8000000, 0x00000000e8000000)
  eden space 87424K, 100% used [0x00000000e0000000, 0x00000000e5560000, 0x00000000e5560000)
  from space 21824K,  54% used [0x00000000e6ab0000, 0x00000000e7648a88, 0x00000000e8000000)
  to   space 21824K,   0% used [0x00000000e5560000, 0x00000000e5560000, 0x00000000e6ab0000)
 concurrent mark-sweep generation total 393216K, used 0K [0x00000000e8000000, 0x0000000100000000, 0x0000000100000000)
 Metaspace       used 20715K, capacity 21016K, committed 21248K, reserved 1069056K
  class space    used 2402K, capacity 2518K, committed 2560K, reserved 1048576K
2016-12-18T22:07:20.846+0100: 2,550: [GC (Allocation Failure) 2016-12-18T22:07:20.846+0100: 2,550: [ParNew
Desired survivor size 20112992 bytes, new threshold 8 (max 8)
- age   1:    3670808 bytes,    3670808 total
- age   2:    6068640 bytes,    9739448 total
: 99298K->12922K(109248K), 0,0142132 secs] 99298K->12922K(502464K), 0,0142952 secs] [Times: user=0,05 sys=0,00, real=0,02 secs] 
Heap after GC invocations=2 (full 0):
 par new generation   total 109248K, used 12922K [0x00000000e0000000, 0x00000000e8000000, 0x00000000e8000000)
  eden space 87424K,   0% used [0x00000000e0000000, 0x00000000e0000000, 0x00000000e5560000)
  from space 21824K,  59% used [0x00000000e5560000, 0x00000000e61fe8e0, 0x00000000e6ab0000)
  to   space 21824K,   0% used [0x00000000e6ab0000, 0x00000000e6ab0000, 0x00000000e8000000)
 concurrent mark-sweep generation total 393216K, used 0K [0x00000000e8000000, 0x0000000100000000, 0x0000000100000000)
 Metaspace       used 20715K, capacity 21016K, committed 21248K, reserved 1069056K
  class space    used 2402K, capacity 2518K, committed 2560K, reserved 1048576K
}
2016-12-18T22:07:20.860+0100: 2,564: Total time for which application threads were stopped: 0,0145547 seconds, Stopping threads took: 0,0000631 seconds
2016-12-18T22:07:20.922+0100: 2,627: Total time for which application threads were stopped: 0,0000803 seconds, Stopping threads took: 0,0000178 seconds
2016-12-18T22:07:20.954+0100: 2,659: Total time for which application threads were stopped: 0,0000781 seconds, Stopping threads took: 0,0000129 seconds
2016-12-18T22:07:20.955+0100: 2,659: Total time for which application threads were stopped: 0,0002649 seconds, Stopping threads took: 0,0000222 seconds
2016-12-18T22:07:20.983+0100: 2,687: Total time for which application threads were stopped: 0,0000883 seconds, Stopping threads took: 0,0000175 seconds
2016-12-18T22:07:21.072+0100: 2,776: Total time for which application threads were stopped: 0,0001062 seconds, Stopping threads took: 0,0000225 seconds
2016-12-18T22:07:21.092+0100: 2,797: Total time for which application threads were stopped: 0,0000819 seconds, Stopping threads took: 0,0000204 seconds
2016-12-18T22:07:21.105+0100: 2,809: Total time for which application threads were stopped: 0,0003169 seconds, Stopping threads took: 0,0000203 seconds
2016-12-18T22:07:21.117+0100: 2,821: Total time for which application threads were stopped: 0,0003253 seconds, Stopping threads took: 0,0000325 seconds
2016-12-18T22:07:21.135+0100: 2,839: Total time for which application threads were stopped: 0,0000859 seconds, Stopping threads took: 0,0000229 seconds
2016-12-18T22:07:21.161+0100: 2,865: Total time for which application threads were stopped: 0,0002111 seconds, Stopping threads took: 0,0001174 seconds
2016-12-18T22:07:21.179+0100: 2,883: Total time for which application threads were stopped: 0,0000671 seconds, Stopping threads took: 0,0000134 seconds
2016-12-18T22:07:21.193+0100: 2,898: Total time for which application threads were stopped: 0,0000793 seconds, Stopping threads took: 0,0000190 seconds
2016-12-18T22:07:21.220+0100: 2,925: Total time for which application threads were stopped: 0,0000938 seconds, Stopping threads took: 0,0000194 seconds
2016-12-18T22:07:21.252+0100: 2,956: Total time for which application threads were stopped: 0,0001297 seconds, Stopping threads took: 0,0000267 seconds
2016-12-18T22:07:21.312+0100: 3,016: Total time for which application threads were stopped: 0,0001150 seconds, Stopping threads took: 0,0000277 seconds
2016-12-18T22:07:21.356+0100: 3,061: Total time for which application threads were stopped: 0,0001156 seconds, Stopping threads took: 0,0000287 seconds
{Heap before GC invocations=2 (full 0):
 par new generation   total 109248K, used 100224K [0x00000000e0000000, 0x00000000e8000000, 0x00000000e8000000)
  eden space 87424K,  99% used [0x00000000e0000000, 0x00000000e55417d0, 0x00000000e5560000)
  from space 21824K,  59% used [0x00000000e5560000, 0x00000000e61fe8e0, 0x00000000e6ab0000)
  to   space 21824K,   0% used [0x00000000e6ab0000, 0x00000000e6ab0000, 0x00000000e8000000)
 concurrent mark-sweep generation total 393216K, used 0K [0x00000000e8000000, 0x0000000100000000, 0x0000000100000000)
 Metaspace       used 24819K, capacity 25220K, committed 25536K, reserved 1071104K
  class space    used 2893K, capacity 3024K, committed 3064K, reserved 1048576K
2016-12-18T22:07:21.357+0100: 3,062: [GC (Allocation Failure) 2016-12-18T22:07:21.357+0100: 3,062: [ParNew
Desired survivor size 20112992 bytes, new threshold 8 (max 8)
- age   1:    4851816 bytes,    4851816 total
- age   2:     582688 bytes,    5434504 total
- age   3:    6041352 bytes,   11475856 total
: 100224K->14884K(109248K), 0,0182188 secs] 100224K->14884K(502464K), 0,0183030 secs] [Times: user=0,06 sys=0,00, real=0,02 secs] 
Heap after GC invocations=3 (full 0):
 par new generation   total 109248K, used 14884K [0x00000000e0000000, 0x00000000e8000000, 0x00000000e8000000)
  eden space 87424K,   0% used [0x00000000e0000000, 0x00000000e0000000, 0x00000000e5560000)
  from space 21824K,  68% used [0x00000000e6ab0000, 0x00000000e7939288, 0x00000000e8000000)
  to   space 21824K,   0% used [0x00000000e5560000, 0x00000000e5560000, 0x00000000e6ab0000)
 concurrent mark-sweep generation total 393216K, used 0K [0x00000000e8000000, 0x0000000100000000, 0x0000000100000000)
 Metaspace       used 24819K, capacity 25220K, committed 25536K, reserved 1071104K
  class space    used 2893K, capacity 3024K, committed 3064K, reserved 1048576K
}
2016-12-18T22:07:21.376+0100: 3,080: Total time for which application threads were stopped: 0,0184509 seconds, Stopping threads took: 0,0000260 seconds
2016-12-18T22:07:21.376+0100: 3,080: [GC (CMS Initial Mark) [1 CMS-initial-mark: 0K(393216K)] 15140K(502464K), 0,0043264 secs] [Times: user=0,01 sys=0,00, real=0,01 secs] 
2016-12-18T22:07:21.380+0100: 3,085: Total time for which application threads were stopped: 0,0044540 seconds, Stopping threads took: 0,0000425 seconds
2016-12-18T22:07:21.380+0100: 3,085: [CMS-concurrent-mark-start]
2016-12-18T22:07:21.381+0100: 3,085: [CMS-concurrent-mark: 0,001/0,001 secs] [Times: user=0,01 sys=0,00, real=0,00 secs] 
2016-12-18T22:07:21.381+0100: 3,085: [CMS-concurrent-preclean-start]
2016-12-18T22:07:21.382+0100: 3,086: [CMS-concurrent-preclean: 0,001/0,001 secs] [Times: user=0,00 sys=0,00, real=0,00 secs] 
2016-12-18T22:07:21.382+0100: 3,086: [GC (CMS Final Remark) [YG occupancy: 16514 K (109248 K)]{Heap before GC invocations=3 (full 1):
 par new generation   total 109248K, used 16514K [0x00000000e0000000, 0x00000000e8000000, 0x00000000e8000000)
  eden space 87424K,   1% used [0x00000000e0000000, 0x00000000e0197730, 0x00000000e5560000)
  from space 21824K,  68% used [0x00000000e6ab0000, 0x00000000e7939288, 0x00000000e8000000)
  to   space 21824K,   0% used [0x00000000e5560000, 0x00000000e5560000, 0x00000000e6ab0000)
 concurrent mark-sweep generation total 393216K, used 0K [0x00000000e8000000, 0x0000000100000000, 0x0000000100000000)
 Metaspace       used 24820K, capacity 25220K, committed 25536K, reserved 1071104K
  class space    used 2893K, capacity 3024K, committed 3064K, reserved 1048576K
2016-12-18T22:07:21.382+0100: 3,087: [GC (CMS Final Remark) 2016-12-18T22:07:21.382+0100: 3,087: [ParNew
Desired survivor size 20112992 bytes, new threshold 8 (max 8)
- age   1:     554000 bytes,     554000 total
- age   2:    4851688 bytes,    5405688 total
- age   3:     582688 bytes,    5988376 total
- age   4:    6041392 bytes,   12029768 total
: 16514K->15278K(109248K), 0,0096329 secs] 16514K->15278K(502464K), 0,0096768 secs] [Times: user=0,03 sys=0,00, real=0,01 secs] 
Heap after GC invocations=4 (full 1):
 par new generation   total 109248K, used 15278K [0x00000000e0000000, 0x00000000e8000000, 0x00000000e8000000)
  eden space 87424K,   0% used [0x00000000e0000000, 0x00000000e0000000, 0x00000000e5560000)
  from space 21824K,  70% used [0x00000000e5560000, 0x00000000e644b940, 0x00000000e6ab0000)
  to   space 21824K,   0% used [0x00000000e6ab0000, 0x00000000e6ab0000, 0x00000000e8000000)
 concurrent mark-sweep generation total 393216K, used 0K [0x00000000e8000000, 0x0000000100000000, 0x0000000100000000)
 Metaspace       used 24820K, capacity 25220K, committed 25536K, reserved 1071104K
  class space    used 2893K, capacity 3024K, committed 3064K, reserved 1048576K
}
2016-12-18T22:07:21.392+0100: 3,096: [Rescan (parallel) , 0,0033614 secs]2016-12-18T22:07:21.395+0100: 3,100: [weak refs processing, 0,0008053 secs]2016-12-18T22:07:21.396+0100: 3,100: [class unloading, 0,0031005 secs]2016-12-18T22:07:21.399+0100: 3,104: [scrub symbol table, 0,0033239 secs]2016-12-18T22:07:21.403+0100: 3,107: [scrub string table, 0,0003980 secs][1 CMS-remark: 0K(393216K)] 15278K(502464K), 0,0214413 secs] [Times: user=0,04 sys=0,00, real=0,02 secs] 
2016-12-18T22:07:21.404+0100: 3,108: Total time for which application threads were stopped: 0,0215444 seconds, Stopping threads took: 0,0000367 seconds
2016-12-18T22:07:21.404+0100: 3,108: [CMS-concurrent-sweep-start]
2016-12-18T22:07:21.404+0100: 3,108: [CMS-concurrent-sweep: 0,000/0,000 secs] [Times: user=0,00 sys=0,00, real=0,00 secs] 
2016-12-18T22:07:21.404+0100: 3,108: [CMS-concurrent-reset-start]
2016-12-18T22:07:21.405+0100: 3,109: [CMS-concurrent-reset: 0,001/0,001 secs] [Times: user=0,01 sys=0,00, real=0,00 secs] 
2016-12-18T22:07:22.352+0100: 4,056: Total time for which application threads were stopped: 0,0003283 seconds, Stopping threads took: 0,0000171 seconds
2016-12-18T22:07:25.352+0100: 7,056: Total time for which application threads were stopped: 0,0000680 seconds, Stopping threads took: 0,0000179 seconds
2016-12-18T22:07:49.355+0100: 31,059: Total time for which application threads were stopped: 0,0002906 seconds, Stopping threads took: 0,0001137 seconds
2016-12-18T22:09:59.568+0100: 162,073: Total time for which application threads were stopped: 0,0000697 seconds, Stopping threads took: 0,0000317 seconds
2016-12-18T22:10:04.569+0100: 167,074: Total time for which application threads were stopped: 0,0001108 seconds, Stopping threads took: 0,0000298 seconds
2016-12-18T22:10:59.575+0100: 222,081: Total time for which application threads were stopped: 0,0000830 seconds, Stopping threads took: 0,0000358 seconds
2016-12-18T22:12:04.585+0100: 287,090: Total time for which application threads were stopped: 0,0000843 seconds, Stopping threads took: 0,0000361 seconds
2016-12-18T22:18:04.624+0100: 647,129: Total time for which application threads were stopped: 0,0000973 seconds, Stopping threads took: 0,0000400 seconds
2016-12-18T22:23:24.660+0100: 967,166: Total time for which application threads were stopped: 0,0004113 seconds, Stopping threads took: 0,0001728 seconds
2016-12-18T22:30:58.712+0100: 1421,217: Total time for which application threads were stopped: 0,0000708 seconds, Stopping threads took: 0,0000298 seconds
2016-12-18T22:33:58.732+0100: 1601,237: Total time for which application threads were stopped: 0,0000949 seconds, Stopping threads took: 0,0000395 seconds
2016-12-18T22:34:38.736+0100: 1641,241: Total time for which application threads were stopped: 0,0000859 seconds, Stopping threads took: 0,0000303 seconds
2016-12-18T22:34:43.737+0100: 1646,242: Total time for which application threads were stopped: 0,0001207 seconds, Stopping threads took: 0,0000684 seconds
2016-12-18T22:35:48.744+0100: 1711,249: Total time for which application threads were stopped: 0,0000879 seconds, Stopping threads took: 0,0000349 seconds
2016-12-18T22:45:58.811+0100: 2321,316: Total time for which application threads were stopped: 0,0003747 seconds, Stopping threads took: 0,0001578 seconds
2016-12-18T22:46:03.811+0100: 2326,317: Total time for which application threads were stopped: 0,0000671 seconds, Stopping threads took: 0,0000156 seconds
2016-12-18T22:48:53.831+0100: 2496,336: Total time for which application threads were stopped: 0,0000798 seconds, Stopping threads took: 0,0000326 seconds
2016-12-18T22:48:58.831+0100: 2501,337: Total time for which application threads were stopped: 0,0000766 seconds, Stopping threads took: 0,0000154 seconds
2016-12-18T23:00:33.907+0100: 3196,412: Total time for which application threads were stopped: 0,0000738 seconds, Stopping threads took: 0,0000313 seconds
2016-12-18T23:11:53.977+0100: 3876,482: Total time for which application threads were stopped: 0,0001352 seconds, Stopping threads took: 0,0000547 seconds
2016-12-18T23:11:58.977+0100: 3881,483: Total time for which application threads were stopped: 0,0000705 seconds, Stopping threads took: 0,0000255 seconds
2016-12-18T23:14:18.992+0100: 4021,498: Total time for which application threads were stopped: 0,0000986 seconds, Stopping threads took: 0,0000407 seconds
2016-12-18T23:20:27.114+0100: 4389,619: Total time for which application threads were stopped: 0,0001439 seconds, Stopping threads took: 0,0000286 seconds
Heap
 par new generation   total 109248K, used 60241K [0x00000000e0000000, 0x00000000e8000000, 0x00000000e8000000)
  eden space 87424K,  51% used [0x00000000e0000000, 0x00000000e2be8ce0, 0x00000000e5560000)
  from space 21824K,  70% used [0x00000000e5560000, 0x00000000e644b940, 0x00000000e6ab0000)
  to   space 21824K,   0% used [0x00000000e6ab0000, 0x00000000e6ab0000, 0x00000000e8000000)
 concurrent mark-sweep generation total 393216K, used 0K [0x00000000e8000000, 0x0000000100000000, 0x0000000100000000)
 Metaspace       used 27238K, capacity 27724K, committed 27840K, reserved 1073152K
  class space    used 3166K, capacity 3320K, committed 3320K, reserved 1048576K
