OpenJDK 64-Bit Server VM (25.131-b11) for linux-amd64 JRE (1.8.0_131-8u131-b11-2ubuntu1.16.04.3-b11), built on Jul 28 2017 01:23:32 by "buildd" with gcc 5.4.0 20160609
Memory: 4k page, physical 7867732k(7470176k free), swap 8076284k(8076284k free)
CommandLine flags: -XX:CMSInitiatingOccupancyFraction=50 -XX:CMSMaxAbortablePrecleanTime=6000 -XX:+CMSParallelRemarkEnabled -XX:+CMSScavengeBeforeRemark -XX:ConcGCThreads=4 -XX:InitialHeapSize=536870912 -XX:MaxHeapSize=536870912 -XX:MaxTenuringThreshold=8 -XX:NewRatio=3 -XX:OldPLABSize=16 -XX:OnOutOfMemoryError=/opt/solr/bin/oom_solr.sh 8983 /var/solr/logs -XX:ParallelGCThreads=4 -XX:+ParallelRefProcEnabled -XX:PretenureSizeThreshold=67108864 -XX:+PrintGC -XX:+PrintGCApplicationStoppedTime -XX:+PrintGCDateStamps -XX:+PrintGCDetails -XX:+PrintGCTimeStamps -XX:+PrintHeapAtGC -XX:+PrintTenuringDistribution -XX:SurvivorRatio=4 -XX:TargetSurvivorRatio=90 -XX:ThreadStackSize=256 -XX:+UseCMSInitiatingOccupancyOnly -XX:+UseCompressedClassPointers -XX:+UseCompressedOops -XX:+UseConcMarkSweepGC -XX:+UseParNewGC 
2017-08-14T21:17:09.828+0200: 0,168: Total time for which application threads were stopped: 0,0000627 seconds, Stopping threads took: 0,0000089 seconds
2017-08-14T21:17:09.916+0200: 0,255: Total time for which application threads were stopped: 0,0000936 seconds, Stopping threads took: 0,0000127 seconds
2017-08-14T21:17:09.939+0200: 0,279: Total time for which application threads were stopped: 0,0000899 seconds, Stopping threads took: 0,0000147 seconds
2017-08-14T21:17:10.240+0200: 0,580: Total time for which application threads were stopped: 0,0001319 seconds, Stopping threads took: 0,0000197 seconds
2017-08-14T21:17:10.636+0200: 0,976: Total time for which application threads were stopped: 0,0006705 seconds, Stopping threads took: 0,0005205 seconds
2017-08-14T21:17:10.742+0200: 1,082: Total time for which application threads were stopped: 0,0001592 seconds, Stopping threads took: 0,0000148 seconds
2017-08-14T21:17:10.782+0200: 1,121: Total time for which application threads were stopped: 0,0001523 seconds, Stopping threads took: 0,0000163 seconds
2017-08-14T21:17:11.127+0200: 1,467: Total time for which application threads were stopped: 0,0002080 seconds, Stopping threads took: 0,0000168 seconds
2017-08-14T21:17:11.387+0200: 1,726: Total time for which application threads were stopped: 0,0001899 seconds, Stopping threads took: 0,0000119 seconds
2017-08-14T21:17:11.409+0200: 1,749: Total time for which application threads were stopped: 0,0001616 seconds, Stopping threads took: 0,0000201 seconds
2017-08-14T21:17:11.446+0200: 1,785: Total time for which application threads were stopped: 0,0002015 seconds, Stopping threads took: 0,0000184 seconds
2017-08-14T21:17:11.447+0200: 1,787: Total time for which application threads were stopped: 0,0002365 seconds, Stopping threads took: 0,0000192 seconds
2017-08-14T21:17:11.470+0200: 1,809: Total time for which application threads were stopped: 0,0001869 seconds, Stopping threads took: 0,0000152 seconds
2017-08-14T21:17:11.573+0200: 1,913: Total time for which application threads were stopped: 0,0002407 seconds, Stopping threads took: 0,0000244 seconds
2017-08-14T21:17:11.739+0200: 2,078: Total time for which application threads were stopped: 0,0002519 seconds, Stopping threads took: 0,0000335 seconds
{Heap before GC invocations=0 (full 0):
 par new generation   total 109248K, used 87424K [0x00000000e0000000, 0x00000000e8000000, 0x00000000e8000000)
  eden space 87424K, 100% used [0x00000000e0000000, 0x00000000e5560000, 0x00000000e5560000)
  from space 21824K,   0% used [0x00000000e5560000, 0x00000000e5560000, 0x00000000e6ab0000)
  to   space 21824K,   0% used [0x00000000e6ab0000, 0x00000000e6ab0000, 0x00000000e8000000)
 concurrent mark-sweep generation total 393216K, used 0K [0x00000000e8000000, 0x0000000100000000, 0x0000000100000000)
 Metaspace       used 18047K, capacity 18400K, committed 18688K, reserved 1064960K
  class space    used 2037K, capacity 2196K, committed 2304K, reserved 1048576K
2017-08-14T21:17:11.842+0200: 2,181: [GC (Allocation Failure) 2017-08-14T21:17:11.842+0200: 2,181: [ParNew
Desired survivor size 20112992 bytes, new threshold 8 (max 8)
- age   1:   12609200 bytes,   12609200 total
: 87424K->12429K(109248K), 0,0199963 secs] 87424K->12429K(502464K), 0,0200927 secs] [Times: user=0,03 sys=0,03, real=0,02 secs] 
Heap after GC invocations=1 (full 0):
 par new generation   total 109248K, used 12429K [0x00000000e0000000, 0x00000000e8000000, 0x00000000e8000000)
  eden space 87424K,   0% used [0x00000000e0000000, 0x00000000e0000000, 0x00000000e5560000)
  from space 21824K,  56% used [0x00000000e6ab0000, 0x00000000e76d3688, 0x00000000e8000000)
  to   space 21824K,   0% used [0x00000000e5560000, 0x00000000e5560000, 0x00000000e6ab0000)
 concurrent mark-sweep generation total 393216K, used 0K [0x00000000e8000000, 0x0000000100000000, 0x0000000100000000)
 Metaspace       used 18047K, capacity 18400K, committed 18688K, reserved 1064960K
  class space    used 2037K, capacity 2196K, committed 2304K, reserved 1048576K
}
2017-08-14T21:17:11.862+0200: 2,201: Total time for which application threads were stopped: 0,0204040 seconds, Stopping threads took: 0,0000412 seconds
2017-08-14T21:17:12.209+0200: 2,549: Total time for which application threads were stopped: 0,0003118 seconds, Stopping threads took: 0,0000390 seconds
{Heap before GC invocations=1 (full 0):
 par new generation   total 109248K, used 99853K [0x00000000e0000000, 0x00000000e8000000, 0x00000000e8000000)
  eden space 87424K, 100% used [0x00000000e0000000, 0x00000000e5560000, 0x00000000e5560000)
  from space 21824K,  56% used [0x00000000e6ab0000, 0x00000000e76d3688, 0x00000000e8000000)
  to   space 21824K,   0% used [0x00000000e5560000, 0x00000000e5560000, 0x00000000e6ab0000)
 concurrent mark-sweep generation total 393216K, used 0K [0x00000000e8000000, 0x0000000100000000, 0x0000000100000000)
 Metaspace       used 20088K, capacity 20422K, committed 20736K, reserved 1067008K
  class space    used 2297K, capacity 2469K, committed 2560K, reserved 1048576K
2017-08-14T21:17:12.265+0200: 2,605: [GC (Allocation Failure) 2017-08-14T21:17:12.265+0200: 2,605: [ParNew
Desired survivor size 20112992 bytes, new threshold 8 (max 8)
- age   1:    3802832 bytes,    3802832 total
- age   2:    6677968 bytes,   10480800 total
: 99853K->13740K(109248K), 0,0131531 secs] 99853K->13740K(502464K), 0,0132256 secs] [Times: user=0,04 sys=0,00, real=0,01 secs] 
Heap after GC invocations=2 (full 0):
 par new generation   total 109248K, used 13740K [0x00000000e0000000, 0x00000000e8000000, 0x00000000e8000000)
  eden space 87424K,   0% used [0x00000000e0000000, 0x00000000e0000000, 0x00000000e5560000)
  from space 21824K,  62% used [0x00000000e5560000, 0x00000000e62cb278, 0x00000000e6ab0000)
  to   space 21824K,   0% used [0x00000000e6ab0000, 0x00000000e6ab0000, 0x00000000e8000000)
 concurrent mark-sweep generation total 393216K, used 0K [0x00000000e8000000, 0x0000000100000000, 0x0000000100000000)
 Metaspace       used 20088K, capacity 20422K, committed 20736K, reserved 1067008K
  class space    used 2297K, capacity 2469K, committed 2560K, reserved 1048576K
}
2017-08-14T21:17:12.278+0200: 2,618: Total time for which application threads were stopped: 0,0137186 seconds, Stopping threads took: 0,0000537 seconds
2017-08-14T21:17:12.337+0200: 2,676: Total time for which application threads were stopped: 0,0003824 seconds, Stopping threads took: 0,0000784 seconds
2017-08-14T21:17:12.453+0200: 2,793: Total time for which application threads were stopped: 0,0001474 seconds, Stopping threads took: 0,0000282 seconds
{Heap before GC invocations=2 (full 0):
 par new generation   total 109248K, used 101164K [0x00000000e0000000, 0x00000000e8000000, 0x00000000e8000000)
  eden space 87424K, 100% used [0x00000000e0000000, 0x00000000e5560000, 0x00000000e5560000)
  from space 21824K,  62% used [0x00000000e5560000, 0x00000000e62cb278, 0x00000000e6ab0000)
  to   space 21824K,   0% used [0x00000000e6ab0000, 0x00000000e6ab0000, 0x00000000e8000000)
 concurrent mark-sweep generation total 393216K, used 0K [0x00000000e8000000, 0x0000000100000000, 0x0000000100000000)
 Metaspace       used 21003K, capacity 21350K, committed 21628K, reserved 1069056K
  class space    used 2417K, capacity 2589K, committed 2684K, reserved 1048576K
2017-08-14T21:17:12.493+0200: 2,832: [GC (Allocation Failure) 2017-08-14T21:17:12.493+0200: 2,832: [ParNew
Desired survivor size 20112992 bytes, new threshold 8 (max 8)
- age   1:    2105400 bytes,    2105400 total
- age   2:     865552 bytes,    2970952 total
- age   3:    6674864 bytes,    9645816 total
: 101164K->11602K(109248K), 0,0181056 secs] 101164K->11602K(502464K), 0,0181822 secs] [Times: user=0,07 sys=0,00, real=0,02 secs] 
Heap after GC invocations=3 (full 0):
 par new generation   total 109248K, used 11602K [0x00000000e0000000, 0x00000000e8000000, 0x00000000e8000000)
  eden space 87424K,   0% used [0x00000000e0000000, 0x00000000e0000000, 0x00000000e5560000)
  from space 21824K,  53% used [0x00000000e6ab0000, 0x00000000e7604900, 0x00000000e8000000)
  to   space 21824K,   0% used [0x00000000e5560000, 0x00000000e5560000, 0x00000000e6ab0000)
 concurrent mark-sweep generation total 393216K, used 0K [0x00000000e8000000, 0x0000000100000000, 0x0000000100000000)
 Metaspace       used 21003K, capacity 21350K, committed 21628K, reserved 1069056K
  class space    used 2417K, capacity 2589K, committed 2684K, reserved 1048576K
}
2017-08-14T21:17:12.511+0200: 2,851: Total time for which application threads were stopped: 0,0183952 seconds, Stopping threads took: 0,0000648 seconds
2017-08-14T21:17:12.522+0200: 2,861: [GC (CMS Initial Mark) [1 CMS-initial-mark: 0K(393216K)] 19944K(502464K), 0,0064032 secs] [Times: user=0,02 sys=0,00, real=0,00 secs] 
2017-08-14T21:17:12.528+0200: 2,868: Total time for which application threads were stopped: 0,0102528 seconds, Stopping threads took: 0,0037359 seconds
2017-08-14T21:17:12.528+0200: 2,868: [CMS-concurrent-mark-start]
2017-08-14T21:17:12.531+0200: 2,871: [CMS-concurrent-mark: 0,003/0,003 secs] [Times: user=0,00 sys=0,01, real=0,00 secs] 
2017-08-14T21:17:12.531+0200: 2,871: [CMS-concurrent-preclean-start]
2017-08-14T21:17:12.532+0200: 2,872: [CMS-concurrent-preclean: 0,001/0,001 secs] [Times: user=0,01 sys=0,00, real=0,00 secs] 
2017-08-14T21:17:12.532+0200: 2,872: [CMS-concurrent-abortable-preclean-start]
2017-08-14T21:17:12.550+0200: 2,890: Total time for which application threads were stopped: 0,0001430 seconds, Stopping threads took: 0,0000513 seconds
{Heap before GC invocations=3 (full 1):
 par new generation   total 109248K, used 99026K [0x00000000e0000000, 0x00000000e8000000, 0x00000000e8000000)
  eden space 87424K, 100% used [0x00000000e0000000, 0x00000000e5560000, 0x00000000e5560000)
  from space 21824K,  53% used [0x00000000e6ab0000, 0x00000000e7604900, 0x00000000e8000000)
  to   space 21824K,   0% used [0x00000000e5560000, 0x00000000e5560000, 0x00000000e6ab0000)
 concurrent mark-sweep generation total 393216K, used 0K [0x00000000e8000000, 0x0000000100000000, 0x0000000100000000)
 Metaspace       used 21298K, capacity 21632K, committed 21884K, reserved 1069056K
  class space    used 2448K, capacity 2605K, committed 2684K, reserved 1048576K
2017-08-14T21:17:12.634+0200: 2,973: [GC (Allocation Failure) 2017-08-14T21:17:12.634+0200: 2,973: [ParNew
Desired survivor size 20112992 bytes, new threshold 8 (max 8)
- age   1:    1087840 bytes,    1087840 total
- age   2:    1462824 bytes,    2550664 total
- age   3:     832240 bytes,    3382904 total
- age   4:    6674944 bytes,   10057848 total
: 99026K->14901K(109248K), 0,0108011 secs] 99026K->14901K(502464K), 0,0108611 secs] [Times: user=0,04 sys=0,00, real=0,01 secs] 
Heap after GC invocations=4 (full 1):
 par new generation   total 109248K, used 14901K [0x00000000e0000000, 0x00000000e8000000, 0x00000000e8000000)
  eden space 87424K,   0% used [0x00000000e0000000, 0x00000000e0000000, 0x00000000e5560000)
  from space 21824K,  68% used [0x00000000e5560000, 0x00000000e63ed5a8, 0x00000000e6ab0000)
  to   space 21824K,   0% used [0x00000000e6ab0000, 0x00000000e6ab0000, 0x00000000e8000000)
 concurrent mark-sweep generation total 393216K, used 0K [0x00000000e8000000, 0x0000000100000000, 0x0000000100000000)
 Metaspace       used 21298K, capacity 21632K, committed 21884K, reserved 1069056K
  class space    used 2448K, capacity 2605K, committed 2684K, reserved 1048576K
}
2017-08-14T21:17:12.645+0200: 2,984: Total time for which application threads were stopped: 0,0121092 seconds, Stopping threads took: 0,0011156 seconds
{Heap before GC invocations=4 (full 1):
 par new generation   total 109248K, used 102325K [0x00000000e0000000, 0x00000000e8000000, 0x00000000e8000000)
  eden space 87424K, 100% used [0x00000000e0000000, 0x00000000e5560000, 0x00000000e5560000)
  from space 21824K,  68% used [0x00000000e5560000, 0x00000000e63ed5a8, 0x00000000e6ab0000)
  to   space 21824K,   0% used [0x00000000e6ab0000, 0x00000000e6ab0000, 0x00000000e8000000)
 concurrent mark-sweep generation total 393216K, used 0K [0x00000000e8000000, 0x0000000100000000, 0x0000000100000000)
 Metaspace       used 21463K, capacity 21874K, committed 21960K, reserved 1069056K
  class space    used 2468K, capacity 2640K, committed 2684K, reserved 1048576K
2017-08-14T21:17:12.735+0200: 3,075: [GC (Allocation Failure) 2017-08-14T21:17:12.735+0200: 3,075: [ParNew
Desired survivor size 20112992 bytes, new threshold 8 (max 8)
- age   1:     545952 bytes,     545952 total
- age   2:     188592 bytes,     734544 total
- age   3:    1457216 bytes,    2191760 total
- age   4:     830224 bytes,    3021984 total
- age   5:    6674896 bytes,    9696880 total
: 102325K->11460K(109248K), 0,0095523 secs] 102325K->11460K(502464K), 0,0096206 secs] [Times: user=0,04 sys=0,00, real=0,01 secs] 
Heap after GC invocations=5 (full 1):
 par new generation   total 109248K, used 11460K [0x00000000e0000000, 0x00000000e8000000, 0x00000000e8000000)
  eden space 87424K,   0% used [0x00000000e0000000, 0x00000000e0000000, 0x00000000e5560000)
  from space 21824K,  52% used [0x00000000e6ab0000, 0x00000000e75e12d0, 0x00000000e8000000)
  to   space 21824K,   0% used [0x00000000e5560000, 0x00000000e5560000, 0x00000000e6ab0000)
 concurrent mark-sweep generation total 393216K, used 0K [0x00000000e8000000, 0x0000000100000000, 0x0000000100000000)
 Metaspace       used 21463K, capacity 21874K, committed 21960K, reserved 1069056K
  class space    used 2468K, capacity 2640K, committed 2684K, reserved 1048576K
}
2017-08-14T21:17:12.745+0200: 3,085: Total time for which application threads were stopped: 0,0105822 seconds, Stopping threads took: 0,0008343 seconds
2017-08-14T21:17:12.745+0200: 3,085: [CMS-concurrent-abortable-preclean: 0,156/0,212 secs] [Times: user=0,81 sys=0,00, real=0,22 secs] 
2017-08-14T21:17:12.746+0200: 3,085: [GC (CMS Final Remark) [YG occupancy: 12119 K (109248 K)]{Heap before GC invocations=5 (full 1):
 par new generation   total 109248K, used 12119K [0x00000000e0000000, 0x00000000e8000000, 0x00000000e8000000)
  eden space 87424K,   0% used [0x00000000e0000000, 0x00000000e00a4bc8, 0x00000000e5560000)
  from space 21824K,  52% used [0x00000000e6ab0000, 0x00000000e75e12d0, 0x00000000e8000000)
  to   space 21824K,   0% used [0x00000000e5560000, 0x00000000e5560000, 0x00000000e6ab0000)
 concurrent mark-sweep generation total 393216K, used 0K [0x00000000e8000000, 0x0000000100000000, 0x0000000100000000)
 Metaspace       used 21463K, capacity 21874K, committed 21960K, reserved 1069056K
  class space    used 2468K, capacity 2640K, committed 2684K, reserved 1048576K
2017-08-14T21:17:12.746+0200: 3,085: [GC (CMS Final Remark) 2017-08-14T21:17:12.746+0200: 3,085: [ParNew
Desired survivor size 20112992 bytes, new threshold 8 (max 8)
- age   1:       2088 bytes,       2088 total
- age   2:     510096 bytes,     512184 total
- age   3:     188592 bytes,     700776 total
- age   4:    1457200 bytes,    2157976 total
- age   5:     830224 bytes,    2988200 total
- age   6:    6674960 bytes,    9663160 total
: 12119K->16496K(109248K), 0,0091630 secs] 12119K->16496K(502464K), 0,0091934 secs] [Times: user=0,03 sys=0,00, real=0,01 secs] 
Heap after GC invocations=6 (full 1):
 par new generation   total 109248K, used 16496K [0x00000000e0000000, 0x00000000e8000000, 0x00000000e8000000)
  eden space 87424K,   0% used [0x00000000e0000000, 0x00000000e0000000, 0x00000000e5560000)
  from space 21824K,  75% used [0x00000000e5560000, 0x00000000e657c240, 0x00000000e6ab0000)
  to   space 21824K,   0% used [0x00000000e6ab0000, 0x00000000e6ab0000, 0x00000000e8000000)
 concurrent mark-sweep generation total 393216K, used 0K [0x00000000e8000000, 0x0000000100000000, 0x0000000100000000)
 Metaspace       used 21463K, capacity 21874K, committed 21960K, reserved 1069056K
  class space    used 2468K, capacity 2640K, committed 2684K, reserved 1048576K
}
2017-08-14T21:17:12.755+0200: 3,095: [Rescan (parallel) , 0,0033441 secs]2017-08-14T21:17:12.758+0200: 3,098: [weak refs processing, 0,0008348 secs]2017-08-14T21:17:12.759+0200: 3,099: [class unloading, 0,0030579 secs]2017-08-14T21:17:12.762+0200: 3,102: [scrub symbol table, 0,0029306 secs]2017-08-14T21:17:12.765+0200: 3,105: [scrub string table, 0,0004047 secs][1 CMS-remark: 0K(393216K)] 16496K(502464K), 0,0204718 secs] [Times: user=0,05 sys=0,01, real=0,02 secs] 
2017-08-14T21:17:12.766+0200: 3,106: Total time for which application threads were stopped: 0,0212147 seconds, Stopping threads took: 0,0006768 seconds
2017-08-14T21:17:12.766+0200: 3,106: [CMS-concurrent-sweep-start]
2017-08-14T21:17:12.766+0200: 3,106: [CMS-concurrent-sweep: 0,000/0,000 secs] [Times: user=0,00 sys=0,00, real=0,00 secs] 
2017-08-14T21:17:12.766+0200: 3,106: [CMS-concurrent-reset-start]
2017-08-14T21:17:12.769+0200: 3,108: [CMS-concurrent-reset: 0,002/0,002 secs] [Times: user=0,01 sys=0,00, real=0,00 secs] 
2017-08-14T21:17:12.798+0200: 3,138: Total time for which application threads were stopped: 0,0003195 seconds, Stopping threads took: 0,0000273 seconds
2017-08-14T21:17:13.042+0200: 3,382: Total time for which application threads were stopped: 0,0004315 seconds, Stopping threads took: 0,0000214 seconds
2017-08-14T21:17:13.057+0200: 3,396: Total time for which application threads were stopped: 0,0003676 seconds, Stopping threads took: 0,0000237 seconds
{Heap before GC invocations=6 (full 1):
 par new generation   total 109248K, used 103920K [0x00000000e0000000, 0x00000000e8000000, 0x00000000e8000000)
  eden space 87424K, 100% used [0x00000000e0000000, 0x00000000e5560000, 0x00000000e5560000)
  from space 21824K,  75% used [0x00000000e5560000, 0x00000000e657c240, 0x00000000e6ab0000)
  to   space 21824K,   0% used [0x00000000e6ab0000, 0x00000000e6ab0000, 0x00000000e8000000)
 concurrent mark-sweep generation total 393216K, used 0K [0x00000000e8000000, 0x0000000100000000, 0x0000000100000000)
 Metaspace       used 24033K, capacity 24468K, committed 24572K, reserved 1071104K
  class space    used 2834K, capacity 3015K, committed 3068K, reserved 1048576K
2017-08-14T21:17:13.214+0200: 3,554: [GC (Allocation Failure) 2017-08-14T21:17:13.214+0200: 3,554: [ParNew
Desired survivor size 20112992 bytes, new threshold 8 (max 8)
- age   1:    5499472 bytes,    5499472 total
- age   3:     118280 bytes,    5617752 total
- age   4:     187144 bytes,    5804896 total
- age   5:     287440 bytes,    6092336 total
- age   6:     805776 bytes,    6898112 total
- age   7:    6666632 bytes,   13564744 total
: 103920K->15474K(109248K), 0,0178431 secs] 103920K->15474K(502464K), 0,0179174 secs] [Times: user=0,06 sys=0,00, real=0,01 secs] 
Heap after GC invocations=7 (full 1):
 par new generation   total 109248K, used 15474K [0x00000000e0000000, 0x00000000e8000000, 0x00000000e8000000)
  eden space 87424K,   0% used [0x00000000e0000000, 0x00000000e0000000, 0x00000000e5560000)
  from space 21824K,  70% used [0x00000000e6ab0000, 0x00000000e79cc910, 0x00000000e8000000)
  to   space 21824K,   0% used [0x00000000e5560000, 0x00000000e5560000, 0x00000000e6ab0000)
 concurrent mark-sweep generation total 393216K, used 0K [0x00000000e8000000, 0x0000000100000000, 0x0000000100000000)
 Metaspace       used 24033K, capacity 24468K, committed 24572K, reserved 1071104K
  class space    used 2834K, capacity 3015K, committed 3068K, reserved 1048576K
}
2017-08-14T21:17:13.232+0200: 3,572: Total time for which application threads were stopped: 0,0182169 seconds, Stopping threads took: 0,0000470 seconds
{Heap before GC invocations=7 (full 1):
 par new generation   total 109248K, used 102898K [0x00000000e0000000, 0x00000000e8000000, 0x00000000e8000000)
  eden space 87424K, 100% used [0x00000000e0000000, 0x00000000e5560000, 0x00000000e5560000)
  from space 21824K,  70% used [0x00000000e6ab0000, 0x00000000e79cc910, 0x00000000e8000000)
  to   space 21824K,   0% used [0x00000000e5560000, 0x00000000e5560000, 0x00000000e6ab0000)
 concurrent mark-sweep generation total 393216K, used 0K [0x00000000e8000000, 0x0000000100000000, 0x0000000100000000)
 Metaspace       used 24494K, capacity 24954K, committed 25084K, reserved 1071104K
  class space    used 2863K, capacity 3048K, committed 3068K, reserved 1048576K
2017-08-14T21:17:13.332+0200: 3,671: [GC (Allocation Failure) 2017-08-14T21:17:13.332+0200: 3,671: [ParNew
Desired survivor size 20112992 bytes, new threshold 8 (max 8)
- age   1:    1634312 bytes,    1634312 total
- age   2:    1813832 bytes,    3448144 total
- age   4:      67064 bytes,    3515208 total
- age   5:     101256 bytes,    3616464 total
- age   6:     189208 bytes,    3805672 total
- age   7:     762784 bytes,    4568456 total
- age   8:    6132032 bytes,   10700488 total
: 102898K->13800K(109248K), 0,0173133 secs] 102898K->13800K(502464K), 0,0174157 secs] [Times: user=0,06 sys=0,00, real=0,02 secs] 
Heap after GC invocations=8 (full 1):
 par new generation   total 109248K, used 13800K [0x00000000e0000000, 0x00000000e8000000, 0x00000000e8000000)
  eden space 87424K,   0% used [0x00000000e0000000, 0x00000000e0000000, 0x00000000e5560000)
  from space 21824K,  63% used [0x00000000e5560000, 0x00000000e62da230, 0x00000000e6ab0000)
  to   space 21824K,   0% used [0x00000000e6ab0000, 0x00000000e6ab0000, 0x00000000e8000000)
 concurrent mark-sweep generation total 393216K, used 0K [0x00000000e8000000, 0x0000000100000000, 0x0000000100000000)
 Metaspace       used 24494K, capacity 24954K, committed 25084K, reserved 1071104K
  class space    used 2863K, capacity 3048K, committed 3068K, reserved 1048576K
}
2017-08-14T21:17:13.349+0200: 3,689: Total time for which application threads were stopped: 0,0177120 seconds, Stopping threads took: 0,0000733 seconds
{Heap before GC invocations=8 (full 1):
 par new generation   total 109248K, used 101224K [0x00000000e0000000, 0x00000000e8000000, 0x00000000e8000000)
  eden space 87424K, 100% used [0x00000000e0000000, 0x00000000e5560000, 0x00000000e5560000)
  from space 21824K,  63% used [0x00000000e5560000, 0x00000000e62da230, 0x00000000e6ab0000)
  to   space 21824K,   0% used [0x00000000e6ab0000, 0x00000000e6ab0000, 0x00000000e8000000)
 concurrent mark-sweep generation total 393216K, used 0K [0x00000000e8000000, 0x0000000100000000, 0x0000000100000000)
 Metaspace       used 24855K, capacity 25332K, committed 25468K, reserved 1071104K
  class space    used 2896K, capacity 3085K, committed 3196K, reserved 1048576K
2017-08-14T21:17:13.455+0200: 3,795: [GC (Allocation Failure) 2017-08-14T21:17:13.455+0200: 3,795: [ParNew
Desired survivor size 20112992 bytes, new threshold 8 (max 8)
- age   1:     883368 bytes,     883368 total
- age   2:    1009232 bytes,    1892600 total
- age   3:    1781128 bytes,    3673728 total
- age   5:      67064 bytes,    3740792 total
- age   6:     101152 bytes,    3841944 total
- age   7:     189208 bytes,    4031152 total
- age   8:     762784 bytes,    4793936 total
: 101224K->8348K(109248K), 0,0308727 secs] 101224K->14419K(502464K), 0,0309416 secs] [Times: user=0,10 sys=0,01, real=0,03 secs] 
Heap after GC invocations=9 (full 1):
 par new generation   total 109248K, used 8348K [0x00000000e0000000, 0x00000000e8000000, 0x00000000e8000000)
  eden space 87424K,   0% used [0x00000000e0000000, 0x00000000e0000000, 0x00000000e5560000)
  from space 21824K,  38% used [0x00000000e6ab0000, 0x00000000e72d71c0, 0x00000000e8000000)
  to   space 21824K,   0% used [0x00000000e5560000, 0x00000000e5560000, 0x00000000e6ab0000)
 concurrent mark-sweep generation total 393216K, used 6070K [0x00000000e8000000, 0x0000000100000000, 0x0000000100000000)
 Metaspace       used 24855K, capacity 25332K, committed 25468K, reserved 1071104K
  class space    used 2896K, capacity 3085K, committed 3196K, reserved 1048576K
}
2017-08-14T21:17:13.486+0200: 3,826: Total time for which application threads were stopped: 0,0315858 seconds, Stopping threads took: 0,0004907 seconds
2017-08-14T21:17:13.686+0200: 4,026: Total time for which application threads were stopped: 0,0004114 seconds, Stopping threads took: 0,0000408 seconds
2017-08-14T21:17:13.711+0200: 4,050: Total time for which application threads were stopped: 0,0005650 seconds, Stopping threads took: 0,0003081 seconds
2017-08-14T21:17:13.711+0200: 4,050: Total time for which application threads were stopped: 0,0000678 seconds, Stopping threads took: 0,0000096 seconds
2017-08-14T21:17:13.714+0200: 4,054: Total time for which application threads were stopped: 0,0000803 seconds, Stopping threads took: 0,0000141 seconds
2017-08-14T21:17:13.715+0200: 4,054: Total time for which application threads were stopped: 0,0000572 seconds, Stopping threads took: 0,0000102 seconds
2017-08-14T21:17:13.715+0200: 4,055: Total time for which application threads were stopped: 0,0000595 seconds, Stopping threads took: 0,0000117 seconds
2017-08-14T21:17:13.716+0200: 4,056: Total time for which application threads were stopped: 0,0000683 seconds, Stopping threads took: 0,0000258 seconds
2017-08-14T21:17:13.716+0200: 4,056: Total time for which application threads were stopped: 0,0000466 seconds, Stopping threads took: 0,0000096 seconds
2017-08-14T21:17:13.716+0200: 4,056: Total time for which application threads were stopped: 0,0000471 seconds, Stopping threads took: 0,0000084 seconds
2017-08-14T21:17:13.717+0200: 4,056: Total time for which application threads were stopped: 0,0000520 seconds, Stopping threads took: 0,0000128 seconds
2017-08-14T21:17:13.718+0200: 4,058: Total time for which application threads were stopped: 0,0000775 seconds, Stopping threads took: 0,0000200 seconds
2017-08-14T21:17:13.720+0200: 4,060: Total time for which application threads were stopped: 0,0001004 seconds, Stopping threads took: 0,0000209 seconds
2017-08-14T21:17:13.722+0200: 4,062: Total time for which application threads were stopped: 0,0000846 seconds, Stopping threads took: 0,0000164 seconds
2017-08-14T21:17:13.723+0200: 4,063: Total time for which application threads were stopped: 0,0001095 seconds, Stopping threads took: 0,0000452 seconds
2017-08-14T21:17:13.723+0200: 4,063: Total time for which application threads were stopped: 0,0000742 seconds, Stopping threads took: 0,0000256 seconds
2017-08-14T21:17:13.724+0200: 4,064: Total time for which application threads were stopped: 0,0000724 seconds, Stopping threads took: 0,0000235 seconds
2017-08-14T21:17:13.725+0200: 4,065: Total time for which application threads were stopped: 0,0000773 seconds, Stopping threads took: 0,0000249 seconds
2017-08-14T21:17:13.726+0200: 4,065: Total time for which application threads were stopped: 0,0000724 seconds, Stopping threads took: 0,0000277 seconds
2017-08-14T21:17:13.726+0200: 4,066: Total time for which application threads were stopped: 0,0000624 seconds, Stopping threads took: 0,0000096 seconds
2017-08-14T21:17:13.751+0200: 4,091: Total time for which application threads were stopped: 0,0001230 seconds, Stopping threads took: 0,0000317 seconds
2017-08-14T21:17:13.765+0200: 4,105: Total time for which application threads were stopped: 0,0004745 seconds, Stopping threads took: 0,0000559 seconds
2017-08-14T21:17:13.767+0200: 4,107: Total time for which application threads were stopped: 0,0000935 seconds, Stopping threads took: 0,0000207 seconds
2017-08-14T21:17:13.769+0200: 4,109: Total time for which application threads were stopped: 0,0001355 seconds, Stopping threads took: 0,0000374 seconds
2017-08-14T21:17:13.776+0200: 4,116: Total time for which application threads were stopped: 0,0002313 seconds, Stopping threads took: 0,0000347 seconds
2017-08-14T21:17:13.781+0200: 4,120: Total time for which application threads were stopped: 0,0001019 seconds, Stopping threads took: 0,0000336 seconds
2017-08-14T21:17:13.781+0200: 4,121: Total time for which application threads were stopped: 0,0003671 seconds, Stopping threads took: 0,0000097 seconds
2017-08-14T21:17:13.783+0200: 4,123: Total time for which application threads were stopped: 0,0001245 seconds, Stopping threads took: 0,0000373 seconds
2017-08-14T21:17:13.786+0200: 4,126: Total time for which application threads were stopped: 0,0001160 seconds, Stopping threads took: 0,0000306 seconds
2017-08-14T21:17:13.787+0200: 4,127: Total time for which application threads were stopped: 0,0001280 seconds, Stopping threads took: 0,0000353 seconds
2017-08-14T21:17:13.790+0200: 4,130: Total time for which application threads were stopped: 0,0001180 seconds, Stopping threads took: 0,0000181 seconds
2017-08-14T21:17:13.792+0200: 4,132: Total time for which application threads were stopped: 0,0001327 seconds, Stopping threads took: 0,0000566 seconds
2017-08-14T21:17:13.795+0200: 4,135: Total time for which application threads were stopped: 0,0001143 seconds, Stopping threads took: 0,0000271 seconds
2017-08-14T21:17:13.795+0200: 4,135: Total time for which application threads were stopped: 0,0000943 seconds, Stopping threads took: 0,0000154 seconds
2017-08-14T21:17:13.796+0200: 4,136: Total time for which application threads were stopped: 0,0000806 seconds, Stopping threads took: 0,0000149 seconds
2017-08-14T21:17:13.831+0200: 4,170: Total time for which application threads were stopped: 0,0002372 seconds, Stopping threads took: 0,0001419 seconds
2017-08-14T21:17:13.832+0200: 4,172: Total time for which application threads were stopped: 0,0000984 seconds, Stopping threads took: 0,0000250 seconds
2017-08-14T21:17:13.833+0200: 4,173: Total time for which application threads were stopped: 0,0001517 seconds, Stopping threads took: 0,0000629 seconds
2017-08-14T21:17:13.834+0200: 4,173: Total time for which application threads were stopped: 0,0001123 seconds, Stopping threads took: 0,0000231 seconds
2017-08-14T21:17:13.835+0200: 4,175: Total time for which application threads were stopped: 0,0001552 seconds, Stopping threads took: 0,0000665 seconds
2017-08-14T21:17:13.838+0200: 4,178: Total time for which application threads were stopped: 0,0001525 seconds, Stopping threads took: 0,0000652 seconds
2017-08-14T21:17:13.839+0200: 4,179: Total time for which application threads were stopped: 0,0001413 seconds, Stopping threads took: 0,0000554 seconds
2017-08-14T21:17:13.841+0200: 4,181: Total time for which application threads were stopped: 0,0000929 seconds, Stopping threads took: 0,0000190 seconds
2017-08-14T21:17:13.842+0200: 4,181: Total time for which application threads were stopped: 0,0001141 seconds, Stopping threads took: 0,0000526 seconds
2017-08-14T21:17:13.845+0200: 4,185: Total time for which application threads were stopped: 0,0001086 seconds, Stopping threads took: 0,0000403 seconds
2017-08-14T21:17:13.846+0200: 4,186: Total time for which application threads were stopped: 0,0003521 seconds, Stopping threads took: 0,0000134 seconds
2017-08-14T21:17:13.847+0200: 4,187: Total time for which application threads were stopped: 0,0001708 seconds, Stopping threads took: 0,0000527 seconds
2017-08-14T21:17:13.848+0200: 4,188: Total time for which application threads were stopped: 0,0000961 seconds, Stopping threads took: 0,0000345 seconds
2017-08-14T21:17:13.848+0200: 4,188: Total time for which application threads were stopped: 0,0000641 seconds, Stopping threads took: 0,0000222 seconds
2017-08-14T21:17:13.848+0200: 4,188: Total time for which application threads were stopped: 0,0000689 seconds, Stopping threads took: 0,0000107 seconds
2017-08-14T21:17:13.872+0200: 4,212: Total time for which application threads were stopped: 0,0001190 seconds, Stopping threads took: 0,0000327 seconds
2017-08-14T21:17:13.874+0200: 4,214: Total time for which application threads were stopped: 0,0001226 seconds, Stopping threads took: 0,0000544 seconds
2017-08-14T21:17:13.877+0200: 4,217: Total time for which application threads were stopped: 0,0001264 seconds, Stopping threads took: 0,0000419 seconds
2017-08-14T21:17:13.890+0200: 4,230: Total time for which application threads were stopped: 0,0000826 seconds, Stopping threads took: 0,0000185 seconds
2017-08-14T21:17:13.891+0200: 4,230: Total time for which application threads were stopped: 0,0001349 seconds, Stopping threads took: 0,0000596 seconds
2017-08-14T21:17:13.918+0200: 4,257: Total time for which application threads were stopped: 0,0029525 seconds, Stopping threads took: 0,0028729 seconds
2017-08-14T21:17:13.920+0200: 4,260: Total time for which application threads were stopped: 0,0001352 seconds, Stopping threads took: 0,0000585 seconds
2017-08-14T21:17:13.942+0200: 4,282: Total time for which application threads were stopped: 0,0000941 seconds, Stopping threads took: 0,0000298 seconds
2017-08-14T21:17:13.942+0200: 4,282: Total time for which application threads were stopped: 0,0003486 seconds, Stopping threads took: 0,0000093 seconds
2017-08-14T21:17:13.943+0200: 4,283: Total time for which application threads were stopped: 0,0001194 seconds, Stopping threads took: 0,0000680 seconds
2017-08-14T21:17:13.947+0200: 4,287: Total time for which application threads were stopped: 0,0000942 seconds, Stopping threads took: 0,0000192 seconds
2017-08-14T21:17:14.947+0200: 5,287: Total time for which application threads were stopped: 0,0000687 seconds, Stopping threads took: 0,0000169 seconds
2017-08-14T21:17:15.947+0200: 6,287: Total time for which application threads were stopped: 0,0000607 seconds, Stopping threads took: 0,0000162 seconds
2017-08-14T21:17:30.949+0200: 21,289: Total time for which application threads were stopped: 0,0001007 seconds, Stopping threads took: 0,0000355 seconds
2017-08-14T21:20:25.109+0200: 32,080: Total time for which application threads were stopped: 0,0001044 seconds, Stopping threads took: 0,0000348 seconds
2017-08-14T21:20:44.112+0200: 51,082: Total time for which application threads were stopped: 0,0000634 seconds, Stopping threads took: 0,0000161 seconds
2017-08-14T21:21:01.937+0200: 66,084: Total time for which application threads were stopped: 0,0000775 seconds, Stopping threads took: 0,0000198 seconds
2017-08-14T21:21:11.938+0200: 76,085: Total time for which application threads were stopped: 0,0000633 seconds, Stopping threads took: 0,0000160 seconds
2017-08-14T21:21:21.939+0200: 86,086: Total time for which application threads were stopped: 0,0000627 seconds, Stopping threads took: 0,0000162 seconds
2017-08-14T21:21:33.941+0200: 98,088: Total time for which application threads were stopped: 0,0005446 seconds, Stopping threads took: 0,0002157 seconds
2017-08-14T21:21:46.942+0200: 111,090: Total time for which application threads were stopped: 0,0000825 seconds, Stopping threads took: 0,0000205 seconds
2017-08-14T21:22:06.945+0200: 131,092: Total time for which application threads were stopped: 0,0000804 seconds, Stopping threads took: 0,0000336 seconds
2017-08-14T21:22:08.945+0200: 133,092: Total time for which application threads were stopped: 0,0000698 seconds, Stopping threads took: 0,0000185 seconds
2017-08-14T21:22:13.946+0200: 138,094: Total time for which application threads were stopped: 0,0005128 seconds, Stopping threads took: 0,0001148 seconds
2017-08-14T21:22:18.947+0200: 143,094: Total time for which application threads were stopped: 0,0003246 seconds, Stopping threads took: 0,0000930 seconds
{Heap before GC invocations=9 (full 1):
 par new generation   total 109248K, used 95772K [0x00000000e0000000, 0x00000000e8000000, 0x00000000e8000000)
  eden space 87424K, 100% used [0x00000000e0000000, 0x00000000e5560000, 0x00000000e5560000)
  from space 21824K,  38% used [0x00000000e6ab0000, 0x00000000e72d71c0, 0x00000000e8000000)
  to   space 21824K,   0% used [0x00000000e5560000, 0x00000000e5560000, 0x00000000e6ab0000)
 concurrent mark-sweep generation total 393216K, used 6070K [0x00000000e8000000, 0x0000000100000000, 0x0000000100000000)
 Metaspace       used 28091K, capacity 28638K, committed 28796K, reserved 1075200K
  class space    used 3214K, capacity 3392K, committed 3452K, reserved 1048576K
2017-08-14T21:22:51.855+0200: 176,002: [GC (Allocation Failure) 2017-08-14T21:22:51.855+0200: 176,002: [ParNew
Desired survivor size 20112992 bytes, new threshold 8 (max 8)
- age   1:   10984264 bytes,   10984264 total
- age   2:     180520 bytes,   11164784 total
- age   3:     229416 bytes,   11394200 total
- age   4:    1775568 bytes,   13169768 total
- age   6:      67064 bytes,   13236832 total
- age   7:      98448 bytes,   13335280 total
- age   8:     188552 bytes,   13523832 total
: 95772K->14502K(109248K), 0,0144458 secs] 101843K->21405K(502464K), 0,0145149 secs] [Times: user=0,05 sys=0,00, real=0,01 secs] 
Heap after GC invocations=10 (full 1):
 par new generation   total 109248K, used 14502K [0x00000000e0000000, 0x00000000e8000000, 0x00000000e8000000)
  eden space 87424K,   0% used [0x00000000e0000000, 0x00000000e0000000, 0x00000000e5560000)
  from space 21824K,  66% used [0x00000000e5560000, 0x00000000e6389930, 0x00000000e6ab0000)
  to   space 21824K,   0% used [0x00000000e6ab0000, 0x00000000e6ab0000, 0x00000000e8000000)
 concurrent mark-sweep generation total 393216K, used 6902K [0x00000000e8000000, 0x0000000100000000, 0x0000000100000000)
 Metaspace       used 28091K, capacity 28638K, committed 28796K, reserved 1075200K
  class space    used 3214K, capacity 3392K, committed 3452K, reserved 1048576K
}
2017-08-14T21:22:51.870+0200: 176,017: Total time for which application threads were stopped: 0,0147752 seconds, Stopping threads took: 0,0000905 seconds
2017-08-14T21:22:51.871+0200: 176,018: Total time for which application threads were stopped: 0,0000645 seconds, Stopping threads took: 0,0000197 seconds
2017-08-14T21:22:51.871+0200: 176,018: Total time for which application threads were stopped: 0,0000315 seconds, Stopping threads took: 0,0000081 seconds
2017-08-14T21:22:56.871+0200: 181,018: Total time for which application threads were stopped: 0,0000747 seconds, Stopping threads took: 0,0000236 seconds
2017-08-14T21:24:49.889+0200: 294,036: Total time for which application threads were stopped: 0,0001920 seconds, Stopping threads took: 0,0000749 seconds
2017-08-14T21:31:39.950+0200: 704,097: Total time for which application threads were stopped: 0,0000908 seconds, Stopping threads took: 0,0000312 seconds
2017-08-14T21:43:37.048+0200: 1421,195: Total time for which application threads were stopped: 0,0000913 seconds, Stopping threads took: 0,0000380 seconds
2017-08-14T21:48:12.077+0200: 1696,224: Total time for which application threads were stopped: 0,0001107 seconds, Stopping threads took: 0,0000534 seconds
2017-08-14T21:58:59.148+0200: 2343,296: Total time for which application threads were stopped: 0,0000874 seconds, Stopping threads took: 0,0000339 seconds
2017-08-14T21:59:02.149+0200: 2346,296: Total time for which application threads were stopped: 0,0000675 seconds, Stopping threads took: 0,0000146 seconds
2017-08-14T22:19:19.295+0200: 3563,442: Total time for which application threads were stopped: 0,0000855 seconds, Stopping threads took: 0,0000331 seconds
2017-08-14T22:24:17.329+0200: 3861,476: Total time for which application threads were stopped: 0,0000792 seconds, Stopping threads took: 0,0000313 seconds
2017-08-14T23:37:44.175+0200: 4964,609: Total time for which application threads were stopped: 0,0001441 seconds, Stopping threads took: 0,0000564 seconds
2017-08-14T23:38:19.179+0200: 4999,613: Total time for which application threads were stopped: 0,0004142 seconds, Stopping threads took: 0,0001364 seconds
2017-08-15T00:15:54.925+0200: 7254,864: Total time for which application threads were stopped: 0,0000839 seconds, Stopping threads took: 0,0000321 seconds
2017-08-15T00:17:01.932+0200: 7321,871: Total time for which application threads were stopped: 0,0000820 seconds, Stopping threads took: 0,0000291 seconds
2017-08-15T00:21:01.958+0200: 7561,897: Total time for which application threads were stopped: 0,0004967 seconds, Stopping threads took: 0,0001931 seconds
2017-08-15T00:23:01.970+0200: 7681,909: Total time for which application threads were stopped: 0,0000912 seconds, Stopping threads took: 0,0000310 seconds
2017-08-15T00:23:54.975+0200: 7734,914: Total time for which application threads were stopped: 0,0000869 seconds, Stopping threads took: 0,0000345 seconds
2017-08-15T01:13:04.308+0200: 10684,247: Total time for which application threads were stopped: 0,0001072 seconds, Stopping threads took: 0,0000196 seconds
2017-08-15T01:13:04.328+0200: 10684,267: Total time for which application threads were stopped: 0,0001324 seconds, Stopping threads took: 0,0000436 seconds
2017-08-15T01:13:04.328+0200: 10684,267: Total time for which application threads were stopped: 0,0000776 seconds, Stopping threads took: 0,0000250 seconds
2017-08-15T01:13:04.329+0200: 10684,268: Total time for which application threads were stopped: 0,0000686 seconds, Stopping threads took: 0,0000186 seconds
2017-08-15T01:13:04.329+0200: 10684,268: Total time for which application threads were stopped: 0,0000631 seconds, Stopping threads took: 0,0000171 seconds
2017-08-15T01:13:04.329+0200: 10684,268: Total time for which application threads were stopped: 0,0000581 seconds, Stopping threads took: 0,0000139 seconds
2017-08-15T01:13:04.329+0200: 10684,268: Total time for which application threads were stopped: 0,0000632 seconds, Stopping threads took: 0,0000144 seconds
2017-08-15T01:13:04.357+0200: 10684,296: Total time for which application threads were stopped: 0,0001406 seconds, Stopping threads took: 0,0000473 seconds
2017-08-15T01:13:04.358+0200: 10684,297: Total time for which application threads were stopped: 0,0001005 seconds, Stopping threads took: 0,0000357 seconds
2017-08-15T01:13:04.366+0200: 10684,305: Total time for which application threads were stopped: 0,0001454 seconds, Stopping threads took: 0,0000343 seconds
2017-08-15T01:13:04.387+0200: 10684,326: Total time for which application threads were stopped: 0,0001004 seconds, Stopping threads took: 0,0000307 seconds
2017-08-15T01:13:04.387+0200: 10684,326: Total time for which application threads were stopped: 0,0000656 seconds, Stopping threads took: 0,0000148 seconds
2017-08-15T01:13:04.387+0200: 10684,326: Total time for which application threads were stopped: 0,0000436 seconds, Stopping threads took: 0,0000126 seconds
2017-08-15T01:13:04.387+0200: 10684,326: Total time for which application threads were stopped: 0,0000464 seconds, Stopping threads took: 0,0000156 seconds
2017-08-15T01:13:04.387+0200: 10684,326: Total time for which application threads were stopped: 0,0000462 seconds, Stopping threads took: 0,0000143 seconds
2017-08-15T01:13:04.388+0200: 10684,327: Total time for which application threads were stopped: 0,0000790 seconds, Stopping threads took: 0,0000291 seconds
2017-08-15T01:13:04.388+0200: 10684,327: Total time for which application threads were stopped: 0,0000473 seconds, Stopping threads took: 0,0000125 seconds
2017-08-15T01:13:04.388+0200: 10684,327: Total time for which application threads were stopped: 0,0000490 seconds, Stopping threads took: 0,0000121 seconds
2017-08-15T01:13:04.388+0200: 10684,327: Total time for which application threads were stopped: 0,0000453 seconds, Stopping threads took: 0,0000131 seconds
2017-08-15T01:13:04.388+0200: 10684,327: Total time for which application threads were stopped: 0,0000465 seconds, Stopping threads took: 0,0000149 seconds
2017-08-15T01:13:04.388+0200: 10684,327: Total time for which application threads were stopped: 0,0000427 seconds, Stopping threads took: 0,0000115 seconds
2017-08-15T01:13:04.388+0200: 10684,327: Total time for which application threads were stopped: 0,0000410 seconds, Stopping threads took: 0,0000113 seconds
2017-08-15T01:13:04.388+0200: 10684,327: Total time for which application threads were stopped: 0,0000436 seconds, Stopping threads took: 0,0000114 seconds
2017-08-15T01:13:04.401+0200: 10684,340: Total time for which application threads were stopped: 0,0001178 seconds, Stopping threads took: 0,0000301 seconds
2017-08-15T01:13:04.401+0200: 10684,340: Total time for which application threads were stopped: 0,0000515 seconds, Stopping threads took: 0,0000159 seconds
2017-08-15T01:13:04.410+0200: 10684,349: Total time for which application threads were stopped: 0,0003509 seconds, Stopping threads took: 0,0002683 seconds
2017-08-15T01:13:04.415+0200: 10684,354: Total time for which application threads were stopped: 0,0000828 seconds, Stopping threads took: 0,0000180 seconds
2017-08-15T01:13:04.415+0200: 10684,354: Total time for which application threads were stopped: 0,0000490 seconds, Stopping threads took: 0,0000131 seconds
2017-08-15T01:13:04.415+0200: 10684,354: Total time for which application threads were stopped: 0,0000449 seconds, Stopping threads took: 0,0000129 seconds
2017-08-15T01:13:04.415+0200: 10684,354: Total time for which application threads were stopped: 0,0000883 seconds, Stopping threads took: 0,0000166 seconds
2017-08-15T01:13:04.418+0200: 10684,357: Total time for which application threads were stopped: 0,0000959 seconds, Stopping threads took: 0,0000320 seconds
2017-08-15T01:13:04.418+0200: 10684,357: Total time for which application threads were stopped: 0,0000488 seconds, Stopping threads took: 0,0000156 seconds
2017-08-15T01:13:04.419+0200: 10684,358: Total time for which application threads were stopped: 0,0000947 seconds, Stopping threads took: 0,0000319 seconds
2017-08-15T01:13:04.419+0200: 10684,358: Total time for which application threads were stopped: 0,0000487 seconds, Stopping threads took: 0,0000149 seconds
2017-08-15T01:13:04.420+0200: 10684,359: Total time for which application threads were stopped: 0,0000859 seconds, Stopping threads took: 0,0000236 seconds
2017-08-15T01:13:04.420+0200: 10684,359: Total time for which application threads were stopped: 0,0000776 seconds, Stopping threads took: 0,0000269 seconds
2017-08-15T01:13:04.423+0200: 10684,362: Total time for which application threads were stopped: 0,0001223 seconds, Stopping threads took: 0,0000474 seconds
2017-08-15T01:13:04.423+0200: 10684,362: Total time for which application threads were stopped: 0,0000558 seconds, Stopping threads took: 0,0000200 seconds
2017-08-15T01:13:04.424+0200: 10684,363: Total time for which application threads were stopped: 0,0000948 seconds, Stopping threads took: 0,0000335 seconds
2017-08-15T01:13:04.424+0200: 10684,363: Total time for which application threads were stopped: 0,0000569 seconds, Stopping threads took: 0,0000203 seconds
2017-08-15T01:13:04.424+0200: 10684,363: Total time for which application threads were stopped: 0,0000457 seconds, Stopping threads took: 0,0000143 seconds
2017-08-15T01:13:04.424+0200: 10684,363: Total time for which application threads were stopped: 0,0000561 seconds, Stopping threads took: 0,0000182 seconds
2017-08-15T01:13:04.425+0200: 10684,364: Total time for which application threads were stopped: 0,0000492 seconds, Stopping threads took: 0,0000168 seconds
2017-08-15T01:13:04.425+0200: 10684,364: Total time for which application threads were stopped: 0,0001707 seconds, Stopping threads took: 0,0000160 seconds
2017-08-15T01:13:04.426+0200: 10684,365: Total time for which application threads were stopped: 0,0001015 seconds, Stopping threads took: 0,0000332 seconds
2017-08-15T01:13:04.427+0200: 10684,366: Total time for which application threads were stopped: 0,0001336 seconds, Stopping threads took: 0,0000343 seconds
2017-08-15T01:13:04.429+0200: 10684,368: Total time for which application threads were stopped: 0,0000815 seconds, Stopping threads took: 0,0000247 seconds
2017-08-15T01:13:04.430+0200: 10684,369: Total time for which application threads were stopped: 0,0000808 seconds, Stopping threads took: 0,0000155 seconds
Heap
 par new generation   total 109248K, used 36575K [0x00000000e0000000, 0x00000000e8000000, 0x00000000e8000000)
  eden space 87424K,  25% used [0x00000000e0000000, 0x00000000e158e378, 0x00000000e5560000)
  from space 21824K,  66% used [0x00000000e5560000, 0x00000000e6389930, 0x00000000e6ab0000)
  to   space 21824K,   0% used [0x00000000e6ab0000, 0x00000000e6ab0000, 0x00000000e8000000)
 concurrent mark-sweep generation total 393216K, used 6902K [0x00000000e8000000, 0x0000000100000000, 0x0000000100000000)
 Metaspace       used 28230K, capacity 28742K, committed 28796K, reserved 1075200K
  class space    used 3228K, capacity 3426K, committed 3452K, reserved 1048576K
