OpenJDK 64-Bit Server VM (25.131-b11) for linux-amd64 JRE (1.8.0_131-8u131-b11-0ubuntu1.16.04.2-b11), built on May  6 2017 02:45:27 by "buildd" with gcc 5.4.0 20160609
Memory: 4k page, physical 7867740k(7421696k free), swap 8076284k(8076284k free)
CommandLine flags: -XX:CMSInitiatingOccupancyFraction=50 -XX:CMSMaxAbortablePrecleanTime=6000 -XX:+CMSParallelRemarkEnabled -XX:+CMSScavengeBeforeRemark -XX:ConcGCThreads=4 -XX:InitialHeapSize=536870912 -XX:MaxHeapSize=536870912 -XX:MaxTenuringThreshold=8 -XX:NewRatio=3 -XX:OldPLABSize=16 -XX:OnOutOfMemoryError=/opt/solr/bin/oom_solr.sh 8983 /var/solr/logs -XX:ParallelGCThreads=4 -XX:+ParallelRefProcEnabled -XX:PretenureSizeThreshold=67108864 -XX:+PrintGC -XX:+PrintGCApplicationStoppedTime -XX:+PrintGCDateStamps -XX:+PrintGCDetails -XX:+PrintGCTimeStamps -XX:+PrintHeapAtGC -XX:+PrintTenuringDistribution -XX:SurvivorRatio=4 -XX:TargetSurvivorRatio=90 -XX:ThreadStackSize=256 -XX:+UseCMSInitiatingOccupancyOnly -XX:+UseCompressedClassPointers -XX:+UseCompressedOops -XX:+UseConcMarkSweepGC -XX:+UseParNewGC 
2017-06-13T14:35:10.518+0200: 0,131: Total time for which application threads were stopped: 0,0000649 seconds, Stopping threads took: 0,0000121 seconds
2017-06-13T14:35:10.598+0200: 0,211: Total time for which application threads were stopped: 0,0001112 seconds, Stopping threads took: 0,0000137 seconds
2017-06-13T14:35:10.611+0200: 0,224: Total time for which application threads were stopped: 0,0001002 seconds, Stopping threads took: 0,0000172 seconds
2017-06-13T14:35:10.832+0200: 0,444: Total time for which application threads were stopped: 0,0001302 seconds, Stopping threads took: 0,0000116 seconds
2017-06-13T14:35:11.252+0200: 0,864: Total time for which application threads were stopped: 0,0001522 seconds, Stopping threads took: 0,0000123 seconds
2017-06-13T14:35:11.370+0200: 0,983: Total time for which application threads were stopped: 0,0002768 seconds, Stopping threads took: 0,0000293 seconds
2017-06-13T14:35:11.508+0200: 1,121: Total time for which application threads were stopped: 0,0007167 seconds, Stopping threads took: 0,0000573 seconds
2017-06-13T14:35:11.927+0200: 1,540: Total time for which application threads were stopped: 0,0001736 seconds, Stopping threads took: 0,0000114 seconds
2017-06-13T14:35:12.158+0200: 1,771: Total time for which application threads were stopped: 0,0004772 seconds, Stopping threads took: 0,0000533 seconds
2017-06-13T14:35:12.186+0200: 1,799: Total time for which application threads were stopped: 0,0003049 seconds, Stopping threads took: 0,0000195 seconds
2017-06-13T14:35:12.218+0200: 1,831: Total time for which application threads were stopped: 0,0001872 seconds, Stopping threads took: 0,0000177 seconds
2017-06-13T14:35:12.219+0200: 1,832: Total time for which application threads were stopped: 0,0002095 seconds, Stopping threads took: 0,0000192 seconds
2017-06-13T14:35:12.238+0200: 1,851: Total time for which application threads were stopped: 0,0003177 seconds, Stopping threads took: 0,0000318 seconds
2017-06-13T14:35:12.320+0200: 1,933: Total time for which application threads were stopped: 0,0002541 seconds, Stopping threads took: 0,0000354 seconds
2017-06-13T14:35:12.470+0200: 2,083: Total time for which application threads were stopped: 0,0003536 seconds, Stopping threads took: 0,0000541 seconds
{Heap before GC invocations=0 (full 0):
 par new generation   total 109248K, used 87424K [0x00000000e0000000, 0x00000000e8000000, 0x00000000e8000000)
  eden space 87424K, 100% used [0x00000000e0000000, 0x00000000e5560000, 0x00000000e5560000)
  from space 21824K,   0% used [0x00000000e5560000, 0x00000000e5560000, 0x00000000e6ab0000)
  to   space 21824K,   0% used [0x00000000e6ab0000, 0x00000000e6ab0000, 0x00000000e8000000)
 concurrent mark-sweep generation total 393216K, used 0K [0x00000000e8000000, 0x0000000100000000, 0x0000000100000000)
 Metaspace       used 18064K, capacity 18400K, committed 18688K, reserved 1064960K
  class space    used 2044K, capacity 2196K, committed 2304K, reserved 1048576K
2017-06-13T14:35:12.578+0200: 2,191: [GC (Allocation Failure) 2017-06-13T14:35:12.578+0200: 2,191: [ParNew
Desired survivor size 20112992 bytes, new threshold 8 (max 8)
- age   1:   12665904 bytes,   12665904 total
: 87424K->12479K(109248K), 0,0181825 secs] 87424K->12479K(502464K), 0,0182694 secs] [Times: user=0,05 sys=0,02, real=0,02 secs] 
Heap after GC invocations=1 (full 0):
 par new generation   total 109248K, used 12479K [0x00000000e0000000, 0x00000000e8000000, 0x00000000e8000000)
  eden space 87424K,   0% used [0x00000000e0000000, 0x00000000e0000000, 0x00000000e5560000)
  from space 21824K,  57% used [0x00000000e6ab0000, 0x00000000e76dff10, 0x00000000e8000000)
  to   space 21824K,   0% used [0x00000000e5560000, 0x00000000e5560000, 0x00000000e6ab0000)
 concurrent mark-sweep generation total 393216K, used 0K [0x00000000e8000000, 0x0000000100000000, 0x0000000100000000)
 Metaspace       used 18064K, capacity 18400K, committed 18688K, reserved 1064960K
  class space    used 2044K, capacity 2196K, committed 2304K, reserved 1048576K
}
2017-06-13T14:35:12.596+0200: 2,209: Total time for which application threads were stopped: 0,0185492 seconds, Stopping threads took: 0,0000583 seconds
2017-06-13T14:35:12.887+0200: 2,500: Total time for which application threads were stopped: 0,0003819 seconds, Stopping threads took: 0,0000651 seconds
2017-06-13T14:35:12.922+0200: 2,535: Total time for which application threads were stopped: 0,0004152 seconds, Stopping threads took: 0,0000738 seconds
{Heap before GC invocations=1 (full 0):
 par new generation   total 109248K, used 99903K [0x00000000e0000000, 0x00000000e8000000, 0x00000000e8000000)
  eden space 87424K, 100% used [0x00000000e0000000, 0x00000000e5560000, 0x00000000e5560000)
  from space 21824K,  57% used [0x00000000e6ab0000, 0x00000000e76dff10, 0x00000000e8000000)
  to   space 21824K,   0% used [0x00000000e5560000, 0x00000000e5560000, 0x00000000e6ab0000)
 concurrent mark-sweep generation total 393216K, used 0K [0x00000000e8000000, 0x0000000100000000, 0x0000000100000000)
 Metaspace       used 20027K, capacity 20348K, committed 20736K, reserved 1067008K
  class space    used 2293K, capacity 2464K, committed 2560K, reserved 1048576K
2017-06-13T14:35:12.927+0200: 2,540: [GC (Allocation Failure) 2017-06-13T14:35:12.927+0200: 2,540: [ParNew
Desired survivor size 20112992 bytes, new threshold 8 (max 8)
- age   1:    3501904 bytes,    3501904 total
- age   2:    6673720 bytes,   10175624 total
: 99903K->13774K(109248K), 0,0131833 secs] 99903K->13774K(502464K), 0,0132566 secs] [Times: user=0,04 sys=0,00, real=0,01 secs] 
Heap after GC invocations=2 (full 0):
 par new generation   total 109248K, used 13774K [0x00000000e0000000, 0x00000000e8000000, 0x00000000e8000000)
  eden space 87424K,   0% used [0x00000000e0000000, 0x00000000e0000000, 0x00000000e5560000)
  from space 21824K,  63% used [0x00000000e5560000, 0x00000000e62d3938, 0x00000000e6ab0000)
  to   space 21824K,   0% used [0x00000000e6ab0000, 0x00000000e6ab0000, 0x00000000e8000000)
 concurrent mark-sweep generation total 393216K, used 0K [0x00000000e8000000, 0x0000000100000000, 0x0000000100000000)
 Metaspace       used 20027K, capacity 20348K, committed 20736K, reserved 1067008K
  class space    used 2293K, capacity 2464K, committed 2560K, reserved 1048576K
}
2017-06-13T14:35:12.941+0200: 2,553: Total time for which application threads were stopped: 0,0134938 seconds, Stopping threads took: 0,0000840 seconds
2017-06-13T14:35:12.971+0200: 2,583: Total time for which application threads were stopped: 0,0003978 seconds, Stopping threads took: 0,0000476 seconds
2017-06-13T14:35:13.129+0200: 2,741: Total time for which application threads were stopped: 0,0001953 seconds, Stopping threads took: 0,0000686 seconds
{Heap before GC invocations=2 (full 0):
 par new generation   total 109248K, used 101198K [0x00000000e0000000, 0x00000000e8000000, 0x00000000e8000000)
  eden space 87424K, 100% used [0x00000000e0000000, 0x00000000e5560000, 0x00000000e5560000)
  from space 21824K,  63% used [0x00000000e5560000, 0x00000000e62d3938, 0x00000000e6ab0000)
  to   space 21824K,   0% used [0x00000000e6ab0000, 0x00000000e6ab0000, 0x00000000e8000000)
 concurrent mark-sweep generation total 393216K, used 0K [0x00000000e8000000, 0x0000000100000000, 0x0000000100000000)
 Metaspace       used 20939K, capacity 21270K, committed 21552K, reserved 1069056K
  class space    used 2415K, capacity 2583K, committed 2608K, reserved 1048576K
2017-06-13T14:35:13.151+0200: 2,764: [GC (Allocation Failure) 2017-06-13T14:35:13.151+0200: 2,764: [ParNew
Desired survivor size 20112992 bytes, new threshold 8 (max 8)
- age   1:    2204680 bytes,    2204680 total
- age   2:     838296 bytes,    3042976 total
- age   3:    6669800 bytes,    9712776 total
: 101198K->11388K(109248K), 0,0177656 secs] 101198K->11388K(502464K), 0,0178709 secs] [Times: user=0,06 sys=0,00, real=0,02 secs] 
Heap after GC invocations=3 (full 0):
 par new generation   total 109248K, used 11388K [0x00000000e0000000, 0x00000000e8000000, 0x00000000e8000000)
  eden space 87424K,   0% used [0x00000000e0000000, 0x00000000e0000000, 0x00000000e5560000)
  from space 21824K,  52% used [0x00000000e6ab0000, 0x00000000e75cf140, 0x00000000e8000000)
  to   space 21824K,   0% used [0x00000000e5560000, 0x00000000e5560000, 0x00000000e6ab0000)
 concurrent mark-sweep generation total 393216K, used 0K [0x00000000e8000000, 0x0000000100000000, 0x0000000100000000)
 Metaspace       used 20939K, capacity 21270K, committed 21552K, reserved 1069056K
  class space    used 2415K, capacity 2583K, committed 2608K, reserved 1048576K
}
2017-06-13T14:35:13.169+0200: 2,782: Total time for which application threads were stopped: 0,0180469 seconds, Stopping threads took: 0,0000272 seconds
2017-06-13T14:35:13.176+0200: 2,789: [GC (CMS Initial Mark) [1 CMS-initial-mark: 0K(393216K)] 18532K(502464K), 0,0052263 secs] [Times: user=0,02 sys=0,00, real=0,00 secs] 
2017-06-13T14:35:13.181+0200: 2,794: Total time for which application threads were stopped: 0,0054682 seconds, Stopping threads took: 0,0001317 seconds
2017-06-13T14:35:13.181+0200: 2,794: [CMS-concurrent-mark-start]
2017-06-13T14:35:13.182+0200: 2,794: [CMS-concurrent-mark: 0,001/0,001 secs] [Times: user=0,00 sys=0,00, real=0,00 secs] 
2017-06-13T14:35:13.182+0200: 2,794: [CMS-concurrent-preclean-start]
2017-06-13T14:35:13.183+0200: 2,796: [CMS-concurrent-preclean: 0,001/0,001 secs] [Times: user=0,01 sys=0,00, real=0,00 secs] 
2017-06-13T14:35:13.183+0200: 2,796: [CMS-concurrent-abortable-preclean-start]
{Heap before GC invocations=3 (full 1):
 par new generation   total 109248K, used 98812K [0x00000000e0000000, 0x00000000e8000000, 0x00000000e8000000)
  eden space 87424K, 100% used [0x00000000e0000000, 0x00000000e5560000, 0x00000000e5560000)
  from space 21824K,  52% used [0x00000000e6ab0000, 0x00000000e75cf140, 0x00000000e8000000)
  to   space 21824K,   0% used [0x00000000e5560000, 0x00000000e5560000, 0x00000000e6ab0000)
 concurrent mark-sweep generation total 393216K, used 0K [0x00000000e8000000, 0x0000000100000000, 0x0000000100000000)
 Metaspace       used 21221K, capacity 21546K, committed 21628K, reserved 1069056K
  class space    used 2445K, capacity 2598K, committed 2608K, reserved 1048576K
2017-06-13T14:35:13.285+0200: 2,898: [GC (Allocation Failure) 2017-06-13T14:35:13.285+0200: 2,898: [ParNew
Desired survivor size 20112992 bytes, new threshold 8 (max 8)
- age   1:     499296 bytes,     499296 total
- age   2:    1456624 bytes,    1955920 total
- age   3:     824536 bytes,    2780456 total
- age   4:    6669760 bytes,    9450216 total
: 98812K->14940K(109248K), 0,0160038 secs] 98812K->14940K(502464K), 0,0160717 secs] [Times: user=0,04 sys=0,00, real=0,02 secs] 
Heap after GC invocations=4 (full 1):
 par new generation   total 109248K, used 14940K [0x00000000e0000000, 0x00000000e8000000, 0x00000000e8000000)
  eden space 87424K,   0% used [0x00000000e0000000, 0x00000000e0000000, 0x00000000e5560000)
  from space 21824K,  68% used [0x00000000e5560000, 0x00000000e63f71a0, 0x00000000e6ab0000)
  to   space 21824K,   0% used [0x00000000e6ab0000, 0x00000000e6ab0000, 0x00000000e8000000)
 concurrent mark-sweep generation total 393216K, used 0K [0x00000000e8000000, 0x0000000100000000, 0x0000000100000000)
 Metaspace       used 21221K, capacity 21546K, committed 21628K, reserved 1069056K
  class space    used 2445K, capacity 2598K, committed 2608K, reserved 1048576K
}
2017-06-13T14:35:13.302+0200: 2,914: Total time for which application threads were stopped: 0,0162618 seconds, Stopping threads took: 0,0000286 seconds
2017-06-13T14:35:13.302+0200: 2,914: [CMS-concurrent-abortable-preclean: 0,080/0,119 secs] [Times: user=0,43 sys=0,00, real=0,12 secs] 
2017-06-13T14:35:13.302+0200: 2,915: [GC (CMS Final Remark) [YG occupancy: 15595 K (109248 K)]{Heap before GC invocations=4 (full 1):
 par new generation   total 109248K, used 15595K [0x00000000e0000000, 0x00000000e8000000, 0x00000000e8000000)
  eden space 87424K,   0% used [0x00000000e0000000, 0x00000000e00a3e50, 0x00000000e5560000)
  from space 21824K,  68% used [0x00000000e5560000, 0x00000000e63f71a0, 0x00000000e6ab0000)
  to   space 21824K,   0% used [0x00000000e6ab0000, 0x00000000e6ab0000, 0x00000000e8000000)
 concurrent mark-sweep generation total 393216K, used 0K [0x00000000e8000000, 0x0000000100000000, 0x0000000100000000)
 Metaspace       used 21221K, capacity 21546K, committed 21628K, reserved 1069056K
  class space    used 2445K, capacity 2598K, committed 2608K, reserved 1048576K
2017-06-13T14:35:13.302+0200: 2,915: [GC (CMS Final Remark) 2017-06-13T14:35:13.302+0200: 2,915: [ParNew
Desired survivor size 20112992 bytes, new threshold 8 (max 8)
- age   1:     100104 bytes,     100104 total
- age   2:     466512 bytes,     566616 total
- age   3:    1456624 bytes,    2023240 total
- age   4:     824536 bytes,    2847776 total
- age   5:    6670024 bytes,    9517800 total
: 15595K->12214K(109248K), 0,0085000 secs] 15595K->12214K(502464K), 0,0085381 secs] [Times: user=0,03 sys=0,00, real=0,00 secs] 
Heap after GC invocations=5 (full 1):
 par new generation   total 109248K, used 12214K [0x00000000e0000000, 0x00000000e8000000, 0x00000000e8000000)
  eden space 87424K,   0% used [0x00000000e0000000, 0x00000000e0000000, 0x00000000e5560000)
  from space 21824K,  55% used [0x00000000e6ab0000, 0x00000000e769d8d8, 0x00000000e8000000)
  to   space 21824K,   0% used [0x00000000e5560000, 0x00000000e5560000, 0x00000000e6ab0000)
 concurrent mark-sweep generation total 393216K, used 0K [0x00000000e8000000, 0x0000000100000000, 0x0000000100000000)
 Metaspace       used 21221K, capacity 21546K, committed 21628K, reserved 1069056K
  class space    used 2445K, capacity 2598K, committed 2608K, reserved 1048576K
}
2017-06-13T14:35:13.310+0200: 2,923: [Rescan (parallel) , 0,0030723 secs]2017-06-13T14:35:13.313+0200: 2,926: [weak refs processing, 0,0003609 secs]2017-06-13T14:35:13.314+0200: 2,927: [class unloading, 0,0027418 secs]2017-06-13T14:35:13.317+0200: 2,929: [scrub symbol table, 0,0025483 secs]2017-06-13T14:35:13.319+0200: 2,932: [scrub string table, 0,0003741 secs][1 CMS-remark: 0K(393216K)] 12214K(502464K), 0,0182212 secs] [Times: user=0,05 sys=0,00, real=0,01 secs] 
2017-06-13T14:35:13.320+0200: 2,933: Total time for which application threads were stopped: 0,0184869 seconds, Stopping threads took: 0,0001981 seconds
2017-06-13T14:35:13.320+0200: 2,933: [CMS-concurrent-sweep-start]
2017-06-13T14:35:13.320+0200: 2,933: [CMS-concurrent-sweep: 0,000/0,000 secs] [Times: user=0,00 sys=0,00, real=0,00 secs] 
2017-06-13T14:35:13.320+0200: 2,933: [CMS-concurrent-reset-start]
2017-06-13T14:35:13.322+0200: 2,935: [CMS-concurrent-reset: 0,002/0,002 secs] [Times: user=0,00 sys=0,00, real=0,01 secs] 
{Heap before GC invocations=5 (full 1):
 par new generation   total 109248K, used 99638K [0x00000000e0000000, 0x00000000e8000000, 0x00000000e8000000)
  eden space 87424K, 100% used [0x00000000e0000000, 0x00000000e5560000, 0x00000000e5560000)
  from space 21824K,  55% used [0x00000000e6ab0000, 0x00000000e769d8d8, 0x00000000e8000000)
  to   space 21824K,   0% used [0x00000000e5560000, 0x00000000e5560000, 0x00000000e6ab0000)
 concurrent mark-sweep generation total 393216K, used 0K [0x00000000e8000000, 0x0000000100000000, 0x0000000100000000)
 Metaspace       used 21351K, capacity 21718K, committed 22012K, reserved 1069056K
  class space    used 2463K, capacity 2632K, committed 2736K, reserved 1048576K
2017-06-13T14:35:13.410+0200: 3,023: [GC (Allocation Failure) 2017-06-13T14:35:13.410+0200: 3,023: [ParNew
Desired survivor size 20112992 bytes, new threshold 8 (max 8)
- age   1:     254896 bytes,     254896 total
- age   3:     191632 bytes,     446528 total
- age   4:    1456240 bytes,    1902768 total
- age   5:     822616 bytes,    2725384 total
- age   6:    6670000 bytes,    9395384 total
: 99638K->11489K(109248K), 0,0092754 secs] 99638K->11489K(502464K), 0,0093479 secs] [Times: user=0,04 sys=0,00, real=0,01 secs] 
Heap after GC invocations=6 (full 1):
 par new generation   total 109248K, used 11489K [0x00000000e0000000, 0x00000000e8000000, 0x00000000e8000000)
  eden space 87424K,   0% used [0x00000000e0000000, 0x00000000e0000000, 0x00000000e5560000)
  from space 21824K,  52% used [0x00000000e5560000, 0x00000000e6098620, 0x00000000e6ab0000)
  to   space 21824K,   0% used [0x00000000e6ab0000, 0x00000000e6ab0000, 0x00000000e8000000)
 concurrent mark-sweep generation total 393216K, used 0K [0x00000000e8000000, 0x0000000100000000, 0x0000000100000000)
 Metaspace       used 21351K, capacity 21718K, committed 22012K, reserved 1069056K
  class space    used 2463K, capacity 2632K, committed 2736K, reserved 1048576K
}
2017-06-13T14:35:13.420+0200: 3,033: Total time for which application threads were stopped: 0,0095820 seconds, Stopping threads took: 0,0000857 seconds
2017-06-13T14:35:13.446+0200: 3,059: Total time for which application threads were stopped: 0,0003110 seconds, Stopping threads took: 0,0000170 seconds
2017-06-13T14:35:13.693+0200: 3,306: Total time for which application threads were stopped: 0,0004663 seconds, Stopping threads took: 0,0000247 seconds
2017-06-13T14:35:13.710+0200: 3,323: Total time for which application threads were stopped: 0,0004228 seconds, Stopping threads took: 0,0000393 seconds
{Heap before GC invocations=6 (full 1):
 par new generation   total 109248K, used 98913K [0x00000000e0000000, 0x00000000e8000000, 0x00000000e8000000)
  eden space 87424K, 100% used [0x00000000e0000000, 0x00000000e5560000, 0x00000000e5560000)
  from space 21824K,  52% used [0x00000000e5560000, 0x00000000e6098620, 0x00000000e6ab0000)
  to   space 21824K,   0% used [0x00000000e6ab0000, 0x00000000e6ab0000, 0x00000000e8000000)
 concurrent mark-sweep generation total 393216K, used 0K [0x00000000e8000000, 0x0000000100000000, 0x0000000100000000)
 Metaspace       used 23852K, capacity 24310K, committed 24624K, reserved 1071104K
  class space    used 2812K, capacity 3006K, committed 3120K, reserved 1048576K
2017-06-13T14:35:13.877+0200: 3,490: [GC (Allocation Failure) 2017-06-13T14:35:13.878+0200: 3,490: [ParNew
Desired survivor size 20112992 bytes, new threshold 8 (max 8)
- age   1:    5387320 bytes,    5387320 total
- age   2:     115024 bytes,    5502344 total
- age   4:     190208 bytes,    5692552 total
- age   5:     286528 bytes,    5979080 total
- age   6:     798320 bytes,    6777400 total
- age   7:    6661816 bytes,   13439216 total
: 98913K->20075K(109248K), 0,0179767 secs] 98913K->20075K(502464K), 0,0180571 secs] [Times: user=0,07 sys=0,01, real=0,02 secs] 
Heap after GC invocations=7 (full 1):
 par new generation   total 109248K, used 20075K [0x00000000e0000000, 0x00000000e8000000, 0x00000000e8000000)
  eden space 87424K,   0% used [0x00000000e0000000, 0x00000000e0000000, 0x00000000e5560000)
  from space 21824K,  91% used [0x00000000e6ab0000, 0x00000000e7e4ad40, 0x00000000e8000000)
  to   space 21824K,   0% used [0x00000000e5560000, 0x00000000e5560000, 0x00000000e6ab0000)
 concurrent mark-sweep generation total 393216K, used 0K [0x00000000e8000000, 0x0000000100000000, 0x0000000100000000)
 Metaspace       used 23852K, capacity 24310K, committed 24624K, reserved 1071104K
  class space    used 2812K, capacity 3006K, committed 3120K, reserved 1048576K
}
2017-06-13T14:35:13.896+0200: 3,508: Total time for which application threads were stopped: 0,0210777 seconds, Stopping threads took: 0,0027499 seconds
{Heap before GC invocations=7 (full 1):
 par new generation   total 109248K, used 107498K [0x00000000e0000000, 0x00000000e8000000, 0x00000000e8000000)
  eden space 87424K,  99% used [0x00000000e0000000, 0x00000000e555fdf8, 0x00000000e5560000)
  from space 21824K,  91% used [0x00000000e6ab0000, 0x00000000e7e4ad40, 0x00000000e8000000)
  to   space 21824K,   0% used [0x00000000e5560000, 0x00000000e5560000, 0x00000000e6ab0000)
 concurrent mark-sweep generation total 393216K, used 0K [0x00000000e8000000, 0x0000000100000000, 0x0000000100000000)
 Metaspace       used 24551K, capacity 25020K, committed 25136K, reserved 1071104K
  class space    used 2873K, capacity 3071K, committed 3120K, reserved 1048576K
2017-06-13T14:35:14.016+0200: 3,629: [GC (Allocation Failure) 2017-06-13T14:35:14.016+0200: 3,629: [ParNew
Desired survivor size 20112992 bytes, new threshold 8 (max 8)
- age   1:    1927848 bytes,    1927848 total
- age   2:    1800248 bytes,    3728096 total
- age   3:      49848 bytes,    3777944 total
- age   5:     111128 bytes,    3889072 total
- age   6:     186824 bytes,    4075896 total
- age   7:     754144 bytes,    4830040 total
- age   8:    6128472 bytes,   10958512 total
: 107498K->13221K(109248K), 0,0143864 secs] 107498K->13221K(502464K), 0,0145071 secs] [Times: user=0,06 sys=0,00, real=0,01 secs] 
Heap after GC invocations=8 (full 1):
 par new generation   total 109248K, used 13221K [0x00000000e0000000, 0x00000000e8000000, 0x00000000e8000000)
  eden space 87424K,   0% used [0x00000000e0000000, 0x00000000e0000000, 0x00000000e5560000)
  from space 21824K,  60% used [0x00000000e5560000, 0x00000000e62494b0, 0x00000000e6ab0000)
  to   space 21824K,   0% used [0x00000000e6ab0000, 0x00000000e6ab0000, 0x00000000e8000000)
 concurrent mark-sweep generation total 393216K, used 0K [0x00000000e8000000, 0x0000000100000000, 0x0000000100000000)
 Metaspace       used 24551K, capacity 25020K, committed 25136K, reserved 1071104K
  class space    used 2873K, capacity 3071K, committed 3120K, reserved 1048576K
}
2017-06-13T14:35:14.031+0200: 3,643: Total time for which application threads were stopped: 0,0148338 seconds, Stopping threads took: 0,0000519 seconds
{Heap before GC invocations=8 (full 1):
 par new generation   total 109248K, used 100645K [0x00000000e0000000, 0x00000000e8000000, 0x00000000e8000000)
  eden space 87424K, 100% used [0x00000000e0000000, 0x00000000e5560000, 0x00000000e5560000)
  from space 21824K,  60% used [0x00000000e5560000, 0x00000000e62494b0, 0x00000000e6ab0000)
  to   space 21824K,   0% used [0x00000000e6ab0000, 0x00000000e6ab0000, 0x00000000e8000000)
 concurrent mark-sweep generation total 393216K, used 0K [0x00000000e8000000, 0x0000000100000000, 0x0000000100000000)
 Metaspace       used 24913K, capacity 25366K, committed 25648K, reserved 1071104K
  class space    used 2904K, capacity 3076K, committed 3120K, reserved 1048576K
2017-06-13T14:35:14.137+0200: 3,750: [GC (Allocation Failure) 2017-06-13T14:35:14.137+0200: 3,750: [ParNew
Desired survivor size 20112992 bytes, new threshold 8 (max 8)
- age   1:     978432 bytes,     978432 total
- age   2:     680184 bytes,    1658616 total
- age   3:    1777392 bytes,    3436008 total
- age   4:      47432 bytes,    3483440 total
- age   6:     110960 bytes,    3594400 total
- age   7:     186328 bytes,    3780728 total
- age   8:     753248 bytes,    4533976 total
: 100645K->9348K(109248K), 0,0320188 secs] 100645K->15413K(502464K), 0,0320918 secs] [Times: user=0,09 sys=0,00, real=0,03 secs] 
Heap after GC invocations=9 (full 1):
 par new generation   total 109248K, used 9348K [0x00000000e0000000, 0x00000000e8000000, 0x00000000e8000000)
  eden space 87424K,   0% used [0x00000000e0000000, 0x00000000e0000000, 0x00000000e5560000)
  from space 21824K,  42% used [0x00000000e6ab0000, 0x00000000e73d1140, 0x00000000e8000000)
  to   space 21824K,   0% used [0x00000000e5560000, 0x00000000e5560000, 0x00000000e6ab0000)
 concurrent mark-sweep generation total 393216K, used 6065K [0x00000000e8000000, 0x0000000100000000, 0x0000000100000000)
 Metaspace       used 24913K, capacity 25366K, committed 25648K, reserved 1071104K
  class space    used 2904K, capacity 3076K, committed 3120K, reserved 1048576K
}
2017-06-13T14:35:14.170+0200: 3,782: Total time for which application threads were stopped: 0,0355548 seconds, Stopping threads took: 0,0033099 seconds
2017-06-13T14:35:14.445+0200: 4,058: Total time for which application threads were stopped: 0,0031119 seconds, Stopping threads took: 0,0021089 seconds
2017-06-13T14:35:14.465+0200: 4,078: Total time for which application threads were stopped: 0,0012673 seconds, Stopping threads took: 0,0011516 seconds
2017-06-13T14:35:14.470+0200: 4,083: Total time for which application threads were stopped: 0,0007120 seconds, Stopping threads took: 0,0000447 seconds
2017-06-13T14:35:14.496+0200: 4,109: Total time for which application threads were stopped: 0,0006166 seconds, Stopping threads took: 0,0000372 seconds
2017-06-13T14:35:14.573+0200: 4,186: Total time for which application threads were stopped: 0,0001526 seconds, Stopping threads took: 0,0000443 seconds
2017-06-13T14:35:14.574+0200: 4,187: Total time for which application threads were stopped: 0,0001324 seconds, Stopping threads took: 0,0000385 seconds
2017-06-13T14:35:14.580+0200: 4,193: Total time for which application threads were stopped: 0,0004565 seconds, Stopping threads took: 0,0000492 seconds
2017-06-13T14:35:14.582+0200: 4,195: Total time for which application threads were stopped: 0,0001321 seconds, Stopping threads took: 0,0000387 seconds
2017-06-13T14:35:14.588+0200: 4,201: Total time for which application threads were stopped: 0,0010499 seconds, Stopping threads took: 0,0009683 seconds
2017-06-13T14:35:14.588+0200: 4,201: Total time for which application threads were stopped: 0,0001246 seconds, Stopping threads took: 0,0000489 seconds
2017-06-13T14:35:14.599+0200: 4,211: Total time for which application threads were stopped: 0,0001187 seconds, Stopping threads took: 0,0000390 seconds
2017-06-13T14:35:14.605+0200: 4,218: Total time for which application threads were stopped: 0,0000891 seconds, Stopping threads took: 0,0000220 seconds
2017-06-13T14:35:14.606+0200: 4,219: Total time for which application threads were stopped: 0,0000974 seconds, Stopping threads took: 0,0000324 seconds
2017-06-13T14:35:14.608+0200: 4,221: Total time for which application threads were stopped: 0,0001034 seconds, Stopping threads took: 0,0000252 seconds
2017-06-13T14:35:14.617+0200: 4,230: Total time for which application threads were stopped: 0,0001281 seconds, Stopping threads took: 0,0000431 seconds
2017-06-13T14:35:14.618+0200: 4,230: Total time for which application threads were stopped: 0,0000883 seconds, Stopping threads took: 0,0000224 seconds
2017-06-13T14:35:14.618+0200: 4,231: Total time for which application threads were stopped: 0,0000702 seconds, Stopping threads took: 0,0000212 seconds
2017-06-13T14:35:14.618+0200: 4,231: Total time for which application threads were stopped: 0,0001390 seconds, Stopping threads took: 0,0000508 seconds
2017-06-13T14:35:14.619+0200: 4,231: Total time for which application threads were stopped: 0,0001642 seconds, Stopping threads took: 0,0000945 seconds
2017-06-13T14:35:14.619+0200: 4,231: Total time for which application threads were stopped: 0,0000701 seconds, Stopping threads took: 0,0000107 seconds
2017-06-13T14:35:14.619+0200: 4,232: Total time for which application threads were stopped: 0,0001055 seconds, Stopping threads took: 0,0000472 seconds
2017-06-13T14:35:14.619+0200: 4,232: Total time for which application threads were stopped: 0,0000542 seconds, Stopping threads took: 0,0000132 seconds
2017-06-13T14:35:14.619+0200: 4,232: Total time for which application threads were stopped: 0,0000562 seconds, Stopping threads took: 0,0000216 seconds
2017-06-13T14:35:14.620+0200: 4,232: Total time for which application threads were stopped: 0,0003457 seconds, Stopping threads took: 0,0002646 seconds
2017-06-13T14:35:14.620+0200: 4,233: Total time for which application threads were stopped: 0,0001580 seconds, Stopping threads took: 0,0000200 seconds
2017-06-13T14:35:14.623+0200: 4,236: Total time for which application threads were stopped: 0,0001493 seconds, Stopping threads took: 0,0000334 seconds
2017-06-13T14:35:14.624+0200: 4,237: Total time for which application threads were stopped: 0,0001827 seconds, Stopping threads took: 0,0000534 seconds
2017-06-13T14:35:14.624+0200: 4,237: Total time for which application threads were stopped: 0,0001174 seconds, Stopping threads took: 0,0000316 seconds
2017-06-13T14:35:14.624+0200: 4,237: Total time for which application threads were stopped: 0,0001221 seconds, Stopping threads took: 0,0000465 seconds
2017-06-13T14:35:14.625+0200: 4,237: Total time for which application threads were stopped: 0,0001018 seconds, Stopping threads took: 0,0000263 seconds
2017-06-13T14:35:14.625+0200: 4,237: Total time for which application threads were stopped: 0,0000926 seconds, Stopping threads took: 0,0000280 seconds
2017-06-13T14:35:14.625+0200: 4,238: Total time for which application threads were stopped: 0,0001314 seconds, Stopping threads took: 0,0000378 seconds
2017-06-13T14:35:14.625+0200: 4,238: Total time for which application threads were stopped: 0,0001145 seconds, Stopping threads took: 0,0000366 seconds
2017-06-13T14:35:14.626+0200: 4,238: Total time for which application threads were stopped: 0,0000676 seconds, Stopping threads took: 0,0000162 seconds
2017-06-13T14:35:14.626+0200: 4,238: Total time for which application threads were stopped: 0,0000736 seconds, Stopping threads took: 0,0000216 seconds
2017-06-13T14:35:14.626+0200: 4,238: Total time for which application threads were stopped: 0,0000665 seconds, Stopping threads took: 0,0000216 seconds
2017-06-13T14:35:14.626+0200: 4,239: Total time for which application threads were stopped: 0,0000742 seconds, Stopping threads took: 0,0000183 seconds
2017-06-13T14:35:14.633+0200: 4,245: Total time for which application threads were stopped: 0,0001635 seconds, Stopping threads took: 0,0000513 seconds
2017-06-13T14:35:14.637+0200: 4,250: Total time for which application threads were stopped: 0,0001683 seconds, Stopping threads took: 0,0000417 seconds
2017-06-13T14:35:14.638+0200: 4,251: Total time for which application threads were stopped: 0,0003730 seconds, Stopping threads took: 0,0000656 seconds
2017-06-13T14:35:14.640+0200: 4,253: Total time for which application threads were stopped: 0,0001496 seconds, Stopping threads took: 0,0000395 seconds
2017-06-13T14:35:14.642+0200: 4,254: Total time for which application threads were stopped: 0,0001536 seconds, Stopping threads took: 0,0000563 seconds
2017-06-13T14:35:14.642+0200: 4,254: Total time for which application threads were stopped: 0,0001121 seconds, Stopping threads took: 0,0000394 seconds
2017-06-13T14:35:14.642+0200: 4,255: Total time for which application threads were stopped: 0,0000862 seconds, Stopping threads took: 0,0000219 seconds
2017-06-13T14:35:14.642+0200: 4,255: Total time for which application threads were stopped: 0,0000790 seconds, Stopping threads took: 0,0000205 seconds
2017-06-13T14:35:14.642+0200: 4,255: Total time for which application threads were stopped: 0,0000752 seconds, Stopping threads took: 0,0000220 seconds
2017-06-13T14:35:14.642+0200: 4,255: Total time for which application threads were stopped: 0,0000683 seconds, Stopping threads took: 0,0000169 seconds
2017-06-13T14:35:14.643+0200: 4,255: Total time for which application threads were stopped: 0,0002002 seconds, Stopping threads took: 0,0000188 seconds
2017-06-13T14:35:14.669+0200: 4,282: Total time for which application threads were stopped: 0,0002423 seconds, Stopping threads took: 0,0000515 seconds
2017-06-13T14:35:14.699+0200: 4,311: Total time for which application threads were stopped: 0,0046144 seconds, Stopping threads took: 0,0045263 seconds
2017-06-13T14:35:14.705+0200: 4,318: Total time for which application threads were stopped: 0,0001382 seconds, Stopping threads took: 0,0000676 seconds
2017-06-13T14:35:14.718+0200: 4,331: Total time for which application threads were stopped: 0,0005795 seconds, Stopping threads took: 0,0000212 seconds
2017-06-13T14:35:14.718+0200: 4,331: Total time for which application threads were stopped: 0,0001334 seconds, Stopping threads took: 0,0000704 seconds
2017-06-13T14:35:14.723+0200: 4,335: Total time for which application threads were stopped: 0,0001116 seconds, Stopping threads took: 0,0000294 seconds
2017-06-13T14:35:15.723+0200: 5,335: Total time for which application threads were stopped: 0,0000894 seconds, Stopping threads took: 0,0000273 seconds
2017-06-13T14:35:42.726+0200: 32,338: Total time for which application threads were stopped: 0,0000593 seconds, Stopping threads took: 0,0000169 seconds
2017-06-13T14:37:07.735+0200: 117,348: Total time for which application threads were stopped: 0,0000780 seconds, Stopping threads took: 0,0000341 seconds
2017-06-13T14:37:12.736+0200: 122,348: Total time for which application threads were stopped: 0,0000675 seconds, Stopping threads took: 0,0000173 seconds
{Heap before GC invocations=9 (full 1):
 par new generation   total 109248K, used 96772K [0x00000000e0000000, 0x00000000e8000000, 0x00000000e8000000)
  eden space 87424K, 100% used [0x00000000e0000000, 0x00000000e5560000, 0x00000000e5560000)
  from space 21824K,  42% used [0x00000000e6ab0000, 0x00000000e73d1140, 0x00000000e8000000)
  to   space 21824K,   0% used [0x00000000e5560000, 0x00000000e5560000, 0x00000000e6ab0000)
 concurrent mark-sweep generation total 393216K, used 6065K [0x00000000e8000000, 0x0000000100000000, 0x0000000100000000)
 Metaspace       used 28012K, capacity 28534K, committed 28848K, reserved 1075200K
  class space    used 3208K, capacity 3382K, committed 3504K, reserved 1048576K
2017-06-13T14:38:06.276+0200: 175,889: [GC (Allocation Failure) 2017-06-13T14:38:06.276+0200: 175,889: [ParNew
Desired survivor size 20112992 bytes, new threshold 8 (max 8)
- age   1:   10450616 bytes,   10450616 total
- age   2:     507816 bytes,   10958432 total
- age   3:     267144 bytes,   11225576 total
- age   4:    1772616 bytes,   12998192 total
- age   5:      47432 bytes,   13045624 total
- age   7:     110832 bytes,   13156456 total
- age   8:     186208 bytes,   13342664 total
: 96772K->15636K(109248K), 0,0160458 secs] 102837K->22523K(502464K), 0,0161208 secs] [Times: user=0,03 sys=0,00, real=0,01 secs] 
Heap after GC invocations=10 (full 1):
 par new generation   total 109248K, used 15636K [0x00000000e0000000, 0x00000000e8000000, 0x00000000e8000000)
  eden space 87424K,   0% used [0x00000000e0000000, 0x00000000e0000000, 0x00000000e5560000)
  from space 21824K,  71% used [0x00000000e5560000, 0x00000000e64a5350, 0x00000000e6ab0000)
  to   space 21824K,   0% used [0x00000000e6ab0000, 0x00000000e6ab0000, 0x00000000e8000000)
 concurrent mark-sweep generation total 393216K, used 6886K [0x00000000e8000000, 0x0000000100000000, 0x0000000100000000)
 Metaspace       used 28012K, capacity 28534K, committed 28848K, reserved 1075200K
  class space    used 3208K, capacity 3382K, committed 3504K, reserved 1048576K
}
2017-06-13T14:38:06.292+0200: 175,905: Total time for which application threads were stopped: 0,0162983 seconds, Stopping threads took: 0,0000617 seconds
2017-06-13T14:38:06.297+0200: 175,910: Total time for which application threads were stopped: 0,0000538 seconds, Stopping threads took: 0,0000139 seconds
2017-06-13T14:38:06.297+0200: 175,910: Total time for which application threads were stopped: 0,0000355 seconds, Stopping threads took: 0,0000179 seconds
2017-06-13T14:55:47.399+0200: 1237,012: Total time for which application threads were stopped: 0,0133897 seconds, Stopping threads took: 0,0132887 seconds
2017-06-13T14:55:47.402+0200: 1237,015: Total time for which application threads were stopped: 0,0001170 seconds, Stopping threads took: 0,0000447 seconds
2017-06-13T14:55:47.408+0200: 1237,020: Total time for which application threads were stopped: 0,0001175 seconds, Stopping threads took: 0,0000420 seconds
2017-06-13T14:55:47.416+0200: 1237,028: Total time for which application threads were stopped: 0,0000940 seconds, Stopping threads took: 0,0000274 seconds
2017-06-13T14:55:47.416+0200: 1237,028: Total time for which application threads were stopped: 0,0000611 seconds, Stopping threads took: 0,0000168 seconds
2017-06-13T14:55:47.416+0200: 1237,028: Total time for which application threads were stopped: 0,0000528 seconds, Stopping threads took: 0,0000143 seconds
2017-06-13T14:55:47.421+0200: 1237,033: Total time for which application threads were stopped: 0,0001025 seconds, Stopping threads took: 0,0000312 seconds
2017-06-13T14:55:47.421+0200: 1237,033: Total time for which application threads were stopped: 0,0000640 seconds, Stopping threads took: 0,0000204 seconds
2017-06-13T14:55:47.421+0200: 1237,034: Total time for which application threads were stopped: 0,0000588 seconds, Stopping threads took: 0,0000145 seconds
2017-06-13T14:55:47.421+0200: 1237,034: Total time for which application threads were stopped: 0,0000505 seconds, Stopping threads took: 0,0000133 seconds
2017-06-13T14:55:47.421+0200: 1237,034: Total time for which application threads were stopped: 0,0000499 seconds, Stopping threads took: 0,0000153 seconds
2017-06-13T14:55:47.421+0200: 1237,034: Total time for which application threads were stopped: 0,0000496 seconds, Stopping threads took: 0,0000158 seconds
2017-06-13T14:55:47.421+0200: 1237,034: Total time for which application threads were stopped: 0,0000452 seconds, Stopping threads took: 0,0000126 seconds
2017-06-13T14:55:47.421+0200: 1237,034: Total time for which application threads were stopped: 0,0000569 seconds, Stopping threads took: 0,0000155 seconds
2017-06-13T14:55:47.421+0200: 1237,034: Total time for which application threads were stopped: 0,0000440 seconds, Stopping threads took: 0,0000116 seconds
2017-06-13T14:55:47.433+0200: 1237,046: Total time for which application threads were stopped: 0,0001408 seconds, Stopping threads took: 0,0000348 seconds
2017-06-13T14:55:47.436+0200: 1237,048: Total time for which application threads were stopped: 0,0000876 seconds, Stopping threads took: 0,0000270 seconds
2017-06-13T14:55:47.436+0200: 1237,048: Total time for which application threads were stopped: 0,0000469 seconds, Stopping threads took: 0,0000133 seconds
2017-06-13T14:55:47.436+0200: 1237,049: Total time for which application threads were stopped: 0,0000447 seconds, Stopping threads took: 0,0000142 seconds
2017-06-13T14:55:47.437+0200: 1237,050: Total time for which application threads were stopped: 0,0001189 seconds, Stopping threads took: 0,0000343 seconds
2017-06-13T14:55:47.438+0200: 1237,050: Total time for which application threads were stopped: 0,0000999 seconds, Stopping threads took: 0,0000284 seconds
2017-06-13T14:55:47.438+0200: 1237,051: Total time for which application threads were stopped: 0,0000552 seconds, Stopping threads took: 0,0000156 seconds
2017-06-13T14:55:47.438+0200: 1237,051: Total time for which application threads were stopped: 0,0000457 seconds, Stopping threads took: 0,0000136 seconds
2017-06-13T14:55:47.438+0200: 1237,051: Total time for which application threads were stopped: 0,0000627 seconds, Stopping threads took: 0,0000195 seconds
2017-06-13T14:55:47.438+0200: 1237,051: Total time for which application threads were stopped: 0,0000550 seconds, Stopping threads took: 0,0000157 seconds
2017-06-13T14:55:47.440+0200: 1237,052: Total time for which application threads were stopped: 0,0000873 seconds, Stopping threads took: 0,0000297 seconds
2017-06-13T14:55:47.440+0200: 1237,053: Total time for which application threads were stopped: 0,0000616 seconds, Stopping threads took: 0,0000226 seconds
2017-06-13T14:55:47.440+0200: 1237,053: Total time for which application threads were stopped: 0,0000876 seconds, Stopping threads took: 0,0000423 seconds
2017-06-13T14:55:47.451+0200: 1237,063: Total time for which application threads were stopped: 0,0104990 seconds, Stopping threads took: 0,0104254 seconds
2017-06-13T14:55:47.451+0200: 1237,064: Total time for which application threads were stopped: 0,0000506 seconds, Stopping threads took: 0,0000103 seconds
2017-06-13T14:55:47.451+0200: 1237,064: Total time for which application threads were stopped: 0,0000799 seconds, Stopping threads took: 0,0000238 seconds
2017-06-13T14:55:47.451+0200: 1237,064: Total time for which application threads were stopped: 0,0000400 seconds, Stopping threads took: 0,0000062 seconds
2017-06-13T14:55:47.451+0200: 1237,064: Total time for which application threads were stopped: 0,0000370 seconds, Stopping threads took: 0,0000055 seconds
2017-06-13T14:55:47.454+0200: 1237,067: Total time for which application threads were stopped: 0,0000931 seconds, Stopping threads took: 0,0000259 seconds
2017-06-13T14:55:47.454+0200: 1237,067: Total time for which application threads were stopped: 0,0000490 seconds, Stopping threads took: 0,0000074 seconds
2017-06-13T14:55:47.454+0200: 1237,067: Total time for which application threads were stopped: 0,0001547 seconds, Stopping threads took: 0,0000050 seconds
2017-06-13T14:55:47.455+0200: 1237,068: Total time for which application threads were stopped: 0,0000560 seconds, Stopping threads took: 0,0000085 seconds
2017-06-13T14:55:47.463+0200: 1237,076: Total time for which application threads were stopped: 0,0008542 seconds, Stopping threads took: 0,0007516 seconds
2017-06-13T14:55:47.466+0200: 1237,079: Total time for which application threads were stopped: 0,0000761 seconds, Stopping threads took: 0,0000144 seconds
2017-06-13T14:55:47.467+0200: 1237,080: Total time for which application threads were stopped: 0,0001125 seconds, Stopping threads took: 0,0000179 seconds
Heap
 par new generation   total 109248K, used 35711K [0x00000000e0000000, 0x00000000e8000000, 0x00000000e8000000)
  eden space 87424K,  22% used [0x00000000e0000000, 0x00000000e139ac78, 0x00000000e5560000)
  from space 21824K,  71% used [0x00000000e5560000, 0x00000000e64a5350, 0x00000000e6ab0000)
  to   space 21824K,   0% used [0x00000000e6ab0000, 0x00000000e6ab0000, 0x00000000e8000000)
 concurrent mark-sweep generation total 393216K, used 6886K [0x00000000e8000000, 0x0000000100000000, 0x0000000100000000)
 Metaspace       used 28128K, capacity 28606K, committed 28848K, reserved 1075200K
  class space    used 3221K, capacity 3384K, committed 3504K, reserved 1048576K
