OpenJDK 64-Bit Server VM (25.121-b13) for linux-amd64 JRE (1.8.0_121-8u121-b13-0ubuntu1.16.04.2-b13), built on Jan 23 2017 15:51:29 by "buildd" with gcc 5.4.0 20160609
Memory: 4k page, physical 7867800k(7503320k free), swap 8076284k(8076284k free)
CommandLine flags: -XX:CMSInitiatingOccupancyFraction=50 -XX:CMSMaxAbortablePrecleanTime=6000 -XX:+CMSParallelRemarkEnabled -XX:+CMSScavengeBeforeRemark -XX:ConcGCThreads=4 -XX:InitialHeapSize=536870912 -XX:MaxHeapSize=536870912 -XX:MaxTenuringThreshold=8 -XX:NewRatio=3 -XX:OldPLABSize=16 -XX:OnOutOfMemoryError=/opt/solr/bin/oom_solr.sh 8983 /var/solr/logs -XX:ParallelGCThreads=4 -XX:+ParallelRefProcEnabled -XX:PretenureSizeThreshold=67108864 -XX:+PrintGC -XX:+PrintGCApplicationStoppedTime -XX:+PrintGCDateStamps -XX:+PrintGCDetails -XX:+PrintGCTimeStamps -XX:+PrintHeapAtGC -XX:+PrintTenuringDistribution -XX:SurvivorRatio=4 -XX:TargetSurvivorRatio=90 -XX:ThreadStackSize=256 -XX:+UseCMSInitiatingOccupancyOnly -XX:+UseCompressedClassPointers -XX:+UseCompressedOops -XX:+UseConcMarkSweepGC -XX:+UseParNewGC 
2017-02-17T15:17:46.893+0100: 0,155: Total time for which application threads were stopped: 0,0000697 seconds, Stopping threads took: 0,0000106 seconds
2017-02-17T15:17:47.001+0100: 0,263: Total time for which application threads were stopped: 0,0001301 seconds, Stopping threads took: 0,0000117 seconds
2017-02-17T15:17:47.023+0100: 0,285: Total time for which application threads were stopped: 0,0001011 seconds, Stopping threads took: 0,0000273 seconds
2017-02-17T15:17:47.346+0100: 0,608: Total time for which application threads were stopped: 0,0001422 seconds, Stopping threads took: 0,0000255 seconds
2017-02-17T15:17:47.796+0100: 1,058: Total time for which application threads were stopped: 0,0002478 seconds, Stopping threads took: 0,0000158 seconds
2017-02-17T15:17:47.928+0100: 1,190: Total time for which application threads were stopped: 0,0002000 seconds, Stopping threads took: 0,0000677 seconds
2017-02-17T15:17:47.980+0100: 1,243: Total time for which application threads were stopped: 0,0002559 seconds, Stopping threads took: 0,0000372 seconds
2017-02-17T15:17:48.278+0100: 1,541: Total time for which application threads were stopped: 0,0002152 seconds, Stopping threads took: 0,0000228 seconds
2017-02-17T15:17:48.502+0100: 1,765: Total time for which application threads were stopped: 0,0001979 seconds, Stopping threads took: 0,0000228 seconds
2017-02-17T15:17:48.527+0100: 1,789: Total time for which application threads were stopped: 0,0002061 seconds, Stopping threads took: 0,0000300 seconds
2017-02-17T15:17:48.555+0100: 1,817: Total time for which application threads were stopped: 0,0002191 seconds, Stopping threads took: 0,0000228 seconds
2017-02-17T15:17:48.556+0100: 1,818: Total time for which application threads were stopped: 0,0001829 seconds, Stopping threads took: 0,0000192 seconds
2017-02-17T15:17:48.568+0100: 1,831: Total time for which application threads were stopped: 0,0002203 seconds, Stopping threads took: 0,0000307 seconds
2017-02-17T15:17:48.639+0100: 1,901: Total time for which application threads were stopped: 0,0002477 seconds, Stopping threads took: 0,0000300 seconds
2017-02-17T15:17:48.799+0100: 2,062: Total time for which application threads were stopped: 0,0007076 seconds, Stopping threads took: 0,0004832 seconds
{Heap before GC invocations=0 (full 0):
 par new generation   total 109248K, used 87424K [0x00000000e0000000, 0x00000000e8000000, 0x00000000e8000000)
  eden space 87424K, 100% used [0x00000000e0000000, 0x00000000e5560000, 0x00000000e5560000)
  from space 21824K,   0% used [0x00000000e5560000, 0x00000000e5560000, 0x00000000e6ab0000)
  to   space 21824K,   0% used [0x00000000e6ab0000, 0x00000000e6ab0000, 0x00000000e8000000)
 concurrent mark-sweep generation total 393216K, used 0K [0x00000000e8000000, 0x0000000100000000, 0x0000000100000000)
 Metaspace       used 18019K, capacity 18336K, committed 18688K, reserved 1064960K
  class space    used 2036K, capacity 2196K, committed 2304K, reserved 1048576K
2017-02-17T15:17:48.884+0100: 2,146: [GC (Allocation Failure) 2017-02-17T15:17:48.884+0100: 2,146: [ParNew
Desired survivor size 20112992 bytes, new threshold 8 (max 8)
- age   1:   12607576 bytes,   12607576 total
: 87424K->12415K(109248K), 0,0164972 secs] 87424K->12415K(502464K), 0,0165886 secs] [Times: user=0,04 sys=0,00, real=0,02 secs] 
Heap after GC invocations=1 (full 0):
 par new generation   total 109248K, used 12415K [0x00000000e0000000, 0x00000000e8000000, 0x00000000e8000000)
  eden space 87424K,   0% used [0x00000000e0000000, 0x00000000e0000000, 0x00000000e5560000)
  from space 21824K,  56% used [0x00000000e6ab0000, 0x00000000e76cfdd0, 0x00000000e8000000)
  to   space 21824K,   0% used [0x00000000e5560000, 0x00000000e5560000, 0x00000000e6ab0000)
 concurrent mark-sweep generation total 393216K, used 0K [0x00000000e8000000, 0x0000000100000000, 0x0000000100000000)
 Metaspace       used 18019K, capacity 18336K, committed 18688K, reserved 1064960K
  class space    used 2036K, capacity 2196K, committed 2304K, reserved 1048576K
}
2017-02-17T15:17:48.900+0100: 2,163: Total time for which application threads were stopped: 0,0168631 seconds, Stopping threads took: 0,0000285 seconds
2017-02-17T15:17:49.188+0100: 2,450: Total time for which application threads were stopped: 0,0003723 seconds, Stopping threads took: 0,0000981 seconds
{Heap before GC invocations=1 (full 0):
 par new generation   total 109248K, used 99839K [0x00000000e0000000, 0x00000000e8000000, 0x00000000e8000000)
  eden space 87424K, 100% used [0x00000000e0000000, 0x00000000e5560000, 0x00000000e5560000)
  from space 21824K,  56% used [0x00000000e6ab0000, 0x00000000e76cfdd0, 0x00000000e8000000)
  to   space 21824K,   0% used [0x00000000e5560000, 0x00000000e5560000, 0x00000000e6ab0000)
 concurrent mark-sweep generation total 393216K, used 0K [0x00000000e8000000, 0x0000000100000000, 0x0000000100000000)
 Metaspace       used 20048K, capacity 20360K, committed 20736K, reserved 1067008K
  class space    used 2292K, capacity 2466K, committed 2560K, reserved 1048576K
2017-02-17T15:17:49.249+0100: 2,512: [GC (Allocation Failure) 2017-02-17T15:17:49.249+0100: 2,512: [ParNew
Desired survivor size 20112992 bytes, new threshold 8 (max 8)
- age   1:    3691368 bytes,    3691368 total
- age   2:    6674904 bytes,   10366272 total
: 99839K->13717K(109248K), 0,0099947 secs] 99839K->13717K(502464K), 0,0100655 secs] [Times: user=0,03 sys=0,00, real=0,01 secs] 
Heap after GC invocations=2 (full 0):
 par new generation   total 109248K, used 13717K [0x00000000e0000000, 0x00000000e8000000, 0x00000000e8000000)
  eden space 87424K,   0% used [0x00000000e0000000, 0x00000000e0000000, 0x00000000e5560000)
  from space 21824K,  62% used [0x00000000e5560000, 0x00000000e62c5510, 0x00000000e6ab0000)
  to   space 21824K,   0% used [0x00000000e6ab0000, 0x00000000e6ab0000, 0x00000000e8000000)
 concurrent mark-sweep generation total 393216K, used 0K [0x00000000e8000000, 0x0000000100000000, 0x0000000100000000)
 Metaspace       used 20048K, capacity 20360K, committed 20736K, reserved 1067008K
  class space    used 2292K, capacity 2466K, committed 2560K, reserved 1048576K
}
2017-02-17T15:17:49.259+0100: 2,522: Total time for which application threads were stopped: 0,0162817 seconds, Stopping threads took: 0,0060670 seconds
2017-02-17T15:17:49.265+0100: 2,527: Total time for which application threads were stopped: 0,0004581 seconds, Stopping threads took: 0,0000536 seconds
2017-02-17T15:17:49.319+0100: 2,582: Total time for which application threads were stopped: 0,0003460 seconds, Stopping threads took: 0,0000332 seconds
2017-02-17T15:17:49.445+0100: 2,708: Total time for which application threads were stopped: 0,0001481 seconds, Stopping threads took: 0,0000236 seconds
{Heap before GC invocations=2 (full 0):
 par new generation   total 109248K, used 101141K [0x00000000e0000000, 0x00000000e8000000, 0x00000000e8000000)
  eden space 87424K, 100% used [0x00000000e0000000, 0x00000000e5560000, 0x00000000e5560000)
  from space 21824K,  62% used [0x00000000e5560000, 0x00000000e62c5510, 0x00000000e6ab0000)
  to   space 21824K,   0% used [0x00000000e6ab0000, 0x00000000e6ab0000, 0x00000000e8000000)
 concurrent mark-sweep generation total 393216K, used 0K [0x00000000e8000000, 0x0000000100000000, 0x0000000100000000)
 Metaspace       used 20992K, capacity 21346K, committed 21628K, reserved 1069056K
  class space    used 2416K, capacity 2585K, committed 2684K, reserved 1048576K
2017-02-17T15:17:49.483+0100: 2,745: [GC (Allocation Failure) 2017-02-17T15:17:49.483+0100: 2,745: [ParNew
Desired survivor size 20112992 bytes, new threshold 8 (max 8)
- age   1:    2186216 bytes,    2186216 total
- age   2:     852968 bytes,    3039184 total
- age   3:    6655904 bytes,    9695088 total
: 101141K->11511K(109248K), 0,0121134 secs] 101141K->11511K(502464K), 0,0121867 secs] [Times: user=0,03 sys=0,00, real=0,01 secs] 
Heap after GC invocations=3 (full 0):
 par new generation   total 109248K, used 11511K [0x00000000e0000000, 0x00000000e8000000, 0x00000000e8000000)
  eden space 87424K,   0% used [0x00000000e0000000, 0x00000000e0000000, 0x00000000e5560000)
  from space 21824K,  52% used [0x00000000e6ab0000, 0x00000000e75edc00, 0x00000000e8000000)
  to   space 21824K,   0% used [0x00000000e5560000, 0x00000000e5560000, 0x00000000e6ab0000)
 concurrent mark-sweep generation total 393216K, used 0K [0x00000000e8000000, 0x0000000100000000, 0x0000000100000000)
 Metaspace       used 20992K, capacity 21346K, committed 21628K, reserved 1069056K
  class space    used 2416K, capacity 2585K, committed 2684K, reserved 1048576K
}
2017-02-17T15:17:49.495+0100: 2,757: Total time for which application threads were stopped: 0,0124127 seconds, Stopping threads took: 0,0000763 seconds
2017-02-17T15:17:49.495+0100: 2,757: [GC (CMS Initial Mark) [1 CMS-initial-mark: 0K(393216K)] 11543K(502464K), 0,0027950 secs] [Times: user=0,01 sys=0,00, real=0,00 secs] 
2017-02-17T15:17:49.498+0100: 2,760: Total time for which application threads were stopped: 0,0030106 seconds, Stopping threads took: 0,0000540 seconds
2017-02-17T15:17:49.498+0100: 2,760: [CMS-concurrent-mark-start]
2017-02-17T15:17:49.498+0100: 2,761: [CMS-concurrent-mark: 0,001/0,001 secs] [Times: user=0,00 sys=0,00, real=0,00 secs] 
2017-02-17T15:17:49.498+0100: 2,761: [CMS-concurrent-preclean-start]
2017-02-17T15:17:49.499+0100: 2,762: [CMS-concurrent-preclean: 0,001/0,001 secs] [Times: user=0,01 sys=0,00, real=0,01 secs] 
2017-02-17T15:17:49.499+0100: 2,762: [GC (CMS Final Remark) [YG occupancy: 12924 K (109248 K)]{Heap before GC invocations=3 (full 1):
 par new generation   total 109248K, used 12924K [0x00000000e0000000, 0x00000000e8000000, 0x00000000e8000000)
  eden space 87424K,   1% used [0x00000000e0000000, 0x00000000e0161770, 0x00000000e5560000)
  from space 21824K,  52% used [0x00000000e6ab0000, 0x00000000e75edc00, 0x00000000e8000000)
  to   space 21824K,   0% used [0x00000000e5560000, 0x00000000e5560000, 0x00000000e6ab0000)
 concurrent mark-sweep generation total 393216K, used 0K [0x00000000e8000000, 0x0000000100000000, 0x0000000100000000)
 Metaspace       used 20992K, capacity 21346K, committed 21628K, reserved 1069056K
  class space    used 2416K, capacity 2585K, committed 2684K, reserved 1048576K
2017-02-17T15:17:49.499+0100: 2,762: [GC (CMS Final Remark) 2017-02-17T15:17:49.499+0100: 2,762: [ParNew
Desired survivor size 20112992 bytes, new threshold 8 (max 8)
- age   1:     140104 bytes,     140104 total
- age   2:    2064552 bytes,    2204656 total
- age   3:     852968 bytes,    3057624 total
- age   4:    6655992 bytes,    9713616 total
: 12924K->14944K(109248K), 0,0096555 secs] 12924K->14944K(502464K), 0,0096963 secs] [Times: user=0,03 sys=0,00, real=0,01 secs] 
Heap after GC invocations=4 (full 1):
 par new generation   total 109248K, used 14944K [0x00000000e0000000, 0x00000000e8000000, 0x00000000e8000000)
  eden space 87424K,   0% used [0x00000000e0000000, 0x00000000e0000000, 0x00000000e5560000)
  from space 21824K,  68% used [0x00000000e5560000, 0x00000000e63f8240, 0x00000000e6ab0000)
  to   space 21824K,   0% used [0x00000000e6ab0000, 0x00000000e6ab0000, 0x00000000e8000000)
 concurrent mark-sweep generation total 393216K, used 0K [0x00000000e8000000, 0x0000000100000000, 0x0000000100000000)
 Metaspace       used 20992K, capacity 21346K, committed 21628K, reserved 1069056K
  class space    used 2416K, capacity 2585K, committed 2684K, reserved 1048576K
}
2017-02-17T15:17:49.509+0100: 2,772: [Rescan (parallel) , 0,0031316 secs]2017-02-17T15:17:49.512+0100: 2,775: [weak refs processing, 0,0009768 secs]2017-02-17T15:17:49.513+0100: 2,776: [class unloading, 0,0027892 secs]2017-02-17T15:17:49.516+0100: 2,779: [scrub symbol table, 0,0031435 secs]2017-02-17T15:17:49.519+0100: 2,782: [scrub string table, 0,0003624 secs][1 CMS-remark: 0K(393216K)] 14944K(502464K), 0,0207111 secs] [Times: user=0,05 sys=0,00, real=0,02 secs] 
2017-02-17T15:17:49.520+0100: 2,783: Total time for which application threads were stopped: 0,0208503 seconds, Stopping threads took: 0,0000629 seconds
2017-02-17T15:17:49.520+0100: 2,783: [CMS-concurrent-sweep-start]
2017-02-17T15:17:49.520+0100: 2,783: [CMS-concurrent-sweep: 0,000/0,000 secs] [Times: user=0,00 sys=0,00, real=0,00 secs] 
2017-02-17T15:17:49.520+0100: 2,783: [CMS-concurrent-reset-start]
2017-02-17T15:17:49.522+0100: 2,784: [CMS-concurrent-reset: 0,001/0,001 secs] [Times: user=0,00 sys=0,00, real=0,00 secs] 
{Heap before GC invocations=4 (full 1):
 par new generation   total 109248K, used 102352K [0x00000000e0000000, 0x00000000e8000000, 0x00000000e8000000)
  eden space 87424K,  99% used [0x00000000e0000000, 0x00000000e555bf30, 0x00000000e5560000)
  from space 21824K,  68% used [0x00000000e5560000, 0x00000000e63f8240, 0x00000000e6ab0000)
  to   space 21824K,   0% used [0x00000000e6ab0000, 0x00000000e6ab0000, 0x00000000e8000000)
 concurrent mark-sweep generation total 393216K, used 0K [0x00000000e8000000, 0x0000000100000000, 0x0000000100000000)
 Metaspace       used 21234K, capacity 21634K, committed 21884K, reserved 1069056K
  class space    used 2446K, capacity 2602K, committed 2684K, reserved 1048576K
2017-02-17T15:17:49.636+0100: 2,899: [GC (Allocation Failure) 2017-02-17T15:17:49.636+0100: 2,899: [ParNew
Desired survivor size 20112992 bytes, new threshold 8 (max 8)
- age   1:    1213864 bytes,    1213864 total
- age   2:        400 bytes,    1214264 total
- age   3:    1451272 bytes,    2665536 total
- age   4:     817624 bytes,    3483160 total
- age   5:    6655872 bytes,   10139032 total
: 102352K->13519K(109248K), 0,0153889 secs] 102352K->13519K(502464K), 0,0154489 secs] [Times: user=0,05 sys=0,00, real=0,02 secs] 
Heap after GC invocations=5 (full 1):
 par new generation   total 109248K, used 13519K [0x00000000e0000000, 0x00000000e8000000, 0x00000000e8000000)
  eden space 87424K,   0% used [0x00000000e0000000, 0x00000000e0000000, 0x00000000e5560000)
  from space 21824K,  61% used [0x00000000e6ab0000, 0x00000000e77e3c80, 0x00000000e8000000)
  to   space 21824K,   0% used [0x00000000e5560000, 0x00000000e5560000, 0x00000000e6ab0000)
 concurrent mark-sweep generation total 393216K, used 0K [0x00000000e8000000, 0x0000000100000000, 0x0000000100000000)
 Metaspace       used 21234K, capacity 21634K, committed 21884K, reserved 1069056K
  class space    used 2446K, capacity 2602K, committed 2684K, reserved 1048576K
}
2017-02-17T15:17:49.652+0100: 2,914: Total time for which application threads were stopped: 0,0156632 seconds, Stopping threads took: 0,0000706 seconds
{Heap before GC invocations=5 (full 1):
 par new generation   total 109248K, used 100943K [0x00000000e0000000, 0x00000000e8000000, 0x00000000e8000000)
  eden space 87424K, 100% used [0x00000000e0000000, 0x00000000e5560000, 0x00000000e5560000)
  from space 21824K,  61% used [0x00000000e6ab0000, 0x00000000e77e3c80, 0x00000000e8000000)
  to   space 21824K,   0% used [0x00000000e5560000, 0x00000000e5560000, 0x00000000e6ab0000)
 concurrent mark-sweep generation total 393216K, used 0K [0x00000000e8000000, 0x0000000100000000, 0x0000000100000000)
 Metaspace       used 21391K, capacity 21800K, committed 21884K, reserved 1069056K
  class space    used 2466K, capacity 2635K, committed 2684K, reserved 1048576K
2017-02-17T15:17:49.726+0100: 2,989: [GC (Allocation Failure) 2017-02-17T15:17:49.726+0100: 2,989: [ParNew
Desired survivor size 20112992 bytes, new threshold 8 (max 8)
- age   1:     977120 bytes,     977120 total
- age   2:     185096 bytes,    1162216 total
- age   3:        400 bytes,    1162616 total
- age   4:    1451360 bytes,    2613976 total
- age   5:     817512 bytes,    3431488 total
- age   6:    6655872 bytes,   10087360 total
: 100943K->12099K(109248K), 0,0094598 secs] 100943K->12099K(502464K), 0,0095289 secs] [Times: user=0,04 sys=0,00, real=0,01 secs] 
Heap after GC invocations=6 (full 1):
 par new generation   total 109248K, used 12099K [0x00000000e0000000, 0x00000000e8000000, 0x00000000e8000000)
  eden space 87424K,   0% used [0x00000000e0000000, 0x00000000e0000000, 0x00000000e5560000)
  from space 21824K,  55% used [0x00000000e5560000, 0x00000000e6130c40, 0x00000000e6ab0000)
  to   space 21824K,   0% used [0x00000000e6ab0000, 0x00000000e6ab0000, 0x00000000e8000000)
 concurrent mark-sweep generation total 393216K, used 0K [0x00000000e8000000, 0x0000000100000000, 0x0000000100000000)
 Metaspace       used 21391K, capacity 21800K, committed 21884K, reserved 1069056K
  class space    used 2466K, capacity 2635K, committed 2684K, reserved 1048576K
}
2017-02-17T15:17:49.736+0100: 2,998: Total time for which application threads were stopped: 0,0097355 seconds, Stopping threads took: 0,0000704 seconds
2017-02-17T15:17:49.789+0100: 3,051: Total time for which application threads were stopped: 0,0003254 seconds, Stopping threads took: 0,0000383 seconds
2017-02-17T15:17:49.985+0100: 3,248: Total time for which application threads were stopped: 0,0004291 seconds, Stopping threads took: 0,0000521 seconds
2017-02-17T15:17:50.000+0100: 3,263: Total time for which application threads were stopped: 0,0003201 seconds, Stopping threads took: 0,0000150 seconds
{Heap before GC invocations=6 (full 1):
 par new generation   total 109248K, used 99512K [0x00000000e0000000, 0x00000000e8000000, 0x00000000e8000000)
  eden space 87424K,  99% used [0x00000000e0000000, 0x00000000e555d3d8, 0x00000000e5560000)
  from space 21824K,  55% used [0x00000000e5560000, 0x00000000e6130c40, 0x00000000e6ab0000)
  to   space 21824K,   0% used [0x00000000e6ab0000, 0x00000000e6ab0000, 0x00000000e8000000)
 concurrent mark-sweep generation total 393216K, used 0K [0x00000000e8000000, 0x0000000100000000, 0x0000000100000000)
 Metaspace       used 24574K, capacity 25048K, committed 25212K, reserved 1071104K
  class space    used 2878K, capacity 3077K, committed 3196K, reserved 1048576K
2017-02-17T15:17:50.215+0100: 3,478: [GC (Allocation Failure) 2017-02-17T15:17:50.215+0100: 3,478: [ParNew
Desired survivor size 20112992 bytes, new threshold 8 (max 8)
- age   1:    5312864 bytes,    5312864 total
- age   2:     109888 bytes,    5422752 total
- age   3:     183584 bytes,    5606336 total
- age   4:        376 bytes,    5606712 total
- age   5:     278280 bytes,    5884992 total
- age   6:     792392 bytes,    6677384 total
- age   7:    6648704 bytes,   13326088 total
: 99512K->17195K(109248K), 0,0198277 secs] 99512K->17195K(502464K), 0,0199385 secs] [Times: user=0,08 sys=0,00, real=0,02 secs] 
Heap after GC invocations=7 (full 1):
 par new generation   total 109248K, used 17195K [0x00000000e0000000, 0x00000000e8000000, 0x00000000e8000000)
  eden space 87424K,   0% used [0x00000000e0000000, 0x00000000e0000000, 0x00000000e5560000)
  from space 21824K,  78% used [0x00000000e6ab0000, 0x00000000e7b7af00, 0x00000000e8000000)
  to   space 21824K,   0% used [0x00000000e5560000, 0x00000000e5560000, 0x00000000e6ab0000)
 concurrent mark-sweep generation total 393216K, used 0K [0x00000000e8000000, 0x0000000100000000, 0x0000000100000000)
 Metaspace       used 24574K, capacity 25048K, committed 25212K, reserved 1071104K
  class space    used 2878K, capacity 3077K, committed 3196K, reserved 1048576K
}
2017-02-17T15:17:50.235+0100: 3,498: Total time for which application threads were stopped: 0,0202663 seconds, Stopping threads took: 0,0000405 seconds
{Heap before GC invocations=7 (full 1):
 par new generation   total 109248K, used 104619K [0x00000000e0000000, 0x00000000e8000000, 0x00000000e8000000)
  eden space 87424K, 100% used [0x00000000e0000000, 0x00000000e5560000, 0x00000000e5560000)
  from space 21824K,  78% used [0x00000000e6ab0000, 0x00000000e7b7af00, 0x00000000e8000000)
  to   space 21824K,   0% used [0x00000000e5560000, 0x00000000e5560000, 0x00000000e6ab0000)
 concurrent mark-sweep generation total 393216K, used 0K [0x00000000e8000000, 0x0000000100000000, 0x0000000100000000)
 Metaspace       used 25105K, capacity 25556K, committed 25724K, reserved 1071104K
  class space    used 2920K, capacity 3114K, committed 3196K, reserved 1048576K
2017-02-17T15:17:50.383+0100: 3,645: [GC (Allocation Failure) 2017-02-17T15:17:50.383+0100: 3,645: [ParNew
Desired survivor size 20112992 bytes, new threshold 8 (max 8)
- age   1:    1391704 bytes,    1391704 total
- age   2:    1908848 bytes,    3300552 total
- age   3:      85008 bytes,    3385560 total
- age   4:     137488 bytes,    3523048 total
- age   6:     234520 bytes,    3757568 total
- age   7:     765720 bytes,    4523288 total
- age   8:    6382472 bytes,   10905760 total
: 104619K->14059K(109248K), 0,0107238 secs] 104619K->14059K(502464K), 0,0108055 secs] [Times: user=0,04 sys=0,00, real=0,01 secs] 
Heap after GC invocations=8 (full 1):
 par new generation   total 109248K, used 14059K [0x00000000e0000000, 0x00000000e8000000, 0x00000000e8000000)
  eden space 87424K,   0% used [0x00000000e0000000, 0x00000000e0000000, 0x00000000e5560000)
  from space 21824K,  64% used [0x00000000e5560000, 0x00000000e631acc0, 0x00000000e6ab0000)
  to   space 21824K,   0% used [0x00000000e6ab0000, 0x00000000e6ab0000, 0x00000000e8000000)
 concurrent mark-sweep generation total 393216K, used 0K [0x00000000e8000000, 0x0000000100000000, 0x0000000100000000)
 Metaspace       used 25105K, capacity 25556K, committed 25724K, reserved 1071104K
  class space    used 2920K, capacity 3114K, committed 3196K, reserved 1048576K
}
2017-02-17T15:17:50.393+0100: 3,656: Total time for which application threads were stopped: 0,0110602 seconds, Stopping threads took: 0,0000599 seconds
2017-02-17T15:17:50.460+0100: 3,723: Total time for which application threads were stopped: 0,0051510 seconds, Stopping threads took: 0,0046416 seconds
2017-02-17T15:17:50.604+0100: 3,867: Total time for which application threads were stopped: 0,0011130 seconds, Stopping threads took: 0,0006074 seconds
2017-02-17T15:17:50.632+0100: 3,895: Total time for which application threads were stopped: 0,0004109 seconds, Stopping threads took: 0,0000211 seconds
2017-02-17T15:17:50.692+0100: 3,955: Total time for which application threads were stopped: 0,0004133 seconds, Stopping threads took: 0,0000518 seconds
2017-02-17T15:17:50.798+0100: 4,060: Total time for which application threads were stopped: 0,0005792 seconds, Stopping threads took: 0,0000242 seconds
2017-02-17T15:17:50.802+0100: 4,065: Total time for which application threads were stopped: 0,0001684 seconds, Stopping threads took: 0,0000577 seconds
2017-02-17T15:17:50.809+0100: 4,071: Total time for which application threads were stopped: 0,0009713 seconds, Stopping threads took: 0,0000414 seconds
2017-02-17T15:17:50.847+0100: 4,110: Total time for which application threads were stopped: 0,0359569 seconds, Stopping threads took: 0,0358322 seconds
2017-02-17T15:17:50.849+0100: 4,112: Total time for which application threads were stopped: 0,0002912 seconds, Stopping threads took: 0,0001946 seconds
2017-02-17T15:17:50.853+0100: 4,115: Total time for which application threads were stopped: 0,0001560 seconds, Stopping threads took: 0,0000470 seconds
2017-02-17T15:17:50.854+0100: 4,117: Total time for which application threads were stopped: 0,0001106 seconds, Stopping threads took: 0,0000166 seconds
2017-02-17T15:17:50.855+0100: 4,117: Total time for which application threads were stopped: 0,0000990 seconds, Stopping threads took: 0,0000152 seconds
2017-02-17T15:17:50.869+0100: 4,131: Total time for which application threads were stopped: 0,0001720 seconds, Stopping threads took: 0,0000452 seconds
2017-02-17T15:17:50.869+0100: 4,131: Total time for which application threads were stopped: 0,0000843 seconds, Stopping threads took: 0,0000136 seconds
2017-02-17T15:17:50.881+0100: 4,143: Total time for which application threads were stopped: 0,0103341 seconds, Stopping threads took: 0,0096553 seconds
2017-02-17T15:17:50.891+0100: 4,154: Total time for which application threads were stopped: 0,0024000 seconds, Stopping threads took: 0,0023092 seconds
2017-02-17T15:17:50.891+0100: 4,154: Total time for which application threads were stopped: 0,0001066 seconds, Stopping threads took: 0,0000493 seconds
2017-02-17T15:17:50.895+0100: 4,158: Total time for which application threads were stopped: 0,0001458 seconds, Stopping threads took: 0,0000601 seconds
2017-02-17T15:17:50.898+0100: 4,160: Total time for which application threads were stopped: 0,0018885 seconds, Stopping threads took: 0,0017938 seconds
2017-02-17T15:17:50.899+0100: 4,162: Total time for which application threads were stopped: 0,0001329 seconds, Stopping threads took: 0,0000560 seconds
2017-02-17T15:17:50.899+0100: 4,162: Total time for which application threads were stopped: 0,0000750 seconds, Stopping threads took: 0,0000164 seconds
2017-02-17T15:17:50.904+0100: 4,167: Total time for which application threads were stopped: 0,0015724 seconds, Stopping threads took: 0,0014994 seconds
2017-02-17T15:17:50.911+0100: 4,174: Total time for which application threads were stopped: 0,0002901 seconds, Stopping threads took: 0,0001954 seconds
2017-02-17T15:17:50.914+0100: 4,177: Total time for which application threads were stopped: 0,0001568 seconds, Stopping threads took: 0,0000462 seconds
2017-02-17T15:17:50.921+0100: 4,184: Total time for which application threads were stopped: 0,0001685 seconds, Stopping threads took: 0,0000699 seconds
2017-02-17T15:17:50.924+0100: 4,187: Total time for which application threads were stopped: 0,0004112 seconds, Stopping threads took: 0,0002309 seconds
2017-02-17T15:17:50.937+0100: 4,199: Total time for which application threads were stopped: 0,0001653 seconds, Stopping threads took: 0,0000705 seconds
2017-02-17T15:17:50.946+0100: 4,208: Total time for which application threads were stopped: 0,0068078 seconds, Stopping threads took: 0,0066888 seconds
2017-02-17T15:17:50.985+0100: 4,247: Total time for which application threads were stopped: 0,0002117 seconds, Stopping threads took: 0,0000905 seconds
2017-02-17T15:17:50.986+0100: 4,248: Total time for which application threads were stopped: 0,0001249 seconds, Stopping threads took: 0,0000275 seconds
2017-02-17T15:17:50.986+0100: 4,248: Total time for which application threads were stopped: 0,0000749 seconds, Stopping threads took: 0,0000234 seconds
2017-02-17T15:17:50.986+0100: 4,249: Total time for which application threads were stopped: 0,0001468 seconds, Stopping threads took: 0,0000454 seconds
2017-02-17T15:17:50.987+0100: 4,250: Total time for which application threads were stopped: 0,0004923 seconds, Stopping threads took: 0,0000177 seconds
2017-02-17T15:17:50.992+0100: 4,255: Total time for which application threads were stopped: 0,0010573 seconds, Stopping threads took: 0,0009578 seconds
2017-02-17T15:17:50.993+0100: 4,256: Total time for which application threads were stopped: 0,0001585 seconds, Stopping threads took: 0,0000521 seconds
2017-02-17T15:17:50.996+0100: 4,258: Total time for which application threads were stopped: 0,0012829 seconds, Stopping threads took: 0,0011576 seconds
2017-02-17T15:17:50.997+0100: 4,260: Total time for which application threads were stopped: 0,0001997 seconds, Stopping threads took: 0,0001055 seconds
2017-02-17T15:17:50.999+0100: 4,261: Total time for which application threads were stopped: 0,0001305 seconds, Stopping threads took: 0,0000274 seconds
2017-02-17T15:17:51.003+0100: 4,266: Total time for which application threads were stopped: 0,0002650 seconds, Stopping threads took: 0,0001177 seconds
2017-02-17T15:17:51.011+0100: 4,273: Total time for which application threads were stopped: 0,0003150 seconds, Stopping threads took: 0,0002050 seconds
2017-02-17T15:17:51.018+0100: 4,281: Total time for which application threads were stopped: 0,0001546 seconds, Stopping threads took: 0,0000406 seconds
2017-02-17T15:17:52.023+0100: 5,286: Total time for which application threads were stopped: 0,0000681 seconds, Stopping threads took: 0,0000212 seconds
2017-02-17T15:17:54.023+0100: 7,286: Total time for which application threads were stopped: 0,0000852 seconds, Stopping threads took: 0,0000175 seconds
2017-02-17T15:18:08.025+0100: 21,287: Total time for which application threads were stopped: 0,0000693 seconds, Stopping threads took: 0,0000188 seconds
2017-02-17T15:18:19.026+0100: 32,288: Total time for which application threads were stopped: 0,0000664 seconds, Stopping threads took: 0,0000170 seconds
2017-02-17T15:18:39.028+0100: 52,290: Total time for which application threads were stopped: 0,0000909 seconds, Stopping threads took: 0,0000372 seconds
2017-02-17T15:19:13.031+0100: 86,294: Total time for which application threads were stopped: 0,0000644 seconds, Stopping threads took: 0,0000176 seconds
2017-02-17T15:19:38.035+0100: 111,297: Total time for which application threads were stopped: 0,0006077 seconds, Stopping threads took: 0,0001909 seconds
2017-02-17T15:19:44.036+0100: 117,298: Total time for which application threads were stopped: 0,0004627 seconds, Stopping threads took: 0,0001214 seconds
2017-02-17T15:19:49.037+0100: 122,299: Total time for which application threads were stopped: 0,0003478 seconds, Stopping threads took: 0,0000868 seconds
2017-02-17T15:20:48.043+0100: 181,305: Total time for which application threads were stopped: 0,0000954 seconds, Stopping threads took: 0,0000395 seconds
2017-02-17T15:20:53.044+0100: 186,306: Total time for which application threads were stopped: 0,0001391 seconds, Stopping threads took: 0,0000541 seconds
2017-02-17T15:22:09.052+0100: 262,315: Total time for which application threads were stopped: 0,0001443 seconds, Stopping threads took: 0,0000435 seconds
2017-02-17T15:41:18.195+0100: 1411,458: Total time for which application threads were stopped: 0,0000821 seconds, Stopping threads took: 0,0000316 seconds
2017-02-17T15:45:58.226+0100: 1691,488: Total time for which application threads were stopped: 0,0000837 seconds, Stopping threads took: 0,0000328 seconds
2017-02-17T15:56:08.296+0100: 2301,559: Total time for which application threads were stopped: 0,0000815 seconds, Stopping threads took: 0,0000320 seconds
2017-02-17T15:56:09.296+0100: 2302,559: Total time for which application threads were stopped: 0,0000808 seconds, Stopping threads took: 0,0000307 seconds
2017-02-17T16:13:19.417+0100: 3332,680: Total time for which application threads were stopped: 0,0001101 seconds, Stopping threads took: 0,0000375 seconds
2017-02-17T16:22:18.482+0100: 3871,745: Total time for which application threads were stopped: 0,0001451 seconds, Stopping threads took: 0,0000547 seconds
2017-02-17T16:22:23.483+0100: 3876,746: Total time for which application threads were stopped: 0,0000661 seconds, Stopping threads took: 0,0000161 seconds
2017-02-17T16:45:49.636+0100: 5282,899: Total time for which application threads were stopped: 0,0000827 seconds, Stopping threads took: 0,0000331 seconds
2017-02-17T16:46:24.640+0100: 5317,902: Total time for which application threads were stopped: 0,0000901 seconds, Stopping threads took: 0,0000355 seconds
2017-02-17T17:14:24.825+0100: 6998,087: Total time for which application threads were stopped: 0,0000899 seconds, Stopping threads took: 0,0000349 seconds
2017-02-17T17:17:18.845+0100: 7172,108: Total time for which application threads were stopped: 0,0001759 seconds, Stopping threads took: 0,0000653 seconds
2017-02-17T17:18:48.857+0100: 7262,120: Total time for which application threads were stopped: 0,0000881 seconds, Stopping threads took: 0,0000328 seconds
2017-02-17T17:25:48.900+0100: 7682,163: Total time for which application threads were stopped: 0,0000881 seconds, Stopping threads took: 0,0000327 seconds
2017-02-17T17:26:18.903+0100: 7712,166: Total time for which application threads were stopped: 0,0001939 seconds, Stopping threads took: 0,0001017 seconds
2017-02-17T19:33:48.781+0100: 15362,044: Total time for which application threads were stopped: 0,0001046 seconds, Stopping threads took: 0,0000309 seconds
{Heap before GC invocations=8 (full 1):
 par new generation   total 109248K, used 101483K [0x00000000e0000000, 0x00000000e8000000, 0x00000000e8000000)
  eden space 87424K, 100% used [0x00000000e0000000, 0x00000000e5560000, 0x00000000e5560000)
  from space 21824K,  64% used [0x00000000e5560000, 0x00000000e631acc0, 0x00000000e6ab0000)
  to   space 21824K,   0% used [0x00000000e6ab0000, 0x00000000e6ab0000, 0x00000000e8000000)
 concurrent mark-sweep generation total 393216K, used 0K [0x00000000e8000000, 0x0000000100000000, 0x0000000100000000)
 Metaspace       used 28120K, capacity 28640K, committed 28796K, reserved 1075200K
  class space    used 3224K, capacity 3394K, committed 3452K, reserved 1048576K
2017-02-17T19:43:49.672+0100: 15962,934: [GC (Allocation Failure) 2017-02-17T19:43:49.672+0100: 15962,934: [ParNew
Desired survivor size 20112992 bytes, new threshold 8 (max 8)
- age   1:   12496728 bytes,   12496728 total
- age   2:     375104 bytes,   12871832 total
- age   3:    1873888 bytes,   14745720 total
- age   4:      85008 bytes,   14830728 total
- age   5:     137360 bytes,   14968088 total
- age   7:     234424 bytes,   15202512 total
- age   8:     764392 bytes,   15966904 total
: 101483K->19429K(109248K), 0,2071375 secs] 101483K->26261K(502464K), 0,2072622 secs] [Times: user=0,12 sys=0,00, real=0,21 secs] 
Heap after GC invocations=9 (full 1):
 par new generation   total 109248K, used 19429K [0x00000000e0000000, 0x00000000e8000000, 0x00000000e8000000)
  eden space 87424K,   0% used [0x00000000e0000000, 0x00000000e0000000, 0x00000000e5560000)
  from space 21824K,  89% used [0x00000000e6ab0000, 0x00000000e7da96b0, 0x00000000e8000000)
  to   space 21824K,   0% used [0x00000000e5560000, 0x00000000e5560000, 0x00000000e6ab0000)
 concurrent mark-sweep generation total 393216K, used 6831K [0x00000000e8000000, 0x0000000100000000, 0x0000000100000000)
 Metaspace       used 28120K, capacity 28640K, committed 28796K, reserved 1075200K
  class space    used 3224K, capacity 3394K, committed 3452K, reserved 1048576K
}
2017-02-17T19:43:49.879+0100: 15963,141: Total time for which application threads were stopped: 0,2074744 seconds, Stopping threads took: 0,0000243 seconds
2017-02-17T19:43:49.886+0100: 15963,149: Total time for which application threads were stopped: 0,0001121 seconds, Stopping threads took: 0,0000251 seconds
2017-02-17T19:43:49.895+0100: 15963,158: Total time for which application threads were stopped: 0,0019510 seconds, Stopping threads took: 0,0018396 seconds
2017-02-17T19:43:49.905+0100: 15963,167: Total time for which application threads were stopped: 0,0008192 seconds, Stopping threads took: 0,0007534 seconds
2017-02-17T19:43:49.906+0100: 15963,168: Total time for which application threads were stopped: 0,0000617 seconds, Stopping threads took: 0,0000134 seconds
2017-02-17T19:43:49.907+0100: 15963,170: Total time for which application threads were stopped: 0,0002189 seconds, Stopping threads took: 0,0001131 seconds
2017-02-17T19:43:49.909+0100: 15963,172: Total time for which application threads were stopped: 0,0000833 seconds, Stopping threads took: 0,0000166 seconds
2017-02-17T19:43:49.910+0100: 15963,173: Total time for which application threads were stopped: 0,0001065 seconds, Stopping threads took: 0,0000188 seconds
Heap
 par new generation   total 109248K, used 27690K [0x00000000e0000000, 0x00000000e8000000, 0x00000000e8000000)
  eden space 87424K,   9% used [0x00000000e0000000, 0x00000000e0811320, 0x00000000e5560000)
  from space 21824K,  89% used [0x00000000e6ab0000, 0x00000000e7da96b0, 0x00000000e8000000)
  to   space 21824K,   0% used [0x00000000e5560000, 0x00000000e5560000, 0x00000000e6ab0000)
 concurrent mark-sweep generation total 393216K, used 6831K [0x00000000e8000000, 0x0000000100000000, 0x0000000100000000)
 Metaspace       used 28207K, capacity 28878K, committed 29052K, reserved 1075200K
  class space    used 3233K, capacity 3427K, committed 3452K, reserved 1048576K
