OpenJDK 64-Bit Server VM (25.131-b11) for linux-amd64 JRE (1.8.0_131-8u131-b11-0ubuntu1.16.04.2-b11), built on May  6 2017 02:45:27 by "buildd" with gcc 5.4.0 20160609
Memory: 4k page, physical 7867740k(7403068k free), swap 8076284k(8076284k free)
CommandLine flags: -XX:CMSInitiatingOccupancyFraction=50 -XX:CMSMaxAbortablePrecleanTime=6000 -XX:+CMSParallelRemarkEnabled -XX:+CMSScavengeBeforeRemark -XX:ConcGCThreads=4 -XX:InitialHeapSize=536870912 -XX:MaxHeapSize=536870912 -XX:MaxTenuringThreshold=8 -XX:NewRatio=3 -XX:OldPLABSize=16 -XX:OnOutOfMemoryError=/opt/solr/bin/oom_solr.sh 8983 /var/solr/logs -XX:ParallelGCThreads=4 -XX:+ParallelRefProcEnabled -XX:PretenureSizeThreshold=67108864 -XX:+PrintGC -XX:+PrintGCApplicationStoppedTime -XX:+PrintGCDateStamps -XX:+PrintGCDetails -XX:+PrintGCTimeStamps -XX:+PrintHeapAtGC -XX:+PrintTenuringDistribution -XX:SurvivorRatio=4 -XX:TargetSurvivorRatio=90 -XX:ThreadStackSize=256 -XX:+UseCMSInitiatingOccupancyOnly -XX:+UseCompressedClassPointers -XX:+UseCompressedOops -XX:+UseConcMarkSweepGC -XX:+UseParNewGC 
2017-06-10T09:25:54.864+0200: 0,150: Total time for which application threads were stopped: 0,0000656 seconds, Stopping threads took: 0,0000087 seconds
2017-06-10T09:25:54.950+0200: 0,236: Total time for which application threads were stopped: 0,0023012 seconds, Stopping threads took: 0,0021935 seconds
2017-06-10T09:25:54.967+0200: 0,253: Total time for which application threads were stopped: 0,0000985 seconds, Stopping threads took: 0,0000171 seconds
2017-06-10T09:25:55.185+0200: 0,472: Total time for which application threads were stopped: 0,0001474 seconds, Stopping threads took: 0,0000159 seconds
2017-06-10T09:25:55.628+0200: 0,914: Total time for which application threads were stopped: 0,0001461 seconds, Stopping threads took: 0,0000135 seconds
2017-06-10T09:25:55.732+0200: 1,018: Total time for which application threads were stopped: 0,0002079 seconds, Stopping threads took: 0,0000371 seconds
2017-06-10T09:25:55.781+0200: 1,067: Total time for which application threads were stopped: 0,0002068 seconds, Stopping threads took: 0,0000175 seconds
2017-06-10T09:25:56.218+0200: 1,504: Total time for which application threads were stopped: 0,0004300 seconds, Stopping threads took: 0,0000790 seconds
2017-06-10T09:25:56.460+0200: 1,746: Total time for which application threads were stopped: 0,0002538 seconds, Stopping threads took: 0,0000299 seconds
2017-06-10T09:25:56.481+0200: 1,767: Total time for which application threads were stopped: 0,0002267 seconds, Stopping threads took: 0,0000243 seconds
2017-06-10T09:25:56.510+0200: 1,796: Total time for which application threads were stopped: 0,0002359 seconds, Stopping threads took: 0,0000312 seconds
2017-06-10T09:25:56.512+0200: 1,799: Total time for which application threads were stopped: 0,0014954 seconds, Stopping threads took: 0,0001902 seconds
2017-06-10T09:25:56.533+0200: 1,820: Total time for which application threads were stopped: 0,0001762 seconds, Stopping threads took: 0,0000153 seconds
2017-06-10T09:25:56.621+0200: 1,907: Total time for which application threads were stopped: 0,0002570 seconds, Stopping threads took: 0,0000265 seconds
2017-06-10T09:25:56.783+0200: 2,070: Total time for which application threads were stopped: 0,0002754 seconds, Stopping threads took: 0,0000455 seconds
{Heap before GC invocations=0 (full 0):
 par new generation   total 109248K, used 87424K [0x00000000e0000000, 0x00000000e8000000, 0x00000000e8000000)
  eden space 87424K, 100% used [0x00000000e0000000, 0x00000000e5560000, 0x00000000e5560000)
  from space 21824K,   0% used [0x00000000e5560000, 0x00000000e5560000, 0x00000000e6ab0000)
  to   space 21824K,   0% used [0x00000000e6ab0000, 0x00000000e6ab0000, 0x00000000e8000000)
 concurrent mark-sweep generation total 393216K, used 0K [0x00000000e8000000, 0x0000000100000000, 0x0000000100000000)
 Metaspace       used 18181K, capacity 18464K, committed 18688K, reserved 1064960K
  class space    used 2058K, capacity 2196K, committed 2304K, reserved 1048576K
2017-06-10T09:25:56.872+0200: 2,158: [GC (Allocation Failure) 2017-06-10T09:25:56.872+0200: 2,158: [ParNew
Desired survivor size 20112992 bytes, new threshold 8 (max 8)
- age   1:   12791120 bytes,   12791120 total
: 87424K->12618K(109248K), 0,0168602 secs] 87424K->12618K(502464K), 0,0169445 secs] [Times: user=0,04 sys=0,01, real=0,01 secs] 
Heap after GC invocations=1 (full 0):
 par new generation   total 109248K, used 12618K [0x00000000e0000000, 0x00000000e8000000, 0x00000000e8000000)
  eden space 87424K,   0% used [0x00000000e0000000, 0x00000000e0000000, 0x00000000e5560000)
  from space 21824K,  57% used [0x00000000e6ab0000, 0x00000000e7702bd8, 0x00000000e8000000)
  to   space 21824K,   0% used [0x00000000e5560000, 0x00000000e5560000, 0x00000000e6ab0000)
 concurrent mark-sweep generation total 393216K, used 0K [0x00000000e8000000, 0x0000000100000000, 0x0000000100000000)
 Metaspace       used 18181K, capacity 18464K, committed 18688K, reserved 1064960K
  class space    used 2058K, capacity 2196K, committed 2304K, reserved 1048576K
}
2017-06-10T09:25:56.889+0200: 2,175: Total time for which application threads were stopped: 0,0171751 seconds, Stopping threads took: 0,0000515 seconds
2017-06-10T09:25:57.165+0200: 2,451: Total time for which application threads were stopped: 0,0003820 seconds, Stopping threads took: 0,0000741 seconds
2017-06-10T09:25:57.206+0200: 2,493: Total time for which application threads were stopped: 0,0003504 seconds, Stopping threads took: 0,0000834 seconds
{Heap before GC invocations=1 (full 0):
 par new generation   total 109248K, used 100042K [0x00000000e0000000, 0x00000000e8000000, 0x00000000e8000000)
  eden space 87424K, 100% used [0x00000000e0000000, 0x00000000e5560000, 0x00000000e5560000)
  from space 21824K,  57% used [0x00000000e6ab0000, 0x00000000e7702bd8, 0x00000000e8000000)
  to   space 21824K,   0% used [0x00000000e5560000, 0x00000000e5560000, 0x00000000e6ab0000)
 concurrent mark-sweep generation total 393216K, used 0K [0x00000000e8000000, 0x0000000100000000, 0x0000000100000000)
 Metaspace       used 20041K, capacity 20364K, committed 20736K, reserved 1067008K
  class space    used 2296K, capacity 2468K, committed 2560K, reserved 1048576K
2017-06-10T09:25:57.212+0200: 2,498: [GC (Allocation Failure) 2017-06-10T09:25:57.212+0200: 2,498: [ParNew
Desired survivor size 20112992 bytes, new threshold 8 (max 8)
- age   1:    3442824 bytes,    3442824 total
- age   2:    6683784 bytes,   10126608 total
: 100042K->15983K(109248K), 0,0095656 secs] 100042K->15983K(502464K), 0,0096436 secs] [Times: user=0,04 sys=0,00, real=0,00 secs] 
Heap after GC invocations=2 (full 0):
 par new generation   total 109248K, used 15983K [0x00000000e0000000, 0x00000000e8000000, 0x00000000e8000000)
  eden space 87424K,   0% used [0x00000000e0000000, 0x00000000e0000000, 0x00000000e5560000)
  from space 21824K,  73% used [0x00000000e5560000, 0x00000000e64fbfc0, 0x00000000e6ab0000)
  to   space 21824K,   0% used [0x00000000e6ab0000, 0x00000000e6ab0000, 0x00000000e8000000)
 concurrent mark-sweep generation total 393216K, used 0K [0x00000000e8000000, 0x0000000100000000, 0x0000000100000000)
 Metaspace       used 20041K, capacity 20364K, committed 20736K, reserved 1067008K
  class space    used 2296K, capacity 2468K, committed 2560K, reserved 1048576K
}
2017-06-10T09:25:57.222+0200: 2,508: Total time for which application threads were stopped: 0,0116756 seconds, Stopping threads took: 0,0018798 seconds
2017-06-10T09:25:57.256+0200: 2,542: Total time for which application threads were stopped: 0,0004056 seconds, Stopping threads took: 0,0000822 seconds
2017-06-10T09:25:57.393+0200: 2,679: Total time for which application threads were stopped: 0,0002043 seconds, Stopping threads took: 0,0000717 seconds
{Heap before GC invocations=2 (full 0):
 par new generation   total 109248K, used 103407K [0x00000000e0000000, 0x00000000e8000000, 0x00000000e8000000)
  eden space 87424K, 100% used [0x00000000e0000000, 0x00000000e5560000, 0x00000000e5560000)
  from space 21824K,  73% used [0x00000000e5560000, 0x00000000e64fbfc0, 0x00000000e6ab0000)
  to   space 21824K,   0% used [0x00000000e6ab0000, 0x00000000e6ab0000, 0x00000000e8000000)
 concurrent mark-sweep generation total 393216K, used 0K [0x00000000e8000000, 0x0000000100000000, 0x0000000100000000)
 Metaspace       used 20972K, capacity 21286K, committed 21628K, reserved 1069056K
  class space    used 2416K, capacity 2587K, committed 2684K, reserved 1048576K
2017-06-10T09:25:57.435+0200: 2,722: [GC (Allocation Failure) 2017-06-10T09:25:57.436+0200: 2,722: [ParNew
Desired survivor size 20112992 bytes, new threshold 8 (max 8)
- age   1:    1976160 bytes,    1976160 total
- age   2:     845832 bytes,    2821992 total
- age   3:    6679200 bytes,    9501192 total
: 103407K->11175K(109248K), 0,0129793 secs] 103407K->11175K(502464K), 0,0130592 secs] [Times: user=0,05 sys=0,00, real=0,01 secs] 
Heap after GC invocations=3 (full 0):
 par new generation   total 109248K, used 11175K [0x00000000e0000000, 0x00000000e8000000, 0x00000000e8000000)
  eden space 87424K,   0% used [0x00000000e0000000, 0x00000000e0000000, 0x00000000e5560000)
  from space 21824K,  51% used [0x00000000e6ab0000, 0x00000000e7599e80, 0x00000000e8000000)
  to   space 21824K,   0% used [0x00000000e5560000, 0x00000000e5560000, 0x00000000e6ab0000)
 concurrent mark-sweep generation total 393216K, used 0K [0x00000000e8000000, 0x0000000100000000, 0x0000000100000000)
 Metaspace       used 20972K, capacity 21286K, committed 21628K, reserved 1069056K
  class space    used 2416K, capacity 2587K, committed 2684K, reserved 1048576K
}
2017-06-10T09:25:57.449+0200: 2,735: Total time for which application threads were stopped: 0,0139957 seconds, Stopping threads took: 0,0007741 seconds
2017-06-10T09:25:57.454+0200: 2,740: [GC (CMS Initial Mark) [1 CMS-initial-mark: 0K(393216K)] 15524K(502464K), 0,0044448 secs] [Times: user=0,02 sys=0,00, real=0,00 secs] 
2017-06-10T09:25:57.458+0200: 2,745: Total time for which application threads were stopped: 0,0050744 seconds, Stopping threads took: 0,0005172 seconds
2017-06-10T09:25:57.458+0200: 2,745: [CMS-concurrent-mark-start]
2017-06-10T09:25:57.459+0200: 2,745: [CMS-concurrent-mark: 0,000/0,000 secs] [Times: user=0,00 sys=0,00, real=0,00 secs] 
2017-06-10T09:25:57.459+0200: 2,745: [CMS-concurrent-preclean-start]
2017-06-10T09:25:57.460+0200: 2,746: [CMS-concurrent-preclean: 0,001/0,001 secs] [Times: user=0,00 sys=0,00, real=0,00 secs] 
2017-06-10T09:25:57.460+0200: 2,746: [CMS-concurrent-abortable-preclean-start]
2017-06-10T09:25:57.522+0200: 2,808: Total time for which application threads were stopped: 0,0016884 seconds, Stopping threads took: 0,0015912 seconds
{Heap before GC invocations=3 (full 1):
 par new generation   total 109248K, used 98599K [0x00000000e0000000, 0x00000000e8000000, 0x00000000e8000000)
  eden space 87424K, 100% used [0x00000000e0000000, 0x00000000e5560000, 0x00000000e5560000)
  from space 21824K,  51% used [0x00000000e6ab0000, 0x00000000e7599e80, 0x00000000e8000000)
  to   space 21824K,   0% used [0x00000000e5560000, 0x00000000e5560000, 0x00000000e6ab0000)
 concurrent mark-sweep generation total 393216K, used 0K [0x00000000e8000000, 0x0000000100000000, 0x0000000100000000)
 Metaspace       used 21260K, capacity 21624K, committed 21884K, reserved 1069056K
  class space    used 2447K, capacity 2602K, committed 2684K, reserved 1048576K
2017-06-10T09:25:57.565+0200: 2,851: [GC (Allocation Failure) 2017-06-10T09:25:57.565+0200: 2,851: [ParNew
Desired survivor size 20112992 bytes, new threshold 8 (max 8)
- age   1:    1411528 bytes,    1411528 total
- age   2:    1437744 bytes,    2849272 total
- age   3:     812392 bytes,    3661664 total
- age   4:    6679224 bytes,   10340888 total
: 98599K->16152K(109248K), 0,0103356 secs] 98599K->16152K(502464K), 0,0104177 secs] [Times: user=0,04 sys=0,00, real=0,01 secs] 
Heap after GC invocations=4 (full 1):
 par new generation   total 109248K, used 16152K [0x00000000e0000000, 0x00000000e8000000, 0x00000000e8000000)
  eden space 87424K,   0% used [0x00000000e0000000, 0x00000000e0000000, 0x00000000e5560000)
  from space 21824K,  74% used [0x00000000e5560000, 0x00000000e6526380, 0x00000000e6ab0000)
  to   space 21824K,   0% used [0x00000000e6ab0000, 0x00000000e6ab0000, 0x00000000e8000000)
 concurrent mark-sweep generation total 393216K, used 0K [0x00000000e8000000, 0x0000000100000000, 0x0000000100000000)
 Metaspace       used 21260K, capacity 21624K, committed 21884K, reserved 1069056K
  class space    used 2447K, capacity 2602K, committed 2684K, reserved 1048576K
}
2017-06-10T09:25:57.575+0200: 2,862: Total time for which application threads were stopped: 0,0107034 seconds, Stopping threads took: 0,0001444 seconds
2017-06-10T09:25:57.575+0200: 2,862: [CMS-concurrent-abortable-preclean: 0,063/0,116 secs] [Times: user=0,44 sys=0,00, real=0,12 secs] 
2017-06-10T09:25:57.582+0200: 2,868: [GC (CMS Final Remark) [YG occupancy: 20870 K (109248 K)]{Heap before GC invocations=4 (full 1):
 par new generation   total 109248K, used 20870K [0x00000000e0000000, 0x00000000e8000000, 0x00000000e8000000)
  eden space 87424K,   5% used [0x00000000e0000000, 0x00000000e049b620, 0x00000000e5560000)
  from space 21824K,  74% used [0x00000000e5560000, 0x00000000e6526380, 0x00000000e6ab0000)
  to   space 21824K,   0% used [0x00000000e6ab0000, 0x00000000e6ab0000, 0x00000000e8000000)
 concurrent mark-sweep generation total 393216K, used 0K [0x00000000e8000000, 0x0000000100000000, 0x0000000100000000)
 Metaspace       used 21260K, capacity 21624K, committed 21884K, reserved 1069056K
  class space    used 2447K, capacity 2602K, committed 2684K, reserved 1048576K
2017-06-10T09:25:57.582+0200: 2,868: [GC (CMS Final Remark) 2017-06-10T09:25:57.582+0200: 2,868: [ParNew
Desired survivor size 20112992 bytes, new threshold 8 (max 8)
- age   1:     496568 bytes,     496568 total
- age   2:     443920 bytes,     940488 total
- age   3:    1437744 bytes,    2378232 total
- age   4:     812392 bytes,    3190624 total
- age   5:    6679176 bytes,    9869800 total
: 20870K->11359K(109248K), 0,0096163 secs] 20870K->11359K(502464K), 0,0096567 secs] [Times: user=0,03 sys=0,00, real=0,01 secs] 
Heap after GC invocations=5 (full 1):
 par new generation   total 109248K, used 11359K [0x00000000e0000000, 0x00000000e8000000, 0x00000000e8000000)
  eden space 87424K,   0% used [0x00000000e0000000, 0x00000000e0000000, 0x00000000e5560000)
  from space 21824K,  52% used [0x00000000e6ab0000, 0x00000000e75c7d30, 0x00000000e8000000)
  to   space 21824K,   0% used [0x00000000e5560000, 0x00000000e5560000, 0x00000000e6ab0000)
 concurrent mark-sweep generation total 393216K, used 0K [0x00000000e8000000, 0x0000000100000000, 0x0000000100000000)
 Metaspace       used 21260K, capacity 21624K, committed 21884K, reserved 1069056K
  class space    used 2447K, capacity 2602K, committed 2684K, reserved 1048576K
}
2017-06-10T09:25:57.592+0200: 2,878: [Rescan (parallel) , 0,0036498 secs]2017-06-10T09:25:57.595+0200: 2,882: [weak refs processing, 0,0008887 secs]2017-06-10T09:25:57.596+0200: 2,883: [class unloading, 0,0028395 secs]2017-06-10T09:25:57.599+0200: 2,886: [scrub symbol table, 0,0030526 secs]2017-06-10T09:25:57.602+0200: 2,889: [scrub string table, 0,0003729 secs][1 CMS-remark: 0K(393216K)] 11359K(502464K), 0,0211259 secs] [Times: user=0,05 sys=0,00, real=0,02 secs] 
2017-06-10T09:25:57.603+0200: 2,889: Total time for which application threads were stopped: 0,0250806 seconds, Stopping threads took: 0,0038793 seconds
2017-06-10T09:25:57.603+0200: 2,890: [CMS-concurrent-sweep-start]
2017-06-10T09:25:57.603+0200: 2,890: [CMS-concurrent-sweep: 0,000/0,000 secs] [Times: user=0,00 sys=0,00, real=0,00 secs] 
2017-06-10T09:25:57.603+0200: 2,890: [CMS-concurrent-reset-start]
2017-06-10T09:25:57.606+0200: 2,892: [CMS-concurrent-reset: 0,002/0,002 secs] [Times: user=0,01 sys=0,00, real=0,00 secs] 
{Heap before GC invocations=5 (full 1):
 par new generation   total 109248K, used 98783K [0x00000000e0000000, 0x00000000e8000000, 0x00000000e8000000)
  eden space 87424K,  99% used [0x00000000e0000000, 0x00000000e555ff48, 0x00000000e5560000)
  from space 21824K,  52% used [0x00000000e6ab0000, 0x00000000e75c7d30, 0x00000000e8000000)
  to   space 21824K,   0% used [0x00000000e5560000, 0x00000000e5560000, 0x00000000e6ab0000)
 concurrent mark-sweep generation total 393216K, used 0K [0x00000000e8000000, 0x0000000100000000, 0x0000000100000000)
 Metaspace       used 21480K, capacity 21860K, committed 22140K, reserved 1069056K
  class space    used 2479K, capacity 2636K, committed 2684K, reserved 1048576K
2017-06-10T09:25:57.698+0200: 2,984: [GC (Allocation Failure) 2017-06-10T09:25:57.698+0200: 2,984: [ParNew
Desired survivor size 20112992 bytes, new threshold 8 (max 8)
- age   1:     607768 bytes,     607768 total
- age   2:       4712 bytes,     612480 total
- age   3:     195136 bytes,     807616 total
- age   4:    1047816 bytes,    1855432 total
- age   5:     810408 bytes,    2665840 total
- age   6:    6679168 bytes,    9345008 total
: 98783K->14638K(109248K), 0,0119039 secs] 98783K->14638K(502464K), 0,0119777 secs] [Times: user=0,04 sys=0,00, real=0,02 secs] 
Heap after GC invocations=6 (full 1):
 par new generation   total 109248K, used 14638K [0x00000000e0000000, 0x00000000e8000000, 0x00000000e8000000)
  eden space 87424K,   0% used [0x00000000e0000000, 0x00000000e0000000, 0x00000000e5560000)
  from space 21824K,  67% used [0x00000000e5560000, 0x00000000e63ab9b0, 0x00000000e6ab0000)
  to   space 21824K,   0% used [0x00000000e6ab0000, 0x00000000e6ab0000, 0x00000000e8000000)
 concurrent mark-sweep generation total 393216K, used 0K [0x00000000e8000000, 0x0000000100000000, 0x0000000100000000)
 Metaspace       used 21480K, capacity 21860K, committed 22140K, reserved 1069056K
  class space    used 2479K, capacity 2636K, committed 2684K, reserved 1048576K
}
2017-06-10T09:25:57.710+0200: 2,996: Total time for which application threads were stopped: 0,0145263 seconds, Stopping threads took: 0,0024076 seconds
2017-06-10T09:25:57.731+0200: 3,018: Total time for which application threads were stopped: 0,0003042 seconds, Stopping threads took: 0,0000215 seconds
2017-06-10T09:25:57.995+0200: 3,281: Total time for which application threads were stopped: 0,0005319 seconds, Stopping threads took: 0,0001360 seconds
2017-06-10T09:25:58.011+0200: 3,297: Total time for which application threads were stopped: 0,0003906 seconds, Stopping threads took: 0,0000391 seconds
{Heap before GC invocations=6 (full 1):
 par new generation   total 109248K, used 102062K [0x00000000e0000000, 0x00000000e8000000, 0x00000000e8000000)
  eden space 87424K, 100% used [0x00000000e0000000, 0x00000000e5560000, 0x00000000e5560000)
  from space 21824K,  67% used [0x00000000e5560000, 0x00000000e63ab9b0, 0x00000000e6ab0000)
  to   space 21824K,   0% used [0x00000000e6ab0000, 0x00000000e6ab0000, 0x00000000e8000000)
 concurrent mark-sweep generation total 393216K, used 0K [0x00000000e8000000, 0x0000000100000000, 0x0000000100000000)
 Metaspace       used 24008K, capacity 24452K, committed 24572K, reserved 1071104K
  class space    used 2832K, capacity 3010K, committed 3068K, reserved 1048576K
2017-06-10T09:25:58.182+0200: 3,469: [GC (Allocation Failure) 2017-06-10T09:25:58.182+0200: 3,469: [ParNew
Desired survivor size 20112992 bytes, new threshold 8 (max 8)
- age   1:    5221336 bytes,    5221336 total
- age   2:     163768 bytes,    5385104 total
- age   3:       4712 bytes,    5389816 total
- age   4:     194264 bytes,    5584080 total
- age   5:     267400 bytes,    5851480 total
- age   6:     786200 bytes,    6637680 total
- age   7:    6670912 bytes,   13308592 total
: 102062K->15304K(109248K), 0,0116284 secs] 102062K->15304K(502464K), 0,0117068 secs] [Times: user=0,04 sys=0,00, real=0,01 secs] 
Heap after GC invocations=7 (full 1):
 par new generation   total 109248K, used 15304K [0x00000000e0000000, 0x00000000e8000000, 0x00000000e8000000)
  eden space 87424K,   0% used [0x00000000e0000000, 0x00000000e0000000, 0x00000000e5560000)
  from space 21824K,  70% used [0x00000000e6ab0000, 0x00000000e79a21a0, 0x00000000e8000000)
  to   space 21824K,   0% used [0x00000000e5560000, 0x00000000e5560000, 0x00000000e6ab0000)
 concurrent mark-sweep generation total 393216K, used 0K [0x00000000e8000000, 0x0000000100000000, 0x0000000100000000)
 Metaspace       used 24008K, capacity 24452K, committed 24572K, reserved 1071104K
  class space    used 2832K, capacity 3010K, committed 3068K, reserved 1048576K
}
2017-06-10T09:25:58.194+0200: 3,480: Total time for which application threads were stopped: 0,0119724 seconds, Stopping threads took: 0,0000230 seconds
{Heap before GC invocations=7 (full 1):
 par new generation   total 109248K, used 102728K [0x00000000e0000000, 0x00000000e8000000, 0x00000000e8000000)
  eden space 87424K, 100% used [0x00000000e0000000, 0x00000000e5560000, 0x00000000e5560000)
  from space 21824K,  70% used [0x00000000e6ab0000, 0x00000000e79a21a0, 0x00000000e8000000)
  to   space 21824K,   0% used [0x00000000e5560000, 0x00000000e5560000, 0x00000000e6ab0000)
 concurrent mark-sweep generation total 393216K, used 0K [0x00000000e8000000, 0x0000000100000000, 0x0000000100000000)
 Metaspace       used 24437K, capacity 24938K, committed 25084K, reserved 1071104K
  class space    used 2861K, capacity 3043K, committed 3068K, reserved 1048576K
2017-06-10T09:25:58.331+0200: 3,617: [GC (Allocation Failure) 2017-06-10T09:25:58.331+0200: 3,617: [ParNew
Desired survivor size 20112992 bytes, new threshold 8 (max 8)
- age   1:    1530840 bytes,    1530840 total
- age   2:    1785472 bytes,    3316312 total
- age   3:      88224 bytes,    3404536 total
- age   4:       2944 bytes,    3407480 total
- age   5:     108376 bytes,    3515856 total
- age   6:     175928 bytes,    3691784 total
- age   7:     735096 bytes,    4426880 total
- age   8:    6137976 bytes,   10564856 total
: 102728K->16261K(109248K), 0,0255338 secs] 102728K->16261K(502464K), 0,0256095 secs] [Times: user=0,06 sys=0,00, real=0,02 secs] 
Heap after GC invocations=8 (full 1):
 par new generation   total 109248K, used 16261K [0x00000000e0000000, 0x00000000e8000000, 0x00000000e8000000)
  eden space 87424K,   0% used [0x00000000e0000000, 0x00000000e0000000, 0x00000000e5560000)
  from space 21824K,  74% used [0x00000000e5560000, 0x00000000e6541420, 0x00000000e6ab0000)
  to   space 21824K,   0% used [0x00000000e6ab0000, 0x00000000e6ab0000, 0x00000000e8000000)
 concurrent mark-sweep generation total 393216K, used 0K [0x00000000e8000000, 0x0000000100000000, 0x0000000100000000)
 Metaspace       used 24437K, capacity 24938K, committed 25084K, reserved 1071104K
  class space    used 2861K, capacity 3043K, committed 3068K, reserved 1048576K
}
2017-06-10T09:25:58.357+0200: 3,643: Total time for which application threads were stopped: 0,0258564 seconds, Stopping threads took: 0,0000534 seconds
{Heap before GC invocations=8 (full 1):
 par new generation   total 109248K, used 103685K [0x00000000e0000000, 0x00000000e8000000, 0x00000000e8000000)
  eden space 87424K, 100% used [0x00000000e0000000, 0x00000000e5560000, 0x00000000e5560000)
  from space 21824K,  74% used [0x00000000e5560000, 0x00000000e6541420, 0x00000000e6ab0000)
  to   space 21824K,   0% used [0x00000000e6ab0000, 0x00000000e6ab0000, 0x00000000e8000000)
 concurrent mark-sweep generation total 393216K, used 0K [0x00000000e8000000, 0x0000000100000000, 0x0000000100000000)
 Metaspace       used 24954K, capacity 25380K, committed 25724K, reserved 1071104K
  class space    used 2906K, capacity 3080K, committed 3196K, reserved 1048576K
2017-06-10T09:25:58.486+0200: 3,772: [GC (Allocation Failure) 2017-06-10T09:25:58.486+0200: 3,772: [ParNew
Desired survivor size 20112992 bytes, new threshold 8 (max 8)
- age   1:     857320 bytes,     857320 total
- age   2:     987560 bytes,    1844880 total
- age   3:    1761880 bytes,    3606760 total
- age   4:      88136 bytes,    3694896 total
- age   5:       2944 bytes,    3697840 total
- age   6:     105728 bytes,    3803568 total
- age   7:     175336 bytes,    3978904 total
- age   8:     734392 bytes,    4713296 total
: 103685K->6611K(109248K), 0,0320565 secs] 103685K->12688K(502464K), 0,0321261 secs] [Times: user=0,09 sys=0,00, real=0,03 secs] 
Heap after GC invocations=9 (full 1):
 par new generation   total 109248K, used 6611K [0x00000000e0000000, 0x00000000e8000000, 0x00000000e8000000)
  eden space 87424K,   0% used [0x00000000e0000000, 0x00000000e0000000, 0x00000000e5560000)
  from space 21824K,  30% used [0x00000000e6ab0000, 0x00000000e7124ee0, 0x00000000e8000000)
  to   space 21824K,   0% used [0x00000000e5560000, 0x00000000e5560000, 0x00000000e6ab0000)
 concurrent mark-sweep generation total 393216K, used 6076K [0x00000000e8000000, 0x0000000100000000, 0x0000000100000000)
 Metaspace       used 24954K, capacity 25380K, committed 25724K, reserved 1071104K
  class space    used 2906K, capacity 3080K, committed 3196K, reserved 1048576K
}
2017-06-10T09:25:58.518+0200: 3,805: Total time for which application threads were stopped: 0,0349193 seconds, Stopping threads took: 0,0026307 seconds
2017-06-10T09:25:58.770+0200: 4,056: Total time for which application threads were stopped: 0,0012972 seconds, Stopping threads took: 0,0009014 seconds
2017-06-10T09:25:58.773+0200: 4,060: Total time for which application threads were stopped: 0,0000990 seconds, Stopping threads took: 0,0000142 seconds
2017-06-10T09:25:58.782+0200: 4,069: Total time for which application threads were stopped: 0,0002106 seconds, Stopping threads took: 0,0000945 seconds
2017-06-10T09:25:58.786+0200: 4,072: Total time for which application threads were stopped: 0,0001403 seconds, Stopping threads took: 0,0000696 seconds
2017-06-10T09:25:58.792+0200: 4,078: Total time for which application threads were stopped: 0,0018849 seconds, Stopping threads took: 0,0018120 seconds
2017-06-10T09:25:58.793+0200: 4,079: Total time for which application threads were stopped: 0,0001141 seconds, Stopping threads took: 0,0000447 seconds
2017-06-10T09:25:58.794+0200: 4,081: Total time for which application threads were stopped: 0,0002446 seconds, Stopping threads took: 0,0001827 seconds
2017-06-10T09:25:58.853+0200: 4,139: Total time for which application threads were stopped: 0,0001404 seconds, Stopping threads took: 0,0000281 seconds
2017-06-10T09:25:58.859+0200: 4,145: Total time for which application threads were stopped: 0,0001396 seconds, Stopping threads took: 0,0000349 seconds
2017-06-10T09:25:58.863+0200: 4,150: Total time for which application threads were stopped: 0,0007849 seconds, Stopping threads took: 0,0000387 seconds
2017-06-10T09:25:58.880+0200: 4,167: Total time for which application threads were stopped: 0,0001318 seconds, Stopping threads took: 0,0000279 seconds
2017-06-10T09:25:58.882+0200: 4,169: Total time for which application threads were stopped: 0,0006150 seconds, Stopping threads took: 0,0000413 seconds
2017-06-10T09:25:58.901+0200: 4,187: Total time for which application threads were stopped: 0,0002011 seconds, Stopping threads took: 0,0000378 seconds
2017-06-10T09:25:58.902+0200: 4,188: Total time for which application threads were stopped: 0,0001470 seconds, Stopping threads took: 0,0000403 seconds
2017-06-10T09:25:58.955+0200: 4,241: Total time for which application threads were stopped: 0,0005797 seconds, Stopping threads took: 0,0000462 seconds
2017-06-10T09:25:58.975+0200: 4,261: Total time for which application threads were stopped: 0,0001539 seconds, Stopping threads took: 0,0000633 seconds
2017-06-10T09:25:58.984+0200: 4,271: Total time for which application threads were stopped: 0,0001395 seconds, Stopping threads took: 0,0000388 seconds
2017-06-10T09:25:58.986+0200: 4,272: Total time for which application threads were stopped: 0,0012993 seconds, Stopping threads took: 0,0012000 seconds
2017-06-10T09:25:58.988+0200: 4,274: Total time for which application threads were stopped: 0,0001659 seconds, Stopping threads took: 0,0000501 seconds
2017-06-10T09:25:58.988+0200: 4,274: Total time for which application threads were stopped: 0,0001238 seconds, Stopping threads took: 0,0000274 seconds
2017-06-10T09:25:58.988+0200: 4,275: Total time for which application threads were stopped: 0,0001102 seconds, Stopping threads took: 0,0000271 seconds
2017-06-10T09:25:58.989+0200: 4,275: Total time for which application threads were stopped: 0,0000938 seconds, Stopping threads took: 0,0000201 seconds
2017-06-10T09:25:58.989+0200: 4,275: Total time for which application threads were stopped: 0,0000909 seconds, Stopping threads took: 0,0000237 seconds
2017-06-10T09:25:58.989+0200: 4,275: Total time for which application threads were stopped: 0,0000963 seconds, Stopping threads took: 0,0000295 seconds
2017-06-10T09:25:58.989+0200: 4,276: Total time for which application threads were stopped: 0,0000967 seconds, Stopping threads took: 0,0000205 seconds
2017-06-10T09:25:58.989+0200: 4,276: Total time for which application threads were stopped: 0,0000886 seconds, Stopping threads took: 0,0000197 seconds
2017-06-10T09:25:58.990+0200: 4,276: Total time for which application threads were stopped: 0,0002382 seconds, Stopping threads took: 0,0000189 seconds
2017-06-10T09:25:58.990+0200: 4,276: Total time for which application threads were stopped: 0,0001089 seconds, Stopping threads took: 0,0000253 seconds
2017-06-10T09:25:58.990+0200: 4,277: Total time for which application threads were stopped: 0,0001246 seconds, Stopping threads took: 0,0000797 seconds
2017-06-10T09:25:58.991+0200: 4,277: Total time for which application threads were stopped: 0,0000807 seconds, Stopping threads took: 0,0000224 seconds
2017-06-10T09:25:58.991+0200: 4,277: Total time for which application threads were stopped: 0,0000714 seconds, Stopping threads took: 0,0000199 seconds
2017-06-10T09:25:58.991+0200: 4,277: Total time for which application threads were stopped: 0,0000747 seconds, Stopping threads took: 0,0000220 seconds
2017-06-10T09:25:58.991+0200: 4,277: Total time for which application threads were stopped: 0,0000893 seconds, Stopping threads took: 0,0000221 seconds
2017-06-10T09:25:58.991+0200: 4,278: Total time for which application threads were stopped: 0,0000815 seconds, Stopping threads took: 0,0000202 seconds
2017-06-10T09:25:58.991+0200: 4,278: Total time for which application threads were stopped: 0,0000917 seconds, Stopping threads took: 0,0000206 seconds
2017-06-10T09:25:58.992+0200: 4,278: Total time for which application threads were stopped: 0,0000755 seconds, Stopping threads took: 0,0000180 seconds
2017-06-10T09:25:58.992+0200: 4,278: Total time for which application threads were stopped: 0,0000836 seconds, Stopping threads took: 0,0000177 seconds
2017-06-10T09:25:58.992+0200: 4,278: Total time for which application threads were stopped: 0,0000740 seconds, Stopping threads took: 0,0000204 seconds
2017-06-10T09:25:58.992+0200: 4,278: Total time for which application threads were stopped: 0,0000846 seconds, Stopping threads took: 0,0000182 seconds
2017-06-10T09:25:58.992+0200: 4,279: Total time for which application threads were stopped: 0,0000996 seconds, Stopping threads took: 0,0000230 seconds
2017-06-10T09:25:58.993+0200: 4,279: Total time for which application threads were stopped: 0,0001130 seconds, Stopping threads took: 0,0000431 seconds
2017-06-10T09:25:58.993+0200: 4,279: Total time for which application threads were stopped: 0,0000875 seconds, Stopping threads took: 0,0000198 seconds
2017-06-10T09:25:58.993+0200: 4,279: Total time for which application threads were stopped: 0,0001009 seconds, Stopping threads took: 0,0000237 seconds
2017-06-10T09:25:58.993+0200: 4,279: Total time for which application threads were stopped: 0,0000875 seconds, Stopping threads took: 0,0000204 seconds
2017-06-10T09:25:58.993+0200: 4,280: Total time for which application threads were stopped: 0,0000846 seconds, Stopping threads took: 0,0000210 seconds
2017-06-10T09:25:58.994+0200: 4,280: Total time for which application threads were stopped: 0,0000803 seconds, Stopping threads took: 0,0000189 seconds
2017-06-10T09:25:58.994+0200: 4,280: Total time for which application threads were stopped: 0,0001939 seconds, Stopping threads took: 0,0000176 seconds
2017-06-10T09:25:59.002+0200: 4,289: Total time for which application threads were stopped: 0,0001729 seconds, Stopping threads took: 0,0000426 seconds
2017-06-10T09:25:59.017+0200: 4,303: Total time for which application threads were stopped: 0,0002438 seconds, Stopping threads took: 0,0001002 seconds
2017-06-10T09:25:59.020+0200: 4,306: Total time for which application threads were stopped: 0,0007747 seconds, Stopping threads took: 0,0006484 seconds
2017-06-10T09:25:59.033+0200: 4,319: Total time for which application threads were stopped: 0,0001606 seconds, Stopping threads took: 0,0000280 seconds
2017-06-10T09:25:59.062+0200: 4,349: Total time for which application threads were stopped: 0,0001578 seconds, Stopping threads took: 0,0000531 seconds
2017-06-10T09:25:59.088+0200: 4,374: Total time for which application threads were stopped: 0,0066488 seconds, Stopping threads took: 0,0063718 seconds
2017-06-10T09:25:59.147+0200: 4,433: Total time for which application threads were stopped: 0,0047244 seconds, Stopping threads took: 0,0042419 seconds
2017-06-10T09:25:59.162+0200: 4,448: Total time for which application threads were stopped: 0,0003023 seconds, Stopping threads took: 0,0001830 seconds
2017-06-10T09:26:00.206+0200: 5,493: Total time for which application threads were stopped: 0,0000979 seconds, Stopping threads took: 0,0000177 seconds
2017-06-10T09:27:17.218+0200: 82,504: Total time for which application threads were stopped: 0,0001221 seconds, Stopping threads took: 0,0000338 seconds
2017-06-10T09:27:52.222+0200: 117,509: Total time for which application threads were stopped: 0,0000767 seconds, Stopping threads took: 0,0000335 seconds
2017-06-10T09:27:57.223+0200: 122,509: Total time for which application threads were stopped: 0,0001093 seconds, Stopping threads took: 0,0000289 seconds
2017-06-10T09:28:56.230+0200: 181,517: Total time for which application threads were stopped: 0,0005518 seconds, Stopping threads took: 0,0001616 seconds
2017-06-10T09:30:26.242+0200: 271,528: Total time for which application threads were stopped: 0,0002846 seconds, Stopping threads took: 0,0001583 seconds
2017-06-10T09:30:32.243+0200: 277,529: Total time for which application threads were stopped: 0,0000697 seconds, Stopping threads took: 0,0000187 seconds
2017-06-10T09:49:21.373+0200: 1406,660: Total time for which application threads were stopped: 0,0001404 seconds, Stopping threads took: 0,0000573 seconds
2017-06-10T09:54:11.399+0200: 1696,685: Total time for which application threads were stopped: 0,0000746 seconds, Stopping threads took: 0,0000280 seconds
{Heap before GC invocations=9 (full 1):
 par new generation   total 109248K, used 94035K [0x00000000e0000000, 0x00000000e8000000, 0x00000000e8000000)
  eden space 87424K, 100% used [0x00000000e0000000, 0x00000000e5560000, 0x00000000e5560000)
  from space 21824K,  30% used [0x00000000e6ab0000, 0x00000000e7124ee0, 0x00000000e8000000)
  to   space 21824K,   0% used [0x00000000e5560000, 0x00000000e5560000, 0x00000000e6ab0000)
 concurrent mark-sweep generation total 393216K, used 6076K [0x00000000e8000000, 0x0000000100000000, 0x0000000100000000)
 Metaspace       used 28015K, capacity 28548K, committed 28796K, reserved 1075200K
  class space    used 3210K, capacity 3386K, committed 3452K, reserved 1048576K
2017-06-10T09:59:20.939+0200: 2006,226: [GC (Allocation Failure) 2017-06-10T09:59:20.939+0200: 2006,226: [ParNew
Desired survivor size 20112992 bytes, new threshold 8 (max 8)
- age   1:   10743728 bytes,   10743728 total
- age   2:     252584 bytes,   10996312 total
- age   3:     208168 bytes,   11204480 total
- age   4:    1757104 bytes,   12961584 total
- age   5:      88104 bytes,   13049688 total
- age   6:       2944 bytes,   13052632 total
- age   7:     105600 bytes,   13158232 total
- age   8:     175240 bytes,   13333472 total
: 94035K->14625K(109248K), 0,1116131 secs] 100112K->21503K(502464K), 0,1117110 secs] [Times: user=0,05 sys=0,00, real=0,12 secs] 
Heap after GC invocations=10 (full 1):
 par new generation   total 109248K, used 14625K [0x00000000e0000000, 0x00000000e8000000, 0x00000000e8000000)
  eden space 87424K,   0% used [0x00000000e0000000, 0x00000000e0000000, 0x00000000e5560000)
  from space 21824K,  67% used [0x00000000e5560000, 0x00000000e63a86a0, 0x00000000e6ab0000)
  to   space 21824K,   0% used [0x00000000e6ab0000, 0x00000000e6ab0000, 0x00000000e8000000)
 concurrent mark-sweep generation total 393216K, used 6877K [0x00000000e8000000, 0x0000000100000000, 0x0000000100000000)
 Metaspace       used 28015K, capacity 28548K, committed 28796K, reserved 1075200K
  class space    used 3210K, capacity 3386K, committed 3452K, reserved 1048576K
}
2017-06-10T09:59:21.051+0200: 2006,337: Total time for which application threads were stopped: 0,1119011 seconds, Stopping threads took: 0,0000239 seconds
2017-06-10T09:59:21.055+0200: 2006,341: Total time for which application threads were stopped: 0,0000999 seconds, Stopping threads took: 0,0000437 seconds
2017-06-10T09:59:21.055+0200: 2006,341: Total time for which application threads were stopped: 0,0000382 seconds, Stopping threads took: 0,0000092 seconds
2017-06-10T09:59:21.072+0200: 2006,359: Total time for which application threads were stopped: 0,0000867 seconds, Stopping threads took: 0,0000204 seconds
2017-06-10T09:59:21.074+0200: 2006,360: Total time for which application threads were stopped: 0,0000920 seconds, Stopping threads took: 0,0000276 seconds
2017-06-10T09:59:21.083+0200: 2006,369: Total time for which application threads were stopped: 0,0000807 seconds, Stopping threads took: 0,0000127 seconds
2017-06-10T09:59:21.086+0200: 2006,373: Total time for which application threads were stopped: 0,0001122 seconds, Stopping threads took: 0,0000378 seconds
2017-06-10T09:59:21.088+0200: 2006,375: Total time for which application threads were stopped: 0,0020141 seconds, Stopping threads took: 0,0017601 seconds
2017-06-10T09:59:21.089+0200: 2006,375: Total time for which application threads were stopped: 0,0000419 seconds, Stopping threads took: 0,0000093 seconds
2017-06-10T09:59:21.089+0200: 2006,375: Total time for which application threads were stopped: 0,0000334 seconds, Stopping threads took: 0,0000045 seconds
2017-06-10T09:59:21.089+0200: 2006,375: Total time for which application threads were stopped: 0,0000326 seconds, Stopping threads took: 0,0000044 seconds
2017-06-10T09:59:21.093+0200: 2006,379: Total time for which application threads were stopped: 0,0001001 seconds, Stopping threads took: 0,0000380 seconds
2017-06-10T09:59:21.094+0200: 2006,380: Total time for which application threads were stopped: 0,0001459 seconds, Stopping threads took: 0,0000870 seconds
2017-06-10T09:59:21.095+0200: 2006,382: Total time for which application threads were stopped: 0,0000939 seconds, Stopping threads took: 0,0000270 seconds
2017-06-10T09:59:21.095+0200: 2006,382: Total time for which application threads were stopped: 0,0000462 seconds, Stopping threads took: 0,0000123 seconds
2017-06-10T09:59:21.095+0200: 2006,382: Total time for which application threads were stopped: 0,0000469 seconds, Stopping threads took: 0,0000146 seconds
2017-06-10T09:59:21.097+0200: 2006,383: Total time for which application threads were stopped: 0,0014342 seconds, Stopping threads took: 0,0013645 seconds
2017-06-10T09:59:21.097+0200: 2006,384: Total time for which application threads were stopped: 0,0000602 seconds, Stopping threads took: 0,0000271 seconds
2017-06-10T09:59:21.097+0200: 2006,384: Total time for which application threads were stopped: 0,0000491 seconds, Stopping threads took: 0,0000167 seconds
2017-06-10T09:59:21.098+0200: 2006,384: Total time for which application threads were stopped: 0,0000512 seconds, Stopping threads took: 0,0000153 seconds
2017-06-10T09:59:21.098+0200: 2006,384: Total time for which application threads were stopped: 0,0000481 seconds, Stopping threads took: 0,0000148 seconds
2017-06-10T09:59:21.098+0200: 2006,384: Total time for which application threads were stopped: 0,0000465 seconds, Stopping threads took: 0,0000181 seconds
2017-06-10T09:59:21.100+0200: 2006,386: Total time for which application threads were stopped: 0,0000974 seconds, Stopping threads took: 0,0000332 seconds
2017-06-10T09:59:21.101+0200: 2006,387: Total time for which application threads were stopped: 0,0000970 seconds, Stopping threads took: 0,0000348 seconds
2017-06-10T09:59:21.101+0200: 2006,388: Total time for which application threads were stopped: 0,0000486 seconds, Stopping threads took: 0,0000152 seconds
2017-06-10T09:59:21.101+0200: 2006,388: Total time for which application threads were stopped: 0,0000450 seconds, Stopping threads took: 0,0000143 seconds
2017-06-10T09:59:21.101+0200: 2006,388: Total time for which application threads were stopped: 0,0000433 seconds, Stopping threads took: 0,0000132 seconds
2017-06-10T09:59:21.106+0200: 2006,393: Total time for which application threads were stopped: 0,0009392 seconds, Stopping threads took: 0,0008219 seconds
2017-06-10T09:59:21.108+0200: 2006,395: Total time for which application threads were stopped: 0,0001409 seconds, Stopping threads took: 0,0000707 seconds
2017-06-10T09:59:21.117+0200: 2006,403: Total time for which application threads were stopped: 0,0001044 seconds, Stopping threads took: 0,0000295 seconds
2017-06-10T09:59:21.117+0200: 2006,403: Total time for which application threads were stopped: 0,0000569 seconds, Stopping threads took: 0,0000174 seconds
2017-06-10T09:59:21.117+0200: 2006,404: Total time for which application threads were stopped: 0,0000360 seconds, Stopping threads took: 0,0000130 seconds
2017-06-10T09:59:21.117+0200: 2006,404: Total time for which application threads were stopped: 0,0000432 seconds, Stopping threads took: 0,0000218 seconds
2017-06-10T09:59:21.121+0200: 2006,407: Total time for which application threads were stopped: 0,0031671 seconds, Stopping threads took: 0,0031086 seconds
2017-06-10T09:59:21.121+0200: 2006,407: Total time for which application threads were stopped: 0,0000761 seconds, Stopping threads took: 0,0000281 seconds
2017-06-10T09:59:21.121+0200: 2006,407: Total time for which application threads were stopped: 0,0000435 seconds, Stopping threads took: 0,0000099 seconds
2017-06-10T09:59:21.121+0200: 2006,408: Total time for which application threads were stopped: 0,0000913 seconds, Stopping threads took: 0,0000503 seconds
2017-06-10T09:59:21.122+0200: 2006,408: Total time for which application threads were stopped: 0,0001425 seconds, Stopping threads took: 0,0000976 seconds
2017-06-10T09:59:21.123+0200: 2006,409: Total time for which application threads were stopped: 0,0005448 seconds, Stopping threads took: 0,0004991 seconds
2017-06-10T09:59:21.124+0200: 2006,411: Total time for which application threads were stopped: 0,0000755 seconds, Stopping threads took: 0,0000197 seconds
2017-06-10T09:59:21.124+0200: 2006,411: Total time for which application threads were stopped: 0,0000506 seconds, Stopping threads took: 0,0000174 seconds
2017-06-10T09:59:21.124+0200: 2006,411: Total time for which application threads were stopped: 0,0000492 seconds, Stopping threads took: 0,0000181 seconds
2017-06-10T09:59:21.125+0200: 2006,411: Total time for which application threads were stopped: 0,0000363 seconds, Stopping threads took: 0,0000167 seconds
2017-06-10T09:59:21.125+0200: 2006,411: Total time for which application threads were stopped: 0,0001246 seconds, Stopping threads took: 0,0000196 seconds
2017-06-10T09:59:21.126+0200: 2006,412: Total time for which application threads were stopped: 0,0000734 seconds, Stopping threads took: 0,0000174 seconds
2017-06-10T09:59:21.127+0200: 2006,413: Total time for which application threads were stopped: 0,0000897 seconds, Stopping threads took: 0,0000250 seconds
2017-06-10T09:59:21.127+0200: 2006,414: Total time for which application threads were stopped: 0,0000593 seconds, Stopping threads took: 0,0000218 seconds
2017-06-10T09:59:21.130+0200: 2006,416: Total time for which application threads were stopped: 0,0001109 seconds, Stopping threads took: 0,0000389 seconds
Heap
 par new generation   total 109248K, used 25333K [0x00000000e0000000, 0x00000000e8000000, 0x00000000e8000000)
  eden space 87424K,  12% used [0x00000000e0000000, 0x00000000e0a75158, 0x00000000e5560000)
  from space 21824K,  67% used [0x00000000e5560000, 0x00000000e63a86a0, 0x00000000e6ab0000)
  to   space 21824K,   0% used [0x00000000e6ab0000, 0x00000000e6ab0000, 0x00000000e8000000)
 concurrent mark-sweep generation total 393216K, used 6877K [0x00000000e8000000, 0x0000000100000000, 0x0000000100000000)
 Metaspace       used 28108K, capacity 28620K, committed 28796K, reserved 1075200K
  class space    used 3223K, capacity 3388K, committed 3452K, reserved 1048576K
