OpenJDK 64-Bit Server VM (25.91-b14) for linux-amd64 JRE (1.8.0_91-8u91-b14-3ubuntu1~16.04.1-b14), built on Jul 21 2016 04:13:34 by "buildd" with gcc 5.3.1 20160413
Memory: 4k page, physical 7867876k(7558364k free), swap 8076284k(8076284k free)
CommandLine flags: -XX:CMSInitiatingOccupancyFraction=50 -XX:CMSMaxAbortablePrecleanTime=6000 -XX:+CMSParallelRemarkEnabled -XX:+CMSScavengeBeforeRemark -XX:ConcGCThreads=4 -XX:InitialHeapSize=536870912 -XX:MaxHeapSize=536870912 -XX:MaxTenuringThreshold=8 -XX:NewRatio=3 -XX:OldPLABSize=16 -XX:OnOutOfMemoryError=/opt/solr/bin/oom_solr.sh 8983 /var/solr/logs -XX:ParallelGCThreads=4 -XX:+ParallelRefProcEnabled -XX:PretenureSizeThreshold=67108864 -XX:+PrintGC -XX:+PrintGCApplicationStoppedTime -XX:+PrintGCDateStamps -XX:+PrintGCDetails -XX:+PrintGCTimeStamps -XX:+PrintHeapAtGC -XX:+PrintTenuringDistribution -XX:SurvivorRatio=4 -XX:TargetSurvivorRatio=90 -XX:ThreadStackSize=256 -XX:+UseCMSInitiatingOccupancyOnly -XX:+UseCompressedClassPointers -XX:+UseCompressedOops -XX:+UseConcMarkSweepGC -XX:+UseParNewGC 
2016-10-31T08:48:44.125+0100: 0,133: Total time for which application threads were stopped: 0,0000699 seconds, Stopping threads took: 0,0000132 seconds
2016-10-31T08:48:44.197+0100: 0,205: Total time for which application threads were stopped: 0,0001159 seconds, Stopping threads took: 0,0000238 seconds
2016-10-31T08:48:44.211+0100: 0,218: Total time for which application threads were stopped: 0,0000897 seconds, Stopping threads took: 0,0000186 seconds
2016-10-31T08:48:44.343+0100: 0,350: Total time for which application threads were stopped: 0,0001398 seconds, Stopping threads took: 0,0000242 seconds
2016-10-31T08:48:44.549+0100: 0,557: Total time for which application threads were stopped: 0,0001453 seconds, Stopping threads took: 0,0000165 seconds
2016-10-31T08:48:44.609+0100: 0,616: Total time for which application threads were stopped: 0,0001686 seconds, Stopping threads took: 0,0000220 seconds
2016-10-31T08:48:44.627+0100: 0,635: Total time for which application threads were stopped: 0,0001442 seconds, Stopping threads took: 0,0000194 seconds
2016-10-31T08:48:45.061+0100: 1,069: Total time for which application threads were stopped: 0,0001994 seconds, Stopping threads took: 0,0000246 seconds
2016-10-31T08:48:45.278+0100: 1,286: Total time for which application threads were stopped: 0,0001801 seconds, Stopping threads took: 0,0000117 seconds
2016-10-31T08:48:45.351+0100: 1,358: Total time for which application threads were stopped: 0,0001855 seconds, Stopping threads took: 0,0000154 seconds
2016-10-31T08:48:45.352+0100: 1,359: Total time for which application threads were stopped: 0,0001655 seconds, Stopping threads took: 0,0000101 seconds
2016-10-31T08:48:45.361+0100: 1,369: Total time for which application threads were stopped: 0,0001776 seconds, Stopping threads took: 0,0000167 seconds
2016-10-31T08:48:45.462+0100: 1,469: Total time for which application threads were stopped: 0,0002947 seconds, Stopping threads took: 0,0000372 seconds
2016-10-31T08:48:45.630+0100: 1,637: Total time for which application threads were stopped: 0,0002966 seconds, Stopping threads took: 0,0000574 seconds
{Heap before GC invocations=0 (full 0):
 par new generation   total 109248K, used 87424K [0x00000000e0000000, 0x00000000e8000000, 0x00000000e8000000)
  eden space 87424K, 100% used [0x00000000e0000000, 0x00000000e5560000, 0x00000000e5560000)
  from space 21824K,   0% used [0x00000000e5560000, 0x00000000e5560000, 0x00000000e6ab0000)
  to   space 21824K,   0% used [0x00000000e6ab0000, 0x00000000e6ab0000, 0x00000000e8000000)
 concurrent mark-sweep generation total 393216K, used 0K [0x00000000e8000000, 0x0000000100000000, 0x0000000100000000)
 Metaspace       used 18498K, capacity 18822K, committed 18944K, reserved 1067008K
  class space    used 2109K, capacity 2228K, committed 2304K, reserved 1048576K
2016-10-31T08:48:45.857+0100: 1,865: [GC (Allocation Failure) 2016-10-31T08:48:45.857+0100: 1,865: [ParNew
Desired survivor size 20112992 bytes, new threshold 8 (max 8)
- age   1:   12473216 bytes,   12473216 total
: 87424K->12313K(109248K), 0,0336716 secs] 87424K->12313K(502464K), 0,0339026 secs] [Times: user=0,07 sys=0,02, real=0,03 secs] 
Heap after GC invocations=1 (full 0):
 par new generation   total 109248K, used 12313K [0x00000000e0000000, 0x00000000e8000000, 0x00000000e8000000)
  eden space 87424K,   0% used [0x00000000e0000000, 0x00000000e0000000, 0x00000000e5560000)
  from space 21824K,  56% used [0x00000000e6ab0000, 0x00000000e76b67d8, 0x00000000e8000000)
  to   space 21824K,   0% used [0x00000000e5560000, 0x00000000e5560000, 0x00000000e6ab0000)
 concurrent mark-sweep generation total 393216K, used 0K [0x00000000e8000000, 0x0000000100000000, 0x0000000100000000)
 Metaspace       used 18498K, capacity 18822K, committed 18944K, reserved 1067008K
  class space    used 2109K, capacity 2228K, committed 2304K, reserved 1048576K
}
2016-10-31T08:48:45.891+0100: 1,899: Total time for which application threads were stopped: 0,0342107 seconds, Stopping threads took: 0,0000224 seconds
2016-10-31T08:48:46.114+0100: 2,122: Total time for which application threads were stopped: 0,0002994 seconds, Stopping threads took: 0,0000254 seconds
2016-10-31T08:48:46.163+0100: 2,171: Total time for which application threads were stopped: 0,0003194 seconds, Stopping threads took: 0,0000418 seconds
2016-10-31T08:48:46.199+0100: 2,207: Total time for which application threads were stopped: 0,0003199 seconds, Stopping threads took: 0,0000418 seconds
{Heap before GC invocations=1 (full 0):
 par new generation   total 109248K, used 99737K [0x00000000e0000000, 0x00000000e8000000, 0x00000000e8000000)
  eden space 87424K, 100% used [0x00000000e0000000, 0x00000000e5560000, 0x00000000e5560000)
  from space 21824K,  56% used [0x00000000e6ab0000, 0x00000000e76b67d8, 0x00000000e8000000)
  to   space 21824K,   0% used [0x00000000e5560000, 0x00000000e5560000, 0x00000000e6ab0000)
 concurrent mark-sweep generation total 393216K, used 0K [0x00000000e8000000, 0x0000000100000000, 0x0000000100000000)
 Metaspace       used 20691K, capacity 21026K, committed 21248K, reserved 1069056K
  class space    used 2402K, capacity 2519K, committed 2560K, reserved 1048576K
2016-10-31T08:48:46.389+0100: 2,397: [GC (Allocation Failure) 2016-10-31T08:48:46.389+0100: 2,397: [ParNew
Desired survivor size 20112992 bytes, new threshold 8 (max 8)
- age   1:    2501312 bytes,    2501312 total
- age   2:    6024776 bytes,    8526088 total
: 99737K->11308K(109248K), 0,0100497 secs] 99737K->11308K(502464K), 0,0101185 secs] [Times: user=0,03 sys=0,00, real=0,01 secs] 
Heap after GC invocations=2 (full 0):
 par new generation   total 109248K, used 11308K [0x00000000e0000000, 0x00000000e8000000, 0x00000000e8000000)
  eden space 87424K,   0% used [0x00000000e0000000, 0x00000000e0000000, 0x00000000e5560000)
  from space 21824K,  51% used [0x00000000e5560000, 0x00000000e606b1d0, 0x00000000e6ab0000)
  to   space 21824K,   0% used [0x00000000e6ab0000, 0x00000000e6ab0000, 0x00000000e8000000)
 concurrent mark-sweep generation total 393216K, used 0K [0x00000000e8000000, 0x0000000100000000, 0x0000000100000000)
 Metaspace       used 20691K, capacity 21026K, committed 21248K, reserved 1069056K
  class space    used 2402K, capacity 2519K, committed 2560K, reserved 1048576K
}
2016-10-31T08:48:46.399+0100: 2,407: Total time for which application threads were stopped: 0,0103517 seconds, Stopping threads took: 0,0000521 seconds
2016-10-31T08:48:46.453+0100: 2,461: Total time for which application threads were stopped: 0,0001995 seconds, Stopping threads took: 0,0001179 seconds
2016-10-31T08:48:46.475+0100: 2,483: Total time for which application threads were stopped: 0,0003140 seconds, Stopping threads took: 0,0000204 seconds
2016-10-31T08:48:46.482+0100: 2,490: Total time for which application threads were stopped: 0,0000747 seconds, Stopping threads took: 0,0000170 seconds
2016-10-31T08:48:46.532+0100: 2,539: Total time for which application threads were stopped: 0,0001448 seconds, Stopping threads took: 0,0000614 seconds
2016-10-31T08:48:46.563+0100: 2,570: Total time for which application threads were stopped: 0,0000958 seconds, Stopping threads took: 0,0000249 seconds
2016-10-31T08:48:46.584+0100: 2,591: Total time for which application threads were stopped: 0,0002731 seconds, Stopping threads took: 0,0000275 seconds
2016-10-31T08:48:46.584+0100: 2,592: Total time for which application threads were stopped: 0,0000758 seconds, Stopping threads took: 0,0000195 seconds
2016-10-31T08:48:46.628+0100: 2,636: Total time for which application threads were stopped: 0,0000740 seconds, Stopping threads took: 0,0000127 seconds
2016-10-31T08:48:46.646+0100: 2,653: Total time for which application threads were stopped: 0,0000712 seconds, Stopping threads took: 0,0000134 seconds
2016-10-31T08:48:46.659+0100: 2,666: Total time for which application threads were stopped: 0,0000998 seconds, Stopping threads took: 0,0000296 seconds
2016-10-31T08:48:46.676+0100: 2,684: Total time for which application threads were stopped: 0,0000656 seconds, Stopping threads took: 0,0000129 seconds
2016-10-31T08:48:46.704+0100: 2,712: Total time for which application threads were stopped: 0,0000899 seconds, Stopping threads took: 0,0000171 seconds
2016-10-31T08:48:46.725+0100: 2,733: Total time for which application threads were stopped: 0,0001227 seconds, Stopping threads took: 0,0000244 seconds
2016-10-31T08:48:46.768+0100: 2,775: Total time for which application threads were stopped: 0,0001005 seconds, Stopping threads took: 0,0000312 seconds
2016-10-31T08:48:46.797+0100: 2,805: Total time for which application threads were stopped: 0,0002317 seconds, Stopping threads took: 0,0001538 seconds
2016-10-31T08:48:46.797+0100: 2,805: Total time for which application threads were stopped: 0,0000493 seconds, Stopping threads took: 0,0000221 seconds
2016-10-31T08:48:46.829+0100: 2,837: Total time for which application threads were stopped: 0,0001670 seconds, Stopping threads took: 0,0000979 seconds
2016-10-31T08:48:46.856+0100: 2,864: Total time for which application threads were stopped: 0,0000847 seconds, Stopping threads took: 0,0000213 seconds
2016-10-31T08:48:46.888+0100: 2,895: Total time for which application threads were stopped: 0,0000994 seconds, Stopping threads took: 0,0000214 seconds
2016-10-31T08:48:46.914+0100: 2,921: Total time for which application threads were stopped: 0,0000964 seconds, Stopping threads took: 0,0000210 seconds
2016-10-31T08:48:46.933+0100: 2,941: Total time for which application threads were stopped: 0,0001482 seconds, Stopping threads took: 0,0000553 seconds
{Heap before GC invocations=2 (full 0):
 par new generation   total 109248K, used 98732K [0x00000000e0000000, 0x00000000e8000000, 0x00000000e8000000)
  eden space 87424K, 100% used [0x00000000e0000000, 0x00000000e5560000, 0x00000000e5560000)
  from space 21824K,  51% used [0x00000000e5560000, 0x00000000e606b1d0, 0x00000000e6ab0000)
  to   space 21824K,   0% used [0x00000000e6ab0000, 0x00000000e6ab0000, 0x00000000e8000000)
 concurrent mark-sweep generation total 393216K, used 0K [0x00000000e8000000, 0x0000000100000000, 0x0000000100000000)
 Metaspace       used 26511K, capacity 26916K, committed 27196K, reserved 1073152K
  class space    used 3086K, capacity 3222K, committed 3224K, reserved 1048576K
2016-10-31T08:48:46.943+0100: 2,951: [GC (Allocation Failure) 2016-10-31T08:48:46.943+0100: 2,951: [ParNew
Desired survivor size 20112992 bytes, new threshold 8 (max 8)
- age   1:    8527288 bytes,    8527288 total
- age   2:     499224 bytes,    9026512 total
- age   3:    6002544 bytes,   15029056 total
: 98732K->18776K(109248K), 0,0158424 secs] 98732K->18776K(502464K), 0,0158969 secs] [Times: user=0,04 sys=0,01, real=0,01 secs] 
Heap after GC invocations=3 (full 0):
 par new generation   total 109248K, used 18776K [0x00000000e0000000, 0x00000000e8000000, 0x00000000e8000000)
  eden space 87424K,   0% used [0x00000000e0000000, 0x00000000e0000000, 0x00000000e5560000)
  from space 21824K,  86% used [0x00000000e6ab0000, 0x00000000e7d06100, 0x00000000e8000000)
  to   space 21824K,   0% used [0x00000000e5560000, 0x00000000e5560000, 0x00000000e6ab0000)
 concurrent mark-sweep generation total 393216K, used 0K [0x00000000e8000000, 0x0000000100000000, 0x0000000100000000)
 Metaspace       used 26511K, capacity 26916K, committed 27196K, reserved 1073152K
  class space    used 3086K, capacity 3222K, committed 3224K, reserved 1048576K
}
2016-10-31T08:48:46.959+0100: 2,967: Total time for which application threads were stopped: 0,0161497 seconds, Stopping threads took: 0,0000948 seconds
2016-10-31T08:48:46.960+0100: 2,967: [GC (CMS Initial Mark) [1 CMS-initial-mark: 0K(393216K)] 21023K(502464K), 0,0079674 secs] [Times: user=0,02 sys=0,00, real=0,00 secs] 
2016-10-31T08:48:46.968+0100: 2,975: Total time for which application threads were stopped: 0,0080993 seconds, Stopping threads took: 0,0000344 seconds
2016-10-31T08:48:46.968+0100: 2,975: [CMS-concurrent-mark-start]
2016-10-31T08:48:46.968+0100: 2,976: [CMS-concurrent-mark: 0,000/0,000 secs] [Times: user=0,00 sys=0,00, real=0,00 secs] 
2016-10-31T08:48:46.968+0100: 2,976: [CMS-concurrent-preclean-start]
2016-10-31T08:48:46.969+0100: 2,977: [CMS-concurrent-preclean: 0,001/0,001 secs] [Times: user=0,01 sys=0,00, real=0,00 secs] 
2016-10-31T08:48:46.969+0100: 2,977: [CMS-concurrent-abortable-preclean-start]
2016-10-31T08:48:46.997+0100: 3,005: Total time for which application threads were stopped: 0,0000844 seconds, Stopping threads took: 0,0000227 seconds
2016-10-31T08:48:47.997+0100: 4,005: Total time for which application threads were stopped: 0,0000543 seconds, Stopping threads took: 0,0000170 seconds
2016-10-31T08:48:48.052+0100: 4,060: Total time for which application threads were stopped: 0,0003036 seconds, Stopping threads took: 0,0000177 seconds
2016-10-31T08:48:51.056+0100: 7,064: Total time for which application threads were stopped: 0,0000737 seconds, Stopping threads took: 0,0000191 seconds
 CMS: abort preclean due to time 2016-10-31T08:48:52.997+0100: 9,005: [CMS-concurrent-abortable-preclean: 2,732/6,028 secs] [Times: user=3,07 sys=0,00, real=6,03 secs] 
2016-10-31T08:48:52.997+0100: 9,005: [GC (CMS Final Remark) [YG occupancy: 29124 K (109248 K)]{Heap before GC invocations=3 (full 1):
 par new generation   total 109248K, used 29124K [0x00000000e0000000, 0x00000000e8000000, 0x00000000e8000000)
  eden space 87424K,  11% used [0x00000000e0000000, 0x00000000e0a1b0b8, 0x00000000e5560000)
  from space 21824K,  86% used [0x00000000e6ab0000, 0x00000000e7d06100, 0x00000000e8000000)
  to   space 21824K,   0% used [0x00000000e5560000, 0x00000000e5560000, 0x00000000e6ab0000)
 concurrent mark-sweep generation total 393216K, used 0K [0x00000000e8000000, 0x0000000100000000, 0x0000000100000000)
 Metaspace       used 26890K, capacity 27300K, committed 27528K, reserved 1073152K
  class space    used 3138K, capacity 3286K, committed 3300K, reserved 1048576K
2016-10-31T08:48:52.997+0100: 9,005: [GC (CMS Final Remark) 2016-10-31T08:48:52.997+0100: 9,005: [ParNew
Desired survivor size 20112992 bytes, new threshold 8 (max 8)
- age   1:    2573352 bytes,    2573352 total
- age   2:    3365440 bytes,    5938792 total
- age   3:     498880 bytes,    6437672 total
- age   4:    5971104 bytes,   12408776 total
: 29124K->21453K(109248K), 0,0163297 secs] 29124K->21453K(502464K), 0,0163790 secs] [Times: user=0,04 sys=0,01, real=0,02 secs] 
Heap after GC invocations=4 (full 1):
 par new generation   total 109248K, used 21453K [0x00000000e0000000, 0x00000000e8000000, 0x00000000e8000000)
  eden space 87424K,   0% used [0x00000000e0000000, 0x00000000e0000000, 0x00000000e5560000)
  from space 21824K,  98% used [0x00000000e5560000, 0x00000000e6a537d8, 0x00000000e6ab0000)
  to   space 21824K,   0% used [0x00000000e6ab0000, 0x00000000e6ab0000, 0x00000000e8000000)
 concurrent mark-sweep generation total 393216K, used 0K [0x00000000e8000000, 0x0000000100000000, 0x0000000100000000)
 Metaspace       used 26890K, capacity 27300K, committed 27528K, reserved 1073152K
  class space    used 3138K, capacity 3286K, committed 3300K, reserved 1048576K
}
2016-10-31T08:48:53.014+0100: 9,022: [Rescan (parallel) , 0,0037878 secs]2016-10-31T08:48:53.018+0100: 9,025: [weak refs processing, 0,0012821 secs]2016-10-31T08:48:53.019+0100: 9,027: [class unloading, 0,0034414 secs]2016-10-31T08:48:53.022+0100: 9,030: [scrub symbol table, 0,0080246 secs]2016-10-31T08:48:53.031+0100: 9,038: [scrub string table, 0,0005603 secs][1 CMS-remark: 0K(393216K)] 21453K(502464K), 0,0345127 secs] [Times: user=0,07 sys=0,01, real=0,04 secs] 
2016-10-31T08:48:53.032+0100: 9,040: Total time for which application threads were stopped: 0,0346147 seconds, Stopping threads took: 0,0000245 seconds
2016-10-31T08:48:53.032+0100: 9,040: [CMS-concurrent-sweep-start]
2016-10-31T08:48:53.032+0100: 9,040: [CMS-concurrent-sweep: 0,000/0,000 secs] [Times: user=0,01 sys=0,00, real=0,00 secs] 
2016-10-31T08:48:53.032+0100: 9,040: [CMS-concurrent-reset-start]
2016-10-31T08:48:53.034+0100: 9,042: [CMS-concurrent-reset: 0,002/0,002 secs] [Times: user=0,00 sys=0,00, real=0,00 secs] 
2016-10-31T08:49:15.616+0100: 32,042: Total time for which application threads were stopped: 0,0000680 seconds, Stopping threads took: 0,0000182 seconds
2016-10-31T08:49:25.617+0100: 42,043: Total time for which application threads were stopped: 0,0000728 seconds, Stopping threads took: 0,0000292 seconds
2016-10-31T08:49:34.618+0100: 51,044: Total time for which application threads were stopped: 0,0000721 seconds, Stopping threads took: 0,0000203 seconds
2016-10-31T08:49:44.619+0100: 61,045: Total time for which application threads were stopped: 0,0000838 seconds, Stopping threads took: 0,0000213 seconds
2016-10-31T08:49:54.621+0100: 71,047: Total time for which application threads were stopped: 0,0003585 seconds, Stopping threads took: 0,0001144 seconds
2016-10-31T08:51:50.634+0100: 187,060: Total time for which application threads were stopped: 0,0005721 seconds, Stopping threads took: 0,0001697 seconds
2016-10-31T08:51:55.635+0100: 192,061: Total time for which application threads were stopped: 0,0000760 seconds, Stopping threads took: 0,0000323 seconds
2016-10-31T08:53:05.643+0100: 262,069: Total time for which application threads were stopped: 0,0000778 seconds, Stopping threads took: 0,0000314 seconds
2016-10-31T08:54:00.650+0100: 317,076: Total time for which application threads were stopped: 0,0000733 seconds, Stopping threads took: 0,0000298 seconds
2016-10-31T08:54:05.651+0100: 322,077: Total time for which application threads were stopped: 0,0000604 seconds, Stopping threads took: 0,0000151 seconds
2016-10-31T09:01:54.136+0100: 671,773: Total time for which application threads were stopped: 0,0001570 seconds, Stopping threads took: 0,0000641 seconds
2016-10-31T09:02:04.138+0100: 681,775: Total time for which application threads were stopped: 0,0001203 seconds, Stopping threads took: 0,0000279 seconds
2016-10-31T09:02:09.139+0100: 686,775: Total time for which application threads were stopped: 0,0000629 seconds, Stopping threads took: 0,0000149 seconds
2016-10-31T09:02:29.142+0100: 706,778: Total time for which application threads were stopped: 0,0000775 seconds, Stopping threads took: 0,0000288 seconds
2016-10-31T09:14:33.961+0100: 1430,884: Total time for which application threads were stopped: 0,0001648 seconds, Stopping threads took: 0,0000604 seconds
2016-10-31T09:18:54.001+0100: 1690,924: Total time for which application threads were stopped: 0,0001661 seconds, Stopping threads took: 0,0000618 seconds
2016-10-31T09:34:15.924+0100: 2337,209: Total time for which application threads were stopped: 0,0001617 seconds, Stopping threads took: 0,0000825 seconds
2016-10-31T09:34:45.927+0100: 2367,212: Total time for which application threads were stopped: 0,0000723 seconds, Stopping threads took: 0,0000294 seconds
2016-10-31T09:34:49.928+0100: 2371,213: Total time for which application threads were stopped: 0,0000716 seconds, Stopping threads took: 0,0000294 seconds
2016-10-31T10:02:42.141+0100: 3092,377: Total time for which application threads were stopped: 0,0000988 seconds, Stopping threads took: 0,0000397 seconds
2016-10-31T10:02:47.142+0100: 3097,378: Total time for which application threads were stopped: 0,0000656 seconds, Stopping threads took: 0,0000168 seconds
2016-10-31T10:10:12.198+0100: 3542,434: Total time for which application threads were stopped: 0,0000747 seconds, Stopping threads took: 0,0000311 seconds
2016-10-31T10:15:25.136+0100: 3752,792: Total time for which application threads were stopped: 0,0000857 seconds, Stopping threads took: 0,0000305 seconds
2016-10-31T10:17:24.150+0100: 3871,806: Total time for which application threads were stopped: 0,0000776 seconds, Stopping threads took: 0,0000302 seconds
2016-10-31T10:17:39.152+0100: 3886,808: Total time for which application threads were stopped: 0,0000808 seconds, Stopping threads took: 0,0000356 seconds
2016-10-31T10:20:24.742+0100: 4051,827: Total time for which application threads were stopped: 0,0000743 seconds, Stopping threads took: 0,0000313 seconds
2016-10-31T11:23:11.203+0100: 6487,511: Total time for which application threads were stopped: 0,0000720 seconds, Stopping threads took: 0,0000301 seconds
2016-10-31T11:23:56.207+0100: 6532,515: Total time for which application threads were stopped: 0,0001099 seconds, Stopping threads took: 0,0000463 seconds
2016-10-31T11:26:01.221+0100: 6657,529: Total time for which application threads were stopped: 0,0000701 seconds, Stopping threads took: 0,0000278 seconds
2016-10-31T11:32:48.461+0100: 6874,538: Total time for which application threads were stopped: 0,0001196 seconds, Stopping threads took: 0,0000265 seconds
Heap
 par new generation   total 109248K, used 49678K [0x00000000e0000000, 0x00000000e8000000, 0x00000000e8000000)
  eden space 87424K,  32% used [0x00000000e0000000, 0x00000000e1b90388, 0x00000000e5560000)
  from space 21824K,  98% used [0x00000000e5560000, 0x00000000e6a537d8, 0x00000000e6ab0000)
  to   space 21824K,   0% used [0x00000000e6ab0000, 0x00000000e6ab0000, 0x00000000e8000000)
 concurrent mark-sweep generation total 393216K, used 0K [0x00000000e8000000, 0x0000000100000000, 0x0000000100000000)
 Metaspace       used 27017K, capacity 27434K, committed 27784K, reserved 1073152K
  class space    used 3154K, capacity 3287K, committed 3300K, reserved 1048576K
