OpenJDK 64-Bit Server VM (25.91-b14) for linux-amd64 JRE (1.8.0_91-8u91-b14-3ubuntu1~16.04.1-b14), built on Jul 21 2016 04:13:34 by "buildd" with gcc 5.3.1 20160413
Memory: 4k page, physical 7867876k(7546892k free), swap 8076284k(8076284k free)
CommandLine flags: -XX:CMSInitiatingOccupancyFraction=50 -XX:CMSMaxAbortablePrecleanTime=6000 -XX:+CMSParallelRemarkEnabled -XX:+CMSScavengeBeforeRemark -XX:ConcGCThreads=4 -XX:InitialHeapSize=536870912 -XX:MaxHeapSize=536870912 -XX:MaxTenuringThreshold=8 -XX:NewRatio=3 -XX:OldPLABSize=16 -XX:OnOutOfMemoryError=/opt/solr/bin/oom_solr.sh 8983 /var/solr/logs -XX:ParallelGCThreads=4 -XX:+ParallelRefProcEnabled -XX:PretenureSizeThreshold=67108864 -XX:+PrintGC -XX:+PrintGCApplicationStoppedTime -XX:+PrintGCDateStamps -XX:+PrintGCDetails -XX:+PrintGCTimeStamps -XX:+PrintHeapAtGC -XX:+PrintTenuringDistribution -XX:SurvivorRatio=4 -XX:TargetSurvivorRatio=90 -XX:ThreadStackSize=256 -XX:+UseCMSInitiatingOccupancyOnly -XX:+UseCompressedClassPointers -XX:+UseCompressedOops -XX:+UseConcMarkSweepGC -XX:+UseParNewGC 
2016-10-26T22:37:21.628+0200: 0,114: Total time for which application threads were stopped: 0,0000612 seconds, Stopping threads took: 0,0000119 seconds
2016-10-26T22:37:21.698+0200: 0,184: Total time for which application threads were stopped: 0,0000870 seconds, Stopping threads took: 0,0000138 seconds
2016-10-26T22:37:21.712+0200: 0,198: Total time for which application threads were stopped: 0,0000747 seconds, Stopping threads took: 0,0000123 seconds
2016-10-26T22:37:21.853+0200: 0,339: Total time for which application threads were stopped: 0,0001338 seconds, Stopping threads took: 0,0000173 seconds
2016-10-26T22:37:22.021+0200: 0,507: Total time for which application threads were stopped: 0,0001451 seconds, Stopping threads took: 0,0000165 seconds
2016-10-26T22:37:22.070+0200: 0,556: Total time for which application threads were stopped: 0,0001779 seconds, Stopping threads took: 0,0000196 seconds
2016-10-26T22:37:22.086+0200: 0,572: Total time for which application threads were stopped: 0,0002269 seconds, Stopping threads took: 0,0000358 seconds
2016-10-26T22:37:22.304+0200: 0,790: Total time for which application threads were stopped: 0,0001763 seconds, Stopping threads took: 0,0000133 seconds
2016-10-26T22:37:22.759+0200: 1,245: Total time for which application threads were stopped: 0,0002464 seconds, Stopping threads took: 0,0000173 seconds
2016-10-26T22:37:22.848+0200: 1,334: Total time for which application threads were stopped: 0,0001955 seconds, Stopping threads took: 0,0000223 seconds
2016-10-26T22:37:22.849+0200: 1,335: Total time for which application threads were stopped: 0,0001306 seconds, Stopping threads took: 0,0000063 seconds
2016-10-26T22:37:22.858+0200: 1,344: Total time for which application threads were stopped: 0,0001968 seconds, Stopping threads took: 0,0000212 seconds
2016-10-26T22:37:22.924+0200: 1,410: Total time for which application threads were stopped: 0,0002087 seconds, Stopping threads took: 0,0000214 seconds
2016-10-26T22:37:23.085+0200: 1,571: Total time for which application threads were stopped: 0,0019132 seconds, Stopping threads took: 0,0006331 seconds
{Heap before GC invocations=0 (full 0):
 par new generation   total 109248K, used 87424K [0x00000000e0000000, 0x00000000e8000000, 0x00000000e8000000)
  eden space 87424K, 100% used [0x00000000e0000000, 0x00000000e5560000, 0x00000000e5560000)
  from space 21824K,   0% used [0x00000000e5560000, 0x00000000e5560000, 0x00000000e6ab0000)
  to   space 21824K,   0% used [0x00000000e6ab0000, 0x00000000e6ab0000, 0x00000000e8000000)
 concurrent mark-sweep generation total 393216K, used 0K [0x00000000e8000000, 0x0000000100000000, 0x0000000100000000)
 Metaspace       used 17983K, capacity 18246K, committed 18304K, reserved 1064960K
  class space    used 2049K, capacity 2164K, committed 2176K, reserved 1048576K
2016-10-26T22:37:23.220+0200: 1,706: [GC (Allocation Failure) 2016-10-26T22:37:23.220+0200: 1,706: [ParNew
Desired survivor size 20112992 bytes, new threshold 8 (max 8)
- age   1:   11961640 bytes,   11961640 total
: 87424K->11791K(109248K), 0,0399819 secs] 87424K->11791K(502464K), 0,0400879 secs] [Times: user=0,04 sys=0,01, real=0,04 secs] 
Heap after GC invocations=1 (full 0):
 par new generation   total 109248K, used 11791K [0x00000000e0000000, 0x00000000e8000000, 0x00000000e8000000)
  eden space 87424K,   0% used [0x00000000e0000000, 0x00000000e0000000, 0x00000000e5560000)
  from space 21824K,  54% used [0x00000000e6ab0000, 0x00000000e7633d28, 0x00000000e8000000)
  to   space 21824K,   0% used [0x00000000e5560000, 0x00000000e5560000, 0x00000000e6ab0000)
 concurrent mark-sweep generation total 393216K, used 0K [0x00000000e8000000, 0x0000000100000000, 0x0000000100000000)
 Metaspace       used 17983K, capacity 18246K, committed 18304K, reserved 1064960K
  class space    used 2049K, capacity 2164K, committed 2176K, reserved 1048576K
}
2016-10-26T22:37:23.260+0200: 1,746: Total time for which application threads were stopped: 0,0403060 seconds, Stopping threads took: 0,0000235 seconds
2016-10-26T22:37:23.559+0200: 2,045: Total time for which application threads were stopped: 0,0002698 seconds, Stopping threads took: 0,0000242 seconds
2016-10-26T22:37:23.607+0200: 2,093: Total time for which application threads were stopped: 0,0019537 seconds, Stopping threads took: 0,0017170 seconds
2016-10-26T22:37:23.646+0200: 2,132: Total time for which application threads were stopped: 0,0003460 seconds, Stopping threads took: 0,0000373 seconds
{Heap before GC invocations=1 (full 0):
 par new generation   total 109248K, used 99215K [0x00000000e0000000, 0x00000000e8000000, 0x00000000e8000000)
  eden space 87424K, 100% used [0x00000000e0000000, 0x00000000e5560000, 0x00000000e5560000)
  from space 21824K,  54% used [0x00000000e6ab0000, 0x00000000e7633d28, 0x00000000e8000000)
  to   space 21824K,   0% used [0x00000000e5560000, 0x00000000e5560000, 0x00000000e6ab0000)
 concurrent mark-sweep generation total 393216K, used 0K [0x00000000e8000000, 0x0000000100000000, 0x0000000100000000)
 Metaspace       used 20627K, capacity 20962K, committed 21248K, reserved 1069056K
  class space    used 2400K, capacity 2519K, committed 2560K, reserved 1048576K
2016-10-26T22:37:23.872+0200: 2,358: [GC (Allocation Failure) 2016-10-26T22:37:23.872+0200: 2,359: [ParNew
Desired survivor size 20112992 bytes, new threshold 8 (max 8)
- age   1:    3417856 bytes,    3417856 total
- age   2:    5952720 bytes,    9370576 total
: 99215K->12743K(109248K), 0,0187219 secs] 99215K->12743K(502464K), 0,0188031 secs] [Times: user=0,06 sys=0,01, real=0,02 secs] 
Heap after GC invocations=2 (full 0):
 par new generation   total 109248K, used 12743K [0x00000000e0000000, 0x00000000e8000000, 0x00000000e8000000)
  eden space 87424K,   0% used [0x00000000e0000000, 0x00000000e0000000, 0x00000000e5560000)
  from space 21824K,  58% used [0x00000000e5560000, 0x00000000e61d1e70, 0x00000000e6ab0000)
  to   space 21824K,   0% used [0x00000000e6ab0000, 0x00000000e6ab0000, 0x00000000e8000000)
 concurrent mark-sweep generation total 393216K, used 0K [0x00000000e8000000, 0x0000000100000000, 0x0000000100000000)
 Metaspace       used 20627K, capacity 20962K, committed 21248K, reserved 1069056K
  class space    used 2400K, capacity 2519K, committed 2560K, reserved 1048576K
}
2016-10-26T22:37:23.891+0200: 2,377: Total time for which application threads were stopped: 0,0189998 seconds, Stopping threads took: 0,0000221 seconds
2016-10-26T22:37:23.968+0200: 2,454: Total time for which application threads were stopped: 0,0000836 seconds, Stopping threads took: 0,0000211 seconds
2016-10-26T22:37:23.982+0200: 2,468: Total time for which application threads were stopped: 0,0002587 seconds, Stopping threads took: 0,0000197 seconds
2016-10-26T22:37:23.992+0200: 2,478: Total time for which application threads were stopped: 0,0000695 seconds, Stopping threads took: 0,0000154 seconds
2016-10-26T22:37:24.035+0200: 2,521: Total time for which application threads were stopped: 0,0000993 seconds, Stopping threads took: 0,0000299 seconds
2016-10-26T22:37:24.066+0200: 2,552: Total time for which application threads were stopped: 0,0001011 seconds, Stopping threads took: 0,0000234 seconds
2016-10-26T22:37:24.090+0200: 2,576: Total time for which application threads were stopped: 0,0000640 seconds, Stopping threads took: 0,0000125 seconds
2016-10-26T22:37:24.093+0200: 2,579: Total time for which application threads were stopped: 0,0002486 seconds, Stopping threads took: 0,0000118 seconds
2016-10-26T22:37:24.127+0200: 2,613: Total time for which application threads were stopped: 0,0000838 seconds, Stopping threads took: 0,0000238 seconds
2016-10-26T22:37:24.149+0200: 2,635: Total time for which application threads were stopped: 0,0001022 seconds, Stopping threads took: 0,0000229 seconds
2016-10-26T22:37:24.166+0200: 2,652: Total time for which application threads were stopped: 0,0000697 seconds, Stopping threads took: 0,0000128 seconds
2016-10-26T22:37:24.179+0200: 2,665: Total time for which application threads were stopped: 0,0000856 seconds, Stopping threads took: 0,0000177 seconds
2016-10-26T22:37:24.205+0200: 2,691: Total time for which application threads were stopped: 0,0000934 seconds, Stopping threads took: 0,0000208 seconds
2016-10-26T22:37:24.257+0200: 2,743: Total time for which application threads were stopped: 0,0001168 seconds, Stopping threads took: 0,0000314 seconds
2016-10-26T22:37:24.281+0200: 2,767: Total time for which application threads were stopped: 0,0001034 seconds, Stopping threads took: 0,0000279 seconds
2016-10-26T22:37:24.318+0200: 2,804: Total time for which application threads were stopped: 0,0001537 seconds, Stopping threads took: 0,0000486 seconds
2016-10-26T22:37:24.346+0200: 2,832: Total time for which application threads were stopped: 0,0001018 seconds, Stopping threads took: 0,0000257 seconds
2016-10-26T22:37:24.376+0200: 2,862: Total time for which application threads were stopped: 0,0001028 seconds, Stopping threads took: 0,0000237 seconds
2016-10-26T22:37:24.397+0200: 2,883: Total time for which application threads were stopped: 0,0000826 seconds, Stopping threads took: 0,0000219 seconds
2016-10-26T22:37:24.421+0200: 2,908: Total time for which application threads were stopped: 0,0000968 seconds, Stopping threads took: 0,0000239 seconds
{Heap before GC invocations=2 (full 0):
 par new generation   total 109248K, used 100167K [0x00000000e0000000, 0x00000000e8000000, 0x00000000e8000000)
  eden space 87424K, 100% used [0x00000000e0000000, 0x00000000e5560000, 0x00000000e5560000)
  from space 21824K,  58% used [0x00000000e5560000, 0x00000000e61d1e70, 0x00000000e6ab0000)
  to   space 21824K,   0% used [0x00000000e6ab0000, 0x00000000e6ab0000, 0x00000000e8000000)
 concurrent mark-sweep generation total 393216K, used 0K [0x00000000e8000000, 0x0000000100000000, 0x0000000100000000)
 Metaspace       used 26293K, capacity 26686K, committed 26864K, reserved 1073152K
  class space    used 3065K, capacity 3189K, committed 3244K, reserved 1048576K
2016-10-26T22:37:24.441+0200: 2,927: [GC (Allocation Failure) 2016-10-26T22:37:24.441+0200: 2,927: [ParNew
Desired survivor size 20112992 bytes, new threshold 8 (max 8)
- age   1:    8400528 bytes,    8400528 total
- age   2:     551240 bytes,    8951768 total
- age   3:    5942960 bytes,   14894728 total
: 100167K->18382K(109248K), 0,0198535 secs] 100167K->18382K(502464K), 0,0199048 secs] [Times: user=0,06 sys=0,00, real=0,02 secs] 
Heap after GC invocations=3 (full 0):
 par new generation   total 109248K, used 18382K [0x00000000e0000000, 0x00000000e8000000, 0x00000000e8000000)
  eden space 87424K,   0% used [0x00000000e0000000, 0x00000000e0000000, 0x00000000e5560000)
  from space 21824K,  84% used [0x00000000e6ab0000, 0x00000000e7ca3950, 0x00000000e8000000)
  to   space 21824K,   0% used [0x00000000e5560000, 0x00000000e5560000, 0x00000000e6ab0000)
 concurrent mark-sweep generation total 393216K, used 0K [0x00000000e8000000, 0x0000000100000000, 0x0000000100000000)
 Metaspace       used 26293K, capacity 26686K, committed 26864K, reserved 1073152K
  class space    used 3065K, capacity 3189K, committed 3244K, reserved 1048576K
}
2016-10-26T22:37:24.461+0200: 2,947: Total time for which application threads were stopped: 0,0261459 seconds, Stopping threads took: 0,0060699 seconds
2016-10-26T22:37:24.461+0200: 2,947: [GC (CMS Initial Mark) [1 CMS-initial-mark: 0K(393216K)] 18389K(502464K), 0,0039545 secs] [Times: user=0,01 sys=0,00, real=0,01 secs] 
2016-10-26T22:37:24.465+0200: 2,951: Total time for which application threads were stopped: 0,0041015 seconds, Stopping threads took: 0,0000453 seconds
2016-10-26T22:37:24.465+0200: 2,951: [CMS-concurrent-mark-start]
2016-10-26T22:37:24.467+0200: 2,954: [CMS-concurrent-mark: 0,002/0,002 secs] [Times: user=0,01 sys=0,00, real=0,00 secs] 
2016-10-26T22:37:24.468+0200: 2,954: [CMS-concurrent-preclean-start]
2016-10-26T22:37:24.469+0200: 2,955: [CMS-concurrent-preclean: 0,001/0,001 secs] [Times: user=0,00 sys=0,00, real=0,00 secs] 
2016-10-26T22:37:24.469+0200: 2,955: [GC (CMS Final Remark) [YG occupancy: 18616 K (109248 K)]{Heap before GC invocations=3 (full 1):
 par new generation   total 109248K, used 18616K [0x00000000e0000000, 0x00000000e8000000, 0x00000000e8000000)
  eden space 87424K,   0% used [0x00000000e0000000, 0x00000000e003a8e0, 0x00000000e5560000)
  from space 21824K,  84% used [0x00000000e6ab0000, 0x00000000e7ca3950, 0x00000000e8000000)
  to   space 21824K,   0% used [0x00000000e5560000, 0x00000000e5560000, 0x00000000e6ab0000)
 concurrent mark-sweep generation total 393216K, used 0K [0x00000000e8000000, 0x0000000100000000, 0x0000000100000000)
 Metaspace       used 26318K, capacity 26718K, committed 26864K, reserved 1073152K
  class space    used 3067K, capacity 3221K, committed 3244K, reserved 1048576K
2016-10-26T22:37:24.469+0200: 2,955: [GC (CMS Final Remark) 2016-10-26T22:37:24.469+0200: 2,955: [ParNew
Desired survivor size 20112992 bytes, new threshold 8 (max 8)
- age   1:      14272 bytes,      14272 total
- age   2:    3393656 bytes,    3407928 total
- age   3:     548896 bytes,    3956824 total
- age   4:    5944592 bytes,    9901416 total
: 18616K->15277K(109248K), 0,0095113 secs] 18616K->15277K(502464K), 0,0095577 secs] [Times: user=0,04 sys=0,00, real=0,01 secs] 
Heap after GC invocations=4 (full 1):
 par new generation   total 109248K, used 15277K [0x00000000e0000000, 0x00000000e8000000, 0x00000000e8000000)
  eden space 87424K,   0% used [0x00000000e0000000, 0x00000000e0000000, 0x00000000e5560000)
  from space 21824K,  70% used [0x00000000e5560000, 0x00000000e644b740, 0x00000000e6ab0000)
  to   space 21824K,   0% used [0x00000000e6ab0000, 0x00000000e6ab0000, 0x00000000e8000000)
 concurrent mark-sweep generation total 393216K, used 0K [0x00000000e8000000, 0x0000000100000000, 0x0000000100000000)
 Metaspace       used 26318K, capacity 26718K, committed 26864K, reserved 1073152K
  class space    used 3067K, capacity 3221K, committed 3244K, reserved 1048576K
}
2016-10-26T22:37:24.479+0200: 2,965: [Rescan (parallel) , 0,0043520 secs]2016-10-26T22:37:24.483+0200: 2,969: [weak refs processing, 0,0014408 secs]2016-10-26T22:37:24.485+0200: 2,971: [class unloading, 0,0031141 secs]2016-10-26T22:37:24.488+0200: 2,974: [scrub symbol table, 0,0037128 secs]2016-10-26T22:37:24.491+0200: 2,978: [scrub string table, 0,0003864 secs][1 CMS-remark: 0K(393216K)] 15277K(502464K), 0,0232607 secs] [Times: user=0,06 sys=0,00, real=0,03 secs] 
2016-10-26T22:37:24.492+0200: 2,978: Total time for which application threads were stopped: 0,0235576 seconds, Stopping threads took: 0,0002216 seconds
2016-10-26T22:37:24.493+0200: 2,979: [CMS-concurrent-sweep-start]
2016-10-26T22:37:24.493+0200: 2,979: [CMS-concurrent-sweep: 0,000/0,000 secs] [Times: user=0,00 sys=0,00, real=0,00 secs] 
2016-10-26T22:37:24.493+0200: 2,979: [CMS-concurrent-reset-start]
2016-10-26T22:37:24.495+0200: 2,981: [CMS-concurrent-reset: 0,002/0,002 secs] [Times: user=0,01 sys=0,00, real=0,00 secs] 
2016-10-26T22:37:25.493+0200: 3,979: Total time for which application threads were stopped: 0,0000676 seconds, Stopping threads took: 0,0000166 seconds
2016-10-26T22:37:25.560+0200: 4,046: Total time for which application threads were stopped: 0,0002650 seconds, Stopping threads took: 0,0000155 seconds
2016-10-26T22:37:28.561+0200: 7,047: Total time for which application threads were stopped: 0,0000623 seconds, Stopping threads took: 0,0000152 seconds
2016-10-26T22:37:52.564+0200: 31,050: Total time for which application threads were stopped: 0,0003003 seconds, Stopping threads took: 0,0002349 seconds
2016-10-26T22:38:33.028+0200: 71,054: Total time for which application threads were stopped: 0,0000590 seconds, Stopping threads took: 0,0000181 seconds
2016-10-26T22:38:48.029+0200: 86,056: Total time for which application threads were stopped: 0,0000754 seconds, Stopping threads took: 0,0000324 seconds
2016-10-26T22:38:59.031+0200: 97,057: Total time for which application threads were stopped: 0,0000578 seconds, Stopping threads took: 0,0000159 seconds
2016-10-26T22:39:53.036+0200: 151,062: Total time for which application threads were stopped: 0,0000857 seconds, Stopping threads took: 0,0000321 seconds
2016-10-26T22:40:04.037+0200: 162,064: Total time for which application threads were stopped: 0,0000745 seconds, Stopping threads took: 0,0000195 seconds
2016-10-26T22:40:09.038+0200: 167,064: Total time for which application threads were stopped: 0,0000737 seconds, Stopping threads took: 0,0000320 seconds
2016-10-26T22:40:28.040+0200: 186,066: Total time for which application threads were stopped: 0,0000736 seconds, Stopping threads took: 0,0000188 seconds
2016-10-26T22:41:19.046+0200: 237,072: Total time for which application threads were stopped: 0,0004599 seconds, Stopping threads took: 0,0001329 seconds
2016-10-26T22:41:58.050+0200: 276,076: Total time for which application threads were stopped: 0,0000775 seconds, Stopping threads took: 0,0000309 seconds
2016-10-26T22:42:09.051+0200: 287,077: Total time for which application threads were stopped: 0,0000954 seconds, Stopping threads took: 0,0000375 seconds
2016-10-26T23:01:03.165+0200: 1421,191: Total time for which application threads were stopped: 0,0003843 seconds, Stopping threads took: 0,0001702 seconds
2016-10-26T23:05:33.190+0200: 1691,216: Total time for which application threads were stopped: 0,0000794 seconds, Stopping threads took: 0,0000300 seconds
2016-10-26T23:16:03.251+0200: 2321,277: Total time for which application threads were stopped: 0,0003949 seconds, Stopping threads took: 0,0001987 seconds
2016-10-26T23:16:04.251+0200: 2322,277: Total time for which application threads were stopped: 0,0000791 seconds, Stopping threads took: 0,0000185 seconds
2016-10-26T23:25:24.303+0200: 2882,329: Total time for which application threads were stopped: 0,0001378 seconds, Stopping threads took: 0,0000747 seconds
2016-10-26T23:30:39.331+0200: 3197,357: Total time for which application threads were stopped: 0,0005494 seconds, Stopping threads took: 0,0002799 seconds
2016-10-26T23:42:18.406+0200: 3896,432: Total time for which application threads were stopped: 0,0000793 seconds, Stopping threads took: 0,0000310 seconds
2016-10-26T23:44:23.420+0200: 4021,446: Total time for which application threads were stopped: 0,0000727 seconds, Stopping threads took: 0,0000301 seconds
2016-10-27T00:25:13.663+0200: 6471,689: Total time for which application threads were stopped: 0,0001048 seconds, Stopping threads took: 0,0000372 seconds
2016-10-27T00:26:08.668+0200: 6526,694: Total time for which application threads were stopped: 0,0003426 seconds, Stopping threads took: 0,0001397 seconds
2016-10-27T00:32:53.708+0200: 6931,734: Total time for which application threads were stopped: 0,0000715 seconds, Stopping threads took: 0,0000299 seconds
2016-10-27T00:40:23.751+0200: 7381,777: Total time for which application threads were stopped: 0,0001132 seconds, Stopping threads took: 0,0000497 seconds
2016-10-27T00:41:26.145+0200: 7444,171: Total time for which application threads were stopped: 0,0001524 seconds, Stopping threads took: 0,0000347 seconds
Heap
 par new generation   total 109248K, used 47525K [0x00000000e0000000, 0x00000000e8000000, 0x00000000e8000000)
  eden space 87424K,  36% used [0x00000000e0000000, 0x00000000e1f7e068, 0x00000000e5560000)
  from space 21824K,  70% used [0x00000000e5560000, 0x00000000e644b740, 0x00000000e6ab0000)
  to   space 21824K,   0% used [0x00000000e6ab0000, 0x00000000e6ab0000, 0x00000000e8000000)
 concurrent mark-sweep generation total 393216K, used 0K [0x00000000e8000000, 0x0000000100000000, 0x0000000100000000)
 Metaspace       used 26987K, capacity 27434K, committed 27760K, reserved 1073152K
  class space    used 3153K, capacity 3287K, committed 3372K, reserved 1048576K
