OpenJDK 64-Bit Server VM (25.121-b13) for linux-amd64 JRE (1.8.0_121-8u121-b13-0ubuntu1.16.04.2-b13), built on Jan 23 2017 15:51:29 by "buildd" with gcc 5.4.0 20160609
Memory: 4k page, physical 7867764k(7487992k free), swap 8076284k(8076284k free)
CommandLine flags: -XX:CMSInitiatingOccupancyFraction=50 -XX:CMSMaxAbortablePrecleanTime=6000 -XX:+CMSParallelRemarkEnabled -XX:+CMSScavengeBeforeRemark -XX:ConcGCThreads=4 -XX:InitialHeapSize=536870912 -XX:MaxHeapSize=536870912 -XX:MaxTenuringThreshold=8 -XX:NewRatio=3 -XX:OldPLABSize=16 -XX:OnOutOfMemoryError=/opt/solr/bin/oom_solr.sh 8983 /var/solr/logs -XX:ParallelGCThreads=4 -XX:+ParallelRefProcEnabled -XX:PretenureSizeThreshold=67108864 -XX:+PrintGC -XX:+PrintGCApplicationStoppedTime -XX:+PrintGCDateStamps -XX:+PrintGCDetails -XX:+PrintGCTimeStamps -XX:+PrintHeapAtGC -XX:+PrintTenuringDistribution -XX:SurvivorRatio=4 -XX:TargetSurvivorRatio=90 -XX:ThreadStackSize=256 -XX:+UseCMSInitiatingOccupancyOnly -XX:+UseCompressedClassPointers -XX:+UseCompressedOops -XX:+UseConcMarkSweepGC -XX:+UseParNewGC 
2017-04-05T10:20:39.690+0200: 0,145: Total time for which application threads were stopped: 0,0000650 seconds, Stopping threads took: 0,0000086 seconds
2017-04-05T10:20:39.781+0200: 0,235: Total time for which application threads were stopped: 0,0001217 seconds, Stopping threads took: 0,0000274 seconds
2017-04-05T10:20:39.803+0200: 0,257: Total time for which application threads were stopped: 0,0001137 seconds, Stopping threads took: 0,0000155 seconds
2017-04-05T10:20:40.006+0200: 0,460: Total time for which application threads were stopped: 0,0001317 seconds, Stopping threads took: 0,0000112 seconds
2017-04-05T10:20:40.478+0200: 0,932: Total time for which application threads were stopped: 0,0001452 seconds, Stopping threads took: 0,0000140 seconds
2017-04-05T10:20:40.551+0200: 1,006: Total time for which application threads were stopped: 0,0002729 seconds, Stopping threads took: 0,0000294 seconds
2017-04-05T10:20:40.587+0200: 1,042: Total time for which application threads were stopped: 0,0001446 seconds, Stopping threads took: 0,0000214 seconds
2017-04-05T10:20:40.831+0200: 1,286: Total time for which application threads were stopped: 0,0001763 seconds, Stopping threads took: 0,0000261 seconds
2017-04-05T10:20:41.048+0200: 1,503: Total time for which application threads were stopped: 0,0001998 seconds, Stopping threads took: 0,0000112 seconds
2017-04-05T10:20:41.076+0200: 1,531: Total time for which application threads were stopped: 0,0003785 seconds, Stopping threads took: 0,0000766 seconds
2017-04-05T10:20:41.110+0200: 1,564: Total time for which application threads were stopped: 0,0002392 seconds, Stopping threads took: 0,0000209 seconds
2017-04-05T10:20:41.111+0200: 1,566: Total time for which application threads were stopped: 0,0001957 seconds, Stopping threads took: 0,0000146 seconds
2017-04-05T10:20:41.127+0200: 1,581: Total time for which application threads were stopped: 0,0001711 seconds, Stopping threads took: 0,0000230 seconds
2017-04-05T10:20:41.225+0200: 1,679: Total time for which application threads were stopped: 0,0002765 seconds, Stopping threads took: 0,0000224 seconds
2017-04-05T10:20:41.395+0200: 1,850: Total time for which application threads were stopped: 0,0006206 seconds, Stopping threads took: 0,0003942 seconds
{Heap before GC invocations=0 (full 0):
 par new generation   total 109248K, used 87424K [0x00000000e0000000, 0x00000000e8000000, 0x00000000e8000000)
  eden space 87424K, 100% used [0x00000000e0000000, 0x00000000e5560000, 0x00000000e5560000)
  from space 21824K,   0% used [0x00000000e5560000, 0x00000000e5560000, 0x00000000e6ab0000)
  to   space 21824K,   0% used [0x00000000e6ab0000, 0x00000000e6ab0000, 0x00000000e8000000)
 concurrent mark-sweep generation total 393216K, used 0K [0x00000000e8000000, 0x0000000100000000, 0x0000000100000000)
 Metaspace       used 17994K, capacity 18336K, committed 18688K, reserved 1064960K
  class space    used 2035K, capacity 2196K, committed 2304K, reserved 1048576K
2017-04-05T10:20:41.480+0200: 1,935: [GC (Allocation Failure) 2017-04-05T10:20:41.481+0200: 1,935: [ParNew
Desired survivor size 20112992 bytes, new threshold 8 (max 8)
- age   1:   12572856 bytes,   12572856 total
: 87424K->12394K(109248K), 0,0156787 secs] 87424K->12394K(502464K), 0,0157583 secs] [Times: user=0,05 sys=0,00, real=0,02 secs] 
Heap after GC invocations=1 (full 0):
 par new generation   total 109248K, used 12394K [0x00000000e0000000, 0x00000000e8000000, 0x00000000e8000000)
  eden space 87424K,   0% used [0x00000000e0000000, 0x00000000e0000000, 0x00000000e5560000)
  from space 21824K,  56% used [0x00000000e6ab0000, 0x00000000e76cabf8, 0x00000000e8000000)
  to   space 21824K,   0% used [0x00000000e5560000, 0x00000000e5560000, 0x00000000e6ab0000)
 concurrent mark-sweep generation total 393216K, used 0K [0x00000000e8000000, 0x0000000100000000, 0x0000000100000000)
 Metaspace       used 17994K, capacity 18336K, committed 18688K, reserved 1064960K
  class space    used 2035K, capacity 2196K, committed 2304K, reserved 1048576K
}
2017-04-05T10:20:41.496+0200: 1,951: Total time for which application threads were stopped: 0,0159758 seconds, Stopping threads took: 0,0000371 seconds
2017-04-05T10:20:41.785+0200: 2,239: Total time for which application threads were stopped: 0,0003537 seconds, Stopping threads took: 0,0000412 seconds
{Heap before GC invocations=1 (full 0):
 par new generation   total 109248K, used 99818K [0x00000000e0000000, 0x00000000e8000000, 0x00000000e8000000)
  eden space 87424K, 100% used [0x00000000e0000000, 0x00000000e5560000, 0x00000000e5560000)
  from space 21824K,  56% used [0x00000000e6ab0000, 0x00000000e76cabf8, 0x00000000e8000000)
  to   space 21824K,   0% used [0x00000000e5560000, 0x00000000e5560000, 0x00000000e6ab0000)
 concurrent mark-sweep generation total 393216K, used 0K [0x00000000e8000000, 0x0000000100000000, 0x0000000100000000)
 Metaspace       used 20052K, capacity 20364K, committed 20736K, reserved 1067008K
  class space    used 2296K, capacity 2470K, committed 2560K, reserved 1048576K
2017-04-05T10:20:41.832+0200: 2,287: [GC (Allocation Failure) 2017-04-05T10:20:41.832+0200: 2,287: [ParNew
Desired survivor size 20112992 bytes, new threshold 8 (max 8)
- age   1:    3742712 bytes,    3742712 total
- age   2:    6646768 bytes,   10389480 total
: 99818K->15619K(109248K), 0,0103416 secs] 99818K->15619K(502464K), 0,0104041 secs] [Times: user=0,04 sys=0,00, real=0,01 secs] 
Heap after GC invocations=2 (full 0):
 par new generation   total 109248K, used 15619K [0x00000000e0000000, 0x00000000e8000000, 0x00000000e8000000)
  eden space 87424K,   0% used [0x00000000e0000000, 0x00000000e0000000, 0x00000000e5560000)
  from space 21824K,  71% used [0x00000000e5560000, 0x00000000e64a0e00, 0x00000000e6ab0000)
  to   space 21824K,   0% used [0x00000000e6ab0000, 0x00000000e6ab0000, 0x00000000e8000000)
 concurrent mark-sweep generation total 393216K, used 0K [0x00000000e8000000, 0x0000000100000000, 0x0000000100000000)
 Metaspace       used 20052K, capacity 20364K, committed 20736K, reserved 1067008K
  class space    used 2296K, capacity 2470K, committed 2560K, reserved 1048576K
}
2017-04-05T10:20:41.843+0200: 2,297: Total time for which application threads were stopped: 0,0106584 seconds, Stopping threads took: 0,0000997 seconds
2017-04-05T10:20:41.855+0200: 2,309: Total time for which application threads were stopped: 0,0003468 seconds, Stopping threads took: 0,0000303 seconds
2017-04-05T10:20:41.885+0200: 2,340: Total time for which application threads were stopped: 0,0003712 seconds, Stopping threads took: 0,0000397 seconds
2017-04-05T10:20:42.012+0200: 2,466: Total time for which application threads were stopped: 0,0001953 seconds, Stopping threads took: 0,0000721 seconds
{Heap before GC invocations=2 (full 0):
 par new generation   total 109248K, used 103043K [0x00000000e0000000, 0x00000000e8000000, 0x00000000e8000000)
  eden space 87424K, 100% used [0x00000000e0000000, 0x00000000e5560000, 0x00000000e5560000)
  from space 21824K,  71% used [0x00000000e5560000, 0x00000000e64a0e00, 0x00000000e6ab0000)
  to   space 21824K,   0% used [0x00000000e6ab0000, 0x00000000e6ab0000, 0x00000000e8000000)
 concurrent mark-sweep generation total 393216K, used 0K [0x00000000e8000000, 0x0000000100000000, 0x0000000100000000)
 Metaspace       used 20956K, capacity 21286K, committed 21628K, reserved 1069056K
  class space    used 2418K, capacity 2589K, committed 2684K, reserved 1048576K
2017-04-05T10:20:42.049+0200: 2,503: [GC (Allocation Failure) 2017-04-05T10:20:42.049+0200: 2,503: [ParNew
Desired survivor size 20112992 bytes, new threshold 8 (max 8)
- age   1:    2068992 bytes,    2068992 total
- age   2:     862920 bytes,    2931912 total
- age   3:    6643104 bytes,    9575016 total
: 103043K->12344K(109248K), 0,0109925 secs] 103043K->12344K(502464K), 0,0110677 secs] [Times: user=0,03 sys=0,00, real=0,01 secs] 
Heap after GC invocations=3 (full 0):
 par new generation   total 109248K, used 12344K [0x00000000e0000000, 0x00000000e8000000, 0x00000000e8000000)
  eden space 87424K,   0% used [0x00000000e0000000, 0x00000000e0000000, 0x00000000e5560000)
  from space 21824K,  56% used [0x00000000e6ab0000, 0x00000000e76be250, 0x00000000e8000000)
  to   space 21824K,   0% used [0x00000000e5560000, 0x00000000e5560000, 0x00000000e6ab0000)
 concurrent mark-sweep generation total 393216K, used 0K [0x00000000e8000000, 0x0000000100000000, 0x0000000100000000)
 Metaspace       used 20956K, capacity 21286K, committed 21628K, reserved 1069056K
  class space    used 2418K, capacity 2589K, committed 2684K, reserved 1048576K
}
2017-04-05T10:20:42.060+0200: 2,514: Total time for which application threads were stopped: 0,0112508 seconds, Stopping threads took: 0,0000460 seconds
2017-04-05T10:20:42.060+0200: 2,515: [GC (CMS Initial Mark) [1 CMS-initial-mark: 0K(393216K)] 12346K(502464K), 0,0031338 secs] [Times: user=0,01 sys=0,00, real=0,00 secs] 
2017-04-05T10:20:42.063+0200: 2,518: Total time for which application threads were stopped: 0,0033073 seconds, Stopping threads took: 0,0000743 seconds
2017-04-05T10:20:42.063+0200: 2,518: [CMS-concurrent-mark-start]
2017-04-05T10:20:42.064+0200: 2,518: [CMS-concurrent-mark: 0,001/0,001 secs] [Times: user=0,00 sys=0,00, real=0,00 secs] 
2017-04-05T10:20:42.064+0200: 2,518: [CMS-concurrent-preclean-start]
2017-04-05T10:20:42.065+0200: 2,520: [CMS-concurrent-preclean: 0,001/0,001 secs] [Times: user=0,01 sys=0,00, real=0,00 secs] 
2017-04-05T10:20:42.065+0200: 2,520: [CMS-concurrent-abortable-preclean-start]
2017-04-05T10:20:42.139+0200: 2,593: Total time for which application threads were stopped: 0,0039177 seconds, Stopping threads took: 0,0038219 seconds
{Heap before GC invocations=3 (full 1):
 par new generation   total 109248K, used 99768K [0x00000000e0000000, 0x00000000e8000000, 0x00000000e8000000)
  eden space 87424K, 100% used [0x00000000e0000000, 0x00000000e5560000, 0x00000000e5560000)
  from space 21824K,  56% used [0x00000000e6ab0000, 0x00000000e76be250, 0x00000000e8000000)
  to   space 21824K,   0% used [0x00000000e5560000, 0x00000000e5560000, 0x00000000e6ab0000)
 concurrent mark-sweep generation total 393216K, used 0K [0x00000000e8000000, 0x0000000100000000, 0x0000000100000000)
 Metaspace       used 21248K, capacity 21632K, committed 21884K, reserved 1069056K
  class space    used 2449K, capacity 2605K, committed 2684K, reserved 1048576K
2017-04-05T10:20:42.182+0200: 2,636: [GC (Allocation Failure) 2017-04-05T10:20:42.182+0200: 2,636: [ParNew
Desired survivor size 20112992 bytes, new threshold 8 (max 8)
- age   1:    1112160 bytes,    1112160 total
- age   2:    1468680 bytes,    2580840 total
- age   3:     827576 bytes,    3408416 total
- age   4:    6643392 bytes,   10051808 total
: 99768K->11571K(109248K), 0,0192304 secs] 99768K->11571K(502464K), 0,0192885 secs] [Times: user=0,06 sys=0,00, real=0,02 secs] 
Heap after GC invocations=4 (full 1):
 par new generation   total 109248K, used 11571K [0x00000000e0000000, 0x00000000e8000000, 0x00000000e8000000)
  eden space 87424K,   0% used [0x00000000e0000000, 0x00000000e0000000, 0x00000000e5560000)
  from space 21824K,  53% used [0x00000000e5560000, 0x00000000e60acf30, 0x00000000e6ab0000)
  to   space 21824K,   0% used [0x00000000e6ab0000, 0x00000000e6ab0000, 0x00000000e8000000)
 concurrent mark-sweep generation total 393216K, used 0K [0x00000000e8000000, 0x0000000100000000, 0x0000000100000000)
 Metaspace       used 21248K, capacity 21632K, committed 21884K, reserved 1069056K
  class space    used 2449K, capacity 2605K, committed 2684K, reserved 1048576K
}
2017-04-05T10:20:42.201+0200: 2,656: Total time for which application threads were stopped: 0,0194699 seconds, Stopping threads took: 0,0000550 seconds
2017-04-05T10:20:42.203+0200: 2,658: [CMS-concurrent-abortable-preclean: 0,071/0,138 secs] [Times: user=0,49 sys=0,02, real=0,14 secs] 
2017-04-05T10:20:42.210+0200: 2,665: [GC (CMS Final Remark) [YG occupancy: 18152 K (109248 K)]{Heap before GC invocations=4 (full 1):
 par new generation   total 109248K, used 18152K [0x00000000e0000000, 0x00000000e8000000, 0x00000000e8000000)
  eden space 87424K,   7% used [0x00000000e0000000, 0x00000000e066d2b8, 0x00000000e5560000)
  from space 21824K,  53% used [0x00000000e5560000, 0x00000000e60acf30, 0x00000000e6ab0000)
  to   space 21824K,   0% used [0x00000000e6ab0000, 0x00000000e6ab0000, 0x00000000e8000000)
 concurrent mark-sweep generation total 393216K, used 0K [0x00000000e8000000, 0x0000000100000000, 0x0000000100000000)
 Metaspace       used 21251K, capacity 21632K, committed 21884K, reserved 1069056K
  class space    used 2449K, capacity 2605K, committed 2684K, reserved 1048576K
2017-04-05T10:20:42.210+0200: 2,665: [GC (CMS Final Remark) 2017-04-05T10:20:42.210+0200: 2,665: [ParNew
Desired survivor size 20112992 bytes, new threshold 8 (max 8)
- age   1:    1142232 bytes,    1142232 total
- age   2:     192456 bytes,    1334688 total
- age   3:    1468680 bytes,    2803368 total
- age   4:     827576 bytes,    3630944 total
- age   5:    6643096 bytes,   10274040 total
: 18152K->17038K(109248K), 0,0094577 secs] 18152K->17038K(502464K), 0,0095019 secs] [Times: user=0,04 sys=0,00, real=0,01 secs] 
Heap after GC invocations=5 (full 1):
 par new generation   total 109248K, used 17038K [0x00000000e0000000, 0x00000000e8000000, 0x00000000e8000000)
  eden space 87424K,   0% used [0x00000000e0000000, 0x00000000e0000000, 0x00000000e5560000)
  from space 21824K,  78% used [0x00000000e6ab0000, 0x00000000e7b53940, 0x00000000e8000000)
  to   space 21824K,   0% used [0x00000000e5560000, 0x00000000e5560000, 0x00000000e6ab0000)
 concurrent mark-sweep generation total 393216K, used 0K [0x00000000e8000000, 0x0000000100000000, 0x0000000100000000)
 Metaspace       used 21251K, capacity 21632K, committed 21884K, reserved 1069056K
  class space    used 2449K, capacity 2605K, committed 2684K, reserved 1048576K
}
2017-04-05T10:20:42.220+0200: 2,674: [Rescan (parallel) , 0,0039864 secs]2017-04-05T10:20:42.224+0200: 2,678: [weak refs processing, 0,0009989 secs]2017-04-05T10:20:42.225+0200: 2,679: [class unloading, 0,0028612 secs]2017-04-05T10:20:42.228+0200: 2,682: [scrub symbol table, 0,0025895 secs]2017-04-05T10:20:42.230+0200: 2,685: [scrub string table, 0,0003982 secs][1 CMS-remark: 0K(393216K)] 17038K(502464K), 0,0209754 secs] [Times: user=0,06 sys=0,00, real=0,02 secs] 
2017-04-05T10:20:42.231+0200: 2,686: Total time for which application threads were stopped: 0,0248687 seconds, Stopping threads took: 0,0038170 seconds
2017-04-05T10:20:42.231+0200: 2,686: [CMS-concurrent-sweep-start]
2017-04-05T10:20:42.231+0200: 2,686: [CMS-concurrent-sweep: 0,000/0,000 secs] [Times: user=0,00 sys=0,00, real=0,00 secs] 
2017-04-05T10:20:42.231+0200: 2,686: [CMS-concurrent-reset-start]
2017-04-05T10:20:42.233+0200: 2,688: [CMS-concurrent-reset: 0,002/0,002 secs] [Times: user=0,00 sys=0,00, real=0,00 secs] 
{Heap before GC invocations=5 (full 1):
 par new generation   total 109248K, used 104462K [0x00000000e0000000, 0x00000000e8000000, 0x00000000e8000000)
  eden space 87424K, 100% used [0x00000000e0000000, 0x00000000e5560000, 0x00000000e5560000)
  from space 21824K,  78% used [0x00000000e6ab0000, 0x00000000e7b53940, 0x00000000e8000000)
  to   space 21824K,   0% used [0x00000000e5560000, 0x00000000e5560000, 0x00000000e6ab0000)
 concurrent mark-sweep generation total 393216K, used 0K [0x00000000e8000000, 0x0000000100000000, 0x0000000100000000)
 Metaspace       used 21427K, capacity 21804K, committed 21884K, reserved 1069056K
  class space    used 2473K, capacity 2639K, committed 2684K, reserved 1048576K
2017-04-05T10:20:42.312+0200: 2,766: [GC (Allocation Failure) 2017-04-05T10:20:42.312+0200: 2,766: [ParNew
Desired survivor size 20112992 bytes, new threshold 8 (max 8)
- age   1:     894480 bytes,     894480 total
- age   2:       6024 bytes,     900504 total
- age   3:     191080 bytes,    1091584 total
- age   4:    1468264 bytes,    2559848 total
- age   5:     827464 bytes,    3387312 total
- age   6:    6643184 bytes,   10030496 total
: 104462K->11595K(109248K), 0,0096583 secs] 104462K->11595K(502464K), 0,0097286 secs] [Times: user=0,03 sys=0,00, real=0,01 secs] 
Heap after GC invocations=6 (full 1):
 par new generation   total 109248K, used 11595K [0x00000000e0000000, 0x00000000e8000000, 0x00000000e8000000)
  eden space 87424K,   0% used [0x00000000e0000000, 0x00000000e0000000, 0x00000000e5560000)
  from space 21824K,  53% used [0x00000000e5560000, 0x00000000e60b2cf0, 0x00000000e6ab0000)
  to   space 21824K,   0% used [0x00000000e6ab0000, 0x00000000e6ab0000, 0x00000000e8000000)
 concurrent mark-sweep generation total 393216K, used 0K [0x00000000e8000000, 0x0000000100000000, 0x0000000100000000)
 Metaspace       used 21427K, capacity 21804K, committed 21884K, reserved 1069056K
  class space    used 2473K, capacity 2639K, committed 2684K, reserved 1048576K
}
2017-04-05T10:20:42.321+0200: 2,776: Total time for which application threads were stopped: 0,0111789 seconds, Stopping threads took: 0,0013211 seconds
2017-04-05T10:20:42.343+0200: 2,797: Total time for which application threads were stopped: 0,0003767 seconds, Stopping threads took: 0,0000477 seconds
2017-04-05T10:20:42.572+0200: 3,026: Total time for which application threads were stopped: 0,0005345 seconds, Stopping threads took: 0,0000509 seconds
2017-04-05T10:20:42.590+0200: 3,044: Total time for which application threads were stopped: 0,0004768 seconds, Stopping threads took: 0,0000631 seconds
{Heap before GC invocations=6 (full 1):
 par new generation   total 109248K, used 99019K [0x00000000e0000000, 0x00000000e8000000, 0x00000000e8000000)
  eden space 87424K, 100% used [0x00000000e0000000, 0x00000000e5560000, 0x00000000e5560000)
  from space 21824K,  53% used [0x00000000e5560000, 0x00000000e60b2cf0, 0x00000000e6ab0000)
  to   space 21824K,   0% used [0x00000000e6ab0000, 0x00000000e6ab0000, 0x00000000e8000000)
 concurrent mark-sweep generation total 393216K, used 0K [0x00000000e8000000, 0x0000000100000000, 0x0000000100000000)
 Metaspace       used 23702K, capacity 24172K, committed 24316K, reserved 1071104K
  class space    used 2783K, capacity 2981K, committed 3068K, reserved 1048576K
2017-04-05T10:20:42.723+0200: 3,177: [GC (Allocation Failure) 2017-04-05T10:20:42.723+0200: 3,177: [ParNew
Desired survivor size 20112992 bytes, new threshold 8 (max 8)
- age   1:    5079800 bytes,    5079800 total
- age   2:     131760 bytes,    5211560 total
- age   3:       6024 bytes,    5217584 total
- age   4:     189880 bytes,    5407464 total
- age   5:     291288 bytes,    5698752 total
- age   6:     803104 bytes,    6501856 total
- age   7:    6634872 bytes,   13136728 total
: 99019K->17012K(109248K), 0,0233216 secs] 99019K->17012K(502464K), 0,0234020 secs] [Times: user=0,06 sys=0,01, real=0,02 secs] 
Heap after GC invocations=7 (full 1):
 par new generation   total 109248K, used 17012K [0x00000000e0000000, 0x00000000e8000000, 0x00000000e8000000)
  eden space 87424K,   0% used [0x00000000e0000000, 0x00000000e0000000, 0x00000000e5560000)
  from space 21824K,  77% used [0x00000000e6ab0000, 0x00000000e7b4d040, 0x00000000e8000000)
  to   space 21824K,   0% used [0x00000000e5560000, 0x00000000e5560000, 0x00000000e6ab0000)
 concurrent mark-sweep generation total 393216K, used 0K [0x00000000e8000000, 0x0000000100000000, 0x0000000100000000)
 Metaspace       used 23702K, capacity 24172K, committed 24316K, reserved 1071104K
  class space    used 2783K, capacity 2981K, committed 3068K, reserved 1048576K
}
2017-04-05T10:20:42.746+0200: 3,201: Total time for which application threads were stopped: 0,0245186 seconds, Stopping threads took: 0,0008722 seconds
{Heap before GC invocations=7 (full 1):
 par new generation   total 109248K, used 104436K [0x00000000e0000000, 0x00000000e8000000, 0x00000000e8000000)
  eden space 87424K, 100% used [0x00000000e0000000, 0x00000000e5560000, 0x00000000e5560000)
  from space 21824K,  77% used [0x00000000e6ab0000, 0x00000000e7b4d040, 0x00000000e8000000)
  to   space 21824K,   0% used [0x00000000e5560000, 0x00000000e5560000, 0x00000000e6ab0000)
 concurrent mark-sweep generation total 393216K, used 0K [0x00000000e8000000, 0x0000000100000000, 0x0000000100000000)
 Metaspace       used 24455K, capacity 24892K, committed 25084K, reserved 1071104K
  class space    used 2865K, capacity 3048K, committed 3068K, reserved 1048576K
2017-04-05T10:20:42.846+0200: 3,301: [GC (Allocation Failure) 2017-04-05T10:20:42.847+0200: 3,301: [ParNew
Desired survivor size 20112992 bytes, new threshold 8 (max 8)
- age   1:    2306248 bytes,    2306248 total
- age   2:    1897056 bytes,    4203304 total
- age   3:      60016 bytes,    4263320 total
- age   4:        464 bytes,    4263784 total
- age   5:     106968 bytes,    4370752 total
- age   6:     182184 bytes,    4552936 total
- age   7:     769000 bytes,    5321936 total
- age   8:    6101416 bytes,   11423352 total
: 104436K->15608K(109248K), 0,0278024 secs] 104436K->15608K(502464K), 0,0278847 secs] [Times: user=0,10 sys=0,00, real=0,02 secs] 
Heap after GC invocations=8 (full 1):
 par new generation   total 109248K, used 15608K [0x00000000e0000000, 0x00000000e8000000, 0x00000000e8000000)
  eden space 87424K,   0% used [0x00000000e0000000, 0x00000000e0000000, 0x00000000e5560000)
  from space 21824K,  71% used [0x00000000e5560000, 0x00000000e649e2f8, 0x00000000e6ab0000)
  to   space 21824K,   0% used [0x00000000e6ab0000, 0x00000000e6ab0000, 0x00000000e8000000)
 concurrent mark-sweep generation total 393216K, used 0K [0x00000000e8000000, 0x0000000100000000, 0x0000000100000000)
 Metaspace       used 24455K, capacity 24892K, committed 25084K, reserved 1071104K
  class space    used 2865K, capacity 3048K, committed 3068K, reserved 1048576K
}
2017-04-05T10:20:42.874+0200: 3,329: Total time for which application threads were stopped: 0,0281822 seconds, Stopping threads took: 0,0000781 seconds
{Heap before GC invocations=8 (full 1):
 par new generation   total 109248K, used 103032K [0x00000000e0000000, 0x00000000e8000000, 0x00000000e8000000)
  eden space 87424K, 100% used [0x00000000e0000000, 0x00000000e5560000, 0x00000000e5560000)
  from space 21824K,  71% used [0x00000000e5560000, 0x00000000e649e2f8, 0x00000000e6ab0000)
  to   space 21824K,   0% used [0x00000000e6ab0000, 0x00000000e6ab0000, 0x00000000e8000000)
 concurrent mark-sweep generation total 393216K, used 0K [0x00000000e8000000, 0x0000000100000000, 0x0000000100000000)
 Metaspace       used 24898K, capacity 25324K, committed 25468K, reserved 1071104K
  class space    used 2904K, capacity 3083K, committed 3196K, reserved 1048576K
2017-04-05T10:20:42.966+0200: 3,421: [GC (Allocation Failure) 2017-04-05T10:20:42.966+0200: 3,421: [ParNew
Desired survivor size 20112992 bytes, new threshold 8 (max 8)
- age   1:     848968 bytes,     848968 total
- age   2:     974040 bytes,    1823008 total
- age   3:    1874400 bytes,    3697408 total
- age   4:      60016 bytes,    3757424 total
- age   5:        464 bytes,    3757888 total
- age   6:     106864 bytes,    3864752 total
- age   7:     181848 bytes,    4046600 total
- age   8:     769168 bytes,    4815768 total
: 103032K->5917K(109248K), 0,0269971 secs] 103032K->11958K(502464K), 0,0270640 secs] [Times: user=0,09 sys=0,01, real=0,03 secs] 
Heap after GC invocations=9 (full 1):
 par new generation   total 109248K, used 5917K [0x00000000e0000000, 0x00000000e8000000, 0x00000000e8000000)
  eden space 87424K,   0% used [0x00000000e0000000, 0x00000000e0000000, 0x00000000e5560000)
  from space 21824K,  27% used [0x00000000e6ab0000, 0x00000000e70776a0, 0x00000000e8000000)
  to   space 21824K,   0% used [0x00000000e5560000, 0x00000000e5560000, 0x00000000e6ab0000)
 concurrent mark-sweep generation total 393216K, used 6040K [0x00000000e8000000, 0x0000000100000000, 0x0000000100000000)
 Metaspace       used 24898K, capacity 25324K, committed 25468K, reserved 1071104K
  class space    used 2904K, capacity 3083K, committed 3196K, reserved 1048576K
}
2017-04-05T10:20:42.993+0200: 3,448: Total time for which application threads were stopped: 0,0273605 seconds, Stopping threads took: 0,0001385 seconds
2017-04-05T10:20:43.399+0200: 3,853: Total time for which application threads were stopped: 0,0014225 seconds, Stopping threads took: 0,0007814 seconds
2017-04-05T10:20:43.420+0200: 3,874: Total time for which application threads were stopped: 0,0005495 seconds, Stopping threads took: 0,0000444 seconds
2017-04-05T10:20:43.482+0200: 3,936: Total time for which application threads were stopped: 0,0005575 seconds, Stopping threads took: 0,0000467 seconds
2017-04-05T10:20:43.606+0200: 4,060: Total time for which application threads were stopped: 0,0011794 seconds, Stopping threads took: 0,0006858 seconds
2017-04-05T10:20:43.621+0200: 4,076: Total time for which application threads were stopped: 0,0005383 seconds, Stopping threads took: 0,0000414 seconds
2017-04-05T10:20:43.624+0200: 4,078: Total time for which application threads were stopped: 0,0001694 seconds, Stopping threads took: 0,0000450 seconds
2017-04-05T10:20:43.625+0200: 4,080: Total time for which application threads were stopped: 0,0001254 seconds, Stopping threads took: 0,0000406 seconds
2017-04-05T10:20:43.627+0200: 4,081: Total time for which application threads were stopped: 0,0001512 seconds, Stopping threads took: 0,0000509 seconds
2017-04-05T10:20:43.635+0200: 4,089: Total time for which application threads were stopped: 0,0001827 seconds, Stopping threads took: 0,0001071 seconds
2017-04-05T10:20:43.636+0200: 4,090: Total time for which application threads were stopped: 0,0001149 seconds, Stopping threads took: 0,0000408 seconds
2017-04-05T10:20:43.636+0200: 4,091: Total time for which application threads were stopped: 0,0001138 seconds, Stopping threads took: 0,0000281 seconds
2017-04-05T10:20:43.644+0200: 4,098: Total time for which application threads were stopped: 0,0001919 seconds, Stopping threads took: 0,0000872 seconds
2017-04-05T10:20:43.649+0200: 4,104: Total time for which application threads were stopped: 0,0001323 seconds, Stopping threads took: 0,0000422 seconds
2017-04-05T10:20:43.650+0200: 4,104: Total time for which application threads were stopped: 0,0001807 seconds, Stopping threads took: 0,0001032 seconds
2017-04-05T10:20:43.670+0200: 4,124: Total time for which application threads were stopped: 0,0080818 seconds, Stopping threads took: 0,0079390 seconds
2017-04-05T10:20:44.670+0200: 5,125: Total time for which application threads were stopped: 0,0000650 seconds, Stopping threads took: 0,0000164 seconds
2017-04-05T10:20:46.670+0200: 7,125: Total time for which application threads were stopped: 0,0000986 seconds, Stopping threads took: 0,0000220 seconds
2017-04-05T10:20:55.671+0200: 16,126: Total time for which application threads were stopped: 0,0000743 seconds, Stopping threads took: 0,0000160 seconds
2017-04-05T10:21:00.672+0200: 21,126: Total time for which application threads were stopped: 0,0001108 seconds, Stopping threads took: 0,0000277 seconds
2017-04-05T10:22:06.679+0200: 87,134: Total time for which application threads were stopped: 0,0000792 seconds, Stopping threads took: 0,0000193 seconds
2017-04-05T10:22:36.684+0200: 117,139: Total time for which application threads were stopped: 0,0000837 seconds, Stopping threads took: 0,0000335 seconds
2017-04-05T10:22:41.685+0200: 122,140: Total time for which application threads were stopped: 0,0002547 seconds, Stopping threads took: 0,0000649 seconds
{Heap before GC invocations=9 (full 1):
 par new generation   total 109248K, used 93341K [0x00000000e0000000, 0x00000000e8000000, 0x00000000e8000000)
  eden space 87424K, 100% used [0x00000000e0000000, 0x00000000e5560000, 0x00000000e5560000)
  from space 21824K,  27% used [0x00000000e6ab0000, 0x00000000e70776a0, 0x00000000e8000000)
  to   space 21824K,   0% used [0x00000000e5560000, 0x00000000e5560000, 0x00000000e6ab0000)
 concurrent mark-sweep generation total 393216K, used 6040K [0x00000000e8000000, 0x0000000100000000, 0x0000000100000000)
 Metaspace       used 28005K, capacity 28486K, committed 28796K, reserved 1075200K
  class space    used 3213K, capacity 3388K, committed 3452K, reserved 1048576K
2017-04-05T10:23:35.496+0200: 175,950: [GC (Allocation Failure) 2017-04-05T10:23:35.496+0200: 175,950: [ParNew
Desired survivor size 20112992 bytes, new threshold 8 (max 8)
- age   1:   11064816 bytes,   11064816 total
- age   2:     212120 bytes,   11276936 total
- age   3:     232152 bytes,   11509088 total
- age   4:    1824008 bytes,   13333096 total
- age   5:      60016 bytes,   13393112 total
- age   6:        464 bytes,   13393576 total
- age   7:     104224 bytes,   13497800 total
- age   8:     181592 bytes,   13679392 total
: 93341K->16199K(109248K), 0,0269107 secs] 99382K->23089K(502464K), 0,0270366 secs] [Times: user=0,06 sys=0,00, real=0,02 secs] 
Heap after GC invocations=10 (full 1):
 par new generation   total 109248K, used 16199K [0x00000000e0000000, 0x00000000e8000000, 0x00000000e8000000)
  eden space 87424K,   0% used [0x00000000e0000000, 0x00000000e0000000, 0x00000000e5560000)
  from space 21824K,  74% used [0x00000000e5560000, 0x00000000e6531fa0, 0x00000000e6ab0000)
  to   space 21824K,   0% used [0x00000000e6ab0000, 0x00000000e6ab0000, 0x00000000e8000000)
 concurrent mark-sweep generation total 393216K, used 6889K [0x00000000e8000000, 0x0000000100000000, 0x0000000100000000)
 Metaspace       used 28005K, capacity 28486K, committed 28796K, reserved 1075200K
  class space    used 3213K, capacity 3388K, committed 3452K, reserved 1048576K
}
2017-04-05T10:23:35.523+0200: 175,977: Total time for which application threads were stopped: 0,0273844 seconds, Stopping threads took: 0,0001293 seconds
2017-04-05T10:23:40.524+0200: 180,978: Total time for which application threads were stopped: 0,0000760 seconds, Stopping threads took: 0,0000192 seconds
2017-04-05T10:25:15.538+0200: 275,992: Total time for which application threads were stopped: 0,0000955 seconds, Stopping threads took: 0,0000389 seconds
2017-04-05T10:25:16.538+0200: 276,992: Total time for which application threads were stopped: 0,0000693 seconds, Stopping threads took: 0,0000164 seconds
2017-04-05T10:44:11.682+0200: 1412,136: Total time for which application threads were stopped: 0,0001472 seconds, Stopping threads took: 0,0000535 seconds
2017-04-05T10:49:11.720+0200: 1712,174: Total time for which application threads were stopped: 0,0000820 seconds, Stopping threads took: 0,0000309 seconds
2017-04-05T11:12:40.172+0200: 2371,802: Total time for which application threads were stopped: 0,0000752 seconds, Stopping threads took: 0,0000269 seconds
2017-04-05T11:32:35.318+0200: 3566,948: Total time for which application threads were stopped: 0,0001619 seconds, Stopping threads took: 0,0000611 seconds
2017-04-05T11:55:12.095+0200: 3852,085: Total time for which application threads were stopped: 0,0000867 seconds, Stopping threads took: 0,0000310 seconds
2017-04-05T11:55:17.095+0200: 3857,085: Total time for which application threads were stopped: 0,0001032 seconds, Stopping threads took: 0,0000217 seconds
2017-04-05T12:07:09.510+0200: 4569,500: Total time for which application threads were stopped: 0,0001544 seconds, Stopping threads took: 0,0000355 seconds
2017-04-05T12:07:09.538+0200: 4569,528: Total time for which application threads were stopped: 0,0017285 seconds, Stopping threads took: 0,0016153 seconds
2017-04-05T12:07:09.544+0200: 4569,534: Total time for which application threads were stopped: 0,0001235 seconds, Stopping threads took: 0,0000161 seconds
Heap
 par new generation   total 109248K, used 38754K [0x00000000e0000000, 0x00000000e8000000, 0x00000000e8000000)
  eden space 87424K,  25% used [0x00000000e0000000, 0x00000000e16068a0, 0x00000000e5560000)
  from space 21824K,  74% used [0x00000000e5560000, 0x00000000e6531fa0, 0x00000000e6ab0000)
  to   space 21824K,   0% used [0x00000000e6ab0000, 0x00000000e6ab0000, 0x00000000e8000000)
 concurrent mark-sweep generation total 393216K, used 6889K [0x00000000e8000000, 0x0000000100000000, 0x0000000100000000)
 Metaspace       used 28127K, capacity 28654K, committed 28796K, reserved 1075200K
  class space    used 3227K, capacity 3422K, committed 3452K, reserved 1048576K
