OpenJDK 64-Bit Server VM (25.111-b14) for linux-amd64 JRE (1.8.0_111-8u111-b14-2ubuntu0.16.04.2-b14), built on Oct 27 2016 18:10:19 by "buildd" with gcc 5.4.0 20160609
Memory: 4k page, physical 7867804k(7505572k free), swap 8076284k(8076284k free)
CommandLine flags: -XX:CMSInitiatingOccupancyFraction=50 -XX:CMSMaxAbortablePrecleanTime=6000 -XX:+CMSParallelRemarkEnabled -XX:+CMSScavengeBeforeRemark -XX:ConcGCThreads=4 -XX:InitialHeapSize=536870912 -XX:MaxHeapSize=536870912 -XX:MaxTenuringThreshold=8 -XX:NewRatio=3 -XX:OldPLABSize=16 -XX:OnOutOfMemoryError=/opt/solr/bin/oom_solr.sh 8983 /var/solr/logs -XX:ParallelGCThreads=4 -XX:+ParallelRefProcEnabled -XX:PretenureSizeThreshold=67108864 -XX:+PrintGC -XX:+PrintGCApplicationStoppedTime -XX:+PrintGCDateStamps -XX:+PrintGCDetails -XX:+PrintGCTimeStamps -XX:+PrintHeapAtGC -XX:+PrintTenuringDistribution -XX:SurvivorRatio=4 -XX:TargetSurvivorRatio=90 -XX:ThreadStackSize=256 -XX:+UseCMSInitiatingOccupancyOnly -XX:+UseCompressedClassPointers -XX:+UseCompressedOops -XX:+UseConcMarkSweepGC -XX:+UseParNewGC 
2017-01-11T22:33:55.722+0100: 0,123: Total time for which application threads were stopped: 0,0000725 seconds, Stopping threads took: 0,0000144 seconds
2017-01-11T22:33:55.816+0100: 0,217: Total time for which application threads were stopped: 0,0001470 seconds, Stopping threads took: 0,0000276 seconds
2017-01-11T22:33:55.832+0100: 0,233: Total time for which application threads were stopped: 0,0000864 seconds, Stopping threads took: 0,0000153 seconds
2017-01-11T22:33:56.438+0100: 0,840: Total time for which application threads were stopped: 0,0001379 seconds, Stopping threads took: 0,0000112 seconds
2017-01-11T22:33:56.549+0100: 0,950: Total time for which application threads were stopped: 0,0001917 seconds, Stopping threads took: 0,0000257 seconds
2017-01-11T22:33:56.579+0100: 0,981: Total time for which application threads were stopped: 0,0001963 seconds, Stopping threads took: 0,0000296 seconds
2017-01-11T22:33:56.948+0100: 1,349: Total time for which application threads were stopped: 0,0006836 seconds, Stopping threads took: 0,0000955 seconds
2017-01-11T22:33:57.192+0100: 1,593: Total time for which application threads were stopped: 0,0002139 seconds, Stopping threads took: 0,0000169 seconds
2017-01-11T22:33:57.213+0100: 1,614: Total time for which application threads were stopped: 0,0002857 seconds, Stopping threads took: 0,0000285 seconds
2017-01-11T22:33:57.214+0100: 1,615: Total time for which application threads were stopped: 0,0001534 seconds, Stopping threads took: 0,0000226 seconds
2017-01-11T22:33:57.229+0100: 1,630: Total time for which application threads were stopped: 0,0001967 seconds, Stopping threads took: 0,0000174 seconds
2017-01-11T22:33:57.324+0100: 1,725: Total time for which application threads were stopped: 0,0002938 seconds, Stopping threads took: 0,0000426 seconds
2017-01-11T22:33:57.466+0100: 1,867: Total time for which application threads were stopped: 0,0002173 seconds, Stopping threads took: 0,0000210 seconds
{Heap before GC invocations=0 (full 0):
 par new generation   total 109248K, used 87424K [0x00000000e0000000, 0x00000000e8000000, 0x00000000e8000000)
  eden space 87424K, 100% used [0x00000000e0000000, 0x00000000e5560000, 0x00000000e5560000)
  from space 21824K,   0% used [0x00000000e5560000, 0x00000000e5560000, 0x00000000e6ab0000)
  to   space 21824K,   0% used [0x00000000e6ab0000, 0x00000000e6ab0000, 0x00000000e8000000)
 concurrent mark-sweep generation total 393216K, used 0K [0x00000000e8000000, 0x0000000100000000, 0x0000000100000000)
 Metaspace       used 17942K, capacity 18238K, committed 18304K, reserved 1064960K
  class space    used 2044K, capacity 2162K, committed 2176K, reserved 1048576K
2017-01-11T22:33:57.578+0100: 1,979: [GC (Allocation Failure) 2017-01-11T22:33:57.578+0100: 1,979: [ParNew
Desired survivor size 20112992 bytes, new threshold 8 (max 8)
- age   1:   12036712 bytes,   12036712 total
: 87424K->11865K(109248K), 0,0184601 secs] 87424K->11865K(502464K), 0,0185374 secs] [Times: user=0,06 sys=0,00, real=0,02 secs] 
Heap after GC invocations=1 (full 0):
 par new generation   total 109248K, used 11865K [0x00000000e0000000, 0x00000000e8000000, 0x00000000e8000000)
  eden space 87424K,   0% used [0x00000000e0000000, 0x00000000e0000000, 0x00000000e5560000)
  from space 21824K,  54% used [0x00000000e6ab0000, 0x00000000e7646798, 0x00000000e8000000)
  to   space 21824K,   0% used [0x00000000e5560000, 0x00000000e5560000, 0x00000000e6ab0000)
 concurrent mark-sweep generation total 393216K, used 0K [0x00000000e8000000, 0x0000000100000000, 0x0000000100000000)
 Metaspace       used 17942K, capacity 18238K, committed 18304K, reserved 1064960K
  class space    used 2044K, capacity 2162K, committed 2176K, reserved 1048576K
}
2017-01-11T22:33:57.596+0100: 1,997: Total time for which application threads were stopped: 0,0187193 seconds, Stopping threads took: 0,0000184 seconds
2017-01-11T22:33:57.780+0100: 2,181: Total time for which application threads were stopped: 0,0003056 seconds, Stopping threads took: 0,0000267 seconds
2017-01-11T22:33:57.814+0100: 2,215: Total time for which application threads were stopped: 0,0003714 seconds, Stopping threads took: 0,0000268 seconds
2017-01-11T22:33:57.842+0100: 2,244: Total time for which application threads were stopped: 0,0003050 seconds, Stopping threads took: 0,0000230 seconds
{Heap before GC invocations=1 (full 0):
 par new generation   total 109248K, used 99289K [0x00000000e0000000, 0x00000000e8000000, 0x00000000e8000000)
  eden space 87424K, 100% used [0x00000000e0000000, 0x00000000e5560000, 0x00000000e5560000)
  from space 21824K,  54% used [0x00000000e6ab0000, 0x00000000e7646798, 0x00000000e8000000)
  to   space 21824K,   0% used [0x00000000e5560000, 0x00000000e5560000, 0x00000000e6ab0000)
 concurrent mark-sweep generation total 393216K, used 0K [0x00000000e8000000, 0x0000000100000000, 0x0000000100000000)
 Metaspace       used 20696K, capacity 21016K, committed 21248K, reserved 1069056K
  class space    used 2403K, capacity 2518K, committed 2560K, reserved 1048576K
2017-01-11T22:33:58.008+0100: 2,409: [GC (Allocation Failure) 2017-01-11T22:33:58.008+0100: 2,409: [ParNew
Desired survivor size 20112992 bytes, new threshold 8 (max 8)
- age   1:    3672536 bytes,    3672536 total
- age   2:    6068928 bytes,    9741464 total
: 99289K->12909K(109248K), 0,0182404 secs] 99289K->12909K(502464K), 0,0183181 secs] [Times: user=0,07 sys=0,00, real=0,02 secs] 
Heap after GC invocations=2 (full 0):
 par new generation   total 109248K, used 12909K [0x00000000e0000000, 0x00000000e8000000, 0x00000000e8000000)
  eden space 87424K,   0% used [0x00000000e0000000, 0x00000000e0000000, 0x00000000e5560000)
  from space 21824K,  59% used [0x00000000e5560000, 0x00000000e61fb508, 0x00000000e6ab0000)
  to   space 21824K,   0% used [0x00000000e6ab0000, 0x00000000e6ab0000, 0x00000000e8000000)
 concurrent mark-sweep generation total 393216K, used 0K [0x00000000e8000000, 0x0000000100000000, 0x0000000100000000)
 Metaspace       used 20696K, capacity 21016K, committed 21248K, reserved 1069056K
  class space    used 2403K, capacity 2518K, committed 2560K, reserved 1048576K
}
2017-01-11T22:33:58.027+0100: 2,428: Total time for which application threads were stopped: 0,0185518 seconds, Stopping threads took: 0,0000404 seconds
2017-01-11T22:33:58.082+0100: 2,483: Total time for which application threads were stopped: 0,0000957 seconds, Stopping threads took: 0,0000217 seconds
2017-01-11T22:33:58.120+0100: 2,521: Total time for which application threads were stopped: 0,0000769 seconds, Stopping threads took: 0,0000137 seconds
2017-01-11T22:33:58.121+0100: 2,522: Total time for which application threads were stopped: 0,0003026 seconds, Stopping threads took: 0,0000067 seconds
2017-01-11T22:33:58.149+0100: 2,550: Total time for which application threads were stopped: 0,0000706 seconds, Stopping threads took: 0,0000128 seconds
2017-01-11T22:33:58.228+0100: 2,629: Total time for which application threads were stopped: 0,0001135 seconds, Stopping threads took: 0,0000214 seconds
2017-01-11T22:33:58.247+0100: 2,648: Total time for which application threads were stopped: 0,0000975 seconds, Stopping threads took: 0,0000216 seconds
2017-01-11T22:33:58.255+0100: 2,656: Total time for which application threads were stopped: 0,0002752 seconds, Stopping threads took: 0,0000131 seconds
2017-01-11T22:33:58.262+0100: 2,663: Total time for which application threads were stopped: 0,0002696 seconds, Stopping threads took: 0,0000132 seconds
2017-01-11T22:33:58.272+0100: 2,673: Total time for which application threads were stopped: 0,0000947 seconds, Stopping threads took: 0,0000226 seconds
2017-01-11T22:33:58.301+0100: 2,702: Total time for which application threads were stopped: 0,0001062 seconds, Stopping threads took: 0,0000233 seconds
2017-01-11T22:33:58.319+0100: 2,720: Total time for which application threads were stopped: 0,0000871 seconds, Stopping threads took: 0,0000170 seconds
2017-01-11T22:33:58.339+0100: 2,740: Total time for which application threads were stopped: 0,0000748 seconds, Stopping threads took: 0,0000145 seconds
2017-01-11T22:33:58.360+0100: 2,761: Total time for which application threads were stopped: 0,0000854 seconds, Stopping threads took: 0,0000245 seconds
2017-01-11T22:33:58.386+0100: 2,787: Total time for which application threads were stopped: 0,0000923 seconds, Stopping threads took: 0,0000205 seconds
2017-01-11T22:33:58.454+0100: 2,855: Total time for which application threads were stopped: 0,0001022 seconds, Stopping threads took: 0,0000237 seconds
2017-01-11T22:33:58.489+0100: 2,890: Total time for which application threads were stopped: 0,0001097 seconds, Stopping threads took: 0,0000253 seconds
{Heap before GC invocations=2 (full 0):
 par new generation   total 109248K, used 100333K [0x00000000e0000000, 0x00000000e8000000, 0x00000000e8000000)
  eden space 87424K, 100% used [0x00000000e0000000, 0x00000000e5560000, 0x00000000e5560000)
  from space 21824K,  59% used [0x00000000e5560000, 0x00000000e61fb508, 0x00000000e6ab0000)
  to   space 21824K,   0% used [0x00000000e6ab0000, 0x00000000e6ab0000, 0x00000000e8000000)
 concurrent mark-sweep generation total 393216K, used 0K [0x00000000e8000000, 0x0000000100000000, 0x0000000100000000)
 Metaspace       used 24842K, capacity 25285K, committed 25536K, reserved 1071104K
  class space    used 2894K, capacity 3025K, committed 3144K, reserved 1048576K
2017-01-11T22:33:58.515+0100: 2,917: [GC (Allocation Failure) 2017-01-11T22:33:58.516+0100: 2,917: [ParNew
Desired survivor size 20112992 bytes, new threshold 8 (max 8)
- age   1:    4850728 bytes,    4850728 total
- age   2:     584496 bytes,    5435224 total
- age   3:    6051184 bytes,   11486408 total
: 100333K->14881K(109248K), 0,0132994 secs] 100333K->14881K(502464K), 0,0133748 secs] [Times: user=0,04 sys=0,00, real=0,01 secs] 
Heap after GC invocations=3 (full 0):
 par new generation   total 109248K, used 14881K [0x00000000e0000000, 0x00000000e8000000, 0x00000000e8000000)
  eden space 87424K,   0% used [0x00000000e0000000, 0x00000000e0000000, 0x00000000e5560000)
  from space 21824K,  68% used [0x00000000e6ab0000, 0x00000000e79385d0, 0x00000000e8000000)
  to   space 21824K,   0% used [0x00000000e5560000, 0x00000000e5560000, 0x00000000e6ab0000)
 concurrent mark-sweep generation total 393216K, used 0K [0x00000000e8000000, 0x0000000100000000, 0x0000000100000000)
 Metaspace       used 24842K, capacity 25285K, committed 25536K, reserved 1071104K
  class space    used 2894K, capacity 3025K, committed 3144K, reserved 1048576K
}
2017-01-11T22:33:58.529+0100: 2,930: Total time for which application threads were stopped: 0,0135167 seconds, Stopping threads took: 0,0000195 seconds
2017-01-11T22:33:58.529+0100: 2,930: [GC (CMS Initial Mark) [1 CMS-initial-mark: 0K(393216K)] 15137K(502464K), 0,0036360 secs] [Times: user=0,01 sys=0,00, real=0,01 secs] 
2017-01-11T22:33:58.533+0100: 2,934: Total time for which application threads were stopped: 0,0037978 seconds, Stopping threads took: 0,0000587 seconds
2017-01-11T22:33:58.533+0100: 2,934: [CMS-concurrent-mark-start]
2017-01-11T22:33:58.534+0100: 2,935: [CMS-concurrent-mark: 0,001/0,001 secs] [Times: user=0,01 sys=0,00, real=0,00 secs] 
2017-01-11T22:33:58.534+0100: 2,935: [CMS-concurrent-preclean-start]
2017-01-11T22:33:58.535+0100: 2,936: [CMS-concurrent-preclean: 0,001/0,001 secs] [Times: user=0,00 sys=0,00, real=0,00 secs] 
2017-01-11T22:33:58.535+0100: 2,936: [GC (CMS Final Remark) [YG occupancy: 16512 K (109248 K)]{Heap before GC invocations=3 (full 1):
 par new generation   total 109248K, used 16512K [0x00000000e0000000, 0x00000000e8000000, 0x00000000e8000000)
  eden space 87424K,   1% used [0x00000000e0000000, 0x00000000e0197b00, 0x00000000e5560000)
  from space 21824K,  68% used [0x00000000e6ab0000, 0x00000000e79385d0, 0x00000000e8000000)
  to   space 21824K,   0% used [0x00000000e5560000, 0x00000000e5560000, 0x00000000e6ab0000)
 concurrent mark-sweep generation total 393216K, used 0K [0x00000000e8000000, 0x0000000100000000, 0x0000000100000000)
 Metaspace       used 24842K, capacity 25285K, committed 25536K, reserved 1071104K
  class space    used 2894K, capacity 3025K, committed 3144K, reserved 1048576K
2017-01-11T22:33:58.535+0100: 2,936: [GC (CMS Final Remark) 2017-01-11T22:33:58.535+0100: 2,936: [ParNew
Desired survivor size 20112992 bytes, new threshold 8 (max 8)
- age   1:     931544 bytes,     931544 total
- age   2:    4850696 bytes,    5782240 total
- age   3:     584520 bytes,    6366760 total
- age   4:    6051808 bytes,   12418568 total
: 16512K->13898K(109248K), 0,0100156 secs] 16512K->13898K(502464K), 0,0100549 secs] [Times: user=0,03 sys=0,00, real=0,01 secs] 
Heap after GC invocations=4 (full 1):
 par new generation   total 109248K, used 13898K [0x00000000e0000000, 0x00000000e8000000, 0x00000000e8000000)
  eden space 87424K,   0% used [0x00000000e0000000, 0x00000000e0000000, 0x00000000e5560000)
  from space 21824K,  63% used [0x00000000e5560000, 0x00000000e62f28d0, 0x00000000e6ab0000)
  to   space 21824K,   0% used [0x00000000e6ab0000, 0x00000000e6ab0000, 0x00000000e8000000)
 concurrent mark-sweep generation total 393216K, used 0K [0x00000000e8000000, 0x0000000100000000, 0x0000000100000000)
 Metaspace       used 24842K, capacity 25285K, committed 25536K, reserved 1071104K
  class space    used 2894K, capacity 3025K, committed 3144K, reserved 1048576K
}
2017-01-11T22:33:58.545+0100: 2,946: [Rescan (parallel) , 0,0032499 secs]2017-01-11T22:33:58.549+0100: 2,950: [weak refs processing, 0,0010771 secs]2017-01-11T22:33:58.550+0100: 2,951: [class unloading, 0,0031723 secs]2017-01-11T22:33:58.553+0100: 2,954: [scrub symbol table, 0,0051727 secs]2017-01-11T22:33:58.558+0100: 2,959: [scrub string table, 0,0004256 secs][1 CMS-remark: 0K(393216K)] 13898K(502464K), 0,0238819 secs] [Times: user=0,06 sys=0,00, real=0,02 secs] 
2017-01-11T22:33:58.559+0100: 2,960: Total time for which application threads were stopped: 0,0240059 seconds, Stopping threads took: 0,0000491 seconds
2017-01-11T22:33:58.561+0100: 2,962: [CMS-concurrent-sweep-start]
2017-01-11T22:33:58.561+0100: 2,962: [CMS-concurrent-sweep: 0,000/0,000 secs] [Times: user=0,00 sys=0,00, real=0,00 secs] 
2017-01-11T22:33:58.561+0100: 2,962: [CMS-concurrent-reset-start]
2017-01-11T22:33:58.563+0100: 2,964: [CMS-concurrent-reset: 0,002/0,002 secs] [Times: user=0,01 sys=0,00, real=0,01 secs] 
2017-01-11T22:33:58.624+0100: 3,025: Total time for which application threads were stopped: 0,0003710 seconds, Stopping threads took: 0,0000281 seconds
2017-01-11T22:33:59.624+0100: 4,025: Total time for which application threads were stopped: 0,0000929 seconds, Stopping threads took: 0,0000165 seconds
2017-01-11T22:33:59.647+0100: 4,048: Total time for which application threads were stopped: 0,0003090 seconds, Stopping threads took: 0,0000155 seconds
2017-01-11T22:34:27.650+0100: 32,052: Total time for which application threads were stopped: 0,0000626 seconds, Stopping threads took: 0,0000163 seconds
2017-01-11T22:36:37.667+0100: 162,068: Total time for which application threads were stopped: 0,0001005 seconds, Stopping threads took: 0,0000387 seconds
2017-01-11T22:36:42.667+0100: 167,068: Total time for which application threads were stopped: 0,0000639 seconds, Stopping threads took: 0,0000196 seconds
2017-01-11T22:36:56.669+0100: 181,070: Total time for which application threads were stopped: 0,0001260 seconds, Stopping threads took: 0,0000336 seconds
2017-01-11T22:37:37.675+0100: 222,076: Total time for which application threads were stopped: 0,0000957 seconds, Stopping threads took: 0,0000406 seconds
2017-01-11T22:38:16.680+0100: 261,081: Total time for which application threads were stopped: 0,0001000 seconds, Stopping threads took: 0,0000417 seconds
2017-01-11T22:38:26.681+0100: 271,082: Total time for which application threads were stopped: 0,0001107 seconds, Stopping threads took: 0,0000312 seconds
2017-01-11T22:38:27.681+0100: 272,082: Total time for which application threads were stopped: 0,0001071 seconds, Stopping threads took: 0,0000268 seconds
2017-01-11T22:38:37.683+0100: 282,084: Total time for which application threads were stopped: 0,0001318 seconds, Stopping threads took: 0,0000323 seconds
2017-01-11T22:38:42.684+0100: 287,085: Total time for which application threads were stopped: 0,0000862 seconds, Stopping threads took: 0,0000226 seconds
2017-01-11T22:38:56.686+0100: 301,087: Total time for which application threads were stopped: 0,0000811 seconds, Stopping threads took: 0,0000309 seconds
2017-01-11T22:40:51.701+0100: 416,103: Total time for which application threads were stopped: 0,0000748 seconds, Stopping threads took: 0,0000313 seconds
2017-01-11T22:57:41.824+0100: 1426,225: Total time for which application threads were stopped: 0,0000851 seconds, Stopping threads took: 0,0000299 seconds
2017-01-11T23:01:57.852+0100: 1682,253: Total time for which application threads were stopped: 0,0000734 seconds, Stopping threads took: 0,0000306 seconds
2017-01-11T23:02:16.855+0100: 1701,256: Total time for which application threads were stopped: 0,0000792 seconds, Stopping threads took: 0,0000279 seconds
2017-01-11T23:13:21.933+0100: 2366,334: Total time for which application threads were stopped: 0,0001214 seconds, Stopping threads took: 0,0000483 seconds
2017-01-11T23:13:22.933+0100: 2367,335: Total time for which application threads were stopped: 0,0000577 seconds, Stopping threads took: 0,0000147 seconds
2017-01-11T23:34:18.088+0100: 3622,489: Total time for which application threads were stopped: 0,0001516 seconds, Stopping threads took: 0,0000592 seconds
2017-01-11T23:38:27.115+0100: 3871,516: Total time for which application threads were stopped: 0,0001289 seconds, Stopping threads took: 0,0000636 seconds
2017-01-11T23:38:32.115+0100: 3876,516: Total time for which application threads were stopped: 0,0000700 seconds, Stopping threads took: 0,0000172 seconds
2017-01-11T23:40:57.130+0100: 4021,531: Total time for which application threads were stopped: 0,0002858 seconds, Stopping threads took: 0,0001102 seconds
2017-01-12T00:25:33.400+0100: 6697,801: Total time for which application threads were stopped: 0,0000903 seconds, Stopping threads took: 0,0000363 seconds
2017-01-12T00:26:13.404+0100: 6737,805: Total time for which application threads were stopped: 0,0000769 seconds, Stopping threads took: 0,0000336 seconds
2017-01-12T00:32:33.440+0100: 7117,841: Total time for which application threads were stopped: 0,0000711 seconds, Stopping threads took: 0,0000290 seconds
2017-01-12T00:38:57.482+0100: 7501,883: Total time for which application threads were stopped: 0,0003772 seconds, Stopping threads took: 0,0001613 seconds
2017-01-12T00:39:27.485+0100: 7531,886: Total time for which application threads were stopped: 0,0000820 seconds, Stopping threads took: 0,0000337 seconds
2017-01-12T00:40:46.203+0100: 7610,605: Total time for which application threads were stopped: 0,0001685 seconds, Stopping threads took: 0,0000165 seconds
Heap
 par new generation   total 109248K, used 58404K [0x00000000e0000000, 0x00000000e8000000, 0x00000000e8000000)
  eden space 87424K,  50% used [0x00000000e0000000, 0x00000000e2b76800, 0x00000000e5560000)
  from space 21824K,  63% used [0x00000000e5560000, 0x00000000e62f28d0, 0x00000000e6ab0000)
  to   space 21824K,   0% used [0x00000000e6ab0000, 0x00000000e6ab0000, 0x00000000e8000000)
 concurrent mark-sweep generation total 393216K, used 0K [0x00000000e8000000, 0x0000000100000000, 0x0000000100000000)
 Metaspace       used 27286K, capacity 27729K, committed 27976K, reserved 1073152K
  class space    used 3167K, capacity 3321K, committed 3400K, reserved 1048576K
