OpenJDK 64-Bit Server VM (25.111-b14) for linux-amd64 JRE (1.8.0_111-8u111-b14-2ubuntu0.16.04.2-b14), built on Oct 27 2016 18:10:19 by "buildd" with gcc 5.4.0 20160609
Memory: 4k page, physical 7867848k(7452968k free), swap 8076284k(8076284k free)
CommandLine flags: -XX:CMSInitiatingOccupancyFraction=50 -XX:CMSMaxAbortablePrecleanTime=6000 -XX:+CMSParallelRemarkEnabled -XX:+CMSScavengeBeforeRemark -XX:ConcGCThreads=4 -XX:InitialHeapSize=536870912 -XX:MaxHeapSize=536870912 -XX:MaxTenuringThreshold=8 -XX:NewRatio=3 -XX:OldPLABSize=16 -XX:OnOutOfMemoryError=/opt/solr/bin/oom_solr.sh 8983 /var/solr/logs -XX:ParallelGCThreads=4 -XX:+ParallelRefProcEnabled -XX:PretenureSizeThreshold=67108864 -XX:+PrintGC -XX:+PrintGCApplicationStoppedTime -XX:+PrintGCDateStamps -XX:+PrintGCDetails -XX:+PrintGCTimeStamps -XX:+PrintHeapAtGC -XX:+PrintTenuringDistribution -XX:SurvivorRatio=4 -XX:TargetSurvivorRatio=90 -XX:ThreadStackSize=256 -XX:+UseCMSInitiatingOccupancyOnly -XX:+UseCompressedClassPointers -XX:+UseCompressedOops -XX:+UseConcMarkSweepGC -XX:+UseParNewGC 
2016-11-18T20:32:58.442+0100: 0,128: Total time for which application threads were stopped: 0,0000723 seconds, Stopping threads took: 0,0000102 seconds
2016-11-18T20:32:58.538+0100: 0,225: Total time for which application threads were stopped: 0,0001077 seconds, Stopping threads took: 0,0000148 seconds
2016-11-18T20:32:58.564+0100: 0,251: Total time for which application threads were stopped: 0,0001152 seconds, Stopping threads took: 0,0000224 seconds
2016-11-18T20:32:58.765+0100: 0,452: Total time for which application threads were stopped: 0,0001637 seconds, Stopping threads took: 0,0000310 seconds
2016-11-18T20:32:59.139+0100: 0,826: Total time for which application threads were stopped: 0,0001239 seconds, Stopping threads took: 0,0000110 seconds
2016-11-18T20:32:59.205+0100: 0,891: Total time for which application threads were stopped: 0,0001756 seconds, Stopping threads took: 0,0000296 seconds
2016-11-18T20:32:59.227+0100: 0,914: Total time for which application threads were stopped: 0,0001414 seconds, Stopping threads took: 0,0000152 seconds
2016-11-18T20:32:59.532+0100: 1,219: Total time for which application threads were stopped: 0,0001761 seconds, Stopping threads took: 0,0000206 seconds
2016-11-18T20:32:59.747+0100: 1,434: Total time for which application threads were stopped: 0,0002375 seconds, Stopping threads took: 0,0000272 seconds
2016-11-18T20:32:59.771+0100: 1,458: Total time for which application threads were stopped: 0,0002041 seconds, Stopping threads took: 0,0000287 seconds
2016-11-18T20:32:59.772+0100: 1,459: Total time for which application threads were stopped: 0,0002437 seconds, Stopping threads took: 0,0000235 seconds
2016-11-18T20:32:59.787+0100: 1,474: Total time for which application threads were stopped: 0,0001559 seconds, Stopping threads took: 0,0000123 seconds
2016-11-18T20:32:59.884+0100: 1,571: Total time for which application threads were stopped: 0,0002101 seconds, Stopping threads took: 0,0000228 seconds
2016-11-18T20:33:00.088+0100: 1,775: Total time for which application threads were stopped: 0,0005493 seconds, Stopping threads took: 0,0003523 seconds
{Heap before GC invocations=0 (full 0):
 par new generation   total 109248K, used 87424K [0x00000000e0000000, 0x00000000e8000000, 0x00000000e8000000)
  eden space 87424K, 100% used [0x00000000e0000000, 0x00000000e5560000, 0x00000000e5560000)
  from space 21824K,   0% used [0x00000000e5560000, 0x00000000e5560000, 0x00000000e6ab0000)
  to   space 21824K,   0% used [0x00000000e6ab0000, 0x00000000e6ab0000, 0x00000000e8000000)
 concurrent mark-sweep generation total 393216K, used 0K [0x00000000e8000000, 0x0000000100000000, 0x0000000100000000)
 Metaspace       used 18064K, capacity 18366K, committed 18560K, reserved 1064960K
  class space    used 2054K, capacity 2162K, committed 2176K, reserved 1048576K
2016-11-18T20:33:00.235+0100: 1,922: [GC (Allocation Failure) 2016-11-18T20:33:00.236+0100: 1,922: [ParNew
Desired survivor size 20112992 bytes, new threshold 8 (max 8)
- age   1:   12329264 bytes,   12329264 total
: 87424K->12146K(109248K), 0,0155817 secs] 87424K->12146K(502464K), 0,0156702 secs] [Times: user=0,03 sys=0,02, real=0,01 secs] 
Heap after GC invocations=1 (full 0):
 par new generation   total 109248K, used 12146K [0x00000000e0000000, 0x00000000e8000000, 0x00000000e8000000)
  eden space 87424K,   0% used [0x00000000e0000000, 0x00000000e0000000, 0x00000000e5560000)
  from space 21824K,  55% used [0x00000000e6ab0000, 0x00000000e768c9f0, 0x00000000e8000000)
  to   space 21824K,   0% used [0x00000000e5560000, 0x00000000e5560000, 0x00000000e6ab0000)
 concurrent mark-sweep generation total 393216K, used 0K [0x00000000e8000000, 0x0000000100000000, 0x0000000100000000)
 Metaspace       used 18064K, capacity 18366K, committed 18560K, reserved 1064960K
  class space    used 2054K, capacity 2162K, committed 2176K, reserved 1048576K
}
2016-11-18T20:33:00.251+0100: 1,938: Total time for which application threads were stopped: 0,0158583 seconds, Stopping threads took: 0,0000180 seconds
2016-11-18T20:33:00.401+0100: 2,088: Total time for which application threads were stopped: 0,0003162 seconds, Stopping threads took: 0,0000406 seconds
2016-11-18T20:33:00.438+0100: 2,124: Total time for which application threads were stopped: 0,0003307 seconds, Stopping threads took: 0,0000445 seconds
2016-11-18T20:33:00.460+0100: 2,146: Total time for which application threads were stopped: 0,0002569 seconds, Stopping threads took: 0,0000213 seconds
{Heap before GC invocations=1 (full 0):
 par new generation   total 109248K, used 99570K [0x00000000e0000000, 0x00000000e8000000, 0x00000000e8000000)
  eden space 87424K, 100% used [0x00000000e0000000, 0x00000000e5560000, 0x00000000e5560000)
  from space 21824K,  55% used [0x00000000e6ab0000, 0x00000000e768c9f0, 0x00000000e8000000)
  to   space 21824K,   0% used [0x00000000e5560000, 0x00000000e5560000, 0x00000000e6ab0000)
 concurrent mark-sweep generation total 393216K, used 0K [0x00000000e8000000, 0x0000000100000000, 0x0000000100000000)
 Metaspace       used 20711K, capacity 21020K, committed 21248K, reserved 1069056K
  class space    used 2404K, capacity 2518K, committed 2560K, reserved 1048576K
2016-11-18T20:33:00.639+0100: 2,325: [GC (Allocation Failure) 2016-11-18T20:33:00.639+0100: 2,325: [ParNew
Desired survivor size 20112992 bytes, new threshold 8 (max 8)
- age   1:    2901224 bytes,    2901224 total
- age   2:    6101136 bytes,    9002360 total
: 99570K->11218K(109248K), 0,0169501 secs] 99570K->11218K(502464K), 0,0170301 secs] [Times: user=0,05 sys=0,01, real=0,02 secs] 
Heap after GC invocations=2 (full 0):
 par new generation   total 109248K, used 11218K [0x00000000e0000000, 0x00000000e8000000, 0x00000000e8000000)
  eden space 87424K,   0% used [0x00000000e0000000, 0x00000000e0000000, 0x00000000e5560000)
  from space 21824K,  51% used [0x00000000e5560000, 0x00000000e60548e0, 0x00000000e6ab0000)
  to   space 21824K,   0% used [0x00000000e6ab0000, 0x00000000e6ab0000, 0x00000000e8000000)
 concurrent mark-sweep generation total 393216K, used 0K [0x00000000e8000000, 0x0000000100000000, 0x0000000100000000)
 Metaspace       used 20711K, capacity 21020K, committed 21248K, reserved 1069056K
  class space    used 2404K, capacity 2518K, committed 2560K, reserved 1048576K
}
2016-11-18T20:33:00.656+0100: 2,342: Total time for which application threads were stopped: 0,0172647 seconds, Stopping threads took: 0,0000222 seconds
2016-11-18T20:33:00.720+0100: 2,407: Total time for which application threads were stopped: 0,0000866 seconds, Stopping threads took: 0,0000222 seconds
2016-11-18T20:33:00.752+0100: 2,439: Total time for which application threads were stopped: 0,0002744 seconds, Stopping threads took: 0,0000179 seconds
2016-11-18T20:33:00.757+0100: 2,444: Total time for which application threads were stopped: 0,0001282 seconds, Stopping threads took: 0,0000613 seconds
2016-11-18T20:33:00.781+0100: 2,467: Total time for which application threads were stopped: 0,0000836 seconds, Stopping threads took: 0,0000209 seconds
2016-11-18T20:33:00.861+0100: 2,547: Total time for which application threads were stopped: 0,0001577 seconds, Stopping threads took: 0,0000266 seconds
2016-11-18T20:33:00.884+0100: 2,570: Total time for which application threads were stopped: 0,0000886 seconds, Stopping threads took: 0,0000244 seconds
2016-11-18T20:33:00.892+0100: 2,578: Total time for which application threads were stopped: 0,0002777 seconds, Stopping threads took: 0,0000144 seconds
2016-11-18T20:33:00.899+0100: 2,586: Total time for which application threads were stopped: 0,0002697 seconds, Stopping threads took: 0,0000230 seconds
2016-11-18T20:33:00.906+0100: 2,593: Total time for which application threads were stopped: 0,0001549 seconds, Stopping threads took: 0,0000929 seconds
2016-11-18T20:33:00.938+0100: 2,625: Total time for which application threads were stopped: 0,0000942 seconds, Stopping threads took: 0,0000236 seconds
2016-11-18T20:33:00.957+0100: 2,644: Total time for which application threads were stopped: 0,0000821 seconds, Stopping threads took: 0,0000181 seconds
2016-11-18T20:33:00.979+0100: 2,665: Total time for which application threads were stopped: 0,0000859 seconds, Stopping threads took: 0,0000182 seconds
2016-11-18T20:33:01.001+0100: 2,688: Total time for which application threads were stopped: 0,0000967 seconds, Stopping threads took: 0,0000267 seconds
2016-11-18T20:33:01.038+0100: 2,725: Total time for which application threads were stopped: 0,0001313 seconds, Stopping threads took: 0,0000292 seconds
2016-11-18T20:33:01.101+0100: 2,787: Total time for which application threads were stopped: 0,0001173 seconds, Stopping threads took: 0,0000371 seconds
2016-11-18T20:33:01.140+0100: 2,826: Total time for which application threads were stopped: 0,0000945 seconds, Stopping threads took: 0,0000222 seconds
{Heap before GC invocations=2 (full 0):
 par new generation   total 109248K, used 98642K [0x00000000e0000000, 0x00000000e8000000, 0x00000000e8000000)
  eden space 87424K, 100% used [0x00000000e0000000, 0x00000000e5560000, 0x00000000e5560000)
  from space 21824K,  51% used [0x00000000e5560000, 0x00000000e60548e0, 0x00000000e6ab0000)
  to   space 21824K,   0% used [0x00000000e6ab0000, 0x00000000e6ab0000, 0x00000000e8000000)
 concurrent mark-sweep generation total 393216K, used 0K [0x00000000e8000000, 0x0000000100000000, 0x0000000100000000)
 Metaspace       used 24852K, capacity 25224K, committed 25536K, reserved 1071104K
  class space    used 2897K, capacity 3025K, committed 3092K, reserved 1048576K
2016-11-18T20:33:01.160+0100: 2,846: [GC (Allocation Failure) 2016-11-18T20:33:01.160+0100: 2,846: [ParNew
Desired survivor size 20112992 bytes, new threshold 8 (max 8)
- age   1:    6698216 bytes,    6698216 total
- age   2:     550136 bytes,    7248352 total
- age   3:    6085120 bytes,   13333472 total
: 98642K->14810K(109248K), 0,0149850 secs] 98642K->14810K(502464K), 0,0150686 secs] [Times: user=0,05 sys=0,00, real=0,02 secs] 
Heap after GC invocations=3 (full 0):
 par new generation   total 109248K, used 14810K [0x00000000e0000000, 0x00000000e8000000, 0x00000000e8000000)
  eden space 87424K,   0% used [0x00000000e0000000, 0x00000000e0000000, 0x00000000e5560000)
  from space 21824K,  67% used [0x00000000e6ab0000, 0x00000000e7926a88, 0x00000000e8000000)
  to   space 21824K,   0% used [0x00000000e5560000, 0x00000000e5560000, 0x00000000e6ab0000)
 concurrent mark-sweep generation total 393216K, used 0K [0x00000000e8000000, 0x0000000100000000, 0x0000000100000000)
 Metaspace       used 24852K, capacity 25224K, committed 25536K, reserved 1071104K
  class space    used 2897K, capacity 3025K, committed 3092K, reserved 1048576K
}
2016-11-18T20:33:01.175+0100: 2,861: Total time for which application threads were stopped: 0,0152394 seconds, Stopping threads took: 0,0000414 seconds
2016-11-18T20:33:01.175+0100: 2,862: [GC (CMS Initial Mark) [1 CMS-initial-mark: 0K(393216K)] 14826K(502464K), 0,0034564 secs] [Times: user=0,01 sys=0,00, real=0,00 secs] 
2016-11-18T20:33:01.179+0100: 2,865: Total time for which application threads were stopped: 0,0037153 seconds, Stopping threads took: 0,0001758 seconds
2016-11-18T20:33:01.179+0100: 2,865: [CMS-concurrent-mark-start]
2016-11-18T20:33:01.183+0100: 2,869: [CMS-concurrent-mark: 0,004/0,004 secs] [Times: user=0,01 sys=0,00, real=0,01 secs] 
2016-11-18T20:33:01.183+0100: 2,869: [CMS-concurrent-preclean-start]
2016-11-18T20:33:01.184+0100: 2,871: [CMS-concurrent-preclean: 0,001/0,001 secs] [Times: user=0,01 sys=0,00, real=0,00 secs] 
2016-11-18T20:33:01.184+0100: 2,871: [GC (CMS Final Remark) [YG occupancy: 16227 K (109248 K)]2016-11-18T20:33:01.184+0100: 2,871: [Rescan (parallel) , 0,0052253 secs]2016-11-18T20:33:01.190+0100: 2,876: [weak refs processing, 0,0005030 secs]2016-11-18T20:33:01.190+0100: 2,877: [class unloading, 0,0032394 secs]2016-11-18T20:33:01.193+0100: 2,880: [scrub symbol table, 0,0033260 secs]2016-11-18T20:33:01.197+0100: 2,883: [scrub string table, 0,0003877 secs][1 CMS-remark: 0K(393216K)] 16227K(502464K), 0,0133352 secs] [Times: user=0,03 sys=0,00, real=0,01 secs] 
2016-11-18T20:33:01.198+0100: 2,884: Total time for which application threads were stopped: 0,0134519 seconds, Stopping threads took: 0,0000352 seconds
2016-11-18T20:33:01.198+0100: 2,884: [CMS-concurrent-sweep-start]
2016-11-18T20:33:01.198+0100: 2,884: [CMS-concurrent-sweep: 0,000/0,000 secs] [Times: user=0,00 sys=0,00, real=0,00 secs] 
{Heap before GC invocations=3 (full 1):
 par new generation   total 109248K, used 16227K [0x00000000e0000000, 0x00000000e8000000, 0x00000000e8000000)
  eden space 87424K,   1% used [0x00000000e0000000, 0x00000000e0162298, 0x00000000e5560000)
  from space 21824K,  67% used [0x00000000e6ab0000, 0x00000000e7926a88, 0x00000000e8000000)
  to   space 21824K,   0% used [0x00000000e5560000, 0x00000000e5560000, 0x00000000e6ab0000)
 concurrent mark-sweep generation total 393216K, used 0K [0x00000000e8000000, 0x0000000100000000, 0x0000000100000000)
 Metaspace       used 24914K, capacity 25320K, committed 25536K, reserved 1071104K
  class space    used 2903K, capacity 3057K, committed 3092K, reserved 1048576K
2016-11-18T20:33:01.198+0100: 2,884: [GC (GCLocker Initiated GC) 2016-11-18T20:33:01.198+0100: 2,884: [ParNew
Desired survivor size 20112992 bytes, new threshold 8 (max 8)
- age   1:      68072 bytes,      68072 total
- age   2:    3150712 bytes,    3218784 total
- age   3:     550040 bytes,    3768824 total
- age   4:    6082816 bytes,    9851640 total
: 16227K->14850K(109248K), 0,0109619 secs] 16227K->14850K(502464K), 0,0110037 secs] [Times: user=0,04 sys=0,00, real=0,01 secs] 
Heap after GC invocations=4 (full 1):
 par new generation   total 109248K, used 14850K [0x00000000e0000000, 0x00000000e8000000, 0x00000000e8000000)
  eden space 87424K,   0% used [0x00000000e0000000, 0x00000000e0000000, 0x00000000e5560000)
  from space 21824K,  68% used [0x00000000e5560000, 0x00000000e63e0b98, 0x00000000e6ab0000)
  to   space 21824K,   0% used [0x00000000e6ab0000, 0x00000000e6ab0000, 0x00000000e8000000)
 concurrent mark-sweep generation total 393216K, used 0K [0x00000000e8000000, 0x0000000100000000, 0x0000000100000000)
 Metaspace       used 24914K, capacity 25320K, committed 25536K, reserved 1071104K
  class space    used 2903K, capacity 3057K, committed 3092K, reserved 1048576K
}
2016-11-18T20:33:01.209+0100: 2,896: Total time for which application threads were stopped: 0,0111382 seconds, Stopping threads took: 0,0000149 seconds
2016-11-18T20:33:01.209+0100: 2,896: [CMS-concurrent-reset-start]
2016-11-18T20:33:01.211+0100: 2,897: [CMS-concurrent-reset: 0,002/0,002 secs] [Times: user=0,00 sys=0,00, real=0,00 secs] 
2016-11-18T20:33:01.263+0100: 2,950: Total time for which application threads were stopped: 0,0003961 seconds, Stopping threads took: 0,0000272 seconds
2016-11-18T20:33:02.264+0100: 3,950: Total time for which application threads were stopped: 0,0000991 seconds, Stopping threads took: 0,0000190 seconds
2016-11-18T20:33:02.363+0100: 4,049: Total time for which application threads were stopped: 0,0003214 seconds, Stopping threads took: 0,0000148 seconds
2016-11-18T20:33:30.366+0100: 32,053: Total time for which application threads were stopped: 0,0000750 seconds, Stopping threads took: 0,0000344 seconds
2016-11-18T20:35:40.379+0100: 162,066: Total time for which application threads were stopped: 0,0004317 seconds, Stopping threads took: 0,0002462 seconds
2016-11-18T20:35:45.380+0100: 167,067: Total time for which application threads were stopped: 0,0005763 seconds, Stopping threads took: 0,0001761 seconds
2016-11-18T20:35:59.382+0100: 181,068: Total time for which application threads were stopped: 0,0004337 seconds, Stopping threads took: 0,0001806 seconds
2016-11-18T20:36:55.389+0100: 237,075: Total time for which application threads were stopped: 0,0000890 seconds, Stopping threads took: 0,0000346 seconds
2016-11-18T20:37:14.391+0100: 256,077: Total time for which application threads were stopped: 0,0000628 seconds, Stopping threads took: 0,0000173 seconds
2016-11-18T20:37:19.391+0100: 261,078: Total time for which application threads were stopped: 0,0000582 seconds, Stopping threads took: 0,0000150 seconds
2016-11-18T20:37:29.392+0100: 271,079: Total time for which application threads were stopped: 0,0000739 seconds, Stopping threads took: 0,0000317 seconds
2016-11-18T20:37:34.393+0100: 276,079: Total time for which application threads were stopped: 0,0000799 seconds, Stopping threads took: 0,0000252 seconds
2016-11-18T20:37:39.393+0100: 281,080: Total time for which application threads were stopped: 0,0000820 seconds, Stopping threads took: 0,0000236 seconds
2016-11-18T20:37:40.393+0100: 282,080: Total time for which application threads were stopped: 0,0000613 seconds, Stopping threads took: 0,0000176 seconds
2016-11-18T20:37:45.394+0100: 287,081: Total time for which application threads were stopped: 0,0000607 seconds, Stopping threads took: 0,0000143 seconds
2016-11-18T20:39:29.404+0100: 391,090: Total time for which application threads were stopped: 0,0001547 seconds, Stopping threads took: 0,0000557 seconds
2016-11-18T20:56:39.506+0100: 1421,193: Total time for which application threads were stopped: 0,0000808 seconds, Stopping threads took: 0,0000311 seconds
2016-11-18T21:00:59.533+0100: 1681,219: Total time for which application threads were stopped: 0,0000801 seconds, Stopping threads took: 0,0000289 seconds
2016-11-18T21:11:39.595+0100: 2321,281: Total time for which application threads were stopped: 0,0001047 seconds, Stopping threads took: 0,0000351 seconds
2016-11-18T21:11:40.595+0100: 2322,281: Total time for which application threads were stopped: 0,0000543 seconds, Stopping threads took: 0,0000135 seconds
2016-11-18T21:14:10.608+0100: 2472,295: Total time for which application threads were stopped: 0,0000946 seconds, Stopping threads took: 0,0000413 seconds
2016-11-18T21:26:15.678+0100: 3197,365: Total time for which application threads were stopped: 0,0000748 seconds, Stopping threads took: 0,0000318 seconds
2016-11-18T21:38:14.748+0100: 3916,435: Total time for which application threads were stopped: 0,0003432 seconds, Stopping threads took: 0,0001412 seconds
2016-11-18T21:38:19.749+0100: 3921,435: Total time for which application threads were stopped: 0,0000894 seconds, Stopping threads took: 0,0000350 seconds
2016-11-18T21:39:59.760+0100: 4021,447: Total time for which application threads were stopped: 0,0000812 seconds, Stopping threads took: 0,0000362 seconds
2016-11-18T22:17:00.977+0100: 6242,663: Total time for which application threads were stopped: 0,0004680 seconds, Stopping threads took: 0,0002147 seconds
2016-11-18T22:18:05.984+0100: 6307,671: Total time for which application threads were stopped: 0,0004907 seconds, Stopping threads took: 0,0002252 seconds
2016-11-18T22:38:00.118+0100: 7501,804: Total time for which application threads were stopped: 0,0000708 seconds, Stopping threads took: 0,0000277 seconds
2016-11-18T22:38:30.122+0100: 7531,809: Total time for which application threads were stopped: 0,0001480 seconds, Stopping threads took: 0,0000564 seconds
2016-11-18T22:41:00.146+0100: 7681,833: Total time for which application threads were stopped: 0,0000739 seconds, Stopping threads took: 0,0000311 seconds
2016-11-18T23:49:31.971+0100: 11372,281: Total time for which application threads were stopped: 0,0000837 seconds, Stopping threads took: 0,0000264 seconds
2016-11-18T23:52:01.986+0100: 11522,296: Total time for which application threads were stopped: 0,0000955 seconds, Stopping threads took: 0,0000361 seconds
2016-11-18T23:52:31.989+0100: 11552,299: Total time for which application threads were stopped: 0,0000714 seconds, Stopping threads took: 0,0000309 seconds
2016-11-19T00:56:02.394+0100: 15362,705: Total time for which application threads were stopped: 0,0000774 seconds, Stopping threads took: 0,0000338 seconds
2016-11-19T00:56:32.399+0100: 15392,709: Total time for which application threads were stopped: 0,0001527 seconds, Stopping threads took: 0,0000615 seconds
2016-11-19T01:07:30.495+0100: 16050,805: Total time for which application threads were stopped: 0,0001177 seconds, Stopping threads took: 0,0000519 seconds
2016-11-19T01:07:30.611+0100: 16050,921: Total time for which application threads were stopped: 0,0001263 seconds, Stopping threads took: 0,0000203 seconds
Heap
 par new generation   total 109248K, used 58121K [0x00000000e0000000, 0x00000000e8000000, 0x00000000e8000000)
  eden space 87424K,  49% used [0x00000000e0000000, 0x00000000e2a41c60, 0x00000000e5560000)
  from space 21824K,  68% used [0x00000000e5560000, 0x00000000e63e0b98, 0x00000000e6ab0000)
  to   space 21824K,   0% used [0x00000000e6ab0000, 0x00000000e6ab0000, 0x00000000e8000000)
 concurrent mark-sweep generation total 393216K, used 0K [0x00000000e8000000, 0x0000000100000000, 0x0000000100000000)
 Metaspace       used 27217K, capacity 27662K, committed 27924K, reserved 1073152K
  class space    used 3161K, capacity 3320K, committed 3348K, reserved 1048576K
