OpenJDK 64-Bit Server VM (25.111-b14) for linux-amd64 JRE (1.8.0_111-8u111-b14-2ubuntu0.16.04.2-b14), built on Oct 27 2016 18:10:19 by "buildd" with gcc 5.4.0 20160609
Memory: 4k page, physical 7867840k(7521364k free), swap 8076284k(8076284k free)
CommandLine flags: -XX:CMSInitiatingOccupancyFraction=50 -XX:CMSMaxAbortablePrecleanTime=6000 -XX:+CMSParallelRemarkEnabled -XX:+CMSScavengeBeforeRemark -XX:ConcGCThreads=4 -XX:InitialHeapSize=536870912 -XX:MaxHeapSize=536870912 -XX:MaxTenuringThreshold=8 -XX:NewRatio=3 -XX:OldPLABSize=16 -XX:OnOutOfMemoryError=/opt/solr/bin/oom_solr.sh 8983 /var/solr/logs -XX:ParallelGCThreads=4 -XX:+ParallelRefProcEnabled -XX:PretenureSizeThreshold=67108864 -XX:+PrintGC -XX:+PrintGCApplicationStoppedTime -XX:+PrintGCDateStamps -XX:+PrintGCDetails -XX:+PrintGCTimeStamps -XX:+PrintHeapAtGC -XX:+PrintTenuringDistribution -XX:SurvivorRatio=4 -XX:TargetSurvivorRatio=90 -XX:ThreadStackSize=256 -XX:+UseCMSInitiatingOccupancyOnly -XX:+UseCompressedClassPointers -XX:+UseCompressedOops -XX:+UseConcMarkSweepGC -XX:+UseParNewGC 
2016-12-16T22:10:15.765+0100: 0,134: Total time for which application threads were stopped: 0,0000687 seconds, Stopping threads took: 0,0000092 seconds
2016-12-16T22:10:15.861+0100: 0,230: Total time for which application threads were stopped: 0,0001099 seconds, Stopping threads took: 0,0000128 seconds
2016-12-16T22:10:15.874+0100: 0,243: Total time for which application threads were stopped: 0,0000878 seconds, Stopping threads took: 0,0000162 seconds
2016-12-16T22:10:16.061+0100: 0,430: Total time for which application threads were stopped: 0,0001507 seconds, Stopping threads took: 0,0000197 seconds
2016-12-16T22:10:16.577+0100: 0,946: Total time for which application threads were stopped: 0,0003703 seconds, Stopping threads took: 0,0000630 seconds
2016-12-16T22:10:16.646+0100: 1,015: Total time for which application threads were stopped: 0,0003721 seconds, Stopping threads took: 0,0000326 seconds
2016-12-16T22:10:16.665+0100: 1,034: Total time for which application threads were stopped: 0,0008949 seconds, Stopping threads took: 0,0001329 seconds
2016-12-16T22:10:16.913+0100: 1,282: Total time for which application threads were stopped: 0,0002296 seconds, Stopping threads took: 0,0000311 seconds
2016-12-16T22:10:17.125+0100: 1,494: Total time for which application threads were stopped: 0,0002377 seconds, Stopping threads took: 0,0000228 seconds
2016-12-16T22:10:17.152+0100: 1,521: Total time for which application threads were stopped: 0,0002271 seconds, Stopping threads took: 0,0000255 seconds
2016-12-16T22:10:17.153+0100: 1,522: Total time for which application threads were stopped: 0,0001872 seconds, Stopping threads took: 0,0000252 seconds
2016-12-16T22:10:17.167+0100: 1,536: Total time for which application threads were stopped: 0,0001647 seconds, Stopping threads took: 0,0000121 seconds
2016-12-16T22:10:17.268+0100: 1,637: Total time for which application threads were stopped: 0,0002424 seconds, Stopping threads took: 0,0000349 seconds
2016-12-16T22:10:17.412+0100: 1,781: Total time for which application threads were stopped: 0,0002602 seconds, Stopping threads took: 0,0000565 seconds
{Heap before GC invocations=0 (full 0):
 par new generation   total 109248K, used 87424K [0x00000000e0000000, 0x00000000e8000000, 0x00000000e8000000)
  eden space 87424K, 100% used [0x00000000e0000000, 0x00000000e5560000, 0x00000000e5560000)
  from space 21824K,   0% used [0x00000000e5560000, 0x00000000e5560000, 0x00000000e6ab0000)
  to   space 21824K,   0% used [0x00000000e6ab0000, 0x00000000e6ab0000, 0x00000000e8000000)
 concurrent mark-sweep generation total 393216K, used 0K [0x00000000e8000000, 0x0000000100000000, 0x0000000100000000)
 Metaspace       used 17823K, capacity 18078K, committed 18304K, reserved 1064960K
  class space    used 2029K, capacity 2130K, committed 2176K, reserved 1048576K
2016-12-16T22:10:17.484+0100: 1,853: [GC (Allocation Failure) 2016-12-16T22:10:17.484+0100: 1,853: [ParNew
Desired survivor size 20112992 bytes, new threshold 8 (max 8)
- age   1:   11672928 bytes,   11672928 total
: 87424K->11506K(109248K), 0,0138823 secs] 87424K->11506K(502464K), 0,0139659 secs] [Times: user=0,05 sys=0,00, real=0,01 secs] 
Heap after GC invocations=1 (full 0):
 par new generation   total 109248K, used 11506K [0x00000000e0000000, 0x00000000e8000000, 0x00000000e8000000)
  eden space 87424K,   0% used [0x00000000e0000000, 0x00000000e0000000, 0x00000000e5560000)
  from space 21824K,  52% used [0x00000000e6ab0000, 0x00000000e75ec850, 0x00000000e8000000)
  to   space 21824K,   0% used [0x00000000e5560000, 0x00000000e5560000, 0x00000000e6ab0000)
 concurrent mark-sweep generation total 393216K, used 0K [0x00000000e8000000, 0x0000000100000000, 0x0000000100000000)
 Metaspace       used 17823K, capacity 18078K, committed 18304K, reserved 1064960K
  class space    used 2029K, capacity 2130K, committed 2176K, reserved 1048576K
}
2016-12-16T22:10:17.498+0100: 1,867: Total time for which application threads were stopped: 0,0142529 seconds, Stopping threads took: 0,0000171 seconds
2016-12-16T22:10:17.703+0100: 2,072: Total time for which application threads were stopped: 0,0003728 seconds, Stopping threads took: 0,0000391 seconds
2016-12-16T22:10:17.735+0100: 2,104: Total time for which application threads were stopped: 0,0003065 seconds, Stopping threads took: 0,0000289 seconds
2016-12-16T22:10:17.762+0100: 2,131: Total time for which application threads were stopped: 0,0003601 seconds, Stopping threads took: 0,0000560 seconds
{Heap before GC invocations=1 (full 0):
 par new generation   total 109248K, used 98930K [0x00000000e0000000, 0x00000000e8000000, 0x00000000e8000000)
  eden space 87424K, 100% used [0x00000000e0000000, 0x00000000e5560000, 0x00000000e5560000)
  from space 21824K,  52% used [0x00000000e6ab0000, 0x00000000e75ec850, 0x00000000e8000000)
  to   space 21824K,   0% used [0x00000000e5560000, 0x00000000e5560000, 0x00000000e6ab0000)
 concurrent mark-sweep generation total 393216K, used 0K [0x00000000e8000000, 0x0000000100000000, 0x0000000100000000)
 Metaspace       used 20706K, capacity 21010K, committed 21248K, reserved 1069056K
  class space    used 2402K, capacity 2516K, committed 2560K, reserved 1048576K
2016-12-16T22:10:17.924+0100: 2,293: [GC (Allocation Failure) 2016-12-16T22:10:17.924+0100: 2,293: [ParNew
Desired survivor size 20112992 bytes, new threshold 8 (max 8)
- age   1:    4002960 bytes,    4002960 total
- age   2:    5956984 bytes,    9959944 total
: 98930K->10855K(109248K), 0,0155524 secs] 98930K->10855K(502464K), 0,0156433 secs] [Times: user=0,06 sys=0,00, real=0,02 secs] 
Heap after GC invocations=2 (full 0):
 par new generation   total 109248K, used 10855K [0x00000000e0000000, 0x00000000e8000000, 0x00000000e8000000)
  eden space 87424K,   0% used [0x00000000e0000000, 0x00000000e0000000, 0x00000000e5560000)
  from space 21824K,  49% used [0x00000000e5560000, 0x00000000e5ff9c50, 0x00000000e6ab0000)
  to   space 21824K,   0% used [0x00000000e6ab0000, 0x00000000e6ab0000, 0x00000000e8000000)
 concurrent mark-sweep generation total 393216K, used 0K [0x00000000e8000000, 0x0000000100000000, 0x0000000100000000)
 Metaspace       used 20706K, capacity 21010K, committed 21248K, reserved 1069056K
  class space    used 2402K, capacity 2516K, committed 2560K, reserved 1048576K
}
2016-12-16T22:10:17.940+0100: 2,309: Total time for which application threads were stopped: 0,0159214 seconds, Stopping threads took: 0,0000737 seconds
2016-12-16T22:10:17.995+0100: 2,364: Total time for which application threads were stopped: 0,0000759 seconds, Stopping threads took: 0,0000129 seconds
2016-12-16T22:10:18.028+0100: 2,397: Total time for which application threads were stopped: 0,0000916 seconds, Stopping threads took: 0,0000224 seconds
2016-12-16T22:10:18.029+0100: 2,398: Total time for which application threads were stopped: 0,0002544 seconds, Stopping threads took: 0,0000181 seconds
2016-12-16T22:10:18.056+0100: 2,425: Total time for which application threads were stopped: 0,0000731 seconds, Stopping threads took: 0,0000161 seconds
2016-12-16T22:10:18.134+0100: 2,503: Total time for which application threads were stopped: 0,0001198 seconds, Stopping threads took: 0,0000230 seconds
2016-12-16T22:10:18.154+0100: 2,522: Total time for which application threads were stopped: 0,0000753 seconds, Stopping threads took: 0,0000201 seconds
2016-12-16T22:10:18.161+0100: 2,530: Total time for which application threads were stopped: 0,0002850 seconds, Stopping threads took: 0,0000165 seconds
2016-12-16T22:10:18.171+0100: 2,540: Total time for which application threads were stopped: 0,0003367 seconds, Stopping threads took: 0,0000299 seconds
2016-12-16T22:10:18.181+0100: 2,549: Total time for which application threads were stopped: 0,0001022 seconds, Stopping threads took: 0,0000409 seconds
2016-12-16T22:10:18.208+0100: 2,577: Total time for which application threads were stopped: 0,0000843 seconds, Stopping threads took: 0,0000228 seconds
2016-12-16T22:10:18.225+0100: 2,594: Total time for which application threads were stopped: 0,0000819 seconds, Stopping threads took: 0,0000180 seconds
2016-12-16T22:10:18.242+0100: 2,611: Total time for which application threads were stopped: 0,0000777 seconds, Stopping threads took: 0,0000131 seconds
2016-12-16T22:10:18.261+0100: 2,630: Total time for which application threads were stopped: 0,0000818 seconds, Stopping threads took: 0,0000216 seconds
2016-12-16T22:10:18.298+0100: 2,667: Total time for which application threads were stopped: 0,0001618 seconds, Stopping threads took: 0,0000437 seconds
2016-12-16T22:10:18.354+0100: 2,723: Total time for which application threads were stopped: 0,0001016 seconds, Stopping threads took: 0,0000403 seconds
{Heap before GC invocations=2 (full 0):
 par new generation   total 109248K, used 98279K [0x00000000e0000000, 0x00000000e8000000, 0x00000000e8000000)
  eden space 87424K, 100% used [0x00000000e0000000, 0x00000000e5560000, 0x00000000e5560000)
  from space 21824K,  49% used [0x00000000e5560000, 0x00000000e5ff9c50, 0x00000000e6ab0000)
  to   space 21824K,   0% used [0x00000000e6ab0000, 0x00000000e6ab0000, 0x00000000e8000000)
 concurrent mark-sweep generation total 393216K, used 0K [0x00000000e8000000, 0x0000000100000000, 0x0000000100000000)
 Metaspace       used 24614K, capacity 25029K, committed 25204K, reserved 1071104K
  class space    used 2877K, capacity 3025K, committed 3092K, reserved 1048576K
2016-12-16T22:10:18.369+0100: 2,738: [GC (Allocation Failure) 2016-12-16T22:10:18.369+0100: 2,738: [ParNew
Desired survivor size 20112992 bytes, new threshold 8 (max 8)
- age   1:    4625616 bytes,    4625616 total
- age   2:     678064 bytes,    5303680 total
- age   3:    5948744 bytes,   11252424 total
: 98279K->15931K(109248K), 0,0098518 secs] 98279K->15931K(502464K), 0,0099294 secs] [Times: user=0,04 sys=0,00, real=0,02 secs] 
Heap after GC invocations=3 (full 0):
 par new generation   total 109248K, used 15931K [0x00000000e0000000, 0x00000000e8000000, 0x00000000e8000000)
  eden space 87424K,   0% used [0x00000000e0000000, 0x00000000e0000000, 0x00000000e5560000)
  from space 21824K,  73% used [0x00000000e6ab0000, 0x00000000e7a3eee8, 0x00000000e8000000)
  to   space 21824K,   0% used [0x00000000e5560000, 0x00000000e5560000, 0x00000000e6ab0000)
 concurrent mark-sweep generation total 393216K, used 0K [0x00000000e8000000, 0x0000000100000000, 0x0000000100000000)
 Metaspace       used 24614K, capacity 25029K, committed 25204K, reserved 1071104K
  class space    used 2877K, capacity 3025K, committed 3092K, reserved 1048576K
}
2016-12-16T22:10:18.379+0100: 2,748: Total time for which application threads were stopped: 0,0101073 seconds, Stopping threads took: 0,0000576 seconds
2016-12-16T22:10:18.380+0100: 2,748: [GC (CMS Initial Mark) [1 CMS-initial-mark: 0K(393216K)] 17314K(502464K), 0,0026913 secs] [Times: user=0,01 sys=0,00, real=0,00 secs] 
2016-12-16T22:10:18.382+0100: 2,751: Total time for which application threads were stopped: 0,0028074 seconds, Stopping threads took: 0,0000381 seconds
2016-12-16T22:10:18.382+0100: 2,751: [CMS-concurrent-mark-start]
2016-12-16T22:10:18.384+0100: 2,753: [CMS-concurrent-mark: 0,002/0,002 secs] [Times: user=0,01 sys=0,00, real=0,00 secs] 
2016-12-16T22:10:18.384+0100: 2,753: [CMS-concurrent-preclean-start]
2016-12-16T22:10:18.386+0100: 2,754: [CMS-concurrent-preclean: 0,001/0,001 secs] [Times: user=0,00 sys=0,00, real=0,00 secs] 
2016-12-16T22:10:18.386+0100: 2,755: [GC (CMS Final Remark) [YG occupancy: 17751 K (109248 K)]2016-12-16T22:10:18.386+0100: 2,755: [Rescan (parallel) , 0,0040365 secs]2016-12-16T22:10:18.390+0100: 2,759: [weak refs processing, 0,0006457 secs]2016-12-16T22:10:18.390+0100: 2,759: [class unloading, 0,0031349 secs]2016-12-16T22:10:18.394+0100: 2,762: [scrub symbol table, 0,0032225 secs]2016-12-16T22:10:18.397+0100: 2,766: [scrub string table, 0,0003764 secs][1 CMS-remark: 0K(393216K)] 17751K(502464K), 0,0120673 secs] [Times: user=0,03 sys=0,00, real=0,01 secs] 
2016-12-16T22:10:18.398+0100: 2,767: Total time for which application threads were stopped: 0,0121721 seconds, Stopping threads took: 0,0000329 seconds
2016-12-16T22:10:18.398+0100: 2,767: [CMS-concurrent-sweep-start]
2016-12-16T22:10:18.398+0100: 2,767: [CMS-concurrent-sweep: 0,000/0,000 secs] [Times: user=0,00 sys=0,00, real=0,00 secs] 
{Heap before GC invocations=3 (full 1):
 par new generation   total 109248K, used 17751K [0x00000000e0000000, 0x00000000e8000000, 0x00000000e8000000)
  eden space 87424K,   2% used [0x00000000e0000000, 0x00000000e01c6ff0, 0x00000000e5560000)
  from space 21824K,  73% used [0x00000000e6ab0000, 0x00000000e7a3eee8, 0x00000000e8000000)
  to   space 21824K,   0% used [0x00000000e5560000, 0x00000000e5560000, 0x00000000e6ab0000)
 concurrent mark-sweep generation total 393216K, used 0K [0x00000000e8000000, 0x0000000100000000, 0x0000000100000000)
 Metaspace       used 24649K, capacity 25093K, committed 25280K, reserved 1071104K
  class space    used 2879K, capacity 3025K, committed 3092K, reserved 1048576K
2016-12-16T22:10:18.399+0100: 2,768: [GC (GCLocker Initiated GC) 2016-12-16T22:10:18.399+0100: 2,768: [ParNew
Desired survivor size 20112992 bytes, new threshold 8 (max 8)
- age   1:      62512 bytes,      62512 total
- age   2:    1238504 bytes,    1301016 total
- age   3:     668296 bytes,    1969312 total
- age   4:    5946816 bytes,    7916128 total
: 17751K->11193K(109248K), 0,0093544 secs] 17751K->11193K(502464K), 0,0094038 secs] [Times: user=0,03 sys=0,00, real=0,00 secs] 
Heap after GC invocations=4 (full 1):
 par new generation   total 109248K, used 11193K [0x00000000e0000000, 0x00000000e8000000, 0x00000000e8000000)
  eden space 87424K,   0% used [0x00000000e0000000, 0x00000000e0000000, 0x00000000e5560000)
  from space 21824K,  51% used [0x00000000e5560000, 0x00000000e604e7b8, 0x00000000e6ab0000)
  to   space 21824K,   0% used [0x00000000e6ab0000, 0x00000000e6ab0000, 0x00000000e8000000)
 concurrent mark-sweep generation total 393216K, used 0K [0x00000000e8000000, 0x0000000100000000, 0x0000000100000000)
 Metaspace       used 24649K, capacity 25093K, committed 25280K, reserved 1071104K
  class space    used 2879K, capacity 3025K, committed 3092K, reserved 1048576K
}
2016-12-16T22:10:18.408+0100: 2,777: Total time for which application threads were stopped: 0,0095293 seconds, Stopping threads took: 0,0000250 seconds
2016-12-16T22:10:18.408+0100: 2,777: [CMS-concurrent-reset-start]
2016-12-16T22:10:18.410+0100: 2,779: [CMS-concurrent-reset: 0,002/0,002 secs] [Times: user=0,00 sys=0,00, real=0,00 secs] 
2016-12-16T22:10:18.481+0100: 2,850: Total time for which application threads were stopped: 0,0003521 seconds, Stopping threads took: 0,0000307 seconds
2016-12-16T22:10:18.493+0100: 2,862: Total time for which application threads were stopped: 0,0003873 seconds, Stopping threads took: 0,0000304 seconds
2016-12-16T22:10:19.493+0100: 3,862: Total time for which application threads were stopped: 0,0000864 seconds, Stopping threads took: 0,0000173 seconds
2016-12-16T22:10:19.686+0100: 4,055: Total time for which application threads were stopped: 0,0002334 seconds, Stopping threads took: 0,0000148 seconds
2016-12-16T22:10:48.098+0100: 32,057: Total time for which application threads were stopped: 0,0000685 seconds, Stopping threads took: 0,0000213 seconds
2016-12-16T22:12:58.114+0100: 162,074: Total time for which application threads were stopped: 0,0000735 seconds, Stopping threads took: 0,0000317 seconds
2016-12-16T22:13:03.115+0100: 167,074: Total time for which application threads were stopped: 0,0000636 seconds, Stopping threads took: 0,0000166 seconds
2016-12-16T22:13:22.117+0100: 186,077: Total time for which application threads were stopped: 0,0000861 seconds, Stopping threads took: 0,0000342 seconds
2016-12-16T22:13:58.121+0100: 222,080: Total time for which application threads were stopped: 0,0001357 seconds, Stopping threads took: 0,0000558 seconds
2016-12-16T22:14:02.121+0100: 226,081: Total time for which application threads were stopped: 0,0000617 seconds, Stopping threads took: 0,0000170 seconds
2016-12-16T22:14:08.122+0100: 232,081: Total time for which application threads were stopped: 0,0000689 seconds, Stopping threads took: 0,0000197 seconds
2016-12-16T22:14:17.123+0100: 241,083: Total time for which application threads were stopped: 0,0000663 seconds, Stopping threads took: 0,0000163 seconds
2016-12-16T22:14:32.125+0100: 256,085: Total time for which application threads were stopped: 0,0001810 seconds, Stopping threads took: 0,0000685 seconds
2016-12-16T22:14:52.128+0100: 276,088: Total time for which application threads were stopped: 0,0001446 seconds, Stopping threads took: 0,0000563 seconds
2016-12-16T22:14:58.129+0100: 282,089: Total time for which application threads were stopped: 0,0001278 seconds, Stopping threads took: 0,0000268 seconds
2016-12-16T22:15:03.130+0100: 287,090: Total time for which application threads were stopped: 0,0000653 seconds, Stopping threads took: 0,0000165 seconds
2016-12-16T22:34:02.261+0100: 1426,221: Total time for which application threads were stopped: 0,0000760 seconds, Stopping threads took: 0,0000322 seconds
2016-12-16T22:37:43.285+0100: 1647,245: Total time for which application threads were stopped: 0,0000771 seconds, Stopping threads took: 0,0000337 seconds
2016-12-16T22:38:37.291+0100: 1701,250: Total time for which application threads were stopped: 0,0000756 seconds, Stopping threads took: 0,0000314 seconds
2016-12-16T22:48:57.368+0100: 2321,327: Total time for which application threads were stopped: 0,0000845 seconds, Stopping threads took: 0,0000355 seconds
2016-12-16T22:48:58.368+0100: 2322,327: Total time for which application threads were stopped: 0,0000715 seconds, Stopping threads took: 0,0000150 seconds
2016-12-16T23:03:33.456+0100: 3197,416: Total time for which application threads were stopped: 0,0000820 seconds, Stopping threads took: 0,0000356 seconds
2016-12-16T23:14:42.521+0100: 3866,480: Total time for which application threads were stopped: 0,0001846 seconds, Stopping threads took: 0,0000926 seconds
2016-12-16T23:17:17.533+0100: 4021,492: Total time for which application threads were stopped: 0,0000795 seconds, Stopping threads took: 0,0000321 seconds
2016-12-16T23:57:28.749+0100: 6432,708: Total time for which application threads were stopped: 0,0000729 seconds, Stopping threads took: 0,0000301 seconds
2016-12-16T23:57:53.752+0100: 6457,711: Total time for which application threads were stopped: 0,0005313 seconds, Stopping threads took: 0,0002002 seconds
2016-12-17T00:01:08.772+0100: 6652,732: Total time for which application threads were stopped: 0,0000777 seconds, Stopping threads took: 0,0000328 seconds
2016-12-17T00:15:17.872+0100: 7501,831: Total time for which application threads were stopped: 0,0001481 seconds, Stopping threads took: 0,0000561 seconds
2016-12-17T00:15:47.875+0100: 7531,835: Total time for which application threads were stopped: 0,0004295 seconds, Stopping threads took: 0,0001950 seconds
2016-12-17T00:18:17.889+0100: 7681,848: Total time for which application threads were stopped: 0,0000884 seconds, Stopping threads took: 0,0000361 seconds
2016-12-17T00:18:47.891+0100: 7711,851: Total time for which application threads were stopped: 0,0001020 seconds, Stopping threads took: 0,0000496 seconds
2016-12-17T00:22:17.912+0100: 7921,871: Total time for which application threads were stopped: 0,0006529 seconds, Stopping threads took: 0,0002804 seconds
2016-12-17T01:19:48.239+0100: 11372,198: Total time for which application threads were stopped: 0,0001353 seconds, Stopping threads took: 0,0000459 seconds
2016-12-17T01:35:23.445+0100: 12307,405: Total time for which application threads were stopped: 0,0001644 seconds, Stopping threads took: 0,0000350 seconds
Heap
 par new generation   total 109248K, used 56612K [0x00000000e0000000, 0x00000000e8000000, 0x00000000e8000000)
  eden space 87424K,  51% used [0x00000000e0000000, 0x00000000e2c5aa30, 0x00000000e5560000)
  from space 21824K,  51% used [0x00000000e5560000, 0x00000000e604e7b8, 0x00000000e6ab0000)
  to   space 21824K,   0% used [0x00000000e6ab0000, 0x00000000e6ab0000, 0x00000000e8000000)
 concurrent mark-sweep generation total 393216K, used 0K [0x00000000e8000000, 0x0000000100000000, 0x0000000100000000)
 Metaspace       used 27268K, capacity 27729K, committed 27924K, reserved 1073152K
  class space    used 3167K, capacity 3321K, committed 3348K, reserved 1048576K
