OpenJDK 64-Bit Server VM (25.131-b11) for linux-amd64 JRE (1.8.0_131-8u131-b11-0ubuntu1.16.04.2-b11), built on May  6 2017 02:45:27 by "buildd" with gcc 5.4.0 20160609
Memory: 4k page, physical 7867740k(7473692k free), swap 8076284k(8076284k free)
CommandLine flags: -XX:CMSInitiatingOccupancyFraction=50 -XX:CMSMaxAbortablePrecleanTime=6000 -XX:+CMSParallelRemarkEnabled -XX:+CMSScavengeBeforeRemark -XX:ConcGCThreads=4 -XX:InitialHeapSize=536870912 -XX:MaxHeapSize=536870912 -XX:MaxTenuringThreshold=8 -XX:NewRatio=3 -XX:OldPLABSize=16 -XX:OnOutOfMemoryError=/opt/solr/bin/oom_solr.sh 8983 /var/solr/logs -XX:ParallelGCThreads=4 -XX:+ParallelRefProcEnabled -XX:PretenureSizeThreshold=67108864 -XX:+PrintGC -XX:+PrintGCApplicationStoppedTime -XX:+PrintGCDateStamps -XX:+PrintGCDetails -XX:+PrintGCTimeStamps -XX:+PrintHeapAtGC -XX:+PrintTenuringDistribution -XX:SurvivorRatio=4 -XX:TargetSurvivorRatio=90 -XX:ThreadStackSize=256 -XX:+UseCMSInitiatingOccupancyOnly -XX:+UseCompressedClassPointers -XX:+UseCompressedOops -XX:+UseConcMarkSweepGC -XX:+UseParNewGC 
2017-07-12T14:45:21.067+0200: 0,186: Total time for which application threads were stopped: 0,0000843 seconds, Stopping threads took: 0,0000151 seconds
2017-07-12T14:45:21.164+0200: 0,283: Total time for which application threads were stopped: 0,0001165 seconds, Stopping threads took: 0,0000175 seconds
2017-07-12T14:45:21.191+0200: 0,310: Total time for which application threads were stopped: 0,0001308 seconds, Stopping threads took: 0,0000328 seconds
2017-07-12T14:45:21.491+0200: 0,610: Total time for which application threads were stopped: 0,0001342 seconds, Stopping threads took: 0,0000191 seconds
2017-07-12T14:45:21.912+0200: 1,032: Total time for which application threads were stopped: 0,0001817 seconds, Stopping threads took: 0,0000164 seconds
2017-07-12T14:45:22.046+0200: 1,165: Total time for which application threads were stopped: 0,0002086 seconds, Stopping threads took: 0,0000192 seconds
2017-07-12T14:45:22.099+0200: 1,218: Total time for which application threads were stopped: 0,0002072 seconds, Stopping threads took: 0,0000305 seconds
2017-07-12T14:45:22.436+0200: 1,555: Total time for which application threads were stopped: 0,0003266 seconds, Stopping threads took: 0,0000524 seconds
2017-07-12T14:45:22.706+0200: 1,826: Total time for which application threads were stopped: 0,0001917 seconds, Stopping threads took: 0,0000131 seconds
2017-07-12T14:45:22.735+0200: 1,854: Total time for which application threads were stopped: 0,0002085 seconds, Stopping threads took: 0,0000193 seconds
2017-07-12T14:45:22.774+0200: 1,894: Total time for which application threads were stopped: 0,0002198 seconds, Stopping threads took: 0,0000263 seconds
2017-07-12T14:45:22.775+0200: 1,894: Total time for which application threads were stopped: 0,0001667 seconds, Stopping threads took: 0,0000238 seconds
2017-07-12T14:45:22.795+0200: 1,914: Total time for which application threads were stopped: 0,0002105 seconds, Stopping threads took: 0,0000272 seconds
2017-07-12T14:45:22.869+0200: 1,988: Total time for which application threads were stopped: 0,0002114 seconds, Stopping threads took: 0,0000201 seconds
2017-07-12T14:45:23.043+0200: 2,163: Total time for which application threads were stopped: 0,0002882 seconds, Stopping threads took: 0,0000456 seconds
{Heap before GC invocations=0 (full 0):
 par new generation   total 109248K, used 87424K [0x00000000e0000000, 0x00000000e8000000, 0x00000000e8000000)
  eden space 87424K, 100% used [0x00000000e0000000, 0x00000000e5560000, 0x00000000e5560000)
  from space 21824K,   0% used [0x00000000e5560000, 0x00000000e5560000, 0x00000000e6ab0000)
  to   space 21824K,   0% used [0x00000000e6ab0000, 0x00000000e6ab0000, 0x00000000e8000000)
 concurrent mark-sweep generation total 393216K, used 0K [0x00000000e8000000, 0x0000000100000000, 0x0000000100000000)
 Metaspace       used 18011K, capacity 18336K, committed 18688K, reserved 1064960K
  class space    used 2036K, capacity 2196K, committed 2304K, reserved 1048576K
2017-07-12T14:45:23.128+0200: 2,247: [GC (Allocation Failure) 2017-07-12T14:45:23.128+0200: 2,247: [ParNew
Desired survivor size 20112992 bytes, new threshold 8 (max 8)
- age   1:   12593104 bytes,   12593104 total
: 87424K->12412K(109248K), 0,0172979 secs] 87424K->12412K(502464K), 0,0173699 secs] [Times: user=0,06 sys=0,00, real=0,01 secs] 
Heap after GC invocations=1 (full 0):
 par new generation   total 109248K, used 12412K [0x00000000e0000000, 0x00000000e8000000, 0x00000000e8000000)
  eden space 87424K,   0% used [0x00000000e0000000, 0x00000000e0000000, 0x00000000e5560000)
  from space 21824K,  56% used [0x00000000e6ab0000, 0x00000000e76cf3a8, 0x00000000e8000000)
  to   space 21824K,   0% used [0x00000000e5560000, 0x00000000e5560000, 0x00000000e6ab0000)
 concurrent mark-sweep generation total 393216K, used 0K [0x00000000e8000000, 0x0000000100000000, 0x0000000100000000)
 Metaspace       used 18011K, capacity 18336K, committed 18688K, reserved 1064960K
  class space    used 2036K, capacity 2196K, committed 2304K, reserved 1048576K
}
2017-07-12T14:45:23.145+0200: 2,264: Total time for which application threads were stopped: 0,0177017 seconds, Stopping threads took: 0,0001588 seconds
2017-07-12T14:45:23.498+0200: 2,617: Total time for which application threads were stopped: 0,0003918 seconds, Stopping threads took: 0,0000417 seconds
{Heap before GC invocations=1 (full 0):
 par new generation   total 109248K, used 99836K [0x00000000e0000000, 0x00000000e8000000, 0x00000000e8000000)
  eden space 87424K, 100% used [0x00000000e0000000, 0x00000000e5560000, 0x00000000e5560000)
  from space 21824K,  56% used [0x00000000e6ab0000, 0x00000000e76cf3a8, 0x00000000e8000000)
  to   space 21824K,   0% used [0x00000000e5560000, 0x00000000e5560000, 0x00000000e6ab0000)
 concurrent mark-sweep generation total 393216K, used 0K [0x00000000e8000000, 0x0000000100000000, 0x0000000100000000)
 Metaspace       used 20045K, capacity 20366K, committed 20736K, reserved 1067008K
  class space    used 2294K, capacity 2469K, committed 2560K, reserved 1048576K
2017-07-12T14:45:23.546+0200: 2,666: [GC (Allocation Failure) 2017-07-12T14:45:23.546+0200: 2,666: [ParNew
Desired survivor size 20112992 bytes, new threshold 8 (max 8)
- age   1:    3745320 bytes,    3745320 total
- age   2:    6663096 bytes,   10408416 total
: 99836K->15690K(109248K), 0,0146802 secs] 99836K->15690K(502464K), 0,0147590 secs] [Times: user=0,05 sys=0,00, real=0,01 secs] 
Heap after GC invocations=2 (full 0):
 par new generation   total 109248K, used 15690K [0x00000000e0000000, 0x00000000e8000000, 0x00000000e8000000)
  eden space 87424K,   0% used [0x00000000e0000000, 0x00000000e0000000, 0x00000000e5560000)
  from space 21824K,  71% used [0x00000000e5560000, 0x00000000e64b28c0, 0x00000000e6ab0000)
  to   space 21824K,   0% used [0x00000000e6ab0000, 0x00000000e6ab0000, 0x00000000e8000000)
 concurrent mark-sweep generation total 393216K, used 0K [0x00000000e8000000, 0x0000000100000000, 0x0000000100000000)
 Metaspace       used 20045K, capacity 20366K, committed 20736K, reserved 1067008K
  class space    used 2294K, capacity 2469K, committed 2560K, reserved 1048576K
}
2017-07-12T14:45:23.561+0200: 2,681: Total time for which application threads were stopped: 0,0153397 seconds, Stopping threads took: 0,0003910 seconds
2017-07-12T14:45:23.568+0200: 2,687: Total time for which application threads were stopped: 0,0003548 seconds, Stopping threads took: 0,0000539 seconds
2017-07-12T14:45:23.597+0200: 2,717: Total time for which application threads were stopped: 0,0004466 seconds, Stopping threads took: 0,0000575 seconds
2017-07-12T14:45:23.754+0200: 2,873: Total time for which application threads were stopped: 0,0027371 seconds, Stopping threads took: 0,0025925 seconds
{Heap before GC invocations=2 (full 0):
 par new generation   total 109248K, used 103114K [0x00000000e0000000, 0x00000000e8000000, 0x00000000e8000000)
  eden space 87424K, 100% used [0x00000000e0000000, 0x00000000e5560000, 0x00000000e5560000)
  from space 21824K,  71% used [0x00000000e5560000, 0x00000000e64b28c0, 0x00000000e6ab0000)
  to   space 21824K,   0% used [0x00000000e6ab0000, 0x00000000e6ab0000, 0x00000000e8000000)
 concurrent mark-sweep generation total 393216K, used 0K [0x00000000e8000000, 0x0000000100000000, 0x0000000100000000)
 Metaspace       used 21017K, capacity 21422K, committed 21628K, reserved 1069056K
  class space    used 2423K, capacity 2589K, committed 2684K, reserved 1048576K
2017-07-12T14:45:23.794+0200: 2,914: [GC (Allocation Failure) 2017-07-12T14:45:23.794+0200: 2,914: [ParNew
Desired survivor size 20112992 bytes, new threshold 8 (max 8)
- age   1:    2530376 bytes,    2530376 total
- age   2:     854824 bytes,    3385200 total
- age   3:    6659400 bytes,   10044600 total
: 103114K->12381K(109248K), 0,0294457 secs] 103114K->12381K(502464K), 0,0295402 secs] [Times: user=0,09 sys=0,00, real=0,02 secs] 
Heap after GC invocations=3 (full 0):
 par new generation   total 109248K, used 12381K [0x00000000e0000000, 0x00000000e8000000, 0x00000000e8000000)
  eden space 87424K,   0% used [0x00000000e0000000, 0x00000000e0000000, 0x00000000e5560000)
  from space 21824K,  56% used [0x00000000e6ab0000, 0x00000000e76c7620, 0x00000000e8000000)
  to   space 21824K,   0% used [0x00000000e5560000, 0x00000000e5560000, 0x00000000e6ab0000)
 concurrent mark-sweep generation total 393216K, used 0K [0x00000000e8000000, 0x0000000100000000, 0x0000000100000000)
 Metaspace       used 21017K, capacity 21422K, committed 21628K, reserved 1069056K
  class space    used 2423K, capacity 2589K, committed 2684K, reserved 1048576K
}
2017-07-12T14:45:23.824+0200: 2,944: Total time for which application threads were stopped: 0,0298050 seconds, Stopping threads took: 0,0000798 seconds
2017-07-12T14:45:23.824+0200: 2,944: [GC (CMS Initial Mark) [1 CMS-initial-mark: 0K(393216K)] 13105K(502464K), 0,0076734 secs] [Times: user=0,02 sys=0,00, real=0,01 secs] 
2017-07-12T14:45:23.832+0200: 2,951: Total time for which application threads were stopped: 0,0078041 seconds, Stopping threads took: 0,0000203 seconds
2017-07-12T14:45:23.832+0200: 2,951: [CMS-concurrent-mark-start]
2017-07-12T14:45:23.842+0200: 2,962: [CMS-concurrent-mark: 0,010/0,010 secs] [Times: user=0,04 sys=0,00, real=0,01 secs] 
2017-07-12T14:45:23.842+0200: 2,962: [CMS-concurrent-preclean-start]
2017-07-12T14:45:23.843+0200: 2,963: [CMS-concurrent-preclean: 0,001/0,001 secs] [Times: user=0,00 sys=0,00, real=0,00 secs] 
2017-07-12T14:45:23.843+0200: 2,963: [CMS-concurrent-abortable-preclean-start]
2017-07-12T14:45:23.869+0200: 2,989: Total time for which application threads were stopped: 0,0001799 seconds, Stopping threads took: 0,0000628 seconds
{Heap before GC invocations=3 (full 1):
 par new generation   total 109248K, used 99805K [0x00000000e0000000, 0x00000000e8000000, 0x00000000e8000000)
  eden space 87424K, 100% used [0x00000000e0000000, 0x00000000e5560000, 0x00000000e5560000)
  from space 21824K,  56% used [0x00000000e6ab0000, 0x00000000e76c7620, 0x00000000e8000000)
  to   space 21824K,   0% used [0x00000000e5560000, 0x00000000e5560000, 0x00000000e6ab0000)
 concurrent mark-sweep generation total 393216K, used 0K [0x00000000e8000000, 0x0000000100000000, 0x0000000100000000)
 Metaspace       used 21273K, capacity 21646K, committed 21884K, reserved 1069056K
  class space    used 2449K, capacity 2606K, committed 2684K, reserved 1048576K
2017-07-12T14:45:23.933+0200: 3,053: [GC (Allocation Failure) 2017-07-12T14:45:23.933+0200: 3,053: [ParNew
Desired survivor size 20112992 bytes, new threshold 8 (max 8)
- age   1:     638648 bytes,     638648 total
- age   2:    1455352 bytes,    2094000 total
- age   3:     823384 bytes,    2917384 total
- age   4:    6659504 bytes,    9576888 total
: 99805K->12723K(109248K), 0,0089608 secs] 99805K->12723K(502464K), 0,0090206 secs] [Times: user=0,04 sys=0,00, real=0,01 secs] 
Heap after GC invocations=4 (full 1):
 par new generation   total 109248K, used 12723K [0x00000000e0000000, 0x00000000e8000000, 0x00000000e8000000)
  eden space 87424K,   0% used [0x00000000e0000000, 0x00000000e0000000, 0x00000000e5560000)
  from space 21824K,  58% used [0x00000000e5560000, 0x00000000e61ccf00, 0x00000000e6ab0000)
  to   space 21824K,   0% used [0x00000000e6ab0000, 0x00000000e6ab0000, 0x00000000e8000000)
 concurrent mark-sweep generation total 393216K, used 0K [0x00000000e8000000, 0x0000000100000000, 0x0000000100000000)
 Metaspace       used 21273K, capacity 21646K, committed 21884K, reserved 1069056K
  class space    used 2449K, capacity 2606K, committed 2684K, reserved 1048576K
}
2017-07-12T14:45:23.942+0200: 3,062: Total time for which application threads were stopped: 0,0135314 seconds, Stopping threads took: 0,0043607 seconds
{Heap before GC invocations=4 (full 1):
 par new generation   total 109248K, used 100147K [0x00000000e0000000, 0x00000000e8000000, 0x00000000e8000000)
  eden space 87424K, 100% used [0x00000000e0000000, 0x00000000e5560000, 0x00000000e5560000)
  from space 21824K,  58% used [0x00000000e5560000, 0x00000000e61ccf00, 0x00000000e6ab0000)
  to   space 21824K,   0% used [0x00000000e6ab0000, 0x00000000e6ab0000, 0x00000000e8000000)
 concurrent mark-sweep generation total 393216K, used 0K [0x00000000e8000000, 0x0000000100000000, 0x0000000100000000)
 Metaspace       used 21468K, capacity 21818K, committed 21884K, reserved 1069056K
  class space    used 2472K, capacity 2640K, committed 2684K, reserved 1048576K
2017-07-12T14:45:24.041+0200: 3,161: [GC (Allocation Failure) 2017-07-12T14:45:24.041+0200: 3,161: [ParNew
Desired survivor size 20112992 bytes, new threshold 8 (max 8)
- age   1:     716480 bytes,     716480 total
- age   2:     181424 bytes,     897904 total
- age   3:    1454552 bytes,    2352456 total
- age   4:     821368 bytes,    3173824 total
- age   5:    6659384 bytes,    9833208 total
: 100147K->12662K(109248K), 0,0126947 secs] 100147K->12662K(502464K), 0,0127650 secs] [Times: user=0,05 sys=0,00, real=0,02 secs] 
Heap after GC invocations=5 (full 1):
 par new generation   total 109248K, used 12662K [0x00000000e0000000, 0x00000000e8000000, 0x00000000e8000000)
  eden space 87424K,   0% used [0x00000000e0000000, 0x00000000e0000000, 0x00000000e5560000)
  from space 21824K,  58% used [0x00000000e6ab0000, 0x00000000e770d9c0, 0x00000000e8000000)
  to   space 21824K,   0% used [0x00000000e5560000, 0x00000000e5560000, 0x00000000e6ab0000)
 concurrent mark-sweep generation total 393216K, used 0K [0x00000000e8000000, 0x0000000100000000, 0x0000000100000000)
 Metaspace       used 21468K, capacity 21818K, committed 21884K, reserved 1069056K
  class space    used 2472K, capacity 2640K, committed 2684K, reserved 1048576K
}
2017-07-12T14:45:24.054+0200: 3,173: Total time for which application threads were stopped: 0,0129857 seconds, Stopping threads took: 0,0000797 seconds
2017-07-12T14:45:24.054+0200: 3,173: [CMS-concurrent-abortable-preclean: 0,146/0,211 secs] [Times: user=0,76 sys=0,01, real=0,22 secs] 
2017-07-12T14:45:24.054+0200: 3,174: [GC (CMS Final Remark) [YG occupancy: 13312 K (109248 K)]{Heap before GC invocations=5 (full 1):
 par new generation   total 109248K, used 13312K [0x00000000e0000000, 0x00000000e8000000, 0x00000000e8000000)
  eden space 87424K,   0% used [0x00000000e0000000, 0x00000000e00a2680, 0x00000000e5560000)
  from space 21824K,  58% used [0x00000000e6ab0000, 0x00000000e770d9c0, 0x00000000e8000000)
  to   space 21824K,   0% used [0x00000000e5560000, 0x00000000e5560000, 0x00000000e6ab0000)
 concurrent mark-sweep generation total 393216K, used 0K [0x00000000e8000000, 0x0000000100000000, 0x0000000100000000)
 Metaspace       used 21468K, capacity 21818K, committed 21884K, reserved 1069056K
  class space    used 2472K, capacity 2640K, committed 2684K, reserved 1048576K
2017-07-12T14:45:24.054+0200: 3,174: [GC (CMS Final Remark) 2017-07-12T14:45:24.054+0200: 3,174: [ParNew
Desired survivor size 20112992 bytes, new threshold 8 (max 8)
- age   1:      89296 bytes,      89296 total
- age   2:     513000 bytes,     602296 total
- age   3:     181424 bytes,     783720 total
- age   4:    1454744 bytes,    2238464 total
- age   5:     821392 bytes,    3059856 total
- age   6:    6659432 bytes,    9719288 total
: 13312K->11267K(109248K), 0,0092097 secs] 13312K->11267K(502464K), 0,0092511 secs] [Times: user=0,03 sys=0,00, real=0,00 secs] 
Heap after GC invocations=6 (full 1):
 par new generation   total 109248K, used 11267K [0x00000000e0000000, 0x00000000e8000000, 0x00000000e8000000)
  eden space 87424K,   0% used [0x00000000e0000000, 0x00000000e0000000, 0x00000000e5560000)
  from space 21824K,  51% used [0x00000000e5560000, 0x00000000e6060fb8, 0x00000000e6ab0000)
  to   space 21824K,   0% used [0x00000000e6ab0000, 0x00000000e6ab0000, 0x00000000e8000000)
 concurrent mark-sweep generation total 393216K, used 0K [0x00000000e8000000, 0x0000000100000000, 0x0000000100000000)
 Metaspace       used 21468K, capacity 21818K, committed 21884K, reserved 1069056K
  class space    used 2472K, capacity 2640K, committed 2684K, reserved 1048576K
}
2017-07-12T14:45:24.063+0200: 3,183: [Rescan (parallel) , 0,0032450 secs]2017-07-12T14:45:24.067+0200: 3,186: [weak refs processing, 0,0012452 secs]2017-07-12T14:45:24.068+0200: 3,188: [class unloading, 0,0028844 secs]2017-07-12T14:45:24.071+0200: 3,190: [scrub symbol table, 0,0025386 secs]2017-07-12T14:45:24.073+0200: 3,193: [scrub string table, 0,0003752 secs][1 CMS-remark: 0K(393216K)] 11267K(502464K), 0,0202248 secs] [Times: user=0,05 sys=0,00, real=0,02 secs] 
2017-07-12T14:45:24.074+0200: 3,194: Total time for which application threads were stopped: 0,0203487 seconds, Stopping threads took: 0,0000502 seconds
2017-07-12T14:45:24.074+0200: 3,194: [CMS-concurrent-sweep-start]
2017-07-12T14:45:24.074+0200: 3,194: [CMS-concurrent-sweep: 0,000/0,000 secs] [Times: user=0,00 sys=0,00, real=0,00 secs] 
2017-07-12T14:45:24.074+0200: 3,194: [CMS-concurrent-reset-start]
2017-07-12T14:45:24.076+0200: 3,196: [CMS-concurrent-reset: 0,002/0,002 secs] [Times: user=0,01 sys=0,00, real=0,00 secs] 
2017-07-12T14:45:24.100+0200: 3,220: Total time for which application threads were stopped: 0,0003237 seconds, Stopping threads took: 0,0000400 seconds
2017-07-12T14:45:24.339+0200: 3,458: Total time for which application threads were stopped: 0,0004930 seconds, Stopping threads took: 0,0000476 seconds
2017-07-12T14:45:24.357+0200: 3,477: Total time for which application threads were stopped: 0,0004687 seconds, Stopping threads took: 0,0000475 seconds
{Heap before GC invocations=6 (full 1):
 par new generation   total 109248K, used 98691K [0x00000000e0000000, 0x00000000e8000000, 0x00000000e8000000)
  eden space 87424K, 100% used [0x00000000e0000000, 0x00000000e5560000, 0x00000000e5560000)
  from space 21824K,  51% used [0x00000000e5560000, 0x00000000e6060fb8, 0x00000000e6ab0000)
  to   space 21824K,   0% used [0x00000000e6ab0000, 0x00000000e6ab0000, 0x00000000e8000000)
 concurrent mark-sweep generation total 393216K, used 0K [0x00000000e8000000, 0x0000000100000000, 0x0000000100000000)
 Metaspace       used 23903K, capacity 24348K, committed 24572K, reserved 1071104K
  class space    used 2816K, capacity 3015K, committed 3068K, reserved 1048576K
2017-07-12T14:45:24.523+0200: 3,642: [GC (Allocation Failure) 2017-07-12T14:45:24.523+0200: 3,642: [ParNew
Desired survivor size 20112992 bytes, new threshold 8 (max 8)
- age   1:    5159936 bytes,    5159936 total
- age   3:     132464 bytes,    5292400 total
- age   4:     180336 bytes,    5472736 total
- age   5:     284928 bytes,    5757664 total
- age   6:     795104 bytes,    6552768 total
- age   7:    6651152 bytes,   13203920 total
: 98691K->16740K(109248K), 0,0453076 secs] 98691K->16740K(502464K), 0,0453811 secs] [Times: user=0,07 sys=0,00, real=0,05 secs] 
Heap after GC invocations=7 (full 1):
 par new generation   total 109248K, used 16740K [0x00000000e0000000, 0x00000000e8000000, 0x00000000e8000000)
  eden space 87424K,   0% used [0x00000000e0000000, 0x00000000e0000000, 0x00000000e5560000)
  from space 21824K,  76% used [0x00000000e6ab0000, 0x00000000e7b09380, 0x00000000e8000000)
  to   space 21824K,   0% used [0x00000000e5560000, 0x00000000e5560000, 0x00000000e6ab0000)
 concurrent mark-sweep generation total 393216K, used 0K [0x00000000e8000000, 0x0000000100000000, 0x0000000100000000)
 Metaspace       used 23903K, capacity 24348K, committed 24572K, reserved 1071104K
  class space    used 2816K, capacity 3015K, committed 3068K, reserved 1048576K
}
2017-07-12T14:45:24.568+0200: 3,688: Total time for which application threads were stopped: 0,0457710 seconds, Stopping threads took: 0,0001060 seconds
{Heap before GC invocations=7 (full 1):
 par new generation   total 109248K, used 104164K [0x00000000e0000000, 0x00000000e8000000, 0x00000000e8000000)
  eden space 87424K, 100% used [0x00000000e0000000, 0x00000000e5560000, 0x00000000e5560000)
  from space 21824K,  76% used [0x00000000e6ab0000, 0x00000000e7b09380, 0x00000000e8000000)
  to   space 21824K,   0% used [0x00000000e5560000, 0x00000000e5560000, 0x00000000e6ab0000)
 concurrent mark-sweep generation total 393216K, used 0K [0x00000000e8000000, 0x0000000100000000, 0x0000000100000000)
 Metaspace       used 24349K, capacity 24834K, committed 25084K, reserved 1071104K
  class space    used 2856K, capacity 3048K, committed 3068K, reserved 1048576K
2017-07-12T14:45:24.706+0200: 3,825: [GC (Allocation Failure) 2017-07-12T14:45:24.706+0200: 3,825: [ParNew
Desired survivor size 20112992 bytes, new threshold 8 (max 8)
- age   1:    1477736 bytes,    1477736 total
- age   2:    1769256 bytes,    3246992 total
- age   4:      70632 bytes,    3317624 total
- age   5:     105992 bytes,    3423616 total
- age   6:     187112 bytes,    3610728 total
- age   7:     752904 bytes,    4363632 total
- age   8:    6117984 bytes,   10481616 total
: 104164K->13856K(109248K), 0,0524609 secs] 104164K->13856K(502464K), 0,0525406 secs] [Times: user=0,12 sys=0,00, real=0,05 secs] 
Heap after GC invocations=8 (full 1):
 par new generation   total 109248K, used 13856K [0x00000000e0000000, 0x00000000e8000000, 0x00000000e8000000)
  eden space 87424K,   0% used [0x00000000e0000000, 0x00000000e0000000, 0x00000000e5560000)
  from space 21824K,  63% used [0x00000000e5560000, 0x00000000e62e8040, 0x00000000e6ab0000)
  to   space 21824K,   0% used [0x00000000e6ab0000, 0x00000000e6ab0000, 0x00000000e8000000)
 concurrent mark-sweep generation total 393216K, used 0K [0x00000000e8000000, 0x0000000100000000, 0x0000000100000000)
 Metaspace       used 24349K, capacity 24834K, committed 25084K, reserved 1071104K
  class space    used 2856K, capacity 3048K, committed 3068K, reserved 1048576K
}
2017-07-12T14:45:24.758+0200: 3,878: Total time for which application threads were stopped: 0,0607083 seconds, Stopping threads took: 0,0079521 seconds
{Heap before GC invocations=8 (full 1):
 par new generation   total 109248K, used 101280K [0x00000000e0000000, 0x00000000e8000000, 0x00000000e8000000)
  eden space 87424K, 100% used [0x00000000e0000000, 0x00000000e5560000, 0x00000000e5560000)
  from space 21824K,  63% used [0x00000000e5560000, 0x00000000e62e8040, 0x00000000e6ab0000)
  to   space 21824K,   0% used [0x00000000e6ab0000, 0x00000000e6ab0000, 0x00000000e8000000)
 concurrent mark-sweep generation total 393216K, used 0K [0x00000000e8000000, 0x0000000100000000, 0x0000000100000000)
 Metaspace       used 24505K, capacity 24988K, committed 25084K, reserved 1071104K
  class space    used 2866K, capacity 3053K, committed 3068K, reserved 1048576K
2017-07-12T14:45:24.834+0200: 3,953: [GC (Allocation Failure) 2017-07-12T14:45:24.834+0200: 3,953: [ParNew
Desired survivor size 20112992 bytes, new threshold 8 (max 8)
- age   1:     454608 bytes,     454608 total
- age   2:     978960 bytes,    1433568 total
- age   3:    1746992 bytes,    3180560 total
- age   5:      70600 bytes,    3251160 total
- age   6:     105856 bytes,    3357016 total
- age   7:     184280 bytes,    3541296 total
- age   8:     752136 bytes,    4293432 total
: 101280K->6963K(109248K), 0,0347006 secs] 101280K->13019K(502464K), 0,0347843 secs] [Times: user=0,10 sys=0,01, real=0,03 secs] 
Heap after GC invocations=9 (full 1):
 par new generation   total 109248K, used 6963K [0x00000000e0000000, 0x00000000e8000000, 0x00000000e8000000)
  eden space 87424K,   0% used [0x00000000e0000000, 0x00000000e0000000, 0x00000000e5560000)
  from space 21824K,  31% used [0x00000000e6ab0000, 0x00000000e717cc80, 0x00000000e8000000)
  to   space 21824K,   0% used [0x00000000e5560000, 0x00000000e5560000, 0x00000000e6ab0000)
 concurrent mark-sweep generation total 393216K, used 6056K [0x00000000e8000000, 0x0000000100000000, 0x0000000100000000)
 Metaspace       used 24505K, capacity 24988K, committed 25084K, reserved 1071104K
  class space    used 2866K, capacity 3053K, committed 3068K, reserved 1048576K
}
2017-07-12T14:45:24.869+0200: 3,988: Total time for which application threads were stopped: 0,0350622 seconds, Stopping threads took: 0,0000971 seconds
2017-07-12T14:45:24.950+0200: 4,070: Total time for which application threads were stopped: 0,0045729 seconds, Stopping threads took: 0,0041743 seconds
2017-07-12T14:45:25.100+0200: 4,219: Total time for which application threads were stopped: 0,0021601 seconds, Stopping threads took: 0,0020546 seconds
2017-07-12T14:45:25.100+0200: 4,220: Total time for which application threads were stopped: 0,0001886 seconds, Stopping threads took: 0,0000753 seconds
2017-07-12T14:45:25.101+0200: 4,221: Total time for which application threads were stopped: 0,0001508 seconds, Stopping threads took: 0,0000252 seconds
2017-07-12T14:45:25.103+0200: 4,222: Total time for which application threads were stopped: 0,0002092 seconds, Stopping threads took: 0,0001302 seconds
2017-07-12T14:45:25.108+0200: 4,228: Total time for which application threads were stopped: 0,0001817 seconds, Stopping threads took: 0,0000477 seconds
2017-07-12T14:45:25.110+0200: 4,229: Total time for which application threads were stopped: 0,0001498 seconds, Stopping threads took: 0,0000377 seconds
2017-07-12T14:45:25.114+0200: 4,234: Total time for which application threads were stopped: 0,0001426 seconds, Stopping threads took: 0,0000233 seconds
2017-07-12T14:45:25.114+0200: 4,234: Total time for which application threads were stopped: 0,0001038 seconds, Stopping threads took: 0,0000316 seconds
2017-07-12T14:45:25.118+0200: 4,237: Total time for which application threads were stopped: 0,0030943 seconds, Stopping threads took: 0,0029214 seconds
2017-07-12T14:45:25.118+0200: 4,238: Total time for which application threads were stopped: 0,0001142 seconds, Stopping threads took: 0,0000425 seconds
2017-07-12T14:45:25.119+0200: 4,239: Total time for which application threads were stopped: 0,0009068 seconds, Stopping threads took: 0,0008271 seconds
2017-07-12T14:45:25.119+0200: 4,239: Total time for which application threads were stopped: 0,0000850 seconds, Stopping threads took: 0,0000260 seconds
2017-07-12T14:45:25.130+0200: 4,249: Total time for which application threads were stopped: 0,0002086 seconds, Stopping threads took: 0,0000999 seconds
2017-07-12T14:45:25.130+0200: 4,249: Total time for which application threads were stopped: 0,0000762 seconds, Stopping threads took: 0,0000107 seconds
2017-07-12T14:45:25.130+0200: 4,250: Total time for which application threads were stopped: 0,0000772 seconds, Stopping threads took: 0,0000087 seconds
2017-07-12T14:45:25.130+0200: 4,250: Total time for which application threads were stopped: 0,0000664 seconds, Stopping threads took: 0,0000106 seconds
2017-07-12T14:45:25.130+0200: 4,250: Total time for which application threads were stopped: 0,0000675 seconds, Stopping threads took: 0,0000087 seconds
2017-07-12T14:45:25.130+0200: 4,250: Total time for which application threads were stopped: 0,0000605 seconds, Stopping threads took: 0,0000070 seconds
2017-07-12T14:45:25.131+0200: 4,250: Total time for which application threads were stopped: 0,0000653 seconds, Stopping threads took: 0,0000090 seconds
2017-07-12T14:45:25.131+0200: 4,250: Total time for which application threads were stopped: 0,0000657 seconds, Stopping threads took: 0,0000082 seconds
2017-07-12T14:45:25.131+0200: 4,251: Total time for which application threads were stopped: 0,0000607 seconds, Stopping threads took: 0,0000074 seconds
2017-07-12T14:45:25.133+0200: 4,252: Total time for which application threads were stopped: 0,0001176 seconds, Stopping threads took: 0,0000259 seconds
2017-07-12T14:45:25.133+0200: 4,252: Total time for which application threads were stopped: 0,0000907 seconds, Stopping threads took: 0,0000485 seconds
2017-07-12T14:45:25.133+0200: 4,253: Total time for which application threads were stopped: 0,0001396 seconds, Stopping threads took: 0,0000281 seconds
2017-07-12T14:45:25.138+0200: 4,257: Total time for which application threads were stopped: 0,0013313 seconds, Stopping threads took: 0,0010554 seconds
2017-07-12T14:45:25.142+0200: 4,262: Total time for which application threads were stopped: 0,0001464 seconds, Stopping threads took: 0,0000411 seconds
2017-07-12T14:45:25.142+0200: 4,262: Total time for which application threads were stopped: 0,0000970 seconds, Stopping threads took: 0,0000275 seconds
2017-07-12T14:45:25.143+0200: 4,262: Total time for which application threads were stopped: 0,0001090 seconds, Stopping threads took: 0,0000290 seconds
2017-07-12T14:45:25.146+0200: 4,265: Total time for which application threads were stopped: 0,0001588 seconds, Stopping threads took: 0,0000295 seconds
2017-07-12T14:45:25.146+0200: 4,266: Total time for which application threads were stopped: 0,0001121 seconds, Stopping threads took: 0,0000221 seconds
2017-07-12T14:45:25.146+0200: 4,266: Total time for which application threads were stopped: 0,0001126 seconds, Stopping threads took: 0,0000242 seconds
2017-07-12T14:45:25.153+0200: 4,272: Total time for which application threads were stopped: 0,0035388 seconds, Stopping threads took: 0,0031926 seconds
2017-07-12T14:45:25.153+0200: 4,273: Total time for which application threads were stopped: 0,0001223 seconds, Stopping threads took: 0,0000267 seconds
2017-07-12T14:45:25.153+0200: 4,273: Total time for which application threads were stopped: 0,0001007 seconds, Stopping threads took: 0,0000186 seconds
2017-07-12T14:45:25.154+0200: 4,273: Total time for which application threads were stopped: 0,0000929 seconds, Stopping threads took: 0,0000194 seconds
2017-07-12T14:45:25.154+0200: 4,273: Total time for which application threads were stopped: 0,0000850 seconds, Stopping threads took: 0,0000166 seconds
2017-07-12T14:45:25.154+0200: 4,273: Total time for which application threads were stopped: 0,0000852 seconds, Stopping threads took: 0,0000185 seconds
2017-07-12T14:45:25.154+0200: 4,274: Total time for which application threads were stopped: 0,0000990 seconds, Stopping threads took: 0,0000236 seconds
2017-07-12T14:45:25.154+0200: 4,274: Total time for which application threads were stopped: 0,0000895 seconds, Stopping threads took: 0,0000202 seconds
2017-07-12T14:45:25.155+0200: 4,274: Total time for which application threads were stopped: 0,0000833 seconds, Stopping threads took: 0,0000167 seconds
2017-07-12T14:45:25.155+0200: 4,274: Total time for which application threads were stopped: 0,0000799 seconds, Stopping threads took: 0,0000145 seconds
2017-07-12T14:45:25.155+0200: 4,274: Total time for which application threads were stopped: 0,0000822 seconds, Stopping threads took: 0,0000154 seconds
2017-07-12T14:45:25.155+0200: 4,275: Total time for which application threads were stopped: 0,0000983 seconds, Stopping threads took: 0,0000192 seconds
2017-07-12T14:45:25.155+0200: 4,275: Total time for which application threads were stopped: 0,0000803 seconds, Stopping threads took: 0,0000155 seconds
2017-07-12T14:45:25.156+0200: 4,275: Total time for which application threads were stopped: 0,0001783 seconds, Stopping threads took: 0,0000181 seconds
2017-07-12T14:45:25.159+0200: 4,279: Total time for which application threads were stopped: 0,0021587 seconds, Stopping threads took: 0,0000278 seconds
2017-07-12T14:45:25.159+0200: 4,279: Total time for which application threads were stopped: 0,0001235 seconds, Stopping threads took: 0,0000197 seconds
2017-07-12T14:45:25.160+0200: 4,279: Total time for which application threads were stopped: 0,0001622 seconds, Stopping threads took: 0,0000165 seconds
2017-07-12T14:45:25.168+0200: 4,287: Total time for which application threads were stopped: 0,0001697 seconds, Stopping threads took: 0,0000243 seconds
2017-07-12T14:45:25.168+0200: 4,287: Total time for which application threads were stopped: 0,0001140 seconds, Stopping threads took: 0,0000246 seconds
2017-07-12T14:45:25.168+0200: 4,287: Total time for which application threads were stopped: 0,0000921 seconds, Stopping threads took: 0,0000187 seconds
2017-07-12T14:45:25.175+0200: 4,295: Total time for which application threads were stopped: 0,0010071 seconds, Stopping threads took: 0,0009081 seconds
2017-07-12T14:45:25.180+0200: 4,300: Total time for which application threads were stopped: 0,0001509 seconds, Stopping threads took: 0,0000265 seconds
2017-07-12T14:45:25.181+0200: 4,300: Total time for which application threads were stopped: 0,0000980 seconds, Stopping threads took: 0,0000223 seconds
2017-07-12T14:45:25.181+0200: 4,300: Total time for which application threads were stopped: 0,0000931 seconds, Stopping threads took: 0,0000224 seconds
2017-07-12T14:45:25.181+0200: 4,301: Total time for which application threads were stopped: 0,0000732 seconds, Stopping threads took: 0,0000282 seconds
2017-07-12T14:45:25.198+0200: 4,317: Total time for which application threads were stopped: 0,0025177 seconds, Stopping threads took: 0,0023871 seconds
2017-07-12T14:45:25.203+0200: 4,323: Total time for which application threads were stopped: 0,0017360 seconds, Stopping threads took: 0,0016236 seconds
2017-07-12T14:45:25.213+0200: 4,333: Total time for which application threads were stopped: 0,0003655 seconds, Stopping threads took: 0,0002143 seconds
2017-07-12T14:45:25.219+0200: 4,339: Total time for which application threads were stopped: 0,0001863 seconds, Stopping threads took: 0,0000326 seconds
2017-07-12T14:45:25.228+0200: 4,347: Total time for which application threads were stopped: 0,0001740 seconds, Stopping threads took: 0,0000380 seconds
2017-07-12T14:45:25.238+0200: 4,358: Total time for which application threads were stopped: 0,0001030 seconds, Stopping threads took: 0,0000272 seconds
2017-07-12T14:45:25.242+0200: 4,361: Total time for which application threads were stopped: 0,0002088 seconds, Stopping threads took: 0,0000270 seconds
2017-07-12T14:45:25.245+0200: 4,365: Total time for which application threads were stopped: 0,0001445 seconds, Stopping threads took: 0,0000451 seconds
2017-07-12T14:45:25.268+0200: 4,387: Total time for which application threads were stopped: 0,0045465 seconds, Stopping threads took: 0,0044073 seconds
2017-07-12T14:45:25.277+0200: 4,397: Total time for which application threads were stopped: 0,0002235 seconds, Stopping threads took: 0,0000484 seconds
2017-07-12T14:45:25.279+0200: 4,399: Total time for which application threads were stopped: 0,0001816 seconds, Stopping threads took: 0,0000363 seconds
2017-07-12T14:45:25.280+0200: 4,399: Total time for which application threads were stopped: 0,0001144 seconds, Stopping threads took: 0,0000206 seconds
2017-07-12T14:45:25.320+0200: 4,439: Total time for which application threads were stopped: 0,0094017 seconds, Stopping threads took: 0,0092573 seconds
2017-07-12T14:45:25.338+0200: 4,457: Total time for which application threads were stopped: 0,0001937 seconds, Stopping threads took: 0,0000439 seconds
2017-07-12T14:45:25.338+0200: 4,458: Total time for which application threads were stopped: 0,0001393 seconds, Stopping threads took: 0,0000288 seconds
2017-07-12T14:45:25.396+0200: 4,515: Total time for which application threads were stopped: 0,0095733 seconds, Stopping threads took: 0,0094080 seconds
2017-07-12T14:45:25.414+0200: 4,534: Total time for which application threads were stopped: 0,0003462 seconds, Stopping threads took: 0,0002109 seconds
2017-07-12T14:45:25.416+0200: 4,536: Total time for which application threads were stopped: 0,0001135 seconds, Stopping threads took: 0,0000386 seconds
2017-07-12T14:45:25.427+0200: 4,546: Total time for which application threads were stopped: 0,0002557 seconds, Stopping threads took: 0,0001207 seconds
2017-07-12T14:45:25.434+0200: 4,554: Total time for which application threads were stopped: 0,0034311 seconds, Stopping threads took: 0,0032833 seconds
2017-07-12T14:45:25.533+0200: 4,652: Total time for which application threads were stopped: 0,0007052 seconds, Stopping threads took: 0,0006098 seconds
2017-07-12T14:45:25.537+0200: 4,656: Total time for which application threads were stopped: 0,0001859 seconds, Stopping threads took: 0,0000908 seconds
2017-07-12T14:45:25.542+0200: 4,661: Total time for which application threads were stopped: 0,0001789 seconds, Stopping threads took: 0,0000506 seconds
2017-07-12T14:45:25.702+0200: 4,822: Total time for which application threads were stopped: 0,0056584 seconds, Stopping threads took: 0,0051242 seconds
2017-07-12T14:45:25.743+0200: 4,862: Total time for which application threads were stopped: 0,0005147 seconds, Stopping threads took: 0,0000342 seconds
2017-07-12T14:45:25.853+0200: 4,972: Total time for which application threads were stopped: 0,0019970 seconds, Stopping threads took: 0,0019013 seconds
2017-07-12T14:45:25.914+0200: 5,034: Total time for which application threads were stopped: 0,0009239 seconds, Stopping threads took: 0,0000349 seconds
2017-07-12T14:45:25.922+0200: 5,042: Total time for which application threads were stopped: 0,0001507 seconds, Stopping threads took: 0,0000799 seconds
2017-07-12T14:45:25.923+0200: 5,042: Total time for which application threads were stopped: 0,0000702 seconds, Stopping threads took: 0,0000233 seconds
2017-07-12T14:45:26.008+0200: 5,128: Total time for which application threads were stopped: 0,0001350 seconds, Stopping threads took: 0,0000436 seconds
2017-07-12T14:45:26.018+0200: 5,138: Total time for which application threads were stopped: 0,0001844 seconds, Stopping threads took: 0,0000493 seconds
2017-07-12T14:45:26.027+0200: 5,146: Total time for which application threads were stopped: 0,0001847 seconds, Stopping threads took: 0,0000749 seconds
2017-07-12T14:45:26.030+0200: 5,149: Total time for which application threads were stopped: 0,0011317 seconds, Stopping threads took: 0,0010339 seconds
2017-07-12T14:45:26.038+0200: 5,157: Total time for which application threads were stopped: 0,0028501 seconds, Stopping threads took: 0,0027348 seconds
2017-07-12T14:45:26.038+0200: 5,158: Total time for which application threads were stopped: 0,0000934 seconds, Stopping threads took: 0,0000316 seconds
2017-07-12T14:45:26.040+0200: 5,160: Total time for which application threads were stopped: 0,0001382 seconds, Stopping threads took: 0,0000342 seconds
2017-07-12T14:45:26.042+0200: 5,161: Total time for which application threads were stopped: 0,0001657 seconds, Stopping threads took: 0,0000719 seconds
2017-07-12T14:45:26.049+0200: 5,169: Total time for which application threads were stopped: 0,0001612 seconds, Stopping threads took: 0,0000374 seconds
2017-07-12T14:45:26.053+0200: 5,173: Total time for which application threads were stopped: 0,0003558 seconds, Stopping threads took: 0,0000334 seconds
2017-07-12T14:45:26.064+0200: 5,183: Total time for which application threads were stopped: 0,0002346 seconds, Stopping threads took: 0,0001196 seconds
2017-07-12T14:45:26.102+0200: 5,221: Total time for which application threads were stopped: 0,0007867 seconds, Stopping threads took: 0,0006692 seconds
2017-07-12T14:45:26.117+0200: 5,237: Total time for which application threads were stopped: 0,0005250 seconds, Stopping threads took: 0,0000540 seconds
2017-07-12T14:45:26.120+0200: 5,239: Total time for which application threads were stopped: 0,0019595 seconds, Stopping threads took: 0,0018499 seconds
2017-07-12T14:45:26.120+0200: 5,240: Total time for which application threads were stopped: 0,0001245 seconds, Stopping threads took: 0,0000496 seconds
2017-07-12T14:45:27.120+0200: 6,240: Total time for which application threads were stopped: 0,0001086 seconds, Stopping threads took: 0,0000244 seconds
2017-07-12T14:47:18.136+0200: 117,255: Total time for which application threads were stopped: 0,0002022 seconds, Stopping threads took: 0,0001039 seconds
2017-07-12T14:47:23.136+0200: 122,256: Total time for which application threads were stopped: 0,0000930 seconds, Stopping threads took: 0,0000226 seconds
{Heap before GC invocations=9 (full 1):
 par new generation   total 109248K, used 94387K [0x00000000e0000000, 0x00000000e8000000, 0x00000000e8000000)
  eden space 87424K, 100% used [0x00000000e0000000, 0x00000000e5560000, 0x00000000e5560000)
  from space 21824K,  31% used [0x00000000e6ab0000, 0x00000000e717cc80, 0x00000000e8000000)
  to   space 21824K,   0% used [0x00000000e5560000, 0x00000000e5560000, 0x00000000e6ab0000)
 concurrent mark-sweep generation total 393216K, used 6056K [0x00000000e8000000, 0x0000000100000000, 0x0000000100000000)
 Metaspace       used 28055K, capacity 28576K, committed 28796K, reserved 1075200K
  class space    used 3215K, capacity 3391K, committed 3452K, reserved 1048576K
2017-07-12T14:48:16.941+0200: 176,060: [GC (Allocation Failure) 2017-07-12T14:48:16.941+0200: 176,060: [ParNew
Desired survivor size 20112992 bytes, new threshold 8 (max 8)
- age   1:   11359768 bytes,   11359768 total
- age   2:     156952 bytes,   11516720 total
- age   3:     199304 bytes,   11716024 total
- age   4:    1740744 bytes,   13456768 total
- age   6:      70568 bytes,   13527336 total
- age   7:     103120 bytes,   13630456 total
- age   8:     183720 bytes,   13814176 total
: 94387K->14636K(109248K), 0,0175023 secs] 100443K->21506K(502464K), 0,0175676 secs] [Times: user=0,06 sys=0,00, real=0,02 secs] 
Heap after GC invocations=10 (full 1):
 par new generation   total 109248K, used 14636K [0x00000000e0000000, 0x00000000e8000000, 0x00000000e8000000)
  eden space 87424K,   0% used [0x00000000e0000000, 0x00000000e0000000, 0x00000000e5560000)
  from space 21824K,  67% used [0x00000000e5560000, 0x00000000e63ab060, 0x00000000e6ab0000)
  to   space 21824K,   0% used [0x00000000e6ab0000, 0x00000000e6ab0000, 0x00000000e8000000)
 concurrent mark-sweep generation total 393216K, used 6870K [0x00000000e8000000, 0x0000000100000000, 0x0000000100000000)
 Metaspace       used 28055K, capacity 28576K, committed 28796K, reserved 1075200K
  class space    used 3215K, capacity 3391K, committed 3452K, reserved 1048576K
}
2017-07-12T14:48:16.958+0200: 176,078: Total time for which application threads were stopped: 0,0177433 seconds, Stopping threads took: 0,0000521 seconds
2017-07-12T14:48:16.962+0200: 176,081: Total time for which application threads were stopped: 0,0000926 seconds, Stopping threads took: 0,0000261 seconds
2017-07-12T14:48:16.962+0200: 176,081: Total time for which application threads were stopped: 0,0000326 seconds, Stopping threads took: 0,0000114 seconds
2017-07-12T15:24:12.812+0200: 1417,109: Total time for which application threads were stopped: 0,0000795 seconds, Stopping threads took: 0,0000312 seconds
2017-07-12T15:27:36.843+0200: 1621,140: Total time for which application threads were stopped: 0,0000878 seconds, Stopping threads took: 0,0000339 seconds
2017-07-12T15:28:01.846+0200: 1646,143: Total time for which application threads were stopped: 0,0000636 seconds, Stopping threads took: 0,0000159 seconds
2017-07-12T15:34:58.904+0200: 2063,201: Total time for which application threads were stopped: 0,0001872 seconds, Stopping threads took: 0,0000544 seconds
2017-07-12T15:35:08.905+0200: 2073,202: Total time for which application threads were stopped: 0,0000682 seconds, Stopping threads took: 0,0000152 seconds
2017-07-12T15:39:28.939+0200: 2333,236: Total time for which application threads were stopped: 0,0001165 seconds, Stopping threads took: 0,0000420 seconds
2017-07-12T15:39:31.940+0200: 2336,237: Total time for which application threads were stopped: 0,0000711 seconds, Stopping threads took: 0,0000169 seconds
2017-07-12T16:00:09.108+0200: 3573,405: Total time for which application threads were stopped: 0,0000778 seconds, Stopping threads took: 0,0000295 seconds
2017-07-12T16:00:14.109+0200: 3578,406: Total time for which application threads were stopped: 0,0000925 seconds, Stopping threads took: 0,0000343 seconds
2017-07-12T16:05:47.156+0200: 3911,453: Total time for which application threads were stopped: 0,0000945 seconds, Stopping threads took: 0,0000319 seconds
2017-07-12T16:05:52.157+0200: 3916,453: Total time for which application threads were stopped: 0,0000622 seconds, Stopping threads took: 0,0000150 seconds
2017-07-12T16:07:32.171+0200: 4016,468: Total time for which application threads were stopped: 0,0000821 seconds, Stopping threads took: 0,0000302 seconds
2017-07-12T16:23:24.299+0200: 4968,596: Total time for which application threads were stopped: 0,0000791 seconds, Stopping threads took: 0,0000313 seconds
2017-07-12T16:24:29.308+0200: 5033,605: Total time for which application threads were stopped: 0,0001233 seconds, Stopping threads took: 0,0000747 seconds
2017-07-12T16:37:56.092+0200: 5840,389: Total time for which application threads were stopped: 0,0225898 seconds, Stopping threads took: 0,0224797 seconds
2017-07-12T16:37:56.109+0200: 5840,406: Total time for which application threads were stopped: 0,0001281 seconds, Stopping threads took: 0,0000237 seconds
2017-07-12T16:37:56.109+0200: 5840,406: Total time for which application threads were stopped: 0,0000947 seconds, Stopping threads took: 0,0000190 seconds
2017-07-12T16:37:56.110+0200: 5840,407: Total time for which application threads were stopped: 0,0000934 seconds, Stopping threads took: 0,0000175 seconds
2017-07-12T16:37:56.110+0200: 5840,407: Total time for which application threads were stopped: 0,0000557 seconds, Stopping threads took: 0,0000064 seconds
2017-07-12T16:37:56.110+0200: 5840,407: Total time for which application threads were stopped: 0,0000951 seconds, Stopping threads took: 0,0000133 seconds
2017-07-12T16:37:56.111+0200: 5840,408: Total time for which application threads were stopped: 0,0000789 seconds, Stopping threads took: 0,0000127 seconds
2017-07-12T16:37:56.111+0200: 5840,408: Total time for which application threads were stopped: 0,0000511 seconds, Stopping threads took: 0,0000075 seconds
2017-07-12T16:37:56.112+0200: 5840,408: Total time for which application threads were stopped: 0,0002864 seconds, Stopping threads took: 0,0002042 seconds
2017-07-12T16:37:56.117+0200: 5840,414: Total time for which application threads were stopped: 0,0001037 seconds, Stopping threads took: 0,0000191 seconds
2017-07-12T16:37:56.118+0200: 5840,415: Total time for which application threads were stopped: 0,0001265 seconds, Stopping threads took: 0,0000171 seconds
2017-07-12T16:37:56.127+0200: 5840,424: Total time for which application threads were stopped: 0,0000987 seconds, Stopping threads took: 0,0000180 seconds
2017-07-12T16:37:56.128+0200: 5840,425: Total time for which application threads were stopped: 0,0001144 seconds, Stopping threads took: 0,0000212 seconds
2017-07-12T16:37:56.129+0200: 5840,426: Total time for which application threads were stopped: 0,0000892 seconds, Stopping threads took: 0,0000174 seconds
2017-07-12T16:37:56.137+0200: 5840,434: Total time for which application threads were stopped: 0,0001251 seconds, Stopping threads took: 0,0000387 seconds
2017-07-12T16:37:56.137+0200: 5840,434: Total time for which application threads were stopped: 0,0000729 seconds, Stopping threads took: 0,0000114 seconds
2017-07-12T16:37:56.138+0200: 5840,435: Total time for which application threads were stopped: 0,0000683 seconds, Stopping threads took: 0,0000132 seconds
2017-07-12T16:37:56.138+0200: 5840,435: Total time for which application threads were stopped: 0,0000783 seconds, Stopping threads took: 0,0000232 seconds
2017-07-12T16:37:56.139+0200: 5840,436: Total time for which application threads were stopped: 0,0000733 seconds, Stopping threads took: 0,0000155 seconds
2017-07-12T16:37:56.144+0200: 5840,440: Total time for which application threads were stopped: 0,0005270 seconds, Stopping threads took: 0,0004435 seconds
2017-07-12T16:37:56.144+0200: 5840,441: Total time for which application threads were stopped: 0,0003143 seconds, Stopping threads took: 0,0002332 seconds
2017-07-12T16:37:56.144+0200: 5840,441: Total time for which application threads were stopped: 0,0000670 seconds, Stopping threads took: 0,0000127 seconds
2017-07-12T16:37:56.145+0200: 5840,442: Total time for which application threads were stopped: 0,0000649 seconds, Stopping threads took: 0,0000133 seconds
2017-07-12T16:37:56.145+0200: 5840,442: Total time for which application threads were stopped: 0,0002768 seconds, Stopping threads took: 0,0002237 seconds
2017-07-12T16:37:56.145+0200: 5840,442: Total time for which application threads were stopped: 0,0000545 seconds, Stopping threads took: 0,0000080 seconds
2017-07-12T16:37:56.145+0200: 5840,442: Total time for which application threads were stopped: 0,0000705 seconds, Stopping threads took: 0,0000268 seconds
2017-07-12T16:37:56.146+0200: 5840,443: Total time for which application threads were stopped: 0,0002444 seconds, Stopping threads took: 0,0001958 seconds
2017-07-12T16:37:56.147+0200: 5840,444: Total time for which application threads were stopped: 0,0003235 seconds, Stopping threads took: 0,0002407 seconds
2017-07-12T16:37:56.148+0200: 5840,444: Total time for which application threads were stopped: 0,0000624 seconds, Stopping threads took: 0,0000126 seconds
2017-07-12T16:37:56.148+0200: 5840,445: Total time for which application threads were stopped: 0,0000554 seconds, Stopping threads took: 0,0000080 seconds
2017-07-12T16:37:56.148+0200: 5840,445: Total time for which application threads were stopped: 0,0000474 seconds, Stopping threads took: 0,0000067 seconds
2017-07-12T16:37:56.148+0200: 5840,445: Total time for which application threads were stopped: 0,0000467 seconds, Stopping threads took: 0,0000089 seconds
2017-07-12T16:37:56.148+0200: 5840,445: Total time for which application threads were stopped: 0,0000468 seconds, Stopping threads took: 0,0000068 seconds
2017-07-12T16:37:56.148+0200: 5840,445: Total time for which application threads were stopped: 0,0000422 seconds, Stopping threads took: 0,0000053 seconds
2017-07-12T16:37:56.148+0200: 5840,445: Total time for which application threads were stopped: 0,0000424 seconds, Stopping threads took: 0,0000087 seconds
2017-07-12T16:37:56.148+0200: 5840,445: Total time for which application threads were stopped: 0,0000393 seconds, Stopping threads took: 0,0000076 seconds
2017-07-12T16:37:56.148+0200: 5840,445: Total time for which application threads were stopped: 0,0000539 seconds, Stopping threads took: 0,0000085 seconds
2017-07-12T16:37:56.150+0200: 5840,448: Total time for which application threads were stopped: 0,0003772 seconds, Stopping threads took: 0,0001946 seconds
2017-07-12T16:37:56.151+0200: 5840,448: Total time for which application threads were stopped: 0,0001111 seconds, Stopping threads took: 0,0000118 seconds
2017-07-12T16:37:56.151+0200: 5840,448: Total time for which application threads were stopped: 0,0000720 seconds, Stopping threads took: 0,0000080 seconds
2017-07-12T16:37:56.151+0200: 5840,448: Total time for which application threads were stopped: 0,0000543 seconds, Stopping threads took: 0,0000079 seconds
2017-07-12T16:37:56.160+0200: 5840,457: Total time for which application threads were stopped: 0,0032349 seconds, Stopping threads took: 0,0031393 seconds
2017-07-12T16:37:56.161+0200: 5840,458: Total time for which application threads were stopped: 0,0000709 seconds, Stopping threads took: 0,0000106 seconds
2017-07-12T16:37:56.163+0200: 5840,460: Total time for which application threads were stopped: 0,0008712 seconds, Stopping threads took: 0,0007736 seconds
2017-07-12T16:37:56.167+0200: 5840,464: Total time for which application threads were stopped: 0,0007429 seconds, Stopping threads took: 0,0006891 seconds
2017-07-12T16:37:56.167+0200: 5840,464: Total time for which application threads were stopped: 0,0000427 seconds, Stopping threads took: 0,0000163 seconds
2017-07-12T16:37:56.167+0200: 5840,464: Total time for which application threads were stopped: 0,0000430 seconds, Stopping threads took: 0,0000216 seconds
2017-07-12T16:37:56.167+0200: 5840,464: Total time for which application threads were stopped: 0,0000389 seconds, Stopping threads took: 0,0000185 seconds
2017-07-12T16:37:56.169+0200: 5840,466: Total time for which application threads were stopped: 0,0001002 seconds, Stopping threads took: 0,0000455 seconds
2017-07-12T16:37:56.170+0200: 5840,467: Total time for which application threads were stopped: 0,0000796 seconds, Stopping threads took: 0,0000289 seconds
2017-07-12T16:37:56.170+0200: 5840,467: Total time for which application threads were stopped: 0,0000510 seconds, Stopping threads took: 0,0000136 seconds
2017-07-12T16:37:56.170+0200: 5840,467: Total time for which application threads were stopped: 0,0000358 seconds, Stopping threads took: 0,0000078 seconds
2017-07-12T16:37:56.170+0200: 5840,467: Total time for which application threads were stopped: 0,0000472 seconds, Stopping threads took: 0,0000141 seconds
2017-07-12T16:37:56.171+0200: 5840,468: Total time for which application threads were stopped: 0,0000530 seconds, Stopping threads took: 0,0000218 seconds
2017-07-12T16:37:56.171+0200: 5840,468: Total time for which application threads were stopped: 0,0000460 seconds, Stopping threads took: 0,0000175 seconds
2017-07-12T16:37:56.171+0200: 5840,468: Total time for which application threads were stopped: 0,0000422 seconds, Stopping threads took: 0,0000114 seconds
2017-07-12T16:37:56.171+0200: 5840,468: Total time for which application threads were stopped: 0,0002073 seconds, Stopping threads took: 0,0001678 seconds
2017-07-12T16:37:56.171+0200: 5840,468: Total time for which application threads were stopped: 0,0000373 seconds, Stopping threads took: 0,0000103 seconds
2017-07-12T16:37:56.172+0200: 5840,468: Total time for which application threads were stopped: 0,0000571 seconds, Stopping threads took: 0,0000294 seconds
2017-07-12T16:37:56.172+0200: 5840,469: Total time for which application threads were stopped: 0,0000564 seconds, Stopping threads took: 0,0000222 seconds
2017-07-12T16:37:56.172+0200: 5840,469: Total time for which application threads were stopped: 0,0000424 seconds, Stopping threads took: 0,0000190 seconds
2017-07-12T16:37:56.172+0200: 5840,469: Total time for which application threads were stopped: 0,0001346 seconds, Stopping threads took: 0,0000253 seconds
2017-07-12T16:37:56.174+0200: 5840,471: Total time for which application threads were stopped: 0,0000960 seconds, Stopping threads took: 0,0000280 seconds
2017-07-12T16:37:56.177+0200: 5840,474: Total time for which application threads were stopped: 0,0000944 seconds, Stopping threads took: 0,0000240 seconds
2017-07-12T16:37:56.180+0200: 5840,477: Total time for which application threads were stopped: 0,0000837 seconds, Stopping threads took: 0,0000181 seconds
Heap
 par new generation   total 109248K, used 36618K [0x00000000e0000000, 0x00000000e8000000, 0x00000000e8000000)
  eden space 87424K,  25% used [0x00000000e0000000, 0x00000000e15778b0, 0x00000000e5560000)
  from space 21824K,  67% used [0x00000000e5560000, 0x00000000e63ab060, 0x00000000e6ab0000)
  to   space 21824K,   0% used [0x00000000e6ab0000, 0x00000000e6ab0000, 0x00000000e8000000)
 concurrent mark-sweep generation total 393216K, used 6870K [0x00000000e8000000, 0x0000000100000000, 0x0000000100000000)
 Metaspace       used 28176K, capacity 28746K, committed 29052K, reserved 1075200K
  class space    used 3229K, capacity 3426K, committed 3452K, reserved 1048576K
