OpenJDK 64-Bit Server VM (25.131-b11) for linux-amd64 JRE (1.8.0_131-8u131-b11-0ubuntu1.16.04.2-b11), built on May  6 2017 02:45:27 by "buildd" with gcc 5.4.0 20160609
Memory: 4k page, physical 7867740k(7395696k free), swap 8076284k(8076284k free)
CommandLine flags: -XX:CMSInitiatingOccupancyFraction=50 -XX:CMSMaxAbortablePrecleanTime=6000 -XX:+CMSParallelRemarkEnabled -XX:+CMSScavengeBeforeRemark -XX:ConcGCThreads=4 -XX:InitialHeapSize=536870912 -XX:MaxHeapSize=536870912 -XX:MaxTenuringThreshold=8 -XX:NewRatio=3 -XX:OldPLABSize=16 -XX:OnOutOfMemoryError=/opt/solr/bin/oom_solr.sh 8983 /var/solr/logs -XX:ParallelGCThreads=4 -XX:+ParallelRefProcEnabled -XX:PretenureSizeThreshold=67108864 -XX:+PrintGC -XX:+PrintGCApplicationStoppedTime -XX:+PrintGCDateStamps -XX:+PrintGCDetails -XX:+PrintGCTimeStamps -XX:+PrintHeapAtGC -XX:+PrintTenuringDistribution -XX:SurvivorRatio=4 -XX:TargetSurvivorRatio=90 -XX:ThreadStackSize=256 -XX:+UseCMSInitiatingOccupancyOnly -XX:+UseCompressedClassPointers -XX:+UseCompressedOops -XX:+UseConcMarkSweepGC -XX:+UseParNewGC 
2017-05-31T17:05:46.374+0200: 0,149: Total time for which application threads were stopped: 0,0000664 seconds, Stopping threads took: 0,0000092 seconds
2017-05-31T17:05:46.457+0200: 0,232: Total time for which application threads were stopped: 0,0001241 seconds, Stopping threads took: 0,0000254 seconds
2017-05-31T17:05:46.473+0200: 0,247: Total time for which application threads were stopped: 0,0000857 seconds, Stopping threads took: 0,0000155 seconds
2017-05-31T17:05:46.680+0200: 0,455: Total time for which application threads were stopped: 0,0001194 seconds, Stopping threads took: 0,0000148 seconds
2017-05-31T17:05:47.102+0200: 0,876: Total time for which application threads were stopped: 0,0001726 seconds, Stopping threads took: 0,0000325 seconds
2017-05-31T17:05:47.220+0200: 0,995: Total time for which application threads were stopped: 0,0002332 seconds, Stopping threads took: 0,0000284 seconds
2017-05-31T17:05:47.253+0200: 1,028: Total time for which application threads were stopped: 0,0001771 seconds, Stopping threads took: 0,0000298 seconds
2017-05-31T17:05:47.672+0200: 1,446: Total time for which application threads were stopped: 0,0003199 seconds, Stopping threads took: 0,0000238 seconds
2017-05-31T17:05:47.904+0200: 1,678: Total time for which application threads were stopped: 0,0002088 seconds, Stopping threads took: 0,0000181 seconds
2017-05-31T17:05:47.936+0200: 1,711: Total time for which application threads were stopped: 0,0001767 seconds, Stopping threads took: 0,0000166 seconds
2017-05-31T17:05:47.971+0200: 1,745: Total time for which application threads were stopped: 0,0002232 seconds, Stopping threads took: 0,0000211 seconds
2017-05-31T17:05:47.972+0200: 1,747: Total time for which application threads were stopped: 0,0002030 seconds, Stopping threads took: 0,0000172 seconds
2017-05-31T17:05:47.993+0200: 1,767: Total time for which application threads were stopped: 0,0001835 seconds, Stopping threads took: 0,0000192 seconds
2017-05-31T17:05:48.061+0200: 1,835: Total time for which application threads were stopped: 0,0002431 seconds, Stopping threads took: 0,0000212 seconds
2017-05-31T17:05:48.219+0200: 1,993: Total time for which application threads were stopped: 0,0002430 seconds, Stopping threads took: 0,0000309 seconds
{Heap before GC invocations=0 (full 0):
 par new generation   total 109248K, used 87424K [0x00000000e0000000, 0x00000000e8000000, 0x00000000e8000000)
  eden space 87424K, 100% used [0x00000000e0000000, 0x00000000e5560000, 0x00000000e5560000)
  from space 21824K,   0% used [0x00000000e5560000, 0x00000000e5560000, 0x00000000e6ab0000)
  to   space 21824K,   0% used [0x00000000e6ab0000, 0x00000000e6ab0000, 0x00000000e8000000)
 concurrent mark-sweep generation total 393216K, used 0K [0x00000000e8000000, 0x0000000100000000, 0x0000000100000000)
 Metaspace       used 18212K, capacity 18464K, committed 18688K, reserved 1064960K
  class space    used 2059K, capacity 2196K, committed 2304K, reserved 1048576K
2017-05-31T17:05:48.333+0200: 2,107: [GC (Allocation Failure) 2017-05-31T17:05:48.333+0200: 2,107: [ParNew
Desired survivor size 20112992 bytes, new threshold 8 (max 8)
- age   1:   12811336 bytes,   12811336 total
: 87424K->12620K(109248K), 0,0161432 secs] 87424K->12620K(502464K), 0,0162261 secs] [Times: user=0,03 sys=0,02, real=0,01 secs] 
Heap after GC invocations=1 (full 0):
 par new generation   total 109248K, used 12620K [0x00000000e0000000, 0x00000000e8000000, 0x00000000e8000000)
  eden space 87424K,   0% used [0x00000000e0000000, 0x00000000e0000000, 0x00000000e5560000)
  from space 21824K,  57% used [0x00000000e6ab0000, 0x00000000e7703388, 0x00000000e8000000)
  to   space 21824K,   0% used [0x00000000e5560000, 0x00000000e5560000, 0x00000000e6ab0000)
 concurrent mark-sweep generation total 393216K, used 0K [0x00000000e8000000, 0x0000000100000000, 0x0000000100000000)
 Metaspace       used 18212K, capacity 18464K, committed 18688K, reserved 1064960K
  class space    used 2059K, capacity 2196K, committed 2304K, reserved 1048576K
}
2017-05-31T17:05:48.349+0200: 2,123: Total time for which application threads were stopped: 0,0164227 seconds, Stopping threads took: 0,0000179 seconds
2017-05-31T17:05:48.655+0200: 2,430: Total time for which application threads were stopped: 0,0002819 seconds, Stopping threads took: 0,0000413 seconds
2017-05-31T17:05:48.693+0200: 2,467: Total time for which application threads were stopped: 0,0019285 seconds, Stopping threads took: 0,0015333 seconds
{Heap before GC invocations=1 (full 0):
 par new generation   total 109248K, used 100044K [0x00000000e0000000, 0x00000000e8000000, 0x00000000e8000000)
  eden space 87424K, 100% used [0x00000000e0000000, 0x00000000e5560000, 0x00000000e5560000)
  from space 21824K,  57% used [0x00000000e6ab0000, 0x00000000e7703388, 0x00000000e8000000)
  to   space 21824K,   0% used [0x00000000e5560000, 0x00000000e5560000, 0x00000000e6ab0000)
 concurrent mark-sweep generation total 393216K, used 0K [0x00000000e8000000, 0x0000000100000000, 0x0000000100000000)
 Metaspace       used 20091K, capacity 20438K, committed 20736K, reserved 1067008K
  class space    used 2299K, capacity 2473K, committed 2560K, reserved 1048576K
2017-05-31T17:05:48.696+0200: 2,471: [GC (Allocation Failure) 2017-05-31T17:05:48.697+0200: 2,471: [ParNew
Desired survivor size 20112992 bytes, new threshold 8 (max 8)
- age   1:    3309904 bytes,    3309904 total
- age   2:    6693304 bytes,   10003208 total
: 100044K->13849K(109248K), 0,0159982 secs] 100044K->13849K(502464K), 0,0160826 secs] [Times: user=0,06 sys=0,00, real=0,02 secs] 
Heap after GC invocations=2 (full 0):
 par new generation   total 109248K, used 13849K [0x00000000e0000000, 0x00000000e8000000, 0x00000000e8000000)
  eden space 87424K,   0% used [0x00000000e0000000, 0x00000000e0000000, 0x00000000e5560000)
  from space 21824K,  63% used [0x00000000e5560000, 0x00000000e62e66e0, 0x00000000e6ab0000)
  to   space 21824K,   0% used [0x00000000e6ab0000, 0x00000000e6ab0000, 0x00000000e8000000)
 concurrent mark-sweep generation total 393216K, used 0K [0x00000000e8000000, 0x0000000100000000, 0x0000000100000000)
 Metaspace       used 20091K, capacity 20438K, committed 20736K, reserved 1067008K
  class space    used 2299K, capacity 2473K, committed 2560K, reserved 1048576K
}
2017-05-31T17:05:48.713+0200: 2,487: Total time for which application threads were stopped: 0,0162611 seconds, Stopping threads took: 0,0000227 seconds
2017-05-31T17:05:48.743+0200: 2,517: Total time for which application threads were stopped: 0,0004348 seconds, Stopping threads took: 0,0000456 seconds
2017-05-31T17:05:48.886+0200: 2,661: Total time for which application threads were stopped: 0,0002331 seconds, Stopping threads took: 0,0000674 seconds
{Heap before GC invocations=2 (full 0):
 par new generation   total 109248K, used 101273K [0x00000000e0000000, 0x00000000e8000000, 0x00000000e8000000)
  eden space 87424K, 100% used [0x00000000e0000000, 0x00000000e5560000, 0x00000000e5560000)
  from space 21824K,  63% used [0x00000000e5560000, 0x00000000e62e66e0, 0x00000000e6ab0000)
  to   space 21824K,   0% used [0x00000000e6ab0000, 0x00000000e6ab0000, 0x00000000e8000000)
 concurrent mark-sweep generation total 393216K, used 0K [0x00000000e8000000, 0x0000000100000000, 0x0000000100000000)
 Metaspace       used 21031K, capacity 21424K, committed 21628K, reserved 1069056K
  class space    used 2424K, capacity 2592K, committed 2684K, reserved 1048576K
2017-05-31T17:05:48.934+0200: 2,709: [GC (Allocation Failure) 2017-05-31T17:05:48.934+0200: 2,709: [ParNew
Desired survivor size 20112992 bytes, new threshold 8 (max 8)
- age   1:    2056296 bytes,    2056296 total
- age   2:     836640 bytes,    2892936 total
- age   3:    6689088 bytes,    9582024 total
: 101273K->12694K(109248K), 0,0184283 secs] 101273K->12694K(502464K), 0,0185093 secs] [Times: user=0,05 sys=0,00, real=0,02 secs] 
Heap after GC invocations=3 (full 0):
 par new generation   total 109248K, used 12694K [0x00000000e0000000, 0x00000000e8000000, 0x00000000e8000000)
  eden space 87424K,   0% used [0x00000000e0000000, 0x00000000e0000000, 0x00000000e5560000)
  from space 21824K,  58% used [0x00000000e6ab0000, 0x00000000e7715850, 0x00000000e8000000)
  to   space 21824K,   0% used [0x00000000e5560000, 0x00000000e5560000, 0x00000000e6ab0000)
 concurrent mark-sweep generation total 393216K, used 0K [0x00000000e8000000, 0x0000000100000000, 0x0000000100000000)
 Metaspace       used 21031K, capacity 21424K, committed 21628K, reserved 1069056K
  class space    used 2424K, capacity 2592K, committed 2684K, reserved 1048576K
}
2017-05-31T17:05:48.953+0200: 2,727: Total time for which application threads were stopped: 0,0221648 seconds, Stopping threads took: 0,0034893 seconds
2017-05-31T17:05:48.958+0200: 2,732: [GC (CMS Initial Mark) [1 CMS-initial-mark: 0K(393216K)] 16669K(502464K), 0,0068788 secs] [Times: user=0,02 sys=0,00, real=0,01 secs] 
2017-05-31T17:05:48.965+0200: 2,739: Total time for which application threads were stopped: 0,0070543 seconds, Stopping threads took: 0,0000584 seconds
2017-05-31T17:05:48.965+0200: 2,739: [CMS-concurrent-mark-start]
2017-05-31T17:05:48.971+0200: 2,746: [CMS-concurrent-mark: 0,006/0,006 secs] [Times: user=0,02 sys=0,00, real=0,01 secs] 
2017-05-31T17:05:48.971+0200: 2,746: [CMS-concurrent-preclean-start]
2017-05-31T17:05:48.972+0200: 2,747: [CMS-concurrent-preclean: 0,001/0,001 secs] [Times: user=0,01 sys=0,00, real=0,00 secs] 
2017-05-31T17:05:48.972+0200: 2,747: [CMS-concurrent-abortable-preclean-start]
2017-05-31T17:05:49.026+0200: 2,801: Total time for which application threads were stopped: 0,0001783 seconds, Stopping threads took: 0,0000705 seconds
{Heap before GC invocations=3 (full 1):
 par new generation   total 109248K, used 100118K [0x00000000e0000000, 0x00000000e8000000, 0x00000000e8000000)
  eden space 87424K, 100% used [0x00000000e0000000, 0x00000000e5560000, 0x00000000e5560000)
  from space 21824K,  58% used [0x00000000e6ab0000, 0x00000000e7715850, 0x00000000e8000000)
  to   space 21824K,   0% used [0x00000000e5560000, 0x00000000e5560000, 0x00000000e6ab0000)
 concurrent mark-sweep generation total 393216K, used 0K [0x00000000e8000000, 0x0000000100000000, 0x0000000100000000)
 Metaspace       used 21267K, capacity 21640K, committed 21884K, reserved 1069056K
  class space    used 2448K, capacity 2608K, committed 2684K, reserved 1048576K
2017-05-31T17:05:49.082+0200: 2,856: [GC (Allocation Failure) 2017-05-31T17:05:49.082+0200: 2,856: [ParNew
Desired survivor size 20112992 bytes, new threshold 8 (max 8)
- age   1:    1614720 bytes,    1614720 total
- age   2:    1450640 bytes,    3065360 total
- age   3:     805232 bytes,    3870592 total
- age   4:    6689048 bytes,   10559640 total
: 100118K->13528K(109248K), 0,0123180 secs] 100118K->13528K(502464K), 0,0123816 secs] [Times: user=0,04 sys=0,00, real=0,01 secs] 
Heap after GC invocations=4 (full 1):
 par new generation   total 109248K, used 13528K [0x00000000e0000000, 0x00000000e8000000, 0x00000000e8000000)
  eden space 87424K,   0% used [0x00000000e0000000, 0x00000000e0000000, 0x00000000e5560000)
  from space 21824K,  61% used [0x00000000e5560000, 0x00000000e6296228, 0x00000000e6ab0000)
  to   space 21824K,   0% used [0x00000000e6ab0000, 0x00000000e6ab0000, 0x00000000e8000000)
 concurrent mark-sweep generation total 393216K, used 0K [0x00000000e8000000, 0x0000000100000000, 0x0000000100000000)
 Metaspace       used 21267K, capacity 21640K, committed 21884K, reserved 1069056K
  class space    used 2448K, capacity 2608K, committed 2684K, reserved 1048576K
}
2017-05-31T17:05:49.094+0200: 2,869: Total time for which application threads were stopped: 0,0131796 seconds, Stopping threads took: 0,0006668 seconds
{Heap before GC invocations=4 (full 1):
 par new generation   total 109248K, used 100952K [0x00000000e0000000, 0x00000000e8000000, 0x00000000e8000000)
  eden space 87424K, 100% used [0x00000000e0000000, 0x00000000e5560000, 0x00000000e5560000)
  from space 21824K,  61% used [0x00000000e5560000, 0x00000000e6296228, 0x00000000e6ab0000)
  to   space 21824K,   0% used [0x00000000e6ab0000, 0x00000000e6ab0000, 0x00000000e8000000)
 concurrent mark-sweep generation total 393216K, used 0K [0x00000000e8000000, 0x0000000100000000, 0x0000000100000000)
 Metaspace       used 21447K, capacity 21818K, committed 21884K, reserved 1069056K
  class space    used 2469K, capacity 2643K, committed 2684K, reserved 1048576K
2017-05-31T17:05:49.197+0200: 2,972: [GC (Allocation Failure) 2017-05-31T17:05:49.197+0200: 2,972: [ParNew
Desired survivor size 20112992 bytes, new threshold 8 (max 8)
- age   1:     998032 bytes,     998032 total
- age   2:     181024 bytes,    1179056 total
- age   3:    1450296 bytes,    2629352 total
- age   4:     803216 bytes,    3432568 total
- age   5:    6689088 bytes,   10121656 total
: 100952K->11468K(109248K), 0,0101037 secs] 100952K->11468K(502464K), 0,0101793 secs] [Times: user=0,04 sys=0,00, real=0,01 secs] 
Heap after GC invocations=5 (full 1):
 par new generation   total 109248K, used 11468K [0x00000000e0000000, 0x00000000e8000000, 0x00000000e8000000)
  eden space 87424K,   0% used [0x00000000e0000000, 0x00000000e0000000, 0x00000000e5560000)
  from space 21824K,  52% used [0x00000000e6ab0000, 0x00000000e75e3070, 0x00000000e8000000)
  to   space 21824K,   0% used [0x00000000e5560000, 0x00000000e5560000, 0x00000000e6ab0000)
 concurrent mark-sweep generation total 393216K, used 0K [0x00000000e8000000, 0x0000000100000000, 0x0000000100000000)
 Metaspace       used 21447K, capacity 21818K, committed 21884K, reserved 1069056K
  class space    used 2469K, capacity 2643K, committed 2684K, reserved 1048576K
}
2017-05-31T17:05:49.207+0200: 2,982: Total time for which application threads were stopped: 0,0104942 seconds, Stopping threads took: 0,0001652 seconds
2017-05-31T17:05:49.207+0200: 2,982: [CMS-concurrent-abortable-preclean: 0,169/0,235 secs] [Times: user=0,87 sys=0,01, real=0,23 secs] 
2017-05-31T17:05:49.208+0200: 2,982: [GC (CMS Final Remark) [YG occupancy: 12763 K (109248 K)]{Heap before GC invocations=5 (full 1):
 par new generation   total 109248K, used 12763K [0x00000000e0000000, 0x00000000e8000000, 0x00000000e8000000)
  eden space 87424K,   1% used [0x00000000e0000000, 0x00000000e0143f30, 0x00000000e5560000)
  from space 21824K,  52% used [0x00000000e6ab0000, 0x00000000e75e3070, 0x00000000e8000000)
  to   space 21824K,   0% used [0x00000000e5560000, 0x00000000e5560000, 0x00000000e6ab0000)
 concurrent mark-sweep generation total 393216K, used 0K [0x00000000e8000000, 0x0000000100000000, 0x0000000100000000)
 Metaspace       used 21447K, capacity 21818K, committed 21884K, reserved 1069056K
  class space    used 2469K, capacity 2643K, committed 2684K, reserved 1048576K
2017-05-31T17:05:49.208+0200: 2,982: [GC (CMS Final Remark) 2017-05-31T17:05:49.208+0200: 2,982: [ParNew
Desired survivor size 20112992 bytes, new threshold 8 (max 8)
- age   1:      86400 bytes,      86400 total
- age   2:     997976 bytes,    1084376 total
- age   3:     181024 bytes,    1265400 total
- age   4:    1450296 bytes,    2715696 total
- age   5:     803216 bytes,    3518912 total
- age   6:    6689376 bytes,   10208288 total
: 12763K->17375K(109248K), 0,0094704 secs] 12763K->17375K(502464K), 0,0095117 secs] [Times: user=0,04 sys=0,00, real=0,01 secs] 
Heap after GC invocations=6 (full 1):
 par new generation   total 109248K, used 17375K [0x00000000e0000000, 0x00000000e8000000, 0x00000000e8000000)
  eden space 87424K,   0% used [0x00000000e0000000, 0x00000000e0000000, 0x00000000e5560000)
  from space 21824K,  79% used [0x00000000e5560000, 0x00000000e6657c80, 0x00000000e6ab0000)
  to   space 21824K,   0% used [0x00000000e6ab0000, 0x00000000e6ab0000, 0x00000000e8000000)
 concurrent mark-sweep generation total 393216K, used 0K [0x00000000e8000000, 0x0000000100000000, 0x0000000100000000)
 Metaspace       used 21447K, capacity 21818K, committed 21884K, reserved 1069056K
  class space    used 2469K, capacity 2643K, committed 2684K, reserved 1048576K
}
2017-05-31T17:05:49.217+0200: 2,992: [Rescan (parallel) , 0,0048203 secs]2017-05-31T17:05:49.222+0200: 2,997: [weak refs processing, 0,0005113 secs]2017-05-31T17:05:49.222+0200: 2,997: [class unloading, 0,0029416 secs]2017-05-31T17:05:49.225+0200: 3,000: [scrub symbol table, 0,0025720 secs]2017-05-31T17:05:49.228+0200: 3,003: [scrub string table, 0,0004585 secs][1 CMS-remark: 0K(393216K)] 17375K(502464K), 0,0215209 secs] [Times: user=0,06 sys=0,00, real=0,02 secs] 
2017-05-31T17:05:49.229+0200: 3,004: Total time for which application threads were stopped: 0,0216799 seconds, Stopping threads took: 0,0000782 seconds
2017-05-31T17:05:49.229+0200: 3,004: [CMS-concurrent-sweep-start]
2017-05-31T17:05:49.229+0200: 3,004: [CMS-concurrent-sweep: 0,000/0,000 secs] [Times: user=0,00 sys=0,00, real=0,00 secs] 
2017-05-31T17:05:49.229+0200: 3,004: [CMS-concurrent-reset-start]
2017-05-31T17:05:49.231+0200: 3,006: [CMS-concurrent-reset: 0,002/0,002 secs] [Times: user=0,00 sys=0,00, real=0,01 secs] 
2017-05-31T17:05:49.260+0200: 3,035: Total time for which application threads were stopped: 0,0003070 seconds, Stopping threads took: 0,0000180 seconds
2017-05-31T17:05:49.477+0200: 3,252: Total time for which application threads were stopped: 0,0010442 seconds, Stopping threads took: 0,0005977 seconds
2017-05-31T17:05:49.494+0200: 3,269: Total time for which application threads were stopped: 0,0005467 seconds, Stopping threads took: 0,0000287 seconds
{Heap before GC invocations=6 (full 1):
 par new generation   total 109248K, used 104779K [0x00000000e0000000, 0x00000000e8000000, 0x00000000e8000000)
  eden space 87424K,  99% used [0x00000000e0000000, 0x00000000e555b330, 0x00000000e5560000)
  from space 21824K,  79% used [0x00000000e5560000, 0x00000000e6657c80, 0x00000000e6ab0000)
  to   space 21824K,   0% used [0x00000000e6ab0000, 0x00000000e6ab0000, 0x00000000e8000000)
 concurrent mark-sweep generation total 393216K, used 0K [0x00000000e8000000, 0x0000000100000000, 0x0000000100000000)
 Metaspace       used 24162K, capacity 24642K, committed 24828K, reserved 1071104K
  class space    used 2844K, capacity 3051K, committed 3068K, reserved 1048576K
2017-05-31T17:05:49.656+0200: 3,431: [GC (Allocation Failure) 2017-05-31T17:05:49.656+0200: 3,431: [ParNew
Desired survivor size 20112992 bytes, new threshold 8 (max 8)
- age   1:    5478544 bytes,    5478544 total
- age   2:         48 bytes,    5478592 total
- age   3:     117448 bytes,    5596040 total
- age   4:     179648 bytes,    5775688 total
- age   5:     280376 bytes,    6056064 total
- age   6:     779096 bytes,    6835160 total
- age   7:    6680912 bytes,   13516072 total
: 104779K->15158K(109248K), 0,0129066 secs] 104779K->15158K(502464K), 0,0129741 secs] [Times: user=0,04 sys=0,00, real=0,01 secs] 
Heap after GC invocations=7 (full 1):
 par new generation   total 109248K, used 15158K [0x00000000e0000000, 0x00000000e8000000, 0x00000000e8000000)
  eden space 87424K,   0% used [0x00000000e0000000, 0x00000000e0000000, 0x00000000e5560000)
  from space 21824K,  69% used [0x00000000e6ab0000, 0x00000000e797d8d0, 0x00000000e8000000)
  to   space 21824K,   0% used [0x00000000e5560000, 0x00000000e5560000, 0x00000000e6ab0000)
 concurrent mark-sweep generation total 393216K, used 0K [0x00000000e8000000, 0x0000000100000000, 0x0000000100000000)
 Metaspace       used 24162K, capacity 24642K, committed 24828K, reserved 1071104K
  class space    used 2844K, capacity 3051K, committed 3068K, reserved 1048576K
}
2017-05-31T17:05:49.669+0200: 3,444: Total time for which application threads were stopped: 0,0132581 seconds, Stopping threads took: 0,0000804 seconds
2017-05-31T17:05:49.782+0200: 3,556: Total time for which application threads were stopped: 0,0003624 seconds, Stopping threads took: 0,0001007 seconds
{Heap before GC invocations=7 (full 1):
 par new generation   total 109248K, used 103116K [0x00000000e0000000, 0x00000000e8000000, 0x00000000e8000000)
  eden space 87424K, 100% used [0x00000000e0000000, 0x00000000e5560000, 0x00000000e5560000)
  from space 21824K,  71% used [0x00000000e6ab0000, 0x00000000e7a03370, 0x00000000e8000000)
  to   space 21824K,   0% used [0x00000000e5560000, 0x00000000e5560000, 0x00000000e6ab0000)
 concurrent mark-sweep generation total 393216K, used 0K [0x00000000e8000000, 0x0000000100000000, 0x0000000100000000)
 Metaspace       used 24752K, capacity 25272K, committed 25468K, reserved 1071104K
  class space    used 2895K, capacity 3087K, committed 3196K, reserved 1048576K
2017-05-31T17:05:49.784+0200: 3,559: [GC (GCLocker Initiated GC) 2017-05-31T17:05:49.784+0200: 3,559: [ParNew
Desired survivor size 20112992 bytes, new threshold 8 (max 8)
- age   1:    1783160 bytes,    1783160 total
- age   2:    1823160 bytes,    3606320 total
- age   4:      60816 bytes,    3667136 total
- age   5:      97992 bytes,    3765128 total
- age   6:     188928 bytes,    3954056 total
- age   7:     727968 bytes,    4682024 total
- age   8:    6146352 bytes,   10828376 total
: 103116K->16598K(109248K), 0,0211273 secs] 103116K->16598K(502464K), 0,0212639 secs] [Times: user=0,07 sys=0,00, real=0,02 secs] 
Heap after GC invocations=8 (full 1):
 par new generation   total 109248K, used 16598K [0x00000000e0000000, 0x00000000e8000000, 0x00000000e8000000)
  eden space 87424K,   0% used [0x00000000e0000000, 0x00000000e0000000, 0x00000000e5560000)
  from space 21824K,  76% used [0x00000000e5560000, 0x00000000e6595870, 0x00000000e6ab0000)
  to   space 21824K,   0% used [0x00000000e6ab0000, 0x00000000e6ab0000, 0x00000000e8000000)
 concurrent mark-sweep generation total 393216K, used 0K [0x00000000e8000000, 0x0000000100000000, 0x0000000100000000)
 Metaspace       used 24752K, capacity 25272K, committed 25468K, reserved 1071104K
  class space    used 2895K, capacity 3087K, committed 3196K, reserved 1048576K
}
2017-05-31T17:05:49.805+0200: 3,580: Total time for which application threads were stopped: 0,0218473 seconds, Stopping threads took: 0,0003401 seconds
{Heap before GC invocations=8 (full 1):
 par new generation   total 109248K, used 104022K [0x00000000e0000000, 0x00000000e8000000, 0x00000000e8000000)
  eden space 87424K, 100% used [0x00000000e0000000, 0x00000000e5560000, 0x00000000e5560000)
  from space 21824K,  76% used [0x00000000e5560000, 0x00000000e6595870, 0x00000000e6ab0000)
  to   space 21824K,   0% used [0x00000000e6ab0000, 0x00000000e6ab0000, 0x00000000e8000000)
 concurrent mark-sweep generation total 393216K, used 0K [0x00000000e8000000, 0x0000000100000000, 0x0000000100000000)
 Metaspace       used 25047K, capacity 25538K, committed 25724K, reserved 1071104K
  class space    used 2913K, capacity 3089K, committed 3196K, reserved 1048576K
2017-05-31T17:05:49.932+0200: 3,707: [GC (Allocation Failure) 2017-05-31T17:05:49.932+0200: 3,707: [ParNew
Desired survivor size 20112992 bytes, new threshold 8 (max 8)
- age   1:     825784 bytes,     825784 total
- age   2:     704440 bytes,    1530224 total
- age   3:    1800280 bytes,    3330504 total
- age   5:      58400 bytes,    3388904 total
- age   6:      97928 bytes,    3486832 total
- age   7:     188464 bytes,    3675296 total
- age   8:     727136 bytes,    4402432 total
: 104022K->6762K(109248K), 0,0495423 secs] 104022K->12848K(502464K), 0,0496095 secs] [Times: user=0,09 sys=0,00, real=0,05 secs] 
Heap after GC invocations=9 (full 1):
 par new generation   total 109248K, used 6762K [0x00000000e0000000, 0x00000000e8000000, 0x00000000e8000000)
  eden space 87424K,   0% used [0x00000000e0000000, 0x00000000e0000000, 0x00000000e5560000)
  from space 21824K,  30% used [0x00000000e6ab0000, 0x00000000e714aa00, 0x00000000e8000000)
  to   space 21824K,   0% used [0x00000000e5560000, 0x00000000e5560000, 0x00000000e6ab0000)
 concurrent mark-sweep generation total 393216K, used 6085K [0x00000000e8000000, 0x0000000100000000, 0x0000000100000000)
 Metaspace       used 25047K, capacity 25538K, committed 25724K, reserved 1071104K
  class space    used 2913K, capacity 3089K, committed 3196K, reserved 1048576K
}
2017-05-31T17:05:49.982+0200: 3,756: Total time for which application threads were stopped: 0,0545443 seconds, Stopping threads took: 0,0047418 seconds
2017-05-31T17:05:50.215+0200: 3,989: Total time for which application threads were stopped: 0,0005042 seconds, Stopping threads took: 0,0000329 seconds
2017-05-31T17:05:50.232+0200: 4,007: Total time for which application threads were stopped: 0,0005192 seconds, Stopping threads took: 0,0000374 seconds
2017-05-31T17:05:50.288+0200: 4,062: Total time for which application threads were stopped: 0,0029266 seconds, Stopping threads took: 0,0024533 seconds
2017-05-31T17:05:50.308+0200: 4,082: Total time for which application threads were stopped: 0,0001689 seconds, Stopping threads took: 0,0000418 seconds
2017-05-31T17:05:50.314+0200: 4,089: Total time for which application threads were stopped: 0,0003934 seconds, Stopping threads took: 0,0000439 seconds
2017-05-31T17:05:50.315+0200: 4,089: Total time for which application threads were stopped: 0,0001020 seconds, Stopping threads took: 0,0000316 seconds
2017-05-31T17:05:50.316+0200: 4,090: Total time for which application threads were stopped: 0,0000956 seconds, Stopping threads took: 0,0000330 seconds
2017-05-31T17:05:50.316+0200: 4,090: Total time for which application threads were stopped: 0,0000791 seconds, Stopping threads took: 0,0000220 seconds
2017-05-31T17:05:50.316+0200: 4,091: Total time for which application threads were stopped: 0,0000728 seconds, Stopping threads took: 0,0000213 seconds
2017-05-31T17:05:50.317+0200: 4,091: Total time for which application threads were stopped: 0,0001315 seconds, Stopping threads took: 0,0000622 seconds
2017-05-31T17:05:50.326+0200: 4,101: Total time for which application threads were stopped: 0,0001076 seconds, Stopping threads took: 0,0000345 seconds
2017-05-31T17:05:50.326+0200: 4,101: Total time for which application threads were stopped: 0,0000913 seconds, Stopping threads took: 0,0000283 seconds
2017-05-31T17:05:50.334+0200: 4,109: Total time for which application threads were stopped: 0,0001035 seconds, Stopping threads took: 0,0000205 seconds
2017-05-31T17:05:50.335+0200: 4,109: Total time for which application threads were stopped: 0,0000946 seconds, Stopping threads took: 0,0000334 seconds
2017-05-31T17:05:50.335+0200: 4,110: Total time for which application threads were stopped: 0,0000938 seconds, Stopping threads took: 0,0000357 seconds
2017-05-31T17:05:50.336+0200: 4,110: Total time for which application threads were stopped: 0,0000768 seconds, Stopping threads took: 0,0000243 seconds
2017-05-31T17:05:50.337+0200: 4,111: Total time for which application threads were stopped: 0,0001164 seconds, Stopping threads took: 0,0000305 seconds
2017-05-31T17:05:50.338+0200: 4,112: Total time for which application threads were stopped: 0,0000808 seconds, Stopping threads took: 0,0000283 seconds
2017-05-31T17:05:50.338+0200: 4,112: Total time for which application threads were stopped: 0,0000415 seconds, Stopping threads took: 0,0000119 seconds
2017-05-31T17:05:50.338+0200: 4,113: Total time for which application threads were stopped: 0,0000396 seconds, Stopping threads took: 0,0000084 seconds
2017-05-31T17:05:50.338+0200: 4,113: Total time for which application threads were stopped: 0,0000417 seconds, Stopping threads took: 0,0000077 seconds
2017-05-31T17:05:50.338+0200: 4,113: Total time for which application threads were stopped: 0,0000687 seconds, Stopping threads took: 0,0000235 seconds
2017-05-31T17:05:50.338+0200: 4,113: Total time for which application threads were stopped: 0,0000428 seconds, Stopping threads took: 0,0000084 seconds
2017-05-31T17:05:50.338+0200: 4,113: Total time for which application threads were stopped: 0,0000425 seconds, Stopping threads took: 0,0000156 seconds
2017-05-31T17:05:50.339+0200: 4,113: Total time for which application threads were stopped: 0,0000520 seconds, Stopping threads took: 0,0000142 seconds
2017-05-31T17:05:50.339+0200: 4,113: Total time for which application threads were stopped: 0,0000423 seconds, Stopping threads took: 0,0000079 seconds
2017-05-31T17:05:50.339+0200: 4,113: Total time for which application threads were stopped: 0,0001204 seconds, Stopping threads took: 0,0000096 seconds
2017-05-31T17:05:50.340+0200: 4,114: Total time for which application threads were stopped: 0,0000726 seconds, Stopping threads took: 0,0000141 seconds
2017-05-31T17:05:50.340+0200: 4,114: Total time for which application threads were stopped: 0,0000568 seconds, Stopping threads took: 0,0000188 seconds
2017-05-31T17:05:50.340+0200: 4,114: Total time for which application threads were stopped: 0,0000461 seconds, Stopping threads took: 0,0000089 seconds
2017-05-31T17:05:50.340+0200: 4,115: Total time for which application threads were stopped: 0,0000544 seconds, Stopping threads took: 0,0000089 seconds
2017-05-31T17:05:50.340+0200: 4,115: Total time for which application threads were stopped: 0,0000592 seconds, Stopping threads took: 0,0000228 seconds
2017-05-31T17:05:50.340+0200: 4,115: Total time for which application threads were stopped: 0,0000524 seconds, Stopping threads took: 0,0000175 seconds
2017-05-31T17:05:50.340+0200: 4,115: Total time for which application threads were stopped: 0,0000464 seconds, Stopping threads took: 0,0000152 seconds
2017-05-31T17:05:50.340+0200: 4,115: Total time for which application threads were stopped: 0,0000388 seconds, Stopping threads took: 0,0000080 seconds
2017-05-31T17:05:50.341+0200: 4,115: Total time for which application threads were stopped: 0,0000884 seconds, Stopping threads took: 0,0000496 seconds
2017-05-31T17:05:50.341+0200: 4,115: Total time for which application threads were stopped: 0,0000455 seconds, Stopping threads took: 0,0000081 seconds
2017-05-31T17:05:50.341+0200: 4,116: Total time for which application threads were stopped: 0,0000511 seconds, Stopping threads took: 0,0000102 seconds
2017-05-31T17:05:50.341+0200: 4,116: Total time for which application threads were stopped: 0,0000492 seconds, Stopping threads took: 0,0000145 seconds
2017-05-31T17:05:50.341+0200: 4,116: Total time for which application threads were stopped: 0,0000529 seconds, Stopping threads took: 0,0000197 seconds
2017-05-31T17:05:50.341+0200: 4,116: Total time for which application threads were stopped: 0,0000408 seconds, Stopping threads took: 0,0000072 seconds
2017-05-31T17:05:50.341+0200: 4,116: Total time for which application threads were stopped: 0,0000370 seconds, Stopping threads took: 0,0000061 seconds
2017-05-31T17:05:50.342+0200: 4,116: Total time for which application threads were stopped: 0,0000462 seconds, Stopping threads took: 0,0000108 seconds
2017-05-31T17:05:50.342+0200: 4,116: Total time for which application threads were stopped: 0,0000396 seconds, Stopping threads took: 0,0000075 seconds
2017-05-31T17:05:50.342+0200: 4,116: Total time for which application threads were stopped: 0,0000393 seconds, Stopping threads took: 0,0000074 seconds
2017-05-31T17:05:50.342+0200: 4,117: Total time for which application threads were stopped: 0,0001458 seconds, Stopping threads took: 0,0001072 seconds
2017-05-31T17:05:50.342+0200: 4,117: Total time for which application threads were stopped: 0,0003655 seconds, Stopping threads took: 0,0002651 seconds
2017-05-31T17:05:50.344+0200: 4,119: Total time for which application threads were stopped: 0,0001013 seconds, Stopping threads took: 0,0000411 seconds
2017-05-31T17:05:50.347+0200: 4,121: Total time for which application threads were stopped: 0,0001550 seconds, Stopping threads took: 0,0000500 seconds
2017-05-31T17:05:50.350+0200: 4,124: Total time for which application threads were stopped: 0,0001199 seconds, Stopping threads took: 0,0000370 seconds
2017-05-31T17:05:50.380+0200: 4,154: Total time for which application threads were stopped: 0,0002006 seconds, Stopping threads took: 0,0000852 seconds
2017-05-31T17:05:50.405+0200: 4,180: Total time for which application threads were stopped: 0,0004030 seconds, Stopping threads took: 0,0000348 seconds
2017-05-31T17:05:50.405+0200: 4,180: Total time for which application threads were stopped: 0,0000890 seconds, Stopping threads took: 0,0000334 seconds
2017-05-31T17:05:50.410+0200: 4,185: Total time for which application threads were stopped: 0,0001049 seconds, Stopping threads took: 0,0000249 seconds
2017-05-31T17:05:51.410+0200: 5,185: Total time for which application threads were stopped: 0,0000693 seconds, Stopping threads took: 0,0000166 seconds
2017-05-31T17:05:52.411+0200: 6,185: Total time for which application threads were stopped: 0,0000645 seconds, Stopping threads took: 0,0000162 seconds
2017-05-31T17:06:08.412+0200: 22,187: Total time for which application threads were stopped: 0,0000796 seconds, Stopping threads took: 0,0000173 seconds
2017-05-31T17:06:18.413+0200: 32,188: Total time for which application threads were stopped: 0,0000926 seconds, Stopping threads took: 0,0000199 seconds
2017-05-31T17:07:08.419+0200: 82,193: Total time for which application threads were stopped: 0,0000643 seconds, Stopping threads took: 0,0000166 seconds
2017-05-31T17:07:43.423+0200: 117,197: Total time for which application threads were stopped: 0,0000919 seconds, Stopping threads took: 0,0000368 seconds
2017-05-31T17:07:48.423+0200: 122,198: Total time for which application threads were stopped: 0,0000813 seconds, Stopping threads took: 0,0000193 seconds
{Heap before GC invocations=9 (full 1):
 par new generation   total 109248K, used 94186K [0x00000000e0000000, 0x00000000e8000000, 0x00000000e8000000)
  eden space 87424K, 100% used [0x00000000e0000000, 0x00000000e5560000, 0x00000000e5560000)
  from space 21824K,  30% used [0x00000000e6ab0000, 0x00000000e714aa00, 0x00000000e8000000)
  to   space 21824K,   0% used [0x00000000e5560000, 0x00000000e5560000, 0x00000000e6ab0000)
 concurrent mark-sweep generation total 393216K, used 6085K [0x00000000e8000000, 0x0000000100000000, 0x0000000100000000)
 Metaspace       used 28048K, capacity 28568K, committed 28796K, reserved 1075200K
  class space    used 3215K, capacity 3394K, committed 3452K, reserved 1048576K
2017-05-31T17:08:42.124+0200: 175,898: [GC (Allocation Failure) 2017-05-31T17:08:42.124+0200: 175,898: [ParNew
Desired survivor size 20112992 bytes, new threshold 8 (max 8)
- age   1:   10471632 bytes,   10471632 total
- age   2:     397456 bytes,   10869088 total
- age   3:     281288 bytes,   11150376 total
- age   4:    1795576 bytes,   12945952 total
- age   6:      58400 bytes,   13004352 total
- age   7:      97800 bytes,   13102152 total
- age   8:     188368 bytes,   13290520 total
: 94186K->14089K(109248K), 0,0118568 secs] 100272K->20967K(502464K), 0,0119201 secs] [Times: user=0,05 sys=0,00, real=0,01 secs] 
Heap after GC invocations=10 (full 1):
 par new generation   total 109248K, used 14089K [0x00000000e0000000, 0x00000000e8000000, 0x00000000e8000000)
  eden space 87424K,   0% used [0x00000000e0000000, 0x00000000e0000000, 0x00000000e5560000)
  from space 21824K,  64% used [0x00000000e5560000, 0x00000000e6322730, 0x00000000e6ab0000)
  to   space 21824K,   0% used [0x00000000e6ab0000, 0x00000000e6ab0000, 0x00000000e8000000)
 concurrent mark-sweep generation total 393216K, used 6877K [0x00000000e8000000, 0x0000000100000000, 0x0000000100000000)
 Metaspace       used 28048K, capacity 28568K, committed 28796K, reserved 1075200K
  class space    used 3215K, capacity 3394K, committed 3452K, reserved 1048576K
}
2017-05-31T17:08:42.136+0200: 175,910: Total time for which application threads were stopped: 0,0120741 seconds, Stopping threads took: 0,0000417 seconds
2017-05-31T17:08:42.138+0200: 175,912: Total time for which application threads were stopped: 0,0000692 seconds, Stopping threads took: 0,0000213 seconds
2017-05-31T17:08:42.141+0200: 175,916: Total time for which application threads were stopped: 0,0000507 seconds, Stopping threads took: 0,0000155 seconds
2017-05-31T17:08:43.141+0200: 176,916: Total time for which application threads were stopped: 0,0000865 seconds, Stopping threads took: 0,0000206 seconds
2017-05-31T17:08:47.142+0200: 180,917: Total time for which application threads were stopped: 0,0001021 seconds, Stopping threads took: 0,0000250 seconds
2017-05-31T17:10:12.153+0200: 265,928: Total time for which application threads were stopped: 0,0000821 seconds, Stopping threads took: 0,0000304 seconds
2017-05-31T17:10:18.154+0200: 271,929: Total time for which application threads were stopped: 0,0000772 seconds, Stopping threads took: 0,0000184 seconds
2017-05-31T17:10:23.155+0200: 276,930: Total time for which application threads were stopped: 0,0000675 seconds, Stopping threads took: 0,0000161 seconds
2017-06-01T06:10:31.126+0200: 652,659: Total time for which application threads were stopped: 0,0002308 seconds, Stopping threads took: 0,0000636 seconds
2017-06-01T06:15:45.643+0200: 967,698: Total time for which application threads were stopped: 0,0001325 seconds, Stopping threads took: 0,0000492 seconds
2017-06-01T06:23:15.692+0200: 1417,747: Total time for which application threads were stopped: 0,0000845 seconds, Stopping threads took: 0,0000318 seconds
2017-06-01T06:27:40.722+0200: 1682,776: Total time for which application threads were stopped: 0,0001248 seconds, Stopping threads took: 0,0000454 seconds
2017-06-01T06:38:30.802+0200: 2332,856: Total time for which application threads were stopped: 0,0000899 seconds, Stopping threads took: 0,0000344 seconds
2017-06-01T06:56:50.923+0200: 3432,977: Total time for which application threads were stopped: 0,0006090 seconds, Stopping threads took: 0,0001777 seconds
2017-06-01T07:03:40.968+0200: 3843,022: Total time for which application threads were stopped: 0,0000887 seconds, Stopping threads took: 0,0000331 seconds
2017-06-01T07:04:44.415+0200: 3906,469: Total time for which application threads were stopped: 0,0004169 seconds, Stopping threads took: 0,0000211 seconds
2017-06-01T07:04:44.416+0200: 3906,470: Total time for which application threads were stopped: 0,0003579 seconds, Stopping threads took: 0,0000099 seconds
2017-06-01T07:04:44.423+0200: 3906,478: Total time for which application threads were stopped: 0,0000903 seconds, Stopping threads took: 0,0000309 seconds
2017-06-01T07:04:44.427+0200: 3906,481: Total time for which application threads were stopped: 0,0001142 seconds, Stopping threads took: 0,0000209 seconds
2017-06-01T07:04:44.431+0200: 3906,486: Total time for which application threads were stopped: 0,0016529 seconds, Stopping threads took: 0,0015649 seconds
2017-06-01T07:04:44.432+0200: 3906,486: Total time for which application threads were stopped: 0,0000679 seconds, Stopping threads took: 0,0000365 seconds
2017-06-01T07:04:44.432+0200: 3906,486: Total time for which application threads were stopped: 0,0000467 seconds, Stopping threads took: 0,0000231 seconds
2017-06-01T07:04:44.432+0200: 3906,486: Total time for which application threads were stopped: 0,0000457 seconds, Stopping threads took: 0,0000212 seconds
2017-06-01T07:04:44.432+0200: 3906,486: Total time for which application threads were stopped: 0,0000448 seconds, Stopping threads took: 0,0000164 seconds
2017-06-01T07:04:44.435+0200: 3906,490: Total time for which application threads were stopped: 0,0000937 seconds, Stopping threads took: 0,0000295 seconds
2017-06-01T07:04:44.438+0200: 3906,492: Total time for which application threads were stopped: 0,0026036 seconds, Stopping threads took: 0,0025541 seconds
2017-06-01T07:04:44.438+0200: 3906,492: Total time for which application threads were stopped: 0,0000284 seconds, Stopping threads took: 0,0000080 seconds
2017-06-01T07:04:44.441+0200: 3906,496: Total time for which application threads were stopped: 0,0001076 seconds, Stopping threads took: 0,0000391 seconds
2017-06-01T07:04:44.443+0200: 3906,497: Total time for which application threads were stopped: 0,0010534 seconds, Stopping threads took: 0,0009929 seconds
2017-06-01T07:04:44.443+0200: 3906,497: Total time for which application threads were stopped: 0,0000517 seconds, Stopping threads took: 0,0000279 seconds
2017-06-01T07:04:44.443+0200: 3906,498: Total time for which application threads were stopped: 0,0000966 seconds, Stopping threads took: 0,0000695 seconds
2017-06-01T07:04:44.443+0200: 3906,498: Total time for which application threads were stopped: 0,0000643 seconds, Stopping threads took: 0,0000310 seconds
2017-06-01T07:04:44.443+0200: 3906,498: Total time for which application threads were stopped: 0,0000540 seconds, Stopping threads took: 0,0000273 seconds
2017-06-01T07:04:44.444+0200: 3906,498: Total time for which application threads were stopped: 0,0000384 seconds, Stopping threads took: 0,0000155 seconds
2017-06-01T07:04:44.444+0200: 3906,498: Total time for which application threads were stopped: 0,0000494 seconds, Stopping threads took: 0,0000138 seconds
2017-06-01T07:04:44.444+0200: 3906,498: Total time for which application threads were stopped: 0,0000406 seconds, Stopping threads took: 0,0000184 seconds
2017-06-01T07:04:44.444+0200: 3906,498: Total time for which application threads were stopped: 0,0000406 seconds, Stopping threads took: 0,0000200 seconds
2017-06-01T07:04:44.444+0200: 3906,499: Total time for which application threads were stopped: 0,0000364 seconds, Stopping threads took: 0,0000137 seconds
2017-06-01T07:04:44.444+0200: 3906,499: Total time for which application threads were stopped: 0,0001023 seconds, Stopping threads took: 0,0000149 seconds
2017-06-01T07:04:44.445+0200: 3906,499: Total time for which application threads were stopped: 0,0000584 seconds, Stopping threads took: 0,0000248 seconds
2017-06-01T07:04:44.445+0200: 3906,499: Total time for which application threads were stopped: 0,0000608 seconds, Stopping threads took: 0,0000130 seconds
2017-06-01T07:04:44.446+0200: 3906,500: Total time for which application threads were stopped: 0,0000925 seconds, Stopping threads took: 0,0000288 seconds
2017-06-01T07:04:44.446+0200: 3906,500: Total time for which application threads were stopped: 0,0000712 seconds, Stopping threads took: 0,0000222 seconds
Heap
 par new generation   total 109248K, used 33827K [0x00000000e0000000, 0x00000000e8000000, 0x00000000e8000000)
  eden space 87424K,  22% used [0x00000000e0000000, 0x00000000e1346618, 0x00000000e5560000)
  from space 21824K,  64% used [0x00000000e5560000, 0x00000000e6322730, 0x00000000e6ab0000)
  to   space 21824K,   0% used [0x00000000e6ab0000, 0x00000000e6ab0000, 0x00000000e8000000)
 concurrent mark-sweep generation total 393216K, used 6877K [0x00000000e8000000, 0x0000000100000000, 0x0000000100000000)
 Metaspace       used 28182K, capacity 28744K, committed 29052K, reserved 1075200K
  class space    used 3232K, capacity 3430K, committed 3452K, reserved 1048576K
