OpenJDK 64-Bit Server VM (25.121-b13) for linux-amd64 JRE (1.8.0_121-8u121-b13-0ubuntu1.16.04.2-b13), built on Jan 23 2017 15:51:29 by "buildd" with gcc 5.4.0 20160609
Memory: 4k page, physical 7867800k(7511252k free), swap 8076284k(8076284k free)
CommandLine flags: -XX:CMSInitiatingOccupancyFraction=50 -XX:CMSMaxAbortablePrecleanTime=6000 -XX:+CMSParallelRemarkEnabled -XX:+CMSScavengeBeforeRemark -XX:ConcGCThreads=4 -XX:InitialHeapSize=536870912 -XX:MaxHeapSize=536870912 -XX:MaxTenuringThreshold=8 -XX:NewRatio=3 -XX:OldPLABSize=16 -XX:OnOutOfMemoryError=/opt/solr/bin/oom_solr.sh 8983 /var/solr/logs -XX:ParallelGCThreads=4 -XX:+ParallelRefProcEnabled -XX:PretenureSizeThreshold=67108864 -XX:+PrintGC -XX:+PrintGCApplicationStoppedTime -XX:+PrintGCDateStamps -XX:+PrintGCDetails -XX:+PrintGCTimeStamps -XX:+PrintHeapAtGC -XX:+PrintTenuringDistribution -XX:SurvivorRatio=4 -XX:TargetSurvivorRatio=90 -XX:ThreadStackSize=256 -XX:+UseCMSInitiatingOccupancyOnly -XX:+UseCompressedClassPointers -XX:+UseCompressedOops -XX:+UseConcMarkSweepGC -XX:+UseParNewGC 
2017-02-15T19:24:25.450+0100: 0,139: Total time for which application threads were stopped: 0,0000686 seconds, Stopping threads took: 0,0000101 seconds
2017-02-15T19:24:25.550+0100: 0,238: Total time for which application threads were stopped: 0,0000962 seconds, Stopping threads took: 0,0000179 seconds
2017-02-15T19:24:25.566+0100: 0,255: Total time for which application threads were stopped: 0,0000899 seconds, Stopping threads took: 0,0000141 seconds
2017-02-15T19:24:25.925+0100: 0,614: Total time for which application threads were stopped: 0,0001463 seconds, Stopping threads took: 0,0000174 seconds
2017-02-15T19:24:26.278+0100: 0,967: Total time for which application threads were stopped: 0,0001518 seconds, Stopping threads took: 0,0000125 seconds
2017-02-15T19:24:26.360+0100: 1,049: Total time for which application threads were stopped: 0,0001739 seconds, Stopping threads took: 0,0000179 seconds
2017-02-15T19:24:26.400+0100: 1,089: Total time for which application threads were stopped: 0,0001851 seconds, Stopping threads took: 0,0000221 seconds
2017-02-15T19:24:26.734+0100: 1,422: Total time for which application threads were stopped: 0,0002066 seconds, Stopping threads took: 0,0000206 seconds
2017-02-15T19:24:26.920+0100: 1,609: Total time for which application threads were stopped: 0,0002062 seconds, Stopping threads took: 0,0000178 seconds
2017-02-15T19:24:26.944+0100: 1,633: Total time for which application threads were stopped: 0,0001844 seconds, Stopping threads took: 0,0000189 seconds
2017-02-15T19:24:26.977+0100: 1,666: Total time for which application threads were stopped: 0,0002103 seconds, Stopping threads took: 0,0000256 seconds
2017-02-15T19:24:26.978+0100: 1,667: Total time for which application threads were stopped: 0,0002316 seconds, Stopping threads took: 0,0000128 seconds
2017-02-15T19:24:26.995+0100: 1,684: Total time for which application threads were stopped: 0,0002545 seconds, Stopping threads took: 0,0000312 seconds
2017-02-15T19:24:27.089+0100: 1,778: Total time for which application threads were stopped: 0,0002423 seconds, Stopping threads took: 0,0000217 seconds
2017-02-15T19:24:27.250+0100: 1,939: Total time for which application threads were stopped: 0,0003824 seconds, Stopping threads took: 0,0001052 seconds
{Heap before GC invocations=0 (full 0):
 par new generation   total 109248K, used 87424K [0x00000000e0000000, 0x00000000e8000000, 0x00000000e8000000)
  eden space 87424K, 100% used [0x00000000e0000000, 0x00000000e5560000, 0x00000000e5560000)
  from space 21824K,   0% used [0x00000000e5560000, 0x00000000e5560000, 0x00000000e6ab0000)
  to   space 21824K,   0% used [0x00000000e6ab0000, 0x00000000e6ab0000, 0x00000000e8000000)
 concurrent mark-sweep generation total 393216K, used 0K [0x00000000e8000000, 0x0000000100000000, 0x0000000100000000)
 Metaspace       used 17977K, capacity 18336K, committed 18688K, reserved 1064960K
  class space    used 2035K, capacity 2196K, committed 2304K, reserved 1048576K
2017-02-15T19:24:27.316+0100: 2,004: [GC (Allocation Failure) 2017-02-15T19:24:27.316+0100: 2,004: [ParNew
Desired survivor size 20112992 bytes, new threshold 8 (max 8)
- age   1:   12243144 bytes,   12243144 total
: 87424K->12074K(109248K), 0,0157884 secs] 87424K->12074K(502464K), 0,0158689 secs] [Times: user=0,05 sys=0,00, real=0,02 secs] 
Heap after GC invocations=1 (full 0):
 par new generation   total 109248K, used 12074K [0x00000000e0000000, 0x00000000e8000000, 0x00000000e8000000)
  eden space 87424K,   0% used [0x00000000e0000000, 0x00000000e0000000, 0x00000000e5560000)
  from space 21824K,  55% used [0x00000000e6ab0000, 0x00000000e767a858, 0x00000000e8000000)
  to   space 21824K,   0% used [0x00000000e5560000, 0x00000000e5560000, 0x00000000e6ab0000)
 concurrent mark-sweep generation total 393216K, used 0K [0x00000000e8000000, 0x0000000100000000, 0x0000000100000000)
 Metaspace       used 17977K, capacity 18336K, committed 18688K, reserved 1064960K
  class space    used 2035K, capacity 2196K, committed 2304K, reserved 1048576K
}
2017-02-15T19:24:27.331+0100: 2,020: Total time for which application threads were stopped: 0,0160816 seconds, Stopping threads took: 0,0000261 seconds
2017-02-15T19:24:27.656+0100: 2,345: Total time for which application threads were stopped: 0,0002879 seconds, Stopping threads took: 0,0000335 seconds
{Heap before GC invocations=1 (full 0):
 par new generation   total 109248K, used 99498K [0x00000000e0000000, 0x00000000e8000000, 0x00000000e8000000)
  eden space 87424K, 100% used [0x00000000e0000000, 0x00000000e5560000, 0x00000000e5560000)
  from space 21824K,  55% used [0x00000000e6ab0000, 0x00000000e767a858, 0x00000000e8000000)
  to   space 21824K,   0% used [0x00000000e5560000, 0x00000000e5560000, 0x00000000e6ab0000)
 concurrent mark-sweep generation total 393216K, used 0K [0x00000000e8000000, 0x0000000100000000, 0x0000000100000000)
 Metaspace       used 20039K, capacity 20370K, committed 20736K, reserved 1067008K
  class space    used 2297K, capacity 2471K, committed 2560K, reserved 1048576K
2017-02-15T19:24:27.690+0100: 2,379: [GC (Allocation Failure) 2017-02-15T19:24:27.690+0100: 2,379: [ParNew
Desired survivor size 20112992 bytes, new threshold 8 (max 8)
- age   1:    3813488 bytes,    3813488 total
- age   2:    6457456 bytes,   10270944 total
: 99498K->15396K(109248K), 0,0157988 secs] 99498K->15396K(502464K), 0,0158742 secs] [Times: user=0,05 sys=0,00, real=0,01 secs] 
Heap after GC invocations=2 (full 0):
 par new generation   total 109248K, used 15396K [0x00000000e0000000, 0x00000000e8000000, 0x00000000e8000000)
  eden space 87424K,   0% used [0x00000000e0000000, 0x00000000e0000000, 0x00000000e5560000)
  from space 21824K,  70% used [0x00000000e5560000, 0x00000000e6469100, 0x00000000e6ab0000)
  to   space 21824K,   0% used [0x00000000e6ab0000, 0x00000000e6ab0000, 0x00000000e8000000)
 concurrent mark-sweep generation total 393216K, used 0K [0x00000000e8000000, 0x0000000100000000, 0x0000000100000000)
 Metaspace       used 20039K, capacity 20370K, committed 20736K, reserved 1067008K
  class space    used 2297K, capacity 2471K, committed 2560K, reserved 1048576K
}
2017-02-15T19:24:27.706+0100: 2,395: Total time for which application threads were stopped: 0,0165427 seconds, Stopping threads took: 0,0002382 seconds
2017-02-15T19:24:27.748+0100: 2,437: Total time for which application threads were stopped: 0,0003419 seconds, Stopping threads took: 0,0000659 seconds
2017-02-15T19:24:27.870+0100: 2,559: Total time for which application threads were stopped: 0,0001870 seconds, Stopping threads took: 0,0000604 seconds
{Heap before GC invocations=2 (full 0):
 par new generation   total 109248K, used 102820K [0x00000000e0000000, 0x00000000e8000000, 0x00000000e8000000)
  eden space 87424K, 100% used [0x00000000e0000000, 0x00000000e5560000, 0x00000000e5560000)
  from space 21824K,  70% used [0x00000000e5560000, 0x00000000e6469100, 0x00000000e6ab0000)
  to   space 21824K,   0% used [0x00000000e6ab0000, 0x00000000e6ab0000, 0x00000000e8000000)
 concurrent mark-sweep generation total 393216K, used 0K [0x00000000e8000000, 0x0000000100000000, 0x0000000100000000)
 Metaspace       used 20953K, capacity 21292K, committed 21628K, reserved 1069056K
  class space    used 2419K, capacity 2590K, committed 2684K, reserved 1048576K
2017-02-15T19:24:27.910+0100: 2,599: [GC (Allocation Failure) 2017-02-15T19:24:27.910+0100: 2,599: [ParNew
Desired survivor size 20112992 bytes, new threshold 8 (max 8)
- age   1:    2019392 bytes,    2019392 total
- age   2:    1032144 bytes,    3051536 total
- age   3:    6453440 bytes,    9504976 total
: 102820K->12186K(109248K), 0,0170409 secs] 102820K->12186K(502464K), 0,0171311 secs] [Times: user=0,06 sys=0,00, real=0,01 secs] 
Heap after GC invocations=3 (full 0):
 par new generation   total 109248K, used 12186K [0x00000000e0000000, 0x00000000e8000000, 0x00000000e8000000)
  eden space 87424K,   0% used [0x00000000e0000000, 0x00000000e0000000, 0x00000000e5560000)
  from space 21824K,  55% used [0x00000000e6ab0000, 0x00000000e7696b30, 0x00000000e8000000)
  to   space 21824K,   0% used [0x00000000e5560000, 0x00000000e5560000, 0x00000000e6ab0000)
 concurrent mark-sweep generation total 393216K, used 0K [0x00000000e8000000, 0x0000000100000000, 0x0000000100000000)
 Metaspace       used 20953K, capacity 21292K, committed 21628K, reserved 1069056K
  class space    used 2419K, capacity 2590K, committed 2684K, reserved 1048576K
}
2017-02-15T19:24:27.927+0100: 2,616: Total time for which application threads were stopped: 0,0173532 seconds, Stopping threads took: 0,0000593 seconds
2017-02-15T19:24:27.930+0100: 2,619: [GC (CMS Initial Mark) [1 CMS-initial-mark: 0K(393216K)] 12194K(502464K), 0,0051434 secs] [Times: user=0,02 sys=0,00, real=0,00 secs] 
2017-02-15T19:24:27.935+0100: 2,624: Total time for which application threads were stopped: 0,0077814 seconds, Stopping threads took: 0,0025458 seconds
2017-02-15T19:24:27.935+0100: 2,624: [CMS-concurrent-mark-start]
2017-02-15T19:24:27.935+0100: 2,624: [CMS-concurrent-mark: 0,000/0,000 secs] [Times: user=0,00 sys=0,00, real=0,00 secs] 
2017-02-15T19:24:27.935+0100: 2,624: [CMS-concurrent-preclean-start]
2017-02-15T19:24:27.936+0100: 2,625: [CMS-concurrent-preclean: 0,001/0,001 secs] [Times: user=0,00 sys=0,00, real=0,00 secs] 
2017-02-15T19:24:27.936+0100: 2,625: [GC (CMS Final Remark) [YG occupancy: 13654 K (109248 K)]{Heap before GC invocations=3 (full 1):
 par new generation   total 109248K, used 13654K [0x00000000e0000000, 0x00000000e8000000, 0x00000000e8000000)
  eden space 87424K,   1% used [0x00000000e0000000, 0x00000000e016f070, 0x00000000e5560000)
  from space 21824K,  55% used [0x00000000e6ab0000, 0x00000000e7696b30, 0x00000000e8000000)
  to   space 21824K,   0% used [0x00000000e5560000, 0x00000000e5560000, 0x00000000e6ab0000)
 concurrent mark-sweep generation total 393216K, used 0K [0x00000000e8000000, 0x0000000100000000, 0x0000000100000000)
 Metaspace       used 20953K, capacity 21292K, committed 21628K, reserved 1069056K
  class space    used 2419K, capacity 2590K, committed 2684K, reserved 1048576K
2017-02-15T19:24:27.936+0100: 2,625: [GC (CMS Final Remark) 2017-02-15T19:24:27.936+0100: 2,625: [ParNew
Desired survivor size 20112992 bytes, new threshold 8 (max 8)
- age   1:      28384 bytes,      28384 total
- age   2:    2018624 bytes,    2047008 total
- age   3:    1032144 bytes,    3079152 total
- age   4:    6453784 bytes,    9532936 total
: 13654K->11471K(109248K), 0,0103389 secs] 13654K->11471K(502464K), 0,0103801 secs] [Times: user=0,04 sys=0,00, real=0,01 secs] 
Heap after GC invocations=4 (full 1):
 par new generation   total 109248K, used 11471K [0x00000000e0000000, 0x00000000e8000000, 0x00000000e8000000)
  eden space 87424K,   0% used [0x00000000e0000000, 0x00000000e0000000, 0x00000000e5560000)
  from space 21824K,  52% used [0x00000000e5560000, 0x00000000e6093e90, 0x00000000e6ab0000)
  to   space 21824K,   0% used [0x00000000e6ab0000, 0x00000000e6ab0000, 0x00000000e8000000)
 concurrent mark-sweep generation total 393216K, used 0K [0x00000000e8000000, 0x0000000100000000, 0x0000000100000000)
 Metaspace       used 20953K, capacity 21292K, committed 21628K, reserved 1069056K
  class space    used 2419K, capacity 2590K, committed 2684K, reserved 1048576K
}
2017-02-15T19:24:27.947+0100: 2,636: [Rescan (parallel) , 0,0033046 secs]2017-02-15T19:24:27.950+0100: 2,639: [weak refs processing, 0,0005282 secs]2017-02-15T19:24:27.951+0100: 2,639: [class unloading, 0,0027413 secs]2017-02-15T19:24:27.953+0100: 2,642: [scrub symbol table, 0,0030912 secs]2017-02-15T19:24:27.957+0100: 2,645: [scrub string table, 0,0003685 secs][1 CMS-remark: 0K(393216K)] 11471K(502464K), 0,0210122 secs] [Times: user=0,06 sys=0,00, real=0,02 secs] 
2017-02-15T19:24:27.957+0100: 2,646: Total time for which application threads were stopped: 0,0211205 seconds, Stopping threads took: 0,0000282 seconds
2017-02-15T19:24:27.958+0100: 2,646: [CMS-concurrent-sweep-start]
2017-02-15T19:24:27.958+0100: 2,646: [CMS-concurrent-sweep: 0,000/0,000 secs] [Times: user=0,00 sys=0,00, real=0,00 secs] 
2017-02-15T19:24:27.958+0100: 2,646: [CMS-concurrent-reset-start]
2017-02-15T19:24:27.960+0100: 2,648: [CMS-concurrent-reset: 0,002/0,002 secs] [Times: user=0,00 sys=0,01, real=0,00 secs] 
{Heap before GC invocations=4 (full 1):
 par new generation   total 109248K, used 98895K [0x00000000e0000000, 0x00000000e8000000, 0x00000000e8000000)
  eden space 87424K, 100% used [0x00000000e0000000, 0x00000000e5560000, 0x00000000e5560000)
  from space 21824K,  52% used [0x00000000e5560000, 0x00000000e6093e90, 0x00000000e6ab0000)
  to   space 21824K,   0% used [0x00000000e6ab0000, 0x00000000e6ab0000, 0x00000000e8000000)
 concurrent mark-sweep generation total 393216K, used 0K [0x00000000e8000000, 0x0000000100000000, 0x0000000100000000)
 Metaspace       used 21196K, capacity 21574K, committed 21884K, reserved 1069056K
  class space    used 2448K, capacity 2606K, committed 2684K, reserved 1048576K
2017-02-15T19:24:28.061+0100: 2,750: [GC (Allocation Failure) 2017-02-15T19:24:28.061+0100: 2,750: [ParNew
Desired survivor size 20112992 bytes, new threshold 8 (max 8)
- age   1:     730696 bytes,     730696 total
- age   2:        544 bytes,     731240 total
- age   3:    1477432 bytes,    2208672 total
- age   4:    1002672 bytes,    3211344 total
- age   5:    6453560 bytes,    9664904 total
: 98895K->14225K(109248K), 0,0114485 secs] 98895K->14225K(502464K), 0,0115338 secs] [Times: user=0,04 sys=0,00, real=0,02 secs] 
Heap after GC invocations=5 (full 1):
 par new generation   total 109248K, used 14225K [0x00000000e0000000, 0x00000000e8000000, 0x00000000e8000000)
  eden space 87424K,   0% used [0x00000000e0000000, 0x00000000e0000000, 0x00000000e5560000)
  from space 21824K,  65% used [0x00000000e6ab0000, 0x00000000e7894770, 0x00000000e8000000)
  to   space 21824K,   0% used [0x00000000e5560000, 0x00000000e5560000, 0x00000000e6ab0000)
 concurrent mark-sweep generation total 393216K, used 0K [0x00000000e8000000, 0x0000000100000000, 0x0000000100000000)
 Metaspace       used 21196K, capacity 21574K, committed 21884K, reserved 1069056K
  class space    used 2448K, capacity 2606K, committed 2684K, reserved 1048576K
}
2017-02-15T19:24:28.072+0100: 2,761: Total time for which application threads were stopped: 0,0118046 seconds, Stopping threads took: 0,0000935 seconds
{Heap before GC invocations=5 (full 1):
 par new generation   total 109248K, used 101649K [0x00000000e0000000, 0x00000000e8000000, 0x00000000e8000000)
  eden space 87424K, 100% used [0x00000000e0000000, 0x00000000e5560000, 0x00000000e5560000)
  from space 21824K,  65% used [0x00000000e6ab0000, 0x00000000e7894770, 0x00000000e8000000)
  to   space 21824K,   0% used [0x00000000e5560000, 0x00000000e5560000, 0x00000000e6ab0000)
 concurrent mark-sweep generation total 393216K, used 0K [0x00000000e8000000, 0x0000000100000000, 0x0000000100000000)
 Metaspace       used 21360K, capacity 21740K, committed 21884K, reserved 1069056K
  class space    used 2468K, capacity 2639K, committed 2684K, reserved 1048576K
2017-02-15T19:24:28.158+0100: 2,847: [GC (Allocation Failure) 2017-02-15T19:24:28.158+0100: 2,847: [ParNew
Desired survivor size 20112992 bytes, new threshold 8 (max 8)
- age   1:     721560 bytes,     721560 total
- age   2:     176736 bytes,     898296 total
- age   3:        400 bytes,     898696 total
- age   4:    1477136 bytes,    2375832 total
- age   5:     998752 bytes,    3374584 total
- age   6:    6453488 bytes,    9828072 total
: 101649K->12077K(109248K), 0,0091643 secs] 101649K->12077K(502464K), 0,0092344 secs] [Times: user=0,03 sys=0,00, real=0,01 secs] 
Heap after GC invocations=6 (full 1):
 par new generation   total 109248K, used 12077K [0x00000000e0000000, 0x00000000e8000000, 0x00000000e8000000)
  eden space 87424K,   0% used [0x00000000e0000000, 0x00000000e0000000, 0x00000000e5560000)
  from space 21824K,  55% used [0x00000000e5560000, 0x00000000e612b5f0, 0x00000000e6ab0000)
  to   space 21824K,   0% used [0x00000000e6ab0000, 0x00000000e6ab0000, 0x00000000e8000000)
 concurrent mark-sweep generation total 393216K, used 0K [0x00000000e8000000, 0x0000000100000000, 0x0000000100000000)
 Metaspace       used 21360K, capacity 21740K, committed 21884K, reserved 1069056K
  class space    used 2468K, capacity 2639K, committed 2684K, reserved 1048576K
}
2017-02-15T19:24:28.167+0100: 2,856: Total time for which application threads were stopped: 0,0124777 seconds, Stopping threads took: 0,0030896 seconds
2017-02-15T19:24:28.197+0100: 2,886: Total time for which application threads were stopped: 0,0003116 seconds, Stopping threads took: 0,0000170 seconds
2017-02-15T19:24:28.368+0100: 3,057: Total time for which application threads were stopped: 0,0004689 seconds, Stopping threads took: 0,0000698 seconds
2017-02-15T19:24:28.382+0100: 3,070: Total time for which application threads were stopped: 0,0003850 seconds, Stopping threads took: 0,0000456 seconds
{Heap before GC invocations=6 (full 1):
 par new generation   total 109248K, used 99501K [0x00000000e0000000, 0x00000000e8000000, 0x00000000e8000000)
  eden space 87424K, 100% used [0x00000000e0000000, 0x00000000e5560000, 0x00000000e5560000)
  from space 21824K,  55% used [0x00000000e5560000, 0x00000000e612b5f0, 0x00000000e6ab0000)
  to   space 21824K,   0% used [0x00000000e6ab0000, 0x00000000e6ab0000, 0x00000000e8000000)
 concurrent mark-sweep generation total 393216K, used 0K [0x00000000e8000000, 0x0000000100000000, 0x0000000100000000)
 Metaspace       used 24397K, capacity 24896K, committed 25084K, reserved 1071104K
  class space    used 2865K, capacity 3049K, committed 3068K, reserved 1048576K
2017-02-15T19:24:28.566+0100: 3,255: [GC (Allocation Failure) 2017-02-15T19:24:28.566+0100: 3,255: [ParNew
Desired survivor size 20112992 bytes, new threshold 8 (max 8)
- age   1:    5156440 bytes,    5156440 total
- age   2:     115592 bytes,    5272032 total
- age   3:     175304 bytes,    5447336 total
- age   4:        376 bytes,    5447712 total
- age   5:     307248 bytes,    5754960 total
- age   6:     974456 bytes,    6729416 total
- age   7:    6446096 bytes,   13175512 total
: 99501K->18666K(109248K), 0,0136826 secs] 99501K->18666K(502464K), 0,0137618 secs] [Times: user=0,05 sys=0,00, real=0,01 secs] 
Heap after GC invocations=7 (full 1):
 par new generation   total 109248K, used 18666K [0x00000000e0000000, 0x00000000e8000000, 0x00000000e8000000)
  eden space 87424K,   0% used [0x00000000e0000000, 0x00000000e0000000, 0x00000000e5560000)
  from space 21824K,  85% used [0x00000000e6ab0000, 0x00000000e7cea9f8, 0x00000000e8000000)
  to   space 21824K,   0% used [0x00000000e5560000, 0x00000000e5560000, 0x00000000e6ab0000)
 concurrent mark-sweep generation total 393216K, used 0K [0x00000000e8000000, 0x0000000100000000, 0x0000000100000000)
 Metaspace       used 24397K, capacity 24896K, committed 25084K, reserved 1071104K
  class space    used 2865K, capacity 3049K, committed 3068K, reserved 1048576K
}
2017-02-15T19:24:28.580+0100: 3,268: Total time for which application threads were stopped: 0,0147018 seconds, Stopping threads took: 0,0007064 seconds
2017-02-15T19:24:28.707+0100: 3,396: Total time for which application threads were stopped: 0,0002035 seconds, Stopping threads took: 0,0000754 seconds
{Heap before GC invocations=7 (full 1):
 par new generation   total 109248K, used 106122K [0x00000000e0000000, 0x00000000e8000000, 0x00000000e8000000)
  eden space 87424K, 100% used [0x00000000e0000000, 0x00000000e5560000, 0x00000000e5560000)
  from space 21824K,  85% used [0x00000000e6ab0000, 0x00000000e7cf2a08, 0x00000000e8000000)
  to   space 21824K,   0% used [0x00000000e5560000, 0x00000000e5560000, 0x00000000e6ab0000)
 concurrent mark-sweep generation total 393216K, used 0K [0x00000000e8000000, 0x0000000100000000, 0x0000000100000000)
 Metaspace       used 24900K, capacity 25398K, committed 25724K, reserved 1071104K
  class space    used 2910K, capacity 3085K, committed 3196K, reserved 1048576K
2017-02-15T19:24:28.707+0100: 3,396: [GC (Allocation Failure) 2017-02-15T19:24:28.708+0100: 3,396: [ParNew
Desired survivor size 20112992 bytes, new threshold 8 (max 8)
- age   1:    1138144 bytes,    1138144 total
- age   2:    2019592 bytes,    3157736 total
- age   3:      84328 bytes,    3242064 total
- age   4:     133128 bytes,    3375192 total
- age   5:        376 bytes,    3375568 total
- age   6:     260112 bytes,    3635680 total
- age   7:     768960 bytes,    4404640 total
- age   8:    6356056 bytes,   10760696 total
: 106122K->13798K(109248K), 0,0106232 secs] 106122K->13798K(502464K), 0,0107034 secs] [Times: user=0,04 sys=0,00, real=0,01 secs] 
Heap after GC invocations=8 (full 1):
 par new generation   total 109248K, used 13798K [0x00000000e0000000, 0x00000000e8000000, 0x00000000e8000000)
  eden space 87424K,   0% used [0x00000000e0000000, 0x00000000e0000000, 0x00000000e5560000)
  from space 21824K,  63% used [0x00000000e5560000, 0x00000000e62d98c0, 0x00000000e6ab0000)
  to   space 21824K,   0% used [0x00000000e6ab0000, 0x00000000e6ab0000, 0x00000000e8000000)
 concurrent mark-sweep generation total 393216K, used 0K [0x00000000e8000000, 0x0000000100000000, 0x0000000100000000)
 Metaspace       used 24900K, capacity 25398K, committed 25724K, reserved 1071104K
  class space    used 2910K, capacity 3085K, committed 3196K, reserved 1048576K
}
2017-02-15T19:24:28.718+0100: 3,407: Total time for which application threads were stopped: 0,0108886 seconds, Stopping threads took: 0,0000345 seconds
{Heap before GC invocations=8 (full 1):
 par new generation   total 109248K, used 16789K [0x00000000e0000000, 0x00000000e8000000, 0x00000000e8000000)
  eden space 87424K,   3% used [0x00000000e0000000, 0x00000000e02ebbf8, 0x00000000e5560000)
  from space 21824K,  63% used [0x00000000e5560000, 0x00000000e62d98c0, 0x00000000e6ab0000)
  to   space 21824K,   0% used [0x00000000e6ab0000, 0x00000000e6ab0000, 0x00000000e8000000)
 concurrent mark-sweep generation total 393216K, used 0K [0x00000000e8000000, 0x0000000100000000, 0x0000000100000000)
 Metaspace       used 24902K, capacity 25398K, committed 25724K, reserved 1071104K
  class space    used 2910K, capacity 3085K, committed 3196K, reserved 1048576K
2017-02-15T19:24:28.722+0100: 3,411: [GC (GCLocker Initiated GC) 2017-02-15T19:24:28.723+0100: 3,411: [ParNew
Desired survivor size 20112992 bytes, new threshold 8 (max 8)
- age   1:       6800 bytes,       6800 total
- age   2:     566536 bytes,     573336 total
- age   3:    2007232 bytes,    2580568 total
- age   4:      84328 bytes,    2664896 total
- age   5:     133128 bytes,    2798024 total
- age   6:        376 bytes,    2798400 total
- age   7:     260112 bytes,    3058512 total
- age   8:     768960 bytes,    3827472 total
: 16789K->7081K(109248K), 0,0361293 secs] 16789K->13371K(502464K), 0,0361999 secs] [Times: user=0,09 sys=0,00, real=0,03 secs] 
Heap after GC invocations=9 (full 1):
 par new generation   total 109248K, used 7081K [0x00000000e0000000, 0x00000000e8000000, 0x00000000e8000000)
  eden space 87424K,   0% used [0x00000000e0000000, 0x00000000e0000000, 0x00000000e5560000)
  from space 21824K,  32% used [0x00000000e6ab0000, 0x00000000e719a730, 0x00000000e8000000)
  to   space 21824K,   0% used [0x00000000e5560000, 0x00000000e5560000, 0x00000000e6ab0000)
 concurrent mark-sweep generation total 393216K, used 6289K [0x00000000e8000000, 0x0000000100000000, 0x0000000100000000)
 Metaspace       used 24902K, capacity 25398K, committed 25724K, reserved 1071104K
  class space    used 2910K, capacity 3085K, committed 3196K, reserved 1048576K
}
2017-02-15T19:24:28.759+0100: 3,447: Total time for which application threads were stopped: 0,0363787 seconds, Stopping threads took: 0,0000342 seconds
2017-02-15T19:24:28.944+0100: 3,632: Total time for which application threads were stopped: 0,0004552 seconds, Stopping threads took: 0,0000213 seconds
2017-02-15T19:24:28.995+0100: 3,684: Total time for which application threads were stopped: 0,0004719 seconds, Stopping threads took: 0,0000491 seconds
2017-02-15T19:24:29.010+0100: 3,699: Total time for which application threads were stopped: 0,0003965 seconds, Stopping threads took: 0,0000193 seconds
2017-02-15T19:24:29.099+0100: 3,788: Total time for which application threads were stopped: 0,0005186 seconds, Stopping threads took: 0,0000325 seconds
2017-02-15T19:24:29.266+0100: 3,955: Total time for which application threads were stopped: 0,0005249 seconds, Stopping threads took: 0,0000299 seconds
2017-02-15T19:24:29.362+0100: 4,051: Total time for which application threads were stopped: 0,0005018 seconds, Stopping threads took: 0,0000320 seconds
2017-02-15T19:24:32.362+0100: 7,051: Total time for which application threads were stopped: 0,0001084 seconds, Stopping threads took: 0,0000248 seconds
2017-02-15T19:24:36.363+0100: 11,051: Total time for which application threads were stopped: 0,0001028 seconds, Stopping threads took: 0,0000257 seconds
2017-02-15T19:24:46.364+0100: 21,053: Total time for which application threads were stopped: 0,0000699 seconds, Stopping threads took: 0,0000166 seconds
2017-02-15T19:24:57.365+0100: 32,054: Total time for which application threads were stopped: 0,0000918 seconds, Stopping threads took: 0,0000371 seconds
2017-02-15T19:25:17.367+0100: 52,056: Total time for which application threads were stopped: 0,0000896 seconds, Stopping threads took: 0,0000358 seconds
2017-02-15T19:25:36.369+0100: 71,058: Total time for which application threads were stopped: 0,0001636 seconds, Stopping threads took: 0,0000334 seconds
2017-02-15T19:25:51.371+0100: 86,060: Total time for which application threads were stopped: 0,0001129 seconds, Stopping threads took: 0,0000221 seconds
2017-02-15T19:26:06.373+0100: 101,062: Total time for which application threads were stopped: 0,0001235 seconds, Stopping threads took: 0,0000449 seconds
2017-02-15T19:26:22.375+0100: 117,064: Total time for which application threads were stopped: 0,0000707 seconds, Stopping threads took: 0,0000174 seconds
2017-02-15T19:26:27.376+0100: 122,065: Total time for which application threads were stopped: 0,0001088 seconds, Stopping threads took: 0,0000248 seconds
2017-02-15T19:26:32.377+0100: 127,065: Total time for which application threads were stopped: 0,0000872 seconds, Stopping threads took: 0,0000339 seconds
2017-02-15T19:26:41.378+0100: 136,067: Total time for which application threads were stopped: 0,0000830 seconds, Stopping threads took: 0,0000188 seconds
2017-02-15T19:26:56.380+0100: 151,068: Total time for which application threads were stopped: 0,0001002 seconds, Stopping threads took: 0,0000237 seconds
2017-02-15T19:27:11.381+0100: 166,070: Total time for which application threads were stopped: 0,0001096 seconds, Stopping threads took: 0,0000361 seconds
2017-02-15T19:27:26.384+0100: 181,072: Total time for which application threads were stopped: 0,0000895 seconds, Stopping threads took: 0,0000208 seconds
2017-02-15T19:28:52.394+0100: 267,083: Total time for which application threads were stopped: 0,0001210 seconds, Stopping threads took: 0,0000361 seconds
2017-02-15T19:29:01.396+0100: 276,084: Total time for which application threads were stopped: 0,0001030 seconds, Stopping threads took: 0,0000382 seconds
2017-02-15T19:47:56.537+0100: 1411,226: Total time for which application threads were stopped: 0,0001166 seconds, Stopping threads took: 0,0000402 seconds
2017-02-15T19:51:46.561+0100: 1641,250: Total time for which application threads were stopped: 0,0001054 seconds, Stopping threads took: 0,0000381 seconds
2017-02-15T20:02:46.632+0100: 2301,321: Total time for which application threads were stopped: 0,0001023 seconds, Stopping threads took: 0,0000367 seconds
2017-02-15T20:02:47.632+0100: 2302,321: Total time for which application threads were stopped: 0,0000678 seconds, Stopping threads took: 0,0000147 seconds
2017-02-15T20:07:57.663+0100: 2612,352: Total time for which application threads were stopped: 0,0001104 seconds, Stopping threads took: 0,0000443 seconds
2017-02-15T20:19:07.736+0100: 3282,425: Total time for which application threads were stopped: 0,0000961 seconds, Stopping threads took: 0,0000347 seconds
2017-02-15T20:29:41.812+0100: 3916,501: Total time for which application threads were stopped: 0,0000836 seconds, Stopping threads took: 0,0000300 seconds
{Heap before GC invocations=9 (full 1):
 par new generation   total 109248K, used 94505K [0x00000000e0000000, 0x00000000e8000000, 0x00000000e8000000)
  eden space 87424K, 100% used [0x00000000e0000000, 0x00000000e5560000, 0x00000000e5560000)
  from space 21824K,  32% used [0x00000000e6ab0000, 0x00000000e719a730, 0x00000000e8000000)
  to   space 21824K,   0% used [0x00000000e5560000, 0x00000000e5560000, 0x00000000e6ab0000)
 concurrent mark-sweep generation total 393216K, used 6289K [0x00000000e8000000, 0x0000000100000000, 0x0000000100000000)
 Metaspace       used 28063K, capacity 28600K, committed 28796K, reserved 1075200K
  class space    used 3227K, capacity 3400K, committed 3452K, reserved 1048576K
2017-02-15T20:32:06.661+0100: 4061,350: [GC (Allocation Failure) 2017-02-15T20:32:06.661+0100: 4061,350: [ParNew
Desired survivor size 20112992 bytes, new threshold 8 (max 8)
- age   1:   12745600 bytes,   12745600 total
- age   2:       6744 bytes,   12752344 total
- age   3:     327392 bytes,   13079736 total
- age   4:    1821480 bytes,   14901216 total
- age   5:      84328 bytes,   14985544 total
- age   6:     133000 bytes,   15118544 total
- age   7:        376 bytes,   15118920 total
- age   8:     260016 bytes,   15378936 total
: 94505K->15984K(109248K), 0,0762815 secs] 100795K->23121K(502464K), 0,0763802 secs] [Times: user=0,06 sys=0,00, real=0,08 secs] 
Heap after GC invocations=10 (full 1):
 par new generation   total 109248K, used 15984K [0x00000000e0000000, 0x00000000e8000000, 0x00000000e8000000)
  eden space 87424K,   0% used [0x00000000e0000000, 0x00000000e0000000, 0x00000000e5560000)
  from space 21824K,  73% used [0x00000000e5560000, 0x00000000e64fc220, 0x00000000e6ab0000)
  to   space 21824K,   0% used [0x00000000e6ab0000, 0x00000000e6ab0000, 0x00000000e8000000)
 concurrent mark-sweep generation total 393216K, used 7136K [0x00000000e8000000, 0x0000000100000000, 0x0000000100000000)
 Metaspace       used 28063K, capacity 28600K, committed 28796K, reserved 1075200K
  class space    used 3227K, capacity 3400K, committed 3452K, reserved 1048576K
}
2017-02-15T20:32:06.738+0100: 4061,426: Total time for which application threads were stopped: 0,0772198 seconds, Stopping threads took: 0,0006474 seconds
2017-02-15T20:32:06.740+0100: 4061,428: Total time for which application threads were stopped: 0,0001550 seconds, Stopping threads took: 0,0000708 seconds
2017-02-15T20:32:06.763+0100: 4061,452: Total time for which application threads were stopped: 0,0001533 seconds, Stopping threads took: 0,0000366 seconds
2017-02-15T20:32:06.765+0100: 4061,454: Total time for which application threads were stopped: 0,0001378 seconds, Stopping threads took: 0,0000416 seconds
2017-02-15T20:32:06.771+0100: 4061,460: Total time for which application threads were stopped: 0,0001329 seconds, Stopping threads took: 0,0000273 seconds
Heap
 par new generation   total 109248K, used 21063K [0x00000000e0000000, 0x00000000e8000000, 0x00000000e8000000)
  eden space 87424K,   5% used [0x00000000e0000000, 0x00000000e04f5a60, 0x00000000e5560000)
  from space 21824K,  73% used [0x00000000e5560000, 0x00000000e64fc220, 0x00000000e6ab0000)
  to   space 21824K,   0% used [0x00000000e6ab0000, 0x00000000e6ab0000, 0x00000000e8000000)
 concurrent mark-sweep generation total 393216K, used 7136K [0x00000000e8000000, 0x0000000100000000, 0x0000000100000000)
 Metaspace       used 28135K, capacity 28764K, committed 28796K, reserved 1075200K
  class space    used 3235K, capacity 3432K, committed 3452K, reserved 1048576K
