OpenJDK 64-Bit Server VM (25.111-b14) for linux-amd64 JRE (1.8.0_111-8u111-b14-2ubuntu0.16.04.2-b14), built on Oct 27 2016 18:10:19 by "buildd" with gcc 5.4.0 20160609
Memory: 4k page, physical 7867804k(7509324k free), swap 8076284k(8076284k free)
CommandLine flags: -XX:CMSInitiatingOccupancyFraction=50 -XX:CMSMaxAbortablePrecleanTime=6000 -XX:+CMSParallelRemarkEnabled -XX:+CMSScavengeBeforeRemark -XX:ConcGCThreads=4 -XX:InitialHeapSize=536870912 -XX:MaxHeapSize=536870912 -XX:MaxTenuringThreshold=8 -XX:NewRatio=3 -XX:OldPLABSize=16 -XX:OnOutOfMemoryError=/opt/solr/bin/oom_solr.sh 8983 /var/solr/logs -XX:ParallelGCThreads=4 -XX:+ParallelRefProcEnabled -XX:PretenureSizeThreshold=67108864 -XX:+PrintGC -XX:+PrintGCApplicationStoppedTime -XX:+PrintGCDateStamps -XX:+PrintGCDetails -XX:+PrintGCTimeStamps -XX:+PrintHeapAtGC -XX:+PrintTenuringDistribution -XX:SurvivorRatio=4 -XX:TargetSurvivorRatio=90 -XX:ThreadStackSize=256 -XX:+UseCMSInitiatingOccupancyOnly -XX:+UseCompressedClassPointers -XX:+UseCompressedOops -XX:+UseConcMarkSweepGC -XX:+UseParNewGC 
2016-12-27T17:49:42.747+0100: 0,141: Total time for which application threads were stopped: 0,0000950 seconds, Stopping threads took: 0,0000231 seconds
2016-12-27T17:49:42.827+0100: 0,222: Total time for which application threads were stopped: 0,0001446 seconds, Stopping threads took: 0,0000288 seconds
2016-12-27T17:49:42.841+0100: 0,235: Total time for which application threads were stopped: 0,0001020 seconds, Stopping threads took: 0,0000263 seconds
2016-12-27T17:49:43.039+0100: 0,434: Total time for which application threads were stopped: 0,0001482 seconds, Stopping threads took: 0,0000117 seconds
2016-12-27T17:49:43.406+0100: 0,801: Total time for which application threads were stopped: 0,0001656 seconds, Stopping threads took: 0,0000263 seconds
2016-12-27T17:49:43.581+0100: 0,976: Total time for which application threads were stopped: 0,0001782 seconds, Stopping threads took: 0,0000280 seconds
2016-12-27T17:49:43.628+0100: 1,023: Total time for which application threads were stopped: 0,0001794 seconds, Stopping threads took: 0,0000292 seconds
2016-12-27T17:49:43.987+0100: 1,382: Total time for which application threads were stopped: 0,0001739 seconds, Stopping threads took: 0,0000156 seconds
2016-12-27T17:49:44.208+0100: 1,603: Total time for which application threads were stopped: 0,0002213 seconds, Stopping threads took: 0,0000172 seconds
2016-12-27T17:49:44.233+0100: 1,628: Total time for which application threads were stopped: 0,0001845 seconds, Stopping threads took: 0,0000210 seconds
2016-12-27T17:49:44.234+0100: 1,629: Total time for which application threads were stopped: 0,0001334 seconds, Stopping threads took: 0,0000087 seconds
2016-12-27T17:49:44.250+0100: 1,645: Total time for which application threads were stopped: 0,0008652 seconds, Stopping threads took: 0,0000794 seconds
2016-12-27T17:49:44.354+0100: 1,749: Total time for which application threads were stopped: 0,0002413 seconds, Stopping threads took: 0,0000243 seconds
2016-12-27T17:49:44.512+0100: 1,907: Total time for which application threads were stopped: 0,0004256 seconds, Stopping threads took: 0,0002278 seconds
{Heap before GC invocations=0 (full 0):
 par new generation   total 109248K, used 87424K [0x00000000e0000000, 0x00000000e8000000, 0x00000000e8000000)
  eden space 87424K, 100% used [0x00000000e0000000, 0x00000000e5560000, 0x00000000e5560000)
  from space 21824K,   0% used [0x00000000e5560000, 0x00000000e5560000, 0x00000000e6ab0000)
  to   space 21824K,   0% used [0x00000000e6ab0000, 0x00000000e6ab0000, 0x00000000e8000000)
 concurrent mark-sweep generation total 393216K, used 0K [0x00000000e8000000, 0x0000000100000000, 0x0000000100000000)
 Metaspace       used 18340K, capacity 18686K, committed 18944K, reserved 1067008K
  class space    used 2091K, capacity 2226K, committed 2304K, reserved 1048576K
2016-12-27T17:49:44.642+0100: 2,037: [GC (Allocation Failure) 2016-12-27T17:49:44.643+0100: 2,037: [ParNew
Desired survivor size 20112992 bytes, new threshold 8 (max 8)
- age   1:   12578456 bytes,   12578456 total
: 87424K->12393K(109248K), 0,0168851 secs] 87424K->12393K(502464K), 0,0169736 secs] [Times: user=0,04 sys=0,02, real=0,02 secs] 
Heap after GC invocations=1 (full 0):
 par new generation   total 109248K, used 12393K [0x00000000e0000000, 0x00000000e8000000, 0x00000000e8000000)
  eden space 87424K,   0% used [0x00000000e0000000, 0x00000000e0000000, 0x00000000e5560000)
  from space 21824K,  56% used [0x00000000e6ab0000, 0x00000000e76ca6b0, 0x00000000e8000000)
  to   space 21824K,   0% used [0x00000000e5560000, 0x00000000e5560000, 0x00000000e6ab0000)
 concurrent mark-sweep generation total 393216K, used 0K [0x00000000e8000000, 0x0000000100000000, 0x0000000100000000)
 Metaspace       used 18340K, capacity 18686K, committed 18944K, reserved 1067008K
  class space    used 2091K, capacity 2226K, committed 2304K, reserved 1048576K
}
2016-12-27T17:49:44.660+0100: 2,054: Total time for which application threads were stopped: 0,0171600 seconds, Stopping threads took: 0,0000220 seconds
2016-12-27T17:49:44.822+0100: 2,217: Total time for which application threads were stopped: 0,0002544 seconds, Stopping threads took: 0,0000225 seconds
2016-12-27T17:49:44.856+0100: 2,251: Total time for which application threads were stopped: 0,0003689 seconds, Stopping threads took: 0,0000550 seconds
2016-12-27T17:49:44.883+0100: 2,277: Total time for which application threads were stopped: 0,0003135 seconds, Stopping threads took: 0,0000425 seconds
{Heap before GC invocations=1 (full 0):
 par new generation   total 109248K, used 99817K [0x00000000e0000000, 0x00000000e8000000, 0x00000000e8000000)
  eden space 87424K, 100% used [0x00000000e0000000, 0x00000000e5560000, 0x00000000e5560000)
  from space 21824K,  56% used [0x00000000e6ab0000, 0x00000000e76ca6b0, 0x00000000e8000000)
  to   space 21824K,   0% used [0x00000000e5560000, 0x00000000e5560000, 0x00000000e6ab0000)
 concurrent mark-sweep generation total 393216K, used 0K [0x00000000e8000000, 0x0000000100000000, 0x0000000100000000)
 Metaspace       used 20710K, capacity 21020K, committed 21248K, reserved 1069056K
  class space    used 2404K, capacity 2518K, committed 2560K, reserved 1048576K
2016-12-27T17:49:45.053+0100: 2,448: [GC (Allocation Failure) 2016-12-27T17:49:45.053+0100: 2,448: [ParNew
Desired survivor size 20112992 bytes, new threshold 8 (max 8)
- age   1:    2712280 bytes,    2712280 total
- age   2:    6139136 bytes,    8851416 total
: 99817K->11414K(109248K), 0,0176968 secs] 99817K->11414K(502464K), 0,0177873 secs] [Times: user=0,06 sys=0,01, real=0,02 secs] 
Heap after GC invocations=2 (full 0):
 par new generation   total 109248K, used 11414K [0x00000000e0000000, 0x00000000e8000000, 0x00000000e8000000)
  eden space 87424K,   0% used [0x00000000e0000000, 0x00000000e0000000, 0x00000000e5560000)
  from space 21824K,  52% used [0x00000000e5560000, 0x00000000e6085b40, 0x00000000e6ab0000)
  to   space 21824K,   0% used [0x00000000e6ab0000, 0x00000000e6ab0000, 0x00000000e8000000)
 concurrent mark-sweep generation total 393216K, used 0K [0x00000000e8000000, 0x0000000100000000, 0x0000000100000000)
 Metaspace       used 20710K, capacity 21020K, committed 21248K, reserved 1069056K
  class space    used 2404K, capacity 2518K, committed 2560K, reserved 1048576K
}
2016-12-27T17:49:45.071+0100: 2,466: Total time for which application threads were stopped: 0,0180738 seconds, Stopping threads took: 0,0000681 seconds
2016-12-27T17:49:45.118+0100: 2,512: Total time for which application threads were stopped: 0,0000712 seconds, Stopping threads took: 0,0000138 seconds
2016-12-27T17:49:45.150+0100: 2,544: Total time for which application threads were stopped: 0,0002683 seconds, Stopping threads took: 0,0000198 seconds
2016-12-27T17:49:45.156+0100: 2,550: Total time for which application threads were stopped: 0,0001036 seconds, Stopping threads took: 0,0000268 seconds
2016-12-27T17:49:45.175+0100: 2,569: Total time for which application threads were stopped: 0,0000822 seconds, Stopping threads took: 0,0000170 seconds
2016-12-27T17:49:45.251+0100: 2,646: Total time for which application threads were stopped: 0,0001714 seconds, Stopping threads took: 0,0000647 seconds
2016-12-27T17:49:45.268+0100: 2,663: Total time for which application threads were stopped: 0,0000812 seconds, Stopping threads took: 0,0000170 seconds
2016-12-27T17:49:45.276+0100: 2,670: Total time for which application threads were stopped: 0,0002684 seconds, Stopping threads took: 0,0000136 seconds
2016-12-27T17:49:45.284+0100: 2,679: Total time for which application threads were stopped: 0,0003010 seconds, Stopping threads took: 0,0000226 seconds
2016-12-27T17:49:45.285+0100: 2,680: Total time for which application threads were stopped: 0,0001092 seconds, Stopping threads took: 0,0000591 seconds
2016-12-27T17:49:45.326+0100: 2,721: Total time for which application threads were stopped: 0,0000794 seconds, Stopping threads took: 0,0000191 seconds
2016-12-27T17:49:45.342+0100: 2,737: Total time for which application threads were stopped: 0,0000806 seconds, Stopping threads took: 0,0000234 seconds
2016-12-27T17:49:45.361+0100: 2,755: Total time for which application threads were stopped: 0,0000716 seconds, Stopping threads took: 0,0000149 seconds
2016-12-27T17:49:45.377+0100: 2,772: Total time for which application threads were stopped: 0,0000817 seconds, Stopping threads took: 0,0000213 seconds
2016-12-27T17:49:45.408+0100: 2,803: Total time for which application threads were stopped: 0,0001442 seconds, Stopping threads took: 0,0000377 seconds
2016-12-27T17:49:45.469+0100: 2,864: Total time for which application threads were stopped: 0,0001706 seconds, Stopping threads took: 0,0000811 seconds
2016-12-27T17:49:45.502+0100: 2,897: Total time for which application threads were stopped: 0,0001174 seconds, Stopping threads took: 0,0000399 seconds
{Heap before GC invocations=2 (full 0):
 par new generation   total 109248K, used 98838K [0x00000000e0000000, 0x00000000e8000000, 0x00000000e8000000)
  eden space 87424K, 100% used [0x00000000e0000000, 0x00000000e5560000, 0x00000000e5560000)
  from space 21824K,  52% used [0x00000000e5560000, 0x00000000e6085b40, 0x00000000e6ab0000)
  to   space 21824K,   0% used [0x00000000e6ab0000, 0x00000000e6ab0000, 0x00000000e8000000)
 concurrent mark-sweep generation total 393216K, used 0K [0x00000000e8000000, 0x0000000100000000, 0x0000000100000000)
 Metaspace       used 24863K, capacity 25223K, committed 25536K, reserved 1071104K
  class space    used 2897K, capacity 3024K, committed 3092K, reserved 1048576K
2016-12-27T17:49:45.522+0100: 2,916: [GC (Allocation Failure) 2016-12-27T17:49:45.522+0100: 2,916: [ParNew
Desired survivor size 20112992 bytes, new threshold 8 (max 8)
- age   1:    6696768 bytes,    6696768 total
- age   2:     513160 bytes,    7209928 total
- age   3:    6130208 bytes,   13340136 total
: 98838K->14145K(109248K), 0,0146653 secs] 98838K->14145K(502464K), 0,0147577 secs] [Times: user=0,05 sys=0,00, real=0,01 secs] 
Heap after GC invocations=3 (full 0):
 par new generation   total 109248K, used 14145K [0x00000000e0000000, 0x00000000e8000000, 0x00000000e8000000)
  eden space 87424K,   0% used [0x00000000e0000000, 0x00000000e0000000, 0x00000000e5560000)
  from space 21824K,  64% used [0x00000000e6ab0000, 0x00000000e78807a8, 0x00000000e8000000)
  to   space 21824K,   0% used [0x00000000e5560000, 0x00000000e5560000, 0x00000000e6ab0000)
 concurrent mark-sweep generation total 393216K, used 0K [0x00000000e8000000, 0x0000000100000000, 0x0000000100000000)
 Metaspace       used 24863K, capacity 25223K, committed 25536K, reserved 1071104K
  class space    used 2897K, capacity 3024K, committed 3092K, reserved 1048576K
}
2016-12-27T17:49:45.537+0100: 2,931: Total time for which application threads were stopped: 0,0149351 seconds, Stopping threads took: 0,0000226 seconds
2016-12-27T17:49:45.537+0100: 2,931: [GC (CMS Initial Mark) [1 CMS-initial-mark: 0K(393216K)] 14161K(502464K), 0,0037872 secs] [Times: user=0,01 sys=0,00, real=0,01 secs] 
2016-12-27T17:49:45.541+0100: 2,935: Total time for which application threads were stopped: 0,0039306 seconds, Stopping threads took: 0,0000478 seconds
2016-12-27T17:49:45.541+0100: 2,935: [CMS-concurrent-mark-start]
2016-12-27T17:49:45.541+0100: 2,936: [CMS-concurrent-mark: 0,001/0,001 secs] [Times: user=0,01 sys=0,00, real=0,00 secs] 
2016-12-27T17:49:45.541+0100: 2,936: [CMS-concurrent-preclean-start]
2016-12-27T17:49:45.542+0100: 2,937: [CMS-concurrent-preclean: 0,001/0,001 secs] [Times: user=0,00 sys=0,00, real=0,00 secs] 
2016-12-27T17:49:45.543+0100: 2,937: [GC (CMS Final Remark) [YG occupancy: 15552 K (109248 K)]{Heap before GC invocations=3 (full 1):
 par new generation   total 109248K, used 15552K [0x00000000e0000000, 0x00000000e8000000, 0x00000000e8000000)
  eden space 87424K,   1% used [0x00000000e0000000, 0x00000000e015fb10, 0x00000000e5560000)
  from space 21824K,  64% used [0x00000000e6ab0000, 0x00000000e78807a8, 0x00000000e8000000)
  to   space 21824K,   0% used [0x00000000e5560000, 0x00000000e5560000, 0x00000000e6ab0000)
 concurrent mark-sweep generation total 393216K, used 0K [0x00000000e8000000, 0x0000000100000000, 0x0000000100000000)
 Metaspace       used 24878K, capacity 25287K, committed 25536K, reserved 1071104K
  class space    used 2898K, capacity 3024K, committed 3092K, reserved 1048576K
2016-12-27T17:49:45.543+0100: 2,937: [GC (CMS Final Remark) 2016-12-27T17:49:45.543+0100: 2,937: [ParNew
Desired survivor size 20112992 bytes, new threshold 8 (max 8)
- age   1:      32008 bytes,      32008 total
- age   2:    3149992 bytes,    3182000 total
- age   3:     513160 bytes,    3695160 total
- age   4:    6130288 bytes,    9825448 total
: 15552K->13820K(109248K), 0,0097271 secs] 15552K->13820K(502464K), 0,0097758 secs] [Times: user=0,04 sys=0,00, real=0,01 secs] 
Heap after GC invocations=4 (full 1):
 par new generation   total 109248K, used 13820K [0x00000000e0000000, 0x00000000e8000000, 0x00000000e8000000)
  eden space 87424K,   0% used [0x00000000e0000000, 0x00000000e0000000, 0x00000000e5560000)
  from space 21824K,  63% used [0x00000000e5560000, 0x00000000e62df320, 0x00000000e6ab0000)
  to   space 21824K,   0% used [0x00000000e6ab0000, 0x00000000e6ab0000, 0x00000000e8000000)
 concurrent mark-sweep generation total 393216K, used 0K [0x00000000e8000000, 0x0000000100000000, 0x0000000100000000)
 Metaspace       used 24878K, capacity 25287K, committed 25536K, reserved 1071104K
  class space    used 2898K, capacity 3024K, committed 3092K, reserved 1048576K
}
2016-12-27T17:49:45.552+0100: 2,947: [Rescan (parallel) , 0,0040659 secs]2016-12-27T17:49:45.556+0100: 2,951: [weak refs processing, 0,0006388 secs]2016-12-27T17:49:45.557+0100: 2,952: [class unloading, 0,0031413 secs]2016-12-27T17:49:45.560+0100: 2,955: [scrub symbol table, 0,0033736 secs]2016-12-27T17:49:45.564+0100: 2,958: [scrub string table, 0,0004185 secs][1 CMS-remark: 0K(393216K)] 13820K(502464K), 0,0221544 secs] [Times: user=0,06 sys=0,00, real=0,02 secs] 
2016-12-27T17:49:45.565+0100: 2,959: Total time for which application threads were stopped: 0,0222724 seconds, Stopping threads took: 0,0000382 seconds
2016-12-27T17:49:45.565+0100: 2,959: [CMS-concurrent-sweep-start]
2016-12-27T17:49:45.565+0100: 2,959: [CMS-concurrent-sweep: 0,000/0,000 secs] [Times: user=0,00 sys=0,00, real=0,00 secs] 
2016-12-27T17:49:45.565+0100: 2,960: [CMS-concurrent-reset-start]
2016-12-27T17:49:45.567+0100: 2,961: [CMS-concurrent-reset: 0,002/0,002 secs] [Times: user=0,00 sys=0,00, real=0,01 secs] 
2016-12-27T17:49:45.615+0100: 3,010: Total time for which application threads were stopped: 0,0003476 seconds, Stopping threads took: 0,0000295 seconds
2016-12-27T17:49:46.615+0100: 4,010: Total time for which application threads were stopped: 0,0000919 seconds, Stopping threads took: 0,0000160 seconds
2016-12-27T17:49:46.663+0100: 4,057: Total time for which application threads were stopped: 0,0002640 seconds, Stopping threads took: 0,0000150 seconds
2016-12-27T17:50:14.674+0100: 32,069: Total time for which application threads were stopped: 0,0001035 seconds, Stopping threads took: 0,0000307 seconds
2016-12-27T17:52:24.689+0100: 162,084: Total time for which application threads were stopped: 0,0000794 seconds, Stopping threads took: 0,0000347 seconds
2016-12-27T17:52:29.690+0100: 167,084: Total time for which application threads were stopped: 0,0000562 seconds, Stopping threads took: 0,0000156 seconds
2016-12-27T17:52:43.691+0100: 181,086: Total time for which application threads were stopped: 0,0001314 seconds, Stopping threads took: 0,0000345 seconds
2016-12-27T17:53:24.696+0100: 222,090: Total time for which application threads were stopped: 0,0000717 seconds, Stopping threads took: 0,0000319 seconds
2016-12-27T17:54:03.700+0100: 261,095: Total time for which application threads were stopped: 0,0000766 seconds, Stopping threads took: 0,0000329 seconds
2016-12-27T17:54:13.701+0100: 271,095: Total time for which application threads were stopped: 0,0000604 seconds, Stopping threads took: 0,0000170 seconds
2016-12-27T17:54:24.702+0100: 282,097: Total time for which application threads were stopped: 0,0000868 seconds, Stopping threads took: 0,0000358 seconds
2016-12-27T17:54:29.703+0100: 287,097: Total time for which application threads were stopped: 0,0002048 seconds, Stopping threads took: 0,0000834 seconds
2016-12-27T17:55:04.706+0100: 322,101: Total time for which application threads were stopped: 0,0005053 seconds, Stopping threads took: 0,0001823 seconds
2016-12-27T17:57:54.725+0100: 492,120: Total time for which application threads were stopped: 0,0000715 seconds, Stopping threads took: 0,0000294 seconds
2016-12-27T18:13:23.836+0100: 1421,231: Total time for which application threads were stopped: 0,0000830 seconds, Stopping threads took: 0,0000303 seconds
2016-12-27T18:17:09.863+0100: 1647,258: Total time for which application threads were stopped: 0,0000798 seconds, Stopping threads took: 0,0000329 seconds
2016-12-27T18:18:33.873+0100: 1731,268: Total time for which application threads were stopped: 0,0000889 seconds, Stopping threads took: 0,0000340 seconds
2016-12-27T18:28:23.945+0100: 2321,339: Total time for which application threads were stopped: 0,0000852 seconds, Stopping threads took: 0,0000337 seconds
2016-12-27T18:28:24.945+0100: 2322,340: Total time for which application threads were stopped: 0,0000730 seconds, Stopping threads took: 0,0000189 seconds
2016-12-27T18:43:00.061+0100: 3197,456: Total time for which application threads were stopped: 0,0000900 seconds, Stopping threads took: 0,0000363 seconds
2016-12-27T18:53:14.153+0100: 3811,548: Total time for which application threads were stopped: 0,0000834 seconds, Stopping threads took: 0,0000352 seconds
2016-12-27T18:56:44.186+0100: 4021,580: Total time for which application threads were stopped: 0,0001417 seconds, Stopping threads took: 0,0000598 seconds
2016-12-27T18:58:54.813+0100: 4152,208: Total time for which application threads were stopped: 0,0001829 seconds, Stopping threads took: 0,0000706 seconds
Heap
 par new generation   total 109248K, used 59435K [0x00000000e0000000, 0x00000000e8000000, 0x00000000e8000000)
  eden space 87424K,  52% used [0x00000000e0000000, 0x00000000e2c8b9a0, 0x00000000e5560000)
  from space 21824K,  63% used [0x00000000e5560000, 0x00000000e62df320, 0x00000000e6ab0000)
  to   space 21824K,   0% used [0x00000000e6ab0000, 0x00000000e6ab0000, 0x00000000e8000000)
 concurrent mark-sweep generation total 393216K, used 0K [0x00000000e8000000, 0x0000000100000000, 0x0000000100000000)
 Metaspace       used 27240K, capacity 27663K, committed 27920K, reserved 1073152K
  class space    used 3168K, capacity 3320K, committed 3348K, reserved 1048576K
