OpenJDK 64-Bit Server VM (25.91-b14) for linux-amd64 JRE (1.8.0_91-8u91-b14-3ubuntu1~16.04.1-b14), built on Jul 21 2016 04:13:34 by "buildd" with gcc 5.3.1 20160413
Memory: 4k page, physical 7867876k(7561200k free), swap 8076284k(8076284k free)
CommandLine flags: -XX:CMSInitiatingOccupancyFraction=50 -XX:CMSMaxAbortablePrecleanTime=6000 -XX:+CMSParallelRemarkEnabled -XX:+CMSScavengeBeforeRemark -XX:ConcGCThreads=4 -XX:InitialHeapSize=536870912 -XX:MaxHeapSize=536870912 -XX:MaxTenuringThreshold=8 -XX:NewRatio=3 -XX:OldPLABSize=16 -XX:OnOutOfMemoryError=/opt/solr/bin/oom_solr.sh 8983 /var/solr/logs -XX:ParallelGCThreads=4 -XX:+ParallelRefProcEnabled -XX:PretenureSizeThreshold=67108864 -XX:+PrintGC -XX:+PrintGCApplicationStoppedTime -XX:+PrintGCDateStamps -XX:+PrintGCDetails -XX:+PrintGCTimeStamps -XX:+PrintHeapAtGC -XX:+PrintTenuringDistribution -XX:SurvivorRatio=4 -XX:TargetSurvivorRatio=90 -XX:ThreadStackSize=256 -XX:+UseCMSInitiatingOccupancyOnly -XX:+UseCompressedClassPointers -XX:+UseCompressedOops -XX:+UseConcMarkSweepGC -XX:+UseParNewGC 
2016-10-24T19:15:02.664+0200: 0,145: Total time for which application threads were stopped: 0,0000697 seconds, Stopping threads took: 0,0000096 seconds
2016-10-24T19:15:02.727+0200: 0,209: Total time for which application threads were stopped: 0,0001298 seconds, Stopping threads took: 0,0000269 seconds
2016-10-24T19:15:02.741+0200: 0,223: Total time for which application threads were stopped: 0,0000790 seconds, Stopping threads took: 0,0000230 seconds
2016-10-24T19:15:02.893+0200: 0,374: Total time for which application threads were stopped: 0,0001201 seconds, Stopping threads took: 0,0000150 seconds
2016-10-24T19:15:03.107+0200: 0,589: Total time for which application threads were stopped: 0,0001787 seconds, Stopping threads took: 0,0000242 seconds
2016-10-24T19:15:03.181+0200: 0,663: Total time for which application threads were stopped: 0,0001993 seconds, Stopping threads took: 0,0000232 seconds
2016-10-24T19:15:03.286+0200: 0,767: Total time for which application threads were stopped: 0,0002142 seconds, Stopping threads took: 0,0000203 seconds
2016-10-24T19:15:03.637+0200: 1,119: Total time for which application threads were stopped: 0,0001781 seconds, Stopping threads took: 0,0000194 seconds
2016-10-24T19:15:03.854+0200: 1,336: Total time for which application threads were stopped: 0,0003245 seconds, Stopping threads took: 0,0000323 seconds
2016-10-24T19:15:03.938+0200: 1,419: Total time for which application threads were stopped: 0,0008113 seconds, Stopping threads took: 0,0000780 seconds
2016-10-24T19:15:03.940+0200: 1,422: Total time for which application threads were stopped: 0,0007554 seconds, Stopping threads took: 0,0000497 seconds
2016-10-24T19:15:03.951+0200: 1,433: Total time for which application threads were stopped: 0,0001655 seconds, Stopping threads took: 0,0000106 seconds
2016-10-24T19:15:04.055+0200: 1,537: Total time for which application threads were stopped: 0,0009319 seconds, Stopping threads took: 0,0001255 seconds
2016-10-24T19:15:04.182+0200: 1,664: Total time for which application threads were stopped: 0,0010632 seconds, Stopping threads took: 0,0003656 seconds
{Heap before GC invocations=0 (full 0):
 par new generation   total 109248K, used 87424K [0x00000000e0000000, 0x00000000e8000000, 0x00000000e8000000)
  eden space 87424K, 100% used [0x00000000e0000000, 0x00000000e5560000, 0x00000000e5560000)
  from space 21824K,   0% used [0x00000000e5560000, 0x00000000e5560000, 0x00000000e6ab0000)
  to   space 21824K,   0% used [0x00000000e6ab0000, 0x00000000e6ab0000, 0x00000000e8000000)
 concurrent mark-sweep generation total 393216K, used 0K [0x00000000e8000000, 0x0000000100000000, 0x0000000100000000)
 Metaspace       used 17819K, capacity 18150K, committed 18304K, reserved 1064960K
  class space    used 2030K, capacity 2132K, committed 2176K, reserved 1048576K
2016-10-24T19:15:04.269+0200: 1,751: [GC (Allocation Failure) 2016-10-24T19:15:04.269+0200: 1,751: [ParNew
Desired survivor size 20112992 bytes, new threshold 8 (max 8)
- age   1:   11688856 bytes,   11688856 total
: 87424K->11521K(109248K), 0,0179084 secs] 87424K->11521K(502464K), 0,0179844 secs] [Times: user=0,06 sys=0,01, real=0,02 secs] 
Heap after GC invocations=1 (full 0):
 par new generation   total 109248K, used 11521K [0x00000000e0000000, 0x00000000e8000000, 0x00000000e8000000)
  eden space 87424K,   0% used [0x00000000e0000000, 0x00000000e0000000, 0x00000000e5560000)
  from space 21824K,  52% used [0x00000000e6ab0000, 0x00000000e75f0718, 0x00000000e8000000)
  to   space 21824K,   0% used [0x00000000e5560000, 0x00000000e5560000, 0x00000000e6ab0000)
 concurrent mark-sweep generation total 393216K, used 0K [0x00000000e8000000, 0x0000000100000000, 0x0000000100000000)
 Metaspace       used 17819K, capacity 18150K, committed 18304K, reserved 1064960K
  class space    used 2030K, capacity 2132K, committed 2176K, reserved 1048576K
}
2016-10-24T19:15:04.287+0200: 1,769: Total time for which application threads were stopped: 0,0181392 seconds, Stopping threads took: 0,0000133 seconds
2016-10-24T19:15:04.523+0200: 2,005: Total time for which application threads were stopped: 0,0003173 seconds, Stopping threads took: 0,0000211 seconds
2016-10-24T19:15:04.567+0200: 2,048: Total time for which application threads were stopped: 0,0003465 seconds, Stopping threads took: 0,0000440 seconds
2016-10-24T19:15:04.592+0200: 2,074: Total time for which application threads were stopped: 0,0003186 seconds, Stopping threads took: 0,0000356 seconds
{Heap before GC invocations=1 (full 0):
 par new generation   total 109248K, used 98945K [0x00000000e0000000, 0x00000000e8000000, 0x00000000e8000000)
  eden space 87424K, 100% used [0x00000000e0000000, 0x00000000e5560000, 0x00000000e5560000)
  from space 21824K,  52% used [0x00000000e6ab0000, 0x00000000e75f0718, 0x00000000e8000000)
  to   space 21824K,   0% used [0x00000000e5560000, 0x00000000e5560000, 0x00000000e6ab0000)
 concurrent mark-sweep generation total 393216K, used 0K [0x00000000e8000000, 0x0000000100000000, 0x0000000100000000)
 Metaspace       used 20673K, capacity 21026K, committed 21248K, reserved 1069056K
  class space    used 2400K, capacity 2519K, committed 2560K, reserved 1048576K
2016-10-24T19:15:04.750+0200: 2,232: [GC (Allocation Failure) 2016-10-24T19:15:04.750+0200: 2,232: [ParNew
Desired survivor size 20112992 bytes, new threshold 8 (max 8)
- age   1:    3318088 bytes,    3318088 total
- age   2:    5933128 bytes,    9251216 total
: 98945K->12635K(109248K), 0,0129289 secs] 98945K->12635K(502464K), 0,0130130 secs] [Times: user=0,05 sys=0,00, real=0,01 secs] 
Heap after GC invocations=2 (full 0):
 par new generation   total 109248K, used 12635K [0x00000000e0000000, 0x00000000e8000000, 0x00000000e8000000)
  eden space 87424K,   0% used [0x00000000e0000000, 0x00000000e0000000, 0x00000000e5560000)
  from space 21824K,  57% used [0x00000000e5560000, 0x00000000e61b6fb8, 0x00000000e6ab0000)
  to   space 21824K,   0% used [0x00000000e6ab0000, 0x00000000e6ab0000, 0x00000000e8000000)
 concurrent mark-sweep generation total 393216K, used 0K [0x00000000e8000000, 0x0000000100000000, 0x0000000100000000)
 Metaspace       used 20673K, capacity 21026K, committed 21248K, reserved 1069056K
  class space    used 2400K, capacity 2519K, committed 2560K, reserved 1048576K
}
2016-10-24T19:15:04.763+0200: 2,245: Total time for which application threads were stopped: 0,0132463 seconds, Stopping threads took: 0,0000281 seconds
2016-10-24T19:15:04.831+0200: 2,313: Total time for which application threads were stopped: 0,0001989 seconds, Stopping threads took: 0,0001091 seconds
2016-10-24T19:15:04.854+0200: 2,335: Total time for which application threads were stopped: 0,0002823 seconds, Stopping threads took: 0,0000169 seconds
2016-10-24T19:15:04.859+0200: 2,340: Total time for which application threads were stopped: 0,0001115 seconds, Stopping threads took: 0,0000232 seconds
2016-10-24T19:15:04.903+0200: 2,385: Total time for which application threads were stopped: 0,0001066 seconds, Stopping threads took: 0,0000359 seconds
2016-10-24T19:15:04.937+0200: 2,418: Total time for which application threads were stopped: 0,0000752 seconds, Stopping threads took: 0,0000139 seconds
2016-10-24T19:15:04.958+0200: 2,439: Total time for which application threads were stopped: 0,0010017 seconds, Stopping threads took: 0,0009327 seconds
2016-10-24T19:15:04.961+0200: 2,443: Total time for which application threads were stopped: 0,0002578 seconds, Stopping threads took: 0,0000225 seconds
2016-10-24T19:15:04.991+0200: 2,473: Total time for which application threads were stopped: 0,0000916 seconds, Stopping threads took: 0,0000398 seconds
2016-10-24T19:15:05.012+0200: 2,493: Total time for which application threads were stopped: 0,0000880 seconds, Stopping threads took: 0,0000128 seconds
2016-10-24T19:15:05.027+0200: 2,509: Total time for which application threads were stopped: 0,0000796 seconds, Stopping threads took: 0,0000235 seconds
2016-10-24T19:15:05.039+0200: 2,521: Total time for which application threads were stopped: 0,0000657 seconds, Stopping threads took: 0,0000138 seconds
2016-10-24T19:15:05.067+0200: 2,549: Total time for which application threads were stopped: 0,0000994 seconds, Stopping threads took: 0,0000227 seconds
2016-10-24T19:15:05.093+0200: 2,575: Total time for which application threads were stopped: 0,0001065 seconds, Stopping threads took: 0,0000408 seconds
2016-10-24T19:15:05.142+0200: 2,623: Total time for which application threads were stopped: 0,0001179 seconds, Stopping threads took: 0,0000507 seconds
2016-10-24T19:15:05.178+0200: 2,659: Total time for which application threads were stopped: 0,0000997 seconds, Stopping threads took: 0,0000292 seconds
2016-10-24T19:15:05.205+0200: 2,687: Total time for which application threads were stopped: 0,0000957 seconds, Stopping threads took: 0,0000198 seconds
2016-10-24T19:15:05.237+0200: 2,718: Total time for which application threads were stopped: 0,0001226 seconds, Stopping threads took: 0,0000495 seconds
2016-10-24T19:15:05.263+0200: 2,745: Total time for which application threads were stopped: 0,0000876 seconds, Stopping threads took: 0,0000210 seconds
{Heap before GC invocations=2 (full 0):
 par new generation   total 109248K, used 100059K [0x00000000e0000000, 0x00000000e8000000, 0x00000000e8000000)
  eden space 87424K, 100% used [0x00000000e0000000, 0x00000000e5560000, 0x00000000e5560000)
  from space 21824K,  57% used [0x00000000e5560000, 0x00000000e61b6fb8, 0x00000000e6ab0000)
  to   space 21824K,   0% used [0x00000000e6ab0000, 0x00000000e6ab0000, 0x00000000e8000000)
 concurrent mark-sweep generation total 393216K, used 0K [0x00000000e8000000, 0x0000000100000000, 0x0000000100000000)
 Metaspace       used 26041K, capacity 26430K, committed 26608K, reserved 1073152K
  class space    used 3041K, capacity 3189K, committed 3244K, reserved 1048576K
2016-10-24T19:15:05.289+0200: 2,770: [GC (Allocation Failure) 2016-10-24T19:15:05.289+0200: 2,770: [ParNew
Desired survivor size 20112992 bytes, new threshold 8 (max 8)
- age   1:    8050560 bytes,    8050560 total
- age   2:     562304 bytes,    8612864 total
- age   3:    5923520 bytes,   14536384 total
: 100059K->16877K(109248K), 0,0149489 secs] 100059K->16877K(502464K), 0,0150089 secs] [Times: user=0,06 sys=0,01, real=0,01 secs] 
Heap after GC invocations=3 (full 0):
 par new generation   total 109248K, used 16877K [0x00000000e0000000, 0x00000000e8000000, 0x00000000e8000000)
  eden space 87424K,   0% used [0x00000000e0000000, 0x00000000e0000000, 0x00000000e5560000)
  from space 21824K,  77% used [0x00000000e6ab0000, 0x00000000e7b2b430, 0x00000000e8000000)
  to   space 21824K,   0% used [0x00000000e5560000, 0x00000000e5560000, 0x00000000e6ab0000)
 concurrent mark-sweep generation total 393216K, used 0K [0x00000000e8000000, 0x0000000100000000, 0x0000000100000000)
 Metaspace       used 26041K, capacity 26430K, committed 26608K, reserved 1073152K
  class space    used 3041K, capacity 3189K, committed 3244K, reserved 1048576K
}
2016-10-24T19:15:05.304+0200: 2,785: Total time for which application threads were stopped: 0,0151940 seconds, Stopping threads took: 0,0000229 seconds
2016-10-24T19:15:05.305+0200: 2,787: [GC (CMS Initial Mark) [1 CMS-initial-mark: 0K(393216K)] 18282K(502464K), 0,0048552 secs] [Times: user=0,02 sys=0,00, real=0,01 secs] 
2016-10-24T19:15:05.310+0200: 2,792: Total time for which application threads were stopped: 0,0049669 seconds, Stopping threads took: 0,0000236 seconds
2016-10-24T19:15:05.310+0200: 2,792: [CMS-concurrent-mark-start]
2016-10-24T19:15:05.310+0200: 2,792: Total time for which application threads were stopped: 0,0000659 seconds, Stopping threads took: 0,0000156 seconds
2016-10-24T19:15:05.312+0200: 2,793: [CMS-concurrent-mark: 0,001/0,002 secs] [Times: user=0,00 sys=0,00, real=0,00 secs] 
2016-10-24T19:15:05.312+0200: 2,794: [CMS-concurrent-preclean-start]
2016-10-24T19:15:05.313+0200: 2,795: [CMS-concurrent-preclean: 0,001/0,001 secs] [Times: user=0,01 sys=0,00, real=0,00 secs] 
2016-10-24T19:15:05.313+0200: 2,795: [GC (CMS Final Remark) [YG occupancy: 18282 K (109248 K)]{Heap before GC invocations=3 (full 1):
 par new generation   total 109248K, used 18282K [0x00000000e0000000, 0x00000000e8000000, 0x00000000e8000000)
  eden space 87424K,   1% used [0x00000000e0000000, 0x00000000e015f6f8, 0x00000000e5560000)
  from space 21824K,  77% used [0x00000000e6ab0000, 0x00000000e7b2b430, 0x00000000e8000000)
  to   space 21824K,   0% used [0x00000000e5560000, 0x00000000e5560000, 0x00000000e6ab0000)
 concurrent mark-sweep generation total 393216K, used 0K [0x00000000e8000000, 0x0000000100000000, 0x0000000100000000)
 Metaspace       used 26099K, capacity 26494K, committed 26864K, reserved 1073152K
  class space    used 3044K, capacity 3189K, committed 3244K, reserved 1048576K
2016-10-24T19:15:05.313+0200: 2,795: [GC (CMS Final Remark) 2016-10-24T19:15:05.313+0200: 2,795: [ParNew
Desired survivor size 20112992 bytes, new threshold 8 (max 8)
- age   1:      86144 bytes,      86144 total
- age   2:    3355760 bytes,    3441904 total
- age   3:     562304 bytes,    4004208 total
- age   4:    5923520 bytes,    9927728 total
: 18282K->17917K(109248K), 0,0192634 secs] 18282K->17917K(502464K), 0,0193211 secs] [Times: user=0,07 sys=0,00, real=0,02 secs] 
Heap after GC invocations=4 (full 1):
 par new generation   total 109248K, used 17917K [0x00000000e0000000, 0x00000000e8000000, 0x00000000e8000000)
  eden space 87424K,   0% used [0x00000000e0000000, 0x00000000e0000000, 0x00000000e5560000)
  from space 21824K,  82% used [0x00000000e5560000, 0x00000000e66df630, 0x00000000e6ab0000)
  to   space 21824K,   0% used [0x00000000e6ab0000, 0x00000000e6ab0000, 0x00000000e8000000)
 concurrent mark-sweep generation total 393216K, used 0K [0x00000000e8000000, 0x0000000100000000, 0x0000000100000000)
 Metaspace       used 26099K, capacity 26494K, committed 26864K, reserved 1073152K
  class space    used 3044K, capacity 3189K, committed 3244K, reserved 1048576K
}
2016-10-24T19:15:05.333+0200: 2,814: [Rescan (parallel) , 0,0048360 secs]2016-10-24T19:15:05.337+0200: 2,819: [weak refs processing, 0,0032239 secs]2016-10-24T19:15:05.341+0200: 2,822: [class unloading, 0,0044967 secs]2016-10-24T19:15:05.345+0200: 2,827: [scrub symbol table, 0,0055206 secs]2016-10-24T19:15:05.351+0200: 2,832: [scrub string table, 0,0004464 secs][1 CMS-remark: 0K(393216K)] 17917K(502464K), 0,0385615 secs] [Times: user=0,11 sys=0,00, real=0,04 secs] 
2016-10-24T19:15:05.352+0200: 2,833: Total time for which application threads were stopped: 0,0387932 seconds, Stopping threads took: 0,0001534 seconds
2016-10-24T19:15:05.352+0200: 2,834: [CMS-concurrent-sweep-start]
2016-10-24T19:15:05.352+0200: 2,834: [CMS-concurrent-sweep: 0,000/0,000 secs] [Times: user=0,00 sys=0,00, real=0,00 secs] 
2016-10-24T19:15:05.352+0200: 2,834: [CMS-concurrent-reset-start]
2016-10-24T19:15:05.353+0200: 2,835: [CMS-concurrent-reset: 0,001/0,001 secs] [Times: user=0,01 sys=0,00, real=0,00 secs] 
2016-10-24T19:15:06.355+0200: 3,837: Total time for which application threads were stopped: 0,0000947 seconds, Stopping threads took: 0,0000260 seconds
2016-10-24T19:15:06.583+0200: 4,065: Total time for which application threads were stopped: 0,0003302 seconds, Stopping threads took: 0,0000159 seconds
2016-10-24T19:17:44.168+0200: 162,089: Total time for which application threads were stopped: 0,0001491 seconds, Stopping threads took: 0,0000629 seconds
2016-10-24T19:17:49.170+0200: 167,090: Total time for which application threads were stopped: 0,0001292 seconds, Stopping threads took: 0,0000339 seconds
2016-10-24T19:18:03.172+0200: 181,093: Total time for which application threads were stopped: 0,0001206 seconds, Stopping threads took: 0,0000320 seconds
2016-10-24T19:18:04.172+0200: 182,093: Total time for which application threads were stopped: 0,0000711 seconds, Stopping threads took: 0,0000204 seconds
2016-10-24T19:18:33.177+0200: 211,098: Total time for which application threads were stopped: 0,0001603 seconds, Stopping threads took: 0,0000651 seconds
2016-10-24T19:18:59.182+0200: 237,102: Total time for which application threads were stopped: 0,0001536 seconds, Stopping threads took: 0,0000647 seconds
2016-10-24T19:19:23.185+0200: 261,106: Total time for which application threads were stopped: 0,0001609 seconds, Stopping threads took: 0,0000654 seconds
2016-10-24T19:19:28.186+0200: 266,107: Total time for which application threads were stopped: 0,0000809 seconds, Stopping threads took: 0,0000175 seconds
2016-10-24T19:19:49.189+0200: 287,110: Total time for which application threads were stopped: 0,0000858 seconds, Stopping threads took: 0,0000379 seconds
2016-10-24T19:58:15.038+0200: 901,624: Total time for which application threads were stopped: 0,0001283 seconds, Stopping threads took: 0,0000289 seconds
Heap
 par new generation   total 109248K, used 49940K [0x00000000e0000000, 0x00000000e8000000, 0x00000000e8000000)
  eden space 87424K,  36% used [0x00000000e0000000, 0x00000000e1f45bd0, 0x00000000e5560000)
  from space 21824K,  82% used [0x00000000e5560000, 0x00000000e66df630, 0x00000000e6ab0000)
  to   space 21824K,   0% used [0x00000000e6ab0000, 0x00000000e6ab0000, 0x00000000e8000000)
 concurrent mark-sweep generation total 393216K, used 0K [0x00000000e8000000, 0x0000000100000000, 0x0000000100000000)
 Metaspace       used 27019K, capacity 27434K, committed 27760K, reserved 1073152K
  class space    used 3155K, capacity 3287K, committed 3372K, reserved 1048576K
