OpenJDK 64-Bit Server VM (25.121-b13) for linux-amd64 JRE (1.8.0_121-8u121-b13-0ubuntu1.16.04.2-b13), built on Jan 23 2017 15:51:29 by "buildd" with gcc 5.4.0 20160609
Memory: 4k page, physical 7867760k(7436504k free), swap 8076284k(8076284k free)
CommandLine flags: -XX:CMSInitiatingOccupancyFraction=50 -XX:CMSMaxAbortablePrecleanTime=6000 -XX:+CMSParallelRemarkEnabled -XX:+CMSScavengeBeforeRemark -XX:ConcGCThreads=4 -XX:InitialHeapSize=536870912 -XX:MaxHeapSize=536870912 -XX:MaxTenuringThreshold=8 -XX:NewRatio=3 -XX:OldPLABSize=16 -XX:OnOutOfMemoryError=/opt/solr/bin/oom_solr.sh 8983 /var/solr/logs -XX:ParallelGCThreads=4 -XX:+ParallelRefProcEnabled -XX:PretenureSizeThreshold=67108864 -XX:+PrintGC -XX:+PrintGCApplicationStoppedTime -XX:+PrintGCDateStamps -XX:+PrintGCDetails -XX:+PrintGCTimeStamps -XX:+PrintHeapAtGC -XX:+PrintTenuringDistribution -XX:SurvivorRatio=4 -XX:TargetSurvivorRatio=90 -XX:ThreadStackSize=256 -XX:+UseCMSInitiatingOccupancyOnly -XX:+UseCompressedClassPointers -XX:+UseCompressedOops -XX:+UseConcMarkSweepGC -XX:+UseParNewGC 
2017-03-22T07:22:10.837+0100: 0,125: Total time for which application threads were stopped: 0,0000690 seconds, Stopping threads took: 0,0000137 seconds
2017-03-22T07:22:10.923+0100: 0,211: Total time for which application threads were stopped: 0,0001117 seconds, Stopping threads took: 0,0000169 seconds
2017-03-22T07:22:10.936+0100: 0,224: Total time for which application threads were stopped: 0,0000816 seconds, Stopping threads took: 0,0000110 seconds
2017-03-22T07:22:11.181+0100: 0,468: Total time for which application threads were stopped: 0,0001019 seconds, Stopping threads took: 0,0000094 seconds
2017-03-22T07:22:11.568+0100: 0,855: Total time for which application threads were stopped: 0,0002494 seconds, Stopping threads took: 0,0000228 seconds
2017-03-22T07:22:11.716+0100: 1,003: Total time for which application threads were stopped: 0,0002894 seconds, Stopping threads took: 0,0000409 seconds
2017-03-22T07:22:11.807+0100: 1,094: Total time for which application threads were stopped: 0,0001680 seconds, Stopping threads took: 0,0000197 seconds
2017-03-22T07:22:12.100+0100: 1,387: Total time for which application threads were stopped: 0,0001628 seconds, Stopping threads took: 0,0000141 seconds
2017-03-22T07:22:12.324+0100: 1,611: Total time for which application threads were stopped: 0,0001973 seconds, Stopping threads took: 0,0000160 seconds
2017-03-22T07:22:12.348+0100: 1,636: Total time for which application threads were stopped: 0,0002266 seconds, Stopping threads took: 0,0000365 seconds
2017-03-22T07:22:12.381+0100: 1,669: Total time for which application threads were stopped: 0,0002522 seconds, Stopping threads took: 0,0000347 seconds
2017-03-22T07:22:12.384+0100: 1,672: Total time for which application threads were stopped: 0,0006768 seconds, Stopping threads took: 0,0001280 seconds
2017-03-22T07:22:12.403+0100: 1,690: Total time for which application threads were stopped: 0,0001767 seconds, Stopping threads took: 0,0000127 seconds
2017-03-22T07:22:12.494+0100: 1,781: Total time for which application threads were stopped: 0,0002283 seconds, Stopping threads took: 0,0000189 seconds
2017-03-22T07:22:12.699+0100: 1,987: Total time for which application threads were stopped: 0,0005873 seconds, Stopping threads took: 0,0003757 seconds
2017-03-22T07:22:12.802+0100: 2,090: Total time for which application threads were stopped: 0,0001571 seconds, Stopping threads took: 0,0000319 seconds
{Heap before GC invocations=0 (full 0):
 par new generation   total 109248K, used 87424K [0x00000000e0000000, 0x00000000e8000000, 0x00000000e8000000)
  eden space 87424K, 100% used [0x00000000e0000000, 0x00000000e5560000, 0x00000000e5560000)
  from space 21824K,   0% used [0x00000000e5560000, 0x00000000e5560130, 0x00000000e6ab0000)
  to   space 21824K,   0% used [0x00000000e6ab0000, 0x00000000e6ab0000, 0x00000000e8000000)
 concurrent mark-sweep generation total 393216K, used 0K [0x00000000e8000000, 0x0000000100000000, 0x0000000100000000)
 Metaspace       used 18020K, capacity 18336K, committed 18688K, reserved 1064960K
  class space    used 2037K, capacity 2196K, committed 2304K, reserved 1048576K
2017-03-22T07:22:12.803+0100: 2,090: [GC (Allocation Failure) 2017-03-22T07:22:12.803+0100: 2,090: [ParNew
Desired survivor size 20112992 bytes, new threshold 8 (max 8)
- age   1:   12625856 bytes,   12625856 total
: 87424K->12442K(109248K), 0,0153010 secs] 87424K->12442K(502464K), 0,0153614 secs] [Times: user=0,05 sys=0,00, real=0,02 secs] 
Heap after GC invocations=1 (full 0):
 par new generation   total 109248K, used 12442K [0x00000000e0000000, 0x00000000e8000000, 0x00000000e8000000)
  eden space 87424K,   0% used [0x00000000e0000000, 0x00000000e0000000, 0x00000000e5560000)
  from space 21824K,  57% used [0x00000000e6ab0000, 0x00000000e76d6848, 0x00000000e8000000)
  to   space 21824K,   0% used [0x00000000e5560000, 0x00000000e5560000, 0x00000000e6ab0000)
 concurrent mark-sweep generation total 393216K, used 0K [0x00000000e8000000, 0x0000000100000000, 0x0000000100000000)
 Metaspace       used 18020K, capacity 18336K, committed 18688K, reserved 1064960K
  class space    used 2037K, capacity 2196K, committed 2304K, reserved 1048576K
}
2017-03-22T07:22:12.818+0100: 2,106: Total time for which application threads were stopped: 0,0155678 seconds, Stopping threads took: 0,0000206 seconds
{Heap before GC invocations=1 (full 0):
 par new generation   total 109248K, used 14208K [0x00000000e0000000, 0x00000000e8000000, 0x00000000e8000000)
  eden space 87424K,   2% used [0x00000000e0000000, 0x00000000e01b98d8, 0x00000000e5560000)
  from space 21824K,  57% used [0x00000000e6ab0000, 0x00000000e76d6848, 0x00000000e8000000)
  to   space 21824K,   0% used [0x00000000e5560000, 0x00000000e5560000, 0x00000000e6ab0000)
 concurrent mark-sweep generation total 393216K, used 0K [0x00000000e8000000, 0x0000000100000000, 0x0000000100000000)
 Metaspace       used 18020K, capacity 18336K, committed 18688K, reserved 1064960K
  class space    used 2037K, capacity 2196K, committed 2304K, reserved 1048576K
2017-03-22T07:22:12.819+0100: 2,106: [GC (GCLocker Initiated GC) 2017-03-22T07:22:12.819+0100: 2,106: [ParNew
Desired survivor size 20112992 bytes, new threshold 8 (max 8)
- age   1:        472 bytes,        472 total
- age   2:   12621144 bytes,   12621616 total
: 14208K->15720K(109248K), 0,0181960 secs] 14208K->15720K(502464K), 0,0182456 secs] [Times: user=0,04 sys=0,00, real=0,01 secs] 
Heap after GC invocations=2 (full 0):
 par new generation   total 109248K, used 15720K [0x00000000e0000000, 0x00000000e8000000, 0x00000000e8000000)
  eden space 87424K,   0% used [0x00000000e0000000, 0x00000000e0000000, 0x00000000e5560000)
  from space 21824K,  72% used [0x00000000e5560000, 0x00000000e64ba0c0, 0x00000000e6ab0000)
  to   space 21824K,   0% used [0x00000000e6ab0000, 0x00000000e6ab0000, 0x00000000e8000000)
 concurrent mark-sweep generation total 393216K, used 0K [0x00000000e8000000, 0x0000000100000000, 0x0000000100000000)
 Metaspace       used 18020K, capacity 18336K, committed 18688K, reserved 1064960K
  class space    used 2037K, capacity 2196K, committed 2304K, reserved 1048576K
}
2017-03-22T07:22:12.837+0100: 2,125: Total time for which application threads were stopped: 0,0188359 seconds, Stopping threads took: 0,0004555 seconds
2017-03-22T07:22:13.129+0100: 2,416: Total time for which application threads were stopped: 0,0003458 seconds, Stopping threads took: 0,0000466 seconds
{Heap before GC invocations=2 (full 0):
 par new generation   total 109248K, used 103144K [0x00000000e0000000, 0x00000000e8000000, 0x00000000e8000000)
  eden space 87424K, 100% used [0x00000000e0000000, 0x00000000e5560000, 0x00000000e5560000)
  from space 21824K,  72% used [0x00000000e5560000, 0x00000000e64ba0c0, 0x00000000e6ab0000)
  to   space 21824K,   0% used [0x00000000e6ab0000, 0x00000000e6ab0000, 0x00000000e8000000)
 concurrent mark-sweep generation total 393216K, used 0K [0x00000000e8000000, 0x0000000100000000, 0x0000000100000000)
 Metaspace       used 20048K, capacity 20370K, committed 20736K, reserved 1067008K
  class space    used 2297K, capacity 2471K, committed 2560K, reserved 1048576K
2017-03-22T07:22:13.183+0100: 2,470: [GC (Allocation Failure) 2017-03-22T07:22:13.183+0100: 2,470: [ParNew
Desired survivor size 20112992 bytes, new threshold 8 (max 8)
- age   1:    3760728 bytes,    3760728 total
- age   3:    6677568 bytes,   10438296 total
: 103144K->16814K(109248K), 0,0150630 secs] 103144K->16814K(502464K), 0,0151439 secs] [Times: user=0,04 sys=0,00, real=0,02 secs] 
Heap after GC invocations=3 (full 0):
 par new generation   total 109248K, used 16814K [0x00000000e0000000, 0x00000000e8000000, 0x00000000e8000000)
  eden space 87424K,   0% used [0x00000000e0000000, 0x00000000e0000000, 0x00000000e5560000)
  from space 21824K,  77% used [0x00000000e6ab0000, 0x00000000e7b1b840, 0x00000000e8000000)
  to   space 21824K,   0% used [0x00000000e5560000, 0x00000000e5560000, 0x00000000e6ab0000)
 concurrent mark-sweep generation total 393216K, used 0K [0x00000000e8000000, 0x0000000100000000, 0x0000000100000000)
 Metaspace       used 20048K, capacity 20370K, committed 20736K, reserved 1067008K
  class space    used 2297K, capacity 2471K, committed 2560K, reserved 1048576K
}
2017-03-22T07:22:13.198+0100: 2,485: Total time for which application threads were stopped: 0,0153370 seconds, Stopping threads took: 0,0000605 seconds
2017-03-22T07:22:13.200+0100: 2,487: Total time for which application threads were stopped: 0,0004462 seconds, Stopping threads took: 0,0000761 seconds
2017-03-22T07:22:13.228+0100: 2,515: Total time for which application threads were stopped: 0,0004164 seconds, Stopping threads took: 0,0001350 seconds
2017-03-22T07:22:13.364+0100: 2,651: Total time for which application threads were stopped: 0,0002240 seconds, Stopping threads took: 0,0000647 seconds
{Heap before GC invocations=3 (full 0):
 par new generation   total 109248K, used 104238K [0x00000000e0000000, 0x00000000e8000000, 0x00000000e8000000)
  eden space 87424K, 100% used [0x00000000e0000000, 0x00000000e5560000, 0x00000000e5560000)
  from space 21824K,  77% used [0x00000000e6ab0000, 0x00000000e7b1b840, 0x00000000e8000000)
  to   space 21824K,   0% used [0x00000000e5560000, 0x00000000e5560000, 0x00000000e6ab0000)
 concurrent mark-sweep generation total 393216K, used 0K [0x00000000e8000000, 0x0000000100000000, 0x0000000100000000)
 Metaspace       used 20961K, capacity 21298K, committed 21552K, reserved 1069056K
  class space    used 2420K, capacity 2591K, committed 2608K, reserved 1048576K
2017-03-22T07:22:13.384+0100: 2,671: [GC (Allocation Failure) 2017-03-22T07:22:13.384+0100: 2,671: [ParNew
Desired survivor size 20112992 bytes, new threshold 8 (max 8)
- age   1:    2393312 bytes,    2393312 total
- age   2:     838680 bytes,    3231992 total
- age   4:    6660952 bytes,    9892944 total
: 104238K->12039K(109248K), 0,0113300 secs] 104238K->12039K(502464K), 0,0114055 secs] [Times: user=0,04 sys=0,00, real=0,01 secs] 
Heap after GC invocations=4 (full 0):
 par new generation   total 109248K, used 12039K [0x00000000e0000000, 0x00000000e8000000, 0x00000000e8000000)
  eden space 87424K,   0% used [0x00000000e0000000, 0x00000000e0000000, 0x00000000e5560000)
  from space 21824K,  55% used [0x00000000e5560000, 0x00000000e6121cc0, 0x00000000e6ab0000)
  to   space 21824K,   0% used [0x00000000e6ab0000, 0x00000000e6ab0000, 0x00000000e8000000)
 concurrent mark-sweep generation total 393216K, used 0K [0x00000000e8000000, 0x0000000100000000, 0x0000000100000000)
 Metaspace       used 20961K, capacity 21298K, committed 21552K, reserved 1069056K
  class space    used 2420K, capacity 2591K, committed 2608K, reserved 1048576K
}
2017-03-22T07:22:13.395+0100: 2,683: Total time for which application threads were stopped: 0,0143121 seconds, Stopping threads took: 0,0027488 seconds
2017-03-22T07:22:13.409+0100: 2,697: [GC (CMS Initial Mark) [1 CMS-initial-mark: 0K(393216K)] 28366K(502464K), 0,0077162 secs] [Times: user=0,02 sys=0,00, real=0,01 secs] 
2017-03-22T07:22:13.417+0100: 2,705: Total time for which application threads were stopped: 0,0078879 seconds, Stopping threads took: 0,0000506 seconds
2017-03-22T07:22:13.417+0100: 2,705: [CMS-concurrent-mark-start]
2017-03-22T07:22:13.418+0100: 2,705: [CMS-concurrent-mark: 0,000/0,000 secs] [Times: user=0,00 sys=0,00, real=0,01 secs] 
2017-03-22T07:22:13.418+0100: 2,705: [CMS-concurrent-preclean-start]
2017-03-22T07:22:13.419+0100: 2,706: [CMS-concurrent-preclean: 0,001/0,001 secs] [Times: user=0,01 sys=0,00, real=0,00 secs] 
2017-03-22T07:22:13.419+0100: 2,706: [CMS-concurrent-abortable-preclean-start]
{Heap before GC invocations=4 (full 1):
 par new generation   total 109248K, used 99463K [0x00000000e0000000, 0x00000000e8000000, 0x00000000e8000000)
  eden space 87424K, 100% used [0x00000000e0000000, 0x00000000e5560000, 0x00000000e5560000)
  from space 21824K,  55% used [0x00000000e5560000, 0x00000000e6121cc0, 0x00000000e6ab0000)
  to   space 21824K,   0% used [0x00000000e6ab0000, 0x00000000e6ab0000, 0x00000000e8000000)
 concurrent mark-sweep generation total 393216K, used 0K [0x00000000e8000000, 0x0000000100000000, 0x0000000100000000)
 Metaspace       used 21224K, capacity 21564K, committed 21628K, reserved 1069056K
  class space    used 2448K, capacity 2604K, committed 2608K, reserved 1048576K
2017-03-22T07:22:13.511+0100: 2,798: [GC (Allocation Failure) 2017-03-22T07:22:13.511+0100: 2,798: [ParNew
Desired survivor size 20112992 bytes, new threshold 8 (max 8)
- age   1:     968392 bytes,     968392 total
- age   2:    1465088 bytes,    2433480 total
- age   3:     803464 bytes,    3236944 total
- age   5:    6661032 bytes,    9897976 total
: 99463K->12875K(109248K), 0,0200641 secs] 99463K->12875K(502464K), 0,0201414 secs] [Times: user=0,06 sys=0,00, real=0,02 secs] 
Heap after GC invocations=5 (full 1):
 par new generation   total 109248K, used 12875K [0x00000000e0000000, 0x00000000e8000000, 0x00000000e8000000)
  eden space 87424K,   0% used [0x00000000e0000000, 0x00000000e0000000, 0x00000000e5560000)
  from space 21824K,  58% used [0x00000000e6ab0000, 0x00000000e7742d30, 0x00000000e8000000)
  to   space 21824K,   0% used [0x00000000e5560000, 0x00000000e5560000, 0x00000000e6ab0000)
 concurrent mark-sweep generation total 393216K, used 0K [0x00000000e8000000, 0x0000000100000000, 0x0000000100000000)
 Metaspace       used 21224K, capacity 21564K, committed 21628K, reserved 1069056K
  class space    used 2448K, capacity 2604K, committed 2608K, reserved 1048576K
}
2017-03-22T07:22:13.531+0100: 2,818: Total time for which application threads were stopped: 0,0204221 seconds, Stopping threads took: 0,0001201 seconds
2017-03-22T07:22:13.580+0100: 2,867: Total time for which application threads were stopped: 0,0001873 seconds, Stopping threads took: 0,0000798 seconds
2017-03-22T07:22:13.580+0100: 2,867: Total time for which application threads were stopped: 0,0000890 seconds, Stopping threads took: 0,0000386 seconds
{Heap before GC invocations=5 (full 1):
 par new generation   total 109248K, used 100299K [0x00000000e0000000, 0x00000000e8000000, 0x00000000e8000000)
  eden space 87424K, 100% used [0x00000000e0000000, 0x00000000e5560000, 0x00000000e5560000)
  from space 21824K,  58% used [0x00000000e6ab0000, 0x00000000e7742d30, 0x00000000e8000000)
  to   space 21824K,   0% used [0x00000000e5560000, 0x00000000e5560000, 0x00000000e6ab0000)
 concurrent mark-sweep generation total 393216K, used 0K [0x00000000e8000000, 0x0000000100000000, 0x0000000100000000)
 Metaspace       used 21384K, capacity 21798K, committed 21960K, reserved 1069056K
  class space    used 2468K, capacity 2638K, committed 2684K, reserved 1048576K
2017-03-22T07:22:13.646+0100: 2,933: [GC (Allocation Failure) 2017-03-22T07:22:13.646+0100: 2,933: [ParNew
Desired survivor size 20112992 bytes, new threshold 8 (max 8)
- age   1:    1407032 bytes,    1407032 total
- age   2:     178408 bytes,    1585440 total
- age   3:    1465088 bytes,    3050528 total
- age   4:     803352 bytes,    3853880 total
- age   6:    6661000 bytes,   10514880 total
: 100299K->11541K(109248K), 0,0102289 secs] 100299K->11541K(502464K), 0,0102943 secs] [Times: user=0,04 sys=0,00, real=0,01 secs] 
Heap after GC invocations=6 (full 1):
 par new generation   total 109248K, used 11541K [0x00000000e0000000, 0x00000000e8000000, 0x00000000e8000000)
  eden space 87424K,   0% used [0x00000000e0000000, 0x00000000e0000000, 0x00000000e5560000)
  from space 21824K,  52% used [0x00000000e5560000, 0x00000000e60a54c0, 0x00000000e6ab0000)
  to   space 21824K,   0% used [0x00000000e6ab0000, 0x00000000e6ab0000, 0x00000000e8000000)
 concurrent mark-sweep generation total 393216K, used 0K [0x00000000e8000000, 0x0000000100000000, 0x0000000100000000)
 Metaspace       used 21384K, capacity 21798K, committed 21960K, reserved 1069056K
  class space    used 2468K, capacity 2638K, committed 2684K, reserved 1048576K
}
2017-03-22T07:22:13.656+0100: 2,944: Total time for which application threads were stopped: 0,0105078 seconds, Stopping threads took: 0,0000657 seconds
2017-03-22T07:22:13.656+0100: 2,944: [CMS-concurrent-abortable-preclean: 0,147/0,237 secs] [Times: user=0,90 sys=0,01, real=0,23 secs] 
2017-03-22T07:22:13.664+0100: 2,951: [GC (CMS Final Remark) [YG occupancy: 15593 K (109248 K)]{Heap before GC invocations=6 (full 1):
 par new generation   total 109248K, used 15593K [0x00000000e0000000, 0x00000000e8000000, 0x00000000e8000000)
  eden space 87424K,   4% used [0x00000000e0000000, 0x00000000e03f51b8, 0x00000000e5560000)
  from space 21824K,  52% used [0x00000000e5560000, 0x00000000e60a54c0, 0x00000000e6ab0000)
  to   space 21824K,   0% used [0x00000000e6ab0000, 0x00000000e6ab0000, 0x00000000e8000000)
 concurrent mark-sweep generation total 393216K, used 0K [0x00000000e8000000, 0x0000000100000000, 0x0000000100000000)
 Metaspace       used 21399K, capacity 21810K, committed 21960K, reserved 1069056K
  class space    used 2470K, capacity 2640K, committed 2684K, reserved 1048576K
2017-03-22T07:22:13.664+0100: 2,951: [GC (CMS Final Remark) 2017-03-22T07:22:13.664+0100: 2,951: [ParNew
Desired survivor size 20112992 bytes, new threshold 8 (max 8)
- age   1:     203040 bytes,     203040 total
- age   2:     622208 bytes,     825248 total
- age   3:     178408 bytes,    1003656 total
- age   4:    1464984 bytes,    2468640 total
- age   5:     803352 bytes,    3271992 total
- age   7:    6661392 bytes,    9933384 total
: 15593K->16001K(109248K), 0,0098114 secs] 15593K->16001K(502464K), 0,0098511 secs] [Times: user=0,03 sys=0,00, real=0,01 secs] 
Heap after GC invocations=7 (full 1):
 par new generation   total 109248K, used 16001K [0x00000000e0000000, 0x00000000e8000000, 0x00000000e8000000)
  eden space 87424K,   0% used [0x00000000e0000000, 0x00000000e0000000, 0x00000000e5560000)
  from space 21824K,  73% used [0x00000000e6ab0000, 0x00000000e7a507c8, 0x00000000e8000000)
  to   space 21824K,   0% used [0x00000000e5560000, 0x00000000e5560000, 0x00000000e6ab0000)
 concurrent mark-sweep generation total 393216K, used 0K [0x00000000e8000000, 0x0000000100000000, 0x0000000100000000)
 Metaspace       used 21399K, capacity 21810K, committed 21960K, reserved 1069056K
  class space    used 2470K, capacity 2640K, committed 2684K, reserved 1048576K
}
2017-03-22T07:22:13.674+0100: 2,961: [Rescan (parallel) , 0,0034193 secs]2017-03-22T07:22:13.677+0100: 2,965: [weak refs processing, 0,0006296 secs]2017-03-22T07:22:13.678+0100: 2,965: [class unloading, 0,0028737 secs]2017-03-22T07:22:13.681+0100: 2,968: [scrub symbol table, 0,0026049 secs]2017-03-22T07:22:13.683+0100: 2,971: [scrub string table, 0,0003654 secs][1 CMS-remark: 0K(393216K)] 16001K(502464K), 0,0204066 secs] [Times: user=0,06 sys=0,00, real=0,02 secs] 
2017-03-22T07:22:13.684+0100: 2,972: Total time for which application threads were stopped: 0,0226695 seconds, Stopping threads took: 0,0021673 seconds
2017-03-22T07:22:13.684+0100: 2,972: [CMS-concurrent-sweep-start]
2017-03-22T07:22:13.684+0100: 2,972: [CMS-concurrent-sweep: 0,000/0,000 secs] [Times: user=0,00 sys=0,00, real=0,00 secs] 
2017-03-22T07:22:13.684+0100: 2,972: [CMS-concurrent-reset-start]
2017-03-22T07:22:13.686+0100: 2,974: [CMS-concurrent-reset: 0,002/0,002 secs] [Times: user=0,00 sys=0,00, real=0,00 secs] 
2017-03-22T07:22:13.718+0100: 3,006: Total time for which application threads were stopped: 0,0003412 seconds, Stopping threads took: 0,0000203 seconds
2017-03-22T07:22:13.919+0100: 3,206: Total time for which application threads were stopped: 0,0015634 seconds, Stopping threads took: 0,0011592 seconds
2017-03-22T07:22:13.934+0100: 3,222: Total time for which application threads were stopped: 0,0003694 seconds, Stopping threads took: 0,0000377 seconds
{Heap before GC invocations=7 (full 1):
 par new generation   total 109248K, used 103425K [0x00000000e0000000, 0x00000000e8000000, 0x00000000e8000000)
  eden space 87424K, 100% used [0x00000000e0000000, 0x00000000e5560000, 0x00000000e5560000)
  from space 21824K,  73% used [0x00000000e6ab0000, 0x00000000e7a507c8, 0x00000000e8000000)
  to   space 21824K,   0% used [0x00000000e5560000, 0x00000000e5560000, 0x00000000e6ab0000)
 concurrent mark-sweep generation total 393216K, used 0K [0x00000000e8000000, 0x0000000100000000, 0x0000000100000000)
 Metaspace       used 23849K, capacity 24338K, committed 24572K, reserved 1071104K
  class space    used 2814K, capacity 3014K, committed 3068K, reserved 1048576K
2017-03-22T07:22:14.109+0100: 3,396: [GC (Allocation Failure) 2017-03-22T07:22:14.109+0100: 3,397: [ParNew
Desired survivor size 20112992 bytes, new threshold 8 (max 8)
- age   1:    5171112 bytes,    5171112 total
- age   2:      19224 bytes,    5190336 total
- age   3:     114440 bytes,    5304776 total
- age   4:     176944 bytes,    5481720 total
- age   5:     295440 bytes,    5777160 total
- age   6:     779000 bytes,    6556160 total
- age   8:    6652792 bytes,   13208952 total
: 103425K->15310K(109248K), 0,0247834 secs] 103425K->15310K(502464K), 0,0248666 secs] [Times: user=0,09 sys=0,00, real=0,03 secs] 
Heap after GC invocations=8 (full 1):
 par new generation   total 109248K, used 15310K [0x00000000e0000000, 0x00000000e8000000, 0x00000000e8000000)
  eden space 87424K,   0% used [0x00000000e0000000, 0x00000000e0000000, 0x00000000e5560000)
  from space 21824K,  70% used [0x00000000e5560000, 0x00000000e6453b00, 0x00000000e6ab0000)
  to   space 21824K,   0% used [0x00000000e6ab0000, 0x00000000e6ab0000, 0x00000000e8000000)
 concurrent mark-sweep generation total 393216K, used 0K [0x00000000e8000000, 0x0000000100000000, 0x0000000100000000)
 Metaspace       used 23849K, capacity 24338K, committed 24572K, reserved 1071104K
  class space    used 2814K, capacity 3014K, committed 3068K, reserved 1048576K
}
2017-03-22T07:22:14.134+0100: 3,421: Total time for which application threads were stopped: 0,0283422 seconds, Stopping threads took: 0,0032777 seconds
{Heap before GC invocations=8 (full 1):
 par new generation   total 109248K, used 102734K [0x00000000e0000000, 0x00000000e8000000, 0x00000000e8000000)
  eden space 87424K, 100% used [0x00000000e0000000, 0x00000000e5560000, 0x00000000e5560000)
  from space 21824K,  70% used [0x00000000e5560000, 0x00000000e6453b00, 0x00000000e6ab0000)
  to   space 21824K,   0% used [0x00000000e6ab0000, 0x00000000e6ab0000, 0x00000000e8000000)
 concurrent mark-sweep generation total 393216K, used 0K [0x00000000e8000000, 0x0000000100000000, 0x0000000100000000)
 Metaspace       used 24787K, capacity 25240K, committed 25468K, reserved 1071104K
  class space    used 2900K, capacity 3079K, committed 3196K, reserved 1048576K
2017-03-22T07:22:14.274+0100: 3,561: [GC (Allocation Failure) 2017-03-22T07:22:14.274+0100: 3,561: [ParNew
Desired survivor size 20112992 bytes, new threshold 8 (max 8)
- age   1:    2204200 bytes,    2204200 total
- age   2:    1737744 bytes,    3941944 total
- age   3:       5992 bytes,    3947936 total
- age   4:      51536 bytes,    3999472 total
- age   5:     106648 bytes,    4106120 total
- age   6:     179416 bytes,    4285536 total
- age   7:     751008 bytes,    5036544 total
: 102734K->10852K(109248K), 0,0271590 secs] 102734K->16907K(502464K), 0,0272280 secs] [Times: user=0,09 sys=0,01, real=0,03 secs] 
Heap after GC invocations=9 (full 1):
 par new generation   total 109248K, used 10852K [0x00000000e0000000, 0x00000000e8000000, 0x00000000e8000000)
  eden space 87424K,   0% used [0x00000000e0000000, 0x00000000e0000000, 0x00000000e5560000)
  from space 21824K,  49% used [0x00000000e6ab0000, 0x00000000e75490e0, 0x00000000e8000000)
  to   space 21824K,   0% used [0x00000000e5560000, 0x00000000e5560000, 0x00000000e6ab0000)
 concurrent mark-sweep generation total 393216K, used 6055K [0x00000000e8000000, 0x0000000100000000, 0x0000000100000000)
 Metaspace       used 24787K, capacity 25240K, committed 25468K, reserved 1071104K
  class space    used 2900K, capacity 3079K, committed 3196K, reserved 1048576K
}
2017-03-22T07:22:14.301+0100: 3,588: Total time for which application threads were stopped: 0,0288448 seconds, Stopping threads took: 0,0014647 seconds
{Heap before GC invocations=9 (full 1):
 par new generation   total 109248K, used 98276K [0x00000000e0000000, 0x00000000e8000000, 0x00000000e8000000)
  eden space 87424K, 100% used [0x00000000e0000000, 0x00000000e5560000, 0x00000000e5560000)
  from space 21824K,  49% used [0x00000000e6ab0000, 0x00000000e75490e0, 0x00000000e8000000)
  to   space 21824K,   0% used [0x00000000e5560000, 0x00000000e5560000, 0x00000000e6ab0000)
 concurrent mark-sweep generation total 393216K, used 6055K [0x00000000e8000000, 0x0000000100000000, 0x0000000100000000)
 Metaspace       used 25017K, capacity 25458K, committed 25724K, reserved 1071104K
  class space    used 2914K, capacity 3084K, committed 3196K, reserved 1048576K
2017-03-22T07:22:14.420+0100: 3,707: [GC (Allocation Failure) 2017-03-22T07:22:14.420+0100: 3,707: [ParNew
Desired survivor size 20112992 bytes, new threshold 8 (max 8)
- age   1:     626968 bytes,     626968 total
- age   2:    1093888 bytes,    1720856 total
- age   3:    1715392 bytes,    3436248 total
- age   4:       5992 bytes,    3442240 total
- age   5:      51536 bytes,    3493776 total
- age   6:     104064 bytes,    3597840 total
- age   7:     178952 bytes,    3776792 total
- age   8:     750112 bytes,    4526904 total
: 98276K->5452K(109248K), 0,0179867 secs] 104331K->11508K(502464K), 0,0180628 secs] [Times: user=0,03 sys=0,00, real=0,02 secs] 
Heap after GC invocations=10 (full 1):
 par new generation   total 109248K, used 5452K [0x00000000e0000000, 0x00000000e8000000, 0x00000000e8000000)
  eden space 87424K,   0% used [0x00000000e0000000, 0x00000000e0000000, 0x00000000e5560000)
  from space 21824K,  24% used [0x00000000e5560000, 0x00000000e5ab3380, 0x00000000e6ab0000)
  to   space 21824K,   0% used [0x00000000e6ab0000, 0x00000000e6ab0000, 0x00000000e8000000)
 concurrent mark-sweep generation total 393216K, used 6055K [0x00000000e8000000, 0x0000000100000000, 0x0000000100000000)
 Metaspace       used 25017K, capacity 25458K, committed 25724K, reserved 1071104K
  class space    used 2914K, capacity 3084K, committed 3196K, reserved 1048576K
}
2017-03-22T07:22:14.438+0100: 3,725: Total time for which application threads were stopped: 0,0194767 seconds, Stopping threads took: 0,0012428 seconds
2017-03-22T07:22:14.635+0100: 3,922: Total time for which application threads were stopped: 0,0004743 seconds, Stopping threads took: 0,0000451 seconds
2017-03-22T07:22:14.647+0100: 3,934: Total time for which application threads were stopped: 0,0003403 seconds, Stopping threads took: 0,0000133 seconds
2017-03-22T07:22:14.702+0100: 3,989: Total time for which application threads were stopped: 0,0003868 seconds, Stopping threads took: 0,0000228 seconds
2017-03-22T07:22:14.762+0100: 4,049: Total time for which application threads were stopped: 0,0003555 seconds, Stopping threads took: 0,0000572 seconds
2017-03-22T07:22:14.765+0100: 4,052: Total time for which application threads were stopped: 0,0001851 seconds, Stopping threads took: 0,0001020 seconds
2017-03-22T07:22:14.766+0100: 4,053: Total time for which application threads were stopped: 0,0001149 seconds, Stopping threads took: 0,0000343 seconds
2017-03-22T07:22:14.768+0100: 4,055: Total time for which application threads were stopped: 0,0001082 seconds, Stopping threads took: 0,0000271 seconds
2017-03-22T07:22:14.782+0100: 4,069: Total time for which application threads were stopped: 0,0028593 seconds, Stopping threads took: 0,0027501 seconds
2017-03-22T07:22:14.783+0100: 4,071: Total time for which application threads were stopped: 0,0001991 seconds, Stopping threads took: 0,0000779 seconds
2017-03-22T07:22:14.784+0100: 4,071: Total time for which application threads were stopped: 0,0001461 seconds, Stopping threads took: 0,0000331 seconds
2017-03-22T07:22:14.786+0100: 4,073: Total time for which application threads were stopped: 0,0010080 seconds, Stopping threads took: 0,0009029 seconds
2017-03-22T07:22:14.800+0100: 4,087: Total time for which application threads were stopped: 0,0011536 seconds, Stopping threads took: 0,0010393 seconds
2017-03-22T07:22:14.855+0100: 4,142: Total time for which application threads were stopped: 0,0001891 seconds, Stopping threads took: 0,0000460 seconds
2017-03-22T07:22:14.858+0100: 4,145: Total time for which application threads were stopped: 0,0001565 seconds, Stopping threads took: 0,0000716 seconds
2017-03-22T07:22:14.865+0100: 4,153: Total time for which application threads were stopped: 0,0001075 seconds, Stopping threads took: 0,0000201 seconds
2017-03-22T07:22:14.868+0100: 4,156: Total time for which application threads were stopped: 0,0001424 seconds, Stopping threads took: 0,0000399 seconds
2017-03-22T07:22:14.871+0100: 4,158: Total time for which application threads were stopped: 0,0001580 seconds, Stopping threads took: 0,0000685 seconds
2017-03-22T07:22:14.874+0100: 4,161: Total time for which application threads were stopped: 0,0001239 seconds, Stopping threads took: 0,0000416 seconds
2017-03-22T07:22:14.875+0100: 4,162: Total time for which application threads were stopped: 0,0000710 seconds, Stopping threads took: 0,0000170 seconds
2017-03-22T07:22:14.878+0100: 4,165: Total time for which application threads were stopped: 0,0001020 seconds, Stopping threads took: 0,0000355 seconds
2017-03-22T07:22:14.878+0100: 4,165: Total time for which application threads were stopped: 0,0000960 seconds, Stopping threads took: 0,0000244 seconds
2017-03-22T07:22:15.878+0100: 5,165: Total time for which application threads were stopped: 0,0000628 seconds, Stopping threads took: 0,0000146 seconds
2017-03-22T07:22:42.153+0100: 32,168: Total time for which application threads were stopped: 0,0000721 seconds, Stopping threads took: 0,0000163 seconds
2017-03-22T07:24:12.163+0100: 122,178: Total time for which application threads were stopped: 0,0000939 seconds, Stopping threads took: 0,0000389 seconds
2017-03-22T07:25:11.170+0100: 181,185: Total time for which application threads were stopped: 0,0000876 seconds, Stopping threads took: 0,0000370 seconds
2017-03-22T07:26:41.181+0100: 271,196: Total time for which application threads were stopped: 0,0000945 seconds, Stopping threads took: 0,0000381 seconds
2017-03-22T07:27:32.186+0100: 322,201: Total time for which application threads were stopped: 0,0000872 seconds, Stopping threads took: 0,0000339 seconds
2017-03-22T07:32:47.222+0100: 637,237: Total time for which application threads were stopped: 0,0000908 seconds, Stopping threads took: 0,0000349 seconds
2017-03-22T07:32:51.222+0100: 641,238: Total time for which application threads were stopped: 0,0001260 seconds, Stopping threads took: 0,0000382 seconds
2017-03-22T07:32:52.223+0100: 642,238: Total time for which application threads were stopped: 0,0003895 seconds, Stopping threads took: 0,0000827 seconds
{Heap before GC invocations=10 (full 1):
 par new generation   total 109248K, used 92876K [0x00000000e0000000, 0x00000000e8000000, 0x00000000e8000000)
  eden space 87424K, 100% used [0x00000000e0000000, 0x00000000e5560000, 0x00000000e5560000)
  from space 21824K,  24% used [0x00000000e5560000, 0x00000000e5ab3380, 0x00000000e6ab0000)
  to   space 21824K,   0% used [0x00000000e6ab0000, 0x00000000e6ab0000, 0x00000000e8000000)
 concurrent mark-sweep generation total 393216K, used 6055K [0x00000000e8000000, 0x0000000100000000, 0x0000000100000000)
 Metaspace       used 27986K, capacity 28506K, committed 28796K, reserved 1075200K
  class space    used 3216K, capacity 3392K, committed 3452K, reserved 1048576K
2017-03-22T07:34:06.653+0100: 716,668: [GC (Allocation Failure) 2017-03-22T07:34:06.653+0100: 716,668: [ParNew
Desired survivor size 20112992 bytes, new threshold 8 (max 8)
- age   1:   10455984 bytes,   10455984 total
- age   2:     260824 bytes,   10716808 total
- age   3:     310128 bytes,   11026936 total
- age   4:    1710640 bytes,   12737576 total
- age   5:       5992 bytes,   12743568 total
- age   6:      51536 bytes,   12795104 total
- age   7:     103936 bytes,   12899040 total
- age   8:     178856 bytes,   13077896 total
: 92876K->15905K(109248K), 0,1457867 secs] 98932K->22791K(502464K), 0,1458775 secs] [Times: user=0,09 sys=0,00, real=0,14 secs] 
Heap after GC invocations=11 (full 1):
 par new generation   total 109248K, used 15905K [0x00000000e0000000, 0x00000000e8000000, 0x00000000e8000000)
  eden space 87424K,   0% used [0x00000000e0000000, 0x00000000e0000000, 0x00000000e5560000)
  from space 21824K,  72% used [0x00000000e6ab0000, 0x00000000e7a38558, 0x00000000e8000000)
  to   space 21824K,   0% used [0x00000000e5560000, 0x00000000e5560000, 0x00000000e6ab0000)
 concurrent mark-sweep generation total 393216K, used 6885K [0x00000000e8000000, 0x0000000100000000, 0x0000000100000000)
 Metaspace       used 27986K, capacity 28506K, committed 28796K, reserved 1075200K
  class space    used 3216K, capacity 3392K, committed 3452K, reserved 1048576K
}
2017-03-22T07:34:06.799+0100: 716,814: Total time for which application threads were stopped: 0,1460879 seconds, Stopping threads took: 0,0000202 seconds
2017-03-22T07:34:06.840+0100: 716,856: Total time for which application threads were stopped: 0,0001055 seconds, Stopping threads took: 0,0000166 seconds
2017-03-22T07:34:06.881+0100: 716,896: Total time for which application threads were stopped: 0,0001313 seconds, Stopping threads took: 0,0000359 seconds
2017-03-22T07:34:06.882+0100: 716,897: Total time for which application threads were stopped: 0,0001434 seconds, Stopping threads took: 0,0000420 seconds
2017-03-22T07:34:06.886+0100: 716,901: Total time for which application threads were stopped: 0,0001311 seconds, Stopping threads took: 0,0000334 seconds
Heap
 par new generation   total 109248K, used 28926K [0x00000000e0000000, 0x00000000e8000000, 0x00000000e8000000)
  eden space 87424K,  14% used [0x00000000e0000000, 0x00000000e0cb73f8, 0x00000000e5560000)
  from space 21824K,  72% used [0x00000000e6ab0000, 0x00000000e7a38558, 0x00000000e8000000)
  to   space 21824K,   0% used [0x00000000e5560000, 0x00000000e5560000, 0x00000000e6ab0000)
 concurrent mark-sweep generation total 393216K, used 6885K [0x00000000e8000000, 0x0000000100000000, 0x0000000100000000)
 Metaspace       used 28079K, capacity 28610K, committed 28796K, reserved 1075200K
  class space    used 3229K, capacity 3426K, committed 3452K, reserved 1048576K
