OpenJDK 64-Bit Server VM (25.111-b14) for linux-amd64 JRE (1.8.0_111-8u111-b14-2ubuntu0.16.04.2-b14), built on Oct 27 2016 18:10:19 by "buildd" with gcc 5.4.0 20160609
Memory: 4k page, physical 7867804k(7501236k free), swap 8076284k(8076284k free)
CommandLine flags: -XX:CMSInitiatingOccupancyFraction=50 -XX:CMSMaxAbortablePrecleanTime=6000 -XX:+CMSParallelRemarkEnabled -XX:+CMSScavengeBeforeRemark -XX:ConcGCThreads=4 -XX:InitialHeapSize=536870912 -XX:MaxHeapSize=536870912 -XX:MaxTenuringThreshold=8 -XX:NewRatio=3 -XX:OldPLABSize=16 -XX:OnOutOfMemoryError=/opt/solr/bin/oom_solr.sh 8983 /var/solr/logs -XX:ParallelGCThreads=4 -XX:+ParallelRefProcEnabled -XX:PretenureSizeThreshold=67108864 -XX:+PrintGC -XX:+PrintGCApplicationStoppedTime -XX:+PrintGCDateStamps -XX:+PrintGCDetails -XX:+PrintGCTimeStamps -XX:+PrintHeapAtGC -XX:+PrintTenuringDistribution -XX:SurvivorRatio=4 -XX:TargetSurvivorRatio=90 -XX:ThreadStackSize=256 -XX:+UseCMSInitiatingOccupancyOnly -XX:+UseCompressedClassPointers -XX:+UseCompressedOops -XX:+UseConcMarkSweepGC -XX:+UseParNewGC 
2017-01-04T15:44:31.643+0100: 0,121: Total time for which application threads were stopped: 0,0000738 seconds, Stopping threads took: 0,0000144 seconds
2017-01-04T15:44:31.732+0100: 0,210: Total time for which application threads were stopped: 0,0001040 seconds, Stopping threads took: 0,0000161 seconds
2017-01-04T15:44:31.747+0100: 0,225: Total time for which application threads were stopped: 0,0000810 seconds, Stopping threads took: 0,0000106 seconds
2017-01-04T15:44:31.953+0100: 0,431: Total time for which application threads were stopped: 0,0001216 seconds, Stopping threads took: 0,0000131 seconds
2017-01-04T15:44:32.453+0100: 0,931: Total time for which application threads were stopped: 0,0001526 seconds, Stopping threads took: 0,0000139 seconds
2017-01-04T15:44:32.582+0100: 1,059: Total time for which application threads were stopped: 0,0002042 seconds, Stopping threads took: 0,0000614 seconds
2017-01-04T15:44:32.599+0100: 1,077: Total time for which application threads were stopped: 0,0002494 seconds, Stopping threads took: 0,0000439 seconds
2017-01-04T15:44:32.863+0100: 1,341: Total time for which application threads were stopped: 0,0001845 seconds, Stopping threads took: 0,0000234 seconds
2017-01-04T15:44:33.092+0100: 1,570: Total time for which application threads were stopped: 0,0002346 seconds, Stopping threads took: 0,0000267 seconds
2017-01-04T15:44:33.119+0100: 1,596: Total time for which application threads were stopped: 0,0002839 seconds, Stopping threads took: 0,0000222 seconds
2017-01-04T15:44:33.121+0100: 1,599: Total time for which application threads were stopped: 0,0001788 seconds, Stopping threads took: 0,0000239 seconds
2017-01-04T15:44:33.134+0100: 1,612: Total time for which application threads were stopped: 0,0007864 seconds, Stopping threads took: 0,0000681 seconds
2017-01-04T15:44:33.260+0100: 1,738: Total time for which application threads were stopped: 0,0006139 seconds, Stopping threads took: 0,0000316 seconds
2017-01-04T15:44:33.433+0100: 1,911: Total time for which application threads were stopped: 0,0002751 seconds, Stopping threads took: 0,0000444 seconds
{Heap before GC invocations=0 (full 0):
 par new generation   total 109248K, used 87424K [0x00000000e0000000, 0x00000000e8000000, 0x00000000e8000000)
  eden space 87424K, 100% used [0x00000000e0000000, 0x00000000e5560000, 0x00000000e5560000)
  from space 21824K,   0% used [0x00000000e5560000, 0x00000000e5560000, 0x00000000e6ab0000)
  to   space 21824K,   0% used [0x00000000e6ab0000, 0x00000000e6ab0000, 0x00000000e8000000)
 concurrent mark-sweep generation total 393216K, used 0K [0x00000000e8000000, 0x0000000100000000, 0x0000000100000000)
 Metaspace       used 18093K, capacity 18366K, committed 18560K, reserved 1064960K
  class space    used 2054K, capacity 2162K, committed 2176K, reserved 1048576K
2017-01-04T15:44:33.548+0100: 2,026: [GC (Allocation Failure) 2017-01-04T15:44:33.549+0100: 2,026: [ParNew
Desired survivor size 20112992 bytes, new threshold 8 (max 8)
- age   1:   12328200 bytes,   12328200 total
: 87424K->12153K(109248K), 0,0163868 secs] 87424K->12153K(502464K), 0,0164767 secs] [Times: user=0,03 sys=0,03, real=0,02 secs] 
Heap after GC invocations=1 (full 0):
 par new generation   total 109248K, used 12153K [0x00000000e0000000, 0x00000000e8000000, 0x00000000e8000000)
  eden space 87424K,   0% used [0x00000000e0000000, 0x00000000e0000000, 0x00000000e5560000)
  from space 21824K,  55% used [0x00000000e6ab0000, 0x00000000e768e488, 0x00000000e8000000)
  to   space 21824K,   0% used [0x00000000e5560000, 0x00000000e5560000, 0x00000000e6ab0000)
 concurrent mark-sweep generation total 393216K, used 0K [0x00000000e8000000, 0x0000000100000000, 0x0000000100000000)
 Metaspace       used 18093K, capacity 18366K, committed 18560K, reserved 1064960K
  class space    used 2054K, capacity 2162K, committed 2176K, reserved 1048576K
}
2017-01-04T15:44:33.565+0100: 2,043: Total time for which application threads were stopped: 0,0166240 seconds, Stopping threads took: 0,0000141 seconds
2017-01-04T15:44:33.711+0100: 2,189: Total time for which application threads were stopped: 0,0003033 seconds, Stopping threads took: 0,0000354 seconds
2017-01-04T15:44:33.740+0100: 2,218: Total time for which application threads were stopped: 0,0002915 seconds, Stopping threads took: 0,0000305 seconds
2017-01-04T15:44:33.763+0100: 2,241: Total time for which application threads were stopped: 0,0002803 seconds, Stopping threads took: 0,0000217 seconds
{Heap before GC invocations=1 (full 0):
 par new generation   total 109248K, used 99577K [0x00000000e0000000, 0x00000000e8000000, 0x00000000e8000000)
  eden space 87424K, 100% used [0x00000000e0000000, 0x00000000e5560000, 0x00000000e5560000)
  from space 21824K,  55% used [0x00000000e6ab0000, 0x00000000e768e488, 0x00000000e8000000)
  to   space 21824K,   0% used [0x00000000e5560000, 0x00000000e5560000, 0x00000000e6ab0000)
 concurrent mark-sweep generation total 393216K, used 0K [0x00000000e8000000, 0x0000000100000000, 0x0000000100000000)
 Metaspace       used 20704K, capacity 21016K, committed 21248K, reserved 1069056K
  class space    used 2403K, capacity 2518K, committed 2560K, reserved 1048576K
2017-01-04T15:44:33.927+0100: 2,404: [GC (Allocation Failure) 2017-01-04T15:44:33.927+0100: 2,404: [ParNew
Desired survivor size 20112992 bytes, new threshold 8 (max 8)
- age   1:    3349672 bytes,    3349672 total
- age   2:    6101272 bytes,    9450944 total
: 99577K->15088K(109248K), 0,0119914 secs] 99577K->15088K(502464K), 0,0120776 secs] [Times: user=0,05 sys=0,00, real=0,02 secs] 
Heap after GC invocations=2 (full 0):
 par new generation   total 109248K, used 15088K [0x00000000e0000000, 0x00000000e8000000, 0x00000000e8000000)
  eden space 87424K,   0% used [0x00000000e0000000, 0x00000000e0000000, 0x00000000e5560000)
  from space 21824K,  69% used [0x00000000e5560000, 0x00000000e641c100, 0x00000000e6ab0000)
  to   space 21824K,   0% used [0x00000000e6ab0000, 0x00000000e6ab0000, 0x00000000e8000000)
 concurrent mark-sweep generation total 393216K, used 0K [0x00000000e8000000, 0x0000000100000000, 0x0000000100000000)
 Metaspace       used 20704K, capacity 21016K, committed 21248K, reserved 1069056K
  class space    used 2403K, capacity 2518K, committed 2560K, reserved 1048576K
}
2017-01-04T15:44:33.939+0100: 2,417: Total time for which application threads were stopped: 0,0124267 seconds, Stopping threads took: 0,0001299 seconds
2017-01-04T15:44:34.016+0100: 2,494: Total time for which application threads were stopped: 0,0001026 seconds, Stopping threads took: 0,0000306 seconds
2017-01-04T15:44:34.050+0100: 2,527: Total time for which application threads were stopped: 0,0000894 seconds, Stopping threads took: 0,0000133 seconds
2017-01-04T15:44:34.050+0100: 2,528: Total time for which application threads were stopped: 0,0002585 seconds, Stopping threads took: 0,0000096 seconds
2017-01-04T15:44:34.074+0100: 2,552: Total time for which application threads were stopped: 0,0000820 seconds, Stopping threads took: 0,0000229 seconds
2017-01-04T15:44:34.147+0100: 2,625: Total time for which application threads were stopped: 0,0001425 seconds, Stopping threads took: 0,0000226 seconds
2017-01-04T15:44:34.168+0100: 2,646: Total time for which application threads were stopped: 0,0000930 seconds, Stopping threads took: 0,0000271 seconds
2017-01-04T15:44:34.175+0100: 2,653: Total time for which application threads were stopped: 0,0003473 seconds, Stopping threads took: 0,0000285 seconds
2017-01-04T15:44:34.183+0100: 2,661: Total time for which application threads were stopped: 0,0002933 seconds, Stopping threads took: 0,0000257 seconds
2017-01-04T15:44:34.184+0100: 2,662: Total time for which application threads were stopped: 0,0001032 seconds, Stopping threads took: 0,0000367 seconds
2017-01-04T15:44:34.221+0100: 2,699: Total time for which application threads were stopped: 0,0000741 seconds, Stopping threads took: 0,0000149 seconds
2017-01-04T15:44:34.239+0100: 2,717: Total time for which application threads were stopped: 0,0000916 seconds, Stopping threads took: 0,0000197 seconds
2017-01-04T15:44:34.259+0100: 2,737: Total time for which application threads were stopped: 0,0000917 seconds, Stopping threads took: 0,0000253 seconds
2017-01-04T15:44:34.277+0100: 2,755: Total time for which application threads were stopped: 0,0000789 seconds, Stopping threads took: 0,0000139 seconds
2017-01-04T15:44:34.318+0100: 2,796: Total time for which application threads were stopped: 0,0001358 seconds, Stopping threads took: 0,0000296 seconds
2017-01-04T15:44:34.373+0100: 2,851: Total time for which application threads were stopped: 0,0001601 seconds, Stopping threads took: 0,0000896 seconds
2017-01-04T15:44:34.408+0100: 2,885: Total time for which application threads were stopped: 0,0001307 seconds, Stopping threads took: 0,0000365 seconds
{Heap before GC invocations=2 (full 0):
 par new generation   total 109248K, used 102375K [0x00000000e0000000, 0x00000000e8000000, 0x00000000e8000000)
  eden space 87424K,  99% used [0x00000000e0000000, 0x00000000e553dde8, 0x00000000e5560000)
  from space 21824K,  69% used [0x00000000e5560000, 0x00000000e641c100, 0x00000000e6ab0000)
  to   space 21824K,   0% used [0x00000000e6ab0000, 0x00000000e6ab0000, 0x00000000e8000000)
 concurrent mark-sweep generation total 393216K, used 0K [0x00000000e8000000, 0x0000000100000000, 0x0000000100000000)
 Metaspace       used 24809K, capacity 25220K, committed 25536K, reserved 1071104K
  class space    used 2894K, capacity 3024K, committed 3092K, reserved 1048576K
2017-01-04T15:44:34.416+0100: 2,894: [GC (Allocation Failure) 2017-01-04T15:44:34.416+0100: 2,894: [ParNew
Desired survivor size 20112992 bytes, new threshold 8 (max 8)
- age   1:    4850032 bytes,    4850032 total
- age   2:     539224 bytes,    5389256 total
- age   3:    6084144 bytes,   11473400 total
: 102375K->12579K(109248K), 0,0108791 secs] 102375K->12579K(502464K), 0,0109712 secs] [Times: user=0,04 sys=0,00, real=0,01 secs] 
Heap after GC invocations=3 (full 0):
 par new generation   total 109248K, used 12579K [0x00000000e0000000, 0x00000000e8000000, 0x00000000e8000000)
  eden space 87424K,   0% used [0x00000000e0000000, 0x00000000e0000000, 0x00000000e5560000)
  from space 21824K,  57% used [0x00000000e6ab0000, 0x00000000e76f8fc0, 0x00000000e8000000)
  to   space 21824K,   0% used [0x00000000e5560000, 0x00000000e5560000, 0x00000000e6ab0000)
 concurrent mark-sweep generation total 393216K, used 0K [0x00000000e8000000, 0x0000000100000000, 0x0000000100000000)
 Metaspace       used 24809K, capacity 25220K, committed 25536K, reserved 1071104K
  class space    used 2894K, capacity 3024K, committed 3092K, reserved 1048576K
}
2017-01-04T15:44:34.427+0100: 2,905: Total time for which application threads were stopped: 0,0111483 seconds, Stopping threads took: 0,0000429 seconds
2017-01-04T15:44:34.427+0100: 2,905: [GC (CMS Initial Mark) [1 CMS-initial-mark: 0K(393216K)] 12835K(502464K), 0,0041795 secs] [Times: user=0,01 sys=0,00, real=0,01 secs] 
2017-01-04T15:44:34.432+0100: 2,909: Total time for which application threads were stopped: 0,0043598 seconds, Stopping threads took: 0,0000685 seconds
2017-01-04T15:44:34.432+0100: 2,909: [CMS-concurrent-mark-start]
2017-01-04T15:44:34.434+0100: 2,912: [CMS-concurrent-mark: 0,002/0,002 secs] [Times: user=0,01 sys=0,00, real=0,00 secs] 
2017-01-04T15:44:34.434+0100: 2,912: [CMS-concurrent-preclean-start]
2017-01-04T15:44:34.436+0100: 2,913: [CMS-concurrent-preclean: 0,001/0,001 secs] [Times: user=0,00 sys=0,00, real=0,00 secs] 
2017-01-04T15:44:34.436+0100: 2,913: [GC (CMS Final Remark) [YG occupancy: 14221 K (109248 K)]{Heap before GC invocations=3 (full 1):
 par new generation   total 109248K, used 14221K [0x00000000e0000000, 0x00000000e8000000, 0x00000000e8000000)
  eden space 87424K,   1% used [0x00000000e0000000, 0x00000000e019a4a8, 0x00000000e5560000)
  from space 21824K,  57% used [0x00000000e6ab0000, 0x00000000e76f8fc0, 0x00000000e8000000)
  to   space 21824K,   0% used [0x00000000e5560000, 0x00000000e5560000, 0x00000000e6ab0000)
 concurrent mark-sweep generation total 393216K, used 0K [0x00000000e8000000, 0x0000000100000000, 0x0000000100000000)
 Metaspace       used 24810K, capacity 25220K, committed 25536K, reserved 1071104K
  class space    used 2894K, capacity 3024K, committed 3092K, reserved 1048576K
2017-01-04T15:44:34.436+0100: 2,914: [GC (CMS Final Remark) 2017-01-04T15:44:34.436+0100: 2,914: [ParNew
Desired survivor size 20112992 bytes, new threshold 8 (max 8)
- age   1:    1283168 bytes,    1283168 total
- age   2:    1313896 bytes,    2597064 total
- age   3:     539224 bytes,    3136288 total
- age   4:    6084088 bytes,    9220376 total
: 14221K->16540K(109248K), 0,0199660 secs] 14221K->16540K(502464K), 0,0200095 secs] [Times: user=0,07 sys=0,00, real=0,02 secs] 
Heap after GC invocations=4 (full 1):
 par new generation   total 109248K, used 16540K [0x00000000e0000000, 0x00000000e8000000, 0x00000000e8000000)
  eden space 87424K,   0% used [0x00000000e0000000, 0x00000000e0000000, 0x00000000e5560000)
  from space 21824K,  75% used [0x00000000e5560000, 0x00000000e65871d0, 0x00000000e6ab0000)
  to   space 21824K,   0% used [0x00000000e6ab0000, 0x00000000e6ab0000, 0x00000000e8000000)
 concurrent mark-sweep generation total 393216K, used 0K [0x00000000e8000000, 0x0000000100000000, 0x0000000100000000)
 Metaspace       used 24810K, capacity 25220K, committed 25536K, reserved 1071104K
  class space    used 2894K, capacity 3024K, committed 3092K, reserved 1048576K
}
2017-01-04T15:44:34.456+0100: 2,934: [Rescan (parallel) , 0,0036339 secs]2017-01-04T15:44:34.459+0100: 2,937: [weak refs processing, 0,0008471 secs]2017-01-04T15:44:34.460+0100: 2,938: [class unloading, 0,0032625 secs]2017-01-04T15:44:34.464+0100: 2,941: [scrub symbol table, 0,0033379 secs]2017-01-04T15:44:34.467+0100: 2,945: [scrub string table, 0,0003738 secs][1 CMS-remark: 0K(393216K)] 16540K(502464K), 0,0321706 secs] [Times: user=0,09 sys=0,00, real=0,03 secs] 
2017-01-04T15:44:34.468+0100: 2,946: Total time for which application threads were stopped: 0,0322901 seconds, Stopping threads took: 0,0000471 seconds
2017-01-04T15:44:34.469+0100: 2,947: [CMS-concurrent-sweep-start]
2017-01-04T15:44:34.469+0100: 2,947: [CMS-concurrent-sweep: 0,000/0,000 secs] [Times: user=0,00 sys=0,00, real=0,00 secs] 
2017-01-04T15:44:34.469+0100: 2,947: [CMS-concurrent-reset-start]
2017-01-04T15:44:34.476+0100: 2,953: [CMS-concurrent-reset: 0,006/0,006 secs] [Times: user=0,01 sys=0,00, real=0,01 secs] 
2017-01-04T15:44:35.468+0100: 3,946: Total time for which application threads were stopped: 0,0001168 seconds, Stopping threads took: 0,0000225 seconds
2017-01-04T15:44:35.570+0100: 4,048: Total time for which application threads were stopped: 0,0002377 seconds, Stopping threads took: 0,0000157 seconds
2017-01-04T15:45:03.577+0100: 32,055: Total time for which application threads were stopped: 0,0000872 seconds, Stopping threads took: 0,0000181 seconds
2017-01-04T15:47:13.597+0100: 162,075: Total time for which application threads were stopped: 0,0001596 seconds, Stopping threads took: 0,0000676 seconds
2017-01-04T15:47:18.598+0100: 167,076: Total time for which application threads were stopped: 0,0001240 seconds, Stopping threads took: 0,0000328 seconds
2017-01-04T15:47:32.601+0100: 181,078: Total time for which application threads were stopped: 0,0000951 seconds, Stopping threads took: 0,0000416 seconds
2017-01-04T15:48:13.606+0100: 222,084: Total time for which application threads were stopped: 0,0005101 seconds, Stopping threads took: 0,0002103 seconds
2017-01-04T15:49:02.613+0100: 271,090: Total time for which application threads were stopped: 0,0000872 seconds, Stopping threads took: 0,0000365 seconds
2017-01-04T15:49:13.614+0100: 282,092: Total time for which application threads were stopped: 0,0001283 seconds, Stopping threads took: 0,0000327 seconds
2017-01-04T15:49:18.615+0100: 287,093: Total time for which application threads were stopped: 0,0001432 seconds, Stopping threads took: 0,0000367 seconds
2017-01-04T15:49:28.617+0100: 297,095: Total time for which application threads were stopped: 0,0000573 seconds, Stopping threads took: 0,0000144 seconds
2017-01-04T15:49:53.620+0100: 322,097: Total time for which application threads were stopped: 0,0000751 seconds, Stopping threads took: 0,0000310 seconds
2017-01-04T15:55:13.660+0100: 642,138: Total time for which application threads were stopped: 0,0001217 seconds, Stopping threads took: 0,0000580 seconds
2017-01-04T16:08:12.762+0100: 1421,239: Total time for which application threads were stopped: 0,0000858 seconds, Stopping threads took: 0,0000362 seconds
2017-01-04T16:11:58.793+0100: 1647,271: Total time for which application threads were stopped: 0,0000887 seconds, Stopping threads took: 0,0000375 seconds
2017-01-04T16:12:27.798+0100: 1676,275: Total time for which application threads were stopped: 0,0000740 seconds, Stopping threads took: 0,0000304 seconds
2017-01-04T16:12:32.798+0100: 1681,276: Total time for which application threads were stopped: 0,0000640 seconds, Stopping threads took: 0,0000157 seconds
2017-01-04T16:23:12.891+0100: 2321,369: Total time for which application threads were stopped: 0,0000861 seconds, Stopping threads took: 0,0000351 seconds
2017-01-04T16:23:13.892+0100: 2322,369: Total time for which application threads were stopped: 0,0000720 seconds, Stopping threads took: 0,0000309 seconds
2017-01-04T16:37:49.007+0100: 3197,485: Total time for which application threads were stopped: 0,0000729 seconds, Stopping threads took: 0,0000300 seconds
2017-01-04T16:50:03.116+0100: 3931,594: Total time for which application threads were stopped: 0,0000803 seconds, Stopping threads took: 0,0000322 seconds
2017-01-04T17:21:23.111+0100: 4021,532: Total time for which application threads were stopped: 0,0000820 seconds, Stopping threads took: 0,0000331 seconds
2017-01-04T17:58:19.397+0100: 6237,818: Total time for which application threads were stopped: 0,0000837 seconds, Stopping threads took: 0,0000373 seconds
2017-01-04T17:59:29.407+0100: 6307,828: Total time for which application threads were stopped: 0,0001751 seconds, Stopping threads took: 0,0000727 seconds
2017-01-04T18:19:23.574+0100: 7501,995: Total time for which application threads were stopped: 0,0000817 seconds, Stopping threads took: 0,0000315 seconds
2017-01-04T18:19:53.578+0100: 7531,999: Total time for which application threads were stopped: 0,0003782 seconds, Stopping threads took: 0,0001731 seconds
2017-01-04T18:22:23.597+0100: 7682,018: Total time for which application threads were stopped: 0,0001776 seconds, Stopping threads took: 0,0000700 seconds
2017-01-04T18:22:53.601+0100: 7712,022: Total time for which application threads were stopped: 0,0000837 seconds, Stopping threads took: 0,0000358 seconds
2017-01-04T18:49:20.348+0100: 9298,769: Total time for which application threads were stopped: 0,0001666 seconds, Stopping threads took: 0,0000258 seconds
Heap
 par new generation   total 109248K, used 61779K [0x00000000e0000000, 0x00000000e8000000, 0x00000000e8000000)
  eden space 87424K,  51% used [0x00000000e0000000, 0x00000000e2c2db40, 0x00000000e5560000)
  from space 21824K,  75% used [0x00000000e5560000, 0x00000000e65871d0, 0x00000000e6ab0000)
  to   space 21824K,   0% used [0x00000000e6ab0000, 0x00000000e6ab0000, 0x00000000e8000000)
 concurrent mark-sweep generation total 393216K, used 0K [0x00000000e8000000, 0x0000000100000000, 0x0000000100000000)
 Metaspace       used 27252K, capacity 27728K, committed 27920K, reserved 1073152K
  class space    used 3167K, capacity 3320K, committed 3348K, reserved 1048576K
