OpenJDK 64-Bit Server VM (25.111-b14) for linux-amd64 JRE (1.8.0_111-8u111-b14-2ubuntu0.16.04.2-b14), built on Oct 27 2016 18:10:19 by "buildd" with gcc 5.4.0 20160609
Memory: 4k page, physical 7867804k(7502936k free), swap 8076284k(8076284k free)
CommandLine flags: -XX:CMSInitiatingOccupancyFraction=50 -XX:CMSMaxAbortablePrecleanTime=6000 -XX:+CMSParallelRemarkEnabled -XX:+CMSScavengeBeforeRemark -XX:ConcGCThreads=4 -XX:InitialHeapSize=536870912 -XX:MaxHeapSize=536870912 -XX:MaxTenuringThreshold=8 -XX:NewRatio=3 -XX:OldPLABSize=16 -XX:OnOutOfMemoryError=/opt/solr/bin/oom_solr.sh 8983 /var/solr/logs -XX:ParallelGCThreads=4 -XX:+ParallelRefProcEnabled -XX:PretenureSizeThreshold=67108864 -XX:+PrintGC -XX:+PrintGCApplicationStoppedTime -XX:+PrintGCDateStamps -XX:+PrintGCDetails -XX:+PrintGCTimeStamps -XX:+PrintHeapAtGC -XX:+PrintTenuringDistribution -XX:SurvivorRatio=4 -XX:TargetSurvivorRatio=90 -XX:ThreadStackSize=256 -XX:+UseCMSInitiatingOccupancyOnly -XX:+UseCompressedClassPointers -XX:+UseCompressedOops -XX:+UseConcMarkSweepGC -XX:+UseParNewGC 
2017-01-04T07:49:39.898+0100: 0,143: Total time for which application threads were stopped: 0,0000762 seconds, Stopping threads took: 0,0000131 seconds
2017-01-04T07:49:39.996+0100: 0,240: Total time for which application threads were stopped: 0,0001217 seconds, Stopping threads took: 0,0000260 seconds
2017-01-04T07:49:40.008+0100: 0,252: Total time for which application threads were stopped: 0,0000964 seconds, Stopping threads took: 0,0000128 seconds
2017-01-04T07:49:40.195+0100: 0,439: Total time for which application threads were stopped: 0,0001464 seconds, Stopping threads took: 0,0000249 seconds
2017-01-04T07:49:40.631+0100: 0,875: Total time for which application threads were stopped: 0,0001526 seconds, Stopping threads took: 0,0000247 seconds
2017-01-04T07:49:40.740+0100: 0,984: Total time for which application threads were stopped: 0,0001337 seconds, Stopping threads took: 0,0000275 seconds
2017-01-04T07:49:40.762+0100: 1,007: Total time for which application threads were stopped: 0,0001543 seconds, Stopping threads took: 0,0000202 seconds
2017-01-04T07:49:41.013+0100: 1,257: Total time for which application threads were stopped: 0,0001521 seconds, Stopping threads took: 0,0000121 seconds
2017-01-04T07:49:41.230+0100: 1,474: Total time for which application threads were stopped: 0,0002118 seconds, Stopping threads took: 0,0000184 seconds
2017-01-04T07:49:41.253+0100: 1,497: Total time for which application threads were stopped: 0,0001815 seconds, Stopping threads took: 0,0000279 seconds
2017-01-04T07:49:41.254+0100: 1,498: Total time for which application threads were stopped: 0,0001917 seconds, Stopping threads took: 0,0000166 seconds
2017-01-04T07:49:41.267+0100: 1,512: Total time for which application threads were stopped: 0,0001690 seconds, Stopping threads took: 0,0000205 seconds
2017-01-04T07:49:41.369+0100: 1,613: Total time for which application threads were stopped: 0,0002262 seconds, Stopping threads took: 0,0000230 seconds
2017-01-04T07:49:41.524+0100: 1,768: Total time for which application threads were stopped: 0,0002248 seconds, Stopping threads took: 0,0000380 seconds
{Heap before GC invocations=0 (full 0):
 par new generation   total 109248K, used 87424K [0x00000000e0000000, 0x00000000e8000000, 0x00000000e8000000)
  eden space 87424K, 100% used [0x00000000e0000000, 0x00000000e5560000, 0x00000000e5560000)
  from space 21824K,   0% used [0x00000000e5560000, 0x00000000e5560000, 0x00000000e6ab0000)
  to   space 21824K,   0% used [0x00000000e6ab0000, 0x00000000e6ab0000, 0x00000000e8000000)
 concurrent mark-sweep generation total 393216K, used 0K [0x00000000e8000000, 0x0000000100000000, 0x0000000100000000)
 Metaspace       used 18072K, capacity 18366K, committed 18560K, reserved 1064960K
  class space    used 2052K, capacity 2162K, committed 2176K, reserved 1048576K
2017-01-04T07:49:41.633+0100: 1,877: [GC (Allocation Failure) 2017-01-04T07:49:41.633+0100: 1,877: [ParNew
Desired survivor size 20112992 bytes, new threshold 8 (max 8)
- age   1:   12339096 bytes,   12339096 total
: 87424K->12170K(109248K), 0,0158042 secs] 87424K->12170K(502464K), 0,0158967 secs] [Times: user=0,06 sys=0,00, real=0,02 secs] 
Heap after GC invocations=1 (full 0):
 par new generation   total 109248K, used 12170K [0x00000000e0000000, 0x00000000e8000000, 0x00000000e8000000)
  eden space 87424K,   0% used [0x00000000e0000000, 0x00000000e0000000, 0x00000000e5560000)
  from space 21824K,  55% used [0x00000000e6ab0000, 0x00000000e76929b0, 0x00000000e8000000)
  to   space 21824K,   0% used [0x00000000e5560000, 0x00000000e5560000, 0x00000000e6ab0000)
 concurrent mark-sweep generation total 393216K, used 0K [0x00000000e8000000, 0x0000000100000000, 0x0000000100000000)
 Metaspace       used 18072K, capacity 18366K, committed 18560K, reserved 1064960K
  class space    used 2052K, capacity 2162K, committed 2176K, reserved 1048576K
}
2017-01-04T07:49:41.649+0100: 1,893: Total time for which application threads were stopped: 0,0160896 seconds, Stopping threads took: 0,0000202 seconds
2017-01-04T07:49:41.795+0100: 2,040: Total time for which application threads were stopped: 0,0002948 seconds, Stopping threads took: 0,0000215 seconds
2017-01-04T07:49:41.824+0100: 2,068: Total time for which application threads were stopped: 0,0003061 seconds, Stopping threads took: 0,0000512 seconds
2017-01-04T07:49:41.846+0100: 2,091: Total time for which application threads were stopped: 0,0002791 seconds, Stopping threads took: 0,0000453 seconds
{Heap before GC invocations=1 (full 0):
 par new generation   total 109248K, used 99594K [0x00000000e0000000, 0x00000000e8000000, 0x00000000e8000000)
  eden space 87424K, 100% used [0x00000000e0000000, 0x00000000e5560000, 0x00000000e5560000)
  from space 21824K,  55% used [0x00000000e6ab0000, 0x00000000e76929b0, 0x00000000e8000000)
  to   space 21824K,   0% used [0x00000000e5560000, 0x00000000e5560000, 0x00000000e6ab0000)
 concurrent mark-sweep generation total 393216K, used 0K [0x00000000e8000000, 0x0000000100000000, 0x0000000100000000)
 Metaspace       used 20705K, capacity 21020K, committed 21248K, reserved 1069056K
  class space    used 2402K, capacity 2518K, committed 2560K, reserved 1048576K
2017-01-04T07:49:42.022+0100: 2,267: [GC (Allocation Failure) 2017-01-04T07:49:42.022+0100: 2,267: [ParNew
Desired survivor size 20112992 bytes, new threshold 8 (max 8)
- age   1:    3362248 bytes,    3362248 total
- age   2:    6124552 bytes,    9486800 total
: 99594K->13131K(109248K), 0,0097482 secs] 99594K->13131K(502464K), 0,0098290 secs] [Times: user=0,03 sys=0,01, real=0,01 secs] 
Heap after GC invocations=2 (full 0):
 par new generation   total 109248K, used 13131K [0x00000000e0000000, 0x00000000e8000000, 0x00000000e8000000)
  eden space 87424K,   0% used [0x00000000e0000000, 0x00000000e0000000, 0x00000000e5560000)
  from space 21824K,  60% used [0x00000000e5560000, 0x00000000e6232c48, 0x00000000e6ab0000)
  to   space 21824K,   0% used [0x00000000e6ab0000, 0x00000000e6ab0000, 0x00000000e8000000)
 concurrent mark-sweep generation total 393216K, used 0K [0x00000000e8000000, 0x0000000100000000, 0x0000000100000000)
 Metaspace       used 20705K, capacity 21020K, committed 21248K, reserved 1069056K
  class space    used 2402K, capacity 2518K, committed 2560K, reserved 1048576K
}
2017-01-04T07:49:42.032+0100: 2,277: Total time for which application threads were stopped: 0,0100133 seconds, Stopping threads took: 0,0000238 seconds
2017-01-04T07:49:42.093+0100: 2,337: Total time for which application threads were stopped: 0,0000743 seconds, Stopping threads took: 0,0000134 seconds
2017-01-04T07:49:42.125+0100: 2,369: Total time for which application threads were stopped: 0,0002625 seconds, Stopping threads took: 0,0000177 seconds
2017-01-04T07:49:42.129+0100: 2,373: Total time for which application threads were stopped: 0,0000708 seconds, Stopping threads took: 0,0000192 seconds
2017-01-04T07:49:42.150+0100: 2,394: Total time for which application threads were stopped: 0,0000717 seconds, Stopping threads took: 0,0000128 seconds
2017-01-04T07:49:42.226+0100: 2,470: Total time for which application threads were stopped: 0,0001473 seconds, Stopping threads took: 0,0000265 seconds
2017-01-04T07:49:42.247+0100: 2,491: Total time for which application threads were stopped: 0,0000981 seconds, Stopping threads took: 0,0000231 seconds
2017-01-04T07:49:42.255+0100: 2,499: Total time for which application threads were stopped: 0,0003005 seconds, Stopping threads took: 0,0000170 seconds
2017-01-04T07:49:42.262+0100: 2,506: Total time for which application threads were stopped: 0,0002893 seconds, Stopping threads took: 0,0000289 seconds
2017-01-04T07:49:42.274+0100: 2,518: Total time for which application threads were stopped: 0,0000895 seconds, Stopping threads took: 0,0000188 seconds
2017-01-04T07:49:42.299+0100: 2,543: Total time for which application threads were stopped: 0,0001061 seconds, Stopping threads took: 0,0000396 seconds
2017-01-04T07:49:42.316+0100: 2,560: Total time for which application threads were stopped: 0,0001007 seconds, Stopping threads took: 0,0000298 seconds
2017-01-04T07:49:42.332+0100: 2,576: Total time for which application threads were stopped: 0,0000886 seconds, Stopping threads took: 0,0000211 seconds
2017-01-04T07:49:42.358+0100: 2,603: Total time for which application threads were stopped: 0,0000730 seconds, Stopping threads took: 0,0000126 seconds
2017-01-04T07:49:42.393+0100: 2,637: Total time for which application threads were stopped: 0,0001087 seconds, Stopping threads took: 0,0000204 seconds
2017-01-04T07:49:42.448+0100: 2,693: Total time for which application threads were stopped: 0,0001045 seconds, Stopping threads took: 0,0000376 seconds
2017-01-04T07:49:42.493+0100: 2,737: Total time for which application threads were stopped: 0,0001301 seconds, Stopping threads took: 0,0000543 seconds
{Heap before GC invocations=2 (full 0):
 par new generation   total 109248K, used 100555K [0x00000000e0000000, 0x00000000e8000000, 0x00000000e8000000)
  eden space 87424K, 100% used [0x00000000e0000000, 0x00000000e5560000, 0x00000000e5560000)
  from space 21824K,  60% used [0x00000000e5560000, 0x00000000e6232c48, 0x00000000e6ab0000)
  to   space 21824K,   0% used [0x00000000e6ab0000, 0x00000000e6ab0000, 0x00000000e8000000)
 concurrent mark-sweep generation total 393216K, used 0K [0x00000000e8000000, 0x0000000100000000, 0x0000000100000000)
 Metaspace       used 24837K, capacity 25223K, committed 25536K, reserved 1071104K
  class space    used 2895K, capacity 3024K, committed 3064K, reserved 1048576K
2017-01-04T07:49:42.497+0100: 2,741: [GC (Allocation Failure) 2017-01-04T07:49:42.497+0100: 2,741: [ParNew
Desired survivor size 20112992 bytes, new threshold 8 (max 8)
- age   1:    6691648 bytes,    6691648 total
- age   2:     540752 bytes,    7232400 total
- age   3:    6082992 bytes,   13315392 total
: 100555K->14712K(109248K), 0,0132962 secs] 100555K->14712K(502464K), 0,0133964 secs] [Times: user=0,05 sys=0,00, real=0,02 secs] 
Heap after GC invocations=3 (full 0):
 par new generation   total 109248K, used 14712K [0x00000000e0000000, 0x00000000e8000000, 0x00000000e8000000)
  eden space 87424K,   0% used [0x00000000e0000000, 0x00000000e0000000, 0x00000000e5560000)
  from space 21824K,  67% used [0x00000000e6ab0000, 0x00000000e790e258, 0x00000000e8000000)
  to   space 21824K,   0% used [0x00000000e5560000, 0x00000000e5560000, 0x00000000e6ab0000)
 concurrent mark-sweep generation total 393216K, used 0K [0x00000000e8000000, 0x0000000100000000, 0x0000000100000000)
 Metaspace       used 24837K, capacity 25223K, committed 25536K, reserved 1071104K
  class space    used 2895K, capacity 3024K, committed 3064K, reserved 1048576K
}
2017-01-04T07:49:42.511+0100: 2,755: Total time for which application threads were stopped: 0,0135662 seconds, Stopping threads took: 0,0000421 seconds
2017-01-04T07:49:42.513+0100: 2,757: [GC (CMS Initial Mark) [1 CMS-initial-mark: 0K(393216K)] 16485K(502464K), 0,0036266 secs] [Times: user=0,01 sys=0,00, real=0,00 secs] 
2017-01-04T07:49:42.517+0100: 2,761: Total time for which application threads were stopped: 0,0037385 seconds, Stopping threads took: 0,0000371 seconds
2017-01-04T07:49:42.517+0100: 2,761: [CMS-concurrent-mark-start]
2017-01-04T07:49:42.517+0100: 2,761: [CMS-concurrent-mark: 0,000/0,000 secs] [Times: user=0,00 sys=0,00, real=0,00 secs] 
2017-01-04T07:49:42.517+0100: 2,761: [CMS-concurrent-preclean-start]
2017-01-04T07:49:42.518+0100: 2,763: [CMS-concurrent-preclean: 0,001/0,001 secs] [Times: user=0,01 sys=0,00, real=0,00 secs] 
2017-01-04T07:49:42.519+0100: 2,763: [GC (CMS Final Remark) [YG occupancy: 16485 K (109248 K)]{Heap before GC invocations=3 (full 1):
 par new generation   total 109248K, used 16485K [0x00000000e0000000, 0x00000000e8000000, 0x00000000e8000000)
  eden space 87424K,   2% used [0x00000000e0000000, 0x00000000e01bb1d8, 0x00000000e5560000)
  from space 21824K,  67% used [0x00000000e6ab0000, 0x00000000e790e258, 0x00000000e8000000)
  to   space 21824K,   0% used [0x00000000e5560000, 0x00000000e5560000, 0x00000000e6ab0000)
 concurrent mark-sweep generation total 393216K, used 0K [0x00000000e8000000, 0x0000000100000000, 0x0000000100000000)
 Metaspace       used 24861K, capacity 25223K, committed 25536K, reserved 1071104K
  class space    used 2897K, capacity 3024K, committed 3064K, reserved 1048576K
2017-01-04T07:49:42.519+0100: 2,763: [GC (CMS Final Remark) 2017-01-04T07:49:42.519+0100: 2,763: [ParNew
Desired survivor size 20112992 bytes, new threshold 8 (max 8)
- age   1:      43656 bytes,      43656 total
- age   2:    3152008 bytes,    3195664 total
- age   3:     540752 bytes,    3736416 total
- age   4:    6082992 bytes,    9819408 total
: 16485K->13862K(109248K), 0,0096594 secs] 16485K->13862K(502464K), 0,0097061 secs] [Times: user=0,04 sys=0,00, real=0,01 secs] 
Heap after GC invocations=4 (full 1):
 par new generation   total 109248K, used 13862K [0x00000000e0000000, 0x00000000e8000000, 0x00000000e8000000)
  eden space 87424K,   0% used [0x00000000e0000000, 0x00000000e0000000, 0x00000000e5560000)
  from space 21824K,  63% used [0x00000000e5560000, 0x00000000e62e9a28, 0x00000000e6ab0000)
  to   space 21824K,   0% used [0x00000000e6ab0000, 0x00000000e6ab0000, 0x00000000e8000000)
 concurrent mark-sweep generation total 393216K, used 0K [0x00000000e8000000, 0x0000000100000000, 0x0000000100000000)
 Metaspace       used 24861K, capacity 25223K, committed 25536K, reserved 1071104K
  class space    used 2897K, capacity 3024K, committed 3064K, reserved 1048576K
}
2017-01-04T07:49:42.529+0100: 2,773: [Rescan (parallel) , 0,0040323 secs]2017-01-04T07:49:42.533+0100: 2,777: [weak refs processing, 0,0005311 secs]2017-01-04T07:49:42.533+0100: 2,777: [class unloading, 0,0031860 secs]2017-01-04T07:49:42.536+0100: 2,781: [scrub symbol table, 0,0033596 secs]2017-01-04T07:49:42.540+0100: 2,784: [scrub string table, 0,0003694 secs][1 CMS-remark: 0K(393216K)] 13862K(502464K), 0,0218575 secs] [Times: user=0,06 sys=0,00, real=0,02 secs] 
2017-01-04T07:49:42.541+0100: 2,785: Total time for which application threads were stopped: 0,0222667 seconds, Stopping threads took: 0,0003398 seconds
2017-01-04T07:49:42.541+0100: 2,785: [CMS-concurrent-sweep-start]
2017-01-04T07:49:42.541+0100: 2,785: [CMS-concurrent-sweep: 0,000/0,000 secs] [Times: user=0,00 sys=0,00, real=0,00 secs] 
2017-01-04T07:49:42.541+0100: 2,785: [CMS-concurrent-reset-start]
2017-01-04T07:49:42.543+0100: 2,787: [CMS-concurrent-reset: 0,002/0,002 secs] [Times: user=0,00 sys=0,00, real=0,00 secs] 
2017-01-04T07:49:42.616+0100: 2,861: Total time for which application threads were stopped: 0,0004067 seconds, Stopping threads took: 0,0000314 seconds
2017-01-04T07:49:42.633+0100: 2,877: Total time for which application threads were stopped: 0,0003190 seconds, Stopping threads took: 0,0000197 seconds
2017-01-04T07:49:43.633+0100: 3,877: Total time for which application threads were stopped: 0,0001133 seconds, Stopping threads took: 0,0000371 seconds
2017-01-04T07:49:43.812+0100: 4,056: Total time for which application threads were stopped: 0,0002841 seconds, Stopping threads took: 0,0000155 seconds
2017-01-04T07:50:10.840+0100: 32,059: Total time for which application threads were stopped: 0,0000623 seconds, Stopping threads took: 0,0000199 seconds
2017-01-04T07:52:20.854+0100: 162,073: Total time for which application threads were stopped: 0,0001502 seconds, Stopping threads took: 0,0000633 seconds
2017-01-04T07:52:25.855+0100: 167,074: Total time for which application threads were stopped: 0,0001054 seconds, Stopping threads took: 0,0000330 seconds
2017-01-04T07:52:39.857+0100: 181,076: Total time for which application threads were stopped: 0,0001100 seconds, Stopping threads took: 0,0000299 seconds
2017-01-04T07:53:20.861+0100: 222,080: Total time for which application threads were stopped: 0,0000798 seconds, Stopping threads took: 0,0000344 seconds
2017-01-04T07:54:04.866+0100: 266,085: Total time for which application threads were stopped: 0,0000778 seconds, Stopping threads took: 0,0000328 seconds
2017-01-04T07:54:19.867+0100: 281,086: Total time for which application threads were stopped: 0,0000763 seconds, Stopping threads took: 0,0000319 seconds
2017-01-04T07:54:20.868+0100: 282,087: Total time for which application threads were stopped: 0,0000569 seconds, Stopping threads took: 0,0000156 seconds
2017-01-04T07:54:25.868+0100: 287,087: Total time for which application threads were stopped: 0,0004599 seconds, Stopping threads took: 0,0001442 seconds
2017-01-04T07:55:00.873+0100: 322,092: Total time for which application threads were stopped: 0,0001105 seconds, Stopping threads took: 0,0000451 seconds
2017-01-04T08:13:20.001+0100: 1421,220: Total time for which application threads were stopped: 0,0001810 seconds, Stopping threads took: 0,0000628 seconds
2017-01-04T08:16:25.031+0100: 1606,250: Total time for which application threads were stopped: 0,0000846 seconds, Stopping threads took: 0,0000348 seconds
2017-01-04T08:17:06.038+0100: 1647,257: Total time for which application threads were stopped: 0,0001754 seconds, Stopping threads took: 0,0000705 seconds
2017-01-04T08:28:20.127+0100: 2321,346: Total time for which application threads were stopped: 0,0000803 seconds, Stopping threads took: 0,0000341 seconds
2017-01-04T08:28:21.127+0100: 2322,346: Total time for which application threads were stopped: 0,0000715 seconds, Stopping threads took: 0,0000173 seconds
2017-01-04T08:42:56.249+0100: 3197,468: Total time for which application threads were stopped: 0,0004808 seconds, Stopping threads took: 0,0002166 seconds
2017-01-04T08:53:55.335+0100: 3856,554: Total time for which application threads were stopped: 0,0001303 seconds, Stopping threads took: 0,0000527 seconds
2017-01-04T08:56:40.363+0100: 4021,582: Total time for which application threads were stopped: 0,0001675 seconds, Stopping threads took: 0,0000692 seconds
2017-01-04T09:33:55.743+0100: 6256,962: Total time for which application threads were stopped: 0,0001867 seconds, Stopping threads took: 0,0000683 seconds
2017-01-04T09:34:05.745+0100: 6266,964: Total time for which application threads were stopped: 0,0001188 seconds, Stopping threads took: 0,0000295 seconds
2017-01-04T09:36:05.765+0100: 6386,984: Total time for which application threads were stopped: 0,0000841 seconds, Stopping threads took: 0,0000323 seconds
2017-01-04T09:54:40.907+0100: 7502,126: Total time for which application threads were stopped: 0,0000780 seconds, Stopping threads took: 0,0000318 seconds
2017-01-04T09:55:10.910+0100: 7532,129: Total time for which application threads were stopped: 0,0000748 seconds, Stopping threads took: 0,0000321 seconds
2017-01-04T09:57:40.928+0100: 7682,147: Total time for which application threads were stopped: 0,0000754 seconds, Stopping threads took: 0,0000320 seconds
2017-01-04T11:01:40.406+0100: 11521,625: Total time for which application threads were stopped: 0,0000952 seconds, Stopping threads took: 0,0000356 seconds
2017-01-04T11:02:10.409+0100: 11551,628: Total time for which application threads were stopped: 0,0000794 seconds, Stopping threads took: 0,0000346 seconds
2017-01-04T11:36:59.459+0100: 13640,678: Total time for which application threads were stopped: 0,0001791 seconds, Stopping threads took: 0,0000655 seconds
Heap
 par new generation   total 109248K, used 57303K [0x00000000e0000000, 0x00000000e8000000, 0x00000000e8000000)
  eden space 87424K,  49% used [0x00000000e0000000, 0x00000000e2a6c2b8, 0x00000000e5560000)
  from space 21824K,  63% used [0x00000000e5560000, 0x00000000e62e9a28, 0x00000000e6ab0000)
  to   space 21824K,   0% used [0x00000000e6ab0000, 0x00000000e6ab0000, 0x00000000e8000000)
 concurrent mark-sweep generation total 393216K, used 0K [0x00000000e8000000, 0x0000000100000000, 0x0000000100000000)
 Metaspace       used 27273K, capacity 27731K, committed 27840K, reserved 1073152K
  class space    used 3166K, capacity 3320K, committed 3320K, reserved 1048576K
