OpenJDK 64-Bit Server VM (25.121-b13) for linux-amd64 JRE (1.8.0_121-8u121-b13-0ubuntu1.16.04.2-b13), built on Jan 23 2017 15:51:29 by "buildd" with gcc 5.4.0 20160609
Memory: 4k page, physical 7867764k(7439628k free), swap 8076284k(8076284k free)
CommandLine flags: -XX:CMSInitiatingOccupancyFraction=50 -XX:CMSMaxAbortablePrecleanTime=6000 -XX:+CMSParallelRemarkEnabled -XX:+CMSScavengeBeforeRemark -XX:ConcGCThreads=4 -XX:InitialHeapSize=536870912 -XX:MaxHeapSize=536870912 -XX:MaxTenuringThreshold=8 -XX:NewRatio=3 -XX:OldPLABSize=16 -XX:OnOutOfMemoryError=/opt/solr/bin/oom_solr.sh 8983 /var/solr/logs -XX:ParallelGCThreads=4 -XX:+ParallelRefProcEnabled -XX:PretenureSizeThreshold=67108864 -XX:+PrintGC -XX:+PrintGCApplicationStoppedTime -XX:+PrintGCDateStamps -XX:+PrintGCDetails -XX:+PrintGCTimeStamps -XX:+PrintHeapAtGC -XX:+PrintTenuringDistribution -XX:SurvivorRatio=4 -XX:TargetSurvivorRatio=90 -XX:ThreadStackSize=256 -XX:+UseCMSInitiatingOccupancyOnly -XX:+UseCompressedClassPointers -XX:+UseCompressedOops -XX:+UseConcMarkSweepGC -XX:+UseParNewGC 
2017-05-11T13:50:45.711+0200: 0,149: Total time for which application threads were stopped: 0,0000594 seconds, Stopping threads took: 0,0000112 seconds
2017-05-11T13:50:45.803+0200: 0,241: Total time for which application threads were stopped: 0,0001371 seconds, Stopping threads took: 0,0000257 seconds
2017-05-11T13:50:45.824+0200: 0,263: Total time for which application threads were stopped: 0,0000802 seconds, Stopping threads took: 0,0000124 seconds
2017-05-11T13:50:46.122+0200: 0,561: Total time for which application threads were stopped: 0,0001782 seconds, Stopping threads took: 0,0000134 seconds
2017-05-11T13:50:46.578+0200: 1,017: Total time for which application threads were stopped: 0,0001894 seconds, Stopping threads took: 0,0000339 seconds
2017-05-11T13:50:46.688+0200: 1,126: Total time for which application threads were stopped: 0,0001382 seconds, Stopping threads took: 0,0000195 seconds
2017-05-11T13:50:46.704+0200: 1,143: Total time for which application threads were stopped: 0,0008241 seconds, Stopping threads took: 0,0001433 seconds
2017-05-11T13:50:46.953+0200: 1,392: Total time for which application threads were stopped: 0,0001829 seconds, Stopping threads took: 0,0000142 seconds
2017-05-11T13:50:47.198+0200: 1,636: Total time for which application threads were stopped: 0,0001953 seconds, Stopping threads took: 0,0000242 seconds
2017-05-11T13:50:47.220+0200: 1,659: Total time for which application threads were stopped: 0,0001828 seconds, Stopping threads took: 0,0000125 seconds
2017-05-11T13:50:47.262+0200: 1,700: Total time for which application threads were stopped: 0,0005350 seconds, Stopping threads took: 0,0000467 seconds
2017-05-11T13:50:47.264+0200: 1,703: Total time for which application threads were stopped: 0,0009073 seconds, Stopping threads took: 0,0000752 seconds
2017-05-11T13:50:47.283+0200: 1,722: Total time for which application threads were stopped: 0,0001612 seconds, Stopping threads took: 0,0000117 seconds
2017-05-11T13:50:47.379+0200: 1,818: Total time for which application threads were stopped: 0,0002162 seconds, Stopping threads took: 0,0000195 seconds
2017-05-11T13:50:47.548+0200: 1,986: Total time for which application threads were stopped: 0,0002657 seconds, Stopping threads took: 0,0000502 seconds
{Heap before GC invocations=0 (full 0):
 par new generation   total 109248K, used 87424K [0x00000000e0000000, 0x00000000e8000000, 0x00000000e8000000)
  eden space 87424K, 100% used [0x00000000e0000000, 0x00000000e5560000, 0x00000000e5560000)
  from space 21824K,   0% used [0x00000000e5560000, 0x00000000e5560000, 0x00000000e6ab0000)
  to   space 21824K,   0% used [0x00000000e6ab0000, 0x00000000e6ab0000, 0x00000000e8000000)
 concurrent mark-sweep generation total 393216K, used 0K [0x00000000e8000000, 0x0000000100000000, 0x0000000100000000)
 Metaspace       used 17824K, capacity 18176K, committed 18304K, reserved 1064960K
  class space    used 2022K, capacity 2164K, committed 2176K, reserved 1048576K
2017-05-11T13:50:47.595+0200: 2,034: [GC (Allocation Failure) 2017-05-11T13:50:47.595+0200: 2,034: [ParNew
Desired survivor size 20112992 bytes, new threshold 8 (max 8)
- age   1:   11775920 bytes,   11775920 total
: 87424K->11605K(109248K), 0,0165604 secs] 87424K->11605K(502464K), 0,0166379 secs] [Times: user=0,03 sys=0,02, real=0,02 secs] 
Heap after GC invocations=1 (full 0):
 par new generation   total 109248K, used 11605K [0x00000000e0000000, 0x00000000e8000000, 0x00000000e8000000)
  eden space 87424K,   0% used [0x00000000e0000000, 0x00000000e0000000, 0x00000000e5560000)
  from space 21824K,  53% used [0x00000000e6ab0000, 0x00000000e76056b8, 0x00000000e8000000)
  to   space 21824K,   0% used [0x00000000e5560000, 0x00000000e5560000, 0x00000000e6ab0000)
 concurrent mark-sweep generation total 393216K, used 0K [0x00000000e8000000, 0x0000000100000000, 0x0000000100000000)
 Metaspace       used 17824K, capacity 18176K, committed 18304K, reserved 1064960K
  class space    used 2022K, capacity 2164K, committed 2176K, reserved 1048576K
}
2017-05-11T13:50:47.612+0200: 2,050: Total time for which application threads were stopped: 0,0168637 seconds, Stopping threads took: 0,0000778 seconds
2017-05-11T13:50:47.974+0200: 2,412: Total time for which application threads were stopped: 0,0003396 seconds, Stopping threads took: 0,0000380 seconds
{Heap before GC invocations=1 (full 0):
 par new generation   total 109248K, used 99029K [0x00000000e0000000, 0x00000000e8000000, 0x00000000e8000000)
  eden space 87424K, 100% used [0x00000000e0000000, 0x00000000e5560000, 0x00000000e5560000)
  from space 21824K,  53% used [0x00000000e6ab0000, 0x00000000e76056b8, 0x00000000e8000000)
  to   space 21824K,   0% used [0x00000000e5560000, 0x00000000e5560000, 0x00000000e6ab0000)
 concurrent mark-sweep generation total 393216K, used 0K [0x00000000e8000000, 0x0000000100000000, 0x0000000100000000)
 Metaspace       used 20041K, capacity 20368K, committed 20736K, reserved 1067008K
  class space    used 2296K, capacity 2472K, committed 2560K, reserved 1048576K
2017-05-11T13:50:48.011+0200: 2,449: [GC (Allocation Failure) 2017-05-11T13:50:48.011+0200: 2,449: [ParNew
Desired survivor size 20112992 bytes, new threshold 8 (max 8)
- age   1:    3952632 bytes,    3952632 total
- age   2:    6311832 bytes,   10264464 total
: 99029K->15004K(109248K), 0,0140166 secs] 99029K->15004K(502464K), 0,0140976 secs] [Times: user=0,05 sys=0,00, real=0,01 secs] 
Heap after GC invocations=2 (full 0):
 par new generation   total 109248K, used 15004K [0x00000000e0000000, 0x00000000e8000000, 0x00000000e8000000)
  eden space 87424K,   0% used [0x00000000e0000000, 0x00000000e0000000, 0x00000000e5560000)
  from space 21824K,  68% used [0x00000000e5560000, 0x00000000e6407240, 0x00000000e6ab0000)
  to   space 21824K,   0% used [0x00000000e6ab0000, 0x00000000e6ab0000, 0x00000000e8000000)
 concurrent mark-sweep generation total 393216K, used 0K [0x00000000e8000000, 0x0000000100000000, 0x0000000100000000)
 Metaspace       used 20041K, capacity 20368K, committed 20736K, reserved 1067008K
  class space    used 2296K, capacity 2472K, committed 2560K, reserved 1048576K
}
2017-05-11T13:50:48.025+0200: 2,463: Total time for which application threads were stopped: 0,0143515 seconds, Stopping threads took: 0,0000783 seconds
2017-05-11T13:50:48.038+0200: 2,476: Total time for which application threads were stopped: 0,0004173 seconds, Stopping threads took: 0,0000488 seconds
2017-05-11T13:50:48.083+0200: 2,521: Total time for which application threads were stopped: 0,0002904 seconds, Stopping threads took: 0,0000198 seconds
2017-05-11T13:50:48.212+0200: 2,651: Total time for which application threads were stopped: 0,0006128 seconds, Stopping threads took: 0,0004708 seconds
{Heap before GC invocations=2 (full 0):
 par new generation   total 109248K, used 102428K [0x00000000e0000000, 0x00000000e8000000, 0x00000000e8000000)
  eden space 87424K, 100% used [0x00000000e0000000, 0x00000000e5560000, 0x00000000e5560000)
  from space 21824K,  68% used [0x00000000e5560000, 0x00000000e6407240, 0x00000000e6ab0000)
  to   space 21824K,   0% used [0x00000000e6ab0000, 0x00000000e6ab0000, 0x00000000e8000000)
 concurrent mark-sweep generation total 393216K, used 0K [0x00000000e8000000, 0x0000000100000000, 0x0000000100000000)
 Metaspace       used 20958K, capacity 21296K, committed 21628K, reserved 1069056K
  class space    used 2419K, capacity 2592K, committed 2684K, reserved 1048576K
2017-05-11T13:50:48.232+0200: 2,670: [GC (Allocation Failure) 2017-05-11T13:50:48.232+0200: 2,670: [ParNew
Desired survivor size 20112992 bytes, new threshold 8 (max 8)
- age   1:    2136760 bytes,    2136760 total
- age   2:    1186424 bytes,    3323184 total
- age   3:    6310072 bytes,    9633256 total
: 102428K->11269K(109248K), 0,0101184 secs] 102428K->11269K(502464K), 0,0101997 secs] [Times: user=0,03 sys=0,00, real=0,00 secs] 
Heap after GC invocations=3 (full 0):
 par new generation   total 109248K, used 11269K [0x00000000e0000000, 0x00000000e8000000, 0x00000000e8000000)
  eden space 87424K,   0% used [0x00000000e0000000, 0x00000000e0000000, 0x00000000e5560000)
  from space 21824K,  51% used [0x00000000e6ab0000, 0x00000000e75b1440, 0x00000000e8000000)
  to   space 21824K,   0% used [0x00000000e5560000, 0x00000000e5560000, 0x00000000e6ab0000)
 concurrent mark-sweep generation total 393216K, used 0K [0x00000000e8000000, 0x0000000100000000, 0x0000000100000000)
 Metaspace       used 20958K, capacity 21296K, committed 21628K, reserved 1069056K
  class space    used 2419K, capacity 2592K, committed 2684K, reserved 1048576K
}
2017-05-11T13:50:48.242+0200: 2,680: Total time for which application threads were stopped: 0,0103972 seconds, Stopping threads took: 0,0000606 seconds
2017-05-11T13:50:48.242+0200: 2,681: [GC (CMS Initial Mark) [1 CMS-initial-mark: 0K(393216K)] 11997K(502464K), 0,0030300 secs] [Times: user=0,00 sys=0,00, real=0,00 secs] 
2017-05-11T13:50:48.245+0200: 2,684: Total time for which application threads were stopped: 0,0031789 seconds, Stopping threads took: 0,0000454 seconds
2017-05-11T13:50:48.245+0200: 2,684: [CMS-concurrent-mark-start]
2017-05-11T13:50:48.246+0200: 2,685: [CMS-concurrent-mark: 0,001/0,001 secs] [Times: user=0,01 sys=0,00, real=0,00 secs] 
2017-05-11T13:50:48.246+0200: 2,685: [CMS-concurrent-preclean-start]
2017-05-11T13:50:48.248+0200: 2,686: [CMS-concurrent-preclean: 0,001/0,001 secs] [Times: user=0,00 sys=0,00, real=0,00 secs] 
2017-05-11T13:50:48.248+0200: 2,686: [CMS-concurrent-abortable-preclean-start]
2017-05-11T13:50:48.316+0200: 2,754: Total time for which application threads were stopped: 0,0001428 seconds, Stopping threads took: 0,0000654 seconds
{Heap before GC invocations=3 (full 1):
 par new generation   total 109248K, used 98693K [0x00000000e0000000, 0x00000000e8000000, 0x00000000e8000000)
  eden space 87424K, 100% used [0x00000000e0000000, 0x00000000e5560000, 0x00000000e5560000)
  from space 21824K,  51% used [0x00000000e6ab0000, 0x00000000e75b1440, 0x00000000e8000000)
  to   space 21824K,   0% used [0x00000000e5560000, 0x00000000e5560000, 0x00000000e6ab0000)
 concurrent mark-sweep generation total 393216K, used 0K [0x00000000e8000000, 0x0000000100000000, 0x0000000100000000)
 Metaspace       used 21243K, capacity 21590K, committed 21884K, reserved 1069056K
  class space    used 2449K, capacity 2610K, committed 2684K, reserved 1048576K
2017-05-11T13:50:48.362+0200: 2,800: [GC (Allocation Failure) 2017-05-11T13:50:48.362+0200: 2,800: [ParNew
Desired survivor size 20112992 bytes, new threshold 8 (max 8)
- age   1:    1560240 bytes,    1560240 total
- age   2:    1470352 bytes,    3030592 total
- age   3:    1162888 bytes,    4193480 total
- age   4:    6309760 bytes,   10503240 total
: 98693K->14811K(109248K), 0,0183362 secs] 98693K->14811K(502464K), 0,0184008 secs] [Times: user=0,06 sys=0,00, real=0,01 secs] 
Heap after GC invocations=4 (full 1):
 par new generation   total 109248K, used 14811K [0x00000000e0000000, 0x00000000e8000000, 0x00000000e8000000)
  eden space 87424K,   0% used [0x00000000e0000000, 0x00000000e0000000, 0x00000000e5560000)
  from space 21824K,  67% used [0x00000000e5560000, 0x00000000e63d6eb0, 0x00000000e6ab0000)
  to   space 21824K,   0% used [0x00000000e6ab0000, 0x00000000e6ab0000, 0x00000000e8000000)
 concurrent mark-sweep generation total 393216K, used 0K [0x00000000e8000000, 0x0000000100000000, 0x0000000100000000)
 Metaspace       used 21243K, capacity 21590K, committed 21884K, reserved 1069056K
  class space    used 2449K, capacity 2610K, committed 2684K, reserved 1048576K
}
2017-05-11T13:50:48.380+0200: 2,819: Total time for which application threads were stopped: 0,0198985 seconds, Stopping threads took: 0,0013555 seconds
2017-05-11T13:50:48.380+0200: 2,819: [CMS-concurrent-abortable-preclean: 0,069/0,133 secs] [Times: user=0,51 sys=0,01, real=0,13 secs] 
2017-05-11T13:50:48.381+0200: 2,819: [GC (CMS Final Remark) [YG occupancy: 14827 K (109248 K)]{Heap before GC invocations=4 (full 1):
 par new generation   total 109248K, used 14827K [0x00000000e0000000, 0x00000000e8000000, 0x00000000e8000000)
  eden space 87424K,   0% used [0x00000000e0000000, 0x00000000e0004010, 0x00000000e5560000)
  from space 21824K,  67% used [0x00000000e5560000, 0x00000000e63d6eb0, 0x00000000e6ab0000)
  to   space 21824K,   0% used [0x00000000e6ab0000, 0x00000000e6ab0000, 0x00000000e8000000)
 concurrent mark-sweep generation total 393216K, used 0K [0x00000000e8000000, 0x0000000100000000, 0x0000000100000000)
 Metaspace       used 21243K, capacity 21590K, committed 21884K, reserved 1069056K
  class space    used 2449K, capacity 2610K, committed 2684K, reserved 1048576K
2017-05-11T13:50:48.381+0200: 2,819: [GC (CMS Final Remark) 2017-05-11T13:50:48.381+0200: 2,819: [ParNew
Desired survivor size 20112992 bytes, new threshold 8 (max 8)
- age   1:      16400 bytes,      16400 total
- age   2:    1558112 bytes,    1574512 total
- age   3:    1470352 bytes,    3044864 total
- age   4:    1162888 bytes,    4207752 total
- age   5:    6309856 bytes,   10517608 total
: 14827K->13415K(109248K), 0,0143418 secs] 14827K->13415K(502464K), 0,0143764 secs] [Times: user=0,05 sys=0,00, real=0,02 secs] 
Heap after GC invocations=5 (full 1):
 par new generation   total 109248K, used 13415K [0x00000000e0000000, 0x00000000e8000000, 0x00000000e8000000)
  eden space 87424K,   0% used [0x00000000e0000000, 0x00000000e0000000, 0x00000000e5560000)
  from space 21824K,  61% used [0x00000000e6ab0000, 0x00000000e77c9d18, 0x00000000e8000000)
  to   space 21824K,   0% used [0x00000000e5560000, 0x00000000e5560000, 0x00000000e6ab0000)
 concurrent mark-sweep generation total 393216K, used 0K [0x00000000e8000000, 0x0000000100000000, 0x0000000100000000)
 Metaspace       used 21243K, capacity 21590K, committed 21884K, reserved 1069056K
  class space    used 2449K, capacity 2610K, committed 2684K, reserved 1048576K
}
2017-05-11T13:50:48.395+0200: 2,833: [Rescan (parallel) , 0,0032771 secs]2017-05-11T13:50:48.398+0200: 2,837: [weak refs processing, 0,0009055 secs]2017-05-11T13:50:48.399+0200: 2,838: [class unloading, 0,0028144 secs]2017-05-11T13:50:48.402+0200: 2,840: [scrub symbol table, 0,0025278 secs]2017-05-11T13:50:48.405+0200: 2,843: [scrub string table, 0,0004044 secs][1 CMS-remark: 0K(393216K)] 13415K(502464K), 0,0249337 secs] [Times: user=0,07 sys=0,00, real=0,03 secs] 
2017-05-11T13:50:48.406+0200: 2,844: Total time for which application threads were stopped: 0,0250615 seconds, Stopping threads took: 0,0000411 seconds
2017-05-11T13:50:48.406+0200: 2,844: [CMS-concurrent-sweep-start]
2017-05-11T13:50:48.406+0200: 2,844: [CMS-concurrent-sweep: 0,000/0,000 secs] [Times: user=0,00 sys=0,00, real=0,00 secs] 
2017-05-11T13:50:48.406+0200: 2,844: [CMS-concurrent-reset-start]
2017-05-11T13:50:48.408+0200: 2,846: [CMS-concurrent-reset: 0,002/0,002 secs] [Times: user=0,01 sys=0,00, real=0,00 secs] 
{Heap before GC invocations=5 (full 1):
 par new generation   total 109248K, used 100839K [0x00000000e0000000, 0x00000000e8000000, 0x00000000e8000000)
  eden space 87424K, 100% used [0x00000000e0000000, 0x00000000e5560000, 0x00000000e5560000)
  from space 21824K,  61% used [0x00000000e6ab0000, 0x00000000e77c9d18, 0x00000000e8000000)
  to   space 21824K,   0% used [0x00000000e5560000, 0x00000000e5560000, 0x00000000e6ab0000)
 concurrent mark-sweep generation total 393216K, used 0K [0x00000000e8000000, 0x0000000100000000, 0x0000000100000000)
 Metaspace       used 21390K, capacity 21826K, committed 21884K, reserved 1069056K
  class space    used 2471K, capacity 2644K, committed 2684K, reserved 1048576K
2017-05-11T13:50:48.507+0200: 2,946: [GC (Allocation Failure) 2017-05-11T13:50:48.507+0200: 2,946: [ParNew
Desired survivor size 20112992 bytes, new threshold 8 (max 8)
- age   1:     613920 bytes,     613920 total
- age   3:     189160 bytes,     803080 total
- age   4:    1470208 bytes,    2273288 total
- age   5:    1160872 bytes,    3434160 total
- age   6:    6309720 bytes,    9743880 total
: 100839K->12019K(109248K), 0,0170876 secs] 100839K->12019K(502464K), 0,0171602 secs] [Times: user=0,06 sys=0,00, real=0,02 secs] 
Heap after GC invocations=6 (full 1):
 par new generation   total 109248K, used 12019K [0x00000000e0000000, 0x00000000e8000000, 0x00000000e8000000)
  eden space 87424K,   0% used [0x00000000e0000000, 0x00000000e0000000, 0x00000000e5560000)
  from space 21824K,  55% used [0x00000000e5560000, 0x00000000e611cfb0, 0x00000000e6ab0000)
  to   space 21824K,   0% used [0x00000000e6ab0000, 0x00000000e6ab0000, 0x00000000e8000000)
 concurrent mark-sweep generation total 393216K, used 0K [0x00000000e8000000, 0x0000000100000000, 0x0000000100000000)
 Metaspace       used 21390K, capacity 21826K, committed 21884K, reserved 1069056K
  class space    used 2471K, capacity 2644K, committed 2684K, reserved 1048576K
}
2017-05-11T13:50:48.525+0200: 2,963: Total time for which application threads were stopped: 0,0174718 seconds, Stopping threads took: 0,0001605 seconds
2017-05-11T13:50:48.558+0200: 2,997: Total time for which application threads were stopped: 0,0003499 seconds, Stopping threads took: 0,0000463 seconds
2017-05-11T13:50:48.838+0200: 3,276: Total time for which application threads were stopped: 0,0004672 seconds, Stopping threads took: 0,0000469 seconds
2017-05-11T13:50:48.857+0200: 3,295: Total time for which application threads were stopped: 0,0005028 seconds, Stopping threads took: 0,0000581 seconds
2017-05-11T13:50:49.001+0200: 3,439: Total time for which application threads were stopped: 0,0002414 seconds, Stopping threads took: 0,0000902 seconds
{Heap before GC invocations=6 (full 1):
 par new generation   total 109248K, used 99445K [0x00000000e0000000, 0x00000000e8000000, 0x00000000e8000000)
  eden space 87424K, 100% used [0x00000000e0000000, 0x00000000e5560000, 0x00000000e5560000)
  from space 21824K,  55% used [0x00000000e5560000, 0x00000000e611d7c0, 0x00000000e6ab0000)
  to   space 21824K,   0% used [0x00000000e6ab0000, 0x00000000e6ab0000, 0x00000000e8000000)
 concurrent mark-sweep generation total 393216K, used 0K [0x00000000e8000000, 0x0000000100000000, 0x0000000100000000)
 Metaspace       used 24024K, capacity 24486K, committed 24572K, reserved 1071104K
  class space    used 2837K, capacity 3018K, committed 3068K, reserved 1048576K
2017-05-11T13:50:49.004+0200: 3,442: [GC (Allocation Failure) 2017-05-11T13:50:49.004+0200: 3,442: [ParNew
Desired survivor size 20112992 bytes, new threshold 8 (max 8)
- age   1:    5602240 bytes,    5602240 total
- age   2:     126152 bytes,    5728392 total
- age   4:     184216 bytes,    5912608 total
- age   5:     300472 bytes,    6213080 total
- age   6:    1136440 bytes,    7349520 total
- age   7:    6301752 bytes,   13651272 total
: 99445K->19062K(109248K), 0,0145439 secs] 99445K->19062K(502464K), 0,0146127 secs] [Times: user=0,04 sys=0,01, real=0,01 secs] 
Heap after GC invocations=7 (full 1):
 par new generation   total 109248K, used 19062K [0x00000000e0000000, 0x00000000e8000000, 0x00000000e8000000)
  eden space 87424K,   0% used [0x00000000e0000000, 0x00000000e0000000, 0x00000000e5560000)
  from space 21824K,  87% used [0x00000000e6ab0000, 0x00000000e7d4d9b0, 0x00000000e8000000)
  to   space 21824K,   0% used [0x00000000e5560000, 0x00000000e5560000, 0x00000000e6ab0000)
 concurrent mark-sweep generation total 393216K, used 0K [0x00000000e8000000, 0x0000000100000000, 0x0000000100000000)
 Metaspace       used 24024K, capacity 24486K, committed 24572K, reserved 1071104K
  class space    used 2837K, capacity 3018K, committed 3068K, reserved 1048576K
}
2017-05-11T13:50:49.018+0200: 3,457: Total time for which application threads were stopped: 0,0147943 seconds, Stopping threads took: 0,0000443 seconds
{Heap before GC invocations=7 (full 1):
 par new generation   total 109248K, used 22308K [0x00000000e0000000, 0x00000000e8000000, 0x00000000e8000000)
  eden space 87424K,   3% used [0x00000000e0000000, 0x00000000e032b7d0, 0x00000000e5560000)
  from space 21824K,  87% used [0x00000000e6ab0000, 0x00000000e7d4d9b0, 0x00000000e8000000)
  to   space 21824K,   0% used [0x00000000e5560000, 0x00000000e5560000, 0x00000000e6ab0000)
 concurrent mark-sweep generation total 393216K, used 0K [0x00000000e8000000, 0x0000000100000000, 0x0000000100000000)
 Metaspace       used 24028K, capacity 24486K, committed 24572K, reserved 1071104K
  class space    used 2837K, capacity 3018K, committed 3068K, reserved 1048576K
2017-05-11T13:50:49.023+0200: 3,462: [GC (GCLocker Initiated GC) 2017-05-11T13:50:49.023+0200: 3,462: [ParNew
Desired survivor size 20112992 bytes, new threshold 8 (max 8)
- age   1:      33616 bytes,      33616 total
- age   2:    5382328 bytes,    5415944 total
- age   3:     126152 bytes,    5542096 total
- age   5:     184216 bytes,    5726312 total
- age   6:     300416 bytes,    6026728 total
- age   7:    1136440 bytes,    7163168 total
- age   8:    6301584 bytes,   13464752 total
: 22308K->15986K(109248K), 0,0103071 secs] 22308K->15986K(502464K), 0,0103931 secs] [Times: user=0,04 sys=0,00, real=0,01 secs] 
Heap after GC invocations=8 (full 1):
 par new generation   total 109248K, used 15986K [0x00000000e0000000, 0x00000000e8000000, 0x00000000e8000000)
  eden space 87424K,   0% used [0x00000000e0000000, 0x00000000e0000000, 0x00000000e5560000)
  from space 21824K,  73% used [0x00000000e5560000, 0x00000000e64fcaf8, 0x00000000e6ab0000)
  to   space 21824K,   0% used [0x00000000e6ab0000, 0x00000000e6ab0000, 0x00000000e8000000)
 concurrent mark-sweep generation total 393216K, used 0K [0x00000000e8000000, 0x0000000100000000, 0x0000000100000000)
 Metaspace       used 24028K, capacity 24486K, committed 24572K, reserved 1071104K
  class space    used 2837K, capacity 3018K, committed 3068K, reserved 1048576K
}
2017-05-11T13:50:49.034+0200: 3,472: Total time for which application threads were stopped: 0,0106051 seconds, Stopping threads took: 0,0000876 seconds
{Heap before GC invocations=8 (full 1):
 par new generation   total 109248K, used 103410K [0x00000000e0000000, 0x00000000e8000000, 0x00000000e8000000)
  eden space 87424K, 100% used [0x00000000e0000000, 0x00000000e5560000, 0x00000000e5560000)
  from space 21824K,  73% used [0x00000000e5560000, 0x00000000e64fcaf8, 0x00000000e6ab0000)
  to   space 21824K,   0% used [0x00000000e6ab0000, 0x00000000e6ab0000, 0x00000000e8000000)
 concurrent mark-sweep generation total 393216K, used 0K [0x00000000e8000000, 0x0000000100000000, 0x0000000100000000)
 Metaspace       used 24435K, capacity 24908K, committed 25084K, reserved 1071104K
  class space    used 2865K, capacity 3051K, committed 3068K, reserved 1048576K
2017-05-11T13:50:49.118+0200: 3,556: [GC (Allocation Failure) 2017-05-11T13:50:49.118+0200: 3,557: [ParNew
Desired survivor size 20112992 bytes, new threshold 8 (max 8)
- age   1:    2221536 bytes,    2221536 total
- age   2:        584 bytes,    2222120 total
- age   3:    1817112 bytes,    4039232 total
- age   4:      71768 bytes,    4111000 total
- age   6:     109584 bytes,    4220584 total
- age   7:     200992 bytes,    4421576 total
- age   8:     922944 bytes,    5344520 total
: 103410K->14547K(109248K), 0,0456119 secs] 103410K->20426K(502464K), 0,0456904 secs] [Times: user=0,15 sys=0,01, real=0,05 secs] 
Heap after GC invocations=9 (full 1):
 par new generation   total 109248K, used 14547K [0x00000000e0000000, 0x00000000e8000000, 0x00000000e8000000)
  eden space 87424K,   0% used [0x00000000e0000000, 0x00000000e0000000, 0x00000000e5560000)
  from space 21824K,  66% used [0x00000000e6ab0000, 0x00000000e78e4ec8, 0x00000000e8000000)
  to   space 21824K,   0% used [0x00000000e5560000, 0x00000000e5560000, 0x00000000e6ab0000)
 concurrent mark-sweep generation total 393216K, used 5878K [0x00000000e8000000, 0x0000000100000000, 0x0000000100000000)
 Metaspace       used 24435K, capacity 24908K, committed 25084K, reserved 1071104K
  class space    used 2865K, capacity 3051K, committed 3068K, reserved 1048576K
}
2017-05-11T13:50:49.164+0200: 3,602: Total time for which application threads were stopped: 0,0465061 seconds, Stopping threads took: 0,0006219 seconds
{Heap before GC invocations=9 (full 1):
 par new generation   total 109248K, used 101971K [0x00000000e0000000, 0x00000000e8000000, 0x00000000e8000000)
  eden space 87424K, 100% used [0x00000000e0000000, 0x00000000e5560000, 0x00000000e5560000)
  from space 21824K,  66% used [0x00000000e6ab0000, 0x00000000e78e4ec8, 0x00000000e8000000)
  to   space 21824K,   0% used [0x00000000e5560000, 0x00000000e5560000, 0x00000000e6ab0000)
 concurrent mark-sweep generation total 393216K, used 5878K [0x00000000e8000000, 0x0000000100000000, 0x0000000100000000)
 Metaspace       used 24827K, capacity 25286K, committed 25468K, reserved 1071104K
  class space    used 2903K, capacity 3088K, committed 3196K, reserved 1048576K
2017-05-11T13:50:49.246+0200: 3,684: [GC (Allocation Failure) 2017-05-11T13:50:49.246+0200: 3,684: [ParNew
Desired survivor size 20112992 bytes, new threshold 8 (max 8)
- age   1:    1313272 bytes,    1313272 total
- age   2:     988840 bytes,    2302112 total
- age   3:        584 bytes,    2302696 total
- age   4:    1824088 bytes,    4126784 total
- age   5:      71736 bytes,    4198520 total
- age   7:     106936 bytes,    4305456 total
- age   8:     200496 bytes,    4505952 total
: 101971K->6461K(109248K), 0,0139225 secs] 107850K->13254K(502464K), 0,0139843 secs] [Times: user=0,04 sys=0,00, real=0,01 secs] 
Heap after GC invocations=10 (full 1):
 par new generation   total 109248K, used 6461K [0x00000000e0000000, 0x00000000e8000000, 0x00000000e8000000)
  eden space 87424K,   0% used [0x00000000e0000000, 0x00000000e0000000, 0x00000000e5560000)
  from space 21824K,  29% used [0x00000000e5560000, 0x00000000e5baf6d8, 0x00000000e6ab0000)
  to   space 21824K,   0% used [0x00000000e6ab0000, 0x00000000e6ab0000, 0x00000000e8000000)
 concurrent mark-sweep generation total 393216K, used 6792K [0x00000000e8000000, 0x0000000100000000, 0x0000000100000000)
 Metaspace       used 24827K, capacity 25286K, committed 25468K, reserved 1071104K
  class space    used 2903K, capacity 3088K, committed 3196K, reserved 1048576K
}
2017-05-11T13:50:49.260+0200: 3,698: Total time for which application threads were stopped: 0,0167798 seconds, Stopping threads took: 0,0014796 seconds
2017-05-11T13:50:49.536+0200: 3,975: Total time for which application threads were stopped: 0,0006053 seconds, Stopping threads took: 0,0000409 seconds
2017-05-11T13:50:49.549+0200: 3,988: Total time for which application threads were stopped: 0,0004435 seconds, Stopping threads took: 0,0000671 seconds
2017-05-11T13:50:49.604+0200: 4,042: Total time for which application threads were stopped: 0,0004644 seconds, Stopping threads took: 0,0000413 seconds
2017-05-11T13:50:49.609+0200: 4,048: Total time for which application threads were stopped: 0,0003895 seconds, Stopping threads took: 0,0000741 seconds
2017-05-11T13:50:49.618+0200: 4,057: Total time for which application threads were stopped: 0,0001236 seconds, Stopping threads took: 0,0000384 seconds
2017-05-11T13:50:49.626+0200: 4,065: Total time for which application threads were stopped: 0,0001225 seconds, Stopping threads took: 0,0000330 seconds
2017-05-11T13:50:49.627+0200: 4,065: Total time for which application threads were stopped: 0,0001030 seconds, Stopping threads took: 0,0000275 seconds
2017-05-11T13:50:49.630+0200: 4,068: Total time for which application threads were stopped: 0,0001214 seconds, Stopping threads took: 0,0000422 seconds
2017-05-11T13:50:49.630+0200: 4,069: Total time for which application threads were stopped: 0,0000959 seconds, Stopping threads took: 0,0000221 seconds
2017-05-11T13:50:49.630+0200: 4,069: Total time for which application threads were stopped: 0,0000907 seconds, Stopping threads took: 0,0000270 seconds
2017-05-11T13:50:49.631+0200: 4,069: Total time for which application threads were stopped: 0,0000916 seconds, Stopping threads took: 0,0000331 seconds
2017-05-11T13:50:49.631+0200: 4,069: Total time for which application threads were stopped: 0,0000782 seconds, Stopping threads took: 0,0000210 seconds
2017-05-11T13:50:49.631+0200: 4,069: Total time for which application threads were stopped: 0,0001028 seconds, Stopping threads took: 0,0000405 seconds
2017-05-11T13:50:49.631+0200: 4,070: Total time for which application threads were stopped: 0,0000752 seconds, Stopping threads took: 0,0000175 seconds
2017-05-11T13:50:49.631+0200: 4,070: Total time for which application threads were stopped: 0,0000893 seconds, Stopping threads took: 0,0000233 seconds
2017-05-11T13:50:49.631+0200: 4,070: Total time for which application threads were stopped: 0,0000792 seconds, Stopping threads took: 0,0000173 seconds
2017-05-11T13:50:49.632+0200: 4,070: Total time for which application threads were stopped: 0,0000749 seconds, Stopping threads took: 0,0000169 seconds
2017-05-11T13:50:49.632+0200: 4,070: Total time for which application threads were stopped: 0,0001079 seconds, Stopping threads took: 0,0000285 seconds
2017-05-11T13:50:49.632+0200: 4,071: Total time for which application threads were stopped: 0,0000792 seconds, Stopping threads took: 0,0000183 seconds
2017-05-11T13:50:49.632+0200: 4,071: Total time for which application threads were stopped: 0,0001498 seconds, Stopping threads took: 0,0000954 seconds
2017-05-11T13:50:49.632+0200: 4,071: Total time for which application threads were stopped: 0,0000890 seconds, Stopping threads took: 0,0000311 seconds
2017-05-11T13:50:49.633+0200: 4,071: Total time for which application threads were stopped: 0,0000748 seconds, Stopping threads took: 0,0000306 seconds
2017-05-11T13:50:49.633+0200: 4,071: Total time for which application threads were stopped: 0,0000794 seconds, Stopping threads took: 0,0000353 seconds
2017-05-11T13:50:49.633+0200: 4,072: Total time for which application threads were stopped: 0,0001195 seconds, Stopping threads took: 0,0000195 seconds
2017-05-11T13:50:49.634+0200: 4,072: Total time for which application threads were stopped: 0,0001132 seconds, Stopping threads took: 0,0000383 seconds
2017-05-11T13:50:49.634+0200: 4,073: Total time for which application threads were stopped: 0,0000648 seconds, Stopping threads took: 0,0000211 seconds
2017-05-11T13:50:49.634+0200: 4,073: Total time for which application threads were stopped: 0,0000678 seconds, Stopping threads took: 0,0000270 seconds
2017-05-11T13:50:49.634+0200: 4,073: Total time for which application threads were stopped: 0,0000685 seconds, Stopping threads took: 0,0000199 seconds
2017-05-11T13:50:49.634+0200: 4,073: Total time for which application threads were stopped: 0,0000688 seconds, Stopping threads took: 0,0000181 seconds
2017-05-11T13:50:49.635+0200: 4,073: Total time for which application threads were stopped: 0,0001158 seconds, Stopping threads took: 0,0000246 seconds
2017-05-11T13:50:49.635+0200: 4,073: Total time for which application threads were stopped: 0,0000839 seconds, Stopping threads took: 0,0000195 seconds
2017-05-11T13:50:49.638+0200: 4,076: Total time for which application threads were stopped: 0,0001972 seconds, Stopping threads took: 0,0000935 seconds
2017-05-11T13:50:49.638+0200: 4,077: Total time for which application threads were stopped: 0,0000951 seconds, Stopping threads took: 0,0000234 seconds
2017-05-11T13:50:49.638+0200: 4,077: Total time for which application threads were stopped: 0,0000825 seconds, Stopping threads took: 0,0000199 seconds
2017-05-11T13:50:49.639+0200: 4,077: Total time for which application threads were stopped: 0,0000896 seconds, Stopping threads took: 0,0000205 seconds
2017-05-11T13:50:49.639+0200: 4,077: Total time for which application threads were stopped: 0,0000782 seconds, Stopping threads took: 0,0000171 seconds
2017-05-11T13:50:49.639+0200: 4,077: Total time for which application threads were stopped: 0,0000810 seconds, Stopping threads took: 0,0000172 seconds
2017-05-11T13:50:49.639+0200: 4,078: Total time for which application threads were stopped: 0,0000831 seconds, Stopping threads took: 0,0000183 seconds
2017-05-11T13:50:49.642+0200: 4,081: Total time for which application threads were stopped: 0,0002518 seconds, Stopping threads took: 0,0001948 seconds
2017-05-11T13:50:49.643+0200: 4,081: Total time for which application threads were stopped: 0,0001023 seconds, Stopping threads took: 0,0000385 seconds
2017-05-11T13:50:49.643+0200: 4,081: Total time for which application threads were stopped: 0,0000628 seconds, Stopping threads took: 0,0000279 seconds
2017-05-11T13:50:49.643+0200: 4,081: Total time for which application threads were stopped: 0,0000679 seconds, Stopping threads took: 0,0000287 seconds
2017-05-11T13:50:49.646+0200: 4,084: Total time for which application threads were stopped: 0,0030771 seconds, Stopping threads took: 0,0030302 seconds
2017-05-11T13:50:49.646+0200: 4,084: Total time for which application threads were stopped: 0,0001291 seconds, Stopping threads took: 0,0000198 seconds
2017-05-11T13:50:49.651+0200: 4,089: Total time for which application threads were stopped: 0,0001317 seconds, Stopping threads took: 0,0000525 seconds
2017-05-11T13:50:49.652+0200: 4,090: Total time for which application threads were stopped: 0,0000960 seconds, Stopping threads took: 0,0000431 seconds
2017-05-11T13:50:49.652+0200: 4,091: Total time for which application threads were stopped: 0,0000686 seconds, Stopping threads took: 0,0000169 seconds
2017-05-11T13:50:49.685+0200: 4,123: Total time for which application threads were stopped: 0,0001495 seconds, Stopping threads took: 0,0000727 seconds
2017-05-11T13:50:49.715+0200: 4,153: Total time for which application threads were stopped: 0,0001711 seconds, Stopping threads took: 0,0000751 seconds
2017-05-11T13:50:49.715+0200: 4,154: Total time for which application threads were stopped: 0,0003552 seconds, Stopping threads took: 0,0000075 seconds
2017-05-11T13:50:49.716+0200: 4,154: Total time for which application threads were stopped: 0,0000642 seconds, Stopping threads took: 0,0000148 seconds
2017-05-11T13:50:50.716+0200: 5,154: Total time for which application threads were stopped: 0,0000776 seconds, Stopping threads took: 0,0000176 seconds
2017-05-11T13:51:17.719+0200: 32,157: Total time for which application threads were stopped: 0,0000666 seconds, Stopping threads took: 0,0000180 seconds
{Heap before GC invocations=10 (full 1):
 par new generation   total 109248K, used 93885K [0x00000000e0000000, 0x00000000e8000000, 0x00000000e8000000)
  eden space 87424K, 100% used [0x00000000e0000000, 0x00000000e5560000, 0x00000000e5560000)
  from space 21824K,  29% used [0x00000000e5560000, 0x00000000e5baf6d8, 0x00000000e6ab0000)
  to   space 21824K,   0% used [0x00000000e6ab0000, 0x00000000e6ab0000, 0x00000000e8000000)
 concurrent mark-sweep generation total 393216K, used 6792K [0x00000000e8000000, 0x0000000100000000, 0x0000000100000000)
 Metaspace       used 27973K, capacity 28512K, committed 28796K, reserved 1075200K
  class space    used 3215K, capacity 3393K, committed 3452K, reserved 1048576K
2017-05-11T13:51:21.615+0200: 36,054: [GC (Allocation Failure) 2017-05-11T13:51:21.615+0200: 36,054: [ParNew
Desired survivor size 20112992 bytes, new threshold 8 (max 8)
- age   1:   10914576 bytes,   10914576 total
- age   2:     229920 bytes,   11144496 total
- age   3:     209424 bytes,   11353920 total
- age   4:        584 bytes,   11354504 total
- age   5:    1753712 bytes,   13108216 total
- age   6:      71736 bytes,   13179952 total
- age   8:     106808 bytes,   13286760 total
: 93885K->14223K(109248K), 0,0118788 secs] 100678K->21235K(502464K), 0,0119411 secs] [Times: user=0,04 sys=0,00, real=0,01 secs] 
Heap after GC invocations=11 (full 1):
 par new generation   total 109248K, used 14223K [0x00000000e0000000, 0x00000000e8000000, 0x00000000e8000000)
  eden space 87424K,   0% used [0x00000000e0000000, 0x00000000e0000000, 0x00000000e5560000)
  from space 21824K,  65% used [0x00000000e6ab0000, 0x00000000e7893e30, 0x00000000e8000000)
  to   space 21824K,   0% used [0x00000000e5560000, 0x00000000e5560000, 0x00000000e6ab0000)
 concurrent mark-sweep generation total 393216K, used 7012K [0x00000000e8000000, 0x0000000100000000, 0x0000000100000000)
 Metaspace       used 27973K, capacity 28512K, committed 28796K, reserved 1075200K
  class space    used 3215K, capacity 3393K, committed 3452K, reserved 1048576K
}
2017-05-11T13:51:21.627+0200: 36,066: Total time for which application threads were stopped: 0,0120808 seconds, Stopping threads took: 0,0000295 seconds
2017-05-11T13:51:21.628+0200: 36,066: Total time for which application threads were stopped: 0,0000621 seconds, Stopping threads took: 0,0000200 seconds
2017-05-11T13:51:21.628+0200: 36,067: Total time for which application threads were stopped: 0,0000252 seconds, Stopping threads took: 0,0000089 seconds
2017-05-11T13:52:07.633+0200: 82,071: Total time for which application threads were stopped: 0,0000602 seconds, Stopping threads took: 0,0000174 seconds
2017-05-11T13:52:42.638+0200: 117,076: Total time for which application threads were stopped: 0,0000750 seconds, Stopping threads took: 0,0000309 seconds
2017-05-11T13:52:47.638+0200: 122,077: Total time for which application threads were stopped: 0,0000605 seconds, Stopping threads took: 0,0000153 seconds
2017-05-11T13:55:22.654+0200: 277,093: Total time for which application threads were stopped: 0,0000776 seconds, Stopping threads took: 0,0000315 seconds
2017-05-11T14:14:21.770+0200: 1416,209: Total time for which application threads were stopped: 0,0000801 seconds, Stopping threads took: 0,0000324 seconds
2017-05-11T14:19:06.800+0200: 1701,239: Total time for which application threads were stopped: 0,0000773 seconds, Stopping threads took: 0,0000288 seconds
2017-05-11T14:30:17.867+0200: 2372,306: Total time for which application threads were stopped: 0,0003052 seconds, Stopping threads took: 0,0001282 seconds
2017-05-11T14:30:21.868+0200: 2376,306: Total time for which application threads were stopped: 0,0000649 seconds, Stopping threads took: 0,0000151 seconds
2017-05-11T14:33:17.886+0200: 2552,325: Total time for which application threads were stopped: 0,0004322 seconds, Stopping threads took: 0,0001519 seconds
2017-05-11T14:47:46.995+0200: 3421,433: Total time for which application threads were stopped: 0,0001668 seconds, Stopping threads took: 0,0000689 seconds
2017-05-11T14:48:16.999+0200: 3451,438: Total time for which application threads were stopped: 0,0000826 seconds, Stopping threads took: 0,0000318 seconds
2017-05-11T14:51:28.023+0200: 3642,461: Total time for which application threads were stopped: 0,0001330 seconds, Stopping threads took: 0,0000519 seconds
2017-05-11T14:51:33.023+0200: 3647,462: Total time for which application threads were stopped: 0,0001035 seconds, Stopping threads took: 0,0000246 seconds
2017-05-11T14:55:07.045+0200: 3861,484: Total time for which application threads were stopped: 0,0000929 seconds, Stopping threads took: 0,0000324 seconds
2017-05-11T15:14:18.166+0200: 5012,604: Total time for which application threads were stopped: 0,0001081 seconds, Stopping threads took: 0,0000365 seconds
2017-05-11T15:15:28.175+0200: 5082,614: Total time for which application threads were stopped: 0,0001643 seconds, Stopping threads took: 0,0000685 seconds
2017-05-11T23:53:48.322+0200: 6987,395: Total time for which application threads were stopped: 0,0001838 seconds, Stopping threads took: 0,0000713 seconds
2017-05-11T23:54:23.328+0200: 7022,401: Total time for which application threads were stopped: 0,0000886 seconds, Stopping threads took: 0,0000332 seconds
2017-05-12T00:05:22.424+0200: 7681,497: Total time for which application threads were stopped: 0,0000873 seconds, Stopping threads took: 0,0000303 seconds
2017-05-12T00:32:21.537+0200: 9300,610: Total time for which application threads were stopped: 0,0348910 seconds, Stopping threads took: 0,0348170 seconds
2017-05-12T00:32:21.553+0200: 9300,626: Total time for which application threads were stopped: 0,0001102 seconds, Stopping threads took: 0,0000302 seconds
2017-05-12T00:32:21.598+0200: 9300,671: Total time for which application threads were stopped: 0,0000870 seconds, Stopping threads took: 0,0000153 seconds
2017-05-12T00:32:21.600+0200: 9300,673: Total time for which application threads were stopped: 0,0001395 seconds, Stopping threads took: 0,0000304 seconds
Heap
 par new generation   total 109248K, used 36522K [0x00000000e0000000, 0x00000000e8000000, 0x00000000e8000000)
  eden space 87424K,  25% used [0x00000000e0000000, 0x00000000e15c6b30, 0x00000000e5560000)
  from space 21824K,  65% used [0x00000000e6ab0000, 0x00000000e7893e30, 0x00000000e8000000)
  to   space 21824K,   0% used [0x00000000e5560000, 0x00000000e5560000, 0x00000000e6ab0000)
 concurrent mark-sweep generation total 393216K, used 7012K [0x00000000e8000000, 0x0000000100000000, 0x0000000100000000)
 Metaspace       used 28126K, capacity 28622K, committed 28796K, reserved 1075200K
  class space    used 3229K, capacity 3428K, committed 3452K, reserved 1048576K
