OpenJDK 64-Bit Server VM (25.121-b13) for linux-amd64 JRE (1.8.0_121-8u121-b13-0ubuntu1.16.04.2-b13), built on Jan 23 2017 15:51:29 by "buildd" with gcc 5.4.0 20160609
Memory: 4k page, physical 7867760k(7430524k free), swap 8076284k(8076284k free)
CommandLine flags: -XX:CMSInitiatingOccupancyFraction=50 -XX:CMSMaxAbortablePrecleanTime=6000 -XX:+CMSParallelRemarkEnabled -XX:+CMSScavengeBeforeRemark -XX:ConcGCThreads=4 -XX:InitialHeapSize=536870912 -XX:MaxHeapSize=536870912 -XX:MaxTenuringThreshold=8 -XX:NewRatio=3 -XX:OldPLABSize=16 -XX:OnOutOfMemoryError=/opt/solr/bin/oom_solr.sh 8983 /var/solr/logs -XX:ParallelGCThreads=4 -XX:+ParallelRefProcEnabled -XX:PretenureSizeThreshold=67108864 -XX:+PrintGC -XX:+PrintGCApplicationStoppedTime -XX:+PrintGCDateStamps -XX:+PrintGCDetails -XX:+PrintGCTimeStamps -XX:+PrintHeapAtGC -XX:+PrintTenuringDistribution -XX:SurvivorRatio=4 -XX:TargetSurvivorRatio=90 -XX:ThreadStackSize=256 -XX:+UseCMSInitiatingOccupancyOnly -XX:+UseCompressedClassPointers -XX:+UseCompressedOops -XX:+UseConcMarkSweepGC -XX:+UseParNewGC 
2017-03-14T10:40:18.035+0100: 0,159: Total time for which application threads were stopped: 0,0000699 seconds, Stopping threads took: 0,0000088 seconds
2017-03-14T10:40:18.136+0100: 0,260: Total time for which application threads were stopped: 0,0001205 seconds, Stopping threads took: 0,0000126 seconds
2017-03-14T10:40:18.156+0100: 0,280: Total time for which application threads were stopped: 0,0000772 seconds, Stopping threads took: 0,0000115 seconds
2017-03-14T10:40:18.446+0100: 0,570: Total time for which application threads were stopped: 0,0001915 seconds, Stopping threads took: 0,0000129 seconds
2017-03-14T10:40:18.858+0100: 0,982: Total time for which application threads were stopped: 0,0001474 seconds, Stopping threads took: 0,0000202 seconds
2017-03-14T10:40:18.959+0100: 1,083: Total time for which application threads were stopped: 0,0002283 seconds, Stopping threads took: 0,0000348 seconds
2017-03-14T10:40:19.008+0100: 1,131: Total time for which application threads were stopped: 0,0001981 seconds, Stopping threads took: 0,0000240 seconds
2017-03-14T10:40:19.329+0100: 1,453: Total time for which application threads were stopped: 0,0005656 seconds, Stopping threads took: 0,0001255 seconds
2017-03-14T10:40:19.588+0100: 1,712: Total time for which application threads were stopped: 0,0001953 seconds, Stopping threads took: 0,0000135 seconds
2017-03-14T10:40:19.619+0100: 1,743: Total time for which application threads were stopped: 0,0001878 seconds, Stopping threads took: 0,0000179 seconds
2017-03-14T10:40:19.658+0100: 1,781: Total time for which application threads were stopped: 0,0002261 seconds, Stopping threads took: 0,0000242 seconds
2017-03-14T10:40:19.658+0100: 1,782: Total time for which application threads were stopped: 0,0001677 seconds, Stopping threads took: 0,0000124 seconds
2017-03-14T10:40:19.678+0100: 1,802: Total time for which application threads were stopped: 0,0002059 seconds, Stopping threads took: 0,0000138 seconds
2017-03-14T10:40:19.766+0100: 1,890: Total time for which application threads were stopped: 0,0002220 seconds, Stopping threads took: 0,0000182 seconds
2017-03-14T10:40:19.931+0100: 2,055: Total time for which application threads were stopped: 0,0002530 seconds, Stopping threads took: 0,0000402 seconds
{Heap before GC invocations=0 (full 0):
 par new generation   total 109248K, used 87424K [0x00000000e0000000, 0x00000000e8000000, 0x00000000e8000000)
  eden space 87424K, 100% used [0x00000000e0000000, 0x00000000e5560000, 0x00000000e5560000)
  from space 21824K,   0% used [0x00000000e5560000, 0x00000000e5560000, 0x00000000e6ab0000)
  to   space 21824K,   0% used [0x00000000e6ab0000, 0x00000000e6ab0000, 0x00000000e8000000)
 concurrent mark-sweep generation total 393216K, used 0K [0x00000000e8000000, 0x0000000100000000, 0x0000000100000000)
 Metaspace       used 17862K, capacity 18176K, committed 18304K, reserved 1064960K
  class space    used 2024K, capacity 2164K, committed 2176K, reserved 1048576K
2017-03-14T10:40:19.986+0100: 2,110: [GC (Allocation Failure) 2017-03-14T10:40:19.986+0100: 2,110: [ParNew
Desired survivor size 20112992 bytes, new threshold 8 (max 8)
- age   1:   11716608 bytes,   11716608 total
: 87424K->11547K(109248K), 0,0156686 secs] 87424K->11547K(502464K), 0,0157491 secs] [Times: user=0,06 sys=0,00, real=0,01 secs] 
Heap after GC invocations=1 (full 0):
 par new generation   total 109248K, used 11547K [0x00000000e0000000, 0x00000000e8000000, 0x00000000e8000000)
  eden space 87424K,   0% used [0x00000000e0000000, 0x00000000e0000000, 0x00000000e5560000)
  from space 21824K,  52% used [0x00000000e6ab0000, 0x00000000e75f6d00, 0x00000000e8000000)
  to   space 21824K,   0% used [0x00000000e5560000, 0x00000000e5560000, 0x00000000e6ab0000)
 concurrent mark-sweep generation total 393216K, used 0K [0x00000000e8000000, 0x0000000100000000, 0x0000000100000000)
 Metaspace       used 17862K, capacity 18176K, committed 18304K, reserved 1064960K
  class space    used 2024K, capacity 2164K, committed 2176K, reserved 1048576K
}
2017-03-14T10:40:20.002+0100: 2,126: Total time for which application threads were stopped: 0,0160926 seconds, Stopping threads took: 0,0001535 seconds
2017-03-14T10:40:20.318+0100: 2,442: Total time for which application threads were stopped: 0,0030974 seconds, Stopping threads took: 0,0027542 seconds
{Heap before GC invocations=1 (full 0):
 par new generation   total 109248K, used 98971K [0x00000000e0000000, 0x00000000e8000000, 0x00000000e8000000)
  eden space 87424K, 100% used [0x00000000e0000000, 0x00000000e5560000, 0x00000000e5560000)
  from space 21824K,  52% used [0x00000000e6ab0000, 0x00000000e75f6d00, 0x00000000e8000000)
  to   space 21824K,   0% used [0x00000000e5560000, 0x00000000e5560000, 0x00000000e6ab0000)
 concurrent mark-sweep generation total 393216K, used 0K [0x00000000e8000000, 0x0000000100000000, 0x0000000100000000)
 Metaspace       used 20059K, capacity 20364K, committed 20736K, reserved 1067008K
  class space    used 2294K, capacity 2470K, committed 2560K, reserved 1048576K
2017-03-14T10:40:20.358+0100: 2,481: [GC (Allocation Failure) 2017-03-14T10:40:20.358+0100: 2,481: [ParNew
Desired survivor size 20112992 bytes, new threshold 8 (max 8)
- age   1:    3928256 bytes,    3928256 total
- age   2:    6286960 bytes,   10215216 total
: 98971K->14893K(109248K), 0,0106895 secs] 98971K->14893K(502464K), 0,0107620 secs] [Times: user=0,03 sys=0,01, real=0,01 secs] 
Heap after GC invocations=2 (full 0):
 par new generation   total 109248K, used 14893K [0x00000000e0000000, 0x00000000e8000000, 0x00000000e8000000)
  eden space 87424K,   0% used [0x00000000e0000000, 0x00000000e0000000, 0x00000000e5560000)
  from space 21824K,  68% used [0x00000000e5560000, 0x00000000e63eb580, 0x00000000e6ab0000)
  to   space 21824K,   0% used [0x00000000e6ab0000, 0x00000000e6ab0000, 0x00000000e8000000)
 concurrent mark-sweep generation total 393216K, used 0K [0x00000000e8000000, 0x0000000100000000, 0x0000000100000000)
 Metaspace       used 20059K, capacity 20364K, committed 20736K, reserved 1067008K
  class space    used 2294K, capacity 2470K, committed 2560K, reserved 1048576K
}
2017-03-14T10:40:20.369+0100: 2,492: Total time for which application threads were stopped: 0,0111869 seconds, Stopping threads took: 0,0002696 seconds
2017-03-14T10:40:20.378+0100: 2,502: Total time for which application threads were stopped: 0,0005901 seconds, Stopping threads took: 0,0002839 seconds
2017-03-14T10:40:20.434+0100: 2,558: Total time for which application threads were stopped: 0,0046115 seconds, Stopping threads took: 0,0043092 seconds
2017-03-14T10:40:20.577+0100: 2,701: Total time for which application threads were stopped: 0,0002090 seconds, Stopping threads took: 0,0000719 seconds
{Heap before GC invocations=2 (full 0):
 par new generation   total 109248K, used 102317K [0x00000000e0000000, 0x00000000e8000000, 0x00000000e8000000)
  eden space 87424K, 100% used [0x00000000e0000000, 0x00000000e5560000, 0x00000000e5560000)
  from space 21824K,  68% used [0x00000000e5560000, 0x00000000e63eb580, 0x00000000e6ab0000)
  to   space 21824K,   0% used [0x00000000e6ab0000, 0x00000000e6ab0000, 0x00000000e8000000)
 concurrent mark-sweep generation total 393216K, used 0K [0x00000000e8000000, 0x0000000100000000, 0x0000000100000000)
 Metaspace       used 20993K, capacity 21350K, committed 21628K, reserved 1069056K
  class space    used 2416K, capacity 2589K, committed 2684K, reserved 1048576K
2017-03-14T10:40:20.618+0100: 2,742: [GC (Allocation Failure) 2017-03-14T10:40:20.618+0100: 2,742: [ParNew
Desired survivor size 20112992 bytes, new threshold 8 (max 8)
- age   1:    2120896 bytes,    2120896 total
- age   2:    1197568 bytes,    3318464 total
- age   3:    6285016 bytes,    9603480 total
: 102317K->12605K(109248K), 0,0161161 secs] 102317K->12605K(502464K), 0,0162238 secs] [Times: user=0,06 sys=0,00, real=0,02 secs] 
Heap after GC invocations=3 (full 0):
 par new generation   total 109248K, used 12605K [0x00000000e0000000, 0x00000000e8000000, 0x00000000e8000000)
  eden space 87424K,   0% used [0x00000000e0000000, 0x00000000e0000000, 0x00000000e5560000)
  from space 21824K,  57% used [0x00000000e6ab0000, 0x00000000e76ff710, 0x00000000e8000000)
  to   space 21824K,   0% used [0x00000000e5560000, 0x00000000e5560000, 0x00000000e6ab0000)
 concurrent mark-sweep generation total 393216K, used 0K [0x00000000e8000000, 0x0000000100000000, 0x0000000100000000)
 Metaspace       used 20993K, capacity 21350K, committed 21628K, reserved 1069056K
  class space    used 2416K, capacity 2589K, committed 2684K, reserved 1048576K
}
2017-03-14T10:40:20.634+0100: 2,758: Total time for which application threads were stopped: 0,0166394 seconds, Stopping threads took: 0,0002282 seconds
2017-03-14T10:40:20.634+0100: 2,758: [GC (CMS Initial Mark) [1 CMS-initial-mark: 0K(393216K)] 12605K(502464K), 0,0051072 secs] [Times: user=0,02 sys=0,00, real=0,00 secs] 
2017-03-14T10:40:20.640+0100: 2,763: Total time for which application threads were stopped: 0,0052697 seconds, Stopping threads took: 0,0000399 seconds
2017-03-14T10:40:20.640+0100: 2,763: [CMS-concurrent-mark-start]
2017-03-14T10:40:20.640+0100: 2,764: [CMS-concurrent-mark: 0,001/0,001 secs] [Times: user=0,00 sys=0,00, real=0,00 secs] 
2017-03-14T10:40:20.640+0100: 2,764: [CMS-concurrent-preclean-start]
2017-03-14T10:40:20.642+0100: 2,765: [CMS-concurrent-preclean: 0,001/0,001 secs] [Times: user=0,00 sys=0,00, real=0,00 secs] 
2017-03-14T10:40:20.642+0100: 2,765: [CMS-concurrent-abortable-preclean-start]
2017-03-14T10:40:20.698+0100: 2,822: Total time for which application threads were stopped: 0,0003461 seconds, Stopping threads took: 0,0002298 seconds
{Heap before GC invocations=3 (full 1):
 par new generation   total 109248K, used 100029K [0x00000000e0000000, 0x00000000e8000000, 0x00000000e8000000)
  eden space 87424K, 100% used [0x00000000e0000000, 0x00000000e5560000, 0x00000000e5560000)
  from space 21824K,  57% used [0x00000000e6ab0000, 0x00000000e76ff710, 0x00000000e8000000)
  to   space 21824K,   0% used [0x00000000e5560000, 0x00000000e5560000, 0x00000000e6ab0000)
 concurrent mark-sweep generation total 393216K, used 0K [0x00000000e8000000, 0x0000000100000000, 0x0000000100000000)
 Metaspace       used 21264K, capacity 21620K, committed 21884K, reserved 1069056K
  class space    used 2445K, capacity 2603K, committed 2684K, reserved 1048576K
2017-03-14T10:40:20.776+0100: 2,899: [GC (Allocation Failure) 2017-03-14T10:40:20.776+0100: 2,899: [ParNew
Desired survivor size 20112992 bytes, new threshold 8 (max 8)
- age   1:    1686960 bytes,    1686960 total
- age   2:    1477024 bytes,    3163984 total
- age   3:    1164616 bytes,    4328600 total
- age   4:    6285008 bytes,   10613608 total
: 100029K->13523K(109248K), 0,0103554 secs] 100029K->13523K(502464K), 0,0104266 secs] [Times: user=0,03 sys=0,01, real=0,01 secs] 
Heap after GC invocations=4 (full 1):
 par new generation   total 109248K, used 13523K [0x00000000e0000000, 0x00000000e8000000, 0x00000000e8000000)
  eden space 87424K,   0% used [0x00000000e0000000, 0x00000000e0000000, 0x00000000e5560000)
  from space 21824K,  61% used [0x00000000e5560000, 0x00000000e6294cd8, 0x00000000e6ab0000)
  to   space 21824K,   0% used [0x00000000e6ab0000, 0x00000000e6ab0000, 0x00000000e8000000)
 concurrent mark-sweep generation total 393216K, used 0K [0x00000000e8000000, 0x0000000100000000, 0x0000000100000000)
 Metaspace       used 21264K, capacity 21620K, committed 21884K, reserved 1069056K
  class space    used 2445K, capacity 2603K, committed 2684K, reserved 1048576K
}
2017-03-14T10:40:20.786+0100: 2,910: Total time for which application threads were stopped: 0,0106425 seconds, Stopping threads took: 0,0000710 seconds
2017-03-14T10:40:20.786+0100: 2,910: [CMS-concurrent-abortable-preclean: 0,085/0,145 secs] [Times: user=0,55 sys=0,02, real=0,15 secs] 
2017-03-14T10:40:20.791+0100: 2,915: [GC (CMS Final Remark) [YG occupancy: 17367 K (109248 K)]{Heap before GC invocations=4 (full 1):
 par new generation   total 109248K, used 17367K [0x00000000e0000000, 0x00000000e8000000, 0x00000000e8000000)
  eden space 87424K,   4% used [0x00000000e0000000, 0x00000000e03c10f0, 0x00000000e5560000)
  from space 21824K,  61% used [0x00000000e5560000, 0x00000000e6294cd8, 0x00000000e6ab0000)
  to   space 21824K,   0% used [0x00000000e6ab0000, 0x00000000e6ab0000, 0x00000000e8000000)
 concurrent mark-sweep generation total 393216K, used 0K [0x00000000e8000000, 0x0000000100000000, 0x0000000100000000)
 Metaspace       used 21264K, capacity 21620K, committed 21884K, reserved 1069056K
  class space    used 2445K, capacity 2603K, committed 2684K, reserved 1048576K
2017-03-14T10:40:20.791+0100: 2,915: [GC (CMS Final Remark) 2017-03-14T10:40:20.791+0100: 2,915: [ParNew
Desired survivor size 20112992 bytes, new threshold 8 (max 8)
- age   1:     540024 bytes,     540024 total
- age   2:    1047648 bytes,    1587672 total
- age   3:    1477024 bytes,    3064696 total
- age   4:    1164616 bytes,    4229312 total
- age   5:    6285240 bytes,   10514552 total
: 17367K->11511K(109248K), 0,0096220 secs] 17367K->11511K(502464K), 0,0096709 secs] [Times: user=0,04 sys=0,00, real=0,01 secs] 
Heap after GC invocations=5 (full 1):
 par new generation   total 109248K, used 11511K [0x00000000e0000000, 0x00000000e8000000, 0x00000000e8000000)
  eden space 87424K,   0% used [0x00000000e0000000, 0x00000000e0000000, 0x00000000e5560000)
  from space 21824K,  52% used [0x00000000e6ab0000, 0x00000000e75eddb0, 0x00000000e8000000)
  to   space 21824K,   0% used [0x00000000e5560000, 0x00000000e5560000, 0x00000000e6ab0000)
 concurrent mark-sweep generation total 393216K, used 0K [0x00000000e8000000, 0x0000000100000000, 0x0000000100000000)
 Metaspace       used 21264K, capacity 21620K, committed 21884K, reserved 1069056K
  class space    used 2445K, capacity 2603K, committed 2684K, reserved 1048576K
}
2017-03-14T10:40:20.801+0100: 2,924: [Rescan (parallel) , 0,0034504 secs]2017-03-14T10:40:20.804+0100: 2,928: [weak refs processing, 0,0013607 secs]2017-03-14T10:40:20.805+0100: 2,929: [class unloading, 0,0029623 secs]2017-03-14T10:40:20.808+0100: 2,932: [scrub symbol table, 0,0026648 secs]2017-03-14T10:40:20.811+0100: 2,935: [scrub string table, 0,0003815 secs][1 CMS-remark: 0K(393216K)] 11511K(502464K), 0,0211824 secs] [Times: user=0,06 sys=0,00, real=0,02 secs] 
2017-03-14T10:40:20.812+0100: 2,936: Total time for which application threads were stopped: 0,0213153 seconds, Stopping threads took: 0,0000547 seconds
2017-03-14T10:40:20.812+0100: 2,936: [CMS-concurrent-sweep-start]
2017-03-14T10:40:20.812+0100: 2,936: [CMS-concurrent-sweep: 0,000/0,000 secs] [Times: user=0,00 sys=0,00, real=0,00 secs] 
2017-03-14T10:40:20.812+0100: 2,936: [CMS-concurrent-reset-start]
2017-03-14T10:40:20.815+0100: 2,939: [CMS-concurrent-reset: 0,003/0,003 secs] [Times: user=0,01 sys=0,00, real=0,01 secs] 
{Heap before GC invocations=5 (full 1):
 par new generation   total 109248K, used 98935K [0x00000000e0000000, 0x00000000e8000000, 0x00000000e8000000)
  eden space 87424K, 100% used [0x00000000e0000000, 0x00000000e5560000, 0x00000000e5560000)
  from space 21824K,  52% used [0x00000000e6ab0000, 0x00000000e75eddb0, 0x00000000e8000000)
  to   space 21824K,   0% used [0x00000000e5560000, 0x00000000e5560000, 0x00000000e6ab0000)
 concurrent mark-sweep generation total 393216K, used 0K [0x00000000e8000000, 0x0000000100000000, 0x0000000100000000)
 Metaspace       used 21394K, capacity 21786K, committed 21884K, reserved 1069056K
  class space    used 2465K, capacity 2636K, committed 2684K, reserved 1048576K
2017-03-14T10:40:20.902+0100: 3,025: [GC (Allocation Failure) 2017-03-14T10:40:20.902+0100: 3,025: [ParNew
Desired survivor size 20112992 bytes, new threshold 8 (max 8)
- age   1:     705400 bytes,     705400 total
- age   2:       3304 bytes,     708704 total
- age   3:     171544 bytes,     880248 total
- age   4:    1476760 bytes,    2357008 total
- age   5:    1160664 bytes,    3517672 total
- age   6:    6285192 bytes,    9802864 total
: 98935K->15714K(109248K), 0,0100000 secs] 98935K->15714K(502464K), 0,0100818 secs] [Times: user=0,04 sys=0,00, real=0,01 secs] 
Heap after GC invocations=6 (full 1):
 par new generation   total 109248K, used 15714K [0x00000000e0000000, 0x00000000e8000000, 0x00000000e8000000)
  eden space 87424K,   0% used [0x00000000e0000000, 0x00000000e0000000, 0x00000000e5560000)
  from space 21824K,  72% used [0x00000000e5560000, 0x00000000e64b8b90, 0x00000000e6ab0000)
  to   space 21824K,   0% used [0x00000000e6ab0000, 0x00000000e6ab0000, 0x00000000e8000000)
 concurrent mark-sweep generation total 393216K, used 0K [0x00000000e8000000, 0x0000000100000000, 0x0000000100000000)
 Metaspace       used 21394K, capacity 21786K, committed 21884K, reserved 1069056K
  class space    used 2465K, capacity 2636K, committed 2684K, reserved 1048576K
}
2017-03-14T10:40:20.912+0100: 3,036: Total time for which application threads were stopped: 0,0125988 seconds, Stopping threads took: 0,0023700 seconds
2017-03-14T10:40:20.963+0100: 3,087: Total time for which application threads were stopped: 0,0005357 seconds, Stopping threads took: 0,0000785 seconds
2017-03-14T10:40:21.166+0100: 3,290: Total time for which application threads were stopped: 0,0005490 seconds, Stopping threads took: 0,0000494 seconds
2017-03-14T10:40:21.181+0100: 3,304: Total time for which application threads were stopped: 0,0004657 seconds, Stopping threads took: 0,0000434 seconds
{Heap before GC invocations=6 (full 1):
 par new generation   total 109248K, used 103138K [0x00000000e0000000, 0x00000000e8000000, 0x00000000e8000000)
  eden space 87424K, 100% used [0x00000000e0000000, 0x00000000e5560000, 0x00000000e5560000)
  from space 21824K,  72% used [0x00000000e5560000, 0x00000000e64b8b90, 0x00000000e6ab0000)
  to   space 21824K,   0% used [0x00000000e6ab0000, 0x00000000e6ab0000, 0x00000000e8000000)
 concurrent mark-sweep generation total 393216K, used 0K [0x00000000e8000000, 0x0000000100000000, 0x0000000100000000)
 Metaspace       used 23822K, capacity 24224K, committed 24572K, reserved 1071104K
  class space    used 2804K, capacity 2979K, committed 3068K, reserved 1048576K
2017-03-14T10:40:21.363+0100: 3,487: [GC (Allocation Failure) 2017-03-14T10:40:21.363+0100: 3,487: [ParNew
Desired survivor size 20112992 bytes, new threshold 8 (max 8)
- age   1:    5050144 bytes,    5050144 total
- age   2:     117808 bytes,    5167952 total
- age   3:       3280 bytes,    5171232 total
- age   4:     170088 bytes,    5341320 total
- age   5:     307216 bytes,    5648536 total
- age   6:    1136216 bytes,    6784752 total
- age   7:    6276856 bytes,   13061608 total
: 103138K->15074K(109248K), 0,0145118 secs] 103138K->15074K(502464K), 0,0145943 secs] [Times: user=0,05 sys=0,01, real=0,01 secs] 
Heap after GC invocations=7 (full 1):
 par new generation   total 109248K, used 15074K [0x00000000e0000000, 0x00000000e8000000, 0x00000000e8000000)
  eden space 87424K,   0% used [0x00000000e0000000, 0x00000000e0000000, 0x00000000e5560000)
  from space 21824K,  69% used [0x00000000e6ab0000, 0x00000000e7968870, 0x00000000e8000000)
  to   space 21824K,   0% used [0x00000000e5560000, 0x00000000e5560000, 0x00000000e6ab0000)
 concurrent mark-sweep generation total 393216K, used 0K [0x00000000e8000000, 0x0000000100000000, 0x0000000100000000)
 Metaspace       used 23822K, capacity 24224K, committed 24572K, reserved 1071104K
  class space    used 2804K, capacity 2979K, committed 3068K, reserved 1048576K
}
2017-03-14T10:40:21.378+0100: 3,501: Total time for which application threads were stopped: 0,0149287 seconds, Stopping threads took: 0,0000768 seconds
{Heap before GC invocations=7 (full 1):
 par new generation   total 109248K, used 102498K [0x00000000e0000000, 0x00000000e8000000, 0x00000000e8000000)
  eden space 87424K, 100% used [0x00000000e0000000, 0x00000000e5560000, 0x00000000e5560000)
  from space 21824K,  69% used [0x00000000e6ab0000, 0x00000000e7968870, 0x00000000e8000000)
  to   space 21824K,   0% used [0x00000000e5560000, 0x00000000e5560000, 0x00000000e6ab0000)
 concurrent mark-sweep generation total 393216K, used 0K [0x00000000e8000000, 0x0000000100000000, 0x0000000100000000)
 Metaspace       used 24371K, capacity 24870K, committed 25084K, reserved 1071104K
  class space    used 2857K, capacity 3044K, committed 3068K, reserved 1048576K
2017-03-14T10:40:21.518+0100: 3,641: [GC (Allocation Failure) 2017-03-14T10:40:21.518+0100: 3,641: [ParNew
Desired survivor size 20112992 bytes, new threshold 8 (max 8)
- age   1:    1992856 bytes,    1992856 total
- age   2:    1717424 bytes,    3710280 total
- age   3:      62760 bytes,    3773040 total
- age   4:       3008 bytes,    3776048 total
- age   5:      95240 bytes,    3871288 total
- age   6:     189040 bytes,    4060328 total
- age   7:     965712 bytes,    5026040 total
- age   8:    5895584 bytes,   10921624 total
: 102498K->16089K(109248K), 0,0186332 secs] 102498K->16089K(502464K), 0,0187225 secs] [Times: user=0,04 sys=0,00, real=0,02 secs] 
Heap after GC invocations=8 (full 1):
 par new generation   total 109248K, used 16089K [0x00000000e0000000, 0x00000000e8000000, 0x00000000e8000000)
  eden space 87424K,   0% used [0x00000000e0000000, 0x00000000e0000000, 0x00000000e5560000)
  from space 21824K,  73% used [0x00000000e5560000, 0x00000000e6516520, 0x00000000e6ab0000)
  to   space 21824K,   0% used [0x00000000e6ab0000, 0x00000000e6ab0000, 0x00000000e8000000)
 concurrent mark-sweep generation total 393216K, used 0K [0x00000000e8000000, 0x0000000100000000, 0x0000000100000000)
 Metaspace       used 24371K, capacity 24870K, committed 25084K, reserved 1071104K
  class space    used 2857K, capacity 3044K, committed 3068K, reserved 1048576K
}
2017-03-14T10:40:21.536+0100: 3,660: Total time for which application threads were stopped: 0,0241916 seconds, Stopping threads took: 0,0052435 seconds
{Heap before GC invocations=8 (full 1):
 par new generation   total 109248K, used 103513K [0x00000000e0000000, 0x00000000e8000000, 0x00000000e8000000)
  eden space 87424K, 100% used [0x00000000e0000000, 0x00000000e5560000, 0x00000000e5560000)
  from space 21824K,  73% used [0x00000000e5560000, 0x00000000e6516520, 0x00000000e6ab0000)
  to   space 21824K,   0% used [0x00000000e6ab0000, 0x00000000e6ab0000, 0x00000000e8000000)
 concurrent mark-sweep generation total 393216K, used 0K [0x00000000e8000000, 0x0000000100000000, 0x0000000100000000)
 Metaspace       used 24555K, capacity 25024K, committed 25084K, reserved 1071104K
  class space    used 2872K, capacity 3049K, committed 3068K, reserved 1048576K
2017-03-14T10:40:21.624+0100: 3,748: [GC (Allocation Failure) 2017-03-14T10:40:21.624+0100: 3,748: [ParNew
Desired survivor size 20112992 bytes, new threshold 8 (max 8)
- age   1:     653544 bytes,     653544 total
- age   2:     601992 bytes,    1255536 total
- age   3:    1695128 bytes,    2950664 total
- age   4:      62760 bytes,    3013424 total
- age   5:       3008 bytes,    3016432 total
- age   6:      95008 bytes,    3111440 total
- age   7:     186304 bytes,    3297744 total
- age   8:     964912 bytes,    4262656 total
: 103513K->6684K(109248K), 0,0270468 secs] 103513K->12524K(502464K), 0,0271267 secs] [Times: user=0,10 sys=0,00, real=0,02 secs] 
Heap after GC invocations=9 (full 1):
 par new generation   total 109248K, used 6684K [0x00000000e0000000, 0x00000000e8000000, 0x00000000e8000000)
  eden space 87424K,   0% used [0x00000000e0000000, 0x00000000e0000000, 0x00000000e5560000)
  from space 21824K,  30% used [0x00000000e6ab0000, 0x00000000e71373b0, 0x00000000e8000000)
  to   space 21824K,   0% used [0x00000000e5560000, 0x00000000e5560000, 0x00000000e6ab0000)
 concurrent mark-sweep generation total 393216K, used 5839K [0x00000000e8000000, 0x0000000100000000, 0x0000000100000000)
 Metaspace       used 24555K, capacity 25024K, committed 25084K, reserved 1071104K
  class space    used 2872K, capacity 3049K, committed 3068K, reserved 1048576K
}
2017-03-14T10:40:21.651+0100: 3,775: Total time for which application threads were stopped: 0,0274024 seconds, Stopping threads took: 0,0000549 seconds
2017-03-14T10:40:21.930+0100: 4,054: Total time for which application threads were stopped: 0,0034987 seconds, Stopping threads took: 0,0031828 seconds
2017-03-14T10:40:21.945+0100: 4,068: Total time for which application threads were stopped: 0,0004861 seconds, Stopping threads took: 0,0000632 seconds
2017-03-14T10:40:21.946+0100: 4,070: Total time for which application threads were stopped: 0,0001268 seconds, Stopping threads took: 0,0000336 seconds
2017-03-14T10:40:21.960+0100: 4,084: Total time for which application threads were stopped: 0,0001537 seconds, Stopping threads took: 0,0000441 seconds
2017-03-14T10:40:21.961+0100: 4,084: Total time for which application threads were stopped: 0,0004143 seconds, Stopping threads took: 0,0000106 seconds
2017-03-14T10:40:21.965+0100: 4,089: Total time for which application threads were stopped: 0,0001528 seconds, Stopping threads took: 0,0000445 seconds
2017-03-14T10:40:21.966+0100: 4,090: Total time for which application threads were stopped: 0,0001170 seconds, Stopping threads took: 0,0000351 seconds
2017-03-14T10:40:21.969+0100: 4,093: Total time for which application threads were stopped: 0,0001318 seconds, Stopping threads took: 0,0000338 seconds
2017-03-14T10:40:21.971+0100: 4,094: Total time for which application threads were stopped: 0,0001207 seconds, Stopping threads took: 0,0000328 seconds
2017-03-14T10:40:21.974+0100: 4,097: Total time for which application threads were stopped: 0,0001180 seconds, Stopping threads took: 0,0000317 seconds
2017-03-14T10:40:21.974+0100: 4,098: Total time for which application threads were stopped: 0,0001145 seconds, Stopping threads took: 0,0000333 seconds
2017-03-14T10:40:21.975+0100: 4,099: Total time for which application threads were stopped: 0,0001143 seconds, Stopping threads took: 0,0000344 seconds
2017-03-14T10:40:22.034+0100: 4,158: Total time for which application threads were stopped: 0,0006047 seconds, Stopping threads took: 0,0000965 seconds
2017-03-14T10:40:22.036+0100: 4,160: Total time for which application threads were stopped: 0,0002280 seconds, Stopping threads took: 0,0001323 seconds
2017-03-14T10:40:22.037+0100: 4,160: Total time for which application threads were stopped: 0,0001772 seconds, Stopping threads took: 0,0001338 seconds
2017-03-14T10:40:22.041+0100: 4,165: Total time for which application threads were stopped: 0,0001534 seconds, Stopping threads took: 0,0000541 seconds
2017-03-14T10:40:22.046+0100: 4,170: Total time for which application threads were stopped: 0,0001356 seconds, Stopping threads took: 0,0000642 seconds
2017-03-14T10:40:22.053+0100: 4,177: Total time for which application threads were stopped: 0,0001276 seconds, Stopping threads took: 0,0000408 seconds
2017-03-14T10:40:22.054+0100: 4,177: Total time for which application threads were stopped: 0,0001054 seconds, Stopping threads took: 0,0000331 seconds
2017-03-14T10:40:22.054+0100: 4,178: Total time for which application threads were stopped: 0,0001064 seconds, Stopping threads took: 0,0000346 seconds
2017-03-14T10:40:22.056+0100: 4,179: Total time for which application threads were stopped: 0,0001762 seconds, Stopping threads took: 0,0000573 seconds
2017-03-14T10:40:22.059+0100: 4,182: Total time for which application threads were stopped: 0,0004122 seconds, Stopping threads took: 0,0002583 seconds
2017-03-14T10:40:22.059+0100: 4,183: Total time for which application threads were stopped: 0,0001271 seconds, Stopping threads took: 0,0000475 seconds
2017-03-14T10:40:22.059+0100: 4,183: Total time for which application threads were stopped: 0,0001015 seconds, Stopping threads took: 0,0000352 seconds
2017-03-14T10:40:22.062+0100: 4,186: Total time for which application threads were stopped: 0,0025901 seconds, Stopping threads took: 0,0024764 seconds
2017-03-14T10:40:22.062+0100: 4,186: Total time for which application threads were stopped: 0,0000833 seconds, Stopping threads took: 0,0000140 seconds
2017-03-14T10:40:22.067+0100: 4,190: Total time for which application threads were stopped: 0,0036192 seconds, Stopping threads took: 0,0034010 seconds
2017-03-14T10:40:22.068+0100: 4,191: Total time for which application threads were stopped: 0,0001439 seconds, Stopping threads took: 0,0000494 seconds
2017-03-14T10:40:22.081+0100: 4,204: Total time for which application threads were stopped: 0,0001381 seconds, Stopping threads took: 0,0000583 seconds
2017-03-14T10:40:22.081+0100: 4,205: Total time for which application threads were stopped: 0,0001127 seconds, Stopping threads took: 0,0000350 seconds
2017-03-14T10:40:22.081+0100: 4,205: Total time for which application threads were stopped: 0,0000621 seconds, Stopping threads took: 0,0000284 seconds
2017-03-14T10:40:22.081+0100: 4,205: Total time for which application threads were stopped: 0,0000554 seconds, Stopping threads took: 0,0000181 seconds
2017-03-14T10:40:22.082+0100: 4,205: Total time for which application threads were stopped: 0,0001022 seconds, Stopping threads took: 0,0000262 seconds
2017-03-14T10:40:22.082+0100: 4,205: Total time for which application threads were stopped: 0,0000743 seconds, Stopping threads took: 0,0000221 seconds
2017-03-14T10:40:22.082+0100: 4,206: Total time for which application threads were stopped: 0,0000657 seconds, Stopping threads took: 0,0000255 seconds
2017-03-14T10:40:22.082+0100: 4,206: Total time for which application threads were stopped: 0,0000609 seconds, Stopping threads took: 0,0000182 seconds
2017-03-14T10:40:22.082+0100: 4,206: Total time for which application threads were stopped: 0,0000537 seconds, Stopping threads took: 0,0000187 seconds
2017-03-14T10:40:22.083+0100: 4,207: Total time for which application threads were stopped: 0,0007975 seconds, Stopping threads took: 0,0007139 seconds
2017-03-14T10:40:22.083+0100: 4,207: Total time for which application threads were stopped: 0,0000757 seconds, Stopping threads took: 0,0000193 seconds
2017-03-14T10:40:22.084+0100: 4,207: Total time for which application threads were stopped: 0,0000842 seconds, Stopping threads took: 0,0000251 seconds
2017-03-14T10:40:22.084+0100: 4,207: Total time for which application threads were stopped: 0,0000611 seconds, Stopping threads took: 0,0000106 seconds
2017-03-14T10:40:22.084+0100: 4,207: Total time for which application threads were stopped: 0,0000581 seconds, Stopping threads took: 0,0000083 seconds
2017-03-14T10:40:22.084+0100: 4,208: Total time for which application threads were stopped: 0,0002599 seconds, Stopping threads took: 0,0001668 seconds
2017-03-14T10:40:22.084+0100: 4,208: Total time for which application threads were stopped: 0,0001591 seconds, Stopping threads took: 0,0001126 seconds
2017-03-14T10:40:22.085+0100: 4,208: Total time for which application threads were stopped: 0,0000805 seconds, Stopping threads took: 0,0000307 seconds
2017-03-14T10:40:22.085+0100: 4,208: Total time for which application threads were stopped: 0,0000589 seconds, Stopping threads took: 0,0000179 seconds
2017-03-14T10:40:22.085+0100: 4,209: Total time for which application threads were stopped: 0,0002247 seconds, Stopping threads took: 0,0000315 seconds
2017-03-14T10:40:22.087+0100: 4,211: Total time for which application threads were stopped: 0,0001891 seconds, Stopping threads took: 0,0000774 seconds
2017-03-14T10:40:22.088+0100: 4,212: Total time for which application threads were stopped: 0,0001618 seconds, Stopping threads took: 0,0000393 seconds
2017-03-14T10:40:22.091+0100: 4,214: Total time for which application threads were stopped: 0,0001968 seconds, Stopping threads took: 0,0000438 seconds
2017-03-14T10:40:22.130+0100: 4,253: Total time for which application threads were stopped: 0,0006644 seconds, Stopping threads took: 0,0005410 seconds
2017-03-14T10:40:22.147+0100: 4,270: Total time for which application threads were stopped: 0,0002091 seconds, Stopping threads took: 0,0000772 seconds
2017-03-14T10:40:22.178+0100: 4,301: Total time for which application threads were stopped: 0,0001403 seconds, Stopping threads took: 0,0000402 seconds
2017-03-14T10:40:22.182+0100: 4,306: Total time for which application threads were stopped: 0,0037031 seconds, Stopping threads took: 0,0036204 seconds
2017-03-14T10:40:22.187+0100: 4,311: Total time for which application threads were stopped: 0,0001016 seconds, Stopping threads took: 0,0000173 seconds
2017-03-14T10:40:23.187+0100: 5,311: Total time for which application threads were stopped: 0,0000709 seconds, Stopping threads took: 0,0000174 seconds
2017-03-14T10:41:50.198+0100: 92,322: Total time for which application threads were stopped: 0,0000865 seconds, Stopping threads took: 0,0000357 seconds
2017-03-14T10:42:15.201+0100: 117,325: Total time for which application threads were stopped: 0,0000896 seconds, Stopping threads took: 0,0000334 seconds
2017-03-14T10:42:20.202+0100: 122,325: Total time for which application threads were stopped: 0,0003190 seconds, Stopping threads took: 0,0000699 seconds
{Heap before GC invocations=9 (full 1):
 par new generation   total 109248K, used 94108K [0x00000000e0000000, 0x00000000e8000000, 0x00000000e8000000)
  eden space 87424K, 100% used [0x00000000e0000000, 0x00000000e5560000, 0x00000000e5560000)
  from space 21824K,  30% used [0x00000000e6ab0000, 0x00000000e71373b0, 0x00000000e8000000)
  to   space 21824K,   0% used [0x00000000e5560000, 0x00000000e5560000, 0x00000000e6ab0000)
 concurrent mark-sweep generation total 393216K, used 5839K [0x00000000e8000000, 0x0000000100000000, 0x0000000100000000)
 Metaspace       used 28034K, capacity 28542K, committed 28796K, reserved 1075200K
  class space    used 3212K, capacity 3386K, committed 3452K, reserved 1048576K
2017-03-14T10:43:13.884+0100: 176,007: [GC (Allocation Failure) 2017-03-14T10:43:13.884+0100: 176,007: [ParNew
Desired survivor size 20112992 bytes, new threshold 8 (max 8)
- age   1:   10996248 bytes,   10996248 total
- age   2:     277368 bytes,   11273616 total
- age   3:     212152 bytes,   11485768 total
- age   4:    1688848 bytes,   13174616 total
- age   5:      60280 bytes,   13234896 total
- age   6:       3008 bytes,   13237904 total
- age   7:      94720 bytes,   13332624 total
- age   8:     185776 bytes,   13518400 total
: 94108K->13725K(109248K), 0,0258599 secs] 99948K->20625K(502464K), 0,0259491 secs] [Times: user=0,07 sys=0,00, real=0,02 secs] 
Heap after GC invocations=10 (full 1):
 par new generation   total 109248K, used 13725K [0x00000000e0000000, 0x00000000e8000000, 0x00000000e8000000)
  eden space 87424K,   0% used [0x00000000e0000000, 0x00000000e0000000, 0x00000000e5560000)
  from space 21824K,  62% used [0x00000000e5560000, 0x00000000e62c7798, 0x00000000e6ab0000)
  to   space 21824K,   0% used [0x00000000e6ab0000, 0x00000000e6ab0000, 0x00000000e8000000)
 concurrent mark-sweep generation total 393216K, used 6899K [0x00000000e8000000, 0x0000000100000000, 0x0000000100000000)
 Metaspace       used 28034K, capacity 28542K, committed 28796K, reserved 1075200K
  class space    used 3212K, capacity 3386K, committed 3452K, reserved 1048576K
}
2017-03-14T10:43:13.910+0100: 176,033: Total time for which application threads were stopped: 0,0261741 seconds, Stopping threads took: 0,0000586 seconds
2017-03-14T10:43:13.917+0100: 176,041: Total time for which application threads were stopped: 0,0000627 seconds, Stopping threads took: 0,0000225 seconds
2017-03-14T10:43:13.917+0100: 176,041: Total time for which application threads were stopped: 0,0000388 seconds, Stopping threads took: 0,0000081 seconds
2017-03-14T10:44:54.931+0100: 277,054: Total time for which application threads were stopped: 0,0000888 seconds, Stopping threads took: 0,0000344 seconds
2017-03-14T10:51:04.980+0100: 647,104: Total time for which application threads were stopped: 0,0007485 seconds, Stopping threads took: 0,0003112 seconds
2017-03-14T10:56:25.022+0100: 967,145: Total time for which application threads were stopped: 0,0004202 seconds, Stopping threads took: 0,0001571 seconds
2017-03-14T10:59:06.418+0100: 1128,541: Total time for which application threads were stopped: 0,0001588 seconds, Stopping threads took: 0,0000483 seconds
2017-03-14T10:59:06.424+0100: 1128,548: Total time for which application threads were stopped: 0,0004773 seconds, Stopping threads took: 0,0003065 seconds
2017-03-14T10:59:06.426+0100: 1128,550: Total time for which application threads were stopped: 0,0003132 seconds, Stopping threads took: 0,0000474 seconds
2017-03-14T10:59:06.427+0100: 1128,551: Total time for which application threads were stopped: 0,0001161 seconds, Stopping threads took: 0,0000225 seconds
2017-03-14T10:59:06.459+0100: 1128,582: Total time for which application threads were stopped: 0,0003713 seconds, Stopping threads took: 0,0002807 seconds
2017-03-14T10:59:06.462+0100: 1128,586: Total time for which application threads were stopped: 0,0004450 seconds, Stopping threads took: 0,0000297 seconds
2017-03-14T10:59:06.467+0100: 1128,591: Total time for which application threads were stopped: 0,0001277 seconds, Stopping threads took: 0,0000441 seconds
2017-03-14T10:59:06.481+0100: 1128,605: Total time for which application threads were stopped: 0,0001184 seconds, Stopping threads took: 0,0000420 seconds
2017-03-14T10:59:06.481+0100: 1128,605: Total time for which application threads were stopped: 0,0000624 seconds, Stopping threads took: 0,0000100 seconds
2017-03-14T10:59:06.481+0100: 1128,605: Total time for which application threads were stopped: 0,0000452 seconds, Stopping threads took: 0,0000088 seconds
2017-03-14T10:59:06.481+0100: 1128,605: Total time for which application threads were stopped: 0,0001227 seconds, Stopping threads took: 0,0000094 seconds
2017-03-14T10:59:06.482+0100: 1128,605: Total time for which application threads were stopped: 0,0002710 seconds, Stopping threads took: 0,0000198 seconds
2017-03-14T10:59:07.423+0100: 1129,547: Total time for which application threads were stopped: 0,0008245 seconds, Stopping threads took: 0,0003199 seconds
2017-03-14T10:59:07.424+0100: 1129,548: Total time for which application threads were stopped: 0,0006981 seconds, Stopping threads took: 0,0002625 seconds
2017-03-14T10:59:07.427+0100: 1129,550: Total time for which application threads were stopped: 0,0001573 seconds, Stopping threads took: 0,0000609 seconds
2017-03-14T10:59:07.429+0100: 1129,552: Total time for which application threads were stopped: 0,0010176 seconds, Stopping threads took: 0,0009040 seconds
2017-03-14T10:59:07.445+0100: 1129,568: Total time for which application threads were stopped: 0,0022616 seconds, Stopping threads took: 0,0021604 seconds
2017-03-14T10:59:07.446+0100: 1129,570: Total time for which application threads were stopped: 0,0005800 seconds, Stopping threads took: 0,0004892 seconds
2017-03-14T10:59:07.446+0100: 1129,570: Total time for which application threads were stopped: 0,0000911 seconds, Stopping threads took: 0,0000386 seconds
2017-03-14T10:59:07.474+0100: 1129,597: Total time for which application threads were stopped: 0,0001332 seconds, Stopping threads took: 0,0000443 seconds
2017-03-14T10:59:07.474+0100: 1129,598: Total time for which application threads were stopped: 0,0000739 seconds, Stopping threads took: 0,0000392 seconds
2017-03-14T10:59:07.474+0100: 1129,598: Total time for which application threads were stopped: 0,0000449 seconds, Stopping threads took: 0,0000099 seconds
2017-03-14T10:59:07.474+0100: 1129,598: Total time for which application threads were stopped: 0,0000400 seconds, Stopping threads took: 0,0000102 seconds
2017-03-14T10:59:07.474+0100: 1129,598: Total time for which application threads were stopped: 0,0000512 seconds, Stopping threads took: 0,0000118 seconds
2017-03-14T10:59:07.475+0100: 1129,598: Total time for which application threads were stopped: 0,0000630 seconds, Stopping threads took: 0,0000117 seconds
2017-03-14T10:59:07.475+0100: 1129,599: Total time for which application threads were stopped: 0,0000813 seconds, Stopping threads took: 0,0000304 seconds
2017-03-14T10:59:07.475+0100: 1129,599: Total time for which application threads were stopped: 0,0001216 seconds, Stopping threads took: 0,0000936 seconds
2017-03-14T10:59:07.475+0100: 1129,599: Total time for which application threads were stopped: 0,0000304 seconds, Stopping threads took: 0,0000081 seconds
2017-03-14T10:59:07.475+0100: 1129,599: Total time for which application threads were stopped: 0,0000649 seconds, Stopping threads took: 0,0000411 seconds
2017-03-14T10:59:07.475+0100: 1129,599: Total time for which application threads were stopped: 0,0000330 seconds, Stopping threads took: 0,0000093 seconds
2017-03-14T10:59:07.475+0100: 1129,599: Total time for which application threads were stopped: 0,0000321 seconds, Stopping threads took: 0,0000062 seconds
2017-03-14T10:59:07.476+0100: 1129,599: Total time for which application threads were stopped: 0,0000411 seconds, Stopping threads took: 0,0000160 seconds
2017-03-14T10:59:07.476+0100: 1129,599: Total time for which application threads were stopped: 0,0000307 seconds, Stopping threads took: 0,0000089 seconds
2017-03-14T10:59:07.476+0100: 1129,600: Total time for which application threads were stopped: 0,0000969 seconds, Stopping threads took: 0,0000374 seconds
2017-03-14T10:59:07.476+0100: 1129,600: Total time for which application threads were stopped: 0,0000438 seconds, Stopping threads took: 0,0000182 seconds
2017-03-14T10:59:07.478+0100: 1129,602: Total time for which application threads were stopped: 0,0001099 seconds, Stopping threads took: 0,0000209 seconds
2017-03-14T10:59:07.478+0100: 1129,602: Total time for which application threads were stopped: 0,0000459 seconds, Stopping threads took: 0,0000088 seconds
2017-03-14T10:59:07.480+0100: 1129,604: Total time for which application threads were stopped: 0,0001023 seconds, Stopping threads took: 0,0000198 seconds
2017-03-14T10:59:07.480+0100: 1129,604: Total time for which application threads were stopped: 0,0000537 seconds, Stopping threads took: 0,0000123 seconds
2017-03-14T10:59:07.481+0100: 1129,604: Total time for which application threads were stopped: 0,0000568 seconds, Stopping threads took: 0,0000141 seconds
2017-03-14T10:59:07.481+0100: 1129,604: Total time for which application threads were stopped: 0,0000485 seconds, Stopping threads took: 0,0000134 seconds
2017-03-14T10:59:07.481+0100: 1129,604: Total time for which application threads were stopped: 0,0000287 seconds, Stopping threads took: 0,0000062 seconds
2017-03-14T10:59:08.481+0100: 1130,605: Total time for which application threads were stopped: 0,0000716 seconds, Stopping threads took: 0,0000151 seconds
2017-03-14T10:59:35.678+0100: 1157,801: Total time for which application threads were stopped: 0,0004011 seconds, Stopping threads took: 0,0000121 seconds
2017-03-14T10:59:35.679+0100: 1157,802: Total time for which application threads were stopped: 0,0003708 seconds, Stopping threads took: 0,0000122 seconds
2017-03-14T10:59:35.683+0100: 1157,806: Total time for which application threads were stopped: 0,0001733 seconds, Stopping threads took: 0,0000912 seconds
2017-03-14T10:59:35.684+0100: 1157,808: Total time for which application threads were stopped: 0,0001265 seconds, Stopping threads took: 0,0000430 seconds
2017-03-14T10:59:35.690+0100: 1157,814: Total time for which application threads were stopped: 0,0046033 seconds, Stopping threads took: 0,0045194 seconds
2017-03-14T10:59:35.691+0100: 1157,815: Total time for which application threads were stopped: 0,0001236 seconds, Stopping threads took: 0,0000588 seconds
2017-03-14T10:59:35.697+0100: 1157,820: Total time for which application threads were stopped: 0,0001592 seconds, Stopping threads took: 0,0000809 seconds
2017-03-14T10:59:35.697+0100: 1157,820: Total time for which application threads were stopped: 0,0000644 seconds, Stopping threads took: 0,0000372 seconds
2017-03-14T10:59:35.697+0100: 1157,820: Total time for which application threads were stopped: 0,0000407 seconds, Stopping threads took: 0,0000178 seconds
2017-03-14T10:59:35.697+0100: 1157,821: Total time for which application threads were stopped: 0,0000465 seconds, Stopping threads took: 0,0000228 seconds
2017-03-14T10:59:35.701+0100: 1157,825: Total time for which application threads were stopped: 0,0039781 seconds, Stopping threads took: 0,0039061 seconds
2017-03-14T10:59:35.701+0100: 1157,825: Total time for which application threads were stopped: 0,0000654 seconds, Stopping threads took: 0,0000244 seconds
2017-03-14T10:59:35.701+0100: 1157,825: Total time for which application threads were stopped: 0,0000478 seconds, Stopping threads took: 0,0000222 seconds
2017-03-14T10:59:35.701+0100: 1157,825: Total time for which application threads were stopped: 0,0000555 seconds, Stopping threads took: 0,0000295 seconds
2017-03-14T10:59:35.705+0100: 1157,829: Total time for which application threads were stopped: 0,0000786 seconds, Stopping threads took: 0,0000184 seconds
2017-03-14T10:59:35.705+0100: 1157,829: Total time for which application threads were stopped: 0,0000659 seconds, Stopping threads took: 0,0000311 seconds
2017-03-14T10:59:35.705+0100: 1157,829: Total time for which application threads were stopped: 0,0000507 seconds, Stopping threads took: 0,0000169 seconds
2017-03-14T10:59:35.705+0100: 1157,829: Total time for which application threads were stopped: 0,0000462 seconds, Stopping threads took: 0,0000156 seconds
2017-03-14T10:59:35.705+0100: 1157,829: Total time for which application threads were stopped: 0,0000335 seconds, Stopping threads took: 0,0000083 seconds
2017-03-14T10:59:35.705+0100: 1157,829: Total time for which application threads were stopped: 0,0000449 seconds, Stopping threads took: 0,0000187 seconds
2017-03-14T10:59:35.706+0100: 1157,830: Total time for which application threads were stopped: 0,0001264 seconds, Stopping threads took: 0,0000814 seconds
2017-03-14T10:59:35.706+0100: 1157,830: Total time for which application threads were stopped: 0,0000407 seconds, Stopping threads took: 0,0000115 seconds
2017-03-14T10:59:35.706+0100: 1157,830: Total time for which application threads were stopped: 0,0000372 seconds, Stopping threads took: 0,0000079 seconds
2017-03-14T10:59:35.708+0100: 1157,831: Total time for which application threads were stopped: 0,0000819 seconds, Stopping threads took: 0,0000189 seconds
2017-03-14T10:59:35.708+0100: 1157,832: Total time for which application threads were stopped: 0,0000820 seconds, Stopping threads took: 0,0000258 seconds
2017-03-14T10:59:35.708+0100: 1157,832: Total time for which application threads were stopped: 0,0000711 seconds, Stopping threads took: 0,0000429 seconds
2017-03-14T10:59:35.708+0100: 1157,832: Total time for which application threads were stopped: 0,0000786 seconds, Stopping threads took: 0,0000396 seconds
2017-03-14T10:59:35.708+0100: 1157,832: Total time for which application threads were stopped: 0,0000472 seconds, Stopping threads took: 0,0000199 seconds
2017-03-14T10:59:35.708+0100: 1157,832: Total time for which application threads were stopped: 0,0000463 seconds, Stopping threads took: 0,0000198 seconds
2017-03-14T10:59:35.708+0100: 1157,832: Total time for which application threads were stopped: 0,0000377 seconds, Stopping threads took: 0,0000142 seconds
2017-03-14T10:59:35.708+0100: 1157,832: Total time for which application threads were stopped: 0,0000387 seconds, Stopping threads took: 0,0000143 seconds
2017-03-14T10:59:35.709+0100: 1157,832: Total time for which application threads were stopped: 0,0000542 seconds, Stopping threads took: 0,0000329 seconds
2017-03-14T10:59:35.709+0100: 1157,832: Total time for which application threads were stopped: 0,0000413 seconds, Stopping threads took: 0,0000193 seconds
2017-03-14T10:59:35.709+0100: 1157,832: Total time for which application threads were stopped: 0,0000446 seconds, Stopping threads took: 0,0000177 seconds
2017-03-14T10:59:35.709+0100: 1157,832: Total time for which application threads were stopped: 0,0000274 seconds, Stopping threads took: 0,0000074 seconds
2017-03-14T10:59:35.709+0100: 1157,833: Total time for which application threads were stopped: 0,0001079 seconds, Stopping threads took: 0,0000154 seconds
2017-03-14T10:59:35.712+0100: 1157,836: Total time for which application threads were stopped: 0,0001735 seconds, Stopping threads took: 0,0000737 seconds
2017-03-14T10:59:35.713+0100: 1157,837: Total time for which application threads were stopped: 0,0001311 seconds, Stopping threads took: 0,0000383 seconds
Heap
 par new generation   total 109248K, used 35736K [0x00000000e0000000, 0x00000000e8000000, 0x00000000e8000000)
  eden space 87424K,  25% used [0x00000000e0000000, 0x00000000e157e940, 0x00000000e5560000)
  from space 21824K,  62% used [0x00000000e5560000, 0x00000000e62c7798, 0x00000000e6ab0000)
  to   space 21824K,   0% used [0x00000000e6ab0000, 0x00000000e6ab0000, 0x00000000e8000000)
 concurrent mark-sweep generation total 393216K, used 6899K [0x00000000e8000000, 0x0000000100000000, 0x0000000100000000)
 Metaspace       used 29821K, capacity 30386K, committed 30588K, reserved 1077248K
  class space    used 3429K, capacity 3634K, committed 3708K, reserved 1048576K
