OpenJDK 64-Bit Server VM (25.111-b14) for linux-amd64 JRE (1.8.0_111-8u111-b14-2ubuntu0.16.04.2-b14), built on Oct 27 2016 18:10:19 by "buildd" with gcc 5.4.0 20160609
Memory: 4k page, physical 7867840k(7535460k free), swap 8076284k(8076284k free)
CommandLine flags: -XX:CMSInitiatingOccupancyFraction=50 -XX:CMSMaxAbortablePrecleanTime=6000 -XX:+CMSParallelRemarkEnabled -XX:+CMSScavengeBeforeRemark -XX:ConcGCThreads=4 -XX:InitialHeapSize=536870912 -XX:MaxHeapSize=536870912 -XX:MaxTenuringThreshold=8 -XX:NewRatio=3 -XX:OldPLABSize=16 -XX:OnOutOfMemoryError=/opt/solr/bin/oom_solr.sh 8983 /var/solr/logs -XX:ParallelGCThreads=4 -XX:+ParallelRefProcEnabled -XX:PretenureSizeThreshold=67108864 -XX:+PrintGC -XX:+PrintGCApplicationStoppedTime -XX:+PrintGCDateStamps -XX:+PrintGCDetails -XX:+PrintGCTimeStamps -XX:+PrintHeapAtGC -XX:+PrintTenuringDistribution -XX:SurvivorRatio=4 -XX:TargetSurvivorRatio=90 -XX:ThreadStackSize=256 -XX:+UseCMSInitiatingOccupancyOnly -XX:+UseCompressedClassPointers -XX:+UseCompressedOops -XX:+UseConcMarkSweepGC -XX:+UseParNewGC 
2016-12-16T15:50:52.448+0100: 0,128: Total time for which application threads were stopped: 0,0000734 seconds, Stopping threads took: 0,0000095 seconds
2016-12-16T15:50:52.542+0100: 0,222: Total time for which application threads were stopped: 0,0001170 seconds, Stopping threads took: 0,0000167 seconds
2016-12-16T15:50:52.557+0100: 0,237: Total time for which application threads were stopped: 0,0000951 seconds, Stopping threads took: 0,0000290 seconds
2016-12-16T15:50:52.749+0100: 0,429: Total time for which application threads were stopped: 0,0001092 seconds, Stopping threads took: 0,0000158 seconds
2016-12-16T15:50:53.204+0100: 0,884: Total time for which application threads were stopped: 0,0001522 seconds, Stopping threads took: 0,0000181 seconds
2016-12-16T15:50:53.315+0100: 0,995: Total time for which application threads were stopped: 0,0001826 seconds, Stopping threads took: 0,0000264 seconds
2016-12-16T15:50:53.338+0100: 1,018: Total time for which application threads were stopped: 0,0004593 seconds, Stopping threads took: 0,0000753 seconds
2016-12-16T15:50:53.580+0100: 1,260: Total time for which application threads were stopped: 0,0001964 seconds, Stopping threads took: 0,0000259 seconds
2016-12-16T15:50:53.797+0100: 1,477: Total time for which application threads were stopped: 0,0008384 seconds, Stopping threads took: 0,0000790 seconds
2016-12-16T15:50:53.819+0100: 1,499: Total time for which application threads were stopped: 0,0001923 seconds, Stopping threads took: 0,0000161 seconds
2016-12-16T15:50:53.820+0100: 1,500: Total time for which application threads were stopped: 0,0001136 seconds, Stopping threads took: 0,0000194 seconds
2016-12-16T15:50:53.835+0100: 1,515: Total time for which application threads were stopped: 0,0001715 seconds, Stopping threads took: 0,0000229 seconds
2016-12-16T15:50:53.956+0100: 1,637: Total time for which application threads were stopped: 0,0001929 seconds, Stopping threads took: 0,0000197 seconds
2016-12-16T15:50:54.138+0100: 1,818: Total time for which application threads were stopped: 0,0002055 seconds, Stopping threads took: 0,0000166 seconds
{Heap before GC invocations=0 (full 0):
 par new generation   total 109248K, used 87424K [0x00000000e0000000, 0x00000000e8000000, 0x00000000e8000000)
  eden space 87424K, 100% used [0x00000000e0000000, 0x00000000e5560000, 0x00000000e5560000)
  from space 21824K,   0% used [0x00000000e5560000, 0x00000000e5560000, 0x00000000e6ab0000)
  to   space 21824K,   0% used [0x00000000e6ab0000, 0x00000000e6ab0000, 0x00000000e8000000)
 concurrent mark-sweep generation total 393216K, used 0K [0x00000000e8000000, 0x0000000100000000, 0x0000000100000000)
 Metaspace       used 18086K, capacity 18366K, committed 18560K, reserved 1064960K
  class space    used 2053K, capacity 2162K, committed 2176K, reserved 1048576K
2016-12-16T15:50:54.244+0100: 1,924: [GC (Allocation Failure) 2016-12-16T15:50:54.244+0100: 1,924: [ParNew
Desired survivor size 20112992 bytes, new threshold 8 (max 8)
- age   1:   12323880 bytes,   12323880 total
: 87424K->12154K(109248K), 0,0152947 secs] 87424K->12154K(502464K), 0,0153822 secs] [Times: user=0,04 sys=0,01, real=0,01 secs] 
Heap after GC invocations=1 (full 0):
 par new generation   total 109248K, used 12154K [0x00000000e0000000, 0x00000000e8000000, 0x00000000e8000000)
  eden space 87424K,   0% used [0x00000000e0000000, 0x00000000e0000000, 0x00000000e5560000)
  from space 21824K,  55% used [0x00000000e6ab0000, 0x00000000e768eb58, 0x00000000e8000000)
  to   space 21824K,   0% used [0x00000000e5560000, 0x00000000e5560000, 0x00000000e6ab0000)
 concurrent mark-sweep generation total 393216K, used 0K [0x00000000e8000000, 0x0000000100000000, 0x0000000100000000)
 Metaspace       used 18086K, capacity 18366K, committed 18560K, reserved 1064960K
  class space    used 2053K, capacity 2162K, committed 2176K, reserved 1048576K
}
2016-12-16T15:50:54.259+0100: 1,939: Total time for which application threads were stopped: 0,0155551 seconds, Stopping threads took: 0,0000189 seconds
2016-12-16T15:50:54.419+0100: 2,099: Total time for which application threads were stopped: 0,0002709 seconds, Stopping threads took: 0,0000226 seconds
2016-12-16T15:50:54.466+0100: 2,146: Total time for which application threads were stopped: 0,0003430 seconds, Stopping threads took: 0,0000451 seconds
2016-12-16T15:50:54.493+0100: 2,173: Total time for which application threads were stopped: 0,0003793 seconds, Stopping threads took: 0,0000248 seconds
{Heap before GC invocations=1 (full 0):
 par new generation   total 109248K, used 99578K [0x00000000e0000000, 0x00000000e8000000, 0x00000000e8000000)
  eden space 87424K, 100% used [0x00000000e0000000, 0x00000000e5560000, 0x00000000e5560000)
  from space 21824K,  55% used [0x00000000e6ab0000, 0x00000000e768eb58, 0x00000000e8000000)
  to   space 21824K,   0% used [0x00000000e5560000, 0x00000000e5560000, 0x00000000e6ab0000)
 concurrent mark-sweep generation total 393216K, used 0K [0x00000000e8000000, 0x0000000100000000, 0x0000000100000000)
 Metaspace       used 20737K, capacity 21084K, committed 21248K, reserved 1069056K
  class space    used 2403K, capacity 2518K, committed 2560K, reserved 1048576K
2016-12-16T15:50:54.658+0100: 2,338: [GC (Allocation Failure) 2016-12-16T15:50:54.658+0100: 2,338: [ParNew
Desired survivor size 20112992 bytes, new threshold 8 (max 8)
- age   1:    2907808 bytes,    2907808 total
- age   2:    6101528 bytes,    9009336 total
: 99578K->11265K(109248K), 0,0112129 secs] 99578K->11265K(502464K), 0,0113027 secs] [Times: user=0,04 sys=0,01, real=0,01 secs] 
Heap after GC invocations=2 (full 0):
 par new generation   total 109248K, used 11265K [0x00000000e0000000, 0x00000000e8000000, 0x00000000e8000000)
  eden space 87424K,   0% used [0x00000000e0000000, 0x00000000e0000000, 0x00000000e5560000)
  from space 21824K,  51% used [0x00000000e5560000, 0x00000000e60607c0, 0x00000000e6ab0000)
  to   space 21824K,   0% used [0x00000000e6ab0000, 0x00000000e6ab0000, 0x00000000e8000000)
 concurrent mark-sweep generation total 393216K, used 0K [0x00000000e8000000, 0x0000000100000000, 0x0000000100000000)
 Metaspace       used 20737K, capacity 21084K, committed 21248K, reserved 1069056K
  class space    used 2403K, capacity 2518K, committed 2560K, reserved 1048576K
}
2016-12-16T15:50:54.669+0100: 2,349: Total time for which application threads were stopped: 0,0115477 seconds, Stopping threads took: 0,0000437 seconds
2016-12-16T15:50:54.717+0100: 2,397: Total time for which application threads were stopped: 0,0000771 seconds, Stopping threads took: 0,0000134 seconds
2016-12-16T15:50:54.749+0100: 2,429: Total time for which application threads were stopped: 0,0000759 seconds, Stopping threads took: 0,0000154 seconds
2016-12-16T15:50:54.750+0100: 2,430: Total time for which application threads were stopped: 0,0002242 seconds, Stopping threads took: 0,0000095 seconds
2016-12-16T15:50:54.774+0100: 2,454: Total time for which application threads were stopped: 0,0000792 seconds, Stopping threads took: 0,0000123 seconds
2016-12-16T15:50:54.856+0100: 2,536: Total time for which application threads were stopped: 0,0001423 seconds, Stopping threads took: 0,0000241 seconds
2016-12-16T15:50:54.875+0100: 2,555: Total time for which application threads were stopped: 0,0000831 seconds, Stopping threads took: 0,0000233 seconds
2016-12-16T15:50:54.884+0100: 2,564: Total time for which application threads were stopped: 0,0002995 seconds, Stopping threads took: 0,0000212 seconds
2016-12-16T15:50:54.893+0100: 2,573: Total time for which application threads were stopped: 0,0003108 seconds, Stopping threads took: 0,0000221 seconds
2016-12-16T15:50:54.907+0100: 2,587: Total time for which application threads were stopped: 0,0000793 seconds, Stopping threads took: 0,0000228 seconds
2016-12-16T15:50:54.937+0100: 2,617: Total time for which application threads were stopped: 0,0000816 seconds, Stopping threads took: 0,0000130 seconds
2016-12-16T15:50:54.957+0100: 2,637: Total time for which application threads were stopped: 0,0000811 seconds, Stopping threads took: 0,0000233 seconds
2016-12-16T15:50:54.974+0100: 2,654: Total time for which application threads were stopped: 0,0000979 seconds, Stopping threads took: 0,0000308 seconds
2016-12-16T15:50:55.001+0100: 2,682: Total time for which application threads were stopped: 0,0001849 seconds, Stopping threads took: 0,0001228 seconds
2016-12-16T15:50:55.028+0100: 2,708: Total time for which application threads were stopped: 0,0001582 seconds, Stopping threads took: 0,0000529 seconds
2016-12-16T15:50:55.085+0100: 2,765: Total time for which application threads were stopped: 0,0001780 seconds, Stopping threads took: 0,0000859 seconds
2016-12-16T15:50:55.126+0100: 2,806: Total time for which application threads were stopped: 0,0001264 seconds, Stopping threads took: 0,0000351 seconds
{Heap before GC invocations=2 (full 0):
 par new generation   total 109248K, used 98689K [0x00000000e0000000, 0x00000000e8000000, 0x00000000e8000000)
  eden space 87424K, 100% used [0x00000000e0000000, 0x00000000e5560000, 0x00000000e5560000)
  from space 21824K,  51% used [0x00000000e5560000, 0x00000000e60607c0, 0x00000000e6ab0000)
  to   space 21824K,   0% used [0x00000000e6ab0000, 0x00000000e6ab0000, 0x00000000e8000000)
 concurrent mark-sweep generation total 393216K, used 0K [0x00000000e8000000, 0x0000000100000000, 0x0000000100000000)
 Metaspace       used 24865K, capacity 25220K, committed 25536K, reserved 1071104K
  class space    used 2895K, capacity 3024K, committed 3064K, reserved 1048576K
2016-12-16T15:50:55.139+0100: 2,819: [GC (Allocation Failure) 2016-12-16T15:50:55.139+0100: 2,819: [ParNew
Desired survivor size 20112992 bytes, new threshold 8 (max 8)
- age   1:    6691144 bytes,    6691144 total
- age   2:     549320 bytes,    7240464 total
- age   3:    6085816 bytes,   13326280 total
: 98689K->16952K(109248K), 0,0192711 secs] 98689K->16952K(502464K), 0,0193722 secs] [Times: user=0,07 sys=0,00, real=0,02 secs] 
Heap after GC invocations=3 (full 0):
 par new generation   total 109248K, used 16952K [0x00000000e0000000, 0x00000000e8000000, 0x00000000e8000000)
  eden space 87424K,   0% used [0x00000000e0000000, 0x00000000e0000000, 0x00000000e5560000)
  from space 21824K,  77% used [0x00000000e6ab0000, 0x00000000e7b3e080, 0x00000000e8000000)
  to   space 21824K,   0% used [0x00000000e5560000, 0x00000000e5560000, 0x00000000e6ab0000)
 concurrent mark-sweep generation total 393216K, used 0K [0x00000000e8000000, 0x0000000100000000, 0x0000000100000000)
 Metaspace       used 24865K, capacity 25220K, committed 25536K, reserved 1071104K
  class space    used 2895K, capacity 3024K, committed 3064K, reserved 1048576K
}
2016-12-16T15:50:55.158+0100: 2,838: Total time for which application threads were stopped: 0,0220303 seconds, Stopping threads took: 0,0024975 seconds
2016-12-16T15:50:55.158+0100: 2,839: [GC (CMS Initial Mark) [1 CMS-initial-mark: 0K(393216K)] 16952K(502464K), 0,0039198 secs] [Times: user=0,02 sys=0,00, real=0,00 secs] 
2016-12-16T15:50:55.162+0100: 2,843: Total time for which application threads were stopped: 0,0041493 seconds, Stopping threads took: 0,0001429 seconds
2016-12-16T15:50:55.162+0100: 2,843: [CMS-concurrent-mark-start]
2016-12-16T15:50:55.165+0100: 2,845: [CMS-concurrent-mark: 0,002/0,002 secs] [Times: user=0,00 sys=0,00, real=0,01 secs] 
2016-12-16T15:50:55.165+0100: 2,845: [CMS-concurrent-preclean-start]
2016-12-16T15:50:55.166+0100: 2,846: [CMS-concurrent-preclean: 0,001/0,001 secs] [Times: user=0,01 sys=0,00, real=0,00 secs] 
2016-12-16T15:50:55.166+0100: 2,847: [GC (CMS Final Remark) [YG occupancy: 18720 K (109248 K)]2016-12-16T15:50:55.166+0100: 2,847: [Rescan (parallel) , 0,0062796 secs]2016-12-16T15:50:55.173+0100: 2,853: [weak refs processing, 0,0011802 secs]2016-12-16T15:50:55.174+0100: 2,854: [class unloading, 0,0032453 secs]2016-12-16T15:50:55.177+0100: 2,857: [scrub symbol table, 0,0033209 secs]2016-12-16T15:50:55.181+0100: 2,861: [scrub string table, 0,0003784 secs][1 CMS-remark: 0K(393216K)] 18720K(502464K), 0,0150760 secs] [Times: user=0,02 sys=0,00, real=0,01 secs] 
2016-12-16T15:50:55.181+0100: 2,862: Total time for which application threads were stopped: 0,0151992 seconds, Stopping threads took: 0,0000388 seconds
2016-12-16T15:50:55.182+0100: 2,862: [CMS-concurrent-sweep-start]
2016-12-16T15:50:55.182+0100: 2,862: [CMS-concurrent-sweep: 0,000/0,000 secs] [Times: user=0,00 sys=0,00, real=0,00 secs] 
{Heap before GC invocations=3 (full 1):
 par new generation   total 109248K, used 18720K [0x00000000e0000000, 0x00000000e8000000, 0x00000000e8000000)
  eden space 87424K,   2% used [0x00000000e0000000, 0x00000000e01ba028, 0x00000000e5560000)
  from space 21824K,  77% used [0x00000000e6ab0000, 0x00000000e7b3e080, 0x00000000e8000000)
  to   space 21824K,   0% used [0x00000000e5560000, 0x00000000e5560000, 0x00000000e6ab0000)
 concurrent mark-sweep generation total 393216K, used 0K [0x00000000e8000000, 0x0000000100000000, 0x0000000100000000)
 Metaspace       used 24902K, capacity 25316K, committed 25536K, reserved 1071104K
  class space    used 2899K, capacity 3056K, committed 3064K, reserved 1048576K
2016-12-16T15:50:55.182+0100: 2,862: [GC (GCLocker Initiated GC) 2016-12-16T15:50:55.182+0100: 2,862: [ParNew
Desired survivor size 20112992 bytes, new threshold 8 (max 8)
- age   1:      47920 bytes,      47920 total
- age   2:    3148536 bytes,    3196456 total
- age   3:     549080 bytes,    3745536 total
- age   4:    6084760 bytes,    9830296 total
: 18720K->12244K(109248K), 0,0094411 secs] 18720K->12244K(502464K), 0,0094821 secs] [Times: user=0,04 sys=0,00, real=0,01 secs] 
Heap after GC invocations=4 (full 1):
 par new generation   total 109248K, used 12244K [0x00000000e0000000, 0x00000000e8000000, 0x00000000e8000000)
  eden space 87424K,   0% used [0x00000000e0000000, 0x00000000e0000000, 0x00000000e5560000)
  from space 21824K,  56% used [0x00000000e5560000, 0x00000000e6155300, 0x00000000e6ab0000)
  to   space 21824K,   0% used [0x00000000e6ab0000, 0x00000000e6ab0000, 0x00000000e8000000)
 concurrent mark-sweep generation total 393216K, used 0K [0x00000000e8000000, 0x0000000100000000, 0x0000000100000000)
 Metaspace       used 24902K, capacity 25316K, committed 25536K, reserved 1071104K
  class space    used 2899K, capacity 3056K, committed 3064K, reserved 1048576K
}
2016-12-16T15:50:55.191+0100: 2,871: Total time for which application threads were stopped: 0,0096199 seconds, Stopping threads took: 0,0000396 seconds
2016-12-16T15:50:55.191+0100: 2,871: [CMS-concurrent-reset-start]
2016-12-16T15:50:55.193+0100: 2,873: [CMS-concurrent-reset: 0,002/0,002 secs] [Times: user=0,01 sys=0,00, real=0,00 secs] 
2016-12-16T15:50:55.251+0100: 2,932: Total time for which application threads were stopped: 0,0004261 seconds, Stopping threads took: 0,0000387 seconds
2016-12-16T15:50:56.252+0100: 3,932: Total time for which application threads were stopped: 0,0001003 seconds, Stopping threads took: 0,0000166 seconds
2016-12-16T15:50:56.367+0100: 4,048: Total time for which application threads were stopped: 0,0003021 seconds, Stopping threads took: 0,0000178 seconds
2016-12-16T15:51:24.371+0100: 32,051: Total time for which application threads were stopped: 0,0000649 seconds, Stopping threads took: 0,0000198 seconds
2016-12-16T15:51:26.140+0100: 33,820: Total time for which application threads were stopped: 0,0001118 seconds, Stopping threads took: 0,0000256 seconds
Heap
 par new generation   total 109248K, used 43403K [0x00000000e0000000, 0x00000000e8000000, 0x00000000e8000000)
  eden space 87424K,  35% used [0x00000000e0000000, 0x00000000e1e6db80, 0x00000000e5560000)
  from space 21824K,  56% used [0x00000000e5560000, 0x00000000e6155300, 0x00000000e6ab0000)
  to   space 21824K,   0% used [0x00000000e6ab0000, 0x00000000e6ab0000, 0x00000000e8000000)
 concurrent mark-sweep generation total 393216K, used 0K [0x00000000e8000000, 0x0000000100000000, 0x0000000100000000)
 Metaspace       used 27209K, capacity 27664K, committed 27840K, reserved 1073152K
  class space    used 3166K, capacity 3320K, committed 3320K, reserved 1048576K
