OpenJDK 64-Bit Server VM (25.111-b14) for linux-amd64 JRE (1.8.0_111-8u111-b14-2ubuntu0.16.04.2-b14), built on Oct 27 2016 18:10:19 by "buildd" with gcc 5.4.0 20160609
Memory: 4k page, physical 7867800k(7510776k free), swap 8076284k(8076284k free)
CommandLine flags: -XX:CMSInitiatingOccupancyFraction=50 -XX:CMSMaxAbortablePrecleanTime=6000 -XX:+CMSParallelRemarkEnabled -XX:+CMSScavengeBeforeRemark -XX:ConcGCThreads=4 -XX:InitialHeapSize=536870912 -XX:MaxHeapSize=536870912 -XX:MaxTenuringThreshold=8 -XX:NewRatio=3 -XX:OldPLABSize=16 -XX:OnOutOfMemoryError=/opt/solr/bin/oom_solr.sh 8983 /var/solr/logs -XX:ParallelGCThreads=4 -XX:+ParallelRefProcEnabled -XX:PretenureSizeThreshold=67108864 -XX:+PrintGC -XX:+PrintGCApplicationStoppedTime -XX:+PrintGCDateStamps -XX:+PrintGCDetails -XX:+PrintGCTimeStamps -XX:+PrintHeapAtGC -XX:+PrintTenuringDistribution -XX:SurvivorRatio=4 -XX:TargetSurvivorRatio=90 -XX:ThreadStackSize=256 -XX:+UseCMSInitiatingOccupancyOnly -XX:+UseCompressedClassPointers -XX:+UseCompressedOops -XX:+UseConcMarkSweepGC -XX:+UseParNewGC 
2017-01-18T13:47:23.511+0100: 0,122: Total time for which application threads were stopped: 0,0000758 seconds, Stopping threads took: 0,0000194 seconds
2017-01-18T13:47:23.592+0100: 0,203: Total time for which application threads were stopped: 0,0001084 seconds, Stopping threads took: 0,0000103 seconds
2017-01-18T13:47:23.611+0100: 0,222: Total time for which application threads were stopped: 0,0000997 seconds, Stopping threads took: 0,0000192 seconds
2017-01-18T13:47:23.813+0100: 0,424: Total time for which application threads were stopped: 0,0001201 seconds, Stopping threads took: 0,0000130 seconds
2017-01-18T13:47:24.294+0100: 0,905: Total time for which application threads were stopped: 0,0001598 seconds, Stopping threads took: 0,0000226 seconds
2017-01-18T13:47:24.402+0100: 1,013: Total time for which application threads were stopped: 0,0001585 seconds, Stopping threads took: 0,0000187 seconds
2017-01-18T13:47:24.423+0100: 1,034: Total time for which application threads were stopped: 0,0001505 seconds, Stopping threads took: 0,0000222 seconds
2017-01-18T13:47:24.672+0100: 1,283: Total time for which application threads were stopped: 0,0001457 seconds, Stopping threads took: 0,0000126 seconds
2017-01-18T13:47:24.885+0100: 1,496: Total time for which application threads were stopped: 0,0001940 seconds, Stopping threads took: 0,0000171 seconds
2017-01-18T13:47:24.909+0100: 1,520: Total time for which application threads were stopped: 0,0002025 seconds, Stopping threads took: 0,0000189 seconds
2017-01-18T13:47:24.910+0100: 1,521: Total time for which application threads were stopped: 0,0001960 seconds, Stopping threads took: 0,0000171 seconds
2017-01-18T13:47:24.924+0100: 1,535: Total time for which application threads were stopped: 0,0001491 seconds, Stopping threads took: 0,0000116 seconds
2017-01-18T13:47:25.019+0100: 1,630: Total time for which application threads were stopped: 0,0010322 seconds, Stopping threads took: 0,0000945 seconds
2017-01-18T13:47:25.182+0100: 1,793: Total time for which application threads were stopped: 0,0004911 seconds, Stopping threads took: 0,0002906 seconds
{Heap before GC invocations=0 (full 0):
 par new generation   total 109248K, used 87424K [0x00000000e0000000, 0x00000000e8000000, 0x00000000e8000000)
  eden space 87424K, 100% used [0x00000000e0000000, 0x00000000e5560000, 0x00000000e5560000)
  from space 21824K,   0% used [0x00000000e5560000, 0x00000000e5560000, 0x00000000e6ab0000)
  to   space 21824K,   0% used [0x00000000e6ab0000, 0x00000000e6ab0000, 0x00000000e8000000)
 concurrent mark-sweep generation total 393216K, used 0K [0x00000000e8000000, 0x0000000100000000, 0x0000000100000000)
 Metaspace       used 18344K, capacity 18686K, committed 18944K, reserved 1067008K
  class space    used 2091K, capacity 2226K, committed 2304K, reserved 1048576K
2017-01-18T13:47:25.305+0100: 1,916: [GC (Allocation Failure) 2017-01-18T13:47:25.305+0100: 1,916: [ParNew
Desired survivor size 20112992 bytes, new threshold 8 (max 8)
- age   1:   12578720 bytes,   12578720 total
: 87424K->12422K(109248K), 0,0187693 secs] 87424K->12422K(502464K), 0,0188589 secs] [Times: user=0,06 sys=0,00, real=0,02 secs] 
Heap after GC invocations=1 (full 0):
 par new generation   total 109248K, used 12422K [0x00000000e0000000, 0x00000000e8000000, 0x00000000e8000000)
  eden space 87424K,   0% used [0x00000000e0000000, 0x00000000e0000000, 0x00000000e5560000)
  from space 21824K,  56% used [0x00000000e6ab0000, 0x00000000e76d1978, 0x00000000e8000000)
  to   space 21824K,   0% used [0x00000000e5560000, 0x00000000e5560000, 0x00000000e6ab0000)
 concurrent mark-sweep generation total 393216K, used 0K [0x00000000e8000000, 0x0000000100000000, 0x0000000100000000)
 Metaspace       used 18344K, capacity 18686K, committed 18944K, reserved 1067008K
  class space    used 2091K, capacity 2226K, committed 2304K, reserved 1048576K
}
2017-01-18T13:47:25.323+0100: 1,934: Total time for which application threads were stopped: 0,0190458 seconds, Stopping threads took: 0,0000231 seconds
2017-01-18T13:47:25.455+0100: 2,066: Total time for which application threads were stopped: 0,0002502 seconds, Stopping threads took: 0,0000228 seconds
2017-01-18T13:47:25.483+0100: 2,094: Total time for which application threads were stopped: 0,0002605 seconds, Stopping threads took: 0,0000208 seconds
2017-01-18T13:47:25.505+0100: 2,116: Total time for which application threads were stopped: 0,0002883 seconds, Stopping threads took: 0,0000225 seconds
{Heap before GC invocations=1 (full 0):
 par new generation   total 109248K, used 99846K [0x00000000e0000000, 0x00000000e8000000, 0x00000000e8000000)
  eden space 87424K, 100% used [0x00000000e0000000, 0x00000000e5560000, 0x00000000e5560000)
  from space 21824K,  56% used [0x00000000e6ab0000, 0x00000000e76d1978, 0x00000000e8000000)
  to   space 21824K,   0% used [0x00000000e5560000, 0x00000000e5560000, 0x00000000e6ab0000)
 concurrent mark-sweep generation total 393216K, used 0K [0x00000000e8000000, 0x0000000100000000, 0x0000000100000000)
 Metaspace       used 20709K, capacity 21020K, committed 21248K, reserved 1069056K
  class space    used 2404K, capacity 2518K, committed 2560K, reserved 1048576K
2017-01-18T13:47:25.673+0100: 2,284: [GC (Allocation Failure) 2017-01-18T13:47:25.673+0100: 2,284: [ParNew
Desired survivor size 20112992 bytes, new threshold 8 (max 8)
- age   1:    2643576 bytes,    2643576 total
- age   2:    6140024 bytes,    8783600 total
: 99846K->11528K(109248K), 0,0105244 secs] 99846K->11528K(502464K), 0,0105954 secs] [Times: user=0,03 sys=0,01, real=0,01 secs] 
Heap after GC invocations=2 (full 0):
 par new generation   total 109248K, used 11528K [0x00000000e0000000, 0x00000000e8000000, 0x00000000e8000000)
  eden space 87424K,   0% used [0x00000000e0000000, 0x00000000e0000000, 0x00000000e5560000)
  from space 21824K,  52% used [0x00000000e5560000, 0x00000000e60a2190, 0x00000000e6ab0000)
  to   space 21824K,   0% used [0x00000000e6ab0000, 0x00000000e6ab0000, 0x00000000e8000000)
 concurrent mark-sweep generation total 393216K, used 0K [0x00000000e8000000, 0x0000000100000000, 0x0000000100000000)
 Metaspace       used 20709K, capacity 21020K, committed 21248K, reserved 1069056K
  class space    used 2404K, capacity 2518K, committed 2560K, reserved 1048576K
}
2017-01-18T13:47:25.684+0100: 2,295: Total time for which application threads were stopped: 0,0107777 seconds, Stopping threads took: 0,0000251 seconds
2017-01-18T13:47:25.741+0100: 2,352: Total time for which application threads were stopped: 0,0000844 seconds, Stopping threads took: 0,0000205 seconds
2017-01-18T13:47:25.776+0100: 2,387: Total time for which application threads were stopped: 0,0002569 seconds, Stopping threads took: 0,0000192 seconds
2017-01-18T13:47:25.781+0100: 2,392: Total time for which application threads were stopped: 0,0000950 seconds, Stopping threads took: 0,0000268 seconds
2017-01-18T13:47:25.802+0100: 2,413: Total time for which application threads were stopped: 0,0000792 seconds, Stopping threads took: 0,0000161 seconds
2017-01-18T13:47:25.888+0100: 2,499: Total time for which application threads were stopped: 0,0001638 seconds, Stopping threads took: 0,0000259 seconds
2017-01-18T13:47:25.906+0100: 2,517: Total time for which application threads were stopped: 0,0001002 seconds, Stopping threads took: 0,0000285 seconds
2017-01-18T13:47:25.912+0100: 2,523: Total time for which application threads were stopped: 0,0002752 seconds, Stopping threads took: 0,0000238 seconds
2017-01-18T13:47:25.919+0100: 2,530: Total time for which application threads were stopped: 0,0003515 seconds, Stopping threads took: 0,0000245 seconds
2017-01-18T13:47:25.926+0100: 2,537: Total time for which application threads were stopped: 0,0000995 seconds, Stopping threads took: 0,0000281 seconds
2017-01-18T13:47:25.957+0100: 2,568: Total time for which application threads were stopped: 0,0000742 seconds, Stopping threads took: 0,0000220 seconds
2017-01-18T13:47:25.969+0100: 2,580: Total time for which application threads were stopped: 0,0000778 seconds, Stopping threads took: 0,0000224 seconds
2017-01-18T13:47:25.992+0100: 2,603: Total time for which application threads were stopped: 0,0000678 seconds, Stopping threads took: 0,0000115 seconds
2017-01-18T13:47:26.018+0100: 2,629: Total time for which application threads were stopped: 0,0001010 seconds, Stopping threads took: 0,0000313 seconds
2017-01-18T13:47:26.046+0100: 2,657: Total time for which application threads were stopped: 0,0001235 seconds, Stopping threads took: 0,0000287 seconds
2017-01-18T13:47:26.096+0100: 2,707: Total time for which application threads were stopped: 0,0000954 seconds, Stopping threads took: 0,0000247 seconds
2017-01-18T13:47:26.122+0100: 2,733: Total time for which application threads were stopped: 0,0001057 seconds, Stopping threads took: 0,0000406 seconds
{Heap before GC invocations=2 (full 0):
 par new generation   total 109248K, used 98952K [0x00000000e0000000, 0x00000000e8000000, 0x00000000e8000000)
  eden space 87424K, 100% used [0x00000000e0000000, 0x00000000e5560000, 0x00000000e5560000)
  from space 21824K,  52% used [0x00000000e5560000, 0x00000000e60a2190, 0x00000000e6ab0000)
  to   space 21824K,   0% used [0x00000000e6ab0000, 0x00000000e6ab0000, 0x00000000e8000000)
 concurrent mark-sweep generation total 393216K, used 0K [0x00000000e8000000, 0x0000000100000000, 0x0000000100000000)
 Metaspace       used 24820K, capacity 25224K, committed 25536K, reserved 1071104K
  class space    used 2896K, capacity 3025K, committed 3092K, reserved 1048576K
2017-01-18T13:47:26.134+0100: 2,745: [GC (Allocation Failure) 2017-01-18T13:47:26.135+0100: 2,745: [ParNew
Desired survivor size 20112992 bytes, new threshold 8 (max 8)
- age   1:    6690784 bytes,    6690784 total
- age   2:     510248 bytes,    7201032 total
- age   3:    6122608 bytes,   13323640 total
: 98952K->16698K(109248K), 0,0134430 secs] 98952K->16698K(502464K), 0,0135207 secs] [Times: user=0,04 sys=0,00, real=0,01 secs] 
Heap after GC invocations=3 (full 0):
 par new generation   total 109248K, used 16698K [0x00000000e0000000, 0x00000000e8000000, 0x00000000e8000000)
  eden space 87424K,   0% used [0x00000000e0000000, 0x00000000e0000000, 0x00000000e5560000)
  from space 21824K,  76% used [0x00000000e6ab0000, 0x00000000e7afe860, 0x00000000e8000000)
  to   space 21824K,   0% used [0x00000000e5560000, 0x00000000e5560000, 0x00000000e6ab0000)
 concurrent mark-sweep generation total 393216K, used 0K [0x00000000e8000000, 0x0000000100000000, 0x0000000100000000)
 Metaspace       used 24820K, capacity 25224K, committed 25536K, reserved 1071104K
  class space    used 2896K, capacity 3025K, committed 3092K, reserved 1048576K
}
2017-01-18T13:47:26.148+0100: 2,759: Total time for which application threads were stopped: 0,0136689 seconds, Stopping threads took: 0,0000238 seconds
2017-01-18T13:47:26.148+0100: 2,759: [GC (CMS Initial Mark) [1 CMS-initial-mark: 0K(393216K)] 16698K(502464K), 0,0032537 secs] [Times: user=0,00 sys=0,00, real=0,01 secs] 
2017-01-18T13:47:26.152+0100: 2,763: Total time for which application threads were stopped: 0,0035141 seconds, Stopping threads took: 0,0001825 seconds
2017-01-18T13:47:26.152+0100: 2,763: [CMS-concurrent-mark-start]
2017-01-18T13:47:26.152+0100: 2,763: [CMS-concurrent-mark: 0,000/0,000 secs] [Times: user=0,00 sys=0,00, real=0,00 secs] 
2017-01-18T13:47:26.152+0100: 2,763: [CMS-concurrent-preclean-start]
2017-01-18T13:47:26.153+0100: 2,764: [CMS-concurrent-preclean: 0,001/0,001 secs] [Times: user=0,01 sys=0,00, real=0,00 secs] 
2017-01-18T13:47:26.153+0100: 2,764: [GC (CMS Final Remark) [YG occupancy: 16698 K (109248 K)]{Heap before GC invocations=3 (full 1):
 par new generation   total 109248K, used 16698K [0x00000000e0000000, 0x00000000e8000000, 0x00000000e8000000)
  eden space 87424K,   0% used [0x00000000e0000000, 0x00000000e0000020, 0x00000000e5560000)
  from space 21824K,  76% used [0x00000000e6ab0000, 0x00000000e7afe860, 0x00000000e8000000)
  to   space 21824K,   0% used [0x00000000e5560000, 0x00000000e5560000, 0x00000000e6ab0000)
 concurrent mark-sweep generation total 393216K, used 0K [0x00000000e8000000, 0x0000000100000000, 0x0000000100000000)
 Metaspace       used 24820K, capacity 25224K, committed 25536K, reserved 1071104K
  class space    used 2896K, capacity 3025K, committed 3092K, reserved 1048576K
2017-01-18T13:47:26.153+0100: 2,764: [GC (CMS Final Remark) 2017-01-18T13:47:26.153+0100: 2,764: [ParNew
Desired survivor size 20112992 bytes, new threshold 8 (max 8)
- age   1:         32 bytes,         32 total
- age   2:    3150464 bytes,    3150496 total
- age   3:     510248 bytes,    3660744 total
- age   4:    6120648 bytes,    9781392 total
: 16698K->13803K(109248K), 0,0093812 secs] 16698K->13803K(502464K), 0,0094222 secs] [Times: user=0,03 sys=0,00, real=0,01 secs] 
Heap after GC invocations=4 (full 1):
 par new generation   total 109248K, used 13803K [0x00000000e0000000, 0x00000000e8000000, 0x00000000e8000000)
  eden space 87424K,   0% used [0x00000000e0000000, 0x00000000e0000000, 0x00000000e5560000)
  from space 21824K,  63% used [0x00000000e5560000, 0x00000000e62dad48, 0x00000000e6ab0000)
  to   space 21824K,   0% used [0x00000000e6ab0000, 0x00000000e6ab0000, 0x00000000e8000000)
 concurrent mark-sweep generation total 393216K, used 0K [0x00000000e8000000, 0x0000000100000000, 0x0000000100000000)
 Metaspace       used 24820K, capacity 25224K, committed 25536K, reserved 1071104K
  class space    used 2896K, capacity 3025K, committed 3092K, reserved 1048576K
}
2017-01-18T13:47:26.163+0100: 2,774: [Rescan (parallel) , 0,0039010 secs]2017-01-18T13:47:26.167+0100: 2,778: [weak refs processing, 0,0007503 secs]2017-01-18T13:47:26.167+0100: 2,778: [class unloading, 0,0030830 secs]2017-01-18T13:47:26.171+0100: 2,781: [scrub symbol table, 0,0032427 secs]2017-01-18T13:47:26.174+0100: 2,785: [scrub string table, 0,0003937 secs][1 CMS-remark: 0K(393216K)] 13803K(502464K), 0,0215173 secs] [Times: user=0,06 sys=0,00, real=0,02 secs] 
2017-01-18T13:47:26.175+0100: 2,786: Total time for which application threads were stopped: 0,0216635 seconds, Stopping threads took: 0,0000640 seconds
2017-01-18T13:47:26.175+0100: 2,786: [CMS-concurrent-sweep-start]
2017-01-18T13:47:26.175+0100: 2,786: [CMS-concurrent-sweep: 0,000/0,000 secs] [Times: user=0,00 sys=0,00, real=0,00 secs] 
2017-01-18T13:47:26.175+0100: 2,786: [CMS-concurrent-reset-start]
2017-01-18T13:47:26.177+0100: 2,788: [CMS-concurrent-reset: 0,002/0,002 secs] [Times: user=0,01 sys=0,00, real=0,00 secs] 
2017-01-18T13:47:26.249+0100: 2,860: Total time for which application threads were stopped: 0,0004717 seconds, Stopping threads took: 0,0000236 seconds
2017-01-18T13:47:27.249+0100: 3,860: Total time for which application threads were stopped: 0,0001020 seconds, Stopping threads took: 0,0000168 seconds
2017-01-18T13:47:27.436+0100: 4,047: Total time for which application threads were stopped: 0,0002643 seconds, Stopping threads took: 0,0000153 seconds
2017-01-18T13:47:54.969+0100: 32,050: Total time for which application threads were stopped: 0,0000603 seconds, Stopping threads took: 0,0000163 seconds
2017-01-18T13:50:04.983+0100: 162,064: Total time for which application threads were stopped: 0,0000945 seconds, Stopping threads took: 0,0000406 seconds
2017-01-18T13:50:09.984+0100: 167,065: Total time for which application threads were stopped: 0,0003029 seconds, Stopping threads took: 0,0000850 seconds
2017-01-18T13:50:23.986+0100: 181,067: Total time for which application threads were stopped: 0,0001618 seconds, Stopping threads took: 0,0000436 seconds
2017-01-18T13:51:04.990+0100: 222,071: Total time for which application threads were stopped: 0,0000782 seconds, Stopping threads took: 0,0000333 seconds
2017-01-18T13:51:43.994+0100: 261,075: Total time for which application threads were stopped: 0,0000805 seconds, Stopping threads took: 0,0000336 seconds
2017-01-18T13:51:53.995+0100: 271,076: Total time for which application threads were stopped: 0,0001104 seconds, Stopping threads took: 0,0000274 seconds
2017-01-18T13:52:09.997+0100: 287,078: Total time for which application threads were stopped: 0,0000753 seconds, Stopping threads took: 0,0000337 seconds
2017-01-18T13:52:45.002+0100: 322,083: Total time for which application threads were stopped: 0,0000899 seconds, Stopping threads took: 0,0000323 seconds
2017-01-18T14:11:04.117+0100: 1421,198: Total time for which application threads were stopped: 0,0000722 seconds, Stopping threads took: 0,0000313 seconds
2017-01-18T14:14:50.141+0100: 1647,222: Total time for which application threads were stopped: 0,0000709 seconds, Stopping threads took: 0,0000293 seconds
2017-01-18T14:15:34.145+0100: 1691,226: Total time for which application threads were stopped: 0,0000652 seconds, Stopping threads took: 0,0000237 seconds
2017-01-18T14:26:04.212+0100: 2321,293: Total time for which application threads were stopped: 0,0000764 seconds, Stopping threads took: 0,0000310 seconds
2017-01-18T14:26:05.212+0100: 2322,293: Total time for which application threads were stopped: 0,0000612 seconds, Stopping threads took: 0,0000141 seconds
2017-01-18T14:40:40.303+0100: 3197,384: Total time for which application threads were stopped: 0,0002560 seconds, Stopping threads took: 0,0000643 seconds
2017-01-18T14:53:29.378+0100: 3966,459: Total time for which application threads were stopped: 0,0000726 seconds, Stopping threads took: 0,0000284 seconds
2017-01-18T14:53:39.379+0100: 3976,460: Total time for which application threads were stopped: 0,0002993 seconds, Stopping threads took: 0,0001331 seconds
2017-01-18T14:54:24.384+0100: 4021,465: Total time for which application threads were stopped: 0,0004192 seconds, Stopping threads took: 0,0001356 seconds
2017-01-18T15:31:20.607+0100: 6237,688: Total time for which application threads were stopped: 0,0001485 seconds, Stopping threads took: 0,0000291 seconds
2017-01-18T15:32:30.614+0100: 6307,695: Total time for which application threads were stopped: 0,0001283 seconds, Stopping threads took: 0,0000439 seconds
2017-01-18T15:52:24.733+0100: 7501,814: Total time for which application threads were stopped: 0,0000762 seconds, Stopping threads took: 0,0000304 seconds
2017-01-18T15:52:54.735+0100: 7531,816: Total time for which application threads were stopped: 0,0000799 seconds, Stopping threads took: 0,0000312 seconds
2017-01-18T15:54:54.747+0100: 7651,828: Total time for which application threads were stopped: 0,0000969 seconds, Stopping threads took: 0,0000443 seconds
2017-01-18T15:55:24.750+0100: 7681,831: Total time for which application threads were