OpenJDK 64-Bit Server VM (25.131-b11) for linux-amd64 JRE (1.8.0_131-8u131-b11-0ubuntu1.16.04.2-b11), built on May  6 2017 02:45:27 by "buildd" with gcc 5.4.0 20160609
Memory: 4k page, physical 7867764k(7448540k free), swap 8076284k(8076284k free)
CommandLine flags: -XX:CMSInitiatingOccupancyFraction=50 -XX:CMSMaxAbortablePrecleanTime=6000 -XX:+CMSParallelRemarkEnabled -XX:+CMSScavengeBeforeRemark -XX:ConcGCThreads=4 -XX:InitialHeapSize=536870912 -XX:MaxHeapSize=536870912 -XX:MaxTenuringThreshold=8 -XX:NewRatio=3 -XX:OldPLABSize=16 -XX:OnOutOfMemoryError=/opt/solr/bin/oom_solr.sh 8983 /var/solr/logs -XX:ParallelGCThreads=4 -XX:+ParallelRefProcEnabled -XX:PretenureSizeThreshold=67108864 -XX:+PrintGC -XX:+PrintGCApplicationStoppedTime -XX:+PrintGCDateStamps -XX:+PrintGCDetails -XX:+PrintGCTimeStamps -XX:+PrintHeapAtGC -XX:+PrintTenuringDistribution -XX:SurvivorRatio=4 -XX:TargetSurvivorRatio=90 -XX:ThreadStackSize=256 -XX:+UseCMSInitiatingOccupancyOnly -XX:+UseCompressedClassPointers -XX:+UseCompressedOops -XX:+UseConcMarkSweepGC -XX:+UseParNewGC 
2017-05-16T14:27:11.842+0200: 0,141: Total time for which application threads were stopped: 0,0000606 seconds, Stopping threads took: 0,0000085 seconds
2017-05-16T14:27:11.929+0200: 0,228: Total time for which application threads were stopped: 0,0001118 seconds, Stopping threads took: 0,0000101 seconds
2017-05-16T14:27:11.950+0200: 0,249: Total time for which application threads were stopped: 0,0001042 seconds, Stopping threads took: 0,0000253 seconds
2017-05-16T14:27:12.175+0200: 0,474: Total time for which application threads were stopped: 0,0001381 seconds, Stopping threads took: 0,0000146 seconds
2017-05-16T14:27:12.538+0200: 0,837: Total time for which application threads were stopped: 0,0001773 seconds, Stopping threads took: 0,0000144 seconds
2017-05-16T14:27:12.680+0200: 0,979: Total time for which application threads were stopped: 0,0001620 seconds, Stopping threads took: 0,0000180 seconds
2017-05-16T14:27:12.706+0200: 1,005: Total time for which application threads were stopped: 0,0001802 seconds, Stopping threads took: 0,0000199 seconds
2017-05-16T14:27:13.001+0200: 1,300: Total time for which application threads were stopped: 0,0002155 seconds, Stopping threads took: 0,0000292 seconds
2017-05-16T14:27:13.220+0200: 1,519: Total time for which application threads were stopped: 0,0001986 seconds, Stopping threads took: 0,0000237 seconds
2017-05-16T14:27:13.247+0200: 1,545: Total time for which application threads were stopped: 0,0002700 seconds, Stopping threads took: 0,0000241 seconds
2017-05-16T14:27:13.285+0200: 1,584: Total time for which application threads were stopped: 0,0002799 seconds, Stopping threads took: 0,0000483 seconds
2017-05-16T14:27:13.286+0200: 1,585: Total time for which application threads were stopped: 0,0002245 seconds, Stopping threads took: 0,0000286 seconds
2017-05-16T14:27:13.302+0200: 1,601: Total time for which application threads were stopped: 0,0001949 seconds, Stopping threads took: 0,0000162 seconds
2017-05-16T14:27:13.396+0200: 1,695: Total time for which application threads were stopped: 0,0011013 seconds, Stopping threads took: 0,0001069 seconds
2017-05-16T14:27:13.576+0200: 1,875: Total time for which application threads were stopped: 0,0002543 seconds, Stopping threads took: 0,0000421 seconds
{Heap before GC invocations=0 (full 0):
 par new generation   total 109248K, used 87424K [0x00000000e0000000, 0x00000000e8000000, 0x00000000e8000000)
  eden space 87424K, 100% used [0x00000000e0000000, 0x00000000e5560000, 0x00000000e5560000)
  from space 21824K,   0% used [0x00000000e5560000, 0x00000000e5560000, 0x00000000e6ab0000)
  to   space 21824K,   0% used [0x00000000e6ab0000, 0x00000000e6ab0000, 0x00000000e8000000)
 concurrent mark-sweep generation total 393216K, used 0K [0x00000000e8000000, 0x0000000100000000, 0x0000000100000000)
 Metaspace       used 17998K, capacity 18336K, committed 18688K, reserved 1064960K
  class space    used 2036K, capacity 2196K, committed 2304K, reserved 1048576K
2017-05-16T14:27:13.670+0200: 1,969: [GC (Allocation Failure) 2017-05-16T14:27:13.671+0200: 1,969: [ParNew
Desired survivor size 20112992 bytes, new threshold 8 (max 8)
- age   1:   12605360 bytes,   12605360 total
: 87424K->12418K(109248K), 0,0163902 secs] 87424K->12418K(502464K), 0,0164664 secs] [Times: user=0,04 sys=0,03, real=0,01 secs] 
Heap after GC invocations=1 (full 0):
 par new generation   total 109248K, used 12418K [0x00000000e0000000, 0x00000000e8000000, 0x00000000e8000000)
  eden space 87424K,   0% used [0x00000000e0000000, 0x00000000e0000000, 0x00000000e5560000)
  from space 21824K,  56% used [0x00000000e6ab0000, 0x00000000e76d0af0, 0x00000000e8000000)
  to   space 21824K,   0% used [0x00000000e5560000, 0x00000000e5560000, 0x00000000e6ab0000)
 concurrent mark-sweep generation total 393216K, used 0K [0x00000000e8000000, 0x0000000100000000, 0x0000000100000000)
 Metaspace       used 17998K, capacity 18336K, committed 18688K, reserved 1064960K
  class space    used 2036K, capacity 2196K, committed 2304K, reserved 1048576K
}
2017-05-16T14:27:13.687+0200: 1,986: Total time for which application threads were stopped: 0,0177178 seconds, Stopping threads took: 0,0010644 seconds
2017-05-16T14:27:13.977+0200: 2,275: Total time for which application threads were stopped: 0,0003261 seconds, Stopping threads took: 0,0000488 seconds
2017-05-16T14:27:14.024+0200: 2,323: Total time for which application threads were stopped: 0,0004356 seconds, Stopping threads took: 0,0000981 seconds
{Heap before GC invocations=1 (full 0):
 par new generation   total 109248K, used 99842K [0x00000000e0000000, 0x00000000e8000000, 0x00000000e8000000)
  eden space 87424K, 100% used [0x00000000e0000000, 0x00000000e5560000, 0x00000000e5560000)
  from space 21824K,  56% used [0x00000000e6ab0000, 0x00000000e76d0af0, 0x00000000e8000000)
  to   space 21824K,   0% used [0x00000000e5560000, 0x00000000e5560000, 0x00000000e6ab0000)
 concurrent mark-sweep generation total 393216K, used 0K [0x00000000e8000000, 0x0000000100000000, 0x0000000100000000)
 Metaspace       used 20020K, capacity 20356K, committed 20736K, reserved 1067008K
  class space    used 2295K, capacity 2466K, committed 2560K, reserved 1048576K
2017-05-16T14:27:14.025+0200: 2,324: [GC (Allocation Failure) 2017-05-16T14:27:14.026+0200: 2,324: [ParNew
Desired survivor size 20112992 bytes, new threshold 8 (max 8)
- age   1:    3549760 bytes,    3549760 total
- age   2:    6665768 bytes,   10215528 total
: 99842K->13710K(109248K), 0,0179624 secs] 99842K->13710K(502464K), 0,0180357 secs] [Times: user=0,07 sys=0,00, real=0,02 secs] 
Heap after GC invocations=2 (full 0):
 par new generation   total 109248K, used 13710K [0x00000000e0000000, 0x00000000e8000000, 0x00000000e8000000)
  eden space 87424K,   0% used [0x00000000e0000000, 0x00000000e0000000, 0x00000000e5560000)
  from space 21824K,  62% used [0x00000000e5560000, 0x00000000e62c3868, 0x00000000e6ab0000)
  to   space 21824K,   0% used [0x00000000e6ab0000, 0x00000000e6ab0000, 0x00000000e8000000)
 concurrent mark-sweep generation total 393216K, used 0K [0x00000000e8000000, 0x0000000100000000, 0x0000000100000000)
 Metaspace       used 20020K, capacity 20356K, committed 20736K, reserved 1067008K
  class space    used 2295K, capacity 2466K, committed 2560K, reserved 1048576K
}
2017-05-16T14:27:14.044+0200: 2,342: Total time for which application threads were stopped: 0,0188566 seconds, Stopping threads took: 0,0006778 seconds
2017-05-16T14:27:14.072+0200: 2,371: Total time for which application threads were stopped: 0,0003992 seconds, Stopping threads took: 0,0000836 seconds
2017-05-16T14:27:14.220+0200: 2,518: Total time for which application threads were stopped: 0,0003755 seconds, Stopping threads took: 0,0002504 seconds
{Heap before GC invocations=2 (full 0):
 par new generation   total 109248K, used 101134K [0x00000000e0000000, 0x00000000e8000000, 0x00000000e8000000)
  eden space 87424K, 100% used [0x00000000e0000000, 0x00000000e5560000, 0x00000000e5560000)
  from space 21824K,  62% used [0x00000000e5560000, 0x00000000e62c3868, 0x00000000e6ab0000)
  to   space 21824K,   0% used [0x00000000e6ab0000, 0x00000000e6ab0000, 0x00000000e8000000)
 concurrent mark-sweep generation total 393216K, used 0K [0x00000000e8000000, 0x0000000100000000, 0x0000000100000000)
 Metaspace       used 20954K, capacity 21278K, committed 21628K, reserved 1069056K
  class space    used 2415K, capacity 2585K, committed 2684K, reserved 1048576K
2017-05-16T14:27:14.262+0200: 2,561: [GC (Allocation Failure) 2017-05-16T14:27:14.262+0200: 2,561: [ParNew
Desired survivor size 20112992 bytes, new threshold 8 (max 8)
- age   1:    2116080 bytes,    2116080 total
- age   2:     836584 bytes,    2952664 total
- age   3:    6662632 bytes,    9615296 total
: 101134K->11399K(109248K), 0,0099428 secs] 101134K->11399K(502464K), 0,0100223 secs] [Times: user=0,04 sys=0,00, real=0,01 secs] 
Heap after GC invocations=3 (full 0):
 par new generation   total 109248K, used 11399K [0x00000000e0000000, 0x00000000e8000000, 0x00000000e8000000)
  eden space 87424K,   0% used [0x00000000e0000000, 0x00000000e0000000, 0x00000000e5560000)
  from space 21824K,  52% used [0x00000000e6ab0000, 0x00000000e75d1d00, 0x00000000e8000000)
  to   space 21824K,   0% used [0x00000000e5560000, 0x00000000e5560000, 0x00000000e6ab0000)
 concurrent mark-sweep generation total 393216K, used 0K [0x00000000e8000000, 0x0000000100000000, 0x0000000100000000)
 Metaspace       used 20954K, capacity 21278K, committed 21628K, reserved 1069056K
  class space    used 2415K, capacity 2585K, committed 2684K, reserved 1048576K
}
2017-05-16T14:27:14.272+0200: 2,571: Total time for which application threads were stopped: 0,0102246 seconds, Stopping threads took: 0,0000636 seconds
2017-05-16T14:27:14.272+0200: 2,571: [GC (CMS Initial Mark) [1 CMS-initial-mark: 0K(393216K)] 12109K(502464K), 0,0040184 secs] [Times: user=0,02 sys=0,00, real=0,00 secs] 
2017-05-16T14:27:14.276+0200: 2,575: Total time for which application threads were stopped: 0,0041570 seconds, Stopping threads took: 0,0000401 seconds
2017-05-16T14:27:14.277+0200: 2,575: [CMS-concurrent-mark-start]
2017-05-16T14:27:14.278+0200: 2,576: [CMS-concurrent-mark: 0,001/0,001 secs] [Times: user=0,00 sys=0,00, real=0,00 secs] 
2017-05-16T14:27:14.278+0200: 2,577: [CMS-concurrent-preclean-start]
2017-05-16T14:27:14.279+0200: 2,578: [CMS-concurrent-preclean: 0,001/0,001 secs] [Times: user=0,00 sys=0,00, real=0,00 secs] 
2017-05-16T14:27:14.279+0200: 2,578: [CMS-concurrent-abortable-preclean-start]
2017-05-16T14:27:14.359+0200: 2,658: Total time for which application threads were stopped: 0,0001645 seconds, Stopping threads took: 0,0000507 seconds
2017-05-16T14:27:14.359+0200: 2,658: [CMS-concurrent-abortable-preclean: 0,078/0,081 secs] [Times: user=0,30 sys=0,00, real=0,08 secs] 
2017-05-16T14:27:14.363+0200: 2,662: [GC (CMS Final Remark) [YG occupancy: 57917 K (109248 K)]{Heap before GC invocations=3 (full 1):
 par new generation   total 109248K, used 57917K [0x00000000e0000000, 0x00000000e8000000, 0x00000000e8000000)
  eden space 87424K,  53% used [0x00000000e0000000, 0x00000000e2d6d830, 0x00000000e5560000)
  from space 21824K,  52% used [0x00000000e6ab0000, 0x00000000e75d1d00, 0x00000000e8000000)
  to   space 21824K,   0% used [0x00000000e5560000, 0x00000000e5560000, 0x00000000e6ab0000)
 concurrent mark-sweep generation total 393216K, used 0K [0x00000000e8000000, 0x0000000100000000, 0x0000000100000000)
 Metaspace       used 21153K, capacity 21488K, committed 21884K, reserved 1069056K
  class space    used 2433K, capacity 2588K, committed 2684K, reserved 1048576K
2017-05-16T14:27:14.363+0200: 2,662: [GC (CMS Final Remark) 2017-05-16T14:27:14.363+0200: 2,662: [ParNew
Desired survivor size 20112992 bytes, new threshold 8 (max 8)
- age   1:    1492168 bytes,    1492168 total
- age   2:    1462488 bytes,    2954656 total
- age   3:     807208 bytes,    3761864 total
- age   4:    6663008 bytes,   10424872 total
: 57917K->14817K(109248K), 0,0102098 secs] 57917K->14817K(502464K), 0,0102609 secs] [Times: user=0,04 sys=0,00, real=0,01 secs] 
Heap after GC invocations=4 (full 1):
 par new generation   total 109248K, used 14817K [0x00000000e0000000, 0x00000000e8000000, 0x00000000e8000000)
  eden space 87424K,   0% used [0x00000000e0000000, 0x00000000e0000000, 0x00000000e5560000)
  from space 21824K,  67% used [0x00000000e5560000, 0x00000000e63d87a0, 0x00000000e6ab0000)
  to   space 21824K,   0% used [0x00000000e6ab0000, 0x00000000e6ab0000, 0x00000000e8000000)
 concurrent mark-sweep generation total 393216K, used 0K [0x00000000e8000000, 0x0000000100000000, 0x0000000100000000)
 Metaspace       used 21153K, capacity 21488K, committed 21884K, reserved 1069056K
  class space    used 2433K, capacity 2588K, committed 2684K, reserved 1048576K
}
2017-05-16T14:27:14.373+0200: 2,672: [Rescan (parallel) , 0,0045208 secs]2017-05-16T14:27:14.378+0200: 2,677: [weak refs processing, 0,0015803 secs]2017-05-16T14:27:14.379+0200: 2,678: [class unloading, 0,0027744 secs]2017-05-16T14:27:14.382+0200: 2,681: [scrub symbol table, 0,0025465 secs]2017-05-16T14:27:14.385+0200: 2,684: [scrub string table, 0,0004001 secs][1 CMS-remark: 0K(393216K)] 14817K(502464K), 0,0227963 secs] [Times: user=0,06 sys=0,01, real=0,02 secs] 
2017-05-16T14:27:14.386+0200: 2,685: Total time for which application threads were stopped: 0,0230195 seconds, Stopping threads took: 0,0001194 seconds
2017-05-16T14:27:14.386+0200: 2,685: [CMS-concurrent-sweep-start]
2017-05-16T14:27:14.386+0200: 2,685: [CMS-concurrent-sweep: 0,000/0,000 secs] [Times: user=0,01 sys=0,00, real=0,00 secs] 
2017-05-16T14:27:14.386+0200: 2,685: [CMS-concurrent-reset-start]
2017-05-16T14:27:14.388+0200: 2,687: [CMS-concurrent-reset: 0,002/0,002 secs] [Times: user=0,00 sys=0,00, real=0,00 secs] 
{Heap before GC invocations=4 (full 1):
 par new generation   total 109248K, used 102035K [0x00000000e0000000, 0x00000000e8000000, 0x00000000e8000000)
  eden space 87424K,  99% used [0x00000000e0000000, 0x00000000e552c768, 0x00000000e5560000)
  from space 21824K,  67% used [0x00000000e5560000, 0x00000000e63d87a0, 0x00000000e6ab0000)
  to   space 21824K,   0% used [0x00000000e6ab0000, 0x00000000e6ab0000, 0x00000000e8000000)
 concurrent mark-sweep generation total 393216K, used 0K [0x00000000e8000000, 0x0000000100000000, 0x0000000100000000)
 Metaspace       used 21271K, capacity 21642K, committed 21884K, reserved 1069056K
  class space    used 2451K, capacity 2604K, committed 2684K, reserved 1048576K
2017-05-16T14:27:14.486+0200: 2,785: [GC (Allocation Failure) 2017-05-16T14:27:14.486+0200: 2,785: [ParNew
Desired survivor size 20112992 bytes, new threshold 8 (max 8)
- age   1:     707952 bytes,     707952 total
- age   2:      74008 bytes,     781960 total
- age   3:    1462248 bytes,    2244208 total
- age   4:     805128 bytes,    3049336 total
- age   5:    6662608 bytes,    9711944 total
: 102035K->11868K(109248K), 0,0096297 secs] 102035K->11868K(502464K), 0,0096871 secs] [Times: user=0,03 sys=0,00, real=0,01 secs] 
Heap after GC invocations=5 (full 1):
 par new generation   total 109248K, used 11868K [0x00000000e0000000, 0x00000000e8000000, 0x00000000e8000000)
  eden space 87424K,   0% used [0x00000000e0000000, 0x00000000e0000000, 0x00000000e5560000)
  from space 21824K,  54% used [0x00000000e6ab0000, 0x00000000e7647340, 0x00000000e8000000)
  to   space 21824K,   0% used [0x00000000e5560000, 0x00000000e5560000, 0x00000000e6ab0000)
 concurrent mark-sweep generation total 393216K, used 0K [0x00000000e8000000, 0x0000000100000000, 0x0000000100000000)
 Metaspace       used 21271K, capacity 21642K, committed 21884K, reserved 1069056K
  class space    used 2451K, capacity 2604K, committed 2684K, reserved 1048576K
}
2017-05-16T14:27:14.496+0200: 2,795: Total time for which application threads were stopped: 0,0138439 seconds, Stopping threads took: 0,0040287 seconds
2017-05-16T14:27:14.574+0200: 2,873: Total time for which application threads were stopped: 0,0003300 seconds, Stopping threads took: 0,0000238 seconds
2017-05-16T14:27:14.798+0200: 3,097: Total time for which application threads were stopped: 0,0009187 seconds, Stopping threads took: 0,0004550 seconds
2017-05-16T14:27:14.813+0200: 3,112: Total time for which application threads were stopped: 0,0004429 seconds, Stopping threads took: 0,0000610 seconds
{Heap before GC invocations=5 (full 1):
 par new generation   total 109248K, used 99292K [0x00000000e0000000, 0x00000000e8000000, 0x00000000e8000000)
  eden space 87424K, 100% used [0x00000000e0000000, 0x00000000e5560000, 0x00000000e5560000)
  from space 21824K,  54% used [0x00000000e6ab0000, 0x00000000e7647340, 0x00000000e8000000)
  to   space 21824K,   0% used [0x00000000e5560000, 0x00000000e5560000, 0x00000000e6ab0000)
 concurrent mark-sweep generation total 393216K, used 0K [0x00000000e8000000, 0x0000000100000000, 0x0000000100000000)
 Metaspace       used 23329K, capacity 23838K, committed 23932K, reserved 1071104K
  class space    used 2700K, capacity 2886K, committed 2940K, reserved 1048576K
2017-05-16T14:27:14.897+0200: 3,195: [GC (Allocation Failure) 2017-05-16T14:27:14.897+0200: 3,195: [ParNew
Desired survivor size 20112992 bytes, new threshold 8 (max 8)
- age   1:    4089080 bytes,    4089080 total
- age   2:     159368 bytes,    4248448 total
- age   3:      72920 bytes,    4321368 total
- age   4:     292136 bytes,    4613504 total
- age   5:     789544 bytes,    5403048 total
- age   6:    6654344 bytes,   12057392 total
: 99292K->17193K(109248K), 0,0123950 secs] 99292K->17193K(502464K), 0,0124745 secs] [Times: user=0,04 sys=0,00, real=0,01 secs] 
Heap after GC invocations=6 (full 1):
 par new generation   total 109248K, used 17193K [0x00000000e0000000, 0x00000000e8000000, 0x00000000e8000000)
  eden space 87424K,   0% used [0x00000000e0000000, 0x00000000e0000000, 0x00000000e5560000)
  from space 21824K,  78% used [0x00000000e5560000, 0x00000000e662a700, 0x00000000e6ab0000)
  to   space 21824K,   0% used [0x00000000e6ab0000, 0x00000000e6ab0000, 0x00000000e8000000)
 concurrent mark-sweep generation total 393216K, used 0K [0x00000000e8000000, 0x0000000100000000, 0x0000000100000000)
 Metaspace       used 23329K, capacity 23838K, committed 23932K, reserved 1071104K
  class space    used 2700K, capacity 2886K, committed 2940K, reserved 1048576K
}
2017-05-16T14:27:14.909+0200: 3,208: Total time for which application threads were stopped: 0,0128066 seconds, Stopping threads took: 0,0001331 seconds
{Heap before GC invocations=6 (full 1):
 par new generation   total 109248K, used 104617K [0x00000000e0000000, 0x00000000e8000000, 0x00000000e8000000)
  eden space 87424K, 100% used [0x00000000e0000000, 0x00000000e5560000, 0x00000000e5560000)
  from space 21824K,  78% used [0x00000000e5560000, 0x00000000e662a700, 0x00000000e6ab0000)
  to   space 21824K,   0% used [0x00000000e6ab0000, 0x00000000e6ab0000, 0x00000000e8000000)
 concurrent mark-sweep generation total 393216K, used 0K [0x00000000e8000000, 0x0000000100000000, 0x0000000100000000)
 Metaspace       used 23876K, capacity 24318K, committed 24572K, reserved 1071104K
  class space    used 2807K, capacity 2982K, committed 3068K, reserved 1048576K
2017-05-16T14:27:15.044+0200: 3,343: [GC (Allocation Failure) 2017-05-16T14:27:15.044+0200: 3,343: [ParNew
Desired survivor size 20112992 bytes, new threshold 8 (max 8)
- age   1:    2335320 bytes,    2335320 total
- age   2:    1370808 bytes,    3706128 total
- age   3:      83616 bytes,    3789744 total
- age   4:      44560 bytes,    3834304 total
- age   5:     180296 bytes,    4014600 total
- age   6:     750088 bytes,    4764688 total
- age   7:    6120184 bytes,   10884872 total
: 104617K->13129K(109248K), 0,0113775 secs] 104617K->13129K(502464K), 0,0114554 secs] [Times: user=0,04 sys=0,01, real=0,01 secs] 
Heap after GC invocations=7 (full 1):
 par new generation   total 109248K, used 13129K [0x00000000e0000000, 0x00000000e8000000, 0x00000000e8000000)
  eden space 87424K,   0% used [0x00000000e0000000, 0x00000000e0000000, 0x00000000e5560000)
  from space 21824K,  60% used [0x00000000e6ab0000, 0x00000000e7782600, 0x00000000e8000000)
  to   space 21824K,   0% used [0x00000000e5560000, 0x00000000e5560000, 0x00000000e6ab0000)
 concurrent mark-sweep generation total 393216K, used 0K [0x00000000e8000000, 0x0000000100000000, 0x0000000100000000)
 Metaspace       used 23876K, capacity 24318K, committed 24572K, reserved 1071104K
  class space    used 2807K, capacity 2982K, committed 3068K, reserved 1048576K
}
2017-05-16T14:27:15.056+0200: 3,355: Total time for which application threads were stopped: 0,0117755 seconds, Stopping threads took: 0,0000698 seconds
{Heap before GC invocations=7 (full 1):
 par new generation   total 109248K, used 100533K [0x00000000e0000000, 0x00000000e8000000, 0x00000000e8000000)
  eden space 87424K,  99% used [0x00000000e0000000, 0x00000000e555af20, 0x00000000e5560000)
  from space 21824K,  60% used [0x00000000e6ab0000, 0x00000000e7782600, 0x00000000e8000000)
  to   space 21824K,   0% used [0x00000000e5560000, 0x00000000e5560000, 0x00000000e6ab0000)
 concurrent mark-sweep generation total 393216K, used 0K [0x00000000e8000000, 0x0000000100000000, 0x0000000100000000)
 Metaspace       used 24318K, capacity 24862K, committed 25084K, reserved 1071104K
  class space    used 2853K, capacity 3052K, committed 3068K, reserved 1048576K
2017-05-16T14:27:15.137+0200: 3,436: [GC (Allocation Failure) 2017-05-16T14:27:15.137+0200: 3,436: [ParNew
Desired survivor size 20112992 bytes, new threshold 8 (max 8)
- age   1:    1529224 bytes,    1529224 total
- age   2:    1172192 bytes,    2701416 total
- age   3:    1368192 bytes,    4069608 total
- age   4:      83512 bytes,    4153120 total
- age   5:      44456 bytes,    4197576 total
- age   6:     180296 bytes,    4377872 total
- age   7:     750088 bytes,    5127960 total
- age   8:    6120096 bytes,   11248056 total
: 100533K->14420K(109248K), 0,0160914 secs] 100533K->14420K(502464K), 0,0161800 secs] [Times: user=0,06 sys=0,00, real=0,02 secs] 
Heap after GC invocations=8 (full 1):
 par new generation   total 109248K, used 14420K [0x00000000e0000000, 0x00000000e8000000, 0x00000000e8000000)
  eden space 87424K,   0% used [0x00000000e0000000, 0x00000000e0000000, 0x00000000e5560000)
  from space 21824K,  66% used [0x00000000e5560000, 0x00000000e6375100, 0x00000000e6ab0000)
  to   space 21824K,   0% used [0x00000000e6ab0000, 0x00000000e6ab0000, 0x00000000e8000000)
 concurrent mark-sweep generation total 393216K, used 0K [0x00000000e8000000, 0x0000000100000000, 0x0000000100000000)
 Metaspace       used 24318K, capacity 24862K, committed 25084K, reserved 1071104K
  class space    used 2853K, capacity 3052K, committed 3068K, reserved 1048576K
}
2017-05-16T14:27:15.153+0200: 3,452: Total time for which application threads were stopped: 0,0164166 seconds, Stopping threads took: 0,0000565 seconds
{Heap before GC invocations=8 (full 1):
 par new generation   total 109248K, used 101844K [0x00000000e0000000, 0x00000000e8000000, 0x00000000e8000000)
  eden space 87424K, 100% used [0x00000000e0000000, 0x00000000e5560000, 0x00000000e5560000)
  from space 21824K,  66% used [0x00000000e5560000, 0x00000000e6375100, 0x00000000e6ab0000)
  to   space 21824K,   0% used [0x00000000e6ab0000, 0x00000000e6ab0000, 0x00000000e8000000)
 concurrent mark-sweep generation total 393216K, used 0K [0x00000000e8000000, 0x0000000100000000, 0x0000000100000000)
 Metaspace       used 25076K, capacity 25540K, committed 25724K, reserved 1071104K
  class space    used 2911K, capacity 3085K, committed 3196K, reserved 1048576K
2017-05-16T14:27:15.379+0200: 3,678: [GC (Allocation Failure) 2017-05-16T14:27:15.379+0200: 3,678: [ParNew
Desired survivor size 20112992 bytes, new threshold 8 (max 8)
- age   1:    1978376 bytes,    1978376 total
- age   2:     152696 bytes,    2131072 total
- age   3:     548360 bytes,    2679432 total
- age   4:    1365808 bytes,    4045240 total
- age   5:      83416 bytes,    4128656 total
- age   6:      44360 bytes,    4173016 total
- age   7:     177000 bytes,    4350016 total
- age   8:     748488 bytes,    5098504 total
: 101844K->8153K(109248K), 0,0485288 secs] 101844K->14210K(502464K), 0,0486050 secs] [Times: user=0,10 sys=0,00, real=0,05 secs] 
Heap after GC invocations=9 (full 1):
 par new generation   total 109248K, used 8153K [0x00000000e0000000, 0x00000000e8000000, 0x00000000e8000000)
  eden space 87424K,   0% used [0x00000000e0000000, 0x00000000e0000000, 0x00000000e5560000)
  from space 21824K,  37% used [0x00000000e6ab0000, 0x00000000e72a64a8, 0x00000000e8000000)
  to   space 21824K,   0% used [0x00000000e5560000, 0x00000000e5560000, 0x00000000e6ab0000)
 concurrent mark-sweep generation total 393216K, used 6057K [0x00000000e8000000, 0x0000000100000000, 0x0000000100000000)
 Metaspace       used 25076K, capacity 25540K, committed 25724K, reserved 1071104K
  class space    used 2911K, capacity 3085K, committed 3196K, reserved 1048576K
}
2017-05-16T14:27:15.427+0200: 3,726: Total time for which application threads were stopped: 0,0488218 seconds, Stopping threads took: 0,0000210 seconds
2017-05-16T14:27:15.640+0200: 3,939: Total time for which application threads were stopped: 0,0004661 seconds, Stopping threads took: 0,0000226 seconds
2017-05-16T14:27:15.659+0200: 3,957: Total time for which application threads were stopped: 0,0006136 seconds, Stopping threads took: 0,0000457 seconds
2017-05-16T14:27:15.747+0200: 4,046: Total time for which application threads were stopped: 0,0004482 seconds, Stopping threads took: 0,0000326 seconds
2017-05-16T14:27:15.751+0200: 4,050: Total time for which application threads were stopped: 0,0005733 seconds, Stopping threads took: 0,0000714 seconds
2017-05-16T14:27:15.770+0200: 4,069: Total time for which application threads were stopped: 0,0001214 seconds, Stopping threads took: 0,0000364 seconds
2017-05-16T14:27:15.771+0200: 4,070: Total time for which application threads were stopped: 0,0000870 seconds, Stopping threads took: 0,0000274 seconds
2017-05-16T14:27:15.772+0200: 4,070: Total time for which application threads were stopped: 0,0000907 seconds, Stopping threads took: 0,0000321 seconds
2017-05-16T14:27:15.772+0200: 4,071: Total time for which application threads were stopped: 0,0000661 seconds, Stopping threads took: 0,0000159 seconds
2017-05-16T14:27:15.774+0200: 4,073: Total time for which application threads were stopped: 0,0001113 seconds, Stopping threads took: 0,0000272 seconds
2017-05-16T14:27:15.774+0200: 4,073: Total time for which application threads were stopped: 0,0000815 seconds, Stopping threads took: 0,0000259 seconds
2017-05-16T14:27:15.774+0200: 4,073: Total time for which application threads were stopped: 0,0000539 seconds, Stopping threads took: 0,0000107 seconds
2017-05-16T14:27:15.782+0200: 4,081: Total time for which application threads were stopped: 0,0040686 seconds, Stopping threads took: 0,0039608 seconds
2017-05-16T14:27:15.782+0200: 4,081: Total time for which application threads were stopped: 0,0001028 seconds, Stopping threads took: 0,0000570 seconds
2017-05-16T14:27:15.783+0200: 4,081: Total time for which application threads were stopped: 0,0000969 seconds, Stopping threads took: 0,0000217 seconds
2017-05-16T14:27:15.783+0200: 4,081: Total time for which application threads were stopped: 0,0000560 seconds, Stopping threads took: 0,0000162 seconds
2017-05-16T14:27:15.783+0200: 4,082: Total time for which application threads were stopped: 0,0000539 seconds, Stopping threads took: 0,0000184 seconds
2017-05-16T14:27:15.783+0200: 4,082: Total time for which application threads were stopped: 0,0000572 seconds, Stopping threads took: 0,0000277 seconds
2017-05-16T14:27:15.783+0200: 4,082: Total time for which application threads were stopped: 0,0000588 seconds, Stopping threads took: 0,0000159 seconds
2017-05-16T14:27:15.783+0200: 4,082: Total time for which application threads were stopped: 0,0001829 seconds, Stopping threads took: 0,0001146 seconds
2017-05-16T14:27:15.784+0200: 4,082: Total time for which application threads were stopped: 0,0001310 seconds, Stopping threads took: 0,0000971 seconds
2017-05-16T14:27:15.784+0200: 4,083: Total time for which application threads were stopped: 0,0000560 seconds, Stopping threads took: 0,0000180 seconds
2017-05-16T14:27:15.785+0200: 4,083: Total time for which application threads were stopped: 0,0008645 seconds, Stopping threads took: 0,0008185 seconds
2017-05-16T14:27:15.785+0200: 4,084: Total time for which application threads were stopped: 0,0000980 seconds, Stopping threads took: 0,0000343 seconds
2017-05-16T14:27:15.785+0200: 4,084: Total time for which application threads were stopped: 0,0002681 seconds, Stopping threads took: 0,0000245 seconds
2017-05-16T14:27:15.787+0200: 4,086: Total time for which application threads were stopped: 0,0001113 seconds, Stopping threads took: 0,0000360 seconds
2017-05-16T14:27:15.788+0200: 4,087: Total time for which application threads were stopped: 0,0001388 seconds, Stopping threads took: 0,0000477 seconds
2017-05-16T14:27:15.790+0200: 4,089: Total time for which application threads were stopped: 0,0001508 seconds, Stopping threads took: 0,0000363 seconds
2017-05-16T14:27:15.791+0200: 4,089: Total time for which application threads were stopped: 0,0001021 seconds, Stopping threads took: 0,0000198 seconds
2017-05-16T14:27:15.793+0200: 4,092: Total time for which application threads were stopped: 0,0001281 seconds, Stopping threads took: 0,0000363 seconds
2017-05-16T14:27:15.793+0200: 4,092: Total time for which application threads were stopped: 0,0000707 seconds, Stopping threads took: 0,0000227 seconds
2017-05-16T14:27:15.794+0200: 4,092: Total time for which application threads were stopped: 0,0000806 seconds, Stopping threads took: 0,0000205 seconds
2017-05-16T14:27:15.798+0200: 4,097: Total time for which application threads were stopped: 0,0001401 seconds, Stopping threads took: 0,0000257 seconds
2017-05-16T14:27:15.798+0200: 4,097: Total time for which application threads were stopped: 0,0000976 seconds, Stopping threads took: 0,0000191 seconds
2017-05-16T14:27:15.798+0200: 4,097: Total time for which application threads were stopped: 0,0001302 seconds, Stopping threads took: 0,0000195 seconds
2017-05-16T14:27:15.799+0200: 4,097: Total time for which application threads were stopped: 0,0000620 seconds, Stopping threads took: 0,0000140 seconds
2017-05-16T14:27:15.799+0200: 4,097: Total time for which application threads were stopped: 0,0000686 seconds, Stopping threads took: 0,0000089 seconds
2017-05-16T14:27:15.799+0200: 4,098: Total time for which application threads were stopped: 0,0003507 seconds, Stopping threads took: 0,0002545 seconds
2017-05-16T14:27:15.804+0200: 4,103: Total time for which application threads were stopped: 0,0003976 seconds, Stopping threads took: 0,0003200 seconds
2017-05-16T14:27:15.804+0200: 4,103: Total time for which application threads were stopped: 0,0000754 seconds, Stopping threads took: 0,0000237 seconds
2017-05-16T14:27:15.804+0200: 4,103: Total time for which application threads were stopped: 0,0000468 seconds, Stopping threads took: 0,0000098 seconds
2017-05-16T14:27:15.804+0200: 4,103: Total time for which application threads were stopped: 0,0000394 seconds, Stopping threads took: 0,0000104 seconds
2017-05-16T14:27:15.804+0200: 4,103: Total time for which application threads were stopped: 0,0000415 seconds, Stopping threads took: 0,0000090 seconds
2017-05-16T14:27:15.804+0200: 4,103: Total time for which application threads were stopped: 0,0000384 seconds, Stopping threads took: 0,0000082 seconds
2017-05-16T14:27:15.804+0200: 4,103: Total time for which application threads were stopped: 0,0000632 seconds, Stopping threads took: 0,0000258 seconds
2017-05-16T14:27:15.805+0200: 4,103: Total time for which application threads were stopped: 0,0000493 seconds, Stopping threads took: 0,0000152 seconds
2017-05-16T14:27:15.805+0200: 4,104: Total time for which application threads were stopped: 0,0001923 seconds, Stopping threads took: 0,0001385 seconds
2017-05-16T14:27:15.805+0200: 4,104: Total time for which application threads were stopped: 0,0001418 seconds, Stopping threads took: 0,0000166 seconds
2017-05-16T14:27:15.838+0200: 4,137: Total time for which application threads were stopped: 0,0030480 seconds, Stopping threads took: 0,0029552 seconds
2017-05-16T14:27:15.868+0200: 4,166: Total time for which application threads were stopped: 0,0001715 seconds, Stopping threads took: 0,0000340 seconds
2017-05-16T14:27:15.868+0200: 4,167: Total time for which application threads were stopped: 0,0004303 seconds, Stopping threads took: 0,0000137 seconds
2017-05-16T14:27:15.870+0200: 4,169: Total time for which application threads were stopped: 0,0001249 seconds, Stopping threads took: 0,0000462 seconds
2017-05-16T14:27:16.870+0200: 5,169: Total time for which application threads were stopped: 0,0000788 seconds, Stopping threads took: 0,0000198 seconds
2017-05-16T14:29:08.883+0200: 117,182: Total time for which application threads were stopped: 0,0000863 seconds, Stopping threads took: 0,0000355 seconds
2017-05-16T14:29:13.884+0200: 122,183: Total time for which application threads were stopped: 0,0003044 seconds, Stopping threads took: 0,0000802 seconds
2017-05-16T14:29:43.887+0200: 152,186: Total time for which application threads were stopped: 0,0001028 seconds, Stopping threads took: 0,0000390 seconds
2017-05-16T14:30:12.891+0200: 181,189: Total time for which application threads were stopped: 0,0001880 seconds, Stopping threads took: 0,0001332 seconds
2017-05-16T14:30:17.891+0200: 186,190: Total time for which application threads were stopped: 0,0003185 seconds, Stopping threads took: 0,0001654 seconds
2017-05-16T14:50:43.035+0200: 1411,334: Total time for which application threads were stopped: 0,0000796 seconds, Stopping threads took: 0,0000311 seconds
2017-05-16T14:54:53.062+0200: 1661,361: Total time for which application threads were stopped: 0,0000892 seconds, Stopping threads took: 0,0000348 seconds
2017-05-16T15:05:33.134+0200: 2301,433: Total time for which application threads were stopped: 0,0000974 seconds, Stopping threads took: 0,0000367 seconds
2017-05-16T15:05:34.134+0200: 2302,433: Total time for which application threads were stopped: 0,0000652 seconds, Stopping threads took: 0,0000146 seconds
2017-05-16T15:20:29.224+0200: 3197,523: Total time for which application threads were stopped: 0,0001633 seconds, Stopping threads took: 0,0000552 seconds
2017-05-16T15:30:43.302+0200: 3811,601: Total time for which application threads were stopped: 0,0001002 seconds, Stopping threads took: 0,0000285 seconds
2017-05-16T15:32:48.316+0200: 3936,615: Total time for which application threads were stopped: 0,0002108 seconds, Stopping threads took: 0,0001468 seconds
2017-05-16T15:33:08.319+0200: 3956,618: Total time for which application threads were stopped: 0,0001026 seconds, Stopping threads took: 0,0000344 seconds
2017-05-16T15:46:04.401+0200: 4732,700: Total time for which application threads were stopped: 0,0000858 seconds, Stopping threads took: 0,0000352 seconds
2017-05-16T15:46:14.402+0200: 4742,701: Total time for which application threads were stopped: 0,0000611 seconds, Stopping threads took: 0,0000144 seconds
2017-05-16T17:27:38.175+0200: 6262,489: Total time for which application threads were stopped: 0,0001618 seconds, Stopping threads took: 0,0001013 seconds
2017-05-16T17:42:47.278+0200: 7171,592: Total time for which application threads were stopped: 0,0001871 seconds, Stopping threads took: 0,0000747 seconds
2017-05-16T17:45:17.298+0200: 7321,611: Total time for which application threads were stopped: 0,0001905 seconds, Stopping threads took: 0,0000615 seconds
2017-05-16T17:46:17.305+0200: 7381,619: Total time for which application threads were stopped: 0,0005802 seconds, Stopping threads took: 0,0002060 seconds
2017-05-16T17:51:17.333+0200: 7681,646: Total time for which application threads were stopped: 0,0003166 seconds, Stopping threads took: 0,0001149 seconds
2017-05-16T18:55:47.837+0200: 11552,150: Total time for which application threads were stopped: 0,0000872 seconds, Stopping threads took: 0,0000338 seconds
2017-05-16T20:50:03.377+0200: 15361,926: Total time for which application threads were stopped: 0,0000934 seconds, Stopping threads took: 0,0000364 seconds
2017-05-16T20:51:33.388+0200: 15451,937: Total time for which application threads were stopped: 0,0006052 seconds, Stopping threads took: 0,0002068 seconds
2017-05-16T23:52:03.011+0200: 26281,561: Total time for which application threads were stopped: 0,0002134 seconds, Stopping threads took: 0,0000688 seconds
2017-05-17T01:14:51.310+0200: 31249,859: Total time for which application threads were stopped: 0,0447162 seconds, Stopping threads took: 0,0446275 seconds
2017-05-17T01:14:51.349+0200: 31249,899: Total time for which application threads were stopped: 0,0001110 seconds, Stopping threads took: 0,0000263 seconds
2017-05-17T01:14:51.380+0200: 31249,930: Total time for which application threads were stopped: 0,0001859 seconds, Stopping threads took: 0,0001093 seconds
2017-05-17T01:14:51.384+0200: 31249,934: Total time for which application threads were stopped: 0,0037214 seconds, Stopping threads took: 0,0036359 seconds
2017-05-17T01:14:51.385+0200: 31249,934: Total time for which application threads were stopped: 0,0000982 seconds, Stopping threads took: 0,0000241 seconds
2017-05-17T01:14:51.388+0200: 31249,938: Total time for which application threads were stopped: 0,0008829 seconds, Stopping threads took: 0,0007965 seconds
2017-05-17T01:14:51.389+0200: 31249,938: Total time for which application threads were stopped: 0,0001857 seconds, Stopping threads took: 0,0001178 seconds
2017-05-17T01:14:51.390+0200: 31249,940: Total time for which application threads were stopped: 0,0001518 seconds, Stopping threads took: 0,0000821 seconds
2017-05-17T01:14:51.392+0200: 31249,942: Total time for which application threads were stopped: 0,0001774 seconds, Stopping threads took: 0,0001029 seconds
2017-05-17T01:14:51.406+0200: 31249,955: Total time for which application threads were stopped: 0,0001084 seconds, Stopping threads took: 0,0000191 seconds
2017-05-17T01:14:51.407+0200: 31249,956: Total time for which application threads were stopped: 0,0001426 seconds, Stopping threads took: 0,0000239 seconds
2017-05-17T01:14:51.413+0200: 31249,962: Total time for which application threads were stopped: 0,0043942 seconds, Stopping threads took: 0,0042916 seconds
2017-05-17T01:14:51.419+0200: 31249,969: Total time for which application threads were stopped: 0,0000890 seconds, Stopping threads took: 0,0000238 seconds
2017-05-17T01:14:51.421+0200: 31249,971: Total time for which application threads were stopped: 0,0000693 seconds, Stopping threads took: 0,0000111 seconds
2017-05-17T01:14:51.422+0200: 31249,971: Total time for which application threads were stopped: 0,0000484 seconds, Stopping threads took: 0,0000136 seconds
2017-05-17T01:14:51.422+0200: 31249,971: Total time for which application threads were stopped: 0,0000564 seconds, Stopping threads took: 0,0000178 seconds
2017-05-17T01:14:51.422+0200: 31249,971: Total time for which application threads were stopped: 0,0001113 seconds, Stopping threads took: 0,0000776 seconds
2017-05-17T01:14:51.422+0200: 31249,972: Total time for which application threads were stopped: 0,0000739 seconds, Stopping threads took: 0,0000317 seconds
2017-05-17T01:14:51.423+0200: 31249,972: Total time for which application threads were stopped: 0,0003397 seconds, Stopping threads took: 0,0003067 seconds
2017-05-17T01:14:51.423+0200: 31249,973: Total time for which application threads were stopped: 0,0000474 seconds, Stopping threads took: 0,0000154 seconds
2017-05-17T01:14:51.423+0200: 31249,973: Total time for which application threads were stopped: 0,0000478 seconds, Stopping threads took: 0,0000141 seconds
2017-05-17T01:14:51.423+0200: 31249,973: Total time for which application threads were stopped: 0,0003004 seconds, Stopping threads took: 0,0001723 seconds
2017-05-17T01:14:51.424+0200: 31249,973: Total time for which application threads were stopped: 0,0000577 seconds, Stopping threads took: 0,0000260 seconds
2017-05-17T01:14:51.426+0200: 31249,975: Total time for which application threads were stopped: 0,0000988 seconds, Stopping threads took: 0,0000200 seconds
Heap
 par new generation   total 109248K, used 75497K [0x00000000e0000000, 0x00000000e8000000, 0x00000000e8000000)
  eden space 87424K,  77% used [0x00000000e0000000, 0x00000000e41c42e0, 0x00000000e5560000)
  from space 21824K,  37% used [0x00000000e6ab0000, 0x00000000e72a64a8, 0x00000000e8000000)
  to   space 21824K,   0% used [0x00000000e5560000, 0x00000000e5560000, 0x00000000e6ab0000)
 concurrent mark-sweep generation total 393216K, used 6057K [0x00000000e8000000, 0x0000000100000000, 0x0000000100000000)
 Metaspace       used 28171K, capacity 28736K, committed 29052K, reserved 1075200K
  class space    used 3226K, capacity 3423K, committed 3452K, reserved 1048576K
