OpenJDK 64-Bit Server VM (25.121-b13) for linux-amd64 JRE (1.8.0_121-8u121-b13-0ubuntu1.16.04.2-b13), built on Jan 23 2017 15:51:29 by "buildd" with gcc 5.4.0 20160609
Memory: 4k page, physical 7867760k(7451316k free), swap 8076284k(8076284k free)
CommandLine flags: -XX:CMSInitiatingOccupancyFraction=50 -XX:CMSMaxAbortablePrecleanTime=6000 -XX:+CMSParallelRemarkEnabled -XX:+CMSScavengeBeforeRemark -XX:ConcGCThreads=4 -XX:InitialHeapSize=536870912 -XX:MaxHeapSize=536870912 -XX:MaxTenuringThreshold=8 -XX:NewRatio=3 -XX:OldPLABSize=16 -XX:OnOutOfMemoryError=/opt/solr/bin/oom_solr.sh 8983 /var/solr/logs -XX:ParallelGCThreads=4 -XX:+ParallelRefProcEnabled -XX:PretenureSizeThreshold=67108864 -XX:+PrintGC -XX:+PrintGCApplicationStoppedTime -XX:+PrintGCDateStamps -XX:+PrintGCDetails -XX:+PrintGCTimeStamps -XX:+PrintHeapAtGC -XX:+PrintTenuringDistribution -XX:SurvivorRatio=4 -XX:TargetSurvivorRatio=90 -XX:ThreadStackSize=256 -XX:+UseCMSInitiatingOccupancyOnly -XX:+UseCompressedClassPointers -XX:+UseCompressedOops -XX:+UseConcMarkSweepGC -XX:+UseParNewGC 
2017-03-26T08:18:42.628+0200: 0,127: Total time for which application threads were stopped: 0,0000722 seconds, Stopping threads took: 0,0000089 seconds
2017-03-26T08:18:42.708+0200: 0,207: Total time for which application threads were stopped: 0,0001325 seconds, Stopping threads took: 0,0000271 seconds
2017-03-26T08:18:42.724+0200: 0,223: Total time for which application threads were stopped: 0,0001054 seconds, Stopping threads took: 0,0000227 seconds
2017-03-26T08:18:42.967+0200: 0,466: Total time for which application threads were stopped: 0,0001200 seconds, Stopping threads took: 0,0000092 seconds
2017-03-26T08:18:43.296+0200: 0,795: Total time for which application threads were stopped: 0,0001577 seconds, Stopping threads took: 0,0000167 seconds
2017-03-26T08:18:43.401+0200: 0,900: Total time for which application threads were stopped: 0,0002863 seconds, Stopping threads took: 0,0000360 seconds
2017-03-26T08:18:43.476+0200: 0,975: Total time for which application threads were stopped: 0,0001792 seconds, Stopping threads took: 0,0000192 seconds
2017-03-26T08:18:43.875+0200: 1,374: Total time for which application threads were stopped: 0,0001722 seconds, Stopping threads took: 0,0000140 seconds
2017-03-26T08:18:44.114+0200: 1,613: Total time for which application threads were stopped: 0,0002172 seconds, Stopping threads took: 0,0000126 seconds
2017-03-26T08:18:44.143+0200: 1,642: Total time for which application threads were stopped: 0,0001586 seconds, Stopping threads took: 0,0000108 seconds
2017-03-26T08:18:44.178+0200: 1,677: Total time for which application threads were stopped: 0,0001989 seconds, Stopping threads took: 0,0000212 seconds
2017-03-26T08:18:44.179+0200: 1,678: Total time for which application threads were stopped: 0,0001432 seconds, Stopping threads took: 0,0000116 seconds
2017-03-26T08:18:44.195+0200: 1,694: Total time for which application threads were stopped: 0,0001732 seconds, Stopping threads took: 0,0000173 seconds
2017-03-26T08:18:44.313+0200: 1,812: Total time for which application threads were stopped: 0,0002125 seconds, Stopping threads took: 0,0000204 seconds
2017-03-26T08:18:44.502+0200: 2,001: Total time for which application threads were stopped: 0,0002722 seconds, Stopping threads took: 0,0000559 seconds
{Heap before GC invocations=0 (full 0):
 par new generation   total 109248K, used 87424K [0x00000000e0000000, 0x00000000e8000000, 0x00000000e8000000)
  eden space 87424K, 100% used [0x00000000e0000000, 0x00000000e5560000, 0x00000000e5560000)
  from space 21824K,   0% used [0x00000000e5560000, 0x00000000e5560000, 0x00000000e6ab0000)
  to   space 21824K,   0% used [0x00000000e6ab0000, 0x00000000e6ab0000, 0x00000000e8000000)
 concurrent mark-sweep generation total 393216K, used 0K [0x00000000e8000000, 0x0000000100000000, 0x0000000100000000)
 Metaspace       used 18055K, capacity 18336K, committed 18688K, reserved 1064960K
  class space    used 2039K, capacity 2196K, committed 2304K, reserved 1048576K
2017-03-26T08:18:44.601+0200: 2,100: [GC (Allocation Failure) 2017-03-26T08:18:44.601+0200: 2,100: [ParNew
Desired survivor size 20112992 bytes, new threshold 8 (max 8)
- age   1:   12618312 bytes,   12618312 total
: 87424K->12441K(109248K), 0,0162375 secs] 87424K->12441K(502464K), 0,0163165 secs] [Times: user=0,05 sys=0,02, real=0,01 secs] 
Heap after GC invocations=1 (full 0):
 par new generation   total 109248K, used 12441K [0x00000000e0000000, 0x00000000e8000000, 0x00000000e8000000)
  eden space 87424K,   0% used [0x00000000e0000000, 0x00000000e0000000, 0x00000000e5560000)
  from space 21824K,  57% used [0x00000000e6ab0000, 0x00000000e76d64c8, 0x00000000e8000000)
  to   space 21824K,   0% used [0x00000000e5560000, 0x00000000e5560000, 0x00000000e6ab0000)
 concurrent mark-sweep generation total 393216K, used 0K [0x00000000e8000000, 0x0000000100000000, 0x0000000100000000)
 Metaspace       used 18055K, capacity 18336K, committed 18688K, reserved 1064960K
  class space    used 2039K, capacity 2196K, committed 2304K, reserved 1048576K
}
2017-03-26T08:18:44.618+0200: 2,117: Total time for which application threads were stopped: 0,0196992 seconds, Stopping threads took: 0,0031880 seconds
2017-03-26T08:18:44.916+0200: 2,415: Total time for which application threads were stopped: 0,0003315 seconds, Stopping threads took: 0,0000551 seconds
2017-03-26T08:18:44.958+0200: 2,457: Total time for which application threads were stopped: 0,0046690 seconds, Stopping threads took: 0,0043670 seconds
{Heap before GC invocations=1 (full 0):
 par new generation   total 109248K, used 99865K [0x00000000e0000000, 0x00000000e8000000, 0x00000000e8000000)
  eden space 87424K, 100% used [0x00000000e0000000, 0x00000000e5560000, 0x00000000e5560000)
  from space 21824K,  57% used [0x00000000e6ab0000, 0x00000000e76d64c8, 0x00000000e8000000)
  to   space 21824K,   0% used [0x00000000e5560000, 0x00000000e5560000, 0x00000000e6ab0000)
 concurrent mark-sweep generation total 393216K, used 0K [0x00000000e8000000, 0x0000000100000000, 0x0000000100000000)
 Metaspace       used 20048K, capacity 20366K, committed 20736K, reserved 1067008K
  class space    used 2297K, capacity 2471K, committed 2560K, reserved 1048576K
2017-03-26T08:18:44.961+0200: 2,460: [GC (Allocation Failure) 2017-03-26T08:18:44.961+0200: 2,460: [ParNew
Desired survivor size 20112992 bytes, new threshold 8 (max 8)
- age   1:    3855880 bytes,    3855880 total
- age   2:    6669320 bytes,   10525200 total
: 99865K->13740K(109248K), 0,0117382 secs] 99865K->13740K(502464K), 0,0118068 secs] [Times: user=0,03 sys=0,01, real=0,01 secs] 
Heap after GC invocations=2 (full 0):
 par new generation   total 109248K, used 13740K [0x00000000e0000000, 0x00000000e8000000, 0x00000000e8000000)
  eden space 87424K,   0% used [0x00000000e0000000, 0x00000000e0000000, 0x00000000e5560000)
  from space 21824K,  62% used [0x00000000e5560000, 0x00000000e62cb208, 0x00000000e6ab0000)
  to   space 21824K,   0% used [0x00000000e6ab0000, 0x00000000e6ab0000, 0x00000000e8000000)
 concurrent mark-sweep generation total 393216K, used 0K [0x00000000e8000000, 0x0000000100000000, 0x0000000100000000)
 Metaspace       used 20048K, capacity 20366K, committed 20736K, reserved 1067008K
  class space    used 2297K, capacity 2471K, committed 2560K, reserved 1048576K
}
2017-03-26T08:18:44.973+0200: 2,472: Total time for which application threads were stopped: 0,0120234 seconds, Stopping threads took: 0,0000698 seconds
2017-03-26T08:18:44.997+0200: 2,496: Total time for which application threads were stopped: 0,0003763 seconds, Stopping threads took: 0,0000900 seconds
2017-03-26T08:18:45.140+0200: 2,639: Total time for which application threads were stopped: 0,0002280 seconds, Stopping threads took: 0,0000768 seconds
{Heap before GC invocations=2 (full 0):
 par new generation   total 109248K, used 101164K [0x00000000e0000000, 0x00000000e8000000, 0x00000000e8000000)
  eden space 87424K, 100% used [0x00000000e0000000, 0x00000000e5560000, 0x00000000e5560000)
  from space 21824K,  62% used [0x00000000e5560000, 0x00000000e62cb208, 0x00000000e6ab0000)
  to   space 21824K,   0% used [0x00000000e6ab0000, 0x00000000e6ab0000, 0x00000000e8000000)
 concurrent mark-sweep generation total 393216K, used 0K [0x00000000e8000000, 0x0000000100000000, 0x0000000100000000)
 Metaspace       used 20940K, capacity 21288K, committed 21552K, reserved 1069056K
  class space    used 2419K, capacity 2590K, committed 2608K, reserved 1048576K
2017-03-26T08:18:45.158+0200: 2,657: [GC (Allocation Failure) 2017-03-26T08:18:45.158+0200: 2,657: [ParNew
Desired survivor size 20112992 bytes, new threshold 8 (max 8)
- age   1:    2311312 bytes,    2311312 total
- age   2:     842928 bytes,    3154240 total
- age   3:    6662576 bytes,    9816816 total
: 101164K->13089K(109248K), 0,0174888 secs] 101164K->13089K(502464K), 0,0175690 secs] [Times: user=0,06 sys=0,00, real=0,01 secs] 
Heap after GC invocations=3 (full 0):
 par new generation   total 109248K, used 13089K [0x00000000e0000000, 0x00000000e8000000, 0x00000000e8000000)
  eden space 87424K,   0% used [0x00000000e0000000, 0x00000000e0000000, 0x00000000e5560000)
  from space 21824K,  59% used [0x00000000e6ab0000, 0x00000000e7778418, 0x00000000e8000000)
  to   space 21824K,   0% used [0x00000000e5560000, 0x00000000e5560000, 0x00000000e6ab0000)
 concurrent mark-sweep generation total 393216K, used 0K [0x00000000e8000000, 0x0000000100000000, 0x0000000100000000)
 Metaspace       used 20940K, capacity 21288K, committed 21552K, reserved 1069056K
  class space    used 2419K, capacity 2590K, committed 2608K, reserved 1048576K
}
2017-03-26T08:18:45.176+0200: 2,675: Total time for which application threads were stopped: 0,0178247 seconds, Stopping threads took: 0,0000943 seconds
2017-03-26T08:18:45.176+0200: 2,675: [GC (CMS Initial Mark) [1 CMS-initial-mark: 0K(393216K)] 14533K(502464K), 0,0034800 secs] [Times: user=0,01 sys=0,00, real=0,01 secs] 
2017-03-26T08:18:45.179+0200: 2,678: Total time for which application threads were stopped: 0,0036062 seconds, Stopping threads took: 0,0000399 seconds
2017-03-26T08:18:45.179+0200: 2,678: [CMS-concurrent-mark-start]
2017-03-26T08:18:45.191+0200: 2,690: [CMS-concurrent-mark: 0,012/0,012 secs] [Times: user=0,05 sys=0,00, real=0,01 secs] 
2017-03-26T08:18:45.191+0200: 2,690: [CMS-concurrent-preclean-start]
2017-03-26T08:18:45.192+0200: 2,691: [CMS-concurrent-preclean: 0,001/0,001 secs] [Times: user=0,01 sys=0,00, real=0,00 secs] 
2017-03-26T08:18:45.192+0200: 2,691: [CMS-concurrent-abortable-preclean-start]
{Heap before GC invocations=3 (full 1):
 par new generation   total 109248K, used 100513K [0x00000000e0000000, 0x00000000e8000000, 0x00000000e8000000)
  eden space 87424K, 100% used [0x00000000e0000000, 0x00000000e5560000, 0x00000000e5560000)
  from space 21824K,  59% used [0x00000000e6ab0000, 0x00000000e7778418, 0x00000000e8000000)
  to   space 21824K,   0% used [0x00000000e5560000, 0x00000000e5560000, 0x00000000e6ab0000)
 concurrent mark-sweep generation total 393216K, used 0K [0x00000000e8000000, 0x0000000100000000, 0x0000000100000000)
 Metaspace       used 21231K, capacity 21564K, committed 21628K, reserved 1069056K
  class space    used 2447K, capacity 2605K, committed 2608K, reserved 1048576K
2017-03-26T08:18:45.309+0200: 2,808: [GC (Allocation Failure) 2017-03-26T08:18:45.309+0200: 2,808: [ParNew
Desired survivor size 20112992 bytes, new threshold 8 (max 8)
- age   1:    1133576 bytes,    1133576 total
- age   2:    1464312 bytes,    2597888 total
- age   3:     811584 bytes,    3409472 total
- age   4:    6662632 bytes,   10072104 total
: 100513K->12623K(109248K), 0,0102250 secs] 100513K->12623K(502464K), 0,0103014 secs] [Times: user=0,04 sys=0,00, real=0,02 secs] 
Heap after GC invocations=4 (full 1):
 par new generation   total 109248K, used 12623K [0x00000000e0000000, 0x00000000e8000000, 0x00000000e8000000)
  eden space 87424K,   0% used [0x00000000e0000000, 0x00000000e0000000, 0x00000000e5560000)
  from space 21824K,  57% used [0x00000000e5560000, 0x00000000e61b3d70, 0x00000000e6ab0000)
  to   space 21824K,   0% used [0x00000000e6ab0000, 0x00000000e6ab0000, 0x00000000e8000000)
 concurrent mark-sweep generation total 393216K, used 0K [0x00000000e8000000, 0x0000000100000000, 0x0000000100000000)
 Metaspace       used 21231K, capacity 21564K, committed 21628K, reserved 1069056K
  class space    used 2447K, capacity 2605K, committed 2608K, reserved 1048576K
}
2017-03-26T08:18:45.319+0200: 2,818: Total time for which application threads were stopped: 0,0105587 seconds, Stopping threads took: 0,0000560 seconds
2017-03-26T08:18:45.368+0200: 2,867: Total time for which application threads were stopped: 0,0001731 seconds, Stopping threads took: 0,0000948 seconds
2017-03-26T08:18:45.422+0200: 2,921: Total time for which application threads were stopped: 0,0001247 seconds, Stopping threads took: 0,0000522 seconds
2017-03-26T08:18:45.422+0200: 2,921: [CMS-concurrent-abortable-preclean: 0,200/0,230 secs] [Times: user=0,86 sys=0,02, real=0,23 secs] 
2017-03-26T08:18:45.422+0200: 2,921: [GC (CMS Final Remark) [YG occupancy: 100049 K (109248 K)]{Heap before GC invocations=4 (full 1):
 par new generation   total 109248K, used 100049K [0x00000000e0000000, 0x00000000e8000000, 0x00000000e8000000)
  eden space 87424K, 100% used [0x00000000e0000000, 0x00000000e5560000, 0x00000000e5560000)
  from space 21824K,  57% used [0x00000000e5560000, 0x00000000e61b4580, 0x00000000e6ab0000)
  to   space 21824K,   0% used [0x00000000e6ab0000, 0x00000000e6ab0000, 0x00000000e8000000)
 concurrent mark-sweep generation total 393216K, used 0K [0x00000000e8000000, 0x0000000100000000, 0x0000000100000000)
 Metaspace       used 21393K, capacity 21800K, committed 21960K, reserved 1069056K
  class space    used 2469K, capacity 2639K, committed 2684K, reserved 1048576K
2017-03-26T08:18:45.422+0200: 2,921: [GC (CMS Final Remark) 2017-03-26T08:18:45.422+0200: 2,921: [ParNew
Desired survivor size 20112992 bytes, new threshold 8 (max 8)
- age   1:     963632 bytes,     963632 total
- age   2:     183976 bytes,    1147608 total
- age   3:    1464192 bytes,    2611800 total
- age   4:     807696 bytes,    3419496 total
- age   5:    6662600 bytes,   10082096 total
: 100049K->15118K(109248K), 0,0107598 secs] 100049K->15118K(502464K), 0,0107993 secs] [Times: user=0,03 sys=0,00, real=0,01 secs] 
Heap after GC invocations=5 (full 1):
 par new generation   total 109248K, used 15118K [0x00000000e0000000, 0x00000000e8000000, 0x00000000e8000000)
  eden space 87424K,   0% used [0x00000000e0000000, 0x00000000e0000000, 0x00000000e5560000)
  from space 21824K,  69% used [0x00000000e6ab0000, 0x00000000e7973b68, 0x00000000e8000000)
  to   space 21824K,   0% used [0x00000000e5560000, 0x00000000e5560000, 0x00000000e6ab0000)
 concurrent mark-sweep generation total 393216K, used 0K [0x00000000e8000000, 0x0000000100000000, 0x0000000100000000)
 Metaspace       used 21393K, capacity 21800K, committed 21960K, reserved 1069056K
  class space    used 2469K, capacity 2639K, committed 2684K, reserved 1048576K
}
2017-03-26T08:18:45.433+0200: 2,932: [Rescan (parallel) , 0,0035671 secs]2017-03-26T08:18:45.437+0200: 2,936: [weak refs processing, 0,0008252 secs]2017-03-26T08:18:45.437+0200: 2,936: [class unloading, 0,0028700 secs]2017-03-26T08:18:45.440+0200: 2,939: [scrub symbol table, 0,0027095 secs]2017-03-26T08:18:45.443+0200: 2,942: [scrub string table, 0,0004002 secs][1 CMS-remark: 0K(393216K)] 15118K(502464K), 0,0218560 secs] [Times: user=0,05 sys=0,00, real=0,02 secs] 
2017-03-26T08:18:45.444+0200: 2,943: Total time for which application threads were stopped: 0,0219379 seconds, Stopping threads took: 0,0000158 seconds
2017-03-26T08:18:45.445+0200: 2,944: [CMS-concurrent-sweep-start]
2017-03-26T08:18:45.445+0200: 2,944: [CMS-concurrent-sweep: 0,000/0,000 secs] [Times: user=0,00 sys=0,00, real=0,00 secs] 
2017-03-26T08:18:45.445+0200: 2,944: [CMS-concurrent-reset-start]
2017-03-26T08:18:45.447+0200: 2,946: [CMS-concurrent-reset: 0,001/0,001 secs] [Times: user=0,00 sys=0,00, real=0,00 secs] 
{Heap before GC invocations=5 (full 1):
 par new generation   total 109248K, used 18295K [0x00000000e0000000, 0x00000000e8000000, 0x00000000e8000000)
  eden space 87424K,   3% used [0x00000000e0000000, 0x00000000e031a220, 0x00000000e5560000)
  from space 21824K,  69% used [0x00000000e6ab0000, 0x00000000e7973b68, 0x00000000e8000000)
  to   space 21824K,   0% used [0x00000000e5560000, 0x00000000e5560000, 0x00000000e6ab0000)
 concurrent mark-sweep generation total 393216K, used 0K [0x00000000e8000000, 0x0000000100000000, 0x0000000100000000)
 Metaspace       used 21399K, capacity 21800K, committed 21960K, reserved 1069056K
  class space    used 2469K, capacity 2639K, committed 2684K, reserved 1048576K
2017-03-26T08:18:45.449+0200: 2,948: [GC (GCLocker Initiated GC) 2017-03-26T08:18:45.449+0200: 2,948: [ParNew
Desired survivor size 20112992 bytes, new threshold 8 (max 8)
- age   1:     158344 bytes,     158344 total
- age   2:     151616 bytes,     309960 total
- age   3:     183976 bytes,     493936 total
- age   4:    1464016 bytes,    1957952 total
- age   5:     807712 bytes,    2765664 total
- age   6:    6662696 bytes,    9428360 total
: 18295K->10397K(109248K), 0,0087689 secs] 18295K->10397K(502464K), 0,0088376 secs] [Times: user=0,03 sys=0,00, real=0,02 secs] 
Heap after GC invocations=6 (full 1):
 par new generation   total 109248K, used 10397K [0x00000000e0000000, 0x00000000e8000000, 0x00000000e8000000)
  eden space 87424K,   0% used [0x00000000e0000000, 0x00000000e0000000, 0x00000000e5560000)
  from space 21824K,  47% used [0x00000000e5560000, 0x00000000e5f876f8, 0x00000000e6ab0000)
  to   space 21824K,   0% used [0x00000000e6ab0000, 0x00000000e6ab0000, 0x00000000e8000000)
 concurrent mark-sweep generation total 393216K, used 0K [0x00000000e8000000, 0x0000000100000000, 0x0000000100000000)
 Metaspace       used 21399K, capacity 21800K, committed 21960K, reserved 1069056K
  class space    used 2469K, capacity 2639K, committed 2684K, reserved 1048576K
}
2017-03-26T08:18:45.458+0200: 2,957: Total time for which application threads were stopped: 0,0090282 seconds, Stopping threads took: 0,0000733 seconds
2017-03-26T08:18:45.484+0200: 2,983: Total time for which application threads were stopped: 0,0003254 seconds, Stopping threads took: 0,0000310 seconds
2017-03-26T08:18:45.674+0200: 3,173: Total time for which application threads were stopped: 0,0005404 seconds, Stopping threads took: 0,0000388 seconds
2017-03-26T08:18:45.691+0200: 3,190: Total time for which application threads were stopped: 0,0004405 seconds, Stopping threads took: 0,0000390 seconds
{Heap before GC invocations=6 (full 1):
 par new generation   total 109248K, used 97821K [0x00000000e0000000, 0x00000000e8000000, 0x00000000e8000000)
  eden space 87424K, 100% used [0x00000000e0000000, 0x00000000e5560000, 0x00000000e5560000)
  from space 21824K,  47% used [0x00000000e5560000, 0x00000000e5f876f8, 0x00000000e6ab0000)
  to   space 21824K,   0% used [0x00000000e6ab0000, 0x00000000e6ab0000, 0x00000000e8000000)
 concurrent mark-sweep generation total 393216K, used 0K [0x00000000e8000000, 0x0000000100000000, 0x0000000100000000)
 Metaspace       used 24294K, capacity 24744K, committed 24828K, reserved 1071104K
  class space    used 2856K, capacity 3045K, committed 3068K, reserved 1048576K
2017-03-26T08:18:45.909+0200: 3,408: [GC (Allocation Failure) 2017-03-26T08:18:45.909+0200: 3,408: [ParNew
Desired survivor size 20112992 bytes, new threshold 8 (max 8)
- age   1:    5884784 bytes,    5884784 total
- age   2:      16992 bytes,    5901776 total
- age   3:     140632 bytes,    6042408 total
- age   4:     182592 bytes,    6225000 total
- age   5:     286544 bytes,    6511544 total
- age   6:     783400 bytes,    7294944 total
- age   7:    6654280 bytes,   13949224 total
: 97821K->16121K(109248K), 0,0116864 secs] 97821K->16121K(502464K), 0,0117596 secs] [Times: user=0,04 sys=0,00, real=0,02 secs] 
Heap after GC invocations=7 (full 1):
 par new generation   total 109248K, used 16121K [0x00000000e0000000, 0x00000000e8000000, 0x00000000e8000000)
  eden space 87424K,   0% used [0x00000000e0000000, 0x00000000e0000000, 0x00000000e5560000)
  from space 21824K,  73% used [0x00000000e6ab0000, 0x00000000e7a6e600, 0x00000000e8000000)
  to   space 21824K,   0% used [0x00000000e5560000, 0x00000000e5560000, 0x00000000e6ab0000)
 concurrent mark-sweep generation total 393216K, used 0K [0x00000000e8000000, 0x0000000100000000, 0x0000000100000000)
 Metaspace       used 24294K, capacity 24744K, committed 24828K, reserved 1071104K
  class space    used 2856K, capacity 3045K, committed 3068K, reserved 1048576K
}
2017-03-26T08:18:45.921+0200: 3,420: Total time for which application threads were stopped: 0,0146471 seconds, Stopping threads took: 0,0027141 seconds
{Heap before GC invocations=7 (full 1):
 par new generation   total 109248K, used 103528K [0x00000000e0000000, 0x00000000e8000000, 0x00000000e8000000)
  eden space 87424K,  99% used [0x00000000e0000000, 0x00000000e555bb98, 0x00000000e5560000)
  from space 21824K,  73% used [0x00000000e6ab0000, 0x00000000e7a6e600, 0x00000000e8000000)
  to   space 21824K,   0% used [0x00000000e5560000, 0x00000000e5560000, 0x00000000e6ab0000)
 concurrent mark-sweep generation total 393216K, used 0K [0x00000000e8000000, 0x0000000100000000, 0x0000000100000000)
 Metaspace       used 24503K, capacity 24936K, committed 25084K, reserved 1071104K
  class space    used 2871K, capacity 3045K, committed 3068K, reserved 1048576K
2017-03-26T08:18:46.018+0200: 3,517: [GC (Allocation Failure) 2017-03-26T08:18:46.018+0200: 3,517: [ParNew
Desired survivor size 20112992 bytes, new threshold 8 (max 8)
- age   1:    1362240 bytes,    1362240 total
- age   2:    1862448 bytes,    3224688 total
- age   3:      11080 bytes,    3235768 total
- age   4:      67736 bytes,    3303504 total
- age   5:     101896 bytes,    3405400 total
- age   6:     187144 bytes,    3592544 total
- age   7:     738696 bytes,    4331240 total
- age   8:    6121192 bytes,   10452432 total
: 103528K->18347K(109248K), 0,0215373 secs] 103528K->18347K(502464K), 0,0216403 secs] [Times: user=0,07 sys=0,01, real=0,03 secs] 
Heap after GC invocations=8 (full 1):
 par new generation   total 109248K, used 18347K [0x00000000e0000000, 0x00000000e8000000, 0x00000000e8000000)
  eden space 87424K,   0% used [0x00000000e0000000, 0x00000000e0000000, 0x00000000e5560000)
  from space 21824K,  84% used [0x00000000e5560000, 0x00000000e674afa0, 0x00000000e6ab0000)
  to   space 21824K,   0% used [0x00000000e6ab0000, 0x00000000e6ab0000, 0x00000000e8000000)
 concurrent mark-sweep generation total 393216K, used 0K [0x00000000e8000000, 0x0000000100000000, 0x0000000100000000)
 Metaspace       used 24503K, capacity 24936K, committed 25084K, reserved 1071104K
  class space    used 2871K, capacity 3045K, committed 3068K, reserved 1048576K
}
2017-03-26T08:18:46.039+0200: 3,538: Total time for which application threads were stopped: 0,0219167 seconds, Stopping threads took: 0,0000639 seconds
{Heap before GC invocations=8 (full 1):
 par new generation   total 109248K, used 105771K [0x00000000e0000000, 0x00000000e8000000, 0x00000000e8000000)
  eden space 87424K, 100% used [0x00000000e0000000, 0x00000000e5560000, 0x00000000e5560000)
  from space 21824K,  84% used [0x00000000e5560000, 0x00000000e674afa0, 0x00000000e6ab0000)
  to   space 21824K,   0% used [0x00000000e6ab0000, 0x00000000e6ab0000, 0x00000000e8000000)
 concurrent mark-sweep generation total 393216K, used 0K [0x00000000e8000000, 0x0000000100000000, 0x0000000100000000)
 Metaspace       used 24939K, capacity 25384K, committed 25724K, reserved 1071104K
  class space    used 2909K, capacity 3083K, committed 3196K, reserved 1048576K
2017-03-26T08:18:46.172+0200: 3,671: [GC (Allocation Failure) 2017-03-26T08:18:46.172+0200: 3,671: [ParNew
Desired survivor size 20112992 bytes, new threshold 8 (max 8)
- age   1:     990440 bytes,     990440 total
- age   2:     637520 bytes,    1627960 total
- age   3:    1830888 bytes,    3458848 total
- age   4:      11048 bytes,    3469896 total
- age   5:      67736 bytes,    3537632 total
- age   6:      99144 bytes,    3636776 total
- age   7:     186648 bytes,    3823424 total
- age   8:     737960 bytes,    4561384 total
: 105771K->7012K(109248K), 0,0442108 secs] 105771K->13072K(502464K), 0,0442933 secs] [Times: user=0,09 sys=0,00, real=0,04 secs] 
Heap after GC invocations=9 (full 1):
 par new generation   total 109248K, used 7012K [0x00000000e0000000, 0x00000000e8000000, 0x00000000e8000000)
  eden space 87424K,   0% used [0x00000000e0000000, 0x00000000e0000000, 0x00000000e5560000)
  from space 21824K,  32% used [0x00000000e6ab0000, 0x00000000e7189110, 0x00000000e8000000)
  to   space 21824K,   0% used [0x00000000e5560000, 0x00000000e5560000, 0x00000000e6ab0000)
 concurrent mark-sweep generation total 393216K, used 6060K [0x00000000e8000000, 0x0000000100000000, 0x0000000100000000)
 Metaspace       used 24939K, capacity 25384K, committed 25724K, reserved 1071104K
  class space    used 2909K, capacity 3083K, committed 3196K, reserved 1048576K
}
2017-03-26T08:18:46.216+0200: 3,715: Total time for which application threads were stopped: 0,0465446 seconds, Stopping threads took: 0,0020544 seconds
2017-03-26T08:18:46.441+0200: 3,940: Total time for which application threads were stopped: 0,0006368 seconds, Stopping threads took: 0,0002047 seconds
2017-03-26T08:18:46.456+0200: 3,955: Total time for which application threads were stopped: 0,0004354 seconds, Stopping threads took: 0,0000397 seconds
2017-03-26T08:18:46.501+0200: 4,000: Total time for which application threads were stopped: 0,0004510 seconds, Stopping threads took: 0,0000871 seconds
2017-03-26T08:18:46.553+0200: 4,052: Total time for which application threads were stopped: 0,0022087 seconds, Stopping threads took: 0,0017694 seconds
2017-03-26T08:18:46.560+0200: 4,059: Total time for which application threads were stopped: 0,0019216 seconds, Stopping threads took: 0,0018321 seconds
2017-03-26T08:18:46.561+0200: 4,060: Total time for which application threads were stopped: 0,0001481 seconds, Stopping threads took: 0,0000394 seconds
2017-03-26T08:18:46.565+0200: 4,064: Total time for which application threads were stopped: 0,0001376 seconds, Stopping threads took: 0,0000568 seconds
2017-03-26T08:18:46.582+0200: 4,081: Total time for which application threads were stopped: 0,0041189 seconds, Stopping threads took: 0,0040079 seconds
2017-03-26T08:18:46.596+0200: 4,095: Total time for which application threads were stopped: 0,0001698 seconds, Stopping threads took: 0,0000691 seconds
2017-03-26T08:18:46.604+0200: 4,103: Total time for which application threads were stopped: 0,0001671 seconds, Stopping threads took: 0,0000593 seconds
2017-03-26T08:18:46.609+0200: 4,108: Total time for which application threads were stopped: 0,0001752 seconds, Stopping threads took: 0,0000723 seconds
2017-03-26T08:18:46.610+0200: 4,109: Total time for which application threads were stopped: 0,0001426 seconds, Stopping threads took: 0,0000421 seconds
2017-03-26T08:18:46.614+0200: 4,113: Total time for which application threads were stopped: 0,0010772 seconds, Stopping threads took: 0,0009781 seconds
2017-03-26T08:18:46.616+0200: 4,115: Total time for which application threads were stopped: 0,0001394 seconds, Stopping threads took: 0,0000461 seconds
2017-03-26T08:18:46.620+0200: 4,119: Total time for which application threads were stopped: 0,0001107 seconds, Stopping threads took: 0,0000231 seconds
2017-03-26T08:18:46.631+0200: 4,130: Total time for which application threads were stopped: 0,0001694 seconds, Stopping threads took: 0,0000631 seconds
2017-03-26T08:18:46.632+0200: 4,131: Total time for which application threads were stopped: 0,0001262 seconds, Stopping threads took: 0,0000272 seconds
2017-03-26T08:18:46.634+0200: 4,133: Total time for which application threads were stopped: 0,0004819 seconds, Stopping threads took: 0,0000181 seconds
2017-03-26T08:18:46.636+0200: 4,135: Total time for which application threads were stopped: 0,0001090 seconds, Stopping threads took: 0,0000364 seconds
2017-03-26T08:18:46.637+0200: 4,136: Total time for which application threads were stopped: 0,0000886 seconds, Stopping threads took: 0,0000206 seconds
2017-03-26T08:18:46.639+0200: 4,138: Total time for which application threads were stopped: 0,0001623 seconds, Stopping threads took: 0,0000933 seconds
2017-03-26T08:18:46.639+0200: 4,138: Total time for which application threads were stopped: 0,0000963 seconds, Stopping threads took: 0,0000221 seconds
2017-03-26T08:18:46.640+0200: 4,139: Total time for which application threads were stopped: 0,0001222 seconds, Stopping threads took: 0,0000452 seconds
2017-03-26T08:18:46.642+0200: 4,141: Total time for which application threads were stopped: 0,0001392 seconds, Stopping threads took: 0,0000395 seconds
2017-03-26T08:18:46.644+0200: 4,143: Total time for which application threads were stopped: 0,0001112 seconds, Stopping threads took: 0,0000386 seconds
2017-03-26T08:18:46.644+0200: 4,143: Total time for which application threads were stopped: 0,0001328 seconds, Stopping threads took: 0,0000268 seconds
2017-03-26T08:18:46.646+0200: 4,145: Total time for which application threads were stopped: 0,0001056 seconds, Stopping threads took: 0,0000352 seconds
2017-03-26T08:18:46.646+0200: 4,145: Total time for which application threads were stopped: 0,0000876 seconds, Stopping threads took: 0,0000333 seconds
2017-03-26T08:18:46.652+0200: 4,151: Total time for which application threads were stopped: 0,0000885 seconds, Stopping threads took: 0,0000190 seconds
2017-03-26T08:18:46.654+0200: 4,153: Total time for which application threads were stopped: 0,0001904 seconds, Stopping threads took: 0,0001140 seconds
2017-03-26T08:18:46.657+0200: 4,156: Total time for which application threads were stopped: 0,0001524 seconds, Stopping threads took: 0,0000821 seconds
2017-03-26T08:18:46.659+0200: 4,158: Total time for which application threads were stopped: 0,0001408 seconds, Stopping threads took: 0,0000420 seconds
2017-03-26T08:18:46.659+0200: 4,158: Total time for which application threads were stopped: 0,0001078 seconds, Stopping threads took: 0,0000304 seconds
2017-03-26T08:18:46.663+0200: 4,162: Total time for which application threads were stopped: 0,0001040 seconds, Stopping threads took: 0,0000337 seconds
2017-03-26T08:18:46.663+0200: 4,162: Total time for which application threads were stopped: 0,0000921 seconds, Stopping threads took: 0,0000267 seconds
2017-03-26T08:19:47.981+0200: 66,169: Total time for which application threads were stopped: 0,0002601 seconds, Stopping threads took: 0,0000673 seconds
2017-03-26T08:20:13.984+0200: 92,171: Total time for which application threads were stopped: 0,0001479 seconds, Stopping threads took: 0,0000378 seconds
2017-03-26T08:20:43.987+0200: 122,174: Total time for which application threads were stopped: 0,0000787 seconds, Stopping threads took: 0,0000323 seconds
{Heap before GC invocations=9 (full 1):
 par new generation   total 109248K, used 94436K [0x00000000e0000000, 0x00000000e8000000, 0x00000000e8000000)
  eden space 87424K, 100% used [0x00000000e0000000, 0x00000000e5560000, 0x00000000e5560000)
  from space 21824K,  32% used [0x00000000e6ab0000, 0x00000000e7189110, 0x00000000e8000000)
  to   space 21824K,   0% used [0x00000000e5560000, 0x00000000e5560000, 0x00000000e6ab0000)
 concurrent mark-sweep generation total 393216K, used 6060K [0x00000000e8000000, 0x0000000100000000, 0x0000000100000000)
 Metaspace       used 27978K, capacity 28486K, committed 28796K, reserved 1075200K
  class space    used 3213K, capacity 3388K, committed 3452K, reserved 1048576K
2017-03-26T08:21:32.673+0200: 170,861: [GC (Allocation Failure) 2017-03-26T08:21:32.674+0200: 170,861: [ParNew
Desired survivor size 20112992 bytes, new threshold 8 (max 8)
- age   1:   10700296 bytes,   10700296 total
- age   2:     327440 bytes,   11027736 total
- age   3:     233736 bytes,   11261472 total
- age   4:    1825416 bytes,   13086888 total
- age   5:      11048 bytes,   13097936 total
- age   6:      67736 bytes,   13165672 total
- age   7:      99016 bytes,   13264688 total
- age   8:     186552 bytes,   13451240 total
: 94436K->14266K(109248K), 0,0223794 secs] 100496K->21139K(502464K), 0,0228383 secs] [Times: user=0,05 sys=0,00, real=0,02 secs] 
Heap after GC invocations=10 (full 1):
 par new generation   total 109248K, used 14266K [0x00000000e0000000, 0x00000000e8000000, 0x00000000e8000000)
  eden space 87424K,   0% used [0x00000000e0000000, 0x00000000e0000000, 0x00000000e5560000)
  from space 21824K,  65% used [0x00000000e5560000, 0x00000000e634e990, 0x00000000e6ab0000)
  to   space 21824K,   0% used [0x00000000e6ab0000, 0x00000000e6ab0000, 0x00000000e8000000)
 concurrent mark-sweep generation total 393216K, used 6872K [0x00000000e8000000, 0x0000000100000000, 0x0000000100000000)
 Metaspace       used 27978K, capacity 28486K, committed 28796K, reserved 1075200K
  class space    used 3213K, capacity 3388K, committed 3452K, reserved 1048576K
}
2017-03-26T08:21:32.696+0200: 170,884: Total time for which application threads were stopped: 0,0236332 seconds, Stopping threads took: 0,0002067 seconds
2017-03-26T08:21:42.698+0200: 180,885: Total time for which application threads were stopped: 0,0003535 seconds, Stopping threads took: 0,0001461 seconds
2017-03-26T08:23:12.706+0200: 270,894: Total time for which application threads were stopped: 0,0000862 seconds, Stopping threads took: 0,0000352 seconds
2017-03-26T08:23:18.707+0200: 276,894: Total time for which application threads were stopped: 0,0000749 seconds, Stopping threads took: 0,0000191 seconds
2017-03-26T08:42:07.819+0200: 1406,006: Total time for which application threads were stopped: 0,0001266 seconds, Stopping threads took: 0,0000561 seconds
2017-03-26T08:47:32.852+0200: 1731,040: Total time for which application threads were stopped: 0,0000892 seconds, Stopping threads took: 0,0000363 seconds
2017-03-26T08:57:02.906+0200: 2301,094: Total time for which application threads were stopped: 0,0000847 seconds, Stopping threads took: 0,0000349 seconds
2017-03-26T08:57:03.906+0200: 2302,094: Total time for which application threads were stopped: 0,0000605 seconds, Stopping threads took: 0,0000144 seconds
2017-03-26T09:11:58.995+0200: 3197,183: Total time for which application threads were stopped: 0,0000803 seconds, Stopping threads took: 0,0000277 seconds
2017-03-26T09:23:08.059+0200: 3866,246: Total time for which application threads were stopped: 0,0000937 seconds, Stopping threads took: 0,0000349 seconds
2017-03-26T09:23:13.059+0200: 3871,247: Total time for which application threads were stopped: 0,0002751 seconds, Stopping threads took: 0,0000621 seconds
2017-03-26T09:37:09.138+0200: 4707,325: Total time for which application threads were stopped: 0,0000787 seconds, Stopping threads took: 0,0000318 seconds
2017-03-26T10:03:04.303+0200: 6262,490: Total time for which application threads were stopped: 0,0000773 seconds, Stopping threads took: 0,0000303 seconds
2017-03-26T10:20:43.413+0200: 7321,601: Total time for which application threads were stopped: 0,0000766 seconds, Stopping threads took: 0,0000285 seconds
2017-03-26T10:26:13.450+0200: 7651,638: Total time for which application threads were stopped: 0,0000856 seconds, Stopping threads took: 0,0000320 seconds
2017-03-26T10:26:43.454+0200: 7681,641: Total time for which application threads were stopped: 0,0003501 seconds, Stopping threads took: 0,0001169 seconds
2017-03-26T10:27:13.457+0200: 7711,644: Total time for which application threads were stopped: 0,0001005 seconds, Stopping threads took: 0,0000389 seconds
2017-03-26T11:24:43.793+0200: 11161,981: Total time for which application threads were stopped: 0,0002981 seconds, Stopping threads took: 0,0001354 seconds
2017-03-26T11:57:07.240+0200: 13105,427: Total time for which application threads were stopped: 0,0601341 seconds, Stopping threads took: 0,0600318 seconds
2017-03-26T11:57:07.242+0200: 13105,430: Total time for which application threads were stopped: 0,0000955 seconds, Stopping threads took: 0,0000143 seconds
2017-03-26T11:57:07.275+0200: 13105,463: Total time for which application threads were stopped: 0,0001029 seconds, Stopping threads took: 0,0000279 seconds
2017-03-26T11:57:07.276+0200: 13105,464: Total time for which application threads were stopped: 0,0001236 seconds, Stopping threads took: 0,0000291 seconds
2017-03-26T11:57:07.277+0200: 13105,465: Total time for which application threads were stopped: 0,0000828 seconds, Stopping threads took: 0,0000242 seconds
2017-03-26T11:57:07.278+0200: 13105,465: Total time for which application threads were stopped: 0,0001177 seconds, Stopping threads took: 0,0000282 seconds
Heap
 par new generation   total 109248K, used 34586K [0x00000000e0000000, 0x00000000e8000000, 0x00000000e8000000)
  eden space 87424K,  23% used [0x00000000e0000000, 0x00000000e13d8130, 0x00000000e5560000)
  from space 21824K,  65% used [0x00000000e5560000, 0x00000000e634e990, 0x00000000e6ab0000)
  to   space 21824K,   0% used [0x00000000e6ab0000, 0x00000000e6ab0000, 0x00000000e8000000)
 concurrent mark-sweep generation total 393216K, used 6872K [0x00000000e8000000, 0x0000000100000000, 0x0000000100000000)
 Metaspace       used 28126K, capacity 28590K, committed 28796K, reserved 1075200K
  class space    used 3227K, capacity 3422K, committed 3452K, reserved 1048576K
