OpenJDK 64-Bit Server VM (25.131-b11) for linux-amd64 JRE (1.8.0_131-8u131-b11-0ubuntu1.16.04.2-b11), built on May  6 2017 02:45:27 by "buildd" with gcc 5.4.0 20160609
Memory: 4k page, physical 7867740k(7404896k free), swap 8076284k(8076284k free)
CommandLine flags: -XX:CMSInitiatingOccupancyFraction=50 -XX:CMSMaxAbortablePrecleanTime=6000 -XX:+CMSParallelRemarkEnabled -XX:+CMSScavengeBeforeRemark -XX:ConcGCThreads=4 -XX:InitialHeapSize=536870912 -XX:MaxHeapSize=536870912 -XX:MaxTenuringThreshold=8 -XX:NewRatio=3 -XX:OldPLABSize=16 -XX:OnOutOfMemoryError=/opt/solr/bin/oom_solr.sh 8983 /var/solr/logs -XX:ParallelGCThreads=4 -XX:+ParallelRefProcEnabled -XX:PretenureSizeThreshold=67108864 -XX:+PrintGC -XX:+PrintGCApplicationStoppedTime -XX:+PrintGCDateStamps -XX:+PrintGCDetails -XX:+PrintGCTimeStamps -XX:+PrintHeapAtGC -XX:+PrintTenuringDistribution -XX:SurvivorRatio=4 -XX:TargetSurvivorRatio=90 -XX:ThreadStackSize=256 -XX:+UseCMSInitiatingOccupancyOnly -XX:+UseCompressedClassPointers -XX:+UseCompressedOops -XX:+UseConcMarkSweepGC -XX:+UseParNewGC 
2017-06-06T14:57:34.998+0200: 0,133: Total time for which application threads were stopped: 0,0000886 seconds, Stopping threads took: 0,0000234 seconds
2017-06-06T14:57:35.085+0200: 0,220: Total time for which application threads were stopped: 0,0001015 seconds, Stopping threads took: 0,0000132 seconds
2017-06-06T14:57:35.097+0200: 0,232: Total time for which application threads were stopped: 0,0000753 seconds, Stopping threads took: 0,0000115 seconds
2017-06-06T14:57:35.328+0200: 0,463: Total time for which application threads were stopped: 0,0001579 seconds, Stopping threads took: 0,0000169 seconds
2017-06-06T14:57:35.780+0200: 0,915: Total time for which application threads were stopped: 0,0001613 seconds, Stopping threads took: 0,0000177 seconds
2017-06-06T14:57:36.004+0200: 1,139: Total time for which application threads were stopped: 0,0001867 seconds, Stopping threads took: 0,0000285 seconds
2017-06-06T14:57:36.056+0200: 1,191: Total time for which application threads were stopped: 0,0003646 seconds, Stopping threads took: 0,0000559 seconds
2017-06-06T14:57:36.442+0200: 1,577: Total time for which application threads were stopped: 0,0002045 seconds, Stopping threads took: 0,0000247 seconds
2017-06-06T14:57:36.692+0200: 1,827: Total time for which application threads were stopped: 0,0013885 seconds, Stopping threads took: 0,0001887 seconds
2017-06-06T14:57:36.715+0200: 1,850: Total time for which application threads were stopped: 0,0001895 seconds, Stopping threads took: 0,0000316 seconds
2017-06-06T14:57:36.739+0200: 1,874: Total time for which application threads were stopped: 0,0002304 seconds, Stopping threads took: 0,0000220 seconds
2017-06-06T14:57:36.740+0200: 1,875: Total time for which application threads were stopped: 0,0002050 seconds, Stopping threads took: 0,0000228 seconds
2017-06-06T14:57:36.753+0200: 1,888: Total time for which application threads were stopped: 0,0001708 seconds, Stopping threads took: 0,0000122 seconds
2017-06-06T14:57:36.820+0200: 1,955: Total time for which application threads were stopped: 0,0002478 seconds, Stopping threads took: 0,0000225 seconds
2017-06-06T14:57:36.982+0200: 2,117: Total time for which application threads were stopped: 0,0002558 seconds, Stopping threads took: 0,0000343 seconds
{Heap before GC invocations=0 (full 0):
 par new generation   total 109248K, used 87424K [0x00000000e0000000, 0x00000000e8000000, 0x00000000e8000000)
  eden space 87424K, 100% used [0x00000000e0000000, 0x00000000e5560000, 0x00000000e5560000)
  from space 21824K,   0% used [0x00000000e5560000, 0x00000000e5560000, 0x00000000e6ab0000)
  to   space 21824K,   0% used [0x00000000e6ab0000, 0x00000000e6ab0000, 0x00000000e8000000)
 concurrent mark-sweep generation total 393216K, used 0K [0x00000000e8000000, 0x0000000100000000, 0x0000000100000000)
 Metaspace       used 18202K, capacity 18464K, committed 18688K, reserved 1064960K
  class space    used 2059K, capacity 2196K, committed 2304K, reserved 1048576K
2017-06-06T14:57:37.100+0200: 2,235: [GC (Allocation Failure) 2017-06-06T14:57:37.100+0200: 2,235: [ParNew
Desired survivor size 20112992 bytes, new threshold 8 (max 8)
- age   1:   12827168 bytes,   12827168 total
: 87424K->12647K(109248K), 0,0158434 secs] 87424K->12647K(502464K), 0,0159308 secs] [Times: user=0,03 sys=0,03, real=0,02 secs] 
Heap after GC invocations=1 (full 0):
 par new generation   total 109248K, used 12647K [0x00000000e0000000, 0x00000000e8000000, 0x00000000e8000000)
  eden space 87424K,   0% used [0x00000000e0000000, 0x00000000e0000000, 0x00000000e5560000)
  from space 21824K,  57% used [0x00000000e6ab0000, 0x00000000e7709dd0, 0x00000000e8000000)
  to   space 21824K,   0% used [0x00000000e5560000, 0x00000000e5560000, 0x00000000e6ab0000)
 concurrent mark-sweep generation total 393216K, used 0K [0x00000000e8000000, 0x0000000100000000, 0x0000000100000000)
 Metaspace       used 18202K, capacity 18464K, committed 18688K, reserved 1064960K
  class space    used 2059K, capacity 2196K, committed 2304K, reserved 1048576K
}
2017-06-06T14:57:37.116+0200: 2,251: Total time for which application threads were stopped: 0,0161237 seconds, Stopping threads took: 0,0000129 seconds
2017-06-06T14:57:37.366+0200: 2,501: Total time for which application threads were stopped: 0,0003553 seconds, Stopping threads took: 0,0000315 seconds
2017-06-06T14:57:37.423+0200: 2,558: Total time for which application threads were stopped: 0,0004250 seconds, Stopping threads took: 0,0000858 seconds
{Heap before GC invocations=1 (full 0):
 par new generation   total 109248K, used 100071K [0x00000000e0000000, 0x00000000e8000000, 0x00000000e8000000)
  eden space 87424K, 100% used [0x00000000e0000000, 0x00000000e5560000, 0x00000000e5560000)
  from space 21824K,  57% used [0x00000000e6ab0000, 0x00000000e7709dd0, 0x00000000e8000000)
  to   space 21824K,   0% used [0x00000000e5560000, 0x00000000e5560000, 0x00000000e6ab0000)
 concurrent mark-sweep generation total 393216K, used 0K [0x00000000e8000000, 0x0000000100000000, 0x0000000100000000)
 Metaspace       used 20043K, capacity 20370K, committed 20736K, reserved 1067008K
  class space    used 2297K, capacity 2471K, committed 2560K, reserved 1048576K
2017-06-06T14:57:37.423+0200: 2,558: [GC (Allocation Failure) 2017-06-06T14:57:37.423+0200: 2,558: [ParNew
Desired survivor size 20112992 bytes, new threshold 8 (max 8)
- age   1:    3567576 bytes,    3567576 total
- age   2:    6696792 bytes,   10264368 total
: 100071K->15957K(109248K), 0,0099685 secs] 100071K->15957K(502464K), 0,0100370 secs] [Times: user=0,03 sys=0,00, real=0,01 secs] 
Heap after GC invocations=2 (full 0):
 par new generation   total 109248K, used 15957K [0x00000000e0000000, 0x00000000e8000000, 0x00000000e8000000)
  eden space 87424K,   0% used [0x00000000e0000000, 0x00000000e0000000, 0x00000000e5560000)
  from space 21824K,  73% used [0x00000000e5560000, 0x00000000e64f56c0, 0x00000000e6ab0000)
  to   space 21824K,   0% used [0x00000000e6ab0000, 0x00000000e6ab0000, 0x00000000e8000000)
 concurrent mark-sweep generation total 393216K, used 0K [0x00000000e8000000, 0x0000000100000000, 0x0000000100000000)
 Metaspace       used 20043K, capacity 20370K, committed 20736K, reserved 1067008K
  class space    used 2297K, capacity 2471K, committed 2560K, reserved 1048576K
}
2017-06-06T14:57:37.433+0200: 2,568: Total time for which application threads were stopped: 0,0101970 seconds, Stopping threads took: 0,0000392 seconds
2017-06-06T14:57:37.480+0200: 2,615: Total time for which application threads were stopped: 0,0003393 seconds, Stopping threads took: 0,0000481 seconds
2017-06-06T14:57:37.620+0200: 2,755: Total time for which application threads were stopped: 0,0007662 seconds, Stopping threads took: 0,0006462 seconds
{Heap before GC invocations=2 (full 0):
 par new generation   total 109248K, used 103381K [0x00000000e0000000, 0x00000000e8000000, 0x00000000e8000000)
  eden space 87424K, 100% used [0x00000000e0000000, 0x00000000e5560000, 0x00000000e5560000)
  from space 21824K,  73% used [0x00000000e5560000, 0x00000000e64f56c0, 0x00000000e6ab0000)
  to   space 21824K,   0% used [0x00000000e6ab0000, 0x00000000e6ab0000, 0x00000000e8000000)
 concurrent mark-sweep generation total 393216K, used 0K [0x00000000e8000000, 0x0000000100000000, 0x0000000100000000)
 Metaspace       used 20941K, capacity 21292K, committed 21552K, reserved 1069056K
  class space    used 2417K, capacity 2590K, committed 2608K, reserved 1048576K
2017-06-06T14:57:37.648+0200: 2,783: [GC (Allocation Failure) 2017-06-06T14:57:37.648+0200: 2,783: [ParNew
Desired survivor size 20112992 bytes, new threshold 8 (max 8)
- age   1:    1948520 bytes,    1948520 total
- age   2:     829088 bytes,    2777608 total
- age   3:    6694352 bytes,    9471960 total
: 103381K->12376K(109248K), 0,0093031 secs] 103381K->12376K(502464K), 0,0093760 secs] [Times: user=0,03 sys=0,00, real=0,01 secs] 
Heap after GC invocations=3 (full 0):
 par new generation   total 109248K, used 12376K [0x00000000e0000000, 0x00000000e8000000, 0x00000000e8000000)
  eden space 87424K,   0% used [0x00000000e0000000, 0x00000000e0000000, 0x00000000e5560000)
  from space 21824K,  56% used [0x00000000e6ab0000, 0x00000000e76c62e0, 0x00000000e8000000)
  to   space 21824K,   0% used [0x00000000e5560000, 0x00000000e5560000, 0x00000000e6ab0000)
 concurrent mark-sweep generation total 393216K, used 0K [0x00000000e8000000, 0x0000000100000000, 0x0000000100000000)
 Metaspace       used 20941K, capacity 21292K, committed 21552K, reserved 1069056K
  class space    used 2417K, capacity 2590K, committed 2608K, reserved 1048576K
}
2017-06-06T14:57:37.658+0200: 2,793: Total time for which application threads were stopped: 0,0095691 seconds, Stopping threads took: 0,0000481 seconds
2017-06-06T14:57:37.658+0200: 2,793: [GC (CMS Initial Mark) [1 CMS-initial-mark: 0K(393216K)] 12386K(502464K), 0,0046749 secs] [Times: user=0,02 sys=0,00, real=0,00 secs] 
2017-06-06T14:57:37.663+0200: 2,798: Total time for which application threads were stopped: 0,0048245 seconds, Stopping threads took: 0,0000404 seconds
2017-06-06T14:57:37.663+0200: 2,798: [CMS-concurrent-mark-start]
2017-06-06T14:57:37.663+0200: 2,798: [CMS-concurrent-mark: 0,001/0,001 secs] [Times: user=0,00 sys=0,00, real=0,00 secs] 
2017-06-06T14:57:37.664+0200: 2,799: [CMS-concurrent-preclean-start]
2017-06-06T14:57:37.665+0200: 2,800: [CMS-concurrent-preclean: 0,001/0,001 secs] [Times: user=0,00 sys=0,00, real=0,00 secs] 
2017-06-06T14:57:37.665+0200: 2,800: [GC (CMS Final Remark) [YG occupancy: 13053 K (109248 K)]2017-06-06T14:57:37.665+0200: 2,800: [Rescan (parallel) , 0,0043451 secs]2017-06-06T14:57:37.669+0200: 2,804: [weak refs processing, 0,0014729 secs]2017-06-06T14:57:37.671+0200: 2,806: [class unloading, 0,0026606 secs]2017-06-06T14:57:37.673+0200: 2,808: [scrub symbol table, 0,0025614 secs]2017-06-06T14:57:37.676+0200: 2,811: [scrub string table, 0,0003980 secs][1 CMS-remark: 0K(393216K)] 13053K(502464K), 0,0119853 secs] [Times: user=0,03 sys=0,00, real=0,02 secs] 
2017-06-06T14:57:37.677+0200: 2,812: Total time for which application threads were stopped: 0,0120946 seconds, Stopping threads took: 0,0000277 seconds
2017-06-06T14:57:37.677+0200: 2,812: [CMS-concurrent-sweep-start]
2017-06-06T14:57:37.677+0200: 2,812: [CMS-concurrent-sweep: 0,000/0,000 secs] [Times: user=0,00 sys=0,00, real=0,00 secs] 
{Heap before GC invocations=3 (full 1):
 par new generation   total 109248K, used 13819K [0x00000000e0000000, 0x00000000e8000000, 0x00000000e8000000)
  eden space 87424K,   1% used [0x00000000e0000000, 0x00000000e0168be8, 0x00000000e5560000)
  from space 21824K,  56% used [0x00000000e6ab0000, 0x00000000e76c62e0, 0x00000000e8000000)
  to   space 21824K,   0% used [0x00000000e5560000, 0x00000000e5560000, 0x00000000e6ab0000)
 concurrent mark-sweep generation total 393216K, used 0K [0x00000000e8000000, 0x0000000100000000, 0x0000000100000000)
 Metaspace       used 20942K, capacity 21292K, committed 21552K, reserved 1069056K
  class space    used 2417K, capacity 2590K, committed 2608K, reserved 1048576K
2017-06-06T14:57:37.679+0200: 2,814: [GC (GCLocker Initiated GC) 2017-06-06T14:57:37.679+0200: 2,814: [ParNew
Desired survivor size 20112992 bytes, new threshold 8 (max 8)
- age   1:       2344 bytes,       2344 total
- age   2:    1452992 bytes,    1455336 total
- age   3:     799904 bytes,    2255240 total
- age   4:    6695832 bytes,    8951072 total
: 13819K->11484K(109248K), 0,0085766 secs] 13819K->11484K(502464K), 0,0086493 secs] [Times: user=0,02 sys=0,00, real=0,01 secs] 
Heap after GC invocations=4 (full 1):
 par new generation   total 109248K, used 11484K [0x00000000e0000000, 0x00000000e8000000, 0x00000000e8000000)
  eden space 87424K,   0% used [0x00000000e0000000, 0x00000000e0000000, 0x00000000e5560000)
  from space 21824K,  52% used [0x00000000e5560000, 0x00000000e60972c0, 0x00000000e6ab0000)
  to   space 21824K,   0% used [0x00000000e6ab0000, 0x00000000e6ab0000, 0x00000000e8000000)
 concurrent mark-sweep generation total 393216K, used 0K [0x00000000e8000000, 0x0000000100000000, 0x0000000100000000)
 Metaspace       used 20942K, capacity 21292K, committed 21552K, reserved 1069056K
  class space    used 2417K, capacity 2590K, committed 2608K, reserved 1048576K
}
2017-06-06T14:57:37.688+0200: 2,823: Total time for which application threads were stopped: 0,0088009 seconds, Stopping threads took: 0,0000212 seconds
2017-06-06T14:57:37.688+0200: 2,823: [CMS-concurrent-reset-start]
2017-06-06T14:57:37.690+0200: 2,825: [CMS-concurrent-reset: 0,002/0,002 secs] [Times: user=0,01 sys=0,00, real=0,00 secs] 
{Heap before GC invocations=4 (full 1):
 par new generation   total 109248K, used 98908K [0x00000000e0000000, 0x00000000e8000000, 0x00000000e8000000)
  eden space 87424K, 100% used [0x00000000e0000000, 0x00000000e5560000, 0x00000000e5560000)
  from space 21824K,  52% used [0x00000000e5560000, 0x00000000e60972c0, 0x00000000e6ab0000)
  to   space 21824K,   0% used [0x00000000e6ab0000, 0x00000000e6ab0000, 0x00000000e8000000)
 concurrent mark-sweep generation total 393216K, used 0K [0x00000000e8000000, 0x0000000100000000, 0x0000000100000000)
 Metaspace       used 21203K, capacity 21562K, committed 21808K, reserved 1069056K
  class space    used 2449K, capacity 2604K, committed 2608K, reserved 1048576K
2017-06-06T14:57:37.798+0200: 2,933: [GC (Allocation Failure) 2017-06-06T14:57:37.798+0200: 2,933: [ParNew
Desired survivor size 20112992 bytes, new threshold 8 (max 8)
- age   1:    1011552 bytes,    1011552 total
- age   2:        960 bytes,    1012512 total
- age   3:    1448864 bytes,    2461376 total
- age   4:     799552 bytes,    3260928 total
- age   5:    6694544 bytes,    9955472 total
: 98908K->12171K(109248K), 0,0110127 secs] 98908K->12171K(502464K), 0,0110700 secs] [Times: user=0,04 sys=0,00, real=0,01 secs] 
Heap after GC invocations=5 (full 1):
 par new generation   total 109248K, used 12171K [0x00000000e0000000, 0x00000000e8000000, 0x00000000e8000000)
  eden space 87424K,   0% used [0x00000000e0000000, 0x00000000e0000000, 0x00000000e5560000)
  from space 21824K,  55% used [0x00000000e6ab0000, 0x00000000e7692c48, 0x00000000e8000000)
  to   space 21824K,   0% used [0x00000000e5560000, 0x00000000e5560000, 0x00000000e6ab0000)
 concurrent mark-sweep generation total 393216K, used 0K [0x00000000e8000000, 0x0000000100000000, 0x0000000100000000)
 Metaspace       used 21203K, capacity 21562K, committed 21808K, reserved 1069056K
  class space    used 2449K, capacity 2604K, committed 2608K, reserved 1048576K
}
2017-06-06T14:57:37.809+0200: 2,944: Total time for which application threads were stopped: 0,0139112 seconds, Stopping threads took: 0,0027110 seconds
{Heap before GC invocations=5 (full 1):
 par new generation   total 109248K, used 99595K [0x00000000e0000000, 0x00000000e8000000, 0x00000000e8000000)
  eden space 87424K, 100% used [0x00000000e0000000, 0x00000000e5560000, 0x00000000e5560000)
  from space 21824K,  55% used [0x00000000e6ab0000, 0x00000000e7692c48, 0x00000000e8000000)
  to   space 21824K,   0% used [0x00000000e5560000, 0x00000000e5560000, 0x00000000e6ab0000)
 concurrent mark-sweep generation total 393216K, used 0K [0x00000000e8000000, 0x0000000100000000, 0x0000000100000000)
 Metaspace       used 21399K, capacity 21734K, committed 21936K, reserved 1069056K
  class space    used 2471K, capacity 2638K, committed 2736K, reserved 1048576K
2017-06-06T14:57:37.897+0200: 3,032: [GC (Allocation Failure) 2017-06-06T14:57:37.897+0200: 3,032: [ParNew
Desired survivor size 20112992 bytes, new threshold 8 (max 8)
- age   1:     707240 bytes,     707240 total
- age   2:     180608 bytes,     887848 total
- age   3:        960 bytes,     888808 total
- age   4:    1442824 bytes,    2331632 total
- age   5:     797632 bytes,    3129264 total
- age   6:    6694536 bytes,    9823800 total
: 99595K->14696K(109248K), 0,0103699 secs] 99595K->14696K(502464K), 0,0104499 secs] [Times: user=0,04 sys=0,00, real=0,01 secs] 
Heap after GC invocations=6 (full 1):
 par new generation   total 109248K, used 14696K [0x00000000e0000000, 0x00000000e8000000, 0x00000000e8000000)
  eden space 87424K,   0% used [0x00000000e0000000, 0x00000000e0000000, 0x00000000e5560000)
  from space 21824K,  67% used [0x00000000e5560000, 0x00000000e63ba158, 0x00000000e6ab0000)
  to   space 21824K,   0% used [0x00000000e6ab0000, 0x00000000e6ab0000, 0x00000000e8000000)
 concurrent mark-sweep generation total 393216K, used 0K [0x00000000e8000000, 0x0000000100000000, 0x0000000100000000)
 Metaspace       used 21399K, capacity 21734K, committed 21936K, reserved 1069056K
  class space    used 2471K, capacity 2638K, committed 2736K, reserved 1048576K
}
2017-06-06T14:57:37.907+0200: 3,042: Total time for which application threads were stopped: 0,0107119 seconds, Stopping threads took: 0,0001042 seconds
2017-06-06T14:57:37.937+0200: 3,072: Total time for which application threads were stopped: 0,0003385 seconds, Stopping threads took: 0,0000213 seconds
2017-06-06T14:57:38.195+0200: 3,330: Total time for which application threads were stopped: 0,0004648 seconds, Stopping threads took: 0,0000515 seconds
2017-06-06T14:57:38.213+0200: 3,348: Total time for which application threads were stopped: 0,0004126 seconds, Stopping threads took: 0,0000398 seconds
{Heap before GC invocations=6 (full 1):
 par new generation   total 109248K, used 102120K [0x00000000e0000000, 0x00000000e8000000, 0x00000000e8000000)
  eden space 87424K, 100% used [0x00000000e0000000, 0x00000000e5560000, 0x00000000e5560000)
  from space 21824K,  67% used [0x00000000e5560000, 0x00000000e63ba158, 0x00000000e6ab0000)
  to   space 21824K,   0% used [0x00000000e6ab0000, 0x00000000e6ab0000, 0x00000000e8000000)
 concurrent mark-sweep generation total 393216K, used 0K [0x00000000e8000000, 0x0000000100000000, 0x0000000100000000)
 Metaspace       used 24225K, capacity 24680K, committed 24880K, reserved 1071104K
  class space    used 2846K, capacity 3045K, committed 3120K, reserved 1048576K
2017-06-06T14:57:38.377+0200: 3,512: [GC (Allocation Failure) 2017-06-06T14:57:38.377+0200: 3,512: [ParNew
Desired survivor size 20112992 bytes, new threshold 8 (max 8)
- age   1:    5733344 bytes,    5733344 total
- age   2:     141704 bytes,    5875048 total
- age   3:     179392 bytes,    6054440 total
- age   4:        936 bytes,    6055376 total
- age   5:     273176 bytes,    6328552 total
- age   6:     771608 bytes,    7100160 total
- age   7:    6685856 bytes,   13786016 total
: 102120K->15742K(109248K), 0,0120072 secs] 102120K->15742K(502464K), 0,0120756 secs] [Times: user=0,04 sys=0,01, real=0,01 secs] 
Heap after GC invocations=7 (full 1):
 par new generation   total 109248K, used 15742K [0x00000000e0000000, 0x00000000e8000000, 0x00000000e8000000)
  eden space 87424K,   0% used [0x00000000e0000000, 0x00000000e0000000, 0x00000000e5560000)
  from space 21824K,  72% used [0x00000000e6ab0000, 0x00000000e7a0f960, 0x00000000e8000000)
  to   space 21824K,   0% used [0x00000000e5560000, 0x00000000e5560000, 0x00000000e6ab0000)
 concurrent mark-sweep generation total 393216K, used 0K [0x00000000e8000000, 0x0000000100000000, 0x0000000100000000)
 Metaspace       used 24225K, capacity 24680K, committed 24880K, reserved 1071104K
  class space    used 2846K, capacity 3045K, committed 3120K, reserved 1048576K
}
2017-06-06T14:57:38.389+0200: 3,524: Total time for which application threads were stopped: 0,0124656 seconds, Stopping threads took: 0,0001910 seconds
{Heap before GC invocations=7 (full 1):
 par new generation   total 109248K, used 103166K [0x00000000e0000000, 0x00000000e8000000, 0x00000000e8000000)
  eden space 87424K, 100% used [0x00000000e0000000, 0x00000000e5560000, 0x00000000e5560000)
  from space 21824K,  72% used [0x00000000e6ab0000, 0x00000000e7a0f960, 0x00000000e8000000)
  to   space 21824K,   0% used [0x00000000e5560000, 0x00000000e5560000, 0x00000000e6ab0000)
 concurrent mark-sweep generation total 393216K, used 0K [0x00000000e8000000, 0x0000000100000000, 0x0000000100000000)
 Metaspace       used 24720K, capacity 25166K, committed 25392K, reserved 1071104K
  class space    used 2892K, capacity 3078K, committed 3120K, reserved 1048576K
2017-06-06T14:57:38.473+0200: 3,608: [GC (Allocation Failure) 2017-06-06T14:57:38.473+0200: 3,608: [ParNew
Desired survivor size 20112992 bytes, new threshold 8 (max 8)
- age   1:    1984920 bytes,    1984920 total
- age   2:    1829768 bytes,    3814688 total
- age   3:      49360 bytes,    3864048 total
- age   4:     109088 bytes,    3973136 total
- age   5:        904 bytes,    3974040 total
- age   6:     177216 bytes,    4151256 total
- age   7:     719712 bytes,    4870968 total
- age   8:    6151264 bytes,   11022232 total
: 103166K->16832K(109248K), 0,0159547 secs] 103166K->16832K(502464K), 0,0160297 secs] [Times: user=0,04 sys=0,00, real=0,02 secs] 
Heap after GC invocations=8 (full 1):
 par new generation   total 109248K, used 16832K [0x00000000e0000000, 0x00000000e8000000, 0x00000000e8000000)
  eden space 87424K,   0% used [0x00000000e0000000, 0x00000000e0000000, 0x00000000e5560000)
  from space 21824K,  77% used [0x00000000e5560000, 0x00000000e65d01f0, 0x00000000e6ab0000)
  to   space 21824K,   0% used [0x00000000e6ab0000, 0x00000000e6ab0000, 0x00000000e8000000)
 concurrent mark-sweep generation total 393216K, used 0K [0x00000000e8000000, 0x0000000100000000, 0x0000000100000000)
 Metaspace       used 24720K, capacity 25166K, committed 25392K, reserved 1071104K
  class space    used 2892K, capacity 3078K, committed 3120K, reserved 1048576K
}
2017-06-06T14:57:38.489+0200: 3,624: Total time for which application threads were stopped: 0,0162648 seconds, Stopping threads took: 0,0000720 seconds
{Heap before GC invocations=8 (full 1):
 par new generation   total 109248K, used 104256K [0x00000000e0000000, 0x00000000e8000000, 0x00000000e8000000)
  eden space 87424K, 100% used [0x00000000e0000000, 0x00000000e5560000, 0x00000000e5560000)
  from space 21824K,  77% used [0x00000000e5560000, 0x00000000e65d01f0, 0x00000000e6ab0000)
  to   space 21824K,   0% used [0x00000000e6ab0000, 0x00000000e6ab0000, 0x00000000e8000000)
 concurrent mark-sweep generation total 393216K, used 0K [0x00000000e8000000, 0x0000000100000000, 0x0000000100000000)
 Metaspace       used 24986K, capacity 25448K, committed 25648K, reserved 1071104K
  class space    used 2909K, capacity 3083K, committed 3120K, reserved 1048576K
2017-06-06T14:57:38.613+0200: 3,748: [GC (Allocation Failure) 2017-06-06T14:57:38.613+0200: 3,748: [ParNew
Desired survivor size 20112992 bytes, new threshold 8 (max 8)
- age   1:     632592 bytes,     632592 total
- age   2:    1061976 bytes,    1694568 total
- age   3:    1806864 bytes,    3501432 total
- age   4:      49360 bytes,    3550792 total
- age   5:     108984 bytes,    3659776 total
- age   6:        904 bytes,    3660680 total
- age   7:     176880 bytes,    3837560 total
- age   8:     719712 bytes,    4557272 total
: 104256K->8244K(109248K), 0,0369373 secs] 104256K->14334K(502464K), 0,0370080 secs] [Times: user=0,11 sys=0,00, real=0,04 secs] 
Heap after GC invocations=9 (full 1):
 par new generation   total 109248K, used 8244K [0x00000000e0000000, 0x00000000e8000000, 0x00000000e8000000)
  eden space 87424K,   0% used [0x00000000e0000000, 0x00000000e0000000, 0x00000000e5560000)
  from space 21824K,  37% used [0x00000000e6ab0000, 0x00000000e72bd1e0, 0x00000000e8000000)
  to   space 21824K,   0% used [0x00000000e5560000, 0x00000000e5560000, 0x00000000e6ab0000)
 concurrent mark-sweep generation total 393216K, used 6090K [0x00000000e8000000, 0x0000000100000000, 0x0000000100000000)
 Metaspace       used 24986K, capacity 25448K, committed 25648K, reserved 1071104K
  class space    used 2909K, capacity 3083K, committed 3120K, reserved 1048576K
}
2017-06-06T14:57:38.650+0200: 3,785: Total time for which application threads were stopped: 0,0372332 seconds, Stopping threads took: 0,0000676 seconds
2017-06-06T14:57:38.903+0200: 4,038: Total time for which application threads were stopped: 0,0004081 seconds, Stopping threads took: 0,0000264 seconds
2017-06-06T14:57:38.916+0200: 4,051: Total time for which application threads were stopped: 0,0003966 seconds, Stopping threads took: 0,0000227 seconds
2017-06-06T14:57:38.922+0200: 4,057: Total time for which application threads were stopped: 0,0003690 seconds, Stopping threads took: 0,0000552 seconds
2017-06-06T14:57:38.926+0200: 4,061: Total time for which application threads were stopped: 0,0027481 seconds, Stopping threads took: 0,0026657 seconds
2017-06-06T14:57:38.932+0200: 4,067: Total time for which application threads were stopped: 0,0001208 seconds, Stopping threads took: 0,0000378 seconds
2017-06-06T14:57:38.933+0200: 4,068: Total time for which application threads were stopped: 0,0001233 seconds, Stopping threads took: 0,0000411 seconds
2017-06-06T14:57:38.934+0200: 4,069: Total time for which application threads were stopped: 0,0001069 seconds, Stopping threads took: 0,0000345 seconds
2017-06-06T14:57:38.979+0200: 4,114: Total time for which application threads were stopped: 0,0042004 seconds, Stopping threads took: 0,0038061 seconds
2017-06-06T14:57:38.992+0200: 4,127: Total time for which application threads were stopped: 0,0005737 seconds, Stopping threads took: 0,0004935 seconds
2017-06-06T14:57:38.996+0200: 4,131: Total time for which application threads were stopped: 0,0001383 seconds, Stopping threads took: 0,0000256 seconds
2017-06-06T14:57:38.997+0200: 4,132: Total time for which application threads were stopped: 0,0000993 seconds, Stopping threads took: 0,0000149 seconds
2017-06-06T14:57:39.012+0200: 4,147: Total time for which application threads were stopped: 0,0001180 seconds, Stopping threads took: 0,0000244 seconds
2017-06-06T14:57:39.014+0200: 4,149: Total time for which application threads were stopped: 0,0014450 seconds, Stopping threads took: 0,0013446 seconds
2017-06-06T14:57:39.018+0200: 4,153: Total time for which application threads were stopped: 0,0014754 seconds, Stopping threads took: 0,0000401 seconds
2017-06-06T14:57:39.023+0200: 4,158: Total time for which application threads were stopped: 0,0001363 seconds, Stopping threads took: 0,0000238 seconds
2017-06-06T14:57:39.023+0200: 4,158: Total time for which application threads were stopped: 0,0001061 seconds, Stopping threads took: 0,0000318 seconds
2017-06-06T14:57:39.023+0200: 4,158: Total time for which application threads were stopped: 0,0001023 seconds, Stopping threads took: 0,0000253 seconds
2017-06-06T14:57:39.023+0200: 4,158: Total time for which application threads were stopped: 0,0000841 seconds, Stopping threads took: 0,0000114 seconds
2017-06-06T14:57:39.023+0200: 4,158: Total time for which application threads were stopped: 0,0000815 seconds, Stopping threads took: 0,0000224 seconds
2017-06-06T14:57:39.024+0200: 4,159: Total time for which application threads were stopped: 0,0000969 seconds, Stopping threads took: 0,0000283 seconds
2017-06-06T14:57:39.026+0200: 4,161: Total time for which application threads were stopped: 0,0027886 seconds, Stopping threads took: 0,0026601 seconds
2017-06-06T14:57:39.027+0200: 4,162: Total time for which application threads were stopped: 0,0001026 seconds, Stopping threads took: 0,0000168 seconds
2017-06-06T14:57:39.027+0200: 4,162: Total time for which application threads were stopped: 0,0000902 seconds, Stopping threads took: 0,0000109 seconds
2017-06-06T14:57:39.027+0200: 4,162: Total time for which application threads were stopped: 0,0000730 seconds, Stopping threads took: 0,0000097 seconds
2017-06-06T14:57:39.027+0200: 4,162: Total time for which application threads were stopped: 0,0000797 seconds, Stopping threads took: 0,0000141 seconds
2017-06-06T14:57:39.028+0200: 4,163: Total time for which application threads were stopped: 0,0002792 seconds, Stopping threads took: 0,0000094 seconds
2017-06-06T14:57:39.038+0200: 4,173: Total time for which application threads were stopped: 0,0001862 seconds, Stopping threads took: 0,0000665 seconds
2017-06-06T14:57:39.039+0200: 4,174: Total time for which application threads were stopped: 0,0004338 seconds, Stopping threads took: 0,0003270 seconds
2017-06-06T14:57:39.039+0200: 4,174: Total time for which application threads were stopped: 0,0001026 seconds, Stopping threads took: 0,0000167 seconds
2017-06-06T14:57:39.039+0200: 4,174: Total time for which application threads were stopped: 0,0000854 seconds, Stopping threads took: 0,0000123 seconds
2017-06-06T14:57:39.039+0200: 4,174: Total time for which application threads were stopped: 0,0000748 seconds, Stopping threads took: 0,0000104 seconds
2017-06-06T14:57:39.040+0200: 4,175: Total time for which application threads were stopped: 0,0000909 seconds, Stopping threads took: 0,0000138 seconds
2017-06-06T14:57:39.040+0200: 4,175: Total time for which application threads were stopped: 0,0000757 seconds, Stopping threads took: 0,0000102 seconds
2017-06-06T14:57:39.040+0200: 4,175: Total time for which application threads were stopped: 0,0000795 seconds, Stopping threads took: 0,0000130 seconds
2017-06-06T14:57:39.040+0200: 4,175: Total time for which application threads were stopped: 0,0000759 seconds, Stopping threads took: 0,0000103 seconds
2017-06-06T14:57:39.040+0200: 4,175: Total time for which application threads were stopped: 0,0000715 seconds, Stopping threads took: 0,0000097 seconds
2017-06-06T14:57:39.040+0200: 4,175: Total time for which application threads were stopped: 0,0000772 seconds, Stopping threads took: 0,0000111 seconds
2017-06-06T14:57:39.041+0200: 4,176: Total time for which application threads were stopped: 0,0000693 seconds, Stopping threads took: 0,0000091 seconds
2017-06-06T14:57:39.041+0200: 4,176: Total time for which application threads were stopped: 0,0000743 seconds, Stopping threads took: 0,0000133 seconds
2017-06-06T14:57:39.046+0200: 4,181: Total time for which application threads were stopped: 0,0028844 seconds, Stopping threads took: 0,0027495 seconds
2017-06-06T14:57:39.048+0200: 4,183: Total time for which application threads were stopped: 0,0001395 seconds, Stopping threads took: 0,0000251 seconds
2017-06-06T14:57:39.048+0200: 4,183: Total time for which application threads were stopped: 0,0000907 seconds, Stopping threads took: 0,0000164 seconds
2017-06-06T14:57:39.048+0200: 4,183: Total time for which application threads were stopped: 0,0000806 seconds, Stopping threads took: 0,0000275 seconds
2017-06-06T14:57:39.048+0200: 4,183: Total time for which application threads were stopped: 0,0000596 seconds, Stopping threads took: 0,0000105 seconds
2017-06-06T14:57:39.048+0200: 4,183: Total time for which application threads were stopped: 0,0000753 seconds, Stopping threads took: 0,0000219 seconds
2017-06-06T14:57:39.049+0200: 4,184: Total time for which application threads were stopped: 0,0001129 seconds, Stopping threads took: 0,0000229 seconds
2017-06-06T14:57:39.049+0200: 4,184: Total time for which application threads were stopped: 0,0000843 seconds, Stopping threads took: 0,0000132 seconds
2017-06-06T14:57:39.049+0200: 4,184: Total time for which application threads were stopped: 0,0002290 seconds, Stopping threads took: 0,0000260 seconds
2017-06-06T14:57:39.055+0200: 4,190: Total time for which application threads were stopped: 0,0001994 seconds, Stopping threads took: 0,0000590 seconds
2017-06-06T14:57:39.099+0200: 4,234: Total time for which application threads were stopped: 0,0001832 seconds, Stopping threads took: 0,0000606 seconds
2017-06-06T14:57:39.135+0200: 4,270: Total time for which application threads were stopped: 0,0006998 seconds, Stopping threads took: 0,0003227 seconds
2017-06-06T14:57:40.135+0200: 5,270: Total time for which application threads were stopped: 0,0000775 seconds, Stopping threads took: 0,0000173 seconds
2017-06-06T14:57:57.137+0200: 22,272: Total time for which application threads were stopped: 0,0000630 seconds, Stopping threads took: 0,0000191 seconds
2017-06-06T14:58:07.138+0200: 32,273: Total time for which application threads were stopped: 0,0000649 seconds, Stopping threads took: 0,0000175 seconds
2017-06-06T14:59:31.314+0200: 117,282: Total time for which application threads were stopped: 0,0000874 seconds, Stopping threads took: 0,0000383 seconds
2017-06-06T14:59:36.315+0200: 122,283: Total time for which application threads were stopped: 0,0000989 seconds, Stopping threads took: 0,0000364 seconds
{Heap before GC invocations=9 (full 1):
 par new generation   total 109248K, used 95668K [0x00000000e0000000, 0x00000000e8000000, 0x00000000e8000000)
  eden space 87424K, 100% used [0x00000000e0000000, 0x00000000e5560000, 0x00000000e5560000)
  from space 21824K,  37% used [0x00000000e6ab0000, 0x00000000e72bd1e0, 0x00000000e8000000)
  to   space 21824K,   0% used [0x00000000e5560000, 0x00000000e5560000, 0x00000000e6ab0000)
 concurrent mark-sweep generation total 393216K, used 6090K [0x00000000e8000000, 0x0000000100000000, 0x0000000100000000)
 Metaspace       used 27981K, capacity 28496K, committed 28848K, reserved 1075200K
  class space    used 3213K, capacity 3391K, committed 3504K, reserved 1048576K
2017-06-06T15:00:29.978+0200: 175,947: [GC (Allocation Failure) 2017-06-06T15:00:29.978+0200: 175,947: [ParNew
Desired survivor size 20112992 bytes, new threshold 8 (max 8)
- age   1:   10626224 bytes,   10626224 total
- age   2:     236560 bytes,   10862784 total
- age   3:     277928 bytes,   11140712 total
- age   4:    1802240 bytes,   12942952 total
- age   5:      49360 bytes,   12992312 total
- age   6:     108904 bytes,   13101216 total
- age   7:        904 bytes,   13102120 total
- age   8:     176856 bytes,   13278976 total
: 95668K->14026K(109248K), 0,0196750 secs] 101758K->20903K(502464K), 0,0197414 secs] [Times: user=0,06 sys=0,00, real=0,02 secs] 
Heap after GC invocations=10 (full 1):
 par new generation   total 109248K, used 14026K [0x00000000e0000000, 0x00000000e8000000, 0x00000000e8000000)
  eden space 87424K,   0% used [0x00000000e0000000, 0x00000000e0000000, 0x00000000e5560000)
  from space 21824K,  64% used [0x00000000e5560000, 0x00000000e6312b48, 0x00000000e6ab0000)
  to   space 21824K,   0% used [0x00000000e6ab0000, 0x00000000e6ab0000, 0x00000000e8000000)
 concurrent mark-sweep generation total 393216K, used 6876K [0x00000000e8000000, 0x0000000100000000, 0x0000000100000000)
 Metaspace       used 27981K, capacity 28496K, committed 28848K, reserved 1075200K
  class space    used 3213K, capacity 3391K, committed 3504K, reserved 1048576K
}
2017-06-06T15:00:29.998+0200: 175,966: Total time for which application threads were stopped: 0,0198808 seconds, Stopping threads took: 0,0000307 seconds
2017-06-06T15:00:29.999+0200: 175,967: Total time for which application threads were stopped: 0,0000570 seconds, Stopping threads took: 0,0000239 seconds
2017-06-06T15:00:30.000+0200: 175,968: Total time for which application threads were stopped: 0,0000743 seconds, Stopping threads took: 0,0000350 seconds
2017-06-06T15:00:35.001+0200: 180,969: Total time for which application threads were stopped: 0,0001472 seconds, Stopping threads took: 0,0000637 seconds
2017-06-06T15:02:05.012+0200: 270,980: Total time for which application threads were stopped: 0,0001214 seconds, Stopping threads took: 0,0000435 seconds
2017-06-06T15:21:00.156+0200: 1406,124: Total time for which application threads were stopped: 0,0000837 seconds, Stopping threads took: 0,0000326 seconds
2017-06-06T15:25:05.186+0200: 1651,155: Total time for which application threads were stopped: 0,0000754 seconds, Stopping threads took: 0,0000290 seconds
2017-06-06T15:25:10.187+0200: 1656,155: Total time for which application threads were stopped: 0,0000612 seconds, Stopping threads took: 0,0000149 seconds
2017-06-06T15:35:37.421+0200: 2283,389: Total time for which application threads were stopped: 0,0141631 seconds, Stopping threads took: 0,0138020 seconds
2017-06-06T15:35:37.433+0200: 2283,401: Total time for which application threads were stopped: 0,0027322 seconds, Stopping threads took: 0,0001264 seconds
2017-06-06T15:35:37.464+0200: 2283,433: Total time for which application threads were stopped: 0,0001246 seconds, Stopping threads took: 0,0000308 seconds
2017-06-06T15:35:37.464+0200: 2283,433: Total time for which application threads were stopped: 0,0000776 seconds, Stopping threads took: 0,0000253 seconds
2017-06-06T15:35:37.465+0200: 2283,433: Total time for which application threads were stopped: 0,0005662 seconds, Stopping threads took: 0,0000209 seconds
2017-06-06T15:35:37.494+0200: 2283,462: Total time for which application threads were stopped: 0,0000982 seconds, Stopping threads took: 0,0000322 seconds
2017-06-06T15:35:37.495+0200: 2283,463: Total time for which application threads were stopped: 0,0001046 seconds, Stopping threads took: 0,0000256 seconds
2017-06-06T15:35:37.495+0200: 2283,463: Total time for which application threads were stopped: 0,0000461 seconds, Stopping threads took: 0,0000128 seconds
2017-06-06T15:35:37.495+0200: 2283,463: Total time for which application threads were stopped: 0,0000421 seconds, Stopping threads took: 0,0000107 seconds
2017-06-06T15:35:37.495+0200: 2283,463: Total time for which application threads were stopped: 0,0000452 seconds, Stopping threads took: 0,0000129 seconds
2017-06-06T15:35:37.495+0200: 2283,463: Total time for which application threads were stopped: 0,0000429 seconds, Stopping threads took: 0,0000127 seconds
2017-06-06T15:35:37.495+0200: 2283,463: Total time for which application threads were stopped: 0,0000431 seconds, Stopping threads took: 0,0000124 seconds
2017-06-06T15:35:37.497+0200: 2283,466: Total time for which application threads were stopped: 0,0002858 seconds, Stopping threads took: 0,0002083 seconds
2017-06-06T15:35:37.500+0200: 2283,468: Total time for which application threads were stopped: 0,0000952 seconds, Stopping threads took: 0,0000197 seconds
2017-06-06T15:35:37.501+0200: 2283,469: Total time for which application threads were stopped: 0,0000885 seconds, Stopping threads took: 0,0000186 seconds
2017-06-06T15:35:37.501+0200: 2283,469: Total time for which application threads were stopped: 0,0000410 seconds, Stopping threads took: 0,0000066 seconds
2017-06-06T15:35:37.509+0200: 2283,478: Total time for which application threads were stopped: 0,0001143 seconds, Stopping threads took: 0,0000453 seconds
2017-06-06T15:35:37.509+0200: 2283,478: Total time for which application threads were stopped: 0,0000584 seconds, Stopping threads took: 0,0000097 seconds
2017-06-06T15:35:37.509+0200: 2283,478: Total time for which application threads were stopped: 0,0000501 seconds, Stopping threads took: 0,0000081 seconds
2017-06-06T15:35:37.517+0200: 2283,485: Total time for which application threads were stopped: 0,0000886 seconds, Stopping threads took: 0,0000196 seconds
2017-06-06T15:35:37.517+0200: 2283,485: Total time for which application threads were stopped: 0,0000815 seconds, Stopping threads took: 0,0000151 seconds
2017-06-06T15:35:37.517+0200: 2283,486: Total time for which application threads were stopped: 0,0000780 seconds, Stopping threads took: 0,0000273 seconds
2017-06-06T15:35:37.525+0200: 2283,494: Total time for which application threads were stopped: 0,0047109 seconds, Stopping threads took: 0,0046382 seconds
2017-06-06T15:35:37.525+0200: 2283,494: Total time for which application threads were stopped: 0,0000865 seconds, Stopping threads took: 0,0000321 seconds
2017-06-06T15:35:37.525+0200: 2283,494: Total time for which application threads were stopped: 0,0000617 seconds, Stopping threads took: 0,0000214 seconds
2017-06-06T15:35:37.526+0200: 2283,494: Total time for which application threads were stopped: 0,0000709 seconds, Stopping threads took: 0,0000300 seconds
2017-06-06T15:35:37.528+0200: 2283,496: Total time for which application threads were stopped: 0,0001161 seconds, Stopping threads took: 0,0000387 seconds
2017-06-06T15:35:37.528+0200: 2283,496: Total time for which application threads were stopped: 0,0000691 seconds, Stopping threads took: 0,0000197 seconds
2017-06-06T15:35:37.529+0200: 2283,498: Total time for which application threads were stopped: 0,0005658 seconds, Stopping threads took: 0,0004915 seconds
2017-06-06T15:35:37.532+0200: 2283,501: Total time for which application threads were stopped: 0,0013581 seconds, Stopping threads took: 0,0002578 seconds
2017-06-06T15:35:37.538+0200: 2283,507: Total time for which application threads were stopped: 0,0004107 seconds, Stopping threads took: 0,0003132 seconds
2017-06-06T15:35:37.538+0200: 2283,507: Total time for which application threads were stopped: 0,0000836 seconds, Stopping threads took: 0,0000263 seconds
2017-06-06T15:35:37.539+0200: 2283,507: Total time for which application threads were stopped: 0,0001198 seconds, Stopping threads took: 0,0000292 seconds
2017-06-06T15:35:37.539+0200: 2283,508: Total time for which application threads were stopped: 0,0000706 seconds, Stopping threads took: 0,0000217 seconds
2017-06-06T15:35:37.539+0200: 2283,508: Total time for which application threads were stopped: 0,0001620 seconds, Stopping threads took: 0,0000180 seconds
2017-06-06T15:35:37.543+0200: 2283,511: Total time for which application threads were stopped: 0,0001230 seconds, Stopping threads took: 0,0000479 seconds
2017-06-06T15:35:37.543+0200: 2283,512: Total time for which application threads were stopped: 0,0001489 seconds, Stopping threads took: 0,0000327 seconds
Heap
 par new generation   total 109248K, used 32353K [0x00000000e0000000, 0x00000000e8000000, 0x00000000e8000000)
  eden space 87424K,  20% used [0x00000000e0000000, 0x00000000e11e5a98, 0x00000000e5560000)
  from space 21824K,  64% used [0x00000000e5560000, 0x00000000e6312b48, 0x00000000e6ab0000)
  to   space 21824K,   0% used [0x00000000e6ab0000, 0x00000000e6ab0000, 0x00000000e8000000)
 concurrent mark-sweep generation total 393216K, used 6876K [0x00000000e8000000, 0x0000000100000000, 0x0000000100000000)
 Metaspace       used 28095K, capacity 28664K, committed 28848K, reserved 1075200K
  class space    used 3227K, capacity 3425K, committed 3504K, reserved 1048576K
