OpenJDK 64-Bit Server VM (25.111-b14) for linux-amd64 JRE (1.8.0_111-8u111-b14-2ubuntu0.16.04.2-b14), built on Oct 27 2016 18:10:19 by "buildd" with gcc 5.4.0 20160609
Memory: 4k page, physical 7867804k(7513012k free), swap 8076284k(8076284k free)
CommandLine flags: -XX:CMSInitiatingOccupancyFraction=50 -XX:CMSMaxAbortablePrecleanTime=6000 -XX:+CMSParallelRemarkEnabled -XX:+CMSScavengeBeforeRemark -XX:ConcGCThreads=4 -XX:InitialHeapSize=536870912 -XX:MaxHeapSize=536870912 -XX:MaxTenuringThreshold=8 -XX:NewRatio=3 -XX:OldPLABSize=16 -XX:OnOutOfMemoryError=/opt/solr/bin/oom_solr.sh 8983 /var/solr/logs -XX:ParallelGCThreads=4 -XX:+ParallelRefProcEnabled -XX:PretenureSizeThreshold=67108864 -XX:+PrintGC -XX:+PrintGCApplicationStoppedTime -XX:+PrintGCDateStamps -XX:+PrintGCDetails -XX:+PrintGCTimeStamps -XX:+PrintHeapAtGC -XX:+PrintTenuringDistribution -XX:SurvivorRatio=4 -XX:TargetSurvivorRatio=90 -XX:ThreadStackSize=256 -XX:+UseCMSInitiatingOccupancyOnly -XX:+UseCompressedClassPointers -XX:+UseCompressedOops -XX:+UseConcMarkSweepGC -XX:+UseParNewGC 
2017-01-08T18:42:08.503+0100: 0,121: Total time for which application threads were stopped: 0,0000672 seconds, Stopping threads took: 0,0000126 seconds
2017-01-08T18:42:08.586+0100: 0,204: Total time for which application threads were stopped: 0,0001101 seconds, Stopping threads took: 0,0000158 seconds
2017-01-08T18:42:08.614+0100: 0,232: Total time for which application threads were stopped: 0,0001010 seconds, Stopping threads took: 0,0000111 seconds
2017-01-08T18:42:08.821+0100: 0,439: Total time for which application threads were stopped: 0,0001257 seconds, Stopping threads took: 0,0000104 seconds
2017-01-08T18:42:09.223+0100: 0,841: Total time for which application threads were stopped: 0,0001669 seconds, Stopping threads took: 0,0000169 seconds
2017-01-08T18:42:09.319+0100: 0,936: Total time for which application threads were stopped: 0,0001453 seconds, Stopping threads took: 0,0000154 seconds
2017-01-08T18:42:09.346+0100: 0,964: Total time for which application threads were stopped: 0,0001960 seconds, Stopping threads took: 0,0000303 seconds
2017-01-08T18:42:09.659+0100: 1,276: Total time for which application threads were stopped: 0,0001585 seconds, Stopping threads took: 0,0000119 seconds
2017-01-08T18:42:09.892+0100: 1,510: Total time for which application threads were stopped: 0,0001962 seconds, Stopping threads took: 0,0000142 seconds
2017-01-08T18:42:09.920+0100: 1,538: Total time for which application threads were stopped: 0,0001816 seconds, Stopping threads took: 0,0000204 seconds
2017-01-08T18:42:09.921+0100: 1,539: Total time for which application threads were stopped: 0,0000930 seconds, Stopping threads took: 0,0000060 seconds
2017-01-08T18:42:09.936+0100: 1,554: Total time for which application threads were stopped: 0,0001561 seconds, Stopping threads took: 0,0000155 seconds
2017-01-08T18:42:10.046+0100: 1,664: Total time for which application threads were stopped: 0,0002368 seconds, Stopping threads took: 0,0000298 seconds
2017-01-08T18:42:10.199+0100: 1,816: Total time for which application threads were stopped: 0,0034742 seconds, Stopping threads took: 0,0032889 seconds
{Heap before GC invocations=0 (full 0):
 par new generation   total 109248K, used 87424K [0x00000000e0000000, 0x00000000e8000000, 0x00000000e8000000)
  eden space 87424K, 100% used [0x00000000e0000000, 0x00000000e5560000, 0x00000000e5560000)
  from space 21824K,   0% used [0x00000000e5560000, 0x00000000e5560000, 0x00000000e6ab0000)
  to   space 21824K,   0% used [0x00000000e6ab0000, 0x00000000e6ab0000, 0x00000000e8000000)
 concurrent mark-sweep generation total 393216K, used 0K [0x00000000e8000000, 0x0000000100000000, 0x0000000100000000)
 Metaspace       used 18087K, capacity 18366K, committed 18560K, reserved 1064960K
  class space    used 2054K, capacity 2162K, committed 2176K, reserved 1048576K
2017-01-08T18:42:10.301+0100: 1,919: [GC (Allocation Failure) 2017-01-08T18:42:10.302+0100: 1,919: [ParNew
Desired survivor size 20112992 bytes, new threshold 8 (max 8)
- age   1:   12323456 bytes,   12323456 total
: 87424K->12155K(109248K), 0,0159538 secs] 87424K->12155K(502464K), 0,0160402 secs] [Times: user=0,04 sys=0,01, real=0,01 secs] 
Heap after GC invocations=1 (full 0):
 par new generation   total 109248K, used 12155K [0x00000000e0000000, 0x00000000e8000000, 0x00000000e8000000)
  eden space 87424K,   0% used [0x00000000e0000000, 0x00000000e0000000, 0x00000000e5560000)
  from space 21824K,  55% used [0x00000000e6ab0000, 0x00000000e768ee80, 0x00000000e8000000)
  to   space 21824K,   0% used [0x00000000e5560000, 0x00000000e5560000, 0x00000000e6ab0000)
 concurrent mark-sweep generation total 393216K, used 0K [0x00000000e8000000, 0x0000000100000000, 0x0000000100000000)
 Metaspace       used 18087K, capacity 18366K, committed 18560K, reserved 1064960K
  class space    used 2054K, capacity 2162K, committed 2176K, reserved 1048576K
}
2017-01-08T18:42:10.318+0100: 1,935: Total time for which application threads were stopped: 0,0162052 seconds, Stopping threads took: 0,0000131 seconds
2017-01-08T18:42:10.491+0100: 2,109: Total time for which application threads were stopped: 0,0003116 seconds, Stopping threads took: 0,0000398 seconds
2017-01-08T18:42:10.526+0100: 2,143: Total time for which application threads were stopped: 0,0003715 seconds, Stopping threads took: 0,0000425 seconds
2017-01-08T18:42:10.552+0100: 2,170: Total time for which application threads were stopped: 0,0002712 seconds, Stopping threads took: 0,0000213 seconds
{Heap before GC invocations=1 (full 0):
 par new generation   total 109248K, used 99579K [0x00000000e0000000, 0x00000000e8000000, 0x00000000e8000000)
  eden space 87424K, 100% used [0x00000000e0000000, 0x00000000e5560000, 0x00000000e5560000)
  from space 21824K,  55% used [0x00000000e6ab0000, 0x00000000e768ee80, 0x00000000e8000000)
  to   space 21824K,   0% used [0x00000000e5560000, 0x00000000e5560000, 0x00000000e6ab0000)
 concurrent mark-sweep generation total 393216K, used 0K [0x00000000e8000000, 0x0000000100000000, 0x0000000100000000)
 Metaspace       used 20723K, capacity 21020K, committed 21248K, reserved 1069056K
  class space    used 2404K, capacity 2518K, committed 2560K, reserved 1048576K
2017-01-08T18:42:10.722+0100: 2,340: [GC (Allocation Failure) 2017-01-08T18:42:10.722+0100: 2,340: [ParNew
Desired survivor size 20112992 bytes, new threshold 8 (max 8)
- age   1:    2917200 bytes,    2917200 total
- age   2:    6102560 bytes,    9019760 total
: 99579K->13116K(109248K), 0,0151433 secs] 99579K->13116K(502464K), 0,0152239 secs] [Times: user=0,06 sys=0,00, real=0,01 secs] 
Heap after GC invocations=2 (full 0):
 par new generation   total 109248K, used 13116K [0x00000000e0000000, 0x00000000e8000000, 0x00000000e8000000)
  eden space 87424K,   0% used [0x00000000e0000000, 0x00000000e0000000, 0x00000000e5560000)
  from space 21824K,  60% used [0x00000000e5560000, 0x00000000e622f058, 0x00000000e6ab0000)
  to   space 21824K,   0% used [0x00000000e6ab0000, 0x00000000e6ab0000, 0x00000000e8000000)
 concurrent mark-sweep generation total 393216K, used 0K [0x00000000e8000000, 0x0000000100000000, 0x0000000100000000)
 Metaspace       used 20723K, capacity 21020K, committed 21248K, reserved 1069056K
  class space    used 2404K, capacity 2518K, committed 2560K, reserved 1048576K
}
2017-01-08T18:42:10.737+0100: 2,355: Total time for which application threads were stopped: 0,0154484 seconds, Stopping threads took: 0,0000278 seconds
2017-01-08T18:42:10.788+0100: 2,406: Total time for which application threads were stopped: 0,0000750 seconds, Stopping threads took: 0,0000164 seconds
2017-01-08T18:42:10.821+0100: 2,439: Total time for which application threads were stopped: 0,0000751 seconds, Stopping threads took: 0,0000130 seconds
2017-01-08T18:42:10.822+0100: 2,439: Total time for which application threads were stopped: 0,0002550 seconds, Stopping threads took: 0,0000058 seconds
2017-01-08T18:42:10.847+0100: 2,465: Total time for which application threads were stopped: 0,0000721 seconds, Stopping threads took: 0,0000127 seconds
2017-01-08T18:42:10.926+0100: 2,544: Total time for which application threads were stopped: 0,0001505 seconds, Stopping threads took: 0,0000567 seconds
2017-01-08T18:42:10.946+0100: 2,563: Total time for which application threads were stopped: 0,0000928 seconds, Stopping threads took: 0,0000297 seconds
2017-01-08T18:42:10.954+0100: 2,572: Total time for which application threads were stopped: 0,0002997 seconds, Stopping threads took: 0,0000397 seconds
2017-01-08T18:42:10.962+0100: 2,579: Total time for which application threads were stopped: 0,0002972 seconds, Stopping threads took: 0,0000217 seconds
2017-01-08T18:42:10.971+0100: 2,589: Total time for which application threads were stopped: 0,0000903 seconds, Stopping threads took: 0,0000302 seconds
2017-01-08T18:42:10.998+0100: 2,616: Total time for which application threads were stopped: 0,0001014 seconds, Stopping threads took: 0,0000211 seconds
2017-01-08T18:42:11.016+0100: 2,633: Total time for which application threads were stopped: 0,0000749 seconds, Stopping threads took: 0,0000186 seconds
2017-01-08T18:42:11.035+0100: 2,653: Total time for which application threads were stopped: 0,0000819 seconds, Stopping threads took: 0,0000126 seconds
2017-01-08T18:42:11.054+0100: 2,671: Total time for which application threads were stopped: 0,0000722 seconds, Stopping threads took: 0,0000130 seconds
2017-01-08T18:42:11.093+0100: 2,711: Total time for which application threads were stopped: 0,0001157 seconds, Stopping threads took: 0,0000257 seconds
2017-01-08T18:42:11.137+0100: 2,755: Total time for which application threads were stopped: 0,0001137 seconds, Stopping threads took: 0,0000435 seconds
2017-01-08T18:42:11.162+0100: 2,780: Total time for which application threads were stopped: 0,0001417 seconds, Stopping threads took: 0,0000555 seconds
{Heap before GC invocations=2 (full 0):
 par new generation   total 109248K, used 100540K [0x00000000e0000000, 0x00000000e8000000, 0x00000000e8000000)
  eden space 87424K, 100% used [0x00000000e0000000, 0x00000000e5560000, 0x00000000e5560000)
  from space 21824K,  60% used [0x00000000e5560000, 0x00000000e622f058, 0x00000000e6ab0000)
  to   space 21824K,   0% used [0x00000000e6ab0000, 0x00000000e6ab0000, 0x00000000e8000000)
 concurrent mark-sweep generation total 393216K, used 0K [0x00000000e8000000, 0x0000000100000000, 0x0000000100000000)
 Metaspace       used 24858K, capacity 25221K, committed 25536K, reserved 1071104K
  class space    used 2897K, capacity 3025K, committed 3144K, reserved 1048576K
2017-01-08T18:42:11.184+0100: 2,802: [GC (Allocation Failure) 2017-01-08T18:42:11.184+0100: 2,802: [ParNew
Desired survivor size 20112992 bytes, new threshold 8 (max 8)
- age   1:    6696304 bytes,    6696304 total
- age   2:     549680 bytes,    7245984 total
- age   3:    6095312 bytes,   13341296 total
: 100540K->15530K(109248K), 0,0139029 secs] 100540K->15530K(502464K), 0,0140187 secs] [Times: user=0,04 sys=0,01, real=0,02 secs] 
Heap after GC invocations=3 (full 0):
 par new generation   total 109248K, used 15530K [0x00000000e0000000, 0x00000000e8000000, 0x00000000e8000000)
  eden space 87424K,   0% used [0x00000000e0000000, 0x00000000e0000000, 0x00000000e5560000)
  from space 21824K,  71% used [0x00000000e6ab0000, 0x00000000e79da9c0, 0x00000000e8000000)
  to   space 21824K,   0% used [0x00000000e5560000, 0x00000000e5560000, 0x00000000e6ab0000)
 concurrent mark-sweep generation total 393216K, used 0K [0x00000000e8000000, 0x0000000100000000, 0x0000000100000000)
 Metaspace       used 24858K, capacity 25221K, committed 25536K, reserved 1071104K
  class space    used 2897K, capacity 3025K, committed 3144K, reserved 1048576K
}
2017-01-08T18:42:11.198+0100: 2,816: Total time for which application threads were stopped: 0,0142124 seconds, Stopping threads took: 0,0000454 seconds
2017-01-08T18:42:11.199+0100: 2,816: [GC (CMS Initial Mark) [1 CMS-initial-mark: 0K(393216K)] 15530K(502464K), 0,0031386 secs] [Times: user=0,02 sys=0,00, real=0,00 secs] 
2017-01-08T18:42:11.202+0100: 2,820: Total time for which application threads were stopped: 0,0034061 seconds, Stopping threads took: 0,0001848 seconds
2017-01-08T18:42:11.202+0100: 2,820: [CMS-concurrent-mark-start]
2017-01-08T18:42:11.202+0100: 2,820: [CMS-concurrent-mark: 0,000/0,000 secs] [Times: user=0,00 sys=0,00, real=0,00 secs] 
2017-01-08T18:42:11.202+0100: 2,820: [CMS-concurrent-preclean-start]
2017-01-08T18:42:11.204+0100: 2,821: [CMS-concurrent-preclean: 0,001/0,001 secs] [Times: user=0,00 sys=0,00, real=0,00 secs] 
2017-01-08T18:42:11.204+0100: 2,821: [GC (CMS Final Remark) [YG occupancy: 16933 K (109248 K)]{Heap before GC invocations=3 (full 1):
 par new generation   total 109248K, used 16933K [0x00000000e0000000, 0x00000000e8000000, 0x00000000e8000000)
  eden space 87424K,   1% used [0x00000000e0000000, 0x00000000e015ebc8, 0x00000000e5560000)
  from space 21824K,  71% used [0x00000000e6ab0000, 0x00000000e79da9c0, 0x00000000e8000000)
  to   space 21824K,   0% used [0x00000000e5560000, 0x00000000e5560000, 0x00000000e6ab0000)
 concurrent mark-sweep generation total 393216K, used 0K [0x00000000e8000000, 0x0000000100000000, 0x0000000100000000)
 Metaspace       used 24858K, capacity 25221K, committed 25536K, reserved 1071104K
  class space    used 2897K, capacity 3025K, committed 3144K, reserved 1048576K
2017-01-08T18:42:11.204+0100: 2,821: [GC (CMS Final Remark) 2017-01-08T18:42:11.204+0100: 2,821: [ParNew
Desired survivor size 20112992 bytes, new threshold 8 (max 8)
- age   1:      18144 bytes,      18144 total
- age   2:    3150048 bytes,    3168192 total
- age   3:     549656 bytes,    3717848 total
- age   4:    6093832 bytes,    9811680 total
: 16933K->16598K(109248K), 0,0110939 secs] 16933K->16598K(502464K), 0,0111486 secs] [Times: user=0,04 sys=0,00, real=0,01 secs] 
Heap after GC invocations=4 (full 1):
 par new generation   total 109248K, used 16598K [0x00000000e0000000, 0x00000000e8000000, 0x00000000e8000000)
  eden space 87424K,   0% used [0x00000000e0000000, 0x00000000e0000000, 0x00000000e5560000)
  from space 21824K,  76% used [0x00000000e5560000, 0x00000000e65959f0, 0x00000000e6ab0000)
  to   space 21824K,   0% used [0x00000000e6ab0000, 0x00000000e6ab0000, 0x00000000e8000000)
 concurrent mark-sweep generation total 393216K, used 0K [0x00000000e8000000, 0x0000000100000000, 0x0000000100000000)
 Metaspace       used 24858K, capacity 25221K, committed 25536K, reserved 1071104K
  class space    used 2897K, capacity 3025K, committed 3144K, reserved 1048576K
}
2017-01-08T18:42:11.215+0100: 2,833: [Rescan (parallel) , 0,0044281 secs]2017-01-08T18:42:11.219+0100: 2,837: [weak refs processing, 0,0003872 secs]2017-01-08T18:42:11.220+0100: 2,838: [class unloading, 0,0031567 secs]2017-01-08T18:42:11.223+0100: 2,841: [scrub symbol table, 0,0032693 secs]2017-01-08T18:42:11.226+0100: 2,844: [scrub string table, 0,0003855 secs][1 CMS-remark: 0K(393216K)] 16598K(502464K), 0,0234621 secs] [Times: user=0,06 sys=0,00, real=0,03 secs] 
2017-01-08T18:42:11.227+0100: 2,845: Total time for which application threads were stopped: 0,0235898 seconds, Stopping threads took: 0,0000456 seconds
2017-01-08T18:42:11.227+0100: 2,845: [CMS-concurrent-sweep-start]
2017-01-08T18:42:11.227+0100: 2,845: [CMS-concurrent-sweep: 0,000/0,000 secs] [Times: user=0,00 sys=0,00, real=0,00 secs] 
2017-01-08T18:42:11.227+0100: 2,845: [CMS-concurrent-reset-start]
2017-01-08T18:42:11.230+0100: 2,847: [CMS-concurrent-reset: 0,002/0,002 secs] [Times: user=0,02 sys=0,00, real=0,00 secs] 
2017-01-08T18:42:12.227+0100: 3,845: Total time for which application threads were stopped: 0,0000954 seconds, Stopping threads took: 0,0000165 seconds
2017-01-08T18:42:12.431+0100: 4,049: Total time for which application threads were stopped: 0,0002696 seconds, Stopping threads took: 0,0000161 seconds
2017-01-08T18:42:40.434+0100: 32,052: Total time for which application threads were stopped: 0,0000875 seconds, Stopping threads took: 0,0000418 seconds
2017-01-08T18:44:50.448+0100: 162,065: Total time for which application threads were stopped: 0,0000842 seconds, Stopping threads took: 0,0000392 seconds
2017-01-08T18:44:55.449+0100: 167,067: Total time for which application threads were stopped: 0,0003487 seconds, Stopping threads took: 0,0000886 seconds
2017-01-08T18:45:14.451+0100: 186,069: Total time for which application threads were stopped: 0,0003028 seconds, Stopping threads took: 0,0001690 seconds
2017-01-08T18:45:50.455+0100: 222,072: Total time for which application threads were stopped: 0,0000794 seconds, Stopping threads took: 0,0000341 seconds
2017-01-08T18:46:44.459+0100: 276,077: Total time for which application threads were stopped: 0,0000761 seconds, Stopping threads took: 0,0000313 seconds
2017-01-08T18:46:50.460+0100: 282,077: Total time for which application threads were stopped: 0,0000785 seconds, Stopping threads took: 0,0000277 seconds
2017-01-08T18:46:55.461+0100: 287,078: Total time for which application threads were stopped: 0,0006531 seconds, Stopping threads took: 0,0002507 seconds
2017-01-08T18:47:09.463+0100: 301,081: Total time for which application threads were stopped: 0,0001298 seconds, Stopping threads took: 0,0000494 seconds
2017-01-08T18:47:30.466+0100: 322,084: Total time for which application threads were stopped: 0,0004659 seconds, Stopping threads took: 0,0001417 seconds
2017-01-08T18:52:40.500+0100: 632,118: Total time for which application threads were stopped: 0,0000987 seconds, Stopping threads took: 0,0000408 seconds
2017-01-08T18:52:45.501+0100: 637,119: Total time for which application threads were stopped: 0,0000775 seconds, Stopping threads took: 0,0000300 seconds
2017-01-08T19:05:54.595+0100: 1426,212: Total time for which application threads were stopped: 0,0005873 seconds, Stopping threads took: 0,0001740 seconds
2017-01-08T19:09:45.619+0100: 1657,237: Total time for which application threads were stopped: 0,0001275 seconds, Stopping threads took: 0,0000451 seconds
2017-01-08T19:10:29.624+0100: 1701,242: Total time for which application threads were stopped: 0,0000819 seconds, Stopping threads took: 0,0000312 seconds
2017-01-08T19:21:24.711+0100: 2356,329: Total time for which application threads were stopped: 0,0000716 seconds, Stopping threads took: 0,0000285 seconds
2017-01-08T19:21:25.711+0100: 2357,329: Total time for which application threads were stopped: 0,0001487 seconds, Stopping threads took: 0,0000293 seconds
2017-01-08T19:45:15.930+0100: 3787,548: Total time for which application threads were stopped: 0,0000890 seconds, Stopping threads took: 0,0000372 seconds
2017-01-08T19:46:14.939+0100: 3846,556: Total time for which application threads were stopped: 0,0000955 seconds, Stopping threads took: 0,0000371 seconds
2017-01-08T19:49:09.965+0100: 4021,583: Total time for which application threads were stopped: 0,0000896 seconds, Stopping threads took: 0,0000393 seconds
2017-01-08T20:34:05.374+0100: 6716,992: Total time for which application threads were stopped: 0,0000806 seconds, Stopping threads took: 0,0000325 seconds
2017-01-08T20:35:35.388+0100: 6807,005: Total time for which application threads were stopped: 0,0001155 seconds, Stopping threads took: 0,0000474 seconds
2017-01-08T20:41:20.441+0100: 7152,058: Total time for which application threads were stopped: 0,0001329 seconds, Stopping threads took: 0,0000571 seconds
2017-01-08T20:47:10.494+0100: 7502,111: Total time for which application threads were stopped: 0,0000735 seconds, Stopping threads took: 0,0000299 seconds
2017-01-08T20:47:40.498+0100: 7532,116: Total time for which application threads were stopped: 0,0000839 seconds, Stopping threads took: 0,0000335 seconds
2017-01-08T20:50:10.520+0100: 7682,137: Total time for which application threads were stopped: 0,0000723 seconds, Stopping threads took: 0,0000312 seconds
2017-01-08T21:54:10.100+0100: 11521,718: Total time for which application threads were stopped: 0,0004725 seconds, Stopping threads took: 0,0001007 seconds
2017-01-08T21:54:40.104+0100: 11551,722: Total time for which application threads were stopped: 0,0000800 seconds, Stopping threads took: 0,0000285 seconds
2017-01-08T23:04:51.545+0100: 15763,163: Total time for which application threads were stopped: 0,0003215 seconds, Stopping threads took: 0,0001284 seconds
2017-01-08T23:59:01.660+0100: 19013,278: Total time for which application threads were stopped: 0,0001598 seconds, Stopping threads took: 0,0000275 seconds
Heap
 par new generation   total 109248K, used 59951K [0x00000000e0000000, 0x00000000e8000000, 0x00000000e8000000)
  eden space 87424K,  49% used [0x00000000e0000000, 0x00000000e2a562d0, 0x00000000e5560000)
  from space 21824K,  76% used [0x00000000e5560000, 0x00000000e65959f0, 0x00000000e6ab0000)
  to   space 21824K,   0% used [0x00000000e6ab0000, 0x00000000e6ab0000, 0x00000000e8000000)
 concurrent mark-sweep generation total 393216K, used 0K [0x00000000e8000000, 0x0000000100000000, 0x0000000100000000)
 Metaspace       used 27285K, capacity 27729K, committed 27976K, reserved 1073152K
  class space    used 3168K, capacity 3321K, committed 3400K, reserved 1048576K
