OpenJDK 64-Bit Server VM (25.121-b13) for linux-amd64 JRE (1.8.0_121-8u121-b13-0ubuntu1.16.04.2-b13), built on Jan 23 2017 15:51:29 by "buildd" with gcc 5.4.0 20160609
Memory: 4k page, physical 7867760k(7446748k free), swap 8076284k(8076284k free)
CommandLine flags: -XX:CMSInitiatingOccupancyFraction=50 -XX:CMSMaxAbortablePrecleanTime=6000 -XX:+CMSParallelRemarkEnabled -XX:+CMSScavengeBeforeRemark -XX:ConcGCThreads=4 -XX:InitialHeapSize=536870912 -XX:MaxHeapSize=536870912 -XX:MaxTenuringThreshold=8 -XX:NewRatio=3 -XX:OldPLABSize=16 -XX:OnOutOfMemoryError=/opt/solr/bin/oom_solr.sh 8983 /var/solr/logs -XX:ParallelGCThreads=4 -XX:+ParallelRefProcEnabled -XX:PretenureSizeThreshold=67108864 -XX:+PrintGC -XX:+PrintGCApplicationStoppedTime -XX:+PrintGCDateStamps -XX:+PrintGCDetails -XX:+PrintGCTimeStamps -XX:+PrintHeapAtGC -XX:+PrintTenuringDistribution -XX:SurvivorRatio=4 -XX:TargetSurvivorRatio=90 -XX:ThreadStackSize=256 -XX:+UseCMSInitiatingOccupancyOnly -XX:+UseCompressedClassPointers -XX:+UseCompressedOops -XX:+UseConcMarkSweepGC -XX:+UseParNewGC 
2017-03-10T11:11:49.422+0100: 0,174: Total time for which application threads were stopped: 0,0000900 seconds, Stopping threads took: 0,0000217 seconds
2017-03-10T11:11:49.526+0100: 0,279: Total time for which application threads were stopped: 0,0001348 seconds, Stopping threads took: 0,0000286 seconds
2017-03-10T11:11:49.545+0100: 0,298: Total time for which application threads were stopped: 0,0000919 seconds, Stopping threads took: 0,0000158 seconds
2017-03-10T11:11:49.820+0100: 0,572: Total time for which application threads were stopped: 0,0001828 seconds, Stopping threads took: 0,0000182 seconds
2017-03-10T11:11:50.269+0100: 1,021: Total time for which application threads were stopped: 0,0001915 seconds, Stopping threads took: 0,0000271 seconds
2017-03-10T11:11:50.370+0100: 1,122: Total time for which application threads were stopped: 0,0001407 seconds, Stopping threads took: 0,0000166 seconds
2017-03-10T11:11:50.407+0100: 1,159: Total time for which application threads were stopped: 0,0001828 seconds, Stopping threads took: 0,0000302 seconds
2017-03-10T11:11:50.773+0100: 1,525: Total time for which application threads were stopped: 0,0002014 seconds, Stopping threads took: 0,0000262 seconds
2017-03-10T11:11:51.010+0100: 1,763: Total time for which application threads were stopped: 0,0011336 seconds, Stopping threads took: 0,0001030 seconds
2017-03-10T11:11:51.039+0100: 1,791: Total time for which application threads were stopped: 0,0001662 seconds, Stopping threads took: 0,0000206 seconds
2017-03-10T11:11:51.075+0100: 1,828: Total time for which application threads were stopped: 0,0002215 seconds, Stopping threads took: 0,0000191 seconds
2017-03-10T11:11:51.076+0100: 1,829: Total time for which application threads were stopped: 0,0001793 seconds, Stopping threads took: 0,0000206 seconds
2017-03-10T11:11:51.089+0100: 1,841: Total time for which application threads were stopped: 0,0001734 seconds, Stopping threads took: 0,0000239 seconds
2017-03-10T11:11:51.157+0100: 1,910: Total time for which application threads were stopped: 0,0002388 seconds, Stopping threads took: 0,0000222 seconds
2017-03-10T11:11:51.330+0100: 2,083: Total time for which application threads were stopped: 0,0004350 seconds, Stopping threads took: 0,0002263 seconds
{Heap before GC invocations=0 (full 0):
 par new generation   total 109248K, used 87424K [0x00000000e0000000, 0x00000000e8000000, 0x00000000e8000000)
  eden space 87424K, 100% used [0x00000000e0000000, 0x00000000e5560000, 0x00000000e5560000)
  from space 21824K,   0% used [0x00000000e5560000, 0x00000000e5560000, 0x00000000e6ab0000)
  to   space 21824K,   0% used [0x00000000e6ab0000, 0x00000000e6ab0000, 0x00000000e8000000)
 concurrent mark-sweep generation total 393216K, used 0K [0x00000000e8000000, 0x0000000100000000, 0x0000000100000000)
 Metaspace       used 18024K, capacity 18336K, committed 18688K, reserved 1064960K
  class space    used 2035K, capacity 2196K, committed 2304K, reserved 1048576K
2017-03-10T11:11:51.408+0100: 2,161: [GC (Allocation Failure) 2017-03-10T11:11:51.408+0100: 2,161: [ParNew
Desired survivor size 20112992 bytes, new threshold 8 (max 8)
- age   1:   12415232 bytes,   12415232 total
: 87424K->12236K(109248K), 0,0165716 secs] 87424K->12236K(502464K), 0,0166507 secs] [Times: user=0,06 sys=0,00, real=0,02 secs] 
Heap after GC invocations=1 (full 0):
 par new generation   total 109248K, used 12236K [0x00000000e0000000, 0x00000000e8000000, 0x00000000e8000000)
  eden space 87424K,   0% used [0x00000000e0000000, 0x00000000e0000000, 0x00000000e5560000)
  from space 21824K,  56% used [0x00000000e6ab0000, 0x00000000e76a33e0, 0x00000000e8000000)
  to   space 21824K,   0% used [0x00000000e5560000, 0x00000000e5560000, 0x00000000e6ab0000)
 concurrent mark-sweep generation total 393216K, used 0K [0x00000000e8000000, 0x0000000100000000, 0x0000000100000000)
 Metaspace       used 18024K, capacity 18336K, committed 18688K, reserved 1064960K
  class space    used 2035K, capacity 2196K, committed 2304K, reserved 1048576K
}
2017-03-10T11:11:51.425+0100: 2,178: Total time for which application threads were stopped: 0,0169488 seconds, Stopping threads took: 0,0001194 seconds
2017-03-10T11:11:51.748+0100: 2,501: Total time for which application threads were stopped: 0,0003831 seconds, Stopping threads took: 0,0000685 seconds
2017-03-10T11:11:51.787+0100: 2,540: Total time for which application threads were stopped: 0,0016930 seconds, Stopping threads took: 0,0014302 seconds
{Heap before GC invocations=1 (full 0):
 par new generation   total 109248K, used 99660K [0x00000000e0000000, 0x00000000e8000000, 0x00000000e8000000)
  eden space 87424K, 100% used [0x00000000e0000000, 0x00000000e5560000, 0x00000000e5560000)
  from space 21824K,  56% used [0x00000000e6ab0000, 0x00000000e76a33e0, 0x00000000e8000000)
  to   space 21824K,   0% used [0x00000000e5560000, 0x00000000e5560000, 0x00000000e6ab0000)
 concurrent mark-sweep generation total 393216K, used 0K [0x00000000e8000000, 0x0000000100000000, 0x0000000100000000)
 Metaspace       used 20045K, capacity 20356K, committed 20736K, reserved 1067008K
  class space    used 2295K, capacity 2466K, committed 2560K, reserved 1048576K
2017-03-10T11:11:51.790+0100: 2,543: [GC (Allocation Failure) 2017-03-10T11:11:51.790+0100: 2,543: [ParNew
Desired survivor size 20112992 bytes, new threshold 8 (max 8)
- age   1:    3682584 bytes,    3682584 total
- age   2:    6638168 bytes,   10320752 total
: 99660K->15630K(109248K), 0,0099192 secs] 99660K->15630K(502464K), 0,0099943 secs] [Times: user=0,03 sys=0,00, real=0,01 secs] 
Heap after GC invocations=2 (full 0):
 par new generation   total 109248K, used 15630K [0x00000000e0000000, 0x00000000e8000000, 0x00000000e8000000)
  eden space 87424K,   0% used [0x00000000e0000000, 0x00000000e0000000, 0x00000000e5560000)
  from space 21824K,  71% used [0x00000000e5560000, 0x00000000e64a3ac0, 0x00000000e6ab0000)
  to   space 21824K,   0% used [0x00000000e6ab0000, 0x00000000e6ab0000, 0x00000000e8000000)
 concurrent mark-sweep generation total 393216K, used 0K [0x00000000e8000000, 0x0000000100000000, 0x0000000100000000)
 Metaspace       used 20045K, capacity 20356K, committed 20736K, reserved 1067008K
  class space    used 2295K, capacity 2466K, committed 2560K, reserved 1048576K
}
2017-03-10T11:11:51.800+0100: 2,553: Total time for which application threads were stopped: 0,0101919 seconds, Stopping threads took: 0,0000694 seconds
2017-03-10T11:11:51.854+0100: 2,606: Total time for which application threads were stopped: 0,0008753 seconds, Stopping threads took: 0,0005549 seconds
2017-03-10T11:11:51.979+0100: 2,732: Total time for which application threads were stopped: 0,0001749 seconds, Stopping threads took: 0,0000436 seconds
{Heap before GC invocations=2 (full 0):
 par new generation   total 109248K, used 103054K [0x00000000e0000000, 0x00000000e8000000, 0x00000000e8000000)
  eden space 87424K, 100% used [0x00000000e0000000, 0x00000000e5560000, 0x00000000e5560000)
  from space 21824K,  71% used [0x00000000e5560000, 0x00000000e64a3ac0, 0x00000000e6ab0000)
  to   space 21824K,   0% used [0x00000000e6ab0000, 0x00000000e6ab0000, 0x00000000e8000000)
 concurrent mark-sweep generation total 393216K, used 0K [0x00000000e8000000, 0x0000000100000000, 0x0000000100000000)
 Metaspace       used 20978K, capacity 21278K, committed 21628K, reserved 1069056K
  class space    used 2416K, capacity 2585K, committed 2684K, reserved 1048576K
2017-03-10T11:11:52.012+0100: 2,765: [GC (Allocation Failure) 2017-03-10T11:11:52.013+0100: 2,765: [ParNew
Desired survivor size 20112992 bytes, new threshold 8 (max 8)
- age   1:    2084928 bytes,    2084928 total
- age   2:     872096 bytes,    2957024 total
- age   3:    6634984 bytes,    9592008 total
: 103054K->12301K(109248K), 0,0141968 secs] 103054K->12301K(502464K), 0,0142872 secs] [Times: user=0,04 sys=0,00, real=0,02 secs] 
Heap after GC invocations=3 (full 0):
 par new generation   total 109248K, used 12301K [0x00000000e0000000, 0x00000000e8000000, 0x00000000e8000000)
  eden space 87424K,   0% used [0x00000000e0000000, 0x00000000e0000000, 0x00000000e5560000)
  from space 21824K,  56% used [0x00000000e6ab0000, 0x00000000e76b35c0, 0x00000000e8000000)
  to   space 21824K,   0% used [0x00000000e5560000, 0x00000000e5560000, 0x00000000e6ab0000)
 concurrent mark-sweep generation total 393216K, used 0K [0x00000000e8000000, 0x0000000100000000, 0x0000000100000000)
 Metaspace       used 20978K, capacity 21278K, committed 21628K, reserved 1069056K
  class space    used 2416K, capacity 2585K, committed 2684K, reserved 1048576K
}
2017-03-10T11:11:52.027+0100: 2,779: Total time for which application threads were stopped: 0,0145113 seconds, Stopping threads took: 0,0000626 seconds
2017-03-10T11:11:52.033+0100: 2,786: [GC (CMS Initial Mark) [1 CMS-initial-mark: 0K(393216K)] 13439K(502464K), 0,0027636 secs] [Times: user=0,00 sys=0,00, real=0,01 secs] 
2017-03-10T11:11:52.036+0100: 2,789: Total time for which application threads were stopped: 0,0044956 seconds, Stopping threads took: 0,0016465 seconds
2017-03-10T11:11:52.036+0100: 2,789: [CMS-concurrent-mark-start]
2017-03-10T11:11:52.042+0100: 2,795: [CMS-concurrent-mark: 0,006/0,006 secs] [Times: user=0,03 sys=0,00, real=0,01 secs] 
2017-03-10T11:11:52.042+0100: 2,795: [CMS-concurrent-preclean-start]
2017-03-10T11:11:52.043+0100: 2,796: [CMS-concurrent-preclean: 0,001/0,001 secs] [Times: user=0,01 sys=0,00, real=0,00 secs] 
2017-03-10T11:11:52.043+0100: 2,796: [CMS-concurrent-abortable-preclean-start]
2017-03-10T11:11:52.094+0100: 2,847: Total time for which application threads were stopped: 0,0001422 seconds, Stopping threads took: 0,0000568 seconds
{Heap before GC invocations=3 (full 1):
 par new generation   total 109248K, used 99705K [0x00000000e0000000, 0x00000000e8000000, 0x00000000e8000000)
  eden space 87424K,  99% used [0x00000000e0000000, 0x00000000e555b210, 0x00000000e5560000)
  from space 21824K,  56% used [0x00000000e6ab0000, 0x00000000e76b35c0, 0x00000000e8000000)
  to   space 21824K,   0% used [0x00000000e5560000, 0x00000000e5560000, 0x00000000e6ab0000)
 concurrent mark-sweep generation total 393216K, used 0K [0x00000000e8000000, 0x0000000100000000, 0x0000000100000000)
 Metaspace       used 21276K, capacity 21636K, committed 21884K, reserved 1069056K
  class space    used 2448K, capacity 2603K, committed 2684K, reserved 1048576K
2017-03-10T11:11:52.149+0100: 2,902: [GC (Allocation Failure) 2017-03-10T11:11:52.149+0100: 2,902: [ParNew
Desired survivor size 20112992 bytes, new threshold 8 (max 8)
- age   1:    1334888 bytes,    1334888 total
- age   2:    1457520 bytes,    2792408 total
- age   3:     838752 bytes,    3631160 total
- age   4:    6635192 bytes,   10266352 total
: 99705K->11577K(109248K), 0,0102278 secs] 99705K->11577K(502464K), 0,0103047 secs] [Times: user=0,03 sys=0,01, real=0,01 secs] 
Heap after GC invocations=4 (full 1):
 par new generation   total 109248K, used 11577K [0x00000000e0000000, 0x00000000e8000000, 0x00000000e8000000)
  eden space 87424K,   0% used [0x00000000e0000000, 0x00000000e0000000, 0x00000000e5560000)
  from space 21824K,  53% used [0x00000000e5560000, 0x00000000e60ae600, 0x00000000e6ab0000)
  to   space 21824K,   0% used [0x00000000e6ab0000, 0x00000000e6ab0000, 0x00000000e8000000)
 concurrent mark-sweep generation total 393216K, used 0K [0x00000000e8000000, 0x0000000100000000, 0x0000000100000000)
 Metaspace       used 21276K, capacity 21636K, committed 21884K, reserved 1069056K
  class space    used 2448K, capacity 2603K, committed 2684K, reserved 1048576K
}
2017-03-10T11:11:52.159+0100: 2,912: Total time for which application threads were stopped: 0,0105600 seconds, Stopping threads took: 0,0000827 seconds
{Heap before GC invocations=4 (full 1):
 par new generation   total 109248K, used 99001K [0x00000000e0000000, 0x00000000e8000000, 0x00000000e8000000)
  eden space 87424K, 100% used [0x00000000e0000000, 0x00000000e5560000, 0x00000000e5560000)
  from space 21824K,  53% used [0x00000000e5560000, 0x00000000e60ae600, 0x00000000e6ab0000)
  to   space 21824K,   0% used [0x00000000e6ab0000, 0x00000000e6ab0000, 0x00000000e8000000)
 concurrent mark-sweep generation total 393216K, used 0K [0x00000000e8000000, 0x0000000100000000, 0x0000000100000000)
 Metaspace       used 21423K, capacity 21808K, committed 21884K, reserved 1069056K
  class space    used 2467K, capacity 2637K, committed 2684K, reserved 1048576K
2017-03-10T11:11:52.242+0100: 2,994: [GC (Allocation Failure) 2017-03-10T11:11:52.242+0100: 2,994: [ParNew
Desired survivor size 20112992 bytes, new threshold 8 (max 8)
- age   1:    1452896 bytes,    1452896 total
- age   2:     185368 bytes,    1638264 total
- age   3:    1457208 bytes,    3095472 total
- age   4:     836640 bytes,    3932112 total
- age   5:    6635088 bytes,   10567200 total
: 99001K->17353K(109248K), 0,0096175 secs] 99001K->17353K(502464K), 0,0096858 secs] [Times: user=0,04 sys=0,00, real=0,00 secs] 
Heap after GC invocations=5 (full 1):
 par new generation   total 109248K, used 17353K [0x00000000e0000000, 0x00000000e8000000, 0x00000000e8000000)
  eden space 87424K,   0% used [0x00000000e0000000, 0x00000000e0000000, 0x00000000e5560000)
  from space 21824K,  79% used [0x00000000e6ab0000, 0x00000000e7ba2780, 0x00000000e8000000)
  to   space 21824K,   0% used [0x00000000e5560000, 0x00000000e5560000, 0x00000000e6ab0000)
 concurrent mark-sweep generation total 393216K, used 0K [0x00000000e8000000, 0x0000000100000000, 0x0000000100000000)
 Metaspace       used 21423K, capacity 21808K, committed 21884K, reserved 1069056K
  class space    used 2467K, capacity 2637K, committed 2684K, reserved 1048576K
}
2017-03-10T11:11:52.251+0100: 3,004: Total time for which application threads were stopped: 0,0138612 seconds, Stopping threads took: 0,0040383 seconds
2017-03-10T11:11:52.278+0100: 3,030: Total time for which application threads were stopped: 0,0001441 seconds, Stopping threads took: 0,0000529 seconds
2017-03-10T11:11:52.292+0100: 3,044: Total time for which application threads were stopped: 0,0003201 seconds, Stopping threads took: 0,0000323 seconds
2017-03-10T11:11:52.320+0100: 3,073: Total time for which application threads were stopped: 0,0001238 seconds, Stopping threads took: 0,0000286 seconds
2017-03-10T11:11:52.337+0100: 3,090: Total time for which application threads were stopped: 0,0001328 seconds, Stopping threads took: 0,0000405 seconds
2017-03-10T11:11:52.445+0100: 3,198: Total time for which application threads were stopped: 0,0008509 seconds, Stopping threads took: 0,0007041 seconds
2017-03-10T11:11:52.445+0100: 3,198: Total time for which application threads were stopped: 0,0001703 seconds, Stopping threads took: 0,0001182 seconds
2017-03-10T11:11:52.491+0100: 3,243: Total time for which application threads were stopped: 0,0003829 seconds, Stopping threads took: 0,0000359 seconds
2017-03-10T11:11:52.492+0100: 3,245: Total time for which application threads were stopped: 0,0001076 seconds, Stopping threads took: 0,0000278 seconds
2017-03-10T11:11:52.516+0100: 3,268: Total time for which application threads were stopped: 0,0003654 seconds, Stopping threads took: 0,0000236 seconds
2017-03-10T11:11:52.525+0100: 3,278: Total time for which application threads were stopped: 0,0001443 seconds, Stopping threads took: 0,0000460 seconds
2017-03-10T11:11:52.639+0100: 3,391: Total time for which application threads were stopped: 0,0001296 seconds, Stopping threads took: 0,0000304 seconds
{Heap before GC invocations=5 (full 1):
 par new generation   total 109248K, used 104777K [0x00000000e0000000, 0x00000000e8000000, 0x00000000e8000000)
  eden space 87424K, 100% used [0x00000000e0000000, 0x00000000e5560000, 0x00000000e5560000)
  from space 21824K,  79% used [0x00000000e6ab0000, 0x00000000e7ba2780, 0x00000000e8000000)
  to   space 21824K,   0% used [0x00000000e5560000, 0x00000000e5560000, 0x00000000e6ab0000)
 concurrent mark-sweep generation total 393216K, used 0K [0x00000000e8000000, 0x0000000100000000, 0x0000000100000000)
 Metaspace       used 23728K, capacity 24185K, committed 24284K, reserved 1071104K
  class space    used 2783K, capacity 2982K, committed 3016K, reserved 1048576K
2017-03-10T11:11:52.703+0100: 3,456: [GC (Allocation Failure) 2017-03-10T11:11:52.703+0100: 3,456: [ParNew
Desired survivor size 20112992 bytes, new threshold 8 (max 8)
- age   1:    4904840 bytes,    4904840 total
- age   2:     104832 bytes,    5009672 total
- age   3:     183952 bytes,    5193624 total
- age   4:     287640 bytes,    5481264 total
- age   5:     812312 bytes,    6293576 total
- age   6:    6626632 bytes,   12920208 total
: 104777K->14247K(109248K), 0,0122181 secs] 104777K->14247K(502464K), 0,0122918 secs] [Times: user=0,04 sys=0,00, real=0,01 secs] 
Heap after GC invocations=6 (full 1):
 par new generation   total 109248K, used 14247K [0x00000000e0000000, 0x00000000e8000000, 0x00000000e8000000)
  eden space 87424K,   0% used [0x00000000e0000000, 0x00000000e0000000, 0x00000000e5560000)
  from space 21824K,  65% used [0x00000000e5560000, 0x00000000e6349d20, 0x00000000e6ab0000)
  to   space 21824K,   0% used [0x00000000e6ab0000, 0x00000000e6ab0000, 0x00000000e8000000)
 concurrent mark-sweep generation total 393216K, used 0K [0x00000000e8000000, 0x0000000100000000, 0x0000000100000000)
 Metaspace       used 23728K, capacity 24185K, committed 24284K, reserved 1071104K
  class space    used 2783K, capacity 2982K, committed 3016K, reserved 1048576K
}
2017-03-10T11:11:52.715+0100: 3,468: Total time for which application threads were stopped: 0,0125274 seconds, Stopping threads took: 0,0000777 seconds
2017-03-10T11:11:52.736+0100: 3,489: Total time for which application threads were stopped: 0,0001696 seconds, Stopping threads took: 0,0000502 seconds
2017-03-10T11:11:52.736+0100: 3,489: [CMS-concurrent-abortable-preclean: 0,462/0,693 secs] [Times: user=2,56 sys=0,03, real=0,69 secs] 
2017-03-10T11:11:52.737+0100: 3,489: [GC (CMS Final Remark) [YG occupancy: 30765 K (109248 K)]{Heap before GC invocations=6 (full 1):
 par new generation   total 109248K, used 30765K [0x00000000e0000000, 0x00000000e8000000, 0x00000000e8000000)
  eden space 87424K,  18% used [0x00000000e0000000, 0x00000000e10219a0, 0x00000000e5560000)
  from space 21824K,  65% used [0x00000000e5560000, 0x00000000e6349d20, 0x00000000e6ab0000)
  to   space 21824K,   0% used [0x00000000e6ab0000, 0x00000000e6ab0000, 0x00000000e8000000)
 concurrent mark-sweep generation total 393216K, used 0K [0x00000000e8000000, 0x0000000100000000, 0x0000000100000000)
 Metaspace       used 23791K, capacity 24313K, committed 24540K, reserved 1071104K
  class space    used 2793K, capacity 2982K, committed 3016K, reserved 1048576K
2017-03-10T11:11:52.737+0100: 3,490: [GC (CMS Final Remark) 2017-03-10T11:11:52.737+0100: 3,490: [ParNew
Desired survivor size 20112992 bytes, new threshold 8 (max 8)
- age   1:     112504 bytes,     112504 total
- age   2:    1720304 bytes,    1832808 total
- age   3:      60064 bytes,    1892872 total
- age   4:     104976 bytes,    1997848 total
- age   5:     191632 bytes,    2189480 total
- age   6:     769272 bytes,    2958752 total
- age   7:    6092872 bytes,    9051624 total
: 30765K->13312K(109248K), 0,0142568 secs] 30765K->13312K(502464K), 0,0143213 secs] [Times: user=0,05 sys=0,00, real=0,01 secs] 
Heap after GC invocations=7 (full 1):
 par new generation   total 109248K, used 13312K [0x00000000e0000000, 0x00000000e8000000, 0x00000000e8000000)
  eden space 87424K,   0% used [0x00000000e0000000, 0x00000000e0000000, 0x00000000e5560000)
  from space 21824K,  61% used [0x00000000e6ab0000, 0x00000000e77b0368, 0x00000000e8000000)
  to   space 21824K,   0% used [0x00000000e5560000, 0x00000000e5560000, 0x00000000e6ab0000)
 concurrent mark-sweep generation total 393216K, used 0K [0x00000000e8000000, 0x0000000100000000, 0x0000000100000000)
 Metaspace       used 23791K, capacity 24313K, committed 24540K, reserved 1071104K
  class space    used 2793K, capacity 2982K, committed 3016K, reserved 1048576K
}
2017-03-10T11:11:52.751+0100: 3,504: [Rescan (parallel) , 0,0040489 secs]2017-03-10T11:11:52.755+0100: 3,508: [weak refs processing, 0,0004395 secs]2017-03-10T11:11:52.756+0100: 3,508: [class unloading, 0,0037361 secs]2017-03-10T11:11:52.760+0100: 3,512: [scrub symbol table, 0,0029875 secs]2017-03-10T11:11:52.763+0100: 3,515: [scrub string table, 0,0004146 secs][1 CMS-remark: 0K(393216K)] 13312K(502464K), 0,0268681 secs] [Times: user=0,07 sys=0,00, real=0,03 secs] 
2017-03-10T11:11:52.764+0100: 3,516: Total time for which application threads were stopped: 0,0269911 seconds, Stopping threads took: 0,0000363 seconds
2017-03-10T11:11:52.764+0100: 3,517: [CMS-concurrent-sweep-start]
2017-03-10T11:11:52.764+0100: 3,517: [CMS-concurrent-sweep: 0,000/0,000 secs] [Times: user=0,00 sys=0,00, real=0,00 secs] 
2017-03-10T11:11:52.764+0100: 3,517: [CMS-concurrent-reset-start]
2017-03-10T11:11:52.767+0100: 3,519: [CMS-concurrent-reset: 0,003/0,003 secs] [Times: user=0,01 sys=0,00, real=0,00 secs] 
{Heap before GC invocations=7 (full 1):
 par new generation   total 109248K, used 100736K [0x00000000e0000000, 0x00000000e8000000, 0x00000000e8000000)
  eden space 87424K, 100% used [0x00000000e0000000, 0x00000000e5560000, 0x00000000e5560000)
  from space 21824K,  61% used [0x00000000e6ab0000, 0x00000000e77b0368, 0x00000000e8000000)
  to   space 21824K,   0% used [0x00000000e5560000, 0x00000000e5560000, 0x00000000e6ab0000)
 concurrent mark-sweep generation total 393216K, used 0K [0x00000000e8000000, 0x0000000100000000, 0x0000000100000000)
 Metaspace       used 24240K, capacity 24783K, committed 24924K, reserved 1071104K
  class space    used 2849K, capacity 3050K, committed 3144K, reserved 1048576K
2017-03-10T11:11:52.857+0100: 3,609: [GC (Allocation Failure) 2017-03-10T11:11:52.857+0100: 3,609: [ParNew
Desired survivor size 20112992 bytes, new threshold 8 (max 8)
- age   1:    1667848 bytes,    1667848 total
- age   2:      34696 bytes,    1702544 total
- age   3:    1692784 bytes,    3395328 total
- age   4:      60064 bytes,    3455392 total
- age   5:     104768 bytes,    3560160 total
- age   6:     191608 bytes,    3751768 total
- age   7:     769272 bytes,    4521040 total
- age   8:    6092320 bytes,   10613360 total
: 100736K->13398K(109248K), 0,0195975 secs] 100736K->13398K(502464K), 0,0196604 secs] [Times: user=0,08 sys=0,00, real=0,02 secs] 
Heap after GC invocations=8 (full 1):
 par new generation   total 109248K, used 13398K [0x00000000e0000000, 0x00000000e8000000, 0x00000000e8000000)
  eden space 87424K,   0% used [0x00000000e0000000, 0x00000000e0000000, 0x00000000e5560000)
  from space 21824K,  61% used [0x00000000e5560000, 0x00000000e6275b18, 0x00000000e6ab0000)
  to   space 21824K,   0% used [0x00000000e6ab0000, 0x00000000e6ab0000, 0x00000000e8000000)
 concurrent mark-sweep generation total 393216K, used 0K [0x00000000e8000000, 0x0000000100000000, 0x0000000100000000)
 Metaspace       used 24240K, capacity 24783K, committed 24924K, reserved 1071104K
  class space    used 2849K, capacity 3050K, committed 3144K, reserved 1048576K
}
2017-03-10T11:11:52.876+0100: 3,629: Total time for which application threads were stopped: 0,0199036 seconds, Stopping threads took: 0,0000902 seconds
{Heap before GC invocations=8 (full 1):
 par new generation   total 109248K, used 100822K [0x00000000e0000000, 0x00000000e8000000, 0x00000000e8000000)
  eden space 87424K, 100% used [0x00000000e0000000, 0x00000000e5560000, 0x00000000e5560000)
  from space 21824K,  61% used [0x00000000e5560000, 0x00000000e6275b18, 0x00000000e6ab0000)
  to   space 21824K,   0% used [0x00000000e6ab0000, 0x00000000e6ab0000, 0x00000000e8000000)
 concurrent mark-sweep generation total 393216K, used 0K [0x00000000e8000000, 0x0000000100000000, 0x0000000100000000)
 Metaspace       used 24513K, capacity 24985K, committed 25180K, reserved 1071104K
  class space    used 2869K, capacity 3052K, committed 3144K, reserved 1048576K
2017-03-10T11:11:53.002+0100: 3,754: [GC (Allocation Failure) 2017-03-10T11:11:53.002+0100: 3,754: [ParNew
Desired survivor size 20112992 bytes, new threshold 8 (max 8)
- age   1:     523992 bytes,     523992 total
- age   2:     587864 bytes,    1111856 total
- age   3:      34656 bytes,    1146512 total
- age   4:    1692592 bytes,    2839104 total
- age   5:      60064 bytes,    2899168 total
- age   6:     104672 bytes,    3003840 total
- age   7:     188840 bytes,    3192680 total
- age   8:     768472 bytes,    3961152 total
: 100822K->8991K(109248K), 0,0574458 secs] 100822K->15023K(502464K), 0,0575390 secs] [Times: user=0,16 sys=0,01, real=0,05 secs] 
Heap after GC invocations=9 (full 1):
 par new generation   total 109248K, used 8991K [0x00000000e0000000, 0x00000000e8000000, 0x00000000e8000000)
  eden space 87424K,   0% used [0x00000000e0000000, 0x00000000e0000000, 0x00000000e5560000)
  from space 21824K,  41% used [0x00000000e6ab0000, 0x00000000e7377e40, 0x00000000e8000000)
  to   space 21824K,   0% used [0x00000000e5560000, 0x00000000e5560000, 0x00000000e6ab0000)
 concurrent mark-sweep generation total 393216K, used 6031K [0x00000000e8000000, 0x0000000100000000, 0x0000000100000000)
 Metaspace       used 24513K, capacity 24985K, committed 25180K, reserved 1071104K
  class space    used 2869K, capacity 3052K, committed 3144K, reserved 1048576K
}
2017-03-10T11:11:53.059+0100: 3,812: Total time for which application threads were stopped: 0,0613497 seconds, Stopping threads took: 0,0036312 seconds
2017-03-10T11:11:53.299+0100: 4,051: Total time for which application threads were stopped: 0,0003787 seconds, Stopping threads took: 0,0000497 seconds
2017-03-10T11:11:53.306+0100: 4,058: Total time for which application threads were stopped: 0,0001406 seconds, Stopping threads took: 0,0000532 seconds
2017-03-10T11:11:53.306+0100: 4,059: Total time for which application threads were stopped: 0,0001253 seconds, Stopping threads took: 0,0000467 seconds
2017-03-10T11:11:53.307+0100: 4,060: Total time for which application threads were stopped: 0,0001300 seconds, Stopping threads took: 0,0000571 seconds
2017-03-10T11:11:53.310+0100: 4,062: Total time for which application threads were stopped: 0,0001204 seconds, Stopping threads took: 0,0000416 seconds
2017-03-10T11:11:53.310+0100: 4,063: Total time for which application threads were stopped: 0,0001119 seconds, Stopping threads took: 0,0000307 seconds
2017-03-10T11:11:53.311+0100: 4,063: Total time for which application threads were stopped: 0,0001125 seconds, Stopping threads took: 0,0000304 seconds
2017-03-10T11:11:53.337+0100: 4,089: Total time for which application threads were stopped: 0,0001962 seconds, Stopping threads took: 0,0000807 seconds
2017-03-10T11:11:53.342+0100: 4,094: Total time for which application threads were stopped: 0,0001527 seconds, Stopping threads took: 0,0000358 seconds
2017-03-10T11:11:53.342+0100: 4,095: Total time for which application threads were stopped: 0,0001077 seconds, Stopping threads took: 0,0000363 seconds
2017-03-10T11:11:53.343+0100: 4,095: Total time for which application threads were stopped: 0,0000812 seconds, Stopping threads took: 0,0000179 seconds
2017-03-10T11:11:53.345+0100: 4,097: Total time for which application threads were stopped: 0,0001408 seconds, Stopping threads took: 0,0000457 seconds
2017-03-10T11:11:53.346+0100: 4,099: Total time for which application threads were stopped: 0,0004754 seconds, Stopping threads took: 0,0003729 seconds
2017-03-10T11:11:53.361+0100: 4,114: Total time for which application threads were stopped: 0,0005247 seconds, Stopping threads took: 0,0000365 seconds
2017-03-10T11:11:53.363+0100: 4,116: Total time for which application threads were stopped: 0,0001212 seconds, Stopping threads took: 0,0000384 seconds
2017-03-10T11:11:53.379+0100: 4,131: Total time for which application threads were stopped: 0,0005312 seconds, Stopping threads took: 0,0000456 seconds
2017-03-10T11:11:53.379+0100: 4,132: Total time for which application threads were stopped: 0,0001372 seconds, Stopping threads took: 0,0000392 seconds
2017-03-10T11:11:53.385+0100: 4,137: Total time for which application threads were stopped: 0,0001551 seconds, Stopping threads took: 0,0000372 seconds
2017-03-10T11:11:53.386+0100: 4,138: Total time for which application threads were stopped: 0,0001537 seconds, Stopping threads took: 0,0000671 seconds
2017-03-10T11:11:53.389+0100: 4,141: Total time for which application threads were stopped: 0,0001356 seconds, Stopping threads took: 0,0000365 seconds
2017-03-10T11:11:53.390+0100: 4,143: Total time for which application threads were stopped: 0,0001323 seconds, Stopping threads took: 0,0000318 seconds
2017-03-10T11:11:53.471+0100: 4,224: Total time for which application threads were stopped: 0,0005983 seconds, Stopping threads took: 0,0000644 seconds
2017-03-10T11:11:53.481+0100: 4,233: Total time for which application threads were stopped: 0,0004479 seconds, Stopping threads took: 0,0003258 seconds
2017-03-10T11:11:53.481+0100: 4,234: Total time for which application threads were stopped: 0,0000907 seconds, Stopping threads took: 0,0000161 seconds
2017-03-10T11:11:53.490+0100: 4,243: Total time for which application threads were stopped: 0,0001076 seconds, Stopping threads took: 0,0000408 seconds
2017-03-10T11:11:53.508+0100: 4,261: Total time for which application threads were stopped: 0,0001702 seconds, Stopping threads took: 0,0000892 seconds
2017-03-10T11:11:53.508+0100: 4,261: Total time for which application threads were stopped: 0,0000631 seconds, Stopping threads took: 0,0000161 seconds
2017-03-10T11:11:53.515+0100: 4,267: Total time for which application threads were stopped: 0,0004990 seconds, Stopping threads took: 0,0000386 seconds
2017-03-10T11:11:53.515+0100: 4,267: Total time for which application threads were stopped: 0,0000888 seconds, Stopping threads took: 0,0000184 seconds
2017-03-10T11:11:53.522+0100: 4,275: Total time for which application threads were stopped: 0,0001641 seconds, Stopping threads took: 0,0000478 seconds
2017-03-10T11:11:53.522+0100: 4,275: Total time for which application threads were stopped: 0,0001146 seconds, Stopping threads took: 0,0000263 seconds
2017-03-10T11:11:53.522+0100: 4,275: Total time for which application threads were stopped: 0,0001006 seconds, Stopping threads took: 0,0000203 seconds
2017-03-10T11:11:53.523+0100: 4,275: Total time for which application threads were stopped: 0,0000994 seconds, Stopping threads took: 0,0000216 seconds
2017-03-10T11:11:53.523+0100: 4,275: Total time for which application threads were stopped: 0,0000968 seconds, Stopping threads took: 0,0000186 seconds
2017-03-10T11:11:53.523+0100: 4,276: Total time for which application threads were stopped: 0,0001048 seconds, Stopping threads took: 0,0000247 seconds
2017-03-10T11:11:53.523+0100: 4,276: Total time for which application threads were stopped: 0,0000963 seconds, Stopping threads took: 0,0000194 seconds
2017-03-10T11:11:53.524+0100: 4,276: Total time for which application threads were stopped: 0,0000981 seconds, Stopping threads took: 0,0000227 seconds
2017-03-10T11:11:53.524+0100: 4,276: Total time for which application threads were stopped: 0,0000720 seconds, Stopping threads took: 0,0000165 seconds
2017-03-10T11:11:53.524+0100: 4,276: Total time for which application threads were stopped: 0,0000781 seconds, Stopping threads took: 0,0000188 seconds
2017-03-10T11:11:53.524+0100: 4,276: Total time for which application threads were stopped: 0,0000775 seconds, Stopping threads took: 0,0000198 seconds
2017-03-10T11:11:53.524+0100: 4,277: Total time for which application threads were stopped: 0,0000693 seconds, Stopping threads took: 0,0000177 seconds
2017-03-10T11:11:53.524+0100: 4,277: Total time for which application threads were stopped: 0,0000632 seconds, Stopping threads took: 0,0000165 seconds
2017-03-10T11:11:53.524+0100: 4,277: Total time for which application threads were stopped: 0,0000682 seconds, Stopping threads took: 0,0000173 seconds
2017-03-10T11:11:53.524+0100: 4,277: Total time for which application threads were stopped: 0,0000639 seconds, Stopping threads took: 0,0000158 seconds
2017-03-10T11:11:53.525+0100: 4,277: Total time for which application threads were stopped: 0,0000675 seconds, Stopping threads took: 0,0000179 seconds
2017-03-10T11:11:53.525+0100: 4,277: Total time for which application threads were stopped: 0,0000621 seconds, Stopping threads took: 0,0000161 seconds
2017-03-10T11:11:53.525+0100: 4,277: Total time for which application threads were stopped: 0,0000621 seconds, Stopping threads took: 0,0000163 seconds
2017-03-10T11:11:53.525+0100: 4,277: Total time for which application threads were stopped: 0,0000796 seconds, Stopping threads took: 0,0000194 seconds
2017-03-10T11:11:53.525+0100: 4,278: Total time for which application threads were stopped: 0,0001078 seconds, Stopping threads took: 0,0000164 seconds
2017-03-10T11:11:53.525+0100: 4,278: Total time for which application threads were stopped: 0,0000833 seconds, Stopping threads took: 0,0000207 seconds
2017-03-10T11:11:53.525+0100: 4,278: Total time for which application threads were stopped: 0,0001907 seconds, Stopping threads took: 0,0000185 seconds
2017-03-10T11:11:53.614+0100: 4,366: Total time for which application threads were stopped: 0,0216466 seconds, Stopping threads took: 0,0215089 seconds
2017-03-10T11:11:53.637+0100: 4,389: Total time for which application threads were stopped: 0,0064998 seconds, Stopping threads took: 0,0064050 seconds
2017-03-10T11:11:54.646+0100: 5,399: Total time for which application threads were stopped: 0,0000759 seconds, Stopping threads took: 0,0000179 seconds
2017-03-10T11:13:21.662+0100: 92,414: Total time for which application threads were stopped: 0,0000650 seconds, Stopping threads took: 0,0000169 seconds
2017-03-10T11:13:51.665+0100: 122,418: Total time for which application threads were stopped: 0,0000765 seconds, Stopping threads took: 0,0000332 seconds
2017-03-10T11:13:56.666+0100: 127,418: Total time for which application threads were stopped: 0,0000763 seconds, Stopping threads took: 0,0000326 seconds
2017-03-10T11:16:26.682+0100: 277,435: Total time for which application threads were stopped: 0,0004962 seconds, Stopping threads took: 0,0001925 seconds
2017-03-10T11:35:20.809+0100: 1411,562: Total time for which application threads were stopped: 0,0000856 seconds, Stopping threads took: 0,0000357 seconds
2017-03-10T11:40:05.840+0100: 1696,593: Total time for which application threads were stopped: 0,0001800 seconds, Stopping threads took: 0,0000704 seconds
2017-03-10T11:50:11.899+0100: 2302,651: Total time for which application threads were stopped: 0,0000743 seconds, Stopping threads took: 0,0000290 seconds
2017-03-10T11:50:15.899+0100: 2306,652: Total time for which application threads were stopped: 0,0000700 seconds, Stopping threads took: 0,0000164 seconds
2017-03-10T12:05:06.989+0100: 3197,742: Total time for which application threads were stopped: 0,0000741 seconds, Stopping threads took: 0,0000287 seconds
2017-03-10T12:16:11.060+0100: 3861,813: Total time for which application threads were stopped: 0,0000767 seconds, Stopping threads took: 0,0000319 seconds
2017-03-10T12:16:16.061+0100: 3866,814: Total time for which application threads were stopped: 0,0005547 seconds, Stopping threads took: 0,0002244 seconds
2017-03-10T12:30:27.148+0100: 4717,900: Total time for which application threads were stopped: 0,0000844 seconds, Stopping threads took: 0,0000350 seconds
2017-03-10T12:32:21.158+0100: 4831,910: Total time for which application threads were stopped: 0,0000831 seconds, Stopping threads took: 0,0000319 seconds
2017-03-10T12:47:51.247+0100: 5761,999: Total time for which application threads were stopped: 0,0000896 seconds, Stopping threads took: 0,0000334 seconds
2017-03-10T13:00:32.331+0100: 6523,083: Total time for which application threads were stopped: 0,0000944 seconds, Stopping threads took: 0,0000401 seconds
2017-03-10T13:07:07.376+0100: 6918,128: Total time for which application threads were stopped: 0,0000754 seconds, Stopping threads took: 0,0000296 seconds
2017-03-10T13:13:21.418+0100: 7292,171: Total time for which application threads were stopped: 0,0001482 seconds, Stopping threads took: 0,0000478 seconds
2017-03-10T13:13:51.422+0100: 7322,174: Total time for which application threads were stopped: 0,0001906 seconds, Stopping threads took: 0,0000897 seconds
2017-03-10T13:19:51.465+0100: 7682,217: Total time for which application threads were stopped: 0,0000868 seconds, Stopping threads took: 0,0000346 seconds
2017-03-10T13:20:21.469+0100: 7712,221: Total time for which application threads were stopped: 0,0000769 seconds, Stopping threads took: 0,0000305 seconds
2017-03-10T14:23:50.875+0100: 11521,627: Total time for which application threads were stopped: 0,0000896 seconds, Stopping threads took: 0,0000325 seconds
2017-03-10T15:35:51.295+0100: 15842,047: Total time for which application threads were stopped: 0,0001316 seconds, Stopping threads took: 0,0000434 seconds
2017-03-10T15:36:07.296+0100: 15858,049: Total time for which application threads were stopped: 0,0000633 seconds, Stopping threads took: 0,0000143 seconds
{Heap before GC invocations=9 (full 1):
 par new generation   total 109248K, used 96415K [0x00000000e0000000, 0x00000000e8000000, 0x00000000e8000000)
  eden space 87424K, 100% used [0x00000000e0000000, 0x00000000e5560000, 0x00000000e5560000)
  from space 21824K,  41% used [0x00000000e6ab0000, 0x00000000e7377e40, 0x00000000e8000000)
  to   space 21824K,   0% used [0x00000000e5560000, 0x00000000e5560000, 0x00000000e6ab0000)
 concurrent mark-sweep generation total 393216K, used 6031K [0x00000000e8000000, 0x0000000100000000, 0x0000000100000000)
 Metaspace       used 28081K, capacity 28557K, committed 28740K, reserved 1075200K
  class space    used 3213K, capacity 3388K, committed 3400K, reserved 1048576K
2017-03-10T18:30:09.129+0100: 26299,881: [GC (Allocation Failure) 2017-03-10T18:30:09.129+0100: 26299,881: [ParNew
Desired survivor size 20112992 bytes, new threshold 8 (max 8)
- age   1:   11141360 bytes,   11141360 total
- age   2:     205504 bytes,   11346864 total
- age   3:     198096 bytes,   11544960 total
- age   4:      34016 bytes,   11578976 total
- age   5:    1686280 bytes,   13265256 total
- age   6:      60064 bytes,   13325320 total
- age   7:     102096 bytes,   13427416 total
- age   8:     188216 bytes,   13615632 total
: 96415K->15158K(109248K), 0,1351545 secs] 102447K->22029K(502464K), 0,1352229 secs] [Times: user=0,06 sys=0,00, real=0,14 secs] 
Heap after GC invocations=10 (full 1):
 par new generation   total 109248K, used 15158K [0x00000000e0000000, 0x00000000e8000000, 0x00000000e8000000)
  eden space 87424K,   0% used [0x00000000e0000000, 0x00000000e0000000, 0x00000000e5560000)
  from space 21824K,  69% used [0x00000000e5560000, 0x00000000e642da60, 0x00000000e6ab0000)
  to   space 21824K,   0% used [0x00000000e6ab0000, 0x00000000e6ab0000, 0x00000000e8000000)
 concurrent mark-sweep generation total 393216K, used 6870K [0x00000000e8000000, 0x0000000100000000, 0x0000000100000000)
 Metaspace       used 28081K, capacity 28557K, committed 28740K, reserved 1075200K
  class space    used 3213K, capacity 3388K, committed 3400K, reserved 1048576K
}
2017-03-10T18:30:09.264+0100: 26300,017: Total time for which application threads were stopped: 0,1353754 seconds, Stopping threads took: 0,0000151 seconds
2017-03-10T18:30:09.266+0100: 26300,019: Total time for which application threads were stopped: 0,0001262 seconds, Stopping threads took: 0,0000287 seconds
2017-03-10T18:30:09.270+0100: 26300,023: Total time for which application threads were stopped: 0,0000886 seconds, Stopping threads took: 0,0000155 seconds
2017-03-10T18:30:09.274+0100: 26300,026: Total time for which application threads were stopped: 0,0001288 seconds, Stopping threads took: 0,0000339 seconds
2017-03-10T18:30:09.279+0100: 26300,031: Total time for which application threads were stopped: 0,0000936 seconds, Stopping threads took: 0,0000166 seconds
2017-03-10T18:30:09.283+0100: 26300,035: Total time for which application threads were stopped: 0,0001625 seconds, Stopping threads took: 0,0000756 seconds
2017-03-10T18:30:09.286+0100: 26300,038: Total time for which application threads were stopped: 0,0001106 seconds, Stopping threads took: 0,0000304 seconds
2017-03-10T18:30:09.286+0100: 26300,039: Total time for which application threads were stopped: 0,0000751 seconds, Stopping threads took: 0,0000259 seconds
2017-03-10T18:30:09.286+0100: 26300,039: Total time for which application threads were stopped: 0,0000709 seconds, Stopping threads took: 0,0000283 seconds
2017-03-10T18:30:09.286+0100: 26300,039: Total time for which application threads were stopped: 0,0002343 seconds, Stopping threads took: 0,0001847 seconds
2017-03-10T18:30:09.287+0100: 26300,039: Total time for which application threads were stopped: 0,0000706 seconds, Stopping threads took: 0,0000272 seconds
2017-03-10T18:30:09.287+0100: 26300,039: Total time for which application threads were stopped: 0,0000742 seconds, Stopping threads took: 0,0000319 seconds
2017-03-10T18:30:09.288+0100: 26300,040: Total time for which application threads were stopped: 0,0003133 seconds, Stopping threads took: 0,0002453 seconds
2017-03-10T18:30:09.288+0100: 26300,040: Total time for which application threads were stopped: 0,0000661 seconds, Stopping threads took: 0,0000219 seconds
2017-03-10T18:30:09.288+0100: 26300,041: Total time for which application threads were stopped: 0,0000592 seconds, Stopping threads took: 0,0000206 seconds
2017-03-10T18:30:09.299+0100: 26300,052: Total time for which application threads were stopped: 0,0001553 seconds, Stopping threads took: 0,0000734 seconds
2017-03-10T18:30:09.300+0100: 26300,053: Total time for which application threads were stopped: 0,0001014 seconds, Stopping threads took: 0,0000370 seconds
2017-03-10T18:30:09.300+0100: 26300,053: Total time for which application threads were stopped: 0,0000550 seconds, Stopping threads took: 0,0000201 seconds
2017-03-10T18:30:09.300+0100: 26300,053: Total time for which application threads were stopped: 0,0000487 seconds, Stopping threads took: 0,0000159 seconds
2017-03-10T18:30:09.300+0100: 26300,053: Total time for which application threads were stopped: 0,0000483 seconds, Stopping threads took: 0,0000170 seconds
2017-03-10T18:30:09.302+0100: 26300,054: Total time for which application threads were stopped: 0,0001375 seconds, Stopping threads took: 0,0000601 seconds
2017-03-10T18:30:09.306+0100: 26300,058: Total time for which application threads were stopped: 0,0025089 seconds, Stopping threads took: 0,0024020 seconds
2017-03-10T18:30:09.310+0100: 26300,062: Total time for which application threads were stopped: 0,0028029 seconds, Stopping threads took: 0,0027049 seconds
2017-03-10T18:30:09.315+0100: 26300,067: Total time for which application threads were stopped: 0,0010013 seconds, Stopping threads took: 0,0009097 seconds
2017-03-10T18:30:09.317+0100: 26300,070: Total time for which application threads were stopped: 0,0022911 seconds, Stopping threads took: 0,0022030 seconds
2017-03-10T18:30:09.317+0100: 26300,070: Total time for which application threads were stopped: 0,0002064 seconds, Stopping threads took: 0,0001425 seconds
2017-03-10T18:30:09.318+0100: 26300,070: Total time for which application threads were stopped: 0,0003705 seconds, Stopping threads took: 0,0000124 seconds
2017-03-10T18:30:09.318+0100: 26300,071: Total time for which application threads were stopped: 0,0000696 seconds, Stopping threads took: 0,0000176 seconds
2017-03-10T18:30:09.318+0100: 26300,071: Total time for which application threads were stopped: 0,0000698 seconds, Stopping threads took: 0,0000226 seconds
2017-03-10T18:30:09.318+0100: 26300,071: Total time for which application threads were stopped: 0,0000639 seconds, Stopping threads took: 0,0000204 seconds
2017-03-10T18:30:09.319+0100: 26300,072: Total time for which application threads were stopped: 0,0004047 seconds, Stopping threads took: 0,0003473 seconds
2017-03-10T18:30:09.319+0100: 26300,072: Total time for which application threads were stopped: 0,0000641 seconds, Stopping threads took: 0,0000224 seconds
2017-03-10T18:30:09.325+0100: 26300,078: Total time for which application threads were stopped: 0,0000919 seconds, Stopping threads took: 0,0000328 seconds
2017-03-10T18:30:09.325+0100: 26300,078: Total time for which application threads were stopped: 0,0000476 seconds, Stopping threads took: 0,0000168 seconds
2017-03-10T18:30:09.325+0100: 26300,078: Total time for which application threads were stopped: 0,0000522 seconds, Stopping threads took: 0,0000201 seconds
2017-03-10T18:30:09.326+0100: 26300,079: Total time for which application threads were stopped: 0,0000844 seconds, Stopping threads took: 0,0000308 seconds
2017-03-10T18:30:09.328+0100: 26300,080: Total time for which application threads were stopped: 0,0000728 seconds, Stopping threads took: 0,0000154 seconds
2017-03-10T18:30:09.328+0100: 26300,080: Total time for which application threads were stopped: 0,0000321 seconds, Stopping threads took: 0,0000078 seconds
2017-03-10T18:30:09.328+0100: 26300,080: Total time for which application threads were stopped: 0,0000454 seconds, Stopping threads took: 0,0000204 seconds
2017-03-10T18:30:09.328+0100: 26300,081: Total time for which application threads were stopped: 0,0000508 seconds, Stopping threads took: 0,0000200 seconds
2017-03-10T18:30:09.328+0100: 26300,081: Total time for which application threads were stopped: 0,0000530 seconds, Stopping threads took: 0,0000112 seconds
2017-03-10T18:30:09.329+0100: 26300,081: Total time for which application threads were stopped: 0,0000307 seconds, Stopping threads took: 0,0000074 seconds
2017-03-10T18:30:09.329+0100: 26300,081: Total time for which application threads were stopped: 0,0001128 seconds, Stopping threads took: 0,0000148 seconds
2017-03-10T18:30:09.329+0100: 26300,082: Total time for which application threads were stopped: 0,0000421 seconds, Stopping threads took: 0,0000146 seconds
2017-03-10T18:30:09.330+0100: 26300,082: Total time for which application threads were stopped: 0,0000791 seconds, Stopping threads took: 0,0000296 seconds
2017-03-10T18:30:09.330+0100: 26300,083: Total time for which application threads were stopped: 0,0001389 seconds, Stopping threads took: 0,0000340 seconds
2017-03-10T18:30:09.336+0100: 26300,088: Total time for which application threads were stopped: 0,0000975 seconds, Stopping threads took: 0,0000173 seconds
Heap
 par new generation   total 109248K, used 25123K [0x00000000e0000000, 0x00000000e8000000, 0x00000000e8000000)
  eden space 87424K,  11% used [0x00000000e0000000, 0x00000000e09bb588, 0x00000000e5560000)
  from space 21824K,  69% used [0x00000000e5560000, 0x00000000e642da60, 0x00000000e6ab0000)
  to   space 21824K,   0% used [0x00000000e6ab0000, 0x00000000e6ab0000, 0x00000000e8000000)
 concurrent mark-sweep generation total 393216K, used 6870K [0x00000000e8000000, 0x0000000100000000, 0x0000000100000000)
 Metaspace       used 28175K, capacity 28727K, committed 29124K, reserved 1075200K
  class space    used 3227K, capacity 3423K, committed 3528K, reserved 1048576K
