OpenJDK 64-Bit Server VM (25.111-b14) for linux-amd64 JRE (1.8.0_111-8u111-b14-2ubuntu0.16.04.2-b14), built on Oct 27 2016 18:10:19 by "buildd" with gcc 5.4.0 20160609
Memory: 4k page, physical 7867840k(7444588k free), swap 8076284k(8076284k free)
CommandLine flags: -XX:CMSInitiatingOccupancyFraction=50 -XX:CMSMaxAbortablePrecleanTime=6000 -XX:+CMSParallelRemarkEnabled -XX:+CMSScavengeBeforeRemark -XX:ConcGCThreads=4 -XX:InitialHeapSize=536870912 -XX:MaxHeapSize=536870912 -XX:MaxTenuringThreshold=8 -XX:NewRatio=3 -XX:OldPLABSize=16 -XX:OnOutOfMemoryError=/opt/solr/bin/oom_solr.sh 8983 /var/solr/logs -XX:ParallelGCThreads=4 -XX:+ParallelRefProcEnabled -XX:PretenureSizeThreshold=67108864 -XX:+PrintGC -XX:+PrintGCApplicationStoppedTime -XX:+PrintGCDateStamps -XX:+PrintGCDetails -XX:+PrintGCTimeStamps -XX:+PrintHeapAtGC -XX:+PrintTenuringDistribution -XX:SurvivorRatio=4 -XX:TargetSurvivorRatio=90 -XX:ThreadStackSize=256 -XX:+UseCMSInitiatingOccupancyOnly -XX:+UseCompressedClassPointers -XX:+UseCompressedOops -XX:+UseConcMarkSweepGC -XX:+UseParNewGC 
2016-12-14T09:07:39.602+0100: 0,115: Total time for which application threads were stopped: 0,0000672 seconds, Stopping threads took: 0,0000154 seconds
2016-12-14T09:07:39.675+0100: 0,189: Total time for which application threads were stopped: 0,0001141 seconds, Stopping threads took: 0,0000159 seconds
2016-12-14T09:07:39.688+0100: 0,201: Total time for which application threads were stopped: 0,0000726 seconds, Stopping threads took: 0,0000091 seconds
2016-12-14T09:07:39.890+0100: 0,404: Total time for which application threads were stopped: 0,0001306 seconds, Stopping threads took: 0,0000111 seconds
2016-12-14T09:07:40.358+0100: 0,871: Total time for which application threads were stopped: 0,0001738 seconds, Stopping threads took: 0,0000239 seconds
2016-12-14T09:07:40.556+0100: 1,069: Total time for which application threads were stopped: 0,0003965 seconds, Stopping threads took: 0,0000340 seconds
2016-12-14T09:07:40.587+0100: 1,101: Total time for which application threads were stopped: 0,0002075 seconds, Stopping threads took: 0,0000237 seconds
2016-12-14T09:07:40.916+0100: 1,430: Total time for which application threads were stopped: 0,0001857 seconds, Stopping threads took: 0,0000280 seconds
2016-12-14T09:07:41.112+0100: 1,626: Total time for which application threads were stopped: 0,0002055 seconds, Stopping threads took: 0,0000218 seconds
2016-12-14T09:07:41.138+0100: 1,652: Total time for which application threads were stopped: 0,0005531 seconds, Stopping threads took: 0,0000240 seconds
2016-12-14T09:07:41.140+0100: 1,653: Total time for which application threads were stopped: 0,0001255 seconds, Stopping threads took: 0,0000224 seconds
2016-12-14T09:07:41.152+0100: 1,666: Total time for which application threads were stopped: 0,0002723 seconds, Stopping threads took: 0,0000163 seconds
2016-12-14T09:07:41.251+0100: 1,764: Total time for which application threads were stopped: 0,0003152 seconds, Stopping threads took: 0,0000250 seconds
2016-12-14T09:07:41.393+0100: 1,907: Total time for which application threads were stopped: 0,0002343 seconds, Stopping threads took: 0,0000235 seconds
{Heap before GC invocations=0 (full 0):
 par new generation   total 109248K, used 87424K [0x00000000e0000000, 0x00000000e8000000, 0x00000000e8000000)
  eden space 87424K, 100% used [0x00000000e0000000, 0x00000000e5560000, 0x00000000e5560000)
  from space 21824K,   0% used [0x00000000e5560000, 0x00000000e5560000, 0x00000000e6ab0000)
  to   space 21824K,   0% used [0x00000000e6ab0000, 0x00000000e6ab0000, 0x00000000e8000000)
 concurrent mark-sweep generation total 393216K, used 0K [0x00000000e8000000, 0x0000000100000000, 0x0000000100000000)
 Metaspace       used 18378K, capacity 18686K, committed 18944K, reserved 1067008K
  class space    used 2090K, capacity 2226K, committed 2304K, reserved 1048576K
2016-12-14T09:07:41.549+0100: 2,063: [GC (Allocation Failure) 2016-12-14T09:07:41.549+0100: 2,063: [ParNew
Desired survivor size 20112992 bytes, new threshold 8 (max 8)
- age   1:   12579736 bytes,   12579736 total
: 87424K->12398K(109248K), 0,0158160 secs] 87424K->12398K(502464K), 0,0159095 secs] [Times: user=0,05 sys=0,01, real=0,02 secs] 
Heap after GC invocations=1 (full 0):
 par new generation   total 109248K, used 12398K [0x00000000e0000000, 0x00000000e8000000, 0x00000000e8000000)
  eden space 87424K,   0% used [0x00000000e0000000, 0x00000000e0000000, 0x00000000e5560000)
  from space 21824K,  56% used [0x00000000e6ab0000, 0x00000000e76cb800, 0x00000000e8000000)
  to   space 21824K,   0% used [0x00000000e5560000, 0x00000000e5560000, 0x00000000e6ab0000)
 concurrent mark-sweep generation total 393216K, used 0K [0x00000000e8000000, 0x0000000100000000, 0x0000000100000000)
 Metaspace       used 18378K, capacity 18686K, committed 18944K, reserved 1067008K
  class space    used 2090K, capacity 2226K, committed 2304K, reserved 1048576K
}
2016-12-14T09:07:41.565+0100: 2,079: Total time for which application threads were stopped: 0,0160882 seconds, Stopping threads took: 0,0000239 seconds
2016-12-14T09:07:41.719+0100: 2,233: Total time for which application threads were stopped: 0,0002972 seconds, Stopping threads took: 0,0000400 seconds
2016-12-14T09:07:41.752+0100: 2,265: Total time for which application threads were stopped: 0,0003129 seconds, Stopping threads took: 0,0000375 seconds
2016-12-14T09:07:41.775+0100: 2,289: Total time for which application threads were stopped: 0,0002910 seconds, Stopping threads took: 0,0000224 seconds
{Heap before GC invocations=1 (full 0):
 par new generation   total 109248K, used 99822K [0x00000000e0000000, 0x00000000e8000000, 0x00000000e8000000)
  eden space 87424K, 100% used [0x00000000e0000000, 0x00000000e5560000, 0x00000000e5560000)
  from space 21824K,  56% used [0x00000000e6ab0000, 0x00000000e76cb800, 0x00000000e8000000)
  to   space 21824K,   0% used [0x00000000e5560000, 0x00000000e5560000, 0x00000000e6ab0000)
 concurrent mark-sweep generation total 393216K, used 0K [0x00000000e8000000, 0x0000000100000000, 0x0000000100000000)
 Metaspace       used 20743K, capacity 21084K, committed 21248K, reserved 1069056K
  class space    used 2403K, capacity 2518K, committed 2560K, reserved 1048576K
2016-12-14T09:07:41.946+0100: 2,460: [GC (Allocation Failure) 2016-12-14T09:07:41.946+0100: 2,460: [ParNew
Desired survivor size 20112992 bytes, new threshold 8 (max 8)
- age   1:    2801400 bytes,    2801400 total
- age   2:    6139480 bytes,    8940880 total
: 99822K->15147K(109248K), 0,0132121 secs] 99822K->15147K(502464K), 0,0132905 secs] [Times: user=0,03 sys=0,01, real=0,01 secs] 
Heap after GC invocations=2 (full 0):
 par new generation   total 109248K, used 15147K [0x00000000e0000000, 0x00000000e8000000, 0x00000000e8000000)
  eden space 87424K,   0% used [0x00000000e0000000, 0x00000000e0000000, 0x00000000e5560000)
  from space 21824K,  69% used [0x00000000e5560000, 0x00000000e642af00, 0x00000000e6ab0000)
  to   space 21824K,   0% used [0x00000000e6ab0000, 0x00000000e6ab0000, 0x00000000e8000000)
 concurrent mark-sweep generation total 393216K, used 0K [0x00000000e8000000, 0x0000000100000000, 0x0000000100000000)
 Metaspace       used 20743K, capacity 21084K, committed 21248K, reserved 1069056K
  class space    used 2403K, capacity 2518K, committed 2560K, reserved 1048576K
}
2016-12-14T09:07:41.959+0100: 2,473: Total time for which application threads were stopped: 0,0134922 seconds, Stopping threads took: 0,0000334 seconds
2016-12-14T09:07:42.010+0100: 2,524: Total time for which application threads were stopped: 0,0000759 seconds, Stopping threads took: 0,0000141 seconds
2016-12-14T09:07:42.042+0100: 2,556: Total time for which application threads were stopped: 0,0000806 seconds, Stopping threads took: 0,0000170 seconds
2016-12-14T09:07:42.043+0100: 2,556: Total time for which application threads were stopped: 0,0002514 seconds, Stopping threads took: 0,0000079 seconds
2016-12-14T09:07:42.066+0100: 2,580: Total time for which application threads were stopped: 0,0000732 seconds, Stopping threads took: 0,0000149 seconds
2016-12-14T09:07:42.140+0100: 2,653: Total time for which application threads were stopped: 0,0001337 seconds, Stopping threads took: 0,0000286 seconds
2016-12-14T09:07:42.156+0100: 2,670: Total time for which application threads were stopped: 0,0000958 seconds, Stopping threads took: 0,0000288 seconds
2016-12-14T09:07:42.163+0100: 2,677: Total time for which application threads were stopped: 0,0002759 seconds, Stopping threads took: 0,0000133 seconds
2016-12-14T09:07:42.170+0100: 2,684: Total time for which application threads were stopped: 0,0002717 seconds, Stopping threads took: 0,0000130 seconds
2016-12-14T09:07:42.185+0100: 2,699: Total time for which application threads were stopped: 0,0000830 seconds, Stopping threads took: 0,0000214 seconds
2016-12-14T09:07:42.213+0100: 2,727: Total time for which application threads were stopped: 0,0000993 seconds, Stopping threads took: 0,0000279 seconds
2016-12-14T09:07:42.231+0100: 2,745: Total time for which application threads were stopped: 0,0000737 seconds, Stopping threads took: 0,0000135 seconds
2016-12-14T09:07:42.245+0100: 2,759: Total time for which application threads were stopped: 0,0000929 seconds, Stopping threads took: 0,0000336 seconds
2016-12-14T09:07:42.271+0100: 2,785: Total time for which application threads were stopped: 0,0000765 seconds, Stopping threads took: 0,0000141 seconds
2016-12-14T09:07:42.295+0100: 2,809: Total time for which application threads were stopped: 0,0001272 seconds, Stopping threads took: 0,0000337 seconds
2016-12-14T09:07:42.356+0100: 2,870: Total time for which application threads were stopped: 0,0001314 seconds, Stopping threads took: 0,0000500 seconds
2016-12-14T09:07:42.393+0100: 2,907: Total time for which application threads were stopped: 0,0001215 seconds, Stopping threads took: 0,0000325 seconds
{Heap before GC invocations=2 (full 0):
 par new generation   total 109248K, used 102571K [0x00000000e0000000, 0x00000000e8000000, 0x00000000e8000000)
  eden space 87424K, 100% used [0x00000000e0000000, 0x00000000e5560000, 0x00000000e5560000)
  from space 21824K,  69% used [0x00000000e5560000, 0x00000000e642af00, 0x00000000e6ab0000)
  to   space 21824K,   0% used [0x00000000e6ab0000, 0x00000000e6ab0000, 0x00000000e8000000)
 concurrent mark-sweep generation total 393216K, used 0K [0x00000000e8000000, 0x0000000100000000, 0x0000000100000000)
 Metaspace       used 25151K, capacity 25508K, committed 25612K, reserved 1073152K
  class space    used 2923K, capacity 3056K, committed 3064K, reserved 1048576K
2016-12-14T09:07:42.420+0100: 2,934: [GC (Allocation Failure) 2016-12-14T09:07:42.420+0100: 2,934: [ParNew
Desired survivor size 20112992 bytes, new threshold 8 (max 8)
- age   1:    6938736 bytes,    6938736 total
- age   2:     515856 bytes,    7454592 total
- age   3:    6130808 bytes,   13585400 total
: 102571K->16305K(109248K), 0,0187403 secs] 102571K->16305K(502464K), 0,0188180 secs] [Times: user=0,06 sys=0,00, real=0,02 secs] 
Heap after GC invocations=3 (full 0):
 par new generation   total 109248K, used 16305K [0x00000000e0000000, 0x00000000e8000000, 0x00000000e8000000)
  eden space 87424K,   0% used [0x00000000e0000000, 0x00000000e0000000, 0x00000000e5560000)
  from space 21824K,  74% used [0x00000000e6ab0000, 0x00000000e7a9c480, 0x00000000e8000000)
  to   space 21824K,   0% used [0x00000000e5560000, 0x00000000e5560000, 0x00000000e6ab0000)
 concurrent mark-sweep generation total 393216K, used 0K [0x00000000e8000000, 0x0000000100000000, 0x0000000100000000)
 Metaspace       used 25151K, capacity 25508K, committed 25612K, reserved 1073152K
  class space    used 2923K, capacity 3056K, committed 3064K, reserved 1048576K
}
2016-12-14T09:07:42.439+0100: 2,953: Total time for which application threads were stopped: 0,0189779 seconds, Stopping threads took: 0,0000200 seconds
2016-12-14T09:07:42.440+0100: 2,954: [GC (CMS Initial Mark) [1 CMS-initial-mark: 0K(393216K)] 17712K(502464K), 0,0035713 secs] [Times: user=0,01 sys=0,00, real=0,01 secs] 
2016-12-14T09:07:42.444+0100: 2,957: Total time for which application threads were stopped: 0,0036901 seconds, Stopping threads took: 0,0000361 seconds
2016-12-14T09:07:42.444+0100: 2,958: [CMS-concurrent-mark-start]
2016-12-14T09:07:42.444+0100: 2,958: Total time for which application threads were stopped: 0,0000720 seconds, Stopping threads took: 0,0000140 seconds
2016-12-14T09:07:42.444+0100: 2,958: Total time for which application threads were stopped: 0,0001104 seconds, Stopping threads took: 0,0000823 seconds
2016-12-14T09:07:42.445+0100: 2,959: [CMS-concurrent-mark: 0,001/0,002 secs] [Times: user=0,00 sys=0,00, real=0,00 secs] 
2016-12-14T09:07:42.446+0100: 2,959: [CMS-concurrent-preclean-start]
2016-12-14T09:07:42.447+0100: 2,960: [CMS-concurrent-preclean: 0,001/0,001 secs] [Times: user=0,01 sys=0,00, real=0,00 secs] 
2016-12-14T09:07:42.447+0100: 2,961: [GC (CMS Final Remark) [YG occupancy: 17712 K (109248 K)]{Heap before GC invocations=3 (full 1):
 par new generation   total 109248K, used 17712K [0x00000000e0000000, 0x00000000e8000000, 0x00000000e8000000)
  eden space 87424K,   1% used [0x00000000e0000000, 0x00000000e015fc38, 0x00000000e5560000)
  from space 21824K,  74% used [0x00000000e6ab0000, 0x00000000e7a9c480, 0x00000000e8000000)
  to   space 21824K,   0% used [0x00000000e5560000, 0x00000000e5560000, 0x00000000e6ab0000)
 concurrent mark-sweep generation total 393216K, used 0K [0x00000000e8000000, 0x0000000100000000, 0x0000000100000000)
 Metaspace       used 25173K, capacity 25580K, committed 25868K, reserved 1073152K
  class space    used 2926K, capacity 3058K, committed 3064K, reserved 1048576K
2016-12-14T09:07:42.447+0100: 2,961: [GC (CMS Final Remark) 2016-12-14T09:07:42.447+0100: 2,961: [ParNew
Desired survivor size 20112992 bytes, new threshold 8 (max 8)
- age   1:      13576 bytes,      13576 total
- age   2:    3172688 bytes,    3186264 total
- age   3:     515856 bytes,    3702120 total
- age   4:    6130520 bytes,    9832640 total
: 17712K->16453K(109248K), 0,0120045 secs] 17712K->16453K(502464K), 0,0120499 secs] [Times: user=0,04 sys=0,00, real=0,01 secs] 
Heap after GC invocations=4 (full 1):
 par new generation   total 109248K, used 16453K [0x00000000e0000000, 0x00000000e8000000, 0x00000000e8000000)
  eden space 87424K,   0% used [0x00000000e0000000, 0x00000000e0000000, 0x00000000e5560000)
  from space 21824K,  75% used [0x00000000e5560000, 0x00000000e65716c0, 0x00000000e6ab0000)
  to   space 21824K,   0% used [0x00000000e6ab0000, 0x00000000e6ab0000, 0x00000000e8000000)
 concurrent mark-sweep generation total 393216K, used 0K [0x00000000e8000000, 0x0000000100000000, 0x0000000100000000)
 Metaspace       used 25173K, capacity 25580K, committed 25868K, reserved 1073152K
  class space    used 2926K, capacity 3058K, committed 3064K, reserved 1048576K
}
2016-12-14T09:07:42.459+0100: 2,973: [Rescan (parallel) , 0,0047091 secs]2016-12-14T09:07:42.464+0100: 2,977: [weak refs processing, 0,0028813 secs]2016-12-14T09:07:42.467+0100: 2,980: [class unloading, 0,0046415 secs]2016-12-14T09:07:42.471+0100: 2,985: [scrub symbol table, 0,0052777 secs]2016-12-14T09:07:42.477+0100: 2,990: [scrub string table, 0,0004910 secs][1 CMS-remark: 0K(393216K)] 16453K(502464K), 0,0310402 secs] [Times: user=0,08 sys=0,01, real=0,03 secs] 
2016-12-14T09:07:42.478+0100: 2,992: Total time for which application threads were stopped: 0,0311694 seconds, Stopping threads took: 0,0000484 seconds
2016-12-14T09:07:42.478+0100: 2,992: [CMS-concurrent-sweep-start]
2016-12-14T09:07:42.478+0100: 2,992: [CMS-concurrent-sweep: 0,000/0,000 secs] [Times: user=0,00 sys=0,00, real=0,00 secs] 
2016-12-14T09:07:42.478+0100: 2,992: [CMS-concurrent-reset-start]
2016-12-14T09:07:42.480+0100: 2,994: [CMS-concurrent-reset: 0,002/0,002 secs] [Times: user=0,01 sys=0,00, real=0,00 secs] 
2016-12-14T09:07:42.505+0100: 3,019: Total time for which application threads were stopped: 0,0003141 seconds, Stopping threads took: 0,0000244 seconds
2016-12-14T09:07:43.505+0100: 4,019: Total time for which application threads were stopped: 0,0000857 seconds, Stopping threads took: 0,0000174 seconds
2016-12-14T09:07:43.540+0100: 4,054: Total time for which application threads were stopped: 0,0002706 seconds, Stopping threads took: 0,0000154 seconds
2016-12-14T09:08:11.546+0100: 32,060: Total time for which application threads were stopped: 0,0000660 seconds, Stopping threads took: 0,0000187 seconds
2016-12-14T09:10:21.561+0100: 162,075: Total time for which application threads were stopped: 0,0000752 seconds, Stopping threads took: 0,0000328 seconds
2016-12-14T09:10:26.562+0100: 167,075: Total time for which application threads were stopped: 0,0000682 seconds, Stopping threads took: 0,0000179 seconds
2016-12-14T09:10:30.562+0100: 171,076: Total time for which application threads were stopped: 0,0000607 seconds, Stopping threads took: 0,0000157 seconds
2016-12-14T09:10:35.563+0100: 176,077: Total time for which application threads were stopped: 0,0000684 seconds, Stopping threads took: 0,0000178 seconds
2016-12-14T09:10:40.564+0100: 181,078: Total time for which application threads were stopped: 0,0000847 seconds, Stopping threads took: 0,0000330 seconds
2016-12-14T09:11:31.571+0100: 232,085: Total time for which application threads were stopped: 0,0001727 seconds, Stopping threads took: 0,0000642 seconds
2016-12-14T09:11:36.572+0100: 237,086: Total time for which application threads were stopped: 0,0000595 seconds, Stopping threads took: 0,0000161 seconds
2016-12-14T09:11:55.575+0100: 256,088: Total time for which application threads were stopped: 0,0000734 seconds, Stopping threads took: 0,0000181 seconds
2016-12-14T09:12:10.577+0100: 271,090: Total time for which application threads were stopped: 0,0000853 seconds, Stopping threads took: 0,0000391 seconds
2016-12-14T09:12:11.577+0100: 272,091: Total time for which application threads were stopped: 0,0000660 seconds, Stopping threads took: 0,0000162 seconds
2016-12-14T09:12:26.579+0100: 287,092: Total time for which application threads were stopped: 0,0000709 seconds, Stopping threads took: 0,0000149 seconds
2016-12-14T09:31:20.755+0100: 1421,269: Total time for which application threads were stopped: 0,0000947 seconds, Stopping threads took: 0,0000327 seconds
2016-12-14T09:36:30.788+0100: 1731,302: Total time for which application threads were stopped: 0,0000766 seconds, Stopping threads took: 0,0000314 seconds
2016-12-14T09:40:11.813+0100: 1952,327: Total time for which application threads were stopped: 0,0000828 seconds, Stopping threads took: 0,0000344 seconds
2016-12-14T09:46:50.869+0100: 2351,382: Total time for which application threads were stopped: 0,0000765 seconds, Stopping threads took: 0,0000328 seconds
2016-12-14T09:46:51.869+0100: 2352,383: Total time for which application threads were stopped: 0,0001071 seconds, Stopping threads took: 0,0000245 seconds
2016-12-14T09:51:06.905+0100: 2607,419: Total time for which application threads were stopped: 0,0000769 seconds, Stopping threads took: 0,0000329 seconds
2016-12-14T09:58:57.982+0100: 3078,496: Total time for which application threads were stopped: 0,0010134 seconds, Stopping threads took: 0,0009228 seconds
2016-12-14T09:58:58.063+0100: 3078,577: Total time for which application threads were stopped: 0,0001575 seconds, Stopping threads took: 0,0000252 seconds
Heap
 par new generation   total 109248K, used 60367K [0x00000000e0000000, 0x00000000e8000000, 0x00000000e8000000)
  eden space 87424K,  50% used [0x00000000e0000000, 0x00000000e2ae2698, 0x00000000e5560000)
  from space 21824K,  75% used [0x00000000e5560000, 0x00000000e65716c0, 0x00000000e6ab0000)
  to   space 21824K,   0% used [0x00000000e6ab0000, 0x00000000e6ab0000, 0x00000000e8000000)
 concurrent mark-sweep generation total 393216K, used 0K [0x00000000e8000000, 0x0000000100000000, 0x0000000100000000)
 Metaspace       used 27183K, capacity 27658K, committed 27840K, reserved 1073152K
  class space    used 3160K, capacity 3319K, committed 3320K, reserved 1048576K
