OpenJDK 64-Bit Server VM (25.121-b13) for linux-amd64 JRE (1.8.0_121-8u121-b13-0ubuntu1.16.04.2-b13), built on Jan 23 2017 15:51:29 by "buildd" with gcc 5.4.0 20160609
Memory: 4k page, physical 7867760k(7509024k free), swap 8076284k(8076284k free)
CommandLine flags: -XX:CMSInitiatingOccupancyFraction=50 -XX:CMSMaxAbortablePrecleanTime=6000 -XX:+CMSParallelRemarkEnabled -XX:+CMSScavengeBeforeRemark -XX:ConcGCThreads=4 -XX:InitialHeapSize=536870912 -XX:MaxHeapSize=536870912 -XX:MaxTenuringThreshold=8 -XX:NewRatio=3 -XX:OldPLABSize=16 -XX:OnOutOfMemoryError=/opt/solr/bin/oom_solr.sh 8983 /var/solr/logs -XX:ParallelGCThreads=4 -XX:+ParallelRefProcEnabled -XX:PretenureSizeThreshold=67108864 -XX:+PrintGC -XX:+PrintGCApplicationStoppedTime -XX:+PrintGCDateStamps -XX:+PrintGCDetails -XX:+PrintGCTimeStamps -XX:+PrintHeapAtGC -XX:+PrintTenuringDistribution -XX:SurvivorRatio=4 -XX:TargetSurvivorRatio=90 -XX:ThreadStackSize=256 -XX:+UseCMSInitiatingOccupancyOnly -XX:+UseCompressedClassPointers -XX:+UseCompressedOops -XX:+UseConcMarkSweepGC -XX:+UseParNewGC 
2017-03-03T18:52:16.567+0100: 0,147: Total time for which application threads were stopped: 0,0000676 seconds, Stopping threads took: 0,0000124 seconds
2017-03-03T18:52:16.644+0100: 0,225: Total time for which application threads were stopped: 0,0021756 seconds, Stopping threads took: 0,0006127 seconds
2017-03-03T18:52:16.665+0100: 0,246: Total time for which application threads were stopped: 0,0001144 seconds, Stopping threads took: 0,0000210 seconds
2017-03-03T18:52:16.992+0100: 0,572: Total time for which application threads were stopped: 0,0003565 seconds, Stopping threads took: 0,0000219 seconds
2017-03-03T18:52:17.418+0100: 0,998: Total time for which application threads were stopped: 0,0001555 seconds, Stopping threads took: 0,0000218 seconds
2017-03-03T18:52:17.548+0100: 1,128: Total time for which application threads were stopped: 0,0001958 seconds, Stopping threads took: 0,0000301 seconds
2017-03-03T18:52:17.624+0100: 1,204: Total time for which application threads were stopped: 0,0002043 seconds, Stopping threads took: 0,0000175 seconds
2017-03-03T18:52:17.937+0100: 1,517: Total time for which application threads were stopped: 0,0001757 seconds, Stopping threads took: 0,0000161 seconds
2017-03-03T18:52:18.162+0100: 1,742: Total time for which application threads were stopped: 0,0010686 seconds, Stopping threads took: 0,0000858 seconds
2017-03-03T18:52:18.182+0100: 1,762: Total time for which application threads were stopped: 0,0001800 seconds, Stopping threads took: 0,0000349 seconds
2017-03-03T18:52:18.206+0100: 1,787: Total time for which application threads were stopped: 0,0002219 seconds, Stopping threads took: 0,0000197 seconds
2017-03-03T18:52:18.207+0100: 1,788: Total time for which application threads were stopped: 0,0001911 seconds, Stopping threads took: 0,0000156 seconds
2017-03-03T18:52:18.220+0100: 1,801: Total time for which application threads were stopped: 0,0001717 seconds, Stopping threads took: 0,0000200 seconds
2017-03-03T18:52:18.286+0100: 1,866: Total time for which application threads were stopped: 0,0002651 seconds, Stopping threads took: 0,0000374 seconds
2017-03-03T18:52:18.439+0100: 2,019: Total time for which application threads were stopped: 0,0002723 seconds, Stopping threads took: 0,0000446 seconds
{Heap before GC invocations=0 (full 0):
 par new generation   total 109248K, used 87424K [0x00000000e0000000, 0x00000000e8000000, 0x00000000e8000000)
  eden space 87424K, 100% used [0x00000000e0000000, 0x00000000e5560000, 0x00000000e5560000)
  from space 21824K,   0% used [0x00000000e5560000, 0x00000000e5560000, 0x00000000e6ab0000)
  to   space 21824K,   0% used [0x00000000e6ab0000, 0x00000000e6ab0000, 0x00000000e8000000)
 concurrent mark-sweep generation total 393216K, used 0K [0x00000000e8000000, 0x0000000100000000, 0x0000000100000000)
 Metaspace       used 18205K, capacity 18464K, committed 18688K, reserved 1064960K
  class space    used 2058K, capacity 2196K, committed 2304K, reserved 1048576K
2017-03-03T18:52:18.548+0100: 2,128: [GC (Allocation Failure) 2017-03-03T18:52:18.548+0100: 2,128: [ParNew
Desired survivor size 20112992 bytes, new threshold 8 (max 8)
- age   1:   12810200 bytes,   12810200 total
: 87424K->12634K(109248K), 0,0162491 secs] 87424K->12634K(502464K), 0,0163332 secs] [Times: user=0,05 sys=0,01, real=0,01 secs] 
Heap after GC invocations=1 (full 0):
 par new generation   total 109248K, used 12634K [0x00000000e0000000, 0x00000000e8000000, 0x00000000e8000000)
  eden space 87424K,   0% used [0x00000000e0000000, 0x00000000e0000000, 0x00000000e5560000)
  from space 21824K,  57% used [0x00000000e6ab0000, 0x00000000e7706b28, 0x00000000e8000000)
  to   space 21824K,   0% used [0x00000000e5560000, 0x00000000e5560000, 0x00000000e6ab0000)
 concurrent mark-sweep generation total 393216K, used 0K [0x00000000e8000000, 0x0000000100000000, 0x0000000100000000)
 Metaspace       used 18205K, capacity 18464K, committed 18688K, reserved 1064960K
  class space    used 2058K, capacity 2196K, committed 2304K, reserved 1048576K
}
2017-03-03T18:52:18.564+0100: 2,144: Total time for which application threads were stopped: 0,0165629 seconds, Stopping threads took: 0,0000257 seconds
2017-03-03T18:52:18.831+0100: 2,411: Total time for which application threads were stopped: 0,0003554 seconds, Stopping threads took: 0,0000554 seconds
{Heap before GC invocations=1 (full 0):
 par new generation   total 109248K, used 100058K [0x00000000e0000000, 0x00000000e8000000, 0x00000000e8000000)
  eden space 87424K, 100% used [0x00000000e0000000, 0x00000000e5560000, 0x00000000e5560000)
  from space 21824K,  57% used [0x00000000e6ab0000, 0x00000000e7706b28, 0x00000000e8000000)
  to   space 21824K,   0% used [0x00000000e5560000, 0x00000000e5560000, 0x00000000e6ab0000)
 concurrent mark-sweep generation total 393216K, used 0K [0x00000000e8000000, 0x0000000100000000, 0x0000000100000000)
 Metaspace       used 20045K, capacity 20360K, committed 20736K, reserved 1067008K
  class space    used 2293K, capacity 2468K, committed 2560K, reserved 1048576K
2017-03-03T18:52:18.896+0100: 2,476: [GC (Allocation Failure) 2017-03-03T18:52:18.896+0100: 2,476: [ParNew
Desired survivor size 20112992 bytes, new threshold 8 (max 8)
- age   1:    3407880 bytes,    3407880 total
- age   2:    6692328 bytes,   10100208 total
: 100058K->15894K(109248K), 0,0107529 secs] 100058K->15894K(502464K), 0,0108343 secs] [Times: user=0,04 sys=0,00, real=0,01 secs] 
Heap after GC invocations=2 (full 0):
 par new generation   total 109248K, used 15894K [0x00000000e0000000, 0x00000000e8000000, 0x00000000e8000000)
  eden space 87424K,   0% used [0x00000000e0000000, 0x00000000e0000000, 0x00000000e5560000)
  from space 21824K,  72% used [0x00000000e5560000, 0x00000000e64e58c0, 0x00000000e6ab0000)
  to   space 21824K,   0% used [0x00000000e6ab0000, 0x00000000e6ab0000, 0x00000000e8000000)
 concurrent mark-sweep generation total 393216K, used 0K [0x00000000e8000000, 0x0000000100000000, 0x0000000100000000)
 Metaspace       used 20045K, capacity 20360K, committed 20736K, reserved 1067008K
  class space    used 2293K, capacity 2468K, committed 2560K, reserved 1048576K
}
2017-03-03T18:52:18.906+0100: 2,487: Total time for which application threads were stopped: 0,0110926 seconds, Stopping threads took: 0,0000721 seconds
2017-03-03T18:52:18.913+0100: 2,493: Total time for which application threads were stopped: 0,0003395 seconds, Stopping threads took: 0,0000603 seconds
2017-03-03T18:52:18.958+0100: 2,538: Total time for which application threads were stopped: 0,0003655 seconds, Stopping threads took: 0,0000881 seconds
2017-03-03T18:52:19.102+0100: 2,683: Total time for which application threads were stopped: 0,0002020 seconds, Stopping threads took: 0,0000377 seconds
{Heap before GC invocations=2 (full 0):
 par new generation   total 109248K, used 103318K [0x00000000e0000000, 0x00000000e8000000, 0x00000000e8000000)
  eden space 87424K, 100% used [0x00000000e0000000, 0x00000000e5560000, 0x00000000e5560000)
  from space 21824K,  72% used [0x00000000e5560000, 0x00000000e64e58c0, 0x00000000e6ab0000)
  to   space 21824K,   0% used [0x00000000e6ab0000, 0x00000000e6ab0000, 0x00000000e8000000)
 concurrent mark-sweep generation total 393216K, used 0K [0x00000000e8000000, 0x0000000100000000, 0x0000000100000000)
 Metaspace       used 20978K, capacity 21282K, committed 21628K, reserved 1069056K
  class space    used 2417K, capacity 2587K, committed 2684K, reserved 1048576K
2017-03-03T18:52:19.142+0100: 2,722: [GC (Allocation Failure) 2017-03-03T18:52:19.142+0100: 2,722: [ParNew
Desired survivor size 20112992 bytes, new threshold 8 (max 8)
- age   1:    2120960 bytes,    2120960 total
- age   2:     834464 bytes,    2955424 total
- age   3:    6687112 bytes,    9642536 total
: 103318K->11131K(109248K), 0,0105639 secs] 103318K->11131K(502464K), 0,0106421 secs] [Times: user=0,04 sys=0,00, real=0,01 secs] 
Heap after GC invocations=3 (full 0):
 par new generation   total 109248K, used 11131K [0x00000000e0000000, 0x00000000e8000000, 0x00000000e8000000)
  eden space 87424K,   0% used [0x00000000e0000000, 0x00000000e0000000, 0x00000000e5560000)
  from space 21824K,  51% used [0x00000000e6ab0000, 0x00000000e758eda0, 0x00000000e8000000)
  to   space 21824K,   0% used [0x00000000e5560000, 0x00000000e5560000, 0x00000000e6ab0000)
 concurrent mark-sweep generation total 393216K, used 0K [0x00000000e8000000, 0x0000000100000000, 0x0000000100000000)
 Metaspace       used 20978K, capacity 21282K, committed 21628K, reserved 1069056K
  class space    used 2417K, capacity 2587K, committed 2684K, reserved 1048576K
}
2017-03-03T18:52:19.153+0100: 2,733: Total time for which application threads were stopped: 0,0147498 seconds, Stopping threads took: 0,0039742 seconds
2017-03-03T18:52:19.153+0100: 2,733: [GC (CMS Initial Mark) [1 CMS-initial-mark: 0K(393216K)] 11845K(502464K), 0,0038249 secs] [Times: user=0,01 sys=0,00, real=0,01 secs] 
2017-03-03T18:52:19.157+0100: 2,737: Total time for which application threads were stopped: 0,0039546 seconds, Stopping threads took: 0,0000442 seconds
2017-03-03T18:52:19.157+0100: 2,737: [CMS-concurrent-mark-start]
2017-03-03T18:52:19.157+0100: 2,737: [CMS-concurrent-mark: 0,000/0,000 secs] [Times: user=0,01 sys=0,00, real=0,00 secs] 
2017-03-03T18:52:19.157+0100: 2,737: [CMS-concurrent-preclean-start]
2017-03-03T18:52:19.158+0100: 2,739: [CMS-concurrent-preclean: 0,001/0,001 secs] [Times: user=0,00 sys=0,00, real=0,00 secs] 
2017-03-03T18:52:19.160+0100: 2,740: [GC (CMS Final Remark) [YG occupancy: 11845 K (109248 K)]{Heap before GC invocations=3 (full 1):
 par new generation   total 109248K, used 11845K [0x00000000e0000000, 0x00000000e8000000, 0x00000000e8000000)
  eden space 87424K,   0% used [0x00000000e0000000, 0x00000000e00b2810, 0x00000000e5560000)
  from space 21824K,  51% used [0x00000000e6ab0000, 0x00000000e758eda0, 0x00000000e8000000)
  to   space 21824K,   0% used [0x00000000e5560000, 0x00000000e5560000, 0x00000000e6ab0000)
 concurrent mark-sweep generation total 393216K, used 0K [0x00000000e8000000, 0x0000000100000000, 0x0000000100000000)
 Metaspace       used 20980K, capacity 21282K, committed 21628K, reserved 1069056K
  class space    used 2417K, capacity 2587K, committed 2684K, reserved 1048576K
2017-03-03T18:52:19.160+0100: 2,740: [GC (CMS Final Remark) 2017-03-03T18:52:19.160+0100: 2,740: [ParNew
Desired survivor size 20112992 bytes, new threshold 8 (max 8)
- age   1:      34080 bytes,      34080 total
- age   2:    2120232 bytes,    2154312 total
- age   3:     834464 bytes,    2988776 total
- age   4:    6686392 bytes,    9675168 total
: 11845K->14306K(109248K), 0,0187005 secs] 11845K->14306K(502464K), 0,0187549 secs] [Times: user=0,08 sys=0,00, real=0,02 secs] 
Heap after GC invocations=4 (full 1):
 par new generation   total 109248K, used 14306K [0x00000000e0000000, 0x00000000e8000000, 0x00000000e8000000)
  eden space 87424K,   0% used [0x00000000e0000000, 0x00000000e0000000, 0x00000000e5560000)
  from space 21824K,  65% used [0x00000000e5560000, 0x00000000e63588c8, 0x00000000e6ab0000)
  to   space 21824K,   0% used [0x00000000e6ab0000, 0x00000000e6ab0000, 0x00000000e8000000)
 concurrent mark-sweep generation total 393216K, used 0K [0x00000000e8000000, 0x0000000100000000, 0x0000000100000000)
 Metaspace       used 20980K, capacity 21282K, committed 21628K, reserved 1069056K
  class space    used 2417K, capacity 2587K, committed 2684K, reserved 1048576K
}
2017-03-03T18:52:19.179+0100: 2,759: [Rescan (parallel) , 0,0054750 secs]2017-03-03T18:52:19.184+0100: 2,765: [weak refs processing, 0,0016040 secs]2017-03-03T18:52:19.186+0100: 2,766: [class unloading, 0,0030542 secs]2017-03-03T18:52:19.189+0100: 2,769: [scrub symbol table, 0,0031213 secs]2017-03-03T18:52:19.192+0100: 2,772: [scrub string table, 0,0003712 secs][1 CMS-remark: 0K(393216K)] 14306K(502464K), 0,0330727 secs] [Times: user=0,12 sys=0,00, real=0,03 secs] 
2017-03-03T18:52:19.193+0100: 2,773: Total time for which application threads were stopped: 0,0346407 seconds, Stopping threads took: 0,0014716 seconds
2017-03-03T18:52:19.196+0100: 2,776: [CMS-concurrent-sweep-start]
2017-03-03T18:52:19.196+0100: 2,777: [CMS-concurrent-sweep: 0,000/0,000 secs] [Times: user=0,00 sys=0,00, real=0,00 secs] 
2017-03-03T18:52:19.196+0100: 2,777: [CMS-concurrent-reset-start]
2017-03-03T18:52:19.198+0100: 2,779: [CMS-concurrent-reset: 0,002/0,002 secs] [Times: user=0,00 sys=0,01, real=0,00 secs] 
{Heap before GC invocations=4 (full 1):
 par new generation   total 109248K, used 101730K [0x00000000e0000000, 0x00000000e8000000, 0x00000000e8000000)
  eden space 87424K, 100% used [0x00000000e0000000, 0x00000000e5560000, 0x00000000e5560000)
  from space 21824K,  65% used [0x00000000e5560000, 0x00000000e63588c8, 0x00000000e6ab0000)
  to   space 21824K,   0% used [0x00000000e6ab0000, 0x00000000e6ab0000, 0x00000000e8000000)
 concurrent mark-sweep generation total 393216K, used 0K [0x00000000e8000000, 0x0000000100000000, 0x0000000100000000)
 Metaspace       used 21210K, capacity 21552K, committed 21884K, reserved 1069056K
  class space    used 2446K, capacity 2601K, committed 2684K, reserved 1048576K
2017-03-03T18:52:19.298+0100: 2,878: [GC (Allocation Failure) 2017-03-03T18:52:19.298+0100: 2,878: [ParNew
Desired survivor size 20112992 bytes, new threshold 8 (max 8)
- age   1:     584144 bytes,     584144 total
- age   3:    1442088 bytes,    2026232 total
- age   4:     801056 bytes,    2827288 total
- age   5:    6686384 bytes,    9513672 total
: 101730K->9913K(109248K), 0,0099069 secs] 101730K->9913K(502464K), 0,0099884 secs] [Times: user=0,03 sys=0,00, real=0,01 secs] 
Heap after GC invocations=5 (full 1):
 par new generation   total 109248K, used 9913K [0x00000000e0000000, 0x00000000e8000000, 0x00000000e8000000)
  eden space 87424K,   0% used [0x00000000e0000000, 0x00000000e0000000, 0x00000000e5560000)
  from space 21824K,  45% used [0x00000000e6ab0000, 0x00000000e745e498, 0x00000000e8000000)
  to   space 21824K,   0% used [0x00000000e5560000, 0x00000000e5560000, 0x00000000e6ab0000)
 concurrent mark-sweep generation total 393216K, used 0K [0x00000000e8000000, 0x0000000100000000, 0x0000000100000000)
 Metaspace       used 21210K, capacity 21552K, committed 21884K, reserved 1069056K
  class space    used 2446K, capacity 2601K, committed 2684K, reserved 1048576K
}
2017-03-03T18:52:19.308+0100: 2,888: Total time for which application threads were stopped: 0,0101719 seconds, Stopping threads took: 0,0000405 seconds
{Heap before GC invocations=5 (full 1):
 par new generation   total 109248K, used 97337K [0x00000000e0000000, 0x00000000e8000000, 0x00000000e8000000)
  eden space 87424K, 100% used [0x00000000e0000000, 0x00000000e5560000, 0x00000000e5560000)
  from space 21824K,  45% used [0x00000000e6ab0000, 0x00000000e745e498, 0x00000000e8000000)
  to   space 21824K,   0% used [0x00000000e5560000, 0x00000000e5560000, 0x00000000e6ab0000)
 concurrent mark-sweep generation total 393216K, used 0K [0x00000000e8000000, 0x0000000100000000, 0x0000000100000000)
 Metaspace       used 21410K, capacity 21782K, committed 21884K, reserved 1069056K
  class space    used 2471K, capacity 2634K, committed 2684K, reserved 1048576K
2017-03-03T18:52:19.401+0100: 2,981: [GC (Allocation Failure) 2017-03-03T18:52:19.401+0100: 2,981: [ParNew
Desired survivor size 20112992 bytes, new threshold 8 (max 8)
- age   1:     761160 bytes,     761160 total
- age   2:     184992 bytes,     946152 total
- age   4:    1441696 bytes,    2387848 total
- age   5:     800944 bytes,    3188792 total
- age   6:    6686736 bytes,    9875528 total
: 97337K->14121K(109248K), 0,0100459 secs] 97337K->14121K(502464K), 0,0101175 secs] [Times: user=0,04 sys=0,00, real=0,01 secs] 
Heap after GC invocations=6 (full 1):
 par new generation   total 109248K, used 14121K [0x00000000e0000000, 0x00000000e8000000, 0x00000000e8000000)
  eden space 87424K,   0% used [0x00000000e0000000, 0x00000000e0000000, 0x00000000e5560000)
  from space 21824K,  64% used [0x00000000e5560000, 0x00000000e632a680, 0x00000000e6ab0000)
  to   space 21824K,   0% used [0x00000000e6ab0000, 0x00000000e6ab0000, 0x00000000e8000000)
 concurrent mark-sweep generation total 393216K, used 0K [0x00000000e8000000, 0x0000000100000000, 0x0000000100000000)
 Metaspace       used 21410K, capacity 21782K, committed 21884K, reserved 1069056K
  class space    used 2471K, capacity 2634K, committed 2684K, reserved 1048576K
}
2017-03-03T18:52:19.411+0100: 2,991: Total time for which application threads were stopped: 0,0103321 seconds, Stopping threads took: 0,0000778 seconds
2017-03-03T18:52:19.438+0100: 3,018: Total time for which application threads were stopped: 0,0003862 seconds, Stopping threads took: 0,0000277 seconds
2017-03-03T18:52:19.617+0100: 3,197: Total time for which application threads were stopped: 0,0005842 seconds, Stopping threads took: 0,0000313 seconds
2017-03-03T18:52:19.633+0100: 3,214: Total time for which application threads were stopped: 0,0003699 seconds, Stopping threads took: 0,0000557 seconds
{Heap before GC invocations=6 (full 1):
 par new generation   total 109248K, used 101545K [0x00000000e0000000, 0x00000000e8000000, 0x00000000e8000000)
  eden space 87424K, 100% used [0x00000000e0000000, 0x00000000e5560000, 0x00000000e5560000)
  from space 21824K,  64% used [0x00000000e5560000, 0x00000000e632a680, 0x00000000e6ab0000)
  to   space 21824K,   0% used [0x00000000e6ab0000, 0x00000000e6ab0000, 0x00000000e8000000)
 concurrent mark-sweep generation total 393216K, used 0K [0x00000000e8000000, 0x0000000100000000, 0x0000000100000000)
 Metaspace       used 24385K, capacity 24804K, committed 25084K, reserved 1071104K
  class space    used 2861K, capacity 3043K, committed 3068K, reserved 1048576K
2017-03-03T18:52:19.845+0100: 3,426: [GC (Allocation Failure) 2017-03-03T18:52:19.845+0100: 3,426: [ParNew
Desired survivor size 20112992 bytes, new threshold 8 (max 8)
- age   1:    5598960 bytes,    5598960 total
- age   2:     126416 bytes,    5725376 total
- age   3:     183816 bytes,    5909192 total
- age   5:     272408 bytes,    6181600 total
- age   6:     774856 bytes,    6956456 total
- age   7:    6677528 bytes,   13633984 total
: 101545K->16901K(109248K), 0,0122891 secs] 101545K->16901K(502464K), 0,0123730 secs] [Times: user=0,05 sys=0,00, real=0,02 secs] 
Heap after GC invocations=7 (full 1):
 par new generation   total 109248K, used 16901K [0x00000000e0000000, 0x00000000e8000000, 0x00000000e8000000)
  eden space 87424K,   0% used [0x00000000e0000000, 0x00000000e0000000, 0x00000000e5560000)
  from space 21824K,  77% used [0x00000000e6ab0000, 0x00000000e7b31500, 0x00000000e8000000)
  to   space 21824K,   0% used [0x00000000e5560000, 0x00000000e5560000, 0x00000000e6ab0000)
 concurrent mark-sweep generation total 393216K, used 0K [0x00000000e8000000, 0x0000000100000000, 0x0000000100000000)
 Metaspace       used 24385K, capacity 24804K, committed 25084K, reserved 1071104K
  class space    used 2861K, capacity 3043K, committed 3068K, reserved 1048576K
}
2017-03-03T18:52:19.858+0100: 3,438: Total time for which application threads were stopped: 0,0126944 seconds, Stopping threads took: 0,0000845 seconds
{Heap before GC invocations=7 (full 1):
 par new generation   total 109248K, used 104325K [0x00000000e0000000, 0x00000000e8000000, 0x00000000e8000000)
  eden space 87424K, 100% used [0x00000000e0000000, 0x00000000e5560000, 0x00000000e5560000)
  from space 21824K,  77% used [0x00000000e6ab0000, 0x00000000e7b31500, 0x00000000e8000000)
  to   space 21824K,   0% used [0x00000000e5560000, 0x00000000e5560000, 0x00000000e6ab0000)
 concurrent mark-sweep generation total 393216K, used 0K [0x00000000e8000000, 0x0000000100000000, 0x0000000100000000)
 Metaspace       used 24655K, capacity 25098K, committed 25468K, reserved 1071104K
  class space    used 2888K, capacity 3076K, committed 3196K, reserved 1048576K
2017-03-03T18:52:19.950+0100: 3,530: [GC (Allocation Failure) 2017-03-03T18:52:19.950+0100: 3,530: [ParNew
Desired survivor size 20112992 bytes, new threshold 8 (max 8)
- age   1:    1505152 bytes,    1505152 total
- age   2:    1782680 bytes,    3287832 total
- age   3:      56096 bytes,    3343928 total
- age   4:     104288 bytes,    3448216 total
- age   6:     181552 bytes,    3629768 total
- age   7:     723720 bytes,    4353488 total
- age   8:    6144912 bytes,   10498400 total
: 104325K->14242K(109248K), 0,0162517 secs] 104325K->14242K(502464K), 0,0163400 secs] [Times: user=0,06 sys=0,00, real=0,02 secs] 
Heap after GC invocations=8 (full 1):
 par new generation   total 109248K, used 14242K [0x00000000e0000000, 0x00000000e8000000, 0x00000000e8000000)
  eden space 87424K,   0% used [0x00000000e0000000, 0x00000000e0000000, 0x00000000e5560000)
  from space 21824K,  65% used [0x00000000e5560000, 0x00000000e6348b68, 0x00000000e6ab0000)
  to   space 21824K,   0% used [0x00000000e6ab0000, 0x00000000e6ab0000, 0x00000000e8000000)
 concurrent mark-sweep generation total 393216K, used 0K [0x00000000e8000000, 0x0000000100000000, 0x0000000100000000)
 Metaspace       used 24655K, capacity 25098K, committed 25468K, reserved 1071104K
  class space    used 2888K, capacity 3076K, committed 3196K, reserved 1048576K
}
2017-03-03T18:52:19.966+0100: 3,546: Total time for which application threads were stopped: 0,0174373 seconds, Stopping threads took: 0,0008904 seconds
{Heap before GC invocations=8 (full 1):
 par new generation   total 109248K, used 101666K [0x00000000e0000000, 0x00000000e8000000, 0x00000000e8000000)
  eden space 87424K, 100% used [0x00000000e0000000, 0x00000000e5560000, 0x00000000e5560000)
  from space 21824K,  65% used [0x00000000e5560000, 0x00000000e6348b68, 0x00000000e6ab0000)
  to   space 21824K,   0% used [0x00000000e6ab0000, 0x00000000e6ab0000, 0x00000000e8000000)
 concurrent mark-sweep generation total 393216K, used 0K [0x00000000e8000000, 0x0000000100000000, 0x0000000100000000)
 Metaspace       used 24996K, capacity 25450K, committed 25724K, reserved 1071104K
  class space    used 2910K, capacity 3082K, committed 3196K, reserved 1048576K
2017-03-03T18:52:20.062+0100: 3,642: [GC (Allocation Failure) 2017-03-03T18:52:20.062+0100: 3,642: [ParNew
Desired survivor size 20112992 bytes, new threshold 8 (max 8)
- age   1:     851760 bytes,     851760 total
- age   2:    1026144 bytes,    1877904 total
- age   3:    1756976 bytes,    3634880 total
- age   4:      56096 bytes,    3690976 total
- age   5:     104088 bytes,    3795064 total
- age   7:     181032 bytes,    3976096 total
- age   8:     722920 bytes,    4699016 total
: 101666K->8366K(109248K), 0,0280777 secs] 101666K->14450K(502464K), 0,0281445 secs] [Times: user=0,09 sys=0,00, real=0,03 secs] 
Heap after GC invocations=9 (full 1):
 par new generation   total 109248K, used 8366K [0x00000000e0000000, 0x00000000e8000000, 0x00000000e8000000)
  eden space 87424K,   0% used [0x00000000e0000000, 0x00000000e0000000, 0x00000000e5560000)
  from space 21824K,  38% used [0x00000000e6ab0000, 0x00000000e72db9f0, 0x00000000e8000000)
  to   space 21824K,   0% used [0x00000000e5560000, 0x00000000e5560000, 0x00000000e6ab0000)
 concurrent mark-sweep generation total 393216K, used 6084K [0x00000000e8000000, 0x0000000100000000, 0x0000000100000000)
 Metaspace       used 24996K, capacity 25450K, committed 25724K, reserved 1071104K
  class space    used 2910K, capacity 3082K, committed 3196K, reserved 1048576K
}
2017-03-03T18:52:20.090+0100: 3,671: Total time for which application threads were stopped: 0,0321856 seconds, Stopping threads took: 0,0039025 seconds
2017-03-03T18:52:20.234+0100: 3,815: Total time for which application threads were stopped: 0,0008741 seconds, Stopping threads took: 0,0003961 seconds
2017-03-03T18:52:20.322+0100: 3,902: Total time for which application threads were stopped: 0,0003730 seconds, Stopping threads took: 0,0000222 seconds
2017-03-03T18:52:20.334+0100: 3,914: Total time for which application threads were stopped: 0,0003500 seconds, Stopping threads took: 0,0000133 seconds
2017-03-03T18:52:20.386+0100: 3,966: Total time for which application threads were stopped: 0,0004500 seconds, Stopping threads took: 0,0000546 seconds
2017-03-03T18:52:20.468+0100: 4,048: Total time for which application threads were stopped: 0,0004357 seconds, Stopping threads took: 0,0000889 seconds
2017-03-03T18:52:20.478+0100: 4,058: Total time for which application threads were stopped: 0,0019430 seconds, Stopping threads took: 0,0018672 seconds
2017-03-03T18:52:20.483+0100: 4,063: Total time for which application threads were stopped: 0,0001147 seconds, Stopping threads took: 0,0000362 seconds
2017-03-03T18:52:20.483+0100: 4,063: Total time for which application threads were stopped: 0,0000645 seconds, Stopping threads took: 0,0000117 seconds
2017-03-03T18:52:20.485+0100: 4,065: Total time for which application threads were stopped: 0,0000755 seconds, Stopping threads took: 0,0000173 seconds
2017-03-03T18:52:20.485+0100: 4,065: Total time for which application threads were stopped: 0,0000560 seconds, Stopping threads took: 0,0000190 seconds
2017-03-03T18:52:20.486+0100: 4,066: Total time for which application threads were stopped: 0,0001067 seconds, Stopping threads took: 0,0000112 seconds
2017-03-03T18:52:20.487+0100: 4,067: Total time for which application threads were stopped: 0,0000839 seconds, Stopping threads took: 0,0000240 seconds
2017-03-03T18:52:20.494+0100: 4,074: Total time for which application threads were stopped: 0,0001578 seconds, Stopping threads took: 0,0000745 seconds
2017-03-03T18:52:20.494+0100: 4,074: Total time for which application threads were stopped: 0,0001056 seconds, Stopping threads took: 0,0000395 seconds
2017-03-03T18:52:20.495+0100: 4,075: Total time for which application threads were stopped: 0,0001259 seconds, Stopping threads took: 0,0000604 seconds
2017-03-03T18:52:20.496+0100: 4,077: Total time for which application threads were stopped: 0,0013668 seconds, Stopping threads took: 0,0013137 seconds
2017-03-03T18:52:20.497+0100: 4,077: Total time for which application threads were stopped: 0,0000910 seconds, Stopping threads took: 0,0000218 seconds
2017-03-03T18:52:20.498+0100: 4,078: Total time for which application threads were stopped: 0,0003719 seconds, Stopping threads took: 0,0000299 seconds
2017-03-03T18:52:20.498+0100: 4,078: Total time for which application threads were stopped: 0,0001134 seconds, Stopping threads took: 0,0000226 seconds
2017-03-03T18:52:20.499+0100: 4,080: Total time for which application threads were stopped: 0,0000840 seconds, Stopping threads took: 0,0000171 seconds
2017-03-03T18:52:20.500+0100: 4,081: Total time for which application threads were stopped: 0,0000726 seconds, Stopping threads took: 0,0000121 seconds
2017-03-03T18:52:20.501+0100: 4,082: Total time for which application threads were stopped: 0,0001236 seconds, Stopping threads took: 0,0000584 seconds
2017-03-03T18:52:20.502+0100: 4,082: Total time for which application threads were stopped: 0,0000768 seconds, Stopping threads took: 0,0000182 seconds
2017-03-03T18:52:20.502+0100: 4,082: Total time for which application threads were stopped: 0,0001140 seconds, Stopping threads took: 0,0000603 seconds
2017-03-03T18:52:20.503+0100: 4,083: Total time for which application threads were stopped: 0,0000504 seconds, Stopping threads took: 0,0000113 seconds
2017-03-03T18:52:20.503+0100: 4,084: Total time for which application threads were stopped: 0,0000444 seconds, Stopping threads took: 0,0000102 seconds
2017-03-03T18:52:20.504+0100: 4,084: Total time for which application threads were stopped: 0,0000920 seconds, Stopping threads took: 0,0000102 seconds
2017-03-03T18:52:20.505+0100: 4,085: Total time for which application threads were stopped: 0,0001155 seconds, Stopping threads took: 0,0000571 seconds
2017-03-03T18:52:20.507+0100: 4,087: Total time for which application threads were stopped: 0,0001129 seconds, Stopping threads took: 0,0000355 seconds
2017-03-03T18:52:20.507+0100: 4,088: Total time for which application threads were stopped: 0,0000840 seconds, Stopping threads took: 0,0000238 seconds
2017-03-03T18:52:20.512+0100: 4,093: Total time for which application threads were stopped: 0,0000861 seconds, Stopping threads took: 0,0000167 seconds
2017-03-03T18:52:20.514+0100: 4,095: Total time for which application threads were stopped: 0,0001122 seconds, Stopping threads took: 0,0000349 seconds
2017-03-03T18:52:20.515+0100: 4,095: Total time for which application threads were stopped: 0,0001011 seconds, Stopping threads took: 0,0000302 seconds
2017-03-03T18:52:20.515+0100: 4,095: Total time for which application threads were stopped: 0,0000837 seconds, Stopping threads took: 0,0000277 seconds
2017-03-03T18:52:20.519+0100: 4,099: Total time for which application threads were stopped: 0,0001489 seconds, Stopping threads took: 0,0000705 seconds
2017-03-03T18:52:20.520+0100: 4,100: Total time for which application threads were stopped: 0,0000782 seconds, Stopping threads took: 0,0000177 seconds
2017-03-03T18:52:20.520+0100: 4,100: Total time for which application threads were stopped: 0,0000681 seconds, Stopping threads took: 0,0000156 seconds
2017-03-03T18:52:20.521+0100: 4,101: Total time for which application threads were stopped: 0,0000864 seconds, Stopping threads took: 0,0000255 seconds
2017-03-03T18:52:22.521+0100: 6,101: Total time for which application threads were stopped: 0,0000607 seconds, Stopping threads took: 0,0000150 seconds
2017-03-03T18:52:38.523+0100: 22,104: Total time for which application threads were stopped: 0,0000952 seconds, Stopping threads took: 0,0000315 seconds
2017-03-03T18:52:48.525+0100: 32,106: Total time for which application threads were stopped: 0,0000893 seconds, Stopping threads took: 0,0000204 seconds
2017-03-03T18:54:18.533+0100: 122,114: Total time for which application threads were stopped: 0,0001884 seconds, Stopping threads took: 0,0000877 seconds
2017-03-03T18:54:23.534+0100: 127,114: Total time for which application threads were stopped: 0,0001393 seconds, Stopping threads took: 0,0000266 seconds
2017-03-03T18:54:27.534+0100: 131,115: Total time for which application threads were stopped: 0,0000886 seconds, Stopping threads took: 0,0000214 seconds
{Heap before GC invocations=9 (full 1):
 par new generation   total 109248K, used 95790K [0x00000000e0000000, 0x00000000e8000000, 0x00000000e8000000)
  eden space 87424K, 100% used [0x00000000e0000000, 0x00000000e5560000, 0x00000000e5560000)
  from space 21824K,  38% used [0x00000000e6ab0000, 0x00000000e72db9f0, 0x00000000e8000000)
  to   space 21824K,   0% used [0x00000000e5560000, 0x00000000e5560000, 0x00000000e6ab0000)
 concurrent mark-sweep generation total 393216K, used 6084K [0x00000000e8000000, 0x0000000100000000, 0x0000000100000000)
 Metaspace       used 27978K, capacity 28502K, committed 28796K, reserved 1075200K
  class space    used 3214K, capacity 3390K, committed 3452K, reserved 1048576K
2017-03-03T18:55:12.441+0100: 176,021: [GC (Allocation Failure) 2017-03-03T18:55:12.441+0100: 176,021: [ParNew
Desired survivor size 20112992 bytes, new threshold 8 (max 8)
- age   1:   10542792 bytes,   10542792 total
- age   2:     228568 bytes,   10771360 total
- age   3:     242888 bytes,   11014248 total
- age   4:    1752080 bytes,   12766328 total
- age   5:      56096 bytes,   12822424 total
- age   6:     103960 bytes,   12926384 total
- age   8:     180936 bytes,   13107320 total
: 95790K->14723K(109248K), 0,0148303 secs] 101874K->21604K(502464K), 0,0148878 secs] [Times: user=0,05 sys=0,00, real=0,02 secs] 
Heap after GC invocations=10 (full 1):
 par new generation   total 109248K, used 14723K [0x00000000e0000000, 0x00000000e8000000, 0x00000000e8000000)
  eden space 87424K,   0% used [0x00000000e0000000, 0x00000000e0000000, 0x00000000e5560000)
  from space 21824K,  67% used [0x00000000e5560000, 0x00000000e63c0c40, 0x00000000e6ab0000)
  to   space 21824K,   0% used [0x00000000e6ab0000, 0x00000000e6ab0000, 0x00000000e8000000)
 concurrent mark-sweep generation total 393216K, used 6881K [0x00000000e8000000, 0x0000000100000000, 0x0000000100000000)
 Metaspace       used 27978K, capacity 28502K, committed 28796K, reserved 1075200K
  class space    used 3214K, capacity 3390K, committed 3452K, reserved 1048576K
}
2017-03-03T18:55:12.456+0100: 176,036: Total time for which application threads were stopped: 0,0150865 seconds, Stopping threads took: 0,0000428 seconds
2017-03-03T21:41:29.129+0100: 1411,940: Total time for which application threads were stopped: 0,0001402 seconds, Stopping threads took: 0,0000546 seconds
2017-03-03T21:44:54.155+0100: 1616,966: Total time for which application threads were stopped: 0,0000779 seconds, Stopping threads took: 0,0000290 seconds
2017-03-03T21:44:59.156+0100: 1621,967: Total time for which application threads were stopped: 0,0005268 seconds, Stopping threads took: 0,0001457 seconds
2017-03-03T21:56:34.243+0100: 2317,054: Total time for which application threads were stopped: 0,0001302 seconds, Stopping threads took: 0,0000478 seconds
2017-03-03T22:06:31.325+0100: 2914,136: Total time for which application threads were stopped: 0,0226704 seconds, Stopping threads took: 0,0225895 seconds
2017-03-03T22:06:31.334+0100: 2914,145: Total time for which application threads were stopped: 0,0024980 seconds, Stopping threads took: 0,0023962 seconds
2017-03-03T22:06:31.373+0100: 2914,184: Total time for which application threads were stopped: 0,0051500 seconds, Stopping threads took: 0,0050204 seconds
2017-03-03T22:06:31.375+0100: 2914,186: Total time for which application threads were stopped: 0,0001353 seconds, Stopping threads took: 0,0000305 seconds
Heap
 par new generation   total 109248K, used 33087K [0x00000000e0000000, 0x00000000e8000000, 0x00000000e8000000)
  eden space 87424K,  21% used [0x00000000e0000000, 0x00000000e11ef0c8, 0x00000000e5560000)
  from space 21824K,  67% used [0x00000000e5560000, 0x00000000e63c0c40, 0x00000000e6ab0000)
  to   space 21824K,   0% used [0x00000000e6ab0000, 0x00000000e6ab0000, 0x00000000e8000000)
 concurrent mark-sweep generation total 393216K, used 6881K [0x00000000e8000000, 0x0000000100000000, 0x0000000100000000)
 Metaspace       used 28093K, capacity 28606K, committed 28796K, reserved 1075200K
  class space    used 3229K, capacity 3424K, committed 3452K, reserved 1048576K
