OpenJDK 64-Bit Server VM (25.111-b14) for linux-amd64 JRE (1.8.0_111-8u111-b14-2ubuntu0.16.04.2-b14), built on Oct 27 2016 18:10:19 by "buildd" with gcc 5.4.0 20160609
Memory: 4k page, physical 7867848k(7484124k free), swap 8076284k(8076284k free)
CommandLine flags: -XX:CMSInitiatingOccupancyFraction=50 -XX:CMSMaxAbortablePrecleanTime=6000 -XX:+CMSParallelRemarkEnabled -XX:+CMSScavengeBeforeRemark -XX:ConcGCThreads=4 -XX:InitialHeapSize=536870912 -XX:MaxHeapSize=536870912 -XX:MaxTenuringThreshold=8 -XX:NewRatio=3 -XX:OldPLABSize=16 -XX:OnOutOfMemoryError=/opt/solr/bin/oom_solr.sh 8983 /var/solr/logs -XX:ParallelGCThreads=4 -XX:+ParallelRefProcEnabled -XX:PretenureSizeThreshold=67108864 -XX:+PrintGC -XX:+PrintGCApplicationStoppedTime -XX:+PrintGCDateStamps -XX:+PrintGCDetails -XX:+PrintGCTimeStamps -XX:+PrintHeapAtGC -XX:+PrintTenuringDistribution -XX:SurvivorRatio=4 -XX:TargetSurvivorRatio=90 -XX:ThreadStackSize=256 -XX:+UseCMSInitiatingOccupancyOnly -XX:+UseCompressedClassPointers -XX:+UseCompressedOops -XX:+UseConcMarkSweepGC -XX:+UseParNewGC 
2016-11-19T12:09:09.290+0100: 0,114: Total time for which application threads were stopped: 0,0000754 seconds, Stopping threads took: 0,0000146 seconds
2016-11-19T12:09:09.354+0100: 0,178: Total time for which application threads were stopped: 0,0001115 seconds, Stopping threads took: 0,0000144 seconds
2016-11-19T12:09:09.370+0100: 0,194: Total time for which application threads were stopped: 0,0000905 seconds, Stopping threads took: 0,0000142 seconds
2016-11-19T12:09:09.495+0100: 0,319: Total time for which application threads were stopped: 0,0001267 seconds, Stopping threads took: 0,0000149 seconds
2016-11-19T12:09:09.708+0100: 0,532: Total time for which application threads were stopped: 0,0001317 seconds, Stopping threads took: 0,0000115 seconds
2016-11-19T12:09:09.758+0100: 0,583: Total time for which application threads were stopped: 0,0001627 seconds, Stopping threads took: 0,0000151 seconds
2016-11-19T12:09:09.775+0100: 0,600: Total time for which application threads were stopped: 0,0003172 seconds, Stopping threads took: 0,0000205 seconds
2016-11-19T12:09:09.956+0100: 0,781: Total time for which application threads were stopped: 0,0001692 seconds, Stopping threads took: 0,0000271 seconds
2016-11-19T12:09:10.176+0100: 1,000: Total time for which application threads were stopped: 0,0001929 seconds, Stopping threads took: 0,0000157 seconds
2016-11-19T12:09:10.215+0100: 1,039: Total time for which application threads were stopped: 0,0002129 seconds, Stopping threads took: 0,0000134 seconds
2016-11-19T12:09:10.216+0100: 1,040: Total time for which application threads were stopped: 0,0001453 seconds, Stopping threads took: 0,0000096 seconds
2016-11-19T12:09:10.246+0100: 1,070: Total time for which application threads were stopped: 0,0002475 seconds, Stopping threads took: 0,0000280 seconds
2016-11-19T12:09:10.349+0100: 1,173: Total time for which application threads were stopped: 0,0003954 seconds, Stopping threads took: 0,0000213 seconds
2016-11-19T12:09:10.714+0100: 1,538: Total time for which application threads were stopped: 0,0004723 seconds, Stopping threads took: 0,0000161 seconds
{Heap before GC invocations=0 (full 0):
 par new generation   total 109248K, used 87424K [0x00000000e0000000, 0x00000000e8000000, 0x00000000e8000000)
  eden space 87424K, 100% used [0x00000000e0000000, 0x00000000e5560000, 0x00000000e5560000)
  from space 21824K,   0% used [0x00000000e5560000, 0x00000000e5560000, 0x00000000e6ab0000)
  to   space 21824K,   0% used [0x00000000e6ab0000, 0x00000000e6ab0000, 0x00000000e8000000)
 concurrent mark-sweep generation total 393216K, used 0K [0x00000000e8000000, 0x0000000100000000, 0x0000000100000000)
 Metaspace       used 18343K, capacity 18686K, committed 18944K, reserved 1067008K
  class space    used 2090K, capacity 2226K, committed 2304K, reserved 1048576K
2016-11-19T12:09:10.965+0100: 1,789: [GC (Allocation Failure) 2016-11-19T12:09:10.965+0100: 1,789: [ParNew
Desired survivor size 20112992 bytes, new threshold 8 (max 8)
- age   1:   12578640 bytes,   12578640 total
: 87424K->12401K(109248K), 0,0439469 secs] 87424K->12401K(502464K), 0,0440994 secs] [Times: user=0,04 sys=0,01, real=0,05 secs] 
Heap after GC invocations=1 (full 0):
 par new generation   total 109248K, used 12401K [0x00000000e0000000, 0x00000000e8000000, 0x00000000e8000000)
  eden space 87424K,   0% used [0x00000000e0000000, 0x00000000e0000000, 0x00000000e5560000)
  from space 21824K,  56% used [0x00000000e6ab0000, 0x00000000e76cc6d8, 0x00000000e8000000)
  to   space 21824K,   0% used [0x00000000e5560000, 0x00000000e5560000, 0x00000000e6ab0000)
 concurrent mark-sweep generation total 393216K, used 0K [0x00000000e8000000, 0x0000000100000000, 0x0000000100000000)
 Metaspace       used 18343K, capacity 18686K, committed 18944K, reserved 1067008K
  class space    used 2090K, capacity 2226K, committed 2304K, reserved 1048576K
}
2016-11-19T12:09:11.009+0100: 1,834: Total time for which application threads were stopped: 0,0443952 seconds, Stopping threads took: 0,0000265 seconds
2016-11-19T12:09:11.253+0100: 2,077: Total time for which application threads were stopped: 0,0002580 seconds, Stopping threads took: 0,0000218 seconds
2016-11-19T12:09:11.299+0100: 2,123: Total time for which application threads were stopped: 0,0003070 seconds, Stopping threads took: 0,0000206 seconds
2016-11-19T12:09:11.345+0100: 2,169: Total time for which application threads were stopped: 0,0003787 seconds, Stopping threads took: 0,0000323 seconds
{Heap before GC invocations=1 (full 0):
 par new generation   total 109248K, used 99825K [0x00000000e0000000, 0x00000000e8000000, 0x00000000e8000000)
  eden space 87424K, 100% used [0x00000000e0000000, 0x00000000e5560000, 0x00000000e5560000)
  from space 21824K,  56% used [0x00000000e6ab0000, 0x00000000e76cc6d8, 0x00000000e8000000)
  to   space 21824K,   0% used [0x00000000e5560000, 0x00000000e5560000, 0x00000000e6ab0000)
 concurrent mark-sweep generation total 393216K, used 0K [0x00000000e8000000, 0x0000000100000000, 0x0000000100000000)
 Metaspace       used 20681K, capacity 21020K, committed 21248K, reserved 1069056K
  class space    used 2403K, capacity 2518K, committed 2560K, reserved 1048576K
2016-11-19T12:09:11.600+0100: 2,424: [GC (Allocation Failure) 2016-11-19T12:09:11.600+0100: 2,424: [ParNew
Desired survivor size 20112992 bytes, new threshold 8 (max 8)
- age   1:    2815888 bytes,    2815888 total
- age   2:    6139696 bytes,    8955584 total
: 99825K->13401K(109248K), 0,0177671 secs] 99825K->13401K(502464K), 0,0179762 secs] [Times: user=0,06 sys=0,01, real=0,01 secs] 
Heap after GC invocations=2 (full 0):
 par new generation   total 109248K, used 13401K [0x00000000e0000000, 0x00000000e8000000, 0x00000000e8000000)
  eden space 87424K,   0% used [0x00000000e0000000, 0x00000000e0000000, 0x00000000e5560000)
  from space 21824K,  61% used [0x00000000e5560000, 0x00000000e6276718, 0x00000000e6ab0000)
  to   space 21824K,   0% used [0x00000000e6ab0000, 0x00000000e6ab0000, 0x00000000e8000000)
 concurrent mark-sweep generation total 393216K, used 0K [0x00000000e8000000, 0x0000000100000000, 0x0000000100000000)
 Metaspace       used 20681K, capacity 21020K, committed 21248K, reserved 1069056K
  class space    used 2403K, capacity 2518K, committed 2560K, reserved 1048576K
}
2016-11-19T12:09:11.618+0100: 2,442: Total time for which application threads were stopped: 0,0185818 seconds, Stopping threads took: 0,0001621 seconds
2016-11-19T12:09:11.692+0100: 2,516: Total time for which application threads were stopped: 0,0000791 seconds, Stopping threads took: 0,0000125 seconds
2016-11-19T12:09:11.725+0100: 2,549: Total time for which application threads were stopped: 0,0002622 seconds, Stopping threads took: 0,0000131 seconds
2016-11-19T12:09:11.731+0100: 2,555: Total time for which application threads were stopped: 0,0001250 seconds, Stopping threads took: 0,0000220 seconds
2016-11-19T12:09:11.757+0100: 2,581: Total time for which application threads were stopped: 0,0001041 seconds, Stopping threads took: 0,0000280 seconds
2016-11-19T12:09:11.828+0100: 2,653: Total time for which application threads were stopped: 0,0001343 seconds, Stopping threads took: 0,0000386 seconds
2016-11-19T12:09:11.847+0100: 2,671: Total time for which application threads were stopped: 0,0000770 seconds, Stopping threads took: 0,0000209 seconds
2016-11-19T12:09:11.854+0100: 2,678: Total time for which application threads were stopped: 0,0002783 seconds, Stopping threads took: 0,0000186 seconds
2016-11-19T12:09:11.861+0100: 2,686: Total time for which application threads were stopped: 0,0002715 seconds, Stopping threads took: 0,0000130 seconds
2016-11-19T12:09:11.878+0100: 2,702: Total time for which application threads were stopped: 0,0000847 seconds, Stopping threads took: 0,0000199 seconds
2016-11-19T12:09:11.910+0100: 2,734: Total time for which application threads were stopped: 0,0000793 seconds, Stopping threads took: 0,0000145 seconds
2016-11-19T12:09:11.925+0100: 2,749: Total time for which application threads were stopped: 0,0000666 seconds, Stopping threads took: 0,0000140 seconds
2016-11-19T12:09:11.938+0100: 2,762: Total time for which application threads were stopped: 0,0001001 seconds, Stopping threads took: 0,0000360 seconds
2016-11-19T12:09:11.964+0100: 2,789: Total time for which application threads were stopped: 0,0000684 seconds, Stopping threads took: 0,0000125 seconds
2016-11-19T12:09:11.991+0100: 2,815: Total time for which application threads were stopped: 0,0001239 seconds, Stopping threads took: 0,0000237 seconds
2016-11-19T12:09:12.055+0100: 2,879: Total time for which application threads were stopped: 0,0001776 seconds, Stopping threads took: 0,0000696 seconds
2016-11-19T12:09:12.094+0100: 2,918: Total time for which application threads were stopped: 0,0001224 seconds, Stopping threads took: 0,0000283 seconds
2016-11-19T12:09:12.129+0100: 2,953: Total time for which application threads were stopped: 0,0002868 seconds, Stopping threads took: 0,0000344 seconds
{Heap before GC invocations=2 (full 0):
 par new generation   total 109248K, used 100825K [0x00000000e0000000, 0x00000000e8000000, 0x00000000e8000000)
  eden space 87424K, 100% used [0x00000000e0000000, 0x00000000e5560000, 0x00000000e5560000)
  from space 21824K,  61% used [0x00000000e5560000, 0x00000000e6276718, 0x00000000e6ab0000)
  to   space 21824K,   0% used [0x00000000e6ab0000, 0x00000000e6ab0000, 0x00000000e8000000)
 concurrent mark-sweep generation total 393216K, used 0K [0x00000000e8000000, 0x0000000100000000, 0x0000000100000000)
 Metaspace       used 25120K, capacity 25511K, committed 25868K, reserved 1073152K
  class space    used 2924K, capacity 3056K, committed 3116K, reserved 1048576K
2016-11-19T12:09:12.135+0100: 2,960: [GC (Allocation Failure) 2016-11-19T12:09:12.135+0100: 2,960: [ParNew
Desired survivor size 20112992 bytes, new threshold 8 (max 8)
- age   1:    6942560 bytes,    6942560 total
- age   2:     513720 bytes,    7456280 total
- age   3:    6131976 bytes,   13588256 total
: 100825K->16403K(109248K), 0,0154210 secs] 100825K->16403K(502464K), 0,0154880 secs] [Times: user=0,06 sys=0,00, real=0,02 secs] 
Heap after GC invocations=3 (full 0):
 par new generation   total 109248K, used 16403K [0x00000000e0000000, 0x00000000e8000000, 0x00000000e8000000)
  eden space 87424K,   0% used [0x00000000e0000000, 0x00000000e0000000, 0x00000000e5560000)
  from space 21824K,  75% used [0x00000000e6ab0000, 0x00000000e7ab4d80, 0x00000000e8000000)
  to   space 21824K,   0% used [0x00000000e5560000, 0x00000000e5560000, 0x00000000e6ab0000)
 concurrent mark-sweep generation total 393216K, used 0K [0x00000000e8000000, 0x0000000100000000, 0x0000000100000000)
 Metaspace       used 25120K, capacity 25511K, committed 25868K, reserved 1073152K
  class space    used 2924K, capacity 3056K, committed 3116K, reserved 1048576K
}
2016-11-19T12:09:12.151+0100: 2,975: Total time for which application threads were stopped: 0,0156797 seconds, Stopping threads took: 0,0000319 seconds
2016-11-19T12:09:12.151+0100: 2,975: [GC (CMS Initial Mark) [1 CMS-initial-mark: 0K(393216K)] 16403K(502464K), 0,0041375 secs] [Times: user=0,01 sys=0,00, real=0,00 secs] 
2016-11-19T12:09:12.155+0100: 2,980: Total time for which application threads were stopped: 0,0042583 seconds, Stopping threads took: 0,0000355 seconds
2016-11-19T12:09:12.155+0100: 2,980: [CMS-concurrent-mark-start]
2016-11-19T12:09:12.156+0100: 2,980: [CMS-concurrent-mark: 0,001/0,001 secs] [Times: user=0,00 sys=0,00, real=0,00 secs] 
2016-11-19T12:09:12.156+0100: 2,980: [CMS-concurrent-preclean-start]
2016-11-19T12:09:12.157+0100: 2,981: [CMS-concurrent-preclean: 0,001/0,001 secs] [Times: user=0,00 sys=0,00, real=0,00 secs] 
2016-11-19T12:09:12.157+0100: 2,982: [GC (CMS Final Remark) [YG occupancy: 17807 K (109248 K)]{Heap before GC invocations=3 (full 1):
 par new generation   total 109248K, used 17807K [0x00000000e0000000, 0x00000000e8000000, 0x00000000e8000000)
  eden space 87424K,   1% used [0x00000000e0000000, 0x00000000e015f128, 0x00000000e5560000)
  from space 21824K,  75% used [0x00000000e6ab0000, 0x00000000e7ab4d80, 0x00000000e8000000)
  to   space 21824K,   0% used [0x00000000e5560000, 0x00000000e5560000, 0x00000000e6ab0000)
 concurrent mark-sweep generation total 393216K, used 0K [0x00000000e8000000, 0x0000000100000000, 0x0000000100000000)
 Metaspace       used 25120K, capacity 25511K, committed 25868K, reserved 1073152K
  class space    used 2924K, capacity 3056K, committed 3116K, reserved 1048576K
2016-11-19T12:09:12.157+0100: 2,982: [GC (CMS Final Remark) 2016-11-19T12:09:12.157+0100: 2,982: [ParNew
Desired survivor size 20112992 bytes, new threshold 8 (max 8)
- age   1:        248 bytes,        248 total
- age   2:    3179240 bytes,    3179488 total
- age   3:     513720 bytes,    3693208 total
- age   4:    6130520 bytes,    9823728 total
: 17807K->16466K(109248K), 0,0132970 secs] 17807K->16466K(502464K), 0,0133458 secs] [Times: user=0,05 sys=0,00, real=0,02 secs] 
Heap after GC invocations=4 (full 1):
 par new generation   total 109248K, used 16466K [0x00000000e0000000, 0x00000000e8000000, 0x00000000e8000000)
  eden space 87424K,   0% used [0x00000000e0000000, 0x00000000e0000000, 0x00000000e5560000)
  from space 21824K,  75% used [0x00000000e5560000, 0x00000000e6574990, 0x00000000e6ab0000)
  to   space 21824K,   0% used [0x00000000e6ab0000, 0x00000000e6ab0000, 0x00000000e8000000)
 concurrent mark-sweep generation total 393216K, used 0K [0x00000000e8000000, 0x0000000100000000, 0x0000000100000000)
 Metaspace       used 25120K, capacity 25511K, committed 25868K, reserved 1073152K
  class space    used 2924K, capacity 3056K, committed 3116K, reserved 1048576K
}
2016-11-19T12:09:12.171+0100: 2,995: [Rescan (parallel) , 0,0057274 secs]2016-11-19T12:09:12.177+0100: 3,001: [weak refs processing, 0,0014040 secs]2016-11-19T12:09:12.178+0100: 3,002: [class unloading, 0,0031923 secs]2016-11-19T12:09:12.181+0100: 3,005: [scrub symbol table, 0,0037093 secs]2016-11-19T12:09:12.185+0100: 3,009: [scrub string table, 0,0004957 secs][1 CMS-remark: 0K(393216K)] 16466K(502464K), 0,0286985 secs] [Times: user=0,08 sys=0,00, real=0,03 secs] 
2016-11-19T12:09:12.186+0100: 3,010: Total time for which application threads were stopped: 0,0288549 seconds, Stopping threads took: 0,0000686 seconds
2016-11-19T12:09:12.187+0100: 3,011: [CMS-concurrent-sweep-start]
2016-11-19T12:09:12.187+0100: 3,011: [CMS-concurrent-sweep: 0,000/0,000 secs] [Times: user=0,00 sys=0,00, real=0,00 secs] 
2016-11-19T12:09:12.187+0100: 3,012: [CMS-concurrent-reset-start]
2016-11-19T12:09:12.189+0100: 3,013: [CMS-concurrent-reset: 0,002/0,002 secs] [Times: user=0,00 sys=0,00, real=0,00 secs] 
