OpenJDK 64-Bit Server VM (25.121-b13) for linux-amd64 JRE (1.8.0_121-8u121-b13-0ubuntu1.16.04.2-b13), built on Jan 23 2017 15:51:29 by "buildd" with gcc 5.4.0 20160609
Memory: 4k page, physical 7867764k(7432928k free), swap 8076284k(8076284k free)
CommandLine flags: -XX:CMSInitiatingOccupancyFraction=50 -XX:CMSMaxAbortablePrecleanTime=6000 -XX:+CMSParallelRemarkEnabled -XX:+CMSScavengeBeforeRemark -XX:ConcGCThreads=4 -XX:InitialHeapSize=536870912 -XX:MaxHeapSize=536870912 -XX:MaxTenuringThreshold=8 -XX:NewRatio=3 -XX:OldPLABSize=16 -XX:OnOutOfMemoryError=/opt/solr/bin/oom_solr.sh 8983 /var/solr/logs -XX:ParallelGCThreads=4 -XX:+ParallelRefProcEnabled -XX:PretenureSizeThreshold=67108864 -XX:+PrintGC -XX:+PrintGCApplicationStoppedTime -XX:+PrintGCDateStamps -XX:+PrintGCDetails -XX:+PrintGCTimeStamps -XX:+PrintHeapAtGC -XX:+PrintTenuringDistribution -XX:SurvivorRatio=4 -XX:TargetSurvivorRatio=90 -XX:ThreadStackSize=256 -XX:+UseCMSInitiatingOccupancyOnly -XX:+UseCompressedClassPointers -XX:+UseCompressedOops -XX:+UseConcMarkSweepGC -XX:+UseParNewGC 
2017-04-15T15:16:06.610+0200: 0,151: Total time for which application threads were stopped: 0,0000724 seconds, Stopping threads took: 0,0000206 seconds
2017-04-15T15:16:06.695+0200: 0,237: Total time for which application threads were stopped: 0,0001215 seconds, Stopping threads took: 0,0000257 seconds
2017-04-15T15:16:06.721+0200: 0,262: Total time for which application threads were stopped: 0,0003104 seconds, Stopping threads took: 0,0000299 seconds
2017-04-15T15:16:07.103+0200: 0,645: Total time for which application threads were stopped: 0,0001785 seconds, Stopping threads took: 0,0000291 seconds
2017-04-15T15:16:07.574+0200: 1,115: Total time for which application threads were stopped: 0,0001428 seconds, Stopping threads took: 0,0000121 seconds
2017-04-15T15:16:07.653+0200: 1,194: Total time for which application threads were stopped: 0,0001547 seconds, Stopping threads took: 0,0000291 seconds
2017-04-15T15:16:07.691+0200: 1,232: Total time for which application threads were stopped: 0,0001917 seconds, Stopping threads took: 0,0000319 seconds
2017-04-15T15:16:07.945+0200: 1,487: Total time for which application threads were stopped: 0,0001747 seconds, Stopping threads took: 0,0000151 seconds
2017-04-15T15:16:08.195+0200: 1,736: Total time for which application threads were stopped: 0,0002092 seconds, Stopping threads took: 0,0000160 seconds
2017-04-15T15:16:08.216+0200: 1,757: Total time for which application threads were stopped: 0,0002050 seconds, Stopping threads took: 0,0000187 seconds
2017-04-15T15:16:08.249+0200: 1,791: Total time for which application threads were stopped: 0,0002806 seconds, Stopping threads took: 0,0000265 seconds
2017-04-15T15:16:08.251+0200: 1,793: Total time for which application threads were stopped: 0,0002950 seconds, Stopping threads took: 0,0000354 seconds
2017-04-15T15:16:08.270+0200: 1,812: Total time for which application threads were stopped: 0,0002413 seconds, Stopping threads took: 0,0000202 seconds
2017-04-15T15:16:08.341+0200: 1,883: Total time for which application threads were stopped: 0,0002450 seconds, Stopping threads took: 0,0000198 seconds
2017-04-15T15:16:08.515+0200: 2,056: Total time for which application threads were stopped: 0,0002428 seconds, Stopping threads took: 0,0000228 seconds
{Heap before GC invocations=0 (full 0):
 par new generation   total 109248K, used 87424K [0x00000000e0000000, 0x00000000e8000000, 0x00000000e8000000)
  eden space 87424K, 100% used [0x00000000e0000000, 0x00000000e5560000, 0x00000000e5560000)
  from space 21824K,   0% used [0x00000000e5560000, 0x00000000e5560000, 0x00000000e6ab0000)
  to   space 21824K,   0% used [0x00000000e6ab0000, 0x00000000e6ab0000, 0x00000000e8000000)
 concurrent mark-sweep generation total 393216K, used 0K [0x00000000e8000000, 0x0000000100000000, 0x0000000100000000)
 Metaspace       used 18027K, capacity 18336K, committed 18688K, reserved 1064960K
  class space    used 2035K, capacity 2196K, committed 2304K, reserved 1048576K
2017-04-15T15:16:08.605+0200: 2,146: [GC (Allocation Failure) 2017-04-15T15:16:08.605+0200: 2,146: [ParNew
Desired survivor size 20112992 bytes, new threshold 8 (max 8)
- age   1:   12589440 bytes,   12589440 total
: 87424K->12409K(109248K), 0,0149411 secs] 87424K->12409K(502464K), 0,0150212 secs] [Times: user=0,05 sys=0,00, real=0,02 secs] 
Heap after GC invocations=1 (full 0):
 par new generation   total 109248K, used 12409K [0x00000000e0000000, 0x00000000e8000000, 0x00000000e8000000)
  eden space 87424K,   0% used [0x00000000e0000000, 0x00000000e0000000, 0x00000000e5560000)
  from space 21824K,  56% used [0x00000000e6ab0000, 0x00000000e76ce760, 0x00000000e8000000)
  to   space 21824K,   0% used [0x00000000e5560000, 0x00000000e5560000, 0x00000000e6ab0000)
 concurrent mark-sweep generation total 393216K, used 0K [0x00000000e8000000, 0x0000000100000000, 0x0000000100000000)
 Metaspace       used 18027K, capacity 18336K, committed 18688K, reserved 1064960K
  class space    used 2035K, capacity 2196K, committed 2304K, reserved 1048576K
}
2017-04-15T15:16:08.620+0200: 2,162: Total time for which application threads were stopped: 0,0152534 seconds, Stopping threads took: 0,0000468 seconds
2017-04-15T15:16:08.925+0200: 2,466: Total time for which application threads were stopped: 0,0023464 seconds, Stopping threads took: 0,0020323 seconds
{Heap before GC invocations=1 (full 0):
 par new generation   total 109248K, used 99833K [0x00000000e0000000, 0x00000000e8000000, 0x00000000e8000000)
  eden space 87424K, 100% used [0x00000000e0000000, 0x00000000e5560000, 0x00000000e5560000)
  from space 21824K,  56% used [0x00000000e6ab0000, 0x00000000e76ce760, 0x00000000e8000000)
  to   space 21824K,   0% used [0x00000000e5560000, 0x00000000e5560000, 0x00000000e6ab0000)
 concurrent mark-sweep generation total 393216K, used 0K [0x00000000e8000000, 0x0000000100000000, 0x0000000100000000)
 Metaspace       used 20034K, capacity 20362K, committed 20736K, reserved 1067008K
  class space    used 2293K, capacity 2467K, committed 2560K, reserved 1048576K
2017-04-15T15:16:08.963+0200: 2,504: [GC (Allocation Failure) 2017-04-15T15:16:08.963+0200: 2,504: [ParNew
Desired survivor size 20112992 bytes, new threshold 8 (max 8)
- age   1:    3694496 bytes,    3694496 total
- age   2:    6658528 bytes,   10353024 total
: 99833K->15705K(109248K), 0,0099059 secs] 99833K->15705K(502464K), 0,0099883 secs] [Times: user=0,04 sys=0,00, real=0,01 secs] 
Heap after GC invocations=2 (full 0):
 par new generation   total 109248K, used 15705K [0x00000000e0000000, 0x00000000e8000000, 0x00000000e8000000)
  eden space 87424K,   0% used [0x00000000e0000000, 0x00000000e0000000, 0x00000000e5560000)
  from space 21824K,  71% used [0x00000000e5560000, 0x00000000e64b64c0, 0x00000000e6ab0000)
  to   space 21824K,   0% used [0x00000000e6ab0000, 0x00000000e6ab0000, 0x00000000e8000000)
 concurrent mark-sweep generation total 393216K, used 0K [0x00000000e8000000, 0x0000000100000000, 0x0000000100000000)
 Metaspace       used 20034K, capacity 20362K, committed 20736K, reserved 1067008K
  class space    used 2293K, capacity 2467K, committed 2560K, reserved 1048576K
}
2017-04-15T15:16:08.973+0200: 2,514: Total time for which application threads were stopped: 0,0131264 seconds, Stopping threads took: 0,0029784 seconds
2017-04-15T15:16:08.976+0200: 2,518: Total time for which application threads were stopped: 0,0014121 seconds, Stopping threads took: 0,0011646 seconds
2017-04-15T15:16:09.012+0200: 2,553: Total time for which application threads were stopped: 0,0004504 seconds, Stopping threads took: 0,0000571 seconds
2017-04-15T15:16:09.159+0200: 2,700: Total time for which application threads were stopped: 0,0002038 seconds, Stopping threads took: 0,0000439 seconds
{Heap before GC invocations=2 (full 0):
 par new generation   total 109248K, used 103129K [0x00000000e0000000, 0x00000000e8000000, 0x00000000e8000000)
  eden space 87424K, 100% used [0x00000000e0000000, 0x00000000e5560000, 0x00000000e5560000)
  from space 21824K,  71% used [0x00000000e5560000, 0x00000000e64b64c0, 0x00000000e6ab0000)
  to   space 21824K,   0% used [0x00000000e6ab0000, 0x00000000e6ab0000, 0x00000000e8000000)
 concurrent mark-sweep generation total 393216K, used 0K [0x00000000e8000000, 0x0000000100000000, 0x0000000100000000)
 Metaspace       used 20974K, capacity 21290K, committed 21628K, reserved 1069056K
  class space    used 2417K, capacity 2587K, committed 2684K, reserved 1048576K
2017-04-15T15:16:09.201+0200: 2,743: [GC (Allocation Failure) 2017-04-15T15:16:09.201+0200: 2,743: [ParNew
Desired survivor size 20112992 bytes, new threshold 8 (max 8)
- age   1:    2040680 bytes,    2040680 total
- age   2:     855888 bytes,    2896568 total
- age   3:    6654960 bytes,    9551528 total
: 103129K->12349K(109248K), 0,0177193 secs] 103129K->12349K(502464K), 0,0178333 secs] [Times: user=0,06 sys=0,01, real=0,02 secs] 
Heap after GC invocations=3 (full 0):
 par new generation   total 109248K, used 12349K [0x00000000e0000000, 0x00000000e8000000, 0x00000000e8000000)
  eden space 87424K,   0% used [0x00000000e0000000, 0x00000000e0000000, 0x00000000e5560000)
  from space 21824K,  56% used [0x00000000e6ab0000, 0x00000000e76bf5e8, 0x00000000e8000000)
  to   space 21824K,   0% used [0x00000000e5560000, 0x00000000e5560000, 0x00000000e6ab0000)
 concurrent mark-sweep generation total 393216K, used 0K [0x00000000e8000000, 0x0000000100000000, 0x0000000100000000)
 Metaspace       used 20974K, capacity 21290K, committed 21628K, reserved 1069056K
  class space    used 2417K, capacity 2587K, committed 2684K, reserved 1048576K
}
2017-04-15T15:16:09.219+0200: 2,761: Total time for which application threads were stopped: 0,0180749 seconds, Stopping threads took: 0,0000526 seconds
2017-04-15T15:16:09.219+0200: 2,761: [GC (CMS Initial Mark) [1 CMS-initial-mark: 0K(393216K)] 13055K(502464K), 0,0036024 secs] [Times: user=0,01 sys=0,00, real=0,00 secs] 
2017-04-15T15:16:09.223+0200: 2,764: Total time for which application threads were stopped: 0,0037605 seconds, Stopping threads took: 0,0000491 seconds
2017-04-15T15:16:09.223+0200: 2,764: [CMS-concurrent-mark-start]
2017-04-15T15:16:09.224+0200: 2,765: [CMS-concurrent-mark: 0,001/0,001 secs] [Times: user=0,01 sys=0,00, real=0,00 secs] 
2017-04-15T15:16:09.224+0200: 2,765: [CMS-concurrent-preclean-start]
2017-04-15T15:16:09.225+0200: 2,766: [CMS-concurrent-preclean: 0,001/0,001 secs] [Times: user=0,00 sys=0,00, real=0,00 secs] 
2017-04-15T15:16:09.225+0200: 2,767: [GC (CMS Final Remark) [YG occupancy: 13746 K (109248 K)]{Heap before GC invocations=3 (full 1):
 par new generation   total 109248K, used 13746K [0x00000000e0000000, 0x00000000e8000000, 0x00000000e8000000)
  eden space 87424K,   1% used [0x00000000e0000000, 0x00000000e015d2b0, 0x00000000e5560000)
  from space 21824K,  56% used [0x00000000e6ab0000, 0x00000000e76bf5e8, 0x00000000e8000000)
  to   space 21824K,   0% used [0x00000000e5560000, 0x00000000e5560000, 0x00000000e6ab0000)
 concurrent mark-sweep generation total 393216K, used 0K [0x00000000e8000000, 0x0000000100000000, 0x0000000100000000)
 Metaspace       used 20974K, capacity 21290K, committed 21628K, reserved 1069056K
  class space    used 2417K, capacity 2587K, committed 2684K, reserved 1048576K
2017-04-15T15:16:09.225+0200: 2,767: [GC (CMS Final Remark) 2017-04-15T15:16:09.225+0200: 2,767: [ParNew
Desired survivor size 20112992 bytes, new threshold 8 (max 8)
- age   1:     156504 bytes,     156504 total
- age   2:    2001592 bytes,    2158096 total
- age   3:     855888 bytes,    3013984 total
- age   4:    6654752 bytes,    9668736 total
: 13746K->10396K(109248K), 0,0171032 secs] 13746K->10396K(502464K), 0,0171435 secs] [Times: user=0,06 sys=0,00, real=0,02 secs] 
Heap after GC invocations=4 (full 1):
 par new generation   total 109248K, used 10396K [0x00000000e0000000, 0x00000000e8000000, 0x00000000e8000000)
  eden space 87424K,   0% used [0x00000000e0000000, 0x00000000e0000000, 0x00000000e5560000)
  from space 21824K,  47% used [0x00000000e5560000, 0x00000000e5f87038, 0x00000000e6ab0000)
  to   space 21824K,   0% used [0x00000000e6ab0000, 0x00000000e6ab0000, 0x00000000e8000000)
 concurrent mark-sweep generation total 393216K, used 0K [0x00000000e8000000, 0x0000000100000000, 0x0000000100000000)
 Metaspace       used 20974K, capacity 21290K, committed 21628K, reserved 1069056K
  class space    used 2417K, capacity 2587K, committed 2684K, reserved 1048576K
}
2017-04-15T15:16:09.243+0200: 2,784: [Rescan (parallel) , 0,0076776 secs]2017-04-15T15:16:09.250+0200: 2,792: [weak refs processing, 0,0006641 secs]2017-04-15T15:16:09.251+0200: 2,792: [class unloading, 0,0027218 secs]2017-04-15T15:16:09.254+0200: 2,795: [scrub symbol table, 0,0024893 secs]2017-04-15T15:16:09.256+0200: 2,798: [scrub string table, 0,0003615 secs][1 CMS-remark: 0K(393216K)] 10396K(502464K), 0,0316720 secs] [Times: user=0,09 sys=0,01, real=0,04 secs] 
2017-04-15T15:16:09.257+0200: 2,798: Total time for which application threads were stopped: 0,0318213 seconds, Stopping threads took: 0,0000615 seconds
2017-04-15T15:16:09.257+0200: 2,798: [CMS-concurrent-sweep-start]
2017-04-15T15:16:09.257+0200: 2,799: [CMS-concurrent-sweep: 0,000/0,000 secs] [Times: user=0,00 sys=0,00, real=0,00 secs] 
2017-04-15T15:16:09.257+0200: 2,799: [CMS-concurrent-reset-start]
2017-04-15T15:16:09.260+0200: 2,801: [CMS-concurrent-reset: 0,003/0,003 secs] [Times: user=0,01 sys=0,00, real=0,00 secs] 
{Heap before GC invocations=4 (full 1):
 par new generation   total 109248K, used 97820K [0x00000000e0000000, 0x00000000e8000000, 0x00000000e8000000)
  eden space 87424K, 100% used [0x00000000e0000000, 0x00000000e5560000, 0x00000000e5560000)
  from space 21824K,  47% used [0x00000000e5560000, 0x00000000e5f87038, 0x00000000e6ab0000)
  to   space 21824K,   0% used [0x00000000e6ab0000, 0x00000000e6ab0000, 0x00000000e8000000)
 concurrent mark-sweep generation total 393216K, used 0K [0x00000000e8000000, 0x0000000100000000, 0x0000000100000000)
 Metaspace       used 21212K, capacity 21562K, committed 21884K, reserved 1069056K
  class space    used 2446K, capacity 2601K, committed 2684K, reserved 1048576K
2017-04-15T15:16:09.357+0200: 2,898: [GC (Allocation Failure) 2017-04-15T15:16:09.357+0200: 2,899: [ParNew
Desired survivor size 20112992 bytes, new threshold 8 (max 8)
- age   1:     900976 bytes,     900976 total
- age   2:        400 bytes,     901376 total
- age   3:    1461352 bytes,    2362728 total
- age   4:     824544 bytes,    3187272 total
- age   5:    6654984 bytes,    9842256 total
: 97820K->12355K(109248K), 0,0108305 secs] 97820K->12355K(502464K), 0,0109002 secs] [Times: user=0,04 sys=0,00, real=0,01 secs] 
Heap after GC invocations=5 (full 1):
 par new generation   total 109248K, used 12355K [0x00000000e0000000, 0x00000000e8000000, 0x00000000e8000000)
  eden space 87424K,   0% used [0x00000000e0000000, 0x00000000e0000000, 0x00000000e5560000)
  from space 21824K,  56% used [0x00000000e6ab0000, 0x00000000e76c0c80, 0x00000000e8000000)
  to   space 21824K,   0% used [0x00000000e5560000, 0x00000000e5560000, 0x00000000e6ab0000)
 concurrent mark-sweep generation total 393216K, used 0K [0x00000000e8000000, 0x0000000100000000, 0x0000000100000000)
 Metaspace       used 21212K, capacity 21562K, committed 21884K, reserved 1069056K
  class space    used 2446K, capacity 2601K, committed 2684K, reserved 1048576K
}
2017-04-15T15:16:09.368+0200: 2,909: Total time for which application threads were stopped: 0,0138038 seconds, Stopping threads took: 0,0027374 seconds
{Heap before GC invocations=5 (full 1):
 par new generation   total 109248K, used 99779K [0x00000000e0000000, 0x00000000e8000000, 0x00000000e8000000)
  eden space 87424K, 100% used [0x00000000e0000000, 0x00000000e5560000, 0x00000000e5560000)
  from space 21824K,  56% used [0x00000000e6ab0000, 0x00000000e76c0c80, 0x00000000e8000000)
  to   space 21824K,   0% used [0x00000000e5560000, 0x00000000e5560000, 0x00000000e6ab0000)
 concurrent mark-sweep generation total 393216K, used 0K [0x00000000e8000000, 0x0000000100000000, 0x0000000100000000)
 Metaspace       used 21376K, capacity 21808K, committed 21884K, reserved 1069056K
  class space    used 2467K, capacity 2637K, committed 2684K, reserved 1048576K
2017-04-15T15:16:09.462+0200: 3,004: [GC (Allocation Failure) 2017-04-15T15:16:09.462+0200: 3,004: [ParNew
Desired survivor size 20112992 bytes, new threshold 8 (max 8)
- age   1:     970456 bytes,     970456 total
- age   2:     179496 bytes,    1149952 total
- age   3:        400 bytes,    1150352 total
- age   4:    1460912 bytes,    2611264 total
- age   5:     820528 bytes,    3431792 total
- age   6:    6654832 bytes,   10086624 total
: 99779K->16218K(109248K), 0,0174335 secs] 99779K->16218K(502464K), 0,0175052 secs] [Times: user=0,05 sys=0,00, real=0,02 secs] 
Heap after GC invocations=6 (full 1):
 par new generation   total 109248K, used 16218K [0x00000000e0000000, 0x00000000e8000000, 0x00000000e8000000)
  eden space 87424K,   0% used [0x00000000e0000000, 0x00000000e0000000, 0x00000000e5560000)
  from space 21824K,  74% used [0x00000000e5560000, 0x00000000e6536a08, 0x00000000e6ab0000)
  to   space 21824K,   0% used [0x00000000e6ab0000, 0x00000000e6ab0000, 0x00000000e8000000)
 concurrent mark-sweep generation total 393216K, used 0K [0x00000000e8000000, 0x0000000100000000, 0x0000000100000000)
 Metaspace       used 21376K, capacity 21808K, committed 21884K, reserved 1069056K
  class space    used 2467K, capacity 2637K, committed 2684K, reserved 1048576K
}
2017-04-15T15:16:09.480+0200: 3,021: Total time for which application threads were stopped: 0,0177230 seconds, Stopping threads took: 0,0000768 seconds
2017-04-15T15:16:09.514+0200: 3,055: Total time for which application threads were stopped: 0,0003552 seconds, Stopping threads took: 0,0000297 seconds
2017-04-15T15:16:09.726+0200: 3,267: Total time for which application threads were stopped: 0,0005273 seconds, Stopping threads took: 0,0000443 seconds
2017-04-15T15:16:09.745+0200: 3,287: Total time for which application threads were stopped: 0,0004203 seconds, Stopping threads took: 0,0000623 seconds
{Heap before GC invocations=6 (full 1):
 par new generation   total 109248K, used 103642K [0x00000000e0000000, 0x00000000e8000000, 0x00000000e8000000)
  eden space 87424K, 100% used [0x00000000e0000000, 0x00000000e5560000, 0x00000000e5560000)
  from space 21824K,  74% used [0x00000000e5560000, 0x00000000e6536a08, 0x00000000e6ab0000)
  to   space 21824K,   0% used [0x00000000e6ab0000, 0x00000000e6ab0000, 0x00000000e8000000)
 concurrent mark-sweep generation total 393216K, used 0K [0x00000000e8000000, 0x0000000100000000, 0x0000000100000000)
 Metaspace       used 23881K, capacity 24338K, committed 24572K, reserved 1071104K
  class space    used 2809K, capacity 3012K, committed 3068K, reserved 1048576K
2017-04-15T15:16:09.913+0200: 3,454: [GC (Allocation Failure) 2017-04-15T15:16:09.913+0200: 3,454: [ParNew
Desired survivor size 20112992 bytes, new threshold 8 (max 8)
- age   1:    5481320 bytes,    5481320 total
- age   2:     126040 bytes,    5607360 total
- age   3:     178064 bytes,    5785424 total
- age   4:        376 bytes,    5785800 total
- age   5:     283432 bytes,    6069232 total
- age   6:     796264 bytes,    6865496 total
- age   7:    6646496 bytes,   13511992 total
: 103642K->16728K(109248K), 0,0120429 secs] 103642K->16728K(502464K), 0,0121149 secs] [Times: user=0,05 sys=0,00, real=0,01 secs] 
Heap after GC invocations=7 (full 1):
 par new generation   total 109248K, used 16728K [0x00000000e0000000, 0x00000000e8000000, 0x00000000e8000000)
  eden space 87424K,   0% used [0x00000000e0000000, 0x00000000e0000000, 0x00000000e5560000)
  from space 21824K,  76% used [0x00000000e6ab0000, 0x00000000e7b06020, 0x00000000e8000000)
  to   space 21824K,   0% used [0x00000000e5560000, 0x00000000e5560000, 0x00000000e6ab0000)
 concurrent mark-sweep generation total 393216K, used 0K [0x00000000e8000000, 0x0000000100000000, 0x0000000100000000)
 Metaspace       used 23881K, capacity 24338K, committed 24572K, reserved 1071104K
  class space    used 2809K, capacity 3012K, committed 3068K, reserved 1048576K
}
2017-04-15T15:16:09.925+0200: 3,466: Total time for which application threads were stopped: 0,0124764 seconds, Stopping threads took: 0,0000809 seconds
{Heap before GC invocations=7 (full 1):
 par new generation   total 109248K, used 104152K [0x00000000e0000000, 0x00000000e8000000, 0x00000000e8000000)
  eden space 87424K, 100% used [0x00000000e0000000, 0x00000000e5560000, 0x00000000e5560000)
  from space 21824K,  76% used [0x00000000e6ab0000, 0x00000000e7b06020, 0x00000000e8000000)
  to   space 21824K,   0% used [0x00000000e5560000, 0x00000000e5560000, 0x00000000e6ab0000)
 concurrent mark-sweep generation total 393216K, used 0K [0x00000000e8000000, 0x0000000100000000, 0x0000000100000000)
 Metaspace       used 24481K, capacity 24968K, committed 25084K, reserved 1071104K
  class space    used 2865K, capacity 3048K, committed 3068K, reserved 1048576K
2017-04-15T15:16:10.031+0200: 3,572: [GC (Allocation Failure) 2017-04-15T15:16:10.031+0200: 3,572: [ParNew
Desired survivor size 20112992 bytes, new threshold 8 (max 8)
- age   1:    1868968 bytes,    1868968 total
- age   2:    1843096 bytes,    3712064 total
- age   3:      58872 bytes,    3770936 total
- age   4:     103512 bytes,    3874448 total
- age   6:     185248 bytes,    4059696 total
- age   7:     754824 bytes,    4814520 total
- age   8:    6113336 bytes,   10927856 total
: 104152K->19409K(109248K), 0,0202077 secs] 104152K->19409K(502464K), 0,0203002 secs] [Times: user=0,07 sys=0,00, real=0,02 secs] 
Heap after GC invocations=8 (full 1):
 par new generation   total 109248K, used 19409K [0x00000000e0000000, 0x00000000e8000000, 0x00000000e8000000)
  eden space 87424K,   0% used [0x00000000e0000000, 0x00000000e0000000, 0x00000000e5560000)
  from space 21824K,  88% used [0x00000000e5560000, 0x00000000e68547a0, 0x00000000e6ab0000)
  to   space 21824K,   0% used [0x00000000e6ab0000, 0x00000000e6ab0000, 0x00000000e8000000)
 concurrent mark-sweep generation total 393216K, used 0K [0x00000000e8000000, 0x0000000100000000, 0x0000000100000000)
 Metaspace       used 24481K, capacity 24968K, committed 25084K, reserved 1071104K
  class space    used 2865K, capacity 3048K, committed 3068K, reserved 1048576K
}
2017-04-15T15:16:10.051+0200: 3,593: Total time for which application threads were stopped: 0,0233507 seconds, Stopping threads took: 0,0028006 seconds
{Heap before GC invocations=8 (full 1):
 par new generation   total 109248K, used 106833K [0x00000000e0000000, 0x00000000e8000000, 0x00000000e8000000)
  eden space 87424K, 100% used [0x00000000e0000000, 0x00000000e5560000, 0x00000000e5560000)
  from space 21824K,  88% used [0x00000000e5560000, 0x00000000e68547a0, 0x00000000e6ab0000)
  to   space 21824K,   0% used [0x00000000e6ab0000, 0x00000000e6ab0000, 0x00000000e8000000)
 concurrent mark-sweep generation total 393216K, used 0K [0x00000000e8000000, 0x0000000100000000, 0x0000000100000000)
 Metaspace       used 24738K, capacity 25202K, committed 25468K, reserved 1071104K
  class space    used 2890K, capacity 3082K, committed 3196K, reserved 1048576K
2017-04-15T15:16:10.155+0200: 3,696: [GC (Allocation Failure) 2017-04-15T15:16:10.155+0200: 3,696: [ParNew
Desired survivor size 20112992 bytes, new threshold 8 (max 8)
- age   1:    1028752 bytes,    1028752 total
- age   2:     645224 bytes,    1673976 total
- age   3:    1819624 bytes,    3493600 total
- age   4:      58872 bytes,    3552472 total
- age   5:     103416 bytes,    3655888 total
- age   7:     182480 bytes,    3838368 total
- age   8:     754024 bytes,    4592392 total
: 106833K->7160K(109248K), 0,0478241 secs] 106833K->13213K(502464K), 0,0478928 secs] [Times: user=0,10 sys=0,01, real=0,04 secs] 
Heap after GC invocations=9 (full 1):
 par new generation   total 109248K, used 7160K [0x00000000e0000000, 0x00000000e8000000, 0x00000000e8000000)
  eden space 87424K,   0% used [0x00000000e0000000, 0x00000000e0000000, 0x00000000e5560000)
  from space 21824K,  32% used [0x00000000e6ab0000, 0x00000000e71ae2b0, 0x00000000e8000000)
  to   space 21824K,   0% used [0x00000000e5560000, 0x00000000e5560000, 0x00000000e6ab0000)
 concurrent mark-sweep generation total 393216K, used 6052K [0x00000000e8000000, 0x0000000100000000, 0x0000000100000000)
 Metaspace       used 24738K, capacity 25202K, committed 25468K, reserved 1071104K
  class space    used 2890K, capacity 3082K, committed 3196K, reserved 1048576K
}
2017-04-15T15:16:10.203+0200: 3,744: Total time for which application threads were stopped: 0,0510368 seconds, Stopping threads took: 0,0029926 seconds
2017-04-15T15:16:10.450+0200: 3,992: Total time for which application threads were stopped: 0,0004873 seconds, Stopping threads took: 0,0000234 seconds
2017-04-15T15:16:10.463+0200: 4,004: Total time for which application threads were stopped: 0,0004428 seconds, Stopping threads took: 0,0000221 seconds
2017-04-15T15:16:10.514+0200: 4,055: Total time for which application threads were stopped: 0,0005267 seconds, Stopping threads took: 0,0000787 seconds
2017-04-15T15:16:10.522+0200: 4,064: Total time for which application threads were stopped: 0,0003679 seconds, Stopping threads took: 0,0000445 seconds
2017-04-15T15:16:10.527+0200: 4,068: Total time for which application threads were stopped: 0,0001316 seconds, Stopping threads took: 0,0000355 seconds
2017-04-15T15:16:10.533+0200: 4,075: Total time for which application threads were stopped: 0,0001440 seconds, Stopping threads took: 0,0000446 seconds
2017-04-15T15:16:10.539+0200: 4,080: Total time for which application threads were stopped: 0,0045798 seconds, Stopping threads took: 0,0044889 seconds
2017-04-15T15:16:10.539+0200: 4,081: Total time for which application threads were stopped: 0,0001161 seconds, Stopping threads took: 0,0000429 seconds
2017-04-15T15:16:10.540+0200: 4,081: Total time for which application threads were stopped: 0,0000999 seconds, Stopping threads took: 0,0000367 seconds
2017-04-15T15:16:10.541+0200: 4,083: Total time for which application threads were stopped: 0,0001445 seconds, Stopping threads took: 0,0000321 seconds
2017-04-15T15:16:10.542+0200: 4,083: Total time for which application threads were stopped: 0,0001017 seconds, Stopping threads took: 0,0000218 seconds
2017-04-15T15:16:10.542+0200: 4,083: Total time for which application threads were stopped: 0,0000625 seconds, Stopping threads took: 0,0000196 seconds
2017-04-15T15:16:10.542+0200: 4,083: Total time for which application threads were stopped: 0,0000661 seconds, Stopping threads took: 0,0000164 seconds
2017-04-15T15:16:10.542+0200: 4,083: Total time for which application threads were stopped: 0,0000438 seconds, Stopping threads took: 0,0000082 seconds
2017-04-15T15:16:10.542+0200: 4,084: Total time for which application threads were stopped: 0,0000710 seconds, Stopping threads took: 0,0000189 seconds
2017-04-15T15:16:10.543+0200: 4,084: Total time for which application threads were stopped: 0,0000582 seconds, Stopping threads took: 0,0000165 seconds
2017-04-15T15:16:10.543+0200: 4,084: Total time for which application threads were stopped: 0,0000655 seconds, Stopping threads took: 0,0000164 seconds
2017-04-15T15:16:10.543+0200: 4,084: Total time for which application threads were stopped: 0,0000596 seconds, Stopping threads took: 0,0000151 seconds
2017-04-15T15:16:10.543+0200: 4,084: Total time for which application threads were stopped: 0,0000499 seconds, Stopping threads took: 0,0000164 seconds
2017-04-15T15:16:10.546+0200: 4,087: Total time for which application threads were stopped: 0,0025450 seconds, Stopping threads took: 0,0024721 seconds
2017-04-15T15:16:10.546+0200: 4,087: Total time for which application threads were stopped: 0,0000693 seconds, Stopping threads took: 0,0000236 seconds
2017-04-15T15:16:10.546+0200: 4,087: Total time for which application threads were stopped: 0,0000511 seconds, Stopping threads took: 0,0000104 seconds
2017-04-15T15:16:10.546+0200: 4,088: Total time for which application threads were stopped: 0,0000633 seconds, Stopping threads took: 0,0000248 seconds
2017-04-15T15:16:10.546+0200: 4,088: Total time for which application threads were stopped: 0,0001183 seconds, Stopping threads took: 0,0000088 seconds
2017-04-15T15:16:10.547+0200: 4,088: Total time for which application threads were stopped: 0,0000777 seconds, Stopping threads took: 0,0000237 seconds
2017-04-15T15:16:10.547+0200: 4,088: Total time for which application threads were stopped: 0,0000606 seconds, Stopping threads took: 0,0000205 seconds
2017-04-15T15:16:10.547+0200: 4,088: Total time for which application threads were stopped: 0,0000713 seconds, Stopping threads took: 0,0000293 seconds
2017-04-15T15:16:10.547+0200: 4,088: Total time for which application threads were stopped: 0,0000595 seconds, Stopping threads took: 0,0000167 seconds
2017-04-15T15:16:10.547+0200: 4,089: Total time for which application threads were stopped: 0,0000533 seconds, Stopping threads took: 0,0000160 seconds
2017-04-15T15:16:10.547+0200: 4,089: Total time for which application threads were stopped: 0,0000594 seconds, Stopping threads took: 0,0000115 seconds
2017-04-15T15:16:10.548+0200: 4,089: Total time for which application threads were stopped: 0,0000449 seconds, Stopping threads took: 0,0000086 seconds
2017-04-15T15:16:10.548+0200: 4,089: Total time for which application threads were stopped: 0,0000543 seconds, Stopping threads took: 0,0000138 seconds
2017-04-15T15:16:10.548+0200: 4,089: Total time for which application threads were stopped: 0,0000495 seconds, Stopping threads took: 0,0000171 seconds
2017-04-15T15:16:10.548+0200: 4,089: Total time for which application threads were stopped: 0,0000486 seconds, Stopping threads took: 0,0000136 seconds
2017-04-15T15:16:10.548+0200: 4,090: Total time for which application threads were stopped: 0,0000654 seconds, Stopping threads took: 0,0000168 seconds
2017-04-15T15:16:10.550+0200: 4,092: Total time for which application threads were stopped: 0,0002651 seconds, Stopping threads took: 0,0001899 seconds
2017-04-15T15:16:10.551+0200: 4,092: Total time for which application threads were stopped: 0,0000831 seconds, Stopping threads took: 0,0000241 seconds
2017-04-15T15:16:10.551+0200: 4,092: Total time for which application threads were stopped: 0,0000660 seconds, Stopping threads took: 0,0000162 seconds
2017-04-15T15:16:10.551+0200: 4,092: Total time for which application threads were stopped: 0,0000571 seconds, Stopping threads took: 0,0000097 seconds
2017-04-15T15:16:10.552+0200: 4,093: Total time for which application threads were stopped: 0,0003874 seconds, Stopping threads took: 0,0003044 seconds
2017-04-15T15:16:10.552+0200: 4,093: Total time for which application threads were stopped: 0,0000923 seconds, Stopping threads took: 0,0000452 seconds
2017-04-15T15:16:10.552+0200: 4,094: Total time for which application threads were stopped: 0,0001747 seconds, Stopping threads took: 0,0001283 seconds
2017-04-15T15:16:10.552+0200: 4,094: Total time for which application threads were stopped: 0,0000726 seconds, Stopping threads took: 0,0000176 seconds
2017-04-15T15:16:10.552+0200: 4,094: Total time for which application threads were stopped: 0,0001335 seconds, Stopping threads took: 0,0000097 seconds
2017-04-15T15:16:10.555+0200: 4,096: Total time for which application threads were stopped: 0,0001247 seconds, Stopping threads took: 0,0000590 seconds
2017-04-15T15:16:10.563+0200: 4,104: Total time for which application threads were stopped: 0,0038711 seconds, Stopping threads took: 0,0037691 seconds
2017-04-15T15:16:10.567+0200: 4,109: Total time for which application threads were stopped: 0,0001586 seconds, Stopping threads took: 0,0000566 seconds
2017-04-15T15:16:10.597+0200: 4,139: Total time for which application threads were stopped: 0,0001775 seconds, Stopping threads took: 0,0000474 seconds
2017-04-15T15:16:10.600+0200: 4,141: Total time for which application threads were stopped: 0,0001967 seconds, Stopping threads took: 0,0000753 seconds
2017-04-15T15:16:10.634+0200: 4,175: Total time for which application threads were stopped: 0,0001212 seconds, Stopping threads took: 0,0000408 seconds
2017-04-15T15:16:10.635+0200: 4,176: Total time for which application threads were stopped: 0,0004212 seconds, Stopping threads took: 0,0000177 seconds
2017-04-15T15:16:10.637+0200: 4,179: Total time for which application threads were stopped: 0,0020937 seconds, Stopping threads took: 0,0020349 seconds
{Heap before GC invocations=9 (full 1):
 par new generation   total 109248K, used 94584K [0x00000000e0000000, 0x00000000e8000000, 0x00000000e8000000)
  eden space 87424K, 100% used [0x00000000e0000000, 0x00000000e5560000, 0x00000000e5560000)
  from space 21824K,  32% used [0x00000000e6ab0000, 0x00000000e71ae2b0, 0x00000000e8000000)
  to   space 21824K,   0% used [0x00000000e5560000, 0x00000000e5560000, 0x00000000e6ab0000)
 concurrent mark-sweep generation total 393216K, used 6052K [0x00000000e8000000, 0x0000000100000000, 0x0000000100000000)
 Metaspace       used 27923K, capacity 28444K, committed 28796K, reserved 1075200K
  class space    used 3201K, capacity 3391K, committed 3452K, reserved 1048576K
2017-04-15T15:16:10.653+0200: 4,194: [GC (Allocation Failure) 2017-04-15T15:16:10.653+0200: 4,194: [ParNew
Desired survivor size 20112992 bytes, new threshold 8 (max 8)
- age   1:   10961816 bytes,   10961816 total
- age   2:     465784 bytes,   11427600 total
- age   3:     246864 bytes,   11674464 total
- age   4:    1813424 bytes,   13487888 total
- age   5:      58872 bytes,   13546760 total
- age   6:     100744 bytes,   13647504 total
- age   8:     181888 bytes,   13829392 total
: 94584K->14839K(109248K), 0,0191183 secs] 100637K->21713K(502464K), 0,0191941 secs] [Times: user=0,07 sys=0,00, real=0,02 secs] 
Heap after GC invocations=10 (full 1):
 par new generation   total 109248K, used 14839K [0x00000000e0000000, 0x00000000e8000000, 0x00000000e8000000)
  eden space 87424K,   0% used [0x00000000e0000000, 0x00000000e0000000, 0x00000000e5560000)
  from space 21824K,  67% used [0x00000000e5560000, 0x00000000e63ddf50, 0x00000000e6ab0000)
  to   space 21824K,   0% used [0x00000000e6ab0000, 0x00000000e6ab0000, 0x00000000e8000000)
 concurrent mark-sweep generation total 393216K, used 6874K [0x00000000e8000000, 0x0000000100000000, 0x0000000100000000)
 Metaspace       used 27923K, capacity 28444K, committed 28796K, reserved 1075200K
  class space    used 3201K, capacity 3391K, committed 3452K, reserved 1048576K
}
2017-04-15T15:16:10.672+0200: 4,213: Total time for which application threads were stopped: 0,0193597 seconds, Stopping threads took: 0,0000264 seconds
2017-04-15T15:16:10.674+0200: 4,215: Total time for which application threads were stopped: 0,0001139 seconds, Stopping threads took: 0,0000594 seconds
2017-04-15T15:16:10.674+0200: 4,216: Total time for which application threads were stopped: 0,0004566 seconds, Stopping threads took: 0,0004144 seconds
2017-04-15T15:16:38.678+0200: 32,219: Total time for which application threads were stopped: 0,0000714 seconds, Stopping threads took: 0,0000196 seconds
2017-04-15T15:17:28.684+0200: 82,225: Total time for which application threads were stopped: 0,0000682 seconds, Stopping threads took: 0,0000201 seconds
2017-04-15T15:18:03.688+0200: 117,229: Total time for which application threads were stopped: 0,0001135 seconds, Stopping threads took: 0,0000462 seconds
2017-04-15T15:18:08.689+0200: 122,230: Total time for which application threads were stopped: 0,0000825 seconds, Stopping threads took: 0,0000210 seconds
2017-04-15T15:19:07.696+0200: 181,237: Total time for which application threads were stopped: 0,0000816 seconds, Stopping threads took: 0,0000317 seconds
2017-04-15T15:20:37.706+0200: 271,248: Total time for which application threads were stopped: 0,0000842 seconds, Stopping threads took: 0,0000335 seconds
2017-04-15T15:20:43.707+0200: 277,248: Total time for which application threads were stopped: 0,0000727 seconds, Stopping threads took: 0,0000161 seconds
2017-04-15T15:24:48.734+0200: 522,276: Total time for which application threads were stopped: 0,0004356 seconds, Stopping threads took: 0,0001687 seconds
2017-04-15T15:26:43.746+0200: 637,288: Total time for which application threads were stopped: 0,0004508 seconds, Stopping threads took: 0,0001821 seconds
2017-04-15T15:39:37.833+0200: 1411,374: Total time for which application threads were stopped: 0,0001992 seconds, Stopping threads took: 0,0000631 seconds
2017-04-15T15:44:47.866+0200: 1721,407: Total time for which application threads were stopped: 0,0001223 seconds, Stopping threads took: 0,0000433 seconds
2017-04-15T15:54:28.927+0200: 2302,468: Total time for which application threads were stopped: 0,0001805 seconds, Stopping threads took: 0,0000397 seconds
2017-04-15T15:54:32.927+0200: 2306,468: Total time for which application threads were stopped: 0,0001378 seconds, Stopping threads took: 0,0000235 seconds
2017-04-15T16:09:24.029+0200: 3197,571: Total time for which application threads were stopped: 0,0001120 seconds, Stopping threads took: 0,0000414 seconds
2017-04-15T16:20:48.090+0200: 3881,631: Total time for which application threads were stopped: 0,0000880 seconds, Stopping threads took: 0,0000282 seconds
2017-04-15T16:20:53.091+0200: 3886,632: Total time for which application threads were stopped: 0,0001269 seconds, Stopping threads took: 0,0000274 seconds
2017-04-15T16:28:47.707+0200: 4361,248: Total time for which application threads were stopped: 0,0001506 seconds, Stopping threads took: 0,0000436 seconds
2017-04-15T16:28:47.734+0200: 4361,276: Total time for which application threads were stopped: 0,0001287 seconds, Stopping threads took: 0,0000455 seconds
2017-04-15T16:28:47.764+0200: 4361,305: Total time for which application threads were stopped: 0,0020759 seconds, Stopping threads took: 0,0020012 seconds
2017-04-15T16:28:47.764+0200: 4361,306: Total time for which application threads were stopped: 0,0001074 seconds, Stopping threads took: 0,0000206 seconds
2017-04-15T16:28:47.767+0200: 4361,309: Total time for which application threads were stopped: 0,0000842 seconds, Stopping threads took: 0,0000195 seconds
2017-04-15T16:28:47.769+0200: 4361,310: Total time for which application threads were stopped: 0,0001042 seconds, Stopping threads took: 0,0000211 seconds
Heap
 par new generation   total 109248K, used 42053K [0x00000000e0000000, 0x00000000e8000000, 0x00000000e8000000)
  eden space 87424K,  31% used [0x00000000e0000000, 0x00000000e1a934c8, 0x00000000e5560000)
  from space 21824K,  67% used [0x00000000e5560000, 0x00000000e63ddf50, 0x00000000e6ab0000)
  to   space 21824K,   0% used [0x00000000e6ab0000, 0x00000000e6ab0000, 0x00000000e8000000)
 concurrent mark-sweep generation total 393216K, used 6874K [0x00000000e8000000, 0x0000000100000000, 0x0000000100000000)
 Metaspace       used 28164K, capacity 28744K, committed 29052K, reserved 1075200K
  class space    used 3229K, capacity 3425K, committed 3452K, reserved 1048576K
