OpenJDK 64-Bit Server VM (25.111-b14) for linux-amd64 JRE (1.8.0_111-8u111-b14-2ubuntu0.16.04.2-b14), built on Oct 27 2016 18:10:19 by "buildd" with gcc 5.4.0 20160609
Memory: 4k page, physical 7867876k(7452064k free), swap 8076284k(8076284k free)
CommandLine flags: -XX:CMSInitiatingOccupancyFraction=50 -XX:CMSMaxAbortablePrecleanTime=6000 -XX:+CMSParallelRemarkEnabled -XX:+CMSScavengeBeforeRemark -XX:ConcGCThreads=4 -XX:InitialHeapSize=536870912 -XX:MaxHeapSize=536870912 -XX:MaxTenuringThreshold=8 -XX:NewRatio=3 -XX:OldPLABSize=16 -XX:OnOutOfMemoryError=/opt/solr/bin/oom_solr.sh 8983 /var/solr/logs -XX:ParallelGCThreads=4 -XX:+ParallelRefProcEnabled -XX:PretenureSizeThreshold=67108864 -XX:+PrintGC -XX:+PrintGCApplicationStoppedTime -XX:+PrintGCDateStamps -XX:+PrintGCDetails -XX:+PrintGCTimeStamps -XX:+PrintHeapAtGC -XX:+PrintTenuringDistribution -XX:SurvivorRatio=4 -XX:TargetSurvivorRatio=90 -XX:ThreadStackSize=256 -XX:+UseCMSInitiatingOccupancyOnly -XX:+UseCompressedClassPointers -XX:+UseCompressedOops -XX:+UseConcMarkSweepGC -XX:+UseParNewGC 
2016-11-09T22:24:27.266+0100: 0,117: Total time for which application threads were stopped: 0,0000689 seconds, Stopping threads took: 0,0000156 seconds
2016-11-09T22:24:27.346+0100: 0,198: Total time for which application threads were stopped: 0,0001059 seconds, Stopping threads took: 0,0000140 seconds
2016-11-09T22:24:27.359+0100: 0,210: Total time for which application threads were stopped: 0,0001109 seconds, Stopping threads took: 0,0000231 seconds
2016-11-09T22:24:27.866+0100: 0,717: Total time for which application threads were stopped: 0,0001830 seconds, Stopping threads took: 0,0000215 seconds
2016-11-09T22:24:28.019+0100: 0,870: Total time for which application threads were stopped: 0,0001866 seconds, Stopping threads took: 0,0000189 seconds
2016-11-09T22:24:28.111+0100: 0,963: Total time for which application threads were stopped: 0,0001950 seconds, Stopping threads took: 0,0000208 seconds
2016-11-09T22:24:28.306+0100: 1,157: Total time for which application threads were stopped: 0,0001726 seconds, Stopping threads took: 0,0000225 seconds
2016-11-09T22:24:28.550+0100: 1,402: Total time for which application threads were stopped: 0,0006985 seconds, Stopping threads took: 0,0000128 seconds
2016-11-09T22:24:28.580+0100: 1,431: Total time for which application threads were stopped: 0,0011295 seconds, Stopping threads took: 0,0001077 seconds
2016-11-09T22:24:28.581+0100: 1,432: Total time for which application threads were stopped: 0,0001834 seconds, Stopping threads took: 0,0000202 seconds
2016-11-09T22:24:28.592+0100: 1,443: Total time for which application threads were stopped: 0,0001549 seconds, Stopping threads took: 0,0000201 seconds
2016-11-09T22:24:28.688+0100: 1,540: Total time for which application threads were stopped: 0,0002540 seconds, Stopping threads took: 0,0000305 seconds
2016-11-09T22:24:28.889+0100: 1,740: Total time for which application threads were stopped: 0,0005155 seconds, Stopping threads took: 0,0003284 seconds
2016-11-09T22:24:29.072+0100: 1,923: Total time for which application threads were stopped: 0,0001431 seconds, Stopping threads took: 0,0000349 seconds
{Heap before GC invocations=0 (full 0):
 par new generation   total 109248K, used 87551K [0x00000000e0000000, 0x00000000e8000000, 0x00000000e8000000)
  eden space 87424K, 100% used [0x00000000e0000000, 0x00000000e5560000, 0x00000000e5560000)
  from space 21824K,   0% used [0x00000000e5560000, 0x00000000e557fc10, 0x00000000e6ab0000)
  to   space 21824K,   0% used [0x00000000e6ab0000, 0x00000000e6ab0000, 0x00000000e8000000)
 concurrent mark-sweep generation total 393216K, used 0K [0x00000000e8000000, 0x0000000100000000, 0x0000000100000000)
 Metaspace       used 18022K, capacity 18302K, committed 18560K, reserved 1064960K
  class space    used 2044K, capacity 2162K, committed 2176K, reserved 1048576K
2016-11-09T22:24:29.072+0100: 1,923: [GC (GCLocker Initiated GC) 2016-11-09T22:24:29.072+0100: 1,923: [ParNew
Desired survivor size 20112992 bytes, new threshold 8 (max 8)
- age   1:   13049512 bytes,   13049512 total
: 87551K->12851K(109248K), 0,0262659 secs] 87551K->12851K(502464K), 0,0265085 secs] [Times: user=0,06 sys=0,02, real=0,02 secs] 
Heap after GC invocations=1 (full 0):
 par new generation   total 109248K, used 12851K [0x00000000e0000000, 0x00000000e8000000, 0x00000000e8000000)
  eden space 87424K,   0% used [0x00000000e0000000, 0x00000000e0000000, 0x00000000e5560000)
  from space 21824K,  58% used [0x00000000e6ab0000, 0x00000000e773cf58, 0x00000000e8000000)
  to   space 21824K,   0% used [0x00000000e5560000, 0x00000000e5560000, 0x00000000e6ab0000)
 concurrent mark-sweep generation total 393216K, used 0K [0x00000000e8000000, 0x0000000100000000, 0x0000000100000000)
 Metaspace       used 18022K, capacity 18302K, committed 18560K, reserved 1064960K
  class space    used 2044K, capacity 2162K, committed 2176K, reserved 1048576K
}
2016-11-09T22:24:29.099+0100: 1,950: Total time for which application threads were stopped: 0,0268118 seconds, Stopping threads took: 0,0000241 seconds
2016-11-09T22:24:29.326+0100: 2,177: Total time for which application threads were stopped: 0,0003551 seconds, Stopping threads took: 0,0000349 seconds
2016-11-09T22:24:29.361+0100: 2,212: Total time for which application threads were stopped: 0,0003130 seconds, Stopping threads took: 0,0000670 seconds
2016-11-09T22:24:29.386+0100: 2,237: Total time for which application threads were stopped: 0,0004650 seconds, Stopping threads took: 0,0001050 seconds
{Heap before GC invocations=1 (full 0):
 par new generation   total 109248K, used 100275K [0x00000000e0000000, 0x00000000e8000000, 0x00000000e8000000)
  eden space 87424K, 100% used [0x00000000e0000000, 0x00000000e5560000, 0x00000000e5560000)
  from space 21824K,  58% used [0x00000000e6ab0000, 0x00000000e773cf58, 0x00000000e8000000)
  to   space 21824K,   0% used [0x00000000e5560000, 0x00000000e5560000, 0x00000000e6ab0000)
 concurrent mark-sweep generation total 393216K, used 0K [0x00000000e8000000, 0x0000000100000000, 0x0000000100000000)
 Metaspace       used 20372K, capacity 20652K, committed 20992K, reserved 1067008K
  class space    used 2359K, capacity 2483K, committed 2560K, reserved 1048576K
2016-11-09T22:24:29.480+0100: 2,331: [GC (Allocation Failure) 2016-11-09T22:24:29.480+0100: 2,331: [ParNew
Desired survivor size 20112992 bytes, new threshold 8 (max 8)
- age   1:    3515536 bytes,    3515536 total
- age   2:    6481632 bytes,    9997168 total
: 100275K->15590K(109248K), 0,0099647 secs] 100275K->15590K(502464K), 0,0100372 secs] [Times: user=0,04 sys=0,00, real=0,01 secs] 
Heap after GC invocations=2 (full 0):
 par new generation   total 109248K, used 15590K [0x00000000e0000000, 0x00000000e8000000, 0x00000000e8000000)
  eden space 87424K,   0% used [0x00000000e0000000, 0x00000000e0000000, 0x00000000e5560000)
  from space 21824K,  71% used [0x00000000e5560000, 0x00000000e6499bc0, 0x00000000e6ab0000)
  to   space 21824K,   0% used [0x00000000e6ab0000, 0x00000000e6ab0000, 0x00000000e8000000)
 concurrent mark-sweep generation total 393216K, used 0K [0x00000000e8000000, 0x0000000100000000, 0x0000000100000000)
 Metaspace       used 20372K, capacity 20652K, committed 20992K, reserved 1067008K
  class space    used 2359K, capacity 2483K, committed 2560K, reserved 1048576K
}
2016-11-09T22:24:29.490+0100: 2,341: Total time for which application threads were stopped: 0,0102386 seconds, Stopping threads took: 0,0000481 seconds
{Heap before GC invocations=2 (full 0):
 par new generation   total 109248K, used 103014K [0x00000000e0000000, 0x00000000e8000000, 0x00000000e8000000)
  eden space 87424K, 100% used [0x00000000e0000000, 0x00000000e5560000, 0x00000000e5560000)
  from space 21824K,  71% used [0x00000000e5560000, 0x00000000e6499bc0, 0x00000000e6ab0000)
  to   space 21824K,   0% used [0x00000000e6ab0000, 0x00000000e6ab0000, 0x00000000e8000000)
 concurrent mark-sweep generation total 393216K, used 0K [0x00000000e8000000, 0x0000000100000000, 0x0000000100000000)
 Metaspace       used 20819K, capacity 21142K, committed 21248K, reserved 1069056K
  class space    used 2410K, capacity 2528K, committed 2560K, reserved 1048576K
2016-11-09T22:24:29.631+0100: 2,483: [GC (Allocation Failure) 2016-11-09T22:24:29.631+0100: 2,483: [ParNew
Desired survivor size 20112992 bytes, new threshold 8 (max 8)
- age   1:    1105768 bytes,    1105768 total
- age   2:    1417584 bytes,    2523352 total
- age   3:    6441152 bytes,    8964504 total
: 103014K->9876K(109248K), 0,0093488 secs] 103014K->9876K(502464K), 0,0094279 secs] [Times: user=0,03 sys=0,00, real=0,01 secs] 
Heap after GC invocations=3 (full 0):
 par new generation   total 109248K, used 9876K [0x00000000e0000000, 0x00000000e8000000, 0x00000000e8000000)
  eden space 87424K,   0% used [0x00000000e0000000, 0x00000000e0000000, 0x00000000e5560000)
  from space 21824K,  45% used [0x00000000e6ab0000, 0x00000000e7455210, 0x00000000e8000000)
  to   space 21824K,   0% used [0x00000000e5560000, 0x00000000e5560000, 0x00000000e6ab0000)
 concurrent mark-sweep generation total 393216K, used 0K [0x00000000e8000000, 0x0000000100000000, 0x0000000100000000)
 Metaspace       used 20819K, capacity 21142K, committed 21248K, reserved 1069056K
  class space    used 2410K, capacity 2528K, committed 2560K, reserved 1048576K
}
2016-11-09T22:24:29.641+0100: 2,492: Total time for which application threads were stopped: 0,0096426 seconds, Stopping threads took: 0,0000767 seconds
2016-11-09T22:24:29.654+0100: 2,505: Total time for which application threads were stopped: 0,0001382 seconds, Stopping threads took: 0,0000669 seconds
2016-11-09T22:24:29.730+0100: 2,582: Total time for which application threads were stopped: 0,0000973 seconds, Stopping threads took: 0,0000195 seconds
2016-11-09T22:24:29.736+0100: 2,588: Total time for which application threads were stopped: 0,0002615 seconds, Stopping threads took: 0,0000126 seconds
2016-11-09T22:24:29.765+0100: 2,616: Total time for which application threads were stopped: 0,0001132 seconds, Stopping threads took: 0,0000270 seconds
2016-11-09T22:24:29.831+0100: 2,682: Total time for which application threads were stopped: 0,0010631 seconds, Stopping threads took: 0,0009712 seconds
2016-11-09T22:24:29.864+0100: 2,716: Total time for which application threads were stopped: 0,0001823 seconds, Stopping threads took: 0,0000895 seconds
2016-11-09T22:24:29.892+0100: 2,743: Total time for which application threads were stopped: 0,0003660 seconds, Stopping threads took: 0,0000233 seconds
2016-11-09T22:24:29.909+0100: 2,761: Total time for which application threads were stopped: 0,0003868 seconds, Stopping threads took: 0,0000264 seconds
2016-11-09T22:24:29.913+0100: 2,764: Total time for which application threads were stopped: 0,0001247 seconds, Stopping threads took: 0,0000459 seconds
2016-11-09T22:24:29.965+0100: 2,817: Total time for which application threads were stopped: 0,0002025 seconds, Stopping threads took: 0,0000835 seconds
{Heap before GC invocations=3 (full 0):
 par new generation   total 109248K, used 97300K [0x00000000e0000000, 0x00000000e8000000, 0x00000000e8000000)
  eden space 87424K, 100% used [0x00000000e0000000, 0x00000000e5560000, 0x00000000e5560000)
  from space 21824K,  45% used [0x00000000e6ab0000, 0x00000000e7455210, 0x00000000e8000000)
  to   space 21824K,   0% used [0x00000000e5560000, 0x00000000e5560000, 0x00000000e6ab0000)
 concurrent mark-sweep generation total 393216K, used 0K [0x00000000e8000000, 0x0000000100000000, 0x0000000100000000)
 Metaspace       used 22973K, capacity 23376K, committed 23544K, reserved 1071104K
  class space    used 2675K, capacity 2805K, committed 2840K, reserved 1048576K
2016-11-09T22:24:29.972+0100: 2,824: [GC (Allocation Failure) 2016-11-09T22:24:29.973+0100: 2,824: [ParNew
Desired survivor size 20112992 bytes, new threshold 8 (max 8)
- age   1:    2686968 bytes,    2686968 total
- age   2:     180416 bytes,    2867384 total
- age   3:     627960 bytes,    3495344 total
- age   4:    6435800 bytes,    9931144 total
: 97300K->13410K(109248K), 0,0179167 secs] 97300K->13410K(502464K), 0,0179861 secs] [Times: user=0,06 sys=0,00, real=0,02 secs] 
Heap after GC invocations=4 (full 0):
 par new generation   total 109248K, used 13410K [0x00000000e0000000, 0x00000000e8000000, 0x00000000e8000000)
  eden space 87424K,   0% used [0x00000000e0000000, 0x00000000e0000000, 0x00000000e5560000)
  from space 21824K,  61% used [0x00000000e5560000, 0x00000000e62789e0, 0x00000000e6ab0000)
  to   space 21824K,   0% used [0x00000000e6ab0000, 0x00000000e6ab0000, 0x00000000e8000000)
 concurrent mark-sweep generation total 393216K, used 0K [0x00000000e8000000, 0x0000000100000000, 0x0000000100000000)
 Metaspace       used 22973K, capacity 23376K, committed 23544K, reserved 1071104K
  class space    used 2675K, capacity 2805K, committed 2840K, reserved 1048576K
}
2016-11-09T22:24:29.991+0100: 2,842: Total time for which application threads were stopped: 0,0181402 seconds, Stopping threads took: 0,0000242 seconds
2016-11-09T22:24:29.991+0100: 2,843: [GC (CMS Initial Mark) [1 CMS-initial-mark: 0K(393216K)] 14284K(502464K), 0,0037962 secs] [Times: user=0,01 sys=0,00, real=0,00 secs] 
2016-11-09T22:24:29.995+0100: 2,847: Total time for which application threads were stopped: 0,0039579 seconds, Stopping threads took: 0,0000812 seconds
2016-11-09T22:24:29.995+0100: 2,847: [CMS-concurrent-mark-start]
2016-11-09T22:24:29.996+0100: 2,847: [CMS-concurrent-mark: 0,000/0,000 secs] [Times: user=0,00 sys=0,00, real=0,00 secs] 
2016-11-09T22:24:29.996+0100: 2,847: [CMS-concurrent-preclean-start]
2016-11-09T22:24:29.997+0100: 2,848: [CMS-concurrent-preclean: 0,001/0,001 secs] [Times: user=0,01 sys=0,00, real=0,00 secs] 
2016-11-09T22:24:29.997+0100: 2,848: [GC (CMS Final Remark) [YG occupancy: 14284 K (109248 K)]{Heap before GC invocations=4 (full 1):
 par new generation   total 109248K, used 14284K [0x00000000e0000000, 0x00000000e8000000, 0x00000000e8000000)
  eden space 87424K,   1% used [0x00000000e0000000, 0x00000000e00da980, 0x00000000e5560000)
  from space 21824K,  61% used [0x00000000e5560000, 0x00000000e62789e0, 0x00000000e6ab0000)
  to   space 21824K,   0% used [0x00000000e6ab0000, 0x00000000e6ab0000, 0x00000000e8000000)
 concurrent mark-sweep generation total 393216K, used 0K [0x00000000e8000000, 0x0000000100000000, 0x0000000100000000)
 Metaspace       used 22989K, capacity 23408K, committed 23544K, reserved 1071104K
  class space    used 2678K, capacity 2837K, committed 2840K, reserved 1048576K
2016-11-09T22:24:29.997+0100: 2,848: [GC (CMS Final Remark) 2016-11-09T22:24:29.997+0100: 2,848: [ParNew
Desired survivor size 20112992 bytes, new threshold 8 (max 8)
- age   1:      34880 bytes,      34880 total
- age   2:     777008 bytes,     811888 total
- age   3:     135016 bytes,     946904 total
- age   4:     564024 bytes,    1510928 total
- age   5:    6172856 bytes,    7683784 total
: 14284K->8328K(109248K), 0,0093186 secs] 14284K->8328K(502464K), 0,0093589 secs] [Times: user=0,03 sys=0,00, real=0,01 secs] 
Heap after GC invocations=5 (full 1):
 par new generation   total 109248K, used 8328K [0x00000000e0000000, 0x00000000e8000000, 0x00000000e8000000)
  eden space 87424K,   0% used [0x00000000e0000000, 0x00000000e0000000, 0x00000000e5560000)
  from space 21824K,  38% used [0x00000000e6ab0000, 0x00000000e72d23c0, 0x00000000e8000000)
  to   space 21824K,   0% used [0x00000000e5560000, 0x00000000e5560000, 0x00000000e6ab0000)
 concurrent mark-sweep generation total 393216K, used 0K [0x00000000e8000000, 0x0000000100000000, 0x0000000100000000)
 Metaspace       used 22989K, capacity 23408K, committed 23544K, reserved 1071104K
  class space    used 2678K, capacity 2837K, committed 2840K, reserved 1048576K
}
2016-11-09T22:24:30.007+0100: 2,858: [Rescan (parallel) , 0,0028737 secs]2016-11-09T22:24:30.009+0100: 2,861: [weak refs processing, 0,0027709 secs]2016-11-09T22:24:30.012+0100: 2,864: [class unloading, 0,0030440 secs]2016-11-09T22:24:30.015+0100: 2,867: [scrub symbol table, 0,0028573 secs]2016-11-09T22:24:30.018+0100: 2,869: [scrub string table, 0,0004083 secs][1 CMS-remark: 0K(393216K)] 8328K(502464K), 0,0220492 secs] [Times: user=0,06 sys=0,00, real=0,03 secs] 
2016-11-09T22:24:30.019+0100: 2,871: Total time for which application threads were stopped: 0,0221988 seconds, Stopping threads took: 0,0000633 seconds
2016-11-09T22:24:30.019+0100: 2,871: [CMS-concurrent-sweep-start]
2016-11-09T22:24:30.019+0100: 2,871: [CMS-concurrent-sweep: 0,000/0,000 secs] [Times: user=0,00 sys=0,00, real=0,00 secs] 
2016-11-09T22:24:30.019+0100: 2,871: [CMS-concurrent-reset-start]
2016-11-09T22:24:30.021+0100: 2,872: [CMS-concurrent-reset: 0,002/0,002 secs] [Times: user=0,01 sys=0,00, real=0,00 secs] 
2016-11-09T22:24:30.291+0100: 3,143: Total time for which application threads were stopped: 0,0003466 seconds, Stopping threads took: 0,0000170 seconds
2016-11-09T22:24:31.206+0100: 4,057: Total time for which application threads were stopped: 0,0003012 seconds, Stopping threads took: 0,0000155 seconds
2016-11-09T22:24:59.209+0100: 32,060: Total time for which application threads were stopped: 0,0001077 seconds, Stopping threads took: 0,0000301 seconds
2016-11-09T22:26:59.222+0100: 152,074: Total time for which application threads were stopped: 0,0001399 seconds, Stopping threads took: 0,0000562 seconds
2016-11-09T22:27:04.223+0100: 157,074: Total time for which application threads were stopped: 0,0000712 seconds, Stopping threads took: 0,0000288 seconds
2016-11-09T22:27:28.226+0100: 181,077: Total time for which application threads were stopped: 0,0000652 seconds, Stopping threads took: 0,0000173 seconds
2016-11-09T22:28:04.230+0100: 217,082: Total time for which application threads were stopped: 0,0000961 seconds, Stopping threads took: 0,0000428 seconds
2016-11-09T22:28:58.237+0100: 271,089: Total time for which application threads were stopped: 0,0000843 seconds, Stopping threads took: 0,0000359 seconds
2016-11-09T22:29:14.239+0100: 287,091: Total time for which application threads were stopped: 0,0000842 seconds, Stopping threads took: 0,0000356 seconds
2016-11-09T22:35:14.282+0100: 647,134: Total time for which application threads were stopped: 0,0000727 seconds, Stopping threads took: 0,0000303 seconds
2016-11-09T22:40:29.321+0100: 962,172: Total time for which application threads were stopped: 0,0000746 seconds, Stopping threads took: 0,0000299 seconds
2016-11-09T22:40:34.322+0100: 967,173: Total time for which application threads were stopped: 0,0000655 seconds, Stopping threads took: 0,0000170 seconds
2016-11-09T22:48:03.374+0100: 1416,225: Total time for which application threads were stopped: 0,0001673 seconds, Stopping threads took: 0,0000663 seconds
2016-11-09T22:50:38.396+0100: 1571,247: Total time for which application threads were stopped: 0,0003332 seconds, Stopping threads took: 0,0001325 seconds
2016-11-09T22:52:33.407+0100: 1686,259: Total time for which application threads were stopped: 0,0002294 seconds, Stopping threads took: 0,0001331 seconds
2016-11-09T23:02:48.467+0100: 2301,318: Total time for which application threads were stopped: 0,0001173 seconds, Stopping threads took: 0,0000504 seconds
2016-11-09T23:03:03.468+0100: 2316,319: Total time for which application threads were stopped: 0,0000652 seconds, Stopping threads took: 0,0000141 seconds
2016-11-09T23:03:04.468+0100: 2317,320: Total time for which application threads were stopped: 0,0000563 seconds, Stopping threads took: 0,0000132 seconds
2016-11-09T23:17:44.548+0100: 3197,400: Total time for which application threads were stopped: 0,0000970 seconds, Stopping threads took: 0,0000348 seconds
2016-11-09T23:30:48.622+0100: 3981,474: Total time for which application threads were stopped: 0,0000844 seconds, Stopping threads took: 0,0000300 seconds
2016-11-09T23:31:28.627+0100: 4021,478: Total time for which application threads were stopped: 0,0000731 seconds, Stopping threads took: 0,0000301 seconds
2016-11-10T00:00:53.922+0100: 5786,773: Total time for which application threads were stopped: 0,0001320 seconds, Stopping threads took: 0,0000337 seconds
Heap
 par new generation   total 109248K, used 84876K [0x00000000e0000000, 0x00000000e8000000, 0x00000000e8000000)
  eden space 87424K,  87% used [0x00000000e0000000, 0x00000000e4ac0ed8, 0x00000000e5560000)
  from space 21824K,  38% used [0x00000000e6ab0000, 0x00000000e72d23c0, 0x00000000e8000000)
  to   space 21824K,   0% used [0x00000000e5560000, 0x00000000e5560000, 0x00000000e6ab0000)
 concurrent mark-sweep generation total 393216K, used 0K [0x00000000e8000000, 0x0000000100000000, 0x0000000100000000)
 Metaspace       used 27388K, capacity 27842K, committed 27896K, reserved 1073152K
  class space    used 3177K, capacity 3330K, committed 3352K, reserved 1048576K
