OpenJDK 64-Bit Server VM (25.121-b13) for linux-amd64 JRE (1.8.0_121-8u121-b13-0ubuntu1.16.04.2-b13), built on Jan 23 2017 15:51:29 by "buildd" with gcc 5.4.0 20160609
Memory: 4k page, physical 7867800k(7512224k free), swap 8076284k(8076284k free)
CommandLine flags: -XX:CMSInitiatingOccupancyFraction=50 -XX:CMSMaxAbortablePrecleanTime=6000 -XX:+CMSParallelRemarkEnabled -XX:+CMSScavengeBeforeRemark -XX:ConcGCThreads=4 -XX:InitialHeapSize=536870912 -XX:MaxHeapSize=536870912 -XX:MaxTenuringThreshold=8 -XX:NewRatio=3 -XX:OldPLABSize=16 -XX:OnOutOfMemoryError=/opt/solr/bin/oom_solr.sh 8983 /var/solr/logs -XX:ParallelGCThreads=4 -XX:+ParallelRefProcEnabled -XX:PretenureSizeThreshold=67108864 -XX:+PrintGC -XX:+PrintGCApplicationStoppedTime -XX:+PrintGCDateStamps -XX:+PrintGCDetails -XX:+PrintGCTimeStamps -XX:+PrintHeapAtGC -XX:+PrintTenuringDistribution -XX:SurvivorRatio=4 -XX:TargetSurvivorRatio=90 -XX:ThreadStackSize=256 -XX:+UseCMSInitiatingOccupancyOnly -XX:+UseCompressedClassPointers -XX:+UseCompressedOops -XX:+UseConcMarkSweepGC -XX:+UseParNewGC 
2017-02-14T09:28:26.766+0100: 0,134: Total time for which application threads were stopped: 0,0000764 seconds, Stopping threads took: 0,0000104 seconds
2017-02-14T09:28:26.847+0100: 0,214: Total time for which application threads were stopped: 0,0001219 seconds, Stopping threads took: 0,0000259 seconds
2017-02-14T09:28:26.869+0100: 0,236: Total time for which application threads were stopped: 0,0000983 seconds, Stopping threads took: 0,0000234 seconds
2017-02-14T09:28:27.179+0100: 0,547: Total time for which application threads were stopped: 0,0032852 seconds, Stopping threads took: 0,0000436 seconds
2017-02-14T09:28:27.618+0100: 0,985: Total time for which application threads were stopped: 0,0001363 seconds, Stopping threads took: 0,0000106 seconds
2017-02-14T09:28:27.699+0100: 1,066: Total time for which application threads were stopped: 0,0006958 seconds, Stopping threads took: 0,0000829 seconds
2017-02-14T09:28:27.721+0100: 1,089: Total time for which application threads were stopped: 0,0001772 seconds, Stopping threads took: 0,0000212 seconds
2017-02-14T09:28:27.958+0100: 1,326: Total time for which application threads were stopped: 0,0001623 seconds, Stopping threads took: 0,0000191 seconds
2017-02-14T09:28:28.159+0100: 1,527: Total time for which application threads were stopped: 0,0002068 seconds, Stopping threads took: 0,0000226 seconds
2017-02-14T09:28:28.190+0100: 1,558: Total time for which application threads were stopped: 0,0036999 seconds, Stopping threads took: 0,0035323 seconds
2017-02-14T09:28:28.222+0100: 1,589: Total time for which application threads were stopped: 0,0002409 seconds, Stopping threads took: 0,0000267 seconds
2017-02-14T09:28:28.223+0100: 1,590: Total time for which application threads were stopped: 0,0002936 seconds, Stopping threads took: 0,0000109 seconds
2017-02-14T09:28:28.241+0100: 1,608: Total time for which application threads were stopped: 0,0002056 seconds, Stopping threads took: 0,0000262 seconds
2017-02-14T09:28:28.348+0100: 1,715: Total time for which application threads were stopped: 0,0002196 seconds, Stopping threads took: 0,0000192 seconds
2017-02-14T09:28:28.504+0100: 1,871: Total time for which application threads were stopped: 0,0002514 seconds, Stopping threads took: 0,0000402 seconds
{Heap before GC invocations=0 (full 0):
 par new generation   total 109248K, used 87424K [0x00000000e0000000, 0x00000000e8000000, 0x00000000e8000000)
  eden space 87424K, 100% used [0x00000000e0000000, 0x00000000e5560000, 0x00000000e5560000)
  from space 21824K,   0% used [0x00000000e5560000, 0x00000000e5560000, 0x00000000e6ab0000)
  to   space 21824K,   0% used [0x00000000e6ab0000, 0x00000000e6ab0000, 0x00000000e8000000)
 concurrent mark-sweep generation total 393216K, used 0K [0x00000000e8000000, 0x0000000100000000, 0x0000000100000000)
 Metaspace       used 17999K, capacity 18336K, committed 18688K, reserved 1064960K
  class space    used 2035K, capacity 2196K, committed 2304K, reserved 1048576K
2017-02-14T09:28:28.581+0100: 1,948: [GC (Allocation Failure) 2017-02-14T09:28:28.581+0100: 1,948: [ParNew
Desired survivor size 20112992 bytes, new threshold 8 (max 8)
- age   1:   12393568 bytes,   12393568 total
: 87424K->12223K(109248K), 0,0153133 secs] 87424K->12223K(502464K), 0,0153924 secs] [Times: user=0,03 sys=0,02, real=0,01 secs] 
Heap after GC invocations=1 (full 0):
 par new generation   total 109248K, used 12223K [0x00000000e0000000, 0x00000000e8000000, 0x00000000e8000000)
  eden space 87424K,   0% used [0x00000000e0000000, 0x00000000e0000000, 0x00000000e5560000)
  from space 21824K,  56% used [0x00000000e6ab0000, 0x00000000e769ff88, 0x00000000e8000000)
  to   space 21824K,   0% used [0x00000000e5560000, 0x00000000e5560000, 0x00000000e6ab0000)
 concurrent mark-sweep generation total 393216K, used 0K [0x00000000e8000000, 0x0000000100000000, 0x0000000100000000)
 Metaspace       used 17999K, capacity 18336K, committed 18688K, reserved 1064960K
  class space    used 2035K, capacity 2196K, committed 2304K, reserved 1048576K
}
2017-02-14T09:28:28.596+0100: 1,963: Total time for which application threads were stopped: 0,0159926 seconds, Stopping threads took: 0,0004082 seconds
2017-02-14T09:28:28.879+0100: 2,246: Total time for which application threads were stopped: 0,0003520 seconds, Stopping threads took: 0,0000398 seconds
{Heap before GC invocations=1 (full 0):
 par new generation   total 109248K, used 99647K [0x00000000e0000000, 0x00000000e8000000, 0x00000000e8000000)
  eden space 87424K, 100% used [0x00000000e0000000, 0x00000000e5560000, 0x00000000e5560000)
  from space 21824K,  56% used [0x00000000e6ab0000, 0x00000000e769ff88, 0x00000000e8000000)
  to   space 21824K,   0% used [0x00000000e5560000, 0x00000000e5560000, 0x00000000e6ab0000)
 concurrent mark-sweep generation total 393216K, used 0K [0x00000000e8000000, 0x0000000100000000, 0x0000000100000000)
 Metaspace       used 20025K, capacity 20346K, committed 20736K, reserved 1067008K
  class space    used 2291K, capacity 2463K, committed 2560K, reserved 1048576K
2017-02-14T09:28:28.932+0100: 2,300: [GC (Allocation Failure) 2017-02-14T09:28:28.933+0100: 2,300: [ParNew
Desired survivor size 20112992 bytes, new threshold 8 (max 8)
- age   1:    3868824 bytes,    3868824 total
- age   2:    6617728 bytes,   10486552 total
: 99647K->13746K(109248K), 0,0137512 secs] 99647K->13746K(502464K), 0,0138271 secs] [Times: user=0,05 sys=0,00, real=0,01 secs] 
Heap after GC invocations=2 (full 0):
 par new generation   total 109248K, used 13746K [0x00000000e0000000, 0x00000000e8000000, 0x00000000e8000000)
  eden space 87424K,   0% used [0x00000000e0000000, 0x00000000e0000000, 0x00000000e5560000)
  from space 21824K,  62% used [0x00000000e5560000, 0x00000000e62ccac0, 0x00000000e6ab0000)
  to   space 21824K,   0% used [0x00000000e6ab0000, 0x00000000e6ab0000, 0x00000000e8000000)
 concurrent mark-sweep generation total 393216K, used 0K [0x00000000e8000000, 0x0000000100000000, 0x0000000100000000)
 Metaspace       used 20025K, capacity 20346K, committed 20736K, reserved 1067008K
  class space    used 2291K, capacity 2463K, committed 2560K, reserved 1048576K
}
2017-02-14T09:28:28.946+0100: 2,314: Total time for which application threads were stopped: 0,0141849 seconds, Stopping threads took: 0,0001817 seconds
2017-02-14T09:28:28.954+0100: 2,321: Total time for which application threads were stopped: 0,0005424 seconds, Stopping threads took: 0,0000626 seconds
2017-02-14T09:28:28.996+0100: 2,364: Total time for which application threads were stopped: 0,0003604 seconds, Stopping threads took: 0,0000523 seconds
2017-02-14T09:28:29.124+0100: 2,491: Total time for which application threads were stopped: 0,0001762 seconds, Stopping threads took: 0,0000661 seconds
{Heap before GC invocations=2 (full 0):
 par new generation   total 109248K, used 101170K [0x00000000e0000000, 0x00000000e8000000, 0x00000000e8000000)
  eden space 87424K, 100% used [0x00000000e0000000, 0x00000000e5560000, 0x00000000e5560000)
  from space 21824K,  62% used [0x00000000e5560000, 0x00000000e62ccac0, 0x00000000e6ab0000)
  to   space 21824K,   0% used [0x00000000e6ab0000, 0x00000000e6ab0000, 0x00000000e8000000)
 concurrent mark-sweep generation total 393216K, used 0K [0x00000000e8000000, 0x0000000100000000, 0x0000000100000000)
 Metaspace       used 20928K, capacity 21268K, committed 21552K, reserved 1069056K
  class space    used 2415K, capacity 2582K, committed 2608K, reserved 1048576K
2017-02-14T09:28:29.141+0100: 2,508: [GC (Allocation Failure) 2017-02-14T09:28:29.141+0100: 2,508: [ParNew
Desired survivor size 20112992 bytes, new threshold 8 (max 8)
- age   1:    2062088 bytes,    2062088 total
- age   2:     886480 bytes,    2948568 total
- age   3:    6613912 bytes,    9562480 total
: 101170K->11607K(109248K), 0,0098368 secs] 101170K->11607K(502464K), 0,0099215 secs] [Times: user=0,03 sys=0,00, real=0,01 secs] 
Heap after GC invocations=3 (full 0):
 par new generation   total 109248K, used 11607K [0x00000000e0000000, 0x00000000e8000000, 0x00000000e8000000)
  eden space 87424K,   0% used [0x00000000e0000000, 0x00000000e0000000, 0x00000000e5560000)
  from space 21824K,  53% used [0x00000000e6ab0000, 0x00000000e7605f80, 0x00000000e8000000)
  to   space 21824K,   0% used [0x00000000e5560000, 0x00000000e5560000, 0x00000000e6ab0000)
 concurrent mark-sweep generation total 393216K, used 0K [0x00000000e8000000, 0x0000000100000000, 0x0000000100000000)
 Metaspace       used 20928K, capacity 21268K, committed 21552K, reserved 1069056K
  class space    used 2415K, capacity 2582K, committed 2608K, reserved 1048576K
}
2017-02-14T09:28:29.151+0100: 2,518: Total time for which application threads were stopped: 0,0107242 seconds, Stopping threads took: 0,0006560 seconds
2017-02-14T09:28:29.151+0100: 2,518: [GC (CMS Initial Mark) [1 CMS-initial-mark: 0K(393216K)] 12374K(502464K), 0,0033201 secs] [Times: user=0,02 sys=0,00, real=0,00 secs] 
2017-02-14T09:28:29.154+0100: 2,522: Total time for which application threads were stopped: 0,0034437 seconds, Stopping threads took: 0,0000472 seconds
2017-02-14T09:28:29.154+0100: 2,522: [CMS-concurrent-mark-start]
2017-02-14T09:28:29.155+0100: 2,522: [CMS-concurrent-mark: 0,001/0,001 secs] [Times: user=0,00 sys=0,00, real=0,00 secs] 
2017-02-14T09:28:29.155+0100: 2,522: [CMS-concurrent-preclean-start]
2017-02-14T09:28:29.156+0100: 2,523: [CMS-concurrent-preclean: 0,001/0,001 secs] [Times: user=0,00 sys=0,00, real=0,00 secs] 
2017-02-14T09:28:29.156+0100: 2,523: [CMS-concurrent-abortable-preclean-start]
{Heap before GC invocations=3 (full 1):
 par new generation   total 109248K, used 99031K [0x00000000e0000000, 0x00000000e8000000, 0x00000000e8000000)
  eden space 87424K, 100% used [0x00000000e0000000, 0x00000000e5560000, 0x00000000e5560000)
  from space 21824K,  53% used [0x00000000e6ab0000, 0x00000000e7605f80, 0x00000000e8000000)
  to   space 21824K,   0% used [0x00000000e5560000, 0x00000000e5560000, 0x00000000e6ab0000)
 concurrent mark-sweep generation total 393216K, used 0K [0x00000000e8000000, 0x0000000100000000, 0x0000000100000000)
 Metaspace       used 21218K, capacity 21538K, committed 21628K, reserved 1069056K
  class space    used 2446K, capacity 2596K, committed 2608K, reserved 1048576K
2017-02-14T09:28:29.258+0100: 2,626: [GC (Allocation Failure) 2017-02-14T09:28:29.258+0100: 2,626: [ParNew
Desired survivor size 20112992 bytes, new threshold 8 (max 8)
- age   1:     963920 bytes,     963920 total
- age   2:    1443384 bytes,    2407304 total
- age   3:     855088 bytes,    3262392 total
- age   4:    6613896 bytes,    9876288 total
: 99031K->12681K(109248K), 0,0123312 secs] 99031K->12681K(502464K), 0,0123954 secs] [Times: user=0,04 sys=0,01, real=0,01 secs] 
Heap after GC invocations=4 (full 1):
 par new generation   total 109248K, used 12681K [0x00000000e0000000, 0x00000000e8000000, 0x00000000e8000000)
  eden space 87424K,   0% used [0x00000000e0000000, 0x00000000e0000000, 0x00000000e5560000)
  from space 21824K,  58% used [0x00000000e5560000, 0x00000000e61c2760, 0x00000000e6ab0000)
  to   space 21824K,   0% used [0x00000000e6ab0000, 0x00000000e6ab0000, 0x00000000e8000000)
 concurrent mark-sweep generation total 393216K, used 0K [0x00000000e8000000, 0x0000000100000000, 0x0000000100000000)
 Metaspace       used 21218K, capacity 21538K, committed 21628K, reserved 1069056K
  class space    used 2446K, capacity 2596K, committed 2608K, reserved 1048576K
}
2017-02-14T09:28:29.271+0100: 2,638: Total time for which application threads were stopped: 0,0165712 seconds, Stopping threads took: 0,0040396 seconds
2017-02-14T09:28:29.292+0100: 2,659: Total time for which application threads were stopped: 0,0001604 seconds, Stopping threads took: 0,0000765 seconds
2017-02-14T09:28:29.292+0100: 2,659: [CMS-concurrent-abortable-preclean: 0,099/0,136 secs] [Times: user=0,51 sys=0,01, real=0,14 secs] 
2017-02-14T09:28:29.292+0100: 2,660: [GC (CMS Final Remark) [YG occupancy: 33992 K (109248 K)]{Heap before GC invocations=4 (full 1):
 par new generation   total 109248K, used 33992K [0x00000000e0000000, 0x00000000e8000000, 0x00000000e8000000)
  eden space 87424K,  24% used [0x00000000e0000000, 0x00000000e14cfc98, 0x00000000e5560000)
  from space 21824K,  58% used [0x00000000e5560000, 0x00000000e61c2760, 0x00000000e6ab0000)
  to   space 21824K,   0% used [0x00000000e6ab0000, 0x00000000e6ab0000, 0x00000000e8000000)
 concurrent mark-sweep generation total 393216K, used 0K [0x00000000e8000000, 0x0000000100000000, 0x0000000100000000)
 Metaspace       used 21237K, capacity 21634K, committed 21756K, reserved 1069056K
  class space    used 2448K, capacity 2628K, committed 2736K, reserved 1048576K
2017-02-14T09:28:29.292+0100: 2,660: [GC (CMS Final Remark) 2017-02-14T09:28:29.292+0100: 2,660: [ParNew
Desired survivor size 20112992 bytes, new threshold 8 (max 8)
- age   1:     670272 bytes,     670272 total
- age   2:     180848 bytes,     851120 total
- age   3:    1443384 bytes,    2294504 total
- age   4:     855072 bytes,    3149576 total
- age   5:    6613744 bytes,    9763320 total
: 33992K->11460K(109248K), 0,0105863 secs] 33992K->11460K(502464K), 0,0106287 secs] [Times: user=0,04 sys=0,00, real=0,01 secs] 
Heap after GC invocations=5 (full 1):
 par new generation   total 109248K, used 11460K [0x00000000e0000000, 0x00000000e8000000, 0x00000000e8000000)
  eden space 87424K,   0% used [0x00000000e0000000, 0x00000000e0000000, 0x00000000e5560000)
  from space 21824K,  52% used [0x00000000e6ab0000, 0x00000000e75e1300, 0x00000000e8000000)
  to   space 21824K,   0% used [0x00000000e5560000, 0x00000000e5560000, 0x00000000e6ab0000)
 concurrent mark-sweep generation total 393216K, used 0K [0x00000000e8000000, 0x0000000100000000, 0x0000000100000000)
 Metaspace       used 21237K, capacity 21634K, committed 21756K, reserved 1069056K
  class space    used 2448K, capacity 2628K, committed 2736K, reserved 1048576K
}
2017-02-14T09:28:29.303+0100: 2,670: [Rescan (parallel) , 0,0055491 secs]2017-02-14T09:28:29.308+0100: 2,676: [weak refs processing, 0,0020123 secs]2017-02-14T09:28:29.310+0100: 2,678: [class unloading, 0,0031453 secs]2017-02-14T09:28:29.314+0100: 2,681: [scrub symbol table, 0,0025665 secs]2017-02-14T09:28:29.316+0100: 2,684: [scrub string table, 0,0003566 secs][1 CMS-remark: 0K(393216K)] 11460K(502464K), 0,0249492 secs] [Times: user=0,06 sys=0,00, real=0,02 secs] 
2017-02-14T09:28:29.317+0100: 2,685: Total time for which application threads were stopped: 0,0250590 seconds, Stopping threads took: 0,0000450 seconds
2017-02-14T09:28:29.317+0100: 2,685: [CMS-concurrent-sweep-start]
2017-02-14T09:28:29.317+0100: 2,685: [CMS-concurrent-sweep: 0,000/0,000 secs] [Times: user=0,00 sys=0,00, real=0,00 secs] 
2017-02-14T09:28:29.317+0100: 2,685: [CMS-concurrent-reset-start]
2017-02-14T09:28:29.319+0100: 2,686: [CMS-concurrent-reset: 0,002/0,002 secs] [Times: user=0,01 sys=0,00, real=0,01 secs] 
2017-02-14T09:28:29.425+0100: 2,792: Total time for which application threads were stopped: 0,0004204 seconds, Stopping threads took: 0,0000347 seconds
{Heap before GC invocations=5 (full 1):
 par new generation   total 109248K, used 98884K [0x00000000e0000000, 0x00000000e8000000, 0x00000000e8000000)
  eden space 87424K, 100% used [0x00000000e0000000, 0x00000000e5560000, 0x00000000e5560000)
  from space 21824K,  52% used [0x00000000e6ab0000, 0x00000000e75e1300, 0x00000000e8000000)
  to   space 21824K,   0% used [0x00000000e5560000, 0x00000000e5560000, 0x00000000e6ab0000)
 concurrent mark-sweep generation total 393216K, used 0K [0x00000000e8000000, 0x0000000100000000, 0x0000000100000000)
 Metaspace       used 22187K, capacity 22576K, committed 22780K, reserved 1069056K
  class space    used 2576K, capacity 2727K, committed 2736K, reserved 1048576K
2017-02-14T09:28:29.510+0100: 2,878: [GC (Allocation Failure) 2017-02-14T09:28:29.510+0100: 2,878: [ParNew
Desired survivor size 20112992 bytes, new threshold 8 (max 8)
- age   1:    1341864 bytes,    1341864 total
- age   2:      26960 bytes,    1368824 total
- age   3:     179440 bytes,    1548264 total
- age   4:     276680 bytes,    1824944 total
- age   5:     851120 bytes,    2676064 total
- age   6:    6613696 bytes,    9289760 total
: 98884K->15020K(109248K), 0,0119059 secs] 98884K->15020K(502464K), 0,0119849 secs] [Times: user=0,03 sys=0,00, real=0,01 secs] 
Heap after GC invocations=6 (full 1):
 par new generation   total 109248K, used 15020K [0x00000000e0000000, 0x00000000e8000000, 0x00000000e8000000)
  eden space 87424K,   0% used [0x00000000e0000000, 0x00000000e0000000, 0x00000000e5560000)
  from space 21824K,  68% used [0x00000000e5560000, 0x00000000e640b3d8, 0x00000000e6ab0000)
  to   space 21824K,   0% used [0x00000000e6ab0000, 0x00000000e6ab0000, 0x00000000e8000000)
 concurrent mark-sweep generation total 393216K, used 0K [0x00000000e8000000, 0x0000000100000000, 0x0000000100000000)
 Metaspace       used 22187K, capacity 22576K, committed 22780K, reserved 1069056K
  class space    used 2576K, capacity 2727K, committed 2736K, reserved 1048576K
}
2017-02-14T09:28:29.522+0100: 2,890: Total time for which application threads were stopped: 0,0150530 seconds, Stopping threads took: 0,0028993 seconds
2017-02-14T09:28:29.637+0100: 3,004: Total time for which application threads were stopped: 0,0004622 seconds, Stopping threads took: 0,0000251 seconds
2017-02-14T09:28:29.650+0100: 3,018: Total time for which application threads were stopped: 0,0004066 seconds, Stopping threads took: 0,0000726 seconds
2017-02-14T09:28:29.970+0100: 3,338: Total time for which application threads were stopped: 0,0005753 seconds, Stopping threads took: 0,0000520 seconds
{Heap before GC invocations=6 (full 1):
 par new generation   total 109248K, used 102444K [0x00000000e0000000, 0x00000000e8000000, 0x00000000e8000000)
  eden space 87424K, 100% used [0x00000000e0000000, 0x00000000e5560000, 0x00000000e5560000)
  from space 21824K,  68% used [0x00000000e5560000, 0x00000000e640b3d8, 0x00000000e6ab0000)
  to   space 21824K,   0% used [0x00000000e6ab0000, 0x00000000e6ab0000, 0x00000000e8000000)
 concurrent mark-sweep generation total 393216K, used 0K [0x00000000e8000000, 0x0000000100000000, 0x0000000100000000)
 Metaspace       used 25994K, capacity 26556K, committed 26800K, reserved 1073152K
  class space    used 2995K, capacity 3183K, committed 3248K, reserved 1048576K
2017-02-14T09:28:30.064+0100: 3,432: [GC (Allocation Failure) 2017-02-14T09:28:30.064+0100: 3,432: [ParNew
Desired survivor size 20112992 bytes, new threshold 8 (max 8)
- age   1:   11633224 bytes,   11633224 total
- age   2:     503928 bytes,   12137152 total
- age   3:      26960 bytes,   12164112 total
- age   4:     176304 bytes,   12340416 total
- age   5:     270608 bytes,   12611024 total
- age   6:     831032 bytes,   13442056 total
- age   7:    6607008 bytes,   20049064 total
: 102444K->21824K(109248K), 0,0174790 secs] 102444K->21824K(502464K), 0,0175541 secs] [Times: user=0,06 sys=0,00, real=0,02 secs] 
Heap after GC invocations=7 (full 1):
 par new generation   total 109248K, used 21824K [0x00000000e0000000, 0x00000000e8000000, 0x00000000e8000000)
  eden space 87424K,   0% used [0x00000000e0000000, 0x00000000e0000000, 0x00000000e5560000)
  from space 21824K, 100% used [0x00000000e6ab0000, 0x00000000e8000000, 0x00000000e8000000)
  to   space 21824K,   0% used [0x00000000e5560000, 0x00000000e5560000, 0x00000000e6ab0000)
 concurrent mark-sweep generation total 393216K, used 0K [0x00000000e8000000, 0x0000000100000000, 0x0000000100000000)
 Metaspace       used 25994K, capacity 26556K, committed 26800K, reserved 1073152K
  class space    used 2995K, capacity 3183K, committed 3248K, reserved 1048576K
}
2017-02-14T09:28:30.082+0100: 3,449: Total time for which application threads were stopped: 0,0214308 seconds, Stopping threads took: 0,0036919 seconds
2017-02-14T09:28:30.115+0100: 3,482: Total time for which application threads were stopped: 0,0004950 seconds, Stopping threads took: 0,0000505 seconds
2017-02-14T09:28:30.181+0100: 3,548: Total time for which application threads were stopped: 0,0004642 seconds, Stopping threads took: 0,0000357 seconds
2017-02-14T09:28:30.683+0100: 4,051: Total time for which application threads were stopped: 0,0004730 seconds, Stopping threads took: 0,0000350 seconds
2017-02-14T09:28:58.687+0100: 32,054: Total time for which application threads were stopped: 0,0000838 seconds, Stopping threads took: 0,0000188 seconds
2017-02-14T09:30:33.702+0100: 127,069: Total time for which application threads were stopped: 0,0000827 seconds, Stopping threads took: 0,0000306 seconds
2017-02-14T09:30:43.703+0100: 137,071: Total time for which application threads were stopped: 0,0001322 seconds, Stopping threads took: 0,0000298 seconds
2017-02-14T09:51:57.885+0100: 1411,252: Total time for which application threads were stopped: 0,0000948 seconds, Stopping threads took: 0,0000340 seconds
2017-02-14T09:57:17.931+0100: 1731,298: Total time for which application threads were stopped: 0,0001246 seconds, Stopping threads took: 0,0000543 seconds
2017-02-14T10:06:54.029+0100: 2307,397: Total time for which application threads were stopped: 0,0001674 seconds, Stopping threads took: 0,0000567 seconds
2017-02-14T10:06:58.030+0100: 2311,398: Total time for which application threads were stopped: 0,0001594 seconds, Stopping threads took: 0,0000326 seconds
2017-02-14T10:21:44.167+0100: 3197,534: Total time for which application threads were stopped: 0,0001033 seconds, Stopping threads took: 0,0000401 seconds
2017-02-14T10:36:10.154+0100: 3821,492: Total time for which application threads were stopped: 0,0000839 seconds, Stopping threads took: 0,0000299 seconds
2017-02-14T10:37:55.167+0100: 3926,505: Total time for which application threads were stopped: 0,0000807 seconds, Stopping threads took: 0,0000280 seconds
2017-02-14T10:38:00.168+0100: 3931,506: Total time for which application threads were stopped: 0,0000928 seconds, Stopping threads took: 0,0000312 seconds
2017-02-14T10:40:00.182+0100: 4051,521: Total time for which application threads were stopped: 0,0000961 seconds, Stopping threads took: 0,0000330 seconds
2017-02-14T11:03:00.354+0100: 5431,692: Total time for which application threads were stopped: 0,0000841 seconds, Stopping threads took: 0,0000283 seconds
2017-02-14T11:05:31.375+0100: 5582,713: Total time for which application threads were stopped: 0,0001040 seconds, Stopping threads took: 0,0000520 seconds
2017-02-14T11:05:36.376+0100: 5587,714: Total time for which application threads were stopped: 0,0000770 seconds, Stopping threads took: 0,0000167 seconds
2017-02-14T11:17:01.462+0100: 6272,800: Total time for which application threads were stopped: 0,0000819 seconds, Stopping threads took: 0,0000283 seconds
2017-02-14T11:24:31.517+0100: 6722,856: Total time for which application threads were stopped: 0,0001761 seconds, Stopping threads took: 0,0000573 seconds
2017-02-14T11:28:00.545+0100: 6931,883: Total time for which application threads were stopped: 0,0001515 seconds, Stopping threads took: 0,0000493 seconds
2017-02-14T11:34:00.589+0100: 7291,927: Total time for which application threads were stopped: 0,0001710 seconds, Stopping threads took: 0,0000538 seconds
2017-02-14T11:40:30.643+0100: 7681,982: Total time for which application threads were stopped: 0,0001351 seconds, Stopping threads took: 0,0000469 seconds
2017-02-14T11:57:34.109+0100: 8705,447: Total time for which application threads were stopped: 0,0001166 seconds, Stopping threads took: 0,0000313 seconds
2017-02-14T11:57:34.114+0100: 8705,452: Total time for which application threads were stopped: 0,0000819 seconds, Stopping threads took: 0,0000135 seconds
2017-02-14T11:57:34.115+0100: 8705,453: Total time for which application threads were stopped: 0,0001006 seconds, Stopping threads took: 0,0000173 seconds
2017-02-14T11:57:34.115+0100: 8705,453: Total time for which application threads were stopped: 0,0000917 seconds, Stopping threads took: 0,0000212 seconds
2017-02-14T11:57:34.119+0100: 8705,457: Total time for which application threads were stopped: 0,0001283 seconds, Stopping threads took: 0,0000353 seconds
2017-02-14T11:57:34.126+0100: 8705,464: Total time for which application threads were stopped: 0,0001454 seconds, Stopping threads took: 0,0000494 seconds
2017-02-14T11:57:34.133+0100: 8705,471: Total time for which application threads were stopped: 0,0005817 seconds, Stopping threads took: 0,0001301 seconds
2017-02-14T11:57:34.138+0100: 8705,476: Total time for which application threads were stopped: 0,0001626 seconds, Stopping threads took: 0,0000407 seconds
2017-02-14T11:57:34.144+0100: 8705,482: Total time for which application threads were stopped: 0,0001096 seconds, Stopping threads took: 0,0000296 seconds
2017-02-14T11:57:34.155+0100: 8705,494: Total time for which application threads were stopped: 0,0002403 seconds, Stopping threads took: 0,0001285 seconds
2017-02-14T11:57:34.157+0100: 8705,495: Total time for which application threads were stopped: 0,0000878 seconds, Stopping threads took: 0,0000199 seconds
2017-02-14T11:57:34.158+0100: 8705,496: Total time for which application threads were stopped: 0,0000988 seconds, Stopping threads took: 0,0000192 seconds
2017-02-14T11:57:34.159+0100: 8705,497: Total time for which application threads were stopped: 0,0002161 seconds, Stopping threads took: 0,0000616 seconds
2017-02-14T11:57:34.160+0100: 8705,498: Total time for which application threads were stopped: 0,0001387 seconds, Stopping threads took: 0,0000588 seconds
2017-02-14T11:57:34.167+0100: 8705,505: Total time for which application threads were stopped: 0,0002243 seconds, Stopping threads took: 0,0001354 seconds
2017-02-14T11:57:34.170+0100: 8705,508: Total time for which application threads were stopped: 0,0002387 seconds, Stopping threads took: 0,0000746 seconds
2017-02-14T11:57:34.177+0100: 8705,515: Total time for which application threads were stopped: 0,0000807 seconds, Stopping threads took: 0,0000255 seconds
2017-02-14T11:57:34.177+0100: 8705,515: Total time for which application threads were stopped: 0,0000572 seconds, Stopping threads took: 0,0000143 seconds
2017-02-14T11:57:34.187+0100: 8705,526: Total time for which application threads were stopped: 0,0001017 seconds, Stopping threads took: 0,0000278 seconds
2017-02-14T11:57:34.215+0100: 8705,553: Total time for which application threads were stopped: 0,0001305 seconds, Stopping threads took: 0,0000336 seconds
2017-02-14T11:57:34.250+0100: 8705,588: Total time for which application threads were stopped: 0,0002352 seconds, Stopping threads took: 0,0000189 seconds
2017-02-14T11:57:34.251+0100: 8705,589: Total time for which application threads were stopped: 0,0001063 seconds, Stopping threads took: 0,0000198 seconds
2017-02-14T11:57:34.251+0100: 8705,590: Total time for which application threads were stopped: 0,0001148 seconds, Stopping threads took: 0,0000185 seconds
2017-02-14T11:57:34.252+0100: 8705,590: Total time for which application threads were stopped: 0,0000994 seconds, Stopping threads took: 0,0000155 seconds
2017-02-14T11:57:34.253+0100: 8705,591: Total time for which application threads were stopped: 0,0000867 seconds, Stopping threads took: 0,0000223 seconds
2017-02-14T11:57:34.257+0100: 8705,596: Total time for which application threads were stopped: 0,0001427 seconds, Stopping threads took: 0,0000520 seconds
2017-02-14T11:57:34.259+0100: 8705,598: Total time for which application threads were stopped: 0,0014296 seconds, Stopping threads took: 0,0012737 seconds
2017-02-14T11:57:34.260+0100: 8705,599: Total time for which application threads were stopped: 0,0003257 seconds, Stopping threads took: 0,0001836 seconds
2017-02-14T11:57:34.262+0100: 8705,601: Total time for which application threads were stopped: 0,0001989 seconds, Stopping threads took: 0,0000661 seconds
2017-02-14T11:57:34.271+0100: 8705,610: Total time for which application threads were stopped: 0,0076326 seconds, Stopping threads took: 0,0074774 seconds
2017-02-14T11:57:34.276+0100: 8705,615: Total time for which application threads were stopped: 0,0001564 seconds, Stopping threads took: 0,0000350 seconds
2017-02-14T11:57:34.277+0100: 8705,615: Total time for which application threads were stopped: 0,0001195 seconds, Stopping threads took: 0,0000154 seconds
2017-02-14T11:57:34.277+0100: 8705,615: Total time for which application threads were stopped: 0,0001075 seconds, Stopping threads took: 0,0000100 seconds
2017-02-14T11:57:34.287+0100: 8705,625: Total time for which application threads were stopped: 0,0002391 seconds, Stopping threads took: 0,0001224 seconds
2017-02-14T11:57:34.287+0100: 8705,626: Total time for which application threads were stopped: 0,0000866 seconds, Stopping threads took: 0,0000265 seconds
2017-02-14T11:57:34.293+0100: 8705,631: Total time for which application threads were stopped: 0,0001329 seconds, Stopping threads took: 0,0000241 seconds
2017-02-14T11:57:34.295+0100: 8705,633: Total time for which application threads were stopped: 0,0001557 seconds, Stopping threads took: 0,0000466 seconds
2017-02-14T11:57:34.296+0100: 8705,634: Total time for which application threads were stopped: 0,0002351 seconds, Stopping threads took: 0,0000224 seconds
2017-02-14T11:57:34.299+0100: 8705,637: Total time for which application threads were stopped: 0,0001272 seconds, Stopping threads took: 0,0000145 seconds
2017-02-14T11:57:34.299+0100: 8705,637: Total time for which application threads were stopped: 0,0001288 seconds, Stopping threads took: 0,0000319 seconds
2017-02-14T11:57:34.324+0100: 8705,662: Total time for which application threads were stopped: 0,0011284 seconds, Stopping threads took: 0,0009923 seconds
2017-02-14T11:57:34.325+0100: 8705,663: Total time for which application threads were stopped: 0,0001037 seconds, Stopping threads took: 0,0000251 seconds
2017-02-14T11:57:34.336+0100: 8705,674: Total time for which application threads were stopped: 0,0001154 seconds, Stopping threads took: 0,0000269 seconds
2017-02-14T11:57:34.337+0100: 8705,675: Total time for which application threads were stopped: 0,0001099 seconds, Stopping threads took: 0,0000261 seconds
2017-02-14T11:57:34.341+0100: 8705,680: Total time for which application threads were stopped: 0,0001484 seconds, Stopping threads took: 0,0000458 seconds
2017-02-14T11:57:34.342+0100: 8705,680: Total time for which application threads were stopped: 0,0000597 seconds, Stopping threads took: 0,0000115 seconds
2017-02-14T11:57:34.348+0100: 8705,686: Total time for which application threads were stopped: 0,0047596 seconds, Stopping threads took: 0,0044790 seconds
2017-02-14T11:57:34.351+0100: 8705,689: Total time for which application threads were stopped: 0,0021439 seconds, Stopping threads took: 0,0019958 seconds
2017-02-14T11:57:34.352+0100: 8705,690: Total time for which application threads were stopped: 0,0002748 seconds, Stopping threads took: 0,0001554 seconds
2017-02-14T11:57:34.377+0100: 8705,715: Total time for which application threads were stopped: 0,0001487 seconds, Stopping threads took: 0,0000287 seconds
2017-02-14T11:57:34.426+0100: 8705,764: Total time for which application threads were stopped: 0,0001412 seconds, Stopping threads took: 0,0000233 seconds
2017-02-14T11:57:34.426+0100: 8705,764: Total time for which application threads were stopped: 0,0000639 seconds, Stopping threads took: 0,0000095 seconds
2017-02-14T11:57:34.426+0100: 8705,764: Total time for which application threads were stopped: 0,0000434 seconds, Stopping threads took: 0,0000063 seconds
2017-02-14T11:57:34.426+0100: 8705,764: Total time for which application threads were stopped: 0,0000387 seconds, Stopping threads took: 0,0000052 seconds
2017-02-14T11:57:34.426+0100: 8705,764: Total time for which application threads were stopped: 0,0000402 seconds, Stopping threads took: 0,0000059 seconds
2017-02-14T11:57:34.426+0100: 8705,764: Total time for which application threads were stopped: 0,0000493 seconds, Stopping threads took: 0,0000127 seconds
2017-02-14T11:57:34.432+0100: 8705,770: Total time for which application threads were stopped: 0,0001326 seconds, Stopping threads took: 0,0000257 seconds
2017-02-14T11:57:34.433+0100: 8705,771: Total time for which application threads were stopped: 0,0001235 seconds, Stopping threads took: 0,0000224 seconds
2017-02-14T11:57:34.433+0100: 8705,771: Total time for which application threads were stopped: 0,0000744 seconds, Stopping threads took: 0,0000113 seconds
2017-02-14T11:57:34.433+0100: 8705,771: Total time for which application threads were stopped: 0,0000644 seconds, Stopping threads took: 0,0000120 seconds
2017-02-14T11:57:34.433+0100: 8705,771: Total time for which application threads were stopped: 0,0000775 seconds, Stopping threads took: 0,0000067 seconds
2017-02-14T11:57:34.434+0100: 8705,773: Total time for which application threads were stopped: 0,0004086 seconds, Stopping threads took: 0,0001345 seconds
2017-02-14T11:57:34.435+0100: 8705,773: Total time for which application threads were stopped: 0,0000798 seconds, Stopping threads took: 0,0000146 seconds
2017-02-14T11:57:34.435+0100: 8705,773: Total time for which application threads were stopped: 0,0000687 seconds, Stopping threads took: 0,0000089 seconds
2017-02-14T11:57:34.435+0100: 8705,773: Total time for which application threads were stopped: 0,0000648 seconds, Stopping threads took: 0,0000079 seconds
2017-02-14T11:57:34.435+0100: 8705,773: Total time for which application threads were stopped: 0,0000584 seconds, Stopping threads took: 0,0000081 seconds
2017-02-14T11:57:34.436+0100: 8705,774: Total time for which application threads were stopped: 0,0002989 seconds, Stopping threads took: 0,0000546 seconds
2017-02-14T11:57:35.127+0100: 8706,465: Total time for which application threads were stopped: 0,0006218 seconds, Stopping threads took: 0,0002168 seconds
2017-02-14T11:57:35.127+0100: 8706,466: Total time for which application threads were stopped: 0,0004931 seconds, Stopping threads took: 0,0000360 seconds
2017-02-14T11:57:35.130+0100: 8706,468: Total time for which application threads were stopped: 0,0001605 seconds, Stopping threads took: 0,0000411 seconds
2017-02-14T11:57:35.130+0100: 8706,468: Total time for which application threads were stopped: 0,0000961 seconds, Stopping threads took: 0,0000214 seconds
2017-02-14T11:57:35.133+0100: 8706,471: Total time for which application threads were stopped: 0,0002571 seconds, Stopping threads took: 0,0001377 seconds
2017-02-14T11:57:35.134+0100: 8706,472: Total time for which application threads were stopped: 0,0001362 seconds, Stopping threads took: 0,0000280 seconds
2017-02-14T11:57:35.135+0100: 8706,473: Total time for which application threads were stopped: 0,0011518 seconds, Stopping threads took: 0,0010167 seconds
2017-02-14T11:57:35.161+0100: 8706,500: Total time for which application threads were stopped: 0,0001340 seconds, Stopping threads took: 0,0000283 seconds
2017-02-14T11:57:35.162+0100: 8706,500: Total time for which application threads were stopped: 0,0001148 seconds, Stopping threads took: 0,0000212 seconds
2017-02-14T11:57:35.162+0100: 8706,500: Total time for which application threads were stopped: 0,0000617 seconds, Stopping threads took: 0,0000069 seconds
2017-02-14T11:57:35.162+0100: 8706,500: Total time for which application threads were stopped: 0,0000789 seconds, Stopping threads took: 0,0000094 seconds
2017-02-14T11:57:35.162+0100: 8706,501: Total time for which application threads were stopped: 0,0000552 seconds, Stopping threads took: 0,0000097 seconds
2017-02-14T11:57:35.166+0100: 8706,505: Total time for which application threads were stopped: 0,0005152 seconds, Stopping threads took: 0,0004197 seconds
2017-02-14T11:57:35.167+0100: 8706,506: Total time for which application threads were stopped: 0,0001201 seconds, Stopping threads took: 0,0000214 seconds
2017-02-14T11:57:35.168+0100: 8706,506: Total time for which application threads were stopped: 0,0000691 seconds, Stopping threads took: 0,0000110 seconds
2017-02-14T11:57:35.168+0100: 8706,506: Total time for which application threads were stopped: 0,0000562 seconds, Stopping threads took: 0,0000093 seconds
2017-02-14T11:57:35.168+0100: 8706,506: Total time for which application threads were stopped: 0,0000543 seconds, Stopping threads took: 0,0000062 seconds
2017-02-14T11:57:35.168+0100: 8706,506: Total time for which application threads were stopped: 0,0000527 seconds, Stopping threads took: 0,0000065 seconds
2017-02-14T11:57:35.168+0100: 8706,507: Total time for which application threads were stopped: 0,0001336 seconds, Stopping threads took: 0,0000291 seconds
2017-02-14T11:57:35.170+0100: 8706,508: Total time for which application threads were stopped: 0,0001431 seconds, Stopping threads took: 0,0000412 seconds
2017-02-14T11:57:35.171+0100: 8706,509: Total time for which application threads were stopped: 0,0001477 seconds, Stopping threads took: 0,0000213 seconds
2017-02-14T11:57:35.171+0100: 8706,510: Total time for which application threads were stopped: 0,0000583 seconds, Stopping threads took: 0,0000070 seconds
2017-02-14T11:57:35.173+0100: 8706,511: Total time for which application threads were stopped: 0,0001426 seconds, Stopping threads took: 0,0000291 seconds
2017-02-14T11:57:35.174+0100: 8706,512: Total time for which application threads were stopped: 0,0007778 seconds, Stopping threads took: 0,0006742 seconds
2017-02-14T11:57:35.184+0100: 8706,522: Total time for which application threads were stopped: 0,0003088 seconds, Stopping threads took: 0,0002163 seconds
2017-02-14T11:57:35.184+0100: 8706,523: Total time for which application threads were stopped: 0,0000703 seconds, Stopping threads took: 0,0000109 seconds
2017-02-14T11:57:37.700+0100: 8709,038: Total time for which application threads were stopped: 0,0028688 seconds, Stopping threads took: 0,0027219 seconds
2017-02-14T11:57:37.701+0100: 8709,039: Total time for which application threads were stopped: 0,0001729 seconds, Stopping threads took: 0,0000560 seconds
2017-02-14T11:57:37.701+0100: 8709,040: Total time for which application threads were stopped: 0,0001334 seconds, Stopping threads took: 0,0000397 seconds
2017-02-14T11:57:37.702+0100: 8709,041: Total time for which application threads were stopped: 0,0001492 seconds, Stopping threads took: 0,0000441 seconds
2017-02-14T11:57:37.805+0100: 8709,144: Total time for which application threads were stopped: 0,0001378 seconds, Stopping threads took: 0,0000202 seconds
2017-02-14T11:57:37.806+0100: 8709,144: Total time for which application threads were stopped: 0,0000651 seconds, Stopping threads took: 0,0000087 seconds
2017-02-14T11:57:37.808+0100: 8709,146: Total time for which application threads were stopped: 0,0001422 seconds, Stopping threads took: 0,0000285 seconds
2017-02-14T11:57:37.808+0100: 8709,146: Total time for which application threads were stopped: 0,0000653 seconds, Stopping threads took: 0,0000070 seconds
2017-02-14T11:57:38.808+0100: 8710,147: Total time for which application threads were stopped: 0,0000747 seconds, Stopping threads took: 0,0000162 seconds
2017-02-14T11:57:43.381+0100: 8714,719: Total time for which application threads were stopped: 0,0004705 seconds, Stopping threads took: 0,0003920 seconds
2017-02-14T11:57:43.381+0100: 8714,719: Total time for which application threads were stopped: 0,0000481 seconds, Stopping threads took: 0,0000112 seconds
2017-02-14T11:57:43.383+0100: 8714,721: Total time for which application threads were stopped: 0,0001348 seconds, Stopping threads took: 0,0000426 seconds
2017-02-14T11:57:43.383+0100: 8714,721: Total time for which application threads were stopped: 0,0000942 seconds, Stopping threads took: 0,0000164 seconds
2017-02-14T11:57:43.391+0100: 8714,729: Total time for which application threads were stopped: 0,0001214 seconds, Stopping threads took: 0,0000371 seconds
2017-02-14T11:57:43.391+0100: 8714,729: Total time for which application threads were stopped: 0,0000501 seconds, Stopping threads took: 0,0000135 seconds
2017-02-14T11:57:43.397+0100: 8714,735: Total time for which application threads were stopped: 0,0004844 seconds, Stopping threads took: 0,0003681 seconds
2017-02-14T11:57:43.397+0100: 8714,735: Total time for which application threads were stopped: 0,0004134 seconds, Stopping threads took: 0,0003435 seconds
2017-02-14T11:57:44.398+0100: 8715,736: Total time for which application threads were stopped: 0,0007314 seconds, Stopping threads took: 0,0001348 seconds
2017-02-14T11:57:47.329+0100: 8718,667: Total time for which application threads were stopped: 0,0001434 seconds, Stopping threads took: 0,0000425 seconds
2017-02-14T11:57:47.329+0100: 8718,667: Total time for which application threads were stopped: 0,0000590 seconds, Stopping threads took: 0,0000174 seconds
2017-02-14T11:57:47.331+0100: 8718,669: Total time for which application threads were stopped: 0,0001228 seconds, Stopping threads took: 0,0000372 seconds
2017-02-14T11:57:47.331+0100: 8718,669: Total time for which application threads were stopped: 0,0000978 seconds, Stopping threads took: 0,0000299 seconds
2017-02-14T11:57:49.331+0100: 8720,669: Total time for which application threads were stopped: 0,0000797 seconds, Stopping threads took: 0,0000159 seconds
2017-02-14T11:58:24.335+0100: 8755,674: Total time for which application threads were stopped: 0,0000737 seconds, Stopping threads took: 0,0000152 seconds
2017-02-14T11:58:37.703+0100: 8769,041: Total time for which application threads were stopped: 0,0001898 seconds, Stopping threads took: 0,0000609 seconds
2017-02-14T11:58:47.331+0100: 8778,669: Total time for which application threads were stopped: 0,0000942 seconds, Stopping threads took: 0,0000287 seconds
2017-02-14T11:59:15.335+0100: 8806,673: Total time for which application threads were stopped: 0,0000870 seconds, Stopping threads took: 0,0000296 seconds
2017-02-14T11:59:24.336+0100: 8815,674: Total time for which application threads were stopped: 0,0000791 seconds, Stopping threads took: 0,0000151 seconds
2017-02-14T12:35:00.672+0100: 10952,010: Total time for which application threads were stopped: 0,0000865 seconds, Stopping threads took: 0,0000286 seconds
2017-02-14T14:28:56.688+0100: 13570,054: Total time for which application threads were stopped: 0,0001414 seconds, Stopping threads took: 0,0000289 seconds
2017-02-14T14:28:56.739+0100: 13570,105: Total time for which application threads were stopped: 0,0002560 seconds, Stopping threads took: 0,0000859 seconds
2017-02-14T14:28:56.785+0100: 13570,151: Total time for which application threads were stopped: 0,0017429 seconds, Stopping threads took: 0,0016313 seconds
2017-02-14T14:28:56.806+0100: 13570,173: Total time for which application threads were stopped: 0,0001330 seconds, Stopping threads took: 0,0000166 seconds
Heap
 par new generation   total 109248K, used 79129K [0x00000000e0000000, 0x00000000e8000000, 0x00000000e8000000)
  eden space 87424K,  65% used [0x00000000e0000000, 0x00000000e37f6458, 0x00000000e5560000)
  from space 21824K, 100% used [0x00000000e6ab0000, 0x00000000e8000000, 0x00000000e8000000)
  to   space 21824K,   0% used [0x00000000e5560000, 0x00000000e5560000, 0x00000000e6ab0000)
 concurrent mark-sweep generation total 393216K, used 0K [0x00000000e8000000, 0x0000000100000000, 0x0000000100000000)
 Metaspace       used 30115K, capacity 30708K, committed 31152K, reserved 1077248K
  class space    used 3446K, capacity 3659K, committed 3760K, reserved 1048576K
