OpenJDK 64-Bit Server VM (25.111-b14) for linux-amd64 JRE (1.8.0_111-8u111-b14-2ubuntu0.16.04.2-b14), built on Oct 27 2016 18:10:19 by "buildd" with gcc 5.4.0 20160609
Memory: 4k page, physical 7867800k(7503424k free), swap 8076284k(8076284k free)
CommandLine flags: -XX:CMSInitiatingOccupancyFraction=50 -XX:CMSMaxAbortablePrecleanTime=6000 -XX:+CMSParallelRemarkEnabled -XX:+CMSScavengeBeforeRemark -XX:ConcGCThreads=4 -XX:InitialHeapSize=536870912 -XX:MaxHeapSize=536870912 -XX:MaxTenuringThreshold=8 -XX:NewRatio=3 -XX:OldPLABSize=16 -XX:OnOutOfMemoryError=/opt/solr/bin/oom_solr.sh 8983 /var/solr/logs -XX:ParallelGCThreads=4 -XX:+ParallelRefProcEnabled -XX:PretenureSizeThreshold=67108864 -XX:+PrintGC -XX:+PrintGCApplicationStoppedTime -XX:+PrintGCDateStamps -XX:+PrintGCDetails -XX:+PrintGCTimeStamps -XX:+PrintHeapAtGC -XX:+PrintTenuringDistribution -XX:SurvivorRatio=4 -XX:TargetSurvivorRatio=90 -XX:ThreadStackSize=256 -XX:+UseCMSInitiatingOccupancyOnly -XX:+UseCompressedClassPointers -XX:+UseCompressedOops -XX:+UseConcMarkSweepGC -XX:+UseParNewGC 
2017-01-24T12:40:23.522+0100: 0,143: Total time for which application threads were stopped: 0,0000649 seconds, Stopping threads took: 0,0000091 seconds
2017-01-24T12:40:23.609+0100: 0,230: Total time for which application threads were stopped: 0,0001536 seconds, Stopping threads took: 0,0000412 seconds
2017-01-24T12:40:23.624+0100: 0,245: Total time for which application threads were stopped: 0,0001488 seconds, Stopping threads took: 0,0000680 seconds
2017-01-24T12:40:23.804+0100: 0,425: Total time for which application threads were stopped: 0,0001165 seconds, Stopping threads took: 0,0000125 seconds
2017-01-24T12:40:24.256+0100: 0,877: Total time for which application threads were stopped: 0,0002868 seconds, Stopping threads took: 0,0000223 seconds
2017-01-24T12:40:24.343+0100: 0,964: Total time for which application threads were stopped: 0,0003362 seconds, Stopping threads took: 0,0000217 seconds
2017-01-24T12:40:24.369+0100: 0,990: Total time for which application threads were stopped: 0,0001738 seconds, Stopping threads took: 0,0000188 seconds
2017-01-24T12:40:24.608+0100: 1,229: Total time for which application threads were stopped: 0,0001850 seconds, Stopping threads took: 0,0000179 seconds
2017-01-24T12:40:24.807+0100: 1,428: Total time for which application threads were stopped: 0,0002339 seconds, Stopping threads took: 0,0000154 seconds
2017-01-24T12:40:24.831+0100: 1,452: Total time for which application threads were stopped: 0,0001893 seconds, Stopping threads took: 0,0000156 seconds
2017-01-24T12:40:24.832+0100: 1,453: Total time for which application threads were stopped: 0,0001779 seconds, Stopping threads took: 0,0000108 seconds
2017-01-24T12:40:24.845+0100: 1,466: Total time for which application threads were stopped: 0,0001719 seconds, Stopping threads took: 0,0000228 seconds
2017-01-24T12:40:24.941+0100: 1,562: Total time for which application threads were stopped: 0,0009186 seconds, Stopping threads took: 0,0000900 seconds
2017-01-24T12:40:25.132+0100: 1,753: Total time for which application threads were stopped: 0,0002595 seconds, Stopping threads took: 0,0000550 seconds
{Heap before GC invocations=0 (full 0):
 par new generation   total 109248K, used 87424K [0x00000000e0000000, 0x00000000e8000000, 0x00000000e8000000)
  eden space 87424K, 100% used [0x00000000e0000000, 0x00000000e5560000, 0x00000000e5560000)
  from space 21824K,   0% used [0x00000000e5560000, 0x00000000e5560000, 0x00000000e6ab0000)
  to   space 21824K,   0% used [0x00000000e6ab0000, 0x00000000e6ab0000, 0x00000000e8000000)
 concurrent mark-sweep generation total 393216K, used 0K [0x00000000e8000000, 0x0000000100000000, 0x0000000100000000)
 Metaspace       used 17930K, capacity 18206K, committed 18304K, reserved 1064960K
  class space    used 2034K, capacity 2130K, committed 2176K, reserved 1048576K
2017-01-24T12:40:25.233+0100: 1,854: [GC (Allocation Failure) 2017-01-24T12:40:25.233+0100: 1,854: [ParNew
Desired survivor size 20112992 bytes, new threshold 8 (max 8)
- age   1:   12421824 bytes,   12421824 total
: 87424K->12240K(109248K), 0,0154616 secs] 87424K->12240K(502464K), 0,0155479 secs] [Times: user=0,02 sys=0,03, real=0,01 secs] 
Heap after GC invocations=1 (full 0):
 par new generation   total 109248K, used 12240K [0x00000000e0000000, 0x00000000e8000000, 0x00000000e8000000)
  eden space 87424K,   0% used [0x00000000e0000000, 0x00000000e0000000, 0x00000000e5560000)
  from space 21824K,  56% used [0x00000000e6ab0000, 0x00000000e76a41b0, 0x00000000e8000000)
  to   space 21824K,   0% used [0x00000000e5560000, 0x00000000e5560000, 0x00000000e6ab0000)
 concurrent mark-sweep generation total 393216K, used 0K [0x00000000e8000000, 0x0000000100000000, 0x0000000100000000)
 Metaspace       used 17930K, capacity 18206K, committed 18304K, reserved 1064960K
  class space    used 2034K, capacity 2130K, committed 2176K, reserved 1048576K
}
2017-01-24T12:40:25.249+0100: 1,870: Total time for which application threads were stopped: 0,0157160 seconds, Stopping threads took: 0,0000134 seconds
2017-01-24T12:40:25.485+0100: 2,106: Total time for which application threads were stopped: 0,0007361 seconds, Stopping threads took: 0,0004873 seconds
2017-01-24T12:40:25.534+0100: 2,155: Total time for which application threads were stopped: 0,0003847 seconds, Stopping threads took: 0,0000904 seconds
2017-01-24T12:40:25.579+0100: 2,200: Total time for which application threads were stopped: 0,0002985 seconds, Stopping threads took: 0,0000410 seconds
{Heap before GC invocations=1 (full 0):
 par new generation   total 109248K, used 99664K [0x00000000e0000000, 0x00000000e8000000, 0x00000000e8000000)
  eden space 87424K, 100% used [0x00000000e0000000, 0x00000000e5560000, 0x00000000e5560000)
  from space 21824K,  56% used [0x00000000e6ab0000, 0x00000000e76a41b0, 0x00000000e8000000)
  to   space 21824K,   0% used [0x00000000e5560000, 0x00000000e5560000, 0x00000000e6ab0000)
 concurrent mark-sweep generation total 393216K, used 0K [0x00000000e8000000, 0x0000000100000000, 0x0000000100000000)
 Metaspace       used 20543K, capacity 20846K, committed 20992K, reserved 1067008K
  class space    used 2368K, capacity 2484K, committed 2560K, reserved 1048576K
2017-01-24T12:40:25.677+0100: 2,298: [GC (Allocation Failure) 2017-01-24T12:40:25.677+0100: 2,298: [ParNew
Desired survivor size 20112992 bytes, new threshold 8 (max 8)
- age   1:    4136800 bytes,    4136800 total
- age   2:    6449448 bytes,   10586248 total
: 99664K->15380K(109248K), 0,0101783 secs] 99664K->15380K(502464K), 0,0102366 secs] [Times: user=0,03 sys=0,01, real=0,01 secs] 
Heap after GC invocations=2 (full 0):
 par new generation   total 109248K, used 15380K [0x00000000e0000000, 0x00000000e8000000, 0x00000000e8000000)
  eden space 87424K,   0% used [0x00000000e0000000, 0x00000000e0000000, 0x00000000e5560000)
  from space 21824K,  70% used [0x00000000e5560000, 0x00000000e64651c0, 0x00000000e6ab0000)
  to   space 21824K,   0% used [0x00000000e6ab0000, 0x00000000e6ab0000, 0x00000000e8000000)
 concurrent mark-sweep generation total 393216K, used 0K [0x00000000e8000000, 0x0000000100000000, 0x0000000100000000)
 Metaspace       used 20543K, capacity 20846K, committed 20992K, reserved 1067008K
  class space    used 2368K, capacity 2484K, committed 2560K, reserved 1048576K
}
2017-01-24T12:40:25.688+0100: 2,309: Total time for which application threads were stopped: 0,0104815 seconds, Stopping threads took: 0,0000455 seconds
2017-01-24T12:40:25.738+0100: 2,359: Total time for which application threads were stopped: 0,0001343 seconds, Stopping threads took: 0,0000259 seconds
2017-01-24T12:40:25.763+0100: 2,384: Total time for which application threads were stopped: 0,0001506 seconds, Stopping threads took: 0,0000457 seconds
2017-01-24T12:40:25.795+0100: 2,416: Total time for which application threads were stopped: 0,0008887 seconds, Stopping threads took: 0,0007795 seconds
{Heap before GC invocations=2 (full 0):
 par new generation   total 109248K, used 102804K [0x00000000e0000000, 0x00000000e8000000, 0x00000000e8000000)
  eden space 87424K, 100% used [0x00000000e0000000, 0x00000000e5560000, 0x00000000e5560000)
  from space 21824K,  70% used [0x00000000e5560000, 0x00000000e64651c0, 0x00000000e6ab0000)
  to   space 21824K,   0% used [0x00000000e6ab0000, 0x00000000e6ab0000, 0x00000000e8000000)
 concurrent mark-sweep generation total 393216K, used 0K [0x00000000e8000000, 0x0000000100000000, 0x0000000100000000)
 Metaspace       used 21791K, capacity 22110K, committed 22216K, reserved 1069056K
  class space    used 2520K, capacity 2647K, committed 2684K, reserved 1048576K
2017-01-24T12:40:25.847+0100: 2,468: [GC (Allocation Failure) 2017-01-24T12:40:25.847+0100: 2,468: [ParNew
Desired survivor size 20112992 bytes, new threshold 8 (max 8)
- age   1:    1998536 bytes,    1998536 total
- age   2:    1591752 bytes,    3590288 total
- age   3:    6447984 bytes,   10038272 total
: 102804K->13048K(109248K), 0,0099035 secs] 102804K->13048K(502464K), 0,0099882 secs] [Times: user=0,03 sys=0,00, real=0,01 secs] 
Heap after GC invocations=3 (full 0):
 par new generation   total 109248K, used 13048K [0x00000000e0000000, 0x00000000e8000000, 0x00000000e8000000)
  eden space 87424K,   0% used [0x00000000e0000000, 0x00000000e0000000, 0x00000000e5560000)
  from space 21824K,  59% used [0x00000000e6ab0000, 0x00000000e776e218, 0x00000000e8000000)
  to   space 21824K,   0% used [0x00000000e5560000, 0x00000000e5560000, 0x00000000e6ab0000)
 concurrent mark-sweep generation total 393216K, used 0K [0x00000000e8000000, 0x0000000100000000, 0x0000000100000000)
 Metaspace       used 21791K, capacity 22110K, committed 22216K, reserved 1069056K
  class space    used 2520K, capacity 2647K, committed 2684K, reserved 1048576K
}
2017-01-24T12:40:25.857+0100: 2,478: Total time for which application threads were stopped: 0,0102218 seconds, Stopping threads took: 0,0000644 seconds
2017-01-24T12:40:25.857+0100: 2,478: [GC (CMS Initial Mark) [1 CMS-initial-mark: 0K(393216K)] 13969K(502464K), 0,0037391 secs] [Times: user=0,01 sys=0,00, real=0,01 secs] 
2017-01-24T12:40:25.861+0100: 2,482: Total time for which application threads were stopped: 0,0038832 seconds, Stopping threads took: 0,0000620 seconds
2017-01-24T12:40:25.861+0100: 2,482: [CMS-concurrent-mark-start]
2017-01-24T12:40:25.862+0100: 2,483: [CMS-concurrent-mark: 0,001/0,001 secs] [Times: user=0,00 sys=0,00, real=0,00 secs] 
2017-01-24T12:40:25.862+0100: 2,483: [CMS-concurrent-preclean-start]
2017-01-24T12:40:25.863+0100: 2,484: [CMS-concurrent-preclean: 0,001/0,001 secs] [Times: user=0,01 sys=0,00, real=0,00 secs] 
2017-01-24T12:40:25.863+0100: 2,484: [CMS-concurrent-abortable-preclean-start]
2017-01-24T12:40:25.928+0100: 2,549: Total time for which application threads were stopped: 0,0001618 seconds, Stopping threads took: 0,0000581 seconds
{Heap before GC invocations=3 (full 1):
 par new generation   total 109248K, used 100472K [0x00000000e0000000, 0x00000000e8000000, 0x00000000e8000000)
  eden space 87424K, 100% used [0x00000000e0000000, 0x00000000e5560000, 0x00000000e5560000)
  from space 21824K,  59% used [0x00000000e6ab0000, 0x00000000e776e218, 0x00000000e8000000)
  to   space 21824K,   0% used [0x00000000e5560000, 0x00000000e5560000, 0x00000000e6ab0000)
 concurrent mark-sweep generation total 393216K, used 0K [0x00000000e8000000, 0x0000000100000000, 0x0000000100000000)
 Metaspace       used 22075K, capacity 22358K, committed 22548K, reserved 1069056K
  class space    used 2557K, capacity 2683K, committed 2684K, reserved 1048576K
2017-01-24T12:40:25.964+0100: 2,585: [GC (Allocation Failure) 2017-01-24T12:40:25.964+0100: 2,585: [ParNew
Desired survivor size 20112992 bytes, new threshold 8 (max 8)
- age   1:     516288 bytes,     516288 total
- age   2:     573264 bytes,    1089552 total
- age   3:    1183832 bytes,    2273384 total
- age   4:    6447744 bytes,    8721128 total
: 100472K->10251K(109248K), 0,0085224 secs] 100472K->10251K(502464K), 0,0085778 secs] [Times: user=0,03 sys=0,00, real=0,01 secs] 
Heap after GC invocations=4 (full 1):
 par new generation   total 109248K, used 10251K [0x00000000e0000000, 0x00000000e8000000, 0x00000000e8000000)
  eden space 87424K,   0% used [0x00000000e0000000, 0x00000000e0000000, 0x00000000e5560000)
  from space 21824K,  46% used [0x00000000e5560000, 0x00000000e5f62ec0, 0x00000000e6ab0000)
  to   space 21824K,   0% used [0x00000000e6ab0000, 0x00000000e6ab0000, 0x00000000e8000000)
 concurrent mark-sweep generation total 393216K, used 0K [0x00000000e8000000, 0x0000000100000000, 0x0000000100000000)
 Metaspace       used 22075K, capacity 22358K, committed 22548K, reserved 1069056K
  class space    used 2557K, capacity 2683K, committed 2684K, reserved 1048576K
}
2017-01-24T12:40:25.973+0100: 2,594: Total time for which application threads were stopped: 0,0089122 seconds, Stopping threads took: 0,0002049 seconds
2017-01-24T12:40:25.973+0100: 2,594: [CMS-concurrent-abortable-preclean: 0,066/0,110 secs] [Times: user=0,38 sys=0,02, real=0,11 secs] 
2017-01-24T12:40:25.973+0100: 2,594: [GC (CMS Final Remark) [YG occupancy: 11080 K (109248 K)]{Heap before GC invocations=4 (full 1):
 par new generation   total 109248K, used 11080K [0x00000000e0000000, 0x00000000e8000000, 0x00000000e8000000)
  eden space 87424K,   0% used [0x00000000e0000000, 0x00000000e00cf448, 0x00000000e5560000)
  from space 21824K,  46% used [0x00000000e5560000, 0x00000000e5f62ec0, 0x00000000e6ab0000)
  to   space 21824K,   0% used [0x00000000e6ab0000, 0x00000000e6ab0000, 0x00000000e8000000)
 concurrent mark-sweep generation total 393216K, used 0K [0x00000000e8000000, 0x0000000100000000, 0x0000000100000000)
 Metaspace       used 22075K, capacity 22358K, committed 22548K, reserved 1069056K
  class space    used 2557K, capacity 2683K, committed 2684K, reserved 1048576K
2017-01-24T12:40:25.973+0100: 2,594: [GC (CMS Final Remark) 2017-01-24T12:40:25.973+0100: 2,594: [ParNew
Desired survivor size 20112992 bytes, new threshold 8 (max 8)
- age   1:      33056 bytes,      33056 total
- age   2:     516224 bytes,     549280 total
- age   3:     573264 bytes,    1122544 total
- age   4:    1183832 bytes,    2306376 total
- age   5:    6447720 bytes,    8754096 total
: 11080K->13420K(109248K), 0,0084544 secs] 11080K->13420K(502464K), 0,0084887 secs] [Times: user=0,03 sys=0,00, real=0,01 secs] 
Heap after GC invocations=5 (full 1):
 par new generation   total 109248K, used 13420K [0x00000000e0000000, 0x00000000e8000000, 0x00000000e8000000)
  eden space 87424K,   0% used [0x00000000e0000000, 0x00000000e0000000, 0x00000000e5560000)
  from space 21824K,  61% used [0x00000000e6ab0000, 0x00000000e77cb300, 0x00000000e8000000)
  to   space 21824K,   0% used [0x00000000e5560000, 0x00000000e5560000, 0x00000000e6ab0000)
 concurrent mark-sweep generation total 393216K, used 0K [0x00000000e8000000, 0x0000000100000000, 0x0000000100000000)
 Metaspace       used 22075K, capacity 22358K, committed 22548K, reserved 1069056K
  class space    used 2557K, capacity 2683K, committed 2684K, reserved 1048576K
}
2017-01-24T12:40:25.981+0100: 2,602: [Rescan (parallel) , 0,0030911 secs]2017-01-24T12:40:25.984+0100: 2,605: [weak refs processing, 0,0006304 secs]2017-01-24T12:40:25.985+0100: 2,606: [class unloading, 0,0029265 secs]2017-01-24T12:40:25.988+0100: 2,609: [scrub symbol table, 0,0026979 secs]2017-01-24T12:40:25.991+0100: 2,612: [scrub string table, 0,0003638 secs][1 CMS-remark: 0K(393216K)] 13420K(502464K), 0,0188311 secs] [Times: user=0,05 sys=0,00, real=0,02 secs] 
2017-01-24T12:40:25.992+0100: 2,613: Total time for which application threads were stopped: 0,0189437 seconds, Stopping threads took: 0,0000380 seconds
2017-01-24T12:40:25.992+0100: 2,613: [CMS-concurrent-sweep-start]
2017-01-24T12:40:25.992+0100: 2,613: [CMS-concurrent-sweep: 0,000/0,000 secs] [Times: user=0,00 sys=0,00, real=0,00 secs] 
2017-01-24T12:40:25.992+0100: 2,613: [CMS-concurrent-reset-start]
2017-01-24T12:40:25.993+0100: 2,614: [CMS-concurrent-reset: 0,001/0,001 secs] [Times: user=0,01 sys=0,00, real=0,00 secs] 
2017-01-24T12:40:26.004+0100: 2,625: Total time for which application threads were stopped: 0,0003151 seconds, Stopping threads took: 0,0000496 seconds
2017-01-24T12:40:26.222+0100: 2,843: Total time for which application threads were stopped: 0,0005520 seconds, Stopping threads took: 0,0000306 seconds
2017-01-24T12:40:26.235+0100: 2,856: Total time for which application threads were stopped: 0,0003845 seconds, Stopping threads took: 0,0000490 seconds
{Heap before GC invocations=5 (full 1):
 par new generation   total 109248K, used 100844K [0x00000000e0000000, 0x00000000e8000000, 0x00000000e8000000)
  eden space 87424K, 100% used [0x00000000e0000000, 0x00000000e5560000, 0x00000000e5560000)
  from space 21824K,  61% used [0x00000000e6ab0000, 0x00000000e77cb300, 0x00000000e8000000)
  to   space 21824K,   0% used [0x00000000e5560000, 0x00000000e5560000, 0x00000000e6ab0000)
 concurrent mark-sweep generation total 393216K, used 0K [0x00000000e8000000, 0x0000000100000000, 0x0000000100000000)
 Metaspace       used 25779K, capacity 26136K, committed 26492K, reserved 1073152K
  class space    used 3020K, capacity 3154K, committed 3196K, reserved 1048576K
2017-01-24T12:40:26.426+0100: 3,047: [GC (Allocation Failure) 2017-01-24T12:40:26.426+0100: 3,047: [ParNew
Desired survivor size 20112992 bytes, new threshold 8 (max 8)
- age   1:    4855712 bytes,    4855712 total
- age   2:         48 bytes,    4855760 total
- age   3:     165568 bytes,    5021328 total
- age   4:     366776 bytes,    5388104 total
- age   5:     817200 bytes,    6205304 total
- age   6:    6441808 bytes,   12647112 total
: 100844K->14190K(109248K), 0,0109075 secs] 100844K->14190K(502464K), 0,0109863 secs] [Times: user=0,04 sys=0,00, real=0,01 secs] 
Heap after GC invocations=6 (full 1):
 par new generation   total 109248K, used 14190K [0x00000000e0000000, 0x00000000e8000000, 0x00000000e8000000)
  eden space 87424K,   0% used [0x00000000e0000000, 0x00000000e0000000, 0x00000000e5560000)
  from space 21824K,  65% used [0x00000000e5560000, 0x00000000e633ba90, 0x00000000e6ab0000)
  to   space 21824K,   0% used [0x00000000e6ab0000, 0x00000000e6ab0000, 0x00000000e8000000)
 concurrent mark-sweep generation total 393216K, used 0K [0x00000000e8000000, 0x0000000100000000, 0x0000000100000000)
 Metaspace       used 25779K, capacity 26136K, committed 26492K, reserved 1073152K
  class space    used 3020K, capacity 3154K, committed 3196K, reserved 1048576K
}
2017-01-24T12:40:26.437+0100: 3,058: Total time for which application threads were stopped: 0,0111799 seconds, Stopping threads took: 0,0000223 seconds
2017-01-24T12:40:26.647+0100: 3,268: Total time for which application threads were stopped: 0,0004014 seconds, Stopping threads took: 0,0000273 seconds
2017-01-24T12:40:27.430+0100: 4,051: Total time for which application threads were stopped: 0,0003192 seconds, Stopping threads took: 0,0000169 seconds
2017-01-24T12:40:55.433+0100: 32,054: Total time for which application threads were stopped: 0,0000734 seconds, Stopping threads took: 0,0000267 seconds
2017-01-24T12:42:55.456+0100: 152,077: Total time for which application threads were stopped: 0,0000984 seconds, Stopping threads took: 0,0000393 seconds
2017-01-24T12:43:00.456+0100: 157,077: Total time for which application threads were stopped: 0,0000652 seconds, Stopping threads took: 0,0000160 seconds
2017-01-24T12:43:24.459+0100: 181,080: Total time for which application threads were stopped: 0,0001641 seconds, Stopping threads took: 0,0000671 seconds
2017-01-24T12:44:54.473+0100: 271,094: Total time for which application threads were stopped: 0,0000878 seconds, Stopping threads took: 0,0000345 seconds
2017-01-24T12:51:55.536+0100: 692,157: Total time for which application threads were stopped: 0,0000795 seconds, Stopping threads took: 0,0000338 seconds
2017-01-24T12:52:45.543+0100: 742,164: Total time for which application threads were stopped: 0,0000907 seconds, Stopping threads took: 0,0000384 seconds
2017-01-24T12:53:00.546+0100: 757,167: Total time for which application threads were stopped: 0,0000616 seconds, Stopping threads took: 0,0000144 seconds
2017-01-24T13:04:14.635+0100: 1431,256: Total time for which application threads were stopped: 0,0000981 seconds, Stopping threads took: 0,0000402 seconds
2017-01-24T13:09:19.680+0100: 1736,301: Total time for which application threads were stopped: 0,0000908 seconds, Stopping threads took: 0,0000394 seconds
2017-01-24T13:20:04.769+0100: 2381,390: Total time for which application threads were stopped: 0,0000920 seconds, Stopping threads took: 0,0000398 seconds
2017-01-24T13:20:05.769+0100: 2382,390: Total time for which application threads were stopped: 0,0003536 seconds, Stopping threads took: 0,0001097 seconds
2017-01-24T13:25:35.508+0100: 2712,129: Total time for which application threads were stopped: 0,0001128 seconds, Stopping threads took: 0,0000173 seconds
2017-01-24T13:25:35.510+0100: 2712,131: Total time for which application threads were stopped: 0,0000774 seconds, Stopping threads took: 0,0000141 seconds
2017-01-24T13:25:35.510+0100: 2712,131: Total time for which application threads were stopped: 0,0000480 seconds, Stopping threads took: 0,0000109 seconds
2017-01-24T13:25:35.510+0100: 2712,131: Total time for which application threads were stopped: 0,0000674 seconds, Stopping threads took: 0,0000071 seconds
2017-01-24T13:25:35.516+0100: 2712,137: Total time for which application threads were stopped: 0,0001139 seconds, Stopping threads took: 0,0000361 seconds
2017-01-24T13:25:35.516+0100: 2712,137: Total time for which application threads were stopped: 0,0000793 seconds, Stopping threads took: 0,0000245 seconds
2017-01-24T13:25:35.517+0100: 2712,138: Total time for which application threads were stopped: 0,0001713 seconds, Stopping threads took: 0,0000754 seconds
2017-01-24T13:25:35.523+0100: 2712,144: Total time for which application threads were stopped: 0,0001959 seconds, Stopping threads took: 0,0000740 seconds
2017-01-24T13:25:35.524+0100: 2712,145: Total time for which application threads were stopped: 0,0001258 seconds, Stopping threads took: 0,0000302 seconds
2017-01-24T13:25:35.534+0100: 2712,155: Total time for which application threads were stopped: 0,0072069 seconds, Stopping threads took: 0,0071318 seconds
2017-01-24T13:25:35.535+0100: 2712,156: Total time for which application threads were stopped: 0,0001842 seconds, Stopping threads took: 0,0000526 seconds
2017-01-24T13:25:35.535+0100: 2712,156: Total time for which application threads were stopped: 0,0001027 seconds, Stopping threads took: 0,0000471 seconds
2017-01-24T13:25:35.536+0100: 2712,157: Total time for which application threads were stopped: 0,0001794 seconds, Stopping threads took: 0,0000723 seconds
2017-01-24T13:25:35.537+0100: 2712,158: Total time for which application threads were stopped: 0,0003957 seconds, Stopping threads took: 0,0003321 seconds
2017-01-24T13:25:35.537+0100: 2712,158: Total time for which application threads were stopped: 0,0002477 seconds, Stopping threads took: 0,0001662 seconds
2017-01-24T13:25:35.540+0100: 2712,161: Total time for which application threads were stopped: 0,0004736 seconds, Stopping threads took: 0,0003770 seconds
2017-01-24T13:25:35.540+0100: 2712,161: Total time for which application threads were stopped: 0,0001801 seconds, Stopping threads took: 0,0001108 seconds
2017-01-24T13:25:35.543+0100: 2712,164: Total time for which application threads were stopped: 0,0001631 seconds, Stopping threads took: 0,0000602 seconds
2017-01-24T13:25:35.546+0100: 2712,167: Total time for which application threads were stopped: 0,0001252 seconds, Stopping threads took: 0,0000530 seconds
2017-01-24T13:25:35.559+0100: 2712,180: Total time for which application threads were stopped: 0,0012780 seconds, Stopping threads took: 0,0011552 seconds
2017-01-24T13:25:35.566+0100: 2712,187: Total time for which application threads were stopped: 0,0007717 seconds, Stopping threads took: 0,0000341 seconds
2017-01-24T13:25:35.576+0100: 2712,197: Total time for which application threads were stopped: 0,0006127 seconds, Stopping threads took: 0,0003459 seconds
2017-01-24T13:25:35.578+0100: 2712,199: Total time for which application threads were stopped: 0,0011074 seconds, Stopping threads took: 0,0009939 seconds
2017-01-24T13:25:35.586+0100: 2712,207: Total time for which application threads were stopped: 0,0004309 seconds, Stopping threads took: 0,0003396 seconds
2017-01-24T13:25:35.615+0100: 2712,236: Total time for which application threads were stopped: 0,0001102 seconds, Stopping threads took: 0,0000182 seconds
2017-01-24T13:25:35.615+0100: 2712,236: Total time for which application threads were stopped: 0,0000282 seconds, Stopping threads took: 0,0000050 seconds
2017-01-24T13:25:35.680+0100: 2712,301: Total time for which application threads were stopped: 0,0016766 seconds, Stopping threads took: 0,0009822 seconds
2017-01-24T13:25:35.685+0100: 2712,306: Total time for which application threads were stopped: 0,0017880 seconds, Stopping threads took: 0,0016448 seconds
2017-01-24T13:25:35.688+0100: 2712,309: Total time for which application threads were stopped: 0,0009301 seconds, Stopping threads took: 0,0008148 seconds
2017-01-24T13:25:35.749+0100: 2712,370: Total time for which application threads were stopped: 0,0001509 seconds, Stopping threads took: 0,0000356 seconds
2017-01-24T13:25:35.772+0100: 2712,393: Total time for which application threads were stopped: 0,0007056 seconds, Stopping threads took: 0,0004835 seconds
2017-01-24T13:25:35.808+0100: 2712,429: Total time for which application threads were stopped: 0,0001372 seconds, Stopping threads took: 0,0000495 seconds
2017-01-24T13:25:35.809+0100: 2712,430: Total time for which application threads were stopped: 0,0000564 seconds, Stopping threads took: 0,0000089 seconds
2017-01-24T13:25:35.809+0100: 2712,430: Total time for which application threads were stopped: 0,0000535 seconds, Stopping threads took: 0,0000116 seconds
2017-01-24T13:25:35.810+0100: 2712,431: Total time for which application threads were stopped: 0,0004895 seconds, Stopping threads took: 0,0003998 seconds
2017-01-24T13:25:35.812+0100: 2712,433: Total time for which application threads were stopped: 0,0001251 seconds, Stopping threads took: 0,0000378 seconds
2017-01-24T13:25:35.812+0100: 2712,433: Total time for which application threads were stopped: 0,0000557 seconds, Stopping threads took: 0,0000133 seconds
2017-01-24T13:25:35.814+0100: 2712,435: Total time for which application threads were stopped: 0,0020115 seconds, Stopping threads took: 0,0015868 seconds
2017-01-24T13:25:35.814+0100: 2712,435: Total time for which application threads were stopped: 0,0000662 seconds, Stopping threads took: 0,0000149 seconds
2017-01-24T13:25:35.815+0100: 2712,436: Total time for which application threads were stopped: 0,0006627 seconds, Stopping threads took: 0,0000448 seconds
2017-01-24T13:25:35.816+0100: 2712,437: Total time for which application threads were stopped: 0,0001141 seconds, Stopping threads took: 0,0000318 seconds
2017-01-24T13:25:35.949+0100: 2712,570: Total time for which application threads were stopped: 0,0001532 seconds, Stopping threads took: 0,0000469 seconds
2017-01-24T13:25:35.953+0100: 2712,574: Total time for which application threads were stopped: 0,0001416 seconds, Stopping threads took: 0,0000652 seconds
2017-01-24T13:25:36.026+0100: 2712,647: Total time for which application threads were stopped: 0,0001781 seconds, Stopping threads took: 0,0000588 seconds
2017-01-24T13:25:36.026+0100: 2712,647: Total time for which application threads were stopped: 0,0000542 seconds, Stopping threads took: 0,0000086 seconds
2017-01-24T13:25:36.026+0100: 2712,647: Total time for which application threads were stopped: 0,0000392 seconds, Stopping threads took: 0,0000062 seconds
2017-01-24T13:25:36.026+0100: 2712,647: Total time for which application threads were stopped: 0,0000528 seconds, Stopping threads took: 0,0000081 seconds
2017-01-24T13:25:36.026+0100: 2712,647: Total time for which application threads were stopped: 0,0000802 seconds, Stopping threads took: 0,0000072 seconds
2017-01-24T13:25:36.027+0100: 2712,648: Total time for which application threads were stopped: 0,0000571 seconds, Stopping threads took: 0,0000070 seconds
2017-01-24T13:25:36.027+0100: 2712,648: Total time for which application threads were stopped: 0,0000539 seconds, Stopping threads took: 0,0000072 seconds
2017-01-24T13:25:36.027+0100: 2712,648: Total time for which application threads were stopped: 0,0001568 seconds, Stopping threads took: 0,0000070 seconds
2017-01-24T13:25:36.705+0100: 2713,326: Total time for which application threads were stopped: 0,0021745 seconds, Stopping threads took: 0,0001016 seconds
2017-01-24T13:25:36.708+0100: 2713,329: Total time for which application threads were stopped: 0,0001455 seconds, Stopping threads took: 0,0000335 seconds
2017-01-24T13:25:36.708+0100: 2713,329: Total time for which application threads were stopped: 0,0000944 seconds, Stopping threads took: 0,0000164 seconds
2017-01-24T13:25:36.710+0100: 2713,331: Total time for which application threads were stopped: 0,0002368 seconds, Stopping threads took: 0,0001540 seconds
2017-01-24T13:25:36.710+0100: 2713,331: Total time for which application threads were stopped: 0,0000955 seconds, Stopping threads took: 0,0000170 seconds
2017-01-24T13:25:36.713+0100: 2713,334: Total time for which application threads were stopped: 0,0001025 seconds, Stopping threads took: 0,0000228 seconds
2017-01-24T13:25:37.713+0100: 2714,334: Total time for which application threads were stopped: 0,0000781 seconds, Stopping threads took: 0,0000175 seconds
2017-01-24T13:25:51.715+0100: 2728,336: Total time for which application threads were stopped: 0,0000794 seconds, Stopping threads took: 0,0000145 seconds
2017-01-24T13:26:34.720+0100: 2771,341: Total time for which application threads were stopped: 0,0000640 seconds, Stopping threads took: 0,0000153 seconds
2017-01-24T13:26:36.711+0100: 2773,332: Total time for which application threads were stopped: 0,0000632 seconds, Stopping threads took: 0,0000139 seconds
2017-01-24T13:27:45.719+0100: 2842,340: Total time for which application threads were stopped: 0,0002104 seconds, Stopping threads took: 0,0001230 seconds
2017-01-24T13:29:15.729+0100: 2932,350: Total time for which application threads were stopped: 0,0004700 seconds, Stopping threads took: 0,0001865 seconds
2017-01-24T13:34:54.770+0100: 3271,391: Total time for which application threads were stopped: 0,0003714 seconds, Stopping threads took: 0,0001486 seconds
2017-01-24T13:41:35.818+0100: 3672,439: Total time for which application threads were stopped: 0,0001290 seconds, Stopping threads took: 0,0000645 seconds
2017-01-24T13:43:20.832+0100: 3777,453: Total time for which application threads were stopped: 0,0000841 seconds, Stopping threads took: 0,0000303 seconds
2017-01-24T13:43:37.834+0100: 3794,455: Total time for which application threads were stopped: 0,0000614 seconds, Stopping threads took: 0,0000146 seconds
2017-01-24T14:16:51.101+0100: 5787,722: Total time for which application threads were stopped: 0,0000797 seconds, Stopping threads took: 0,0000341 seconds
2017-01-24T14:17:11.104+0100: 5807,725: Total time for which application threads were stopped: 0,0001561 seconds, Stopping threads took: 0,0000633 seconds
2017-01-24T14:37:26.177+0100: 6932,114: Total time for which application threads were stopped: 0,0000937 seconds, Stopping threads took: 0,0000355 seconds
2017-01-24T14:37:56.182+0100: 6962,118: Total time for which application threads were stopped: 0,0001019 seconds, Stopping threads took: 0,0000423 seconds
2017-01-24T14:39:56.198+0100: 7082,134: Total time for which application threads were stopped: 0,0001114 seconds, Stopping threads took: 0,0000450 seconds
2017-01-24T14:41:26.210+0100: 7172,146: Total time for which application threads were stopped: 0,0000797 seconds, Stopping threads took: 0,0000322 seconds
2017-01-24T14:41:56.213+0100: 7202,150: Total time for which application threads were stopped: 0,0001663 seconds, Stopping threads took: 0,0000613 seconds
2017-01-24T14:42:26.218+0100: 7232,154: Total time for which application threads were stopped: 0,0001677 seconds, Stopping threads took: 0,0000592 seconds
2017-01-24T14:49:26.275+0100: 7652,211: Total time for which application threads were stopped: 0,0001607 seconds, Stopping threads took: 0,0000573 seconds
2017-01-24T14:50:26.284+0100: 7712,221: Total time for which application threads were stopped: 0,0000902 seconds, Stopping threads took: 0,0000349 seconds
2017-01-24T16:08:33.565+0100: 10831,556: Total time for which application threads were stopped: 0,0000991 seconds, Stopping threads took: 0,0000313 seconds
2017-01-24T16:26:14.640+0100: 11892,631: Total time for which application threads were stopped: 0,0000890 seconds, Stopping threads took: 0,0000251 seconds
2017-01-24T16:26:14.706+0100: 11892,697: Total time for which application threads were stopped: 0,0001654 seconds, Stopping threads took: 0,0000321 seconds
Heap
 par new generation   total 109248K, used 84488K [0x00000000e0000000, 0x00000000e8000000, 0x00000000e8000000)
  eden space 87424K,  80% used [0x00000000e0000000, 0x00000000e44a67b0, 0x00000000e5560000)
  from space 21824K,  65% used [0x00000000e5560000, 0x00000000e633ba90, 0x00000000e6ab0000)
  to   space 21824K,   0% used [0x00000000e6ab0000, 0x00000000e6ab0000, 0x00000000e8000000)
 concurrent mark-sweep generation total 393216K, used 0K [0x00000000e8000000, 0x0000000100000000, 0x0000000100000000)
 Metaspace       used 30791K, capacity 31254K, committed 31612K, reserved 1077248K
  class space    used 3558K, capacity 3699K, committed 3708K, reserved 1048576K
