OpenJDK 64-Bit Server VM (25.131-b11) for linux-amd64 JRE (1.8.0_131-8u131-b11-2ubuntu1.16.04.3-b11), built on Jul 28 2017 01:23:32 by "buildd" with gcc 5.4.0 20160609
Memory: 4k page, physical 7867732k(7385304k free), swap 8076284k(8076284k free)
CommandLine flags: -XX:CMSInitiatingOccupancyFraction=50 -XX:CMSMaxAbortablePrecleanTime=6000 -XX:+CMSParallelRemarkEnabled -XX:+CMSScavengeBeforeRemark -XX:ConcGCThreads=4 -XX:InitialHeapSize=536870912 -XX:MaxHeapSize=536870912 -XX:MaxTenuringThreshold=8 -XX:NewRatio=3 -XX:OldPLABSize=16 -XX:OnOutOfMemoryError=/opt/solr/bin/oom_solr.sh 8983 /var/solr/logs -XX:ParallelGCThreads=4 -XX:+ParallelRefProcEnabled -XX:PretenureSizeThreshold=67108864 -XX:+PrintGC -XX:+PrintGCApplicationStoppedTime -XX:+PrintGCDateStamps -XX:+PrintGCDetails -XX:+PrintGCTimeStamps -XX:+PrintHeapAtGC -XX:+PrintTenuringDistribution -XX:SurvivorRatio=4 -XX:TargetSurvivorRatio=90 -XX:ThreadStackSize=256 -XX:+UseCMSInitiatingOccupancyOnly -XX:+UseCompressedClassPointers -XX:+UseCompressedOops -XX:+UseConcMarkSweepGC -XX:+UseParNewGC 
2017-08-29T07:57:34.639+0200: 0,164: Total time for which application threads were stopped: 0,0000652 seconds, Stopping threads took: 0,0000109 seconds
2017-08-29T07:57:34.713+0200: 0,238: Total time for which application threads were stopped: 0,0001026 seconds, Stopping threads took: 0,0000144 seconds
2017-08-29T07:57:34.728+0200: 0,253: Total time for which application threads were stopped: 0,0001065 seconds, Stopping threads took: 0,0000242 seconds
2017-08-29T07:57:34.955+0200: 0,480: Total time for which application threads were stopped: 0,0001184 seconds, Stopping threads took: 0,0000140 seconds
2017-08-29T07:57:35.556+0200: 1,081: Total time for which application threads were stopped: 0,0001620 seconds, Stopping threads took: 0,0000244 seconds
2017-08-29T07:57:35.650+0200: 1,175: Total time for which application threads were stopped: 0,0001729 seconds, Stopping threads took: 0,0000270 seconds
2017-08-29T07:57:35.670+0200: 1,195: Total time for which application threads were stopped: 0,0002763 seconds, Stopping threads took: 0,0001028 seconds
2017-08-29T07:57:35.950+0200: 1,474: Total time for which application threads were stopped: 0,0002305 seconds, Stopping threads took: 0,0000208 seconds
2017-08-29T07:57:36.177+0200: 1,702: Total time for which application threads were stopped: 0,0003446 seconds, Stopping threads took: 0,0000319 seconds
2017-08-29T07:57:36.199+0200: 1,723: Total time for which application threads were stopped: 0,0001696 seconds, Stopping threads took: 0,0000238 seconds
2017-08-29T07:57:36.234+0200: 1,759: Total time for which application threads were stopped: 0,0002626 seconds, Stopping threads took: 0,0000515 seconds
2017-08-29T07:57:36.235+0200: 1,760: Total time for which application threads were stopped: 0,0001924 seconds, Stopping threads took: 0,0000223 seconds
2017-08-29T07:57:36.254+0200: 1,778: Total time for which application threads were stopped: 0,0002561 seconds, Stopping threads took: 0,0000206 seconds
2017-08-29T07:57:36.352+0200: 1,877: Total time for which application threads were stopped: 0,0003353 seconds, Stopping threads took: 0,0000188 seconds
2017-08-29T07:57:36.535+0200: 2,060: Total time for which application threads were stopped: 0,0003113 seconds, Stopping threads took: 0,0000404 seconds
{Heap before GC invocations=0 (full 0):
 par new generation   total 109248K, used 87424K [0x00000000e0000000, 0x00000000e8000000, 0x00000000e8000000)
  eden space 87424K, 100% used [0x00000000e0000000, 0x00000000e5560000, 0x00000000e5560000)
  from space 21824K,   0% used [0x00000000e5560000, 0x00000000e5560000, 0x00000000e6ab0000)
  to   space 21824K,   0% used [0x00000000e6ab0000, 0x00000000e6ab0000, 0x00000000e8000000)
 concurrent mark-sweep generation total 393216K, used 0K [0x00000000e8000000, 0x0000000100000000, 0x0000000100000000)
 Metaspace       used 18097K, capacity 18400K, committed 18688K, reserved 1064960K
  class space    used 2047K, capacity 2196K, committed 2304K, reserved 1048576K
2017-08-29T07:57:36.619+0200: 2,144: [GC (Allocation Failure) 2017-08-29T07:57:36.619+0200: 2,144: [ParNew
Desired survivor size 20112992 bytes, new threshold 8 (max 8)
- age   1:   12701208 bytes,   12701208 total
: 87424K->12518K(109248K), 0,0160141 secs] 87424K->12518K(502464K), 0,0161072 secs] [Times: user=0,06 sys=0,00, real=0,01 secs] 
Heap after GC invocations=1 (full 0):
 par new generation   total 109248K, used 12518K [0x00000000e0000000, 0x00000000e8000000, 0x00000000e8000000)
  eden space 87424K,   0% used [0x00000000e0000000, 0x00000000e0000000, 0x00000000e5560000)
  from space 21824K,  57% used [0x00000000e6ab0000, 0x00000000e76e9828, 0x00000000e8000000)
  to   space 21824K,   0% used [0x00000000e5560000, 0x00000000e5560000, 0x00000000e6ab0000)
 concurrent mark-sweep generation total 393216K, used 0K [0x00000000e8000000, 0x0000000100000000, 0x0000000100000000)
 Metaspace       used 18097K, capacity 18400K, committed 18688K, reserved 1064960K
  class space    used 2047K, capacity 2196K, committed 2304K, reserved 1048576K
}
2017-08-29T07:57:36.636+0200: 2,160: Total time for which application threads were stopped: 0,0165611 seconds, Stopping threads took: 0,0002418 seconds
2017-08-29T07:57:36.951+0200: 2,476: Total time for which application threads were stopped: 0,0003497 seconds, Stopping threads took: 0,0000837 seconds
2017-08-29T07:57:37.002+0200: 2,526: Total time for which application threads were stopped: 0,0004073 seconds, Stopping threads took: 0,0000812 seconds
{Heap before GC invocations=1 (full 0):
 par new generation   total 109248K, used 99942K [0x00000000e0000000, 0x00000000e8000000, 0x00000000e8000000)
  eden space 87424K, 100% used [0x00000000e0000000, 0x00000000e5560000, 0x00000000e5560000)
  from space 21824K,  57% used [0x00000000e6ab0000, 0x00000000e76e9828, 0x00000000e8000000)
  to   space 21824K,   0% used [0x00000000e5560000, 0x00000000e5560000, 0x00000000e6ab0000)
 concurrent mark-sweep generation total 393216K, used 0K [0x00000000e8000000, 0x0000000100000000, 0x0000000100000000)
 Metaspace       used 20057K, capacity 20364K, committed 20736K, reserved 1067008K
  class space    used 2297K, capacity 2470K, committed 2560K, reserved 1048576K
2017-08-29T07:57:37.006+0200: 2,530: [GC (Allocation Failure) 2017-08-29T07:57:37.006+0200: 2,530: [ParNew
Desired survivor size 20112992 bytes, new threshold 8 (max 8)
- age   1:    3632264 bytes,    3632264 total
- age   2:    6686920 bytes,   10319184 total
: 99942K->15739K(109248K), 0,0101181 secs] 99942K->15739K(502464K), 0,0101876 secs] [Times: user=0,03 sys=0,00, real=0,00 secs] 
Heap after GC invocations=2 (full 0):
 par new generation   total 109248K, used 15739K [0x00000000e0000000, 0x00000000e8000000, 0x00000000e8000000)
  eden space 87424K,   0% used [0x00000000e0000000, 0x00000000e0000000, 0x00000000e5560000)
  from space 21824K,  72% used [0x00000000e5560000, 0x00000000e64bec40, 0x00000000e6ab0000)
  to   space 21824K,   0% used [0x00000000e6ab0000, 0x00000000e6ab0000, 0x00000000e8000000)
 concurrent mark-sweep generation total 393216K, used 0K [0x00000000e8000000, 0x0000000100000000, 0x0000000100000000)
 Metaspace       used 20057K, capacity 20364K, committed 20736K, reserved 1067008K
  class space    used 2297K, capacity 2470K, committed 2560K, reserved 1048576K
}
2017-08-29T07:57:37.016+0200: 2,541: Total time for which application threads were stopped: 0,0113249 seconds, Stopping threads took: 0,0010198 seconds
2017-08-29T07:57:37.040+0200: 2,565: Total time for which application threads were stopped: 0,0003977 seconds, Stopping threads took: 0,0000619 seconds
2017-08-29T07:57:37.181+0200: 2,706: Total time for which application threads were stopped: 0,0021775 seconds, Stopping threads took: 0,0020424 seconds
{Heap before GC invocations=2 (full 0):
 par new generation   total 109248K, used 103163K [0x00000000e0000000, 0x00000000e8000000, 0x00000000e8000000)
  eden space 87424K, 100% used [0x00000000e0000000, 0x00000000e5560000, 0x00000000e5560000)
  from space 21824K,  72% used [0x00000000e5560000, 0x00000000e64bec40, 0x00000000e6ab0000)
  to   space 21824K,   0% used [0x00000000e6ab0000, 0x00000000e6ab0000, 0x00000000e8000000)
 concurrent mark-sweep generation total 393216K, used 0K [0x00000000e8000000, 0x0000000100000000, 0x0000000100000000)
 Metaspace       used 20981K, capacity 21286K, committed 21628K, reserved 1069056K
  class space    used 2419K, capacity 2589K, committed 2684K, reserved 1048576K
2017-08-29T07:57:37.224+0200: 2,749: [GC (Allocation Failure) 2017-08-29T07:57:37.224+0200: 2,749: [ParNew
Desired survivor size 20112992 bytes, new threshold 8 (max 8)
- age   1:    2080064 bytes,    2080064 total
- age   2:     864656 bytes,    2944720 total
- age   3:    6683248 bytes,    9627968 total
: 103163K->11216K(109248K), 0,0104295 secs] 103163K->11216K(502464K), 0,0105064 secs] [Times: user=0,04 sys=0,00, real=0,01 secs] 
Heap after GC invocations=3 (full 0):
 par new generation   total 109248K, used 11216K [0x00000000e0000000, 0x00000000e8000000, 0x00000000e8000000)
  eden space 87424K,   0% used [0x00000000e0000000, 0x00000000e0000000, 0x00000000e5560000)
  from space 21824K,  51% used [0x00000000e6ab0000, 0x00000000e75a4010, 0x00000000e8000000)
  to   space 21824K,   0% used [0x00000000e5560000, 0x00000000e5560000, 0x00000000e6ab0000)
 concurrent mark-sweep generation total 393216K, used 0K [0x00000000e8000000, 0x0000000100000000, 0x0000000100000000)
 Metaspace       used 20981K, capacity 21286K, committed 21628K, reserved 1069056K
  class space    used 2419K, capacity 2589K, committed 2684K, reserved 1048576K
}
2017-08-29T07:57:37.235+0200: 2,760: Total time for which application threads were stopped: 0,0107083 seconds, Stopping threads took: 0,0000538 seconds
2017-08-29T07:57:37.240+0200: 2,765: [GC (CMS Initial Mark) [1 CMS-initial-mark: 0K(393216K)] 11922K(502464K), 0,0038330 secs] [Times: user=0,01 sys=0,00, real=0,00 secs] 
2017-08-29T07:57:37.244+0200: 2,769: Total time for which application threads were stopped: 0,0093280 seconds, Stopping threads took: 0,0054058 seconds
2017-08-29T07:57:37.244+0200: 2,769: [CMS-concurrent-mark-start]
2017-08-29T07:57:37.245+0200: 2,770: [CMS-concurrent-mark: 0,001/0,001 secs] [Times: user=0,00 sys=0,00, real=0,00 secs] 
2017-08-29T07:57:37.245+0200: 2,770: [CMS-concurrent-preclean-start]
2017-08-29T07:57:37.246+0200: 2,771: [CMS-concurrent-preclean: 0,001/0,001 secs] [Times: user=0,01 sys=0,00, real=0,01 secs] 
2017-08-29T07:57:37.246+0200: 2,771: [CMS-concurrent-abortable-preclean-start]
2017-08-29T07:57:37.300+0200: 2,825: Total time for which application threads were stopped: 0,0001587 seconds, Stopping threads took: 0,0000757 seconds
{Heap before GC invocations=3 (full 1):
 par new generation   total 109248K, used 98640K [0x00000000e0000000, 0x00000000e8000000, 0x00000000e8000000)
  eden space 87424K, 100% used [0x00000000e0000000, 0x00000000e5560000, 0x00000000e5560000)
  from space 21824K,  51% used [0x00000000e6ab0000, 0x00000000e75a4010, 0x00000000e8000000)
  to   space 21824K,   0% used [0x00000000e5560000, 0x00000000e5560000, 0x00000000e6ab0000)
 concurrent mark-sweep generation total 393216K, used 0K [0x00000000e8000000, 0x0000000100000000, 0x0000000100000000)
 Metaspace       used 21248K, capacity 21632K, committed 21884K, reserved 1069056K
  class space    used 2446K, capacity 2605K, committed 2684K, reserved 1048576K
2017-08-29T07:57:37.354+0200: 2,879: [GC (Allocation Failure) 2017-08-29T07:57:37.354+0200: 2,879: [ParNew
Desired survivor size 20112992 bytes, new threshold 8 (max 8)
- age   1:    1633456 bytes,    1633456 total
- age   2:    1449520 bytes,    3082976 total
- age   3:     831312 bytes,    3914288 total
- age   4:    6683248 bytes,   10597536 total
: 98640K->16346K(109248K), 0,0184953 secs] 98640K->16346K(502464K), 0,0185687 secs] [Times: user=0,05 sys=0,00, real=0,02 secs] 
Heap after GC invocations=4 (full 1):
 par new generation   total 109248K, used 16346K [0x00000000e0000000, 0x00000000e8000000, 0x00000000e8000000)
  eden space 87424K,   0% used [0x00000000e0000000, 0x00000000e0000000, 0x00000000e5560000)
  from space 21824K,  74% used [0x00000000e5560000, 0x00000000e6556b00, 0x00000000e6ab0000)
  to   space 21824K,   0% used [0x00000000e6ab0000, 0x00000000e6ab0000, 0x00000000e8000000)
 concurrent mark-sweep generation total 393216K, used 0K [0x00000000e8000000, 0x0000000100000000, 0x0000000100000000)
 Metaspace       used 21248K, capacity 21632K, committed 21884K, reserved 1069056K
  class space    used 2446K, capacity 2605K, committed 2684K, reserved 1048576K
}
2017-08-29T07:57:37.373+0200: 2,898: Total time for which application threads were stopped: 0,0188165 seconds, Stopping threads took: 0,0000760 seconds
2017-08-29T07:57:37.373+0200: 2,898: [CMS-concurrent-abortable-preclean: 0,092/0,127 secs] [Times: user=0,47 sys=0,00, real=0,12 secs] 
2017-08-29T07:57:37.390+0200: 2,915: [GC (CMS Final Remark) [YG occupancy: 26263 K (109248 K)]{Heap before GC invocations=4 (full 1):
 par new generation   total 109248K, used 26263K [0x00000000e0000000, 0x00000000e8000000, 0x00000000e8000000)
  eden space 87424K,  11% used [0x00000000e0000000, 0x00000000e09af408, 0x00000000e5560000)
  from space 21824K,  74% used [0x00000000e5560000, 0x00000000e6556b00, 0x00000000e6ab0000)
  to   space 21824K,   0% used [0x00000000e6ab0000, 0x00000000e6ab0000, 0x00000000e8000000)
 concurrent mark-sweep generation total 393216K, used 0K [0x00000000e8000000, 0x0000000100000000, 0x0000000100000000)
 Metaspace       used 21267K, capacity 21632K, committed 21884K, reserved 1069056K
  class space    used 2449K, capacity 2605K, committed 2684K, reserved 1048576K
2017-08-29T07:57:37.390+0200: 2,915: [GC (CMS Final Remark) 2017-08-29T07:57:37.390+0200: 2,915: [ParNew
Desired survivor size 20112992 bytes, new threshold 8 (max 8)
- age   1:     576032 bytes,     576032 total
- age   2:     922144 bytes,    1498176 total
- age   3:    1449376 bytes,    2947552 total
- age   4:     831264 bytes,    3778816 total
- age   5:    6683368 bytes,   10462184 total
: 26263K->12734K(109248K), 0,0106735 secs] 26263K->12734K(502464K), 0,0107241 secs] [Times: user=0,04 sys=0,00, real=0,01 secs] 
Heap after GC invocations=5 (full 1):
 par new generation   total 109248K, used 12734K [0x00000000e0000000, 0x00000000e8000000, 0x00000000e8000000)
  eden space 87424K,   0% used [0x00000000e0000000, 0x00000000e0000000, 0x00000000e5560000)
  from space 21824K,  58% used [0x00000000e6ab0000, 0x00000000e771f8e0, 0x00000000e8000000)
  to   space 21824K,   0% used [0x00000000e5560000, 0x00000000e5560000, 0x00000000e6ab0000)
 concurrent mark-sweep generation total 393216K, used 0K [0x00000000e8000000, 0x0000000100000000, 0x0000000100000000)
 Metaspace       used 21267K, capacity 21632K, committed 21884K, reserved 1069056K
  class space    used 2449K, capacity 2605K, committed 2684K, reserved 1048576K
}
2017-08-29T07:57:37.401+0200: 2,926: [Rescan (parallel) , 0,0042834 secs]2017-08-29T07:57:37.405+0200: 2,930: [weak refs processing, 0,0007999 secs]2017-08-29T07:57:37.406+0200: 2,931: [class unloading, 0,0027741 secs]2017-08-29T07:57:37.409+0200: 2,934: [scrub symbol table, 0,0026262 secs]2017-08-29T07:57:37.411+0200: 2,936: [scrub string table, 0,0003998 secs][1 CMS-remark: 0K(393216K)] 12734K(502464K), 0,0223091 secs] [Times: user=0,07 sys=0,00, real=0,02 secs] 
2017-08-29T07:57:37.412+0200: 2,937: Total time for which application threads were stopped: 0,0224686 seconds, Stopping threads took: 0,0000621 seconds
2017-08-29T07:57:37.413+0200: 2,937: [CMS-concurrent-sweep-start]
2017-08-29T07:57:37.413+0200: 2,937: [CMS-concurrent-sweep: 0,000/0,000 secs] [Times: user=0,00 sys=0,00, real=0,00 secs] 
2017-08-29T07:57:37.413+0200: 2,937: [CMS-concurrent-reset-start]
2017-08-29T07:57:37.415+0200: 2,940: [CMS-concurrent-reset: 0,002/0,002 secs] [Times: user=0,01 sys=0,00, real=0,00 secs] 
{Heap before GC invocations=5 (full 1):
 par new generation   total 109248K, used 100158K [0x00000000e0000000, 0x00000000e8000000, 0x00000000e8000000)
  eden space 87424K, 100% used [0x00000000e0000000, 0x00000000e5560000, 0x00000000e5560000)
  from space 21824K,  58% used [0x00000000e6ab0000, 0x00000000e771f8e0, 0x00000000e8000000)
  to   space 21824K,   0% used [0x00000000e5560000, 0x00000000e5560000, 0x00000000e6ab0000)
 concurrent mark-sweep generation total 393216K, used 0K [0x00000000e8000000, 0x0000000100000000, 0x0000000100000000)
 Metaspace       used 21463K, capacity 21868K, committed 22140K, reserved 1069056K
  class space    used 2475K, capacity 2639K, committed 2684K, reserved 1048576K
2017-08-29T07:57:37.497+0200: 3,022: [GC (Allocation Failure) 2017-08-29T07:57:37.497+0200: 3,022: [ParNew
Desired survivor size 20112992 bytes, new threshold 8 (max 8)
- age   1:     481536 bytes,     481536 total
- age   2:      12816 bytes,     494352 total
- age   3:     185248 bytes,     679600 total
- age   4:    1447328 bytes,    2126928 total
- age   5:     829296 bytes,    2956224 total
- age   6:    6683216 bytes,    9639440 total
: 100158K->17640K(109248K), 0,0136592 secs] 100158K->17640K(502464K), 0,0137217 secs] [Times: user=0,04 sys=0,00, real=0,02 secs] 
Heap after GC invocations=6 (full 1):
 par new generation   total 109248K, used 17640K [0x00000000e0000000, 0x00000000e8000000, 0x00000000e8000000)
  eden space 87424K,   0% used [0x00000000e0000000, 0x00000000e0000000, 0x00000000e5560000)
  from space 21824K,  80% used [0x00000000e5560000, 0x00000000e669a280, 0x00000000e6ab0000)
  to   space 21824K,   0% used [0x00000000e6ab0000, 0x00000000e6ab0000, 0x00000000e8000000)
 concurrent mark-sweep generation total 393216K, used 0K [0x00000000e8000000, 0x0000000100000000, 0x0000000100000000)
 Metaspace       used 21463K, capacity 21868K, committed 22140K, reserved 1069056K
  class space    used 2475K, capacity 2639K, committed 2684K, reserved 1048576K
}
2017-08-29T07:57:37.511+0200: 3,036: Total time for which application threads were stopped: 0,0138963 seconds, Stopping threads took: 0,0000479 seconds
2017-08-29T07:57:37.524+0200: 3,049: Total time for which application threads were stopped: 0,0002947 seconds, Stopping threads took: 0,0000156 seconds
2017-08-29T07:57:37.780+0200: 3,305: Total time for which application threads were stopped: 0,0004491 seconds, Stopping threads took: 0,0000393 seconds
2017-08-29T07:57:37.796+0200: 3,321: Total time for which application threads were stopped: 0,0003652 seconds, Stopping threads took: 0,0000192 seconds
{Heap before GC invocations=6 (full 1):
 par new generation   total 109248K, used 105064K [0x00000000e0000000, 0x00000000e8000000, 0x00000000e8000000)
  eden space 87424K, 100% used [0x00000000e0000000, 0x00000000e5560000, 0x00000000e5560000)
  from space 21824K,  80% used [0x00000000e5560000, 0x00000000e669a280, 0x00000000e6ab0000)
  to   space 21824K,   0% used [0x00000000e6ab0000, 0x00000000e6ab0000, 0x00000000e8000000)
 concurrent mark-sweep generation total 393216K, used 0K [0x00000000e8000000, 0x0000000100000000, 0x0000000100000000)
 Metaspace       used 23869K, capacity 24334K, committed 24572K, reserved 1071104K
  class space    used 2810K, capacity 3014K, committed 3068K, reserved 1048576K
2017-08-29T07:57:37.962+0200: 3,487: [GC (Allocation Failure) 2017-08-29T07:57:37.962+0200: 3,487: [ParNew
Desired survivor size 20112992 bytes, new threshold 8 (max 8)
- age   1:    5004384 bytes,    5004384 total
- age   2:     185056 bytes,    5189440 total
- age   3:      12752 bytes,    5202192 total
- age   4:     184672 bytes,    5386864 total
- age   5:     279136 bytes,    5666000 total
- age   6:     804936 bytes,    6470936 total
- age   7:    6675040 bytes,   13145976 total
: 105064K->14887K(109248K), 0,0269516 secs] 105064K->14887K(502464K), 0,0270291 secs] [Times: user=0,10 sys=0,01, real=0,03 secs] 
Heap after GC invocations=7 (full 1):
 par new generation   total 109248K, used 14887K [0x00000000e0000000, 0x00000000e8000000, 0x00000000e8000000)
  eden space 87424K,   0% used [0x00000000e0000000, 0x00000000e0000000, 0x00000000e5560000)
  from space 21824K,  68% used [0x00000000e6ab0000, 0x00000000e7939f68, 0x00000000e8000000)
  to   space 21824K,   0% used [0x00000000e5560000, 0x00000000e5560000, 0x00000000e6ab0000)
 concurrent mark-sweep generation total 393216K, used 0K [0x00000000e8000000, 0x0000000100000000, 0x0000000100000000)
 Metaspace       used 23869K, capacity 24334K, committed 24572K, reserved 1071104K
  class space    used 2810K, capacity 3014K, committed 3068K, reserved 1048576K
}
2017-08-29T07:57:37.989+0200: 3,514: Total time for which application threads were stopped: 0,0307595 seconds, Stopping threads took: 0,0035098 seconds
{Heap before GC invocations=7 (full 1):
 par new generation   total 109248K, used 102311K [0x00000000e0000000, 0x00000000e8000000, 0x00000000e8000000)
  eden space 87424K, 100% used [0x00000000e0000000, 0x00000000e5560000, 0x00000000e5560000)
  from space 21824K,  68% used [0x00000000e6ab0000, 0x00000000e7939f68, 0x00000000e8000000)
  to   space 21824K,   0% used [0x00000000e5560000, 0x00000000e5560000, 0x00000000e6ab0000)
 concurrent mark-sweep generation total 393216K, used 0K [0x00000000e8000000, 0x0000000100000000, 0x0000000100000000)
 Metaspace       used 24452K, capacity 24948K, committed 25084K, reserved 1071104K
  class space    used 2862K, capacity 3047K, committed 3068K, reserved 1048576K
2017-08-29T07:57:38.105+0200: 3,630: [GC (Allocation Failure) 2017-08-29T07:57:38.105+0200: 3,630: [ParNew
Desired survivor size 20112992 bytes, new threshold 8 (max 8)
- age   1:    2085136 bytes,    2085136 total
- age   2:    1774584 bytes,    3859720 total
- age   3:      90800 bytes,    3950520 total
- age   4:       5696 bytes,    3956216 total
- age   5:     101024 bytes,    4057240 total
- age   6:     192200 bytes,    4249440 total
- age   7:     753000 bytes,    5002440 total
- age   8:    6206096 bytes,   11208536 total
: 102311K->15931K(109248K), 0,0156767 secs] 102311K->15931K(502464K), 0,0157517 secs] [Times: user=0,06 sys=0,00, real=0,02 secs] 
Heap after GC invocations=8 (full 1):
 par new generation   total 109248K, used 15931K [0x00000000e0000000, 0x00000000e8000000, 0x00000000e8000000)
  eden space 87424K,   0% used [0x00000000e0000000, 0x00000000e0000000, 0x00000000e5560000)
  from space 21824K,  72% used [0x00000000e5560000, 0x00000000e64eeda0, 0x00000000e6ab0000)
  to   space 21824K,   0% used [0x00000000e6ab0000, 0x00000000e6ab0000, 0x00000000e8000000)
 concurrent mark-sweep generation total 393216K, used 0K [0x00000000e8000000, 0x0000000100000000, 0x0000000100000000)
 Metaspace       used 24452K, capacity 24948K, committed 25084K, reserved 1071104K
  class space    used 2862K, capacity 3047K, committed 3068K, reserved 1048576K
}
2017-08-29T07:57:38.121+0200: 3,646: Total time for which application threads were stopped: 0,0159514 seconds, Stopping threads took: 0,0000456 seconds
{Heap before GC invocations=8 (full 1):
 par new generation   total 109248K, used 103355K [0x00000000e0000000, 0x00000000e8000000, 0x00000000e8000000)
  eden space 87424K, 100% used [0x00000000e0000000, 0x00000000e5560000, 0x00000000e5560000)
  from space 21824K,  72% used [0x00000000e5560000, 0x00000000e64eeda0, 0x00000000e6ab0000)
  to   space 21824K,   0% used [0x00000000e6ab0000, 0x00000000e6ab0000, 0x00000000e8000000)
 concurrent mark-sweep generation total 393216K, used 0K [0x00000000e8000000, 0x0000000100000000, 0x0000000100000000)
 Metaspace       used 24844K, capacity 25262K, committed 25468K, reserved 1071104K
  class space    used 2901K, capacity 3084K, committed 3196K, reserved 1048576K
2017-08-29T07:57:38.210+0200: 3,735: [GC (Allocation Failure) 2017-08-29T07:57:38.210+0200: 3,735: [ParNew
Desired survivor size 20112992 bytes, new threshold 8 (max 8)
- age   1:     769512 bytes,     769512 total
- age   2:     993968 bytes,    1763480 total
- age   3:    1751768 bytes,    3515248 total
- age   4:      90768 bytes,    3606016 total
- age   5:       5696 bytes,    3611712 total
- age   6:     100856 bytes,    3712568 total
- age   7:     189064 bytes,    3901632 total
- age   8:     752232 bytes,    4653864 total
: 103355K->8419K(109248K), 0,0334624 secs] 103355K->14499K(502464K), 0,0335378 secs] [Times: user=0,08 sys=0,00, real=0,03 secs] 
Heap after GC invocations=9 (full 1):
 par new generation   total 109248K, used 8419K [0x00000000e0000000, 0x00000000e8000000, 0x00000000e8000000)
  eden space 87424K,   0% used [0x00000000e0000000, 0x00000000e0000000, 0x00000000e5560000)
  from space 21824K,  38% used [0x00000000e6ab0000, 0x00000000e72e8fb0, 0x00000000e8000000)
  to   space 21824K,   0% used [0x00000000e5560000, 0x00000000e5560000, 0x00000000e6ab0000)
 concurrent mark-sweep generation total 393216K, used 6079K [0x00000000e8000000, 0x0000000100000000, 0x0000000100000000)
 Metaspace       used 24844K, capacity 25262K, committed 25468K, reserved 1071104K
  class space    used 2901K, capacity 3084K, committed 3196K, reserved 1048576K
}
2017-08-29T07:57:38.244+0200: 3,769: Total time for which application threads were stopped: 0,0342859 seconds, Stopping threads took: 0,0005720 seconds
2017-08-29T07:57:38.504+0200: 4,029: Total time for which application threads were stopped: 0,0004278 seconds, Stopping threads took: 0,0000224 seconds
2017-08-29T07:57:38.518+0200: 4,042: Total time for which application threads were stopped: 0,0004197 seconds, Stopping threads took: 0,0000188 seconds
2017-08-29T07:57:38.534+0200: 4,059: Total time for which application threads were stopped: 0,0004053 seconds, Stopping threads took: 0,0001195 seconds
2017-08-29T07:57:38.559+0200: 4,084: Total time for which application threads were stopped: 0,0001382 seconds, Stopping threads took: 0,0000409 seconds
2017-08-29T07:57:38.560+0200: 4,085: Total time for which application threads were stopped: 0,0001173 seconds, Stopping threads took: 0,0000401 seconds
2017-08-29T07:57:38.563+0200: 4,088: Total time for which application threads were stopped: 0,0001213 seconds, Stopping threads took: 0,0000384 seconds
2017-08-29T07:57:38.564+0200: 4,089: Total time for which application threads were stopped: 0,0001169 seconds, Stopping threads took: 0,0000362 seconds
2017-08-29T07:57:38.566+0200: 4,090: Total time for which application threads were stopped: 0,0002048 seconds, Stopping threads took: 0,0000471 seconds
2017-08-29T07:57:38.567+0200: 4,092: Total time for which application threads were stopped: 0,0001642 seconds, Stopping threads took: 0,0000832 seconds
2017-08-29T07:57:38.572+0200: 4,097: Total time for which application threads were stopped: 0,0004157 seconds, Stopping threads took: 0,0000417 seconds
2017-08-29T07:57:38.577+0200: 4,102: Total time for which application threads were stopped: 0,0001118 seconds, Stopping threads took: 0,0000240 seconds
2017-08-29T07:57:38.577+0200: 4,102: Total time for which application threads were stopped: 0,0000901 seconds, Stopping threads took: 0,0000263 seconds
2017-08-29T07:57:38.586+0200: 4,110: Total time for which application threads were stopped: 0,0030030 seconds, Stopping threads took: 0,0029361 seconds
2017-08-29T07:57:38.591+0200: 4,116: Total time for which application threads were stopped: 0,0001107 seconds, Stopping threads took: 0,0000517 seconds
2017-08-29T07:57:38.592+0200: 4,117: Total time for which application threads were stopped: 0,0000981 seconds, Stopping threads took: 0,0000392 seconds
2017-08-29T07:57:38.594+0200: 4,118: Total time for which application threads were stopped: 0,0012867 seconds, Stopping threads took: 0,0012272 seconds
2017-08-29T07:57:38.594+0200: 4,119: Total time for which application threads were stopped: 0,0001020 seconds, Stopping threads took: 0,0000385 seconds
2017-08-29T07:57:38.596+0200: 4,120: Total time for which application threads were stopped: 0,0001057 seconds, Stopping threads took: 0,0000198 seconds
2017-08-29T07:57:38.596+0200: 4,121: Total time for which application threads were stopped: 0,0001282 seconds, Stopping threads took: 0,0000623 seconds
2017-08-29T07:57:38.596+0200: 4,121: Total time for which application threads were stopped: 0,0000832 seconds, Stopping threads took: 0,0000147 seconds
2017-08-29T07:57:38.596+0200: 4,121: Total time for which application threads were stopped: 0,0000738 seconds, Stopping threads took: 0,0000103 seconds
2017-08-29T07:57:38.596+0200: 4,121: Total time for which application threads were stopped: 0,0000660 seconds, Stopping threads took: 0,0000097 seconds
2017-08-29T07:57:38.598+0200: 4,122: Total time for which application threads were stopped: 0,0008092 seconds, Stopping threads took: 0,0007524 seconds
2017-08-29T07:57:38.598+0200: 4,123: Total time for which application threads were stopped: 0,0001121 seconds, Stopping threads took: 0,0000504 seconds
2017-08-29T07:57:38.598+0200: 4,123: Total time for which application threads were stopped: 0,0000731 seconds, Stopping threads took: 0,0000238 seconds
2017-08-29T07:57:38.598+0200: 4,123: Total time for which application threads were stopped: 0,0001880 seconds, Stopping threads took: 0,0000199 seconds
2017-08-29T07:57:38.598+0200: 4,123: Total time for which application threads were stopped: 0,0001071 seconds, Stopping threads took: 0,0000265 seconds
2017-08-29T07:57:38.599+0200: 4,123: Total time for which application threads were stopped: 0,0000709 seconds, Stopping threads took: 0,0000208 seconds
2017-08-29T07:57:38.599+0200: 4,124: Total time for which application threads were stopped: 0,0000736 seconds, Stopping threads took: 0,0000224 seconds
2017-08-29T07:57:38.599+0200: 4,124: Total time for which application threads were stopped: 0,0000631 seconds, Stopping threads took: 0,0000199 seconds
2017-08-29T07:57:38.599+0200: 4,124: Total time for which application threads were stopped: 0,0000529 seconds, Stopping threads took: 0,0000160 seconds
2017-08-29T07:57:38.599+0200: 4,124: Total time for which application threads were stopped: 0,0000659 seconds, Stopping threads took: 0,0000132 seconds
2017-08-29T07:57:38.599+0200: 4,124: Total time for which application threads were stopped: 0,0000664 seconds, Stopping threads took: 0,0000192 seconds
2017-08-29T07:57:38.599+0200: 4,124: Total time for which application threads were stopped: 0,0000485 seconds, Stopping threads took: 0,0000121 seconds
2017-08-29T07:57:38.599+0200: 4,124: Total time for which application threads were stopped: 0,0000608 seconds, Stopping threads took: 0,0000237 seconds
2017-08-29T07:57:38.600+0200: 4,124: Total time for which application threads were stopped: 0,0000450 seconds, Stopping threads took: 0,0000116 seconds
2017-08-29T07:57:38.600+0200: 4,125: Total time for which application threads were stopped: 0,0000795 seconds, Stopping threads took: 0,0000125 seconds
2017-08-29T07:57:38.600+0200: 4,125: Total time for which application threads were stopped: 0,0000657 seconds, Stopping threads took: 0,0000229 seconds
2017-08-29T07:57:38.600+0200: 4,125: Total time for which application threads were stopped: 0,0000561 seconds, Stopping threads took: 0,0000144 seconds
2017-08-29T07:57:38.600+0200: 4,125: Total time for which application threads were stopped: 0,0000488 seconds, Stopping threads took: 0,0000097 seconds
2017-08-29T07:57:38.600+0200: 4,125: Total time for which application threads were stopped: 0,0000492 seconds, Stopping threads took: 0,0000139 seconds
2017-08-29T07:57:38.601+0200: 4,125: Total time for which application threads were stopped: 0,0000660 seconds, Stopping threads took: 0,0000160 seconds
2017-08-29T07:57:38.601+0200: 4,126: Total time for which application threads were stopped: 0,0000514 seconds, Stopping threads took: 0,0000117 seconds
2017-08-29T07:57:38.601+0200: 4,126: Total time for which application threads were stopped: 0,0000585 seconds, Stopping threads took: 0,0000130 seconds
2017-08-29T07:57:38.601+0200: 4,126: Total time for which application threads were stopped: 0,0000444 seconds, Stopping threads took: 0,0000105 seconds
2017-08-29T07:57:38.601+0200: 4,126: Total time for which application threads were stopped: 0,0001218 seconds, Stopping threads took: 0,0000092 seconds
2017-08-29T07:57:38.606+0200: 4,130: Total time for which application threads were stopped: 0,0008913 seconds, Stopping threads took: 0,0008209 seconds
2017-08-29T07:57:38.612+0200: 4,137: Total time for which application threads were stopped: 0,0001523 seconds, Stopping threads took: 0,0000538 seconds
2017-08-29T07:57:38.618+0200: 4,143: Total time for which application threads were stopped: 0,0001929 seconds, Stopping threads took: 0,0000465 seconds
2017-08-29T07:57:38.637+0200: 4,162: Total time for which application threads were stopped: 0,0001907 seconds, Stopping threads took: 0,0000933 seconds
2017-08-29T07:57:38.657+0200: 4,182: Total time for which application threads were stopped: 0,0001364 seconds, Stopping threads took: 0,0000459 seconds
2017-08-29T07:57:38.683+0200: 4,208: Total time for which application threads were stopped: 0,0001199 seconds, Stopping threads took: 0,0000341 seconds
2017-08-29T07:57:38.684+0200: 4,209: Total time for which application threads were stopped: 0,0004369 seconds, Stopping threads took: 0,0000242 seconds
2017-08-29T07:57:39.684+0200: 5,209: Total time for which application threads were stopped: 0,0000758 seconds, Stopping threads took: 0,0000154 seconds
2017-08-29T07:57:40.684+0200: 6,209: Total time for which application threads were stopped: 0,0000590 seconds, Stopping threads took: 0,0000152 seconds
2017-08-29T07:57:56.687+0200: 22,212: Total time for which application threads were stopped: 0,0001117 seconds, Stopping threads took: 0,0000200 seconds
2017-08-29T07:58:06.152+0200: 32,213: Total time for which application threads were stopped: 0,0000628 seconds, Stopping threads took: 0,0000157 seconds
2017-08-29T07:58:56.158+0200: 82,220: Total time for which application threads were stopped: 0,0000834 seconds, Stopping threads took: 0,0000220 seconds
2017-08-29T07:59:31.162+0200: 117,224: Total time for which application threads were stopped: 0,0000812 seconds, Stopping threads took: 0,0000321 seconds
2017-08-29T07:59:36.163+0200: 122,224: Total time for which application threads were stopped: 0,0000925 seconds, Stopping threads took: 0,0000249 seconds
2017-08-29T08:02:11.179+0200: 277,241: Total time for which application threads were stopped: 0,0001045 seconds, Stopping threads took: 0,0000411 seconds
2017-08-29T08:08:21.218+0200: 647,280: Total time for which application threads were stopped: 0,0000804 seconds, Stopping threads took: 0,0000318 seconds
2017-08-29T08:13:41.251+0200: 967,312: Total time for which application threads were stopped: 0,0004481 seconds, Stopping threads took: 0,0002108 seconds
2017-08-29T08:19:06.283+0200: 1292,345: Total time for which application threads were stopped: 0,0004205 seconds, Stopping threads took: 0,0002049 seconds
2017-08-29T08:20:40.293+0200: 1386,354: Total time for which application threads were stopped: 0,0000882 seconds, Stopping threads took: 0,0000338 seconds
2017-08-29T08:21:00.295+0200: 1406,356: Total time for which application threads were stopped: 0,0003237 seconds, Stopping threads took: 0,0001130 seconds
2017-08-29T08:21:10.296+0200: 1416,358: Total time for which application threads were stopped: 0,0000792 seconds, Stopping threads took: 0,0000194 seconds
2017-08-29T08:24:40.319+0200: 1626,381: Total time for which application threads were stopped: 0,0000877 seconds, Stopping threads took: 0,0000321 seconds
2017-08-29T08:24:45.320+0200: 1631,381: Total time for which application threads were stopped: 0,0001049 seconds, Stopping threads took: 0,0000256 seconds
2017-08-29T08:35:55.390+0200: 2301,451: Total time for which application threads were stopped: 0,0000849 seconds, Stopping threads took: 0,0000324 seconds
2017-08-29T08:35:56.390+0200: 2302,452: Total time for which application threads were stopped: 0,0002920 seconds, Stopping threads took: 0,0000892 seconds
{Heap before GC invocations=9 (full 1):
 par new generation   total 109248K, used 95843K [0x00000000e0000000, 0x00000000e8000000, 0x00000000e8000000)
  eden space 87424K, 100% used [0x00000000e0000000, 0x00000000e5560000, 0x00000000e5560000)
  from space 21824K,  38% used [0x00000000e6ab0000, 0x00000000e72e8fb0, 0x00000000e8000000)
  to   space 21824K,   0% used [0x00000000e5560000, 0x00000000e5560000, 0x00000000e6ab0000)
 concurrent mark-sweep generation total 393216K, used 6079K [0x00000000e8000000, 0x0000000100000000, 0x0000000100000000)
 Metaspace       used 28043K, capacity 28554K, committed 28796K, reserved 1075200K
  class space    used 3214K, capacity 3390K, committed 3452K, reserved 1048576K
2017-08-29T08:41:39.253+0200: 2645,314: [GC (Allocation Failure) 2017-08-29T08:41:39.253+0200: 2645,314: [ParNew
Desired survivor size 20112992 bytes, new threshold 8 (max 8)
- age   1:   10887320 bytes,   10887320 total
- age   2:     242488 bytes,   11129808 total
- age   3:     214728 bytes,   11344536 total
- age   4:    1746856 bytes,   13091392 total
- age   5:      88200 bytes,   13179592 total
- age   6:       5696 bytes,   13185288 total
- age   7:     100632 bytes,   13285920 total
- age   8:     188776 bytes,   13474696 total
: 95843K->14734K(109248K), 0,0695805 secs] 101923K->21633K(502464K), 0,0696595 secs] [Times: user=0,05 sys=0,00, real=0,07 secs] 
Heap after GC invocations=10 (full 1):
 par new generation   total 109248K, used 14734K [0x00000000e0000000, 0x00000000e8000000, 0x00000000e8000000)
  eden space 87424K,   0% used [0x00000000e0000000, 0x00000000e0000000, 0x00000000e5560000)
  from space 21824K,  67% used [0x00000000e5560000, 0x00000000e63c3a90, 0x00000000e6ab0000)
  to   space 21824K,   0% used [0x00000000e6ab0000, 0x00000000e6ab0000, 0x00000000e8000000)
 concurrent mark-sweep generation total 393216K, used 6898K [0x00000000e8000000, 0x0000000100000000, 0x0000000100000000)
 Metaspace       used 28043K, capacity 28554K, committed 28796K, reserved 1075200K
  class space    used 3214K, capacity 3390K, committed 3452K, reserved 1048576K
}
2017-08-29T08:41:39.323+0200: 2645,384: Total time for which application threads were stopped: 0,0698987 seconds, Stopping threads took: 0,0000243 seconds
2017-08-29T08:41:39.366+0200: 2645,427: Total time for which application threads were stopped: 0,0050336 seconds, Stopping threads took: 0,0049571 seconds
2017-08-29T08:41:39.366+0200: 2645,428: Total time for which application threads were stopped: 0,0000471 seconds, Stopping threads took: 0,0000087 seconds
2017-08-29T08:41:39.389+0200: 2645,451: Total time for which application threads were stopped: 0,0001015 seconds, Stopping threads took: 0,0000167 seconds
2017-08-29T08:41:39.401+0200: 2645,463: Total time for which application threads were stopped: 0,0060082 seconds, Stopping threads took: 0,0059306 seconds
2017-08-29T08:41:39.401+0200: 2645,463: Total time for which application threads were stopped: 0,0000385 seconds, Stopping threads took: 0,0000066 seconds
2017-08-29T08:41:39.416+0200: 2645,478: Total time for which application threads were stopped: 0,0002083 seconds, Stopping threads took: 0,0001311 seconds
2017-08-29T08:41:39.420+0200: 2645,481: Total time for which application threads were stopped: 0,0001104 seconds, Stopping threads took: 0,0000359 seconds
2017-08-29T08:41:39.420+0200: 2645,481: Total time for which application threads were stopped: 0,0000800 seconds, Stopping threads took: 0,0000254 seconds
2017-08-29T08:41:39.420+0200: 2645,482: Total time for which application threads were stopped: 0,0000684 seconds, Stopping threads took: 0,0000200 seconds
2017-08-29T08:41:39.421+0200: 2645,483: Total time for which application threads were stopped: 0,0011400 seconds, Stopping threads took: 0,0010582 seconds
2017-08-29T08:41:39.422+0200: 2645,484: Total time for which application threads were stopped: 0,0000757 seconds, Stopping threads took: 0,0000225 seconds
2017-08-29T08:41:39.422+0200: 2645,484: Total time for which application threads were stopped: 0,0000477 seconds, Stopping threads took: 0,0000076 seconds
2017-08-29T08:41:39.422+0200: 2645,484: Total time for which application threads were stopped: 0,0000466 seconds, Stopping threads took: 0,0000122 seconds
2017-08-29T08:41:39.422+0200: 2645,484: Total time for which application threads were stopped: 0,0000429 seconds, Stopping threads took: 0,0000113 seconds
2017-08-29T08:41:39.427+0200: 2645,488: Total time for which application threads were stopped: 0,0000957 seconds, Stopping threads took: 0,0000327 seconds
2017-08-29T08:41:39.438+0200: 2645,499: Total time for which application threads were stopped: 0,0099239 seconds, Stopping threads took: 0,0098496 seconds
2017-08-29T08:41:39.442+0200: 2645,503: Total time for which application threads were stopped: 0,0001038 seconds, Stopping threads took: 0,0000165 seconds
2017-08-29T08:41:39.442+0200: 2645,503: Total time for which application threads were stopped: 0,0000394 seconds, Stopping threads took: 0,0000063 seconds
2017-08-29T08:41:39.442+0200: 2645,504: Total time for which application threads were stopped: 0,0000527 seconds, Stopping threads took: 0,0000148 seconds
2017-08-29T08:41:39.443+0200: 2645,505: Total time for which application threads were stopped: 0,0000611 seconds, Stopping threads took: 0,0000170 seconds
2017-08-29T08:41:39.443+0200: 2645,505: Total time for which application threads were stopped: 0,0000338 seconds, Stopping threads took: 0,0000046 seconds
2017-08-29T08:41:39.443+0200: 2645,505: Total time for which application threads were stopped: 0,0000321 seconds, Stopping threads took: 0,0000046 seconds
2017-08-29T08:41:39.444+0200: 2645,505: Total time for which application threads were stopped: 0,0000477 seconds, Stopping threads took: 0,0000126 seconds
2017-08-29T08:41:39.444+0200: 2645,505: Total time for which application threads were stopped: 0,0000317 seconds, Stopping threads took: 0,0000043 seconds
2017-08-29T08:41:39.444+0200: 2645,506: Total time for which application threads were stopped: 0,0003472 seconds, Stopping threads took: 0,0003143 seconds
2017-08-29T08:41:39.444+0200: 2645,506: Total time for which application threads were stopped: 0,0000308 seconds, Stopping threads took: 0,0000043 seconds
2017-08-29T08:41:39.444+0200: 2645,506: Total time for which application threads were stopped: 0,0000305 seconds, Stopping threads took: 0,0000041 seconds
2017-08-29T08:41:39.445+0200: 2645,506: Total time for which application threads were stopped: 0,0001216 seconds, Stopping threads took: 0,0000049 seconds
2017-08-29T08:41:39.452+0200: 2645,514: Total time for which application threads were stopped: 0,0000924 seconds, Stopping threads took: 0,0000142 seconds
2017-08-29T08:41:39.454+0200: 2645,515: Total time for which application threads were stopped: 0,0000643 seconds, Stopping threads took: 0,0000111 seconds
2017-08-29T08:41:39.454+0200: 2645,515: Total time for which application threads were stopped: 0,0000311 seconds, Stopping threads took: 0,0000043 seconds
2017-08-29T08:41:39.454+0200: 2645,515: Total time for which application threads were stopped: 0,0001171 seconds, Stopping threads took: 0,0000041 seconds
2017-08-29T08:41:39.457+0200: 2645,518: Total time for which application threads were stopped: 0,0000734 seconds, Stopping threads took: 0,0000162 seconds
2017-08-29T08:41:39.457+0200: 2645,519: Total time for which application threads were stopped: 0,0001386 seconds, Stopping threads took: 0,0000476 seconds
Heap
 par new generation   total 109248K, used 25457K [0x00000000e0000000, 0x00000000e8000000, 0x00000000e8000000)
  eden space 87424K,  12% used [0x00000000e0000000, 0x00000000e0a78c00, 0x00000000e5560000)
  from space 21824K,  67% used [0x00000000e5560000, 0x00000000e63c3a90, 0x00000000e6ab0000)
  to   space 21824K,   0% used [0x00000000e6ab0000, 0x00000000e6ab0000, 0x00000000e8000000)
 concurrent mark-sweep generation total 393216K, used 6898K [0x00000000e8000000, 0x0000000100000000, 0x0000000100000000)
 Metaspace       used 28137K, capacity 28726K, committed 29052K, reserved 1075200K
  class space    used 3227K, capacity 3424K, committed 3452K, reserved 1048576K
