OpenJDK 64-Bit Server VM (25.121-b13) for linux-amd64 JRE (1.8.0_121-8u121-b13-0ubuntu1.16.04.2-b13), built on Jan 23 2017 15:51:29 by "buildd" with gcc 5.4.0 20160609
Memory: 4k page, physical 7867764k(7449344k free), swap 8076284k(8076284k free)
CommandLine flags: -XX:CMSInitiatingOccupancyFraction=50 -XX:CMSMaxAbortablePrecleanTime=6000 -XX:+CMSParallelRemarkEnabled -XX:+CMSScavengeBeforeRemark -XX:ConcGCThreads=4 -XX:InitialHeapSize=536870912 -XX:MaxHeapSize=536870912 -XX:MaxTenuringThreshold=8 -XX:NewRatio=3 -XX:OldPLABSize=16 -XX:OnOutOfMemoryError=/opt/solr/bin/oom_solr.sh 8983 /var/solr/logs -XX:ParallelGCThreads=4 -XX:+ParallelRefProcEnabled -XX:PretenureSizeThreshold=67108864 -XX:+PrintGC -XX:+PrintGCApplicationStoppedTime -XX:+PrintGCDateStamps -XX:+PrintGCDetails -XX:+PrintGCTimeStamps -XX:+PrintHeapAtGC -XX:+PrintTenuringDistribution -XX:SurvivorRatio=4 -XX:TargetSurvivorRatio=90 -XX:ThreadStackSize=256 -XX:+UseCMSInitiatingOccupancyOnly -XX:+UseCompressedClassPointers -XX:+UseCompressedOops -XX:+UseConcMarkSweepGC -XX:+UseParNewGC 
2017-05-14T01:50:27.757+0200: 0,128: Total time for which application threads were stopped: 0,0000736 seconds, Stopping threads took: 0,0000141 seconds
2017-05-14T01:50:27.845+0200: 0,217: Total time for which application threads were stopped: 0,0000926 seconds, Stopping threads took: 0,0000169 seconds
2017-05-14T01:50:27.860+0200: 0,231: Total time for which application threads were stopped: 0,0000723 seconds, Stopping threads took: 0,0000122 seconds
2017-05-14T01:50:28.095+0200: 0,467: Total time for which application threads were stopped: 0,0001068 seconds, Stopping threads took: 0,0000123 seconds
2017-05-14T01:50:28.596+0200: 0,967: Total time for which application threads were stopped: 0,0001670 seconds, Stopping threads took: 0,0000226 seconds
2017-05-14T01:50:28.743+0200: 1,115: Total time for which application threads were stopped: 0,0001664 seconds, Stopping threads took: 0,0000165 seconds
2017-05-14T01:50:28.755+0200: 1,127: Total time for which application threads were stopped: 0,0001759 seconds, Stopping threads took: 0,0000255 seconds
2017-05-14T01:50:29.070+0200: 1,442: Total time for which application threads were stopped: 0,0001933 seconds, Stopping threads took: 0,0000262 seconds
2017-05-14T01:50:29.310+0200: 1,682: Total time for which application threads were stopped: 0,0002526 seconds, Stopping threads took: 0,0000170 seconds
2017-05-14T01:50:29.334+0200: 1,705: Total time for which application threads were stopped: 0,0003831 seconds, Stopping threads took: 0,0000538 seconds
2017-05-14T01:50:29.370+0200: 1,742: Total time for which application threads were stopped: 0,0002601 seconds, Stopping threads took: 0,0000232 seconds
2017-05-14T01:50:29.371+0200: 1,743: Total time for which application threads were stopped: 0,0001946 seconds, Stopping threads took: 0,0000178 seconds
2017-05-14T01:50:29.389+0200: 1,760: Total time for which application threads were stopped: 0,0001799 seconds, Stopping threads took: 0,0000179 seconds
2017-05-14T01:50:29.480+0200: 1,852: Total time for which application threads were stopped: 0,0002417 seconds, Stopping threads took: 0,0000215 seconds
2017-05-14T01:50:29.644+0200: 2,016: Total time for which application threads were stopped: 0,0002686 seconds, Stopping threads took: 0,0000481 seconds
{Heap before GC invocations=0 (full 0):
 par new generation   total 109248K, used 87424K [0x00000000e0000000, 0x00000000e8000000, 0x00000000e8000000)
  eden space 87424K, 100% used [0x00000000e0000000, 0x00000000e5560000, 0x00000000e5560000)
  from space 21824K,   0% used [0x00000000e5560000, 0x00000000e5560000, 0x00000000e6ab0000)
  to   space 21824K,   0% used [0x00000000e6ab0000, 0x00000000e6ab0000, 0x00000000e8000000)
 concurrent mark-sweep generation total 393216K, used 0K [0x00000000e8000000, 0x0000000100000000, 0x0000000100000000)
 Metaspace       used 18050K, capacity 18336K, committed 18688K, reserved 1064960K
  class space    used 2041K, capacity 2196K, committed 2304K, reserved 1048576K
2017-05-14T01:50:29.755+0200: 2,127: [GC (Allocation Failure) 2017-05-14T01:50:29.755+0200: 2,127: [ParNew
Desired survivor size 20112992 bytes, new threshold 8 (max 8)
- age   1:   12614016 bytes,   12614016 total
: 87424K->12427K(109248K), 0,0157785 secs] 87424K->12427K(502464K), 0,0158745 secs] [Times: user=0,04 sys=0,02, real=0,02 secs] 
Heap after GC invocations=1 (full 0):
 par new generation   total 109248K, used 12427K [0x00000000e0000000, 0x00000000e8000000, 0x00000000e8000000)
  eden space 87424K,   0% used [0x00000000e0000000, 0x00000000e0000000, 0x00000000e5560000)
  from space 21824K,  56% used [0x00000000e6ab0000, 0x00000000e76d2fb0, 0x00000000e8000000)
  to   space 21824K,   0% used [0x00000000e5560000, 0x00000000e5560000, 0x00000000e6ab0000)
 concurrent mark-sweep generation total 393216K, used 0K [0x00000000e8000000, 0x0000000100000000, 0x0000000100000000)
 Metaspace       used 18050K, capacity 18336K, committed 18688K, reserved 1064960K
  class space    used 2041K, capacity 2196K, committed 2304K, reserved 1048576K
}
2017-05-14T01:50:29.771+0200: 2,143: Total time for which application threads were stopped: 0,0161626 seconds, Stopping threads took: 0,0000559 seconds
2017-05-14T01:50:30.064+0200: 2,435: Total time for which application threads were stopped: 0,0003090 seconds, Stopping threads took: 0,0000329 seconds
2017-05-14T01:50:30.120+0200: 2,492: Total time for which application threads were stopped: 0,0004477 seconds, Stopping threads took: 0,0001323 seconds
{Heap before GC invocations=1 (full 0):
 par new generation   total 109248K, used 99851K [0x00000000e0000000, 0x00000000e8000000, 0x00000000e8000000)
  eden space 87424K, 100% used [0x00000000e0000000, 0x00000000e5560000, 0x00000000e5560000)
  from space 21824K,  56% used [0x00000000e6ab0000, 0x00000000e76d2fb0, 0x00000000e8000000)
  to   space 21824K,   0% used [0x00000000e5560000, 0x00000000e5560000, 0x00000000e6ab0000)
 concurrent mark-sweep generation total 393216K, used 0K [0x00000000e8000000, 0x0000000100000000, 0x0000000100000000)
 Metaspace       used 20077K, capacity 20426K, committed 20736K, reserved 1067008K
  class space    used 2296K, capacity 2469K, committed 2560K, reserved 1048576K
2017-05-14T01:50:30.121+0200: 2,493: [GC (Allocation Failure) 2017-05-14T01:50:30.121+0200: 2,493: [ParNew
Desired survivor size 20112992 bytes, new threshold 8 (max 8)
- age   1:    3731976 bytes,    3731976 total
- age   2:    6668600 bytes,   10400576 total
: 99851K->15620K(109248K), 0,0101472 secs] 99851K->15620K(502464K), 0,0102202 secs] [Times: user=0,03 sys=0,00, real=0,01 secs] 
Heap after GC invocations=2 (full 0):
 par new generation   total 109248K, used 15620K [0x00000000e0000000, 0x00000000e8000000, 0x00000000e8000000)
  eden space 87424K,   0% used [0x00000000e0000000, 0x00000000e0000000, 0x00000000e5560000)
  from space 21824K,  71% used [0x00000000e5560000, 0x00000000e64a1140, 0x00000000e6ab0000)
  to   space 21824K,   0% used [0x00000000e6ab0000, 0x00000000e6ab0000, 0x00000000e8000000)
 concurrent mark-sweep generation total 393216K, used 0K [0x00000000e8000000, 0x0000000100000000, 0x0000000100000000)
 Metaspace       used 20077K, capacity 20426K, committed 20736K, reserved 1067008K
  class space    used 2296K, capacity 2469K, committed 2560K, reserved 1048576K
}
2017-05-14T01:50:30.131+0200: 2,503: Total time for which application threads were stopped: 0,0103890 seconds, Stopping threads took: 0,0000504 seconds
2017-05-14T01:50:30.171+0200: 2,542: Total time for which application threads were stopped: 0,0003577 seconds, Stopping threads took: 0,0000509 seconds
2017-05-14T01:50:30.293+0200: 2,665: Total time for which application threads were stopped: 0,0002044 seconds, Stopping threads took: 0,0000463 seconds
{Heap before GC invocations=2 (full 0):
 par new generation   total 109248K, used 103044K [0x00000000e0000000, 0x00000000e8000000, 0x00000000e8000000)
  eden space 87424K, 100% used [0x00000000e0000000, 0x00000000e5560000, 0x00000000e5560000)
  from space 21824K,  71% used [0x00000000e5560000, 0x00000000e64a1140, 0x00000000e6ab0000)
  to   space 21824K,   0% used [0x00000000e6ab0000, 0x00000000e6ab0000, 0x00000000e8000000)
 concurrent mark-sweep generation total 393216K, used 0K [0x00000000e8000000, 0x0000000100000000, 0x0000000100000000)
 Metaspace       used 20979K, capacity 21284K, committed 21628K, reserved 1069056K
  class space    used 2418K, capacity 2588K, committed 2684K, reserved 1048576K
2017-05-14T01:50:30.335+0200: 2,706: [GC (Allocation Failure) 2017-05-14T01:50:30.335+0200: 2,706: [ParNew
Desired survivor size 20112992 bytes, new threshold 8 (max 8)
- age   1:    2103808 bytes,    2103808 total
- age   2:     850544 bytes,    2954352 total
- age   3:    6665968 bytes,    9620320 total
: 103044K->12352K(109248K), 0,0154754 secs] 103044K->12352K(502464K), 0,0155605 secs] [Times: user=0,06 sys=0,01, real=0,02 secs] 
Heap after GC invocations=3 (full 0):
 par new generation   total 109248K, used 12352K [0x00000000e0000000, 0x00000000e8000000, 0x00000000e8000000)
  eden space 87424K,   0% used [0x00000000e0000000, 0x00000000e0000000, 0x00000000e5560000)
  from space 21824K,  56% used [0x00000000e6ab0000, 0x00000000e76c00e8, 0x00000000e8000000)
  to   space 21824K,   0% used [0x00000000e5560000, 0x00000000e5560000, 0x00000000e6ab0000)
 concurrent mark-sweep generation total 393216K, used 0K [0x00000000e8000000, 0x0000000100000000, 0x0000000100000000)
 Metaspace       used 20979K, capacity 21284K, committed 21628K, reserved 1069056K
  class space    used 2418K, capacity 2588K, committed 2684K, reserved 1048576K
}
2017-05-14T01:50:30.350+0200: 2,722: Total time for which application threads were stopped: 0,0157485 seconds, Stopping threads took: 0,0000322 seconds
2017-05-14T01:50:30.350+0200: 2,722: [GC (CMS Initial Mark) [1 CMS-initial-mark: 0K(393216K)] 12384K(502464K), 0,0036305 secs] [Times: user=0,01 sys=0,00, real=0,00 secs] 
2017-05-14T01:50:30.354+0200: 2,726: Total time for which application threads were stopped: 0,0037613 seconds, Stopping threads took: 0,0000326 seconds
2017-05-14T01:50:30.354+0200: 2,726: [CMS-concurrent-mark-start]
2017-05-14T01:50:30.355+0200: 2,726: [CMS-concurrent-mark: 0,001/0,001 secs] [Times: user=0,01 sys=0,00, real=0,00 secs] 
2017-05-14T01:50:30.355+0200: 2,727: [CMS-concurrent-preclean-start]
2017-05-14T01:50:30.356+0200: 2,728: [CMS-concurrent-preclean: 0,001/0,001 secs] [Times: user=0,00 sys=0,00, real=0,00 secs] 
2017-05-14T01:50:30.356+0200: 2,728: [CMS-concurrent-abortable-preclean-start]
2017-05-14T01:50:30.426+0200: 2,798: Total time for which application threads were stopped: 0,0001199 seconds, Stopping threads took: 0,0000278 seconds
{Heap before GC invocations=3 (full 1):
 par new generation   total 109248K, used 99776K [0x00000000e0000000, 0x00000000e8000000, 0x00000000e8000000)
  eden space 87424K, 100% used [0x00000000e0000000, 0x00000000e5560000, 0x00000000e5560000)
  from space 21824K,  56% used [0x00000000e6ab0000, 0x00000000e76c00e8, 0x00000000e8000000)
  to   space 21824K,   0% used [0x00000000e5560000, 0x00000000e5560000, 0x00000000e6ab0000)
 concurrent mark-sweep generation total 393216K, used 0K [0x00000000e8000000, 0x0000000100000000, 0x0000000100000000)
 Metaspace       used 21245K, capacity 21624K, committed 21884K, reserved 1069056K
  class space    used 2446K, capacity 2603K, committed 2684K, reserved 1048576K
2017-05-14T01:50:30.472+0200: 2,844: [GC (Allocation Failure) 2017-05-14T01:50:30.472+0200: 2,844: [ParNew
Desired survivor size 20112992 bytes, new threshold 8 (max 8)
- age   1:    1275120 bytes,    1275120 total
- age   2:    1454408 bytes,    2729528 total
- age   3:     815264 bytes,    3544792 total
- age   4:    6666240 bytes,   10211032 total
: 99776K->11615K(109248K), 0,0092290 secs] 99776K->11615K(502464K), 0,0092989 secs] [Times: user=0,04 sys=0,00, real=0,01 secs] 
Heap after GC invocations=4 (full 1):
 par new generation   total 109248K, used 11615K [0x00000000e0000000, 0x00000000e8000000, 0x00000000e8000000)
  eden space 87424K,   0% used [0x00000000e0000000, 0x00000000e0000000, 0x00000000e5560000)
  from space 21824K,  53% used [0x00000000e5560000, 0x00000000e60b7c00, 0x00000000e6ab0000)
  to   space 21824K,   0% used [0x00000000e6ab0000, 0x00000000e6ab0000, 0x00000000e8000000)
 concurrent mark-sweep generation total 393216K, used 0K [0x00000000e8000000, 0x0000000100000000, 0x0000000100000000)
 Metaspace       used 21245K, capacity 21624K, committed 21884K, reserved 1069056K
  class space    used 2446K, capacity 2603K, committed 2684K, reserved 1048576K
}
2017-05-14T01:50:30.482+0200: 2,853: Total time for which application threads were stopped: 0,0106931 seconds, Stopping threads took: 0,0012627 seconds
2017-05-14T01:50:30.482+0200: 2,853: [CMS-concurrent-abortable-preclean: 0,071/0,126 secs] [Times: user=0,48 sys=0,00, real=0,13 secs] 
2017-05-14T01:50:30.482+0200: 2,854: [GC (CMS Final Remark) [YG occupancy: 12964 K (109248 K)]{Heap before GC invocations=4 (full 1):
 par new generation   total 109248K, used 12964K [0x00000000e0000000, 0x00000000e8000000, 0x00000000e8000000)
  eden space 87424K,   1% used [0x00000000e0000000, 0x00000000e0151630, 0x00000000e5560000)
  from space 21824K,  53% used [0x00000000e5560000, 0x00000000e60b7c00, 0x00000000e6ab0000)
  to   space 21824K,   0% used [0x00000000e6ab0000, 0x00000000e6ab0000, 0x00000000e8000000)
 concurrent mark-sweep generation total 393216K, used 0K [0x00000000e8000000, 0x0000000100000000, 0x0000000100000000)
 Metaspace       used 21245K, capacity 21624K, committed 21884K, reserved 1069056K
  class space    used 2446K, capacity 2603K, committed 2684K, reserved 1048576K
2017-05-14T01:50:30.482+0200: 2,854: [GC (CMS Final Remark) 2017-05-14T01:50:30.482+0200: 2,854: [ParNew
Desired survivor size 20112992 bytes, new threshold 8 (max 8)
- age   1:     215728 bytes,     215728 total
- age   2:    1098384 bytes,    1314112 total
- age   3:    1454408 bytes,    2768520 total
- age   4:     815264 bytes,    3583784 total
- age   5:    6666304 bytes,   10250088 total
: 12964K->12960K(109248K), 0,0099828 secs] 12964K->12960K(502464K), 0,0100238 secs] [Times: user=0,03 sys=0,00, real=0,01 secs] 
Heap after GC invocations=5 (full 1):
 par new generation   total 109248K, used 12960K [0x00000000e0000000, 0x00000000e8000000, 0x00000000e8000000)
  eden space 87424K,   0% used [0x00000000e0000000, 0x00000000e0000000, 0x00000000e5560000)
  from space 21824K,  59% used [0x00000000e6ab0000, 0x00000000e7758090, 0x00000000e8000000)
  to   space 21824K,   0% used [0x00000000e5560000, 0x00000000e5560000, 0x00000000e6ab0000)
 concurrent mark-sweep generation total 393216K, used 0K [0x00000000e8000000, 0x0000000100000000, 0x0000000100000000)
 Metaspace       used 21245K, capacity 21624K, committed 21884K, reserved 1069056K
  class space    used 2446K, capacity 2603K, committed 2684K, reserved 1048576K
}
2017-05-14T01:50:30.492+0200: 2,864: [Rescan (parallel) , 0,0034967 secs]2017-05-14T01:50:30.496+0200: 2,867: [weak refs processing, 0,0003636 secs]2017-05-14T01:50:30.496+0200: 2,868: [class unloading, 0,0028695 secs]2017-05-14T01:50:30.499+0200: 2,871: [scrub symbol table, 0,0026499 secs]2017-05-14T01:50:30.502+0200: 2,873: [scrub string table, 0,0004009 secs][1 CMS-remark: 0K(393216K)] 12960K(502464K), 0,0204600 secs] [Times: user=0,05 sys=0,00, real=0,02 secs] 
2017-05-14T01:50:30.503+0200: 2,874: Total time for which application threads were stopped: 0,0205987 seconds, Stopping threads took: 0,0000530 seconds
2017-05-14T01:50:30.503+0200: 2,874: [CMS-concurrent-sweep-start]
2017-05-14T01:50:30.503+0200: 2,874: [CMS-concurrent-sweep: 0,000/0,000 secs] [Times: user=0,00 sys=0,00, real=0,00 secs] 
2017-05-14T01:50:30.503+0200: 2,874: [CMS-concurrent-reset-start]
2017-05-14T01:50:30.505+0200: 2,876: [CMS-concurrent-reset: 0,002/0,002 secs] [Times: user=0,01 sys=0,00, real=0,00 secs] 
{Heap before GC invocations=5 (full 1):
 par new generation   total 109248K, used 100384K [0x00000000e0000000, 0x00000000e8000000, 0x00000000e8000000)
  eden space 87424K, 100% used [0x00000000e0000000, 0x00000000e5560000, 0x00000000e5560000)
  from space 21824K,  59% used [0x00000000e6ab0000, 0x00000000e7758090, 0x00000000e8000000)
  to   space 21824K,   0% used [0x00000000e5560000, 0x00000000e5560000, 0x00000000e6ab0000)
 concurrent mark-sweep generation total 393216K, used 0K [0x00000000e8000000, 0x0000000100000000, 0x0000000100000000)
 Metaspace       used 21435K, capacity 21796K, committed 21884K, reserved 1069056K
  class space    used 2470K, capacity 2637K, committed 2684K, reserved 1048576K
2017-05-14T01:50:30.609+0200: 2,981: [GC (Allocation Failure) 2017-05-14T01:50:30.609+0200: 2,981: [ParNew
Desired survivor size 20112992 bytes, new threshold 8 (max 8)
- age   1:     952320 bytes,     952320 total
- age   2:        264 bytes,     952584 total
- age   3:     188240 bytes,    1140824 total
- age   4:    1453944 bytes,    2594768 total
- age   5:     815152 bytes,    3409920 total
- age   6:    6666104 bytes,   10076024 total
: 100384K->11827K(109248K), 0,0119029 secs] 100384K->11827K(502464K), 0,0119749 secs] [Times: user=0,04 sys=0,00, real=0,01 secs] 
Heap after GC invocations=6 (full 1):
 par new generation   total 109248K, used 11827K [0x00000000e0000000, 0x00000000e8000000, 0x00000000e8000000)
  eden space 87424K,   0% used [0x00000000e0000000, 0x00000000e0000000, 0x00000000e5560000)
  from space 21824K,  54% used [0x00000000e5560000, 0x00000000e60eccc0, 0x00000000e6ab0000)
  to   space 21824K,   0% used [0x00000000e6ab0000, 0x00000000e6ab0000, 0x00000000e8000000)
 concurrent mark-sweep generation total 393216K, used 0K [0x00000000e8000000, 0x0000000100000000, 0x0000000100000000)
 Metaspace       used 21435K, capacity 21796K, committed 21884K, reserved 1069056K
  class space    used 2470K, capacity 2637K, committed 2684K, reserved 1048576K
}
2017-05-14T01:50:30.621+0200: 2,993: Total time for which application threads were stopped: 0,0121760 seconds, Stopping threads took: 0,0000574 seconds
2017-05-14T01:50:30.644+0200: 3,016: Total time for which application threads were stopped: 0,0004053 seconds, Stopping threads took: 0,0000213 seconds
2017-05-14T01:50:30.885+0200: 3,257: Total time for which application threads were stopped: 0,0005099 seconds, Stopping threads took: 0,0000523 seconds
2017-05-14T01:50:30.901+0200: 3,272: Total time for which application threads were stopped: 0,0004194 seconds, Stopping threads took: 0,0000441 seconds
{Heap before GC invocations=6 (full 1):
 par new generation   total 109248K, used 99251K [0x00000000e0000000, 0x00000000e8000000, 0x00000000e8000000)
  eden space 87424K, 100% used [0x00000000e0000000, 0x00000000e5560000, 0x00000000e5560000)
  from space 21824K,  54% used [0x00000000e5560000, 0x00000000e60eccc0, 0x00000000e6ab0000)
  to   space 21824K,   0% used [0x00000000e6ab0000, 0x00000000e6ab0000, 0x00000000e8000000)
 concurrent mark-sweep generation total 393216K, used 0K [0x00000000e8000000, 0x0000000100000000, 0x0000000100000000)
 Metaspace       used 23999K, capacity 24460K, committed 24572K, reserved 1071104K
  class space    used 2833K, capacity 3013K, committed 3068K, reserved 1048576K
2017-05-14T01:50:31.070+0200: 3,442: [GC (Allocation Failure) 2017-05-14T01:50:31.070+0200: 3,442: [ParNew
Desired survivor size 20112992 bytes, new threshold 8 (max 8)
- age   1:    5562248 bytes,    5562248 total
- age   2:     132464 bytes,    5694712 total
- age   3:        264 bytes,    5694976 total
- age   4:     187056 bytes,    5882032 total
- age   5:     284152 bytes,    6166184 total
- age   6:     790768 bytes,    6956952 total
- age   7:    6657824 bytes,   13614776 total
: 99251K->17716K(109248K), 0,0116777 secs] 99251K->17716K(502464K), 0,0117420 secs] [Times: user=0,05 sys=0,00, real=0,01 secs] 
Heap after GC invocations=7 (full 1):
 par new generation   total 109248K, used 17716K [0x00000000e0000000, 0x00000000e8000000, 0x00000000e8000000)
  eden space 87424K,   0% used [0x00000000e0000000, 0x00000000e0000000, 0x00000000e5560000)
  from space 21824K,  81% used [0x00000000e6ab0000, 0x00000000e7bfd000, 0x00000000e8000000)
  to   space 21824K,   0% used [0x00000000e5560000, 0x00000000e5560000, 0x00000000e6ab0000)
 concurrent mark-sweep generation total 393216K, used 0K [0x00000000e8000000, 0x0000000100000000, 0x0000000100000000)
 Metaspace       used 23999K, capacity 24460K, committed 24572K, reserved 1071104K
  class space    used 2833K, capacity 3013K, committed 3068K, reserved 1048576K
}
2017-05-14T01:50:31.082+0200: 3,454: Total time for which application threads were stopped: 0,0141063 seconds, Stopping threads took: 0,0021524 seconds
{Heap before GC invocations=7 (full 1):
 par new generation   total 109248K, used 105140K [0x00000000e0000000, 0x00000000e8000000, 0x00000000e8000000)
  eden space 87424K, 100% used [0x00000000e0000000, 0x00000000e5560000, 0x00000000e5560000)
  from space 21824K,  81% used [0x00000000e6ab0000, 0x00000000e7bfd000, 0x00000000e8000000)
  to   space 21824K,   0% used [0x00000000e5560000, 0x00000000e5560000, 0x00000000e6ab0000)
 concurrent mark-sweep generation total 393216K, used 0K [0x00000000e8000000, 0x0000000100000000, 0x0000000100000000)
 Metaspace       used 24393K, capacity 24818K, committed 25084K, reserved 1071104K
  class space    used 2857K, capacity 3046K, committed 3068K, reserved 1048576K
2017-05-14T01:50:31.151+0200: 3,523: [GC (Allocation Failure) 2017-05-14T01:50:31.151+0200: 3,523: [ParNew
Desired survivor size 20112992 bytes, new threshold 8 (max 8)
- age   1:    1396936 bytes,    1396936 total
- age   2:    1846448 bytes,    3243384 total
- age   3:      57136 bytes,    3300520 total
- age   5:     107560 bytes,    3408080 total
- age   6:     186848 bytes,    3594928 total
- age   7:     748568 bytes,    4343496 total
- age   8:    6124728 bytes,   10468224 total
: 105140K->14352K(109248K), 0,0137810 secs] 105140K->14352K(502464K), 0,0138704 secs] [Times: user=0,05 sys=0,00, real=0,01 secs] 
Heap after GC invocations=8 (full 1):
 par new generation   total 109248K, used 14352K [0x00000000e0000000, 0x00000000e8000000, 0x00000000e8000000)
  eden space 87424K,   0% used [0x00000000e0000000, 0x00000000e0000000, 0x00000000e5560000)
  from space 21824K,  65% used [0x00000000e5560000, 0x00000000e6364300, 0x00000000e6ab0000)
  to   space 21824K,   0% used [0x00000000e6ab0000, 0x00000000e6ab0000, 0x00000000e8000000)
 concurrent mark-sweep generation total 393216K, used 0K [0x00000000e8000000, 0x0000000100000000, 0x0000000100000000)
 Metaspace       used 24393K, capacity 24818K, committed 25084K, reserved 1071104K
  class space    used 2857K, capacity 3046K, committed 3068K, reserved 1048576K
}
2017-05-14T01:50:31.165+0200: 3,537: Total time for which application threads were stopped: 0,0143587 seconds, Stopping threads took: 0,0003089 seconds
{Heap before GC invocations=8 (full 1):
 par new generation   total 109248K, used 101776K [0x00000000e0000000, 0x00000000e8000000, 0x00000000e8000000)
  eden space 87424K, 100% used [0x00000000e0000000, 0x00000000e5560000, 0x00000000e5560000)
  from space 21824K,  65% used [0x00000000e5560000, 0x00000000e6364300, 0x00000000e6ab0000)
  to   space 21824K,   0% used [0x00000000e6ab0000, 0x00000000e6ab0000, 0x00000000e8000000)
 concurrent mark-sweep generation total 393216K, used 0K [0x00000000e8000000, 0x0000000100000000, 0x0000000100000000)
 Metaspace       used 24558K, capacity 25036K, committed 25084K, reserved 1071104K
  class space    used 2872K, capacity 3051K, committed 3068K, reserved 1048576K
2017-05-14T01:50:31.250+0200: 3,622: [GC (Allocation Failure) 2017-05-14T01:50:31.250+0200: 3,622: [ParNew
Desired survivor size 20112992 bytes, new threshold 8 (max 8)
- age   1:     624144 bytes,     624144 total
- age   2:     973488 bytes,    1597632 total
- age   3:    1772984 bytes,    3370616 total
- age   4:      57104 bytes,    3427720 total
- age   6:     107392 bytes,    3535112 total
- age   7:     184048 bytes,    3719160 total
- age   8:     747800 bytes,    4466960 total
: 101776K->7034K(109248K), 0,0586988 secs] 101776K->13096K(502464K), 0,0587735 secs] [Times: user=0,13 sys=0,01, real=0,06 secs] 
Heap after GC invocations=9 (full 1):
 par new generation   total 109248K, used 7034K [0x00000000e0000000, 0x00000000e8000000, 0x00000000e8000000)
  eden space 87424K,   0% used [0x00000000e0000000, 0x00000000e0000000, 0x00000000e5560000)
  from space 21824K,  32% used [0x00000000e6ab0000, 0x00000000e718ea48, 0x00000000e8000000)
  to   space 21824K,   0% used [0x00000000e5560000, 0x00000000e5560000, 0x00000000e6ab0000)
 concurrent mark-sweep generation total 393216K, used 6061K [0x00000000e8000000, 0x0000000100000000, 0x0000000100000000)
 Metaspace       used 24558K, capacity 25036K, committed 25084K, reserved 1071104K
  class space    used 2872K, capacity 3051K, committed 3068K, reserved 1048576K
}
2017-05-14T01:50:31.309+0200: 3,681: Total time for which application threads were stopped: 0,0733681 seconds, Stopping threads took: 0,0144112 seconds
2017-05-14T01:50:31.502+0200: 3,874: Total time for which application threads were stopped: 0,0003932 seconds, Stopping threads took: 0,0000134 seconds
2017-05-14T01:50:31.569+0200: 3,941: Total time for which application threads were stopped: 0,0004884 seconds, Stopping threads took: 0,0000355 seconds
2017-05-14T01:50:31.584+0200: 3,956: Total time for which application threads were stopped: 0,0004201 seconds, Stopping threads took: 0,0000208 seconds
2017-05-14T01:50:31.634+0200: 4,006: Total time for which application threads were stopped: 0,0004961 seconds, Stopping threads took: 0,0000225 seconds
2017-05-14T01:50:31.682+0200: 4,054: Total time for which application threads were stopped: 0,0005356 seconds, Stopping threads took: 0,0002184 seconds
2017-05-14T01:50:31.682+0200: 4,054: Total time for which application threads were stopped: 0,0000886 seconds, Stopping threads took: 0,0000277 seconds
2017-05-14T01:50:31.689+0200: 4,060: Total time for which application threads were stopped: 0,0001422 seconds, Stopping threads took: 0,0000413 seconds
2017-05-14T01:50:31.689+0200: 4,061: Total time for which application threads were stopped: 0,0002334 seconds, Stopping threads took: 0,0001331 seconds
2017-05-14T01:50:31.690+0200: 4,062: Total time for which application threads were stopped: 0,0002007 seconds, Stopping threads took: 0,0001136 seconds
2017-05-14T01:50:31.697+0200: 4,069: Total time for which application threads were stopped: 0,0022004 seconds, Stopping threads took: 0,0020212 seconds
2017-05-14T01:50:31.701+0200: 4,072: Total time for which application threads were stopped: 0,0001692 seconds, Stopping threads took: 0,0000647 seconds
2017-05-14T01:50:31.702+0200: 4,073: Total time for which application threads were stopped: 0,0001329 seconds, Stopping threads took: 0,0000446 seconds
2017-05-14T01:50:31.703+0200: 4,074: Total time for which application threads were stopped: 0,0001209 seconds, Stopping threads took: 0,0000357 seconds
2017-05-14T01:50:31.710+0200: 4,082: Total time for which application threads were stopped: 0,0037689 seconds, Stopping threads took: 0,0036875 seconds
2017-05-14T01:50:31.713+0200: 4,084: Total time for which application threads were stopped: 0,0001920 seconds, Stopping threads took: 0,0000981 seconds
2017-05-14T01:50:31.716+0200: 4,088: Total time for which application threads were stopped: 0,0020620 seconds, Stopping threads took: 0,0019551 seconds
2017-05-14T01:50:31.731+0200: 4,103: Total time for which application threads were stopped: 0,0002945 seconds, Stopping threads took: 0,0001871 seconds
2017-05-14T01:50:31.734+0200: 4,106: Total time for which application threads were stopped: 0,0002276 seconds, Stopping threads took: 0,0001282 seconds
2017-05-14T01:50:31.739+0200: 4,110: Total time for which application threads were stopped: 0,0002683 seconds, Stopping threads took: 0,0001891 seconds
2017-05-14T01:50:31.759+0200: 4,131: Total time for which application threads were stopped: 0,0042230 seconds, Stopping threads took: 0,0040626 seconds
2017-05-14T01:50:31.766+0200: 4,137: Total time for which application threads were stopped: 0,0006847 seconds, Stopping threads took: 0,0005875 seconds
2017-05-14T01:50:31.781+0200: 4,153: Total time for which application threads were stopped: 0,0001634 seconds, Stopping threads took: 0,0000507 seconds
2017-05-14T01:50:31.782+0200: 4,153: Total time for which application threads were stopped: 0,0001552 seconds, Stopping threads took: 0,0000612 seconds
2017-05-14T01:50:31.783+0200: 4,155: Total time for which application threads were stopped: 0,0001310 seconds, Stopping threads took: 0,0000353 seconds
2017-05-14T01:50:31.783+0200: 4,155: Total time for which application threads were stopped: 0,0000887 seconds, Stopping threads took: 0,0000271 seconds
2017-05-14T01:50:31.784+0200: 4,155: Total time for which application threads were stopped: 0,0001292 seconds, Stopping threads took: 0,0000197 seconds
2017-05-14T01:50:31.784+0200: 4,156: Total time for which application threads were stopped: 0,0004416 seconds, Stopping threads took: 0,0000111 seconds
2017-05-14T01:50:31.787+0200: 4,159: Total time for which application threads were stopped: 0,0001643 seconds, Stopping threads took: 0,0000466 seconds
2017-05-14T01:50:31.789+0200: 4,160: Total time for which application threads were stopped: 0,0002979 seconds, Stopping threads took: 0,0000370 seconds
2017-05-14T01:50:31.791+0200: 4,162: Total time for which application threads were stopped: 0,0001601 seconds, Stopping threads took: 0,0000482 seconds
2017-05-14T01:50:31.791+0200: 4,163: Total time for which application threads were stopped: 0,0001319 seconds, Stopping threads took: 0,0000343 seconds
2017-05-14T01:50:31.792+0200: 4,164: Total time for which application threads were stopped: 0,0001270 seconds, Stopping threads took: 0,0000317 seconds
2017-05-14T01:50:31.793+0200: 4,165: Total time for which application threads were stopped: 0,0001129 seconds, Stopping threads took: 0,0000281 seconds
2017-05-14T01:50:31.796+0200: 4,167: Total time for which application threads were stopped: 0,0002450 seconds, Stopping threads took: 0,0001705 seconds
2017-05-14T01:50:31.796+0200: 4,168: Total time for which application threads were stopped: 0,0001273 seconds, Stopping threads took: 0,0000337 seconds
2017-05-14T01:50:31.797+0200: 4,169: Total time for which application threads were stopped: 0,0001182 seconds, Stopping threads took: 0,0000396 seconds
2017-05-14T01:50:31.805+0200: 4,177: Total time for which application threads were stopped: 0,0001530 seconds, Stopping threads took: 0,0000443 seconds
2017-05-14T01:50:31.823+0200: 4,195: Total time for which application threads were stopped: 0,0001378 seconds, Stopping threads took: 0,0000326 seconds
{Heap before GC invocations=9 (full 1):
 par new generation   total 109248K, used 94458K [0x00000000e0000000, 0x00000000e8000000, 0x00000000e8000000)
  eden space 87424K, 100% used [0x00000000e0000000, 0x00000000e5560000, 0x00000000e5560000)
  from space 21824K,  32% used [0x00000000e6ab0000, 0x00000000e718ea48, 0x00000000e8000000)
  to   space 21824K,   0% used [0x00000000e5560000, 0x00000000e5560000, 0x00000000e6ab0000)
 concurrent mark-sweep generation total 393216K, used 6061K [0x00000000e8000000, 0x0000000100000000, 0x0000000100000000)
 Metaspace       used 28036K, capacity 28562K, committed 28796K, reserved 1075200K
  class space    used 3212K, capacity 3390K, committed 3452K, reserved 1048576K
2017-05-14T01:50:38.630+0200: 11,002: [GC (Allocation Failure) 2017-05-14T01:50:38.630+0200: 11,002: [ParNew
Desired survivor size 20112992 bytes, new threshold 8 (max 8)
- age   1:   11211480 bytes,   11211480 total
- age   2:     188840 bytes,   11400320 total
- age   3:     194112 bytes,   11594432 total
- age   4:    1766728 bytes,   13361160 total
- age   5:      57104 bytes,   13418264 total
- age   7:     104688 bytes,   13522952 total
- age   8:     183488 bytes,   13706440 total
: 94458K->14919K(109248K), 0,0125678 secs] 100520K->21808K(502464K), 0,0126480 secs] [Times: user=0,05 sys=0,00, real=0,01 secs] 
Heap after GC invocations=10 (full 1):
 par new generation   total 109248K, used 14919K [0x00000000e0000000, 0x00000000e8000000, 0x00000000e8000000)
  eden space 87424K,   0% used [0x00000000e0000000, 0x00000000e0000000, 0x00000000e5560000)
  from space 21824K,  68% used [0x00000000e5560000, 0x00000000e63f1d80, 0x00000000e6ab0000)
  to   space 21824K,   0% used [0x00000000e6ab0000, 0x00000000e6ab0000, 0x00000000e8000000)
 concurrent mark-sweep generation total 393216K, used 6889K [0x00000000e8000000, 0x0000000100000000, 0x0000000100000000)
 Metaspace       used 28036K, capacity 28562K, committed 28796K, reserved 1075200K
  class space    used 3212K, capacity 3390K, committed 3452K, reserved 1048576K
}
2017-05-14T01:50:38.643+0200: 11,015: Total time for which application threads were stopped: 0,0127946 seconds, Stopping threads took: 0,0000192 seconds
2017-05-14T01:50:39.644+0200: 12,016: Total time for which application threads were stopped: 0,0001274 seconds, Stopping threads took: 0,0000308 seconds
2017-05-14T01:51:33.650+0200: 66,022: Total time for which application threads were stopped: 0,0001029 seconds, Stopping threads took: 0,0000274 seconds
2017-05-14T01:52:18.655+0200: 111,027: Total time for which application threads were stopped: 0,0000878 seconds, Stopping threads took: 0,0000291 seconds
2017-05-14T01:52:24.656+0200: 117,028: Total time for which application threads were stopped: 0,0000817 seconds, Stopping threads took: 0,0000206 seconds
2017-05-14T01:52:29.657+0200: 122,029: Total time for which application threads were stopped: 0,0000642 seconds, Stopping threads took: 0,0000161 seconds
2017-05-14T02:13:58.803+0200: 1411,175: Total time for which application threads were stopped: 0,0001713 seconds, Stopping threads took: 0,0000669 seconds
2017-05-14T02:18:58.838+0200: 1711,210: Total time for which application threads were stopped: 0,0001305 seconds, Stopping threads took: 0,0000487 seconds
2017-05-14T02:28:49.907+0200: 2302,278: Total time for which application threads were stopped: 0,0000908 seconds, Stopping threads took: 0,0000340 seconds
2017-05-14T02:28:53.907+0200: 2306,279: Total time for which application threads were stopped: 0,0000808 seconds, Stopping threads took: 0,0000199 seconds
2017-05-14T02:43:45.004+0200: 3197,376: Total time for which application threads were stopped: 0,0000807 seconds, Stopping threads took: 0,0000328 seconds
2017-05-14T02:54:49.090+0200: 3861,462: Total time for which application threads were stopped: 0,0000783 seconds, Stopping threads took: 0,0000311 seconds
2017-05-14T02:54:54.091+0200: 3866,463: Total time for which application threads were stopped: 0,0001108 seconds, Stopping threads took: 0,0000248 seconds
2017-05-14T02:57:41.318+0200: 4033,689: Total time for which application threads were stopped: 0,0207757 seconds, Stopping threads took: 0,0206922 seconds
2017-05-14T02:57:41.319+0200: 4033,691: Total time for which application threads were stopped: 0,0001078 seconds, Stopping threads took: 0,0000370 seconds
2017-05-14T02:57:41.337+0200: 4033,709: Total time for which application threads were stopped: 0,0041910 seconds, Stopping threads took: 0,0040696 seconds
2017-05-14T02:57:41.345+0200: 4033,716: Total time for which application threads were stopped: 0,0002605 seconds, Stopping threads took: 0,0001913 seconds
2017-05-14T02:57:41.354+0200: 4033,726: Total time for which application threads were stopped: 0,0031332 seconds, Stopping threads took: 0,0030294 seconds
2017-05-14T02:57:41.358+0200: 4033,730: Total time for which application threads were stopped: 0,0000997 seconds, Stopping threads took: 0,0000390 seconds
2017-05-14T02:57:41.359+0200: 4033,731: Total time for which application threads were stopped: 0,0000958 seconds, Stopping threads took: 0,0000108 seconds
Heap
 par new generation   total 109248K, used 40512K [0x00000000e0000000, 0x00000000e8000000, 0x00000000e8000000)
  eden space 87424K,  29% used [0x00000000e0000000, 0x00000000e18fe460, 0x00000000e5560000)
  from space 21824K,  68% used [0x00000000e5560000, 0x00000000e63f1d80, 0x00000000e6ab0000)
  to   space 21824K,   0% used [0x00000000e6ab0000, 0x00000000e6ab0000, 0x00000000e8000000)
 concurrent mark-sweep generation total 393216K, used 6889K [0x00000000e8000000, 0x0000000100000000, 0x0000000100000000)
 Metaspace       used 28166K, capacity 28698K, committed 29052K, reserved 1075200K
  class space    used 3226K, capacity 3392K, committed 3452K, reserved 1048576K
