OpenJDK 64-Bit Server VM (25.121-b13) for linux-amd64 JRE (1.8.0_121-8u121-b13-0ubuntu1.16.04.2-b13), built on Jan 23 2017 15:51:29 by "buildd" with gcc 5.4.0 20160609
Memory: 4k page, physical 7867760k(7499152k free), swap 8076284k(8076284k free)
CommandLine flags: -XX:CMSInitiatingOccupancyFraction=50 -XX:CMSMaxAbortablePrecleanTime=6000 -XX:+CMSParallelRemarkEnabled -XX:+CMSScavengeBeforeRemark -XX:ConcGCThreads=4 -XX:InitialHeapSize=536870912 -XX:MaxHeapSize=536870912 -XX:MaxTenuringThreshold=8 -XX:NewRatio=3 -XX:OldPLABSize=16 -XX:OnOutOfMemoryError=/opt/solr/bin/oom_solr.sh 8983 /var/solr/logs -XX:ParallelGCThreads=4 -XX:+ParallelRefProcEnabled -XX:PretenureSizeThreshold=67108864 -XX:+PrintGC -XX:+PrintGCApplicationStoppedTime -XX:+PrintGCDateStamps -XX:+PrintGCDetails -XX:+PrintGCTimeStamps -XX:+PrintHeapAtGC -XX:+PrintTenuringDistribution -XX:SurvivorRatio=4 -XX:TargetSurvivorRatio=90 -XX:ThreadStackSize=256 -XX:+UseCMSInitiatingOccupancyOnly -XX:+UseCompressedClassPointers -XX:+UseCompressedOops -XX:+UseConcMarkSweepGC -XX:+UseParNewGC 
2017-02-24T10:40:05.700+0100: 0,142: Total time for which application threads were stopped: 0,0000680 seconds, Stopping threads took: 0,0000124 seconds
2017-02-24T10:40:05.774+0100: 0,216: Total time for which application threads were stopped: 0,0001251 seconds, Stopping threads took: 0,0000272 seconds
2017-02-24T10:40:05.795+0100: 0,237: Total time for which application threads were stopped: 0,0000970 seconds, Stopping threads took: 0,0000101 seconds
2017-02-24T10:40:06.040+0100: 0,482: Total time for which application threads were stopped: 0,0001363 seconds, Stopping threads took: 0,0000196 seconds
2017-02-24T10:40:06.528+0100: 0,970: Total time for which application threads were stopped: 0,0001723 seconds, Stopping threads took: 0,0000239 seconds
2017-02-24T10:40:06.637+0100: 1,078: Total time for which application threads were stopped: 0,0003154 seconds, Stopping threads took: 0,0000308 seconds
2017-02-24T10:40:06.673+0100: 1,115: Total time for which application threads were stopped: 0,0001851 seconds, Stopping threads took: 0,0000230 seconds
2017-02-24T10:40:07.016+0100: 1,458: Total time for which application threads were stopped: 0,0002015 seconds, Stopping threads took: 0,0000245 seconds
2017-02-24T10:40:07.234+0100: 1,676: Total time for which application threads were stopped: 0,0002422 seconds, Stopping threads took: 0,0000154 seconds
2017-02-24T10:40:07.259+0100: 1,701: Total time for which application threads were stopped: 0,0001701 seconds, Stopping threads took: 0,0000155 seconds
2017-02-24T10:40:07.296+0100: 1,738: Total time for which application threads were stopped: 0,0001937 seconds, Stopping threads took: 0,0000198 seconds
2017-02-24T10:40:07.297+0100: 1,739: Total time for which application threads were stopped: 0,0001813 seconds, Stopping threads took: 0,0000276 seconds
2017-02-24T10:40:07.312+0100: 1,754: Total time for which application threads were stopped: 0,0002648 seconds, Stopping threads took: 0,0000239 seconds
2017-02-24T10:40:07.386+0100: 1,828: Total time for which application threads were stopped: 0,0002375 seconds, Stopping threads took: 0,0000216 seconds
2017-02-24T10:40:07.545+0100: 1,987: Total time for which application threads were stopped: 0,0009272 seconds, Stopping threads took: 0,0007296 seconds
{Heap before GC invocations=0 (full 0):
 par new generation   total 109248K, used 87424K [0x00000000e0000000, 0x00000000e8000000, 0x00000000e8000000)
  eden space 87424K, 100% used [0x00000000e0000000, 0x00000000e5560000, 0x00000000e5560000)
  from space 21824K,   0% used [0x00000000e5560000, 0x00000000e5560000, 0x00000000e6ab0000)
  to   space 21824K,   0% used [0x00000000e6ab0000, 0x00000000e6ab0000, 0x00000000e8000000)
 concurrent mark-sweep generation total 393216K, used 0K [0x00000000e8000000, 0x0000000100000000, 0x0000000100000000)
 Metaspace       used 18062K, capacity 18400K, committed 18688K, reserved 1064960K
  class space    used 2041K, capacity 2196K, committed 2304K, reserved 1048576K
2017-02-24T10:40:07.648+0100: 2,090: [GC (Allocation Failure) 2017-02-24T10:40:07.648+0100: 2,090: [ParNew
Desired survivor size 20112992 bytes, new threshold 8 (max 8)
- age   1:   12623680 bytes,   12623680 total
: 87424K->12437K(109248K), 0,0189625 secs] 87424K->12437K(502464K), 0,0190630 secs] [Times: user=0,07 sys=0,00, real=0,02 secs] 
Heap after GC invocations=1 (full 0):
 par new generation   total 109248K, used 12437K [0x00000000e0000000, 0x00000000e8000000, 0x00000000e8000000)
  eden space 87424K,   0% used [0x00000000e0000000, 0x00000000e0000000, 0x00000000e5560000)
  from space 21824K,  56% used [0x00000000e6ab0000, 0x00000000e76d5670, 0x00000000e8000000)
  to   space 21824K,   0% used [0x00000000e5560000, 0x00000000e5560000, 0x00000000e6ab0000)
 concurrent mark-sweep generation total 393216K, used 0K [0x00000000e8000000, 0x0000000100000000, 0x0000000100000000)
 Metaspace       used 18062K, capacity 18400K, committed 18688K, reserved 1064960K
  class space    used 2041K, capacity 2196K, committed 2304K, reserved 1048576K
}
2017-02-24T10:40:07.667+0100: 2,109: Total time for which application threads were stopped: 0,0193401 seconds, Stopping threads took: 0,0000251 seconds
2017-02-24T10:40:07.927+0100: 2,369: Total time for which application threads were stopped: 0,0003563 seconds, Stopping threads took: 0,0000678 seconds
2017-02-24T10:40:07.972+0100: 2,413: Total time for which application threads were stopped: 0,0003740 seconds, Stopping threads took: 0,0000527 seconds
{Heap before GC invocations=1 (full 0):
 par new generation   total 109248K, used 99861K [0x00000000e0000000, 0x00000000e8000000, 0x00000000e8000000)
  eden space 87424K, 100% used [0x00000000e0000000, 0x00000000e5560000, 0x00000000e5560000)
  from space 21824K,  56% used [0x00000000e6ab0000, 0x00000000e76d5670, 0x00000000e8000000)
  to   space 21824K,   0% used [0x00000000e5560000, 0x00000000e5560000, 0x00000000e6ab0000)
 concurrent mark-sweep generation total 393216K, used 0K [0x00000000e8000000, 0x0000000100000000, 0x0000000100000000)
 Metaspace       used 20066K, capacity 20432K, committed 20736K, reserved 1067008K
  class space    used 2297K, capacity 2470K, committed 2560K, reserved 1048576K
2017-02-24T10:40:07.976+0100: 2,418: [GC (Allocation Failure) 2017-02-24T10:40:07.976+0100: 2,418: [ParNew
Desired survivor size 20112992 bytes, new threshold 8 (max 8)
- age   1:    3636440 bytes,    3636440 total
- age   2:    6673824 bytes,   10310264 total
: 99861K->15843K(109248K), 0,0147636 secs] 99861K->15843K(502464K), 0,0148485 secs] [Times: user=0,05 sys=0,01, real=0,02 secs] 
Heap after GC invocations=2 (full 0):
 par new generation   total 109248K, used 15843K [0x00000000e0000000, 0x00000000e8000000, 0x00000000e8000000)
  eden space 87424K,   0% used [0x00000000e0000000, 0x00000000e0000000, 0x00000000e5560000)
  from space 21824K,  72% used [0x00000000e5560000, 0x00000000e64d8c00, 0x00000000e6ab0000)
  to   space 21824K,   0% used [0x00000000e6ab0000, 0x00000000e6ab0000, 0x00000000e8000000)
 concurrent mark-sweep generation total 393216K, used 0K [0x00000000e8000000, 0x0000000100000000, 0x0000000100000000)
 Metaspace       used 20066K, capacity 20432K, committed 20736K, reserved 1067008K
  class space    used 2297K, capacity 2470K, committed 2560K, reserved 1048576K
}
2017-02-24T10:40:07.991+0100: 2,433: Total time for which application threads were stopped: 0,0150518 seconds, Stopping threads took: 0,0000431 seconds
2017-02-24T10:40:08.034+0100: 2,476: Total time for which application threads were stopped: 0,0008564 seconds, Stopping threads took: 0,0005870 seconds
2017-02-24T10:40:08.167+0100: 2,609: Total time for which application threads were stopped: 0,0001904 seconds, Stopping threads took: 0,0000248 seconds
{Heap before GC invocations=2 (full 0):
 par new generation   total 109248K, used 103267K [0x00000000e0000000, 0x00000000e8000000, 0x00000000e8000000)
  eden space 87424K, 100% used [0x00000000e0000000, 0x00000000e5560000, 0x00000000e5560000)
  from space 21824K,  72% used [0x00000000e5560000, 0x00000000e64d8c00, 0x00000000e6ab0000)
  to   space 21824K,   0% used [0x00000000e6ab0000, 0x00000000e6ab0000, 0x00000000e8000000)
 concurrent mark-sweep generation total 393216K, used 0K [0x00000000e8000000, 0x0000000100000000, 0x0000000100000000)
 Metaspace       used 20973K, capacity 21290K, committed 21628K, reserved 1069056K
  class space    used 2418K, capacity 2589K, committed 2684K, reserved 1048576K
2017-02-24T10:40:08.201+0100: 2,643: [GC (Allocation Failure) 2017-02-24T10:40:08.201+0100: 2,643: [ParNew
Desired survivor size 20112992 bytes, new threshold 8 (max 8)
- age   1:    2214216 bytes,    2214216 total
- age   2:     849760 bytes,    3063976 total
- age   3:    6663752 bytes,    9727728 total
: 103267K->12368K(109248K), 0,0165610 secs] 103267K->12368K(502464K), 0,0166463 secs] [Times: user=0,04 sys=0,00, real=0,01 secs] 
Heap after GC invocations=3 (full 0):
 par new generation   total 109248K, used 12368K [0x00000000e0000000, 0x00000000e8000000, 0x00000000e8000000)
  eden space 87424K,   0% used [0x00000000e0000000, 0x00000000e0000000, 0x00000000e5560000)
  from space 21824K,  56% used [0x00000000e6ab0000, 0x00000000e76c4028, 0x00000000e8000000)
  to   space 21824K,   0% used [0x00000000e5560000, 0x00000000e5560000, 0x00000000e6ab0000)
 concurrent mark-sweep generation total 393216K, used 0K [0x00000000e8000000, 0x0000000100000000, 0x0000000100000000)
 Metaspace       used 20973K, capacity 21290K, committed 21628K, reserved 1069056K
  class space    used 2418K, capacity 2589K, committed 2684K, reserved 1048576K
}
2017-02-24T10:40:08.218+0100: 2,660: Total time for which application threads were stopped: 0,0168882 seconds, Stopping threads took: 0,0000995 seconds
2017-02-24T10:40:08.222+0100: 2,664: [GC (CMS Initial Mark) [1 CMS-initial-mark: 0K(393216K)] 15213K(502464K), 0,0064341 secs] [Times: user=0,01 sys=0,01, real=0,01 secs] 
2017-02-24T10:40:08.229+0100: 2,671: Total time for which application threads were stopped: 0,0066077 seconds, Stopping threads took: 0,0000541 seconds
2017-02-24T10:40:08.229+0100: 2,671: [CMS-concurrent-mark-start]
2017-02-24T10:40:08.229+0100: 2,671: [CMS-concurrent-mark: 0,000/0,000 secs] [Times: user=0,00 sys=0,00, real=0,00 secs] 
2017-02-24T10:40:08.229+0100: 2,671: [CMS-concurrent-preclean-start]
2017-02-24T10:40:08.231+0100: 2,672: [CMS-concurrent-preclean: 0,001/0,001 secs] [Times: user=0,01 sys=0,00, real=0,00 secs] 
2017-02-24T10:40:08.231+0100: 2,672: [CMS-concurrent-abortable-preclean-start]
2017-02-24T10:40:08.295+0100: 2,737: Total time for which application threads were stopped: 0,0001315 seconds, Stopping threads took: 0,0000329 seconds
{Heap before GC invocations=3 (full 1):
 par new generation   total 109248K, used 99792K [0x00000000e0000000, 0x00000000e8000000, 0x00000000e8000000)
  eden space 87424K, 100% used [0x00000000e0000000, 0x00000000e5560000, 0x00000000e5560000)
  from space 21824K,  56% used [0x00000000e6ab0000, 0x00000000e76c4028, 0x00000000e8000000)
  to   space 21824K,   0% used [0x00000000e5560000, 0x00000000e5560000, 0x00000000e6ab0000)
 concurrent mark-sweep generation total 393216K, used 0K [0x00000000e8000000, 0x0000000100000000, 0x0000000100000000)
 Metaspace       used 21254K, capacity 21618K, committed 21884K, reserved 1069056K
  class space    used 2447K, capacity 2602K, committed 2684K, reserved 1048576K
2017-02-24T10:40:08.338+0100: 2,780: [GC (Allocation Failure) 2017-02-24T10:40:08.338+0100: 2,780: [ParNew
Desired survivor size 20112992 bytes, new threshold 8 (max 8)
- age   1:     832592 bytes,     832592 total
- age   2:    1448776 bytes,    2281368 total
- age   3:     816416 bytes,    3097784 total
- age   4:    6663824 bytes,    9761608 total
: 99792K->12888K(109248K), 0,0095019 secs] 99792K->12888K(502464K), 0,0095765 secs] [Times: user=0,03 sys=0,00, real=0,01 secs] 
Heap after GC invocations=4 (full 1):
 par new generation   total 109248K, used 12888K [0x00000000e0000000, 0x00000000e8000000, 0x00000000e8000000)
  eden space 87424K,   0% used [0x00000000e0000000, 0x00000000e0000000, 0x00000000e5560000)
  from space 21824K,  59% used [0x00000000e5560000, 0x00000000e61f6240, 0x00000000e6ab0000)
  to   space 21824K,   0% used [0x00000000e6ab0000, 0x00000000e6ab0000, 0x00000000e8000000)
 concurrent mark-sweep generation total 393216K, used 0K [0x00000000e8000000, 0x0000000100000000, 0x0000000100000000)
 Metaspace       used 21254K, capacity 21618K, committed 21884K, reserved 1069056K
  class space    used 2447K, capacity 2602K, committed 2684K, reserved 1048576K
}
2017-02-24T10:40:08.348+0100: 2,790: Total time for which application threads were stopped: 0,0104355 seconds, Stopping threads took: 0,0007142 seconds
2017-02-24T10:40:08.348+0100: 2,790: [CMS-concurrent-abortable-preclean: 0,066/0,117 secs] [Times: user=0,44 sys=0,00, real=0,12 secs] 
2017-02-24T10:40:08.348+0100: 2,790: [GC (CMS Final Remark) [YG occupancy: 14226 K (109248 K)]{Heap before GC invocations=4 (full 1):
 par new generation   total 109248K, used 14226K [0x00000000e0000000, 0x00000000e8000000, 0x00000000e8000000)
  eden space 87424K,   1% used [0x00000000e0000000, 0x00000000e014e748, 0x00000000e5560000)
  from space 21824K,  59% used [0x00000000e5560000, 0x00000000e61f6240, 0x00000000e6ab0000)
  to   space 21824K,   0% used [0x00000000e6ab0000, 0x00000000e6ab0000, 0x00000000e8000000)
 concurrent mark-sweep generation total 393216K, used 0K [0x00000000e8000000, 0x0000000100000000, 0x0000000100000000)
 Metaspace       used 21254K, capacity 21618K, committed 21884K, reserved 1069056K
  class space    used 2447K, capacity 2602K, committed 2684K, reserved 1048576K
2017-02-24T10:40:08.348+0100: 2,790: [GC (CMS Final Remark) 2017-02-24T10:40:08.348+0100: 2,790: [ParNew
Desired survivor size 20112992 bytes, new threshold 8 (max 8)
- age   1:     121952 bytes,     121952 total
- age   2:     665120 bytes,     787072 total
- age   3:    1448776 bytes,    2235848 total
- age   4:     816416 bytes,    3052264 total
- age   5:    6663912 bytes,    9716176 total
: 14226K->13052K(109248K), 0,0094073 secs] 14226K->13052K(502464K), 0,0094491 secs] [Times: user=0,04 sys=0,00, real=0,00 secs] 
Heap after GC invocations=5 (full 1):
 par new generation   total 109248K, used 13052K [0x00000000e0000000, 0x00000000e8000000, 0x00000000e8000000)
  eden space 87424K,   0% used [0x00000000e0000000, 0x00000000e0000000, 0x00000000e5560000)
  from space 21824K,  59% used [0x00000000e6ab0000, 0x00000000e776f328, 0x00000000e8000000)
  to   space 21824K,   0% used [0x00000000e5560000, 0x00000000e5560000, 0x00000000e6ab0000)
 concurrent mark-sweep generation total 393216K, used 0K [0x00000000e8000000, 0x0000000100000000, 0x0000000100000000)
 Metaspace       used 21254K, capacity 21618K, committed 21884K, reserved 1069056K
  class space    used 2447K, capacity 2602K, committed 2684K, reserved 1048576K
}
2017-02-24T10:40:08.358+0100: 2,800: [Rescan (parallel) , 0,0033481 secs]2017-02-24T10:40:08.361+0100: 2,803: [weak refs processing, 0,0003999 secs]2017-02-24T10:40:08.362+0100: 2,803: [class unloading, 0,0028305 secs]2017-02-24T10:40:08.364+0100: 2,806: [scrub symbol table, 0,0025238 secs]2017-02-24T10:40:08.367+0100: 2,809: [scrub string table, 0,0003717 secs][1 CMS-remark: 0K(393216K)] 13052K(502464K), 0,0195300 secs] [Times: user=0,06 sys=0,00, real=0,02 secs] 
2017-02-24T10:40:08.368+0100: 2,810: Total time for which application threads were stopped: 0,0196685 seconds, Stopping threads took: 0,0000548 seconds
2017-02-24T10:40:08.368+0100: 2,810: [CMS-concurrent-sweep-start]
2017-02-24T10:40:08.368+0100: 2,810: [CMS-concurrent-sweep: 0,000/0,000 secs] [Times: user=0,00 sys=0,00, real=0,00 secs] 
2017-02-24T10:40:08.368+0100: 2,810: [CMS-concurrent-reset-start]
2017-02-24T10:40:08.369+0100: 2,811: [CMS-concurrent-reset: 0,001/0,001 secs] [Times: user=0,00 sys=0,00, real=0,00 secs] 
{Heap before GC invocations=5 (full 1):
 par new generation   total 109248K, used 100476K [0x00000000e0000000, 0x00000000e8000000, 0x00000000e8000000)
  eden space 87424K, 100% used [0x00000000e0000000, 0x00000000e5560000, 0x00000000e5560000)
  from space 21824K,  59% used [0x00000000e6ab0000, 0x00000000e776f328, 0x00000000e8000000)
  to   space 21824K,   0% used [0x00000000e5560000, 0x00000000e5560000, 0x00000000e6ab0000)
 concurrent mark-sweep generation total 393216K, used 0K [0x00000000e8000000, 0x0000000100000000, 0x0000000100000000)
 Metaspace       used 21378K, capacity 21790K, committed 21884K, reserved 1069056K
  class space    used 2467K, capacity 2636K, committed 2684K, reserved 1048576K
2017-02-24T10:40:08.460+0100: 2,902: [GC (Allocation Failure) 2017-02-24T10:40:08.460+0100: 2,902: [ParNew
Desired survivor size 20112992 bytes, new threshold 8 (max 8)
- age   1:    1050072 bytes,    1050072 total
- age   3:     183432 bytes,    1233504 total
- age   4:    1448904 bytes,    2682408 total
- age   5:     816304 bytes,    3498712 total
- age   6:    6663896 bytes,   10162608 total
: 100476K->11861K(109248K), 0,0124848 secs] 100476K->11861K(502464K), 0,0125676 secs] [Times: user=0,05 sys=0,00, real=0,01 secs] 
Heap after GC invocations=6 (full 1):
 par new generation   total 109248K, used 11861K [0x00000000e0000000, 0x00000000e8000000, 0x00000000e8000000)
  eden space 87424K,   0% used [0x00000000e0000000, 0x00000000e0000000, 0x00000000e5560000)
  from space 21824K,  54% used [0x00000000e5560000, 0x00000000e60f5730, 0x00000000e6ab0000)
  to   space 21824K,   0% used [0x00000000e6ab0000, 0x00000000e6ab0000, 0x00000000e8000000)
 concurrent mark-sweep generation total 393216K, used 0K [0x00000000e8000000, 0x0000000100000000, 0x0000000100000000)
 Metaspace       used 21378K, capacity 21790K, committed 21884K, reserved 1069056K
  class space    used 2467K, capacity 2636K, committed 2684K, reserved 1048576K
}
2017-02-24T10:40:08.472+0100: 2,914: Total time for which application threads were stopped: 0,0128073 seconds, Stopping threads took: 0,0000810 seconds
2017-02-24T10:40:08.511+0100: 2,953: Total time for which application threads were stopped: 0,0003527 seconds, Stopping threads took: 0,0000224 seconds
2017-02-24T10:40:08.718+0100: 3,160: Total time for which application threads were stopped: 0,0006017 seconds, Stopping threads took: 0,0000370 seconds
2017-02-24T10:40:08.742+0100: 3,184: Total time for which application threads were stopped: 0,0004095 seconds, Stopping threads took: 0,0000648 seconds
{Heap before GC invocations=6 (full 1):
 par new generation   total 109248K, used 99285K [0x00000000e0000000, 0x00000000e8000000, 0x00000000e8000000)
  eden space 87424K, 100% used [0x00000000e0000000, 0x00000000e5560000, 0x00000000e5560000)
  from space 21824K,  54% used [0x00000000e5560000, 0x00000000e60f5730, 0x00000000e6ab0000)
  to   space 21824K,   0% used [0x00000000e6ab0000, 0x00000000e6ab0000, 0x00000000e8000000)
 concurrent mark-sweep generation total 393216K, used 0K [0x00000000e8000000, 0x0000000100000000, 0x0000000100000000)
 Metaspace       used 24411K, capacity 24868K, committed 25084K, reserved 1071104K
  class space    used 2864K, capacity 3043K, committed 3068K, reserved 1048576K
2017-02-24T10:40:08.970+0100: 3,412: [GC (Allocation Failure) 2017-02-24T10:40:08.970+0100: 3,412: [ParNew
Desired survivor size 20112992 bytes, new threshold 8 (max 8)
- age   1:    5142136 bytes,    5142136 total
- age   2:     111568 bytes,    5253704 total
- age   4:     181888 bytes,    5435592 total
- age   5:     275824 bytes,    5711416 total
- age   6:     789336 bytes,    6500752 total
- age   7:    6656624 bytes,   13157376 total
: 99285K->17258K(109248K), 0,0160109 secs] 99285K->17258K(502464K), 0,0160829 secs] [Times: user=0,06 sys=0,00, real=0,02 secs] 
Heap after GC invocations=7 (full 1):
 par new generation   total 109248K, used 17258K [0x00000000e0000000, 0x00000000e8000000, 0x00000000e8000000)
  eden space 87424K,   0% used [0x00000000e0000000, 0x00000000e0000000, 0x00000000e5560000)
  from space 21824K,  79% used [0x00000000e6ab0000, 0x00000000e7b8aac0, 0x00000000e8000000)
  to   space 21824K,   0% used [0x00000000e5560000, 0x00000000e5560000, 0x00000000e6ab0000)
 concurrent mark-sweep generation total 393216K, used 0K [0x00000000e8000000, 0x0000000100000000, 0x0000000100000000)
 Metaspace       used 24411K, capacity 24868K, committed 25084K, reserved 1071104K
  class space    used 2864K, capacity 3043K, committed 3068K, reserved 1048576K
}
2017-02-24T10:40:08.987+0100: 3,428: Total time for which application threads were stopped: 0,0163968 seconds, Stopping threads took: 0,0000891 seconds
{Heap before GC invocations=7 (full 1):
 par new generation   total 109248K, used 104682K [0x00000000e0000000, 0x00000000e8000000, 0x00000000e8000000)
  eden space 87424K, 100% used [0x00000000e0000000, 0x00000000e5560000, 0x00000000e5560000)
  from space 21824K,  79% used [0x00000000e6ab0000, 0x00000000e7b8aac0, 0x00000000e8000000)
  to   space 21824K,   0% used [0x00000000e5560000, 0x00000000e5560000, 0x00000000e6ab0000)
 concurrent mark-sweep generation total 393216K, used 0K [0x00000000e8000000, 0x0000000100000000, 0x0000000100000000)
 Metaspace       used 24964K, capacity 25376K, committed 25724K, reserved 1071104K
  class space    used 2908K, capacity 3080K, committed 3196K, reserved 1048576K
2017-02-24T10:40:09.118+0100: 3,560: [GC (Allocation Failure) 2017-02-24T10:40:09.118+0100: 3,560: [ParNew
Desired survivor size 20112992 bytes, new threshold 8 (max 8)
- age   1:    1157088 bytes,    1157088 total
- age   2:    1988536 bytes,    3145624 total
- age   3:      90848 bytes,    3236472 total
- age   5:     132864 bytes,    3369336 total
- age   6:     230472 bytes,    3599808 total
- age   7:     762632 bytes,    4362440 total
- age   8:    6389856 bytes,   10752296 total
: 104682K->13951K(109248K), 0,0112454 secs] 104682K->13951K(502464K), 0,0113195 secs] [Times: user=0,04 sys=0,00, real=0,01 secs] 
Heap after GC invocations=8 (full 1):
 par new generation   total 109248K, used 13951K [0x00000000e0000000, 0x00000000e8000000, 0x00000000e8000000)
  eden space 87424K,   0% used [0x00000000e0000000, 0x00000000e0000000, 0x00000000e5560000)
  from space 21824K,  63% used [0x00000000e5560000, 0x00000000e62ffd00, 0x00000000e6ab0000)
  to   space 21824K,   0% used [0x00000000e6ab0000, 0x00000000e6ab0000, 0x00000000e8000000)
 concurrent mark-sweep generation total 393216K, used 0K [0x00000000e8000000, 0x0000000100000000, 0x0000000100000000)
 Metaspace       used 24964K, capacity 25376K, committed 25724K, reserved 1071104K
  class space    used 2908K, capacity 3080K, committed 3196K, reserved 1048576K
}
2017-02-24T10:40:09.130+0100: 3,572: Total time for which application threads were stopped: 0,0147099 seconds, Stopping threads took: 0,0032369 seconds
2017-02-24T10:40:09.371+0100: 3,813: Total time for which application threads were stopped: 0,0004250 seconds, Stopping threads took: 0,0000222 seconds
2017-02-24T10:40:09.384+0100: 3,826: Total time for which application threads were stopped: 0,0003831 seconds, Stopping threads took: 0,0000296 seconds
2017-02-24T10:40:09.439+0100: 3,881: Total time for which application threads were stopped: 0,0003642 seconds, Stopping threads took: 0,0000192 seconds
2017-02-24T10:40:09.559+0100: 4,001: Total time for which application threads were stopped: 0,0051674 seconds, Stopping threads took: 0,0047123 seconds
2017-02-24T10:40:09.611+0100: 4,053: Total time for which application threads were stopped: 0,0003094 seconds, Stopping threads took: 0,0000210 seconds
2017-02-24T10:40:37.019+0100: 32,061: Total time for which application threads were stopped: 0,0000763 seconds, Stopping threads took: 0,0000186 seconds
2017-02-24T10:40:42.019+0100: 37,062: Total time for which application threads were stopped: 0,0001093 seconds, Stopping threads took: 0,0000351 seconds
2017-02-24T10:42:07.027+0100: 122,070: Total time for which application threads were stopped: 0,0000991 seconds, Stopping threads took: 0,0000393 seconds
2017-02-24T10:42:12.028+0100: 127,071: Total time for which application threads were stopped: 0,0000909 seconds, Stopping threads took: 0,0000305 seconds
2017-02-24T10:44:32.042+0100: 267,084: Total time for which application threads were stopped: 0,0000876 seconds, Stopping threads took: 0,0000339 seconds
2017-02-24T10:51:32.083+0100: 687,125: Total time for which application threads were stopped: 0,0001789 seconds, Stopping threads took: 0,0000656 seconds
2017-02-24T10:51:42.084+0100: 697,126: Total time for which application threads were stopped: 0,0000830 seconds, Stopping threads took: 0,0000296 seconds
2017-02-24T11:01:37.162+0100: 1292,205: Total time for which application threads were stopped: 0,0000868 seconds, Stopping threads took: 0,0000318 seconds
2017-02-24T11:03:46.186+0100: 1421,229: Total time for which application threads were stopped: 0,0000930 seconds, Stopping threads took: 0,0000322 seconds
2017-02-24T11:08:46.229+0100: 1721,272: Total time for which application threads were stopped: 0,0000908 seconds, Stopping threads took: 0,0000326 seconds
2017-02-24T11:09:02.231+0100: 1737,274: Total time for which application threads were stopped: 0,0001444 seconds, Stopping threads took: 0,0000496 seconds
2017-02-24T11:19:21.300+0100: 2356,342: Total time for which application threads were stopped: 0,0000859 seconds, Stopping threads took: 0,0000276 seconds
2017-02-24T11:19:36.301+0100: 2371,344: Total time for which application threads were stopped: 0,0000954 seconds, Stopping threads took: 0,0000208 seconds
2017-02-24T11:19:37.302+0100: 2372,345: Total time for which application threads were stopped: 0,0005509 seconds, Stopping threads took: 0,0002375 seconds
2017-02-24T11:22:37.321+0100: 2552,364: Total time for which application threads were stopped: 0,0000879 seconds, Stopping threads took: 0,0000299 seconds
2017-02-24T11:24:36.334+0100: 2671,376: Total time for which application threads were stopped: 0,0000988 seconds, Stopping threads took: 0,0000373 seconds
2017-0