OpenJDK 64-Bit Server VM (25.121-b13) for linux-amd64 JRE (1.8.0_121-8u121-b13-0ubuntu1.16.04.2-b13), built on Jan 23 2017 15:51:29 by "buildd" with gcc 5.4.0 20160609
Memory: 4k page, physical 7867764k(7429368k free), swap 8076284k(8076284k free)
CommandLine flags: -XX:CMSInitiatingOccupancyFraction=50 -XX:CMSMaxAbortablePrecleanTime=6000 -XX:+CMSParallelRemarkEnabled -XX:+CMSScavengeBeforeRemark -XX:ConcGCThreads=4 -XX:InitialHeapSize=536870912 -XX:MaxHeapSize=536870912 -XX:MaxTenuringThreshold=8 -XX:NewRatio=3 -XX:OldPLABSize=16 -XX:OnOutOfMemoryError=/opt/solr/bin/oom_solr.sh 8983 /var/solr/logs -XX:ParallelGCThreads=4 -XX:+ParallelRefProcEnabled -XX:PretenureSizeThreshold=67108864 -XX:+PrintGC -XX:+PrintGCApplicationStoppedTime -XX:+PrintGCDateStamps -XX:+PrintGCDetails -XX:+PrintGCTimeStamps -XX:+PrintHeapAtGC -XX:+PrintTenuringDistribution -XX:SurvivorRatio=4 -XX:TargetSurvivorRatio=90 -XX:ThreadStackSize=256 -XX:+UseCMSInitiatingOccupancyOnly -XX:+UseCompressedClassPointers -XX:+UseCompressedOops -XX:+UseConcMarkSweepGC -XX:+UseParNewGC 
2017-05-10T15:01:44.757+0200: 0,146: Total time for which application threads were stopped: 0,0001031 seconds, Stopping threads took: 0,0000213 seconds
2017-05-10T15:01:44.855+0200: 0,244: Total time for which application threads were stopped: 0,0001326 seconds, Stopping threads took: 0,0000227 seconds
2017-05-10T15:01:44.897+0200: 0,286: Total time for which application threads were stopped: 0,0001112 seconds, Stopping threads took: 0,0000192 seconds
2017-05-10T15:01:45.232+0200: 0,621: Total time for which application threads were stopped: 0,0001774 seconds, Stopping threads took: 0,0000412 seconds
2017-05-10T15:01:45.610+0200: 0,999: Total time for which application threads were stopped: 0,0002923 seconds, Stopping threads took: 0,0000162 seconds
2017-05-10T15:01:45.742+0200: 1,131: Total time for which application threads were stopped: 0,0002090 seconds, Stopping threads took: 0,0000351 seconds
2017-05-10T15:01:45.810+0200: 1,199: Total time for which application threads were stopped: 0,0048912 seconds, Stopping threads took: 0,0047253 seconds
2017-05-10T15:01:46.107+0200: 1,496: Total time for which application threads were stopped: 0,0003364 seconds, Stopping threads took: 0,0000454 seconds
2017-05-10T15:01:46.363+0200: 1,752: Total time for which application threads were stopped: 0,0002007 seconds, Stopping threads took: 0,0000253 seconds
2017-05-10T15:01:46.394+0200: 1,783: Total time for which application threads were stopped: 0,0001909 seconds, Stopping threads took: 0,0000221 seconds
2017-05-10T15:01:46.438+0200: 1,826: Total time for which application threads were stopped: 0,0006775 seconds, Stopping threads took: 0,0001157 seconds
2017-05-10T15:01:46.440+0200: 1,829: Total time for which application threads were stopped: 0,0002048 seconds, Stopping threads took: 0,0000206 seconds
2017-05-10T15:01:46.461+0200: 1,850: Total time for which application threads were stopped: 0,0001884 seconds, Stopping threads took: 0,0000146 seconds
2017-05-10T15:01:46.542+0200: 1,931: Total time for which application threads were stopped: 0,0002549 seconds, Stopping threads took: 0,0000321 seconds
2017-05-10T15:01:46.719+0200: 2,108: Total time for which application threads were stopped: 0,0002778 seconds, Stopping threads took: 0,0000383 seconds
{Heap before GC invocations=0 (full 0):
 par new generation   total 109248K, used 87424K [0x00000000e0000000, 0x00000000e8000000, 0x00000000e8000000)
  eden space 87424K, 100% used [0x00000000e0000000, 0x00000000e5560000, 0x00000000e5560000)
  from space 21824K,   0% used [0x00000000e5560000, 0x00000000e5560000, 0x00000000e6ab0000)
  to   space 21824K,   0% used [0x00000000e6ab0000, 0x00000000e6ab0000, 0x00000000e8000000)
 concurrent mark-sweep generation total 393216K, used 0K [0x00000000e8000000, 0x0000000100000000, 0x0000000100000000)
 Metaspace       used 17995K, capacity 18336K, committed 18688K, reserved 1064960K
  class space    used 2035K, capacity 2196K, committed 2304K, reserved 1048576K
2017-05-10T15:01:46.792+0200: 2,181: [GC (Allocation Failure) 2017-05-10T15:01:46.792+0200: 2,181: [ParNew
Desired survivor size 20112992 bytes, new threshold 8 (max 8)
- age   1:   12339256 bytes,   12339256 total
: 87424K->12175K(109248K), 0,0188730 secs] 87424K->12175K(502464K), 0,0189603 secs] [Times: user=0,06 sys=0,00, real=0,02 secs] 
Heap after GC invocations=1 (full 0):
 par new generation   total 109248K, used 12175K [0x00000000e0000000, 0x00000000e8000000, 0x00000000e8000000)
  eden space 87424K,   0% used [0x00000000e0000000, 0x00000000e0000000, 0x00000000e5560000)
  from space 21824K,  55% used [0x00000000e6ab0000, 0x00000000e7693e30, 0x00000000e8000000)
  to   space 21824K,   0% used [0x00000000e5560000, 0x00000000e5560000, 0x00000000e6ab0000)
 concurrent mark-sweep generation total 393216K, used 0K [0x00000000e8000000, 0x0000000100000000, 0x0000000100000000)
 Metaspace       used 17995K, capacity 18336K, committed 18688K, reserved 1064960K
  class space    used 2035K, capacity 2196K, committed 2304K, reserved 1048576K
}
2017-05-10T15:01:46.811+0200: 2,200: Total time for which application threads were stopped: 0,0192186 seconds, Stopping threads took: 0,0000695 seconds
2017-05-10T15:01:47.122+0200: 2,510: Total time for which application threads were stopped: 0,0004027 seconds, Stopping threads took: 0,0000609 seconds
2017-05-10T15:01:47.163+0200: 2,552: Total time for which application threads were stopped: 0,0004490 seconds, Stopping threads took: 0,0000832 seconds
{Heap before GC invocations=1 (full 0):
 par new generation   total 109248K, used 99599K [0x00000000e0000000, 0x00000000e8000000, 0x00000000e8000000)
  eden space 87424K, 100% used [0x00000000e0000000, 0x00000000e5560000, 0x00000000e5560000)
  from space 21824K,  55% used [0x00000000e6ab0000, 0x00000000e7693e30, 0x00000000e8000000)
  to   space 21824K,   0% used [0x00000000e5560000, 0x00000000e5560000, 0x00000000e6ab0000)
 concurrent mark-sweep generation total 393216K, used 0K [0x00000000e8000000, 0x0000000100000000, 0x0000000100000000)
 Metaspace       used 20041K, capacity 20356K, committed 20736K, reserved 1067008K
  class space    used 2296K, capacity 2468K, committed 2560K, reserved 1048576K
2017-05-10T15:01:47.176+0200: 2,565: [GC (Allocation Failure) 2017-05-10T15:01:47.176+0200: 2,565: [ParNew
Desired survivor size 20112992 bytes, new threshold 8 (max 8)
- age   1:    3964968 bytes,    3964968 total
- age   2:    6578880 bytes,   10543848 total
: 99599K->15428K(109248K), 0,0105267 secs] 99599K->15428K(502464K), 0,0105947 secs] [Times: user=0,03 sys=0,01, real=0,01 secs] 
Heap after GC invocations=2 (full 0):
 par new generation   total 109248K, used 15428K [0x00000000e0000000, 0x00000000e8000000, 0x00000000e8000000)
  eden space 87424K,   0% used [0x00000000e0000000, 0x00000000e0000000, 0x00000000e5560000)
  from space 21824K,  70% used [0x00000000e5560000, 0x00000000e64713c0, 0x00000000e6ab0000)
  to   space 21824K,   0% used [0x00000000e6ab0000, 0x00000000e6ab0000, 0x00000000e8000000)
 concurrent mark-sweep generation total 393216K, used 0K [0x00000000e8000000, 0x0000000100000000, 0x0000000100000000)
 Metaspace       used 20041K, capacity 20356K, committed 20736K, reserved 1067008K
  class space    used 2296K, capacity 2468K, committed 2560K, reserved 1048576K
}
2017-05-10T15:01:47.187+0200: 2,576: Total time for which application threads were stopped: 0,0107936 seconds, Stopping threads took: 0,0000513 seconds
2017-05-10T15:01:47.231+0200: 2,620: Total time for which application threads were stopped: 0,0004468 seconds, Stopping threads took: 0,0000696 seconds
2017-05-10T15:01:47.382+0200: 2,771: Total time for which application threads were stopped: 0,0002371 seconds, Stopping threads took: 0,0000939 seconds
{Heap before GC invocations=2 (full 0):
 par new generation   total 109248K, used 102852K [0x00000000e0000000, 0x00000000e8000000, 0x00000000e8000000)
  eden space 87424K, 100% used [0x00000000e0000000, 0x00000000e5560000, 0x00000000e5560000)
  from space 21824K,  70% used [0x00000000e5560000, 0x00000000e64713c0, 0x00000000e6ab0000)
  to   space 21824K,   0% used [0x00000000e6ab0000, 0x00000000e6ab0000, 0x00000000e8000000)
 concurrent mark-sweep generation total 393216K, used 0K [0x00000000e8000000, 0x0000000100000000, 0x0000000100000000)
 Metaspace       used 20968K, capacity 21278K, committed 21628K, reserved 1069056K
  class space    used 2416K, capacity 2587K, committed 2684K, reserved 1048576K
2017-05-10T15:01:47.419+0200: 2,808: [GC (Allocation Failure) 2017-05-10T15:01:47.420+0200: 2,808: [ParNew
Desired survivor size 20112992 bytes, new threshold 8 (max 8)
- age   1:    2105016 bytes,    2105016 total
- age   2:     922400 bytes,    3027416 total
- age   3:    6577200 bytes,    9604616 total
: 102852K->13027K(109248K), 0,0187459 secs] 102852K->13027K(502464K), 0,0188431 secs] [Times: user=0,07 sys=0,00, real=0,02 secs] 
Heap after GC invocations=3 (full 0):
 par new generation   total 109248K, used 13027K [0x00000000e0000000, 0x00000000e8000000, 0x00000000e8000000)
  eden space 87424K,   0% used [0x00000000e0000000, 0x00000000e0000000, 0x00000000e5560000)
  from space 21824K,  59% used [0x00000000e6ab0000, 0x00000000e7768ce0, 0x00000000e8000000)
  to   space 21824K,   0% used [0x00000000e5560000, 0x00000000e5560000, 0x00000000e6ab0000)
 concurrent mark-sweep generation total 393216K, used 0K [0x00000000e8000000, 0x0000000100000000, 0x0000000100000000)
 Metaspace       used 20968K, capacity 21278K, committed 21628K, reserved 1069056K
  class space    used 2416K, capacity 2587K, committed 2684K, reserved 1048576K
}
2017-05-10T15:01:47.438+0200: 2,827: Total time for which application threads were stopped: 0,0190785 seconds, Stopping threads took: 0,0000631 seconds
2017-05-10T15:01:47.439+0200: 2,828: [GC (CMS Initial Mark) [1 CMS-initial-mark: 0K(393216K)] 14475K(502464K), 0,0047063 secs] [Times: user=0,02 sys=0,00, real=0,01 secs] 
2017-05-10T15:01:47.443+0200: 2,832: Total time for which application threads were stopped: 0,0048727 seconds, Stopping threads took: 0,0000522 seconds
2017-05-10T15:01:47.443+0200: 2,832: [CMS-concurrent-mark-start]
2017-05-10T15:01:47.445+0200: 2,834: [CMS-concurrent-mark: 0,002/0,002 secs] [Times: user=0,00 sys=0,00, real=0,00 secs] 
2017-05-10T15:01:47.445+0200: 2,834: [CMS-concurrent-preclean-start]
2017-05-10T15:01:47.446+0200: 2,835: [CMS-concurrent-preclean: 0,001/0,001 secs] [Times: user=0,01 sys=0,00, real=0,00 secs] 
2017-05-10T15:01:47.446+0200: 2,835: [CMS-concurrent-abortable-preclean-start]
2017-05-10T15:01:47.516+0200: 2,905: Total time for which application threads were stopped: 0,0001765 seconds, Stopping threads took: 0,0000577 seconds
2017-05-10T15:01:47.516+0200: 2,905: [CMS-concurrent-abortable-preclean: 0,069/0,069 secs] [Times: user=0,27 sys=0,01, real=0,07 secs] 
2017-05-10T15:01:47.516+0200: 2,905: [GC (CMS Final Remark) [YG occupancy: 59938 K (109248 K)]{Heap before GC invocations=3 (full 1):
 par new generation   total 109248K, used 59938K [0x00000000e0000000, 0x00000000e8000000, 0x00000000e8000000)
  eden space 87424K,  53% used [0x00000000e0000000, 0x00000000e2dcfc80, 0x00000000e5560000)
  from space 21824K,  59% used [0x00000000e6ab0000, 0x00000000e7768ce0, 0x00000000e8000000)
  to   space 21824K,   0% used [0x00000000e5560000, 0x00000000e5560000, 0x00000000e6ab0000)
 concurrent mark-sweep generation total 393216K, used 0K [0x00000000e8000000, 0x0000000100000000, 0x0000000100000000)
 Metaspace       used 21160K, capacity 21494K, committed 21884K, reserved 1069056K
  class space    used 2435K, capacity 2591K, committed 2684K, reserved 1048576K
2017-05-10T15:01:47.516+0200: 2,905: [GC (CMS Final Remark) 2017-05-10T15:01:47.516+0200: 2,905: [ParNew
Desired survivor size 20112992 bytes, new threshold 8 (max 8)
- age   1:    1265352 bytes,    1265352 total
- age   2:    1465360 bytes,    2730712 total
- age   3:     892976 bytes,    3623688 total
- age   4:    6575368 bytes,   10199056 total
: 59938K->11169K(109248K), 0,0097113 secs] 59938K->11169K(502464K), 0,0097658 secs] [Times: user=0,03 sys=0,00, real=0,01 secs] 
Heap after GC invocations=4 (full 1):
 par new generation   total 109248K, used 11169K [0x00000000e0000000, 0x00000000e8000000, 0x00000000e8000000)
  eden space 87424K,   0% used [0x00000000e0000000, 0x00000000e0000000, 0x00000000e5560000)
  from space 21824K,  51% used [0x00000000e5560000, 0x00000000e6048400, 0x00000000e6ab0000)
  to   space 21824K,   0% used [0x00000000e6ab0000, 0x00000000e6ab0000, 0x00000000e8000000)
 concurrent mark-sweep generation total 393216K, used 0K [0x00000000e8000000, 0x0000000100000000, 0x0000000100000000)
 Metaspace       used 21160K, capacity 21494K, committed 21884K, reserved 1069056K
  class space    used 2435K, capacity 2591K, committed 2684K, reserved 1048576K
}
2017-05-10T15:01:47.526+0200: 2,915: [Rescan (parallel) , 0,0033179 secs]2017-05-10T15:01:47.529+0200: 2,918: [weak refs processing, 0,0008271 secs]2017-05-10T15:01:47.530+0200: 2,919: [class unloading, 0,0029040 secs]2017-05-10T15:01:47.533+0200: 2,922: [scrub symbol table, 0,0033144 secs]2017-05-10T15:01:47.536+0200: 2,925: [scrub string table, 0,0003772 secs][1 CMS-remark: 0K(393216K)] 11169K(502464K), 0,0211416 secs] [Times: user=0,05 sys=0,00, real=0,02 secs] 
2017-05-10T15:01:47.537+0200: 2,926: Total time for which application threads were stopped: 0,0212702 seconds, Stopping threads took: 0,0000399 seconds
2017-05-10T15:01:47.537+0200: 2,926: [CMS-concurrent-sweep-start]
2017-05-10T15:01:47.537+0200: 2,926: [CMS-concurrent-sweep: 0,000/0,000 secs] [Times: user=0,00 sys=0,00, real=0,00 secs] 
2017-05-10T15:01:47.537+0200: 2,926: [CMS-concurrent-reset-start]
2017-05-10T15:01:47.540+0200: 2,929: [CMS-concurrent-reset: 0,002/0,002 secs] [Times: user=0,01 sys=0,01, real=0,00 secs] 
{Heap before GC invocations=4 (full 1):
 par new generation   total 109248K, used 98593K [0x00000000e0000000, 0x00000000e8000000, 0x00000000e8000000)
  eden space 87424K, 100% used [0x00000000e0000000, 0x00000000e5560000, 0x00000000e5560000)
  from space 21824K,  51% used [0x00000000e5560000, 0x00000000e6048400, 0x00000000e6ab0000)
  to   space 21824K,   0% used [0x00000000e6ab0000, 0x00000000e6ab0000, 0x00000000e8000000)
 concurrent mark-sweep generation total 393216K, used 0K [0x00000000e8000000, 0x0000000100000000, 0x0000000100000000)
 Metaspace       used 21259K, capacity 21624K, committed 21884K, reserved 1069056K
  class space    used 2450K, capacity 2603K, committed 2684K, reserved 1048576K
2017-05-10T15:01:47.625+0200: 3,014: [GC (Allocation Failure) 2017-05-10T15:01:47.625+0200: 3,014: [ParNew
Desired survivor size 20112992 bytes, new threshold 8 (max 8)
- age   1:     435896 bytes,     435896 total
- age   2:      74912 bytes,     510808 total
- age   3:    1464784 bytes,    1975592 total
- age   4:     888928 bytes,    2864520 total
- age   5:    6575368 bytes,    9439888 total
: 98593K->15244K(109248K), 0,0092578 secs] 98593K->15244K(502464K), 0,0093207 secs] [Times: user=0,04 sys=0,00, real=0,01 secs] 
Heap after GC invocations=5 (full 1):
 par new generation   total 109248K, used 15244K [0x00000000e0000000, 0x00000000e8000000, 0x00000000e8000000)
  eden space 87424K,   0% used [0x00000000e0000000, 0x00000000e0000000, 0x00000000e5560000)
  from space 21824K,  69% used [0x00000000e6ab0000, 0x00000000e79930c8, 0x00000000e8000000)
  to   space 21824K,   0% used [0x00000000e5560000, 0x00000000e5560000, 0x00000000e6ab0000)
 concurrent mark-sweep generation total 393216K, used 0K [0x00000000e8000000, 0x0000000100000000, 0x0000000100000000)
 Metaspace       used 21259K, capacity 21624K, committed 21884K, reserved 1069056K
  class space    used 2450K, capacity 2603K, committed 2684K, reserved 1048576K
}
2017-05-10T15:01:47.634+0200: 3,023: Total time for which application threads were stopped: 0,0097456 seconds, Stopping threads took: 0,0002585 seconds
2017-05-10T15:01:47.711+0200: 3,100: Total time for which application threads were stopped: 0,0003191 seconds, Stopping threads took: 0,0000212 seconds
2017-05-10T15:01:47.971+0200: 3,360: Total time for which application threads were stopped: 0,0005071 seconds, Stopping threads took: 0,0000283 seconds
2017-05-10T15:01:47.983+0200: 3,372: Total time for which application threads were stopped: 0,0004316 seconds, Stopping threads took: 0,0000263 seconds
2017-05-10T15:01:48.061+0200: 3,450: Total time for which application threads were stopped: 0,0002001 seconds, Stopping threads took: 0,0000592 seconds
{Heap before GC invocations=5 (full 1):
 par new generation   total 109248K, used 102668K [0x00000000e0000000, 0x00000000e8000000, 0x00000000e8000000)
  eden space 87424K, 100% used [0x00000000e0000000, 0x00000000e5560000, 0x00000000e5560000)
  from space 21824K,  69% used [0x00000000e6ab0000, 0x00000000e7993148, 0x00000000e8000000)
  to   space 21824K,   0% used [0x00000000e5560000, 0x00000000e5560000, 0x00000000e6ab0000)
 concurrent mark-sweep generation total 393216K, used 0K [0x00000000e8000000, 0x0000000100000000, 0x0000000100000000)
 Metaspace       used 23502K, capacity 23986K, committed 24188K, reserved 1071104K
  class space    used 2725K, capacity 2918K, committed 2940K, reserved 1048576K
2017-05-10T15:01:48.062+0200: 3,451: [GC (GCLocker Initiated GC) 2017-05-10T15:01:48.062+0200: 3,451: [ParNew
Desired survivor size 20112992 bytes, new threshold 8 (max 8)
- age   1:    4132264 bytes,    4132264 total
- age   2:     162336 bytes,    4294600 total
- age   3:      73880 bytes,    4368480 total
- age   4:     294832 bytes,    4663312 total
- age   5:     875264 bytes,    5538576 total
- age   6:    6567040 bytes,   12105616 total
: 102668K->13447K(109248K), 0,0111630 secs] 102668K->13447K(502464K), 0,0112405 secs] [Times: user=0,03 sys=0,00, real=0,01 secs] 
Heap after GC invocations=6 (full 1):
 par new generation   total 109248K, used 13447K [0x00000000e0000000, 0x00000000e8000000, 0x00000000e8000000)
  eden space 87424K,   0% used [0x00000000e0000000, 0x00000000e0000000, 0x00000000e5560000)
  from space 21824K,  61% used [0x00000000e5560000, 0x00000000e6281c80, 0x00000000e6ab0000)
  to   space 21824K,   0% used [0x00000000e6ab0000, 0x00000000e6ab0000, 0x00000000e8000000)
 concurrent mark-sweep generation total 393216K, used 0K [0x00000000e8000000, 0x0000000100000000, 0x0000000100000000)
 Metaspace       used 23502K, capacity 23986K, committed 24188K, reserved 1071104K
  class space    used 2725K, capacity 2918K, committed 2940K, reserved 1048576K
}
2017-05-10T15:01:48.073+0200: 3,462: Total time for which application threads were stopped: 0,0117312 seconds, Stopping threads took: 0,0003433 seconds
{Heap before GC invocations=6 (full 1):
 par new generation   total 109248K, used 100851K [0x00000000e0000000, 0x00000000e8000000, 0x00000000e8000000)
  eden space 87424K,  99% used [0x00000000e0000000, 0x00000000e555b138, 0x00000000e5560000)
  from space 21824K,  61% used [0x00000000e5560000, 0x00000000e6281c80, 0x00000000e6ab0000)
  to   space 21824K,   0% used [0x00000000e6ab0000, 0x00000000e6ab0000, 0x00000000e8000000)
 concurrent mark-sweep generation total 393216K, used 0K [0x00000000e8000000, 0x0000000100000000, 0x0000000100000000)
 Metaspace       used 24446K, capacity 24882K, committed 25084K, reserved 1071104K
  class space    used 2861K, capacity 3046K, committed 3068K, reserved 1048576K
2017-05-10T15:01:48.230+0200: 3,619: [GC (Allocation Failure) 2017-05-10T15:01:48.230+0200: 3,619: [ParNew
Desired survivor size 20112992 bytes, new threshold 8 (max 8)
- age   1:    3442552 bytes,    3442552 total
- age   2:    1399312 bytes,    4841864 total
- age   3:      85536 bytes,    4927400 total
- age   4:      40664 bytes,    4968064 total
- age   5:     188032 bytes,    5156096 total
- age   6:     775520 bytes,    5931616 total
- age   7:    6085280 bytes,   12016896 total
: 100851K->17477K(109248K), 0,0418854 secs] 100851K->17477K(502464K), 0,0419603 secs] [Times: user=0,08 sys=0,00, real=0,05 secs] 
Heap after GC invocations=7 (full 1):
 par new generation   total 109248K, used 17477K [0x00000000e0000000, 0x00000000e8000000, 0x00000000e8000000)
  eden space 87424K,   0% used [0x00000000e0000000, 0x00000000e0000000, 0x00000000e5560000)
  from space 21824K,  80% used [0x00000000e6ab0000, 0x00000000e7bc1458, 0x00000000e8000000)
  to   space 21824K,   0% used [0x00000000e5560000, 0x00000000e5560000, 0x00000000e6ab0000)
 concurrent mark-sweep generation total 393216K, used 0K [0x00000000e8000000, 0x0000000100000000, 0x0000000100000000)
 Metaspace       used 24446K, capacity 24882K, committed 25084K, reserved 1071104K
  class space    used 2861K, capacity 3046K, committed 3068K, reserved 1048576K
}
2017-05-10T15:01:48.272+0200: 3,661: Total time for which application threads were stopped: 0,0422683 seconds, Stopping threads took: 0,0000732 seconds
{Heap before GC invocations=7 (full 1):
 par new generation   total 109248K, used 104901K [0x00000000e0000000, 0x00000000e8000000, 0x00000000e8000000)
  eden space 87424K, 100% used [0x00000000e0000000, 0x00000000e5560000, 0x00000000e5560000)
  from space 21824K,  80% used [0x00000000e6ab0000, 0x00000000e7bc1458, 0x00000000e8000000)
  to   space 21824K,   0% used [0x00000000e5560000, 0x00000000e5560000, 0x00000000e6ab0000)
 concurrent mark-sweep generation total 393216K, used 0K [0x00000000e8000000, 0x0000000100000000, 0x0000000100000000)
 Metaspace       used 24767K, capacity 25266K, committed 25468K, reserved 1071104K
  class space    used 2893K, capacity 3084K, committed 3196K, reserved 1048576K
2017-05-10T15:01:48.358+0200: 3,747: [GC (Allocation Failure) 2017-05-10T15:01:48.358+0200: 3,747: [ParNew
Desired survivor size 20112992 bytes, new threshold 8 (max 8)
- age   1:     859680 bytes,     859680 total
- age   2:    1422768 bytes,    2282448 total
- age   3:    1383976 bytes,    3666424 total
- age   4:      85432 bytes,    3751856 total
- age   5:      40560 bytes,    3792416 total
- age   6:     188032 bytes,    3980448 total
- age   7:     775520 bytes,    4755968 total
- age   8:    6085264 bytes,   10841232 total
: 104901K->13794K(109248K), 0,0117158 secs] 104901K->13794K(502464K), 0,0117866 secs] [Times: user=0,05 sys=0,00, real=0,01 secs] 
Heap after GC invocations=8 (full 1):
 par new generation   total 109248K, used 13794K [0x00000000e0000000, 0x00000000e8000000, 0x00000000e8000000)
  eden space 87424K,   0% used [0x00000000e0000000, 0x00000000e0000000, 0x00000000e5560000)
  from space 21824K,  63% used [0x00000000e5560000, 0x00000000e62d8bc0, 0x00000000e6ab0000)
  to   space 21824K,   0% used [0x00000000e6ab0000, 0x00000000e6ab0000, 0x00000000e8000000)
 concurrent mark-sweep generation total 393216K, used 0K [0x00000000e8000000, 0x0000000100000000, 0x0000000100000000)
 Metaspace       used 24767K, capacity 25266K, committed 25468K, reserved 1071104K
  class space    used 2893K, capacity 3084K, committed 3196K, reserved 1048576K
}
2017-05-10T15:01:48.370+0200: 3,759: Total time for which application threads were stopped: 0,0146060 seconds, Stopping threads took: 0,0026470 seconds
{Heap before GC invocations=8 (full 1):
 par new generation   total 109248K, used 101218K [0x00000000e0000000, 0x00000000e8000000, 0x00000000e8000000)
  eden space 87424K, 100% used [0x00000000e0000000, 0x00000000e5560000, 0x00000000e5560000)
  from space 21824K,  63% used [0x00000000e5560000, 0x00000000e62d8bc0, 0x00000000e6ab0000)
  to   space 21824K,   0% used [0x00000000e6ab0000, 0x00000000e6ab0000, 0x00000000e8000000)
 concurrent mark-sweep generation total 393216K, used 0K [0x00000000e8000000, 0x0000000100000000, 0x0000000100000000)
 Metaspace       used 25506K, capacity 26012K, committed 26236K, reserved 1073152K
  class space    used 2946K, capacity 3121K, committed 3196K, reserved 1048576K
2017-05-10T15:01:48.557+0200: 3,945: [GC (Allocation Failure) 2017-05-10T15:01:48.557+0200: 3,945: [ParNew
Desired survivor size 20112992 bytes, new threshold 8 (max 8)
- age   1:    1773240 bytes,    1773240 total
- age   2:     168944 bytes,    1942184 total
- age   3:     624272 bytes,    2566456 total
- age   4:    1383312 bytes,    3949768 total
- age   5:      82920 bytes,    4032688 total
- age   6:      40528 bytes,    4073216 total
- age   7:     187504 bytes,    4260720 total
- age   8:     774752 bytes,    5035472 total
: 101218K->7118K(109248K), 0,0279099 secs] 101218K->13141K(502464K), 0,0279871 secs] [Times: user=0,09 sys=0,02, real=0,03 secs] 
Heap after GC invocations=9 (full 1):
 par new generation   total 109248K, used 7118K [0x00000000e0000000, 0x00000000e8000000, 0x00000000e8000000)
  eden space 87424K,   0% used [0x00000000e0000000, 0x00000000e0000000, 0x00000000e5560000)
  from space 21824K,  32% used [0x00000000e6ab0000, 0x00000000e71a38d0, 0x00000000e8000000)
  to   space 21824K,   0% used [0x00000000e5560000, 0x00000000e5560000, 0x00000000e6ab0000)
 concurrent mark-sweep generation total 393216K, used 6023K [0x00000000e8000000, 0x0000000100000000, 0x0000000100000000)
 Metaspace       used 25506K, capacity 26012K, committed 26236K, reserved 1073152K
  class space    used 2946K, capacity 3121K, committed 3196K, reserved 1048576K
}
2017-05-10T15:01:48.585+0200: 3,973: Total time for which application threads were stopped: 0,0282322 seconds, Stopping threads took: 0,0000766 seconds
2017-05-10T15:01:48.659+0200: 4,048: Total time for which application threads were stopped: 0,0003734 seconds, Stopping threads took: 0,0000355 seconds
2017-05-10T15:01:48.679+0200: 4,067: Total time for which application threads were stopped: 0,0001285 seconds, Stopping threads took: 0,0000392 seconds
2017-05-10T15:01:48.683+0200: 4,071: Total time for which application threads were stopped: 0,0001652 seconds, Stopping threads took: 0,0000398 seconds
2017-05-10T15:01:48.683+0200: 4,072: Total time for which application threads were stopped: 0,0000971 seconds, Stopping threads took: 0,0000342 seconds
2017-05-10T15:01:48.684+0200: 4,073: Total time for which application threads were stopped: 0,0000583 seconds, Stopping threads took: 0,0000100 seconds
2017-05-10T15:01:48.686+0200: 4,075: Total time for which application threads were stopped: 0,0001583 seconds, Stopping threads took: 0,0000289 seconds
2017-05-10T15:01:48.687+0200: 4,075: Total time for which application threads were stopped: 0,0001128 seconds, Stopping threads took: 0,0000314 seconds
2017-05-10T15:01:48.688+0200: 4,077: Total time for which application threads were stopped: 0,0001175 seconds, Stopping threads took: 0,0000401 seconds
2017-05-10T15:01:48.702+0200: 4,091: Total time for which application threads were stopped: 0,0016303 seconds, Stopping threads took: 0,0015387 seconds
2017-05-10T15:01:48.708+0200: 4,097: Total time for which application threads were stopped: 0,0005046 seconds, Stopping threads took: 0,0000417 seconds
2017-05-10T15:01:48.710+0200: 4,099: Total time for which application threads were stopped: 0,0001564 seconds, Stopping threads took: 0,0000528 seconds
2017-05-10T15:01:48.712+0200: 4,101: Total time for which application threads were stopped: 0,0001565 seconds, Stopping threads took: 0,0000495 seconds
2017-05-10T15:01:48.726+0200: 4,115: Total time for which application threads were stopped: 0,0020532 seconds, Stopping threads took: 0,0019736 seconds
2017-05-10T15:01:48.727+0200: 4,116: Total time for which application threads were stopped: 0,0003663 seconds, Stopping threads took: 0,0000140 seconds
2017-05-10T15:01:48.730+0200: 4,119: Total time for which application threads were stopped: 0,0018307 seconds, Stopping threads took: 0,0017550 seconds
2017-05-10T15:01:48.733+0200: 4,122: Total time for which application threads were stopped: 0,0001121 seconds, Stopping threads took: 0,0000307 seconds
2017-05-10T15:01:48.738+0200: 4,127: Total time for which application threads were stopped: 0,0001160 seconds, Stopping threads took: 0,0000346 seconds
2017-05-10T15:01:48.739+0200: 4,128: Total time for which application threads were stopped: 0,0002500 seconds, Stopping threads took: 0,0001795 seconds
2017-05-10T15:01:48.741+0200: 4,130: Total time for which application threads were stopped: 0,0001908 seconds, Stopping threads took: 0,0001139 seconds
2017-05-10T15:01:48.742+0200: 4,131: Total time for which application threads were stopped: 0,0000800 seconds, Stopping threads took: 0,0000082 seconds
2017-05-10T15:01:48.742+0200: 4,131: Total time for which application threads were stopped: 0,0000633 seconds, Stopping threads took: 0,0000115 seconds
2017-05-10T15:01:48.772+0200: 4,161: Total time for which application threads were stopped: 0,0001396 seconds, Stopping threads took: 0,0000405 seconds
2017-05-10T15:01:48.775+0200: 4,163: Total time for which application threads were stopped: 0,0001851 seconds, Stopping threads took: 0,0000384 seconds
2017-05-10T15:01:48.776+0200: 4,165: Total time for which application threads were stopped: 0,0000942 seconds, Stopping threads took: 0,0000276 seconds
2017-05-10T15:01:48.777+0200: 4,166: Total time for which application threads were stopped: 0,0000885 seconds, Stopping threads took: 0,0000257 seconds
2017-05-10T15:01:48.778+0200: 4,167: Total time for which application threads were stopped: 0,0001009 seconds, Stopping threads took: 0,0000251 seconds
2017-05-10T15:01:48.781+0200: 4,170: Total time for which application threads were stopped: 0,0001257 seconds, Stopping threads took: 0,0000548 seconds
2017-05-10T15:01:48.782+0200: 4,171: Total time for which application threads were stopped: 0,0003922 seconds, Stopping threads took: 0,0000340 seconds
2017-05-10T15:01:48.785+0200: 4,173: Total time for which application threads were stopped: 0,0001540 seconds, Stopping threads took: 0,0000793 seconds
2017-05-10T15:01:48.785+0200: 4,174: Total time for which application threads were stopped: 0,0001069 seconds, Stopping threads took: 0,0000434 seconds
2017-05-10T15:01:48.785+0200: 4,174: Total time for which application threads were stopped: 0,0000918 seconds, Stopping threads took: 0,0000297 seconds
2017-05-10T15:01:48.790+0200: 4,179: Total time for which application threads were stopped: 0,0001283 seconds, Stopping threads took: 0,0000273 seconds
2017-05-10T15:01:48.790+0200: 4,179: Total time for which application threads were stopped: 0,0000791 seconds, Stopping threads took: 0,0000206 seconds
2017-05-10T15:01:48.791+0200: 4,180: Total time for which application threads were stopped: 0,0000889 seconds, Stopping threads took: 0,0000206 seconds
2017-05-10T15:01:48.796+0200: 4,185: Total time for which application threads were stopped: 0,0001220 seconds, Stopping threads took: 0,0000365 seconds
2017-05-10T15:01:48.804+0200: 4,193: Total time for which application threads were stopped: 0,0001190 seconds, Stopping threads took: 0,0000447 seconds
2017-05-10T15:01:48.805+0200: 4,194: Total time for which application threads were stopped: 0,0001035 seconds, Stopping threads took: 0,0000300 seconds
2017-05-10T15:01:48.805+0200: 4,194: Total time for which application threads were stopped: 0,0001121 seconds, Stopping threads took: 0,0000313 seconds
2017-05-10T15:01:48.806+0200: 4,195: Total time for which application threads were stopped: 0,0000997 seconds, Stopping threads took: 0,0000254 seconds
2017-05-10T15:01:48.807+0200: 4,196: Total time for which application threads were stopped: 0,0001191 seconds, Stopping threads took: 0,0000392 seconds
2017-05-10T15:01:48.807+0200: 4,196: Total time for which application threads were stopped: 0,0000597 seconds, Stopping threads took: 0,0000112 seconds
2017-05-10T15:01:48.807+0200: 4,196: Total time for which application threads were stopped: 0,0000476 seconds, Stopping threads took: 0,0000126 seconds
2017-05-10T15:01:48.808+0200: 4,196: Total time for which application threads were stopped: 0,0000538 seconds, Stopping threads took: 0,0000178 seconds
2017-05-10T15:01:48.808+0200: 4,196: Total time for which application threads were stopped: 0,0000498 seconds, Stopping threads took: 0,0000157 seconds
2017-05-10T15:01:48.808+0200: 4,197: Total time for which application threads were stopped: 0,0000702 seconds, Stopping threads took: 0,0000235 seconds
2017-05-10T15:01:48.808+0200: 4,197: Total time for which application threads were stopped: 0,0000553 seconds, Stopping threads took: 0,0000096 seconds
2017-05-10T15:01:48.808+0200: 4,197: Total time for which application threads were stopped: 0,0000437 seconds, Stopping threads took: 0,0000084 seconds
2017-05-10T15:01:48.808+0200: 4,197: Total time for which application threads were stopped: 0,0001153 seconds, Stopping threads took: 0,0000169 seconds
2017-05-10T15:01:48.813+0200: 4,202: Total time for which application threads were stopped: 0,0001345 seconds, Stopping threads took: 0,0000459 seconds
2017-05-10T15:01:48.816+0200: 4,205: Total time for which application threads were stopped: 0,0001521 seconds, Stopping threads took: 0,0000467 seconds
2017-05-10T15:01:48.821+0200: 4,210: Total time for which application threads were stopped: 0,0001415 seconds, Stopping threads took: 0,0000566 seconds
2017-05-10T15:01:48.832+0200: 4,221: Total time for which application threads were stopped: 0,0001301 seconds, Stopping threads took: 0,0000313 seconds
2017-05-10T15:01:48.853+0200: 4,242: Total time for which application threads were stopped: 0,0013756 seconds, Stopping threads took: 0,0012831 seconds
2017-05-10T15:01:48.862+0200: 4,251: Total time for which application threads were stopped: 0,0053937 seconds, Stopping threads took: 0,0053072 seconds
2017-05-10T15:01:48.889+0200: 4,278: Total time for which application threads were stopped: 0,0006933 seconds, Stopping threads took: 0,0001927 seconds
2017-05-10T15:01:49.890+0200: 5,279: Total time for which application threads were stopped: 0,0000788 seconds, Stopping threads took: 0,0000171 seconds
2017-05-10T15:02:16.893+0200: 32,282: Total time for which application threads were stopped: 0,0000955 seconds, Stopping threads took: 0,0000416 seconds
2017-05-10T15:03:46.908+0200: 122,297: Total time for which application threads were stopped: 0,0001884 seconds, Stopping threads took: 0,0000731 seconds
2017-05-10T15:03:51.909+0200: 127,298: Total time for which application threads were stopped: 0,0001427 seconds, Stopping threads took: 0,0000369 seconds
2017-05-10T15:04:45.919+0200: 181,308: Total time for which application threads were stopped: 0,0000851 seconds, Stopping threads took: 0,0000325 seconds
2017-05-10T15:25:16.074+0200: 1411,463: Total time for which application threads were stopped: 0,0005532 seconds, Stopping threads took: 0,0001740 seconds
2017-05-10T15:30:06.109+0200: 1701,498: Total time for which application threads were stopped: 0,0007926 seconds, Stopping threads took: 0,0003096 seconds
2017-05-10T15:40:06.190+0200: 2301,579: Total time for which application threads were stopped: 0,0000966 seconds, Stopping threads took: 0,0000388 seconds
2017-05-10T15:40:07.191+0200: 2302,580: Total time for which application threads were stopped: 0,0005326 seconds, Stopping threads took: 0,0001274 seconds
2017-05-10T15:55:02.305+0200: 3197,694: Total time for which application threads were stopped: 0,0000861 seconds, Stopping threads took: 0,0000292 seconds
2017-05-10T16:05:46.390+0200: 3841,779: Total time for which application threads were stopped: 0,0000904 seconds, Stopping threads took: 0,0000377 seconds
2017-05-10T17:00:29.234+0200: 4718,466: Total time for which application threads were stopped: 0,0006632 seconds, Stopping threads took: 0,0002477 seconds
2017-05-10T17:00:34.235+0200: 4723,467: Total time for which application threads were stopped: 0,0000798 seconds, Stopping threads took: 0,0000167 seconds
2017-05-10T17:34:05.117+0200: 6733,706: Total time for which application threads were stopped: 0,0001215 seconds, Stopping threads took: 0,0000438 seconds
2017-05-10T17:43:53.182+0200: 7321,771: Total time for which application threads were stopped: 0,0000944 seconds, Stopping threads took: 0,0000314 seconds
2017-05-10T17:49:53.214+0200: 7681,803: Total time for which application threads were stopped: 0,0000907 seconds, Stopping threads took: 0,0000371 seconds
2017-05-10T17:50:23.218+0200: 7711,807: Total time for which application threads were stopped: 0,0007161 seconds, Stopping threads took: 0,0002907 seconds
2017-05-10T18:47:53.581+0200: 11162,170: Total time for which application threads were stopped: 0,0144007 seconds, Stopping threads took: 0,0143193 seconds
2017-05-10T18:47:53.583+0200: 11162,171: Total time for which application threads were stopped: 0,0000811 seconds, Stopping threads took: 0,0000155 seconds
2017-05-10T18:47:53.583+0200: 11162,172: Total time for which application threads were stopped: 0,0000370 seconds, Stopping threads took: 0,0000059 seconds
2017-05-10T18:47:53.583+0200: 11162,172: Total time for which application threads were stopped: 0,0000410 seconds, Stopping threads took: 0,0000064 seconds
2017-05-10T18:47:53.583+0200: 11162,172: Total time for which application threads were stopped: 0,0000325 seconds, Stopping threads took: 0,0000047 seconds
2017-05-10T18:47:53.585+0200: 11162,174: Total time for which application threads were stopped: 0,0000807 seconds, Stopping threads took: 0,0000142 seconds
2017-05-10T18:47:53.600+0200: 11162,189: Total time for which application threads were stopped: 0,0000956 seconds, Stopping threads took: 0,0000208 seconds
2017-05-10T18:47:53.601+0200: 11162,189: Total time for which application threads were stopped: 0,0000479 seconds, Stopping threads took: 0,0000128 seconds
2017-05-10T18:47:53.601+0200: 11162,189: Total time for which application threads were stopped: 0,0000395 seconds, Stopping threads took: 0,0000120 seconds
2017-05-10T18:47:53.601+0200: 11162,189: Total time for which application threads were stopped: 0,0000440 seconds, Stopping threads took: 0,0000166 seconds
2017-05-10T18:47:53.601+0200: 11162,190: Total time for which application threads were stopped: 0,0000410 seconds, Stopping threads took: 0,0000121 seconds
2017-05-10T18:47:53.601+0200: 11162,190: Total time for which application threads were stopped: 0,0000446 seconds, Stopping threads took: 0,0000127 seconds
2017-05-10T18:47:53.601+0200: 11162,190: Total time for which application threads were stopped: 0,0000440 seconds, Stopping threads took: 0,0000148 seconds
2017-05-10T18:47:53.601+0200: 11162,190: Total time for which application threads were stopped: 0,0000301 seconds, Stopping threads took: 0,0000046 seconds
2017-05-10T18:47:53.602+0200: 11162,190: Total time for which application threads were stopped: 0,0000828 seconds, Stopping threads took: 0,0000269 seconds
2017-05-10T18:47:53.612+0200: 11162,200: Total time for which application threads were stopped: 0,0001270 seconds, Stopping threads took: 0,0000399 seconds
2017-05-10T18:47:53.612+0200: 11162,201: Total time for which application threads were stopped: 0,0000941 seconds, Stopping threads took: 0,0000259 seconds
2017-05-10T18:47:53.612+0200: 11162,201: Total time for which application threads were stopped: 0,0000648 seconds, Stopping threads took: 0,0000165 seconds
2017-05-10T18:47:53.613+0200: 11162,201: Total time for which application threads were stopped: 0,0000559 seconds, Stopping threads took: 0,0000161 seconds
2017-05-10T18:47:53.625+0200: 11162,214: Total time for which application threads were stopped: 0,0001106 seconds, Stopping threads took: 0,0000317 seconds
2017-05-10T18:47:53.626+0200: 11162,214: Total time for which application threads were stopped: 0,0000941 seconds, Stopping threads took: 0,0000449 seconds
2017-05-10T18:47:53.630+0200: 11162,219: Total time for which application threads were stopped: 0,0041034 seconds, Stopping threads took: 0,0040389 seconds
2017-05-10T18:47:53.630+0200: 11162,219: Total time for which application threads were stopped: 0,0000848 seconds, Stopping threads took: 0,0000236 seconds
2017-05-10T18:47:53.631+0200: 11162,220: Total time for which application threads were stopped: 0,0000947 seconds, Stopping threads took: 0,0000332 seconds
2017-05-10T18:47:53.631+0200: 11162,220: Total time for which application threads were stopped: 0,0000487 seconds, Stopping threads took: 0,0000079 seconds
2017-05-10T18:47:53.631+0200: 11162,220: Total time for which application threads were stopped: 0,0000428 seconds, Stopping threads took: 0,0000060 seconds
2017-05-10T18:47:53.631+0200: 11162,220: Total time for which application threads were stopped: 0,0000414 seconds, Stopping threads took: 0,0000056 seconds
2017-05-10T18:47:53.632+0200: 11162,220: Total time for which application threads were stopped: 0,0000622 seconds, Stopping threads took: 0,0000170 seconds
2017-05-10T18:47:53.632+0200: 11162,220: Total time for which application threads were stopped: 0,0000368 seconds, Stopping threads took: 0,0000059 seconds
2017-05-10T18:47:53.632+0200: 11162,221: Total time for which application threads were stopped: 0,0000667 seconds, Stopping threads took: 0,0000060 seconds
2017-05-10T18:47:53.633+0200: 11162,221: Total time for which application threads were stopped: 0,0000924 seconds, Stopping threads took: 0,0000241 seconds
2017-05-10T18:47:53.633+0200: 11162,222: Total time for which application threads were stopped: 0,0001388 seconds, Stopping threads took: 0,0000899 seconds
2017-05-10T18:47:53.633+0200: 11162,222: Total time for which application threads were stopped: 0,0000582 seconds, Stopping threads took: 0,0000083 seconds
2017-05-10T18:47:53.634+0200: 11162,222: Total time for which application threads were stopped: 0,0000842 seconds, Stopping threads took: 0,0000245 seconds
2017-05-10T18:47:53.634+0200: 11162,222: Total time for which application threads were stopped: 0,0000518 seconds, Stopping threads took: 0,0000086 seconds
2017-05-10T18:47:53.634+0200: 11162,223: Total time for which application threads were stopped: 0,0000424 seconds, Stopping threads took: 0,0000060 seconds
2017-05-10T18:47:53.634+0200: 11162,223: Total time for which application threads were stopped: 0,0000398 seconds, Stopping threads took: 0,0000057 seconds
2017-05-10T18:47:53.634+0200: 11162,223: Total time for which application threads were stopped: 0,0000666 seconds, Stopping threads took: 0,0000056 seconds
2017-05-10T18:47:53.634+0200: 11162,223: Total time for which application threads were stopped: 0,0001622 seconds, Stopping threads took: 0,0000057 seconds
2017-05-10T18:47:53.635+0200: 11162,224: Total time for which application threads were stopped: 0,0001074 seconds, Stopping threads took: 0,0000375 seconds
2017-05-10T18:47:53.638+0200: 11162,226: Total time for which application threads were stopped: 0,0001085 seconds, Stopping threads took: 0,0000145 seconds
2017-05-10T18:47:53.643+0200: 11162,232: Total time for which application threads were stopped: 0,0001037 seconds, Stopping threads took: 0,0000288 seconds
2017-05-10T18:47:53.645+0200: 11162,234: Total time for which application threads were stopped: 0,0001209 seconds, Stopping threads took: 0,0000312 seconds
Heap
 par new generation   total 109248K, used 67203K [0x00000000e0000000, 0x00000000e8000000, 0x00000000e8000000)
  eden space 87424K,  68% used [0x00000000e0000000, 0x00000000e3aad4a0, 0x00000000e5560000)
  from space 21824K,  32% used [0x00000000e6ab0000, 0x00000000e71a38d0, 0x00000000e8000000)
  to   space 21824K,   0% used [0x00000000e5560000, 0x00000000e5560000, 0x00000000e6ab0000)
 concurrent mark-sweep generation total 393216K, used 6023K [0x00000000e8000000, 0x0000000100000000, 0x0000000100000000)
 Metaspace       used 28203K, capacity 28734K, committed 29052K, reserved 1075200K
  class space    used 3228K, capacity 3424K, committed 3452K, reserved 1048576K
