OpenJDK 64-Bit Server VM (25.91-b14) for linux-amd64 JRE (1.8.0_91-8u91-b14-3ubuntu1~16.04.1-b14), built on Jul 21 2016 04:13:34 by "buildd" with gcc 5.3.1 20160413
Memory: 4k page, physical 7867876k(7555656k free), swap 8076284k(8076284k free)
CommandLine flags: -XX:CMSInitiatingOccupancyFraction=50 -XX:CMSMaxAbortablePrecleanTime=6000 -XX:+CMSParallelRemarkEnabled -XX:+CMSScavengeBeforeRemark -XX:ConcGCThreads=4 -XX:InitialHeapSize=536870912 -XX:MaxHeapSize=536870912 -XX:MaxTenuringThreshold=8 -XX:NewRatio=3 -XX:OldPLABSize=16 -XX:OnOutOfMemoryError=/opt/solr/bin/oom_solr.sh 8983 /var/solr/logs -XX:ParallelGCThreads=4 -XX:+ParallelRefProcEnabled -XX:PretenureSizeThreshold=67108864 -XX:+PrintGC -XX:+PrintGCApplicationStoppedTime -XX:+PrintGCDateStamps -XX:+PrintGCDetails -XX:+PrintGCTimeStamps -XX:+PrintHeapAtGC -XX:+PrintTenuringDistribution -XX:SurvivorRatio=4 -XX:TargetSurvivorRatio=90 -XX:ThreadStackSize=256 -XX:+UseCMSInitiatingOccupancyOnly -XX:+UseCompressedClassPointers -XX:+UseCompressedOops -XX:+UseConcMarkSweepGC -XX:+UseParNewGC 
2016-10-31T11:42:28.666+0100: 0,126: Total time for which application threads were stopped: 0,0000709 seconds, Stopping threads took: 0,0000110 seconds
2016-10-31T11:42:28.733+0100: 0,192: Total time for which application threads were stopped: 0,0000964 seconds, Stopping threads took: 0,0000144 seconds
2016-10-31T11:42:28.751+0100: 0,210: Total time for which application threads were stopped: 0,0000893 seconds, Stopping threads took: 0,0000105 seconds
2016-10-31T11:42:28.894+0100: 0,353: Total time for which application threads were stopped: 0,0001567 seconds, Stopping threads took: 0,0000141 seconds
2016-10-31T11:42:29.117+0100: 0,576: Total time for which application threads were stopped: 0,0001367 seconds, Stopping threads took: 0,0000106 seconds
2016-10-31T11:42:29.280+0100: 0,739: Total time for which application threads were stopped: 0,0001766 seconds, Stopping threads took: 0,0000262 seconds
2016-10-31T11:42:29.366+0100: 0,825: Total time for which application threads were stopped: 0,0002033 seconds, Stopping threads took: 0,0000269 seconds
2016-10-31T11:42:29.600+0100: 1,059: Total time for which application threads were stopped: 0,0002240 seconds, Stopping threads took: 0,0000508 seconds
2016-10-31T11:42:29.842+0100: 1,301: Total time for which application threads were stopped: 0,0002017 seconds, Stopping threads took: 0,0000203 seconds
2016-10-31T11:42:29.929+0100: 1,388: Total time for which application threads were stopped: 0,0001842 seconds, Stopping threads took: 0,0000164 seconds
2016-10-31T11:42:29.930+0100: 1,389: Total time for which application threads were stopped: 0,0001345 seconds, Stopping threads took: 0,0000220 seconds
2016-10-31T11:42:29.942+0100: 1,402: Total time for which application threads were stopped: 0,0001780 seconds, Stopping threads took: 0,0000183 seconds
2016-10-31T11:42:30.037+0100: 1,497: Total time for which application threads were stopped: 0,0002409 seconds, Stopping threads took: 0,0000222 seconds
2016-10-31T11:42:30.170+0100: 1,629: Total time for which application threads were stopped: 0,0003049 seconds, Stopping threads took: 0,0001185 seconds
{Heap before GC invocations=0 (full 0):
 par new generation   total 109248K, used 87424K [0x00000000e0000000, 0x00000000e8000000, 0x00000000e8000000)
  eden space 87424K, 100% used [0x00000000e0000000, 0x00000000e5560000, 0x00000000e5560000)
  from space 21824K,   0% used [0x00000000e5560000, 0x00000000e5560000, 0x00000000e6ab0000)
  to   space 21824K,   0% used [0x00000000e6ab0000, 0x00000000e6ab0000, 0x00000000e8000000)
 concurrent mark-sweep generation total 393216K, used 0K [0x00000000e8000000, 0x0000000100000000, 0x0000000100000000)
 Metaspace       used 18029K, capacity 18310K, committed 18560K, reserved 1064960K
  class space    used 2049K, capacity 2164K, committed 2176K, reserved 1048576K
2016-10-31T11:42:30.280+0100: 1,740: [GC (Allocation Failure) 2016-10-31T11:42:30.281+0100: 1,740: [ParNew
Desired survivor size 20112992 bytes, new threshold 8 (max 8)
- age   1:   11962184 bytes,   11962184 total
: 87424K->11792K(109248K), 0,0230528 secs] 87424K->11792K(502464K), 0,0232840 secs] [Times: user=0,06 sys=0,02, real=0,02 secs] 
Heap after GC invocations=1 (full 0):
 par new generation   total 109248K, used 11792K [0x00000000e0000000, 0x00000000e8000000, 0x00000000e8000000)
  eden space 87424K,   0% used [0x00000000e0000000, 0x00000000e0000000, 0x00000000e5560000)
  from space 21824K,  54% used [0x00000000e6ab0000, 0x00000000e7634238, 0x00000000e8000000)
  to   space 21824K,   0% used [0x00000000e5560000, 0x00000000e5560000, 0x00000000e6ab0000)
 concurrent mark-sweep generation total 393216K, used 0K [0x00000000e8000000, 0x0000000100000000, 0x0000000100000000)
 Metaspace       used 18029K, capacity 18310K, committed 18560K, reserved 1064960K
  class space    used 2049K, capacity 2164K, committed 2176K, reserved 1048576K
}
2016-10-31T11:42:30.304+0100: 1,763: Total time for which application threads were stopped: 0,0240708 seconds, Stopping threads took: 0,0001715 seconds
2016-10-31T11:42:30.517+0100: 1,976: Total time for which application threads were stopped: 0,0003389 seconds, Stopping threads took: 0,0000414 seconds
2016-10-31T11:42:30.548+0100: 2,008: Total time for which application threads were stopped: 0,0003352 seconds, Stopping threads took: 0,0000584 seconds
2016-10-31T11:42:30.574+0100: 2,033: Total time for which application threads were stopped: 0,0003162 seconds, Stopping threads took: 0,0000369 seconds
{Heap before GC invocations=1 (full 0):
 par new generation   total 109248K, used 99216K [0x00000000e0000000, 0x00000000e8000000, 0x00000000e8000000)
  eden space 87424K, 100% used [0x00000000e0000000, 0x00000000e5560000, 0x00000000e5560000)
  from space 21824K,  54% used [0x00000000e6ab0000, 0x00000000e7634238, 0x00000000e8000000)
  to   space 21824K,   0% used [0x00000000e5560000, 0x00000000e5560000, 0x00000000e6ab0000)
 concurrent mark-sweep generation total 393216K, used 0K [0x00000000e8000000, 0x0000000100000000, 0x0000000100000000)
 Metaspace       used 20699K, capacity 21026K, committed 21248K, reserved 1069056K
  class space    used 2400K, capacity 2519K, committed 2560K, reserved 1048576K
2016-10-31T11:42:30.744+0100: 2,203: [GC (Allocation Failure) 2016-10-31T11:42:30.744+0100: 2,203: [ParNew
Desired survivor size 20112992 bytes, new threshold 8 (max 8)
- age   1:    3416600 bytes,    3416600 total
- age   2:    5953824 bytes,    9370424 total
: 99216K->14754K(109248K), 0,0157278 secs] 99216K->14754K(502464K), 0,0158062 secs] [Times: user=0,05 sys=0,00, real=0,02 secs] 
Heap after GC invocations=2 (full 0):
 par new generation   total 109248K, used 14754K [0x00000000e0000000, 0x00000000e8000000, 0x00000000e8000000)
  eden space 87424K,   0% used [0x00000000e0000000, 0x00000000e0000000, 0x00000000e5560000)
  from space 21824K,  67% used [0x00000000e5560000, 0x00000000e63c8a40, 0x00000000e6ab0000)
  to   space 21824K,   0% used [0x00000000e6ab0000, 0x00000000e6ab0000, 0x00000000e8000000)
 concurrent mark-sweep generation total 393216K, used 0K [0x00000000e8000000, 0x0000000100000000, 0x0000000100000000)
 Metaspace       used 20699K, capacity 21026K, committed 21248K, reserved 1069056K
  class space    used 2400K, capacity 2519K, committed 2560K, reserved 1048576K
}
2016-10-31T11:42:30.760+0100: 2,219: Total time for which application threads were stopped: 0,0160655 seconds, Stopping threads took: 0,0000380 seconds
2016-10-31T11:42:30.810+0100: 2,269: Total time for which application threads were stopped: 0,0000715 seconds, Stopping threads took: 0,0000133 seconds
2016-10-31T11:42:30.845+0100: 2,304: Total time for which application threads were stopped: 0,0000747 seconds, Stopping threads took: 0,0000131 seconds
2016-10-31T11:42:30.846+0100: 2,305: Total time for which application threads were stopped: 0,0002497 seconds, Stopping threads took: 0,0000193 seconds
2016-10-31T11:42:30.894+0100: 2,353: Total time for which application threads were stopped: 0,0001186 seconds, Stopping threads took: 0,0000396 seconds
2016-10-31T11:42:30.931+0100: 2,390: Total time for which application threads were stopped: 0,0000827 seconds, Stopping threads took: 0,0000195 seconds
2016-10-31T11:42:30.951+0100: 2,410: Total time for which application threads were stopped: 0,0000784 seconds, Stopping threads took: 0,0000135 seconds
2016-10-31T11:42:30.954+0100: 2,413: Total time for which application threads were stopped: 0,0002628 seconds, Stopping threads took: 0,0000132 seconds
2016-10-31T11:42:30.984+0100: 2,444: Total time for which application threads were stopped: 0,0000716 seconds, Stopping threads took: 0,0000149 seconds
2016-10-31T11:42:31.011+0100: 2,470: Total time for which application threads were stopped: 0,0000808 seconds, Stopping threads took: 0,0000183 seconds
2016-10-31T11:42:31.026+0100: 2,485: Total time for which application threads were stopped: 0,0000849 seconds, Stopping threads took: 0,0000200 seconds
2016-10-31T11:42:31.044+0100: 2,504: Total time for which application threads were stopped: 0,0000896 seconds, Stopping threads took: 0,0000207 seconds
2016-10-31T11:42:31.070+0100: 2,529: Total time for which application threads were stopped: 0,0001551 seconds, Stopping threads took: 0,0000718 seconds
2016-10-31T11:42:31.092+0100: 2,552: Total time for which application threads were stopped: 0,0001147 seconds, Stopping threads took: 0,0000406 seconds
2016-10-31T11:42:31.148+0100: 2,608: Total time for which application threads were stopped: 0,0001032 seconds, Stopping threads took: 0,0000326 seconds
2016-10-31T11:42:31.191+0100: 2,650: Total time for which application threads were stopped: 0,0001384 seconds, Stopping threads took: 0,0000322 seconds
2016-10-31T11:42:31.230+0100: 2,689: Total time for which application threads were stopped: 0,0001564 seconds, Stopping threads took: 0,0000242 seconds
2016-10-31T11:42:31.270+0100: 2,729: Total time for which application threads were stopped: 0,0001050 seconds, Stopping threads took: 0,0000205 seconds
2016-10-31T11:42:31.303+0100: 2,762: Total time for which application threads were stopped: 0,0001044 seconds, Stopping threads took: 0,0000281 seconds
2016-10-31T11:42:31.341+0100: 2,801: Total time for which application threads were stopped: 0,0001518 seconds, Stopping threads took: 0,0000314 seconds
{Heap before GC invocations=2 (full 0):
 par new generation   total 109248K, used 102178K [0x00000000e0000000, 0x00000000e8000000, 0x00000000e8000000)
  eden space 87424K, 100% used [0x00000000e0000000, 0x00000000e5560000, 0x00000000e5560000)
  from space 21824K,  67% used [0x00000000e5560000, 0x00000000e63c8a40, 0x00000000e6ab0000)
  to   space 21824K,   0% used [0x00000000e6ab0000, 0x00000000e6ab0000, 0x00000000e8000000)
 concurrent mark-sweep generation total 393216K, used 0K [0x00000000e8000000, 0x0000000100000000, 0x0000000100000000)
 Metaspace       used 26371K, capacity 26750K, committed 26864K, reserved 1073152K
  class space    used 3065K, capacity 3189K, committed 3192K, reserved 1048576K
2016-10-31T11:42:31.359+0100: 2,818: [GC (Allocation Failure) 2016-10-31T11:42:31.359+0100: 2,818: [ParNew
Desired survivor size 20112992 bytes, new threshold 8 (max 8)
- age   1:    8394152 bytes,    8394152 total
- age   2:     549088 bytes,    8943240 total
- age   3:    5945512 bytes,   14888752 total
: 102178K->17561K(109248K), 0,0161659 secs] 102178K->17561K(502464K), 0,0162279 secs] [Times: user=0,05 sys=0,00, real=0,01 secs] 
Heap after GC invocations=3 (full 0):
 par new generation   total 109248K, used 17561K [0x00000000e0000000, 0x00000000e8000000, 0x00000000e8000000)
  eden space 87424K,   0% used [0x00000000e0000000, 0x00000000e0000000, 0x00000000e5560000)
  from space 21824K,  80% used [0x00000000e6ab0000, 0x00000000e7bd6488, 0x00000000e8000000)
  to   space 21824K,   0% used [0x00000000e5560000, 0x00000000e5560000, 0x00000000e6ab0000)
 concurrent mark-sweep generation total 393216K, used 0K [0x00000000e8000000, 0x0000000100000000, 0x0000000100000000)
 Metaspace       used 26371K, capacity 26750K, committed 26864K, reserved 1073152K
  class space    used 3065K, capacity 3189K, committed 3192K, reserved 1048576K
}
2016-10-31T11:42:31.375+0100: 2,834: Total time for which application threads were stopped: 0,0164638 seconds, Stopping threads took: 0,0000643 seconds
2016-10-31T11:42:31.375+0100: 2,834: [GC (CMS Initial Mark) [1 CMS-initial-mark: 0K(393216K)] 17784K(502464K), 0,0047824 secs] [Times: user=0,02 sys=0,00, real=0,01 secs] 
2016-10-31T11:42:31.380+0100: 2,839: Total time for which application threads were stopped: 0,0049220 seconds, Stopping threads took: 0,0000439 seconds
2016-10-31T11:42:31.380+0100: 2,839: [CMS-concurrent-mark-start]
2016-10-31T11:42:31.381+0100: 2,840: [CMS-concurrent-mark: 0,001/0,001 secs] [Times: user=0,00 sys=0,00, real=0,00 secs] 
2016-10-31T11:42:31.381+0100: 2,840: [CMS-concurrent-preclean-start]
2016-10-31T11:42:31.382+0100: 2,841: [CMS-concurrent-preclean: 0,001/0,001 secs] [Times: user=0,00 sys=0,00, real=0,00 secs] 
2016-10-31T11:42:31.382+0100: 2,842: [GC (CMS Final Remark) [YG occupancy: 19170 K (109248 K)]{Heap before GC invocations=3 (full 1):
 par new generation   total 109248K, used 19170K [0x00000000e0000000, 0x00000000e8000000, 0x00000000e8000000)
  eden space 87424K,   1% used [0x00000000e0000000, 0x00000000e0192660, 0x00000000e5560000)
  from space 21824K,  80% used [0x00000000e6ab0000, 0x00000000e7bd6488, 0x00000000e8000000)
  to   space 21824K,   0% used [0x00000000e5560000, 0x00000000e5560000, 0x00000000e6ab0000)
 concurrent mark-sweep generation total 393216K, used 0K [0x00000000e8000000, 0x0000000100000000, 0x0000000100000000)
 Metaspace       used 26380K, capacity 26782K, committed 26940K, reserved 1073152K
  class space    used 3068K, capacity 3221K, committed 3268K, reserved 1048576K
2016-10-31T11:42:31.382+0100: 2,842: [GC (CMS Final Remark) 2016-10-31T11:42:31.382+0100: 2,842: [ParNew
Desired survivor size 20112992 bytes, new threshold 8 (max 8)
- age   1:      12640 bytes,      12640 total
- age   2:    8393120 bytes,    8405760 total
- age   3:     549088 bytes,    8954848 total
- age   4:    5945496 bytes,   14900344 total
: 19170K->20891K(109248K), 0,0112838 secs] 19170K->20891K(502464K), 0,0113256 secs] [Times: user=0,04 sys=0,00, real=0,01 secs] 
Heap after GC invocations=4 (full 1):
 par new generation   total 109248K, used 20891K [0x00000000e0000000, 0x00000000e8000000, 0x00000000e8000000)
  eden space 87424K,   0% used [0x00000000e0000000, 0x00000000e0000000, 0x00000000e5560000)
  from space 21824K,  95% used [0x00000000e5560000, 0x00000000e69c6d20, 0x00000000e6ab0000)
  to   space 21824K,   0% used [0x00000000e6ab0000, 0x00000000e6ab0000, 0x00000000e8000000)
 concurrent mark-sweep generation total 393216K, used 0K [0x00000000e8000000, 0x0000000100000000, 0x0000000100000000)
 Metaspace       used 26380K, capacity 26782K, committed 26940K, reserved 1073152K
  class space    used 3068K, capacity 3221K, committed 3268K, reserved 1048576K
}
2016-10-31T11:42:31.394+0100: 2,853: [Rescan (parallel) , 0,0036855 secs]2016-10-31T11:42:31.398+0100: 2,857: [weak refs processing, 0,0010100 secs]2016-10-31T11:42:31.399+0100: 2,858: [class unloading, 0,0031207 secs]2016-10-31T11:42:31.402+0100: 2,861: [scrub symbol table, 0,0036661 secs]2016-10-31T11:42:31.405+0100: 2,865: [scrub string table, 0,0004170 secs][1 CMS-remark: 0K(393216K)] 20891K(502464K), 0,0239778 secs] [Times: user=0,07 sys=0,00, real=0,02 secs] 
2016-10-31T11:42:31.406+0100: 2,866: Total time for which application threads were stopped: 0,0241137 seconds, Stopping threads took: 0,0000712 seconds
2016-10-31T11:42:31.411+0100: 2,871: [CMS-concurrent-sweep-start]
2016-10-31T11:42:31.411+0100: 2,871: [CMS-concurrent-sweep: 0,000/0,000 secs] [Times: user=0,00 sys=0,00, real=0,00 secs] 
2016-10-31T11:42:31.412+0100: 2,871: Total time for which application threads were stopped: 0,0001112 seconds, Stopping threads took: 0,0000272 seconds
2016-10-31T11:42:31.416+0100: 2,875: Total time for which application threads were stopped: 0,0002024 seconds, Stopping threads took: 0,0001606 seconds
2016-10-31T11:42:31.416+0100: 2,875: [CMS-concurrent-reset-start]
2016-10-31T11:42:31.417+0100: 2,876: [CMS-concurrent-reset: 0,001/0,001 secs] [Times: user=0,00 sys=0,00, real=0,00 secs] 
2016-10-31T11:42:32.416+0100: 3,875: Total time for which application threads were stopped: 0,0000640 seconds, Stopping threads took: 0,0000167 seconds
2016-10-31T11:42:32.595+0100: 4,054: Total time for which application threads were stopped: 0,0003058 seconds, Stopping threads took: 0,0000184 seconds
2016-10-31T11:43:01.508+0100: 32,057: Total time for which application threads were stopped: 0,0000845 seconds, Stopping threads took: 0,0000207 seconds
2016-10-31T11:43:05.509+0100: 36,058: Total time for which application threads were stopped: 0,0000984 seconds, Stopping threads took: 0,0000447 seconds
2016-10-31T11:43:30.512+0100: 61,061: Total time for which application threads were stopped: 0,0001468 seconds, Stopping threads took: 0,0000559 seconds
2016-10-31T11:43:40.513+0100: 71,062: Total time for which application threads were stopped: 0,0001282 seconds, Stopping threads took: 0,0000534 seconds
2016-10-31T11:43:45.514+0100: 76,063: Total time for which application threads were stopped: 0,0000650 seconds, Stopping threads took: 0,0000178 seconds
2016-10-31T11:43:50.515+0100: 81,064: Total time for which application threads were stopped: 0,0001252 seconds, Stopping threads took: 0,0000313 seconds
2016-10-31T11:44:00.517+0100: 91,066: Total time for which application threads were stopped: 0,0001269 seconds, Stopping threads took: 0,0000320 seconds
2016-10-31T11:45:11.528+0100: 162,077: Total time for which application threads were stopped: 0,0001797 seconds, Stopping threads took: 0,0000645 seconds
2016-10-31T11:45:16.529+0100: 167,078: Total time for which application threads were stopped: 0,0001288 seconds, Stopping threads took: 0,0000515 seconds
2016-10-31T11:46:26.539+0100: 237,089: Total time for which application threads were stopped: 0,0001642 seconds, Stopping threads took: 0,0000689 seconds
2016-10-31T11:47:16.547+0100: 287,096: Total time for which application threads were stopped: 0,0001568 seconds, Stopping threads took: 0,0000604 seconds
2016-10-31T12:06:10.713+0100: 1421,262: Total time for which application threads were stopped: 0,0001519 seconds, Stopping threads took: 0,0000590 seconds
2016-10-31T13:03:03.133+0100: 1666,405: Total time for which application threads were stopped: 0,0000956 seconds, Stopping threads took: 0,0000367 seconds
2016-10-31T13:13:58.204+0100: 2321,475: Total time for which application threads were stopped: 0,0001581 seconds, Stopping threads took: 0,0000638 seconds
2016-10-31T13:13:59.204+0100: 2322,475: Total time for which application threads were stopped: 0,0001221 seconds, Stopping threads took: 0,0000284 seconds
2016-10-31T13:23:19.771+0100: 2882,555: Total time for which application threads were stopped: 0,0000933 seconds, Stopping threads took: 0,0000384 seconds
2016-10-31T13:28:34.821+0100: 3197,605: Total time for which application threads were stopped: 0,0001762 seconds, Stopping threads took: 0,0000721 seconds
2016-10-31T13:42:08.913+0100: 4011,696: Total time for which application threads were stopped: 0,0001014 seconds, Stopping threads took: 0,0000374 seconds
2016-10-31T13:42:18.914+0100: 4021,697: Total time for which application threads were stopped: 0,0000674 seconds, Stopping threads took: 0,0000151 seconds
2016-10-31T13:43:13.919+0100: 4076,703: Total time for which application threads were stopped: 0,0000731 seconds, Stopping threads took: 0,0000303 seconds
2016-10-31T16:51:29.956+0100: 5733,932: Total time for which application threads were stopped: 0,0001033 seconds, Stopping threads took: 0,0000207 seconds
Heap
 par new generation   total 109248K, used 53089K [0x00000000e0000000, 0x00000000e8000000, 0x00000000e8000000)
  eden space 87424K,  36% used [0x00000000e0000000, 0x00000000e1f71958, 0x00000000e5560000)
  from space 21824K,  95% used [0x00000000e5560000, 0x00000000e69c6d20, 0x00000000e6ab0000)
  to   space 21824K,   0% used [0x00000000e6ab0000, 0x00000000e6ab0000, 0x00000000e8000000)
 concurrent mark-sweep generation total 393216K, used 0K [0x00000000e8000000, 0x0000000100000000, 0x0000000100000000)
 Metaspace       used 27060K, capacity 27498K, committed 27836K, reserved 1073152K
  class space    used 3154K, capacity 3287K, committed 3396K, reserved 1048576K
