OpenJDK 64-Bit Server VM (25.131-b11) for linux-amd64 JRE (1.8.0_131-8u131-b11-0ubuntu1.16.04.2-b11), built on May  6 2017 02:45:27 by "buildd" with gcc 5.4.0 20160609
Memory: 4k page, physical 7867740k(7390644k free), swap 8076284k(8076284k free)
CommandLine flags: -XX:CMSInitiatingOccupancyFraction=50 -XX:CMSMaxAbortablePrecleanTime=6000 -XX:+CMSParallelRemarkEnabled -XX:+CMSScavengeBeforeRemark -XX:ConcGCThreads=4 -XX:InitialHeapSize=536870912 -XX:MaxHeapSize=536870912 -XX:MaxTenuringThreshold=8 -XX:NewRatio=3 -XX:OldPLABSize=16 -XX:OnOutOfMemoryError=/opt/solr/bin/oom_solr.sh 8983 /var/solr/logs -XX:ParallelGCThreads=4 -XX:+ParallelRefProcEnabled -XX:PretenureSizeThreshold=67108864 -XX:+PrintGC -XX:+PrintGCApplicationStoppedTime -XX:+PrintGCDateStamps -XX:+PrintGCDetails -XX:+PrintGCTimeStamps -XX:+PrintHeapAtGC -XX:+PrintTenuringDistribution -XX:SurvivorRatio=4 -XX:TargetSurvivorRatio=90 -XX:ThreadStackSize=256 -XX:+UseCMSInitiatingOccupancyOnly -XX:+UseCompressedClassPointers -XX:+UseCompressedOops -XX:+UseConcMarkSweepGC -XX:+UseParNewGC 
2017-05-20T10:17:50.893+0200: 0,127: Total time for which application threads were stopped: 0,0000635 seconds, Stopping threads took: 0,0000114 seconds
2017-05-20T10:17:50.968+0200: 0,203: Total time for which application threads were stopped: 0,0001164 seconds, Stopping threads took: 0,0000158 seconds
2017-05-20T10:17:50.980+0200: 0,214: Total time for which application threads were stopped: 0,0001106 seconds, Stopping threads took: 0,0000276 seconds
2017-05-20T10:17:51.627+0200: 0,862: Total time for which application threads were stopped: 0,0001978 seconds, Stopping threads took: 0,0000254 seconds
2017-05-20T10:17:51.782+0200: 1,017: Total time for which application threads were stopped: 0,0002302 seconds, Stopping threads took: 0,0000322 seconds
2017-05-20T10:17:51.821+0200: 1,056: Total time for which application threads were stopped: 0,0001759 seconds, Stopping threads took: 0,0000245 seconds
2017-05-20T10:17:52.120+0200: 1,354: Total time for which application threads were stopped: 0,0001613 seconds, Stopping threads took: 0,0000151 seconds
2017-05-20T10:17:52.335+0200: 1,569: Total time for which application threads were stopped: 0,0002473 seconds, Stopping threads took: 0,0000179 seconds
2017-05-20T10:17:52.363+0200: 1,598: Total time for which application threads were stopped: 0,0003463 seconds, Stopping threads took: 0,0000316 seconds
2017-05-20T10:17:52.399+0200: 1,633: Total time for which application threads were stopped: 0,0011555 seconds, Stopping threads took: 0,0000749 seconds
2017-05-20T10:17:52.400+0200: 1,635: Total time for which application threads were stopped: 0,0001889 seconds, Stopping threads took: 0,0000183 seconds
2017-05-20T10:17:52.419+0200: 1,653: Total time for which application threads were stopped: 0,0002147 seconds, Stopping threads took: 0,0000295 seconds
2017-05-20T10:17:52.521+0200: 1,756: Total time for which application threads were stopped: 0,0002377 seconds, Stopping threads took: 0,0000264 seconds
2017-05-20T10:17:52.701+0200: 1,935: Total time for which application threads were stopped: 0,0002301 seconds, Stopping threads took: 0,0000241 seconds
{Heap before GC invocations=0 (full 0):
 par new generation   total 109248K, used 87424K [0x00000000e0000000, 0x00000000e8000000, 0x00000000e8000000)
  eden space 87424K, 100% used [0x00000000e0000000, 0x00000000e5560000, 0x00000000e5560000)
  from space 21824K,   0% used [0x00000000e5560000, 0x00000000e5560000, 0x00000000e6ab0000)
  to   space 21824K,   0% used [0x00000000e6ab0000, 0x00000000e6ab0000, 0x00000000e8000000)
 concurrent mark-sweep generation total 393216K, used 0K [0x00000000e8000000, 0x0000000100000000, 0x0000000100000000)
 Metaspace       used 18205K, capacity 18464K, committed 18688K, reserved 1064960K
  class space    used 2059K, capacity 2196K, committed 2304K, reserved 1048576K
2017-05-20T10:17:52.808+0200: 2,043: [GC (Allocation Failure) 2017-05-20T10:17:52.808+0200: 2,043: [ParNew
Desired survivor size 20112992 bytes, new threshold 8 (max 8)
- age   1:   12812344 bytes,   12812344 total
: 87424K->12622K(109248K), 0,0164643 secs] 87424K->12622K(502464K), 0,0165638 secs] [Times: user=0,04 sys=0,01, real=0,01 secs] 
Heap after GC invocations=1 (full 0):
 par new generation   total 109248K, used 12622K [0x00000000e0000000, 0x00000000e8000000, 0x00000000e8000000)
  eden space 87424K,   0% used [0x00000000e0000000, 0x00000000e0000000, 0x00000000e5560000)
  from space 21824K,  57% used [0x00000000e6ab0000, 0x00000000e7703878, 0x00000000e8000000)
  to   space 21824K,   0% used [0x00000000e5560000, 0x00000000e5560000, 0x00000000e6ab0000)
 concurrent mark-sweep generation total 393216K, used 0K [0x00000000e8000000, 0x0000000100000000, 0x0000000100000000)
 Metaspace       used 18205K, capacity 18464K, committed 18688K, reserved 1064960K
  class space    used 2059K, capacity 2196K, committed 2304K, reserved 1048576K
}
2017-05-20T10:17:52.825+0200: 2,059: Total time for which application threads were stopped: 0,0167857 seconds, Stopping threads took: 0,0000256 seconds
2017-05-20T10:17:53.108+0200: 2,342: Total time for which application threads were stopped: 0,0002680 seconds, Stopping threads took: 0,0000253 seconds
2017-05-20T10:17:53.144+0200: 2,378: Total time for which application threads were stopped: 0,0003868 seconds, Stopping threads took: 0,0000852 seconds
{Heap before GC invocations=1 (full 0):
 par new generation   total 109248K, used 100046K [0x00000000e0000000, 0x00000000e8000000, 0x00000000e8000000)
  eden space 87424K, 100% used [0x00000000e0000000, 0x00000000e5560000, 0x00000000e5560000)
  from space 21824K,  57% used [0x00000000e6ab0000, 0x00000000e7703878, 0x00000000e8000000)
  to   space 21824K,   0% used [0x00000000e5560000, 0x00000000e5560000, 0x00000000e6ab0000)
 concurrent mark-sweep generation total 393216K, used 0K [0x00000000e8000000, 0x0000000100000000, 0x0000000100000000)
 Metaspace       used 20075K, capacity 20378K, committed 20736K, reserved 1067008K
  class space    used 2300K, capacity 2475K, committed 2560K, reserved 1048576K
2017-05-20T10:17:53.145+0200: 2,380: [GC (Allocation Failure) 2017-05-20T10:17:53.145+0200: 2,380: [ParNew
Desired survivor size 20112992 bytes, new threshold 8 (max 8)
- age   1:    3439392 bytes,    3439392 total
- age   2:    6694536 bytes,   10133928 total
: 100046K->13863K(109248K), 0,0105280 secs] 100046K->13863K(502464K), 0,0105918 secs] [Times: user=0,03 sys=0,01, real=0,02 secs] 
Heap after GC invocations=2 (full 0):
 par new generation   total 109248K, used 13863K [0x00000000e0000000, 0x00000000e8000000, 0x00000000e8000000)
  eden space 87424K,   0% used [0x00000000e0000000, 0x00000000e0000000, 0x00000000e5560000)
  from space 21824K,  63% used [0x00000000e5560000, 0x00000000e62e9e00, 0x00000000e6ab0000)
  to   space 21824K,   0% used [0x00000000e6ab0000, 0x00000000e6ab0000, 0x00000000e8000000)
 concurrent mark-sweep generation total 393216K, used 0K [0x00000000e8000000, 0x0000000100000000, 0x0000000100000000)
 Metaspace       used 20075K, capacity 20378K, committed 20736K, reserved 1067008K
  class space    used 2300K, capacity 2475K, committed 2560K, reserved 1048576K
}
2017-05-20T10:17:53.156+0200: 2,391: Total time for which application threads were stopped: 0,0107750 seconds, Stopping threads took: 0,0000568 seconds
2017-05-20T10:17:53.206+0200: 2,440: Total time for which application threads were stopped: 0,0003088 seconds, Stopping threads took: 0,0000418 seconds
2017-05-20T10:17:53.333+0200: 2,568: Total time for which application threads were stopped: 0,0001969 seconds, Stopping threads took: 0,0000283 seconds
{Heap before GC invocations=2 (full 0):
 par new generation   total 109248K, used 101287K [0x00000000e0000000, 0x00000000e8000000, 0x00000000e8000000)
  eden space 87424K, 100% used [0x00000000e0000000, 0x00000000e5560000, 0x00000000e5560000)
  from space 21824K,  63% used [0x00000000e5560000, 0x00000000e62e9e00, 0x00000000e6ab0000)
  to   space 21824K,   0% used [0x00000000e6ab0000, 0x00000000e6ab0000, 0x00000000e8000000)
 concurrent mark-sweep generation total 393216K, used 0K [0x00000000e8000000, 0x0000000100000000, 0x0000000100000000)
 Metaspace       used 21017K, capacity 21370K, committed 21552K, reserved 1069056K
  class space    used 2424K, capacity 2595K, committed 2608K, reserved 1048576K
2017-05-20T10:17:53.374+0200: 2,609: [GC (Allocation Failure) 2017-05-20T10:17:53.374+0200: 2,609: [ParNew
Desired survivor size 20112992 bytes, new threshold 8 (max 8)
- age   1:    1947016 bytes,    1947016 total
- age   2:     828648 bytes,    2775664 total
- age   3:    6688688 bytes,    9464352 total
: 101287K->12806K(109248K), 0,0318471 secs] 101287K->12806K(502464K), 0,0319206 secs] [Times: user=0,10 sys=0,00, real=0,03 secs] 
Heap after GC invocations=3 (full 0):
 par new generation   total 109248K, used 12806K [0x00000000e0000000, 0x00000000e8000000, 0x00000000e8000000)
  eden space 87424K,   0% used [0x00000000e0000000, 0x00000000e0000000, 0x00000000e5560000)
  from space 21824K,  58% used [0x00000000e6ab0000, 0x00000000e7731858, 0x00000000e8000000)
  to   space 21824K,   0% used [0x00000000e5560000, 0x00000000e5560000, 0x00000000e6ab0000)
 concurrent mark-sweep generation total 393216K, used 0K [0x00000000e8000000, 0x0000000100000000, 0x0000000100000000)
 Metaspace       used 21017K, capacity 21370K, committed 21552K, reserved 1069056K
  class space    used 2424K, capacity 2595K, committed 2608K, reserved 1048576K
}
2017-05-20T10:17:53.406+0200: 2,641: Total time for which application threads were stopped: 0,0339529 seconds, Stopping threads took: 0,0018813 seconds
2017-05-20T10:17:53.418+0200: 2,653: [GC (CMS Initial Mark) [1 CMS-initial-mark: 0K(393216K)] 25690K(502464K), 0,0048441 secs] [Times: user=0,01 sys=0,00, real=0,00 secs] 
2017-05-20T10:17:53.423+0200: 2,658: Total time for which application threads were stopped: 0,0086531 seconds, Stopping threads took: 0,0037112 seconds
2017-05-20T10:17:53.423+0200: 2,658: [CMS-concurrent-mark-start]
2017-05-20T10:17:53.424+0200: 2,658: [CMS-concurrent-mark: 0,000/0,000 secs] [Times: user=0,00 sys=0,00, real=0,00 secs] 
2017-05-20T10:17:53.424+0200: 2,658: [CMS-concurrent-preclean-start]
2017-05-20T10:17:53.425+0200: 2,659: [CMS-concurrent-preclean: 0,001/0,001 secs] [Times: user=0,01 sys=0,00, real=0,00 secs] 
2017-05-20T10:17:53.425+0200: 2,659: [CMS-concurrent-abortable-preclean-start]
2017-05-20T10:17:53.495+0200: 2,729: Total time for which application threads were stopped: 0,0001221 seconds, Stopping threads took: 0,0000458 seconds
{Heap before GC invocations=3 (full 1):
 par new generation   total 109248K, used 100230K [0x00000000e0000000, 0x00000000e8000000, 0x00000000e8000000)
  eden space 87424K, 100% used [0x00000000e0000000, 0x00000000e5560000, 0x00000000e5560000)
  from space 21824K,  58% used [0x00000000e6ab0000, 0x00000000e7731858, 0x00000000e8000000)
  to   space 21824K,   0% used [0x00000000e5560000, 0x00000000e5560000, 0x00000000e6ab0000)
 concurrent mark-sweep generation total 393216K, used 0K [0x00000000e8000000, 0x0000000100000000, 0x0000000100000000)
 Metaspace       used 21269K, capacity 21646K, committed 21960K, reserved 1069056K
  class space    used 2450K, capacity 2610K, committed 2684K, reserved 1048576K
2017-05-20T10:17:53.514+0200: 2,749: [GC (Allocation Failure) 2017-05-20T10:17:53.514+0200: 2,749: [ParNew
Desired survivor size 20112992 bytes, new threshold 8 (max 8)
- age   1:    1471992 bytes,    1471992 total
- age   2:    1456856 bytes,    2928848 total
- age   3:     797208 bytes,    3726056 total
- age   4:    6688872 bytes,   10414928 total
: 100230K->12222K(109248K), 0,0102627 secs] 100230K->12222K(502464K), 0,0103226 secs] [Times: user=0,04 sys=0,00, real=0,00 secs] 
Heap after GC invocations=4 (full 1):
 par new generation   total 109248K, used 12222K [0x00000000e0000000, 0x00000000e8000000, 0x00000000e8000000)
  eden space 87424K,   0% used [0x00000000e0000000, 0x00000000e0000000, 0x00000000e5560000)
  from space 21824K,  56% used [0x00000000e5560000, 0x00000000e614f820, 0x00000000e6ab0000)
  to   space 21824K,   0% used [0x00000000e6ab0000, 0x00000000e6ab0000, 0x00000000e8000000)
 concurrent mark-sweep generation total 393216K, used 0K [0x00000000e8000000, 0x0000000100000000, 0x0000000100000000)
 Metaspace       used 21269K, capacity 21646K, committed 21960K, reserved 1069056K
  class space    used 2450K, capacity 2610K, committed 2684K, reserved 1048576K
}
2017-05-20T10:17:53.525+0200: 2,759: Total time for which application threads were stopped: 0,0104997 seconds, Stopping threads took: 0,0000381 seconds
{Heap before GC invocations=4 (full 1):
 par new generation   total 109248K, used 99646K [0x00000000e0000000, 0x00000000e8000000, 0x00000000e8000000)
  eden space 87424K, 100% used [0x00000000e0000000, 0x00000000e5560000, 0x00000000e5560000)
  from space 21824K,  56% used [0x00000000e5560000, 0x00000000e614f820, 0x00000000e6ab0000)
  to   space 21824K,   0% used [0x00000000e6ab0000, 0x00000000e6ab0000, 0x00000000e8000000)
 concurrent mark-sweep generation total 393216K, used 0K [0x00000000e8000000, 0x0000000100000000, 0x0000000100000000)
 Metaspace       used 21447K, capacity 21824K, committed 21960K, reserved 1069056K
  class space    used 2470K, capacity 2645K, committed 2684K, reserved 1048576K
2017-05-20T10:17:53.636+0200: 2,871: [GC (Allocation Failure) 2017-05-20T10:17:53.636+0200: 2,871: [ParNew
Desired survivor size 20112992 bytes, new threshold 8 (max 8)
- age   1:     398784 bytes,     398784 total
- age   2:     182768 bytes,     581552 total
- age   3:    1456480 bytes,    2038032 total
- age   4:     795224 bytes,    2833256 total
- age   5:    6688768 bytes,    9522024 total
: 99646K->13275K(109248K), 0,0126740 secs] 99646K->13275K(502464K), 0,0127546 secs] [Times: user=0,05 sys=0,00, real=0,01 secs] 
Heap after GC invocations=5 (full 1):
 par new generation   total 109248K, used 13275K [0x00000000e0000000, 0x00000000e8000000, 0x00000000e8000000)
  eden space 87424K,   0% used [0x00000000e0000000, 0x00000000e0000000, 0x00000000e5560000)
  from space 21824K,  60% used [0x00000000e6ab0000, 0x00000000e77a6d20, 0x00000000e8000000)
  to   space 21824K,   0% used [0x00000000e5560000, 0x00000000e5560000, 0x00000000e6ab0000)
 concurrent mark-sweep generation total 393216K, used 0K [0x00000000e8000000, 0x0000000100000000, 0x0000000100000000)
 Metaspace       used 21447K, capacity 21824K, committed 21960K, reserved 1069056K
  class space    used 2470K, capacity 2645K, committed 2684K, reserved 1048576K
}
2017-05-20T10:17:53.649+0200: 2,884: Total time for which application threads were stopped: 0,0130080 seconds, Stopping threads took: 0,0000907 seconds
2017-05-20T10:17:53.649+0200: 2,884: [CMS-concurrent-abortable-preclean: 0,172/0,225 secs] [Times: user=0,86 sys=0,01, real=0,23 secs] 
2017-05-20T10:17:53.662+0200: 2,897: [GC (CMS Final Remark) [YG occupancy: 17100 K (109248 K)]{Heap before GC invocations=5 (full 1):
 par new generation   total 109248K, used 17100K [0x00000000e0000000, 0x00000000e8000000, 0x00000000e8000000)
  eden space 87424K,   4% used [0x00000000e0000000, 0x00000000e03bc678, 0x00000000e5560000)
  from space 21824K,  60% used [0x00000000e6ab0000, 0x00000000e77a6d20, 0x00000000e8000000)
  to   space 21824K,   0% used [0x00000000e5560000, 0x00000000e5560000, 0x00000000e6ab0000)
 concurrent mark-sweep generation total 393216K, used 0K [0x00000000e8000000, 0x0000000100000000, 0x0000000100000000)
 Metaspace       used 21495K, capacity 21888K, committed 21960K, reserved 1069056K
  class space    used 2475K, capacity 2645K, committed 2684K, reserved 1048576K
2017-05-20T10:17:53.662+0200: 2,897: [GC (CMS Final Remark) 2017-05-20T10:17:53.662+0200: 2,897: [ParNew
Desired survivor size 20112992 bytes, new threshold 8 (max 8)
- age   1:     964768 bytes,     964768 total
- age   2:     250648 bytes,    1215416 total
- age   3:     182552 bytes,    1397968 total
- age   4:    1456120 bytes,    2854088 total
- age   5:     795224 bytes,    3649312 total
- age   6:    6688664 bytes,   10337976 total
: 17100K->14248K(109248K), 0,0099747 secs] 17100K->14248K(502464K), 0,0100166 secs] [Times: user=0,03 sys=0,00, real=0,01 secs] 
Heap after GC invocations=6 (full 1):
 par new generation   total 109248K, used 14248K [0x00000000e0000000, 0x00000000e8000000, 0x00000000e8000000)
  eden space 87424K,   0% used [0x00000000e0000000, 0x00000000e0000000, 0x00000000e5560000)
  from space 21824K,  65% used [0x00000000e5560000, 0x00000000e634a3a0, 0x00000000e6ab0000)
  to   space 21824K,   0% used [0x00000000e6ab0000, 0x00000000e6ab0000, 0x00000000e8000000)
 concurrent mark-sweep generation total 393216K, used 0K [0x00000000e8000000, 0x0000000100000000, 0x0000000100000000)
 Metaspace       used 21495K, capacity 21888K, committed 21960K, reserved 1069056K
  class space    used 2475K, capacity 2645K, committed 2684K, reserved 1048576K
}
2017-05-20T10:17:53.672+0200: 2,907: [Rescan (parallel) , 0,0036406 secs]2017-05-20T10:17:53.676+0200: 2,910: [weak refs processing, 0,0012961 secs]2017-05-20T10:17:53.677+0200: 2,912: [class unloading, 0,0029360 secs]2017-05-20T10:17:53.680+0200: 2,915: [scrub symbol table, 0,0025563 secs]2017-05-20T10:17:53.683+0200: 2,917: [scrub string table, 0,0003634 secs][1 CMS-remark: 0K(393216K)] 14248K(502464K), 0,0215138 secs] [Times: user=0,06 sys=0,00, real=0,02 secs] 
2017-05-20T10:17:53.684+0200: 2,918: Total time for which application threads were stopped: 0,0255827 seconds, Stopping threads took: 0,0039848 seconds
2017-05-20T10:17:53.684+0200: 2,918: [CMS-concurrent-sweep-start]
2017-05-20T10:17:53.684+0200: 2,918: [CMS-concurrent-sweep: 0,000/0,000 secs] [Times: user=0,00 sys=0,00, real=0,00 secs] 
2017-05-20T10:17:53.684+0200: 2,918: [CMS-concurrent-reset-start]
2017-05-20T10:17:53.685+0200: 2,920: [CMS-concurrent-reset: 0,002/0,002 secs] [Times: user=0,00 sys=0,00, real=0,00 secs] 
2017-05-20T10:17:53.705+0200: 2,940: Total time for which application threads were stopped: 0,0003214 seconds, Stopping threads took: 0,0000192 seconds
2017-05-20T10:17:53.901+0200: 3,136: Total time for which application threads were stopped: 0,0005151 seconds, Stopping threads took: 0,0000557 seconds
2017-05-20T10:17:53.946+0200: 3,181: Total time for which application threads were stopped: 0,0004303 seconds, Stopping threads took: 0,0000815 seconds
2017-05-20T10:17:53.962+0200: 3,196: Total time for which application threads were stopped: 0,0004092 seconds, Stopping threads took: 0,0000408 seconds
{Heap before GC invocations=6 (full 1):
 par new generation   total 109248K, used 101672K [0x00000000e0000000, 0x00000000e8000000, 0x00000000e8000000)
  eden space 87424K, 100% used [0x00000000e0000000, 0x00000000e5560000, 0x00000000e5560000)
  from space 21824K,  65% used [0x00000000e5560000, 0x00000000e634a3a0, 0x00000000e6ab0000)
  to   space 21824K,   0% used [0x00000000e6ab0000, 0x00000000e6ab0000, 0x00000000e8000000)
 concurrent mark-sweep generation total 393216K, used 0K [0x00000000e8000000, 0x0000000100000000, 0x0000000100000000)
 Metaspace       used 23775K, capacity 24258K, committed 24572K, reserved 1071104K
  class space    used 2791K, capacity 2988K, committed 3068K, reserved 1048576K
2017-05-20T10:17:54.105+0200: 3,340: [GC (Allocation Failure) 2017-05-20T10:17:54.106+0200: 3,340: [ParNew
Desired survivor size 20112992 bytes, new threshold 8 (max 8)
- age   1:    5054384 bytes,    5054384 total
- age   2:      17744 bytes,    5072128 total
- age   3:     124728 bytes,    5196856 total
- age   4:     181368 bytes,    5378224 total
- age   5:     286608 bytes,    5664832 total
- age   6:     771016 bytes,    6435848 total
- age   7:    6680496 bytes,   13116344 total
: 101672K->14329K(109248K), 0,0119286 secs] 101672K->14329K(502464K), 0,0120005 secs] [Times: user=0,04 sys=0,00, real=0,02 secs] 
Heap after GC invocations=7 (full 1):
 par new generation   total 109248K, used 14329K [0x00000000e0000000, 0x00000000e8000000, 0x00000000e8000000)
  eden space 87424K,   0% used [0x00000000e0000000, 0x00000000e0000000, 0x00000000e5560000)
  from space 21824K,  65% used [0x00000000e6ab0000, 0x00000000e78ae640, 0x00000000e8000000)
  to   space 21824K,   0% used [0x00000000e5560000, 0x00000000e5560000, 0x00000000e6ab0000)
 concurrent mark-sweep generation total 393216K, used 0K [0x00000000e8000000, 0x0000000100000000, 0x0000000100000000)
 Metaspace       used 23775K, capacity 24258K, committed 24572K, reserved 1071104K
  class space    used 2791K, capacity 2988K, committed 3068K, reserved 1048576K
}
2017-05-20T10:17:54.118+0200: 3,352: Total time for which application threads were stopped: 0,0134847 seconds, Stopping threads took: 0,0012620 seconds
{Heap before GC invocations=7 (full 1):
 par new generation   total 109248K, used 101753K [0x00000000e0000000, 0x00000000e8000000, 0x00000000e8000000)
  eden space 87424K, 100% used [0x00000000e0000000, 0x00000000e5560000, 0x00000000e5560000)
  from space 21824K,  65% used [0x00000000e6ab0000, 0x00000000e78ae640, 0x00000000e8000000)
  to   space 21824K,   0% used [0x00000000e5560000, 0x00000000e5560000, 0x00000000e6ab0000)
 concurrent mark-sweep generation total 393216K, used 0K [0x00000000e8000000, 0x0000000100000000, 0x0000000100000000)
 Metaspace       used 24243K, capacity 24718K, committed 24828K, reserved 1071104K
  class space    used 2847K, capacity 3054K, committed 3068K, reserved 1048576K
2017-05-20T10:17:54.206+0200: 3,441: [GC (Allocation Failure) 2017-05-20T10:17:54.206+0200: 3,441: [ParNew
Desired survivor size 20112992 bytes, new threshold 8 (max 8)
- age   1:    1686488 bytes,    1686488 total
- age   2:    1743496 bytes,    3429984 total
- age   3:      17688 bytes,    3447672 total
- age   4:      70928 bytes,    3518600 total
- age   5:      97328 bytes,    3615928 total
- age   6:     200000 bytes,    3815928 total
- age   7:     719608 bytes,    4535536 total
- age   8:    6147928 bytes,   10683464 total
: 101753K->13636K(109248K), 0,0123702 secs] 101753K->13636K(502464K), 0,0124403 secs] [Times: user=0,04 sys=0,00, real=0,01 secs] 
Heap after GC invocations=8 (full 1):
 par new generation   total 109248K, used 13636K [0x00000000e0000000, 0x00000000e8000000, 0x00000000e8000000)
  eden space 87424K,   0% used [0x00000000e0000000, 0x00000000e0000000, 0x00000000e5560000)
  from space 21824K,  62% used [0x00000000e5560000, 0x00000000e62b1268, 0x00000000e6ab0000)
  to   space 21824K,   0% used [0x00000000e6ab0000, 0x00000000e6ab0000, 0x00000000e8000000)
 concurrent mark-sweep generation total 393216K, used 0K [0x00000000e8000000, 0x0000000100000000, 0x0000000100000000)
 Metaspace       used 24243K, capacity 24718K, committed 24828K, reserved 1071104K
  class space    used 2847K, capacity 3054K, committed 3068K, reserved 1048576K
}
2017-05-20T10:17:54.219+0200: 3,453: Total time for which application threads were stopped: 0,0157637 seconds, Stopping threads took: 0,0031681 seconds
{Heap before GC invocations=8 (full 1):
 par new generation   total 109248K, used 101060K [0x00000000e0000000, 0x00000000e8000000, 0x00000000e8000000)
  eden space 87424K, 100% used [0x00000000e0000000, 0x00000000e5560000, 0x00000000e5560000)
  from space 21824K,  62% used [0x00000000e5560000, 0x00000000e62b1268, 0x00000000e6ab0000)
  to   space 21824K,   0% used [0x00000000e6ab0000, 0x00000000e6ab0000, 0x00000000e8000000)
 concurrent mark-sweep generation total 393216K, used 0K [0x00000000e8000000, 0x0000000100000000, 0x0000000100000000)
 Metaspace       used 24526K, capacity 25000K, committed 25084K, reserved 1071104K
  class space    used 2870K, capacity 3059K, committed 3068K, reserved 1048576K
2017-05-20T10:17:54.306+0200: 3,541: [GC (Allocation Failure) 2017-05-20T10:17:54.306+0200: 3,541: [ParNew
Desired survivor size 20112992 bytes, new threshold 8 (max 8)
- age   1:     540872 bytes,     540872 total
- age   2:     584616 bytes,    1125488 total
- age   3:    1740728 bytes,    2866216 total
- age   4:      17688 bytes,    2883904 total
- age   5:      70928 bytes,    2954832 total
- age   6:      97224 bytes,    3052056 total
- age   7:     199832 bytes,    3251888 total
- age   8:     719480 bytes,    3971368 total
: 101060K->6639K(109248K), 0,0278235 secs] 101060K->12726K(502464K), 0,0279026 secs] [Times: user=0,09 sys=0,00, real=0,02 secs] 
Heap after GC invocations=9 (full 1):
 par new generation   total 109248K, used 6639K [0x00000000e0000000, 0x00000000e8000000, 0x00000000e8000000)
  eden space 87424K,   0% used [0x00000000e0000000, 0x00000000e0000000, 0x00000000e5560000)
  from space 21824K,  30% used [0x00000000e6ab0000, 0x00000000e712be20, 0x00000000e8000000)
  to   space 21824K,   0% used [0x00000000e5560000, 0x00000000e5560000, 0x00000000e6ab0000)
 concurrent mark-sweep generation total 393216K, used 6086K [0x00000000e8000000, 0x0000000100000000, 0x0000000100000000)
 Metaspace       used 24526K, capacity 25000K, committed 25084K, reserved 1071104K
  class space    used 2870K, capacity 3059K, committed 3068K, reserved 1048576K
}
2017-05-20T10:17:54.334+0200: 3,569: Total time for which application threads were stopped: 0,0281528 seconds, Stopping threads took: 0,0000655 seconds
2017-05-20T10:17:54.687+0200: 3,921: Total time for which application threads were stopped: 0,0005037 seconds, Stopping threads took: 0,0000370 seconds
2017-05-20T10:17:54.700+0200: 3,935: Total time for which application threads were stopped: 0,0003770 seconds, Stopping threads took: 0,0000223 seconds
2017-05-20T10:17:54.741+0200: 3,975: Total time for which application threads were stopped: 0,0003846 seconds, Stopping threads took: 0,0000269 seconds
2017-05-20T10:17:54.815+0200: 4,050: Total time for which application threads were stopped: 0,0005124 seconds, Stopping threads took: 0,0000983 seconds
2017-05-20T10:17:54.853+0200: 4,088: Total time for which application threads were stopped: 0,0004193 seconds, Stopping threads took: 0,0000467 seconds
2017-05-20T10:17:54.853+0200: 4,088: Total time for which application threads were stopped: 0,0001123 seconds, Stopping threads took: 0,0000535 seconds
2017-05-20T10:17:54.856+0200: 4,090: Total time for which application threads were stopped: 0,0001774 seconds, Stopping threads took: 0,0000426 seconds
2017-05-20T10:17:54.857+0200: 4,092: Total time for which application threads were stopped: 0,0001486 seconds, Stopping threads took: 0,0000366 seconds
2017-05-20T10:17:54.859+0200: 4,093: Total time for which application threads were stopped: 0,0001413 seconds, Stopping threads took: 0,0000214 seconds
2017-05-20T10:17:54.862+0200: 4,097: Total time for which application threads were stopped: 0,0029088 seconds, Stopping threads took: 0,0027916 seconds
2017-05-20T10:17:54.863+0200: 4,097: Total time for which application threads were stopped: 0,0001098 seconds, Stopping threads took: 0,0000378 seconds
2017-05-20T10:17:54.863+0200: 4,098: Total time for which application threads were stopped: 0,0001244 seconds, Stopping threads took: 0,0000369 seconds
2017-05-20T10:17:54.864+0200: 4,099: Total time for which application threads were stopped: 0,0001182 seconds, Stopping threads took: 0,0000324 seconds
2017-05-20T10:17:54.865+0200: 4,100: Total time for which application threads were stopped: 0,0001092 seconds, Stopping threads took: 0,0000361 seconds
2017-05-20T10:17:54.870+0200: 4,104: Total time for which application threads were stopped: 0,0001452 seconds, Stopping threads took: 0,0000606 seconds
2017-05-20T10:17:54.871+0200: 4,105: Total time for which application threads were stopped: 0,0001072 seconds, Stopping threads took: 0,0000267 seconds
2017-05-20T10:17:54.878+0200: 4,113: Total time for which application threads were stopped: 0,0001649 seconds, Stopping threads took: 0,0000405 seconds
2017-05-20T10:17:54.881+0200: 4,116: Total time for which application threads were stopped: 0,0001511 seconds, Stopping threads took: 0,0000387 seconds
2017-05-20T10:17:55.881+0200: 5,116: Total time for which application threads were stopped: 0,0000927 seconds, Stopping threads took: 0,0000167 seconds
2017-05-20T10:18:06.884+0200: 16,118: Total time for which application threads were stopped: 0,0000960 seconds, Stopping threads took: 0,0000208 seconds
2017-05-20T10:19:12.126+0200: 82,126: Total time for which application threads were stopped: 0,0000712 seconds, Stopping threads took: 0,0000192 seconds
2017-05-20T10:19:52.131+0200: 122,131: Total time for which application threads were stopped: 0,0001657 seconds, Stopping threads took: 0,0000561 seconds
{Heap before GC invocations=9 (full 1):
 par new generation   total 109248K, used 94063K [0x00000000e0000000, 0x00000000e8000000, 0x00000000e8000000)
  eden space 87424K, 100% used [0x00000000e0000000, 0x00000000e5560000, 0x00000000e5560000)
  from space 21824K,  30% used [0x00000000e6ab0000, 0x00000000e712be20, 0x00000000e8000000)
  to   space 21824K,   0% used [0x00000000e5560000, 0x00000000e5560000, 0x00000000e6ab0000)
 concurrent mark-sweep generation total 393216K, used 6086K [0x00000000e8000000, 0x0000000100000000, 0x0000000100000000)
 Metaspace       used 28045K, capacity 28592K, committed 28796K, reserved 1075200K
  class space    used 3218K, capacity 3399K, committed 3452K, reserved 1048576K
2017-05-20T10:20:40.898+0200: 170,898: [GC (Allocation Failure) 2017-05-20T10:20:40.898+0200: 170,898: [ParNew
Desired survivor size 20112992 bytes, new threshold 8 (max 8)
- age   1:   11249632 bytes,   11249632 total
- age   2:     257488 bytes,   11507120 total
- age   3:     194208 bytes,   11701328 total
- age   4:    1734408 bytes,   13435736 total
- age   5:      17624 bytes,   13453360 total
- age   6:      70928 bytes,   13524288 total
- age   7:      97000 bytes,   13621288 total
- age   8:     193864 bytes,   13815152 total
: 94063K->14922K(109248K), 0,0133877 secs] 100150K->21799K(502464K), 0,0134503 secs] [Times: user=0,05 sys=0,00, real=0,02 secs] 
Heap after GC invocations=10 (full 1):
 par new generation   total 109248K, used 14922K [0x00000000e0000000, 0x00000000e8000000, 0x00000000e8000000)
  eden space 87424K,   0% used [0x00000000e0000000, 0x00000000e0000000, 0x00000000e5560000)
  from space 21824K,  68% used [0x00000000e5560000, 0x00000000e63f2808, 0x00000000e6ab0000)
  to   space 21824K,   0% used [0x00000000e6ab0000, 0x00000000e6ab0000, 0x00000000e8000000)
 concurrent mark-sweep generation total 393216K, used 6877K [0x00000000e8000000, 0x0000000100000000, 0x0000000100000000)
 Metaspace       used 28045K, capacity 28592K, committed 28796K, reserved 1075200K
  class space    used 3218K, capacity 3399K, committed 3452K, reserved 1048576K
}
2017-05-20T10:20:40.911+0200: 170,911: Total time for which application threads were stopped: 0,0136045 seconds, Stopping threads took: 0,0000317 seconds
2017-05-20T10:20:50.913+0200: 180,913: Total time for which application threads were stopped: 0,0001615 seconds, Stopping threads took: 0,0000719 seconds
2017-05-20T10:22:20.921+0200: 270,921: Total time for which application threads were stopped: 0,0000940 seconds, Stopping threads took: 0,0000337 seconds
2017-05-20T10:22:26.922+0200: 276,922: Total time for which application threads were stopped: 0,0000836 seconds, Stopping threads took: 0,0000324 seconds
2017-05-20T10:41:16.040+0200: 1406,040: Total time for which application threads were stopped: 0,0000801 seconds, Stopping threads took: 0,0000276 seconds
2017-05-20T10:46:31.083+0200: 1721,083: Total time for which application threads were stopped: 0,0001603 seconds, Stopping threads took: 0,0000552 seconds
2017-05-20T10:56:11.162+0200: 2301,162: Total time for which application threads were stopped: 0,0000802 seconds, Stopping threads took: 0,0000300 seconds
2017-05-20T10:56:12.162+0200: 2302,162: Total time for which application threads were stopped: 0,0000681 seconds, Stopping threads took: 0,0000151 seconds
2017-05-20T11:11:07.281+0200: 3197,281: Total time for which application threads were stopped: 0,0001325 seconds, Stopping threads took: 0,0000418 seconds
2017-05-20T11:21:41.357+0200: 3831,357: Total time for which application threads were stopped: 0,0001874 seconds, Stopping threads took: 0,0000960 seconds
2017-05-20T11:21:46.358+0200: 3836,358: Total time for which application threads were stopped: 0,0000881 seconds, Stopping threads took: 0,0000315 seconds
2017-05-20T11:36:12.466+0200: 4702,466: Total time for which application threads were stopped: 0,0001027 seconds, Stopping threads took: 0,0000369 seconds
2017-05-20T12:02:12.671+0200: 6262,671: Total time for which application threads were stopped: 0,0000860 seconds, Stopping threads took: 0,0000339 seconds
2017-05-20T12:19:51.808+0200: 7321,808: Total time for which application threads were stopped: 0,0000891 seconds, Stopping threads took: 0,0000297 seconds
2017-05-20T12:24:51.839+0200: 7621,839: Total time for which application threads were stopped: 0,0005754 seconds, Stopping threads took: 0,0002007 seconds
2017-05-20T12:25:51.845+0200: 7681,845: Total time for which application threads were stopped: 0,0002071 seconds, Stopping threads took: 0,0000735 seconds
2017-05-20T12:26:21.848+0200: 7711,848: Total time for which application threads were stopped: 0,0001112 seconds, Stopping threads took: 0,0000324 seconds
2017-05-20T14:33:51.768+0200: 15361,768: Total time for which application threads were stopped: 0,0001015 seconds, Stopping threads took: 0,0000341 seconds
2017-05-20T14:34:51.775+0200: 15421,775: Total time for which application threads were stopped: 0,0000912 seconds, Stopping threads took: 0,0000354 seconds
2017-05-20T15:35:52.152+0200: 19082,152: Total time for which application threads were stopped: 0,0000952 seconds, Stopping threads took: 0,0000347 seconds
2017-05-20T16:08:37.844+0200: 21047,844: Total time for which application threads were stopped: 0,0137881 seconds, Stopping threads took: 0,0135582 seconds
2017-05-20T16:08:37.886+0200: 21047,886: Total time for which application threads were stopped: 0,0126727 seconds, Stopping threads took: 0,0125389 seconds
2017-05-20T16:08:37.913+0200: 21047,913: Total time for which application threads were stopped: 0,0002027 seconds, Stopping threads took: 0,0000583 seconds
2017-05-20T16:08:37.915+0200: 21047,915: Total time for which application threads were stopped: 0,0001009 seconds, Stopping threads took: 0,0000120 seconds
Heap
 par new generation   total 109248K, used 37577K [0x00000000e0000000, 0x00000000e8000000, 0x00000000e8000000)
  eden space 87424K,  25% used [0x00000000e0000000, 0x00000000e161fe98, 0x00000000e5560000)
  from space 21824K,  68% used [0x00000000e5560000, 0x00000000e63f2808, 0x00000000e6ab0000)
  to   space 21824K,   0% used [0x00000000e6ab0000, 0x00000000e6ab0000, 0x00000000e8000000)
 concurrent mark-sweep generation total 393216K, used 6877K [0x00000000e8000000, 0x0000000100000000, 0x0000000100000000)
 Metaspace       used 28212K, capacity 28764K, committed 29052K, reserved 1075200K
  class space    used 3233K, capacity 3433K, committed 3452K, reserved 1048576K
