OpenJDK 64-Bit Server VM (25.131-b11) for linux-amd64 JRE (1.8.0_131-8u131-b11-0ubuntu1.16.04.2-b11), built on May  6 2017 02:45:27 by "buildd" with gcc 5.4.0 20160609
Memory: 4k page, physical 7867740k(7423928k free), swap 8076284k(8076284k free)
CommandLine flags: -XX:CMSInitiatingOccupancyFraction=50 -XX:CMSMaxAbortablePrecleanTime=6000 -XX:+CMSParallelRemarkEnabled -XX:+CMSScavengeBeforeRemark -XX:ConcGCThreads=4 -XX:InitialHeapSize=536870912 -XX:MaxHeapSize=536870912 -XX:MaxTenuringThreshold=8 -XX:NewRatio=3 -XX:OldPLABSize=16 -XX:OnOutOfMemoryError=/opt/solr/bin/oom_solr.sh 8983 /var/solr/logs -XX:ParallelGCThreads=4 -XX:+ParallelRefProcEnabled -XX:PretenureSizeThreshold=67108864 -XX:+PrintGC -XX:+PrintGCApplicationStoppedTime -XX:+PrintGCDateStamps -XX:+PrintGCDetails -XX:+PrintGCTimeStamps -XX:+PrintHeapAtGC -XX:+PrintTenuringDistribution -XX:SurvivorRatio=4 -XX:TargetSurvivorRatio=90 -XX:ThreadStackSize=256 -XX:+UseCMSInitiatingOccupancyOnly -XX:+UseCompressedClassPointers -XX:+UseCompressedOops -XX:+UseConcMarkSweepGC -XX:+UseParNewGC 
2017-07-26T12:20:30.701+0200: 0,147: Total time for which application threads were stopped: 0,0002154 seconds, Stopping threads took: 0,0001533 seconds
2017-07-26T12:20:30.803+0200: 0,249: Total time for which application threads were stopped: 0,0001519 seconds, Stopping threads took: 0,0000352 seconds
2017-07-26T12:20:30.819+0200: 0,265: Total time for which application threads were stopped: 0,0001041 seconds, Stopping threads took: 0,0000130 seconds
2017-07-26T12:20:31.052+0200: 0,498: Total time for which application threads were stopped: 0,0001255 seconds, Stopping threads took: 0,0000114 seconds
2017-07-26T12:20:31.467+0200: 0,912: Total time for which application threads were stopped: 0,0001204 seconds, Stopping threads took: 0,0000134 seconds
2017-07-26T12:20:31.640+0200: 1,086: Total time for which application threads were stopped: 0,0001978 seconds, Stopping threads took: 0,0000290 seconds
2017-07-26T12:20:31.657+0200: 1,102: Total time for which application threads were stopped: 0,0002239 seconds, Stopping threads took: 0,0000356 seconds
2017-07-26T12:20:31.953+0200: 1,398: Total time for which application threads were stopped: 0,0001679 seconds, Stopping threads took: 0,0000216 seconds
2017-07-26T12:20:32.169+0200: 1,615: Total time for which application threads were stopped: 0,0002569 seconds, Stopping threads took: 0,0000126 seconds
2017-07-26T12:20:32.195+0200: 1,641: Total time for which application threads were stopped: 0,0002352 seconds, Stopping threads took: 0,0000283 seconds
2017-07-26T12:20:32.227+0200: 1,673: Total time for which application threads were stopped: 0,0002360 seconds, Stopping threads took: 0,0000358 seconds
2017-07-26T12:20:32.229+0200: 1,674: Total time for which application threads were stopped: 0,0003848 seconds, Stopping threads took: 0,0000417 seconds
2017-07-26T12:20:32.243+0200: 1,689: Total time for which application threads were stopped: 0,0002801 seconds, Stopping threads took: 0,0000264 seconds
2017-07-26T12:20:32.341+0200: 1,787: Total time for which application threads were stopped: 0,0002366 seconds, Stopping threads took: 0,0000295 seconds
2017-07-26T12:20:32.533+0200: 1,979: Total time for which application threads were stopped: 0,0002450 seconds, Stopping threads took: 0,0000400 seconds
{Heap before GC invocations=0 (full 0):
 par new generation   total 109248K, used 87424K [0x00000000e0000000, 0x00000000e8000000, 0x00000000e8000000)
  eden space 87424K, 100% used [0x00000000e0000000, 0x00000000e5560000, 0x00000000e5560000)
  from space 21824K,   0% used [0x00000000e5560000, 0x00000000e5560000, 0x00000000e6ab0000)
  to   space 21824K,   0% used [0x00000000e6ab0000, 0x00000000e6ab0000, 0x00000000e8000000)
 concurrent mark-sweep generation total 393216K, used 0K [0x00000000e8000000, 0x0000000100000000, 0x0000000100000000)
 Metaspace       used 18039K, capacity 18336K, committed 18688K, reserved 1064960K
  class space    used 2039K, capacity 2196K, committed 2304K, reserved 1048576K
2017-07-26T12:20:32.625+0200: 2,071: [GC (Allocation Failure) 2017-07-26T12:20:32.625+0200: 2,071: [ParNew
Desired survivor size 20112992 bytes, new threshold 8 (max 8)
- age   1:   12464536 bytes,   12464536 total
: 87424K->12282K(109248K), 0,0168396 secs] 87424K->12282K(502464K), 0,0169285 secs] [Times: user=0,04 sys=0,02, real=0,02 secs] 
Heap after GC invocations=1 (full 0):
 par new generation   total 109248K, used 12282K [0x00000000e0000000, 0x00000000e8000000, 0x00000000e8000000)
  eden space 87424K,   0% used [0x00000000e0000000, 0x00000000e0000000, 0x00000000e5560000)
  from space 21824K,  56% used [0x00000000e6ab0000, 0x00000000e76ae8d0, 0x00000000e8000000)
  to   space 21824K,   0% used [0x00000000e5560000, 0x00000000e5560000, 0x00000000e6ab0000)
 concurrent mark-sweep generation total 393216K, used 0K [0x00000000e8000000, 0x0000000100000000, 0x0000000100000000)
 Metaspace       used 18039K, capacity 18336K, committed 18688K, reserved 1064960K
  class space    used 2039K, capacity 2196K, committed 2304K, reserved 1048576K
}
2017-07-26T12:20:32.642+0200: 2,088: Total time for which application threads were stopped: 0,0171799 seconds, Stopping threads took: 0,0000481 seconds
2017-07-26T12:20:32.935+0200: 2,381: Total time for which application threads were stopped: 0,0003465 seconds, Stopping threads took: 0,0000434 seconds
{Heap before GC invocations=1 (full 0):
 par new generation   total 109248K, used 99706K [0x00000000e0000000, 0x00000000e8000000, 0x00000000e8000000)
  eden space 87424K, 100% used [0x00000000e0000000, 0x00000000e5560000, 0x00000000e5560000)
  from space 21824K,  56% used [0x00000000e6ab0000, 0x00000000e76ae8d0, 0x00000000e8000000)
  to   space 21824K,   0% used [0x00000000e5560000, 0x00000000e5560000, 0x00000000e6ab0000)
 concurrent mark-sweep generation total 393216K, used 0K [0x00000000e8000000, 0x0000000100000000, 0x0000000100000000)
 Metaspace       used 20062K, capacity 20380K, committed 20736K, reserved 1067008K
  class space    used 2299K, capacity 2476K, committed 2560K, reserved 1048576K
2017-07-26T12:20:32.990+0200: 2,435: [GC (Allocation Failure) 2017-07-26T12:20:32.990+0200: 2,436: [ParNew
Desired survivor size 20112992 bytes, new threshold 8 (max 8)
- age   1:    3605640 bytes,    3605640 total
- age   2:    6652512 bytes,   10258152 total
: 99706K->11666K(109248K), 0,0112716 secs] 99706K->11666K(502464K), 0,0113408 secs] [Times: user=0,03 sys=0,00, real=0,02 secs] 
Heap after GC invocations=2 (full 0):
 par new generation   total 109248K, used 11666K [0x00000000e0000000, 0x00000000e8000000, 0x00000000e8000000)
  eden space 87424K,   0% used [0x00000000e0000000, 0x00000000e0000000, 0x00000000e5560000)
  from space 21824K,  53% used [0x00000000e5560000, 0x00000000e60c4ae0, 0x00000000e6ab0000)
  to   space 21824K,   0% used [0x00000000e6ab0000, 0x00000000e6ab0000, 0x00000000e8000000)
 concurrent mark-sweep generation total 393216K, used 0K [0x00000000e8000000, 0x0000000100000000, 0x0000000100000000)
 Metaspace       used 20062K, capacity 20380K, committed 20736K, reserved 1067008K
  class space    used 2299K, capacity 2476K, committed 2560K, reserved 1048576K
}
2017-07-26T12:20:33.001+0200: 2,447: Total time for which application threads were stopped: 0,0117472 seconds, Stopping threads took: 0,0002651 seconds
2017-07-26T12:20:33.002+0200: 2,448: Total time for which application threads were stopped: 0,0003161 seconds, Stopping threads took: 0,0000610 seconds
2017-07-26T12:20:33.031+0200: 2,477: Total time for which application threads were stopped: 0,0003597 seconds, Stopping threads took: 0,0000692 seconds
2017-07-26T12:20:33.158+0200: 2,604: Total time for which application threads were stopped: 0,0001812 seconds, Stopping threads took: 0,0000703 seconds
{Heap before GC invocations=2 (full 0):
 par new generation   total 109248K, used 99090K [0x00000000e0000000, 0x00000000e8000000, 0x00000000e8000000)
  eden space 87424K, 100% used [0x00000000e0000000, 0x00000000e5560000, 0x00000000e5560000)
  from space 21824K,  53% used [0x00000000e5560000, 0x00000000e60c4ae0, 0x00000000e6ab0000)
  to   space 21824K,   0% used [0x00000000e6ab0000, 0x00000000e6ab0000, 0x00000000e8000000)
 concurrent mark-sweep generation total 393216K, used 0K [0x00000000e8000000, 0x0000000100000000, 0x0000000100000000)
 Metaspace       used 21000K, capacity 21366K, committed 21552K, reserved 1069056K
  class space    used 2421K, capacity 2595K, committed 2608K, reserved 1048576K
2017-07-26T12:20:33.201+0200: 2,646: [GC (Allocation Failure) 2017-07-26T12:20:33.201+0200: 2,647: [ParNew
Desired survivor size 20112992 bytes, new threshold 8 (max 8)
- age   1:    2092128 bytes,    2092128 total
- age   2:     870736 bytes,    2962864 total
- age   3:    6649000 bytes,    9611864 total
: 99090K->11822K(109248K), 0,0098225 secs] 99090K->11822K(502464K), 0,0098980 secs] [Times: user=0,04 sys=0,00, real=0,01 secs] 
Heap after GC invocations=3 (full 0):
 par new generation   total 109248K, used 11822K [0x00000000e0000000, 0x00000000e8000000, 0x00000000e8000000)
  eden space 87424K,   0% used [0x00000000e0000000, 0x00000000e0000000, 0x00000000e5560000)
  from space 21824K,  54% used [0x00000000e6ab0000, 0x00000000e763b8c0, 0x00000000e8000000)
  to   space 21824K,   0% used [0x00000000e5560000, 0x00000000e5560000, 0x00000000e6ab0000)
 concurrent mark-sweep generation total 393216K, used 0K [0x00000000e8000000, 0x0000000100000000, 0x0000000100000000)
 Metaspace       used 21000K, capacity 21366K, committed 21552K, reserved 1069056K
  class space    used 2421K, capacity 2595K, committed 2608K, reserved 1048576K
}
2017-07-26T12:20:33.211+0200: 2,656: Total time for which application threads were stopped: 0,0111643 seconds, Stopping threads took: 0,0011339 seconds
2017-07-26T12:20:33.213+0200: 2,659: [GC (CMS Initial Mark) [1 CMS-initial-mark: 0K(393216K)] 14009K(502464K), 0,0056706 secs] [Times: user=0,02 sys=0,00, real=0,01 secs] 
2017-07-26T12:20:33.219+0200: 2,665: Total time for which application threads were stopped: 0,0058065 seconds, Stopping threads took: 0,0000407 seconds
2017-07-26T12:20:33.219+0200: 2,665: [CMS-concurrent-mark-start]
2017-07-26T12:20:33.219+0200: 2,665: [CMS-concurrent-mark: 0,000/0,000 secs] [Times: user=0,00 sys=0,00, real=0,00 secs] 
2017-07-26T12:20:33.220+0200: 2,665: [CMS-concurrent-preclean-start]
2017-07-26T12:20:33.221+0200: 2,667: [CMS-concurrent-preclean: 0,001/0,001 secs] [Times: user=0,01 sys=0,00, real=0,00 secs] 
2017-07-26T12:20:33.221+0200: 2,667: [CMS-concurrent-abortable-preclean-start]
2017-07-26T12:20:33.319+0200: 2,765: Total time for which application threads were stopped: 0,0001926 seconds, Stopping threads took: 0,0000826 seconds
2017-07-26T12:20:33.319+0200: 2,765: [CMS-concurrent-abortable-preclean: 0,078/0,098 secs] [Times: user=0,37 sys=0,01, real=0,10 secs] 
2017-07-26T12:20:33.320+0200: 2,766: [GC (CMS Final Remark) [YG occupancy: 85572 K (109248 K)]{Heap before GC invocations=3 (full 1):
 par new generation   total 109248K, used 85572K [0x00000000e0000000, 0x00000000e8000000, 0x00000000e8000000)
  eden space 87424K,  84% used [0x00000000e0000000, 0x00000000e4805890, 0x00000000e5560000)
  from space 21824K,  54% used [0x00000000e6ab0000, 0x00000000e763b8c0, 0x00000000e8000000)
  to   space 21824K,   0% used [0x00000000e5560000, 0x00000000e5560000, 0x00000000e6ab0000)
 concurrent mark-sweep generation total 393216K, used 0K [0x00000000e8000000, 0x0000000100000000, 0x0000000100000000)
 Metaspace       used 21247K, capacity 21632K, committed 21960K, reserved 1069056K
  class space    used 2446K, capacity 2609K, committed 2684K, reserved 1048576K
2017-07-26T12:20:33.320+0200: 2,766: [GC (CMS Final Remark) 2017-07-26T12:20:33.320+0200: 2,766: [ParNew
Desired survivor size 20112992 bytes, new threshold 8 (max 8)
- age   1:    1424352 bytes,    1424352 total
- age   2:    1452288 bytes,    2876640 total
- age   3:     837360 bytes,    3714000 total
- age   4:    6648816 bytes,   10362816 total
: 85572K->16457K(109248K), 0,0135951 secs] 85572K->16457K(502464K), 0,0136403 secs] [Times: user=0,06 sys=0,00, real=0,01 secs] 
Heap after GC invocations=4 (full 1):
 par new generation   total 109248K, used 16457K [0x00000000e0000000, 0x00000000e8000000, 0x00000000e8000000)
  eden space 87424K,   0% used [0x00000000e0000000, 0x00000000e0000000, 0x00000000e5560000)
  from space 21824K,  75% used [0x00000000e5560000, 0x00000000e6572438, 0x00000000e6ab0000)
  to   space 21824K,   0% used [0x00000000e6ab0000, 0x00000000e6ab0000, 0x00000000e8000000)
 concurrent mark-sweep generation total 393216K, used 0K [0x00000000e8000000, 0x0000000100000000, 0x0000000100000000)
 Metaspace       used 21247K, capacity 21632K, committed 21960K, reserved 1069056K
  class space    used 2446K, capacity 2609K, committed 2684K, reserved 1048576K
}
2017-07-26T12:20:33.334+0200: 2,780: [Rescan (parallel) , 0,0034190 secs]2017-07-26T12:20:33.337+0200: 2,783: [weak refs processing, 0,0011122 secs]2017-07-26T12:20:33.338+0200: 2,784: [class unloading, 0,0028382 secs]2017-07-26T12:20:33.341+0200: 2,787: [scrub symbol table, 0,0031924 secs]2017-07-26T12:20:33.345+0200: 2,790: [scrub string table, 0,0003640 secs][1 CMS-remark: 0K(393216K)] 16457K(502464K), 0,0252363 secs] [Times: user=0,08 sys=0,00, real=0,02 secs] 
2017-07-26T12:20:33.345+0200: 2,791: Total time for which application threads were stopped: 0,0255221 seconds, Stopping threads took: 0,0001888 seconds
2017-07-26T12:20:33.345+0200: 2,791: [CMS-concurrent-sweep-start]
2017-07-26T12:20:33.346+0200: 2,791: [CMS-concurrent-sweep: 0,000/0,000 secs] [Times: user=0,00 sys=0,00, real=0,00 secs] 
2017-07-26T12:20:33.346+0200: 2,791: [CMS-concurrent-reset-start]
2017-07-26T12:20:33.348+0200: 2,794: [CMS-concurrent-reset: 0,002/0,002 secs] [Times: user=0,00 sys=0,00, real=0,00 secs] 
{Heap before GC invocations=4 (full 1):
 par new generation   total 109248K, used 103881K [0x00000000e0000000, 0x00000000e8000000, 0x00000000e8000000)
  eden space 87424K, 100% used [0x00000000e0000000, 0x00000000e5560000, 0x00000000e5560000)
  from space 21824K,  75% used [0x00000000e5560000, 0x00000000e6572438, 0x00000000e6ab0000)
  to   space 21824K,   0% used [0x00000000e6ab0000, 0x00000000e6ab0000, 0x00000000e8000000)
 concurrent mark-sweep generation total 393216K, used 0K [0x00000000e8000000, 0x0000000100000000, 0x0000000100000000)
 Metaspace       used 21384K, capacity 21796K, committed 21960K, reserved 1069056K
  class space    used 2466K, capacity 2641K, committed 2684K, reserved 1048576K
2017-07-26T12:20:33.432+0200: 2,878: [GC (Allocation Failure) 2017-07-26T12:20:33.432+0200: 2,878: [ParNew
Desired survivor size 20112992 bytes, new threshold 8 (max 8)
- age   1:     987328 bytes,     987328 total
- age   2:     159880 bytes,    1147208 total
- age   3:    1448632 bytes,    2595840 total
- age   4:     835328 bytes,    3431168 total
- age   5:    6649024 bytes,   10080192 total
: 103881K->12202K(109248K), 0,0096926 secs] 103881K->12202K(502464K), 0,0097551 secs] [Times: user=0,03 sys=0,00, real=0,01 secs] 
Heap after GC invocations=5 (full 1):
 par new generation   total 109248K, used 12202K [0x00000000e0000000, 0x00000000e8000000, 0x00000000e8000000)
  eden space 87424K,   0% used [0x00000000e0000000, 0x00000000e0000000, 0x00000000e5560000)
  from space 21824K,  55% used [0x00000000e6ab0000, 0x00000000e769a9b0, 0x00000000e8000000)
  to   space 21824K,   0% used [0x00000000e5560000, 0x00000000e5560000, 0x00000000e6ab0000)
 concurrent mark-sweep generation total 393216K, used 0K [0x00000000e8000000, 0x0000000100000000, 0x0000000100000000)
 Metaspace       used 21384K, capacity 21796K, committed 21960K, reserved 1069056K
  class space    used 2466K, capacity 2641K, committed 2684K, reserved 1048576K
}
2017-07-26T12:20:33.441+0200: 2,887: Total time for which application threads were stopped: 0,0099468 seconds, Stopping threads took: 0,0000610 seconds
2017-07-26T12:20:33.487+0200: 2,932: Total time for which application threads were stopped: 0,0003342 seconds, Stopping threads took: 0,0000390 seconds
2017-07-26T12:20:33.840+0200: 3,286: Total time for which application threads were stopped: 0,0003982 seconds, Stopping threads took: 0,0000513 seconds
2017-07-26T12:20:33.852+0200: 3,298: Total time for which application threads were stopped: 0,0004087 seconds, Stopping threads took: 0,0000577 seconds
{Heap before GC invocations=5 (full 1):
 par new generation   total 109248K, used 99626K [0x00000000e0000000, 0x00000000e8000000, 0x00000000e8000000)
  eden space 87424K, 100% used [0x00000000e0000000, 0x00000000e5560000, 0x00000000e5560000)
  from space 21824K,  55% used [0x00000000e6ab0000, 0x00000000e769a9b0, 0x00000000e8000000)
  to   space 21824K,   0% used [0x00000000e5560000, 0x00000000e5560000, 0x00000000e6ab0000)
 concurrent mark-sweep generation total 393216K, used 0K [0x00000000e8000000, 0x0000000100000000, 0x0000000100000000)
 Metaspace       used 23897K, capacity 24368K, committed 24572K, reserved 1071104K
  class space    used 2809K, capacity 2985K, committed 3068K, reserved 1048576K
2017-07-26T12:20:34.030+0200: 3,476: [GC (Allocation Failure) 2017-07-26T12:20:34.030+0200: 3,476: [ParNew
Desired survivor size 20112992 bytes, new threshold 8 (max 8)
- age   1:    5314224 bytes,    5314224 total
- age   2:     107944 bytes,    5422168 total
- age   3:     158656 bytes,    5580824 total
- age   4:     278664 bytes,    5859488 total
- age   5:     811016 bytes,    6670504 total
- age   6:    6640592 bytes,   13311096 total
: 99626K->19356K(109248K), 0,0227320 secs] 99626K->19356K(502464K), 0,0228370 secs] [Times: user=0,09 sys=0,00, real=0,02 secs] 
Heap after GC invocations=6 (full 1):
 par new generation   total 109248K, used 19356K [0x00000000e0000000, 0x00000000e8000000, 0x00000000e8000000)
  eden space 87424K,   0% used [0x00000000e0000000, 0x00000000e0000000, 0x00000000e5560000)
  from space 21824K,  88% used [0x00000000e5560000, 0x00000000e6847300, 0x00000000e6ab0000)
  to   space 21824K,   0% used [0x00000000e6ab0000, 0x00000000e6ab0000, 0x00000000e8000000)
 concurrent mark-sweep generation total 393216K, used 0K [0x00000000e8000000, 0x0000000100000000, 0x0000000100000000)
 Metaspace       used 23897K, capacity 24368K, committed 24572K, reserved 1071104K
  class space    used 2809K, capacity 2985K, committed 3068K, reserved 1048576K
}
2017-07-26T12:20:34.053+0200: 3,499: Total time for which application threads were stopped: 0,0264228 seconds, Stopping threads took: 0,0033163 seconds
{Heap before GC invocations=6 (full 1):
 par new generation   total 109248K, used 106780K [0x00000000e0000000, 0x00000000e8000000, 0x00000000e8000000)
  eden space 87424K, 100% used [0x00000000e0000000, 0x00000000e5560000, 0x00000000e5560000)
  from space 21824K,  88% used [0x00000000e5560000, 0x00000000e6847300, 0x00000000e6ab0000)
  to   space 21824K,   0% used [0x00000000e6ab0000, 0x00000000e6ab0000, 0x00000000e8000000)
 concurrent mark-sweep generation total 393216K, used 0K [0x00000000e8000000, 0x0000000100000000, 0x0000000100000000)
 Metaspace       used 24681K, capacity 25104K, committed 25468K, reserved 1071104K
  class space    used 2887K, capacity 3081K, committed 3196K, reserved 1048576K
2017-07-26T12:20:34.178+0200: 3,624: [GC (Allocation Failure) 2017-07-26T12:20:34.178+0200: 3,624: [ParNew
Desired survivor size 20112992 bytes, new threshold 8 (max 8)
- age   1:    1997016 bytes,    1997016 total
- age   2:    1786296 bytes,    3783312 total
- age   3:      50968 bytes,    3834280 total
- age   4:      92440 bytes,    3926720 total
- age   5:     187120 bytes,    4113840 total
- age   6:     759152 bytes,    4872992 total
- age   7:    6107736 bytes,   10980728 total
: 106780K->14050K(109248K), 0,0136134 secs] 106780K->14050K(502464K), 0,0136798 secs] [Times: user=0,04 sys=0,00, real=0,01 secs] 
Heap after GC invocations=7 (full 1):
 par new generation   total 109248K, used 14050K [0x00000000e0000000, 0x00000000e8000000, 0x00000000e8000000)
  eden space 87424K,   0% used [0x00000000e0000000, 0x00000000e0000000, 0x00000000e5560000)
  from space 21824K,  64% used [0x00000000e6ab0000, 0x00000000e7868b40, 0x00000000e8000000)
  to   space 21824K,   0% used [0x00000000e5560000, 0x00000000e5560000, 0x00000000e6ab0000)
 concurrent mark-sweep generation total 393216K, used 0K [0x00000000e8000000, 0x0000000100000000, 0x0000000100000000)
 Metaspace       used 24681K, capacity 25104K, committed 25468K, reserved 1071104K
  class space    used 2887K, capacity 3081K, committed 3196K, reserved 1048576K
}
2017-07-26T12:20:34.192+0200: 3,638: Total time for which application threads were stopped: 0,0170882 seconds, Stopping threads took: 0,0032230 seconds
{Heap before GC invocations=7 (full 1):
 par new generation   total 109248K, used 101474K [0x00000000e0000000, 0x00000000e8000000, 0x00000000e8000000)
  eden space 87424K, 100% used [0x00000000e0000000, 0x00000000e5560000, 0x00000000e5560000)
  from space 21824K,  64% used [0x00000000e6ab0000, 0x00000000e7868b40, 0x00000000e8000000)
  to   space 21824K,   0% used [0x00000000e5560000, 0x00000000e5560000, 0x00000000e6ab0000)
 concurrent mark-sweep generation total 393216K, used 0K [0x00000000e8000000, 0x0000000100000000, 0x0000000100000000)
 Metaspace       used 24949K, capacity 25462K, committed 25724K, reserved 1071104K
  class space    used 2906K, capacity 3088K, committed 3196K, reserved 1048576K
2017-07-26T12:20:34.278+0200: 3,724: [GC (Allocation Failure) 2017-07-26T12:20:34.278+0200: 3,724: [ParNew
Desired survivor size 20112992 bytes, new threshold 8 (max 8)
- age   1:     640296 bytes,     640296 total
- age   2:    1085328 bytes,    1725624 total
- age   3:    1762512 bytes,    3488136 total
- age   4:      50968 bytes,    3539104 total
- age   5:      92232 bytes,    3631336 total
- age   6:     186784 bytes,    3818120 total
- age   7:     759152 bytes,    4577272 total
- age   8:    6107616 bytes,   10684888 total
: 101474K->14443K(109248K), 0,0121437 secs] 101474K->14443K(502464K), 0,0122354 secs] [Times: user=0,04 sys=0,00, real=0,01 secs] 
Heap after GC invocations=8 (full 1):
 par new generation   total 109248K, used 14443K [0x00000000e0000000, 0x00000000e8000000, 0x00000000e8000000)
  eden space 87424K,   0% used [0x00000000e0000000, 0x00000000e0000000, 0x00000000e5560000)
  from space 21824K,  66% used [0x00000000e5560000, 0x00000000e637aff0, 0x00000000e6ab0000)
  to   space 21824K,   0% used [0x00000000e6ab0000, 0x00000000e6ab0000, 0x00000000e8000000)
 concurrent mark-sweep generation total 393216K, used 0K [0x00000000e8000000, 0x0000000100000000, 0x0000000100000000)
 Metaspace       used 24949K, capacity 25462K, committed 25724K, reserved 1071104K
  class space    used 2906K, capacity 3088K, committed 3196K, reserved 1048576K
}
2017-07-26T12:20:34.290+0200: 3,736: Total time for which application threads were stopped: 0,0152070 seconds, Stopping threads took: 0,0028074 seconds
2017-07-26T12:20:34.593+0200: 4,039: Total time for which application threads were stopped: 0,0005847 seconds, Stopping threads took: 0,0000476 seconds
2017-07-26T12:20:34.604+0200: 4,050: Total time for which application threads were stopped: 0,0003433 seconds, Stopping threads took: 0,0000485 seconds
2017-07-26T12:20:34.607+0200: 4,053: Total time for which application threads were stopped: 0,0001208 seconds, Stopping threads took: 0,0000357 seconds
2017-07-26T12:20:34.608+0200: 4,054: Total time for which application threads were stopped: 0,0004047 seconds, Stopping threads took: 0,0000297 seconds
2017-07-26T12:20:34.613+0200: 4,059: Total time for which application threads were stopped: 0,0001214 seconds, Stopping threads took: 0,0000379 seconds
2017-07-26T12:20:34.613+0200: 4,059: Total time for which application threads were stopped: 0,0000962 seconds, Stopping threads took: 0,0000280 seconds
2017-07-26T12:20:34.616+0200: 4,062: Total time for which application threads were stopped: 0,0000894 seconds, Stopping threads took: 0,0000178 seconds
2017-07-26T12:20:34.617+0200: 4,063: Total time for which application threads were stopped: 0,0000951 seconds, Stopping threads took: 0,0000185 seconds
2017-07-26T12:20:34.620+0200: 4,066: Total time for which application threads were stopped: 0,0001089 seconds, Stopping threads took: 0,0000301 seconds
2017-07-26T12:20:34.621+0200: 4,067: Total time for which application threads were stopped: 0,0000947 seconds, Stopping threads took: 0,0000254 seconds
2017-07-26T12:20:34.621+0200: 4,067: Total time for which application threads were stopped: 0,0000796 seconds, Stopping threads took: 0,0000213 seconds
2017-07-26T12:20:34.658+0200: 4,104: Total time for which application threads were stopped: 0,0004471 seconds, Stopping threads took: 0,0000327 seconds
2017-07-26T12:20:34.664+0200: 4,110: Total time for which application threads were stopped: 0,0001406 seconds, Stopping threads took: 0,0000664 seconds
2017-07-26T12:20:34.671+0200: 4,117: Total time for which application threads were stopped: 0,0005042 seconds, Stopping threads took: 0,0004004 seconds
2017-07-26T12:20:34.672+0200: 4,118: Total time for which application threads were stopped: 0,0002318 seconds, Stopping threads took: 0,0001426 seconds
2017-07-26T12:20:34.678+0200: 4,124: Total time for which application threads were stopped: 0,0001308 seconds, Stopping threads took: 0,0000378 seconds
2017-07-26T12:20:34.679+0200: 4,125: Total time for which application threads were stopped: 0,0001555 seconds, Stopping threads took: 0,0000896 seconds
2017-07-26T12:20:34.679+0200: 4,125: Total time for which application threads were stopped: 0,0001027 seconds, Stopping threads took: 0,0000328 seconds
2017-07-26T12:20:34.681+0200: 4,127: Total time for which application threads were stopped: 0,0001306 seconds, Stopping threads took: 0,0000518 seconds
2017-07-26T12:20:34.681+0200: 4,127: Total time for which application threads were stopped: 0,0000918 seconds, Stopping threads took: 0,0000269 seconds
2017-07-26T12:20:34.681+0200: 4,127: Total time for which application threads were stopped: 0,0000763 seconds, Stopping threads took: 0,0000219 seconds
2017-07-26T12:20:34.682+0200: 4,127: Total time for which application threads were stopped: 0,0000805 seconds, Stopping threads took: 0,0000183 seconds
2017-07-26T12:20:34.682+0200: 4,128: Total time for which application threads were stopped: 0,0000637 seconds, Stopping threads took: 0,0000176 seconds
2017-07-26T12:20:34.682+0200: 4,128: Total time for which application threads were stopped: 0,0001062 seconds, Stopping threads took: 0,0000285 seconds
2017-07-26T12:20:34.682+0200: 4,128: Total time for which application threads were stopped: 0,0000680 seconds, Stopping threads took: 0,0000179 seconds
2017-07-26T12:20:34.682+0200: 4,128: Total time for which application threads were stopped: 0,0000964 seconds, Stopping threads took: 0,0000337 seconds
2017-07-26T12:20:34.683+0200: 4,129: Total time for which application threads were stopped: 0,0002127 seconds, Stopping threads took: 0,0000763 seconds
2017-07-26T12:20:34.686+0200: 4,132: Total time for which application threads were stopped: 0,0001178 seconds, Stopping threads took: 0,0000423 seconds
2017-07-26T12:20:34.686+0200: 4,132: Total time for which application threads were stopped: 0,0000522 seconds, Stopping threads took: 0,0000105 seconds
2017-07-26T12:20:34.686+0200: 4,132: Total time for which application threads were stopped: 0,0000454 seconds, Stopping threads took: 0,0000087 seconds
2017-07-26T12:20:34.686+0200: 4,132: Total time for which application threads were stopped: 0,0000495 seconds, Stopping threads took: 0,0000083 seconds
2017-07-26T12:20:34.686+0200: 4,132: Total time for which application threads were stopped: 0,0000459 seconds, Stopping threads took: 0,0000111 seconds
2017-07-26T12:20:34.687+0200: 4,133: Total time for which application threads were stopped: 0,0002513 seconds, Stopping threads took: 0,0002048 seconds
2017-07-26T12:20:34.687+0200: 4,133: Total time for which application threads were stopped: 0,0000515 seconds, Stopping threads took: 0,0000179 seconds
2017-07-26T12:20:34.687+0200: 4,133: Total time for which application threads were stopped: 0,0001066 seconds, Stopping threads took: 0,0000739 seconds
2017-07-26T12:20:34.687+0200: 4,133: Total time for which application threads were stopped: 0,0000914 seconds, Stopping threads took: 0,0000641 seconds
2017-07-26T12:20:34.687+0200: 4,133: Total time for which application threads were stopped: 0,0001913 seconds, Stopping threads took: 0,0001636 seconds
2017-07-26T12:20:34.688+0200: 4,134: Total time for which application threads were stopped: 0,0001355 seconds, Stopping threads took: 0,0000900 seconds
2017-07-26T12:20:34.688+0200: 4,134: Total time for which application threads were stopped: 0,0001167 seconds, Stopping threads took: 0,0000877 seconds
2017-07-26T12:20:34.688+0200: 4,134: Total time for which application threads were stopped: 0,0000703 seconds, Stopping threads took: 0,0000286 seconds
2017-07-26T12:20:34.688+0200: 4,134: Total time for which application threads were stopped: 0,0000479 seconds, Stopping threads took: 0,0000088 seconds
2017-07-26T12:20:34.688+0200: 4,134: Total time for which application threads were stopped: 0,0000527 seconds, Stopping threads took: 0,0000167 seconds
2017-07-26T12:20:34.688+0200: 4,134: Total time for which application threads were stopped: 0,0000600 seconds, Stopping threads took: 0,0000108 seconds
2017-07-26T12:20:34.688+0200: 4,134: Total time for which application threads were stopped: 0,0000460 seconds, Stopping threads took: 0,0000079 seconds
2017-07-26T12:20:34.688+0200: 4,134: Total time for which application threads were stopped: 0,0000532 seconds, Stopping threads took: 0,0000083 seconds
2017-07-26T12:20:34.689+0200: 4,134: Total time for which application threads were stopped: 0,0000458 seconds, Stopping threads took: 0,0000080 seconds
2017-07-26T12:20:34.689+0200: 4,135: Total time for which application threads were stopped: 0,0001174 seconds, Stopping threads took: 0,0000084 seconds
2017-07-26T12:20:34.690+0200: 4,136: Total time for which application threads were stopped: 0,0001289 seconds, Stopping threads took: 0,0000686 seconds
2017-07-26T12:20:34.691+0200: 4,137: Total time for which application threads were stopped: 0,0001056 seconds, Stopping threads took: 0,0000397 seconds
2017-07-26T12:20:34.697+0200: 4,143: Total time for which application threads were stopped: 0,0001035 seconds, Stopping threads took: 0,0000214 seconds
{Heap before GC invocations=8 (full 1):
 par new generation   total 109248K, used 101867K [0x00000000e0000000, 0x00000000e8000000, 0x00000000e8000000)
  eden space 87424K, 100% used [0x00000000e0000000, 0x00000000e5560000, 0x00000000e5560000)
  from space 21824K,  66% used [0x00000000e5560000, 0x00000000e637aff0, 0x00000000e6ab0000)
  to   space 21824K,   0% used [0x00000000e6ab0000, 0x00000000e6ab0000, 0x00000000e8000000)
 concurrent mark-sweep generation total 393216K, used 0K [0x00000000e8000000, 0x0000000100000000, 0x0000000100000000)
 Metaspace       used 27232K, capacity 27754K, committed 27900K, reserved 1073152K
  class space    used 3121K, capacity 3296K, committed 3324K, reserved 1048576K
2017-07-26T12:20:34.706+0200: 4,151: [GC (Allocation Failure) 2017-07-26T12:20:34.706+0200: 4,151: [ParNew
Desired survivor size 20112992 bytes, new threshold 8 (max 8)
- age   1:    7855112 bytes,    7855112 total
- age   2:     172416 bytes,    8027528 total
- age   3:     301288 bytes,    8328816 total
- age   4:    1759280 bytes,   10088096 total
- age   5:      50968 bytes,   10139064 total
- age   6:      92232 bytes,   10231296 total
- age   7:     186888 bytes,   10418184 total
- age   8:     758336 bytes,   11176520 total
: 101867K->13649K(109248K), 0,0325837 secs] 101867K->20241K(502464K), 0,0326536 secs] [Times: user=0,10 sys=0,01, real=0,04 secs] 
Heap after GC invocations=9 (full 1):
 par new generation   total 109248K, used 13649K [0x00000000e0000000, 0x00000000e8000000, 0x00000000e8000000)
  eden space 87424K,   0% used [0x00000000e0000000, 0x00000000e0000000, 0x00000000e5560000)
  from space 21824K,  62% used [0x00000000e6ab0000, 0x00000000e7804530, 0x00000000e8000000)
  to   space 21824K,   0% used [0x00000000e5560000, 0x00000000e5560000, 0x00000000e6ab0000)
 concurrent mark-sweep generation total 393216K, used 6592K [0x00000000e8000000, 0x0000000100000000, 0x0000000100000000)
 Metaspace       used 27232K, capacity 27754K, committed 27900K, reserved 1073152K
  class space    used 3121K, capacity 3296K, committed 3324K, reserved 1048576K
}
2017-07-26T12:20:34.738+0200: 4,184: Total time for which application threads were stopped: 0,0328117 seconds, Stopping threads took: 0,0000211 seconds
2017-07-26T12:20:34.741+0200: 4,187: Total time for which application threads were stopped: 0,0002935 seconds, Stopping threads took: 0,0002294 seconds
2017-07-26T12:20:34.741+0200: 4,187: Total time for which application threads were stopped: 0,0000764 seconds, Stopping threads took: 0,0000303 seconds
2017-07-26T12:20:34.770+0200: 4,216: Total time for which application threads were stopped: 0,0028832 seconds, Stopping threads took: 0,0027667 seconds
2017-07-26T12:20:34.778+0200: 4,224: Total time for which application threads were stopped: 0,0001305 seconds, Stopping threads took: 0,0000495 seconds
2017-07-26T12:20:34.801+0200: 4,247: Total time for which application threads were stopped: 0,0005666 seconds, Stopping threads took: 0,0000764 seconds
2017-07-26T12:20:34.808+0200: 4,254: Total time for which application threads were stopped: 0,0002341 seconds, Stopping threads took: 0,0000945 seconds
2017-07-26T12:20:35.810+0200: 5,256: Total time for which application threads were stopped: 0,0000960 seconds, Stopping threads took: 0,0000219 seconds
2017-07-26T12:22:27.824+0200: 117,270: Total time for which application threads were stopped: 0,0000843 seconds, Stopping threads took: 0,0000331 seconds
2017-07-26T12:22:32.825+0200: 122,271: Total time for which application threads were stopped: 0,0000691 seconds, Stopping threads took: 0,0000159 seconds
2017-07-26T12:23:31.832+0200: 181,278: Total time for which application threads were stopped: 0,0006010 seconds, Stopping threads took: 0,0002042 seconds
2017-07-26T12:43:56.958+0200: 1406,404: Total time for which application threads were stopped: 0,0000933 seconds, Stopping threads took: 0,0000346 seconds
2017-07-26T12:49:01.988+0200: 1711,434: Total time for which application threads were stopped: 0,0001241 seconds, Stopping threads took: 0,0000474 seconds
2017-07-26T12:58:52.047+0200: 2301,493: Total time for which application threads were stopped: 0,0002281 seconds, Stopping threads took: 0,0000707 seconds
2017-07-26T12:58:53.047+0200: 2302,493: Total time for which application threads were stopped: 0,0000737 seconds, Stopping threads took: 0,0000160 seconds
2017-07-26T13:13:48.133+0200: 3197,579: Total time for which application threads were stopped: 0,0001051 seconds, Stopping threads took: 0,0000391 seconds
2017-07-26T13:25:52.225+0200: 3921,671: Total time for which application threads were stopped: 0,0000908 seconds, Stopping threads took: 0,0000344 seconds
2017-07-26T13:25:57.226+0200: 3926,672: Total time for which application threads were stopped: 0,0001453 seconds, Stopping threads took: 0,0000310 seconds
2017-07-26T13:37:08.297+0200: 4597,743: Total time for which application threads were stopped: 0,0000870 seconds, Stopping threads took: 0,0000353 seconds
2017-07-26T13:37:23.299+0200: 4612,745: Total time for which application threads were stopped: 0,0000755 seconds, Stopping threads took: 0,0000288 seconds
2017-07-26T14:04:53.493+0200: 6262,939: Total time for which application threads were stopped: 0,0000763 seconds, Stopping threads took: 0,0000321 seconds
2017-07-26T14:22:32.607+0200: 7322,053: Total time for which application threads were stopped: 0,0000768 seconds, Stopping threads took: 0,0000295 seconds
2017-07-26T14:24:02.616+0200: 7412,062: Total time for which application threads were stopped: 0,0001571 seconds, Stopping threads took: 0,0000396 seconds
2017-07-26T14:28:32.643+0200: 7682,089: Total time for which application threads were stopped: 0,0001217 seconds, Stopping threads took: 0,0000427 seconds
2017-07-26T14:29:02.646+0200: 7712,092: Total time for which application threads were stopped: 0,0001280 seconds, Stopping threads took: 0,0000507 seconds
2017-07-26T16:36:32.492+0200: 15361,938: Total time for which application threads were stopped: 0,0001899 seconds, Stopping threads took: 0,0000658 seconds
2017-07-26T16:38:02.502+0200: 15451,948: Total time for which application threads were stopped: 0,0007091 seconds, Stopping threads took: 0,0003699 seconds
2017-07-27T00:19:16.865+0200: 43126,311: Total time for which application threads were stopped: 0,0001368 seconds, Stopping threads took: 0,0000467 seconds
2017-07-27T00:19:16.890+0200: 43126,336: Total time for which application threads were stopped: 0,0137533 seconds, Stopping threads took: 0,0136145 seconds
2017-07-27T00:19:16.905+0200: 43126,350: Total time for which application threads were stopped: 0,0001150 seconds, Stopping threads took: 0,0000244 seconds
2017-07-27T00:19:16.907+0200: 43126,353: Total time for which application threads were stopped: 0,0004379 seconds, Stopping threads took: 0,0003668 seconds
2017-07-27T00:19:16.911+0200: 43126,356: Total time for which application threads were stopped: 0,0001487 seconds, Stopping threads took: 0,0000396 seconds
2017-07-27T00:19:16.916+0200: 43126,362: Total time for which application threads were stopped: 0,0027301 seconds, Stopping threads took: 0,0026488 seconds
2017-07-27T00:19:16.917+0200: 43126,363: Total time for which application threads were stopped: 0,0000771 seconds, Stopping threads took: 0,0000176 seconds
2017-07-27T00:19:16.917+0200: 43126,363: Total time for which application threads were stopped: 0,0005633 seconds, Stopping threads took: 0,0004953 seconds
2017-07-27T00:19:16.917+0200: 43126,363: Total time for which application threads were stopped: 0,0000830 seconds, Stopping threads took: 0,0000174 seconds
2017-07-27T00:19:16.918+0200: 43126,363: Total time for which application threads were stopped: 0,0000725 seconds, Stopping threads took: 0,0000190 seconds
2017-07-27T00:19:16.936+0200: 43126,382: Total time for which application threads were stopped: 0,0050064 seconds, Stopping threads took: 0,0049002 seconds
2017-07-27T00:19:16.936+0200: 43126,382: Total time for which application threads were stopped: 0,0000832 seconds, Stopping threads took: 0,0000252 seconds
2017-07-27T00:19:16.936+0200: 43126,382: Total time for which application threads were stopped: 0,0000493 seconds, Stopping threads took: 0,0000165 seconds
2017-07-27T00:19:16.939+0200: 43126,385: Total time for which application threads were stopped: 0,0005493 seconds, Stopping threads took: 0,0004795 seconds
2017-07-27T00:19:16.939+0200: 43126,385: Total time for which application threads were stopped: 0,0000633 seconds, Stopping threads took: 0,0000188 seconds
2017-07-27T00:19:16.939+0200: 43126,385: Total time for which application threads were stopped: 0,0000444 seconds, Stopping threads took: 0,0000119 seconds
2017-07-27T00:19:16.941+0200: 43126,387: Total time for which application threads were stopped: 0,0000967 seconds, Stopping threads took: 0,0000336 seconds
2017-07-27T00:19:16.941+0200: 43126,387: Total time for which application threads were stopped: 0,0000633 seconds, Stopping threads took: 0,0000192 seconds
2017-07-27T00:19:16.941+0200: 43126,387: Total time for which application threads were stopped: 0,0000524 seconds, Stopping threads took: 0,0000154 seconds
2017-07-27T00:19:16.941+0200: 43126,387: Total time for which application threads were stopped: 0,0000504 seconds, Stopping threads took: 0,0000161 seconds
2017-07-27T00:19:16.941+0200: 43126,387: Total time for which application threads were stopped: 0,0000532 seconds, Stopping threads took: 0,0000211 seconds
2017-07-27T00:19:16.941+0200: 43126,387: Total time for which application threads were stopped: 0,0000436 seconds, Stopping threads took: 0,0000135 seconds
2017-07-27T00:19:16.944+0200: 43126,390: Total time for which application threads were stopped: 0,0000930 seconds, Stopping threads took: 0,0000263 seconds
2017-07-27T00:19:16.944+0200: 43126,390: Total time for which application threads were stopped: 0,0000530 seconds, Stopping threads took: 0,0000189 seconds
2017-07-27T00:19:16.944+0200: 43126,390: Total time for which application threads were stopped: 0,0000367 seconds, Stopping threads took: 0,0000050 seconds
2017-07-27T00:19:16.944+0200: 43126,390: Total time for which application threads were stopped: 0,0000467 seconds, Stopping threads took: 0,0000120 seconds
2017-07-27T00:19:16.944+0200: 43126,390: Total time for which application threads were stopped: 0,0000464 seconds, Stopping threads took: 0,0000177 seconds
2017-07-27T00:19:16.945+0200: 43126,391: Total time for which application threads were stopped: 0,0000773 seconds, Stopping threads took: 0,0000270 seconds
2017-07-27T00:19:16.947+0200: 43126,393: Total time for which application threads were stopped: 0,0001351 seconds, Stopping threads took: 0,0000309 seconds
2017-07-27T00:19:16.948+0200: 43126,394: Total time for which application threads were stopped: 0,0000715 seconds, Stopping threads took: 0,0000213 seconds
2017-07-27T00:19:16.948+0200: 43126,394: Total time for which application threads were stopped: 0,0003716 seconds, Stopping threads took: 0,0000134 seconds
2017-07-27T00:19:16.951+0200: 43126,397: Total time for which application threads were stopped: 0,0001027 seconds, Stopping threads took: 0,0000303 seconds
2017-07-27T00:19:16.952+0200: 43126,397: Total time for which application threads were stopped: 0,0001120 seconds, Stopping threads took: 0,0000227 seconds
Heap
 par new generation   total 109248K, used 49366K [0x00000000e0000000, 0x00000000e8000000, 0x00000000e8000000)
  eden space 87424K,  40% used [0x00000000e0000000, 0x00000000e22e12e0, 0x00000000e5560000)
  from space 21824K,  62% used [0x00000000e6ab0000, 0x00000000e7804530, 0x00000000e8000000)
  to   space 21824K,   0% used [0x00000000e5560000, 0x00000000e5560000, 0x00000000e6ab0000)
 concurrent mark-sweep generation total 393216K, used 6592K [0x00000000e8000000, 0x0000000100000000, 0x0000000100000000)
 Metaspace       used 28222K, capacity 28792K, committed 29052K, reserved 1075200K
  class space    used 3229K, capacity 3427K, committed 3452K, reserved 1048576K
