OpenJDK 64-Bit Server VM (25.121-b13) for linux-amd64 JRE (1.8.0_121-8u121-b13-0ubuntu1.16.04.2-b13), built on Jan 23 2017 15:51:29 by "buildd" with gcc 5.4.0 20160609
Memory: 4k page, physical 7867760k(7440940k free), swap 8076284k(8076284k free)
CommandLine flags: -XX:CMSInitiatingOccupancyFraction=50 -XX:CMSMaxAbortablePrecleanTime=6000 -XX:+CMSParallelRemarkEnabled -XX:+CMSScavengeBeforeRemark -XX:ConcGCThreads=4 -XX:InitialHeapSize=536870912 -XX:MaxHeapSize=536870912 -XX:MaxTenuringThreshold=8 -XX:NewRatio=3 -XX:OldPLABSize=16 -XX:OnOutOfMemoryError=/opt/solr/bin/oom_solr.sh 8983 /var/solr/logs -XX:ParallelGCThreads=4 -XX:+ParallelRefProcEnabled -XX:PretenureSizeThreshold=67108864 -XX:+PrintGC -XX:+PrintGCApplicationStoppedTime -XX:+PrintGCDateStamps -XX:+PrintGCDetails -XX:+PrintGCTimeStamps -XX:+PrintHeapAtGC -XX:+PrintTenuringDistribution -XX:SurvivorRatio=4 -XX:TargetSurvivorRatio=90 -XX:ThreadStackSize=256 -XX:+UseCMSInitiatingOccupancyOnly -XX:+UseCompressedClassPointers -XX:+UseCompressedOops -XX:+UseConcMarkSweepGC -XX:+UseParNewGC 
2017-03-14T15:54:09.638+0100: 0,165: Total time for which application threads were stopped: 0,0000687 seconds, Stopping threads took: 0,0000089 seconds
2017-03-14T15:54:09.751+0100: 0,279: Total time for which application threads were stopped: 0,0001177 seconds, Stopping threads took: 0,0000192 seconds
2017-03-14T15:54:09.769+0100: 0,296: Total time for which application threads were stopped: 0,0000914 seconds, Stopping threads took: 0,0000163 seconds
2017-03-14T15:54:10.281+0100: 0,808: Total time for which application threads were stopped: 0,0001643 seconds, Stopping threads took: 0,0000158 seconds
2017-03-14T15:54:10.602+0100: 1,129: Total time for which application threads were stopped: 0,0001441 seconds, Stopping threads took: 0,0000217 seconds
2017-03-14T15:54:10.675+0100: 1,203: Total time for which application threads were stopped: 0,0001761 seconds, Stopping threads took: 0,0000223 seconds
2017-03-14T15:54:10.730+0100: 1,258: Total time for which application threads were stopped: 0,0002219 seconds, Stopping threads took: 0,0000244 seconds
2017-03-14T15:54:11.041+0100: 1,568: Total time for which application threads were stopped: 0,0001560 seconds, Stopping threads took: 0,0000146 seconds
2017-03-14T15:54:11.272+0100: 1,799: Total time for which application threads were stopped: 0,0001884 seconds, Stopping threads took: 0,0000157 seconds
2017-03-14T15:54:11.299+0100: 1,826: Total time for which application threads were stopped: 0,0001879 seconds, Stopping threads took: 0,0000143 seconds
2017-03-14T15:54:11.336+0100: 1,863: Total time for which application threads were stopped: 0,0003163 seconds, Stopping threads took: 0,0000226 seconds
2017-03-14T15:54:11.337+0100: 1,864: Total time for which application threads were stopped: 0,0001711 seconds, Stopping threads took: 0,0000227 seconds
2017-03-14T15:54:11.356+0100: 1,883: Total time for which application threads were stopped: 0,0007566 seconds, Stopping threads took: 0,0000607 seconds
2017-03-14T15:54:11.441+0100: 1,968: Total time for which application threads were stopped: 0,0002110 seconds, Stopping threads took: 0,0000210 seconds
2017-03-14T15:54:11.632+0100: 2,160: Total time for which application threads were stopped: 0,0003144 seconds, Stopping threads took: 0,0000851 seconds
{Heap before GC invocations=0 (full 0):
 par new generation   total 109248K, used 87424K [0x00000000e0000000, 0x00000000e8000000, 0x00000000e8000000)
  eden space 87424K, 100% used [0x00000000e0000000, 0x00000000e5560000, 0x00000000e5560000)
  from space 21824K,   0% used [0x00000000e5560000, 0x00000000e5560000, 0x00000000e6ab0000)
  to   space 21824K,   0% used [0x00000000e6ab0000, 0x00000000e6ab0000, 0x00000000e8000000)
 concurrent mark-sweep generation total 393216K, used 0K [0x00000000e8000000, 0x0000000100000000, 0x0000000100000000)
 Metaspace       used 18057K, capacity 18336K, committed 18688K, reserved 1064960K
  class space    used 2041K, capacity 2196K, committed 2304K, reserved 1048576K
2017-03-14T15:54:11.728+0100: 2,256: [GC (Allocation Failure) 2017-03-14T15:54:11.728+0100: 2,256: [ParNew
Desired survivor size 20112992 bytes, new threshold 8 (max 8)
- age   1:   12615584 bytes,   12615584 total
: 87424K->12435K(109248K), 0,0166520 secs] 87424K->12435K(502464K), 0,0167341 secs] [Times: user=0,05 sys=0,02, real=0,02 secs] 
Heap after GC invocations=1 (full 0):
 par new generation   total 109248K, used 12435K [0x00000000e0000000, 0x00000000e8000000, 0x00000000e8000000)
  eden space 87424K,   0% used [0x00000000e0000000, 0x00000000e0000000, 0x00000000e5560000)
  from space 21824K,  56% used [0x00000000e6ab0000, 0x00000000e76d4d78, 0x00000000e8000000)
  to   space 21824K,   0% used [0x00000000e5560000, 0x00000000e5560000, 0x00000000e6ab0000)
 concurrent mark-sweep generation total 393216K, used 0K [0x00000000e8000000, 0x0000000100000000, 0x0000000100000000)
 Metaspace       used 18057K, capacity 18336K, committed 18688K, reserved 1064960K
  class space    used 2041K, capacity 2196K, committed 2304K, reserved 1048576K
}
2017-03-14T15:54:11.745+0100: 2,273: Total time for which application threads were stopped: 0,0169968 seconds, Stopping threads took: 0,0000376 seconds
2017-03-14T15:54:12.075+0100: 2,602: Total time for which application threads were stopped: 0,0002961 seconds, Stopping threads took: 0,0000211 seconds
2017-03-14T15:54:12.106+0100: 2,634: Total time for which application threads were stopped: 0,0013111 seconds, Stopping threads took: 0,0010156 seconds
{Heap before GC invocations=1 (full 0):
 par new generation   total 109248K, used 99859K [0x00000000e0000000, 0x00000000e8000000, 0x00000000e8000000)
  eden space 87424K, 100% used [0x00000000e0000000, 0x00000000e5560000, 0x00000000e5560000)
  from space 21824K,  56% used [0x00000000e6ab0000, 0x00000000e76d4d78, 0x00000000e8000000)
  to   space 21824K,   0% used [0x00000000e5560000, 0x00000000e5560000, 0x00000000e6ab0000)
 concurrent mark-sweep generation total 393216K, used 0K [0x00000000e8000000, 0x0000000100000000, 0x0000000100000000)
 Metaspace       used 20080K, capacity 20430K, committed 20736K, reserved 1067008K
  class space    used 2298K, capacity 2471K, committed 2560K, reserved 1048576K
2017-03-14T15:54:12.110+0100: 2,638: [GC (Allocation Failure) 2017-03-14T15:54:12.110+0100: 2,638: [ParNew
Desired survivor size 20112992 bytes, new threshold 8 (max 8)
- age   1:    3682232 bytes,    3682232 total
- age   2:    6668024 bytes,   10350256 total
: 99859K->15705K(109248K), 0,0098853 secs] 99859K->15705K(502464K), 0,0099557 secs] [Times: user=0,04 sys=0,00, real=0,01 secs] 
Heap after GC invocations=2 (full 0):
 par new generation   total 109248K, used 15705K [0x00000000e0000000, 0x00000000e8000000, 0x00000000e8000000)
  eden space 87424K,   0% used [0x00000000e0000000, 0x00000000e0000000, 0x00000000e5560000)
  from space 21824K,  71% used [0x00000000e5560000, 0x00000000e64b6480, 0x00000000e6ab0000)
  to   space 21824K,   0% used [0x00000000e6ab0000, 0x00000000e6ab0000, 0x00000000e8000000)
 concurrent mark-sweep generation total 393216K, used 0K [0x00000000e8000000, 0x0000000100000000, 0x0000000100000000)
 Metaspace       used 20080K, capacity 20430K, committed 20736K, reserved 1067008K
  class space    used 2298K, capacity 2471K, committed 2560K, reserved 1048576K
}
2017-03-14T15:54:12.120+0100: 2,648: Total time for which application threads were stopped: 0,0101564 seconds, Stopping threads took: 0,0000650 seconds
2017-03-14T15:54:12.158+0100: 2,685: Total time for which application threads were stopped: 0,0021168 seconds, Stopping threads took: 0,0017600 seconds
2017-03-14T15:54:12.286+0100: 2,813: Total time for which application threads were stopped: 0,0027033 seconds, Stopping threads took: 0,0025671 seconds
{Heap before GC invocations=2 (full 0):
 par new generation   total 109248K, used 103108K [0x00000000e0000000, 0x00000000e8000000, 0x00000000e8000000)
  eden space 87424K,  99% used [0x00000000e0000000, 0x00000000e555ae20, 0x00000000e5560000)
  from space 21824K,  71% used [0x00000000e5560000, 0x00000000e64b6480, 0x00000000e6ab0000)
  to   space 21824K,   0% used [0x00000000e6ab0000, 0x00000000e6ab0000, 0x00000000e8000000)
 concurrent mark-sweep generation total 393216K, used 0K [0x00000000e8000000, 0x0000000100000000, 0x0000000100000000)
 Metaspace       used 20967K, capacity 21288K, committed 21628K, reserved 1069056K
  class space    used 2419K, capacity 2590K, committed 2684K, reserved 1048576K
2017-03-14T15:54:12.326+0100: 2,853: [GC (Allocation Failure) 2017-03-14T15:54:12.326+0100: 2,853: [ParNew
Desired survivor size 20112992 bytes, new threshold 8 (max 8)
- age   1:    2251088 bytes,    2251088 total
- age   2:     843960 bytes,    3095048 total
- age   3:    6664400 bytes,    9759448 total
: 103108K->11225K(109248K), 0,0189019 secs] 103108K->11225K(502464K), 0,0189780 secs] [Times: user=0,07 sys=0,00, real=0,02 secs] 
Heap after GC invocations=3 (full 0):
 par new generation   total 109248K, used 11225K [0x00000000e0000000, 0x00000000e8000000, 0x00000000e8000000)
  eden space 87424K,   0% used [0x00000000e0000000, 0x00000000e0000000, 0x00000000e5560000)
  from space 21824K,  51% used [0x00000000e6ab0000, 0x00000000e75a6450, 0x00000000e8000000)
  to   space 21824K,   0% used [0x00000000e5560000, 0x00000000e5560000, 0x00000000e6ab0000)
 concurrent mark-sweep generation total 393216K, used 0K [0x00000000e8000000, 0x0000000100000000, 0x0000000100000000)
 Metaspace       used 20967K, capacity 21288K, committed 21628K, reserved 1069056K
  class space    used 2419K, capacity 2590K, committed 2684K, reserved 1048576K
}
2017-03-14T15:54:12.345+0100: 2,872: Total time for which application threads were stopped: 0,0216275 seconds, Stopping threads took: 0,0025178 seconds
2017-03-14T15:54:12.351+0100: 2,878: [GC (CMS Initial Mark) [1 CMS-initial-mark: 0K(393216K)] 16804K(502464K), 0,0046482 secs] [Times: user=0,01 sys=0,00, real=0,00 secs] 
2017-03-14T15:54:12.355+0100: 2,883: Total time for which application threads were stopped: 0,0051710 seconds, Stopping threads took: 0,0004097 seconds
2017-03-14T15:54:12.358+0100: 2,886: [CMS-concurrent-mark-start]
2017-03-14T15:54:12.359+0100: 2,886: [CMS-concurrent-mark: 0,001/0,001 secs] [Times: user=0,01 sys=0,00, real=0,00 secs] 
2017-03-14T15:54:12.359+0100: 2,886: [CMS-concurrent-preclean-start]
2017-03-14T15:54:12.360+0100: 2,888: [CMS-concurrent-preclean: 0,001/0,001 secs] [Times: user=0,00 sys=0,00, real=0,00 secs] 
2017-03-14T15:54:12.360+0100: 2,888: [CMS-concurrent-abortable-preclean-start]
2017-03-14T15:54:12.434+0100: 2,961: Total time for which application threads were stopped: 0,0040708 seconds, Stopping threads took: 0,0039888 seconds
{Heap before GC invocations=3 (full 1):
 par new generation   total 109248K, used 98649K [0x00000000e0000000, 0x00000000e8000000, 0x00000000e8000000)
  eden space 87424K, 100% used [0x00000000e0000000, 0x00000000e5560000, 0x00000000e5560000)
  from space 21824K,  51% used [0x00000000e6ab0000, 0x00000000e75a6450, 0x00000000e8000000)
  to   space 21824K,   0% used [0x00000000e5560000, 0x00000000e5560000, 0x00000000e6ab0000)
 concurrent mark-sweep generation total 393216K, used 0K [0x00000000e8000000, 0x0000000100000000, 0x0000000100000000)
 Metaspace       used 21244K, capacity 21562K, committed 21884K, reserved 1069056K
  class space    used 2451K, capacity 2606K, committed 2684K, reserved 1048576K
2017-03-14T15:54:12.451+0100: 2,978: [GC (Allocation Failure) 2017-03-14T15:54:12.451+0100: 2,978: [ParNew
Desired survivor size 20112992 bytes, new threshold 8 (max 8)
- age   1:    1080560 bytes,    1080560 total
- age   2:    1455312 bytes,    2535872 total
- age   3:     810584 bytes,    3346456 total
- age   4:    6664480 bytes,   10010936 total
: 98649K->14472K(109248K), 0,0109879 secs] 98649K->14472K(502464K), 0,0110589 secs] [Times: user=0,04 sys=0,00, real=0,01 secs] 
Heap after GC invocations=4 (full 1):
 par new generation   total 109248K, used 14472K [0x00000000e0000000, 0x00000000e8000000, 0x00000000e8000000)
  eden space 87424K,   0% used [0x00000000e0000000, 0x00000000e0000000, 0x00000000e5560000)
  from space 21824K,  66% used [0x00000000e5560000, 0x00000000e6382388, 0x00000000e6ab0000)
  to   space 21824K,   0% used [0x00000000e6ab0000, 0x00000000e6ab0000, 0x00000000e8000000)
 concurrent mark-sweep generation total 393216K, used 0K [0x00000000e8000000, 0x0000000100000000, 0x0000000100000000)
 Metaspace       used 21244K, capacity 21562K, committed 21884K, reserved 1069056K
  class space    used 2451K, capacity 2606K, committed 2684K, reserved 1048576K
}
2017-03-14T15:54:12.462+0100: 2,989: Total time for which application threads were stopped: 0,0112352 seconds, Stopping threads took: 0,0000270 seconds
{Heap before GC invocations=4 (full 1):
 par new generation   total 109248K, used 101896K [0x00000000e0000000, 0x00000000e8000000, 0x00000000e8000000)
  eden space 87424K, 100% used [0x00000000e0000000, 0x00000000e5560000, 0x00000000e5560000)
  from space 21824K,  66% used [0x00000000e5560000, 0x00000000e6382388, 0x00000000e6ab0000)
  to   space 21824K,   0% used [0x00000000e6ab0000, 0x00000000e6ab0000, 0x00000000e8000000)
 concurrent mark-sweep generation total 393216K, used 0K [0x00000000e8000000, 0x0000000100000000, 0x0000000100000000)
 Metaspace       used 21408K, capacity 21798K, committed 21884K, reserved 1069056K
  class space    used 2470K, capacity 2640K, committed 2684K, reserved 1048576K
2017-03-14T15:54:12.548+0100: 3,075: [GC (Allocation Failure) 2017-03-14T15:54:12.548+0100: 3,075: [ParNew
Desired survivor size 20112992 bytes, new threshold 8 (max 8)
- age   1:    1194552 bytes,    1194552 total
- age   2:     185728 bytes,    1380280 total
- age   3:    1455064 bytes,    2835344 total
- age   4:     810504 bytes,    3645848 total
- age   5:    6664248 bytes,   10310096 total
: 101896K->12900K(109248K), 0,0106432 secs] 101896K->12900K(502464K), 0,0107165 secs] [Times: user=0,03 sys=0,01, real=0,02 secs] 
Heap after GC invocations=5 (full 1):
 par new generation   total 109248K, used 12900K [0x00000000e0000000, 0x00000000e8000000, 0x00000000e8000000)
  eden space 87424K,   0% used [0x00000000e0000000, 0x00000000e0000000, 0x00000000e5560000)
  from space 21824K,  59% used [0x00000000e6ab0000, 0x00000000e77491c8, 0x00000000e8000000)
  to   space 21824K,   0% used [0x00000000e5560000, 0x00000000e5560000, 0x00000000e6ab0000)
 concurrent mark-sweep generation total 393216K, used 0K [0x00000000e8000000, 0x0000000100000000, 0x0000000100000000)
 Metaspace       used 21408K, capacity 21798K, committed 21884K, reserved 1069056K
  class space    used 2470K, capacity 2640K, committed 2684K, reserved 1048576K
}
2017-03-14T15:54:12.559+0100: 3,086: Total time for which application threads were stopped: 0,0109435 seconds, Stopping threads took: 0,0000655 seconds
2017-03-14T15:54:12.588+0100: 3,115: Total time for which application threads were stopped: 0,0001589 seconds, Stopping threads took: 0,0000589 seconds
2017-03-14T15:54:12.599+0100: 3,126: Total time for which application threads were stopped: 0,0002865 seconds, Stopping threads took: 0,0000182 seconds
2017-03-14T15:54:12.623+0100: 3,150: Total time for which application threads were stopped: 0,0000966 seconds, Stopping threads took: 0,0000199 seconds
2017-03-14T15:54:12.680+0100: 3,208: Total time for which application threads were stopped: 0,0003132 seconds, Stopping threads took: 0,0002067 seconds
2017-03-14T15:54:12.762+0100: 3,289: Total time for which application threads were stopped: 0,0001540 seconds, Stopping threads took: 0,0000283 seconds
2017-03-14T15:54:12.814+0100: 3,341: Total time for which application threads were stopped: 0,0004510 seconds, Stopping threads took: 0,0000713 seconds
2017-03-14T15:54:12.820+0100: 3,347: Total time for which application threads were stopped: 0,0001666 seconds, Stopping threads took: 0,0000539 seconds
2017-03-14T15:54:12.833+0100: 3,361: Total time for which application threads were stopped: 0,0003342 seconds, Stopping threads took: 0,0000211 seconds
2017-03-14T15:54:12.852+0100: 3,379: Total time for which application threads were stopped: 0,0001136 seconds, Stopping threads took: 0,0000341 seconds
2017-03-14T15:54:12.935+0100: 3,462: Total time for which application threads were stopped: 0,0002200 seconds, Stopping threads took: 0,0000643 seconds
2017-03-14T15:54:12.935+0100: 3,462: [CMS-concurrent-abortable-preclean: 0,366/0,574 secs] [Times: user=2,02 sys=0,05, real=0,57 secs] 
2017-03-14T15:54:12.935+0100: 3,462: [GC (CMS Final Remark) [YG occupancy: 60112 K (109248 K)]{Heap before GC invocations=5 (full 1):
 par new generation   total 109248K, used 60112K [0x00000000e0000000, 0x00000000e8000000, 0x00000000e8000000)
  eden space 87424K,  54% used [0x00000000e0000000, 0x00000000e2e1b090, 0x00000000e5560000)
  from space 21824K,  59% used [0x00000000e6ab0000, 0x00000000e77491c8, 0x00000000e8000000)
  to   space 21824K,   0% used [0x00000000e5560000, 0x00000000e5560000, 0x00000000e6ab0000)
 concurrent mark-sweep generation total 393216K, used 0K [0x00000000e8000000, 0x0000000100000000, 0x0000000100000000)
 Metaspace       used 23409K, capacity 23908K, committed 24208K, reserved 1071104K
  class space    used 2714K, capacity 2917K, committed 2964K, reserved 1048576K
2017-03-14T15:54:12.935+0100: 3,462: [GC (CMS Final Remark) 2017-03-14T15:54:12.935+0100: 3,462: [ParNew
Desired survivor size 20112992 bytes, new threshold 8 (max 8)
- age   1:    4271160 bytes,    4271160 total
- age   2:     108976 bytes,    4380136 total
- age   3:     184344 bytes,    4564480 total
- age   4:     285408 bytes,    4849888 total
- age   5:     796328 bytes,    5646216 total
- age   6:    6656056 bytes,   12302272 total
: 60112K->15723K(109248K), 0,0122535 secs] 60112K->15723K(502464K), 0,0123018 secs] [Times: user=0,04 sys=0,00, real=0,01 secs] 
Heap after GC invocations=6 (full 1):
 par new generation   total 109248K, used 15723K [0x00000000e0000000, 0x00000000e8000000, 0x00000000e8000000)
  eden space 87424K,   0% used [0x00000000e0000000, 0x00000000e0000000, 0x00000000e5560000)
  from space 21824K,  72% used [0x00000000e5560000, 0x00000000e64bac98, 0x00000000e6ab0000)
  to   space 21824K,   0% used [0x00000000e6ab0000, 0x00000000e6ab0000, 0x00000000e8000000)
 concurrent mark-sweep generation total 393216K, used 0K [0x00000000e8000000, 0x0000000100000000, 0x0000000100000000)
 Metaspace       used 23409K, capacity 23908K, committed 24208K, reserved 1071104K
  class space    used 2714K, capacity 2917K, committed 2964K, reserved 1048576K
}
2017-03-14T15:54:12.947+0100: 3,474: [Rescan (parallel) , 0,0039207 secs]2017-03-14T15:54:12.951+0100: 3,478: [weak refs processing, 0,0005436 secs]2017-03-14T15:54:12.952+0100: 3,479: [class unloading, 0,0033440 secs]2017-03-14T15:54:12.955+0100: 3,482: [scrub symbol table, 0,0032849 secs]2017-03-14T15:54:12.958+0100: 3,486: [scrub string table, 0,0003747 secs][1 CMS-remark: 0K(393216K)] 15723K(502464K), 0,0245445 secs] [Times: user=0,07 sys=0,00, real=0,03 secs] 
2017-03-14T15:54:12.959+0100: 3,487: Total time for which application threads were stopped: 0,0246624 seconds, Stopping threads took: 0,0000366 seconds
2017-03-14T15:54:12.959+0100: 3,487: [CMS-concurrent-sweep-start]
2017-03-14T15:54:12.959+0100: 3,487: [CMS-concurrent-sweep: 0,000/0,000 secs] [Times: user=0,00 sys=0,00, real=0,00 secs] 
2017-03-14T15:54:12.959+0100: 3,487: [CMS-concurrent-reset-start]
2017-03-14T15:54:12.961+0100: 3,489: [CMS-concurrent-reset: 0,002/0,002 secs] [Times: user=0,00 sys=0,00, real=0,00 secs] 
{Heap before GC invocations=6 (full 1):
 par new generation   total 109248K, used 103147K [0x00000000e0000000, 0x00000000e8000000, 0x00000000e8000000)
  eden space 87424K, 100% used [0x00000000e0000000, 0x00000000e5560000, 0x00000000e5560000)
  from space 21824K,  72% used [0x00000000e5560000, 0x00000000e64bac98, 0x00000000e6ab0000)
  to   space 21824K,   0% used [0x00000000e6ab0000, 0x00000000e6ab0000, 0x00000000e8000000)
 concurrent mark-sweep generation total 393216K, used 0K [0x00000000e8000000, 0x0000000100000000, 0x0000000100000000)
 Metaspace       used 24355K, capacity 24868K, committed 25104K, reserved 1071104K
  class space    used 2859K, capacity 3045K, committed 3092K, reserved 1048576K
2017-03-14T15:54:13.181+0100: 3,709: [GC (Allocation Failure) 2017-03-14T15:54:13.181+0100: 3,709: [ParNew
Desired survivor size 20112992 bytes, new threshold 8 (max 8)
- age   1:    2730696 bytes,    2730696 total
- age   2:    1456976 bytes,    4187672 total
- age   3:      55504 bytes,    4243176 total
- age   4:      97464 bytes,    4340640 total
- age   5:     189168 bytes,    4529808 total
- age   6:     740784 bytes,    5270592 total
- age   7:    6122920 bytes,   11393512 total
: 103147K->15190K(109248K), 0,0151916 secs] 103147K->15190K(502464K), 0,0152656 secs] [Times: user=0,05 sys=0,00, real=0,01 secs] 
Heap after GC invocations=7 (full 1):
 par new generation   total 109248K, used 15190K [0x00000000e0000000, 0x00000000e8000000, 0x00000000e8000000)
  eden space 87424K,   0% used [0x00000000e0000000, 0x00000000e0000000, 0x00000000e5560000)
  from space 21824K,  69% used [0x00000000e6ab0000, 0x00000000e7985988, 0x00000000e8000000)
  to   space 21824K,   0% used [0x00000000e5560000, 0x00000000e5560000, 0x00000000e6ab0000)
 concurrent mark-sweep generation total 393216K, used 0K [0x00000000e8000000, 0x0000000100000000, 0x0000000100000000)
 Metaspace       used 24355K, capacity 24868K, committed 25104K, reserved 1071104K
  class space    used 2859K, capacity 3045K, committed 3092K, reserved 1048576K
}
2017-03-14T15:54:13.197+0100: 3,724: Total time for which application threads were stopped: 0,0155136 seconds, Stopping threads took: 0,0000828 seconds
{Heap before GC invocations=7 (full 1):
 par new generation   total 109248K, used 102614K [0x00000000e0000000, 0x00000000e8000000, 0x00000000e8000000)
  eden space 87424K, 100% used [0x00000000e0000000, 0x00000000e5560000, 0x00000000e5560000)
  from space 21824K,  69% used [0x00000000e6ab0000, 0x00000000e7985988, 0x00000000e8000000)
  to   space 21824K,   0% used [0x00000000e5560000, 0x00000000e5560000, 0x00000000e6ab0000)
 concurrent mark-sweep generation total 393216K, used 0K [0x00000000e8000000, 0x0000000100000000, 0x0000000100000000)
 Metaspace       used 24652K, capacity 25124K, committed 25360K, reserved 1071104K
  class space    used 2889K, capacity 3083K, committed 3092K, reserved 1048576K
2017-03-14T15:54:13.286+0100: 3,813: [GC (Allocation Failure) 2017-03-14T15:54:13.286+0100: 3,814: [ParNew
Desired survivor size 20112992 bytes, new threshold 8 (max 8)
- age   1:     820648 bytes,     820648 total
- age   2:    1241088 bytes,    2061736 total
- age   3:    1445408 bytes,    3507144 total
- age   4:      55504 bytes,    3562648 total
- age   5:      97160 bytes,    3659808 total
- age   6:     186400 bytes,    3846208 total
- age   7:     739984 bytes,    4586192 total
- age   8:    6123072 bytes,   10709264 total
: 102614K->13185K(109248K), 0,0113558 secs] 102614K->13185K(502464K), 0,0114251 secs] [Times: user=0,04 sys=0,00, real=0,01 secs] 
Heap after GC invocations=8 (full 1):
 par new generation   total 109248K, used 13185K [0x00000000e0000000, 0x00000000e8000000, 0x00000000e8000000)
  eden space 87424K,   0% used [0x00000000e0000000, 0x00000000e0000000, 0x00000000e5560000)
  from space 21824K,  60% used [0x00000000e5560000, 0x00000000e6240640, 0x00000000e6ab0000)
  to   space 21824K,   0% used [0x00000000e6ab0000, 0x00000000e6ab0000, 0x00000000e8000000)
 concurrent mark-sweep generation total 393216K, used 0K [0x00000000e8000000, 0x0000000100000000, 0x0000000100000000)
 Metaspace       used 24652K, capacity 25124K, committed 25360K, reserved 1071104K
  class space    used 2889K, capacity 3083K, committed 3092K, reserved 1048576K
}
2017-03-14T15:54:13.298+0100: 3,825: Total time for which application threads were stopped: 0,0118682 seconds, Stopping threads took: 0,0002739 seconds
{Heap before GC invocations=8 (full 1):
 par new generation   total 109248K, used 100609K [0x00000000e0000000, 0x00000000e8000000, 0x00000000e8000000)
  eden space 87424K, 100% used [0x00000000e0000000, 0x00000000e5560000, 0x00000000e5560000)
  from space 21824K,  60% used [0x00000000e5560000, 0x00000000e6240640, 0x00000000e6ab0000)
  to   space 21824K,   0% used [0x00000000e6ab0000, 0x00000000e6ab0000, 0x00000000e8000000)
 concurrent mark-sweep generation total 393216K, used 0K [0x00000000e8000000, 0x0000000100000000, 0x0000000100000000)
 Metaspace       used 25401K, capacity 25886K, committed 26232K, reserved 1073152K
  class space    used 2939K, capacity 3126K, committed 3220K, reserved 1048576K
2017-03-14T15:54:13.507+0100: 4,035: [GC (Allocation Failure) 2017-03-14T15:54:13.508+0100: 4,035: [ParNew
Desired survivor size 20112992 bytes, new threshold 8 (max 8)
- age   1:    1922472 bytes,    1922472 total
- age   2:     212000 bytes,    2134472 total
- age   3:     450664 bytes,    2585136 total
- age   4:    1442104 bytes,    4027240 total
- age   5:      55504 bytes,    4082744 total
- age   6:      97064 bytes,    4179808 total
- age   7:     185904 bytes,    4365712 total
- age   8:     739248 bytes,    5104960 total
: 100609K->9308K(109248K), 0,0458856 secs] 100609K->15368K(502464K), 0,0459676 secs] [Times: user=0,10 sys=0,00, real=0,05 secs] 
Heap after GC invocations=9 (full 1):
 par new generation   total 109248K, used 9308K [0x00000000e0000000, 0x00000000e8000000, 0x00000000e8000000)
  eden space 87424K,   0% used [0x00000000e0000000, 0x00000000e0000000, 0x00000000e5560000)
  from space 21824K,  42% used [0x00000000e6ab0000, 0x00000000e73c7280, 0x00000000e8000000)
  to   space 21824K,   0% used [0x00000000e5560000, 0x00000000e5560000, 0x00000000e6ab0000)
 concurrent mark-sweep generation total 393216K, used 6059K [0x00000000e8000000, 0x0000000100000000, 0x0000000100000000)
 Metaspace       used 25401K, capacity 25886K, committed 26232K, reserved 1073152K
  class space    used 2939K, capacity 3126K, committed 3220K, reserved 1048576K
}
2017-03-14T15:54:13.554+0100: 4,081: Total time for which application threads were stopped: 0,0464920 seconds, Stopping threads took: 0,0000327 seconds
2017-03-14T15:54:13.570+0100: 4,097: Total time for which application threads were stopped: 0,0001822 seconds, Stopping threads took: 0,0000938 seconds
2017-03-14T15:54:13.570+0100: 4,098: Total time for which application threads were stopped: 0,0000721 seconds, Stopping threads took: 0,0000109 seconds
2017-03-14T15:54:13.571+0100: 4,098: Total time for which application threads were stopped: 0,0000831 seconds, Stopping threads took: 0,0000139 seconds
2017-03-14T15:54:13.571+0100: 4,098: Total time for which application threads were stopped: 0,0000738 seconds, Stopping threads took: 0,0000111 seconds
2017-03-14T15:54:13.571+0100: 4,099: Total time for which application threads were stopped: 0,0004508 seconds, Stopping threads took: 0,0003770 seconds
2017-03-14T15:54:13.572+0100: 4,099: Total time for which application threads were stopped: 0,0001024 seconds, Stopping threads took: 0,0000220 seconds
2017-03-14T15:54:13.592+0100: 4,119: Total time for which application threads were stopped: 0,0018467 seconds, Stopping threads took: 0,0016183 seconds
2017-03-14T15:54:13.606+0100: 4,134: Total time for which application threads were stopped: 0,0005223 seconds, Stopping threads took: 0,0003570 seconds
2017-03-14T15:54:13.611+0100: 4,138: Total time for which application threads were stopped: 0,0001417 seconds, Stopping threads took: 0,0000379 seconds
2017-03-14T15:54:13.611+0100: 4,139: Total time for which application threads were stopped: 0,0001104 seconds, Stopping threads took: 0,0000287 seconds
2017-03-14T15:54:13.612+0100: 4,139: Total time for which application threads were stopped: 0,0001125 seconds, Stopping threads took: 0,0000322 seconds
2017-03-14T15:54:13.612+0100: 4,139: Total time for which application threads were stopped: 0,0000930 seconds, Stopping threads took: 0,0000209 seconds
2017-03-14T15:54:13.613+0100: 4,140: Total time for which application threads were stopped: 0,0001528 seconds, Stopping threads took: 0,0000382 seconds
2017-03-14T15:54:13.616+0100: 4,143: Total time for which application threads were stopped: 0,0001406 seconds, Stopping threads took: 0,0000415 seconds
2017-03-14T15:54:13.619+0100: 4,146: Total time for which application threads were stopped: 0,0001274 seconds, Stopping threads took: 0,0000272 seconds
2017-03-14T15:54:13.622+0100: 4,149: Total time for which application threads were stopped: 0,0001474 seconds, Stopping threads took: 0,0000378 seconds
2017-03-14T15:54:13.623+0100: 4,150: Total time for which application threads were stopped: 0,0001353 seconds, Stopping threads took: 0,0000390 seconds
2017-03-14T15:54:13.624+0100: 4,151: Total time for which application threads were stopped: 0,0001008 seconds, Stopping threads took: 0,0000323 seconds
2017-03-14T15:54:13.624+0100: 4,152: Total time for which application threads were stopped: 0,0001408 seconds, Stopping threads took: 0,0000394 seconds
2017-03-14T15:54:13.627+0100: 4,154: Total time for which application threads were stopped: 0,0001308 seconds, Stopping threads took: 0,0000360 seconds
2017-03-14T15:54:13.627+0100: 4,155: Total time for which application threads were stopped: 0,0001104 seconds, Stopping threads took: 0,0000289 seconds
2017-03-14T15:54:13.628+0100: 4,155: Total time for which application threads were stopped: 0,0001363 seconds, Stopping threads took: 0,0000301 seconds
2017-03-14T15:54:13.674+0100: 4,202: Total time for which application threads were stopped: 0,0001862 seconds, Stopping threads took: 0,0000454 seconds
2017-03-14T15:54:13.675+0100: 4,202: Total time for which application threads were stopped: 0,0002093 seconds, Stopping threads took: 0,0000320 seconds
2017-03-14T15:54:13.681+0100: 4,208: Total time for which application threads were stopped: 0,0001384 seconds, Stopping threads took: 0,0000394 seconds
2017-03-14T15:54:13.682+0100: 4,209: Total time for which application threads were stopped: 0,0001136 seconds, Stopping threads took: 0,0000228 seconds
2017-03-14T15:54:13.683+0100: 4,210: Total time for which application threads were stopped: 0,0001351 seconds, Stopping threads took: 0,0000605 seconds
2017-03-14T15:54:13.683+0100: 4,211: Total time for which application threads were stopped: 0,0001691 seconds, Stopping threads took: 0,0001042 seconds
2017-03-14T15:54:13.687+0100: 4,214: Total time for which application threads were stopped: 0,0001657 seconds, Stopping threads took: 0,0000446 seconds
2017-03-14T15:54:13.690+0100: 4,218: Total time for which application threads were stopped: 0,0001391 seconds, Stopping threads took: 0,0000575 seconds
2017-03-14T15:54:13.691+0100: 4,219: Total time for which application threads were stopped: 0,0003044 seconds, Stopping threads took: 0,0002015 seconds
2017-03-14T15:54:13.693+0100: 4,220: Total time for which application threads were stopped: 0,0001366 seconds, Stopping threads took: 0,0000400 seconds
2017-03-14T15:54:13.696+0100: 4,223: Total time for which application threads were stopped: 0,0004676 seconds, Stopping threads took: 0,0000247 seconds
2017-03-14T15:54:13.698+0100: 4,225: Total time for which application threads were stopped: 0,0001265 seconds, Stopping threads took: 0,0000356 seconds
2017-03-14T15:54:13.708+0100: 4,236: Total time for which application threads were stopped: 0,0001925 seconds, Stopping threads took: 0,0000860 seconds
2017-03-14T15:54:13.713+0100: 4,240: Total time for which application threads were stopped: 0,0001392 seconds, Stopping threads took: 0,0000383 seconds
2017-03-14T15:54:13.714+0100: 4,241: Total time for which application threads were stopped: 0,0004538 seconds, Stopping threads took: 0,0000136 seconds
2017-03-14T15:54:13.718+0100: 4,246: Total time for which application threads were stopped: 0,0001424 seconds, Stopping threads took: 0,0000356 seconds
2017-03-14T15:54:13.719+0100: 4,247: Total time for which application threads were stopped: 0,0001269 seconds, Stopping threads took: 0,0000349 seconds
2017-03-14T15:54:13.730+0100: 4,257: Total time for which application threads were stopped: 0,0001345 seconds, Stopping threads took: 0,0000355 seconds
2017-03-14T15:54:13.772+0100: 4,299: Total time for which application threads were stopped: 0,0002076 seconds, Stopping threads took: 0,0001037 seconds
2017-03-14T15:54:13.776+0100: 4,304: Total time for which application threads were stopped: 0,0004498 seconds, Stopping threads took: 0,0000408 seconds
2017-03-14T15:54:13.778+0100: 4,305: Total time for which application threads were stopped: 0,0001258 seconds, Stopping threads took: 0,0000424 seconds
2017-03-14T15:54:13.782+0100: 4,309: Total time for which application threads were stopped: 0,0001529 seconds, Stopping threads took: 0,0000407 seconds
2017-03-14T15:54:13.782+0100: 4,309: Total time for which application threads were stopped: 0,0000625 seconds, Stopping threads took: 0,0000119 seconds
2017-03-14T15:54:13.789+0100: 4,317: Total time for which application threads were stopped: 0,0000851 seconds, Stopping threads took: 0,0000208 seconds
2017-03-14T15:54:13.797+0100: 4,324: Total time for which application threads were stopped: 0,0001515 seconds, Stopping threads took: 0,0000521 seconds
2017-03-14T15:54:13.798+0100: 4,325: Total time for which application threads were stopped: 0,0001271 seconds, Stopping threads took: 0,0000452 seconds
2017-03-14T15:54:13.799+0100: 4,326: Total time for which application threads were stopped: 0,0002745 seconds, Stopping threads took: 0,0000411 seconds
2017-03-14T15:54:13.808+0100: 4,335: Total time for which application threads were stopped: 0,0001096 seconds, Stopping threads took: 0,0000316 seconds
2017-03-14T15:54:13.814+0100: 4,342: Total time for which application threads were stopped: 0,0001055 seconds, Stopping threads took: 0,0000475 seconds
2017-03-14T15:54:13.815+0100: 4,342: Total time for which application threads were stopped: 0,0001090 seconds, Stopping threads took: 0,0000512 seconds
2017-03-14T15:54:13.821+0100: 4,348: Total time for which application threads were stopped: 0,0001288 seconds, Stopping threads took: 0,0000337 seconds
2017-03-14T15:54:13.825+0100: 4,352: Total time for which application threads were stopped: 0,0001054 seconds, Stopping threads took: 0,0000260 seconds
2017-03-14T15:54:13.831+0100: 4,359: Total time for which application threads were stopped: 0,0005713 seconds, Stopping threads took: 0,0004753 seconds
2017-03-14T15:54:13.841+0100: 4,368: Total time for which application threads were stopped: 0,0001275 seconds, Stopping threads took: 0,0000662 seconds
2017-03-14T15:54:13.850+0100: 4,377: Total time for which application threads were stopped: 0,0001346 seconds, Stopping threads took: 0,0000458 seconds
2017-03-14T15:54:13.885+0100: 4,413: Total time for which application threads were stopped: 0,0001228 seconds, Stopping threads took: 0,0000369 seconds
2017-03-14T15:54:13.886+0100: 4,413: Total time for which application threads were stopped: 0,0001118 seconds, Stopping threads took: 0,0000363 seconds
2017-03-14T15:54:13.891+0100: 4,418: Total time for which application threads were stopped: 0,0001382 seconds, Stopping threads took: 0,0000347 seconds
2017-03-14T15:54:14.891+0100: 5,418: Total time for which application threads were stopped: 0,0000745 seconds, Stopping threads took: 0,0000200 seconds
2017-03-14T15:55:41.903+0100: 92,430: Total time for which application threads were stopped: 0,0000605 seconds, Stopping threads took: 0,0000165 seconds
2017-03-14T15:56:06.906+0100: 117,433: Total time for which application threads were stopped: 0,0001093 seconds, Stopping threads took: 0,0000393 seconds
2017-03-14T15:56:11.907+0100: 122,434: Total time for which application threads were stopped: 0,0003080 seconds, Stopping threads took: 0,0000887 seconds
2017-03-14T15:57:10.914+0100: 181,441: Total time for which application threads were stopped: 0,0001108 seconds, Stopping threads took: 0,0000387 seconds
2017-03-14T15:58:30.922+0100: 261,449: Total time for which application threads were stopped: 0,0001007 seconds, Stopping threads took: 0,0000316 seconds
2017-03-14T15:58:36.923+0100: 267,450: Total time for which application threads were stopped: 0,0000722 seconds, Stopping threads took: 0,0000161 seconds
2017-03-14T15:58:41.923+0100: 272,451: Total time for which application threads were stopped: 0,0005597 seconds, Stopping threads took: 0,0001434 seconds
2017-03-14T15:58:46.924+0100: 277,452: Total time for which application threads were stopped: 0,0002820 seconds, Stopping threads took: 0,0000661 seconds
2017-03-14T16:02:11.945+0100: 482,472: Total time for which application threads were stopped: 0,0001134 seconds, Stopping threads took: 0,0000403 seconds
2017-03-14T16:19:07.190+0100: 1417,288: Total time for which application threads were stopped: 0,0000776 seconds, Stopping threads took: 0,0000295 seconds
2017-03-14T16:23:52.735+0100: 1702,321: Total time for which application threads were stopped: 0,0001034 seconds, Stopping threads took: 0,0000385 seconds
2017-03-14T16:34:12.803+0100: 2322,389: Total time for which application threads were stopped: 0,0003558 seconds, Stopping threads took: 0,0001787 seconds
2017-03-14T16:34:17.804+0100: 2327,389: Total time for which application threads were stopped: 0,0000899 seconds, Stopping threads took: 0,0000365 seconds
2017-03-14T16:51:57.923+0100: 3387,509: Total time for which application threads were stopped: 0,0000791 seconds, Stopping threads took: 0,0000314 seconds
2017-03-14T16:59:42.983+0100: 3852,569: Total time for which application threads were stopped: 0,0000861 seconds, Stopping threads took: 0,0000322 seconds
2017-03-14T17:01:07.996+0100: 3937,581: Total time for which application threads were stopped: 0,0000777 seconds, Stopping threads took: 0,0000300 seconds
2017-03-14T17:13:23.076+0100: 4672,662: Total time for which application threads were stopped: 0,0000873 seconds, Stopping threads took: 0,0000343 seconds
2017-03-14T17:13:58.081+0100: 4707,667: Total time for which application threads were stopped: 0,0000892 seconds, Stopping threads took: 0,0000338 seconds
2017-03-14T17:46:33.307+0100: 6662,892: Total time for which application threads were stopped: 0,0000871 seconds, Stopping threads took: 0,0000325 seconds
2017-03-14T17:57:32.387+0100: 7321,972: Total time for which application threads were stopped: 0,0001818 seconds, Stopping threads took: 0,0000694 seconds
2017-03-14T18:03:32.444+0100: 7682,030: Total time for which application threads were stopped: 0,0001614 seconds, Stopping threads took: 0,0000574 seconds
2017-03-14T19:08:03.034+0100: 11552,619: Total time for which application threads were stopped: 0,0000799 seconds, Stopping threads took: 0,0000321 seconds
2017-03-14T20:00:08.393+0100: 14677,979: Total time for which application threads were stopped: 0,0000699 seconds, Stopping threads took: 0,0000161 seconds
2017-03-14T20:11:32.464+0100: 15362,049: Total time for which application threads were stopped: 0,0001430 seconds, Stopping threads took: 0,0000535 seconds
2017-03-14T20:40:32.644+0100: 17102,229: Total time for which application threads were stopped: 0,0000874 seconds, Stopping threads took: 0,0000359 seconds
2017-03-14T20:44:07.841+0100: 17317,426: Total time for which application threads were stopped: 0,0088504 seconds, Stopping threads took: 0,0087425 seconds
2017-03-14T20:44:07.842+0100: 17317,427: Total time for which application threads were stopped: 0,0000929 seconds, Stopping threads took: 0,0000253 seconds
2017-03-14T20:44:07.843+0100: 17317,428: Total time for which application threads were stopped: 0,0000920 seconds, Stopping threads took: 0,0000265 seconds
2017-03-14T20:44:07.845+0100: 17317,430: Total time for which application threads were stopped: 0,0001206 seconds, Stopping threads took: 0,0000308 seconds
2017-03-14T20:44:07.845+0100: 17317,431: Total time for which application threads were stopped: 0,0000838 seconds, Stopping threads took: 0,0000245 seconds
2017-03-14T20:44:07.845+0100: 17317,431: Total time for which application threads were stopped: 0,0000577 seconds, Stopping threads took: 0,0000156 seconds
2017-03-14T20:44:07.846+0100: 17317,431: Total time for which application threads were stopped: 0,0000604 seconds, Stopping threads took: 0,0000148 seconds
2017-03-14T20:44:07.846+0100: 17317,431: Total time for which application threads were stopped: 0,0000466 seconds, Stopping threads took: 0,0000140 seconds
2017-03-14T20:44:07.846+0100: 17317,431: Total time for which application threads were stopped: 0,0000475 seconds, Stopping threads took: 0,0000151 seconds
2017-03-14T20:44:07.846+0100: 17317,431: Total time for which application threads were stopped: 0,0000442 seconds, Stopping threads took: 0,0000121 seconds
2017-03-14T20:44:07.846+0100: 17317,431: Total time for which application threads were stopped: 0,0000442 seconds, Stopping threads took: 0,0000139 seconds
2017-03-14T20:44:07.846+0100: 17317,431: Total time for which application threads were stopped: 0,0000470 seconds, Stopping threads took: 0,0000124 seconds
2017-03-14T20:44:07.846+0100: 17317,431: Total time for which application threads were stopped: 0,0000415 seconds, Stopping threads took: 0,0000110 seconds
2017-03-14T20:44:07.846+0100: 17317,432: Total time for which application threads were stopped: 0,0000540 seconds, Stopping threads took: 0,0000136 seconds
2017-03-14T20:44:07.846+0100: 17317,432: Total time for which application threads were stopped: 0,0000451 seconds, Stopping threads took: 0,0000115 seconds
2017-03-14T20:44:07.847+0100: 17317,432: Total time for which application threads were stopped: 0,0000465 seconds, Stopping threads took: 0,0000162 seconds
2017-03-14T20:44:07.847+0100: 17317,432: Total time for which application threads were stopped: 0,0000460 seconds, Stopping threads took: 0,0000130 seconds
2017-03-14T20:44:07.847+0100: 17317,432: Total time for which application threads were stopped: 0,0000443 seconds, Stopping threads took: 0,0000143 seconds
2017-03-14T20:44:07.847+0100: 17317,432: Total time for which application threads were stopped: 0,0000469 seconds, Stopping threads took: 0,0000161 seconds
2017-03-14T20:44:07.847+0100: 17317,432: Total time for which application threads were stopped: 0,0000338 seconds, Stopping threads took: 0,0000052 seconds
2017-03-14T20:44:07.847+0100: 17317,432: Total time for which application threads were stopped: 0,0000363 seconds, Stopping threads took: 0,0000054 seconds
2017-03-14T20:44:07.848+0100: 17317,433: Total time for which application threads were stopped: 0,0000696 seconds, Stopping threads took: 0,0000112 seconds
2017-03-14T20:44:07.848+0100: 17317,433: Total time for which application threads were stopped: 0,0000409 seconds, Stopping threads took: 0,0000053 seconds
2017-03-14T20:44:07.848+0100: 17317,433: Total time for which application threads were stopped: 0,0000343 seconds, Stopping threads took: 0,0000043 seconds
2017-03-14T20:44:07.848+0100: 17317,433: Total time for which application threads were stopped: 0,0000353 seconds, Stopping threads took: 0,0000047 seconds
2017-03-14T20:44:07.849+0100: 17317,434: Total time for which application threads were stopped: 0,0000729 seconds, Stopping threads took: 0,0000147 seconds
2017-03-14T20:44:07.850+0100: 17317,435: Total time for which application threads were stopped: 0,0000939 seconds, Stopping threads took: 0,0000131 seconds
2017-03-14T20:44:07.850+0100: 17317,435: Total time for which application threads were stopped: 0,0000602 seconds, Stopping threads took: 0,0000094 seconds
2017-03-14T20:44:07.866+0100: 17317,452: Total time for which application threads were stopped: 0,0001208 seconds, Stopping threads took: 0,0000282 seconds
2017-03-14T20:44:07.866+0100: 17317,452: Total time for which application threads were stopped: 0,0000563 seconds, Stopping threads took: 0,0000172 seconds
2017-03-14T20:44:07.866+0100: 17317,452: Total time for which application threads were stopped: 0,0000441 seconds, Stopping threads took: 0,0000131 seconds
2017-03-14T20:44:07.867+0100: 17317,452: Total time for which application threads were stopped: 0,0000432 seconds, Stopping threads took: 0,0000114 seconds
2017-03-14T20:44:07.867+0100: 17317,452: Total time for which application threads were stopped: 0,0000463 seconds, Stopping threads took: 0,0000123 seconds
2017-03-14T20:44:07.868+0100: 17317,453: Total time for which application threads were stopped: 0,0000799 seconds, Stopping threads took: 0,0000205 seconds
2017-03-14T20:44:07.868+0100: 17317,453: Total time for which application threads were stopped: 0,0000468 seconds, Stopping threads took: 0,0000113 seconds
2017-03-14T20:44:07.869+0100: 17317,454: Total time for which application threads were stopped: 0,0000976 seconds, Stopping threads took: 0,0000300 seconds
2017-03-14T20:44:07.869+0100: 17317,454: Total time for which application threads were stopped: 0,0000428 seconds, Stopping threads took: 0,0000132 seconds
2017-03-14T20:44:07.869+0100: 17317,454: Total time for which application threads were stopped: 0,0000392 seconds, Stopping threads took: 0,0000119 seconds
2017-03-14T20:44:07.869+0100: 17317,454: Total time for which application threads were stopped: 0,0000373 seconds, Stopping threads took: 0,0000102 seconds
2017-03-14T20:44:07.869+0100: 17317,455: Total time for which application threads were stopped: 0,0000370 seconds, Stopping threads took: 0,0000102 seconds
2017-03-14T20:44:07.869+0100: 17317,455: Total time for which application threads were stopped: 0,0000396 seconds, Stopping threads took: 0,0000101 seconds
2017-03-14T20:44:07.869+0100: 17317,455: Total time for which application threads were stopped: 0,0000375 seconds, Stopping threads took: 0,0000103 seconds
2017-03-14T20:44:07.869+0100: 17317,455: Total time for which application threads were stopped: 0,0000396 seconds, Stopping threads took: 0,0000107 seconds
2017-03-14T20:44:07.871+0100: 17317,456: Total time for which application threads were stopped: 0,0000796 seconds, Stopping threads took: 0,0000238 seconds
2017-03-14T20:44:07.871+0100: 17317,456: Total time for which application threads were stopped: 0,0000472 seconds, Stopping threads took: 0,0000133 seconds
2017-03-14T20:44:07.871+0100: 17317,457: Total time for which application threads were stopped: 0,0000633 seconds, Stopping threads took: 0,0000191 seconds
2017-03-14T20:44:07.871+0100: 17317,457: Total time for which application threads were stopped: 0,0000403 seconds, Stopping threads took: 0,0000116 seconds
2017-03-14T20:44:07.871+0100: 17317,457: Total time for which application threads were stopped: 0,0000605 seconds, Stopping threads took: 0,0000249 seconds
2017-03-14T20:44:07.871+0100: 17317,457: Total time for which application threads were stopped: 0,0000445 seconds, Stopping threads took: 0,0000140 seconds
2017-03-14T20:44:07.872+0100: 17317,457: Total time for which application threads were stopped: 0,0000761 seconds, Stopping threads took: 0,0000417 seconds
2017-03-14T20:44:07.872+0100: 17317,457: Total time for which application threads were stopped: 0,0000375 seconds, Stopping threads took: 0,0000112 seconds
2017-03-14T20:44:07.872+0100: 17317,457: Total time for which application threads were stopped: 0,0000376 seconds, Stopping threads took: 0,0000103 seconds
2017-03-14T20:44:07.879+0100: 17317,464: Total time for which application threads were stopped: 0,0023966 seconds, Stopping threads took: 0,0023077 seconds
2017-03-14T20:44:07.880+0100: 17317,466: Total time for which application threads were stopped: 0,0014411 seconds, Stopping threads took: 0,0013559 seconds
2017-03-14T20:44:07.883+0100: 17317,469: Total time for which application threads were stopped: 0,0000901 seconds, Stopping threads took: 0,0000190 seconds
2017-03-14T20:44:07.884+0100: 17317,470: Total time for which application threads were stopped: 0,0000861 seconds, Stopping threads took: 0,0000219 seconds
2017-03-14T20:44:07.884+0100: 17317,470: Total time for which application threads were stopped: 0,0000454 seconds, Stopping threads took: 0,0000123 seconds
2017-03-14T20:44:07.885+0100: 17317,470: Total time for which application threads were stopped: 0,0000462 seconds, Stopping threads took: 0,0000132 seconds
2017-03-14T20:44:07.885+0100: 17317,470: Total time for which application threads were stopped: 0,0000682 seconds, Stopping threads took: 0,0000209 seconds
2017-03-14T20:44:07.885+0100: 17317,470: Total time for which application threads were stopped: 0,0000394 seconds, Stopping threads took: 0,0000057 seconds
2017-03-14T20:44:07.885+0100: 17317,470: Total time for which application threads were stopped: 0,0000441 seconds, Stopping threads took: 0,0000142 seconds
2017-03-14T20:44:07.885+0100: 17317,471: Total time for which application threads were stopped: 0,0000404 seconds, Stopping threads took: 0,0000115 seconds
2017-03-14T20:44:07.886+0100: 17317,471: Total time for which application threads were stopped: 0,0001603 seconds, Stopping threads took: 0,0000165 seconds
2017-03-14T20:44:07.887+0100: 17317,472: Total time for which application threads were stopped: 0,0001071 seconds, Stopping threads took: 0,0000261 seconds
2017-03-14T20:44:07.891+0100: 17317,476: Total time for which application threads were stopped: 0,0000808 seconds, Stopping threads took: 0,0000133 seconds
2017-03-14T20:44:07.893+0100: 17317,478: Total time for which application threads were stopped: 0,0001636 seconds, Stopping threads took: 0,0000517 seconds
Heap
 par new generation   total 109248K, used 63266K [0x00000000e0000000, 0x00000000e8000000, 0x00000000e8000000)
  eden space 87424K,  61% used [0x00000000e0000000, 0x00000000e34b16e8, 0x00000000e5560000)
  from space 21824K,  42% used [0x00000000e6ab0000, 0x00000000e73c7280, 0x00000000e8000000)
  to   space 21824K,   0% used [0x00000000e5560000, 0x00000000e5560000, 0x00000000e6ab0000)
 concurrent mark-sweep generation total 393216K, used 6059K [0x00000000e8000000, 0x0000000100000000, 0x0000000100000000)
 Metaspace       used 28182K, capacity 28730K, committed 29048K, reserved 1075200K
  class space    used 3229K, capacity 3426K, committed 3476K, reserved 1048576K
