OpenJDK 64-Bit Server VM (25.111-b14) for linux-amd64 JRE (1.8.0_111-8u111-b14-2ubuntu0.16.04.2-b14), built on Oct 27 2016 18:10:19 by "buildd" with gcc 5.4.0 20160609
Memory: 4k page, physical 7867804k(7521164k free), swap 8076284k(8076284k free)
CommandLine flags: -XX:CMSInitiatingOccupancyFraction=50 -XX:CMSMaxAbortablePrecleanTime=6000 -XX:+CMSParallelRemarkEnabled -XX:+CMSScavengeBeforeRemark -XX:ConcGCThreads=4 -XX:InitialHeapSize=536870912 -XX:MaxHeapSize=536870912 -XX:MaxTenuringThreshold=8 -XX:NewRatio=3 -XX:OldPLABSize=16 -XX:OnOutOfMemoryError=/opt/solr/bin/oom_solr.sh 8983 /var/solr/logs -XX:ParallelGCThreads=4 -XX:+ParallelRefProcEnabled -XX:PretenureSizeThreshold=67108864 -XX:+PrintGC -XX:+PrintGCApplicationStoppedTime -XX:+PrintGCDateStamps -XX:+PrintGCDetails -XX:+PrintGCTimeStamps -XX:+PrintHeapAtGC -XX:+PrintTenuringDistribution -XX:SurvivorRatio=4 -XX:TargetSurvivorRatio=90 -XX:ThreadStackSize=256 -XX:+UseCMSInitiatingOccupancyOnly -XX:+UseCompressedClassPointers -XX:+UseCompressedOops -XX:+UseConcMarkSweepGC -XX:+UseParNewGC 
2016-12-28T16:01:32.404+0100: 0,117: Total time for which application threads were stopped: 0,0000995 seconds, Stopping threads took: 0,0000229 seconds
2016-12-28T16:01:32.483+0100: 0,196: Total time for which application threads were stopped: 0,0030933 seconds, Stopping threads took: 0,0029907 seconds
2016-12-28T16:01:32.495+0100: 0,208: Total time for which application threads were stopped: 0,0000839 seconds, Stopping threads took: 0,0000095 seconds
2016-12-28T16:01:32.716+0100: 0,429: Total time for which application threads were stopped: 0,0001147 seconds, Stopping threads took: 0,0000176 seconds
2016-12-28T16:01:33.174+0100: 0,887: Total time for which application threads were stopped: 0,0016355 seconds, Stopping threads took: 0,0014967 seconds
2016-12-28T16:01:33.316+0100: 1,029: Total time for which application threads were stopped: 0,0001841 seconds, Stopping threads took: 0,0000220 seconds
2016-12-28T16:01:33.340+0100: 1,053: Total time for which application threads were stopped: 0,0001726 seconds, Stopping threads took: 0,0000335 seconds
2016-12-28T16:01:33.674+0100: 1,387: Total time for which application threads were stopped: 0,0001892 seconds, Stopping threads took: 0,0000157 seconds
2016-12-28T16:01:33.881+0100: 1,594: Total time for which application threads were stopped: 0,0002531 seconds, Stopping threads took: 0,0000230 seconds
2016-12-28T16:01:33.911+0100: 1,624: Total time for which application threads were stopped: 0,0001942 seconds, Stopping threads took: 0,0000159 seconds
2016-12-28T16:01:33.912+0100: 1,625: Total time for which application threads were stopped: 0,0000898 seconds, Stopping threads took: 0,0000070 seconds
2016-12-28T16:01:33.924+0100: 1,637: Total time for which application threads were stopped: 0,0008656 seconds, Stopping threads took: 0,0001932 seconds
2016-12-28T16:01:34.013+0100: 1,726: Total time for which application threads were stopped: 0,0002403 seconds, Stopping threads took: 0,0000232 seconds
2016-12-28T16:01:34.154+0100: 1,867: Total time for which application threads were stopped: 0,0005269 seconds, Stopping threads took: 0,0003263 seconds
{Heap before GC invocations=0 (full 0):
 par new generation   total 109248K, used 87424K [0x00000000e0000000, 0x00000000e8000000, 0x00000000e8000000)
  eden space 87424K, 100% used [0x00000000e0000000, 0x00000000e5560000, 0x00000000e5560000)
  from space 21824K,   0% used [0x00000000e5560000, 0x00000000e5560000, 0x00000000e6ab0000)
  to   space 21824K,   0% used [0x00000000e6ab0000, 0x00000000e6ab0000, 0x00000000e8000000)
 concurrent mark-sweep generation total 393216K, used 0K [0x00000000e8000000, 0x0000000100000000, 0x0000000100000000)
 Metaspace       used 18091K, capacity 18366K, committed 18560K, reserved 1064960K
  class space    used 2054K, capacity 2162K, committed 2176K, reserved 1048576K
2016-12-28T16:01:34.266+0100: 1,979: [GC (Allocation Failure) 2016-12-28T16:01:34.266+0100: 1,979: [ParNew
Desired survivor size 20112992 bytes, new threshold 8 (max 8)
- age   1:   12322800 bytes,   12322800 total
: 87424K->12150K(109248K), 0,0161943 secs] 87424K->12150K(502464K), 0,0162810 secs] [Times: user=0,05 sys=0,01, real=0,02 secs] 
Heap after GC invocations=1 (full 0):
 par new generation   total 109248K, used 12150K [0x00000000e0000000, 0x00000000e8000000, 0x00000000e8000000)
  eden space 87424K,   0% used [0x00000000e0000000, 0x00000000e0000000, 0x00000000e5560000)
  from space 21824K,  55% used [0x00000000e6ab0000, 0x00000000e768d868, 0x00000000e8000000)
  to   space 21824K,   0% used [0x00000000e5560000, 0x00000000e5560000, 0x00000000e6ab0000)
 concurrent mark-sweep generation total 393216K, used 0K [0x00000000e8000000, 0x0000000100000000, 0x0000000100000000)
 Metaspace       used 18091K, capacity 18366K, committed 18560K, reserved 1064960K
  class space    used 2054K, capacity 2162K, committed 2176K, reserved 1048576K
}
2016-12-28T16:01:34.283+0100: 1,996: Total time for which application threads were stopped: 0,0164601 seconds, Stopping threads took: 0,0000181 seconds
2016-12-28T16:01:34.434+0100: 2,147: Total time for which application threads were stopped: 0,0002831 seconds, Stopping threads took: 0,0000273 seconds
2016-12-28T16:01:34.461+0100: 2,174: Total time for which application threads were stopped: 0,0002569 seconds, Stopping threads took: 0,0000249 seconds
2016-12-28T16:01:34.484+0100: 2,197: Total time for which application threads were stopped: 0,0002601 seconds, Stopping threads took: 0,0000236 seconds
{Heap before GC invocations=1 (full 0):
 par new generation   total 109248K, used 99574K [0x00000000e0000000, 0x00000000e8000000, 0x00000000e8000000)
  eden space 87424K, 100% used [0x00000000e0000000, 0x00000000e5560000, 0x00000000e5560000)
  from space 21824K,  55% used [0x00000000e6ab0000, 0x00000000e768d868, 0x00000000e8000000)
  to   space 21824K,   0% used [0x00000000e5560000, 0x00000000e5560000, 0x00000000e6ab0000)
 concurrent mark-sweep generation total 393216K, used 0K [0x00000000e8000000, 0x0000000100000000, 0x0000000100000000)
 Metaspace       used 20706K, capacity 21016K, committed 21248K, reserved 1069056K
  class space    used 2403K, capacity 2518K, committed 2560K, reserved 1048576K
2016-12-28T16:01:34.648+0100: 2,361: [GC (Allocation Failure) 2016-12-28T16:01:34.648+0100: 2,361: [ParNew
Desired survivor size 20112992 bytes, new threshold 8 (max 8)
- age   1:    3350048 bytes,    3350048 total
- age   2:    6101792 bytes,    9451840 total
: 99574K->15079K(109248K), 0,0172351 secs] 99574K->15079K(502464K), 0,0173090 secs] [Times: user=0,06 sys=0,00, real=0,02 secs] 
Heap after GC invocations=2 (full 0):
 par new generation   total 109248K, used 15079K [0x00000000e0000000, 0x00000000e8000000, 0x00000000e8000000)
  eden space 87424K,   0% used [0x00000000e0000000, 0x00000000e0000000, 0x00000000e5560000)
  from space 21824K,  69% used [0x00000000e5560000, 0x00000000e6419f00, 0x00000000e6ab0000)
  to   space 21824K,   0% used [0x00000000e6ab0000, 0x00000000e6ab0000, 0x00000000e8000000)
 concurrent mark-sweep generation total 393216K, used 0K [0x00000000e8000000, 0x0000000100000000, 0x0000000100000000)
 Metaspace       used 20706K, capacity 21016K, committed 21248K, reserved 1069056K
  class space    used 2403K, capacity 2518K, committed 2560K, reserved 1048576K
}
2016-12-28T16:01:34.665+0100: 2,378: Total time for which application threads were stopped: 0,0175673 seconds, Stopping threads took: 0,0000567 seconds
2016-12-28T16:01:34.733+0100: 2,446: Total time for which application threads were stopped: 0,0000789 seconds, Stopping threads took: 0,0000210 seconds
2016-12-28T16:01:34.764+0100: 2,477: Total time for which application threads were stopped: 0,0000843 seconds, Stopping threads took: 0,0000196 seconds
2016-12-28T16:01:34.764+0100: 2,477: Total time for which application threads were stopped: 0,0002609 seconds, Stopping threads took: 0,0000160 seconds
2016-12-28T16:01:34.791+0100: 2,504: Total time for which application threads were stopped: 0,0001043 seconds, Stopping threads took: 0,0000170 seconds
2016-12-28T16:01:34.870+0100: 2,583: Total time for which application threads were stopped: 0,0001449 seconds, Stopping threads took: 0,0000266 seconds
2016-12-28T16:01:34.889+0100: 2,602: Total time for which application threads were stopped: 0,0000790 seconds, Stopping threads took: 0,0000180 seconds
2016-12-28T16:01:34.897+0100: 2,610: Total time for which application threads were stopped: 0,0002738 seconds, Stopping threads took: 0,0000159 seconds
2016-12-28T16:01:34.904+0100: 2,617: Total time for which application threads were stopped: 0,0002737 seconds, Stopping threads took: 0,0000159 seconds
2016-12-28T16:01:34.913+0100: 2,626: Total time for which application threads were stopped: 0,0000718 seconds, Stopping threads took: 0,0000234 seconds
2016-12-28T16:01:34.944+0100: 2,657: Total time for which application threads were stopped: 0,0001014 seconds, Stopping threads took: 0,0000445 seconds
2016-12-28T16:01:34.961+0100: 2,674: Total time for which application threads were stopped: 0,0000784 seconds, Stopping threads took: 0,0000171 seconds
2016-12-28T16:01:34.979+0100: 2,692: Total time for which application threads were stopped: 0,0000742 seconds, Stopping threads took: 0,0000122 seconds
2016-12-28T16:01:34.998+0100: 2,711: Total time for which application threads were stopped: 0,0000832 seconds, Stopping threads took: 0,0000217 seconds
2016-12-28T16:01:35.022+0100: 2,735: Total time for which application threads were stopped: 0,0001108 seconds, Stopping threads took: 0,0000261 seconds
2016-12-28T16:01:35.078+0100: 2,791: Total time for which application threads were stopped: 0,0000902 seconds, Stopping threads took: 0,0000237 seconds
2016-12-28T16:01:35.100+0100: 2,813: Total time for which application threads were stopped: 0,0001075 seconds, Stopping threads took: 0,0000320 seconds
{Heap before GC invocations=2 (full 0):
 par new generation   total 109248K, used 102503K [0x00000000e0000000, 0x00000000e8000000, 0x00000000e8000000)
  eden space 87424K, 100% used [0x00000000e0000000, 0x00000000e5560000, 0x00000000e5560000)
  from space 21824K,  69% used [0x00000000e5560000, 0x00000000e6419f00, 0x00000000e6ab0000)
  to   space 21824K,   0% used [0x00000000e6ab0000, 0x00000000e6ab0000, 0x00000000e8000000)
 concurrent mark-sweep generation total 393216K, used 0K [0x00000000e8000000, 0x0000000100000000, 0x0000000100000000)
 Metaspace       used 24828K, capacity 25221K, committed 25536K, reserved 1071104K
  class space    used 2894K, capacity 3025K, committed 3144K, reserved 1048576K
2016-12-28T16:01:35.113+0100: 2,826: [GC (Allocation Failure) 2016-12-28T16:01:35.113+0100: 2,826: [ParNew
Desired survivor size 20112992 bytes, new threshold 8 (max 8)
- age   1:    4852408 bytes,    4852408 total
- age   2:     539600 bytes,    5392008 total
- age   3:    6095080 bytes,   11487088 total
: 102503K->13625K(109248K), 0,0093015 secs] 102503K->13625K(502464K), 0,0093664 secs] [Times: user=0,03 sys=0,00, real=0,01 secs] 
Heap after GC invocations=3 (full 0):
 par new generation   total 109248K, used 13625K [0x00000000e0000000, 0x00000000e8000000, 0x00000000e8000000)
  eden space 87424K,   0% used [0x00000000e0000000, 0x00000000e0000000, 0x00000000e5560000)
  from space 21824K,  62% used [0x00000000e6ab0000, 0x00000000e77fe6e8, 0x00000000e8000000)
  to   space 21824K,   0% used [0x00000000e5560000, 0x00000000e5560000, 0x00000000e6ab0000)
 concurrent mark-sweep generation total 393216K, used 0K [0x00000000e8000000, 0x0000000100000000, 0x0000000100000000)
 Metaspace       used 24828K, capacity 25221K, committed 25536K, reserved 1071104K
  class space    used 2894K, capacity 3025K, committed 3144K, reserved 1048576K
}
2016-12-28T16:01:35.123+0100: 2,836: Total time for which application threads were stopped: 0,0095133 seconds, Stopping threads took: 0,0000232 seconds
2016-12-28T16:01:35.123+0100: 2,836: [GC (CMS Initial Mark) [1 CMS-initial-mark: 0K(393216K)] 13881K(502464K), 0,0026701 secs] [Times: user=0,01 sys=0,00, real=0,00 secs] 
2016-12-28T16:01:35.126+0100: 2,838: Total time for which application threads were stopped: 0,0027855 seconds, Stopping threads took: 0,0000391 seconds
2016-12-28T16:01:35.126+0100: 2,839: [CMS-concurrent-mark-start]
2016-12-28T16:01:35.127+0100: 2,840: [CMS-concurrent-mark: 0,002/0,002 secs] [Times: user=0,00 sys=0,00, real=0,00 secs] 
2016-12-28T16:01:35.127+0100: 2,840: [CMS-concurrent-preclean-start]
2016-12-28T16:01:35.129+0100: 2,842: [CMS-concurrent-preclean: 0,001/0,001 secs] [Times: user=0,01 sys=0,00, real=0,00 secs] 
2016-12-28T16:01:35.129+0100: 2,842: [GC (CMS Final Remark) [YG occupancy: 15267 K (109248 K)]{Heap before GC invocations=3 (full 1):
 par new generation   total 109248K, used 15267K [0x00000000e0000000, 0x00000000e8000000, 0x00000000e8000000)
  eden space 87424K,   1% used [0x00000000e0000000, 0x00000000e019a7b0, 0x00000000e5560000)
  from space 21824K,  62% used [0x00000000e6ab0000, 0x00000000e77fe6e8, 0x00000000e8000000)
  to   space 21824K,   0% used [0x00000000e5560000, 0x00000000e5560000, 0x00000000e6ab0000)
 concurrent mark-sweep generation total 393216K, used 0K [0x00000000e8000000, 0x0000000100000000, 0x0000000100000000)
 Metaspace       used 24828K, capacity 25221K, committed 25536K, reserved 1071104K
  class space    used 2894K, capacity 3025K, committed 3144K, reserved 1048576K
2016-12-28T16:01:35.129+0100: 2,842: [GC (CMS Final Remark) 2016-12-28T16:01:35.129+0100: 2,842: [ParNew
Desired survivor size 20112992 bytes, new threshold 8 (max 8)
- age   1:     790544 bytes,     790544 total
- age   2:    1316272 bytes,    2106816 total
- age   3:     539600 bytes,    2646416 total
- age   4:    6093320 bytes,    8739736 total
: 15267K->11826K(109248K), 0,0084222 secs] 15267K->11826K(502464K), 0,0084625 secs] [Times: user=0,03 sys=0,00, real=0,01 secs] 
Heap after GC invocations=4 (full 1):
 par new generation   total 109248K, used 11826K [0x00000000e0000000, 0x00000000e8000000, 0x00000000e8000000)
  eden space 87424K,   0% used [0x00000000e0000000, 0x00000000e0000000, 0x00000000e5560000)
  from space 21824K,  54% used [0x00000000e5560000, 0x00000000e60ecab8, 0x00000000e6ab0000)
  to   space 21824K,   0% used [0x00000000e6ab0000, 0x00000000e6ab0000, 0x00000000e8000000)
 concurrent mark-sweep generation total 393216K, used 0K [0x00000000e8000000, 0x0000000100000000, 0x0000000100000000)
 Metaspace       used 24828K, capacity 25221K, committed 25536K, reserved 1071104K
  class space    used 2894K, capacity 3025K, committed 3144K, reserved 1048576K
}
2016-12-28T16:01:35.137+0100: 2,850: [Rescan (parallel) , 0,0033397 secs]2016-12-28T16:01:35.141+0100: 2,854: [weak refs processing, 0,0005968 secs]2016-12-28T16:01:35.141+0100: 2,854: [class unloading, 0,0031415 secs]2016-12-28T16:01:35.144+0100: 2,857: [scrub symbol table, 0,0041516 secs]2016-12-28T16:01:35.149+0100: 2,861: [scrub string table, 0,0003776 secs][1 CMS-remark: 0K(393216K)] 11826K(502464K), 0,0207370 secs] [Times: user=0,05 sys=0,00, real=0,02 secs] 
2016-12-28T16:01:35.149+0100: 2,862: Total time for which application threads were stopped: 0,0208373 seconds, Stopping threads took: 0,0000386 seconds
2016-12-28T16:01:35.150+0100: 2,863: [CMS-concurrent-sweep-start]
2016-12-28T16:01:35.150+0100: 2,863: [CMS-concurrent-sweep: 0,000/0,000 secs] [Times: user=0,00 sys=0,00, real=0,00 secs] 
2016-12-28T16:01:35.150+0100: 2,863: [CMS-concurrent-reset-start]
2016-12-28T16:01:35.151+0100: 2,864: [CMS-concurrent-reset: 0,002/0,002 secs] [Times: user=0,01 sys=0,00, real=0,01 secs] 
2016-12-28T16:01:35.204+0100: 2,917: Total time for which application threads were stopped: 0,0003279 seconds, Stopping threads took: 0,0000231 seconds
2016-12-28T16:01:35.216+0100: 2,929: Total time for which application threads were stopped: 0,0003133 seconds, Stopping threads took: 0,0000187 seconds
2016-12-28T16:01:36.216+0100: 3,929: Total time for which application threads were stopped: 0,0000994 seconds, Stopping threads took: 0,0000158 seconds
2016-12-28T16:01:36.336+0100: 4,049: Total time for which application threads were stopped: 0,0002644 seconds, Stopping threads took: 0,0000159 seconds
2016-12-28T16:02:04.340+0100: 32,053: Total time for which application threads were stopped: 0,0000548 seconds, Stopping threads took: 0,0000161 seconds
2016-12-28T16:04:14.360+0100: 162,073: Total time for which application threads were stopped: 0,0001515 seconds, Stopping threads took: 0,0000653 seconds
2016-12-28T16:04:19.361+0100: 167,074: Total time for which application threads were stopped: 0,0001191 seconds, Stopping threads took: 0,0000325 seconds
2016-12-28T16:04:33.363+0100: 181,076: Total time for which application threads were stopped: 0,0000622 seconds, Stopping threads took: 0,0000161 seconds
2016-12-28T16:05:14.370+0100: 222,083: Total time for which application threads were stopped: 0,0001630 seconds, Stopping threads took: 0,0000629 seconds
2016-12-28T16:05:48.375+0100: 256,088: Total time for which application threads were stopped: 0,0001526 seconds, Stopping threads took: 0,0000594 seconds
2016-12-28T16:05:53.376+0100: 261,089: Total time for which application threads were stopped: 0,0001448 seconds, Stopping threads took: 0,0000341 seconds
2016-12-28T16:05:58.377+0100: 266,090: Total time for which application threads were stopped: 0,0001283 seconds, Stopping threads took: 0,0000325 seconds
2016-12-28T16:06:18.380+0100: 286,093: Total time for which application threads were stopped: 0,0001665 seconds, Stopping threads took: 0,0000637 seconds
2016-12-28T16:06:19.381+0100: 287,093: Total time for which application threads were stopped: 0,0001240 seconds, Stopping threads took: 0,0000320 seconds
2016-12-28T16:06:29.382+0100: 297,095: Total time for which application threads were stopped: 0,0001504 seconds, Stopping threads took: 0,0000326 seconds
2016-12-28T16:25:13.571+0100: 1421,284: Total time for which application threads were stopped: 0,0001517 seconds, Stopping threads took: 0,0000612 seconds
2016-12-28T16:28:59.608+0100: 1647,321: Total time for which application threads were stopped: 0,0001503 seconds, Stopping threads took: 0,0000603 seconds
2016-12-28T16:29:58.618+0100: 1706,331: Total time for which application threads were stopped: 0,0001519 seconds, Stopping threads took: 0,0000608 seconds
2016-12-28T16:30:03.619+0100: 1711,332: Total time for which application threads were stopped: 0,0001562 seconds, Stopping threads took: 0,0000279 seconds
2016-12-28T16:40:13.718+0100: 2321,431: Total time for which application threads were stopped: 0,0001474 seconds, Stopping threads took: 0,0000567 seconds
2016-12-28T16:40:14.718+0100: 2322,431: Total time for which application threads were stopped: 0,0000562 seconds, Stopping threads took: 0,0000141 seconds
2016-12-28T16:54:49.860+0100: 3197,573: Total time for which application threads were stopped: 0,0001502 seconds, Stopping threads took: 0,0000612 seconds
2016-12-28T17:04:28.955+0100: 3776,668: Total time for which application threads were stopped: 0,0001480 seconds, Stopping threads took: 0,0000562 seconds
2016-12-28T17:06:03.970+0100: 3871,683: Total time for which application threads were stopped: 0,0001526 seconds, Stopping threads took: 0,0000608 seconds
2016-12-28T17:08:33.994+0100: 4021,707: Total time for which application threads were stopped: 0,0000700 seconds, Stopping threads took: 0,0000293 seconds
2016-12-28T17:55:04.444+0100: 6812,157: Total time for which application threads were stopped: 0,0001481 seconds, Stopping threads took: 0,0000608 seconds
2016-12-28T17:55:14.445+0100: 6822,158: Total time for which application threads were stopped: 0,0001189 seconds, Stopping threads took: 0,0000299 seconds
2016-12-28T18:00:14.495+0100: 7122,208: Total time for which application threads were stopped: 0,0000808 seconds, Stopping threads took: 0,0000343 seconds
2016-12-28T18:00:59.503+0100: 7167,216: Total time for which application threads were stopped: 0,0001529 seconds, Stopping threads took: 0,0000627 seconds
2016-12-28T18:06:34.558+0100: 7502,271: Total time for which application threads were stopped: 0,0001465 seconds, Stopping threads took: 0,0000565 seconds
2016-12-28T18:07:04.563+0100: 7532,276: Total time for which application threads were stopped: 0,0001839 seconds, Stopping threads took: 0,0000572 seconds
2016-12-28T18:08:34.578+0100: 7622,291: Total time for which application threads were stopped: 0,0000810 seconds, Stopping threads took: 0,0000281 seconds
2016-12-28T18:09:34.587+0100: 7682,300: Total time for which application threads were stopped: 0,0000804 seconds, Stopping threads took: 0,0000313 seconds
2016-12-28T19:14:04.191+0100: 11551,904: Total time for which application threads were stopped: 0,0000842 seconds, Stopping threads took: 0,0000307 seconds
2016-12-28T20:17:34.653+0100: 15362,366: Total time for which application threads were stopped: 0,0000732 seconds, Stopping threads took: 0,0000316 seconds
2016-12-28T23:52:45.630+0100: 28273,343: Total time for which application threads were stopped: 0,0007759 seconds, Stopping threads took: 0,0004598 seconds
Heap
 par new generation   total 109248K, used 57685K [0x00000000e0000000, 0x00000000e8000000, 0x00000000e8000000)
  eden space 87424K,  52% used [0x00000000e0000000, 0x00000000e2cc8b08, 0x00000000e5560000)
  from space 21824K,  54% used [0x00000000e5560000, 0x00000000e60ecab8, 0x00000000e6ab0000)
  to   space 21824K,   0% used [0x00000000e6ab0000, 0x00000000e6ab0000, 0x00000000e8000000)
 concurrent mark-sweep generation total 393216K, used 0K [0x00000000e8000000, 0x0000000100000000, 0x0000000100000000)
 Metaspace       used 27286K, capacity 27729K, committed 27976K, reserved 1073152K
  class space    used 3168K, capacity 3321K, committed 3400K, reserved 1048576K
