OpenJDK 64-Bit Server VM (25.111-b14) for linux-amd64 JRE (1.8.0_111-8u111-b14-2ubuntu0.16.04.2-b14), built on Oct 27 2016 18:10:19 by "buildd" with gcc 5.4.0 20160609
Memory: 4k page, physical 7867848k(7464424k free), swap 8076284k(8076284k free)
CommandLine flags: -XX:CMSInitiatingOccupancyFraction=50 -XX:CMSMaxAbortablePrecleanTime=6000 -XX:+CMSParallelRemarkEnabled -XX:+CMSScavengeBeforeRemark -XX:ConcGCThreads=4 -XX:InitialHeapSize=536870912 -XX:MaxHeapSize=536870912 -XX:MaxTenuringThreshold=8 -XX:NewRatio=3 -XX:OldPLABSize=16 -XX:OnOutOfMemoryError=/opt/solr/bin/oom_solr.sh 8983 /var/solr/logs -XX:ParallelGCThreads=4 -XX:+ParallelRefProcEnabled -XX:PretenureSizeThreshold=67108864 -XX:+PrintGC -XX:+PrintGCApplicationStoppedTime -XX:+PrintGCDateStamps -XX:+PrintGCDetails -XX:+PrintGCTimeStamps -XX:+PrintHeapAtGC -XX:+PrintTenuringDistribution -XX:SurvivorRatio=4 -XX:TargetSurvivorRatio=90 -XX:ThreadStackSize=256 -XX:+UseCMSInitiatingOccupancyOnly -XX:+UseCompressedClassPointers -XX:+UseCompressedOops -XX:+UseConcMarkSweepGC -XX:+UseParNewGC 
2016-11-29T15:25:17.706+0100: 0,111: Total time for which application threads were stopped: 0,0000714 seconds, Stopping threads took: 0,0000133 seconds
2016-11-29T15:25:17.773+0100: 0,179: Total time for which application threads were stopped: 0,0000950 seconds, Stopping threads took: 0,0000158 seconds
2016-11-29T15:25:17.785+0100: 0,190: Total time for which application threads were stopped: 0,0000733 seconds, Stopping threads took: 0,0000122 seconds
2016-11-29T15:25:17.954+0100: 0,360: Total time for which application threads were stopped: 0,0001433 seconds, Stopping threads took: 0,0000158 seconds
2016-11-29T15:25:18.123+0100: 0,529: Total time for which application threads were stopped: 0,0001233 seconds, Stopping threads took: 0,0000098 seconds
2016-11-29T15:25:18.175+0100: 0,581: Total time for which application threads were stopped: 0,0001679 seconds, Stopping threads took: 0,0000141 seconds
2016-11-29T15:25:18.197+0100: 0,602: Total time for which application threads were stopped: 0,0002078 seconds, Stopping threads took: 0,0000420 seconds
2016-11-29T15:25:18.439+0100: 0,845: Total time for which application threads were stopped: 0,0006804 seconds, Stopping threads took: 0,0000226 seconds
2016-11-29T15:25:18.829+0100: 1,235: Total time for which application threads were stopped: 0,0002103 seconds, Stopping threads took: 0,0000135 seconds
2016-11-29T15:25:18.873+0100: 1,278: Total time for which application threads were stopped: 0,0002159 seconds, Stopping threads took: 0,0000261 seconds
2016-11-29T15:25:18.874+0100: 1,279: Total time for which application threads were stopped: 0,0001889 seconds, Stopping threads took: 0,0000195 seconds
2016-11-29T15:25:18.898+0100: 1,303: Total time for which application threads were stopped: 0,0002398 seconds, Stopping threads took: 0,0000272 seconds
2016-11-29T15:25:19.020+0100: 1,426: Total time for which application threads were stopped: 0,0002477 seconds, Stopping threads took: 0,0000227 seconds
2016-11-29T15:25:19.210+0100: 1,616: Total time for which application threads were stopped: 0,0002914 seconds, Stopping threads took: 0,0000971 seconds
{Heap before GC invocations=0 (full 0):
 par new generation   total 109248K, used 87424K [0x00000000e0000000, 0x00000000e8000000, 0x00000000e8000000)
  eden space 87424K, 100% used [0x00000000e0000000, 0x00000000e5560000, 0x00000000e5560000)
  from space 21824K,   0% used [0x00000000e5560000, 0x00000000e5560000, 0x00000000e6ab0000)
  to   space 21824K,   0% used [0x00000000e6ab0000, 0x00000000e6ab0000, 0x00000000e8000000)
 concurrent mark-sweep generation total 393216K, used 0K [0x00000000e8000000, 0x0000000100000000, 0x0000000100000000)
 Metaspace       used 17816K, capacity 18078K, committed 18304K, reserved 1064960K
  class space    used 2029K, capacity 2130K, committed 2176K, reserved 1048576K
2016-11-29T15:25:19.298+0100: 1,704: [GC (Allocation Failure) 2016-11-29T15:25:19.298+0100: 1,704: [ParNew
Desired survivor size 20112992 bytes, new threshold 8 (max 8)
- age   1:   11663912 bytes,   11663912 total
: 87424K->11502K(109248K), 0,0215106 secs] 87424K->11502K(502464K), 0,0216366 secs] [Times: user=0,04 sys=0,01, real=0,02 secs] 
Heap after GC invocations=1 (full 0):
 par new generation   total 109248K, used 11502K [0x00000000e0000000, 0x00000000e8000000, 0x00000000e8000000)
  eden space 87424K,   0% used [0x00000000e0000000, 0x00000000e0000000, 0x00000000e5560000)
  from space 21824K,  52% used [0x00000000e6ab0000, 0x00000000e75eb898, 0x00000000e8000000)
  to   space 21824K,   0% used [0x00000000e5560000, 0x00000000e5560000, 0x00000000e6ab0000)
 concurrent mark-sweep generation total 393216K, used 0K [0x00000000e8000000, 0x0000000100000000, 0x0000000100000000)
 Metaspace       used 17816K, capacity 18078K, committed 18304K, reserved 1064960K
  class space    used 2029K, capacity 2130K, committed 2176K, reserved 1048576K
}
2016-11-29T15:25:19.320+0100: 1,726: Total time for which application threads were stopped: 0,0218767 seconds, Stopping threads took: 0,0000164 seconds
2016-11-29T15:25:19.668+0100: 2,074: Total time for which application threads were stopped: 0,0003457 seconds, Stopping threads took: 0,0000443 seconds
2016-11-29T15:25:19.733+0100: 2,138: Total time for which application threads were stopped: 0,0008425 seconds, Stopping threads took: 0,0002310 seconds
2016-11-29T15:25:19.770+0100: 2,176: Total time for which application threads were stopped: 0,0003401 seconds, Stopping threads took: 0,0000597 seconds
{Heap before GC invocations=1 (full 0):
 par new generation   total 109248K, used 98926K [0x00000000e0000000, 0x00000000e8000000, 0x00000000e8000000)
  eden space 87424K, 100% used [0x00000000e0000000, 0x00000000e5560000, 0x00000000e5560000)
  from space 21824K,  52% used [0x00000000e6ab0000, 0x00000000e75eb898, 0x00000000e8000000)
  to   space 21824K,   0% used [0x00000000e5560000, 0x00000000e5560000, 0x00000000e6ab0000)
 concurrent mark-sweep generation total 393216K, used 0K [0x00000000e8000000, 0x0000000100000000, 0x0000000100000000)
 Metaspace       used 20699K, capacity 21010K, committed 21248K, reserved 1069056K
  class space    used 2402K, capacity 2516K, committed 2560K, reserved 1048576K
2016-11-29T15:25:20.028+0100: 2,434: [GC (Allocation Failure) 2016-11-29T15:25:20.028+0100: 2,434: [ParNew
Desired survivor size 20112992 bytes, new threshold 8 (max 8)
- age   1:    3531688 bytes,    3531688 total
- age   2:    5954408 bytes,    9486096 total
: 98926K->12656K(109248K), 0,0203529 secs] 98926K->12656K(502464K), 0,0204672 secs] [Times: user=0,07 sys=0,00, real=0,02 secs] 
Heap after GC invocations=2 (full 0):
 par new generation   total 109248K, used 12656K [0x00000000e0000000, 0x00000000e8000000, 0x00000000e8000000)
  eden space 87424K,   0% used [0x00000000e0000000, 0x00000000e0000000, 0x00000000e5560000)
  from space 21824K,  57% used [0x00000000e5560000, 0x00000000e61bc230, 0x00000000e6ab0000)
  to   space 21824K,   0% used [0x00000000e6ab0000, 0x00000000e6ab0000, 0x00000000e8000000)
 concurrent mark-sweep generation total 393216K, used 0K [0x00000000e8000000, 0x0000000100000000, 0x0000000100000000)
 Metaspace       used 20699K, capacity 21010K, committed 21248K, reserved 1069056K
  class space    used 2402K, capacity 2516K, committed 2560K, reserved 1048576K
}
2016-11-29T15:25:20.049+0100: 2,455: Total time for which application threads were stopped: 0,0207282 seconds, Stopping threads took: 0,0000329 seconds
2016-11-29T15:25:20.105+0100: 2,511: Total time for which application threads were stopped: 0,0000767 seconds, Stopping threads took: 0,0000137 seconds
2016-11-29T15:25:20.138+0100: 2,544: Total time for which application threads were stopped: 0,0000846 seconds, Stopping threads took: 0,0000173 seconds
2016-11-29T15:25:20.139+0100: 2,544: Total time for which application threads were stopped: 0,0002227 seconds, Stopping threads took: 0,0000096 seconds
2016-11-29T15:25:20.165+0100: 2,571: Total time for which application threads were stopped: 0,0000766 seconds, Stopping threads took: 0,0000172 seconds
2016-11-29T15:25:20.241+0100: 2,647: Total time for which application threads were stopped: 0,0001591 seconds, Stopping threads took: 0,0000355 seconds
2016-11-29T15:25:20.259+0100: 2,665: Total time for which application threads were stopped: 0,0000820 seconds, Stopping threads took: 0,0000223 seconds
2016-11-29T15:25:20.268+0100: 2,673: Total time for which application threads were stopped: 0,0002873 seconds, Stopping threads took: 0,0000187 seconds
2016-11-29T15:25:20.276+0100: 2,682: Total time for which application threads were stopped: 0,0003646 seconds, Stopping threads took: 0,0000686 seconds
2016-11-29T15:25:20.278+0100: 2,684: Total time for which application threads were stopped: 0,0001194 seconds, Stopping threads took: 0,0000231 seconds
2016-11-29T15:25:20.317+0100: 2,722: Total time for which application threads were stopped: 0,0000792 seconds, Stopping threads took: 0,0000199 seconds
2016-11-29T15:25:20.333+0100: 2,739: Total time for which application threads were stopped: 0,0000813 seconds, Stopping threads took: 0,0000180 seconds
2016-11-29T15:25:20.352+0100: 2,757: Total time for which application threads were stopped: 0,0000723 seconds, Stopping threads took: 0,0000135 seconds
2016-11-29T15:25:20.369+0100: 2,774: Total time for which application threads were stopped: 0,0000841 seconds, Stopping threads took: 0,0000246 seconds
2016-11-29T15:25:20.403+0100: 2,809: Total time for which application threads were stopped: 0,0001254 seconds, Stopping threads took: 0,0000294 seconds
2016-11-29T15:25:20.459+0100: 2,865: Total time for which application threads were stopped: 0,0000957 seconds, Stopping threads took: 0,0000227 seconds
{Heap before GC invocations=2 (full 0):
 par new generation   total 109248K, used 100080K [0x00000000e0000000, 0x00000000e8000000, 0x00000000e8000000)
  eden space 87424K, 100% used [0x00000000e0000000, 0x00000000e5560000, 0x00000000e5560000)
  from space 21824K,  57% used [0x00000000e5560000, 0x00000000e61bc230, 0x00000000e6ab0000)
  to   space 21824K,   0% used [0x00000000e6ab0000, 0x00000000e6ab0000, 0x00000000e8000000)
 concurrent mark-sweep generation total 393216K, used 0K [0x00000000e8000000, 0x0000000100000000, 0x0000000100000000)
 Metaspace       used 24595K, capacity 24964K, committed 25204K, reserved 1071104K
  class space    used 2877K, capacity 3024K, committed 3092K, reserved 1048576K
2016-11-29T15:25:20.478+0100: 2,884: [GC (Allocation Failure) 2016-11-29T15:25:20.479+0100: 2,884: [ParNew
Desired survivor size 20112992 bytes, new threshold 8 (max 8)
- age   1:    4621248 bytes,    4621248 total
- age   2:     680960 bytes,    5302208 total
- age   3:    5946728 bytes,   11248936 total
: 100080K->13204K(109248K), 0,0097082 secs] 100080K->13204K(502464K), 0,0097806 secs] [Times: user=0,04 sys=0,00, real=0,00 secs] 
Heap after GC invocations=3 (full 0):
 par new generation   total 109248K, used 13204K [0x00000000e0000000, 0x00000000e8000000, 0x00000000e8000000)
  eden space 87424K,   0% used [0x00000000e0000000, 0x00000000e0000000, 0x00000000e5560000)
  from space 21824K,  60% used [0x00000000e6ab0000, 0x00000000e77953b0, 0x00000000e8000000)
  to   space 21824K,   0% used [0x00000000e5560000, 0x00000000e5560000, 0x00000000e6ab0000)
 concurrent mark-sweep generation total 393216K, used 0K [0x00000000e8000000, 0x0000000100000000, 0x0000000100000000)
 Metaspace       used 24595K, capacity 24964K, committed 25204K, reserved 1071104K
  class space    used 2877K, capacity 3024K, committed 3092K, reserved 1048576K
}
2016-11-29T15:25:20.488+0100: 2,894: Total time for which application threads were stopped: 0,0099761 seconds, Stopping threads took: 0,0000602 seconds
2016-11-29T15:25:20.488+0100: 2,894: [GC (CMS Initial Mark) [1 CMS-initial-mark: 0K(393216K)] 14577K(502464K), 0,0024574 secs] [Times: user=0,01 sys=0,00, real=0,01 secs] 
2016-11-29T15:25:20.491+0100: 2,897: Total time for which application threads were stopped: 0,0025844 seconds, Stopping threads took: 0,0000364 seconds
2016-11-29T15:25:20.491+0100: 2,897: [CMS-concurrent-mark-start]
2016-11-29T15:25:20.492+0100: 2,897: [CMS-concurrent-mark: 0,001/0,001 secs] [Times: user=0,00 sys=0,00, real=0,00 secs] 
2016-11-29T15:25:20.492+0100: 2,898: [CMS-concurrent-preclean-start]
2016-11-29T15:25:20.493+0100: 2,899: [CMS-concurrent-preclean: 0,001/0,001 secs] [Times: user=0,00 sys=0,00, real=0,00 secs] 
2016-11-29T15:25:20.493+0100: 2,899: [GC (CMS Final Remark) [YG occupancy: 15014 K (109248 K)]{Heap before GC invocations=3 (full 1):
 par new generation   total 109248K, used 15014K [0x00000000e0000000, 0x00000000e8000000, 0x00000000e8000000)
  eden space 87424K,   2% used [0x00000000e0000000, 0x00000000e01c4598, 0x00000000e5560000)
  from space 21824K,  60% used [0x00000000e6ab0000, 0x00000000e77953b0, 0x00000000e8000000)
  to   space 21824K,   0% used [0x00000000e5560000, 0x00000000e5560000, 0x00000000e6ab0000)
 concurrent mark-sweep generation total 393216K, used 0K [0x00000000e8000000, 0x0000000100000000, 0x0000000100000000)
 Metaspace       used 24595K, capacity 24964K, committed 25204K, reserved 1071104K
  class space    used 2877K, capacity 3024K, committed 3092K, reserved 1048576K
2016-11-29T15:25:20.493+0100: 2,899: [GC (CMS Final Remark) 2016-11-29T15:25:20.493+0100: 2,899: [ParNew
Desired survivor size 20112992 bytes, new threshold 8 (max 8)
- age   1:       8856 bytes,       8856 total
- age   2:    1234832 bytes,    1243688 total
- age   3:     671344 bytes,    1915032 total
- age   4:    5946424 bytes,    7861456 total
: 15014K->14338K(109248K), 0,0096560 secs] 15014K->14338K(502464K), 0,0096972 secs] [Times: user=0,03 sys=0,00, real=0,01 secs] 
Heap after GC invocations=4 (full 1):
 par new generation   total 109248K, used 14338K [0x00000000e0000000, 0x00000000e8000000, 0x00000000e8000000)
  eden space 87424K,   0% used [0x00000000e0000000, 0x00000000e0000000, 0x00000000e5560000)
  from space 21824K,  65% used [0x00000000e5560000, 0x00000000e6360ac0, 0x00000000e6ab0000)
  to   space 21824K,   0% used [0x00000000e6ab0000, 0x00000000e6ab0000, 0x00000000e8000000)
 concurrent mark-sweep generation total 393216K, used 0K [0x00000000e8000000, 0x0000000100000000, 0x0000000100000000)
 Metaspace       used 24595K, capacity 24964K, committed 25204K, reserved 1071104K
  class space    used 2877K, capacity 3024K, committed 3092K, reserved 1048576K
}
2016-11-29T15:25:20.503+0100: 2,909: [Rescan (parallel) , 0,0031609 secs]2016-11-29T15:25:20.506+0100: 2,912: [weak refs processing, 0,0005256 secs]2016-11-29T15:25:20.507+0100: 2,913: [class unloading, 0,0030630 secs]2016-11-29T15:25:20.510+0100: 2,916: [scrub symbol table, 0,0040472 secs]2016-11-29T15:25:20.514+0100: 2,920: [scrub string table, 0,0003844 secs][1 CMS-remark: 0K(393216K)] 14338K(502464K), 0,0215456 secs] [Times: user=0,05 sys=0,00, real=0,02 secs] 
2016-11-29T15:25:20.515+0100: 2,921: Total time for which application threads were stopped: 0,0216426 seconds, Stopping threads took: 0,0000257 seconds
2016-11-29T15:25:20.515+0100: 2,921: [CMS-concurrent-sweep-start]
2016-11-29T15:25:20.515+0100: 2,921: [CMS-concurrent-sweep: 0,000/0,000 secs] [Times: user=0,00 sys=0,00, real=0,00 secs] 
2016-11-29T15:25:20.515+0100: 2,921: [CMS-concurrent-reset-start]
2016-11-29T15:25:20.517+0100: 2,922: [CMS-concurrent-reset: 0,001/0,001 secs] [Times: user=0,01 sys=0,00, real=0,00 secs] 
2016-11-29T15:25:20.593+0100: 2,999: Total time for which application threads were stopped: 0,0003323 seconds, Stopping threads took: 0,0000229 seconds
2016-11-29T15:25:21.593+0100: 3,999: Total time for which application threads were stopped: 0,0000816 seconds, Stopping threads took: 0,0000164 seconds
2016-11-29T15:25:21.643+0100: 4,049: Total time for which application threads were stopped: 0,0002690 seconds, Stopping threads took: 0,0000150 seconds
2016-11-29T15:25:48.648+0100: 31,054: Total time for which application threads were stopped: 0,0001116 seconds, Stopping threads took: 0,0000423 seconds
2016-11-29T15:27:59.662+0100: 162,067: Total time for which application threads were stopped: 0,0000755 seconds, Stopping threads took: 0,0000339 seconds
2016-11-29T15:28:04.662+0100: 167,068: Total time for which application threads were stopped: 0,0000733 seconds, Stopping threads took: 0,0000315 seconds
2016-11-29T15:29:14.669+0100: 237,075: Total time for which application threads were stopped: 0,0000945 seconds, Stopping threads took: 0,0000448 seconds
2016-11-29T15:30:04.675+0100: 287,080: Total time for which application threads were stopped: 0,0000857 seconds, Stopping threads took: 0,0000394 seconds
2016-11-29T15:48:58.800+0100: 1421,206: Total time for which application threads were stopped: 0,0000692 seconds, Stopping threads took: 0,0000273 seconds
2016-11-29T15:53:43.827+0100: 1706,232: Total time for which application threads were stopped: 0,0000797 seconds, Stopping threads took: 0,0000324 seconds
2016-11-29T15:53:48.827+0100: 1711,233: Total time for which application threads were stopped: 0,0002247 seconds, Stopping threads took: 0,0000975 seconds
2016-11-29T16:01:53.878+0100: 2196,283: Total time for which application threads were stopped: 0,0000779 seconds, Stopping threads took: 0,0000292 seconds
2016-11-29T16:03:59.890+0100: 2322,296: Total time for which application threads were stopped: 0,0000736 seconds, Stopping threads took: 0,0000286 seconds
2016-11-29T16:04:03.890+0100: 2326,296: Total time for which application threads were stopped: 0,0000556 seconds, Stopping threads took: 0,0000136 seconds
2016-11-29T16:06:29.904+0100: 2472,310: Total time for which application threads were stopped: 0,0000748 seconds, Stopping threads took: 0,0000289 seconds
2016-11-29T16:18:29.979+0100: 3192,385: Total time for which application threads were stopped: 0,0000992 seconds, Stopping threads took: 0,0000355 seconds
2016-11-29T16:18:34.980+0100: 3197,385: Total time for which application threads were stopped: 0,0003946 seconds, Stopping threads took: 0,0001571 seconds
2016-11-29T16:23:19.005+0100: 3481,411: Total time for which application threads were stopped: 0,0000896 seconds, Stopping threads took: 0,0000367 seconds
2016-11-29T16:24:49.012+0100: 3571,418: Total time for which application threads were stopped: 0,0000868 seconds, Stopping threads took: 0,0000239 seconds
2016-11-29T16:25:09.286+0100: 3591,692: Total time for which application threads were stopped: 0,0001628 seconds, Stopping threads took: 0,0000372 seconds
Heap
 par new generation   total 109248K, used 58802K [0x00000000e0000000, 0x00000000e8000000, 0x00000000e8000000)
  eden space 87424K,  50% used [0x00000000e0000000, 0x00000000e2b6c108, 0x00000000e5560000)
  from space 21824K,  65% used [0x00000000e5560000, 0x00000000e6360ac0, 0x00000000e6ab0000)
  to   space 21824K,   0% used [0x00000000e6ab0000, 0x00000000e6ab0000, 0x00000000e8000000)
 concurrent mark-sweep generation total 393216K, used 0K [0x00000000e8000000, 0x0000000100000000, 0x0000000100000000)
 Metaspace       used 27178K, capacity 27594K, committed 27920K, reserved 1073152K
  class space    used 3161K, capacity 3319K, committed 3348K, reserved 1048576K
