OpenJDK 64-Bit Server VM (25.121-b13) for linux-amd64 JRE (1.8.0_121-8u121-b13-0ubuntu1.16.04.2-b13), built on Jan 23 2017 15:51:29 by "buildd" with gcc 5.4.0 20160609
Memory: 4k page, physical 7867764k(7419976k free), swap 8076284k(8076284k free)
CommandLine flags: -XX:CMSInitiatingOccupancyFraction=50 -XX:CMSMaxAbortablePrecleanTime=6000 -XX:+CMSParallelRemarkEnabled -XX:+CMSScavengeBeforeRemark -XX:ConcGCThreads=4 -XX:InitialHeapSize=536870912 -XX:MaxHeapSize=536870912 -XX:MaxTenuringThreshold=8 -XX:NewRatio=3 -XX:OldPLABSize=16 -XX:OnOutOfMemoryError=/opt/solr/bin/oom_solr.sh 8983 /var/solr/logs -XX:ParallelGCThreads=4 -XX:+ParallelRefProcEnabled -XX:PretenureSizeThreshold=67108864 -XX:+PrintGC -XX:+PrintGCApplicationStoppedTime -XX:+PrintGCDateStamps -XX:+PrintGCDetails -XX:+PrintGCTimeStamps -XX:+PrintHeapAtGC -XX:+PrintTenuringDistribution -XX:SurvivorRatio=4 -XX:TargetSurvivorRatio=90 -XX:ThreadStackSize=256 -XX:+UseCMSInitiatingOccupancyOnly -XX:+UseCompressedClassPointers -XX:+UseCompressedOops -XX:+UseConcMarkSweepGC -XX:+UseParNewGC 
2017-04-24T08:52:32.978+0200: 0,163: Total time for which application threads were stopped: 0,0000761 seconds, Stopping threads took: 0,0000139 seconds
2017-04-24T08:52:33.074+0200: 0,259: Total time for which application threads were stopped: 0,0001224 seconds, Stopping threads took: 0,0000215 seconds
2017-04-24T08:52:33.102+0200: 0,287: Total time for which application threads were stopped: 0,0001116 seconds, Stopping threads took: 0,0000204 seconds
2017-04-24T08:52:33.438+0200: 0,622: Total time for which application threads were stopped: 0,0001691 seconds, Stopping threads took: 0,0000203 seconds
2017-04-24T08:52:33.896+0200: 1,081: Total time for which application threads were stopped: 0,0008146 seconds, Stopping threads took: 0,0000895 seconds
2017-04-24T08:52:33.982+0200: 1,167: Total time for which application threads were stopped: 0,0001435 seconds, Stopping threads took: 0,0000131 seconds
2017-04-24T08:52:34.015+0200: 1,200: Total time for which application threads were stopped: 0,0002519 seconds, Stopping threads took: 0,0000433 seconds
2017-04-24T08:52:34.314+0200: 1,498: Total time for which application threads were stopped: 0,0002102 seconds, Stopping threads took: 0,0000214 seconds
2017-04-24T08:52:34.782+0200: 1,966: Total time for which application threads were stopped: 0,0001885 seconds, Stopping threads took: 0,0000126 seconds
2017-04-24T08:52:34.801+0200: 1,985: Total time for which application threads were stopped: 0,0001598 seconds, Stopping threads took: 0,0000187 seconds
2017-04-24T08:52:34.828+0200: 2,012: Total time for which application threads were stopped: 0,0001966 seconds, Stopping threads took: 0,0000200 seconds
2017-04-24T08:52:34.829+0200: 2,013: Total time for which application threads were stopped: 0,0001659 seconds, Stopping threads took: 0,0000152 seconds
2017-04-24T08:52:34.843+0200: 2,027: Total time for which application threads were stopped: 0,0001596 seconds, Stopping threads took: 0,0000112 seconds
2017-04-24T08:52:34.914+0200: 2,098: Total time for which application threads were stopped: 0,0003192 seconds, Stopping threads took: 0,0000533 seconds
2017-04-24T08:52:35.081+0200: 2,266: Total time for which application threads were stopped: 0,0002816 seconds, Stopping threads took: 0,0000445 seconds
{Heap before GC invocations=0 (full 0):
 par new generation   total 109248K, used 87424K [0x00000000e0000000, 0x00000000e8000000, 0x00000000e8000000)
  eden space 87424K, 100% used [0x00000000e0000000, 0x00000000e5560000, 0x00000000e5560000)
  from space 21824K,   0% used [0x00000000e5560000, 0x00000000e5560000, 0x00000000e6ab0000)
  to   space 21824K,   0% used [0x00000000e6ab0000, 0x00000000e6ab0000, 0x00000000e8000000)
 concurrent mark-sweep generation total 393216K, used 0K [0x00000000e8000000, 0x0000000100000000, 0x0000000100000000)
 Metaspace       used 17833K, capacity 18176K, committed 18304K, reserved 1064960K
  class space    used 2024K, capacity 2164K, committed 2176K, reserved 1048576K
2017-04-24T08:52:35.128+0200: 2,313: [GC (Allocation Failure) 2017-04-24T08:52:35.128+0200: 2,313: [ParNew
Desired survivor size 20112992 bytes, new threshold 8 (max 8)
- age   1:   11697912 bytes,   11697912 total
: 87424K->11532K(109248K), 0,0146390 secs] 87424K->11532K(502464K), 0,0147144 secs] [Times: user=0,02 sys=0,02, real=0,02 secs] 
Heap after GC invocations=1 (full 0):
 par new generation   total 109248K, used 11532K [0x00000000e0000000, 0x00000000e8000000, 0x00000000e8000000)
  eden space 87424K,   0% used [0x00000000e0000000, 0x00000000e0000000, 0x00000000e5560000)
  from space 21824K,  52% used [0x00000000e6ab0000, 0x00000000e75f3380, 0x00000000e8000000)
  to   space 21824K,   0% used [0x00000000e5560000, 0x00000000e5560000, 0x00000000e6ab0000)
 concurrent mark-sweep generation total 393216K, used 0K [0x00000000e8000000, 0x0000000100000000, 0x0000000100000000)
 Metaspace       used 17833K, capacity 18176K, committed 18304K, reserved 1064960K
  class space    used 2024K, capacity 2164K, committed 2176K, reserved 1048576K
}
2017-04-24T08:52:35.143+0200: 2,327: Total time for which application threads were stopped: 0,0150254 seconds, Stopping threads took: 0,0001707 seconds
2017-04-24T08:52:35.506+0200: 2,691: Total time for which application threads were stopped: 0,0004829 seconds, Stopping threads took: 0,0000867 seconds
{Heap before GC invocations=1 (full 0):
 par new generation   total 109248K, used 98956K [0x00000000e0000000, 0x00000000e8000000, 0x00000000e8000000)
  eden space 87424K, 100% used [0x00000000e0000000, 0x00000000e5560000, 0x00000000e5560000)
  from space 21824K,  52% used [0x00000000e6ab0000, 0x00000000e75f3380, 0x00000000e8000000)
  to   space 21824K,   0% used [0x00000000e5560000, 0x00000000e5560000, 0x00000000e6ab0000)
 concurrent mark-sweep generation total 393216K, used 0K [0x00000000e8000000, 0x0000000100000000, 0x0000000100000000)
 Metaspace       used 20054K, capacity 20418K, committed 20736K, reserved 1067008K
  class space    used 2292K, capacity 2465K, committed 2560K, reserved 1048576K
2017-04-24T08:52:35.550+0200: 2,735: [GC (Allocation Failure) 2017-04-24T08:52:35.550+0200: 2,735: [ParNew
Desired survivor size 20112992 bytes, new threshold 8 (max 8)
- age   1:    4040768 bytes,    4040768 total
- age   2:    6265216 bytes,   10305984 total
: 98956K->14853K(109248K), 0,0200303 secs] 98956K->14853K(502464K), 0,0201160 secs] [Times: user=0,06 sys=0,00, real=0,02 secs] 
Heap after GC invocations=2 (full 0):
 par new generation   total 109248K, used 14853K [0x00000000e0000000, 0x00000000e8000000, 0x00000000e8000000)
  eden space 87424K,   0% used [0x00000000e0000000, 0x00000000e0000000, 0x00000000e5560000)
  from space 21824K,  68% used [0x00000000e5560000, 0x00000000e63e1740, 0x00000000e6ab0000)
  to   space 21824K,   0% used [0x00000000e6ab0000, 0x00000000e6ab0000, 0x00000000e8000000)
 concurrent mark-sweep generation total 393216K, used 0K [0x00000000e8000000, 0x0000000100000000, 0x0000000100000000)
 Metaspace       used 20054K, capacity 20418K, committed 20736K, reserved 1067008K
  class space    used 2292K, capacity 2465K, committed 2560K, reserved 1048576K
}
2017-04-24T08:52:35.570+0200: 2,755: Total time for which application threads were stopped: 0,0203047 seconds, Stopping threads took: 0,0000245 seconds
2017-04-24T08:52:35.579+0200: 2,764: Total time for which application threads were stopped: 0,0003488 seconds, Stopping threads took: 0,0000263 seconds
2017-04-24T08:52:35.614+0200: 2,799: Total time for which application threads were stopped: 0,0042277 seconds, Stopping threads took: 0,0039491 seconds
2017-04-24T08:52:35.730+0200: 2,915: Total time for which application threads were stopped: 0,0003157 seconds, Stopping threads took: 0,0001941 seconds
{Heap before GC invocations=2 (full 0):
 par new generation   total 109248K, used 102277K [0x00000000e0000000, 0x00000000e8000000, 0x00000000e8000000)
  eden space 87424K, 100% used [0x00000000e0000000, 0x00000000e5560000, 0x00000000e5560000)
  from space 21824K,  68% used [0x00000000e5560000, 0x00000000e63e1740, 0x00000000e6ab0000)
  to   space 21824K,   0% used [0x00000000e6ab0000, 0x00000000e6ab0000, 0x00000000e8000000)
 concurrent mark-sweep generation total 393216K, used 0K [0x00000000e8000000, 0x0000000100000000, 0x0000000100000000)
 Metaspace       used 20953K, capacity 21276K, committed 21628K, reserved 1069056K
  class space    used 2415K, capacity 2584K, committed 2684K, reserved 1048576K
2017-04-24T08:52:35.770+0200: 2,955: [GC (Allocation Failure) 2017-04-24T08:52:35.770+0200: 2,955: [ParNew
Desired survivor size 20112992 bytes, new threshold 8 (max 8)
- age   1:    2117040 bytes,    2117040 total
- age   2:    1235984 bytes,    3353024 total
- age   3:    6262920 bytes,    9615944 total
: 102277K->12669K(109248K), 0,0196248 secs] 102277K->12669K(502464K), 0,0197118 secs] [Times: user=0,06 sys=0,01, real=0,02 secs] 
Heap after GC invocations=3 (full 0):
 par new generation   total 109248K, used 12669K [0x00000000e0000000, 0x00000000e8000000, 0x00000000e8000000)
  eden space 87424K,   0% used [0x00000000e0000000, 0x00000000e0000000, 0x00000000e5560000)
  from space 21824K,  58% used [0x00000000e6ab0000, 0x00000000e770f4c0, 0x00000000e8000000)
  to   space 21824K,   0% used [0x00000000e5560000, 0x00000000e5560000, 0x00000000e6ab0000)
 concurrent mark-sweep generation total 393216K, used 0K [0x00000000e8000000, 0x0000000100000000, 0x0000000100000000)
 Metaspace       used 20953K, capacity 21276K, committed 21628K, reserved 1069056K
  class space    used 2415K, capacity 2584K, committed 2684K, reserved 1048576K
}
2017-04-24T08:52:35.790+0200: 2,975: Total time for which application threads were stopped: 0,0201216 seconds, Stopping threads took: 0,0002432 seconds
2017-04-24T08:52:35.798+0200: 2,982: [GC (CMS Initial Mark) [1 CMS-initial-mark: 0K(393216K)] 20957K(502464K), 0,0061938 secs] [Times: user=0,02 sys=0,00, real=0,01 secs] 
2017-04-24T08:52:35.804+0200: 2,988: Total time for which application threads were stopped: 0,0063367 seconds, Stopping threads took: 0,0000312 seconds
2017-04-24T08:52:35.804+0200: 2,988: [CMS-concurrent-mark-start]
2017-04-24T08:52:35.806+0200: 2,990: [CMS-concurrent-mark: 0,002/0,002 secs] [Times: user=0,01 sys=0,00, real=0,00 secs] 
2017-04-24T08:52:35.806+0200: 2,990: [CMS-concurrent-preclean-start]
2017-04-24T08:52:35.807+0200: 2,991: [CMS-concurrent-preclean: 0,001/0,001 secs] [Times: user=0,00 sys=0,00, real=0,00 secs] 
2017-04-24T08:52:35.807+0200: 2,991: [CMS-concurrent-abortable-preclean-start]
2017-04-24T08:52:35.861+0200: 3,045: Total time for which application threads were stopped: 0,0001678 seconds, Stopping threads took: 0,0000722 seconds
{Heap before GC invocations=3 (full 1):
 par new generation   total 109248K, used 100093K [0x00000000e0000000, 0x00000000e8000000, 0x00000000e8000000)
  eden space 87424K, 100% used [0x00000000e0000000, 0x00000000e5560000, 0x00000000e5560000)
  from space 21824K,  58% used [0x00000000e6ab0000, 0x00000000e770f4c0, 0x00000000e8000000)
  to   space 21824K,   0% used [0x00000000e5560000, 0x00000000e5560000, 0x00000000e6ab0000)
 concurrent mark-sweep generation total 393216K, used 0K [0x00000000e8000000, 0x0000000100000000, 0x0000000100000000)
 Metaspace       used 21225K, capacity 21558K, committed 21884K, reserved 1069056K
  class space    used 2444K, capacity 2600K, committed 2684K, reserved 1048576K
2017-04-24T08:52:35.902+0200: 3,086: [GC (Allocation Failure) 2017-04-24T08:52:35.902+0200: 3,087: [ParNew
Desired survivor size 20112992 bytes, new threshold 8 (max 8)
- age   1:     977176 bytes,     977176 total
- age   2:    1466384 bytes,    2443560 total
- age   3:    1199160 bytes,    3642720 total
- age   4:    6263280 bytes,    9906000 total
: 100093K->12322K(109248K), 0,0100601 secs] 100093K->12322K(502464K), 0,0101193 secs] [Times: user=0,04 sys=0,00, real=0,00 secs] 
Heap after GC invocations=4 (full 1):
 par new generation   total 109248K, used 12322K [0x00000000e0000000, 0x00000000e8000000, 0x00000000e8000000)
  eden space 87424K,   0% used [0x00000000e0000000, 0x00000000e0000000, 0x00000000e5560000)
  from space 21824K,  56% used [0x00000000e5560000, 0x00000000e6168b90, 0x00000000e6ab0000)
  to   space 21824K,   0% used [0x00000000e6ab0000, 0x00000000e6ab0000, 0x00000000e8000000)
 concurrent mark-sweep generation total 393216K, used 0K [0x00000000e8000000, 0x0000000100000000, 0x0000000100000000)
 Metaspace       used 21225K, capacity 21558K, committed 21884K, reserved 1069056K
  class space    used 2444K, capacity 2600K, committed 2684K, reserved 1048576K
}
2017-04-24T08:52:35.912+0200: 3,097: Total time for which application threads were stopped: 0,0105594 seconds, Stopping threads took: 0,0003168 seconds
2017-04-24T08:52:35.912+0200: 3,097: [CMS-concurrent-abortable-preclean: 0,055/0,105 secs] [Times: user=0,41 sys=0,00, real=0,10 secs] 
2017-04-24T08:52:35.913+0200: 3,098: [GC (CMS Final Remark) [YG occupancy: 13634 K (109248 K)]{Heap before GC invocations=4 (full 1):
 par new generation   total 109248K, used 13634K [0x00000000e0000000, 0x00000000e8000000, 0x00000000e8000000)
  eden space 87424K,   1% used [0x00000000e0000000, 0x00000000e0147f30, 0x00000000e5560000)
  from space 21824K,  56% used [0x00000000e5560000, 0x00000000e6168b90, 0x00000000e6ab0000)
  to   space 21824K,   0% used [0x00000000e6ab0000, 0x00000000e6ab0000, 0x00000000e8000000)
 concurrent mark-sweep generation total 393216K, used 0K [0x00000000e8000000, 0x0000000100000000, 0x0000000100000000)
 Metaspace       used 21225K, capacity 21558K, committed 21884K, reserved 1069056K
  class space    used 2444K, capacity 2600K, committed 2684K, reserved 1048576K
2017-04-24T08:52:35.913+0200: 3,098: [GC (CMS Final Remark) 2017-04-24T08:52:35.913+0200: 3,098: [ParNew
Desired survivor size 20112992 bytes, new threshold 8 (max 8)
- age   1:      34904 bytes,      34904 total
- age   2:     820560 bytes,     855464 total
- age   3:    1466384 bytes,    2321848 total
- age   4:    1199160 bytes,    3521008 total
- age   5:    6262952 bytes,    9783960 total
: 13634K->16974K(109248K), 0,0090470 secs] 13634K->16974K(502464K), 0,0090810 secs] [Times: user=0,03 sys=0,00, real=0,02 secs] 
Heap after GC invocations=5 (full 1):
 par new generation   total 109248K, used 16974K [0x00000000e0000000, 0x00000000e8000000, 0x00000000e8000000)
  eden space 87424K,   0% used [0x00000000e0000000, 0x00000000e0000000, 0x00000000e5560000)
  from space 21824K,  77% used [0x00000000e6ab0000, 0x00000000e7b43b80, 0x00000000e8000000)
  to   space 21824K,   0% used [0x00000000e5560000, 0x00000000e5560000, 0x00000000e6ab0000)
 concurrent mark-sweep generation total 393216K, used 0K [0x00000000e8000000, 0x0000000100000000, 0x0000000100000000)
 Metaspace       used 21225K, capacity 21558K, committed 21884K, reserved 1069056K
  class space    used 2444K, capacity 2600K, committed 2684K, reserved 1048576K
}
2017-04-24T08:52:35.922+0200: 3,107: [Rescan (parallel) , 0,0032930 secs]2017-04-24T08:52:35.926+0200: 3,110: [weak refs processing, 0,0009250 secs]2017-04-24T08:52:35.926+0200: 3,111: [class unloading, 0,0027957 secs]2017-04-24T08:52:35.929+0200: 3,114: [scrub symbol table, 0,0024961 secs]2017-04-24T08:52:35.932+0200: 3,116: [scrub string table, 0,0003611 secs][1 CMS-remark: 0K(393216K)] 16974K(502464K), 0,0195735 secs] [Times: user=0,05 sys=0,01, real=0,02 secs] 
2017-04-24T08:52:35.933+0200: 3,117: Total time for which application threads were stopped: 0,0196954 seconds, Stopping threads took: 0,0000481 seconds
2017-04-24T08:52:35.933+0200: 3,118: [CMS-concurrent-sweep-start]
2017-04-24T08:52:35.933+0200: 3,118: [CMS-concurrent-sweep: 0,000/0,000 secs] [Times: user=0,00 sys=0,00, real=0,00 secs] 
2017-04-24T08:52:35.933+0200: 3,118: [CMS-concurrent-reset-start]
2017-04-24T08:52:35.936+0200: 3,120: [CMS-concurrent-reset: 0,002/0,002 secs] [Times: user=0,01 sys=0,00, real=0,01 secs] 
{Heap before GC invocations=5 (full 1):
 par new generation   total 109248K, used 104398K [0x00000000e0000000, 0x00000000e8000000, 0x00000000e8000000)
  eden space 87424K, 100% used [0x00000000e0000000, 0x00000000e5560000, 0x00000000e5560000)
  from space 21824K,  77% used [0x00000000e6ab0000, 0x00000000e7b43b80, 0x00000000e8000000)
  to   space 21824K,   0% used [0x00000000e5560000, 0x00000000e5560000, 0x00000000e6ab0000)
 concurrent mark-sweep generation total 393216K, used 0K [0x00000000e8000000, 0x0000000100000000, 0x0000000100000000)
 Metaspace       used 21345K, capacity 21730K, committed 21884K, reserved 1069056K
  class space    used 2463K, capacity 2634K, committed 2684K, reserved 1048576K
2017-04-24T08:52:36.018+0200: 3,202: [GC (Allocation Failure) 2017-04-24T08:52:36.018+0200: 3,202: [ParNew
Desired survivor size 20112992 bytes, new threshold 8 (max 8)
- age   1:    1011576 bytes,    1011576 total
- age   2:        184 bytes,    1011760 total
- age   3:     187160 bytes,    1198920 total
- age   4:    1465992 bytes,    2664912 total
- age   5:    1199048 bytes,    3863960 total
- age   6:    6262920 bytes,   10126880 total
: 104398K->12403K(109248K), 0,0095754 secs] 104398K->12403K(502464K), 0,0096416 secs] [Times: user=0,03 sys=0,00, real=0,01 secs] 
Heap after GC invocations=6 (full 1):
 par new generation   total 109248K, used 12403K [0x00000000e0000000, 0x00000000e8000000, 0x00000000e8000000)
  eden space 87424K,   0% used [0x00000000e0000000, 0x00000000e0000000, 0x00000000e5560000)
  from space 21824K,  56% used [0x00000000e5560000, 0x00000000e617cf80, 0x00000000e6ab0000)
  to   space 21824K,   0% used [0x00000000e6ab0000, 0x00000000e6ab0000, 0x00000000e8000000)
 concurrent mark-sweep generation total 393216K, used 0K [0x00000000e8000000, 0x0000000100000000, 0x0000000100000000)
 Metaspace       used 21345K, capacity 21730K, committed 21884K, reserved 1069056K
  class space    used 2463K, capacity 2634K, committed 2684K, reserved 1048576K
}
2017-04-24T08:52:36.027+0200: 3,212: Total time for which application threads were stopped: 0,0098392 seconds, Stopping threads took: 0,0000748 seconds
2017-04-24T08:52:36.063+0200: 3,248: Total time for which application threads were stopped: 0,0002978 seconds, Stopping threads took: 0,0000212 seconds
2017-04-24T08:52:36.260+0200: 3,445: Total time for which application threads were stopped: 0,0004652 seconds, Stopping threads took: 0,0000655 seconds
2017-04-24T08:52:36.277+0200: 3,462: Total time for which application threads were stopped: 0,0004282 seconds, Stopping threads took: 0,0000369 seconds
{Heap before GC invocations=6 (full 1):
 par new generation   total 109248K, used 99827K [0x00000000e0000000, 0x00000000e8000000, 0x00000000e8000000)
  eden space 87424K, 100% used [0x00000000e0000000, 0x00000000e5560000, 0x00000000e5560000)
  from space 21824K,  56% used [0x00000000e5560000, 0x00000000e617cf80, 0x00000000e6ab0000)
  to   space 21824K,   0% used [0x00000000e6ab0000, 0x00000000e6ab0000, 0x00000000e8000000)
 concurrent mark-sweep generation total 393216K, used 0K [0x00000000e8000000, 0x0000000100000000, 0x0000000100000000)
 Metaspace       used 23851K, capacity 24324K, committed 24572K, reserved 1071104K
  class space    used 2808K, capacity 3009K, committed 3068K, reserved 1048576K
2017-04-24T08:52:36.446+0200: 3,630: [GC (Allocation Failure) 2017-04-24T08:52:36.446+0200: 3,630: [ParNew
Desired survivor size 20112992 bytes, new threshold 8 (max 8)
- age   1:    5114512 bytes,    5114512 total
- age   2:     109544 bytes,    5224056 total
- age   3:        184 bytes,    5224240 total
- age   4:     185736 bytes,    5409976 total
- age   5:     296256 bytes,    5706232 total
- age   6:    1174720 bytes,    6880952 total
- age   7:    6254672 bytes,   13135624 total
: 99827K->17089K(109248K), 0,0659675 secs] 99827K->17089K(502464K), 0,0660423 secs] [Times: user=0,15 sys=0,00, real=0,06 secs] 
Heap after GC invocations=7 (full 1):
 par new generation   total 109248K, used 17089K [0x00000000e0000000, 0x00000000e8000000, 0x00000000e8000000)
  eden space 87424K,   0% used [0x00000000e0000000, 0x00000000e0000000, 0x00000000e5560000)
  from space 21824K,  78% used [0x00000000e6ab0000, 0x00000000e7b60680, 0x00000000e8000000)
  to   space 21824K,   0% used [0x00000000e5560000, 0x00000000e5560000, 0x00000000e6ab0000)
 concurrent mark-sweep generation total 393216K, used 0K [0x00000000e8000000, 0x0000000100000000, 0x0000000100000000)
 Metaspace       used 23851K, capacity 24324K, committed 24572K, reserved 1071104K
  class space    used 2808K, capacity 3009K, committed 3068K, reserved 1048576K
}
2017-04-24T08:52:36.512+0200: 3,696: Total time for which application threads were stopped: 0,0663375 seconds, Stopping threads took: 0,0000508 seconds
{Heap before GC invocations=7 (full 1):
 par new generation   total 109248K, used 104513K [0x00000000e0000000, 0x00000000e8000000, 0x00000000e8000000)
  eden space 87424K, 100% used [0x00000000e0000000, 0x00000000e5560000, 0x00000000e5560000)
  from space 21824K,  78% used [0x00000000e6ab0000, 0x00000000e7b60680, 0x00000000e8000000)
  to   space 21824K,   0% used [0x00000000e5560000, 0x00000000e5560000, 0x00000000e6ab0000)
 concurrent mark-sweep generation total 393216K, used 0K [0x00000000e8000000, 0x0000000100000000, 0x0000000100000000)
 Metaspace       used 24526K, capacity 24970K, committed 25212K, reserved 1071104K
  class space    used 2871K, capacity 3074K, committed 3196K, reserved 1048576K
2017-04-24T08:52:36.654+0200: 3,838: [GC (Allocation Failure) 2017-04-24T08:52:36.654+0200: 3,838: [ParNew
Desired survivor size 20112992 bytes, new threshold 8 (max 8)
- age   1:    2368472 bytes,    2368472 total
- age   2:    1782552 bytes,    4151024 total
- age   3:      48232 bytes,    4199256 total
- age   4:        184 bytes,    4199440 total
- age   5:     109712 bytes,    4309152 total
- age   6:     189528 bytes,    4498680 total
- age   7:     920216 bytes,    5418896 total
- age   8:    5941216 bytes,   11360112 total
: 104513K->15629K(109248K), 0,0135473 secs] 104513K->15629K(502464K), 0,0136251 secs] [Times: user=0,04 sys=0,00, real=0,01 secs] 
Heap after GC invocations=8 (full 1):
 par new generation   total 109248K, used 15629K [0x00000000e0000000, 0x00000000e8000000, 0x00000000e8000000)
  eden space 87424K,   0% used [0x00000000e0000000, 0x00000000e0000000, 0x00000000e5560000)
  from space 21824K,  71% used [0x00000000e5560000, 0x00000000e64a37a0, 0x00000000e6ab0000)
  to   space 21824K,   0% used [0x00000000e6ab0000, 0x00000000e6ab0000, 0x00000000e8000000)
 concurrent mark-sweep generation total 393216K, used 0K [0x00000000e8000000, 0x0000000100000000, 0x0000000100000000)
 Metaspace       used 24526K, capacity 24970K, committed 25212K, reserved 1071104K
  class space    used 2871K, capacity 3074K, committed 3196K, reserved 1048576K
}
2017-04-24T08:52:36.668+0200: 3,852: Total time for which application threads were stopped: 0,0139384 seconds, Stopping threads took: 0,0001290 seconds
{Heap before GC invocations=8 (full 1):
 par new generation   total 109248K, used 103053K [0x00000000e0000000, 0x00000000e8000000, 0x00000000e8000000)
  eden space 87424K, 100% used [0x00000000e0000000, 0x00000000e5560000, 0x00000000e5560000)
  from space 21824K,  71% used [0x00000000e5560000, 0x00000000e64a37a0, 0x00000000e6ab0000)
  to   space 21824K,   0% used [0x00000000e6ab0000, 0x00000000e6ab0000, 0x00000000e8000000)
 concurrent mark-sweep generation total 393216K, used 0K [0x00000000e8000000, 0x0000000100000000, 0x0000000100000000)
 Metaspace       used 24930K, capacity 25380K, committed 25724K, reserved 1071104K
  class space    used 2905K, capacity 3079K, committed 3196K, reserved 1048576K
2017-04-24T08:52:36.774+0200: 3,959: [GC (Allocation Failure) 2017-04-24T08:52:36.774+0200: 3,959: [ParNew
Desired survivor size 20112992 bytes, new threshold 8 (max 8)
- age   1:     676528 bytes,     676528 total
- age   2:    1039488 bytes,    1716016 total
- age   3:    1759680 bytes,    3475696 total
- age   4:      48232 bytes,    3523928 total
- age   5:        184 bytes,    3524112 total
- age   6:     107032 bytes,    3631144 total
- age   7:     188968 bytes,    3820112 total
- age   8:     919512 bytes,    4739624 total
: 103053K->7371K(109248K), 0,0405478 secs] 103053K->13255K(502464K), 0,0406306 secs] [Times: user=0,12 sys=0,00, real=0,04 secs] 
Heap after GC invocations=9 (full 1):
 par new generation   total 109248K, used 7371K [0x00000000e0000000, 0x00000000e8000000, 0x00000000e8000000)
  eden space 87424K,   0% used [0x00000000e0000000, 0x00000000e0000000, 0x00000000e5560000)
  from space 21824K,  33% used [0x00000000e6ab0000, 0x00000000e71e2c38, 0x00000000e8000000)
  to   space 21824K,   0% used [0x00000000e5560000, 0x00000000e5560000, 0x00000000e6ab0000)
 concurrent mark-sweep generation total 393216K, used 5884K [0x00000000e8000000, 0x0000000100000000, 0x0000000100000000)
 Metaspace       used 24930K, capacity 25380K, committed 25724K, reserved 1071104K
  class space    used 2905K, capacity 3079K, committed 3196K, reserved 1048576K
}
2017-04-24T08:52:36.815+0200: 3,999: Total time for which application threads were stopped: 0,0413951 seconds, Stopping threads took: 0,0005772 seconds
2017-04-24T08:52:36.870+0200: 4,055: Total time for which application threads were stopped: 0,0006289 seconds, Stopping threads took: 0,0002845 seconds
2017-04-24T08:52:36.927+0200: 4,112: Total time for which application threads were stopped: 0,0001283 seconds, Stopping threads took: 0,0000454 seconds
2017-04-24T08:52:36.930+0200: 4,114: Total time for which application threads were stopped: 0,0001226 seconds, Stopping threads took: 0,0000414 seconds
2017-04-24T08:52:36.942+0200: 4,127: Total time for which application threads were stopped: 0,0026743 seconds, Stopping threads took: 0,0025779 seconds
2017-04-24T08:52:36.942+0200: 4,127: Total time for which application threads were stopped: 0,0001032 seconds, Stopping threads took: 0,0000348 seconds
2017-04-24T08:52:36.942+0200: 4,127: Total time for which application threads were stopped: 0,0001005 seconds, Stopping threads took: 0,0000298 seconds
2017-04-24T08:52:36.943+0200: 4,127: Total time for which application threads were stopped: 0,0001177 seconds, Stopping threads took: 0,0000522 seconds
2017-04-24T08:52:36.943+0200: 4,128: Total time for which application threads were stopped: 0,0004850 seconds, Stopping threads took: 0,0004355 seconds
2017-04-24T08:52:36.943+0200: 4,128: Total time for which application threads were stopped: 0,0000722 seconds, Stopping threads took: 0,0000195 seconds
2017-04-24T08:52:36.944+0200: 4,128: Total time for which application threads were stopped: 0,0000698 seconds, Stopping threads took: 0,0000142 seconds
2017-04-24T08:52:36.944+0200: 4,129: Total time for which application threads were stopped: 0,0000671 seconds, Stopping threads took: 0,0000295 seconds
2017-04-24T08:52:36.944+0200: 4,129: Total time for which application threads were stopped: 0,0000540 seconds, Stopping threads took: 0,0000120 seconds
2017-04-24T08:52:36.944+0200: 4,129: Total time for which application threads were stopped: 0,0000422 seconds, Stopping threads took: 0,0000078 seconds
2017-04-24T08:52:36.944+0200: 4,129: Total time for which application threads were stopped: 0,0000394 seconds, Stopping threads took: 0,0000071 seconds
2017-04-24T08:52:36.945+0200: 4,130: Total time for which application threads were stopped: 0,0000735 seconds, Stopping threads took: 0,0000160 seconds
2017-04-24T08:52:36.945+0200: 4,130: Total time for which application threads were stopped: 0,0000547 seconds, Stopping threads took: 0,0000114 seconds
2017-04-24T08:52:36.945+0200: 4,130: Total time for which application threads were stopped: 0,0000465 seconds, Stopping threads took: 0,0000096 seconds
2017-04-24T08:52:36.945+0200: 4,130: Total time for which application threads were stopped: 0,0000389 seconds, Stopping threads took: 0,0000082 seconds
2017-04-24T08:52:36.945+0200: 4,130: Total time for which application threads were stopped: 0,0000377 seconds, Stopping threads took: 0,0000079 seconds
2017-04-24T08:52:36.946+0200: 4,130: Total time for which application threads were stopped: 0,0000361 seconds, Stopping threads took: 0,0000078 seconds
2017-04-24T08:52:36.946+0200: 4,130: Total time for which application threads were stopped: 0,0000358 seconds, Stopping threads took: 0,0000079 seconds
2017-04-24T08:52:36.946+0200: 4,130: Total time for which application threads were stopped: 0,0000355 seconds, Stopping threads took: 0,0000076 seconds
2017-04-24T08:52:36.946+0200: 4,130: Total time for which application threads were stopped: 0,0001293 seconds, Stopping threads took: 0,0000084 seconds
2017-04-24T08:52:36.949+0200: 4,134: Total time for which application threads were stopped: 0,0001481 seconds, Stopping threads took: 0,0000708 seconds
2017-04-24T08:52:36.956+0200: 4,140: Total time for which application threads were stopped: 0,0001801 seconds, Stopping threads took: 0,0000984 seconds
2017-04-24T08:52:36.956+0200: 4,141: Total time for which application threads were stopped: 0,0001298 seconds, Stopping threads took: 0,0000545 seconds
2017-04-24T08:52:36.957+0200: 4,141: Total time for which application threads were stopped: 0,0001248 seconds, Stopping threads took: 0,0000287 seconds
2017-04-24T08:52:36.958+0200: 4,142: Total time for which application threads were stopped: 0,0001209 seconds, Stopping threads took: 0,0000330 seconds
2017-04-24T08:52:36.965+0200: 4,150: Total time for which application threads were stopped: 0,0001183 seconds, Stopping threads took: 0,0000231 seconds
2017-04-24T08:52:36.966+0200: 4,151: Total time for which application threads were stopped: 0,0001091 seconds, Stopping threads took: 0,0000316 seconds
2017-04-24T08:52:36.971+0200: 4,156: Total time for which application threads were stopped: 0,0001433 seconds, Stopping threads took: 0,0000487 seconds
2017-04-24T08:52:36.973+0200: 4,157: Total time for which application threads were stopped: 0,0001153 seconds, Stopping threads took: 0,0000370 seconds
2017-04-24T08:52:36.974+0200: 4,159: Total time for which application threads were stopped: 0,0001260 seconds, Stopping threads took: 0,0000410 seconds
2017-04-24T08:52:36.975+0200: 4,159: Total time for which application threads were stopped: 0,0000988 seconds, Stopping threads took: 0,0000348 seconds
2017-04-24T08:52:36.978+0200: 4,162: Total time for which application threads were stopped: 0,0032222 seconds, Stopping threads took: 0,0031554 seconds
2017-04-24T08:52:36.984+0200: 4,168: Total time for which application threads were stopped: 0,0001065 seconds, Stopping threads took: 0,0000253 seconds
2017-04-24T08:52:36.988+0200: 4,173: Total time for which application threads were stopped: 0,0000888 seconds, Stopping threads took: 0,0000196 seconds
2017-04-24T08:52:36.989+0200: 4,173: Total time for which application threads were stopped: 0,0000683 seconds, Stopping threads took: 0,0000117 seconds
2017-04-24T08:52:36.989+0200: 4,173: Total time for which application threads were stopped: 0,0000567 seconds, Stopping threads took: 0,0000230 seconds
2017-04-24T08:52:36.989+0200: 4,174: Total time for which application threads were stopped: 0,0000613 seconds, Stopping threads took: 0,0000129 seconds
2017-04-24T08:52:36.990+0200: 4,174: Total time for which application threads were stopped: 0,0000668 seconds, Stopping threads took: 0,0000245 seconds
2017-04-24T08:52:36.990+0200: 4,175: Total time for which application threads were stopped: 0,0000951 seconds, Stopping threads took: 0,0000453 seconds
2017-04-24T08:52:36.992+0200: 4,177: Total time for which application threads were stopped: 0,0000856 seconds, Stopping threads took: 0,0000175 seconds
2017-04-24T08:52:36.994+0200: 4,179: Total time for which application threads were stopped: 0,0001067 seconds, Stopping threads took: 0,0000216 seconds
2017-04-24T08:52:36.996+0200: 4,181: Total time for which application threads were stopped: 0,0000901 seconds, Stopping threads took: 0,0000191 seconds
2017-04-24T08:52:36.997+0200: 4,182: Total time for which application threads were stopped: 0,0001271 seconds, Stopping threads took: 0,0000625 seconds
2017-04-24T08:52:36.998+0200: 4,182: Total time for which application threads were stopped: 0,0000729 seconds, Stopping threads took: 0,0000257 seconds
2017-04-24T08:52:36.998+0200: 4,183: Total time for which application threads were stopped: 0,0000756 seconds, Stopping threads took: 0,0000141 seconds
2017-04-24T08:52:37.000+0200: 4,184: Total time for which application threads were stopped: 0,0002441 seconds, Stopping threads took: 0,0000278 seconds
2017-04-24T08:52:37.050+0200: 4,234: Total time for which application threads were stopped: 0,0004570 seconds, Stopping threads took: 0,0000286 seconds
2017-04-24T08:52:37.064+0200: 4,249: Total time for which application threads were stopped: 0,0004323 seconds, Stopping threads took: 0,0000218 seconds
2017-04-24T08:52:37.104+0200: 4,288: Total time for which application threads were stopped: 0,0004615 seconds, Stopping threads took: 0,0000643 seconds
2017-04-24T08:52:37.105+0200: 4,290: Total time for which application threads were stopped: 0,0000909 seconds, Stopping threads took: 0,0000266 seconds
2017-04-24T08:52:37.106+0200: 4,290: Total time for which application threads were stopped: 0,0000497 seconds, Stopping threads took: 0,0000132 seconds
2017-04-24T08:52:37.106+0200: 4,290: Total time for which application threads were stopped: 0,0001031 seconds, Stopping threads took: 0,0000405 seconds
2017-04-24T08:52:37.111+0200: 4,295: Total time for which application threads were stopped: 0,0001197 seconds, Stopping threads took: 0,0000529 seconds
2017-04-24T08:52:37.118+0200: 4,303: Total time for which application threads were stopped: 0,0000868 seconds, Stopping threads took: 0,0000231 seconds
2017-04-24T08:52:37.131+0200: 4,315: Total time for which application threads were stopped: 0,0001356 seconds, Stopping threads took: 0,0000541 seconds
2017-04-24T08:52:37.134+0200: 4,319: Total time for which application threads were stopped: 0,0001357 seconds, Stopping threads took: 0,0000294 seconds
2017-04-24T08:52:37.137+0200: 4,322: Total time for which application threads were stopped: 0,0001494 seconds, Stopping threads took: 0,0000649 seconds
2017-04-24T08:52:37.139+0200: 4,324: Total time for which application threads were stopped: 0,0000930 seconds, Stopping threads took: 0,0000179 seconds
2017-04-24T08:52:37.140+0200: 4,325: Total time for which application threads were stopped: 0,0000617 seconds, Stopping threads took: 0,0000107 seconds
2017-04-24T08:52:37.143+0200: 4,328: Total time for which application threads were stopped: 0,0000784 seconds, Stopping threads took: 0,0000165 seconds
2017-04-24T08:52:37.147+0200: 4,331: Total time for which application threads were stopped: 0,0000911 seconds, Stopping threads took: 0,0000189 seconds
2017-04-24T08:52:37.154+0200: 4,339: Total time for which application threads were stopped: 0,0010702 seconds, Stopping threads took: 0,0009728 seconds
2017-04-24T08:52:37.169+0200: 4,353: Total time for which application threads were stopped: 0,0001371 seconds, Stopping threads took: 0,0000456 seconds
2017-04-24T08:52:37.180+0200: 4,365: Total time for which application threads were stopped: 0,0001114 seconds, Stopping threads took: 0,0000385 seconds
2017-04-24T08:52:37.190+0200: 4,374: Total time for which application threads were stopped: 0,0001208 seconds, Stopping threads took: 0,0000421 seconds
2017-04-24T08:52:37.198+0200: 4,382: Total time for which application threads were stopped: 0,0004658 seconds, Stopping threads took: 0,0000401 seconds
2017-04-24T08:52:37.204+0200: 4,388: Total time for which application threads were stopped: 0,0001167 seconds, Stopping threads took: 0,0000523 seconds
2017-04-24T08:52:37.224+0200: 4,408: Total time for which application threads were stopped: 0,0000989 seconds, Stopping threads took: 0,0000352 seconds
2017-04-24T08:52:37.224+0200: 4,408: Total time for which application threads were stopped: 0,0000474 seconds, Stopping threads took: 0,0000104 seconds
2017-04-24T08:52:39.224+0200: 6,409: Total time for which application threads were stopped: 0,0000695 seconds, Stopping threads took: 0,0000182 seconds
2017-04-24T08:52:55.226+0200: 22,411: Total time for which application threads were stopped: 0,0000961 seconds, Stopping threads took: 0,0000263 seconds
2017-04-24T08:53:04.367+0200: 32,412: Total time for which application threads were stopped: 0,0000816 seconds, Stopping threads took: 0,0000185 seconds
2017-04-24T08:54:34.376+0200: 122,422: Total time for which application threads were stopped: 0,0002606 seconds, Stopping threads took: 0,0001540 seconds
{Heap before GC invocations=9 (full 1):
 par new generation   total 109248K, used 94795K [0x00000000e0000000, 0x00000000e8000000, 0x00000000e8000000)
  eden space 87424K, 100% used [0x00000000e0000000, 0x00000000e5560000, 0x00000000e5560000)
  from space 21824K,  33% used [0x00000000e6ab0000, 0x00000000e71e2c38, 0x00000000e8000000)
  to   space 21824K,   0% used [0x00000000e5560000, 0x00000000e5560000, 0x00000000e6ab0000)
 concurrent mark-sweep generation total 393216K, used 5884K [0x00000000e8000000, 0x0000000100000000, 0x0000000100000000)
 Metaspace       used 27994K, capacity 28504K, committed 28796K, reserved 1075200K
  class space    used 3212K, capacity 3389K, committed 3452K, reserved 1048576K
2017-04-24T08:55:28.052+0200: 176,097: [GC (Allocation Failure) 2017-04-24T08:55:28.052+0200: 176,097: [ParNew
Desired survivor size 20112992 bytes, new threshold 8 (max 8)
- age   1:   10727408 bytes,   10727408 total
- age   2:     225560 bytes,   10952968 total
- age   3:     255360 bytes,   11208328 total
- age   4:    1754872 bytes,   12963200 total
- age   5:      48232 bytes,   13011432 total
- age   6:        184 bytes,   13011616 total
- age   7:     106904 bytes,   13118520 total
- age   8:     188872 bytes,   13307392 total
: 94795K->14529K(109248K), 0,0178693 secs] 100679K->21421K(502464K), 0,0179370 secs] [Times: user=0,04 sys=0,01, real=0,02 secs] 
Heap after GC invocations=10 (full 1):
 par new generation   total 109248K, used 14529K [0x00000000e0000000, 0x00000000e8000000, 0x00000000e8000000)
  eden space 87424K,   0% used [0x00000000e0000000, 0x00000000e0000000, 0x00000000e5560000)
  from space 21824K,  66% used [0x00000000e5560000, 0x00000000e6390460, 0x00000000e6ab0000)
  to   space 21824K,   0% used [0x00000000e6ab0000, 0x00000000e6ab0000, 0x00000000e8000000)
 concurrent mark-sweep generation total 393216K, used 6892K [0x00000000e8000000, 0x0000000100000000, 0x0000000100000000)
 Metaspace       used 27994K, capacity 28504K, committed 28796K, reserved 1075200K
  class space    used 3212K, capacity 3389K, committed 3452K, reserved 1048576K
}
2017-04-24T08:55:28.070+0200: 176,115: Total time for which application threads were stopped: 0,0181156 seconds, Stopping threads took: 0,0000461 seconds
2017-04-24T08:55:28.071+0200: 176,117: Total time for which application threads were stopped: 0,0007619 seconds, Stopping threads took: 0,0004721 seconds
2017-04-24T08:55:28.072+0200: 176,117: Total time for which application threads were stopped: 0,0000647 seconds, Stopping threads took: 0,0000293 seconds
2017-04-24T08:55:33.073+0200: 181,118: Total time for which application threads were stopped: 0,0003569 seconds, Stopping threads took: 0,0000906 seconds
2017-04-24T08:57:03.083+0200: 271,128: Total time for which application threads were stopped: 0,0001148 seconds, Stopping threads took: 0,0000423 seconds
2017-04-24T09:00:35.107+0200: 483,153: Total time for which application threads were stopped: 0,0000951 seconds, Stopping threads took: 0,0000388 seconds
2017-04-24T09:03:14.124+0200: 642,169: Total time for which application threads were stopped: 0,0000970 seconds, Stopping threads took: 0,0000340 seconds
2017-04-24T09:03:19.125+0200: 647,170: Total time for which application threads were stopped: 0,0000708 seconds, Stopping threads took: 0,0000171 seconds
2017-04-24T09:08:39.157+0200: 967,202: Total time for which application threads were stopped: 0,0003482 seconds, Stopping threads took: 0,0001720 seconds
2017-04-24T09:15:58.198+0200: 1406,244: Total time for which application threads were stopped: 0,0000838 seconds, Stopping threads took: 0,0000314 seconds
2017-04-24T09:19:46.275+0200: 1634,320: Total time for which application threads were stopped: 0,0000969 seconds, Stopping threads took: 0,0000248 seconds
2017-04-24T09:19:46.303+0200: 1634,348: Total time for which application threads were stopped: 0,0231071 seconds, Stopping threads took: 0,0230336 seconds
2017-04-24T09:19:46.304+0200: 1634,349: Total time for which application threads were stopped: 0,0000775 seconds, Stopping threads took: 0,0000206 seconds
2017-04-24T09:19:46.305+0200: 1634,350: Total time for which application threads were stopped: 0,0000603 seconds, Stopping threads took: 0,0000097 seconds
2017-04-24T09:19:46.305+0200: 1634,351: Total time for which application threads were stopped: 0,0000823 seconds, Stopping threads took: 0,0000310 seconds
2017-04-24T09:19:46.308+0200: 1634,353: Total time for which application threads were stopped: 0,0000876 seconds, Stopping threads took: 0,0000128 seconds
2017-04-24T09:19:46.308+0200: 1634,353: Total time for which application threads were stopped: 0,0000372 seconds, Stopping threads took: 0,0000052 seconds
2017-04-24T09:19:46.308+0200: 1634,353: Total time for which application threads were stopped: 0,0000449 seconds, Stopping threads took: 0,0000096 seconds
2017-04-24T09:19:46.308+0200: 1634,353: Total time for which application threads were stopped: 0,0000662 seconds, Stopping threads took: 0,0000249 seconds
2017-04-24T09:19:46.309+0200: 1634,354: Total time for which application threads were stopped: 0,0001068 seconds, Stopping threads took: 0,0000321 seconds
2017-04-24T09:19:46.317+0200: 1634,362: Total time for which application threads were stopped: 0,0005205 seconds, Stopping threads took: 0,0004362 seconds
2017-04-24T09:19:46.318+0200: 1634,363: Total time for which application threads were stopped: 0,0004334 seconds, Stopping threads took: 0,0003669 seconds
2017-04-24T09:19:46.321+0200: 1634,367: Total time for which application threads were stopped: 0,0000856 seconds, Stopping threads took: 0,0000216 seconds
2017-04-24T09:19:46.322+0200: 1634,367: Total time for which application threads were stopped: 0,0000393 seconds, Stopping threads took: 0,0000053 seconds
2017-04-24T09:19:46.322+0200: 1634,367: Total time for which application threads were stopped: 0,0000363 seconds, Stopping threads took: 0,0000046 seconds
2017-04-24T09:19:46.322+0200: 1634,367: Total time for which application threads were stopped: 0,0000369 seconds, Stopping threads took: 0,0000047 seconds
2017-04-24T09:19:46.322+0200: 1634,367: Total time for which application threads were stopped: 0,0000364 seconds, Stopping threads took: 0,0000047 seconds
2017-04-24T09:19:46.322+0200: 1634,367: Total time for which application threads were stopped: 0,0000347 seconds, Stopping threads took: 0,0000044 seconds
2017-04-24T09:19:46.322+0200: 1634,367: Total time for which application threads were stopped: 0,0000363 seconds, Stopping threads took: 0,0000065 seconds
2017-04-24T09:19:46.323+0200: 1634,368: Total time for which application threads were stopped: 0,0002891 seconds, Stopping threads took: 0,0001704 seconds
2017-04-24T09:19:46.324+0200: 1634,370: Total time for which application threads were stopped: 0,0000859 seconds, Stopping threads took: 0,0000236 seconds
2017-04-24T09:19:46.324+0200: 1634,370: Total time for which application threads were stopped: 0,0000450 seconds, Stopping threads took: 0,0000117 seconds
2017-04-24T09:19:46.324+0200: 1634,370: Total time for which application threads were stopped: 0,0000431 seconds, Stopping threads took: 0,0000115 seconds
2017-04-24T09:19:46.325+0200: 1634,370: Total time for which application threads were stopped: 0,0000413 seconds, Stopping threads took: 0,0000115 seconds
2017-04-24T09:19:46.325+0200: 1634,370: Total time for which application threads were stopped: 0,0000420 seconds, Stopping threads took: 0,0000114 seconds
2017-04-24T09:19:46.325+0200: 1634,370: Total time for which application threads were stopped: 0,0000450 seconds, Stopping threads took: 0,0000118 seconds
2017-04-24T09:19:46.325+0200: 1634,370: Total time for which application threads were stopped: 0,0000809 seconds, Stopping threads took: 0,0000055 seconds
2017-04-24T09:19:46.325+0200: 1634,370: Total time for which application threads were stopped: 0,0000370 seconds, Stopping threads took: 0,0000055 seconds
2017-04-24T09:19:46.325+0200: 1634,370: Total time for which application threads were stopped: 0,0000374 seconds, Stopping threads took: 0,0000045 seconds
2017-04-24T09:19:46.325+0200: 1634,370: Total time for which application threads were stopped: 0,0000343 seconds, Stopping threads took: 0,0000046 seconds
2017-04-24T09:19:46.325+0200: 1634,370: Total time for which application threads were stopped: 0,0000348 seconds, Stopping threads took: 0,0000045 seconds
2017-04-24T09:19:46.325+0200: 1634,370: Total time for which application threads were stopped: 0,0000885 seconds, Stopping threads took: 0,0000555 seconds
2017-04-24T09:19:46.325+0200: 1634,370: Total time for which application threads were stopped: 0,0000352 seconds, Stopping threads took: 0,0000048 seconds
2017-04-24T09:19:46.325+0200: 1634,371: Total time for which application threads were stopped: 0,0000351 seconds, Stopping threads took: 0,0000044 seconds
2017-04-24T09:19:46.325+0200: 1634,371: Total time for which application threads were stopped: 0,0000348 seconds, Stopping threads took: 0,0000044 seconds
2017-04-24T09:19:46.325+0200: 1634,371: Total time for which application threads were stopped: 0,0000353 seconds, Stopping threads took: 0,0000045 seconds
2017-04-24T09:19:46.328+0200: 1634,374: Total time for which application threads were stopped: 0,0000954 seconds, Stopping threads took: 0,0000286 seconds
2017-04-24T09:19:46.329+0200: 1634,374: Total time for which application threads were stopped: 0,0000467 seconds, Stopping threads took: 0,0000127 seconds
2017-04-24T09:19:46.329+0200: 1634,374: Total time for which application threads were stopped: 0,0000421 seconds, Stopping threads took: 0,0000112 seconds
2017-04-24T09:19:46.329+0200: 1634,374: Total time for which application threads were stopped: 0,0000429 seconds, Stopping threads took: 0,0000115 seconds
2017-04-24T09:19:46.329+0200: 1634,374: Total time for which application threads were stopped: 0,0000461 seconds, Stopping threads took: 0,0000159 seconds
2017-04-24T09:19:46.329+0200: 1634,374: Total time for which application threads were stopped: 0,0000521 seconds, Stopping threads took: 0,0000147 seconds
2017-04-24T09:19:46.329+0200: 1634,374: Total time for which application threads were stopped: 0,0000429 seconds, Stopping threads took: 0,0000115 seconds
2017-04-24T09:19:46.329+0200: 1634,375: Total time for which application threads were stopped: 0,0000435 seconds, Stopping threads took: 0,0000111 seconds
2017-04-24T09:19:46.329+0200: 1634,375: Total time for which application threads were stopped: 0,0000423 seconds, Stopping threads took: 0,0000112 seconds
2017-04-24T09:19:46.329+0200: 1634,375: Total time for which application threads were stopped: 0,0000419 seconds, Stopping threads took: 0,0000116 seconds
2017-04-24T09:19:46.333+0200: 1634,379: Total time for which application threads were stopped: 0,0001098 seconds, Stopping threads took: 0,0000317 seconds
2017-04-24T09:19:46.333+0200: 1634,379: Total time for which application threads were stopped: 0,0000574 seconds, Stopping threads took: 0,0000172 seconds
2017-04-24T09:19:46.333+0200: 1634,379: Total time for which application threads were stopped: 0,0000447 seconds, Stopping threads took: 0,0000118 seconds
2017-04-24T09:19:46.334+0200: 1634,379: Total time for which application threads were stopped: 0,0000438 seconds, Stopping threads took: 0,0000138 seconds
2017-04-24T09:19:46.334+0200: 1634,379: Total time for which application threads were stopped: 0,0000416 seconds, Stopping threads took: 0,0000116 seconds
2017-04-24T09:19:46.335+0200: 1634,380: Total time for which application threads were stopped: 0,0001714 seconds, Stopping threads took: 0,0000870 seconds
2017-04-24T09:19:46.337+0200: 1634,382: Total time for which application threads were stopped: 0,0003563 seconds, Stopping threads took: 0,0002812 seconds
2017-04-24T09:19:46.341+0200: 1634,386: Total time for which application threads were stopped: 0,0000918 seconds, Stopping threads took: 0,0000201 seconds
2017-04-24T09:19:46.341+0200: 1634,387: Total time for which application threads were stopped: 0,0001181 seconds, Stopping threads took: 0,0000773 seconds
2017-04-24T09:19:46.346+0200: 1634,391: Total time for which application threads were stopped: 0,0001022 seconds, Stopping threads took: 0,0000440 seconds
2017-04-24T09:19:46.346+0200: 1634,391: Total time for which application threads were stopped: 0,0000571 seconds, Stopping threads took: 0,0000188 seconds
2017-04-24T09:19:46.346+0200: 1634,391: Total time for which application threads were stopped: 0,0000650 seconds, Stopping threads took: 0,0000230 seconds
2017-04-24T09:19:46.347+0200: 1634,392: Total time for which application threads were stopped: 0,0000947 seconds, Stopping threads took: 0,0000434 seconds
2017-04-24T09:19:46.348+0200: 1634,393: Total time for which application threads were stopped: 0,0001540 seconds, Stopping threads took: 0,0000729 seconds
2017-04-24T09:19:46.348+0200: 1634,394: Total time for which application threads were stopped: 0,0000588 seconds, Stopping threads took: 0,0000248 seconds
2017-04-24T09:19:46.348+0200: 1634,394: Total time for which application threads were stopped: 0,0000477 seconds, Stopping threads took: 0,0000170 seconds
2017-04-24T09:19:46.349+0200: 1634,394: Total time for which application threads were stopped: 0,0000595 seconds, Stopping threads took: 0,0000183 seconds
2017-04-24T09:19:46.354+0200: 1634,399: Total time for which application threads were stopped: 0,0000835 seconds, Stopping threads took: 0,0000212 seconds
2017-04-24T09:19:46.354+0200: 1634,399: Total time for which application threads were stopped: 0,0000524 seconds, Stopping threads took: 0,0000159 seconds
2017-04-24T09:19:46.354+0200: 1634,400: Total time for which application threads were stopped: 0,0000759 seconds, Stopping threads took: 0,0000257 seconds
2017-04-24T09:19:46.354+0200: 1634,400: Total time for which application threads were stopped: 0,0000529 seconds, Stopping threads took: 0,0000286 seconds
2017-04-24T09:19:46.355+0200: 1634,400: Total time for which application threads were stopped: 0,0000576 seconds, Stopping threads took: 0,0000175 seconds
2017-04-24T09:19:46.355+0200: 1634,400: Total time for which application threads were stopped: 0,0000507 seconds, Stopping threads took: 0,0000177 seconds
2017-04-24T09:19:46.356+0200: 1634,401: Total time for which application threads were stopped: 0,0000765 seconds, Stopping threads took: 0,0000261 seconds
2017-04-24T09:19:46.356+0200: 1634,401: Total time for which application threads were stopped: 0,0000853 seconds, Stopping threads took: 0,0000238 seconds
2017-04-24T09:19:46.356+0200: 1634,402: Total time for which application threads were stopped: 0,0000611 seconds, Stopping threads took: 0,0000202 seconds
2017-04-24T09:19:46.357+0200: 1634,402: Total time for which application threads were stopped: 0,0001299 seconds, Stopping threads took: 0,0000090 seconds
2017-04-24T09:19:46.357+0200: 1634,402: Total time for which application threads were stopped: 0,0001182 seconds, Stopping threads took: 0,0000271 seconds
2017-04-24T09:19:46.357+0200: 1634,402: Total time for which application threads were stopped: 0,0000273 seconds, Stopping threads took: 0,0000063 seconds
2017-04-24T09:19:46.360+0200: 1634,405: Total time for which application threads were stopped: 0,0025255 seconds, Stopping threads took: 0,0023906 seconds
2017-04-24T09:19:46.361+0200: 1634,406: Total time for which application threads were stopped: 0,0001454 seconds, Stopping threads took: 0,0000709 seconds
2017-04-24T09:19:46.363+0200: 1634,408: Total time for which application threads were stopped: 0,0000555 seconds, Stopping threads took: 0,0000118 seconds
2017-04-24T09:19:46.363+0200: 1634,408: Total time for which application threads were stopped: 0,0000475 seconds, Stopping threads took: 0,0000110 seconds
Heap
 par new generation   total 109248K, used 33336K [0x00000000e0000000, 0x00000000e8000000, 0x00000000e8000000)
  eden space 87424K,  21% used [0x00000000e0000000, 0x00000000e125df10, 0x00000000e5560000)
  from space 21824K,  66% used [0x00000000e5560000, 0x00000000e6390460, 0x00000000e6ab0000)
  to   space 21824K,   0% used [0x00000000e6ab0000, 0x00000000e6ab0000, 0x00000000e8000000)
 concurrent mark-sweep generation total 393216K, used 6892K [0x00000000e8000000, 0x0000000100000000, 0x0000000100000000)
 Metaspace       used 28106K, capacity 28610K, committed 28796K, reserved 1075200K
  class space    used 3226K, capacity 3424K, committed 3452K, reserved 1048576K
