OpenJDK 64-Bit Server VM (25.91-b14) for linux-amd64 JRE (1.8.0_91-8u91-b14-3ubuntu1~16.04.1-b14), built on Jul 21 2016 04:13:34 by "buildd" with gcc 5.3.1 20160413
Memory: 4k page, physical 7867876k(7549376k free), swap 8076284k(8076284k free)
CommandLine flags: -XX:CMSInitiatingOccupancyFraction=50 -XX:CMSMaxAbortablePrecleanTime=6000 -XX:+CMSParallelRemarkEnabled -XX:+CMSScavengeBeforeRemark -XX:ConcGCThreads=4 -XX:InitialHeapSize=536870912 -XX:MaxHeapSize=536870912 -XX:MaxTenuringThreshold=8 -XX:NewRatio=3 -XX:OldPLABSize=16 -XX:OnOutOfMemoryError=/opt/solr/bin/oom_solr.sh 8983 /var/solr/logs -XX:ParallelGCThreads=4 -XX:+ParallelRefProcEnabled -XX:PretenureSizeThreshold=67108864 -XX:+PrintGC -XX:+PrintGCApplicationStoppedTime -XX:+PrintGCDateStamps -XX:+PrintGCDetails -XX:+PrintGCTimeStamps -XX:+PrintHeapAtGC -XX:+PrintTenuringDistribution -XX:SurvivorRatio=4 -XX:TargetSurvivorRatio=90 -XX:ThreadStackSize=256 -XX:+UseCMSInitiatingOccupancyOnly -XX:+UseCompressedClassPointers -XX:+UseCompressedOops -XX:+UseConcMarkSweepGC -XX:+UseParNewGC 
2016-10-23T04:07:19.636+0200: 0,111: Total time for which application threads were stopped: 0,0000702 seconds, Stopping threads took: 0,0000126 seconds
2016-10-23T04:07:19.701+0200: 0,176: Total time for which application threads were stopped: 0,0000938 seconds, Stopping threads took: 0,0000125 seconds
2016-10-23T04:07:19.714+0200: 0,188: Total time for which application threads were stopped: 0,0000735 seconds, Stopping threads took: 0,0000182 seconds
2016-10-23T04:07:19.863+0200: 0,338: Total time for which application threads were stopped: 0,0012988 seconds, Stopping threads took: 0,0000277 seconds
2016-10-23T04:07:20.089+0200: 0,563: Total time for which application threads were stopped: 0,0001181 seconds, Stopping threads took: 0,0000097 seconds
2016-10-23T04:07:20.242+0200: 0,716: Total time for which application threads were stopped: 0,0002198 seconds, Stopping threads took: 0,0000341 seconds
2016-10-23T04:07:20.302+0200: 0,777: Total time for which application threads were stopped: 0,0001814 seconds, Stopping threads took: 0,0000231 seconds
2016-10-23T04:07:20.603+0200: 1,078: Total time for which application threads were stopped: 0,0002245 seconds, Stopping threads took: 0,0000234 seconds
2016-10-23T04:07:20.847+0200: 1,322: Total time for which application threads were stopped: 0,0001882 seconds, Stopping threads took: 0,0000178 seconds
2016-10-23T04:07:20.953+0200: 1,428: Total time for which application threads were stopped: 0,0010961 seconds, Stopping threads took: 0,0000860 seconds
2016-10-23T04:07:20.956+0200: 1,430: Total time for which application threads were stopped: 0,0001628 seconds, Stopping threads took: 0,0000105 seconds
2016-10-23T04:07:20.968+0200: 1,443: Total time for which application threads were stopped: 0,0001911 seconds, Stopping threads took: 0,0000128 seconds
2016-10-23T04:07:21.084+0200: 1,559: Total time for which application threads were stopped: 0,0002759 seconds, Stopping threads took: 0,0000240 seconds
2016-10-23T04:07:21.215+0200: 1,689: Total time for which application threads were stopped: 0,0003423 seconds, Stopping threads took: 0,0001471 seconds
{Heap before GC invocations=0 (full 0):
 par new generation   total 109248K, used 87424K [0x00000000e0000000, 0x00000000e8000000, 0x00000000e8000000)
  eden space 87424K, 100% used [0x00000000e0000000, 0x00000000e5560000, 0x00000000e5560000)
  from space 21824K,   0% used [0x00000000e5560000, 0x00000000e5560000, 0x00000000e6ab0000)
  to   space 21824K,   0% used [0x00000000e6ab0000, 0x00000000e6ab0000, 0x00000000e8000000)
 concurrent mark-sweep generation total 393216K, used 0K [0x00000000e8000000, 0x0000000100000000, 0x0000000100000000)
 Metaspace       used 18287K, capacity 18598K, committed 18944K, reserved 1067008K
  class space    used 2083K, capacity 2196K, committed 2304K, reserved 1048576K
2016-10-23T04:07:21.368+0200: 1,842: [GC (Allocation Failure) 2016-10-23T04:07:21.368+0200: 1,842: [ParNew
Desired survivor size 20112992 bytes, new threshold 8 (max 8)
- age   1:   12259712 bytes,   12259712 total
: 87424K->12085K(109248K), 0,0305982 secs] 87424K->12085K(502464K), 0,0307817 secs] [Times: user=0,05 sys=0,04, real=0,02 secs] 
Heap after GC invocations=1 (full 0):
 par new generation   total 109248K, used 12085K [0x00000000e0000000, 0x00000000e8000000, 0x00000000e8000000)
  eden space 87424K,   0% used [0x00000000e0000000, 0x00000000e0000000, 0x00000000e5560000)
  from space 21824K,  55% used [0x00000000e6ab0000, 0x00000000e767d5c0, 0x00000000e8000000)
  to   space 21824K,   0% used [0x00000000e5560000, 0x00000000e5560000, 0x00000000e6ab0000)
 concurrent mark-sweep generation total 393216K, used 0K [0x00000000e8000000, 0x0000000100000000, 0x0000000100000000)
 Metaspace       used 18287K, capacity 18598K, committed 18944K, reserved 1067008K
  class space    used 2083K, capacity 2196K, committed 2304K, reserved 1048576K
}
2016-10-23T04:07:21.398+0200: 1,873: Total time for which application threads were stopped: 0,0310885 seconds, Stopping threads took: 0,0000299 seconds
2016-10-23T04:07:21.548+0200: 2,022: Total time for which application threads were stopped: 0,0002853 seconds, Stopping threads took: 0,0000226 seconds
2016-10-23T04:07:21.577+0200: 2,052: Total time for which application threads were stopped: 0,0002901 seconds, Stopping threads took: 0,0000269 seconds
2016-10-23T04:07:21.600+0200: 2,075: Total time for which application threads were stopped: 0,0003327 seconds, Stopping threads took: 0,0000233 seconds
{Heap before GC invocations=1 (full 0):
 par new generation   total 109248K, used 99509K [0x00000000e0000000, 0x00000000e8000000, 0x00000000e8000000)
  eden space 87424K, 100% used [0x00000000e0000000, 0x00000000e5560000, 0x00000000e5560000)
  from space 21824K,  55% used [0x00000000e6ab0000, 0x00000000e767d5c0, 0x00000000e8000000)
  to   space 21824K,   0% used [0x00000000e5560000, 0x00000000e5560000, 0x00000000e6ab0000)
 concurrent mark-sweep generation total 393216K, used 0K [0x00000000e8000000, 0x0000000100000000, 0x0000000100000000)
 Metaspace       used 20676K, capacity 21026K, committed 21248K, reserved 1069056K
  class space    used 2401K, capacity 2519K, committed 2560K, reserved 1048576K
2016-10-23T04:07:21.772+0200: 2,247: [GC (Allocation Failure) 2016-10-23T04:07:21.772+0200: 2,247: [ParNew
Desired survivor size 20112992 bytes, new threshold 8 (max 8)
- age   1:    2675896 bytes,    2675896 total
- age   2:    6018016 bytes,    8693912 total
: 99509K->12892K(109248K), 0,0189970 secs] 99509K->12892K(502464K), 0,0190696 secs] [Times: user=0,06 sys=0,00, real=0,02 secs] 
Heap after GC invocations=2 (full 0):
 par new generation   total 109248K, used 12892K [0x00000000e0000000, 0x00000000e8000000, 0x00000000e8000000)
  eden space 87424K,   0% used [0x00000000e0000000, 0x00000000e0000000, 0x00000000e5560000)
  from space 21824K,  59% used [0x00000000e5560000, 0x00000000e61f7020, 0x00000000e6ab0000)
  to   space 21824K,   0% used [0x00000000e6ab0000, 0x00000000e6ab0000, 0x00000000e8000000)
 concurrent mark-sweep generation total 393216K, used 0K [0x00000000e8000000, 0x0000000100000000, 0x0000000100000000)
 Metaspace       used 20676K, capacity 21026K, committed 21248K, reserved 1069056K
  class space    used 2401K, capacity 2519K, committed 2560K, reserved 1048576K
}
2016-10-23T04:07:21.791+0200: 2,266: Total time for which application threads were stopped: 0,0193367 seconds, Stopping threads took: 0,0000607 seconds
2016-10-23T04:07:21.861+0200: 2,336: Total time for which application threads were stopped: 0,0002071 seconds, Stopping threads took: 0,0001172 seconds
2016-10-23T04:07:21.877+0200: 2,352: Total time for which application threads were stopped: 0,0002746 seconds, Stopping threads took: 0,0000168 seconds
2016-10-23T04:07:21.882+0200: 2,357: Total time for which application threads were stopped: 0,0000692 seconds, Stopping threads took: 0,0000129 seconds
2016-10-23T04:07:21.927+0200: 2,402: Total time for which application threads were stopped: 0,0001154 seconds, Stopping threads took: 0,0000271 seconds
2016-10-23T04:07:21.953+0200: 2,428: Total time for which application threads were stopped: 0,0001026 seconds, Stopping threads took: 0,0000248 seconds
2016-10-23T04:07:21.973+0200: 2,447: Total time for which application threads were stopped: 0,0001281 seconds, Stopping threads took: 0,0000320 seconds
2016-10-23T04:07:21.976+0200: 2,450: Total time for which application threads were stopped: 0,0003030 seconds, Stopping threads took: 0,0000222 seconds
2016-10-23T04:07:22.005+0200: 2,480: Total time for which application threads were stopped: 0,0000816 seconds, Stopping threads took: 0,0000298 seconds
2016-10-23T04:07:22.026+0200: 2,501: Total time for which application threads were stopped: 0,0000973 seconds, Stopping threads took: 0,0000132 seconds
2016-10-23T04:07:22.042+0200: 2,517: Total time for which application threads were stopped: 0,0000799 seconds, Stopping threads took: 0,0000178 seconds
2016-10-23T04:07:22.056+0200: 2,530: Total time for which application threads were stopped: 0,0000690 seconds, Stopping threads took: 0,0000123 seconds
2016-10-23T04:07:22.084+0200: 2,558: Total time for which application threads were stopped: 0,0000833 seconds, Stopping threads took: 0,0000127 seconds
2016-10-23T04:07:22.105+0200: 2,579: Total time for which application threads were stopped: 0,0001233 seconds, Stopping threads took: 0,0000466 seconds
2016-10-23T04:07:22.155+0200: 2,629: Total time for which application threads were stopped: 0,0001155 seconds, Stopping threads took: 0,0000469 seconds
2016-10-23T04:07:22.189+0200: 2,664: Total time for which application threads were stopped: 0,0001254 seconds, Stopping threads took: 0,0000275 seconds
2016-10-23T04:07:22.215+0200: 2,690: Total time for which application threads were stopped: 0,0001357 seconds, Stopping threads took: 0,0000507 seconds
2016-10-23T04:07:22.245+0200: 2,720: Total time for which application threads were stopped: 0,0001201 seconds, Stopping threads took: 0,0000286 seconds
2016-10-23T04:07:22.271+0200: 2,746: Total time for which application threads were stopped: 0,0001311 seconds, Stopping threads took: 0,0000238 seconds
2016-10-23T04:07:22.299+0200: 2,773: Total time for which application threads were stopped: 0,0001313 seconds, Stopping threads took: 0,0000253 seconds
2016-10-23T04:07:22.322+0200: 2,796: Total time for which application threads were stopped: 0,0001285 seconds, Stopping threads took: 0,0000339 seconds
{Heap before GC invocations=2 (full 0):
 par new generation   total 109248K, used 100316K [0x00000000e0000000, 0x00000000e8000000, 0x00000000e8000000)
  eden space 87424K, 100% used [0x00000000e0000000, 0x00000000e5560000, 0x00000000e5560000)
  from space 21824K,  59% used [0x00000000e5560000, 0x00000000e61f7020, 0x00000000e6ab0000)
  to   space 21824K,   0% used [0x00000000e6ab0000, 0x00000000e6ab0000, 0x00000000e8000000)
 concurrent mark-sweep generation total 393216K, used 0K [0x00000000e8000000, 0x0000000100000000, 0x0000000100000000)
 Metaspace       used 26532K, capacity 26916K, committed 27196K, reserved 1073152K
  class space    used 3088K, capacity 3222K, committed 3244K, reserved 1048576K
2016-10-23T04:07:22.332+0200: 2,807: [GC (Allocation Failure) 2016-10-23T04:07:22.332+0200: 2,807: [ParNew
Desired survivor size 20112992 bytes, new threshold 8 (max 8)
- age   1:    8551960 bytes,    8551960 total
- age   2:     515600 bytes,    9067560 total
- age   3:    5983352 bytes,   15050912 total
: 100316K->17104K(109248K), 0,0227710 secs] 100316K->17104K(502464K), 0,0228313 secs] [Times: user=0,09 sys=0,00, real=0,02 secs] 
Heap after GC invocations=3 (full 0):
 par new generation   total 109248K, used 17104K [0x00000000e0000000, 0x00000000e8000000, 0x00000000e8000000)
  eden space 87424K,   0% used [0x00000000e0000000, 0x00000000e0000000, 0x00000000e5560000)
  from space 21824K,  78% used [0x00000000e6ab0000, 0x00000000e7b64050, 0x00000000e8000000)
  to   space 21824K,   0% used [0x00000000e5560000, 0x00000000e5560000, 0x00000000e6ab0000)
 concurrent mark-sweep generation total 393216K, used 0K [0x00000000e8000000, 0x0000000100000000, 0x0000000100000000)
 Metaspace       used 26532K, capacity 26916K, committed 27196K, reserved 1073152K
  class space    used 3088K, capacity 3222K, committed 3244K, reserved 1048576K
}
2016-10-23T04:07:22.355+0200: 2,830: Total time for which application threads were stopped: 0,0230719 seconds, Stopping threads took: 0,0000717 seconds
2016-10-23T04:07:22.358+0200: 2,832: [GC (CMS Initial Mark) [1 CMS-initial-mark: 0K(393216K)] 19302K(502464K), 0,0051136 secs] [Times: user=0,02 sys=0,00, real=0,01 secs] 
2016-10-23T04:07:22.363+0200: 2,838: Total time for which application threads were stopped: 0,0052488 seconds, Stopping threads took: 0,0000252 seconds
2016-10-23T04:07:22.363+0200: 2,838: [CMS-concurrent-mark-start]
2016-10-23T04:07:22.367+0200: 2,842: [CMS-concurrent-mark: 0,004/0,004 secs] [Times: user=0,01 sys=0,00, real=0,01 secs] 
2016-10-23T04:07:22.367+0200: 2,842: [CMS-concurrent-preclean-start]
2016-10-23T04:07:22.369+0200: 2,843: [CMS-concurrent-preclean: 0,001/0,001 secs] [Times: user=0,00 sys=0,00, real=0,00 secs] 
2016-10-23T04:07:22.369+0200: 2,843: [CMS-concurrent-abortable-preclean-start]
2016-10-23T04:07:22.390+0200: 2,865: Total time for which application threads were stopped: 0,0001103 seconds, Stopping threads took: 0,0000332 seconds
2016-10-23T04:07:23.390+0200: 3,865: Total time for which application threads were stopped: 0,0000701 seconds, Stopping threads took: 0,0000273 seconds
2016-10-23T04:07:23.579+0200: 4,053: Total time for which application threads were stopped: 0,0002257 seconds, Stopping threads took: 0,0000152 seconds
 CMS: abort preclean due to time 2016-10-23T04:07:28.404+0200: 8,878: [CMS-concurrent-abortable-preclean: 2,524/6,035 secs] [Times: user=2,80 sys=0,01, real=6,03 secs] 
2016-10-23T04:07:28.404+0200: 8,879: [GC (CMS Final Remark) [YG occupancy: 26863 K (109248 K)]{Heap before GC invocations=3 (full 1):
 par new generation   total 109248K, used 26863K [0x00000000e0000000, 0x00000000e8000000, 0x00000000e8000000)
  eden space 87424K,  11% used [0x00000000e0000000, 0x00000000e0987d60, 0x00000000e5560000)
  from space 21824K,  78% used [0x00000000e6ab0000, 0x00000000e7b64050, 0x00000000e8000000)
  to   space 21824K,   0% used [0x00000000e5560000, 0x00000000e5560000, 0x00000000e6ab0000)
 concurrent mark-sweep generation total 393216K, used 0K [0x00000000e8000000, 0x0000000100000000, 0x0000000100000000)
 Metaspace       used 26897K, capacity 27300K, committed 27528K, reserved 1073152K
  class space    used 3138K, capacity 3286K, committed 3320K, reserved 1048576K
2016-10-23T04:07:28.404+0200: 8,879: [GC (CMS Final Remark) 2016-10-23T04:07:28.404+0200: 8,879: [ParNew
Desired survivor size 20112992 bytes, new threshold 8 (max 8)
- age   1:    2559816 bytes,    2559816 total
- age   2:    3373392 bytes,    5933208 total
- age   3:     515328 bytes,    6448536 total
- age   4:    5948096 bytes,   12396632 total
: 26863K->17734K(109248K), 0,0400204 secs] 26863K->17734K(502464K), 0,0400715 secs] [Times: user=0,04 sys=0,01, real=0,04 secs] 
Heap after GC invocations=4 (full 1):
 par new generation   total 109248K, used 17734K [0x00000000e0000000, 0x00000000e8000000, 0x00000000e8000000)
  eden space 87424K,   0% used [0x00000000e0000000, 0x00000000e0000000, 0x00000000e5560000)
  from space 21824K,  81% used [0x00000000e5560000, 0x00000000e66b1820, 0x00000000e6ab0000)
  to   space 21824K,   0% used [0x00000000e6ab0000, 0x00000000e6ab0000, 0x00000000e8000000)
 concurrent mark-sweep generation total 393216K, used 0K [0x00000000e8000000, 0x0000000100000000, 0x0000000100000000)
 Metaspace       used 26897K, capacity 27300K, committed 27528K, reserved 1073152K
  class space    used 3138K, capacity 3286K, committed 3320K, reserved 1048576K
}
2016-10-23T04:07:28.444+0200: 8,919: [Rescan (parallel) , 0,0153971 secs]2016-10-23T04:07:28.460+0200: 8,934: [weak refs processing, 0,0081462 secs]2016-10-23T04:07:28.468+0200: 8,942: [class unloading, 0,0035453 secs]2016-10-23T04:07:28.471+0200: 8,946: [scrub symbol table, 0,0265968 secs]2016-10-23T04:07:28.498+0200: 8,973: [scrub string table, 0,0013856 secs][1 CMS-remark: 0K(393216K)] 17734K(502464K), 0,0961569 secs] [Times: user=0,08 sys=0,01, real=0,10 secs] 
2016-10-23T04:07:28.500+0200: 8,975: Total time for which application threads were stopped: 0,0962712 seconds, Stopping threads took: 0,0000180 seconds
2016-10-23T04:07:28.500+0200: 8,975: [CMS-concurrent-sweep-start]
2016-10-23T04:07:28.500+0200: 8,975: [CMS-concurrent-sweep: 0,000/0,000 secs] [Times: user=0,00 sys=0,00, real=0,00 secs] 
2016-10-23T04:07:28.500+0200: 8,975: [CMS-concurrent-reset-start]
2016-10-23T04:07:28.502+0200: 8,976: [CMS-concurrent-reset: 0,001/0,001 secs] [Times: user=0,00 sys=0,00, real=0,00 secs] 
2016-10-23T04:07:51.502+0200: 31,977: Total time for which application threads were stopped: 0,0000750 seconds, Stopping threads took: 0,0000175 seconds
2016-10-23T04:08:20.505+0200: 60,980: Total time for which application threads were stopped: 0,0000742 seconds, Stopping threads took: 0,0000319 seconds
2016-10-23T04:08:25.506+0200: 65,981: Total time for which application threads were stopped: 0,0000852 seconds, Stopping threads took: 0,0000350 seconds
2016-10-23T04:08:35.507+0200: 75,982: Total time for which application threads were stopped: 0,0000663 seconds, Stopping threads took: 0,0000169 seconds
2016-10-23T04:08:40.507+0200: 80,982: Total time for which application threads were stopped: 0,0000668 seconds, Stopping threads took: 0,0000188 seconds
2016-10-23T04:08:45.508+0200: 85,982: Total time for which application threads were stopped: 0,0000602 seconds, Stopping threads took: 0,0000153 seconds
2016-10-23T04:08:50.508+0200: 90,983: Total time for which application threads were stopped: 0,0000882 seconds, Stopping threads took: 0,0000233 seconds
2016-10-23T04:10:01.515+0200: 161,990: Total time for which application threads were stopped: 0,0001136 seconds, Stopping threads took: 0,0000419 seconds
2016-10-23T04:10:06.516+0200: 166,990: Total time for which application threads were stopped: 0,0001527 seconds, Stopping threads took: 0,0000398 seconds
2016-10-23T04:10:20.517+0200: 180,992: Total time for which application threads were stopped: 0,0000709 seconds, Stopping threads took: 0,0000164 seconds
2016-10-23T04:11:16.523+0200: 236,998: Total time for which application threads were stopped: 0,0003837 seconds, Stopping threads took: 0,0001991 seconds
2016-10-23T04:11:55.528+0200: 276,003: Total time for which application threads were stopped: 0,0006995 seconds, Stopping threads took: 0,0001974 seconds
2016-10-23T04:12:06.530+0200: 287,004: Total time for which application threads were stopped: 0,0000610 seconds, Stopping threads took: 0,0000154 seconds
2016-10-23T04:31:00.646+0200: 1421,120: Total time for which application threads were stopped: 0,0000923 seconds, Stopping threads took: 0,0000379 seconds
2016-10-23T04:36:05.676+0200: 1726,151: Total time for which application threads were stopped: 0,0000719 seconds, Stopping threads took: 0,0000281 seconds
2016-10-23T04:46:00.737+0200: 2321,212: Total time for which application threads were stopped: 0,0001202 seconds, Stopping threads took: 0,0000487 seconds
2016-10-23T04:46:01.737+0200: 2322,212: Total time for which application threads were stopped: 0,0000605 seconds, Stopping threads took: 0,0000141 seconds
2016-10-23T04:55:21.794+0200: 2882,269: Total time for which application threads were stopped: 0,0007193 seconds, Stopping threads took: 0,0002721 seconds
2016-10-23T05:00:36.825+0200: 3197,299: Total time for which application threads were stopped: 0,0000753 seconds, Stopping threads took: 0,0000320 seconds
2016-10-23T05:11:20.889+0200: 3841,364: Total time for which application threads were stopped: 0,0000748 seconds, Stopping threads took: 0,0000310 seconds
2016-10-23T05:14:20.907+0200: 4021,381: Total time for which application threads were stopped: 0,0000820 seconds, Stopping threads took: 0,0000278 seconds
2016-10-23T05:51:32.195+0200: 6252,669: Total time for which application threads were stopped: 0,0001497 seconds, Stopping threads took: 0,0000588 seconds
2016-10-23T05:51:57.197+0200: 6277,672: Total time for which application threads were stopped: 0,0000746 seconds, Stopping threads took: 0,0000319 seconds
2016-10-23T05:52:27.201+0200: 6307,675: Total time for which application threads were stopped: 0,0001079 seconds, Stopping threads took: 0,0000431 seconds
2016-10-23T06:11:51.343+0200: 7471,817: Total time for which application threads were stopped: 0,0001825 seconds, Stopping threads took: 0,0000641 seconds
2016-10-23T06:12:21.347+0200: 7501,822: Total time for which application threads were stopped: 0,0001819 seconds, Stopping threads took: 0,0000677 seconds
2016-10-23T06:12:51.352+0200: 7531,827: Total time for which application threads were stopped: 0,0001704 seconds, Stopping threads took: 0,0000673 seconds
2016-10-23T06:15:21.377+0200: 7681,852: Total time for which application threads were stopped: 0,0001522 seconds, Stopping threads took: 0,0000601 seconds
2016-10-23T06:27:33.183+0200: 8413,658: Total time for which application threads were stopped: 0,0001119 seconds, Stopping threads took: 0,0000161 seconds
Heap
 par new generation   total 109248K, used 45012K [0x00000000e0000000, 0x00000000e8000000, 0x00000000e8000000)
  eden space 87424K,  31% used [0x00000000e0000000, 0x00000000e1aa38e8, 0x00000000e5560000)
  from space 21824K,  81% used [0x00000000e5560000, 0x00000000e66b1820, 0x00000000e6ab0000)
  to   space 21824K,   0% used [0x00000000e6ab0000, 0x00000000e6ab0000, 0x00000000e8000000)
 concurrent mark-sweep generation total 393216K, used 0K [0x00000000e8000000, 0x0000000100000000, 0x0000000100000000)
 Metaspace       used 27034K, capacity 27498K, committed 27784K, reserved 1073152K
  class space    used 3154K, capacity 3287K, committed 3320K, reserved 1048576K
