OpenJDK 64-Bit Server VM (25.111-b14) for linux-amd64 JRE (1.8.0_111-8u111-b14-2ubuntu0.16.04.2-b14), built on Oct 27 2016 18:10:19 by "buildd" with gcc 5.4.0 20160609
Memory: 4k page, physical 7867840k(7446580k free), swap 8076284k(8076284k free)
CommandLine flags: -XX:CMSInitiatingOccupancyFraction=50 -XX:CMSMaxAbortablePrecleanTime=6000 -XX:+CMSParallelRemarkEnabled -XX:+CMSScavengeBeforeRemark -XX:ConcGCThreads=4 -XX:InitialHeapSize=536870912 -XX:MaxHeapSize=536870912 -XX:MaxTenuringThreshold=8 -XX:NewRatio=3 -XX:OldPLABSize=16 -XX:OnOutOfMemoryError=/opt/solr/bin/oom_solr.sh 8983 /var/solr/logs -XX:ParallelGCThreads=4 -XX:+ParallelRefProcEnabled -XX:PretenureSizeThreshold=67108864 -XX:+PrintGC -XX:+PrintGCApplicationStoppedTime -XX:+PrintGCDateStamps -XX:+PrintGCDetails -XX:+PrintGCTimeStamps -XX:+PrintHeapAtGC -XX:+PrintTenuringDistribution -XX:SurvivorRatio=4 -XX:TargetSurvivorRatio=90 -XX:ThreadStackSize=256 -XX:+UseCMSInitiatingOccupancyOnly -XX:+UseCompressedClassPointers -XX:+UseCompressedOops -XX:+UseConcMarkSweepGC -XX:+UseParNewGC 
2016-12-05T15:29:30.778+0100: 0,130: Total time for which application threads were stopped: 0,0000790 seconds, Stopping threads took: 0,0000156 seconds
2016-12-05T15:29:30.890+0100: 0,242: Total time for which application threads were stopped: 0,0001105 seconds, Stopping threads took: 0,0000144 seconds
2016-12-05T15:29:30.903+0100: 0,256: Total time for which application threads were stopped: 0,0000825 seconds, Stopping threads took: 0,0000099 seconds
2016-12-05T15:29:31.102+0100: 0,454: Total time for which application threads were stopped: 0,0001388 seconds, Stopping threads took: 0,0000141 seconds
2016-12-05T15:29:31.604+0100: 0,956: Total time for which application threads were stopped: 0,0001777 seconds, Stopping threads took: 0,0000190 seconds
2016-12-05T15:29:31.673+0100: 1,025: Total time for which application threads were stopped: 0,0002976 seconds, Stopping threads took: 0,0000263 seconds
2016-12-05T15:29:31.698+0100: 1,050: Total time for which application threads were stopped: 0,0007320 seconds, Stopping threads took: 0,0001154 seconds
2016-12-05T15:29:31.937+0100: 1,289: Total time for which application threads were stopped: 0,0006057 seconds, Stopping threads took: 0,0000629 seconds
2016-12-05T15:29:32.149+0100: 1,501: Total time for which application threads were stopped: 0,0007817 seconds, Stopping threads took: 0,0000866 seconds
2016-12-05T15:29:32.174+0100: 1,526: Total time for which application threads were stopped: 0,0001855 seconds, Stopping threads took: 0,0000185 seconds
2016-12-05T15:29:32.175+0100: 1,527: Total time for which application threads were stopped: 0,0001628 seconds, Stopping threads took: 0,0000150 seconds
2016-12-05T15:29:32.189+0100: 1,541: Total time for which application threads were stopped: 0,0001568 seconds, Stopping threads took: 0,0000149 seconds
2016-12-05T15:29:32.285+0100: 1,637: Total time for which application threads were stopped: 0,0003789 seconds, Stopping threads took: 0,0000206 seconds
2016-12-05T15:29:32.456+0100: 1,808: Total time for which application threads were stopped: 0,0002487 seconds, Stopping threads took: 0,0000357 seconds
{Heap before GC invocations=0 (full 0):
 par new generation   total 109248K, used 87424K [0x00000000e0000000, 0x00000000e8000000, 0x00000000e8000000)
  eden space 87424K, 100% used [0x00000000e0000000, 0x00000000e5560000, 0x00000000e5560000)
  from space 21824K,   0% used [0x00000000e5560000, 0x00000000e5560000, 0x00000000e6ab0000)
  to   space 21824K,   0% used [0x00000000e6ab0000, 0x00000000e6ab0000, 0x00000000e8000000)
 concurrent mark-sweep generation total 393216K, used 0K [0x00000000e8000000, 0x0000000100000000, 0x0000000100000000)
 Metaspace       used 18100K, capacity 18366K, committed 18560K, reserved 1064960K
  class space    used 2054K, capacity 2162K, committed 2176K, reserved 1048576K
2016-12-05T15:29:32.584+0100: 1,936: [GC (Allocation Failure) 2016-12-05T15:29:32.584+0100: 1,936: [ParNew
Desired survivor size 20112992 bytes, new threshold 8 (max 8)
- age   1:   12324624 bytes,   12324624 total
: 87424K->12143K(109248K), 0,0153879 secs] 87424K->12143K(502464K), 0,0154768 secs] [Times: user=0,04 sys=0,01, real=0,02 secs] 
Heap after GC invocations=1 (full 0):
 par new generation   total 109248K, used 12143K [0x00000000e0000000, 0x00000000e8000000, 0x00000000e8000000)
  eden space 87424K,   0% used [0x00000000e0000000, 0x00000000e0000000, 0x00000000e5560000)
  from space 21824K,  55% used [0x00000000e6ab0000, 0x00000000e768be38, 0x00000000e8000000)
  to   space 21824K,   0% used [0x00000000e5560000, 0x00000000e5560000, 0x00000000e6ab0000)
 concurrent mark-sweep generation total 393216K, used 0K [0x00000000e8000000, 0x0000000100000000, 0x0000000100000000)
 Metaspace       used 18100K, capacity 18366K, committed 18560K, reserved 1064960K
  class space    used 2054K, capacity 2162K, committed 2176K, reserved 1048576K
}
2016-12-05T15:29:32.600+0100: 1,952: Total time for which application threads were stopped: 0,0156875 seconds, Stopping threads took: 0,0000179 seconds
2016-12-05T15:29:32.764+0100: 2,117: Total time for which application threads were stopped: 0,0003227 seconds, Stopping threads took: 0,0000360 seconds
2016-12-05T15:29:32.796+0100: 2,148: Total time for which application threads were stopped: 0,0002964 seconds, Stopping threads took: 0,0000271 seconds
2016-12-05T15:29:32.824+0100: 2,176: Total time for which application threads were stopped: 0,0003308 seconds, Stopping threads took: 0,0000406 seconds
{Heap before GC invocations=1 (full 0):
 par new generation   total 109248K, used 99567K [0x00000000e0000000, 0x00000000e8000000, 0x00000000e8000000)
  eden space 87424K, 100% used [0x00000000e0000000, 0x00000000e5560000, 0x00000000e5560000)
  from space 21824K,  55% used [0x00000000e6ab0000, 0x00000000e768be38, 0x00000000e8000000)
  to   space 21824K,   0% used [0x00000000e5560000, 0x00000000e5560000, 0x00000000e6ab0000)
 concurrent mark-sweep generation total 393216K, used 0K [0x00000000e8000000, 0x0000000100000000, 0x0000000100000000)
 Metaspace       used 20721K, capacity 21020K, committed 21248K, reserved 1069056K
  class space    used 2404K, capacity 2518K, committed 2560K, reserved 1048576K
2016-12-05T15:29:32.990+0100: 2,342: [GC (Allocation Failure) 2016-12-05T15:29:32.990+0100: 2,343: [ParNew
Desired survivor size 20112992 bytes, new threshold 8 (max 8)
- age   1:    2899184 bytes,    2899184 total
- age   2:    6102288 bytes,    9001472 total
: 99567K->11259K(109248K), 0,0098629 secs] 99567K->11259K(502464K), 0,0099435 secs] [Times: user=0,03 sys=0,00, real=0,01 secs] 
Heap after GC invocations=2 (full 0):
 par new generation   total 109248K, used 11259K [0x00000000e0000000, 0x00000000e8000000, 0x00000000e8000000)
  eden space 87424K,   0% used [0x00000000e0000000, 0x00000000e0000000, 0x00000000e5560000)
  from space 21824K,  51% used [0x00000000e5560000, 0x00000000e605eff0, 0x00000000e6ab0000)
  to   space 21824K,   0% used [0x00000000e6ab0000, 0x00000000e6ab0000, 0x00000000e8000000)
 concurrent mark-sweep generation total 393216K, used 0K [0x00000000e8000000, 0x0000000100000000, 0x0000000100000000)
 Metaspace       used 20721K, capacity 21020K, committed 21248K, reserved 1069056K
  class space    used 2404K, capacity 2518K, committed 2560K, reserved 1048576K
}
2016-12-05T15:29:33.000+0100: 2,352: Total time for which application threads were stopped: 0,0101603 seconds, Stopping threads took: 0,0000247 seconds
2016-12-05T15:29:33.052+0100: 2,404: Total time for which application threads were stopped: 0,0000888 seconds, Stopping threads took: 0,0000226 seconds
2016-12-05T15:29:33.084+0100: 2,436: Total time for which application threads were stopped: 0,0000924 seconds, Stopping threads took: 0,0000170 seconds
2016-12-05T15:29:33.084+0100: 2,437: Total time for which application threads were stopped: 0,0002428 seconds, Stopping threads took: 0,0000107 seconds
2016-12-05T15:29:33.109+0100: 2,461: Total time for which application threads were stopped: 0,0000727 seconds, Stopping threads took: 0,0000154 seconds
2016-12-05T15:29:33.183+0100: 2,535: Total time for which application threads were stopped: 0,0001182 seconds, Stopping threads took: 0,0000341 seconds
2016-12-05T15:29:33.200+0100: 2,552: Total time for which application threads were stopped: 0,0001020 seconds, Stopping threads took: 0,0000313 seconds
2016-12-05T15:29:33.207+0100: 2,559: Total time for which application threads were stopped: 0,0002982 seconds, Stopping threads took: 0,0000240 seconds
2016-12-05T15:29:33.213+0100: 2,566: Total time for which application threads were stopped: 0,0002681 seconds, Stopping threads took: 0,0000129 seconds
2016-12-05T15:29:33.223+0100: 2,575: Total time for which application threads were stopped: 0,0000888 seconds, Stopping threads took: 0,0000308 seconds
2016-12-05T15:29:33.251+0100: 2,603: Total time for which application threads were stopped: 0,0000983 seconds, Stopping threads took: 0,0000302 seconds
2016-12-05T15:29:33.267+0100: 2,619: Total time for which application threads were stopped: 0,0000750 seconds, Stopping threads took: 0,0000151 seconds
2016-12-05T15:29:33.285+0100: 2,637: Total time for which application threads were stopped: 0,0000739 seconds, Stopping threads took: 0,0000131 seconds
2016-12-05T15:29:33.305+0100: 2,657: Total time for which application threads were stopped: 0,0000894 seconds, Stopping threads took: 0,0000203 seconds
2016-12-05T15:29:33.334+0100: 2,686: Total time for which application threads were stopped: 0,0000988 seconds, Stopping threads took: 0,0000252 seconds
2016-12-05T15:29:33.394+0100: 2,746: Total time for which application threads were stopped: 0,0000930 seconds, Stopping threads took: 0,0000206 seconds
2016-12-05T15:29:33.427+0100: 2,779: Total time for which application threads were stopped: 0,0001321 seconds, Stopping threads took: 0,0000489 seconds
2016-12-05T15:29:33.437+0100: 2,789: Total time for which application threads were stopped: 0,0004860 seconds, Stopping threads took: 0,0000392 seconds
{Heap before GC invocations=2 (full 0):
 par new generation   total 109248K, used 98683K [0x00000000e0000000, 0x00000000e8000000, 0x00000000e8000000)
  eden space 87424K, 100% used [0x00000000e0000000, 0x00000000e5560000, 0x00000000e5560000)
  from space 21824K,  51% used [0x00000000e5560000, 0x00000000e605eff0, 0x00000000e6ab0000)
  to   space 21824K,   0% used [0x00000000e6ab0000, 0x00000000e6ab0000, 0x00000000e8000000)
 concurrent mark-sweep generation total 393216K, used 0K [0x00000000e8000000, 0x0000000100000000, 0x0000000100000000)
 Metaspace       used 24869K, capacity 25221K, committed 25536K, reserved 1071104K
  class space    used 2897K, capacity 3025K, committed 3144K, reserved 1048576K
2016-12-05T15:29:33.460+0100: 2,812: [GC (Allocation Failure) 2016-12-05T15:29:33.460+0100: 2,812: [ParNew
Desired survivor size 20112992 bytes, new threshold 8 (max 8)
- age   1:    6690800 bytes,    6690800 total
- age   2:     548616 bytes,    7239416 total
- age   3:    6094288 bytes,   13333704 total
: 98683K->19055K(109248K), 0,0171510 secs] 98683K->19055K(502464K), 0,0172144 secs] [Times: user=0,05 sys=0,00, real=0,02 secs] 
Heap after GC invocations=3 (full 0):
 par new generation   total 109248K, used 19055K [0x00000000e0000000, 0x00000000e8000000, 0x00000000e8000000)
  eden space 87424K,   0% used [0x00000000e0000000, 0x00000000e0000000, 0x00000000e5560000)
  from space 21824K,  87% used [0x00000000e6ab0000, 0x00000000e7d4bf40, 0x00000000e8000000)
  to   space 21824K,   0% used [0x00000000e5560000, 0x00000000e5560000, 0x00000000e6ab0000)
 concurrent mark-sweep generation total 393216K, used 0K [0x00000000e8000000, 0x0000000100000000, 0x0000000100000000)
 Metaspace       used 24869K, capacity 25221K, committed 25536K, reserved 1071104K
  class space    used 2897K, capacity 3025K, committed 3144K, reserved 1048576K
}
2016-12-05T15:29:33.478+0100: 2,830: Total time for which application threads were stopped: 0,0174306 seconds, Stopping threads took: 0,0000326 seconds
2016-12-05T15:29:33.479+0100: 2,831: [GC (CMS Initial Mark) [1 CMS-initial-mark: 0K(393216K)] 20459K(502464K), 0,0037957 secs] [Times: user=0,02 sys=0,00, real=0,00 secs] 
2016-12-05T15:29:33.483+0100: 2,835: Total time for which application threads were stopped: 0,0040111 seconds, Stopping threads took: 0,0001048 seconds
2016-12-05T15:29:33.483+0100: 2,835: [CMS-concurrent-mark-start]
2016-12-05T15:29:33.483+0100: 2,835: [CMS-concurrent-mark: 0,000/0,000 secs] [Times: user=0,00 sys=0,00, real=0,00 secs] 
2016-12-05T15:29:33.483+0100: 2,835: [CMS-concurrent-preclean-start]
2016-12-05T15:29:33.484+0100: 2,836: [CMS-concurrent-preclean: 0,001/0,001 secs] [Times: user=0,00 sys=0,00, real=0,00 secs] 
2016-12-05T15:29:33.485+0100: 2,837: [GC (CMS Final Remark) [YG occupancy: 20459 K (109248 K)]{Heap before GC invocations=3 (full 1):
 par new generation   total 109248K, used 20459K [0x00000000e0000000, 0x00000000e8000000, 0x00000000e8000000)
  eden space 87424K,   1% used [0x00000000e0000000, 0x00000000e015ed40, 0x00000000e5560000)
  from space 21824K,  87% used [0x00000000e6ab0000, 0x00000000e7d4bf40, 0x00000000e8000000)
  to   space 21824K,   0% used [0x00000000e5560000, 0x00000000e5560000, 0x00000000e6ab0000)
 concurrent mark-sweep generation total 393216K, used 0K [0x00000000e8000000, 0x0000000100000000, 0x0000000100000000)
 Metaspace       used 24909K, capacity 25317K, committed 25536K, reserved 1071104K
  class space    used 2901K, capacity 3057K, committed 3144K, reserved 1048576K
2016-12-05T15:29:33.485+0100: 2,837: [GC (CMS Final Remark) 2016-12-05T15:29:33.485+0100: 2,837: [ParNew
Desired survivor size 20112992 bytes, new threshold 8 (max 8)
- age   1:      52488 bytes,      52488 total
- age   2:    3150024 bytes,    3202512 total
- age   3:     548616 bytes,    3751128 total
- age   4:    6093568 bytes,    9844696 total
: 20459K->14000K(109248K), 0,0195305 secs] 20459K->14000K(502464K), 0,0195663 secs] [Times: user=0,07 sys=0,00, real=0,02 secs] 
Heap after GC invocations=4 (full 1):
 par new generation   total 109248K, used 14000K [0x00000000e0000000, 0x00000000e8000000, 0x00000000e8000000)
  eden space 87424K,   0% used [0x00000000e0000000, 0x00000000e0000000, 0x00000000e5560000)
  from space 21824K,  64% used [0x00000000e5560000, 0x00000000e630c000, 0x00000000e6ab0000)
  to   space 21824K,   0% used [0x00000000e6ab0000, 0x00000000e6ab0000, 0x00000000e8000000)
 concurrent mark-sweep generation total 393216K, used 0K [0x00000000e8000000, 0x0000000100000000, 0x0000000100000000)
 Metaspace       used 24909K, capacity 25317K, committed 25536K, reserved 1071104K
  class space    used 2901K, capacity 3057K, committed 3144K, reserved 1048576K
}
2016-12-05T15:29:33.504+0100: 2,856: [Rescan (parallel) , 0,0043421 secs]2016-12-05T15:29:33.509+0100: 2,861: [weak refs processing, 0,0004856 secs]2016-12-05T15:29:33.509+0100: 2,861: [class unloading, 0,0031487 secs]2016-12-05T15:29:33.512+0100: 2,864: [scrub symbol table, 0,0032396 secs]2016-12-05T15:29:33.515+0100: 2,868: [scrub string table, 0,0003762 secs][1 CMS-remark: 0K(393216K)] 14000K(502464K), 0,0318575 secs] [Times: user=0,10 sys=0,00, real=0,04 secs] 
2016-12-05T15:29:33.516+0100: 2,869: Total time for which application threads were stopped: 0,0320375 seconds, Stopping threads took: 0,0000972 seconds
2016-12-05T15:29:33.517+0100: 2,869: [CMS-concurrent-sweep-start]
2016-12-05T15:29:33.517+0100: 2,869: [CMS-concurrent-sweep: 0,000/0,000 secs] [Times: user=0,00 sys=0,00, real=0,00 secs] 
2016-12-05T15:29:33.517+0100: 2,869: [CMS-concurrent-reset-start]
2016-12-05T15:29:33.519+0100: 2,871: [CMS-concurrent-reset: 0,002/0,002 secs] [Times: user=0,01 sys=0,00, real=0,00 secs] 
2016-12-05T15:29:33.561+0100: 2,913: Total time for which application threads were stopped: 0,0003657 seconds, Stopping threads took: 0,0000237 seconds
2016-12-05T15:29:34.561+0100: 3,913: Total time for which application threads were stopped: 0,0000867 seconds, Stopping threads took: 0,0000167 seconds
2016-12-05T15:29:34.696+0100: 4,048: Total time for which application threads were stopped: 0,0003410 seconds, Stopping threads took: 0,0000174 seconds
2016-12-05T15:30:02.700+0100: 32,053: Total time for which application threads were stopped: 0,0000592 seconds, Stopping threads took: 0,0000177 seconds
2016-12-05T15:32:17.733+0100: 167,085: Total time for which application threads were stopped: 0,0001551 seconds, Stopping threads took: 0,0000644 seconds
2016-12-05T15:32:31.735+0100: 181,087: Total time for which application threads were stopped: 0,0001388 seconds, Stopping threads took: 0,0000377 seconds
2016-12-05T15:33:27.745+0100: 237,097: Total time for which application threads were stopped: 0,0000851 seconds, Stopping threads took: 0,0000356 seconds
2016-12-05T15:34:01.751+0100: 271,103: Total time for which application threads were stopped: 0,0001046 seconds, Stopping threads took: 0,0000333 seconds
2016-12-05T15:34:06.752+0100: 276,104: Total time for which application threads were stopped: 0,0002184 seconds, Stopping threads took: 0,0000799 seconds
2016-12-05T15:34:12.753+0100: 282,105: Total time for which application threads were stopped: 0,0000756 seconds, Stopping threads took: 0,0000291 seconds
2016-12-05T15:34:17.754+0100: 287,106: Total time for which application threads were stopped: 0,0000728 seconds, Stopping threads took: 0,0000291 seconds
2016-12-05T15:34:52.759+0100: 322,112: Total time for which application threads were stopped: 0,0000944 seconds, Stopping threads took: 0,0000365 seconds
2016-12-05T15:35:51.770+0100: 381,122: Total time for which application threads were stopped: 0,0001534 seconds, Stopping threads took: 0,0000613 seconds
2016-12-05T15:37:32.787+0100: 482,139: Total time for which application threads were stopped: 0,0002003 seconds, Stopping threads took: 0,0000555 seconds
2016-12-05T15:53:11.922+0100: 1421,274: Total time for which application threads were stopped: 0,0000964 seconds, Stopping threads took: 0,0000322 seconds
2016-12-05T15:57:32.958+0100: 1682,310: Total time for which application threads were stopped: 0,0000908 seconds, Stopping threads took: 0,0000347 seconds
2016-12-05T16:08:12.046+0100: 2321,398: Total time for which application threads were stopped: 0,0000872 seconds, Stopping threads took: 0,0000370 seconds
2016-12-05T16:08:13.047+0100: 2322,399: Total time for which application threads were stopped: 0,0001338 seconds, Stopping threads took: 0,0000545 seconds
2016-12-05T16:10:43.068+0100: 2472,420: Total time for which application threads were stopped: 0,0000737 seconds, Stopping threads took: 0,0000301 seconds
2016-12-05T16:22:48.169+0100: 3197,521: Total time for which application threads were stopped: 0,0001721 seconds, Stopping threads took: 0,0000673 seconds
2016-12-05T16:33:22.258+0100: 3831,610: Total time for which application threads were stopped: 0,0000735 seconds, Stopping threads took: 0,0000298 seconds
2016-12-05T16:33:27.259+0100: 3836,611: Total time for which application threads were stopped: 0,0000667 seconds, Stopping threads took: 0,0000163 seconds
2016-12-05T16:36:32.285+0100: 4021,637: Total time for which application threads were stopped: 0,0000728 seconds, Stopping threads took: 0,0000309 seconds
2016-12-05T17:48:19.188+0100: 5964,911: Total time for which application threads were stopped: 0,0000727 seconds, Stopping threads took: 0,0000253 seconds
2016-12-05T17:48:19.193+0100: 5964,917: Total time for which application threads were stopped: 0,0000828 seconds, Stopping threads took: 0,0000166 seconds
Heap
 par new generation   total 109248K, used 57378K [0x00000000e0000000, 0x00000000e8000000, 0x00000000e8000000)
  eden space 87424K,  49% used [0x00000000e0000000, 0x00000000e2a5c938, 0x00000000e5560000)
  from space 21824K,  64% used [0x00000000e5560000, 0x00000000e630c000, 0x00000000e6ab0000)
  to   space 21824K,   0% used [0x00000000e6ab0000, 0x00000000e6ab0000, 0x00000000e8000000)
 concurrent mark-sweep generation total 393216K, used 0K [0x00000000e8000000, 0x0000000100000000, 0x0000000100000000)
 Metaspace       used 27179K, capacity 27595K, committed 27976K, reserved 1073152K
  class space    used 3161K, capacity 3320K, committed 3400K, reserved 1048576K
