OpenJDK 64-Bit Server VM (25.131-b11) for linux-amd64 JRE (1.8.0_131-8u131-b11-0ubuntu1.16.04.2-b11), built on May  6 2017 02:45:27 by "buildd" with gcc 5.4.0 20160609
Memory: 4k page, physical 7867740k(7406880k free), swap 8076284k(8076284k free)
CommandLine flags: -XX:CMSInitiatingOccupancyFraction=50 -XX:CMSMaxAbortablePrecleanTime=6000 -XX:+CMSParallelRemarkEnabled -XX:+CMSScavengeBeforeRemark -XX:ConcGCThreads=4 -XX:InitialHeapSize=536870912 -XX:MaxHeapSize=536870912 -XX:MaxTenuringThreshold=8 -XX:NewRatio=3 -XX:OldPLABSize=16 -XX:OnOutOfMemoryError=/opt/solr/bin/oom_solr.sh 8983 /var/solr/logs -XX:ParallelGCThreads=4 -XX:+ParallelRefProcEnabled -XX:PretenureSizeThreshold=67108864 -XX:+PrintGC -XX:+PrintGCApplicationStoppedTime -XX:+PrintGCDateStamps -XX:+PrintGCDetails -XX:+PrintGCTimeStamps -XX:+PrintHeapAtGC -XX:+PrintTenuringDistribution -XX:SurvivorRatio=4 -XX:TargetSurvivorRatio=90 -XX:ThreadStackSize=256 -XX:+UseCMSInitiatingOccupancyOnly -XX:+UseCompressedClassPointers -XX:+UseCompressedOops -XX:+UseConcMarkSweepGC -XX:+UseParNewGC 
2017-06-03T10:24:35.855+0200: 0,139: Total time for which application threads were stopped: 0,0000649 seconds, Stopping threads took: 0,0000091 seconds
2017-06-03T10:24:35.935+0200: 0,219: Total time for which application threads were stopped: 0,0001461 seconds, Stopping threads took: 0,0000440 seconds
2017-06-03T10:24:35.951+0200: 0,234: Total time for which application threads were stopped: 0,0000717 seconds, Stopping threads took: 0,0000088 seconds
2017-06-03T10:24:36.218+0200: 0,501: Total time for which application threads were stopped: 0,0001365 seconds, Stopping threads took: 0,0000300 seconds
2017-06-03T10:24:36.607+0200: 0,890: Total time for which application threads were stopped: 0,0001305 seconds, Stopping threads took: 0,0000117 seconds
2017-06-03T10:24:36.767+0200: 1,051: Total time for which application threads were stopped: 0,0001930 seconds, Stopping threads took: 0,0000304 seconds
2017-06-03T10:24:36.874+0200: 1,158: Total time for which application threads were stopped: 0,0004574 seconds, Stopping threads took: 0,0000496 seconds
2017-06-03T10:24:37.228+0200: 1,512: Total time for which application threads were stopped: 0,0002751 seconds, Stopping threads took: 0,0000247 seconds
2017-06-03T10:24:37.460+0200: 1,743: Total time for which application threads were stopped: 0,0002069 seconds, Stopping threads took: 0,0000213 seconds
2017-06-03T10:24:37.477+0200: 1,761: Total time for which application threads were stopped: 0,0001927 seconds, Stopping threads took: 0,0000262 seconds
2017-06-03T10:24:37.512+0200: 1,795: Total time for which application threads were stopped: 0,0004272 seconds, Stopping threads took: 0,0000188 seconds
2017-06-03T10:24:37.514+0200: 1,798: Total time for which application threads were stopped: 0,0007208 seconds, Stopping threads took: 0,0002333 seconds
2017-06-03T10:24:37.530+0200: 1,814: Total time for which application threads were stopped: 0,0002912 seconds, Stopping threads took: 0,0000154 seconds
2017-06-03T10:24:37.602+0200: 1,885: Total time for which application threads were stopped: 0,0002680 seconds, Stopping threads took: 0,0000210 seconds
2017-06-03T10:24:37.756+0200: 2,040: Total time for which application threads were stopped: 0,0002670 seconds, Stopping threads took: 0,0000542 seconds
{Heap before GC invocations=0 (full 0):
 par new generation   total 109248K, used 87424K [0x00000000e0000000, 0x00000000e8000000, 0x00000000e8000000)
  eden space 87424K, 100% used [0x00000000e0000000, 0x00000000e5560000, 0x00000000e5560000)
  from space 21824K,   0% used [0x00000000e5560000, 0x00000000e5560000, 0x00000000e6ab0000)
  to   space 21824K,   0% used [0x00000000e6ab0000, 0x00000000e6ab0000, 0x00000000e8000000)
 concurrent mark-sweep generation total 393216K, used 0K [0x00000000e8000000, 0x0000000100000000, 0x0000000100000000)
 Metaspace       used 18006K, capacity 18336K, committed 18688K, reserved 1064960K
  class space    used 2036K, capacity 2196K, committed 2304K, reserved 1048576K
2017-06-03T10:24:37.861+0200: 2,144: [GC (Allocation Failure) 2017-06-03T10:24:37.861+0200: 2,144: [ParNew
Desired survivor size 20112992 bytes, new threshold 8 (max 8)
- age   1:   12618232 bytes,   12618232 total
: 87424K->12435K(109248K), 0,0156628 secs] 87424K->12435K(502464K), 0,0157368 secs] [Times: user=0,04 sys=0,01, real=0,02 secs] 
Heap after GC invocations=1 (full 0):
 par new generation   total 109248K, used 12435K [0x00000000e0000000, 0x00000000e8000000, 0x00000000e8000000)
  eden space 87424K,   0% used [0x00000000e0000000, 0x00000000e0000000, 0x00000000e5560000)
  from space 21824K,  56% used [0x00000000e6ab0000, 0x00000000e76d4eb8, 0x00000000e8000000)
  to   space 21824K,   0% used [0x00000000e5560000, 0x00000000e5560000, 0x00000000e6ab0000)
 concurrent mark-sweep generation total 393216K, used 0K [0x00000000e8000000, 0x0000000100000000, 0x0000000100000000)
 Metaspace       used 18006K, capacity 18336K, committed 18688K, reserved 1064960K
  class space    used 2036K, capacity 2196K, committed 2304K, reserved 1048576K
}
2017-06-03T10:24:37.877+0200: 2,160: Total time for which application threads were stopped: 0,0159574 seconds, Stopping threads took: 0,0000372 seconds
2017-06-03T10:24:38.195+0200: 2,478: Total time for which application threads were stopped: 0,0003070 seconds, Stopping threads took: 0,0000208 seconds
2017-06-03T10:24:38.226+0200: 2,510: Total time for which application threads were stopped: 0,0003760 seconds, Stopping threads took: 0,0000604 seconds
{Heap before GC invocations=1 (full 0):
 par new generation   total 109248K, used 99859K [0x00000000e0000000, 0x00000000e8000000, 0x00000000e8000000)
  eden space 87424K, 100% used [0x00000000e0000000, 0x00000000e5560000, 0x00000000e5560000)
  from space 21824K,  56% used [0x00000000e6ab0000, 0x00000000e76d4eb8, 0x00000000e8000000)
  to   space 21824K,   0% used [0x00000000e5560000, 0x00000000e5560000, 0x00000000e6ab0000)
 concurrent mark-sweep generation total 393216K, used 0K [0x00000000e8000000, 0x0000000100000000, 0x0000000100000000)
 Metaspace       used 20066K, capacity 20432K, committed 20736K, reserved 1067008K
  class space    used 2298K, capacity 2472K, committed 2560K, reserved 1048576K
2017-06-03T10:24:38.238+0200: 2,521: [GC (Allocation Failure) 2017-06-03T10:24:38.238+0200: 2,521: [ParNew
Desired survivor size 20112992 bytes, new threshold 8 (max 8)
- age   1:    3750240 bytes,    3750240 total
- age   2:    6680280 bytes,   10430520 total
: 99859K->13830K(109248K), 0,0154876 secs] 99859K->13830K(502464K), 0,0155540 secs] [Times: user=0,05 sys=0,00, real=0,02 secs] 
Heap after GC invocations=2 (full 0):
 par new generation   total 109248K, used 13830K [0x00000000e0000000, 0x00000000e8000000, 0x00000000e8000000)
  eden space 87424K,   0% used [0x00000000e0000000, 0x00000000e0000000, 0x00000000e5560000)
  from space 21824K,  63% used [0x00000000e5560000, 0x00000000e62e1820, 0x00000000e6ab0000)
  to   space 21824K,   0% used [0x00000000e6ab0000, 0x00000000e6ab0000, 0x00000000e8000000)
 concurrent mark-sweep generation total 393216K, used 0K [0x00000000e8000000, 0x0000000100000000, 0x0000000100000000)
 Metaspace       used 20066K, capacity 20432K, committed 20736K, reserved 1067008K
  class space    used 2298K, capacity 2472K, committed 2560K, reserved 1048576K
}
2017-06-03T10:24:38.253+0200: 2,537: Total time for which application threads were stopped: 0,0170254 seconds, Stopping threads took: 0,0013438 seconds
2017-06-03T10:24:38.296+0200: 2,580: Total time for which application threads were stopped: 0,0003536 seconds, Stopping threads took: 0,0000789 seconds
2017-06-03T10:24:38.418+0200: 2,702: Total time for which application threads were stopped: 0,0016338 seconds, Stopping threads took: 0,0015082 seconds
{Heap before GC invocations=2 (full 0):
 par new generation   total 109248K, used 101254K [0x00000000e0000000, 0x00000000e8000000, 0x00000000e8000000)
  eden space 87424K, 100% used [0x00000000e0000000, 0x00000000e5560000, 0x00000000e5560000)
  from space 21824K,  63% used [0x00000000e5560000, 0x00000000e62e1820, 0x00000000e6ab0000)
  to   space 21824K,   0% used [0x00000000e6ab0000, 0x00000000e6ab0000, 0x00000000e8000000)
 concurrent mark-sweep generation total 393216K, used 0K [0x00000000e8000000, 0x0000000100000000, 0x0000000100000000)
 Metaspace       used 20982K, capacity 21290K, committed 21628K, reserved 1069056K
  class space    used 2421K, capacity 2591K, committed 2684K, reserved 1048576K
2017-06-03T10:24:38.462+0200: 2,745: [GC (Allocation Failure) 2017-06-03T10:24:38.462+0200: 2,745: [ParNew
Desired survivor size 20112992 bytes, new threshold 8 (max 8)
- age   1:    2268808 bytes,    2268808 total
- age   2:     844496 bytes,    3113304 total
- age   3:    6663520 bytes,    9776824 total
: 101254K->13039K(109248K), 0,0117329 secs] 101254K->13039K(502464K), 0,0118266 secs] [Times: user=0,04 sys=0,00, real=0,02 secs] 
Heap after GC invocations=3 (full 0):
 par new generation   total 109248K, used 13039K [0x00000000e0000000, 0x00000000e8000000, 0x00000000e8000000)
  eden space 87424K,   0% used [0x00000000e0000000, 0x00000000e0000000, 0x00000000e5560000)
  from space 21824K,  59% used [0x00000000e6ab0000, 0x00000000e776bf38, 0x00000000e8000000)
  to   space 21824K,   0% used [0x00000000e5560000, 0x00000000e5560000, 0x00000000e6ab0000)
 concurrent mark-sweep generation total 393216K, used 0K [0x00000000e8000000, 0x0000000100000000, 0x0000000100000000)
 Metaspace       used 20982K, capacity 21290K, committed 21628K, reserved 1069056K
  class space    used 2421K, capacity 2591K, committed 2684K, reserved 1048576K
}
2017-06-03T10:24:38.473+0200: 2,757: Total time for which application threads were stopped: 0,0120833 seconds, Stopping threads took: 0,0000684 seconds
2017-06-03T10:24:38.474+0200: 2,757: [GC (CMS Initial Mark) [1 CMS-initial-mark: 0K(393216K)] 13071K(502464K), 0,0050832 secs] [Times: user=0,01 sys=0,00, real=0,00 secs] 
2017-06-03T10:24:38.479+0200: 2,763: Total time for which application threads were stopped: 0,0052288 seconds, Stopping threads took: 0,0000305 seconds
2017-06-03T10:24:38.479+0200: 2,763: [CMS-concurrent-mark-start]
2017-06-03T10:24:38.479+0200: 2,763: [CMS-concurrent-mark: 0,000/0,000 secs] [Times: user=0,01 sys=0,00, real=0,00 secs] 
2017-06-03T10:24:38.479+0200: 2,763: [CMS-concurrent-preclean-start]
2017-06-03T10:24:38.480+0200: 2,764: [CMS-concurrent-preclean: 0,001/0,001 secs] [Times: user=0,00 sys=0,00, real=0,00 secs] 
2017-06-03T10:24:38.481+0200: 2,764: [GC (CMS Final Remark) [YG occupancy: 14524 K (109248 K)]{Heap before GC invocations=3 (full 1):
 par new generation   total 109248K, used 14524K [0x00000000e0000000, 0x00000000e8000000, 0x00000000e8000000)
  eden space 87424K,   1% used [0x00000000e0000000, 0x00000000e01732d0, 0x00000000e5560000)
  from space 21824K,  59% used [0x00000000e6ab0000, 0x00000000e776bf38, 0x00000000e8000000)
  to   space 21824K,   0% used [0x00000000e5560000, 0x00000000e5560000, 0x00000000e6ab0000)
 concurrent mark-sweep generation total 393216K, used 0K [0x00000000e8000000, 0x0000000100000000, 0x0000000100000000)
 Metaspace       used 20982K, capacity 21290K, committed 21628K, reserved 1069056K
  class space    used 2421K, capacity 2591K, committed 2684K, reserved 1048576K
2017-06-03T10:24:38.481+0200: 2,764: [GC (CMS Final Remark) 2017-06-03T10:24:38.481+0200: 2,764: [ParNew
Desired survivor size 20112992 bytes, new threshold 8 (max 8)
- age   1:     169016 bytes,     169016 total
- age   2:    1739936 bytes,    1908952 total
- age   3:     834752 bytes,    2743704 total
- age   4:    6663880 bytes,    9407584 total
: 14524K->12572K(109248K), 0,0088731 secs] 14524K->12572K(502464K), 0,0089209 secs] [Times: user=0,03 sys=0,00, real=0,01 secs] 
Heap after GC invocations=4 (full 1):
 par new generation   total 109248K, used 12572K [0x00000000e0000000, 0x00000000e8000000, 0x00000000e8000000)
  eden space 87424K,   0% used [0x00000000e0000000, 0x00000000e0000000, 0x00000000e5560000)
  from space 21824K,  57% used [0x00000000e5560000, 0x00000000e61a73e0, 0x00000000e6ab0000)
  to   space 21824K,   0% used [0x00000000e6ab0000, 0x00000000e6ab0000, 0x00000000e8000000)
 concurrent mark-sweep generation total 393216K, used 0K [0x00000000e8000000, 0x0000000100000000, 0x0000000100000000)
 Metaspace       used 20982K, capacity 21290K, committed 21628K, reserved 1069056K
  class space    used 2421K, capacity 2591K, committed 2684K, reserved 1048576K
}
2017-06-03T10:24:38.490+0200: 2,773: [Rescan (parallel) , 0,0031860 secs]2017-06-03T10:24:38.493+0200: 2,777: [weak refs processing, 0,0007077 secs]2017-06-03T10:24:38.494+0200: 2,777: [class unloading, 0,0027640 secs]2017-06-03T10:24:38.496+0200: 2,780: [scrub symbol table, 0,0025354 secs]2017-06-03T10:24:38.499+0200: 2,783: [scrub string table, 0,0003632 secs][1 CMS-remark: 0K(393216K)] 12572K(502464K), 0,0191007 secs] [Times: user=0,05 sys=0,00, real=0,02 secs] 
2017-06-03T10:24:38.500+0200: 2,783: Total time for which application threads were stopped: 0,0192548 seconds, Stopping threads took: 0,0000604 seconds
2017-06-03T10:24:38.500+0200: 2,783: [CMS-concurrent-sweep-start]
2017-06-03T10:24:38.500+0200: 2,784: [CMS-concurrent-sweep: 0,000/0,000 secs] [Times: user=0,00 sys=0,00, real=0,00 secs] 
2017-06-03T10:24:38.500+0200: 2,784: [CMS-concurrent-reset-start]
2017-06-03T10:24:38.502+0200: 2,786: [CMS-concurrent-reset: 0,002/0,002 secs] [Times: user=0,00 sys=0,01, real=0,01 secs] 
{Heap before GC invocations=4 (full 1):
 par new generation   total 109248K, used 99996K [0x00000000e0000000, 0x00000000e8000000, 0x00000000e8000000)
  eden space 87424K, 100% used [0x00000000e0000000, 0x00000000e5560000, 0x00000000e5560000)
  from space 21824K,  57% used [0x00000000e5560000, 0x00000000e61a73e0, 0x00000000e6ab0000)
  to   space 21824K,   0% used [0x00000000e6ab0000, 0x00000000e6ab0000, 0x00000000e8000000)
 concurrent mark-sweep generation total 393216K, used 0K [0x00000000e8000000, 0x0000000100000000, 0x0000000100000000)
 Metaspace       used 21217K, capacity 21560K, committed 21884K, reserved 1069056K
  class space    used 2448K, capacity 2605K, committed 2684K, reserved 1048576K
2017-06-03T10:24:38.609+0200: 2,893: [GC (Allocation Failure) 2017-06-03T10:24:38.609+0200: 2,893: [ParNew
Desired survivor size 20112992 bytes, new threshold 8 (max 8)
- age   1:     685408 bytes,     685408 total
- age   2:        560 bytes,     685968 total
- age   3:    1466480 bytes,    2152448 total
- age   4:     811120 bytes,    2963568 total
- age   5:    6663600 bytes,    9627168 total
: 99996K->11755K(109248K), 0,0116055 secs] 99996K->11755K(502464K), 0,0116705 secs] [Times: user=0,04 sys=0,00, real=0,01 secs] 
Heap after GC invocations=5 (full 1):
 par new generation   total 109248K, used 11755K [0x00000000e0000000, 0x00000000e8000000, 0x00000000e8000000)
  eden space 87424K,   0% used [0x00000000e0000000, 0x00000000e0000000, 0x00000000e5560000)
  from space 21824K,  53% used [0x00000000e6ab0000, 0x00000000e762aed0, 0x00000000e8000000)
  to   space 21824K,   0% used [0x00000000e5560000, 0x00000000e5560000, 0x00000000e6ab0000)
 concurrent mark-sweep generation total 393216K, used 0K [0x00000000e8000000, 0x0000000100000000, 0x0000000100000000)
 Metaspace       used 21217K, capacity 21560K, committed 21884K, reserved 1069056K
  class space    used 2448K, capacity 2605K, committed 2684K, reserved 1048576K
}
2017-06-03T10:24:38.621+0200: 2,904: Total time for which application threads were stopped: 0,0118877 seconds, Stopping threads took: 0,0000785 seconds
{Heap before GC invocations=5 (full 1):
 par new generation   total 109248K, used 99179K [0x00000000e0000000, 0x00000000e8000000, 0x00000000e8000000)
  eden space 87424K, 100% used [0x00000000e0000000, 0x00000000e5560000, 0x00000000e5560000)
  from space 21824K,  53% used [0x00000000e6ab0000, 0x00000000e762aed0, 0x00000000e8000000)
  to   space 21824K,   0% used [0x00000000e5560000, 0x00000000e5560000, 0x00000000e6ab0000)
 concurrent mark-sweep generation total 393216K, used 0K [0x00000000e8000000, 0x0000000100000000, 0x0000000100000000)
 Metaspace       used 21378K, capacity 21796K, committed 21884K, reserved 1069056K
  class space    used 2466K, capacity 2639K, committed 2684K, reserved 1048576K
2017-06-03T10:24:38.709+0200: 2,993: [GC (Allocation Failure) 2017-06-03T10:24:38.709+0200: 2,993: [ParNew
Desired survivor size 20112992 bytes, new threshold 8 (max 8)
- age   1:     420664 bytes,     420664 total
- age   2:     184672 bytes,     605336 total
- age   3:        560 bytes,     605896 total
- age   4:    1466232 bytes,    2072128 total
- age   5:     811040 bytes,    2883168 total
- age   6:    6663424 bytes,    9546592 total
: 99179K->12339K(109248K), 0,0159589 secs] 99179K->12339K(502464K), 0,0160315 secs] [Times: user=0,05 sys=0,00, real=0,02 secs] 
Heap after GC invocations=6 (full 1):
 par new generation   total 109248K, used 12339K [0x00000000e0000000, 0x00000000e8000000, 0x00000000e8000000)
  eden space 87424K,   0% used [0x00000000e0000000, 0x00000000e0000000, 0x00000000e5560000)
  from space 21824K,  56% used [0x00000000e5560000, 0x00000000e616cfc0, 0x00000000e6ab0000)
  to   space 21824K,   0% used [0x00000000e6ab0000, 0x00000000e6ab0000, 0x00000000e8000000)
 concurrent mark-sweep generation total 393216K, used 0K [0x00000000e8000000, 0x0000000100000000, 0x0000000100000000)
 Metaspace       used 21378K, capacity 21796K, committed 21884K, reserved 1069056K
  class space    used 2466K, capacity 2639K, committed 2684K, reserved 1048576K
}
2017-06-03T10:24:38.725+0200: 3,009: Total time for which application threads were stopped: 0,0162440 seconds, Stopping threads took: 0,0000668 seconds
2017-06-03T10:24:38.760+0200: 3,044: Total time for which application threads were stopped: 0,0003224 seconds, Stopping threads took: 0,0000215 seconds
2017-06-03T10:24:39.040+0200: 3,324: Total time for which application threads were stopped: 0,0005770 seconds, Stopping threads took: 0,0000748 seconds
2017-06-03T10:24:39.057+0200: 3,341: Total time for which application threads were stopped: 0,0004581 seconds, Stopping threads took: 0,0000518 seconds
{Heap before GC invocations=6 (full 1):
 par new generation   total 109248K, used 99763K [0x00000000e0000000, 0x00000000e8000000, 0x00000000e8000000)
  eden space 87424K, 100% used [0x00000000e0000000, 0x00000000e5560000, 0x00000000e5560000)
  from space 21824K,  56% used [0x00000000e5560000, 0x00000000e616cfc0, 0x00000000e6ab0000)
  to   space 21824K,   0% used [0x00000000e6ab0000, 0x00000000e6ab0000, 0x00000000e8000000)
 concurrent mark-sweep generation total 393216K, used 0K [0x00000000e8000000, 0x0000000100000000, 0x0000000100000000)
 Metaspace       used 23804K, capacity 24228K, committed 24572K, reserved 1071104K
  class space    used 2801K, capacity 2981K, committed 3068K, reserved 1048576K
2017-06-03T10:24:39.229+0200: 3,513: [GC (Allocation Failure) 2017-06-03T10:24:39.229+0200: 3,513: [ParNew
Desired survivor size 20112992 bytes, new threshold 8 (max 8)
- age   1:    5263152 bytes,    5263152 total
- age   2:     117184 bytes,    5380336 total
- age   3:     183272 bytes,    5563608 total
- age   4:        536 bytes,    5564144 total
- age   5:     296392 bytes,    5860536 total
- age   6:     784848 bytes,    6645384 total
- age   7:    6655352 bytes,   13300736 total
: 99763K->16658K(109248K), 0,0164896 secs] 99763K->16658K(502464K), 0,0165710 secs] [Times: user=0,06 sys=0,00, real=0,02 secs] 
Heap after GC invocations=7 (full 1):
 par new generation   total 109248K, used 16658K [0x00000000e0000000, 0x00000000e8000000, 0x00000000e8000000)
  eden space 87424K,   0% used [0x00000000e0000000, 0x00000000e0000000, 0x00000000e5560000)
  from space 21824K,  76% used [0x00000000e6ab0000, 0x00000000e7af48a0, 0x00000000e8000000)
  to   space 21824K,   0% used [0x00000000e5560000, 0x00000000e5560000, 0x00000000e6ab0000)
 concurrent mark-sweep generation total 393216K, used 0K [0x00000000e8000000, 0x0000000100000000, 0x0000000100000000)
 Metaspace       used 23804K, capacity 24228K, committed 24572K, reserved 1071104K
  class space    used 2801K, capacity 2981K, committed 3068K, reserved 1048576K
}
2017-06-03T10:24:39.246+0200: 3,529: Total time for which application threads were stopped: 0,0168862 seconds, Stopping threads took: 0,0000952 seconds
{Heap before GC invocations=7 (full 1):
 par new generation   total 109248K, used 104082K [0x00000000e0000000, 0x00000000e8000000, 0x00000000e8000000)
  eden space 87424K, 100% used [0x00000000e0000000, 0x00000000e5560000, 0x00000000e5560000)
  from space 21824K,  76% used [0x00000000e6ab0000, 0x00000000e7af48a0, 0x00000000e8000000)
  to   space 21824K,   0% used [0x00000000e5560000, 0x00000000e5560000, 0x00000000e6ab0000)
 concurrent mark-sweep generation total 393216K, used 0K [0x00000000e8000000, 0x0000000100000000, 0x0000000100000000)
 Metaspace       used 24269K, capacity 24746K, committed 24828K, reserved 1071104K
  class space    used 2847K, capacity 3046K, committed 3068K, reserved 1048576K
2017-06-03T10:24:39.342+0200: 3,626: [GC (Allocation Failure) 2017-06-03T10:24:39.342+0200: 3,626: [ParNew
Desired survivor size 20112992 bytes, new threshold 8 (max 8)
- age   1:    1977336 bytes,    1977336 total
- age   2:    1761000 bytes,    3738336 total
- age   3:      63672 bytes,    3802008 total
- age   4:      93168 bytes,    3895176 total
- age   5:        536 bytes,    3895712 total
- age   6:     184928 bytes,    4080640 total
- age   7:     756720 bytes,    4837360 total
- age   8:    6122480 bytes,   10959840 total
: 104082K->16694K(109248K), 0,0151978 secs] 104082K->16694K(502464K), 0,0152705 secs] [Times: user=0,06 sys=0,00, real=0,01 secs] 
Heap after GC invocations=8 (full 1):
 par new generation   total 109248K, used 16694K [0x00000000e0000000, 0x00000000e8000000, 0x00000000e8000000)
  eden space 87424K,   0% used [0x00000000e0000000, 0x00000000e0000000, 0x00000000e5560000)
  from space 21824K,  76% used [0x00000000e5560000, 0x00000000e65adba0, 0x00000000e6ab0000)
  to   space 21824K,   0% used [0x00000000e6ab0000, 0x00000000e6ab0000, 0x00000000e8000000)
 concurrent mark-sweep generation total 393216K, used 0K [0x00000000e8000000, 0x0000000100000000, 0x0000000100000000)
 Metaspace       used 24269K, capacity 24746K, committed 24828K, reserved 1071104K
  class space    used 2847K, capacity 3046K, committed 3068K, reserved 1048576K
}
2017-06-03T10:24:39.357+0200: 3,641: Total time for which application threads were stopped: 0,0223862 seconds, Stopping threads took: 0,0069540 seconds
{Heap before GC invocations=8 (full 1):
 par new generation   total 109248K, used 104118K [0x00000000e0000000, 0x00000000e8000000, 0x00000000e8000000)
  eden space 87424K, 100% used [0x00000000e0000000, 0x00000000e5560000, 0x00000000e5560000)
  from space 21824K,  76% used [0x00000000e5560000, 0x00000000e65adba0, 0x00000000e6ab0000)
  to   space 21824K,   0% used [0x00000000e6ab0000, 0x00000000e6ab0000, 0x00000000e8000000)
 concurrent mark-sweep generation total 393216K, used 0K [0x00000000e8000000, 0x0000000100000000, 0x0000000100000000)
 Metaspace       used 24628K, capacity 25124K, committed 25468K, reserved 1071104K
  class space    used 2880K, capacity 3083K, committed 3196K, reserved 1048576K
2017-06-03T10:24:39.468+0200: 3,751: [GC (Allocation Failure) 2017-06-03T10:24:39.468+0200: 3,751: [ParNew
Desired survivor size 20112992 bytes, new threshold 8 (max 8)
- age   1:    1037768 bytes,    1037768 total
- age   2:     991880 bytes,    2029648 total
- age   3:    1738680 bytes,    3768328 total
- age   4:      63672 bytes,    3832000 total
- age   5:      93032 bytes,    3925032 total
- age   6:        536 bytes,    3925568 total
- age   7:     182096 bytes,    4107664 total
- age   8:     755976 bytes,    4863640 total
: 104118K->8187K(109248K), 0,0304069 secs] 104118K->14248K(502464K), 0,0304846 secs] [Times: user=0,10 sys=0,00, real=0,03 secs] 
Heap after GC invocations=9 (full 1):
 par new generation   total 109248K, used 8187K [0x00000000e0000000, 0x00000000e8000000, 0x00000000e8000000)
  eden space 87424K,   0% used [0x00000000e0000000, 0x00000000e0000000, 0x00000000e5560000)
  from space 21824K,  37% used [0x00000000e6ab0000, 0x00000000e72aed50, 0x00000000e8000000)
  to   space 21824K,   0% used [0x00000000e5560000, 0x00000000e5560000, 0x00000000e6ab0000)
 concurrent mark-sweep generation total 393216K, used 6061K [0x00000000e8000000, 0x0000000100000000, 0x0000000100000000)
 Metaspace       used 24628K, capacity 25124K, committed 25468K, reserved 1071104K
  class space    used 2880K, capacity 3083K, committed 3196K, reserved 1048576K
}
2017-06-03T10:24:39.498+0200: 3,782: Total time for which application threads were stopped: 0,0307485 seconds, Stopping threads took: 0,0000666 seconds
2017-06-03T10:24:39.774+0200: 4,058: Total time for which application threads were stopped: 0,0004789 seconds, Stopping threads took: 0,0000580 seconds
2017-06-03T10:24:39.796+0200: 4,079: Total time for which application threads were stopped: 0,0015007 seconds, Stopping threads took: 0,0014309 seconds
2017-06-03T10:24:39.797+0200: 4,080: Total time for which application threads were stopped: 0,0000871 seconds, Stopping threads took: 0,0000310 seconds
2017-06-03T10:24:39.797+0200: 4,080: Total time for which application threads were stopped: 0,0000697 seconds, Stopping threads took: 0,0000208 seconds
2017-06-03T10:24:39.798+0200: 4,082: Total time for which application threads were stopped: 0,0001082 seconds, Stopping threads took: 0,0000300 seconds
2017-06-03T10:24:39.799+0200: 4,083: Total time for which application threads were stopped: 0,0001086 seconds, Stopping threads took: 0,0000266 seconds
2017-06-03T10:24:39.800+0200: 4,084: Total time for which application threads were stopped: 0,0001064 seconds, Stopping threads took: 0,0000313 seconds
2017-06-03T10:24:39.805+0200: 4,089: Total time for which application threads were stopped: 0,0012089 seconds, Stopping threads took: 0,0010887 seconds
2017-06-03T10:24:39.813+0200: 4,096: Total time for which application threads were stopped: 0,0001041 seconds, Stopping threads took: 0,0000213 seconds
2017-06-03T10:24:39.818+0200: 4,101: Total time for which application threads were stopped: 0,0004290 seconds, Stopping threads took: 0,0000259 seconds
2017-06-03T10:24:39.820+0200: 4,103: Total time for which application threads were stopped: 0,0002378 seconds, Stopping threads took: 0,0001586 seconds
2017-06-03T10:24:39.821+0200: 4,105: Total time for which application threads were stopped: 0,0001193 seconds, Stopping threads took: 0,0000353 seconds
2017-06-03T10:24:39.831+0200: 4,115: Total time for which application threads were stopped: 0,0001443 seconds, Stopping threads took: 0,0000396 seconds
2017-06-03T10:24:39.832+0200: 4,116: Total time for which application threads were stopped: 0,0003642 seconds, Stopping threads took: 0,0000127 seconds
2017-06-03T10:24:39.838+0200: 4,121: Total time for which application threads were stopped: 0,0017435 seconds, Stopping threads took: 0,0016630 seconds
2017-06-03T10:24:39.843+0200: 4,126: Total time for which application threads were stopped: 0,0001096 seconds, Stopping threads took: 0,0000216 seconds
2017-06-03T10:24:39.845+0200: 4,128: Total time for which application threads were stopped: 0,0000984 seconds, Stopping threads took: 0,0000225 seconds
2017-06-03T10:24:39.845+0200: 4,129: Total time for which application threads were stopped: 0,0000790 seconds, Stopping threads took: 0,0000175 seconds
2017-06-03T10:24:39.846+0200: 4,130: Total time for which application threads were stopped: 0,0000793 seconds, Stopping threads took: 0,0000162 seconds
2017-06-03T10:24:39.873+0200: 4,156: Total time for which application threads were stopped: 0,0001925 seconds, Stopping threads took: 0,0000964 seconds
2017-06-03T10:24:39.873+0200: 4,157: Total time for which application threads were stopped: 0,0001070 seconds, Stopping threads took: 0,0000361 seconds
2017-06-03T10:24:39.874+0200: 4,158: Total time for which application threads were stopped: 0,0005954 seconds, Stopping threads took: 0,0005291 seconds
2017-06-03T10:24:39.879+0200: 4,163: Total time for which application threads were stopped: 0,0003756 seconds, Stopping threads took: 0,0000209 seconds
2017-06-03T10:24:39.882+0200: 4,166: Total time for which application threads were stopped: 0,0021550 seconds, Stopping threads took: 0,0020169 seconds
2017-06-03T10:24:39.883+0200: 4,166: Total time for which application threads were stopped: 0,0000967 seconds, Stopping threads took: 0,0000237 seconds
2017-06-03T10:24:39.883+0200: 4,167: Total time for which application threads were stopped: 0,0001328 seconds, Stopping threads took: 0,0000649 seconds
2017-06-03T10:24:39.883+0200: 4,167: Total time for which application threads were stopped: 0,0000830 seconds, Stopping threads took: 0,0000239 seconds
2017-06-03T10:24:39.883+0200: 4,167: Total time for which application threads were stopped: 0,0000745 seconds, Stopping threads took: 0,0000225 seconds
2017-06-03T10:24:39.884+0200: 4,168: Total time for which application threads were stopped: 0,0000951 seconds, Stopping threads took: 0,0000294 seconds
2017-06-03T10:24:39.888+0200: 4,172: Total time for which application threads were stopped: 0,0000786 seconds, Stopping threads took: 0,0000205 seconds
2017-06-03T10:24:39.893+0200: 4,177: Total time for which application threads were stopped: 0,0001237 seconds, Stopping threads took: 0,0000369 seconds
2017-06-03T10:24:39.902+0200: 4,185: Total time for which application threads were stopped: 0,0006951 seconds, Stopping threads took: 0,0006161 seconds
2017-06-03T10:24:39.902+0200: 4,186: Total time for which application threads were stopped: 0,0001114 seconds, Stopping threads took: 0,0000295 seconds
2017-06-03T10:24:39.903+0200: 4,187: Total time for which application threads were stopped: 0,0001619 seconds, Stopping threads took: 0,0000838 seconds
2017-06-03T10:24:39.904+0200: 4,188: Total time for which application threads were stopped: 0,0001449 seconds, Stopping threads took: 0,0000606 seconds
2017-06-03T10:24:39.905+0200: 4,188: Total time for which application threads were stopped: 0,0000920 seconds, Stopping threads took: 0,0000246 seconds
2017-06-03T10:24:39.905+0200: 4,188: Total time for which application threads were stopped: 0,0000805 seconds, Stopping threads took: 0,0000302 seconds
2017-06-03T10:24:39.905+0200: 4,188: Total time for which application threads were stopped: 0,0000539 seconds, Stopping threads took: 0,0000223 seconds
2017-06-03T10:24:39.905+0200: 4,188: Total time for which application threads were stopped: 0,0000559 seconds, Stopping threads took: 0,0000219 seconds
2017-06-03T10:24:39.905+0200: 4,189: Total time for which application threads were stopped: 0,0000498 seconds, Stopping threads took: 0,0000149 seconds
2017-06-03T10:24:39.905+0200: 4,189: Total time for which application threads were stopped: 0,0000397 seconds, Stopping threads took: 0,0000067 seconds
2017-06-03T10:24:39.905+0200: 4,189: Total time for which application threads were stopped: 0,0000423 seconds, Stopping threads took: 0,0000134 seconds
2017-06-03T10:24:39.905+0200: 4,189: Total time for which application threads were stopped: 0,0000388 seconds, Stopping threads took: 0,0000066 seconds
2017-06-03T10:24:39.905+0200: 4,189: Total time for which application threads were stopped: 0,0000381 seconds, Stopping threads took: 0,0000065 seconds
2017-06-03T10:24:39.905+0200: 4,189: Total time for which application threads were stopped: 0,0000487 seconds, Stopping threads took: 0,0000165 seconds
2017-06-03T10:24:39.906+0200: 4,189: Total time for which application threads were stopped: 0,0000401 seconds, Stopping threads took: 0,0000146 seconds
2017-06-03T10:24:39.906+0200: 4,189: Total time for which application threads were stopped: 0,0000363 seconds, Stopping threads took: 0,0000070 seconds
2017-06-03T10:24:39.906+0200: 4,189: Total time for which application threads were stopped: 0,0001317 seconds, Stopping threads took: 0,0000149 seconds
2017-06-03T10:24:39.909+0200: 4,193: Total time for which application threads were stopped: 0,0001297 seconds, Stopping threads took: 0,0000383 seconds
2017-06-03T10:24:39.912+0200: 4,195: Total time for which application threads were stopped: 0,0001094 seconds, Stopping threads took: 0,0000359 seconds
2017-06-03T10:24:39.915+0200: 4,199: Total time for which application threads were stopped: 0,0001269 seconds, Stopping threads took: 0,0000489 seconds
2017-06-03T10:24:39.930+0200: 4,214: Total time for which application threads were stopped: 0,0001050 seconds, Stopping threads took: 0,0000245 seconds
2017-06-03T10:24:39.930+0200: 4,214: Total time for which application threads were stopped: 0,0001564 seconds, Stopping threads took: 0,0000864 seconds
2017-06-03T10:24:39.937+0200: 4,220: Total time for which application threads were stopped: 0,0001433 seconds, Stopping threads took: 0,0000551 seconds
2017-06-03T10:24:39.964+0200: 4,248: Total time for which application threads were stopped: 0,0001433 seconds, Stopping threads took: 0,0000347 seconds
2017-06-03T10:24:39.984+0200: 4,267: Total time for which application threads were stopped: 0,0001089 seconds, Stopping threads took: 0,0000319 seconds
2017-06-03T10:24:40.023+0200: 4,307: Total time for which application threads were stopped: 0,0005415 seconds, Stopping threads took: 0,0000415 seconds
2017-06-03T10:24:41.023+0200: 5,307: Total time for which application threads were stopped: 0,0000696 seconds, Stopping threads took: 0,0000157 seconds
2017-06-03T10:26:37.593+0200: 122,320: Total time for which application threads were stopped: 0,0000760 seconds, Stopping threads took: 0,0000290 seconds
{Heap before GC invocations=9 (full 1):
 par new generation   total 109248K, used 95611K [0x00000000e0000000, 0x00000000e8000000, 0x00000000e8000000)
  eden space 87424K, 100% used [0x00000000e0000000, 0x00000000e5560000, 0x00000000e5560000)
  from space 21824K,  37% used [0x00000000e6ab0000, 0x00000000e72aed50, 0x00000000e8000000)
  to   space 21824K,   0% used [0x00000000e5560000, 0x00000000e5560000, 0x00000000e6ab0000)
 concurrent mark-sweep generation total 393216K, used 6061K [0x00000000e8000000, 0x0000000100000000, 0x0000000100000000)
 Metaspace       used 28029K, capacity 28558K, committed 28796K, reserved 1075200K
  class space    used 3214K, capacity 3392K, committed 3452K, reserved 1048576K
2017-06-03T10:27:26.206+0200: 170,933: [GC (Allocation Failure) 2017-06-03T10:27:26.206+0200: 170,933: [ParNew
Desired survivor size 20112992 bytes, new threshold 8 (max 8)
- age   1:   11130016 bytes,   11130016 total
- age   2:     227632 bytes,   11357648 total
- age   3:     212208 bytes,   11569856 total
- age   4:    1730104 bytes,   13299960 total
- age   5:      63672 bytes,   13363632 total
- age   6:      92808 bytes,   13456440 total
- age   7:        536 bytes,   13456976 total
- age   8:     181536 bytes,   13638512 total
: 95611K->14235K(109248K), 0,0238335 secs] 101672K->21122K(502464K), 0,0239180 secs] [Times: user=0,08 sys=0,00, real=0,03 secs] 
Heap after GC invocations=10 (full 1):
 par new generation   total 109248K, used 14235K [0x00000000e0000000, 0x00000000e8000000, 0x00000000e8000000)
  eden space 87424K,   0% used [0x00000000e0000000, 0x00000000e0000000, 0x00000000e5560000)
  from space 21824K,  65% used [0x00000000e5560000, 0x00000000e6346fb0, 0x00000000e6ab0000)
  to   space 21824K,   0% used [0x00000000e6ab0000, 0x00000000e6ab0000, 0x00000000e8000000)
 concurrent mark-sweep generation total 393216K, used 6886K [0x00000000e8000000, 0x0000000100000000, 0x0000000100000000)
 Metaspace       used 28029K, capacity 28558K, committed 28796K, reserved 1075200K
  class space    used 3214K, capacity 3392K, committed 3452K, reserved 1048576K
}
2017-06-03T10:27:26.230+0200: 170,957: Total time for which application threads were stopped: 0,0241043 seconds, Stopping threads took: 0,0000403 seconds
2017-06-03T10:27:26.230+0200: 170,957: Total time for which application threads were stopped: 0,0000646 seconds, Stopping threads took: 0,0000181 seconds
2017-06-03T10:27:26.230+0200: 170,958: Total time for which application threads were stopped: 0,0000513 seconds, Stopping threads took: 0,0000216 seconds
2017-06-03T10:27:36.232+0200: 180,959: Total time for which application threads were stopped: 0,0000675 seconds, Stopping threads took: 0,0000141 seconds
2017-06-03T10:46:40.252+0200: 1036,210: Total time for which application threads were stopped: 0,0005199 seconds, Stopping threads took: 0,0000194 seconds
2017-06-03T10:46:40.273+0200: 1036,231: Total time for which application threads were stopped: 0,0005057 seconds, Stopping threads took: 0,0002194 seconds
2017-06-03T10:46:40.278+0200: 1036,236: Total time for which application threads were stopped: 0,0001035 seconds, Stopping threads took: 0,0000167 seconds
2017-06-03T10:46:40.278+0200: 1036,236: Total time for which application threads were stopped: 0,0000295 seconds, Stopping threads took: 0,0000056 seconds
2017-06-03T10:46:40.278+0200: 1036,236: Total time for which application threads were stopped: 0,0000319 seconds, Stopping threads took: 0,0000046 seconds
2017-06-03T10:46:40.278+0200: 1036,236: Total time for which application threads were stopped: 0,0000377 seconds, Stopping threads took: 0,0000061 seconds
2017-06-03T10:46:40.278+0200: 1036,236: Total time for which application threads were stopped: 0,0000384 seconds, Stopping threads took: 0,0000090 seconds
2017-06-03T10:46:40.278+0200: 1036,236: Total time for which application threads were stopped: 0,0000344 seconds, Stopping threads took: 0,0000063 seconds
2017-06-03T10:46:40.278+0200: 1036,236: Total time for which application threads were stopped: 0,0000340 seconds, Stopping threads took: 0,0000053 seconds
2017-06-03T10:46:40.278+0200: 1036,236: Total time for which application threads were stopped: 0,0000334 seconds, Stopping threads took: 0,0000053 seconds
2017-06-03T10:46:40.278+0200: 1036,236: Total time for which application threads were stopped: 0,0000325 seconds, Stopping threads took: 0,0000053 seconds
2017-06-03T10:46:40.278+0200: 1036,236: Total time for which application threads were stopped: 0,0000331 seconds, Stopping threads took: 0,0000053 seconds
2017-06-03T10:46:40.278+0200: 1036,237: Total time for which application threads were stopped: 0,0000886 seconds, Stopping threads took: 0,0000054 seconds
2017-06-03T10:46:40.385+0200: 1036,343: Total time for which application threads were stopped: 0,0001659 seconds, Stopping threads took: 0,0000399 seconds
2017-06-03T10:46:40.394+0200: 1036,352: Total time for which application threads were stopped: 0,0001593 seconds, Stopping threads took: 0,0000454 seconds
2017-06-03T10:46:40.439+0200: 1036,398: Total time for which application threads were stopped: 0,0045345 seconds, Stopping threads took: 0,0043937 seconds
2017-06-03T10:46:40.440+0200: 1036,398: Total time for which application threads were stopped: 0,0001529 seconds, Stopping threads took: 0,0000468 seconds
2017-06-03T10:46:40.444+0200: 1036,402: Total time for which application threads were stopped: 0,0017170 seconds, Stopping threads took: 0,0012349 seconds
2017-06-03T10:46:40.446+0200: 1036,405: Total time for which application threads were stopped: 0,0002724 seconds, Stopping threads took: 0,0001648 seconds
2017-06-03T10:46:40.467+0200: 1036,425: Total time for which application threads were stopped: 0,0001298 seconds, Stopping threads took: 0,0000406 seconds
2017-06-03T10:46:40.468+0200: 1036,426: Total time for which application threads were stopped: 0,0001513 seconds, Stopping threads took: 0,0000583 seconds
2017-06-03T10:46:40.473+0200: 1036,432: Total time for which application threads were stopped: 0,0001377 seconds, Stopping threads took: 0,0000458 seconds
2017-06-03T10:46:40.474+0200: 1036,432: Total time for which application threads were stopped: 0,0001250 seconds, Stopping threads took: 0,0000323 seconds
2017-06-03T10:46:40.486+0200: 1036,444: Total time for which application threads were stopped: 0,0001526 seconds, Stopping threads took: 0,0000342 seconds
2017-06-03T10:46:40.486+0200: 1036,444: Total time for which application threads were stopped: 0,0000809 seconds, Stopping threads took: 0,0000100 seconds
2017-06-03T10:46:40.486+0200: 1036,444: Total time for which application threads were stopped: 0,0000541 seconds, Stopping threads took: 0,0000074 seconds
2017-06-03T10:46:40.486+0200: 1036,444: Total time for which application threads were stopped: 0,0000491 seconds, Stopping threads took: 0,0000091 seconds
2017-06-03T10:46:40.486+0200: 1036,444: Total time for which application threads were stopped: 0,0000603 seconds, Stopping threads took: 0,0000226 seconds
2017-06-03T10:46:40.486+0200: 1036,444: Total time for which application threads were stopped: 0,0000408 seconds, Stopping threads took: 0,0000097 seconds
2017-06-03T10:46:40.486+0200: 1036,445: Total time for which application threads were stopped: 0,0000779 seconds, Stopping threads took: 0,0000227 seconds
2017-06-03T10:46:40.504+0200: 1036,462: Total time for which application threads were stopped: 0,0098556 seconds, Stopping threads took: 0,0097072 seconds
2017-06-03T10:46:40.506+0200: 1036,464: Total time for which application threads were stopped: 0,0002875 seconds, Stopping threads took: 0,0000167 seconds
2017-06-03T10:46:41.465+0200: 1037,423: Total time for which application threads were stopped: 0,0006543 seconds, Stopping threads took: 0,0001530 seconds
2017-06-03T10:46:41.466+0200: 1037,424: Total time for which application threads were stopped: 0,0005696 seconds, Stopping threads took: 0,0001016 seconds
2017-06-03T10:46:41.468+0200: 1037,426: Total time for which application threads were stopped: 0,0001496 seconds, Stopping threads took: 0,0000206 seconds
2017-06-03T10:46:41.470+0200: 1037,428: Total time for which application threads were stopped: 0,0001449 seconds, Stopping threads took: 0,0000238 seconds
2017-06-03T10:46:41.480+0200: 1037,438: Total time for which application threads were stopped: 0,0011405 seconds, Stopping threads took: 0,0009857 seconds
2017-06-03T10:46:41.483+0200: 1037,441: Total time for which application threads were stopped: 0,0020707 seconds, Stopping threads took: 0,0019544 seconds
2017-06-03T10:46:41.521+0200: 1037,479: Total time for which application threads were stopped: 0,0001118 seconds, Stopping threads took: 0,0000217 seconds
2017-06-03T10:46:41.521+0200: 1037,479: Total time for which application threads were stopped: 0,0001050 seconds, Stopping threads took: 0,0000117 seconds
2017-06-03T10:46:41.521+0200: 1037,479: Total time for which application threads were stopped: 0,0000583 seconds, Stopping threads took: 0,0000142 seconds
2017-06-03T10:46:41.521+0200: 1037,479: Total time for which application threads were stopped: 0,0000531 seconds, Stopping threads took: 0,0000076 seconds
2017-06-03T10:46:41.521+0200: 1037,479: Total time for which application threads were stopped: 0,0000447 seconds, Stopping threads took: 0,0000078 seconds
2017-06-03T10:46:41.522+0200: 1037,480: Total time for which application threads were stopped: 0,0000841 seconds, Stopping threads took: 0,0000223 seconds
2017-06-03T10:46:41.522+0200: 1037,480: Total time for which application threads were stopped: 0,0000552 seconds, Stopping threads took: 0,0000146 seconds
2017-06-03T10:46:41.522+0200: 1037,481: Total time for which application threads were stopped: 0,0000734 seconds, Stopping threads took: 0,0000100 seconds
2017-06-03T10:46:41.523+0200: 1037,481: Total time for which application threads were stopped: 0,0000531 seconds, Stopping threads took: 0,0000088 seconds
2017-06-03T10:46:41.523+0200: 1037,481: Total time for which application threads were stopped: 0,0000944 seconds, Stopping threads took: 0,0000420 seconds
2017-06-03T10:46:41.523+0200: 1037,481: Total time for which application threads were stopped: 0,0000660 seconds, Stopping threads took: 0,0000255 seconds
2017-06-03T10:46:41.523+0200: 1037,481: Total time for which application threads were stopped: 0,0000553 seconds, Stopping threads took: 0,0000182 seconds
2017-06-03T10:46:41.523+0200: 1037,481: Total time for which application threads were stopped: 0,0000549 seconds, Stopping threads took: 0,0000175 seconds
2017-06-03T10:46:41.524+0200: 1037,482: Total time for which application threads were stopped: 0,0001127 seconds, Stopping threads took: 0,0000373 seconds
2017-06-03T10:46:41.524+0200: 1037,482: Total time for which application threads were stopped: 0,0000675 seconds, Stopping threads took: 0,0000185 seconds
2017-06-03T10:46:41.527+0200: 1037,485: Total time for which application threads were stopped: 0,0001289 seconds, Stopping threads took: 0,0000213 seconds
2017-06-03T10:46:41.527+0200: 1037,485: Total time for which application threads were stopped: 0,0000547 seconds, Stopping threads took: 0,0000094 seconds
2017-06-03T10:46:41.532+0200: 1037,490: Total time for which application threads were stopped: 0,0001252 seconds, Stopping threads took: 0,0000218 seconds
2017-06-03T10:46:41.532+0200: 1037,490: Total time for which application threads were stopped: 0,0000522 seconds, Stopping threads took: 0,0000141 seconds
2017-06-03T10:46:42.533+0200: 1038,491: Total time for which application threads were stopped: 0,0006394 seconds, Stopping threads took: 0,0003437 seconds
2017-06-03T10:46:44.533+0200: 1040,492: Total time for which application threads were stopped: 0,0001728 seconds, Stopping threads took: 0,0000473 seconds
2017-06-03T10:46:45.052+0200: 1041,010: Total time for which application threads were stopped: 0,0001247 seconds, Stopping threads took: 0,0000309 seconds
2017-06-03T10:46:45.052+0200: 1041,011: Total time for which application threads were stopped: 0,0000696 seconds, Stopping threads took: 0,0000069 seconds
2017-06-03T10:46:45.056+0200: 1041,014: Total time for which application threads were stopped: 0,0000898 seconds, Stopping threads took: 0,0000234 seconds
2017-06-03T10:46:45.056+0200: 1041,014: Total time for which application threads were stopped: 0,0000933 seconds, Stopping threads took: 0,0000339 seconds
2017-06-03T10:46:45.075+0200: 1041,034: Total time for which application threads were stopped: 0,0037046 seconds, Stopping threads took: 0,0035323 seconds
2017-06-03T10:46:45.076+0200: 1041,034: Total time for which application threads were stopped: 0,0001300 seconds, Stopping threads took: 0,0000360 seconds
2017-06-03T10:46:45.076+0200: 1041,034: Total time for which application threads were stopped: 0,0001471 seconds, Stopping threads took: 0,0000461 seconds
2017-06-03T10:46:45.076+0200: 1041,035: Total time for which application threads were stopped: 0,0001054 seconds, Stopping threads took: 0,0000214 seconds
2017-06-03T10:46:45.077+0200: 1041,035: Total time for which application threads were stopped: 0,0000602 seconds, Stopping threads took: 0,0000114 seconds
2017-06-03T10:46:45.080+0200: 1041,038: Total time for which application threads were stopped: 0,0005125 seconds, Stopping threads took: 0,0004209 seconds
2017-06-03T10:46:45.080+0200: 1041,038: Total time for which application threads were stopped: 0,0000636 seconds, Stopping threads took: 0,0000062 seconds
2017-06-03T10:46:46.080+0200: 1042,038: Total time for which application threads were stopped: 0,0000771 seconds, Stopping threads took: 0,0000146 seconds
2017-06-03T10:47:07.699+0200: 1063,658: Total time for which application threads were stopped: 0,0004145 seconds, Stopping threads took: 0,0000172 seconds
2017-06-03T10:47:07.700+0200: 1063,658: Total time for which application threads were stopped: 0,0003566 seconds, Stopping threads took: 0,0000110 seconds
2017-06-03T10:47:07.705+0200: 1063,663: Total time for which application threads were stopped: 0,0001437 seconds, Stopping threads took: 0,0000382 seconds
2017-06-03T10:47:07.708+0200: 1063,666: Total time for which application threads were stopped: 0,0001135 seconds, Stopping threads took: 0,0000517 seconds
2017-06-03T10:47:07.709+0200: 1063,667: Total time for which application threads were stopped: 0,0000664 seconds, Stopping threads took: 0,0000109 seconds
2017-06-03T10:47:07.709+0200: 1063,667: Total time for which application threads were stopped: 0,0000525 seconds, Stopping threads took: 0,0000122 seconds
2017-06-03T10:47:07.709+0200: 1063,667: Total time for which application threads were stopped: 0,0000518 seconds, Stopping threads took: 0,0000162 seconds
2017-06-03T10:47:07.709+0200: 1063,667: Total time for which application threads were stopped: 0,0000370 seconds, Stopping threads took: 0,0000074 seconds
2017-06-03T10:47:07.713+0200: 1063,671: Total time for which application threads were stopped: 0,0002549 seconds, Stopping threads took: 0,0001509 seconds
2017-06-03T10:47:07.713+0200: 1063,671: Total time for which application threads were stopped: 0,0000721 seconds, Stopping threads took: 0,0000184 seconds
2017-06-03T10:47:07.713+0200: 1063,672: Total time for which application threads were stopped: 0,0000533 seconds, Stopping threads took: 0,0000310 seconds
2017-06-03T10:47:07.713+0200: 1063,672: Total time for which application threads were stopped: 0,0000518 seconds, Stopping threads took: 0,0000247 seconds
2017-06-03T10:47:07.717+0200: 1063,675: Total time for which application threads were stopped: 0,0034182 seconds, Stopping threads took: 0,0033871 seconds
2017-06-03T10:47:07.718+0200: 1063,677: Total time for which application threads were stopped: 0,0004710 seconds, Stopping threads took: 0,0004137 seconds
2017-06-03T10:47:07.720+0200: 1063,678: Total time for which application threads were stopped: 0,0001573 seconds, Stopping threads took: 0,0001044 seconds
2017-06-03T10:47:07.720+0200: 1063,678: Total time for which application threads were stopped: 0,0000528 seconds, Stopping threads took: 0,0000242 seconds
2017-06-03T10:47:07.723+0200: 1063,681: Total time for which application threads were stopped: 0,0000924 seconds, Stopping threads took: 0,0000337 seconds
2017-06-03T10:47:07.723+0200: 1063,681: Total time for which application threads were stopped: 0,0000447 seconds, Stopping threads took: 0,0000186 seconds
2017-06-03T10:47:07.723+0200: 1063,682: Total time for which application threads were stopped: 0,0000811 seconds, Stopping threads took: 0,0000454 seconds
2017-06-03T10:47:07.723+0200: 1063,682: Total time for which application threads were stopped: 0,0000452 seconds, Stopping threads took: 0,0000231 seconds
2017-06-03T10:47:07.724+0200: 1063,682: Total time for which application threads were stopped: 0,0000428 seconds, Stopping threads took: 0,0000164 seconds
2017-06-03T10:47:07.724+0200: 1063,682: Total time for which application threads were stopped: 0,0000510 seconds, Stopping threads took: 0,0000197 seconds
2017-06-03T10:47:07.724+0200: 1063,682: Total time for which application threads were stopped: 0,0000404 seconds, Stopping threads took: 0,0000202 seconds
2017-06-03T10:47:07.726+0200: 1063,684: Total time for which application threads were stopped: 0,0000843 seconds, Stopping threads took: 0,0000160 seconds
2017-06-03T10:47:07.726+0200: 1063,684: Total time for which application threads were stopped: 0,0000518 seconds, Stopping threads took: 0,0000219 seconds
2017-06-03T10:47:07.726+0200: 1063,684: Total time for which application threads were stopped: 0,0000283 seconds, Stopping threads took: 0,0000079 seconds
2017-06-03T10:47:07.726+0200: 1063,685: Total time for which application threads were stopped: 0,0000561 seconds, Stopping threads took: 0,0000085 seconds
2017-06-03T10:47:07.727+0200: 1063,685: Total time for which application threads were stopped: 0,0000791 seconds, Stopping threads took: 0,0000268 seconds
2017-06-03T10:47:07.727+0200: 1063,686: Total time for which application threads were stopped: 0,0000337 seconds, Stopping threads took: 0,0000085 seconds
2017-06-03T10:47:07.727+0200: 1063,686: Total time for which application threads were stopped: 0,0000435 seconds, Stopping threads took: 0,0000201 seconds
2017-06-03T10:47:07.728+0200: 1063,686: Total time for which application threads were stopped: 0,0000450 seconds, Stopping threads took: 0,0000167 seconds
2017-06-03T10:47:07.728+0200: 1063,686: Total time for which application threads were stopped: 0,0000390 seconds, Stopping threads took: 0,0000123 seconds
2017-06-03T10:47:07.728+0200: 1063,686: Total time for which application threads were stopped: 0,0000427 seconds, Stopping threads took: 0,0000167 seconds
2017-06-03T10:47:07.728+0200: 1063,686: Total time for which application threads were stopped: 0,0001231 seconds, Stopping threads took: 0,0000135 seconds
2017-06-03T10:47:07.730+0200: 1063,688: Total time for which application threads were stopped: 0,0001104 seconds, Stopping threads took: 0,0000337 seconds
2017-06-03T10:47:07.730+0200: 1063,689: Total time for which application threads were stopped: 0,0000705 seconds, Stopping threads took: 0,0000200 seconds
Heap
 par new generation   total 109248K, used 40097K [0x00000000e0000000, 0x00000000e8000000, 0x00000000e8000000)
  eden space 87424K,  29% used [0x00000000e0000000, 0x00000000e19416d0, 0x00000000e5560000)
  from space 21824K,  65% used [0x00000000e5560000, 0x00000000e6346fb0, 0x00000000e6ab0000)
  to   space 21824K,   0% used [0x00000000e6ab0000, 0x00000000e6ab0000, 0x00000000e8000000)
 concurrent mark-sweep generation total 393216K, used 6886K [0x00000000e8000000, 0x0000000100000000, 0x0000000100000000)
 Metaspace       used 30009K, capacity 30602K, committed 30844K, reserved 1077248K
  class space    used 3434K, capacity 3640K, committed 3708K, reserved 1048576K
