OpenJDK 64-Bit Server VM (25.121-b13) for linux-amd64 JRE (1.8.0_121-8u121-b13-0ubuntu1.16.04.2-b13), built on Jan 23 2017 15:51:29 by "buildd" with gcc 5.4.0 20160609
Memory: 4k page, physical 7867800k(7498096k free), swap 8076284k(8076284k free)
CommandLine flags: -XX:CMSInitiatingOccupancyFraction=50 -XX:CMSMaxAbortablePrecleanTime=6000 -XX:+CMSParallelRemarkEnabled -XX:+CMSScavengeBeforeRemark -XX:ConcGCThreads=4 -XX:InitialHeapSize=536870912 -XX:MaxHeapSize=536870912 -XX:MaxTenuringThreshold=8 -XX:NewRatio=3 -XX:OldPLABSize=16 -XX:OnOutOfMemoryError=/opt/solr/bin/oom_solr.sh 8983 /var/solr/logs -XX:ParallelGCThreads=4 -XX:+ParallelRefProcEnabled -XX:PretenureSizeThreshold=67108864 -XX:+PrintGC -XX:+PrintGCApplicationStoppedTime -XX:+PrintGCDateStamps -XX:+PrintGCDetails -XX:+PrintGCTimeStamps -XX:+PrintHeapAtGC -XX:+PrintTenuringDistribution -XX:SurvivorRatio=4 -XX:TargetSurvivorRatio=90 -XX:ThreadStackSize=256 -XX:+UseCMSInitiatingOccupancyOnly -XX:+UseCompressedClassPointers -XX:+UseCompressedOops -XX:+UseConcMarkSweepGC -XX:+UseParNewGC 
2017-02-19T15:38:23.481+0100: 0,131: Total time for which application threads were stopped: 0,0000945 seconds, Stopping threads took: 0,0000229 seconds
2017-02-19T15:38:23.566+0100: 0,216: Total time for which application threads were stopped: 0,0001330 seconds, Stopping threads took: 0,0000268 seconds
2017-02-19T15:38:23.601+0100: 0,251: Total time for which application threads were stopped: 0,0001061 seconds, Stopping threads took: 0,0000275 seconds
2017-02-19T15:38:23.889+0100: 0,538: Total time for which application threads were stopped: 0,0001470 seconds, Stopping threads took: 0,0000202 seconds
2017-02-19T15:38:24.352+0100: 1,002: Total time for which application threads were stopped: 0,0001213 seconds, Stopping threads took: 0,0000163 seconds
2017-02-19T15:38:24.411+0100: 1,060: Total time for which application threads were stopped: 0,0003548 seconds, Stopping threads took: 0,0000826 seconds
2017-02-19T15:38:24.429+0100: 1,079: Total time for which application threads were stopped: 0,0002917 seconds, Stopping threads took: 0,0001461 seconds
2017-02-19T15:38:24.683+0100: 1,332: Total time for which application threads were stopped: 0,0009165 seconds, Stopping threads took: 0,0000742 seconds
2017-02-19T15:38:24.905+0100: 1,554: Total time for which application threads were stopped: 0,0001893 seconds, Stopping threads took: 0,0000127 seconds
2017-02-19T15:38:24.935+0100: 1,584: Total time for which application threads were stopped: 0,0001814 seconds, Stopping threads took: 0,0000178 seconds
2017-02-19T15:38:24.970+0100: 1,620: Total time for which application threads were stopped: 0,0003345 seconds, Stopping threads took: 0,0000432 seconds
2017-02-19T15:38:24.972+0100: 1,621: Total time for which application threads were stopped: 0,0002560 seconds, Stopping threads took: 0,0000275 seconds
2017-02-19T15:38:24.990+0100: 1,639: Total time for which application threads were stopped: 0,0001860 seconds, Stopping threads took: 0,0000190 seconds
2017-02-19T15:38:25.100+0100: 1,749: Total time for which application threads were stopped: 0,0002061 seconds, Stopping threads took: 0,0000208 seconds
2017-02-19T15:38:25.248+0100: 1,897: Total time for which application threads were stopped: 0,0005328 seconds, Stopping threads took: 0,0001865 seconds
{Heap before GC invocations=0 (full 0):
 par new generation   total 109248K, used 87424K [0x00000000e0000000, 0x00000000e8000000, 0x00000000e8000000)
  eden space 87424K, 100% used [0x00000000e0000000, 0x00000000e5560000, 0x00000000e5560000)
  from space 21824K,   0% used [0x00000000e5560000, 0x00000000e5560000, 0x00000000e6ab0000)
  to   space 21824K,   0% used [0x00000000e6ab0000, 0x00000000e6ab0000, 0x00000000e8000000)
 concurrent mark-sweep generation total 393216K, used 0K [0x00000000e8000000, 0x0000000100000000, 0x0000000100000000)
 Metaspace       used 17778K, capacity 18112K, committed 18304K, reserved 1064960K
  class space    used 2024K, capacity 2164K, committed 2176K, reserved 1048576K
2017-02-19T15:38:25.273+0100: 1,923: [GC (Allocation Failure) 2017-02-19T15:38:25.273+0100: 1,923: [ParNew
Desired survivor size 20112992 bytes, new threshold 8 (max 8)
- age   1:   11460776 bytes,   11460776 total
: 87424K->11305K(109248K), 0,0140262 secs] 87424K->11305K(502464K), 0,0141060 secs] [Times: user=0,02 sys=0,04, real=0,01 secs] 
Heap after GC invocations=1 (full 0):
 par new generation   total 109248K, used 11305K [0x00000000e0000000, 0x00000000e8000000, 0x00000000e8000000)
  eden space 87424K,   0% used [0x00000000e0000000, 0x00000000e0000000, 0x00000000e5560000)
  from space 21824K,  51% used [0x00000000e6ab0000, 0x00000000e75ba618, 0x00000000e8000000)
  to   space 21824K,   0% used [0x00000000e5560000, 0x00000000e5560000, 0x00000000e6ab0000)
 concurrent mark-sweep generation total 393216K, used 0K [0x00000000e8000000, 0x0000000100000000, 0x0000000100000000)
 Metaspace       used 17778K, capacity 18112K, committed 18304K, reserved 1064960K
  class space    used 2024K, capacity 2164K, committed 2176K, reserved 1048576K
}
2017-02-19T15:38:25.288+0100: 1,937: Total time for which application threads were stopped: 0,0143975 seconds, Stopping threads took: 0,0000751 seconds
2017-02-19T15:38:25.648+0100: 2,298: Total time for which application threads were stopped: 0,0004296 seconds, Stopping threads took: 0,0000585 seconds
{Heap before GC invocations=1 (full 0):
 par new generation   total 109248K, used 98729K [0x00000000e0000000, 0x00000000e8000000, 0x00000000e8000000)
  eden space 87424K, 100% used [0x00000000e0000000, 0x00000000e5560000, 0x00000000e5560000)
  from space 21824K,  51% used [0x00000000e6ab0000, 0x00000000e75ba618, 0x00000000e8000000)
  to   space 21824K,   0% used [0x00000000e5560000, 0x00000000e5560000, 0x00000000e6ab0000)
 concurrent mark-sweep generation total 393216K, used 0K [0x00000000e8000000, 0x0000000100000000, 0x0000000100000000)
 Metaspace       used 20008K, capacity 20346K, committed 20736K, reserved 1067008K
  class space    used 2291K, capacity 2463K, committed 2560K, reserved 1048576K
2017-02-19T15:38:25.689+0100: 2,339: [GC (Allocation Failure) 2017-02-19T15:38:25.689+0100: 2,339: [ParNew
Desired survivor size 20112992 bytes, new threshold 8 (max 8)
- age   1:    4319832 bytes,    4319832 total
- age   2:    6036400 bytes,   10356232 total
: 98729K->14396K(109248K), 0,0128171 secs] 98729K->14396K(502464K), 0,0129036 secs] [Times: user=0,04 sys=0,00, real=0,02 secs] 
Heap after GC invocations=2 (full 0):
 par new generation   total 109248K, used 14396K [0x00000000e0000000, 0x00000000e8000000, 0x00000000e8000000)
  eden space 87424K,   0% used [0x00000000e0000000, 0x00000000e0000000, 0x00000000e5560000)
  from space 21824K,  65% used [0x00000000e5560000, 0x00000000e636f380, 0x00000000e6ab0000)
  to   space 21824K,   0% used [0x00000000e6ab0000, 0x00000000e6ab0000, 0x00000000e8000000)
 concurrent mark-sweep generation total 393216K, used 0K [0x00000000e8000000, 0x0000000100000000, 0x0000000100000000)
 Metaspace       used 20008K, capacity 20346K, committed 20736K, reserved 1067008K
  class space    used 2291K, capacity 2463K, committed 2560K, reserved 1048576K
}
2017-02-19T15:38:25.702+0100: 2,352: Total time for which application threads were stopped: 0,0131540 seconds, Stopping threads took: 0,0000524 seconds
2017-02-19T15:38:25.704+0100: 2,353: Total time for which application threads were stopped: 0,0003124 seconds, Stopping threads took: 0,0000389 seconds
2017-02-19T15:38:25.763+0100: 2,412: Total time for which application threads were stopped: 0,0045072 seconds, Stopping threads took: 0,0042108 seconds
2017-02-19T15:38:25.898+0100: 2,548: Total time for which application threads were stopped: 0,0009262 seconds, Stopping threads took: 0,0008115 seconds
{Heap before GC invocations=2 (full 0):
 par new generation   total 109248K, used 101820K [0x00000000e0000000, 0x00000000e8000000, 0x00000000e8000000)
  eden space 87424K, 100% used [0x00000000e0000000, 0x00000000e5560000, 0x00000000e5560000)
  from space 21824K,  65% used [0x00000000e5560000, 0x00000000e636f380, 0x00000000e6ab0000)
  to   space 21824K,   0% used [0x00000000e6ab0000, 0x00000000e6ab0000, 0x00000000e8000000)
 concurrent mark-sweep generation total 393216K, used 0K [0x00000000e8000000, 0x0000000100000000, 0x0000000100000000)
 Metaspace       used 20959K, capacity 21268K, committed 21628K, reserved 1069056K
  class space    used 2414K, capacity 2582K, committed 2684K, reserved 1048576K
2017-02-19T15:38:25.926+0100: 2,575: [GC (Allocation Failure) 2017-02-19T15:38:25.926+0100: 2,575: [ParNew
Desired survivor size 20112992 bytes, new threshold 8 (max 8)
- age   1:    2024696 bytes,    2024696 total
- age   2:    1452160 bytes,    3476856 total
- age   3:    6032320 bytes,    9509176 total
: 101820K->12580K(109248K), 0,0094345 secs] 101820K->12580K(502464K), 0,0095034 secs] [Times: user=0,03 sys=0,00, real=0,01 secs] 
Heap after GC invocations=3 (full 0):
 par new generation   total 109248K, used 12580K [0x00000000e0000000, 0x00000000e8000000, 0x00000000e8000000)
  eden space 87424K,   0% used [0x00000000e0000000, 0x00000000e0000000, 0x00000000e5560000)
  from space 21824K,  57% used [0x00000000e6ab0000, 0x00000000e76f9188, 0x00000000e8000000)
  to   space 21824K,   0% used [0x00000000e5560000, 0x00000000e5560000, 0x00000000e6ab0000)
 concurrent mark-sweep generation total 393216K, used 0K [0x00000000e8000000, 0x0000000100000000, 0x0000000100000000)
 Metaspace       used 20959K, capacity 21268K, committed 21628K, reserved 1069056K
  class space    used 2414K, capacity 2582K, committed 2684K, reserved 1048576K
}
2017-02-19T15:38:25.936+0100: 2,585: Total time for which application threads were stopped: 0,0105128 seconds, Stopping threads took: 0,0008826 seconds
2017-02-19T15:38:25.936+0100: 2,585: [GC (CMS Initial Mark) [1 CMS-initial-mark: 0K(393216K)] 13987K(502464K), 0,0040554 secs] [Times: user=0,01 sys=0,00, real=0,01 secs] 
2017-02-19T15:38:25.940+0100: 2,589: Total time for which application threads were stopped: 0,0041866 seconds, Stopping threads took: 0,0000419 seconds
2017-02-19T15:38:25.940+0100: 2,589: [CMS-concurrent-mark-start]
2017-02-19T15:38:25.940+0100: 2,590: [CMS-concurrent-mark: 0,000/0,000 secs] [Times: user=0,00 sys=0,00, real=0,00 secs] 
2017-02-19T15:38:25.940+0100: 2,590: [CMS-concurrent-preclean-start]
2017-02-19T15:38:25.942+0100: 2,591: [CMS-concurrent-preclean: 0,001/0,001 secs] [Times: user=0,01 sys=0,00, real=0,00 secs] 
2017-02-19T15:38:25.942+0100: 2,591: [CMS-concurrent-abortable-preclean-start]
2017-02-19T15:38:26.031+0100: 2,680: Total time for which application threads were stopped: 0,0001764 seconds, Stopping threads took: 0,0000511 seconds
2017-02-19T15:38:26.031+0100: 2,680: [CMS-concurrent-abortable-preclean: 0,071/0,089 secs] [Times: user=0,34 sys=0,00, real=0,09 secs] 
2017-02-19T15:38:26.031+0100: 2,681: [GC (CMS Final Remark) [YG occupancy: 68488 K (109248 K)]{Heap before GC invocations=3 (full 1):
 par new generation   total 109248K, used 68488K [0x00000000e0000000, 0x00000000e8000000, 0x00000000e8000000)
  eden space 87424K,  63% used [0x00000000e0000000, 0x00000000e3698e78, 0x00000000e5560000)
  from space 21824K,  57% used [0x00000000e6ab0000, 0x00000000e76f9188, 0x00000000e8000000)
  to   space 21824K,   0% used [0x00000000e5560000, 0x00000000e5560000, 0x00000000e6ab0000)
 concurrent mark-sweep generation total 393216K, used 0K [0x00000000e8000000, 0x0000000100000000, 0x0000000100000000)
 Metaspace       used 21157K, capacity 21490K, committed 21884K, reserved 1069056K
  class space    used 2435K, capacity 2587K, committed 2684K, reserved 1048576K
2017-02-19T15:38:26.031+0100: 2,681: [GC (CMS Final Remark) 2017-02-19T15:38:26.031+0100: 2,681: [ParNew
Desired survivor size 20112992 bytes, new threshold 8 (max 8)
- age   1:    1439664 bytes,    1439664 total
- age   2:    1470240 bytes,    2909904 total
- age   3:    1419288 bytes,    4329192 total
- age   4:    6032384 bytes,   10361576 total
: 68488K->12200K(109248K), 0,0147534 secs] 68488K->12200K(502464K), 0,0148002 secs] [Times: user=0,05 sys=0,00, real=0,01 secs] 
Heap after GC invocations=4 (full 1):
 par new generation   total 109248K, used 12200K [0x00000000e0000000, 0x00000000e8000000, 0x00000000e8000000)
  eden space 87424K,   0% used [0x00000000e0000000, 0x00000000e0000000, 0x00000000e5560000)
  from space 21824K,  55% used [0x00000000e5560000, 0x00000000e614a1e0, 0x00000000e6ab0000)
  to   space 21824K,   0% used [0x00000000e6ab0000, 0x00000000e6ab0000, 0x00000000e8000000)
 concurrent mark-sweep generation total 393216K, used 0K [0x00000000e8000000, 0x0000000100000000, 0x0000000100000000)
 Metaspace       used 21157K, capacity 21490K, committed 21884K, reserved 1069056K
  class space    used 2435K, capacity 2587K, committed 2684K, reserved 1048576K
}
2017-02-19T15:38:26.046+0100: 2,695: [Rescan (parallel) , 0,0052901 secs]2017-02-19T15:38:26.051+0100: 2,701: [weak refs processing, 0,0005518 secs]2017-02-19T15:38:26.052+0100: 2,701: [class unloading, 0,0029491 secs]2017-02-19T15:38:26.055+0100: 2,704: [scrub symbol table, 0,0037663 secs]2017-02-19T15:38:26.059+0100: 2,708: [scrub string table, 0,0004001 secs][1 CMS-remark: 0K(393216K)] 12200K(502464K), 0,0284667 secs] [Times: user=0,07 sys=0,00, real=0,03 secs] 
2017-02-19T15:38:26.060+0100: 2,709: Total time for which application threads were stopped: 0,0285771 seconds, Stopping threads took: 0,0000322 seconds
2017-02-19T15:38:26.060+0100: 2,709: [CMS-concurrent-sweep-start]
2017-02-19T15:38:26.060+0100: 2,709: [CMS-concurrent-sweep: 0,000/0,000 secs] [Times: user=0,00 sys=0,00, real=0,00 secs] 
2017-02-19T15:38:26.060+0100: 2,709: [CMS-concurrent-reset-start]
2017-02-19T15:38:26.063+0100: 2,712: [CMS-concurrent-reset: 0,003/0,003 secs] [Times: user=0,01 sys=0,01, real=0,00 secs] 
2017-02-19T15:38:26.136+0100: 2,785: Total time for which application threads were stopped: 0,0001867 seconds, Stopping threads took: 0,0000974 seconds
{Heap before GC invocations=4 (full 1):
 par new generation   total 109248K, used 99648K [0x00000000e0000000, 0x00000000e8000000, 0x00000000e8000000)
  eden space 87424K, 100% used [0x00000000e0000000, 0x00000000e5560000, 0x00000000e5560000)
  from space 21824K,  56% used [0x00000000e5560000, 0x00000000e6150218, 0x00000000e6ab0000)
  to   space 21824K,   0% used [0x00000000e6ab0000, 0x00000000e6ab0000, 0x00000000e8000000)
 concurrent mark-sweep generation total 393216K, used 0K [0x00000000e8000000, 0x0000000100000000, 0x0000000100000000)
 Metaspace       used 21238K, capacity 21576K, committed 21884K, reserved 1069056K
  class space    used 2449K, capacity 2629K, committed 2684K, reserved 1048576K
2017-02-19T15:38:26.136+0100: 2,785: [GC (GCLocker Initiated GC) 2017-02-19T15:38:26.136+0100: 2,785: [ParNew
Desired survivor size 20112992 bytes, new threshold 8 (max 8)
- age   1:     440096 bytes,     440096 total
- age   2:      87416 bytes,     527512 total
- age   3:    1470176 bytes,    1997688 total
- age   4:    1417192 bytes,    3414880 total
- age   5:    6032336 bytes,    9447216 total
: 99648K->13213K(109248K), 0,0095934 secs] 99648K->13213K(502464K), 0,0096530 secs] [Times: user=0,03 sys=0,00, real=0,01 secs] 
Heap after GC invocations=5 (full 1):
 par new generation   total 109248K, used 13213K [0x00000000e0000000, 0x00000000e8000000, 0x00000000e8000000)
  eden space 87424K,   0% used [0x00000000e0000000, 0x00000000e0000000, 0x00000000e5560000)
  from space 21824K,  60% used [0x00000000e6ab0000, 0x00000000e7797660, 0x00000000e8000000)
  to   space 21824K,   0% used [0x00000000e5560000, 0x00000000e5560000, 0x00000000e6ab0000)
 concurrent mark-sweep generation total 393216K, used 0K [0x00000000e8000000, 0x0000000100000000, 0x0000000100000000)
 Metaspace       used 21238K, capacity 21576K, committed 21884K, reserved 1069056K
  class space    used 2449K, capacity 2629K, committed 2684K, reserved 1048576K
}
2017-02-19T15:38:26.146+0100: 2,795: Total time for which application threads were stopped: 0,0098013 seconds, Stopping threads took: 0,0000403 seconds
2017-02-19T15:38:26.232+0100: 2,881: Total time for which application threads were stopped: 0,0003115 seconds, Stopping threads took: 0,0000207 seconds
2017-02-19T15:38:26.405+0100: 3,054: Total time for which application threads were stopped: 0,0004585 seconds, Stopping threads took: 0,0000507 seconds
2017-02-19T15:38:26.419+0100: 3,068: Total time for which application threads were stopped: 0,0003598 seconds, Stopping threads took: 0,0000388 seconds
{Heap before GC invocations=5 (full 1):
 par new generation   total 109248K, used 100637K [0x00000000e0000000, 0x00000000e8000000, 0x00000000e8000000)
  eden space 87424K, 100% used [0x00000000e0000000, 0x00000000e5560000, 0x00000000e5560000)
  from space 21824K,  60% used [0x00000000e6ab0000, 0x00000000e7797660, 0x00000000e8000000)
  to   space 21824K,   0% used [0x00000000e5560000, 0x00000000e5560000, 0x00000000e6ab0000)
 concurrent mark-sweep generation total 393216K, used 0K [0x00000000e8000000, 0x0000000100000000, 0x0000000100000000)
 Metaspace       used 23644K, capacity 24094K, committed 24316K, reserved 1071104K
  class space    used 2784K, capacity 2976K, committed 3068K, reserved 1048576K
2017-02-19T15:38:26.501+0100: 3,151: [GC (Allocation Failure) 2017-02-19T15:38:26.501+0100: 3,151: [ParNew
Desired survivor size 20112992 bytes, new threshold 8 (max 8)
- age   1:    4420264 bytes,    4420264 total
- age   2:     161760 bytes,    4582024 total
- age   3:      86224 bytes,    4668248 total
- age   4:     300048 bytes,    4968296 total
- age   5:    1396808 bytes,    6365104 total
- age   6:    6025400 bytes,   12390504 total
: 100637K->15570K(109248K), 0,0135265 secs] 100637K->15570K(502464K), 0,0136096 secs] [Times: user=0,05 sys=0,00, real=0,01 secs] 
Heap after GC invocations=6 (full 1):
 par new generation   total 109248K, used 15570K [0x00000000e0000000, 0x00000000e8000000, 0x00000000e8000000)
  eden space 87424K,   0% used [0x00000000e0000000, 0x00000000e0000000, 0x00000000e5560000)
  from space 21824K,  71% used [0x00000000e5560000, 0x00000000e6494950, 0x00000000e6ab0000)
  to   space 21824K,   0% used [0x00000000e6ab0000, 0x00000000e6ab0000, 0x00000000e8000000)
 concurrent mark-sweep generation total 393216K, used 0K [0x00000000e8000000, 0x0000000100000000, 0x0000000100000000)
 Metaspace       used 23644K, capacity 24094K, committed 24316K, reserved 1071104K
  class space    used 2784K, capacity 2976K, committed 3068K, reserved 1048576K
}
2017-02-19T15:38:26.515+0100: 3,164: Total time for which application threads were stopped: 0,0138583 seconds, Stopping threads took: 0,0000544 seconds
{Heap before GC invocations=6 (full 1):
 par new generation   total 109248K, used 102994K [0x00000000e0000000, 0x00000000e8000000, 0x00000000e8000000)
  eden space 87424K, 100% used [0x00000000e0000000, 0x00000000e5560000, 0x00000000e5560000)
  from space 21824K,  71% used [0x00000000e5560000, 0x00000000e6494950, 0x00000000e6ab0000)
  to   space 21824K,   0% used [0x00000000e6ab0000, 0x00000000e6ab0000, 0x00000000e8000000)
 concurrent mark-sweep generation total 393216K, used 0K [0x00000000e8000000, 0x0000000100000000, 0x0000000100000000)
 Metaspace       used 24815K, capacity 25300K, committed 25468K, reserved 1071104K
  class space    used 2901K, capacity 3076K, committed 3196K, reserved 1048576K
2017-02-19T15:38:26.724+0100: 3,373: [GC (Allocation Failure) 2017-02-19T15:38:26.724+0100: 3,373: [ParNew
Desired survivor size 20112992 bytes, new threshold 8 (max 8)
- age   1:    2074880 bytes,    2074880 total
- age   2:    1693000 bytes,    3767880 total
- age   3:     111688 bytes,    3879568 total
- age   4:      68504 bytes,    3948072 total
- age   5:     254200 bytes,    4202272 total
- age   6:    1131704 bytes,    5333976 total
- age   7:    5991152 bytes,   11325128 total
: 102994K->13340K(109248K), 0,0126837 secs] 102994K->13340K(502464K), 0,0127610 secs] [Times: user=0,04 sys=0,00, real=0,01 secs] 
Heap after GC invocations=7 (full 1):
 par new generation   total 109248K, used 13340K [0x00000000e0000000, 0x00000000e8000000, 0x00000000e8000000)
  eden space 87424K,   0% used [0x00000000e0000000, 0x00000000e0000000, 0x00000000e5560000)
  from space 21824K,  61% used [0x00000000e6ab0000, 0x00000000e77b7148, 0x00000000e8000000)
  to   space 21824K,   0% used [0x00000000e5560000, 0x00000000e5560000, 0x00000000e6ab0000)
 concurrent mark-sweep generation total 393216K, used 0K [0x00000000e8000000, 0x0000000100000000, 0x0000000100000000)
 Metaspace       used 24815K, capacity 25300K, committed 25468K, reserved 1071104K
  class space    used 2901K, capacity 3076K, committed 3196K, reserved 1048576K
}
2017-02-19T15:38:26.736+0100: 3,386: Total time for which application threads were stopped: 0,0130406 seconds, Stopping threads took: 0,0000817 seconds
2017-02-19T15:38:26.973+0100: 3,622: Total time for which application threads were stopped: 0,0004120 seconds, Stopping threads took: 0,0000223 seconds
2017-02-19T15:38:27.051+0100: 3,700: Total time for which application threads were stopped: 0,0005468 seconds, Stopping threads took: 0,0000479 seconds
2017-02-19T15:38:27.077+0100: 3,727: Total time for which application threads were stopped: 0,0017020 seconds, Stopping threads took: 0,0013124 seconds
2017-02-19T15:38:27.154+0100: 3,803: Total time for which application threads were stopped: 0,0005065 seconds, Stopping threads took: 0,0000496 seconds
{Heap before GC invocations=7 (full 1):
 par new generation   total 109248K, used 100764K [0x00000000e0000000, 0x00000000e8000000, 0x00000000e8000000)
  eden space 87424K, 100% used [0x00000000e0000000, 0x00000000e5560000, 0x00000000e5560000)
  from space 21824K,  61% used [0x00000000e6ab0000, 0x00000000e77b7148, 0x00000000e8000000)
  to   space 21824K,   0% used [0x00000000e5560000, 0x00000000e5560000, 0x00000000e6ab0000)
 concurrent mark-sweep generation total 393216K, used 0K [0x00000000e8000000, 0x0000000100000000, 0x0000000100000000)
 Metaspace       used 26876K, capacity 27442K, committed 27644K, reserved 1073152K
  class space    used 3095K, capacity 3257K, committed 3324K, reserved 1048576K
2017-02-19T15:38:27.182+0100: 3,832: [GC (Allocation Failure) 2017-02-19T15:38:27.182+0100: 3,832: [ParNew
Desired survivor size 20112992 bytes, new threshold 8 (max 8)
- age   1:    9260608 bytes,    9260608 total
- age   2:     409816 bytes,    9670424 total
- age   3:    1675944 bytes,   11346368 total
- age   4:     111624 bytes,   11457992 total
- age   5:      68440 bytes,   11526432 total
- age   6:     254072 bytes,   11780504 total
- age   7:    1130176 bytes,   12910680 total
- age   8:    5988488 bytes,   18899168 total
: 100764K->21824K(109248K), 0,0245681 secs] 100764K->22073K(502464K), 0,0246473 secs] [Times: user=0,10 sys=0,00, real=0,02 secs] 
Heap after GC invocations=8 (full 1):
 par new generation   total 109248K, used 21824K [0x00000000e0000000, 0x00000000e8000000, 0x00000000e8000000)
  eden space 87424K,   0% used [0x00000000e0000000, 0x00000000e0000000, 0x00000000e5560000)
  from space 21824K, 100% used [0x00000000e5560000, 0x00000000e6ab0000, 0x00000000e6ab0000)
  to   space 21824K,   0% used [0x00000000e6ab0000, 0x00000000e6ab0000, 0x00000000e8000000)
 concurrent mark-sweep generation total 393216K, used 249K [0x00000000e8000000, 0x0000000100000000, 0x0000000100000000)
 Metaspace       used 26876K, capacity 27442K, committed 27644K, reserved 1073152K
  class space    used 3095K, capacity 3257K, committed 3324K, reserved 1048576K
}
2017-02-19T15:38:27.207+0100: 3,856: Total time for which application threads were stopped: 0,0263525 seconds, Stopping threads took: 0,0015422 seconds
2017-02-19T15:38:27.402+0100: 4,051: Total time for which application threads were stopped: 0,0004386 seconds, Stopping threads took: 0,0000287 seconds
2017-02-19T15:38:30.402+0100: 7,051: Total time for which application threads were stopped: 0,0000880 seconds, Stopping threads took: 0,0000203 seconds
2017-02-19T15:38:45.404+0100: 22,054: Total time for which application threads were stopped: 0,0000703 seconds, Stopping threads took: 0,0000174 seconds
2017-02-19T15:38:55.405+0100: 32,055: Total time for which application threads were stopped: 0,0000662 seconds, Stopping threads took: 0,0000163 seconds
2017-02-19T15:39:15.407+0100: 52,056: Total time for which application threads were stopped: 0,0000833 seconds, Stopping threads took: 0,0000337 seconds
2017-02-19T15:40:20.415+0100: 117,064: Total time for which application threads were stopped: 0,0001966 seconds, Stopping threads took: 0,0001300 seconds
2017-02-19T15:40:25.416+0100: 122,065: Total time for which application threads were stopped: 0,0000719 seconds, Stopping threads took: 0,0000161 seconds
2017-02-19T15:40:54.419+0100: 151,069: Total time for which application threads were stopped: 0,0000868 seconds, Stopping threads took: 0,0000346 seconds
2017-02-19T15:41:09.421+0100: 166,070: Total time for which application threads were stopped: 0,0000832 seconds, Stopping threads took: 0,0000310 seconds
2017-02-19T15:41:14.422+0100: 171,071: Total time for which application threads were stopped: 0,0000825 seconds, Stopping threads took: 0,0000188 seconds
2017-02-19T15:41:19.423+0100: 176,072: Total time for which application threads were stopped: 0,0000690 seconds, Stopping threads took: 0,0000163 seconds
2017-02-19T15:41:24.423+0100: 181,073: Total time for which application threads were stopped: 0,0000669 seconds, Stopping threads took: 0,0000161 seconds
2017-02-19T15:41:29.424+0100: 186,073: Total time for which application threads were stopped: 0,0000739 seconds, Stopping threads took: 0,0000181 seconds
2017-02-19T15:42:35.431+0100: 252,080: Total time for which application threads were stopped: 0,0001037 seconds, Stopping threads took: 0,0000370 seconds
2017-02-19T15:42:45.432+0100: 262,081: Total time for which application threads were stopped: 0,0001388 seconds, Stopping threads took: 0,0000437 seconds
2017-02-19T15:42:59.434+0100: 276,083: Total time for which application threads were stopped: 0,0001359 seconds, Stopping threads took: 0,0000345 seconds
2017-02-19T16:01:55.576+0100: 1412,226: Total time for which application threads were stopped: 0,0000848 seconds, Stopping threads took: 0,0000338 seconds
2017-02-19T16:06:14.607+0100: 1671,256: Total time for which application threads were stopped: 0,0001140 seconds, Stopping threads took: 0,0000377 seconds
2017-02-19T16:17:25.673+0100: 2342,322: Total time for which application threads were stopped: 0,0004432 seconds, Stopping threads took: 0,0001460 seconds
2017-02-19T16:17:29.674+0100: 2346,323: Total time for which application threads were stopped: 0,0000654 seconds, Stopping threads took: 0,0000151 seconds
2017-02-19T16:17:55.677+0100: 2372,326: Total time for which application threads were stopped: 0,0005423 seconds, Stopping threads took: 0,0001732 seconds
2017-02-19T16:38:25.815+0100: 3602,464: Total time for which application threads were stopped: 0,0001289 seconds, Stopping threads took: 0,0000332 seconds
2017-02-19T16:43:09.836+0100: 3886,486: Total time for which application threads were stopped: 0,0004133 seconds, Stopping threads took: 0,0001447 seconds
2017-02-19T16:43:14.837+0100: 3891,486: Total time for which application threads were stopped: 0,0000805 seconds, Stopping threads took: 0,0000145 seconds
2017-02-19T17:09:35.991+0100: 5472,641: Total time for which application threads were stopped: 0,0006669 seconds, Stopping threads took: 0,0002245 seconds
2017-02-19T17:09:45.993+0100: 5482,642: Total time for which application threads were stopped: 0,0000860 seconds, Stopping threads took: 0,0000335 seconds
2017-02-19T17:35:51.152+0100: 7047,801: Total time for which application threads were stopped: 0,0000983 seconds, Stopping threads took: 0,0000381 seconds
2017-02-19T17:37:55.163+0100: 7171,812: Total time for which application threads were stopped: 0,0000961 seconds, Stopping threads took: 0,0000350 seconds
2017-02-19T17:39:25.172+0100: 7261,821: Total time for which application threads were stopped: 0,0005699 seconds, Stopping threads took: 0,0002435 seconds
2017-02-19T17:46:25.215+0100: 7681,864: Total time for which application threads were stopped: 0,0008709 seconds, Stopping threads took: 0,0003003 seconds
2017-02-19T18:50:25.574+0100: 11522,223: Total time for which application threads were stopped: 0,0002342 seconds, Stopping threads took: 0,0000713 seconds
2017-02-19T18:50:55.578+0100: 11552,227: Total time for which application threads were stopped: 0,0006266 seconds, Stopping threads took: 0,0001916 seconds
2017-02-19T20:26:55.289+0100: 17311,938: Total time for which application threads were stopped: 0,0002497 seconds, Stopping threads took: 0,0000834 seconds
2017-02-20T00:23:29.811+0100: 31506,461: Total time for which application threads were stopped: 0,0082243 seconds, Stopping threads took: 0,0080832 seconds
2017-02-20T00:23:29.813+0100: 31506,462: Total time for which application threads were stopped: 0,0001647 seconds, Stopping threads took: 0,0000547 seconds
2017-02-20T00:23:29.830+0100: 31506,480: Total time for which application threads were stopped: 0,0001545 seconds, Stopping threads took: 0,0000250 seconds
Heap
 par new generation   total 109248K, used 59768K [0x00000000e0000000, 0x00000000e8000000, 0x00000000e8000000)
  eden space 87424K,  43% used [0x00000000e0000000, 0x00000000e250e1c0, 0x00000000e5560000)
  from space 21824K, 100% used [0x00000000e5560000, 0x00000000e6ab0000, 0x00000000e6ab0000)
  to   space 21824K,   0% used [0x00000000e6ab0000, 0x00000000e6ab0000, 0x00000000e8000000)
 concurrent mark-sweep generation total 393216K, used 249K [0x00000000e8000000, 0x0000000100000000, 0x0000000100000000)
 Metaspace       used 28136K, capacity 28706K, committed 28796K, reserved 1075200K
  class space    used 3228K, capacity 3419K, committed 3452K, reserved 1048576K
