OpenJDK 64-Bit Server VM (25.111-b14) for linux-amd64 JRE (1.8.0_111-8u111-b14-2ubuntu0.16.04.2-b14), built on Oct 27 2016 18:10:19 by "buildd" with gcc 5.4.0 20160609
Memory: 4k page, physical 7867804k(7509824k free), swap 8076284k(8076284k free)
CommandLine flags: -XX:CMSInitiatingOccupancyFraction=50 -XX:CMSMaxAbortablePrecleanTime=6000 -XX:+CMSParallelRemarkEnabled -XX:+CMSScavengeBeforeRemark -XX:ConcGCThreads=4 -XX:InitialHeapSize=536870912 -XX:MaxHeapSize=536870912 -XX:MaxTenuringThreshold=8 -XX:NewRatio=3 -XX:OldPLABSize=16 -XX:OnOutOfMemoryError=/opt/solr/bin/oom_solr.sh 8983 /var/solr/logs -XX:ParallelGCThreads=4 -XX:+ParallelRefProcEnabled -XX:PretenureSizeThreshold=67108864 -XX:+PrintGC -XX:+PrintGCApplicationStoppedTime -XX:+PrintGCDateStamps -XX:+PrintGCDetails -XX:+PrintGCTimeStamps -XX:+PrintHeapAtGC -XX:+PrintTenuringDistribution -XX:SurvivorRatio=4 -XX:TargetSurvivorRatio=90 -XX:ThreadStackSize=256 -XX:+UseCMSInitiatingOccupancyOnly -XX:+UseCompressedClassPointers -XX:+UseCompressedOops -XX:+UseConcMarkSweepGC -XX:+UseParNewGC 
2017-01-14T09:47:00.464+0100: 0,118: Total time for which application threads were stopped: 0,0000611 seconds, Stopping threads took: 0,0000088 seconds
2017-01-14T09:47:00.539+0100: 0,193: Total time for which application threads were stopped: 0,0001077 seconds, Stopping threads took: 0,0000253 seconds
2017-01-14T09:47:00.554+0100: 0,208: Total time for which application threads were stopped: 0,0001026 seconds, Stopping threads took: 0,0000160 seconds
2017-01-14T09:47:00.784+0100: 0,438: Total time for which application threads were stopped: 0,0001161 seconds, Stopping threads took: 0,0000105 seconds
2017-01-14T09:47:01.199+0100: 0,853: Total time for which application threads were stopped: 0,0001563 seconds, Stopping threads took: 0,0000157 seconds
2017-01-14T09:47:01.301+0100: 0,955: Total time for which application threads were stopped: 0,0002094 seconds, Stopping threads took: 0,0000312 seconds
2017-01-14T09:47:01.342+0100: 0,996: Total time for which application threads were stopped: 0,0007489 seconds, Stopping threads took: 0,0001331 seconds
2017-01-14T09:47:01.614+0100: 1,268: Total time for which application threads were stopped: 0,0001535 seconds, Stopping threads took: 0,0000111 seconds
2017-01-14T09:47:01.817+0100: 1,471: Total time for which application threads were stopped: 0,0003558 seconds, Stopping threads took: 0,0000169 seconds
2017-01-14T09:47:01.845+0100: 1,499: Total time for which application threads were stopped: 0,0001766 seconds, Stopping threads took: 0,0000165 seconds
2017-01-14T09:47:01.845+0100: 1,500: Total time for which application threads were stopped: 0,0000915 seconds, Stopping threads took: 0,0000094 seconds
2017-01-14T09:47:01.859+0100: 1,513: Total time for which application threads were stopped: 0,0002424 seconds, Stopping threads took: 0,0000125 seconds
2017-01-14T09:47:01.958+0100: 1,612: Total time for which application threads were stopped: 0,0002120 seconds, Stopping threads took: 0,0000222 seconds
2017-01-14T09:47:02.128+0100: 1,782: Total time for which application threads were stopped: 0,0002892 seconds, Stopping threads took: 0,0000681 seconds
{Heap before GC invocations=0 (full 0):
 par new generation   total 109248K, used 87424K [0x00000000e0000000, 0x00000000e8000000, 0x00000000e8000000)
  eden space 87424K, 100% used [0x00000000e0000000, 0x00000000e5560000, 0x00000000e5560000)
  from space 21824K,   0% used [0x00000000e5560000, 0x00000000e5560000, 0x00000000e6ab0000)
  to   space 21824K,   0% used [0x00000000e6ab0000, 0x00000000e6ab0000, 0x00000000e8000000)
 concurrent mark-sweep generation total 393216K, used 0K [0x00000000e8000000, 0x0000000100000000, 0x0000000100000000)
 Metaspace       used 18081K, capacity 18366K, committed 18560K, reserved 1064960K
  class space    used 2053K, capacity 2162K, committed 2176K, reserved 1048576K
2017-01-14T09:47:02.231+0100: 1,885: [GC (Allocation Failure) 2017-01-14T09:47:02.231+0100: 1,885: [ParNew
Desired survivor size 20112992 bytes, new threshold 8 (max 8)
- age   1:   12323440 bytes,   12323440 total
: 87424K->12141K(109248K), 0,0160409 secs] 87424K->12141K(502464K), 0,0161252 secs] [Times: user=0,04 sys=0,01, real=0,02 secs] 
Heap after GC invocations=1 (full 0):
 par new generation   total 109248K, used 12141K [0x00000000e0000000, 0x00000000e8000000, 0x00000000e8000000)
  eden space 87424K,   0% used [0x00000000e0000000, 0x00000000e0000000, 0x00000000e5560000)
  from space 21824K,  55% used [0x00000000e6ab0000, 0x00000000e768b5a8, 0x00000000e8000000)
  to   space 21824K,   0% used [0x00000000e5560000, 0x00000000e5560000, 0x00000000e6ab0000)
 concurrent mark-sweep generation total 393216K, used 0K [0x00000000e8000000, 0x0000000100000000, 0x0000000100000000)
 Metaspace       used 18081K, capacity 18366K, committed 18560K, reserved 1064960K
  class space    used 2053K, capacity 2162K, committed 2176K, reserved 1048576K
}
2017-01-14T09:47:02.247+0100: 1,901: Total time for which application threads were stopped: 0,0162964 seconds, Stopping threads took: 0,0000135 seconds
2017-01-14T09:47:02.415+0100: 2,069: Total time for which application threads were stopped: 0,0003274 seconds, Stopping threads took: 0,0000359 seconds
2017-01-14T09:47:02.447+0100: 2,102: Total time for which application threads were stopped: 0,0003690 seconds, Stopping threads took: 0,0000453 seconds
2017-01-14T09:47:02.475+0100: 2,129: Total time for which application threads were stopped: 0,0003422 seconds, Stopping threads took: 0,0000435 seconds
{Heap before GC invocations=1 (full 0):
 par new generation   total 109248K, used 99565K [0x00000000e0000000, 0x00000000e8000000, 0x00000000e8000000)
  eden space 87424K, 100% used [0x00000000e0000000, 0x00000000e5560000, 0x00000000e5560000)
  from space 21824K,  55% used [0x00000000e6ab0000, 0x00000000e768b5a8, 0x00000000e8000000)
  to   space 21824K,   0% used [0x00000000e5560000, 0x00000000e5560000, 0x00000000e6ab0000)
 concurrent mark-sweep generation total 393216K, used 0K [0x00000000e8000000, 0x0000000100000000, 0x0000000100000000)
 Metaspace       used 20717K, capacity 21020K, committed 21248K, reserved 1069056K
  class space    used 2404K, capacity 2518K, committed 2560K, reserved 1048576K
2017-01-14T09:47:02.643+0100: 2,297: [GC (Allocation Failure) 2017-01-14T09:47:02.643+0100: 2,297: [ParNew
Desired survivor size 20112992 bytes, new threshold 8 (max 8)
- age   1:    2938032 bytes,    2938032 total
- age   2:    6101416 bytes,    9039448 total
: 99565K->15061K(109248K), 0,0108000 secs] 99565K->15061K(502464K), 0,0108848 secs] [Times: user=0,04 sys=0,01, real=0,01 secs] 
Heap after GC invocations=2 (full 0):
 par new generation   total 109248K, used 15061K [0x00000000e0000000, 0x00000000e8000000, 0x00000000e8000000)
  eden space 87424K,   0% used [0x00000000e0000000, 0x00000000e0000000, 0x00000000e5560000)
  from space 21824K,  69% used [0x00000000e5560000, 0x00000000e64154c0, 0x00000000e6ab0000)
  to   space 21824K,   0% used [0x00000000e6ab0000, 0x00000000e6ab0000, 0x00000000e8000000)
 concurrent mark-sweep generation total 393216K, used 0K [0x00000000e8000000, 0x0000000100000000, 0x0000000100000000)
 Metaspace       used 20717K, capacity 21020K, committed 21248K, reserved 1069056K
  class space    used 2404K, capacity 2518K, committed 2560K, reserved 1048576K
}
2017-01-14T09:47:02.654+0100: 2,308: Total time for which application threads were stopped: 0,0111365 seconds, Stopping threads took: 0,0000777 seconds
2017-01-14T09:47:02.708+0100: 2,362: Total time for which application threads were stopped: 0,0000877 seconds, Stopping threads took: 0,0000156 seconds
2017-01-14T09:47:02.740+0100: 2,394: Total time for which application threads were stopped: 0,0000877 seconds, Stopping threads took: 0,0000175 seconds
2017-01-14T09:47:02.740+0100: 2,394: Total time for which application threads were stopped: 0,0002475 seconds, Stopping threads took: 0,0000124 seconds
2017-01-14T09:47:02.768+0100: 2,422: Total time for which application threads were stopped: 0,0000829 seconds, Stopping threads took: 0,0000214 seconds
2017-01-14T09:47:02.844+0100: 2,498: Total time for which application threads were stopped: 0,0001134 seconds, Stopping threads took: 0,0000223 seconds
2017-01-14T09:47:02.861+0100: 2,515: Total time for which application threads were stopped: 0,0000975 seconds, Stopping threads took: 0,0000254 seconds
2017-01-14T09:47:02.868+0100: 2,522: Total time for which application threads were stopped: 0,0002737 seconds, Stopping threads took: 0,0000229 seconds
2017-01-14T09:47:02.875+0100: 2,529: Total time for which application threads were stopped: 0,0002623 seconds, Stopping threads took: 0,0000133 seconds
2017-01-14T09:47:02.884+0100: 2,538: Total time for which application threads were stopped: 0,0001053 seconds, Stopping threads took: 0,0000342 seconds
2017-01-14T09:47:02.917+0100: 2,571: Total time for which application threads were stopped: 0,0000775 seconds, Stopping threads took: 0,0000183 seconds
2017-01-14T09:47:02.928+0100: 2,582: Total time for which application threads were stopped: 0,0000739 seconds, Stopping threads took: 0,0000150 seconds
2017-01-14T09:47:02.948+0100: 2,602: Total time for which application threads were stopped: 0,0000863 seconds, Stopping threads took: 0,0000155 seconds
2017-01-14T09:47:02.967+0100: 2,621: Total time for which application threads were stopped: 0,0000850 seconds, Stopping threads took: 0,0000287 seconds
2017-01-14T09:47:03.001+0100: 2,656: Total time for which application threads were stopped: 0,0012822 seconds, Stopping threads took: 0,0011862 seconds
2017-01-14T09:47:03.069+0100: 2,723: Total time for which application threads were stopped: 0,0001283 seconds, Stopping threads took: 0,0000499 seconds
2017-01-14T09:47:03.105+0100: 2,759: Total time for which application threads were stopped: 0,0001072 seconds, Stopping threads took: 0,0000272 seconds
{Heap before GC invocations=2 (full 0):
 par new generation   total 109248K, used 102485K [0x00000000e0000000, 0x00000000e8000000, 0x00000000e8000000)
  eden space 87424K, 100% used [0x00000000e0000000, 0x00000000e5560000, 0x00000000e5560000)
  from space 21824K,  69% used [0x00000000e5560000, 0x00000000e64154c0, 0x00000000e6ab0000)
  to   space 21824K,   0% used [0x00000000e6ab0000, 0x00000000e6ab0000, 0x00000000e8000000)
 concurrent mark-sweep generation total 393216K, used 0K [0x00000000e8000000, 0x0000000100000000, 0x0000000100000000)
 Metaspace       used 24850K, capacity 25221K, committed 25536K, reserved 1071104K
  class space    used 2897K, capacity 3025K, committed 3092K, reserved 1048576K
2017-01-14T09:47:03.121+0100: 2,775: [GC (Allocation Failure) 2017-01-14T09:47:03.121+0100: 2,775: [ParNew
Desired survivor size 20112992 bytes, new threshold 8 (max 8)
- age   1:    6698208 bytes,    6698208 total
- age   2:     551264 bytes,    7249472 total
- age   3:    6095232 bytes,   13344704 total
: 102485K->14313K(109248K), 0,0131797 secs] 102485K->14313K(502464K), 0,0132522 secs] [Times: user=0,04 sys=0,00, real=0,01 secs] 
Heap after GC invocations=3 (full 0):
 par new generation   total 109248K, used 14313K [0x00000000e0000000, 0x00000000e8000000, 0x00000000e8000000)
  eden space 87424K,   0% used [0x00000000e0000000, 0x00000000e0000000, 0x00000000e5560000)
  from space 21824K,  65% used [0x00000000e6ab0000, 0x00000000e78aa500, 0x00000000e8000000)
  to   space 21824K,   0% used [0x00000000e5560000, 0x00000000e5560000, 0x00000000e6ab0000)
 concurrent mark-sweep generation total 393216K, used 0K [0x00000000e8000000, 0x0000000100000000, 0x0000000100000000)
 Metaspace       used 24850K, capacity 25221K, committed 25536K, reserved 1071104K
  class space    used 2897K, capacity 3025K, committed 3092K, reserved 1048576K
}
2017-01-14T09:47:03.134+0100: 2,788: Total time for which application threads were stopped: 0,0133943 seconds, Stopping threads took: 0,0000199 seconds
2017-01-14T09:47:03.138+0100: 2,792: [GC (CMS Initial Mark) [1 CMS-initial-mark: 0K(393216K)] 15718K(502464K), 0,0035426 secs] [Times: user=0,01 sys=0,00, real=0,00 secs] 
2017-01-14T09:47:03.141+0100: 2,795: Total time for which application threads were stopped: 0,0070959 seconds, Stopping threads took: 0,0034708 seconds
2017-01-14T09:47:03.141+0100: 2,795: [CMS-concurrent-mark-start]
2017-01-14T09:47:03.142+0100: 2,796: [CMS-concurrent-mark: 0,000/0,000 secs] [Times: user=0,00 sys=0,00, real=0,00 secs] 
2017-01-14T09:47:03.142+0100: 2,796: [CMS-concurrent-preclean-start]
2017-01-14T09:47:03.143+0100: 2,797: [CMS-concurrent-preclean: 0,001/0,001 secs] [Times: user=0,00 sys=0,00, real=0,00 secs] 
2017-01-14T09:47:03.143+0100: 2,797: [GC (CMS Final Remark) [YG occupancy: 15718 K (109248 K)]{Heap before GC invocations=3 (full 1):
 par new generation   total 109248K, used 15718K [0x00000000e0000000, 0x00000000e8000000, 0x00000000e8000000)
  eden space 87424K,   1% used [0x00000000e0000000, 0x00000000e015f428, 0x00000000e5560000)
  from space 21824K,  65% used [0x00000000e6ab0000, 0x00000000e78aa500, 0x00000000e8000000)
  to   space 21824K,   0% used [0x00000000e5560000, 0x00000000e5560000, 0x00000000e6ab0000)
 concurrent mark-sweep generation total 393216K, used 0K [0x00000000e8000000, 0x0000000100000000, 0x0000000100000000)
 Metaspace       used 24850K, capacity 25221K, committed 25536K, reserved 1071104K
  class space    used 2897K, capacity 3025K, committed 3092K, reserved 1048576K
2017-01-14T09:47:03.143+0100: 2,797: [GC (CMS Final Remark) 2017-01-14T09:47:03.143+0100: 2,797: [ParNew
Desired survivor size 20112992 bytes, new threshold 8 (max 8)
- age   1:         64 bytes,         64 total
- age   2:    3364904 bytes,    3364968 total
- age   3:     551072 bytes,    3916040 total
- age   4:    6091928 bytes,   10007968 total
: 15718K->13491K(109248K), 0,0099828 secs] 15718K->13491K(502464K), 0,0100236 secs] [Times: user=0,04 sys=0,00, real=0,01 secs] 
Heap after GC invocations=4 (full 1):
 par new generation   total 109248K, used 13491K [0x00000000e0000000, 0x00000000e8000000, 0x00000000e8000000)
  eden space 87424K,   0% used [0x00000000e0000000, 0x00000000e0000000, 0x00000000e5560000)
  from space 21824K,  61% used [0x00000000e5560000, 0x00000000e628cd00, 0x00000000e6ab0000)
  to   space 21824K,   0% used [0x00000000e6ab0000, 0x00000000e6ab0000, 0x00000000e8000000)
 concurrent mark-sweep generation total 393216K, used 0K [0x00000000e8000000, 0x0000000100000000, 0x0000000100000000)
 Metaspace       used 24850K, capacity 25221K, committed 25536K, reserved 1071104K
  class space    used 2897K, capacity 3025K, committed 3092K, reserved 1048576K
}
2017-01-14T09:47:03.153+0100: 2,807: [Rescan (parallel) , 0,0039093 secs]2017-01-14T09:47:03.157+0100: 2,811: [weak refs processing, 0,0006702 secs]2017-01-14T09:47:03.158+0100: 2,812: [class unloading, 0,0031345 secs]2017-01-14T09:47:03.161+0100: 2,815: [scrub symbol table, 0,0032856 secs]2017-01-14T09:47:03.164+0100: 2,818: [scrub string table, 0,0003747 secs][1 CMS-remark: 0K(393216K)] 13491K(502464K), 0,0220870 secs] [Times: user=0,06 sys=0,00, real=0,02 secs] 
2017-01-14T09:47:03.165+0100: 2,819: Total time for which application threads were stopped: 0,0222008 seconds, Stopping threads took: 0,0000273 seconds
2017-01-14T09:47:03.165+0100: 2,819: [CMS-concurrent-sweep-start]
2017-01-14T09:47:03.165+0100: 2,819: [CMS-concurrent-sweep: 0,000/0,000 secs] [Times: user=0,00 sys=0,00, real=0,00 secs] 
2017-01-14T09:47:03.165+0100: 2,819: [CMS-concurrent-reset-start]
2017-01-14T09:47:03.167+0100: 2,821: [CMS-concurrent-reset: 0,001/0,001 secs] [Times: user=0,01 sys=0,00, real=0,01 secs] 
2017-01-14T09:47:03.213+0100: 2,867: Total time for which application threads were stopped: 0,0003623 seconds, Stopping threads took: 0,0000244 seconds
2017-01-14T09:47:04.213+0100: 3,867: Total time for which application threads were stopped: 0,0000879 seconds, Stopping threads took: 0,0000169 seconds
2017-01-14T09:47:04.394+0100: 4,048: Total time for which application threads were stopped: 0,0004163 seconds, Stopping threads took: 0,0000780 seconds
2017-01-14T09:47:32.397+0100: 32,051: Total time for which application threads were stopped: 0,0001757 seconds, Stopping threads took: 0,0000544 seconds
2017-01-14T09:49:42.411+0100: 162,065: Total time for which application threads were stopped: 0,0000818 seconds, Stopping threads took: 0,0000355 seconds
2017-01-14T09:49:47.412+0100: 167,066: Total time for which application threads were stopped: 0,0001268 seconds, Stopping threads took: 0,0000329 seconds
2017-01-14T09:50:01.414+0100: 181,068: Total time for which application threads were stopped: 0,0000716 seconds, Stopping threads took: 0,0000300 seconds
2017-01-14T09:50:42.420+0100: 222,074: Total time for which application threads were stopped: 0,0001702 seconds, Stopping threads took: 0,0000675 seconds
2017-01-14T09:51:26.427+0100: 266,081: Total time for which application threads were stopped: 0,0001231 seconds, Stopping threads took: 0,0000497 seconds
2017-01-14T09:51:31.427+0100: 271,082: Total time for which application threads were stopped: 0,0001239 seconds, Stopping threads took: 0,0000451 seconds
2017-01-14T09:51:42.429+0100: 282,083: Total time for which application threads were stopped: 0,0001022 seconds, Stopping threads took: 0,0000255 seconds
2017-01-14T09:51:47.430+0100: 287,084: Total time for which application threads were stopped: 0,0001083 seconds, Stopping threads took: 0,0000287 seconds
2017-01-14T09:52:22.434+0100: 322,089: Total time for which application threads were stopped: 0,0001519 seconds, Stopping threads took: 0,0000626 seconds
2017-01-14T10:10:41.578+0100: 1421,232: Total time for which application threads were stopped: 0,0001226 seconds, Stopping threads took: 0,0000398 seconds
2017-01-14T10:14:27.606+0100: 1647,260: Total time for which application threads were stopped: 0,0000820 seconds, Stopping threads took: 0,0000326 seconds
2017-01-14T10:15:26.614+0100: 1706,268: Total time for which application threads were stopped: 0,0000742 seconds, Stopping threads took: 0,0000301 seconds
2017-01-14T10:25:41.689+0100: 2321,343: Total time for which application threads were stopped: 0,0000901 seconds, Stopping threads took: 0,0000347 seconds
2017-01-14T10:25:42.689+0100: 2322,344: Total time for which application threads were stopped: 0,0000620 seconds, Stopping threads took: 0,0000142 seconds
2017-01-14T10:40:17.798+0100: 3197,452: Total time for which application threads were stopped: 0,0000729 seconds, Stopping threads took: 0,0000293 seconds
2017-01-14T10:51:16.886+0100: 3856,540: Total time for which application threads were stopped: 0,0000934 seconds, Stopping threads took: 0,0000376 seconds
2017-01-14T10:51:21.887+0100: 3861,541: Total time for which application threads were stopped: 0,0000909 seconds, Stopping threads took: 0,0000344 seconds
2017-01-14T10:54:01.905+0100: 4021,559: Total time for which application threads were stopped: 0,0000848 seconds, Stopping threads took: 0,0000359 seconds
2017-01-14T11:30:57.191+0100: 6236,845: Total time for which application threads were stopped: 0,0004726 seconds, Stopping threads took: 0,0001822 seconds
2017-01-14T11:32:07.198+0100: 6306,852: Total time for which application threads were stopped: 0,0000906 seconds, Stopping threads took: 0,0000290 seconds
2017-01-14T11:52:02.319+0100: 7501,973: Total time for which application threads were stopped: 0,0000812 seconds, Stopping threads took: 0,0000328 seconds
2017-01-14T11:52:32.322+0100: 7531,976: Total time for which application threads were stopped: 0,0003398 seconds, Stopping threads took: 0,0001612 seconds
2017-01-14T11:55:02.336+0100: 7681,991: Total time for which application threads were 