OpenJDK 64-Bit Server VM (25.131-b11) for linux-amd64 JRE (1.8.0_131-8u131-b11-0ubuntu1.16.04.2-b11), built on May  6 2017 02:45:27 by "buildd" with gcc 5.4.0 20160609
Memory: 4k page, physical 7867740k(7466732k free), swap 8076284k(8076284k free)
CommandLine flags: -XX:CMSInitiatingOccupancyFraction=50 -XX:CMSMaxAbortablePrecleanTime=6000 -XX:+CMSParallelRemarkEnabled -XX:+CMSScavengeBeforeRemark -XX:ConcGCThreads=4 -XX:InitialHeapSize=536870912 -XX:MaxHeapSize=536870912 -XX:MaxTenuringThreshold=8 -XX:NewRatio=3 -XX:OldPLABSize=16 -XX:OnOutOfMemoryError=/opt/solr/bin/oom_solr.sh 8983 /var/solr/logs -XX:ParallelGCThreads=4 -XX:+ParallelRefProcEnabled -XX:PretenureSizeThreshold=67108864 -XX:+PrintGC -XX:+PrintGCApplicationStoppedTime -XX:+PrintGCDateStamps -XX:+PrintGCDetails -XX:+PrintGCTimeStamps -XX:+PrintHeapAtGC -XX:+PrintTenuringDistribution -XX:SurvivorRatio=4 -XX:TargetSurvivorRatio=90 -XX:ThreadStackSize=256 -XX:+UseCMSInitiatingOccupancyOnly -XX:+UseCompressedClassPointers -XX:+UseCompressedOops -XX:+UseConcMarkSweepGC -XX:+UseParNewGC 
2017-07-11T18:11:24.088+0200: 0,204: Total time for which application threads were stopped: 0,0000701 seconds, Stopping threads took: 0,0000101 seconds
2017-07-11T18:11:24.214+0200: 0,330: Total time for which application threads were stopped: 0,0001460 seconds, Stopping threads took: 0,0000260 seconds
2017-07-11T18:11:24.232+0200: 0,348: Total time for which application threads were stopped: 0,0000956 seconds, Stopping threads took: 0,0000260 seconds
2017-07-11T18:11:24.518+0200: 0,634: Total time for which application threads were stopped: 0,0003843 seconds, Stopping threads took: 0,0000262 seconds
2017-07-11T18:11:25.047+0200: 1,163: Total time for which application threads were stopped: 0,0001583 seconds, Stopping threads took: 0,0000237 seconds
2017-07-11T18:11:25.129+0200: 1,245: Total time for which application threads were stopped: 0,0001769 seconds, Stopping threads took: 0,0000289 seconds
2017-07-11T18:11:25.148+0200: 1,264: Total time for which application threads were stopped: 0,0004275 seconds, Stopping threads took: 0,0000547 seconds
2017-07-11T18:11:25.441+0200: 1,557: Total time for which application threads were stopped: 0,0001736 seconds, Stopping threads took: 0,0000156 seconds
2017-07-11T18:11:25.684+0200: 1,800: Total time for which application threads were stopped: 0,0001847 seconds, Stopping threads took: 0,0000120 seconds
2017-07-11T18:11:25.711+0200: 1,827: Total time for which application threads were stopped: 0,0001732 seconds, Stopping threads took: 0,0000151 seconds
2017-07-11T18:11:25.750+0200: 1,866: Total time for which application threads were stopped: 0,0002510 seconds, Stopping threads took: 0,0000219 seconds
2017-07-11T18:11:25.751+0200: 1,867: Total time for which application threads were stopped: 0,0001876 seconds, Stopping threads took: 0,0000244 seconds
2017-07-11T18:11:25.769+0200: 1,885: Total time for which application threads were stopped: 0,0001735 seconds, Stopping threads took: 0,0000155 seconds
2017-07-11T18:11:25.865+0200: 1,981: Total time for which application threads were stopped: 0,0002051 seconds, Stopping threads took: 0,0000180 seconds
2017-07-11T18:11:26.048+0200: 2,164: Total time for which application threads were stopped: 0,0002725 seconds, Stopping threads took: 0,0000328 seconds
{Heap before GC invocations=0 (full 0):
 par new generation   total 109248K, used 87424K [0x00000000e0000000, 0x00000000e8000000, 0x00000000e8000000)
  eden space 87424K, 100% used [0x00000000e0000000, 0x00000000e5560000, 0x00000000e5560000)
  from space 21824K,   0% used [0x00000000e5560000, 0x00000000e5560000, 0x00000000e6ab0000)
  to   space 21824K,   0% used [0x00000000e6ab0000, 0x00000000e6ab0000, 0x00000000e8000000)
 concurrent mark-sweep generation total 393216K, used 0K [0x00000000e8000000, 0x0000000100000000, 0x0000000100000000)
 Metaspace       used 18092K, capacity 18400K, committed 18688K, reserved 1064960K
  class space    used 2039K, capacity 2196K, committed 2304K, reserved 1048576K
2017-07-11T18:11:26.217+0200: 2,333: [GC (Allocation Failure) 2017-07-11T18:11:26.217+0200: 2,333: [ParNew
Desired survivor size 20112992 bytes, new threshold 8 (max 8)
- age   1:   12617592 bytes,   12617592 total
: 87424K->12429K(109248K), 0,0161823 secs] 87424K->12429K(502464K), 0,0162665 secs] [Times: user=0,04 sys=0,01, real=0,02 secs] 
Heap after GC invocations=1 (full 0):
 par new generation   total 109248K, used 12429K [0x00000000e0000000, 0x00000000e8000000, 0x00000000e8000000)
  eden space 87424K,   0% used [0x00000000e0000000, 0x00000000e0000000, 0x00000000e5560000)
  from space 21824K,  56% used [0x00000000e6ab0000, 0x00000000e76d3440, 0x00000000e8000000)
  to   space 21824K,   0% used [0x00000000e5560000, 0x00000000e5560000, 0x00000000e6ab0000)
 concurrent mark-sweep generation total 393216K, used 0K [0x00000000e8000000, 0x0000000100000000, 0x0000000100000000)
 Metaspace       used 18092K, capacity 18400K, committed 18688K, reserved 1064960K
  class space    used 2039K, capacity 2196K, committed 2304K, reserved 1048576K
}
2017-07-11T18:11:26.233+0200: 2,349: Total time for which application threads were stopped: 0,0165972 seconds, Stopping threads took: 0,0001080 seconds
2017-07-11T18:11:26.714+0200: 2,830: Total time for which application threads were stopped: 0,0003316 seconds, Stopping threads took: 0,0000426 seconds
2017-07-11T18:11:26.767+0200: 2,883: Total time for which application threads were stopped: 0,0011364 seconds, Stopping threads took: 0,0008272 seconds
{Heap before GC invocations=1 (full 0):
 par new generation   total 109248K, used 99853K [0x00000000e0000000, 0x00000000e8000000, 0x00000000e8000000)
  eden space 87424K, 100% used [0x00000000e0000000, 0x00000000e5560000, 0x00000000e5560000)
  from space 21824K,  56% used [0x00000000e6ab0000, 0x00000000e76d3440, 0x00000000e8000000)
  to   space 21824K,   0% used [0x00000000e5560000, 0x00000000e5560000, 0x00000000e6ab0000)
 concurrent mark-sweep generation total 393216K, used 0K [0x00000000e8000000, 0x0000000100000000, 0x0000000100000000)
 Metaspace       used 20103K, capacity 20434K, committed 20736K, reserved 1067008K
  class space    used 2297K, capacity 2471K, committed 2560K, reserved 1048576K
2017-07-11T18:11:26.774+0200: 2,890: [GC (Allocation Failure) 2017-07-11T18:11:26.774+0200: 2,890: [ParNew
Desired survivor size 20112992 bytes, new threshold 8 (max 8)
- age   1:    3781328 bytes,    3781328 total
- age   2:    6673200 bytes,   10454528 total
: 99853K->13706K(109248K), 0,0132194 secs] 99853K->13706K(502464K), 0,0132885 secs] [Times: user=0,04 sys=0,00, real=0,01 secs] 
Heap after GC invocations=2 (full 0):
 par new generation   total 109248K, used 13706K [0x00000000e0000000, 0x00000000e8000000, 0x00000000e8000000)
  eden space 87424K,   0% used [0x00000000e0000000, 0x00000000e0000000, 0x00000000e5560000)
  from space 21824K,  62% used [0x00000000e5560000, 0x00000000e62c2950, 0x00000000e6ab0000)
  to   space 21824K,   0% used [0x00000000e6ab0000, 0x00000000e6ab0000, 0x00000000e8000000)
 concurrent mark-sweep generation total 393216K, used 0K [0x00000000e8000000, 0x0000000100000000, 0x0000000100000000)
 Metaspace       used 20103K, capacity 20434K, committed 20736K, reserved 1067008K
  class space    used 2297K, capacity 2471K, committed 2560K, reserved 1048576K
}
2017-07-11T18:11:26.787+0200: 2,903: Total time for which application threads were stopped: 0,0144629 seconds, Stopping threads took: 0,0010462 seconds
2017-07-11T18:11:26.821+0200: 2,938: Total time for which application threads were stopped: 0,0004368 seconds, Stopping threads took: 0,0000693 seconds
2017-07-11T18:11:26.958+0200: 3,074: Total time for which application threads were stopped: 0,0008188 seconds, Stopping threads took: 0,0006464 seconds
{Heap before GC invocations=2 (full 0):
 par new generation   total 109248K, used 101130K [0x00000000e0000000, 0x00000000e8000000, 0x00000000e8000000)
  eden space 87424K, 100% used [0x00000000e0000000, 0x00000000e5560000, 0x00000000e5560000)
  from space 21824K,  62% used [0x00000000e5560000, 0x00000000e62c2950, 0x00000000e6ab0000)
  to   space 21824K,   0% used [0x00000000e6ab0000, 0x00000000e6ab0000, 0x00000000e8000000)
 concurrent mark-sweep generation total 393216K, used 0K [0x00000000e8000000, 0x0000000100000000, 0x0000000100000000)
 Metaspace       used 21037K, capacity 21420K, committed 21628K, reserved 1069056K
  class space    used 2423K, capacity 2590K, committed 2684K, reserved 1048576K
2017-07-11T18:11:27.006+0200: 3,122: [GC (Allocation Failure) 2017-07-11T18:11:27.006+0200: 3,122: [ParNew
Desired survivor size 20112992 bytes, new threshold 8 (max 8)
- age   1:    2281272 bytes,    2281272 total
- age   2:     849704 bytes,    3130976 total
- age   3:    6670824 bytes,    9801800 total
: 101130K->11573K(109248K), 0,0107737 secs] 101130K->11573K(502464K), 0,0108625 secs] [Times: user=0,04 sys=0,00, real=0,01 secs] 
Heap after GC invocations=3 (full 0):
 par new generation   total 109248K, used 11573K [0x00000000e0000000, 0x00000000e8000000, 0x00000000e8000000)
  eden space 87424K,   0% used [0x00000000e0000000, 0x00000000e0000000, 0x00000000e5560000)
  from space 21824K,  53% used [0x00000000e6ab0000, 0x00000000e75fd4c0, 0x00000000e8000000)
  to   space 21824K,   0% used [0x00000000e5560000, 0x00000000e5560000, 0x00000000e6ab0000)
 concurrent mark-sweep generation total 393216K, used 0K [0x00000000e8000000, 0x0000000100000000, 0x0000000100000000)
 Metaspace       used 21037K, capacity 21420K, committed 21628K, reserved 1069056K
  class space    used 2423K, capacity 2590K, committed 2684K, reserved 1048576K
}
2017-07-11T18:11:27.017+0200: 3,133: Total time for which application threads were stopped: 0,0110926 seconds, Stopping threads took: 0,0000631 seconds
2017-07-11T18:11:27.017+0200: 3,133: [GC (CMS Initial Mark) [1 CMS-initial-mark: 0K(393216K)] 11605K(502464K), 0,0034190 secs] [Times: user=0,01 sys=0,00, real=0,01 secs] 
2017-07-11T18:11:27.020+0200: 3,136: Total time for which application threads were stopped: 0,0035501 seconds, Stopping threads took: 0,0000373 seconds
2017-07-11T18:11:27.020+0200: 3,136: [CMS-concurrent-mark-start]
2017-07-11T18:11:27.021+0200: 3,137: [CMS-concurrent-mark: 0,000/0,000 secs] [Times: user=0,01 sys=0,00, real=0,00 secs] 
2017-07-11T18:11:27.021+0200: 3,137: [CMS-concurrent-preclean-start]
2017-07-11T18:11:27.021+0200: 3,137: [CMS-concurrent-preclean: 0,001/0,001 secs] [Times: user=0,00 sys=0,00, real=0,00 secs] 
2017-07-11T18:11:27.021+0200: 3,137: [GC (CMS Final Remark) [YG occupancy: 11605 K (109248 K)]{Heap before GC invocations=3 (full 1):
 par new generation   total 109248K, used 11605K [0x00000000e0000000, 0x00000000e8000000, 0x00000000e8000000)
  eden space 87424K,   0% used [0x00000000e0000000, 0x00000000e0008010, 0x00000000e5560000)
  from space 21824K,  53% used [0x00000000e6ab0000, 0x00000000e75fd4c0, 0x00000000e8000000)
  to   space 21824K,   0% used [0x00000000e5560000, 0x00000000e5560000, 0x00000000e6ab0000)
 concurrent mark-sweep generation total 393216K, used 0K [0x00000000e8000000, 0x0000000100000000, 0x0000000100000000)
 Metaspace       used 21037K, capacity 21420K, committed 21628K, reserved 1069056K
  class space    used 2423K, capacity 2590K, committed 2684K, reserved 1048576K
2017-07-11T18:11:27.021+0200: 3,137: [GC (CMS Final Remark) 2017-07-11T18:11:27.021+0200: 3,137: [ParNew
Desired survivor size 20112992 bytes, new threshold 8 (max 8)
- age   1:      32784 bytes,      32784 total
- age   2:    2281272 bytes,    2314056 total
- age   3:     849704 bytes,    3163760 total
- age   4:    6670824 bytes,    9834584 total
: 11605K->12938K(109248K), 0,0177204 secs] 11605K->12938K(502464K), 0,0177610 secs] [Times: user=0,06 sys=0,00, real=0,02 secs] 
Heap after GC invocations=4 (full 1):
 par new generation   total 109248K, used 12938K [0x00000000e0000000, 0x00000000e8000000, 0x00000000e8000000)
  eden space 87424K,   0% used [0x00000000e0000000, 0x00000000e0000000, 0x00000000e5560000)
  from space 21824K,  59% used [0x00000000e5560000, 0x00000000e6202a50, 0x00000000e6ab0000)
  to   space 21824K,   0% used [0x00000000e6ab0000, 0x00000000e6ab0000, 0x00000000e8000000)
 concurrent mark-sweep generation total 393216K, used 0K [0x00000000e8000000, 0x0000000100000000, 0x0000000100000000)
 Metaspace       used 21037K, capacity 21420K, committed 21628K, reserved 1069056K
  class space    used 2423K, capacity 2590K, committed 2684K, reserved 1048576K
}
2017-07-11T18:11:27.039+0200: 3,155: [Rescan (parallel) , 0,0042764 secs]2017-07-11T18:11:27.043+0200: 3,159: [weak refs processing, 0,0016179 secs]2017-07-11T18:11:27.045+0200: 3,161: [class unloading, 0,0038366 secs]2017-07-11T18:11:27.049+0200: 3,165: [scrub symbol table, 0,0040125 secs]2017-07-11T18:11:27.053+0200: 3,169: [scrub string table, 0,0004623 secs][1 CMS-remark: 0K(393216K)] 12938K(502464K), 0,0328920 secs] [Times: user=0,10 sys=0,00, real=0,03 secs] 
2017-07-11T18:11:27.054+0200: 3,170: Total time for which application threads were stopped: 0,0329889 seconds, Stopping threads took: 0,0000185 seconds
2017-07-11T18:11:27.062+0200: 3,178: [CMS-concurrent-sweep-start]
2017-07-11T18:11:27.062+0200: 3,178: [CMS-concurrent-sweep: 0,000/0,000 secs] [Times: user=0,00 sys=0,00, real=0,00 secs] 
2017-07-11T18:11:27.062+0200: 3,178: [CMS-concurrent-reset-start]
2017-07-11T18:11:27.064+0200: 3,180: [CMS-concurrent-reset: 0,002/0,002 secs] [Times: user=0,00 sys=0,00, real=0,00 secs] 
{Heap before GC invocations=4 (full 1):
 par new generation   total 109248K, used 100362K [0x00000000e0000000, 0x00000000e8000000, 0x00000000e8000000)
  eden space 87424K, 100% used [0x00000000e0000000, 0x00000000e5560000, 0x00000000e5560000)
  from space 21824K,  59% used [0x00000000e5560000, 0x00000000e6202a50, 0x00000000e6ab0000)
  to   space 21824K,   0% used [0x00000000e6ab0000, 0x00000000e6ab0000, 0x00000000e8000000)
 concurrent mark-sweep generation total 393216K, used 0K [0x00000000e8000000, 0x0000000100000000, 0x0000000100000000)
 Metaspace       used 21245K, capacity 21638K, committed 21884K, reserved 1069056K
  class space    used 2448K, capacity 2606K, committed 2684K, reserved 1048576K
2017-07-11T18:11:27.155+0200: 3,271: [GC (Allocation Failure) 2017-07-11T18:11:27.155+0200: 3,271: [ParNew
Desired survivor size 20112992 bytes, new threshold 8 (max 8)
- age   1:    1301208 bytes,    1301208 total
- age   3:    1449912 bytes,    2751120 total
- age   4:     818328 bytes,    3569448 total
- age   5:    6671160 bytes,   10240608 total
: 100362K->11515K(109248K), 0,0101250 secs] 100362K->11515K(502464K), 0,0102033 secs] [Times: user=0,03 sys=0,00, real=0,01 secs] 
Heap after GC invocations=5 (full 1):
 par new generation   total 109248K, used 11515K [0x00000000e0000000, 0x00000000e8000000, 0x00000000e8000000)
  eden space 87424K,   0% used [0x00000000e0000000, 0x00000000e0000000, 0x00000000e5560000)
  from space 21824K,  52% used [0x00000000e6ab0000, 0x00000000e75eefc0, 0x00000000e8000000)
  to   space 21824K,   0% used [0x00000000e5560000, 0x00000000e5560000, 0x00000000e6ab0000)
 concurrent mark-sweep generation total 393216K, used 0K [0x00000000e8000000, 0x0000000100000000, 0x0000000100000000)
 Metaspace       used 21245K, capacity 21638K, committed 21884K, reserved 1069056K
  class space    used 2448K, capacity 2606K, committed 2684K, reserved 1048576K
}
2017-07-11T18:11:27.165+0200: 3,281: Total time for which application threads were stopped: 0,0104143 seconds, Stopping threads took: 0,0000426 seconds
{Heap before GC invocations=5 (full 1):
 par new generation   total 109248K, used 98939K [0x00000000e0000000, 0x00000000e8000000, 0x00000000e8000000)
  eden space 87424K, 100% used [0x00000000e0000000, 0x00000000e5560000, 0x00000000e5560000)
  from space 21824K,  52% used [0x00000000e6ab0000, 0x00000000e75eefc0, 0x00000000e8000000)
  to   space 21824K,   0% used [0x00000000e5560000, 0x00000000e5560000, 0x00000000e6ab0000)
 concurrent mark-sweep generation total 393216K, used 0K [0x00000000e8000000, 0x0000000100000000, 0x0000000100000000)
 Metaspace       used 21454K, capacity 21810K, committed 21884K, reserved 1069056K
  class space    used 2472K, capacity 2640K, committed 2684K, reserved 1048576K
2017-07-11T18:11:27.249+0200: 3,365: [GC (Allocation Failure) 2017-07-11T18:11:27.250+0200: 3,366: [ParNew
Desired survivor size 20112992 bytes, new threshold 8 (max 8)
- age   1:     808184 bytes,     808184 total
- age   2:     185848 bytes,     994032 total
- age   4:    1448944 bytes,    2442976 total
- age   5:     818216 bytes,    3261192 total
- age   6:    6670920 bytes,    9932112 total
: 98939K->15644K(109248K), 0,0123275 secs] 98939K->15644K(502464K), 0,0124165 secs] [Times: user=0,04 sys=0,00, real=0,02 secs] 
Heap after GC invocations=6 (full 1):
 par new generation   total 109248K, used 15644K [0x00000000e0000000, 0x00000000e8000000, 0x00000000e8000000)
  eden space 87424K,   0% used [0x00000000e0000000, 0x00000000e0000000, 0x00000000e5560000)
  from space 21824K,  71% used [0x00000000e5560000, 0x00000000e64a7208, 0x00000000e6ab0000)
  to   space 21824K,   0% used [0x00000000e6ab0000, 0x00000000e6ab0000, 0x00000000e8000000)
 concurrent mark-sweep generation total 393216K, used 0K [0x00000000e8000000, 0x0000000100000000, 0x0000000100000000)
 Metaspace       used 21454K, capacity 21810K, committed 21884K, reserved 1069056K
  class space    used 2472K, capacity 2640K, committed 2684K, reserved 1048576K
}
2017-07-11T18:11:27.262+0200: 3,378: Total time for which application threads were stopped: 0,0142883 seconds, Stopping threads took: 0,0016923 seconds
2017-07-11T18:11:27.288+0200: 3,404: Total time for which application threads were stopped: 0,0003320 seconds, Stopping threads took: 0,0000390 seconds
2017-07-11T18:11:27.546+0200: 3,662: Total time for which application threads were stopped: 0,0004275 seconds, Stopping threads took: 0,0000208 seconds
2017-07-11T18:11:27.560+0200: 3,676: Total time for which application threads were stopped: 0,0003232 seconds, Stopping threads took: 0,0000236 seconds
{Heap before GC invocations=6 (full 1):
 par new generation   total 109248K, used 103068K [0x00000000e0000000, 0x00000000e8000000, 0x00000000e8000000)
  eden space 87424K, 100% used [0x00000000e0000000, 0x00000000e5560000, 0x00000000e5560000)
  from space 21824K,  71% used [0x00000000e5560000, 0x00000000e64a7208, 0x00000000e6ab0000)
  to   space 21824K,   0% used [0x00000000e6ab0000, 0x00000000e6ab0000, 0x00000000e8000000)
 concurrent mark-sweep generation total 393216K, used 0K [0x00000000e8000000, 0x0000000100000000, 0x0000000100000000)
 Metaspace       used 24560K, capacity 25044K, committed 25212K, reserved 1071104K
  class space    used 2873K, capacity 3079K, committed 3196K, reserved 1048576K
2017-07-11T18:11:27.760+0200: 3,876: [GC (Allocation Failure) 2017-07-11T18:11:27.760+0200: 3,876: [ParNew
Desired survivor size 20112992 bytes, new threshold 8 (max 8)
- age   1:    5906272 bytes,    5906272 total
- age   2:     142680 bytes,    6048952 total
- age   3:     184872 bytes,    6233824 total
- age   5:     276632 bytes,    6510456 total
- age   6:     789376 bytes,    7299832 total
- age   7:    6662232 bytes,   13962064 total
: 103068K->16308K(109248K), 0,0472711 secs] 103068K->16308K(502464K), 0,0473469 secs] [Times: user=0,16 sys=0,00, real=0,04 secs] 
Heap after GC invocations=7 (full 1):
 par new generation   total 109248K, used 16308K [0x00000000e0000000, 0x00000000e8000000, 0x00000000e8000000)
  eden space 87424K,   0% used [0x00000000e0000000, 0x00000000e0000000, 0x00000000e5560000)
  from space 21824K,  74% used [0x00000000e6ab0000, 0x00000000e7a9d3a0, 0x00000000e8000000)
  to   space 21824K,   0% used [0x00000000e5560000, 0x00000000e5560000, 0x00000000e6ab0000)
 concurrent mark-sweep generation total 393216K, used 0K [0x00000000e8000000, 0x0000000100000000, 0x0000000100000000)
 Metaspace       used 24560K, capacity 25044K, committed 25212K, reserved 1071104K
  class space    used 2873K, capacity 3079K, committed 3196K, reserved 1048576K
}
2017-07-11T18:11:27.808+0200: 3,924: Total time for which application threads were stopped: 0,0480937 seconds, Stopping threads took: 0,0004556 seconds
{Heap before GC invocations=7 (full 1):
 par new generation   total 109248K, used 103732K [0x00000000e0000000, 0x00000000e8000000, 0x00000000e8000000)
  eden space 87424K, 100% used [0x00000000e0000000, 0x00000000e5560000, 0x00000000e5560000)
  from space 21824K,  74% used [0x00000000e6ab0000, 0x00000000e7a9d3a0, 0x00000000e8000000)
  to   space 21824K,   0% used [0x00000000e5560000, 0x00000000e5560000, 0x00000000e6ab0000)
 concurrent mark-sweep generation total 393216K, used 0K [0x00000000e8000000, 0x0000000100000000, 0x0000000100000000)
 Metaspace       used 24935K, capacity 25370K, committed 25724K, reserved 1071104K
  class space    used 2905K, capacity 3080K, committed 3196K, reserved 1048576K
2017-07-11T18:11:27.915+0200: 4,031: [GC (Allocation Failure) 2017-07-11T18:11:27.915+0200: 4,031: [ParNew
Desired survivor size 20112992 bytes, new threshold 8 (max 8)
- age   1:    1845792 bytes,    1845792 total
- age   2:    1877000 bytes,    3722792 total
- age   3:      73456 bytes,    3796248 total
- age   4:      99024 bytes,    3895272 total
- age   6:     181080 bytes,    4076352 total
- age   7:     744336 bytes,    4820688 total
- age   8:    6127840 bytes,   10948528 total
: 103732K->17086K(109248K), 0,0153112 secs] 103732K->17086K(502464K), 0,0153921 secs] [Times: user=0,04 sys=0,01, real=0,02 secs] 
Heap after GC invocations=8 (full 1):
 par new generation   total 109248K, used 17086K [0x00000000e0000000, 0x00000000e8000000, 0x00000000e8000000)
  eden space 87424K,   0% used [0x00000000e0000000, 0x00000000e0000000, 0x00000000e5560000)
  from space 21824K,  78% used [0x00000000e5560000, 0x00000000e660fa00, 0x00000000e6ab0000)
  to   space 21824K,   0% used [0x00000000e6ab0000, 0x00000000e6ab0000, 0x00000000e8000000)
 concurrent mark-sweep generation total 393216K, used 0K [0x00000000e8000000, 0x0000000100000000, 0x0000000100000000)
 Metaspace       used 24935K, capacity 25370K, committed 25724K, reserved 1071104K
  class space    used 2905K, capacity 3080K, committed 3196K, reserved 1048576K
}
2017-07-11T18:11:27.930+0200: 4,046: Total time for which application threads were stopped: 0,0156737 seconds, Stopping threads took: 0,0000860 seconds
2017-07-11T18:11:27.941+0200: 4,057: Total time for which application threads were stopped: 0,0003643 seconds, Stopping threads took: 0,0000780 seconds
{Heap before GC invocations=8 (full 1):
 par new generation   total 109248K, used 104510K [0x00000000e0000000, 0x00000000e8000000, 0x00000000e8000000)
  eden space 87424K, 100% used [0x00000000e0000000, 0x00000000e5560000, 0x00000000e5560000)
  from space 21824K,  78% used [0x00000000e5560000, 0x00000000e660fa00, 0x00000000e6ab0000)
  to   space 21824K,   0% used [0x00000000e6ab0000, 0x00000000e6ab0000, 0x00000000e8000000)
 concurrent mark-sweep generation total 393216K, used 0K [0x00000000e8000000, 0x0000000100000000, 0x0000000100000000)
 Metaspace       used 25034K, capacity 25460K, committed 25724K, reserved 1071104K
  class space    used 2911K, capacity 3085K, committed 3196K, reserved 1048576K
2017-07-11T18:11:28.002+0200: 4,118: [GC (Allocation Failure) 2017-07-11T18:11:28.002+0200: 4,118: [ParNew
Desired survivor size 20112992 bytes, new threshold 8 (max 8)
- age   1:     460496 bytes,     460496 total
- age   2:    1042352 bytes,    1502848 total
- age   3:    1854896 bytes,    3357744 total
- age   4:      73456 bytes,    3431200 total
- age   5:      98920 bytes,    3530120 total
- age   7:     181080 bytes,    3711200 total
- age   8:     744336 bytes,    4455536 total
: 104510K->8281K(109248K), 0,0386117 secs] 104510K->14927K(502464K), 0,0386920 secs] [Times: user=0,09 sys=0,00, real=0,04 secs] 
Heap after GC invocations=9 (full 1):
 par new generation   total 109248K, used 8281K [0x00000000e0000000, 0x00000000e8000000, 0x00000000e8000000)
  eden space 87424K,   0% used [0x00000000e0000000, 0x00000000e0000000, 0x00000000e5560000)
  from space 21824K,  37% used [0x00000000e6ab0000, 0x00000000e72c6450, 0x00000000e8000000)
  to   space 21824K,   0% used [0x00000000e5560000, 0x00000000e5560000, 0x00000000e6ab0000)
 concurrent mark-sweep generation total 393216K, used 6646K [0x00000000e8000000, 0x0000000100000000, 0x0000000100000000)
 Metaspace       used 25034K, capacity 25460K, committed 25724K, reserved 1071104K
  class space    used 2911K, capacity 3085K, committed 3196K, reserved 1048576K
}
2017-07-11T18:11:28.041+0200: 4,157: Total time for which application threads were stopped: 0,0389523 seconds, Stopping threads took: 0,0000727 seconds
2017-07-11T18:11:28.129+0200: 4,245: Total time for which application threads were stopped: 0,0042373 seconds, Stopping threads took: 0,0041129 seconds
2017-07-11T18:11:28.177+0200: 4,293: Total time for which application threads were stopped: 0,0001958 seconds, Stopping threads took: 0,0000806 seconds
2017-07-11T18:11:28.198+0200: 4,314: Total time for which application threads were stopped: 0,0001954 seconds, Stopping threads took: 0,0000638 seconds
2017-07-11T18:11:28.198+0200: 4,314: Total time for which application threads were stopped: 0,0000928 seconds, Stopping threads took: 0,0000273 seconds
2017-07-11T18:11:28.199+0200: 4,315: Total time for which application threads were stopped: 0,0002471 seconds, Stopping threads took: 0,0001711 seconds
2017-07-11T18:11:28.199+0200: 4,315: Total time for which application threads were stopped: 0,0001466 seconds, Stopping threads took: 0,0000439 seconds
2017-07-11T18:11:28.200+0200: 4,316: Total time for which application threads were stopped: 0,0001082 seconds, Stopping threads took: 0,0000247 seconds
2017-07-11T18:11:28.200+0200: 4,316: Total time for which application threads were stopped: 0,0000968 seconds, Stopping threads took: 0,0000236 seconds
2017-07-11T18:11:28.200+0200: 4,316: Total time for which application threads were stopped: 0,0001668 seconds, Stopping threads took: 0,0000854 seconds
2017-07-11T18:11:28.200+0200: 4,316: Total time for which application threads were stopped: 0,0000744 seconds, Stopping threads took: 0,0000132 seconds
2017-07-11T18:11:28.200+0200: 4,316: Total time for which application threads were stopped: 0,0001207 seconds, Stopping threads took: 0,0000712 seconds
2017-07-11T18:11:28.202+0200: 4,318: Total time for which application threads were stopped: 0,0013336 seconds, Stopping threads took: 0,0012626 seconds
2017-07-11T18:11:28.202+0200: 4,318: Total time for which application threads were stopped: 0,0001255 seconds, Stopping threads took: 0,0000738 seconds
2017-07-11T18:11:28.202+0200: 4,318: Total time for which application threads were stopped: 0,0000972 seconds, Stopping threads took: 0,0000158 seconds
2017-07-11T18:11:28.202+0200: 4,318: Total time for which application threads were stopped: 0,0000824 seconds, Stopping threads took: 0,0000114 seconds
2017-07-11T18:11:28.203+0200: 4,319: Total time for which application threads were stopped: 0,0001027 seconds, Stopping threads took: 0,0000252 seconds
2017-07-11T18:11:28.203+0200: 4,319: Total time for which application threads were stopped: 0,0000924 seconds, Stopping threads took: 0,0000165 seconds
2017-07-11T18:11:28.203+0200: 4,319: Total time for which application threads were stopped: 0,0000945 seconds, Stopping threads took: 0,0000121 seconds
2017-07-11T18:11:28.203+0200: 4,319: Total time for which application threads were stopped: 0,0000791 seconds, Stopping threads took: 0,0000107 seconds
2017-07-11T18:11:28.203+0200: 4,319: Total time for which application threads were stopped: 0,0000774 seconds, Stopping threads took: 0,0000109 seconds
2017-07-11T18:11:28.204+0200: 4,320: Total time for which application threads were stopped: 0,0000820 seconds, Stopping threads took: 0,0000112 seconds
2017-07-11T18:11:28.204+0200: 4,320: Total time for which application threads were stopped: 0,0000794 seconds, Stopping threads took: 0,0000128 seconds
2017-07-11T18:11:28.204+0200: 4,320: Total time for which application threads were stopped: 0,0000800 seconds, Stopping threads took: 0,0000131 seconds
2017-07-11T18:11:28.204+0200: 4,320: Total time for which application threads were stopped: 0,0000793 seconds, Stopping threads took: 0,0000114 seconds
2017-07-11T18:11:28.204+0200: 4,320: Total time for which application threads were stopped: 0,0000754 seconds, Stopping threads took: 0,0000105 seconds
2017-07-11T18:11:28.204+0200: 4,320: Total time for which application threads were stopped: 0,0000699 seconds, Stopping threads took: 0,0000101 seconds
2017-07-11T18:11:28.205+0200: 4,321: Total time for which application threads were stopped: 0,0001782 seconds, Stopping threads took: 0,0000104 seconds
2017-07-11T18:11:28.210+0200: 4,326: Total time for which application threads were stopped: 0,0013251 seconds, Stopping threads took: 0,0012196 seconds
2017-07-11T18:11:28.216+0200: 4,332: Total time for which application threads were stopped: 0,0002978 seconds, Stopping threads took: 0,0001957 seconds
2017-07-11T18:11:28.229+0200: 4,345: Total time for which application threads were stopped: 0,0016437 seconds, Stopping threads took: 0,0015618 seconds
2017-07-11T18:11:28.229+0200: 4,345: Total time for which application threads were stopped: 0,0001199 seconds, Stopping threads took: 0,0000531 seconds
2017-07-11T18:11:28.230+0200: 4,346: Total time for which application threads were stopped: 0,0000852 seconds, Stopping threads took: 0,0000343 seconds
2017-07-11T18:11:28.238+0200: 4,354: Total time for which application threads were stopped: 0,0032710 seconds, Stopping threads took: 0,0031723 seconds
2017-07-11T18:11:28.239+0200: 4,355: Total time for which application threads were stopped: 0,0001370 seconds, Stopping threads took: 0,0000610 seconds
2017-07-11T18:11:28.239+0200: 4,355: Total time for which application threads were stopped: 0,0000728 seconds, Stopping threads took: 0,0000209 seconds
2017-07-11T18:11:28.239+0200: 4,355: Total time for which application threads were stopped: 0,0000642 seconds, Stopping threads took: 0,0000227 seconds
2017-07-11T18:11:28.243+0200: 4,359: Total time for which application threads were stopped: 0,0001437 seconds, Stopping threads took: 0,0000695 seconds
2017-07-11T18:11:28.262+0200: 4,378: Total time for which application threads were stopped: 0,0001248 seconds, Stopping threads took: 0,0000399 seconds
2017-07-11T18:11:28.263+0200: 4,379: Total time for which application threads were stopped: 0,0000844 seconds, Stopping threads took: 0,0000290 seconds
2017-07-11T18:11:28.263+0200: 4,379: Total time for which application threads were stopped: 0,0000744 seconds, Stopping threads took: 0,0000232 seconds
2017-07-11T18:11:28.265+0200: 4,381: Total time for which application threads were stopped: 0,0001498 seconds, Stopping threads took: 0,0000505 seconds
2017-07-11T18:11:28.265+0200: 4,381: Total time for which application threads were stopped: 0,0000927 seconds, Stopping threads took: 0,0000185 seconds
2017-07-11T18:11:28.267+0200: 4,383: Total time for which application threads were stopped: 0,0001021 seconds, Stopping threads took: 0,0000307 seconds
2017-07-11T18:11:28.282+0200: 4,398: Total time for which application threads were stopped: 0,0005273 seconds, Stopping threads took: 0,0000276 seconds
2017-07-11T18:11:28.292+0200: 4,408: Total time for which application threads were stopped: 0,0001356 seconds, Stopping threads took: 0,0000316 seconds
2017-07-11T18:11:28.298+0200: 4,414: Total time for which application threads were stopped: 0,0005400 seconds, Stopping threads took: 0,0000387 seconds
2017-07-11T18:11:28.307+0200: 4,423: Total time for which application threads were stopped: 0,0001439 seconds, Stopping threads took: 0,0000339 seconds
2017-07-11T18:11:28.313+0200: 4,429: Total time for which application threads were stopped: 0,0001339 seconds, Stopping threads took: 0,0000341 seconds
2017-07-11T18:11:28.314+0200: 4,430: Total time for which application threads were stopped: 0,0001175 seconds, Stopping threads took: 0,0000267 seconds
2017-07-11T18:11:28.357+0200: 4,473: Total time for which application threads were stopped: 0,0004247 seconds, Stopping threads took: 0,0000363 seconds
2017-07-11T18:11:28.374+0200: 4,490: Total time for which application threads were stopped: 0,0003542 seconds, Stopping threads took: 0,0002795 seconds
2017-07-11T18:11:28.375+0200: 4,491: Total time for which application threads were stopped: 0,0001099 seconds, Stopping threads took: 0,0000318 seconds
2017-07-11T18:11:28.380+0200: 4,496: Total time for which application threads were stopped: 0,0001759 seconds, Stopping threads took: 0,0000745 seconds
2017-07-11T18:11:28.390+0200: 4,506: Total time for which application threads were stopped: 0,0001505 seconds, Stopping threads took: 0,0000448 seconds
2017-07-11T18:11:28.402+0200: 4,518: Total time for which application threads were stopped: 0,0039273 seconds, Stopping threads took: 0,0037995 seconds
2017-07-11T18:11:28.402+0200: 4,518: Total time for which application threads were stopped: 0,0000989 seconds, Stopping threads took: 0,0000254 seconds
2017-07-11T18:11:28.411+0200: 4,527: Total time for which application threads were stopped: 0,0001956 seconds, Stopping threads took: 0,0000565 seconds
2017-07-11T18:11:28.411+0200: 4,527: Total time for which application threads were stopped: 0,0001005 seconds, Stopping threads took: 0,0000183 seconds
2017-07-11T18:11:28.411+0200: 4,527: Total time for which application threads were stopped: 0,0001899 seconds, Stopping threads took: 0,0000163 seconds
2017-07-11T18:11:28.413+0200: 4,529: Total time for which application threads were stopped: 0,0001166 seconds, Stopping threads took: 0,0000273 seconds
2017-07-11T18:11:28.414+0200: 4,530: Total time for which application threads were stopped: 0,0001215 seconds, Stopping threads took: 0,0000390 seconds
2017-07-11T18:11:28.417+0200: 4,533: Total time for which application threads were stopped: 0,0001354 seconds, Stopping threads took: 0,0000508 seconds
2017-07-11T18:11:28.420+0200: 4,536: Total time for which application threads were stopped: 0,0001483 seconds, Stopping threads took: 0,0000505 seconds
2017-07-11T18:11:28.426+0200: 4,542: Total time for which application threads were stopped: 0,0001634 seconds, Stopping threads took: 0,0000452 seconds
2017-07-11T18:11:28.430+0200: 4,546: Total time for which application threads were stopped: 0,0001646 seconds, Stopping threads took: 0,0000291 seconds
2017-07-11T18:11:28.431+0200: 4,547: Total time for which application threads were stopped: 0,0001780 seconds, Stopping threads took: 0,0000700 seconds
2017-07-11T18:11:28.442+0200: 4,558: Total time for which application threads were stopped: 0,0001264 seconds, Stopping threads took: 0,0000297 seconds
2017-07-11T18:11:28.474+0200: 4,590: Total time for which application threads were stopped: 0,0011099 seconds, Stopping threads took: 0,0010211 seconds
2017-07-11T18:11:28.510+0200: 4,626: Total time for which application threads were stopped: 0,0048638 seconds, Stopping threads took: 0,0047456 seconds
2017-07-11T18:11:28.534+0200: 4,650: Total time for which application threads were stopped: 0,0072459 seconds, Stopping threads took: 0,0071411 seconds
2017-07-11T18:11:28.538+0200: 4,654: Total time for which application threads were stopped: 0,0009189 seconds, Stopping threads took: 0,0004484 seconds
2017-07-11T18:11:28.571+0200: 4,687: Total time for which application threads were stopped: 0,0001369 seconds, Stopping threads took: 0,0000594 seconds
2017-07-11T18:11:28.571+0200: 4,687: Total time for which application threads were stopped: 0,0000616 seconds, Stopping threads took: 0,0000262 seconds
2017-07-11T18:11:29.572+0200: 5,688: Total time for which application threads were stopped: 0,0000725 seconds, Stopping threads took: 0,0000166 seconds
2017-07-11T18:13:21.590+0200: 117,706: Total time for which application threads were stopped: 0,0001886 seconds, Stopping threads took: 0,0000971 seconds
2017-07-11T18:13:26.591+0200: 122,707: Total time for which application threads were stopped: 0,0000999 seconds, Stopping threads took: 0,0000167 seconds
2017-07-11T18:14:25.598+0200: 181,714: Total time for which application threads were stopped: 0,0000853 seconds, Stopping threads took: 0,0000353 seconds
{Heap before GC invocations=9 (full 1):
 par new generation   total 109248K, used 95705K [0x00000000e0000000, 0x00000000e8000000, 0x00000000e8000000)
  eden space 87424K, 100% used [0x00000000e0000000, 0x00000000e5560000, 0x00000000e5560000)
  from space 21824K,  37% used [0x00000000e6ab0000, 0x00000000e72c6450, 0x00000000e8000000)
  to   space 21824K,   0% used [0x00000000e5560000, 0x00000000e5560000, 0x00000000e6ab0000)
 concurrent mark-sweep generation total 393216K, used 6646K [0x00000000e8000000, 0x0000000100000000, 0x0000000100000000)
 Metaspace       used 28032K, capacity 28562K, committed 28796K, reserved 1075200K
  class space    used 3212K, capacity 3390K, committed 3452K, reserved 1048576K
2017-07-11T18:15:55.080+0200: 271,197: [GC (Allocation Failure) 2017-07-11T18:15:55.081+0200: 271,197: [ParNew
Desired survivor size 20112992 bytes, new threshold 8 (max 8)
- age   1:   10652088 bytes,   10652088 total
- age   2:     172128 bytes,   10824216 total
- age   3:     262616 bytes,   11086832 total
- age   4:    1845064 bytes,   12931896 total
- age   5:      73456 bytes,   13005352 total
- age   6:      98792 bytes,   13104144 total
- age   8:     180984 bytes,   13285128 total
: 95705K->14254K(109248K), 0,0223115 secs] 102351K->21639K(502464K), 0,0223939 secs] [Times: user=0,07 sys=0,00, real=0,02 secs] 
Heap after GC invocations=10 (full 1):
 par new generation   total 109248K, used 14254K [0x00000000e0000000, 0x00000000e8000000, 0x00000000e8000000)
  eden space 87424K,   0% used [0x00000000e0000000, 0x00000000e0000000, 0x00000000e5560000)
  from space 21824K,  65% used [0x00000000e5560000, 0x00000000e634b810, 0x00000000e6ab0000)
  to   space 21824K,   0% used [0x00000000e6ab0000, 0x00000000e6ab0000, 0x00000000e8000000)
 concurrent mark-sweep generation total 393216K, used 7385K [0x00000000e8000000, 0x0000000100000000, 0x0000000100000000)
 Metaspace       used 28032K, capacity 28562K, committed 28796K, reserved 1075200K
  class space    used 3212K, capacity 3390K, committed 3452K, reserved 1048576K
}
2017-07-11T18:15:55.103+0200: 271,219: Total time for which application threads were stopped: 0,0226086 seconds, Stopping threads took: 0,0000697 seconds
2017-07-11T18:15:55.105+0200: 271,221: Total time for which application threads were stopped: 0,0000878 seconds, Stopping threads took: 0,0000264 seconds
2017-07-11T18:15:55.105+0200: 271,222: Total time for which application threads were stopped: 0,0013936 seconds, Stopping threads took: 0,0000203 seconds
2017-07-11T18:16:00.107+0200: 276,223: Total time for which application threads were stopped: 0,0000763 seconds, Stopping threads took: 0,0000171 seconds
2017-07-11T18:34:50.262+0200: 1406,378: Total time for which application threads were stopped: 0,0001800 seconds, Stopping threads took: 0,0000642 seconds
2017-07-11T18:38:00.291+0200: 1596,407: Total time for which application threads were stopped: 0,0000831 seconds, Stopping threads took: 0,0000312 seconds
2017-07-11T18:38:06.293+0200: 1602,409: Total time for which application threads were stopped: 0,0001510 seconds, Stopping threads took: 0,0000321 seconds
2017-07-11T18:48:21.358+0200: 2217,474: Total time for which application threads were stopped: 0,0000867 seconds, Stopping threads took: 0,0000322 seconds
2017-07-11T18:48:26.359+0200: 2222,475: Total time for which application threads were stopped: 0,0000868 seconds, Stopping threads took: 0,0000339 seconds
2017-07-11T18:49:55.367+0200: 2311,483: Total time for which application threads were stopped: 0,0000998 seconds, Stopping threads took: 0,0000322 seconds
2017-07-11T18:49:56.367+0200: 2312,483: Total time for which application threads were stopped: 0,0001073 seconds, Stopping threads took: 0,0000374 seconds
2017-07-11T19:05:25.501+0200: 3241,617: Total time for which application threads were stopped: 0,0001905 seconds, Stopping threads took: 0,0000581 seconds
2017-07-11T19:08:01.527+0200: 3397,643: Total time for which application threads were stopped: 0,0001193 seconds, Stopping threads took: 0,0000369 seconds
2017-07-11T19:16:55.607+0200: 3931,723: Total time for which application threads were stopped: 0,0001192 seconds, Stopping threads took: 0,0000371 seconds
2017-07-11T19:17:00.608+0200: 3936,724: Total time for which application threads were stopped: 0,0000646 seconds, Stopping threads took: 0,0000147 seconds
2017-07-11T19:32:51.761+0200: 4887,877: Total time for which application threads were stopped: 0,0000961 seconds, Stopping threads took: 0,0000388 seconds
2017-07-11T19:33:36.768+0200: 4932,884: Total time for which application threads were stopped: 0,0001862 seconds, Stopping threads took: 0,0000713 seconds
2017-07-11T20:08:32.076+0200: 7028,192: Total time for which application threads were stopped: 0,0001409 seconds, Stopping threads took: 0,0000496 seconds
2017-07-11T20:13:26.113+0200: 7322,229: Total time for which application threads were stopped: 0,0000788 seconds, Stopping threads took: 0,0000287 seconds
2017-07-11T20:19:26.157+0200: 7682,273: Total time for which application threads were stopped: 0,0003112 seconds, Stopping threads took: 0,0001486 seconds
2017-07-11T20:19:56.161+0200: 7712,277: Total time for which application threads were stopped: 0,0000986 seconds, Stopping threads took: 0,0000376 seconds
2017-07-11T22:34:00.084+0200: 15367,007: Total time for which application threads were stopped: 0,0076013 seconds, Stopping threads took: 0,0053283 seconds
2017-07-11T23:36:01.293+0200: 19087,426: Total time for which application threads were stopped: 0,0000866 seconds, Stopping threads took: 0,0000300 seconds
2017-07-12T00:20:31.567+0200: 21757,701: Total time for which application threads were stopped: 0,0001011 seconds, Stopping threads took: 0,0000369 seconds
2017-07-12T01:10:39.601+0200: 24765,734: Total time for which application threads were stopped: 0,0009120 seconds, Stopping threads took: 0,0008403 seconds
2017-07-12T01:10:39.615+0200: 24765,749: Total time for which application threads were stopped: 0,0001896 seconds, Stopping threads took: 0,0000163 seconds
2017-07-12T01:10:39.620+0200: 24765,753: Total time for which application threads were stopped: 0,0007980 seconds, Stopping threads took: 0,0001326 seconds
2017-07-12T01:10:39.622+0200: 24765,755: Total time for which application threads were stopped: 0,0005060 seconds, Stopping threads took: 0,0004395 seconds
2017-07-12T01:10:39.625+0200: 24765,758: Total time for which application threads were stopped: 0,0001007 seconds, Stopping threads took: 0,0000354 seconds
2017-07-12T01:10:39.626+0200: 24765,759: Total time for which application threads were stopped: 0,0002632 seconds, Stopping threads took: 0,0000074 seconds
2017-07-12T01:10:39.626+0200: 24765,760: Total time for which application threads were stopped: 0,0000445 seconds, Stopping threads took: 0,0000070 seconds
2017-07-12T01:10:39.626+0200: 24765,760: Total time for which application threads were stopped: 0,0000269 seconds, Stopping threads took: 0,0000045 seconds
2017-07-12T01:10:39.626+0200: 24765,760: Total time for which application threads were stopped: 0,0000290 seconds, Stopping threads took: 0,0000068 seconds
2017-07-12T01:10:39.627+0200: 24765,760: Total time for which application threads were stopped: 0,0000272 seconds, Stopping threads took: 0,0000067 seconds
2017-07-12T01:10:39.627+0200: 24765,760: Total time for which application threads were stopped: 0,0000420 seconds, Stopping threads took: 0,0000205 seconds
2017-07-12T01:10:39.627+0200: 24765,760: Total time for which application threads were stopped: 0,0002130 seconds, Stopping threads took: 0,0001841 seconds
2017-07-12T01:10:39.627+0200: 24765,760: Total time for which application threads were stopped: 0,0001463 seconds, Stopping threads took: 0,0001234 seconds
2017-07-12T01:10:39.627+0200: 24765,760: Total time for which application threads were stopped: 0,0000476 seconds, Stopping threads took: 0,0000240 seconds
2017-07-12T01:10:39.627+0200: 24765,761: Total time for which application threads were stopped: 0,0002347 seconds, Stopping threads took: 0,0002133 seconds
2017-07-12T01:10:39.628+0200: 24765,761: Total time for which application threads were stopped: 0,0001372 seconds, Stopping threads took: 0,0001126 seconds
2017-07-12T01:10:39.628+0200: 24765,761: Total time for which application threads were stopped: 0,0001423 seconds, Stopping threads took: 0,0001185 seconds
2017-07-12T01:10:39.628+0200: 24765,761: Total time for which application threads were stopped: 0,0000272 seconds, Stopping threads took: 0,0000066 seconds
2017-07-12T01:10:39.628+0200: 24765,762: Total time for which application threads were stopped: 0,0000263 seconds, Stopping threads took: 0,0000062 seconds
2017-07-12T01:10:39.628+0200: 24765,762: Total time for which application threads were stopped: 0,0000262 seconds, Stopping threads took: 0,0000062 seconds
2017-07-12T01:10:39.628+0200: 24765,762: Total time for which application threads were stopped: 0,0000260 seconds, Stopping threads took: 0,0000061 seconds
2017-07-12T01:10:39.629+0200: 24765,762: Total time for which application threads were stopped: 0,0001559 seconds, Stopping threads took: 0,0001327 seconds
2017-07-12T01:10:39.629+0200: 24765,762: Total time for which application threads were stopped: 0,0001526 seconds, Stopping threads took: 0,0001277 seconds
2017-07-12T01:10:39.665+0200: 24765,798: Total time for which application threads were stopped: 0,0001219 seconds, Stopping threads took: 0,0000339 seconds
2017-07-12T01:10:39.670+0200: 24765,803: Total time for which application threads were stopped: 0,0040996 seconds, Stopping threads took: 0,0039927 seconds
2017-07-12T01:10:39.682+0200: 24765,815: Total time for which application threads were stopped: 0,0085045 seconds, Stopping threads took: 0,0084276 seconds
2017-07-12T01:10:39.682+0200: 24765,815: Total time for which application threads were stopped: 0,0000774 seconds, Stopping threads took: 0,0000344 seconds
2017-07-12T01:10:39.682+0200: 24765,816: Total time for which application threads were stopped: 0,0001766 seconds, Stopping threads took: 0,0001080 seconds
2017-07-12T01:10:39.683+0200: 24765,816: Total time for which application threads were stopped: 0,0001650 seconds, Stopping threads took: 0,0001203 seconds
2017-07-12T01:10:39.683+0200: 24765,816: Total time for which application threads were stopped: 0,0001695 seconds, Stopping threads took: 0,0001253 seconds
2017-07-12T01:10:39.683+0200: 24765,816: Total time for which application threads were stopped: 0,0001601 seconds, Stopping threads took: 0,0001167 seconds
2017-07-12T01:10:39.684+0200: 24765,817: Total time for which application threads were stopped: 0,0005375 seconds, Stopping threads took: 0,0002613 seconds
2017-07-12T01:10:39.684+0200: 24765,817: Total time for which application threads were stopped: 0,0001466 seconds, Stopping threads took: 0,0001165 seconds
2017-07-12T01:10:39.684+0200: 24765,817: Total time for which application threads were stopped: 0,0000469 seconds, Stopping threads took: 0,0000198 seconds
2017-07-12T01:10:39.688+0200: 24765,821: Total time for which application threads were stopped: 0,0001100 seconds, Stopping threads took: 0,0000394 seconds
2017-07-12T01:10:39.688+0200: 24765,822: Total time for which application threads were stopped: 0,0002350 seconds, Stopping threads took: 0,0000859 seconds
2017-07-12T01:10:39.688+0200: 24765,822: Total time for which application threads were stopped: 0,0000439 seconds, Stopping threads took: 0,0000085 seconds
2017-07-12T01:10:39.689+0200: 24765,822: Total time for which application threads were stopped: 0,0001408 seconds, Stopping threads took: 0,0000997 seconds
2017-07-12T01:10:39.690+0200: 24765,823: Total time for which application threads were stopped: 0,0002635 seconds, Stopping threads took: 0,0002120 seconds
2017-07-12T01:10:39.694+0200: 24765,827: Total time for which application threads were stopped: 0,0004687 seconds, Stopping threads took: 0,0003194 seconds
2017-07-12T01:10:39.703+0200: 24765,837: Total time for which application threads were stopped: 0,0000957 seconds, Stopping threads took: 0,0000282 seconds
2017-07-12T01:10:39.704+0200: 24765,837: Total time for which application threads were stopped: 0,0001181 seconds, Stopping threads took: 0,0000823 seconds
2017-07-12T01:10:39.704+0200: 24765,837: Total time for which application threads were stopped: 0,0001193 seconds, Stopping threads took: 0,0000835 seconds
2017-07-12T01:10:39.704+0200: 24765,837: Total time for which application threads were stopped: 0,0000564 seconds, Stopping threads took: 0,0000289 seconds
2017-07-12T01:10:39.704+0200: 24765,838: Total time for which application threads were stopped: 0,0000989 seconds, Stopping threads took: 0,0000551 seconds
2017-07-12T01:10:39.705+0200: 24765,838: Total time for which application threads were stopped: 0,0003395 seconds, Stopping threads took: 0,0002946 seconds
2017-07-12T01:10:39.705+0200: 24765,838: Total time for which application threads were stopped: 0,0003583 seconds, Stopping threads took: 0,0003322 seconds
2017-07-12T01:10:39.706+0200: 24765,839: Total time for which application threads were stopped: 0,0001588 seconds, Stopping threads took: 0,0001195 seconds
2017-07-12T01:10:39.706+0200: 24765,839: Total time for which application threads were stopped: 0,0002810 seconds, Stopping threads took: 0,0002346 seconds
2017-07-12T01:10:39.706+0200: 24765,839: Total time for which application threads were stopped: 0,0001258 seconds, Stopping threads took: 0,0000806 seconds
2017-07-12T01:10:39.706+0200: 24765,840: Total time for which application threads were stopped: 0,0001492 seconds, Stopping threads took: 0,0001118 seconds
2017-07-12T01:10:39.707+0200: 24765,840: Total time for which application threads were stopped: 0,0000640 seconds, Stopping threads took: 0,0000249 seconds
2017-07-12T01:10:39.707+0200: 24765,840: Total time for which application threads were stopped: 0,0001074 seconds, Stopping threads took: 0,0000075 seconds
2017-07-12T01:10:39.718+0200: 24765,851: Total time for which application threads were stopped: 0,0001995 seconds, Stopping threads took: 0,0001241 seconds
2017-07-12T01:10:39.718+0200: 24765,851: Total time for which application threads were stopped: 0,0001675 seconds, Stopping threads took: 0,0000916 seconds
Heap
 par new generation   total 109248K, used 33364K [0x00000000e0000000, 0x00000000e8000000, 0x00000000e8000000)
  eden space 87424K,  21% used [0x00000000e0000000, 0x00000000e12a9800, 0x00000000e5560000)
  from space 21824K,  65% used [0x00000000e5560000, 0x00000000e634b810, 0x00000000e6ab0000)
  to   space 21824K,   0% used [0x00000000e6ab0000, 0x00000000e6ab0000, 0x00000000e8000000)
 concurrent mark-sweep generation total 393216K, used 7385K [0x00000000e8000000, 0x0000000100000000, 0x0000000100000000)
 Metaspace       used 28188K, capacity 28796K, committed 29052K, reserved 1075200K
  class space    used 3228K, capacity 3425K, committed 3452K, reserved 1048576K
