OpenJDK 64-Bit Server VM (25.121-b13) for linux-amd64 JRE (1.8.0_121-8u121-b13-0ubuntu1.16.04.2-b13), built on Jan 23 2017 15:51:29 by "buildd" with gcc 5.4.0 20160609
Memory: 4k page, physical 7867764k(7505968k free), swap 8076284k(8076284k free)
CommandLine flags: -XX:CMSInitiatingOccupancyFraction=50 -XX:CMSMaxAbortablePrecleanTime=6000 -XX:+CMSParallelRemarkEnabled -XX:+CMSScavengeBeforeRemark -XX:ConcGCThreads=4 -XX:InitialHeapSize=536870912 -XX:MaxHeapSize=536870912 -XX:MaxTenuringThreshold=8 -XX:NewRatio=3 -XX:OldPLABSize=16 -XX:OnOutOfMemoryError=/opt/solr/bin/oom_solr.sh 8983 /var/solr/logs -XX:ParallelGCThreads=4 -XX:+ParallelRefProcEnabled -XX:PretenureSizeThreshold=67108864 -XX:+PrintGC -XX:+PrintGCApplicationStoppedTime -XX:+PrintGCDateStamps -XX:+PrintGCDetails -XX:+PrintGCTimeStamps -XX:+PrintHeapAtGC -XX:+PrintTenuringDistribution -XX:SurvivorRatio=4 -XX:TargetSurvivorRatio=90 -XX:ThreadStackSize=256 -XX:+UseCMSInitiatingOccupancyOnly -XX:+UseCompressedClassPointers -XX:+UseCompressedOops -XX:+UseConcMarkSweepGC -XX:+UseParNewGC 
2017-04-04T11:03:37.690+0200: 0,133: Total time for which application threads were stopped: 0,0000725 seconds, Stopping threads took: 0,0000101 seconds
2017-04-04T11:03:37.760+0200: 0,203: Total time for which application threads were stopped: 0,0001135 seconds, Stopping threads took: 0,0000137 seconds
2017-04-04T11:03:37.774+0200: 0,217: Total time for which application threads were stopped: 0,0001164 seconds, Stopping threads took: 0,0000449 seconds
2017-04-04T11:03:38.383+0200: 0,827: Total time for which application threads were stopped: 0,0002026 seconds, Stopping threads took: 0,0000247 seconds
2017-04-04T11:03:38.479+0200: 0,922: Total time for which application threads were stopped: 0,0002570 seconds, Stopping threads took: 0,0000387 seconds
2017-04-04T11:03:38.539+0200: 0,982: Total time for which application threads were stopped: 0,0001987 seconds, Stopping threads took: 0,0000323 seconds
2017-04-04T11:03:38.874+0200: 1,317: Total time for which application threads were stopped: 0,0001828 seconds, Stopping threads took: 0,0000168 seconds
2017-04-04T11:03:39.145+0200: 1,589: Total time for which application threads were stopped: 0,0002021 seconds, Stopping threads took: 0,0000191 seconds
2017-04-04T11:03:39.174+0200: 1,617: Total time for which application threads were stopped: 0,0002057 seconds, Stopping threads took: 0,0000213 seconds
2017-04-04T11:03:39.203+0200: 1,647: Total time for which application threads were stopped: 0,0002030 seconds, Stopping threads took: 0,0000171 seconds
2017-04-04T11:03:39.204+0200: 1,648: Total time for which application threads were stopped: 0,0001618 seconds, Stopping threads took: 0,0000152 seconds
2017-04-04T11:03:39.224+0200: 1,668: Total time for which application threads were stopped: 0,0002008 seconds, Stopping threads took: 0,0000221 seconds
2017-04-04T11:03:39.335+0200: 1,779: Total time for which application threads were stopped: 0,0002085 seconds, Stopping threads took: 0,0000223 seconds
2017-04-04T11:03:39.504+0200: 1,947: Total time for which application threads were stopped: 0,0002666 seconds, Stopping threads took: 0,0000455 seconds
{Heap before GC invocations=0 (full 0):
 par new generation   total 109248K, used 87424K [0x00000000e0000000, 0x00000000e8000000, 0x00000000e8000000)
  eden space 87424K, 100% used [0x00000000e0000000, 0x00000000e5560000, 0x00000000e5560000)
  from space 21824K,   0% used [0x00000000e5560000, 0x00000000e5560000, 0x00000000e6ab0000)
  to   space 21824K,   0% used [0x00000000e6ab0000, 0x00000000e6ab0000, 0x00000000e8000000)
 concurrent mark-sweep generation total 393216K, used 0K [0x00000000e8000000, 0x0000000100000000, 0x0000000100000000)
 Metaspace       used 18203K, capacity 18464K, committed 18688K, reserved 1064960K
  class space    used 2060K, capacity 2196K, committed 2304K, reserved 1048576K
2017-04-04T11:03:39.599+0200: 2,042: [GC (Allocation Failure) 2017-04-04T11:03:39.599+0200: 2,042: [ParNew
Desired survivor size 20112992 bytes, new threshold 8 (max 8)
- age   1:   12815608 bytes,   12815608 total
: 87424K->12627K(109248K), 0,0166652 secs] 87424K->12627K(502464K), 0,0167566 secs] [Times: user=0,04 sys=0,02, real=0,01 secs] 
Heap after GC invocations=1 (full 0):
 par new generation   total 109248K, used 12627K [0x00000000e0000000, 0x00000000e8000000, 0x00000000e8000000)
  eden space 87424K,   0% used [0x00000000e0000000, 0x00000000e0000000, 0x00000000e5560000)
  from space 21824K,  57% used [0x00000000e6ab0000, 0x00000000e7704d78, 0x00000000e8000000)
  to   space 21824K,   0% used [0x00000000e5560000, 0x00000000e5560000, 0x00000000e6ab0000)
 concurrent mark-sweep generation total 393216K, used 0K [0x00000000e8000000, 0x0000000100000000, 0x0000000100000000)
 Metaspace       used 18203K, capacity 18464K, committed 18688K, reserved 1064960K
  class space    used 2060K, capacity 2196K, committed 2304K, reserved 1048576K
}
2017-04-04T11:03:39.615+0200: 2,059: Total time for which application threads were stopped: 0,0199831 seconds, Stopping threads took: 0,0030292 seconds
2017-04-04T11:03:39.924+0200: 2,368: Total time for which application threads were stopped: 0,0002873 seconds, Stopping threads took: 0,0000312 seconds
2017-04-04T11:03:39.960+0200: 2,403: Total time for which application threads were stopped: 0,0004698 seconds, Stopping threads took: 0,0001102 seconds
{Heap before GC invocations=1 (full 0):
 par new generation   total 109248K, used 100051K [0x00000000e0000000, 0x00000000e8000000, 0x00000000e8000000)
  eden space 87424K, 100% used [0x00000000e0000000, 0x00000000e5560000, 0x00000000e5560000)
  from space 21824K,  57% used [0x00000000e6ab0000, 0x00000000e7704d78, 0x00000000e8000000)
  to   space 21824K,   0% used [0x00000000e5560000, 0x00000000e5560000, 0x00000000e6ab0000)
 concurrent mark-sweep generation total 393216K, used 0K [0x00000000e8000000, 0x0000000100000000, 0x0000000100000000)
 Metaspace       used 20066K, capacity 20424K, committed 20736K, reserved 1067008K
  class space    used 2297K, capacity 2468K, committed 2560K, reserved 1048576K
2017-04-04T11:03:39.967+0200: 2,410: [GC (Allocation Failure) 2017-04-04T11:03:39.967+0200: 2,410: [ParNew
Desired survivor size 20112992 bytes, new threshold 8 (max 8)
- age   1:    3438424 bytes,    3438424 total
- age   2:    6687568 bytes,   10125992 total
: 100051K->15839K(109248K), 0,0100619 secs] 100051K->15839K(502464K), 0,0101331 secs] [Times: user=0,03 sys=0,00, real=0,00 secs] 
Heap after GC invocations=2 (full 0):
 par new generation   total 109248K, used 15839K [0x00000000e0000000, 0x00000000e8000000, 0x00000000e8000000)
  eden space 87424K,   0% used [0x00000000e0000000, 0x00000000e0000000, 0x00000000e5560000)
  from space 21824K,  72% used [0x00000000e5560000, 0x00000000e64d7f00, 0x00000000e6ab0000)
  to   space 21824K,   0% used [0x00000000e6ab0000, 0x00000000e6ab0000, 0x00000000e8000000)
 concurrent mark-sweep generation total 393216K, used 0K [0x00000000e8000000, 0x0000000100000000, 0x0000000100000000)
 Metaspace       used 20066K, capacity 20424K, committed 20736K, reserved 1067008K
  class space    used 2297K, capacity 2468K, committed 2560K, reserved 1048576K
}
2017-04-04T11:03:39.977+0200: 2,420: Total time for which application threads were stopped: 0,0137448 seconds, Stopping threads took: 0,0034859 seconds
2017-04-04T11:03:40.008+0200: 2,452: Total time for which application threads were stopped: 0,0003633 seconds, Stopping threads took: 0,0000805 seconds
2017-04-04T11:03:40.139+0200: 2,582: Total time for which application threads were stopped: 0,0001823 seconds, Stopping threads took: 0,0000357 seconds
{Heap before GC invocations=2 (full 0):
 par new generation   total 109248K, used 103263K [0x00000000e0000000, 0x00000000e8000000, 0x00000000e8000000)
  eden space 87424K, 100% used [0x00000000e0000000, 0x00000000e5560000, 0x00000000e5560000)
  from space 21824K,  72% used [0x00000000e5560000, 0x00000000e64d7f00, 0x00000000e6ab0000)
  to   space 21824K,   0% used [0x00000000e6ab0000, 0x00000000e6ab0000, 0x00000000e8000000)
 concurrent mark-sweep generation total 393216K, used 0K [0x00000000e8000000, 0x0000000100000000, 0x0000000100000000)
 Metaspace       used 20979K, capacity 21288K, committed 21628K, reserved 1069056K
  class space    used 2420K, capacity 2588K, committed 2684K, reserved 1048576K
2017-04-04T11:03:40.172+0200: 2,615: [GC (Allocation Failure) 2017-04-04T11:03:40.172+0200: 2,615: [ParNew
Desired survivor size 20112992 bytes, new threshold 8 (max 8)
- age   1:    2078600 bytes,    2078600 total
- age   2:     818392 bytes,    2896992 total
- age   3:    6681680 bytes,    9578672 total
: 103263K->12243K(109248K), 0,0194471 secs] 103263K->12243K(502464K), 0,0195173 secs] [Times: user=0,07 sys=0,00, real=0,02 secs] 
Heap after GC invocations=3 (full 0):
 par new generation   total 109248K, used 12243K [0x00000000e0000000, 0x00000000e8000000, 0x00000000e8000000)
  eden space 87424K,   0% used [0x00000000e0000000, 0x00000000e0000000, 0x00000000e5560000)
  from space 21824K,  56% used [0x00000000e6ab0000, 0x00000000e76a4cb0, 0x00000000e8000000)
  to   space 21824K,   0% used [0x00000000e5560000, 0x00000000e5560000, 0x00000000e6ab0000)
 concurrent mark-sweep generation total 393216K, used 0K [0x00000000e8000000, 0x0000000100000000, 0x0000000100000000)
 Metaspace       used 20979K, capacity 21288K, committed 21628K, reserved 1069056K
  class space    used 2420K, capacity 2588K, committed 2684K, reserved 1048576K
}
2017-04-04T11:03:40.191+0200: 2,635: Total time for which application threads were stopped: 0,0197151 seconds, Stopping threads took: 0,0000559 seconds
2017-04-04T11:03:40.203+0200: 2,646: [GC (CMS Initial Mark) [1 CMS-initial-mark: 0K(393216K)] 26180K(502464K), 0,0102659 secs] [Times: user=0,03 sys=0,00, real=0,01 secs] 
2017-04-04T11:03:40.213+0200: 2,656: Total time for which application threads were stopped: 0,0142122 seconds, Stopping threads took: 0,0038465 seconds
2017-04-04T11:03:40.218+0200: 2,662: [CMS-concurrent-mark-start]
2017-04-04T11:03:40.219+0200: 2,663: [CMS-concurrent-mark: 0,001/0,001 secs] [Times: user=0,00 sys=0,00, real=0,01 secs] 
2017-04-04T11:03:40.219+0200: 2,663: [CMS-concurrent-preclean-start]
2017-04-04T11:03:40.221+0200: 2,664: [CMS-concurrent-preclean: 0,001/0,001 secs] [Times: user=0,01 sys=0,00, real=0,00 secs] 
2017-04-04T11:03:40.221+0200: 2,664: [CMS-concurrent-abortable-preclean-start]
2017-04-04T11:03:40.293+0200: 2,736: Total time for which application threads were stopped: 0,0001195 seconds, Stopping threads took: 0,0000327 seconds
{Heap before GC invocations=3 (full 1):
 par new generation   total 109248K, used 99667K [0x00000000e0000000, 0x00000000e8000000, 0x00000000e8000000)
  eden space 87424K, 100% used [0x00000000e0000000, 0x00000000e5560000, 0x00000000e5560000)
  from space 21824K,  56% used [0x00000000e6ab0000, 0x00000000e76a4cb0, 0x00000000e8000000)
  to   space 21824K,   0% used [0x00000000e5560000, 0x00000000e5560000, 0x00000000e6ab0000)
 concurrent mark-sweep generation total 393216K, used 0K [0x00000000e8000000, 0x0000000100000000, 0x0000000100000000)
 Metaspace       used 21239K, capacity 21614K, committed 21884K, reserved 1069056K
  class space    used 2449K, capacity 2602K, committed 2684K, reserved 1048576K
2017-04-04T11:03:40.302+0200: 2,745: [GC (Allocation Failure) 2017-04-04T11:03:40.302+0200: 2,745: [ParNew
Desired survivor size 20112992 bytes, new threshold 8 (max 8)
- age   1:    1159176 bytes,    1159176 total
- age   2:    1475632 bytes,    2634808 total
- age   3:     785048 bytes,    3419856 total
- age   4:    6681944 bytes,   10101800 total
: 99667K->12707K(109248K), 0,0098536 secs] 99667K->12707K(502464K), 0,0099241 secs] [Times: user=0,03 sys=0,00, real=0,01 secs] 
Heap after GC invocations=4 (full 1):
 par new generation   total 109248K, used 12707K [0x00000000e0000000, 0x00000000e8000000, 0x00000000e8000000)
  eden space 87424K,   0% used [0x00000000e0000000, 0x00000000e0000000, 0x00000000e5560000)
  from space 21824K,  58% used [0x00000000e5560000, 0x00000000e61c8cf0, 0x00000000e6ab0000)
  to   space 21824K,   0% used [0x00000000e6ab0000, 0x00000000e6ab0000, 0x00000000e8000000)
 concurrent mark-sweep generation total 393216K, used 0K [0x00000000e8000000, 0x0000000100000000, 0x0000000100000000)
 Metaspace       used 21239K, capacity 21614K, committed 21884K, reserved 1069056K
  class space    used 2449K, capacity 2602K, committed 2684K, reserved 1048576K
}
2017-04-04T11:03:40.312+0200: 2,755: Total time for which application threads were stopped: 0,0109017 seconds, Stopping threads took: 0,0008351 seconds
{Heap before GC invocations=4 (full 1):
 par new generation   total 109248K, used 100131K [0x00000000e0000000, 0x00000000e8000000, 0x00000000e8000000)
  eden space 87424K, 100% used [0x00000000e0000000, 0x00000000e5560000, 0x00000000e5560000)
  from space 21824K,  58% used [0x00000000e5560000, 0x00000000e61c8cf0, 0x00000000e6ab0000)
  to   space 21824K,   0% used [0x00000000e6ab0000, 0x00000000e6ab0000, 0x00000000e8000000)
 concurrent mark-sweep generation total 393216K, used 0K [0x00000000e8000000, 0x0000000100000000, 0x0000000100000000)
 Metaspace       used 21384K, capacity 21780K, committed 21884K, reserved 1069056K
  class space    used 2467K, capacity 2635K, committed 2684K, reserved 1048576K
2017-04-04T11:03:40.390+0200: 2,834: [GC (Allocation Failure) 2017-04-04T11:03:40.390+0200: 2,834: [ParNew
Desired survivor size 20112992 bytes, new threshold 8 (max 8)
- age   1:    1062432 bytes,    1062432 total
- age   2:     184800 bytes,    1247232 total
- age   3:    1475632 bytes,    2722864 total
- age   4:     784968 bytes,    3507832 total
- age   5:    6682344 bytes,   10190176 total
: 100131K->17107K(109248K), 0,0097370 secs] 100131K->17107K(502464K), 0,0098245 secs] [Times: user=0,03 sys=0,00, real=0,01 secs] 
Heap after GC invocations=5 (full 1):
 par new generation   total 109248K, used 17107K [0x00000000e0000000, 0x00000000e8000000, 0x00000000e8000000)
  eden space 87424K,   0% used [0x00000000e0000000, 0x00000000e0000000, 0x00000000e5560000)
  from space 21824K,  78% used [0x00000000e6ab0000, 0x00000000e7b64e80, 0x00000000e8000000)
  to   space 21824K,   0% used [0x00000000e5560000, 0x00000000e5560000, 0x00000000e6ab0000)
 concurrent mark-sweep generation total 393216K, used 0K [0x00000000e8000000, 0x0000000100000000, 0x0000000100000000)
 Metaspace       used 21384K, capacity 21780K, committed 21884K, reserved 1069056K
  class space    used 2467K, capacity 2635K, committed 2684K, reserved 1048576K
}
2017-04-04T11:03:40.400+0200: 2,844: Total time for which application threads were stopped: 0,0100096 seconds, Stopping threads took: 0,0000579 seconds
2017-04-04T11:03:40.441+0200: 2,885: Total time for which application threads were stopped: 0,0001249 seconds, Stopping threads took: 0,0000286 seconds
2017-04-04T11:03:40.454+0200: 2,898: Total time for which application threads were stopped: 0,0003962 seconds, Stopping threads took: 0,0000406 seconds
2017-04-04T11:03:40.484+0200: 2,927: Total time for which application threads were stopped: 0,0009415 seconds, Stopping threads took: 0,0008639 seconds
2017-04-04T11:03:40.529+0200: 2,973: Total time for which application threads were stopped: 0,0001383 seconds, Stopping threads took: 0,0000634 seconds
2017-04-04T11:03:40.623+0200: 3,066: Total time for which application threads were stopped: 0,0008655 seconds, Stopping threads took: 0,0006864 seconds
2017-04-04T11:03:40.669+0200: 3,112: Total time for which application threads were stopped: 0,0001309 seconds, Stopping threads took: 0,0000466 seconds
2017-04-04T11:03:40.671+0200: 3,115: Total time for which application threads were stopped: 0,0004109 seconds, Stopping threads took: 0,0000512 seconds
2017-04-04T11:03:40.685+0200: 3,129: Total time for which application threads were stopped: 0,0003544 seconds, Stopping threads took: 0,0000262 seconds
2017-04-04T11:03:40.708+0200: 3,151: Total time for which application threads were stopped: 0,0001658 seconds, Stopping threads took: 0,0000712 seconds
2017-04-04T11:03:40.745+0200: 3,189: Total time for which application threads were stopped: 0,0019955 seconds, Stopping threads took: 0,0019114 seconds
2017-04-04T11:03:40.811+0200: 3,255: Total time for which application threads were stopped: 0,0002263 seconds, Stopping threads took: 0,0000972 seconds
2017-04-04T11:03:40.877+0200: 3,320: Total time for which application threads were stopped: 0,0010861 seconds, Stopping threads took: 0,0009878 seconds
2017-04-04T11:03:40.877+0200: 3,320: [CMS-concurrent-abortable-preclean: 0,407/0,656 secs] [Times: user=2,45 sys=0,03, real=0,65 secs] 
2017-04-04T11:03:40.878+0200: 3,321: [GC (CMS Final Remark) [YG occupancy: 93632 K (109248 K)]{Heap before GC invocations=5 (full 1):
 par new generation   total 109248K, used 93632K [0x00000000e0000000, 0x00000000e8000000, 0x00000000e8000000)
  eden space 87424K,  87% used [0x00000000e0000000, 0x00000000e4abb478, 0x00000000e5560000)
  from space 21824K,  78% used [0x00000000e6ab0000, 0x00000000e7b64e80, 0x00000000e8000000)
  to   space 21824K,   0% used [0x00000000e5560000, 0x00000000e5560000, 0x00000000e6ab0000)
 concurrent mark-sweep generation total 393216K, used 0K [0x00000000e8000000, 0x0000000100000000, 0x0000000100000000)
 Metaspace       used 24130K, capacity 24600K, committed 24872K, reserved 1071104K
  class space    used 2839K, capacity 3041K, committed 3116K, reserved 1048576K
2017-04-04T11:03:40.878+0200: 3,321: [GC (CMS Final Remark) 2017-04-04T11:03:40.878+0200: 3,321: [ParNew
Desired survivor size 20112992 bytes, new threshold 8 (max 8)
- age   1:    5879296 bytes,    5879296 total
- age   2:     108536 bytes,    5987832 total
- age   3:     183360 bytes,    6171192 total
- age   4:     297768 bytes,    6468960 total
- age   5:     758944 bytes,    7227904 total
- age   6:    6673504 bytes,   13901408 total
: 93632K->17347K(109248K), 0,0120508 secs] 93632K->17347K(502464K), 0,0120945 secs] [Times: user=0,04 sys=0,00, real=0,02 secs] 
Heap after GC invocations=6 (full 1):
 par new generation   total 109248K, used 17347K [0x00000000e0000000, 0x00000000e8000000, 0x00000000e8000000)
  eden space 87424K,   0% used [0x00000000e0000000, 0x00000000e0000000, 0x00000000e5560000)
  from space 21824K,  79% used [0x00000000e5560000, 0x00000000e6650fe0, 0x00000000e6ab0000)
  to   space 21824K,   0% used [0x00000000e6ab0000, 0x00000000e6ab0000, 0x00000000e8000000)
 concurrent mark-sweep generation total 393216K, used 0K [0x00000000e8000000, 0x0000000100000000, 0x0000000100000000)
 Metaspace       used 24130K, capacity 24600K, committed 24872K, reserved 1071104K
  class space    used 2839K, capacity 3041K, committed 3116K, reserved 1048576K
}
2017-04-04T11:03:40.890+0200: 3,333: [Rescan (parallel) , 0,0036973 secs]2017-04-04T11:03:40.894+0200: 3,337: [weak refs processing, 0,0010933 secs]2017-04-04T11:03:40.895+0200: 3,338: [class unloading, 0,0033816 secs]2017-04-04T11:03:40.898+0200: 3,342: [scrub symbol table, 0,0030671 secs]2017-04-04T11:03:40.901+0200: 3,345: [scrub string table, 0,0004122 secs][1 CMS-remark: 0K(393216K)] 17347K(502464K), 0,0245412 secs] [Times: user=0,06 sys=0,01, real=0,03 secs] 
2017-04-04T11:03:40.902+0200: 3,346: Total time for which application threads were stopped: 0,0251487 seconds, Stopping threads took: 0,0005322 seconds
2017-04-04T11:03:40.903+0200: 3,347: [CMS-concurrent-sweep-start]
2017-04-04T11:03:40.903+0200: 3,347: [CMS-concurrent-sweep: 0,000/0,000 secs] [Times: user=0,00 sys=0,00, real=0,00 secs] 
2017-04-04T11:03:40.903+0200: 3,347: [CMS-concurrent-reset-start]
2017-04-04T11:03:40.905+0200: 3,349: [CMS-concurrent-reset: 0,002/0,002 secs] [Times: user=0,01 sys=0,00, real=0,00 secs] 
{Heap before GC invocations=6 (full 1):
 par new generation   total 109248K, used 104771K [0x00000000e0000000, 0x00000000e8000000, 0x00000000e8000000)
  eden space 87424K, 100% used [0x00000000e0000000, 0x00000000e5560000, 0x00000000e5560000)
  from space 21824K,  79% used [0x00000000e5560000, 0x00000000e6650fe0, 0x00000000e6ab0000)
  to   space 21824K,   0% used [0x00000000e6ab0000, 0x00000000e6ab0000, 0x00000000e8000000)
 concurrent mark-sweep generation total 393216K, used 0K [0x00000000e8000000, 0x0000000100000000, 0x0000000100000000)
 Metaspace       used 24476K, capacity 24920K, committed 25128K, reserved 1071104K
  class space    used 2869K, capacity 3041K, committed 3116K, reserved 1048576K
2017-04-04T11:03:41.010+0200: 3,453: [GC (Allocation Failure) 2017-04-04T11:03:41.010+0200: 3,453: [ParNew
Desired survivor size 20112992 bytes, new threshold 8 (max 8)
- age   1:    1492736 bytes,    1492736 total
- age   2:    1850800 bytes,    3343536 total
- age   3:      50456 bytes,    3393992 total
- age   4:     105528 bytes,    3499520 total
- age   5:     206776 bytes,    3706296 total
- age   6:     706584 bytes,    4412880 total
- age   7:    6140344 bytes,   10553224 total
: 104771K->14172K(109248K), 0,0155635 secs] 104771K->14172K(502464K), 0,0156606 secs] [Times: user=0,04 sys=0,00, real=0,01 secs] 
Heap after GC invocations=7 (full 1):
 par new generation   total 109248K, used 14172K [0x00000000e0000000, 0x00000000e8000000, 0x00000000e8000000)
  eden space 87424K,   0% used [0x00000000e0000000, 0x00000000e0000000, 0x00000000e5560000)
  from space 21824K,  64% used [0x00000000e6ab0000, 0x00000000e7887278, 0x00000000e8000000)
  to   space 21824K,   0% used [0x00000000e5560000, 0x00000000e5560000, 0x00000000e6ab0000)
 concurrent mark-sweep generation total 393216K, used 0K [0x00000000e8000000, 0x0000000100000000, 0x0000000100000000)
 Metaspace       used 24476K, capacity 24920K, committed 25128K, reserved 1071104K
  class space    used 2869K, capacity 3041K, committed 3116K, reserved 1048576K
}
2017-04-04T11:03:41.025+0200: 3,469: Total time for which application threads were stopped: 0,0161362 seconds, Stopping threads took: 0,0002359 seconds
{Heap before GC invocations=7 (full 1):
 par new generation   total 109248K, used 101596K [0x00000000e0000000, 0x00000000e8000000, 0x00000000e8000000)
  eden space 87424K, 100% used [0x00000000e0000000, 0x00000000e5560000, 0x00000000e5560000)
  from space 21824K,  64% used [0x00000000e6ab0000, 0x00000000e7887278, 0x00000000e8000000)
  to   space 21824K,   0% used [0x00000000e5560000, 0x00000000e5560000, 0x00000000e6ab0000)
 concurrent mark-sweep generation total 393216K, used 0K [0x00000000e8000000, 0x0000000100000000, 0x0000000100000000)
 Metaspace       used 24921K, capacity 25368K, committed 25616K, reserved 1071104K
  class space    used 2907K, capacity 3079K, committed 3116K, reserved 1048576K
2017-04-04T11:03:41.141+0200: 3,585: [GC (Allocation Failure) 2017-04-04T11:03:41.141+0200: 3,585: [ParNew
Desired survivor size 20112992 bytes, new threshold 8 (max 8)
- age   1:     829200 bytes,     829200 total
- age   2:    1010096 bytes,    1839296 total
- age   3:    1835192 bytes,    3674488 total
- age   4:      50456 bytes,    3724944 total
- age   5:     105256 bytes,    3830200 total
- age   6:     206312 bytes,    4036512 total
- age   7:     705784 bytes,    4742296 total
- age   8:    6140312 bytes,   10882608 total
: 101596K->13398K(109248K), 0,0407690 secs] 101596K->13398K(502464K), 0,0408399 secs] [Times: user=0,07 sys=0,01, real=0,04 secs] 
Heap after GC invocations=8 (full 1):
 par new generation   total 109248K, used 13398K [0x00000000e0000000, 0x00000000e8000000, 0x00000000e8000000)
  eden space 87424K,   0% used [0x00000000e0000000, 0x00000000e0000000, 0x00000000e5560000)
  from space 21824K,  61% used [0x00000000e5560000, 0x00000000e6275a00, 0x00000000e6ab0000)
  to   space 21824K,   0% used [0x00000000e6ab0000, 0x00000000e6ab0000, 0x00000000e8000000)
 concurrent mark-sweep generation total 393216K, used 0K [0x00000000e8000000, 0x0000000100000000, 0x0000000100000000)
 Metaspace       used 24921K, capacity 25368K, committed 25616K, reserved 1071104K
  class space    used 2907K, capacity 3079K, committed 3116K, reserved 1048576K
}
2017-04-04T11:03:41.182+0200: 3,626: Total time for which application threads were stopped: 0,0418079 seconds, Stopping threads took: 0,0007915 seconds
2017-04-04T11:03:41.432+0200: 3,876: Total time for which application threads were stopped: 0,0005500 seconds, Stopping threads took: 0,0000739 seconds
2017-04-04T11:03:41.446+0200: 3,889: Total time for which application threads were stopped: 0,0004043 seconds, Stopping threads took: 0,0000232 seconds
2017-04-04T11:03:41.492+0200: 3,935: Total time for which application threads were stopped: 0,0004505 seconds, Stopping threads took: 0,0000305 seconds
2017-04-04T11:03:41.600+0200: 4,044: Total time for which application threads were stopped: 0,0005632 seconds, Stopping threads took: 0,0000579 seconds
2017-04-04T11:03:41.607+0200: 4,050: Total time for which application threads were stopped: 0,0011429 seconds, Stopping threads took: 0,0008169 seconds
2017-04-04T11:03:41.641+0200: 4,085: Total time for which application threads were stopped: 0,0001744 seconds, Stopping threads took: 0,0000660 seconds
2017-04-04T11:03:43.642+0200: 6,085: Total time for which application threads were stopped: 0,0000641 seconds, Stopping threads took: 0,0000181 seconds
{Heap before GC invocations=8 (full 1):
 par new generation   total 109248K, used 100822K [0x00000000e0000000, 0x00000000e8000000, 0x00000000e8000000)
  eden space 87424K, 100% used [0x00000000e0000000, 0x00000000e5560000, 0x00000000e5560000)
  from space 21824K,  61% used [0x00000000e5560000, 0x00000000e6275a00, 0x00000000e6ab0000)
  to   space 21824K,   0% used [0x00000000e6ab0000, 0x00000000e6ab0000, 0x00000000e8000000)
 concurrent mark-sweep generation total 393216K, used 0K [0x00000000e8000000, 0x0000000100000000, 0x0000000100000000)
 Metaspace       used 27963K, capacity 28478K, committed 28816K, reserved 1075200K
  class space    used 3212K, capacity 3386K, committed 3500K, reserved 1048576K
2017-04-04T11:03:44.369+0200: 6,812: [GC (Allocation Failure) 2017-04-04T11:03:44.369+0200: 6,812: [ParNew
Desired survivor size 20112992 bytes, new threshold 8 (max 8)
- age   1:   11043944 bytes,   11043944 total
- age   2:     241576 bytes,   11285520 total
- age   3:     224000 bytes,   11509520 total
- age   4:    1830320 bytes,   13339840 total
- age   5:      50456 bytes,   13390296 total
- age   6:     105128 bytes,   13495424 total
- age   7:     206216 bytes,   13701640 total
- age   8:     704824 bytes,   14406464 total
: 100822K->16644K(109248K), 0,0324927 secs] 100822K->23204K(502464K), 0,0325671 secs] [Times: user=0,12 sys=0,00, real=0,03 secs] 
Heap after GC invocations=9 (full 1):
 par new generation   total 109248K, used 16644K [0x00000000e0000000, 0x00000000e8000000, 0x00000000e8000000)
  eden space 87424K,   0% used [0x00000000e0000000, 0x00000000e0000000, 0x00000000e5560000)
  from space 21824K,  76% used [0x00000000e6ab0000, 0x00000000e7af1110, 0x00000000e8000000)
  to   space 21824K,   0% used [0x00000000e5560000, 0x00000000e5560000, 0x00000000e6ab0000)
 concurrent mark-sweep generation total 393216K, used 6560K [0x00000000e8000000, 0x0000000100000000, 0x0000000100000000)
 Metaspace       used 27963K, capacity 28478K, committed 28816K, reserved 1075200K
  class space    used 3212K, capacity 3386K, committed 3500K, reserved 1048576K
}
2017-04-04T11:03:44.401+0200: 6,845: Total time for which application threads were stopped: 0,0326961 seconds, Stopping threads took: 0,0000151 seconds
2017-04-04T11:03:59.403+0200: 21,847: Total time for which application threads were stopped: 0,0000897 seconds, Stopping threads took: 0,0000373 seconds
2017-04-04T11:04:09.405+0200: 31,848: Total time for which application threads were stopped: 0,0000633 seconds, Stopping threads took: 0,0000156 seconds
2017-04-04T11:05:04.412+0200: 86,856: Total time for which application threads were stopped: 0,0001837 seconds, Stopping threads took: 0,0000755 seconds
2017-04-04T11:05:34.418+0200: 116,862: Total time for which application threads were stopped: 0,0001818 seconds, Stopping threads took: 0,0000699 seconds
2017-04-04T11:05:39.420+0200: 121,863: Total time for which application threads were stopped: 0,0000685 seconds, Stopping threads took: 0,0000150 seconds
2017-04-04T11:08:14.454+0200: 276,898: Total time for which application threads were stopped: 0,0002329 seconds, Stopping threads took: 0,0000658 seconds
2017-04-04T11:16:37.215+0200: 779,659: Total time for which application threads were stopped: 0,0001788 seconds, Stopping threads took: 0,0000569 seconds
2017-04-04T11:16:37.244+0200: 779,688: Total time for which application threads were stopped: 0,0001385 seconds, Stopping threads took: 0,0000398 seconds
2017-04-04T11:16:37.248+0200: 779,692: Total time for which application threads were stopped: 0,0001464 seconds, Stopping threads took: 0,0000517 seconds
Heap
 par new generation   total 109248K, used 43111K [0x00000000e0000000, 0x00000000e8000000, 0x00000000e8000000)
  eden space 87424K,  30% used [0x00000000e0000000, 0x00000000e19d8d60, 0x00000000e5560000)
  from space 21824K,  76% used [0x00000000e6ab0000, 0x00000000e7af1110, 0x00000000e8000000)
  to   space 21824K,   0% used [0x00000000e5560000, 0x00000000e5560000, 0x00000000e6ab0000)
 concurrent mark-sweep generation total 393216K, used 6560K [0x00000000e8000000, 0x0000000100000000, 0x0000000100000000)
 Metaspace       used 28096K, capacity 28648K, committed 28816K, reserved 1075200K
  class space    used 3227K, capacity 3421K, committed 3500K, reserved 1048576K
