OpenJDK 64-Bit Server VM (25.111-b14) for linux-amd64 JRE (1.8.0_111-8u111-b14-2ubuntu0.16.04.2-b14), built on Oct 27 2016 18:10:19 by "buildd" with gcc 5.4.0 20160609
Memory: 4k page, physical 7867840k(7525624k free), swap 8076284k(8076284k free)
CommandLine flags: -XX:CMSInitiatingOccupancyFraction=50 -XX:CMSMaxAbortablePrecleanTime=6000 -XX:+CMSParallelRemarkEnabled -XX:+CMSScavengeBeforeRemark -XX:ConcGCThreads=4 -XX:InitialHeapSize=536870912 -XX:MaxHeapSize=536870912 -XX:MaxTenuringThreshold=8 -XX:NewRatio=3 -XX:OldPLABSize=16 -XX:OnOutOfMemoryError=/opt/solr/bin/oom_solr.sh 8983 /var/solr/logs -XX:ParallelGCThreads=4 -XX:+ParallelRefProcEnabled -XX:PretenureSizeThreshold=67108864 -XX:+PrintGC -XX:+PrintGCApplicationStoppedTime -XX:+PrintGCDateStamps -XX:+PrintGCDetails -XX:+PrintGCTimeStamps -XX:+PrintHeapAtGC -XX:+PrintTenuringDistribution -XX:SurvivorRatio=4 -XX:TargetSurvivorRatio=90 -XX:ThreadStackSize=256 -XX:+UseCMSInitiatingOccupancyOnly -XX:+UseCompressedClassPointers -XX:+UseCompressedOops -XX:+UseConcMarkSweepGC -XX:+UseParNewGC 
2016-12-16T14:53:33.477+0100: 0,117: Total time for which application threads were stopped: 0,0000717 seconds, Stopping threads took: 0,0000134 seconds
2016-12-16T14:53:33.540+0100: 0,180: Total time for which application threads were stopped: 0,0000936 seconds, Stopping threads took: 0,0000153 seconds
2016-12-16T14:53:33.550+0100: 0,189: Total time for which application threads were stopped: 0,0001019 seconds, Stopping threads took: 0,0000324 seconds
2016-12-16T14:53:33.680+0100: 0,319: Total time for which application threads were stopped: 0,0001320 seconds, Stopping threads took: 0,0000146 seconds
2016-12-16T14:53:33.818+0100: 0,457: Total time for which application threads were stopped: 0,0001190 seconds, Stopping threads took: 0,0000200 seconds
2016-12-16T14:53:33.859+0100: 0,498: Total time for which application threads were stopped: 0,0001429 seconds, Stopping threads took: 0,0000196 seconds
2016-12-16T14:53:33.869+0100: 0,509: Total time for which application threads were stopped: 0,0001628 seconds, Stopping threads took: 0,0000204 seconds
2016-12-16T14:53:34.124+0100: 0,763: Total time for which application threads were stopped: 0,0001821 seconds, Stopping threads took: 0,0000216 seconds
2016-12-16T14:53:34.285+0100: 0,924: Total time for which application threads were stopped: 0,0002056 seconds, Stopping threads took: 0,0000126 seconds
2016-12-16T14:53:34.304+0100: 0,943: Total time for which application threads were stopped: 0,0001723 seconds, Stopping threads took: 0,0000126 seconds
2016-12-16T14:53:34.305+0100: 0,944: Total time for which application threads were stopped: 0,0001689 seconds, Stopping threads took: 0,0000316 seconds
2016-12-16T14:53:34.317+0100: 0,957: Total time for which application threads were stopped: 0,0003347 seconds, Stopping threads took: 0,0000176 seconds
2016-12-16T14:53:34.401+0100: 1,040: Total time for which application threads were stopped: 0,0002249 seconds, Stopping threads took: 0,0000395 seconds
2016-12-16T14:53:34.599+0100: 1,238: Total time for which application threads were stopped: 0,0002547 seconds, Stopping threads took: 0,0000456 seconds
{Heap before GC invocations=0 (full 0):
 par new generation   total 109248K, used 87424K [0x00000000e0000000, 0x00000000e8000000, 0x00000000e8000000)
  eden space 87424K, 100% used [0x00000000e0000000, 0x00000000e5560000, 0x00000000e5560000)
  from space 21824K,   0% used [0x00000000e5560000, 0x00000000e5560000, 0x00000000e6ab0000)
  to   space 21824K,   0% used [0x00000000e6ab0000, 0x00000000e6ab0000, 0x00000000e8000000)
 concurrent mark-sweep generation total 393216K, used 0K [0x00000000e8000000, 0x0000000100000000, 0x0000000100000000)
 Metaspace       used 17948K, capacity 18238K, committed 18304K, reserved 1064960K
  class space    used 2044K, capacity 2162K, committed 2176K, reserved 1048576K
2016-12-16T14:53:34.730+0100: 1,369: [GC (Allocation Failure) 2016-12-16T14:53:34.730+0100: 1,369: [ParNew
Desired survivor size 20112992 bytes, new threshold 8 (max 8)
- age   1:   12035944 bytes,   12035944 total
: 87424K->11858K(109248K), 0,0994129 secs] 87424K->11858K(502464K), 0,0995189 secs] [Times: user=0,05 sys=0,00, real=0,10 secs] 
Heap after GC invocations=1 (full 0):
 par new generation   total 109248K, used 11858K [0x00000000e0000000, 0x00000000e8000000, 0x00000000e8000000)
  eden space 87424K,   0% used [0x00000000e0000000, 0x00000000e0000000, 0x00000000e5560000)
  from space 21824K,  54% used [0x00000000e6ab0000, 0x00000000e7644ac8, 0x00000000e8000000)
  to   space 21824K,   0% used [0x00000000e5560000, 0x00000000e5560000, 0x00000000e6ab0000)
 concurrent mark-sweep generation total 393216K, used 0K [0x00000000e8000000, 0x0000000100000000, 0x0000000100000000)
 Metaspace       used 17948K, capacity 18238K, committed 18304K, reserved 1064960K
  class space    used 2044K, capacity 2162K, committed 2176K, reserved 1048576K
}
2016-12-16T14:53:34.830+0100: 1,469: Total time for which application threads were stopped: 0,0998184 seconds, Stopping threads took: 0,0000237 seconds
2016-12-16T14:53:35.329+0100: 1,968: Total time for which application threads were stopped: 0,0005626 seconds, Stopping threads took: 0,0003393 seconds
2016-12-16T14:53:35.370+0100: 2,010: Total time for which application threads were stopped: 0,0026244 seconds, Stopping threads took: 0,0022563 seconds
2016-12-16T14:53:35.409+0100: 2,048: Total time for which application threads were stopped: 0,0003869 seconds, Stopping threads took: 0,0000526 seconds
{Heap before GC invocations=1 (full 0):
 par new generation   total 109248K, used 99282K [0x00000000e0000000, 0x00000000e8000000, 0x00000000e8000000)
  eden space 87424K, 100% used [0x00000000e0000000, 0x00000000e5560000, 0x00000000e5560000)
  from space 21824K,  54% used [0x00000000e6ab0000, 0x00000000e7644ac8, 0x00000000e8000000)
  to   space 21824K,   0% used [0x00000000e5560000, 0x00000000e5560000, 0x00000000e6ab0000)
 concurrent mark-sweep generation total 393216K, used 0K [0x00000000e8000000, 0x0000000100000000, 0x0000000100000000)
 Metaspace       used 20713K, capacity 21016K, committed 21248K, reserved 1069056K
  class space    used 2403K, capacity 2518K, committed 2560K, reserved 1048576K
2016-12-16T14:53:35.643+0100: 2,282: [GC (Allocation Failure) 2016-12-16T14:53:35.643+0100: 2,282: [ParNew
Desired survivor size 20112992 bytes, new threshold 8 (max 8)
- age   1:    3670744 bytes,    3670744 total
- age   2:    6068016 bytes,    9738760 total
: 99282K->14766K(109248K), 0,0227643 secs] 99282K->14766K(502464K), 0,0228473 secs] [Times: user=0,07 sys=0,00, real=0,02 secs] 
Heap after GC invocations=2 (full 0):
 par new generation   total 109248K, used 14766K [0x00000000e0000000, 0x00000000e8000000, 0x00000000e8000000)
  eden space 87424K,   0% used [0x00000000e0000000, 0x00000000e0000000, 0x00000000e5560000)
  from space 21824K,  67% used [0x00000000e5560000, 0x00000000e63cb9c0, 0x00000000e6ab0000)
  to   space 21824K,   0% used [0x00000000e6ab0000, 0x00000000e6ab0000, 0x00000000e8000000)
 concurrent mark-sweep generation total 393216K, used 0K [0x00000000e8000000, 0x0000000100000000, 0x0000000100000000)
 Metaspace       used 20713K, capacity 21016K, committed 21248K, reserved 1069056K
  class space    used 2403K, capacity 2518K, committed 2560K, reserved 1048576K
}
2016-12-16T14:53:35.666+0100: 2,305: Total time for which application threads were stopped: 0,0231232 seconds, Stopping threads took: 0,0000440 seconds
2016-12-16T14:53:35.770+0100: 2,409: Total time for which application threads were stopped: 0,0000969 seconds, Stopping threads took: 0,0000273 seconds
2016-12-16T14:53:35.814+0100: 2,454: Total time for which application threads were stopped: 0,0002866 seconds, Stopping threads took: 0,0000248 seconds
2016-12-16T14:53:35.815+0100: 2,455: Total time for which application threads were stopped: 0,0001233 seconds, Stopping threads took: 0,0000225 seconds
2016-12-16T14:53:35.853+0100: 2,492: Total time for which application threads were stopped: 0,0000815 seconds, Stopping threads took: 0,0000248 seconds
2016-12-16T14:53:35.964+0100: 2,603: Total time for which application threads were stopped: 0,0004102 seconds, Stopping threads took: 0,0000873 seconds
2016-12-16T14:53:35.993+0100: 2,632: Total time for which application threads were stopped: 0,0000814 seconds, Stopping threads took: 0,0000205 seconds
2016-12-16T14:53:36.006+0100: 2,645: Total time for which application threads were stopped: 0,0002877 seconds, Stopping threads took: 0,0000144 seconds
2016-12-16T14:53:36.020+0100: 2,659: Total time for which application threads were stopped: 0,0002908 seconds, Stopping threads took: 0,0000204 seconds
2016-12-16T14:53:36.026+0100: 2,665: Total time for which application threads were stopped: 0,0001124 seconds, Stopping threads took: 0,0000500 seconds
2016-12-16T14:53:36.063+0100: 2,702: Total time for which application threads were stopped: 0,0003082 seconds, Stopping threads took: 0,0000658 seconds
2016-12-16T14:53:36.088+0100: 2,727: Total time for which application threads were stopped: 0,0000872 seconds, Stopping threads took: 0,0000215 seconds
2016-12-16T14:53:36.109+0100: 2,749: Total time for which application threads were stopped: 0,0000762 seconds, Stopping threads took: 0,0000131 seconds
2016-12-16T14:53:36.129+0100: 2,768: Total time for which application threads were stopped: 0,0001208 seconds, Stopping threads took: 0,0000186 seconds
2016-12-16T14:53:36.164+0100: 2,803: Total time for which application threads were stopped: 0,0001193 seconds, Stopping threads took: 0,0000273 seconds
2016-12-16T14:53:36.214+0100: 2,853: Total time for which application threads were stopped: 0,0001015 seconds, Stopping threads took: 0,0000314 seconds
2016-12-16T14:53:36.240+0100: 2,879: Total time for which application threads were stopped: 0,0001569 seconds, Stopping threads took: 0,0000327 seconds
{Heap before GC invocations=2 (full 0):
 par new generation   total 109248K, used 102190K [0x00000000e0000000, 0x00000000e8000000, 0x00000000e8000000)
  eden space 87424K, 100% used [0x00000000e0000000, 0x00000000e5560000, 0x00000000e5560000)
  from space 21824K,  67% used [0x00000000e5560000, 0x00000000e63cb9c0, 0x00000000e6ab0000)
  to   space 21824K,   0% used [0x00000000e6ab0000, 0x00000000e6ab0000, 0x00000000e8000000)
 concurrent mark-sweep generation total 393216K, used 0K [0x00000000e8000000, 0x0000000100000000, 0x0000000100000000)
 Metaspace       used 24795K, capacity 25157K, committed 25536K, reserved 1071104K
  class space    used 2894K, capacity 3025K, committed 3092K, reserved 1048576K
2016-12-16T14:53:36.244+0100: 2,884: [GC (Allocation Failure) 2016-12-16T14:53:36.244+0100: 2,884: [ParNew
Desired survivor size 20112992 bytes, new threshold 8 (max 8)
- age   1:    4849544 bytes,    4849544 total
- age   2:     582776 bytes,    5432320 total
- age   3:    6040920 bytes,   11473240 total
: 102190K->13725K(109248K), 0,0101429 secs] 102190K->13725K(502464K), 0,0102122 secs] [Times: user=0,04 sys=0,00, real=0,02 secs] 
Heap after GC invocations=3 (full 0):
 par new generation   total 109248K, used 13725K [0x00000000e0000000, 0x00000000e8000000, 0x00000000e8000000)
  eden space 87424K,   0% used [0x00000000e0000000, 0x00000000e0000000, 0x00000000e5560000)
  from space 21824K,  62% used [0x00000000e6ab0000, 0x00000000e7817710, 0x00000000e8000000)
  to   space 21824K,   0% used [0x00000000e5560000, 0x00000000e5560000, 0x00000000e6ab0000)
 concurrent mark-sweep generation total 393216K, used 0K [0x00000000e8000000, 0x0000000100000000, 0x0000000100000000)
 Metaspace       used 24795K, capacity 25157K, committed 25536K, reserved 1071104K
  class space    used 2894K, capacity 3025K, committed 3092K, reserved 1048576K
}
2016-12-16T14:53:36.255+0100: 2,894: Total time for which application threads were stopped: 0,0103557 seconds, Stopping threads took: 0,0000256 seconds
2016-12-16T14:53:36.255+0100: 2,894: [GC (CMS Initial Mark) [1 CMS-initial-mark: 0K(393216K)] 13981K(502464K), 0,0035143 secs] [Times: user=0,01 sys=0,00, real=0,00 secs] 
2016-12-16T14:53:36.258+0100: 2,897: Total time for which application threads were stopped: 0,0036429 seconds, Stopping threads took: 0,0000472 seconds
2016-12-16T14:53:36.258+0100: 2,898: [CMS-concurrent-mark-start]
2016-12-16T14:53:36.259+0100: 2,898: [CMS-concurrent-mark: 0,000/0,000 secs] [Times: user=0,00 sys=0,00, real=0,00 secs] 
2016-12-16T14:53:36.259+0100: 2,898: [CMS-concurrent-preclean-start]
2016-12-16T14:53:36.260+0100: 2,899: [CMS-concurrent-preclean: 0,001/0,001 secs] [Times: user=0,00 sys=0,00, real=0,00 secs] 
2016-12-16T14:53:36.260+0100: 2,899: [GC (CMS Final Remark) [YG occupancy: 15359 K (109248 K)]{Heap before GC invocations=3 (full 1):
 par new generation   total 109248K, used 15359K [0x00000000e0000000, 0x00000000e8000000, 0x00000000e8000000)
  eden space 87424K,   1% used [0x00000000e0000000, 0x00000000e0198660, 0x00000000e5560000)
  from space 21824K,  62% used [0x00000000e6ab0000, 0x00000000e7817710, 0x00000000e8000000)
  to   space 21824K,   0% used [0x00000000e5560000, 0x00000000e5560000, 0x00000000e6ab0000)
 concurrent mark-sweep generation total 393216K, used 0K [0x00000000e8000000, 0x0000000100000000, 0x0000000100000000)
 Metaspace       used 24796K, capacity 25157K, committed 25536K, reserved 1071104K
  class space    used 2894K, capacity 3025K, committed 3092K, reserved 1048576K
2016-12-16T14:53:36.260+0100: 2,899: [GC (CMS Final Remark) 2016-12-16T14:53:36.260+0100: 2,899: [ParNew
Desired survivor size 20112992 bytes, new threshold 8 (max 8)
- age   1:     524984 bytes,     524984 total
- age   2:    1313408 bytes,    1838392 total
- age   3:     582776 bytes,    2421168 total
- age   4:    6040608 bytes,    8461776 total
: 15359K->11823K(109248K), 0,0088676 secs] 15359K->11823K(502464K), 0,0089045 secs] [Times: user=0,02 sys=0,00, real=0,01 secs] 
Heap after GC invocations=4 (full 1):
 par new generation   total 109248K, used 11823K [0x00000000e0000000, 0x00000000e8000000, 0x00000000e8000000)
  eden space 87424K,   0% used [0x00000000e0000000, 0x00000000e0000000, 0x00000000e5560000)
  from space 21824K,  54% used [0x00000000e5560000, 0x00000000e60ebe60, 0x00000000e6ab0000)
  to   space 21824K,   0% used [0x00000000e6ab0000, 0x00000000e6ab0000, 0x00000000e8000000)
 concurrent mark-sweep generation total 393216K, used 0K [0x00000000e8000000, 0x0000000100000000, 0x0000000100000000)
 Metaspace       used 24796K, capacity 25157K, committed 25536K, reserved 1071104K
  class space    used 2894K, capacity 3025K, committed 3092K, reserved 1048576K
}
2016-12-16T14:53:36.269+0100: 2,908: [Rescan (parallel) , 0,0030906 secs]2016-12-16T14:53:36.272+0100: 2,911: [weak refs processing, 0,0010608 secs]2016-12-16T14:53:36.273+0100: 2,912: [class unloading, 0,0030895 secs]2016-12-16T14:53:36.276+0100: 2,916: [scrub symbol table, 0,0034391 secs]2016-12-16T14:53:36.280+0100: 2,919: [scrub string table, 0,0004140 secs][1 CMS-remark: 0K(393216K)] 11823K(502464K), 0,0207250 secs] [Times: user=0,05 sys=0,00, real=0,02 secs] 
2016-12-16T14:53:36.281+0100: 2,920: Total time for which application threads were stopped: 0,0208239 seconds, Stopping threads took: 0,0000349 seconds
2016-12-16T14:53:36.281+0100: 2,920: [CMS-concurrent-sweep-start]
2016-12-16T14:53:36.281+0100: 2,920: [CMS-concurrent-sweep: 0,000/0,000 secs] [Times: user=0,00 sys=0,00, real=0,00 secs] 
2016-12-16T14:53:36.281+0100: 2,920: [CMS-concurrent-reset-start]
2016-12-16T14:53:36.283+0100: 2,922: [CMS-concurrent-reset: 0,002/0,002 secs] [Times: user=0,00 sys=0,00, real=0,00 secs] 
2016-12-16T14:53:36.353+0100: 2,992: Total time for which application threads were stopped: 0,0003188 seconds, Stopping threads took: 0,0000200 seconds
2016-12-16T14:53:37.353+0100: 3,993: Total time for which application threads were stopped: 0,0000835 seconds, Stopping threads took: 0,0000169 seconds
2016-12-16T14:53:37.420+0100: 4,059: Total time for which application threads were stopped: 0,0002694 seconds, Stopping threads took: 0,0000154 seconds
2016-12-16T14:54:04.436+0100: 31,075: Total time for which application threads were stopped: 0,0000864 seconds, Stopping threads took: 0,0000325 seconds
2016-12-16T14:56:14.450+0100: 161,089: Total time for which application threads were stopped: 0,0000850 seconds, Stopping threads took: 0,0000405 seconds
2016-12-16T14:56:19.450+0100: 166,090: Total time for which application threads were stopped: 0,0000813 seconds, Stopping threads took: 0,0000173 seconds
2016-12-16T14:56:34.452+0100: 181,092: Total time for which application threads were stopped: 0,0005918 seconds, Stopping threads took: 0,0001431 seconds
2016-12-16T14:57:14.457+0100: 221,096: Total time for which application threads were stopped: 0,0001384 seconds, Stopping threads took: 0,0000563 seconds
2016-12-16T14:57:59.462+0100: 266,101: Total time for which application threads were stopped: 0,0000752 seconds, Stopping threads took: 0,0000317 seconds
2016-12-16T14:58:04.463+0100: 271,102: Total time for which application threads were stopped: 0,0000672 seconds, Stopping threads took: 0,0000191 seconds
2016-12-16T14:58:09.463+0100: 276,102: Total time for which application threads were stopped: 0,0000774 seconds, Stopping threads took: 0,0000194 seconds
2016-12-16T14:58:14.464+0100: 281,103: Total time for which application threads were stopped: 0,0000636 seconds, Stopping threads took: 0,0000153 seconds
2016-12-16T14:58:19.465+0100: 286,104: Total time for which application threads were stopped: 0,0001288 seconds, Stopping threads took: 0,0000344 seconds
2016-12-16T14:59:14.471+0100: 341,110: Total time for which application threads were stopped: 0,0000765 seconds, Stopping threads took: 0,0000318 seconds
2016-12-16T15:01:34.486+0100: 481,125: Total time for which application threads were stopped: 0,0001038 seconds, Stopping threads took: 0,0000353 seconds
2016-12-16T15:17:14.582+0100: 1421,221: Total time for which application threads were stopped: 0,0000898 seconds, Stopping threads took: 0,0000299 seconds
2016-12-16T15:20:59.606+0100: 1646,246: Total time for which application threads were stopped: 0,0000873 seconds, Stopping threads took: 0,0000321 seconds
2016-12-16T15:22:04.613+0100: 1711,252: Total time for which application threads were stopped: 0,0000689 seconds, Stopping threads took: 0,0000261 seconds
2016-12-16T15:32:14.699+0100: 2321,338: Total time for which application threads were stopped: 0,0001682 seconds, Stopping threads took: 0,0000645 seconds
2016-12-16T15:32:19.700+0100: 2326,339: Total time for which application threads were stopped: 0,0001214 seconds, Stopping threads took: 0,0000293 seconds
2016-12-16T15:37:18.252+0100: 2624,891: Total time for which application threads were stopped: 0,0001325 seconds, Stopping threads took: 0,0000244 seconds
Heap
 par new generation   total 109248K, used 56972K [0x00000000e0000000, 0x00000000e8000000, 0x00000000e8000000)
  eden space 87424K,  51% used [0x00000000e0000000, 0x00000000e2c17270, 0x00000000e5560000)
  from space 21824K,  54% used [0x00000000e5560000, 0x00000000e60ebe60, 0x00000000e6ab0000)
  to   space 21824K,   0% used [0x00000000e6ab0000, 0x00000000e6ab0000, 0x00000000e8000000)
 concurrent mark-sweep generation total 393216K, used 0K [0x00000000e8000000, 0x0000000100000000, 0x0000000100000000)
 Metaspace       used 27231K, capacity 27729K, committed 27924K, reserved 1073152K
  class space    used 3168K, capacity 3321K, committed 3348K, reserved 1048576K
