OpenJDK 64-Bit Server VM (25.121-b13) for linux-amd64 JRE (1.8.0_121-8u121-b13-0ubuntu1.16.04.2-b13), built on Jan 23 2017 15:51:29 by "buildd" with gcc 5.4.0 20160609
Memory: 4k page, physical 7867764k(7425764k free), swap 8076284k(8076284k free)
CommandLine flags: -XX:CMSInitiatingOccupancyFraction=50 -XX:CMSMaxAbortablePrecleanTime=6000 -XX:+CMSParallelRemarkEnabled -XX:+CMSScavengeBeforeRemark -XX:ConcGCThreads=4 -XX:InitialHeapSize=536870912 -XX:MaxHeapSize=536870912 -XX:MaxTenuringThreshold=8 -XX:NewRatio=3 -XX:OldPLABSize=16 -XX:OnOutOfMemoryError=/opt/solr/bin/oom_solr.sh 8983 /var/solr/logs -XX:ParallelGCThreads=4 -XX:+ParallelRefProcEnabled -XX:PretenureSizeThreshold=67108864 -XX:+PrintGC -XX:+PrintGCApplicationStoppedTime -XX:+PrintGCDateStamps -XX:+PrintGCDetails -XX:+PrintGCTimeStamps -XX:+PrintHeapAtGC -XX:+PrintTenuringDistribution -XX:SurvivorRatio=4 -XX:TargetSurvivorRatio=90 -XX:ThreadStackSize=256 -XX:+UseCMSInitiatingOccupancyOnly -XX:+UseCompressedClassPointers -XX:+UseCompressedOops -XX:+UseConcMarkSweepGC -XX:+UseParNewGC 
2017-04-10T09:58:15.863+0200: 0,162: Total time for which application threads were stopped: 0,0000737 seconds, Stopping threads took: 0,0000096 seconds
2017-04-10T09:58:15.955+0200: 0,255: Total time for which application threads were stopped: 0,0001059 seconds, Stopping threads took: 0,0000234 seconds
2017-04-10T09:58:15.978+0200: 0,277: Total time for which application threads were stopped: 0,0000845 seconds, Stopping threads took: 0,0000129 seconds
2017-04-10T09:58:16.320+0200: 0,620: Total time for which application threads were stopped: 0,0001948 seconds, Stopping threads took: 0,0000217 seconds
2017-04-10T09:58:16.823+0200: 1,122: Total time for which application threads were stopped: 0,0001155 seconds, Stopping threads took: 0,0000187 seconds
2017-04-10T09:58:16.895+0200: 1,195: Total time for which application threads were stopped: 0,0001803 seconds, Stopping threads took: 0,0000171 seconds
2017-04-10T09:58:16.972+0200: 1,272: Total time for which application threads were stopped: 0,0001680 seconds, Stopping threads took: 0,0000171 seconds
2017-04-10T09:58:17.279+0200: 1,578: Total time for which application threads were stopped: 0,0008996 seconds, Stopping threads took: 0,0000964 seconds
2017-04-10T09:58:17.527+0200: 1,826: Total time for which application threads were stopped: 0,0001997 seconds, Stopping threads took: 0,0000170 seconds
2017-04-10T09:58:17.546+0200: 1,845: Total time for which application threads were stopped: 0,0001654 seconds, Stopping threads took: 0,0000202 seconds
2017-04-10T09:58:17.573+0200: 1,872: Total time for which application threads were stopped: 0,0002385 seconds, Stopping threads took: 0,0000212 seconds
2017-04-10T09:58:17.574+0200: 1,873: Total time for which application threads were stopped: 0,0002018 seconds, Stopping threads took: 0,0000227 seconds
2017-04-10T09:58:17.587+0200: 1,886: Total time for which application threads were stopped: 0,0001688 seconds, Stopping threads took: 0,0000119 seconds
2017-04-10T09:58:17.653+0200: 1,952: Total time for which application threads were stopped: 0,0002335 seconds, Stopping threads took: 0,0000252 seconds
2017-04-10T09:58:17.831+0200: 2,131: Total time for which application threads were stopped: 0,0004393 seconds, Stopping threads took: 0,0002147 seconds
{Heap before GC invocations=0 (full 0):
 par new generation   total 109248K, used 87424K [0x00000000e0000000, 0x00000000e8000000, 0x00000000e8000000)
  eden space 87424K, 100% used [0x00000000e0000000, 0x00000000e5560000, 0x00000000e5560000)
  from space 21824K,   0% used [0x00000000e5560000, 0x00000000e5560000, 0x00000000e6ab0000)
  to   space 21824K,   0% used [0x00000000e6ab0000, 0x00000000e6ab0000, 0x00000000e8000000)
 concurrent mark-sweep generation total 393216K, used 0K [0x00000000e8000000, 0x0000000100000000, 0x0000000100000000)
 Metaspace       used 17803K, capacity 18112K, committed 18304K, reserved 1064960K
  class space    used 2023K, capacity 2164K, committed 2176K, reserved 1048576K
2017-04-10T09:58:17.861+0200: 2,161: [GC (Allocation Failure) 2017-04-10T09:58:17.861+0200: 2,161: [ParNew
Desired survivor size 20112992 bytes, new threshold 8 (max 8)
- age   1:   11507944 bytes,   11507944 total
: 87424K->11351K(109248K), 0,0148418 secs] 87424K->11351K(502464K), 0,0149306 secs] [Times: user=0,05 sys=0,00, real=0,02 secs] 
Heap after GC invocations=1 (full 0):
 par new generation   total 109248K, used 11351K [0x00000000e0000000, 0x00000000e8000000, 0x00000000e8000000)
  eden space 87424K,   0% used [0x00000000e0000000, 0x00000000e0000000, 0x00000000e5560000)
  from space 21824K,  52% used [0x00000000e6ab0000, 0x00000000e75c5e68, 0x00000000e8000000)
  to   space 21824K,   0% used [0x00000000e5560000, 0x00000000e5560000, 0x00000000e6ab0000)
 concurrent mark-sweep generation total 393216K, used 0K [0x00000000e8000000, 0x0000000100000000, 0x0000000100000000)
 Metaspace       used 17803K, capacity 18112K, committed 18304K, reserved 1064960K
  class space    used 2023K, capacity 2164K, committed 2176K, reserved 1048576K
}
2017-04-10T09:58:17.876+0200: 2,176: Total time for which application threads were stopped: 0,0162906 seconds, Stopping threads took: 0,0012010 seconds
2017-04-10T09:58:18.226+0200: 2,526: Total time for which application threads were stopped: 0,0004589 seconds, Stopping threads took: 0,0001000 seconds
{Heap before GC invocations=1 (full 0):
 par new generation   total 109248K, used 98775K [0x00000000e0000000, 0x00000000e8000000, 0x00000000e8000000)
  eden space 87424K, 100% used [0x00000000e0000000, 0x00000000e5560000, 0x00000000e5560000)
  from space 21824K,  52% used [0x00000000e6ab0000, 0x00000000e75c5e68, 0x00000000e8000000)
  to   space 21824K,   0% used [0x00000000e5560000, 0x00000000e5560000, 0x00000000e6ab0000)
 concurrent mark-sweep generation total 393216K, used 0K [0x00000000e8000000, 0x0000000100000000, 0x0000000100000000)
 Metaspace       used 20050K, capacity 20366K, committed 20736K, reserved 1067008K
  class space    used 2294K, capacity 2469K, committed 2560K, reserved 1048576K
2017-04-10T09:58:18.257+0200: 2,557: [GC (Allocation Failure) 2017-04-10T09:58:18.257+0200: 2,557: [ParNew
Desired survivor size 20112992 bytes, new threshold 8 (max 8)
- age   1:    4333232 bytes,    4333232 total
- age   2:    6044040 bytes,   10377272 total
: 98775K->14477K(109248K), 0,0116741 secs] 98775K->14477K(502464K), 0,0117499 secs] [Times: user=0,04 sys=0,01, real=0,01 secs] 
Heap after GC invocations=2 (full 0):
 par new generation   total 109248K, used 14477K [0x00000000e0000000, 0x00000000e8000000, 0x00000000e8000000)
  eden space 87424K,   0% used [0x00000000e0000000, 0x00000000e0000000, 0x00000000e5560000)
  from space 21824K,  66% used [0x00000000e5560000, 0x00000000e63834c0, 0x00000000e6ab0000)
  to   space 21824K,   0% used [0x00000000e6ab0000, 0x00000000e6ab0000, 0x00000000e8000000)
 concurrent mark-sweep generation total 393216K, used 0K [0x00000000e8000000, 0x0000000100000000, 0x0000000100000000)
 Metaspace       used 20050K, capacity 20366K, committed 20736K, reserved 1067008K
  class space    used 2294K, capacity 2469K, committed 2560K, reserved 1048576K
}
2017-04-10T09:58:18.269+0200: 2,568: Total time for which application threads were stopped: 0,0120397 seconds, Stopping threads took: 0,0001166 seconds
2017-04-10T09:58:18.281+0200: 2,580: Total time for which application threads were stopped: 0,0003210 seconds, Stopping threads took: 0,0000285 seconds
2017-04-10T09:58:18.311+0200: 2,610: Total time for which application threads were stopped: 0,0003765 seconds, Stopping threads took: 0,0000703 seconds
2017-04-10T09:58:18.449+0200: 2,749: Total time for which application threads were stopped: 0,0005598 seconds, Stopping threads took: 0,0004351 seconds
{Heap before GC invocations=2 (full 0):
 par new generation   total 109248K, used 101901K [0x00000000e0000000, 0x00000000e8000000, 0x00000000e8000000)
  eden space 87424K, 100% used [0x00000000e0000000, 0x00000000e5560000, 0x00000000e5560000)
  from space 21824K,  66% used [0x00000000e5560000, 0x00000000e63834c0, 0x00000000e6ab0000)
  to   space 21824K,   0% used [0x00000000e6ab0000, 0x00000000e6ab0000, 0x00000000e8000000)
 concurrent mark-sweep generation total 393216K, used 0K [0x00000000e8000000, 0x0000000100000000, 0x0000000100000000)
 Metaspace       used 20967K, capacity 21288K, committed 21628K, reserved 1069056K
  class space    used 2418K, capacity 2588K, committed 2684K, reserved 1048576K
2017-04-10T09:58:18.475+0200: 2,774: [GC (Allocation Failure) 2017-04-10T09:58:18.475+0200: 2,774: [ParNew
Desired survivor size 20112992 bytes, new threshold 8 (max 8)
- age   1:    2184760 bytes,    2184760 total
- age   2:    1440064 bytes,    3624824 total
- age   3:    6042200 bytes,    9667024 total
: 101901K->12622K(109248K), 0,0123332 secs] 101901K->12622K(502464K), 0,0124394 secs] [Times: user=0,05 sys=0,00, real=0,01 secs] 
Heap after GC invocations=3 (full 0):
 par new generation   total 109248K, used 12622K [0x00000000e0000000, 0x00000000e8000000, 0x00000000e8000000)
  eden space 87424K,   0% used [0x00000000e0000000, 0x00000000e0000000, 0x00000000e5560000)
  from space 21824K,  57% used [0x00000000e6ab0000, 0x00000000e7703928, 0x00000000e8000000)
  to   space 21824K,   0% used [0x00000000e5560000, 0x00000000e5560000, 0x00000000e6ab0000)
 concurrent mark-sweep generation total 393216K, used 0K [0x00000000e8000000, 0x0000000100000000, 0x0000000100000000)
 Metaspace       used 20967K, capacity 21288K, committed 21628K, reserved 1069056K
  class space    used 2418K, capacity 2588K, committed 2684K, reserved 1048576K
}
2017-04-10T09:58:18.487+0200: 2,787: Total time for which application threads were stopped: 0,0126541 seconds, Stopping threads took: 0,0000445 seconds
2017-04-10T09:58:18.494+0200: 2,793: [GC (CMS Initial Mark) [1 CMS-initial-mark: 0K(393216K)] 16866K(502464K), 0,0033859 secs] [Times: user=0,01 sys=0,00, real=0,01 secs] 
2017-04-10T09:58:18.497+0200: 2,796: Total time for which application threads were stopped: 0,0062043 seconds, Stopping threads took: 0,0026919 seconds
2017-04-10T09:58:18.497+0200: 2,797: [CMS-concurrent-mark-start]
2017-04-10T09:58:18.498+0200: 2,797: [CMS-concurrent-mark: 0,001/0,001 secs] [Times: user=0,00 sys=0,00, real=0,00 secs] 
2017-04-10T09:58:18.498+0200: 2,797: [CMS-concurrent-preclean-start]
2017-04-10T09:58:18.499+0200: 2,799: [CMS-concurrent-preclean: 0,001/0,001 secs] [Times: user=0,01 sys=0,00, real=0,00 secs] 
2017-04-10T09:58:18.499+0200: 2,799: [CMS-concurrent-abortable-preclean-start]
2017-04-10T09:58:18.574+0200: 2,874: Total time for which application threads were stopped: 0,0001885 seconds, Stopping threads took: 0,0000854 seconds
{Heap before GC invocations=3 (full 1):
 par new generation   total 109248K, used 100046K [0x00000000e0000000, 0x00000000e8000000, 0x00000000e8000000)
  eden space 87424K, 100% used [0x00000000e0000000, 0x00000000e5560000, 0x00000000e5560000)
  from space 21824K,  57% used [0x00000000e6ab0000, 0x00000000e7703928, 0x00000000e8000000)
  to   space 21824K,   0% used [0x00000000e5560000, 0x00000000e5560000, 0x00000000e6ab0000)
 concurrent mark-sweep generation total 393216K, used 0K [0x00000000e8000000, 0x0000000100000000, 0x0000000100000000)
 Metaspace       used 21239K, capacity 21612K, committed 21884K, reserved 1069056K
  class space    used 2445K, capacity 2600K, committed 2684K, reserved 1048576K
2017-04-10T09:58:18.601+0200: 2,900: [GC (Allocation Failure) 2017-04-10T09:58:18.601+0200: 2,901: [ParNew
Desired survivor size 20112992 bytes, new threshold 8 (max 8)
- age   1:    1256992 bytes,    1256992 total
- age   2:    1489888 bytes,    2746880 total
- age   3:    1424696 bytes,    4171576 total
- age   4:    6042224 bytes,   10213800 total
: 100046K->12356K(109248K), 0,0119629 secs] 100046K->12356K(502464K), 0,0120346 secs] [Times: user=0,04 sys=0,00, real=0,01 secs] 
Heap after GC invocations=4 (full 1):
 par new generation   total 109248K, used 12356K [0x00000000e0000000, 0x00000000e8000000, 0x00000000e8000000)
  eden space 87424K,   0% used [0x00000000e0000000, 0x00000000e0000000, 0x00000000e5560000)
  from space 21824K,  56% used [0x00000000e5560000, 0x00000000e6171240, 0x00000000e6ab0000)
  to   space 21824K,   0% used [0x00000000e6ab0000, 0x00000000e6ab0000, 0x00000000e8000000)
 concurrent mark-sweep generation total 393216K, used 0K [0x00000000e8000000, 0x0000000100000000, 0x0000000100000000)
 Metaspace       used 21239K, capacity 21612K, committed 21884K, reserved 1069056K
  class space    used 2445K, capacity 2600K, committed 2684K, reserved 1048576K
}
2017-04-10T09:58:18.613+0200: 2,913: Total time for which application threads were stopped: 0,0122912 seconds, Stopping threads took: 0,0001258 seconds
2017-04-10T09:58:18.613+0200: 2,913: [CMS-concurrent-abortable-preclean: 0,076/0,114 secs] [Times: user=0,44 sys=0,00, real=0,11 secs] 
2017-04-10T09:58:18.614+0200: 2,914: [GC (CMS Final Remark) [YG occupancy: 14345 K (109248 K)]{Heap before GC invocations=4 (full 1):
 par new generation   total 109248K, used 14345K [0x00000000e0000000, 0x00000000e8000000, 0x00000000e8000000)
  eden space 87424K,   2% used [0x00000000e0000000, 0x00000000e01f11f0, 0x00000000e5560000)
  from space 21824K,  56% used [0x00000000e5560000, 0x00000000e6171240, 0x00000000e6ab0000)
  to   space 21824K,   0% used [0x00000000e6ab0000, 0x00000000e6ab0000, 0x00000000e8000000)
 concurrent mark-sweep generation total 393216K, used 0K [0x00000000e8000000, 0x0000000100000000, 0x0000000100000000)
 Metaspace       used 21239K, capacity 21612K, committed 21884K, reserved 1069056K
  class space    used 2445K, capacity 2600K, committed 2684K, reserved 1048576K
2017-04-10T09:58:18.615+0200: 2,914: [GC (CMS Final Remark) 2017-04-10T09:58:18.615+0200: 2,914: [ParNew
Desired survivor size 20112992 bytes, new threshold 8 (max 8)
- age   1:     155248 bytes,     155248 total
- age   2:    1032288 bytes,    1187536 total
- age   3:    1489888 bytes,    2677424 total
- age   4:    1424696 bytes,    4102120 total
- age   5:    6042368 bytes,   10144488 total
: 14345K->15253K(109248K), 0,0173540 secs] 14345K->15253K(502464K), 0,0173909 secs] [Times: user=0,04 sys=0,00, real=0,01 secs] 
Heap after GC invocations=5 (full 1):
 par new generation   total 109248K, used 15253K [0x00000000e0000000, 0x00000000e8000000, 0x00000000e8000000)
  eden space 87424K,   0% used [0x00000000e0000000, 0x00000000e0000000, 0x00000000e5560000)
  from space 21824K,  69% used [0x00000000e6ab0000, 0x00000000e7995710, 0x00000000e8000000)
  to   space 21824K,   0% used [0x00000000e5560000, 0x00000000e5560000, 0x00000000e6ab0000)
 concurrent mark-sweep generation total 393216K, used 0K [0x00000000e8000000, 0x0000000100000000, 0x0000000100000000)
 Metaspace       used 21239K, capacity 21612K, committed 21884K, reserved 1069056K
  class space    used 2445K, capacity 2600K, committed 2684K, reserved 1048576K
}
2017-04-10T09:58:18.632+0200: 2,931: [Rescan (parallel) , 0,0033658 secs]2017-04-10T09:58:18.635+0200: 2,935: [weak refs processing, 0,0003656 secs]2017-04-10T09:58:18.636+0200: 2,935: [class unloading, 0,0028158 secs]2017-04-10T09:58:18.639+0200: 2,938: [scrub symbol table, 0,0025463 secs]2017-04-10T09:58:18.641+0200: 2,941: [scrub string table, 0,0003991 secs][1 CMS-remark: 0K(393216K)] 15253K(502464K), 0,0275659 secs] [Times: user=0,06 sys=0,00, real=0,02 secs] 
2017-04-10T09:58:18.642+0200: 2,942: Total time for which application threads were stopped: 0,0278050 seconds, Stopping threads took: 0,0001405 seconds
2017-04-10T09:58:18.642+0200: 2,942: [CMS-concurrent-sweep-start]
2017-04-10T09:58:18.642+0200: 2,942: [CMS-concurrent-sweep: 0,000/0,000 secs] [Times: user=0,00 sys=0,00, real=0,00 secs] 
2017-04-10T09:58:18.642+0200: 2,942: [CMS-concurrent-reset-start]
2017-04-10T09:58:18.644+0200: 2,944: [CMS-concurrent-reset: 0,002/0,002 secs] [Times: user=0,01 sys=0,00, real=0,00 secs] 
{Heap before GC invocations=5 (full 1):
 par new generation   total 109248K, used 102677K [0x00000000e0000000, 0x00000000e8000000, 0x00000000e8000000)
  eden space 87424K, 100% used [0x00000000e0000000, 0x00000000e5560000, 0x00000000e5560000)
  from space 21824K,  69% used [0x00000000e6ab0000, 0x00000000e7995710, 0x00000000e8000000)
  to   space 21824K,   0% used [0x00000000e5560000, 0x00000000e5560000, 0x00000000e6ab0000)
 concurrent mark-sweep generation total 393216K, used 0K [0x00000000e8000000, 0x0000000100000000, 0x0000000100000000)
 Metaspace       used 21360K, capacity 21782K, committed 21884K, reserved 1069056K
  class space    used 2465K, capacity 2634K, committed 2684K, reserved 1048576K
2017-04-10T09:58:18.730+0200: 3,030: [GC (Allocation Failure) 2017-04-10T09:58:18.730+0200: 3,030: [ParNew
Desired survivor size 20112992 bytes, new threshold 8 (max 8)
- age   1:     686832 bytes,     686832 total
- age   3:     172000 bytes,     858832 total
- age   4:    1489816 bytes,    2348648 total
- age   5:    1422616 bytes,    3771264 total
- age   6:    6042312 bytes,    9813576 total
: 102677K->11639K(109248K), 0,0091641 secs] 102677K->11639K(502464K), 0,0092337 secs] [Times: user=0,03 sys=0,00, real=0,01 secs] 
Heap after GC invocations=6 (full 1):
 par new generation   total 109248K, used 11639K [0x00000000e0000000, 0x00000000e8000000, 0x00000000e8000000)
  eden space 87424K,   0% used [0x00000000e0000000, 0x00000000e0000000, 0x00000000e5560000)
  from space 21824K,  53% used [0x00000000e5560000, 0x00000000e60bdd80, 0x00000000e6ab0000)
  to   space 21824K,   0% used [0x00000000e6ab0000, 0x00000000e6ab0000, 0x00000000e8000000)
 concurrent mark-sweep generation total 393216K, used 0K [0x00000000e8000000, 0x0000000100000000, 0x0000000100000000)
 Metaspace       used 21360K, capacity 21782K, committed 21884K, reserved 1069056K
  class space    used 2465K, capacity 2634K, committed 2684K, reserved 1048576K
}
2017-04-10T09:58:18.739+0200: 3,039: Total time for which application threads were stopped: 0,0109582 seconds, Stopping threads took: 0,0015953 seconds
2017-04-10T09:58:18.783+0200: 3,083: Total time for which application threads were stopped: 0,0003361 seconds, Stopping threads took: 0,0000194 seconds
2017-04-10T09:58:18.976+0200: 3,275: Total time for which application threads were stopped: 0,0003973 seconds, Stopping threads took: 0,0000212 seconds
2017-04-10T09:58:18.989+0200: 3,289: Total time for which application threads were stopped: 0,0003678 seconds, Stopping threads took: 0,0000527 seconds
2017-04-10T09:58:19.150+0200: 3,450: Total time for which application threads were stopped: 0,0030571 seconds, Stopping threads took: 0,0029282 seconds
{Heap before GC invocations=6 (full 1):
 par new generation   total 109248K, used 99063K [0x00000000e0000000, 0x00000000e8000000, 0x00000000e8000000)
  eden space 87424K, 100% used [0x00000000e0000000, 0x00000000e5560000, 0x00000000e5560000)
  from space 21824K,  53% used [0x00000000e5560000, 0x00000000e60bdde0, 0x00000000e6ab0000)
  to   space 21824K,   0% used [0x00000000e6ab0000, 0x00000000e6ab0000, 0x00000000e8000000)
 concurrent mark-sweep generation total 393216K, used 0K [0x00000000e8000000, 0x0000000100000000, 0x0000000100000000)
 Metaspace       used 23779K, capacity 24226K, committed 24572K, reserved 1071104K
  class space    used 2795K, capacity 2978K, committed 3068K, reserved 1048576K
2017-04-10T09:58:19.151+0200: 3,450: [GC (Allocation Failure) 2017-04-10T09:58:19.151+0200: 3,451: [ParNew
Desired survivor size 20112992 bytes, new threshold 8 (max 8)
- age   1:    5269512 bytes,    5269512 total
- age   2:     122064 bytes,    5391576 total
- age   4:     170520 bytes,    5562096 total
- age   5:     312264 bytes,    5874360 total
- age   6:    1398168 bytes,    7272528 total
- age   7:    6034208 bytes,   13306736 total
: 99063K->16703K(109248K), 0,0141358 secs] 99063K->16703K(502464K), 0,0142116 secs] [Times: user=0,04 sys=0,00, real=0,01 secs] 
Heap after GC invocations=7 (full 1):
 par new generation   total 109248K, used 16703K [0x00000000e0000000, 0x00000000e8000000, 0x00000000e8000000)
  eden space 87424K,   0% used [0x00000000e0000000, 0x00000000e0000000, 0x00000000e5560000)
  from space 21824K,  76% used [0x00000000e6ab0000, 0x00000000e7affc40, 0x00000000e8000000)
  to   space 21824K,   0% used [0x00000000e5560000, 0x00000000e5560000, 0x00000000e6ab0000)
 concurrent mark-sweep generation total 393216K, used 0K [0x00000000e8000000, 0x0000000100000000, 0x0000000100000000)
 Metaspace       used 23779K, capacity 24226K, committed 24572K, reserved 1071104K
  class space    used 2795K, capacity 2978K, committed 3068K, reserved 1048576K
}
2017-04-10T09:58:19.165+0200: 3,465: Total time for which application threads were stopped: 0,0144294 seconds, Stopping threads took: 0,0000403 seconds
{Heap before GC invocations=7 (full 1):
 par new generation   total 109248K, used 26031K [0x00000000e0000000, 0x00000000e8000000, 0x00000000e8000000)
  eden space 87424K,  10% used [0x00000000e0000000, 0x00000000e091c1f8, 0x00000000e5560000)
  from space 21824K,  76% used [0x00000000e6ab0000, 0x00000000e7affc40, 0x00000000e8000000)
  to   space 21824K,   0% used [0x00000000e5560000, 0x00000000e5560000, 0x00000000e6ab0000)
 concurrent mark-sweep generation total 393216K, used 0K [0x00000000e8000000, 0x0000000100000000, 0x0000000100000000)
 Metaspace       used 23779K, capacity 24226K, committed 24572K, reserved 1071104K
  class space    used 2795K, capacity 2978K, committed 3068K, reserved 1048576K
2017-04-10T09:58:19.171+0200: 3,471: [GC (GCLocker Initiated GC) 2017-04-10T09:58:19.171+0200: 3,471: [ParNew
Desired survivor size 20112992 bytes, new threshold 8 (max 8)
- age   1:     270360 bytes,     270360 total
- age   2:    1830248 bytes,    2100608 total
- age   3:      60872 bytes,    2161480 total
- age   5:      98560 bytes,    2260040 total
- age   6:     191600 bytes,    2451640 total
- age   7:     950312 bytes,    3401952 total
- age   8:    5930656 bytes,    9332608 total
: 26031K->17750K(109248K), 0,0166966 secs] 26031K->17750K(502464K), 0,0167943 secs] [Times: user=0,05 sys=0,00, real=0,02 secs] 
Heap after GC invocations=8 (full 1):
 par new generation   total 109248K, used 17750K [0x00000000e0000000, 0x00000000e8000000, 0x00000000e8000000)
  eden space 87424K,   0% used [0x00000000e0000000, 0x00000000e0000000, 0x00000000e5560000)
  from space 21824K,  81% used [0x00000000e5560000, 0x00000000e66b5bd0, 0x00000000e6ab0000)
  to   space 21824K,   0% used [0x00000000e6ab0000, 0x00000000e6ab0000, 0x00000000e8000000)
 concurrent mark-sweep generation total 393216K, used 0K [0x00000000e8000000, 0x0000000100000000, 0x0000000100000000)
 Metaspace       used 23779K, capacity 24226K, committed 24572K, reserved 1071104K
  class space    used 2795K, capacity 2978K, committed 3068K, reserved 1048576K
}
2017-04-10T09:58:19.188+0200: 3,488: Total time for which application threads were stopped: 0,0170161 seconds, Stopping threads took: 0,0000680 seconds
{Heap before GC invocations=8 (full 1):
 par new generation   total 109248K, used 105174K [0x00000000e0000000, 0x00000000e8000000, 0x00000000e8000000)
  eden space 87424K, 100% used [0x00000000e0000000, 0x00000000e5560000, 0x00000000e5560000)
  from space 21824K,  81% used [0x00000000e5560000, 0x00000000e66b5bd0, 0x00000000e6ab0000)
  to   space 21824K,   0% used [0x00000000e6ab0000, 0x00000000e6ab0000, 0x00000000e8000000)
 concurrent mark-sweep generation total 393216K, used 0K [0x00000000e8000000, 0x0000000100000000, 0x0000000100000000)
 Metaspace       used 24328K, capacity 24808K, committed 25084K, reserved 1071104K
  class space    used 2856K, capacity 3043K, committed 3068K, reserved 1048576K
2017-04-10T09:58:19.302+0200: 3,602: [GC (Allocation Failure) 2017-04-10T09:58:19.302+0200: 3,602: [ParNew
Desired survivor size 20112992 bytes, new threshold 8 (max 8)
- age   1:    2092032 bytes,    2092032 total
- age   2:       9776 bytes,    2101808 total
- age   3:    1804176 bytes,    3905984 total
- age   4:      60872 bytes,    3966856 total
- age   6:      98456 bytes,    4065312 total
- age   7:     191672 bytes,    4256984 total
- age   8:     950312 bytes,    5207296 total
: 105174K->7001K(109248K), 0,0270450 secs] 105174K->12874K(502464K), 0,0271206 secs] [Times: user=0,09 sys=0,00, real=0,03 secs] 
Heap after GC invocations=9 (full 1):
 par new generation   total 109248K, used 7001K [0x00000000e0000000, 0x00000000e8000000, 0x00000000e8000000)
  eden space 87424K,   0% used [0x00000000e0000000, 0x00000000e0000000, 0x00000000e5560000)
  from space 21824K,  32% used [0x00000000e6ab0000, 0x00000000e7186410, 0x00000000e8000000)
  to   space 21824K,   0% used [0x00000000e5560000, 0x00000000e5560000, 0x00000000e6ab0000)
 concurrent mark-sweep generation total 393216K, used 5873K [0x00000000e8000000, 0x0000000100000000, 0x0000000100000000)
 Metaspace       used 24328K, capacity 24808K, committed 25084K, reserved 1071104K
  class space    used 2856K, capacity 3043K, committed 3068K, reserved 1048576K
}
2017-04-10T09:58:19.329+0200: 3,629: Total time for which application threads were stopped: 0,0304681 seconds, Stopping threads took: 0,0031654 seconds
{Heap before GC invocations=9 (full 1):
 par new generation   total 109248K, used 94425K [0x00000000e0000000, 0x00000000e8000000, 0x00000000e8000000)
  eden space 87424K, 100% used [0x00000000e0000000, 0x00000000e5560000, 0x00000000e5560000)
  from space 21824K,  32% used [0x00000000e6ab0000, 0x00000000e7186410, 0x00000000e8000000)
  to   space 21824K,   0% used [0x00000000e5560000, 0x00000000e5560000, 0x00000000e6ab0000)
 concurrent mark-sweep generation total 393216K, used 5873K [0x00000000e8000000, 0x0000000100000000, 0x0000000100000000)
 Metaspace       used 24692K, capacity 25122K, committed 25468K, reserved 1071104K
  class space    used 2888K, capacity 3080K, committed 3196K, reserved 1048576K
2017-04-10T09:58:19.471+0200: 3,770: [GC (Allocation Failure) 2017-04-10T09:58:19.471+0200: 3,770: [ParNew
Desired survivor size 20112992 bytes, new threshold 8 (max 8)
- age   1:     863144 bytes,     863144 total
- age   2:    1003592 bytes,    1866736 total
- age   3:       9776 bytes,    1876512 total
- age   4:    1800904 bytes,    3677416 total
- age   5:      60872 bytes,    3738288 total
- age   7:      98256 bytes,    3836544 total
- age   8:     188832 bytes,    4025376 total
: 94425K->5379K(109248K), 0,0090784 secs] 100298K->12193K(502464K), 0,0091681 secs] [Times: user=0,04 sys=0,00, real=0,01 secs] 
Heap after GC invocations=10 (full 1):
 par new generation   total 109248K, used 5379K [0x00000000e0000000, 0x00000000e8000000, 0x00000000e8000000)
  eden space 87424K,   0% used [0x00000000e0000000, 0x00000000e0000000, 0x00000000e5560000)
  from space 21824K,  24% used [0x00000000e5560000, 0x00000000e5aa0c78, 0x00000000e6ab0000)
  to   space 21824K,   0% used [0x00000000e6ab0000, 0x00000000e6ab0000, 0x00000000e8000000)
 concurrent mark-sweep generation total 393216K, used 6814K [0x00000000e8000000, 0x0000000100000000, 0x0000000100000000)
 Metaspace       used 24692K, capacity 25122K, committed 25468K, reserved 1071104K
  class space    used 2888K, capacity 3080K, committed 3196K, reserved 1048576K
}
2017-04-10T09:58:19.480+0200: 3,779: Total time for which application threads were stopped: 0,0094677 seconds, Stopping threads took: 0,0000706 seconds
2017-04-10T09:58:19.749+0200: 4,049: Total time for which application threads were stopped: 0,0005010 seconds, Stopping threads took: 0,0000641 seconds
2017-04-10T09:58:19.753+0200: 4,052: Total time for which application threads were stopped: 0,0004401 seconds, Stopping threads took: 0,0000463 seconds
2017-04-10T09:58:19.762+0200: 4,061: Total time for which application threads were stopped: 0,0001573 seconds, Stopping threads took: 0,0000546 seconds
2017-04-10T09:58:19.765+0200: 4,065: Total time for which application threads were stopped: 0,0001444 seconds, Stopping threads took: 0,0000441 seconds
2017-04-10T09:58:19.766+0200: 4,066: Total time for which application threads were stopped: 0,0004530 seconds, Stopping threads took: 0,0000351 seconds
2017-04-10T09:58:19.771+0200: 4,071: Total time for which application threads were stopped: 0,0001412 seconds, Stopping threads took: 0,0000431 seconds
2017-04-10T09:58:19.774+0200: 4,074: Total time for which application threads were stopped: 0,0024842 seconds, Stopping threads took: 0,0024020 seconds
2017-04-10T09:58:19.777+0200: 4,076: Total time for which application threads were stopped: 0,0001316 seconds, Stopping threads took: 0,0000359 seconds
2017-04-10T09:58:19.778+0200: 4,078: Total time for which application threads were stopped: 0,0001609 seconds, Stopping threads took: 0,0000305 seconds
2017-04-10T09:58:19.781+0200: 4,081: Total time for which application threads were stopped: 0,0002327 seconds, Stopping threads took: 0,0001372 seconds
2017-04-10T09:58:19.782+0200: 4,082: Total time for which application threads were stopped: 0,0005902 seconds, Stopping threads took: 0,0005312 seconds
2017-04-10T09:58:19.783+0200: 4,082: Total time for which application threads were stopped: 0,0001079 seconds, Stopping threads took: 0,0000304 seconds
2017-04-10T09:58:19.824+0200: 4,123: Total time for which application threads were stopped: 0,0001650 seconds, Stopping threads took: 0,0000267 seconds
2017-04-10T09:58:19.825+0200: 4,124: Total time for which application threads were stopped: 0,0000979 seconds, Stopping threads took: 0,0000208 seconds
2017-04-10T09:58:19.826+0200: 4,126: Total time for which application threads were stopped: 0,0001483 seconds, Stopping threads took: 0,0000648 seconds
2017-04-10T09:58:19.828+0200: 4,127: Total time for which application threads were stopped: 0,0001472 seconds, Stopping threads took: 0,0000407 seconds
2017-04-10T09:58:19.829+0200: 4,128: Total time for which application threads were stopped: 0,0001141 seconds, Stopping threads took: 0,0000390 seconds
2017-04-10T09:58:19.832+0200: 4,132: Total time for which application threads were stopped: 0,0001299 seconds, Stopping threads took: 0,0000454 seconds
2017-04-10T09:58:19.833+0200: 4,133: Total time for which application threads were stopped: 0,0004248 seconds, Stopping threads took: 0,0000195 seconds
2017-04-10T09:58:19.834+0200: 4,133: Total time for which application threads were stopped: 0,0001031 seconds, Stopping threads took: 0,0000338 seconds
2017-04-10T09:58:19.838+0200: 4,138: Total time for which application threads were stopped: 0,0028255 seconds, Stopping threads took: 0,0027549 seconds
2017-04-10T09:58:19.842+0200: 4,141: Total time for which application threads were stopped: 0,0001176 seconds, Stopping threads took: 0,0000292 seconds
2017-04-10T09:58:19.848+0200: 4,147: Total time for which application threads were stopped: 0,0000810 seconds, Stopping threads took: 0,0000228 seconds
2017-04-10T09:58:19.848+0200: 4,148: Total time for which application threads were stopped: 0,0000959 seconds, Stopping threads took: 0,0000272 seconds
2017-04-10T09:58:19.854+0200: 4,153: Total time for which application threads were stopped: 0,0001174 seconds, Stopping threads took: 0,0000359 seconds
2017-04-10T09:58:19.854+0200: 4,154: Total time for which application threads were stopped: 0,0001159 seconds, Stopping threads took: 0,0000235 seconds
2017-04-10T09:58:19.855+0200: 4,154: Total time for which application threads were stopped: 0,0001500 seconds, Stopping threads took: 0,0000241 seconds
2017-04-10T09:58:19.855+0200: 4,155: Total time for which application threads were stopped: 0,0001180 seconds, Stopping threads took: 0,0000581 seconds
2017-04-10T09:58:19.860+0200: 4,159: Total time for which application threads were stopped: 0,0001248 seconds, Stopping threads took: 0,0000358 seconds
2017-04-10T09:58:19.862+0200: 4,162: Total time for which application threads were stopped: 0,0021514 seconds, Stopping threads took: 0,0020727 seconds
2017-04-10T09:58:19.862+0200: 4,162: Total time for which application threads were stopped: 0,0000813 seconds, Stopping threads took: 0,0000333 seconds
2017-04-10T09:58:19.862+0200: 4,162: Total time for which application threads were stopped: 0,0000395 seconds, Stopping threads took: 0,0000081 seconds
2017-04-10T09:58:19.862+0200: 4,162: Total time for which application threads were stopped: 0,0000373 seconds, Stopping threads took: 0,0000088 seconds
2017-04-10T09:58:19.868+0200: 4,167: Total time for which application threads were stopped: 0,0014124 seconds, Stopping threads took: 0,0013399 seconds
2017-04-10T09:58:19.868+0200: 4,167: Total time for which application threads were stopped: 0,0001829 seconds, Stopping threads took: 0,0001233 seconds
2017-04-10T09:58:19.868+0200: 4,168: Total time for which application threads were stopped: 0,0000616 seconds, Stopping threads took: 0,0000109 seconds
2017-04-10T09:58:19.868+0200: 4,168: Total time for which application threads were stopped: 0,0000668 seconds, Stopping threads took: 0,0000187 seconds
2017-04-10T09:58:19.868+0200: 4,168: Total time for which application threads were stopped: 0,0000400 seconds, Stopping threads took: 0,0000081 seconds
2017-04-10T09:58:19.869+0200: 4,168: Total time for which application threads were stopped: 0,0001311 seconds, Stopping threads took: 0,0000759 seconds
2017-04-10T09:58:19.869+0200: 4,168: Total time for which application threads were stopped: 0,0000441 seconds, Stopping threads took: 0,0000083 seconds
2017-04-10T09:58:19.869+0200: 4,168: Total time for which application threads were stopped: 0,0000423 seconds, Stopping threads took: 0,0000088 seconds
2017-04-10T09:58:19.869+0200: 4,168: Total time for which application threads were stopped: 0,0000975 seconds, Stopping threads took: 0,0000695 seconds
2017-04-10T09:58:19.869+0200: 4,168: Total time for which application threads were stopped: 0,0000444 seconds, Stopping threads took: 0,0000162 seconds
2017-04-10T09:58:19.869+0200: 4,169: Total time for which application threads were stopped: 0,0001270 seconds, Stopping threads took: 0,0000704 seconds
2017-04-10T09:58:19.869+0200: 4,169: Total time for which application threads were stopped: 0,0000550 seconds, Stopping threads took: 0,0000106 seconds
2017-04-10T09:58:19.869+0200: 4,169: Total time for which application threads were stopped: 0,0000699 seconds, Stopping threads took: 0,0000193 seconds
2017-04-10T09:58:19.870+0200: 4,169: Total time for which application threads were stopped: 0,0001244 seconds, Stopping threads took: 0,0000077 seconds
2017-04-10T09:58:19.873+0200: 4,172: Total time for which application threads were stopped: 0,0002362 seconds, Stopping threads took: 0,0001482 seconds
2017-04-10T09:58:19.874+0200: 4,174: Total time for which application threads were stopped: 0,0001793 seconds, Stopping threads took: 0,0000424 seconds
2017-04-10T09:58:19.886+0200: 4,186: Total time for which application threads were stopped: 0,0008610 seconds, Stopping threads took: 0,0007353 seconds
2017-04-10T09:58:19.922+0200: 4,221: Total time for which application threads were stopped: 0,0007723 seconds, Stopping threads took: 0,0006815 seconds
2017-04-10T09:58:19.943+0200: 4,242: Total time for which application threads were stopped: 0,0038112 seconds, Stopping threads took: 0,0037358 seconds
2017-04-10T09:58:19.943+0200: 4,243: Total time for which application threads were stopped: 0,0000960 seconds, Stopping threads took: 0,0000291 seconds
2017-04-10T09:58:19.958+0200: 4,257: Total time for which application threads were stopped: 0,0004090 seconds, Stopping threads took: 0,0000407 seconds
2017-04-10T09:58:19.958+0200: 4,257: Total time for which application threads were stopped: 0,0000872 seconds, Stopping threads took: 0,0000230 seconds
2017-04-10T09:58:19.963+0200: 4,263: Total time for which application threads were stopped: 0,0001592 seconds, Stopping threads took: 0,0000600 seconds
2017-04-10T09:58:20.964+0200: 5,264: Total time for which application threads were stopped: 0,0000897 seconds, Stopping threads took: 0,0000218 seconds
2017-04-10T09:59:42.976+0200: 87,276: Total time for which application threads were stopped: 0,0001523 seconds, Stopping threads took: 0,0000417 seconds
2017-04-10T10:00:17.982+0200: 122,282: Total time for which application threads were stopped: 0,0001729 seconds, Stopping threads took: 0,0000869 seconds
2017-04-10T10:00:22.983+0200: 127,283: Total time for which application threads were stopped: 0,0001873 seconds, Stopping threads took: 0,0000690 seconds
{Heap before GC invocations=10 (full 1):
 par new generation   total 109248K, used 92803K [0x00000000e0000000, 0x00000000e8000000, 0x00000000e8000000)
  eden space 87424K, 100% used [0x00000000e0000000, 0x00000000e5560000, 0x00000000e5560000)
  from space 21824K,  24% used [0x00000000e5560000, 0x00000000e5aa0c78, 0x00000000e6ab0000)
  to   space 21824K,   0% used [0x00000000e6ab0000, 0x00000000e6ab0000, 0x00000000e8000000)
 concurrent mark-sweep generation total 393216K, used 6814K [0x00000000e8000000, 0x0000000100000000, 0x0000000100000000)
 Metaspace       used 28023K, capacity 28560K, committed 28796K, reserved 1075200K
  class space    used 3213K, capacity 3389K, committed 3452K, reserved 1048576K
2017-04-10T10:02:46.845+0200: 271,144: [GC (Allocation Failure) 2017-04-10T10:02:46.845+0200: 271,144: [ParNew
Desired survivor size 20112992 bytes, new threshold 8 (max 8)
- age   1:   11245512 bytes,   11245512 total
- age   2:     241368 bytes,   11486880 total
- age   3:     217648 bytes,   11704528 total
- age   4:       9776 bytes,   11714304 total
- age   5:    1795408 bytes,   13509712 total
- age   6:      60872 bytes,   13570584 total
- age   8:      95520 bytes,   13666104 total
: 92803K->15086K(109248K), 0,0180148 secs] 99617K->22106K(502464K), 0,0180813 secs] [Times: user=0,07 sys=0,00, real=0,02 secs] 
Heap after GC invocations=11 (full 1):
 par new generation   total 109248K, used 15086K [0x00000000e0000000, 0x00000000e8000000, 0x00000000e8000000)
  eden space 87424K,   0% used [0x00000000e0000000, 0x00000000e0000000, 0x00000000e5560000)
  from space 21824K,  69% used [0x00000000e6ab0000, 0x00000000e796b8a0, 0x00000000e8000000)
  to   space 21824K,   0% used [0x00000000e5560000, 0x00000000e5560000, 0x00000000e6ab0000)
 concurrent mark-sweep generation total 393216K, used 7020K [0x00000000e8000000, 0x0000000100000000, 0x0000000100000000)
 Metaspace       used 28023K, capacity 28560K, committed 28796K, reserved 1075200K
  class space    used 3213K, capacity 3389K, committed 3452K, reserved 1048576K
}
2017-04-10T10:02:46.863+0200: 271,162: Total time for which application threads were stopped: 0,0182361 seconds, Stopping threads took: 0,0000452 seconds
2017-04-10T10:02:46.864+0200: 271,163: Total time for which application threads were stopped: 0,0001117 seconds, Stopping threads took: 0,0000567 seconds
2017-04-10T10:02:46.864+0200: 271,163: Total time for which application threads were stopped: 0,0000847 seconds, Stopping threads took: 0,0000549 seconds
2017-04-10T10:02:52.865+0200: 277,164: Total time for which application threads were stopped: 0,0000827 seconds, Stopping threads took: 0,0000320 seconds
2017-04-10T10:21:41.231+0200: 1406,304: Total time for which application threads were stopped: 0,0000905 seconds, Stopping threads took: 0,0000373 seconds
2017-04-10T10:26:16.269+0200: 1681,341: Total time for which application threads were stopped: 0,0000930 seconds, Stopping threads took: 0,0000356 seconds
2017-04-10T10:36:17.344+0200: 2282,416: Total time for which application threads were stopped: 0,0000864 seconds, Stopping threads took: 0,0000362 seconds
2017-04-10T10:36:36.346+0200: 2301,419: Total time for which application threads were stopped: 0,0000650 seconds, Stopping threads took: 0,0000146 seconds
2017-04-10T10:36:37.346+0200: 2302,419: Total time for which application threads were stopped: 0,0000829 seconds, Stopping threads took: 0,0000188 seconds
2017-04-10T10:38:22.361+0200: 2407,433: Total time for which application threads were stopped: 0,0000880 seconds, Stopping threads took: 0,0000339 seconds
2017-04-10T10:41:11.382+0200: 2576,454: Total time for which application threads were stopped: 0,0000915 seconds, Stopping threads took: 0,0000373 seconds
2017-04-10T10:42:04.222+0200: 2629,295: Total time for which application threads were stopped: 0,0005313 seconds, Stopping threads took: 0,0000168 seconds
2017-04-10T10:42:04.223+0200: 2629,295: Total time for which application threads were stopped: 0,0003456 seconds, Stopping threads took: 0,0000103 seconds
2017-04-10T10:42:04.235+0200: 2629,308: Total time for which application threads were stopped: 0,0020723 seconds, Stopping threads took: 0,0019931 seconds
2017-04-10T10:42:04.239+0200: 2629,311: Total time for which application threads were stopped: 0,0001142 seconds, Stopping threads took: 0,0000361 seconds
2017-04-10T10:42:04.245+0200: 2629,317: Total time for which application threads were stopped: 0,0013718 seconds, Stopping threads took: 0,0010234 seconds
2017-04-10T10:42:04.245+0200: 2629,318: Total time for which application threads were stopped: 0,0003731 seconds, Stopping threads took: 0,0000842 seconds
2017-04-10T10:42:04.246+0200: 2629,319: Total time for which application threads were stopped: 0,0000380 seconds, Stopping threads took: 0,0000070 seconds
2017-04-10T10:42:04.246+0200: 2629,319: Total time for which application threads were stopped: 0,0000469 seconds, Stopping threads took: 0,0000227 seconds
2017-04-10T10:42:04.246+0200: 2629,319: Total time for which application threads were stopped: 0,0000545 seconds, Stopping threads took: 0,0000277 seconds
2017-04-10T10:42:04.246+0200: 2629,319: Total time for which application threads were stopped: 0,0000402 seconds, Stopping threads took: 0,0000166 seconds
2017-04-10T10:42:04.246+0200: 2629,319: Total time for which application threads were stopped: 0,0000421 seconds, Stopping threads took: 0,0000195 seconds
2017-04-10T10:42:04.246+0200: 2629,319: Total time for which application threads were stopped: 0,0000417 seconds, Stopping threads took: 0,0000161 seconds
2017-04-10T10:42:04.246+0200: 2629,319: Total time for which application threads were stopped: 0,0000503 seconds, Stopping threads took: 0,0000259 seconds
2017-04-10T10:42:04.249+0200: 2629,321: Total time for which application threads were stopped: 0,0000666 seconds, Stopping threads took: 0,0000163 seconds
2017-04-10T10:42:04.250+0200: 2629,322: Total time for which application threads were stopped: 0,0001115 seconds, Stopping threads took: 0,0000406 seconds
2017-04-10T10:42:04.250+0200: 2629,323: Total time for which application threads were stopped: 0,0000691 seconds, Stopping threads took: 0,0000336 seconds
2017-04-10T10:42:04.253+0200: 2629,325: Total time for which application threads were stopped: 0,0000821 seconds, Stopping threads took: 0,0000187 seconds
2017-04-10T10:42:04.253+0200: 2629,325: Total time for which application threads were stopped: 0,0000618 seconds, Stopping threads took: 0,0000180 seconds
2017-04-10T10:42:04.253+0200: 2629,326: Total time for which application threads were stopped: 0,0000918 seconds, Stopping threads took: 0,0000460 seconds
2017-04-10T10:42:04.253+0200: 2629,326: Total time for which application threads were stopped: 0,0000624 seconds, Stopping threads took: 0,0000197 seconds
2017-04-10T10:42:04.256+0200: 2629,329: Total time for which application threads were stopped: 0,0025175 seconds, Stopping threads took: 0,0024427 seconds
2017-04-10T10:42:04.256+0200: 2629,329: Total time for which application threads were stopped: 0,0000754 seconds, Stopping threads took: 0,0000376 seconds
2017-04-10T10:42:04.256+0200: 2629,329: Total time for which application threads were stopped: 0,0000632 seconds, Stopping threads took: 0,0000348 seconds
2017-04-10T10:42:04.257+0200: 2629,329: Total time for which application threads were stopped: 0,0000435 seconds, Stopping threads took: 0,0000188 seconds
2017-04-10T10:42:04.257+0200: 2629,329: Total time for which application threads were stopped: 0,0000676 seconds, Stopping threads took: 0,0000429 seconds
2017-04-10T10:42:04.257+0200: 2629,329: Total time for which application threads were stopped: 0,0000327 seconds, Stopping threads took: 0,0000127 seconds
2017-04-10T10:42:04.257+0200: 2629,329: Total time for which application threads were stopped: 0,0001147 seconds, Stopping threads took: 0,0000172 seconds
2017-04-10T10:42:04.259+0200: 2629,331: Total time for which application threads were stopped: 0,0000788 seconds, Stopping threads took: 0,0000216 seconds
2017-04-10T10:42:04.262+0200: 2629,334: Total time for which application threads were stopped: 0,0001402 seconds, Stopping threads took: 0,0000622 seconds
2017-04-10T10:42:04.262+0200: 2629,334: Total time for which application threads were stopped: 0,0001168 seconds, Stopping threads took: 0,0000589 seconds
Heap
 par new generation   total 109248K, used 31574K [0x00000000e0000000, 0x00000000e8000000, 0x00000000e8000000)
  eden space 87424K,  18% used [0x00000000e0000000, 0x00000000e101a2a8, 0x00000000e5560000)
  from space 21824K,  69% used [0x00000000e6ab0000, 0x00000000e796b8a0, 0x00000000e8000000)
  to   space 21824K,   0% used [0x00000000e5560000, 0x00000000e5560000, 0x00000000e6ab0000)
 concurrent mark-sweep generation total 393216K, used 7020K [0x00000000e8000000, 0x0000000100000000, 0x0000000100000000)
 Metaspace       used 28146K, capacity 28666K, committed 28796K, reserved 1075200K
  class space    used 3230K, capacity 3424K, committed 3452K, reserved 1048576K
