OpenJDK 64-Bit Server VM (25.131-b11) for linux-amd64 JRE (1.8.0_131-8u131-b11-2ubuntu1.16.04.3-b11), built on Jul 28 2017 01:23:32 by "buildd" with gcc 5.4.0 20160609
Memory: 4k page, physical 7867732k(7391764k free), swap 8076284k(8076284k free)
CommandLine flags: -XX:CMSInitiatingOccupancyFraction=50 -XX:CMSMaxAbortablePrecleanTime=6000 -XX:+CMSParallelRemarkEnabled -XX:+CMSScavengeBeforeRemark -XX:ConcGCThreads=4 -XX:InitialHeapSize=536870912 -XX:MaxHeapSize=536870912 -XX:MaxTenuringThreshold=8 -XX:NewRatio=3 -XX:OldPLABSize=16 -XX:OnOutOfMemoryError=/opt/solr/bin/oom_solr.sh 8983 /var/solr/logs -XX:ParallelGCThreads=4 -XX:+ParallelRefProcEnabled -XX:PretenureSizeThreshold=67108864 -XX:+PrintGC -XX:+PrintGCApplicationStoppedTime -XX:+PrintGCDateStamps -XX:+PrintGCDetails -XX:+PrintGCTimeStamps -XX:+PrintHeapAtGC -XX:+PrintTenuringDistribution -XX:SurvivorRatio=4 -XX:TargetSurvivorRatio=90 -XX:ThreadStackSize=256 -XX:+UseCMSInitiatingOccupancyOnly -XX:+UseCompressedClassPointers -XX:+UseCompressedOops -XX:+UseConcMarkSweepGC -XX:+UseParNewGC 
2017-08-31T07:37:51.355+0200: 0,184: Total time for which application threads were stopped: 0,0000748 seconds, Stopping threads took: 0,0000119 seconds
2017-08-31T07:37:51.435+0200: 0,264: Total time for which application threads were stopped: 0,0001144 seconds, Stopping threads took: 0,0000148 seconds
2017-08-31T07:37:51.450+0200: 0,280: Total time for which application threads were stopped: 0,0000784 seconds, Stopping threads took: 0,0000123 seconds
2017-08-31T07:37:51.653+0200: 0,482: Total time for which application threads were stopped: 0,0001587 seconds, Stopping threads took: 0,0000287 seconds
2017-08-31T07:37:52.113+0200: 0,942: Total time for which application threads were stopped: 0,0001946 seconds, Stopping threads took: 0,0000247 seconds
2017-08-31T07:37:52.258+0200: 1,087: Total time for which application threads were stopped: 0,0005015 seconds, Stopping threads took: 0,0000366 seconds
2017-08-31T07:37:52.321+0200: 1,150: Total time for which application threads were stopped: 0,0001662 seconds, Stopping threads took: 0,0000181 seconds
2017-08-31T07:37:52.595+0200: 1,424: Total time for which application threads were stopped: 0,0002071 seconds, Stopping threads took: 0,0000194 seconds
2017-08-31T07:37:52.812+0200: 1,642: Total time for which application threads were stopped: 0,0001823 seconds, Stopping threads took: 0,0000101 seconds
2017-08-31T07:37:52.841+0200: 1,671: Total time for which application threads were stopped: 0,0009288 seconds, Stopping threads took: 0,0001009 seconds
2017-08-31T07:37:52.869+0200: 1,699: Total time for which application threads were stopped: 0,0009025 seconds, Stopping threads took: 0,0001773 seconds
2017-08-31T07:37:52.873+0200: 1,702: Total time for which application threads were stopped: 0,0005097 seconds, Stopping threads took: 0,0000947 seconds
2017-08-31T07:37:52.896+0200: 1,725: Total time for which application threads were stopped: 0,0001754 seconds, Stopping threads took: 0,0000236 seconds
2017-08-31T07:37:52.974+0200: 1,803: Total time for which application threads were stopped: 0,0002488 seconds, Stopping threads took: 0,0000181 seconds
2017-08-31T07:37:53.124+0200: 1,953: Total time for which application threads were stopped: 0,0002975 seconds, Stopping threads took: 0,0000704 seconds
{Heap before GC invocations=0 (full 0):
 par new generation   total 109248K, used 87424K [0x00000000e0000000, 0x00000000e8000000, 0x00000000e8000000)
  eden space 87424K, 100% used [0x00000000e0000000, 0x00000000e5560000, 0x00000000e5560000)
  from space 21824K,   0% used [0x00000000e5560000, 0x00000000e5560000, 0x00000000e6ab0000)
  to   space 21824K,   0% used [0x00000000e6ab0000, 0x00000000e6ab0000, 0x00000000e8000000)
 concurrent mark-sweep generation total 393216K, used 0K [0x00000000e8000000, 0x0000000100000000, 0x0000000100000000)
 Metaspace       used 18058K, capacity 18400K, committed 18688K, reserved 1064960K
  class space    used 2036K, capacity 2196K, committed 2304K, reserved 1048576K
2017-08-31T07:37:53.219+0200: 2,048: [GC (Allocation Failure) 2017-08-31T07:37:53.219+0200: 2,048: [ParNew
Desired survivor size 20112992 bytes, new threshold 8 (max 8)
- age   1:   12609288 bytes,   12609288 total
: 87424K->12429K(109248K), 0,0161788 secs] 87424K->12429K(502464K), 0,0162506 secs] [Times: user=0,04 sys=0,02, real=0,01 secs] 
Heap after GC invocations=1 (full 0):
 par new generation   total 109248K, used 12429K [0x00000000e0000000, 0x00000000e8000000, 0x00000000e8000000)
  eden space 87424K,   0% used [0x00000000e0000000, 0x00000000e0000000, 0x00000000e5560000)
  from space 21824K,  56% used [0x00000000e6ab0000, 0x00000000e76d3428, 0x00000000e8000000)
  to   space 21824K,   0% used [0x00000000e5560000, 0x00000000e5560000, 0x00000000e6ab0000)
 concurrent mark-sweep generation total 393216K, used 0K [0x00000000e8000000, 0x0000000100000000, 0x0000000100000000)
 Metaspace       used 18058K, capacity 18400K, committed 18688K, reserved 1064960K
  class space    used 2036K, capacity 2196K, committed 2304K, reserved 1048576K
}
2017-08-31T07:37:53.235+0200: 2,065: Total time for which application threads were stopped: 0,0164665 seconds, Stopping threads took: 0,0000360 seconds
2017-08-31T07:37:53.512+0200: 2,341: Total time for which application threads were stopped: 0,0004843 seconds, Stopping threads took: 0,0002130 seconds
{Heap before GC invocations=1 (full 0):
 par new generation   total 109248K, used 99853K [0x00000000e0000000, 0x00000000e8000000, 0x00000000e8000000)
  eden space 87424K, 100% used [0x00000000e0000000, 0x00000000e5560000, 0x00000000e5560000)
  from space 21824K,  56% used [0x00000000e6ab0000, 0x00000000e76d3428, 0x00000000e8000000)
  to   space 21824K,   0% used [0x00000000e5560000, 0x00000000e5560000, 0x00000000e6ab0000)
 concurrent mark-sweep generation total 393216K, used 0K [0x00000000e8000000, 0x0000000100000000, 0x0000000100000000)
 Metaspace       used 20093K, capacity 20418K, committed 20736K, reserved 1067008K
  class space    used 2293K, capacity 2465K, committed 2560K, reserved 1048576K
2017-08-31T07:37:53.563+0200: 2,392: [GC (Allocation Failure) 2017-08-31T07:37:53.563+0200: 2,392: [ParNew
Desired survivor size 20112992 bytes, new threshold 8 (max 8)
- age   1:    3688568 bytes,    3688568 total
- age   2:    6678272 bytes,   10366840 total
: 99853K->13741K(109248K), 0,0177404 secs] 99853K->13741K(502464K), 0,0178196 secs] [Times: user=0,05 sys=0,00, real=0,02 secs] 
Heap after GC invocations=2 (full 0):
 par new generation   total 109248K, used 13741K [0x00000000e0000000, 0x00000000e8000000, 0x00000000e8000000)
  eden space 87424K,   0% used [0x00000000e0000000, 0x00000000e0000000, 0x00000000e5560000)
  from space 21824K,  62% used [0x00000000e5560000, 0x00000000e62cb7b8, 0x00000000e6ab0000)
  to   space 21824K,   0% used [0x00000000e6ab0000, 0x00000000e6ab0000, 0x00000000e8000000)
 concurrent mark-sweep generation total 393216K, used 0K [0x00000000e8000000, 0x0000000100000000, 0x0000000100000000)
 Metaspace       used 20093K, capacity 20418K, committed 20736K, reserved 1067008K
  class space    used 2293K, capacity 2465K, committed 2560K, reserved 1048576K
}
2017-08-31T07:37:53.580+0200: 2,410: Total time for which application threads were stopped: 0,0180925 seconds, Stopping threads took: 0,0000893 seconds
2017-08-31T07:37:53.582+0200: 2,411: Total time for which application threads were stopped: 0,0007790 seconds, Stopping threads took: 0,0005426 seconds
2017-08-31T07:37:53.610+0200: 2,440: Total time for which application threads were stopped: 0,0003417 seconds, Stopping threads took: 0,0000531 seconds
2017-08-31T07:37:53.720+0200: 2,550: Total time for which application threads were stopped: 0,0005490 seconds, Stopping threads took: 0,0004359 seconds
{Heap before GC invocations=2 (full 0):
 par new generation   total 109248K, used 101165K [0x00000000e0000000, 0x00000000e8000000, 0x00000000e8000000)
  eden space 87424K, 100% used [0x00000000e0000000, 0x00000000e5560000, 0x00000000e5560000)
  from space 21824K,  62% used [0x00000000e5560000, 0x00000000e62cb7b8, 0x00000000e6ab0000)
  to   space 21824K,   0% used [0x00000000e6ab0000, 0x00000000e6ab0000, 0x00000000e8000000)
 concurrent mark-sweep generation total 393216K, used 0K [0x00000000e8000000, 0x0000000100000000, 0x0000000100000000)
 Metaspace       used 21005K, capacity 21340K, committed 21628K, reserved 1069056K
  class space    used 2414K, capacity 2584K, committed 2684K, reserved 1048576K
2017-08-31T07:37:53.755+0200: 2,585: [GC (Allocation Failure) 2017-08-31T07:37:53.755+0200: 2,585: [ParNew
Desired survivor size 20112992 bytes, new threshold 8 (max 8)
- age   1:    2102960 bytes,    2102960 total
- age   2:     868624 bytes,    2971584 total
- age   3:    6675928 bytes,    9647512 total
: 101165K->12959K(109248K), 0,0089243 secs] 101165K->12959K(502464K), 0,0089944 secs] [Times: user=0,03 sys=0,00, real=0,01 secs] 
Heap after GC invocations=3 (full 0):
 par new generation   total 109248K, used 12959K [0x00000000e0000000, 0x00000000e8000000, 0x00000000e8000000)
  eden space 87424K,   0% used [0x00000000e0000000, 0x00000000e0000000, 0x00000000e5560000)
  from space 21824K,  59% used [0x00000000e6ab0000, 0x00000000e7757c10, 0x00000000e8000000)
  to   space 21824K,   0% used [0x00000000e5560000, 0x00000000e5560000, 0x00000000e6ab0000)
 concurrent mark-sweep generation total 393216K, used 0K [0x00000000e8000000, 0x0000000100000000, 0x0000000100000000)
 Metaspace       used 21005K, capacity 21340K, committed 21628K, reserved 1069056K
  class space    used 2414K, capacity 2584K, committed 2684K, reserved 1048576K
}
2017-08-31T07:37:53.764+0200: 2,594: Total time for which application threads were stopped: 0,0096766 seconds, Stopping threads took: 0,0005633 seconds
2017-08-31T07:37:53.785+0200: 2,614: [GC (CMS Initial Mark) [1 CMS-initial-mark: 0K(393216K)] 29071K(502464K), 0,0069765 secs] [Times: user=0,03 sys=0,00, real=0,01 secs] 
2017-08-31T07:37:53.792+0200: 2,621: Total time for which application threads were stopped: 0,0110853 seconds, Stopping threads took: 0,0039795 seconds
2017-08-31T07:37:53.792+0200: 2,622: [CMS-concurrent-mark-start]
2017-08-31T07:37:53.793+0200: 2,622: [CMS-concurrent-mark: 0,001/0,001 secs] [Times: user=0,00 sys=0,00, real=0,00 secs] 
2017-08-31T07:37:53.793+0200: 2,622: [CMS-concurrent-preclean-start]
2017-08-31T07:37:53.794+0200: 2,624: [CMS-concurrent-preclean: 0,001/0,001 secs] [Times: user=0,01 sys=0,00, real=0,00 secs] 
2017-08-31T07:37:53.794+0200: 2,624: [CMS-concurrent-abortable-preclean-start]
2017-08-31T07:37:53.832+0200: 2,661: Total time for which application threads were stopped: 0,0001515 seconds, Stopping threads took: 0,0000468 seconds
{Heap before GC invocations=3 (full 1):
 par new generation   total 109248K, used 100383K [0x00000000e0000000, 0x00000000e8000000, 0x00000000e8000000)
  eden space 87424K, 100% used [0x00000000e0000000, 0x00000000e5560000, 0x00000000e5560000)
  from space 21824K,  59% used [0x00000000e6ab0000, 0x00000000e7757c10, 0x00000000e8000000)
  to   space 21824K,   0% used [0x00000000e5560000, 0x00000000e5560000, 0x00000000e6ab0000)
 concurrent mark-sweep generation total 393216K, used 0K [0x00000000e8000000, 0x0000000100000000, 0x0000000100000000)
 Metaspace       used 21275K, capacity 21615K, committed 21884K, reserved 1069056K
  class space    used 2443K, capacity 2599K, committed 2684K, reserved 1048576K
2017-08-31T07:37:53.897+0200: 2,726: [GC (Allocation Failure) 2017-08-31T07:37:53.897+0200: 2,727: [ParNew
Desired survivor size 20112992 bytes, new threshold 8 (max 8)
- age   1:     946864 bytes,     946864 total
- age   2:    1447152 bytes,    2394016 total
- age   3:     848896 bytes,    3242912 total
- age   4:    6675912 bytes,    9918824 total
: 100383K->12432K(109248K), 0,0109432 secs] 100383K->12432K(502464K), 0,0110081 secs] [Times: user=0,04 sys=0,00, real=0,00 secs] 
Heap after GC invocations=4 (full 1):
 par new generation   total 109248K, used 12432K [0x00000000e0000000, 0x00000000e8000000, 0x00000000e8000000)
  eden space 87424K,   0% used [0x00000000e0000000, 0x00000000e0000000, 0x00000000e5560000)
  from space 21824K,  56% used [0x00000000e5560000, 0x00000000e61840c0, 0x00000000e6ab0000)
  to   space 21824K,   0% used [0x00000000e6ab0000, 0x00000000e6ab0000, 0x00000000e8000000)
 concurrent mark-sweep generation total 393216K, used 0K [0x00000000e8000000, 0x0000000100000000, 0x0000000100000000)
 Metaspace       used 21275K, capacity 21615K, committed 21884K, reserved 1069056K
  class space    used 2443K, capacity 2599K, committed 2684K, reserved 1048576K
}
2017-08-31T07:37:53.908+0200: 2,738: Total time for which application threads were stopped: 0,0141692 seconds, Stopping threads took: 0,0030003 seconds
{Heap before GC invocations=4 (full 1):
 par new generation   total 109248K, used 99856K [0x00000000e0000000, 0x00000000e8000000, 0x00000000e8000000)
  eden space 87424K, 100% used [0x00000000e0000000, 0x00000000e5560000, 0x00000000e5560000)
  from space 21824K,  56% used [0x00000000e5560000, 0x00000000e61840c0, 0x00000000e6ab0000)
  to   space 21824K,   0% used [0x00000000e6ab0000, 0x00000000e6ab0000, 0x00000000e8000000)
 concurrent mark-sweep generation total 393216K, used 0K [0x00000000e8000000, 0x0000000100000000, 0x0000000100000000)
 Metaspace       used 21433K, capacity 21851K, committed 21960K, reserved 1069056K
  class space    used 2463K, capacity 2633K, committed 2684K, reserved 1048576K
2017-08-31T07:37:54.008+0200: 2,837: [GC (Allocation Failure) 2017-08-31T07:37:54.008+0200: 2,838: [ParNew
Desired survivor size 20112992 bytes, new threshold 8 (max 8)
- age   1:    1076752 bytes,    1076752 total
- age   2:     182320 bytes,    1259072 total
- age   3:    1446984 bytes,    2706056 total
- age   4:     846848 bytes,    3552904 total
- age   5:    6676048 bytes,   10228952 total
: 99856K->14889K(109248K), 0,0095057 secs] 99856K->14889K(502464K), 0,0095863 secs] [Times: user=0,04 sys=0,00, real=0,02 secs] 
Heap after GC invocations=5 (full 1):
 par new generation   total 109248K, used 14889K [0x00000000e0000000, 0x00000000e8000000, 0x00000000e8000000)
  eden space 87424K,   0% used [0x00000000e0000000, 0x00000000e0000000, 0x00000000e5560000)
  from space 21824K,  68% used [0x00000000e6ab0000, 0x00000000e793a400, 0x00000000e8000000)
  to   space 21824K,   0% used [0x00000000e5560000, 0x00000000e5560000, 0x00000000e6ab0000)
 concurrent mark-sweep generation total 393216K, used 0K [0x00000000e8000000, 0x0000000100000000, 0x0000000100000000)
 Metaspace       used 21433K, capacity 21851K, committed 21960K, reserved 1069056K
  class space    used 2463K, capacity 2633K, committed 2684K, reserved 1048576K
}
2017-08-31T07:37:54.018+0200: 2,847: Total time for which application threads were stopped: 0,0097880 seconds, Stopping threads took: 0,0000650 seconds
2017-08-31T07:37:54.018+0200: 2,847: [CMS-concurrent-abortable-preclean: 0,160/0,223 secs] [Times: user=0,81 sys=0,01, real=0,23 secs] 
2017-08-31T07:37:54.021+0200: 2,850: [GC (CMS Final Remark) [YG occupancy: 15565 K (109248 K)]{Heap before GC invocations=5 (full 1):
 par new generation   total 109248K, used 15565K [0x00000000e0000000, 0x00000000e8000000, 0x00000000e8000000)
  eden space 87424K,   0% used [0x00000000e0000000, 0x00000000e00a9378, 0x00000000e5560000)
  from space 21824K,  68% used [0x00000000e6ab0000, 0x00000000e793a400, 0x00000000e8000000)
  to   space 21824K,   0% used [0x00000000e5560000, 0x00000000e5560000, 0x00000000e6ab0000)
 concurrent mark-sweep generation total 393216K, used 0K [0x00000000e8000000, 0x0000000100000000, 0x0000000100000000)
 Metaspace       used 21433K, capacity 21851K, committed 21960K, reserved 1069056K
  class space    used 2463K, capacity 2633K, committed 2684K, reserved 1048576K
2017-08-31T07:37:54.021+0200: 2,850: [GC (CMS Final Remark) 2017-08-31T07:37:54.021+0200: 2,850: [ParNew
Desired survivor size 20112992 bytes, new threshold 8 (max 8)
- age   1:      49184 bytes,      49184 total
- age   2:     983568 bytes,    1032752 total
- age   3:     182320 bytes,    1215072 total
- age   4:    1447008 bytes,    2662080 total
- age   5:     846848 bytes,    3508928 total
- age   6:    6684272 bytes,   10193200 total
: 15565K->11745K(109248K), 0,0089783 secs] 15565K->11745K(502464K), 0,0090204 secs] [Times: user=0,03 sys=0,00, real=0,01 secs] 
Heap after GC invocations=6 (full 1):
 par new generation   total 109248K, used 11745K [0x00000000e0000000, 0x00000000e8000000, 0x00000000e8000000)
  eden space 87424K,   0% used [0x00000000e0000000, 0x00000000e0000000, 0x00000000e5560000)
  from space 21824K,  53% used [0x00000000e5560000, 0x00000000e60d8740, 0x00000000e6ab0000)
  to   space 21824K,   0% used [0x00000000e6ab0000, 0x00000000e6ab0000, 0x00000000e8000000)
 concurrent mark-sweep generation total 393216K, used 0K [0x00000000e8000000, 0x0000000100000000, 0x0000000100000000)
 Metaspace       used 21433K, capacity 21851K, committed 21960K, reserved 1069056K
  class space    used 2463K, capacity 2633K, committed 2684K, reserved 1048576K
}
2017-08-31T07:37:54.030+0200: 2,859: [Rescan (parallel) , 0,0037209 secs]2017-08-31T07:37:54.034+0200: 2,863: [weak refs processing, 0,0012888 secs]2017-08-31T07:37:54.035+0200: 2,865: [class unloading, 0,0028856 secs]2017-08-31T07:37:54.038+0200: 2,867: [scrub symbol table, 0,0026311 secs]2017-08-31T07:37:54.041+0200: 2,870: [scrub string table, 0,0004136 secs][1 CMS-remark: 0K(393216K)] 11745K(502464K), 0,0206179 secs] [Times: user=0,06 sys=0,00, real=0,02 secs] 
2017-08-31T07:37:54.042+0200: 2,871: Total time for which application threads were stopped: 0,0238683 seconds, Stopping threads took: 0,0031841 seconds
2017-08-31T07:37:54.042+0200: 2,871: [CMS-concurrent-sweep-start]
2017-08-31T07:37:54.042+0200: 2,871: [CMS-concurrent-sweep: 0,000/0,000 secs] [Times: user=0,00 sys=0,00, real=0,00 secs] 
2017-08-31T07:37:54.042+0200: 2,871: [CMS-concurrent-reset-start]
2017-08-31T07:37:54.044+0200: 2,874: [CMS-concurrent-reset: 0,002/0,002 secs] [Times: user=0,00 sys=0,00, real=0,00 secs] 
2017-08-31T07:37:54.080+0200: 2,910: Total time for which application threads were stopped: 0,0003657 seconds, Stopping threads took: 0,0000212 seconds
2017-08-31T07:37:54.320+0200: 3,149: Total time for which application threads were stopped: 0,0005719 seconds, Stopping threads took: 0,0000817 seconds
2017-08-31T07:37:54.334+0200: 3,163: Total time for which application threads were stopped: 0,0004127 seconds, Stopping threads took: 0,0000429 seconds
{Heap before GC invocations=6 (full 1):
 par new generation   total 109248K, used 99169K [0x00000000e0000000, 0x00000000e8000000, 0x00000000e8000000)
  eden space 87424K, 100% used [0x00000000e0000000, 0x00000000e5560000, 0x00000000e5560000)
  from space 21824K,  53% used [0x00000000e5560000, 0x00000000e60d8740, 0x00000000e6ab0000)
  to   space 21824K,   0% used [0x00000000e6ab0000, 0x00000000e6ab0000, 0x00000000e8000000)
 concurrent mark-sweep generation total 393216K, used 0K [0x00000000e8000000, 0x0000000100000000, 0x0000000100000000)
 Metaspace       used 24387K, capacity 24863K, committed 25084K, reserved 1071104K
  class space    used 2854K, capacity 3039K, committed 3068K, reserved 1048576K
2017-08-31T07:37:54.504+0200: 3,334: [GC (Allocation Failure) 2017-08-31T07:37:54.504+0200: 3,334: [ParNew
Desired survivor size 20112992 bytes, new threshold 8 (max 8)
- age   1:    5997360 bytes,    5997360 total
- age   3:     111560 bytes,    6108920 total
- age   4:     180840 bytes,    6289760 total
- age   5:     277104 bytes,    6566864 total
- age   6:     820584 bytes,    7387448 total
- age   7:    6667296 bytes,   14054744 total
: 99169K->17855K(109248K), 0,0120531 secs] 99169K->17855K(502464K), 0,0121188 secs] [Times: user=0,05 sys=0,00, real=0,01 secs] 
Heap after GC invocations=7 (full 1):
 par new generation   total 109248K, used 17855K [0x00000000e0000000, 0x00000000e8000000, 0x00000000e8000000)
  eden space 87424K,   0% used [0x00000000e0000000, 0x00000000e0000000, 0x00000000e5560000)
  from space 21824K,  81% used [0x00000000e6ab0000, 0x00000000e7c1fec0, 0x00000000e8000000)
  to   space 21824K,   0% used [0x00000000e5560000, 0x00000000e5560000, 0x00000000e6ab0000)
 concurrent mark-sweep generation total 393216K, used 0K [0x00000000e8000000, 0x0000000100000000, 0x0000000100000000)
 Metaspace       used 24387K, capacity 24863K, committed 25084K, reserved 1071104K
  class space    used 2854K, capacity 3039K, committed 3068K, reserved 1048576K
}
2017-08-31T07:37:54.516+0200: 3,346: Total time for which application threads were stopped: 0,0125058 seconds, Stopping threads took: 0,0001796 seconds
2017-08-31T07:37:54.607+0200: 3,436: Total time for which application threads were stopped: 0,0002165 seconds, Stopping threads took: 0,0000760 seconds
{Heap before GC invocations=7 (full 1):
 par new generation   total 109248K, used 109248K [0x00000000e0000000, 0x00000000e8000000, 0x00000000e8000000)
  eden space 87424K, 100% used [0x00000000e0000000, 0x00000000e5560000, 0x00000000e5560000)
  from space 21824K, 100% used [0x00000000e6ab0000, 0x00000000e8000000, 0x00000000e8000000)
  to   space 21824K,   0% used [0x00000000e5560000, 0x00000000e5560000, 0x00000000e6ab0000)
 concurrent mark-sweep generation total 393216K, used 291K [0x00000000e8000000, 0x0000000100000000, 0x0000000100000000)
 Metaspace       used 24903K, capacity 25343K, committed 25724K, reserved 1071104K
  class space    used 2899K, capacity 3071K, committed 3196K, reserved 1048576K
2017-08-31T07:37:54.617+0200: 3,447: [GC (GCLocker Initiated GC) 2017-08-31T07:37:54.617+0200: 3,447: [ParNew
Desired survivor size 20112992 bytes, new threshold 8 (max 8)
- age   1:    1678880 bytes,    1678880 total
- age   2:    1857760 bytes,    3536640 total
- age   4:      60152 bytes,    3596792 total
- age   5:      98048 bytes,    3694840 total
- age   6:     174200 bytes,    3869040 total
- age   7:     776848 bytes,    4645888 total
- age   8:    6132680 bytes,   10778568 total
: 109248K->14757K(109248K), 0,0114221 secs] 109539K->15049K(502464K), 0,0115062 secs] [Times: user=0,03 sys=0,00, real=0,00 secs] 
Heap after GC invocations=8 (full 1):
 par new generation   total 109248K, used 14757K [0x00000000e0000000, 0x00000000e8000000, 0x00000000e8000000)
  eden space 87424K,   0% used [0x00000000e0000000, 0x00000000e0000000, 0x00000000e5560000)
  from space 21824K,  67% used [0x00000000e5560000, 0x00000000e63c9780, 0x00000000e6ab0000)
  to   space 21824K,   0% used [0x00000000e6ab0000, 0x00000000e6ab0000, 0x00000000e8000000)
 concurrent mark-sweep generation total 393216K, used 291K [0x00000000e8000000, 0x0000000100000000, 0x0000000100000000)
 Metaspace       used 24903K, capacity 25343K, committed 25724K, reserved 1071104K
  class space    used 2899K, capacity 3071K, committed 3196K, reserved 1048576K
}
2017-08-31T07:37:54.629+0200: 3,458: Total time for which application threads were stopped: 0,0117187 seconds, Stopping threads took: 0,0000471 seconds
{Heap before GC invocations=8 (full 1):
 par new generation   total 109248K, used 102181K [0x00000000e0000000, 0x00000000e8000000, 0x00000000e8000000)
  eden space 87424K, 100% used [0x00000000e0000000, 0x00000000e5560000, 0x00000000e5560000)
  from space 21824K,  67% used [0x00000000e5560000, 0x00000000e63c9780, 0x00000000e6ab0000)
  to   space 21824K,   0% used [0x00000000e6ab0000, 0x00000000e6ab0000, 0x00000000e8000000)
 concurrent mark-sweep generation total 393216K, used 291K [0x00000000e8000000, 0x0000000100000000, 0x0000000100000000)
 Metaspace       used 25024K, capacity 25503K, committed 25724K, reserved 1071104K
  class space    used 2907K, capacity 3077K, committed 3196K, reserved 1048576K
2017-08-31T07:37:54.710+0200: 3,539: [GC (Allocation Failure) 2017-08-31T07:37:54.710+0200: 3,539: [ParNew
Desired survivor size 20112992 bytes, new threshold 8 (max 8)
- age   1:     800880 bytes,     800880 total
- age   2:    1097232 bytes,    1898112 total
- age   3:    1845248 bytes,    3743360 total
- age   5:      60152 bytes,    3803512 total
- age   6:      97840 bytes,    3901352 total
- age   7:     174200 bytes,    4075552 total
- age   8:     776848 bytes,    4852400 total
: 102181K->7239K(109248K), 0,0504755 secs] 102473K->13600K(502464K), 0,0505442 secs] [Times: user=0,16 sys=0,01, real=0,05 secs] 
Heap after GC invocations=9 (full 1):
 par new generation   total 109248K, used 7239K [0x00000000e0000000, 0x00000000e8000000, 0x00000000e8000000)
  eden space 87424K,   0% used [0x00000000e0000000, 0x00000000e0000000, 0x00000000e5560000)
  from space 21824K,  33% used [0x00000000e6ab0000, 0x00000000e71c1fb0, 0x00000000e8000000)
  to   space 21824K,   0% used [0x00000000e5560000, 0x00000000e5560000, 0x00000000e6ab0000)
 concurrent mark-sweep generation total 393216K, used 6360K [0x00000000e8000000, 0x0000000100000000, 0x0000000100000000)
 Metaspace       used 25024K, capacity 25503K, committed 25724K, reserved 1071104K
  class space    used 2907K, capacity 3077K, committed 3196K, reserved 1048576K
}
2017-08-31T07:37:54.760+0200: 3,590: Total time for which application threads were stopped: 0,0510153 seconds, Stopping threads took: 0,0002991 seconds
2017-08-31T07:37:54.990+0200: 3,819: Total time for which application threads were stopped: 0,0006306 seconds, Stopping threads took: 0,0000909 seconds
2017-08-31T07:37:55.006+0200: 3,835: Total time for which application threads were stopped: 0,0004876 seconds, Stopping threads took: 0,0000231 seconds
2017-08-31T07:37:55.060+0200: 3,889: Total time for which application threads were stopped: 0,0005051 seconds, Stopping threads took: 0,0000347 seconds
2017-08-31T07:37:55.176+0200: 4,005: Total time for which application threads were stopped: 0,0009976 seconds, Stopping threads took: 0,0005449 seconds
2017-08-31T07:37:55.235+0200: 4,064: Total time for which application threads were stopped: 0,0003337 seconds, Stopping threads took: 0,0000218 seconds
2017-08-31T07:39:13.245+0200: 82,074: Total time for which application threads were stopped: 0,0000733 seconds, Stopping threads took: 0,0000202 seconds
2017-08-31T07:39:48.248+0200: 117,078: Total time for which application threads were stopped: 0,0000968 seconds, Stopping threads took: 0,0000395 seconds
2017-08-31T07:39:53.249+0200: 122,078: Total time for which application threads were stopped: 0,0000709 seconds, Stopping threads took: 0,0000178 seconds
{Heap before GC invocations=9 (full 1):
 par new generation   total 109248K, used 94663K [0x00000000e0000000, 0x00000000e8000000, 0x00000000e8000000)
  eden space 87424K, 100% used [0x00000000e0000000, 0x00000000e5560000, 0x00000000e5560000)
  from space 21824K,  33% used [0x00000000e6ab0000, 0x00000000e71c1fb0, 0x00000000e8000000)
  to   space 21824K,   0% used [0x00000000e5560000, 0x00000000e5560000, 0x00000000e6ab0000)
 concurrent mark-sweep generation total 393216K, used 6360K [0x00000000e8000000, 0x0000000100000000, 0x0000000100000000)
 Metaspace       used 28032K, capacity 28549K, committed 28796K, reserved 1075200K
  class space    used 3210K, capacity 3384K, committed 3452K, reserved 1048576K
2017-08-31T07:40:47.130+0200: 175,959: [GC (Allocation Failure) 2017-08-31T07:40:47.130+0200: 175,959: [ParNew
Desired survivor size 20112992 bytes, new threshold 8 (max 8)
- age   1:   10626552 bytes,   10626552 total
- age   2:     202648 bytes,   10829200 total
- age   3:     428248 bytes,   11257448 total
- age   4:    1840384 bytes,   13097832 total
- age   6:      60152 bytes,   13157984 total
- age   7:      97712 bytes,   13255696 total
- age   8:     174104 bytes,   13429800 total
: 94663K->15193K(109248K), 0,0156315 secs] 101024K->22414K(502464K), 0,0157035 secs] [Times: user=0,05 sys=0,00, real=0,01 secs] 
Heap after GC invocations=10 (full 1):
 par new generation   total 109248K, used 15193K [0x00000000e0000000, 0x00000000e8000000, 0x00000000e8000000)
  eden space 87424K,   0% used [0x00000000e0000000, 0x00000000e0000000, 0x00000000e5560000)
  from space 21824K,  69% used [0x00000000e5560000, 0x00000000e64364a8, 0x00000000e6ab0000)
  to   space 21824K,   0% used [0x00000000e6ab0000, 0x00000000e6ab0000, 0x00000000e8000000)
 concurrent mark-sweep generation total 393216K, used 7221K [0x00000000e8000000, 0x0000000100000000, 0x0000000100000000)
 Metaspace       used 28032K, capacity 28549K, committed 28796K, reserved 1075200K
  class space    used 3210K, capacity 3384K, committed 3452K, reserved 1048576K
}
2017-08-31T07:40:47.145+0200: 175,975: Total time for which application threads were stopped: 0,0158754 seconds, Stopping threads took: 0,0000382 seconds
2017-08-31T07:42:28.157+0200: 276,986: Total time for which application threads were stopped: 0,0000829 seconds, Stopping threads took: 0,0000311 seconds
2017-08-31T07:42:47.160+0200: 295,989: Total time for which application threads were stopped: 0,0000641 seconds, Stopping threads took: 0,0000152 seconds
2017-08-31T07:42:52.160+0200: 300,990: Total time for which application threads were stopped: 0,0000753 seconds, Stopping threads took: 0,0000171 seconds
2017-08-31T07:43:13.163+0200: 321,992: Total time for which application threads were stopped: 0,0001536 seconds, Stopping threads took: 0,0000588 seconds
2017-08-31T07:45:53.180+0200: 482,009: Total time for which application threads were stopped: 0,0000976 seconds, Stopping threads took: 0,0000362 seconds
2017-08-31T07:46:33.184+0200: 522,014: Total time for which application threads were stopped: 0,0000868 seconds, Stopping threads took: 0,0000332 seconds
2017-08-31T07:48:13.195+0200: 622,025: Total time for which application threads were stopped: 0,0000838 seconds, Stopping threads took: 0,0000312 seconds
2017-08-31T07:48:28.198+0200: 637,027: Total time for which application threads were stopped: 0,0008929 seconds, Stopping threads took: 0,0002834 seconds
2017-08-31T07:48:33.199+0200: 642,028: Total time for which application threads were stopped: 0,0002125 seconds, Stopping threads took: 0,0000391 seconds
2017-08-31T08:01:22.278+0200: 1411,108: Total time for which application threads were stopped: 0,0001337 seconds, Stopping threads took: 0,0000438 seconds
2017-08-31T08:05:12.302+0200: 1641,131: Total time for which application threads were stopped: 0,0001064 seconds, Stopping threads took: 0,0000398 seconds
2017-08-31T08:05:27.304+0200: 1656,133: Total time for which application threads were stopped: 0,0000871 seconds, Stopping threads took: 0,0000317 seconds
2017-08-31T08:16:12.374+0200: 2301,204: Total time for which application threads were stopped: 0,0000754 seconds, Stopping threads took: 0,0000276 seconds
2017-08-31T08:16:13.374+0200: 2302,204: Total time for which application threads were stopped: 0,0000677 seconds, Stopping threads took: 0,0000140 seconds
2017-08-31T08:17:38.383+0200: 2387,213: Total time for which application threads were stopped: 0,0000883 seconds, Stopping threads took: 0,0000306 seconds
2017-08-31T08:31:08.463+0200: 3197,293: Total time for which application threads were stopped: 0,0001650 seconds, Stopping threads took: 0,0000609 seconds
2017-08-31T08:44:32.548+0200: 4001,377: Total time for which application threads were stopped: 0,0004575 seconds, Stopping threads took: 0,0001533 seconds
2017-08-31T08:44:37.548+0200: 4006,378: Total time for which application threads were stopped: 0,0000702 seconds, Stopping threads took: 0,0000170 seconds
2017-08-31T08:56:58.626+0200: 4747,455: Total time for which application threads were stopped: 0,0001112 seconds, Stopping threads took: 0,0000439 seconds
2017-08-31T08:57:13.628+0200: 4762,457: Total time for which application threads were stopped: 0,0000711 seconds, Stopping threads took: 0,0000183 seconds
2017-08-31T09:12:25.750+0200: 5674,579: Total time for which application threads were stopped: 0,0247214 seconds, Stopping threads took: 0,0246333 seconds
2017-08-31T09:12:25.817+0200: 5674,647: Total time for which application threads were stopped: 0,0001349 seconds, Stopping threads took: 0,0000274 seconds
2017-08-31T09:12:25.821+0200: 5674,650: Total time for which application threads were stopped: 0,0001301 seconds, Stopping threads took: 0,0000417 seconds
Heap
 par new generation   total 109248K, used 34393K [0x00000000e0000000, 0x00000000e8000000, 0x00000000e8000000)
  eden space 87424K,  21% used [0x00000000e0000000, 0x00000000e12c0288, 0x00000000e5560000)
  from space 21824K,  69% used [0x00000000e5560000, 0x00000000e64364a8, 0x00000000e6ab0000)
  to   space 21824K,   0% used [0x00000000e6ab0000, 0x00000000e6ab0000, 0x00000000e8000000)
 concurrent mark-sweep generation total 393216K, used 7221K [0x00000000e8000000, 0x0000000100000000, 0x0000000100000000)
 Metaspace       used 28157K, capacity 28717K, committed 29052K, reserved 1075200K
  class space    used 3224K, capacity 3418K, committed 3452K, reserved 1048576K
