OpenJDK 64-Bit Server VM (25.121-b13) for linux-amd64 JRE (1.8.0_121-8u121-b13-0ubuntu1.16.04.2-b13), built on Jan 23 2017 15:51:29 by "buildd" with gcc 5.4.0 20160609
Memory: 4k page, physical 7867800k(7500116k free), swap 8076284k(8076284k free)
CommandLine flags: -XX:CMSInitiatingOccupancyFraction=50 -XX:CMSMaxAbortablePrecleanTime=6000 -XX:+CMSParallelRemarkEnabled -XX:+CMSScavengeBeforeRemark -XX:ConcGCThreads=4 -XX:InitialHeapSize=536870912 -XX:MaxHeapSize=536870912 -XX:MaxTenuringThreshold=8 -XX:NewRatio=3 -XX:OldPLABSize=16 -XX:OnOutOfMemoryError=/opt/solr/bin/oom_solr.sh 8983 /var/solr/logs -XX:ParallelGCThreads=4 -XX:+ParallelRefProcEnabled -XX:PretenureSizeThreshold=67108864 -XX:+PrintGC -XX:+PrintGCApplicationStoppedTime -XX:+PrintGCDateStamps -XX:+PrintGCDetails -XX:+PrintGCTimeStamps -XX:+PrintHeapAtGC -XX:+PrintTenuringDistribution -XX:SurvivorRatio=4 -XX:TargetSurvivorRatio=90 -XX:ThreadStackSize=256 -XX:+UseCMSInitiatingOccupancyOnly -XX:+UseCompressedClassPointers -XX:+UseCompressedOops -XX:+UseConcMarkSweepGC -XX:+UseParNewGC 
2017-02-09T15:32:17.662+0100: 0,125: Total time for which application threads were stopped: 0,0000706 seconds, Stopping threads took: 0,0000132 seconds
2017-02-09T15:32:17.739+0100: 0,202: Total time for which application threads were stopped: 0,0001309 seconds, Stopping threads took: 0,0000207 seconds
2017-02-09T15:32:17.760+0100: 0,222: Total time for which application threads were stopped: 0,0000965 seconds, Stopping threads took: 0,0000275 seconds
2017-02-09T15:32:18.010+0100: 0,472: Total time for which application threads were stopped: 0,0001323 seconds, Stopping threads took: 0,0000144 seconds
2017-02-09T15:32:18.428+0100: 0,890: Total time for which application threads were stopped: 0,0001506 seconds, Stopping threads took: 0,0000236 seconds
2017-02-09T15:32:18.528+0100: 0,990: Total time for which application threads were stopped: 0,0002295 seconds, Stopping threads took: 0,0000385 seconds
2017-02-09T15:32:18.554+0100: 1,017: Total time for which application threads were stopped: 0,0001850 seconds, Stopping threads took: 0,0000211 seconds
2017-02-09T15:32:18.806+0100: 1,268: Total time for which application threads were stopped: 0,0002959 seconds, Stopping threads took: 0,0000152 seconds
2017-02-09T15:32:19.004+0100: 1,466: Total time for which application threads were stopped: 0,0002027 seconds, Stopping threads took: 0,0000165 seconds
2017-02-09T15:32:19.025+0100: 1,488: Total time for which application threads were stopped: 0,0001777 seconds, Stopping threads took: 0,0000232 seconds
2017-02-09T15:32:19.061+0100: 1,524: Total time for which application threads were stopped: 0,0002283 seconds, Stopping threads took: 0,0000260 seconds
2017-02-09T15:32:19.066+0100: 1,529: Total time for which application threads were stopped: 0,0007656 seconds, Stopping threads took: 0,0001572 seconds
2017-02-09T15:32:19.084+0100: 1,547: Total time for which application threads were stopped: 0,0002962 seconds, Stopping threads took: 0,0000392 seconds
2017-02-09T15:32:19.186+0100: 1,648: Total time for which application threads were stopped: 0,0004291 seconds, Stopping threads took: 0,0000476 seconds
2017-02-09T15:32:19.370+0100: 1,832: Total time for which application threads were stopped: 0,0002729 seconds, Stopping threads took: 0,0000450 seconds
{Heap before GC invocations=0 (full 0):
 par new generation   total 109248K, used 87424K [0x00000000e0000000, 0x00000000e8000000, 0x00000000e8000000)
  eden space 87424K, 100% used [0x00000000e0000000, 0x00000000e5560000, 0x00000000e5560000)
  from space 21824K,   0% used [0x00000000e5560000, 0x00000000e5560000, 0x00000000e6ab0000)
  to   space 21824K,   0% used [0x00000000e6ab0000, 0x00000000e6ab0000, 0x00000000e8000000)
 concurrent mark-sweep generation total 393216K, used 0K [0x00000000e8000000, 0x0000000100000000, 0x0000000100000000)
 Metaspace       used 18066K, capacity 18336K, committed 18688K, reserved 1064960K
  class space    used 2044K, capacity 2196K, committed 2304K, reserved 1048576K
2017-02-09T15:32:19.461+0100: 1,923: [GC (Allocation Failure) 2017-02-09T15:32:19.461+0100: 1,923: [ParNew
Desired survivor size 20112992 bytes, new threshold 8 (max 8)
- age   1:   12636552 bytes,   12636552 total
: 87424K->12466K(109248K), 0,0157577 secs] 87424K->12466K(502464K), 0,0158334 secs] [Times: user=0,03 sys=0,04, real=0,02 secs] 
Heap after GC invocations=1 (full 0):
 par new generation   total 109248K, used 12466K [0x00000000e0000000, 0x00000000e8000000, 0x00000000e8000000)
  eden space 87424K,   0% used [0x00000000e0000000, 0x00000000e0000000, 0x00000000e5560000)
  from space 21824K,  57% used [0x00000000e6ab0000, 0x00000000e76dc828, 0x00000000e8000000)
  to   space 21824K,   0% used [0x00000000e5560000, 0x00000000e5560000, 0x00000000e6ab0000)
 concurrent mark-sweep generation total 393216K, used 0K [0x00000000e8000000, 0x0000000100000000, 0x0000000100000000)
 Metaspace       used 18066K, capacity 18336K, committed 18688K, reserved 1064960K
  class space    used 2044K, capacity 2196K, committed 2304K, reserved 1048576K
}
2017-02-09T15:32:19.477+0100: 1,939: Total time for which application threads were stopped: 0,0160706 seconds, Stopping threads took: 0,0000561 seconds
2017-02-09T15:32:19.751+0100: 2,213: Total time for which application threads were stopped: 0,0004480 seconds, Stopping threads took: 0,0000543 seconds
2017-02-09T15:32:19.787+0100: 2,249: Total time for which application threads were stopped: 0,0034334 seconds, Stopping threads took: 0,0030800 seconds
{Heap before GC invocations=1 (full 0):
 par new generation   total 109248K, used 99890K [0x00000000e0000000, 0x00000000e8000000, 0x00000000e8000000)
  eden space 87424K, 100% used [0x00000000e0000000, 0x00000000e5560000, 0x00000000e5560000)
  from space 21824K,  57% used [0x00000000e6ab0000, 0x00000000e76dc828, 0x00000000e8000000)
  to   space 21824K,   0% used [0x00000000e5560000, 0x00000000e5560000, 0x00000000e6ab0000)
 concurrent mark-sweep generation total 393216K, used 0K [0x00000000e8000000, 0x0000000100000000, 0x0000000100000000)
 Metaspace       used 20040K, capacity 20346K, committed 20736K, reserved 1067008K
  class space    used 2293K, capacity 2463K, committed 2560K, reserved 1048576K
2017-02-09T15:32:19.806+0100: 2,269: [GC (Allocation Failure) 2017-02-09T15:32:19.806+0100: 2,269: [ParNew
Desired survivor size 20112992 bytes, new threshold 8 (max 8)
- age   1:    3486616 bytes,    3486616 total
- age   2:    6726936 bytes,   10213552 total
: 99890K->13808K(109248K), 0,0109638 secs] 99890K->13808K(502464K), 0,0110338 secs] [Times: user=0,03 sys=0,00, real=0,01 secs] 
Heap after GC invocations=2 (full 0):
 par new generation   total 109248K, used 13808K [0x00000000e0000000, 0x00000000e8000000, 0x00000000e8000000)
  eden space 87424K,   0% used [0x00000000e0000000, 0x00000000e0000000, 0x00000000e5560000)
  from space 21824K,  63% used [0x00000000e5560000, 0x00000000e62dc030, 0x00000000e6ab0000)
  to   space 21824K,   0% used [0x00000000e6ab0000, 0x00000000e6ab0000, 0x00000000e8000000)
 concurrent mark-sweep generation total 393216K, used 0K [0x00000000e8000000, 0x0000000100000000, 0x0000000100000000)
 Metaspace       used 20040K, capacity 20346K, committed 20736K, reserved 1067008K
  class space    used 2293K, capacity 2463K, committed 2560K, reserved 1048576K
}
2017-02-09T15:32:19.817+0100: 2,280: Total time for which application threads were stopped: 0,0154633 seconds, Stopping threads took: 0,0042656 seconds
2017-02-09T15:32:19.866+0100: 2,329: Total time for which application threads were stopped: 0,0004674 seconds, Stopping threads took: 0,0000750 seconds
2017-02-09T15:32:20.001+0100: 2,463: Total time for which application threads were stopped: 0,0002525 seconds, Stopping threads took: 0,0001488 seconds
{Heap before GC invocations=2 (full 0):
 par new generation   total 109248K, used 101232K [0x00000000e0000000, 0x00000000e8000000, 0x00000000e8000000)
  eden space 87424K, 100% used [0x00000000e0000000, 0x00000000e5560000, 0x00000000e5560000)
  from space 21824K,  63% used [0x00000000e5560000, 0x00000000e62dc030, 0x00000000e6ab0000)
  to   space 21824K,   0% used [0x00000000e6ab0000, 0x00000000e6ab0000, 0x00000000e8000000)
 concurrent mark-sweep generation total 393216K, used 0K [0x00000000e8000000, 0x0000000100000000, 0x0000000100000000)
 Metaspace       used 20968K, capacity 21268K, committed 21628K, reserved 1069056K
  class space    used 2416K, capacity 2582K, committed 2684K, reserved 1048576K
2017-02-09T15:32:20.034+0100: 2,497: [GC (Allocation Failure) 2017-02-09T15:32:20.034+0100: 2,497: [ParNew
Desired survivor size 20112992 bytes, new threshold 8 (max 8)
- age   1:    1996928 bytes,    1996928 total
- age   2:     834944 bytes,    2831872 total
- age   3:    6659160 bytes,    9491032 total
: 101232K->11377K(109248K), 0,0090400 secs] 101232K->11377K(502464K), 0,0091096 secs] [Times: user=0,04 sys=0,00, real=0,01 secs] 
Heap after GC invocations=3 (full 0):
 par new generation   total 109248K, used 11377K [0x00000000e0000000, 0x00000000e8000000, 0x00000000e8000000)
  eden space 87424K,   0% used [0x00000000e0000000, 0x00000000e0000000, 0x00000000e5560000)
  from space 21824K,  52% used [0x00000000e6ab0000, 0x00000000e75cc700, 0x00000000e8000000)
  to   space 21824K,   0% used [0x00000000e5560000, 0x00000000e5560000, 0x00000000e6ab0000)
 concurrent mark-sweep generation total 393216K, used 0K [0x00000000e8000000, 0x0000000100000000, 0x0000000100000000)
 Metaspace       used 20968K, capacity 21268K, committed 21628K, reserved 1069056K
  class space    used 2416K, capacity 2582K, committed 2684K, reserved 1048576K
}
2017-02-09T15:32:20.043+0100: 2,506: Total time for which application threads were stopped: 0,0126032 seconds, Stopping threads took: 0,0033568 seconds
2017-02-09T15:32:20.044+0100: 2,506: [GC (CMS Initial Mark) [1 CMS-initial-mark: 0K(393216K)] 12093K(502464K), 0,0028376 secs] [Times: user=0,01 sys=0,00, real=0,00 secs] 
2017-02-09T15:32:20.046+0100: 2,509: Total time for which application threads were stopped: 0,0029660 seconds, Stopping threads took: 0,0000457 seconds
2017-02-09T15:32:20.046+0100: 2,509: [CMS-concurrent-mark-start]
2017-02-09T15:32:20.047+0100: 2,510: [CMS-concurrent-mark: 0,001/0,001 secs] [Times: user=0,00 sys=0,00, real=0,00 secs] 
2017-02-09T15:32:20.047+0100: 2,510: [CMS-concurrent-preclean-start]
2017-02-09T15:32:20.048+0100: 2,511: [CMS-concurrent-preclean: 0,001/0,001 secs] [Times: user=0,00 sys=0,00, real=0,00 secs] 
2017-02-09T15:32:20.049+0100: 2,511: [GC (CMS Final Remark) [YG occupancy: 12818 K (109248 K)]{Heap before GC invocations=3 (full 1):
 par new generation   total 109248K, used 12818K [0x00000000e0000000, 0x00000000e8000000, 0x00000000e8000000)
  eden space 87424K,   1% used [0x00000000e0000000, 0x00000000e01682c8, 0x00000000e5560000)
  from space 21824K,  52% used [0x00000000e6ab0000, 0x00000000e75cc700, 0x00000000e8000000)
  to   space 21824K,   0% used [0x00000000e5560000, 0x00000000e5560000, 0x00000000e6ab0000)
 concurrent mark-sweep generation total 393216K, used 0K [0x00000000e8000000, 0x0000000100000000, 0x0000000100000000)
 Metaspace       used 20985K, capacity 21332K, committed 21628K, reserved 1069056K
  class space    used 2419K, capacity 2582K, committed 2684K, reserved 1048576K
2017-02-09T15:32:20.049+0100: 2,511: [GC (CMS Final Remark) 2017-02-09T15:32:20.049+0100: 2,511: [ParNew
Desired survivor size 20112992 bytes, new threshold 8 (max 8)
- age   1:      59688 bytes,      59688 total
- age   2:    1516736 bytes,    1576424 total
- age   3:     805712 bytes,    2382136 total
- age   4:    6659360 bytes,    9041496 total
: 12818K->14653K(109248K), 0,0099884 secs] 12818K->14653K(502464K), 0,0100315 secs] [Times: user=0,04 sys=0,00, real=0,01 secs] 
Heap after GC invocations=4 (full 1):
 par new generation   total 109248K, used 14653K [0x00000000e0000000, 0x00000000e8000000, 0x00000000e8000000)
  eden space 87424K,   0% used [0x00000000e0000000, 0x00000000e0000000, 0x00000000e5560000)
  from space 21824K,  67% used [0x00000000e5560000, 0x00000000e63af728, 0x00000000e6ab0000)
  to   space 21824K,   0% used [0x00000000e6ab0000, 0x00000000e6ab0000, 0x00000000e8000000)
 concurrent mark-sweep generation total 393216K, used 0K [0x00000000e8000000, 0x0000000100000000, 0x0000000100000000)
 Metaspace       used 20985K, capacity 21332K, committed 21628K, reserved 1069056K
  class space    used 2419K, capacity 2582K, committed 2684K, reserved 1048576K
}
2017-02-09T15:32:20.059+0100: 2,521: [Rescan (parallel) , 0,0035854 secs]2017-02-09T15:32:20.062+0100: 2,525: [weak refs processing, 0,0006342 secs]2017-02-09T15:32:20.063+0100: 2,525: [class unloading, 0,0027548 secs]2017-02-09T15:32:20.066+0100: 2,528: [scrub symbol table, 0,0029296 secs]2017-02-09T15:32:20.069+0100: 2,531: [scrub string table, 0,0003704 secs][1 CMS-remark: 0K(393216K)] 14653K(502464K), 0,0209243 secs] [Times: user=0,06 sys=0,00, real=0,02 secs] 
2017-02-09T15:32:20.069+0100: 2,532: Total time for which application threads were stopped: 0,0210522 seconds, Stopping threads took: 0,0000447 seconds
2017-02-09T15:32:20.070+0100: 2,532: [CMS-concurrent-sweep-start]
2017-02-09T15:32:20.070+0100: 2,532: [CMS-concurrent-sweep: 0,000/0,000 secs] [Times: user=0,00 sys=0,00, real=0,00 secs] 
2017-02-09T15:32:20.070+0100: 2,532: [CMS-concurrent-reset-start]
2017-02-09T15:32:20.072+0100: 2,535: [CMS-concurrent-reset: 0,003/0,003 secs] [Times: user=0,00 sys=0,00, real=0,00 secs] 
{Heap before GC invocations=4 (full 1):
 par new generation   total 109248K, used 102077K [0x00000000e0000000, 0x00000000e8000000, 0x00000000e8000000)
  eden space 87424K, 100% used [0x00000000e0000000, 0x00000000e5560000, 0x00000000e5560000)
  from space 21824K,  67% used [0x00000000e5560000, 0x00000000e63af728, 0x00000000e6ab0000)
  to   space 21824K,   0% used [0x00000000e6ab0000, 0x00000000e6ab0000, 0x00000000e8000000)
 concurrent mark-sweep generation total 393216K, used 0K [0x00000000e8000000, 0x0000000100000000, 0x0000000100000000)
 Metaspace       used 21209K, capacity 21538K, committed 21884K, reserved 1069056K
  class space    used 2445K, capacity 2596K, committed 2684K, reserved 1048576K
2017-02-09T15:32:20.191+0100: 2,654: [GC (Allocation Failure) 2017-02-09T15:32:20.192+0100: 2,654: [ParNew
Desired survivor size 20112992 bytes, new threshold 8 (max 8)
- age   1:     500960 bytes,     500960 total
- age   2:       2200 bytes,     503160 total
- age   3:    1458784 bytes,    1961944 total
- age   4:     805440 bytes,    2767384 total
- age   5:    6659056 bytes,    9426440 total
: 102077K->12902K(109248K), 0,0104746 secs] 102077K->12902K(502464K), 0,0105465 secs] [Times: user=0,04 sys=0,01, real=0,01 secs] 
Heap after GC invocations=5 (full 1):
 par new generation   total 109248K, used 12902K [0x00000000e0000000, 0x00000000e8000000, 0x00000000e8000000)
  eden space 87424K,   0% used [0x00000000e0000000, 0x00000000e0000000, 0x00000000e5560000)
  from space 21824K,  59% used [0x00000000e6ab0000, 0x00000000e77498a0, 0x00000000e8000000)
  to   space 21824K,   0% used [0x00000000e5560000, 0x00000000e5560000, 0x00000000e6ab0000)
 concurrent mark-sweep generation total 393216K, used 0K [0x00000000e8000000, 0x0000000100000000, 0x0000000100000000)
 Metaspace       used 21209K, capacity 21538K, committed 21884K, reserved 1069056K
  class space    used 2445K, capacity 2596K, committed 2684K, reserved 1048576K
}
2017-02-09T15:32:20.202+0100: 2,665: Total time for which application threads were stopped: 0,0110147 seconds, Stopping threads took: 0,0003134 seconds
{Heap before GC invocations=5 (full 1):
 par new generation   total 109248K, used 100326K [0x00000000e0000000, 0x00000000e8000000, 0x00000000e8000000)
  eden space 87424K, 100% used [0x00000000e0000000, 0x00000000e5560000, 0x00000000e5560000)
  from space 21824K,  59% used [0x00000000e6ab0000, 0x00000000e77498a0, 0x00000000e8000000)
  to   space 21824K,   0% used [0x00000000e5560000, 0x00000000e5560000, 0x00000000e6ab0000)
 concurrent mark-sweep generation total 393216K, used 0K [0x00000000e8000000, 0x0000000100000000, 0x0000000100000000)
 Metaspace       used 21435K, capacity 21768K, committed 21884K, reserved 1069056K
  class space    used 2472K, capacity 2629K, committed 2684K, reserved 1048576K
2017-02-09T15:32:20.293+0100: 2,756: [GC (Allocation Failure) 2017-02-09T15:32:20.293+0100: 2,756: [ParNew
Desired survivor size 20112992 bytes, new threshold 8 (max 8)
- age   1:     678048 bytes,     678048 total
- age   2:     175704 bytes,     853752 total
- age   3:       2200 bytes,     855952 total
- age   4:    1457712 bytes,    2313664 total
- age   5:     803488 bytes,    3117152 total
- age   6:    6659000 bytes,    9776152 total
: 100326K->12449K(109248K), 0,0099011 secs] 100326K->12449K(502464K), 0,0099689 secs] [Times: user=0,04 sys=0,00, real=0,02 secs] 
Heap after GC invocations=6 (full 1):
 par new generation   total 109248K, used 12449K [0x00000000e0000000, 0x00000000e8000000, 0x00000000e8000000)
  eden space 87424K,   0% used [0x00000000e0000000, 0x00000000e0000000, 0x00000000e5560000)
  from space 21824K,  57% used [0x00000000e5560000, 0x00000000e6188768, 0x00000000e6ab0000)
  to   space 21824K,   0% used [0x00000000e6ab0000, 0x00000000e6ab0000, 0x00000000e8000000)
 concurrent mark-sweep generation total 393216K, used 0K [0x00000000e8000000, 0x0000000100000000, 0x0000000100000000)
 Metaspace       used 21435K, capacity 21768K, committed 21884K, reserved 1069056K
  class space    used 2472K, capacity 2629K, committed 2684K, reserved 1048576K
}
2017-02-09T15:32:20.303+0100: 2,766: Total time for which application threads were stopped: 0,0101610 seconds, Stopping threads took: 0,0000466 seconds
2017-02-09T15:32:20.324+0100: 2,787: Total time for which application threads were stopped: 0,0003045 seconds, Stopping threads took: 0,0000194 seconds
2017-02-09T15:32:20.502+0100: 2,965: Total time for which application threads were stopped: 0,0004903 seconds, Stopping threads took: 0,0000457 seconds
2017-02-09T15:32:20.539+0100: 3,002: Total time for which application threads were stopped: 0,0004253 seconds, Stopping threads took: 0,0000619 seconds
2017-02-09T15:32:20.551+0100: 3,014: Total time for which application threads were stopped: 0,0003471 seconds, Stopping threads took: 0,0000234 seconds
2017-02-09T15:32:21.551+0100: 4,014: Total time for which application threads were stopped: 0,0001186 seconds, Stopping threads took: 0,0000191 seconds
2017-02-09T15:32:21.584+0100: 4,047: Total time for which application threads were stopped: 0,0002500 seconds, Stopping threads took: 0,0000187 seconds
2017-02-09T15:32:49.587+0100: 32,049: Total time for which application threads were stopped: 0,0000565 seconds, Stopping threads took: 0,0000144 seconds
2017-02-09T15:33:19.590+0100: 62,053: Total time for which application threads were stopped: 0,0000756 seconds, Stopping threads took: 0,0000312 seconds
2017-02-09T15:35:23.606+0100: 186,068: Total time for which application threads were stopped: 0,0001763 seconds, Stopping threads took: 0,0000748 seconds
2017-02-09T15:36:53.619+0100: 276,082: Total time for which application threads were stopped: 0,0000771 seconds, Stopping threads took: 0,0000318 seconds
2017-02-09T15:37:14.622+0100: 297,084: Total time for which application threads were stopped: 0,0000873 seconds, Stopping threads took: 0,0000322 seconds
2017-02-09T15:38:49.094+0100: 392,096: Total time for which application threads were stopped: 0,0000945 seconds, Stopping threads took: 0,0000399 seconds
Heap
 par new generation   total 109248K, used 76771K [0x00000000e0000000, 0x00000000e8000000, 0x00000000e8000000)
  eden space 87424K,  73% used [0x00000000e0000000, 0x00000000e3ed07f0, 0x00000000e5560000)
  from space 21824K,  57% used [0x00000000e5560000, 0x00000000e6188768, 0x00000000e6ab0000)
  to   space 21824K,   0% used [0x00000000e6ab0000, 0x00000000e6ab0000, 0x00000000e8000000)
 concurrent mark-sweep generation total 393216K, used 0K [0x00000000e8000000, 0x0000000100000000, 0x0000000100000000)
 Metaspace       used 23336K, capacity 23790K, committed 23932K, reserved 1071104K
  class space    used 2690K, capacity 2876K, committed 2940K, reserved 1048576K
