OpenJDK 64-Bit Server VM (25.111-b14) for linux-amd64 JRE (1.8.0_111-8u111-b14-2ubuntu0.16.04.2-b14), built on Oct 27 2016 18:10:19 by "buildd" with gcc 5.4.0 20160609
Memory: 4k page, physical 7867840k(7457156k free), swap 8076284k(8076284k free)
CommandLine flags: -XX:CMSInitiatingOccupancyFraction=50 -XX:CMSMaxAbortablePrecleanTime=6000 -XX:+CMSParallelRemarkEnabled -XX:+CMSScavengeBeforeRemark -XX:ConcGCThreads=4 -XX:InitialHeapSize=536870912 -XX:MaxHeapSize=536870912 -XX:MaxTenuringThreshold=8 -XX:NewRatio=3 -XX:OldPLABSize=16 -XX:OnOutOfMemoryError=/opt/solr/bin/oom_solr.sh 8983 /var/solr/logs -XX:ParallelGCThreads=4 -XX:+ParallelRefProcEnabled -XX:PretenureSizeThreshold=67108864 -XX:+PrintGC -XX:+PrintGCApplicationStoppedTime -XX:+PrintGCDateStamps -XX:+PrintGCDetails -XX:+PrintGCTimeStamps -XX:+PrintHeapAtGC -XX:+PrintTenuringDistribution -XX:SurvivorRatio=4 -XX:TargetSurvivorRatio=90 -XX:ThreadStackSize=256 -XX:+UseCMSInitiatingOccupancyOnly -XX:+UseCompressedClassPointers -XX:+UseCompressedOops -XX:+UseConcMarkSweepGC -XX:+UseParNewGC 
2016-12-12T06:22:19.504+0100: 0,113: Total time for which application threads were stopped: 0,0000680 seconds, Stopping threads took: 0,0000128 seconds
2016-12-12T06:22:19.561+0100: 0,170: Total time for which application threads were stopped: 0,0001053 seconds, Stopping threads took: 0,0000258 seconds
2016-12-12T06:22:19.571+0100: 0,180: Total time for which application threads were stopped: 0,0000759 seconds, Stopping threads took: 0,0000182 seconds
2016-12-12T06:22:19.691+0100: 0,300: Total time for which application threads were stopped: 0,0002109 seconds, Stopping threads took: 0,0000183 seconds
2016-12-12T06:22:19.860+0100: 0,469: Total time for which application threads were stopped: 0,0001147 seconds, Stopping threads took: 0,0000187 seconds
2016-12-12T06:22:19.903+0100: 0,512: Total time for which application threads were stopped: 0,0001876 seconds, Stopping threads took: 0,0000311 seconds
2016-12-12T06:22:19.923+0100: 0,532: Total time for which application threads were stopped: 0,0002028 seconds, Stopping threads took: 0,0000232 seconds
2016-12-12T06:22:20.172+0100: 0,781: Total time for which application threads were stopped: 0,0002437 seconds, Stopping threads took: 0,0000294 seconds
2016-12-12T06:22:20.337+0100: 0,946: Total time for which application threads were stopped: 0,0001905 seconds, Stopping threads took: 0,0000141 seconds
2016-12-12T06:22:20.356+0100: 0,965: Total time for which application threads were stopped: 0,0001814 seconds, Stopping threads took: 0,0000170 seconds
2016-12-12T06:22:20.357+0100: 0,966: Total time for which application threads were stopped: 0,0001402 seconds, Stopping threads took: 0,0000099 seconds
2016-12-12T06:22:20.367+0100: 0,975: Total time for which application threads were stopped: 0,0001559 seconds, Stopping threads took: 0,0000117 seconds
2016-12-12T06:22:20.451+0100: 1,059: Total time for which application threads were stopped: 0,0002628 seconds, Stopping threads took: 0,0000371 seconds
2016-12-12T06:22:20.712+0100: 1,321: Total time for which application threads were stopped: 0,0003374 seconds, Stopping threads took: 0,0001493 seconds
{Heap before GC invocations=0 (full 0):
 par new generation   total 109248K, used 87424K [0x00000000e0000000, 0x00000000e8000000, 0x00000000e8000000)
  eden space 87424K, 100% used [0x00000000e0000000, 0x00000000e5560000, 0x00000000e5560000)
  from space 21824K,   0% used [0x00000000e5560000, 0x00000000e5560000, 0x00000000e6ab0000)
  to   space 21824K,   0% used [0x00000000e6ab0000, 0x00000000e6ab0000, 0x00000000e8000000)
 concurrent mark-sweep generation total 393216K, used 0K [0x00000000e8000000, 0x0000000100000000, 0x0000000100000000)
 Metaspace       used 17825K, capacity 18078K, committed 18304K, reserved 1064960K
  class space    used 2029K, capacity 2130K, committed 2176K, reserved 1048576K
2016-12-12T06:22:20.923+0100: 1,531: [GC (Allocation Failure) 2016-12-12T06:22:20.923+0100: 1,532: [ParNew
Desired survivor size 20112992 bytes, new threshold 8 (max 8)
- age   1:   11671912 bytes,   11671912 total
: 87424K->11505K(109248K), 0,0587454 secs] 87424K->11505K(502464K), 0,0588507 secs] [Times: user=0,03 sys=0,00, real=0,06 secs] 
Heap after GC invocations=1 (full 0):
 par new generation   total 109248K, used 11505K [0x00000000e0000000, 0x00000000e8000000, 0x00000000e8000000)
  eden space 87424K,   0% used [0x00000000e0000000, 0x00000000e0000000, 0x00000000e5560000)
  from space 21824K,  52% used [0x00000000e6ab0000, 0x00000000e75ec698, 0x00000000e8000000)
  to   space 21824K,   0% used [0x00000000e5560000, 0x00000000e5560000, 0x00000000e6ab0000)
 concurrent mark-sweep generation total 393216K, used 0K [0x00000000e8000000, 0x0000000100000000, 0x0000000100000000)
 Metaspace       used 17825K, capacity 18078K, committed 18304K, reserved 1064960K
  class space    used 2029K, capacity 2130K, committed 2176K, reserved 1048576K
}
2016-12-12T06:22:20.982+0100: 1,590: Total time for which application threads were stopped: 0,0590828 seconds, Stopping threads took: 0,0000173 seconds
2016-12-12T06:22:21.450+0100: 2,059: Total time for which application threads were stopped: 0,0004055 seconds, Stopping threads took: 0,0001105 seconds
2016-12-12T06:22:21.504+0100: 2,113: Total time for which application threads were stopped: 0,0015003 seconds, Stopping threads took: 0,0003099 seconds
2016-12-12T06:22:21.558+0100: 2,167: Total time for which application threads were stopped: 0,0002839 seconds, Stopping threads took: 0,0000210 seconds
{Heap before GC invocations=1 (full 0):
 par new generation   total 109248K, used 98929K [0x00000000e0000000, 0x00000000e8000000, 0x00000000e8000000)
  eden space 87424K, 100% used [0x00000000e0000000, 0x00000000e5560000, 0x00000000e5560000)
  from space 21824K,  52% used [0x00000000e6ab0000, 0x00000000e75ec698, 0x00000000e8000000)
  to   space 21824K,   0% used [0x00000000e5560000, 0x00000000e5560000, 0x00000000e6ab0000)
 concurrent mark-sweep generation total 393216K, used 0K [0x00000000e8000000, 0x0000000100000000, 0x0000000100000000)
 Metaspace       used 20705K, capacity 21010K, committed 21248K, reserved 1069056K
  class space    used 2402K, capacity 2516K, committed 2560K, reserved 1048576K
2016-12-12T06:22:21.813+0100: 2,422: [GC (Allocation Failure) 2016-12-12T06:22:21.814+0100: 2,422: [ParNew
Desired survivor size 20112992 bytes, new threshold 8 (max 8)
- age   1:    4004696 bytes,    4004696 total
- age   2:    5956376 bytes,    9961072 total
: 98929K->14393K(109248K), 0,0287074 secs] 98929K->14393K(502464K), 0,0288209 secs] [Times: user=0,10 sys=0,00, real=0,02 secs] 
Heap after GC invocations=2 (full 0):
 par new generation   total 109248K, used 14393K [0x00000000e0000000, 0x00000000e8000000, 0x00000000e8000000)
  eden space 87424K,   0% used [0x00000000e0000000, 0x00000000e0000000, 0x00000000e5560000)
  from space 21824K,  65% used [0x00000000e5560000, 0x00000000e636e600, 0x00000000e6ab0000)
  to   space 21824K,   0% used [0x00000000e6ab0000, 0x00000000e6ab0000, 0x00000000e8000000)
 concurrent mark-sweep generation total 393216K, used 0K [0x00000000e8000000, 0x0000000100000000, 0x0000000100000000)
 Metaspace       used 20705K, capacity 21010K, committed 21248K, reserved 1069056K
  class space    used 2402K, capacity 2516K, committed 2560K, reserved 1048576K
}
2016-12-12T06:22:21.842+0100: 2,451: Total time for which application threads were stopped: 0,0291024 seconds, Stopping threads took: 0,0000438 seconds
2016-12-12T06:22:21.947+0100: 2,556: Total time for which application threads were stopped: 0,0000784 seconds, Stopping threads took: 0,0000147 seconds
2016-12-12T06:22:21.997+0100: 2,606: Total time for which application threads were stopped: 0,0000787 seconds, Stopping threads took: 0,0000142 seconds
2016-12-12T06:22:21.997+0100: 2,606: Total time for which application threads were stopped: 0,0002568 seconds, Stopping threads took: 0,0000168 seconds
2016-12-12T06:22:22.033+0100: 2,642: Total time for which application threads were stopped: 0,0000992 seconds, Stopping threads took: 0,0000230 seconds
2016-12-12T06:22:22.141+0100: 2,750: Total time for which application threads were stopped: 0,0001414 seconds, Stopping threads took: 0,0000425 seconds
2016-12-12T06:22:22.159+0100: 2,768: Total time for which application threads were stopped: 0,0000781 seconds, Stopping threads took: 0,0000186 seconds
2016-12-12T06:22:22.166+0100: 2,775: Total time for which application threads were stopped: 0,0002962 seconds, Stopping threads took: 0,0000133 seconds
2016-12-12T06:22:22.173+0100: 2,782: Total time for which application threads were stopped: 0,0002917 seconds, Stopping threads took: 0,0000241 seconds
2016-12-12T06:22:22.182+0100: 2,791: Total time for which application threads were stopped: 0,0001240 seconds, Stopping threads took: 0,0000498 seconds
2016-12-12T06:22:22.217+0100: 2,826: Total time for which application threads were stopped: 0,0000911 seconds, Stopping threads took: 0,0000207 seconds
2016-12-12T06:22:22.235+0100: 2,843: Total time for which application threads were stopped: 0,0000992 seconds, Stopping threads took: 0,0000308 seconds
2016-12-12T06:22:22.252+0100: 2,861: Total time for which application threads were stopped: 0,0000842 seconds, Stopping threads took: 0,0000209 seconds
2016-12-12T06:22:22.271+0100: 2,880: Total time for which application threads were stopped: 0,0000756 seconds, Stopping threads took: 0,0000134 seconds
2016-12-12T06:22:22.293+0100: 2,901: Total time for which application threads were stopped: 0,0001452 seconds, Stopping threads took: 0,0000287 seconds
2016-12-12T06:22:22.347+0100: 2,956: Total time for which application threads were stopped: 0,0001110 seconds, Stopping threads took: 0,0000211 seconds
{Heap before GC invocations=2 (full 0):
 par new generation   total 109248K, used 101817K [0x00000000e0000000, 0x00000000e8000000, 0x00000000e8000000)
  eden space 87424K, 100% used [0x00000000e0000000, 0x00000000e5560000, 0x00000000e5560000)
  from space 21824K,  65% used [0x00000000e5560000, 0x00000000e636e600, 0x00000000e6ab0000)
  to   space 21824K,   0% used [0x00000000e6ab0000, 0x00000000e6ab0000, 0x00000000e8000000)
 concurrent mark-sweep generation total 393216K, used 0K [0x00000000e8000000, 0x0000000100000000, 0x0000000100000000)
 Metaspace       used 24622K, capacity 25029K, committed 25280K, reserved 1071104K
  class space    used 2877K, capacity 3025K, committed 3144K, reserved 1048576K
2016-12-12T06:22:22.368+0100: 2,976: [GC (Allocation Failure) 2016-12-12T06:22:22.368+0100: 2,976: [ParNew
Desired survivor size 20112992 bytes, new threshold 8 (max 8)
- age   1:    4635344 bytes,    4635344 total
- age   2:     678896 bytes,    5314240 total
- age   3:    5946504 bytes,   11260744 total
: 101817K->13617K(109248K), 0,0101673 secs] 101817K->13617K(502464K), 0,0102476 secs] [Times: user=0,04 sys=0,01, real=0,01 secs] 
Heap after GC invocations=3 (full 0):
 par new generation   total 109248K, used 13617K [0x00000000e0000000, 0x00000000e8000000, 0x00000000e8000000)
  eden space 87424K,   0% used [0x00000000e0000000, 0x00000000e0000000, 0x00000000e5560000)
  from space 21824K,  62% used [0x00000000e6ab0000, 0x00000000e77fc510, 0x00000000e8000000)
  to   space 21824K,   0% used [0x00000000e5560000, 0x00000000e5560000, 0x00000000e6ab0000)
 concurrent mark-sweep generation total 393216K, used 0K [0x00000000e8000000, 0x0000000100000000, 0x0000000100000000)
 Metaspace       used 24622K, capacity 25029K, committed 25280K, reserved 1071104K
  class space    used 2877K, capacity 3025K, committed 3144K, reserved 1048576K
}
2016-12-12T06:22:22.378+0100: 2,987: Total time for which application threads were stopped: 0,0104031 seconds, Stopping threads took: 0,0000312 seconds
2016-12-12T06:22:22.378+0100: 2,987: [GC (CMS Initial Mark) [1 CMS-initial-mark: 0K(393216K)] 13624K(502464K), 0,0026949 secs] [Times: user=0,01 sys=0,00, real=0,00 secs] 
2016-12-12T06:22:22.381+0100: 2,990: Total time for which application threads were stopped: 0,0028569 seconds, Stopping threads took: 0,0000560 seconds
2016-12-12T06:22:22.381+0100: 2,990: [CMS-concurrent-mark-start]
2016-12-12T06:22:22.381+0100: 2,990: [CMS-concurrent-mark: 0,000/0,000 secs] [Times: user=0,00 sys=0,00, real=0,00 secs] 
2016-12-12T06:22:22.381+0100: 2,990: [CMS-concurrent-preclean-start]
2016-12-12T06:22:22.382+0100: 2,991: [CMS-concurrent-preclean: 0,001/0,001 secs] [Times: user=0,00 sys=0,00, real=0,00 secs] 
2016-12-12T06:22:22.382+0100: 2,991: [GC (CMS Final Remark) [YG occupancy: 13624 K (109248 K)]{Heap before GC invocations=3 (full 1):
 par new generation   total 109248K, used 13624K [0x00000000e0000000, 0x00000000e8000000, 0x00000000e8000000)
  eden space 87424K,   0% used [0x00000000e0000000, 0x00000000e0001c10, 0x00000000e5560000)
  from space 21824K,  62% used [0x00000000e6ab0000, 0x00000000e77fc510, 0x00000000e8000000)
  to   space 21824K,   0% used [0x00000000e5560000, 0x00000000e5560000, 0x00000000e6ab0000)
 concurrent mark-sweep generation total 393216K, used 0K [0x00000000e8000000, 0x0000000100000000, 0x0000000100000000)
 Metaspace       used 24622K, capacity 25029K, committed 25280K, reserved 1071104K
  class space    used 2877K, capacity 3025K, committed 3144K, reserved 1048576K
2016-12-12T06:22:22.382+0100: 2,991: [GC (CMS Final Remark) 2016-12-12T06:22:22.382+0100: 2,991: [ParNew
Desired survivor size 20112992 bytes, new threshold 8 (max 8)
- age   1:       7184 bytes,       7184 total
- age   2:    3312216 bytes,    3319400 total
- age   3:     678896 bytes,    3998296 total
- age   4:    5946400 bytes,    9944696 total
: 13624K->14413K(109248K), 0,0081924 secs] 13624K->14413K(502464K), 0,0082292 secs] [Times: user=0,03 sys=0,00, real=0,01 secs] 
Heap after GC invocations=4 (full 1):
 par new generation   total 109248K, used 14413K [0x00000000e0000000, 0x00000000e8000000, 0x00000000e8000000)
  eden space 87424K,   0% used [0x00000000e0000000, 0x00000000e0000000, 0x00000000e5560000)
  from space 21824K,  66% used [0x00000000e5560000, 0x00000000e63737e0, 0x00000000e6ab0000)
  to   space 21824K,   0% used [0x00000000e6ab0000, 0x00000000e6ab0000, 0x00000000e8000000)
 concurrent mark-sweep generation total 393216K, used 0K [0x00000000e8000000, 0x0000000100000000, 0x0000000100000000)
 Metaspace       used 24622K, capacity 25029K, committed 25280K, reserved 1071104K
  class space    used 2877K, capacity 3025K, committed 3144K, reserved 1048576K
}
2016-12-12T06:22:22.390+0100: 2,999: [Rescan (parallel) , 0,0038325 secs]2016-12-12T06:22:22.394+0100: 3,003: [weak refs processing, 0,0008148 secs]2016-12-12T06:22:22.395+0100: 3,004: [class unloading, 0,0033554 secs]2016-12-12T06:22:22.398+0100: 3,007: [scrub symbol table, 0,0037813 secs]2016-12-12T06:22:22.402+0100: 3,011: [scrub string table, 0,0003741 secs][1 CMS-remark: 0K(393216K)] 14413K(502464K), 0,0210875 secs] [Times: user=0,05 sys=0,00, real=0,03 secs] 
2016-12-12T06:22:22.403+0100: 3,012: Total time for which application threads were stopped: 0,0211990 seconds, Stopping threads took: 0,0000319 seconds
2016-12-12T06:22:22.403+0100: 3,012: [CMS-concurrent-sweep-start]
2016-12-12T06:22:22.403+0100: 3,012: [CMS-concurrent-sweep: 0,000/0,000 secs] [Times: user=0,00 sys=0,00, real=0,00 secs] 
2016-12-12T06:22:22.403+0100: 3,012: [CMS-concurrent-reset-start]
2016-12-12T06:22:22.405+0100: 3,014: [CMS-concurrent-reset: 0,002/0,002 secs] [Times: user=0,01 sys=0,00, real=0,00 secs] 
2016-12-12T06:22:22.485+0100: 3,094: Total time for which application threads were stopped: 0,0003359 seconds, Stopping threads took: 0,0000243 seconds
2016-12-12T06:22:23.453+0100: 4,062: Total time for which application threads were stopped: 0,0003307 seconds, Stopping threads took: 0,0000177 seconds
2016-12-12T06:22:49.990+0100: 31,065: Total time for which application threads were stopped: 0,0000668 seconds, Stopping threads took: 0,0000190 seconds
2016-12-12T06:25:01.005+0100: 162,080: Total time for which application threads were stopped: 0,0000914 seconds, Stopping threads took: 0,0000380 seconds
2016-12-12T06:25:06.006+0100: 167,081: Total time for which application threads were stopped: 0,0001256 seconds, Stopping threads took: 0,0000328 seconds
2016-12-12T06:26:16.014+0100: 237,089: Total time for which application threads were stopped: 0,0001066 seconds, Stopping threads took: 0,0000448 seconds
2016-12-12T06:27:06.020+0100: 287,094: Total time for which application threads were stopped: 0,0000747 seconds, Stopping threads took: 0,0000323 seconds
2016-12-12T06:46:05.149+0100: 1426,224: Total time for which application threads were stopped: 0,0001087 seconds, Stopping threads took: 0,0000616 seconds
2016-12-12T06:56:20.238+0100: 2041,313: Total time for which application threads were stopped: 0,0001595 seconds, Stopping threads took: 0,0000635 seconds
2016-12-12T06:58:51.859+0100: 2192,934: Total time for which application threads were stopped: 0,0001522 seconds, Stopping threads took: 0,0000254 seconds
Heap
 par new generation   total 109248K, used 58580K [0x00000000e0000000, 0x00000000e8000000, 0x00000000e8000000)
  eden space 87424K,  50% used [0x00000000e0000000, 0x00000000e2b21b08, 0x00000000e5560000)
  from space 21824K,  66% used [0x00000000e5560000, 0x00000000e63737e0, 0x00000000e6ab0000)
  to   space 21824K,   0% used [0x00000000e6ab0000, 0x00000000e6ab0000, 0x00000000e8000000)
 concurrent mark-sweep generation total 393216K, used 0K [0x00000000e8000000, 0x0000000100000000, 0x0000000100000000)
 Metaspace       used 27206K, capacity 27659K, committed 27976K, reserved 1073152K
  class space    used 3160K, capacity 3320K, committed 3400K, reserved 1048576K
