OpenJDK 64-Bit Server VM (25.111-b14) for linux-amd64 JRE (1.8.0_111-8u111-b14-2ubuntu0.16.04.2-b14), built on Oct 27 2016 18:10:19 by "buildd" with gcc 5.4.0 20160609
Memory: 4k page, physical 7867876k(7467928k free), swap 8076284k(8076284k free)
CommandLine flags: -XX:CMSInitiatingOccupancyFraction=50 -XX:CMSMaxAbortablePrecleanTime=6000 -XX:+CMSParallelRemarkEnabled -XX:+CMSScavengeBeforeRemark -XX:ConcGCThreads=4 -XX:InitialHeapSize=536870912 -XX:MaxHeapSize=536870912 -XX:MaxTenuringThreshold=8 -XX:NewRatio=3 -XX:OldPLABSize=16 -XX:OnOutOfMemoryError=/opt/solr/bin/oom_solr.sh 8983 /var/solr/logs -XX:ParallelGCThreads=4 -XX:+ParallelRefProcEnabled -XX:PretenureSizeThreshold=67108864 -XX:+PrintGC -XX:+PrintGCApplicationStoppedTime -XX:+PrintGCDateStamps -XX:+PrintGCDetails -XX:+PrintGCTimeStamps -XX:+PrintHeapAtGC -XX:+PrintTenuringDistribution -XX:SurvivorRatio=4 -XX:TargetSurvivorRatio=90 -XX:ThreadStackSize=256 -XX:+UseCMSInitiatingOccupancyOnly -XX:+UseCompressedClassPointers -XX:+UseCompressedOops -XX:+UseConcMarkSweepGC -XX:+UseParNewGC 
2016-11-10T14:48:43.836+0100: 0,108: Total time for which application threads were stopped: 0,0000652 seconds, Stopping threads took: 0,0000095 seconds
2016-11-10T14:48:43.900+0100: 0,171: Total time for which application threads were stopped: 0,0001070 seconds, Stopping threads took: 0,0000222 seconds
2016-11-10T14:48:43.908+0100: 0,180: Total time for which application threads were stopped: 0,0000729 seconds, Stopping threads took: 0,0000175 seconds
2016-11-10T14:48:44.028+0100: 0,300: Total time for which application threads were stopped: 0,0001384 seconds, Stopping threads took: 0,0000224 seconds
2016-11-10T14:48:44.180+0100: 0,452: Total time for which application threads were stopped: 0,0001138 seconds, Stopping threads took: 0,0000136 seconds
2016-11-10T14:48:44.221+0100: 0,492: Total time for which application threads were stopped: 0,0001319 seconds, Stopping threads took: 0,0000200 seconds
2016-11-10T14:48:44.232+0100: 0,503: Total time for which application threads were stopped: 0,0001613 seconds, Stopping threads took: 0,0000268 seconds
2016-11-10T14:48:44.410+0100: 0,682: Total time for which application threads were stopped: 0,0001629 seconds, Stopping threads took: 0,0000162 seconds
2016-11-10T14:48:44.563+0100: 0,835: Total time for which application threads were stopped: 0,0001997 seconds, Stopping threads took: 0,0000120 seconds
2016-11-10T14:48:44.582+0100: 0,854: Total time for which application threads were stopped: 0,0001837 seconds, Stopping threads took: 0,0000265 seconds
2016-11-10T14:48:44.583+0100: 0,855: Total time for which application threads were stopped: 0,0001642 seconds, Stopping threads took: 0,0000336 seconds
2016-11-10T14:48:44.594+0100: 0,865: Total time for which application threads were stopped: 0,0001686 seconds, Stopping threads took: 0,0000109 seconds
2016-11-10T14:48:44.660+0100: 0,932: Total time for which application threads were stopped: 0,0002196 seconds, Stopping threads took: 0,0000230 seconds
2016-11-10T14:48:44.832+0100: 1,104: Total time for which application threads were stopped: 0,0005134 seconds, Stopping threads took: 0,0002760 seconds
{Heap before GC invocations=0 (full 0):
 par new generation   total 109248K, used 87424K [0x00000000e0000000, 0x00000000e8000000, 0x00000000e8000000)
  eden space 87424K, 100% used [0x00000000e0000000, 0x00000000e5560000, 0x00000000e5560000)
  from space 21824K,   0% used [0x00000000e5560000, 0x00000000e5560000, 0x00000000e6ab0000)
  to   space 21824K,   0% used [0x00000000e6ab0000, 0x00000000e6ab0000, 0x00000000e8000000)
 concurrent mark-sweep generation total 393216K, used 0K [0x00000000e8000000, 0x0000000100000000, 0x0000000100000000)
 Metaspace       used 17717K, capacity 18014K, committed 18304K, reserved 1064960K
  class space    used 2005K, capacity 2130K, committed 2176K, reserved 1048576K
2016-11-10T14:48:44.900+0100: 1,172: [GC (Allocation Failure) 2016-11-10T14:48:44.900+0100: 1,172: [ParNew
Desired survivor size 20112992 bytes, new threshold 8 (max 8)
- age   1:   11957280 bytes,   11957280 total
: 87424K->11792K(109248K), 0,0150395 secs] 87424K->11792K(502464K), 0,0151219 secs] [Times: user=0,03 sys=0,02, real=0,02 secs] 
Heap after GC invocations=1 (full 0):
 par new generation   total 109248K, used 11792K [0x00000000e0000000, 0x00000000e8000000, 0x00000000e8000000)
  eden space 87424K,   0% used [0x00000000e0000000, 0x00000000e0000000, 0x00000000e5560000)
  from space 21824K,  54% used [0x00000000e6ab0000, 0x00000000e76341e0, 0x00000000e8000000)
  to   space 21824K,   0% used [0x00000000e5560000, 0x00000000e5560000, 0x00000000e6ab0000)
 concurrent mark-sweep generation total 393216K, used 0K [0x00000000e8000000, 0x0000000100000000, 0x0000000100000000)
 Metaspace       used 17717K, capacity 18014K, committed 18304K, reserved 1064960K
  class space    used 2005K, capacity 2130K, committed 2176K, reserved 1048576K
}
2016-11-10T14:48:44.916+0100: 1,187: Total time for which application threads were stopped: 0,0153764 seconds, Stopping threads took: 0,0001036 seconds
2016-11-10T14:48:45.208+0100: 1,480: Total time for which application threads were stopped: 0,0003496 seconds, Stopping threads took: 0,0000765 seconds
2016-11-10T14:48:45.255+0100: 1,527: Total time for which application threads were stopped: 0,0003495 seconds, Stopping threads took: 0,0000512 seconds
2016-11-10T14:48:45.288+0100: 1,559: Total time for which application threads were stopped: 0,0004146 seconds, Stopping threads took: 0,0000769 seconds
{Heap before GC invocations=1 (full 0):
 par new generation   total 109248K, used 99216K [0x00000000e0000000, 0x00000000e8000000, 0x00000000e8000000)
  eden space 87424K, 100% used [0x00000000e0000000, 0x00000000e5560000, 0x00000000e5560000)
  from space 21824K,  54% used [0x00000000e6ab0000, 0x00000000e76341e0, 0x00000000e8000000)
  to   space 21824K,   0% used [0x00000000e5560000, 0x00000000e5560000, 0x00000000e6ab0000)
 concurrent mark-sweep generation total 393216K, used 0K [0x00000000e8000000, 0x0000000100000000, 0x0000000100000000)
 Metaspace       used 20406K, capacity 20718K, committed 20992K, reserved 1067008K
  class space    used 2354K, capacity 2484K, committed 2560K, reserved 1048576K
2016-11-10T14:48:45.373+0100: 1,645: [GC (Allocation Failure) 2016-11-10T14:48:45.373+0100: 1,645: [ParNew
Desired survivor size 20112992 bytes, new threshold 8 (max 8)
- age   1:    4390672 bytes,    4390672 total
- age   2:    6243448 bytes,   10634120 total
: 99216K->14888K(109248K), 0,0105175 secs] 99216K->14888K(502464K), 0,0105821 secs] [Times: user=0,03 sys=0,00, real=0,01 secs] 
Heap after GC invocations=2 (full 0):
 par new generation   total 109248K, used 14888K [0x00000000e0000000, 0x00000000e8000000, 0x00000000e8000000)
  eden space 87424K,   0% used [0x00000000e0000000, 0x00000000e0000000, 0x00000000e5560000)
  from space 21824K,  68% used [0x00000000e5560000, 0x00000000e63ea2c0, 0x00000000e6ab0000)
  to   space 21824K,   0% used [0x00000000e6ab0000, 0x00000000e6ab0000, 0x00000000e8000000)
 concurrent mark-sweep generation total 393216K, used 0K [0x00000000e8000000, 0x0000000100000000, 0x0000000100000000)
 Metaspace       used 20406K, capacity 20718K, committed 20992K, reserved 1067008K
  class space    used 2354K, capacity 2484K, committed 2560K, reserved 1048576K
}
2016-11-10T14:48:45.384+0100: 1,655: Total time for which application threads were stopped: 0,0107860 seconds, Stopping threads took: 0,0000455 seconds
{Heap before GC invocations=2 (full 0):
 par new generation   total 109248K, used 102312K [0x00000000e0000000, 0x00000000e8000000, 0x00000000e8000000)
  eden space 87424K, 100% used [0x00000000e0000000, 0x00000000e5560000, 0x00000000e5560000)
  from space 21824K,  68% used [0x00000000e5560000, 0x00000000e63ea2c0, 0x00000000e6ab0000)
  to   space 21824K,   0% used [0x00000000e6ab0000, 0x00000000e6ab0000, 0x00000000e8000000)
 concurrent mark-sweep generation total 393216K, used 0K [0x00000000e8000000, 0x0000000100000000, 0x0000000100000000)
 Metaspace       used 20864K, capacity 21202K, committed 21296K, reserved 1069056K
  class space    used 2410K, capacity 2528K, committed 2560K, reserved 1048576K
2016-11-10T14:48:45.520+0100: 1,792: [GC (Allocation Failure) 2016-11-10T14:48:45.520+0100: 1,792: [ParNew
Desired survivor size 20112992 bytes, new threshold 8 (max 8)
- age   1:     762912 bytes,     762912 total
- age   2:    1628616 bytes,    2391528 total
- age   3:    6240336 bytes,    8631864 total
: 102312K->10071K(109248K), 0,0202756 secs] 102312K->10071K(502464K), 0,0203569 secs] [Times: user=0,04 sys=0,00, real=0,02 secs] 
Heap after GC invocations=3 (full 0):
 par new generation   total 109248K, used 10071K [0x00000000e0000000, 0x00000000e8000000, 0x00000000e8000000)
  eden space 87424K,   0% used [0x00000000e0000000, 0x00000000e0000000, 0x00000000e5560000)
  from space 21824K,  46% used [0x00000000e6ab0000, 0x00000000e7485f68, 0x00000000e8000000)
  to   space 21824K,   0% used [0x00000000e5560000, 0x00000000e5560000, 0x00000000e6ab0000)
 concurrent mark-sweep generation total 393216K, used 0K [0x00000000e8000000, 0x0000000100000000, 0x0000000100000000)
 Metaspace       used 20864K, capacity 21202K, committed 21296K, reserved 1069056K
  class space    used 2410K, capacity 2528K, committed 2560K, reserved 1048576K
}
2016-11-10T14:48:45.540+0100: 1,812: Total time for which application threads were stopped: 0,0205500 seconds, Stopping threads took: 0,0000449 seconds
2016-11-10T14:48:45.591+0100: 1,863: Total time for which application threads were stopped: 0,0009757 seconds, Stopping threads took: 0,0009035 seconds
2016-11-10T14:48:45.662+0100: 1,934: Total time for which application threads were stopped: 0,0017216 seconds, Stopping threads took: 0,0015993 seconds
2016-11-10T14:48:45.671+0100: 1,943: Total time for which application threads were stopped: 0,0079178 seconds, Stopping threads took: 0,0078410 seconds
2016-11-10T14:48:45.685+0100: 1,956: Total time for which application threads were stopped: 0,0004540 seconds, Stopping threads took: 0,0000525 seconds
2016-11-10T14:48:45.713+0100: 1,984: Total time for which application threads were stopped: 0,0001008 seconds, Stopping threads took: 0,0000185 seconds
2016-11-10T14:48:45.745+0100: 2,017: Total time for which application threads were stopped: 0,0007795 seconds, Stopping threads took: 0,0006959 seconds
2016-11-10T14:48:45.839+0100: 2,111: Total time for which application threads were stopped: 0,0009430 seconds, Stopping threads took: 0,0008109 seconds
2016-11-10T14:48:45.883+0100: 2,155: Total time for which application threads were stopped: 0,0000920 seconds, Stopping threads took: 0,0000208 seconds
2016-11-10T14:48:45.887+0100: 2,159: Total time for which application threads were stopped: 0,0003259 seconds, Stopping threads took: 0,0000322 seconds
2016-11-10T14:48:45.899+0100: 2,171: Total time for which application threads were stopped: 0,0003448 seconds, Stopping threads took: 0,0000362 seconds
2016-11-10T14:48:45.984+0100: 2,256: Total time for which application threads were stopped: 0,0001932 seconds, Stopping threads took: 0,0000306 seconds
{Heap before GC invocations=3 (full 0):
 par new generation   total 109248K, used 97495K [0x00000000e0000000, 0x00000000e8000000, 0x00000000e8000000)
  eden space 87424K, 100% used [0x00000000e0000000, 0x00000000e5560000, 0x00000000e5560000)
  from space 21824K,  46% used [0x00000000e6ab0000, 0x00000000e7485f68, 0x00000000e8000000)
  to   space 21824K,   0% used [0x00000000e5560000, 0x00000000e5560000, 0x00000000e6ab0000)
 concurrent mark-sweep generation total 393216K, used 0K [0x00000000e8000000, 0x0000000100000000, 0x0000000100000000)
 Metaspace       used 22813K, capacity 23242K, committed 23544K, reserved 1071104K
  class space    used 2636K, capacity 2804K, committed 2864K, reserved 1048576K
2016-11-10T14:48:45.985+0100: 2,257: [GC (Allocation Failure) 2016-11-10T14:48:45.985+0100: 2,257: [ParNew
Desired survivor size 20112992 bytes, new threshold 8 (max 8)
- age   1:    2515256 bytes,    2515256 total
- age   2:     180064 bytes,    2695320 total
- age   3:     819320 bytes,    3514640 total
- age   4:    6236512 bytes,    9751152 total
: 97495K->15521K(109248K), 0,1064082 secs] 97495K->15521K(502464K), 0,1064818 secs] [Times: user=0,05 sys=0,00, real=0,11 secs] 
Heap after GC invocations=4 (full 0):
 par new generation   total 109248K, used 15521K [0x00000000e0000000, 0x00000000e8000000, 0x00000000e8000000)
  eden space 87424K,   0% used [0x00000000e0000000, 0x00000000e0000000, 0x00000000e5560000)
  from space 21824K,  71% used [0x00000000e5560000, 0x00000000e64887c0, 0x00000000e6ab0000)
  to   space 21824K,   0% used [0x00000000e6ab0000, 0x00000000e6ab0000, 0x00000000e8000000)
 concurrent mark-sweep generation total 393216K, used 0K [0x00000000e8000000, 0x0000000100000000, 0x0000000100000000)
 Metaspace       used 22813K, capacity 23242K, committed 23544K, reserved 1071104K
  class space    used 2636K, capacity 2804K, committed 2864K, reserved 1048576K
}
2016-11-10T14:48:46.091+0100: 2,363: Total time for which application threads were stopped: 0,1066488 seconds, Stopping threads took: 0,0000225 seconds
2016-11-10T14:48:46.092+0100: 2,364: [GC (CMS Initial Mark) [1 CMS-initial-mark: 0K(393216K)] 15522K(502464K), 0,0090444 secs] [Times: user=0,01 sys=0,00, real=0,01 secs] 
2016-11-10T14:48:46.101+0100: 2,373: Total time for which application threads were stopped: 0,0093461 seconds, Stopping threads took: 0,0001960 seconds
2016-11-10T14:48:46.103+0100: 2,374: [CMS-concurrent-mark-start]
2016-11-10T14:48:46.103+0100: 2,375: [CMS-concurrent-mark: 0,001/0,001 secs] [Times: user=0,00 sys=0,00, real=0,00 secs] 
2016-11-10T14:48:46.103+0100: 2,375: [CMS-concurrent-preclean-start]
2016-11-10T14:48:46.105+0100: 2,376: [CMS-concurrent-preclean: 0,001/0,001 secs] [Times: user=0,00 sys=0,00, real=0,00 secs] 
2016-11-10T14:48:46.131+0100: 2,403: [GC (CMS Final Remark) [YG occupancy: 17262 K (109248 K)]{Heap before GC invocations=4 (full 1):
 par new generation   total 109248K, used 17262K [0x00000000e0000000, 0x00000000e8000000, 0x00000000e8000000)
  eden space 87424K,   1% used [0x00000000e0000000, 0x00000000e01b33f0, 0x00000000e5560000)
  from space 21824K,  71% used [0x00000000e5560000, 0x00000000e64887c0, 0x00000000e6ab0000)
  to   space 21824K,   0% used [0x00000000e6ab0000, 0x00000000e6ab0000, 0x00000000e8000000)
 concurrent mark-sweep generation total 393216K, used 0K [0x00000000e8000000, 0x0000000100000000, 0x0000000100000000)
 Metaspace       used 22910K, capacity 23314K, committed 23544K, reserved 1071104K
  class space    used 2649K, capacity 2806K, committed 2864K, reserved 1048576K
2016-11-10T14:48:46.131+0100: 2,403: [GC (CMS Final Remark) 2016-11-10T14:48:46.131+0100: 2,403: [ParNew
Desired survivor size 20112992 bytes, new threshold 8 (max 8)
- age   1:      28712 bytes,      28712 total
- age   2:    2511904 bytes,    2540616 total
- age   3:     180064 bytes,    2720680 total
- age   4:     819264 bytes,    3539944 total
- age   5:    6236480 bytes,    9776424 total
: 17262K->11882K(109248K), 0,0496039 secs] 17262K->11882K(502464K), 0,0496564 secs] [Times: user=0,04 sys=0,00, real=0,05 secs] 
Heap after GC invocations=5 (full 1):
 par new generation   total 109248K, used 11882K [0x00000000e0000000, 0x00000000e8000000, 0x00000000e8000000)
  eden space 87424K,   0% used [0x00000000e0000000, 0x00000000e0000000, 0x00000000e5560000)
  from space 21824K,  54% used [0x00000000e6ab0000, 0x00000000e764a9f8, 0x00000000e8000000)
  to   space 21824K,   0% used [0x00000000e5560000, 0x00000000e5560000, 0x00000000e6ab0000)
 concurrent mark-sweep generation total 393216K, used 0K [0x00000000e8000000, 0x0000000100000000, 0x0000000100000000)
 Metaspace       used 22910K, capacity 23314K, committed 23544K, reserved 1071104K
  class space    used 2649K, capacity 2806K, committed 2864K, reserved 1048576K
}
2016-11-10T14:48:46.181+0100: 2,453: [Rescan (parallel) , 0,0128763 secs]2016-11-10T14:48:46.194+0100: 2,466: [weak refs processing, 0,0061729 secs]2016-11-10T14:48:46.200+0100: 2,472: [class unloading, 0,0046490 secs]2016-11-10T14:48:46.205+0100: 2,477: [scrub symbol table, 0,0054398 secs]2016-11-10T14:48:46.210+0100: 2,482: [scrub string table, 0,0004923 secs][1 CMS-remark: 0K(393216K)] 11882K(502464K), 0,0804579 secs] [Times: user=0,07 sys=0,00, real=0,08 secs] 
2016-11-10T14:48:46.212+0100: 2,483: Total time for which application threads were stopped: 0,1005607 seconds, Stopping threads took: 0,0199705 seconds
2016-11-10T14:48:46.213+0100: 2,485: [CMS-concurrent-sweep-start]
2016-11-10T14:48:46.213+0100: 2,485: [CMS-concurrent-sweep: 0,000/0,000 secs] [Times: user=0,00 sys=0,00, real=0,00 secs] 
2016-11-10T14:48:46.213+0100: 2,485: [CMS-concurrent-reset-start]
2016-11-10T14:48:46.215+0100: 2,487: [CMS-concurrent-reset: 0,002/0,002 secs] [Times: user=0,00 sys=0,00, real=0,01 secs] 
2016-11-10T14:48:46.711+0100: 2,983: Total time for which application threads were stopped: 0,0003865 seconds, Stopping threads took: 0,0000173 seconds
2016-11-10T14:48:47.712+0100: 3,983: Total time for which application threads were stopped: 0,0000841 seconds, Stopping threads took: 0,0000159 seconds
2016-11-10T14:48:47.776+0100: 4,048: Total time for which application threads were stopped: 0,0003089 seconds, Stopping threads took: 0,0000152 seconds
2016-11-10T14:49:14.779+0100: 31,051: Total time for which application threads were stopped: 0,0000558 seconds, Stopping threads took: 0,0000154 seconds
2016-11-10T14:51:14.793+0100: 151,064: Total time for which application threads were stopped: 0,0000906 seconds, Stopping threads took: 0,0000394 seconds
2016-11-10T14:51:19.793+0100: 156,065: Total time for which application threads were stopped: 0,0000766 seconds, Stopping threads took: 0,0000317 seconds
2016-11-10T14:52:19.799+0100: 216,071: Total time for which application threads were stopped: 0,0000726 seconds, Stopping threads took: 0,0000294 seconds
2016-11-10T14:53:29.807+0100: 286,079: Total time for which application threads were stopped: 0,0001950 seconds, Stopping threads took: 0,0000481 seconds
2016-11-10T15:12:19.945+0100: 1416,217: Total time for which application threads were stopped: 0,0001118 seconds, Stopping threads took: 0,0000441 seconds
2016-11-10T15:16:24.976+0100: 1661,248: Total time for which application threads were stopped: 0,0000741 seconds, Stopping threads took: 0,0000308 seconds
2016-11-10T15:18:19.992+0100: 1776,264: Total time for which application threads were stopped: 0,0000750 seconds, Stopping threads took: 0,0000318 seconds
2016-11-10T15:25:40.048+0100: 2216,320: Total time for which application threads were stopped: 0,0000720 seconds, Stopping threads took: 0,0000283 seconds
2016-11-10T15:26:15.053+0100: 2251,324: Total time for which application threads were stopped: 0,0000727 seconds, Stopping threads took: 0,0000292 seconds
2016-11-10T15:27:20.060+0100: 2316,332: Total time for which application threads were stopped: 0,0001508 seconds, Stopping threads took: 0,0000557 seconds
2016-11-10T15:27:25.061+0100: 2321,333: Total time for which application threads were stopped: 0,0000611 seconds, Stopping threads took: 0,0000140 seconds
2016-11-10T15:41:55.170+0100: 3191,442: Total time for which application threads were stopped: 0,0000852 seconds, Stopping threads took: 0,0000332 seconds
2016-11-10T15:42:00.171+0100: 3196,443: Total time for which application threads were stopped: 0,0000640 seconds, Stopping threads took: 0,0000166 seconds
2016-11-10T15:51:10.229+0100: 3746,500: Total time for which application threads were stopped: 0,0001005 seconds, Stopping threads took: 0,0000356 seconds
2016-11-10T15:53:25.255+0100: 3881,527: Total time for which application threads were stopped: 0,0002462 seconds, Stopping threads took: 0,0000651 seconds
2016-11-10T15:53:40.259+0100: 3896,531: Total time for which application threads were stopped: 0,0000879 seconds, Stopping threads took: 0,0000155 seconds
2016-11-10T15:55:45.287+0100: 4021,558: Total time for which application threads were stopped: 0,0001512 seconds, Stopping threads took: 0,0000605 seconds
2016-11-10T16:30:15.519+0100: 6091,790: Total time for which application threads were stopped: 0,0000814 seconds, Stopping threads took: 0,0000321 seconds
2016-11-10T16:30:25.520+0100: 6101,792: Total time for which application threads were stopped: 0,0004068 seconds, Stopping threads took: 0,0001608 seconds
2016-11-10T16:33:40.540+0100: 6296,811: Total time for which application threads were stopped: 0,0000726 seconds, Stopping threads took: 0,0000298 seconds
2016-11-10T16:53:14.657+0100: 7470,929: Total time for which application threads were stopped: 0,0006076 seconds, Stopping threads took: 0,0002838 seconds
2016-11-10T16:53:44.660+0100: 7500,931: Total time for which application threads were stopped: 0,0000906 seconds, Stopping threads took: 0,0000393 seconds
2016-11-10T16:56:44.676+0100: 7680,947: Total time for which application threads were stopped: 0,0000739 seconds, Stopping threads took: 0,0000284 seconds
2016-11-10T16:57:14.679+0100: 7710,951: Total time for which application threads were stopped: 0,0000789 seconds, Stopping threads took: 0,0000312 seconds
2016-11-10T18:48:22.116+0100: 14378,387: Total time for which application threads were stopped: 0,0004126 seconds, Stopping threads took: 0,0002764 seconds
Heap
 par new generation   total 109248K, used 88294K [0x00000000e0000000, 0x00000000e8000000, 0x00000000e8000000)
  eden space 87424K,  87% used [0x00000000e0000000, 0x00000000e4a9f000, 0x00000000e5560000)
  from space 21824K,  54% used [0x00000000e6ab0000, 0x00000000e764a9f8, 0x00000000e8000000)
  to   space 21824K,   0% used [0x00000000e5560000, 0x00000000e5560000, 0x00000000e6ab0000)
 concurrent mark-sweep generation total 393216K, used 0K [0x00000000e8000000, 0x0000000100000000, 0x0000000100000000)
 Metaspace       used 27459K, capacity 27912K, committed 28152K, reserved 1075200K
  class space    used 3178K, capacity 3331K, committed 3376K, reserved 1048576K
