OpenJDK 64-Bit Server VM (25.131-b11) for linux-amd64 JRE (1.8.0_131-8u131-b11-0ubuntu1.16.04.2-b11), built on May  6 2017 02:45:27 by "buildd" with gcc 5.4.0 20160609
Memory: 4k page, physical 7867740k(7411196k free), swap 8076284k(8076284k free)
CommandLine flags: -XX:CMSInitiatingOccupancyFraction=50 -XX:CMSMaxAbortablePrecleanTime=6000 -XX:+CMSParallelRemarkEnabled -XX:+CMSScavengeBeforeRemark -XX:ConcGCThreads=4 -XX:InitialHeapSize=536870912 -XX:MaxHeapSize=536870912 -XX:MaxTenuringThreshold=8 -XX:NewRatio=3 -XX:OldPLABSize=16 -XX:OnOutOfMemoryError=/opt/solr/bin/oom_solr.sh 8983 /var/solr/logs -XX:ParallelGCThreads=4 -XX:+ParallelRefProcEnabled -XX:PretenureSizeThreshold=67108864 -XX:+PrintGC -XX:+PrintGCApplicationStoppedTime -XX:+PrintGCDateStamps -XX:+PrintGCDetails -XX:+PrintGCTimeStamps -XX:+PrintHeapAtGC -XX:+PrintTenuringDistribution -XX:SurvivorRatio=4 -XX:TargetSurvivorRatio=90 -XX:ThreadStackSize=256 -XX:+UseCMSInitiatingOccupancyOnly -XX:+UseCompressedClassPointers -XX:+UseCompressedOops -XX:+UseConcMarkSweepGC -XX:+UseParNewGC 
2017-06-25T11:59:05.707+0200: 0,136: Total time for which application threads were stopped: 0,0000717 seconds, Stopping threads took: 0,0000089 seconds
2017-06-25T11:59:05.798+0200: 0,227: Total time for which application threads were stopped: 0,0001367 seconds, Stopping threads took: 0,0000267 seconds
2017-06-25T11:59:05.812+0200: 0,242: Total time for which application threads were stopped: 0,0001046 seconds, Stopping threads took: 0,0000123 seconds
2017-06-25T11:59:06.037+0200: 0,466: Total time for which application threads were stopped: 0,0001403 seconds, Stopping threads took: 0,0000188 seconds
2017-06-25T11:59:06.509+0200: 0,938: Total time for which application threads were stopped: 0,0001935 seconds, Stopping threads took: 0,0000188 seconds
2017-06-25T11:59:06.699+0200: 1,128: Total time for which application threads were stopped: 0,0003521 seconds, Stopping threads took: 0,0000364 seconds
2017-06-25T11:59:06.738+0200: 1,168: Total time for which application threads were stopped: 0,0011950 seconds, Stopping threads took: 0,0001341 seconds
2017-06-25T11:59:07.053+0200: 1,483: Total time for which application threads were stopped: 0,0002023 seconds, Stopping threads took: 0,0000294 seconds
2017-06-25T11:59:07.298+0200: 1,728: Total time for which application threads were stopped: 0,0002102 seconds, Stopping threads took: 0,0000155 seconds
2017-06-25T11:59:07.320+0200: 1,750: Total time for which application threads were stopped: 0,0002241 seconds, Stopping threads took: 0,0000269 seconds
2017-06-25T11:59:07.352+0200: 1,781: Total time for which application threads were stopped: 0,0002506 seconds, Stopping threads took: 0,0000313 seconds
2017-06-25T11:59:07.353+0200: 1,783: Total time for which application threads were stopped: 0,0001994 seconds, Stopping threads took: 0,0000259 seconds
2017-06-25T11:59:07.365+0200: 1,794: Total time for which application threads were stopped: 0,0001894 seconds, Stopping threads took: 0,0000220 seconds
2017-06-25T11:59:07.431+0200: 1,861: Total time for which application threads were stopped: 0,0002541 seconds, Stopping threads took: 0,0000215 seconds
2017-06-25T11:59:07.591+0200: 2,020: Total time for which application threads were stopped: 0,0004863 seconds, Stopping threads took: 0,0002272 seconds
{Heap before GC invocations=0 (full 0):
 par new generation   total 109248K, used 87424K [0x00000000e0000000, 0x00000000e8000000, 0x00000000e8000000)
  eden space 87424K, 100% used [0x00000000e0000000, 0x00000000e5560000, 0x00000000e5560000)
  from space 21824K,   0% used [0x00000000e5560000, 0x00000000e5560000, 0x00000000e6ab0000)
  to   space 21824K,   0% used [0x00000000e6ab0000, 0x00000000e6ab0000, 0x00000000e8000000)
 concurrent mark-sweep generation total 393216K, used 0K [0x00000000e8000000, 0x0000000100000000, 0x0000000100000000)
 Metaspace       used 18047K, capacity 18336K, committed 18688K, reserved 1064960K
  class space    used 2041K, capacity 2196K, committed 2304K, reserved 1048576K
2017-06-25T11:59:07.695+0200: 2,124: [GC (Allocation Failure) 2017-06-25T11:59:07.695+0200: 2,124: [ParNew
Desired survivor size 20112992 bytes, new threshold 8 (max 8)
- age   1:   12624200 bytes,   12624200 total
: 87424K->12439K(109248K), 0,0167869 secs] 87424K->12439K(502464K), 0,0168913 secs] [Times: user=0,05 sys=0,01, real=0,01 secs] 
Heap after GC invocations=1 (full 0):
 par new generation   total 109248K, used 12439K [0x00000000e0000000, 0x00000000e8000000, 0x00000000e8000000)
  eden space 87424K,   0% used [0x00000000e0000000, 0x00000000e0000000, 0x00000000e5560000)
  from space 21824K,  56% used [0x00000000e6ab0000, 0x00000000e76d5c60, 0x00000000e8000000)
  to   space 21824K,   0% used [0x00000000e5560000, 0x00000000e5560000, 0x00000000e6ab0000)
 concurrent mark-sweep generation total 393216K, used 0K [0x00000000e8000000, 0x0000000100000000, 0x0000000100000000)
 Metaspace       used 18047K, capacity 18336K, committed 18688K, reserved 1064960K
  class space    used 2041K, capacity 2196K, committed 2304K, reserved 1048576K
}
2017-06-25T11:59:07.712+0200: 2,141: Total time for which application threads were stopped: 0,0171655 seconds, Stopping threads took: 0,0000281 seconds
2017-06-25T11:59:08.018+0200: 2,448: Total time for which application threads were stopped: 0,0017627 seconds, Stopping threads took: 0,0014104 seconds
2017-06-25T11:59:08.063+0200: 2,493: Total time for which application threads were stopped: 0,0007183 seconds, Stopping threads took: 0,0003661 seconds
{Heap before GC invocations=1 (full 0):
 par new generation   total 109248K, used 99863K [0x00000000e0000000, 0x00000000e8000000, 0x00000000e8000000)
  eden space 87424K, 100% used [0x00000000e0000000, 0x00000000e5560000, 0x00000000e5560000)
  from space 21824K,  56% used [0x00000000e6ab0000, 0x00000000e76d5c60, 0x00000000e8000000)
  to   space 21824K,   0% used [0x00000000e5560000, 0x00000000e5560000, 0x00000000e6ab0000)
 concurrent mark-sweep generation total 393216K, used 0K [0x00000000e8000000, 0x0000000100000000, 0x0000000100000000)
 Metaspace       used 20069K, capacity 20438K, committed 20736K, reserved 1067008K
  class space    used 2298K, capacity 2473K, committed 2560K, reserved 1048576K
2017-06-25T11:59:08.070+0200: 2,500: [GC (Allocation Failure) 2017-06-25T11:59:08.070+0200: 2,500: [ParNew
Desired survivor size 20112992 bytes, new threshold 8 (max 8)
- age   1:    3788024 bytes,    3788024 total
- age   2:    6671656 bytes,   10459680 total
: 99863K->15760K(109248K), 0,0161491 secs] 99863K->15760K(502464K), 0,0162277 secs] [Times: user=0,06 sys=0,00, real=0,02 secs] 
Heap after GC invocations=2 (full 0):
 par new generation   total 109248K, used 15760K [0x00000000e0000000, 0x00000000e8000000, 0x00000000e8000000)
  eden space 87424K,   0% used [0x00000000e0000000, 0x00000000e0000000, 0x00000000e5560000)
  from space 21824K,  72% used [0x00000000e5560000, 0x00000000e64c4300, 0x00000000e6ab0000)
  to   space 21824K,   0% used [0x00000000e6ab0000, 0x00000000e6ab0000, 0x00000000e8000000)
 concurrent mark-sweep generation total 393216K, used 0K [0x00000000e8000000, 0x0000000100000000, 0x0000000100000000)
 Metaspace       used 20069K, capacity 20438K, committed 20736K, reserved 1067008K
  class space    used 2298K, capacity 2473K, committed 2560K, reserved 1048576K
}
2017-06-25T11:59:08.086+0200: 2,516: Total time for which application threads were stopped: 0,0181730 seconds, Stopping threads took: 0,0017564 seconds
2017-06-25T11:59:08.124+0200: 2,553: Total time for which application threads were stopped: 0,0003945 seconds, Stopping threads took: 0,0000584 seconds
2017-06-25T11:59:08.264+0200: 2,693: Total time for which application threads were stopped: 0,0001335 seconds, Stopping threads took: 0,0000283 seconds
{Heap before GC invocations=2 (full 0):
 par new generation   total 109248K, used 103184K [0x00000000e0000000, 0x00000000e8000000, 0x00000000e8000000)
  eden space 87424K, 100% used [0x00000000e0000000, 0x00000000e5560000, 0x00000000e5560000)
  from space 21824K,  72% used [0x00000000e5560000, 0x00000000e64c4300, 0x00000000e6ab0000)
  to   space 21824K,   0% used [0x00000000e6ab0000, 0x00000000e6ab0000, 0x00000000e8000000)
 concurrent mark-sweep generation total 393216K, used 0K [0x00000000e8000000, 0x0000000100000000, 0x0000000100000000)
 Metaspace       used 21003K, capacity 21302K, committed 21628K, reserved 1069056K
  class space    used 2420K, capacity 2593K, committed 2684K, reserved 1048576K
2017-06-25T11:59:08.299+0200: 2,729: [GC (Allocation Failure) 2017-06-25T11:59:08.299+0200: 2,729: [ParNew
Desired survivor size 20112992 bytes, new threshold 8 (max 8)
- age   1:    2333144 bytes,    2333144 total
- age   2:     841384 bytes,    3174528 total
- age   3:    6667760 bytes,    9842288 total
: 103184K->12440K(109248K), 0,0136191 secs] 103184K->12440K(502464K), 0,0137019 secs] [Times: user=0,04 sys=0,00, real=0,01 secs] 
Heap after GC invocations=3 (full 0):
 par new generation   total 109248K, used 12440K [0x00000000e0000000, 0x00000000e8000000, 0x00000000e8000000)
  eden space 87424K,   0% used [0x00000000e0000000, 0x00000000e0000000, 0x00000000e5560000)
  from space 21824K,  57% used [0x00000000e6ab0000, 0x00000000e76d60e8, 0x00000000e8000000)
  to   space 21824K,   0% used [0x00000000e5560000, 0x00000000e5560000, 0x00000000e6ab0000)
 concurrent mark-sweep generation total 393216K, used 0K [0x00000000e8000000, 0x0000000100000000, 0x0000000100000000)
 Metaspace       used 21003K, capacity 21302K, committed 21628K, reserved 1069056K
  class space    used 2420K, capacity 2593K, committed 2684K, reserved 1048576K
}
2017-06-25T11:59:08.313+0200: 2,742: Total time for which application threads were stopped: 0,0139352 seconds, Stopping threads took: 0,0000767 seconds
2017-06-25T11:59:08.314+0200: 2,743: [GC (CMS Initial Mark) [1 CMS-initial-mark: 0K(393216K)] 13201K(502464K), 0,0029598 secs] [Times: user=0,01 sys=0,00, real=0,01 secs] 
2017-06-25T11:59:08.317+0200: 2,746: Total time for which application threads were stopped: 0,0032798 seconds, Stopping threads took: 0,0002325 seconds
2017-06-25T11:59:08.317+0200: 2,746: [CMS-concurrent-mark-start]
2017-06-25T11:59:08.321+0200: 2,750: [CMS-concurrent-mark: 0,004/0,004 secs] [Times: user=0,02 sys=0,00, real=0,00 secs] 
2017-06-25T11:59:08.321+0200: 2,750: [CMS-concurrent-preclean-start]
2017-06-25T11:59:08.322+0200: 2,751: [CMS-concurrent-preclean: 0,001/0,001 secs] [Times: user=0,00 sys=0,00, real=0,00 secs] 
2017-06-25T11:59:08.322+0200: 2,751: [CMS-concurrent-abortable-preclean-start]
2017-06-25T11:59:08.386+0200: 2,816: Total time for which application threads were stopped: 0,0009200 seconds, Stopping threads took: 0,0007982 seconds
{Heap before GC invocations=3 (full 1):
 par new generation   total 109248K, used 99864K [0x00000000e0000000, 0x00000000e8000000, 0x00000000e8000000)
  eden space 87424K, 100% used [0x00000000e0000000, 0x00000000e5560000, 0x00000000e5560000)
  from space 21824K,  57% used [0x00000000e6ab0000, 0x00000000e76d60e8, 0x00000000e8000000)
  to   space 21824K,   0% used [0x00000000e5560000, 0x00000000e5560000, 0x00000000e6ab0000)
 concurrent mark-sweep generation total 393216K, used 0K [0x00000000e8000000, 0x0000000100000000, 0x0000000100000000)
 Metaspace       used 21283K, capacity 21648K, committed 21884K, reserved 1069056K
  class space    used 2451K, capacity 2609K, committed 2684K, reserved 1048576K
2017-06-25T11:59:08.446+0200: 2,875: [GC (Allocation Failure) 2017-06-25T11:59:08.446+0200: 2,875: [ParNew
Desired survivor size 20112992 bytes, new threshold 8 (max 8)
- age   1:    1120056 bytes,    1120056 total
- age   2:    1457456 bytes,    2577512 total
- age   3:     808024 bytes,    3385536 total
- age   4:    6668024 bytes,   10053560 total
: 99864K->13022K(109248K), 0,0095107 secs] 99864K->13022K(502464K), 0,0095762 secs] [Times: user=0,03 sys=0,00, real=0,02 secs] 
Heap after GC invocations=4 (full 1):
 par new generation   total 109248K, used 13022K [0x00000000e0000000, 0x00000000e8000000, 0x00000000e8000000)
  eden space 87424K,   0% used [0x00000000e0000000, 0x00000000e0000000, 0x00000000e5560000)
  from space 21824K,  59% used [0x00000000e5560000, 0x00000000e6217818, 0x00000000e6ab0000)
  to   space 21824K,   0% used [0x00000000e6ab0000, 0x00000000e6ab0000, 0x00000000e8000000)
 concurrent mark-sweep generation total 393216K, used 0K [0x00000000e8000000, 0x0000000100000000, 0x0000000100000000)
 Metaspace       used 21283K, capacity 21648K, committed 21884K, reserved 1069056K
  class space    used 2451K, capacity 2609K, committed 2684K, reserved 1048576K
}
2017-06-25T11:59:08.455+0200: 2,885: Total time for which application threads were stopped: 0,0111561 seconds, Stopping threads took: 0,0014514 seconds
2017-06-25T11:59:08.455+0200: 2,885: [CMS-concurrent-abortable-preclean: 0,065/0,133 secs] [Times: user=0,51 sys=0,00, real=0,14 secs] 
2017-06-25T11:59:08.456+0200: 2,886: [GC (CMS Final Remark) [YG occupancy: 14403 K (109248 K)]{Heap before GC invocations=4 (full 1):
 par new generation   total 109248K, used 14403K [0x00000000e0000000, 0x00000000e8000000, 0x00000000e8000000)
  eden space 87424K,   1% used [0x00000000e0000000, 0x00000000e0159708, 0x00000000e5560000)
  from space 21824K,  59% used [0x00000000e5560000, 0x00000000e6217818, 0x00000000e6ab0000)
  to   space 21824K,   0% used [0x00000000e6ab0000, 0x00000000e6ab0000, 0x00000000e8000000)
 concurrent mark-sweep generation total 393216K, used 0K [0x00000000e8000000, 0x0000000100000000, 0x0000000100000000)
 Metaspace       used 21283K, capacity 21648K, committed 21884K, reserved 1069056K
  class space    used 2451K, capacity 2609K, committed 2684K, reserved 1048576K
2017-06-25T11:59:08.457+0200: 2,886: [GC (CMS Final Remark) 2017-06-25T11:59:08.457+0200: 2,886: [ParNew
Desired survivor size 20112992 bytes, new threshold 8 (max 8)
- age   1:      76136 bytes,      76136 total
- age   2:     878768 bytes,     954904 total
- age   3:    1457456 bytes,    2412360 total
- age   4:     808024 bytes,    3220384 total
- age   5:    6667840 bytes,    9888224 total
: 14403K->12163K(109248K), 0,0145773 secs] 14403K->12163K(502464K), 0,0146152 secs] [Times: user=0,05 sys=0,00, real=0,01 secs] 
Heap after GC invocations=5 (full 1):
 par new generation   total 109248K, used 12163K [0x00000000e0000000, 0x00000000e8000000, 0x00000000e8000000)
  eden space 87424K,   0% used [0x00000000e0000000, 0x00000000e0000000, 0x00000000e5560000)
  from space 21824K,  55% used [0x00000000e6ab0000, 0x00000000e7690e60, 0x00000000e8000000)
  to   space 21824K,   0% used [0x00000000e5560000, 0x00000000e5560000, 0x00000000e6ab0000)
 concurrent mark-sweep generation total 393216K, used 0K [0x00000000e8000000, 0x0000000100000000, 0x0000000100000000)
 Metaspace       used 21283K, capacity 21648K, committed 21884K, reserved 1069056K
  class space    used 2451K, capacity 2609K, committed 2684K, reserved 1048576K
}
2017-06-25T11:59:08.471+0200: 2,901: [Rescan (parallel) , 0,0034633 secs]2017-06-25T11:59:08.475+0200: 2,904: [weak refs processing, 0,0006450 secs]2017-06-25T11:59:08.475+0200: 2,905: [class unloading, 0,0029988 secs]2017-06-25T11:59:08.478+0200: 2,908: [scrub symbol table, 0,0026007 secs]2017-06-25T11:59:08.481+0200: 2,910: [scrub string table, 0,0003841 secs][1 CMS-remark: 0K(393216K)] 12163K(502464K), 0,0253682 secs] [Times: user=0,07 sys=0,00, real=0,02 secs] 
2017-06-25T11:59:08.482+0200: 2,911: Total time for which application threads were stopped: 0,0264196 seconds, Stopping threads took: 0,0009794 seconds
2017-06-25T11:59:08.482+0200: 2,911: [CMS-concurrent-sweep-start]
2017-06-25T11:59:08.482+0200: 2,911: [CMS-concurrent-sweep: 0,000/0,000 secs] [Times: user=0,00 sys=0,00, real=0,00 secs] 
2017-06-25T11:59:08.482+0200: 2,911: [CMS-concurrent-reset-start]
2017-06-25T11:59:08.485+0200: 2,914: [CMS-concurrent-reset: 0,003/0,003 secs] [Times: user=0,01 sys=0,01, real=0,00 secs] 
{Heap before GC invocations=5 (full 1):
 par new generation   total 109248K, used 99587K [0x00000000e0000000, 0x00000000e8000000, 0x00000000e8000000)
  eden space 87424K, 100% used [0x00000000e0000000, 0x00000000e5560000, 0x00000000e5560000)
  from space 21824K,  55% used [0x00000000e6ab0000, 0x00000000e7690e60, 0x00000000e8000000)
  to   space 21824K,   0% used [0x00000000e5560000, 0x00000000e5560000, 0x00000000e6ab0000)
 concurrent mark-sweep generation total 393216K, used 0K [0x00000000e8000000, 0x0000000100000000, 0x0000000100000000)
 Metaspace       used 21420K, capacity 21820K, committed 21884K, reserved 1069056K
  class space    used 2469K, capacity 2643K, committed 2684K, reserved 1048576K
2017-06-25T11:59:08.562+0200: 2,992: [GC (Allocation Failure) 2017-06-25T11:59:08.562+0200: 2,992: [ParNew
Desired survivor size 20112992 bytes, new threshold 8 (max 8)
- age   1:     490168 bytes,     490168 total
- age   3:     187432 bytes,     677600 total
- age   4:    1457288 bytes,    2134888 total
- age   5:     806024 bytes,    2940912 total
- age   6:    6667776 bytes,    9608688 total
: 99587K->14802K(109248K), 0,0107694 secs] 99587K->14802K(502464K), 0,0108436 secs] [Times: user=0,04 sys=0,00, real=0,01 secs] 
Heap after GC invocations=6 (full 1):
 par new generation   total 109248K, used 14802K [0x00000000e0000000, 0x00000000e8000000, 0x00000000e8000000)
  eden space 87424K,   0% used [0x00000000e0000000, 0x00000000e0000000, 0x00000000e5560000)
  from space 21824K,  67% used [0x00000000e5560000, 0x00000000e63d4ad0, 0x00000000e6ab0000)
  to   space 21824K,   0% used [0x00000000e6ab0000, 0x00000000e6ab0000, 0x00000000e8000000)
 concurrent mark-sweep generation total 393216K, used 0K [0x00000000e8000000, 0x0000000100000000, 0x0000000100000000)
 Metaspace       used 21420K, capacity 21820K, committed 21884K, reserved 1069056K
  class space    used 2469K, capacity 2643K, committed 2684K, reserved 1048576K
}
2017-06-25T11:59:08.573+0200: 3,002: Total time for which application threads were stopped: 0,0112465 seconds, Stopping threads took: 0,0002546 seconds
2017-06-25T11:59:08.611+0200: 3,041: Total time for which application threads were stopped: 0,0003139 seconds, Stopping threads took: 0,0000251 seconds
2017-06-25T11:59:08.835+0200: 3,264: Total time for which application threads were stopped: 0,0014192 seconds, Stopping threads took: 0,0010147 seconds
2017-06-25T11:59:08.872+0200: 3,301: Total time for which application threads were stopped: 0,0004425 seconds, Stopping threads took: 0,0000245 seconds
2017-06-25T11:59:08.891+0200: 3,321: Total time for which application threads were stopped: 0,0004434 seconds, Stopping threads took: 0,0000251 seconds
{Heap before GC invocations=6 (full 1):
 par new generation   total 109248K, used 102226K [0x00000000e0000000, 0x00000000e8000000, 0x00000000e8000000)
  eden space 87424K, 100% used [0x00000000e0000000, 0x00000000e5560000, 0x00000000e5560000)
  from space 21824K,  67% used [0x00000000e5560000, 0x00000000e63d4ad0, 0x00000000e6ab0000)
  to   space 21824K,   0% used [0x00000000e6ab0000, 0x00000000e6ab0000, 0x00000000e8000000)
 concurrent mark-sweep generation total 393216K, used 0K [0x00000000e8000000, 0x0000000100000000, 0x0000000100000000)
 Metaspace       used 23951K, capacity 24478K, committed 24572K, reserved 1071104K
  class space    used 2817K, capacity 3018K, committed 3068K, reserved 1048576K
2017-06-25T11:59:09.054+0200: 3,483: [GC (Allocation Failure) 2017-06-25T11:59:09.054+0200: 3,483: [ParNew
Desired survivor size 20112992 bytes, new threshold 8 (max 8)
- age   1:    5278424 bytes,    5278424 total
- age   2:     114544 bytes,    5392968 total
- age   4:     185976 bytes,    5578944 total
- age   5:     287424 bytes,    5866368 total
- age   6:     781728 bytes,    6648096 total
- age   7:    6659712 bytes,   13307808 total
: 102226K->15611K(109248K), 0,0155657 secs] 102226K->15611K(502464K), 0,0156258 secs] [Times: user=0,05 sys=0,01, real=0,02 secs] 
Heap after GC invocations=7 (full 1):
 par new generation   total 109248K, used 15611K [0x00000000e0000000, 0x00000000e8000000, 0x00000000e8000000)
  eden space 87424K,   0% used [0x00000000e0000000, 0x00000000e0000000, 0x00000000e5560000)
  from space 21824K,  71% used [0x00000000e6ab0000, 0x00000000e79eef70, 0x00000000e8000000)
  to   space 21824K,   0% used [0x00000000e5560000, 0x00000000e5560000, 0x00000000e6ab0000)
 concurrent mark-sweep generation total 393216K, used 0K [0x00000000e8000000, 0x0000000100000000, 0x0000000100000000)
 Metaspace       used 23951K, capacity 24478K, committed 24572K, reserved 1071104K
  class space    used 2817K, capacity 3018K, committed 3068K, reserved 1048576K
}
2017-06-25T11:59:09.070+0200: 3,499: Total time for which application threads were stopped: 0,0159020 seconds, Stopping threads took: 0,0001096 seconds
{Heap before GC invocations=7 (full 1):
 par new generation   total 109248K, used 103035K [0x00000000e0000000, 0x00000000e8000000, 0x00000000e8000000)
  eden space 87424K, 100% used [0x00000000e0000000, 0x00000000e5560000, 0x00000000e5560000)
  from space 21824K,  71% used [0x00000000e6ab0000, 0x00000000e79eef70, 0x00000000e8000000)
  to   space 21824K,   0% used [0x00000000e5560000, 0x00000000e5560000, 0x00000000e6ab0000)
 concurrent mark-sweep generation total 393216K, used 0K [0x00000000e8000000, 0x0000000100000000, 0x0000000100000000)
 Metaspace       used 24337K, capacity 24836K, committed 25084K, reserved 1071104K
  class space    used 2851K, capacity 3051K, committed 3068K, reserved 1048576K
2017-06-25T11:59:09.151+0200: 3,580: [GC (Allocation Failure) 2017-06-25T11:59:09.151+0200: 3,580: [ParNew
Desired survivor size 20112992 bytes, new threshold 8 (max 8)
- age   1:    1584000 bytes,    1584000 total
- age   2:    1770752 bytes,    3354752 total
- age   3:      52696 bytes,    3407448 total
- age   5:     113256 bytes,    3520704 total
- age   6:     191736 bytes,    3712440 total
- age   7:     737776 bytes,    4450216 total
- age   8:    6126808 bytes,   10577024 total
: 103035K->19008K(109248K), 0,0216360 secs] 103035K->19008K(502464K), 0,0217355 secs] [Times: user=0,08 sys=0,00, real=0,02 secs] 
Heap after GC invocations=8 (full 1):
 par new generation   total 109248K, used 19008K [0x00000000e0000000, 0x00000000e8000000, 0x00000000e8000000)
  eden space 87424K,   0% used [0x00000000e0000000, 0x00000000e0000000, 0x00000000e5560000)
  from space 21824K,  87% used [0x00000000e5560000, 0x00000000e67f0238, 0x00000000e6ab0000)
  to   space 21824K,   0% used [0x00000000e6ab0000, 0x00000000e6ab0000, 0x00000000e8000000)
 concurrent mark-sweep generation total 393216K, used 0K [0x00000000e8000000, 0x0000000100000000, 0x0000000100000000)
 Metaspace       used 24337K, capacity 24836K, committed 25084K, reserved 1071104K
  class space    used 2851K, capacity 3051K, committed 3068K, reserved 1048576K
}
2017-06-25T11:59:09.172+0200: 3,602: Total time for which application threads were stopped: 0,0244042 seconds, Stopping threads took: 0,0024280 seconds
{Heap before GC invocations=8 (full 1):
 par new generation   total 109248K, used 106432K [0x00000000e0000000, 0x00000000e8000000, 0x00000000e8000000)
  eden space 87424K, 100% used [0x00000000e0000000, 0x00000000e5560000, 0x00000000e5560000)
  from space 21824K,  87% used [0x00000000e5560000, 0x00000000e67f0238, 0x00000000e6ab0000)
  to   space 21824K,   0% used [0x00000000e6ab0000, 0x00000000e6ab0000, 0x00000000e8000000)
 concurrent mark-sweep generation total 393216K, used 0K [0x00000000e8000000, 0x0000000100000000, 0x0000000100000000)
 Metaspace       used 24594K, capacity 25054K, committed 25084K, reserved 1071104K
  class space    used 2871K, capacity 3056K, committed 3068K, reserved 1048576K
2017-06-25T11:59:09.274+0200: 3,704: [GC (Allocation Failure) 2017-06-25T11:59:09.274+0200: 3,704: [ParNew
Desired survivor size 20112992 bytes, new threshold 8 (max 8)
- age   1:     560640 bytes,     560640 total
- age   2:     979488 bytes,    1540128 total
- age   3:    1748456 bytes,    3288584 total
- age   4:      52696 bytes,    3341280 total
- age   6:     113088 bytes,    3454368 total
- age   7:     188936 bytes,    3643304 total
- age   8:     737008 bytes,    4380312 total
: 106432K->5815K(109248K), 0,0379126 secs] 106432K->11880K(502464K), 0,0379790 secs] [Times: user=0,11 sys=0,00, real=0,03 secs] 
Heap after GC invocations=9 (full 1):
 par new generation   total 109248K, used 5815K [0x00000000e0000000, 0x00000000e8000000, 0x00000000e8000000)
  eden space 87424K,   0% used [0x00000000e0000000, 0x00000000e0000000, 0x00000000e5560000)
  from space 21824K,  26% used [0x00000000e6ab0000, 0x00000000e705dd18, 0x00000000e8000000)
  to   space 21824K,   0% used [0x00000000e5560000, 0x00000000e5560000, 0x00000000e6ab0000)
 concurrent mark-sweep generation total 393216K, used 6065K [0x00000000e8000000, 0x0000000100000000, 0x0000000100000000)
 Metaspace       used 24594K, capacity 25054K, committed 25084K, reserved 1071104K
  class space    used 2871K, capacity 3056K, committed 3068K, reserved 1048576K
}
2017-06-25T11:59:09.312+0200: 3,742: Total time for which application threads were stopped: 0,0415271 seconds, Stopping threads took: 0,0033947 seconds
2017-06-25T11:59:09.626+0200: 4,056: Total time for which application threads were stopped: 0,0006126 seconds, Stopping threads took: 0,0000316 seconds
2017-06-25T11:59:09.634+0200: 4,064: Total time for which application threads were stopped: 0,0046155 seconds, Stopping threads took: 0,0044888 seconds
2017-06-25T11:59:09.636+0200: 4,066: Total time for which application threads were stopped: 0,0001426 seconds, Stopping threads took: 0,0000539 seconds
2017-06-25T11:59:09.637+0200: 4,066: Total time for which application threads were stopped: 0,0000984 seconds, Stopping threads took: 0,0000150 seconds
2017-06-25T11:59:09.639+0200: 4,069: Total time for which application threads were stopped: 0,0001311 seconds, Stopping threads took: 0,0000326 seconds
2017-06-25T11:59:09.640+0200: 4,069: Total time for which application threads were stopped: 0,0001371 seconds, Stopping threads took: 0,0000237 seconds
2017-06-25T11:59:09.658+0200: 4,088: Total time for which application threads were stopped: 0,0001759 seconds, Stopping threads took: 0,0000459 seconds
2017-06-25T11:59:09.661+0200: 4,091: Total time for which application threads were stopped: 0,0005626 seconds, Stopping threads took: 0,0000486 seconds
2017-06-25T11:59:09.664+0200: 4,093: Total time for which application threads were stopped: 0,0001640 seconds, Stopping threads took: 0,0000486 seconds
2017-06-25T11:59:09.670+0200: 4,100: Total time for which application threads were stopped: 0,0046019 seconds, Stopping threads took: 0,0044861 seconds
2017-06-25T11:59:09.686+0200: 4,116: Total time for which application threads were stopped: 0,0029358 seconds, Stopping threads took: 0,0028336 seconds
2017-06-25T11:59:09.687+0200: 4,116: Total time for which application threads were stopped: 0,0003938 seconds, Stopping threads took: 0,0000221 seconds
2017-06-25T11:59:09.694+0200: 4,124: Total time for which application threads were stopped: 0,0015520 seconds, Stopping threads took: 0,0014637 seconds
2017-06-25T11:59:09.701+0200: 4,130: Total time for which application threads were stopped: 0,0001281 seconds, Stopping threads took: 0,0000373 seconds
2017-06-25T11:59:09.701+0200: 4,131: Total time for which application threads were stopped: 0,0000909 seconds, Stopping threads took: 0,0000241 seconds
2017-06-25T11:59:09.702+0200: 4,132: Total time for which application threads were stopped: 0,0001119 seconds, Stopping threads took: 0,0000334 seconds
2017-06-25T11:59:09.742+0200: 4,172: Total time for which application threads were stopped: 0,0023443 seconds, Stopping threads took: 0,0022461 seconds
2017-06-25T11:59:09.746+0200: 4,176: Total time for which application threads were stopped: 0,0023799 seconds, Stopping threads took: 0,0023050 seconds
2017-06-25T11:59:09.747+0200: 4,177: Total time for which application threads were stopped: 0,0001197 seconds, Stopping threads took: 0,0000405 seconds
2017-06-25T11:59:09.750+0200: 4,180: Total time for which application threads were stopped: 0,0001391 seconds, Stopping threads took: 0,0000600 seconds
2017-06-25T11:59:09.751+0200: 4,181: Total time for which application threads were stopped: 0,0001171 seconds, Stopping threads took: 0,0000460 seconds
2017-06-25T11:59:09.753+0200: 4,182: Total time for which application threads were stopped: 0,0001169 seconds, Stopping threads took: 0,0000384 seconds
2017-06-25T11:59:09.754+0200: 4,183: Total time for which application threads were stopped: 0,0002261 seconds, Stopping threads took: 0,0000421 seconds
2017-06-25T11:59:09.759+0200: 4,189: Total time for which application threads were stopped: 0,0007681 seconds, Stopping threads took: 0,0003379 seconds
2017-06-25T11:59:09.762+0200: 4,191: Total time for which application threads were stopped: 0,0001700 seconds, Stopping threads took: 0,0000899 seconds
2017-06-25T11:59:09.762+0200: 4,192: Total time for which application threads were stopped: 0,0000833 seconds, Stopping threads took: 0,0000212 seconds
2017-06-25T11:59:09.762+0200: 4,192: Total time for which application threads were stopped: 0,0000865 seconds, Stopping threads took: 0,0000290 seconds
2017-06-25T11:59:09.762+0200: 4,192: Total time for which application threads were stopped: 0,0000578 seconds, Stopping threads took: 0,0000155 seconds
2017-06-25T11:59:09.763+0200: 4,193: Total time for which application threads were stopped: 0,0001012 seconds, Stopping threads took: 0,0000325 seconds
2017-06-25T11:59:09.767+0200: 4,197: Total time for which application threads were stopped: 0,0001233 seconds, Stopping threads took: 0,0000451 seconds
2017-06-25T11:59:09.774+0200: 4,204: Total time for which application threads were stopped: 0,0024991 seconds, Stopping threads took: 0,0023922 seconds
2017-06-25T11:59:09.777+0200: 4,206: Total time for which application threads were stopped: 0,0001410 seconds, Stopping threads took: 0,0000652 seconds
2017-06-25T11:59:09.785+0200: 4,214: Total time for which application threads were stopped: 0,0001381 seconds, Stopping threads took: 0,0000313 seconds
2017-06-25T11:59:09.786+0200: 4,215: Total time for which application threads were stopped: 0,0001267 seconds, Stopping threads took: 0,0000442 seconds
2017-06-25T11:59:09.790+0200: 4,219: Total time for which application threads were stopped: 0,0034979 seconds, Stopping threads took: 0,0034031 seconds
2017-06-25T11:59:09.791+0200: 4,220: Total time for which application threads were stopped: 0,0005422 seconds, Stopping threads took: 0,0004482 seconds
2017-06-25T11:59:09.793+0200: 4,222: Total time for which application threads were stopped: 0,0005609 seconds, Stopping threads took: 0,0004532 seconds
2017-06-25T11:59:09.794+0200: 4,224: Total time for which application threads were stopped: 0,0001795 seconds, Stopping threads took: 0,0000453 seconds
2017-06-25T11:59:09.794+0200: 4,224: Total time for which application threads were stopped: 0,0001344 seconds, Stopping threads took: 0,0000313 seconds
2017-06-25T11:59:09.795+0200: 4,224: Total time for which application threads were stopped: 0,0000764 seconds, Stopping threads took: 0,0000191 seconds
2017-06-25T11:59:09.795+0200: 4,224: Total time for which application threads were stopped: 0,0000750 seconds, Stopping threads took: 0,0000108 seconds
2017-06-25T11:59:09.795+0200: 4,225: Total time for which application threads were stopped: 0,0001286 seconds, Stopping threads took: 0,0000312 seconds
2017-06-25T11:59:09.795+0200: 4,225: Total time for which application threads were stopped: 0,0000636 seconds, Stopping threads took: 0,0000234 seconds
2017-06-25T11:59:09.798+0200: 4,228: Total time for which application threads were stopped: 0,0001504 seconds, Stopping threads took: 0,0000689 seconds
2017-06-25T11:59:09.800+0200: 4,229: Total time for which application threads were stopped: 0,0001619 seconds, Stopping threads took: 0,0000448 seconds
2017-06-25T11:59:09.800+0200: 4,230: Total time for which application threads were stopped: 0,0001100 seconds, Stopping threads took: 0,0000236 seconds
2017-06-25T11:59:09.801+0200: 4,230: Total time for which application threads were stopped: 0,0001485 seconds, Stopping threads took: 0,0000173 seconds
2017-06-25T11:59:09.801+0200: 4,230: Total time for which application threads were stopped: 0,0000826 seconds, Stopping threads took: 0,0000091 seconds
2017-06-25T11:59:09.812+0200: 4,241: Total time for which application threads were stopped: 0,0004292 seconds, Stopping threads took: 0,0000439 seconds
2017-06-25T11:59:09.815+0200: 4,245: Total time for which application threads were stopped: 0,0001934 seconds, Stopping threads took: 0,0000702 seconds
2017-06-25T11:59:09.817+0200: 4,247: Total time for which application threads were stopped: 0,0002193 seconds, Stopping threads took: 0,0000858 seconds
2017-06-25T11:59:09.831+0200: 4,261: Total time for which application threads were stopped: 0,0010446 seconds, Stopping threads took: 0,0008719 seconds
2017-06-25T11:59:09.905+0200: 4,334: Total time for which application threads were stopped: 0,0002122 seconds, Stopping threads took: 0,0000787 seconds
2017-06-25T11:59:09.926+0200: 4,356: Total time for which application threads were stopped: 0,0040367 seconds, Stopping threads took: 0,0039436 seconds
2017-06-25T11:59:09.927+0200: 4,357: Total time for which application threads were stopped: 0,0006507 seconds, Stopping threads took: 0,0000267 seconds
2017-06-25T11:59:09.929+0200: 4,358: Total time for which application threads were stopped: 0,0012582 seconds, Stopping threads took: 0,0011864 seconds
{Heap before GC invocations=9 (full 1):
 par new generation   total 109248K, used 93239K [0x00000000e0000000, 0x00000000e8000000, 0x00000000e8000000)
  eden space 87424K, 100% used [0x00000000e0000000, 0x00000000e5560000, 0x00000000e5560000)
  from space 21824K,  26% used [0x00000000e6ab0000, 0x00000000e705dd18, 0x00000000e8000000)
  to   space 21824K,   0% used [0x00000000e5560000, 0x00000000e5560000, 0x00000000e6ab0000)
 concurrent mark-sweep generation total 393216K, used 6065K [0x00000000e8000000, 0x0000000100000000, 0x0000000100000000)
 Metaspace       used 28019K, capacity 28578K, committed 28796K, reserved 1075200K
  class space    used 3207K, capacity 3394K, committed 3452K, reserved 1048576K
2017-06-25T11:59:09.955+0200: 4,385: [GC (Allocation Failure) 2017-06-25T11:59:09.955+0200: 4,385: [ParNew
Desired survivor size 20112992 bytes, new threshold 8 (max 8)
- age   1:   11278120 bytes,   11278120 total
- age   2:     172704 bytes,   11450824 total
- age   3:     199840 bytes,   11650664 total
- age   4:    1742200 bytes,   13392864 total
- age   5:      52696 bytes,   13445560 total
- age   7:     110416 bytes,   13555976 total
- age   8:     188336 bytes,   13744312 total
: 93239K->14884K(109248K), 0,0178883 secs] 99304K->21754K(502464K), 0,0179788 secs] [Times: user=0,07 sys=0,00, real=0,01 secs] 
Heap after GC invocations=10 (full 1):
 par new generation   total 109248K, used 14884K [0x00000000e0000000, 0x00000000e8000000, 0x00000000e8000000)
  eden space 87424K,   0% used [0x00000000e0000000, 0x00000000e0000000, 0x00000000e5560000)
  from space 21824K,  68% used [0x00000000e5560000, 0x00000000e63e9180, 0x00000000e6ab0000)
  to   space 21824K,   0% used [0x00000000e6ab0000, 0x00000000e6ab0000, 0x00000000e8000000)
 concurrent mark-sweep generation total 393216K, used 6869K [0x00000000e8000000, 0x0000000100000000, 0x0000000100000000)
 Metaspace       used 28019K, capacity 28578K, committed 28796K, reserved 1075200K
  class space    used 3207K, capacity 3394K, committed 3452K, reserved 1048576K
}
2017-06-25T11:59:09.973+0200: 4,403: Total time for which application threads were stopped: 0,0181870 seconds, Stopping threads took: 0,0000228 seconds
2017-06-25T11:59:09.977+0200: 4,407: Total time for which application threads were stopped: 0,0008269 seconds, Stopping threads took: 0,0007514 seconds
2017-06-25T11:59:09.977+0200: 4,407: Total time for which application threads were stopped: 0,0000577 seconds, Stopping threads took: 0,0000228 seconds
2017-06-25T12:01:02.995+0200: 117,424: Total time for which application threads were stopped: 0,0000820 seconds, Stopping threads took: 0,0000318 seconds
2017-06-25T12:01:07.042+0200: 122,425: Total time for which application threads were stopped: 0,0000775 seconds, Stopping threads took: 0,0000175 seconds
2017-06-25T12:02:06.051+0200: 181,433: Total time for which application threads were stopped: 0,0001186 seconds, Stopping threads took: 0,0000447 seconds
2017-06-25T12:22:31.171+0200: 1406,553: Total time for which application threads were stopped: 0,0001049 seconds, Stopping threads took: 0,0000396 seconds
2017-06-25T12:27:31.198+0200: 1706,580: Total time for which application threads were stopped: 0,0000817 seconds, Stopping threads took: 0,0000319 seconds
2017-06-25T12:37:26.255+0200: 2301,638: Total time for which application threads were stopped: 0,0000841 seconds, Stopping threads took: 0,0000349 seconds
2017-06-25T12:37:27.256+0200: 2302,638: Total time for which application threads were stopped: 0,0000664 seconds, Stopping threads took: 0,0000152 seconds
2017-06-25T12:52:22.360+0200: 3197,742: Total time for which application threads were stopped: 0,0001378 seconds, Stopping threads took: 0,0000520 seconds
2017-06-25T13:03:31.434+0200: 3866,816: Total time for which application threads were stopped: 0,0001219 seconds, Stopping threads took: 0,0000500 seconds
2017-06-25T13:03:36.434+0200: 3871,816: Total time for which application threads were stopped: 0,0000614 seconds, Stopping threads took: 0,0000146 seconds
2017-06-25T13:17:27.517+0200: 4702,899: Total time for which application threads were stopped: 0,0000775 seconds, Stopping threads took: 0,0000271 seconds
2017-06-25T13:38:47.637+0200: 5983,020: Total time for which application threads were stopped: 0,0005137 seconds, Stopping threads took: 0,0002506 seconds
2017-06-25T13:43:26.666+0200: 6262,048: Total time for which application threads were stopped: 0,0000846 seconds, Stopping threads took: 0,0000341 seconds
2017-06-25T13:57:06.751+0200: 7082,133: Total time for which application threads were stopped: 0,0000776 seconds, Stopping threads took: 0,0000301 seconds
2017-06-25T13:57:56.283+0200: 7131,666: Total time for which application threads were stopped: 0,0170773 seconds, Stopping threads took: 0,0169616 seconds
2017-06-25T13:57:56.286+0200: 7131,668: Total time for which application threads were stopped: 0,0000902 seconds, Stopping threads took: 0,0000197 seconds
2017-06-25T13:57:56.288+0200: 7131,670: Total time for which application threads were stopped: 0,0000828 seconds, Stopping threads took: 0,0000153 seconds
2017-06-25T13:57:56.289+0200: 7131,671: Total time for which application threads were stopped: 0,0001158 seconds, Stopping threads took: 0,0000233 seconds
2017-06-25T13:57:56.293+0200: 7131,675: Total time for which application threads were stopped: 0,0006270 seconds, Stopping threads took: 0,0005119 seconds
2017-06-25T13:57:56.304+0200: 7131,686: Total time for which application threads were stopped: 0,0011617 seconds, Stopping threads took: 0,0010743 seconds
2017-06-25T13:57:56.308+0200: 7131,690: Total time for which application threads were stopped: 0,0001048 seconds, Stopping threads took: 0,0000307 seconds
2017-06-25T13:57:56.317+0200: 7131,700: Total time for which application threads were stopped: 0,0001000 seconds, Stopping threads took: 0,0000229 seconds
2017-06-25T13:57:56.318+0200: 7131,701: Total time for which application threads were stopped: 0,0000762 seconds, Stopping threads took: 0,0000172 seconds
2017-06-25T13:57:56.318+0200: 7131,701: Total time for which application threads were stopped: 0,0000447 seconds, Stopping threads took: 0,0000088 seconds
2017-06-25T13:57:56.321+0200: 7131,703: Total time for which application threads were stopped: 0,0001324 seconds, Stopping threads took: 0,0000607 seconds
2017-06-25T13:57:56.321+0200: 7131,703: Total time for which application threads were stopped: 0,0000956 seconds, Stopping threads took: 0,0000069 seconds
2017-06-25T13:57:56.329+0200: 7131,712: Total time for which application threads were stopped: 0,0000885 seconds, Stopping threads took: 0,0000179 seconds
2017-06-25T13:57:56.333+0200: 7131,716: Total time for which application threads were stopped: 0,0001106 seconds, Stopping threads took: 0,0000259 seconds
2017-06-25T13:57:56.336+0200: 7131,718: Total time for which application threads were stopped: 0,0001363 seconds, Stopping threads took: 0,0000286 seconds
2017-06-25T13:57:56.342+0200: 7131,724: Total time for which application threads were stopped: 0,0004972 seconds, Stopping threads took: 0,0003979 seconds
2017-06-25T13:57:56.363+0200: 7131,745: Total time for which application threads were stopped: 0,0041118 seconds, Stopping threads took: 0,0039952 seconds
2017-06-25T13:57:56.363+0200: 7131,746: Total time for which application threads were stopped: 0,0000768 seconds, Stopping threads took: 0,0000143 seconds
2017-06-25T13:57:56.364+0200: 7131,746: Total time for which application threads were stopped: 0,0000872 seconds, Stopping threads took: 0,0000239 seconds
2017-06-25T13:57:56.364+0200: 7131,746: Total time for which application threads were stopped: 0,0000508 seconds, Stopping threads took: 0,0000096 seconds
2017-06-25T13:57:56.364+0200: 7131,747: Total time for which application threads were stopped: 0,0000667 seconds, Stopping threads took: 0,0000193 seconds
2017-06-25T13:57:56.365+0200: 7131,747: Total time for which application threads were stopped: 0,0005922 seconds, Stopping threads took: 0,0005140 seconds
2017-06-25T13:57:56.366+0200: 7131,748: Total time for which application threads were stopped: 0,0000996 seconds, Stopping threads took: 0,0000376 seconds
2017-06-25T13:57:56.366+0200: 7131,749: Total time for which application threads were stopped: 0,0000553 seconds, Stopping threads took: 0,0000094 seconds
2017-06-25T13:57:56.366+0200: 7131,749: Total time for which application threads were stopped: 0,0000606 seconds, Stopping threads took: 0,0000198 seconds
2017-06-25T13:57:56.366+0200: 7131,749: Total time for which application threads were stopped: 0,0000441 seconds, Stopping threads took: 0,0000062 seconds
2017-06-25T13:57:56.370+0200: 7131,752: Total time for which application threads were stopped: 0,0001221 seconds, Stopping threads took: 0,0000523 seconds
2017-06-25T13:57:56.370+0200: 7131,753: Total time for which application threads were stopped: 0,0007477 seconds, Stopping threads took: 0,0000122 seconds
2017-06-25T13:57:56.371+0200: 7131,753: Total time for which application threads were stopped: 0,0000572 seconds, Stopping threads took: 0,0000092 seconds
2017-06-25T13:57:56.371+0200: 7131,754: Total time for which application threads were stopped: 0,0000857 seconds, Stopping threads took: 0,0000269 seconds
2017-06-25T13:57:56.371+0200: 7131,754: Total time for which application threads were stopped: 0,0000518 seconds, Stopping threads took: 0,0000077 seconds
2017-06-25T13:57:56.371+0200: 7131,754: Total time for which application threads were stopped: 0,0001891 seconds, Stopping threads took: 0,0000059 seconds
2017-06-25T13:57:56.376+0200: 7131,758: Total time for which application threads were stopped: 0,0001151 seconds, Stopping threads took: 0,0000396 seconds
2017-06-25T13:57:56.377+0200: 7131,759: Total time for which application threads were stopped: 0,0001505 seconds, Stopping threads took: 0,0000313 seconds
2017-06-25T13:57:56.381+0200: 7131,764: Total time for which application threads were stopped: 0,0000962 seconds, Stopping threads took: 0,0000171 seconds
2017-06-25T13:57:56.382+0200: 7131,765: Total time for which application threads were stopped: 0,0001223 seconds, Stopping threads took: 0,0000167 seconds
Heap
 par new generation   total 109248K, used 42128K [0x00000000e0000000, 0x00000000e8000000, 0x00000000e8000000)
  eden space 87424K,  31% used [0x00000000e0000000, 0x00000000e1a9af40, 0x00000000e5560000)
  from space 21824K,  68% used [0x00000000e5560000, 0x00000000e63e9180, 0x00000000e6ab0000)
  to   space 21824K,   0% used [0x00000000e6ab0000, 0x00000000e6ab0000, 0x00000000e8000000)
 concurrent mark-sweep generation total 393216K, used 6869K [0x00000000e8000000, 0x0000000100000000, 0x0000000100000000)
 Metaspace       used 28189K, capacity 28716K, committed 29052K, reserved 1075200K
  class space    used 3228K, capacity 3397K, committed 3452K, reserved 1048576K
