OpenJDK 64-Bit Server VM (25.121-b13) for linux-amd64 JRE (1.8.0_121-8u121-b13-0ubuntu1.16.04.2-b13), built on Jan 23 2017 15:51:29 by "buildd" with gcc 5.4.0 20160609
Memory: 4k page, physical 7867760k(7446048k free), swap 8076284k(8076284k free)
CommandLine flags: -XX:CMSInitiatingOccupancyFraction=50 -XX:CMSMaxAbortablePrecleanTime=6000 -XX:+CMSParallelRemarkEnabled -XX:+CMSScavengeBeforeRemark -XX:ConcGCThreads=4 -XX:InitialHeapSize=536870912 -XX:MaxHeapSize=536870912 -XX:MaxTenuringThreshold=8 -XX:NewRatio=3 -XX:OldPLABSize=16 -XX:OnOutOfMemoryError=/opt/solr/bin/oom_solr.sh 8983 /var/solr/logs -XX:ParallelGCThreads=4 -XX:+ParallelRefProcEnabled -XX:PretenureSizeThreshold=67108864 -XX:+PrintGC -XX:+PrintGCApplicationStoppedTime -XX:+PrintGCDateStamps -XX:+PrintGCDetails -XX:+PrintGCTimeStamps -XX:+PrintHeapAtGC -XX:+PrintTenuringDistribution -XX:SurvivorRatio=4 -XX:TargetSurvivorRatio=90 -XX:ThreadStackSize=256 -XX:+UseCMSInitiatingOccupancyOnly -XX:+UseCompressedClassPointers -XX:+UseCompressedOops -XX:+UseConcMarkSweepGC -XX:+UseParNewGC 
2017-03-18T12:16:44.804+0100: 0,152: Total time for which application threads were stopped: 0,0000685 seconds, Stopping threads took: 0,0000129 seconds
2017-03-18T12:16:44.906+0100: 0,254: Total time for which application threads were stopped: 0,0001741 seconds, Stopping threads took: 0,0000235 seconds
2017-03-18T12:16:44.938+0100: 0,285: Total time for which application threads were stopped: 0,0000925 seconds, Stopping threads took: 0,0000149 seconds
2017-03-18T12:16:45.225+0100: 0,572: Total time for which application threads were stopped: 0,0001624 seconds, Stopping threads took: 0,0000264 seconds
2017-03-18T12:16:45.728+0100: 1,075: Total time for which application threads were stopped: 0,0002445 seconds, Stopping threads took: 0,0000150 seconds
2017-03-18T12:16:45.854+0100: 1,201: Total time for which application threads were stopped: 0,0005684 seconds, Stopping threads took: 0,0000406 seconds
2017-03-18T12:16:45.923+0100: 1,270: Total time for which application threads were stopped: 0,0002069 seconds, Stopping threads took: 0,0000333 seconds
2017-03-18T12:16:46.242+0100: 1,590: Total time for which application threads were stopped: 0,0002288 seconds, Stopping threads took: 0,0000210 seconds
2017-03-18T12:16:46.470+0100: 1,817: Total time for which application threads were stopped: 0,0002028 seconds, Stopping threads took: 0,0000261 seconds
2017-03-18T12:16:46.488+0100: 1,835: Total time for which application threads were stopped: 0,0002026 seconds, Stopping threads took: 0,0000260 seconds
2017-03-18T12:16:46.517+0100: 1,865: Total time for which application threads were stopped: 0,0002045 seconds, Stopping threads took: 0,0000293 seconds
2017-03-18T12:16:46.519+0100: 1,866: Total time for which application threads were stopped: 0,0001997 seconds, Stopping threads took: 0,0000178 seconds
2017-03-18T12:16:46.532+0100: 1,879: Total time for which application threads were stopped: 0,0001762 seconds, Stopping threads took: 0,0000159 seconds
2017-03-18T12:16:46.613+0100: 1,960: Total time for which application threads were stopped: 0,0002350 seconds, Stopping threads took: 0,0000194 seconds
2017-03-18T12:16:46.785+0100: 2,133: Total time for which application threads were stopped: 0,0003216 seconds, Stopping threads took: 0,0000989 seconds
{Heap before GC invocations=0 (full 0):
 par new generation   total 109248K, used 87424K [0x00000000e0000000, 0x00000000e8000000, 0x00000000e8000000)
  eden space 87424K, 100% used [0x00000000e0000000, 0x00000000e5560000, 0x00000000e5560000)
  from space 21824K,   0% used [0x00000000e5560000, 0x00000000e5560000, 0x00000000e6ab0000)
  to   space 21824K,   0% used [0x00000000e6ab0000, 0x00000000e6ab0000, 0x00000000e8000000)
 concurrent mark-sweep generation total 393216K, used 0K [0x00000000e8000000, 0x0000000100000000, 0x0000000100000000)
 Metaspace       used 18038K, capacity 18336K, committed 18688K, reserved 1064960K
  class space    used 2040K, capacity 2196K, committed 2304K, reserved 1048576K
2017-03-18T12:16:46.881+0100: 2,228: [GC (Allocation Failure) 2017-03-18T12:16:46.881+0100: 2,228: [ParNew
Desired survivor size 20112992 bytes, new threshold 8 (max 8)
- age   1:   12615720 bytes,   12615720 total
: 87424K->12441K(109248K), 0,0162957 secs] 87424K->12441K(502464K), 0,0163784 secs] [Times: user=0,04 sys=0,01, real=0,02 secs] 
Heap after GC invocations=1 (full 0):
 par new generation   total 109248K, used 12441K [0x00000000e0000000, 0x00000000e8000000, 0x00000000e8000000)
  eden space 87424K,   0% used [0x00000000e0000000, 0x00000000e0000000, 0x00000000e5560000)
  from space 21824K,  57% used [0x00000000e6ab0000, 0x00000000e76d6450, 0x00000000e8000000)
  to   space 21824K,   0% used [0x00000000e5560000, 0x00000000e5560000, 0x00000000e6ab0000)
 concurrent mark-sweep generation total 393216K, used 0K [0x00000000e8000000, 0x0000000100000000, 0x0000000100000000)
 Metaspace       used 18038K, capacity 18336K, committed 18688K, reserved 1064960K
  class space    used 2040K, capacity 2196K, committed 2304K, reserved 1048576K
}
2017-03-18T12:16:46.897+0100: 2,245: Total time for which application threads were stopped: 0,0167008 seconds, Stopping threads took: 0,0001226 seconds
2017-03-18T12:16:47.195+0100: 2,543: Total time for which application threads were stopped: 0,0003296 seconds, Stopping threads took: 0,0000414 seconds
2017-03-18T12:16:47.237+0100: 2,585: Total time for which application threads were stopped: 0,0003771 seconds, Stopping threads took: 0,0000790 seconds
{Heap before GC invocations=1 (full 0):
 par new generation   total 109248K, used 99865K [0x00000000e0000000, 0x00000000e8000000, 0x00000000e8000000)
  eden space 87424K, 100% used [0x00000000e0000000, 0x00000000e5560000, 0x00000000e5560000)
  from space 21824K,  57% used [0x00000000e6ab0000, 0x00000000e76d6450, 0x00000000e8000000)
  to   space 21824K,   0% used [0x00000000e5560000, 0x00000000e5560000, 0x00000000e6ab0000)
 concurrent mark-sweep generation total 393216K, used 0K [0x00000000e8000000, 0x0000000100000000, 0x0000000100000000)
 Metaspace       used 20044K, capacity 20374K, committed 20736K, reserved 1067008K
  class space    used 2299K, capacity 2473K, committed 2560K, reserved 1048576K
2017-03-18T12:16:47.250+0100: 2,597: [GC (Allocation Failure) 2017-03-18T12:16:47.250+0100: 2,597: [ParNew
Desired survivor size 20112992 bytes, new threshold 8 (max 8)
- age   1:    3654744 bytes,    3654744 total
- age   2:    6666744 bytes,   10321488 total
: 99865K->15692K(109248K), 0,0158945 secs] 99865K->15692K(502464K), 0,0159638 secs] [Times: user=0,04 sys=0,00, real=0,01 secs] 
Heap after GC invocations=2 (full 0):
 par new generation   total 109248K, used 15692K [0x00000000e0000000, 0x00000000e8000000, 0x00000000e8000000)
  eden space 87424K,   0% used [0x00000000e0000000, 0x00000000e0000000, 0x00000000e5560000)
  from space 21824K,  71% used [0x00000000e5560000, 0x00000000e64b3340, 0x00000000e6ab0000)
  to   space 21824K,   0% used [0x00000000e6ab0000, 0x00000000e6ab0000, 0x00000000e8000000)
 concurrent mark-sweep generation total 393216K, used 0K [0x00000000e8000000, 0x0000000100000000, 0x0000000100000000)
 Metaspace       used 20044K, capacity 20374K, committed 20736K, reserved 1067008K
  class space    used 2299K, capacity 2473K, committed 2560K, reserved 1048576K
}
2017-03-18T12:16:47.266+0100: 2,613: Total time for which application threads were stopped: 0,0163733 seconds, Stopping threads took: 0,0002784 seconds
2017-03-18T12:16:47.298+0100: 2,646: Total time for which application threads were stopped: 0,0008106 seconds, Stopping threads took: 0,0004740 seconds
2017-03-18T12:16:47.449+0100: 2,796: Total time for which application threads were stopped: 0,0001752 seconds, Stopping threads took: 0,0000435 seconds
{Heap before GC invocations=2 (full 0):
 par new generation   total 109248K, used 103116K [0x00000000e0000000, 0x00000000e8000000, 0x00000000e8000000)
  eden space 87424K, 100% used [0x00000000e0000000, 0x00000000e5560000, 0x00000000e5560000)
  from space 21824K,  71% used [0x00000000e5560000, 0x00000000e64b3340, 0x00000000e6ab0000)
  to   space 21824K,   0% used [0x00000000e6ab0000, 0x00000000e6ab0000, 0x00000000e8000000)
 concurrent mark-sweep generation total 393216K, used 0K [0x00000000e8000000, 0x0000000100000000, 0x0000000100000000)
 Metaspace       used 20975K, capacity 21296K, committed 21628K, reserved 1069056K
  class space    used 2422K, capacity 2592K, committed 2684K, reserved 1048576K
2017-03-18T12:16:47.493+0100: 2,840: [GC (Allocation Failure) 2017-03-18T12:16:47.493+0100: 2,840: [ParNew
Desired survivor size 20112992 bytes, new threshold 8 (max 8)
- age   1:    2260368 bytes,    2260368 total
- age   2:     846864 bytes,    3107232 total
- age   3:    6664408 bytes,    9771640 total
: 103116K->11203K(109248K), 0,0101562 secs] 103116K->11203K(502464K), 0,0102308 secs] [Times: user=0,03 sys=0,00, real=0,01 secs] 
Heap after GC invocations=3 (full 0):
 par new generation   total 109248K, used 11203K [0x00000000e0000000, 0x00000000e8000000, 0x00000000e8000000)
  eden space 87424K,   0% used [0x00000000e0000000, 0x00000000e0000000, 0x00000000e5560000)
  from space 21824K,  51% used [0x00000000e6ab0000, 0x00000000e75a0f00, 0x00000000e8000000)
  to   space 21824K,   0% used [0x00000000e5560000, 0x00000000e5560000, 0x00000000e6ab0000)
 concurrent mark-sweep generation total 393216K, used 0K [0x00000000e8000000, 0x0000000100000000, 0x0000000100000000)
 Metaspace       used 20975K, capacity 21296K, committed 21628K, reserved 1069056K
  class space    used 2422K, capacity 2592K, committed 2684K, reserved 1048576K
}
2017-03-18T12:16:47.503+0100: 2,851: Total time for which application threads were stopped: 0,0119762 seconds, Stopping threads took: 0,0016079 seconds
2017-03-18T12:16:47.503+0100: 2,851: [GC (CMS Initial Mark) [1 CMS-initial-mark: 0K(393216K)] 12644K(502464K), 0,0030443 secs] [Times: user=0,01 sys=0,00, real=0,00 secs] 
2017-03-18T12:16:47.506+0100: 2,854: Total time for which application threads were stopped: 0,0031663 seconds, Stopping threads took: 0,0000319 seconds
2017-03-18T12:16:47.506+0100: 2,854: [CMS-concurrent-mark-start]
2017-03-18T12:16:47.507+0100: 2,854: [CMS-concurrent-mark: 0,000/0,000 secs] [Times: user=0,00 sys=0,00, real=0,00 secs] 
2017-03-18T12:16:47.507+0100: 2,854: [CMS-concurrent-preclean-start]
2017-03-18T12:16:47.508+0100: 2,855: [CMS-concurrent-preclean: 0,001/0,001 secs] [Times: user=0,01 sys=0,00, real=0,00 secs] 
2017-03-18T12:16:47.508+0100: 2,855: [CMS-concurrent-abortable-preclean-start]
2017-03-18T12:16:47.605+0100: 2,952: Total time for which application threads were stopped: 0,0016771 seconds, Stopping threads took: 0,0015837 seconds
2017-03-18T12:16:47.605+0100: 2,952: [CMS-concurrent-abortable-preclean: 0,095/0,097 secs] [Times: user=0,38 sys=0,00, real=0,10 secs] 
2017-03-18T12:16:47.605+0100: 2,952: [GC (CMS Final Remark) [YG occupancy: 84565 K (109248 K)]{Heap before GC invocations=3 (full 1):
 par new generation   total 109248K, used 84565K [0x00000000e0000000, 0x00000000e8000000, 0x00000000e8000000)
  eden space 87424K,  83% used [0x00000000e0000000, 0x00000000e47a4818, 0x00000000e5560000)
  from space 21824K,  51% used [0x00000000e6ab0000, 0x00000000e75a0f00, 0x00000000e8000000)
  to   space 21824K,   0% used [0x00000000e5560000, 0x00000000e5560000, 0x00000000e6ab0000)
 concurrent mark-sweep generation total 393216K, used 0K [0x00000000e8000000, 0x0000000100000000, 0x0000000100000000)
 Metaspace       used 21212K, capacity 21553K, committed 21884K, reserved 1069056K
  class space    used 2447K, capacity 2605K, committed 2684K, reserved 1048576K
2017-03-18T12:16:47.605+0100: 2,952: [GC (CMS Final Remark) 2017-03-18T12:16:47.605+0100: 2,952: [ParNew
Desired survivor size 20112992 bytes, new threshold 8 (max 8)
- age   1:    1541456 bytes,    1541456 total
- age   2:    1459704 bytes,    3001160 total
- age   3:     815440 bytes,    3816600 total
- age   4:    6664816 bytes,   10481416 total
: 84565K->12416K(109248K), 0,0118576 secs] 84565K->12416K(502464K), 0,0119025 secs] [Times: user=0,03 sys=0,00, real=0,01 secs] 
Heap after GC invocations=4 (full 1):
 par new generation   total 109248K, used 12416K [0x00000000e0000000, 0x00000000e8000000, 0x00000000e8000000)
  eden space 87424K,   0% used [0x00000000e0000000, 0x00000000e0000000, 0x00000000e5560000)
  from space 21824K,  56% used [0x00000000e5560000, 0x00000000e6180010, 0x00000000e6ab0000)
  to   space 21824K,   0% used [0x00000000e6ab0000, 0x00000000e6ab0000, 0x00000000e8000000)
 concurrent mark-sweep generation total 393216K, used 0K [0x00000000e8000000, 0x0000000100000000, 0x0000000100000000)
 Metaspace       used 21212K, capacity 21553K, committed 21884K, reserved 1069056K
  class space    used 2447K, capacity 2605K, committed 2684K, reserved 1048576K
}
2017-03-18T12:16:47.617+0100: 2,964: [Rescan (parallel) , 0,0037002 secs]2017-03-18T12:16:47.621+0100: 2,968: [weak refs processing, 0,0011548 secs]2017-03-18T12:16:47.622+0100: 2,969: [class unloading, 0,0028259 secs]2017-03-18T12:16:47.625+0100: 2,972: [scrub symbol table, 0,0026499 secs]2017-03-18T12:16:47.627+0100: 2,975: [scrub string table, 0,0003830 secs][1 CMS-remark: 0K(393216K)] 12416K(502464K), 0,0232863 secs] [Times: user=0,06 sys=0,00, real=0,02 secs] 
2017-03-18T12:16:47.628+0100: 2,976: Total time for which application threads were stopped: 0,0234107 seconds, Stopping threads took: 0,0000514 seconds
2017-03-18T12:16:47.628+0100: 2,976: [CMS-concurrent-sweep-start]
2017-03-18T12:16:47.628+0100: 2,976: [CMS-concurrent-sweep: 0,000/0,000 secs] [Times: user=0,00 sys=0,00, real=0,00 secs] 
2017-03-18T12:16:47.628+0100: 2,976: [CMS-concurrent-reset-start]
2017-03-18T12:16:47.630+0100: 2,978: [CMS-concurrent-reset: 0,002/0,002 secs] [Times: user=0,01 sys=0,00, real=0,01 secs] 
{Heap before GC invocations=4 (full 1):
 par new generation   total 109248K, used 99840K [0x00000000e0000000, 0x00000000e8000000, 0x00000000e8000000)
  eden space 87424K, 100% used [0x00000000e0000000, 0x00000000e5560000, 0x00000000e5560000)
  from space 21824K,  56% used [0x00000000e5560000, 0x00000000e6180010, 0x00000000e6ab0000)
  to   space 21824K,   0% used [0x00000000e6ab0000, 0x00000000e6ab0000, 0x00000000e8000000)
 concurrent mark-sweep generation total 393216K, used 0K [0x00000000e8000000, 0x0000000100000000, 0x0000000100000000)
 Metaspace       used 21352K, capacity 21787K, committed 21884K, reserved 1069056K
  class space    used 2468K, capacity 2639K, committed 2684K, reserved 1048576K
2017-03-18T12:16:47.714+0100: 3,061: [GC (Allocation Failure) 2017-03-18T12:16:47.714+0100: 3,061: [ParNew
Desired survivor size 20112992 bytes, new threshold 8 (max 8)
- age   1:     705000 bytes,     705000 total
- age   2:     142464 bytes,     847464 total
- age   3:    1459256 bytes,    2306720 total
- age   4:     811456 bytes,    3118176 total
- age   5:    6664408 bytes,    9782584 total
: 99840K->14618K(109248K), 0,0126881 secs] 99840K->14618K(502464K), 0,0127577 secs] [Times: user=0,04 sys=0,00, real=0,01 secs] 
Heap after GC invocations=5 (full 1):
 par new generation   total 109248K, used 14618K [0x00000000e0000000, 0x00000000e8000000, 0x00000000e8000000)
  eden space 87424K,   0% used [0x00000000e0000000, 0x00000000e0000000, 0x00000000e5560000)
  from space 21824K,  66% used [0x00000000e6ab0000, 0x00000000e78f6b40, 0x00000000e8000000)
  to   space 21824K,   0% used [0x00000000e5560000, 0x00000000e5560000, 0x00000000e6ab0000)
 concurrent mark-sweep generation total 393216K, used 0K [0x00000000e8000000, 0x0000000100000000, 0x0000000100000000)
 Metaspace       used 21352K, capacity 21787K, committed 21884K, reserved 1069056K
  class space    used 2468K, capacity 2639K, committed 2684K, reserved 1048576K
}
2017-03-18T12:16:47.726+0100: 3,074: Total time for which application threads were stopped: 0,0130348 seconds, Stopping threads took: 0,0001058 seconds
2017-03-18T12:16:47.783+0100: 3,130: Total time for which application threads were stopped: 0,0003146 seconds, Stopping threads took: 0,0000211 seconds
2017-03-18T12:16:48.001+0100: 3,349: Total time for which application threads were stopped: 0,0005158 seconds, Stopping threads took: 0,0000370 seconds
2017-03-18T12:16:48.021+0100: 3,368: Total time for which application threads were stopped: 0,0004236 seconds, Stopping threads took: 0,0000405 seconds
{Heap before GC invocations=5 (full 1):
 par new generation   total 109248K, used 102042K [0x00000000e0000000, 0x00000000e8000000, 0x00000000e8000000)
  eden space 87424K, 100% used [0x00000000e0000000, 0x00000000e5560000, 0x00000000e5560000)
  from space 21824K,  66% used [0x00000000e6ab0000, 0x00000000e78f6b40, 0x00000000e8000000)
  to   space 21824K,   0% used [0x00000000e5560000, 0x00000000e5560000, 0x00000000e6ab0000)
 concurrent mark-sweep generation total 393216K, used 0K [0x00000000e8000000, 0x0000000100000000, 0x0000000100000000)
 Metaspace       used 23767K, capacity 24237K, committed 24572K, reserved 1071104K
  class space    used 2798K, capacity 2984K, committed 3068K, reserved 1048576K
2017-03-18T12:16:48.155+0100: 3,502: [GC (Allocation Failure) 2017-03-18T12:16:48.155+0100: 3,503: [ParNew
Desired survivor size 20112992 bytes, new threshold 8 (max 8)
- age   1:    4972920 bytes,    4972920 total
- age   2:     123112 bytes,    5096032 total
- age   3:     141256 bytes,    5237288 total
- age   4:     289504 bytes,    5526792 total
- age   5:     787120 bytes,    6313912 total
- age   6:    6656512 bytes,   12970424 total
: 102042K->14474K(109248K), 0,0123902 secs] 102042K->14474K(502464K), 0,0124629 secs] [Times: user=0,04 sys=0,00, real=0,01 secs] 
Heap after GC invocations=6 (full 1):
 par new generation   total 109248K, used 14474K [0x00000000e0000000, 0x00000000e8000000, 0x00000000e8000000)
  eden space 87424K,   0% used [0x00000000e0000000, 0x00000000e0000000, 0x00000000e5560000)
  from space 21824K,  66% used [0x00000000e5560000, 0x00000000e6382900, 0x00000000e6ab0000)
  to   space 21824K,   0% used [0x00000000e6ab0000, 0x00000000e6ab0000, 0x00000000e8000000)
 concurrent mark-sweep generation total 393216K, used 0K [0x00000000e8000000, 0x0000000100000000, 0x0000000100000000)
 Metaspace       used 23767K, capacity 24237K, committed 24572K, reserved 1071104K
  class space    used 2798K, capacity 2984K, committed 3068K, reserved 1048576K
}
2017-03-18T12:16:48.168+0100: 3,515: Total time for which application threads were stopped: 0,0127264 seconds, Stopping threads took: 0,0000577 seconds
{Heap before GC invocations=6 (full 1):
 par new generation   total 109248K, used 101898K [0x00000000e0000000, 0x00000000e8000000, 0x00000000e8000000)
  eden space 87424K, 100% used [0x00000000e0000000, 0x00000000e5560000, 0x00000000e5560000)
  from space 21824K,  66% used [0x00000000e5560000, 0x00000000e6382900, 0x00000000e6ab0000)
  to   space 21824K,   0% used [0x00000000e6ab0000, 0x00000000e6ab0000, 0x00000000e8000000)
 concurrent mark-sweep generation total 393216K, used 0K [0x00000000e8000000, 0x0000000100000000, 0x0000000100000000)
 Metaspace       used 24158K, capacity 24691K, committed 24828K, reserved 1071104K
  class space    used 2844K, capacity 3049K, committed 3068K, reserved 1048576K
2017-03-18T12:16:48.240+0100: 3,587: [GC (Allocation Failure) 2017-03-18T12:16:48.240+0100: 3,587: [ParNew
Desired survivor size 20112992 bytes, new threshold 8 (max 8)
- age   1:    1534704 bytes,    1534704 total
- age   2:    1719472 bytes,    3254176 total
- age   3:      68504 bytes,    3322680 total
- age   4:      76960 bytes,    3399640 total
- age   5:     195160 bytes,    3594800 total
- age   6:     741704 bytes,    4336504 total
- age   7:    6122016 bytes,   10458520 total
: 101898K->16058K(109248K), 0,0142275 secs] 101898K->16058K(502464K), 0,0143003 secs] [Times: user=0,05 sys=0,00, real=0,02 secs] 
Heap after GC invocations=7 (full 1):
 par new generation   total 109248K, used 16058K [0x00000000e0000000, 0x00000000e8000000, 0x00000000e8000000)
  eden space 87424K,   0% used [0x00000000e0000000, 0x00000000e0000000, 0x00000000e5560000)
  from space 21824K,  73% used [0x00000000e6ab0000, 0x00000000e7a5eb10, 0x00000000e8000000)
  to   space 21824K,   0% used [0x00000000e5560000, 0x00000000e5560000, 0x00000000e6ab0000)
 concurrent mark-sweep generation total 393216K, used 0K [0x00000000e8000000, 0x0000000100000000, 0x0000000100000000)
 Metaspace       used 24158K, capacity 24691K, committed 24828K, reserved 1071104K
  class space    used 2844K, capacity 3049K, committed 3068K, reserved 1048576K
}
2017-03-18T12:16:48.254+0100: 3,601: Total time for which application threads were stopped: 0,0146778 seconds, Stopping threads took: 0,0001620 seconds
{Heap before GC invocations=7 (full 1):
 par new generation   total 109248K, used 103482K [0x00000000e0000000, 0x00000000e8000000, 0x00000000e8000000)
  eden space 87424K, 100% used [0x00000000e0000000, 0x00000000e5560000, 0x00000000e5560000)
  from space 21824K,  73% used [0x00000000e6ab0000, 0x00000000e7a5eb10, 0x00000000e8000000)
  to   space 21824K,   0% used [0x00000000e5560000, 0x00000000e5560000, 0x00000000e6ab0000)
 concurrent mark-sweep generation total 393216K, used 0K [0x00000000e8000000, 0x0000000100000000, 0x0000000100000000)
 Metaspace       used 24414K, capacity 24921K, committed 25084K, reserved 1071104K
  class space    used 2865K, capacity 3056K, committed 3068K, reserved 1048576K
2017-03-18T12:16:48.330+0100: 3,677: [GC (Allocation Failure) 2017-03-18T12:16:48.330+0100: 3,678: [ParNew
Desired survivor size 20112992 bytes, new threshold 8 (max 8)
- age   1:     556776 bytes,     556776 total
- age   2:     971960 bytes,    1528736 total
- age   3:    1692768 bytes,    3221504 total
- age   4:      68504 bytes,    3290008 total
- age   5:      76752 bytes,    3366760 total
- age   6:     195160 bytes,    3561920 total
- age   7:     741704 bytes,    4303624 total
- age   8:    6121608 bytes,   10425232 total
: 103482K->13074K(109248K), 0,0433580 secs] 103482K->13074K(502464K), 0,0434417 secs] [Times: user=0,11 sys=0,00, real=0,04 secs] 
Heap after GC invocations=8 (full 1):
 par new generation   total 109248K, used 13074K [0x00000000e0000000, 0x00000000e8000000, 0x00000000e8000000)
  eden space 87424K,   0% used [0x00000000e0000000, 0x00000000e0000000, 0x00000000e5560000)
  from space 21824K,  59% used [0x00000000e5560000, 0x00000000e62249d0, 0x00000000e6ab0000)
  to   space 21824K,   0% used [0x00000000e6ab0000, 0x00000000e6ab0000, 0x00000000e8000000)
 concurrent mark-sweep generation total 393216K, used 0K [0x00000000e8000000, 0x0000000100000000, 0x0000000100000000)
 Metaspace       used 24414K, capacity 24921K, committed 25084K, reserved 1071104K
  class space    used 2865K, capacity 3056K, committed 3068K, reserved 1048576K
}
2017-03-18T12:16:48.374+0100: 3,721: Total time for which application threads were stopped: 0,0544190 seconds, Stopping threads took: 0,0107873 seconds
2017-03-18T12:16:48.700+0100: 4,047: Total time for which application threads were stopped: 0,0007003 seconds, Stopping threads took: 0,0000275 seconds
2017-03-18T12:16:48.709+0100: 4,057: Total time for which application threads were stopped: 0,0005031 seconds, Stopping threads took: 0,0000280 seconds
2017-03-18T12:16:48.717+0100: 4,064: Total time for which application threads were stopped: 0,0006624 seconds, Stopping threads took: 0,0005795 seconds
2017-03-18T12:16:48.726+0100: 4,073: Total time for which application threads were stopped: 0,0012466 seconds, Stopping threads took: 0,0011746 seconds
2017-03-18T12:16:48.731+0100: 4,078: Total time for which application threads were stopped: 0,0001071 seconds, Stopping threads took: 0,0000220 seconds
2017-03-18T12:16:48.732+0100: 4,079: Total time for which application threads were stopped: 0,0003437 seconds, Stopping threads took: 0,0000128 seconds
2017-03-18T12:16:48.741+0100: 4,088: Total time for which application threads were stopped: 0,0001377 seconds, Stopping threads took: 0,0000265 seconds
2017-03-18T12:16:48.742+0100: 4,090: Total time for which application threads were stopped: 0,0001537 seconds, Stopping threads took: 0,0000630 seconds
2017-03-18T12:16:48.745+0100: 4,092: Total time for which application threads were stopped: 0,0000886 seconds, Stopping threads took: 0,0000168 seconds
2017-03-18T12:16:48.745+0100: 4,093: Total time for which application threads were stopped: 0,0000659 seconds, Stopping threads took: 0,0000126 seconds
2017-03-18T12:16:48.746+0100: 4,094: Total time for which application threads were stopped: 0,0000713 seconds, Stopping threads took: 0,0000132 seconds
2017-03-18T12:16:48.777+0100: 4,124: Total time for which application threads were stopped: 0,0001585 seconds, Stopping threads took: 0,0000416 seconds
2017-03-18T12:16:48.780+0100: 4,128: Total time for which application threads were stopped: 0,0001345 seconds, Stopping threads took: 0,0000426 seconds
2017-03-18T12:16:48.782+0100: 4,129: Total time for which application threads were stopped: 0,0001164 seconds, Stopping threads took: 0,0000507 seconds
2017-03-18T12:16:48.783+0100: 4,131: Total time for which application threads were stopped: 0,0001174 seconds, Stopping threads took: 0,0000347 seconds
2017-03-18T12:16:48.784+0100: 4,131: Total time for which application threads were stopped: 0,0001025 seconds, Stopping threads took: 0,0000294 seconds
{Heap before GC invocations=8 (full 1):
 par new generation   total 109248K, used 100498K [0x00000000e0000000, 0x00000000e8000000, 0x00000000e8000000)
  eden space 87424K, 100% used [0x00000000e0000000, 0x00000000e5560000, 0x00000000e5560000)
  from space 21824K,  59% used [0x00000000e5560000, 0x00000000e62249d0, 0x00000000e6ab0000)
  to   space 21824K,   0% used [0x00000000e6ab0000, 0x00000000e6ab0000, 0x00000000e8000000)
 concurrent mark-sweep generation total 393216K, used 0K [0x00000000e8000000, 0x0000000100000000, 0x0000000100000000)
 Metaspace       used 26671K, capacity 27259K, committed 27388K, reserved 1073152K
  class space    used 3064K, capacity 3235K, committed 3324K, reserved 1048576K
2017-03-18T12:16:48.788+0100: 4,135: [GC (Allocation Failure) 2017-03-18T12:16:48.788+0100: 4,135: [ParNew
Desired survivor size 20112992 bytes, new threshold 8 (max 8)
- age   1:    7715848 bytes,    7715848 total
- age   2:     148304 bytes,    7864152 total
- age   3:     193448 bytes,    8057600 total
- age   4:    1687888 bytes,    9745488 total
- age   5:      66024 bytes,    9811512 total
- age   6:      76656 bytes,    9888168 total
- age   7:     191864 bytes,   10080032 total
- age   8:     739576 bytes,   10819608 total
: 100498K->15650K(109248K), 0,0336976 secs] 100498K->22285K(502464K), 0,0337751 secs] [Times: user=0,11 sys=0,00, real=0,03 secs] 
Heap after GC invocations=9 (full 1):
 par new generation   total 109248K, used 15650K [0x00000000e0000000, 0x00000000e8000000, 0x00000000e8000000)
  eden space 87424K,   0% used [0x00000000e0000000, 0x00000000e0000000, 0x00000000e5560000)
  from space 21824K,  71% used [0x00000000e6ab0000, 0x00000000e79f89e0, 0x00000000e8000000)
  to   space 21824K,   0% used [0x00000000e5560000, 0x00000000e5560000, 0x00000000e6ab0000)
 concurrent mark-sweep generation total 393216K, used 6634K [0x00000000e8000000, 0x0000000100000000, 0x0000000100000000)
 Metaspace       used 26671K, capacity 27259K, committed 27388K, reserved 1073152K
  class space    used 3064K, capacity 3235K, committed 3324K, reserved 1048576K
}
2017-03-18T12:16:48.822+0100: 4,169: Total time for which application threads were stopped: 0,0339477 seconds, Stopping threads took: 0,0000378 seconds
2017-03-18T12:16:48.823+0100: 4,170: Total time for which application threads were stopped: 0,0000864 seconds, Stopping threads took: 0,0000170 seconds
2017-03-18T12:16:48.825+0100: 4,172: Total time for which application threads were stopped: 0,0003630 seconds, Stopping threads took: 0,0000288 seconds
2017-03-18T12:16:48.825+0100: 4,173: Total time for which application threads were stopped: 0,0001019 seconds, Stopping threads took: 0,0000385 seconds
2017-03-18T12:16:48.826+0100: 4,174: Total time for which application threads were stopped: 0,0001167 seconds, Stopping threads took: 0,0000500 seconds
2017-03-18T12:16:48.829+0100: 4,176: Total time for which application threads were stopped: 0,0001231 seconds, Stopping threads took: 0,0000238 seconds
2017-03-18T12:16:48.838+0100: 4,186: Total time for which application threads were stopped: 0,0001049 seconds, Stopping threads took: 0,0000236 seconds
2017-03-18T12:16:48.846+0100: 4,194: Total time for which application threads were stopped: 0,0001921 seconds, Stopping threads took: 0,0001213 seconds
2017-03-18T12:16:48.847+0100: 4,194: Total time for which application threads were stopped: 0,0000800 seconds, Stopping threads took: 0,0000192 seconds
2017-03-18T12:16:48.849+0100: 4,196: Total time for which application threads were stopped: 0,0001992 seconds, Stopping threads took: 0,0001140 seconds
2017-03-18T12:16:48.862+0100: 4,209: Total time for which application threads were stopped: 0,0040138 seconds, Stopping threads took: 0,0039041 seconds
2017-03-18T12:16:48.862+0100: 4,210: Total time for which application threads were stopped: 0,0002039 seconds, Stopping threads took: 0,0000239 seconds
2017-03-18T12:16:48.865+0100: 4,212: Total time for which application threads were stopped: 0,0001672 seconds, Stopping threads took: 0,0000526 seconds
2017-03-18T12:16:48.870+0100: 4,217: Total time for which application threads were stopped: 0,0025772 seconds, Stopping threads took: 0,0024681 seconds
2017-03-18T12:16:48.872+0100: 4,219: Total time for which application threads were stopped: 0,0001480 seconds, Stopping threads took: 0,0000327 seconds
2017-03-18T12:16:48.872+0100: 4,220: Total time for which application threads were stopped: 0,0000981 seconds, Stopping threads took: 0,0000160 seconds
2017-03-18T12:16:48.872+0100: 4,220: Total time for which application threads were stopped: 0,0001092 seconds, Stopping threads took: 0,0000356 seconds
2017-03-18T12:16:48.874+0100: 4,222: Total time for which application threads were stopped: 0,0001410 seconds, Stopping threads took: 0,0000349 seconds
2017-03-18T12:16:48.875+0100: 4,222: Total time for which application threads were stopped: 0,0001427 seconds, Stopping threads took: 0,0000338 seconds
2017-03-18T12:16:48.875+0100: 4,222: Total time for which application threads were stopped: 0,0001223 seconds, Stopping threads took: 0,0000263 seconds
2017-03-18T12:16:48.875+0100: 4,222: Total time for which application threads were stopped: 0,0001163 seconds, Stopping threads took: 0,0000314 seconds
2017-03-18T12:16:48.876+0100: 4,223: Total time for which application threads were stopped: 0,0001260 seconds, Stopping threads took: 0,0000454 seconds
2017-03-18T12:16:48.876+0100: 4,223: Total time for which application threads were stopped: 0,0000946 seconds, Stopping threads took: 0,0000215 seconds
2017-03-18T12:16:48.876+0100: 4,223: Total time for which application threads were stopped: 0,0001126 seconds, Stopping threads took: 0,0000471 seconds
2017-03-18T12:16:48.876+0100: 4,224: Total time for which application threads were stopped: 0,0000845 seconds, Stopping threads took: 0,0000246 seconds
2017-03-18T12:16:48.876+0100: 4,224: Total time for which application threads were stopped: 0,0000658 seconds, Stopping threads took: 0,0000165 seconds
2017-03-18T12:16:48.876+0100: 4,224: Total time for which application threads were stopped: 0,0000753 seconds, Stopping threads took: 0,0000350 seconds
2017-03-18T12:16:48.877+0100: 4,224: Total time for which application threads were stopped: 0,0000533 seconds, Stopping threads took: 0,0000161 seconds
2017-03-18T12:16:48.877+0100: 4,224: Total time for which application threads were stopped: 0,0000512 seconds, Stopping threads took: 0,0000151 seconds
2017-03-18T12:16:48.877+0100: 4,224: Total time for which application threads were stopped: 0,0000809 seconds, Stopping threads took: 0,0000245 seconds
2017-03-18T12:16:48.877+0100: 4,225: Total time for which application threads were stopped: 0,0000800 seconds, Stopping threads took: 0,0000299 seconds
2017-03-18T12:16:48.877+0100: 4,225: Total time for which application threads were stopped: 0,0000553 seconds, Stopping threads took: 0,0000168 seconds
2017-03-18T12:16:48.877+0100: 4,225: Total time for which application threads were stopped: 0,0000527 seconds, Stopping threads took: 0,0000186 seconds
2017-03-18T12:16:48.878+0100: 4,225: Total time for which application threads were stopped: 0,0001477 seconds, Stopping threads took: 0,0000395 seconds
2017-03-18T12:16:48.878+0100: 4,225: Total time for which application threads were stopped: 0,0000510 seconds, Stopping threads took: 0,0000115 seconds
2017-03-18T12:16:48.895+0100: 4,243: Total time for which application threads were stopped: 0,0007871 seconds, Stopping threads took: 0,0007020 seconds
2017-03-18T12:16:48.933+0100: 4,281: Total time for which application threads were stopped: 0,0002103 seconds, Stopping threads took: 0,0000686 seconds
2017-03-18T12:16:49.934+0100: 5,281: Total time for which application threads were stopped: 0,0001030 seconds, Stopping threads took: 0,0000173 seconds
2017-03-18T12:18:46.947+0100: 122,294: Total time for which application threads were stopped: 0,0001006 seconds, Stopping threads took: 0,0000373 seconds
2017-03-18T12:18:51.947+0100: 127,295: Total time for which application threads were stopped: 0,0000874 seconds, Stopping threads took: 0,0000160 seconds
2017-03-18T12:19:50.955+0100: 186,302: Total time for which application threads were stopped: 0,0000828 seconds, Stopping threads took: 0,0000333 seconds
2017-03-18T12:40:16.110+0100: 1411,458: Total time for which application threads were stopped: 0,0000777 seconds, Stopping threads took: 0,0000282 seconds
2017-03-18T12:45:01.142+0100: 1696,489: Total time for which application threads were stopped: 0,0000878 seconds, Stopping threads took: 0,0000320 seconds
2017-03-18T12:55:07.210+0100: 2302,557: Total time for which application threads were stopped: 0,0000848 seconds, Stopping threads took: 0,0000349 seconds
2017-03-18T12:55:11.210+0100: 2306,558: Total time for which application threads were stopped: 0,0000724 seconds, Stopping threads took: 0,0000191 seconds
2017-03-18T13:10:02.314+0100: 3197,661: Total time for which application threads were stopped: 0,0001160 seconds, Stopping threads took: 0,0000413 seconds
2017-03-18T13:20:46.392+0100: 3841,739: Total time for which application threads were stopped: 0,0000969 seconds, Stopping threads took: 0,0000349 seconds
2017-03-18T13:33:22.486+0100: 4597,834: Total time for which application threads were stopped: 0,0001685 seconds, Stopping threads took: 0,0000636 seconds
2017-03-18T13:36:22.508+0100: 4777,855: Total time for which application threads were stopped: 0,0001222 seconds, Stopping threads took: 0,0000475 seconds
2017-03-18T13:56:42.071+0100: 5997,418: Total time for which application threads were stopped: 0,0119333 seconds, Stopping threads took: 0,0118019 seconds
2017-03-18T13:56:42.075+0100: 5997,422: Total time for which application threads were stopped: 0,0001424 seconds, Stopping threads took: 0,0000723 seconds
2017-03-18T13:56:42.080+0100: 5997,427: Total time for which application threads were stopped: 0,0001266 seconds, Stopping threads took: 0,0000343 seconds
2017-03-18T13:56:42.080+0100: 5997,427: Total time for which application threads were stopped: 0,0000571 seconds, Stopping threads took: 0,0000157 seconds
2017-03-18T13:56:42.080+0100: 5997,427: Total time for which application threads were stopped: 0,0000476 seconds, Stopping threads took: 0,0000128 seconds
2017-03-18T13:56:42.080+0100: 5997,427: Total time for which application threads were stopped: 0,0000468 seconds, Stopping threads took: 0,0000122 seconds
2017-03-18T13:56:42.088+0100: 5997,435: Total time for which application threads were stopped: 0,0001348 seconds, Stopping threads took: 0,0000591 seconds
2017-03-18T13:56:42.089+0100: 5997,436: Total time for which application threads were stopped: 0,0000923 seconds, Stopping threads took: 0,0000237 seconds
2017-03-18T13:56:42.091+0100: 5997,438: Total time for which application threads were stopped: 0,0001124 seconds, Stopping threads took: 0,0000357 seconds
2017-03-18T13:56:42.091+0100: 5997,438: Total time for which application threads were stopped: 0,0000640 seconds, Stopping threads took: 0,0000163 seconds
2017-03-18T13:56:42.091+0100: 5997,438: Total time for which application threads were stopped: 0,0000595 seconds, Stopping threads took: 0,0000140 seconds
2017-03-18T13:56:42.091+0100: 5997,438: Total time for which application threads were stopped: 0,0000538 seconds, Stopping threads took: 0,0000137 seconds
2017-03-18T13:56:42.091+0100: 5997,439: Total time for which application threads were stopped: 0,0000534 seconds, Stopping threads took: 0,0000158 seconds
2017-03-18T13:56:42.091+0100: 5997,439: Total time for which application threads were stopped: 0,0000503 seconds, Stopping threads took: 0,0000119 seconds
2017-03-18T13:56:42.100+0100: 5997,447: Total time for which application threads were stopped: 0,0001190 seconds, Stopping threads took: 0,0000464 seconds
2017-03-18T13:56:42.100+0100: 5997,448: Total time for which application threads were stopped: 0,0000737 seconds, Stopping threads took: 0,0000214 seconds
2017-03-18T13:56:42.101+0100: 5997,448: Total time for which application threads were stopped: 0,0000788 seconds, Stopping threads took: 0,0000368 seconds
2017-03-18T13:56:42.102+0100: 5997,449: Total time for which application threads were stopped: 0,0002975 seconds, Stopping threads took: 0,0001442 seconds
2017-03-18T13:56:42.105+0100: 5997,452: Total time for which application threads were stopped: 0,0000850 seconds, Stopping threads took: 0,0000178 seconds
2017-03-18T13:56:42.105+0100: 5997,452: Total time for which application threads were stopped: 0,0000902 seconds, Stopping threads took: 0,0000483 seconds
2017-03-18T13:56:42.106+0100: 5997,453: Total time for which application threads were stopped: 0,0001035 seconds, Stopping threads took: 0,0000412 seconds
2017-03-18T13:56:42.106+0100: 5997,454: Total time for which application threads were stopped: 0,0000666 seconds, Stopping threads took: 0,0000213 seconds
2017-03-18T13:56:42.107+0100: 5997,454: Total time for which application threads were stopped: 0,0000886 seconds, Stopping threads took: 0,0000122 seconds
2017-03-18T13:56:42.107+0100: 5997,455: Total time for which application threads were stopped: 0,0000543 seconds, Stopping threads took: 0,0000135 seconds
2017-03-18T13:56:42.108+0100: 5997,456: Total time for which application threads were stopped: 0,0001016 seconds, Stopping threads took: 0,0000393 seconds
2017-03-18T13:56:42.108+0100: 5997,456: Total time for which application threads were stopped: 0,0000492 seconds, Stopping threads took: 0,0000149 seconds
2017-03-18T13:56:42.108+0100: 5997,456: Total time for which application threads were stopped: 0,0000537 seconds, Stopping threads took: 0,0000200 seconds
2017-03-18T13:56:42.109+0100: 5997,456: Total time for which application threads were stopped: 0,0000990 seconds, Stopping threads took: 0,0000554 seconds
2017-03-18T13:56:42.109+0100: 5997,456: Total time for which application threads were stopped: 0,0000547 seconds, Stopping threads took: 0,0000209 seconds
2017-03-18T13:56:42.109+0100: 5997,456: Total time for which application threads were stopped: 0,0000380 seconds, Stopping threads took: 0,0000076 seconds
2017-03-18T13:56:42.110+0100: 5997,457: Total time for which application threads were stopped: 0,0008430 seconds, Stopping threads took: 0,0007686 seconds
2017-03-18T13:56:42.110+0100: 5997,457: Total time for which application threads were stopped: 0,0000415 seconds, Stopping threads took: 0,0000071 seconds
2017-03-18T13:56:42.110+0100: 5997,457: Total time for which application threads were stopped: 0,0000363 seconds, Stopping threads took: 0,0000078 seconds
2017-03-18T13:56:42.111+0100: 5997,459: Total time for which application threads were stopped: 0,0001230 seconds, Stopping threads took: 0,0000526 seconds
2017-03-18T13:56:42.112+0100: 5997,459: Total time for which application threads were stopped: 0,0001593 seconds, Stopping threads took: 0,0000107 seconds
2017-03-18T13:56:42.113+0100: 5997,460: Total time for which application threads were stopped: 0,0001018 seconds, Stopping threads took: 0,0000312 seconds
2017-03-18T13:56:42.114+0100: 5997,461: Total time for which application threads were stopped: 0,0005063 seconds, Stopping threads took: 0,0004301 seconds
2017-03-18T13:56:42.115+0100: 5997,462: Total time for which application threads were stopped: 0,0001033 seconds, Stopping threads took: 0,0000126 seconds
2017-03-18T13:56:42.115+0100: 5997,463: Total time for which application threads were stopped: 0,0003932 seconds, Stopping threads took: 0,0002975 seconds
Heap
 par new generation   total 109248K, used 56119K [0x00000000e0000000, 0x00000000e8000000, 0x00000000e8000000)
  eden space 87424K,  46% used [0x00000000e0000000, 0x00000000e27852d8, 0x00000000e5560000)
  from space 21824K,  71% used [0x00000000e6ab0000, 0x00000000e79f89e0, 0x00000000e8000000)
  to   space 21824K,   0% used [0x00000000e5560000, 0x00000000e5560000, 0x00000000e6ab0000)
 concurrent mark-sweep generation total 393216K, used 6634K [0x00000000e8000000, 0x0000000100000000, 0x0000000100000000)
 Metaspace       used 28108K, capacity 28625K, committed 28796K, reserved 1075200K
  class space    used 3234K, capacity 3432K, committed 3452K, reserved 1048576K
