OpenJDK 64-Bit Server VM (25.131-b11) for linux-amd64 JRE (1.8.0_131-8u131-b11-2ubuntu1.16.04.2-b11), built on Jul 22 2017 00:56:41 by "buildd" with gcc 5.4.0 20160609
Memory: 4k page, physical 7867736k(7472328k free), swap 8076284k(8076284k free)
CommandLine flags: -XX:CMSInitiatingOccupancyFraction=50 -XX:CMSMaxAbortablePrecleanTime=6000 -XX:+CMSParallelRemarkEnabled -XX:+CMSScavengeBeforeRemark -XX:ConcGCThreads=4 -XX:InitialHeapSize=536870912 -XX:MaxHeapSize=536870912 -XX:MaxTenuringThreshold=8 -XX:NewRatio=3 -XX:OldPLABSize=16 -XX:OnOutOfMemoryError=/opt/solr/bin/oom_solr.sh 8983 /var/solr/logs -XX:ParallelGCThreads=4 -XX:+ParallelRefProcEnabled -XX:PretenureSizeThreshold=67108864 -XX:+PrintGC -XX:+PrintGCApplicationStoppedTime -XX:+PrintGCDateStamps -XX:+PrintGCDetails -XX:+PrintGCTimeStamps -XX:+PrintHeapAtGC -XX:+PrintTenuringDistribution -XX:SurvivorRatio=4 -XX:TargetSurvivorRatio=90 -XX:ThreadStackSize=256 -XX:+UseCMSInitiatingOccupancyOnly -XX:+UseCompressedClassPointers -XX:+UseCompressedOops -XX:+UseConcMarkSweepGC -XX:+UseParNewGC 
2017-08-01T12:25:00.976+0200: 0,184: Total time for which application threads were stopped: 0,0001999 seconds, Stopping threads took: 0,0000138 seconds
2017-08-01T12:25:01.077+0200: 0,285: Total time for which application threads were stopped: 0,0001215 seconds, Stopping threads took: 0,0000214 seconds
2017-08-01T12:25:01.101+0200: 0,308: Total time for which application threads were stopped: 0,0000937 seconds, Stopping threads took: 0,0000168 seconds
2017-08-01T12:25:01.380+0200: 0,588: Total time for which application threads were stopped: 0,0001454 seconds, Stopping threads took: 0,0000207 seconds
2017-08-01T12:25:01.787+0200: 0,995: Total time for which application threads were stopped: 0,0001444 seconds, Stopping threads took: 0,0000137 seconds
2017-08-01T12:25:01.878+0200: 1,086: Total time for which application threads were stopped: 0,0001761 seconds, Stopping threads took: 0,0000247 seconds
2017-08-01T12:25:01.949+0200: 1,157: Total time for which application threads were stopped: 0,0001883 seconds, Stopping threads took: 0,0000303 seconds
2017-08-01T12:25:02.264+0200: 1,472: Total time for which application threads were stopped: 0,0001837 seconds, Stopping threads took: 0,0000212 seconds
2017-08-01T12:25:02.509+0200: 1,717: Total time for which application threads were stopped: 0,0005401 seconds, Stopping threads took: 0,0000581 seconds
2017-08-01T12:25:02.536+0200: 1,744: Total time for which application threads were stopped: 0,0001679 seconds, Stopping threads took: 0,0000146 seconds
2017-08-01T12:25:02.581+0200: 1,789: Total time for which application threads were stopped: 0,0004176 seconds, Stopping threads took: 0,0001067 seconds
2017-08-01T12:25:02.582+0200: 1,790: Total time for which application threads were stopped: 0,0002146 seconds, Stopping threads took: 0,0000164 seconds
2017-08-01T12:25:02.601+0200: 1,809: Total time for which application threads were stopped: 0,0003003 seconds, Stopping threads took: 0,0000245 seconds
2017-08-01T12:25:02.702+0200: 1,910: Total time for which application threads were stopped: 0,0003047 seconds, Stopping threads took: 0,0000189 seconds
2017-08-01T12:25:02.899+0200: 2,107: Total time for which application threads were stopped: 0,0003018 seconds, Stopping threads took: 0,0000350 seconds
{Heap before GC invocations=0 (full 0):
 par new generation   total 109248K, used 87424K [0x00000000e0000000, 0x00000000e8000000, 0x00000000e8000000)
  eden space 87424K, 100% used [0x00000000e0000000, 0x00000000e5560000, 0x00000000e5560000)
  from space 21824K,   0% used [0x00000000e5560000, 0x00000000e5560000, 0x00000000e6ab0000)
  to   space 21824K,   0% used [0x00000000e6ab0000, 0x00000000e6ab0000, 0x00000000e8000000)
 concurrent mark-sweep generation total 393216K, used 0K [0x00000000e8000000, 0x0000000100000000, 0x0000000100000000)
 Metaspace       used 18028K, capacity 18336K, committed 18688K, reserved 1064960K
  class space    used 2036K, capacity 2196K, committed 2304K, reserved 1048576K
2017-08-01T12:25:02.988+0200: 2,196: [GC (Allocation Failure) 2017-08-01T12:25:02.988+0200: 2,196: [ParNew
Desired survivor size 20112992 bytes, new threshold 8 (max 8)
- age   1:   12609656 bytes,   12609656 total
: 87424K->12429K(109248K), 0,0170940 secs] 87424K->12429K(502464K), 0,0171799 secs] [Times: user=0,06 sys=0,00, real=0,02 secs] 
Heap after GC invocations=1 (full 0):
 par new generation   total 109248K, used 12429K [0x00000000e0000000, 0x00000000e8000000, 0x00000000e8000000)
  eden space 87424K,   0% used [0x00000000e0000000, 0x00000000e0000000, 0x00000000e5560000)
  from space 21824K,  56% used [0x00000000e6ab0000, 0x00000000e76d3538, 0x00000000e8000000)
  to   space 21824K,   0% used [0x00000000e5560000, 0x00000000e5560000, 0x00000000e6ab0000)
 concurrent mark-sweep generation total 393216K, used 0K [0x00000000e8000000, 0x0000000100000000, 0x0000000100000000)
 Metaspace       used 18028K, capacity 18336K, committed 18688K, reserved 1064960K
  class space    used 2036K, capacity 2196K, committed 2304K, reserved 1048576K
}
2017-08-01T12:25:03.006+0200: 2,214: Total time for which application threads were stopped: 0,0174667 seconds, Stopping threads took: 0,0000500 seconds
2017-08-01T12:25:03.357+0200: 2,565: Total time for which application threads were stopped: 0,0003310 seconds, Stopping threads took: 0,0000755 seconds
{Heap before GC invocations=1 (full 0):
 par new generation   total 109248K, used 99853K [0x00000000e0000000, 0x00000000e8000000, 0x00000000e8000000)
  eden space 87424K, 100% used [0x00000000e0000000, 0x00000000e5560000, 0x00000000e5560000)
  from space 21824K,  56% used [0x00000000e6ab0000, 0x00000000e76d3538, 0x00000000e8000000)
  to   space 21824K,   0% used [0x00000000e5560000, 0x00000000e5560000, 0x00000000e6ab0000)
 concurrent mark-sweep generation total 393216K, used 0K [0x00000000e8000000, 0x0000000100000000, 0x0000000100000000)
 Metaspace       used 20039K, capacity 20348K, committed 20736K, reserved 1067008K
  class space    used 2291K, capacity 2464K, committed 2560K, reserved 1048576K
2017-08-01T12:25:03.401+0200: 2,609: [GC (Allocation Failure) 2017-08-01T12:25:03.401+0200: 2,609: [ParNew
Desired survivor size 20112992 bytes, new threshold 8 (max 8)
- age   1:    3786224 bytes,    3786224 total
- age   2:    6678096 bytes,   10464320 total
: 99853K->13728K(109248K), 0,0156707 secs] 99853K->13728K(502464K), 0,0157440 secs] [Times: user=0,04 sys=0,01, real=0,02 secs] 
Heap after GC invocations=2 (full 0):
 par new generation   total 109248K, used 13728K [0x00000000e0000000, 0x00000000e8000000, 0x00000000e8000000)
  eden space 87424K,   0% used [0x00000000e0000000, 0x00000000e0000000, 0x00000000e5560000)
  from space 21824K,  62% used [0x00000000e5560000, 0x00000000e62c81b0, 0x00000000e6ab0000)
  to   space 21824K,   0% used [0x00000000e6ab0000, 0x00000000e6ab0000, 0x00000000e8000000)
 concurrent mark-sweep generation total 393216K, used 0K [0x00000000e8000000, 0x0000000100000000, 0x0000000100000000)
 Metaspace       used 20039K, capacity 20348K, committed 20736K, reserved 1067008K
  class space    used 2291K, capacity 2464K, committed 2560K, reserved 1048576K
}
2017-08-01T12:25:03.417+0200: 2,625: Total time for which application threads were stopped: 0,0159846 seconds, Stopping threads took: 0,0000715 seconds
2017-08-01T12:25:03.418+0200: 2,626: Total time for which application threads were stopped: 0,0003003 seconds, Stopping threads took: 0,0000550 seconds
2017-08-01T12:25:03.455+0200: 2,663: Total time for which application threads were stopped: 0,0004318 seconds, Stopping threads took: 0,0000442 seconds
2017-08-01T12:25:03.579+0200: 2,787: Total time for which application threads were stopped: 0,0001402 seconds, Stopping threads took: 0,0000225 seconds
{Heap before GC invocations=2 (full 0):
 par new generation   total 109248K, used 101152K [0x00000000e0000000, 0x00000000e8000000, 0x00000000e8000000)
  eden space 87424K, 100% used [0x00000000e0000000, 0x00000000e5560000, 0x00000000e5560000)
  from space 21824K,  62% used [0x00000000e5560000, 0x00000000e62c81b0, 0x00000000e6ab0000)
  to   space 21824K,   0% used [0x00000000e6ab0000, 0x00000000e6ab0000, 0x00000000e8000000)
 concurrent mark-sweep generation total 393216K, used 0K [0x00000000e8000000, 0x0000000100000000, 0x0000000100000000)
 Metaspace       used 20991K, capacity 21334K, committed 21628K, reserved 1069056K
  class space    used 2413K, capacity 2583K, committed 2684K, reserved 1048576K
2017-08-01T12:25:03.622+0200: 2,830: [GC (Allocation Failure) 2017-08-01T12:25:03.622+0200: 2,830: [ParNew
Desired survivor size 20112992 bytes, new threshold 8 (max 8)
- age   1:    1991208 bytes,    1991208 total
- age   2:     847864 bytes,    2839072 total
- age   3:    6659664 bytes,    9498736 total
: 101152K->13034K(109248K), 0,0095649 secs] 101152K->13034K(502464K), 0,0096382 secs] [Times: user=0,03 sys=0,00, real=0,00 secs] 
Heap after GC invocations=3 (full 0):
 par new generation   total 109248K, used 13034K [0x00000000e0000000, 0x00000000e8000000, 0x00000000e8000000)
  eden space 87424K,   0% used [0x00000000e0000000, 0x00000000e0000000, 0x00000000e5560000)
  from space 21824K,  59% used [0x00000000e6ab0000, 0x00000000e776aaf8, 0x00000000e8000000)
  to   space 21824K,   0% used [0x00000000e5560000, 0x00000000e5560000, 0x00000000e6ab0000)
 concurrent mark-sweep generation total 393216K, used 0K [0x00000000e8000000, 0x0000000100000000, 0x0000000100000000)
 Metaspace       used 20991K, capacity 21334K, committed 21628K, reserved 1069056K
  class space    used 2413K, capacity 2583K, committed 2684K, reserved 1048576K
}
2017-08-01T12:25:03.632+0200: 2,840: Total time for which application threads were stopped: 0,0131645 seconds, Stopping threads took: 0,0033936 seconds
2017-08-01T12:25:03.632+0200: 2,840: [GC (CMS Initial Mark) [1 CMS-initial-mark: 0K(393216K)] 14476K(502464K), 0,0031230 secs] [Times: user=0,01 sys=0,00, real=0,01 secs] 
2017-08-01T12:25:03.635+0200: 2,843: Total time for which application threads were stopped: 0,0032822 seconds, Stopping threads took: 0,0000662 seconds
2017-08-01T12:25:03.635+0200: 2,843: [CMS-concurrent-mark-start]
2017-08-01T12:25:03.636+0200: 2,844: [CMS-concurrent-mark: 0,000/0,000 secs] [Times: user=0,00 sys=0,00, real=0,00 secs] 
2017-08-01T12:25:03.636+0200: 2,844: [CMS-concurrent-preclean-start]
2017-08-01T12:25:03.637+0200: 2,845: [CMS-concurrent-preclean: 0,001/0,001 secs] [Times: user=0,01 sys=0,00, real=0,00 secs] 
2017-08-01T12:25:03.637+0200: 2,845: [GC (CMS Final Remark) [YG occupancy: 14846 K (109248 K)]{Heap before GC invocations=3 (full 1):
 par new generation   total 109248K, used 14846K [0x00000000e0000000, 0x00000000e8000000, 0x00000000e8000000)
  eden space 87424K,   2% used [0x00000000e0000000, 0x00000000e01c4ea0, 0x00000000e5560000)
  from space 21824K,  59% used [0x00000000e6ab0000, 0x00000000e776aaf8, 0x00000000e8000000)
  to   space 21824K,   0% used [0x00000000e5560000, 0x00000000e5560000, 0x00000000e6ab0000)
 concurrent mark-sweep generation total 393216K, used 0K [0x00000000e8000000, 0x0000000100000000, 0x0000000100000000)
 Metaspace       used 20991K, capacity 21334K, committed 21628K, reserved 1069056K
  class space    used 2413K, capacity 2583K, committed 2684K, reserved 1048576K
2017-08-01T12:25:03.637+0200: 2,845: [GC (CMS Final Remark) 2017-08-01T12:25:03.637+0200: 2,845: [ParNew
Desired survivor size 20112992 bytes, new threshold 8 (max 8)
- age   1:      33512 bytes,      33512 total
- age   2:    1523784 bytes,    1557296 total
- age   3:     818632 bytes,    2375928 total
- age   4:    6659640 bytes,    9035568 total
: 14846K->12317K(109248K), 0,0156788 secs] 14846K->12317K(502464K), 0,0157265 secs] [Times: user=0,02 sys=0,00, real=0,01 secs] 
Heap after GC invocations=4 (full 1):
 par new generation   total 109248K, used 12317K [0x00000000e0000000, 0x00000000e8000000, 0x00000000e8000000)
  eden space 87424K,   0% used [0x00000000e0000000, 0x00000000e0000000, 0x00000000e5560000)
  from space 21824K,  56% used [0x00000000e5560000, 0x00000000e6167470, 0x00000000e6ab0000)
  to   space 21824K,   0% used [0x00000000e6ab0000, 0x00000000e6ab0000, 0x00000000e8000000)
 concurrent mark-sweep generation total 393216K, used 0K [0x00000000e8000000, 0x0000000100000000, 0x0000000100000000)
 Metaspace       used 20991K, capacity 21334K, committed 21628K, reserved 1069056K
  class space    used 2413K, capacity 2583K, committed 2684K, reserved 1048576K
}
2017-08-01T12:25:03.653+0200: 2,861: [Rescan (parallel) , 0,0038802 secs]2017-08-01T12:25:03.657+0200: 2,865: [weak refs processing, 0,0011691 secs]2017-08-01T12:25:03.658+0200: 2,866: [class unloading, 0,0029626 secs]2017-08-01T12:25:03.661+0200: 2,869: [scrub symbol table, 0,0032592 secs]2017-08-01T12:25:03.664+0200: 2,872: [scrub string table, 0,0003629 secs][1 CMS-remark: 0K(393216K)] 12317K(502464K), 0,0280274 secs] [Times: user=0,04 sys=0,00, real=0,03 secs] 
2017-08-01T12:25:03.665+0200: 2,873: Total time for which application threads were stopped: 0,0281596 seconds, Stopping threads took: 0,0000280 seconds
2017-08-01T12:25:03.665+0200: 2,873: [CMS-concurrent-sweep-start]
2017-08-01T12:25:03.665+0200: 2,873: [CMS-concurrent-sweep: 0,000/0,000 secs] [Times: user=0,00 sys=0,00, real=0,00 secs] 
2017-08-01T12:25:03.665+0200: 2,873: [CMS-concurrent-reset-start]
2017-08-01T12:25:03.668+0200: 2,876: [CMS-concurrent-reset: 0,003/0,003 secs] [Times: user=0,01 sys=0,00, real=0,00 secs] 
{Heap before GC invocations=4 (full 1):
 par new generation   total 109248K, used 99741K [0x00000000e0000000, 0x00000000e8000000, 0x00000000e8000000)
  eden space 87424K, 100% used [0x00000000e0000000, 0x00000000e5560000, 0x00000000e5560000)
  from space 21824K,  56% used [0x00000000e5560000, 0x00000000e6167470, 0x00000000e6ab0000)
  to   space 21824K,   0% used [0x00000000e6ab0000, 0x00000000e6ab0000, 0x00000000e8000000)
 concurrent mark-sweep generation total 393216K, used 0K [0x00000000e8000000, 0x0000000100000000, 0x0000000100000000)
 Metaspace       used 21250K, capacity 21610K, committed 21884K, reserved 1069056K
  class space    used 2445K, capacity 2598K, committed 2684K, reserved 1048576K
2017-08-01T12:25:03.774+0200: 2,982: [GC (Allocation Failure) 2017-08-01T12:25:03.774+0200: 2,982: [ParNew
Desired survivor size 20112992 bytes, new threshold 8 (max 8)
- age   1:     696536 bytes,     696536 total
- age   2:        184 bytes,     696720 total
- age   3:    1453088 bytes,    2149808 total
- age   4:     816408 bytes,    2966216 total
- age   5:    6659800 bytes,    9626016 total
: 99741K->11351K(109248K), 0,0091842 secs] 99741K->11351K(502464K), 0,0092454 secs] [Times: user=0,03 sys=0,00, real=0,01 secs] 
Heap after GC invocations=5 (full 1):
 par new generation   total 109248K, used 11351K [0x00000000e0000000, 0x00000000e8000000, 0x00000000e8000000)
  eden space 87424K,   0% used [0x00000000e0000000, 0x00000000e0000000, 0x00000000e5560000)
  from space 21824K,  52% used [0x00000000e6ab0000, 0x00000000e75c5e40, 0x00000000e8000000)
  to   space 21824K,   0% used [0x00000000e5560000, 0x00000000e5560000, 0x00000000e6ab0000)
 concurrent mark-sweep generation total 393216K, used 0K [0x00000000e8000000, 0x0000000100000000, 0x0000000100000000)
 Metaspace       used 21250K, capacity 21610K, committed 21884K, reserved 1069056K
  class space    used 2445K, capacity 2598K, committed 2684K, reserved 1048576K
}
2017-08-01T12:25:03.783+0200: 2,991: Total time for which application threads were stopped: 0,0129230 seconds, Stopping threads took: 0,0035341 seconds
{Heap before GC invocations=5 (full 1):
 par new generation   total 109248K, used 98775K [0x00000000e0000000, 0x00000000e8000000, 0x00000000e8000000)
  eden space 87424K, 100% used [0x00000000e0000000, 0x00000000e5560000, 0x00000000e5560000)
  from space 21824K,  52% used [0x00000000e6ab0000, 0x00000000e75c5e40, 0x00000000e8000000)
  to   space 21824K,   0% used [0x00000000e5560000, 0x00000000e5560000, 0x00000000e6ab0000)
 concurrent mark-sweep generation total 393216K, used 0K [0x00000000e8000000, 0x0000000100000000, 0x0000000100000000)
 Metaspace       used 21415K, capacity 21788K, committed 21884K, reserved 1069056K
  class space    used 2464K, capacity 2633K, committed 2684K, reserved 1048576K
2017-08-01T12:25:03.861+0200: 3,069: [GC (Allocation Failure) 2017-08-01T12:25:03.861+0200: 3,069: [ParNew
Desired survivor size 20112992 bytes, new threshold 8 (max 8)
- age   1:     425896 bytes,     425896 total
- age   2:     186416 bytes,     612312 total
- age   3:        184 bytes,     612496 total
- age   4:    1452680 bytes,    2065176 total
- age   5:     812536 bytes,    2877712 total
- age   6:    6659656 bytes,    9537368 total
: 98775K->12278K(109248K), 0,0093690 secs] 98775K->12278K(502464K), 0,0094348 secs] [Times: user=0,04 sys=0,00, real=0,01 secs] 
Heap after GC invocations=6 (full 1):
 par new generation   total 109248K, used 12278K [0x00000000e0000000, 0x00000000e8000000, 0x00000000e8000000)
  eden space 87424K,   0% used [0x00000000e0000000, 0x00000000e0000000, 0x00000000e5560000)
  from space 21824K,  56% used [0x00000000e5560000, 0x00000000e615d840, 0x00000000e6ab0000)
  to   space 21824K,   0% used [0x00000000e6ab0000, 0x00000000e6ab0000, 0x00000000e8000000)
 concurrent mark-sweep generation total 393216K, used 0K [0x00000000e8000000, 0x0000000100000000, 0x0000000100000000)
 Metaspace       used 21415K, capacity 21788K, committed 21884K, reserved 1069056K
  class space    used 2464K, capacity 2633K, committed 2684K, reserved 1048576K
}
2017-08-01T12:25:03.870+0200: 3,078: Total time for which application threads were stopped: 0,0096255 seconds, Stopping threads took: 0,0000624 seconds
2017-08-01T12:25:03.902+0200: 3,110: Total time for which application threads were stopped: 0,0003478 seconds, Stopping threads took: 0,0000242 seconds
2017-08-01T12:25:04.134+0200: 3,342: Total time for which application threads were stopped: 0,0004032 seconds, Stopping threads took: 0,0000348 seconds
2017-08-01T12:25:04.148+0200: 3,356: Total time for which application threads were stopped: 0,0004547 seconds, Stopping threads took: 0,0000263 seconds
{Heap before GC invocations=6 (full 1):
 par new generation   total 109248K, used 99686K [0x00000000e0000000, 0x00000000e8000000, 0x00000000e8000000)
  eden space 87424K,  99% used [0x00000000e0000000, 0x00000000e555c350, 0x00000000e5560000)
  from space 21824K,  56% used [0x00000000e5560000, 0x00000000e615d840, 0x00000000e6ab0000)
  to   space 21824K,   0% used [0x00000000e6ab0000, 0x00000000e6ab0000, 0x00000000e8000000)
 concurrent mark-sweep generation total 393216K, used 0K [0x00000000e8000000, 0x0000000100000000, 0x0000000100000000)
 Metaspace       used 23624K, capacity 24132K, committed 24316K, reserved 1071104K
  class space    used 2744K, capacity 2945K, committed 3068K, reserved 1048576K
2017-08-01T12:25:04.286+0200: 3,493: [GC (Allocation Failure) 2017-08-01T12:25:04.286+0200: 3,494: [ParNew
Desired survivor size 20112992 bytes, new threshold 8 (max 8)
- age   1:    4783704 bytes,    4783704 total
- age   2:     132480 bytes,    4916184 total
- age   3:     184952 bytes,    5101136 total
- age   4:        184 bytes,    5101320 total
- age   5:     282872 bytes,    5384192 total
- age   6:     788120 bytes,    6172312 total
- age   7:    6651448 bytes,   12823760 total
: 99686K->15232K(109248K), 0,0142990 secs] 99686K->15232K(502464K), 0,0143675 secs] [Times: user=0,05 sys=0,00, real=0,01 secs] 
Heap after GC invocations=7 (full 1):
 par new generation   total 109248K, used 15232K [0x00000000e0000000, 0x00000000e8000000, 0x00000000e8000000)
  eden space 87424K,   0% used [0x00000000e0000000, 0x00000000e0000000, 0x00000000e5560000)
  from space 21824K,  69% used [0x00000000e6ab0000, 0x00000000e7990100, 0x00000000e8000000)
  to   space 21824K,   0% used [0x00000000e5560000, 0x00000000e5560000, 0x00000000e6ab0000)
 concurrent mark-sweep generation total 393216K, used 0K [0x00000000e8000000, 0x0000000100000000, 0x0000000100000000)
 Metaspace       used 23624K, capacity 24132K, committed 24316K, reserved 1071104K
  class space    used 2744K, capacity 2945K, committed 3068K, reserved 1048576K
}
2017-08-01T12:25:04.300+0200: 3,508: Total time for which application threads were stopped: 0,0146426 seconds, Stopping threads took: 0,0000494 seconds
{Heap before GC invocations=7 (full 1):
 par new generation   total 109248K, used 102656K [0x00000000e0000000, 0x00000000e8000000, 0x00000000e8000000)
  eden space 87424K, 100% used [0x00000000e0000000, 0x00000000e5560000, 0x00000000e5560000)
  from space 21824K,  69% used [0x00000000e6ab0000, 0x00000000e7990100, 0x00000000e8000000)
  to   space 21824K,   0% used [0x00000000e5560000, 0x00000000e5560000, 0x00000000e6ab0000)
 concurrent mark-sweep generation total 393216K, used 0K [0x00000000e8000000, 0x0000000100000000, 0x0000000100000000)
 Metaspace       used 24311K, capacity 24810K, committed 25084K, reserved 1071104K
  class space    used 2846K, capacity 3042K, committed 3068K, reserved 1048576K
2017-08-01T12:25:04.400+0200: 3,608: [GC (Allocation Failure) 2017-08-01T12:25:04.400+0200: 3,608: [ParNew
Desired survivor size 20112992 bytes, new threshold 8 (max 8)
- age   1:    1946360 bytes,    1946360 total
- age   2:    1757008 bytes,    3703368 total
- age   3:      63504 bytes,    3766872 total
- age   4:     101384 bytes,    3868256 total
- age   5:        184 bytes,    3868440 total
- age   6:     186832 bytes,    4055272 total
- age   7:     745920 bytes,    4801192 total
- age   8:    6118608 bytes,   10919800 total
: 102656K->16165K(109248K), 0,0144286 secs] 102656K->16165K(502464K), 0,0145166 secs] [Times: user=0,06 sys=0,00, real=0,02 secs] 
Heap after GC invocations=8 (full 1):
 par new generation   total 109248K, used 16165K [0x00000000e0000000, 0x00000000e8000000, 0x00000000e8000000)
  eden space 87424K,   0% used [0x00000000e0000000, 0x00000000e0000000, 0x00000000e5560000)
  from space 21824K,  74% used [0x00000000e5560000, 0x00000000e65296f0, 0x00000000e6ab0000)
  to   space 21824K,   0% used [0x00000000e6ab0000, 0x00000000e6ab0000, 0x00000000e8000000)
 concurrent mark-sweep generation total 393216K, used 0K [0x00000000e8000000, 0x0000000100000000, 0x0000000100000000)
 Metaspace       used 24311K, capacity 24810K, committed 25084K, reserved 1071104K
  class space    used 2846K, capacity 3042K, committed 3068K, reserved 1048576K
}
2017-08-01T12:25:04.414+0200: 3,622: Total time for which application threads were stopped: 0,0149749 seconds, Stopping threads took: 0,0002676 seconds
{Heap before GC invocations=8 (full 1):
 par new generation   total 109248K, used 103589K [0x00000000e0000000, 0x00000000e8000000, 0x00000000e8000000)
  eden space 87424K, 100% used [0x00000000e0000000, 0x00000000e5560000, 0x00000000e5560000)
  from space 21824K,  74% used [0x00000000e5560000, 0x00000000e65296f0, 0x00000000e6ab0000)
  to   space 21824K,   0% used [0x00000000e6ab0000, 0x00000000e6ab0000, 0x00000000e8000000)
 concurrent mark-sweep generation total 393216K, used 0K [0x00000000e8000000, 0x0000000100000000, 0x0000000100000000)
 Metaspace       used 24529K, capacity 24964K, committed 25084K, reserved 1071104K
  class space    used 2862K, capacity 3047K, committed 3068K, reserved 1048576K
2017-08-01T12:25:04.498+0200: 3,706: [GC (Allocation Failure) 2017-08-01T12:25:04.498+0200: 3,706: [ParNew
Desired survivor size 20112992 bytes, new threshold 8 (max 8)
- age   1:     475528 bytes,     475528 total
- age   2:    1001904 bytes,    1477432 total
- age   3:    1732904 bytes,    3210336 total
- age   4:      63472 bytes,    3273808 total
- age   5:     101216 bytes,    3375024 total
- age   6:        184 bytes,    3375208 total
- age   7:     184032 bytes,    3559240 total
- age   8:     745152 bytes,    4304392 total
: 103589K->6700K(109248K), 0,0345960 secs] 103589K->12757K(502464K), 0,0346752 secs] [Times: user=0,10 sys=0,01, real=0,03 secs] 
Heap after GC invocations=9 (full 1):
 par new generation   total 109248K, used 6700K [0x00000000e0000000, 0x00000000e8000000, 0x00000000e8000000)
  eden space 87424K,   0% used [0x00000000e0000000, 0x00000000e0000000, 0x00000000e5560000)
  from space 21824K,  30% used [0x00000000e6ab0000, 0x00000000e713b140, 0x00000000e8000000)
  to   space 21824K,   0% used [0x00000000e5560000, 0x00000000e5560000, 0x00000000e6ab0000)
 concurrent mark-sweep generation total 393216K, used 6057K [0x00000000e8000000, 0x0000000100000000, 0x0000000100000000)
 Metaspace       used 24529K, capacity 24964K, committed 25084K, reserved 1071104K
  class space    used 2862K, capacity 3047K, committed 3068K, reserved 1048576K
}
2017-08-01T12:25:04.532+0200: 3,740: Total time for which application threads were stopped: 0,0349609 seconds, Stopping threads took: 0,0000789 seconds
2017-08-01T12:25:04.849+0200: 4,057: Total time for which application threads were stopped: 0,0004861 seconds, Stopping threads took: 0,0000873 seconds
2017-08-01T12:25:04.851+0200: 4,059: Total time for which application threads were stopped: 0,0001422 seconds, Stopping threads took: 0,0000381 seconds
2017-08-01T12:25:04.857+0200: 4,065: Total time for which application threads were stopped: 0,0049029 seconds, Stopping threads took: 0,0047839 seconds
2017-08-01T12:25:04.859+0200: 4,067: Total time for which application threads were stopped: 0,0005810 seconds, Stopping threads took: 0,0001562 seconds
2017-08-01T12:25:04.864+0200: 4,072: Total time for which application threads were stopped: 0,0023765 seconds, Stopping threads took: 0,0022693 seconds
2017-08-01T12:25:04.865+0200: 4,073: Total time for which application threads were stopped: 0,0006330 seconds, Stopping threads took: 0,0005300 seconds
2017-08-01T12:25:04.866+0200: 4,074: Total time for which application threads were stopped: 0,0001645 seconds, Stopping threads took: 0,0000359 seconds
2017-08-01T12:25:04.885+0200: 4,093: Total time for which application threads were stopped: 0,0001788 seconds, Stopping threads took: 0,0000573 seconds
2017-08-01T12:25:04.898+0200: 4,106: Total time for which application threads were stopped: 0,0001281 seconds, Stopping threads took: 0,0000421 seconds
2017-08-01T12:25:04.899+0200: 4,107: Total time for which application threads were stopped: 0,0001072 seconds, Stopping threads took: 0,0000325 seconds
2017-08-01T12:25:04.901+0200: 4,109: Total time for which application threads were stopped: 0,0001242 seconds, Stopping threads took: 0,0000418 seconds
2017-08-01T12:25:04.912+0200: 4,120: Total time for which application threads were stopped: 0,0003118 seconds, Stopping threads took: 0,0002230 seconds
2017-08-01T12:25:04.915+0200: 4,123: Total time for which application threads were stopped: 0,0004816 seconds, Stopping threads took: 0,0000429 seconds
2017-08-01T12:25:04.917+0200: 4,125: Total time for which application threads were stopped: 0,0001504 seconds, Stopping threads took: 0,0000370 seconds
2017-08-01T12:25:04.926+0200: 4,134: Total time for which application threads were stopped: 0,0002220 seconds, Stopping threads took: 0,0000513 seconds
2017-08-01T12:25:04.931+0200: 4,139: Total time for which application threads were stopped: 0,0001479 seconds, Stopping threads took: 0,0000361 seconds
2017-08-01T12:25:04.932+0200: 4,140: Total time for which application threads were stopped: 0,0004362 seconds, Stopping threads took: 0,0000134 seconds
2017-08-01T12:25:04.938+0200: 4,146: Total time for which application threads were stopped: 0,0042561 seconds, Stopping threads took: 0,0041711 seconds
2017-08-01T12:25:04.941+0200: 4,149: Total time for which application threads were stopped: 0,0001321 seconds, Stopping threads took: 0,0000332 seconds
2017-08-01T12:25:04.942+0200: 4,150: Total time for which application threads were stopped: 0,0001450 seconds, Stopping threads took: 0,0000346 seconds
2017-08-01T12:25:04.946+0200: 4,154: Total time for which application threads were stopped: 0,0007138 seconds, Stopping threads took: 0,0006193 seconds
2017-08-01T12:25:04.950+0200: 4,158: Total time for which application threads were stopped: 0,0024507 seconds, Stopping threads took: 0,0023499 seconds
2017-08-01T12:25:04.954+0200: 4,162: Total time for which application threads were stopped: 0,0001294 seconds, Stopping threads took: 0,0000340 seconds
2017-08-01T12:25:04.955+0200: 4,163: Total time for which application threads were stopped: 0,0002235 seconds, Stopping threads took: 0,0000327 seconds
2017-08-01T12:25:04.956+0200: 4,164: Total time for which application threads were stopped: 0,0001084 seconds, Stopping threads took: 0,0000317 seconds
2017-08-01T12:25:05.006+0200: 4,214: Total time for which application threads were stopped: 0,0040143 seconds, Stopping threads took: 0,0035869 seconds
2017-08-01T12:25:05.019+0200: 4,227: Total time for which application threads were stopped: 0,0061609 seconds, Stopping threads took: 0,0060591 seconds
2017-08-01T12:25:05.030+0200: 4,238: Total time for which application threads were stopped: 0,0001511 seconds, Stopping threads took: 0,0000421 seconds
2017-08-01T12:25:05.034+0200: 4,242: Total time for which application threads were stopped: 0,0000931 seconds, Stopping threads took: 0,0000368 seconds
2017-08-01T12:25:05.035+0200: 4,243: Total time for which application threads were stopped: 0,0000820 seconds, Stopping threads took: 0,0000258 seconds
2017-08-01T12:25:05.040+0200: 4,248: Total time for which application threads were stopped: 0,0001067 seconds, Stopping threads took: 0,0000339 seconds
2017-08-01T12:25:05.045+0200: 4,253: Total time for which application threads were stopped: 0,0001898 seconds, Stopping threads took: 0,0000987 seconds
2017-08-01T12:25:05.045+0200: 4,253: Total time for which application threads were stopped: 0,0000873 seconds, Stopping threads took: 0,0000234 seconds
2017-08-01T12:25:05.045+0200: 4,253: Total time for which application threads were stopped: 0,0000727 seconds, Stopping threads took: 0,0000373 seconds
2017-08-01T12:25:05.046+0200: 4,254: Total time for which application threads were stopped: 0,0000511 seconds, Stopping threads took: 0,0000122 seconds
2017-08-01T12:25:05.046+0200: 4,254: Total time for which application threads were stopped: 0,0000446 seconds, Stopping threads took: 0,0000091 seconds
2017-08-01T12:25:05.046+0200: 4,254: Total time for which application threads were stopped: 0,0000409 seconds, Stopping threads took: 0,0000081 seconds
2017-08-01T12:25:05.046+0200: 4,254: Total time for which application threads were stopped: 0,0000711 seconds, Stopping threads took: 0,0000228 seconds
2017-08-01T12:25:05.046+0200: 4,254: Total time for which application threads were stopped: 0,0000507 seconds, Stopping threads took: 0,0000165 seconds
2017-08-01T12:25:05.046+0200: 4,254: Total time for which application threads were stopped: 0,0000583 seconds, Stopping threads took: 0,0000225 seconds
2017-08-01T12:25:05.046+0200: 4,254: Total time for which application threads were stopped: 0,0000494 seconds, Stopping threads took: 0,0000088 seconds
2017-08-01T12:25:05.046+0200: 4,254: Total time for which application threads were stopped: 0,0000507 seconds, Stopping threads took: 0,0000147 seconds
2017-08-01T12:25:05.047+0200: 4,255: Total time for which application threads were stopped: 0,0000499 seconds, Stopping threads took: 0,0000119 seconds
2017-08-01T12:25:05.047+0200: 4,255: Total time for which application threads were stopped: 0,0000518 seconds, Stopping threads took: 0,0000167 seconds
2017-08-01T12:25:05.047+0200: 4,255: Total time for which application threads were stopped: 0,0000470 seconds, Stopping threads took: 0,0000101 seconds
2017-08-01T12:25:05.047+0200: 4,255: Total time for which application threads were stopped: 0,0000483 seconds, Stopping threads took: 0,0000155 seconds
2017-08-01T12:25:05.047+0200: 4,255: Total time for which application threads were stopped: 0,0000410 seconds, Stopping threads took: 0,0000076 seconds
2017-08-01T12:25:05.047+0200: 4,255: Total time for which application threads were stopped: 0,0001297 seconds, Stopping threads took: 0,0000156 seconds
2017-08-01T12:25:05.054+0200: 4,262: Total time for which application threads were stopped: 0,0032558 seconds, Stopping threads took: 0,0031464 seconds
2017-08-01T12:25:05.068+0200: 4,276: Total time for which application threads were stopped: 0,0001304 seconds, Stopping threads took: 0,0000237 seconds
2017-08-01T12:25:05.069+0200: 4,277: Total time for which application threads were stopped: 0,0005840 seconds, Stopping threads took: 0,0005059 seconds
2017-08-01T12:25:05.079+0200: 4,287: Total time for which application threads were stopped: 0,0000947 seconds, Stopping threads took: 0,0000194 seconds
2017-08-01T12:25:05.110+0200: 4,318: Total time for which application threads were stopped: 0,0034658 seconds, Stopping threads took: 0,0033640 seconds
2017-08-01T12:25:05.142+0200: 4,350: Total time for which application threads were stopped: 0,0001259 seconds, Stopping threads took: 0,0000373 seconds
2017-08-01T12:25:05.143+0200: 4,351: Total time for which application threads were stopped: 0,0004141 seconds, Stopping threads took: 0,0000145 seconds
2017-08-01T12:25:05.143+0200: 4,351: Total time for which application threads were stopped: 0,0000823 seconds, Stopping threads took: 0,0000255 seconds
2017-08-01T12:25:05.148+0200: 4,356: Total time for which application threads were stopped: 0,0001045 seconds, Stopping threads took: 0,0000328 seconds
2017-08-01T12:25:06.148+0200: 5,356: Total time for which application threads were stopped: 0,0000743 seconds, Stopping threads took: 0,0000198 seconds
{Heap before GC invocations=9 (full 1):
 par new generation   total 109248K, used 94124K [0x00000000e0000000, 0x00000000e8000000, 0x00000000e8000000)
  eden space 87424K, 100% used [0x00000000e0000000, 0x00000000e5560000, 0x00000000e5560000)
  from space 21824K,  30% used [0x00000000e6ab0000, 0x00000000e713b140, 0x00000000e8000000)
  to   space 21824K,   0% used [0x00000000e5560000, 0x00000000e5560000, 0x00000000e6ab0000)
 concurrent mark-sweep generation total 393216K, used 6057K [0x00000000e8000000, 0x0000000100000000, 0x0000000100000000)
 Metaspace       used 28075K, capacity 28612K, committed 28796K, reserved 1075200K
  class space    used 3209K, capacity 3385K, committed 3452K, reserved 1048576K
2017-08-01T12:25:11.799+0200: 11,007: [GC (Allocation Failure) 2017-08-01T12:25:11.799+0200: 11,007: [ParNew
Desired survivor size 20112992 bytes, new threshold 8 (max 8)
- age   1:   11334312 bytes,   11334312 total
- age   2:     172888 bytes,   11507200 total
- age   3:     222200 bytes,   11729400 total
- age   4:    1726752 bytes,   13456152 total
- age   5:      61024 bytes,   13517176 total
- age   6:     100992 bytes,   13618168 total
- age   7:        184 bytes,   13618352 total
- age   8:     183472 bytes,   13801824 total
: 94124K->15240K(109248K), 0,0461379 secs] 100181K->22110K(502464K), 0,0462452 secs] [Times: user=0,04 sys=0,00, real=0,05 secs] 
Heap after GC invocations=10 (full 1):
 par new generation   total 109248K, used 15240K [0x00000000e0000000, 0x00000000e8000000, 0x00000000e8000000)
  eden space 87424K,   0% used [0x00000000e0000000, 0x00000000e0000000, 0x00000000e5560000)
  from space 21824K,  69% used [0x00000000e5560000, 0x00000000e64421e0, 0x00000000e6ab0000)
  to   space 21824K,   0% used [0x00000000e6ab0000, 0x00000000e6ab0000, 0x00000000e8000000)
 concurrent mark-sweep generation total 393216K, used 6869K [0x00000000e8000000, 0x0000000100000000, 0x0000000100000000)
 Metaspace       used 28075K, capacity 28612K, committed 28796K, reserved 1075200K
  class space    used 3209K, capacity 3385K, committed 3452K, reserved 1048576K
}
2017-08-01T12:25:11.845+0200: 11,053: Total time for which application threads were stopped: 0,0464601 seconds, Stopping threads took: 0,0000313 seconds
2017-08-01T12:25:11.846+0200: 11,054: Total time for which application threads were stopped: 0,0000749 seconds, Stopping threads took: 0,0000234 seconds
2017-08-01T12:25:11.854+0200: 11,062: Total time for which application threads were stopped: 0,0078136 seconds, Stopping threads took: 0,0077434 seconds
2017-08-01T12:26:57.205+0200: 117,072: Total time for which application threads were stopped: 0,0001089 seconds, Stopping threads took: 0,0000462 seconds
2017-08-01T12:27:02.206+0200: 122,073: Total time for which application threads were stopped: 0,0000723 seconds, Stopping threads took: 0,0000182 seconds
2017-08-01T12:28:01.213+0200: 181,080: Total time for which application threads were stopped: 0,0001484 seconds, Stopping threads took: 0,0000580 seconds
2017-08-01T12:28:06.214+0200: 186,081: Total time for which application threads were stopped: 0,0000975 seconds, Stopping threads took: 0,0000408 seconds
2017-08-01T12:48:31.348+0200: 1411,216: Total time for which application threads were stopped: 0,0001039 seconds, Stopping threads took: 0,0000416 seconds
2017-08-01T12:53:51.382+0200: 1731,249: Total time for which application threads were stopped: 0,0000798 seconds, Stopping threads took: 0,0000308 seconds
2017-08-01T13:03:22.438+0200: 2302,306: Total time for which application threads were stopped: 0,0000944 seconds, Stopping threads took: 0,0000333 seconds
2017-08-01T13:03:26.439+0200: 2306,306: Total time for which application threads were stopped: 0,0000619 seconds, Stopping threads took: 0,0000137 seconds
2017-08-01T13:18:12.542+0200: 3192,410: Total time for which application threads were stopped: 0,0001072 seconds, Stopping threads took: 0,0000533 seconds
2017-08-01T13:18:17.543+0200: 3197,411: Total time for which application threads were stopped: 0,0000777 seconds, Stopping threads took: 0,0000296 seconds
2017-08-01T13:27:26.604+0200: 3746,472: Total time for which application threads were stopped: 0,0001882 seconds, Stopping threads took: 0,0000513 seconds
2017-08-01T13:29:01.614+0200: 3841,482: Total time for which application threads were stopped: 0,0000878 seconds, Stopping threads took: 0,0000336 seconds
2017-08-01T13:29:06.615+0200: 3846,483: Total time for which application threads were stopped: 0,0000805 seconds, Stopping threads took: 0,0000172 seconds
2017-08-01T13:43:17.717+0200: 4697,584: Total time for which application threads were stopped: 0,0000894 seconds, Stopping threads took: 0,0000342 seconds
2017-08-01T13:43:22.717+0200: 4702,585: Total time for which application threads were stopped: 0,0000608 seconds, Stopping threads took: 0,0000142 seconds
2017-08-01T14:09:22.897+0200: 6262,764: Total time for which application threads were stopped: 0,0000914 seconds, Stopping threads took: 0,0000338 seconds
2017-08-01T14:27:02.002+0200: 7321,869: Total time for which application threads were stopped: 0,0007713 seconds, Stopping threads took: 0,0001756 seconds
2017-08-01T14:28:02.009+0200: 7381,876: Total time for which application threads were stopped: 0,0000826 seconds, Stopping threads took: 0,0000328 seconds
2017-08-01T14:33:02.042+0200: 7681,910: Total time for which application threads were stopped: 0,0000931 seconds, Stopping threads took: 0,0000340 seconds
2017-08-01T15:37:02.436+0200: 11522,304: Total time for which application threads were stopped: 0,0000824 seconds, Stopping threads took: 0,0000320 seconds
2017-08-01T15:37:32.440+0200: 11552,308: Total time for which application threads were stopped: 0,0007410 seconds, Stopping threads took: 0,0002799 seconds
2017-08-01T16:41:01.830+0200: 15361,698: Total time for which application threads were stopped: 0,0000921 seconds, Stopping threads took: 0,0000345 seconds
2017-08-01T16:42:31.840+0200: 15451,708: Total time for which application threads were stopped: 0,0001058 seconds, Stopping threads took: 0,0000384 seconds
2017-08-01T18:40:01.749+0200: 22501,617: Total time for which application threads were stopped: 0,0001675 seconds, Stopping threads took: 0,0000602 seconds
2017-08-02T00:16:08.024+0200: 42667,891: Total time for which application threads were stopped: 0,0498574 seconds, Stopping threads took: 0,0497683 seconds
2017-08-02T00:16:08.037+0200: 42667,904: Total time for which application threads were stopped: 0,0024086 seconds, Stopping threads took: 0,0023172 seconds
2017-08-02T00:16:08.041+0200: 42667,908: Total time for which application threads were stopped: 0,0000858 seconds, Stopping threads took: 0,0000158 seconds
2017-08-02T00:16:08.041+0200: 42667,908: Total time for which application threads were stopped: 0,0000603 seconds, Stopping threads took: 0,0000068 seconds
2017-08-02T00:16:08.041+0200: 42667,909: Total time for which application threads were stopped: 0,0000431 seconds, Stopping threads took: 0,0000063 seconds
2017-08-02T00:16:08.041+0200: 42667,909: Total time for which application threads were stopped: 0,0000900 seconds, Stopping threads took: 0,0000265 seconds
2017-08-02T00:16:08.045+0200: 42667,913: Total time for which application threads were stopped: 0,0001417 seconds, Stopping threads took: 0,0000463 seconds
2017-08-02T00:16:08.045+0200: 42667,913: Total time for which application threads were stopped: 0,0000794 seconds, Stopping threads took: 0,0000183 seconds
2017-08-02T00:16:08.046+0200: 42667,913: Total time for which application threads were stopped: 0,0000720 seconds, Stopping threads took: 0,0000190 seconds
2017-08-02T00:16:08.046+0200: 42667,913: Total time for which application threads were stopped: 0,0000632 seconds, Stopping threads took: 0,0000160 seconds
2017-08-02T00:16:08.052+0200: 42667,919: Total time for which application threads were stopped: 0,0001201 seconds, Stopping threads took: 0,0000437 seconds
2017-08-02T00:16:08.063+0200: 42667,931: Total time for which application threads were stopped: 0,0000948 seconds, Stopping threads took: 0,0000259 seconds
2017-08-02T00:16:08.063+0200: 42667,931: Total time for which application threads were stopped: 0,0000550 seconds, Stopping threads took: 0,0000149 seconds
2017-08-02T00:16:08.063+0200: 42667,931: Total time for which application threads were stopped: 0,0000462 seconds, Stopping threads took: 0,0000127 seconds
2017-08-02T00:16:08.064+0200: 42667,931: Total time for which application threads were stopped: 0,0000456 seconds, Stopping threads took: 0,0000115 seconds
2017-08-02T00:16:08.064+0200: 42667,931: Total time for which application threads were stopped: 0,0000419 seconds, Stopping threads took: 0,0000110 seconds
2017-08-02T00:16:08.064+0200: 42667,931: Total time for which application threads were stopped: 0,0000423 seconds, Stopping threads took: 0,0000114 seconds
2017-08-02T00:16:08.064+0200: 42667,931: Total time for which application threads were stopped: 0,0000471 seconds, Stopping threads took: 0,0000144 seconds
2017-08-02T00:16:08.064+0200: 42667,932: Total time for which application threads were stopped: 0,0000430 seconds, Stopping threads took: 0,0000112 seconds
2017-08-02T00:16:08.072+0200: 42667,940: Total time for which application threads were stopped: 0,0001655 seconds, Stopping threads took: 0,0000443 seconds
2017-08-02T00:16:08.073+0200: 42667,940: Total time for which application threads were stopped: 0,0002655 seconds, Stopping threads took: 0,0001833 seconds
2017-08-02T00:16:08.073+0200: 42667,940: Total time for which application threads were stopped: 0,0001081 seconds, Stopping threads took: 0,0000203 seconds
2017-08-02T00:16:08.073+0200: 42667,940: Total time for which application threads were stopped: 0,0000655 seconds, Stopping threads took: 0,0000157 seconds
2017-08-02T00:16:08.077+0200: 42667,945: Total time for which application threads were stopped: 0,0000901 seconds, Stopping threads took: 0,0000253 seconds
2017-08-02T00:16:08.077+0200: 42667,945: Total time for which application threads were stopped: 0,0000631 seconds, Stopping threads took: 0,0000167 seconds
2017-08-02T00:16:08.077+0200: 42667,945: Total time for which application threads were stopped: 0,0000552 seconds, Stopping threads took: 0,0000139 seconds
2017-08-02T00:16:08.077+0200: 42667,945: Total time for which application threads were stopped: 0,0000507 seconds, Stopping threads took: 0,0000150 seconds
2017-08-02T00:16:08.079+0200: 42667,947: Total time for which application threads were stopped: 0,0001154 seconds, Stopping threads took: 0,0000321 seconds
2017-08-02T00:16:08.079+0200: 42667,947: Total time for which application threads were stopped: 0,0000718 seconds, Stopping threads took: 0,0000172 seconds
2017-08-02T00:16:08.079+0200: 42667,947: Total time for which application threads were stopped: 0,0000698 seconds, Stopping threads took: 0,0000181 seconds
2017-08-02T00:16:08.080+0200: 42667,947: Total time for which application threads were stopped: 0,0000824 seconds, Stopping threads took: 0,0000228 seconds
2017-08-02T00:16:08.080+0200: 42667,948: Total time for which application threads were stopped: 0,0000641 seconds, Stopping threads took: 0,0000156 seconds
2017-08-02T00:16:08.080+0200: 42667,948: Total time for which application threads were stopped: 0,0000573 seconds, Stopping threads took: 0,0000158 seconds
2017-08-02T00:16:08.080+0200: 42667,948: Total time for which application threads were stopped: 0,0000641 seconds, Stopping threads took: 0,0000189 seconds
2017-08-02T00:16:08.080+0200: 42667,948: Total time for which application threads were stopped: 0,0000570 seconds, Stopping threads took: 0,0000157 seconds
2017-08-02T00:16:08.080+0200: 42667,948: Total time for which application threads were stopped: 0,0000530 seconds, Stopping threads took: 0,0000135 seconds
2017-08-02T00:16:08.081+0200: 42667,948: Total time for which application threads were stopped: 0,0000574 seconds, Stopping threads took: 0,0000185 seconds
2017-08-02T00:16:08.081+0200: 42667,949: Total time for which application threads were stopped: 0,0000527 seconds, Stopping threads took: 0,0000131 seconds
2017-08-02T00:16:08.081+0200: 42667,949: Total time for which application threads were stopped: 0,0000526 seconds, Stopping threads took: 0,0000130 seconds
2017-08-02T00:16:08.081+0200: 42667,949: Total time for which application threads were stopped: 0,0000589 seconds, Stopping threads took: 0,0000181 seconds
2017-08-02T00:16:08.081+0200: 42667,949: Total time for which application threads were stopped: 0,0000516 seconds, Stopping threads took: 0,0000132 seconds
2017-08-02T00:16:08.081+0200: 42667,949: Total time for which application threads were stopped: 0,0000509 seconds, Stopping threads took: 0,0000129 seconds
2017-08-02T00:16:08.082+0200: 42667,949: Total time for which application threads were stopped: 0,0001777 seconds, Stopping threads took: 0,0000190 seconds
2017-08-02T00:16:08.093+0200: 42667,960: Total time for which application threads were stopped: 0,0076994 seconds, Stopping threads took: 0,0076030 seconds
2017-08-02T00:16:08.094+0200: 42667,962: Total time for which application threads were stopped: 0,0000918 seconds, Stopping threads took: 0,0000151 seconds
2017-08-02T00:16:08.095+0200: 42667,963: Total time for which application threads were stopped: 0,0001411 seconds, Stopping threads took: 0,0000264 seconds
Heap
 par new generation   total 109248K, used 39939K [0x00000000e0000000, 0x00000000e8000000, 0x00000000e8000000)
  eden space 87424K,  28% used [0x00000000e0000000, 0x00000000e181ebc8, 0x00000000e5560000)
  from space 21824K,  69% used [0x00000000e5560000, 0x00000000e64421e0, 0x00000000e6ab0000)
  to   space 21824K,   0% used [0x00000000e6ab0000, 0x00000000e6ab0000, 0x00000000e8000000)
 concurrent mark-sweep generation total 393216K, used 6869K [0x00000000e8000000, 0x0000000100000000, 0x0000000100000000)
 Metaspace       used 28244K, capacity 28748K, committed 29052K, reserved 1075200K
  class space    used 3223K, capacity 3387K, committed 3452K, reserved 1048576K
