OpenJDK 64-Bit Server VM (25.111-b14) for linux-amd64 JRE (1.8.0_111-8u111-b14-2ubuntu0.16.04.2-b14), built on Oct 27 2016 18:10:19 by "buildd" with gcc 5.4.0 20160609
Memory: 4k page, physical 7867800k(7447816k free), swap 8076284k(8076284k free)
CommandLine flags: -XX:CMSInitiatingOccupancyFraction=50 -XX:CMSMaxAbortablePrecleanTime=6000 -XX:+CMSParallelRemarkEnabled -XX:+CMSScavengeBeforeRemark -XX:ConcGCThreads=4 -XX:InitialHeapSize=536870912 -XX:MaxHeapSize=536870912 -XX:MaxTenuringThreshold=8 -XX:NewRatio=3 -XX:OldPLABSize=16 -XX:OnOutOfMemoryError=/opt/solr/bin/oom_solr.sh 8983 /var/solr/logs -XX:ParallelGCThreads=4 -XX:+ParallelRefProcEnabled -XX:PretenureSizeThreshold=67108864 -XX:+PrintGC -XX:+PrintGCApplicationStoppedTime -XX:+PrintGCDateStamps -XX:+PrintGCDetails -XX:+PrintGCTimeStamps -XX:+PrintHeapAtGC -XX:+PrintTenuringDistribution -XX:SurvivorRatio=4 -XX:TargetSurvivorRatio=90 -XX:ThreadStackSize=256 -XX:+UseCMSInitiatingOccupancyOnly -XX:+UseCompressedClassPointers -XX:+UseCompressedOops -XX:+UseConcMarkSweepGC -XX:+UseParNewGC 
2017-01-25T15:46:25.641+0100: 0,165: Total time for which application threads were stopped: 0,0000850 seconds, Stopping threads took: 0,0000098 seconds
2017-01-25T15:46:25.763+0100: 0,286: Total time for which application threads were stopped: 0,0000855 seconds, Stopping threads took: 0,0000093 seconds
2017-01-25T15:46:25.775+0100: 0,299: Total time for which application threads were stopped: 0,0000695 seconds, Stopping threads took: 0,0000090 seconds
2017-01-25T15:46:26.064+0100: 0,587: Total time for which application threads were stopped: 0,0001505 seconds, Stopping threads took: 0,0000123 seconds
2017-01-25T15:46:26.580+0100: 1,103: Total time for which application threads were stopped: 0,0001671 seconds, Stopping threads took: 0,0000232 seconds
2017-01-25T15:46:26.766+0100: 1,289: Total time for which application threads were stopped: 0,0001888 seconds, Stopping threads took: 0,0000172 seconds
2017-01-25T15:46:26.822+0100: 1,345: Total time for which application threads were stopped: 0,0001932 seconds, Stopping threads took: 0,0000346 seconds
2017-01-25T15:46:27.294+0100: 1,817: Total time for which application threads were stopped: 0,0001911 seconds, Stopping threads took: 0,0000140 seconds
2017-01-25T15:46:27.497+0100: 2,020: Total time for which application threads were stopped: 0,0002291 seconds, Stopping threads took: 0,0000208 seconds
2017-01-25T15:46:27.520+0100: 2,043: Total time for which application threads were stopped: 0,0001995 seconds, Stopping threads took: 0,0000183 seconds
2017-01-25T15:46:27.520+0100: 2,044: Total time for which application threads were stopped: 0,0001425 seconds, Stopping threads took: 0,0000078 seconds
2017-01-25T15:46:27.534+0100: 2,057: Total time for which application threads were stopped: 0,0001688 seconds, Stopping threads took: 0,0000131 seconds
2017-01-25T15:46:27.618+0100: 2,141: Total time for which application threads were stopped: 0,0002202 seconds, Stopping threads took: 0,0000185 seconds
2017-01-25T15:46:27.816+0100: 2,339: Total time for which application threads were stopped: 0,0002552 seconds, Stopping threads took: 0,0000389 seconds
{Heap before GC invocations=0 (full 0):
 par new generation   total 109248K, used 87424K [0x00000000e0000000, 0x00000000e8000000, 0x00000000e8000000)
  eden space 87424K, 100% used [0x00000000e0000000, 0x00000000e5560000, 0x00000000e5560000)
  from space 21824K,   0% used [0x00000000e5560000, 0x00000000e5560000, 0x00000000e6ab0000)
  to   space 21824K,   0% used [0x00000000e6ab0000, 0x00000000e6ab0000, 0x00000000e8000000)
 concurrent mark-sweep generation total 393216K, used 0K [0x00000000e8000000, 0x0000000100000000, 0x0000000100000000)
 Metaspace       used 18030K, capacity 18302K, committed 18560K, reserved 1064960K
  class space    used 2046K, capacity 2162K, committed 2176K, reserved 1048576K
2017-01-25T15:46:27.976+0100: 2,500: [GC (Allocation Failure) 2017-01-25T15:46:27.976+0100: 2,500: [ParNew
Desired survivor size 20112992 bytes, new threshold 8 (max 8)
- age   1:   12907440 bytes,   12907440 total
: 87424K->12743K(109248K), 0,0211926 secs] 87424K->12743K(502464K), 0,0212864 secs] [Times: user=0,06 sys=0,01, real=0,02 secs] 
Heap after GC invocations=1 (full 0):
 par new generation   total 109248K, used 12743K [0x00000000e0000000, 0x00000000e8000000, 0x00000000e8000000)
  eden space 87424K,   0% used [0x00000000e0000000, 0x00000000e0000000, 0x00000000e5560000)
  from space 21824K,  58% used [0x00000000e6ab0000, 0x00000000e7721cc0, 0x00000000e8000000)
  to   space 21824K,   0% used [0x00000000e5560000, 0x00000000e5560000, 0x00000000e6ab0000)
 concurrent mark-sweep generation total 393216K, used 0K [0x00000000e8000000, 0x0000000100000000, 0x0000000100000000)
 Metaspace       used 18030K, capacity 18302K, committed 18560K, reserved 1064960K
  class space    used 2046K, capacity 2162K, committed 2176K, reserved 1048576K
}
2017-01-25T15:46:27.998+0100: 2,521: Total time for which application threads were stopped: 0,0215085 seconds, Stopping threads took: 0,0000378 seconds
2017-01-25T15:46:28.240+0100: 2,763: Total time for which application threads were stopped: 0,0003745 seconds, Stopping threads took: 0,0000354 seconds
2017-01-25T15:46:28.319+0100: 2,842: Total time for which application threads were stopped: 0,0004117 seconds, Stopping threads took: 0,0000512 seconds
2017-01-25T15:46:28.391+0100: 2,914: Total time for which application threads were stopped: 0,0063989 seconds, Stopping threads took: 0,0059844 seconds
{Heap before GC invocations=1 (full 0):
 par new generation   total 109248K, used 100167K [0x00000000e0000000, 0x00000000e8000000, 0x00000000e8000000)
  eden space 87424K, 100% used [0x00000000e0000000, 0x00000000e5560000, 0x00000000e5560000)
  from space 21824K,  58% used [0x00000000e6ab0000, 0x00000000e7721cc0, 0x00000000e8000000)
  to   space 21824K,   0% used [0x00000000e5560000, 0x00000000e5560000, 0x00000000e6ab0000)
 concurrent mark-sweep generation total 393216K, used 0K [0x00000000e8000000, 0x0000000100000000, 0x0000000100000000)
 Metaspace       used 20548K, capacity 20862K, committed 20992K, reserved 1067008K
  class space    used 2372K, capacity 2490K, committed 2560K, reserved 1048576K
2017-01-25T15:46:28.514+0100: 3,037: [GC (Allocation Failure) 2017-01-25T15:46:28.514+0100: 3,037: [ParNew
Desired survivor size 20112992 bytes, new threshold 8 (max 8)
- age   1:    3786016 bytes,    3786016 total
- age   2:    6620480 bytes,   10406496 total
: 100167K->15898K(109248K), 0,0144335 secs] 100167K->15898K(502464K), 0,0144954 secs] [Times: user=0,04 sys=0,00, real=0,02 secs] 
Heap after GC invocations=2 (full 0):
 par new generation   total 109248K, used 15898K [0x00000000e0000000, 0x00000000e8000000, 0x00000000e8000000)
  eden space 87424K,   0% used [0x00000000e0000000, 0x00000000e0000000, 0x00000000e5560000)
  from space 21824K,  72% used [0x00000000e5560000, 0x00000000e64e6b80, 0x00000000e6ab0000)
  to   space 21824K,   0% used [0x00000000e6ab0000, 0x00000000e6ab0000, 0x00000000e8000000)
 concurrent mark-sweep generation total 393216K, used 0K [0x00000000e8000000, 0x0000000100000000, 0x0000000100000000)
 Metaspace       used 20548K, capacity 20862K, committed 20992K, reserved 1067008K
  class space    used 2372K, capacity 2490K, committed 2560K, reserved 1048576K
}
2017-01-25T15:46:28.529+0100: 3,052: Total time for which application threads were stopped: 0,0147630 seconds, Stopping threads took: 0,0000763 seconds
2017-01-25T15:46:28.574+0100: 3,097: Total time for which application threads were stopped: 0,0024239 seconds, Stopping threads took: 0,0023336 seconds
2017-01-25T15:46:28.636+0100: 3,159: Total time for which application threads were stopped: 0,0001799 seconds, Stopping threads took: 0,0000558 seconds
2017-01-25T15:46:28.722+0100: 3,245: Total time for which application threads were stopped: 0,0001364 seconds, Stopping threads took: 0,0000564 seconds
{Heap before GC invocations=2 (full 0):
 par new generation   total 109248K, used 103322K [0x00000000e0000000, 0x00000000e8000000, 0x00000000e8000000)
  eden space 87424K, 100% used [0x00000000e0000000, 0x00000000e5560000, 0x00000000e5560000)
  from space 21824K,  72% used [0x00000000e5560000, 0x00000000e64e6b80, 0x00000000e6ab0000)
  to   space 21824K,   0% used [0x00000000e6ab0000, 0x00000000e6ab0000, 0x00000000e8000000)
 concurrent mark-sweep generation total 393216K, used 0K [0x00000000e8000000, 0x0000000100000000, 0x0000000100000000)
 Metaspace       used 21821K, capacity 22170K, committed 22292K, reserved 1069056K
  class space    used 2527K, capacity 2687K, committed 2760K, reserved 1048576K
2017-01-25T15:46:28.754+0100: 3,277: [GC (Allocation Failure) 2017-01-25T15:46:28.754+0100: 3,277: [ParNew
Desired survivor size 20112992 bytes, new threshold 8 (max 8)
- age   1:    1226344 bytes,    1226344 total
- age   2:    1635816 bytes,    2862160 total
- age   3:    6619256 bytes,    9481416 total
: 103322K->11320K(109248K), 0,0230124 secs] 103322K->11320K(502464K), 0,0230949 secs] [Times: user=0,06 sys=0,00, real=0,02 secs] 
Heap after GC invocations=3 (full 0):
 par new generation   total 109248K, used 11320K [0x00000000e0000000, 0x00000000e8000000, 0x00000000e8000000)
  eden space 87424K,   0% used [0x00000000e0000000, 0x00000000e0000000, 0x00000000e5560000)
  from space 21824K,  51% used [0x00000000e6ab0000, 0x00000000e75be000, 0x00000000e8000000)
  to   space 21824K,   0% used [0x00000000e5560000, 0x00000000e5560000, 0x00000000e6ab0000)
 concurrent mark-sweep generation total 393216K, used 0K [0x00000000e8000000, 0x0000000100000000, 0x0000000100000000)
 Metaspace       used 21821K, capacity 22170K, committed 22292K, reserved 1069056K
  class space    used 2527K, capacity 2687K, committed 2760K, reserved 1048576K
}
2017-01-25T15:46:28.777+0100: 3,300: Total time for which application threads were stopped: 0,0249157 seconds, Stopping threads took: 0,0016429 seconds
2017-01-25T15:46:28.783+0100: 3,306: [GC (CMS Initial Mark) [1 CMS-initial-mark: 0K(393216K)] 17234K(502464K), 0,0058701 secs] [Times: user=0,01 sys=0,00, real=0,01 secs] 
2017-01-25T15:46:28.789+0100: 3,312: Total time for which application threads were stopped: 0,0060299 seconds, Stopping threads took: 0,0000684 seconds
2017-01-25T15:46:28.789+0100: 3,312: [CMS-concurrent-mark-start]
2017-01-25T15:46:28.790+0100: 3,313: [CMS-concurrent-mark: 0,001/0,001 secs] [Times: user=0,00 sys=0,00, real=0,00 secs] 
2017-01-25T15:46:28.790+0100: 3,313: [CMS-concurrent-preclean-start]
2017-01-25T15:46:28.791+0100: 3,314: [CMS-concurrent-preclean: 0,001/0,001 secs] [Times: user=0,01 sys=0,00, real=0,00 secs] 
2017-01-25T15:46:28.791+0100: 3,314: [CMS-concurrent-abortable-preclean-start]
2017-01-25T15:46:28.797+0100: 3,320: Total time for which application threads were stopped: 0,0001565 seconds, Stopping threads took: 0,0000833 seconds
2017-01-25T15:46:28.927+0100: 3,450: Total time for which application threads were stopped: 0,0004748 seconds, Stopping threads took: 0,0000978 seconds
2017-01-25T15:46:28.927+0100: 3,450: [CMS-concurrent-abortable-preclean: 0,115/0,136 secs] [Times: user=0,35 sys=0,01, real=0,14 secs] 
2017-01-25T15:46:28.929+0100: 3,452: [GC (CMS Final Remark) [YG occupancy: 83541 K (109248 K)]{Heap before GC invocations=3 (full 1):
 par new generation   total 109248K, used 83541K [0x00000000e0000000, 0x00000000e8000000, 0x00000000e8000000)
  eden space 87424K,  82% used [0x00000000e0000000, 0x00000000e4687510, 0x00000000e5560000)
  from space 21824K,  51% used [0x00000000e6ab0000, 0x00000000e75be000, 0x00000000e8000000)
  to   space 21824K,   0% used [0x00000000e5560000, 0x00000000e5560000, 0x00000000e6ab0000)
 concurrent mark-sweep generation total 393216K, used 0K [0x00000000e8000000, 0x0000000100000000, 0x0000000100000000)
 Metaspace       used 22174K, capacity 22476K, committed 22548K, reserved 1069056K
  class space    used 2577K, capacity 2722K, committed 2760K, reserved 1048576K
2017-01-25T15:46:28.929+0100: 3,452: [GC (CMS Final Remark) 2017-01-25T15:46:28.929+0100: 3,452: [ParNew
Desired survivor size 20112992 bytes, new threshold 8 (max 8)
- age   1:     506336 bytes,     506336 total
- age   2:     389232 bytes,     895568 total
- age   3:    1233168 bytes,    2128736 total
- age   4:    6608048 bytes,    8736784 total
: 83541K->14131K(109248K), 0,0151392 secs] 83541K->14131K(502464K), 0,0151907 secs] [Times: user=0,04 sys=0,00, real=0,01 secs] 
Heap after GC invocations=4 (full 1):
 par new generation   total 109248K, used 14131K [0x00000000e0000000, 0x00000000e8000000, 0x00000000e8000000)
  eden space 87424K,   0% used [0x00000000e0000000, 0x00000000e0000000, 0x00000000e5560000)
  from space 21824K,  64% used [0x00000000e5560000, 0x00000000e632cd00, 0x00000000e6ab0000)
  to   space 21824K,   0% used [0x00000000e6ab0000, 0x00000000e6ab0000, 0x00000000e8000000)
 concurrent mark-sweep generation total 393216K, used 0K [0x00000000e8000000, 0x0000000100000000, 0x0000000100000000)
 Metaspace       used 22174K, capacity 22476K, committed 22548K, reserved 1069056K
  class space    used 2577K, capacity 2722K, committed 2760K, reserved 1048576K
}
2017-01-25T15:46:28.945+0100: 3,468: [Rescan (parallel) , 0,0039625 secs]2017-01-25T15:46:28.948+0100: 3,472: [weak refs processing, 0,0044982 secs]2017-01-25T15:46:28.953+0100: 3,476: [class unloading, 0,0031980 secs]2017-01-25T15:46:28.956+0100: 3,479: [scrub symbol table, 0,0042358 secs]2017-01-25T15:46:28.960+0100: 3,484: [scrub string table, 0,0003528 secs][1 CMS-remark: 0K(393216K)] 14131K(502464K), 0,0321497 secs] [Times: user=0,07 sys=0,00, real=0,03 secs] 
2017-01-25T15:46:28.961+0100: 3,485: Total time for which application threads were stopped: 0,0345022 seconds, Stopping threads took: 0,0022619 seconds
2017-01-25T15:46:28.962+0100: 3,485: [CMS-concurrent-sweep-start]
2017-01-25T15:46:28.962+0100: 3,485: [CMS-concurrent-sweep: 0,000/0,000 secs] [Times: user=0,00 sys=0,00, real=0,00 secs] 
2017-01-25T15:46:28.962+0100: 3,485: [CMS-concurrent-reset-start]
2017-01-25T15:46:28.964+0100: 3,487: [CMS-concurrent-reset: 0,002/0,002 secs] [Times: user=0,00 sys=0,00, real=0,00 secs] 
2017-01-25T15:46:29.307+0100: 3,830: Total time for which application threads were stopped: 0,0014860 seconds, Stopping threads took: 0,0009664 seconds
2017-01-25T15:46:29.319+0100: 3,842: Total time for which application threads were stopped: 0,0004149 seconds, Stopping threads took: 0,0000363 seconds
{Heap before GC invocations=4 (full 1):
 par new generation   total 109248K, used 101555K [0x00000000e0000000, 0x00000000e8000000, 0x00000000e8000000)
  eden space 87424K, 100% used [0x00000000e0000000, 0x00000000e5560000, 0x00000000e5560000)
  from space 21824K,  64% used [0x00000000e5560000, 0x00000000e632cd00, 0x00000000e6ab0000)
  to   space 21824K,   0% used [0x00000000e6ab0000, 0x00000000e6ab0000, 0x00000000e8000000)
 concurrent mark-sweep generation total 393216K, used 0K [0x00000000e8000000, 0x0000000100000000, 0x0000000100000000)
 Metaspace       used 24486K, capacity 24878K, committed 25032K, reserved 1071104K
  class space    used 2849K, capacity 2969K, committed 3016K, reserved 1048576K
2017-01-25T15:46:29.411+0100: 3,934: [GC (Allocation Failure) 2017-01-25T15:46:29.411+0100: 3,934: [ParNew
Desired survivor size 20112992 bytes, new threshold 8 (max 8)
- age   1:    3176312 bytes,    3176312 total
- age   2:     145584 bytes,    3321896 total
- age   3:     381384 bytes,    3703280 total
- age   4:     675104 bytes,    4378384 total
- age   5:    6602288 bytes,   10980672 total
: 101555K->12455K(109248K), 0,0213711 secs] 101555K->12455K(502464K), 0,0214432 secs] [Times: user=0,05 sys=0,00, real=0,02 secs] 
Heap after GC invocations=5 (full 1):
 par new generation   total 109248K, used 12455K [0x00000000e0000000, 0x00000000e8000000, 0x00000000e8000000)
  eden space 87424K,   0% used [0x00000000e0000000, 0x00000000e0000000, 0x00000000e5560000)
  from space 21824K,  57% used [0x00000000e6ab0000, 0x00000000e76d9c40, 0x00000000e8000000)
  to   space 21824K,   0% used [0x00000000e5560000, 0x00000000e5560000, 0x00000000e6ab0000)
 concurrent mark-sweep generation total 393216K, used 0K [0x00000000e8000000, 0x0000000100000000, 0x0000000100000000)
 Metaspace       used 24486K, capacity 24878K, committed 25032K, reserved 1071104K
  class space    used 2849K, capacity 2969K, committed 3016K, reserved 1048576K
}
2017-01-25T15:46:29.432+0100: 3,955: Total time for which application threads were stopped: 0,0217166 seconds, Stopping threads took: 0,0000379 seconds
2017-01-25T15:46:29.549+0100: 4,072: Total time for which application threads were stopped: 0,0003414 seconds, Stopping threads took: 0,0000557 seconds
2017-01-25T15:46:29.642+0100: 4,165: Total time for which application threads were stopped: 0,0001511 seconds, Stopping threads took: 0,0000356 seconds
2017-01-25T15:46:29.646+0100: 4,169: Total time for which application threads were stopped: 0,0003785 seconds, Stopping threads took: 0,0000205 seconds
2017-01-25T15:46:29.747+0100: 4,270: Total time for which application threads were stopped: 0,0004515 seconds, Stopping threads took: 0,0000254 seconds
2017-01-25T15:46:29.839+0100: 4,362: Total time for which application threads were stopped: 0,0027936 seconds, Stopping threads took: 0,0026870 seconds
2017-01-25T15:46:29.864+0100: 4,387: Total time for which application threads were stopped: 0,0000703 seconds, Stopping threads took: 0,0000149 seconds
2017-01-25T15:46:30.864+0100: 5,387: Total time for which application threads were stopped: 0,0000784 seconds, Stopping threads took: 0,0000243 seconds
2017-01-25T15:46:57.867+0100: 32,390: Total time for which application threads were stopped: 0,0000552 seconds, Stopping threads took: 0,0000153 seconds
2017-01-25T15:48:50.310+0100: 145,357: Total time for which application threads were stopped: 0,0000829 seconds, Stopping threads took: 0,0000230 seconds
2017-01-25T15:48:50.312+0100: 145,359: Total time for which application threads were stopped: 0,0000940 seconds, Stopping threads took: 0,0000322 seconds
2017-01-25T15:48:50.313+0100: 145,360: Total time for which application threads were stopped: 0,0000895 seconds, Stopping threads took: 0,0000253 seconds
2017-01-25T15:48:50.313+0100: 145,360: Total time for which application threads were stopped: 0,0000386 seconds, Stopping threads took: 0,0000119 seconds
2017-01-25T15:48:50.314+0100: 145,361: Total time for which application threads were stopped: 0,0000890 seconds, Stopping threads took: 0,0000313 seconds
2017-01-25T15:48:50.314+0100: 145,362: Total time for which application threads were stopped: 0,0000718 seconds, Stopping threads took: 0,0000224 seconds
2017-01-25T15:48:50.314+0100: 145,362: Total time for which application threads were stopped: 0,0000428 seconds, Stopping threads took: 0,0000133 seconds
2017-01-25T15:48:50.314+0100: 145,362: Total time for which application threads were stopped: 0,0000368 seconds, Stopping threads took: 0,0000117 seconds
2017-01-25T15:48:50.314+0100: 145,362: Total time for which application threads were stopped: 0,0000362 seconds, Stopping threads took: 0,0000113 seconds
2017-01-25T15:48:50.314+0100: 145,362: Total time for which application threads were stopped: 0,0000402 seconds, Stopping threads took: 0,0000117 seconds
2017-01-25T15:48:50.315+0100: 145,362: Total time for which application threads were stopped: 0,0000400 seconds, Stopping threads took: 0,0000141 seconds
2017-01-25T15:48:50.315+0100: 145,362: Total time for which application threads were stopped: 0,0000378 seconds, Stopping threads took: 0,0000122 seconds
2017-01-25T15:48:50.315+0100: 145,362: Total time for which application threads were stopped: 0,0000400 seconds, Stopping threads took: 0,0000131 seconds
2017-01-25T15:48:50.337+0100: 145,385: Total time for which application threads were stopped: 0,0001298 seconds, Stopping threads took: 0,0000257 seconds
2017-01-25T15:48:50.337+0100: 145,385: Total time for which application threads were stopped: 0,0000577 seconds, Stopping threads took: 0,0000165 seconds
2017-01-25T15:48:50.337+0100: 145,385: Total time for which application threads were stopped: 0,0000416 seconds, Stopping threads took: 0,0000152 seconds
2017-01-25T15:48:50.337+0100: 145,385: Total time for which application threads were stopped: 0,0000386 seconds, Stopping threads took: 0,0000127 seconds
2017-01-25T15:48:50.357+0100: 145,404: Total time for which application threads were stopped: 0,0001097 seconds, Stopping threads took: 0,0000398 seconds
2017-01-25T15:48:50.366+0100: 145,414: Total time for which application threads were stopped: 0,0000800 seconds, Stopping threads took: 0,0000194 seconds
2017-01-25T15:48:50.370+0100: 145,418: Total time for which application threads were stopped: 0,0000929 seconds, Stopping threads took: 0,0000293 seconds
2017-01-25T15:48:50.376+0100: 145,423: Total time for which application threads were stopped: 0,0000661 seconds, Stopping threads took: 0,0000138 seconds
2017-01-25T15:48:50.376+0100: 145,424: Total time for which application threads were stopped: 0,0000445 seconds, Stopping threads took: 0,0000157 seconds
2017-01-25T15:48:50.376+0100: 145,424: Total time for which application threads were stopped: 0,0000398 seconds, Stopping threads took: 0,0000139 seconds
2017-01-25T15:48:50.376+0100: 145,424: Total time for which application threads were stopped: 0,0000374 seconds, Stopping threads took: 0,0000114 seconds
2017-01-25T15:48:50.377+0100: 145,425: Total time for which application threads were stopped: 0,0000848 seconds, Stopping threads took: 0,0000268 seconds
2017-01-25T15:48:50.378+0100: 145,425: Total time for which application threads were stopped: 0,0000476 seconds, Stopping threads took: 0,0000146 seconds
2017-01-25T15:48:50.378+0100: 145,425: Total time for which application threads were stopped: 0,0000412 seconds, Stopping threads took: 0,0000130 seconds
2017-01-25T15:48:50.381+0100: 145,429: Total time for which application threads were stopped: 0,0000808 seconds, Stopping threads took: 0,0000269 seconds
2017-01-25T15:48:50.381+0100: 145,429: Total time for which application threads were stopped: 0,0000385 seconds, Stopping threads took: 0,0000124 seconds
2017-01-25T15:48:50.381+0100: 145,429: Total time for which application threads were stopped: 0,0000387 seconds, Stopping threads took: 0,0000118 seconds
2017-01-25T15:48:50.382+0100: 145,429: Total time for which application threads were stopped: 0,0000571 seconds, Stopping threads took: 0,0000162 seconds
2017-01-25T15:48:50.382+0100: 145,429: Total time for which application threads were stopped: 0,0000446 seconds, Stopping threads took: 0,0000137 seconds
2017-01-25T15:48:50.382+0100: 145,429: Total time for which application threads were stopped: 0,0000406 seconds, Stopping threads took: 0,0000152 seconds
2017-01-25T15:48:50.394+0100: 145,441: Total time for which application threads were stopped: 0,0001355 seconds, Stopping threads took: 0,0000206 seconds
Heap
 par new generation   total 109248K, used 79842K [0x00000000e0000000, 0x00000000e8000000, 0x00000000e8000000)
  eden space 87424K,  77% used [0x00000000e0000000, 0x00000000e41ceea0, 0x00000000e5560000)
  from space 21824K,  57% used [0x00000000e6ab0000, 0x00000000e76d9c40, 0x00000000e8000000)
  to   space 21824K,   0% used [0x00000000e5560000, 0x00000000e5560000, 0x00000000e6ab0000)
 concurrent mark-sweep generation total 393216K, used 0K [0x00000000e8000000, 0x0000000100000000, 0x0000000100000000)
 Metaspace       used 28836K, capacity 29284K, committed 29640K, reserved 1075200K
  class space    used 3342K, capacity 3494K, committed 3528K, reserved 1048576K
