OpenJDK 64-Bit Server VM (25.111-b14) for linux-amd64 JRE (1.8.0_111-8u111-b14-2ubuntu0.16.04.2-b14), built on Oct 27 2016 18:10:19 by "buildd" with gcc 5.4.0 20160609
Memory: 4k page, physical 7867848k(7464028k free), swap 8076284k(8076284k free)
CommandLine flags: -XX:CMSInitiatingOccupancyFraction=50 -XX:CMSMaxAbortablePrecleanTime=6000 -XX:+CMSParallelRemarkEnabled -XX:+CMSScavengeBeforeRemark -XX:ConcGCThreads=4 -XX:InitialHeapSize=536870912 -XX:MaxHeapSize=536870912 -XX:MaxTenuringThreshold=8 -XX:NewRatio=3 -XX:OldPLABSize=16 -XX:OnOutOfMemoryError=/opt/solr/bin/oom_solr.sh 8983 /var/solr/logs -XX:ParallelGCThreads=4 -XX:+ParallelRefProcEnabled -XX:PretenureSizeThreshold=67108864 -XX:+PrintGC -XX:+PrintGCApplicationStoppedTime -XX:+PrintGCDateStamps -XX:+PrintGCDetails -XX:+PrintGCTimeStamps -XX:+PrintHeapAtGC -XX:+PrintTenuringDistribution -XX:SurvivorRatio=4 -XX:TargetSurvivorRatio=90 -XX:ThreadStackSize=256 -XX:+UseCMSInitiatingOccupancyOnly -XX:+UseCompressedClassPointers -XX:+UseCompressedOops -XX:+UseConcMarkSweepGC -XX:+UseParNewGC 
2016-11-26T13:02:49.878+0100: 0,104: Total time for which application threads were stopped: 0,0000656 seconds, Stopping threads took: 0,0000128 seconds
2016-11-26T13:02:49.947+0100: 0,173: Total time for which application threads were stopped: 0,0001034 seconds, Stopping threads took: 0,0000158 seconds
2016-11-26T13:02:49.958+0100: 0,184: Total time for which application threads were stopped: 0,0000826 seconds, Stopping threads took: 0,0000241 seconds
2016-11-26T13:02:50.086+0100: 0,312: Total time for which application threads were stopped: 0,0001373 seconds, Stopping threads took: 0,0000142 seconds
2016-11-26T13:02:50.231+0100: 0,456: Total time for which application threads were stopped: 0,0001150 seconds, Stopping threads took: 0,0000182 seconds
2016-11-26T13:02:50.270+0100: 0,496: Total time for which application threads were stopped: 0,0001375 seconds, Stopping threads took: 0,0000260 seconds
2016-11-26T13:02:50.281+0100: 0,507: Total time for which application threads were stopped: 0,0001640 seconds, Stopping threads took: 0,0000182 seconds
2016-11-26T13:02:50.445+0100: 0,671: Total time for which application threads were stopped: 0,0001713 seconds, Stopping threads took: 0,0000175 seconds
2016-11-26T13:02:50.595+0100: 0,821: Total time for which application threads were stopped: 0,0002085 seconds, Stopping threads took: 0,0000174 seconds
2016-11-26T13:02:50.611+0100: 0,837: Total time for which application threads were stopped: 0,0001678 seconds, Stopping threads took: 0,0000147 seconds
2016-11-26T13:02:50.612+0100: 0,838: Total time for which application threads were stopped: 0,0001670 seconds, Stopping threads took: 0,0000143 seconds
2016-11-26T13:02:50.639+0100: 0,865: Total time for which application threads were stopped: 0,0007191 seconds, Stopping threads took: 0,0005055 seconds
2016-11-26T13:02:50.730+0100: 0,956: Total time for which application threads were stopped: 0,0002488 seconds, Stopping threads took: 0,0000234 seconds
2016-11-26T13:02:50.892+0100: 1,117: Total time for which application threads were stopped: 0,0003457 seconds, Stopping threads took: 0,0001398 seconds
{Heap before GC invocations=0 (full 0):
 par new generation   total 109248K, used 87424K [0x00000000e0000000, 0x00000000e8000000, 0x00000000e8000000)
  eden space 87424K, 100% used [0x00000000e0000000, 0x00000000e5560000, 0x00000000e5560000)
  from space 21824K,   0% used [0x00000000e5560000, 0x00000000e5560000, 0x00000000e6ab0000)
  to   space 21824K,   0% used [0x00000000e6ab0000, 0x00000000e6ab0000, 0x00000000e8000000)
 concurrent mark-sweep generation total 393216K, used 0K [0x00000000e8000000, 0x0000000100000000, 0x0000000100000000)
 Metaspace       used 18101K, capacity 18366K, committed 18560K, reserved 1064960K
  class space    used 2054K, capacity 2162K, committed 2176K, reserved 1048576K
2016-11-26T13:02:51.011+0100: 1,237: [GC (Allocation Failure) 2016-11-26T13:02:51.011+0100: 1,237: [ParNew
Desired survivor size 20112992 bytes, new threshold 8 (max 8)
- age   1:   12321168 bytes,   12321168 total
: 87424K->12139K(109248K), 0,0189804 secs] 87424K->12139K(502464K), 0,0190814 secs] [Times: user=0,07 sys=0,00, real=0,01 secs] 
Heap after GC invocations=1 (full 0):
 par new generation   total 109248K, used 12139K [0x00000000e0000000, 0x00000000e8000000, 0x00000000e8000000)
  eden space 87424K,   0% used [0x00000000e0000000, 0x00000000e0000000, 0x00000000e5560000)
  from space 21824K,  55% used [0x00000000e6ab0000, 0x00000000e768ad48, 0x00000000e8000000)
  to   space 21824K,   0% used [0x00000000e5560000, 0x00000000e5560000, 0x00000000e6ab0000)
 concurrent mark-sweep generation total 393216K, used 0K [0x00000000e8000000, 0x0000000100000000, 0x0000000100000000)
 Metaspace       used 18101K, capacity 18366K, committed 18560K, reserved 1064960K
  class space    used 2054K, capacity 2162K, committed 2176K, reserved 1048576K
}
2016-11-26T13:02:51.030+0100: 1,256: Total time for which application threads were stopped: 0,0193085 seconds, Stopping threads took: 0,0000332 seconds
2016-11-26T13:02:51.231+0100: 1,457: Total time for which application threads were stopped: 0,0004484 seconds, Stopping threads took: 0,0000562 seconds
2016-11-26T13:02:51.275+0100: 1,500: Total time for which application threads were stopped: 0,0003436 seconds, Stopping threads took: 0,0000384 seconds
2016-11-26T13:02:51.302+0100: 1,528: Total time for which application threads were stopped: 0,0003470 seconds, Stopping threads took: 0,0000243 seconds
{Heap before GC invocations=1 (full 0):
 par new generation   total 109248K, used 99563K [0x00000000e0000000, 0x00000000e8000000, 0x00000000e8000000)
  eden space 87424K, 100% used [0x00000000e0000000, 0x00000000e5560000, 0x00000000e5560000)
  from space 21824K,  55% used [0x00000000e6ab0000, 0x00000000e768ad48, 0x00000000e8000000)
  to   space 21824K,   0% used [0x00000000e5560000, 0x00000000e5560000, 0x00000000e6ab0000)
 concurrent mark-sweep generation total 393216K, used 0K [0x00000000e8000000, 0x0000000100000000, 0x0000000100000000)
 Metaspace       used 20719K, capacity 21020K, committed 21248K, reserved 1069056K
  class space    used 2404K, capacity 2518K, committed 2560K, reserved 1048576K
2016-11-26T13:02:51.501+0100: 1,727: [GC (Allocation Failure) 2016-11-26T13:02:51.501+0100: 1,727: [ParNew
Desired survivor size 20112992 bytes, new threshold 8 (max 8)
- age   1:    2917928 bytes,    2917928 total
- age   2:    6100000 bytes,    9017928 total
: 99563K->13098K(109248K), 0,0188446 secs] 99563K->13098K(502464K), 0,0189013 secs] [Times: user=0,05 sys=0,00, real=0,02 secs] 
Heap after GC invocations=2 (full 0):
 par new generation   total 109248K, used 13098K [0x00000000e0000000, 0x00000000e8000000, 0x00000000e8000000)
  eden space 87424K,   0% used [0x00000000e0000000, 0x00000000e0000000, 0x00000000e5560000)
  from space 21824K,  60% used [0x00000000e5560000, 0x00000000e622ab38, 0x00000000e6ab0000)
  to   space 21824K,   0% used [0x00000000e6ab0000, 0x00000000e6ab0000, 0x00000000e8000000)
 concurrent mark-sweep generation total 393216K, used 0K [0x00000000e8000000, 0x0000000100000000, 0x0000000100000000)
 Metaspace       used 20719K, capacity 21020K, committed 21248K, reserved 1069056K
  class space    used 2404K, capacity 2518K, committed 2560K, reserved 1048576K
}
2016-11-26T13:02:51.520+0100: 1,746: Total time for which application threads were stopped: 0,0194986 seconds, Stopping threads took: 0,0000243 seconds
2016-11-26T13:02:51.611+0100: 1,836: Total time for which application threads were stopped: 0,0000830 seconds, Stopping threads took: 0,0000168 seconds
2016-11-26T13:02:51.666+0100: 1,892: Total time for which application threads were stopped: 0,0000861 seconds, Stopping threads took: 0,0000154 seconds
2016-11-26T13:02:51.666+0100: 1,892: Total time for which application threads were stopped: 0,0002293 seconds, Stopping threads took: 0,0000086 seconds
2016-11-26T13:02:51.702+0100: 1,928: Total time for which application threads were stopped: 0,0000829 seconds, Stopping threads took: 0,0000152 seconds
2016-11-26T13:02:51.796+0100: 2,022: Total time for which application threads were stopped: 0,0001233 seconds, Stopping threads took: 0,0000249 seconds
2016-11-26T13:02:51.820+0100: 2,045: Total time for which application threads were stopped: 0,0001246 seconds, Stopping threads took: 0,0000383 seconds
2016-11-26T13:02:51.828+0100: 2,053: Total time for which application threads were stopped: 0,0002910 seconds, Stopping threads took: 0,0000237 seconds
2016-11-26T13:02:51.841+0100: 2,067: Total time for which application threads were stopped: 0,0003209 seconds, Stopping threads took: 0,0000238 seconds
2016-11-26T13:02:51.860+0100: 2,086: Total time for which application threads were stopped: 0,0000921 seconds, Stopping threads took: 0,0000210 seconds
2016-11-26T13:02:51.992+0100: 2,217: Total time for which application threads were stopped: 0,0001057 seconds, Stopping threads took: 0,0000194 seconds
2016-11-26T13:02:52.064+0100: 2,290: Total time for which application threads were stopped: 0,0001050 seconds, Stopping threads took: 0,0000293 seconds
2016-11-26T13:02:52.101+0100: 2,327: Total time for which application threads were stopped: 0,0000962 seconds, Stopping threads took: 0,0000260 seconds
2016-11-26T13:02:52.145+0100: 2,371: Total time for which application threads were stopped: 0,0001088 seconds, Stopping threads took: 0,0000269 seconds
2016-11-26T13:02:52.197+0100: 2,422: Total time for which application threads were stopped: 0,0001289 seconds, Stopping threads took: 0,0000320 seconds
2016-11-26T13:02:52.273+0100: 2,498: Total time for which application threads were stopped: 0,0001502 seconds, Stopping threads took: 0,0000464 seconds
2016-11-26T13:02:52.319+0100: 2,544: Total time for which application threads were stopped: 0,0001372 seconds, Stopping threads took: 0,0000212 seconds
{Heap before GC invocations=2 (full 0):
 par new generation   total 109248K, used 100522K [0x00000000e0000000, 0x00000000e8000000, 0x00000000e8000000)
  eden space 87424K, 100% used [0x00000000e0000000, 0x00000000e5560000, 0x00000000e5560000)
  from space 21824K,  60% used [0x00000000e5560000, 0x00000000e622ab38, 0x00000000e6ab0000)
  to   space 21824K,   0% used [0x00000000e6ab0000, 0x00000000e6ab0000, 0x00000000e8000000)
 concurrent mark-sweep generation total 393216K, used 0K [0x00000000e8000000, 0x0000000100000000, 0x0000000100000000)
 Metaspace       used 24858K, capacity 25221K, committed 25536K, reserved 1071104K
  class space    used 2897K, capacity 3025K, committed 3144K, reserved 1048576K
2016-11-26T13:02:52.382+0100: 2,607: [GC (Allocation Failure) 2016-11-26T13:02:52.382+0100: 2,607: [ParNew
Desired survivor size 20112992 bytes, new threshold 8 (max 8)
- age   1:    6697264 bytes,    6697264 total
- age   2:     550400 bytes,    7247664 total
- age   3:    6081760 bytes,   13329424 total
: 100522K->15521K(109248K), 0,0299930 secs] 100522K->15521K(502464K), 0,0300957 secs] [Times: user=0,07 sys=0,00, real=0,03 secs] 
Heap after GC invocations=3 (full 0):
 par new generation   total 109248K, used 15521K [0x00000000e0000000, 0x00000000e8000000, 0x00000000e8000000)
  eden space 87424K,   0% used [0x00000000e0000000, 0x00000000e0000000, 0x00000000e5560000)
  from space 21824K,  71% used [0x00000000e6ab0000, 0x00000000e79d84a0, 0x00000000e8000000)
  to   space 21824K,   0% used [0x00000000e5560000, 0x00000000e5560000, 0x00000000e6ab0000)
 concurrent mark-sweep generation total 393216K, used 0K [0x00000000e8000000, 0x0000000100000000, 0x0000000100000000)
 Metaspace       used 24858K, capacity 25221K, committed 25536K, reserved 1071104K
  class space    used 2897K, capacity 3025K, committed 3144K, reserved 1048576K
}
2016-11-26T13:02:52.412+0100: 2,637: Total time for which application threads were stopped: 0,0303068 seconds, Stopping threads took: 0,0000259 seconds
2016-11-26T13:02:52.412+0100: 2,638: [GC (CMS Initial Mark) [1 CMS-initial-mark: 0K(393216K)] 16944K(502464K), 0,0060104 secs] [Times: user=0,01 sys=0,00, real=0,00 secs] 
2016-11-26T13:02:52.418+0100: 2,644: Total time for which application threads were stopped: 0,0061286 seconds, Stopping threads took: 0,0000245 seconds
2016-11-26T13:02:52.418+0100: 2,644: [CMS-concurrent-mark-start]
2016-11-26T13:02:52.426+0100: 2,652: [CMS-concurrent-mark: 0,008/0,008 secs] [Times: user=0,02 sys=0,00, real=0,01 secs] 
2016-11-26T13:02:52.427+0100: 2,652: [CMS-concurrent-preclean-start]
2016-11-26T13:02:52.428+0100: 2,654: [CMS-concurrent-preclean: 0,001/0,001 secs] [Times: user=0,01 sys=0,00, real=0,00 secs] 
2016-11-26T13:02:52.428+0100: 2,654: [GC (CMS Final Remark) [YG occupancy: 16944 K (109248 K)]{Heap before GC invocations=3 (full 1):
 par new generation   total 109248K, used 16944K [0x00000000e0000000, 0x00000000e8000000, 0x00000000e8000000)
  eden space 87424K,   1% used [0x00000000e0000000, 0x00000000e0163e70, 0x00000000e5560000)
  from space 21824K,  71% used [0x00000000e6ab0000, 0x00000000e79d84a0, 0x00000000e8000000)
  to   space 21824K,   0% used [0x00000000e5560000, 0x00000000e5560000, 0x00000000e6ab0000)
 concurrent mark-sweep generation total 393216K, used 0K [0x00000000e8000000, 0x0000000100000000, 0x0000000100000000)
 Metaspace       used 24949K, capacity 25317K, committed 25536K, reserved 1071104K
  class space    used 2906K, capacity 3057K, committed 3144K, reserved 1048576K
2016-11-26T13:02:52.428+0100: 2,654: [GC (CMS Final Remark) 2016-11-26T13:02:52.428+0100: 2,654: [ParNew
Desired survivor size 20112992 bytes, new threshold 8 (max 8)
- age   1:     117688 bytes,     117688 total
- age   2:    3150024 bytes,    3267712 total
- age   3:     550280 bytes,    3817992 total
- age   4:    6081848 bytes,    9899840 total
: 16944K->16584K(109248K), 0,0197833 secs] 16944K->16584K(502464K), 0,0198447 secs] [Times: user=0,06 sys=0,00, real=0,02 secs] 
Heap after GC invocations=4 (full 1):
 par new generation   total 109248K, used 16584K [0x00000000e0000000, 0x00000000e8000000, 0x00000000e8000000)
  eden space 87424K,   0% used [0x00000000e0000000, 0x00000000e0000000, 0x00000000e5560000)
  from space 21824K,  75% used [0x00000000e5560000, 0x00000000e65920f0, 0x00000000e6ab0000)
  to   space 21824K,   0% used [0x00000000e6ab0000, 0x00000000e6ab0000, 0x00000000e8000000)
 concurrent mark-sweep generation total 393216K, used 0K [0x00000000e8000000, 0x0000000100000000, 0x0000000100000000)
 Metaspace       used 24949K, capacity 25317K, committed 25536K, reserved 1071104K
  class space    used 2906K, capacity 3057K, committed 3144K, reserved 1048576K
}
2016-11-26T13:02:52.448+0100: 2,674: [Rescan (parallel) , 0,0062141 secs]2016-11-26T13:02:52.455+0100: 2,680: [weak refs processing, 0,0015098 secs]2016-11-26T13:02:52.456+0100: 2,682: [class unloading, 0,0045375 secs]2016-11-26T13:02:52.461+0100: 2,686: [scrub symbol table, 0,0058635 secs]2016-11-26T13:02:52.466+0100: 2,692: [scrub string table, 0,0004898 secs][1 CMS-remark: 0K(393216K)] 16584K(502464K), 0,0394418 secs] [Times: user=0,11 sys=0,00, real=0,04 secs] 
2016-11-26T13:02:52.468+0100: 2,693: Total time for which application threads were stopped: 0,0398805 seconds, Stopping threads took: 0,0003342 seconds
2016-11-26T13:02:52.468+0100: 2,694: [CMS-concurrent-sweep-start]
2016-11-26T13:02:52.468+0100: 2,694: [CMS-concurrent-sweep: 0,000/0,000 secs] [Times: user=0,00 sys=0,00, real=0,00 secs] 
2016-11-26T13:02:52.468+0100: 2,694: [CMS-concurrent-reset-start]
2016-11-26T13:02:52.469+0100: 2,695: [CMS-concurrent-reset: 0,001/0,001 secs] [Times: user=0,00 sys=0,00, real=0,00 secs] 
2016-11-26T13:02:52.503+0100: 2,728: Total time for which application threads were stopped: 0,0004354 seconds, Stopping threads took: 0,0000244 seconds
2016-11-26T13:02:53.503+0100: 3,728: Total time for which application threads were stopped: 0,0000828 seconds, Stopping threads took: 0,0000157 seconds
2016-11-26T13:02:53.823+0100: 4,048: Total time for which application threads were stopped: 0,0002567 seconds, Stopping threads took: 0,0000157 seconds
2016-11-26T13:03:20.826+0100: 31,051: Total time for which application threads were stopped: 0,0000615 seconds, Stopping threads took: 0,0000148 seconds
2016-11-26T13:05:30.841+0100: 161,066: Total time for which application threads were stopped: 0,0000811 seconds, Stopping threads took: 0,0000317 seconds
2016-11-26T13:05:35.841+0100: 166,067: Total time for which application threads were stopped: 0,0000582 seconds, Stopping threads took: 0,0000150 seconds
2016-11-26T13:06:45.849+0100: 236,075: Total time for which application threads were stopped: 0,0000822 seconds, Stopping threads took: 0,0000335 seconds
2016-11-26T13:07:35.854+0100: 286,080: Total time for which application threads were stopped: 0,0001565 seconds, Stopping threads took: 0,0000545 seconds
2016-11-26T13:08:10.859+0100: 321,084: Total time for which application threads were stopped: 0,0004075 seconds, Stopping threads took: 0,0001652 seconds
2016-11-26T13:08:15.859+0100: 326,085: Total time for which application threads were stopped: 0,0003519 seconds, Stopping threads took: 0,0001294 seconds
2016-11-26T13:10:50.877+0100: 481,103: Total time for which application threads were stopped: 0,0000771 seconds, Stopping threads took: 0,0000299 seconds
2016-11-26T13:13:30.894+0100: 641,120: Total time for which application threads were stopped: 0,0001012 seconds, Stopping threads took: 0,0000366 seconds
2016-11-26T13:16:40.916+0100: 831,142: Total time for which application threads were stopped: 0,0003580 seconds, Stopping threads took: 0,0001971 seconds
2016-11-26T13:26:35.974+0100: 1426,200: Total time for which application threads were stopped: 0,0001191 seconds, Stopping threads took: 0,0000554 seconds
2016-11-26T13:31:46.005+0100: 1736,231: Total time for which application threads were stopped: 0,0001009 seconds, Stopping threads took: 0,0000378 seconds
2016-11-26T13:41:31.068+0100: 2321,293: Total time for which application threads were stopped: 0,0000785 seconds, Stopping threads took: 0,0000324 seconds
2016-11-26T13:44:01.082+0100: 2471,308: Total time for which application threads were stopped: 0,0000735 seconds, Stopping threads took: 0,0000299 seconds
2016-11-26T13:56:21.156+0100: 3211,382: Total time for which application threads were stopped: 0,0000739 seconds, Stopping threads took: 0,0000305 seconds
2016-11-26T14:07:16.218+0100: 3866,444: Total time for which application threads were stopped: 0,0001110 seconds, Stopping threads took: 0,0000440 seconds
2016-11-26T14:07:26.219+0100: 3876,445: Total time for which application threads were stopped: 0,0000820 seconds, Stopping threads took: 0,0000293 seconds
2016-11-26T14:08:51.227+0100: 3961,453: Total time for which application threads were stopped: 0,0000847 seconds, Stopping threads took: 0,0000349 seconds
2016-11-26T14:09:51.233+0100: 4021,459: Total time for which application threads were stopped: 0,0000736 seconds, Stopping threads took: 0,0000303 seconds
2016-11-26T14:50:36.473+0100: 6466,698: Total time for which application threads were stopped: 0,0000723 seconds, Stopping threads took: 0,0000296 seconds
2016-11-26T14:50:46.474+0100: 6476,699: Total time for which application threads were stopped: 0,0000881 seconds, Stopping threads took: 0,0000387 seconds
2016-11-26T14:57:36.511+0100: 6886,737: Total time for which application threads were stopped: 0,0000734 seconds, Stopping threads took: 0,0000300 seconds
2016-11-26T15:07:50.574+0100: 7500,800: Total time for which application threads were stopped: 0,0000798 seconds, Stopping threads took: 0,0000362 seconds
2016-11-26T15:08:20.577+0100: 7530,803: Total time for which application threads were stopped: 0,0000685 seconds, Stopping threads took: 0,0000261 seconds
2016-11-26T15:10:50.591+0100: 7680,816: Total time for which application threads were stopped: 0,0000712 seconds, Stopping threads took: 0,0000261 seconds
2016-11-26T15:11:20.594+0100: 7710,819: Total time for which application threads were stopped: 0,0000790 seconds, Stopping threads took: 0,0000311 seconds
2016-11-26T17:18:50.557+0100: 15360,782: Total time for which application threads were stopped: 0,0000920 seconds, Stopping threads took: 0,0000326 seconds
2016-11-26T17:19:57.563+0100: 15427,788: Total time for which application threads were stopped: 0,0031191 seconds, Stopping threads took: 0,0030100 seconds
Heap
 par new generation   total 109248K, used 60218K [0x00000000e0000000, 0x00000000e8000000, 0x00000000e8000000)
  eden space 87424K,  49% used [0x00000000e0000000, 0x00000000e2a9c8e0, 0x00000000e5560000)
  from space 21824K,  75% used [0x00000000e5560000, 0x00000000e65920f0, 0x00000000e6ab0000)
  to   space 21824K,   0% used [0x00000000e6ab0000, 0x00000000e6ab0000, 0x00000000e8000000)
 concurrent mark-sweep generation total 393216K, used 0K [0x00000000e8000000, 0x0000000100000000, 0x0000000100000000)
 Metaspace       used 27209K, capacity 27659K, committed 27976K, reserved 1073152K
  class space    used 3161K, capacity 3320K, committed 3400K, reserved 1048576K
