OpenJDK 64-Bit Server VM (25.121-b13) for linux-amd64 JRE (1.8.0_121-8u121-b13-0ubuntu1.16.04.2-b13), built on Jan 23 2017 15:51:29 by "buildd" with gcc 5.4.0 20160609
Memory: 4k page, physical 7867764k(7416880k free), swap 8076284k(8076284k free)
CommandLine flags: -XX:CMSInitiatingOccupancyFraction=50 -XX:CMSMaxAbortablePrecleanTime=6000 -XX:+CMSParallelRemarkEnabled -XX:+CMSScavengeBeforeRemark -XX:ConcGCThreads=4 -XX:InitialHeapSize=536870912 -XX:MaxHeapSize=536870912 -XX:MaxTenuringThreshold=8 -XX:NewRatio=3 -XX:OldPLABSize=16 -XX:OnOutOfMemoryError=/opt/solr/bin/oom_solr.sh 8983 /var/solr/logs -XX:ParallelGCThreads=4 -XX:+ParallelRefProcEnabled -XX:PretenureSizeThreshold=67108864 -XX:+PrintGC -XX:+PrintGCApplicationStoppedTime -XX:+PrintGCDateStamps -XX:+PrintGCDetails -XX:+PrintGCTimeStamps -XX:+PrintHeapAtGC -XX:+PrintTenuringDistribution -XX:SurvivorRatio=4 -XX:TargetSurvivorRatio=90 -XX:ThreadStackSize=256 -XX:+UseCMSInitiatingOccupancyOnly -XX:+UseCompressedClassPointers -XX:+UseCompressedOops -XX:+UseConcMarkSweepGC -XX:+UseParNewGC 
2017-04-28T10:32:52.654+0200: 0,170: Total time for which application threads were stopped: 0,0000939 seconds, Stopping threads took: 0,0000137 seconds
2017-04-28T10:32:52.795+0200: 0,312: Total time for which application threads were stopped: 0,0001167 seconds, Stopping threads took: 0,0000148 seconds
2017-04-28T10:32:52.890+0200: 0,407: Total time for which application threads were stopped: 0,0000937 seconds, Stopping threads took: 0,0000157 seconds
2017-04-28T10:32:53.263+0200: 0,779: Total time for which application threads were stopped: 0,0001544 seconds, Stopping threads took: 0,0000122 seconds
2017-04-28T10:32:53.604+0200: 1,120: Total time for which application threads were stopped: 0,0001239 seconds, Stopping threads took: 0,0000203 seconds
2017-04-28T10:32:53.663+0200: 1,180: Total time for which application threads were stopped: 0,0005263 seconds, Stopping threads took: 0,0000195 seconds
2017-04-28T10:32:53.682+0200: 1,198: Total time for which application threads were stopped: 0,0001727 seconds, Stopping threads took: 0,0000210 seconds
2017-04-28T10:32:53.954+0200: 1,471: Total time for which application threads were stopped: 0,0001701 seconds, Stopping threads took: 0,0000216 seconds
2017-04-28T10:32:54.196+0200: 1,713: Total time for which application threads were stopped: 0,0003944 seconds, Stopping threads took: 0,0001920 seconds
2017-04-28T10:32:54.220+0200: 1,737: Total time for which application threads were stopped: 0,0001739 seconds, Stopping threads took: 0,0000210 seconds
2017-04-28T10:32:54.252+0200: 1,769: Total time for which application threads were stopped: 0,0004526 seconds, Stopping threads took: 0,0000622 seconds
2017-04-28T10:32:54.254+0200: 1,771: Total time for which application threads were stopped: 0,0001721 seconds, Stopping threads took: 0,0000119 seconds
2017-04-28T10:32:54.270+0200: 1,787: Total time for which application threads were stopped: 0,0001672 seconds, Stopping threads took: 0,0000147 seconds
2017-04-28T10:32:54.335+0200: 1,852: Total time for which application threads were stopped: 0,0002528 seconds, Stopping threads took: 0,0000195 seconds
2017-04-28T10:32:54.492+0200: 2,009: Total time for which application threads were stopped: 0,0002638 seconds, Stopping threads took: 0,0000528 seconds
{Heap before GC invocations=0 (full 0):
 par new generation   total 109248K, used 87424K [0x00000000e0000000, 0x00000000e8000000, 0x00000000e8000000)
  eden space 87424K, 100% used [0x00000000e0000000, 0x00000000e5560000, 0x00000000e5560000)
  from space 21824K,   0% used [0x00000000e5560000, 0x00000000e5560000, 0x00000000e6ab0000)
  to   space 21824K,   0% used [0x00000000e6ab0000, 0x00000000e6ab0000, 0x00000000e8000000)
 concurrent mark-sweep generation total 393216K, used 0K [0x00000000e8000000, 0x0000000100000000, 0x0000000100000000)
 Metaspace       used 17908K, capacity 18240K, committed 18304K, reserved 1064960K
  class space    used 2027K, capacity 2164K, committed 2176K, reserved 1048576K
2017-04-28T10:32:54.546+0200: 2,063: [GC (Allocation Failure) 2017-04-28T10:32:54.546+0200: 2,063: [ParNew
Desired survivor size 20112992 bytes, new threshold 8 (max 8)
- age   1:   11903288 bytes,   11903288 total
: 87424K->11733K(109248K), 0,0155903 secs] 87424K->11733K(502464K), 0,0156911 secs] [Times: user=0,04 sys=0,02, real=0,02 secs] 
Heap after GC invocations=1 (full 0):
 par new generation   total 109248K, used 11733K [0x00000000e0000000, 0x00000000e8000000, 0x00000000e8000000)
  eden space 87424K,   0% used [0x00000000e0000000, 0x00000000e0000000, 0x00000000e5560000)
  from space 21824K,  53% used [0x00000000e6ab0000, 0x00000000e7625538, 0x00000000e8000000)
  to   space 21824K,   0% used [0x00000000e5560000, 0x00000000e5560000, 0x00000000e6ab0000)
 concurrent mark-sweep generation total 393216K, used 0K [0x00000000e8000000, 0x0000000100000000, 0x0000000100000000)
 Metaspace       used 17908K, capacity 18240K, committed 18304K, reserved 1064960K
  class space    used 2027K, capacity 2164K, committed 2176K, reserved 1048576K
}
2017-04-28T10:32:54.562+0200: 2,079: Total time for which application threads were stopped: 0,0168440 seconds, Stopping threads took: 0,0009560 seconds
2017-04-28T10:32:54.880+0200: 2,397: Total time for which application threads were stopped: 0,0003012 seconds, Stopping threads took: 0,0000461 seconds
{Heap before GC invocations=1 (full 0):
 par new generation   total 109248K, used 99157K [0x00000000e0000000, 0x00000000e8000000, 0x00000000e8000000)
  eden space 87424K, 100% used [0x00000000e0000000, 0x00000000e5560000, 0x00000000e5560000)
  from space 21824K,  53% used [0x00000000e6ab0000, 0x00000000e7625538, 0x00000000e8000000)
  to   space 21824K,   0% used [0x00000000e5560000, 0x00000000e5560000, 0x00000000e6ab0000)
 concurrent mark-sweep generation total 393216K, used 0K [0x00000000e8000000, 0x0000000100000000, 0x0000000100000000)
 Metaspace       used 20019K, capacity 20366K, committed 20736K, reserved 1067008K
  class space    used 2295K, capacity 2471K, committed 2560K, reserved 1048576K
2017-04-28T10:32:54.928+0200: 2,445: [GC (Allocation Failure) 2017-04-28T10:32:54.928+0200: 2,445: [ParNew
Desired survivor size 20112992 bytes, new threshold 8 (max 8)
- age   1:    3743480 bytes,    3743480 total
- age   2:    6430808 bytes,   10174288 total
: 99157K->13249K(109248K), 0,0175929 secs] 99157K->13249K(502464K), 0,0176770 secs] [Times: user=0,06 sys=0,00, real=0,02 secs] 
Heap after GC invocations=2 (full 0):
 par new generation   total 109248K, used 13249K [0x00000000e0000000, 0x00000000e8000000, 0x00000000e8000000)
  eden space 87424K,   0% used [0x00000000e0000000, 0x00000000e0000000, 0x00000000e5560000)
  from space 21824K,  60% used [0x00000000e5560000, 0x00000000e6250570, 0x00000000e6ab0000)
  to   space 21824K,   0% used [0x00000000e6ab0000, 0x00000000e6ab0000, 0x00000000e8000000)
 concurrent mark-sweep generation total 393216K, used 0K [0x00000000e8000000, 0x0000000100000000, 0x0000000100000000)
 Metaspace       used 20019K, capacity 20366K, committed 20736K, reserved 1067008K
  class space    used 2295K, capacity 2471K, committed 2560K, reserved 1048576K
}
2017-04-28T10:32:54.946+0200: 2,463: Total time for which application threads were stopped: 0,0178928 seconds, Stopping threads took: 0,0000544 seconds
2017-04-28T10:32:54.958+0200: 2,475: Total time for which application threads were stopped: 0,0003984 seconds, Stopping threads took: 0,0000747 seconds
2017-04-28T10:32:54.994+0200: 2,511: Total time for which application threads were stopped: 0,0003757 seconds, Stopping threads took: 0,0000518 seconds
2017-04-28T10:32:55.137+0200: 2,654: Total time for which application threads were stopped: 0,0001997 seconds, Stopping threads took: 0,0000559 seconds
{Heap before GC invocations=2 (full 0):
 par new generation   total 109248K, used 100673K [0x00000000e0000000, 0x00000000e8000000, 0x00000000e8000000)
  eden space 87424K, 100% used [0x00000000e0000000, 0x00000000e5560000, 0x00000000e5560000)
  from space 21824K,  60% used [0x00000000e5560000, 0x00000000e6250570, 0x00000000e6ab0000)
  to   space 21824K,   0% used [0x00000000e6ab0000, 0x00000000e6ab0000, 0x00000000e8000000)
 concurrent mark-sweep generation total 393216K, used 0K [0x00000000e8000000, 0x0000000100000000, 0x0000000100000000)
 Metaspace       used 20961K, capacity 21288K, committed 21628K, reserved 1069056K
  class space    used 2417K, capacity 2590K, committed 2684K, reserved 1048576K
2017-04-28T10:32:55.177+0200: 2,694: [GC (Allocation Failure) 2017-04-28T10:32:55.177+0200: 2,694: [ParNew
Desired survivor size 20112992 bytes, new threshold 8 (max 8)
- age   1:    2273400 bytes,    2273400 total
- age   2:    1058352 bytes,    3331752 total
- age   3:    6423160 bytes,    9754912 total
: 100673K->12642K(109248K), 0,0161299 secs] 100673K->12642K(502464K), 0,0162209 secs] [Times: user=0,05 sys=0,00, real=0,02 secs] 
Heap after GC invocations=3 (full 0):
 par new generation   total 109248K, used 12642K [0x00000000e0000000, 0x00000000e8000000, 0x00000000e8000000)
  eden space 87424K,   0% used [0x00000000e0000000, 0x00000000e0000000, 0x00000000e5560000)
  from space 21824K,  57% used [0x00000000e6ab0000, 0x00000000e7708878, 0x00000000e8000000)
  to   space 21824K,   0% used [0x00000000e5560000, 0x00000000e5560000, 0x00000000e6ab0000)
 concurrent mark-sweep generation total 393216K, used 0K [0x00000000e8000000, 0x0000000100000000, 0x0000000100000000)
 Metaspace       used 20961K, capacity 21288K, committed 21628K, reserved 1069056K
  class space    used 2417K, capacity 2590K, committed 2684K, reserved 1048576K
}
2017-04-28T10:32:55.193+0200: 2,710: Total time for which application threads were stopped: 0,0164691 seconds, Stopping threads took: 0,0000859 seconds
2017-04-28T10:32:55.200+0200: 2,717: [GC (CMS Initial Mark) [1 CMS-initial-mark: 0K(393216K)] 20284K(502464K), 0,0071998 secs] [Times: user=0,03 sys=0,00, real=0,00 secs] 
2017-04-28T10:32:55.208+0200: 2,724: Total time for which application threads were stopped: 0,0073378 seconds, Stopping threads took: 0,0000305 seconds
2017-04-28T10:32:55.208+0200: 2,724: [CMS-concurrent-mark-start]
2017-04-28T10:32:55.209+0200: 2,726: [CMS-concurrent-mark: 0,001/0,001 secs] [Times: user=0,00 sys=0,00, real=0,00 secs] 
2017-04-28T10:32:55.209+0200: 2,726: [CMS-concurrent-preclean-start]
2017-04-28T10:32:55.210+0200: 2,727: [CMS-concurrent-preclean: 0,001/0,001 secs] [Times: user=0,01 sys=0,00, real=0,00 secs] 
2017-04-28T10:32:55.210+0200: 2,727: [CMS-concurrent-abortable-preclean-start]
2017-04-28T10:32:55.268+0200: 2,785: Total time for which application threads were stopped: 0,0001539 seconds, Stopping threads took: 0,0000615 seconds
{Heap before GC invocations=3 (full 1):
 par new generation   total 109248K, used 100066K [0x00000000e0000000, 0x00000000e8000000, 0x00000000e8000000)
  eden space 87424K, 100% used [0x00000000e0000000, 0x00000000e5560000, 0x00000000e5560000)
  from space 21824K,  57% used [0x00000000e6ab0000, 0x00000000e7708878, 0x00000000e8000000)
  to   space 21824K,   0% used [0x00000000e5560000, 0x00000000e5560000, 0x00000000e6ab0000)
 concurrent mark-sweep generation total 393216K, used 0K [0x00000000e8000000, 0x0000000100000000, 0x0000000100000000)
 Metaspace       used 21238K, capacity 21628K, committed 21884K, reserved 1069056K
  class space    used 2446K, capacity 2605K, committed 2684K, reserved 1048576K
2017-04-28T10:32:55.300+0200: 2,817: [GC (Allocation Failure) 2017-04-28T10:32:55.300+0200: 2,817: [ParNew
Desired survivor size 20112992 bytes, new threshold 8 (max 8)
- age   1:    1093944 bytes,    1093944 total
- age   2:    1478016 bytes,    2571960 total
- age   3:    1026912 bytes,    3598872 total
- age   4:    6421960 bytes,   10020832 total
: 100066K->13686K(109248K), 0,0102333 secs] 100066K->13686K(502464K), 0,0103082 secs] [Times: user=0,03 sys=0,00, real=0,01 secs] 
Heap after GC invocations=4 (full 1):
 par new generation   total 109248K, used 13686K [0x00000000e0000000, 0x00000000e8000000, 0x00000000e8000000)
  eden space 87424K,   0% used [0x00000000e0000000, 0x00000000e0000000, 0x00000000e5560000)
  from space 21824K,  62% used [0x00000000e5560000, 0x00000000e62bdb00, 0x00000000e6ab0000)
  to   space 21824K,   0% used [0x00000000e6ab0000, 0x00000000e6ab0000, 0x00000000e8000000)
 concurrent mark-sweep generation total 393216K, used 0K [0x00000000e8000000, 0x0000000100000000, 0x0000000100000000)
 Metaspace       used 21238K, capacity 21628K, committed 21884K, reserved 1069056K
  class space    used 2446K, capacity 2605K, committed 2684K, reserved 1048576K
}
2017-04-28T10:32:55.310+0200: 2,827: Total time for which application threads were stopped: 0,0105361 seconds, Stopping threads took: 0,0000660 seconds
{Heap before GC invocations=4 (full 1):
 par new generation   total 109248K, used 101110K [0x00000000e0000000, 0x00000000e8000000, 0x00000000e8000000)
  eden space 87424K, 100% used [0x00000000e0000000, 0x00000000e5560000, 0x00000000e5560000)
  from space 21824K,  62% used [0x00000000e5560000, 0x00000000e62bdb00, 0x00000000e6ab0000)
  to   space 21824K,   0% used [0x00000000e6ab0000, 0x00000000e6ab0000, 0x00000000e8000000)
 concurrent mark-sweep generation total 393216K, used 0K [0x00000000e8000000, 0x0000000100000000, 0x0000000100000000)
 Metaspace       used 21397K, capacity 21794K, committed 21884K, reserved 1069056K
  class space    used 2466K, capacity 2638K, committed 2684K, reserved 1048576K
2017-04-28T10:32:55.400+0200: 2,917: [GC (Allocation Failure) 2017-04-28T10:32:55.400+0200: 2,917: [ParNew
Desired survivor size 20112992 bytes, new threshold 8 (max 8)
- age   1:    1356328 bytes,    1356328 total
- age   2:     176832 bytes,    1533160 total
- age   3:    1477816 bytes,    3010976 total
- age   4:    1024960 bytes,    4035936 total
- age   5:    6422000 bytes,   10457936 total
: 101110K->13513K(109248K), 0,0114946 secs] 101110K->13513K(502464K), 0,0115850 secs] [Times: user=0,04 sys=0,00, real=0,01 secs] 
Heap after GC invocations=5 (full 1):
 par new generation   total 109248K, used 13513K [0x00000000e0000000, 0x00000000e8000000, 0x00000000e8000000)
  eden space 87424K,   0% used [0x00000000e0000000, 0x00000000e0000000, 0x00000000e5560000)
  from space 21824K,  61% used [0x00000000e6ab0000, 0x00000000e77e24a0, 0x00000000e8000000)
  to   space 21824K,   0% used [0x00000000e5560000, 0x00000000e5560000, 0x00000000e6ab0000)
 concurrent mark-sweep generation total 393216K, used 0K [0x00000000e8000000, 0x0000000100000000, 0x0000000100000000)
 Metaspace       used 21397K, capacity 21794K, committed 21884K, reserved 1069056K
  class space    used 2466K, capacity 2638K, committed 2684K, reserved 1048576K
}
2017-04-28T10:32:55.412+0200: 2,929: Total time for which application threads were stopped: 0,0118128 seconds, Stopping threads took: 0,0000353 seconds
2017-04-28T10:32:55.438+0200: 2,955: Total time for which application threads were stopped: 0,0001359 seconds, Stopping threads took: 0,0000455 seconds
2017-04-28T10:32:55.438+0200: 2,955: [CMS-concurrent-abortable-preclean: 0,185/0,228 secs] [Times: user=0,86 sys=0,02, real=0,23 secs] 
2017-04-28T10:32:55.446+0200: 2,963: [GC (CMS Final Remark) [YG occupancy: 30906 K (109248 K)]{Heap before GC invocations=5 (full 1):
 par new generation   total 109248K, used 30906K [0x00000000e0000000, 0x00000000e8000000, 0x00000000e8000000)
  eden space 87424K,  19% used [0x00000000e0000000, 0x00000000e10fc460, 0x00000000e5560000)
  from space 21824K,  61% used [0x00000000e6ab0000, 0x00000000e77e24a0, 0x00000000e8000000)
  to   space 21824K,   0% used [0x00000000e5560000, 0x00000000e5560000, 0x00000000e6ab0000)
 concurrent mark-sweep generation total 393216K, used 0K [0x00000000e8000000, 0x0000000100000000, 0x0000000100000000)
 Metaspace       used 21561K, capacity 21960K, committed 22216K, reserved 1069056K
  class space    used 2488K, capacity 2671K, committed 2684K, reserved 1048576K
2017-04-28T10:32:55.446+0200: 2,963: [GC (CMS Final Remark) 2017-04-28T10:32:55.446+0200: 2,963: [ParNew
Desired survivor size 20112992 bytes, new threshold 8 (max 8)
- age   1:     228432 bytes,     228432 total
- age   2:     111904 bytes,     340336 total
- age   3:     175944 bytes,     516280 total
- age   4:     311176 bytes,     827456 total
- age   5:    1023024 bytes,    1850480 total
- age   6:    6421912 bytes,    8272392 total
: 30906K->11380K(109248K), 0,0098849 secs] 30906K->11380K(502464K), 0,0099483 secs] [Times: user=0,04 sys=0,00, real=0,01 secs] 
Heap after GC invocations=6 (full 1):
 par new generation   total 109248K, used 11380K [0x00000000e0000000, 0x00000000e8000000, 0x00000000e8000000)
  eden space 87424K,   0% used [0x00000000e0000000, 0x00000000e0000000, 0x00000000e5560000)
  from space 21824K,  52% used [0x00000000e5560000, 0x00000000e607d368, 0x00000000e6ab0000)
  to   space 21824K,   0% used [0x00000000e6ab0000, 0x00000000e6ab0000, 0x00000000e8000000)
 concurrent mark-sweep generation total 393216K, used 0K [0x00000000e8000000, 0x0000000100000000, 0x0000000100000000)
 Metaspace       used 21561K, capacity 21960K, committed 22216K, reserved 1069056K
  class space    used 2488K, capacity 2671K, committed 2684K, reserved 1048576K
}
2017-04-28T10:32:55.456+0200: 2,973: [Rescan (parallel) , 0,0031971 secs]2017-04-28T10:32:55.459+0200: 2,976: [weak refs processing, 0,0007011 secs]2017-04-28T10:32:55.460+0200: 2,977: [class unloading, 0,0029583 secs]2017-04-28T10:32:55.463+0200: 2,980: [scrub symbol table, 0,0026014 secs]2017-04-28T10:32:55.466+0200: 2,983: [scrub string table, 0,0003769 secs][1 CMS-remark: 0K(393216K)] 11380K(502464K), 0,0204600 secs] [Times: user=0,06 sys=0,00, real=0,02 secs] 
2017-04-28T10:32:55.467+0200: 2,984: Total time for which application threads were stopped: 0,0249003 seconds, Stopping threads took: 0,0043589 seconds
2017-04-28T10:32:55.467+0200: 2,984: [CMS-concurrent-sweep-start]
2017-04-28T10:32:55.467+0200: 2,984: [CMS-concurrent-sweep: 0,000/0,000 secs] [Times: user=0,00 sys=0,00, real=0,00 secs] 
2017-04-28T10:32:55.467+0200: 2,984: [CMS-concurrent-reset-start]
2017-04-28T10:32:55.469+0200: 2,986: [CMS-concurrent-reset: 0,002/0,002 secs] [Times: user=0,00 sys=0,00, real=0,00 secs] 
2017-04-28T10:32:55.476+0200: 2,993: Total time for which application threads were stopped: 0,0002931 seconds, Stopping threads took: 0,0000186 seconds
2017-04-28T10:32:55.728+0200: 3,244: Total time for which application threads were stopped: 0,0004738 seconds, Stopping threads took: 0,0000500 seconds
2017-04-28T10:32:55.745+0200: 3,262: Total time for which application threads were stopped: 0,0003591 seconds, Stopping threads took: 0,0000268 seconds
{Heap before GC invocations=6 (full 1):
 par new generation   total 109248K, used 98804K [0x00000000e0000000, 0x00000000e8000000, 0x00000000e8000000)
  eden space 87424K, 100% used [0x00000000e0000000, 0x00000000e5560000, 0x00000000e5560000)
  from space 21824K,  52% used [0x00000000e5560000, 0x00000000e607d368, 0x00000000e6ab0000)
  to   space 21824K,   0% used [0x00000000e6ab0000, 0x00000000e6ab0000, 0x00000000e8000000)
 concurrent mark-sweep generation total 393216K, used 0K [0x00000000e8000000, 0x0000000100000000, 0x0000000100000000)
 Metaspace       used 23934K, capacity 24400K, committed 24572K, reserved 1071104K
  class space    used 2829K, capacity 3015K, committed 3068K, reserved 1048576K
2017-04-28T10:32:55.916+0200: 3,433: [GC (Allocation Failure) 2017-04-28T10:32:55.916+0200: 3,433: [ParNew
Desired survivor size 20112992 bytes, new threshold 8 (max 8)
- age   1:    5144072 bytes,    5144072 total
- age   2:     112456 bytes,    5256528 total
- age   3:     111744 bytes,    5368272 total
- age   4:     175336 bytes,    5543608 total
- age   5:     308088 bytes,    5851696 total
- age   6:     998696 bytes,    6850392 total
- age   7:    6413488 bytes,   13263880 total
: 98804K->16102K(109248K), 0,0163766 secs] 98804K->16102K(502464K), 0,0164474 secs] [Times: user=0,05 sys=0,00, real=0,02 secs] 
Heap after GC invocations=7 (full 1):
 par new generation   total 109248K, used 16102K [0x00000000e0000000, 0x00000000e8000000, 0x00000000e8000000)
  eden space 87424K,   0% used [0x00000000e0000000, 0x00000000e0000000, 0x00000000e5560000)
  from space 21824K,  73% used [0x00000000e6ab0000, 0x00000000e7a69820, 0x00000000e8000000)
  to   space 21824K,   0% used [0x00000000e5560000, 0x00000000e5560000, 0x00000000e6ab0000)
 concurrent mark-sweep generation total 393216K, used 0K [0x00000000e8000000, 0x0000000100000000, 0x0000000100000000)
 Metaspace       used 23934K, capacity 24400K, committed 24572K, reserved 1071104K
  class space    used 2829K, capacity 3015K, committed 3068K, reserved 1048576K
}
2017-04-28T10:32:55.932+0200: 3,449: Total time for which application threads were stopped: 0,0166862 seconds, Stopping threads took: 0,0000565 seconds
{Heap before GC invocations=7 (full 1):
 par new generation   total 109248K, used 103526K [0x00000000e0000000, 0x00000000e8000000, 0x00000000e8000000)
  eden space 87424K, 100% used [0x00000000e0000000, 0x00000000e5560000, 0x00000000e5560000)
  from space 21824K,  73% used [0x00000000e6ab0000, 0x00000000e7a69820, 0x00000000e8000000)
  to   space 21824K,   0% used [0x00000000e5560000, 0x00000000e5560000, 0x00000000e6ab0000)
 concurrent mark-sweep generation total 393216K, used 0K [0x00000000e8000000, 0x0000000100000000, 0x0000000100000000)
 Metaspace       used 24346K, capacity 24774K, committed 24828K, reserved 1071104K
  class space    used 2858K, capacity 3051K, committed 3068K, reserved 1048576K
2017-04-28T10:32:56.014+0200: 3,531: [GC (Allocation Failure) 2017-04-28T10:32:56.014+0200: 3,531: [ParNew
Desired survivor size 20112992 bytes, new threshold 8 (max 8)
- age   1:    1959536 bytes,    1959536 total
- age   2:    1795488 bytes,    3755024 total
- age   3:      62776 bytes,    3817800 total
- age   4:      53304 bytes,    3871104 total
- age   5:      91056 bytes,    3962160 total
- age   6:     189416 bytes,    4151576 total
- age   7:     905632 bytes,    5057208 total
- age   8:    5955664 bytes,   11012872 total
: 103526K->16182K(109248K), 0,0117071 secs] 103526K->16182K(502464K), 0,0117845 secs] [Times: user=0,04 sys=0,00, real=0,01 secs] 
Heap after GC invocations=8 (full 1):
 par new generation   total 109248K, used 16182K [0x00000000e0000000, 0x00000000e8000000, 0x00000000e8000000)
  eden space 87424K,   0% used [0x00000000e0000000, 0x00000000e0000000, 0x00000000e5560000)
  from space 21824K,  74% used [0x00000000e5560000, 0x00000000e652d950, 0x00000000e6ab0000)
  to   space 21824K,   0% used [0x00000000e6ab0000, 0x00000000e6ab0000, 0x00000000e8000000)
 concurrent mark-sweep generation total 393216K, used 0K [0x00000000e8000000, 0x0000000100000000, 0x0000000100000000)
 Metaspace       used 24346K, capacity 24774K, committed 24828K, reserved 1071104K
  class space    used 2858K, capacity 3051K, committed 3068K, reserved 1048576K
}
2017-04-28T10:32:56.026+0200: 3,543: Total time for which application threads were stopped: 0,0127137 seconds, Stopping threads took: 0,0007729 seconds
{Heap before GC invocations=8 (full 1):
 par new generation   total 109248K, used 103592K [0x00000000e0000000, 0x00000000e8000000, 0x00000000e8000000)
  eden space 87424K,  99% used [0x00000000e0000000, 0x00000000e555c910, 0x00000000e5560000)
  from space 21824K,  74% used [0x00000000e5560000, 0x00000000e652d950, 0x00000000e6ab0000)
  to   space 21824K,   0% used [0x00000000e6ab0000, 0x00000000e6ab0000, 0x00000000e8000000)
 concurrent mark-sweep generation total 393216K, used 0K [0x00000000e8000000, 0x0000000100000000, 0x0000000100000000)
 Metaspace       used 24789K, capacity 25264K, committed 25468K, reserved 1071104K
  class space    used 2895K, capacity 3085K, committed 3196K, reserved 1048576K
2017-04-28T10:32:56.136+0200: 3,653: [GC (Allocation Failure) 2017-04-28T10:32:56.136+0200: 3,653: [ParNew
Desired survivor size 20112992 bytes, new threshold 8 (max 8)
- age   1:     761784 bytes,     761784 total
- age   2:     949176 bytes,    1710960 total
- age   3:    1773200 bytes,    3484160 total
- age   4:      62744 bytes,    3546904 total
- age   5:      53304 bytes,    3600208 total
- age   6:      90960 bytes,    3691168 total
- age   7:     186592 bytes,    3877760 total
- age   8:     904864 bytes,    4782624 total
: 103592K->6732K(109248K), 0,0879949 secs] 103592K->12630K(502464K), 0,0881016 secs] [Times: user=0,12 sys=0,00, real=0,09 secs] 
Heap after GC invocations=9 (full 1):
 par new generation   total 109248K, used 6732K [0x00000000e0000000, 0x00000000e8000000, 0x00000000e8000000)
  eden space 87424K,   0% used [0x00000000e0000000, 0x00000000e0000000, 0x00000000e5560000)
  from space 21824K,  30% used [0x00000000e6ab0000, 0x00000000e71430c0, 0x00000000e8000000)
  to   space 21824K,   0% used [0x00000000e5560000, 0x00000000e5560000, 0x00000000e6ab0000)
 concurrent mark-sweep generation total 393216K, used 5898K [0x00000000e8000000, 0x0000000100000000, 0x0000000100000000)
 Metaspace       used 24789K, capacity 25264K, committed 25468K, reserved 1071104K
  class space    used 2895K, capacity 3085K, committed 3196K, reserved 1048576K
}
2017-04-28T10:32:56.224+0200: 3,741: Total time for which application threads were stopped: 0,0945917 seconds, Stopping threads took: 0,0061400 seconds
2017-04-28T10:32:56.536+0200: 4,053: Total time for which application threads were stopped: 0,0011861 seconds, Stopping threads took: 0,0008042 seconds
2017-04-28T10:32:56.546+0200: 4,063: Total time for which application threads were stopped: 0,0001390 seconds, Stopping threads took: 0,0000346 seconds
2017-04-28T10:32:56.557+0200: 4,074: Total time for which application threads were stopped: 0,0008380 seconds, Stopping threads took: 0,0007075 seconds
2017-04-28T10:32:56.568+0200: 4,085: Total time for which application threads were stopped: 0,0003166 seconds, Stopping threads took: 0,0001483 seconds
2017-04-28T10:32:56.583+0200: 4,099: Total time for which application threads were stopped: 0,0002103 seconds, Stopping threads took: 0,0000866 seconds
2017-04-28T10:32:56.584+0200: 4,100: Total time for which application threads were stopped: 0,0001438 seconds, Stopping threads took: 0,0000384 seconds
2017-04-28T10:32:56.594+0200: 4,111: Total time for which application threads were stopped: 0,0001459 seconds, Stopping threads took: 0,0000318 seconds
2017-04-28T10:32:56.599+0200: 4,116: Total time for which application threads were stopped: 0,0005768 seconds, Stopping threads took: 0,0000358 seconds
2017-04-28T10:32:56.641+0200: 4,158: Total time for which application threads were stopped: 0,0001784 seconds, Stopping threads took: 0,0000337 seconds
2017-04-28T10:32:56.643+0200: 4,160: Total time for which application threads were stopped: 0,0008745 seconds, Stopping threads took: 0,0000329 seconds
2017-04-28T10:32:56.798+0200: 4,315: Total time for which application threads were stopped: 0,0001958 seconds, Stopping threads took: 0,0000310 seconds
2017-04-28T10:32:56.804+0200: 4,321: Total time for which application threads were stopped: 0,0001600 seconds, Stopping threads took: 0,0000309 seconds
2017-04-28T10:32:56.809+0200: 4,326: Total time for which application threads were stopped: 0,0001778 seconds, Stopping threads took: 0,0000501 seconds
2017-04-28T10:32:56.843+0200: 4,360: Total time for which application threads were stopped: 0,0005959 seconds, Stopping threads took: 0,0000503 seconds
2017-04-28T10:32:56.844+0200: 4,361: Total time for which application threads were stopped: 0,0001342 seconds, Stopping threads took: 0,0000374 seconds
2017-04-28T10:32:56.848+0200: 4,365: Total time for which application threads were stopped: 0,0005443 seconds, Stopping threads took: 0,0004089 seconds
2017-04-28T10:32:56.848+0200: 4,365: Total time for which application threads were stopped: 0,0001190 seconds, Stopping threads took: 0,0000244 seconds
2017-04-28T10:32:56.848+0200: 4,365: Total time for which application threads were stopped: 0,0000918 seconds, Stopping threads took: 0,0000168 seconds
2017-04-28T10:32:56.868+0200: 4,385: Total time for which application threads were stopped: 0,0024608 seconds, Stopping threads took: 0,0023207 seconds
2017-04-28T10:32:56.878+0200: 4,395: Total time for which application threads were stopped: 0,0001644 seconds, Stopping threads took: 0,0000442 seconds
2017-04-28T10:32:56.886+0200: 4,402: Total time for which application threads were stopped: 0,0026755 seconds, Stopping threads took: 0,0025465 seconds
2017-04-28T10:32:56.887+0200: 4,404: Total time for which application threads were stopped: 0,0001585 seconds, Stopping threads took: 0,0000395 seconds
2017-04-28T10:32:56.887+0200: 4,404: Total time for which application threads were stopped: 0,0000964 seconds, Stopping threads took: 0,0000259 seconds
2017-04-28T10:32:56.887+0200: 4,404: Total time for which application threads were stopped: 0,0000750 seconds, Stopping threads took: 0,0000187 seconds
2017-04-28T10:32:56.887+0200: 4,404: Total time for which application threads were stopped: 0,0000710 seconds, Stopping threads took: 0,0000167 seconds
2017-04-28T10:32:56.888+0200: 4,405: Total time for which application threads were stopped: 0,0002026 seconds, Stopping threads took: 0,0000244 seconds
2017-04-28T10:32:56.891+0200: 4,408: Total time for which application threads were stopped: 0,0001273 seconds, Stopping threads took: 0,0000411 seconds
2017-04-28T10:32:56.893+0200: 4,410: Total time for which application threads were stopped: 0,0001437 seconds, Stopping threads took: 0,0000635 seconds
2017-04-28T10:32:56.894+0200: 4,411: Total time for which application threads were stopped: 0,0002318 seconds, Stopping threads took: 0,0001394 seconds
2017-04-28T10:32:56.895+0200: 4,412: Total time for which application threads were stopped: 0,0009854 seconds, Stopping threads took: 0,0008635 seconds
2017-04-28T10:32:56.899+0200: 4,416: Total time for which application threads were stopped: 0,0008363 seconds, Stopping threads took: 0,0006889 seconds
2017-04-28T10:32:56.905+0200: 4,422: Total time for which application threads were stopped: 0,0002168 seconds, Stopping threads took: 0,0001007 seconds
2017-04-28T10:32:56.905+0200: 4,422: Total time for which application threads were stopped: 0,0000818 seconds, Stopping threads took: 0,0000103 seconds
2017-04-28T10:32:56.905+0200: 4,422: Total time for which application threads were stopped: 0,0000791 seconds, Stopping threads took: 0,0000102 seconds
2017-04-28T10:32:56.905+0200: 4,422: Total time for which application threads were stopped: 0,0000688 seconds, Stopping threads took: 0,0000091 seconds
2017-04-28T10:32:56.905+0200: 4,422: Total time for which application threads were stopped: 0,0000706 seconds, Stopping threads took: 0,0000088 seconds
2017-04-28T10:32:56.906+0200: 4,423: Total time for which application threads were stopped: 0,0001106 seconds, Stopping threads took: 0,0000285 seconds
2017-04-28T10:32:56.906+0200: 4,423: Total time for which application threads were stopped: 0,0000720 seconds, Stopping threads took: 0,0000097 seconds
2017-04-28T10:32:56.917+0200: 4,434: Total time for which application threads were stopped: 0,0002328 seconds, Stopping threads took: 0,0001070 seconds
2017-04-28T10:32:56.919+0200: 4,436: Total time for which application threads were stopped: 0,0010951 seconds, Stopping threads took: 0,0009864 seconds
2017-04-28T10:32:56.926+0200: 4,443: Total time for which application threads were stopped: 0,0001268 seconds, Stopping threads took: 0,0000362 seconds
2017-04-28T10:32:56.927+0200: 4,444: Total time for which application threads were stopped: 0,0000900 seconds, Stopping threads took: 0,0000211 seconds
2017-04-28T10:32:56.927+0200: 4,444: Total time for which application threads were stopped: 0,0000707 seconds, Stopping threads took: 0,0000174 seconds
2017-04-28T10:32:56.927+0200: 4,444: Total time for which application threads were stopped: 0,0000729 seconds, Stopping threads took: 0,0000191 seconds
2017-04-28T10:32:56.927+0200: 4,444: Total time for which application threads were stopped: 0,0000661 seconds, Stopping threads took: 0,0000175 seconds
2017-04-28T10:32:56.927+0200: 4,444: Total time for which application threads were stopped: 0,0001808 seconds, Stopping threads took: 0,0000170 seconds
2017-04-28T10:32:56.933+0200: 4,450: Total time for which application threads were stopped: 0,0015143 seconds, Stopping threads took: 0,0014181 seconds
2017-04-28T10:32:56.937+0200: 4,454: Total time for which application threads were stopped: 0,0006365 seconds, Stopping threads took: 0,0005360 seconds
2017-04-28T10:32:56.938+0200: 4,454: Total time for which application threads were stopped: 0,0001366 seconds, Stopping threads took: 0,0000246 seconds
2017-04-28T10:32:56.970+0200: 4,487: Total time for which application threads were stopped: 0,0033725 seconds, Stopping threads took: 0,0032445 seconds
2017-04-28T10:32:56.980+0200: 4,497: Total time for which application threads were stopped: 0,0016401 seconds, Stopping threads took: 0,0015390 seconds
2017-04-28T10:32:57.022+0200: 4,539: Total time for which application threads were stopped: 0,0005004 seconds, Stopping threads took: 0,0000799 seconds
2017-04-28T10:32:57.029+0200: 4,545: Total time for which application threads were stopped: 0,0001175 seconds, Stopping threads took: 0,0000457 seconds
2017-04-28T10:32:58.029+0200: 5,546: Total time for which application threads were stopped: 0,0000871 seconds, Stopping threads took: 0,0000203 seconds
2017-04-28T10:33:57.301+0200: 64,817: Total time for which application threads were stopped: 0,0001051 seconds, Stopping threads took: 0,0000222 seconds
2017-04-28T10:33:57.324+0200: 64,841: Total time for which application threads were stopped: 0,0001360 seconds, Stopping threads took: 0,0000393 seconds
2017-04-28T10:33:57.325+0200: 64,841: Total time for which application threads were stopped: 0,0000550 seconds, Stopping threads took: 0,0000143 seconds
2017-04-28T10:33:57.325+0200: 64,841: Total time for which application threads were stopped: 0,0000488 seconds, Stopping threads took: 0,0000171 seconds
2017-04-28T10:33:57.331+0200: 64,848: Total time for which application threads were stopped: 0,0005389 seconds, Stopping threads took: 0,0004646 seconds
2017-04-28T10:33:57.349+0200: 64,866: Total time for which application threads were stopped: 0,0001273 seconds, Stopping threads took: 0,0000529 seconds
2017-04-28T10:33:57.354+0200: 64,871: Total time for which application threads were stopped: 0,0006273 seconds, Stopping threads took: 0,0005279 seconds
2017-04-28T10:33:57.356+0200: 64,873: Total time for which application threads were stopped: 0,0006445 seconds, Stopping threads took: 0,0005553 seconds
2017-04-28T10:33:57.360+0200: 64,877: Total time for which application threads were stopped: 0,0000957 seconds, Stopping threads took: 0,0000183 seconds
2017-04-28T10:33:57.361+0200: 64,878: Total time for which application threads were stopped: 0,0000875 seconds, Stopping threads took: 0,0000292 seconds
2017-04-28T10:33:57.361+0200: 64,878: Total time for which application threads were stopped: 0,0000480 seconds, Stopping threads took: 0,0000163 seconds
2017-04-28T10:33:57.365+0200: 64,882: Total time for which application threads were stopped: 0,0018831 seconds, Stopping threads took: 0,0018052 seconds
2017-04-28T10:33:57.365+0200: 64,882: Total time for which application threads were stopped: 0,0000529 seconds, Stopping threads took: 0,0000159 seconds
2017-04-28T10:33:57.365+0200: 64,882: Total time for which application threads were stopped: 0,0000468 seconds, Stopping threads took: 0,0000135 seconds
2017-04-28T10:33:57.365+0200: 64,882: Total time for which application threads were stopped: 0,0000466 seconds, Stopping threads took: 0,0000153 seconds
2017-04-28T10:33:57.365+0200: 64,882: Total time for which application threads were stopped: 0,0000444 seconds, Stopping threads took: 0,0000142 seconds
2017-04-28T10:33:57.365+0200: 64,882: Total time for which application threads were stopped: 0,0000417 seconds, Stopping threads took: 0,0000127 seconds
2017-04-28T10:33:57.365+0200: 64,882: Total time for which application threads were stopped: 0,0000403 seconds, Stopping threads took: 0,0000113 seconds
2017-04-28T10:33:57.365+0200: 64,882: Total time for which application threads were stopped: 0,0000411 seconds, Stopping threads took: 0,0000118 seconds
2017-04-28T10:33:57.373+0200: 64,890: Total time for which application threads were stopped: 0,0000979 seconds, Stopping threads took: 0,0000305 seconds
2017-04-28T10:33:57.376+0200: 64,893: Total time for which application threads were stopped: 0,0000877 seconds, Stopping threads took: 0,0000303 seconds
2017-04-28T10:33:57.376+0200: 64,893: Total time for which application threads were stopped: 0,0000793 seconds, Stopping threads took: 0,0000138 seconds
2017-04-28T10:33:57.376+0200: 64,893: Total time for which application threads were stopped: 0,0000453 seconds, Stopping threads took: 0,0000144 seconds
2017-04-28T10:33:57.376+0200: 64,893: Total time for which application threads were stopped: 0,0000416 seconds, Stopping threads took: 0,0000125 seconds
2017-04-28T10:33:57.377+0200: 64,893: Total time for which application threads were stopped: 0,0000530 seconds, Stopping threads took: 0,0000202 seconds
2017-04-28T10:33:57.377+0200: 64,894: Total time for which application threads were stopped: 0,0000510 seconds, Stopping threads took: 0,0000182 seconds
2017-04-28T10:33:57.377+0200: 64,894: Total time for which application threads were stopped: 0,0000472 seconds, Stopping threads took: 0,0000152 seconds
2017-04-28T10:33:57.377+0200: 64,894: Total time for which application threads were stopped: 0,0000456 seconds, Stopping threads took: 0,0000142 seconds
2017-04-28T10:33:57.378+0200: 64,895: Total time for which application threads were stopped: 0,0000845 seconds, Stopping threads took: 0,0000303 seconds
2017-04-28T10:33:57.378+0200: 64,895: Total time for which application threads were stopped: 0,0000463 seconds, Stopping threads took: 0,0000134 seconds
2017-04-28T10:33:57.379+0200: 64,896: Total time for which application threads were stopped: 0,0000796 seconds, Stopping threads took: 0,0000271 seconds
2017-04-28T10:33:57.380+0200: 64,897: Total time for which application threads were stopped: 0,0000763 seconds, Stopping threads took: 0,0000256 seconds
2017-04-28T10:33:57.380+0200: 64,897: Total time for which application threads were stopped: 0,0000513 seconds, Stopping threads took: 0,0000182 seconds
2017-04-28T10:33:57.380+0200: 64,897: Total time for which application threads were stopped: 0,0000356 seconds, Stopping threads took: 0,0000055 seconds
2017-04-28T10:33:57.382+0200: 64,899: Total time for which application threads were stopped: 0,0000960 seconds, Stopping threads took: 0,0000333 seconds
2017-04-28T10:33:57.382+0200: 64,899: Total time for which application threads were stopped: 0,0000498 seconds, Stopping threads took: 0,0000167 seconds
2017-04-28T10:33:57.383+0200: 64,899: Total time for which application threads were stopped: 0,0000609 seconds, Stopping threads took: 0,0000216 seconds
2017-04-28T10:33:57.383+0200: 64,899: Total time for which application threads were stopped: 0,0000428 seconds, Stopping threads took: 0,0000127 seconds
2017-04-28T10:33:57.383+0200: 64,900: Total time for which application threads were stopped: 0,0001778 seconds, Stopping threads took: 0,0000112 seconds
2017-04-28T10:33:57.383+0200: 64,900: Total time for which application threads were stopped: 0,0000698 seconds, Stopping threads took: 0,0000182 seconds
2017-04-28T10:33:57.385+0200: 64,901: Total time for which application threads were stopped: 0,0001313 seconds, Stopping threads took: 0,0000338 seconds
2017-04-28T10:33:57.389+0200: 64,906: Total time for which application threads were stopped: 0,0001288 seconds, Stopping threads took: 0,0000312 seconds
2017-04-28T10:33:57.395+0200: 64,912: Total time for which application threads were stopped: 0,0001177 seconds, Stopping threads took: 0,0000290 seconds
Heap
 par new generation   total 109248K, used 83485K [0x00000000e0000000, 0x00000000e8000000, 0x00000000e8000000)
  eden space 87424K,  87% used [0x00000000e0000000, 0x00000000e4af46c0, 0x00000000e5560000)
  from space 21824K,  30% used [0x00000000e6ab0000, 0x00000000e71430c0, 0x00000000e8000000)
  to   space 21824K,   0% used [0x00000000e5560000, 0x00000000e5560000, 0x00000000e6ab0000)
 concurrent mark-sweep generation total 393216K, used 5898K [0x00000000e8000000, 0x0000000100000000, 0x0000000100000000)
 Metaspace       used 28099K, capacity 28626K, committed 28796K, reserved 1075200K
  class space    used 3226K, capacity 3392K, committed 3452K, reserved 1048576K
