OpenJDK 64-Bit Server VM (25.111-b14) for linux-amd64 JRE (1.8.0_111-8u111-b14-2ubuntu0.16.04.2-b14), built on Oct 27 2016 18:10:19 by "buildd" with gcc 5.4.0 20160609
Memory: 4k page, physical 7867800k(7499324k free), swap 8076284k(8076284k free)
CommandLine flags: -XX:CMSInitiatingOccupancyFraction=50 -XX:CMSMaxAbortablePrecleanTime=6000 -XX:+CMSParallelRemarkEnabled -XX:+CMSScavengeBeforeRemark -XX:ConcGCThreads=4 -XX:InitialHeapSize=536870912 -XX:MaxHeapSize=536870912 -XX:MaxTenuringThreshold=8 -XX:NewRatio=3 -XX:OldPLABSize=16 -XX:OnOutOfMemoryError=/opt/solr/bin/oom_solr.sh 8983 /var/solr/logs -XX:ParallelGCThreads=4 -XX:+ParallelRefProcEnabled -XX:PretenureSizeThreshold=67108864 -XX:+PrintGC -XX:+PrintGCApplicationStoppedTime -XX:+PrintGCDateStamps -XX:+PrintGCDetails -XX:+PrintGCTimeStamps -XX:+PrintHeapAtGC -XX:+PrintTenuringDistribution -XX:SurvivorRatio=4 -XX:TargetSurvivorRatio=90 -XX:ThreadStackSize=256 -XX:+UseCMSInitiatingOccupancyOnly -XX:+UseCompressedClassPointers -XX:+UseCompressedOops -XX:+UseConcMarkSweepGC -XX:+UseParNewGC 
2017-01-22T12:54:52.735+0100: 0,127: Total time for which application threads were stopped: 0,0000682 seconds, Stopping threads took: 0,0000122 seconds
2017-01-22T12:54:52.807+0100: 0,198: Total time for which application threads were stopped: 0,0001172 seconds, Stopping threads took: 0,0000172 seconds
2017-01-22T12:54:52.823+0100: 0,215: Total time for which application threads were stopped: 0,0000927 seconds, Stopping threads took: 0,0000132 seconds
2017-01-22T12:54:53.051+0100: 0,442: Total time for which application threads were stopped: 0,0001083 seconds, Stopping threads took: 0,0000092 seconds
2017-01-22T12:54:53.493+0100: 0,884: Total time for which application threads were stopped: 0,0001619 seconds, Stopping threads took: 0,0000264 seconds
2017-01-22T12:54:53.618+0100: 1,010: Total time for which application threads were stopped: 0,0002037 seconds, Stopping threads took: 0,0000239 seconds
2017-01-22T12:54:53.638+0100: 1,029: Total time for which application threads were stopped: 0,0002051 seconds, Stopping threads took: 0,0000356 seconds
2017-01-22T12:54:53.895+0100: 1,286: Total time for which application threads were stopped: 0,0002443 seconds, Stopping threads took: 0,0000299 seconds
2017-01-22T12:54:54.094+0100: 1,485: Total time for which application threads were stopped: 0,0002132 seconds, Stopping threads took: 0,0000251 seconds
2017-01-22T12:54:54.117+0100: 1,508: Total time for which application threads were stopped: 0,0001854 seconds, Stopping threads took: 0,0000240 seconds
2017-01-22T12:54:54.118+0100: 1,509: Total time for which application threads were stopped: 0,0001197 seconds, Stopping threads took: 0,0000198 seconds
2017-01-22T12:54:54.131+0100: 1,523: Total time for which application threads were stopped: 0,0001656 seconds, Stopping threads took: 0,0000234 seconds
2017-01-22T12:54:54.237+0100: 1,628: Total time for which application threads were stopped: 0,0002703 seconds, Stopping threads took: 0,0000871 seconds
2017-01-22T12:54:54.416+0100: 1,807: Total time for which application threads were stopped: 0,0002156 seconds, Stopping threads took: 0,0000238 seconds
{Heap before GC invocations=0 (full 0):
 par new generation   total 109248K, used 87424K [0x00000000e0000000, 0x00000000e8000000, 0x00000000e8000000)
  eden space 87424K, 100% used [0x00000000e0000000, 0x00000000e5560000, 0x00000000e5560000)
  from space 21824K,   0% used [0x00000000e5560000, 0x00000000e5560000, 0x00000000e6ab0000)
  to   space 21824K,   0% used [0x00000000e6ab0000, 0x00000000e6ab0000, 0x00000000e8000000)
 concurrent mark-sweep generation total 393216K, used 0K [0x00000000e8000000, 0x0000000100000000, 0x0000000100000000)
 Metaspace       used 18116K, capacity 18430K, committed 18560K, reserved 1064960K
  class space    used 2054K, capacity 2162K, committed 2176K, reserved 1048576K
2017-01-22T12:54:54.527+0100: 1,919: [GC (Allocation Failure) 2017-01-22T12:54:54.527+0100: 1,919: [ParNew
Desired survivor size 20112992 bytes, new threshold 8 (max 8)
- age   1:   12324544 bytes,   12324544 total
: 87424K->12152K(109248K), 0,0159295 secs] 87424K->12152K(502464K), 0,0160180 secs] [Times: user=0,03 sys=0,03, real=0,02 secs] 
Heap after GC invocations=1 (full 0):
 par new generation   total 109248K, used 12152K [0x00000000e0000000, 0x00000000e8000000, 0x00000000e8000000)
  eden space 87424K,   0% used [0x00000000e0000000, 0x00000000e0000000, 0x00000000e5560000)
  from space 21824K,  55% used [0x00000000e6ab0000, 0x00000000e768e200, 0x00000000e8000000)
  to   space 21824K,   0% used [0x00000000e5560000, 0x00000000e5560000, 0x00000000e6ab0000)
 concurrent mark-sweep generation total 393216K, used 0K [0x00000000e8000000, 0x0000000100000000, 0x0000000100000000)
 Metaspace       used 18116K, capacity 18430K, committed 18560K, reserved 1064960K
  class space    used 2054K, capacity 2162K, committed 2176K, reserved 1048576K
}
2017-01-22T12:54:54.543+0100: 1,935: Total time for which application threads were stopped: 0,0161873 seconds, Stopping threads took: 0,0000162 seconds
2017-01-22T12:54:54.704+0100: 2,095: Total time for which application threads were stopped: 0,0003126 seconds, Stopping threads took: 0,0000345 seconds
2017-01-22T12:54:54.735+0100: 2,126: Total time for which application threads were stopped: 0,0003599 seconds, Stopping threads took: 0,0000528 seconds
2017-01-22T12:54:54.771+0100: 2,162: Total time for which application threads were stopped: 0,0003321 seconds, Stopping threads took: 0,0000259 seconds
{Heap before GC invocations=1 (full 0):
 par new generation   total 109248K, used 99576K [0x00000000e0000000, 0x00000000e8000000, 0x00000000e8000000)
  eden space 87424K, 100% used [0x00000000e0000000, 0x00000000e5560000, 0x00000000e5560000)
  from space 21824K,  55% used [0x00000000e6ab0000, 0x00000000e768e200, 0x00000000e8000000)
  to   space 21824K,   0% used [0x00000000e5560000, 0x00000000e5560000, 0x00000000e6ab0000)
 concurrent mark-sweep generation total 393216K, used 0K [0x00000000e8000000, 0x0000000100000000, 0x0000000100000000)
 Metaspace       used 20759K, capacity 21084K, committed 21248K, reserved 1069056K
  class space    used 2404K, capacity 2518K, committed 2560K, reserved 1048576K
2017-01-22T12:54:54.947+0100: 2,339: [GC (Allocation Failure) 2017-01-22T12:54:54.947+0100: 2,339: [ParNew
Desired survivor size 20112992 bytes, new threshold 8 (max 8)
- age   1:    2901240 bytes,    2901240 total
- age   2:    6102200 bytes,    9003440 total
: 99576K->11125K(109248K), 0,0097318 secs] 99576K->11125K(502464K), 0,0098207 secs] [Times: user=0,03 sys=0,00, real=0,01 secs] 
Heap after GC invocations=2 (full 0):
 par new generation   total 109248K, used 11125K [0x00000000e0000000, 0x00000000e8000000, 0x00000000e8000000)
  eden space 87424K,   0% used [0x00000000e0000000, 0x00000000e0000000, 0x00000000e5560000)
  from space 21824K,  50% used [0x00000000e5560000, 0x00000000e603d7e0, 0x00000000e6ab0000)
  to   space 21824K,   0% used [0x00000000e6ab0000, 0x00000000e6ab0000, 0x00000000e8000000)
 concurrent mark-sweep generation total 393216K, used 0K [0x00000000e8000000, 0x0000000100000000, 0x0000000100000000)
 Metaspace       used 20759K, capacity 21084K, committed 21248K, reserved 1069056K
  class space    used 2404K, capacity 2518K, committed 2560K, reserved 1048576K
}
2017-01-22T12:54:54.957+0100: 2,348: Total time for which application threads were stopped: 0,0100772 seconds, Stopping threads took: 0,0000283 seconds
2017-01-22T12:54:55.003+0100: 2,394: Total time for which application threads were stopped: 0,0001123 seconds, Stopping threads took: 0,0000251 seconds
2017-01-22T12:54:55.046+0100: 2,437: Total time for which application threads were stopped: 0,0000912 seconds, Stopping threads took: 0,0000126 seconds
2017-01-22T12:54:55.047+0100: 2,438: Total time for which application threads were stopped: 0,0002612 seconds, Stopping threads took: 0,0000153 seconds
2017-01-22T12:54:55.072+0100: 2,463: Total time for which application threads were stopped: 0,0000864 seconds, Stopping threads took: 0,0000292 seconds
2017-01-22T12:54:55.139+0100: 2,530: Total time for which application threads were stopped: 0,0001814 seconds, Stopping threads took: 0,0000722 seconds
2017-01-22T12:54:55.159+0100: 2,550: Total time for which application threads were stopped: 0,0001730 seconds, Stopping threads took: 0,0001019 seconds
2017-01-22T12:54:55.165+0100: 2,556: Total time for which application threads were stopped: 0,0002722 seconds, Stopping threads took: 0,0000135 seconds
2017-01-22T12:54:55.172+0100: 2,563: Total time for which application threads were stopped: 0,0002802 seconds, Stopping threads took: 0,0000249 seconds
2017-01-22T12:54:55.179+0100: 2,570: Total time for which application threads were stopped: 0,0000958 seconds, Stopping threads took: 0,0000279 seconds
2017-01-22T12:54:55.207+0100: 2,598: Total time for which application threads were stopped: 0,0000963 seconds, Stopping threads took: 0,0000301 seconds
2017-01-22T12:54:55.222+0100: 2,613: Total time for which application threads were stopped: 0,0000751 seconds, Stopping threads took: 0,0000150 seconds
2017-01-22T12:54:55.241+0100: 2,632: Total time for which application threads were stopped: 0,0000763 seconds, Stopping threads took: 0,0000133 seconds
2017-01-22T12:54:55.263+0100: 2,654: Total time for which application threads were stopped: 0,0001200 seconds, Stopping threads took: 0,0000336 seconds
2017-01-22T12:54:55.288+0100: 2,679: Total time for which application threads were stopped: 0,0001396 seconds, Stopping threads took: 0,0000544 seconds
2017-01-22T12:54:55.349+0100: 2,740: Total time for which application threads were stopped: 0,0001000 seconds, Stopping threads took: 0,0000266 seconds
2017-01-22T12:54:55.380+0100: 2,771: Total time for which application threads were stopped: 0,0001382 seconds, Stopping threads took: 0,0000444 seconds
{Heap before GC invocations=2 (full 0):
 par new generation   total 109248K, used 98549K [0x00000000e0000000, 0x00000000e8000000, 0x00000000e8000000)
  eden space 87424K, 100% used [0x00000000e0000000, 0x00000000e5560000, 0x00000000e5560000)
  from space 21824K,  50% used [0x00000000e5560000, 0x00000000e603d7e0, 0x00000000e6ab0000)
  to   space 21824K,   0% used [0x00000000e6ab0000, 0x00000000e6ab0000, 0x00000000e8000000)
 concurrent mark-sweep generation total 393216K, used 0K [0x00000000e8000000, 0x0000000100000000, 0x0000000100000000)
 Metaspace       used 24879K, capacity 25253K, committed 25536K, reserved 1071104K
  class space    used 2900K, capacity 3057K, committed 3092K, reserved 1048576K
2017-01-22T12:54:55.394+0100: 2,786: [GC (Allocation Failure) 2017-01-22T12:54:55.394+0100: 2,786: [ParNew
Desired survivor size 20112992 bytes, new threshold 8 (max 8)
- age   1:    6726392 bytes,    6726392 total
- age   2:     550224 bytes,    7276616 total
- age   3:    6086176 bytes,   13362792 total
: 98549K->16896K(109248K), 0,0120617 secs] 98549K->16896K(502464K), 0,0121391 secs] [Times: user=0,04 sys=0,01, real=0,01 secs] 
Heap after GC invocations=3 (full 0):
 par new generation   total 109248K, used 16896K [0x00000000e0000000, 0x00000000e8000000, 0x00000000e8000000)
  eden space 87424K,   0% used [0x00000000e0000000, 0x00000000e0000000, 0x00000000e5560000)
  from space 21824K,  77% used [0x00000000e6ab0000, 0x00000000e7b30200, 0x00000000e8000000)
  to   space 21824K,   0% used [0x00000000e5560000, 0x00000000e5560000, 0x00000000e6ab0000)
 concurrent mark-sweep generation total 393216K, used 0K [0x00000000e8000000, 0x0000000100000000, 0x0000000100000000)
 Metaspace       used 24879K, capacity 25253K, committed 25536K, reserved 1071104K
  class space    used 2900K, capacity 3057K, committed 3092K, reserved 1048576K
}
2017-01-22T12:54:55.406+0100: 2,798: Total time for which application threads were stopped: 0,0122835 seconds, Stopping threads took: 0,0000200 seconds
2017-01-22T12:54:55.410+0100: 2,801: [GC (CMS Initial Mark) [1 CMS-initial-mark: 0K(393216K)] 18296K(502464K), 0,0029728 secs] [Times: user=0,01 sys=0,00, real=0,00 secs] 
2017-01-22T12:54:55.413+0100: 2,804: Total time for which application threads were stopped: 0,0066839 seconds, Stopping threads took: 0,0036423 seconds
2017-01-22T12:54:55.413+0100: 2,804: [CMS-concurrent-mark-start]
2017-01-22T12:54:55.414+0100: 2,805: [CMS-concurrent-mark: 0,001/0,001 secs] [Times: user=0,00 sys=0,00, real=0,01 secs] 
2017-01-22T12:54:55.414+0100: 2,805: [CMS-concurrent-preclean-start]
2017-01-22T12:54:55.415+0100: 2,806: [CMS-concurrent-preclean: 0,001/0,001 secs] [Times: user=0,00 sys=0,00, real=0,00 secs] 
2017-01-22T12:54:55.415+0100: 2,807: [GC (CMS Final Remark) [YG occupancy: 18296 K (109248 K)]{Heap before GC invocations=3 (full 1):
 par new generation   total 109248K, used 18296K [0x00000000e0000000, 0x00000000e8000000, 0x00000000e8000000)
  eden space 87424K,   1% used [0x00000000e0000000, 0x00000000e015e030, 0x00000000e5560000)
  from space 21824K,  77% used [0x00000000e6ab0000, 0x00000000e7b30200, 0x00000000e8000000)
  to   space 21824K,   0% used [0x00000000e5560000, 0x00000000e5560000, 0x00000000e6ab0000)
 concurrent mark-sweep generation total 393216K, used 0K [0x00000000e8000000, 0x0000000100000000, 0x0000000100000000)
 Metaspace       used 24886K, capacity 25317K, committed 25536K, reserved 1071104K
  class space    used 2901K, capacity 3057K, committed 3092K, reserved 1048576K
2017-01-22T12:54:55.415+0100: 2,807: [GC (CMS Final Remark) 2017-01-22T12:54:55.415+0100: 2,807: [ParNew
Desired survivor size 20112992 bytes, new threshold 8 (max 8)
- age   1:       9168 bytes,       9168 total
- age   2:    3149512 bytes,    3158680 total
- age   3:     550128 bytes,    3708808 total
- age   4:    6083344 bytes,    9792152 total
: 18296K->12257K(109248K), 0,0099642 secs] 18296K->12257K(502464K), 0,0100117 secs] [Times: user=0,04 sys=0,00, real=0,01 secs] 
Heap after GC invocations=4 (full 1):
 par new generation   total 109248K, used 12257K [0x00000000e0000000, 0x00000000e8000000, 0x00000000e8000000)
  eden space 87424K,   0% used [0x00000000e0000000, 0x00000000e0000000, 0x00000000e5560000)
  from space 21824K,  56% used [0x00000000e5560000, 0x00000000e6158710, 0x00000000e6ab0000)
  to   space 21824K,   0% used [0x00000000e6ab0000, 0x00000000e6ab0000, 0x00000000e8000000)
 concurrent mark-sweep generation total 393216K, used 0K [0x00000000e8000000, 0x0000000100000000, 0x0000000100000000)
 Metaspace       used 24886K, capacity 25317K, committed 25536K, reserved 1071104K
  class space    used 2901K, capacity 3057K, committed 3092K, reserved 1048576K
}
2017-01-22T12:54:55.425+0100: 2,817: [Rescan (parallel) , 0,0033011 secs]2017-01-22T12:54:55.429+0100: 2,820: [weak refs processing, 0,0013720 secs]2017-01-22T12:54:55.430+0100: 2,821: [class unloading, 0,0031051 secs]2017-01-22T12:54:55.433+0100: 2,824: [scrub symbol table, 0,0038147 secs]2017-01-22T12:54:55.437+0100: 2,828: [scrub string table, 0,0003744 secs][1 CMS-remark: 0K(393216K)] 12257K(502464K), 0,0226766 secs] [Times: user=0,06 sys=0,00, real=0,02 secs] 
2017-01-22T12:54:55.438+0100: 2,829: Total time for which application threads were stopped: 0,0227826 seconds, Stopping threads took: 0,0000400 seconds
2017-01-22T12:54:55.438+0100: 2,829: [CMS-concurrent-sweep-start]
2017-01-22T12:54:55.438+0100: 2,829: [CMS-concurrent-sweep: 0,000/0,000 secs] [Times: user=0,00 sys=0,00, real=0,00 secs] 
2017-01-22T12:54:55.438+0100: 2,829: [CMS-concurrent-reset-start]
2017-01-22T12:54:55.440+0100: 2,831: [CMS-concurrent-reset: 0,002/0,002 secs] [Times: user=0,01 sys=0,00, real=0,00 secs] 
2017-01-22T12:54:55.497+0100: 2,888: Total time for which application threads were stopped: 0,0003648 seconds, Stopping threads took: 0,0000283 seconds
2017-01-22T12:54:56.497+0100: 3,888: Total time for which application threads were stopped: 0,0001084 seconds, Stopping threads took: 0,0000281 seconds
2017-01-22T12:54:56.659+0100: 4,050: Total time for which application threads were stopped: 0,0002483 seconds, Stopping threads took: 0,0000138 seconds
2017-01-22T12:55:24.054+0100: 32,053: Total time for which application threads were stopped: 0,0000558 seconds, Stopping threads took: 0,0000156 seconds
2017-01-22T12:57:34.068+0100: 162,067: Total time for which application threads were stopped: 0,0000796 seconds, Stopping threads took: 0,0000311 seconds
2017-01-22T12:57:39.069+0100: 167,067: Total time for which application threads were stopped: 0,0000659 seconds, Stopping threads took: 0,0000187 seconds
2017-01-22T12:57:53.070+0100: 181,069: Total time for which application threads were stopped: 0,0000666 seconds, Stopping threads took: 0,0000184 seconds
2017-01-22T12:58:34.074+0100: 222,073: Total time for which application threads were stopped: 0,0004624 seconds, Stopping threads took: 0,0001874 seconds
2017-01-22T12:59:13.079+0100: 261,078: Total time for which application threads were stopped: 0,0001669 seconds, Stopping threads took: 0,0000736 seconds
2017-01-22T12:59:23.080+0100: 271,079: Total time for which application threads were stopped: 0,0000590 seconds, Stopping threads took: 0,0000159 seconds
2017-01-22T12:59:28.081+0100: 276,079: Total time for which application threads were stopped: 0,0001004 seconds, Stopping threads took: 0,0000439 seconds
2017-01-22T12:59:34.082+0100: 282,080: Total time for which application threads were stopped: 0,0003044 seconds, Stopping threads took: 0,0001236 seconds
2017-01-22T12:59:39.083+0100: 287,081: Total time for which application threads were stopped: 0,0003389 seconds, Stopping threads took: 0,0000890 seconds
2017-01-22T13:00:14.086+0100: 322,085: Total time for which application threads were stopped: 0,0001234 seconds, Stopping threads took: 0,0000551 seconds
2017-01-22T13:02:54.103+0100: 482,101: Total time for which application threads were stopped: 0,0002438 seconds, Stopping threads took: 0,0000869 seconds
2017-01-22T13:18:33.199+0100: 1421,198: Total time for which application threads were stopped: 0,0000868 seconds, Stopping threads took: 0,0000322 seconds
2017-01-22T13:22:53.226+0100: 1681,225: Total time for which application threads were stopped: 0,0000718 seconds, Stopping threads took: 0,0000286 seconds
2017-01-22T13:23:24.230+0100: 1712,228: Total time for which application threads were stopped: 0,0000775 seconds, Stopping threads took: 0,0000306 seconds
2017-01-22T13:33:33.295+0100: 2321,294: Total time for which application threads were stopped: 0,0000712 seconds, Stopping threads took: 0,0000294 seconds
2017-01-22T13:33:34.295+0100: 2322,294: Total time for which application threads were stopped: 0,0000574 seconds, Stopping threads took: 0,0000141 seconds
2017-01-22T13:48:09.387+0100: 3197,386: Total time for which application threads were stopped: 0,0000781 seconds, Stopping threads took: 0,0000324 seconds
2017-01-22T13:59:43.463+0100: 3891,462: Total time for which application threads were stopped: 0,0009275 seconds, Stopping threads took: 0,0004280 seconds
2017-01-22T13:59:48.464+0100: 3896,463: Total time for which application threads were stopped: 0,0001275 seconds, Stopping threads took: 0,0000438 seconds
2017-01-22T14:01:53.477+0100: 4021,475: Total time for which application threads were stopped: 0,0001703 seconds, Stopping threads took: 0,0000722 seconds
2017-01-22T14:38:49.632+0100: 6237,631: Total time for which application threads were stopped: 0,0001902 seconds, Stopping threads took: 0,0000787 seconds
2017-01-22T14:39:59.638+0100: 6307,637: Total time for which application threads were stopped: 0,0005300 seconds, Stopping threads took: 0,0002058 seconds
2017-01-22T14:59:53.717+0100: 7501,715: Total time for which application threads were st