OpenJDK 64-Bit Server VM (25.121-b13) for linux-amd64 JRE (1.8.0_121-8u121-b13-0ubuntu1.16.04.2-b13), built on Jan 23 2017 15:51:29 by "buildd" with gcc 5.4.0 20160609
Memory: 4k page, physical 7867764k(7442524k free), swap 8076284k(8076284k free)
CommandLine flags: -XX:CMSInitiatingOccupancyFraction=50 -XX:CMSMaxAbortablePrecleanTime=6000 -XX:+CMSParallelRemarkEnabled -XX:+CMSScavengeBeforeRemark -XX:ConcGCThreads=4 -XX:InitialHeapSize=536870912 -XX:MaxHeapSize=536870912 -XX:MaxTenuringThreshold=8 -XX:NewRatio=3 -XX:OldPLABSize=16 -XX:OnOutOfMemoryError=/opt/solr/bin/oom_solr.sh 8983 /var/solr/logs -XX:ParallelGCThreads=4 -XX:+ParallelRefProcEnabled -XX:PretenureSizeThreshold=67108864 -XX:+PrintGC -XX:+PrintGCApplicationStoppedTime -XX:+PrintGCDateStamps -XX:+PrintGCDetails -XX:+PrintGCTimeStamps -XX:+PrintHeapAtGC -XX:+PrintTenuringDistribution -XX:SurvivorRatio=4 -XX:TargetSurvivorRatio=90 -XX:ThreadStackSize=256 -XX:+UseCMSInitiatingOccupancyOnly -XX:+UseCompressedClassPointers -XX:+UseCompressedOops -XX:+UseConcMarkSweepGC -XX:+UseParNewGC 
2017-05-07T18:48:16.921+0200: 0,148: Total time for which application threads were stopped: 0,0000783 seconds, Stopping threads took: 0,0000115 seconds
2017-05-07T18:48:17.013+0200: 0,240: Total time for which application threads were stopped: 0,0001610 seconds, Stopping threads took: 0,0000319 seconds
2017-05-07T18:48:17.041+0200: 0,267: Total time for which application threads were stopped: 0,0000872 seconds, Stopping threads took: 0,0000137 seconds
2017-05-07T18:48:17.407+0200: 0,634: Total time for which application threads were stopped: 0,0001827 seconds, Stopping threads took: 0,0000325 seconds
2017-05-07T18:48:17.861+0200: 1,087: Total time for which application threads were stopped: 0,0001591 seconds, Stopping threads took: 0,0000182 seconds
2017-05-07T18:48:17.933+0200: 1,160: Total time for which application threads were stopped: 0,0001743 seconds, Stopping threads took: 0,0000257 seconds
2017-05-07T18:48:17.956+0200: 1,183: Total time for which application threads were stopped: 0,0001914 seconds, Stopping threads took: 0,0000249 seconds
2017-05-07T18:48:18.221+0200: 1,448: Total time for which application threads were stopped: 0,0001732 seconds, Stopping threads took: 0,0000223 seconds
2017-05-07T18:48:18.472+0200: 1,698: Total time for which application threads were stopped: 0,0001968 seconds, Stopping threads took: 0,0000131 seconds
2017-05-07T18:48:18.501+0200: 1,728: Total time for which application threads were stopped: 0,0009582 seconds, Stopping threads took: 0,0001109 seconds
2017-05-07T18:48:18.538+0200: 1,765: Total time for which application threads were stopped: 0,0001997 seconds, Stopping threads took: 0,0000209 seconds
2017-05-07T18:48:18.539+0200: 1,766: Total time for which application threads were stopped: 0,0001638 seconds, Stopping threads took: 0,0000163 seconds
2017-05-07T18:48:18.558+0200: 1,785: Total time for which application threads were stopped: 0,0001791 seconds, Stopping threads took: 0,0000168 seconds
2017-05-07T18:48:18.645+0200: 1,872: Total time for which application threads were stopped: 0,0002115 seconds, Stopping threads took: 0,0000204 seconds
2017-05-07T18:48:18.807+0200: 2,034: Total time for which application threads were stopped: 0,0002821 seconds, Stopping threads took: 0,0000651 seconds
{Heap before GC invocations=0 (full 0):
 par new generation   total 109248K, used 87424K [0x00000000e0000000, 0x00000000e8000000, 0x00000000e8000000)
  eden space 87424K, 100% used [0x00000000e0000000, 0x00000000e5560000, 0x00000000e5560000)
  from space 21824K,   0% used [0x00000000e5560000, 0x00000000e5560000, 0x00000000e6ab0000)
  to   space 21824K,   0% used [0x00000000e6ab0000, 0x00000000e6ab0000, 0x00000000e8000000)
 concurrent mark-sweep generation total 393216K, used 0K [0x00000000e8000000, 0x0000000100000000, 0x0000000100000000)
 Metaspace       used 18020K, capacity 18336K, committed 18688K, reserved 1064960K
  class space    used 2040K, capacity 2196K, committed 2304K, reserved 1048576K
2017-05-07T18:48:18.899+0200: 2,126: [GC (Allocation Failure) 2017-05-07T18:48:18.899+0200: 2,126: [ParNew
Desired survivor size 20112992 bytes, new threshold 8 (max 8)
- age   1:   12608896 bytes,   12608896 total
: 87424K->12442K(109248K), 0,0155586 secs] 87424K->12442K(502464K), 0,0156448 secs] [Times: user=0,05 sys=0,00, real=0,02 secs] 
Heap after GC invocations=1 (full 0):
 par new generation   total 109248K, used 12442K [0x00000000e0000000, 0x00000000e8000000, 0x00000000e8000000)
  eden space 87424K,   0% used [0x00000000e0000000, 0x00000000e0000000, 0x00000000e5560000)
  from space 21824K,  57% used [0x00000000e6ab0000, 0x00000000e76d6898, 0x00000000e8000000)
  to   space 21824K,   0% used [0x00000000e5560000, 0x00000000e5560000, 0x00000000e6ab0000)
 concurrent mark-sweep generation total 393216K, used 0K [0x00000000e8000000, 0x0000000100000000, 0x0000000100000000)
 Metaspace       used 18020K, capacity 18336K, committed 18688K, reserved 1064960K
  class space    used 2040K, capacity 2196K, committed 2304K, reserved 1048576K
}
2017-05-07T18:48:18.915+0200: 2,141: Total time for which application threads were stopped: 0,0158974 seconds, Stopping threads took: 0,0000496 seconds
2017-05-07T18:48:19.221+0200: 2,448: Total time for which application threads were stopped: 0,0003572 seconds, Stopping threads took: 0,0000444 seconds
2017-05-07T18:48:19.258+0200: 2,484: Total time for which application threads were stopped: 0,0003933 seconds, Stopping threads took: 0,0001510 seconds
{Heap before GC invocations=1 (full 0):
 par new generation   total 109248K, used 99866K [0x00000000e0000000, 0x00000000e8000000, 0x00000000e8000000)
  eden space 87424K, 100% used [0x00000000e0000000, 0x00000000e5560000, 0x00000000e5560000)
  from space 21824K,  57% used [0x00000000e6ab0000, 0x00000000e76d6898, 0x00000000e8000000)
  to   space 21824K,   0% used [0x00000000e5560000, 0x00000000e5560000, 0x00000000e6ab0000)
 concurrent mark-sweep generation total 393216K, used 0K [0x00000000e8000000, 0x0000000100000000, 0x0000000100000000)
 Metaspace       used 20039K, capacity 20366K, committed 20736K, reserved 1067008K
  class space    used 2298K, capacity 2471K, committed 2560K, reserved 1048576K
2017-05-07T18:48:19.261+0200: 2,487: [GC (Allocation Failure) 2017-05-07T18:48:19.261+0200: 2,487: [ParNew
Desired survivor size 20112992 bytes, new threshold 8 (max 8)
- age   1:    3683784 bytes,    3683784 total
- age   2:    6665808 bytes,   10349592 total
: 99866K->13732K(109248K), 0,0096255 secs] 99866K->13732K(502464K), 0,0096981 secs] [Times: user=0,04 sys=0,00, real=0,02 secs] 
Heap after GC invocations=2 (full 0):
 par new generation   total 109248K, used 13732K [0x00000000e0000000, 0x00000000e8000000, 0x00000000e8000000)
  eden space 87424K,   0% used [0x00000000e0000000, 0x00000000e0000000, 0x00000000e5560000)
  from space 21824K,  62% used [0x00000000e5560000, 0x00000000e62c9250, 0x00000000e6ab0000)
  to   space 21824K,   0% used [0x00000000e6ab0000, 0x00000000e6ab0000, 0x00000000e8000000)
 concurrent mark-sweep generation total 393216K, used 0K [0x00000000e8000000, 0x0000000100000000, 0x0000000100000000)
 Metaspace       used 20039K, capacity 20366K, committed 20736K, reserved 1067008K
  class space    used 2298K, capacity 2471K, committed 2560K, reserved 1048576K
}
2017-05-07T18:48:19.270+0200: 2,497: Total time for which application threads were stopped: 0,0099096 seconds, Stopping threads took: 0,0000826 seconds
2017-05-07T18:48:19.303+0200: 2,530: Total time for which application threads were stopped: 0,0003560 seconds, Stopping threads took: 0,0000613 seconds
2017-05-07T18:48:19.454+0200: 2,681: Total time for which application threads were stopped: 0,0002657 seconds, Stopping threads took: 0,0000934 seconds
{Heap before GC invocations=2 (full 0):
 par new generation   total 109248K, used 101156K [0x00000000e0000000, 0x00000000e8000000, 0x00000000e8000000)
  eden space 87424K, 100% used [0x00000000e0000000, 0x00000000e5560000, 0x00000000e5560000)
  from space 21824K,  62% used [0x00000000e5560000, 0x00000000e62c9250, 0x00000000e6ab0000)
  to   space 21824K,   0% used [0x00000000e6ab0000, 0x00000000e6ab0000, 0x00000000e8000000)
 concurrent mark-sweep generation total 393216K, used 0K [0x00000000e8000000, 0x0000000100000000, 0x0000000100000000)
 Metaspace       used 20956K, capacity 21288K, committed 21628K, reserved 1069056K
  class space    used 2418K, capacity 2590K, committed 2684K, reserved 1048576K
2017-05-07T18:48:19.491+0200: 2,717: [GC (Allocation Failure) 2017-05-07T18:48:19.491+0200: 2,717: [ParNew
Desired survivor size 20112992 bytes, new threshold 8 (max 8)
- age   1:    2133024 bytes,    2133024 total
- age   2:     851752 bytes,    2984776 total
- age   3:    6661920 bytes,    9646696 total
: 101156K->11503K(109248K), 0,0102647 secs] 101156K->11503K(502464K), 0,0103519 secs] [Times: user=0,03 sys=0,00, real=0,00 secs] 
Heap after GC invocations=3 (full 0):
 par new generation   total 109248K, used 11503K [0x00000000e0000000, 0x00000000e8000000, 0x00000000e8000000)
  eden space 87424K,   0% used [0x00000000e0000000, 0x00000000e0000000, 0x00000000e5560000)
  from space 21824K,  52% used [0x00000000e6ab0000, 0x00000000e75ebf40, 0x00000000e8000000)
  to   space 21824K,   0% used [0x00000000e5560000, 0x00000000e5560000, 0x00000000e6ab0000)
 concurrent mark-sweep generation total 393216K, used 0K [0x00000000e8000000, 0x0000000100000000, 0x0000000100000000)
 Metaspace       used 20956K, capacity 21288K, committed 21628K, reserved 1069056K
  class space    used 2418K, capacity 2590K, committed 2684K, reserved 1048576K
}
2017-05-07T18:48:19.501+0200: 2,728: Total time for which application threads were stopped: 0,0105570 seconds, Stopping threads took: 0,0000269 seconds
2017-05-07T18:48:19.501+0200: 2,728: [GC (CMS Initial Mark) [1 CMS-initial-mark: 0K(393216K)] 12234K(502464K), 0,0036527 secs] [Times: user=0,01 sys=0,00, real=0,01 secs] 
2017-05-07T18:48:19.505+0200: 2,732: Total time for which application threads were stopped: 0,0038363 seconds, Stopping threads took: 0,0000614 seconds
2017-05-07T18:48:19.505+0200: 2,732: [CMS-concurrent-mark-start]
2017-05-07T18:48:19.505+0200: 2,732: [CMS-concurrent-mark: 0,001/0,001 secs] [Times: user=0,01 sys=0,00, real=0,00 secs] 
2017-05-07T18:48:19.505+0200: 2,732: [CMS-concurrent-preclean-start]
2017-05-07T18:48:19.507+0200: 2,733: [CMS-concurrent-preclean: 0,001/0,001 secs] [Times: user=0,00 sys=0,00, real=0,00 secs] 
2017-05-07T18:48:19.507+0200: 2,733: [CMS-concurrent-abortable-preclean-start]
2017-05-07T18:48:19.589+0200: 2,816: Total time for which application threads were stopped: 0,0002117 seconds, Stopping threads took: 0,0000942 seconds
2017-05-07T18:48:19.589+0200: 2,816: [CMS-concurrent-abortable-preclean: 0,069/0,082 secs] [Times: user=0,33 sys=0,00, real=0,08 secs] 
2017-05-07T18:48:19.595+0200: 2,822: [GC (CMS Final Remark) [YG occupancy: 77562 K (109248 K)]{Heap before GC invocations=3 (full 1):
 par new generation   total 109248K, used 77562K [0x00000000e0000000, 0x00000000e8000000, 0x00000000e8000000)
  eden space 87424K,  75% used [0x00000000e0000000, 0x00000000e4082930, 0x00000000e5560000)
  from space 21824K,  52% used [0x00000000e6ab0000, 0x00000000e75ebf40, 0x00000000e8000000)
  to   space 21824K,   0% used [0x00000000e5560000, 0x00000000e5560000, 0x00000000e6ab0000)
 concurrent mark-sweep generation total 393216K, used 0K [0x00000000e8000000, 0x0000000100000000, 0x0000000100000000)
 Metaspace       used 21203K, capacity 21573K, committed 21884K, reserved 1069056K
  class space    used 2447K, capacity 2608K, committed 2684K, reserved 1048576K
2017-05-07T18:48:19.595+0200: 2,822: [GC (CMS Final Remark) 2017-05-07T18:48:19.595+0200: 2,822: [ParNew
Desired survivor size 20112992 bytes, new threshold 8 (max 8)
- age   1:     782632 bytes,     782632 total
- age   2:    1456200 bytes,    2238832 total
- age   3:     818488 bytes,    3057320 total
- age   4:    6661944 bytes,    9719264 total
: 77562K->14881K(109248K), 0,0098124 secs] 77562K->14881K(502464K), 0,0098616 secs] [Times: user=0,03 sys=0,00, real=0,01 secs] 
Heap after GC invocations=4 (full 1):
 par new generation   total 109248K, used 14881K [0x00000000e0000000, 0x00000000e8000000, 0x00000000e8000000)
  eden space 87424K,   0% used [0x00000000e0000000, 0x00000000e0000000, 0x00000000e5560000)
  from space 21824K,  68% used [0x00000000e5560000, 0x00000000e63e8448, 0x00000000e6ab0000)
  to   space 21824K,   0% used [0x00000000e6ab0000, 0x00000000e6ab0000, 0x00000000e8000000)
 concurrent mark-sweep generation total 393216K, used 0K [0x00000000e8000000, 0x0000000100000000, 0x0000000100000000)
 Metaspace       used 21203K, capacity 21573K, committed 21884K, reserved 1069056K
  class space    used 2447K, capacity 2608K, committed 2684K, reserved 1048576K
}
2017-05-07T18:48:19.605+0200: 2,832: [Rescan (parallel) , 0,0036588 secs]2017-05-07T18:48:19.609+0200: 2,836: [weak refs processing, 0,0009452 secs]2017-05-07T18:48:19.610+0200: 2,837: [class unloading, 0,0027917 secs]2017-05-07T18:48:19.613+0200: 2,839: [scrub symbol table, 0,0028258 secs]2017-05-07T18:48:19.615+0200: 2,842: [scrub string table, 0,0003627 secs][1 CMS-remark: 0K(393216K)] 14881K(502464K), 0,0210890 secs] [Times: user=0,05 sys=0,00, real=0,02 secs] 
2017-05-07T18:48:19.616+0200: 2,843: Total time for which application threads were stopped: 0,0212297 seconds, Stopping threads took: 0,0000565 seconds
2017-05-07T18:48:19.616+0200: 2,843: [CMS-concurrent-sweep-start]
2017-05-07T18:48:19.616+0200: 2,843: [CMS-concurrent-sweep: 0,000/0,000 secs] [Times: user=0,00 sys=0,00, real=0,00 secs] 
2017-05-07T18:48:19.617+0200: 2,843: [CMS-concurrent-reset-start]
2017-05-07T18:48:19.618+0200: 2,845: [CMS-concurrent-reset: 0,002/0,002 secs] [Times: user=0,00 sys=0,01, real=0,00 secs] 
{Heap before GC invocations=4 (full 1):
 par new generation   total 109248K, used 102305K [0x00000000e0000000, 0x00000000e8000000, 0x00000000e8000000)
  eden space 87424K, 100% used [0x00000000e0000000, 0x00000000e5560000, 0x00000000e5560000)
  from space 21824K,  68% used [0x00000000e5560000, 0x00000000e63e8448, 0x00000000e6ab0000)
  to   space 21824K,   0% used [0x00000000e6ab0000, 0x00000000e6ab0000, 0x00000000e8000000)
 concurrent mark-sweep generation total 393216K, used 0K [0x00000000e8000000, 0x0000000100000000, 0x0000000100000000)
 Metaspace       used 21326K, capacity 21669K, committed 21884K, reserved 1069056K
  class space    used 2465K, capacity 2640K, committed 2684K, reserved 1048576K
2017-05-07T18:48:19.691+0200: 2,918: [GC (Allocation Failure) 2017-05-07T18:48:19.691+0200: 2,918: [ParNew
Desired survivor size 20112992 bytes, new threshold 8 (max 8)
- age   1:     546088 bytes,     546088 total
- age   2:     149528 bytes,     695616 total
- age   3:    1450744 bytes,    2146360 total
- age   4:     816488 bytes,    2962848 total
- age   5:    6661920 bytes,    9624768 total
: 102305K->12371K(109248K), 0,0113862 secs] 102305K->12371K(502464K), 0,0114538 secs] [Times: user=0,04 sys=0,00, real=0,01 secs] 
Heap after GC invocations=5 (full 1):
 par new generation   total 109248K, used 12371K [0x00000000e0000000, 0x00000000e8000000, 0x00000000e8000000)
  eden space 87424K,   0% used [0x00000000e0000000, 0x00000000e0000000, 0x00000000e5560000)
  from space 21824K,  56% used [0x00000000e6ab0000, 0x00000000e76c4de8, 0x00000000e8000000)
  to   space 21824K,   0% used [0x00000000e5560000, 0x00000000e5560000, 0x00000000e6ab0000)
 concurrent mark-sweep generation total 393216K, used 0K [0x00000000e8000000, 0x0000000100000000, 0x0000000100000000)
 Metaspace       used 21326K, capacity 21669K, committed 21884K, reserved 1069056K
  class space    used 2465K, capacity 2640K, committed 2684K, reserved 1048576K
}
2017-05-07T18:48:19.703+0200: 2,930: Total time for which application threads were stopped: 0,0117419 seconds, Stopping threads took: 0,0000634 seconds
2017-05-07T18:48:19.760+0200: 2,987: Total time for which application threads were stopped: 0,0003627 seconds, Stopping threads took: 0,0000432 seconds
2017-05-07T18:48:20.051+0200: 3,278: Total time for which application threads were stopped: 0,0005141 seconds, Stopping threads took: 0,0000613 seconds
2017-05-07T18:48:20.065+0200: 3,291: Total time for which application threads were stopped: 0,0004301 seconds, Stopping threads took: 0,0000610 seconds
{Heap before GC invocations=5 (full 1):
 par new generation   total 109248K, used 99795K [0x00000000e0000000, 0x00000000e8000000, 0x00000000e8000000)
  eden space 87424K, 100% used [0x00000000e0000000, 0x00000000e5560000, 0x00000000e5560000)
  from space 21824K,  56% used [0x00000000e6ab0000, 0x00000000e76c4de8, 0x00000000e8000000)
  to   space 21824K,   0% used [0x00000000e5560000, 0x00000000e5560000, 0x00000000e6ab0000)
 concurrent mark-sweep generation total 393216K, used 0K [0x00000000e8000000, 0x0000000100000000, 0x0000000100000000)
 Metaspace       used 23668K, capacity 24145K, committed 24316K, reserved 1071104K
  class space    used 2774K, capacity 2952K, committed 3068K, reserved 1048576K
2017-05-07T18:48:20.179+0200: 3,405: [GC (Allocation Failure) 2017-05-07T18:48:20.179+0200: 3,405: [ParNew
Desired survivor size 20112992 bytes, new threshold 8 (max 8)
- age   1:    5113552 bytes,    5113552 total
- age   2:     109984 bytes,    5223536 total
- age   3:     148328 bytes,    5371864 total
- age   4:     280776 bytes,    5652640 total
- age   5:     792104 bytes,    6444744 total
- age   6:    6653840 bytes,   13098584 total
: 99795K->15110K(109248K), 0,0114067 secs] 99795K->15110K(502464K), 0,0114989 secs] [Times: user=0,04 sys=0,00, real=0,02 secs] 
Heap after GC invocations=6 (full 1):
 par new generation   total 109248K, used 15110K [0x00000000e0000000, 0x00000000e8000000, 0x00000000e8000000)
  eden space 87424K,   0% used [0x00000000e0000000, 0x00000000e0000000, 0x00000000e5560000)
  from space 21824K,  69% used [0x00000000e5560000, 0x00000000e64219e0, 0x00000000e6ab0000)
  to   space 21824K,   0% used [0x00000000e6ab0000, 0x00000000e6ab0000, 0x00000000e8000000)
 concurrent mark-sweep generation total 393216K, used 0K [0x00000000e8000000, 0x0000000100000000, 0x0000000100000000)
 Metaspace       used 23668K, capacity 24145K, committed 24316K, reserved 1071104K
  class space    used 2774K, capacity 2952K, committed 3068K, reserved 1048576K
}
2017-05-07T18:48:20.190+0200: 3,417: Total time for which application threads were stopped: 0,0117762 seconds, Stopping threads took: 0,0000658 seconds
2017-05-07T18:48:20.297+0200: 3,524: Total time for which application threads were stopped: 0,0001901 seconds, Stopping threads took: 0,0000540 seconds
{Heap before GC invocations=6 (full 1):
 par new generation   total 109248K, used 102566K [0x00000000e0000000, 0x00000000e8000000, 0x00000000e8000000)
  eden space 87424K, 100% used [0x00000000e0000000, 0x00000000e5560000, 0x00000000e5560000)
  from space 21824K,  69% used [0x00000000e5560000, 0x00000000e64299f0, 0x00000000e6ab0000)
  to   space 21824K,   0% used [0x00000000e6ab0000, 0x00000000e6ab0000, 0x00000000e8000000)
 concurrent mark-sweep generation total 393216K, used 0K [0x00000000e8000000, 0x0000000100000000, 0x0000000100000000)
 Metaspace       used 24155K, capacity 24663K, committed 24828K, reserved 1071104K
  class space    used 2842K, capacity 3017K, committed 3068K, reserved 1048576K
2017-05-07T18:48:20.301+0200: 3,528: [GC (Allocation Failure) 2017-05-07T18:48:20.301+0200: 3,528: [ParNew
Desired survivor size 20112992 bytes, new threshold 8 (max 8)
- age   1:    1835104 bytes,    1835104 total
- age   2:    1756096 bytes,    3591200 total
- age   3:      58584 bytes,    3649784 total
- age   4:      89584 bytes,    3739368 total
- age   5:     193792 bytes,    3933160 total
- age   6:     740144 bytes,    4673304 total
- age   7:    6121232 bytes,   10794536 total
: 102566K->16133K(109248K), 0,0208648 secs] 102566K->16133K(502464K), 0,0209519 secs] [Times: user=0,06 sys=0,00, real=0,02 secs] 
Heap after GC invocations=7 (full 1):
 par new generation   total 109248K, used 16133K [0x00000000e0000000, 0x00000000e8000000, 0x00000000e8000000)
  eden space 87424K,   0% used [0x00000000e0000000, 0x00000000e0000000, 0x00000000e5560000)
  from space 21824K,  73% used [0x00000000e6ab0000, 0x00000000e7a71740, 0x00000000e8000000)
  to   space 21824K,   0% used [0x00000000e5560000, 0x00000000e5560000, 0x00000000e6ab0000)
 concurrent mark-sweep generation total 393216K, used 0K [0x00000000e8000000, 0x0000000100000000, 0x0000000100000000)
 Metaspace       used 24155K, capacity 24663K, committed 24828K, reserved 1071104K
  class space    used 2842K, capacity 3017K, committed 3068K, reserved 1048576K
}
2017-05-07T18:48:20.322+0200: 3,549: Total time for which application threads were stopped: 0,0212278 seconds, Stopping threads took: 0,0000778 seconds
{Heap before GC invocations=7 (full 1):
 par new generation   total 109248K, used 21102K [0x00000000e0000000, 0x00000000e8000000, 0x00000000e8000000)
  eden space 87424K,   5% used [0x00000000e0000000, 0x00000000e04da2c0, 0x00000000e5560000)
  from space 21824K,  73% used [0x00000000e6ab0000, 0x00000000e7a71740, 0x00000000e8000000)
  to   space 21824K,   0% used [0x00000000e5560000, 0x00000000e5560000, 0x00000000e6ab0000)
 concurrent mark-sweep generation total 393216K, used 0K [0x00000000e8000000, 0x0000000100000000, 0x0000000100000000)
 Metaspace       used 24155K, capacity 24663K, committed 24828K, reserved 1071104K
  class space    used 2842K, capacity 3017K, committed 3068K, reserved 1048576K
2017-05-07T18:48:20.333+0200: 3,559: [GC (GCLocker Initiated GC) 2017-05-07T18:48:20.333+0200: 3,559: [ParNew
Desired survivor size 20112992 bytes, new threshold 8 (max 8)
- age   1:     487168 bytes,     487168 total
- age   2:    1681120 bytes,    2168288 total
- age   3:    1756096 bytes,    3924384 total
- age   4:      58584 bytes,    3982968 total
- age   5:      89584 bytes,    4072552 total
- age   6:     193792 bytes,    4266344 total
- age   7:     740144 bytes,    5006488 total
- age   8:    6121232 bytes,   11127720 total
: 21102K->11979K(109248K), 0,0190927 secs] 21102K->11979K(502464K), 0,0191860 secs] [Times: user=0,06 sys=0,00, real=0,02 secs] 
Heap after GC invocations=8 (full 1):
 par new generation   total 109248K, used 11979K [0x00000000e0000000, 0x00000000e8000000, 0x00000000e8000000)
  eden space 87424K,   0% used [0x00000000e0000000, 0x00000000e0000000, 0x00000000e5560000)
  from space 21824K,  54% used [0x00000000e5560000, 0x00000000e6112f18, 0x00000000e6ab0000)
  to   space 21824K,   0% used [0x00000000e6ab0000, 0x00000000e6ab0000, 0x00000000e8000000)
 concurrent mark-sweep generation total 393216K, used 0K [0x00000000e8000000, 0x0000000100000000, 0x0000000100000000)
 Metaspace       used 24155K, capacity 24663K, committed 24828K, reserved 1071104K
  class space    used 2842K, capacity 3017K, committed 3068K, reserved 1048576K
}
2017-05-07T18:48:20.352+0200: 3,579: Total time for which application threads were stopped: 0,0194220 seconds, Stopping threads took: 0,0000386 seconds
{Heap before GC invocations=8 (full 1):
 par new generation   total 109248K, used 99403K [0x00000000e0000000, 0x00000000e8000000, 0x00000000e8000000)
  eden space 87424K, 100% used [0x00000000e0000000, 0x00000000e5560000, 0x00000000e5560000)
  from space 21824K,  54% used [0x00000000e5560000, 0x00000000e6112f18, 0x00000000e6ab0000)
  to   space 21824K,   0% used [0x00000000e6ab0000, 0x00000000e6ab0000, 0x00000000e8000000)
 concurrent mark-sweep generation total 393216K, used 0K [0x00000000e8000000, 0x0000000100000000, 0x0000000100000000)
 Metaspace       used 24498K, capacity 24977K, committed 25084K, reserved 1071104K
  class space    used 2867K, capacity 3054K, committed 3068K, reserved 1048576K
2017-05-07T18:48:20.440+0200: 3,666: [GC (Allocation Failure) 2017-05-07T18:48:20.440+0200: 3,666: [ParNew
Desired survivor size 20112992 bytes, new threshold 8 (max 8)
- age   1:     715760 bytes,     715760 total
- age   2:       9624 bytes,     725384 total
- age   3:    1021592 bytes,    1746976 total
- age   4:    1733840 bytes,    3480816 total
- age   5:      58480 bytes,    3539296 total
- age   6:      89584 bytes,    3628880 total
- age   7:     193792 bytes,    3822672 total
- age   8:     740144 bytes,    4562816 total
: 99403K->11851K(109248K), 0,0329734 secs] 99403K->17911K(502464K), 0,0330499 secs] [Times: user=0,10 sys=0,01, real=0,04 secs] 
Heap after GC invocations=9 (full 1):
 par new generation   total 109248K, used 11851K [0x00000000e0000000, 0x00000000e8000000, 0x00000000e8000000)
  eden space 87424K,   0% used [0x00000000e0000000, 0x00000000e0000000, 0x00000000e5560000)
  from space 21824K,  54% used [0x00000000e6ab0000, 0x00000000e7642e90, 0x00000000e8000000)
  to   space 21824K,   0% used [0x00000000e5560000, 0x00000000e5560000, 0x00000000e6ab0000)
 concurrent mark-sweep generation total 393216K, used 6060K [0x00000000e8000000, 0x0000000100000000, 0x0000000100000000)
 Metaspace       used 24498K, capacity 24977K, committed 25084K, reserved 1071104K
  class space    used 2867K, capacity 3054K, committed 3068K, reserved 1048576K
}
2017-05-07T18:48:20.473+0200: 3,700: Total time for which application threads were stopped: 0,0337552 seconds, Stopping threads took: 0,0005201 seconds
2017-05-07T18:48:20.725+0200: 3,952: Total time for which application threads were stopped: 0,0004031 seconds, Stopping threads took: 0,0000197 seconds
2017-05-07T18:48:20.768+0200: 3,995: Total time for which application threads were stopped: 0,0003895 seconds, Stopping threads took: 0,0000227 seconds
2017-05-07T18:48:20.781+0200: 4,008: Total time for which application threads were stopped: 0,0003495 seconds, Stopping threads took: 0,0000173 seconds
2017-05-07T18:48:20.819+0200: 4,046: Total time for which application threads were stopped: 0,0004744 seconds, Stopping threads took: 0,0000659 seconds
2017-05-07T18:48:20.827+0200: 4,053: Total time for which application threads were stopped: 0,0001474 seconds, Stopping threads took: 0,0000675 seconds
2017-05-07T18:48:20.828+0200: 4,054: Total time for which application threads were stopped: 0,0003408 seconds, Stopping threads took: 0,0000129 seconds
2017-05-07T18:48:20.828+0200: 4,055: Total time for which application threads were stopped: 0,0000691 seconds, Stopping threads took: 0,0000179 seconds
2017-05-07T18:48:20.829+0200: 4,055: Total time for which application threads were stopped: 0,0000919 seconds, Stopping threads took: 0,0000350 seconds
2017-05-07T18:48:20.829+0200: 4,056: Total time for which application threads were stopped: 0,0000617 seconds, Stopping threads took: 0,0000119 seconds
2017-05-07T18:48:20.829+0200: 4,056: Total time for which application threads were stopped: 0,0003426 seconds, Stopping threads took: 0,0002938 seconds
2017-05-07T18:48:20.830+0200: 4,057: Total time for which application threads were stopped: 0,0000883 seconds, Stopping threads took: 0,0000305 seconds
2017-05-07T18:48:20.839+0200: 4,066: Total time for which application threads were stopped: 0,0000957 seconds, Stopping threads took: 0,0000234 seconds
2017-05-07T18:48:20.839+0200: 4,066: Total time for which application threads were stopped: 0,0001080 seconds, Stopping threads took: 0,0000312 seconds
2017-05-07T18:48:20.847+0200: 4,074: Total time for which application threads were stopped: 0,0001287 seconds, Stopping threads took: 0,0000408 seconds
2017-05-07T18:48:20.848+0200: 4,074: Total time for which application threads were stopped: 0,0000865 seconds, Stopping threads took: 0,0000196 seconds
2017-05-07T18:48:20.848+0200: 4,075: Total time for which application threads were stopped: 0,0000723 seconds, Stopping threads took: 0,0000157 seconds
2017-05-07T18:48:20.848+0200: 4,075: Total time for which application threads were stopped: 0,0000747 seconds, Stopping threads took: 0,0000165 seconds
2017-05-07T18:48:20.850+0200: 4,077: Total time for which application threads were stopped: 0,0001153 seconds, Stopping threads took: 0,0000248 seconds
2017-05-07T18:48:20.850+0200: 4,077: Total time for which application threads were stopped: 0,0000745 seconds, Stopping threads took: 0,0000156 seconds
2017-05-07T18:48:20.850+0200: 4,077: Total time for which application threads were stopped: 0,0000651 seconds, Stopping threads took: 0,0000134 seconds
2017-05-07T18:48:20.850+0200: 4,077: Total time for which application threads were stopped: 0,0000561 seconds, Stopping threads took: 0,0000101 seconds
2017-05-07T18:48:20.851+0200: 4,077: Total time for which application threads were stopped: 0,0000552 seconds, Stopping threads took: 0,0000093 seconds
2017-05-07T18:48:20.851+0200: 4,078: Total time for which application threads were stopped: 0,0000678 seconds, Stopping threads took: 0,0000171 seconds
2017-05-07T18:48:20.851+0200: 4,078: Total time for which application threads were stopped: 0,0001638 seconds, Stopping threads took: 0,0000869 seconds
2017-05-07T18:48:20.851+0200: 4,078: Total time for which application threads were stopped: 0,0000880 seconds, Stopping threads took: 0,0000319 seconds
2017-05-07T18:48:20.851+0200: 4,078: Total time for which application threads were stopped: 0,0000666 seconds, Stopping threads took: 0,0000240 seconds
2017-05-07T18:48:20.851+0200: 4,078: Total time for which application threads were stopped: 0,0000706 seconds, Stopping threads took: 0,0000172 seconds
2017-05-07T18:48:20.852+0200: 4,079: Total time for which application threads were stopped: 0,0001206 seconds, Stopping threads took: 0,0000156 seconds
2017-05-07T18:48:20.852+0200: 4,079: Total time for which application threads were stopped: 0,0000683 seconds, Stopping threads took: 0,0000227 seconds
2017-05-07T18:48:20.852+0200: 4,079: Total time for which application threads were stopped: 0,0000613 seconds, Stopping threads took: 0,0000162 seconds
2017-05-07T18:48:20.852+0200: 4,079: Total time for which application threads were stopped: 0,0000681 seconds, Stopping threads took: 0,0000218 seconds
2017-05-07T18:48:20.852+0200: 4,079: Total time for which application threads were stopped: 0,0000594 seconds, Stopping threads took: 0,0000169 seconds
2017-05-07T18:48:20.852+0200: 4,079: Total time for which application threads were stopped: 0,0000552 seconds, Stopping threads took: 0,0000180 seconds
2017-05-07T18:48:20.853+0200: 4,080: Total time for which application threads were stopped: 0,0000737 seconds, Stopping threads took: 0,0000235 seconds
2017-05-07T18:48:20.853+0200: 4,080: Total time for which application threads were stopped: 0,0000639 seconds, Stopping threads took: 0,0000176 seconds
2017-05-07T18:48:20.853+0200: 4,080: Total time for which application threads were stopped: 0,0000657 seconds, Stopping threads took: 0,0000177 seconds
2017-05-07T18:48:20.853+0200: 4,080: Total time for which application threads were stopped: 0,0000609 seconds, Stopping threads took: 0,0000177 seconds
2017-05-07T18:48:20.853+0200: 4,080: Total time for which application threads were stopped: 0,0000578 seconds, Stopping threads took: 0,0000157 seconds
2017-05-07T18:48:20.854+0200: 4,080: Total time for which application threads were stopped: 0,0000696 seconds, Stopping threads took: 0,0000234 seconds
2017-05-07T18:48:20.854+0200: 4,080: Total time for which application threads were stopped: 0,0000636 seconds, Stopping threads took: 0,0000203 seconds
2017-05-07T18:48:20.854+0200: 4,081: Total time for which application threads were stopped: 0,0000699 seconds, Stopping threads took: 0,0000212 seconds
2017-05-07T18:48:20.854+0200: 4,081: Total time for which application threads were stopped: 0,0000610 seconds, Stopping threads took: 0,0000172 seconds
2017-05-07T18:48:20.854+0200: 4,081: Total time for which application threads were stopped: 0,0000626 seconds, Stopping threads took: 0,0000207 seconds
2017-05-07T18:48:20.854+0200: 4,081: Total time for which application threads were stopped: 0,0001163 seconds, Stopping threads took: 0,0000529 seconds
2017-05-07T18:48:20.854+0200: 4,081: Total time for which application threads were stopped: 0,0000688 seconds, Stopping threads took: 0,0000191 seconds
2017-05-07T18:48:20.855+0200: 4,081: Total time for which application threads were stopped: 0,0000864 seconds, Stopping threads took: 0,0000364 seconds
2017-05-07T18:48:20.855+0200: 4,082: Total time for which application threads were stopped: 0,0000605 seconds, Stopping threads took: 0,0000225 seconds
2017-05-07T18:48:20.855+0200: 4,082: Total time for which application threads were stopped: 0,0001411 seconds, Stopping threads took: 0,0000235 seconds
2017-05-07T18:48:20.859+0200: 4,086: Total time for which application threads were stopped: 0,0001638 seconds, Stopping threads took: 0,0000481 seconds
2017-05-07T18:48:20.866+0200: 4,093: Total time for which application threads were stopped: 0,0001444 seconds, Stopping threads took: 0,0000497 seconds
2017-05-07T18:48:20.867+0200: 4,094: Total time for which application threads were stopped: 0,0001196 seconds, Stopping threads took: 0,0000471 seconds
{Heap before GC invocations=9 (full 1):
 par new generation   total 109248K, used 99275K [0x00000000e0000000, 0x00000000e8000000, 0x00000000e8000000)
  eden space 87424K, 100% used [0x00000000e0000000, 0x00000000e5560000, 0x00000000e5560000)
  from space 21824K,  54% used [0x00000000e6ab0000, 0x00000000e7642e90, 0x00000000e8000000)
  to   space 21824K,   0% used [0x00000000e5560000, 0x00000000e5560000, 0x00000000e6ab0000)
 concurrent mark-sweep generation total 393216K, used 6060K [0x00000000e8000000, 0x0000000100000000, 0x0000000100000000)
 Metaspace       used 27243K, capacity 27821K, committed 27900K, reserved 1073152K
  class space    used 3123K, capacity 3296K, committed 3324K, reserved 1048576K
2017-05-07T18:48:20.884+0200: 4,111: [GC (Allocation Failure) 2017-05-07T18:48:20.884+0200: 4,111: [ParNew
Desired survivor size 20112992 bytes, new threshold 8 (max 8)
- age   1:    8326680 bytes,    8326680 total
- age   2:     170928 bytes,    8497608 total
- age   3:       8488 bytes,    8506096 total
- age   4:     219616 bytes,    8725712 total
- age   5:    1729512 bytes,   10455224 total
- age   6:      58480 bytes,   10513704 total
- age   7:      86944 bytes,   10600648 total
- age   8:     190432 bytes,   10791080 total
: 99275K->12154K(109248K), 0,0137395 secs] 105335K->19022K(502464K), 0,0138166 secs] [Times: user=0,04 sys=0,01, real=0,01 secs] 
Heap after GC invocations=10 (full 1):
 par new generation   total 109248K, used 12154K [0x00000000e0000000, 0x00000000e8000000, 0x00000000e8000000)
  eden space 87424K,   0% used [0x00000000e0000000, 0x00000000e0000000, 0x00000000e5560000)
  from space 21824K,  55% used [0x00000000e5560000, 0x00000000e613eb80, 0x00000000e6ab0000)
  to   space 21824K,   0% used [0x00000000e6ab0000, 0x00000000e6ab0000, 0x00000000e8000000)
 concurrent mark-sweep generation total 393216K, used 6867K [0x00000000e8000000, 0x0000000100000000, 0x0000000100000000)
 Metaspace       used 27243K, capacity 27821K, committed 27900K, reserved 1073152K
  class space    used 3123K, capacity 3296K, committed 3324K, reserved 1048576K
}
2017-05-07T18:48:20.898+0200: 4,125: Total time for which application threads were stopped: 0,0140094 seconds, Stopping threads took: 0,0000398 seconds
2017-05-07T18:48:20.902+0200: 4,129: Total time for which application threads were stopped: 0,0040670 seconds, Stopping threads took: 0,0039978 seconds
2017-05-07T18:48:20.903+0200: 4,129: Total time for which application threads were stopped: 0,0000687 seconds, Stopping threads took: 0,0000180 seconds
2017-05-07T18:48:20.929+0200: 4,156: Total time for which application threads were stopped: 0,0001628 seconds, Stopping threads took: 0,0000644 seconds
2017-05-07T18:48:20.959+0200: 4,186: Total time for which application threads were stopped: 0,0001091 seconds, Stopping threads took: 0,0000304 seconds
2017-05-07T18:48:20.960+0200: 4,186: Total time for which application threads were stopped: 0,0003732 seconds, Stopping threads took: 0,0000154 seconds
2017-05-07T18:48:20.960+0200: 4,187: Total time for which application threads were stopped: 0,0000630 seconds, Stopping threads took: 0,0000136 seconds
2017-05-07T18:48:20.964+0200: 4,191: Total time for which application threads were stopped: 0,0000969 seconds, Stopping threads took: 0,0000211 seconds
2017-05-07T18:48:21.964+0200: 5,191: Total time for which application threads were stopped: 0,0000677 seconds, Stopping threads took: 0,0000195 seconds
2017-05-07T18:50:13.979+0200: 117,206: Total time for which application threads were stopped: 0,0007000 seconds, Stopping threads took: 0,0002022 seconds
2017-05-07T18:50:18.980+0200: 122,206: Total time for which application threads were stopped: 0,0001399 seconds, Stopping threads took: 0,0000580 seconds
2017-05-07T19:11:43.106+0200: 1406,332: Total time for which application threads were stopped: 0,0000915 seconds, Stopping threads took: 0,0000306 seconds
2017-05-07T19:17:13.137+0200: 1736,364: Total time for which application threads were stopped: 0,0005680 seconds, Stopping threads took: 0,0001881 seconds
2017-05-07T19:26:39.192+0200: 2302,419: Total time for which application threads were stopped: 0,0000908 seconds, Stopping threads took: 0,0000333 seconds
2017-05-07T19:26:43.193+0200: 2306,419: Total time for which application threads were stopped: 0,0000766 seconds, Stopping threads took: 0,0000163 seconds
2017-05-07T19:41:34.286+0200: 3197,513: Total time for which application threads were stopped: 0,0001650 seconds, Stopping threads took: 0,0000647 seconds
2017-05-07T19:53:13.375+0200: 3896,602: Total time for which application threads were stopped: 0,0000801 seconds, Stopping threads took: 0,0000319 seconds
2017-05-07T19:53:23.377+0200: 3906,604: Total time for which application threads were stopped: 0,0000886 seconds, Stopping threads took: 0,0000339 seconds
2017-05-07T20:07:09.481+0200: 4732,708: Total time for which application threads were stopped: 0,0000876 seconds, Stopping threads took: 0,0000337 seconds
2017-05-07T20:32:39.639+0200: 6262,866: Total time for which application threads were stopped: 0,0001043 seconds, Stopping threads took: 0,0000361 seconds
2017-05-07T20:48:48.732+0200: 7231,959: Total time for which application threads were stopped: 0,0002698 seconds, Stopping threads took: 0,0001155 seconds
2017-05-07T20:50:18.742+0200: 7321,969: Total time for which application threads were stopped: 0,0004496 seconds, Stopping threads took: 0,0001548 seconds
2017-05-07T20:51:18.749+0200: 7381,976: Total time for which application threads were stopped: 0,0003304 seconds, Stopping threads took: 0,0001142 seconds
2017-05-07T20:56:18.777+0200: 7682,003: Total time for which application threads were stopped: 0,0001005 seconds, Stopping threads took: 0,0000342 seconds
2017-05-07T20:56:48.779+0200: 7712,006: Total time for which application threads were stopped: 0,0004169 seconds, Stopping threads took: 0,0001661 seconds
2017-05-07T21:54:49.158+0200: 11192,385: Total time for which application threads were stopped: 0,0001182 seconds, Stopping threads took: 0,0000466 seconds
2017-05-07T22:31:59.393+0200: 13422,620: Total time for which application threads were stopped: 0,0001253 seconds, Stopping threads took: 0,0000278 seconds
2017-05-07T23:04:18.616+0200: 15361,843: Total time for which application threads were stopped: 0,0000797 seconds, Stopping threads took: 0,0000309 seconds
2017-05-07T23:05:48.627+0200: 15451,853: Total time for which application threads were stopped: 0,0000784 seconds, Stopping threads took: 0,0000303 seconds
2017-05-08T01:01:20.825+0200: 22384,052: Total time for which application threads were stopped: 0,0596269 seconds, Stopping threads took: 0,0595321 seconds
2017-05-08T01:01:20.835+0200: 22384,062: Total time for which application threads were stopped: 0,0001036 seconds, Stopping threads took: 0,0000135 seconds
2017-05-08T01:01:20.852+0200: 22384,079: Total time for which application threads were stopped: 0,0001080 seconds, Stopping threads took: 0,0000232 seconds
2017-05-08T01:01:20.859+0200: 22384,086: Total time for which application threads were stopped: 0,0025313 seconds, Stopping threads took: 0,0024537 seconds
2017-05-08T01:01:20.860+0200: 22384,086: Total time for which application threads were stopped: 0,0000835 seconds, Stopping threads took: 0,0000349 seconds
2017-05-08T01:01:20.863+0200: 22384,089: Total time for which application threads were stopped: 0,0001054 seconds, Stopping threads took: 0,0000342 seconds
2017-05-08T01:01:20.865+0200: 22384,092: Total time for which application threads were stopped: 0,0001011 seconds, Stopping threads took: 0,0000338 seconds
2017-05-08T01:01:20.865+0200: 22384,092: Total time for which application threads were stopped: 0,0000418 seconds, Stopping threads took: 0,0000083 seconds
2017-05-08T01:01:20.866+0200: 22384,093: Total time for which application threads were stopped: 0,0000737 seconds, Stopping threads took: 0,0000237 seconds
2017-05-08T01:01:20.871+0200: 22384,098: Total time for which application threads were stopped: 0,0000865 seconds, Stopping threads took: 0,0000194 seconds
2017-05-08T01:01:20.871+0200: 22384,098: Total time for which application threads were stopped: 0,0000455 seconds, Stopping threads took: 0,0000065 seconds
2017-05-08T01:01:20.872+0200: 22384,099: Total time for which application threads were stopped: 0,0001556 seconds, Stopping threads took: 0,0000599 seconds
2017-05-08T01:01:20.872+0200: 22384,099: Total time for which application threads were stopped: 0,0000586 seconds, Stopping threads took: 0,0000103 seconds
2017-05-08T01:01:20.872+0200: 22384,099: Total time for which application threads were stopped: 0,0000382 seconds, Stopping threads took: 0,0000059 seconds
2017-05-08T01:01:20.873+0200: 22384,099: Total time for which application threads were stopped: 0,0000404 seconds, Stopping threads took: 0,0000075 seconds
2017-05-08T01:01:20.873+0200: 22384,099: Total time for which application threads were stopped: 0,0000353 seconds, Stopping threads took: 0,0000052 seconds
2017-05-08T01:01:20.873+0200: 22384,100: Total time for which application threads were stopped: 0,0000396 seconds, Stopping threads took: 0,0000087 seconds
2017-05-08T01:01:20.873+0200: 22384,100: Total time for which application threads were stopped: 0,0000361 seconds, Stopping threads took: 0,0000071 seconds
2017-05-08T01:01:20.873+0200: 22384,100: Total time for which application threads were stopped: 0,0000627 seconds, Stopping threads took: 0,0000132 seconds
2017-05-08T01:01:20.874+0200: 22384,100: Total time for which application threads were stopped: 0,0000398 seconds, Stopping threads took: 0,0000078 seconds
2017-05-08T01:01:20.876+0200: 22384,102: Total time for which application threads were stopped: 0,0000899 seconds, Stopping threads took: 0,0000162 seconds
2017-05-08T01:01:20.877+0200: 22384,103: Total time for which application threads were stopped: 0,0000783 seconds, Stopping threads took: 0,0000152 seconds
2017-05-08T01:01:20.877+0200: 22384,104: Total time for which application threads were stopped: 0,0000517 seconds, Stopping threads took: 0,0000093 seconds
2017-05-08T01:01:20.877+0200: 22384,104: Total time for which application threads were stopped: 0,0000434 seconds, Stopping threads took: 0,0000088 seconds
2017-05-08T01:01:20.877+0200: 22384,104: Total time for which application threads were stopped: 0,0001333 seconds, Stopping threads took: 0,0000066 seconds
2017-05-08T01:01:20.877+0200: 22384,104: Total time for which application threads were stopped: 0,0000386 seconds, Stopping threads took: 0,0000057 seconds
2017-05-08T01:01:20.878+0200: 22384,105: Total time for which application threads were stopped: 0,0000903 seconds, Stopping threads took: 0,0000143 seconds
Heap
 par new generation   total 109248K, used 47964K [0x00000000e0000000, 0x00000000e8000000, 0x00000000e8000000)
  eden space 87424K,  40% used [0x00000000e0000000, 0x00000000e22f8668, 0x00000000e5560000)
  from space 21824K,  55% used [0x00000000e5560000, 0x00000000e613eb80, 0x00000000e6ab0000)
  to   space 21824K,   0% used [0x00000000e6ab0000, 0x00000000e6ab0000, 0x00000000e8000000)
 concurrent mark-sweep generation total 393216K, used 6867K [0x00000000e8000000, 0x0000000100000000, 0x0000000100000000)
 Metaspace       used 28225K, capacity 28795K, committed 29052K, reserved 1075200K
  class space    used 3231K, capacity 3427K, committed 3452K, reserved 1048576K
