OpenJDK 64-Bit Server VM (25.131-b11) for linux-amd64 JRE (1.8.0_131-8u131-b11-0ubuntu1.16.04.2-b11), built on May  6 2017 02:45:27 by "buildd" with gcc 5.4.0 20160609
Memory: 4k page, physical 7867740k(7399496k free), swap 8076284k(8076284k free)
CommandLine flags: -XX:CMSInitiatingOccupancyFraction=50 -XX:CMSMaxAbortablePrecleanTime=6000 -XX:+CMSParallelRemarkEnabled -XX:+CMSScavengeBeforeRemark -XX:ConcGCThreads=4 -XX:InitialHeapSize=536870912 -XX:MaxHeapSize=536870912 -XX:MaxTenuringThreshold=8 -XX:NewRatio=3 -XX:OldPLABSize=16 -XX:OnOutOfMemoryError=/opt/solr/bin/oom_solr.sh 8983 /var/solr/logs -XX:ParallelGCThreads=4 -XX:+ParallelRefProcEnabled -XX:PretenureSizeThreshold=67108864 -XX:+PrintGC -XX:+PrintGCApplicationStoppedTime -XX:+PrintGCDateStamps -XX:+PrintGCDetails -XX:+PrintGCTimeStamps -XX:+PrintHeapAtGC -XX:+PrintTenuringDistribution -XX:SurvivorRatio=4 -XX:TargetSurvivorRatio=90 -XX:ThreadStackSize=256 -XX:+UseCMSInitiatingOccupancyOnly -XX:+UseCompressedClassPointers -XX:+UseCompressedOops -XX:+UseConcMarkSweepGC -XX:+UseParNewGC 
2017-05-24T15:47:26.797+0200: 0,136: Total time for which application threads were stopped: 0,0000765 seconds, Stopping threads took: 0,0000119 seconds
2017-05-24T15:47:26.884+0200: 0,223: Total time for which application threads were stopped: 0,0001168 seconds, Stopping threads took: 0,0000159 seconds
2017-05-24T15:47:26.903+0200: 0,242: Total time for which application threads were stopped: 0,0001007 seconds, Stopping threads took: 0,0000158 seconds
2017-05-24T15:47:27.134+0200: 0,473: Total time for which application threads were stopped: 0,0001143 seconds, Stopping threads took: 0,0000122 seconds
2017-05-24T15:47:27.542+0200: 0,881: Total time for which application threads were stopped: 0,0001651 seconds, Stopping threads took: 0,0000200 seconds
2017-05-24T15:47:27.749+0200: 1,088: Total time for which application threads were stopped: 0,0001406 seconds, Stopping threads took: 0,0000129 seconds
2017-05-24T15:47:27.818+0200: 1,157: Total time for which application threads were stopped: 0,0003203 seconds, Stopping threads took: 0,0000223 seconds
2017-05-24T15:47:28.175+0200: 1,514: Total time for which application threads were stopped: 0,0003150 seconds, Stopping threads took: 0,0000498 seconds
2017-05-24T15:47:28.400+0200: 1,739: Total time for which application threads were stopped: 0,0002092 seconds, Stopping threads took: 0,0000203 seconds
2017-05-24T15:47:28.421+0200: 1,759: Total time for which application threads were stopped: 0,0001692 seconds, Stopping threads took: 0,0000210 seconds
2017-05-24T15:47:28.453+0200: 1,792: Total time for which application threads were stopped: 0,0002265 seconds, Stopping threads took: 0,0000213 seconds
2017-05-24T15:47:28.454+0200: 1,793: Total time for which application threads were stopped: 0,0001829 seconds, Stopping threads took: 0,0000214 seconds
2017-05-24T15:47:28.467+0200: 1,806: Total time for which application threads were stopped: 0,0002183 seconds, Stopping threads took: 0,0000285 seconds
2017-05-24T15:47:28.547+0200: 1,886: Total time for which application threads were stopped: 0,0002024 seconds, Stopping threads took: 0,0000198 seconds
2017-05-24T15:47:28.715+0200: 2,053: Total time for which application threads were stopped: 0,0002556 seconds, Stopping threads took: 0,0000308 seconds
{Heap before GC invocations=0 (full 0):
 par new generation   total 109248K, used 87424K [0x00000000e0000000, 0x00000000e8000000, 0x00000000e8000000)
  eden space 87424K, 100% used [0x00000000e0000000, 0x00000000e5560000, 0x00000000e5560000)
  from space 21824K,   0% used [0x00000000e5560000, 0x00000000e5560000, 0x00000000e6ab0000)
  to   space 21824K,   0% used [0x00000000e6ab0000, 0x00000000e6ab0000, 0x00000000e8000000)
 concurrent mark-sweep generation total 393216K, used 0K [0x00000000e8000000, 0x0000000100000000, 0x0000000100000000)
 Metaspace       used 17846K, capacity 18176K, committed 18304K, reserved 1064960K
  class space    used 2024K, capacity 2164K, committed 2176K, reserved 1048576K
2017-05-24T15:47:28.767+0200: 2,105: [GC (Allocation Failure) 2017-05-24T15:47:28.767+0200: 2,105: [ParNew
Desired survivor size 20112992 bytes, new threshold 8 (max 8)
- age   1:   11745200 bytes,   11745200 total
: 87424K->11582K(109248K), 0,0181259 secs] 87424K->11582K(502464K), 0,0182149 secs] [Times: user=0,02 sys=0,03, real=0,02 secs] 
Heap after GC invocations=1 (full 0):
 par new generation   total 109248K, used 11582K [0x00000000e0000000, 0x00000000e8000000, 0x00000000e8000000)
  eden space 87424K,   0% used [0x00000000e0000000, 0x00000000e0000000, 0x00000000e5560000)
  from space 21824K,  53% used [0x00000000e6ab0000, 0x00000000e75ffb40, 0x00000000e8000000)
  to   space 21824K,   0% used [0x00000000e5560000, 0x00000000e5560000, 0x00000000e6ab0000)
 concurrent mark-sweep generation total 393216K, used 0K [0x00000000e8000000, 0x0000000100000000, 0x0000000100000000)
 Metaspace       used 17846K, capacity 18176K, committed 18304K, reserved 1064960K
  class space    used 2024K, capacity 2164K, committed 2176K, reserved 1048576K
}
2017-05-24T15:47:28.785+0200: 2,124: Total time for which application threads were stopped: 0,0184551 seconds, Stopping threads took: 0,0000647 seconds
2017-05-24T15:47:29.109+0200: 2,448: Total time for which application threads were stopped: 0,0003976 seconds, Stopping threads took: 0,0000377 seconds
{Heap before GC invocations=1 (full 0):
 par new generation   total 109248K, used 99006K [0x00000000e0000000, 0x00000000e8000000, 0x00000000e8000000)
  eden space 87424K, 100% used [0x00000000e0000000, 0x00000000e5560000, 0x00000000e5560000)
  from space 21824K,  53% used [0x00000000e6ab0000, 0x00000000e75ffb40, 0x00000000e8000000)
  to   space 21824K,   0% used [0x00000000e5560000, 0x00000000e5560000, 0x00000000e6ab0000)
 concurrent mark-sweep generation total 393216K, used 0K [0x00000000e8000000, 0x0000000100000000, 0x0000000100000000)
 Metaspace       used 20050K, capacity 20370K, committed 20736K, reserved 1067008K
  class space    used 2296K, capacity 2473K, committed 2560K, reserved 1048576K
2017-05-24T15:47:29.148+0200: 2,487: [GC (Allocation Failure) 2017-05-24T15:47:29.148+0200: 2,487: [ParNew
Desired survivor size 20112992 bytes, new threshold 8 (max 8)
- age   1:    4061560 bytes,    4061560 total
- age   2:    6319544 bytes,   10381104 total
: 99006K->14940K(109248K), 0,0111121 secs] 99006K->14940K(502464K), 0,0111932 secs] [Times: user=0,03 sys=0,01, real=0,02 secs] 
Heap after GC invocations=2 (full 0):
 par new generation   total 109248K, used 14940K [0x00000000e0000000, 0x00000000e8000000, 0x00000000e8000000)
  eden space 87424K,   0% used [0x00000000e0000000, 0x00000000e0000000, 0x00000000e5560000)
  from space 21824K,  68% used [0x00000000e5560000, 0x00000000e63f7100, 0x00000000e6ab0000)
  to   space 21824K,   0% used [0x00000000e6ab0000, 0x00000000e6ab0000, 0x00000000e8000000)
 concurrent mark-sweep generation total 393216K, used 0K [0x00000000e8000000, 0x0000000100000000, 0x0000000100000000)
 Metaspace       used 20050K, capacity 20370K, committed 20736K, reserved 1067008K
  class space    used 2296K, capacity 2473K, committed 2560K, reserved 1048576K
}
2017-05-24T15:47:29.160+0200: 2,498: Total time for which application threads were stopped: 0,0114890 seconds, Stopping threads took: 0,0001317 seconds
2017-05-24T15:47:29.186+0200: 2,525: Total time for which application threads were stopped: 0,0042101 seconds, Stopping threads took: 0,0039624 seconds
2017-05-24T15:47:29.218+0200: 2,557: Total time for which application threads were stopped: 0,0016211 seconds, Stopping threads took: 0,0013278 seconds
2017-05-24T15:47:29.361+0200: 2,700: Total time for which application threads were stopped: 0,0001657 seconds, Stopping threads took: 0,0000439 seconds
{Heap before GC invocations=2 (full 0):
 par new generation   total 109248K, used 102364K [0x00000000e0000000, 0x00000000e8000000, 0x00000000e8000000)
  eden space 87424K, 100% used [0x00000000e0000000, 0x00000000e5560000, 0x00000000e5560000)
  from space 21824K,  68% used [0x00000000e5560000, 0x00000000e63f7100, 0x00000000e6ab0000)
  to   space 21824K,   0% used [0x00000000e6ab0000, 0x00000000e6ab0000, 0x00000000e8000000)
 concurrent mark-sweep generation total 393216K, used 0K [0x00000000e8000000, 0x0000000100000000, 0x0000000100000000)
 Metaspace       used 20983K, capacity 21298K, committed 21628K, reserved 1069056K
  class space    used 2419K, capacity 2593K, committed 2684K, reserved 1048576K
2017-05-24T15:47:29.397+0200: 2,736: [GC (Allocation Failure) 2017-05-24T15:47:29.397+0200: 2,736: [ParNew
Desired survivor size 20112992 bytes, new threshold 8 (max 8)
- age   1:    2293704 bytes,    2293704 total
- age   2:    1176944 bytes,    3470648 total
- age   3:    6317632 bytes,    9788280 total
: 102364K->12755K(109248K), 0,0093770 secs] 102364K->12755K(502464K), 0,0094523 secs] [Times: user=0,03 sys=0,00, real=0,01 secs] 
Heap after GC invocations=3 (full 0):
 par new generation   total 109248K, used 12755K [0x00000000e0000000, 0x00000000e8000000, 0x00000000e8000000)
  eden space 87424K,   0% used [0x00000000e0000000, 0x00000000e0000000, 0x00000000e5560000)
  from space 21824K,  58% used [0x00000000e6ab0000, 0x00000000e7724e68, 0x00000000e8000000)
  to   space 21824K,   0% used [0x00000000e5560000, 0x00000000e5560000, 0x00000000e6ab0000)
 concurrent mark-sweep generation total 393216K, used 0K [0x00000000e8000000, 0x0000000100000000, 0x0000000100000000)
 Metaspace       used 20983K, capacity 21298K, committed 21628K, reserved 1069056K
  class space    used 2419K, capacity 2593K, committed 2684K, reserved 1048576K
}
2017-05-24T15:47:29.406+0200: 2,745: Total time for which application threads were stopped: 0,0096741 seconds, Stopping threads took: 0,0000886 seconds
2017-05-24T15:47:29.407+0200: 2,745: [GC (CMS Initial Mark) [1 CMS-initial-mark: 0K(393216K)] 13454K(502464K), 0,0035322 secs] [Times: user=0,01 sys=0,01, real=0,01 secs] 
2017-05-24T15:47:29.410+0200: 2,749: Total time for which application threads were stopped: 0,0036603 seconds, Stopping threads took: 0,0000389 seconds
2017-05-24T15:47:29.410+0200: 2,749: [CMS-concurrent-mark-start]
2017-05-24T15:47:29.411+0200: 2,750: [CMS-concurrent-mark: 0,001/0,001 secs] [Times: user=0,00 sys=0,00, real=0,00 secs] 
2017-05-24T15:47:29.411+0200: 2,750: [CMS-concurrent-preclean-start]
2017-05-24T15:47:29.412+0200: 2,751: [CMS-concurrent-preclean: 0,001/0,001 secs] [Times: user=0,00 sys=0,00, real=0,00 secs] 
2017-05-24T15:47:29.412+0200: 2,751: [CMS-concurrent-abortable-preclean-start]
2017-05-24T15:47:29.479+0200: 2,818: Total time for which application threads were stopped: 0,0007945 seconds, Stopping threads took: 0,0006998 seconds
{Heap before GC invocations=3 (full 1):
 par new generation   total 109248K, used 100179K [0x00000000e0000000, 0x00000000e8000000, 0x00000000e8000000)
  eden space 87424K, 100% used [0x00000000e0000000, 0x00000000e5560000, 0x00000000e5560000)
  from space 21824K,  58% used [0x00000000e6ab0000, 0x00000000e7724e68, 0x00000000e8000000)
  to   space 21824K,   0% used [0x00000000e5560000, 0x00000000e5560000, 0x00000000e6ab0000)
 concurrent mark-sweep generation total 393216K, used 0K [0x00000000e8000000, 0x0000000100000000, 0x0000000100000000)
 Metaspace       used 21249K, capacity 21644K, committed 21884K, reserved 1069056K
  class space    used 2448K, capacity 2609K, committed 2684K, reserved 1048576K
2017-05-24T15:47:29.522+0200: 2,861: [GC (Allocation Failure) 2017-05-24T15:47:29.522+0200: 2,861: [ParNew
Desired survivor size 20112992 bytes, new threshold 8 (max 8)
- age   1:    1084008 bytes,    1084008 total
- age   2:    1473216 bytes,    2557224 total
- age   3:    1149944 bytes,    3707168 total
- age   4:    6317720 bytes,   10024888 total
: 100179K->12504K(109248K), 0,0133460 secs] 100179K->12504K(502464K), 0,0134106 secs] [Times: user=0,04 sys=0,01, real=0,01 secs] 
Heap after GC invocations=4 (full 1):
 par new generation   total 109248K, used 12504K [0x00000000e0000000, 0x00000000e8000000, 0x00000000e8000000)
  eden space 87424K,   0% used [0x00000000e0000000, 0x00000000e0000000, 0x00000000e5560000)
  from space 21824K,  57% used [0x00000000e5560000, 0x00000000e6196270, 0x00000000e6ab0000)
  to   space 21824K,   0% used [0x00000000e6ab0000, 0x00000000e6ab0000, 0x00000000e8000000)
 concurrent mark-sweep generation total 393216K, used 0K [0x00000000e8000000, 0x0000000100000000, 0x0000000100000000)
 Metaspace       used 21249K, capacity 21644K, committed 21884K, reserved 1069056K
  class space    used 2448K, capacity 2609K, committed 2684K, reserved 1048576K
}
2017-05-24T15:47:29.536+0200: 2,874: Total time for which application threads were stopped: 0,0136448 seconds, Stopping threads took: 0,0001070 seconds
2017-05-24T15:47:29.536+0200: 2,874: [CMS-concurrent-abortable-preclean: 0,068/0,124 secs] [Times: user=0,46 sys=0,01, real=0,12 secs] 
2017-05-24T15:47:29.536+0200: 2,875: [GC (CMS Final Remark) [YG occupancy: 13200 K (109248 K)]{Heap before GC invocations=4 (full 1):
 par new generation   total 109248K, used 13200K [0x00000000e0000000, 0x00000000e8000000, 0x00000000e8000000)
  eden space 87424K,   0% used [0x00000000e0000000, 0x00000000e00ae130, 0x00000000e5560000)
  from space 21824K,  57% used [0x00000000e5560000, 0x00000000e6196270, 0x00000000e6ab0000)
  to   space 21824K,   0% used [0x00000000e6ab0000, 0x00000000e6ab0000, 0x00000000e8000000)
 concurrent mark-sweep generation total 393216K, used 0K [0x00000000e8000000, 0x0000000100000000, 0x0000000100000000)
 Metaspace       used 21249K, capacity 21644K, committed 21884K, reserved 1069056K
  class space    used 2448K, capacity 2609K, committed 2684K, reserved 1048576K
2017-05-24T15:47:29.536+0200: 2,875: [GC (CMS Final Remark) 2017-05-24T15:47:29.536+0200: 2,875: [ParNew
Desired survivor size 20112992 bytes, new threshold 8 (max 8)
- age   1:      16592 bytes,      16592 total
- age   2:    1082584 bytes,    1099176 total
- age   3:    1473336 bytes,    2572512 total
- age   4:    1149944 bytes,    3722456 total
- age   5:    6317600 bytes,   10040056 total
: 13200K->15037K(109248K), 0,0099763 secs] 13200K->15037K(502464K), 0,0100126 secs] [Times: user=0,03 sys=0,00, real=0,01 secs] 
Heap after GC invocations=5 (full 1):
 par new generation   total 109248K, used 15037K [0x00000000e0000000, 0x00000000e8000000, 0x00000000e8000000)
  eden space 87424K,   0% used [0x00000000e0000000, 0x00000000e0000000, 0x00000000e5560000)
  from space 21824K,  68% used [0x00000000e6ab0000, 0x00000000e795f578, 0x00000000e8000000)
  to   space 21824K,   0% used [0x00000000e5560000, 0x00000000e5560000, 0x00000000e6ab0000)
 concurrent mark-sweep generation total 393216K, used 0K [0x00000000e8000000, 0x0000000100000000, 0x0000000100000000)
 Metaspace       used 21249K, capacity 21644K, committed 21884K, reserved 1069056K
  class space    used 2448K, capacity 2609K, committed 2684K, reserved 1048576K
}
2017-05-24T15:47:29.546+0200: 2,885: [Rescan (parallel) , 0,0033765 secs]2017-05-24T15:47:29.549+0200: 2,888: [weak refs processing, 0,0009122 secs]2017-05-24T15:47:29.550+0200: 2,889: [class unloading, 0,0028467 secs]2017-05-24T15:47:29.553+0200: 2,892: [scrub symbol table, 0,0025136 secs]2017-05-24T15:47:29.556+0200: 2,894: [scrub string table, 0,0003629 secs][1 CMS-remark: 0K(393216K)] 15037K(502464K), 0,0206508 secs] [Times: user=0,05 sys=0,00, real=0,02 secs] 
2017-05-24T15:47:29.557+0200: 2,895: Total time for which application threads were stopped: 0,0207927 seconds, Stopping threads took: 0,0000626 seconds
2017-05-24T15:47:29.557+0200: 2,895: [CMS-concurrent-sweep-start]
2017-05-24T15:47:29.557+0200: 2,895: [CMS-concurrent-sweep: 0,000/0,000 secs] [Times: user=0,01 sys=0,00, real=0,00 secs] 
2017-05-24T15:47:29.557+0200: 2,895: [CMS-concurrent-reset-start]
2017-05-24T15:47:29.561+0200: 2,900: [CMS-concurrent-reset: 0,005/0,005 secs] [Times: user=0,01 sys=0,00, real=0,01 secs] 
{Heap before GC invocations=5 (full 1):
 par new generation   total 109248K, used 102461K [0x00000000e0000000, 0x00000000e8000000, 0x00000000e8000000)
  eden space 87424K, 100% used [0x00000000e0000000, 0x00000000e5560000, 0x00000000e5560000)
  from space 21824K,  68% used [0x00000000e6ab0000, 0x00000000e795f578, 0x00000000e8000000)
  to   space 21824K,   0% used [0x00000000e5560000, 0x00000000e5560000, 0x00000000e6ab0000)
 concurrent mark-sweep generation total 393216K, used 0K [0x00000000e8000000, 0x0000000100000000, 0x0000000100000000)
 Metaspace       used 21369K, capacity 21810K, committed 21884K, reserved 1069056K
  class space    used 2468K, capacity 2642K, committed 2684K, reserved 1048576K
2017-05-24T15:47:29.637+0200: 2,976: [GC (Allocation Failure) 2017-05-24T15:47:29.637+0200: 2,976: [ParNew
Desired survivor size 20112992 bytes, new threshold 8 (max 8)
- age   1:     897176 bytes,     897176 total
- age   3:     187608 bytes,    1084784 total
- age   4:    1473112 bytes,    2557896 total
- age   5:    1149816 bytes,    3707712 total
- age   6:    6317592 bytes,   10025304 total
: 102461K->13797K(109248K), 0,0098506 secs] 102461K->13797K(502464K), 0,0099226 secs] [Times: user=0,04 sys=0,00, real=0,01 secs] 
Heap after GC invocations=6 (full 1):
 par new generation   total 109248K, used 13797K [0x00000000e0000000, 0x00000000e8000000, 0x00000000e8000000)
  eden space 87424K,   0% used [0x00000000e0000000, 0x00000000e0000000, 0x00000000e5560000)
  from space 21824K,  63% used [0x00000000e5560000, 0x00000000e62d97c0, 0x00000000e6ab0000)
  to   space 21824K,   0% used [0x00000000e6ab0000, 0x00000000e6ab0000, 0x00000000e8000000)
 concurrent mark-sweep generation total 393216K, used 0K [0x00000000e8000000, 0x0000000100000000, 0x0000000100000000)
 Metaspace       used 21369K, capacity 21810K, committed 21884K, reserved 1069056K
  class space    used 2468K, capacity 2642K, committed 2684K, reserved 1048576K
}
2017-05-24T15:47:29.647+0200: 2,986: Total time for which application threads were stopped: 0,0118504 seconds, Stopping threads took: 0,0017932 seconds
2017-05-24T15:47:29.689+0200: 3,028: Total time for which application threads were stopped: 0,0003069 seconds, Stopping threads took: 0,0000227 seconds
2017-05-24T15:47:29.931+0200: 3,270: Total time for which application threads were stopped: 0,0005197 seconds, Stopping threads took: 0,0000665 seconds
2017-05-24T15:47:29.948+0200: 3,287: Total time for which application threads were stopped: 0,0003822 seconds, Stopping threads took: 0,0000423 seconds
{Heap before GC invocations=6 (full 1):
 par new generation   total 109248K, used 101221K [0x00000000e0000000, 0x00000000e8000000, 0x00000000e8000000)
  eden space 87424K, 100% used [0x00000000e0000000, 0x00000000e5560000, 0x00000000e5560000)
  from space 21824K,  63% used [0x00000000e5560000, 0x00000000e62d97c0, 0x00000000e6ab0000)
  to   space 21824K,   0% used [0x00000000e6ab0000, 0x00000000e6ab0000, 0x00000000e8000000)
 concurrent mark-sweep generation total 393216K, used 0K [0x00000000e8000000, 0x0000000100000000, 0x0000000100000000)
 Metaspace       used 23846K, capacity 24310K, committed 24572K, reserved 1071104K
  class space    used 2808K, capacity 2984K, committed 3068K, reserved 1048576K
2017-05-24T15:47:30.110+0200: 3,449: [GC (Allocation Failure) 2017-05-24T15:47:30.110+0200: 3,449: [ParNew
Desired survivor size 20112992 bytes, new threshold 8 (max 8)
- age   1:    5314632 bytes,    5314632 total
- age   2:     105672 bytes,    5420304 total
- age   4:     186088 bytes,    5606392 total
- age   5:     303448 bytes,    5909840 total
- age   6:    1125432 bytes,    7035272 total
- age   7:    6309480 bytes,   13344752 total
: 101221K->14463K(109248K), 0,0116135 secs] 101221K->14463K(502464K), 0,0116820 secs] [Times: user=0,04 sys=0,01, real=0,01 secs] 
Heap after GC invocations=7 (full 1):
 par new generation   total 109248K, used 14463K [0x00000000e0000000, 0x00000000e8000000, 0x00000000e8000000)
  eden space 87424K,   0% used [0x00000000e0000000, 0x00000000e0000000, 0x00000000e5560000)
  from space 21824K,  66% used [0x00000000e6ab0000, 0x00000000e78cfe40, 0x00000000e8000000)
  to   space 21824K,   0% used [0x00000000e5560000, 0x00000000e5560000, 0x00000000e6ab0000)
 concurrent mark-sweep generation total 393216K, used 0K [0x00000000e8000000, 0x0000000100000000, 0x0000000100000000)
 Metaspace       used 23846K, capacity 24310K, committed 24572K, reserved 1071104K
  class space    used 2808K, capacity 2984K, committed 3068K, reserved 1048576K
}
2017-05-24T15:47:30.122+0200: 3,461: Total time for which application threads were stopped: 0,0119543 seconds, Stopping threads took: 0,0000669 seconds
{Heap before GC invocations=7 (full 1):
 par new generation   total 109248K, used 101887K [0x00000000e0000000, 0x00000000e8000000, 0x00000000e8000000)
  eden space 87424K, 100% used [0x00000000e0000000, 0x00000000e5560000, 0x00000000e5560000)
  from space 21824K,  66% used [0x00000000e6ab0000, 0x00000000e78cfe40, 0x00000000e8000000)
  to   space 21824K,   0% used [0x00000000e5560000, 0x00000000e5560000, 0x00000000e6ab0000)
 concurrent mark-sweep generation total 393216K, used 0K [0x00000000e8000000, 0x0000000100000000, 0x0000000100000000)
 Metaspace       used 24440K, capacity 24892K, committed 25084K, reserved 1071104K
  class space    used 2863K, capacity 3049K, committed 3068K, reserved 1048576K
2017-05-24T15:47:30.232+0200: 3,571: [GC (Allocation Failure) 2017-05-24T15:47:30.232+0200: 3,571: [ParNew
Desired survivor size 20112992 bytes, new threshold 8 (max 8)
- age   1:    1610832 bytes,    1610832 total
- age   2:    1775016 bytes,    3385848 total
- age   3:      48112 bytes,    3433960 total
- age   5:     105400 bytes,    3539360 total
- age   6:     193696 bytes,    3733056 total
- age   7:     862432 bytes,    4595488 total
- age   8:    6011688 bytes,   10607176 total
: 101887K->16468K(109248K), 0,0129314 secs] 101887K->16468K(502464K), 0,0130167 secs] [Times: user=0,04 sys=0,00, real=0,01 secs] 
Heap after GC invocations=8 (full 1):
 par new generation   total 109248K, used 16468K [0x00000000e0000000, 0x00000000e8000000, 0x00000000e8000000)
  eden space 87424K,   0% used [0x00000000e0000000, 0x00000000e0000000, 0x00000000e5560000)
  from space 21824K,  75% used [0x00000000e5560000, 0x00000000e6575320, 0x00000000e6ab0000)
  to   space 21824K,   0% used [0x00000000e6ab0000, 0x00000000e6ab0000, 0x00000000e8000000)
 concurrent mark-sweep generation total 393216K, used 0K [0x00000000e8000000, 0x0000000100000000, 0x0000000100000000)
 Metaspace       used 24440K, capacity 24892K, committed 25084K, reserved 1071104K
  class space    used 2863K, capacity 3049K, committed 3068K, reserved 1048576K
}
2017-05-24T15:47:30.245+0200: 3,584: Total time for which application threads were stopped: 0,0132540 seconds, Stopping threads took: 0,0000587 seconds
{Heap before GC invocations=8 (full 1):
 par new generation   total 109248K, used 103892K [0x00000000e0000000, 0x00000000e8000000, 0x00000000e8000000)
  eden space 87424K, 100% used [0x00000000e0000000, 0x00000000e5560000, 0x00000000e5560000)
  from space 21824K,  75% used [0x00000000e5560000, 0x00000000e6575320, 0x00000000e6ab0000)
  to   space 21824K,   0% used [0x00000000e6ab0000, 0x00000000e6ab0000, 0x00000000e8000000)
 concurrent mark-sweep generation total 393216K, used 0K [0x00000000e8000000, 0x0000000100000000, 0x0000000100000000)
 Metaspace       used 24625K, capacity 25142K, committed 25468K, reserved 1071104K
  class space    used 2881K, capacity 3086K, committed 3196K, reserved 1048576K
2017-05-24T15:47:30.339+0200: 3,678: [GC (Allocation Failure) 2017-05-24T15:47:30.339+0200: 3,678: [ParNew
Desired survivor size 20112992 bytes, new threshold 8 (max 8)
- age   1:     622896 bytes,     622896 total
- age   2:    1007448 bytes,    1630344 total
- age   3:    1752696 bytes,    3383040 total
- age   4:      48112 bytes,    3431152 total
- age   6:     105200 bytes,    3536352 total
- age   7:     190928 bytes,    3727280 total
- age   8:     861664 bytes,    4588944 total
: 103892K->6668K(109248K), 0,0677008 secs] 103892K->12621K(502464K), 0,0677683 secs] [Times: user=0,16 sys=0,01, real=0,06 secs] 
Heap after GC invocations=9 (full 1):
 par new generation   total 109248K, used 6668K [0x00000000e0000000, 0x00000000e8000000, 0x00000000e8000000)
  eden space 87424K,   0% used [0x00000000e0000000, 0x00000000e0000000, 0x00000000e5560000)
  from space 21824K,  30% used [0x00000000e6ab0000, 0x00000000e7133008, 0x00000000e8000000)
  to   space 21824K,   0% used [0x00000000e5560000, 0x00000000e5560000, 0x00000000e6ab0000)
 concurrent mark-sweep generation total 393216K, used 5953K [0x00000000e8000000, 0x0000000100000000, 0x0000000100000000)
 Metaspace       used 24625K, capacity 25142K, committed 25468K, reserved 1071104K
  class space    used 2881K, capacity 3086K, committed 3196K, reserved 1048576K
}
2017-05-24T15:47:30.407+0200: 3,745: Total time for which application threads were stopped: 0,0701660 seconds, Stopping threads took: 0,0022504 seconds
2017-05-24T15:47:30.676+0200: 4,015: Total time for which application threads were stopped: 0,0066482 seconds, Stopping threads took: 0,0060121 seconds
2017-05-24T15:47:30.697+0200: 4,035: Total time for which application threads were stopped: 0,0005209 seconds, Stopping threads took: 0,0000273 seconds
2017-05-24T15:47:30.711+0200: 4,050: Total time for which application threads were stopped: 0,0002905 seconds, Stopping threads took: 0,0000211 seconds
2017-05-24T15:47:30.744+0200: 4,083: Total time for which application threads were stopped: 0,0001266 seconds, Stopping threads took: 0,0000289 seconds
2017-05-24T15:47:30.747+0200: 4,086: Total time for which application threads were stopped: 0,0001155 seconds, Stopping threads took: 0,0000226 seconds
2017-05-24T15:47:30.748+0200: 4,087: Total time for which application threads were stopped: 0,0001490 seconds, Stopping threads took: 0,0000368 seconds
2017-05-24T15:47:30.750+0200: 4,089: Total time for which application threads were stopped: 0,0002089 seconds, Stopping threads took: 0,0001008 seconds
2017-05-24T15:47:30.751+0200: 4,090: Total time for which application threads were stopped: 0,0001337 seconds, Stopping threads took: 0,0000333 seconds
2017-05-24T15:47:30.755+0200: 4,094: Total time for which application threads were stopped: 0,0001218 seconds, Stopping threads took: 0,0000325 seconds
2017-05-24T15:47:30.756+0200: 4,095: Total time for which application threads were stopped: 0,0005138 seconds, Stopping threads took: 0,0000139 seconds
2017-05-24T15:47:30.757+0200: 4,096: Total time for which application threads were stopped: 0,0001215 seconds, Stopping threads took: 0,0000356 seconds
2017-05-24T15:47:30.758+0200: 4,097: Total time for which application threads were stopped: 0,0001456 seconds, Stopping threads took: 0,0000458 seconds
2017-05-24T15:47:30.758+0200: 4,097: Total time for which application threads were stopped: 0,0000878 seconds, Stopping threads took: 0,0000227 seconds
2017-05-24T15:47:30.758+0200: 4,097: Total time for which application threads were stopped: 0,0001129 seconds, Stopping threads took: 0,0000395 seconds
2017-05-24T15:47:30.759+0200: 4,098: Total time for which application threads were stopped: 0,0001297 seconds, Stopping threads took: 0,0000400 seconds
2017-05-24T15:47:30.769+0200: 4,107: Total time for which application threads were stopped: 0,0001097 seconds, Stopping threads took: 0,0000243 seconds
2017-05-24T15:47:30.776+0200: 4,115: Total time for which application threads were stopped: 0,0001286 seconds, Stopping threads took: 0,0000241 seconds
2017-05-24T15:47:30.777+0200: 4,116: Total time for which application threads were stopped: 0,0001161 seconds, Stopping threads took: 0,0000384 seconds
2017-05-24T15:47:30.782+0200: 4,121: Total time for which application threads were stopped: 0,0045168 seconds, Stopping threads took: 0,0044180 seconds
2017-05-24T15:47:30.783+0200: 4,122: Total time for which application threads were stopped: 0,0001249 seconds, Stopping threads took: 0,0000372 seconds
2017-05-24T15:47:30.785+0200: 4,123: Total time for which application threads were stopped: 0,0002264 seconds, Stopping threads took: 0,0000731 seconds
2017-05-24T15:47:30.785+0200: 4,124: Total time for which application threads were stopped: 0,0000981 seconds, Stopping threads took: 0,0000198 seconds
2017-05-24T15:47:30.785+0200: 4,124: Total time for which application threads were stopped: 0,0000870 seconds, Stopping threads took: 0,0000115 seconds
2017-05-24T15:47:30.785+0200: 4,124: Total time for which application threads were stopped: 0,0000668 seconds, Stopping threads took: 0,0000085 seconds
2017-05-24T15:47:30.786+0200: 4,124: Total time for which application threads were stopped: 0,0000729 seconds, Stopping threads took: 0,0000167 seconds
2017-05-24T15:47:30.787+0200: 4,126: Total time for which application threads were stopped: 0,0014625 seconds, Stopping threads took: 0,0012984 seconds
2017-05-24T15:47:30.788+0200: 4,127: Total time for which application threads were stopped: 0,0000709 seconds, Stopping threads took: 0,0000191 seconds
2017-05-24T15:47:30.788+0200: 4,127: Total time for which application threads were stopped: 0,0000637 seconds, Stopping threads took: 0,0000108 seconds
2017-05-24T15:47:30.788+0200: 4,127: Total time for which application threads were stopped: 0,0000537 seconds, Stopping threads took: 0,0000134 seconds
2017-05-24T15:47:30.788+0200: 4,127: Total time for which application threads were stopped: 0,0000622 seconds, Stopping threads took: 0,0000089 seconds
2017-05-24T15:47:30.788+0200: 4,127: Total time for which application threads were stopped: 0,0000646 seconds, Stopping threads took: 0,0000118 seconds
2017-05-24T15:47:30.788+0200: 4,127: Total time for which application threads were stopped: 0,0000549 seconds, Stopping threads took: 0,0000134 seconds
2017-05-24T15:47:30.788+0200: 4,127: Total time for which application threads were stopped: 0,0000622 seconds, Stopping threads took: 0,0000091 seconds
2017-05-24T15:47:30.789+0200: 4,128: Total time for which application threads were stopped: 0,0000704 seconds, Stopping threads took: 0,0000287 seconds
2017-05-24T15:47:30.789+0200: 4,128: Total time for which application threads were stopped: 0,0000629 seconds, Stopping threads took: 0,0000101 seconds
2017-05-24T15:47:30.789+0200: 4,128: Total time for which application threads were stopped: 0,0000479 seconds, Stopping threads took: 0,0000092 seconds
2017-05-24T15:47:30.789+0200: 4,128: Total time for which application threads were stopped: 0,0000576 seconds, Stopping threads took: 0,0000188 seconds
2017-05-24T15:47:30.789+0200: 4,128: Total time for which application threads were stopped: 0,0000565 seconds, Stopping threads took: 0,0000097 seconds
2017-05-24T15:47:30.789+0200: 4,128: Total time for which application threads were stopped: 0,0000461 seconds, Stopping threads took: 0,0000112 seconds
2017-05-24T15:47:30.789+0200: 4,128: Total time for which application threads were stopped: 0,0000469 seconds, Stopping threads took: 0,0000091 seconds
2017-05-24T15:47:30.789+0200: 4,128: Total time for which application threads were stopped: 0,0000396 seconds, Stopping threads took: 0,0000088 seconds
2017-05-24T15:47:30.790+0200: 4,129: Total time for which application threads were stopped: 0,0000655 seconds, Stopping threads took: 0,0000104 seconds
2017-05-24T15:47:30.790+0200: 4,129: Total time for which application threads were stopped: 0,0000634 seconds, Stopping threads took: 0,0000093 seconds
2017-05-24T15:47:30.790+0200: 4,129: Total time for which application threads were stopped: 0,0000652 seconds, Stopping threads took: 0,0000094 seconds
2017-05-24T15:47:30.790+0200: 4,129: Total time for which application threads were stopped: 0,0000775 seconds, Stopping threads took: 0,0000090 seconds
2017-05-24T15:47:30.790+0200: 4,129: Total time for which application threads were stopped: 0,0001232 seconds, Stopping threads took: 0,0000156 seconds
2017-05-24T15:47:30.796+0200: 4,134: Total time for which application threads were stopped: 0,0001190 seconds, Stopping threads took: 0,0000490 seconds
2017-05-24T15:47:30.799+0200: 4,138: Total time for which application threads were stopped: 0,0002686 seconds, Stopping threads took: 0,0001643 seconds
2017-05-24T15:47:30.804+0200: 4,143: Total time for which application threads were stopped: 0,0001815 seconds, Stopping threads took: 0,0000457 seconds
2017-05-24T15:47:30.840+0200: 4,179: Total time for which application threads were stopped: 0,0001835 seconds, Stopping threads took: 0,0000614 seconds
2017-05-24T15:47:30.841+0200: 4,180: Total time for which application threads were stopped: 0,0002778 seconds, Stopping threads took: 0,0001844 seconds
2017-05-24T15:47:30.883+0200: 4,222: Total time for which application threads were stopped: 0,0005260 seconds, Stopping threads took: 0,0004384 seconds
2017-05-24T15:47:30.884+0200: 4,222: Total time for which application threads were stopped: 0,0004496 seconds, Stopping threads took: 0,0000183 seconds
2017-05-24T15:47:30.884+0200: 4,223: Total time for which application threads were stopped: 0,0001357 seconds, Stopping threads took: 0,0000432 seconds
2017-05-24T15:47:31.884+0200: 5,223: Total time for which application threads were stopped: 0,0000949 seconds, Stopping threads took: 0,0000226 seconds
2017-05-24T15:47:32.885+0200: 6,223: Total time for which application threads were stopped: 0,0000622 seconds, Stopping threads took: 0,0000163 seconds
2017-05-24T15:47:48.886+0200: 22,225: Total time for which application threads were stopped: 0,0001125 seconds, Stopping threads took: 0,0000296 seconds
2017-05-24T15:47:58.888+0200: 32,227: Total time for which application threads were stopped: 0,0000938 seconds, Stopping threads took: 0,0000248 seconds
2017-05-24T15:49:23.898+0200: 117,237: Total time for which application threads were stopped: 0,0000762 seconds, Stopping threads took: 0,0000301 seconds
2017-05-24T15:49:28.899+0200: 122,237: Total time for which application threads were stopped: 0,0000708 seconds, Stopping threads took: 0,0000189 seconds
{Heap before GC invocations=9 (full 1):
 par new generation   total 109248K, used 94092K [0x00000000e0000000, 0x00000000e8000000, 0x00000000e8000000)
  eden space 87424K, 100% used [0x00000000e0000000, 0x00000000e5560000, 0x00000000e5560000)
  from space 21824K,  30% used [0x00000000e6ab0000, 0x00000000e7133008, 0x00000000e8000000)
  to   space 21824K,   0% used [0x00000000e5560000, 0x00000000e5560000, 0x00000000e6ab0000)
 concurrent mark-sweep generation total 393216K, used 5953K [0x00000000e8000000, 0x0000000100000000, 0x0000000100000000)
 Metaspace       used 28002K, capacity 28500K, committed 28796K, reserved 1075200K
  class space    used 3212K, capacity 3391K, committed 3452K, reserved 1048576K
2017-05-24T15:50:22.607+0200: 175,946: [GC (Allocation Failure) 2017-05-24T15:50:22.607+0200: 175,946: [ParNew
Desired survivor size 20112992 bytes, new threshold 8 (max 8)
- age   1:   11120992 bytes,   11120992 total
- age   2:     193912 bytes,   11314904 total
- age   3:     227648 bytes,   11542552 total
- age   4:    1747456 bytes,   13290008 total
- age   5:      48112 bytes,   13338120 total
- age   7:     102528 bytes,   13440648 total
- age   8:     190336 bytes,   13630984 total
: 94092K->14488K(109248K), 0,0235675 secs] 100045K->21382K(502464K), 0,0236391 secs] [Times: user=0,08 sys=0,01, real=0,03 secs] 
Heap after GC invocations=10 (full 1):
 par new generation   total 109248K, used 14488K [0x00000000e0000000, 0x00000000e8000000, 0x00000000e8000000)
  eden space 87424K,   0% used [0x00000000e0000000, 0x00000000e0000000, 0x00000000e5560000)
  from space 21824K,  66% used [0x00000000e5560000, 0x00000000e6386220, 0x00000000e6ab0000)
  to   space 21824K,   0% used [0x00000000e6ab0000, 0x00000000e6ab0000, 0x00000000e8000000)
 concurrent mark-sweep generation total 393216K, used 6893K [0x00000000e8000000, 0x0000000100000000, 0x0000000100000000)
 Metaspace       used 28002K, capacity 28500K, committed 28796K, reserved 1075200K
  class space    used 3212K, capacity 3391K, committed 3452K, reserved 1048576K
}
2017-05-24T15:50:22.631+0200: 175,970: Total time for which application threads were stopped: 0,0238205 seconds, Stopping threads took: 0,0000455 seconds
2017-05-24T15:50:22.632+0200: 175,970: Total time for which application threads were stopped: 0,0000786 seconds, Stopping threads took: 0,0000217 seconds
2017-05-24T15:50:22.632+0200: 175,971: Total time for which application threads were stopped: 0,0000754 seconds, Stopping threads took: 0,0000210 seconds
2017-05-24T15:50:27.633+0200: 180,972: Total time for which application threads were stopped: 0,0001324 seconds, Stopping threads took: 0,0000327 seconds
2017-05-24T15:51:03.877+0200: 217,216: Total time for which application threads were stopped: 0,0004158 seconds, Stopping threads took: 0,0000208 seconds
2017-05-24T15:51:03.890+0200: 217,229: Total time for which application threads were stopped: 0,0046749 seconds, Stopping threads took: 0,0045922 seconds
2017-05-24T15:51:03.891+0200: 217,230: Total time for which application threads were stopped: 0,0001039 seconds, Stopping threads took: 0,0000414 seconds
2017-05-24T15:51:03.896+0200: 217,235: Total time for which application threads were stopped: 0,0001160 seconds, Stopping threads took: 0,0000570 seconds
2017-05-24T15:51:03.898+0200: 217,237: Total time for which application threads were stopped: 0,0016256 seconds, Stopping threads took: 0,0015925 seconds
2017-05-24T15:51:03.898+0200: 217,237: Total time for which application threads were stopped: 0,0000405 seconds, Stopping threads took: 0,0000163 seconds
2017-05-24T15:51:03.902+0200: 217,241: Total time for which application threads were stopped: 0,0001598 seconds, Stopping threads took: 0,0001042 seconds
2017-05-24T15:51:03.903+0200: 217,241: Total time for which application threads were stopped: 0,0000621 seconds, Stopping threads took: 0,0000308 seconds
2017-05-24T15:51:03.903+0200: 217,242: Total time for which application threads were stopped: 0,0000607 seconds, Stopping threads took: 0,0000319 seconds
2017-05-24T15:51:03.903+0200: 217,242: Total time for which application threads were stopped: 0,0000472 seconds, Stopping threads took: 0,0000216 seconds
2017-05-24T15:51:03.903+0200: 217,242: Total time for which application threads were stopped: 0,0000578 seconds, Stopping threads took: 0,0000285 seconds
2017-05-24T15:51:03.905+0200: 217,243: Total time for which application threads were stopped: 0,0000801 seconds, Stopping threads took: 0,0000189 seconds
2017-05-24T15:51:03.905+0200: 217,244: Total time for which application threads were stopped: 0,0000679 seconds, Stopping threads took: 0,0000256 seconds
2017-05-24T15:51:03.905+0200: 217,244: Total time for which application threads were stopped: 0,0000412 seconds, Stopping threads took: 0,0000165 seconds
2017-05-24T15:51:03.905+0200: 217,244: Total time for which application threads were stopped: 0,0001060 seconds, Stopping threads took: 0,0000845 seconds
2017-05-24T15:51:03.907+0200: 217,245: Total time for which application threads were stopped: 0,0000923 seconds, Stopping threads took: 0,0000339 seconds
2017-05-24T15:51:03.907+0200: 217,245: Total time for which application threads were stopped: 0,0000585 seconds, Stopping threads took: 0,0000228 seconds
2017-05-24T15:51:03.907+0200: 217,246: Total time for which application threads were stopped: 0,0000544 seconds, Stopping threads took: 0,0000186 seconds
2017-05-24T15:51:03.907+0200: 217,246: Total time for which application threads were stopped: 0,0000526 seconds, Stopping threads took: 0,0000217 seconds
2017-05-24T15:51:03.907+0200: 217,246: Total time for which application threads were stopped: 0,0000393 seconds, Stopping threads took: 0,0000179 seconds
2017-05-24T15:51:03.907+0200: 217,246: Total time for which application threads were stopped: 0,0000390 seconds, Stopping threads took: 0,0000171 seconds
2017-05-24T15:51:03.907+0200: 217,246: Total time for which application threads were stopped: 0,0000540 seconds, Stopping threads took: 0,0000301 seconds
2017-05-24T15:51:03.907+0200: 217,246: Total time for which application threads were stopped: 0,0000426 seconds, Stopping threads took: 0,0000208 seconds
2017-05-24T15:51:03.908+0200: 217,246: Total time for which application threads were stopped: 0,0000520 seconds, Stopping threads took: 0,0000259 seconds
2017-05-24T15:51:03.908+0200: 217,247: Total time for which application threads were stopped: 0,0000615 seconds, Stopping threads took: 0,0000241 seconds
2017-05-24T15:51:03.908+0200: 217,247: Total time for which application threads were stopped: 0,0000806 seconds, Stopping threads took: 0,0000508 seconds
2017-05-24T15:51:03.908+0200: 217,247: Total time for which application threads were stopped: 0,0000421 seconds, Stopping threads took: 0,0000218 seconds
2017-05-24T15:51:03.908+0200: 217,247: Total time for which application threads were stopped: 0,0000411 seconds, Stopping threads took: 0,0000213 seconds
2017-05-24T15:51:03.908+0200: 217,247: Total time for which application threads were stopped: 0,0000431 seconds, Stopping threads took: 0,0000152 seconds
2017-05-24T15:51:03.909+0200: 217,247: Total time for which application threads were stopped: 0,0000523 seconds, Stopping threads took: 0,0000298 seconds
2017-05-24T15:51:03.909+0200: 217,247: Total time for which application threads were stopped: 0,0000390 seconds, Stopping threads took: 0,0000184 seconds
2017-05-24T15:51:03.909+0200: 217,248: Total time for which application threads were stopped: 0,0000416 seconds, Stopping threads took: 0,0000199 seconds
2017-05-24T15:51:03.909+0200: 217,248: Total time for which application threads were stopped: 0,0001143 seconds, Stopping threads took: 0,0000158 seconds
2017-05-24T15:51:03.910+0200: 217,249: Total time for which application threads were stopped: 0,0001705 seconds, Stopping threads took: 0,0001175 seconds
2017-05-24T15:51:03.911+0200: 217,249: Total time for which application threads were stopped: 0,0001332 seconds, Stopping threads took: 0,0000416 seconds
2017-05-24T15:51:03.913+0200: 217,252: Total time for which application threads were stopped: 0,0001688 seconds, Stopping threads took: 0,0000606 seconds
Heap
 par new generation   total 109248K, used 34517K [0x00000000e0000000, 0x00000000e8000000, 0x00000000e8000000)
  eden space 87424K,  22% used [0x00000000e0000000, 0x00000000e138f328, 0x00000000e5560000)
  from space 21824K,  66% used [0x00000000e5560000, 0x00000000e6386220, 0x00000000e6ab0000)
  to   space 21824K,   0% used [0x00000000e6ab0000, 0x00000000e6ab0000, 0x00000000e8000000)
 concurrent mark-sweep generation total 393216K, used 6893K [0x00000000e8000000, 0x0000000100000000, 0x0000000100000000)
 Metaspace       used 28117K, capacity 28670K, committed 28796K, reserved 1075200K
  class space    used 3229K, capacity 3426K, committed 3452K, reserved 1048576K
