OpenJDK 64-Bit Server VM (25.111-b14) for linux-amd64 JRE (1.8.0_111-8u111-b14-2ubuntu0.16.04.2-b14), built on Oct 27 2016 18:10:19 by "buildd" with gcc 5.4.0 20160609
Memory: 4k page, physical 7867876k(7481528k free), swap 8076284k(8076284k free)
CommandLine flags: -XX:CMSInitiatingOccupancyFraction=50 -XX:CMSMaxAbortablePrecleanTime=6000 -XX:+CMSParallelRemarkEnabled -XX:+CMSScavengeBeforeRemark -XX:ConcGCThreads=4 -XX:InitialHeapSize=536870912 -XX:MaxHeapSize=536870912 -XX:MaxTenuringThreshold=8 -XX:NewRatio=3 -XX:OldPLABSize=16 -XX:OnOutOfMemoryError=/opt/solr/bin/oom_solr.sh 8983 /var/solr/logs -XX:ParallelGCThreads=4 -XX:+ParallelRefProcEnabled -XX:PretenureSizeThreshold=67108864 -XX:+PrintGC -XX:+PrintGCApplicationStoppedTime -XX:+PrintGCDateStamps -XX:+PrintGCDetails -XX:+PrintGCTimeStamps -XX:+PrintHeapAtGC -XX:+PrintTenuringDistribution -XX:SurvivorRatio=4 -XX:TargetSurvivorRatio=90 -XX:ThreadStackSize=256 -XX:+UseCMSInitiatingOccupancyOnly -XX:+UseCompressedClassPointers -XX:+UseCompressedOops -XX:+UseConcMarkSweepGC -XX:+UseParNewGC 
2016-11-13T09:26:06.677+0100: 0,126: Total time for which application threads were stopped: 0,0000712 seconds, Stopping threads took: 0,0000130 seconds
2016-11-13T09:26:06.754+0100: 0,202: Total time for which application threads were stopped: 0,0000918 seconds, Stopping threads took: 0,0000186 seconds
2016-11-13T09:26:06.763+0100: 0,212: Total time for which application threads were stopped: 0,0001172 seconds, Stopping threads took: 0,0000559 seconds
2016-11-13T09:26:06.922+0100: 0,371: Total time for which application threads were stopped: 0,0001694 seconds, Stopping threads took: 0,0000383 seconds
2016-11-13T09:26:07.167+0100: 0,616: Total time for which application threads were stopped: 0,0001125 seconds, Stopping threads took: 0,0000114 seconds
2016-11-13T09:26:07.253+0100: 0,702: Total time for which application threads were stopped: 0,0002150 seconds, Stopping threads took: 0,0000314 seconds
2016-11-13T09:26:07.332+0100: 0,781: Total time for which application threads were stopped: 0,0001850 seconds, Stopping threads took: 0,0000199 seconds
2016-11-13T09:26:07.717+0100: 1,166: Total time for which application threads were stopped: 0,0001752 seconds, Stopping threads took: 0,0000196 seconds
2016-11-13T09:26:07.954+0100: 1,402: Total time for which application threads were stopped: 0,0001918 seconds, Stopping threads took: 0,0000131 seconds
2016-11-13T09:26:07.979+0100: 1,428: Total time for which application threads were stopped: 0,0002014 seconds, Stopping threads took: 0,0000199 seconds
2016-11-13T09:26:07.980+0100: 1,429: Total time for which application threads were stopped: 0,0001958 seconds, Stopping threads took: 0,0000210 seconds
2016-11-13T09:26:07.995+0100: 1,444: Total time for which application threads were stopped: 0,0001955 seconds, Stopping threads took: 0,0000191 seconds
2016-11-13T09:26:08.097+0100: 1,546: Total time for which application threads were stopped: 0,0002323 seconds, Stopping threads took: 0,0000203 seconds
2016-11-13T09:26:08.296+0100: 1,745: Total time for which application threads were stopped: 0,0003560 seconds, Stopping threads took: 0,0001594 seconds
{Heap before GC invocations=0 (full 0):
 par new generation   total 109248K, used 87424K [0x00000000e0000000, 0x00000000e8000000, 0x00000000e8000000)
  eden space 87424K, 100% used [0x00000000e0000000, 0x00000000e5560000, 0x00000000e5560000)
  from space 21824K,   0% used [0x00000000e5560000, 0x00000000e5560000, 0x00000000e6ab0000)
  to   space 21824K,   0% used [0x00000000e6ab0000, 0x00000000e6ab0000, 0x00000000e8000000)
 concurrent mark-sweep generation total 393216K, used 0K [0x00000000e8000000, 0x0000000100000000, 0x0000000100000000)
 Metaspace       used 18362K, capacity 18686K, committed 18944K, reserved 1067008K
  class space    used 2090K, capacity 2226K, committed 2304K, reserved 1048576K
2016-11-13T09:26:08.471+0100: 1,920: [GC (Allocation Failure) 2016-11-13T09:26:08.471+0100: 1,920: [ParNew
Desired survivor size 20112992 bytes, new threshold 8 (max 8)
- age   1:   12578056 bytes,   12578056 total
: 87424K->12406K(109248K), 0,0198694 secs] 87424K->12406K(502464K), 0,0199789 secs] [Times: user=0,05 sys=0,02, real=0,02 secs] 
Heap after GC invocations=1 (full 0):
 par new generation   total 109248K, used 12406K [0x00000000e0000000, 0x00000000e8000000, 0x00000000e8000000)
  eden space 87424K,   0% used [0x00000000e0000000, 0x00000000e0000000, 0x00000000e5560000)
  from space 21824K,  56% used [0x00000000e6ab0000, 0x00000000e76cd820, 0x00000000e8000000)
  to   space 21824K,   0% used [0x00000000e5560000, 0x00000000e5560000, 0x00000000e6ab0000)
 concurrent mark-sweep generation total 393216K, used 0K [0x00000000e8000000, 0x0000000100000000, 0x0000000100000000)
 Metaspace       used 18362K, capacity 18686K, committed 18944K, reserved 1067008K
  class space    used 2090K, capacity 2226K, committed 2304K, reserved 1048576K
}
2016-11-13T09:26:08.491+0100: 1,940: Total time for which application threads were stopped: 0,0201797 seconds, Stopping threads took: 0,0000288 seconds
2016-11-13T09:26:08.669+0100: 2,118: Total time for which application threads were stopped: 0,0003436 seconds, Stopping threads took: 0,0000374 seconds
2016-11-13T09:26:08.705+0100: 2,154: Total time for which application threads were stopped: 0,0002609 seconds, Stopping threads took: 0,0000294 seconds
2016-11-13T09:26:08.732+0100: 2,181: Total time for which application threads were stopped: 0,0003373 seconds, Stopping threads took: 0,0000362 seconds
{Heap before GC invocations=1 (full 0):
 par new generation   total 109248K, used 99830K [0x00000000e0000000, 0x00000000e8000000, 0x00000000e8000000)
  eden space 87424K, 100% used [0x00000000e0000000, 0x00000000e5560000, 0x00000000e5560000)
  from space 21824K,  56% used [0x00000000e6ab0000, 0x00000000e76cd820, 0x00000000e8000000)
  to   space 21824K,   0% used [0x00000000e5560000, 0x00000000e5560000, 0x00000000e6ab0000)
 concurrent mark-sweep generation total 393216K, used 0K [0x00000000e8000000, 0x0000000100000000, 0x0000000100000000)
 Metaspace       used 20723K, capacity 21020K, committed 21248K, reserved 1069056K
  class space    used 2403K, capacity 2518K, committed 2560K, reserved 1048576K
2016-11-13T09:26:08.898+0100: 2,346: [GC (Allocation Failure) 2016-11-13T09:26:08.898+0100: 2,346: [ParNew
Desired survivor size 20112992 bytes, new threshold 8 (max 8)
- age   1:    2764680 bytes,    2764680 total
- age   2:    6139296 bytes,    8903976 total
: 99830K->13323K(109248K), 0,0146832 secs] 99830K->13323K(502464K), 0,0147653 secs] [Times: user=0,03 sys=0,01, real=0,01 secs] 
Heap after GC invocations=2 (full 0):
 par new generation   total 109248K, used 13323K [0x00000000e0000000, 0x00000000e8000000, 0x00000000e8000000)
  eden space 87424K,   0% used [0x00000000e0000000, 0x00000000e0000000, 0x00000000e5560000)
  from space 21824K,  61% used [0x00000000e5560000, 0x00000000e6262c18, 0x00000000e6ab0000)
  to   space 21824K,   0% used [0x00000000e6ab0000, 0x00000000e6ab0000, 0x00000000e8000000)
 concurrent mark-sweep generation total 393216K, used 0K [0x00000000e8000000, 0x0000000100000000, 0x0000000100000000)
 Metaspace       used 20723K, capacity 21020K, committed 21248K, reserved 1069056K
  class space    used 2403K, capacity 2518K, committed 2560K, reserved 1048576K
}
2016-11-13T09:26:08.912+0100: 2,361: Total time for which application threads were stopped: 0,0150122 seconds, Stopping threads took: 0,0000445 seconds
2016-11-13T09:26:08.964+0100: 2,413: Total time for which application threads were stopped: 0,0000919 seconds, Stopping threads took: 0,0000258 seconds
2016-11-13T09:26:08.996+0100: 2,445: Total time for which application threads were stopped: 0,0000824 seconds, Stopping threads took: 0,0000169 seconds
2016-11-13T09:26:08.997+0100: 2,445: Total time for which application threads were stopped: 0,0002619 seconds, Stopping threads took: 0,0000202 seconds
2016-11-13T09:26:09.023+0100: 2,472: Total time for which application threads were stopped: 0,0000819 seconds, Stopping threads took: 0,0000249 seconds
2016-11-13T09:26:09.106+0100: 2,555: Total time for which application threads were stopped: 0,0001444 seconds, Stopping threads took: 0,0000334 seconds
2016-11-13T09:26:09.123+0100: 2,572: Total time for which application threads were stopped: 0,0000876 seconds, Stopping threads took: 0,0000190 seconds
2016-11-13T09:26:09.132+0100: 2,580: Total time for which application threads were stopped: 0,0002810 seconds, Stopping threads took: 0,0000169 seconds
2016-11-13T09:26:09.139+0100: 2,588: Total time for which application threads were stopped: 0,0002669 seconds, Stopping threads took: 0,0000139 seconds
2016-11-13T09:26:09.154+0100: 2,603: Total time for which application threads were stopped: 0,0000919 seconds, Stopping threads took: 0,0000211 seconds
2016-11-13T09:26:09.179+0100: 2,628: Total time for which application threads were stopped: 0,0000823 seconds, Stopping threads took: 0,0000136 seconds
2016-11-13T09:26:09.197+0100: 2,646: Total time for which application threads were stopped: 0,0001015 seconds, Stopping threads took: 0,0000256 seconds
2016-11-13T09:26:09.214+0100: 2,663: Total time for which application threads were stopped: 0,0001107 seconds, Stopping threads took: 0,0000378 seconds
2016-11-13T09:26:09.242+0100: 2,691: Total time for which application threads were stopped: 0,0000836 seconds, Stopping threads took: 0,0000140 seconds
2016-11-13T09:26:09.268+0100: 2,716: Total time for which application threads were stopped: 0,0001461 seconds, Stopping threads took: 0,0000360 seconds
2016-11-13T09:26:09.322+0100: 2,770: Total time for which application threads were stopped: 0,0001014 seconds, Stopping threads took: 0,0000289 seconds
2016-11-13T09:26:09.352+0100: 2,801: Total time for which application threads were stopped: 0,0001064 seconds, Stopping threads took: 0,0000248 seconds
{Heap before GC invocations=2 (full 0):
 par new generation   total 109248K, used 100747K [0x00000000e0000000, 0x00000000e8000000, 0x00000000e8000000)
  eden space 87424K, 100% used [0x00000000e0000000, 0x00000000e5560000, 0x00000000e5560000)
  from space 21824K,  61% used [0x00000000e5560000, 0x00000000e6262c18, 0x00000000e6ab0000)
  to   space 21824K,   0% used [0x00000000e6ab0000, 0x00000000e6ab0000, 0x00000000e8000000)
 concurrent mark-sweep generation total 393216K, used 0K [0x00000000e8000000, 0x0000000100000000, 0x0000000100000000)
 Metaspace       used 25064K, capacity 25444K, committed 25536K, reserved 1071104K
  class space    used 2915K, capacity 3056K, committed 3064K, reserved 1048576K
2016-11-13T09:26:09.378+0100: 2,827: [GC (Allocation Failure) 2016-11-13T09:26:09.378+0100: 2,827: [ParNew
Desired survivor size 20112992 bytes, new threshold 8 (max 8)
- age   1:    7029216 bytes,    7029216 total
- age   2:     511920 bytes,    7541136 total
- age   3:    6123568 bytes,   13664704 total
: 100747K->15289K(109248K), 0,0147514 secs] 100747K->15289K(502464K), 0,0148314 secs] [Times: user=0,04 sys=0,00, real=0,01 secs] 
Heap after GC invocations=3 (full 0):
 par new generation   total 109248K, used 15289K [0x00000000e0000000, 0x00000000e8000000, 0x00000000e8000000)
  eden space 87424K,   0% used [0x00000000e0000000, 0x00000000e0000000, 0x00000000e5560000)
  from space 21824K,  70% used [0x00000000e6ab0000, 0x00000000e799e468, 0x00000000e8000000)
  to   space 21824K,   0% used [0x00000000e5560000, 0x00000000e5560000, 0x00000000e6ab0000)
 concurrent mark-sweep generation total 393216K, used 0K [0x00000000e8000000, 0x0000000100000000, 0x0000000100000000)
 Metaspace       used 25064K, capacity 25444K, committed 25536K, reserved 1071104K
  class space    used 2915K, capacity 3056K, committed 3064K, reserved 1048576K
}
2016-11-13T09:26:09.393+0100: 2,842: Total time for which application threads were stopped: 0,0149850 seconds, Stopping threads took: 0,0000240 seconds
2016-11-13T09:26:09.393+0100: 2,842: [GC (CMS Initial Mark) [1 CMS-initial-mark: 0K(393216K)] 16693K(502464K), 0,0035751 secs] [Times: user=0,01 sys=0,00, real=0,01 secs] 
2016-11-13T09:26:09.397+0100: 2,846: Total time for which application threads were stopped: 0,0036973 seconds, Stopping threads took: 0,0000358 seconds
2016-11-13T09:26:09.397+0100: 2,846: [CMS-concurrent-mark-start]
2016-11-13T09:26:09.399+0100: 2,848: [CMS-concurrent-mark: 0,002/0,002 secs] [Times: user=0,01 sys=0,00, real=0,00 secs] 
2016-11-13T09:26:09.399+0100: 2,848: [CMS-concurrent-preclean-start]
2016-11-13T09:26:09.400+0100: 2,849: [CMS-concurrent-preclean: 0,001/0,001 secs] [Times: user=0,01 sys=0,00, real=0,00 secs] 
2016-11-13T09:26:09.401+0100: 2,849: [GC (CMS Final Remark) [YG occupancy: 16693 K (109248 K)]{Heap before GC invocations=3 (full 1):
 par new generation   total 109248K, used 16693K [0x00000000e0000000, 0x00000000e8000000, 0x00000000e8000000)
  eden space 87424K,   1% used [0x00000000e0000000, 0x00000000e015f140, 0x00000000e5560000)
  from space 21824K,  70% used [0x00000000e6ab0000, 0x00000000e799e468, 0x00000000e8000000)
  to   space 21824K,   0% used [0x00000000e5560000, 0x00000000e5560000, 0x00000000e6ab0000)
 concurrent mark-sweep generation total 393216K, used 0K [0x00000000e8000000, 0x0000000100000000, 0x0000000100000000)
 Metaspace       used 25100K, capacity 25444K, committed 25536K, reserved 1071104K
  class space    used 2918K, capacity 3056K, committed 3064K, reserved 1048576K
2016-11-13T09:26:09.401+0100: 2,849: [GC (CMS Final Remark) 2016-11-13T09:26:09.401+0100: 2,849: [ParNew
Desired survivor size 20112992 bytes, new threshold 8 (max 8)
- age   1:      11504 bytes,      11504 total
- age   2:    3301000 bytes,    3312504 total
- age   3:     511920 bytes,    3824424 total
- age   4:    6120544 bytes,    9944968 total
: 16693K->19296K(109248K), 0,0123128 secs] 16693K->19296K(502464K), 0,0123611 secs] [Times: user=0,04 sys=0,00, real=0,01 secs] 
Heap after GC invocations=4 (full 1):
 par new generation   total 109248K, used 19296K [0x00000000e0000000, 0x00000000e8000000, 0x00000000e8000000)
  eden space 87424K,   0% used [0x00000000e0000000, 0x00000000e0000000, 0x00000000e5560000)
  from space 21824K,  88% used [0x00000000e5560000, 0x00000000e6838110, 0x00000000e6ab0000)
  to   space 21824K,   0% used [0x00000000e6ab0000, 0x00000000e6ab0000, 0x00000000e8000000)
 concurrent mark-sweep generation total 393216K, used 0K [0x00000000e8000000, 0x0000000100000000, 0x0000000100000000)
 Metaspace       used 25100K, capacity 25444K, committed 25536K, reserved 1071104K
  class space    used 2918K, capacity 3056K, committed 3064K, reserved 1048576K
}
2016-11-13T09:26:09.413+0100: 2,862: [Rescan (parallel) , 0,0036306 secs]2016-11-13T09:26:09.417+0100: 2,865: [weak refs processing, 0,0004742 secs]2016-11-13T09:26:09.417+0100: 2,866: [class unloading, 0,0032135 secs]2016-11-13T09:26:09.420+0100: 2,869: [scrub symbol table, 0,0033479 secs]2016-11-13T09:26:09.424+0100: 2,873: [scrub string table, 0,0003736 secs][1 CMS-remark: 0K(393216K)] 19296K(502464K), 0,0241141 secs] [Times: user=0,06 sys=0,00, real=0,03 secs] 
2016-11-13T09:26:09.425+0100: 2,874: Total time for which application threads were stopped: 0,0242618 seconds, Stopping threads took: 0,0000684 seconds
2016-11-13T09:26:09.425+0100: 2,874: [CMS-concurrent-sweep-start]
2016-11-13T09:26:09.425+0100: 2,874: [CMS-concurrent-sweep: 0,000/0,000 secs] [Times: user=0,00 sys=0,00, real=0,00 secs] 
2016-11-13T09:26:09.425+0100: 2,874: [CMS-concurrent-reset-start]
2016-11-13T09:26:09.427+0100: 2,876: [CMS-concurrent-reset: 0,002/0,002 secs] [Times: user=0,01 sys=0,00, real=0,00 secs] 
2016-11-13T09:26:09.475+0100: 2,924: Total time for which application threads were stopped: 0,0003292 seconds, Stopping threads took: 0,0000221 seconds
2016-11-13T09:26:10.476+0100: 3,924: Total time for which application threads were stopped: 0,0000940 seconds, Stopping threads took: 0,0000193 seconds
2016-11-13T09:26:10.608+0100: 4,057: Total time for which application threads were stopped: 0,0002679 seconds, Stopping threads took: 0,0000153 seconds
2016-11-13T09:26:38.611+0100: 32,059: Total time for which application threads were stopped: 0,0001941 seconds, Stopping threads took: 0,0000888 seconds
2016-11-13T09:28:48.623+0100: 162,072: Total time for which application threads were stopped: 0,0000921 seconds, Stopping threads took: 0,0000417 seconds
2016-11-13T09:28:53.624+0100: 167,073: Total time for which application threads were stopped: 0,0003625 seconds, Stopping threads took: 0,0001119 seconds
2016-11-13T09:29:07.626+0100: 181,075: Total time for which application threads were stopped: 0,0001249 seconds, Stopping threads took: 0,0000551 seconds
2016-11-13T09:29:43.630+0100: 217,079: Total time for which application threads were stopped: 0,0000813 seconds, Stopping threads took: 0,0000382 seconds
2016-11-13T09:30:37.635+0100: 271,084: Total time for which application threads were stopped: 0,0000725 seconds, Stopping threads took: 0,0000314 seconds
2016-11-13T09:30:42.635+0100: 276,084: Total time for which application threads were stopped: 0,0000592 seconds, Stopping threads took: 0,0000157 seconds
2016-11-13T09:30:48.636+0100: 282,085: Total time for which application threads were stopped: 0,0000672 seconds, Stopping threads took: 0,0000177 seconds
2016-11-13T09:30:53.637+0100: 287,086: Total time for which application threads were stopped: 0,0000729 seconds, Stopping threads took: 0,0000307 seconds
2016-11-13T09:32:02.645+0100: 356,094: Total time for which application threads were stopped: 0,0000818 seconds, Stopping threads took: 0,0000341 seconds
2016-11-13T09:34:08.665+0100: 482,114: Total time for which application threads were stopped: 0,0000698 seconds, Stopping threads took: 0,0000282 seconds
2016-11-13T09:46:38.761+0100: 1232,210: Total time for which application threads were stopped: 0,0000829 seconds, Stopping threads took: 0,0000301 seconds
2016-11-13T09:49:52.781+0100: 1426,230: Total time for which application threads were stopped: 0,0003663 seconds, Stopping threads took: 0,0001796 seconds
2016-11-13T09:54:37.811+0100: 1711,260: Total time for which application threads were stopped: 0,0000760 seconds, Stopping threads took: 0,0000303 seconds
2016-11-13T10:04:47.872+0100: 2321,321: Total time for which application threads were stopped: 0,0000679 seconds, Stopping threads took: 0,0000279 seconds
2016-11-13T10:04:48.872+0100: 2322,321: Total time for which application threads were stopped: 0,0000560 seconds, Stopping threads took: 0,0000146 seconds
2016-11-13T10:19:23.960+0100: 3197,408: Total time for which application threads were stopped: 0,0004971 seconds, Stopping threads took: 0,0001915 seconds
2016-11-13T10:30:43.029+0100: 3876,478: Total time for which application threads were stopped: 0,0001052 seconds, Stopping threads took: 0,0000438 seconds
2016-11-13T10:30:48.030+0100: 3881,479: Total time for which application threads were stopped: 0,0000983 seconds, Stopping threads took: 0,0000375 seconds
2016-11-13T10:33:08.048+0100: 4021,497: Total time for which application threads were stopped: 0,0000835 seconds, Stopping threads took: 0,0000379 seconds
2016-11-13T11:09:59.283+0100: 6232,732: Total time for which application threads were stopped: 0,0001003 seconds, Stopping threads took: 0,0000443 seconds
2016-11-13T11:11:14.292+0100: 6307,741: Total time for which application threads were stopped: 0,0000687 seconds, Stopping threads took: 0,0000288 seconds
2016-11-13T11:31:08.414+0100: 7501,863: Total time for which application threads were stopped: 0,0000773 seconds, Stopping threads took: 0,0000305 seconds
2016-11-13T11:31:38.417+0100: 7531,866: Total time for which application threads were stopped: 0,0001765 seconds, Stopping threads took: 0,0000916 seconds
2016-11-13T11:34:08.431+0100: 7681,880: Total time for which application threads were stopped: 0,0000978 seconds, Stopping threads took: 0,0000392 seconds
2016-11-13T12:35:38.795+0100: 11372,244: Total time for which application threads were stopped: 0,0001517 seconds, Stopping threads took: 0,0000589 seconds
2016-11-13T12:38:07.816+0100: 11521,265: Total time for which application threads were stopped: 0,0000891 seconds, Stopping threads took: 0,0000314 seconds
2016-11-13T12:38:37.820+0100: 11551,268: Total time for which application threads were stopped: 0,0000741 seconds, Stopping threads took: 0,0000316 seconds
2016-11-13T13:42:08.240+0100: 15361,689: Total time for which application threads were stopped: 0,0001496 seconds, Stopping threads took: 0,0000559 seconds
2016-11-13T13:42:38.245+0100: 15391,694: Total time for which application threads were stopped: 0,0000794 seconds, Stopping threads took: 0,0000384 seconds
2016-11-13T16:19:40.790+0100: 24814,239: Total time for which application threads were stopped: 0,0051563 seconds, Stopping threads took: 0,0000423 seconds
Heap
 par new generation   total 109248K, used 64589K [0x00000000e0000000, 0x00000000e8000000, 0x00000000e8000000)
  eden space 87424K,  51% used [0x00000000e0000000, 0x00000000e2c3b2f8, 0x00000000e5560000)
  from space 21824K,  88% used [0x00000000e5560000, 0x00000000e6838110, 0x00000000e6ab0000)
  to   space 21824K,   0% used [0x00000000e6ab0000, 0x00000000e6ab0000, 0x00000000e8000000)
 concurrent mark-sweep generation total 393216K, used 0K [0x00000000e8000000, 0x0000000100000000, 0x0000000100000000)
 Metaspace       used 27302K, capacity 27728K, committed 27840K, reserved 1073152K
  class space    used 3167K, capacity 3320K, committed 3320K, reserved 1048576K
