OpenJDK 64-Bit Server VM (25.131-b11) for linux-amd64 JRE (1.8.0_131-8u131-b11-0ubuntu1.16.04.2-b11), built on May  6 2017 02:45:27 by "buildd" with gcc 5.4.0 20160609
Memory: 4k page, physical 7867764k(7456984k free), swap 8076284k(8076284k free)
CommandLine flags: -XX:CMSInitiatingOccupancyFraction=50 -XX:CMSMaxAbortablePrecleanTime=6000 -XX:+CMSParallelRemarkEnabled -XX:+CMSScavengeBeforeRemark -XX:ConcGCThreads=4 -XX:InitialHeapSize=536870912 -XX:MaxHeapSize=536870912 -XX:MaxTenuringThreshold=8 -XX:NewRatio=3 -XX:OldPLABSize=16 -XX:OnOutOfMemoryError=/opt/solr/bin/oom_solr.sh 8983 /var/solr/logs -XX:ParallelGCThreads=4 -XX:+ParallelRefProcEnabled -XX:PretenureSizeThreshold=67108864 -XX:+PrintGC -XX:+PrintGCApplicationStoppedTime -XX:+PrintGCDateStamps -XX:+PrintGCDetails -XX:+PrintGCTimeStamps -XX:+PrintHeapAtGC -XX:+PrintTenuringDistribution -XX:SurvivorRatio=4 -XX:TargetSurvivorRatio=90 -XX:ThreadStackSize=256 -XX:+UseCMSInitiatingOccupancyOnly -XX:+UseCompressedClassPointers -XX:+UseCompressedOops -XX:+UseConcMarkSweepGC -XX:+UseParNewGC 
2017-05-18T09:03:15.823+0200: 0,152: Total time for which application threads were stopped: 0,0000706 seconds, Stopping threads took: 0,0000105 seconds
2017-05-18T09:03:15.914+0200: 0,244: Total time for which application threads were stopped: 0,0001569 seconds, Stopping threads took: 0,0000165 seconds
2017-05-18T09:03:15.944+0200: 0,274: Total time for which application threads were stopped: 0,0001080 seconds, Stopping threads took: 0,0000274 seconds
2017-05-18T09:03:16.159+0200: 0,488: Total time for which application threads were stopped: 0,0001137 seconds, Stopping threads took: 0,0000124 seconds
2017-05-18T09:03:16.608+0200: 0,937: Total time for which application threads were stopped: 0,0001403 seconds, Stopping threads took: 0,0000105 seconds
2017-05-18T09:03:16.736+0200: 1,066: Total time for which application threads were stopped: 0,0001691 seconds, Stopping threads took: 0,0000146 seconds
2017-05-18T09:03:16.764+0200: 1,094: Total time for which application threads were stopped: 0,0001650 seconds, Stopping threads took: 0,0000201 seconds
2017-05-18T09:03:17.022+0200: 1,351: Total time for which application threads were stopped: 0,0002077 seconds, Stopping threads took: 0,0000187 seconds
2017-05-18T09:03:17.237+0200: 1,567: Total time for which application threads were stopped: 0,0002167 seconds, Stopping threads took: 0,0000118 seconds
2017-05-18T09:03:17.270+0200: 1,599: Total time for which application threads were stopped: 0,0001720 seconds, Stopping threads took: 0,0000251 seconds
2017-05-18T09:03:17.307+0200: 1,637: Total time for which application threads were stopped: 0,0002167 seconds, Stopping threads took: 0,0000183 seconds
2017-05-18T09:03:17.309+0200: 1,638: Total time for which application threads were stopped: 0,0001660 seconds, Stopping threads took: 0,0000160 seconds
2017-05-18T09:03:17.324+0200: 1,654: Total time for which application threads were stopped: 0,0005060 seconds, Stopping threads took: 0,0001650 seconds
2017-05-18T09:03:17.431+0200: 1,761: Total time for which application threads were stopped: 0,0002225 seconds, Stopping threads took: 0,0000216 seconds
2017-05-18T09:03:17.583+0200: 1,912: Total time for which application threads were stopped: 0,0003109 seconds, Stopping threads took: 0,0000956 seconds
{Heap before GC invocations=0 (full 0):
 par new generation   total 109248K, used 87424K [0x00000000e0000000, 0x00000000e8000000, 0x00000000e8000000)
  eden space 87424K, 100% used [0x00000000e0000000, 0x00000000e5560000, 0x00000000e5560000)
  from space 21824K,   0% used [0x00000000e5560000, 0x00000000e5560000, 0x00000000e6ab0000)
  to   space 21824K,   0% used [0x00000000e6ab0000, 0x00000000e6ab0000, 0x00000000e8000000)
 concurrent mark-sweep generation total 393216K, used 0K [0x00000000e8000000, 0x0000000100000000, 0x0000000100000000)
 Metaspace       used 18193K, capacity 18528K, committed 18688K, reserved 1064960K
  class space    used 2058K, capacity 2196K, committed 2304K, reserved 1048576K
2017-05-18T09:03:17.683+0200: 2,013: [GC (Allocation Failure) 2017-05-18T09:03:17.683+0200: 2,013: [ParNew
Desired survivor size 20112992 bytes, new threshold 8 (max 8)
- age   1:   12774128 bytes,   12774128 total
: 87424K->12592K(109248K), 0,0159678 secs] 87424K->12592K(502464K), 0,0160575 secs] [Times: user=0,06 sys=0,00, real=0,02 secs] 
Heap after GC invocations=1 (full 0):
 par new generation   total 109248K, used 12592K [0x00000000e0000000, 0x00000000e8000000, 0x00000000e8000000)
  eden space 87424K,   0% used [0x00000000e0000000, 0x00000000e0000000, 0x00000000e5560000)
  from space 21824K,  57% used [0x00000000e6ab0000, 0x00000000e76fc340, 0x00000000e8000000)
  to   space 21824K,   0% used [0x00000000e5560000, 0x00000000e5560000, 0x00000000e6ab0000)
 concurrent mark-sweep generation total 393216K, used 0K [0x00000000e8000000, 0x0000000100000000, 0x0000000100000000)
 Metaspace       used 18193K, capacity 18528K, committed 18688K, reserved 1064960K
  class space    used 2058K, capacity 2196K, committed 2304K, reserved 1048576K
}
2017-05-18T09:03:17.700+0200: 2,029: Total time for which application threads were stopped: 0,0162872 seconds, Stopping threads took: 0,0000371 seconds
2017-05-18T09:03:17.996+0200: 2,326: Total time for which application threads were stopped: 0,0002851 seconds, Stopping threads took: 0,0000331 seconds
2017-05-18T09:03:18.031+0200: 2,361: Total time for which application threads were stopped: 0,0004055 seconds, Stopping threads took: 0,0000713 seconds
{Heap before GC invocations=1 (full 0):
 par new generation   total 109248K, used 100016K [0x00000000e0000000, 0x00000000e8000000, 0x00000000e8000000)
  eden space 87424K, 100% used [0x00000000e0000000, 0x00000000e5560000, 0x00000000e5560000)
  from space 21824K,  57% used [0x00000000e6ab0000, 0x00000000e76fc340, 0x00000000e8000000)
  to   space 21824K,   0% used [0x00000000e5560000, 0x00000000e5560000, 0x00000000e6ab0000)
 concurrent mark-sweep generation total 393216K, used 0K [0x00000000e8000000, 0x0000000100000000, 0x0000000100000000)
 Metaspace       used 20069K, capacity 20434K, committed 20736K, reserved 1067008K
  class space    used 2299K, capacity 2473K, committed 2560K, reserved 1048576K
2017-05-18T09:03:18.038+0200: 2,368: [GC (Allocation Failure) 2017-05-18T09:03:18.038+0200: 2,368: [ParNew
Desired survivor size 20112992 bytes, new threshold 8 (max 8)
- age   1:    3355240 bytes,    3355240 total
- age   2:    6691528 bytes,   10046768 total
: 100016K->13805K(109248K), 0,0149689 secs] 100016K->13805K(502464K), 0,0150336 secs] [Times: user=0,05 sys=0,00, real=0,01 secs] 
Heap after GC invocations=2 (full 0):
 par new generation   total 109248K, used 13805K [0x00000000e0000000, 0x00000000e8000000, 0x00000000e8000000)
  eden space 87424K,   0% used [0x00000000e0000000, 0x00000000e0000000, 0x00000000e5560000)
  from space 21824K,  63% used [0x00000000e5560000, 0x00000000e62db700, 0x00000000e6ab0000)
  to   space 21824K,   0% used [0x00000000e6ab0000, 0x00000000e6ab0000, 0x00000000e8000000)
 concurrent mark-sweep generation total 393216K, used 0K [0x00000000e8000000, 0x0000000100000000, 0x0000000100000000)
 Metaspace       used 20069K, capacity 20434K, committed 20736K, reserved 1067008K
  class space    used 2299K, capacity 2473K, committed 2560K, reserved 1048576K
}
2017-05-18T09:03:18.053+0200: 2,383: Total time for which application threads were stopped: 0,0157514 seconds, Stopping threads took: 0,0005668 seconds
2017-05-18T09:03:18.084+0200: 2,414: Total time for which application threads were stopped: 0,0032766 seconds, Stopping threads took: 0,0029418 seconds
2017-05-18T09:03:18.202+0200: 2,532: Total time for which application threads were stopped: 0,0001534 seconds, Stopping threads took: 0,0000403 seconds
{Heap before GC invocations=2 (full 0):
 par new generation   total 109248K, used 101229K [0x00000000e0000000, 0x00000000e8000000, 0x00000000e8000000)
  eden space 87424K, 100% used [0x00000000e0000000, 0x00000000e5560000, 0x00000000e5560000)
  from space 21824K,  63% used [0x00000000e5560000, 0x00000000e62db700, 0x00000000e6ab0000)
  to   space 21824K,   0% used [0x00000000e6ab0000, 0x00000000e6ab0000, 0x00000000e8000000)
 concurrent mark-sweep generation total 393216K, used 0K [0x00000000e8000000, 0x0000000100000000, 0x0000000100000000)
 Metaspace       used 21011K, capacity 21356K, committed 21628K, reserved 1069056K
  class space    used 2426K, capacity 2592K, committed 2684K, reserved 1048576K
2017-05-18T09:03:18.243+0200: 2,573: [GC (Allocation Failure) 2017-05-18T09:03:18.243+0200: 2,573: [ParNew
Desired survivor size 20112992 bytes, new threshold 8 (max 8)
- age   1:    2277288 bytes,    2277288 total
- age   2:     832488 bytes,    3109776 total
- age   3:    6689600 bytes,    9799376 total
: 101229K->11302K(109248K), 0,0117494 secs] 101229K->11302K(502464K), 0,0118304 secs] [Times: user=0,04 sys=0,00, real=0,02 secs] 
Heap after GC invocations=3 (full 0):
 par new generation   total 109248K, used 11302K [0x00000000e0000000, 0x00000000e8000000, 0x00000000e8000000)
  eden space 87424K,   0% used [0x00000000e0000000, 0x00000000e0000000, 0x00000000e5560000)
  from space 21824K,  51% used [0x00000000e6ab0000, 0x00000000e75b9bc0, 0x00000000e8000000)
  to   space 21824K,   0% used [0x00000000e5560000, 0x00000000e5560000, 0x00000000e6ab0000)
 concurrent mark-sweep generation total 393216K, used 0K [0x00000000e8000000, 0x0000000100000000, 0x0000000100000000)
 Metaspace       used 21011K, capacity 21356K, committed 21628K, reserved 1069056K
  class space    used 2426K, capacity 2592K, committed 2684K, reserved 1048576K
}
2017-05-18T09:03:18.255+0200: 2,585: Total time for which application threads were stopped: 0,0120547 seconds, Stopping threads took: 0,0000669 seconds
2017-05-18T09:03:18.255+0200: 2,585: [GC (CMS Initial Mark) [1 CMS-initial-mark: 0K(393216K)] 12076K(502464K), 0,0051077 secs] [Times: user=0,02 sys=0,00, real=0,00 secs] 
2017-05-18T09:03:18.260+0200: 2,590: Total time for which application threads were stopped: 0,0052354 seconds, Stopping threads took: 0,0000408 seconds
2017-05-18T09:03:18.260+0200: 2,590: [CMS-concurrent-mark-start]
2017-05-18T09:03:18.261+0200: 2,591: [CMS-concurrent-mark: 0,001/0,001 secs] [Times: user=0,00 sys=0,00, real=0,00 secs] 
2017-05-18T09:03:18.261+0200: 2,591: [CMS-concurrent-preclean-start]
2017-05-18T09:03:18.262+0200: 2,592: [CMS-concurrent-preclean: 0,001/0,001 secs] [Times: user=0,00 sys=0,00, real=0,00 secs] 
2017-05-18T09:03:18.262+0200: 2,592: [CMS-concurrent-abortable-preclean-start]
2017-05-18T09:03:18.338+0200: 2,668: Total time for which application threads were stopped: 0,0014755 seconds, Stopping threads took: 0,0013675 seconds
{Heap before GC invocations=3 (full 1):
 par new generation   total 109248K, used 98726K [0x00000000e0000000, 0x00000000e8000000, 0x00000000e8000000)
  eden space 87424K, 100% used [0x00000000e0000000, 0x00000000e5560000, 0x00000000e5560000)
  from space 21824K,  51% used [0x00000000e6ab0000, 0x00000000e75b9bc0, 0x00000000e8000000)
  to   space 21824K,   0% used [0x00000000e5560000, 0x00000000e5560000, 0x00000000e6ab0000)
 concurrent mark-sweep generation total 393216K, used 0K [0x00000000e8000000, 0x0000000100000000, 0x0000000100000000)
 Metaspace       used 21258K, capacity 21621K, committed 21884K, reserved 1069056K
  class space    used 2450K, capacity 2606K, committed 2684K, reserved 1048576K
2017-05-18T09:03:18.371+0200: 2,701: [GC (Allocation Failure) 2017-05-18T09:03:18.371+0200: 2,701: [ParNew
Desired survivor size 20112992 bytes, new threshold 8 (max 8)
- age   1:     767976 bytes,     767976 total
- age   2:    1453344 bytes,    2221320 total
- age   3:     800992 bytes,    3022312 total
- age   4:    6689472 bytes,    9711784 total
: 98726K->12884K(109248K), 0,0115354 secs] 98726K->12884K(502464K), 0,0116020 secs] [Times: user=0,03 sys=0,00, real=0,01 secs] 
Heap after GC invocations=4 (full 1):
 par new generation   total 109248K, used 12884K [0x00000000e0000000, 0x00000000e8000000, 0x00000000e8000000)
  eden space 87424K,   0% used [0x00000000e0000000, 0x00000000e0000000, 0x00000000e5560000)
  from space 21824K,  59% used [0x00000000e5560000, 0x00000000e61f5250, 0x00000000e6ab0000)
  to   space 21824K,   0% used [0x00000000e6ab0000, 0x00000000e6ab0000, 0x00000000e8000000)
 concurrent mark-sweep generation total 393216K, used 0K [0x00000000e8000000, 0x0000000100000000, 0x0000000100000000)
 Metaspace       used 21258K, capacity 21621K, committed 21884K, reserved 1069056K
  class space    used 2450K, capacity 2606K, committed 2684K, reserved 1048576K
}
2017-05-18T09:03:18.383+0200: 2,713: Total time for which application threads were stopped: 0,0118680 seconds, Stopping threads took: 0,0001132 seconds
2017-05-18T09:03:18.383+0200: 2,713: [CMS-concurrent-abortable-preclean: 0,076/0,121 secs] [Times: user=0,45 sys=0,00, real=0,12 secs] 
2017-05-18T09:03:18.402+0200: 2,732: [GC (CMS Final Remark) [YG occupancy: 26011 K (109248 K)]{Heap before GC invocations=4 (full 1):
 par new generation   total 109248K, used 26011K [0x00000000e0000000, 0x00000000e8000000, 0x00000000e8000000)
  eden space 87424K,  15% used [0x00000000e0000000, 0x00000000e0cd1bf8, 0x00000000e5560000)
  from space 21824K,  59% used [0x00000000e5560000, 0x00000000e61f5250, 0x00000000e6ab0000)
  to   space 21824K,   0% used [0x00000000e6ab0000, 0x00000000e6ab0000, 0x00000000e8000000)
 concurrent mark-sweep generation total 393216K, used 0K [0x00000000e8000000, 0x0000000100000000, 0x0000000100000000)
 Metaspace       used 21263K, capacity 21621K, committed 21884K, reserved 1069056K
  class space    used 2450K, capacity 2606K, committed 2684K, reserved 1048576K
2017-05-18T09:03:18.402+0200: 2,732: [GC (CMS Final Remark) 2017-05-18T09:03:18.402+0200: 2,732: [ParNew
Desired survivor size 20112992 bytes, new threshold 8 (max 8)
- age   1:     337680 bytes,     337680 total
- age   2:     335320 bytes,     673000 total
- age   3:    1453104 bytes,    2126104 total
- age   4:     799040 bytes,    2925144 total
- age   5:    6689192 bytes,    9614336 total
: 26011K->11407K(109248K), 0,0096111 secs] 26011K->11407K(502464K), 0,0096642 secs] [Times: user=0,04 sys=0,00, real=0,01 secs] 
Heap after GC invocations=5 (full 1):
 par new generation   total 109248K, used 11407K [0x00000000e0000000, 0x00000000e8000000, 0x00000000e8000000)
  eden space 87424K,   0% used [0x00000000e0000000, 0x00000000e0000000, 0x00000000e5560000)
  from space 21824K,  52% used [0x00000000e6ab0000, 0x00000000e75d3f00, 0x00000000e8000000)
  to   space 21824K,   0% used [0x00000000e5560000, 0x00000000e5560000, 0x00000000e6ab0000)
 concurrent mark-sweep generation total 393216K, used 0K [0x00000000e8000000, 0x0000000100000000, 0x0000000100000000)
 Metaspace       used 21263K, capacity 21621K, committed 21884K, reserved 1069056K
  class space    used 2450K, capacity 2606K, committed 2684K, reserved 1048576K
}
2017-05-18T09:03:18.412+0200: 2,741: [Rescan (parallel) , 0,0036010 secs]2017-05-18T09:03:18.415+0200: 2,745: [weak refs processing, 0,0005160 secs]2017-05-18T09:03:18.416+0200: 2,745: [class unloading, 0,0028416 secs]2017-05-18T09:03:18.419+0200: 2,748: [scrub symbol table, 0,0025646 secs]2017-05-18T09:03:18.421+0200: 2,751: [scrub string table, 0,0003965 secs][1 CMS-remark: 0K(393216K)] 11407K(502464K), 0,0202917 secs] [Times: user=0,06 sys=0,00, real=0,02 secs] 
2017-05-18T09:03:18.422+0200: 2,752: Total time for which application threads were stopped: 0,0281888 seconds, Stopping threads took: 0,0078050 seconds
2017-05-18T09:03:18.422+0200: 2,752: [CMS-concurrent-sweep-start]
2017-05-18T09:03:18.422+0200: 2,752: [CMS-concurrent-sweep: 0,000/0,000 secs] [Times: user=0,00 sys=0,00, real=0,00 secs] 
2017-05-18T09:03:18.422+0200: 2,752: [CMS-concurrent-reset-start]
2017-05-18T09:03:18.426+0200: 2,756: [CMS-concurrent-reset: 0,004/0,004 secs] [Times: user=0,01 sys=0,00, real=0,01 secs] 
2017-05-18T09:03:18.518+0200: 2,847: Total time for which application threads were stopped: 0,0003060 seconds, Stopping threads took: 0,0000166 seconds
{Heap before GC invocations=5 (full 1):
 par new generation   total 109248K, used 98831K [0x00000000e0000000, 0x00000000e8000000, 0x00000000e8000000)
  eden space 87424K, 100% used [0x00000000e0000000, 0x00000000e5560000, 0x00000000e5560000)
  from space 21824K,  52% used [0x00000000e6ab0000, 0x00000000e75d3f00, 0x00000000e8000000)
  to   space 21824K,   0% used [0x00000000e5560000, 0x00000000e5560000, 0x00000000e6ab0000)
 concurrent mark-sweep generation total 393216K, used 0K [0x00000000e8000000, 0x0000000100000000, 0x0000000100000000)
 Metaspace       used 21901K, capacity 22245K, committed 22524K, reserved 1069056K
  class space    used 2531K, capacity 2706K, committed 2812K, reserved 1048576K
2017-05-18T09:03:18.554+0200: 2,884: [GC (Allocation Failure) 2017-05-18T09:03:18.554+0200: 2,884: [ParNew
Desired survivor size 20112992 bytes, new threshold 8 (max 8)
- age   1:    1033664 bytes,    1033664 total
- age   2:      16448 bytes,    1050112 total
- age   3:     183000 bytes,    1233112 total
- age   4:     285552 bytes,    1518664 total
- age   5:     797024 bytes,    2315688 total
- age   6:    6689848 bytes,    9005536 total
: 98831K->12701K(109248K), 0,0089198 secs] 98831K->12701K(502464K), 0,0089866 secs] [Times: user=0,04 sys=0,00, real=0,00 secs] 
Heap after GC invocations=6 (full 1):
 par new generation   total 109248K, used 12701K [0x00000000e0000000, 0x00000000e8000000, 0x00000000e8000000)
  eden space 87424K,   0% used [0x00000000e0000000, 0x00000000e0000000, 0x00000000e5560000)
  from space 21824K,  58% used [0x00000000e5560000, 0x00000000e61c7620, 0x00000000e6ab0000)
  to   space 21824K,   0% used [0x00000000e6ab0000, 0x00000000e6ab0000, 0x00000000e8000000)
 concurrent mark-sweep generation total 393216K, used 0K [0x00000000e8000000, 0x0000000100000000, 0x0000000100000000)
 Metaspace       used 21901K, capacity 22245K, committed 22524K, reserved 1069056K
  class space    used 2531K, capacity 2706K, committed 2812K, reserved 1048576K
}
2017-05-18T09:03:18.563+0200: 2,893: Total time for which application threads were stopped: 0,0091273 seconds, Stopping threads took: 0,0000163 seconds
2017-05-18T09:03:18.737+0200: 3,067: Total time for which application threads were stopped: 0,0004655 seconds, Stopping threads took: 0,0000450 seconds
2017-05-18T09:03:18.749+0200: 3,079: Total time for which application threads were stopped: 0,0003993 seconds, Stopping threads took: 0,0000369 seconds
{Heap before GC invocations=6 (full 1):
 par new generation   total 109248K, used 100108K [0x00000000e0000000, 0x00000000e8000000, 0x00000000e8000000)
  eden space 87424K,  99% used [0x00000000e0000000, 0x00000000e555bd40, 0x00000000e5560000)
  from space 21824K,  58% used [0x00000000e5560000, 0x00000000e61c7620, 0x00000000e6ab0000)
  to   space 21824K,   0% used [0x00000000e6ab0000, 0x00000000e6ab0000, 0x00000000e8000000)
 concurrent mark-sweep generation total 393216K, used 0K [0x00000000e8000000, 0x0000000100000000, 0x0000000100000000)
 Metaspace       used 24091K, capacity 24513K, committed 24828K, reserved 1071104K
  class space    used 2839K, capacity 3014K, committed 3068K, reserved 1048576K
2017-05-18T09:03:18.918+0200: 3,248: [GC (Allocation Failure) 2017-05-18T09:03:18.918+0200: 3,248: [ParNew
Desired survivor size 20112992 bytes, new threshold 8 (max 8)
- age   1:    5018728 bytes,    5018728 total
- age   2:     348208 bytes,    5366936 total
- age   3:      16416 bytes,    5383352 total
- age   4:     182504 bytes,    5565856 total
- age   5:     283040 bytes,    5848896 total
- age   6:     772952 bytes,    6621848 total
- age   7:    6680904 bytes,   13302752 total
: 100108K->14890K(109248K), 0,0112675 secs] 100108K->14890K(502464K), 0,0113340 secs] [Times: user=0,04 sys=0,00, real=0,01 secs] 
Heap after GC invocations=7 (full 1):
 par new generation   total 109248K, used 14890K [0x00000000e0000000, 0x00000000e8000000, 0x00000000e8000000)
  eden space 87424K,   0% used [0x00000000e0000000, 0x00000000e0000000, 0x00000000e5560000)
  from space 21824K,  68% used [0x00000000e6ab0000, 0x00000000e793a830, 0x00000000e8000000)
  to   space 21824K,   0% used [0x00000000e5560000, 0x00000000e5560000, 0x00000000e6ab0000)
 concurrent mark-sweep generation total 393216K, used 0K [0x00000000e8000000, 0x0000000100000000, 0x0000000100000000)
 Metaspace       used 24091K, capacity 24513K, committed 24828K, reserved 1071104K
  class space    used 2839K, capacity 3014K, committed 3068K, reserved 1048576K
}
2017-05-18T09:03:18.929+0200: 3,259: Total time for which application threads were stopped: 0,0130070 seconds, Stopping threads took: 0,0014562 seconds
{Heap before GC invocations=7 (full 1):
 par new generation   total 109248K, used 102314K [0x00000000e0000000, 0x00000000e8000000, 0x00000000e8000000)
  eden space 87424K, 100% used [0x00000000e0000000, 0x00000000e5560000, 0x00000000e5560000)
  from space 21824K,  68% used [0x00000000e6ab0000, 0x00000000e793a830, 0x00000000e8000000)
  to   space 21824K,   0% used [0x00000000e5560000, 0x00000000e5560000, 0x00000000e6ab0000)
 concurrent mark-sweep generation total 393216K, used 0K [0x00000000e8000000, 0x0000000100000000, 0x0000000100000000)
 Metaspace       used 24478K, capacity 24935K, committed 25084K, reserved 1071104K
  class space    used 2869K, capacity 3047K, committed 3068K, reserved 1048576K
2017-05-18T09:03:19.022+0200: 3,352: [GC (Allocation Failure) 2017-05-18T09:03:19.022+0200: 3,352: [ParNew
Desired survivor size 20112992 bytes, new threshold 8 (max 8)
- age   1:    1897784 bytes,    1897784 total
- age   2:    1705256 bytes,    3603040 total
- age   3:     168424 bytes,    3771464 total
- age   4:      10008 bytes,    3781472 total
- age   5:      96648 bytes,    3878120 total
- age   6:     192256 bytes,    4070376 total
- age   7:     719832 bytes,    4790208 total
- age   8:    6146040 bytes,   10936248 total
: 102314K->13870K(109248K), 0,0146589 secs] 102314K->13870K(502464K), 0,0147457 secs] [Times: user=0,05 sys=0,00, real=0,02 secs] 
Heap after GC invocations=8 (full 1):
 par new generation   total 109248K, used 13870K [0x00000000e0000000, 0x00000000e8000000, 0x00000000e8000000)
  eden space 87424K,   0% used [0x00000000e0000000, 0x00000000e0000000, 0x00000000e5560000)
  from space 21824K,  63% used [0x00000000e5560000, 0x00000000e62ebbc0, 0x00000000e6ab0000)
  to   space 21824K,   0% used [0x00000000e6ab0000, 0x00000000e6ab0000, 0x00000000e8000000)
 concurrent mark-sweep generation total 393216K, used 0K [0x00000000e8000000, 0x0000000100000000, 0x0000000100000000)
 Metaspace       used 24478K, capacity 24935K, committed 25084K, reserved 1071104K
  class space    used 2869K, capacity 3047K, committed 3068K, reserved 1048576K
}
2017-05-18T09:03:19.037+0200: 3,367: Total time for which application threads were stopped: 0,0149769 seconds, Stopping threads took: 0,0000448 seconds
{Heap before GC invocations=8 (full 1):
 par new generation   total 109248K, used 101294K [0x00000000e0000000, 0x00000000e8000000, 0x00000000e8000000)
  eden space 87424K, 100% used [0x00000000e0000000, 0x00000000e5560000, 0x00000000e5560000)
  from space 21824K,  63% used [0x00000000e5560000, 0x00000000e62ebbc0, 0x00000000e6ab0000)
  to   space 21824K,   0% used [0x00000000e6ab0000, 0x00000000e6ab0000, 0x00000000e8000000)
 concurrent mark-sweep generation total 393216K, used 0K [0x00000000e8000000, 0x0000000100000000, 0x0000000100000000)
 Metaspace       used 24796K, capacity 25249K, committed 25468K, reserved 1071104K
  class space    used 2900K, capacity 3084K, committed 3196K, reserved 1048576K
2017-05-18T09:03:19.105+0200: 3,435: [GC (Allocation Failure) 2017-05-18T09:03:19.105+0200: 3,435: [ParNew
Desired survivor size 20112992 bytes, new threshold 8 (max 8)
- age   1:     808304 bytes,     808304 total
- age   2:     619408 bytes,    1427712 total
- age   3:    1682600 bytes,    3110312 total
- age   4:     168424 bytes,    3278736 total
- age   5:      10008 bytes,    3288744 total
- age   6:      96544 bytes,    3385288 total
- age   7:     192256 bytes,    3577544 total
- age   8:     719832 bytes,    4297376 total
: 101294K->8473K(109248K), 0,0360958 secs] 101294K->14559K(502464K), 0,0361694 secs] [Times: user=0,13 sys=0,00, real=0,04 secs] 
Heap after GC invocations=9 (full 1):
 par new generation   total 109248K, used 8473K [0x00000000e0000000, 0x00000000e8000000, 0x00000000e8000000)
  eden space 87424K,   0% used [0x00000000e0000000, 0x00000000e0000000, 0x00000000e5560000)
  from space 21824K,  38% used [0x00000000e6ab0000, 0x00000000e72f67c8, 0x00000000e8000000)
  to   space 21824K,   0% used [0x00000000e5560000, 0x00000000e5560000, 0x00000000e6ab0000)
 concurrent mark-sweep generation total 393216K, used 6085K [0x00000000e8000000, 0x0000000100000000, 0x0000000100000000)
 Metaspace       used 24796K, capacity 25249K, committed 25468K, reserved 1071104K
  class space    used 2900K, capacity 3084K, committed 3196K, reserved 1048576K
}
2017-05-18T09:03:19.141+0200: 3,471: Total time for which application threads were stopped: 0,0363946 seconds, Stopping threads took: 0,0000648 seconds
2017-05-18T09:03:19.401+0200: 3,731: Total time for which application threads were stopped: 0,0005663 seconds, Stopping threads took: 0,0000367 seconds
2017-05-18T09:03:19.417+0200: 3,746: Total time for which application threads were stopped: 0,0003962 seconds, Stopping threads took: 0,0000206 seconds
2017-05-18T09:03:19.472+0200: 3,802: Total time for which application threads were stopped: 0,0005020 seconds, Stopping threads took: 0,0001239 seconds
2017-05-18T09:03:19.563+0200: 3,893: Total time for which application threads were stopped: 0,0004114 seconds, Stopping threads took: 0,0000200 seconds
2017-05-18T09:03:19.721+0200: 4,051: Total time for which application threads were stopped: 0,0003290 seconds, Stopping threads took: 0,0000182 seconds
2017-05-18T09:03:21.722+0200: 6,052: Total time for which application threads were stopped: 0,0000676 seconds, Stopping threads took: 0,0000154 seconds
2017-05-18T09:03:37.725+0200: 22,055: Total time for which application threads were stopped: 0,0000699 seconds, Stopping threads took: 0,0000169 seconds
2017-05-18T09:03:47.727+0200: 32,057: Total time for which application threads were stopped: 0,0003922 seconds, Stopping threads took: 0,0000959 seconds
2017-05-18T09:04:37.733+0200: 82,062: Total time for which application threads were stopped: 0,0000838 seconds, Stopping threads took: 0,0000181 seconds
2017-05-18T09:05:17.737+0200: 122,067: Total time for which application threads were stopped: 0,0000922 seconds, Stopping threads took: 0,0000352 seconds
2017-05-18T09:07:52.755+0200: 277,084: Total time for which application threads were stopped: 0,0002851 seconds, Stopping threads took: 0,0001461 seconds
2017-05-18T09:08:11.757+0200: 296,087: Total time for which application threads were stopped: 0,0000753 seconds, Stopping threads took: 0,0000198 seconds
2017-05-18T09:08:37.759+0200: 322,089: Total time for which application threads were stopped: 0,0000933 seconds, Stopping threads took: 0,0000348 seconds
2017-05-18T09:09:51.767+0200: 396,097: Total time for which application threads were stopped: 0,0002755 seconds, Stopping threads took: 0,0001766 seconds
2017-05-18T09:11:17.777+0200: 482,107: Total time for which application threads were stopped: 0,0005608 seconds, Stopping threads took: 0,0002026 seconds
2017-05-18T09:11:57.781+0200: 522,110: Total time for which application threads were stopped: 0,0000907 seconds, Stopping threads took: 0,0000332 seconds
2017-05-18T09:13:37.791+0200: 622,121: Total time for which application threads were stopped: 0,0000782 seconds, Stopping threads took: 0,0000284 seconds
2017-05-18T09:13:52.793+0200: 637,123: Total time for which application threads were stopped: 0,0000666 seconds, Stopping threads took: 0,0000153 seconds
2017-05-18T09:13:57.794+0200: 642,123: Total time for which application threads were stopped: 0,0000750 seconds, Stopping threads took: 0,0000149 seconds
2017-05-18T09:19:17.827+0200: 962,157: Total time for which application threads were stopped: 0,0003394 seconds, Stopping threads took: 0,0001365 seconds
2017-05-18T09:26:41.878+0200: 1406,208: Total time for which application threads were stopped: 0,0000912 seconds, Stopping threads took: 0,0000345 seconds
2017-05-18T09:32:01.916+0200: 1726,246: Total time for which application threads were stopped: 0,0001022 seconds, Stopping threads took: 0,0000309 seconds
2017-05-18T09:41:36.973+0200: 2301,302: Total time for which application threads were stopped: 0,0000926 seconds, Stopping threads took: 0,0000361 seconds
2017-05-18T09:41:37.973+0200: 2302,302: Total time for which application threads were stopped: 0,0000742 seconds, Stopping threads took: 0,0000177 seconds
2017-05-18T09:56:33.067+0200: 3197,396: Total time for which application threads were stopped: 0,0000924 seconds, Stopping threads took: 0,0000335 seconds
2017-05-18T10:07:27.137+0200: 3851,467: Total time for which application threads were stopped: 0,0005685 seconds, Stopping threads took: 0,0001654 seconds
2017-05-18T10:07:32.138+0200: 3856,468: Total time for which application threads were stopped: 0,0003822 seconds, Stopping threads took: 0,0000772 seconds
2017-05-18T10:09:07.149+0200: 3951,478: Total time for which application threads were stopped: 0,0000922 seconds, Stopping threads took: 0,0000367 seconds
2017-05-18T10:09:47.153+0200: 3991,482: Total time for which application threads were stopped: 0,0001063 seconds, Stopping threads took: 0,0000406 seconds
2017-05-18T10:21:43.231+0200: 4707,561: Total time for which application threads were stopped: 0,0002756 seconds, Stopping threads took: 0,0001559 seconds
2017-05-18T10:47:43.392+0200: 6267,721: Total time for which application threads were stopped: 0,0005415 seconds, Stopping threads took: 0,0002305 seconds
2017-05-18T11:04:17.526+0200: 7261,856: Total time for which application threads were stopped: 0,0002300 seconds, Stopping threads took: 0,0000766 seconds
2017-05-18T11:05:17.536+0200: 7321,865: Total time for which application threads were stopped: 0,0001683 seconds, Stopping threads took: 0,0000606 seconds
2017-05-18T11:11:17.587+0200: 7681,917: Total time for which application threads were stopped: 0,0001963 seconds, Stopping threads took: 0,0000590 seconds
2017-05-18T12:15:48.075+0200: 11552,405: Total time for which application threads were stopped: 0,0001075 seconds, Stopping threads took: 0,0000337 seconds
2017-05-18T13:19:17.477+0200: 15361,807: Total time for which application threads were stopped: 0,0000898 seconds, Stopping threads took: 0,0000334 seconds
2017-05-18T13:20:17.484+0200: 15421,813: Total time for which application threads were stopped: 0,0000936 seconds, Stopping threads took: 0,0000350 seconds
{Heap before GC invocations=9 (full 1):
 par new generation   total 109248K, used 95897K [0x00000000e0000000, 0x00000000e8000000, 0x00000000e8000000)
  eden space 87424K, 100% used [0x00000000e0000000, 0x00000000e5560000, 0x00000000e5560000)
  from space 21824K,  38% used [0x00000000e6ab0000, 0x00000000e72f67c8, 0x00000000e8000000)
  to   space 21824K,   0% used [0x00000000e5560000, 0x00000000e5560000, 0x00000000e6ab0000)
 concurrent mark-sweep generation total 393216K, used 6085K [0x00000000e8000000, 0x0000000100000000, 0x0000000100000000)
 Metaspace       used 28115K, capacity 28615K, committed 28796K, reserved 1075200K
  class space    used 3220K, capacity 3391K, committed 3452K, reserved 1048576K
2017-05-18T21:36:11.536+0200: 45175,866: [GC (Allocation Failure) 2017-05-18T21:36:11.536+0200: 45175,866: [ParNew
Desired survivor size 20112992 bytes, new threshold 8 (max 8)
- age   1:   10905864 bytes,   10905864 total
- age   2:     214840 bytes,   11120704 total
- age   3:     225336 bytes,   11346040 total
- age   4:    1677752 bytes,   13023792 total
- age   5:     168304 bytes,   13192096 total
- age   6:       7560 bytes,   13199656 total
- age   7:      96320 bytes,   13295976 total
- age   8:     191632 bytes,   13487608 total
: 95897K->14219K(109248K), 0,0641804 secs] 101983K->21096K(502464K), 0,0642711 secs] [Times: user=0,07 sys=0,00, real=0,06 secs] 
Heap after GC invocations=10 (full 1):
 par new generation   total 109248K, used 14219K [0x00000000e0000000, 0x00000000e8000000, 0x00000000e8000000)
  eden space 87424K,   0% used [0x00000000e0000000, 0x00000000e0000000, 0x00000000e5560000)
  from space 21824K,  65% used [0x00000000e5560000, 0x00000000e6342f98, 0x00000000e6ab0000)
  to   space 21824K,   0% used [0x00000000e6ab0000, 0x00000000e6ab0000, 0x00000000e8000000)
 concurrent mark-sweep generation total 393216K, used 6877K [0x00000000e8000000, 0x0000000100000000, 0x0000000100000000)
 Metaspace       used 28115K, capacity 28615K, committed 28796K, reserved 1075200K
  class space    used 3220K, capacity 3391K, committed 3452K, reserved 1048576K
}
2017-05-18T21:36:11.600+0200: 45175,930: Total time for which application threads were stopped: 0,0863606 seconds, Stopping threads took: 0,0219124 seconds
2017-05-18T21:36:11.609+0200: 45175,939: Total time for which application threads were stopped: 0,0001550 seconds, Stopping threads took: 0,0000353 seconds
2017-05-18T21:36:11.630+0200: 45175,959: Total time for which application threads were stopped: 0,0001950 seconds, Stopping threads took: 0,0000475 seconds
2017-05-18T21:36:11.638+0200: 45175,968: Total time for which application threads were stopped: 0,0001505 seconds, Stopping threads took: 0,0000283 seconds
Heap
 par new generation   total 109248K, used 19244K [0x00000000e0000000, 0x00000000e8000000, 0x00000000e8000000)
  eden space 87424K,   5% used [0x00000000e0000000, 0x00000000e04e83e0, 0x00000000e5560000)
  from space 21824K,  65% used [0x00000000e5560000, 0x00000000e6342f98, 0x00000000e6ab0000)
  to   space 21824K,   0% used [0x00000000e6ab0000, 0x00000000e6ab0000, 0x00000000e8000000)
 concurrent mark-sweep generation total 393216K, used 6877K [0x00000000e8000000, 0x0000000100000000, 0x0000000100000000)
 Metaspace       used 28176K, capacity 28781K, committed 29052K, reserved 1075200K
  class space    used 3228K, capacity 3424K, committed 3452K, reserved 1048576K
