OpenJDK 64-Bit Server VM (25.131-b11) for linux-amd64 JRE (1.8.0_131-8u131-b11-0ubuntu1.16.04.2-b11), built on May  6 2017 02:45:27 by "buildd" with gcc 5.4.0 20160609
Memory: 4k page, physical 7867740k(7366516k free), swap 8076284k(8076284k free)
CommandLine flags: -XX:CMSInitiatingOccupancyFraction=50 -XX:CMSMaxAbortablePrecleanTime=6000 -XX:+CMSParallelRemarkEnabled -XX:+CMSScavengeBeforeRemark -XX:ConcGCThreads=4 -XX:InitialHeapSize=536870912 -XX:MaxHeapSize=536870912 -XX:MaxTenuringThreshold=8 -XX:NewRatio=3 -XX:OldPLABSize=16 -XX:OnOutOfMemoryError=/opt/solr/bin/oom_solr.sh 8983 /var/solr/logs -XX:ParallelGCThreads=4 -XX:+ParallelRefProcEnabled -XX:PretenureSizeThreshold=67108864 -XX:+PrintGC -XX:+PrintGCApplicationStoppedTime -XX:+PrintGCDateStamps -XX:+PrintGCDetails -XX:+PrintGCTimeStamps -XX:+PrintHeapAtGC -XX:+PrintTenuringDistribution -XX:SurvivorRatio=4 -XX:TargetSurvivorRatio=90 -XX:ThreadStackSize=256 -XX:+UseCMSInitiatingOccupancyOnly -XX:+UseCompressedClassPointers -XX:+UseCompressedOops -XX:+UseConcMarkSweepGC -XX:+UseParNewGC 
2017-07-22T01:43:15.874+0200: 0,230: Total time for which application threads were stopped: 0,0000911 seconds, Stopping threads took: 0,0000175 seconds
2017-07-22T01:43:16.002+0200: 0,358: Total time for which application threads were stopped: 0,0000895 seconds, Stopping threads took: 0,0000119 seconds
2017-07-22T01:43:16.056+0200: 0,412: Total time for which application threads were stopped: 0,0000784 seconds, Stopping threads took: 0,0000168 seconds
2017-07-22T01:43:16.360+0200: 0,716: Total time for which application threads were stopped: 0,0001590 seconds, Stopping threads took: 0,0000218 seconds
2017-07-22T01:43:16.875+0200: 1,231: Total time for which application threads were stopped: 0,0001915 seconds, Stopping threads took: 0,0000274 seconds
2017-07-22T01:43:17.006+0200: 1,362: Total time for which application threads were stopped: 0,0002836 seconds, Stopping threads took: 0,0000944 seconds
2017-07-22T01:43:17.031+0200: 1,386: Total time for which application threads were stopped: 0,0001920 seconds, Stopping threads took: 0,0000307 seconds
2017-07-22T01:43:17.647+0200: 2,003: Total time for which application threads were stopped: 0,0002081 seconds, Stopping threads took: 0,0000408 seconds
2017-07-22T01:43:18.128+0200: 2,484: Total time for which application threads were stopped: 0,0002025 seconds, Stopping threads took: 0,0000139 seconds
2017-07-22T01:43:18.154+0200: 2,510: Total time for which application threads were stopped: 0,0001938 seconds, Stopping threads took: 0,0000126 seconds
2017-07-22T01:43:18.196+0200: 2,552: Total time for which application threads were stopped: 0,0002430 seconds, Stopping threads took: 0,0000214 seconds
2017-07-22T01:43:18.197+0200: 2,553: Total time for which application threads were stopped: 0,0001980 seconds, Stopping threads took: 0,0000152 seconds
2017-07-22T01:43:18.227+0200: 2,582: Total time for which application threads were stopped: 0,0001880 seconds, Stopping threads took: 0,0000144 seconds
2017-07-22T01:43:18.329+0200: 2,685: Total time for which application threads were stopped: 0,0002575 seconds, Stopping threads took: 0,0000561 seconds
2017-07-22T01:43:18.536+0200: 2,891: Total time for which application threads were stopped: 0,0003073 seconds, Stopping threads took: 0,0000556 seconds
2017-07-22T01:43:18.565+0200: 2,920: Total time for which application threads were stopped: 0,0002772 seconds, Stopping threads took: 0,0000344 seconds
{Heap before GC invocations=0 (full 0):
 par new generation   total 109248K, used 87424K [0x00000000e0000000, 0x00000000e8000000, 0x00000000e8000000)
  eden space 87424K, 100% used [0x00000000e0000000, 0x00000000e5560000, 0x00000000e5560000)
  from space 21824K,   0% used [0x00000000e5560000, 0x00000000e5560000, 0x00000000e6ab0000)
  to   space 21824K,   0% used [0x00000000e6ab0000, 0x00000000e6ab0000, 0x00000000e8000000)
 concurrent mark-sweep generation total 393216K, used 0K [0x00000000e8000000, 0x0000000100000000, 0x0000000100000000)
 Metaspace       used 18073K, capacity 18400K, committed 18688K, reserved 1064960K
  class space    used 2042K, capacity 2196K, committed 2304K, reserved 1048576K
2017-07-22T01:43:18.657+0200: 3,013: [GC (Allocation Failure) 2017-07-22T01:43:18.657+0200: 3,013: [ParNew
Desired survivor size 20112992 bytes, new threshold 8 (max 8)
- age   1:   12633552 bytes,   12633552 total
: 87424K->12444K(109248K), 0,0234389 secs] 87424K->12444K(502464K), 0,0235012 secs] [Times: user=0,07 sys=0,00, real=0,03 secs] 
Heap after GC invocations=1 (full 0):
 par new generation   total 109248K, used 12444K [0x00000000e0000000, 0x00000000e8000000, 0x00000000e8000000)
  eden space 87424K,   0% used [0x00000000e0000000, 0x00000000e0000000, 0x00000000e5560000)
  from space 21824K,  57% used [0x00000000e6ab0000, 0x00000000e76d7118, 0x00000000e8000000)
  to   space 21824K,   0% used [0x00000000e5560000, 0x00000000e5560000, 0x00000000e6ab0000)
 concurrent mark-sweep generation total 393216K, used 0K [0x00000000e8000000, 0x0000000100000000, 0x0000000100000000)
 Metaspace       used 18073K, capacity 18400K, committed 18688K, reserved 1064960K
  class space    used 2042K, capacity 2196K, committed 2304K, reserved 1048576K
}
2017-07-22T01:43:18.681+0200: 3,037: Total time for which application threads were stopped: 0,0252202 seconds, Stopping threads took: 0,0015145 seconds
2017-07-22T01:43:19.047+0200: 3,403: Total time for which application threads were stopped: 0,0004590 seconds, Stopping threads took: 0,0000585 seconds
{Heap before GC invocations=1 (full 0):
 par new generation   total 109248K, used 99868K [0x00000000e0000000, 0x00000000e8000000, 0x00000000e8000000)
  eden space 87424K, 100% used [0x00000000e0000000, 0x00000000e5560000, 0x00000000e5560000)
  from space 21824K,  57% used [0x00000000e6ab0000, 0x00000000e76d7118, 0x00000000e8000000)
  to   space 21824K,   0% used [0x00000000e5560000, 0x00000000e5560000, 0x00000000e6ab0000)
 concurrent mark-sweep generation total 393216K, used 0K [0x00000000e8000000, 0x0000000100000000, 0x0000000100000000)
 Metaspace       used 20073K, capacity 20410K, committed 20736K, reserved 1067008K
  class space    used 2291K, capacity 2463K, committed 2560K, reserved 1048576K
2017-07-22T01:43:19.110+0200: 3,466: [GC (Allocation Failure) 2017-07-22T01:43:19.110+0200: 3,466: [ParNew
Desired survivor size 20112992 bytes, new threshold 8 (max 8)
- age   1:    3562440 bytes,    3562440 total
- age   2:    6675024 bytes,   10237464 total
: 99868K->15790K(109248K), 0,0168727 secs] 99868K->15790K(502464K), 0,0169455 secs] [Times: user=0,04 sys=0,01, real=0,02 secs] 
Heap after GC invocations=2 (full 0):
 par new generation   total 109248K, used 15790K [0x00000000e0000000, 0x00000000e8000000, 0x00000000e8000000)
  eden space 87424K,   0% used [0x00000000e0000000, 0x00000000e0000000, 0x00000000e5560000)
  from space 21824K,  72% used [0x00000000e5560000, 0x00000000e64cba00, 0x00000000e6ab0000)
  to   space 21824K,   0% used [0x00000000e6ab0000, 0x00000000e6ab0000, 0x00000000e8000000)
 concurrent mark-sweep generation total 393216K, used 0K [0x00000000e8000000, 0x0000000100000000, 0x0000000100000000)
 Metaspace       used 20073K, capacity 20410K, committed 20736K, reserved 1067008K
  class space    used 2291K, capacity 2463K, committed 2560K, reserved 1048576K
}
2017-07-22T01:43:19.127+0200: 3,483: Total time for which application threads were stopped: 0,0172342 seconds, Stopping threads took: 0,0001142 seconds
2017-07-22T01:43:19.146+0200: 3,502: Total time for which application threads were stopped: 0,0067647 seconds, Stopping threads took: 0,0064703 seconds
2017-07-22T01:43:19.190+0200: 3,546: Total time for which application threads were stopped: 0,0024861 seconds, Stopping threads took: 0,0021376 seconds
2017-07-22T01:43:19.359+0200: 3,715: Total time for which application threads were stopped: 0,0001926 seconds, Stopping threads took: 0,0000751 seconds
{Heap before GC invocations=2 (full 0):
 par new generation   total 109248K, used 103214K [0x00000000e0000000, 0x00000000e8000000, 0x00000000e8000000)
  eden space 87424K, 100% used [0x00000000e0000000, 0x00000000e5560000, 0x00000000e5560000)
  from space 21824K,  72% used [0x00000000e5560000, 0x00000000e64cba00, 0x00000000e6ab0000)
  to   space 21824K,   0% used [0x00000000e6ab0000, 0x00000000e6ab0000, 0x00000000e8000000)
 concurrent mark-sweep generation total 393216K, used 0K [0x00000000e8000000, 0x0000000100000000, 0x0000000100000000)
 Metaspace       used 21005K, capacity 21332K, committed 21628K, reserved 1069056K
  class space    used 2413K, capacity 2582K, committed 2684K, reserved 1048576K
2017-07-22T01:43:19.403+0200: 3,759: [GC (Allocation Failure) 2017-07-22T01:43:19.403+0200: 3,759: [ParNew
Desired survivor size 20112992 bytes, new threshold 8 (max 8)
- age   1:    2215584 bytes,    2215584 total
- age   2:     849424 bytes,    3065008 total
- age   3:    6666536 bytes,    9731544 total
: 103214K->11182K(109248K), 0,0154267 secs] 103214K->11182K(502464K), 0,0155226 secs] [Times: user=0,03 sys=0,01, real=0,02 secs] 
Heap after GC invocations=3 (full 0):
 par new generation   total 109248K, used 11182K [0x00000000e0000000, 0x00000000e8000000, 0x00000000e8000000)
  eden space 87424K,   0% used [0x00000000e0000000, 0x00000000e0000000, 0x00000000e5560000)
  from space 21824K,  51% used [0x00000000e6ab0000, 0x00000000e759bbe0, 0x00000000e8000000)
  to   space 21824K,   0% used [0x00000000e5560000, 0x00000000e5560000, 0x00000000e6ab0000)
 concurrent mark-sweep generation total 393216K, used 0K [0x00000000e8000000, 0x0000000100000000, 0x0000000100000000)
 Metaspace       used 21005K, capacity 21332K, committed 21628K, reserved 1069056K
  class space    used 2413K, capacity 2582K, committed 2684K, reserved 1048576K
}
2017-07-22T01:43:19.418+0200: 3,774: Total time for which application threads were stopped: 0,0158274 seconds, Stopping threads took: 0,0001254 seconds
2017-07-22T01:43:19.426+0200: 3,782: [GC (CMS Initial Mark) [1 CMS-initial-mark: 0K(393216K)] 14172K(502464K), 0,0063966 secs] [Times: user=0,01 sys=0,00, real=0,01 secs] 
2017-07-22T01:43:19.433+0200: 3,789: Total time for which application threads were stopped: 0,0065522 seconds, Stopping threads took: 0,0000241 seconds
2017-07-22T01:43:19.433+0200: 3,789: [CMS-concurrent-mark-start]
2017-07-22T01:43:19.433+0200: 3,789: [CMS-concurrent-mark: 0,001/0,001 secs] [Times: user=0,01 sys=0,00, real=0,00 secs] 
2017-07-22T01:43:19.433+0200: 3,789: [CMS-concurrent-preclean-start]
2017-07-22T01:43:19.435+0200: 3,790: [CMS-concurrent-preclean: 0,001/0,001 secs] [Times: user=0,00 sys=0,00, real=0,00 secs] 
2017-07-22T01:43:19.435+0200: 3,791: [CMS-concurrent-abortable-preclean-start]
2017-07-22T01:43:19.517+0200: 3,873: Total time for which application threads were stopped: 0,0086056 seconds, Stopping threads took: 0,0084862 seconds
{Heap before GC invocations=3 (full 1):
 par new generation   total 109248K, used 98606K [0x00000000e0000000, 0x00000000e8000000, 0x00000000e8000000)
  eden space 87424K, 100% used [0x00000000e0000000, 0x00000000e5560000, 0x00000000e5560000)
  from space 21824K,  51% used [0x00000000e6ab0000, 0x00000000e759bbe0, 0x00000000e8000000)
  to   space 21824K,   0% used [0x00000000e5560000, 0x00000000e5560000, 0x00000000e6ab0000)
 concurrent mark-sweep generation total 393216K, used 0K [0x00000000e8000000, 0x0000000100000000, 0x0000000100000000)
 Metaspace       used 21284K, capacity 21617K, committed 21884K, reserved 1069056K
  class space    used 2444K, capacity 2599K, committed 2684K, reserved 1048576K
2017-07-22T01:43:19.588+0200: 3,944: [GC (Allocation Failure) 2017-07-22T01:43:19.588+0200: 3,944: [ParNew2017-07-22T01:43:19.620+0200: 3,976: [CMS-concurrent-abortable-preclean: 0,079/0,185 secs] [Times: user=0,43 sys=0,00, real=0,19 secs] 

Desired survivor size 20112992 bytes, new threshold 8 (max 8)
- age   1:    1150144 bytes,    1150144 total
- age   2:    1453032 bytes,    2603176 total
- age   3:     814176 bytes,    3417352 total
- age   4:    6666464 bytes,   10083816 total
: 98606K->14430K(109248K), 0,0343140 secs] 98606K->14430K(502464K), 0,0343751 secs] [Times: user=0,08 sys=0,00, real=0,04 secs] 
Heap after GC invocations=4 (full 1):
 par new generation   total 109248K, used 14430K [0x00000000e0000000, 0x00000000e8000000, 0x00000000e8000000)
  eden space 87424K,   0% used [0x00000000e0000000, 0x00000000e0000000, 0x00000000e5560000)
  from space 21824K,  66% used [0x00000000e5560000, 0x00000000e6377920, 0x00000000e6ab0000)
  to   space 21824K,   0% used [0x00000000e6ab0000, 0x00000000e6ab0000, 0x00000000e8000000)
 concurrent mark-sweep generation total 393216K, used 0K [0x00000000e8000000, 0x0000000100000000, 0x0000000100000000)
 Metaspace       used 21284K, capacity 21617K, committed 21884K, reserved 1069056K
  class space    used 2444K, capacity 2599K, committed 2684K, reserved 1048576K
}
2017-07-22T01:43:19.622+0200: 3,978: Total time for which application threads were stopped: 0,0345603 seconds, Stopping threads took: 0,0000451 seconds
2017-07-22T01:43:19.626+0200: 3,982: [GC (CMS Final Remark) [YG occupancy: 17712 K (109248 K)]{Heap before GC invocations=4 (full 1):
 par new generation   total 109248K, used 17712K [0x00000000e0000000, 0x00000000e8000000, 0x00000000e8000000)
  eden space 87424K,   3% used [0x00000000e0000000, 0x00000000e03349a0, 0x00000000e5560000)
  from space 21824K,  66% used [0x00000000e5560000, 0x00000000e6377920, 0x00000000e6ab0000)
  to   space 21824K,   0% used [0x00000000e6ab0000, 0x00000000e6ab0000, 0x00000000e8000000)
 concurrent mark-sweep generation total 393216K, used 0K [0x00000000e8000000, 0x0000000100000000, 0x0000000100000000)
 Metaspace       used 21284K, capacity 21617K, committed 21884K, reserved 1069056K
  class space    used 2444K, capacity 2599K, committed 2684K, reserved 1048576K
2017-07-22T01:43:19.626+0200: 3,982: [GC (CMS Final Remark) 2017-07-22T01:43:19.626+0200: 3,982: [ParNew
Desired survivor size 20112992 bytes, new threshold 8 (max 8)
- age   1:      33848 bytes,      33848 total
- age   2:     980096 bytes,    1013944 total
- age   3:    1453032 bytes,    2466976 total
- age   4:     814176 bytes,    3281152 total
- age   5:    6666464 bytes,    9947616 total
: 17712K->12947K(109248K), 0,0243620 secs] 17712K->12947K(502464K), 0,0244108 secs] [Times: user=0,06 sys=0,01, real=0,03 secs] 
Heap after GC invocations=5 (full 1):
 par new generation   total 109248K, used 12947K [0x00000000e0000000, 0x00000000e8000000, 0x00000000e8000000)
  eden space 87424K,   0% used [0x00000000e0000000, 0x00000000e0000000, 0x00000000e5560000)
  from space 21824K,  59% used [0x00000000e6ab0000, 0x00000000e7754c88, 0x00000000e8000000)
  to   space 21824K,   0% used [0x00000000e5560000, 0x00000000e5560000, 0x00000000e6ab0000)
 concurrent mark-sweep generation total 393216K, used 0K [0x00000000e8000000, 0x0000000100000000, 0x0000000100000000)
 Metaspace       used 21284K, capacity 21617K, committed 21884K, reserved 1069056K
  class space    used 2444K, capacity 2599K, committed 2684K, reserved 1048576K
}
2017-07-22T01:43:19.651+0200: 4,006: [Rescan (parallel) , 0,0042221 secs]2017-07-22T01:43:19.655+0200: 4,011: [weak refs processing, 0,0025251 secs]2017-07-22T01:43:19.657+0200: 4,013: [class unloading, 0,0037671 secs]2017-07-22T01:43:19.661+0200: 4,017: [scrub symbol table, 0,0036303 secs]2017-07-22T01:43:19.665+0200: 4,021: [scrub string table, 0,0004526 secs][1 CMS-remark: 0K(393216K)] 12947K(502464K), 0,0399364 secs] [Times: user=0,09 sys=0,01, real=0,04 secs] 
2017-07-22T01:43:19.666+0200: 4,022: Total time for which application threads were stopped: 0,0400892 seconds, Stopping threads took: 0,0000504 seconds
2017-07-22T01:43:19.666+0200: 4,022: [CMS-concurrent-sweep-start]
2017-07-22T01:43:19.666+0200: 4,022: [CMS-concurrent-sweep: 0,000/0,000 secs] [Times: user=0,00 sys=0,00, real=0,00 secs] 
2017-07-22T01:43:19.666+0200: 4,022: [CMS-concurrent-reset-start]
2017-07-22T01:43:19.668+0200: 4,024: [CMS-concurrent-reset: 0,001/0,001 secs] [Times: user=0,00 sys=0,00, real=0,00 secs] 
2017-07-22T01:43:19.733+0200: 4,088: Total time for which application threads were stopped: 0,0004054 seconds, Stopping threads took: 0,0001052 seconds
2017-07-22T01:43:19.802+0200: 4,158: Total time for which application threads were stopped: 0,0001680 seconds, Stopping threads took: 0,0000865 seconds
2017-07-22T01:43:19.803+0200: 4,158: Total time for which application threads were stopped: 0,0000805 seconds, Stopping threads took: 0,0000302 seconds
{Heap before GC invocations=5 (full 1):
 par new generation   total 109248K, used 100371K [0x00000000e0000000, 0x00000000e8000000, 0x00000000e8000000)
  eden space 87424K, 100% used [0x00000000e0000000, 0x00000000e5560000, 0x00000000e5560000)
  from space 21824K,  59% used [0x00000000e6ab0000, 0x00000000e7754c88, 0x00000000e8000000)
  to   space 21824K,   0% used [0x00000000e5560000, 0x00000000e5560000, 0x00000000e6ab0000)
 concurrent mark-sweep generation total 393216K, used 0K [0x00000000e8000000, 0x0000000100000000, 0x0000000100000000)
 Metaspace       used 21475K, capacity 21853K, committed 22140K, reserved 1069056K
  class space    used 2469K, capacity 2633K, committed 2684K, reserved 1048576K
2017-07-22T01:43:19.805+0200: 4,161: [GC (Allocation Failure) 2017-07-22T01:43:19.805+0200: 4,161: [ParNew
Desired survivor size 20112992 bytes, new threshold 8 (max 8)
- age   1:     622016 bytes,     622016 total
- age   2:       5960 bytes,     627976 total
- age   3:     192104 bytes,     820080 total
- age   4:    1447248 bytes,    2267328 total
- age   5:     814064 bytes,    3081392 total
- age   6:    6666448 bytes,    9747840 total
: 100371K->12703K(109248K), 0,0237475 secs] 100371K->12703K(502464K), 0,0238259 secs] [Times: user=0,06 sys=0,00, real=0,02 secs] 
Heap after GC invocations=6 (full 1):
 par new generation   total 109248K, used 12703K [0x00000000e0000000, 0x00000000e8000000, 0x00000000e8000000)
  eden space 87424K,   0% used [0x00000000e0000000, 0x00000000e0000000, 0x00000000e5560000)
  from space 21824K,  58% used [0x00000000e5560000, 0x00000000e61c7f00, 0x00000000e6ab0000)
  to   space 21824K,   0% used [0x00000000e6ab0000, 0x00000000e6ab0000, 0x00000000e8000000)
 concurrent mark-sweep generation total 393216K, used 0K [0x00000000e8000000, 0x0000000100000000, 0x0000000100000000)
 Metaspace       used 21475K, capacity 21853K, committed 22140K, reserved 1069056K
  class space    used 2469K, capacity 2633K, committed 2684K, reserved 1048576K
}
2017-07-22T01:43:19.829+0200: 4,185: Total time for which application threads were stopped: 0,0240057 seconds, Stopping threads took: 0,0000260 seconds
2017-07-22T01:43:19.835+0200: 4,190: Total time for which application threads were stopped: 0,0005637 seconds, Stopping threads took: 0,0004593 seconds
2017-07-22T01:43:19.842+0200: 4,198: Total time for which application threads were stopped: 0,0001496 seconds, Stopping threads took: 0,0000466 seconds
2017-07-22T01:43:19.853+0200: 4,209: Total time for which application threads were stopped: 0,0001114 seconds, Stopping threads took: 0,0000344 seconds
2017-07-22T01:43:19.866+0200: 4,222: Total time for which application threads were stopped: 0,0001778 seconds, Stopping threads took: 0,0000578 seconds
2017-07-22T01:43:19.867+0200: 4,222: Total time for which application threads were stopped: 0,0001253 seconds, Stopping threads took: 0,0000286 seconds
2017-07-22T01:43:19.867+0200: 4,223: Total time for which application threads were stopped: 0,0000772 seconds, Stopping threads took: 0,0000229 seconds
2017-07-22T01:43:19.869+0200: 4,225: Total time for which application threads were stopped: 0,0004171 seconds, Stopping threads took: 0,0000351 seconds
2017-07-22T01:43:19.870+0200: 4,226: Total time for which application threads were stopped: 0,0001328 seconds, Stopping threads took: 0,0000392 seconds
2017-07-22T01:43:19.870+0200: 4,226: Total time for which application threads were stopped: 0,0000779 seconds, Stopping threads took: 0,0000144 seconds
2017-07-22T01:43:19.872+0200: 4,228: Total time for which application threads were stopped: 0,0001285 seconds, Stopping threads took: 0,0000371 seconds
2017-07-22T01:43:19.873+0200: 4,229: Total time for which application threads were stopped: 0,0001518 seconds, Stopping threads took: 0,0000501 seconds
2017-07-22T01:43:19.874+0200: 4,230: Total time for which application threads were stopped: 0,0001318 seconds, Stopping threads took: 0,0000397 seconds
2017-07-22T01:43:19.878+0200: 4,234: Total time for which application threads were stopped: 0,0001334 seconds, Stopping threads took: 0,0000413 seconds
2017-07-22T01:43:19.921+0200: 4,277: Total time for which application threads were stopped: 0,0001295 seconds, Stopping threads took: 0,0000501 seconds
2017-07-22T01:43:19.922+0200: 4,278: Total time for which application threads were stopped: 0,0001108 seconds, Stopping threads took: 0,0000327 seconds
2017-07-22T01:43:19.923+0200: 4,278: Total time for which application threads were stopped: 0,0000844 seconds, Stopping threads took: 0,0000248 seconds
2017-07-22T01:43:19.937+0200: 4,293: Total time for which application threads were stopped: 0,0032977 seconds, Stopping threads took: 0,0031940 seconds
2017-07-22T01:43:19.939+0200: 4,295: Total time for which application threads were stopped: 0,0000968 seconds, Stopping threads took: 0,0000229 seconds
2017-07-22T01:43:19.944+0200: 4,300: Total time for which application threads were stopped: 0,0000960 seconds, Stopping threads took: 0,0000221 seconds
2017-07-22T01:43:19.945+0200: 4,301: Total time for which application threads were stopped: 0,0001020 seconds, Stopping threads took: 0,0000231 seconds
2017-07-22T01:43:19.945+0200: 4,301: Total time for which application threads were stopped: 0,0001646 seconds, Stopping threads took: 0,0000099 seconds
2017-07-22T01:43:19.946+0200: 4,302: Total time for which application threads were stopped: 0,0000823 seconds, Stopping threads took: 0,0000179 seconds
2017-07-22T01:43:19.947+0200: 4,302: Total time for which application threads were stopped: 0,0000755 seconds, Stopping threads took: 0,0000171 seconds
2017-07-22T01:43:19.949+0200: 4,305: Total time for which application threads were stopped: 0,0023057 seconds, Stopping threads took: 0,0022354 seconds
2017-07-22T01:43:19.954+0200: 4,310: Total time for which application threads were stopped: 0,0001085 seconds, Stopping threads took: 0,0000408 seconds
2017-07-22T01:43:19.955+0200: 4,311: Total time for which application threads were stopped: 0,0005376 seconds, Stopping threads took: 0,0004376 seconds
2017-07-22T01:43:19.966+0200: 4,322: Total time for which application threads were stopped: 0,0033764 seconds, Stopping threads took: 0,0032908 seconds
2017-07-22T01:43:20.072+0200: 4,428: Total time for which application threads were stopped: 0,0089133 seconds, Stopping threads took: 0,0087600 seconds
2017-07-22T01:43:20.079+0200: 4,435: Total time for which application threads were stopped: 0,0012185 seconds, Stopping threads took: 0,0011202 seconds
2017-07-22T01:43:20.079+0200: 4,435: Total time for which application threads were stopped: 0,0000702 seconds, Stopping threads took: 0,0000133 seconds
2017-07-22T01:43:20.079+0200: 4,435: Total time for which application threads were stopped: 0,0000574 seconds, Stopping threads took: 0,0000074 seconds
2017-07-22T01:43:20.151+0200: 4,506: Total time for which application threads were stopped: 0,0006431 seconds, Stopping threads took: 0,0005327 seconds
2017-07-22T01:43:20.213+0200: 4,569: Total time for which application threads were stopped: 0,0009037 seconds, Stopping threads took: 0,0008333 seconds
2017-07-22T01:43:20.225+0200: 4,581: Total time for which application threads were stopped: 0,0004257 seconds, Stopping threads took: 0,0000429 seconds
2017-07-22T01:43:20.239+0200: 4,595: Total time for which application threads were stopped: 0,0000965 seconds, Stopping threads took: 0,0000273 seconds
2017-07-22T01:43:20.251+0200: 4,607: Total time for which application threads were stopped: 0,0001867 seconds, Stopping threads took: 0,0000781 seconds
2017-07-22T01:43:20.254+0200: 4,610: Total time for which application threads were stopped: 0,0027444 seconds, Stopping threads took: 0,0026796 seconds
2017-07-22T01:43:20.254+0200: 4,610: Total time for which application threads were stopped: 0,0000740 seconds, Stopping threads took: 0,0000402 seconds
2017-07-22T01:43:20.256+0200: 4,612: Total time for which application threads were stopped: 0,0001203 seconds, Stopping threads took: 0,0000375 seconds
2017-07-22T01:43:20.260+0200: 4,616: Total time for which application threads were stopped: 0,0038684 seconds, Stopping threads took: 0,0037653 seconds
2017-07-22T01:43:20.278+0200: 4,634: Total time for which application threads were stopped: 0,0028769 seconds, Stopping threads took: 0,0026824 seconds
2017-07-22T01:43:20.279+0200: 4,635: Total time for which application threads were stopped: 0,0001845 seconds, Stopping threads took: 0,0000478 seconds
2017-07-22T01:43:20.287+0200: 4,643: Total time for which application threads were stopped: 0,0069327 seconds, Stopping threads took: 0,0068408 seconds
2017-07-22T01:43:20.294+0200: 4,649: Total time for which application threads were stopped: 0,0002337 seconds, Stopping threads took: 0,0000378 seconds
2017-07-22T01:43:20.295+0200: 4,651: Total time for which application threads were stopped: 0,0000984 seconds, Stopping threads took: 0,0000237 seconds
2017-07-22T01:43:20.314+0200: 4,670: Total time for which application threads were stopped: 0,0001376 seconds, Stopping threads took: 0,0000738 seconds
2017-07-22T01:43:20.314+0200: 4,670: Total time for which application threads were stopped: 0,0000728 seconds, Stopping threads took: 0,0000286 seconds
2017-07-22T01:43:20.315+0200: 4,671: Total time for which application threads were stopped: 0,0000630 seconds, Stopping threads took: 0,0000117 seconds
2017-07-22T01:43:20.315+0200: 4,671: Total time for which application threads were stopped: 0,0000437 seconds, Stopping threads took: 0,0000056 seconds
2017-07-22T01:43:20.315+0200: 4,671: Total time for which application threads were stopped: 0,0000432 seconds, Stopping threads took: 0,0000076 seconds
2017-07-22T01:43:20.315+0200: 4,671: Total time for which application threads were stopped: 0,0000389 seconds, Stopping threads took: 0,0000049 seconds
2017-07-22T01:43:20.316+0200: 4,671: Total time for which application threads were stopped: 0,0001554 seconds, Stopping threads took: 0,0000070 seconds
2017-07-22T01:43:20.317+0200: 4,673: Total time for which application threads were stopped: 0,0001408 seconds, Stopping threads took: 0,0000761 seconds
2017-07-22T01:43:20.318+0200: 4,674: Total time for which application threads were stopped: 0,0004311 seconds, Stopping threads took: 0,0000165 seconds
2017-07-22T01:43:20.324+0200: 4,679: Total time for which application threads were stopped: 0,0001963 seconds, Stopping threads took: 0,0000737 seconds
2017-07-22T01:43:20.324+0200: 4,680: Total time for which application threads were stopped: 0,0000821 seconds, Stopping threads took: 0,0000113 seconds
2017-07-22T01:43:20.326+0200: 4,682: Total time for which application threads were stopped: 0,0001555 seconds, Stopping threads took: 0,0000745 seconds
2017-07-22T01:43:20.326+0200: 4,682: Total time for which application threads were stopped: 0,0001238 seconds, Stopping threads took: 0,0000499 seconds
2017-07-22T01:43:20.332+0200: 4,688: Total time for which application threads were stopped: 0,0001509 seconds, Stopping threads took: 0,0000687 seconds
2017-07-22T01:43:20.346+0200: 4,702: Total time for which application threads were stopped: 0,0004218 seconds, Stopping threads took: 0,0000413 seconds
2017-07-22T01:43:20.346+0200: 4,702: Total time for which application threads were stopped: 0,0000666 seconds, Stopping threads took: 0,0000232 seconds
2017-07-22T01:43:20.347+0200: 4,703: Total time for which application threads were stopped: 0,0003062 seconds, Stopping threads took: 0,0002647 seconds
2017-07-22T01:43:20.347+0200: 4,703: Total time for which application threads were stopped: 0,0000785 seconds, Stopping threads took: 0,0000314 seconds
2017-07-22T01:43:20.347+0200: 4,703: Total time for which application threads were stopped: 0,0000461 seconds, Stopping threads took: 0,0000169 seconds
2017-07-22T01:43:20.348+0200: 4,704: Total time for which application threads were stopped: 0,0000680 seconds, Stopping threads took: 0,0000241 seconds
2017-07-22T01:43:20.349+0200: 4,705: Total time for which application threads were stopped: 0,0001777 seconds, Stopping threads took: 0,0001202 seconds
2017-07-22T01:43:20.349+0200: 4,705: Total time for which application threads were stopped: 0,0000400 seconds, Stopping threads took: 0,0000102 seconds
2017-07-22T01:43:20.349+0200: 4,705: Total time for which application threads were stopped: 0,0000666 seconds, Stopping threads took: 0,0000105 seconds
2017-07-22T01:43:20.349+0200: 4,705: Total time for which application threads were stopped: 0,0000696 seconds, Stopping threads took: 0,0000135 seconds
2017-07-22T01:43:20.350+0200: 4,705: Total time for which application threads were stopped: 0,0000767 seconds, Stopping threads took: 0,0000393 seconds
2017-07-22T01:43:20.350+0200: 4,705: Total time for which application threads were stopped: 0,0000401 seconds, Stopping threads took: 0,0000137 seconds
2017-07-22T01:43:20.350+0200: 4,706: Total time for which application threads were stopped: 0,0000388 seconds, Stopping threads took: 0,0000148 seconds
2017-07-22T01:43:20.350+0200: 4,706: Total time for which application threads were stopped: 0,0000696 seconds, Stopping threads took: 0,0000304 seconds
2017-07-22T01:43:20.350+0200: 4,706: Total time for which application threads were stopped: 0,0000361 seconds, Stopping threads took: 0,0000097 seconds
2017-07-22T01:43:20.350+0200: 4,706: Total time for which application threads were stopped: 0,0001198 seconds, Stopping threads took: 0,0000173 seconds
2017-07-22T01:43:20.366+0200: 4,722: Total time for which application threads were stopped: 0,0001762 seconds, Stopping threads took: 0,0000396 seconds
2017-07-22T01:43:20.367+0200: 4,723: Total time for which application threads were stopped: 0,0001149 seconds, Stopping threads took: 0,0000394 seconds
2017-07-22T01:43:20.372+0200: 4,728: Total time for which application threads were stopped: 0,0003389 seconds, Stopping threads took: 0,0002618 seconds
2017-07-22T01:43:20.388+0200: 4,744: Total time for which application threads were stopped: 0,0000750 seconds, Stopping threads took: 0,0000248 seconds
2017-07-22T01:43:20.392+0200: 4,747: Total time for which application threads were stopped: 0,0001510 seconds, Stopping threads took: 0,0000569 seconds
2017-07-22T01:43:20.392+0200: 4,748: Total time for which application threads were stopped: 0,0001290 seconds, Stopping threads took: 0,0000537 seconds
2017-07-22T01:43:20.394+0200: 4,750: Total time for which application threads were stopped: 0,0001292 seconds, Stopping threads took: 0,0000392 seconds
2017-07-22T01:43:20.399+0200: 4,754: Total time for which application threads were stopped: 0,0001175 seconds, Stopping threads took: 0,0000499 seconds
2017-07-22T01:43:20.402+0200: 4,758: Total time for which application threads were stopped: 0,0001286 seconds, Stopping threads took: 0,0000215 seconds
2017-07-22T01:43:20.407+0200: 4,763: Total time for which application threads were stopped: 0,0001537 seconds, Stopping threads took: 0,0000931 seconds
{Heap before GC invocations=6 (full 1):
 par new generation   total 109248K, used 100127K [0x00000000e0000000, 0x00000000e8000000, 0x00000000e8000000)
  eden space 87424K, 100% used [0x00000000e0000000, 0x00000000e5560000, 0x00000000e5560000)
  from space 21824K,  58% used [0x00000000e5560000, 0x00000000e61c7f00, 0x00000000e6ab0000)
  to   space 21824K,   0% used [0x00000000e6ab0000, 0x00000000e6ab0000, 0x00000000e8000000)
 concurrent mark-sweep generation total 393216K, used 0K [0x00000000e8000000, 0x0000000100000000, 0x0000000100000000)
 Metaspace       used 24001K, capacity 24449K, committed 24572K, reserved 1071104K
  class space    used 2830K, capacity 3007K, committed 3068K, reserved 1048576K
2017-07-22T01:43:20.545+0200: 4,901: [GC (Allocation Failure) 2017-07-22T01:43:20.545+0200: 4,901: [ParNew
Desired survivor size 20112992 bytes, new threshold 8 (max 8)
- age   1:    5465520 bytes,    5465520 total
- age   2:     145608 bytes,    5611128 total
- age   3:       5936 bytes,    5617064 total
- age   4:     190992 bytes,    5808056 total
- age   5:     277696 bytes,    6085752 total
- age   6:     789768 bytes,    6875520 total
- age   7:    6658208 bytes,   13533728 total
: 100127K->14520K(109248K), 0,0284657 secs] 100127K->14520K(502464K), 0,0285826 secs] [Times: user=0,06 sys=0,00, real=0,03 secs] 
Heap after GC invocations=7 (full 1):
 par new generation   total 109248K, used 14520K [0x00000000e0000000, 0x00000000e8000000, 0x00000000e8000000)
  eden space 87424K,   0% used [0x00000000e0000000, 0x00000000e0000000, 0x00000000e5560000)
  from space 21824K,  66% used [0x00000000e6ab0000, 0x00000000e78de1e0, 0x00000000e8000000)
  to   space 21824K,   0% used [0x00000000e5560000, 0x00000000e5560000, 0x00000000e6ab0000)
 concurrent mark-sweep generation total 393216K, used 0K [0x00000000e8000000, 0x0000000100000000, 0x0000000100000000)
 Metaspace       used 24001K, capacity 24449K, committed 24572K, reserved 1071104K
  class space    used 2830K, capacity 3007K, committed 3068K, reserved 1048576K
}
2017-07-22T01:43:20.574+0200: 4,930: Total time for which application threads were stopped: 0,0288146 seconds, Stopping threads took: 0,0000451 seconds
2017-07-22T01:43:20.583+0200: 4,939: Total time for which application threads were stopped: 0,0040738 seconds, Stopping threads took: 0,0039548 seconds
2017-07-22T01:43:20.583+0200: 4,939: Total time for which application threads were stopped: 0,0001573 seconds, Stopping threads took: 0,0000754 seconds
{Heap before GC invocations=7 (full 1):
 par new generation   total 109248K, used 101944K [0x00000000e0000000, 0x00000000e8000000, 0x00000000e8000000)
  eden space 87424K, 100% used [0x00000000e0000000, 0x00000000e5560000, 0x00000000e5560000)
  from space 21824K,  66% used [0x00000000e6ab0000, 0x00000000e78de1e0, 0x00000000e8000000)
  to   space 21824K,   0% used [0x00000000e5560000, 0x00000000e5560000, 0x00000000e6ab0000)
 concurrent mark-sweep generation total 393216K, used 0K [0x00000000e8000000, 0x0000000100000000, 0x0000000100000000)
 Metaspace       used 24495K, capacity 24951K, committed 25084K, reserved 1071104K
  class space    used 2860K, capacity 3043K, committed 3068K, reserved 1048576K
2017-07-22T01:43:20.791+0200: 5,147: [GC (Allocation Failure) 2017-07-22T01:43:20.791+0200: 5,147: [ParNew
Desired survivor size 20112992 bytes, new threshold 8 (max 8)
- age   1:    2070280 bytes,    2070280 total
- age   2:    1818600 bytes,    3888880 total
- age   3:      59688 bytes,    3948568 total
- age   4:       5936 bytes,    3954504 total
- age   5:     103992 bytes,    4058496 total
- age   6:     179176 bytes,    4237672 total
- age   7:     746800 bytes,    4984472 total
- age   8:    6125040 bytes,   11109512 total
: 101944K->16683K(109248K), 0,0169475 secs] 101944K->16683K(502464K), 0,0170292 secs] [Times: user=0,05 sys=0,00, real=0,01 secs] 
Heap after GC invocations=8 (full 1):
 par new generation   total 109248K, used 16683K [0x00000000e0000000, 0x00000000e8000000, 0x00000000e8000000)
  eden space 87424K,   0% used [0x00000000e0000000, 0x00000000e0000000, 0x00000000e5560000)
  from space 21824K,  76% used [0x00000000e5560000, 0x00000000e65aae10, 0x00000000e6ab0000)
  to   space 21824K,   0% used [0x00000000e6ab0000, 0x00000000e6ab0000, 0x00000000e8000000)
 concurrent mark-sweep generation total 393216K, used 0K [0x00000000e8000000, 0x0000000100000000, 0x0000000100000000)
 Metaspace       used 24495K, capacity 24951K, committed 25084K, reserved 1071104K
  class space    used 2860K, capacity 3043K, committed 3068K, reserved 1048576K
}
2017-07-22T01:43:20.808+0200: 5,164: Total time for which application threads were stopped: 0,0173013 seconds, Stopping threads took: 0,0000417 seconds
2017-07-22T01:43:20.810+0200: 5,166: Total time for which application threads were stopped: 0,0019195 seconds, Stopping threads took: 0,0018641 seconds
2017-07-22T01:43:20.814+0200: 5,169: Total time for which application threads were stopped: 0,0001744 seconds, Stopping threads took: 0,0000796 seconds
2017-07-22T01:43:20.814+0200: 5,169: Total time for which application threads were stopped: 0,0000532 seconds, Stopping threads took: 0,0000107 seconds
{Heap before GC invocations=8 (full 1):
 par new generation   total 109248K, used 104107K [0x00000000e0000000, 0x00000000e8000000, 0x00000000e8000000)
  eden space 87424K, 100% used [0x00000000e0000000, 0x00000000e5560000, 0x00000000e5560000)
  from space 21824K,  76% used [0x00000000e5560000, 0x00000000e65aae10, 0x00000000e6ab0000)
  to   space 21824K,   0% used [0x00000000e6ab0000, 0x00000000e6ab0000, 0x00000000e8000000)
 concurrent mark-sweep generation total 393216K, used 0K [0x00000000e8000000, 0x0000000100000000, 0x0000000100000000)
 Metaspace       used 25005K, capacity 25441K, committed 25724K, reserved 1071104K
  class space    used 2905K, capacity 3077K, committed 3196K, reserved 1048576K
2017-07-22T01:43:20.934+0200: 5,290: [GC (Allocation Failure) 2017-07-22T01:43:20.934+0200: 5,290: [ParNew
Desired survivor size 20112992 bytes, new threshold 8 (max 8)
- age   1:    1139968 bytes,    1139968 total
- age   2:     618432 bytes,    1758400 total
- age   3:    1784160 bytes,    3542560 total
- age   4:      59528 bytes,    3602088 total
- age   5:       5936 bytes,    3608024 total
- age   6:     101352 bytes,    3709376 total
- age   7:     178712 bytes,    3888088 total
- age   8:     746128 bytes,    4634216 total
: 104107K->6866K(109248K), 0,0648011 secs] 104107K->13452K(502464K), 0,0648862 secs] [Times: user=0,10 sys=0,00, real=0,07 secs] 
Heap after GC invocations=9 (full 1):
 par new generation   total 109248K, used 6866K [0x00000000e0000000, 0x00000000e8000000, 0x00000000e8000000)
  eden space 87424K,   0% used [0x00000000e0000000, 0x00000000e0000000, 0x00000000e5560000)
  from space 21824K,  31% used [0x00000000e6ab0000, 0x00000000e7164838, 0x00000000e8000000)
  to   space 21824K,   0% used [0x00000000e5560000, 0x00000000e5560000, 0x00000000e6ab0000)
 concurrent mark-sweep generation total 393216K, used 6586K [0x00000000e8000000, 0x0000000100000000, 0x0000000100000000)
 Metaspace       used 25005K, capacity 25441K, committed 25724K, reserved 1071104K
  class space    used 2905K, capacity 3077K, committed 3196K, reserved 1048576K
}
2017-07-22T01:43:20.999+0200: 5,355: Total time for which application threads were stopped: 0,0732391 seconds, Stopping threads took: 0,0081308 seconds
2017-07-22T01:43:21.137+0200: 5,492: Total time for which application threads were stopped: 0,0062772 seconds, Stopping threads took: 0,0061354 seconds
2017-07-22T01:43:21.140+0200: 5,495: Total time for which application threads were stopped: 0,0001593 seconds, Stopping threads took: 0,0000618 seconds
2017-07-22T01:43:21.145+0200: 5,501: Total time for which application threads were stopped: 0,0001875 seconds, Stopping threads took: 0,0000724 seconds
2017-07-22T01:43:21.154+0200: 5,510: Total time for which application threads were stopped: 0,0002371 seconds, Stopping threads took: 0,0001643 seconds
2017-07-22T01:43:21.157+0200: 5,513: Total time for which application threads were stopped: 0,0003806 seconds, Stopping threads took: 0,0002744 seconds
2017-07-22T01:43:21.179+0200: 5,535: Total time for which application threads were stopped: 0,0001862 seconds, Stopping threads took: 0,0000543 seconds
2017-07-22T01:43:21.186+0200: 5,542: Total time for which application threads were stopped: 0,0001518 seconds, Stopping threads took: 0,0000521 seconds
2017-07-22T01:43:21.199+0200: 5,555: Total time for which application threads were stopped: 0,0001261 seconds, Stopping threads took: 0,0000242 seconds
2017-07-22T01:43:21.199+0200: 5,555: Total time for which application threads were stopped: 0,0000838 seconds, Stopping threads took: 0,0000271 seconds
2017-07-22T01:43:21.242+0200: 5,598: Total time for which application threads were stopped: 0,0001511 seconds, Stopping threads took: 0,0000438 seconds
2017-07-22T01:43:21.264+0200: 5,619: Total time for which application threads were stopped: 0,0082608 seconds, Stopping threads took: 0,0077835 seconds
2017-07-22T01:43:21.266+0200: 5,621: Total time for which application threads were stopped: 0,0001220 seconds, Stopping threads took: 0,0000259 seconds
2017-07-22T01:43:21.331+0200: 5,687: Total time for which application threads were stopped: 0,0011848 seconds, Stopping threads took: 0,0010863 seconds
2017-07-22T01:43:21.340+0200: 5,696: Total time for which application threads were stopped: 0,0005532 seconds, Stopping threads took: 0,0000510 seconds
2017-07-22T01:43:21.359+0200: 5,715: Total time for which application threads were stopped: 0,0004738 seconds, Stopping threads took: 0,0000290 seconds
2017-07-22T01:43:21.445+0200: 5,801: Total time for which application threads were stopped: 0,0005355 seconds, Stopping threads took: 0,0000578 seconds
2017-07-22T01:43:21.477+0200: 5,833: Total time for which application threads were stopped: 0,0061102 seconds, Stopping threads took: 0,0060190 seconds
2017-07-22T01:43:21.477+0200: 5,833: Total time for which application threads were stopped: 0,0002116 seconds, Stopping threads took: 0,0001535 seconds
2017-07-22T01:43:21.490+0200: 5,846: Total time for which application threads were stopped: 0,0055681 seconds, Stopping threads took: 0,0053801 seconds
2017-07-22T01:43:21.508+0200: 5,863: Total time for which application threads were stopped: 0,0001387 seconds, Stopping threads took: 0,0000260 seconds
2017-07-22T01:43:21.508+0200: 5,864: Total time for which application threads were stopped: 0,0001029 seconds, Stopping threads took: 0,0000193 seconds
2017-07-22T01:43:21.512+0200: 5,868: Total time for which application threads were stopped: 0,0001458 seconds, Stopping threads took: 0,0000516 seconds
2017-07-22T01:43:21.539+0200: 5,895: Total time for which application threads were stopped: 0,0001472 seconds, Stopping threads took: 0,0000461 seconds
2017-07-22T01:43:21.559+0200: 5,914: Total time for which application threads were stopped: 0,0001743 seconds, Stopping threads took: 0,0000634 seconds
2017-07-22T01:43:21.561+0200: 5,917: Total time for which application threads were stopped: 0,0001616 seconds, Stopping threads took: 0,0000412 seconds
2017-07-22T01:43:21.602+0200: 5,958: Total time for which application threads were stopped: 0,0067508 seconds, Stopping threads took: 0,0066289 seconds
2017-07-22T01:43:21.612+0200: 5,968: Total time for which application threads were stopped: 0,0001300 seconds, Stopping threads took: 0,0000550 seconds
2017-07-22T01:43:21.627+0200: 5,983: Total time for which application threads were stopped: 0,0004937 seconds, Stopping threads took: 0,0000424 seconds
2017-07-22T01:43:21.663+0200: 6,019: Total time for which application threads were stopped: 0,0001107 seconds, Stopping threads took: 0,0000358 seconds
2017-07-22T01:43:22.663+0200: 7,019: Total time for which application threads were stopped: 0,0000779 seconds, Stopping threads took: 0,0000191 seconds
2017-07-22T01:45:13.263+0200: 118,033: Total time for which application threads were stopped: 0,0001449 seconds, Stopping threads took: 0,0000599 seconds
2017-07-22T01:45:18.264+0200: 123,033: Total time for which application threads were stopped: 0,0001077 seconds, Stopping threads took: 0,0000250 seconds
{Heap before GC invocations=9 (full 1):
 par new generation   total 109248K, used 94290K [0x00000000e0000000, 0x00000000e8000000, 0x00000000e8000000)
  eden space 87424K, 100% used [0x00000000e0000000, 0x00000000e5560000, 0x00000000e5560000)
  from space 21824K,  31% used [0x00000000e6ab0000, 0x00000000e7164838, 0x00000000e8000000)
  to   space 21824K,   0% used [0x00000000e5560000, 0x00000000e5560000, 0x00000000e6ab0000)
 concurrent mark-sweep generation total 393216K, used 6586K [0x00000000e8000000, 0x0000000100000000, 0x0000000100000000)
 Metaspace       used 28064K, capacity 28551K, committed 28796K, reserved 1075200K
  class space    used 3209K, capacity 3384K, committed 3452K, reserved 1048576K
2017-07-22T01:46:11.492+0200: 176,262: [GC (Allocation Failure) 2017-07-22T01:46:11.493+0200: 176,262: [ParNew
Desired survivor size 20112992 bytes, new threshold 8 (max 8)
- age   1:   10691064 bytes,   10691064 total
- age   2:     303960 bytes,   10995024 total
- age   3:     228272 bytes,   11223296 total
- age   4:    1777168 bytes,   13000464 total
- age   5:      59528 bytes,   13059992 total
- age   6:       5936 bytes,   13065928 total
- age   7:     101224 bytes,   13167152 total
- age   8:     178616 bytes,   13345768 total
: 94290K->14648K(109248K), 0,0268676 secs] 100876K->21975K(502464K), 0,0270303 secs] [Times: user=0,06 sys=0,00, real=0,03 secs] 
Heap after GC invocations=10 (full 1):
 par new generation   total 109248K, used 14648K [0x00000000e0000000, 0x00000000e8000000, 0x00000000e8000000)
  eden space 87424K,   0% used [0x00000000e0000000, 0x00000000e0000000, 0x00000000e5560000)
  from space 21824K,  67% used [0x00000000e5560000, 0x00000000e63ae3b8, 0x00000000e6ab0000)
  to   space 21824K,   0% used [0x00000000e6ab0000, 0x00000000e6ab0000, 0x00000000e8000000)
 concurrent mark-sweep generation total 393216K, used 7326K [0x00000000e8000000, 0x0000000100000000, 0x0000000100000000)
 Metaspace       used 28064K, capacity 28551K, committed 28796K, reserved 1075200K
  class space    used 3209K, capacity 3384K, committed 3452K, reserved 1048576K
}
2017-07-22T01:46:11.520+0200: 176,289: Total time for which application threads were stopped: 0,0275566 seconds, Stopping threads took: 0,0002141 seconds
2017-07-22T01:46:11.524+0200: 176,294: Total time for which application threads were stopped: 0,0001106 seconds, Stopping threads took: 0,0000423 seconds
2017-07-22T01:46:11.524+0200: 176,294: Total time for which application threads were stopped: 0,0000819 seconds, Stopping threads took: 0,0000284 seconds
2017-07-22T01:46:16.525+0200: 181,295: Total time for which application threads were stopped: 0,0001254 seconds, Stopping threads took: 0,0000366 seconds
2017-07-22T01:47:51.537+0200: 276,307: Total time for which application threads were stopped: 0,0001842 seconds, Stopping threads took: 0,0000725 seconds
2017-07-22T02:02:06.479+0200: 1131,249: Total time for which application threads were stopped: 0,0119978 seconds, Stopping threads took: 0,0118653 seconds
2017-07-22T02:02:06.486+0200: 1131,256: Total time for which application threads were stopped: 0,0001037 seconds, Stopping threads took: 0,0000170 seconds
2017-07-22T02:02:06.487+0200: 1131,257: Total time for which application threads were stopped: 0,0001260 seconds, Stopping threads took: 0,0000307 seconds
2017-07-22T02:02:06.496+0200: 1131,266: Total time for which application threads were stopped: 0,0017702 seconds, Stopping threads took: 0,0016819 seconds
2017-07-22T02:02:06.500+0200: 1131,270: Total time for which application threads were stopped: 0,0008798 seconds, Stopping threads took: 0,0008020 seconds
2017-07-22T02:02:06.501+0200: 1131,271: Total time for which application threads were stopped: 0,0000962 seconds, Stopping threads took: 0,0000266 seconds
2017-07-22T02:02:06.501+0200: 1131,271: Total time for which application threads were stopped: 0,0000821 seconds, Stopping threads took: 0,0000301 seconds
2017-07-22T02:02:06.502+0200: 1131,272: Total time for which application threads were stopped: 0,0000799 seconds, Stopping threads took: 0,0000214 seconds
2017-07-22T02:02:06.502+0200: 1131,272: Total time for which application threads were stopped: 0,0000579 seconds, Stopping threads took: 0,0000145 seconds
2017-07-22T02:02:06.502+0200: 1131,272: Total time for which application threads were stopped: 0,0000666 seconds, Stopping threads took: 0,0000142 seconds
2017-07-22T02:02:06.503+0200: 1131,273: Total time for which application threads were stopped: 0,0000575 seconds, Stopping threads took: 0,0000143 seconds
2017-07-22T02:02:06.503+0200: 1131,273: Total time for which application threads were stopped: 0,0000489 seconds, Stopping threads took: 0,0000148 seconds
2017-07-22T02:02:06.503+0200: 1131,273: Total time for which application threads were stopped: 0,0000465 seconds, Stopping threads took: 0,0000138 seconds
2017-07-22T02:02:06.503+0200: 1131,273: Total time for which application threads were stopped: 0,0000473 seconds, Stopping threads took: 0,0000139 seconds
2017-07-22T02:02:06.503+0200: 1131,273: Total time for which application threads were stopped: 0,0000433 seconds, Stopping threads took: 0,0000131 seconds
2017-07-22T02:02:06.503+0200: 1131,273: Total time for which application threads were stopped: 0,0000419 seconds, Stopping threads took: 0,0000118 seconds
2017-07-22T02:02:06.505+0200: 1131,274: Total time for which application threads were stopped: 0,0002834 seconds, Stopping threads took: 0,0002109 seconds
2017-07-22T02:02:06.505+0200: 1131,275: Total time for which application threads were stopped: 0,0000827 seconds, Stopping threads took: 0,0000206 seconds
2017-07-22T02:02:06.505+0200: 1131,275: Total time for which application threads were stopped: 0,0000770 seconds, Stopping threads took: 0,0000180 seconds
2017-07-22T02:02:06.505+0200: 1131,275: Total time for which application threads were stopped: 0,0000618 seconds, Stopping threads took: 0,0000139 seconds
2017-07-22T02:02:06.505+0200: 1131,275: Total time for which application threads were stopped: 0,0000647 seconds, Stopping threads took: 0,0000165 seconds
2017-07-22T02:02:06.505+0200: 1131,275: Total time for which application threads were stopped: 0,0000594 seconds, Stopping threads took: 0,0000141 seconds
2017-07-22T02:02:06.505+0200: 1131,275: Total time for which application threads were stopped: 0,0000532 seconds, Stopping threads took: 0,0000148 seconds
2017-07-22T02:02:06.505+0200: 1131,275: Total time for which application threads were stopped: 0,0000553 seconds, Stopping threads took: 0,0000121 seconds
2017-07-22T02:02:06.505+0200: 1131,275: Total time for which application threads were stopped: 0,0000538 seconds, Stopping threads took: 0,0000123 seconds
2017-07-22T02:02:06.506+0200: 1131,275: Total time for which application threads were stopped: 0,0000532 seconds, Stopping threads took: 0,0000130 seconds
2017-07-22T02:02:06.506+0200: 1131,276: Total time for which application threads were stopped: 0,0000513 seconds, Stopping threads took: 0,0000125 seconds
2017-07-22T02:02:06.506+0200: 1131,276: Total time for which application threads were stopped: 0,0000494 seconds, Stopping threads took: 0,0000122 seconds
2017-07-22T02:02:06.506+0200: 1131,276: Total time for which application threads were stopped: 0,0000521 seconds, Stopping threads took: 0,0000124 seconds
2017-07-22T02:02:06.506+0200: 1131,276: Total time for which application threads were stopped: 0,0000496 seconds, Stopping threads took: 0,0000136 seconds
2017-07-22T02:02:06.506+0200: 1131,276: Total time for which application threads were stopped: 0,0000481 seconds, Stopping threads took: 0,0000129 seconds
2017-07-22T02:02:06.506+0200: 1131,276: Total time for which application threads were stopped: 0,0000493 seconds, Stopping threads took: 0,0000138 seconds
2017-07-22T02:02:06.536+0200: 1131,306: Total time for which application threads were stopped: 0,0043144 seconds, Stopping threads took: 0,0042191 seconds
2017-07-22T02:02:06.537+0200: 1131,307: Total time for which application threads were stopped: 0,0000988 seconds, Stopping threads took: 0,0000215 seconds
2017-07-22T02:02:06.538+0200: 1131,308: Total time for which application threads were stopped: 0,0008110 seconds, Stopping threads took: 0,0007341 seconds
2017-07-22T02:02:06.541+0200: 1131,311: Total time for which application threads were stopped: 0,0000881 seconds, Stopping threads took: 0,0000267 seconds
2017-07-22T02:02:06.541+0200: 1131,311: Total time for which application threads were stopped: 0,0000600 seconds, Stopping threads took: 0,0000140 seconds
2017-07-22T02:02:06.542+0200: 1131,311: Total time for which application threads were stopped: 0,0000463 seconds, Stopping threads took: 0,0000146 seconds
2017-07-22T02:02:06.544+0200: 1131,313: Total time for which application threads were stopped: 0,0001084 seconds, Stopping threads took: 0,0000343 seconds
2017-07-22T02:02:06.544+0200: 1131,313: Total time for which application threads were stopped: 0,0000464 seconds, Stopping threads took: 0,0000130 seconds
2017-07-22T02:02:06.544+0200: 1131,314: Total time for which application threads were stopped: 0,0000472 seconds, Stopping threads took: 0,0000146 seconds
2017-07-22T02:02:06.544+0200: 1131,314: Total time for which application threads were stopped: 0,0000872 seconds, Stopping threads took: 0,0000189 seconds
2017-07-22T02:02:06.544+0200: 1131,314: Total time for which application threads were stopped: 0,0000496 seconds, Stopping threads took: 0,0000132 seconds
2017-07-22T02:02:06.544+0200: 1131,314: Total time for which application threads were stopped: 0,0001884 seconds, Stopping threads took: 0,0000117 seconds
2017-07-22T02:02:06.544+0200: 1131,314: Total time for which application threads were stopped: 0,0000545 seconds, Stopping threads took: 0,0000174 seconds
2017-07-22T02:02:06.544+0200: 1131,314: Total time for which application threads were stopped: 0,0000451 seconds, Stopping threads took: 0,0000127 seconds
2017-07-22T02:02:06.545+0200: 1131,314: Total time for which application threads were stopped: 0,0001770 seconds, Stopping threads took: 0,0000124 seconds
2017-07-22T02:02:06.553+0200: 1131,323: Total time for which application threads were stopped: 0,0078857 seconds, Stopping threads took: 0,0078145 seconds
2017-07-22T02:02:06.554+0200: 1131,324: Total time for which application threads were stopped: 0,0000920 seconds, Stopping threads took: 0,0000240 seconds
2017-07-22T02:02:06.558+0200: 1131,328: Total time for which application threads were stopped: 0,0021720 seconds, Stopping threads took: 0,0020784 seconds
2017-07-22T02:02:06.558+0200: 1131,328: Total time for which application threads were stopped: 0,0000772 seconds, Stopping threads took: 0,0000152 seconds
2017-07-22T02:02:06.559+0200: 1131,328: Total time for which application threads were stopped: 0,0000419 seconds, Stopping threads took: 0,0000058 seconds
2017-07-22T02:02:06.561+0200: 1131,331: Total time for which application threads were stopped: 0,0001078 seconds, Stopping threads took: 0,0000430 seconds
2017-07-22T02:02:06.561+0200: 1131,331: Total time for which application threads were stopped: 0,0000607 seconds, Stopping threads took: 0,0000268 seconds
2017-07-22T02:02:06.562+0200: 1131,331: Total time for which application threads were stopped: 0,0000894 seconds, Stopping threads took: 0,0000561 seconds
2017-07-22T02:02:06.562+0200: 1131,332: Total time for which application threads were stopped: 0,0000531 seconds, Stopping threads took: 0,0000217 seconds
2017-07-22T02:02:06.562+0200: 1131,332: Total time for which application threads were stopped: 0,0000670 seconds, Stopping threads took: 0,0000320 seconds
2017-07-22T02:02:06.562+0200: 1131,332: Total time for which application threads were stopped: 0,0000544 seconds, Stopping threads took: 0,0000234 seconds
2017-07-22T02:02:06.562+0200: 1131,332: Total time for which application threads were stopped: 0,0003819 seconds, Stopping threads took: 0,0003374 seconds
2017-07-22T02:02:06.563+0200: 1131,333: Total time for which application threads were stopped: 0,0000778 seconds, Stopping threads took: 0,0000367 seconds
2017-07-22T02:02:06.563+0200: 1131,333: Total time for which application threads were stopped: 0,0000587 seconds, Stopping threads took: 0,0000229 seconds
2017-07-22T02:02:06.563+0200: 1131,333: Total time for which application threads were stopped: 0,0000554 seconds, Stopping threads took: 0,0000199 seconds
2017-07-22T02:02:06.563+0200: 1131,333: Total time for which application threads were stopped: 0,0000653 seconds, Stopping threads took: 0,0000310 seconds
2017-07-22T02:02:06.563+0200: 1131,333: Total time for which application threads were stopped: 0,0000564 seconds, Stopping threads took: 0,0000249 seconds
2017-07-22T02:02:06.563+0200: 1131,333: Total time for which application threads were stopped: 0,0000526 seconds, Stopping threads took: 0,0000215 seconds
2017-07-22T02:02:06.564+0200: 1131,333: Total time for which application threads were stopped: 0,0000615 seconds, Stopping threads took: 0,0000251 seconds
2017-07-22T02:02:06.564+0200: 1131,334: Total time for which application threads were stopped: 0,0000526 seconds, Stopping threads took: 0,0000208 seconds
2017-07-22T02:02:06.564+0200: 1131,334: Total time for which application threads were stopped: 0,0000472 seconds, Stopping threads took: 0,0000158 seconds
2017-07-22T02:02:06.564+0200: 1131,334: Total time for which application threads were stopped: 0,0000727 seconds, Stopping threads took: 0,0000382 seconds
2017-07-22T02:02:06.564+0200: 1131,334: Total time for which application threads were stopped: 0,0001859 seconds, Stopping threads took: 0,0000288 seconds
2017-07-22T02:02:06.568+0200: 1131,338: Total time for which application threads were stopped: 0,0017435 seconds, Stopping threads took: 0,0016485 seconds
2017-07-22T02:02:06.569+0200: 1131,339: Total time for which application threads were stopped: 0,0001041 seconds, Stopping threads took: 0,0000333 seconds
2017-07-22T02:02:06.569+0200: 1131,339: Total time for which application threads were stopped: 0,0000871 seconds, Stopping threads took: 0,0000193 seconds
Heap
 par new generation   total 109248K, used 34724K [0x00000000e0000000, 0x00000000e8000000, 0x00000000e8000000)
  eden space 87424K,  22% used [0x00000000e0000000, 0x00000000e139ae30, 0x00000000e5560000)
  from space 21824K,  67% used [0x00000000e5560000, 0x00000000e63ae3b8, 0x00000000e6ab0000)
  to   space 21824K,   0% used [0x00000000e6ab0000, 0x00000000e6ab0000, 0x00000000e8000000)
 concurrent mark-sweep generation total 393216K, used 7326K [0x00000000e8000000, 0x0000000100000000, 0x0000000100000000)
 Metaspace       used 28176K, capacity 28719K, committed 29052K, reserved 1075200K
  class space    used 3223K, capacity 3418K, committed 3452K, reserved 1048576K
