OpenJDK 64-Bit Server VM (25.111-b14) for linux-amd64 JRE (1.8.0_111-8u111-b14-2ubuntu0.16.04.2-b14), built on Oct 27 2016 18:10:19 by "buildd" with gcc 5.4.0 20160609
Memory: 4k page, physical 7867840k(7534852k free), swap 8076284k(8076284k free)
CommandLine flags: -XX:CMSInitiatingOccupancyFraction=50 -XX:CMSMaxAbortablePrecleanTime=6000 -XX:+CMSParallelRemarkEnabled -XX:+CMSScavengeBeforeRemark -XX:ConcGCThreads=4 -XX:InitialHeapSize=536870912 -XX:MaxHeapSize=536870912 -XX:MaxTenuringThreshold=8 -XX:NewRatio=3 -XX:OldPLABSize=16 -XX:OnOutOfMemoryError=/opt/solr/bin/oom_solr.sh 8983 /var/solr/logs -XX:ParallelGCThreads=4 -XX:+ParallelRefProcEnabled -XX:PretenureSizeThreshold=67108864 -XX:+PrintGC -XX:+PrintGCApplicationStoppedTime -XX:+PrintGCDateStamps -XX:+PrintGCDetails -XX:+PrintGCTimeStamps -XX:+PrintHeapAtGC -XX:+PrintTenuringDistribution -XX:SurvivorRatio=4 -XX:TargetSurvivorRatio=90 -XX:ThreadStackSize=256 -XX:+UseCMSInitiatingOccupancyOnly -XX:+UseCompressedClassPointers -XX:+UseCompressedOops -XX:+UseConcMarkSweepGC -XX:+UseParNewGC 
2016-12-16T15:54:09.487+0100: 0,115: Total time for which application threads were stopped: 0,0000884 seconds, Stopping threads took: 0,0000151 seconds
2016-12-16T15:54:09.553+0100: 0,180: Total time for which application threads were stopped: 0,0000812 seconds, Stopping threads took: 0,0000089 seconds
2016-12-16T15:54:09.563+0100: 0,190: Total time for which application threads were stopped: 0,0001403 seconds, Stopping threads took: 0,0000364 seconds
2016-12-16T15:54:09.678+0100: 0,305: Total time for which application threads were stopped: 0,0001261 seconds, Stopping threads took: 0,0000239 seconds
2016-12-16T15:54:09.831+0100: 0,458: Total time for which application threads were stopped: 0,0001052 seconds, Stopping threads took: 0,0000086 seconds
2016-12-16T15:54:09.871+0100: 0,498: Total time for which application threads were stopped: 0,0001474 seconds, Stopping threads took: 0,0000213 seconds
2016-12-16T15:54:09.883+0100: 0,510: Total time for which application threads were stopped: 0,0001835 seconds, Stopping threads took: 0,0000267 seconds
2016-12-16T15:54:10.111+0100: 0,738: Total time for which application threads were stopped: 0,0002065 seconds, Stopping threads took: 0,0000181 seconds
2016-12-16T15:54:10.273+0100: 0,900: Total time for which application threads were stopped: 0,0002027 seconds, Stopping threads took: 0,0000206 seconds
2016-12-16T15:54:10.292+0100: 0,919: Total time for which application threads were stopped: 0,0001830 seconds, Stopping threads took: 0,0000170 seconds
2016-12-16T15:54:10.293+0100: 0,920: Total time for which application threads were stopped: 0,0001071 seconds, Stopping threads took: 0,0000175 seconds
2016-12-16T15:54:10.304+0100: 0,931: Total time for which application threads were stopped: 0,0001585 seconds, Stopping threads took: 0,0000110 seconds
2016-12-16T15:54:10.387+0100: 1,014: Total time for which application threads were stopped: 0,0002490 seconds, Stopping threads took: 0,0000275 seconds
2016-12-16T15:54:10.569+0100: 1,196: Total time for which application threads were stopped: 0,0002276 seconds, Stopping threads took: 0,0000209 seconds
{Heap before GC invocations=0 (full 0):
 par new generation   total 109248K, used 87424K [0x00000000e0000000, 0x00000000e8000000, 0x00000000e8000000)
  eden space 87424K, 100% used [0x00000000e0000000, 0x00000000e5560000, 0x00000000e5560000)
  from space 21824K,   0% used [0x00000000e5560000, 0x00000000e5560000, 0x00000000e6ab0000)
  to   space 21824K,   0% used [0x00000000e6ab0000, 0x00000000e6ab0000, 0x00000000e8000000)
 concurrent mark-sweep generation total 393216K, used 0K [0x00000000e8000000, 0x0000000100000000, 0x0000000100000000)
 Metaspace       used 17949K, capacity 18238K, committed 18304K, reserved 1064960K
  class space    used 2044K, capacity 2162K, committed 2176K, reserved 1048576K
2016-12-16T15:54:10.780+0100: 1,407: [GC (Allocation Failure) 2016-12-16T15:54:10.780+0100: 1,407: [ParNew
Desired survivor size 20112992 bytes, new threshold 8 (max 8)
- age   1:   12035824 bytes,   12035824 total
: 87424K->11873K(109248K), 0,0822224 secs] 87424K->11873K(502464K), 0,0823259 secs] [Times: user=0,04 sys=0,01, real=0,08 secs] 
Heap after GC invocations=1 (full 0):
 par new generation   total 109248K, used 11873K [0x00000000e0000000, 0x00000000e8000000, 0x00000000e8000000)
  eden space 87424K,   0% used [0x00000000e0000000, 0x00000000e0000000, 0x00000000e5560000)
  from space 21824K,  54% used [0x00000000e6ab0000, 0x00000000e7648408, 0x00000000e8000000)
  to   space 21824K,   0% used [0x00000000e5560000, 0x00000000e5560000, 0x00000000e6ab0000)
 concurrent mark-sweep generation total 393216K, used 0K [0x00000000e8000000, 0x0000000100000000, 0x0000000100000000)
 Metaspace       used 17949K, capacity 18238K, committed 18304K, reserved 1064960K
  class space    used 2044K, capacity 2162K, committed 2176K, reserved 1048576K
}
2016-12-16T15:54:10.863+0100: 1,490: Total time for which application threads were stopped: 0,0826101 seconds, Stopping threads took: 0,0000247 seconds
2016-12-16T15:54:11.292+0100: 1,919: Total time for which application threads were stopped: 0,0010994 seconds, Stopping threads took: 0,0000356 seconds
2016-12-16T15:54:11.330+0100: 1,957: Total time for which application threads were stopped: 0,0007146 seconds, Stopping threads took: 0,0000441 seconds
2016-12-16T15:54:11.364+0100: 1,991: Total time for which application threads were stopped: 0,0002952 seconds, Stopping threads took: 0,0000409 seconds
{Heap before GC invocations=1 (full 0):
 par new generation   total 109248K, used 99297K [0x00000000e0000000, 0x00000000e8000000, 0x00000000e8000000)
  eden space 87424K, 100% used [0x00000000e0000000, 0x00000000e5560000, 0x00000000e5560000)
  from space 21824K,  54% used [0x00000000e6ab0000, 0x00000000e7648408, 0x00000000e8000000)
  to   space 21824K,   0% used [0x00000000e5560000, 0x00000000e5560000, 0x00000000e6ab0000)
 concurrent mark-sweep generation total 393216K, used 0K [0x00000000e8000000, 0x0000000100000000, 0x0000000100000000)
 Metaspace       used 20702K, capacity 21016K, committed 21248K, reserved 1069056K
  class space    used 2403K, capacity 2518K, committed 2560K, reserved 1048576K
2016-12-16T15:54:11.584+0100: 2,211: [GC (Allocation Failure) 2016-12-16T15:54:11.584+0100: 2,211: [ParNew
Desired survivor size 20112992 bytes, new threshold 8 (max 8)
- age   1:    3671792 bytes,    3671792 total
- age   2:    6067728 bytes,    9739520 total
: 99297K->12895K(109248K), 0,0163623 secs] 99297K->12895K(502464K), 0,0164284 secs] [Times: user=0,05 sys=0,01, real=0,01 secs] 
Heap after GC invocations=2 (full 0):
 par new generation   total 109248K, used 12895K [0x00000000e0000000, 0x00000000e8000000, 0x00000000e8000000)
  eden space 87424K,   0% used [0x00000000e0000000, 0x00000000e0000000, 0x00000000e5560000)
  from space 21824K,  59% used [0x00000000e5560000, 0x00000000e61f7d78, 0x00000000e6ab0000)
  to   space 21824K,   0% used [0x00000000e6ab0000, 0x00000000e6ab0000, 0x00000000e8000000)
 concurrent mark-sweep generation total 393216K, used 0K [0x00000000e8000000, 0x0000000100000000, 0x0000000100000000)
 Metaspace       used 20702K, capacity 21016K, committed 21248K, reserved 1069056K
  class space    used 2403K, capacity 2518K, committed 2560K, reserved 1048576K
}
2016-12-16T15:54:11.600+0100: 2,227: Total time for which application threads were stopped: 0,0166435 seconds, Stopping threads took: 0,0000409 seconds
2016-12-16T15:54:11.690+0100: 2,317: Total time for which application threads were stopped: 0,0000837 seconds, Stopping threads took: 0,0000198 seconds
2016-12-16T15:54:11.740+0100: 2,367: Total time for which application threads were stopped: 0,0000812 seconds, Stopping threads took: 0,0000179 seconds
2016-12-16T15:54:11.741+0100: 2,368: Total time for which application threads were stopped: 0,0002392 seconds, Stopping threads took: 0,0000085 seconds
2016-12-16T15:54:11.774+0100: 2,401: Total time for which application threads were stopped: 0,0000685 seconds, Stopping threads took: 0,0000117 seconds
2016-12-16T15:54:11.876+0100: 2,503: Total time for which application threads were stopped: 0,0002158 seconds, Stopping threads took: 0,0000222 seconds
2016-12-16T15:54:11.901+0100: 2,528: Total time for which application threads were stopped: 0,0000967 seconds, Stopping threads took: 0,0000212 seconds
2016-12-16T15:54:11.910+0100: 2,537: Total time for which application threads were stopped: 0,0003165 seconds, Stopping threads took: 0,0000328 seconds
2016-12-16T15:54:11.919+0100: 2,546: Total time for which application threads were stopped: 0,0002804 seconds, Stopping threads took: 0,0000168 seconds
2016-12-16T15:54:11.934+0100: 2,561: Total time for which application threads were stopped: 0,0005684 seconds, Stopping threads took: 0,0003126 seconds
2016-12-16T15:54:11.975+0100: 2,602: Total time for which application threads were stopped: 0,0004472 seconds, Stopping threads took: 0,0001037 seconds
2016-12-16T15:54:11.996+0100: 2,623: Total time for which application threads were stopped: 0,0000789 seconds, Stopping threads took: 0,0000146 seconds
2016-12-16T15:54:12.014+0100: 2,641: Total time for which application threads were stopped: 0,0000695 seconds, Stopping threads took: 0,0000128 seconds
2016-12-16T15:54:12.034+0100: 2,661: Total time for which application threads were stopped: 0,0000792 seconds, Stopping threads took: 0,0000150 seconds
2016-12-16T15:54:12.057+0100: 2,684: Total time for which application threads were stopped: 0,0000952 seconds, Stopping threads took: 0,0000191 seconds
2016-12-16T15:54:12.119+0100: 2,746: Total time for which application threads were stopped: 0,0001165 seconds, Stopping threads took: 0,0000299 seconds
2016-12-16T15:54:12.141+0100: 2,768: Total time for which application threads were stopped: 0,0001112 seconds, Stopping threads took: 0,0000214 seconds
{Heap before GC invocations=2 (full 0):
 par new generation   total 109248K, used 100319K [0x00000000e0000000, 0x00000000e8000000, 0x00000000e8000000)
  eden space 87424K, 100% used [0x00000000e0000000, 0x00000000e5560000, 0x00000000e5560000)
  from space 21824K,  59% used [0x00000000e5560000, 0x00000000e61f7d78, 0x00000000e6ab0000)
  to   space 21824K,   0% used [0x00000000e6ab0000, 0x00000000e6ab0000, 0x00000000e8000000)
 concurrent mark-sweep generation total 393216K, used 0K [0x00000000e8000000, 0x0000000100000000, 0x0000000100000000)
 Metaspace       used 24852K, capacity 25221K, committed 25536K, reserved 1071104K
  class space    used 2894K, capacity 3025K, committed 3144K, reserved 1048576K
2016-12-16T15:54:12.155+0100: 2,782: [GC (Allocation Failure) 2016-12-16T15:54:12.155+0100: 2,782: [ParNew
Desired survivor size 20112992 bytes, new threshold 8 (max 8)
- age   1:    4851312 bytes,    4851312 total
- age   2:     583808 bytes,    5435120 total
- age   3:    6041440 bytes,   11476560 total
: 100319K->13521K(109248K), 0,0106743 secs] 100319K->13521K(502464K), 0,0107525 secs] [Times: user=0,03 sys=0,00, real=0,01 secs] 
Heap after GC invocations=3 (full 0):
 par new generation   total 109248K, used 13521K [0x00000000e0000000, 0x00000000e8000000, 0x00000000e8000000)
  eden space 87424K,   0% used [0x00000000e0000000, 0x00000000e0000000, 0x00000000e5560000)
  from space 21824K,  61% used [0x00000000e6ab0000, 0x00000000e77e47d0, 0x00000000e8000000)
  to   space 21824K,   0% used [0x00000000e5560000, 0x00000000e5560000, 0x00000000e6ab0000)
 concurrent mark-sweep generation total 393216K, used 0K [0x00000000e8000000, 0x0000000100000000, 0x0000000100000000)
 Metaspace       used 24852K, capacity 25221K, committed 25536K, reserved 1071104K
  class space    used 2894K, capacity 3025K, committed 3144K, reserved 1048576K
}
2016-12-16T15:54:12.165+0100: 2,792: Total time for which application threads were stopped: 0,0109075 seconds, Stopping threads took: 0,0000274 seconds
2016-12-16T15:54:12.165+0100: 2,793: [GC (CMS Initial Mark) [1 CMS-initial-mark: 0K(393216K)] 13777K(502464K), 0,0029229 secs] [Times: user=0,01 sys=0,00, real=0,00 secs] 
2016-12-16T15:54:12.168+0100: 2,795: Total time for which application threads were stopped: 0,0030357 seconds, Stopping threads took: 0,0000388 seconds
2016-12-16T15:54:12.168+0100: 2,796: [CMS-concurrent-mark-start]
2016-12-16T15:54:12.169+0100: 2,796: [CMS-concurrent-mark: 0,001/0,001 secs] [Times: user=0,01 sys=0,00, real=0,00 secs] 
2016-12-16T15:54:12.169+0100: 2,797: [CMS-concurrent-preclean-start]
2016-12-16T15:54:12.171+0100: 2,798: [CMS-concurrent-preclean: 0,001/0,001 secs] [Times: user=0,00 sys=0,00, real=0,00 secs] 
2016-12-16T15:54:12.171+0100: 2,798: [GC (CMS Final Remark) [YG occupancy: 15153 K (109248 K)]{Heap before GC invocations=3 (full 1):
 par new generation   total 109248K, used 15153K [0x00000000e0000000, 0x00000000e8000000, 0x00000000e8000000)
  eden space 87424K,   1% used [0x00000000e0000000, 0x00000000e0197ca8, 0x00000000e5560000)
  from space 21824K,  61% used [0x00000000e6ab0000, 0x00000000e77e47d0, 0x00000000e8000000)
  to   space 21824K,   0% used [0x00000000e5560000, 0x00000000e5560000, 0x00000000e6ab0000)
 concurrent mark-sweep generation total 393216K, used 0K [0x00000000e8000000, 0x0000000100000000, 0x0000000100000000)
 Metaspace       used 24852K, capacity 25221K, committed 25536K, reserved 1071104K
  class space    used 2894K, capacity 3025K, committed 3144K, reserved 1048576K
2016-12-16T15:54:12.171+0100: 2,798: [GC (CMS Final Remark) 2016-12-16T15:54:12.171+0100: 2,798: [ParNew
Desired survivor size 20112992 bytes, new threshold 8 (max 8)
- age   1:    1070120 bytes,    1070120 total
- age   2:    1314288 bytes,    2384408 total
- age   3:     583640 bytes,    2968048 total
- age   4:    6040360 bytes,    9008408 total
: 15153K->14634K(109248K), 0,0100814 secs] 15153K->14634K(502464K), 0,0101258 secs] [Times: user=0,04 sys=0,00, real=0,01 secs] 
Heap after GC invocations=4 (full 1):
 par new generation   total 109248K, used 14634K [0x00000000e0000000, 0x00000000e8000000, 0x00000000e8000000)
  eden space 87424K,   0% used [0x00000000e0000000, 0x00000000e0000000, 0x00000000e5560000)
  from space 21824K,  67% used [0x00000000e5560000, 0x00000000e63aaa10, 0x00000000e6ab0000)
  to   space 21824K,   0% used [0x00000000e6ab0000, 0x00000000e6ab0000, 0x00000000e8000000)
 concurrent mark-sweep generation total 393216K, used 0K [0x00000000e8000000, 0x0000000100000000, 0x0000000100000000)
 Metaspace       used 24852K, capacity 25221K, committed 25536K, reserved 1071104K
  class space    used 2894K, capacity 3025K, committed 3144K, reserved 1048576K
}
2016-12-16T15:54:12.181+0100: 2,808: [Rescan (parallel) , 0,0036288 secs]2016-12-16T15:54:12.185+0100: 2,812: [weak refs processing, 0,0018284 secs]2016-12-16T15:54:12.187+0100: 2,814: [class unloading, 0,0032056 secs]2016-12-16T15:54:12.190+0100: 2,817: [scrub symbol table, 0,0039401 secs]2016-12-16T15:54:12.194+0100: 2,821: [scrub string table, 0,0003758 secs][1 CMS-remark: 0K(393216K)] 14634K(502464K), 0,0238192 secs] [Times: user=0,06 sys=0,00, real=0,03 secs] 
2016-12-16T15:54:12.195+0100: 2,822: Total time for which application threads were stopped: 0,0239486 seconds, Stopping threads took: 0,0000529 seconds
2016-12-16T15:54:12.195+0100: 2,822: [CMS-concurrent-sweep-start]
2016-12-16T15:54:12.195+0100: 2,822: [CMS-concurrent-sweep: 0,000/0,000 secs] [Times: user=0,00 sys=0,00, real=0,00 secs] 
2016-12-16T15:54:12.195+0100: 2,822: [CMS-concurrent-reset-start]
2016-12-16T15:54:12.196+0100: 2,823: [CMS-concurrent-reset: 0,001/0,001 secs] [Times: user=0,00 sys=0,00, real=0,00 secs] 
2016-12-16T15:54:12.263+0100: 2,890: Total time for which application threads were stopped: 0,0003572 seconds, Stopping threads took: 0,0000239 seconds
2016-12-16T15:54:13.264+0100: 3,891: Total time for which application threads were stopped: 0,0000915 seconds, Stopping threads took: 0,0000181 seconds
2016-12-16T15:54:13.428+0100: 4,055: Total time for which application threads were stopped: 0,0002697 seconds, Stopping threads took: 0,0000153 seconds
2016-12-16T15:54:40.431+0100: 31,058: Total time for which application threads were stopped: 0,0000566 seconds, Stopping threads took: 0,0000161 seconds
2016-12-16T15:55:52.633+0100: 103,260: Total time for which application threads were stopped: 0,0001236 seconds, Stopping threads took: 0,0000312 seconds
Heap
 par new generation   total 109248K, used 47807K [0x00000000e0000000, 0x00000000e8000000, 0x00000000e8000000)
  eden space 87424K,  37% used [0x00000000e0000000, 0x00000000e20653b8, 0x00000000e5560000)
  from space 21824K,  67% used [0x00000000e5560000, 0x00000000e63aaa10, 0x00000000e6ab0000)
  to   space 21824K,   0% used [0x00000000e6ab0000, 0x00000000e6ab0000, 0x00000000e8000000)
 concurrent mark-sweep generation total 393216K, used 0K [0x00000000e8000000, 0x0000000100000000, 0x0000000100000000)
 Metaspace       used 27250K, capacity 27729K, committed 27976K, reserved 1073152K
  class space    used 3167K, capacity 3321K, committed 3400K, reserved 1048576K
