OpenJDK 64-Bit Server VM (25.131-b11) for linux-amd64 JRE (1.8.0_131-8u131-b11-0ubuntu1.16.04.2-b11), built on May  6 2017 02:45:27 by "buildd" with gcc 5.4.0 20160609
Memory: 4k page, physical 7867740k(7481672k free), swap 8076284k(8076284k free)
CommandLine flags: -XX:CMSInitiatingOccupancyFraction=50 -XX:CMSMaxAbortablePrecleanTime=6000 -XX:+CMSParallelRemarkEnabled -XX:+CMSScavengeBeforeRemark -XX:ConcGCThreads=4 -XX:InitialHeapSize=536870912 -XX:MaxHeapSize=536870912 -XX:MaxTenuringThreshold=8 -XX:NewRatio=3 -XX:OldPLABSize=16 -XX:OnOutOfMemoryError=/opt/solr/bin/oom_solr.sh 8983 /var/solr/logs -XX:ParallelGCThreads=4 -XX:+ParallelRefProcEnabled -XX:PretenureSizeThreshold=67108864 -XX:+PrintGC -XX:+PrintGCApplicationStoppedTime -XX:+PrintGCDateStamps -XX:+PrintGCDetails -XX:+PrintGCTimeStamps -XX:+PrintHeapAtGC -XX:+PrintTenuringDistribution -XX:SurvivorRatio=4 -XX:TargetSurvivorRatio=90 -XX:ThreadStackSize=256 -XX:+UseCMSInitiatingOccupancyOnly -XX:+UseCompressedClassPointers -XX:+UseCompressedOops -XX:+UseConcMarkSweepGC -XX:+UseParNewGC 
2017-07-13T07:43:54.812+0200: 0,173: Total time for which application threads were stopped: 0,0000682 seconds, Stopping threads took: 0,0000125 seconds
2017-07-13T07:43:54.915+0200: 0,276: Total time for which application threads were stopped: 0,0001007 seconds, Stopping threads took: 0,0000155 seconds
2017-07-13T07:43:54.937+0200: 0,298: Total time for which application threads were stopped: 0,0001153 seconds, Stopping threads took: 0,0000137 seconds
2017-07-13T07:43:55.253+0200: 0,614: Total time for which application threads were stopped: 0,0001593 seconds, Stopping threads took: 0,0000199 seconds
2017-07-13T07:43:55.636+0200: 0,997: Total time for which application threads were stopped: 0,0001258 seconds, Stopping threads took: 0,0000112 seconds
2017-07-13T07:43:55.702+0200: 1,063: Total time for which application threads were stopped: 0,0001547 seconds, Stopping threads took: 0,0000176 seconds
2017-07-13T07:43:55.740+0200: 1,101: Total time for which application threads were stopped: 0,0001898 seconds, Stopping threads took: 0,0000213 seconds
2017-07-13T07:43:56.132+0200: 1,493: Total time for which application threads were stopped: 0,0001555 seconds, Stopping threads took: 0,0000116 seconds
2017-07-13T07:43:56.385+0200: 1,746: Total time for which application threads were stopped: 0,0008449 seconds, Stopping threads took: 0,0000686 seconds
2017-07-13T07:43:56.415+0200: 1,776: Total time for which application threads were stopped: 0,0001587 seconds, Stopping threads took: 0,0000111 seconds
2017-07-13T07:43:56.452+0200: 1,813: Total time for which application threads were stopped: 0,0002222 seconds, Stopping threads took: 0,0000268 seconds
2017-07-13T07:43:56.453+0200: 1,814: Total time for which application threads were stopped: 0,0001835 seconds, Stopping threads took: 0,0000187 seconds
2017-07-13T07:43:56.472+0200: 1,833: Total time for which application threads were stopped: 0,0001614 seconds, Stopping threads took: 0,0000114 seconds
2017-07-13T07:43:56.579+0200: 1,940: Total time for which application threads were stopped: 0,0002557 seconds, Stopping threads took: 0,0000306 seconds
2017-07-13T07:43:56.785+0200: 2,146: Total time for which application threads were stopped: 0,0003900 seconds, Stopping threads took: 0,0001515 seconds
{Heap before GC invocations=0 (full 0):
 par new generation   total 109248K, used 87424K [0x00000000e0000000, 0x00000000e8000000, 0x00000000e8000000)
  eden space 87424K, 100% used [0x00000000e0000000, 0x00000000e5560000, 0x00000000e5560000)
  from space 21824K,   0% used [0x00000000e5560000, 0x00000000e5560000, 0x00000000e6ab0000)
  to   space 21824K,   0% used [0x00000000e6ab0000, 0x00000000e6ab0000, 0x00000000e8000000)
 concurrent mark-sweep generation total 393216K, used 0K [0x00000000e8000000, 0x0000000100000000, 0x0000000100000000)
 Metaspace       used 17988K, capacity 18336K, committed 18688K, reserved 1064960K
  class space    used 2036K, capacity 2196K, committed 2304K, reserved 1048576K
2017-07-13T07:43:56.866+0200: 2,227: [GC (Allocation Failure) 2017-07-13T07:43:56.866+0200: 2,227: [ParNew
Desired survivor size 20112992 bytes, new threshold 8 (max 8)
- age   1:   12556960 bytes,   12556960 total
: 87424K->12381K(109248K), 0,0165627 secs] 87424K->12381K(502464K), 0,0166452 secs] [Times: user=0,04 sys=0,02, real=0,02 secs] 
Heap after GC invocations=1 (full 0):
 par new generation   total 109248K, used 12381K [0x00000000e0000000, 0x00000000e8000000, 0x00000000e8000000)
  eden space 87424K,   0% used [0x00000000e0000000, 0x00000000e0000000, 0x00000000e5560000)
  from space 21824K,  56% used [0x00000000e6ab0000, 0x00000000e76c7768, 0x00000000e8000000)
  to   space 21824K,   0% used [0x00000000e5560000, 0x00000000e5560000, 0x00000000e6ab0000)
 concurrent mark-sweep generation total 393216K, used 0K [0x00000000e8000000, 0x0000000100000000, 0x0000000100000000)
 Metaspace       used 17988K, capacity 18336K, committed 18688K, reserved 1064960K
  class space    used 2036K, capacity 2196K, committed 2304K, reserved 1048576K
}
2017-07-13T07:43:56.883+0200: 2,244: Total time for which application threads were stopped: 0,0168779 seconds, Stopping threads took: 0,0000539 seconds
2017-07-13T07:43:57.268+0200: 2,629: Total time for which application threads were stopped: 0,0003975 seconds, Stopping threads took: 0,0000420 seconds
{Heap before GC invocations=1 (full 0):
 par new generation   total 109248K, used 99805K [0x00000000e0000000, 0x00000000e8000000, 0x00000000e8000000)
  eden space 87424K, 100% used [0x00000000e0000000, 0x00000000e5560000, 0x00000000e5560000)
  from space 21824K,  56% used [0x00000000e6ab0000, 0x00000000e76c7768, 0x00000000e8000000)
  to   space 21824K,   0% used [0x00000000e5560000, 0x00000000e5560000, 0x00000000e6ab0000)
 concurrent mark-sweep generation total 393216K, used 0K [0x00000000e8000000, 0x0000000100000000, 0x0000000100000000)
 Metaspace       used 20041K, capacity 20366K, committed 20736K, reserved 1067008K
  class space    used 2296K, capacity 2469K, committed 2560K, reserved 1048576K
2017-07-13T07:43:57.314+0200: 2,675: [GC (Allocation Failure) 2017-07-13T07:43:57.314+0200: 2,675: [ParNew
Desired survivor size 20112992 bytes, new threshold 8 (max 8)
- age   1:    3723008 bytes,    3723008 total
- age   2:    6648088 bytes,   10371096 total
: 99805K->15617K(109248K), 0,0108044 secs] 99805K->15617K(502464K), 0,0108773 secs] [Times: user=0,03 sys=0,00, real=0,02 secs] 
Heap after GC invocations=2 (full 0):
 par new generation   total 109248K, used 15617K [0x00000000e0000000, 0x00000000e8000000, 0x00000000e8000000)
  eden space 87424K,   0% used [0x00000000e0000000, 0x00000000e0000000, 0x00000000e5560000)
  from space 21824K,  71% used [0x00000000e5560000, 0x00000000e64a0680, 0x00000000e6ab0000)
  to   space 21824K,   0% used [0x00000000e6ab0000, 0x00000000e6ab0000, 0x00000000e8000000)
 concurrent mark-sweep generation total 393216K, used 0K [0x00000000e8000000, 0x0000000100000000, 0x0000000100000000)
 Metaspace       used 20041K, capacity 20366K, committed 20736K, reserved 1067008K
  class space    used 2296K, capacity 2469K, committed 2560K, reserved 1048576K
}
2017-07-13T07:43:57.325+0200: 2,686: Total time for which application threads were stopped: 0,0112217 seconds, Stopping threads took: 0,0001946 seconds
2017-07-13T07:43:57.330+0200: 2,691: Total time for which application threads were stopped: 0,0003040 seconds, Stopping threads took: 0,0000490 seconds
2017-07-13T07:43:57.356+0200: 2,717: Total time for which application threads were stopped: 0,0003520 seconds, Stopping threads took: 0,0000638 seconds
2017-07-13T07:43:57.496+0200: 2,857: Total time for which application threads were stopped: 0,0008086 seconds, Stopping threads took: 0,0006841 seconds
{Heap before GC invocations=2 (full 0):
 par new generation   total 109248K, used 103041K [0x00000000e0000000, 0x00000000e8000000, 0x00000000e8000000)
  eden space 87424K, 100% used [0x00000000e0000000, 0x00000000e5560000, 0x00000000e5560000)
  from space 21824K,  71% used [0x00000000e5560000, 0x00000000e64a0680, 0x00000000e6ab0000)
  to   space 21824K,   0% used [0x00000000e6ab0000, 0x00000000e6ab0000, 0x00000000e8000000)
 concurrent mark-sweep generation total 393216K, used 0K [0x00000000e8000000, 0x0000000100000000, 0x0000000100000000)
 Metaspace       used 20987K, capacity 21352K, committed 21628K, reserved 1069056K
  class space    used 2423K, capacity 2588K, committed 2684K, reserved 1048576K
2017-07-13T07:43:57.546+0200: 2,907: [GC (Allocation Failure) 2017-07-13T07:43:57.546+0200: 2,907: [ParNew
Desired survivor size 20112992 bytes, new threshold 8 (max 8)
- age   1:    2181368 bytes,    2181368 total
- age   2:     868968 bytes,    3050336 total
- age   3:    6644464 bytes,    9694800 total
: 103041K->11210K(109248K), 0,0126557 secs] 103041K->11210K(502464K), 0,0127510 secs] [Times: user=0,05 sys=0,00, real=0,01 secs] 
Heap after GC invocations=3 (full 0):
 par new generation   total 109248K, used 11210K [0x00000000e0000000, 0x00000000e8000000, 0x00000000e8000000)
  eden space 87424K,   0% used [0x00000000e0000000, 0x00000000e0000000, 0x00000000e5560000)
  from space 21824K,  51% used [0x00000000e6ab0000, 0x00000000e75a2990, 0x00000000e8000000)
  to   space 21824K,   0% used [0x00000000e5560000, 0x00000000e5560000, 0x00000000e6ab0000)
 concurrent mark-sweep generation total 393216K, used 0K [0x00000000e8000000, 0x0000000100000000, 0x0000000100000000)
 Metaspace       used 20987K, capacity 21352K, committed 21628K, reserved 1069056K
  class space    used 2423K, capacity 2588K, committed 2684K, reserved 1048576K
}
2017-07-13T07:43:57.559+0200: 2,920: Total time for which application threads were stopped: 0,0129728 seconds, Stopping threads took: 0,0000532 seconds
2017-07-13T07:43:57.559+0200: 2,920: [GC (CMS Initial Mark) [1 CMS-initial-mark: 0K(393216K)] 11868K(502464K), 0,0043596 secs] [Times: user=0,01 sys=0,00, real=0,01 secs] 
2017-07-13T07:43:57.564+0200: 2,925: Total time for which application threads were stopped: 0,0045539 seconds, Stopping threads took: 0,0000709 seconds
2017-07-13T07:43:57.564+0200: 2,925: [CMS-concurrent-mark-start]
2017-07-13T07:43:57.564+0200: 2,925: [CMS-concurrent-mark: 0,000/0,000 secs] [Times: user=0,00 sys=0,00, real=0,00 secs] 
2017-07-13T07:43:57.564+0200: 2,925: [CMS-concurrent-preclean-start]
2017-07-13T07:43:57.565+0200: 2,926: [CMS-concurrent-preclean: 0,001/0,001 secs] [Times: user=0,00 sys=0,00, real=0,00 secs] 
2017-07-13T07:43:57.565+0200: 2,926: [GC (CMS Final Remark) [YG occupancy: 12640 K (109248 K)]{Heap before GC invocations=3 (full 1):
 par new generation   total 109248K, used 12640K [0x00000000e0000000, 0x00000000e8000000, 0x00000000e8000000)
  eden space 87424K,   1% used [0x00000000e0000000, 0x00000000e0165a60, 0x00000000e5560000)
  from space 21824K,  51% used [0x00000000e6ab0000, 0x00000000e75a2990, 0x00000000e8000000)
  to   space 21824K,   0% used [0x00000000e5560000, 0x00000000e5560000, 0x00000000e6ab0000)
 concurrent mark-sweep generation total 393216K, used 0K [0x00000000e8000000, 0x0000000100000000, 0x0000000100000000)
 Metaspace       used 20987K, capacity 21352K, committed 21628K, reserved 1069056K
  class space    used 2423K, capacity 2588K, committed 2684K, reserved 1048576K
2017-07-13T07:43:57.565+0200: 2,926: [GC (CMS Final Remark) 2017-07-13T07:43:57.565+0200: 2,926: [ParNew
Desired survivor size 20112992 bytes, new threshold 8 (max 8)
- age   1:      49560 bytes,      49560 total
- age   2:    2148584 bytes,    2198144 total
- age   3:     868968 bytes,    3067112 total
- age   4:    6644424 bytes,    9711536 total
: 12640K->12332K(109248K), 0,0116679 secs] 12640K->12332K(502464K), 0,0117046 secs] [Times: user=0,05 sys=0,00, real=0,01 secs] 
Heap after GC invocations=4 (full 1):
 par new generation   total 109248K, used 12332K [0x00000000e0000000, 0x00000000e8000000, 0x00000000e8000000)
  eden space 87424K,   0% used [0x00000000e0000000, 0x00000000e0000000, 0x00000000e5560000)
  from space 21824K,  56% used [0x00000000e5560000, 0x00000000e616b220, 0x00000000e6ab0000)
  to   space 21824K,   0% used [0x00000000e6ab0000, 0x00000000e6ab0000, 0x00000000e8000000)
 concurrent mark-sweep generation total 393216K, used 0K [0x00000000e8000000, 0x0000000100000000, 0x0000000100000000)
 Metaspace       used 20987K, capacity 21352K, committed 21628K, reserved 1069056K
  class space    used 2423K, capacity 2588K, committed 2684K, reserved 1048576K
}
2017-07-13T07:43:57.577+0200: 2,938: [Rescan (parallel) , 0,0047004 secs]2017-07-13T07:43:57.582+0200: 2,943: [weak refs processing, 0,0015713 secs]2017-07-13T07:43:57.583+0200: 2,944: [class unloading, 0,0029413 secs]2017-07-13T07:43:57.586+0200: 2,947: [scrub symbol table, 0,0030664 secs]2017-07-13T07:43:57.589+0200: 2,950: [scrub string table, 0,0003675 secs][1 CMS-remark: 0K(393216K)] 12332K(502464K), 0,0250025 secs] [Times: user=0,09 sys=0,00, real=0,02 secs] 
2017-07-13T07:43:57.590+0200: 2,951: Total time for which application threads were stopped: 0,0251357 seconds, Stopping threads took: 0,0000498 seconds
2017-07-13T07:43:57.591+0200: 2,952: [CMS-concurrent-sweep-start]
2017-07-13T07:43:57.591+0200: 2,952: [CMS-concurrent-sweep: 0,000/0,000 secs] [Times: user=0,00 sys=0,00, real=0,00 secs] 
2017-07-13T07:43:57.591+0200: 2,952: [CMS-concurrent-reset-start]
2017-07-13T07:43:57.594+0200: 2,954: [CMS-concurrent-reset: 0,002/0,002 secs] [Times: user=0,01 sys=0,00, real=0,00 secs] 
{Heap before GC invocations=4 (full 1):
 par new generation   total 109248K, used 99756K [0x00000000e0000000, 0x00000000e8000000, 0x00000000e8000000)
  eden space 87424K, 100% used [0x00000000e0000000, 0x00000000e5560000, 0x00000000e5560000)
  from space 21824K,  56% used [0x00000000e5560000, 0x00000000e616b220, 0x00000000e6ab0000)
  to   space 21824K,   0% used [0x00000000e6ab0000, 0x00000000e6ab0000, 0x00000000e8000000)
 concurrent mark-sweep generation total 393216K, used 0K [0x00000000e8000000, 0x0000000100000000, 0x0000000100000000)
 Metaspace       used 21202K, capacity 21564K, committed 21884K, reserved 1069056K
  class space    used 2445K, capacity 2603K, committed 2684K, reserved 1048576K
2017-07-13T07:43:57.684+0200: 3,045: [GC (Allocation Failure) 2017-07-13T07:43:57.684+0200: 3,045: [ParNew
Desired survivor size 20112992 bytes, new threshold 8 (max 8)
- age   1:    1302800 bytes,    1302800 total
- age   3:    1459472 bytes,    2762272 total
- age   4:     837592 bytes,    3599864 total
- age   5:    6644568 bytes,   10244432 total
: 99756K->12626K(109248K), 0,0096646 secs] 99756K->12626K(502464K), 0,0097371 secs] [Times: user=0,04 sys=0,00, real=0,00 secs] 
Heap after GC invocations=5 (full 1):
 par new generation   total 109248K, used 12626K [0x00000000e0000000, 0x00000000e8000000, 0x00000000e8000000)
  eden space 87424K,   0% used [0x00000000e0000000, 0x00000000e0000000, 0x00000000e5560000)
  from space 21824K,  57% used [0x00000000e6ab0000, 0x00000000e7704ae0, 0x00000000e8000000)
  to   space 21824K,   0% used [0x00000000e5560000, 0x00000000e5560000, 0x00000000e6ab0000)
 concurrent mark-sweep generation total 393216K, used 0K [0x00000000e8000000, 0x0000000100000000, 0x0000000100000000)
 Metaspace       used 21202K, capacity 21564K, committed 21884K, reserved 1069056K
  class space    used 2445K, capacity 2603K, committed 2684K, reserved 1048576K
}
2017-07-13T07:43:57.693+0200: 3,054: Total time for which application threads were stopped: 0,0100073 seconds, Stopping threads took: 0,0000875 seconds
{Heap before GC invocations=5 (full 1):
 par new generation   total 109248K, used 100050K [0x00000000e0000000, 0x00000000e8000000, 0x00000000e8000000)
  eden space 87424K, 100% used [0x00000000e0000000, 0x00000000e5560000, 0x00000000e5560000)
  from space 21824K,  57% used [0x00000000e6ab0000, 0x00000000e7704ae0, 0x00000000e8000000)
  to   space 21824K,   0% used [0x00000000e5560000, 0x00000000e5560000, 0x00000000e6ab0000)
 concurrent mark-sweep generation total 393216K, used 0K [0x00000000e8000000, 0x0000000100000000, 0x0000000100000000)
 Metaspace       used 21412K, capacity 21800K, committed 21884K, reserved 1069056K
  class space    used 2471K, capacity 2637K, committed 2684K, reserved 1048576K
2017-07-13T07:43:57.778+0200: 3,139: [GC (Allocation Failure) 2017-07-13T07:43:57.778+0200: 3,139: [ParNew
Desired survivor size 20112992 bytes, new threshold 8 (max 8)
- age   1:     654080 bytes,     654080 total
- age   2:     178912 bytes,     832992 total
- age   4:    1458656 bytes,    2291648 total
- age   5:     835576 bytes,    3127224 total
- age   6:    6644352 bytes,    9771576 total
: 100050K->15585K(109248K), 0,0146066 secs] 100050K->15585K(502464K), 0,0146788 secs] [Times: user=0,05 sys=0,00, real=0,01 secs] 
Heap after GC invocations=6 (full 1):
 par new generation   total 109248K, used 15585K [0x00000000e0000000, 0x00000000e8000000, 0x00000000e8000000)
  eden space 87424K,   0% used [0x00000000e0000000, 0x00000000e0000000, 0x00000000e5560000)
  from space 21824K,  71% used [0x00000000e5560000, 0x00000000e64986a8, 0x00000000e6ab0000)
  to   space 21824K,   0% used [0x00000000e6ab0000, 0x00000000e6ab0000, 0x00000000e8000000)
 concurrent mark-sweep generation total 393216K, used 0K [0x00000000e8000000, 0x0000000100000000, 0x0000000100000000)
 Metaspace       used 21412K, capacity 21800K, committed 21884K, reserved 1069056K
  class space    used 2471K, capacity 2637K, committed 2684K, reserved 1048576K
}
2017-07-13T07:43:57.793+0200: 3,154: Total time for which application threads were stopped: 0,0156386 seconds, Stopping threads took: 0,0008089 seconds
2017-07-13T07:43:57.819+0200: 3,180: Total time for which application threads were stopped: 0,0002879 seconds, Stopping threads took: 0,0000139 seconds
2017-07-13T07:43:58.059+0200: 3,420: Total time for which application threads were stopped: 0,0005382 seconds, Stopping threads took: 0,0000404 seconds
2017-07-13T07:43:58.076+0200: 3,437: Total time for which application threads were stopped: 0,0004116 seconds, Stopping threads took: 0,0000408 seconds
2017-07-13T07:43:58.106+0200: 3,467: Total time for which application threads were stopped: 0,0003604 seconds, Stopping threads took: 0,0000280 seconds
{Heap before GC invocations=6 (full 1):
 par new generation   total 109248K, used 103009K [0x00000000e0000000, 0x00000000e8000000, 0x00000000e8000000)
  eden space 87424K, 100% used [0x00000000e0000000, 0x00000000e5560000, 0x00000000e5560000)
  from space 21824K,  71% used [0x00000000e5560000, 0x00000000e64986a8, 0x00000000e6ab0000)
  to   space 21824K,   0% used [0x00000000e6ab0000, 0x00000000e6ab0000, 0x00000000e8000000)
 concurrent mark-sweep generation total 393216K, used 0K [0x00000000e8000000, 0x0000000100000000, 0x0000000100000000)
 Metaspace       used 24079K, capacity 24522K, committed 24828K, reserved 1071104K
  class space    used 2836K, capacity 3012K, committed 3068K, reserved 1048576K
2017-07-13T07:43:58.226+0200: 3,587: [GC (Allocation Failure) 2017-07-13T07:43:58.226+0200: 3,587: [ParNew
Desired survivor size 20112992 bytes, new threshold 8 (max 8)
- age   1:    5452536 bytes,    5452536 total
- age   2:     133424 bytes,    5585960 total
- age   3:     177704 bytes,    5763664 total
- age   5:     289232 bytes,    6052896 total
- age   6:     811256 bytes,    6864152 total
- age   7:    6636208 bytes,   13500360 total
: 103009K->16142K(109248K), 0,0121847 secs] 103009K->16142K(502464K), 0,0122581 secs] [Times: user=0,05 sys=0,00, real=0,01 secs] 
Heap after GC invocations=7 (full 1):
 par new generation   total 109248K, used 16142K [0x00000000e0000000, 0x00000000e8000000, 0x00000000e8000000)
  eden space 87424K,   0% used [0x00000000e0000000, 0x00000000e0000000, 0x00000000e5560000)
  from space 21824K,  73% used [0x00000000e6ab0000, 0x00000000e7a73a30, 0x00000000e8000000)
  to   space 21824K,   0% used [0x00000000e5560000, 0x00000000e5560000, 0x00000000e6ab0000)
 concurrent mark-sweep generation total 393216K, used 0K [0x00000000e8000000, 0x0000000100000000, 0x0000000100000000)
 Metaspace       used 24079K, capacity 24522K, committed 24828K, reserved 1071104K
  class space    used 2836K, capacity 3012K, committed 3068K, reserved 1048576K
}
2017-07-13T07:43:58.238+0200: 3,599: Total time for which application threads were stopped: 0,0124682 seconds, Stopping threads took: 0,0000443 seconds
{Heap before GC invocations=7 (full 1):
 par new generation   total 109248K, used 103566K [0x00000000e0000000, 0x00000000e8000000, 0x00000000e8000000)
  eden space 87424K, 100% used [0x00000000e0000000, 0x00000000e5560000, 0x00000000e5560000)
  from space 21824K,  73% used [0x00000000e6ab0000, 0x00000000e7a73a30, 0x00000000e8000000)
  to   space 21824K,   0% used [0x00000000e5560000, 0x00000000e5560000, 0x00000000e6ab0000)
 concurrent mark-sweep generation total 393216K, used 0K [0x00000000e8000000, 0x0000000100000000, 0x0000000100000000)
 Metaspace       used 24456K, capacity 24944K, committed 25084K, reserved 1071104K
  class space    used 2864K, capacity 3045K, committed 3068K, reserved 1048576K
2017-07-13T07:43:58.331+0200: 3,692: [GC (Allocation Failure) 2017-07-13T07:43:58.331+0200: 3,692: [ParNew
Desired survivor size 20112992 bytes, new threshold 8 (max 8)
- age   1:    1802432 bytes,    1802432 total
- age   2:    1789112 bytes,    3591544 total
- age   3:      66112 bytes,    3657656 total
- age   4:      94048 bytes,    3751704 total
- age   6:     189368 bytes,    3941072 total
- age   7:     768240 bytes,    4709312 total
- age   8:    6103008 bytes,   10812320 total
: 103566K->16561K(109248K), 0,0160678 secs] 103566K->16561K(502464K), 0,0161639 secs] [Times: user=0,06 sys=0,00, real=0,02 secs] 
Heap after GC invocations=8 (full 1):
 par new generation   total 109248K, used 16561K [0x00000000e0000000, 0x00000000e8000000, 0x00000000e8000000)
  eden space 87424K,   0% used [0x00000000e0000000, 0x00000000e0000000, 0x00000000e5560000)
  from space 21824K,  75% used [0x00000000e5560000, 0x00000000e658c630, 0x00000000e6ab0000)
  to   space 21824K,   0% used [0x00000000e6ab0000, 0x00000000e6ab0000, 0x00000000e8000000)
 concurrent mark-sweep generation total 393216K, used 0K [0x00000000e8000000, 0x0000000100000000, 0x0000000100000000)
 Metaspace       used 24456K, capacity 24944K, committed 25084K, reserved 1071104K
  class space    used 2864K, capacity 3045K, committed 3068K, reserved 1048576K
}
2017-07-13T07:43:58.347+0200: 3,708: Total time for which application threads were stopped: 0,0164747 seconds, Stopping threads took: 0,0001101 seconds
{Heap before GC invocations=8 (full 1):
 par new generation   total 109248K, used 103985K [0x00000000e0000000, 0x00000000e8000000, 0x00000000e8000000)
  eden space 87424K, 100% used [0x00000000e0000000, 0x00000000e5560000, 0x00000000e5560000)
  from space 21824K,  75% used [0x00000000e5560000, 0x00000000e658c630, 0x00000000e6ab0000)
  to   space 21824K,   0% used [0x00000000e6ab0000, 0x00000000e6ab0000, 0x00000000e8000000)
 concurrent mark-sweep generation total 393216K, used 0K [0x00000000e8000000, 0x0000000100000000, 0x0000000100000000)
 Metaspace       used 24893K, capacity 25322K, committed 25468K, reserved 1071104K
  class space    used 2902K, capacity 3082K, committed 3196K, reserved 1048576K
2017-07-13T07:43:58.450+0200: 3,811: [GC (Allocation Failure) 2017-07-13T07:43:58.450+0200: 3,811: [ParNew
Desired survivor size 20112992 bytes, new threshold 8 (max 8)
- age   1:     881032 bytes,     881032 total
- age   2:    1011480 bytes,    1892512 total
- age   3:    1766264 bytes,    3658776 total
- age   4:      66112 bytes,    3724888 total
- age   5:      91368 bytes,    3816256 total
- age   7:     188904 bytes,    4005160 total
- age   8:     767472 bytes,    4772632 total
: 103985K->6750K(109248K), 0,0298933 secs] 103985K->12790K(502464K), 0,0299650 secs] [Times: user=0,09 sys=0,00, real=0,03 secs] 
Heap after GC invocations=9 (full 1):
 par new generation   total 109248K, used 6750K [0x00000000e0000000, 0x00000000e8000000, 0x00000000e8000000)
  eden space 87424K,   0% used [0x00000000e0000000, 0x00000000e0000000, 0x00000000e5560000)
  from space 21824K,  30% used [0x00000000e6ab0000, 0x00000000e7147800, 0x00000000e8000000)
  to   space 21824K,   0% used [0x00000000e5560000, 0x00000000e5560000, 0x00000000e6ab0000)
 concurrent mark-sweep generation total 393216K, used 6040K [0x00000000e8000000, 0x0000000100000000, 0x0000000100000000)
 Metaspace       used 24893K, capacity 25322K, committed 25468K, reserved 1071104K
  class space    used 2902K, capacity 3082K, committed 3196K, reserved 1048576K
}
2017-07-13T07:43:58.480+0200: 3,841: Total time for which application threads were stopped: 0,0312373 seconds, Stopping threads took: 0,0010813 seconds
2017-07-13T07:43:58.705+0200: 4,066: Total time for which application threads were stopped: 0,0008307 seconds, Stopping threads took: 0,0004224 seconds
2017-07-13T07:43:58.721+0200: 4,082: Total time for which application threads were stopped: 0,0001436 seconds, Stopping threads took: 0,0000367 seconds
2017-07-13T07:43:58.762+0200: 4,123: Total time for which application threads were stopped: 0,0003609 seconds, Stopping threads took: 0,0002606 seconds
2017-07-13T07:43:58.765+0200: 4,126: Total time for which application threads were stopped: 0,0001310 seconds, Stopping threads took: 0,0000341 seconds
2017-07-13T07:43:58.765+0200: 4,126: Total time for which application threads were stopped: 0,0000858 seconds, Stopping threads took: 0,0000184 seconds
2017-07-13T07:43:58.765+0200: 4,126: Total time for which application threads were stopped: 0,0000736 seconds, Stopping threads took: 0,0000209 seconds
2017-07-13T07:43:58.766+0200: 4,127: Total time for which application threads were stopped: 0,0001363 seconds, Stopping threads took: 0,0000795 seconds
2017-07-13T07:43:58.767+0200: 4,128: Total time for which application threads were stopped: 0,0003026 seconds, Stopping threads took: 0,0002265 seconds
2017-07-13T07:43:58.777+0200: 4,138: Total time for which application threads were stopped: 0,0001289 seconds, Stopping threads took: 0,0000465 seconds
2017-07-13T07:43:58.784+0200: 4,145: Total time for which application threads were stopped: 0,0006086 seconds, Stopping threads took: 0,0005157 seconds
2017-07-13T07:43:58.786+0200: 4,147: Total time for which application threads were stopped: 0,0001355 seconds, Stopping threads took: 0,0000418 seconds
2017-07-13T07:43:58.792+0200: 4,153: Total time for which application threads were stopped: 0,0001505 seconds, Stopping threads took: 0,0000486 seconds
2017-07-13T07:43:58.794+0200: 4,155: Total time for which application threads were stopped: 0,0001287 seconds, Stopping threads took: 0,0000311 seconds
2017-07-13T07:43:58.795+0200: 4,156: Total time for which application threads were stopped: 0,0001134 seconds, Stopping threads took: 0,0000331 seconds
2017-07-13T07:43:58.795+0200: 4,156: Total time for which application threads were stopped: 0,0000916 seconds, Stopping threads took: 0,0000326 seconds
2017-07-13T07:43:58.797+0200: 4,158: Total time for which application threads were stopped: 0,0001451 seconds, Stopping threads took: 0,0000620 seconds
2017-07-13T07:43:58.817+0200: 4,178: Total time for which application threads were stopped: 0,0015114 seconds, Stopping threads took: 0,0013622 seconds
2017-07-13T07:43:58.825+0200: 4,186: Total time for which application threads were stopped: 0,0003712 seconds, Stopping threads took: 0,0002615 seconds
2017-07-13T07:43:58.860+0200: 4,221: Total time for which application threads were stopped: 0,0010661 seconds, Stopping threads took: 0,0009374 seconds
2017-07-13T07:43:58.887+0200: 4,248: Total time for which application threads were stopped: 0,0001315 seconds, Stopping threads took: 0,0000310 seconds
2017-07-13T07:43:58.892+0200: 4,253: Total time for which application threads were stopped: 0,0004600 seconds, Stopping threads took: 0,0000229 seconds
2017-07-13T07:43:58.893+0200: 4,254: Total time for which application threads were stopped: 0,0001369 seconds, Stopping threads took: 0,0000371 seconds
2017-07-13T07:43:58.895+0200: 4,256: Total time for which application threads were stopped: 0,0001204 seconds, Stopping threads took: 0,0000351 seconds
2017-07-13T07:43:58.917+0200: 4,278: Total time for which application threads were stopped: 0,0066416 seconds, Stopping threads took: 0,0061154 seconds
2017-07-13T07:43:58.919+0200: 4,280: Total time for which application threads were stopped: 0,0001948 seconds, Stopping threads took: 0,0000492 seconds
2017-07-13T07:43:58.939+0200: 4,300: Total time for which application threads were stopped: 0,0002716 seconds, Stopping threads took: 0,0001351 seconds
2017-07-13T07:43:58.941+0200: 4,302: Total time for which application threads were stopped: 0,0003359 seconds, Stopping threads took: 0,0002219 seconds
2017-07-13T07:43:58.948+0200: 4,309: Total time for which application threads were stopped: 0,0001105 seconds, Stopping threads took: 0,0000306 seconds
2017-07-13T07:43:58.948+0200: 4,309: Total time for which application threads were stopped: 0,0001627 seconds, Stopping threads took: 0,0000264 seconds
2017-07-13T07:43:59.013+0200: 4,374: Total time for which application threads were stopped: 0,0006698 seconds, Stopping threads took: 0,0002922 seconds
2017-07-13T07:43:59.019+0200: 4,380: Total time for which application threads were stopped: 0,0005163 seconds, Stopping threads took: 0,0004406 seconds
2017-07-13T07:43:59.035+0200: 4,396: Total time for which application threads were stopped: 0,0001225 seconds, Stopping threads took: 0,0000488 seconds
2017-07-13T07:43:59.038+0200: 4,399: Total time for which application threads were stopped: 0,0005396 seconds, Stopping threads took: 0,0004299 seconds
2017-07-13T07:43:59.047+0200: 4,408: Total time for which application threads were stopped: 0,0001812 seconds, Stopping threads took: 0,0000404 seconds
2017-07-13T07:43:59.051+0200: 4,412: Total time for which application threads were stopped: 0,0001980 seconds, Stopping threads took: 0,0000941 seconds
2017-07-13T07:43:59.051+0200: 4,412: Total time for which application threads were stopped: 0,0001620 seconds, Stopping threads took: 0,0000453 seconds
2017-07-13T07:43:59.056+0200: 4,417: Total time for which application threads were stopped: 0,0007802 seconds, Stopping threads took: 0,0006730 seconds
2017-07-13T07:43:59.056+0200: 4,417: Total time for which application threads were stopped: 0,0000778 seconds, Stopping threads took: 0,0000191 seconds
2017-07-13T07:43:59.056+0200: 4,417: Total time for which application threads were stopped: 0,0001363 seconds, Stopping threads took: 0,0000791 seconds
2017-07-13T07:43:59.056+0200: 4,417: Total time for which application threads were stopped: 0,0000388 seconds, Stopping threads took: 0,0000067 seconds
2017-07-13T07:43:59.057+0200: 4,418: Total time for which application threads were stopped: 0,0000416 seconds, Stopping threads took: 0,0000068 seconds
2017-07-13T07:43:59.057+0200: 4,418: Total time for which application threads were stopped: 0,0000357 seconds, Stopping threads took: 0,0000063 seconds
2017-07-13T07:43:59.057+0200: 4,418: Total time for which application threads were stopped: 0,0000440 seconds, Stopping threads took: 0,0000061 seconds
2017-07-13T07:43:59.057+0200: 4,418: Total time for which application threads were stopped: 0,0000381 seconds, Stopping threads took: 0,0000074 seconds
2017-07-13T07:43:59.057+0200: 4,418: Total time for which application threads were stopped: 0,0000390 seconds, Stopping threads took: 0,0000073 seconds
2017-07-13T07:43:59.057+0200: 4,418: Total time for which application threads were stopped: 0,0000347 seconds, Stopping threads took: 0,0000061 seconds
2017-07-13T07:43:59.057+0200: 4,418: Total time for which application threads were stopped: 0,0000373 seconds, Stopping threads took: 0,0000070 seconds
2017-07-13T07:43:59.057+0200: 4,418: Total time for which application threads were stopped: 0,0000363 seconds, Stopping threads took: 0,0000065 seconds
2017-07-13T07:43:59.058+0200: 4,419: Total time for which application threads were stopped: 0,0000878 seconds, Stopping threads took: 0,0000081 seconds
2017-07-13T07:43:59.059+0200: 4,420: Total time for which application threads were stopped: 0,0001317 seconds, Stopping threads took: 0,0000285 seconds
2017-07-13T07:43:59.059+0200: 4,420: Total time for which application threads were stopped: 0,0001978 seconds, Stopping threads took: 0,0000342 seconds
2017-07-13T07:43:59.060+0200: 4,421: Total time for which application threads were stopped: 0,0001414 seconds, Stopping threads took: 0,0000371 seconds
2017-07-13T07:43:59.060+0200: 4,421: Total time for which application threads were stopped: 0,0002223 seconds, Stopping threads took: 0,0000137 seconds
2017-07-13T07:43:59.063+0200: 4,424: Total time for which application threads were stopped: 0,0001373 seconds, Stopping threads took: 0,0000441 seconds
2017-07-13T07:43:59.064+0200: 4,425: Total time for which application threads were stopped: 0,0001245 seconds, Stopping threads took: 0,0000316 seconds
2017-07-13T07:43:59.077+0200: 4,438: Total time for which application threads were stopped: 0,0002006 seconds, Stopping threads took: 0,0001201 seconds
2017-07-13T07:43:59.098+0200: 4,459: Total time for which application threads were stopped: 0,0004346 seconds, Stopping threads took: 0,0002966 seconds
2017-07-13T07:43:59.129+0200: 4,490: Total time for which application threads were stopped: 0,0001764 seconds, Stopping threads took: 0,0000847 seconds
2017-07-13T07:43:59.138+0200: 4,499: Total time for which application threads were stopped: 0,0001265 seconds, Stopping threads took: 0,0000472 seconds
2017-07-13T07:43:59.226+0200: 4,587: Total time for which application threads were stopped: 0,0005959 seconds, Stopping threads took: 0,0000341 seconds
2017-07-13T07:43:59.354+0200: 4,715: Total time for which application threads were stopped: 0,0292540 seconds, Stopping threads took: 0,0291294 seconds
2017-07-13T07:43:59.354+0200: 4,715: Total time for which application threads were stopped: 0,0000488 seconds, Stopping threads took: 0,0000104 seconds
2017-07-13T07:44:02.354+0200: 7,715: Total time for which application threads were stopped: 0,0000853 seconds, Stopping threads took: 0,0000204 seconds
2017-07-13T07:44:17.356+0200: 22,717: Total time for which application threads were stopped: 0,0001634 seconds, Stopping threads took: 0,0000903 seconds
2017-07-13T07:44:25.639+0200: 31,718: Total time for which application threads were stopped: 0,0000703 seconds, Stopping threads took: 0,0000184 seconds
2017-07-13T07:45:51.650+0200: 117,729: Total time for which application threads were stopped: 0,0001299 seconds, Stopping threads took: 0,0000536 seconds
2017-07-13T07:45:56.651+0200: 122,729: Total time for which application threads were stopped: 0,0000719 seconds, Stopping threads took: 0,0000195 seconds
{Heap before GC invocations=9 (full 1):
 par new generation   total 109248K, used 94174K [0x00000000e0000000, 0x00000000e8000000, 0x00000000e8000000)
  eden space 87424K, 100% used [0x00000000e0000000, 0x00000000e5560000, 0x00000000e5560000)
  from space 21824K,  30% used [0x00000000e6ab0000, 0x00000000e7147800, 0x00000000e8000000)
  to   space 21824K,   0% used [0x00000000e5560000, 0x00000000e5560000, 0x00000000e6ab0000)
 concurrent mark-sweep generation total 393216K, used 6040K [0x00000000e8000000, 0x0000000100000000, 0x0000000100000000)
 Metaspace       used 27997K, capacity 28556K, committed 28796K, reserved 1075200K
  class space    used 3212K, capacity 3389K, committed 3452K, reserved 1048576K
2017-07-13T07:46:49.947+0200: 176,026: [GC (Allocation Failure) 2017-07-13T07:46:49.947+0200: 176,026: [ParNew
Desired survivor size 20112992 bytes, new threshold 8 (max 8)
- age   1:   10831928 bytes,   10831928 total
- age   2:     212512 bytes,   11044440 total
- age   3:     232088 bytes,   11276528 total
- age   4:    1761736 bytes,   13038264 total
- age   5:      66112 bytes,   13104376 total
- age   6:      91240 bytes,   13195616 total
- age   8:     188808 bytes,   13384424 total
: 94174K->14567K(109248K), 0,0155700 secs] 100214K->21447K(502464K), 0,0156564 secs] [Times: user=0,05 sys=0,01, real=0,01 secs] 
Heap after GC invocations=10 (full 1):
 par new generation   total 109248K, used 14567K [0x00000000e0000000, 0x00000000e8000000, 0x00000000e8000000)
  eden space 87424K,   0% used [0x00000000e0000000, 0x00000000e0000000, 0x00000000e5560000)
  from space 21824K,  66% used [0x00000000e5560000, 0x00000000e6399c90, 0x00000000e6ab0000)
  to   space 21824K,   0% used [0x00000000e6ab0000, 0x00000000e6ab0000, 0x00000000e8000000)
 concurrent mark-sweep generation total 393216K, used 6879K [0x00000000e8000000, 0x0000000100000000, 0x0000000100000000)
 Metaspace       used 27997K, capacity 28556K, committed 28796K, reserved 1075200K
  class space    used 3212K, capacity 3389K, committed 3452K, reserved 1048576K
}
2017-07-13T07:46:49.963+0200: 176,041: Total time for which application threads were stopped: 0,0159345 seconds, Stopping threads took: 0,0001345 seconds
2017-07-13T07:46:49.965+0200: 176,043: Total time for which application threads were stopped: 0,0000842 seconds, Stopping threads took: 0,0000240 seconds
2017-07-13T07:46:49.965+0200: 176,043: Total time for which application threads were stopped: 0,0000897 seconds, Stopping threads took: 0,0000594 seconds
2017-07-13T07:46:54.965+0200: 181,044: Total time for which application threads were stopped: 0,0000710 seconds, Stopping threads took: 0,0000186 seconds
2017-07-13T07:48:29.977+0200: 276,055: Total time for which application threads were stopped: 0,0000932 seconds, Stopping threads took: 0,0000384 seconds
2017-07-13T08:07:25.098+0200: 1411,177: Total time for which application threads were stopped: 0,0001167 seconds, Stopping threads took: 0,0000422 seconds
2017-07-13T08:10:05.114+0200: 1571,193: Total time for which application threads were stopped: 0,0001027 seconds, Stopping threads took: 0,0000321 seconds
2017-07-13T08:22:15.189+0200: 2301,267: Total time for which application threads were stopped: 0,0000789 seconds, Stopping threads took: 0,0000302 seconds
2017-07-13T08:22:16.189+0200: 2302,268: Total time for which application threads were stopped: 0,0000679 seconds, Stopping threads took: 0,0000145 seconds
2017-07-13T08:37:06.281+0200: 3192,359: Total time for which application threads were stopped: 0,0000877 seconds, Stopping threads took: 0,0000325 seconds
2017-07-13T08:37:11.282+0200: 3197,360: Total time for which application threads were stopped: 0,0007215 seconds, Stopping threads took: 0,0001357 seconds
2017-07-13T08:46:20.339+0200: 3746,417: Total time for which application threads were stopped: 0,0000946 seconds, Stopping threads took: 0,0000289 seconds
2017-07-13T08:49:56.360+0200: 3962,438: Total time for which application threads were stopped: 0,0000792 seconds, Stopping threads took: 0,0000314 seconds
2017-07-13T08:51:30.369+0200: 4056,448: Total time for which application threads were stopped: 0,0000800 seconds, Stopping threads took: 0,0000299 seconds
2017-07-13T09:02:16.432+0200: 4702,511: Total time for which application threads were stopped: 0,0000850 seconds, Stopping threads took: 0,0000354 seconds
2017-07-13T09:04:44.678+0200: 4850,756: Total time for which application threads were stopped: 0,0000942 seconds, Stopping threads took: 0,0000181 seconds
2017-07-13T09:04:44.721+0200: 4850,800: Total time for which application threads were stopped: 0,0426128 seconds, Stopping threads took: 0,0425446 seconds
2017-07-13T09:04:44.723+0200: 4850,801: Total time for which application threads were stopped: 0,0000878 seconds, Stopping threads took: 0,0000212 seconds
2017-07-13T09:04:44.724+0200: 4850,803: Total time for which application threads were stopped: 0,0008684 seconds, Stopping threads took: 0,0007968 seconds
2017-07-13T09:04:44.729+0200: 4850,807: Total time for which application threads were stopped: 0,0038868 seconds, Stopping threads took: 0,0037877 seconds
2017-07-13T09:04:44.729+0200: 4850,808: Total time for which application threads were stopped: 0,0004432 seconds, Stopping threads took: 0,0003643 seconds
2017-07-13T09:04:44.730+0200: 4850,808: Total time for which application threads were stopped: 0,0000888 seconds, Stopping threads took: 0,0000318 seconds
2017-07-13T09:04:44.731+0200: 4850,809: Total time for which application threads were stopped: 0,0010598 seconds, Stopping threads took: 0,0009902 seconds
2017-07-13T09:04:44.731+0200: 4850,810: Total time for which application threads were stopped: 0,0002500 seconds, Stopping threads took: 0,0001668 seconds
2017-07-13T09:04:44.732+0200: 4850,810: Total time for which application threads were stopped: 0,0000747 seconds, Stopping threads took: 0,0000118 seconds
2017-07-13T09:04:44.732+0200: 4850,810: Total time for which application threads were stopped: 0,0000679 seconds, Stopping threads took: 0,0000150 seconds
2017-07-13T09:04:44.732+0200: 4850,810: Total time for which application threads were stopped: 0,0000415 seconds, Stopping threads took: 0,0000055 seconds
2017-07-13T09:04:44.732+0200: 4850,811: Total time for which application threads were stopped: 0,0000374 seconds, Stopping threads took: 0,0000051 seconds
2017-07-13T09:04:44.732+0200: 4850,811: Total time for which application threads were stopped: 0,0000346 seconds, Stopping threads took: 0,0000051 seconds
2017-07-13T09:04:44.733+0200: 4850,811: Total time for which application threads were stopped: 0,0000648 seconds, Stopping threads took: 0,0000119 seconds
2017-07-13T09:04:44.733+0200: 4850,811: Total time for which application threads were stopped: 0,0000419 seconds, Stopping threads took: 0,0000060 seconds
2017-07-13T09:04:44.733+0200: 4850,811: Total time for which application threads were stopped: 0,0000342 seconds, Stopping threads took: 0,0000050 seconds
2017-07-13T09:04:44.733+0200: 4850,811: Total time for which application threads were stopped: 0,0000420 seconds, Stopping threads took: 0,0000041 seconds
2017-07-13T09:04:44.733+0200: 4850,811: Total time for which application threads were stopped: 0,0000357 seconds, Stopping threads took: 0,0000044 seconds
2017-07-13T09:04:44.733+0200: 4850,811: Total time for which application threads were stopped: 0,0000329 seconds, Stopping threads took: 0,0000046 seconds
2017-07-13T09:04:44.733+0200: 4850,812: Total time for which application threads were stopped: 0,0000341 seconds, Stopping threads took: 0,0000047 seconds
2017-07-13T09:04:44.733+0200: 4850,812: Total time for which application threads were stopped: 0,0000334 seconds, Stopping threads took: 0,0000049 seconds
2017-07-13T09:04:44.733+0200: 4850,812: Total time for which application threads were stopped: 0,0000355 seconds, Stopping threads took: 0,0000049 seconds
2017-07-13T09:04:44.733+0200: 4850,812: Total time for which application threads were stopped: 0,0000345 seconds, Stopping threads took: 0,0000048 seconds
2017-07-13T09:04:44.733+0200: 4850,812: Total time for which application threads were stopped: 0,0000362 seconds, Stopping threads took: 0,0000050 seconds
2017-07-13T09:04:44.734+0200: 4850,812: Total time for which application threads were stopped: 0,0000321 seconds, Stopping threads took: 0,0000046 seconds
2017-07-13T09:04:44.734+0200: 4850,812: Total time for which application threads were stopped: 0,0000340 seconds, Stopping threads took: 0,0000046 seconds
2017-07-13T09:04:44.734+0200: 4850,812: Total time for which application threads were stopped: 0,0000333 seconds, Stopping threads took: 0,0000048 seconds
2017-07-13T09:04:44.742+0200: 4850,820: Total time for which application threads were stopped: 0,0001059 seconds, Stopping threads took: 0,0000342 seconds
2017-07-13T09:04:44.749+0200: 4850,828: Total time for which application threads were stopped: 0,0002165 seconds, Stopping threads took: 0,0001453 seconds
2017-07-13T09:04:44.757+0200: 4850,835: Total time for which application threads were stopped: 0,0036529 seconds, Stopping threads took: 0,0035661 seconds
2017-07-13T09:04:44.757+0200: 4850,835: Total time for which application threads were stopped: 0,0001299 seconds, Stopping threads took: 0,0000208 seconds
2017-07-13T09:04:44.761+0200: 4850,839: Total time for which application threads were stopped: 0,0000830 seconds, Stopping threads took: 0,0000226 seconds
2017-07-13T09:04:44.761+0200: 4850,839: Total time for which application threads were stopped: 0,0000360 seconds, Stopping threads took: 0,0000051 seconds
2017-07-13T09:04:44.761+0200: 4850,839: Total time for which application threads were stopped: 0,0000342 seconds, Stopping threads took: 0,0000053 seconds
2017-07-13T09:04:44.761+0200: 4850,839: Total time for which application threads were stopped: 0,0000346 seconds, Stopping threads took: 0,0000047 seconds
2017-07-13T09:04:44.761+0200: 4850,840: Total time for which application threads were stopped: 0,0000320 seconds, Stopping threads took: 0,0000044 seconds
2017-07-13T09:04:44.761+0200: 4850,840: Total time for which application threads were stopped: 0,0000328 seconds, Stopping threads took: 0,0000043 seconds
2017-07-13T09:04:44.764+0200: 4850,842: Total time for which application threads were stopped: 0,0001180 seconds, Stopping threads took: 0,0000364 seconds
2017-07-13T09:04:44.764+0200: 4850,842: Total time for which application threads were stopped: 0,0000793 seconds, Stopping threads took: 0,0000320 seconds
2017-07-13T09:04:44.765+0200: 4850,843: Total time for which application threads were stopped: 0,0000765 seconds, Stopping threads took: 0,0000147 seconds
2017-07-13T09:04:44.765+0200: 4850,843: Total time for which application threads were stopped: 0,0000645 seconds, Stopping threads took: 0,0000178 seconds
2017-07-13T09:04:44.765+0200: 4850,843: Total time for which application threads were stopped: 0,0000506 seconds, Stopping threads took: 0,0000137 seconds
2017-07-13T09:04:44.765+0200: 4850,844: Total time for which application threads were stopped: 0,0000427 seconds, Stopping threads took: 0,0000141 seconds
2017-07-13T09:04:44.765+0200: 4850,844: Total time for which application threads were stopped: 0,0000417 seconds, Stopping threads took: 0,0000136 seconds
2017-07-13T09:04:44.765+0200: 4850,844: Total time for which application threads were stopped: 0,0000411 seconds, Stopping threads took: 0,0000118 seconds
2017-07-13T09:04:44.765+0200: 4850,844: Total time for which application threads were stopped: 0,0000441 seconds, Stopping threads took: 0,0000112 seconds
2017-07-13T09:04:44.765+0200: 4850,844: Total time for which application threads were stopped: 0,0000404 seconds, Stopping threads took: 0,0000110 seconds
2017-07-13T09:04:44.766+0200: 4850,844: Total time for which application threads were stopped: 0,0000401 seconds, Stopping threads took: 0,0000110 seconds
2017-07-13T09:04:44.766+0200: 4850,844: Total time for which application threads were stopped: 0,0000393 seconds, Stopping threads took: 0,0000108 seconds
2017-07-13T09:04:44.771+0200: 4850,850: Total time for which application threads were stopped: 0,0029409 seconds, Stopping threads took: 0,0028677 seconds
2017-07-13T09:04:44.774+0200: 4850,853: Total time for which application threads were stopped: 0,0000865 seconds, Stopping threads took: 0,0000258 seconds
2017-07-13T09:04:44.775+0200: 4850,853: Total time for which application threads were stopped: 0,0000470 seconds, Stopping threads took: 0,0000153 seconds
2017-07-13T09:04:44.775+0200: 4850,853: Total time for which application threads were stopped: 0,0000404 seconds, Stopping threads took: 0,0000116 seconds
2017-07-13T09:04:44.777+0200: 4850,856: Total time for which application threads were stopped: 0,0001135 seconds, Stopping threads took: 0,0000404 seconds
2017-07-13T09:04:44.778+0200: 4850,857: Total time for which application threads were stopped: 0,0000652 seconds, Stopping threads took: 0,0000225 seconds
2017-07-13T09:04:44.778+0200: 4850,857: Total time for which application threads were stopped: 0,0000436 seconds, Stopping threads took: 0,0000120 seconds
2017-07-13T09:04:44.778+0200: 4850,857: Total time for which application threads were stopped: 0,0000411 seconds, Stopping threads took: 0,0000123 seconds
2017-07-13T09:04:44.778+0200: 4850,857: Total time for which application threads were stopped: 0,0000481 seconds, Stopping threads took: 0,0000156 seconds
2017-07-13T09:04:44.779+0200: 4850,858: Total time for which application threads were stopped: 0,0000782 seconds, Stopping threads took: 0,0000247 seconds
2017-07-13T09:04:44.780+0200: 4850,858: Total time for which application threads were stopped: 0,0000547 seconds, Stopping threads took: 0,0000166 seconds
2017-07-13T09:04:44.780+0200: 4850,858: Total time for which application threads were stopped: 0,0000444 seconds, Stopping threads took: 0,0000143 seconds
2017-07-13T09:04:44.781+0200: 4850,859: Total time for which application threads were stopped: 0,0000760 seconds, Stopping threads took: 0,0000276 seconds
2017-07-13T09:04:44.781+0200: 4850,859: Total time for which application threads were stopped: 0,0000482 seconds, Stopping threads took: 0,0000166 seconds
2017-07-13T09:04:44.781+0200: 4850,859: Total time for which application threads were stopped: 0,0000436 seconds, Stopping threads took: 0,0000144 seconds
2017-07-13T09:04:44.782+0200: 4850,860: Total time for which application threads were stopped: 0,0000912 seconds, Stopping threads took: 0,0000263 seconds
2017-07-13T09:04:44.782+0200: 4850,861: Total time for which application threads were stopped: 0,0000484 seconds, Stopping threads took: 0,0000159 seconds
2017-07-13T09:04:44.782+0200: 4850,861: Total time for which application threads were stopped: 0,0000420 seconds, Stopping threads took: 0,0000135 seconds
2017-07-13T09:04:44.783+0200: 4850,861: Total time for which application threads were stopped: 0,0000516 seconds, Stopping threads took: 0,0000157 seconds
2017-07-13T09:04:44.783+0200: 4850,861: Total time for which application threads were stopped: 0,0000457 seconds, Stopping threads took: 0,0000141 seconds
2017-07-13T09:04:44.783+0200: 4850,861: Total time for which application threads were stopped: 0,0001687 seconds, Stopping threads took: 0,0000158 seconds
2017-07-13T09:04:44.784+0200: 4850,863: Total time for which application threads were stopped: 0,0001210 seconds, Stopping threads took: 0,0000415 seconds
2017-07-13T09:04:44.784+0200: 4850,863: Total time for which application threads were stopped: 0,0000746 seconds, Stopping threads took: 0,0000406 seconds
2017-07-13T09:04:44.784+0200: 4850,863: Total time for which application threads were stopped: 0,0000419 seconds, Stopping threads took: 0,0000126 seconds
2017-07-13T09:04:44.785+0200: 4850,863: Total time for which application threads were stopped: 0,0000414 seconds, Stopping threads took: 0,0000113 seconds
2017-07-13T09:04:44.785+0200: 4850,863: Total time for which application threads were stopped: 0,0000392 seconds, Stopping threads took: 0,0000108 seconds
2017-07-13T09:04:44.785+0200: 4850,863: Total time for which application threads were stopped: 0,0000572 seconds, Stopping threads took: 0,0000297 seconds
2017-07-13T09:04:44.785+0200: 4850,863: Total time for which application threads were stopped: 0,0000383 seconds, Stopping threads took: 0,0000110 seconds
2017-07-13T09:04:44.785+0200: 4850,863: Total time for which application threads were stopped: 0,0000395 seconds, Stopping threads took: 0,0000125 seconds
2017-07-13T09:04:44.785+0200: 4850,863: Total time for which application threads were stopped: 0,0000379 seconds, Stopping threads took: 0,0000118 seconds
2017-07-13T09:04:44.785+0200: 4850,863: Total time for which application threads were stopped: 0,0000409 seconds, Stopping threads took: 0,0000129 seconds
2017-07-13T09:04:44.785+0200: 4850,863: Total time for which application threads were stopped: 0,0000417 seconds, Stopping threads took: 0,0000135 seconds
2017-07-13T09:04:44.785+0200: 4850,864: Total time for which application threads were stopped: 0,0001643 seconds, Stopping threads took: 0,0000126 seconds
2017-07-13T09:04:44.788+0200: 4850,866: Total time for which application threads were stopped: 0,0001796 seconds, Stopping threads took: 0,0000375 seconds
2017-07-13T09:04:44.789+0200: 4850,868: Total time for which application threads were stopped: 0,0000998 seconds, Stopping threads took: 0,0000156 seconds
Heap
 par new generation   total 109248K, used 34804K [0x00000000e0000000, 0x00000000e8000000, 0x00000000e8000000)
  eden space 87424K,  23% used [0x00000000e0000000, 0x00000000e13c3660, 0x00000000e5560000)
  from space 21824K,  66% used [0x00000000e5560000, 0x00000000e6399c90, 0x00000000e6ab0000)
  to   space 21824K,   0% used [0x00000000e6ab0000, 0x00000000e6ab0000, 0x00000000e8000000)
 concurrent mark-sweep generation total 393216K, used 6879K [0x00000000e8000000, 0x0000000100000000, 0x0000000100000000)
 Metaspace       used 28119K, capacity 28660K, committed 28796K, reserved 1075200K
  class space    used 3226K, capacity 3423K, committed 3452K, reserved 1048576K
