OpenJDK 64-Bit Server VM (25.131-b11) for linux-amd64 JRE (1.8.0_131-8u131-b11-2ubuntu1.16.04.3-b11), built on Jul 28 2017 01:23:32 by "buildd" with gcc 5.4.0 20160609
Memory: 4k page, physical 7867736k(7474884k free), swap 8076284k(8076284k free)
CommandLine flags: -XX:CMSInitiatingOccupancyFraction=50 -XX:CMSMaxAbortablePrecleanTime=6000 -XX:+CMSParallelRemarkEnabled -XX:+CMSScavengeBeforeRemark -XX:ConcGCThreads=4 -XX:InitialHeapSize=536870912 -XX:MaxHeapSize=536870912 -XX:MaxTenuringThreshold=8 -XX:NewRatio=3 -XX:OldPLABSize=16 -XX:OnOutOfMemoryError=/opt/solr/bin/oom_solr.sh 8983 /var/solr/logs -XX:ParallelGCThreads=4 -XX:+ParallelRefProcEnabled -XX:PretenureSizeThreshold=67108864 -XX:+PrintGC -XX:+PrintGCApplicationStoppedTime -XX:+PrintGCDateStamps -XX:+PrintGCDetails -XX:+PrintGCTimeStamps -XX:+PrintHeapAtGC -XX:+PrintTenuringDistribution -XX:SurvivorRatio=4 -XX:TargetSurvivorRatio=90 -XX:ThreadStackSize=256 -XX:+UseCMSInitiatingOccupancyOnly -XX:+UseCompressedClassPointers -XX:+UseCompressedOops -XX:+UseConcMarkSweepGC -XX:+UseParNewGC 
2017-08-03T09:11:50.797+0200: 0,179: Total time for which application threads were stopped: 0,0001224 seconds, Stopping threads took: 0,0000232 seconds
2017-08-03T09:11:50.898+0200: 0,280: Total time for which application threads were stopped: 0,0001404 seconds, Stopping threads took: 0,0000242 seconds
2017-08-03T09:11:50.923+0200: 0,305: Total time for which application threads were stopped: 0,0000982 seconds, Stopping threads took: 0,0000165 seconds
2017-08-03T09:11:51.233+0200: 0,616: Total time for which application threads were stopped: 0,0002682 seconds, Stopping threads took: 0,0000268 seconds
2017-08-03T09:11:51.666+0200: 1,049: Total time for which application threads were stopped: 0,0001641 seconds, Stopping threads took: 0,0000258 seconds
2017-08-03T09:11:51.774+0200: 1,156: Total time for which application threads were stopped: 0,0001529 seconds, Stopping threads took: 0,0000124 seconds
2017-08-03T09:11:51.823+0200: 1,205: Total time for which application threads were stopped: 0,0062424 seconds, Stopping threads took: 0,0000465 seconds
2017-08-03T09:11:52.110+0200: 1,493: Total time for which application threads were stopped: 0,0001556 seconds, Stopping threads took: 0,0000115 seconds
2017-08-03T09:11:52.364+0200: 1,746: Total time for which application threads were stopped: 0,0001942 seconds, Stopping threads took: 0,0000189 seconds
2017-08-03T09:11:52.394+0200: 1,776: Total time for which application threads were stopped: 0,0001872 seconds, Stopping threads took: 0,0000220 seconds
2017-08-03T09:11:52.428+0200: 1,810: Total time for which application threads were stopped: 0,0002333 seconds, Stopping threads took: 0,0000222 seconds
2017-08-03T09:11:52.429+0200: 1,811: Total time for which application threads were stopped: 0,0002051 seconds, Stopping threads took: 0,0000173 seconds
2017-08-03T09:11:52.449+0200: 1,831: Total time for which application threads were stopped: 0,0001657 seconds, Stopping threads took: 0,0000159 seconds
2017-08-03T09:11:52.548+0200: 1,931: Total time for which application threads were stopped: 0,0002490 seconds, Stopping threads took: 0,0000251 seconds
2017-08-03T09:11:52.741+0200: 2,124: Total time for which application threads were stopped: 0,0002585 seconds, Stopping threads took: 0,0000501 seconds
{Heap before GC invocations=0 (full 0):
 par new generation   total 109248K, used 87424K [0x00000000e0000000, 0x00000000e8000000, 0x00000000e8000000)
  eden space 87424K, 100% used [0x00000000e0000000, 0x00000000e5560000, 0x00000000e5560000)
  from space 21824K,   0% used [0x00000000e5560000, 0x00000000e5560000, 0x00000000e6ab0000)
  to   space 21824K,   0% used [0x00000000e6ab0000, 0x00000000e6ab0000, 0x00000000e8000000)
 concurrent mark-sweep generation total 393216K, used 0K [0x00000000e8000000, 0x0000000100000000, 0x0000000100000000)
 Metaspace       used 17778K, capacity 18112K, committed 18304K, reserved 1064960K
  class space    used 2023K, capacity 2164K, committed 2176K, reserved 1048576K
2017-08-03T09:11:52.773+0200: 2,155: [GC (Allocation Failure) 2017-08-03T09:11:52.773+0200: 2,155: [ParNew
Desired survivor size 20112992 bytes, new threshold 8 (max 8)
- age   1:   11552560 bytes,   11552560 total
: 87424K->11387K(109248K), 0,0149386 secs] 87424K->11387K(502464K), 0,0150188 secs] [Times: user=0,02 sys=0,03, real=0,02 secs] 
Heap after GC invocations=1 (full 0):
 par new generation   total 109248K, used 11387K [0x00000000e0000000, 0x00000000e8000000, 0x00000000e8000000)
  eden space 87424K,   0% used [0x00000000e0000000, 0x00000000e0000000, 0x00000000e5560000)
  from space 21824K,  52% used [0x00000000e6ab0000, 0x00000000e75cecd0, 0x00000000e8000000)
  to   space 21824K,   0% used [0x00000000e5560000, 0x00000000e5560000, 0x00000000e6ab0000)
 concurrent mark-sweep generation total 393216K, used 0K [0x00000000e8000000, 0x0000000100000000, 0x0000000100000000)
 Metaspace       used 17778K, capacity 18112K, committed 18304K, reserved 1064960K
  class space    used 2023K, capacity 2164K, committed 2176K, reserved 1048576K
}
2017-08-03T09:11:52.788+0200: 2,170: Total time for which application threads were stopped: 0,0152842 seconds, Stopping threads took: 0,0001116 seconds
2017-08-03T09:11:53.190+0200: 2,572: Total time for which application threads were stopped: 0,0004298 seconds, Stopping threads took: 0,0000388 seconds
{Heap before GC invocations=1 (full 0):
 par new generation   total 109248K, used 98811K [0x00000000e0000000, 0x00000000e8000000, 0x00000000e8000000)
  eden space 87424K, 100% used [0x00000000e0000000, 0x00000000e5560000, 0x00000000e5560000)
  from space 21824K,  52% used [0x00000000e6ab0000, 0x00000000e75cecd0, 0x00000000e8000000)
  to   space 21824K,   0% used [0x00000000e5560000, 0x00000000e5560000, 0x00000000e6ab0000)
 concurrent mark-sweep generation total 393216K, used 0K [0x00000000e8000000, 0x0000000100000000, 0x0000000100000000)
 Metaspace       used 20020K, capacity 20356K, committed 20736K, reserved 1067008K
  class space    used 2292K, capacity 2466K, committed 2560K, reserved 1048576K
2017-08-03T09:11:53.225+0200: 2,607: [GC (Allocation Failure) 2017-08-03T09:11:53.225+0200: 2,607: [ParNew
Desired survivor size 20112992 bytes, new threshold 8 (max 8)
- age   1:    4333976 bytes,    4333976 total
- age   2:    6083448 bytes,   10417424 total
: 98811K->14541K(109248K), 0,0117924 secs] 98811K->14541K(502464K), 0,0118639 secs] [Times: user=0,03 sys=0,01, real=0,02 secs] 
Heap after GC invocations=2 (full 0):
 par new generation   total 109248K, used 14541K [0x00000000e0000000, 0x00000000e8000000, 0x00000000e8000000)
  eden space 87424K,   0% used [0x00000000e0000000, 0x00000000e0000000, 0x00000000e5560000)
  from space 21824K,  66% used [0x00000000e5560000, 0x00000000e6393540, 0x00000000e6ab0000)
  to   space 21824K,   0% used [0x00000000e6ab0000, 0x00000000e6ab0000, 0x00000000e8000000)
 concurrent mark-sweep generation total 393216K, used 0K [0x00000000e8000000, 0x0000000100000000, 0x0000000100000000)
 Metaspace       used 20020K, capacity 20356K, committed 20736K, reserved 1067008K
  class space    used 2292K, capacity 2466K, committed 2560K, reserved 1048576K
}
2017-08-03T09:11:53.237+0200: 2,619: Total time for which application threads were stopped: 0,0121286 seconds, Stopping threads took: 0,0000798 seconds
2017-08-03T09:11:53.250+0200: 2,632: Total time for which application threads were stopped: 0,0023260 seconds, Stopping threads took: 0,0020300 seconds
2017-08-03T09:11:53.292+0200: 2,675: Total time for which application threads were stopped: 0,0004176 seconds, Stopping threads took: 0,0000931 seconds
2017-08-03T09:11:53.431+0200: 2,814: Total time for which application threads were stopped: 0,0001946 seconds, Stopping threads took: 0,0000431 seconds
{Heap before GC invocations=2 (full 0):
 par new generation   total 109248K, used 101965K [0x00000000e0000000, 0x00000000e8000000, 0x00000000e8000000)
  eden space 87424K, 100% used [0x00000000e0000000, 0x00000000e5560000, 0x00000000e5560000)
  from space 21824K,  66% used [0x00000000e5560000, 0x00000000e6393540, 0x00000000e6ab0000)
  to   space 21824K,   0% used [0x00000000e6ab0000, 0x00000000e6ab0000, 0x00000000e8000000)
 concurrent mark-sweep generation total 393216K, used 0K [0x00000000e8000000, 0x0000000100000000, 0x0000000100000000)
 Metaspace       used 20959K, capacity 21278K, committed 21628K, reserved 1069056K
  class space    used 2416K, capacity 2585K, committed 2684K, reserved 1048576K
2017-08-03T09:11:53.465+0200: 2,847: [GC (Allocation Failure) 2017-08-03T09:11:53.465+0200: 2,847: [ParNew
Desired survivor size 20112992 bytes, new threshold 8 (max 8)
- age   1:    2111184 bytes,    2111184 total
- age   2:    1432008 bytes,    3543192 total
- age   3:    6081296 bytes,    9624488 total
: 101965K->11265K(109248K), 0,0175924 secs] 101965K->11265K(502464K), 0,0176805 secs] [Times: user=0,07 sys=0,00, real=0,02 secs] 
Heap after GC invocations=3 (full 0):
 par new generation   total 109248K, used 11265K [0x00000000e0000000, 0x00000000e8000000, 0x00000000e8000000)
  eden space 87424K,   0% used [0x00000000e0000000, 0x00000000e0000000, 0x00000000e5560000)
  from space 21824K,  51% used [0x00000000e6ab0000, 0x00000000e75b0440, 0x00000000e8000000)
  to   space 21824K,   0% used [0x00000000e5560000, 0x00000000e5560000, 0x00000000e6ab0000)
 concurrent mark-sweep generation total 393216K, used 0K [0x00000000e8000000, 0x0000000100000000, 0x0000000100000000)
 Metaspace       used 20959K, capacity 21278K, committed 21628K, reserved 1069056K
  class space    used 2416K, capacity 2585K, committed 2684K, reserved 1048576K
}
2017-08-03T09:11:53.483+0200: 2,865: Total time for which application threads were stopped: 0,0178597 seconds, Stopping threads took: 0,0000307 seconds
2017-08-03T09:11:53.483+0200: 2,865: [GC (CMS Initial Mark) [1 CMS-initial-mark: 0K(393216K)] 11970K(502464K), 0,0043127 secs] [Times: user=0,02 sys=0,00, real=0,01 secs] 
2017-08-03T09:11:53.487+0200: 2,869: Total time for which application threads were stopped: 0,0044550 seconds, Stopping threads took: 0,0000458 seconds
2017-08-03T09:11:53.487+0200: 2,869: [CMS-concurrent-mark-start]
2017-08-03T09:11:53.488+0200: 2,871: [CMS-concurrent-mark: 0,001/0,001 secs] [Times: user=0,00 sys=0,00, real=0,00 secs] 
2017-08-03T09:11:53.488+0200: 2,871: [CMS-concurrent-preclean-start]
2017-08-03T09:11:53.490+0200: 2,872: [CMS-concurrent-preclean: 0,001/0,001 secs] [Times: user=0,01 sys=0,00, real=0,00 secs] 
2017-08-03T09:11:53.490+0200: 2,872: [CMS-concurrent-abortable-preclean-start]
2017-08-03T09:11:53.554+0200: 2,936: Total time for which application threads were stopped: 0,0001319 seconds, Stopping threads took: 0,0000466 seconds
{Heap before GC invocations=3 (full 1):
 par new generation   total 109248K, used 98689K [0x00000000e0000000, 0x00000000e8000000, 0x00000000e8000000)
  eden space 87424K, 100% used [0x00000000e0000000, 0x00000000e5560000, 0x00000000e5560000)
  from space 21824K,  51% used [0x00000000e6ab0000, 0x00000000e75b0440, 0x00000000e8000000)
  to   space 21824K,   0% used [0x00000000e5560000, 0x00000000e5560000, 0x00000000e6ab0000)
 concurrent mark-sweep generation total 393216K, used 0K [0x00000000e8000000, 0x0000000100000000, 0x0000000100000000)
 Metaspace       used 21226K, capacity 21612K, committed 21884K, reserved 1069056K
  class space    used 2443K, capacity 2599K, committed 2684K, reserved 1048576K
2017-08-03T09:11:53.580+0200: 2,963: [GC (Allocation Failure) 2017-08-03T09:11:53.580+0200: 2,963: [ParNew
Desired survivor size 20112992 bytes, new threshold 8 (max 8)
- age   1:     926536 bytes,     926536 total
- age   2:    1482528 bytes,    2409064 total
- age   3:    1427864 bytes,    3836928 total
- age   4:    6081272 bytes,    9918200 total
: 98689K->12685K(109248K), 0,0119598 secs] 98689K->12685K(502464K), 0,0120394 secs] [Times: user=0,03 sys=0,00, real=0,01 secs] 
Heap after GC invocations=4 (full 1):
 par new generation   total 109248K, used 12685K [0x00000000e0000000, 0x00000000e8000000, 0x00000000e8000000)
  eden space 87424K,   0% used [0x00000000e0000000, 0x00000000e0000000, 0x00000000e5560000)
  from space 21824K,  58% used [0x00000000e5560000, 0x00000000e61c37e0, 0x00000000e6ab0000)
  to   space 21824K,   0% used [0x00000000e6ab0000, 0x00000000e6ab0000, 0x00000000e8000000)
 concurrent mark-sweep generation total 393216K, used 0K [0x00000000e8000000, 0x0000000100000000, 0x0000000100000000)
 Metaspace       used 21226K, capacity 21612K, committed 21884K, reserved 1069056K
  class space    used 2443K, capacity 2599K, committed 2684K, reserved 1048576K
}
2017-08-03T09:11:53.592+0200: 2,975: Total time for which application threads were stopped: 0,0122636 seconds, Stopping threads took: 0,0000851 seconds
2017-08-03T09:11:53.592+0200: 2,975: [CMS-concurrent-abortable-preclean: 0,065/0,103 secs] [Times: user=0,38 sys=0,00, real=0,10 secs] 
2017-08-03T09:11:53.597+0200: 2,980: [GC (CMS Final Remark) [YG occupancy: 15329 K (109248 K)]{Heap before GC invocations=4 (full 1):
 par new generation   total 109248K, used 15329K [0x00000000e0000000, 0x00000000e8000000, 0x00000000e8000000)
  eden space 87424K,   3% used [0x00000000e0000000, 0x00000000e0294f20, 0x00000000e5560000)
  from space 21824K,  58% used [0x00000000e5560000, 0x00000000e61c37e0, 0x00000000e6ab0000)
  to   space 21824K,   0% used [0x00000000e6ab0000, 0x00000000e6ab0000, 0x00000000e8000000)
 concurrent mark-sweep generation total 393216K, used 0K [0x00000000e8000000, 0x0000000100000000, 0x0000000100000000)
 Metaspace       used 21226K, capacity 21612K, committed 21884K, reserved 1069056K
  class space    used 2443K, capacity 2599K, committed 2684K, reserved 1048576K
2017-08-03T09:11:53.598+0200: 2,980: [GC (CMS Final Remark) 2017-08-03T09:11:53.598+0200: 2,980: [ParNew
Desired survivor size 20112992 bytes, new threshold 8 (max 8)
- age   1:     701592 bytes,     701592 total
- age   2:     723112 bytes,    1424704 total
- age   3:    1482272 bytes,    2906976 total
- age   4:    1427864 bytes,    4334840 total
- age   5:    6081272 bytes,   10416112 total
: 15329K->12929K(109248K), 0,0092224 secs] 15329K->12929K(502464K), 0,0092662 secs] [Times: user=0,03 sys=0,00, real=0,01 secs] 
Heap after GC invocations=5 (full 1):
 par new generation   total 109248K, used 12929K [0x00000000e0000000, 0x00000000e8000000, 0x00000000e8000000)
  eden space 87424K,   0% used [0x00000000e0000000, 0x00000000e0000000, 0x00000000e5560000)
  from space 21824K,  59% used [0x00000000e6ab0000, 0x00000000e7750560, 0x00000000e8000000)
  to   space 21824K,   0% used [0x00000000e5560000, 0x00000000e5560000, 0x00000000e6ab0000)
 concurrent mark-sweep generation total 393216K, used 0K [0x00000000e8000000, 0x0000000100000000, 0x0000000100000000)
 Metaspace       used 21226K, capacity 21612K, committed 21884K, reserved 1069056K
  class space    used 2443K, capacity 2599K, committed 2684K, reserved 1048576K
}
2017-08-03T09:11:53.607+0200: 2,989: [Rescan (parallel) , 0,0040231 secs]2017-08-03T09:11:53.611+0200: 2,993: [weak refs processing, 0,0007887 secs]2017-08-03T09:11:53.612+0200: 2,994: [class unloading, 0,0027418 secs]2017-08-03T09:11:53.614+0200: 2,997: [scrub symbol table, 0,0031057 secs]2017-08-03T09:11:53.618+0200: 3,000: [scrub string table, 0,0004106 secs][1 CMS-remark: 0K(393216K)] 12929K(502464K), 0,0209986 secs] [Times: user=0,06 sys=0,00, real=0,02 secs] 
2017-08-03T09:11:53.618+0200: 3,001: Total time for which application threads were stopped: 0,0246071 seconds, Stopping threads took: 0,0035380 seconds
2017-08-03T09:11:53.619+0200: 3,001: [CMS-concurrent-sweep-start]
2017-08-03T09:11:53.619+0200: 3,001: [CMS-concurrent-sweep: 0,000/0,000 secs] [Times: user=0,00 sys=0,00, real=0,00 secs] 
2017-08-03T09:11:53.619+0200: 3,001: [CMS-concurrent-reset-start]
2017-08-03T09:11:53.620+0200: 3,003: [CMS-concurrent-reset: 0,002/0,002 secs] [Times: user=0,00 sys=0,00, real=0,00 secs] 
{Heap before GC invocations=5 (full 1):
 par new generation   total 109248K, used 100353K [0x00000000e0000000, 0x00000000e8000000, 0x00000000e8000000)
  eden space 87424K, 100% used [0x00000000e0000000, 0x00000000e5560000, 0x00000000e5560000)
  from space 21824K,  59% used [0x00000000e6ab0000, 0x00000000e7750560, 0x00000000e8000000)
  to   space 21824K,   0% used [0x00000000e5560000, 0x00000000e5560000, 0x00000000e6ab0000)
 concurrent mark-sweep generation total 393216K, used 0K [0x00000000e8000000, 0x0000000100000000, 0x0000000100000000)
 Metaspace       used 21396K, capacity 21778K, committed 21884K, reserved 1069056K
  class space    used 2468K, capacity 2632K, committed 2684K, reserved 1048576K
2017-08-03T09:11:53.708+0200: 3,090: [GC (Allocation Failure) 2017-08-03T09:11:53.708+0200: 3,090: [ParNew
Desired survivor size 20112992 bytes, new threshold 8 (max 8)
- age   1:    1483416 bytes,    1483416 total
- age   2:        296 bytes,    1483712 total
- age   3:     174976 bytes,    1658688 total
- age   4:    1481592 bytes,    3140280 total
- age   5:    1425848 bytes,    4566128 total
- age   6:    6081456 bytes,   10647584 total
: 100353K->18131K(109248K), 0,0095139 secs] 100353K->18131K(502464K), 0,0095948 secs] [Times: user=0,03 sys=0,00, real=0,01 secs] 
Heap after GC invocations=6 (full 1):
 par new generation   total 109248K, used 18131K [0x00000000e0000000, 0x00000000e8000000, 0x00000000e8000000)
  eden space 87424K,   0% used [0x00000000e0000000, 0x00000000e0000000, 0x00000000e5560000)
  from space 21824K,  83% used [0x00000000e5560000, 0x00000000e6714cc0, 0x00000000e6ab0000)
  to   space 21824K,   0% used [0x00000000e6ab0000, 0x00000000e6ab0000, 0x00000000e8000000)
 concurrent mark-sweep generation total 393216K, used 0K [0x00000000e8000000, 0x0000000100000000, 0x0000000100000000)
 Metaspace       used 21396K, capacity 21778K, committed 21884K, reserved 1069056K
  class space    used 2468K, capacity 2632K, committed 2684K, reserved 1048576K
}
2017-08-03T09:11:53.717+0200: 3,100: Total time for which application threads were stopped: 0,0144588 seconds, Stopping threads took: 0,0047299 seconds
2017-08-03T09:11:53.745+0200: 3,127: Total time for which application threads were stopped: 0,0004350 seconds, Stopping threads took: 0,0000392 seconds
2017-08-03T09:11:53.978+0200: 3,360: Total time for which application threads were stopped: 0,0027869 seconds, Stopping threads took: 0,0023152 seconds
2017-08-03T09:11:53.995+0200: 3,377: Total time for which application threads were stopped: 0,0010278 seconds, Stopping threads took: 0,0006844 seconds
{Heap before GC invocations=6 (full 1):
 par new generation   total 109248K, used 105555K [0x00000000e0000000, 0x00000000e8000000, 0x00000000e8000000)
  eden space 87424K, 100% used [0x00000000e0000000, 0x00000000e5560000, 0x00000000e5560000)
  from space 21824K,  83% used [0x00000000e5560000, 0x00000000e6714cc0, 0x00000000e6ab0000)
  to   space 21824K,   0% used [0x00000000e6ab0000, 0x00000000e6ab0000, 0x00000000e8000000)
 concurrent mark-sweep generation total 393216K, used 0K [0x00000000e8000000, 0x0000000100000000, 0x0000000100000000)
 Metaspace       used 23960K, capacity 24390K, committed 24572K, reserved 1071104K
  class space    used 2831K, capacity 3010K, committed 3068K, reserved 1048576K
2017-08-03T09:11:54.164+0200: 3,546: [GC (Allocation Failure) 2017-08-03T09:11:54.164+0200: 3,546: [ParNew
Desired survivor size 20112992 bytes, new threshold 8 (max 8)
- age   1:    5355496 bytes,    5355496 total
- age   2:     140816 bytes,    5496312 total
- age   3:        296 bytes,    5496608 total
- age   4:     173728 bytes,    5670336 total
- age   5:     312240 bytes,    5982576 total
- age   6:    1401360 bytes,    7383936 total
- age   7:    6073112 bytes,   13457048 total
: 105555K->15813K(109248K), 0,0137810 secs] 105555K->15813K(502464K), 0,0138485 secs] [Times: user=0,04 sys=0,00, real=0,02 secs] 
Heap after GC invocations=7 (full 1):
 par new generation   total 109248K, used 15813K [0x00000000e0000000, 0x00000000e8000000, 0x00000000e8000000)
  eden space 87424K,   0% used [0x00000000e0000000, 0x00000000e0000000, 0x00000000e5560000)
  from space 21824K,  72% used [0x00000000e6ab0000, 0x00000000e7a217f8, 0x00000000e8000000)
  to   space 21824K,   0% used [0x00000000e5560000, 0x00000000e5560000, 0x00000000e6ab0000)
 concurrent mark-sweep generation total 393216K, used 0K [0x00000000e8000000, 0x0000000100000000, 0x0000000100000000)
 Metaspace       used 23960K, capacity 24390K, committed 24572K, reserved 1071104K
  class space    used 2831K, capacity 3010K, committed 3068K, reserved 1048576K
}
2017-08-03T09:11:54.178+0200: 3,560: Total time for which application threads were stopped: 0,0141496 seconds, Stopping threads took: 0,0000747 seconds
{Heap before GC invocations=7 (full 1):
 par new generation   total 109248K, used 103237K [0x00000000e0000000, 0x00000000e8000000, 0x00000000e8000000)
  eden space 87424K, 100% used [0x00000000e0000000, 0x00000000e5560000, 0x00000000e5560000)
  from space 21824K,  72% used [0x00000000e6ab0000, 0x00000000e7a217f8, 0x00000000e8000000)
  to   space 21824K,   0% used [0x00000000e5560000, 0x00000000e5560000, 0x00000000e6ab0000)
 concurrent mark-sweep generation total 393216K, used 0K [0x00000000e8000000, 0x0000000100000000, 0x0000000100000000)
 Metaspace       used 24424K, capacity 24876K, committed 25084K, reserved 1071104K
  class space    used 2860K, capacity 3043K, committed 3068K, reserved 1048576K
2017-08-03T09:11:54.291+0200: 3,674: [GC (Allocation Failure) 2017-08-03T09:11:54.291+0200: 3,674: [ParNew
Desired survivor size 20112992 bytes, new threshold 8 (max 8)
- age   1:    1649112 bytes,    1649112 total
- age   2:    1854208 bytes,    3503320 total
- age   3:      98288 bytes,    3601608 total
- age   5:      89576 bytes,    3691184 total
- age   6:     208696 bytes,    3899880 total
- age   7:    1026584 bytes,    4926464 total
- age   8:    5890056 bytes,   10816520 total
: 103237K->16609K(109248K), 0,0141555 secs] 103237K->16609K(502464K), 0,0142538 secs] [Times: user=0,05 sys=0,00, real=0,02 secs] 
Heap after GC invocations=8 (full 1):
 par new generation   total 109248K, used 16609K [0x00000000e0000000, 0x00000000e8000000, 0x00000000e8000000)
  eden space 87424K,   0% used [0x00000000e0000000, 0x00000000e0000000, 0x00000000e5560000)
  from space 21824K,  76% used [0x00000000e5560000, 0x00000000e6598450, 0x00000000e6ab0000)
  to   space 21824K,   0% used [0x00000000e6ab0000, 0x00000000e6ab0000, 0x00000000e8000000)
 concurrent mark-sweep generation total 393216K, used 0K [0x00000000e8000000, 0x0000000100000000, 0x0000000100000000)
 Metaspace       used 24424K, capacity 24876K, committed 25084K, reserved 1071104K
  class space    used 2860K, capacity 3043K, committed 3068K, reserved 1048576K
}
2017-08-03T09:11:54.306+0200: 3,688: Total time for which application threads were stopped: 0,0146731 seconds, Stopping threads took: 0,0001634 seconds
{Heap before GC invocations=8 (full 1):
 par new generation   total 109248K, used 104033K [0x00000000e0000000, 0x00000000e8000000, 0x00000000e8000000)
  eden space 87424K, 100% used [0x00000000e0000000, 0x00000000e5560000, 0x00000000e5560000)
  from space 21824K,  76% used [0x00000000e5560000, 0x00000000e6598450, 0x00000000e6ab0000)
  to   space 21824K,   0% used [0x00000000e6ab0000, 0x00000000e6ab0000, 0x00000000e8000000)
 concurrent mark-sweep generation total 393216K, used 0K [0x00000000e8000000, 0x0000000100000000, 0x0000000100000000)
 Metaspace       used 24780K, capacity 25254K, committed 25468K, reserved 1071104K
  class space    used 2893K, capacity 3080K, committed 3196K, reserved 1048576K
2017-08-03T09:11:54.398+0200: 3,780: [GC (Allocation Failure) 2017-08-03T09:11:54.398+0200: 3,780: [ParNew
Desired survivor size 20112992 bytes, new threshold 8 (max 8)
- age   1:     866136 bytes,     866136 total
- age   2:     958552 bytes,    1824688 total
- age   3:    1780464 bytes,    3605152 total
- age   4:      98200 bytes,    3703352 total
- age   6:      86808 bytes,    3790160 total
- age   7:     205576 bytes,    3995736 total
- age   8:    1025056 bytes,    5020792 total
: 104033K->6758K(109248K), 0,0313035 secs] 104033K->12582K(502464K), 0,0313707 secs] [Times: user=0,10 sys=0,00, real=0,03 secs] 
Heap after GC invocations=9 (full 1):
 par new generation   total 109248K, used 6758K [0x00000000e0000000, 0x00000000e8000000, 0x00000000e8000000)
  eden space 87424K,   0% used [0x00000000e0000000, 0x00000000e0000000, 0x00000000e5560000)
  from space 21824K,  30% used [0x00000000e6ab0000, 0x00000000e7149830, 0x00000000e8000000)
  to   space 21824K,   0% used [0x00000000e5560000, 0x00000000e5560000, 0x00000000e6ab0000)
 concurrent mark-sweep generation total 393216K, used 5824K [0x00000000e8000000, 0x0000000100000000, 0x0000000100000000)
 Metaspace       used 24780K, capacity 25254K, committed 25468K, reserved 1071104K
  class space    used 2893K, capacity 3080K, committed 3196K, reserved 1048576K
}
2017-08-03T09:11:54.429+0200: 3,811: Total time for which application threads were stopped: 0,0316438 seconds, Stopping threads took: 0,0001236 seconds
2017-08-03T09:11:54.672+0200: 4,055: Total time for which application threads were stopped: 0,0005400 seconds, Stopping threads took: 0,0001066 seconds
2017-08-03T09:11:54.681+0200: 4,063: Total time for which application threads were stopped: 0,0004442 seconds, Stopping threads took: 0,0000507 seconds
2017-08-03T09:11:54.689+0200: 4,071: Total time for which application threads were stopped: 0,0003191 seconds, Stopping threads took: 0,0002420 seconds
2017-08-03T09:11:54.703+0200: 4,085: Total time for which application threads were stopped: 0,0004730 seconds, Stopping threads took: 0,0000995 seconds
2017-08-03T09:11:54.716+0200: 4,098: Total time for which application threads were stopped: 0,0001300 seconds, Stopping threads took: 0,0000374 seconds
2017-08-03T09:11:54.722+0200: 4,104: Total time for which application threads were stopped: 0,0002763 seconds, Stopping threads took: 0,0001934 seconds
2017-08-03T09:11:54.722+0200: 4,105: Total time for which application threads were stopped: 0,0000724 seconds, Stopping threads took: 0,0000148 seconds
2017-08-03T09:11:54.723+0200: 4,105: Total time for which application threads were stopped: 0,0000888 seconds, Stopping threads took: 0,0000213 seconds
2017-08-03T09:11:54.769+0200: 4,151: Total time for which application threads were stopped: 0,0004798 seconds, Stopping threads took: 0,0000340 seconds
2017-08-03T09:11:54.777+0200: 4,160: Total time for which application threads were stopped: 0,0001294 seconds, Stopping threads took: 0,0000559 seconds
2017-08-03T09:11:54.785+0200: 4,168: Total time for which application threads were stopped: 0,0001785 seconds, Stopping threads took: 0,0000753 seconds
2017-08-03T09:11:54.790+0200: 4,173: Total time for which application threads were stopped: 0,0001586 seconds, Stopping threads took: 0,0000499 seconds
2017-08-03T09:11:54.798+0200: 4,180: Total time for which application threads were stopped: 0,0057348 seconds, Stopping threads took: 0,0056382 seconds
2017-08-03T09:11:54.798+0200: 4,181: Total time for which application threads were stopped: 0,0001259 seconds, Stopping threads took: 0,0000446 seconds
2017-08-03T09:11:54.800+0200: 4,182: Total time for which application threads were stopped: 0,0007794 seconds, Stopping threads took: 0,0007173 seconds
2017-08-03T09:11:54.801+0200: 4,183: Total time for which application threads were stopped: 0,0001176 seconds, Stopping threads took: 0,0000343 seconds
2017-08-03T09:11:54.803+0200: 4,185: Total time for which application threads were stopped: 0,0001542 seconds, Stopping threads took: 0,0000371 seconds
2017-08-03T09:11:54.803+0200: 4,186: Total time for which application threads were stopped: 0,0001219 seconds, Stopping threads took: 0,0000295 seconds
2017-08-03T09:11:54.803+0200: 4,186: Total time for which application threads were stopped: 0,0001057 seconds, Stopping threads took: 0,0000314 seconds
2017-08-03T09:11:54.804+0200: 4,186: Total time for which application threads were stopped: 0,0000887 seconds, Stopping threads took: 0,0000216 seconds
2017-08-03T09:11:54.804+0200: 4,186: Total time for which application threads were stopped: 0,0000862 seconds, Stopping threads took: 0,0000216 seconds
2017-08-03T09:11:54.812+0200: 4,194: Total time for which application threads were stopped: 0,0001258 seconds, Stopping threads took: 0,0000463 seconds
2017-08-03T09:11:54.813+0200: 4,196: Total time for which application threads were stopped: 0,0016339 seconds, Stopping threads took: 0,0015846 seconds
2017-08-03T09:11:54.814+0200: 4,196: Total time for which application threads were stopped: 0,0000713 seconds, Stopping threads took: 0,0000191 seconds
2017-08-03T09:11:54.814+0200: 4,196: Total time for which application threads were stopped: 0,0000606 seconds, Stopping threads took: 0,0000244 seconds
2017-08-03T09:11:54.814+0200: 4,196: Total time for which application threads were stopped: 0,0000652 seconds, Stopping threads took: 0,0000208 seconds
2017-08-03T09:11:54.814+0200: 4,197: Total time for which application threads were stopped: 0,0000723 seconds, Stopping threads took: 0,0000198 seconds
2017-08-03T09:11:54.814+0200: 4,197: Total time for which application threads were stopped: 0,0001476 seconds, Stopping threads took: 0,0000328 seconds
2017-08-03T09:11:54.817+0200: 4,199: Total time for which application threads were stopped: 0,0001318 seconds, Stopping threads took: 0,0000209 seconds
2017-08-03T09:11:54.822+0200: 4,204: Total time for which application threads were stopped: 0,0002042 seconds, Stopping threads took: 0,0000945 seconds
2017-08-03T09:11:54.825+0200: 4,208: Total time for which application threads were stopped: 0,0034674 seconds, Stopping threads took: 0,0034005 seconds
2017-08-03T09:11:54.826+0200: 4,208: Total time for which application threads were stopped: 0,0000545 seconds, Stopping threads took: 0,0000155 seconds
2017-08-03T09:11:54.826+0200: 4,208: Total time for which application threads were stopped: 0,0000698 seconds, Stopping threads took: 0,0000191 seconds
2017-08-03T09:11:54.826+0200: 4,208: Total time for which application threads were stopped: 0,0001353 seconds, Stopping threads took: 0,0000983 seconds
2017-08-03T09:11:54.826+0200: 4,209: Total time for which application threads were stopped: 0,0000862 seconds, Stopping threads took: 0,0000395 seconds
2017-08-03T09:11:54.826+0200: 4,209: Total time for which application threads were stopped: 0,0000508 seconds, Stopping threads took: 0,0000180 seconds
2017-08-03T09:11:54.828+0200: 4,210: Total time for which application threads were stopped: 0,0001150 seconds, Stopping threads took: 0,0000411 seconds
2017-08-03T09:11:54.828+0200: 4,210: Total time for which application threads were stopped: 0,0000944 seconds, Stopping threads took: 0,0000246 seconds
2017-08-03T09:11:54.828+0200: 4,211: Total time for which application threads were stopped: 0,0000653 seconds, Stopping threads took: 0,0000189 seconds
2017-08-03T09:11:54.828+0200: 4,211: Total time for which application threads were stopped: 0,0000523 seconds, Stopping threads took: 0,0000157 seconds
2017-08-03T09:11:54.828+0200: 4,211: Total time for which application threads were stopped: 0,0000750 seconds, Stopping threads took: 0,0000183 seconds
2017-08-03T09:11:54.829+0200: 4,211: Total time for which application threads were stopped: 0,0000628 seconds, Stopping threads took: 0,0000191 seconds
2017-08-03T09:11:54.829+0200: 4,211: Total time for which application threads were stopped: 0,0000585 seconds, Stopping threads took: 0,0000168 seconds
2017-08-03T09:11:54.829+0200: 4,211: Total time for which application threads were stopped: 0,0000532 seconds, Stopping threads took: 0,0000176 seconds
2017-08-03T09:11:54.829+0200: 4,211: Total time for which application threads were stopped: 0,0000685 seconds, Stopping threads took: 0,0000240 seconds
2017-08-03T09:11:54.829+0200: 4,212: Total time for which application threads were stopped: 0,0000735 seconds, Stopping threads took: 0,0000284 seconds
2017-08-03T09:11:54.829+0200: 4,212: Total time for which application threads were stopped: 0,0000538 seconds, Stopping threads took: 0,0000183 seconds
2017-08-03T09:11:54.829+0200: 4,212: Total time for which application threads were stopped: 0,0000737 seconds, Stopping threads took: 0,0000258 seconds
2017-08-03T09:11:54.830+0200: 4,212: Total time for which application threads were stopped: 0,0001158 seconds, Stopping threads took: 0,0000195 seconds
2017-08-03T09:11:54.830+0200: 4,212: Total time for which application threads were stopped: 0,0001224 seconds, Stopping threads took: 0,0000162 seconds
2017-08-03T09:11:54.830+0200: 4,213: Total time for which application threads were stopped: 0,0000694 seconds, Stopping threads took: 0,0000237 seconds
2017-08-03T09:11:54.860+0200: 4,242: Total time for which application threads were stopped: 0,0001221 seconds, Stopping threads took: 0,0000274 seconds
2017-08-03T09:11:54.867+0200: 4,249: Total time for which application threads were stopped: 0,0001229 seconds, Stopping threads took: 0,0000478 seconds
2017-08-03T09:11:54.883+0200: 4,266: Total time for which application threads were stopped: 0,0004795 seconds, Stopping threads took: 0,0000461 seconds
2017-08-03T09:11:55.884+0200: 5,266: Total time for which application threads were stopped: 0,0001007 seconds, Stopping threads took: 0,0000169 seconds
2017-08-03T09:13:12.893+0200: 82,275: Total time for which application threads were stopped: 0,0000690 seconds, Stopping threads took: 0,0000190 seconds
2017-08-03T09:13:47.896+0200: 117,278: Total time for which application threads were stopped: 0,0001193 seconds, Stopping threads took: 0,0000411 seconds
2017-08-03T09:13:52.896+0200: 122,279: Total time for which application threads were stopped: 0,0000874 seconds, Stopping threads took: 0,0000322 seconds
{Heap before GC invocations=9 (full 1):
 par new generation   total 109248K, used 94182K [0x00000000e0000000, 0x00000000e8000000, 0x00000000e8000000)
  eden space 87424K, 100% used [0x00000000e0000000, 0x00000000e5560000, 0x00000000e5560000)
  from space 21824K,  30% used [0x00000000e6ab0000, 0x00000000e7149830, 0x00000000e8000000)
  to   space 21824K,   0% used [0x00000000e5560000, 0x00000000e5560000, 0x00000000e6ab0000)
 concurrent mark-sweep generation total 393216K, used 5824K [0x00000000e8000000, 0x0000000100000000, 0x0000000100000000)
 Metaspace       used 27992K, capacity 28548K, committed 28796K, reserved 1075200K
  class space    used 3209K, capacity 3385K, committed 3452K, reserved 1048576K
2017-08-03T09:14:41.693+0200: 171,076: [GC (Allocation Failure) 2017-08-03T09:14:41.693+0200: 171,076: [ParNew
Desired survivor size 20112992 bytes, new threshold 8 (max 8)
- age   1:   10942896 bytes,   10942896 total
- age   2:     240968 bytes,   11183864 total
- age   3:     179616 bytes,   11363480 total
- age   4:    1775128 bytes,   13138608 total
- age   5:      98200 bytes,   13236808 total
- age   7:      86680 bytes,   13323488 total
- age   8:     205144 bytes,   13528632 total
: 94182K->14937K(109248K), 0,0305302 secs] 100006K->21887K(502464K), 0,0306552 secs] [Times: user=0,06 sys=0,00, real=0,03 secs] 
