OpenJDK 64-Bit Server VM (25.91-b14) for linux-amd64 JRE (1.8.0_91-8u91-b14-3ubuntu1~16.04.1-b14), built on Jul 21 2016 04:13:34 by "buildd" with gcc 5.3.1 20160413
Memory: 4k page, physical 7867876k(7551412k free), swap 8076284k(8076284k free)
CommandLine flags: -XX:CMSInitiatingOccupancyFraction=50 -XX:CMSMaxAbortablePrecleanTime=6000 -XX:+CMSParallelRemarkEnabled -XX:+CMSScavengeBeforeRemark -XX:ConcGCThreads=4 -XX:InitialHeapSize=536870912 -XX:MaxHeapSize=536870912 -XX:MaxTenuringThreshold=8 -XX:NewRatio=3 -XX:OldPLABSize=16 -XX:OnOutOfMemoryError=/opt/solr/bin/oom_solr.sh 8983 /var/solr/logs -XX:ParallelGCThreads=4 -XX:+ParallelRefProcEnabled -XX:PretenureSizeThreshold=67108864 -XX:+PrintGC -XX:+PrintGCApplicationStoppedTime -XX:+PrintGCDateStamps -XX:+PrintGCDetails -XX:+PrintGCTimeStamps -XX:+PrintHeapAtGC -XX:+PrintTenuringDistribution -XX:SurvivorRatio=4 -XX:TargetSurvivorRatio=90 -XX:ThreadStackSize=256 -XX:+UseCMSInitiatingOccupancyOnly -XX:+UseCompressedClassPointers -XX:+UseCompressedOops -XX:+UseConcMarkSweepGC -XX:+UseParNewGC 
2016-11-01T08:46:02.205+0100: 0,120: Total time for which application threads were stopped: 0,0000732 seconds, Stopping threads took: 0,0000139 seconds
2016-11-01T08:46:02.272+0100: 0,187: Total time for which application threads were stopped: 0,0001278 seconds, Stopping threads took: 0,0000271 seconds
2016-11-01T08:46:02.293+0100: 0,208: Total time for which application threads were stopped: 0,0000892 seconds, Stopping threads took: 0,0000131 seconds
2016-11-01T08:46:02.431+0100: 0,346: Total time for which application threads were stopped: 0,0001297 seconds, Stopping threads took: 0,0000144 seconds
2016-11-01T08:46:02.650+0100: 0,565: Total time for which application threads were stopped: 0,0001298 seconds, Stopping threads took: 0,0000188 seconds
2016-11-01T08:46:02.708+0100: 0,623: Total time for which application threads were stopped: 0,0001648 seconds, Stopping threads took: 0,0000201 seconds
2016-11-01T08:46:02.736+0100: 0,651: Total time for which application threads were stopped: 0,0001815 seconds, Stopping threads took: 0,0000224 seconds
2016-11-01T08:46:03.181+0100: 1,096: Total time for which application threads were stopped: 0,0002095 seconds, Stopping threads took: 0,0000244 seconds
2016-11-01T08:46:03.393+0100: 1,308: Total time for which application threads were stopped: 0,0002457 seconds, Stopping threads took: 0,0000185 seconds
2016-11-01T08:46:03.487+0100: 1,402: Total time for which application threads were stopped: 0,0002274 seconds, Stopping threads took: 0,0000154 seconds
2016-11-01T08:46:03.489+0100: 1,404: Total time for which application threads were stopped: 0,0007353 seconds, Stopping threads took: 0,0000136 seconds
2016-11-01T08:46:03.502+0100: 1,417: Total time for which application threads were stopped: 0,0002039 seconds, Stopping threads took: 0,0000141 seconds
2016-11-01T08:46:03.622+0100: 1,536: Total time for which application threads were stopped: 0,0002218 seconds, Stopping threads took: 0,0000209 seconds
2016-11-01T08:46:03.754+0100: 1,669: Total time for which application threads were stopped: 0,0002182 seconds, Stopping threads took: 0,0000247 seconds
{Heap before GC invocations=0 (full 0):
 par new generation   total 109248K, used 87424K [0x00000000e0000000, 0x00000000e8000000, 0x00000000e8000000)
  eden space 87424K, 100% used [0x00000000e0000000, 0x00000000e5560000, 0x00000000e5560000)
  from space 21824K,   0% used [0x00000000e5560000, 0x00000000e5560000, 0x00000000e6ab0000)
  to   space 21824K,   0% used [0x00000000e6ab0000, 0x00000000e6ab0000, 0x00000000e8000000)
 concurrent mark-sweep generation total 393216K, used 0K [0x00000000e8000000, 0x0000000100000000, 0x0000000100000000)
 Metaspace       used 18297K, capacity 18598K, committed 18944K, reserved 1067008K
  class space    used 2084K, capacity 2196K, committed 2304K, reserved 1048576K
2016-11-01T08:46:03.886+0100: 1,801: [GC (Allocation Failure) 2016-11-01T08:46:03.886+0100: 1,801: [ParNew
Desired survivor size 20112992 bytes, new threshold 8 (max 8)
- age   1:   12246344 bytes,   12246344 total
: 87424K->12069K(109248K), 0,0249226 secs] 87424K->12069K(502464K), 0,0250351 secs] [Times: user=0,06 sys=0,02, real=0,02 secs] 
Heap after GC invocations=1 (full 0):
 par new generation   total 109248K, used 12069K [0x00000000e0000000, 0x00000000e8000000, 0x00000000e8000000)
  eden space 87424K,   0% used [0x00000000e0000000, 0x00000000e0000000, 0x00000000e5560000)
  from space 21824K,  55% used [0x00000000e6ab0000, 0x00000000e76797c0, 0x00000000e8000000)
  to   space 21824K,   0% used [0x00000000e5560000, 0x00000000e5560000, 0x00000000e6ab0000)
 concurrent mark-sweep generation total 393216K, used 0K [0x00000000e8000000, 0x0000000100000000, 0x0000000100000000)
 Metaspace       used 18297K, capacity 18598K, committed 18944K, reserved 1067008K
  class space    used 2084K, capacity 2196K, committed 2304K, reserved 1048576K
}
2016-11-01T08:46:03.911+0100: 1,826: Total time for which application threads were stopped: 0,0252660 seconds, Stopping threads took: 0,0000339 seconds
2016-11-01T08:46:04.105+0100: 2,020: Total time for which application threads were stopped: 0,0002582 seconds, Stopping threads took: 0,0000206 seconds
2016-11-01T08:46:04.141+0100: 2,056: Total time for which application threads were stopped: 0,0002548 seconds, Stopping threads took: 0,0000211 seconds
2016-11-01T08:46:04.165+0100: 2,080: Total time for which application threads were stopped: 0,0002567 seconds, Stopping threads took: 0,0000230 seconds
{Heap before GC invocations=1 (full 0):
 par new generation   total 109248K, used 99493K [0x00000000e0000000, 0x00000000e8000000, 0x00000000e8000000)
  eden space 87424K, 100% used [0x00000000e0000000, 0x00000000e5560000, 0x00000000e5560000)
  from space 21824K,  55% used [0x00000000e6ab0000, 0x00000000e76797c0, 0x00000000e8000000)
  to   space 21824K,   0% used [0x00000000e5560000, 0x00000000e5560000, 0x00000000e6ab0000)
 concurrent mark-sweep generation total 393216K, used 0K [0x00000000e8000000, 0x0000000100000000, 0x0000000100000000)
 Metaspace       used 20645K, capacity 20962K, committed 21248K, reserved 1069056K
  class space    used 2401K, capacity 2519K, committed 2560K, reserved 1048576K
2016-11-01T08:46:04.336+0100: 2,251: [GC (Allocation Failure) 2016-11-01T08:46:04.336+0100: 2,251: [ParNew
Desired survivor size 20112992 bytes, new threshold 8 (max 8)
- age   1:    2705120 bytes,    2705120 total
- age   2:    5991408 bytes,    8696528 total
: 99493K->11148K(109248K), 0,0204246 secs] 99493K->11148K(502464K), 0,0204949 secs] [Times: user=0,08 sys=0,01, real=0,02 secs] 
Heap after GC invocations=2 (full 0):
 par new generation   total 109248K, used 11148K [0x00000000e0000000, 0x00000000e8000000, 0x00000000e8000000)
  eden space 87424K,   0% used [0x00000000e0000000, 0x00000000e0000000, 0x00000000e5560000)
  from space 21824K,  51% used [0x00000000e5560000, 0x00000000e6043300, 0x00000000e6ab0000)
  to   space 21824K,   0% used [0x00000000e6ab0000, 0x00000000e6ab0000, 0x00000000e8000000)
 concurrent mark-sweep generation total 393216K, used 0K [0x00000000e8000000, 0x0000000100000000, 0x0000000100000000)
 Metaspace       used 20645K, capacity 20962K, committed 21248K, reserved 1069056K
  class space    used 2401K, capacity 2519K, committed 2560K, reserved 1048576K
}
2016-11-01T08:46:04.357+0100: 2,272: Total time for which application threads were stopped: 0,0207191 seconds, Stopping threads took: 0,0000308 seconds
2016-11-01T08:46:04.427+0100: 2,341: Total time for which application threads were stopped: 0,0000906 seconds, Stopping threads took: 0,0000172 seconds
2016-11-01T08:46:04.440+0100: 2,355: Total time for which application threads were stopped: 0,0002767 seconds, Stopping threads took: 0,0000238 seconds
2016-11-01T08:46:04.450+0100: 2,365: Total time for which application threads were stopped: 0,0000740 seconds, Stopping threads took: 0,0000163 seconds
2016-11-01T08:46:04.491+0100: 2,406: Total time for which application threads were stopped: 0,0001088 seconds, Stopping threads took: 0,0000324 seconds
2016-11-01T08:46:04.515+0100: 2,430: Total time for which application threads were stopped: 0,0000992 seconds, Stopping threads took: 0,0000295 seconds
2016-11-01T08:46:04.532+0100: 2,447: Total time for which application threads were stopped: 0,0000667 seconds, Stopping threads took: 0,0000126 seconds
2016-11-01T08:46:04.535+0100: 2,450: Total time for which application threads were stopped: 0,0002567 seconds, Stopping threads took: 0,0000131 seconds
2016-11-01T08:46:04.568+0100: 2,483: Total time for which application threads were stopped: 0,0001037 seconds, Stopping threads took: 0,0000367 seconds
2016-11-01T08:46:04.591+0100: 2,506: Total time for which application threads were stopped: 0,0000982 seconds, Stopping threads took: 0,0000181 seconds
2016-11-01T08:46:04.607+0100: 2,522: Total time for which application threads were stopped: 0,0000709 seconds, Stopping threads took: 0,0000135 seconds
2016-11-01T08:46:04.617+0100: 2,532: Total time for which application threads were stopped: 0,0000895 seconds, Stopping threads took: 0,0000278 seconds
2016-11-01T08:46:04.641+0100: 2,556: Total time for which application threads were stopped: 0,0000804 seconds, Stopping threads took: 0,0000214 seconds
2016-11-01T08:46:04.684+0100: 2,598: Total time for which application threads were stopped: 0,0001304 seconds, Stopping threads took: 0,0000314 seconds
2016-11-01T08:46:04.722+0100: 2,637: Total time for which application threads were stopped: 0,0001146 seconds, Stopping threads took: 0,0000274 seconds
2016-11-01T08:46:04.765+0100: 2,680: Total time for which application threads were stopped: 0,0001397 seconds, Stopping threads took: 0,0000471 seconds
2016-11-01T08:46:04.805+0100: 2,720: Total time for which application threads were stopped: 0,0001489 seconds, Stopping threads took: 0,0000369 seconds
2016-11-01T08:46:04.845+0100: 2,759: Total time for which application threads were stopped: 0,0001299 seconds, Stopping threads took: 0,0000414 seconds
2016-11-01T08:46:04.875+0100: 2,790: Total time for which application threads were stopped: 0,0001257 seconds, Stopping threads took: 0,0000398 seconds
2016-11-01T08:46:04.907+0100: 2,822: Total time for which application threads were stopped: 0,0000919 seconds, Stopping threads took: 0,0000214 seconds
2016-11-01T08:46:04.932+0100: 2,847: Total time for which application threads were stopped: 0,0001099 seconds, Stopping threads took: 0,0000412 seconds
2016-11-01T08:46:04.932+0100: 2,847: Total time for which application threads were stopped: 0,0000827 seconds, Stopping threads took: 0,0000494 seconds
{Heap before GC invocations=2 (full 0):
 par new generation   total 109248K, used 98572K [0x00000000e0000000, 0x00000000e8000000, 0x00000000e8000000)
  eden space 87424K, 100% used [0x00000000e0000000, 0x00000000e5560000, 0x00000000e5560000)
  from space 21824K,  51% used [0x00000000e5560000, 0x00000000e6043300, 0x00000000e6ab0000)
  to   space 21824K,   0% used [0x00000000e6ab0000, 0x00000000e6ab0000, 0x00000000e8000000)
 concurrent mark-sweep generation total 393216K, used 0K [0x00000000e8000000, 0x0000000100000000, 0x0000000100000000)
 Metaspace       used 26506K, capacity 26852K, committed 27196K, reserved 1073152K
  class space    used 3087K, capacity 3222K, committed 3244K, reserved 1048576K
2016-11-01T08:46:04.937+0100: 2,852: [GC (Allocation Failure) 2016-11-01T08:46:04.937+0100: 2,852: [ParNew
Desired survivor size 20112992 bytes, new threshold 8 (max 8)
- age   1:    8552616 bytes,    8552616 total
- age   2:     514392 bytes,    9067008 total
- age   3:    5947576 bytes,   15014584 total
: 98572K->18910K(109248K), 0,0143368 secs] 98572K->18910K(502464K), 0,0143926 secs] [Times: user=0,05 sys=0,01, real=0,01 secs] 
Heap after GC invocations=3 (full 0):
 par new generation   total 109248K, used 18910K [0x00000000e0000000, 0x00000000e8000000, 0x00000000e8000000)
  eden space 87424K,   0% used [0x00000000e0000000, 0x00000000e0000000, 0x00000000e5560000)
  from space 21824K,  86% used [0x00000000e6ab0000, 0x00000000e7d27b20, 0x00000000e8000000)
  to   space 21824K,   0% used [0x00000000e5560000, 0x00000000e5560000, 0x00000000e6ab0000)
 concurrent mark-sweep generation total 393216K, used 0K [0x00000000e8000000, 0x0000000100000000, 0x0000000100000000)
 Metaspace       used 26506K, capacity 26852K, committed 27196K, reserved 1073152K
  class space    used 3087K, capacity 3222K, committed 3244K, reserved 1048576K
}
2016-11-01T08:46:04.952+0100: 2,867: Total time for which application threads were stopped: 0,0145701 seconds, Stopping threads took: 0,0000233 seconds
2016-11-01T08:46:04.952+0100: 2,867: [GC (CMS Initial Mark) [1 CMS-initial-mark: 0K(393216K)] 19147K(502464K), 0,0037132 secs] [Times: user=0,01 sys=0,00, real=0,01 secs] 
2016-11-01T08:46:04.956+0100: 2,871: Total time for which application threads were stopped: 0,0038305 seconds, Stopping threads took: 0,0000303 seconds
2016-11-01T08:46:04.956+0100: 2,871: [CMS-concurrent-mark-start]
2016-11-01T08:46:04.966+0100: 2,881: [CMS-concurrent-mark: 0,011/0,011 secs] [Times: user=0,03 sys=0,00, real=0,01 secs] 
2016-11-01T08:46:04.966+0100: 2,881: [CMS-concurrent-preclean-start]
2016-11-01T08:46:04.968+0100: 2,883: [CMS-concurrent-preclean: 0,001/0,001 secs] [Times: user=0,01 sys=0,00, real=0,00 secs] 
2016-11-01T08:46:04.968+0100: 2,883: [CMS-concurrent-abortable-preclean-start]
2016-11-01T08:46:04.975+0100: 2,890: Total time for which application threads were stopped: 0,0001189 seconds, Stopping threads took: 0,0000274 seconds
2016-11-01T08:46:05.976+0100: 3,891: Total time for which application threads were stopped: 0,0000542 seconds, Stopping threads took: 0,0000162 seconds
2016-11-01T08:46:06.137+0100: 4,052: Total time for which application threads were stopped: 0,0002588 seconds, Stopping threads took: 0,0000232 seconds
 CMS: abort preclean due to time 2016-11-01T08:46:11.001+0100: 8,916: [CMS-concurrent-abortable-preclean: 2,625/6,033 secs] [Times: user=2,92 sys=0,01, real=6,03 secs] 
2016-11-01T08:46:11.001+0100: 8,916: [GC (CMS Final Remark) [YG occupancy: 28458 K (109248 K)]{Heap before GC invocations=3 (full 1):
 par new generation   total 109248K, used 28458K [0x00000000e0000000, 0x00000000e8000000, 0x00000000e8000000)
  eden space 87424K,  10% used [0x00000000e0000000, 0x00000000e0952e18, 0x00000000e5560000)
  from space 21824K,  86% used [0x00000000e6ab0000, 0x00000000e7d27b20, 0x00000000e8000000)
  to   space 21824K,   0% used [0x00000000e5560000, 0x00000000e5560000, 0x00000000e6ab0000)
 concurrent mark-sweep generation total 393216K, used 0K [0x00000000e8000000, 0x0000000100000000, 0x0000000100000000)
 Metaspace       used 26877K, capacity 27300K, committed 27528K, reserved 1073152K
  class space    used 3138K, capacity 3286K, committed 3320K, reserved 1048576K
2016-11-01T08:46:11.001+0100: 8,916: [GC (CMS Final Remark) 2016-11-01T08:46:11.001+0100: 8,916: [ParNew
Desired survivor size 20112992 bytes, new threshold 8 (max 8)
- age   1:    2561056 bytes,    2561056 total
- age   2:    3373720 bytes,    5934776 total
- age   3:     514120 bytes,    6448896 total
- age   4:    5946464 bytes,   12395360 total
: 28458K->17498K(109248K), 0,0611442 secs] 28458K->17498K(502464K), 0,0613590 secs] [Times: user=0,09 sys=0,00, real=0,07 secs] 
Heap after GC invocations=4 (full 1):
 par new generation   total 109248K, used 17498K [0x00000000e0000000, 0x00000000e8000000, 0x00000000e8000000)
  eden space 87424K,   0% used [0x00000000e0000000, 0x00000000e0000000, 0x00000000e5560000)
  from space 21824K,  80% used [0x00000000e5560000, 0x00000000e66768a8, 0x00000000e6ab0000)
  to   space 21824K,   0% used [0x00000000e6ab0000, 0x00000000e6ab0000, 0x00000000e8000000)
 concurrent mark-sweep generation total 393216K, used 0K [0x00000000e8000000, 0x0000000100000000, 0x0000000100000000)
 Metaspace       used 26877K, capacity 27300K, committed 27528K, reserved 1073152K
  class space    used 3138K, capacity 3286K, committed 3320K, reserved 1048576K
}
2016-11-01T08:46:11.063+0100: 8,977: [Rescan (parallel) , 0,0381816 secs]2016-11-01T08:46:11.101+0100: 9,016: [weak refs processing, 0,0029653 secs]2016-11-01T08:46:11.104+0100: 9,019: [class unloading, 0,0071555 secs]2016-11-01T08:46:11.111+0100: 9,026: [scrub symbol table, 0,0058993 secs]2016-11-01T08:46:11.117+0100: 9,032: [scrub string table, 0,0003918 secs][1 CMS-remark: 0K(393216K)] 17498K(502464K), 0,1168250 secs] [Times: user=0,15 sys=0,00, real=0,12 secs] 
2016-11-01T08:46:11.118+0100: 9,033: Total time for which application threads were stopped: 0,1169149 seconds, Stopping threads took: 0,0000198 seconds
2016-11-01T08:46:11.118+0100: 9,033: [CMS-concurrent-sweep-start]
2016-11-01T08:46:11.118+0100: 9,033: [CMS-concurrent-sweep: 0,000/0,000 secs] [Times: user=0,00 sys=0,00, real=0,00 secs] 
2016-11-01T08:46:11.118+0100: 9,033: [CMS-concurrent-reset-start]
2016-11-01T08:46:11.120+0100: 9,035: [CMS-concurrent-reset: 0,002/0,002 secs] [Times: user=0,00 sys=0,00, real=0,00 secs] 
2016-11-01T08:46:34.120+0100: 32,035: Total time for which application threads were stopped: 0,0000541 seconds, Stopping threads took: 0,0000145 seconds
2016-11-01T08:46:58.122+0100: 56,037: Total time for which application threads were stopped: 0,0001295 seconds, Stopping threads took: 0,0000639 seconds
2016-11-01T08:47:03.123+0100: 61,038: Total time for which application threads were stopped: 0,0000616 seconds, Stopping threads took: 0,0000165 seconds
2016-11-01T08:47:23.125+0100: 81,040: Total time for which application threads were stopped: 0,0000670 seconds, Stopping threads took: 0,0000170 seconds
2016-11-01T08:47:33.126+0100: 91,041: Total time for which application threads were stopped: 0,0000544 seconds, Stopping threads took: 0,0000145 seconds
2016-11-01T08:48:44.135+0100: 162,050: Total time for which application threads were stopped: 0,0000836 seconds, Stopping threads took: 0,0000311 seconds
2016-11-01T08:49:08.138+0100: 186,053: Total time for which application threads were stopped: 0,0000951 seconds, Stopping threads took: 0,0000419 seconds
2016-11-01T08:49:59.146+0100: 237,061: Total time for which application threads were stopped: 0,0001737 seconds, Stopping threads took: 0,0000731 seconds
2016-11-01T08:50:38.153+0100: 276,068: Total time for which application threads were stopped: 0,0001500 seconds, Stopping threads took: 0,0000597 seconds
2016-11-01T08:50:49.155+0100: 287,070: Total time for which application threads were stopped: 0,0000755 seconds, Stopping threads took: 0,0000247 seconds
2016-11-01T09:09:43.307+0100: 1421,222: Total time for which application threads were stopped: 0,0000715 seconds, Stopping threads took: 0,0000314 seconds
2016-11-01T09:10:04.310+0100: 1442,225: Total time for which application threads were stopped: 0,0004256 seconds, Stopping threads took: 0,0001004 seconds
2016-11-01T09:14:03.341+0100: 1681,256: Total time for which application threads were stopped: 0,0000710 seconds, Stopping threads took: 0,0000290 seconds
2016-11-01T09:25:18.424+0100: 2356,339: Total time for which application threads were stopped: 0,0000682 seconds, Stopping threads took: 0,0000272 seconds
2016-11-01T09:25:19.424+0100: 2357,339: Total time for which application threads were stopped: 0,0000557 seconds, Stopping threads took: 0,0000142 seconds
2016-11-01T09:45:04.236+0100: 3147,130: Total time for which application threads were stopped: 0,0000717 seconds, Stopping threads took: 0,0000306 seconds
2016-11-01T09:50:39.291+0100: 3482,185: Total time for which application threads were stopped: 0,0001469 seconds, Stopping threads took: 0,0000588 seconds
2016-11-01T09:56:18.346+0100: 3821,240: Total time for which application threads were stopped: 0,0001102 seconds, Stopping threads took: 0,0000454 seconds
2016-11-01T09:56:23.347+0100: 3826,241: Total time for which application threads were stopped: 0,0000549 seconds, Stopping threads took: 0,0000133 seconds
2016-11-01T09:59:38.378+0100: 4021,273: Total time for which application threads were stopped: 0,0001478 seconds, Stopping threads took: 0,0000585 seconds
2016-11-01T10:41:46.053+0100: 6361,653: Total time for which application threads were stopped: 0,0001915 seconds, Stopping threads took: 0,0000558 seconds
2016-11-01T10:49:50.148+0100: 6843,350: Total time for which application threads were stopped: 0,0000657 seconds, Stopping threads took: 0,0000273 seconds
2016-11-01T10:50:15.151+0100: 6868,353: Total time for which application threads were stopped: 0,0000838 seconds, Stopping threads took: 0,0000357 seconds
2016-11-01T10:52:00.163+0100: 6973,365: Total time for which application threads were stopped: 0,0000727 seconds, Stopping threads took: 0,0000326 seconds
2016-11-01T10:58:45.216+0100: 7378,418: Total time for which application threads were stopped: 0,0001416 seconds, Stopping threads took: 0,0000551 seconds
2016-11-01T11:00:48.231+0100: 7501,434: Total time for which application threads were stopped: 0,0001913 seconds, Stopping threads took: 0,0000566 seconds
2016-11-01T11:01:18.235+0100: 7531,437: Total time for which application threads were stopped: 0,0000728 seconds, Stopping threads took: 0,0000318 seconds
2016-11-01T11:03:48.254+0100: 7681,456: Total time for which application threads were stopped: 0,0001426 seconds, Stopping threads took: 0,0000552 seconds
2016-11-01T11:41:47.426+0100: 9848,488: Total time for which application threads were stopped: 0,0001520 seconds, Stopping threads took: 0,0000475 seconds
2016-11-01T11:41:47.430+0100: 9848,492: Total time for which application threads were stopped: 0,0000925 seconds, Stopping threads took: 0,0000263 seconds
2016-11-01T11:41:47.435+0100: 9848,497: Total time for which application threads were stopped: 0,0005220 seconds, Stopping threads took: 0,0004527 seconds
2016-11-01T11:41:47.435+0100: 9848,498: Total time for which application threads were stopped: 0,0000976 seconds, Stopping threads took: 0,0000441 seconds
2016-11-01T11:41:47.437+0100: 9848,500: Total time for which application threads were stopped: 0,0001003 seconds, Stopping threads took: 0,0000190 seconds
2016-11-01T11:41:47.438+0100: 9848,500: Total time for which application threads were stopped: 0,0000933 seconds, Stopping threads took: 0,0000273 seconds
2016-11-01T11:41:47.439+0100: 9848,501: Total time for which application threads were stopped: 0,0000962 seconds, Stopping threads took: 0,0000334 seconds
2016-11-01T11:41:47.445+0100: 9848,508: Total time for which application threads were stopped: 0,0057764 seconds, Stopping threads took: 0,0054253 seconds
2016-11-01T11:41:47.448+0100: 9848,511: Total time for which application threads were stopped: 0,0000932 seconds, Stopping threads took: 0,0000183 seconds
2016-11-01T11:41:47.449+0100: 9848,511: Total time for which application threads were stopped: 0,0000696 seconds, Stopping threads took: 0,0000217 seconds
2016-11-01T11:41:47.449+0100: 9848,511: Total time for which application threads were stopped: 0,0000628 seconds, Stopping threads took: 0,0000184 seconds
2016-11-01T11:41:47.449+0100: 9848,512: Total time for which application threads were stopped: 0,0000683 seconds, Stopping threads took: 0,0000178 seconds
2016-11-01T11:41:47.451+0100: 9848,513: Total time for which application threads were stopped: 0,0001998 seconds, Stopping threads took: 0,0001295 seconds
2016-11-01T11:41:47.451+0100: 9848,514: Total time for which application threads were stopped: 0,0000883 seconds, Stopping threads took: 0,0000275 seconds
2016-11-01T11:41:47.452+0100: 9848,514: Total time for which application threads were stopped: 0,0002418 seconds, Stopping threads took: 0,0000634 seconds
2016-11-01T11:41:47.455+0100: 9848,518: Total time for which application threads were stopped: 0,0000861 seconds, Stopping threads took: 0,0000166 seconds
2016-11-01T11:41:47.458+0100: 9848,521: Total time for which application threads were stopped: 0,0000933 seconds, Stopping threads took: 0,0000159 seconds
2016-11-01T11:41:47.465+0100: 9848,528: Total time for which application threads were stopped: 0,0001246 seconds, Stopping threads took: 0,0000405 seconds
2016-11-01T11:41:47.469+0100: 9848,531: Total time for which application threads were stopped: 0,0003947 seconds, Stopping threads took: 0,0000168 seconds
2016-11-01T11:41:47.472+0100: 9848,535: Total time for which application threads were stopped: 0,0001388 seconds, Stopping threads took: 0,0000673 seconds
2016-11-01T11:41:47.474+0100: 9848,536: Total time for which application threads were stopped: 0,0002148 seconds, Stopping threads took: 0,0000820 seconds
2016-11-01T11:41:47.475+0100: 9848,537: Total time for which application threads were stopped: 0,0001030 seconds, Stopping threads took: 0,0000315 seconds
2016-11-01T11:41:47.475+0100: 9848,538: Total time for which application threads were stopped: 0,0000812 seconds, Stopping threads took: 0,0000144 seconds
2016-11-01T11:41:47.476+0100: 9848,538: Total time for which application threads were stopped: 0,0000782 seconds, Stopping threads took: 0,0000152 seconds
2016-11-01T11:41:47.485+0100: 9848,548: Total time for which application threads were stopped: 0,0000853 seconds, Stopping threads took: 0,0000169 seconds
2016-11-01T11:41:47.500+0100: 9848,562: Total time for which application threads were stopped: 0,0000886 seconds, Stopping threads took: 0,0000367 seconds
2016-11-01T11:41:47.503+0100: 9848,565: Total time for which application threads were stopped: 0,0000514 seconds, Stopping threads took: 0,0000105 seconds
2016-11-01T11:41:47.503+0100: 9848,565: Total time for which application threads were stopped: 0,0000274 seconds, Stopping threads took: 0,0000055 seconds
2016-11-01T11:41:47.528+0100: 9848,591: Total time for which application threads were stopped: 0,0001042 seconds, Stopping threads took: 0,0000394 seconds
2016-11-01T11:41:47.562+0100: 9848,625: Total time for which application threads were stopped: 0,0006722 seconds, Stopping threads took: 0,0003232 seconds
2016-11-01T11:41:47.563+0100: 9848,625: Total time for which application threads were stopped: 0,0000861 seconds, Stopping threads took: 0,0000279 seconds
2016-11-01T11:41:47.564+0100: 9848,626: Total time for which application threads were stopped: 0,0001429 seconds, Stopping threads took: 0,0000332 seconds
2016-11-01T11:41:47.566+0100: 9848,628: Total time for which application threads were stopped: 0,0004580 seconds, Stopping threads took: 0,0003457 seconds
2016-11-01T11:41:47.566+0100: 9848,628: Total time for which application threads were stopped: 0,0000971 seconds, Stopping threads took: 0,0000418 seconds
2016-11-01T11:41:47.566+0100: 9848,628: Total time for which application threads were stopped: 0,0000704 seconds, Stopping threads took: 0,0000276 seconds
2016-11-01T11:41:47.571+0100: 9848,634: Total time for which application threads were stopped: 0,0034353 seconds, Stopping threads took: 0,0029190 seconds
2016-11-01T11:41:47.573+0100: 9848,635: Total time for which application threads were stopped: 0,0002190 seconds, Stopping threads took: 0,0001191 seconds
2016-11-01T11:41:47.573+0100: 9848,636: Total time for which application threads were stopped: 0,0000669 seconds, Stopping threads took: 0,0000117 seconds
2016-11-01T11:41:47.577+0100: 9848,640: Total time for which application threads were stopped: 0,0000893 seconds, Stopping threads took: 0,0000224 seconds
2016-11-01T11:41:47.577+0100: 9848,640: Total time for which application threads were stopped: 0,0000389 seconds, Stopping threads took: 0,0000114 seconds
2016-11-01T11:41:47.578+0100: 9848,640: Total time for which application threads were stopped: 0,0000816 seconds, Stopping threads took: 0,0000167 seconds
2016-11-01T11:41:47.578+0100: 9848,640: Total time for which application threads were stopped: 0,0000684 seconds, Stopping threads took: 0,0000294 seconds
2016-11-01T11:41:47.588+0100: 9848,650: Total time for which application threads were stopped: 0,0001078 seconds, Stopping threads took: 0,0000402 seconds
2016-11-01T11:41:47.598+0100: 9848,661: Total time for which application threads were stopped: 0,0001291 seconds, Stopping threads took: 0,0000541 seconds
2016-11-01T11:41:47.605+0100: 9848,667: Total time for which application threads were stopped: 0,0019299 seconds, Stopping threads took: 0,0018528 seconds
2016-11-01T11:41:47.605+0100: 9848,667: Total time for which application threads were stopped: 0,0002570 seconds, Stopping threads took: 0,0000923 seconds
2016-11-01T11:41:47.610+0100: 9848,673: Total time for which application threads were stopped: 0,0004898 seconds, Stopping threads took: 0,0003960 seconds
2016-11-01T11:41:47.615+0100: 9848,677: Total time for which application threads were stopped: 0,0015299 seconds, Stopping threads took: 0,0013739 seconds
2016-11-01T11:41:47.628+0100: 9848,690: Total time for which application threads were stopped: 0,0022361 seconds, Stopping threads took: 0,0021271 seconds
2016-11-01T11:41:47.629+0100: 9848,692: Total time for which application threads were stopped: 0,0000935 seconds, Stopping threads took: 0,0000275 seconds
2016-11-01T11:41:47.635+0100: 9848,697: Total time for which application threads were stopped: 0,0027449 seconds, Stopping threads took: 0,0026327 seconds
2016-11-01T11:41:47.636+0100: 9848,698: Total time for which application threads were stopped: 0,0001324 seconds, Stopping threads took: 0,0000482 seconds
2016-11-01T11:41:47.637+0100: 9848,699: Total time for which application threads were stopped: 0,0001418 seconds, Stopping threads took: 0,0000324 seconds
2016-11-01T11:41:47.684+0100: 9848,747: Total time for which application threads were stopped: 0,0001317 seconds, Stopping threads took: 0,0000462 seconds
2016-11-01T11:41:47.684+0100: 9848,747: Total time for which application threads were stopped: 0,0000697 seconds, Stopping threads took: 0,0000261 seconds
2016-11-01T11:41:47.685+0100: 9848,747: Total time for which application threads were stopped: 0,0000567 seconds, Stopping threads took: 0,0000211 seconds
2016-11-01T11:41:47.685+0100: 9848,747: Total time for which application threads were stopped: 0,0000638 seconds, Stopping threads took: 0,0000265 seconds
2016-11-01T11:41:47.685+0100: 9848,747: Total time for which application threads were stopped: 0,0000541 seconds, Stopping threads took: 0,0000198 seconds
2016-11-01T11:41:47.685+0100: 9848,747: Total time for which application threads were stopped: 0,0001485 seconds, Stopping threads took: 0,0000239 seconds
2016-11-01T11:41:47.699+0100: 9848,761: Total time for which application threads were stopped: 0,0001090 seconds, Stopping threads took: 0,0000143 seconds
2016-11-01T11:41:47.721+0100: 9848,783: Total time for which application threads were stopped: 0,0001688 seconds, Stopping threads took: 0,0000542 seconds
2016-11-01T11:41:47.722+0100: 9848,784: Total time for which application threads were stopped: 0,0000924 seconds, Stopping threads took: 0,0000179 seconds
2016-11-01T11:41:47.769+0100: 9848,832: Total time for which application threads were stopped: 0,0025616 seconds, Stopping threads took: 0,0024818 seconds
2016-11-01T11:41:47.769+0100: 9848,832: Total time for which application threads were stopped: 0,0000606 seconds, Stopping threads took: 0,0000183 seconds
2016-11-01T11:41:47.769+0100: 9848,832: Total time for which application threads were stopped: 0,0000499 seconds, Stopping threads took: 0,0000231 seconds
2016-11-01T11:41:47.769+0100: 9848,832: Total time for which application threads were stopped: 0,0000445 seconds, Stopping threads took: 0,0000179 seconds
2016-11-01T11:41:47.771+0100: 9848,834: Total time for which application threads were stopped: 0,0002359 seconds, Stopping threads took: 0,0001609 seconds
2016-11-01T11:41:47.775+0100: 9848,837: Total time for which application threads were stopped: 0,0000939 seconds, Stopping threads took: 0,0000185 seconds
2016-11-01T11:41:47.775+0100: 9848,838: Total time for which application threads were stopped: 0,0000740 seconds, Stopping threads took: 0,0000273 seconds
2016-11-01T11:41:47.780+0100: 9848,842: Total time for which application threads were stopped: 0,0043272 seconds, Stopping threads took: 0,0038431 seconds
2016-11-01T11:41:47.781+0100: 9848,843: Total time for which application threads were stopped: 0,0001143 seconds, Stopping threads took: 0,0000500 seconds
2016-11-01T11:41:47.782+0100: 9848,845: Total time for which application threads were stopped: 0,0001203 seconds, Stopping threads took: 0,0000447 seconds
2016-11-01T11:41:47.783+0100: 9848,846: Total time for which application threads were stopped: 0,0000961 seconds, Stopping threads took: 0,0000307 seconds
2016-11-01T11:41:47.788+0100: 9848,850: Total time for which application threads were stopped: 0,0001140 seconds, Stopping threads took: 0,0000540 seconds
2016-11-01T11:41:48.066+0100: 9849,128: Total time for which application threads were stopped: 0,0004887 seconds, Stopping threads took: 0,0000761 seconds
2016-11-01T11:41:48.267+0100: 9849,330: Total time for which application threads were stopped: 0,0004562 seconds, Stopping threads took: 0,0000426 seconds
2016-11-01T11:41:48.284+0100: 9849,347: Total time for which application threads were stopped: 0,0031199 seconds, Stopping threads took: 0,0030388 seconds
2016-11-01T11:41:48.287+0100: 9849,349: Total time for which application threads were stopped: 0,0001431 seconds, Stopping threads took: 0,0000736 seconds
2016-11-01T11:41:48.295+0100: 9849,357: Total time for which application threads were stopped: 0,0001132 seconds, Stopping threads took: 0,0000205 seconds
2016-11-01T11:41:48.302+0100: 9849,364: Total time for which application threads were stopped: 0,0004036 seconds, Stopping threads took: 0,0003157 seconds
2016-11-01T11:41:48.302+0100: 9849,364: Total time for which application threads were stopped: 0,0000835 seconds, Stopping threads took: 0,0000348 seconds
2016-11-01T11:41:48.305+0100: 9849,367: Total time for which application threads were stopped: 0,0004934 seconds, Stopping threads took: 0,0002918 seconds
2016-11-01T11:41:48.321+0100: 9849,384: Total time for which application threads were stopped: 0,0000996 seconds, Stopping threads took: 0,0000208 seconds
2016-11-01T11:41:48.321+0100: 9849,384: Total time for which application threads were stopped: 0,0000647 seconds, Stopping threads took: 0,0000106 seconds
2016-11-01T11:41:48.322+0100: 9849,384: Total time for which application threads were stopped: 0,0000769 seconds, Stopping threads took: 0,0000154 seconds
2016-11-01T11:41:48.322+0100: 9849,384: Total time for which application threads were stopped: 0,0000472 seconds, Stopping threads took: 0,0000085 seconds
2016-11-01T11:41:48.322+0100: 9849,385: Total time for which application threads were stopped: 0,0000543 seconds, Stopping threads took: 0,0000092 seconds
2016-11-01T11:41:48.327+0100: 9849,389: Total time for which application threads were stopped: 0,0027420 seconds, Stopping threads took: 0,0026701 seconds
2016-11-01T11:41:48.327+0100: 9849,389: Total time for which application threads were stopped: 0,0000892 seconds, Stopping threads took: 0,0000291 seconds
2016-11-01T11:41:48.328+0100: 9849,390: Total time for which application threads were stopped: 0,0003880 seconds, Stopping threads took: 0,0000679 seconds
2016-11-01T11:41:48.328+0100: 9849,391: Total time for which application threads were stopped: 0,0001788 seconds, Stopping threads took: 0,0001258 seconds
2016-11-01T11:41:48.329+0100: 9849,391: Total time for which application threads were stopped: 0,0002496 seconds, Stopping threads took: 0,0000868 seconds
2016-11-01T11:41:48.329+0100: 9849,391: Total time for which application threads were stopped: 0,0002320 seconds, Stopping threads took: 0,0001004 seconds
2016-11-01T11:41:48.329+0100: 9849,392: Total time for which application threads were stopped: 0,0000415 seconds, Stopping threads took: 0,0000082 seconds
2016-11-01T11:41:48.329+0100: 9849,392: Total time for which application threads were stopped: 0,0000443 seconds, Stopping threads took: 0,0000093 seconds
2016-11-01T11:41:48.330+0100: 9849,393: Total time for which application threads were stopped: 0,0000909 seconds, Stopping threads took: 0,0000302 seconds
2016-11-01T11:41:48.330+0100: 9849,393: Total time for which application threads were stopped: 0,0000568 seconds, Stopping threads took: 0,0000271 seconds
2016-11-01T11:41:48.332+0100: 9849,394: Total time for which application threads were stopped: 0,0000980 seconds, Stopping threads took: 0,0000255 seconds
2016-11-01T11:41:48.332+0100: 9849,394: Total time for which application threads were stopped: 0,0000702 seconds, Stopping threads took: 0,0000090 seconds
2016-11-01T11:41:48.333+0100: 9849,395: Total time for which application threads were stopped: 0,0000751 seconds, Stopping threads took: 0,0000147 seconds
2016-11-01T11:41:48.333+0100: 9849,396: Total time for which application threads were stopped: 0,0000644 seconds, Stopping threads took: 0,0000286 seconds
2016-11-01T11:41:49.333+0100: 9850,396: Total time for which application threads were stopped: 0,0000623 seconds, Stopping threads took: 0,0000146 seconds
2016-11-01T11:42:38.340+0100: 9899,402: Total time for which application threads were stopped: 0,0000727 seconds, Stopping threads took: 0,0000172 seconds
2016-11-01T11:42:48.334+0100: 9909,396: Total time for which application threads were stopped: 0,0001398 seconds, Stopping threads took: 0,0000292 seconds
2016-11-01T11:43:07.337+0100: 9928,400: Total time for which application threads were stopped: 0,0006562 seconds, Stopping threads took: 0,0001333 seconds
2016-11-01T12:03:10.506+0100: 11131,568: Total time for which application threads were stopped: 0,0000880 seconds, Stopping threads took: 0,0000338 seconds
2016-11-01T13:23:17.233+0100: 15938,296: Total time for which application threads were stopped: 0,0000919 seconds, Stopping threads took: 0,0000352 seconds
2016-11-01T13:23:17.476+0100: 15938,539: Total time for which application threads were stopped: 0,0001353 seconds, Stopping threads took: 0,0000391 seconds
2016-11-01T13:23:17.476+0100: 15938,539: Total time for which application threads were stopped: 0,0000862 seconds, Stopping threads took: 0,0000193 seconds
2016-11-01T13:23:17.483+0100: 15938,545: Total time for which application threads were stopped: 0,0001261 seconds, Stopping threads took: 0,0000301 seconds
2016-11-01T13:23:17.483+0100: 15938,546: Total time for which application threads were stopped: 0,0000657 seconds, Stopping threads took: 0,0000105 seconds
2016-11-01T13:23:17.493+0100: 15938,555: Total time for which application threads were stopped: 0,0001456 seconds, Stopping threads took: 0,0000274 seconds
2016-11-01T13:23:17.493+0100: 15938,556: Total time for which application threads were stopped: 0,0000949 seconds, Stopping threads took: 0,0000239 seconds
2016-11-01T13:23:17.503+0100: 15938,565: Total time for which application threads were stopped: 0,0001267 seconds, Stopping threads took: 0,0000266 seconds
2016-11-01T13:23:17.503+0100: 15938,566: Total time for which application threads were stopped: 0,0001003 seconds, Stopping threads took: 0,0000200 seconds
2016-11-01T13:23:19.786+0100: 15940,848: Total time for which application threads were stopped: 0,0001473 seconds, Stopping threads took: 0,0000426 seconds
2016-11-01T13:23:19.786+0100: 15940,848: Total time for which application threads were stopped: 0,0000737 seconds, Stopping threads took: 0,0000199 seconds
2016-11-01T13:23:19.790+0100: 15940,852: Total time for which application threads were stopped: 0,0002846 seconds, Stopping threads took: 0,0002095 seconds
2016-11-01T13:23:19.790+0100: 15940,852: Total time for which application threads were stopped: 0,0000396 seconds, Stopping threads took: 0,0000133 seconds
2016-11-01T13:23:19.803+0100: 15940,866: Total time for which application threads were stopped: 0,0001319 seconds, Stopping threads took: 0,0000441 seconds
2016-11-01T13:23:19.803+0100: 15940,866: Total time for which application threads were stopped: 0,0000600 seconds, Stopping threads took: 0,0000094 seconds
2016-11-01T13:23:19.814+0100: 15940,877: Total time for which application threads were stopped: 0,0001750 seconds, Stopping threads took: 0,0000656 seconds
2016-11-01T13:23:19.814+0100: 15940,877: Total time for which application threads were stopped: 0,0000732 seconds, Stopping threads took: 0,0000127 seconds
2016-11-01T13:23:20.815+0100: 15941,877: Total time for which application threads were stopped: 0,0000729 seconds, Stopping threads took: 0,0000142 seconds
2016-11-01T13:23:23.444+0100: 15944,507: Total time for which application threads were stopped: 0,0001161 seconds, Stopping threads took: 0,0000229 seconds
2016-11-01T13:23:23.444+0100: 15944,507: Total time for which application threads were stopped: 0,0000833 seconds, Stopping threads took: 0,0000160 seconds
2016-11-01T13:23:23.446+0100: 15944,508: Total time for which application threads were stopped: 0,0001713 seconds, Stopping threads took: 0,0000918 seconds
2016-11-01T13:23:23.446+0100: 15944,508: Total time for which application threads were stopped: 0,0000924 seconds, Stopping threads took: 0,0000270 seconds
2016-11-01T13:23:24.446+0100: 15945,509: Total time for which application threads were stopped: 0,0000624 seconds, Stopping threads took: 0,0000143 seconds
2016-11-01T13:23:25.446+0100: 15946,509: Total time for which application threads were stopped: 0,0000658 seconds, Stopping threads took: 0,0000156 seconds
2016-11-01T13:24:10.451+0100: 15991,514: Total time for which application th