OpenJDK 64-Bit Server VM (25.111-b14) for linux-amd64 JRE (1.8.0_111-8u111-b14-2ubuntu0.16.04.2-b14), built on Oct 27 2016 18:10:19 by "buildd" with gcc 5.4.0 20160609
Memory: 4k page, physical 7867800k(7502424k free), swap 8076284k(8076284k free)
CommandLine flags: -XX:CMSInitiatingOccupancyFraction=50 -XX:CMSMaxAbortablePrecleanTime=6000 -XX:+CMSParallelRemarkEnabled -XX:+CMSScavengeBeforeRemark -XX:ConcGCThreads=4 -XX:InitialHeapSize=536870912 -XX:MaxHeapSize=536870912 -XX:MaxTenuringThreshold=8 -XX:NewRatio=3 -XX:OldPLABSize=16 -XX:OnOutOfMemoryError=/opt/solr/bin/oom_solr.sh 8983 /var/solr/logs -XX:ParallelGCThreads=4 -XX:+ParallelRefProcEnabled -XX:PretenureSizeThreshold=67108864 -XX:+PrintGC -XX:+PrintGCApplicationStoppedTime -XX:+PrintGCDateStamps -XX:+PrintGCDetails -XX:+PrintGCTimeStamps -XX:+PrintHeapAtGC -XX:+PrintTenuringDistribution -XX:SurvivorRatio=4 -XX:TargetSurvivorRatio=90 -XX:ThreadStackSize=256 -XX:+UseCMSInitiatingOccupancyOnly -XX:+UseCompressedClassPointers -XX:+UseCompressedOops -XX:+UseConcMarkSweepGC -XX:+UseParNewGC 
2017-01-27T00:03:32.579+0100: 0,113: Total time for which application threads were stopped: 0,0000703 seconds, Stopping threads took: 0,0000129 seconds
2017-01-27T00:03:32.674+0100: 0,208: Total time for which application threads were stopped: 0,0001067 seconds, Stopping threads took: 0,0000119 seconds
2017-01-27T00:03:32.691+0100: 0,225: Total time for which application threads were stopped: 0,0001949 seconds, Stopping threads took: 0,0000910 seconds
2017-01-27T00:03:32.926+0100: 0,460: Total time for which application threads were stopped: 0,0001135 seconds, Stopping threads took: 0,0000176 seconds
2017-01-27T00:03:33.444+0100: 0,977: Total time for which application threads were stopped: 0,0002200 seconds, Stopping threads took: 0,0000251 seconds
2017-01-27T00:03:33.540+0100: 1,074: Total time for which application threads were stopped: 0,0002049 seconds, Stopping threads took: 0,0000286 seconds
2017-01-27T00:03:33.570+0100: 1,103: Total time for which application threads were stopped: 0,0002084 seconds, Stopping threads took: 0,0000330 seconds
2017-01-27T00:03:33.826+0100: 1,360: Total time for which application threads were stopped: 0,0002075 seconds, Stopping threads took: 0,0000170 seconds
2017-01-27T00:03:34.020+0100: 1,554: Total time for which application threads were stopped: 0,0011139 seconds, Stopping threads took: 0,0000237 seconds
2017-01-27T00:03:34.045+0100: 1,579: Total time for which application threads were stopped: 0,0001772 seconds, Stopping threads took: 0,0000127 seconds
2017-01-27T00:03:34.046+0100: 1,580: Total time for which application threads were stopped: 0,0001146 seconds, Stopping threads took: 0,0000181 seconds
2017-01-27T00:03:34.060+0100: 1,594: Total time for which application threads were stopped: 0,0001647 seconds, Stopping threads took: 0,0000198 seconds
2017-01-27T00:03:34.156+0100: 1,690: Total time for which application threads were stopped: 0,0007467 seconds, Stopping threads took: 0,0001649 seconds
2017-01-27T00:03:34.305+0100: 1,839: Total time for which application threads were stopped: 0,0002093 seconds, Stopping threads took: 0,0000189 seconds
2017-01-27T00:03:34.415+0100: 1,949: Total time for which application threads were stopped: 0,0001069 seconds, Stopping threads took: 0,0000325 seconds
{Heap before GC invocations=0 (full 0):
 par new generation   total 109248K, used 87551K [0x00000000e0000000, 0x00000000e8000000, 0x00000000e8000000)
  eden space 87424K, 100% used [0x00000000e0000000, 0x00000000e5560000, 0x00000000e5560000)
  from space 21824K,   0% used [0x00000000e5560000, 0x00000000e557fc10, 0x00000000e6ab0000)
  to   space 21824K,   0% used [0x00000000e6ab0000, 0x00000000e6ab0000, 0x00000000e8000000)
 concurrent mark-sweep generation total 393216K, used 0K [0x00000000e8000000, 0x0000000100000000, 0x0000000100000000)
 Metaspace       used 18017K, capacity 18302K, committed 18560K, reserved 1064960K
  class space    used 2046K, capacity 2162K, committed 2176K, reserved 1048576K
2017-01-27T00:03:34.418+0100: 1,952: [GC (GCLocker Initiated GC) 2017-01-27T00:03:34.418+0100: 1,952: [ParNew
Desired survivor size 20112992 bytes, new threshold 8 (max 8)
- age   1:   13164288 bytes,   13164288 total
: 87551K->12971K(109248K), 0,0165171 secs] 87551K->12971K(502464K), 0,0166077 secs] [Times: user=0,06 sys=0,01, real=0,02 secs] 
Heap after GC invocations=1 (full 0):
 par new generation   total 109248K, used 12971K [0x00000000e0000000, 0x00000000e8000000, 0x00000000e8000000)
  eden space 87424K,   0% used [0x00000000e0000000, 0x00000000e0000000, 0x00000000e5560000)
  from space 21824K,  59% used [0x00000000e6ab0000, 0x00000000e775ad58, 0x00000000e8000000)
  to   space 21824K,   0% used [0x00000000e5560000, 0x00000000e5560000, 0x00000000e6ab0000)
 concurrent mark-sweep generation total 393216K, used 0K [0x00000000e8000000, 0x0000000100000000, 0x0000000100000000)
 Metaspace       used 18017K, capacity 18302K, committed 18560K, reserved 1064960K
  class space    used 2046K, capacity 2162K, committed 2176K, reserved 1048576K
}
2017-01-27T00:03:34.434+0100: 1,968: Total time for which application threads were stopped: 0,0167571 seconds, Stopping threads took: 0,0000261 seconds
2017-01-27T00:03:34.643+0100: 2,177: Total time for which application threads were stopped: 0,0003636 seconds, Stopping threads took: 0,0000520 seconds
2017-01-27T00:03:34.678+0100: 2,212: Total time for which application threads were stopped: 0,0003836 seconds, Stopping threads took: 0,0000684 seconds
2017-01-27T00:03:34.717+0100: 2,251: Total time for which application threads were stopped: 0,0003844 seconds, Stopping threads took: 0,0000564 seconds
{Heap before GC invocations=1 (full 0):
 par new generation   total 109248K, used 100395K [0x00000000e0000000, 0x00000000e8000000, 0x00000000e8000000)
  eden space 87424K, 100% used [0x00000000e0000000, 0x00000000e5560000, 0x00000000e5560000)
  from space 21824K,  59% used [0x00000000e6ab0000, 0x00000000e775ad58, 0x00000000e8000000)
  to   space 21824K,   0% used [0x00000000e5560000, 0x00000000e5560000, 0x00000000e6ab0000)
 concurrent mark-sweep generation total 393216K, used 0K [0x00000000e8000000, 0x0000000100000000, 0x0000000100000000)
 Metaspace       used 20506K, capacity 20788K, committed 20992K, reserved 1067008K
  class space    used 2369K, capacity 2485K, committed 2560K, reserved 1048576K
2017-01-27T00:03:34.824+0100: 2,358: [GC (Allocation Failure) 2017-01-27T00:03:34.824+0100: 2,358: [ParNew
Desired survivor size 20112992 bytes, new threshold 8 (max 8)
- age   1:    4166520 bytes,    4166520 total
- age   2:    6652360 bytes,   10818880 total
: 100395K->13895K(109248K), 0,0124177 secs] 100395K->13895K(502464K), 0,0124867 secs] [Times: user=0,05 sys=0,00, real=0,01 secs] 
Heap after GC invocations=2 (full 0):
 par new generation   total 109248K, used 13895K [0x00000000e0000000, 0x00000000e8000000, 0x00000000e8000000)
  eden space 87424K,   0% used [0x00000000e0000000, 0x00000000e0000000, 0x00000000e5560000)
  from space 21824K,  63% used [0x00000000e5560000, 0x00000000e62f1f48, 0x00000000e6ab0000)
  to   space 21824K,   0% used [0x00000000e6ab0000, 0x00000000e6ab0000, 0x00000000e8000000)
 concurrent mark-sweep generation total 393216K, used 0K [0x00000000e8000000, 0x0000000100000000, 0x0000000100000000)
 Metaspace       used 20506K, capacity 20788K, committed 20992K, reserved 1067008K
  class space    used 2369K, capacity 2485K, committed 2560K, reserved 1048576K
}
2017-01-27T00:03:34.837+0100: 2,371: Total time for which application threads were stopped: 0,0134848 seconds, Stopping threads took: 0,0008358 seconds
2017-01-27T00:03:34.886+0100: 2,420: Total time for which application threads were stopped: 0,0034021 seconds, Stopping threads took: 0,0033076 seconds
2017-01-27T00:03:34.907+0100: 2,441: Total time for which application threads were stopped: 0,0001199 seconds, Stopping threads took: 0,0000266 seconds
2017-01-27T00:03:34.970+0100: 2,504: Total time for which application threads were stopped: 0,0019965 seconds, Stopping threads took: 0,0019141 seconds
{Heap before GC invocations=2 (full 0):
 par new generation   total 109248K, used 101319K [0x00000000e0000000, 0x00000000e8000000, 0x00000000e8000000)
  eden space 87424K, 100% used [0x00000000e0000000, 0x00000000e5560000, 0x00000000e5560000)
  from space 21824K,  63% used [0x00000000e5560000, 0x00000000e62f1f48, 0x00000000e6ab0000)
  to   space 21824K,   0% used [0x00000000e6ab0000, 0x00000000e6ab0000, 0x00000000e8000000)
 concurrent mark-sweep generation total 393216K, used 0K [0x00000000e8000000, 0x0000000100000000, 0x0000000100000000)
 Metaspace       used 21796K, capacity 22166K, committed 22216K, reserved 1069056K
  class space    used 2525K, capacity 2683K, committed 2684K, reserved 1048576K
2017-01-27T00:03:35.009+0100: 2,543: [GC (Allocation Failure) 2017-01-27T00:03:35.009+0100: 2,543: [ParNew
Desired survivor size 20112992 bytes, new threshold 8 (max 8)
- age   1:    1234168 bytes,    1234168 total
- age   2:    1602848 bytes,    2837016 total
- age   3:    6611840 bytes,    9448856 total
: 101319K->11894K(109248K), 0,0108387 secs] 101319K->11894K(502464K), 0,0109285 secs] [Times: user=0,04 sys=0,00, real=0,01 secs] 
Heap after GC invocations=3 (full 0):
 par new generation   total 109248K, used 11894K [0x00000000e0000000, 0x00000000e8000000, 0x00000000e8000000)
  eden space 87424K,   0% used [0x00000000e0000000, 0x00000000e0000000, 0x00000000e5560000)
  from space 21824K,  54% used [0x00000000e6ab0000, 0x00000000e764d900, 0x00000000e8000000)
  to   space 21824K,   0% used [0x00000000e5560000, 0x00000000e5560000, 0x00000000e6ab0000)
 concurrent mark-sweep generation total 393216K, used 0K [0x00000000e8000000, 0x0000000100000000, 0x0000000100000000)
 Metaspace       used 21796K, capacity 22166K, committed 22216K, reserved 1069056K
  class space    used 2525K, capacity 2683K, committed 2684K, reserved 1048576K
}
2017-01-27T00:03:35.020+0100: 2,554: Total time for which application threads were stopped: 0,0111277 seconds, Stopping threads took: 0,0000563 seconds
2017-01-27T00:03:35.020+0100: 2,554: [GC (CMS Initial Mark) [1 CMS-initial-mark: 0K(393216K)] 12748K(502464K), 0,0026771 secs] [Times: user=0,00 sys=0,00, real=0,01 secs] 
2017-01-27T00:03:35.023+0100: 2,557: Total time for which application threads were stopped: 0,0028257 seconds, Stopping threads took: 0,0000685 seconds
2017-01-27T00:03:35.023+0100: 2,557: [CMS-concurrent-mark-start]
2017-01-27T00:03:35.025+0100: 2,558: [CMS-concurrent-mark: 0,002/0,002 secs] [Times: user=0,01 sys=0,00, real=0,00 secs] 
2017-01-27T00:03:35.025+0100: 2,559: [CMS-concurrent-preclean-start]
2017-01-27T00:03:35.026+0100: 2,560: [CMS-concurrent-preclean: 0,001/0,001 secs] [Times: user=0,01 sys=0,00, real=0,00 secs] 
2017-01-27T00:03:35.026+0100: 2,560: [CMS-concurrent-abortable-preclean-start]
2017-01-27T00:03:35.048+0100: 2,582: Total time for which application threads were stopped: 0,0001473 seconds, Stopping threads took: 0,0000718 seconds
2017-01-27T00:03:35.136+0100: 2,670: Total time for which application threads were stopped: 0,0003734 seconds, Stopping threads took: 0,0000576 seconds
2017-01-27T00:03:35.137+0100: 2,670: [CMS-concurrent-abortable-preclean: 0,086/0,110 secs] [Times: user=0,42 sys=0,00, real=0,11 secs] 
2017-01-27T00:03:35.137+0100: 2,671: [GC (CMS Final Remark) [YG occupancy: 99318 K (109248 K)]{Heap before GC invocations=3 (full 1):
 par new generation   total 109248K, used 99318K [0x00000000e0000000, 0x00000000e8000000, 0x00000000e8000000)
  eden space 87424K, 100% used [0x00000000e0000000, 0x00000000e5560000, 0x00000000e5560000)
  from space 21824K,  54% used [0x00000000e6ab0000, 0x00000000e764d900, 0x00000000e8000000)
  to   space 21824K,   0% used [0x00000000e5560000, 0x00000000e5560000, 0x00000000e6ab0000)
 concurrent mark-sweep generation total 393216K, used 0K [0x00000000e8000000, 0x0000000100000000, 0x0000000100000000)
 Metaspace       used 22173K, capacity 22530K, committed 22624K, reserved 1069056K
  class space    used 2575K, capacity 2717K, committed 2760K, reserved 1048576K
2017-01-27T00:03:35.137+0100: 2,671: [GC (CMS Final Remark) 2017-01-27T00:03:35.137+0100: 2,671: [ParNew
Desired survivor size 20112992 bytes, new threshold 8 (max 8)
- age   1:     572648 bytes,     572648 total
- age   2:     392080 bytes,     964728 total
- age   3:    1213456 bytes,    2178184 total
- age   4:    6611464 bytes,    8789648 total
: 99318K->11130K(109248K), 0,0100471 secs] 99318K->11130K(502464K), 0,0101058 secs] [Times: user=0,02 sys=0,00, real=0,01 secs] 
Heap after GC invocations=4 (full 1):
 par new generation   total 109248K, used 11130K [0x00000000e0000000, 0x00000000e8000000, 0x00000000e8000000)
  eden space 87424K,   0% used [0x00000000e0000000, 0x00000000e0000000, 0x00000000e5560000)
  from space 21824K,  51% used [0x00000000e5560000, 0x00000000e603ea28, 0x00000000e6ab0000)
  to   space 21824K,   0% used [0x00000000e6ab0000, 0x00000000e6ab0000, 0x00000000e8000000)
 concurrent mark-sweep generation total 393216K, used 0K [0x00000000e8000000, 0x0000000100000000, 0x0000000100000000)
 Metaspace       used 22173K, capacity 22530K, committed 22624K, reserved 1069056K
  class space    used 2575K, capacity 2717K, committed 2760K, reserved 1048576K
}
2017-01-27T00:03:35.147+0100: 2,681: [Rescan (parallel) , 0,0035349 secs]2017-01-27T00:03:35.150+0100: 2,684: [weak refs processing, 0,0003641 secs]2017-01-27T00:03:35.151+0100: 2,685: [class unloading, 0,0028450 secs]2017-01-27T00:03:35.154+0100: 2,687: [scrub symbol table, 0,0036067 secs]2017-01-27T00:03:35.157+0100: 2,691: [scrub string table, 0,0003636 secs][1 CMS-remark: 0K(393216K)] 11130K(502464K), 0,0214540 secs] [Times: user=0,04 sys=0,00, real=0,02 secs] 
2017-01-27T00:03:35.158+0100: 2,692: Total time for which application threads were stopped: 0,0215383 seconds, Stopping threads took: 0,0000182 seconds
2017-01-27T00:03:35.158+0100: 2,692: [CMS-concurrent-sweep-start]
2017-01-27T00:03:35.158+0100: 2,692: [CMS-concurrent-sweep: 0,000/0,000 secs] [Times: user=0,00 sys=0,00, real=0,00 secs] 
2017-01-27T00:03:35.158+0100: 2,692: [CMS-concurrent-reset-start]
2017-01-27T00:03:35.160+0100: 2,694: [CMS-concurrent-reset: 0,002/0,002 secs] [Times: user=0,01 sys=0,00, real=0,00 secs] 
2017-01-27T00:03:35.386+0100: 2,920: Total time for which application threads were stopped: 0,0026614 seconds, Stopping threads took: 0,0022664 seconds
2017-01-27T00:03:35.397+0100: 2,931: Total time for which application threads were stopped: 0,0003769 seconds, Stopping threads took: 0,0000401 seconds
{Heap before GC invocations=4 (full 1):
 par new generation   total 109248K, used 98554K [0x00000000e0000000, 0x00000000e8000000, 0x00000000e8000000)
  eden space 87424K, 100% used [0x00000000e0000000, 0x00000000e5560000, 0x00000000e5560000)
  from space 21824K,  51% used [0x00000000e5560000, 0x00000000e603ea28, 0x00000000e6ab0000)
  to   space 21824K,   0% used [0x00000000e6ab0000, 0x00000000e6ab0000, 0x00000000e8000000)
 concurrent mark-sweep generation total 393216K, used 0K [0x00000000e8000000, 0x0000000100000000, 0x0000000100000000)
 Metaspace       used 25935K, capacity 26340K, committed 26568K, reserved 1073152K
  class space    used 3030K, capacity 3156K, committed 3272K, reserved 1048576K
2017-01-27T00:03:35.596+0100: 3,130: [GC (Allocation Failure) 2017-01-27T00:03:35.596+0100: 3,130: [ParNew
Desired survivor size 20112992 bytes, new threshold 8 (max 8)
- age   1:    4967800 bytes,    4967800 total
- age   2:     165288 bytes,    5133088 total
- age   3:     378496 bytes,    5511584 total
- age   4:     651792 bytes,    6163376 total
- age   5:    6605432 bytes,   12768808 total
: 98554K->14480K(109248K), 0,0115098 secs] 98554K->14480K(502464K), 0,0115830 secs] [Times: user=0,05 sys=0,00, real=0,01 secs] 
Heap after GC invocations=5 (full 1):
 par new generation   total 109248K, used 14480K [0x00000000e0000000, 0x00000000e8000000, 0x00000000e8000000)
  eden space 87424K,   0% used [0x00000000e0000000, 0x00000000e0000000, 0x00000000e5560000)
  from space 21824K,  66% used [0x00000000e6ab0000, 0x00000000e78d42b8, 0x00000000e8000000)
  to   space 21824K,   0% used [0x00000000e5560000, 0x00000000e5560000, 0x00000000e6ab0000)
 concurrent mark-sweep generation total 393216K, used 0K [0x00000000e8000000, 0x0000000100000000, 0x0000000100000000)
 Metaspace       used 25935K, capacity 26340K, committed 26568K, reserved 1073152K
  class space    used 3030K, capacity 3156K, committed 3272K, reserved 1048576K
}
2017-01-27T00:03:35.607+0100: 3,141: Total time for which application threads were stopped: 0,0118313 seconds, Stopping threads took: 0,0000367 seconds
2017-01-27T00:03:35.769+0100: 3,303: Total time for which application threads were stopped: 0,0003339 seconds, Stopping threads took: 0,0000135 seconds
2017-01-27T00:03:36.513+0100: 4,047: Total time for which application threads were stopped: 0,0002815 seconds, Stopping threads took: 0,0000168 seconds
2017-01-27T00:04:03.944+0100: 32,051: Total time for which application threads were stopped: 0,0000648 seconds, Stopping threads took: 0,0000167 seconds
2017-01-27T00:06:03.959+0100: 152,066: Total time for which application threads were stopped: 0,0000820 seconds, Stopping threads took: 0,0000383 seconds
2017-01-27T00:06:08.959+0100: 157,066: Total time for which application threads were stopped: 0,0000964 seconds, Stopping threads took: 0,0000429 seconds
2017-01-27T00:27:08.104+0100: 1416,211: Total time for which application threads were stopped: 0,0001045 seconds, Stopping threads took: 0,0000334 seconds
2017-01-27T00:31:58.133+0100: 1706,240: Total time for which application threads were stopped: 0,0000752 seconds, Stopping threads took: 0,0000292 seconds
2017-01-27T00:42:23.196+0100: 2331,303: Total time for which application threads were stopped: 0,0000729 seconds, Stopping threads took: 0,0000294 seconds
2017-01-27T00:42:24.196+0100: 2332,303: Total time for which application threads were stopped: 0,0000722 seconds, Stopping threads took: 0,0000233 seconds
2017-01-27T00:50:34.548+0100: 2822,655: Total time for which application threads were stopped: 0,0001629 seconds, Stopping threads took: 0,0000356 seconds
Heap
 par new generation   total 109248K, used 75499K [0x00000000e0000000, 0x00000000e8000000, 0x00000000e8000000)
  eden space 87424K,  69% used [0x00000000e0000000, 0x00000000e3b96c38, 0x00000000e5560000)
  from space 21824K,  66% used [0x00000000e6ab0000, 0x00000000e78d42b8, 0x00000000e8000000)
  to   space 21824K,   0% used [0x00000000e5560000, 0x00000000e5560000, 0x00000000e6ab0000)
 concurrent mark-sweep generation total 393216K, used 0K [0x00000000e8000000, 0x0000000100000000, 0x0000000100000000)
 Metaspace       used 28850K, capacity 29274K, committed 29640K, reserved 1075200K
  class space    used 3339K, capacity 3489K, committed 3528K, reserved 1048576K
