OpenJDK 64-Bit Server VM (25.111-b14) for linux-amd64 JRE (1.8.0_111-8u111-b14-2ubuntu0.16.04.2-b14), built on Oct 27 2016 18:10:19 by "buildd" with gcc 5.4.0 20160609
Memory: 4k page, physical 7867840k(7449452k free), swap 8076284k(8076284k free)
CommandLine flags: -XX:CMSInitiatingOccupancyFraction=50 -XX:CMSMaxAbortablePrecleanTime=6000 -XX:+CMSParallelRemarkEnabled -XX:+CMSScavengeBeforeRemark -XX:ConcGCThreads=4 -XX:InitialHeapSize=536870912 -XX:MaxHeapSize=536870912 -XX:MaxTenuringThreshold=8 -XX:NewRatio=3 -XX:OldPLABSize=16 -XX:OnOutOfMemoryError=/opt/solr/bin/oom_solr.sh 8983 /var/solr/logs -XX:ParallelGCThreads=4 -XX:+ParallelRefProcEnabled -XX:PretenureSizeThreshold=67108864 -XX:+PrintGC -XX:+PrintGCApplicationStoppedTime -XX:+PrintGCDateStamps -XX:+PrintGCDetails -XX:+PrintGCTimeStamps -XX:+PrintHeapAtGC -XX:+PrintTenuringDistribution -XX:SurvivorRatio=4 -XX:TargetSurvivorRatio=90 -XX:ThreadStackSize=256 -XX:+UseCMSInitiatingOccupancyOnly -XX:+UseCompressedClassPointers -XX:+UseCompressedOops -XX:+UseConcMarkSweepGC -XX:+UseParNewGC 
2016-12-10T11:13:22.431+0100: 0,120: Total time for which application threads were stopped: 0,0000832 seconds, Stopping threads took: 0,0000165 seconds
2016-12-10T11:13:22.530+0100: 0,219: Total time for which application threads were stopped: 0,0001372 seconds, Stopping threads took: 0,0000220 seconds
2016-12-10T11:13:22.547+0100: 0,236: Total time for which application threads were stopped: 0,0001358 seconds, Stopping threads took: 0,0000658 seconds
2016-12-10T11:13:22.726+0100: 0,415: Total time for which application threads were stopped: 0,0001217 seconds, Stopping threads took: 0,0000171 seconds
2016-12-10T11:13:23.176+0100: 0,865: Total time for which application threads were stopped: 0,0001789 seconds, Stopping threads took: 0,0000206 seconds
2016-12-10T11:13:23.262+0100: 0,950: Total time for which application threads were stopped: 0,0001877 seconds, Stopping threads took: 0,0000191 seconds
2016-12-10T11:13:23.295+0100: 0,984: Total time for which application threads were stopped: 0,0001958 seconds, Stopping threads took: 0,0000336 seconds
2016-12-10T11:13:23.537+0100: 1,226: Total time for which application threads were stopped: 0,0002158 seconds, Stopping threads took: 0,0000265 seconds
2016-12-10T11:13:23.732+0100: 1,421: Total time for which application threads were stopped: 0,0002103 seconds, Stopping threads took: 0,0000226 seconds
2016-12-10T11:13:23.758+0100: 1,447: Total time for which application threads were stopped: 0,0002340 seconds, Stopping threads took: 0,0000218 seconds
2016-12-10T11:13:23.759+0100: 1,448: Total time for which application threads were stopped: 0,0001603 seconds, Stopping threads took: 0,0000185 seconds
2016-12-10T11:13:23.773+0100: 1,462: Total time for which application threads were stopped: 0,0001786 seconds, Stopping threads took: 0,0000198 seconds
2016-12-10T11:13:23.871+0100: 1,559: Total time for which application threads were stopped: 0,0002505 seconds, Stopping threads took: 0,0000204 seconds
2016-12-10T11:13:24.068+0100: 1,757: Total time for which application threads were stopped: 0,0003314 seconds, Stopping threads took: 0,0001067 seconds
{Heap before GC invocations=0 (full 0):
 par new generation   total 109248K, used 87424K [0x00000000e0000000, 0x00000000e8000000, 0x00000000e8000000)
  eden space 87424K, 100% used [0x00000000e0000000, 0x00000000e5560000, 0x00000000e5560000)
  from space 21824K,   0% used [0x00000000e5560000, 0x00000000e5560000, 0x00000000e6ab0000)
  to   space 21824K,   0% used [0x00000000e6ab0000, 0x00000000e6ab0000, 0x00000000e8000000)
 concurrent mark-sweep generation total 393216K, used 0K [0x00000000e8000000, 0x0000000100000000, 0x0000000100000000)
 Metaspace       used 18117K, capacity 18430K, committed 18560K, reserved 1064960K
  class space    used 2053K, capacity 2162K, committed 2176K, reserved 1048576K
2016-12-10T11:13:24.205+0100: 1,894: [GC (Allocation Failure) 2016-12-10T11:13:24.205+0100: 1,894: [ParNew
Desired survivor size 20112992 bytes, new threshold 8 (max 8)
- age   1:   12323968 bytes,   12323968 total
: 87424K->12144K(109248K), 0,0162144 secs] 87424K->12144K(502464K), 0,0163044 secs] [Times: user=0,04 sys=0,03, real=0,01 secs] 
Heap after GC invocations=1 (full 0):
 par new generation   total 109248K, used 12144K [0x00000000e0000000, 0x00000000e8000000, 0x00000000e8000000)
  eden space 87424K,   0% used [0x00000000e0000000, 0x00000000e0000000, 0x00000000e5560000)
  from space 21824K,  55% used [0x00000000e6ab0000, 0x00000000e768c3c8, 0x00000000e8000000)
  to   space 21824K,   0% used [0x00000000e5560000, 0x00000000e5560000, 0x00000000e6ab0000)
 concurrent mark-sweep generation total 393216K, used 0K [0x00000000e8000000, 0x0000000100000000, 0x0000000100000000)
 Metaspace       used 18117K, capacity 18430K, committed 18560K, reserved 1064960K
  class space    used 2053K, capacity 2162K, committed 2176K, reserved 1048576K
}
2016-12-10T11:13:24.221+0100: 1,910: Total time for which application threads were stopped: 0,0164842 seconds, Stopping threads took: 0,0000132 seconds
2016-12-10T11:13:24.394+0100: 2,083: Total time for which application threads were stopped: 0,0003228 seconds, Stopping threads took: 0,0000249 seconds
2016-12-10T11:13:24.426+0100: 2,115: Total time for which application threads were stopped: 0,0004362 seconds, Stopping threads took: 0,0000414 seconds
2016-12-10T11:13:24.458+0100: 2,147: Total time for which application threads were stopped: 0,0003106 seconds, Stopping threads took: 0,0000341 seconds
{Heap before GC invocations=1 (full 0):
 par new generation   total 109248K, used 99568K [0x00000000e0000000, 0x00000000e8000000, 0x00000000e8000000)
  eden space 87424K, 100% used [0x00000000e0000000, 0x00000000e5560000, 0x00000000e5560000)
  from space 21824K,  55% used [0x00000000e6ab0000, 0x00000000e768c3c8, 0x00000000e8000000)
  to   space 21824K,   0% used [0x00000000e5560000, 0x00000000e5560000, 0x00000000e6ab0000)
 concurrent mark-sweep generation total 393216K, used 0K [0x00000000e8000000, 0x0000000100000000, 0x0000000100000000)
 Metaspace       used 20743K, capacity 21084K, committed 21248K, reserved 1069056K
  class space    used 2403K, capacity 2518K, committed 2560K, reserved 1048576K
2016-12-10T11:13:24.640+0100: 2,329: [GC (Allocation Failure) 2016-12-10T11:13:24.640+0100: 2,329: [ParNew
Desired survivor size 20112992 bytes, new threshold 8 (max 8)
- age   1:    2916888 bytes,    2916888 total
- age   2:    6103024 bytes,    9019912 total
: 99568K->13107K(109248K), 0,0126993 secs] 99568K->13107K(502464K), 0,0127879 secs] [Times: user=0,05 sys=0,00, real=0,02 secs] 
Heap after GC invocations=2 (full 0):
 par new generation   total 109248K, used 13107K [0x00000000e0000000, 0x00000000e8000000, 0x00000000e8000000)
  eden space 87424K,   0% used [0x00000000e0000000, 0x00000000e0000000, 0x00000000e5560000)
  from space 21824K,  60% used [0x00000000e5560000, 0x00000000e622cf18, 0x00000000e6ab0000)
  to   space 21824K,   0% used [0x00000000e6ab0000, 0x00000000e6ab0000, 0x00000000e8000000)
 concurrent mark-sweep generation total 393216K, used 0K [0x00000000e8000000, 0x0000000100000000, 0x0000000100000000)
 Metaspace       used 20743K, capacity 21084K, committed 21248K, reserved 1069056K
  class space    used 2403K, capacity 2518K, committed 2560K, reserved 1048576K
}
2016-12-10T11:13:24.653+0100: 2,342: Total time for which application threads were stopped: 0,0130371 seconds, Stopping threads took: 0,0000360 seconds
2016-12-10T11:13:24.704+0100: 2,393: Total time for which application threads were stopped: 0,0000916 seconds, Stopping threads took: 0,0000207 seconds
2016-12-10T11:13:24.745+0100: 2,434: Total time for which application threads were stopped: 0,0000730 seconds, Stopping threads took: 0,0000126 seconds
2016-12-10T11:13:24.746+0100: 2,435: Total time for which application threads were stopped: 0,0002725 seconds, Stopping threads took: 0,0000133 seconds
2016-12-10T11:13:24.770+0100: 2,459: Total time for which application threads were stopped: 0,0000720 seconds, Stopping threads took: 0,0000130 seconds
2016-12-10T11:13:24.843+0100: 2,532: Total time for which application threads were stopped: 0,0001632 seconds, Stopping threads took: 0,0000494 seconds
2016-12-10T11:13:24.868+0100: 2,557: Total time for which application threads were stopped: 0,0001115 seconds, Stopping threads took: 0,0000296 seconds
2016-12-10T11:13:24.877+0100: 2,566: Total time for which application threads were stopped: 0,0003033 seconds, Stopping threads took: 0,0000217 seconds
2016-12-10T11:13:24.883+0100: 2,572: Total time for which application threads were stopped: 0,0000884 seconds, Stopping threads took: 0,0000211 seconds
2016-12-10T11:13:24.885+0100: 2,574: Total time for which application threads were stopped: 0,0002627 seconds, Stopping threads took: 0,0000125 seconds
2016-12-10T11:13:24.928+0100: 2,616: Total time for which application threads were stopped: 0,0000903 seconds, Stopping threads took: 0,0000214 seconds
2016-12-10T11:13:24.945+0100: 2,633: Total time for which application threads were stopped: 0,0000683 seconds, Stopping threads took: 0,0000126 seconds
2016-12-10T11:13:24.963+0100: 2,652: Total time for which application threads were stopped: 0,0001154 seconds, Stopping threads took: 0,0000362 seconds
2016-12-10T11:13:24.984+0100: 2,673: Total time for which application threads were stopped: 0,0000887 seconds, Stopping threads took: 0,0000212 seconds
2016-12-10T11:13:25.006+0100: 2,695: Total time for which application threads were stopped: 0,0000931 seconds, Stopping threads took: 0,0000156 seconds
2016-12-10T11:13:25.074+0100: 2,763: Total time for which application threads were stopped: 0,0001586 seconds, Stopping threads took: 0,0000761 seconds
2016-12-10T11:13:25.096+0100: 2,785: Total time for which application threads were stopped: 0,0001167 seconds, Stopping threads took: 0,0000332 seconds
2016-12-10T11:13:25.104+0100: 2,792: Total time for which application threads were stopped: 0,0003383 seconds, Stopping threads took: 0,0000393 seconds
{Heap before GC invocations=2 (full 0):
 par new generation   total 109248K, used 100531K [0x00000000e0000000, 0x00000000e8000000, 0x00000000e8000000)
  eden space 87424K, 100% used [0x00000000e0000000, 0x00000000e5560000, 0x00000000e5560000)
  from space 21824K,  60% used [0x00000000e5560000, 0x00000000e622cf18, 0x00000000e6ab0000)
  to   space 21824K,   0% used [0x00000000e6ab0000, 0x00000000e6ab0000, 0x00000000e8000000)
 concurrent mark-sweep generation total 393216K, used 0K [0x00000000e8000000, 0x0000000100000000, 0x0000000100000000)
 Metaspace       used 24890K, capacity 25220K, committed 25536K, reserved 1071104K
  class space    used 2896K, capacity 3024K, committed 3144K, reserved 1048576K
2016-12-10T11:13:25.119+0100: 2,808: [GC (Allocation Failure) 2016-12-10T11:13:25.119+0100: 2,808: [ParNew
Desired survivor size 20112992 bytes, new threshold 8 (max 8)
- age   1:    6691472 bytes,    6691472 total
- age   2:     549344 bytes,    7240816 total
- age   3:    6086152 bytes,   13326968 total
: 100531K->16820K(109248K), 0,0161226 secs] 100531K->16820K(502464K), 0,0161813 secs] [Times: user=0,05 sys=0,00, real=0,02 secs] 
Heap after GC invocations=3 (full 0):
 par new generation   total 109248K, used 16820K [0x00000000e0000000, 0x00000000e8000000, 0x00000000e8000000)
  eden space 87424K,   0% used [0x00000000e0000000, 0x00000000e0000000, 0x00000000e5560000)
  from space 21824K,  77% used [0x00000000e6ab0000, 0x00000000e7b1d3f0, 0x00000000e8000000)
  to   space 21824K,   0% used [0x00000000e5560000, 0x00000000e5560000, 0x00000000e6ab0000)
 concurrent mark-sweep generation total 393216K, used 0K [0x00000000e8000000, 0x0000000100000000, 0x0000000100000000)
 Metaspace       used 24890K, capacity 25220K, committed 25536K, reserved 1071104K
  class space    used 2896K, capacity 3024K, committed 3144K, reserved 1048576K
}
2016-12-10T11:13:25.135+0100: 2,824: Total time for which application threads were stopped: 0,0164352 seconds, Stopping threads took: 0,0000527 seconds
2016-12-10T11:13:25.135+0100: 2,824: [GC (CMS Initial Mark) [1 CMS-initial-mark: 0K(393216K)] 18222K(502464K), 0,0036333 secs] [Times: user=0,01 sys=0,00, real=0,00 secs] 
2016-12-10T11:13:25.139+0100: 2,828: Total time for which application threads were stopped: 0,0037651 seconds, Stopping threads took: 0,0000344 seconds
2016-12-10T11:13:25.139+0100: 2,828: [CMS-concurrent-mark-start]
2016-12-10T11:13:25.141+0100: 2,830: [CMS-concurrent-mark: 0,002/0,002 secs] [Times: user=0,00 sys=0,00, real=0,00 secs] 
2016-12-10T11:13:25.141+0100: 2,830: [CMS-concurrent-preclean-start]
2016-12-10T11:13:25.142+0100: 2,831: [CMS-concurrent-preclean: 0,001/0,001 secs] [Times: user=0,01 sys=0,00, real=0,00 secs] 
2016-12-10T11:13:25.142+0100: 2,831: [GC (CMS Final Remark) [YG occupancy: 18222 K (109248 K)]{Heap before GC invocations=3 (full 1):
 par new generation   total 109248K, used 18222K [0x00000000e0000000, 0x00000000e8000000, 0x00000000e8000000)
  eden space 87424K,   1% used [0x00000000e0000000, 0x00000000e015e7a8, 0x00000000e5560000)
  from space 21824K,  77% used [0x00000000e6ab0000, 0x00000000e7b1d3f0, 0x00000000e8000000)
  to   space 21824K,   0% used [0x00000000e5560000, 0x00000000e5560000, 0x00000000e6ab0000)
 concurrent mark-sweep generation total 393216K, used 0K [0x00000000e8000000, 0x0000000100000000, 0x0000000100000000)
 Metaspace       used 24909K, capacity 25284K, committed 25536K, reserved 1071104K
  class space    used 2897K, capacity 3024K, committed 3144K, reserved 1048576K
2016-12-10T11:13:25.143+0100: 2,831: [GC (CMS Final Remark) 2016-12-10T11:13:25.143+0100: 2,831: [ParNew
Desired survivor size 20112992 bytes, new threshold 8 (max 8)
- age   1:      39008 bytes,      39008 total
- age   2:    3150832 bytes,    3189840 total
- age   3:     549344 bytes,    3739184 total
- age   4:    6084648 bytes,    9823832 total
: 18222K->13892K(109248K), 0,0098441 secs] 18222K->13892K(502464K), 0,0098813 secs] [Times: user=0,03 sys=0,00, real=0,02 secs] 
Heap after GC invocations=4 (full 1):
 par new generation   total 109248K, used 13892K [0x00000000e0000000, 0x00000000e8000000, 0x00000000e8000000)
  eden space 87424K,   0% used [0x00000000e0000000, 0x00000000e0000000, 0x00000000e5560000)
  from space 21824K,  63% used [0x00000000e5560000, 0x00000000e62f11a8, 0x00000000e6ab0000)
  to   space 21824K,   0% used [0x00000000e6ab0000, 0x00000000e6ab0000, 0x00000000e8000000)
 concurrent mark-sweep generation total 393216K, used 0K [0x00000000e8000000, 0x0000000100000000, 0x0000000100000000)
 Metaspace       used 24909K, capacity 25284K, committed 25536K, reserved 1071104K
  class space    used 2897K, capacity 3024K, committed 3144K, reserved 1048576K
}
2016-12-10T11:13:25.152+0100: 2,841: [Rescan (parallel) , 0,0037635 secs]2016-12-10T11:13:25.156+0100: 2,845: [weak refs processing, 0,0008447 secs]2016-12-10T11:13:25.157+0100: 2,846: [class unloading, 0,0032460 secs]2016-12-10T11:13:25.160+0100: 2,849: [scrub symbol table, 0,0032802 secs]2016-12-10T11:13:25.164+0100: 2,852: [scrub string table, 0,0003744 secs][1 CMS-remark: 0K(393216K)] 13892K(502464K), 0,0221408 secs] [Times: user=0,06 sys=0,00, real=0,03 secs] 
2016-12-10T11:13:25.165+0100: 2,854: Total time for which application threads were stopped: 0,0222614 seconds, Stopping threads took: 0,0000433 seconds
2016-12-10T11:13:25.165+0100: 2,854: [CMS-concurrent-sweep-start]
2016-12-10T11:13:25.165+0100: 2,854: [CMS-concurrent-sweep: 0,000/0,000 secs] [Times: user=0,00 sys=0,00, real=0,00 secs] 
2016-12-10T11:13:25.165+0100: 2,854: [CMS-concurrent-reset-start]
2016-12-10T11:13:25.167+0100: 2,856: [CMS-concurrent-reset: 0,002/0,002 secs] [Times: user=0,01 sys=0,00, real=0,00 secs] 
2016-12-10T11:13:25.213+0100: 2,902: Total time for which application threads were stopped: 0,0003914 seconds, Stopping threads took: 0,0000231 seconds
2016-12-10T11:13:26.214+0100: 3,902: Total time for which application threads were stopped: 0,0000842 seconds, Stopping threads took: 0,0000160 seconds
2016-12-10T11:13:26.362+0100: 4,051: Total time for which application threads were stopped: 0,0004077 seconds, Stopping threads took: 0,0000164 seconds
2016-12-10T11:13:53.793+0100: 32,054: Total time for which application threads were stopped: 0,0000625 seconds, Stopping threads took: 0,0000178 seconds
2016-12-10T11:16:08.807+0100: 167,068: Total time for which application threads were stopped: 0,0000759 seconds, Stopping threads took: 0,0000296 seconds
2016-12-10T11:17:18.814+0100: 237,075: Total time for which application threads were stopped: 0,0001571 seconds, Stopping threads took: 0,0000825 seconds
2016-12-10T11:18:08.819+0100: 287,080: Total time for which application threads were stopped: 0,0000785 seconds, Stopping threads took: 0,0000281 seconds
2016-12-10T11:18:43.822+0100: 322,083: Total time for which application threads were stopped: 0,0001170 seconds, Stopping threads took: 0,0000542 seconds
2016-12-10T11:22:03.847+0100: 522,108: Total time for which application threads were stopped: 0,0001370 seconds, Stopping threads took: 0,0000583 seconds
2016-12-10T11:23:43.855+0100: 622,117: Total time for which application threads were stopped: 0,0001690 seconds, Stopping threads took: 0,0000725 seconds
2016-12-10T11:24:08.858+0100: 647,119: Total time for which application threads were stopped: 0,0001084 seconds, Stopping threads took: 0,0000400 seconds
2016-12-10T11:29:23.887+0100: 962,149: Total time for which application threads were stopped: 0,0000759 seconds, Stopping threads took: 0,0000295 seconds
2016-12-10T11:29:28.888+0100: 967,149: Total time for which application threads were stopped: 0,0000606 seconds, Stopping threads took: 0,0000191 seconds
2016-12-10T11:37:07.935+0100: 1426,197: Total time for which application threads were stopped: 0,0005139 seconds, Stopping threads took: 0,0001274 seconds
2016-12-10T11:41:23.960+0100: 1682,221: Total time for which application threads were stopped: 0,0001462 seconds, Stopping threads took: 0,0000628 seconds
2016-12-10T11:52:04.024+0100: 2322,285: Total time for which application threads were stopped: 0,0000809 seconds, Stopping threads took: 0,0000303 seconds
2016-12-10T11:52:08.025+0100: 2326,286: Total time for which application threads were stopped: 0,0000568 seconds, Stopping threads took: 0,0000139 seconds
2016-12-10T11:54:34.038+0100: 2472,299: Total time for which application threads were stopped: 0,0001414 seconds, Stopping threads took: 0,0000647 seconds
2016-12-10T13:09:17.080+0100: 3197,212: Total time for which application threads were stopped: 0,0000718 seconds, Stopping threads took: 0,0000314 seconds
2016-12-10T13:20:31.157+0100: 3871,290: Total time for which application threads were stopped: 0,0001523 seconds, Stopping threads took: 0,0000622 seconds
2016-12-10T13:20:36.158+0100: 3876,290: Total time for which application threads were stopped: 0,0000877 seconds, Stopping threads took: 0,0000350 seconds
2016-12-10T13:23:01.174+0100: 4021,307: Total time for which application threads were stopped: 0,0000841 seconds, Stopping threads took: 0,0000388 seconds
2016-12-10T13:30:37.886+0100: 4478,019: Total time for which application threads were stopped: 0,0001610 seconds, Stopping threads took: 0,0000320 seconds
Heap
 par new generation   total 109248K, used 57263K [0x00000000e0000000, 0x00000000e8000000, 0x00000000e8000000)
  eden space 87424K,  49% used [0x00000000e0000000, 0x00000000e2a5ad50, 0x00000000e5560000)
  from space 21824K,  63% used [0x00000000e5560000, 0x00000000e62f11a8, 0x00000000e6ab0000)
  to   space 21824K,   0% used [0x00000000e6ab0000, 0x00000000e6ab0000, 0x00000000e8000000)
 concurrent mark-sweep generation total 393216K, used 0K [0x00000000e8000000, 0x0000000100000000, 0x0000000100000000)
 Metaspace       used 27204K, capacity 27658K, committed 27972K, reserved 1073152K
  class space    used 3159K, capacity 3319K, committed 3400K, reserved 1048576K
