OpenJDK 64-Bit Server VM (25.121-b13) for linux-amd64 JRE (1.8.0_121-8u121-b13-0ubuntu1.16.04.2-b13), built on Jan 23 2017 15:51:29 by "buildd" with gcc 5.4.0 20160609
Memory: 4k page, physical 7867760k(7440120k free), swap 8076284k(8076284k free)
CommandLine flags: -XX:CMSInitiatingOccupancyFraction=50 -XX:CMSMaxAbortablePrecleanTime=6000 -XX:+CMSParallelRemarkEnabled -XX:+CMSScavengeBeforeRemark -XX:ConcGCThreads=4 -XX:InitialHeapSize=536870912 -XX:MaxHeapSize=536870912 -XX:MaxTenuringThreshold=8 -XX:NewRatio=3 -XX:OldPLABSize=16 -XX:OnOutOfMemoryError=/opt/solr/bin/oom_solr.sh 8983 /var/solr/logs -XX:ParallelGCThreads=4 -XX:+ParallelRefProcEnabled -XX:PretenureSizeThreshold=67108864 -XX:+PrintGC -XX:+PrintGCApplicationStoppedTime -XX:+PrintGCDateStamps -XX:+PrintGCDetails -XX:+PrintGCTimeStamps -XX:+PrintHeapAtGC -XX:+PrintTenuringDistribution -XX:SurvivorRatio=4 -XX:TargetSurvivorRatio=90 -XX:ThreadStackSize=256 -XX:+UseCMSInitiatingOccupancyOnly -XX:+UseCompressedClassPointers -XX:+UseCompressedOops -XX:+UseConcMarkSweepGC -XX:+UseParNewGC 
2017-03-10T06:35:32.899+0100: 0,176: Total time for which application threads were stopped: 0,0000936 seconds, Stopping threads took: 0,0000131 seconds
2017-03-10T06:35:33.011+0100: 0,287: Total time for which application threads were stopped: 0,0001188 seconds, Stopping threads took: 0,0000267 seconds
2017-03-10T06:35:33.069+0100: 0,345: Total time for which application threads were stopped: 0,0000863 seconds, Stopping threads took: 0,0000128 seconds
2017-03-10T06:35:33.480+0100: 0,757: Total time for which application threads were stopped: 0,0001300 seconds, Stopping threads took: 0,0000140 seconds
2017-03-10T06:35:33.815+0100: 1,092: Total time for which application threads were stopped: 0,0001117 seconds, Stopping threads took: 0,0000102 seconds
2017-03-10T06:35:33.888+0100: 1,165: Total time for which application threads were stopped: 0,0002900 seconds, Stopping threads took: 0,0000319 seconds
2017-03-10T06:35:33.913+0100: 1,190: Total time for which application threads were stopped: 0,0001786 seconds, Stopping threads took: 0,0000285 seconds
2017-03-10T06:35:34.187+0100: 1,463: Total time for which application threads were stopped: 0,0002082 seconds, Stopping threads took: 0,0000268 seconds
2017-03-10T06:35:34.432+0100: 1,708: Total time for which application threads were stopped: 0,0002136 seconds, Stopping threads took: 0,0000266 seconds
2017-03-10T06:35:34.459+0100: 1,735: Total time for which application threads were stopped: 0,0002030 seconds, Stopping threads took: 0,0000160 seconds
2017-03-10T06:35:34.493+0100: 1,770: Total time for which application threads were stopped: 0,0002414 seconds, Stopping threads took: 0,0000288 seconds
2017-03-10T06:35:34.495+0100: 1,771: Total time for which application threads were stopped: 0,0005569 seconds, Stopping threads took: 0,0000519 seconds
2017-03-10T06:35:34.514+0100: 1,790: Total time for which application threads were stopped: 0,0001644 seconds, Stopping threads took: 0,0000120 seconds
2017-03-10T06:35:34.585+0100: 1,861: Total time for which application threads were stopped: 0,0002527 seconds, Stopping threads took: 0,0000295 seconds
2017-03-10T06:35:34.743+0100: 2,020: Total time for which application threads were stopped: 0,0004759 seconds, Stopping threads took: 0,0002610 seconds
{Heap before GC invocations=0 (full 0):
 par new generation   total 109248K, used 87424K [0x00000000e0000000, 0x00000000e8000000, 0x00000000e8000000)
  eden space 87424K, 100% used [0x00000000e0000000, 0x00000000e5560000, 0x00000000e5560000)
  from space 21824K,   0% used [0x00000000e5560000, 0x00000000e5560000, 0x00000000e6ab0000)
  to   space 21824K,   0% used [0x00000000e6ab0000, 0x00000000e6ab0000, 0x00000000e8000000)
 concurrent mark-sweep generation total 393216K, used 0K [0x00000000e8000000, 0x0000000100000000, 0x0000000100000000)
 Metaspace       used 17824K, capacity 18176K, committed 18304K, reserved 1064960K
  class space    used 2024K, capacity 2164K, committed 2176K, reserved 1048576K
2017-03-10T06:35:34.787+0100: 2,064: [GC (Allocation Failure) 2017-03-10T06:35:34.787+0100: 2,064: [ParNew
Desired survivor size 20112992 bytes, new threshold 8 (max 8)
- age   1:   11651264 bytes,   11651264 total
: 87424K->11486K(109248K), 0,0165418 secs] 87424K->11486K(502464K), 0,0166197 secs] [Times: user=0,03 sys=0,02, real=0,01 secs] 
Heap after GC invocations=1 (full 0):
 par new generation   total 109248K, used 11486K [0x00000000e0000000, 0x00000000e8000000, 0x00000000e8000000)
  eden space 87424K,   0% used [0x00000000e0000000, 0x00000000e0000000, 0x00000000e5560000)
  from space 21824K,  52% used [0x00000000e6ab0000, 0x00000000e75e7848, 0x00000000e8000000)
  to   space 21824K,   0% used [0x00000000e5560000, 0x00000000e5560000, 0x00000000e6ab0000)
 concurrent mark-sweep generation total 393216K, used 0K [0x00000000e8000000, 0x0000000100000000, 0x0000000100000000)
 Metaspace       used 17824K, capacity 18176K, committed 18304K, reserved 1064960K
  class space    used 2024K, capacity 2164K, committed 2176K, reserved 1048576K
}
2017-03-10T06:35:34.804+0100: 2,080: Total time for which application threads were stopped: 0,0168393 seconds, Stopping threads took: 0,0000620 seconds
2017-03-10T06:35:35.147+0100: 2,423: Total time for which application threads were stopped: 0,0003540 seconds, Stopping threads took: 0,0000472 seconds
{Heap before GC invocations=1 (full 0):
 par new generation   total 109248K, used 98910K [0x00000000e0000000, 0x00000000e8000000, 0x00000000e8000000)
  eden space 87424K, 100% used [0x00000000e0000000, 0x00000000e5560000, 0x00000000e5560000)
  from space 21824K,  52% used [0x00000000e6ab0000, 0x00000000e75e7848, 0x00000000e8000000)
  to   space 21824K,   0% used [0x00000000e5560000, 0x00000000e5560000, 0x00000000e6ab0000)
 concurrent mark-sweep generation total 393216K, used 0K [0x00000000e8000000, 0x0000000100000000, 0x0000000100000000)
 Metaspace       used 20024K, capacity 20346K, committed 20736K, reserved 1067008K
  class space    used 2291K, capacity 2463K, committed 2560K, reserved 1048576K
2017-03-10T06:35:35.176+0100: 2,452: [GC (Allocation Failure) 2017-03-10T06:35:35.176+0100: 2,452: [ParNew
Desired survivor size 20112992 bytes, new threshold 8 (max 8)
- age   1:    4307936 bytes,    4307936 total
- age   2:    6214048 bytes,   10521984 total
: 98910K->12929K(109248K), 0,0101286 secs] 98910K->12929K(502464K), 0,0101970 secs] [Times: user=0,04 sys=0,00, real=0,01 secs] 
Heap after GC invocations=2 (full 0):
 par new generation   total 109248K, used 12929K [0x00000000e0000000, 0x00000000e8000000, 0x00000000e8000000)
  eden space 87424K,   0% used [0x00000000e0000000, 0x00000000e0000000, 0x00000000e5560000)
  from space 21824K,  59% used [0x00000000e5560000, 0x00000000e6200438, 0x00000000e6ab0000)
  to   space 21824K,   0% used [0x00000000e6ab0000, 0x00000000e6ab0000, 0x00000000e8000000)
 concurrent mark-sweep generation total 393216K, used 0K [0x00000000e8000000, 0x0000000100000000, 0x0000000100000000)
 Metaspace       used 20024K, capacity 20346K, committed 20736K, reserved 1067008K
  class space    used 2291K, capacity 2463K, committed 2560K, reserved 1048576K
}
2017-03-10T06:35:35.186+0100: 2,462: Total time for which application threads were stopped: 0,0106272 seconds, Stopping threads took: 0,0002981 seconds
2017-03-10T06:35:35.194+0100: 2,470: Total time for which application threads were stopped: 0,0003453 seconds, Stopping threads took: 0,0000572 seconds
2017-03-10T06:35:35.229+0100: 2,506: Total time for which application threads were stopped: 0,0003378 seconds, Stopping threads took: 0,0000646 seconds
2017-03-10T06:35:35.342+0100: 2,619: Total time for which application threads were stopped: 0,0002481 seconds, Stopping threads took: 0,0001261 seconds
{Heap before GC invocations=2 (full 0):
 par new generation   total 109248K, used 100353K [0x00000000e0000000, 0x00000000e8000000, 0x00000000e8000000)
  eden space 87424K, 100% used [0x00000000e0000000, 0x00000000e5560000, 0x00000000e5560000)
  from space 21824K,  59% used [0x00000000e5560000, 0x00000000e6200438, 0x00000000e6ab0000)
  to   space 21824K,   0% used [0x00000000e6ab0000, 0x00000000e6ab0000, 0x00000000e8000000)
 concurrent mark-sweep generation total 393216K, used 0K [0x00000000e8000000, 0x0000000100000000, 0x0000000100000000)
 Metaspace       used 20956K, capacity 21268K, committed 21628K, reserved 1069056K
  class space    used 2415K, capacity 2582K, committed 2684K, reserved 1048576K
2017-03-10T06:35:35.374+0100: 2,650: [GC (Allocation Failure) 2017-03-10T06:35:35.374+0100: 2,651: [ParNew
Desired survivor size 20112992 bytes, new threshold 8 (max 8)
- age   1:    2114568 bytes,    2114568 total
- age   2:    1259576 bytes,    3374144 total
- age   3:    6213296 bytes,    9587440 total
: 100353K->14330K(109248K), 0,0121196 secs] 100353K->14330K(502464K), 0,0121968 secs] [Times: user=0,03 sys=0,00, real=0,01 secs] 
Heap after GC invocations=3 (full 0):
 par new generation   total 109248K, used 14330K [0x00000000e0000000, 0x00000000e8000000, 0x00000000e8000000)
  eden space 87424K,   0% used [0x00000000e0000000, 0x00000000e0000000, 0x00000000e5560000)
  from space 21824K,  65% used [0x00000000e6ab0000, 0x00000000e78ae930, 0x00000000e8000000)
  to   space 21824K,   0% used [0x00000000e5560000, 0x00000000e5560000, 0x00000000e6ab0000)
 concurrent mark-sweep generation total 393216K, used 0K [0x00000000e8000000, 0x0000000100000000, 0x0000000100000000)
 Metaspace       used 20956K, capacity 21268K, committed 21628K, reserved 1069056K
  class space    used 2415K, capacity 2582K, committed 2684K, reserved 1048576K
}
2017-03-10T06:35:35.386+0100: 2,663: Total time for which application threads were stopped: 0,0160921 seconds, Stopping threads took: 0,0037697 seconds
2017-03-10T06:35:35.386+0100: 2,663: [GC (CMS Initial Mark) [1 CMS-initial-mark: 0K(393216K)] 15720K(502464K), 0,0047589 secs] [Times: user=0,02 sys=0,00, real=0,00 secs] 
2017-03-10T06:35:35.391+0100: 2,668: Total time for which application threads were stopped: 0,0049164 seconds, Stopping threads took: 0,0000600 seconds
2017-03-10T06:35:35.391+0100: 2,668: [CMS-concurrent-mark-start]
2017-03-10T06:35:35.392+0100: 2,668: [CMS-concurrent-mark: 0,000/0,000 secs] [Times: user=0,00 sys=0,00, real=0,00 secs] 
2017-03-10T06:35:35.392+0100: 2,668: [CMS-concurrent-preclean-start]
2017-03-10T06:35:35.393+0100: 2,669: [CMS-concurrent-preclean: 0,001/0,001 secs] [Times: user=0,00 sys=0,00, real=0,00 secs] 
2017-03-10T06:35:35.393+0100: 2,669: [CMS-concurrent-abortable-preclean-start]
2017-03-10T06:35:35.463+0100: 2,739: Total time for which application threads were stopped: 0,0001645 seconds, Stopping threads took: 0,0000522 seconds
{Heap before GC invocations=3 (full 1):
 par new generation   total 109248K, used 101754K [0x00000000e0000000, 0x00000000e8000000, 0x00000000e8000000)
  eden space 87424K, 100% used [0x00000000e0000000, 0x00000000e5560000, 0x00000000e5560000)
  from space 21824K,  65% used [0x00000000e6ab0000, 0x00000000e78ae930, 0x00000000e8000000)
  to   space 21824K,   0% used [0x00000000e5560000, 0x00000000e5560000, 0x00000000e6ab0000)
 concurrent mark-sweep generation total 393216K, used 0K [0x00000000e8000000, 0x0000000100000000, 0x0000000100000000)
 Metaspace       used 21224K, capacity 21544K, committed 21884K, reserved 1069056K
  class space    used 2443K, capacity 2597K, committed 2684K, reserved 1048576K
2017-03-10T06:35:35.504+0100: 2,780: [GC (Allocation Failure) 2017-03-10T06:35:35.504+0100: 2,780: [ParNew
Desired survivor size 20112992 bytes, new threshold 8 (max 8)
- age   1:    1329784 bytes,    1329784 total
- age   2:    1487728 bytes,    2817512 total
- age   3:    1236432 bytes,    4053944 total
- age   4:    6212112 bytes,   10266056 total
: 101754K->13004K(109248K), 0,0175325 secs] 101754K->13004K(502464K), 0,0176065 secs] [Times: user=0,06 sys=0,00, real=0,02 secs] 
Heap after GC invocations=4 (full 1):
 par new generation   total 109248K, used 13004K [0x00000000e0000000, 0x00000000e8000000, 0x00000000e8000000)
  eden space 87424K,   0% used [0x00000000e0000000, 0x00000000e0000000, 0x00000000e5560000)
  from space 21824K,  59% used [0x00000000e5560000, 0x00000000e6213098, 0x00000000e6ab0000)
  to   space 21824K,   0% used [0x00000000e6ab0000, 0x00000000e6ab0000, 0x00000000e8000000)
 concurrent mark-sweep generation total 393216K, used 0K [0x00000000e8000000, 0x0000000100000000, 0x0000000100000000)
 Metaspace       used 21224K, capacity 21544K, committed 21884K, reserved 1069056K
  class space    used 2443K, capacity 2597K, committed 2684K, reserved 1048576K
}
2017-03-10T06:35:35.521+0100: 2,798: Total time for which application threads were stopped: 0,0178300 seconds, Stopping threads took: 0,0000620 seconds
2017-03-10T06:35:35.522+0100: 2,798: [CMS-concurrent-abortable-preclean: 0,082/0,129 secs] [Times: user=0,50 sys=0,00, real=0,13 secs] 
2017-03-10T06:35:35.526+0100: 2,802: [GC (CMS Final Remark) [YG occupancy: 14985 K (109248 K)]{Heap before GC invocations=4 (full 1):
 par new generation   total 109248K, used 14985K [0x00000000e0000000, 0x00000000e8000000, 0x00000000e8000000)
  eden space 87424K,   2% used [0x00000000e0000000, 0x00000000e01ef3d8, 0x00000000e5560000)
  from space 21824K,  59% used [0x00000000e5560000, 0x00000000e6213098, 0x00000000e6ab0000)
  to   space 21824K,   0% used [0x00000000e6ab0000, 0x00000000e6ab0000, 0x00000000e8000000)
 concurrent mark-sweep generation total 393216K, used 0K [0x00000000e8000000, 0x0000000100000000, 0x0000000100000000)
 Metaspace       used 21224K, capacity 21544K, committed 21884K, reserved 1069056K
  class space    used 2443K, capacity 2597K, committed 2684K, reserved 1048576K
2017-03-10T06:35:35.526+0100: 2,802: [GC (CMS Final Remark) 2017-03-10T06:35:35.526+0100: 2,802: [ParNew
Desired survivor size 20112992 bytes, new threshold 8 (max 8)
- age   1:     106280 bytes,     106280 total
- age   2:    1142736 bytes,    1249016 total
- age   3:    1487728 bytes,    2736744 total
- age   4:    1236432 bytes,    3973176 total
- age   5:    6212480 bytes,   10185656 total
: 14985K->12354K(109248K), 0,0093022 secs] 14985K->12354K(502464K), 0,0093443 secs] [Times: user=0,03 sys=0,00, real=0,02 secs] 
Heap after GC invocations=5 (full 1):
 par new generation   total 109248K, used 12354K [0x00000000e0000000, 0x00000000e8000000, 0x00000000e8000000)
  eden space 87424K,   0% used [0x00000000e0000000, 0x00000000e0000000, 0x00000000e5560000)
  from space 21824K,  56% used [0x00000000e6ab0000, 0x00000000e76c0930, 0x00000000e8000000)
  to   space 21824K,   0% used [0x00000000e5560000, 0x00000000e5560000, 0x00000000e6ab0000)
 concurrent mark-sweep generation total 393216K, used 0K [0x00000000e8000000, 0x0000000100000000, 0x0000000100000000)
 Metaspace       used 21224K, capacity 21544K, committed 21884K, reserved 1069056K
  class space    used 2443K, capacity 2597K, committed 2684K, reserved 1048576K
}
2017-03-10T06:35:35.535+0100: 2,812: [Rescan (parallel) , 0,0036646 secs]2017-03-10T06:35:35.539+0100: 2,815: [weak refs processing, 0,0008416 secs]2017-03-10T06:35:35.540+0100: 2,816: [class unloading, 0,0027959 secs]2017-03-10T06:35:35.542+0100: 2,819: [scrub symbol table, 0,0031890 secs]2017-03-10T06:35:35.546+0100: 2,822: [scrub string table, 0,0003770 secs][1 CMS-remark: 0K(393216K)] 12354K(502464K), 0,0208277 secs] [Times: user=0,05 sys=0,00, real=0,03 secs] 
2017-03-10T06:35:35.546+0100: 2,823: Total time for which application threads were stopped: 0,0247136 seconds, Stopping threads took: 0,0038176 seconds
2017-03-10T06:35:35.546+0100: 2,823: [CMS-concurrent-sweep-start]
2017-03-10T06:35:35.547+0100: 2,823: [CMS-concurrent-sweep: 0,000/0,000 secs] [Times: user=0,00 sys=0,00, real=0,00 secs] 
2017-03-10T06:35:35.547+0100: 2,823: [CMS-concurrent-reset-start]
2017-03-10T06:35:35.549+0100: 2,825: [CMS-concurrent-reset: 0,002/0,002 secs] [Times: user=0,01 sys=0,00, real=0,00 secs] 
{Heap before GC invocations=5 (full 1):
 par new generation   total 109248K, used 99778K [0x00000000e0000000, 0x00000000e8000000, 0x00000000e8000000)
  eden space 87424K, 100% used [0x00000000e0000000, 0x00000000e5560000, 0x00000000e5560000)
  from space 21824K,  56% used [0x00000000e6ab0000, 0x00000000e76c0930, 0x00000000e8000000)
  to   space 21824K,   0% used [0x00000000e5560000, 0x00000000e5560000, 0x00000000e6ab0000)
 concurrent mark-sweep generation total 393216K, used 0K [0x00000000e8000000, 0x0000000100000000, 0x0000000100000000)
 Metaspace       used 21339K, capacity 21704K, committed 21884K, reserved 1069056K
  class space    used 2463K, capacity 2629K, committed 2684K, reserved 1048576K
2017-03-10T06:35:35.626+0100: 2,902: [GC (Allocation Failure) 2017-03-10T06:35:35.626+0100: 2,902: [ParNew
Desired survivor size 20112992 bytes, new threshold 8 (max 8)
- age   1:    1221848 bytes,    1221848 total
- age   2:        592 bytes,    1222440 total
- age   3:     169392 bytes,    1391832 total
- age   4:    1487600 bytes,    2879432 total
- age   5:    1233064 bytes,    4112496 total
- age   6:    6212288 bytes,   10324784 total
: 99778K->17390K(109248K), 0,0095392 secs] 99778K->17390K(502464K), 0,0096081 secs] [Times: user=0,03 sys=0,01, real=0,02 secs] 
Heap after GC invocations=6 (full 1):
 par new generation   total 109248K, used 17390K [0x00000000e0000000, 0x00000000e8000000, 0x00000000e8000000)
  eden space 87424K,   0% used [0x00000000e0000000, 0x00000000e0000000, 0x00000000e5560000)
  from space 21824K,  79% used [0x00000000e5560000, 0x00000000e665bb00, 0x00000000e6ab0000)
  to   space 21824K,   0% used [0x00000000e6ab0000, 0x00000000e6ab0000, 0x00000000e8000000)
 concurrent mark-sweep generation total 393216K, used 0K [0x00000000e8000000, 0x0000000100000000, 0x0000000100000000)
 Metaspace       used 21339K, capacity 21704K, committed 21884K, reserved 1069056K
  class space    used 2463K, capacity 2629K, committed 2684K, reserved 1048576K
}
2017-03-10T06:35:35.635+0100: 2,912: Total time for which application threads were stopped: 0,0122510 seconds, Stopping threads took: 0,0024889 seconds
2017-03-10T06:35:35.683+0100: 2,960: Total time for which application threads were stopped: 0,0003884 seconds, Stopping threads took: 0,0000248 seconds
2017-03-10T06:35:35.902+0100: 3,179: Total time for which application threads were stopped: 0,0004302 seconds, Stopping threads took: 0,0000351 seconds
2017-03-10T06:35:35.919+0100: 3,196: Total time for which application threads were stopped: 0,0003730 seconds, Stopping threads took: 0,0000422 seconds
{Heap before GC invocations=6 (full 1):
 par new generation   total 109248K, used 104814K [0x00000000e0000000, 0x00000000e8000000, 0x00000000e8000000)
  eden space 87424K, 100% used [0x00000000e0000000, 0x00000000e5560000, 0x00000000e5560000)
  from space 21824K,  79% used [0x00000000e5560000, 0x00000000e665bb00, 0x00000000e6ab0000)
  to   space 21824K,   0% used [0x00000000e6ab0000, 0x00000000e6ab0000, 0x00000000e8000000)
 concurrent mark-sweep generation total 393216K, used 0K [0x00000000e8000000, 0x0000000100000000, 0x0000000100000000)
 Metaspace       used 24355K, capacity 24792K, committed 25084K, reserved 1071104K
  class space    used 2857K, capacity 3037K, committed 3068K, reserved 1048576K
2017-03-10T06:35:36.097+0100: 3,374: [GC (Allocation Failure) 2017-03-10T06:35:36.097+0100: 3,374: [ParNew
Desired survivor size 20112992 bytes, new threshold 8 (max 8)
- age   1:    5756440 bytes,    5756440 total
- age   2:     109464 bytes,    5865904 total
- age   3:        592 bytes,    5866496 total
- age   4:     167912 bytes,    6034408 total
- age   5:     318048 bytes,    6352456 total
- age   6:    1208104 bytes,    7560560 total
- age   7:    6203640 bytes,   13764200 total
: 104814K->14083K(109248K), 0,0149331 secs] 104814K->14083K(502464K), 0,0150089 secs] [Times: user=0,05 sys=0,00, real=0,01 secs] 
Heap after GC invocations=7 (full 1):
 par new generation   total 109248K, used 14083K [0x00000000e0000000, 0x00000000e8000000, 0x00000000e8000000)
  eden space 87424K,   0% used [0x00000000e0000000, 0x00000000e0000000, 0x00000000e5560000)
  from space 21824K,  64% used [0x00000000e6ab0000, 0x00000000e7870c20, 0x00000000e8000000)
  to   space 21824K,   0% used [0x00000000e5560000, 0x00000000e5560000, 0x00000000e6ab0000)
 concurrent mark-sweep generation total 393216K, used 0K [0x00000000e8000000, 0x0000000100000000, 0x0000000100000000)
 Metaspace       used 24355K, capacity 24792K, committed 25084K, reserved 1071104K
  class space    used 2857K, capacity 3037K, committed 3068K, reserved 1048576K
}
2017-03-10T06:35:36.112+0100: 3,389: Total time for which application threads were stopped: 0,0153053 seconds, Stopping threads took: 0,0000687 seconds
{Heap before GC invocations=7 (full 1):
 par new generation   total 109248K, used 101507K [0x00000000e0000000, 0x00000000e8000000, 0x00000000e8000000)
  eden space 87424K, 100% used [0x00000000e0000000, 0x00000000e5560000, 0x00000000e5560000)
  from space 21824K,  64% used [0x00000000e6ab0000, 0x00000000e7870c20, 0x00000000e8000000)
  to   space 21824K,   0% used [0x00000000e5560000, 0x00000000e5560000, 0x00000000e6ab0000)
 concurrent mark-sweep generation total 393216K, used 0K [0x00000000e8000000, 0x0000000100000000, 0x0000000100000000)
 Metaspace       used 24744K, capacity 25214K, committed 25468K, reserved 1071104K
  class space    used 2894K, capacity 3070K, committed 3196K, reserved 1048576K
2017-03-10T06:35:36.218+0100: 3,495: [GC (Allocation Failure) 2017-03-10T06:35:36.218+0100: 3,495: [ParNew
Desired survivor size 20112992 bytes, new threshold 8 (max 8)
- age   1:    1924520 bytes,    1924520 total
- age   2:    1795152 bytes,    3719672 total
- age   3:      47664 bytes,    3767336 total
- age   4:        352 bytes,    3767688 total
- age   5:      98288 bytes,    3865976 total
- age   6:     203128 bytes,    4069104 total
- age   7:     951792 bytes,    5020896 total
- age   8:    5901784 bytes,   10922680 total
: 101507K->16882K(109248K), 0,0173495 secs] 101507K->16882K(502464K), 0,0174210 secs] [Times: user=0,07 sys=0,00, real=0,02 secs] 
Heap after GC invocations=8 (full 1):
 par new generation   total 109248K, used 16882K [0x00000000e0000000, 0x00000000e8000000, 0x00000000e8000000)
  eden space 87424K,   0% used [0x00000000e0000000, 0x00000000e0000000, 0x00000000e5560000)
  from space 21824K,  77% used [0x00000000e5560000, 0x00000000e65dc880, 0x00000000e6ab0000)
  to   space 21824K,   0% used [0x00000000e6ab0000, 0x00000000e6ab0000, 0x00000000e8000000)
 concurrent mark-sweep generation total 393216K, used 0K [0x00000000e8000000, 0x0000000100000000, 0x0000000100000000)
 Metaspace       used 24744K, capacity 25214K, committed 25468K, reserved 1071104K
  class space    used 2894K, capacity 3070K, committed 3196K, reserved 1048576K
}
2017-03-10T06:35:36.235+0100: 3,512: Total time for which application threads were stopped: 0,0200551 seconds, Stopping threads took: 0,0024561 seconds
{Heap before GC invocations=8 (full 1):
 par new generation   total 109248K, used 104306K [0x00000000e0000000, 0x00000000e8000000, 0x00000000e8000000)
  eden space 87424K, 100% used [0x00000000e0000000, 0x00000000e5560000, 0x00000000e5560000)
  from space 21824K,  77% used [0x00000000e5560000, 0x00000000e65dc880, 0x00000000e6ab0000)
  to   space 21824K,   0% used [0x00000000e6ab0000, 0x00000000e6ab0000, 0x00000000e8000000)
 concurrent mark-sweep generation total 393216K, used 0K [0x00000000e8000000, 0x0000000100000000, 0x0000000100000000)
 Metaspace       used 24908K, capacity 25368K, committed 25724K, reserved 1071104K
  class space    used 2905K, capacity 3075K, committed 3196K, reserved 1048576K
2017-03-10T06:35:36.293+0100: 3,570: [GC (Allocation Failure) 2017-03-10T06:35:36.293+0100: 3,570: [ParNew
Desired survivor size 20112992 bytes, new threshold 8 (max 8)
- age   1:     467208 bytes,     467208 total
- age   2:    1082608 bytes,    1549816 total
- age   3:    1772608 bytes,    3322424 total
- age   4:      45248 bytes,    3367672 total
- age   5:        352 bytes,    3368024 total
- age   6:      98088 bytes,    3466112 total
- age   7:     202968 bytes,    3669080 total
- age   8:     950992 bytes,    4620072 total
: 104306K->6850K(109248K), 0,0501135 secs] 104306K->12696K(502464K), 0,0501941 secs] [Times: user=0,14 sys=0,00, real=0,05 secs] 
Heap after GC invocations=9 (full 1):
 par new generation   total 109248K, used 6850K [0x00000000e0000000, 0x00000000e8000000, 0x00000000e8000000)
  eden space 87424K,   0% used [0x00000000e0000000, 0x00000000e0000000, 0x00000000e5560000)
  from space 21824K,  31% used [0x00000000e6ab0000, 0x00000000e71609b8, 0x00000000e8000000)
  to   space 21824K,   0% used [0x00000000e5560000, 0x00000000e5560000, 0x00000000e6ab0000)
 concurrent mark-sweep generation total 393216K, used 5845K [0x00000000e8000000, 0x0000000100000000, 0x0000000100000000)
 Metaspace       used 24908K, capacity 25368K, committed 25724K, reserved 1071104K
  class space    used 2905K, capacity 3075K, committed 3196K, reserved 1048576K
}
2017-03-10T06:35:36.344+0100: 3,620: Total time for which application threads were stopped: 0,0504390 seconds, Stopping threads took: 0,0000525 seconds
2017-03-10T06:35:36.589+0100: 3,865: Total time for which application threads were stopped: 0,0005922 seconds, Stopping threads took: 0,0001694 seconds
2017-03-10T06:35:36.606+0100: 3,883: Total time for which application threads were stopped: 0,0004738 seconds, Stopping threads took: 0,0000267 seconds
2017-03-10T06:35:36.672+0100: 3,948: Total time for which application threads were stopped: 0,0004164 seconds, Stopping threads took: 0,0000356 seconds
2017-03-10T06:35:36.787+0100: 4,063: Total time for which application threads were stopped: 0,0004317 seconds, Stopping threads took: 0,0000779 seconds
2017-03-10T06:35:36.787+0100: 4,064: Total time for which application threads were stopped: 0,0000992 seconds, Stopping threads took: 0,0000180 seconds
2017-03-10T06:35:36.787+0100: 4,064: Total time for which application threads were stopped: 0,0000780 seconds, Stopping threads took: 0,0000147 seconds
2017-03-10T06:35:36.789+0100: 4,065: Total time for which application threads were stopped: 0,0001126 seconds, Stopping threads took: 0,0000386 seconds
2017-03-10T06:35:36.797+0100: 4,073: Total time for which application threads were stopped: 0,0001107 seconds, Stopping threads took: 0,0000275 seconds
2017-03-10T06:35:36.799+0100: 4,075: Total time for which application threads were stopped: 0,0001158 seconds, Stopping threads took: 0,0000370 seconds
2017-03-10T06:35:36.799+0100: 4,076: Total time for which application threads were stopped: 0,0001102 seconds, Stopping threads took: 0,0000460 seconds
2017-03-10T06:35:36.799+0100: 4,076: Total time for which application threads were stopped: 0,0000604 seconds, Stopping threads took: 0,0000123 seconds
2017-03-10T06:35:36.803+0100: 4,080: Total time for which application threads were stopped: 0,0000970 seconds, Stopping threads took: 0,0000261 seconds
2017-03-10T06:35:36.804+0100: 4,080: Total time for which application threads were stopped: 0,0001021 seconds, Stopping threads took: 0,0000225 seconds
2017-03-10T06:35:36.804+0100: 4,081: Total time for which application threads were stopped: 0,0000935 seconds, Stopping threads took: 0,0000229 seconds
2017-03-10T06:35:37.805+0100: 5,081: Total time for which application threads were stopped: 0,0000663 seconds, Stopping threads took: 0,0000155 seconds
2017-03-10T06:35:39.805+0100: 7,082: Total time for which application threads were stopped: 0,0000657 seconds, Stopping threads took: 0,0000157 seconds
2017-03-10T06:35:54.807+0100: 22,083: Total time for which application threads were stopped: 0,0000758 seconds, Stopping threads took: 0,0000291 seconds
2017-03-10T06:36:04.808+0100: 32,085: Total time for which application threads were stopped: 0,0000766 seconds, Stopping threads took: 0,0000178 seconds
2017-03-10T06:36:14.810+0100: 42,086: Total time for which application threads were stopped: 0,0001084 seconds, Stopping threads took: 0,0000276 seconds
2017-03-10T06:36:24.811+0100: 52,088: Total time for which application threads were stopped: 0,0000903 seconds, Stopping threads took: 0,0000308 seconds
2017-03-10T06:36:34.812+0100: 62,089: Total time for which application threads were stopped: 0,0000766 seconds, Stopping threads took: 0,0000182 seconds
2017-03-10T06:36:44.814+0100: 72,090: Total time for which application threads were stopped: 0,0000651 seconds, Stopping threads took: 0,0000171 seconds
2017-03-10T06:36:49.814+0100: 77,091: Total time for which application threads were stopped: 0,0000953 seconds, Stopping threads took: 0,0000358 seconds
2017-03-10T06:37:34.820+0100: 122,097: Total time for which application threads were stopped: 0,0006011 seconds, Stopping threads took: 0,0002171 seconds
{Heap before GC invocations=9 (full 1):
 par new generation   total 109248K, used 94274K [0x00000000e0000000, 0x00000000e8000000, 0x00000000e8000000)
  eden space 87424K, 100% used [0x00000000e0000000, 0x00000000e5560000, 0x00000000e5560000)
  from space 21824K,  31% used [0x00000000e6ab0000, 0x00000000e71609b8, 0x00000000e8000000)
  to   space 21824K,   0% used [0x00000000e5560000, 0x00000000e5560000, 0x00000000e6ab0000)
 concurrent mark-sweep generation total 393216K, used 5845K [0x00000000e8000000, 0x0000000100000000, 0x0000000100000000)
 Metaspace       used 27954K, capacity 28472K, committed 28796K, reserved 1075200K
  class space    used 3209K, capacity 3381K, committed 3452K, reserved 1048576K
2017-03-10T06:38:28.832+0100: 176,109: [GC (Allocation Failure) 2017-03-10T06:38:28.832+0100: 176,109: [ParNew
Desired survivor size 20112992 bytes, new threshold 8 (max 8)
- age   1:   10613280 bytes,   10613280 total
- age   2:     156624 bytes,   10769904 total
- age   3:     286552 bytes,   11056456 total
- age   4:    1767712 bytes,   12824168 total
- age   5:      45248 bytes,   12869416 total
- age   6:        352 bytes,   12869768 total
- age   7:      97960 bytes,   12967728 total
- age   8:     202896 bytes,   13170624 total
: 94274K->13929K(109248K), 0,0253656 secs] 100120K->20828K(502464K), 0,0254471 secs] [Times: user=0,08 sys=0,00, real=0,03 secs] 
Heap after GC invocations=10 (full 1):
 par new generation   total 109248K, used 13929K [0x00000000e0000000, 0x00000000e8000000, 0x00000000e8000000)
  eden space 87424K,   0% used [0x00000000e0000000, 0x00000000e0000000, 0x00000000e5560000)
  from space 21824K,  63% used [0x00000000e5560000, 0x00000000e62fa4f0, 0x00000000e6ab0000)
  to   space 21824K,   0% used [0x00000000e6ab0000, 0x00000000e6ab0000, 0x00000000e8000000)
 concurrent mark-sweep generation total 393216K, used 6898K [0x00000000e8000000, 0x0000000100000000, 0x0000000100000000)
 Metaspace       used 27954K, capacity 28472K, committed 28796K, reserved 1075200K
  class space    used 3209K, capacity 3381K, committed 3452K, reserved 1048576K
}
2017-03-10T06:38:28.858+0100: 176,134: Total time for which application threads were stopped: 0,0257002 seconds, Stopping threads took: 0,0001073 seconds
2017-03-10T06:38:33.858+0100: 181,135: Total time for which application threads were stopped: 0,0000697 seconds, Stopping threads took: 0,0000160 seconds
2017-03-10T06:40:08.870+0100: 276,147: Total time for which application threads were stopped: 0,0001583 seconds, Stopping threads took: 0,0000640 seconds
2017-03-10T06:59:03.991+0100: 1411,268: Total time for which application threads were stopped: 0,0000937 seconds, Stopping threads took: 0,0000376 seconds
2017-03-10T07:03:54.023+0100: 1701,299: Total time for which application threads were stopped: 0,0001382 seconds, Stopping threads took: 0,0000504 seconds
2017-03-10T07:08:05.047+0100: 1952,324: Total time for which application threads were stopped: 0,0000764 seconds, Stopping threads took: 0,0000288 seconds
2017-03-10T07:13:54.081+0100: 2301,357: Total time for which application threads were stopped: 0,0000806 seconds, Stopping threads took: 0,0000322 seconds
2017-03-10T07:13:55.081+0100: 2302,358: Total time for which application threads were stopped: 0,0000788 seconds, Stopping threads took: 0,0000166 seconds
2017-03-10T07:14:10.481+0100: 2317,758: Total time for which application threads were stopped: 0,0002060 seconds, Stopping threads took: 0,0001044 seconds
2017-03-10T07:14:10.564+0100: 2317,840: Total time for which application threads were stopped: 0,0146461 seconds, Stopping threads took: 0,0145163 seconds
2017-03-10T07:14:10.570+0100: 2317,846: Total time for which application threads were stopped: 0,0001039 seconds, Stopping threads took: 0,0000208 seconds
2017-03-10T07:14:10.607+0100: 2317,884: Total time for which application threads were stopped: 0,0001353 seconds, Stopping threads took: 0,0000207 seconds
Heap
 par new generation   total 109248K, used 33611K [0x00000000e0000000, 0x00000000e8000000, 0x00000000e8000000)
  eden space 87424K,  22% used [0x00000000e0000000, 0x00000000e1338760, 0x00000000e5560000)
  from space 21824K,  63% used [0x00000000e5560000, 0x00000000e62fa4f0, 0x00000000e6ab0000)
  to   space 21824K,   0% used [0x00000000e6ab0000, 0x00000000e6ab0000, 0x00000000e8000000)
 concurrent mark-sweep generation total 393216K, used 6898K [0x00000000e8000000, 0x0000000100000000, 0x0000000100000000)
 Metaspace       used 28068K, capacity 28576K, committed 28796K, reserved 1075200K
  class space    used 3223K, capacity 3415K, committed 3452K, reserved 1048576K
