OpenJDK 64-Bit Server VM (25.111-b14) for linux-amd64 JRE (1.8.0_111-8u111-b14-2ubuntu0.16.04.2-b14), built on Oct 27 2016 18:10:19 by "buildd" with gcc 5.4.0 20160609
Memory: 4k page, physical 7867840k(7578064k free), swap 8076284k(8076284k free)
CommandLine flags: -XX:CMSInitiatingOccupancyFraction=50 -XX:CMSMaxAbortablePrecleanTime=6000 -XX:+CMSParallelRemarkEnabled -XX:+CMSScavengeBeforeRemark -XX:ConcGCThreads=4 -XX:InitialHeapSize=536870912 -XX:MaxHeapSize=536870912 -XX:MaxTenuringThreshold=8 -XX:NewRatio=3 -XX:OldPLABSize=16 -XX:OnOutOfMemoryError=/opt/solr/bin/oom_solr.sh 8983 /var/solr/logs -XX:ParallelGCThreads=4 -XX:+ParallelRefProcEnabled -XX:PretenureSizeThreshold=67108864 -XX:+PrintGC -XX:+PrintGCApplicationStoppedTime -XX:+PrintGCDateStamps -XX:+PrintGCDetails -XX:+PrintGCTimeStamps -XX:+PrintHeapAtGC -XX:+PrintTenuringDistribution -XX:SurvivorRatio=4 -XX:TargetSurvivorRatio=90 -XX:ThreadStackSize=256 -XX:+UseCMSInitiatingOccupancyOnly -XX:+UseCompressedClassPointers -XX:+UseCompressedOops -XX:+UseConcMarkSweepGC -XX:+UseParNewGC 
2016-12-16T08:14:38.560+0100: 0,137: Total time for which application threads were stopped: 0,0000704 seconds, Stopping threads took: 0,0000127 seconds
2016-12-16T08:14:38.645+0100: 0,222: Total time for which application threads were stopped: 0,0000969 seconds, Stopping threads took: 0,0000134 seconds
2016-12-16T08:14:38.662+0100: 0,238: Total time for which application threads were stopped: 0,0000914 seconds, Stopping threads took: 0,0000181 seconds
2016-12-16T08:14:38.795+0100: 0,372: Total time for which application threads were stopped: 0,0001153 seconds, Stopping threads took: 0,0000141 seconds
2016-12-16T08:14:38.998+0100: 0,575: Total time for which application threads were stopped: 0,0001677 seconds, Stopping threads took: 0,0000151 seconds
2016-12-16T08:14:39.062+0100: 0,639: Total time for which application threads were stopped: 0,0001481 seconds, Stopping threads took: 0,0000195 seconds
2016-12-16T08:14:39.075+0100: 0,651: Total time for which application threads were stopped: 0,0001661 seconds, Stopping threads took: 0,0000270 seconds
2016-12-16T08:14:39.288+0100: 0,864: Total time for which application threads were stopped: 0,0001679 seconds, Stopping threads took: 0,0000198 seconds
2016-12-16T08:14:39.535+0100: 1,112: Total time for which application threads were stopped: 0,0001959 seconds, Stopping threads took: 0,0000132 seconds
2016-12-16T08:14:39.561+0100: 1,137: Total time for which application threads were stopped: 0,0002033 seconds, Stopping threads took: 0,0000156 seconds
2016-12-16T08:14:39.562+0100: 1,138: Total time for which application threads were stopped: 0,0001668 seconds, Stopping threads took: 0,0000130 seconds
2016-12-16T08:14:39.578+0100: 1,155: Total time for which application threads were stopped: 0,0001907 seconds, Stopping threads took: 0,0000127 seconds
2016-12-16T08:14:39.693+0100: 1,269: Total time for which application threads were stopped: 0,0002730 seconds, Stopping threads took: 0,0000220 seconds
2016-12-16T08:14:40.123+0100: 1,699: Total time for which application threads were stopped: 0,0002799 seconds, Stopping threads took: 0,0000198 seconds
{Heap before GC invocations=0 (full 0):
 par new generation   total 109248K, used 87424K [0x00000000e0000000, 0x00000000e8000000, 0x00000000e8000000)
  eden space 87424K, 100% used [0x00000000e0000000, 0x00000000e5560000, 0x00000000e5560000)
  from space 21824K,   0% used [0x00000000e5560000, 0x00000000e5560000, 0x00000000e6ab0000)
  to   space 21824K,   0% used [0x00000000e6ab0000, 0x00000000e6ab0000, 0x00000000e8000000)
 concurrent mark-sweep generation total 393216K, used 0K [0x00000000e8000000, 0x0000000100000000, 0x0000000100000000)
 Metaspace       used 17812K, capacity 18078K, committed 18304K, reserved 1064960K
  class space    used 2028K, capacity 2130K, committed 2176K, reserved 1048576K
2016-12-16T08:14:40.332+0100: 1,909: [GC (Allocation Failure) 2016-12-16T08:14:40.332+0100: 1,909: [ParNew
Desired survivor size 20112992 bytes, new threshold 8 (max 8)
- age   1:   11664760 bytes,   11664760 total
: 87424K->11508K(109248K), 0,0196627 secs] 87424K->11508K(502464K), 0,0197439 secs] [Times: user=0,06 sys=0,01, real=0,02 secs] 
Heap after GC invocations=1 (full 0):
 par new generation   total 109248K, used 11508K [0x00000000e0000000, 0x00000000e8000000, 0x00000000e8000000)
  eden space 87424K,   0% used [0x00000000e0000000, 0x00000000e0000000, 0x00000000e5560000)
  from space 21824K,  52% used [0x00000000e6ab0000, 0x00000000e75ed1c8, 0x00000000e8000000)
  to   space 21824K,   0% used [0x00000000e5560000, 0x00000000e5560000, 0x00000000e6ab0000)
 concurrent mark-sweep generation total 393216K, used 0K [0x00000000e8000000, 0x0000000100000000, 0x0000000100000000)
 Metaspace       used 17812K, capacity 18078K, committed 18304K, reserved 1064960K
  class space    used 2028K, capacity 2130K, committed 2176K, reserved 1048576K
}
2016-12-16T08:14:40.352+0100: 1,929: Total time for which application threads were stopped: 0,0199097 seconds, Stopping threads took: 0,0000196 seconds
2016-12-16T08:14:40.668+0100: 2,244: Total time for which application threads were stopped: 0,0003309 seconds, Stopping threads took: 0,0000412 seconds
2016-12-16T08:14:40.708+0100: 2,285: Total time for which application threads were stopped: 0,0002868 seconds, Stopping threads took: 0,0000268 seconds
2016-12-16T08:14:40.741+0100: 2,318: Total time for which application threads were stopped: 0,0003139 seconds, Stopping threads took: 0,0000380 seconds
{Heap before GC invocations=1 (full 0):
 par new generation   total 109248K, used 98932K [0x00000000e0000000, 0x00000000e8000000, 0x00000000e8000000)
  eden space 87424K, 100% used [0x00000000e0000000, 0x00000000e5560000, 0x00000000e5560000)
  from space 21824K,  52% used [0x00000000e6ab0000, 0x00000000e75ed1c8, 0x00000000e8000000)
  to   space 21824K,   0% used [0x00000000e5560000, 0x00000000e5560000, 0x00000000e6ab0000)
 concurrent mark-sweep generation total 393216K, used 0K [0x00000000e8000000, 0x0000000100000000, 0x0000000100000000)
 Metaspace       used 20680K, capacity 21010K, committed 21248K, reserved 1069056K
  class space    used 2401K, capacity 2516K, committed 2560K, reserved 1048576K
2016-12-16T08:14:40.984+0100: 2,561: [GC (Allocation Failure) 2016-12-16T08:14:40.985+0100: 2,561: [ParNew
Desired survivor size 20112992 bytes, new threshold 8 (max 8)
- age   1:    3550608 bytes,    3550608 total
- age   2:    5955760 bytes,    9506368 total
: 98932K->10864K(109248K), 0,0189772 secs] 98932K->10864K(502464K), 0,0191957 secs] [Times: user=0,06 sys=0,01, real=0,02 secs] 
Heap after GC invocations=2 (full 0):
 par new generation   total 109248K, used 10864K [0x00000000e0000000, 0x00000000e8000000, 0x00000000e8000000)
  eden space 87424K,   0% used [0x00000000e0000000, 0x00000000e0000000, 0x00000000e5560000)
  from space 21824K,  49% used [0x00000000e5560000, 0x00000000e5ffc140, 0x00000000e6ab0000)
  to   space 21824K,   0% used [0x00000000e6ab0000, 0x00000000e6ab0000, 0x00000000e8000000)
 concurrent mark-sweep generation total 393216K, used 0K [0x00000000e8000000, 0x0000000100000000, 0x0000000100000000)
 Metaspace       used 20680K, capacity 21010K, committed 21248K, reserved 1069056K
  class space    used 2401K, capacity 2516K, committed 2560K, reserved 1048576K
}
2016-12-16T08:14:41.004+0100: 2,580: Total time for which application threads were stopped: 0,0200604 seconds, Stopping threads took: 0,0001894 seconds
2016-12-16T08:14:41.100+0100: 2,677: Total time for which application threads were stopped: 0,0000798 seconds, Stopping threads took: 0,0000121 seconds
2016-12-16T08:14:41.134+0100: 2,710: Total time for which application threads were stopped: 0,0002738 seconds, Stopping threads took: 0,0000256 seconds
2016-12-16T08:14:41.139+0100: 2,716: Total time for which application threads were stopped: 0,0001031 seconds, Stopping threads took: 0,0000205 seconds
2016-12-16T08:14:41.157+0100: 2,734: Total time for which application threads were stopped: 0,0000695 seconds, Stopping threads took: 0,0000124 seconds
2016-12-16T08:14:41.228+0100: 2,804: Total time for which application threads were stopped: 0,0001156 seconds, Stopping threads took: 0,0000202 seconds
2016-12-16T08:14:41.247+0100: 2,823: Total time for which application threads were stopped: 0,0001198 seconds, Stopping threads took: 0,0000268 seconds
2016-12-16T08:14:41.256+0100: 2,833: Total time for which application threads were stopped: 0,0003098 seconds, Stopping threads took: 0,0000213 seconds
2016-12-16T08:14:41.265+0100: 2,842: Total time for which application threads were stopped: 0,0002832 seconds, Stopping threads took: 0,0000292 seconds
2016-12-16T08:14:41.278+0100: 2,855: Total time for which application threads were stopped: 0,0000736 seconds, Stopping threads took: 0,0000135 seconds
2016-12-16T08:14:41.308+0100: 2,885: Total time for which application threads were stopped: 0,0000877 seconds, Stopping threads took: 0,0000129 seconds
2016-12-16T08:14:41.325+0100: 2,902: Total time for which application threads were stopped: 0,0000715 seconds, Stopping threads took: 0,0000136 seconds
2016-12-16T08:14:41.336+0100: 2,913: Total time for which application threads were stopped: 0,0000964 seconds, Stopping threads took: 0,0000383 seconds
2016-12-16T08:14:41.354+0100: 2,931: Total time for which application threads were stopped: 0,0000783 seconds, Stopping threads took: 0,0000130 seconds
2016-12-16T08:14:41.391+0100: 2,968: Total time for which application threads were stopped: 0,0001306 seconds, Stopping threads took: 0,0000306 seconds
2016-12-16T08:14:41.443+0100: 3,019: Total time for which application threads were stopped: 0,0001123 seconds, Stopping threads took: 0,0000222 seconds
2016-12-16T08:14:41.453+0100: 3,030: Total time for which application threads were stopped: 0,0001886 seconds, Stopping threads took: 0,0001343 seconds
{Heap before GC invocations=2 (full 0):
 par new generation   total 109248K, used 98288K [0x00000000e0000000, 0x00000000e8000000, 0x00000000e8000000)
  eden space 87424K, 100% used [0x00000000e0000000, 0x00000000e5560000, 0x00000000e5560000)
  from space 21824K,  49% used [0x00000000e5560000, 0x00000000e5ffc158, 0x00000000e6ab0000)
  to   space 21824K,   0% used [0x00000000e6ab0000, 0x00000000e6ab0000, 0x00000000e8000000)
 concurrent mark-sweep generation total 393216K, used 0K [0x00000000e8000000, 0x0000000100000000, 0x0000000100000000)
 Metaspace       used 24574K, capacity 24967K, committed 25204K, reserved 1071104K
  class space    used 2876K, capacity 3024K, committed 3040K, reserved 1048576K
2016-12-16T08:14:41.455+0100: 3,031: [GC (GCLocker Initiated GC) 2016-12-16T08:14:41.455+0100: 3,031: [ParNew
Desired survivor size 20112992 bytes, new threshold 8 (max 8)
- age   1:    4629392 bytes,    4629392 total
- age   2:     680896 bytes,    5310288 total
- age   3:    5949128 bytes,   11259416 total
: 98288K->13159K(109248K), 0,0116199 secs] 98288K->13159K(502464K), 0,0116915 secs] [Times: user=0,03 sys=0,00, real=0,01 secs] 
Heap after GC invocations=3 (full 0):
 par new generation   total 109248K, used 13159K [0x00000000e0000000, 0x00000000e8000000, 0x00000000e8000000)
  eden space 87424K,   0% used [0x00000000e0000000, 0x00000000e0000000, 0x00000000e5560000)
  from space 21824K,  60% used [0x00000000e6ab0000, 0x00000000e7789f80, 0x00000000e8000000)
  to   space 21824K,   0% used [0x00000000e5560000, 0x00000000e5560000, 0x00000000e6ab0000)
 concurrent mark-sweep generation total 393216K, used 0K [0x00000000e8000000, 0x0000000100000000, 0x0000000100000000)
 Metaspace       used 24574K, capacity 24967K, committed 25204K, reserved 1071104K
  class space    used 2876K, capacity 3024K, committed 3040K, reserved 1048576K
}
2016-12-16T08:14:41.466+0100: 3,043: Total time for which application threads were stopped: 0,0118373 seconds, Stopping threads took: 0,0000271 seconds
2016-12-16T08:14:41.466+0100: 3,043: [GC (CMS Initial Mark) [1 CMS-initial-mark: 0K(393216K)] 14544K(502464K), 0,0028928 secs] [Times: user=0,01 sys=0,00, real=0,00 secs] 
2016-12-16T08:14:41.469+0100: 3,046: Total time for which application threads were stopped: 0,0030410 seconds, Stopping threads took: 0,0000613 seconds
2016-12-16T08:14:41.469+0100: 3,046: [CMS-concurrent-mark-start]
2016-12-16T08:14:41.470+0100: 3,046: [CMS-concurrent-mark: 0,000/0,000 secs] [Times: user=0,00 sys=0,00, real=0,00 secs] 
2016-12-16T08:14:41.470+0100: 3,046: [CMS-concurrent-preclean-start]
2016-12-16T08:14:41.471+0100: 3,047: [CMS-concurrent-preclean: 0,001/0,001 secs] [Times: user=0,00 sys=0,00, real=0,01 secs] 
2016-12-16T08:14:41.471+0100: 3,048: [GC (CMS Final Remark) [YG occupancy: 14982 K (109248 K)]{Heap before GC invocations=3 (full 1):
 par new generation   total 109248K, used 14982K [0x00000000e0000000, 0x00000000e8000000, 0x00000000e8000000)
  eden space 87424K,   2% used [0x00000000e0000000, 0x00000000e01c7980, 0x00000000e5560000)
  from space 21824K,  60% used [0x00000000e6ab0000, 0x00000000e7789f80, 0x00000000e8000000)
  to   space 21824K,   0% used [0x00000000e5560000, 0x00000000e5560000, 0x00000000e6ab0000)
 concurrent mark-sweep generation total 393216K, used 0K [0x00000000e8000000, 0x0000000100000000, 0x0000000100000000)
 Metaspace       used 24583K, capacity 24967K, committed 25204K, reserved 1071104K
  class space    used 2877K, capacity 3024K, committed 3040K, reserved 1048576K
2016-12-16T08:14:41.471+0100: 3,048: [GC (CMS Final Remark) 2016-12-16T08:14:41.471+0100: 3,048: [ParNew
Desired survivor size 20112992 bytes, new threshold 8 (max 8)
- age   1:       1480 bytes,       1480 total
- age   2:    1241288 bytes,    1242768 total
- age   3:     680896 bytes,    1923664 total
- age   4:    5947616 bytes,    7871280 total
: 14982K->13049K(109248K), 0,0084237 secs] 14982K->13049K(502464K), 0,0084656 secs] [Times: user=0,03 sys=0,01, real=0,00 secs] 
Heap after GC invocations=4 (full 1):
 par new generation   total 109248K, used 13049K [0x00000000e0000000, 0x00000000e8000000, 0x00000000e8000000)
  eden space 87424K,   0% used [0x00000000e0000000, 0x00000000e0000000, 0x00000000e5560000)
  from space 21824K,  59% used [0x00000000e5560000, 0x00000000e621e738, 0x00000000e6ab0000)
  to   space 21824K,   0% used [0x00000000e6ab0000, 0x00000000e6ab0000, 0x00000000e8000000)
 concurrent mark-sweep generation total 393216K, used 0K [0x00000000e8000000, 0x0000000100000000, 0x0000000100000000)
 Metaspace       used 24583K, capacity 24967K, committed 25204K, reserved 1071104K
  class space    used 2877K, capacity 3024K, committed 3040K, reserved 1048576K
}
2016-12-16T08:14:41.480+0100: 3,056: [Rescan (parallel) , 0,0033310 secs]2016-12-16T08:14:41.483+0100: 3,059: [weak refs processing, 0,0006167 secs]2016-12-16T08:14:41.484+0100: 3,060: [class unloading, 0,0030529 secs]2016-12-16T08:14:41.487+0100: 3,063: [scrub symbol table, 0,0040023 secs]2016-12-16T08:14:41.491+0100: 3,067: [scrub string table, 0,0004110 secs][1 CMS-remark: 0K(393216K)] 13049K(502464K), 0,0205604 secs] [Times: user=0,05 sys=0,01, real=0,02 secs] 
2016-12-16T08:14:41.492+0100: 3,068: Total time for which application threads were stopped: 0,0206647 seconds, Stopping threads took: 0,0000241 seconds
2016-12-16T08:14:41.493+0100: 3,070: [CMS-concurrent-sweep-start]
2016-12-16T08:14:41.493+0100: 3,070: [CMS-concurrent-sweep: 0,000/0,000 secs] [Times: user=0,00 sys=0,00, real=0,00 secs] 
2016-12-16T08:14:41.493+0100: 3,070: [CMS-concurrent-reset-start]
2016-12-16T08:14:41.495+0100: 3,071: [CMS-concurrent-reset: 0,002/0,002 secs] [Times: user=0,00 sys=0,00, real=0,00 secs] 
2016-12-16T08:14:42.470+0100: 4,047: Total time for which application threads were stopped: 0,0003741 seconds, Stopping threads took: 0,0000188 seconds
2016-12-16T08:15:09.474+0100: 31,051: Total time for which application threads were stopped: 0,0000559 seconds, Stopping threads took: 0,0000158 seconds
2016-12-16T08:17:25.489+0100: 167,065: Total time for which application threads were stopped: 0,0000678 seconds, Stopping threads took: 0,0000258 seconds
2016-12-16T08:18:20.496+0100: 222,073: Total time for which application threads were stopped: 0,0000832 seconds, Stopping threads took: 0,0000350 seconds
2016-12-16T08:19:25.505+0100: 287,082: Total time for which application threads were stopped: 0,0000738 seconds, Stopping threads took: 0,0000308 seconds
2016-12-16T08:38:24.660+0100: 1426,237: Total time for which application threads were stopped: 0,0000819 seconds, Stopping threads took: 0,0000330 seconds
2016-12-16T08:42:05.691+0100: 1647,268: Total time for which application threads were stopped: 0,0000734 seconds, Stopping threads took: 0,0000305 seconds
2016-12-16T08:43:34.704+0100: 1736,281: Total time for which application threads were stopped: 0,0001735 seconds, Stopping threads took: 0,0000686 seconds
2016-12-16T08:53:19.799+0100: 2321,376: Total time for which application threads were stopped: 0,0001472 seconds, Stopping threads took: 0,0000551 seconds
2016-12-16T08:53:20.800+0100: 2322,376: Total time for which application threads were stopped: 0,0001219 seconds, Stopping threads took: 0,0000290 seconds
2016-12-16T08:57:09.837+0100: 2551,414: Total time for which application threads were stopped: 0,0001544 seconds, Stopping threads took: 0,0000590 seconds
2016-12-16T09:00:38.027+0100: 2759,604: Total time for which application threads were stopped: 0,0003564 seconds, Stopping threads took: 0,0000275 seconds
Heap
 par new generation   total 109248K, used 58959K [0x00000000e0000000, 0x00000000e8000000, 0x00000000e8000000)
  eden space 87424K,  52% used [0x00000000e0000000, 0x00000000e2cd58b0, 0x00000000e5560000)
  from space 21824K,  59% used [0x00000000e5560000, 0x00000000e621e738, 0x00000000e6ab0000)
  to   space 21824K,   0% used [0x00000000e6ab0000, 0x00000000e6ab0000, 0x00000000e8000000)
 concurrent mark-sweep generation total 393216K, used 0K [0x00000000e8000000, 0x0000000100000000, 0x0000000100000000)
 Metaspace       used 27220K, capacity 27667K, committed 27972K, reserved 1073152K
  class space    used 3167K, capacity 3320K, committed 3424K, reserved 1048576K
