OpenJDK 64-Bit Server VM (25.171-b11) for linux-amd64 JRE (1.8.0_171-8u171-b11-0ubuntu0.16.04.1-b11), built on Apr 27 2018 17:19:03 by "buildd" with gcc 5.4.0 20160609
Memory: 4k page, physical 7867600k(963100k free), swap 8076284k(8001476k free)
CommandLine flags: -XX:CMSInitiatingOccupancyFraction=50 -XX:CMSMaxAbortablePrecleanTime=6000 -XX:+CMSParallelRemarkEnabled -XX:+CMSScavengeBeforeRemark -XX:ConcGCThreads=4 -XX:InitialHeapSize=536870912 -XX:MaxHeapSize=536870912 -XX:MaxTenuringThreshold=8 -XX:NewRatio=3 -XX:OldPLABSize=16 -XX:OnOutOfMemoryError=/home/gurnoor/workspace/QTM/solr/bin/oom_solr.sh 8983 /home/gurnoor/workspace/QTM/solr/server/logs -XX:ParallelGCThreads=4 -XX:+ParallelRefProcEnabled -XX:PretenureSizeThreshold=67108864 -XX:+PrintGC -XX:+PrintGCApplicationStoppedTime -XX:+PrintGCDateStamps -XX:+PrintGCDetails -XX:+PrintGCTimeStamps -XX:+PrintHeapAtGC -XX:+PrintTenuringDistribution -XX:SurvivorRatio=4 -XX:TargetSurvivorRatio=90 -XX:ThreadStackSize=256 -XX:+UseCMSInitiatingOccupancyOnly -XX:+UseCompressedClassPointers -XX:+UseCompressedOops -XX:+UseConcMarkSweepGC -XX:+UseParNewGC 
2018-06-19T14:41:44.908+0200: 0,127: Total time for which application threads were stopped: 0,0000696 seconds, Stopping threads took: 0,0000135 seconds
2018-06-19T14:41:44.974+0200: 0,192: Total time for which application threads were stopped: 0,0001277 seconds, Stopping threads took: 0,0000186 seconds
2018-06-19T14:41:44.986+0200: 0,205: Total time for which application threads were stopped: 0,0000914 seconds, Stopping threads took: 0,0000139 seconds
2018-06-19T14:41:45.111+0200: 0,330: Total time for which application threads were stopped: 0,0001712 seconds, Stopping threads took: 0,0000221 seconds
2018-06-19T14:41:45.276+0200: 0,494: Total time for which application threads were stopped: 0,0001469 seconds, Stopping threads took: 0,0000151 seconds
2018-06-19T14:41:45.327+0200: 0,546: Total time for which application threads were stopped: 0,0008275 seconds, Stopping threads took: 0,0001027 seconds
2018-06-19T14:41:45.343+0200: 0,562: Total time for which application threads were stopped: 0,0001964 seconds, Stopping threads took: 0,0000285 seconds
2018-06-19T14:41:45.525+0200: 0,743: Total time for which application threads were stopped: 0,0001971 seconds, Stopping threads took: 0,0000222 seconds
2018-06-19T14:41:45.669+0200: 0,887: Total time for which application threads were stopped: 0,0002400 seconds, Stopping threads took: 0,0000281 seconds
2018-06-19T14:41:45.689+0200: 0,908: Total time for which application threads were stopped: 0,0001874 seconds, Stopping threads took: 0,0000191 seconds
2018-06-19T14:41:45.714+0200: 0,933: Total time for which application threads were stopped: 0,0002559 seconds, Stopping threads took: 0,0000259 seconds
2018-06-19T14:41:45.716+0200: 0,934: Total time for which application threads were stopped: 0,0002327 seconds, Stopping threads took: 0,0000342 seconds
2018-06-19T14:41:45.728+0200: 0,946: Total time for which application threads were stopped: 0,0002087 seconds, Stopping threads took: 0,0000245 seconds
2018-06-19T14:41:45.798+0200: 1,016: Total time for which application threads were stopped: 0,0002551 seconds, Stopping threads took: 0,0000222 seconds
2018-06-19T14:41:45.967+0200: 1,186: Total time for which application threads were stopped: 0,0003399 seconds, Stopping threads took: 0,0000836 seconds
{Heap before GC invocations=0 (full 0):
 par new generation   total 109248K, used 87424K [0x00000000e0000000, 0x00000000e8000000, 0x00000000e8000000)
  eden space 87424K, 100% used [0x00000000e0000000, 0x00000000e5560000, 0x00000000e5560000)
  from space 21824K,   0% used [0x00000000e5560000, 0x00000000e5560000, 0x00000000e6ab0000)
  to   space 21824K,   0% used [0x00000000e6ab0000, 0x00000000e6ab0000, 0x00000000e8000000)
 concurrent mark-sweep generation total 393216K, used 0K [0x00000000e8000000, 0x0000000100000000, 0x0000000100000000)
 Metaspace       used 17846K, capacity 18184K, committed 18304K, reserved 1064960K
  class space    used 2026K, capacity 2166K, committed 2176K, reserved 1048576K
2018-06-19T14:41:46.000+0200: 1,219: [GC (Allocation Failure) 2018-06-19T14:41:46.000+0200: 1,219: [ParNew
Desired survivor size 20112992 bytes, new threshold 8 (max 8)
- age   1:   11430504 bytes,   11430504 total
: 87424K->11260K(109248K), 0,0103443 secs] 87424K->11260K(502464K), 0,0104088 secs] [Times: user=0,04 sys=0,00, real=0,01 secs] 
Heap after GC invocations=1 (full 0):
 par new generation   total 109248K, used 11260K [0x00000000e0000000, 0x00000000e8000000, 0x00000000e8000000)
  eden space 87424K,   0% used [0x00000000e0000000, 0x00000000e0000000, 0x00000000e5560000)
  from space 21824K,  51% used [0x00000000e6ab0000, 0x00000000e75af180, 0x00000000e8000000)
  to   space 21824K,   0% used [0x00000000e5560000, 0x00000000e5560000, 0x00000000e6ab0000)
 concurrent mark-sweep generation total 393216K, used 0K [0x00000000e8000000, 0x0000000100000000, 0x0000000100000000)
 Metaspace       used 17846K, capacity 18184K, committed 18304K, reserved 1064960K
  class space    used 2026K, capacity 2166K, committed 2176K, reserved 1048576K
}
2018-06-19T14:41:46.011+0200: 1,229: Total time for which application threads were stopped: 0,0106675 seconds, Stopping threads took: 0,0000665 seconds
2018-06-19T14:41:46.302+0200: 1,521: Total time for which application threads were stopped: 0,0003918 seconds, Stopping threads took: 0,0000391 seconds
2018-06-19T14:41:46.349+0200: 1,568: Total time for which application threads were stopped: 0,0004416 seconds, Stopping threads took: 0,0000976 seconds
{Heap before GC invocations=1 (full 0):
 par new generation   total 109248K, used 98684K [0x00000000e0000000, 0x00000000e8000000, 0x00000000e8000000)
  eden space 87424K, 100% used [0x00000000e0000000, 0x00000000e5560000, 0x00000000e5560000)
  from space 21824K,  51% used [0x00000000e6ab0000, 0x00000000e75af180, 0x00000000e8000000)
  to   space 21824K,   0% used [0x00000000e5560000, 0x00000000e5560000, 0x00000000e6ab0000)
 concurrent mark-sweep generation total 393216K, used 0K [0x00000000e8000000, 0x0000000100000000, 0x0000000100000000)
 Metaspace       used 20120K, capacity 20510K, committed 20736K, reserved 1067008K
  class space    used 2303K, capacity 2475K, committed 2560K, reserved 1048576K
2018-06-19T14:41:46.358+0200: 1,577: [GC (Allocation Failure) 2018-06-19T14:41:46.358+0200: 1,577: [ParNew
Desired survivor size 20112992 bytes, new threshold 8 (max 8)
- age   1:    3437104 bytes,    3437104 total
- age   2:    5949856 bytes,    9386960 total
: 98684K->10677K(109248K), 0,0262622 secs] 98684K->10677K(502464K), 0,0263455 secs] [Times: user=0,07 sys=0,01, real=0,03 secs] 
Heap after GC invocations=2 (full 0):
 par new generation   total 109248K, used 10677K [0x00000000e0000000, 0x00000000e8000000, 0x00000000e8000000)
  eden space 87424K,   0% used [0x00000000e0000000, 0x00000000e0000000, 0x00000000e5560000)
  from space 21824K,  48% used [0x00000000e5560000, 0x00000000e5fcd460, 0x00000000e6ab0000)
  to   space 21824K,   0% used [0x00000000e6ab0000, 0x00000000e6ab0000, 0x00000000e8000000)
 concurrent mark-sweep generation total 393216K, used 0K [0x00000000e8000000, 0x0000000100000000, 0x0000000100000000)
 Metaspace       used 20120K, capacity 20510K, committed 20736K, reserved 1067008K
  class space    used 2303K, capacity 2475K, committed 2560K, reserved 1048576K
}
2018-06-19T14:41:46.385+0200: 1,603: Total time for which application threads were stopped: 0,0275703 seconds, Stopping threads took: 0,0010306 seconds
2018-06-19T14:41:46.423+0200: 1,642: Total time for which application threads were stopped: 0,0004567 seconds, Stopping threads took: 0,0000902 seconds
2018-06-19T14:41:46.563+0200: 1,782: Total time for which application threads were stopped: 0,0002611 seconds, Stopping threads took: 0,0000613 seconds
{Heap before GC invocations=2 (full 0):
 par new generation   total 109248K, used 98101K [0x00000000e0000000, 0x00000000e8000000, 0x00000000e8000000)
  eden space 87424K, 100% used [0x00000000e0000000, 0x00000000e5560000, 0x00000000e5560000)
  from space 21824K,  48% used [0x00000000e5560000, 0x00000000e5fcd460, 0x00000000e6ab0000)
  to   space 21824K,   0% used [0x00000000e6ab0000, 0x00000000e6ab0000, 0x00000000e8000000)
 concurrent mark-sweep generation total 393216K, used 0K [0x00000000e8000000, 0x0000000100000000, 0x0000000100000000)
 Metaspace       used 21053K, capacity 21368K, committed 21552K, reserved 1069056K
  class space    used 2430K, capacity 2594K, committed 2608K, reserved 1048576K
2018-06-19T14:41:46.619+0200: 1,837: [GC (Allocation Failure) 2018-06-19T14:41:46.619+0200: 1,837: [ParNew
Desired survivor size 20112992 bytes, new threshold 8 (max 8)
- age   1:    2228384 bytes,    2228384 total
- age   2:    1018160 bytes,    3246544 total
- age   3:    5950176 bytes,    9196720 total
: 98101K->12982K(109248K), 0,0152770 secs] 98101K->12982K(502464K), 0,0153801 secs] [Times: user=0,05 sys=0,01, real=0,02 secs] 
Heap after GC invocations=3 (full 0):
 par new generation   total 109248K, used 12982K [0x00000000e0000000, 0x00000000e8000000, 0x00000000e8000000)
  eden space 87424K,   0% used [0x00000000e0000000, 0x00000000e0000000, 0x00000000e5560000)
  from space 21824K,  59% used [0x00000000e6ab0000, 0x00000000e775d850, 0x00000000e8000000)
  to   space 21824K,   0% used [0x00000000e5560000, 0x00000000e5560000, 0x00000000e6ab0000)
 concurrent mark-sweep generation total 393216K, used 0K [0x00000000e8000000, 0x0000000100000000, 0x0000000100000000)
 Metaspace       used 21053K, capacity 21368K, committed 21552K, reserved 1069056K
  class space    used 2430K, capacity 2594K, committed 2608K, reserved 1048576K
}
2018-06-19T14:41:46.634+0200: 1,853: Total time for which application threads were stopped: 0,0156337 seconds, Stopping threads took: 0,0000685 seconds
2018-06-19T14:41:46.635+0200: 1,853: [GC (CMS Initial Mark) [1 CMS-initial-mark: 0K(393216K)] 13682K(502464K), 0,0068342 secs] [Times: user=0,02 sys=0,00, real=0,00 secs] 
2018-06-19T14:41:46.642+0200: 1,860: Total time for which application threads were stopped: 0,0075917 seconds, Stopping threads took: 0,0006308 seconds
2018-06-19T14:41:46.642+0200: 1,860: [CMS-concurrent-mark-start]
2018-06-19T14:41:46.643+0200: 1,861: [CMS-concurrent-mark: 0,001/0,001 secs] [Times: user=0,01 sys=0,00, real=0,00 secs] 
2018-06-19T14:41:46.643+0200: 1,861: [CMS-concurrent-preclean-start]
2018-06-19T14:41:46.644+0200: 1,862: [CMS-concurrent-preclean: 0,001/0,001 secs] [Times: user=0,00 sys=0,00, real=0,01 secs] 
2018-06-19T14:41:46.644+0200: 1,863: [CMS-concurrent-abortable-preclean-start]
2018-06-19T14:41:46.720+0200: 1,938: Total time for which application threads were stopped: 0,0002007 seconds, Stopping threads took: 0,0001219 seconds
{Heap before GC invocations=3 (full 1):
 par new generation   total 109248K, used 100406K [0x00000000e0000000, 0x00000000e8000000, 0x00000000e8000000)
  eden space 87424K, 100% used [0x00000000e0000000, 0x00000000e5560000, 0x00000000e5560000)
  from space 21824K,  59% used [0x00000000e6ab0000, 0x00000000e775d850, 0x00000000e8000000)
  to   space 21824K,   0% used [0x00000000e5560000, 0x00000000e5560000, 0x00000000e6ab0000)
 concurrent mark-sweep generation total 393216K, used 0K [0x00000000e8000000, 0x0000000100000000, 0x0000000100000000)
 Metaspace       used 21303K, capacity 21702K, committed 21884K, reserved 1069056K
  class space    used 2455K, capacity 2608K, committed 2608K, reserved 1048576K
2018-06-19T14:41:46.751+0200: 1,969: [GC (Allocation Failure) 2018-06-19T14:41:46.751+0200: 1,969: [ParNew
Desired survivor size 20112992 bytes, new threshold 8 (max 8)
- age   1:     943936 bytes,     943936 total
- age   2:    1459240 bytes,    2403176 total
- age   3:    1014432 bytes,    3417608 total
- age   4:    5948184 bytes,    9365792 total
: 100406K->11061K(109248K), 0,0092193 secs] 100406K->11061K(502464K), 0,0092796 secs] [Times: user=0,03 sys=0,00, real=0,00 secs] 
Heap after GC invocations=4 (full 1):
 par new generation   total 109248K, used 11061K [0x00000000e0000000, 0x00000000e8000000, 0x00000000e8000000)
  eden space 87424K,   0% used [0x00000000e0000000, 0x00000000e0000000, 0x00000000e5560000)
  from space 21824K,  50% used [0x00000000e5560000, 0x00000000e602d5c0, 0x00000000e6ab0000)
  to   space 21824K,   0% used [0x00000000e6ab0000, 0x00000000e6ab0000, 0x00000000e8000000)
 concurrent mark-sweep generation total 393216K, used 0K [0x00000000e8000000, 0x0000000100000000, 0x0000000100000000)
 Metaspace       used 21303K, capacity 21702K, committed 21884K, reserved 1069056K
  class space    used 2455K, capacity 2608K, committed 2608K, reserved 1048576K
}
2018-06-19T14:41:46.760+0200: 1,979: Total time for which application threads were stopped: 0,0147130 seconds, Stopping threads took: 0,0052990 seconds
2018-06-19T14:41:46.760+0200: 1,979: [CMS-concurrent-abortable-preclean: 0,077/0,116 secs] [Times: user=0,43 sys=0,01, real=0,11 secs] 
2018-06-19T14:41:46.766+0200: 1,984: [GC (CMS Final Remark) [YG occupancy: 14937 K (109248 K)]{Heap before GC invocations=4 (full 1):
 par new generation   total 109248K, used 14937K [0x00000000e0000000, 0x00000000e8000000, 0x00000000e8000000)
  eden space 87424K,   4% used [0x00000000e0000000, 0x00000000e03c9098, 0x00000000e5560000)
  from space 21824K,  50% used [0x00000000e5560000, 0x00000000e602d5c0, 0x00000000e6ab0000)
  to   space 21824K,   0% used [0x00000000e6ab0000, 0x00000000e6ab0000, 0x00000000e8000000)
 concurrent mark-sweep generation total 393216K, used 0K [0x00000000e8000000, 0x0000000100000000, 0x0000000100000000)
 Metaspace       used 21304K, capacity 21702K, committed 21884K, reserved 1069056K
  class space    used 2455K, capacity 2608K, committed 2608K, reserved 1048576K
2018-06-19T14:41:46.766+0200: 1,984: [GC (CMS Final Remark) 2018-06-19T14:41:46.766+0200: 1,985: [ParNew
Desired survivor size 20112992 bytes, new threshold 8 (max 8)
- age   1:     208176 bytes,     208176 total
- age   2:     463976 bytes,     672152 total
- age   3:    1459288 bytes,    2131440 total
- age   4:    1014432 bytes,    3145872 total
- age   5:    5948296 bytes,    9094168 total
: 14937K->14424K(109248K), 0,0085285 secs] 14937K->14424K(502464K), 0,0085761 secs] [Times: user=0,04 sys=0,00, real=0,01 secs] 
Heap after GC invocations=5 (full 1):
 par new generation   total 109248K, used 14424K [0x00000000e0000000, 0x00000000e8000000, 0x00000000e8000000)
  eden space 87424K,   0% used [0x00000000e0000000, 0x00000000e0000000, 0x00000000e5560000)
  from space 21824K,  66% used [0x00000000e6ab0000, 0x00000000e78c6068, 0x00000000e8000000)
  to   space 21824K,   0% used [0x00000000e5560000, 0x00000000e5560000, 0x00000000e6ab0000)
 concurrent mark-sweep generation total 393216K, used 0K [0x00000000e8000000, 0x0000000100000000, 0x0000000100000000)
 Metaspace       used 21304K, capacity 21702K, committed 21884K, reserved 1069056K
  class space    used 2455K, capacity 2608K, committed 2608K, reserved 1048576K
}
2018-06-19T14:41:46.775+0200: 1,993: [Rescan (parallel) , 0,0032622 secs]2018-06-19T14:41:46.778+0200: 1,996: [weak refs processing, 0,0009411 secs]2018-06-19T14:41:46.779+0200: 1,997: [class unloading, 0,0029638 secs]2018-06-19T14:41:46.782+0200: 2,000: [scrub symbol table, 0,0026753 secs]2018-06-19T14:41:46.785+0200: 2,003: [scrub string table, 0,0004066 secs][1 CMS-remark: 0K(393216K)] 14424K(502464K), 0,0195662 secs] [Times: user=0,06 sys=0,00, real=0,02 secs] 
2018-06-19T14:41:46.786+0200: 2,004: Total time for which application threads were stopped: 0,0226086 seconds, Stopping threads took: 0,0029531 seconds
2018-06-19T14:41:46.786+0200: 2,004: [CMS-concurrent-sweep-start]
2018-06-19T14:41:46.786+0200: 2,004: [CMS-concurrent-sweep: 0,000/0,000 secs] [Times: user=0,00 sys=0,00, real=0,00 secs] 
2018-06-19T14:41:46.786+0200: 2,004: [CMS-concurrent-reset-start]
2018-06-19T14:41:46.789+0200: 2,008: [CMS-concurrent-reset: 0,003/0,003 secs] [Times: user=0,01 sys=0,00, real=0,00 secs] 
{Heap before GC invocations=5 (full 1):
 par new generation   total 109248K, used 101848K [0x00000000e0000000, 0x00000000e8000000, 0x00000000e8000000)
  eden space 87424K, 100% used [0x00000000e0000000, 0x00000000e5560000, 0x00000000e5560000)
  from space 21824K,  66% used [0x00000000e6ab0000, 0x00000000e78c6068, 0x00000000e8000000)
  to   space 21824K,   0% used [0x00000000e5560000, 0x00000000e5560000, 0x00000000e6ab0000)
 concurrent mark-sweep generation total 393216K, used 0K [0x00000000e8000000, 0x0000000100000000, 0x0000000100000000)
 Metaspace       used 21498K, capacity 21874K, committed 22012K, reserved 1069056K
  class space    used 2483K, capacity 2642K, committed 2736K, reserved 1048576K
2018-06-19T14:41:46.873+0200: 2,092: [GC (Allocation Failure) 2018-06-19T14:41:46.873+0200: 2,092: [ParNew
Desired survivor size 20112992 bytes, new threshold 8 (max 8)
- age   1:     639360 bytes,     639360 total
- age   2:       7040 bytes,     646400 total
- age   3:     180448 bytes,     826848 total
- age   4:    1458552 bytes,    2285400 total
- age   5:    1014352 bytes,    3299752 total
- age   6:    5948072 bytes,    9247824 total
: 101848K->10701K(109248K), 0,0115217 secs] 101848K->10701K(502464K), 0,0115995 secs] [Times: user=0,03 sys=0,00, real=0,01 secs] 
Heap after GC invocations=6 (full 1):
 par new generation   total 109248K, used 10701K [0x00000000e0000000, 0x00000000e8000000, 0x00000000e8000000)
  eden space 87424K,   0% used [0x00000000e0000000, 0x00000000e0000000, 0x00000000e5560000)
  from space 21824K,  49% used [0x00000000e5560000, 0x00000000e5fd3780, 0x00000000e6ab0000)
  to   space 21824K,   0% used [0x00000000e6ab0000, 0x00000000e6ab0000, 0x00000000e8000000)
 concurrent mark-sweep generation total 393216K, used 0K [0x00000000e8000000, 0x0000000100000000, 0x0000000100000000)
 Metaspace       used 21498K, capacity 21874K, committed 22012K, reserved 1069056K
  class space    used 2483K, capacity 2642K, committed 2736K, reserved 1048576K
}
2018-06-19T14:41:46.885+0200: 2,103: Total time for which application threads were stopped: 0,0118473 seconds, Stopping threads took: 0,0000900 seconds
2018-06-19T14:41:46.916+0200: 2,134: Total time for which application threads were stopped: 0,0004465 seconds, Stopping threads took: 0,0000388 seconds
2018-06-19T14:41:47.196+0200: 2,414: Total time for which application threads were stopped: 0,0006121 seconds, Stopping threads took: 0,0000546 seconds
2018-06-19T14:41:47.209+0200: 2,427: Total time for which application threads were stopped: 0,0004627 seconds, Stopping threads took: 0,0000433 seconds
{Heap before GC invocations=6 (full 1):
 par new generation   total 109248K, used 97983K [0x00000000e0000000, 0x00000000e8000000, 0x00000000e8000000)
  eden space 87424K,  99% used [0x00000000e0000000, 0x00000000e553c668, 0x00000000e5560000)
  from space 21824K,  49% used [0x00000000e5560000, 0x00000000e5fd3780, 0x00000000e6ab0000)
  to   space 21824K,   0% used [0x00000000e6ab0000, 0x00000000e6ab0000, 0x00000000e8000000)
 concurrent mark-sweep generation total 393216K, used 0K [0x00000000e8000000, 0x0000000100000000, 0x0000000100000000)
 Metaspace       used 25524K, capacity 26030K, committed 26288K, reserved 1073152K
  class space    used 2955K, capacity 3160K, committed 3248K, reserved 1048576K
2018-06-19T14:41:47.501+0200: 2,719: [GC (Allocation Failure) 2018-06-19T14:41:47.501+0200: 2,719: [ParNew
Desired survivor size 20112992 bytes, new threshold 8 (max 8)
- age   1:    6146784 bytes,    6146784 total
- age   2:     138736 bytes,    6285520 total
- age   3:       7040 bytes,    6292560 total
- age   4:     176672 bytes,    6469232 total
- age   5:     286240 bytes,    6755472 total
- age   6:     990368 bytes,    7745840 total
- age   7:    5941168 bytes,   13687008 total
: 97983K->17647K(109248K), 0,0140759 secs] 97983K->17647K(502464K), 0,0141439 secs] [Times: user=0,05 sys=0,00, real=0,02 secs] 
Heap after GC invocations=7 (full 1):
 par new generation   total 109248K, used 17647K [0x00000000e0000000, 0x00000000e8000000, 0x00000000e8000000)
  eden space 87424K,   0% used [0x00000000e0000000, 0x00000000e0000000, 0x00000000e5560000)
  from space 21824K,  80% used [0x00000000e6ab0000, 0x00000000e7bebef0, 0x00000000e8000000)
  to   space 21824K,   0% used [0x00000000e5560000, 0x00000000e5560000, 0x00000000e6ab0000)
 concurrent mark-sweep generation total 393216K, used 0K [0x00000000e8000000, 0x0000000100000000, 0x0000000100000000)
 Metaspace       used 25524K, capacity 26030K, committed 26288K, reserved 1073152K
  class space    used 2955K, capacity 3160K, committed 3248K, reserved 1048576K
}
2018-06-19T14:41:47.515+0200: 2,733: Total time for which application threads were stopped: 0,0144500 seconds, Stopping threads took: 0,0000537 seconds
2018-06-19T14:41:47.614+0200: 2,832: Total time for which application threads were stopped: 0,0004791 seconds, Stopping threads took: 0,0000686 seconds
2018-06-19T14:41:47.632+0200: 2,850: Total time for which application threads were stopped: 0,0006086 seconds, Stopping threads took: 0,0000809 seconds
2018-06-19T14:41:47.694+0200: 2,913: Total time for which application threads were stopped: 0,0005101 seconds, Stopping threads took: 0,0000455 seconds
2018-06-19T14:41:47.811+0200: 3,029: Total time for which application threads were stopped: 0,0009858 seconds, Stopping threads took: 0,0002618 seconds
{Heap before GC invocations=7 (full 1):
 par new generation   total 109248K, used 105071K [0x00000000e0000000, 0x00000000e8000000, 0x00000000e8000000)
  eden space 87424K, 100% used [0x00000000e0000000, 0x00000000e5560000, 0x00000000e5560000)
  from space 21824K,  80% used [0x00000000e6ab0000, 0x00000000e7bebef0, 0x00000000e8000000)
  to   space 21824K,   0% used [0x00000000e5560000, 0x00000000e5560000, 0x00000000e6ab0000)
 concurrent mark-sweep generation total 393216K, used 0K [0x00000000e8000000, 0x0000000100000000, 0x0000000100000000)
 Metaspace       used 28026K, capacity 28640K, committed 28848K, reserved 1075200K
  class space    used 3227K, capacity 3425K, committed 3504K, reserved 1048576K
2018-06-19T14:41:47.961+0200: 3,180: [GC (Allocation Failure) 2018-06-19T14:41:47.961+0200: 3,180: [ParNew
Desired survivor size 20112992 bytes, new threshold 8 (max 8)
- age   1:   12362064 bytes,   12362064 total
- age   2:    2471824 bytes,   14833888 total
- age   3:     127672 bytes,   14961560 total
- age   4:       7040 bytes,   14968600 total
- age   5:     154216 bytes,   15122816 total
- age   6:     267800 bytes,   15390616 total
- age   7:     970992 bytes,   16361608 total
- age   8:    5931376 bytes,   22292984 total
: 105071K->21824K(109248K), 0,0296612 secs] 105071K->23039K(502464K), 0,0297407 secs] [Times: user=0,08 sys=0,02, real=0,04 secs] 
Heap after GC invocations=8 (full 1):
 par new generation   total 109248K, used 21824K [0x00000000e0000000, 0x00000000e8000000, 0x00000000e8000000)
  eden space 87424K,   0% used [0x00000000e0000000, 0x00000000e0000000, 0x00000000e5560000)
  from space 21824K, 100% used [0x00000000e5560000, 0x00000000e6ab0000, 0x00000000e6ab0000)
  to   space 21824K,   0% used [0x00000000e6ab0000, 0x00000000e6ab0000, 0x00000000e8000000)
 concurrent mark-sweep generation total 393216K, used 1215K [0x00000000e8000000, 0x0000000100000000, 0x0000000100000000)
 Metaspace       used 28026K, capacity 28640K, committed 28848K, reserved 1075200K
  class space    used 3227K, capacity 3425K, committed 3504K, reserved 1048576K
}
2018-06-19T14:41:47.991+0200: 3,209: Total time for which application threads were stopped: 0,0300008 seconds, Stopping threads took: 0,0000517 seconds
{Heap before GC invocations=8 (full 1):
 par new generation   total 109248K, used 109248K [0x00000000e0000000, 0x00000000e8000000, 0x00000000e8000000)
  eden space 87424K, 100% used [0x00000000e0000000, 0x00000000e5560000, 0x00000000e5560000)
  from space 21824K, 100% used [0x00000000e5560000, 0x00000000e6ab0000, 0x00000000e6ab0000)
  to   space 21824K,   0% used [0x00000000e6ab0000, 0x00000000e6ab0000, 0x00000000e8000000)
 concurrent mark-sweep generation total 393216K, used 1215K [0x00000000e8000000, 0x0000000100000000, 0x0000000100000000)
 Metaspace       used 28108K, capacity 28732K, committed 29104K, reserved 1075200K
  class space    used 3230K, capacity 3430K, committed 3504K, reserved 1048576K
2018-06-19T14:41:48.110+0200: 3,328: [GC (Allocation Failure) 2018-06-19T14:41:48.110+0200: 3,328: [ParNew
Desired survivor size 20112992 bytes, new threshold 8 (max 8)
- age   1:    1237920 bytes,    1237920 total
- age   2:   11319816 bytes,   12557736 total
- age   3:    2464768 bytes,   15022504 total
- age   4:     127672 bytes,   15150176 total
- age   5:       7040 bytes,   15157216 total
- age   6:     154008 bytes,   15311224 total
- age   7:     265112 bytes,   15576336 total
- age   8:     969816 bytes,   16546152 total
: 109248K->21824K(109248K), 0,0634132 secs] 110463K->28923K(502464K), 0,0635359 secs] [Times: user=0,21 sys=0,01, real=0,07 secs] 
Heap after GC invocations=9 (full 1):
 par new generation   total 109248K, used 21824K [0x00000000e0000000, 0x00000000e8000000, 0x00000000e8000000)
  eden space 87424K,   0% used [0x00000000e0000000, 0x00000000e0000000, 0x00000000e5560000)
  from space 21824K, 100% used [0x00000000e6ab0000, 0x00000000e8000000, 0x00000000e8000000)
  to   space 21824K,   0% used [0x00000000e5560000, 0x00000000e5560000, 0x00000000e6ab0000)
 concurrent mark-sweep generation total 393216K, used 7099K [0x00000000e8000000, 0x0000000100000000, 0x0000000100000000)
 Metaspace       used 28108K, capacity 28732K, committed 29104K, reserved 1075200K
  class space    used 3230K, capacity 3430K, committed 3504K, reserved 1048576K
}
2018-06-19T14:41:48.173+0200: 3,392: Total time for which application threads were stopped: 0,0638226 seconds, Stopping threads took: 0,0000463 seconds
{Heap before GC invocations=9 (full 1):
 par new generation   total 109248K, used 109248K [0x00000000e0000000, 0x00000000e8000000, 0x00000000e8000000)
  eden space 87424K, 100% used [0x00000000e0000000, 0x00000000e5560000, 0x00000000e5560000)
  from space 21824K, 100% used [0x00000000e6ab0000, 0x00000000e8000000, 0x00000000e8000000)
  to   space 21824K,   0% used [0x00000000e5560000, 0x00000000e5560000, 0x00000000e6ab0000)
 concurrent mark-sweep generation total 393216K, used 7099K [0x00000000e8000000, 0x0000000100000000, 0x0000000100000000)
 Metaspace       used 28220K, capacity 28886K, committed 29104K, reserved 1075200K
  class space    used 3236K, capacity 3438K, committed 3504K, reserved 1048576K
2018-06-19T14:41:48.312+0200: 3,531: [GC (Allocation Failure) 2018-06-19T14:41:48.312+0200: 3,531: [ParNew
Desired survivor size 20112992 bytes, new threshold 8 (max 8)
- age   1:    1235592 bytes,    1235592 total
- age   2:     162888 bytes,    1398480 total
- age   3:   11317880 bytes,   12716360 total
- age   4:    2464664 bytes,   15181024 total
- age   5:     127672 bytes,   15308696 total
- age   6:       7040 bytes,   15315736 total
- age   7:     154008 bytes,   15469744 total
- age   8:     264864 bytes,   15734608 total
: 109248K->19694K(109248K), 0,0219586 secs] 116347K->27753K(502464K), 0,0220487 secs] [Times: user=0,08 sys=0,00, real=0,02 secs] 
Heap after GC invocations=10 (full 1):
 par new generation   total 109248K, used 19694K [0x00000000e0000000, 0x00000000e8000000, 0x00000000e8000000)
  eden space 87424K,   0% used [0x00000000e0000000, 0x00000000e0000000, 0x00000000e5560000)
  from space 21824K,  90% used [0x00000000e5560000, 0x00000000e689baa8, 0x00000000e6ab0000)
  to   space 21824K,   0% used [0x00000000e6ab0000, 0x00000000e6ab0000, 0x00000000e8000000)
 concurrent mark-sweep generation total 393216K, used 8059K [0x00000000e8000000, 0x0000000100000000, 0x0000000100000000)
 Metaspace       used 28220K, capacity 28886K, committed 29104K, reserved 1075200K
  class space    used 3236K, capacity 3438K, committed 3504K, reserved 1048576K
}
2018-06-19T14:41:48.334+0200: 3,553: Total time for which application threads were stopped: 0,0224625 seconds, Stopping threads took: 0,0001616 seconds
2018-06-19T14:41:48.845+0200: 4,064: Total time for which application threads were stopped: 0,0004165 seconds, Stopping threads took: 0,0000221 seconds
2018-06-19T14:41:54.526+0200: 9,745: Total time for which application threads were stopped: 0,0000783 seconds, Stopping threads took: 0,0000163 seconds
2018-06-19T14:41:54.530+0200: 9,749: Total time for which application threads were stopped: 0,0000988 seconds, Stopping threads took: 0,0000267 seconds
2018-06-19T14:41:54.557+0200: 9,775: Total time for which application threads were stopped: 0,0009953 seconds, Stopping threads took: 0,0000915 seconds
2018-06-19T14:41:54.574+0200: 9,792: Total time for which application threads were stopped: 0,0000832 seconds, Stopping threads took: 0,0000240 seconds
2018-06-19T14:41:54.574+0200: 9,792: Total time for which application threads were stopped: 0,0000530 seconds, Stopping threads took: 0,0000236 seconds
2018-06-19T14:41:54.594+0200: 9,813: Total time for which application threads were stopped: 0,0004992 seconds, Stopping threads took: 0,0000337 seconds
2018-06-19T14:41:54.693+0200: 9,911: Total time for which application threads were stopped: 0,0001799 seconds, Stopping threads took: 0,0000365 seconds
2018-06-19T14:41:54.720+0200: 9,938: Total time for which application threads were stopped: 0,0001427 seconds, Stopping threads took: 0,0000548 seconds
2018-06-19T14:41:54.720+0200: 9,939: Total time for which application threads were stopped: 0,0000873 seconds, Stopping threads took: 0,0000302 seconds
2018-06-19T14:41:54.720+0200: 9,939: Total time for which application threads were stopped: 0,0000860 seconds, Stopping threads took: 0,0000304 seconds
2018-06-19T14:41:54.720+0200: 9,939: Total time for which application threads were stopped: 0,0000796 seconds, Stopping threads took: 0,0000241 seconds
2018-06-19T14:41:54.726+0200: 9,944: Total time for which application threads were stopped: 0,0001020 seconds, Stopping threads took: 0,0000412 seconds
2018-06-19T14:41:54.726+0200: 9,944: Total time for which application threads were stopped: 0,0000530 seconds, Stopping threads took: 0,0000206 seconds
2018-06-19T14:41:54.726+0200: 9,944: Total time for which application threads were stopped: 0,0000698 seconds, Stopping threads took: 0,0000226 seconds
2018-06-19T14:41:54.727+0200: 9,945: Total time for which application threads were stopped: 0,0000754 seconds, Stopping threads took: 0,0000175 seconds
2018-06-19T14:41:54.802+0200: 10,020: Total time for which application threads were stopped: 0,0004673 seconds, Stopping threads took: 0,0000381 seconds
2018-06-19T14:41:54.803+0200: 10,022: Total time for which application threads were stopped: 0,0004239 seconds, Stopping threads took: 0,0000117 seconds
2018-06-19T14:41:55.004+0200: 10,223: Total time for which application threads were stopped: 0,0002293 seconds, Stopping threads took: 0,0000549 seconds
{Heap before GC invocations=10 (full 1):
 par new generation   total 109248K, used 107118K [0x00000000e0000000, 0x00000000e8000000, 0x00000000e8000000)
  eden space 87424K, 100% used [0x00000000e0000000, 0x00000000e5560000, 0x00000000e5560000)
  from space 21824K,  90% used [0x00000000e5560000, 0x00000000e689baa8, 0x00000000e6ab0000)
  to   space 21824K,   0% used [0x00000000e6ab0000, 0x00000000e6ab0000, 0x00000000e8000000)
 concurrent mark-sweep generation total 393216K, used 8059K [0x00000000e8000000, 0x0000000100000000, 0x0000000100000000)
 Metaspace       used 30489K, capacity 31166K, committed 31408K, reserved 1077248K
  class space    used 3488K, capacity 3704K, committed 3760K, reserved 1048576K
2018-06-19T14:41:55.174+0200: 10,393: [GC (Allocation Failure) 2018-06-19T14:41:55.174+0200: 10,393: [ParNew
Desired survivor size 20112992 bytes, new threshold 5 (max 8)
- age   1:    6794176 bytes,    6794176 total
- age   2:     971800 bytes,    7765976 total
- age   3:     162168 bytes,    7928144 total
- age   4:   11035864 bytes,   18964008 total
- age   5:    2463440 bytes,   21427448 total
- age   6:     127544 bytes,   21554992 total
- age   7:       7040 bytes,   21562032 total
- age   8:     153992 bytes,   21716024 total
: 107118K->21824K(109248K), 0,0238651 secs] 115177K->30960K(502464K), 0,0239269 secs] [Times: user=0,09 sys=0,00, real=0,02 secs] 
Heap after GC invocations=11 (full 1):
 par new generation   total 109248K, used 21824K [0x00000000e0000000, 0x00000000e8000000, 0x00000000e8000000)
  eden space 87424K,   0% used [0x00000000e0000000, 0x00000000e0000000, 0x00000000e5560000)
  from space 21824K, 100% used [0x00000000e6ab0000, 0x00000000e8000000, 0x00000000e8000000)
  to   space 21824K,   0% used [0x00000000e5560000, 0x00000000e5560000, 0x00000000e6ab0000)
 concurrent mark-sweep generation total 393216K, used 9136K [0x00000000e8000000, 0x0000000100000000, 0x0000000100000000)
 Metaspace       used 30489K, capacity 31166K, committed 31408K, reserved 1077248K
  class space    used 3488K, capacity 3704K, committed 3760K, reserved 1048576K
}
2018-06-19T14:41:55.198+0200: 10,417: Total time for which application threads were stopped: 0,0242570 seconds, Stopping threads took: 0,0000524 seconds
2018-06-19T14:41:55.290+0200: 10,509: Total time for which application threads were stopped: 0,0002356 seconds, Stopping threads took: 0,0000371 seconds
2018-06-19T14:41:55.291+0200: 10,509: Total time for which application threads were stopped: 0,0000958 seconds, Stopping threads took: 0,0000222 seconds
2018-06-19T14:41:55.308+0200: 10,526: Total time for which application threads were stopped: 0,0001965 seconds, Stopping threads took: 0,0000744 seconds
2018-06-19T14:41:55.327+0200: 10,545: Total time for which application threads were stopped: 0,0001694 seconds, Stopping threads took: 0,0000513 seconds
2018-06-19T14:41:55.409+0200: 10,627: Total time for which application threads were stopped: 0,0002097 seconds, Stopping threads took: 0,0000591 seconds
2018-06-19T14:41:55.409+0200: 10,627: Total time for which application threads were stopped: 0,0001029 seconds, Stopping threads took: 0,0000353 seconds
2018-06-19T14:41:55.409+0200: 10,628: Total time for which application threads were stopped: 0,0000888 seconds, Stopping threads took: 0,0000295 seconds
{Heap before GC invocations=11 (full 1):
 par new generation   total 109248K, used 109248K [0x00000000e0000000, 0x00000000e8000000, 0x00000000e8000000)
  eden space 87424K, 100% used [0x00000000e0000000, 0x00000000e5560000, 0x00000000e5560000)
  from space 21824K, 100% used [0x00000000e6ab0000, 0x00000000e8000000, 0x00000000e8000000)
  to   space 21824K,   0% used [0x00000000e5560000, 0x00000000e5560000, 0x00000000e6ab0000)
 concurrent mark-sweep generation total 393216K, used 9136K [0x00000000e8000000, 0x0000000100000000, 0x0000000100000000)
 Metaspace       used 30571K, capacity 31230K, committed 31408K, reserved 1077248K
  class space    used 3489K, capacity 3704K, committed 3760K, reserved 1048576K
2018-06-19T14:41:55.533+0200: 10,752: [GC (Allocation Failure) 2018-06-19T14:41:55.533+0200: 10,752: [ParNew
Desired survivor size 20112992 bytes, new threshold 8 (max 8)
- age   1:    1290600 bytes,    1290600 total
- age   2:    6041360 bytes,    7331960 total
- age   3:     971800 bytes,    8303760 total
- age   4:     162168 bytes,    8465928 total
- age   5:   10324568 bytes,   18790496 total
: 109248K->21824K(109248K), 0,0392675 secs] 118384K->34774K(502464K), 0,0393726 secs] [Times: user=0,11 sys=0,00, real=0,04 secs] 
Heap after GC invocations=12 (full 1):
 par new generation   total 109248K, used 21824K [0x00000000e0000000, 0x00000000e8000000, 0x00000000e8000000)
  eden space 87424K,   0% used [0x00000000e0000000, 0x00000000e0000000, 0x00000000e5560000)
  from space 21824K, 100% used [0x00000000e5560000, 0x00000000e6ab0000, 0x00000000e6ab0000)
  to   space 21824K,   0% used [0x00000000e6ab0000, 0x00000000e6ab0000, 0x00000000e8000000)
 concurrent mark-sweep generation total 393216K, used 12950K [0x00000000e8000000, 0x0000000100000000, 0x0000000100000000)
 Metaspace       used 30571K, capacity 31230K, committed 31408K, reserved 1077248K
  class space    used 3489K, capacity 3704K, committed 3760K, reserved 1048576K
}
2018-06-19T14:41:55.573+0200: 10,791: Total time for which application threads were stopped: 0,0396470 seconds, Stopping threads took: 0,0000669 seconds
2018-06-19T14:41:55.861+0200: 11,080: Total time for which application threads were stopped: 0,0065589 seconds, Stopping threads took: 0,0061702 seconds
2018-06-19T14:41:55.862+0200: 11,081: Total time for which application threads were stopped: 0,0002050 seconds, Stopping threads took: 0,0000397 seconds
2018-06-19T14:41:55.886+0200: 11,105: Total time for which application threads were stopped: 0,0061929 seconds, Stopping threads took: 0,0060637 seconds
2018-06-19T14:41:55.901+0200: 11,119: Total time for which application threads were stopped: 0,0057669 seconds, Stopping threads took: 0,0052873 seconds
2018-06-19T14:41:55.902+0200: 11,120: Total time for which application threads were stopped: 0,0001499 seconds, Stopping threads took: 0,0000358 seconds
2018-06-19T14:41:55.902+0200: 11,120: Total time for which application threads were stopped: 0,0000963 seconds, Stopping threads took: 0,0000186 seconds
2018-06-19T14:41:55.909+0200: 11,128: Total time for which application threads were stopped: 0,0001275 seconds, Stopping threads took: 0,0000295 seconds
2018-06-19T14:41:55.910+0200: 11,129: Total time for which application threads were stopped: 0,0001126 seconds, Stopping threads took: 0,0000226 seconds
{Heap before GC invocations=12 (full 1):
 par new generation   total 109248K, used 109248K [0x00000000e0000000, 0x00000000e8000000, 0x00000000e8000000)
  eden space 87424K, 100% used [0x00000000e0000000, 0x00000000e5560000, 0x00000000e5560000)
  from space 21824K, 100% used [0x00000000e5560000, 0x00000000e6ab0000, 0x00000000e6ab0000)
  to   space 21824K,   0% used [0x00000000e6ab0000, 0x00000000e6ab0000, 0x00000000e8000000)
 concurrent mark-sweep generation total 393216K, used 12950K [0x00000000e8000000, 0x0000000100000000, 0x0000000100000000)
 Metaspace       used 30783K, capacity 31486K, committed 31664K, reserved 1077248K
  class space    used 3506K, capacity 3704K, committed 3760K, reserved 1048576K
2018-06-19T14:41:56.115+0200: 11,333: [GC (Allocation Failure) 2018-06-19T14:41:56.115+0200: 11,334: [ParNew
Desired survivor size 20112992 bytes, new threshold 8 (max 8)
- age   1:    1819336 bytes,    1819336 total
- age   2:     877352 bytes,    2696688 total
- age   3:    5621704 bytes,    8318392 total
- age   4:     971800 bytes,    9290192 total
- age   5:     162168 bytes,    9452360 total
- age   6:   10268800 bytes,   19721160 total
: 109248K->21824K(109248K), 0,0567860 secs] 122198K->35135K(502464K), 0,0568862 secs] [Times: user=0,08 sys=0,01, real=0,06 secs] 
Heap after GC invocations=13 (full 1):
 par new generation   total 109248K, used 21824K [0x00000000e0000000, 0x00000000e8000000, 0x00000000e8000000)
  eden space 87424K,   0% used [0x00000000e0000000, 0x00000000e0000000, 0x00000000e5560000)
  from space 21824K, 100% used [0x00000000e6ab0000, 0x00000000e8000000, 0x00000000e8000000)
  to   space 21824K,   0% used [0x00000000e5560000, 0x00000000e5560000, 0x00000000e6ab0000)
 concurrent mark-sweep generation total 393216K, used 13311K [0x00000000e8000000, 0x0000000100000000, 0x0000000100000000)
 Metaspace       used 30783K, capacity 31486K, committed 31664K, reserved 1077248K
  class space    used 3506K, capacity 3704K, committed 3760K, reserved 1048576K
}
2018-06-19T14:41:56.172+0200: 11,390: Total time for which application threads were stopped: 0,0607485 seconds, Stopping threads took: 0,0035986 seconds
2018-06-19T14:41:56.258+0200: 11,477: Total time for which application threads were stopped: 0,0001978 seconds, Stopping threads took: 0,0000780 seconds
2018-06-19T14:41:56.273+0200: 11,491: Total time for which application threads were stopped: 0,0005596 seconds, Stopping threads took: 0,0001391 seconds
2018-06-19T14:41:56.289+0200: 11,508: Total time for which application threads were stopped: 0,0014395 seconds, Stopping threads took: 0,0011186 seconds
{Heap before GC invocations=13 (full 1):
 par new generation   total 109248K, used 109248K [0x00000000e0000000, 0x00000000e8000000, 0x00000000e8000000)
  eden space 87424K, 100% used [0x00000000e0000000, 0x00000000e5560000, 0x00000000e5560000)
  from space 21824K, 100% used [0x00000000e6ab0000, 0x00000000e8000000, 0x00000000e8000000)
  to   space 21824K,   0% used [0x00000000e5560000, 0x00000000e5560000, 0x00000000e6ab0000)
 concurrent mark-sweep generation total 393216K, used 13311K [0x00000000e8000000, 0x0000000100000000, 0x0000000100000000)
 Metaspace       used 30830K, capacity 31582K, committed 31920K, reserved 1077248K
  class space    used 3510K, capacity 3736K, committed 3760K, reserved 1048576K
2018-06-19T14:41:56.643+0200: 11,862: [GC (Allocation Failure) 2018-06-19T14:41:56.643+0200: 11,862: [ParNew
Desired survivor size 20112992 bytes, new threshold 8 (max 8)
- age   1:    1465424 bytes,    1465424 total
- age   2:     839144 bytes,    2304568 total
- age   3:      98264 bytes,    2402832 total
- age   4:    4932344 bytes,    7335176 total
- age   5:     728176 bytes,    8063352 total
- age   6:     112808 bytes,    8176160 total
- age   7:   10216208 bytes,   18392368 total
: 109248K->21824K(109248K), 0,0367110 secs] 122559K->35633K(502464K), 0,0368207 secs] [Times: user=0,07 sys=0,00, real=0,03 secs] 
Heap after GC invocations=14 (full 1):
 par new generation   total 109248K, used 21824K [0x00000000e0000000, 0x00000000e8000000, 0x00000000e8000000)
  eden space 87424K,   0% used [0x00000000e0000000, 0x00000000e0000000, 0x00000000e5560000)
  from space 21824K, 100% used [0x00000000e5560000, 0x00000000e6ab0000, 0x00000000e6ab0000)
  to   space 21824K,   0% used [0x00000000e6ab0000, 0x00000000e6ab0000, 0x00000000e8000000)
 concurrent mark-sweep generation total 393216K, used 13809K [0x00000000e8000000, 0x0000000100000000, 0x0000000100000000)
 Metaspace       used 30830K, capacity 31582K, committed 31920K, reserved 1077248K
  class space    used 3510K, capacity 3736K, committed 3760K, reserved 1048576K
}
2018-06-19T14:41:56.680+0200: 11,898: Total time for which application threads were stopped: 0,0371837 seconds, Stopping threads took: 0,0000583 seconds
2018-06-19T14:41:56.851+0200: 12,070: Total time for which application threads were stopped: 0,0061468 seconds, Stopping threads took: 0,0060252 seconds
2018-06-19T14:41:56.863+0200: 12,081: Total time for which application threads were stopped: 0,0008753 seconds, Stopping threads took: 0,0007748 seconds
2018-06-19T14:41:56.864+0200: 12,082: Total time for which application threads were stopped: 0,0001455 seconds, Stopping threads took: 0,0000542 seconds
{Heap before GC invocations=14 (full 1):
 par new generation   total 109248K, used 109248K [0x00000000e0000000, 0x00000000e8000000, 0x00000000e8000000)
  eden space 87424K, 100% used [0x00000000e0000000, 0x00000000e5560000, 0x00000000e5560000)
  from space 21824K, 100% used [0x00000000e5560000, 0x00000000e6ab0000, 0x00000000e6ab0000)
  to   space 21824K,   0% used [0x00000000e6ab0000, 0x00000000e6ab0000, 0x00000000e8000000)
 concurrent mark-sweep generation total 393216K, used 13809K [0x00000000e8000000, 0x0000000100000000, 0x0000000100000000)
 Metaspace       used 30832K, capacity 31582K, committed 31920K, reserved 1077248K
  class space    used 3510K, capacity 3736K, committed 3760K, reserved 1048576K
2018-06-19T14:41:56.867+0200: 12,085: [GC (Allocation Failure) 2018-06-19T14:41:56.867+0200: 12,085: [ParNew
Desired survivor size 20112992 bytes, new threshold 8 (max 8)
- age   1:    1701800 bytes,    1701800 total
- age   2:     968224 bytes,    2670024 total
- age   3:     732856 bytes,    3402880 total
- age   4:      93480 bytes,    3496360 total
- age   5:    4281592 bytes,    7777952 total
- age   6:     174688 bytes,    7952640 total
- age   7:      27632 bytes,    7980272 total
- age   8:    9906568 bytes,   17886840 total
: 109248K->21824K(109248K), 0,0365699 secs] 123057K->37305K(502464K), 0,0366595 secs] [Times: user=0,14 sys=0,01, real=0,04 secs] 
Heap after GC invocations=15 (full 1):
 par new generation   total 109248K, used 21824K [0x00000000e0000000, 0x00000000e8000000, 0x00000000e8000000)
  eden space 87424K,   0% used [0x00000000e0000000, 0x00000000e0000000, 0x00000000e5560000)
  from space 21824K, 100% used [0x00000000e6ab0000, 0x00000000e8000000, 0x00000000e8000000)
  to   space 21824K,   0% used [0x00000000e5560000, 0x00000000e5560000, 0x00000000e6ab0000)
 concurrent mark-sweep generation total 393216K, used 15481K [0x00000000e8000000, 0x0000000100000000, 0x0000000100000000)
 Metaspace       used 30832K, capacity 31582K, committed 31920K, reserved 1077248K
  class space    used 3510K, capacity 3736K, committed 3760K, reserved 1048576K
}
2018-06-19T14:41:56.904+0200: 12,122: Total time for which application threads were stopped: 0,0397122 seconds, Stopping threads took: 0,0028418 seconds
2018-06-19T14:41:56.964+0200: 12,182: Total time for which application threads were stopped: 0,0056485 seconds, Stopping threads took: 0,0048687 seconds
2018-06-19T14:41:56.964+0200: 12,183: Total time for which application threads were stopped: 0,0003606 seconds, Stopping threads took: 0,0001978 seconds
2018-06-19T14:41:57.016+0200: 12,234: Total time for which application threads were stopped: 0,0001823 seconds, Stopping threads took: 0,0000645 seconds
2018-06-19T14:41:57.019+0200: 12,237: Total time for which application threads were stopped: 0,0001601 seconds, Stopping threads took: 0,0000537 seconds
2018-06-19T14:41:57.027+0200: 12,245: Total time for which application threads were stopped: 0,0012765 seconds, Stopping threads took: 0,0011456 seconds
{Heap before GC invocations=15 (full 1):
 par new generation   total 109248K, used 109248K [0x00000000e0000000, 0x00000000e8000000, 0x00000000e8000000)
  eden space 87424K, 100% used [0x00000000e0000000, 0x00000000e5560000, 0x00000000e5560000)
  from space 21824K, 100% used [0x00000000e6ab0000, 0x00000000e8000000, 0x00000000e8000000)
  to   space 21824K,   0% used [0x00000000e5560000, 0x00000000e5560000, 0x00000000e6ab0000)
 concurrent mark-sweep generation total 393216K, used 15481K [0x00000000e8000000, 0x0000000100000000, 0x0000000100000000)
 Metaspace       used 30871K, capacity 31582K, committed 31920K, reserved 1077248K
  class space    used 3510K, capacity 3736K, committed 3760K, reserved 1048576K
2018-06-19T14:41:57.048+0200: 12,266: [GC (Allocation Failure) 2018-06-19T14:41:57.048+0200: 12,267: [ParNew
Desired survivor size 20112992 bytes, new threshold 8 (max 8)
- age   1:    1348440 bytes,    1348440 total
- age   2:    1603192 bytes,    2951632 total
- age   3:     968136 bytes,    3919768 total
- age   4:     732616 bytes,    4652384 total
- age   5:      93448 bytes,    4745832 total
- age   6:    4281560 bytes,    9027392 total
- age   7:     174688 bytes,    9202080 total
- age   8:      27632 bytes,    9229712 total
: 109248K->21824K(109248K), 0,0373073 secs] 124729K->47864K(502464K), 0,0374418 secs] [Times: user=0,09 sys=0,01, real=0,04 secs] 
Heap after GC invocations=16 (full 1):
 par new generation   total 109248K, used 21824K [0x00000000e0000000, 0x00000000e8000000, 0x00000000e8000000)
  eden space 87424K,   0% used [0x00000000e0000000, 0x00000000e0000000, 0x00000000e5560000)
  from space 21824K, 100% used [0x00000000e5560000, 0x00000000e6ab0000, 0x00000000e6ab0000)
  to   space 21824K,   0% used [0x00000000e6ab0000, 0x00000000e6ab0000, 0x00000000e8000000)
 concurrent mark-sweep generation total 393216K, used 26040K [0x00000000e8000000, 0x0000000100000000, 0x0000000100000000)
 Metaspace       used 30871K, capacity 31582K, committed 31920K, reserved 1077248K
  class space    used 3510K, capacity 3736K, committed 3760K, reserved 1048576K
}
2018-06-19T14:41:57.085+0200: 12,304: Total time for which application threads were stopped: 0,0377598 seconds, Stopping threads took: 0,0000709 seconds
{Heap before GC invocations=16 (full 1):
 par new generation   total 109248K, used 109248K [0x00000000e0000000, 0x00000000e8000000, 0x00000000e8000000)
  eden space 87424K, 100% used [0x00000000e0000000, 0x00000000e5560000, 0x00000000e5560000)
  from space 21824K, 100% used [0x00000000e5560000, 0x00000000e6ab0000, 0x00000000e6ab0000)
  to   space 21824K,   0% used [0x00000000e6ab0000, 0x00000000e6ab0000, 0x00000000e8000000)
 concurrent mark-sweep generation total 393216K, used 26040K [0x00000000e8000000, 0x0000000100000000, 0x0000000100000000)
 Metaspace       used 30888K, capacity 31588K, committed 31920K, reserved 1077248K
  class space    used 3512K, capacity 3737K, committed 3760K, reserved 1048576K
2018-06-19T14:41:57.217+0200: 12,436: [GC (Allocation Failure) 2018-06-19T14:41:57.217+0200: 12,436: [ParNew
Desired survivor size 20112992 bytes, new threshold 8 (max 8)
- age   1:    1508248 bytes,    1508248 total
- age   2:     944016 bytes,    2452264 total
- age   3:     443192 bytes,    2895456 total
- age   4:     276976 bytes,    3172432 total
- age   5:     219712 bytes,    3392144 total
- age   6:      93416 bytes,    3485560 total
- age   7:    4281528 bytes,    7767088 total
- age   8:     174688 bytes,    7941776 total
: 109248K->10087K(109248K), 0,0235645 secs] 135288K->36155K(502464K), 0,0236672 secs] [Times: user=0,08 sys=0,00, real=0,02 secs] 
Heap after GC invocations=17 (full 1):
 par new generation   total 109248K, used 10087K [0x00000000e0000000, 0x00000000e8000000, 0x00000000e8000000)
  eden space 87424K,   0% used [0x00000000e0000000, 0x00000000e0000000, 0x00000000e5560000)
  from space 21824K,  46% used [0x00000000e6ab0000, 0x00000000e7489e30, 0x00000000e8000000)
  to   space 21824K,   0% used [0x00000000e5560000, 0x00000000e5560000, 0x00000000e6ab0000)
 concurrent mark-sweep generation total 393216K, used 26068K [0x00000000e8000000, 0x0000000100000000, 0x0000000100000000)
 Metaspace       used 30888K, capacity 31588K, committed 31920K, reserved 1077248K
  class space    used 3512K, capacity 3737K, committed 3760K, reserved 1048576K
}
2018-06-19T14:41:57.241+0200: 12,459: Total time for which application threads were stopped: 0,0239620 seconds, Stopping threads took: 0,0000622 seconds
{Heap before GC invocations=17 (full 1):
 par new generation   total 109248K, used 97492K [0x00000000e0000000, 0x00000000e8000000, 0x00000000e8000000)
  eden space 87424K,  99% used [0x00000000e0000000, 0x00000000e555b1e0, 0x00000000e5560000)
  from space 21824K,  46% used [0x00000000e6ab0000, 0x00000000e7489e30, 0x00000000e8000000)
  to   space 21824K,   0% used [0x00000000e5560000, 0x00000000e5560000, 0x00000000e6ab0000)
 concurrent mark-sweep generation total 393216K, used 26068K [0x00000000e8000000, 0x0000000100000000, 0x0000000100000000)
 Metaspace       used 30896K, capacity 31588K, committed 31920K, reserved 1077248K
  class space    used 3512K, capacity 3737K, committed 3760K, reserved 1048576K
2018-06-19T14:41:57.380+0200: 12,599: [GC (Allocation Failure) 2018-06-19T14:41:57.380+0200: 12,599: [ParNew
Desired survivor size 20112992 bytes, new threshold 8 (max 8)
- age   1:    1482424 bytes,    1482424 total
- age   2:    1103184 bytes,    2585608 total
- age   3:     943992 bytes,    3529600 total
- age   4:     443192 bytes,    3972792 total
- age   5:     276160 bytes,    4248952 total
- age   6:     219712 bytes,    4468664 total
- age   7:      93384 bytes,    4562048 total
- age   8:    4281528 bytes,    8843576 total
: 97492K->10873K(109248K), 0,0235561 secs] 123560K->37115K(502464K), 0,0236411 secs] [Times: user=0,07 sys=0,01, real=0,03 secs] 
Heap after GC invocations=18 (full 1):
 par new generation   total 109248K, used 10873K [0x00000000e0000000, 0x00000000e8000000, 0x00000000e8000000)
  eden space 87424K,   0% used [0x00000000e0000000, 0x00000000e0000000, 0x00000000e5560000)
  from space 21824K,  49% used [0x00000000e5560000, 0x00000000e5ffe660, 0x00000000e6ab0000)
  to   space 21824K,   0% used [0x00000000e6ab0000, 0x00000000e6ab0000, 0x00000000e8000000)
 concurrent mark-sweep generation total 393216K, used 26242K [0x00000000e8000000, 0x0000000100000000, 0x0000000100000000)
 Metaspace       used 30896K, capacity 31588K, committed 31920K, reserved 1077248K
  class space    used 3512K, capacity 3737K, committed 3760K, reserved 1048576K
}
2018-06-19T14:41:57.404+0200: 12,623: Total time for which application threads were stopped: 0,0239183 seconds, Stopping threads took: 0,0000494 seconds
{Heap before GC invocations=18 (full 1):
 par new generation   total 109248K, used 98297K [0x00000000e0000000, 0x00000000e8000000, 0x00000000e8000000)
  eden space 87424K, 100% used [0x00000000e0000000, 0x00000000e5560000, 0x00000000e5560000)
  from space 21824K,  49% used [0x00000000e5560000, 0x00000000e5ffe660, 0x00000000e6ab0000)
  to   space 21824K,   0% used [0x00000000e6ab0000, 0x00000000e6ab0000, 0x00000000e8000000)
 concurrent mark-sweep generation total 393216K, used 26242K [0x00000000e8000000, 0x0000000100000000, 0x0000000100000000)
 Metaspace       used 30911K, capacity 31588K, committed 31920K, reserved 1077248K
  class space    used 3512K, capacity 3737K, committed 3760K, reserved 1048576K
2018-06-19T14:41:57.574+0200: 12,793: [GC (Allocation Failure) 2018-06-19T14:41:57.574+0200: 12,793: [ParNew
Desired survivor size 20112992 bytes, new threshold 8 (max 8)
- age   1:    1805240 bytes,    1805240 total
- age   2:    1006648 bytes,    2811888 total
- age   3:     939240 bytes,    3751128 total
- age   4:     943992 bytes,    4695120 total
- age   5:     443192 bytes,    5138312 total
- age   6:     276160 bytes,    5414472 total
- age   7:     219680 bytes,    5634152 total
- age   8:      93384 bytes,    5727536 total
: 98297K->9455K(109248K), 0,0326337 secs] 124539K->40043K(502464K), 0,0327964 secs] [Times: user=0,06 sys=0,01, real=0,03 secs] 
Heap after GC invocations=19 (full 1):
 par new generation   total 109248K, used 9455K [0x00000000e0000000, 0x00000000e8000000, 0x00000000e8000000)
  eden space 87424K,   0% used [0x00000000e0000000, 0x00000000e0000000, 0x00000000e5560000)
  from space 21824K,  43% used [0x00000000e6ab0000, 0x00000000e73ebef8, 0x00000000e8000000)
  to   space 21824K,   0% used [0x00000000e5560000, 0x00000000e5560000, 0x00000000e6ab0000)
 concurrent mark-sweep generation total 393216K, used 30587K [0x00000000e8000000, 0x0000000100000000, 0x0000000100000000)
 Metaspace       used 30911K, capacity 31588K, committed 31920K, reserved 1077248K
  class space    used 3512K, capacity 3737K, committed 3760K, reserved 1048576K
}
2018-06-19T14:41:57.607+0200: 12,825: Total time for which application threads were stopped: 0,0331131 seconds, Stopping threads took: 0,0000358 seconds
{Heap before GC invocations=19 (full 1):
 par new generation   total 109248K, used 96879K [0x00000000e0000000, 0x00000000e8000000, 0x00000000e8000000)
  eden space 87424K, 100% used [0x00000000e0000000, 0x00000000e5560000, 0x00000000e5560000)
  from space 21824K,  43% used [0x00000000e6ab0000, 0x00000000e73ebef8, 0x00000000e8000000)
  to   space 21824K,   0% used [0x00000000e5560000, 0x00000000e5560000, 0x00000000e6ab0000)
 concurrent mark-sweep generation total 393216K, used 30587K [0x00000000e8000000, 0x0000000100000000, 0x0000000100000000)
 Metaspace       used 30961K, capacity 31652K, committed 31920K, reserved 1077248K
  class space    used 3512K, capacity 3737K, committed 3760K, reserved 1048576K
2018-06-19T14:41:57.754+0200: 12,972: [GC (Allocation Failure) 2018-06-19T14:41:57.754+0200: 12,972: [ParNew
Desired survivor size 20112992 bytes, new threshold 8 (max 8)
- age   1:    1572872 bytes,    1572872 total
- age   2:    1183624 bytes,    2756496 total
- age   3:    1006624 bytes,    3763120 total
- age   4:     939096 bytes,    4702216 total
- age   5:     943992 bytes,    5646208 total
- age   6:     443192 bytes,    6089400 total
- age   7:     276096 bytes,    6365496 total
- age   8:     219480 bytes,    6584976 total
: 96879K->8223K(109248K), 0,0131725 secs] 127467K->38902K(502464K), 0,0132461 secs] [Times: user=0,04 sys=0,00, real=0,01 secs] 
Heap after GC invocations=20 (full 1):
 par new generation   total 109248K, used 8223K [0x00000000e0000000, 0x00000000e8000000, 0x00000000e8000000)
  eden space 87424K,   0% used [0x00000000e0000000, 0x00000000e0000000, 0x00000000e5560000)
  from space 21824K,  37% used [0x00000000e5560000, 0x00000000e5d67eb0, 0x00000000e6ab0000)
  to   space 21824K,   0% used [0x00000000e6ab0000, 0x00000000e6ab0000, 0x00000000e8000000)
 concurrent mark-sweep generation total 393216K, used 30678K [0x00000000e8000000, 0x0000000100000000, 0x0000000100000000)
 Metaspace       used 30961K, capacity 31652K, committed 31920K, reserved 1077248K
  class space    used 3512K, capacity 3737K, committed 3760K, reserved 1048576K
}
2018-06-19T14:41:57.767+0200: 12,985: Total time for which application threads were stopped: 0,0135281 seconds, Stopping threads took: 0,0000594 seconds
{Heap before GC invocations=20 (full 1):
 par new generation   total 109248K, used 95647K [0x00000000e0000000, 0x00000000e8000000, 0x00000000e8000000)
  eden space 87424K, 100% used [0x00000000e0000000, 0x00000000e5560000, 0x00000000e5560000)
  from space 21824K,  37% used [0x00000000e5560000, 0x00000000e5d67eb0, 0x00000000e6ab0000)
  to   space 21824K,   0% used [0x00000000e6ab0000, 0x00000000e6ab0000, 0x00000000e8000000)
 concurrent mark-sweep generation total 393216K, used 30678K [0x00000000e8000000, 0x0000000100000000, 0x0000000100000000)
 Metaspace       used 30970K, capacity 31652K, committed 31920K, reserved 1077248K
  class space    used 3512K, capacity 3737K, committed 3760K, reserved 1048576K
2018-06-19T14:41:57.865+0200: 13,084: [GC (Allocation Failure) 2018-06-19T14:41:57.865+0200: 13,084: [ParNew
Desired survivor size 20112992 bytes, new threshold 8 (max 8)
- age   1:    2271752 bytes,    2271752 total
- age   2:     906832 bytes,    3178584 total
- age   3:    1182288 bytes,    4360872 total
- age   4:     908392 bytes,    5269264 total
- age   5:     938912 bytes,    6208176 total
- age   6:     944232 bytes,    7152408 total
- age   7:     443096 bytes,    7595504 total
- age   8:     275496 bytes,    7871000 total
: 95647K->9879K(109248K), 0,0148936 secs] 126326K->40772K(502464K), 0,0149754 secs] [Times: user=0,04 sys=0,00, real=0,01 secs] 
Heap after GC invocations=21 (full 1):
 par new generation   total 109248K, used 9879K [0x00000000e0000000, 0x00000000e8000000, 0x00000000e8000000)
  eden space 87424K,   0% used [0x00000000e0000000, 0x00000000e0000000, 0x00000000e5560000)
  from space 21824K,  45% used [0x00000000e6ab0000, 0x00000000e7455da0, 0x00000000e8000000)
  to   space 21824K,   0% used [0x00000000e5560000, 0x00000000e5560000, 0x00000000e6ab0000)
 concurrent mark-sweep generation total 393216K, used 30893K [0x00000000e8000000, 0x0000000100000000, 0x0000000100000000)
 Metaspace       used 30970K, capacity 31652K, committed 31920K, reserved 1077248K
  class space    used 3512K, capacity 3737K, committed 3760K, reserved 1048576K
}
2018-06-19T14:41:57.880+0200: 13,099: Total time for which application threads were stopped: 0,0152882 seconds, Stopping threads took: 0,0000664 seconds
2018-06-19T14:41:57.923+0200: 13,141: Total time for which application threads were stopped: 0,0027399 seconds, Stopping threads took: 0,0026381 seconds
2018-06-19T14:41:57.932+0200: 13,150: Total time for which application threads were stopped: 0,0001917 seconds, Stopping threads took: 0,0000936 seconds
2018-06-19T14:41:57.938+0200: 13,157: Total time for which application threads were stopped: 0,0001483 seconds, Stopping threads took: 0,0000469 seconds
2018-06-19T14:41:57.961+0200: 13,180: Total time for which application threads were stopped: 0,0001747 seconds, Stopping threads took: 0,0000577 seconds
2018-06-19T14:41:57.965+0200: 13,183: Total time for which application threads were stopped: 0,0002009 seconds, Stopping threads took: 0,0000894 seconds
2018-06-19T14:41:57.973+0200: 13,192: Total time for which application threads were stopped: 0,0001918 seconds, Stopping threads took: 0,0000723 seconds
{Heap before GC invocations=21 (full 1):
 par new generation   total 109248K, used 97303K [0x00000000e0000000, 0x00000000e8000000, 0x00000000e8000000)
  eden space 87424K, 100% used [0x00000000e0000000, 0x00000000e5560000, 0x00000000e5560000)
  from space 21824K,  45% used [0x00000000e6ab0000, 0x00000000e7455da0, 0x00000000e8000000)
  to   space 21824K,   0% used [0x00000000e5560000, 0x00000000e5560000, 0x00000000e6ab0000)
 concurrent mark-sweep generation total 393216K, used 30893K [0x00000000e8000000, 0x0000000100000000, 0x0000000100000000)
 Metaspace       used 30980K, capacity 31652K, committed 31920K, reserved 1077248K
  class space    used 3512K, capacity 3737K, committed 3760K, reserved 1048576K
2018-06-19T14:41:57.992+0200: 13,211: [GC (Allocation Failure) 2018-06-19T14:41:57.992+0200: 13,211: [ParNew
Desired survivor size 20112992 bytes, new threshold 8 (max 8)
- age   1:    1507824 bytes,    1507824 total
- age   2:    2050912 bytes,    3558736 total
- age   3:     850312 bytes,    4409048 total
- age   4:    1125600 bytes,    5534648 total
- age   5:     851968 bytes,    6386616 total
- age   6:     883496 bytes,    7270112 total
- age   7:     893712 bytes,    8163824 total
- age   8:     362592 bytes,    8526416 total
: 97303K->12557K(109248K), 0,0112343 secs] 128196K->43720K(502464K), 0,0113422 secs] [Times: user=0,04 sys=0,00, real=0,01 secs] 
Heap after GC invocations=22 (full 1):
 par new generation   total 109248K, used 12557K [0x00000000e0000000, 0x00000000e8000000, 0x00000000e8000000)
  eden space 87424K,   0% used [0x00000000e0000000, 0x00000000e0000000, 0x00000000e5560000)
  from space 21824K,  57% used [0x00000000e5560000, 0x00000000e61a3480, 0x00000000e6ab0000)
  to   space 21824K,   0% used [0x00000000e6ab0000, 0x00000000e6ab0000, 0x00000000e8000000)
 concurrent mark-sweep generation total 393216K, used 31162K [0x00000000e8000000, 0x0000000100000000, 0x0000000100000000)
 Metaspace       used 30980K, capacity 31652K, committed 31920K, reserved 1077248K
  class space    used 3512K, capacity 3737K, committed 3760K, reserved 1048576K
}
2018-06-19T14:41:58.004+0200: 13,222: Total time for which application threads were stopped: 0,0116332 seconds, Stopping threads took: 0,0000979 seconds
{Heap before GC invocations=22 (full 1):
 par new generation   total 109248K, used 99969K [0x00000000e0000000, 0x00000000e8000000, 0x00000000e8000000)
  eden space 87424K,  99% used [0x00000000e0000000, 0x00000000e555d250, 0x00000000e5560000)
  from space 21824K,  57% used [0x00000000e5560000, 0x00000000e61a3480, 0x00000000e6ab0000)
  to   space 21824K,   0% used [0x00000000e6ab0000, 0x00000000e6ab0000, 0x00000000e8000000)
 concurrent mark-sweep generation total 393216K, used 31162K [0x00000000e8000000, 0x0000000100000000, 0x0000000100000000)
 Metaspace       used 30996K, capacity 31716K, committed 31920K, reserved 1077248K
  class space    used 3512K, capacity 3737K, committed 3760K, reserved 1048576K
2018-06-19T14:41:58.120+0200: 13,339: [GC (Allocation Failure) 2018-06-19T14:41:58.120+0200: 13,339: [ParNew
Desired survivor size 20112992 bytes, new threshold 8 (max 8)
- age   1:    1462824 bytes,    1462824 total
- age   2:    1119576 bytes,    2582400 total
- age   3:    2017416 bytes,    4599816 total
- age   4:     850312 bytes,    5450128 total
- age   5:    1191152 bytes,    6641280 total
- age   6:     851968 bytes,    7493248 total
- age   7:     883448 bytes,    8376696 total
- age   8:     893344 bytes,    9270040 total
: 99969K->10627K(109248K), 0,0171792 secs] 131132K->42145K(502464K), 0,0172685 secs] [Times: user=0,06 sys=0,00, real=0,02 secs] 
Heap after GC invocations=23 (full 1):
 par new generation   total 109248K, used 10627K [0x00000000e0000000, 0x00000000e8000000, 0x00000000e8000000)
  eden space 87424K,   0% used [0x00000000e0000000, 0x00000000e0000000, 0x00000000e5560000)
  from space 21824K,  48% used [0x00000000e6ab0000, 0x00000000e7510f38, 0x00000000e8000000)
  to   space 21824K,   0% used [0x00000000e5560000, 0x00000000e5560000, 0x00000000e6ab0000)
 concurrent mark-sweep generation total 393216K, used 31517K [0x00000000e8000000, 0x0000000100000000, 0x0000000100000000)
 Metaspace       used 30996K, capacity 31716K, committed 31920K, reserved 1077248K
  class space    used 3512K, capacity 3737K, committed 3760K, reserved 1048576K
}
2018-06-19T14:41:58.138+0200: 13,356: Total time for which application threads were stopped: 0,0175381 seconds, Stopping threads took: 0,0000620 seconds
{Heap before GC invocations=23 (full 1):
 par new generation   total 109248K, used 98026K [0x00000000e0000000, 0x00000000e8000000, 0x00000000e8000000)
  eden space 87424K,  99% used [0x00000000e0000000, 0x00000000e5559968, 0x00000000e5560000)
  from space 21824K,  48% used [0x00000000e6ab0000, 0x00000000e7510f38, 0x00000000e8000000)
  to   space 21824K,   0% used [0x00000000e5560000, 0x00000000e5560000, 0x00000000e6ab0000)
 concurrent mark-sweep generation total 393216K, used 31517K [0x00000000e8000000, 0x0000000100000000, 0x0000000100000000)
 Metaspace       used 31003K, capacity 31716K, committed 31920K, reserved 1077248K
  class space    used 3512K, capacity 3737K, committed 3760K, reserved 1048576K
2018-06-19T14:41:58.259+0200: 13,477: [GC (Allocation Failure) 2018-06-19T14:41:58.259+0200: 13,478: [ParNew
Desired survivor size 20112992 bytes, new threshold 8 (max 8)
- age   1:    1777792 bytes,    1777792 total
- age   2:    1050848 bytes,    2828640 total
- age   3:    1119552 bytes,    3948192 total
- age   4:    2017416 bytes,    5965608 total
- age   5:     850312 bytes,    6815920 total
- age   6:    1125600 bytes,    7941520 total
- age   7:     851920 bytes,    8793440 total
- age   8:     883168 bytes,    9676608 total
: 98026K->13488K(109248K), 0,0157524 secs] 129543K->45886K(502464K), 0,0158636 secs] [Times: user=0,05 sys=0,00, real=0,02 secs] 
Heap after GC invocations=24 (full 1):
 par new generation   total 109248K, used 13488K [0x00000000e0000000, 0x00000000e8000000, 0x00000000e8000000)
  eden space 87424K,   0% used [0x00000000e0000000, 0x00000000e0000000, 0x00000000e5560000)
  from space 21824K,  61% used [0x00000000e5560000, 0x00000000e628c240, 0x00000000e6ab0000)
  to   space 21824K,   0% used [0x00000000e6ab0000, 0x00000000e6ab0000, 0x00000000e8000000)
 concurrent mark-sweep generation total 393216K, used 32398K [0x00000000e8000000, 0x0000000100000000, 0x0000000100000000)
 Metaspace       used 31003K, capacity 31716K, committed 31920K, reserved 1077248K
  class space    used 3512K, capacity 3737K, committed 3760K, reserved 1048576K
}
2018-06-19T14:41:58.275+0200: 13,493: Total time for which application threads were stopped: 0,0175376 seconds, Stopping threads took: 0,0014353 seconds
{Heap before GC invocations=24 (full 1):
 par new generation   total 109248K, used 100912K [0x00000000e0000000, 0x00000000e8000000, 0x00000000e8000000)
  eden space 87424K, 100% used [0x00000000e0000000, 0x00000000e5560000, 0x00000000e5560000)
  from space 21824K,  61% used [0x00000000e5560000, 0x00000000e628c240, 0x00000000e6ab0000)
  to   space 21824K,   0% used [0x00000000e6ab0000, 0x00000000e6ab0000, 0x00000000e8000000)
 concurrent mark-sweep generation total 393216K, used 32398K [0x00000000e8000000, 0x0000000100000000, 0x0000000100000000)
 Metaspace       used 31012K, capacity 31716K, committed 31920K, reserved 1077248K
  class space    used 3512K, capacity 3737K, committed 3760K, reserved 1048576K
2018-06-19T14:41:58.401+0200: 13,620: [GC (Allocation Failure) 2018-06-19T14:41:58.401+0200: 13,620: [ParNew
Desired survivor size 20112992 bytes, new threshold 8 (max 8)
- age   1:    1874904 bytes,    1874904 total
- age   2:    1218320 bytes,    3093224 total
- age   3:     877464 bytes,    3970688 total
- age   4:     868272 bytes,    4838960 total
- age   5:    1873176 bytes,    6712136 total
- age   6:     685496 bytes,    7397632 total
- age   7:     960632 bytes,    8358264 total
- age   8:     685736 bytes,    9044000 total
: 100912K->12281K(109248K), 0,0123882 secs] 133310K->45381K(502464K), 0,0124675 secs] [Times: user=0,04 sys=0,00, real=0,02 secs] 
Heap after GC invocations=25 (full 1):
 par new generation   total 109248K, used 12281K [0x00000000e0000000, 0x00000000e8000000, 0x00000000e8000000)
  eden space 87424K,   0% used [0x00000000e0000000, 0x00000000e0000000, 0x00000000e5560000)
  from space 21824K,  56% used [0x00000000e6ab0000, 0x00000000e76ae758, 0x00000000e8000000)
  to   space 21824K,   0% used [0x00000000e5560000, 0x00000000e5560000, 0x00000000e6ab0000)
 concurrent mark-sweep generation total 393216K, used 33099K [0x00000000e8000000, 0x0000000100000000, 0x0000000100000000)
 Metaspace       used 31012K, capacity 31716K, committed 31920K, reserved 1077248K
  class space    used 3512K, capacity 3737K, committed 3760K, reserved 1048576K
}
2018-06-19T14:41:58.414+0200: 13,632: Total time for which application threads were stopped: 0,0127128 seconds, Stopping threads took: 0,0000493 seconds
{Heap before GC invocations=25 (full 1):
 par new generation   total 109248K, used 99705K [0x00000000e0000000, 0x00000000e8000000, 0x00000000e8000000)
  eden space 87424K, 100% used [0x00000000e0000000, 0x00000000e5560000, 0x00000000e5560000)
  from space 21824K,  56% used [0x00000000e6ab0000, 0x00000000e76ae758, 0x00000000e8000000)
  to   space 21824K,   0% used [0x00000000e5560000, 0x00000000e5560000, 0x00000000e6ab0000)
 concurrent mark-sweep generation total 393216K, used 33099K [0x00000000e8000000, 0x0000000100000000, 0x0000000100000000)
 Metaspace       used 31014K, capacity 31716K, committed 31920K, reserved 1077248K
  class space    used 3512K, capacity 3737K, committed 3760K, reserved 1048576K
2018-06-19T14:41:58.513+0200: 13,732: [GC (Allocation Failure) 2018-06-19T14:41:58.513+0200: 13,732: [ParNew
Desired survivor size 20112992 bytes, new threshold 8 (max 8)
- age   1:    1487144 bytes,    1487144 total
- age   2:    1314056 bytes,    2801200 total
- age   3:    1218144 bytes,    4019344 total
- age   4:     877464 bytes,    4896808 total
- age   5:     868272 bytes,    5765080 total
- age   6:    1873176 bytes,    7638256 total
- age   7:     685448 bytes,    8323704 total
- age   8:     960400 bytes,    9284104 total
: 99705K->11691K(109248K), 0,0189154 secs] 132805K->45461K(502464K), 0,0190019 secs] [Times: user=0,08 sys=0,00, real=0,02 secs] 
Heap after GC invocations=26 (full 1):
 par new generation   total 109248K, used 11691K [0x00000000e0000000, 0x00000000e8000000, 0x00000000e8000000)
  eden space 87424K,   0% used [0x00000000e0000000, 0x00000000e0000000, 0x00000000e5560000)
  from space 21824K,  53% used [0x00000000e5560000, 0x00000000e60cae90, 0x00000000e6ab0000)
  to   space 21824K,   0% used [0x00000000e6ab0000, 0x00000000e6ab0000, 0x00000000e8000000)
 concurrent mark-sweep generation total 393216K, used 33769K [0x00000000e8000000, 0x0000000100000000, 0x0000000100000000)
 Metaspace       used 31014K, capacity 31716K, committed 31920K, reserved 1077248K
  class space    used 3512K, capacity 3737K, committed 3760K, reserved 1048576K
}
2018-06-19T14:41:58.532+0200: 13,751: Total time for which application threads were stopped: 0,0192111 seconds, Stopping threads took: 0,0000307 seconds
{Heap before GC invocations=26 (full 1):
 par new generation   total 109248K, used 99115K [0x00000000e0000000, 0x00000000e8000000, 0x00000000e8000000)
  eden space 87424K, 100% used [0x00000000e0000000, 0x00000000e5560000, 0x00000000e5560000)
  from space 21824K,  53% used [0x00000000e5560000, 0x00000000e60cae90, 0x00000000e6ab0000)
  to   space 21824K,   0% used [0x00000000e6ab0000, 0x00000000e6ab0000, 0x00000000e8000000)
 concurrent mark-sweep generation total 393216K, used 33769K [0x00000000e8000000, 0x0000000100000000, 0x0000000100000000)
 Metaspace       used 31018K, capacity 31716K, committed 31920K, reserved 1077248K
  class space    used 3512K, capacity 3737K, committed 3760K, reserved 1048576K
2018-06-19T14:41:58.611+0200: 13,829: [GC (Allocation Failure) 2018-06-19T14:41:58.611+0200: 13,829: [ParNew
Desired survivor size 20112992 bytes, new threshold 8 (max 8)
- age   1:    1855880 bytes,    1855880 total
- age   2:     830896 bytes,    2686776 total
- age   3:    1312552 bytes,    3999328 total
- age   4:    1119792 bytes,    5119120 total
- age   5:     877464 bytes,    5996584 total
- age   6:     868272 bytes,    6864856 total
- age   7:    1873176 bytes,    8738032 total
- age   8:     685168 bytes,    9423200 total
: 99115K->12565K(109248K), 0,0231407 secs] 132885K->47273K(502464K), 0,0234373 secs] [Times: user=0,08 sys=0,00, real=0,03 secs] 
Heap after GC invocations=27 (full 1):
 par new generation   total 109248K, used 12565K [0x00000000e0000000, 0x00000000e8000000, 0x00000000e8000000)
  eden space 87424K,   0% used [0x00000000e0000000, 0x00000000e0000000, 0x00000000e5560000)
  from space 21824K,  57% used [0x00000000e6ab0000, 0x00000000e76f5460, 0x00000000e8000000)
  to   space 21824K,   0% used [0x00000000e5560000, 0x00000000e5560000, 0x00000000e6ab0000)
 concurrent mark-sweep generation total 393216K, used 34708K [0x00000000e8000000, 0x0000000100000000, 0x0000000100000000)
 Metaspace       used 31018K, capacity 31716K, committed 31920K, reserved 1077248K
  class space    used 3512K, capacity 3737K, committed 3760K, reserved 1048576K
}
2018-06-19T14:41:58.634+0200: 13,853: Total time for which application threads were stopped: 0,0242295 seconds, Stopping threads took: 0,0001632 seconds
{Heap before GC invocations=27 (full 1):
 par new generation   total 109248K, used 99989K [0x00000000e0000000, 0x00000000e8000000, 0x00000000e8000000)
  eden space 87424K, 100% used [0x00000000e0000000, 0x00000000e5560000, 0x00000000e5560000)
  from space 21824K,  57% used [0x00000000e6ab0000, 0x00000000e76f5460, 0x00000000e8000000)
  to   space 21824K,   0% used [0x00000000e5560000, 0x00000000e5560000, 0x00000000e6ab0000)
 concurrent mark-sweep generation total 393216K, used 34708K [0x00000000e8000000, 0x0000000100000000, 0x0000000100000000)
 Metaspace       used 31041K, capacity 31780K, committed 31920K, reserved 1077248K
  class space    used 3512K, capacity 3737K, committed 3760K, reserved 1048576K
2018-06-19T14:41:58.739+0200: 13,957: [GC (Allocation Failure) 2018-06-19T14:41:58.739+0200: 13,957: [ParNew
Desired survivor size 20112992 bytes, new threshold 8 (max 8)
- age   1:    1764128 bytes,    1764128 total
- age   2:    1052456 bytes,    2816584 total
- age   3:     832480 bytes,    3649064 total
- age   4:    1314304 bytes,    4963368 total
- age   5:    1121064 bytes,    6084432 total
- age   6:     878952 bytes,    6963384 total
- age   7:     870096 bytes,    7833480 total
- age   8:    1872808 bytes,    9706288 total
: 99989K->12631K(109248K), 0,0133366 secs] 134697K->48009K(502464K), 0,0134436 secs] [Times: user=0,03 sys=0,00, real=0,02 secs] 
Heap after GC invocations=28 (full 1):
 par new generation   total 109248K, used 12631K [0x00000000e0000000, 0x00000000e8000000, 0x00000000e8000000)
  eden space 87424K,   0% used [0x00000000e0000000, 0x00000000e0000000, 0x00000000e5560000)
  from space 21824K,  57% used [0x00000000e5560000, 0x00000000e61b5cb8, 0x00000000e6ab0000)
  to   space 21824K,   0% used [0x00000000e6ab0000, 0x00000000e6ab0000, 0x00000000e8000000)
 concurrent mark-sweep generation total 393216K, used 35378K [0x00000000e8000000, 0x0000000100000000, 0x0000000100000000)
 Metaspace       used 31041K, capacity 31780K, committed 31920K, reserved 1077248K
  class space    used 3512K, capacity 3737K, committed 3760K, reserved 1048576K
}
2018-06-19T14:41:58.752+0200: 13,971: Total time for which application threads were stopped: 0,0137405 seconds, Stopping threads took: 0,0000470 seconds
{Heap before GC invocations=28 (full 1):
 par new generation   total 109248K, used 100025K [0x00000000e0000000, 0x00000000e8000000, 0x00000000e8000000)
  eden space 87424K,  99% used [0x00000000e0000000, 0x00000000e5558aa8, 0x00000000e5560000)
  from space 21824K,  57% used [0x00000000e5560000, 0x00000000e61b5cb8, 0x00000000e6ab0000)
  to   space 21824K,   0% used [0x00000000e6ab0000, 0x00000000e6ab0000, 0x00000000e8000000)
 concurrent mark-sweep generation total 393216K, used 35378K [0x00000000e8000000, 0x0000000100000000, 0x0000000100000000)
 Metaspace       used 31055K, capacity 31786K, committed 31920K, reserved 1077248K
  class space    used 3512K, capacity 3738K, committed 3760K, reserved 1048576K
2018-06-19T14:41:58.862+0200: 14,081: [GC (Allocation Failure) 2018-06-19T14:41:58.862+0200: 14,081: [ParNew
Desired survivor size 20112992 bytes, new threshold 8 (max 8)
- age   1:    2839496 bytes,    2839496 total
- age   2:     795952 bytes,    3635448 total
- age   3:    1050920 bytes,    4686368 total
- age   4:     830680 bytes,    5517048 total
- age   5:     984512 bytes,    6501560 total
- age   6:    1119792 bytes,    7621352 total
- age   7:     877464 bytes,    8498816 total
- age   8:     868016 bytes,    9366832 total
: 100025K->11871K(109248K), 0,0169130 secs] 135404K->49080K(502464K), 0,0170015 secs] [Times: user=0,05 sys=0,01, real=0,02 secs] 
Heap after GC invocations=29 (full 1):
 par new generation   total 109248K, used 11871K [0x00000000e0000000, 0x00000000e8000000, 0x00000000e8000000)
  eden space 87424K,   0% used [0x00000000e0000000, 0x00000000e0000000, 0x00000000e5560000)
  from space 21824K,  54% used [0x00000000e6ab0000, 0x00000000e7647d80, 0x00000000e8000000)
  to   space 21824K,   0% used [0x00000000e5560000, 0x00000000e5560000, 0x00000000e6ab0000)
 concurrent mark-sweep generation total 393216K, used 37209K [0x00000000e8000000, 0x0000000100000000, 0x0000000100000000)
 Metaspace       used 31055K, capacity 31786K, committed 31920K, reserved 1077248K
  class space    used 3512K, capacity 3738K, committed 3760K, reserved 1048576K
}
2018-06-19T14:41:58.879+0200: 14,098: Total time for which application threads were stopped: 0,0173649 seconds, Stopping threads took: 0,0000773 seconds
2018-06-19T14:41:58.920+0200: 14,138: Total time for which application threads were stopped: 0,0026919 seconds, Stopping threads took: 0,0025545 seconds
2018-06-19T14:41:58.921+0200: 14,139: Total time for which application threads were stopped: 0,0003659 seconds, Stopping threads took: 0,0001013 seconds
2018-06-19T14:41:58.931+0200: 14,149: Total time for which application threads were stopped: 0,0013450 seconds, Stopping threads took: 0,0012313 seconds
2018-06-19T14:41:58.935+0200: 14,154: Total time for which application threads were stopped: 0,0001761 seconds, Stopping threads took: 0,0000554 seconds
2018-06-19T14:41:58.976+0200: 14,195: Total time for which application threads were stopped: 0,0001581 seconds, Stopping threads took: 0,0000525 seconds
2018-06-19T14:41:58.980+0200: 14,198: Total time for which application threads were stopped: 0,0001409 seconds, Stopping threads took: 0,0000531 seconds
2018-06-19T14:41:58.983+0200: 14,202: Total time for which application threads were stopped: 0,0001795 seconds, Stopping threads took: 0,0000628 seconds
{Heap before GC invocations=29 (full 1):
 par new generation   total 109248K, used 99295K [0x00000000e0000000, 0x00000000e8000000, 0x00000000e8000000)
  eden space 87424K, 100% used [0x00000000e0000000, 0x00000000e5560000, 0x00000000e5560000)
  from space 21824K,  54% used [0x00000000e6ab0000, 0x00000000e7647d80, 0x00000000e8000000)
  to   space 21824K,   0% used [0x00000000e5560000, 0x00000000e5560000, 0x00000000e6ab0000)
 concurrent mark-sweep generation total 393216K, used 37209K [0x00000000e8000000, 0x0000000100000000, 0x0000000100000000)
 Metaspace       used 31057K, capacity 31786K, committed 31920K, reserved 1077248K
  class space    used 3512K, capacity 3738K, committed 3760K, reserved 1048576K
2018-06-19T14:41:59.002+0200: 14,221: [GC (Allocation Failure) 2018-06-19T14:41:59.002+0200: 14,221: [ParNew
Desired survivor size 20112992 bytes, new threshold 8 (max 8)
- age   1:    1575064 bytes,    1575064 total
- age   2:    2645728 bytes,    4220792 total
- age   3:     739696 bytes,    4960488 total
- age   4:     994928 bytes,    5955416 total
- age   5:     774448 bytes,    6729864 total
- age   6:     929144 bytes,    7659008 total
- age   7:    1077240 bytes,    8736248 total
- age   8:     827552 bytes,    9563800 total
: 99295K->11391K(109248K), 0,0186679 secs] 136504K->49403K(502464K), 0,0187683 secs] [Times: user=0,07 sys=0,00, real=0,02 secs] 
Heap after GC invocations=30 (full 1):
 par new generation   total 109248K, used 11391K [0x00000000e0000000, 0x00000000e8000000, 0x00000000e8000000)
  eden space 87424K,   0% used [0x00000000e0000000, 0x00000000e0000000, 0x00000000e5560000)
  from space 21824K,  52% used [0x00000000e5560000, 0x00000000e607fc60, 0x00000000e6ab0000)
  to   space 21824K,   0% used [0x00000000e6ab0000, 0x00000000e6ab0000, 0x00000000e8000000)
 concurrent mark-sweep generation total 393216K, used 38012K [0x00000000e8000000, 0x0000000100000000, 0x0000000100000000)
 Metaspace       used 31057K, capacity 31786K, committed 31920K, reserved 1077248K
  class space    used 3512K, capacity 3738K, committed 3760K, reserved 1048576K
}
2018-06-19T14:41:59.021+0200: 14,240: Total time for which application threads were stopped: 0,0250278 seconds, Stopping threads took: 0,0060410 seconds
{Heap before GC invocations=30 (full 1):
 par new generation   total 109248K, used 98815K [0x00000000e0000000, 0x00000000e8000000, 0x00000000e8000000)
  eden space 87424K, 100% used [0x00000000e0000000, 0x00000000e5560000, 0x00000000e5560000)
  from space 21824K,  52% used [0x00000000e5560000, 0x00000000e607fc60, 0x00000000e6ab0000)
  to   space 21824K,   0% used [0x00000000e6ab0000, 0x00000000e6ab0000, 0x00000000e8000000)
 concurrent mark-sweep generation total 393216K, used 38012K [0x00000000e8000000, 0x0000000100000000, 0x0000000100000000)
 Metaspace       used 31064K, capacity 31786K, committed 31920K, reserved 1077248K
  class space    used 3512K, capacity 3738K, committed 3760K, reserved 1048576K
2018-06-19T14:41:59.127+0200: 14,345: [GC (Allocation Failure) 2018-06-19T14:41:59.127+0200: 14,346: [ParNew
Desired survivor size 20112992 bytes, new threshold 8 (max 8)
- age   1:    1345864 bytes,    1345864 total
- age   2:    1202224 bytes,    2548088 total
- age   3:    2645592 bytes,    5193680 total
- age   4:     739696 bytes,    5933376 total
- age   5:     994928 bytes,    6928304 total
- age   6:     774448 bytes,    7702752 total
- age   7:     929096 bytes,    8631848 total
- age   8:    1077008 bytes,    9708856 total
: 98815K->12215K(109248K), 0,0204265 secs] 136827K->51044K(502464K), 0,0205248 secs] [Times: user=0,06 sys=0,00, real=0,02 secs] 
Heap after GC invocations=31 (full 1):
 par new generation   total 109248K, used 12215K [0x00000000e0000000, 0x00000000e8000000, 0x00000000e8000000)
  eden space 87424K,   0% used [0x00000000e0000000, 0x00000000e0000000, 0x00000000e5560000)
  from space 21824K,  55% used [0x00000000e6ab0000, 0x00000000e769df40, 0x00000000e8000000)
  to   space 21824K,   0% used [0x00000000e5560000, 0x00000000e5560000, 0x00000000e6ab0000)
 concurrent mark-sweep generation total 393216K, used 38828K [0x00000000e8000000, 0x0000000100000000, 0x0000000100000000)
 Metaspace       used 31064K, capacity 31786K, committed 31920K, reserved 1077248K
  class space    used 3512K, capacity 3738K, committed 3760K, reserved 1048576K
}
2018-06-19T14:41:59.148+0200: 14,366: Total time for which application threads were stopped: 0,0245648 seconds, Stopping threads took: 0,0037584 seconds
2018-06-19T14:41:59.239+0200: 14,457: Total time for which application threads were stopped: 0,0001681 seconds, Stopping threads took: 0,0000419 seconds
2018-06-19T14:41:59.239+0200: 14,457: Total time for which application threads were stopped: 0,0000728 seconds, Stopping threads took: 0,0000265 seconds
2018-06-19T14:41:59.268+0200: 14,487: Total time for which application threads were stopped: 0,0001458 seconds, Stopping threads took: 0,0000327 seconds
2018-06-19T14:41:59.270+0200: 14,489: Total time for which application threads were stopped: 0,0001571 seconds, Stopping threads took: 0,0000720 seconds
2018-06-19T14:41:59.271+0200: 14,489: Total time for which application threads were stopped: 0,0002317 seconds, Stopping threads took: 0,0000174 seconds
2018-06-19T14:41:59.288+0200: 14,506: Total time for which application threads were stopped: 0,0001168 seconds, Stopping threads took: 0,0000286 seconds
2018-06-19T14:41:59.288+0200: 14,507: Total time for which application threads were stopped: 0,0000877 seconds, Stopping threads took: 0,0000192 seconds
2018-06-19T14:41:59.326+0200: 14,544: Total time for which application threads were stopped: 0,0001285 seconds, Stopping threads took: 0,0000339 seconds
2018-06-19T14:41:59.326+0200: 14,544: Total time for which application threads were stopped: 0,0000786 seconds, Stopping threads took: 0,0000211 seconds
2018-06-19T14:41:59.326+0200: 14,544: Total time for which application threads were stopped: 0,0000615 seconds, Stopping threads took: 0,0000178 seconds
2018-06-19T14:41:59.326+0200: 14,544: Total time for which application threads were stopped: 0,0000704 seconds, Stopping threads took: 0,0000172 seconds
2018-06-19T14:41:59.338+0200: 14,557: Total time for which application threads were stopped: 0,0001211 seconds, Stopping threads took: 0,0000268 seconds
2018-06-19T14:41:59.347+0200: 14,566: Total time for which application threads were stopped: 0,0001445 seconds, Stopping threads took: 0,0000631 seconds
2018-06-19T14:41:59.348+0200: 14,566: Total time for which application threads were stopped: 0,0000905 seconds, Stopping threads took: 0,0000360 seconds
2018-06-19T14:41:59.349+0200: 14,567: Total time for which application threads were stopped: 0,0001168 seconds, Stopping threads took: 0,0000457 seconds
2018-06-19T14:41:59.350+0200: 14,568: Total time for which application threads were stopped: 0,0001285 seconds, Stopping threads took: 0,0000241 seconds
2018-06-19T14:41:59.350+0200: 14,569: Total time for which application threads were stopped: 0,0002118 seconds, Stopping threads took: 0,0000167 seconds
2018-06-19T14:41:59.786+0200: 15,004: Total time for which application threads were stopped: 0,0001602 seconds, Stopping threads took: 0,0000368 seconds
2018-06-19T14:41:59.786+0200: 15,004: Total time for which application threads were stopped: 0,0000812 seconds, Stopping threads took: 0,0000174 seconds
2018-06-19T14:41:59.786+0200: 15,004: Total time for which application threads were stopped: 0,0000721 seconds, Stopping threads took: 0,0000172 seconds
2018-06-19T14:41:59.786+0200: 15,005: Total time for which application threads were stopped: 0,0000839 seconds, Stopping threads took: 0,0000273 seconds
2018-06-19T14:41:59.790+0200: 15,008: Total time for which application threads were stopped: 0,0002112 seconds, Stopping threads took: 0,0000939 seconds
2018-06-19T14:41:59.794+0200: 15,012: Total time for which application threads were stopped: 0,0001254 seconds, Stopping threads took: 0,0000349 seconds
2018-06-19T14:41:59.794+0200: 15,012: Total time for which application threads were stopped: 0,0000676 seconds, Stopping threads took: 0,0000150 seconds
2018-06-19T14:41:59.794+0200: 15,012: Total time for which application threads were stopped: 0,0000615 seconds, Stopping threads took: 0,0000140 seconds
2018-06-19T14:41:59.794+0200: 15,013: Total time for which application threads were stopped: 0,0001044 seconds, Stopping threads took: 0,0000275 seconds
2018-06-19T14:42:00.795+0200: 16,013: Total time for which application threads were stopped: 0,0000831 seconds, Stopping threads took: 0,0000236 seconds
2018-06-19T14:42:04.859+0200: 20,077: Total time for which application threads were stopped: 0,0001099 seconds, Stopping threads took: 0,0000228 seconds
2018-06-19T14:42:04.859+0200: 20,077: Total time for which application threads were stopped: 0,0000590 seconds, Stopping threads took: 0,0000196 seconds
2018-06-19T14:42:04.859+0200: 20,078: Total time for which application threads were stopped: 0,0000870 seconds, Stopping threads took: 0,0000154 seconds
2018-06-19T14:42:04.860+0200: 20,078: Total time for which application threads were stopped: 0,0000615 seconds, Stopping threads took: 0,0000095 seconds
2018-06-19T14:42:04.864+0200: 20,083: Total time for which application threads were stopped: 0,0000938 seconds, Stopping threads took: 0,0000199 seconds
2018-06-19T14:42:04.865+0200: 20,084: Total time for which application threads were stopped: 0,0003096 seconds, Stopping threads took: 0,0000321 seconds
2018-06-19T14:42:05.700+0200: 20,919: Total time for which application threads were stopped: 0,0001426 seconds, Stopping threads took: 0,0000553 seconds
2018-06-19T14:42:05.702+0200: 20,921: Total time for which application threads were stopped: 0,0001933 seconds, Stopping threads took: 0,0000976 seconds
2018-06-19T14:42:05.719+0200: 20,937: Total time for which application threads were stopped: 0,0007490 seconds, Stopping threads took: 0,0001250 seconds
2018-06-19T14:42:05.720+0200: 20,938: Total time for which application threads were stopped: 0,0007702 seconds, Stopping threads took: 0,0002238 seconds
2018-06-19T14:42:05.727+0200: 20,945: Total time for which application threads were stopped: 0,0049174 seconds, Stopping threads took: 0,0048023 seconds
2018-06-19T14:42:05.727+0200: 20,946: Total time for which application threads were stopped: 0,0000796 seconds, Stopping threads took: 0,0000258 seconds
2018-06-19T14:42:05.727+0200: 20,946: Total time for which application threads were stopped: 0,0001120 seconds, Stopping threads took: 0,0000707 seconds
2018-06-19T14:42:05.727+0200: 20,946: Total time for which application threads were stopped: 0,0001179 seconds, Stopping threads took: 0,0000649 seconds
2018-06-19T14:42:05.731+0200: 20,950: Total time for which application threads were stopped: 0,0004248 seconds, Stopping threads took: 0,0002766 seconds
2018-06-19T14:42:05.732+0200: 20,950: Total time for which application threads were stopped: 0,0001328 seconds, Stopping threads took: 0,0000468 seconds
2018-06-19T14:42:05.732+0200: 20,950: Total time for which application threads were stopped: 0,0000699 seconds, Stopping threads took: 0,0000080 seconds
2018-06-19T14:42:05.732+0200: 20,950: Total time for which application threads were stopped: 0,0000651 seconds, Stopping threads took: 0,0000075 seconds
2018-06-19T14:42:05.732+0200: 20,950: Total time for which application threads were stopped: 0,0000657 seconds, Stopping threads took: 0,0000072 seconds
2018-06-19T14:42:05.749+0200: 20,967: Total time for which application threads were stopped: 0,0031185 seconds, Stopping threads took: 0,0029717 seconds
2018-06-19T14:42:05.784+0200: 21,003: Total time for which application threads were stopped: 0,0001562 seconds, Stopping threads took: 0,0000737 seconds
2018-06-19T14:42:05.786+0200: 21,005: Total time for which application threads were stopped: 0,0001455 seconds, Stopping threads took: 0,0000370 seconds
2018-06-19T14:42:05.788+0200: 21,006: Total time for which application threads were stopped: 0,0001093 seconds, Stopping threads took: 0,0000223 seconds
2018-06-19T14:42:05.788+0200: 21,007: Total time for which application threads were stopped: 0,0000673 seconds, Stopping threads took: 0,0000142 seconds
2018-06-19T14:42:09.466+0200: 24,684: Total time for which application threads were stopped: 0,0001220 seconds, Stopping threads took: 0,0000290 seconds
2018-06-19T14:42:09.466+0200: 24,684: Total time for which application threads were stopped: 0,0000990 seconds, Stopping threads took: 0,0000439 seconds
2018-06-19T14:42:09.466+0200: 24,684: Total time for which application threads were stopped: 0,0000692 seconds, Stopping threads took: 0,0000253 seconds
2018-06-19T14:42:09.467+0200: 24,685: Total time for which application threads were stopped: 0,0005926 seconds, Stopping threads took: 0,0004715 seconds
2018-06-19T14:42:10.467+0200: 25,685: Total time for which application threads were stopped: 0,0001171 seconds, Stopping threads took: 0,0000189 seconds
2018-06-19T14:42:14.562+0200: 29,780: Total time for which application threads were stopped: 0,0002218 seconds, Stopping threads took: 0,0000821 seconds
2018-06-19T14:42:15.562+0200: 30,780: Total time for which application threads were stopped: 0,0001002 seconds, Stopping threads took: 0,0000259 seconds
2018-06-19T14:42:19.414+0200: 34,633: Total time for which application threads were stopped: 0,0001228 seconds, Stopping threads took: 0,0000459 seconds
2018-06-19T14:42:20.414+0200: 35,633: Total time for which application threads were stopped: 0,0001088 seconds, Stopping threads took: 0,0000250 seconds
2018-06-19T14:43:05.732+0200: 80,951: Total time for which application threads were stopped: 0,0001591 seconds, Stopping threads took: 0,0000546 seconds
2018-06-19T14:43:05.734+0200: 80,952: Total time for which application threads were stopped: 0,0001144 seconds, Stopping threads took: 0,0000323 seconds
2018-06-19T14:43:09.911+0200: 85,129: Total time for which application threads were stopped: 0,0000798 seconds, Stopping threads took: 0,0000190 seconds
2018-06-19T14:43:09.911+0200: 85,129: Total time for which application threads were stopped: 0,0000515 seconds, Stopping threads took: 0,0000176 seconds
2018-06-19T14:43:09.911+0200: 85,130: Total time for which application threads were stopped: 0,0000666 seconds, Stopping threads took: 0,0000275 seconds
2018-06-19T14:43:10.671+0200: 85,890: Total time for which application threads were stopped: 0,0001917 seconds, Stopping threads took: 0,0000385 seconds
2018-06-19T14:43:10.675+0200: 85,894: Total time for which application threads were stopped: 0,0002086 seconds, Stopping threads took: 0,0000716 seconds
2018-06-19T14:43:14.714+0200: 89,932: Total time for which application threads were stopped: 0,0001478 seconds, Stopping threads took: 0,0000502 seconds
2018-06-19T14:43:14.714+0200: 89,933: Total time for which application threads were stopped: 0,0001795 seconds, Stopping threads took: 0,0000839 seconds
2018-06-19T14:43:14.715+0200: 89,933: Total time for which application threads were stopped: 0,0000908 seconds, Stopping threads took: 0,0000185 seconds
2018-06-19T14:43:14.715+0200: 89,934: Total time for which application threads were stopped: 0,0001925 seconds, Stopping threads took: 0,0000498 seconds
2018-06-19T14:43:14.716+0200: 89,934: Total time for which application threads were stopped: 0,0000765 seconds, Stopping threads took: 0,0000129 seconds
2018-06-19T14:43:14.716+0200: 89,934: Total time for which application threads were stopped: 0,0000688 seconds, Stopping threads took: 0,0000332 seconds
2018-06-19T14:43:14.716+0200: 89,935: Total time for which application threads were stopped: 0,0000842 seconds, Stopping threads took: 0,0000152 seconds
2018-06-19T14:43:15.496+0200: 90,715: Total time for which application threads were stopped: 0,0001590 seconds, Stopping threads took: 0,0000432 seconds
2018-06-19T14:43:15.497+0200: 90,715: Total time for which application threads were stopped: 0,0000829 seconds, Stopping threads took: 0,0000210 seconds
2018-06-19T14:43:15.497+0200: 90,715: Total time for which application threads were stopped: 0,0000636 seconds, Stopping threads took: 0,0000083 seconds
2018-06-19T14:43:15.497+0200: 90,715: Total time for which application threads were stopped: 0,0002879 seconds, Stopping threads took: 0,0000077 seconds
2018-06-19T14:43:15.498+0200: 90,717: Total time for which application threads were stopped: 0,0000939 seconds, Stopping threads took: 0,0000289 seconds
2018-06-19T14:43:15.498+0200: 90,717: Total time for which application threads were stopped: 0,0000805 seconds, Stopping threads took: 0,0000334 seconds
2018-06-19T14:43:15.499+0200: 90,717: Total time for which application threads were stopped: 0,0000678 seconds, Stopping threads took: 0,0000166 seconds
2018-06-19T14:43:15.499+0200: 90,718: Total time for which application threads were stopped: 0,0000345 seconds, Stopping threads took: 0,0000066 seconds
2018-06-19T14:43:15.499+0200: 90,718: Total time for which application threads were stopped: 0,0000306 seconds, Stopping threads took: 0,0000065 seconds
2018-06-19T14:43:15.499+0200: 90,718: Total time for which application threads were stopped: 0,0000448 seconds, Stopping threads took: 0,0000104 seconds
2018-06-19T14:43:15.500+0200: 90,718: Total time for which application threads were stopped: 0,0000642 seconds, Stopping threads took: 0,0000138 seconds
2018-06-19T14:43:15.500+0200: 90,718: Total time for which application threads were stopped: 0,0000363 seconds, Stopping threads took: 0,0000111 seconds
2018-06-19T14:43:15.500+0200: 90,719: Total time for which application threads were stopped: 0,0000327 seconds, Stopping threads took: 0,0000089 seconds
2018-06-19T14:43:15.500+0200: 90,719: Total time for which application threads were stopped: 0,0000446 seconds, Stopping threads took: 0,0000128 seconds
2018-06-19T14:43:15.501+0200: 90,719: Total time for which application threads were stopped: 0,0000753 seconds, Stopping threads took: 0,0000207 seconds
2018-06-19T14:43:15.502+0200: 90,721: Total time for which application threads were stopped: 0,0000899 seconds, Stopping threads took: 0,0000263 seconds
2018-06-19T14:43:15.502+0200: 90,721: Total time for which application threads were stopped: 0,0000426 seconds, Stopping threads took: 0,0000095 seconds
2018-06-19T14:43:15.502+0200: 90,721: Total time for which application threads were stopped: 0,0000447 seconds, Stopping threads took: 0,0000094 seconds
2018-06-19T14:43:15.503+0200: 90,721: Total time for which application threads were stopped: 0,0000758 seconds, Stopping threads took: 0,0000203 seconds
2018-06-19T14:43:15.503+0200: 90,722: Total time for which application threads were stopped: 0,0000593 seconds, Stopping threads took: 0,0000194 seconds
2018-06-19T14:43:15.503+0200: 90,722: Total time for which application threads were stopped: 0,0000429 seconds, Stopping threads took: 0,0000091 seconds
2018-06-19T14:43:15.504+0200: 90,722: Total time for which application threads were stopped: 0,0000657 seconds, Stopping threads took: 0,0000153 seconds
2018-06-19T14:43:15.505+0200: 90,724: Total time for which application threads were stopped: 0,0001172 seconds, Stopping threads took: 0,0000309 seconds
2018-06-19T14:43:15.505+0200: 90,724: Total time for which application threads were stopped: 0,0000500 seconds, Stopping threads took: 0,0000088 seconds
2018-06-19T14:43:15.505+0200: 90,724: Total time for which application threads were stopped: 0,0000427 seconds, Stopping threads took: 0,0000081 seconds
2018-06-19T14:43:15.506+0200: 90,724: Total time for which application threads were stopped: 0,0000379 seconds, Stopping threads took: 0,0000079 seconds
2018-06-19T14:43:15.506+0200: 90,724: Total time for which application threads were stopped: 0,0000410 seconds, Stopping threads took: 0,0000080 seconds
2018-06-19T14:43:15.508+0200: 90,726: Total time for which application threads were stopped: 0,0001492 seconds, Stopping threads took: 0,0000535 seconds
2018-06-19T14:43:15.508+0200: 90,727: Total time for which application threads were stopped: 0,0001192 seconds, Stopping threads took: 0,0000389 seconds
2018-06-19T14:43:15.508+0200: 90,727: Total time for which application threads were stopped: 0,0000922 seconds, Stopping threads took: 0,0000178 seconds
2018-06-19T14:43:15.508+0200: 90,727: Total time for which application threads were stopped: 0,0000947 seconds, Stopping threads took: 0,0000296 seconds
2018-06-19T14:43:15.508+0200: 90,727: Total time for which application threads were stopped: 0,0000910 seconds, Stopping threads took: 0,0000274 seconds
2018-06-19T14:43:15.559+0200: 90,777: Total time for which application threads were stopped: 0,0001288 seconds, Stopping threads took: 0,0000364 seconds
2018-06-19T14:43:15.560+0200: 90,778: Total time for which application threads were stopped: 0,0001558 seconds, Stopping threads took: 0,0000745 seconds
2018-06-19T14:43:22.561+0200: 97,779: Total time for which application threads were stopped: 0,0001092 seconds, Stopping threads took: 0,0000226 seconds
2018-06-19T14:43:26.204+0200: 101,422: Total time for which application threads were stopped: 0,0005408 seconds, Stopping threads took: 0,0000229 seconds
2018-06-19T14:43:26.205+0200: 101,423: Total time for which application threads were stopped: 0,0005531 seconds, Stopping threads took: 0,0000127 seconds
2018-06-19T14:43:26.208+0200: 101,427: Total time for which application threads were stopped: 0,0001338 seconds, Stopping threads took: 0,0000587 seconds
2018-06-19T14:43:26.208+0200: 101,427: Total time for which application threads were stopped: 0,0000632 seconds, Stopping threads took: 0,0000241 seconds
2018-06-19T14:43:26.209+0200: 101,428: Total time for which application threads were stopped: 0,0005141 seconds, Stopping threads took: 0,0004527 seconds
2018-06-19T14:43:26.210+0200: 101,428: Total time for which application threads were stopped: 0,0000567 seconds, Stopping threads took: 0,0000135 seconds
2018-06-19T14:43:26.211+0200: 101,429: Total time for which application threads were stopped: 0,0001195 seconds, Stopping threads took: 0,0000368 seconds
2018-06-19T14:43:26.219+0200: 101,437: Total time for which application threads were stopped: 0,0030138 seconds, Stopping threads took: 0,0029424 seconds
2018-06-19T14:43:26.227+0200: 101,446: Total time for which application threads were stopped: 0,0002687 seconds, Stopping threads took: 0,0001120 seconds
2018-06-19T14:43:26.227+0200: 101,446: Total time for which application threads were stopped: 0,0001272 seconds, Stopping threads took: 0,0000400 seconds
2018-06-19T14:43:26.232+0200: 101,451: Total time for which application threads were stopped: 0,0001460 seconds, Stopping threads took: 0,0000514 seconds
2018-06-19T14:43:26.233+0200: 101,451: Total time for which application threads were stopped: 0,0000847 seconds, Stopping threads took: 0,0000251 seconds
2018-06-19T14:43:26.233+0200: 101,451: Total time for which application threads were stopped: 0,0000689 seconds, Stopping threads took: 0,0000220 seconds
2018-06-19T14:43:26.233+0200: 101,451: Total time for which application threads were stopped: 0,0000631 seconds, Stopping threads took: 0,0000228 seconds
2018-06-19T14:43:26.233+0200: 101,451: Total time for which application threads were stopped: 0,0000936 seconds, Stopping threads took: 0,0000523 seconds
2018-06-19T14:43:26.233+0200: 101,451: Total time for which application threads were stopped: 0,0000834 seconds, Stopping threads took: 0,0000333 seconds
2018-06-19T14:43:26.235+0200: 101,453: Total time for which application threads were stopped: 0,0016517 seconds, Stopping threads took: 0,0015993 seconds
2018-06-19T14:43:26.235+0200: 101,453: Total time for which application threads were stopped: 0,0001720 seconds, Stopping threads took: 0,0001229 seconds
2018-06-19T14:43:26.235+0200: 101,453: Total time for which application threads were stopped: 0,0000545 seconds, Stopping threads took: 0,0000261 seconds
2018-06-19T14:43:26.235+0200: 101,453: Total time for which application threads were stopped: 0,0000592 seconds, Stopping threads took: 0,0000098 seconds
2018-06-19T14:43:26.235+0200: 101,454: Total time for which application threads were stopped: 0,0003110 seconds, Stopping threads took: 0,0000113 seconds
2018-06-19T14:43:26.238+0200: 101,456: Total time for which application threads were stopped: 0,0005008 seconds, Stopping threads took: 0,0004177 seconds
2018-06-19T14:43:26.239+0200: 101,457: Total time for which application threads were stopped: 0,0001084 seconds, Stopping threads took: 0,0000420 seconds
2018-06-19T14:43:26.246+0200: 101,465: Total time for which application threads were stopped: 0,0001655 seconds, Stopping threads took: 0,0000529 seconds
2018-06-19T14:43:26.248+0200: 101,467: Total time for which application threads were stopped: 0,0001625 seconds, Stopping threads took: 0,0000708 seconds
Heap
 par new generation   total 109248K, used 67526K [0x00000000e0000000, 0x00000000e8000000, 0x00000000e8000000)
  eden space 87424K,  63% used [0x00000000e0000000, 0x00000000e3603be8, 0x00000000e5560000)
  from space 21824K,  55% used [0x00000000e6ab0000, 0x00000000e769df40, 0x00000000e8000000)
  to   space 21824K,   0% used [0x00000000e5560000, 0x00000000e5560000, 0x00000000e6ab0000)
 concurrent mark-sweep generation total 393216K, used 38828K [0x00000000e8000000, 0x0000000100000000, 0x0000000100000000)
 Metaspace       used 32101K, capacity 32892K, committed 33072K, reserved 1079296K
  class space    used 3607K, capacity 3823K, committed 3888K, reserved 1048576K
