OpenJDK 64-Bit Server VM (25.171-b11) for linux-amd64 JRE (1.8.0_171-8u171-b11-0ubuntu0.16.04.1-b11), built on Apr 27 2018 17:19:03 by "buildd" with gcc 5.4.0 20160609
Memory: 4k page, physical 7867600k(806188k free), swap 8076284k(8010324k free)
CommandLine flags: -XX:CMSInitiatingOccupancyFraction=50 -XX:CMSMaxAbortablePrecleanTime=6000 -XX:+CMSParallelRemarkEnabled -XX:+CMSScavengeBeforeRemark -XX:ConcGCThreads=4 -XX:InitialHeapSize=536870912 -XX:MaxHeapSize=536870912 -XX:MaxTenuringThreshold=8 -XX:NewRatio=3 -XX:OldPLABSize=16 -XX:OnOutOfMemoryError=/home/gurnoor/workspace/QTM/solr/bin/oom_solr.sh 8983 /home/gurnoor/workspace/QTM/solr/server/logs -XX:ParallelGCThreads=4 -XX:+ParallelRefProcEnabled -XX:PretenureSizeThreshold=67108864 -XX:+PrintGC -XX:+PrintGCApplicationStoppedTime -XX:+PrintGCDateStamps -XX:+PrintGCDetails -XX:+PrintGCTimeStamps -XX:+PrintHeapAtGC -XX:+PrintTenuringDistribution -XX:SurvivorRatio=4 -XX:TargetSurvivorRatio=90 -XX:ThreadStackSize=256 -XX:+UseCMSInitiatingOccupancyOnly -XX:+UseCompressedClassPointers -XX:+UseCompressedOops -XX:+UseConcMarkSweepGC -XX:+UseParNewGC 
2018-06-19T15:03:30.304+0200: 0,156: Total time for which application threads were stopped: 0,0000746 seconds, Stopping threads took: 0,0000144 seconds
2018-06-19T15:03:30.385+0200: 0,237: Total time for which application threads were stopped: 0,0001145 seconds, Stopping threads took: 0,0000245 seconds
2018-06-19T15:03:30.397+0200: 0,250: Total time for which application threads were stopped: 0,0000967 seconds, Stopping threads took: 0,0000236 seconds
2018-06-19T15:03:30.539+0200: 0,391: Total time for which application threads were stopped: 0,0001608 seconds, Stopping threads took: 0,0000222 seconds
2018-06-19T15:03:30.772+0200: 0,625: Total time for which application threads were stopped: 0,0001462 seconds, Stopping threads took: 0,0000156 seconds
2018-06-19T15:03:30.838+0200: 0,690: Total time for which application threads were stopped: 0,0001483 seconds, Stopping threads took: 0,0000126 seconds
2018-06-19T15:03:30.859+0200: 0,712: Total time for which application threads were stopped: 0,0002089 seconds, Stopping threads took: 0,0000261 seconds
2018-06-19T15:03:31.145+0200: 0,997: Total time for which application threads were stopped: 0,0009755 seconds, Stopping threads took: 0,0001039 seconds
2018-06-19T15:03:31.355+0200: 1,208: Total time for which application threads were stopped: 0,0002367 seconds, Stopping threads took: 0,0000223 seconds
2018-06-19T15:03:31.375+0200: 1,228: Total time for which application threads were stopped: 0,0001963 seconds, Stopping threads took: 0,0000160 seconds
2018-06-19T15:03:31.399+0200: 1,252: Total time for which application threads were stopped: 0,0002947 seconds, Stopping threads took: 0,0000462 seconds
2018-06-19T15:03:31.401+0200: 1,253: Total time for which application threads were stopped: 0,0002451 seconds, Stopping threads took: 0,0000363 seconds
2018-06-19T15:03:31.414+0200: 1,267: Total time for which application threads were stopped: 0,0002677 seconds, Stopping threads took: 0,0000259 seconds
2018-06-19T15:03:31.490+0200: 1,342: Total time for which application threads were stopped: 0,0002843 seconds, Stopping threads took: 0,0000289 seconds
{Heap before GC invocations=0 (full 0):
 par new generation   total 109248K, used 87424K [0x00000000e0000000, 0x00000000e8000000, 0x00000000e8000000)
  eden space 87424K, 100% used [0x00000000e0000000, 0x00000000e5560000, 0x00000000e5560000)
  from space 21824K,   0% used [0x00000000e5560000, 0x00000000e5560000, 0x00000000e6ab0000)
  to   space 21824K,   0% used [0x00000000e6ab0000, 0x00000000e6ab0000, 0x00000000e8000000)
 concurrent mark-sweep generation total 393216K, used 0K [0x00000000e8000000, 0x0000000100000000, 0x0000000100000000)
 Metaspace       used 17402K, capacity 17704K, committed 17792K, reserved 1064960K
  class space    used 1974K, capacity 2134K, committed 2176K, reserved 1048576K
2018-06-19T15:03:31.635+0200: 1,487: [GC (Allocation Failure) 2018-06-19T15:03:31.635+0200: 1,487: [ParNew
Desired survivor size 20112992 bytes, new threshold 8 (max 8)
- age   1:   10724712 bytes,   10724712 total
: 87424K->10578K(109248K), 0,0141016 secs] 87424K->10578K(502464K), 0,0141888 secs] [Times: user=0,04 sys=0,00, real=0,01 secs] 
Heap after GC invocations=1 (full 0):
 par new generation   total 109248K, used 10578K [0x00000000e0000000, 0x00000000e8000000, 0x00000000e8000000)
  eden space 87424K,   0% used [0x00000000e0000000, 0x00000000e0000000, 0x00000000e5560000)
  from space 21824K,  48% used [0x00000000e6ab0000, 0x00000000e7504a10, 0x00000000e8000000)
  to   space 21824K,   0% used [0x00000000e5560000, 0x00000000e5560000, 0x00000000e6ab0000)
 concurrent mark-sweep generation total 393216K, used 0K [0x00000000e8000000, 0x0000000100000000, 0x0000000100000000)
 Metaspace       used 17402K, capacity 17704K, committed 17792K, reserved 1064960K
  class space    used 1974K, capacity 2134K, committed 2176K, reserved 1048576K
}
2018-06-19T15:03:31.649+0200: 1,502: Total time for which application threads were stopped: 0,0149200 seconds, Stopping threads took: 0,0005765 seconds
2018-06-19T15:03:31.657+0200: 1,509: Total time for which application threads were stopped: 0,0003580 seconds, Stopping threads took: 0,0001198 seconds
2018-06-19T15:03:32.057+0200: 1,910: Total time for which application threads were stopped: 0,0005363 seconds, Stopping threads took: 0,0000466 seconds
{Heap before GC invocations=1 (full 0):
 par new generation   total 109248K, used 98002K [0x00000000e0000000, 0x00000000e8000000, 0x00000000e8000000)
  eden space 87424K, 100% used [0x00000000e0000000, 0x00000000e5560000, 0x00000000e5560000)
  from space 21824K,  48% used [0x00000000e6ab0000, 0x00000000e7504a10, 0x00000000e8000000)
  to   space 21824K,   0% used [0x00000000e5560000, 0x00000000e5560000, 0x00000000e6ab0000)
 concurrent mark-sweep generation total 393216K, used 0K [0x00000000e8000000, 0x0000000100000000, 0x0000000100000000)
 Metaspace       used 20116K, capacity 20492K, committed 20736K, reserved 1067008K
  class space    used 2297K, capacity 2468K, committed 2560K, reserved 1048576K
2018-06-19T15:03:32.120+0200: 1,973: [GC (Allocation Failure) 2018-06-19T15:03:32.120+0200: 1,973: [ParNew
Desired survivor size 20112992 bytes, new threshold 8 (max 8)
- age   1:    4140152 bytes,    4140152 total
- age   2:    5449216 bytes,    9589368 total
: 98002K->11827K(109248K), 0,0134866 secs] 98002K->11827K(502464K), 0,0135703 secs] [Times: user=0,05 sys=0,01, real=0,02 secs] 
Heap after GC invocations=2 (full 0):
 par new generation   total 109248K, used 11827K [0x00000000e0000000, 0x00000000e8000000, 0x00000000e8000000)
  eden space 87424K,   0% used [0x00000000e0000000, 0x00000000e0000000, 0x00000000e5560000)
  from space 21824K,  54% used [0x00000000e5560000, 0x00000000e60ecfb0, 0x00000000e6ab0000)
  to   space 21824K,   0% used [0x00000000e6ab0000, 0x00000000e6ab0000, 0x00000000e8000000)
 concurrent mark-sweep generation total 393216K, used 0K [0x00000000e8000000, 0x0000000100000000, 0x0000000100000000)
 Metaspace       used 20116K, capacity 20492K, committed 20736K, reserved 1067008K
  class space    used 2297K, capacity 2468K, committed 2560K, reserved 1048576K
}
2018-06-19T15:03:32.134+0200: 1,986: Total time for which application threads were stopped: 0,0139104 seconds, Stopping threads took: 0,0001394 seconds
2018-06-19T15:03:32.142+0200: 1,994: Total time for which application threads were stopped: 0,0003948 seconds, Stopping threads took: 0,0000827 seconds
2018-06-19T15:03:32.185+0200: 2,038: Total time for which application threads were stopped: 0,0003888 seconds, Stopping threads took: 0,0000561 seconds
2018-06-19T15:03:32.308+0200: 2,161: Total time for which application threads were stopped: 0,0002453 seconds, Stopping threads took: 0,0000505 seconds
{Heap before GC invocations=2 (full 0):
 par new generation   total 109248K, used 99251K [0x00000000e0000000, 0x00000000e8000000, 0x00000000e8000000)
  eden space 87424K, 100% used [0x00000000e0000000, 0x00000000e5560000, 0x00000000e5560000)
  from space 21824K,  54% used [0x00000000e5560000, 0x00000000e60ecfb0, 0x00000000e6ab0000)
  to   space 21824K,   0% used [0x00000000e6ab0000, 0x00000000e6ab0000, 0x00000000e8000000)
 concurrent mark-sweep generation total 393216K, used 0K [0x00000000e8000000, 0x0000000100000000, 0x0000000100000000)
 Metaspace       used 21032K, capacity 21420K, committed 21628K, reserved 1069056K
  class space    used 2421K, capacity 2588K, committed 2684K, reserved 1048576K
2018-06-19T15:03:32.367+0200: 2,219: [GC (Allocation Failure) 2018-06-19T15:03:32.367+0200: 2,219: [ParNew
Desired survivor size 20112992 bytes, new threshold 8 (max 8)
- age   1:    2012208 bytes,    2012208 total
- age   2:    1510736 bytes,    3522944 total
- age   3:    5448528 bytes,    8971472 total
: 99251K->13069K(109248K), 0,0222651 secs] 99251K->13069K(502464K), 0,0224984 secs] [Times: user=0,06 sys=0,00, real=0,02 secs] 
Heap after GC invocations=3 (full 0):
 par new generation   total 109248K, used 13069K [0x00000000e0000000, 0x00000000e8000000, 0x00000000e8000000)
  eden space 87424K,   0% used [0x00000000e0000000, 0x00000000e0000000, 0x00000000e5560000)
  from space 21824K,  59% used [0x00000000e6ab0000, 0x00000000e77736c0, 0x00000000e8000000)
  to   space 21824K,   0% used [0x00000000e5560000, 0x00000000e5560000, 0x00000000e6ab0000)
 concurrent mark-sweep generation total 393216K, used 0K [0x00000000e8000000, 0x0000000100000000, 0x0000000100000000)
 Metaspace       used 21032K, capacity 21420K, committed 21628K, reserved 1069056K
  class space    used 2421K, capacity 2588K, committed 2684K, reserved 1048576K
}
2018-06-19T15:03:32.389+0200: 2,242: Total time for which application threads were stopped: 0,0229041 seconds, Stopping threads took: 0,0000649 seconds
2018-06-19T15:03:32.394+0200: 2,246: [GC (CMS Initial Mark) [1 CMS-initial-mark: 0K(393216K)] 14578K(502464K), 0,0058915 secs] [Times: user=0,01 sys=0,00, real=0,00 secs] 
2018-06-19T15:03:32.400+0200: 2,252: Total time for which application threads were stopped: 0,0061048 seconds, Stopping threads took: 0,0000662 seconds
2018-06-19T15:03:32.400+0200: 2,252: [CMS-concurrent-mark-start]
2018-06-19T15:03:32.407+0200: 2,260: [CMS-concurrent-mark: 0,008/0,008 secs] [Times: user=0,03 sys=0,00, real=0,01 secs] 
2018-06-19T15:03:32.407+0200: 2,260: [CMS-concurrent-preclean-start]
2018-06-19T15:03:32.410+0200: 2,262: [CMS-concurrent-preclean: 0,002/0,002 secs] [Times: user=0,01 sys=0,00, real=0,00 secs] 
2018-06-19T15:03:32.410+0200: 2,262: [CMS-concurrent-abortable-preclean-start]
2018-06-19T15:03:32.473+0200: 2,325: Total time for which application threads were stopped: 0,0007417 seconds, Stopping threads took: 0,0006305 seconds
{Heap before GC invocations=3 (full 1):
 par new generation   total 109248K, used 100493K [0x00000000e0000000, 0x00000000e8000000, 0x00000000e8000000)
  eden space 87424K, 100% used [0x00000000e0000000, 0x00000000e5560000, 0x00000000e5560000)
  from space 21824K,  59% used [0x00000000e6ab0000, 0x00000000e77736c0, 0x00000000e8000000)
  to   space 21824K,   0% used [0x00000000e5560000, 0x00000000e5560000, 0x00000000e6ab0000)
 concurrent mark-sweep generation total 393216K, used 0K [0x00000000e8000000, 0x0000000100000000, 0x0000000100000000)
 Metaspace       used 21295K, capacity 21702K, committed 21884K, reserved 1069056K
  class space    used 2450K, capacity 2604K, committed 2684K, reserved 1048576K
2018-06-19T15:03:32.571+0200: 2,423: [GC (Allocation Failure) 2018-06-19T15:03:32.571+0200: 2,423: [ParNew
Desired survivor size 20112992 bytes, new threshold 8 (max 8)
- age   1:     867448 bytes,     867448 total
- age   2:    1459248 bytes,    2326696 total
- age   3:    1507064 bytes,    3833760 total
- age   4:    5448808 bytes,    9282568 total
: 100493K->10927K(109248K), 0,0101300 secs] 100493K->10927K(502464K), 0,0103302 secs] [Times: user=0,04 sys=0,00, real=0,00 secs] 
Heap after GC invocations=4 (full 1):
 par new generation   total 109248K, used 10927K [0x00000000e0000000, 0x00000000e8000000, 0x00000000e8000000)
  eden space 87424K,   0% used [0x00000000e0000000, 0x00000000e0000000, 0x00000000e5560000)
  from space 21824K,  50% used [0x00000000e5560000, 0x00000000e600be00, 0x00000000e6ab0000)
  to   space 21824K,   0% used [0x00000000e6ab0000, 0x00000000e6ab0000, 0x00000000e8000000)
 concurrent mark-sweep generation total 393216K, used 0K [0x00000000e8000000, 0x0000000100000000, 0x0000000100000000)
 Metaspace       used 21295K, capacity 21702K, committed 21884K, reserved 1069056K
  class space    used 2450K, capacity 2604K, committed 2684K, reserved 1048576K
}
2018-06-19T15:03:32.581+0200: 2,434: Total time for which application threads were stopped: 0,0134138 seconds, Stopping threads took: 0,0027432 seconds
{Heap before GC invocations=4 (full 1):
 par new generation   total 109248K, used 98351K [0x00000000e0000000, 0x00000000e8000000, 0x00000000e8000000)
  eden space 87424K, 100% used [0x00000000e0000000, 0x00000000e5560000, 0x00000000e5560000)
  from space 21824K,  50% used [0x00000000e5560000, 0x00000000e600be00, 0x00000000e6ab0000)
  to   space 21824K,   0% used [0x00000000e6ab0000, 0x00000000e6ab0000, 0x00000000e8000000)
 concurrent mark-sweep generation total 393216K, used 0K [0x00000000e8000000, 0x0000000100000000, 0x0000000100000000)
 Metaspace       used 21452K, capacity 21798K, committed 21884K, reserved 1069056K
  class space    used 2470K, capacity 2636K, committed 2684K, reserved 1048576K
2018-06-19T15:03:32.717+0200: 2,570: [GC (Allocation Failure) 2018-06-19T15:03:32.717+0200: 2,570: [ParNew
Desired survivor size 20112992 bytes, new threshold 8 (max 8)
- age   1:    1215072 bytes,    1215072 total
- age   2:     185256 bytes,    1400328 total
- age   3:    1459088 bytes,    2859416 total
- age   4:    1504984 bytes,    4364400 total
- age   5:    5448704 bytes,    9813104 total
: 98351K->14287K(109248K), 0,0092806 secs] 98351K->14287K(502464K), 0,0093626 secs] [Times: user=0,04 sys=0,00, real=0,01 secs] 
Heap after GC invocations=5 (full 1):
 par new generation   total 109248K, used 14287K [0x00000000e0000000, 0x00000000e8000000, 0x00000000e8000000)
  eden space 87424K,   0% used [0x00000000e0000000, 0x00000000e0000000, 0x00000000e5560000)
  from space 21824K,  65% used [0x00000000e6ab0000, 0x00000000e78a3f80, 0x00000000e8000000)
  to   space 21824K,   0% used [0x00000000e5560000, 0x00000000e5560000, 0x00000000e6ab0000)
 concurrent mark-sweep generation total 393216K, used 0K [0x00000000e8000000, 0x0000000100000000, 0x0000000100000000)
 Metaspace       used 21452K, capacity 21798K, committed 21884K, reserved 1069056K
  class space    used 2470K, capacity 2636K, committed 2684K, reserved 1048576K
}
2018-06-19T15:03:32.727+0200: 2,579: Total time for which application threads were stopped: 0,0095643 seconds, Stopping threads took: 0,0000368 seconds
2018-06-19T15:03:32.768+0200: 2,620: Total time for which application threads were stopped: 0,0001145 seconds, Stopping threads took: 0,0000328 seconds
2018-06-19T15:03:32.768+0200: 2,620: Total time for which application threads were stopped: 0,0001172 seconds, Stopping threads took: 0,0000710 seconds
2018-06-19T15:03:32.768+0200: 2,621: Total time for which application threads were stopped: 0,0001112 seconds, Stopping threads took: 0,0000648 seconds
2018-06-19T15:03:32.782+0200: 2,634: Total time for which application threads were stopped: 0,0003271 seconds, Stopping threads took: 0,0000214 seconds
2018-06-19T15:03:32.823+0200: 2,675: Total time for which application threads were stopped: 0,0001471 seconds, Stopping threads took: 0,0000431 seconds
2018-06-19T15:03:32.853+0200: 2,706: Total time for which application threads were stopped: 0,0001631 seconds, Stopping threads took: 0,0000438 seconds
2018-06-19T15:03:32.855+0200: 2,708: Total time for which application threads were stopped: 0,0001415 seconds, Stopping threads took: 0,0000777 seconds
2018-06-19T15:03:33.036+0200: 2,889: Total time for which application threads were stopped: 0,0002634 seconds, Stopping threads took: 0,0001044 seconds
2018-06-19T15:03:33.043+0200: 2,895: Total time for which application threads were stopped: 0,0001435 seconds, Stopping threads took: 0,0000613 seconds
2018-06-19T15:03:33.118+0200: 2,971: Total time for which application threads were stopped: 0,0001229 seconds, Stopping threads took: 0,0000184 seconds
2018-06-19T15:03:33.124+0200: 2,977: Total time for which application threads were stopped: 0,0004328 seconds, Stopping threads took: 0,0000542 seconds
2018-06-19T15:03:33.137+0200: 2,989: Total time for which application threads were stopped: 0,0004193 seconds, Stopping threads took: 0,0000433 seconds
2018-06-19T15:03:33.151+0200: 3,004: Total time for which application threads were stopped: 0,0000971 seconds, Stopping threads took: 0,0000228 seconds
2018-06-19T15:03:33.181+0200: 3,033: Total time for which application threads were stopped: 0,0001553 seconds, Stopping threads took: 0,0000642 seconds
2018-06-19T15:03:33.210+0200: 3,063: Total time for which application threads were stopped: 0,0001517 seconds, Stopping threads took: 0,0000329 seconds
2018-06-19T15:03:33.210+0200: 3,063: [CMS-concurrent-abortable-preclean: 0,538/0,801 secs] [Times: user=2,76 sys=0,02, real=0,80 secs] 
2018-06-19T15:03:33.211+0200: 3,063: [GC (CMS Final Remark) [YG occupancy: 61751 K (109248 K)]{Heap before GC invocations=5 (full 1):
 par new generation   total 109248K, used 61751K [0x00000000e0000000, 0x00000000e8000000, 0x00000000e8000000)
  eden space 87424K,  54% used [0x00000000e0000000, 0x00000000e2e59ce8, 0x00000000e5560000)
  from space 21824K,  65% used [0x00000000e6ab0000, 0x00000000e78a3f80, 0x00000000e8000000)
  to   space 21824K,   0% used [0x00000000e5560000, 0x00000000e5560000, 0x00000000e6ab0000)
 concurrent mark-sweep generation total 393216K, used 0K [0x00000000e8000000, 0x0000000100000000, 0x0000000100000000)
 Metaspace       used 23786K, capacity 24244K, committed 24540K, reserved 1071104K
  class space    used 2794K, capacity 2981K, committed 3040K, reserved 1048576K
2018-06-19T15:03:33.211+0200: 3,063: [GC (CMS Final Remark) 2018-06-19T15:03:33.211+0200: 3,063: [ParNew
Desired survivor size 20112992 bytes, new threshold 8 (max 8)
- age   1:    3494032 bytes,    3494032 total
- age   2:     113136 bytes,    3607168 total
- age   3:     183816 bytes,    3790984 total
- age   4:     290008 bytes,    4080992 total
- age   5:    1485976 bytes,    5566968 total
- age   6:    5443296 bytes,   11010264 total
: 61751K->12678K(109248K), 0,0095593 secs] 61751K->12678K(502464K), 0,0096022 secs] [Times: user=0,03 sys=0,00, real=0,01 secs] 
Heap after GC invocations=6 (full 1):
 par new generation   total 109248K, used 12678K [0x00000000e0000000, 0x00000000e8000000, 0x00000000e8000000)
  eden space 87424K,   0% used [0x00000000e0000000, 0x00000000e0000000, 0x00000000e5560000)
  from space 21824K,  58% used [0x00000000e5560000, 0x00000000e61c1830, 0x00000000e6ab0000)
  to   space 21824K,   0% used [0x00000000e6ab0000, 0x00000000e6ab0000, 0x00000000e8000000)
 concurrent mark-sweep generation total 393216K, used 0K [0x00000000e8000000, 0x0000000100000000, 0x0000000100000000)
 Metaspace       used 23786K, capacity 24244K, committed 24540K, reserved 1071104K
  class space    used 2794K, capacity 2981K, committed 3040K, reserved 1048576K
}
2018-06-19T15:03:33.220+0200: 3,073: [Rescan (parallel) , 0,0029867 secs]2018-06-19T15:03:33.223+0200: 3,076: [weak refs processing, 0,0009123 secs]2018-06-19T15:03:33.224+0200: 3,077: [class unloading, 0,0034540 secs]2018-06-19T15:03:33.228+0200: 3,080: [scrub symbol table, 0,0031359 secs]2018-06-19T15:03:33.231+0200: 3,083: [scrub string table, 0,0004219 secs][1 CMS-remark: 0K(393216K)] 12678K(502464K), 0,0214153 secs] [Times: user=0,05 sys=0,00, real=0,03 secs] 
2018-06-19T15:03:33.232+0200: 3,085: Total time for which application threads were stopped: 0,0216084 seconds, Stopping threads took: 0,0001057 seconds
2018-06-19T15:03:33.232+0200: 3,085: [CMS-concurrent-sweep-start]
2018-06-19T15:03:33.232+0200: 3,085: [CMS-concurrent-sweep: 0,000/0,000 secs] [Times: user=0,00 sys=0,00, real=0,00 secs] 
2018-06-19T15:03:33.232+0200: 3,085: [CMS-concurrent-reset-start]
2018-06-19T15:03:33.235+0200: 3,088: [CMS-concurrent-reset: 0,003/0,003 secs] [Times: user=0,01 sys=0,00, real=0,00 secs] 
2018-06-19T15:03:33.595+0200: 3,447: Total time for which application threads were stopped: 0,0005376 seconds, Stopping threads took: 0,0000331 seconds
2018-06-19T15:03:33.610+0200: 3,463: Total time for which application threads were stopped: 0,0005184 seconds, Stopping threads took: 0,0000671 seconds
2018-06-19T15:03:33.671+0200: 3,523: Total time for which application threads were stopped: 0,0006160 seconds, Stopping threads took: 0,0000859 seconds
2018-06-19T15:03:33.823+0200: 3,676: Total time for which application threads were stopped: 0,0047256 seconds, Stopping threads took: 0,0039048 seconds
{Heap before GC invocations=6 (full 1):
 par new generation   total 109248K, used 100102K [0x00000000e0000000, 0x00000000e8000000, 0x00000000e8000000)
  eden space 87424K, 100% used [0x00000000e0000000, 0x00000000e5560000, 0x00000000e5560000)
  from space 21824K,  58% used [0x00000000e5560000, 0x00000000e61c1830, 0x00000000e6ab0000)
  to   space 21824K,   0% used [0x00000000e6ab0000, 0x00000000e6ab0000, 0x00000000e8000000)
 concurrent mark-sweep generation total 393216K, used 0K [0x00000000e8000000, 0x0000000100000000, 0x0000000100000000)
 Metaspace       used 27907K, capacity 28472K, committed 28740K, reserved 1075200K
  class space    used 3213K, capacity 3387K, committed 3424K, reserved 1048576K
2018-06-19T15:03:33.953+0200: 3,806: [GC (Allocation Failure) 2018-06-19T15:03:33.953+0200: 3,806: [ParNew
Desired survivor size 20112992 bytes, new threshold 7 (max 8)
- age   1:   13846576 bytes,   13846576 total
- age   2:    1641536 bytes,   15488112 total
- age   3:     105312 bytes,   15593424 total
- age   4:     174496 bytes,   15767920 total
- age   5:     267640 bytes,   16035560 total
- age   6:    1422688 bytes,   17458248 total
- age   7:    4880800 bytes,   22339048 total
: 100102K->21824K(109248K), 0,0524555 secs] 100102K->24828K(502464K), 0,0525421 secs] [Times: user=0,13 sys=0,01, real=0,05 secs] 
Heap after GC invocations=7 (full 1):
 par new generation   total 109248K, used 21824K [0x00000000e0000000, 0x00000000e8000000, 0x00000000e8000000)
  eden space 87424K,   0% used [0x00000000e0000000, 0x00000000e0000000, 0x00000000e5560000)
  from space 21824K, 100% used [0x00000000e6ab0000, 0x00000000e8000000, 0x00000000e8000000)
  to   space 21824K,   0% used [0x00000000e5560000, 0x00000000e5560000, 0x00000000e6ab0000)
 concurrent mark-sweep generation total 393216K, used 3004K [0x00000000e8000000, 0x0000000100000000, 0x0000000100000000)
 Metaspace       used 27907K, capacity 28472K, committed 28740K, reserved 1075200K
  class space    used 3213K, capacity 3387K, committed 3424K, reserved 1048576K
}
2018-06-19T15:03:34.006+0200: 3,858: Total time for which application threads were stopped: 0,0528391 seconds, Stopping threads took: 0,0000702 seconds
{Heap before GC invocations=7 (full 1):
 par new generation   total 109248K, used 109248K [0x00000000e0000000, 0x00000000e8000000, 0x00000000e8000000)
  eden space 87424K, 100% used [0x00000000e0000000, 0x00000000e5560000, 0x00000000e5560000)
  from space 21824K, 100% used [0x00000000e6ab0000, 0x00000000e8000000, 0x00000000e8000000)
  to   space 21824K,   0% used [0x00000000e5560000, 0x00000000e5560000, 0x00000000e6ab0000)
 concurrent mark-sweep generation total 393216K, used 3004K [0x00000000e8000000, 0x0000000100000000, 0x0000000100000000)
 Metaspace       used 28004K, capacity 28580K, committed 28740K, reserved 1075200K
  class space    used 3224K, capacity 3421K, committed 3424K, reserved 1048576K
2018-06-19T15:03:34.087+0200: 3,940: [GC (Allocation Failure) 2018-06-19T15:03:34.087+0200: 3,940: [ParNew
Desired survivor size 20112992 bytes, new threshold 8 (max 8)
- age   1:    1567080 bytes,    1567080 total
- age   2:   12413968 bytes,   13981048 total
- age   3:    1641440 bytes,   15622488 total
- age   4:     105312 bytes,   15727800 total
- age   5:     174376 bytes,   15902176 total
- age   6:     267624 bytes,   16169800 total
- age   7:    1422712 bytes,   17592512 total
: 109248K->21022K(109248K), 0,0305771 secs] 112252K->28857K(502464K), 0,0306674 secs] [Times: user=0,10 sys=0,00, real=0,03 secs] 
Heap after GC invocations=8 (full 1):
 par new generation   total 109248K, used 21022K [0x00000000e0000000, 0x00000000e8000000, 0x00000000e8000000)
  eden space 87424K,   0% used [0x00000000e0000000, 0x00000000e0000000, 0x00000000e5560000)
  from space 21824K,  96% used [0x00000000e5560000, 0x00000000e69e7bb8, 0x00000000e6ab0000)
  to   space 21824K,   0% used [0x00000000e6ab0000, 0x00000000e6ab0000, 0x00000000e8000000)
 concurrent mark-sweep generation total 393216K, used 7834K [0x00000000e8000000, 0x0000000100000000, 0x0000000100000000)
 Metaspace       used 28004K, capacity 28580K, committed 28740K, reserved 1075200K
  class space    used 3224K, capacity 3421K, committed 3424K, reserved 1048576K
}
2018-06-19T15:03:34.118+0200: 3,970: Total time for which application threads were stopped: 0,0309499 seconds, Stopping threads took: 0,0000490 seconds
{Heap before GC invocations=8 (full 1):
 par new generation   total 109248K, used 108446K [0x00000000e0000000, 0x00000000e8000000, 0x00000000e8000000)
  eden space 87424K, 100% used [0x00000000e0000000, 0x00000000e5560000, 0x00000000e5560000)
  from space 21824K,  96% used [0x00000000e5560000, 0x00000000e69e7bb8, 0x00000000e6ab0000)
  to   space 21824K,   0% used [0x00000000e6ab0000, 0x00000000e6ab0000, 0x00000000e8000000)
 concurrent mark-sweep generation total 393216K, used 7834K [0x00000000e8000000, 0x0000000100000000, 0x0000000100000000)
 Metaspace       used 28045K, capacity 28670K, committed 29124K, reserved 1075200K
  class space    used 3227K, capacity 3426K, committed 3552K, reserved 1048576K
2018-06-19T15:03:34.212+0200: 4,064: [GC (Allocation Failure) 2018-06-19T15:03:34.212+0200: 4,064: [ParNew
Desired survivor size 20112992 bytes, new threshold 8 (max 8)
- age   1:     582672 bytes,     582672 total
- age   2:     966688 bytes,    1549360 total
- age   3:   12413968 bytes,   13963328 total
- age   4:    1641440 bytes,   15604768 total
- age   5:     105312 bytes,   15710080 total
- age   6:     174272 bytes,   15884352 total
- age   7:     267624 bytes,   16151976 total
- age   8:    1422640 bytes,   17574616 total
: 108446K->21362K(109248K), 0,0224448 secs] 116281K->29196K(502464K), 0,0225222 secs] [Times: user=0,07 sys=0,00, real=0,02 secs] 
Heap after GC invocations=9 (full 1):
 par new generation   total 109248K, used 21362K [0x00000000e0000000, 0x00000000e8000000, 0x00000000e8000000)
  eden space 87424K,   0% used [0x00000000e0000000, 0x00000000e0000000, 0x00000000e5560000)
  from space 21824K,  97% used [0x00000000e6ab0000, 0x00000000e7f8c870, 0x00000000e8000000)
  to   space 21824K,   0% used [0x00000000e5560000, 0x00000000e5560000, 0x00000000e6ab0000)
 concurrent mark-sweep generation total 393216K, used 7834K [0x00000000e8000000, 0x0000000100000000, 0x0000000100000000)
 Metaspace       used 28045K, capacity 28670K, committed 29124K, reserved 1075200K
  class space    used 3227K, capacity 3426K, committed 3552K, reserved 1048576K
}
2018-06-19T15:03:34.235+0200: 4,087: Total time for which application threads were stopped: 0,0231028 seconds, Stopping threads took: 0,0000772 seconds
2018-06-19T15:03:34.351+0200: 4,204: Total time for which application threads were stopped: 0,0029539 seconds, Stopping threads took: 0,0027503 seconds
2018-06-19T15:03:34.399+0200: 4,252: Total time for which application threads were stopped: 0,0042071 seconds, Stopping threads took: 0,0040548 seconds
2018-06-19T15:03:34.400+0200: 4,252: Total time for which application threads were stopped: 0,0001547 seconds, Stopping threads took: 0,0000381 seconds
2018-06-19T15:03:34.433+0200: 4,286: Total time for which application threads were stopped: 0,0023788 seconds, Stopping threads took: 0,0022557 seconds
2018-06-19T15:03:34.449+0200: 4,302: Total time for which application threads were stopped: 0,0001873 seconds, Stopping threads took: 0,0000673 seconds
2018-06-19T15:03:34.449+0200: 4,302: Total time for which application threads were stopped: 0,0001249 seconds, Stopping threads took: 0,0000312 seconds
2018-06-19T15:03:34.450+0200: 4,302: Total time for which application threads were stopped: 0,0001800 seconds, Stopping threads took: 0,0001159 seconds
2018-06-19T15:03:34.450+0200: 4,302: Total time for which application threads were stopped: 0,0000801 seconds, Stopping threads took: 0,0000266 seconds
2018-06-19T15:03:34.508+0200: 4,360: Total time for which application threads were stopped: 0,0039875 seconds, Stopping threads took: 0,0034013 seconds
2018-06-19T15:03:34.508+0200: 4,361: Total time for which application threads were stopped: 0,0004569 seconds, Stopping threads took: 0,0001025 seconds
2018-06-19T15:03:34.509+0200: 4,362: Total time for which application threads were stopped: 0,0007521 seconds, Stopping threads took: 0,0006393 seconds
2018-06-19T15:03:34.509+0200: 4,362: Total time for which application threads were stopped: 0,0000877 seconds, Stopping threads took: 0,0000218 seconds
2018-06-19T15:03:35.510+0200: 5,362: Total time for which application threads were stopped: 0,0000927 seconds, Stopping threads took: 0,0000240 seconds
2018-06-19T15:03:53.086+0200: 22,938: Total time for which application threads were stopped: 0,0002685 seconds, Stopping threads took: 0,0001400 seconds
2018-06-19T15:03:53.086+0200: 22,939: Total time for which application threads were stopped: 0,0001141 seconds, Stopping threads took: 0,0000326 seconds
2018-06-19T15:03:53.088+0200: 22,940: Total time for which application threads were stopped: 0,0007307 seconds, Stopping threads took: 0,0006324 seconds
2018-06-19T15:03:53.089+0200: 22,941: Total time for which application threads were stopped: 0,0001677 seconds, Stopping threads took: 0,0000526 seconds
2018-06-19T15:03:53.089+0200: 22,942: Total time for which application threads were stopped: 0,0002091 seconds, Stopping threads took: 0,0001484 seconds
2018-06-19T15:03:53.095+0200: 22,948: Total time for which application threads were stopped: 0,0004692 seconds, Stopping threads took: 0,0002001 seconds
2018-06-19T15:03:53.098+0200: 22,950: Total time for which application threads were stopped: 0,0025009 seconds, Stopping threads took: 0,0020567 seconds
2018-06-19T15:03:53.099+0200: 22,951: Total time for which application threads were stopped: 0,0001001 seconds, Stopping threads took: 0,0000350 seconds
2018-06-19T15:03:53.100+0200: 22,953: Total time for which application threads were stopped: 0,0001158 seconds, Stopping threads took: 0,0000359 seconds
2018-06-19T15:03:53.101+0200: 22,953: Total time for which application threads were stopped: 0,0001243 seconds, Stopping threads took: 0,0000592 seconds
2018-06-19T15:03:53.103+0200: 22,956: Total time for which application threads were stopped: 0,0002984 seconds, Stopping threads took: 0,0000381 seconds
2018-06-19T15:03:53.112+0200: 22,965: Total time for which application threads were stopped: 0,0008106 seconds, Stopping threads took: 0,0001892 seconds
2018-06-19T15:03:53.115+0200: 22,968: Total time for which application threads were stopped: 0,0011008 seconds, Stopping threads took: 0,0001205 seconds
2018-06-19T15:03:53.116+0200: 22,969: Total time for which application threads were stopped: 0,0002043 seconds, Stopping threads took: 0,0001260 seconds
2018-06-19T15:03:53.117+0200: 22,969: Total time for which application threads were stopped: 0,0001645 seconds, Stopping threads took: 0,0001086 seconds
2018-06-19T15:03:53.118+0200: 22,971: Total time for which application threads were stopped: 0,0001013 seconds, Stopping threads took: 0,0000363 seconds
2018-06-19T15:03:53.118+0200: 22,971: Total time for which application threads were stopped: 0,0000702 seconds, Stopping threads took: 0,0000240 seconds
2018-06-19T15:03:53.119+0200: 22,971: Total time for which application threads were stopped: 0,0001528 seconds, Stopping threads took: 0,0000279 seconds
2018-06-19T15:03:53.136+0200: 22,988: Total time for which application threads were stopped: 0,0002996 seconds, Stopping threads took: 0,0002039 seconds
2018-06-19T15:03:53.146+0200: 22,999: Total time for which application threads were stopped: 0,0021663 seconds, Stopping threads took: 0,0000956 seconds
2018-06-19T15:03:53.152+0200: 23,004: Total time for which application threads were stopped: 0,0002344 seconds, Stopping threads took: 0,0001541 seconds
2018-06-19T15:03:53.153+0200: 23,006: Total time for which application threads were stopped: 0,0002781 seconds, Stopping threads took: 0,0001171 seconds
2018-06-19T15:03:53.154+0200: 23,007: Total time for which application threads were stopped: 0,0001880 seconds, Stopping threads took: 0,0001231 seconds
2018-06-19T15:03:53.155+0200: 23,008: Total time for which application threads were stopped: 0,0001250 seconds, Stopping threads took: 0,0000296 seconds
2018-06-19T15:03:53.171+0200: 23,023: Total time for which application threads were stopped: 0,0001452 seconds, Stopping threads took: 0,0000594 seconds
2018-06-19T15:03:54.014+0200: 23,866: Total time for which application threads were stopped: 0,0005797 seconds, Stopping threads took: 0,0001013 seconds
2018-06-19T15:03:54.014+0200: 23,867: Total time for which application threads were stopped: 0,0005159 seconds, Stopping threads took: 0,0001126 seconds
2018-06-19T15:03:54.016+0200: 23,869: Total time for which application threads were stopped: 0,0002142 seconds, Stopping threads took: 0,0001086 seconds
2018-06-19T15:03:54.017+0200: 23,869: Total time for which application threads were stopped: 0,0001670 seconds, Stopping threads took: 0,0000998 seconds
2018-06-19T15:03:54.020+0200: 23,872: Total time for which application threads were stopped: 0,0006103 seconds, Stopping threads took: 0,0005236 seconds
2018-06-19T15:03:54.023+0200: 23,876: Total time for which application threads were stopped: 0,0001777 seconds, Stopping threads took: 0,0000572 seconds
2018-06-19T15:03:54.023+0200: 23,876: Total time for which application threads were stopped: 0,0000805 seconds, Stopping threads took: 0,0000238 seconds
2018-06-19T15:03:54.070+0200: 23,922: Total time for which application threads were stopped: 0,0001338 seconds, Stopping threads took: 0,0000304 seconds
2018-06-19T15:03:58.070+0200: 27,923: Total time for which application threads were stopped: 0,0000907 seconds, Stopping threads took: 0,0000202 seconds
2018-06-19T15:04:08.027+0200: 37,879: Total time for which application threads were stopped: 0,0002197 seconds, Stopping threads took: 0,0000740 seconds
2018-06-19T15:04:08.036+0200: 37,889: Total time for which application threads were stopped: 0,0001179 seconds, Stopping threads took: 0,0000475 seconds
2018-06-19T15:04:08.121+0200: 37,974: Total time for which application threads were stopped: 0,0001555 seconds, Stopping threads took: 0,0000461 seconds
2018-06-19T15:04:08.124+0200: 37,976: Total time for which application threads were stopped: 0,0001197 seconds, Stopping threads took: 0,0000372 seconds
2018-06-19T15:04:08.188+0200: 38,040: Total time for which application threads were stopped: 0,0002672 seconds, Stopping threads took: 0,0000819 seconds
2018-06-19T15:04:08.191+0200: 38,044: Total time for which application threads were stopped: 0,0001337 seconds, Stopping threads took: 0,0000558 seconds
2018-06-19T15:04:08.254+0200: 38,106: Total time for which application threads were stopped: 0,0002099 seconds, Stopping threads took: 0,0000456 seconds
2018-06-19T15:04:54.027+0200: 83,879: Total time for which application threads were stopped: 0,0005080 seconds, Stopping threads took: 0,0001198 seconds
2018-06-19T15:06:19.038+0200: 168,891: Total time for which application threads were stopped: 0,0000965 seconds, Stopping threads took: 0,0000355 seconds
2018-06-19T15:07:19.046+0200: 228,899: Total time for which application threads were stopped: 0,0001058 seconds, Stopping threads took: 0,0000376 seconds
2018-06-19T15:07:54.051+0200: 263,904: Total time for which application threads were stopped: 0,0001010 seconds, Stopping threads took: 0,0000411 seconds
2018-06-19T15:08:26.183+0200: 296,036: Total time for which application threads were stopped: 0,0006544 seconds, Stopping threads took: 0,0000329 seconds
2018-06-19T15:08:26.194+0200: 296,046: Total time for which application threads were stopped: 0,0001298 seconds, Stopping threads took: 0,0000307 seconds
2018-06-19T15:08:26.263+0200: 296,116: Total time for which application threads were stopped: 0,0001652 seconds, Stopping threads took: 0,0000539 seconds
2018-06-19T15:08:26.263+0200: 296,116: Total time for which application threads were stopped: 0,0001067 seconds, Stopping threads took: 0,0000417 seconds
2018-06-19T15:08:26.308+0200: 296,160: Total time for which application threads were stopped: 0,0000900 seconds, Stopping threads took: 0,0000232 seconds
2018-06-19T15:08:26.327+0200: 296,180: Total time for which application threads were stopped: 0,0001380 seconds, Stopping threads took: 0,0000600 seconds
2018-06-19T15:08:26.328+0200: 296,180: Total time for which application threads were stopped: 0,0000798 seconds, Stopping threads took: 0,0000316 seconds
2018-06-19T15:08:26.328+0200: 296,181: Total time for which application threads were stopped: 0,0001202 seconds, Stopping threads took: 0,0000368 seconds
2018-06-19T15:08:26.329+0200: 296,181: Total time for which application threads were stopped: 0,0000541 seconds, Stopping threads took: 0,0000122 seconds
2018-06-19T15:08:26.329+0200: 296,181: Total time for which application threads were stopped: 0,0000459 seconds, Stopping threads took: 0,0000139 seconds
2018-06-19T15:08:26.396+0200: 296,249: Total time for which application threads were stopped: 0,0001411 seconds, Stopping threads took: 0,0000327 seconds
2018-06-19T15:08:26.409+0200: 296,261: Total time for which application threads were stopped: 0,0003990 seconds, Stopping threads took: 0,0000167 seconds
2018-06-19T15:08:26.410+0200: 296,262: Total time for which application threads were stopped: 0,0003874 seconds, Stopping threads took: 0,0000157 seconds
{Heap before GC invocations=9 (full 1):
 par new generation   total 109248K, used 108786K [0x00000000e0000000, 0x00000000e8000000, 0x00000000e8000000)
  eden space 87424K, 100% used [0x00000000e0000000, 0x00000000e5560000, 0x00000000e5560000)
  from space 21824K,  97% used [0x00000000e6ab0000, 0x00000000e7f8c870, 0x00000000e8000000)
  to   space 21824K,   0% used [0x00000000e5560000, 0x00000000e5560000, 0x00000000e6ab0000)
 concurrent mark-sweep generation total 393216K, used 7834K [0x00000000e8000000, 0x0000000100000000, 0x0000000100000000)
 Metaspace       used 31200K, capacity 31934K, committed 32324K, reserved 1077248K
  class space    used 3595K, capacity 3847K, committed 3936K, reserved 1048576K
2018-06-19T15:08:26.422+0200: 296,274: [GC (Allocation Failure) 2018-06-19T15:08:26.422+0200: 296,274: [ParNew
Desired survivor size 20112992 bytes, new threshold 5 (max 8)
- age   1:    7418504 bytes,    7418504 total
- age   2:     122080 bytes,    7540584 total
- age   3:     189208 bytes,    7729792 total
- age   4:   12075576 bytes,   19805368 total
- age   5:    1609040 bytes,   21414408 total
- age   6:     104768 bytes,   21519176 total
- age   7:     172992 bytes,   21692168 total
- age   8:     263296 bytes,   21955464 total
: 108786K->21824K(109248K), 0,0216009 secs] 116620K->32302K(502464K), 0,0216623 secs] [Times: user=0,07 sys=0,01, real=0,03 secs] 
Heap after GC invocations=10 (full 1):
 par new generation   total 109248K, used 21824K [0x00000000e0000000, 0x00000000e8000000, 0x00000000e8000000)
  eden space 87424K,   0% used [0x00000000e0000000, 0x00000000e0000000, 0x00000000e5560000)
  from space 21824K, 100% used [0x00000000e5560000, 0x00000000e6ab0000, 0x00000000e6ab0000)
  to   space 21824K,   0% used [0x00000000e6ab0000, 0x00000000e6ab0000, 0x00000000e8000000)
 concurrent mark-sweep generation total 393216K, used 10478K [0x00000000e8000000, 0x0000000100000000, 0x0000000100000000)
 Metaspace       used 31200K, capacity 31934K, committed 32324K, reserved 1077248K
  class space    used 3595K, capacity 3847K, committed 3936K, reserved 1048576K
}
2018-06-19T15:08:26.444+0200: 296,296: Total time for which application threads were stopped: 0,0218811 seconds, Stopping threads took: 0,0000353 seconds
2018-06-19T15:08:26.448+0200: 296,301: Total time for which application threads were stopped: 0,0006017 seconds, Stopping threads took: 0,0005316 seconds
2018-06-19T15:08:26.448+0200: 296,301: Total time for which application threads were stopped: 0,0000657 seconds, Stopping threads took: 0,0000237 seconds
2018-06-19T15:08:26.767+0200: 296,619: Total time for which application threads were stopped: 0,0002991 seconds, Stopping threads took: 0,0000554 seconds
2018-06-19T15:08:26.858+0200: 296,711: Total time for which application threads were stopped: 0,0001874 seconds, Stopping threads took: 0,0000359 seconds
2018-06-19T15:08:26.858+0200: 296,711: Total time for which application threads were stopped: 0,0000775 seconds, Stopping threads took: 0,0000197 seconds
2018-06-19T15:08:26.866+0200: 296,719: Total time for which application threads were stopped: 0,0001649 seconds, Stopping threads took: 0,0000527 seconds
2018-06-19T15:08:26.874+0200: 296,727: Total time for which application threads were stopped: 0,0003570 seconds, Stopping threads took: 0,0001128 seconds
{Heap before GC invocations=10 (full 1):
 par new generation   total 109248K, used 109248K [0x00000000e0000000, 0x00000000e8000000, 0x00000000e8000000)
  eden space 87424K, 100% used [0x00000000e0000000, 0x00000000e5560000, 0x00000000e5560000)
  from space 21824K, 100% used [0x00000000e5560000, 0x00000000e6ab0000, 0x00000000e6ab0000)
  to   space 21824K,   0% used [0x00000000e6ab0000, 0x00000000e6ab0000, 0x00000000e8000000)
 concurrent mark-sweep generation total 393216K, used 10478K [0x00000000e8000000, 0x0000000100000000, 0x0000000100000000)
 Metaspace       used 31627K, capacity 32318K, committed 32580K, reserved 1077248K
  class space    used 3596K, capacity 3847K, committed 3936K, reserved 1048576K
2018-06-19T15:08:26.897+0200: 296,750: [GC (Allocation Failure) 2018-06-19T15:08:26.897+0200: 296,750: [ParNew
Desired survivor size 20112992 bytes, new threshold 8 (max 8)
- age   1:     557944 bytes,     557944 total
- age   2:    5825280 bytes,    6383224 total
- age   3:      75208 bytes,    6458432 total
- age   4:     146448 bytes,    6604880 total
- age   5:   11921424 bytes,   18526304 total
: 109248K->21824K(109248K), 0,0523803 secs] 119726K->36226K(502464K), 0,0525105 secs] [Times: user=0,13 sys=0,00, real=0,05 secs] 
Heap after GC invocations=11 (full 1):
 par new generation   total 109248K, used 21824K [0x00000000e0000000, 0x00000000e8000000, 0x00000000e8000000)
  eden space 87424K,   0% used [0x00000000e0000000, 0x00000000e0000000, 0x00000000e5560000)
  from space 21824K, 100% used [0x00000000e6ab0000, 0x00000000e8000000, 0x00000000e8000000)
  to   space 21824K,   0% used [0x00000000e5560000, 0x00000000e5560000, 0x00000000e6ab0000)
 concurrent mark-sweep generation total 393216K, used 14402K [0x00000000e8000000, 0x0000000100000000, 0x0000000100000000)
 Metaspace       used 31627K, capacity 32318K, committed 32580K, reserved 1077248K
  class space    used 3596K, capacity 3847K, committed 3936K, reserved 1048576K
}
2018-06-19T15:08:26.950+0200: 296,802: Total time for which application threads were stopped: 0,0528581 seconds, Stopping threads took: 0,0000844 seconds
2018-06-19T15:08:27.014+0200: 296,866: Total time for which application threads were stopped: 0,0002425 seconds, Stopping threads took: 0,0000611 seconds
2018-06-19T15:08:27.014+0200: 296,866: Total time for which application threads were stopped: 0,0000849 seconds, Stopping threads took: 0,0000235 seconds
{Heap before GC invocations=11 (full 1):
 par new generation   total 109248K, used 109237K [0x00000000e0000000, 0x00000000e8000000, 0x00000000e8000000)
  eden space 87424K,  99% used [0x00000000e0000000, 0x00000000e555d640, 0x00000000e5560000)
  from space 21824K, 100% used [0x00000000e6ab0000, 0x00000000e8000000, 0x00000000e8000000)
  to   space 21824K,   0% used [0x00000000e5560000, 0x00000000e5560000, 0x00000000e6ab0000)
 concurrent mark-sweep generation total 393216K, used 14402K [0x00000000e8000000, 0x0000000100000000, 0x0000000100000000)
 Metaspace       used 31646K, capacity 32382K, committed 32580K, reserved 1077248K
  class space    used 3596K, capacity 3847K, committed 3936K, reserved 1048576K
2018-06-19T15:08:27.302+0200: 297,155: [GC (Allocation Failure) 2018-06-19T15:08:27.303+0200: 297,155: [ParNew
Desired survivor size 20112992 bytes, new threshold 8 (max 8)
- age   1:    1419480 bytes,    1419480 total
- age   2:     421416 bytes,    1840896 total
- age   3:    4050008 bytes,    5890904 total
- age   4:      20368 bytes,    5911272 total
- age   5:     106456 bytes,    6017728 total
- age   6:   11417664 bytes,   17435392 total
: 109237K->21824K(109248K), 0,0493525 secs] 123639K->38883K(502464K), 0,0494769 secs] [Times: user=0,08 sys=0,00, real=0,06 secs] 
Heap after GC invocations=12 (full 1):
 par new generation   total 109248K, used 21824K [0x00000000e0000000, 0x00000000e8000000, 0x00000000e8000000)
  eden space 87424K,   0% used [0x00000000e0000000, 0x00000000e0000000, 0x00000000e5560000)
  from space 21824K, 100% used [0x00000000e5560000, 0x00000000e6ab0000, 0x00000000e6ab0000)
  to   space 21824K,   0% used [0x00000000e6ab0000, 0x00000000e6ab0000, 0x00000000e8000000)
 concurrent mark-sweep generation total 393216K, used 17059K [0x00000000e8000000, 0x0000000100000000, 0x0000000100000000)
 Metaspace       used 31646K, capacity 32382K, committed 32580K, reserved 1077248K
  class space    used 3596K, capacity 3847K, committed 3936K, reserved 1048576K
}
2018-06-19T15:08:27.352+0200: 297,205: Total time for which application threads were stopped: 0,0497867 seconds, Stopping threads took: 0,0000391 seconds
2018-06-19T15:08:27.500+0200: 297,353: Total time for which application threads were stopped: 0,0051545 seconds, Stopping threads took: 0,0040072 seconds
2018-06-19T15:08:27.533+0200: 297,386: Total time for which application threads were stopped: 0,0104127 seconds, Stopping threads took: 0,0102264 seconds
2018-06-19T15:08:27.544+0200: 297,397: Total time for which application threads were stopped: 0,0037527 seconds, Stopping threads took: 0,0036253 seconds
2018-06-19T15:08:27.575+0200: 297,428: Total time for which application threads were stopped: 0,0002205 seconds, Stopping threads took: 0,0000612 seconds
2018-06-19T15:08:27.580+0200: 297,433: Total time for which application threads were stopped: 0,0042351 seconds, Stopping threads took: 0,0041055 seconds
2018-06-19T15:08:27.647+0200: 297,499: Total time for which application threads were stopped: 0,0013134 seconds, Stopping threads took: 0,0011802 seconds
2018-06-19T15:08:27.673+0200: 297,526: Total time for which application threads were stopped: 0,0152504 seconds, Stopping threads took: 0,0151337 seconds
2018-06-19T15:08:27.680+0200: 297,532: Total time for which application threads were stopped: 0,0018014 seconds, Stopping threads took: 0,0016622 seconds
{Heap before GC invocations=12 (full 1):
 par new generation   total 109248K, used 109221K [0x00000000e0000000, 0x00000000e8000000, 0x00000000e8000000)
  eden space 87424K,  99% used [0x00000000e0000000, 0x00000000e55595b8, 0x00000000e5560000)
  from space 21824K, 100% used [0x00000000e5560000, 0x00000000e6ab0000, 0x00000000e6ab0000)
  to   space 21824K,   0% used [0x00000000e6ab0000, 0x00000000e6ab0000, 0x00000000e8000000)
 concurrent mark-sweep generation total 393216K, used 17059K [0x00000000e8000000, 0x0000000100000000, 0x0000000100000000)
 Metaspace       used 31755K, capacity 32446K, committed 32836K, reserved 1079296K
  class space    used 3607K, capacity 3847K, committed 3936K, reserved 1048576K
2018-06-19T15:08:27.812+0200: 297,664: [GC (Allocation Failure) 2018-06-19T15:08:27.812+0200: 297,664: [ParNew
Desired survivor size 20112992 bytes, new threshold 8 (max 8)
- age   1:    1900448 bytes,    1900448 total
- age   2:    1039776 bytes,    2940224 total
- age   3:     407152 bytes,    3347376 total
- age   4:    4005328 bytes,    7352704 total
- age   5:      20368 bytes,    7373072 total
- age   6:     106456 bytes,    7479528 total
- age   7:   11417664 bytes,   18897192 total
: 109221K->21794K(109248K), 0,0447762 secs] 126280K->38853K(502464K), 0,0448855 secs] [Times: user=0,10 sys=0,00, real=0,04 secs] 
Heap after GC invocations=13 (full 1):
 par new generation   total 109248K, used 21794K [0x00000000e0000000, 0x00000000e8000000, 0x00000000e8000000)
  eden space 87424K,   0% used [0x00000000e0000000, 0x00000000e0000000, 0x00000000e5560000)
  from space 21824K,  99% used [0x00000000e6ab0000, 0x00000000e7ff8868, 0x00000000e8000000)
  to   space 21824K,   0% used [0x00000000e5560000, 0x00000000e5560000, 0x00000000e6ab0000)
 concurrent mark-sweep generation total 393216K, used 17059K [0x00000000e8000000, 0x0000000100000000, 0x0000000100000000)
 Metaspace       used 31755K, capacity 32446K, committed 32836K, reserved 1079296K
  class space    used 3607K, capacity 3847K, committed 3936K, reserved 1048576K
}
2018-06-19T15:08:27.857+0200: 297,709: Total time for which application threads were stopped: 0,0452171 seconds, Stopping threads took: 0,0000626 seconds
2018-06-19T15:08:27.919+0200: 297,772: Total time for which application threads were stopped: 0,0003075 seconds, Stopping threads took: 0,0001139 seconds
{Heap before GC invocations=13 (full 1):
 par new generation   total 109248K, used 109218K [0x00000000e0000000, 0x00000000e8000000, 0x00000000e8000000)
  eden space 87424K, 100% used [0x00000000e0000000, 0x00000000e5560000, 0x00000000e5560000)
  from space 21824K,  99% used [0x00000000e6ab0000, 0x00000000e7ff8868, 0x00000000e8000000)
  to   space 21824K,   0% used [0x00000000e5560000, 0x00000000e5560000, 0x00000000e6ab0000)
 concurrent mark-sweep generation total 393216K, used 17059K [0x00000000e8000000, 0x0000000100000000, 0x0000000100000000)
 Metaspace       used 31844K, capacity 32510K, committed 32836K, reserved 1079296K
  class space    used 3612K, capacity 3847K, committed 3936K, reserved 1048576K
2018-06-19T15:08:28.093+0200: 297,946: [GC (Allocation Failure) 2018-06-19T15:08:28.093+0200: 297,946: [ParNew
Desired survivor size 20112992 bytes, new threshold 8 (max 8)
- age   1:    1489064 bytes,    1489064 total
- age   2:    1553928 bytes,    3042992 total
- age   3:    1036256 bytes,    4079248 total
- age   4:     407152 bytes,    4486400 total
- age   5:    4004656 bytes,    8491056 total
- age   6:      20368 bytes,    8511424 total
- age   7:     106456 bytes,    8617880 total
- age   8:   10928000 bytes,   19545880 total
: 109218K->21824K(109248K), 0,0796417 secs] 126277K->39365K(502464K), 0,0797663 secs] [Times: user=0,09 sys=0,00, real=0,08 secs] 
Heap after GC invocations=14 (full 1):
 par new generation   total 109248K, used 21824K [0x00000000e0000000, 0x00000000e8000000, 0x00000000e8000000)
  eden space 87424K,   0% used [0x00000000e0000000, 0x00000000e0000000, 0x00000000e5560000)
  from space 21824K, 100% used [0x00000000e5560000, 0x00000000e6ab0000, 0x00000000e6ab0000)
  to   space 21824K,   0% used [0x00000000e6ab0000, 0x00000000e6ab0000, 0x00000000e8000000)
 concurrent mark-sweep generation total 393216K, used 17541K [0x00000000e8000000, 0x0000000100000000, 0x0000000100000000)
 Metaspace       used 31844K, capacity 32510K, committed 32836K, reserved 1079296K
  class space    used 3612K, capacity 3847K, committed 3936K, reserved 1048576K
}
2018-06-19T15:08:28.173+0200: 298,026: Total time for which application threads were stopped: 0,0800761 seconds, Stopping threads took: 0,0000359 seconds
2018-06-19T15:08:28.449+0200: 298,302: Total time for which application threads were stopped: 0,0081871 seconds, Stopping threads took: 0,0079889 seconds
2018-06-19T15:08:28.457+0200: 298,310: Total time for which application threads were stopped: 0,0002656 seconds, Stopping threads took: 0,0000887 seconds
2018-06-19T15:08:28.489+0200: 298,341: Total time for which application threads were stopped: 0,0166321 seconds, Stopping threads took: 0,0164807 seconds
2018-06-19T15:08:28.490+0200: 298,342: Total time for which application threads were stopped: 0,0001544 seconds, Stopping threads took: 0,0000319 seconds
{Heap before GC invocations=14 (full 1):
 par new generation   total 109248K, used 109248K [0x00000000e0000000, 0x00000000e8000000, 0x00000000e8000000)
  eden space 87424K, 100% used [0x00000000e0000000, 0x00000000e5560000, 0x00000000e5560000)
  from space 21824K, 100% used [0x00000000e5560000, 0x00000000e6ab0000, 0x00000000e6ab0000)
  to   space 21824K,   0% used [0x00000000e6ab0000, 0x00000000e6ab0000, 0x00000000e8000000)
 concurrent mark-sweep generation total 393216K, used 17541K [0x00000000e8000000, 0x0000000100000000, 0x0000000100000000)
 Metaspace       used 31869K, capacity 32574K, committed 32836K, reserved 1079296K
  class space    used 3615K, capacity 3847K, committed 3936K, reserved 1048576K
2018-06-19T15:08:28.533+0200: 298,385: [GC (Allocation Failure) 2018-06-19T15:08:28.533+0200: 298,385: [ParNew
Desired survivor size 20112992 bytes, new threshold 8 (max 8)
- age   1:    2041064 bytes,    2041064 total
- age   2:     893456 bytes,    2934520 total
- age   3:    1328472 bytes,    4262992 total
- age   4:     992376 bytes,    5255368 total
- age   5:     407152 bytes,    5662520 total
- age   6:    4003576 bytes,    9666096 total
- age   7:      20368 bytes,    9686464 total
- age   8:     106456 bytes,    9792920 total
: 109248K->21824K(109248K), 0,0815414 secs] 126789K->50959K(502464K), 0,0816440 secs] [Times: user=0,17 sys=0,00, real=0,08 secs] 
Heap after GC invocations=15 (full 1):
 par new generation   total 109248K, used 21824K [0x00000000e0000000, 0x00000000e8000000, 0x00000000e8000000)
  eden space 87424K,   0% used [0x00000000e0000000, 0x00000000e0000000, 0x00000000e5560000)
  from space 21824K, 100% used [0x00000000e6ab0000, 0x00000000e8000000, 0x00000000e8000000)
  to   space 21824K,   0% used [0x00000000e5560000, 0x00000000e5560000, 0x00000000e6ab0000)
 concurrent mark-sweep generation total 393216K, used 29135K [0x00000000e8000000, 0x0000000100000000, 0x0000000100000000)
 Metaspace       used 31869K, capacity 32574K, committed 32836K, reserved 1079296K
  class space    used 3615K, capacity 3847K, committed 3936K, reserved 1048576K
}
2018-06-19T15:08:28.614+0200: 298,467: Total time for which application threads were stopped: 0,0819135 seconds, Stopping threads took: 0,0000531 seconds
2018-06-19T15:08:28.737+0200: 298,590: Total time for which application threads were stopped: 0,0038994 seconds, Stopping threads took: 0,0036365 seconds
2018-06-19T15:08:28.743+0200: 298,596: Total time for which application threads were stopped: 0,0001639 seconds, Stopping threads took: 0,0000339 seconds
2018-06-19T15:08:28.747+0200: 298,600: Total time for which application threads were stopped: 0,0006944 seconds, Stopping threads took: 0,0005701 seconds
{Heap before GC invocations=15 (full 1):
 par new generation   total 109248K, used 109219K [0x00000000e0000000, 0x00000000e8000000, 0x00000000e8000000)
  eden space 87424K,  99% used [0x00000000e0000000, 0x00000000e5558d18, 0x00000000e5560000)
  from space 21824K, 100% used [0x00000000e6ab0000, 0x00000000e8000000, 0x00000000e8000000)
  to   space 21824K,   0% used [0x00000000e5560000, 0x00000000e5560000, 0x00000000e6ab0000)
 concurrent mark-sweep generation total 393216K, used 29135K [0x00000000e8000000, 0x0000000100000000, 0x0000000100000000)
 Metaspace       used 31905K, capacity 32644K, committed 32836K, reserved 1079296K
  class space    used 3616K, capacity 3848K, committed 3936K, reserved 1048576K
2018-06-19T15:08:28.867+0200: 298,720: [GC (Allocation Failure) 2018-06-19T15:08:28.867+0200: 298,720: [ParNew
Desired survivor size 20112992 bytes, new threshold 8 (max 8)
- age   1:    1414168 bytes,    1414168 total
- age   2:     738096 bytes,    2152264 total
- age   3:     191304 bytes,    2343568 total
- age   4:     671008 bytes,    3014576 total
- age   5:    1025160 bytes,    4039736 total
- age   6:     407152 bytes,    4446888 total
- age   7:    4002832 bytes,    8449720 total
- age   8:      20368 bytes,    8470088 total
: 109219K->10764K(109248K), 0,0272986 secs] 138354K->40005K(502464K), 0,0274233 secs] [Times: user=0,08 sys=0,00, real=0,03 secs] 
Heap after GC invocations=16 (full 1):
 par new generation   total 109248K, used 10764K [0x00000000e0000000, 0x00000000e8000000, 0x00000000e8000000)
  eden space 87424K,   0% used [0x00000000e0000000, 0x00000000e0000000, 0x00000000e5560000)
  from space 21824K,  49% used [0x00000000e5560000, 0x00000000e5fe3090, 0x00000000e6ab0000)
  to   space 21824K,   0% used [0x00000000e6ab0000, 0x00000000e6ab0000, 0x00000000e8000000)
 concurrent mark-sweep generation total 393216K, used 29241K [0x00000000e8000000, 0x0000000100000000, 0x0000000100000000)
 Metaspace       used 31905K, capacity 32644K, committed 32836K, reserved 1079296K
  class space    used 3616K, capacity 3848K, committed 3936K, reserved 1048576K
}
2018-06-19T15:08:28.895+0200: 298,747: Total time for which application threads were stopped: 0,0277361 seconds, Stopping threads took: 0,0000397 seconds
{Heap before GC invocations=16 (full 1):
 par new generation   total 109248K, used 98188K [0x00000000e0000000, 0x00000000e8000000, 0x00000000e8000000)
  eden space 87424K, 100% used [0x00000000e0000000, 0x00000000e5560000, 0x00000000e5560000)
  from space 21824K,  49% used [0x00000000e5560000, 0x00000000e5fe3090, 0x00000000e6ab0000)
  to   space 21824K,   0% used [0x00000000e6ab0000, 0x00000000e6ab0000, 0x00000000e8000000)
 concurrent mark-sweep generation total 393216K, used 29241K [0x00000000e8000000, 0x0000000100000000, 0x0000000100000000)
 Metaspace       used 31912K, capacity 32644K, committed 32836K, reserved 1079296K
  class space    used 3616K, capacity 3848K, committed 3936K, reserved 1048576K
2018-06-19T15:08:29.051+0200: 298,903: [GC (Allocation Failure) 2018-06-19T15:08:29.051+0200: 298,903: [ParNew
Desired survivor size 20112992 bytes, new threshold 8 (max 8)
- age   1:    1580552 bytes,    1580552 total
- age   2:    1011288 bytes,    2591840 total
- age   3:     736352 bytes,    3328192 total
- age   4:     191280 bytes,    3519472 total
- age   5:     638224 bytes,    4157696 total
- age   6:     992376 bytes,    5150072 total
- age   7:     407152 bytes,    5557224 total
- age   8:    4002328 bytes,    9559552 total
: 98188K->10385K(109248K), 0,0141148 secs] 127429K->39646K(502464K), 0,0142101 secs] [Times: user=0,04 sys=0,01, real=0,01 secs] 
Heap after GC invocations=17 (full 1):
 par new generation   total 109248K, used 10385K [0x00000000e0000000, 0x00000000e8000000, 0x00000000e8000000)
  eden space 87424K,   0% used [0x00000000e0000000, 0x00000000e0000000, 0x00000000e5560000)
  from space 21824K,  47% used [0x00000000e6ab0000, 0x00000000e74d4410, 0x00000000e8000000)
  to   space 21824K,   0% used [0x00000000e5560000, 0x00000000e5560000, 0x00000000e6ab0000)
 concurrent mark-sweep generation total 393216K, used 29261K [0x00000000e8000000, 0x0000000100000000, 0x0000000100000000)
 Metaspace       used 31912K, capacity 32644K, committed 32836K, reserved 1079296K
  class space    used 3616K, capacity 3848K, committed 3936K, reserved 1048576K
}
2018-06-19T15:08:29.065+0200: 298,918: Total time for which application threads were stopped: 0,0144603 seconds, Stopping threads took: 0,0000382 seconds
{Heap before GC invocations=17 (full 1):
 par new generation   total 109248K, used 97781K [0x00000000e0000000, 0x00000000e8000000, 0x00000000e8000000)
  eden space 87424K,  99% used [0x00000000e0000000, 0x00000000e55591c8, 0x00000000e5560000)
  from space 21824K,  47% used [0x00000000e6ab0000, 0x00000000e74d4410, 0x00000000e8000000)
  to   space 21824K,   0% used [0x00000000e5560000, 0x00000000e5560000, 0x00000000e6ab0000)
 concurrent mark-sweep generation total 393216K, used 29261K [0x00000000e8000000, 0x0000000100000000, 0x0000000100000000)
 Metaspace       used 31924K, capacity 32644K, committed 32836K, reserved 1079296K
  class space    used 3616K, capacity 3848K, committed 3936K, reserved 1048576K
2018-06-19T15:08:29.212+0200: 299,064: [GC (Allocation Failure) 2018-06-19T15:08:29.212+0200: 299,064: [ParNew
Desired survivor size 20112992 bytes, new threshold 8 (max 8)
- age   1:    1593496 bytes,    1593496 total
- age   2:    1091712 bytes,    2685208 total
- age   3:    1011264 bytes,    3696472 total
- age   4:     736352 bytes,    4432824 total
- age   5:     191280 bytes,    4624104 total
- age   6:     638224 bytes,    5262328 total
- age   7:     992344 bytes,    6254672 total
- age   8:     406784 bytes,    6661456 total
: 97781K->12233K(109248K), 0,0277417 secs] 127042K->45436K(502464K), 0,0278321 secs] [Times: user=0,07 sys=0,01, real=0,02 secs] 
Heap after GC invocations=18 (full 1):
 par new generation   total 109248K, used 12233K [0x00000000e0000000, 0x00000000e8000000, 0x00000000e8000000)
  eden space 87424K,   0% used [0x00000000e0000000, 0x00000000e0000000, 0x00000000e5560000)
  from space 21824K,  56% used [0x00000000e5560000, 0x00000000e61524d0, 0x00000000e6ab0000)
  to   space 21824K,   0% used [0x00000000e6ab0000, 0x00000000e6ab0000, 0x00000000e8000000)
 concurrent mark-sweep generation total 393216K, used 33203K [0x00000000e8000000, 0x0000000100000000, 0x0000000100000000)
 Metaspace       used 31924K, capacity 32644K, committed 32836K, reserved 1079296K
  class space    used 3616K, capacity 3848K, committed 3936K, reserved 1048576K
}
2018-06-19T15:08:29.240+0200: 299,092: Total time for which application threads were stopped: 0,0280982 seconds, Stopping threads took: 0,0000396 seconds
{Heap before GC invocations=18 (full 1):
 par new generation   total 109248K, used 99657K [0x00000000e0000000, 0x00000000e8000000, 0x00000000e8000000)
  eden space 87424K, 100% used [0x00000000e0000000, 0x00000000e5560000, 0x00000000e5560000)
  from space 21824K,  56% used [0x00000000e5560000, 0x00000000e61524d0, 0x00000000e6ab0000)
  to   space 21824K,   0% used [0x00000000e6ab0000, 0x00000000e6ab0000, 0x00000000e8000000)
 concurrent mark-sweep generation total 393216K, used 33203K [0x00000000e8000000, 0x0000000100000000, 0x0000000100000000)
 Metaspace       used 31973K, capacity 32708K, committed 33092K, reserved 1079296K
  class space    used 3616K, capacity 3848K, committed 3936K, reserved 1048576K
2018-06-19T15:08:29.381+0200: 299,234: [GC (Allocation Failure) 2018-06-19T15:08:29.381+0200: 299,234: [ParNew
Desired survivor size 20112992 bytes, new threshold 8 (max 8)
- age   1:    2043200 bytes,    2043200 total
- age   2:     990304 bytes,    3033504 total
- age   3:     897792 bytes,    3931296 total
- age   4:    1013208 bytes,    4944504 total
- age   5:     737240 bytes,    5681744 total
- age   6:     191280 bytes,    5873024 total
- age   7:     638192 bytes,    6511216 total
- age   8:     991904 bytes,    7503120 total
: 99657K->8961K(109248K), 0,0072250 secs] 132860K->42561K(502464K), 0,0073001 secs] [Times: user=0,03 sys=0,00, real=0,01 secs] 
Heap after GC invocations=19 (full 1):
 par new generation   total 109248K, used 8961K [0x00000000e0000000, 0x00000000e8000000, 0x00000000e8000000)
  eden space 87424K,   0% used [0x00000000e0000000, 0x00000000e0000000, 0x00000000e5560000)
  from space 21824K,  41% used [0x00000000e6ab0000, 0x00000000e73704e0, 0x00000000e8000000)
  to   space 21824K,   0% used [0x00000000e5560000, 0x00000000e5560000, 0x00000000e6ab0000)
 concurrent mark-sweep generation total 393216K, used 33600K [0x00000000e8000000, 0x0000000100000000, 0x0000000100000000)
 Metaspace       used 31973K, capacity 32708K, committed 33092K, reserved 1079296K
  class space    used 3616K, capacity 3848K, committed 3936K, reserved 1048576K
}
2018-06-19T15:08:29.388+0200: 299,241: Total time for which application threads were stopped: 0,0076345 seconds, Stopping threads took: 0,0000876 seconds
2018-06-19T15:08:29.466+0200: 299,319: Total time for which application threads were stopped: 0,0011360 seconds, Stopping threads took: 0,0008839 seconds
2018-06-19T15:08:29.470+0200: 299,322: Total time for which application threads were stopped: 0,0001614 seconds, Stopping threads took: 0,0000637 seconds
2018-06-19T15:08:29.471+0200: 299,324: Total time for which application threads were stopped: 0,0001610 seconds, Stopping threads took: 0,0000661 seconds
2018-06-19T15:08:29.476+0200: 299,329: Total time for which application threads were stopped: 0,0011874 seconds, Stopping threads took: 0,0010507 seconds
2018-06-19T15:08:29.480+0200: 299,333: Total time for which application threads were stopped: 0,0001716 seconds, Stopping threads took: 0,0000619 seconds
2018-06-19T15:08:29.481+0200: 299,334: Total time for which application threads were stopped: 0,0001759 seconds, Stopping threads took: 0,0000528 seconds
{Heap before GC invocations=19 (full 1):
 par new generation   total 109248K, used 96367K [0x00000000e0000000, 0x00000000e8000000, 0x00000000e8000000)
  eden space 87424K,  99% used [0x00000000e0000000, 0x00000000e555b770, 0x00000000e5560000)
  from space 21824K,  41% used [0x00000000e6ab0000, 0x00000000e73704e0, 0x00000000e8000000)
  to   space 21824K,   0% used [0x00000000e5560000, 0x00000000e5560000, 0x00000000e6ab0000)
 concurrent mark-sweep generation total 393216K, used 33600K [0x00000000e8000000, 0x0000000100000000, 0x0000000100000000)
 Metaspace       used 31985K, capacity 32708K, committed 33092K, reserved 1079296K
  class space    used 3616K, capacity 3848K, committed 3936K, reserved 1048576K
2018-06-19T15:08:29.513+0200: 299,366: [GC (Allocation Failure) 2018-06-19T15:08:29.513+0200: 299,366: [ParNew
Desired survivor size 20112992 bytes, new threshold 8 (max 8)
- age   1:    1925480 bytes,    1925480 total
- age   2:    1560496 bytes,    3485976 total
- age   3:     930976 bytes,    4416952 total
- age   4:     838072 bytes,    5255024 total
- age   5:     962120 bytes,    6217144 total
- age   6:     645200 bytes,    6862344 total
- age   7:     191248 bytes,    7053592 total
- age   8:     637464 bytes,    7691056 total
: 96367K->9446K(109248K), 0,0223329 secs] 129967K->44020K(502464K), 0,0224587 secs] [Times: user=0,08 sys=0,00, real=0,02 secs] 
Heap after GC invocations=20 (full 1):
 par new generation   total 109248K, used 9446K [0x00000000e0000000, 0x00000000e8000000, 0x00000000e8000000)
  eden space 87424K,   0% used [0x00000000e0000000, 0x00000000e0000000, 0x00000000e5560000)
  from space 21824K,  43% used [0x00000000e5560000, 0x00000000e5e99930, 0x00000000e6ab0000)
  to   space 21824K,   0% used [0x00000000e6ab0000, 0x00000000e6ab0000, 0x00000000e8000000)
 concurrent mark-sweep generation total 393216K, used 34573K [0x00000000e8000000, 0x0000000100000000, 0x0000000100000000)
 Metaspace       used 31985K, capacity 32708K, committed 33092K, reserved 1079296K
  class space    used 3616K, capacity 3848K, committed 3936K, reserved 1048576K
}
2018-06-19T15:08:29.536+0200: 299,388: Total time for which application threads were stopped: 0,0227639 seconds, Stopping threads took: 0,0000782 seconds
2018-06-19T15:08:29.659+0200: 299,511: Total time for which application threads were stopped: 0,0002387 seconds, Stopping threads took: 0,0000873 seconds
{Heap before GC invocations=20 (full 1):
 par new generation   total 109248K, used 96870K [0x00000000e0000000, 0x00000000e8000000, 0x00000000e8000000)
  eden space 87424K, 100% used [0x00000000e0000000, 0x00000000e5560000, 0x00000000e5560000)
  from space 21824K,  43% used [0x00000000e5560000, 0x00000000e5e99930, 0x00000000e6ab0000)
  to   space 21824K,   0% used [0x00000000e6ab0000, 0x00000000e6ab0000, 0x00000000e8000000)
 concurrent mark-sweep generation total 393216K, used 34573K [0x00000000e8000000, 0x0000000100000000, 0x0000000100000000)
 Metaspace       used 31998K, capacity 32714K, committed 33092K, reserved 1079296K
  class space    used 3616K, capacity 3849K, committed 3936K, reserved 1048576K
2018-06-19T15:08:29.663+0200: 299,516: [GC (Allocation Failure) 2018-06-19T15:08:29.663+0200: 299,516: [ParNew
Desired survivor size 20112992 bytes, new threshold 8 (max 8)
- age   1:    1501920 bytes,    1501920 total
- age   2:    1661288 bytes,    3163208 total
- age   3:    1560496 bytes,    4723704 total
- age   4:     930976 bytes,    5654680 total
- age   5:     838072 bytes,    6492752 total
- age   6:     962120 bytes,    7454872 total
- age   7:     645168 bytes,    8100040 total
- age   8:     190808 bytes,    8290848 total
: 96870K->10811K(109248K), 0,0195838 secs] 131444K->46008K(502464K), 0,0196876 secs] [Times: user=0,08 sys=0,00, real=0,01 secs] 
Heap after GC invocations=21 (full 1):
 par new generation   total 109248K, used 10811K [0x00000000e0000000, 0x00000000e8000000, 0x00000000e8000000)
  eden space 87424K,   0% used [0x00000000e0000000, 0x00000000e0000000, 0x00000000e5560000)
  from space 21824K,  49% used [0x00000000e6ab0000, 0x00000000e753ed00, 0x00000000e8000000)
  to   space 21824K,   0% used [0x00000000e5560000, 0x00000000e5560000, 0x00000000e6ab0000)
 concurrent mark-sweep generation total 393216K, used 35197K [0x00000000e8000000, 0x0000000100000000, 0x0000000100000000)
 Metaspace       used 31998K, capacity 32714K, committed 33092K, reserved 1079296K
  class space    used 3616K, capacity 3849K, committed 3936K, reserved 1048576K
}
2018-06-19T15:08:29.683+0200: 299,535: Total time for which application threads were stopped: 0,0200157 seconds, Stopping threads took: 0,0000677 seconds
{Heap before GC invocations=21 (full 1):
 par new generation   total 109248K, used 98235K [0x00000000e0000000, 0x00000000e8000000, 0x00000000e8000000)
  eden space 87424K, 100% used [0x00000000e0000000, 0x00000000e5560000, 0x00000000e5560000)
  from space 21824K,  49% used [0x00000000e6ab0000, 0x00000000e753ed00, 0x00000000e8000000)
  to   space 21824K,   0% used [0x00000000e5560000, 0x00000000e5560000, 0x00000000e6ab0000)
 concurrent mark-sweep generation total 393216K, used 35197K [0x00000000e8000000, 0x0000000100000000, 0x0000000100000000)
 Metaspace       used 32018K, capacity 32714K, committed 33092K, reserved 1079296K
  class space    used 3616K, capacity 3849K, committed 3936K, reserved 1048576K
2018-06-19T15:08:29.788+0200: 299,641: [GC (Allocation Failure) 2018-06-19T15:08:29.788+0200: 299,641: [ParNew
Desired survivor size 20112992 bytes, new threshold 8 (max 8)
- age   1:    1597184 bytes,    1597184 total
- age   2:     992472 bytes,    2589656 total
- age   3:    1661208 bytes,    4250864 total
- age   4:    1560472 bytes,    5811336 total
- age   5:     930976 bytes,    6742312 total
- age   6:     838072 bytes,    7580384 total
- age   7:     962088 bytes,    8542472 total
- age   8:     644728 bytes,    9187200 total
: 98235K->10885K(109248K), 0,0145741 secs] 133432K->46269K(502464K), 0,0150754 secs] [Times: user=0,05 sys=0,00, real=0,02 secs] 
Heap after GC invocations=22 (full 1):
 par new generation   total 109248K, used 10885K [0x00000000e0000000, 0x00000000e8000000, 0x00000000e8000000)
  eden space 87424K,   0% used [0x00000000e0000000, 0x00000000e0000000, 0x00000000e5560000)
  from space 21824K,  49% used [0x00000000e5560000, 0x00000000e6001690, 0x00000000e6ab0000)
  to   space 21824K,   0% used [0x00000000e6ab0000, 0x00000000e6ab0000, 0x00000000e8000000)
 concurrent mark-sweep generation total 393216K, used 35383K [0x00000000e8000000, 0x0000000100000000, 0x0000000100000000)
 Metaspace       used 32018K, capacity 32714K, committed 33092K, reserved 1079296K
  class space    used 3616K, capacity 3849K, committed 3936K, reserved 1048576K
}
2018-06-19T15:08:29.803+0200: 299,656: Total time for which application threads were stopped: 0,0158675 seconds, Stopping threads took: 0,0001327 seconds
{Heap before GC invocations=22 (full 1):
 par new generation   total 109248K, used 98309K [0x00000000e0000000, 0x00000000e8000000, 0x00000000e8000000)
  eden space 87424K, 100% used [0x00000000e0000000, 0x00000000e5560000, 0x00000000e5560000)
  from space 21824K,  49% used [0x00000000e5560000, 0x00000000e6001690, 0x00000000e6ab0000)
  to   space 21824K,   0% used [0x00000000e6ab0000, 0x00000000e6ab0000, 0x00000000e8000000)
 concurrent mark-sweep generation total 393216K, used 35383K [0x00000000e8000000, 0x0000000100000000, 0x0000000100000000)
 Metaspace       used 32029K, capacity 32778K, committed 33092K, reserved 1079296K
  class space    used 3616K, capacity 3849K, committed 3936K, reserved 1048576K
2018-06-19T15:08:29.906+0200: 299,759: [GC (Allocation Failure) 2018-06-19T15:08:29.906+0200: 299,759: [ParNew
Desired survivor size 20112992 bytes, new threshold 8 (max 8)
- age   1:    1862480 bytes,    1862480 total
- age   2:    1075192 bytes,    2937672 total
- age   3:     932088 bytes,    3869760 total
- age   4:     764152 bytes,    4633912 total
- age   5:      80688 bytes,    4714600 total
- age   6:      82896 bytes,    4797496 total
- age   7:      86528 bytes,    4884024 total
- age   8:     360208 bytes,    5244232 total
: 98309K->9923K(109248K), 0,0108250 secs] 133693K->45561K(502464K), 0,0109358 secs] [Times: user=0,04 sys=0,00, real=0,01 secs] 
Heap after GC invocations=23 (full 1):
 par new generation   total 109248K, used 9923K [0x00000000e0000000, 0x00000000e8000000, 0x00000000e8000000)
  eden space 87424K,   0% used [0x00000000e0000000, 0x00000000e0000000, 0x00000000e5560000)
  from space 21824K,  45% used [0x00000000e6ab0000, 0x00000000e7460c58, 0x00000000e8000000)
  to   space 21824K,   0% used [0x00000000e5560000, 0x00000000e5560000, 0x00000000e6ab0000)
 concurrent mark-sweep generation total 393216K, used 35638K [0x00000000e8000000, 0x0000000100000000, 0x0000000100000000)
 Metaspace       used 32029K, capacity 32778K, committed 33092K, reserved 1079296K
  class space    used 3616K, capacity 3849K, committed 3936K, reserved 1048576K
}
2018-06-19T15:08:29.917+0200: 299,770: Total time for which application threads were stopped: 0,0111958 seconds, Stopping threads took: 0,0000421 seconds
{Heap before GC invocations=23 (full 1):
 par new generation   total 109248K, used 97327K [0x00000000e0000000, 0x00000000e8000000, 0x00000000e8000000)
  eden space 87424K,  99% used [0x00000000e0000000, 0x00000000e555b068, 0x00000000e5560000)
  from space 21824K,  45% used [0x00000000e6ab0000, 0x00000000e7460c58, 0x00000000e8000000)
  to   space 21824K,   0% used [0x00000000e5560000, 0x00000000e5560000, 0x00000000e6ab0000)
 concurrent mark-sweep generation total 393216K, used 35638K [0x00000000e8000000, 0x0000000100000000, 0x0000000100000000)
 Metaspace       used 32033K, capacity 32778K, committed 33092K, reserved 1079296K
  class space    used 3616K, capacity 3849K, committed 3936K, reserved 1048576K
2018-06-19T15:08:30.024+0200: 299,877: [GC (Allocation Failure) 2018-06-19T15:08:30.024+0200: 299,877: [ParNew
Desired survivor size 20112992 bytes, new threshold 8 (max 8)
- age   1:    2109344 bytes,    2109344 total
- age   2:    1263368 bytes,    3372712 total
- age   3:     879080 bytes,    4251792 total
- age   4:     934128 bytes,    5185920 total
- age   5:     765424 bytes,    5951344 total
- age   6:      80688 bytes,    6032032 total
- age   7:      82864 bytes,    6114896 total
- age   8:      86296 bytes,    6201192 total
: 97327K->7362K(109248K), 0,0114180 secs] 132965K->43351K(502464K), 0,0115164 secs] [Times: user=0,05 sys=0,00, real=0,01 secs] 
Heap after GC invocations=24 (full 1):
 par new generation   total 109248K, used 7362K [0x00000000e0000000, 0x00000000e8000000, 0x00000000e8000000)
  eden space 87424K,   0% used [0x00000000e0000000, 0x00000000e0000000, 0x00000000e5560000)
  from space 21824K,  33% used [0x00000000e5560000, 0x00000000e5c908c0, 0x00000000e6ab0000)
  to   space 21824K,   0% used [0x00000000e6ab0000, 0x00000000e6ab0000, 0x00000000e8000000)
 concurrent mark-sweep generation total 393216K, used 35989K [0x00000000e8000000, 0x0000000100000000, 0x0000000100000000)
 Metaspace       used 32033K, capacity 32778K, committed 33092K, reserved 1079296K
  class space    used 3616K, capacity 3849K, committed 3936K, reserved 1048576K
}
2018-06-19T15:08:30.036+0200: 299,888: Total time for which application threads were stopped: 0,0117784 seconds, Stopping threads took: 0,0000367 seconds
{Heap before GC invocations=24 (full 1):
 par new generation   total 109248K, used 94786K [0x00000000e0000000, 0x00000000e8000000, 0x00000000e8000000)
  eden space 87424K, 100% used [0x00000000e0000000, 0x00000000e5560000, 0x00000000e5560000)
  from space 21824K,  33% used [0x00000000e5560000, 0x00000000e5c908c0, 0x00000000e6ab0000)
  to   space 21824K,   0% used [0x00000000e6ab0000, 0x00000000e6ab0000, 0x00000000e8000000)
 concurrent mark-sweep generation total 393216K, used 35989K [0x00000000e8000000, 0x0000000100000000, 0x0000000100000000)
 Metaspace       used 32034K, capacity 32778K, committed 33092K, reserved 1079296K
  class space    used 3616K, capacity 3849K, committed 3936K, reserved 1048576K
2018-06-19T15:08:30.140+0200: 299,993: [GC (Allocation Failure) 2018-06-19T15:08:30.141+0200: 299,993: [ParNew
Desired survivor size 20112992 bytes, new threshold 8 (max 8)
- age   1:    1962024 bytes,    1962024 total
- age   2:    1280032 bytes,    3242056 total
- age   3:    1163192 bytes,    4405248 total
- age   4:     877472 bytes,    5282720 total
- age   5:     932064 bytes,    6214784 total
- age   6:     763264 bytes,    6978048 total
- age   7:      80656 bytes,    7058704 total
- age   8:      82368 bytes,    7141072 total
: 94786K->9219K(109248K), 0,0107646 secs] 130775K->45293K(502464K), 0,0108669 secs] [Times: user=0,03 sys=0,00, real=0,02 secs] 
Heap after GC invocations=25 (full 1):
 par new generation   total 109248K, used 9219K [0x00000000e0000000, 0x00000000e8000000, 0x00000000e8000000)
  eden space 87424K,   0% used [0x00000000e0000000, 0x00000000e0000000, 0x00000000e5560000)
  from space 21824K,  42% used [0x00000000e6ab0000, 0x00000000e73b0d88, 0x00000000e8000000)
  to   space 21824K,   0% used [0x00000000e5560000, 0x00000000e5560000, 0x00000000e6ab0000)
 concurrent mark-sweep generation total 393216K, used 36074K [0x00000000e8000000, 0x0000000100000000, 0x0000000100000000)
 Metaspace       used 32034K, capacity 32778K, committed 33092K, reserved 1079296K
  class space    used 3616K, capacity 3849K, committed 3936K, reserved 1048576K
}
2018-06-19T15:08:30.151+0200: 300,004: Total time for which application threads were stopped: 0,0111326 seconds, Stopping threads took: 0,0000394 seconds
{Heap before GC invocations=25 (full 1):
 par new generation   total 109248K, used 96627K [0x00000000e0000000, 0x00000000e8000000, 0x00000000e8000000)
  eden space 87424K,  99% used [0x00000000e0000000, 0x00000000e555c090, 0x00000000e5560000)
  from space 21824K,  42% used [0x00000000e6ab0000, 0x00000000e73b0d88, 0x00000000e8000000)
  to   space 21824K,   0% used [0x00000000e5560000, 0x00000000e5560000, 0x00000000e6ab0000)
 concurrent mark-sweep generation total 393216K, used 36074K [0x00000000e8000000, 0x0000000100000000, 0x0000000100000000)
 Metaspace       used 32038K, capacity 32778K, committed 33092K, reserved 1079296K
  class space    used 3616K, capacity 3849K, committed 3936K, reserved 1048576K
2018-06-19T15:08:30.247+0200: 300,099: [GC (Allocation Failure) 2018-06-19T15:08:30.247+0200: 300,099: [ParNew
Desired survivor size 20112992 bytes, new threshold 8 (max 8)
- age   1:    1911960 bytes,    1911960 total
- age   2:    1059944 bytes,    2971904 total
- age   3:    1280096 bytes,    4252000 total
- age   4:    1163432 bytes,    5415432 total
- age   5:     877664 bytes,    6293096 total
- age   6:     932160 bytes,    7225256 total
- age   7:     763376 bytes,    7988632 total
- age   8:      80424 bytes,    8069056 total
: 96627K->9830K(109248K), 0,0068597 secs] 132701K->45984K(502464K), 0,0069493 secs] [Times: user=0,03 sys=0,00, real=0,01 secs] 
Heap after GC invocations=26 (full 1):
 par new generation   total 109248K, used 9830K [0x00000000e0000000, 0x00000000e8000000, 0x00000000e8000000)
  eden space 87424K,   0% used [0x00000000e0000000, 0x00000000e0000000, 0x00000000e5560000)
  from space 21824K,  45% used [0x00000000e5560000, 0x00000000e5ef99e0, 0x00000000e6ab0000)
  to   space 21824K,   0% used [0x00000000e6ab0000, 0x00000000e6ab0000, 0x00000000e8000000)
 concurrent mark-sweep generation total 393216K, used 36154K [0x00000000e8000000, 0x0000000100000000, 0x0000000100000000)
 Metaspace       used 32038K, capacity 32778K, committed 33092K, reserved 1079296K
  class space    used 3616K, capacity 3849K, committed 3936K, reserved 1048576K
}
2018-06-19T15:08:30.254+0200: 300,106: Total time for which application threads were stopped: 0,0073013 seconds, Stopping threads took: 0,0000762 seconds
{Heap before GC invocations=26 (full 1):
 par new generation   total 109248K, used 97254K [0x00000000e0000000, 0x00000000e8000000, 0x00000000e8000000)
  eden space 87424K, 100% used [0x00000000e0000000, 0x00000000e5560000, 0x00000000e5560000)
  from space 21824K,  45% used [0x00000000e5560000, 0x00000000e5ef99e0, 0x00000000e6ab0000)
  to   space 21824K,   0% used [0x00000000e6ab0000, 0x00000000e6ab0000, 0x00000000e8000000)
 concurrent mark-sweep generation total 393216K, used 36154K [0x00000000e8000000, 0x0000000100000000, 0x0000000100000000)
 Metaspace       used 32038K, capacity 32778K, committed 33092K, reserved 1079296K
  class space    used 3616K, capacity 3849K, committed 3936K, reserved 1048576K
2018-06-19T15:08:30.349+0200: 300,201: [GC (Allocation Failure) 2018-06-19T15:08:30.349+0200: 300,201: [ParNew
Desired survivor size 20112992 bytes, new threshold 8 (max 8)
- age   1:    2499752 bytes,    2499752 total
- age   2:     859472 bytes,    3359224 total
- age   3:    1059752 bytes,    4418976 total
- age   4:    1083224 bytes,    5502200 total
- age   5:    1163192 bytes,    6665392 total
- age   6:     877472 bytes,    7542864 total
- age   7:     932032 bytes,    8474896 total
- age   8:     763000 bytes,    9237896 total
: 97254K->12060K(109248K), 0,0218530 secs] 133408K->48293K(502464K), 0,0220048 secs] [Times: user=0,07 sys=0,00, real=0,02 secs] 
Heap after GC invocations=27 (full 1):
 par new generation   total 109248K, used 12060K [0x00000000e0000000, 0x00000000e8000000, 0x00000000e8000000)
  eden space 87424K,   0% used [0x00000000e0000000, 0x00000000e0000000, 0x00000000e5560000)
  from space 21824K,  55% used [0x00000000e6ab0000, 0x00000000e7677278, 0x00000000e8000000)
  to   space 21824K,   0% used [0x00000000e5560000, 0x00000000e5560000, 0x00000000e6ab0000)
 concurrent mark-sweep generation total 393216K, used 36232K [0x00000000e8000000, 0x0000000100000000, 0x0000000100000000)
 Metaspace       used 32038K, capacity 32778K, committed 33092K, reserved 1079296K
  class space    used 3616K, capacity 3849K, committed 3936K, reserved 1048576K
}
2018-06-19T15:08:30.371+0200: 300,223: Total time for which application threads were stopped: 0,0223301 seconds, Stopping threads took: 0,0000532 seconds
2018-06-19T15:08:30.434+0200: 300,287: Total time for which application threads were stopped: 0,0007926 seconds, Stopping threads took: 0,0006684 seconds
{Heap before GC invocations=27 (full 1):
 par new generation   total 109248K, used 99484K [0x00000000e0000000, 0x00000000e8000000, 0x00000000e8000000)
  eden space 87424K, 100% used [0x00000000e0000000, 0x00000000e5560000, 0x00000000e5560000)
  from space 21824K,  55% used [0x00000000e6ab0000, 0x00000000e7677278, 0x00000000e8000000)
  to   space 21824K,   0% used [0x00000000e5560000, 0x00000000e5560000, 0x00000000e6ab0000)
 concurrent mark-sweep generation total 393216K, used 36232K [0x00000000e8000000, 0x0000000100000000, 0x0000000100000000)
 Metaspace       used 32045K, capacity 32778K, committed 33092K, reserved 1079296K
  class space    used 3616K, capacity 3849K, committed 3936K, reserved 1048576K
2018-06-19T15:08:30.468+0200: 300,321: [GC (Allocation Failure) 2018-06-19T15:08:30.468+0200: 300,321: [ParNew
Desired survivor size 20112992 bytes, new threshold 8 (max 8)
- age   1:    2321856 bytes,    2321856 total
- age   2:    1859688 bytes,    4181544 total
- age   3:     859256 bytes,    5040800 total
- age   4:    1057536 bytes,    6098336 total
- age   5:     886568 bytes,    6984904 total
- age   6:    1162832 bytes,    8147736 total
- age   7:     877440 bytes,    9025176 total
- age   8:     931800 bytes,    9956976 total
: 99484K->12892K(109248K), 0,0170860 secs] 135717K->49881K(502464K), 0,0171770 secs] [Times: user=0,06 sys=0,00, real=0,02 secs] 
Heap after GC invocations=28 (full 1):
 par new generation   total 109248K, used 12892K [0x00000000e0000000, 0x00000000e8000000, 0x00000000e8000000)
  eden space 87424K,   0% used [0x00000000e0000000, 0x00000000e0000000, 0x00000000e5560000)
  from space 21824K,  59% used [0x00000000e5560000, 0x00000000e61f73c0, 0x00000000e6ab0000)
  to   space 21824K,   0% used [0x00000000e6ab0000, 0x00000000e6ab0000, 0x00000000e8000000)
 concurrent mark-sweep generation total 393216K, used 36988K [0x00000000e8000000, 0x0000000100000000, 0x0000000100000000)
 Metaspace       used 32045K, capacity 32778K, committed 33092K, reserved 1079296K
  class space    used 3616K, capacity 3849K, committed 3936K, reserved 1048576K
}
2018-06-19T15:08:30.485+0200: 300,338: Total time for which application threads were stopped: 0,0175283 seconds, Stopping threads took: 0,0001168 seconds
2018-06-19T15:08:30.499+0200: 300,351: Total time for which application threads were stopped: 0,0008192 seconds, Stopping threads took: 0,0007195 seconds
2018-06-19T15:08:30.506+0200: 300,359: Total time for which application threads were stopped: 0,0001477 seconds, Stopping threads took: 0,0000444 seconds
2018-06-19T15:08:30.506+0200: 300,359: Total time for which application threads were stopped: 0,0000961 seconds, Stopping threads took: 0,0000319 seconds
2018-06-19T15:08:30.551+0200: 300,404: Total time for which application threads were stopped: 0,0065183 seconds, Stopping threads took: 0,0060970 seconds
2018-06-19T15:08:30.562+0200: 300,414: Total time for which application threads were stopped: 0,0024781 seconds, Stopping threads took: 0,0023584 seconds
2018-06-19T15:08:30.563+0200: 300,416: Total time for which application threads were stopped: 0,0002032 seconds, Stopping threads took: 0,0000979 seconds
{Heap before GC invocations=28 (full 1):
 par new generation   total 109248K, used 100316K [0x00000000e0000000, 0x00000000e8000000, 0x00000000e8000000)
  eden space 87424K, 100% used [0x00000000e0000000, 0x00000000e5560000, 0x00000000e5560000)
  from space 21824K,  59% used [0x00000000e5560000, 0x00000000e61f73c0, 0x00000000e6ab0000)
  to   space 21824K,   0% used [0x00000000e6ab0000, 0x00000000e6ab0000, 0x00000000e8000000)
 concurrent mark-sweep generation total 393216K, used 36988K [0x00000000e8000000, 0x0000000100000000, 0x0000000100000000)
 Metaspace       used 32047K, capacity 32778K, committed 33092K, reserved 1079296K
  class space    used 3616K, capacity 3849K, committed 3936K, reserved 1048576K
2018-06-19T15:08:30.600+0200: 300,453: [GC (Allocation Failure) 2018-06-19T15:08:30.600+0200: 300,453: [ParNew
Desired survivor size 20112992 bytes, new threshold 8 (max 8)
- age   1:    1615168 bytes,    1615168 total
- age   2:    2037896 bytes,    3653064 total
- age   3:    1804608 bytes,    5457672 total
- age   4:     804368 bytes,    6262040 total
- age   5:    1003584 bytes,    7265624 total
- age   6:     832280 bytes,    8097904 total
- age   7:    1113696 bytes,    9211600 total
- age   8:     832328 bytes,   10043928 total
: 100316K->12187K(109248K), 0,0177328 secs] 137305K->50043K(502464K), 0,0178436 secs] [Times: user=0,07 sys=0,00, real=0,02 secs] 
Heap after GC invocations=29 (full 1):
 par new generation   total 109248K, used 12187K [0x00000000e0000000, 0x00000000e8000000, 0x00000000e8000000)
  eden space 87424K,   0% used [0x00000000e0000000, 0x00000000e0000000, 0x00000000e5560000)
  from space 21824K,  55% used [0x00000000e6ab0000, 0x00000000e7696c70, 0x00000000e8000000)
  to   space 21824K,   0% used [0x00000000e5560000, 0x00000000e5560000, 0x00000000e6ab0000)
 concurrent mark-sweep generation total 393216K, used 37856K [0x00000000e8000000, 0x0000000100000000, 0x0000000100000000)
 Metaspace       used 32047K, capacity 32778K, committed 33092K, reserved 1079296K
  class space    used 3616K, capacity 3849K, committed 3936K, reserved 1048576K
}
2018-06-19T15:08:30.618+0200: 300,470: Total time for which application threads were stopped: 0,0181235 seconds, Stopping threads took: 0,0000758 seconds
{Heap before GC invocations=29 (full 1):
 par new generation   total 109248K, used 99611K [0x00000000e0000000, 0x00000000e8000000, 0x00000000e8000000)
  eden space 87424K, 100% used [0x00000000e0000000, 0x00000000e5560000, 0x00000000e5560000)
  from space 21824K,  55% used [0x00000000e6ab0000, 0x00000000e7696c70, 0x00000000e8000000)
  to   space 21824K,   0% used [0x00000000e5560000, 0x00000000e5560000, 0x00000000e6ab0000)
 concurrent mark-sweep generation total 393216K, used 37856K [0x00000000e8000000, 0x0000000100000000, 0x0000000100000000)
 Metaspace       used 32055K, capacity 32778K, committed 33092K, reserved 1079296K
  class space    used 3616K, capacity 3849K, committed 3936K, reserved 1048576K
2018-06-19T15:08:30.698+0200: 300,551: [GC (Allocation Failure) 2018-06-19T15:08:30.698+0200: 300,551: [ParNew
Desired survivor size 20112992 bytes, new threshold 8 (max 8)
- age   1:    1578072 bytes,    1578072 total
- age   2:    1226440 bytes,    2804512 total
- age   3:    2036832 bytes,    4841344 total
- age   4:    1804608 bytes,    6645952 total
- age   5:     804368 bytes,    7450320 total
- age   6:    1003584 bytes,    8453904 total
- age   7:     832248 bytes,    9286152 total
- age   8:    1113464 bytes,   10399616 total
: 99611K->15006K(109248K), 0,0104478 secs] 137467K->53683K(502464K), 0,0105462 secs] [Times: user=0,04 sys=0,00, real=0,01 secs] 
Heap after GC invocations=30 (full 1):
 par new generation   total 109248K, used 15006K [0x00000000e0000000, 0x00000000e8000000, 0x00000000e8000000)
  eden space 87424K,   0% used [0x00000000e0000000, 0x00000000e0000000, 0x00000000e5560000)
  from space 21824K,  68% used [0x00000000e5560000, 0x00000000e64079e0, 0x00000000e6ab0000)
  to   space 21824K,   0% used [0x00000000e6ab0000, 0x00000000e6ab0000, 0x00000000e8000000)
 concurrent mark-sweep generation total 393216K, used 38677K [0x00000000e8000000, 0x0000000100000000, 0x0000000100000000)
 Metaspace       used 32055K, capacity 32778K, committed 33092K, reserved 1079296K
  class space    used 3616K, capacity 3849K, committed 3936K, reserved 1048576K
}
2018-06-19T15:08:30.709+0200: 300,561: Total time for which application threads were stopped: 0,0108812 seconds, Stopping threads took: 0,0000809 seconds
2018-06-19T15:08:30.822+0200: 300,674: Total time for which application threads were stopped: 0,0001648 seconds, Stopping threads took: 0,0000564 seconds
2018-06-19T15:08:30.848+0200: 300,700: Total time for which application threads were stopped: 0,0001292 seconds, Stopping threads took: 0,0000346 seconds
2018-06-19T15:08:30.849+0200: 300,702: Total time for which application threads were stopped: 0,0001077 seconds, Stopping threads took: 0,0000239 seconds
2018-06-19T15:08:30.850+0200: 300,702: Total time for which application threads were stopped: 0,0001642 seconds, Stopping threads took: 0,0000163 seconds
2018-06-19T15:08:30.872+0200: 300,725: Total time for which application threads were stopped: 0,0001098 seconds, Stopping threads took: 0,0000301 seconds
{Heap before GC invocations=30 (full 1):
 par new generation   total 109248K, used 102430K [0x00000000e0000000, 0x00000000e8000000, 0x00000000e8000000)
  eden space 87424K, 100% used [0x00000000e0000000, 0x00000000e5560000, 0x00000000e5560000)
  from space 21824K,  68% used [0x00000000e5560000, 0x00000000e64079e0, 0x00000000e6ab0000)
  to   space 21824K,   0% used [0x00000000e6ab0000, 0x00000000e6ab0000, 0x00000000e8000000)
 concurrent mark-sweep generation total 393216K, used 38677K [0x00000000e8000000, 0x0000000100000000, 0x0000000100000000)
 Metaspace       used 32087K, capacity 32778K, committed 33092K, reserved 1079296K
  class space    used 3616K, capacity 3849K, committed 3936K, reserved 1048576K
2018-06-19T15:08:30.888+0200: 300,740: [GC (Allocation Failure) 2018-06-19T15:08:30.888+0200: 300,740: [ParNew
Desired survivor size 20112992 bytes, new threshold 8 (max 8)
- age   1:    1195712 bytes,    1195712 total
- age   2:     961008 bytes,    2156720 total
- age   3:     785560 bytes,    2942280 total
- age   4:    1995728 bytes,    4938008 total
- age   5:    1649824 bytes,    6587832 total
- age   6:     652976 bytes,    7240808 total
- age   7:     855200 bytes,    8096008 total
- age   8:     682448 bytes,    8778456 total
: 102430K->11904K(109248K), 0,0145168 secs] 141107K->51533K(502464K), 0,0145949 secs] [Times: user=0,05 sys=0,00, real=0,01 secs] 
Heap after GC invocations=31 (full 1):
 par new generation   total 109248K, used 11904K [0x00000000e0000000, 0x00000000e8000000, 0x00000000e8000000)
  eden space 87424K,   0% used [0x00000000e0000000, 0x00000000e0000000, 0x00000000e5560000)
  from space 21824K,  54% used [0x00000000e6ab0000, 0x00000000e7650200, 0x00000000e8000000)
  to   space 21824K,   0% used [0x00000000e5560000, 0x00000000e5560000, 0x00000000e6ab0000)
 concurrent mark-sweep generation total 393216K, used 39628K [0x00000000e8000000, 0x0000000100000000, 0x0000000100000000)
 Metaspace       used 32087K, capacity 32778K, committed 33092K, reserved 1079296K
  class space    used 3616K, capacity 3849K, committed 3936K, reserved 1048576K
}
2018-06-19T15:08:30.902+0200: 300,755: Total time for which application threads were stopped: 0,0148603 seconds, Stopping threads took: 0,0001000 seconds
2018-06-19T15:08:30.909+0200: 300,762: Total time for which application threads were stopped: 0,0001325 seconds, Stopping threads took: 0,0000471 seconds
2018-06-19T15:08:30.910+0200: 300,762: Total time for which application threads were stopped: 0,0000767 seconds, Stopping threads took: 0,0000186 seconds
2018-06-19T15:08:30.910+0200: 300,762: Total time for which application threads were stopped: 0,0000687 seconds, Stopping threads took: 0,0000289 seconds
2018-06-19T15:08:30.910+0200: 300,762: Total time for which application threads were stopped: 0,0000731 seconds, Stopping threads took: 0,0000323 seconds
2018-06-19T15:08:30.910+0200: 300,763: Total time for which application threads were stopped: 0,0000626 seconds, Stopping threads took: 0,0000298 seconds
2018-06-19T15:08:30.930+0200: 300,783: Total time for which application threads were stopped: 0,0001179 seconds, Stopping threads took: 0,0000279 seconds
2018-06-19T15:08:30.931+0200: 300,783: Total time for which application threads were stopped: 0,0000911 seconds, Stopping threads took: 0,0000274 seconds
2018-06-19T15:08:30.931+0200: 300,784: Total time for which application threads were stopped: 0,0001121 seconds, Stopping threads took: 0,0000392 seconds
2018-06-19T15:08:30.931+0200: 300,784: Total time for which application threads were stopped: 0,0000982 seconds, Stopping threads took: 0,0000398 seconds
2018-06-19T15:08:30.932+0200: 300,784: Total time for which application threads were stopped: 0,0001013 seconds, Stopping threads took: 0,0000360 seconds
2018-06-19T15:08:30.933+0200: 300,785: Total time for which application threads were stopped: 0,0002152 seconds, Stopping threads took: 0,0000485 seconds
2018-06-19T15:08:31.407+0200: 301,259: Total time for which application threads were stopped: 0,0001442 seconds, Stopping threads took: 0,0000536 seconds
2018-06-19T15:08:31.407+0200: 301,259: Total time for which application threads were stopped: 0,0000540 seconds, Stopping threads took: 0,0000135 seconds
2018-06-19T15:08:31.407+0200: 301,259: Total time for which application threads were stopped: 0,0000636 seconds, Stopping threads took: 0,0000332 seconds
2018-06-19T15:08:31.407+0200: 301,259: Total time for which application threads were stopped: 0,0000402 seconds, Stopping threads took: 0,0000130 seconds
2018-06-19T15:08:31.409+0200: 301,262: Total time for which application threads were stopped: 0,0001063 seconds, Stopping threads took: 0,0000247 seconds
2018-06-19T15:08:32.410+0200: 302,262: Total time for which application threads were stopped: 0,0002291 seconds, Stopping threads took: 0,0000435 seconds
2018-06-19T15:08:33.062+0200: 302,914: Total time for which application threads were stopped: 0,0005482 seconds, Stopping threads took: 0,0000163 seconds
2018-06-19T15:08:33.063+0200: 302,915: Total time for which application threads were stopped: 0,0005439 seconds, Stopping threads took: 0,0000146 seconds
2018-06-19T15:08:33.069+0200: 302,921: Total time for which application threads were stopped: 0,0001284 seconds, Stopping threads took: 0,0000561 seconds
2018-06-19T15:08:33.084+0200: 302,937: Total time for which application threads were stopped: 0,0002589 seconds, Stopping threads took: 0,0001299 seconds
2018-06-19T15:08:33.086+0200: 302,939: Total time for which application threads were stopped: 0,0001484 seconds, Stopping threads took: 0,0000465 seconds
2018-06-19T15:08:33.091+0200: 302,943: Total time for which application threads were stopped: 0,0045435 seconds, Stopping threads took: 0,0044298 seconds
2018-06-19T15:08:33.092+0200: 302,944: Total time for which application threads were stopped: 0,0009334 seconds, Stopping threads took: 0,0008517 seconds
2018-06-19T15:08:33.094+0200: 302,946: Total time for which application threads were stopped: 0,0012446 seconds, Stopping threads took: 0,0011512 seconds
2018-06-19T15:08:33.094+0200: 302,947: Total time for which application threads were stopped: 0,0002430 seconds, Stopping threads took: 0,0001478 seconds
2018-06-19T15:08:33.095+0200: 302,947: Total time for which application threads were stopped: 0,0001304 seconds, Stopping threads took: 0,0000629 seconds
2018-06-19T15:08:33.095+0200: 302,948: Total time for which application threads were stopped: 0,0000864 seconds, Stopping threads took: 0,0000353 seconds
2018-06-19T15:08:33.095+0200: 302,948: Total time for which application threads were stopped: 0,0000936 seconds, Stopping threads took: 0,0000442 seconds
2018-06-19T15:08:33.096+0200: 302,948: Total time for which application threads were stopped: 0,0000716 seconds, Stopping threads took: 0,0000250 seconds
2018-06-19T15:08:33.096+0200: 302,948: Total time for which application threads were stopped: 0,0000555 seconds, Stopping threads took: 0,0000228 seconds
2018-06-19T15:08:33.096+0200: 302,948: Total time for which application threads were stopped: 0,0000534 seconds, Stopping threads took: 0,0000222 seconds
2018-06-19T15:08:33.097+0200: 302,950: Total time for which application threads were stopped: 0,0001202 seconds, Stopping threads took: 0,0000246 seconds
2018-06-19T15:08:33.097+0200: 302,950: Total time for which application threads were stopped: 0,0000666 seconds, Stopping threads took: 0,0000300 seconds
2018-06-19T15:08:33.099+0200: 302,952: Total time for which application threads were stopped: 0,0001037 seconds, Stopping threads took: 0,0000280 seconds
2018-06-19T15:08:33.099+0200: 302,952: Total time for which application threads were stopped: 0,0001258 seconds, Stopping threads took: 0,0000613 seconds
2018-06-19T15:08:33.100+0200: 302,952: Total time for which application threads were stopped: 0,0000861 seconds, Stopping threads took: 0,0000367 seconds
2018-06-19T15:08:33.100+0200: 302,952: Total time for which application threads were stopped: 0,0000957 seconds, Stopping threads took: 0,0000383 seconds
2018-06-19T15:08:33.100+0200: 302,952: Total time for which application threads were stopped: 0,0000866 seconds, Stopping threads took: 0,0000366 seconds
2018-06-19T15:08:33.100+0200: 302,952: Total time for which application threads were stopped: 0,0000821 seconds, Stopping threads took: 0,0000300 seconds
2018-06-19T15:08:33.100+0200: 302,953: Total time for which application threads were stopped: 0,0000694 seconds, Stopping threads took: 0,0000253 seconds
2018-06-19T15:08:33.102+0200: 302,954: Total time for which application threads were stopped: 0,0001430 seconds, Stopping threads took: 0,0000400 seconds
2018-06-19T15:08:33.103+0200: 302,955: Total time for which application threads were stopped: 0,0001349 seconds, Stopping threads took: 0,0000481 seconds
2018-06-19T15:08:33.103+0200: 302,956: Total time for which application threads were stopped: 0,0000762 seconds, Stopping threads took: 0,0000265 seconds
2018-06-19T15:08:33.103+0200: 302,956: Total time for which application threads were stopped: 0,0001377 seconds, Stopping threads took: 0,0000284 seconds
2018-06-19T15:08:33.104+0200: 302,956: Total time for which application threads were stopped: 0,0000657 seconds, Stopping threads took: 0,0000259 seconds
2018-06-19T15:08:33.104+0200: 302,956: Total time for which application threads were stopped: 0,0000850 seconds, Stopping threads took: 0,0000496 seconds
2018-06-19T15:08:33.104+0200: 302,956: Total time for which application threads were stopped: 0,0000909 seconds, Stopping threads took: 0,0000589 seconds
2018-06-19T15:08:33.105+0200: 302,957: Total time for which application threads were stopped: 0,0001815 seconds, Stopping threads took: 0,0001160 seconds
2018-06-19T15:08:33.105+0200: 302,957: Total time for which application threads were stopped: 0,0000872 seconds, Stopping threads took: 0,0000331 seconds
2018-06-19T15:08:33.105+0200: 302,958: Total time for which application threads were stopped: 0,0000870 seconds, Stopping threads took: 0,0000470 seconds
2018-06-19T15:08:33.107+0200: 302,959: Total time for which application threads were stopped: 0,0017195 seconds, Stopping threads took: 0,0016860 seconds
2018-06-19T15:08:33.107+0200: 302,959: Total time for which application threads were stopped: 0,0000537 seconds, Stopping threads took: 0,0000254 seconds
2018-06-19T15:08:33.107+0200: 302,960: Total time for which application threads were stopped: 0,0001020 seconds, Stopping threads took: 0,0000761 seconds
2018-06-19T15:08:33.108+0200: 302,961: Total time for which application threads were stopped: 0,0001230 seconds, Stopping threads took: 0,0000377 seconds
2018-06-19T15:08:33.109+0200: 302,961: Total time for which application threads were stopped: 0,0000778 seconds, Stopping threads took: 0,0000403 seconds
2018-06-19T15:08:33.109+0200: 302,961: Total time for which application threads were stopped: 0,0000631 seconds, Stopping threads took: 0,0000162 seconds
2018-06-19T15:08:33.109+0200: 302,961: Total time for which application threads were stopped: 0,0000511 seconds, Stopping threads took: 0,0000121 seconds
2018-06-19T15:08:33.109+0200: 302,961: Total time for which application threads were stopped: 0,0000500 seconds, Stopping threads took: 0,0000113 seconds
2018-06-19T15:08:33.109+0200: 302,961: Total time for which application threads were stopped: 0,0000499 seconds, Stopping threads took: 0,0000120 seconds
2018-06-19T15:08:33.110+0200: 302,963: Total time for which application threads were stopped: 0,0000998 seconds, Stopping threads took: 0,0000290 seconds
2018-06-19T15:08:33.111+0200: 302,963: Total time for which application threads were stopped: 0,0000557 seconds, Stopping threads took: 0,0000181 seconds
2018-06-19T15:08:33.111+0200: 302,963: Total time for which application threads were stopped: 0,0000498 seconds, Stopping threads took: 0,0000117 seconds
2018-06-19T15:08:33.111+0200: 302,963: Total time for which application threads were stopped: 0,0000469 seconds, Stopping threads took: 0,0000114 seconds
2018-06-19T15:08:33.111+0200: 302,963: Total time for which application threads were stopped: 0,0000463 seconds, Stopping threads took: 0,0000113 seconds
2018-06-19T15:08:33.111+0200: 302,963: Total time for which application threads were stopped: 0,0000472 seconds, Stopping threads took: 0,0000111 seconds
2018-06-19T15:08:33.111+0200: 302,963: Total time for which application threads were stopped: 0,0000467 seconds, Stopping threads took: 0,0000113 seconds
2018-06-19T15:08:33.111+0200: 302,963: Total time for which application threads were stopped: 0,0000451 seconds, Stopping threads took: 0,0000108 seconds
2018-06-19T15:08:33.111+0200: 302,964: Total time for which application threads were stopped: 0,0000455 seconds, Stopping threads took: 0,0000109 seconds
2018-06-19T15:08:33.111+0200: 302,964: Total time for which application threads were stopped: 0,0000482 seconds, Stopping threads took: 0,0000110 seconds
2018-06-19T15:08:33.113+0200: 302,965: Total time for which application threads were stopped: 0,0000900 seconds, Stopping threads took: 0,0000281 seconds
2018-06-19T15:08:33.113+0200: 302,965: Total time for which application threads were stopped: 0,0000716 seconds, Stopping threads took: 0,0000306 seconds
2018-06-19T15:08:33.113+0200: 302,966: Total time for which application threads were stopped: 0,0000509 seconds, Stopping threads took: 0,0000129 seconds
2018-06-19T15:08:33.115+0200: 302,967: Total time for which application threads were stopped: 0,0001704 seconds, Stopping threads took: 0,0000337 seconds
2018-06-19T15:08:33.117+0200: 302,970: Total time for which application threads were stopped: 0,0001308 seconds, Stopping threads took: 0,0000306 seconds
Heap
 par new generation   total 109248K, used 31120K [0x00000000e0000000, 0x00000000e8000000, 0x00000000e8000000)
  eden space 87424K,  21% used [0x00000000e0000000, 0x00000000e12c4110, 0x00000000e5560000)
  from space 21824K,  54% used [0x00000000e6ab0000, 0x00000000e7650200, 0x00000000e8000000)
  to   space 21824K,   0% used [0x00000000e5560000, 0x00000000e5560000, 0x00000000e6ab0000)
 concurrent mark-sweep generation total 393216K, used 39628K [0x00000000e8000000, 0x0000000100000000, 0x0000000100000000)
 Metaspace       used 32191K, capacity 32922K, committed 33348K, reserved 1079296K
  class space    used 3628K, capacity 3851K, committed 3936K, reserved 1048576K
