OpenJDK 64-Bit Server VM (25.162-b12) for linux-amd64 JRE (1.8.0_162-8u162-b12-0ubuntu0.16.04.2-b12), built on Mar 14 2018 12:11:18 by "buildd" with gcc 5.4.0 20160609
Memory: 4k page, physical 7867624k(1952404k free), swap 8076284k(8076284k free)
CommandLine flags: -XX:CMSInitiatingOccupancyFraction=50 -XX:CMSMaxAbortablePrecleanTime=6000 -XX:+CMSParallelRemarkEnabled -XX:+CMSScavengeBeforeRemark -XX:ConcGCThreads=4 -XX:InitialHeapSize=536870912 -XX:MaxHeapSize=536870912 -XX:MaxTenuringThreshold=8 -XX:NewRatio=3 -XX:OldPLABSize=16 -XX:OnOutOfMemoryError=/home/gurnoor/workspace/QTM/solr/bin/oom_solr.sh 8983 /home/gurnoor/workspace/QTM/solr/server/logs -XX:ParallelGCThreads=4 -XX:+ParallelRefProcEnabled -XX:PretenureSizeThreshold=67108864 -XX:+PrintGC -XX:+PrintGCApplicationStoppedTime -XX:+PrintGCDateStamps -XX:+PrintGCDetails -XX:+PrintGCTimeStamps -XX:+PrintHeapAtGC -XX:+PrintTenuringDistribution -XX:SurvivorRatio=4 -XX:TargetSurvivorRatio=90 -XX:ThreadStackSize=256 -XX:+UseCMSInitiatingOccupancyOnly -XX:+UseCompressedClassPointers -XX:+UseCompressedOops -XX:+UseConcMarkSweepGC -XX:+UseParNewGC 
2018-04-06T22:22:57.154+0200: 0,291: Total time for which application threads were stopped: 0,0008005 seconds, Stopping threads took: 0,0001019 seconds
2018-04-06T22:22:57.395+0200: 0,532: Total time for which application threads were stopped: 0,0001395 seconds, Stopping threads took: 0,0000238 seconds
2018-04-06T22:22:57.433+0200: 0,571: Total time for which application threads were stopped: 0,0010307 seconds, Stopping threads took: 0,0009574 seconds
2018-04-06T22:22:57.774+0200: 0,912: Total time for which application threads were stopped: 0,0010663 seconds, Stopping threads took: 0,0006944 seconds
2018-04-06T22:22:58.318+0200: 1,456: Total time for which application threads were stopped: 0,0002337 seconds, Stopping threads took: 0,0000281 seconds
2018-04-06T22:22:58.468+0200: 1,606: Total time for which application threads were stopped: 0,0020614 seconds, Stopping threads took: 0,0001691 seconds
2018-04-06T22:22:58.520+0200: 1,657: Total time for which application threads were stopped: 0,0004414 seconds, Stopping threads took: 0,0001396 seconds
2018-04-06T22:22:59.128+0200: 2,265: Total time for which application threads were stopped: 0,0011407 seconds, Stopping threads took: 0,0001101 seconds
2018-04-06T22:22:59.513+0200: 2,651: Total time for which application threads were stopped: 0,0003392 seconds, Stopping threads took: 0,0000137 seconds
2018-04-06T22:22:59.557+0200: 2,695: Total time for which application threads were stopped: 0,0002855 seconds, Stopping threads took: 0,0000307 seconds
2018-04-06T22:22:59.633+0200: 2,770: Total time for which application threads were stopped: 0,0019105 seconds, Stopping threads took: 0,0016195 seconds
2018-04-06T22:22:59.647+0200: 2,785: Total time for which application threads were stopped: 0,0003076 seconds, Stopping threads took: 0,0000449 seconds
2018-04-06T22:22:59.687+0200: 2,825: Total time for which application threads were stopped: 0,0002746 seconds, Stopping threads took: 0,0000368 seconds
2018-04-06T22:22:59.909+0200: 3,046: Total time for which application threads were stopped: 0,0002135 seconds, Stopping threads took: 0,0000190 seconds
2018-04-06T22:23:00.161+0200: 3,298: Total time for which application threads were stopped: 0,0005029 seconds, Stopping threads took: 0,0002339 seconds
{Heap before GC invocations=0 (full 0):
 par new generation   total 109248K, used 87424K [0x00000000e0000000, 0x00000000e8000000, 0x00000000e8000000)
  eden space 87424K, 100% used [0x00000000e0000000, 0x00000000e5560000, 0x00000000e5560000)
  from space 21824K,   0% used [0x00000000e5560000, 0x00000000e5560000, 0x00000000e6ab0000)
  to   space 21824K,   0% used [0x00000000e6ab0000, 0x00000000e6ab0000, 0x00000000e8000000)
 concurrent mark-sweep generation total 393216K, used 0K [0x00000000e8000000, 0x0000000100000000, 0x0000000100000000)
 Metaspace       used 18274K, capacity 18600K, committed 18944K, reserved 1067008K
  class space    used 2063K, capacity 2198K, committed 2304K, reserved 1048576K
2018-04-06T22:23:00.311+0200: 3,449: [GC (Allocation Failure) 2018-04-06T22:23:00.311+0200: 3,449: [ParNew
Desired survivor size 20112992 bytes, new threshold 8 (max 8)
- age   1:   12731120 bytes,   12731120 total
: 87424K->12539K(109248K), 0,0204644 secs] 87424K->12539K(502464K), 0,0205343 secs] [Times: user=0,06 sys=0,01, real=0,02 secs] 
Heap after GC invocations=1 (full 0):
 par new generation   total 109248K, used 12539K [0x00000000e0000000, 0x00000000e8000000, 0x00000000e8000000)
  eden space 87424K,   0% used [0x00000000e0000000, 0x00000000e0000000, 0x00000000e5560000)
  from space 21824K,  57% used [0x00000000e6ab0000, 0x00000000e76eefd0, 0x00000000e8000000)
  to   space 21824K,   0% used [0x00000000e5560000, 0x00000000e5560000, 0x00000000e6ab0000)
 concurrent mark-sweep generation total 393216K, used 0K [0x00000000e8000000, 0x0000000100000000, 0x0000000100000000)
 Metaspace       used 18274K, capacity 18600K, committed 18944K, reserved 1067008K
  class space    used 2063K, capacity 2198K, committed 2304K, reserved 1048576K
}
2018-04-06T22:23:00.332+0200: 3,469: Total time for which application threads were stopped: 0,0208783 seconds, Stopping threads took: 0,0000279 seconds
2018-04-06T22:23:00.681+0200: 3,819: Total time for which application threads were stopped: 0,0003822 seconds, Stopping threads took: 0,0000940 seconds
2018-04-06T22:23:00.785+0200: 3,922: Total time for which application threads were stopped: 0,0008554 seconds, Stopping threads took: 0,0003097 seconds
{Heap before GC invocations=1 (full 0):
 par new generation   total 109248K, used 99963K [0x00000000e0000000, 0x00000000e8000000, 0x00000000e8000000)
  eden space 87424K, 100% used [0x00000000e0000000, 0x00000000e5560000, 0x00000000e5560000)
  from space 21824K,  57% used [0x00000000e6ab0000, 0x00000000e76eefd0, 0x00000000e8000000)
  to   space 21824K,   0% used [0x00000000e5560000, 0x00000000e5560000, 0x00000000e6ab0000)
 concurrent mark-sweep generation total 393216K, used 0K [0x00000000e8000000, 0x0000000100000000, 0x0000000100000000)
 Metaspace       used 20125K, capacity 20488K, committed 20736K, reserved 1067008K
  class space    used 2296K, capacity 2466K, committed 2560K, reserved 1048576K
2018-04-06T22:23:00.801+0200: 3,939: [GC (Allocation Failure) 2018-04-06T22:23:00.801+0200: 3,939: [ParNew
Desired survivor size 20112992 bytes, new threshold 8 (max 8)
- age   1:    2689840 bytes,    2689840 total
- age   2:    6506440 bytes,    9196280 total
: 99963K->11707K(109248K), 0,0256488 secs] 99963K->11707K(502464K), 0,0257266 secs] [Times: user=0,05 sys=0,00, real=0,02 secs] 
Heap after GC invocations=2 (full 0):
 par new generation   total 109248K, used 11707K [0x00000000e0000000, 0x00000000e8000000, 0x00000000e8000000)
  eden space 87424K,   0% used [0x00000000e0000000, 0x00000000e0000000, 0x00000000e5560000)
  from space 21824K,  53% used [0x00000000e5560000, 0x00000000e60cece0, 0x00000000e6ab0000)
  to   space 21824K,   0% used [0x00000000e6ab0000, 0x00000000e6ab0000, 0x00000000e8000000)
 concurrent mark-sweep generation total 393216K, used 0K [0x00000000e8000000, 0x0000000100000000, 0x0000000100000000)
 Metaspace       used 20125K, capacity 20488K, committed 20736K, reserved 1067008K
  class space    used 2296K, capacity 2466K, committed 2560K, reserved 1048576K
}
2018-04-06T22:23:00.827+0200: 3,965: Total time for which application threads were stopped: 0,0272344 seconds, Stopping threads took: 0,0013083 seconds
2018-04-06T22:23:00.882+0200: 4,019: Total time for which application threads were stopped: 0,0003790 seconds, Stopping threads took: 0,0000601 seconds
2018-04-06T22:23:00.991+0200: 4,129: Total time for which application threads were stopped: 0,0033849 seconds, Stopping threads took: 0,0030863 seconds
2018-04-06T22:23:01.025+0200: 4,163: Total time for which application threads were stopped: 0,0002360 seconds, Stopping threads took: 0,0001080 seconds
2018-04-06T22:23:01.025+0200: 4,163: Total time for which application threads were stopped: 0,0001086 seconds, Stopping threads took: 0,0000266 seconds
2018-04-06T22:23:01.034+0200: 4,172: Total time for which application threads were stopped: 0,0001689 seconds, Stopping threads took: 0,0000624 seconds
2018-04-06T22:23:01.034+0200: 4,172: Total time for which application threads were stopped: 0,0000807 seconds, Stopping threads took: 0,0000349 seconds
2018-04-06T22:23:01.046+0200: 4,184: Total time for which application threads were stopped: 0,0001600 seconds, Stopping threads took: 0,0000606 seconds
2018-04-06T22:23:01.046+0200: 4,184: Total time for which application threads were stopped: 0,0000802 seconds, Stopping threads took: 0,0000138 seconds
2018-04-06T22:23:01.046+0200: 4,184: Total time for which application threads were stopped: 0,0000911 seconds, Stopping threads took: 0,0000243 seconds
2018-04-06T22:23:01.047+0200: 4,184: Total time for which application threads were stopped: 0,0000826 seconds, Stopping threads took: 0,0000392 seconds
2018-04-06T22:23:01.047+0200: 4,185: Total time for which application threads were stopped: 0,0001001 seconds, Stopping threads took: 0,0000466 seconds
2018-04-06T22:23:01.050+0200: 4,188: Total time for which application threads were stopped: 0,0001655 seconds, Stopping threads took: 0,0000820 seconds
2018-04-06T22:23:01.050+0200: 4,188: Total time for which application threads were stopped: 0,0001284 seconds, Stopping threads took: 0,0000814 seconds
2018-04-06T22:23:01.058+0200: 4,195: Total time for which application threads were stopped: 0,0001071 seconds, Stopping threads took: 0,0000433 seconds
2018-04-06T22:23:01.064+0200: 4,202: Total time for which application threads were stopped: 0,0016356 seconds, Stopping threads took: 0,0010474 seconds
2018-04-06T22:23:01.066+0200: 4,204: Total time for which application threads were stopped: 0,0014014 seconds, Stopping threads took: 0,0010026 seconds
2018-04-06T22:23:01.067+0200: 4,205: Total time for which application threads were stopped: 0,0001654 seconds, Stopping threads took: 0,0001027 seconds
2018-04-06T22:23:01.073+0200: 4,211: Total time for which application threads were stopped: 0,0037733 seconds, Stopping threads took: 0,0036748 seconds
2018-04-06T22:23:01.073+0200: 4,211: Total time for which application threads were stopped: 0,0000874 seconds, Stopping threads took: 0,0000313 seconds
2018-04-06T22:23:01.074+0200: 4,211: Total time for which application threads were stopped: 0,0001066 seconds, Stopping threads took: 0,0000479 seconds
2018-04-06T22:23:01.074+0200: 4,211: Total time for which application threads were stopped: 0,0000829 seconds, Stopping threads took: 0,0000268 seconds
2018-04-06T22:23:01.074+0200: 4,212: Total time for which application threads were stopped: 0,0000693 seconds, Stopping threads took: 0,0000181 seconds
2018-04-06T22:23:01.074+0200: 4,212: Total time for which application threads were stopped: 0,0000812 seconds, Stopping threads took: 0,0000438 seconds
2018-04-06T22:23:01.076+0200: 4,214: Total time for which application threads were stopped: 0,0001774 seconds, Stopping threads took: 0,0000325 seconds
2018-04-06T22:23:01.076+0200: 4,214: Total time for which application threads were stopped: 0,0000965 seconds, Stopping threads took: 0,0000399 seconds
2018-04-06T22:23:01.081+0200: 4,219: Total time for which application threads were stopped: 0,0003690 seconds, Stopping threads took: 0,0002750 seconds
2018-04-06T22:23:01.081+0200: 4,219: Total time for which application threads were stopped: 0,0001060 seconds, Stopping threads took: 0,0000346 seconds
2018-04-06T22:23:01.083+0200: 4,221: Total time for which application threads were stopped: 0,0001254 seconds, Stopping threads took: 0,0000462 seconds
2018-04-06T22:23:01.083+0200: 4,221: Total time for which application threads were stopped: 0,0001094 seconds, Stopping threads took: 0,0000417 seconds
2018-04-06T22:23:01.084+0200: 4,221: Total time for which application threads were stopped: 0,0001066 seconds, Stopping threads took: 0,0000593 seconds
2018-04-06T22:23:01.084+0200: 4,222: Total time for which application threads were stopped: 0,0000771 seconds, Stopping threads took: 0,0000317 seconds
2018-04-06T22:23:01.084+0200: 4,222: Total time for which application threads were stopped: 0,0000743 seconds, Stopping threads took: 0,0000274 seconds
2018-04-06T22:23:01.084+0200: 4,222: Total time for which application threads were stopped: 0,0000763 seconds, Stopping threads took: 0,0000296 seconds
2018-04-06T22:23:01.084+0200: 4,222: Total time for which application threads were stopped: 0,0000965 seconds, Stopping threads took: 0,0000443 seconds
2018-04-06T22:23:01.084+0200: 4,222: Total time for which application threads were stopped: 0,0000491 seconds, Stopping threads took: 0,0000120 seconds
2018-04-06T22:23:01.085+0200: 4,222: Total time for which application threads were stopped: 0,0000391 seconds, Stopping threads took: 0,0000098 seconds
2018-04-06T22:23:01.085+0200: 4,222: Total time for which application threads were stopped: 0,0000477 seconds, Stopping threads took: 0,0000147 seconds
2018-04-06T22:23:01.085+0200: 4,222: Total time for which application threads were stopped: 0,0000421 seconds, Stopping threads took: 0,0000124 seconds
2018-04-06T22:23:01.085+0200: 4,223: Total time for which application threads were stopped: 0,0000531 seconds, Stopping threads took: 0,0000247 seconds
2018-04-06T22:23:01.085+0200: 4,223: Total time for which application threads were stopped: 0,0000538 seconds, Stopping threads took: 0,0000220 seconds
2018-04-06T22:23:01.085+0200: 4,223: Total time for which application threads were stopped: 0,0000677 seconds, Stopping threads took: 0,0000378 seconds
2018-04-06T22:23:01.085+0200: 4,223: Total time for which application threads were stopped: 0,0000361 seconds, Stopping threads took: 0,0000098 seconds
2018-04-06T22:23:01.085+0200: 4,223: Total time for which application threads were stopped: 0,0000810 seconds, Stopping threads took: 0,0000400 seconds
2018-04-06T22:23:01.085+0200: 4,223: Total time for which application threads were stopped: 0,0000573 seconds, Stopping threads took: 0,0000225 seconds
2018-04-06T22:23:01.086+0200: 4,223: Total time for which application threads were stopped: 0,0000363 seconds, Stopping threads took: 0,0000085 seconds
2018-04-06T22:23:01.086+0200: 4,223: Total time for which application threads were stopped: 0,0000491 seconds, Stopping threads took: 0,0000116 seconds
2018-04-06T22:23:01.086+0200: 4,223: Total time for which application threads were stopped: 0,0000442 seconds, Stopping threads took: 0,0000100 seconds
2018-04-06T22:23:01.086+0200: 4,224: Total time for which application threads were stopped: 0,0000421 seconds, Stopping threads took: 0,0000103 seconds
2018-04-06T22:23:01.086+0200: 4,224: Total time for which application threads were stopped: 0,0000403 seconds, Stopping threads took: 0,0000102 seconds
2018-04-06T22:23:01.086+0200: 4,224: Total time for which application threads were stopped: 0,0000437 seconds, Stopping threads took: 0,0000102 seconds
2018-04-06T22:23:01.086+0200: 4,224: Total time for which application threads were stopped: 0,0000399 seconds, Stopping threads took: 0,0000098 seconds
2018-04-06T22:23:01.086+0200: 4,224: Total time for which application threads were stopped: 0,0001380 seconds, Stopping threads took: 0,0000251 seconds
2018-04-06T22:23:01.087+0200: 4,224: Total time for which application threads were stopped: 0,0001172 seconds, Stopping threads took: 0,0000213 seconds
2018-04-06T22:23:01.087+0200: 4,225: Total time for which application threads were stopped: 0,0001470 seconds, Stopping threads took: 0,0000385 seconds
2018-04-06T22:23:01.087+0200: 4,225: Total time for which application threads were stopped: 0,0000813 seconds, Stopping threads took: 0,0000091 seconds
2018-04-06T22:23:01.090+0200: 4,228: Total time for which application threads were stopped: 0,0003574 seconds, Stopping threads took: 0,0001864 seconds
2018-04-06T22:23:01.093+0200: 4,231: Total time for which application threads were stopped: 0,0001594 seconds, Stopping threads took: 0,0000389 seconds
2018-04-06T22:23:01.114+0200: 4,252: Total time for which application threads were stopped: 0,0023271 seconds, Stopping threads took: 0,0021835 seconds
2018-04-06T22:23:01.120+0200: 4,258: Total time for which application threads were stopped: 0,0025808 seconds, Stopping threads took: 0,0023798 seconds
2018-04-06T22:23:01.147+0200: 4,285: Total time for which application threads were stopped: 0,0024912 seconds, Stopping threads took: 0,0020870 seconds
{Heap before GC invocations=2 (full 0):
 par new generation   total 109248K, used 99127K [0x00000000e0000000, 0x00000000e8000000, 0x00000000e8000000)
  eden space 87424K,  99% used [0x00000000e0000000, 0x00000000e555f000, 0x00000000e5560000)
  from space 21824K,  53% used [0x00000000e5560000, 0x00000000e60cece0, 0x00000000e6ab0000)
  to   space 21824K,   0% used [0x00000000e6ab0000, 0x00000000e6ab0000, 0x00000000e8000000)
 concurrent mark-sweep generation total 393216K, used 0K [0x00000000e8000000, 0x0000000100000000, 0x0000000100000000)
 Metaspace       used 21034K, capacity 21352K, committed 21628K, reserved 1069056K
  class space    used 2426K, capacity 2586K, committed 2684K, reserved 1048576K
2018-04-06T22:23:01.166+0200: 4,304: [GC (Allocation Failure) 2018-04-06T22:23:01.166+0200: 4,304: [ParNew
Desired survivor size 20112992 bytes, new threshold 8 (max 8)
- age   1:    2064056 bytes,    2064056 total
- age   2:     479184 bytes,    2543240 total
- age   3:    6503624 bytes,    9046864 total
: 99127K->10637K(109248K), 0,0398044 secs] 99127K->10637K(502464K), 0,0398967 secs] [Times: user=0,10 sys=0,00, real=0,04 secs] 
Heap after GC invocations=3 (full 0):
 par new generation   total 109248K, used 10637K [0x00000000e0000000, 0x00000000e8000000, 0x00000000e8000000)
  eden space 87424K,   0% used [0x00000000e0000000, 0x00000000e0000000, 0x00000000e5560000)
  from space 21824K,  48% used [0x00000000e6ab0000, 0x00000000e75137c0, 0x00000000e8000000)
  to   space 21824K,   0% used [0x00000000e5560000, 0x00000000e5560000, 0x00000000e6ab0000)
 concurrent mark-sweep generation total 393216K, used 0K [0x00000000e8000000, 0x0000000100000000, 0x0000000100000000)
 Metaspace       used 21034K, capacity 21352K, committed 21628K, reserved 1069056K
  class space    used 2426K, capacity 2586K, committed 2684K, reserved 1048576K
}
2018-04-06T22:23:01.206+0200: 4,344: Total time for which application threads were stopped: 0,0401301 seconds, Stopping threads took: 0,0000654 seconds
2018-04-06T22:23:01.212+0200: 4,350: Total time for which application threads were stopped: 0,0001257 seconds, Stopping threads took: 0,0000227 seconds
2018-04-06T22:23:01.219+0200: 4,357: [GC (CMS Initial Mark) [1 CMS-initial-mark: 0K(393216K)] 14245K(502464K), 0,0095215 secs] [Times: user=0,03 sys=0,00, real=0,01 secs] 
2018-04-06T22:23:01.229+0200: 4,367: Total time for which application threads were stopped: 0,0126037 seconds, Stopping threads took: 0,0028644 seconds
2018-04-06T22:23:01.232+0200: 4,370: Total time for which application threads were stopped: 0,0001406 seconds, Stopping threads took: 0,0000541 seconds
2018-04-06T22:23:01.232+0200: 4,370: [CMS-concurrent-mark-start]
2018-04-06T22:23:01.237+0200: 4,375: [CMS-concurrent-mark: 0,004/0,004 secs] [Times: user=0,02 sys=0,00, real=0,00 secs] 
2018-04-06T22:23:01.237+0200: 4,375: [CMS-concurrent-preclean-start]
2018-04-06T22:23:01.238+0200: 4,376: [CMS-concurrent-preclean: 0,001/0,001 secs] [Times: user=0,00 sys=0,00, real=0,00 secs] 
2018-04-06T22:23:01.239+0200: 4,376: [CMS-concurrent-abortable-preclean-start]
2018-04-06T22:23:01.247+0200: 4,385: Total time for which application threads were stopped: 0,0016605 seconds, Stopping threads took: 0,0015790 seconds
2018-04-06T22:23:01.247+0200: 4,385: Total time for which application threads were stopped: 0,0000740 seconds, Stopping threads took: 0,0000333 seconds
2018-04-06T22:23:01.248+0200: 4,386: Total time for which application threads were stopped: 0,0001512 seconds, Stopping threads took: 0,0000348 seconds
2018-04-06T22:23:01.251+0200: 4,389: Total time for which application threads were stopped: 0,0002964 seconds, Stopping threads took: 0,0001956 seconds
2018-04-06T22:23:01.273+0200: 4,411: Total time for which application threads were stopped: 0,0053563 seconds, Stopping threads took: 0,0052748 seconds
2018-04-06T22:23:01.295+0200: 4,433: Total time for which application threads were stopped: 0,0003769 seconds, Stopping threads took: 0,0002622 seconds
2018-04-06T22:23:01.311+0200: 4,448: Total time for which application threads were stopped: 0,0001662 seconds, Stopping threads took: 0,0000421 seconds
2018-04-06T22:23:01.361+0200: 4,499: Total time for which application threads were stopped: 0,0024756 seconds, Stopping threads took: 0,0023070 seconds
2018-04-06T22:23:01.374+0200: 4,512: Total time for which application threads were stopped: 0,0072111 seconds, Stopping threads took: 0,0069959 seconds
2018-04-06T22:23:01.376+0200: 4,514: Total time for which application threads were stopped: 0,0016482 seconds, Stopping threads took: 0,0014955 seconds
2018-04-06T22:23:01.383+0200: 4,521: Total time for which application threads were stopped: 0,0002223 seconds, Stopping threads took: 0,0000620 seconds
2018-04-06T22:23:01.393+0200: 4,531: Total time for which application threads were stopped: 0,0021580 seconds, Stopping threads took: 0,0020010 seconds
2018-04-06T22:23:01.400+0200: 4,538: Total time for which application threads were stopped: 0,0021651 seconds, Stopping threads took: 0,0020589 seconds
2018-04-06T22:23:01.412+0200: 4,550: Total time for which application threads were stopped: 0,0049719 seconds, Stopping threads took: 0,0048681 seconds
2018-04-06T22:23:01.413+0200: 4,551: Total time for which application threads were stopped: 0,0005776 seconds, Stopping threads took: 0,0004697 seconds
2018-04-06T22:23:01.418+0200: 4,556: Total time for which application threads were stopped: 0,0015890 seconds, Stopping threads took: 0,0008570 seconds
2018-04-06T22:23:01.424+0200: 4,562: Total time for which application threads were stopped: 0,0001982 seconds, Stopping threads took: 0,0000571 seconds
{Heap before GC invocations=3 (full 1):
 par new generation   total 109248K, used 98061K [0x00000000e0000000, 0x00000000e8000000, 0x00000000e8000000)
  eden space 87424K, 100% used [0x00000000e0000000, 0x00000000e5560000, 0x00000000e5560000)
  from space 21824K,  48% used [0x00000000e6ab0000, 0x00000000e75137c0, 0x00000000e8000000)
  to   space 21824K,   0% used [0x00000000e5560000, 0x00000000e5560000, 0x00000000e6ab0000)
 concurrent mark-sweep generation total 393216K, used 0K [0x00000000e8000000, 0x0000000100000000, 0x0000000100000000)
 Metaspace       used 21291K, capacity 21724K, committed 21884K, reserved 1069056K
  class space    used 2450K, capacity 2633K, committed 2684K, reserved 1048576K
2018-04-06T22:23:01.478+0200: 4,616: [GC (Allocation Failure) 2018-04-06T22:23:01.478+0200: 4,616: [ParNew
Desired survivor size 20112992 bytes, new threshold 8 (max 8)
- age   1:     940792 bytes,     940792 total
- age   2:    1443176 bytes,    2383968 total
- age   3:     476992 bytes,    2860960 total
- age   4:    6503624 bytes,    9364584 total
: 98061K->13922K(109248K), 0,0150744 secs] 98061K->13922K(502464K), 0,0151402 secs] [Times: user=0,03 sys=0,00, real=0,02 secs] 
Heap after GC invocations=4 (full 1):
 par new generation   total 109248K, used 13922K [0x00000000e0000000, 0x00000000e8000000, 0x00000000e8000000)
  eden space 87424K,   0% used [0x00000000e0000000, 0x00000000e0000000, 0x00000000e5560000)
  from space 21824K,  63% used [0x00000000e5560000, 0x00000000e62f8b20, 0x00000000e6ab0000)
  to   space 21824K,   0% used [0x00000000e6ab0000, 0x00000000e6ab0000, 0x00000000e8000000)
 concurrent mark-sweep generation total 393216K, used 0K [0x00000000e8000000, 0x0000000100000000, 0x0000000100000000)
 Metaspace       used 21291K, capacity 21724K, committed 21884K, reserved 1069056K
  class space    used 2450K, capacity 2633K, committed 2684K, reserved 1048576K
}
2018-04-06T22:23:01.493+0200: 4,631: Total time for which application threads were stopped: 0,0258026 seconds, Stopping threads took: 0,0104045 seconds
2018-04-06T22:23:01.750+0200: 4,888: Total time for which application threads were stopped: 0,0003321 seconds, Stopping threads took: 0,0002028 seconds
2018-04-06T22:23:01.750+0200: 4,888: [CMS-concurrent-abortable-preclean: 0,389/0,512 secs] [Times: user=1,15 sys=0,02, real=0,52 secs] 
2018-04-06T22:23:01.761+0200: 4,899: [GC (CMS Final Remark) [YG occupancy: 101346 K (109248 K)]{Heap before GC invocations=4 (full 1):
 par new generation   total 109248K, used 101346K [0x00000000e0000000, 0x00000000e8000000, 0x00000000e8000000)
  eden space 87424K, 100% used [0x00000000e0000000, 0x00000000e5560000, 0x00000000e5560000)
  from space 21824K,  63% used [0x00000000e5560000, 0x00000000e62f8b20, 0x00000000e6ab0000)
  to   space 21824K,   0% used [0x00000000e6ab0000, 0x00000000e6ab0000, 0x00000000e8000000)
 concurrent mark-sweep generation total 393216K, used 0K [0x00000000e8000000, 0x0000000100000000, 0x0000000100000000)
 Metaspace       used 21544K, capacity 21928K, committed 22216K, reserved 1069056K
  class space    used 2481K, capacity 2635K, committed 2684K, reserved 1048576K
2018-04-06T22:23:01.762+0200: 4,899: [GC (CMS Final Remark) 2018-04-06T22:23:01.762+0200: 4,899: [ParNew
Desired survivor size 20112992 bytes, new threshold 8 (max 8)
- age   1:     522656 bytes,     522656 total
- age   2:     189392 bytes,     712048 total
- age   3:    1053424 bytes,    1765472 total
- age   4:     474960 bytes,    2240432 total
- age   5:    6503608 bytes,    8744040 total
: 101346K->10688K(109248K), 0,0186425 secs] 101346K->10688K(502464K), 0,0187678 secs] [Times: user=0,05 sys=0,01, real=0,01 secs] 
Heap after GC invocations=5 (full 1):
 par new generation   total 109248K, used 10688K [0x00000000e0000000, 0x00000000e8000000, 0x00000000e8000000)
  eden space 87424K,   0% used [0x00000000e0000000, 0x00000000e0000000, 0x00000000e5560000)
  from space 21824K,  48% used [0x00000000e6ab0000, 0x00000000e7520080, 0x00000000e8000000)
  to   space 21824K,   0% used [0x00000000e5560000, 0x00000000e5560000, 0x00000000e6ab0000)
 concurrent mark-sweep generation total 393216K, used 0K [0x00000000e8000000, 0x0000000100000000, 0x0000000100000000)
 Metaspace       used 21544K, capacity 21928K, committed 22216K, reserved 1069056K
  class space    used 2481K, capacity 2635K, committed 2684K, reserved 1048576K
}
2018-04-06T22:23:01.780+0200: 4,918: [Rescan (parallel) , 0,0171550 secs]2018-04-06T22:23:01.798+0200: 4,935: [weak refs processing, 0,0025801 secs]2018-04-06T22:23:01.800+0200: 4,938: [class unloading, 0,0036022 secs]2018-04-06T22:23:01.804+0200: 4,941: [scrub symbol table, 0,0140320 secs]2018-04-06T22:23:01.818+0200: 4,956: [scrub string table, 0,0007836 secs][1 CMS-remark: 0K(393216K)] 10688K(502464K), 0,0581141 secs] [Times: user=0,09 sys=0,01, real=0,06 secs] 
2018-04-06T22:23:01.819+0200: 4,957: Total time for which application threads were stopped: 0,0627185 seconds, Stopping threads took: 0,0042613 seconds
2018-04-06T22:23:01.820+0200: 4,957: [CMS-concurrent-sweep-start]
2018-04-06T22:23:01.820+0200: 4,958: Total time for which application threads were stopped: 0,0004471 seconds, Stopping threads took: 0,0001041 seconds
2018-04-06T22:23:01.820+0200: 4,958: [CMS-concurrent-sweep: 0,000/0,000 secs] [Times: user=0,00 sys=0,00, real=0,00 secs] 
2018-04-06T22:23:01.821+0200: 4,959: [CMS-concurrent-reset-start]
2018-04-06T22:23:01.826+0200: 4,964: [CMS-concurrent-reset: 0,004/0,004 secs] [Times: user=0,01 sys=0,01, real=0,00 secs] 
2018-04-06T22:23:01.829+0200: 4,967: Total time for which application threads were stopped: 0,0001379 seconds, Stopping threads took: 0,0000585 seconds
2018-04-06T22:23:01.851+0200: 4,988: Total time for which application threads were stopped: 0,0003653 seconds, Stopping threads took: 0,0000446 seconds
2018-04-06T22:23:01.871+0200: 5,009: Total time for which application threads were stopped: 0,0013054 seconds, Stopping threads took: 0,0011979 seconds
2018-04-06T22:23:02.139+0200: 5,277: Total time for which application threads were stopped: 0,0009126 seconds, Stopping threads took: 0,0007716 seconds
2018-04-06T22:23:02.289+0200: 5,427: Total time for which application threads were stopped: 0,0003401 seconds, Stopping threads took: 0,0001882 seconds
2018-04-06T22:23:02.329+0200: 5,466: Total time for which application threads were stopped: 0,0009849 seconds, Stopping threads took: 0,0008553 seconds
2018-04-06T22:23:02.372+0200: 5,509: Total time for which application threads were stopped: 0,0001609 seconds, Stopping threads took: 0,0000707 seconds
2018-04-06T22:23:02.397+0200: 5,535: Total time for which application threads were stopped: 0,0005312 seconds, Stopping threads took: 0,0000433 seconds
2018-04-06T22:23:02.400+0200: 5,538: Total time for which application threads were stopped: 0,0001816 seconds, Stopping threads took: 0,0000752 seconds
2018-04-06T22:23:02.400+0200: 5,538: Total time for which application threads were stopped: 0,0000582 seconds, Stopping threads took: 0,0000090 seconds
2018-04-06T22:23:02.427+0200: 5,565: Total time for which application threads were stopped: 0,0006102 seconds, Stopping threads took: 0,0000563 seconds
2018-04-06T22:23:02.499+0200: 5,637: Total time for which application threads were stopped: 0,0001629 seconds, Stopping threads took: 0,0000494 seconds
2018-04-06T22:23:02.499+0200: 5,637: Total time for which application threads were stopped: 0,0001125 seconds, Stopping threads took: 0,0000400 seconds
2018-04-06T22:23:02.521+0200: 5,659: Total time for which application threads were stopped: 0,0044704 seconds, Stopping threads took: 0,0043628 seconds
2018-04-06T22:23:02.607+0200: 5,745: Total time for which application threads were stopped: 0,0007917 seconds, Stopping threads took: 0,0007051 seconds
2018-04-06T22:23:02.632+0200: 5,770: Total time for which application threads were stopped: 0,0001940 seconds, Stopping threads took: 0,0000599 seconds
2018-04-06T22:23:02.646+0200: 5,784: Total time for which application threads were stopped: 0,0013621 seconds, Stopping threads took: 0,0008054 seconds
2018-04-06T22:23:02.665+0200: 5,803: Total time for which application threads were stopped: 0,0001521 seconds, Stopping threads took: 0,0000531 seconds
2018-04-06T22:23:02.886+0200: 6,023: Total time for which application threads were stopped: 0,0028544 seconds, Stopping threads took: 0,0026443 seconds
2018-04-06T22:23:02.913+0200: 6,051: Total time for which application threads were stopped: 0,0001146 seconds, Stopping threads took: 0,0000419 seconds
2018-04-06T22:23:02.929+0200: 6,067: Total time for which application threads were stopped: 0,0012103 seconds, Stopping threads took: 0,0011327 seconds
2018-04-06T22:23:02.933+0200: 6,071: Total time for which application threads were stopped: 0,0038337 seconds, Stopping threads took: 0,0037675 seconds
2018-04-06T22:23:02.936+0200: 6,074: Total time for which application threads were stopped: 0,0007787 seconds, Stopping threads took: 0,0002834 seconds
2018-04-06T22:23:02.977+0200: 6,115: Total time for which application threads were stopped: 0,0001636 seconds, Stopping threads took: 0,0000451 seconds
2018-04-06T22:23:02.980+0200: 6,117: Total time for which application threads were stopped: 0,0001165 seconds, Stopping threads took: 0,0000411 seconds
2018-04-06T22:23:03.263+0200: 6,401: Total time for which application threads were stopped: 0,0002624 seconds, Stopping threads took: 0,0001044 seconds
2018-04-06T22:23:03.275+0200: 6,412: Total time for which application threads were stopped: 0,0001964 seconds, Stopping threads took: 0,0001014 seconds
2018-04-06T22:23:03.278+0200: 6,415: Total time for which application threads were stopped: 0,0014391 seconds, Stopping threads took: 0,0012758 seconds
2018-04-06T22:23:03.280+0200: 6,418: Total time for which application threads were stopped: 0,0001714 seconds, Stopping threads took: 0,0000487 seconds
2018-04-06T22:23:03.281+0200: 6,419: Total time for which application threads were stopped: 0,0001496 seconds, Stopping threads took: 0,0000507 seconds
2018-04-06T22:23:03.281+0200: 6,419: Total time for which application threads were stopped: 0,0001229 seconds, Stopping threads took: 0,0000374 seconds
2018-04-06T22:23:03.313+0200: 6,450: Total time for which application threads were stopped: 0,0002012 seconds, Stopping threads took: 0,0000878 seconds
{Heap before GC invocations=5 (full 1):
 par new generation   total 109248K, used 98112K [0x00000000e0000000, 0x00000000e8000000, 0x00000000e8000000)
  eden space 87424K, 100% used [0x00000000e0000000, 0x00000000e5560000, 0x00000000e5560000)
  from space 21824K,  48% used [0x00000000e6ab0000, 0x00000000e7520080, 0x00000000e8000000)
  to   space 21824K,   0% used [0x00000000e5560000, 0x00000000e5560000, 0x00000000e6ab0000)
 concurrent mark-sweep generation total 393216K, used 0K [0x00000000e8000000, 0x0000000100000000, 0x0000000100000000)
 Metaspace       used 25672K, capacity 26146K, committed 26236K, reserved 1073152K
  class space    used 2971K, capacity 3152K, committed 3196K, reserved 1048576K
2018-04-06T22:23:03.335+0200: 6,473: [GC (Allocation Failure) 2018-04-06T22:23:03.336+0200: 6,473: [ParNew
Desired survivor size 20112992 bytes, new threshold 8 (max 8)
- age   1:   11402352 bytes,   11402352 total
- age   2:     162864 bytes,   11565216 total
- age   3:     183824 bytes,   11749040 total
- age   4:     267240 bytes,   12016280 total
- age   5:     453104 bytes,   12469384 total
- age   6:    6496568 bytes,   18965952 total
: 98112K->21824K(109248K), 0,0318315 secs] 98112K->22088K(502464K), 0,0319204 secs] [Times: user=0,07 sys=0,01, real=0,03 secs] 
Heap after GC invocations=6 (full 1):
 par new generation   total 109248K, used 21824K [0x00000000e0000000, 0x00000000e8000000, 0x00000000e8000000)
  eden space 87424K,   0% used [0x00000000e0000000, 0x00000000e0000000, 0x00000000e5560000)
  from space 21824K, 100% used [0x00000000e5560000, 0x00000000e6ab0000, 0x00000000e6ab0000)
  to   space 21824K,   0% used [0x00000000e6ab0000, 0x00000000e6ab0000, 0x00000000e8000000)
 concurrent mark-sweep generation total 393216K, used 264K [0x00000000e8000000, 0x0000000100000000, 0x0000000100000000)
 Metaspace       used 25672K, capacity 26146K, committed 26236K, reserved 1073152K
  class space    used 2971K, capacity 3152K, committed 3196K, reserved 1048576K
}
2018-04-06T22:23:03.367+0200: 6,505: Total time for which application threads were stopped: 0,0327843 seconds, Stopping threads took: 0,0007005 seconds
2018-04-06T22:23:03.377+0200: 6,515: Total time for which application threads were stopped: 0,0030523 seconds, Stopping threads took: 0,0028675 seconds
2018-04-06T22:23:03.462+0200: 6,600: Total time for which application threads were stopped: 0,0002698 seconds, Stopping threads took: 0,0001561 seconds
2018-04-06T22:23:03.476+0200: 6,614: Total time for which application threads were stopped: 0,0004828 seconds, Stopping threads took: 0,0000467 seconds
2018-04-06T22:23:03.503+0200: 6,641: Total time for which application threads were stopped: 0,0007488 seconds, Stopping threads took: 0,0002642 seconds
2018-04-06T22:23:03.595+0200: 6,732: Total time for which application threads were stopped: 0,0004860 seconds, Stopping threads took: 0,0000689 seconds
2018-04-06T22:23:03.600+0200: 6,738: Total time for which application threads were stopped: 0,0005434 seconds, Stopping threads took: 0,0000815 seconds
2018-04-06T22:23:03.609+0200: 6,747: Total time for which application threads were stopped: 0,0001925 seconds, Stopping threads took: 0,0000597 seconds
2018-04-06T22:23:03.610+0200: 6,748: Total time for which application threads were stopped: 0,0001092 seconds, Stopping threads took: 0,0000391 seconds
2018-04-06T22:23:03.624+0200: 6,762: Total time for which application threads were stopped: 0,0001313 seconds, Stopping threads took: 0,0000491 seconds
2018-04-06T22:23:03.637+0200: 6,775: Total time for which application threads were stopped: 0,0002186 seconds, Stopping threads took: 0,0000606 seconds
2018-04-06T22:23:03.655+0200: 6,793: Total time for which application threads were stopped: 0,0004993 seconds, Stopping threads took: 0,0000943 seconds
2018-04-06T22:23:03.681+0200: 6,819: Total time for which application threads were stopped: 0,0005716 seconds, Stopping threads took: 0,0004232 seconds
2018-04-06T22:23:03.723+0200: 6,861: Total time for which application threads were stopped: 0,0015012 seconds, Stopping threads took: 0,0013548 seconds
2018-04-06T22:23:03.727+0200: 6,865: Total time for which application threads were stopped: 0,0007287 seconds, Stopping threads took: 0,0006244 seconds
2018-04-06T22:23:03.848+0200: 6,986: Total time for which application threads were stopped: 0,0006031 seconds, Stopping threads took: 0,0000635 seconds
2018-04-06T22:23:04.035+0200: 7,173: Total time for which application threads were stopped: 0,0006711 seconds, Stopping threads took: 0,0003739 seconds
{Heap before GC invocations=6 (full 1):
 par new generation   total 109248K, used 109248K [0x00000000e0000000, 0x00000000e8000000, 0x00000000e8000000)
  eden space 87424K, 100% used [0x00000000e0000000, 0x00000000e5560000, 0x00000000e5560000)
  from space 21824K, 100% used [0x00000000e5560000, 0x00000000e6ab0000, 0x00000000e6ab0000)
  to   space 21824K,   0% used [0x00000000e6ab0000, 0x00000000e6ab0000, 0x00000000e8000000)
 concurrent mark-sweep generation total 393216K, used 264K [0x00000000e8000000, 0x0000000100000000, 0x0000000100000000)
 Metaspace       used 28763K, capacity 29356K, committed 29692K, reserved 1075200K
  class space    used 3338K, capacity 3513K, committed 3580K, reserved 1048576K
2018-04-06T22:23:04.164+0200: 7,302: [GC (Allocation Failure) 2018-04-06T22:23:04.165+0200: 7,302: [ParNew
Desired survivor size 20112992 bytes, new threshold 7 (max 8)
- age   1:    7291264 bytes,    7291264 total
- age   2:    7493376 bytes,   14784640 total
- age   3:     162768 bytes,   14947408 total
- age   4:     183648 bytes,   15131056 total
- age   5:     266200 bytes,   15397256 total
- age   6:     444920 bytes,   15842176 total
- age   7:    6471848 bytes,   22314024 total
: 109248K->21824K(109248K), 0,0606381 secs] 109512K->24300K(502464K), 0,0609826 secs] [Times: user=0,14 sys=0,02, real=0,06 secs] 
Heap after GC invocations=7 (full 1):
 par new generation   total 109248K, used 21824K [0x00000000e0000000, 0x00000000e8000000, 0x00000000e8000000)
  eden space 87424K,   0% used [0x00000000e0000000, 0x00000000e0000000, 0x00000000e5560000)
  from space 21824K, 100% used [0x00000000e6ab0000, 0x00000000e8000000, 0x00000000e8000000)
  to   space 21824K,   0% used [0x00000000e5560000, 0x00000000e5560000, 0x00000000e6ab0000)
 concurrent mark-sweep generation total 393216K, used 2476K [0x00000000e8000000, 0x0000000100000000, 0x0000000100000000)
 Metaspace       used 28763K, capacity 29356K, committed 29692K, reserved 1075200K
  class space    used 3338K, capacity 3513K, committed 3580K, reserved 1048576K
}
2018-04-06T22:23:04.226+0200: 7,363: Total time for which application threads were stopped: 0,0712693 seconds, Stopping threads took: 0,0099066 seconds
2018-04-06T22:23:04.230+0200: 7,368: Total time for which application threads were stopped: 0,0001845 seconds, Stopping threads took: 0,0000837 seconds
2018-04-06T22:23:04.230+0200: 7,368: Total time for which application threads were stopped: 0,0001029 seconds, Stopping threads took: 0,0000362 seconds
2018-04-06T22:23:04.232+0200: 7,370: Total time for which application threads were stopped: 0,0001833 seconds, Stopping threads took: 0,0000781 seconds
{Heap before GC invocations=7 (full 1):
 par new generation   total 109248K, used 109248K [0x00000000e0000000, 0x00000000e8000000, 0x00000000e8000000)
  eden space 87424K, 100% used [0x00000000e0000000, 0x00000000e5560000, 0x00000000e5560000)
  from space 21824K, 100% used [0x00000000e6ab0000, 0x00000000e8000000, 0x00000000e8000000)
  to   space 21824K,   0% used [0x00000000e5560000, 0x00000000e5560000, 0x00000000e6ab0000)
 concurrent mark-sweep generation total 393216K, used 2476K [0x00000000e8000000, 0x0000000100000000, 0x0000000100000000)
 Metaspace       used 28795K, capacity 29384K, committed 29692K, reserved 1075200K
  class space    used 3342K, capacity 3518K, committed 3580K, reserved 1048576K
2018-04-06T22:23:04.396+0200: 7,534: [GC (Allocation Failure) 2018-04-06T22:23:04.396+0200: 7,534: [ParNew
Desired survivor size 20112992 bytes, new threshold 8 (max 8)
- age   1:    1243784 bytes,    1243784 total
- age   2:    6501696 bytes,    7745480 total
- age   3:    7493376 bytes,   15238856 total
- age   4:     162768 bytes,   15401624 total
- age   5:     183512 bytes,   15585136 total
- age   6:     266064 bytes,   15851200 total
- age   7:     444920 bytes,   16296120 total
: 109248K->21824K(109248K), 0,1424523 secs] 111724K->31127K(502464K), 0,1427035 secs] [Times: user=0,30 sys=0,01, real=0,14 secs] 
Heap after GC invocations=8 (full 1):
 par new generation   total 109248K, used 21824K [0x00000000e0000000, 0x00000000e8000000, 0x00000000e8000000)
  eden space 87424K,   0% used [0x00000000e0000000, 0x00000000e0000000, 0x00000000e5560000)
  from space 21824K, 100% used [0x00000000e5560000, 0x00000000e6ab0000, 0x00000000e6ab0000)
  to   space 21824K,   0% used [0x00000000e6ab0000, 0x00000000e6ab0000, 0x00000000e8000000)
 concurrent mark-sweep generation total 393216K, used 9303K [0x00000000e8000000, 0x0000000100000000, 0x0000000100000000)
 Metaspace       used 28795K, capacity 29384K, committed 29692K, reserved 1075200K
  class space    used 3342K, capacity 3518K, committed 3580K, reserved 1048576K
}
2018-04-06T22:23:04.539+0200: 7,677: Total time for which application threads were stopped: 0,1431257 seconds, Stopping threads took: 0,0000411 seconds
{Heap before GC invocations=8 (full 1):
 par new generation   total 109248K, used 109248K [0x00000000e0000000, 0x00000000e8000000, 0x00000000e8000000)
  eden space 87424K, 100% used [0x00000000e0000000, 0x00000000e5560000, 0x00000000e5560000)
  from space 21824K, 100% used [0x00000000e5560000, 0x00000000e6ab0000, 0x00000000e6ab0000)
  to   space 21824K,   0% used [0x00000000e6ab0000, 0x00000000e6ab0000, 0x00000000e8000000)
 concurrent mark-sweep generation total 393216K, used 9303K [0x00000000e8000000, 0x0000000100000000, 0x0000000100000000)
 Metaspace       used 28875K, capacity 29458K, committed 29692K, reserved 1075200K
  class space    used 3343K, capacity 3520K, committed 3580K, reserved 1048576K
2018-04-06T22:23:04.818+0200: 7,955: [GC (Allocation Failure) 2018-04-06T22:23:04.818+0200: 7,955: [ParNew
Desired survivor size 20112992 bytes, new threshold 8 (max 8)
- age   1:     539224 bytes,     539224 total
- age   2:     157320 bytes,     696544 total
- age   3:    6501600 bytes,    7198144 total
- age   4:    7493376 bytes,   14691520 total
- age   5:     162768 bytes,   14854288 total
- age   6:     183512 bytes,   15037800 total
- age   7:     266064 bytes,   15303864 total
- age   8:     444920 bytes,   15748784 total
: 109248K->21261K(109248K), 0,0649014 secs] 118551K->30564K(502464K), 0,0650838 secs] [Times: user=0,15 sys=0,00, real=0,07 secs] 
Heap after GC invocations=9 (full 1):
 par new generation   total 109248K, used 21261K [0x00000000e0000000, 0x00000000e8000000, 0x00000000e8000000)
  eden space 87424K,   0% used [0x00000000e0000000, 0x00000000e0000000, 0x00000000e5560000)
  from space 21824K,  97% used [0x00000000e6ab0000, 0x00000000e7f734c0, 0x00000000e8000000)
  to   space 21824K,   0% used [0x00000000e5560000, 0x00000000e5560000, 0x00000000e6ab0000)
 concurrent mark-sweep generation total 393216K, used 9303K [0x00000000e8000000, 0x0000000100000000, 0x0000000100000000)
 Metaspace       used 28875K, capacity 29458K, committed 29692K, reserved 1075200K
  class space    used 3343K, capacity 3520K, committed 3580K, reserved 1048576K
}
2018-04-06T22:23:04.883+0200: 8,021: Total time for which application threads were stopped: 0,0655200 seconds, Stopping threads took: 0,0000485 seconds
2018-04-06T22:23:04.965+0200: 8,102: Total time for which application threads were stopped: 0,0021574 seconds, Stopping threads took: 0,0018764 seconds
2018-04-06T22:23:05.062+0200: 8,200: Total time for which application threads were stopped: 0,0129060 seconds, Stopping threads took: 0,0126064 seconds
2018-04-06T22:23:05.202+0200: 8,340: Total time for which application threads were stopped: 0,0002040 seconds, Stopping threads took: 0,0000587 seconds
2018-04-06T22:23:05.303+0200: 8,441: Total time for which application threads were stopped: 0,0015637 seconds, Stopping threads took: 0,0014014 seconds
2018-04-06T22:23:05.414+0200: 8,552: Total time for which application threads were stopped: 0,0006566 seconds, Stopping threads took: 0,0005757 seconds
2018-04-06T22:23:05.425+0200: 8,562: Total time for which application threads were stopped: 0,0001259 seconds, Stopping threads took: 0,0000559 seconds
2018-04-06T22:23:05.425+0200: 8,563: Total time for which application threads were stopped: 0,0001314 seconds, Stopping threads took: 0,0000471 seconds
2018-04-06T22:23:05.425+0200: 8,563: Total time for which application threads were stopped: 0,0000675 seconds, Stopping threads took: 0,0000282 seconds
2018-04-06T22:23:05.426+0200: 8,563: Total time for which application threads were stopped: 0,0000640 seconds, Stopping threads took: 0,0000261 seconds
2018-04-06T22:23:05.426+0200: 8,563: Total time for which application threads were stopped: 0,0000660 seconds, Stopping threads took: 0,0000276 seconds
2018-04-06T22:23:05.426+0200: 8,564: Total time for which application threads were stopped: 0,0000566 seconds, Stopping threads took: 0,0000240 seconds
2018-04-06T22:23:05.430+0200: 8,568: Total time for which application threads were stopped: 0,0044625 seconds, Stopping threads took: 0,0040091 seconds
2018-04-06T22:23:05.433+0200: 8,571: Total time for which application threads were stopped: 0,0025618 seconds, Stopping threads took: 0,0019279 seconds
2018-04-06T22:23:05.434+0200: 8,572: Total time for which application threads were stopped: 0,0006057 seconds, Stopping threads took: 0,0001093 seconds
2018-04-06T22:23:05.436+0200: 8,573: Total time for which application threads were stopped: 0,0006495 seconds, Stopping threads took: 0,0000828 seconds
2018-04-06T22:23:05.459+0200: 8,597: Total time for which application threads were stopped: 0,0001408 seconds, Stopping threads took: 0,0000505 seconds
2018-04-06T22:23:05.459+0200: 8,597: Total time for which application threads were stopped: 0,0000673 seconds, Stopping threads took: 0,0000294 seconds
2018-04-06T22:23:05.667+0200: 8,805: Total time for which application threads were stopped: 0,0001313 seconds, Stopping threads took: 0,0000515 seconds
2018-04-06T22:23:05.669+0200: 8,806: Total time for which application threads were stopped: 0,0001124 seconds, Stopping threads took: 0,0000364 seconds
2018-04-06T22:23:05.669+0200: 8,807: Total time for which application threads were stopped: 0,0001390 seconds, Stopping threads took: 0,0000581 seconds
2018-04-06T22:23:05.672+0200: 8,810: Total time for which application threads were stopped: 0,0004152 seconds, Stopping threads took: 0,0001621 seconds
2018-04-06T22:23:05.672+0200: 8,810: Total time for which application threads were stopped: 0,0000913 seconds, Stopping threads took: 0,0000195 seconds
2018-04-06T22:23:05.672+0200: 8,810: Total time for which application threads were stopped: 0,0000621 seconds, Stopping threads took: 0,0000139 seconds
2018-04-06T22:23:05.672+0200: 8,810: Total time for which application threads were stopped: 0,0000567 seconds, Stopping threads took: 0,0000163 seconds
2018-04-06T22:23:05.673+0200: 8,810: Total time for which application threads were stopped: 0,0000491 seconds, Stopping threads took: 0,0000144 seconds
2018-04-06T22:23:05.674+0200: 8,811: Total time for which application threads were stopped: 0,0007355 seconds, Stopping threads took: 0,0001125 seconds
2018-04-06T22:23:05.674+0200: 8,812: Total time for which application threads were stopped: 0,0006526 seconds, Stopping threads took: 0,0001158 seconds
2018-04-06T22:23:05.676+0200: 8,813: Total time for which application threads were stopped: 0,0003425 seconds, Stopping threads took: 0,0000708 seconds
2018-04-06T22:23:05.867+0200: 9,005: Total time for which application threads were stopped: 0,0004670 seconds, Stopping threads took: 0,0003837 seconds
2018-04-06T22:23:06.584+0200: 9,722: Total time for which application threads were stopped: 0,0001068 seconds, Stopping threads took: 0,0000236 seconds
2018-04-06T22:23:07.584+0200: 10,722: Total time for which application threads were stopped: 0,0001115 seconds, Stopping threads took: 0,0000234 seconds
2018-04-06T22:23:08.584+0200: 11,722: Total time for which application threads were stopped: 0,0001114 seconds, Stopping threads took: 0,0000235 seconds
2018-04-06T22:23:10.822+0200: 13,959: Total time for which application threads were stopped: 0,0000684 seconds, Stopping threads took: 0,0000202 seconds
2018-04-06T22:23:10.822+0200: 13,960: Total time for which application threads were stopped: 0,0000382 seconds, Stopping threads took: 0,0000101 seconds
2018-04-06T22:23:10.822+0200: 13,960: Total time for which application threads were stopped: 0,0000434 seconds, Stopping threads took: 0,0000127 seconds
2018-04-06T22:23:11.823+0200: 14,961: Total time for which application threads were stopped: 0,0004555 seconds, Stopping threads took: 0,0001419 seconds
2018-04-06T22:23:13.823+0200: 16,961: Total time for which application threads were stopped: 0,0000715 seconds, Stopping threads took: 0,0000192 seconds
2018-04-06T22:23:14.824+0200: 17,962: Total time for which application threads were stopped: 0,0006069 seconds, Stopping threads took: 0,0002993 seconds
2018-04-06T22:23:15.824+0200: 18,962: Total time for which application threads were stopped: 0,0000807 seconds, Stopping threads took: 0,0000185 seconds
2018-04-06T22:23:16.824+0200: 19,962: Total time for which application threads were stopped: 0,0001054 seconds, Stopping threads took: 0,0000327 seconds
2018-04-06T22:23:18.825+0200: 21,962: Total time for which application threads were stopped: 0,0000738 seconds, Stopping threads took: 0,0000203 seconds
2018-04-06T22:23:23.825+0200: 26,963: Total time for which application threads were stopped: 0,0000978 seconds, Stopping threads took: 0,0000274 seconds
2018-04-06T22:23:27.826+0200: 30,963: Total time for which application threads were stopped: 0,0000765 seconds, Stopping threads took: 0,0000209 seconds
2018-04-06T22:23:28.826+0200: 31,963: Total time for which application threads were stopped: 0,0000715 seconds, Stopping threads took: 0,0000206 seconds
2018-04-06T22:23:29.826+0200: 32,964: Total time for which application threads were stopped: 0,0000865 seconds, Stopping threads took: 0,0000236 seconds
2018-04-06T22:23:30.826+0200: 33,964: Total time for which application threads were stopped: 0,0001146 seconds, Stopping threads took: 0,0000189 seconds
2018-04-06T22:23:33.826+0200: 36,964: Total time for which application threads were stopped: 0,0000936 seconds, Stopping threads took: 0,0000219 seconds
2018-04-06T22:23:34.827+0200: 37,964: Total time for which application threads were stopped: 0,0001276 seconds, Stopping threads took: 0,0000363 seconds
2018-04-06T22:23:35.827+0200: 38,965: Total time for which application threads were stopped: 0,0001397 seconds, Stopping threads took: 0,0000210 seconds
2018-04-06T22:23:37.827+0200: 40,965: Total time for which application threads were stopped: 0,0001043 seconds, Stopping threads took: 0,0000237 seconds
2018-04-06T22:23:40.828+0200: 43,965: Total time for which application threads were stopped: 0,0000957 seconds, Stopping threads took: 0,0000247 seconds
2018-04-06T22:23:41.828+0200: 44,966: Total time for which application threads were stopped: 0,0001016 seconds, Stopping threads took: 0,0000253 seconds
2018-04-06T22:23:42.828+0200: 45,966: Total time for which application threads were stopped: 0,0000806 seconds, Stopping threads took: 0,0000194 seconds
2018-04-06T22:23:45.828+0200: 48,966: Total time for which application threads were stopped: 0,0000763 seconds, Stopping threads took: 0,0000172 seconds
2018-04-06T22:23:47.829+0200: 50,966: Total time for which application threads were stopped: 0,0000760 seconds, Stopping threads took: 0,0000216 seconds
2018-04-06T22:23:48.829+0200: 51,967: Total time for which application threads were stopped: 0,0000885 seconds, Stopping threads took: 0,0000199 seconds
2018-04-06T22:23:48.963+0200: 52,101: Total time for which application threads were stopped: 0,0001190 seconds, Stopping threads took: 0,0000484 seconds
2018-04-06T22:23:52.220+0200: 55,358: Total time for which application threads were stopped: 0,0001306 seconds, Stopping threads took: 0,0000756 seconds
2018-04-06T22:23:52.222+0200: 55,360: Total time for which application threads were stopped: 0,0000898 seconds, Stopping threads took: 0,0000191 seconds
2018-04-06T22:23:52.222+0200: 55,360: Total time for which application threads were stopped: 0,0000527 seconds, Stopping threads took: 0,0000139 seconds
2018-04-06T22:23:54.223+0200: 57,361: Total time for which application threads were stopped: 0,0006167 seconds, Stopping threads took: 0,0001765 seconds
2018-04-06T22:23:55.224+0200: 58,361: Total time for which application threads were stopped: 0,0005120 seconds, Stopping threads took: 0,0001663 seconds
2018-04-06T22:23:56.224+0200: 59,362: Total time for which application threads were stopped: 0,0001199 seconds, Stopping threads took: 0,0000302 seconds
2018-04-06T22:23:57.224+0200: 60,362: Total time for which application threads were stopped: 0,0001909 seconds, Stopping threads took: 0,0000344 seconds
2018-04-06T22:23:59.224+0200: 62,362: Total time for which application threads were stopped: 0,0000724 seconds, Stopping threads took: 0,0000189 seconds
2018-04-06T22:24:00.225+0200: 63,362: Total time for which application threads were stopped: 0,0000819 seconds, Stopping threads took: 0,0000181 seconds
2018-04-06T22:24:03.226+0200: 66,363: Total time for which application threads were stopped: 0,0006189 seconds, Stopping threads took: 0,0001524 seconds
2018-04-06T22:24:04.226+0200: 67,364: Total time for which application threads were stopped: 0,0000979 seconds, Stopping threads took: 0,0000228 seconds
2018-04-06T22:24:05.227+0200: 68,364: Total time for which application threads were stopped: 0,0003046 seconds, Stopping threads took: 0,0000868 seconds
2018-04-06T22:24:06.227+0200: 69,365: Total time for which application threads were stopped: 0,0006581 seconds, Stopping threads took: 0,0001633 seconds
2018-04-06T22:24:07.230+0200: 70,368: Total time for which application threads were stopped: 0,0002840 seconds, Stopping threads took: 0,0000756 seconds
2018-04-06T22:24:14.232+0200: 77,370: Total time for which application threads were stopped: 0,0003956 seconds, Stopping threads took: 0,0001158 seconds
2018-04-06T22:24:18.233+0200: 81,371: Total time for which application threads were stopped: 0,0001030 seconds, Stopping threads took: 0,0000271 seconds
2018-04-06T22:24:24.238+0200: 87,375: Total time for which application threads were stopped: 0,0005247 seconds, Stopping threads took: 0,0001271 seconds
2018-04-06T22:24:28.238+0200: 91,376: Total time for which application threads were stopped: 0,0001166 seconds, Stopping threads took: 0,0000306 seconds
2018-04-06T22:24:30.239+0200: 93,376: Total time for which application threads were stopped: 0,0000998 seconds, Stopping threads took: 0,0000259 seconds
2018-04-06T22:24:31.239+0200: 94,377: Total time for which application threads were stopped: 0,0000941 seconds, Stopping threads took: 0,0000223 seconds
2018-04-06T22:24:35.239+0200: 98,377: Total time for which application threads were stopped: 0,0001001 seconds, Stopping threads took: 0,0000244 seconds
2018-04-06T22:24:38.240+0200: 101,377: Total time for which application threads were stopped: 0,0001039 seconds, Stopping threads took: 0,0000207 seconds
2018-04-06T22:24:39.240+0200: 102,378: Total time for which application threads were stopped: 0,0000848 seconds, Stopping threads took: 0,0000258 seconds
2018-04-06T22:24:40.240+0200: 103,378: Total time for which application threads were stopped: 0,0001336 seconds, Stopping threads took: 0,0000366 seconds
2018-04-06T22:24:41.241+0200: 104,378: Total time for which application threads were stopped: 0,0003934 seconds, Stopping threads took: 0,0001048 seconds
2018-04-06T22:24:42.242+0200: 105,379: Total time for which application threads were stopped: 0,0007527 seconds, Stopping threads took: 0,0001184 seconds
2018-04-06T22:24:43.242+0200: 106,380: Total time for which application threads were stopped: 0,0000761 seconds, Stopping threads took: 0,0000178 seconds
2018-04-06T22:24:44.242+0200: 107,380: Total time for which application threads were stopped: 0,0001309 seconds, Stopping threads took: 0,0000357 seconds
2018-04-06T22:24:47.244+0200: 110,382: Total time for which application threads were stopped: 0,0000945 seconds, Stopping threads took: 0,0000226 seconds
2018-04-06T22:24:49.245+0200: 112,383: Total time for which application threads were stopped: 0,0006604 seconds, Stopping threads took: 0,0001566 seconds
2018-04-06T22:24:53.248+0200: 116,386: Total time for which application threads were stopped: 0,0000814 seconds, Stopping threads took: 0,0000230 seconds
2018-04-06T22:24:59.251+0200: 122,389: Total time for which application threads were stopped: 0,0007164 seconds, Stopping threads took: 0,0000441 seconds
2018-04-06T22:25:00.251+0200: 123,389: Total time for which application threads were stopped: 0,0001311 seconds, Stopping threads took: 0,0000467 seconds
2018-04-06T22:25:01.252+0200: 124,389: Total time for which application threads were stopped: 0,0002199 seconds, Stopping threads took: 0,0000377 seconds
2018-04-06T22:25:03.252+0200: 126,390: Total time for which application threads were stopped: 0,0001095 seconds, Stopping threads took: 0,0000422 seconds
2018-04-06T22:25:04.252+0200: 127,390: Total time for which application threads were stopped: 0,0001037 seconds, Stopping threads took: 0,0000241 seconds
2018-04-06T22:25:05.252+0200: 128,390: Total time for which application threads were stopped: 0,0003856 seconds, Stopping threads took: 0,0000895 seconds
2018-04-06T22:25:06.254+0200: 129,391: Total time for which application threads were stopped: 0,0008522 seconds, Stopping threads took: 0,0001270 seconds
2018-04-06T22:25:06.613+0200: 129,751: Total time for which application threads were stopped: 0,0001257 seconds, Stopping threads took: 0,0000305 seconds
2018-04-06T22:25:07.613+0200: 130,751: Total time for which application threads were stopped: 0,0001100 seconds, Stopping threads took: 0,0000255 seconds
2018-04-06T22:25:08.614+0200: 131,752: Total time for which application threads were stopped: 0,0005538 seconds, Stopping threads took: 0,0001557 seconds
2018-04-06T22:25:09.614+0200: 132,752: Total time for which application threads were stopped: 0,0001020 seconds, Stopping threads took: 0,0000273 seconds
2018-04-06T22:25:09.617+0200: 132,755: Total time for which application threads were stopped: 0,0001250 seconds, Stopping threads took: 0,0000299 seconds
2018-04-06T22:25:10.617+0200: 133,755: Total time for which application threads were stopped: 0,0001252 seconds, Stopping threads took: 0,0000285 seconds
2018-04-06T22:25:11.618+0200: 134,755: Total time for which application threads were stopped: 0,0001269 seconds, Stopping threads took: 0,0000356 seconds
2018-04-06T22:25:12.618+0200: 135,756: Total time for which application threads were stopped: 0,0001066 seconds, Stopping threads took: 0,0000244 seconds
2018-04-06T22:25:19.618+0200: 142,756: Total time for which application threads were stopped: 0,0000798 seconds, Stopping threads took: 0,0000187 seconds
2018-04-06T22:25:22.291+0200: 145,429: Total time for which application threads were stopped: 0,0001123 seconds, Stopping threads took: 0,0000291 seconds
2018-04-06T22:25:23.292+0200: 146,430: Total time for which application threads were stopped: 0,0006700 seconds, Stopping threads took: 0,0001740 seconds
2018-04-06T22:25:24.238+0200: 147,376: Total time for which application threads were stopped: 0,0001291 seconds, Stopping threads took: 0,0000370 seconds
2018-04-06T22:25:25.239+0200: 148,377: Total time for which application threads were stopped: 0,0006770 seconds, Stopping threads took: 0,0001235 seconds
2018-04-06T22:25:26.239+0200: 149,377: Total time for which application threads were stopped: 0,0000938 seconds, Stopping threads took: 0,0000219 seconds
2018-04-06T22:25:27.239+0200: 150,377: Total time for which application threads were stopped: 0,0000831 seconds, Stopping threads took: 0,0000190 seconds
2018-04-06T22:25:30.240+0200: 153,378: Total time for which application threads were stopped: 0,0005062 seconds, Stopping threads took: 0,0001171 seconds
2018-04-06T22:25:31.241+0200: 154,379: Total time for which application threads were stopped: 0,0006120 seconds, Stopping threads took: 0,0001634 seconds
2018-04-06T22:25:34.243+0200: 157,381: Total time for which application threads were stopped: 0,0002865 seconds, Stopping threads took: 0,0000730 seconds
2018-04-06T22:25:38.244+0200: 161,382: Total time for which application threads were stopped: 0,0003737 seconds, Stopping threads took: 0,0000919 seconds
2018-04-06T22:25:39.244+0200: 162,382: Total time for which application threads were stopped: 0,0000775 seconds, Stopping threads took: 0,0000182 seconds
2018-04-06T22:25:45.245+0200: 168,383: Total time for which application threads were stopped: 0,0000858 seconds, Stopping threads took: 0,0000195 seconds
2018-04-06T22:25:46.245+0200: 169,383: Total time for which application threads were stopped: 0,0004807 seconds, Stopping threads took: 0,0000910 seconds
2018-04-06T22:25:47.246+0200: 170,383: Total time for which application threads were stopped: 0,0001162 seconds, Stopping threads took: 0,0000498 seconds
2018-04-06T22:25:48.246+0200: 171,384: Total time for which application threads were stopped: 0,0003658 seconds, Stopping threads took: 0,0000879 seconds
2018-04-06T22:25:50.247+0200: 173,385: Total time for which application threads were stopped: 0,0004276 seconds, Stopping threads took: 0,0001136 seconds
2018-04-06T22:25:51.248+0200: 174,385: Total time for which application threads were stopped: 0,0006147 seconds, Stopping threads took: 0,0001494 seconds
2018-04-06T22:25:53.248+0200: 176,386: Total time for which application threads were stopped: 0,0000928 seconds, Stopping threads took: 0,0000242 seconds
2018-04-06T22:25:54.248+0200: 177,386: Total time for which application threads were stopped: 0,0003609 seconds, Stopping threads took: 0,0000858 seconds
2018-04-06T22:25:55.249+0200: 178,386: Total time for which application threads were stopped: 0,0001060 seconds, Stopping threads took: 0,0000192 seconds
2018-04-06T22:25:56.250+0200: 179,387: Total time for which application threads were stopped: 0,0006839 seconds, Stopping threads took: 0,0001736 seconds
2018-04-06T22:25:57.250+0200: 180,388: Total time for which application threads were stopped: 0,0001325 seconds, Stopping threads took: 0,0000292 seconds
2018-04-06T22:25:59.251+0200: 182,388: Total time for which application threads were stopped: 0,0001191 seconds, Stopping threads took: 0,0000330 seconds
2018-04-06T22:25:59.997+0200: 183,135: Total time for which application threads were stopped: 0,0000874 seconds, Stopping threads took: 0,0000171 seconds
2018-04-06T22:26:00.997+0200: 184,135: Total time for which application threads were stopped: 0,0001111 seconds, Stopping threads took: 0,0000196 seconds
2018-04-06T22:26:03.998+0200: 187,136: Total time for which application threads were stopped: 0,0005341 seconds, Stopping threads took: 0,0002059 seconds
2018-04-06T22:26:04.998+0200: 188,136: Total time for which application threads were stopped: 0,0000788 seconds, Stopping threads took: 0,0000182 seconds
2018-04-06T22:26:12.999+0200: 196,137: Total time for which application threads were stopped: 0,0000891 seconds, Stopping threads took: 0,0000206 seconds
2018-04-06T22:26:13.999+0200: 197,137: Total time for which application threads were stopped: 0,0000825 seconds, Stopping threads took: 0,0000184 seconds
2018-04-06T22:26:19.000+0200: 202,138: Total time for which application threads were stopped: 0,0000791 seconds, Stopping threads took: 0,0000181 seconds
2018-04-06T22:26:23.000+0200: 206,138: Total time for which application threads were stopped: 0,0001142 seconds, Stopping threads took: 0,0000307 seconds
2018-04-06T22:26:23.833+0200: 206,971: Total time for which application threads were stopped: 0,0000917 seconds, Stopping threads took: 0,0000243 seconds
2018-04-06T22:26:23.848+0200: 206,986: Total time for which application threads were stopped: 0,0000993 seconds, Stopping threads took: 0,0000173 seconds
2018-04-06T22:26:23.973+0200: 207,111: Total time for which application threads were stopped: 0,0007792 seconds, Stopping threads took: 0,0000341 seconds
2018-04-06T22:26:23.975+0200: 207,112: Total time for which application threads were stopped: 0,0002521 seconds, Stopping threads took: 0,0000719 seconds
2018-04-06T22:26:24.014+0200: 207,152: Total time for which application threads were stopped: 0,0001160 seconds, Stopping threads took: 0,0000204 seconds
2018-04-06T22:26:24.182+0200: 207,319: Total time for which application threads were stopped: 0,0001170 seconds, Stopping threads took: 0,0000257 seconds
2018-04-06T22:26:24.299+0200: 207,437: Total time for which application threads were stopped: 0,0001063 seconds, Stopping threads took: 0,0000243 seconds
{Heap before GC invocations=9 (full 1):
 par new generation   total 109248K, used 108685K [0x00000000e0000000, 0x00000000e8000000, 0x00000000e8000000)
  eden space 87424K, 100% used [0x00000000e0000000, 0x00000000e5560000, 0x00000000e5560000)
  from space 21824K,  97% used [0x00000000e6ab0000, 0x00000000e7f734c0, 0x00000000e8000000)
  to   space 21824K,   0% used [0x00000000e5560000, 0x00000000e5560000, 0x00000000e6ab0000)
 concurrent mark-sweep generation total 393216K, used 9303K [0x00000000e8000000, 0x0000000100000000, 0x0000000100000000)
 Metaspace       used 30489K, capacity 31248K, committed 31484K, reserved 1077248K
  class space    used 3441K, capacity 3733K, committed 3836K, reserved 1048576K
2018-04-06T22:26:24.446+0200: 207,584: [GC (Allocation Failure) 2018-04-06T22:26:24.446+0200: 207,584: [ParNew
Desired survivor size 20112992 bytes, new threshold 5 (max 8)
- age   1:    7771336 bytes,    7771336 total
- age   2:     471112 bytes,    8242448 total
- age   3:     155808 bytes,    8398256 total
- age   4:    5894640 bytes,   14292896 total
- age   5:    6888680 bytes,   21181576 total
- age   6:     153360 bytes,   21334936 total
- age   7:     178944 bytes,   21513880 total
- age   8:     259736 bytes,   21773616 total
: 108685K->21824K(109248K), 0,0464405 secs] 117988K->32916K(502464K), 0,0465423 secs] [Times: user=0,09 sys=0,01, real=0,05 secs] 
Heap after GC invocations=10 (full 1):
 par new generation   total 109248K, used 21824K [0x00000000e0000000, 0x00000000e8000000, 0x00000000e8000000)
  eden space 87424K,   0% used [0x00000000e0000000, 0x00000000e0000000, 0x00000000e5560000)
  from space 21824K, 100% used [0x00000000e5560000, 0x00000000e6ab0000, 0x00000000e6ab0000)
  to   space 21824K,   0% used [0x00000000e6ab0000, 0x00000000e6ab0000, 0x00000000e8000000)
 concurrent mark-sweep generation total 393216K, used 11092K [0x00000000e8000000, 0x0000000100000000, 0x0000000100000000)
 Metaspace       used 30489K, capacity 31248K, committed 31484K, reserved 1077248K
  class space    used 3441K, capacity 3733K, committed 3836K, reserved 1048576K
}
2018-04-06T22:26:24.493+0200: 207,631: Total time for which application threads were stopped: 0,0467925 seconds, Stopping threads took: 0,0000303 seconds
2018-04-06T22:26:24.495+0200: 207,632: Total time for which application threads were stopped: 0,0001783 seconds, Stopping threads took: 0,0000660 seconds
2018-04-06T22:26:24.495+0200: 207,633: Total time for which application threads were stopped: 0,0000535 seconds, Stopping threads took: 0,0000148 seconds
2018-04-06T22:26:25.495+0200: 208,633: Total time for which application threads were stopped: 0,0002726 seconds, Stopping threads took: 0,0000438 seconds
2018-04-06T22:26:25.901+0200: 209,039: Total time for which application threads were stopped: 0,0001569 seconds, Stopping threads took: 0,0000297 seconds
2018-04-06T22:26:26.109+0200: 209,247: Total time for which application threads were stopped: 0,0000970 seconds, Stopping threads took: 0,0000188 seconds
2018-04-06T22:26:26.296+0200: 209,434: Total time for which application threads were stopped: 0,0001278 seconds, Stopping threads took: 0,0000345 seconds
2018-04-06T22:26:27.297+0200: 210,435: Total time for which application threads were stopped: 0,0007852 seconds, Stopping threads took: 0,0001925 seconds
2018-04-06T22:26:28.297+0200: 211,435: Total time for which application threads were stopped: 0,0001160 seconds, Stopping threads took: 0,0000186 seconds
2018-04-06T22:26:29.298+0200: 212,436: Total time for which application threads were stopped: 0,0005495 seconds, Stopping threads took: 0,0001218 seconds
2018-04-06T22:26:29.561+0200: 212,699: Total time for which application threads were stopped: 0,0002353 seconds, Stopping threads took: 0,0000260 seconds
2018-04-06T22:26:29.562+0200: 212,699: Total time for which application threads were stopped: 0,0000845 seconds, Stopping threads took: 0,0000190 seconds
2018-04-06T22:26:29.954+0200: 213,092: Total time for which application threads were stopped: 0,0001392 seconds, Stopping threads took: 0,0000188 seconds
2018-04-06T22:26:29.954+0200: 213,092: Total time for which application threads were stopped: 0,0000479 seconds, Stopping threads took: 0,0000087 seconds
2018-04-06T22:26:30.954+0200: 214,092: Total time for which application threads were stopped: 0,0001324 seconds, Stopping threads took: 0,0000242 seconds
{Heap before GC invocations=10 (full 1):
 par new generation   total 109248K, used 109248K [0x00000000e0000000, 0x00000000e8000000, 0x00000000e8000000)
  eden space 87424K, 100% used [0x00000000e0000000, 0x00000000e5560000, 0x00000000e5560000)
  from space 21824K, 100% used [0x00000000e5560000, 0x00000000e6ab0000, 0x00000000e6ab0000)
  to   space 21824K,   0% used [0x00000000e6ab0000, 0x00000000e6ab0000, 0x00000000e8000000)
 concurrent mark-sweep generation total 393216K, used 11092K [0x00000000e8000000, 0x0000000100000000, 0x0000000100000000)
 Metaspace       used 30909K, capacity 31698K, committed 31996K, reserved 1077248K
  class space    used 3449K, capacity 3799K, committed 3836K, reserved 1048576K
2018-04-06T22:26:31.371+0200: 214,509: [GC (Allocation Failure) 2018-04-06T22:26:31.372+0200: 214,509: [ParNew
Desired survivor size 20112992 bytes, new threshold 8 (max 8)
- age   1:    1090568 bytes,    1090568 total
- age   2:    7571776 bytes,    8662344 total
- age   3:     471112 bytes,    9133456 total
- age   4:     155808 bytes,    9289264 total
- age   5:    5894592 bytes,   15183856 total
: 109248K->21824K(109248K), 0,0429573 secs] 120340K->41272K(502464K), 0,0432357 secs] [Times: user=0,11 sys=0,01, real=0,04 secs] 
Heap after GC invocations=11 (full 1):
 par new generation   total 109248K, used 21824K [0x00000000e0000000, 0x00000000e8000000, 0x00000000e8000000)
  eden space 87424K,   0% used [0x00000000e0000000, 0x00000000e0000000, 0x00000000e5560000)
  from space 21824K, 100% used [0x00000000e6ab0000, 0x00000000e8000000, 0x00000000e8000000)
  to   space 21824K,   0% used [0x00000000e5560000, 0x00000000e5560000, 0x00000000e6ab0000)
 concurrent mark-sweep generation total 393216K, used 19448K [0x00000000e8000000, 0x0000000100000000, 0x0000000100000000)
 Metaspace       used 30909K, capacity 31698K, committed 31996K, reserved 1077248K
  class space    used 3449K, capacity 3799K, committed 3836K, reserved 1048576K
}
2018-04-06T22:26:31.415+0200: 214,552: Total time for which application threads were stopped: 0,0439566 seconds, Stopping threads took: 0,0001075 seconds
2018-04-06T22:26:32.415+0200: 215,553: Total time for which application threads were stopped: 0,0006555 seconds, Stopping threads took: 0,0001453 seconds
2018-04-06T22:26:33.416+0200: 216,553: Total time for which application threads were stopped: 0,0001196 seconds, Stopping threads took: 0,0000493 seconds
2018-04-06T22:26:34.416+0200: 217,554: Total time for which application threads were stopped: 0,0000938 seconds, Stopping threads took: 0,0000172 seconds
2018-04-06T22:26:34.682+0200: 217,819: Total time for which application threads were stopped: 0,0005687 seconds, Stopping threads took: 0,0000176 seconds
2018-04-06T22:26:34.683+0200: 217,820: Total time for which application threads were stopped: 0,0005946 seconds, Stopping threads took: 0,0000120 seconds
2018-04-06T22:26:34.690+0200: 217,828: Total time for which application threads were stopped: 0,0001639 seconds, Stopping threads took: 0,0000597 seconds
2018-04-06T22:26:34.695+0200: 217,832: Total time for which application threads were stopped: 0,0001755 seconds, Stopping threads took: 0,0000689 seconds
2018-04-06T22:26:34.699+0200: 217,837: Total time for which application threads were stopped: 0,0021806 seconds, Stopping threads took: 0,0019888 seconds
2018-04-06T22:26:34.701+0200: 217,839: Total time for which application threads were stopped: 0,0003959 seconds, Stopping threads took: 0,0003123 seconds
2018-04-06T22:26:34.709+0200: 217,847: Total time for which application threads were stopped: 0,0004200 seconds, Stopping threads took: 0,0003161 seconds
2018-04-06T22:26:34.710+0200: 217,847: Total time for which application threads were stopped: 0,0001649 seconds, Stopping threads took: 0,0000868 seconds
2018-04-06T22:26:34.710+0200: 217,848: Total time for which application threads were stopped: 0,0003318 seconds, Stopping threads took: 0,0002259 seconds
2018-04-06T22:26:34.711+0200: 217,849: Total time for which application threads were stopped: 0,0003920 seconds, Stopping threads took: 0,0000561 seconds
2018-04-06T22:26:34.712+0200: 217,850: Total time for which application threads were stopped: 0,0002073 seconds, Stopping threads took: 0,0001329 seconds
2018-04-06T22:26:34.712+0200: 217,850: Total time for which application threads were stopped: 0,0001096 seconds, Stopping threads took: 0,0000455 seconds
2018-04-06T22:26:34.713+0200: 217,850: Total time for which application threads were stopped: 0,0002481 seconds, Stopping threads took: 0,0000529 seconds
2018-04-06T22:26:34.713+0200: 217,851: Total time for which application threads were stopped: 0,0004806 seconds, Stopping threads took: 0,0002227 seconds
2018-04-06T22:26:34.714+0200: 217,852: Total time for which application threads were stopped: 0,0001389 seconds, Stopping threads took: 0,0000593 seconds
2018-04-06T22:26:34.714+0200: 217,852: Total time for which application threads were stopped: 0,0001417 seconds, Stopping threads took: 0,0000452 seconds
2018-04-06T22:26:34.715+0200: 217,853: Total time for which application threads were stopped: 0,0001170 seconds, Stopping threads took: 0,0000371 seconds
2018-04-06T22:26:34.716+0200: 217,853: Total time for which application threads were stopped: 0,0000887 seconds, Stopping threads took: 0,0000239 seconds
2018-04-06T22:26:34.716+0200: 217,853: Total time for which application threads were stopped: 0,0001173 seconds, Stopping threads took: 0,0000440 seconds
2018-04-06T22:26:34.716+0200: 217,854: Total time for which application threads were stopped: 0,0001049 seconds, Stopping threads took: 0,0000410 seconds
2018-04-06T22:26:34.716+0200: 217,854: Total time for which application threads were stopped: 0,0000851 seconds, Stopping threads took: 0,0000280 seconds
2018-04-06T22:26:34.716+0200: 217,854: Total time for which application threads were stopped: 0,0000715 seconds, Stopping threads took: 0,0000276 seconds
2018-04-06T22:26:34.716+0200: 217,854: Total time for which application threads were stopped: 0,0000706 seconds, Stopping threads took: 0,0000326 seconds
2018-04-06T22:26:34.716+0200: 217,854: Total time for which application threads were stopped: 0,0000589 seconds, Stopping threads took: 0,0000237 seconds
2018-04-06T22:26:34.716+0200: 217,854: Total time for which application threads were stopped: 0,0000584 seconds, Stopping threads took: 0,0000282 seconds
2018-04-06T22:26:34.716+0200: 217,854: Total time for which application threads were stopped: 0,0000575 seconds, Stopping threads took: 0,0000214 seconds
2018-04-06T22:26:34.717+0200: 217,854: Total time for which application threads were stopped: 0,0000859 seconds, Stopping threads took: 0,0000451 seconds
2018-04-06T22:26:34.717+0200: 217,854: Total time for which application threads were stopped: 0,0000644 seconds, Stopping threads took: 0,0000259 seconds
2018-04-06T22:26:34.718+0200: 217,856: Total time for which application threads were stopped: 0,0001736 seconds, Stopping threads took: 0,0001025 seconds
2018-04-06T22:26:34.718+0200: 217,856: Total time for which application threads were stopped: 0,0000684 seconds, Stopping threads took: 0,0000305 seconds
2018-04-06T22:26:34.718+0200: 217,856: Total time for which application threads were stopped: 0,0000556 seconds, Stopping threads took: 0,0000133 seconds
2018-04-06T22:26:34.719+0200: 217,856: Total time for which application threads were stopped: 0,0000695 seconds, Stopping threads took: 0,0000241 seconds
2018-04-06T22:26:34.719+0200: 217,856: Total time for which application threads were stopped: 0,0000749 seconds, Stopping threads took: 0,0000268 seconds
2018-04-06T22:26:34.730+0200: 217,868: Total time for which application threads were stopped: 0,0080481 seconds, Stopping threads took: 0,0074168 seconds
2018-04-06T22:26:34.734+0200: 217,871: Total time for which application threads were stopped: 0,0001328 seconds, Stopping threads took: 0,0000573 seconds
2018-04-06T22:26:34.735+0200: 217,872: Total time for which application threads were stopped: 0,0001123 seconds, Stopping threads took: 0,0000402 seconds
2018-04-06T22:26:34.737+0200: 217,875: Total time for which application threads were stopped: 0,0001506 seconds, Stopping threads took: 0,0000512 seconds
2018-04-06T22:26:34.737+0200: 217,875: Total time for which application threads were stopped: 0,0000673 seconds, Stopping threads took: 0,0000221 seconds
2018-04-06T22:26:34.738+0200: 217,875: Total time for which application threads were stopped: 0,0000726 seconds, Stopping threads took: 0,0000253 seconds
2018-04-06T22:26:34.738+0200: 217,875: Total time for which application threads were stopped: 0,0000528 seconds, Stopping threads took: 0,0000152 seconds
2018-04-06T22:26:34.738+0200: 217,876: Total time for which application threads were stopped: 0,0000634 seconds, Stopping threads took: 0,0000126 seconds
2018-04-06T22:26:34.738+0200: 217,876: Total time for which application threads were stopped: 0,0001062 seconds, Stopping threads took: 0,0000527 seconds
2018-04-06T22:26:34.741+0200: 217,879: Total time for which application threads were stopped: 0,0034305 seconds, Stopping threads took: 0,0033336 seconds
2018-04-06T22:26:34.742+0200: 217,880: Total time for which application threads were stopped: 0,0003844 seconds, Stopping threads took: 0,0002353 seconds
2018-04-06T22:26:34.743+0200: 217,881: Total time for which application threads were stopped: 0,0001541 seconds, Stopping threads took: 0,0000949 seconds
2018-04-06T22:26:34.743+0200: 217,881: Total time for which application threads were stopped: 0,0001141 seconds, Stopping threads took: 0,0000342 seconds
2018-04-06T22:26:34.746+0200: 217,884: Total time for which application threads were stopped: 0,0001456 seconds, Stopping threads took: 0,0000318 seconds
2018-04-06T22:26:34.750+0200: 217,888: Total time for which application threads were stopped: 0,0006433 seconds, Stopping threads took: 0,0001678 seconds
2018-04-06T22:26:34.751+0200: 217,888: Total time for which application threads were stopped: 0,0004289 seconds, Stopping threads took: 0,0001533 seconds
2018-04-06T22:26:34.752+0200: 217,890: Total time for which application threads were stopped: 0,0005367 seconds, Stopping threads took: 0,0003004 seconds
2018-04-06T22:26:34.754+0200: 217,892: Total time for which application threads were stopped: 0,0002474 seconds, Stopping threads took: 0,0000384 seconds
2018-04-06T22:26:34.756+0200: 217,894: Total time for which application threads were stopped: 0,0001557 seconds, Stopping threads took: 0,0000698 seconds
2018-04-06T22:26:34.758+0200: 217,896: Total time for which application threads were stopped: 0,0001415 seconds, Stopping threads took: 0,0000398 seconds
2018-04-06T22:26:34.758+0200: 217,896: Total time for which application threads were stopped: 0,0000749 seconds, Stopping threads took: 0,0000307 seconds
2018-04-06T22:26:34.758+0200: 217,896: Total time for which application threads were stopped: 0,0000937 seconds, Stopping threads took: 0,0000372 seconds
2018-04-06T22:26:34.758+0200: 217,896: Total time for which application threads were stopped: 0,0000616 seconds, Stopping threads took: 0,0000251 seconds
2018-04-06T22:26:34.760+0200: 217,898: Total time for which application threads were stopped: 0,0001366 seconds, Stopping threads took: 0,0000249 seconds
2018-04-06T22:26:34.761+0200: 217,898: Total time for which application threads were stopped: 0,0000738 seconds, Stopping threads took: 0,0000319 seconds
2018-04-06T22:26:34.761+0200: 217,898: Total time for which application threads were stopped: 0,0000623 seconds, Stopping threads took: 0,0000186 seconds
2018-04-06T22:26:34.761+0200: 217,899: Total time for which application threads were stopped: 0,0000517 seconds, Stopping threads took: 0,0000199 seconds
2018-04-06T22:26:34.761+0200: 217,899: Total time for which application threads were stopped: 0,0000563 seconds, Stopping threads took: 0,0000234 seconds
2018-04-06T22:26:34.761+0200: 217,899: Total time for which application threads were stopped: 0,0000608 seconds, Stopping threads took: 0,0000285 seconds
2018-04-06T22:26:34.761+0200: 217,899: Total time for which application threads were stopped: 0,0001699 seconds, Stopping threads took: 0,0000366 seconds
2018-04-06T22:26:34.762+0200: 217,900: Total time for which application threads were stopped: 0,0000849 seconds, Stopping threads took: 0,0000335 seconds
2018-04-06T22:26:34.762+0200: 217,900: Total time for which application threads were stopped: 0,0000833 seconds, Stopping threads took: 0,0000280 seconds
2018-04-06T22:26:34.764+0200: 217,902: Total time for which application threads were stopped: 0,0000899 seconds, Stopping threads took: 0,0000189 seconds
2018-04-06T22:26:34.765+0200: 217,902: Total time for which application threads were stopped: 0,0001069 seconds, Stopping threads took: 0,0000337 seconds
2018-04-06T22:26:34.766+0200: 217,904: Total time for which application threads were stopped: 0,0000923 seconds, Stopping threads took: 0,0000193 seconds
Heap
 par new generation   total 109248K, used 76609K [0x00000000e0000000, 0x00000000e8000000, 0x00000000e8000000)
  eden space 87424K,  62% used [0x00000000e0000000, 0x00000000e35806f0, 0x00000000e5560000)
  from space 21824K, 100% used [0x00000000e6ab0000, 0x00000000e8000000, 0x00000000e8000000)
  to   space 21824K,   0% used [0x00000000e5560000, 0x00000000e5560000, 0x00000000e6ab0000)
 concurrent mark-sweep generation total 393216K, used 19448K [0x00000000e8000000, 0x0000000100000000, 0x0000000100000000)
 Metaspace       used 31094K, capacity 31838K, committed 31996K, reserved 1077248K
  class space    used 3466K, capacity 3801K, committed 3836K, reserved 1048576K
