OpenJDK 64-Bit Server VM (25.171-b11) for linux-amd64 JRE (1.8.0_171-8u171-b11-0ubuntu0.16.04.1-b11), built on Apr 27 2018 17:19:03 by "buildd" with gcc 5.4.0 20160609
Memory: 4k page, physical 7867600k(1157720k free), swap 8076284k(8076284k free)
CommandLine flags: -XX:CMSInitiatingOccupancyFraction=50 -XX:CMSMaxAbortablePrecleanTime=6000 -XX:+CMSParallelRemarkEnabled -XX:+CMSScavengeBeforeRemark -XX:ConcGCThreads=4 -XX:InitialHeapSize=536870912 -XX:MaxHeapSize=536870912 -XX:MaxTenuringThreshold=8 -XX:NewRatio=3 -XX:OldPLABSize=16 -XX:OnOutOfMemoryError=/home/gurnoor/workspace/QTM/solr/bin/oom_solr.sh 8983 /home/gurnoor/workspace/QTM/solr/server/logs -XX:ParallelGCThreads=4 -XX:+ParallelRefProcEnabled -XX:PretenureSizeThreshold=67108864 -XX:+PrintGC -XX:+PrintGCApplicationStoppedTime -XX:+PrintGCDateStamps -XX:+PrintGCDetails -XX:+PrintGCTimeStamps -XX:+PrintHeapAtGC -XX:+PrintTenuringDistribution -XX:SurvivorRatio=4 -XX:TargetSurvivorRatio=90 -XX:ThreadStackSize=256 -XX:+UseCMSInitiatingOccupancyOnly -XX:+UseCompressedClassPointers -XX:+UseCompressedOops -XX:+UseConcMarkSweepGC -XX:+UseParNewGC 
2018-06-19T11:25:25.229+0200: 0,120: Total time for which application threads were stopped: 0,0000778 seconds, Stopping threads took: 0,0000194 seconds
2018-06-19T11:25:25.297+0200: 0,188: Total time for which application threads were stopped: 0,0001002 seconds, Stopping threads took: 0,0000148 seconds
2018-06-19T11:25:25.306+0200: 0,197: Total time for which application threads were stopped: 0,0000876 seconds, Stopping threads took: 0,0000188 seconds
2018-06-19T11:25:25.422+0200: 0,313: Total time for which application threads were stopped: 0,0001783 seconds, Stopping threads took: 0,0000251 seconds
2018-06-19T11:25:25.582+0200: 0,473: Total time for which application threads were stopped: 0,0001452 seconds, Stopping threads took: 0,0000188 seconds
2018-06-19T11:25:25.627+0200: 0,519: Total time for which application threads were stopped: 0,0001678 seconds, Stopping threads took: 0,0000275 seconds
2018-06-19T11:25:25.654+0200: 0,545: Total time for which application threads were stopped: 0,0002033 seconds, Stopping threads took: 0,0000246 seconds
2018-06-19T11:25:25.852+0200: 0,744: Total time for which application threads were stopped: 0,0001839 seconds, Stopping threads took: 0,0000164 seconds
2018-06-19T11:25:26.000+0200: 0,892: Total time for which application threads were stopped: 0,0002452 seconds, Stopping threads took: 0,0000234 seconds
2018-06-19T11:25:26.021+0200: 0,912: Total time for which application threads were stopped: 0,0002274 seconds, Stopping threads took: 0,0000206 seconds
2018-06-19T11:25:26.046+0200: 0,937: Total time for which application threads were stopped: 0,0002409 seconds, Stopping threads took: 0,0000317 seconds
2018-06-19T11:25:26.047+0200: 0,938: Total time for which application threads were stopped: 0,0001956 seconds, Stopping threads took: 0,0000241 seconds
2018-06-19T11:25:26.057+0200: 0,948: Total time for which application threads were stopped: 0,0002410 seconds, Stopping threads took: 0,0000281 seconds
2018-06-19T11:25:26.137+0200: 1,029: Total time for which application threads were stopped: 0,0002576 seconds, Stopping threads took: 0,0000251 seconds
2018-06-19T11:25:26.290+0200: 1,181: Total time for which application threads were stopped: 0,0002693 seconds, Stopping threads took: 0,0000367 seconds
{Heap before GC invocations=0 (full 0):
 par new generation   total 109248K, used 87424K [0x00000000e0000000, 0x00000000e8000000, 0x00000000e8000000)
  eden space 87424K, 100% used [0x00000000e0000000, 0x00000000e5560000, 0x00000000e5560000)
  from space 21824K,   0% used [0x00000000e5560000, 0x00000000e5560000, 0x00000000e6ab0000)
  to   space 21824K,   0% used [0x00000000e6ab0000, 0x00000000e6ab0000, 0x00000000e8000000)
 concurrent mark-sweep generation total 393216K, used 0K [0x00000000e8000000, 0x0000000100000000, 0x0000000100000000)
 Metaspace       used 18087K, capacity 18408K, committed 18688K, reserved 1064960K
  class space    used 2039K, capacity 2198K, committed 2304K, reserved 1048576K
2018-06-19T11:25:26.372+0200: 1,263: [GC (Allocation Failure) 2018-06-19T11:25:26.372+0200: 1,263: [ParNew
Desired survivor size 20112992 bytes, new threshold 8 (max 8)
- age   1:   12468856 bytes,   12468856 total
: 87424K->12286K(109248K), 0,0113243 secs] 87424K->12286K(502464K), 0,0113846 secs] [Times: user=0,04 sys=0,00, real=0,00 secs] 
Heap after GC invocations=1 (full 0):
 par new generation   total 109248K, used 12286K [0x00000000e0000000, 0x00000000e8000000, 0x00000000e8000000)
  eden space 87424K,   0% used [0x00000000e0000000, 0x00000000e0000000, 0x00000000e5560000)
  from space 21824K,  56% used [0x00000000e6ab0000, 0x00000000e76afb10, 0x00000000e8000000)
  to   space 21824K,   0% used [0x00000000e5560000, 0x00000000e5560000, 0x00000000e6ab0000)
 concurrent mark-sweep generation total 393216K, used 0K [0x00000000e8000000, 0x0000000100000000, 0x0000000100000000)
 Metaspace       used 18087K, capacity 18408K, committed 18688K, reserved 1064960K
  class space    used 2039K, capacity 2198K, committed 2304K, reserved 1048576K
}
2018-06-19T11:25:26.383+0200: 1,275: Total time for which application threads were stopped: 0,0116459 seconds, Stopping threads took: 0,0000143 seconds
2018-06-19T11:25:26.618+0200: 1,509: Total time for which application threads were stopped: 0,0003992 seconds, Stopping threads took: 0,0000512 seconds
2018-06-19T11:25:26.673+0200: 1,564: Total time for which application threads were stopped: 0,0004707 seconds, Stopping threads took: 0,0001351 seconds
{Heap before GC invocations=1 (full 0):
 par new generation   total 109248K, used 99710K [0x00000000e0000000, 0x00000000e8000000, 0x00000000e8000000)
  eden space 87424K, 100% used [0x00000000e0000000, 0x00000000e5560000, 0x00000000e5560000)
  from space 21824K,  56% used [0x00000000e6ab0000, 0x00000000e76afb10, 0x00000000e8000000)
  to   space 21824K,   0% used [0x00000000e5560000, 0x00000000e5560000, 0x00000000e6ab0000)
 concurrent mark-sweep generation total 393216K, used 0K [0x00000000e8000000, 0x0000000100000000, 0x0000000100000000)
 Metaspace       used 20137K, capacity 20506K, committed 20736K, reserved 1067008K
  class space    used 2302K, capacity 2473K, committed 2560K, reserved 1048576K
2018-06-19T11:25:26.687+0200: 1,578: [GC (Allocation Failure) 2018-06-19T11:25:26.687+0200: 1,578: [ParNew
Desired survivor size 20112992 bytes, new threshold 8 (max 8)
- age   1:    2873352 bytes,    2873352 total
- age   2:    6462752 bytes,    9336104 total
: 99710K->15427K(109248K), 0,0278254 secs] 99710K->15427K(502464K), 0,0278902 secs] [Times: user=0,06 sys=0,01, real=0,03 secs] 
Heap after GC invocations=2 (full 0):
 par new generation   total 109248K, used 15427K [0x00000000e0000000, 0x00000000e8000000, 0x00000000e8000000)
  eden space 87424K,   0% used [0x00000000e0000000, 0x00000000e0000000, 0x00000000e5560000)
  from space 21824K,  70% used [0x00000000e5560000, 0x00000000e6470dc0, 0x00000000e6ab0000)
  to   space 21824K,   0% used [0x00000000e6ab0000, 0x00000000e6ab0000, 0x00000000e8000000)
 concurrent mark-sweep generation total 393216K, used 0K [0x00000000e8000000, 0x0000000100000000, 0x0000000100000000)
 Metaspace       used 20137K, capacity 20506K, committed 20736K, reserved 1067008K
  class space    used 2302K, capacity 2473K, committed 2560K, reserved 1048576K
}
2018-06-19T11:25:26.715+0200: 1,606: Total time for which application threads were stopped: 0,0281846 seconds, Stopping threads took: 0,0001372 seconds
2018-06-19T11:25:26.771+0200: 1,662: Total time for which application threads were stopped: 0,0027259 seconds, Stopping threads took: 0,0022924 seconds
2018-06-19T11:25:26.890+0200: 1,781: Total time for which application threads were stopped: 0,0002774 seconds, Stopping threads took: 0,0001403 seconds
{Heap before GC invocations=2 (full 0):
 par new generation   total 109248K, used 102851K [0x00000000e0000000, 0x00000000e8000000, 0x00000000e8000000)
  eden space 87424K, 100% used [0x00000000e0000000, 0x00000000e5560000, 0x00000000e5560000)
  from space 21824K,  70% used [0x00000000e5560000, 0x00000000e6470dc0, 0x00000000e6ab0000)
  to   space 21824K,   0% used [0x00000000e6ab0000, 0x00000000e6ab0000, 0x00000000e8000000)
 concurrent mark-sweep generation total 393216K, used 0K [0x00000000e8000000, 0x0000000100000000, 0x0000000100000000)
 Metaspace       used 21067K, capacity 21428K, committed 21628K, reserved 1069056K
  class space    used 2429K, capacity 2592K, committed 2684K, reserved 1048576K
2018-06-19T11:25:26.942+0200: 1,834: [GC (Allocation Failure) 2018-06-19T11:25:26.942+0200: 1,834: [ParNew
Desired survivor size 20112992 bytes, new threshold 8 (max 8)
- age   1:    2100192 bytes,    2100192 total
- age   2:     518736 bytes,    2618928 total
- age   3:    6460744 bytes,    9079672 total
: 102851K->11571K(109248K), 0,0174669 secs] 102851K->11571K(502464K), 0,0175521 secs] [Times: user=0,06 sys=0,00, real=0,02 secs] 
Heap after GC invocations=3 (full 0):
 par new generation   total 109248K, used 11571K [0x00000000e0000000, 0x00000000e8000000, 0x00000000e8000000)
  eden space 87424K,   0% used [0x00000000e0000000, 0x00000000e0000000, 0x00000000e5560000)
  from space 21824K,  53% used [0x00000000e6ab0000, 0x00000000e75fcc90, 0x00000000e8000000)
  to   space 21824K,   0% used [0x00000000e5560000, 0x00000000e5560000, 0x00000000e6ab0000)
 concurrent mark-sweep generation total 393216K, used 0K [0x00000000e8000000, 0x0000000100000000, 0x0000000100000000)
 Metaspace       used 21067K, capacity 21428K, committed 21628K, reserved 1069056K
  class space    used 2429K, capacity 2592K, committed 2684K, reserved 1048576K
}
2018-06-19T11:25:26.960+0200: 1,851: Total time for which application threads were stopped: 0,0177682 seconds, Stopping threads took: 0,0000486 seconds
2018-06-19T11:25:26.960+0200: 1,851: [GC (CMS Initial Mark) [1 CMS-initial-mark: 0K(393216K)] 12302K(502464K), 0,0032892 secs] [Times: user=0,01 sys=0,00, real=0,00 secs] 
2018-06-19T11:25:26.963+0200: 1,855: Total time for which application threads were stopped: 0,0034402 seconds, Stopping threads took: 0,0000500 seconds
2018-06-19T11:25:26.963+0200: 1,855: [CMS-concurrent-mark-start]
2018-06-19T11:25:26.976+0200: 1,867: [CMS-concurrent-mark: 0,013/0,013 secs] [Times: user=0,05 sys=0,00, real=0,02 secs] 
2018-06-19T11:25:26.976+0200: 1,867: [CMS-concurrent-preclean-start]
2018-06-19T11:25:26.977+0200: 1,869: [CMS-concurrent-preclean: 0,001/0,001 secs] [Times: user=0,00 sys=0,00, real=0,00 secs] 
2018-06-19T11:25:26.977+0200: 1,869: [CMS-concurrent-abortable-preclean-start]
2018-06-19T11:25:26.999+0200: 1,891: Total time for which application threads were stopped: 0,0001382 seconds, Stopping threads took: 0,0000590 seconds
{Heap before GC invocations=3 (full 1):
 par new generation   total 109248K, used 98995K [0x00000000e0000000, 0x00000000e8000000, 0x00000000e8000000)
  eden space 87424K, 100% used [0x00000000e0000000, 0x00000000e5560000, 0x00000000e5560000)
  from space 21824K,  53% used [0x00000000e6ab0000, 0x00000000e75fcc90, 0x00000000e8000000)
  to   space 21824K,   0% used [0x00000000e5560000, 0x00000000e5560000, 0x00000000e6ab0000)
 concurrent mark-sweep generation total 393216K, used 0K [0x00000000e8000000, 0x0000000100000000, 0x0000000100000000)
 Metaspace       used 21325K, capacity 21730K, committed 21884K, reserved 1069056K
  class space    used 2455K, capacity 2638K, committed 2684K, reserved 1048576K
2018-06-19T11:25:27.071+0200: 1,962: [GC (Allocation Failure) 2018-06-19T11:25:27.071+0200: 1,962: [ParNew
Desired survivor size 20112992 bytes, new threshold 8 (max 8)
- age   1:     875872 bytes,     875872 total
- age   2:    1448544 bytes,    2324416 total
- age   3:     518432 bytes,    2842848 total
- age   4:    6460800 bytes,    9303648 total
: 98995K->10942K(109248K), 0,0088981 secs] 98995K->10942K(502464K), 0,0089566 secs] [Times: user=0,03 sys=0,01, real=0,01 secs] 
Heap after GC invocations=4 (full 1):
 par new generation   total 109248K, used 10942K [0x00000000e0000000, 0x00000000e8000000, 0x00000000e8000000)
  eden space 87424K,   0% used [0x00000000e0000000, 0x00000000e0000000, 0x00000000e5560000)
  from space 21824K,  50% used [0x00000000e5560000, 0x00000000e600fa00, 0x00000000e6ab0000)
  to   space 21824K,   0% used [0x00000000e6ab0000, 0x00000000e6ab0000, 0x00000000e8000000)
 concurrent mark-sweep generation total 393216K, used 0K [0x00000000e8000000, 0x0000000100000000, 0x0000000100000000)
 Metaspace       used 21325K, capacity 21730K, committed 21884K, reserved 1069056K
  class space    used 2455K, capacity 2638K, committed 2684K, reserved 1048576K
}
2018-06-19T11:25:27.080+0200: 1,971: Total time for which application threads were stopped: 0,0091690 seconds, Stopping threads took: 0,0000782 seconds
2018-06-19T11:25:27.168+0200: 2,059: Total time for which application threads were stopped: 0,0050106 seconds, Stopping threads took: 0,0048770 seconds
2018-06-19T11:25:27.168+0200: 2,060: [CMS-concurrent-abortable-preclean: 0,139/0,191 secs] [Times: user=0,72 sys=0,01, real=0,19 secs] 
2018-06-19T11:25:27.172+0200: 2,064: [GC (CMS Final Remark) [YG occupancy: 84652 K (109248 K)]{Heap before GC invocations=4 (full 1):
 par new generation   total 109248K, used 84652K [0x00000000e0000000, 0x00000000e8000000, 0x00000000e8000000)
  eden space 87424K,  84% used [0x00000000e0000000, 0x00000000e47fb948, 0x00000000e5560000)
  from space 21824K,  50% used [0x00000000e5560000, 0x00000000e600fa00, 0x00000000e6ab0000)
  to   space 21824K,   0% used [0x00000000e6ab0000, 0x00000000e6ab0000, 0x00000000e8000000)
 concurrent mark-sweep generation total 393216K, used 0K [0x00000000e8000000, 0x0000000100000000, 0x0000000100000000)
 Metaspace       used 21571K, capacity 21928K, committed 22216K, reserved 1069056K
  class space    used 2486K, capacity 2639K, committed 2684K, reserved 1048576K
2018-06-19T11:25:27.172+0200: 2,064: [GC (CMS Final Remark) 2018-06-19T11:25:27.172+0200: 2,064: [ParNew
Desired survivor size 20112992 bytes, new threshold 8 (max 8)
- age   1:     657824 bytes,     657824 total
- age   2:     183640 bytes,     841464 total
- age   3:    1060216 bytes,    1901680 total
- age   4:     512528 bytes,    2414208 total
- age   5:    6460736 bytes,    8874944 total
: 84652K->13839K(109248K), 0,0084761 secs] 84652K->13839K(502464K), 0,0085154 secs] [Times: user=0,02 sys=0,00, real=0,00 secs] 
Heap after GC invocations=5 (full 1):
 par new generation   total 109248K, used 13839K [0x00000000e0000000, 0x00000000e8000000, 0x00000000e8000000)
  eden space 87424K,   0% used [0x00000000e0000000, 0x00000000e0000000, 0x00000000e5560000)
  from space 21824K,  63% used [0x00000000e6ab0000, 0x00000000e7833f10, 0x00000000e8000000)
  to   space 21824K,   0% used [0x00000000e5560000, 0x00000000e5560000, 0x00000000e6ab0000)
 concurrent mark-sweep generation total 393216K, used 0K [0x00000000e8000000, 0x0000000100000000, 0x0000000100000000)
 Metaspace       used 21571K, capacity 21928K, committed 22216K, reserved 1069056K
  class space    used 2486K, capacity 2639K, committed 2684K, reserved 1048576K
}
2018-06-19T11:25:27.181+0200: 2,072: [Rescan (parallel) , 0,0035161 secs]2018-06-19T11:25:27.185+0200: 2,076: [weak refs processing, 0,0007687 secs]2018-06-19T11:25:27.185+0200: 2,077: [class unloading, 0,0030957 secs]2018-06-19T11:25:27.188+0200: 2,080: [scrub symbol table, 0,0027626 secs]2018-06-19T11:25:27.191+0200: 2,083: [scrub string table, 0,0004074 secs][1 CMS-remark: 0K(393216K)] 13839K(502464K), 0,0198168 secs] [Times: user=0,04 sys=0,00, real=0,02 secs] 
2018-06-19T11:25:27.192+0200: 2,084: Total time for which application threads were stopped: 0,0202743 seconds, Stopping threads took: 0,0003544 seconds
2018-06-19T11:25:27.192+0200: 2,084: [CMS-concurrent-sweep-start]
2018-06-19T11:25:27.192+0200: 2,084: [CMS-concurrent-sweep: 0,000/0,000 secs] [Times: user=0,00 sys=0,00, real=0,00 secs] 
2018-06-19T11:25:27.192+0200: 2,084: [CMS-concurrent-reset-start]
2018-06-19T11:25:27.196+0200: 2,087: [CMS-concurrent-reset: 0,003/0,003 secs] [Times: user=0,01 sys=0,00, real=0,00 secs] 
2018-06-19T11:25:27.208+0200: 2,100: Total time for which application threads were stopped: 0,0003718 seconds, Stopping threads took: 0,0000501 seconds
2018-06-19T11:25:27.500+0200: 2,392: Total time for which application threads were stopped: 0,0011435 seconds, Stopping threads took: 0,0005957 seconds
2018-06-19T11:25:27.518+0200: 2,410: Total time for which application threads were stopped: 0,0004860 seconds, Stopping threads took: 0,0000458 seconds
{Heap before GC invocations=5 (full 1):
 par new generation   total 109248K, used 101263K [0x00000000e0000000, 0x00000000e8000000, 0x00000000e8000000)
  eden space 87424K, 100% used [0x00000000e0000000, 0x00000000e5560000, 0x00000000e5560000)
  from space 21824K,  63% used [0x00000000e6ab0000, 0x00000000e7833f10, 0x00000000e8000000)
  to   space 21824K,   0% used [0x00000000e5560000, 0x00000000e5560000, 0x00000000e6ab0000)
 concurrent mark-sweep generation total 393216K, used 0K [0x00000000e8000000, 0x0000000100000000, 0x0000000100000000)
 Metaspace       used 25013K, capacity 25464K, committed 25724K, reserved 1071104K
  class space    used 2914K, capacity 3111K, committed 3196K, reserved 1048576K
2018-06-19T11:25:27.859+0200: 2,750: [GC (Allocation Failure) 2018-06-19T11:25:27.859+0200: 2,751: [ParNew
Desired survivor size 20112992 bytes, new threshold 8 (max 8)
- age   1:    5150720 bytes,    5150720 total
- age   2:     119472 bytes,    5270192 total
- age   3:     182136 bytes,    5452328 total
- age   4:     276384 bytes,    5728712 total
- age   5:     492480 bytes,    6221192 total
- age   6:    6454888 bytes,   12676080 total
: 101263K->15539K(109248K), 0,0201658 secs] 101263K->15539K(502464K), 0,0202664 secs] [Times: user=0,05 sys=0,00, real=0,02 secs] 
Heap after GC invocations=6 (full 1):
 par new generation   total 109248K, used 15539K [0x00000000e0000000, 0x00000000e8000000, 0x00000000e8000000)
  eden space 87424K,   0% used [0x00000000e0000000, 0x00000000e0000000, 0x00000000e5560000)
  from space 21824K,  71% used [0x00000000e5560000, 0x00000000e648cd30, 0x00000000e6ab0000)
  to   space 21824K,   0% used [0x00000000e6ab0000, 0x00000000e6ab0000, 0x00000000e8000000)
 concurrent mark-sweep generation total 393216K, used 0K [0x00000000e8000000, 0x0000000100000000, 0x0000000100000000)
 Metaspace       used 25013K, capacity 25464K, committed 25724K, reserved 1071104K
  class space    used 2914K, capacity 3111K, committed 3196K, reserved 1048576K
}
2018-06-19T11:25:27.879+0200: 2,771: Total time for which application threads were stopped: 0,0206535 seconds, Stopping threads took: 0,0000746 seconds
2018-06-19T11:25:28.126+0200: 3,018: Total time for which application threads were stopped: 0,0005215 seconds, Stopping threads took: 0,0000268 seconds
2018-06-19T11:25:28.148+0200: 3,039: Total time for which application threads were stopped: 0,0006075 seconds, Stopping threads took: 0,0000317 seconds
2018-06-19T11:25:28.248+0200: 3,140: Total time for which application threads were stopped: 0,0012229 seconds, Stopping threads took: 0,0006568 seconds
2018-06-19T11:25:28.438+0200: 3,329: Total time for which application threads were stopped: 0,0030734 seconds, Stopping threads took: 0,0004756 seconds
{Heap before GC invocations=6 (full 1):
 par new generation   total 109248K, used 102963K [0x00000000e0000000, 0x00000000e8000000, 0x00000000e8000000)
  eden space 87424K, 100% used [0x00000000e0000000, 0x00000000e5560000, 0x00000000e5560000)
  from space 21824K,  71% used [0x00000000e5560000, 0x00000000e648cd30, 0x00000000e6ab0000)
  to   space 21824K,   0% used [0x00000000e6ab0000, 0x00000000e6ab0000, 0x00000000e8000000)
 concurrent mark-sweep generation total 393216K, used 0K [0x00000000e8000000, 0x0000000100000000, 0x0000000100000000)
 Metaspace       used 28020K, capacity 28638K, committed 28796K, reserved 1075200K
  class space    used 3226K, capacity 3422K, committed 3452K, reserved 1048576K
2018-06-19T11:25:28.621+0200: 3,512: [GC (Allocation Failure) 2018-06-19T11:25:28.621+0200: 3,512: [ParNew
Desired survivor size 20112992 bytes, new threshold 7 (max 8)
- age   1:   12617848 bytes,   12617848 total
- age   2:    2186144 bytes,   14803992 total
- age   3:     119384 bytes,   14923376 total
- age   4:     181960 bytes,   15105336 total
- age   5:     276080 bytes,   15381416 total
- age   6:     484008 bytes,   15865424 total
- age   7:    6445672 bytes,   22311096 total
: 102963K->21824K(109248K), 0,0619406 secs] 102963K->23700K(502464K), 0,0621078 secs] [Times: user=0,16 sys=0,01, real=0,06 secs] 
Heap after GC invocations=7 (full 1):
 par new generation   total 109248K, used 21824K [0x00000000e0000000, 0x00000000e8000000, 0x00000000e8000000)
  eden space 87424K,   0% used [0x00000000e0000000, 0x00000000e0000000, 0x00000000e5560000)
  from space 21824K, 100% used [0x00000000e6ab0000, 0x00000000e8000000, 0x00000000e8000000)
  to   space 21824K,   0% used [0x00000000e5560000, 0x00000000e5560000, 0x00000000e6ab0000)
 concurrent mark-sweep generation total 393216K, used 1876K [0x00000000e8000000, 0x0000000100000000, 0x0000000100000000)
 Metaspace       used 28020K, capacity 28638K, committed 28796K, reserved 1075200K
  class space    used 3226K, capacity 3422K, committed 3452K, reserved 1048576K
}
2018-06-19T11:25:28.683+0200: 3,574: Total time for which application threads were stopped: 0,0626589 seconds, Stopping threads took: 0,0001146 seconds
{Heap before GC invocations=7 (full 1):
 par new generation   total 109248K, used 109248K [0x00000000e0000000, 0x00000000e8000000, 0x00000000e8000000)
  eden space 87424K, 100% used [0x00000000e0000000, 0x00000000e5560000, 0x00000000e5560000)
  from space 21824K, 100% used [0x00000000e6ab0000, 0x00000000e8000000, 0x00000000e8000000)
  to   space 21824K,   0% used [0x00000000e5560000, 0x00000000e5560000, 0x00000000e6ab0000)
 concurrent mark-sweep generation total 393216K, used 1876K [0x00000000e8000000, 0x0000000100000000, 0x0000000100000000)
 Metaspace       used 28057K, capacity 28660K, committed 28796K, reserved 1075200K
  class space    used 3228K, capacity 3426K, committed 3452K, reserved 1048576K
2018-06-19T11:25:28.790+0200: 3,682: [GC (Allocation Failure) 2018-06-19T11:25:28.791+0200: 3,682: [ParNew
Desired survivor size 20112992 bytes, new threshold 8 (max 8)
- age   1:    1023472 bytes,    1023472 total
- age   2:   11764536 bytes,   12788008 total
- age   3:    2186104 bytes,   14974112 total
- age   4:     119384 bytes,   15093496 total
- age   5:     181752 bytes,   15275248 total
- age   6:     276080 bytes,   15551328 total
- age   7:     484008 bytes,   16035336 total
: 109248K->21824K(109248K), 0,0852160 secs] 111124K->30067K(502464K), 0,0853160 secs] [Times: user=0,17 sys=0,01, real=0,09 secs] 
Heap after GC invocations=8 (full 1):
 par new generation   total 109248K, used 21824K [0x00000000e0000000, 0x00000000e8000000, 0x00000000e8000000)
  eden space 87424K,   0% used [0x00000000e0000000, 0x00000000e0000000, 0x00000000e5560000)
  from space 21824K, 100% used [0x00000000e5560000, 0x00000000e6ab0000, 0x00000000e6ab0000)
  to   space 21824K,   0% used [0x00000000e6ab0000, 0x00000000e6ab0000, 0x00000000e8000000)
 concurrent mark-sweep generation total 393216K, used 8243K [0x00000000e8000000, 0x0000000100000000, 0x0000000100000000)
 Metaspace       used 28057K, capacity 28660K, committed 28796K, reserved 1075200K
  class space    used 3228K, capacity 3426K, committed 3452K, reserved 1048576K
}
2018-06-19T11:25:28.876+0200: 3,767: Total time for which application threads were stopped: 0,0856062 seconds, Stopping threads took: 0,0000647 seconds
{Heap before GC invocations=8 (full 1):
 par new generation   total 109248K, used 109248K [0x00000000e0000000, 0x00000000e8000000, 0x00000000e8000000)
  eden space 87424K, 100% used [0x00000000e0000000, 0x00000000e5560000, 0x00000000e5560000)
  from space 21824K, 100% used [0x00000000e5560000, 0x00000000e6ab0000, 0x00000000e6ab0000)
  to   space 21824K,   0% used [0x00000000e6ab0000, 0x00000000e6ab0000, 0x00000000e8000000)
 concurrent mark-sweep generation total 393216K, used 8243K [0x00000000e8000000, 0x0000000100000000, 0x0000000100000000)
 Metaspace       used 28169K, capacity 28804K, committed 29052K, reserved 1075200K
  class space    used 3230K, capacity 3429K, committed 3452K, reserved 1048576K
2018-06-19T11:25:29.091+0200: 3,982: [GC (Allocation Failure) 2018-06-19T11:25:29.091+0200: 3,982: [ParNew
Desired survivor size 20112992 bytes, new threshold 8 (max 8)
- age   1:     812416 bytes,     812416 total
- age   2:     137792 bytes,     950208 total
- age   3:   11554776 bytes,   12504984 total
- age   4:    2186104 bytes,   14691088 total
- age   5:     119384 bytes,   14810472 total
- age   6:     181752 bytes,   14992224 total
- age   7:     276080 bytes,   15268304 total
- age   8:     484008 bytes,   15752312 total
: 109248K->21103K(109248K), 0,0292506 secs] 117491K->29346K(502464K), 0,0293366 secs] [Times: user=0,12 sys=0,00, real=0,03 secs] 
Heap after GC invocations=9 (full 1):
 par new generation   total 109248K, used 21103K [0x00000000e0000000, 0x00000000e8000000, 0x00000000e8000000)
  eden space 87424K,   0% used [0x00000000e0000000, 0x00000000e0000000, 0x00000000e5560000)
  from space 21824K,  96% used [0x00000000e6ab0000, 0x00000000e7f4bcb0, 0x00000000e8000000)
  to   space 21824K,   0% used [0x00000000e5560000, 0x00000000e5560000, 0x00000000e6ab0000)
 concurrent mark-sweep generation total 393216K, used 8243K [0x00000000e8000000, 0x0000000100000000, 0x0000000100000000)
 Metaspace       used 28169K, capacity 28804K, committed 29052K, reserved 1075200K
  class space    used 3230K, capacity 3429K, committed 3452K, reserved 1048576K
}
2018-06-19T11:25:29.120+0200: 4,012: Total time for which application threads were stopped: 0,0296534 seconds, Stopping threads took: 0,0000715 seconds
2018-06-19T11:25:29.165+0200: 4,056: Total time for which application threads were stopped: 0,0004619 seconds, Stopping threads took: 0,0000528 seconds
2018-06-19T11:25:29.187+0200: 4,078: Total time for which application threads were stopped: 0,0020540 seconds, Stopping threads took: 0,0018888 seconds
2018-06-19T11:25:29.206+0200: 4,097: Total time for which application threads were stopped: 0,0006571 seconds, Stopping threads took: 0,0005535 seconds
2018-06-19T11:25:29.253+0200: 4,144: Total time for which application threads were stopped: 0,0001484 seconds, Stopping threads took: 0,0000458 seconds
2018-06-19T11:25:29.253+0200: 4,144: Total time for which application threads were stopped: 0,0000770 seconds, Stopping threads took: 0,0000247 seconds
2018-06-19T11:25:29.253+0200: 4,144: Total time for which application threads were stopped: 0,0000665 seconds, Stopping threads took: 0,0000265 seconds
2018-06-19T11:25:30.253+0200: 5,145: Total time for which application threads were stopped: 0,0004747 seconds, Stopping threads took: 0,0001012 seconds
2018-06-19T11:25:32.648+0200: 7,539: Total time for which application threads were stopped: 0,0000871 seconds, Stopping threads took: 0,0000207 seconds
2018-06-19T11:25:32.655+0200: 7,546: Total time for which application threads were stopped: 0,0001219 seconds, Stopping threads took: 0,0000557 seconds
2018-06-19T11:25:32.682+0200: 7,573: Total time for which application threads were stopped: 0,0005403 seconds, Stopping threads took: 0,0000249 seconds
2018-06-19T11:25:32.704+0200: 7,596: Total time for which application threads were stopped: 0,0000763 seconds, Stopping threads took: 0,0000153 seconds
2018-06-19T11:25:32.705+0200: 7,596: Total time for which application threads were stopped: 0,0000496 seconds, Stopping threads took: 0,0000199 seconds
2018-06-19T11:25:32.729+0200: 7,621: Total time for which application threads were stopped: 0,0004584 seconds, Stopping threads took: 0,0000359 seconds
2018-06-19T11:25:32.850+0200: 7,741: Total time for which application threads were stopped: 0,0001284 seconds, Stopping threads took: 0,0000286 seconds
2018-06-19T11:25:32.884+0200: 7,775: Total time for which application threads were stopped: 0,0009051 seconds, Stopping threads took: 0,0004035 seconds
2018-06-19T11:25:32.885+0200: 7,777: Total time for which application threads were stopped: 0,0011029 seconds, Stopping threads took: 0,0010305 seconds
2018-06-19T11:25:32.886+0200: 7,777: Total time for which application threads were stopped: 0,0001263 seconds, Stopping threads took: 0,0000400 seconds
2018-06-19T11:25:32.889+0200: 7,781: Total time for which application threads were stopped: 0,0027670 seconds, Stopping threads took: 0,0026823 seconds
2018-06-19T11:25:32.891+0200: 7,782: Total time for which application threads were stopped: 0,0001033 seconds, Stopping threads took: 0,0000370 seconds
2018-06-19T11:25:32.891+0200: 7,782: Total time for which application threads were stopped: 0,0000576 seconds, Stopping threads took: 0,0000206 seconds
2018-06-19T11:25:32.891+0200: 7,782: Total time for which application threads were stopped: 0,0000424 seconds, Stopping threads took: 0,0000140 seconds
2018-06-19T11:25:32.896+0200: 7,787: Total time for which application threads were stopped: 0,0001288 seconds, Stopping threads took: 0,0000516 seconds
2018-06-19T11:25:33.016+0200: 7,908: Total time for which application threads were stopped: 0,0005855 seconds, Stopping threads took: 0,0000407 seconds
2018-06-19T11:25:33.018+0200: 7,909: Total time for which application threads were stopped: 0,0004530 seconds, Stopping threads took: 0,0000189 seconds
2018-06-19T11:25:33.350+0200: 8,241: Total time for which application threads were stopped: 0,0002685 seconds, Stopping threads took: 0,0000366 seconds
{Heap before GC invocations=9 (full 1):
 par new generation   total 109248K, used 108527K [0x00000000e0000000, 0x00000000e8000000, 0x00000000e8000000)
  eden space 87424K, 100% used [0x00000000e0000000, 0x00000000e5560000, 0x00000000e5560000)
  from space 21824K,  96% used [0x00000000e6ab0000, 0x00000000e7f4bcb0, 0x00000000e8000000)
  to   space 21824K,   0% used [0x00000000e5560000, 0x00000000e5560000, 0x00000000e6ab0000)
 concurrent mark-sweep generation total 393216K, used 8243K [0x00000000e8000000, 0x0000000100000000, 0x0000000100000000)
 Metaspace       used 30483K, capacity 31168K, committed 31356K, reserved 1077248K
  class space    used 3487K, capacity 3701K, committed 3708K, reserved 1048576K
2018-06-19T11:25:33.534+0200: 8,426: [GC (Allocation Failure) 2018-06-19T11:25:33.534+0200: 8,426: [ParNew
Desired survivor size 20112992 bytes, new threshold 5 (max 8)
- age   1:    6987112 bytes,    6987112 total
- age   2:     698712 bytes,    7685824 total
- age   3:     137064 bytes,    7822888 total
- age   4:   10923040 bytes,   18745928 total
- age   5:    2180240 bytes,   20926168 total
- age   6:     118824 bytes,   21044992 total
- age   7:     181736 bytes,   21226728 total
- age   8:     275568 bytes,   21502296 total
: 108527K->21824K(109248K), 0,0260679 secs] 116770K->31756K(502464K), 0,0261531 secs] [Times: user=0,08 sys=0,00, real=0,02 secs] 
Heap after GC invocations=10 (full 1):
 par new generation   total 109248K, used 21824K [0x00000000e0000000, 0x00000000e8000000, 0x00000000e8000000)
  eden space 87424K,   0% used [0x00000000e0000000, 0x00000000e0000000, 0x00000000e5560000)
  from space 21824K, 100% used [0x00000000e5560000, 0x00000000e6ab0000, 0x00000000e6ab0000)
  to   space 21824K,   0% used [0x00000000e6ab0000, 0x00000000e6ab0000, 0x00000000e8000000)
 concurrent mark-sweep generation total 393216K, used 9932K [0x00000000e8000000, 0x0000000100000000, 0x0000000100000000)
 Metaspace       used 30483K, capacity 31168K, committed 31356K, reserved 1077248K
  class space    used 3487K, capacity 3701K, committed 3708K, reserved 1048576K
}
2018-06-19T11:25:33.560+0200: 8,452: Total time for which application threads were stopped: 0,0264990 seconds, Stopping threads took: 0,0000675 seconds
2018-06-19T11:25:33.568+0200: 8,459: Total time for which application threads were stopped: 0,0001762 seconds, Stopping threads took: 0,0000707 seconds
2018-06-19T11:25:33.573+0200: 8,465: Total time for which application threads were stopped: 0,0005790 seconds, Stopping threads took: 0,0001721 seconds
2018-06-19T11:25:33.742+0200: 8,634: Total time for which application threads were stopped: 0,0001181 seconds, Stopping threads took: 0,0000201 seconds
2018-06-19T11:25:33.742+0200: 8,634: Total time for which application threads were stopped: 0,0000715 seconds, Stopping threads took: 0,0000156 seconds
2018-06-19T11:25:33.756+0200: 8,648: Total time for which application threads were stopped: 0,0001068 seconds, Stopping threads took: 0,0000233 seconds
2018-06-19T11:25:33.773+0200: 8,665: Total time for which application threads were stopped: 0,0001393 seconds, Stopping threads took: 0,0000374 seconds
2018-06-19T11:25:33.901+0200: 8,792: Total time for which application threads were stopped: 0,0001893 seconds, Stopping threads took: 0,0000538 seconds
2018-06-19T11:25:33.901+0200: 8,793: Total time for which application threads were stopped: 0,0001067 seconds, Stopping threads took: 0,0000336 seconds
2018-06-19T11:25:33.901+0200: 8,793: Total time for which application threads were stopped: 0,0001073 seconds, Stopping threads took: 0,0000312 seconds
{Heap before GC invocations=10 (full 1):
 par new generation   total 109248K, used 109248K [0x00000000e0000000, 0x00000000e8000000, 0x00000000e8000000)
  eden space 87424K, 100% used [0x00000000e0000000, 0x00000000e5560000, 0x00000000e5560000)
  from space 21824K, 100% used [0x00000000e5560000, 0x00000000e6ab0000, 0x00000000e6ab0000)
  to   space 21824K,   0% used [0x00000000e6ab0000, 0x00000000e6ab0000, 0x00000000e8000000)
 concurrent mark-sweep generation total 393216K, used 9932K [0x00000000e8000000, 0x0000000100000000, 0x0000000100000000)
 Metaspace       used 30575K, capacity 31232K, committed 31356K, reserved 1077248K
  class space    used 3488K, capacity 3701K, committed 3708K, reserved 1048576K
2018-06-19T11:25:33.984+0200: 8,875: [GC (Allocation Failure) 2018-06-19T11:25:33.984+0200: 8,876: [ParNew
Desired survivor size 20112992 bytes, new threshold 8 (max 8)
- age   1:    1285872 bytes,    1285872 total
- age   2:    5841952 bytes,    7127824 total
- age   3:     698712 bytes,    7826536 total
- age   4:     137064 bytes,    7963600 total
- age   5:   10922960 bytes,   18886560 total
: 109248K->21824K(109248K), 0,0381636 secs] 119180K->34702K(502464K), 0,0383116 secs] [Times: user=0,11 sys=0,00, real=0,03 secs] 
Heap after GC invocations=11 (full 1):
 par new generation   total 109248K, used 21824K [0x00000000e0000000, 0x00000000e8000000, 0x00000000e8000000)
  eden space 87424K,   0% used [0x00000000e0000000, 0x00000000e0000000, 0x00000000e5560000)
  from space 21824K, 100% used [0x00000000e6ab0000, 0x00000000e8000000, 0x00000000e8000000)
  to   space 21824K,   0% used [0x00000000e5560000, 0x00000000e5560000, 0x00000000e6ab0000)
 concurrent mark-sweep generation total 393216K, used 12878K [0x00000000e8000000, 0x0000000100000000, 0x0000000100000000)
 Metaspace       used 30575K, capacity 31232K, committed 31356K, reserved 1077248K
  class space    used 3488K, capacity 3701K, committed 3708K, reserved 1048576K
}
2018-06-19T11:25:34.022+0200: 8,914: Total time for which application threads were stopped: 0,0387079 seconds, Stopping threads took: 0,0001109 seconds
2018-06-19T11:25:34.108+0200: 9,000: Total time for which application threads were stopped: 0,0002598 seconds, Stopping threads took: 0,0000726 seconds
2018-06-19T11:25:34.116+0200: 9,007: Total time for which application threads were stopped: 0,0001240 seconds, Stopping threads took: 0,0000290 seconds
2018-06-19T11:25:34.116+0200: 9,007: Total time for which application threads were stopped: 0,0000622 seconds, Stopping threads took: 0,0000213 seconds
2018-06-19T11:25:34.116+0200: 9,008: Total time for which application threads were stopped: 0,0000608 seconds, Stopping threads took: 0,0000224 seconds
2018-06-19T11:25:34.116+0200: 9,008: Total time for which application threads were stopped: 0,0000614 seconds, Stopping threads took: 0,0000208 seconds
2018-06-19T11:25:34.130+0200: 9,021: Total time for which application threads were stopped: 0,0020417 seconds, Stopping threads took: 0,0019117 seconds
2018-06-19T11:25:34.144+0200: 9,036: Total time for which application threads were stopped: 0,0041897 seconds, Stopping threads took: 0,0040360 seconds
2018-06-19T11:25:34.147+0200: 9,039: Total time for which application threads were stopped: 0,0007010 seconds, Stopping threads took: 0,0006012 seconds
2018-06-19T11:25:34.147+0200: 9,039: Total time for which application threads were stopped: 0,0001154 seconds, Stopping threads took: 0,0000369 seconds
2018-06-19T11:25:34.197+0200: 9,088: Total time for which application threads were stopped: 0,0170338 seconds, Stopping threads took: 0,0166017 seconds
2018-06-19T11:25:34.368+0200: 9,259: Total time for which application threads were stopped: 0,0050915 seconds, Stopping threads took: 0,0049755 seconds
2018-06-19T11:25:34.368+0200: 9,260: Total time for which application threads were stopped: 0,0001215 seconds, Stopping threads took: 0,0000427 seconds
{Heap before GC invocations=11 (full 1):
 par new generation   total 109248K, used 109248K [0x00000000e0000000, 0x00000000e8000000, 0x00000000e8000000)
  eden space 87424K, 100% used [0x00000000e0000000, 0x00000000e5560000, 0x00000000e5560000)
  from space 21824K, 100% used [0x00000000e6ab0000, 0x00000000e8000000, 0x00000000e8000000)
  to   space 21824K,   0% used [0x00000000e5560000, 0x00000000e5560000, 0x00000000e6ab0000)
 concurrent mark-sweep generation total 393216K, used 12878K [0x00000000e8000000, 0x0000000100000000, 0x0000000100000000)
 Metaspace       used 30779K, capacity 31424K, committed 31612K, reserved 1077248K
  class space    used 3505K, capacity 3701K, committed 3708K, reserved 1048576K
2018-06-19T11:25:34.416+0200: 9,308: [GC (Allocation Failure) 2018-06-19T11:25:34.416+0200: 9,308: [ParNew
Desired survivor size 20112992 bytes, new threshold 8 (max 8)
- age   1:    1834024 bytes,    1834024 total
- age   2:    1027736 bytes,    2861760 total
- age   3:    5703112 bytes,    8564872 total
- age   4:     698712 bytes,    9263584 total
- age   5:     137064 bytes,    9400648 total
- age   6:    9354840 bytes,   18755488 total
: 109248K->21824K(109248K), 0,0620596 secs] 122126K->36689K(502464K), 0,0622261 secs] [Times: user=0,12 sys=0,00, real=0,06 secs] 
Heap after GC invocations=12 (full 1):
 par new generation   total 109248K, used 21824K [0x00000000e0000000, 0x00000000e8000000, 0x00000000e8000000)
  eden space 87424K,   0% used [0x00000000e0000000, 0x00000000e0000000, 0x00000000e5560000)
  from space 21824K, 100% used [0x00000000e5560000, 0x00000000e6ab0000, 0x00000000e6ab0000)
  to   space 21824K,   0% used [0x00000000e6ab0000, 0x00000000e6ab0000, 0x00000000e8000000)
 concurrent mark-sweep generation total 393216K, used 14865K [0x00000000e8000000, 0x0000000100000000, 0x0000000100000000)
 Metaspace       used 30779K, capacity 31424K, committed 31612K, reserved 1077248K
  class space    used 3505K, capacity 3701K, committed 3708K, reserved 1048576K
}
2018-06-19T11:25:34.479+0200: 9,370: Total time for which application threads were stopped: 0,0694441 seconds, Stopping threads took: 0,0068375 seconds
{Heap before GC invocations=12 (full 1):
 par new generation   total 109248K, used 109248K [0x00000000e0000000, 0x00000000e8000000, 0x00000000e8000000)
  eden space 87424K, 100% used [0x00000000e0000000, 0x00000000e5560000, 0x00000000e5560000)
  from space 21824K, 100% used [0x00000000e5560000, 0x00000000e6ab0000, 0x00000000e6ab0000)
  to   space 21824K,   0% used [0x00000000e6ab0000, 0x00000000e6ab0000, 0x00000000e8000000)
 concurrent mark-sweep generation total 393216K, used 14865K [0x00000000e8000000, 0x0000000100000000, 0x0000000100000000)
 Metaspace       used 30824K, capacity 31584K, committed 31996K, reserved 1077248K
  class space    used 3509K, capacity 3733K, committed 3836K, reserved 1048576K
2018-06-19T11:25:34.763+0200: 9,655: [GC (Allocation Failure) 2018-06-19T11:25:34.763+0200: 9,655: [ParNew
Desired survivor size 20112992 bytes, new threshold 8 (max 8)
- age   1:    1522504 bytes,    1522504 total
- age   2:    1087696 bytes,    2610200 total
- age   3:      23632 bytes,    2633832 total
- age   4:    4898152 bytes,    7531984 total
- age   5:     698712 bytes,    8230696 total
- age   6:     137064 bytes,    8367760 total
- age   7:    8480904 bytes,   16848664 total
: 109248K->21824K(109248K), 0,0549761 secs] 124113K->38188K(502464K), 0,0550890 secs] [Times: user=0,13 sys=0,00, real=0,06 secs] 
Heap after GC invocations=13 (full 1):
 par new generation   total 109248K, used 21824K [0x00000000e0000000, 0x00000000e8000000, 0x00000000e8000000)
  eden space 87424K,   0% used [0x00000000e0000000, 0x00000000e0000000, 0x00000000e5560000)
  from space 21824K, 100% used [0x00000000e6ab0000, 0x00000000e8000000, 0x00000000e8000000)
  to   space 21824K,   0% used [0x00000000e5560000, 0x00000000e5560000, 0x00000000e6ab0000)
 concurrent mark-sweep generation total 393216K, used 16364K [0x00000000e8000000, 0x0000000100000000, 0x0000000100000000)
 Metaspace       used 30824K, capacity 31584K, committed 31996K, reserved 1077248K
  class space    used 3509K, capacity 3733K, committed 3836K, reserved 1048576K
}
2018-06-19T11:25:34.819+0200: 9,710: Total time for which application threads were stopped: 0,0554376 seconds, Stopping threads took: 0,0000486 seconds
{Heap before GC invocations=13 (full 1):
 par new generation   total 109248K, used 109235K [0x00000000e0000000, 0x00000000e8000000, 0x00000000e8000000)
  eden space 87424K,  99% used [0x00000000e0000000, 0x00000000e555cc68, 0x00000000e5560000)
  from space 21824K, 100% used [0x00000000e6ab0000, 0x00000000e8000000, 0x00000000e8000000)
  to   space 21824K,   0% used [0x00000000e5560000, 0x00000000e5560000, 0x00000000e6ab0000)
 concurrent mark-sweep generation total 393216K, used 16364K [0x00000000e8000000, 0x0000000100000000, 0x0000000100000000)
 Metaspace       used 30825K, capacity 31584K, committed 31996K, reserved 1077248K
  class space    used 3509K, capacity 3733K, committed 3836K, reserved 1048576K
2018-06-19T11:25:35.004+0200: 9,896: [GC (Allocation Failure) 2018-06-19T11:25:35.004+0200: 9,896: [ParNew
Desired survivor size 20112992 bytes, new threshold 8 (max 8)
- age   1:    1500112 bytes,    1500112 total
- age   2:    1048144 bytes,    2548256 total
- age   3:    1065384 bytes,    3613640 total
- age   4:      23384 bytes,    3637024 total
- age   5:    4897304 bytes,    8534328 total
- age   6:     698712 bytes,    9233040 total
- age   7:     137064 bytes,    9370104 total
- age   8:    8480888 bytes,   17850992 total
: 109235K->21824K(109248K), 0,0483119 secs] 125600K->38271K(502464K), 0,0486369 secs] [Times: user=0,08 sys=0,00, real=0,05 secs] 
Heap after GC invocations=14 (full 1):
 par new generation   total 109248K, used 21824K [0x00000000e0000000, 0x00000000e8000000, 0x00000000e8000000)
  eden space 87424K,   0% used [0x00000000e0000000, 0x00000000e0000000, 0x00000000e5560000)
  from space 21824K, 100% used [0x00000000e5560000, 0x00000000e6ab0000, 0x00000000e6ab0000)
  to   space 21824K,   0% used [0x00000000e6ab0000, 0x00000000e6ab0000, 0x00000000e8000000)
 concurrent mark-sweep generation total 393216K, used 16447K [0x00000000e8000000, 0x0000000100000000, 0x0000000100000000)
 Metaspace       used 30825K, capacity 31584K, committed 31996K, reserved 1077248K
  class space    used 3509K, capacity 3733K, committed 3836K, reserved 1048576K
}
2018-06-19T11:25:35.053+0200: 9,944: Total time for which application threads were stopped: 0,0491403 seconds, Stopping threads took: 0,0000698 seconds
2018-06-19T11:25:35.094+0200: 9,986: Total time for which application threads were stopped: 0,0106396 seconds, Stopping threads took: 0,0101498 seconds
2018-06-19T11:25:35.110+0200: 10,002: Total time for which application threads were stopped: 0,0050722 seconds, Stopping threads took: 0,0046814 seconds
2018-06-19T11:25:35.121+0200: 10,012: Total time for which application threads were stopped: 0,0001635 seconds, Stopping threads took: 0,0000560 seconds
2018-06-19T11:25:35.258+0200: 10,149: Total time for which application threads were stopped: 0,0001927 seconds, Stopping threads took: 0,0000639 seconds
2018-06-19T11:25:35.281+0200: 10,172: Total time for which application threads were stopped: 0,0028002 seconds, Stopping threads took: 0,0026859 seconds
2018-06-19T11:25:35.289+0200: 10,180: Total time for which application threads were stopped: 0,0001492 seconds, Stopping threads took: 0,0000546 seconds
2018-06-19T11:25:35.322+0200: 10,213: Total time for which application threads were stopped: 0,0001782 seconds, Stopping threads took: 0,0000496 seconds
{Heap before GC invocations=14 (full 1):
 par new generation   total 109248K, used 109248K [0x00000000e0000000, 0x00000000e8000000, 0x00000000e8000000)
  eden space 87424K, 100% used [0x00000000e0000000, 0x00000000e5560000, 0x00000000e5560000)
  from space 21824K, 100% used [0x00000000e5560000, 0x00000000e6ab0000, 0x00000000e6ab0000)
  to   space 21824K,   0% used [0x00000000e6ab0000, 0x00000000e6ab0000, 0x00000000e8000000)
 concurrent mark-sweep generation total 393216K, used 16447K [0x00000000e8000000, 0x0000000100000000, 0x0000000100000000)
 Metaspace       used 30849K, capacity 31584K, committed 31996K, reserved 1077248K
  class space    used 3509K, capacity 3733K, committed 3836K, reserved 1048576K
2018-06-19T11:25:35.384+0200: 10,276: [GC (Allocation Failure) 2018-06-19T11:25:35.384+0200: 10,276: [ParNew
Desired survivor size 20112992 bytes, new threshold 8 (max 8)
- age   1:    1673376 bytes,    1673376 total
- age   2:    1369000 bytes,    3042376 total
- age   3:     995448 bytes,    4037824 total
- age   4:     941792 bytes,    4979616 total
- age   5:      23352 bytes,    5002968 total
- age   6:    4896872 bytes,    9899840 total
- age   7:     698712 bytes,   10598552 total
- age   8:     137064 bytes,   10735616 total
: 109248K->19689K(109248K), 0,0661147 secs] 125695K->44741K(502464K), 0,0662572 secs] [Times: user=0,18 sys=0,01, real=0,06 secs] 
Heap after GC invocations=15 (full 1):
 par new generation   total 109248K, used 19689K [0x00000000e0000000, 0x00000000e8000000, 0x00000000e8000000)
  eden space 87424K,   0% used [0x00000000e0000000, 0x00000000e0000000, 0x00000000e5560000)
  from space 21824K,  90% used [0x00000000e6ab0000, 0x00000000e7dea670, 0x00000000e8000000)
  to   space 21824K,   0% used [0x00000000e5560000, 0x00000000e5560000, 0x00000000e6ab0000)
 concurrent mark-sweep generation total 393216K, used 25051K [0x00000000e8000000, 0x0000000100000000, 0x0000000100000000)
 Metaspace       used 30849K, capacity 31584K, committed 31996K, reserved 1077248K
  class space    used 3509K, capacity 3733K, committed 3836K, reserved 1048576K
}
2018-06-19T11:25:35.451+0200: 10,342: Total time for which application threads were stopped: 0,0665252 seconds, Stopping threads took: 0,0000479 seconds
{Heap before GC invocations=15 (full 1):
 par new generation   total 109248K, used 107113K [0x00000000e0000000, 0x00000000e8000000, 0x00000000e8000000)
  eden space 87424K, 100% used [0x00000000e0000000, 0x00000000e5560000, 0x00000000e5560000)
  from space 21824K,  90% used [0x00000000e6ab0000, 0x00000000e7dea670, 0x00000000e8000000)
  to   space 21824K,   0% used [0x00000000e5560000, 0x00000000e5560000, 0x00000000e6ab0000)
 concurrent mark-sweep generation total 393216K, used 25051K [0x00000000e8000000, 0x0000000100000000, 0x0000000100000000)
 Metaspace       used 30873K, capacity 31590K, committed 31996K, reserved 1077248K
  class space    used 3510K, capacity 3734K, committed 3836K, reserved 1048576K
2018-06-19T11:25:35.646+0200: 10,538: [GC (Allocation Failure) 2018-06-19T11:25:35.646+0200: 10,538: [ParNew
Desired survivor size 20112992 bytes, new threshold 8 (max 8)
- age   1:    1622992 bytes,    1622992 total
- age   2:    1133000 bytes,    2755992 total
- age   3:      94528 bytes,    2850520 total
- age   4:     261664 bytes,    3112184 total
- age   5:     187760 bytes,    3299944 total
- age   6:      23352 bytes,    3323296 total
- age   7:    4896400 bytes,    8219696 total
- age   8:     698712 bytes,    8918408 total
: 107113K->11807K(109248K), 0,0267552 secs] 132165K->36995K(502464K), 0,0268425 secs] [Times: user=0,05 sys=0,00, real=0,03 secs] 
Heap after GC invocations=16 (full 1):
 par new generation   total 109248K, used 11807K [0x00000000e0000000, 0x00000000e8000000, 0x00000000e8000000)
  eden space 87424K,   0% used [0x00000000e0000000, 0x00000000e0000000, 0x00000000e5560000)
  from space 21824K,  54% used [0x00000000e5560000, 0x00000000e60e7d40, 0x00000000e6ab0000)
  to   space 21824K,   0% used [0x00000000e6ab0000, 0x00000000e6ab0000, 0x00000000e8000000)
 concurrent mark-sweep generation total 393216K, used 25187K [0x00000000e8000000, 0x0000000100000000, 0x0000000100000000)
 Metaspace       used 30873K, capacity 31590K, committed 31996K, reserved 1077248K
  class space    used 3510K, capacity 3734K, committed 3836K, reserved 1048576K
}
2018-06-19T11:25:35.673+0200: 10,564: Total time for which application threads were stopped: 0,0271527 seconds, Stopping threads took: 0,0000623 seconds
{Heap before GC invocations=16 (full 1):
 par new generation   total 109248K, used 99231K [0x00000000e0000000, 0x00000000e8000000, 0x00000000e8000000)
  eden space 87424K, 100% used [0x00000000e0000000, 0x00000000e5560000, 0x00000000e5560000)
  from space 21824K,  54% used [0x00000000e5560000, 0x00000000e60e7d40, 0x00000000e6ab0000)
  to   space 21824K,   0% used [0x00000000e6ab0000, 0x00000000e6ab0000, 0x00000000e8000000)
 concurrent mark-sweep generation total 393216K, used 25187K [0x00000000e8000000, 0x0000000100000000, 0x0000000100000000)
 Metaspace       used 30877K, capacity 31590K, committed 31996K, reserved 1077248K
  class space    used 3510K, capacity 3734K, committed 3836K, reserved 1048576K
2018-06-19T11:25:35.871+0200: 10,763: [GC (Allocation Failure) 2018-06-19T11:25:35.871+0200: 10,763: [ParNew
Desired survivor size 20112992 bytes, new threshold 8 (max 8)
- age   1:    1563400 bytes,    1563400 total
- age   2:    1127792 bytes,    2691192 total
- age   3:    1132928 bytes,    3824120 total
- age   4:      94528 bytes,    3918648 total
- age   5:     260848 bytes,    4179496 total
- age   6:     187760 bytes,    4367256 total
- age   7:      23320 bytes,    4390576 total
- age   8:    4895992 bytes,    9286568 total
: 99231K->11854K(109248K), 0,0281422 secs] 124419K->37728K(502464K), 0,0282378 secs] [Times: user=0,06 sys=0,00, real=0,03 secs] 
Heap after GC invocations=17 (full 1):
 par new generation   total 109248K, used 11854K [0x00000000e0000000, 0x00000000e8000000, 0x00000000e8000000)
  eden space 87424K,   0% used [0x00000000e0000000, 0x00000000e0000000, 0x00000000e5560000)
  from space 21824K,  54% used [0x00000000e6ab0000, 0x00000000e7643b60, 0x00000000e8000000)
  to   space 21824K,   0% used [0x00000000e5560000, 0x00000000e5560000, 0x00000000e6ab0000)
 concurrent mark-sweep generation total 393216K, used 25873K [0x00000000e8000000, 0x0000000100000000, 0x0000000100000000)
 Metaspace       used 30877K, capacity 31590K, committed 31996K, reserved 1077248K
  class space    used 3510K, capacity 3734K, committed 3836K, reserved 1048576K
}
2018-06-19T11:25:35.900+0200: 10,791: Total time for which application threads were stopped: 0,0285072 seconds, Stopping threads took: 0,0000442 seconds
{Heap before GC invocations=17 (full 1):
 par new generation   total 109248K, used 99278K [0x00000000e0000000, 0x00000000e8000000, 0x00000000e8000000)
  eden space 87424K, 100% used [0x00000000e0000000, 0x00000000e5560000, 0x00000000e5560000)
  from space 21824K,  54% used [0x00000000e6ab0000, 0x00000000e7643b60, 0x00000000e8000000)
  to   space 21824K,   0% used [0x00000000e5560000, 0x00000000e5560000, 0x00000000e6ab0000)
 concurrent mark-sweep generation total 393216K, used 25873K [0x00000000e8000000, 0x0000000100000000, 0x0000000100000000)
 Metaspace       used 30895K, capacity 31590K, committed 31996K, reserved 1077248K
  class space    used 3510K, capacity 3734K, committed 3836K, reserved 1048576K
2018-06-19T11:25:36.045+0200: 10,937: [GC (Allocation Failure) 2018-06-19T11:25:36.045+0200: 10,937: [ParNew
Desired survivor size 20112992 bytes, new threshold 8 (max 8)
- age   1:    1993344 bytes,    1993344 total
- age   2:    1021656 bytes,    3015000 total
- age   3:     963848 bytes,    3978848 total
- age   4:    1132928 bytes,    5111776 total
- age   5:      94528 bytes,    5206304 total
- age   6:     260848 bytes,    5467152 total
- age   7:     187728 bytes,    5654880 total
- age   8:      22912 bytes,    5677792 total
: 99278K->9172K(109248K), 0,0256216 secs] 125152K->40173K(502464K), 0,0257019 secs] [Times: user=0,05 sys=0,00, real=0,02 secs] 
Heap after GC invocations=18 (full 1):
 par new generation   total 109248K, used 9172K [0x00000000e0000000, 0x00000000e8000000, 0x00000000e8000000)
  eden space 87424K,   0% used [0x00000000e0000000, 0x00000000e0000000, 0x00000000e5560000)
  from space 21824K,  42% used [0x00000000e5560000, 0x00000000e5e55280, 0x00000000e6ab0000)
  to   space 21824K,   0% used [0x00000000e6ab0000, 0x00000000e6ab0000, 0x00000000e8000000)
 concurrent mark-sweep generation total 393216K, used 31000K [0x00000000e8000000, 0x0000000100000000, 0x0000000100000000)
 Metaspace       used 30895K, capacity 31590K, committed 31996K, reserved 1077248K
  class space    used 3510K, capacity 3734K, committed 3836K, reserved 1048576K
}
2018-06-19T11:25:36.071+0200: 10,962: Total time for which application threads were stopped: 0,0259685 seconds, Stopping threads took: 0,0000685 seconds
2018-06-19T11:25:36.092+0200: 10,983: Total time for which application threads were stopped: 0,0001647 seconds, Stopping threads took: 0,0000559 seconds
2018-06-19T11:25:36.095+0200: 10,986: Total time for which application threads were stopped: 0,0001621 seconds, Stopping threads took: 0,0000597 seconds
2018-06-19T11:25:36.096+0200: 10,987: Total time for which application threads were stopped: 0,0001462 seconds, Stopping threads took: 0,0000638 seconds
2018-06-19T11:25:36.116+0200: 11,007: Total time for which application threads were stopped: 0,0033840 seconds, Stopping threads took: 0,0032951 seconds
2018-06-19T11:25:36.117+0200: 11,009: Total time for which application threads were stopped: 0,0001136 seconds, Stopping threads took: 0,0000256 seconds
2018-06-19T11:25:36.118+0200: 11,010: Total time for which application threads were stopped: 0,0001334 seconds, Stopping threads took: 0,0000495 seconds
{Heap before GC invocations=18 (full 1):
 par new generation   total 109248K, used 96596K [0x00000000e0000000, 0x00000000e8000000, 0x00000000e8000000)
  eden space 87424K, 100% used [0x00000000e0000000, 0x00000000e5560000, 0x00000000e5560000)
  from space 21824K,  42% used [0x00000000e5560000, 0x00000000e5e55280, 0x00000000e6ab0000)
  to   space 21824K,   0% used [0x00000000e6ab0000, 0x00000000e6ab0000, 0x00000000e8000000)
 concurrent mark-sweep generation total 393216K, used 31000K [0x00000000e8000000, 0x0000000100000000, 0x0000000100000000)
 Metaspace       used 30920K, capacity 31590K, committed 31996K, reserved 1077248K
  class space    used 3510K, capacity 3734K, committed 3836K, reserved 1048576K
2018-06-19T11:25:36.189+0200: 11,081: [GC (Allocation Failure) 2018-06-19T11:25:36.189+0200: 11,081: [ParNew
Desired survivor size 20112992 bytes, new threshold 8 (max 8)
- age   1:    1656536 bytes,    1656536 total
- age   2:    1872640 bytes,    3529176 total
- age   3:     964504 bytes,    4493680 total
- age   4:     907768 bytes,    5401448 total
- age   5:    1012600 bytes,    6414048 total
- age   6:      94528 bytes,    6508576 total
- age   7:     260784 bytes,    6769360 total
- age   8:     186904 bytes,    6956264 total
: 96596K->7726K(109248K), 0,0131597 secs] 127597K->38749K(502464K), 0,0132666 secs] [Times: user=0,05 sys=0,00, real=0,01 secs] 
Heap after GC invocations=19 (full 1):
 par new generation   total 109248K, used 7726K [0x00000000e0000000, 0x00000000e8000000, 0x00000000e8000000)
  eden space 87424K,   0% used [0x00000000e0000000, 0x00000000e0000000, 0x00000000e5560000)
  from space 21824K,  35% used [0x00000000e6ab0000, 0x00000000e723b920, 0x00000000e8000000)
  to   space 21824K,   0% used [0x00000000e5560000, 0x00000000e5560000, 0x00000000e6ab0000)
 concurrent mark-sweep generation total 393216K, used 31023K [0x00000000e8000000, 0x0000000100000000, 0x0000000100000000)
 Metaspace       used 30920K, capacity 31590K, committed 31996K, reserved 1077248K
  class space    used 3510K, capacity 3734K, committed 3836K, reserved 1048576K
}
2018-06-19T11:25:36.202+0200: 11,094: Total time for which application threads were stopped: 0,0135569 seconds, Stopping threads took: 0,0000641 seconds
{Heap before GC invocations=19 (full 1):
 par new generation   total 109248K, used 95150K [0x00000000e0000000, 0x00000000e8000000, 0x00000000e8000000)
  eden space 87424K, 100% used [0x00000000e0000000, 0x00000000e5560000, 0x00000000e5560000)
  from space 21824K,  35% used [0x00000000e6ab0000, 0x00000000e723b920, 0x00000000e8000000)
  to   space 21824K,   0% used [0x00000000e5560000, 0x00000000e5560000, 0x00000000e6ab0000)
 concurrent mark-sweep generation total 393216K, used 31023K [0x00000000e8000000, 0x0000000100000000, 0x0000000100000000)
 Metaspace       used 30940K, capacity 31654K, committed 31996K, reserved 1077248K
  class space    used 3510K, capacity 3734K, committed 3836K, reserved 1048576K
2018-06-19T11:25:36.318+0200: 11,210: [GC (Allocation Failure) 2018-06-19T11:25:36.318+0200: 11,210: [ParNew
Desired survivor size 20112992 bytes, new threshold 8 (max 8)
- age   1:    1766424 bytes,    1766424 total
- age   2:    1084712 bytes,    2851136 total
- age   3:     353200 bytes,    3204336 total
- age   4:     389928 bytes,    3594264 total
- age   5:     499784 bytes,    4094048 total
- age   6:     530656 bytes,    4624704 total
- age   7:      94528 bytes,    4719232 total
- age   8:     260704 bytes,    4979936 total
: 95150K->8448K(109248K), 0,0126519 secs] 126173K->39653K(502464K), 0,0127510 secs] [Times: user=0,05 sys=0,00, real=0,01 secs] 
Heap after GC invocations=20 (full 1):
 par new generation   total 109248K, used 8448K [0x00000000e0000000, 0x00000000e8000000, 0x00000000e8000000)
  eden space 87424K,   0% used [0x00000000e0000000, 0x00000000e0000000, 0x00000000e5560000)
  from space 21824K,  38% used [0x00000000e5560000, 0x00000000e5da0090, 0x00000000e6ab0000)
  to   space 21824K,   0% used [0x00000000e6ab0000, 0x00000000e6ab0000, 0x00000000e8000000)
 concurrent mark-sweep generation total 393216K, used 31205K [0x00000000e8000000, 0x0000000100000000, 0x0000000100000000)
 Metaspace       used 30940K, capacity 31654K, committed 31996K, reserved 1077248K
  class space    used 3510K, capacity 3734K, committed 3836K, reserved 1048576K
}
2018-06-19T11:25:36.331+0200: 11,223: Total time for which application threads were stopped: 0,0130105 seconds, Stopping threads took: 0,0000629 seconds
{Heap before GC invocations=20 (full 1):
 par new generation   total 109248K, used 95872K [0x00000000e0000000, 0x00000000e8000000, 0x00000000e8000000)
  eden space 87424K,  99% used [0x00000000e0000000, 0x00000000e555fff8, 0x00000000e5560000)
  from space 21824K,  38% used [0x00000000e5560000, 0x00000000e5da0090, 0x00000000e6ab0000)
  to   space 21824K,   0% used [0x00000000e6ab0000, 0x00000000e6ab0000, 0x00000000e8000000)
 concurrent mark-sweep generation total 393216K, used 31205K [0x00000000e8000000, 0x0000000100000000, 0x0000000100000000)
 Metaspace       used 30951K, capacity 31654K, committed 31996K, reserved 1077248K
  class space    used 3510K, capacity 3734K, committed 3836K, reserved 1048576K
2018-06-19T11:25:36.403+0200: 11,295: [GC (Allocation Failure) 2018-06-19T11:25:36.403+0200: 11,295: [ParNew
Desired survivor size 20112992 bytes, new threshold 8 (max 8)
- age   1:    1484504 bytes,    1484504 total
- age   2:    1349328 bytes,    2833832 total
- age   3:    1084288 bytes,    3918120 total
- age   4:      80768 bytes,    3998888 total
- age   5:      81296 bytes,    4080184 total
- age   6:     217408 bytes,    4297592 total
- age   7:     295848 bytes,    4593440 total
- age   8:      94528 bytes,    4687968 total
: 95872K->5903K(109248K), 0,0198720 secs] 127077K->37364K(502464K), 0,0199434 secs] [Times: user=0,07 sys=0,00, real=0,02 secs] 
Heap after GC invocations=21 (full 1):
 par new generation   total 109248K, used 5903K [0x00000000e0000000, 0x00000000e8000000, 0x00000000e8000000)
  eden space 87424K,   0% used [0x00000000e0000000, 0x00000000e0000000, 0x00000000e5560000)
  from space 21824K,  27% used [0x00000000e6ab0000, 0x00000000e7073e50, 0x00000000e8000000)
  to   space 21824K,   0% used [0x00000000e5560000, 0x00000000e5560000, 0x00000000e6ab0000)
 concurrent mark-sweep generation total 393216K, used 31460K [0x00000000e8000000, 0x0000000100000000, 0x0000000100000000)
 Metaspace       used 30951K, capacity 31654K, committed 31996K, reserved 1077248K
  class space    used 3510K, capacity 3734K, committed 3836K, reserved 1048576K
}
2018-06-19T11:25:36.423+0200: 11,315: Total time for which application threads were stopped: 0,0201582 seconds, Stopping threads took: 0,0000375 seconds
{Heap before GC invocations=21 (full 1):
 par new generation   total 109248K, used 93327K [0x00000000e0000000, 0x00000000e8000000, 0x00000000e8000000)
  eden space 87424K, 100% used [0x00000000e0000000, 0x00000000e5560000, 0x00000000e5560000)
  from space 21824K,  27% used [0x00000000e6ab0000, 0x00000000e7073e50, 0x00000000e8000000)
  to   space 21824K,   0% used [0x00000000e5560000, 0x00000000e5560000, 0x00000000e6ab0000)
 concurrent mark-sweep generation total 393216K, used 31460K [0x00000000e8000000, 0x0000000100000000, 0x0000000100000000)
 Metaspace       used 30963K, capacity 31718K, committed 31996K, reserved 1077248K
  class space    used 3510K, capacity 3734K, committed 3836K, reserved 1048576K
2018-06-19T11:25:36.550+0200: 11,441: [GC (Allocation Failure) 2018-06-19T11:25:36.550+0200: 11,441: [ParNew
Desired survivor size 20112992 bytes, new threshold 8 (max 8)
- age   1:    1977200 bytes,    1977200 total
- age   2:     978784 bytes,    2955984 total
- age   3:    1152600 bytes,    4108584 total
- age   4:    1084288 bytes,    5192872 total
- age   5:      80768 bytes,    5273640 total
- age   6:      81296 bytes,    5354936 total
- age   7:     216592 bytes,    5571528 total
- age   8:     295816 bytes,    5867344 total
: 93327K->7156K(109248K), 0,0182602 secs] 124788K->38709K(502464K), 0,0183531 secs] [Times: user=0,07 sys=0,00, real=0,02 secs] 
Heap after GC invocations=22 (full 1):
 par new generation   total 109248K, used 7156K [0x00000000e0000000, 0x00000000e8000000, 0x00000000e8000000)
  eden space 87424K,   0% used [0x00000000e0000000, 0x00000000e0000000, 0x00000000e5560000)
  from space 21824K,  32% used [0x00000000e5560000, 0x00000000e5c5d2b8, 0x00000000e6ab0000)
  to   space 21824K,   0% used [0x00000000e6ab0000, 0x00000000e6ab0000, 0x00000000e8000000)
 concurrent mark-sweep generation total 393216K, used 31552K [0x00000000e8000000, 0x0000000100000000, 0x0000000100000000)
 Metaspace       used 30963K, capacity 31718K, committed 31996K, reserved 1077248K
  class space    used 3510K, capacity 3734K, committed 3836K, reserved 1048576K
}
2018-06-19T11:25:36.568+0200: 11,460: Total time for which application threads were stopped: 0,0185564 seconds, Stopping threads took: 0,0000349 seconds
{Heap before GC invocations=22 (full 1):
 par new generation   total 109248K, used 94575K [0x00000000e0000000, 0x00000000e8000000, 0x00000000e8000000)
  eden space 87424K,  99% used [0x00000000e0000000, 0x00000000e555ec60, 0x00000000e5560000)
  from space 21824K,  32% used [0x00000000e5560000, 0x00000000e5c5d2b8, 0x00000000e6ab0000)
  to   space 21824K,   0% used [0x00000000e6ab0000, 0x00000000e6ab0000, 0x00000000e8000000)
 concurrent mark-sweep generation total 393216K, used 31552K [0x00000000e8000000, 0x0000000100000000, 0x0000000100000000)
 Metaspace       used 30964K, capacity 31718K, committed 31996K, reserved 1077248K
  class space    used 3510K, capacity 3734K, committed 3836K, reserved 1048576K
2018-06-19T11:25:36.650+0200: 11,541: [GC (Allocation Failure) 2018-06-19T11:25:36.650+0200: 11,541: [ParNew
Desired survivor size 20112992 bytes, new threshold 8 (max 8)
- age   1:    1773368 bytes,    1773368 total
- age   2:    1278432 bytes,    3051800 total
- age   3:     978968 bytes,    4030768 total
- age   4:    1152864 bytes,    5183632 total
- age   5:    1084624 bytes,    6268256 total
- age   6:      80768 bytes,    6349024 total
- age   7:      81296 bytes,    6430320 total
- age   8:     216560 bytes,    6646880 total
: 94575K->9309K(109248K), 0,0169528 secs] 126128K->41150K(502464K), 0,0170264 secs] [Times: user=0,06 sys=0,00, real=0,02 secs] 
Heap after GC invocations=23 (full 1):
 par new generation   total 109248K, used 9309K [0x00000000e0000000, 0x00000000e8000000, 0x00000000e8000000)
  eden space 87424K,   0% used [0x00000000e0000000, 0x00000000e0000000, 0x00000000e5560000)
  from space 21824K,  42% used [0x00000000e6ab0000, 0x00000000e73c7640, 0x00000000e8000000)
  to   space 21824K,   0% used [0x00000000e5560000, 0x00000000e5560000, 0x00000000e6ab0000)
 concurrent mark-sweep generation total 393216K, used 31840K [0x00000000e8000000, 0x0000000100000000, 0x0000000100000000)
 Metaspace       used 30964K, capacity 31718K, committed 31996K, reserved 1077248K
  class space    used 3510K, capacity 3734K, committed 3836K, reserved 1048576K
}
2018-06-19T11:25:36.667+0200: 11,558: Total time for which application threads were stopped: 0,0172509 seconds, Stopping threads took: 0,0000359 seconds
{Heap before GC invocations=23 (full 1):
 par new generation   total 109248K, used 96733K [0x00000000e0000000, 0x00000000e8000000, 0x00000000e8000000)
  eden space 87424K, 100% used [0x00000000e0000000, 0x00000000e5560000, 0x00000000e5560000)
  from space 21824K,  42% used [0x00000000e6ab0000, 0x00000000e73c7640, 0x00000000e8000000)
  to   space 21824K,   0% used [0x00000000e5560000, 0x00000000e5560000, 0x00000000e6ab0000)
 concurrent mark-sweep generation total 393216K, used 31840K [0x00000000e8000000, 0x0000000100000000, 0x0000000100000000)
 Metaspace       used 30986K, capacity 31718K, committed 31996K, reserved 1077248K
  class space    used 3510K, capacity 3734K, committed 3836K, reserved 1048576K
2018-06-19T11:25:36.758+0200: 11,650: [GC (Allocation Failure) 2018-06-19T11:25:36.758+0200: 11,650: [ParNew
Desired survivor size 20112992 bytes, new threshold 8 (max 8)
- age   1:    2048360 bytes,    2048360 total
- age   2:     894152 bytes,    2942512 total
- age   3:    1276736 bytes,    4219248 total
- age   4:     880328 bytes,    5099576 total
- age   5:    1152560 bytes,    6252136 total
- age   6:    1083440 bytes,    7335576 total
- age   7:      80768 bytes,    7416344 total
- age   8:      81264 bytes,    7497608 total
: 96733K->9408K(109248K), 0,0243450 secs] 128574K->41460K(502464K), 0,0244432 secs] [Times: user=0,10 sys=0,00, real=0,02 secs] 
Heap after GC invocations=24 (full 1):
 par new generation   total 109248K, used 9408K [0x00000000e0000000, 0x00000000e8000000, 0x00000000e8000000)
  eden space 87424K,   0% used [0x00000000e0000000, 0x00000000e0000000, 0x00000000e5560000)
  from space 21824K,  43% used [0x00000000e5560000, 0x00000000e5e90030, 0x00000000e6ab0000)
  to   space 21824K,   0% used [0x00000000e6ab0000, 0x00000000e6ab0000, 0x00000000e8000000)
 concurrent mark-sweep generation total 393216K, used 32052K [0x00000000e8000000, 0x0000000100000000, 0x0000000100000000)
 Metaspace       used 30986K, capacity 31718K, committed 31996K, reserved 1077248K
  class space    used 3510K, capacity 3734K, committed 3836K, reserved 1048576K
}
2018-06-19T11:25:36.783+0200: 11,674: Total time for which application threads were stopped: 0,0247408 seconds, Stopping threads took: 0,0000907 seconds
{Heap before GC invocations=24 (full 1):
 par new generation   total 109248K, used 96812K [0x00000000e0000000, 0x00000000e8000000, 0x00000000e8000000)
  eden space 87424K,  99% used [0x00000000e0000000, 0x00000000e555b208, 0x00000000e5560000)
  from space 21824K,  43% used [0x00000000e5560000, 0x00000000e5e90030, 0x00000000e6ab0000)
  to   space 21824K,   0% used [0x00000000e6ab0000, 0x00000000e6ab0000, 0x00000000e8000000)
 concurrent mark-sweep generation total 393216K, used 32052K [0x00000000e8000000, 0x0000000100000000, 0x0000000100000000)
 Metaspace       used 30992K, capacity 31718K, committed 31996K, reserved 1077248K
  class space    used 3510K, capacity 3734K, committed 3836K, reserved 1048576K
2018-06-19T11:25:36.894+0200: 11,786: [GC (Allocation Failure) 2018-06-19T11:25:36.894+0200: 11,786: [ParNew
Desired survivor size 20112992 bytes, new threshold 8 (max 8)
- age   1:    2011840 bytes,    2011840 total
- age   2:    1058280 bytes,    3070120 total
- age   3:     894656 bytes,    3964776 total
- age   4:    1277600 bytes,    5242376 total
- age   5:     880904 bytes,    6123280 total
- age   6:    1153160 bytes,    7276440 total
- age   7:    1083848 bytes,    8360288 total
- age   8:      80736 bytes,    8441024 total
: 96812K->11256K(109248K), 0,0163305 secs] 128865K->43388K(502464K), 0,0166778 secs] [Times: user=0,05 sys=0,00, real=0,01 secs] 
Heap after GC invocations=25 (full 1):
 par new generation   total 109248K, used 11256K [0x00000000e0000000, 0x00000000e8000000, 0x00000000e8000000)
  eden space 87424K,   0% used [0x00000000e0000000, 0x00000000e0000000, 0x00000000e5560000)
  from space 21824K,  51% used [0x00000000e6ab0000, 0x00000000e75ae1c0, 0x00000000e8000000)
  to   space 21824K,   0% used [0x00000000e5560000, 0x00000000e5560000, 0x00000000e6ab0000)
 concurrent mark-sweep generation total 393216K, used 32131K [0x00000000e8000000, 0x0000000100000000, 0x0000000100000000)
 Metaspace       used 30992K, capacity 31718K, committed 31996K, reserved 1077248K
  class space    used 3510K, capacity 3734K, committed 3836K, reserved 1048576K
}
2018-06-19T11:25:36.911+0200: 11,802: Total time for which application threads were stopped: 0,0174866 seconds, Stopping threads took: 0,0001498 seconds
{Heap before GC invocations=25 (full 1):
 par new generation   total 109248K, used 98659K [0x00000000e0000000, 0x00000000e8000000, 0x00000000e8000000)
  eden space 87424K,  99% used [0x00000000e0000000, 0x00000000e555ad00, 0x00000000e5560000)
  from space 21824K,  51% used [0x00000000e6ab0000, 0x00000000e75ae1c0, 0x00000000e8000000)
  to   space 21824K,   0% used [0x00000000e5560000, 0x00000000e5560000, 0x00000000e6ab0000)
 concurrent mark-sweep generation total 393216K, used 32131K [0x00000000e8000000, 0x0000000100000000, 0x0000000100000000)
 Metaspace       used 30995K, capacity 31718K, committed 31996K, reserved 1077248K
  class space    used 3510K, capacity 3734K, committed 3836K, reserved 1048576K
2018-06-19T11:25:37.007+0200: 11,899: [GC (Allocation Failure) 2018-06-19T11:25:37.007+0200: 11,899: [ParNew
Desired survivor size 20112992 bytes, new threshold 8 (max 8)
- age   1:    2958616 bytes,    2958616 total
- age   2:     868960 bytes,    3827576 total
- age   3:    1058472 bytes,    4886048 total
- age   4:     894704 bytes,    5780752 total
- age   5:     884216 bytes,    6664968 total
- age   6:     880952 bytes,    7545920 total
- age   7:    1152848 bytes,    8698768 total
- age   8:    1083984 bytes,    9782752 total
: 98659K->11743K(109248K), 0,0069033 secs] 130791K->43953K(502464K), 0,0069707 secs] [Times: user=0,03 sys=0,00, real=0,01 secs] 
Heap after GC invocations=26 (full 1):
 par new generation   total 109248K, used 11743K [0x00000000e0000000, 0x00000000e8000000, 0x00000000e8000000)
  eden space 87424K,   0% used [0x00000000e0000000, 0x00000000e0000000, 0x00000000e5560000)
  from space 21824K,  53% used [0x00000000e5560000, 0x00000000e60d7cd0, 0x00000000e6ab0000)
  to   space 21824K,   0% used [0x00000000e6ab0000, 0x00000000e6ab0000, 0x00000000e8000000)
 concurrent mark-sweep generation total 393216K, used 32210K [0x00000000e8000000, 0x0000000100000000, 0x0000000100000000)
 Metaspace       used 30995K, capacity 31718K, committed 31996K, reserved 1077248K
  class space    used 3510K, capacity 3734K, committed 3836K, reserved 1048576K
}
2018-06-19T11:25:37.014+0200: 11,906: Total time for which application threads were stopped: 0,0072177 seconds, Stopping threads took: 0,0000655 seconds
2018-06-19T11:25:37.084+0200: 11,975: Total time for which application threads were stopped: 0,0002397 seconds, Stopping threads took: 0,0001324 seconds
2018-06-19T11:25:37.132+0200: 12,023: Total time for which application threads were stopped: 0,0012999 seconds, Stopping threads took: 0,0011685 seconds
2018-06-19T11:25:37.133+0200: 12,024: Total time for which application threads were stopped: 0,0001622 seconds, Stopping threads took: 0,0000586 seconds
2018-06-19T11:25:37.135+0200: 12,026: Total time for which application threads were stopped: 0,0001994 seconds, Stopping threads took: 0,0000796 seconds
{Heap before GC invocations=26 (full 1):
 par new generation   total 109248K, used 99167K [0x00000000e0000000, 0x00000000e8000000, 0x00000000e8000000)
  eden space 87424K, 100% used [0x00000000e0000000, 0x00000000e5560000, 0x00000000e5560000)
  from space 21824K,  53% used [0x00000000e5560000, 0x00000000e60d7cd0, 0x00000000e6ab0000)
  to   space 21824K,   0% used [0x00000000e6ab0000, 0x00000000e6ab0000, 0x00000000e8000000)
 concurrent mark-sweep generation total 393216K, used 32210K [0x00000000e8000000, 0x0000000100000000, 0x0000000100000000)
 Metaspace       used 31007K, capacity 31718K, committed 31996K, reserved 1077248K
  class space    used 3510K, capacity 3734K, committed 3836K, reserved 1048576K
2018-06-19T11:25:37.139+0200: 12,031: [GC (Allocation Failure) 2018-06-19T11:25:37.139+0200: 12,031: [ParNew
Desired survivor size 20112992 bytes, new threshold 8 (max 8)
- age   1:    2019320 bytes,    2019320 total
- age   2:    2243056 bytes,    4262376 total
- age   3:     867960 bytes,    5130336 total
- age   4:    1055392 bytes,    6185728 total
- age   5:     894128 bytes,    7079856 total
- age   6:     883392 bytes,    7963248 total
- age   7:     880064 bytes,    8843312 total
- age   8:    1152024 bytes,    9995336 total
: 99167K->14585K(109248K), 0,0176140 secs] 131377K->47870K(502464K), 0,0177014 secs] [Times: user=0,06 sys=0,00, real=0,02 secs] 
Heap after GC invocations=27 (full 1):
 par new generation   total 109248K, used 14585K [0x00000000e0000000, 0x00000000e8000000, 0x00000000e8000000)
  eden space 87424K,   0% used [0x00000000e0000000, 0x00000000e0000000, 0x00000000e5560000)
  from space 21824K,  66% used [0x00000000e6ab0000, 0x00000000e78ee548, 0x00000000e8000000)
  to   space 21824K,   0% used [0x00000000e5560000, 0x00000000e5560000, 0x00000000e6ab0000)
 concurrent mark-sweep generation total 393216K, used 33285K [0x00000000e8000000, 0x0000000100000000, 0x0000000100000000)
 Metaspace       used 31007K, capacity 31718K, committed 31996K, reserved 1077248K
  class space    used 3510K, capacity 3734K, committed 3836K, reserved 1048576K
}
2018-06-19T11:25:37.157+0200: 12,048: Total time for which application threads were stopped: 0,0179491 seconds, Stopping threads took: 0,0000642 seconds
2018-06-19T11:25:37.176+0200: 12,068: Total time for which application threads were stopped: 0,0021981 seconds, Stopping threads took: 0,0020530 seconds
2018-06-19T11:25:37.177+0200: 12,068: Total time for which application threads were stopped: 0,0001929 seconds, Stopping threads took: 0,0000709 seconds
2018-06-19T11:25:37.186+0200: 12,078: Total time for which application threads were stopped: 0,0001415 seconds, Stopping threads took: 0,0000532 seconds
2018-06-19T11:25:37.187+0200: 12,078: Total time for which application threads were stopped: 0,0001203 seconds, Stopping threads took: 0,0000484 seconds
{Heap before GC invocations=27 (full 1):
 par new generation   total 109248K, used 101983K [0x00000000e0000000, 0x00000000e8000000, 0x00000000e8000000)
  eden space 87424K,  99% used [0x00000000e0000000, 0x00000000e5559810, 0x00000000e5560000)
  from space 21824K,  66% used [0x00000000e6ab0000, 0x00000000e78ee548, 0x00000000e8000000)
  to   space 21824K,   0% used [0x00000000e5560000, 0x00000000e5560000, 0x00000000e6ab0000)
 concurrent mark-sweep generation total 393216K, used 33285K [0x00000000e8000000, 0x0000000100000000, 0x0000000100000000)
 Metaspace       used 31013K, capacity 31724K, committed 31996K, reserved 1077248K
  class space    used 3511K, capacity 3735K, committed 3836K, reserved 1048576K
2018-06-19T11:25:37.246+0200: 12,138: [GC (Allocation Failure) 2018-06-19T11:25:37.246+0200: 12,138: [ParNew
Desired survivor size 20112992 bytes, new threshold 8 (max 8)
- age   1:    1650080 bytes,    1650080 total
- age   2:    1733816 bytes,    3383896 total
- age   3:    2189776 bytes,    5573672 total
- age   4:     813816 bytes,    6387488 total
- age   5:    1001776 bytes,    7389264 total
- age   6:     841520 bytes,    8230784 total
- age   7:     829752 bytes,    9060536 total
- age   8:     827456 bytes,    9887992 total
: 101983K->11488K(109248K), 0,0276873 secs] 135268K->45865K(502464K), 0,0277825 secs] [Times: user=0,09 sys=0,00, real=0,03 secs] 
Heap after GC invocations=28 (full 1):
 par new generation   total 109248K, used 11488K [0x00000000e0000000, 0x00000000e8000000, 0x00000000e8000000)
  eden space 87424K,   0% used [0x00000000e0000000, 0x00000000e0000000, 0x00000000e5560000)
  from space 21824K,  52% used [0x00000000e5560000, 0x00000000e6098040, 0x00000000e6ab0000)
  to   space 21824K,   0% used [0x00000000e6ab0000, 0x00000000e6ab0000, 0x00000000e8000000)
 concurrent mark-sweep generation total 393216K, used 34377K [0x00000000e8000000, 0x0000000100000000, 0x0000000100000000)
 Metaspace       used 31013K, capacity 31724K, committed 31996K, reserved 1077248K
  class space    used 3511K, capacity 3735K, committed 3836K, reserved 1048576K
}
2018-06-19T11:25:37.274+0200: 12,165: Total time for which application threads were stopped: 0,0281097 seconds, Stopping threads took: 0,0000983 seconds
{Heap before GC invocations=28 (full 1):
 par new generation   total 109248K, used 98898K [0x00000000e0000000, 0x00000000e8000000, 0x00000000e8000000)
  eden space 87424K,  99% used [0x00000000e0000000, 0x00000000e555c890, 0x00000000e5560000)
  from space 21824K,  52% used [0x00000000e5560000, 0x00000000e6098040, 0x00000000e6ab0000)
  to   space 21824K,   0% used [0x00000000e6ab0000, 0x00000000e6ab0000, 0x00000000e8000000)
 concurrent mark-sweep generation total 393216K, used 34377K [0x00000000e8000000, 0x0000000100000000, 0x0000000100000000)
 Metaspace       used 31014K, capacity 31724K, committed 31996K, reserved 1077248K
  class space    used 3511K, capacity 3735K, committed 3836K, reserved 1048576K
2018-06-19T11:25:37.359+0200: 12,251: [GC (Allocation Failure) 2018-06-19T11:25:37.359+0200: 12,251: [ParNew
Desired survivor size 20112992 bytes, new threshold 8 (max 8)
- age   1:    1522456 bytes,    1522456 total
- age   2:    1285272 bytes,    2807728 total
- age   3:    1733656 bytes,    4541384 total
- age   4:    2189776 bytes,    6731160 total
- age   5:     813816 bytes,    7544976 total
- age   6:    1001776 bytes,    8546752 total
- age   7:     841488 bytes,    9388240 total
- age   8:     829520 bytes,   10217760 total
: 98898K->13017K(109248K), 0,0079139 secs] 133275K->48212K(502464K), 0,0079914 secs] [Times: user=0,03 sys=0,00, real=0,01 secs] 
Heap after GC invocations=29 (full 1):
 par new generation   total 109248K, used 13017K [0x00000000e0000000, 0x00000000e8000000, 0x00000000e8000000)
  eden space 87424K,   0% used [0x00000000e0000000, 0x00000000e0000000, 0x00000000e5560000)
  from space 21824K,  59% used [0x00000000e6ab0000, 0x00000000e7766550, 0x00000000e8000000)
  to   space 21824K,   0% used [0x00000000e5560000, 0x00000000e5560000, 0x00000000e6ab0000)
 concurrent mark-sweep generation total 393216K, used 35195K [0x00000000e8000000, 0x0000000100000000, 0x0000000100000000)
 Metaspace       used 31014K, capacity 31724K, committed 31996K, reserved 1077248K
  class space    used 3511K, capacity 3735K, committed 3836K, reserved 1048576K
}
2018-06-19T11:25:37.367+0200: 12,259: Total time for which application threads were stopped: 0,0113680 seconds, Stopping threads took: 0,0031967 seconds
{Heap before GC invocations=29 (full 1):
 par new generation   total 109248K, used 100441K [0x00000000e0000000, 0x00000000e8000000, 0x00000000e8000000)
  eden space 87424K, 100% used [0x00000000e0000000, 0x00000000e5560000, 0x00000000e5560000)
  from space 21824K,  59% used [0x00000000e6ab0000, 0x00000000e7766550, 0x00000000e8000000)
  to   space 21824K,   0% used [0x00000000e5560000, 0x00000000e5560000, 0x00000000e6ab0000)
 concurrent mark-sweep generation total 393216K, used 35195K [0x00000000e8000000, 0x0000000100000000, 0x0000000100000000)
 Metaspace       used 31022K, capacity 31724K, committed 31996K, reserved 1077248K
  class space    used 3511K, capacity 3735K, committed 3836K, reserved 1048576K
2018-06-19T11:25:37.474+0200: 12,366: [GC (Allocation Failure) 2018-06-19T11:25:37.474+0200: 12,366: [ParNew
Desired survivor size 20112992 bytes, new threshold 8 (max 8)
- age   1:    1329736 bytes,    1329736 total
- age   2:    1030472 bytes,    2360208 total
- age   3:    1236048 bytes,    3596256 total
- age   4:    1722664 bytes,    5318920 total
- age   5:    2189776 bytes,    7508696 total
- age   6:     813784 bytes,    8322480 total
- age   7:    1001512 bytes,    9323992 total
- age   8:     841256 bytes,   10165248 total
: 100441K->11822K(109248K), 0,0275676 secs] 135636K->47838K(502464K), 0,0276592 secs] [Times: user=0,11 sys=0,00, real=0,02 secs] 
Heap after GC invocations=30 (full 1):
 par new generation   total 109248K, used 11822K [0x00000000e0000000, 0x00000000e8000000, 0x00000000e8000000)
  eden space 87424K,   0% used [0x00000000e0000000, 0x00000000e0000000, 0x00000000e5560000)
  from space 21824K,  54% used [0x00000000e5560000, 0x00000000e60ebb40, 0x00000000e6ab0000)
  to   space 21824K,   0% used [0x00000000e6ab0000, 0x00000000e6ab0000, 0x00000000e8000000)
 concurrent mark-sweep generation total 393216K, used 36015K [0x00000000e8000000, 0x0000000100000000, 0x0000000100000000)
 Metaspace       used 31022K, capacity 31724K, committed 31996K, reserved 1077248K
  class space    used 3511K, capacity 3735K, committed 3836K, reserved 1048576K
}
2018-06-19T11:25:37.502+0200: 12,394: Total time for which application threads were stopped: 0,0279005 seconds, Stopping threads took: 0,0000371 seconds
2018-06-19T11:25:37.561+0200: 12,452: Total time for which application threads were stopped: 0,0001469 seconds, Stopping threads took: 0,0000447 seconds
2018-06-19T11:25:37.604+0200: 12,496: Total time for which application threads were stopped: 0,0001562 seconds, Stopping threads took: 0,0000324 seconds
2018-06-19T11:25:37.604+0200: 12,496: Total time for which application threads were stopped: 0,0000709 seconds, Stopping threads took: 0,0000189 seconds
2018-06-19T11:25:37.605+0200: 12,496: Total time for which application threads were stopped: 0,0000785 seconds, Stopping threads took: 0,0000178 seconds
2018-06-19T11:25:37.608+0200: 12,499: Total time for which application threads were stopped: 0,0001167 seconds, Stopping threads took: 0,0000310 seconds
2018-06-19T11:25:37.608+0200: 12,499: Total time for which application threads were stopped: 0,0002448 seconds, Stopping threads took: 0,0000185 seconds
2018-06-19T11:25:37.694+0200: 12,586: Total time for which application threads were stopped: 0,0001265 seconds, Stopping threads took: 0,0000280 seconds
2018-06-19T11:25:37.694+0200: 12,586: Total time for which application threads were stopped: 0,0000713 seconds, Stopping threads took: 0,0000164 seconds
2018-06-19T11:25:37.694+0200: 12,586: Total time for which application threads were stopped: 0,0000542 seconds, Stopping threads took: 0,0000126 seconds
2018-06-19T11:25:37.695+0200: 12,586: Total time for which application threads were stopped: 0,0000502 seconds, Stopping threads took: 0,0000120 seconds
2018-06-19T11:25:37.711+0200: 12,602: Total time for which application threads were stopped: 0,0001207 seconds, Stopping threads took: 0,0000317 seconds
2018-06-19T11:25:37.721+0200: 12,612: Total time for which application threads were stopped: 0,0002090 seconds, Stopping threads took: 0,0001012 seconds
2018-06-19T11:25:37.721+0200: 12,613: Total time for which application threads were stopped: 0,0001125 seconds, Stopping threads took: 0,0000269 seconds
2018-06-19T11:25:37.722+0200: 12,613: Total time for which application threads were stopped: 0,0002094 seconds, Stopping threads took: 0,0000235 seconds
2018-06-19T11:25:38.178+0200: 13,070: Total time for which application threads were stopped: 0,0001053 seconds, Stopping threads took: 0,0000415 seconds
2018-06-19T11:25:38.178+0200: 13,070: Total time for which application threads were stopped: 0,0000605 seconds, Stopping threads took: 0,0000136 seconds
2018-06-19T11:25:38.178+0200: 13,070: Total time for which application threads were stopped: 0,0000536 seconds, Stopping threads took: 0,0000239 seconds
2018-06-19T11:25:38.179+0200: 13,070: Total time for which application threads were stopped: 0,0000468 seconds, Stopping threads took: 0,0000203 seconds
2018-06-19T11:25:38.182+0200: 13,074: Total time for which application threads were stopped: 0,0001067 seconds, Stopping threads took: 0,0000268 seconds
2018-06-19T11:25:38.184+0200: 13,076: Total time for which application threads were stopped: 0,0001262 seconds, Stopping threads took: 0,0000628 seconds
2018-06-19T11:25:38.185+0200: 13,076: Total time for which application threads were stopped: 0,0000534 seconds, Stopping threads took: 0,0000234 seconds
2018-06-19T11:25:38.185+0200: 13,076: Total time for which application threads were stopped: 0,0000669 seconds, Stopping threads took: 0,0000174 seconds
2018-06-19T11:25:38.185+0200: 13,076: Total time for which application threads were stopped: 0,0001099 seconds, Stopping threads took: 0,0000554 seconds
2018-06-19T11:25:39.186+0200: 14,077: Total time for which application threads were stopped: 0,0004925 seconds, Stopping threads took: 0,0001416 seconds
2018-06-19T11:25:42.210+0200: 17,102: Total time for which application threads were stopped: 0,0005396 seconds, Stopping threads took: 0,0000165 seconds
2018-06-19T11:25:42.211+0200: 17,103: Total time for which application threads were stopped: 0,0005301 seconds, Stopping threads took: 0,0000125 seconds
2018-06-19T11:25:42.222+0200: 17,114: Total time for which application threads were stopped: 0,0021142 seconds, Stopping threads took: 0,0020004 seconds
2018-06-19T11:25:42.222+0200: 17,114: Total time for which application threads were stopped: 0,0000567 seconds, Stopping threads took: 0,0000106 seconds
2018-06-19T11:25:42.247+0200: 17,138: Total time for which application threads were stopped: 0,0003128 seconds, Stopping threads took: 0,0001533 seconds
2018-06-19T11:25:42.248+0200: 17,139: Total time for which application threads were stopped: 0,0008041 seconds, Stopping threads took: 0,0007090 seconds
2018-06-19T11:25:42.253+0200: 17,144: Total time for which application threads were stopped: 0,0039937 seconds, Stopping threads took: 0,0035531 seconds
2018-06-19T11:25:42.253+0200: 17,145: Total time for which application threads were stopped: 0,0001020 seconds, Stopping threads took: 0,0000306 seconds
2018-06-19T11:25:42.255+0200: 17,147: Total time for which application threads were stopped: 0,0003041 seconds, Stopping threads took: 0,0001070 seconds
2018-06-19T11:25:42.256+0200: 17,147: Total time for which application threads were stopped: 0,0001241 seconds, Stopping threads took: 0,0000320 seconds
2018-06-19T11:25:42.257+0200: 17,148: Total time for which application threads were stopped: 0,0001963 seconds, Stopping threads took: 0,0000855 seconds
2018-06-19T11:25:42.257+0200: 17,149: Total time for which application threads were stopped: 0,0001148 seconds, Stopping threads took: 0,0000402 seconds
2018-06-19T11:25:42.257+0200: 17,149: Total time for which application threads were stopped: 0,0000514 seconds, Stopping threads took: 0,0000071 seconds
2018-06-19T11:25:42.257+0200: 17,149: Total time for which application threads were stopped: 0,0000485 seconds, Stopping threads took: 0,0000083 seconds
2018-06-19T11:25:42.257+0200: 17,149: Total time for which application threads were stopped: 0,0000444 seconds, Stopping threads took: 0,0000063 seconds
2018-06-19T11:25:42.258+0200: 17,149: Total time for which application threads were stopped: 0,0000444 seconds, Stopping threads took: 0,0000064 seconds
2018-06-19T11:25:42.258+0200: 17,149: Total time for which application threads were stopped: 0,0000443 seconds, Stopping threads took: 0,0000069 seconds
2018-06-19T11:25:42.258+0200: 17,149: Total time for which application threads were stopped: 0,0000441 seconds, Stopping threads took: 0,0000064 seconds
2018-06-19T11:25:42.258+0200: 17,149: Total time for which application threads were stopped: 0,0002034 seconds, Stopping threads took: 0,0000067 seconds
2018-06-19T11:25:42.269+0200: 17,160: Total time for which application threads were stopped: 0,0010166 seconds, Stopping threads took: 0,0003665 seconds
2018-06-19T11:25:42.272+0200: 17,164: Total time for which application threads were stopped: 0,0001358 seconds, Stopping threads took: 0,0000524 seconds
2018-06-19T11:25:42.274+0200: 17,165: Total time for which application threads were stopped: 0,0001676 seconds, Stopping threads took: 0,0000613 seconds
2018-06-19T11:25:42.275+0200: 17,167: Total time for which application threads were stopped: 0,0002590 seconds, Stopping threads took: 0,0001086 seconds
2018-06-19T11:25:42.278+0200: 17,169: Total time for which application threads were stopped: 0,0001231 seconds, Stopping threads took: 0,0000498 seconds
2018-06-19T11:25:42.278+0200: 17,170: Total time for which application threads were stopped: 0,0000649 seconds, Stopping threads took: 0,0000233 seconds
2018-06-19T11:25:42.278+0200: 17,170: Total time for which application threads were stopped: 0,0000565 seconds, Stopping threads took: 0,0000177 seconds
2018-06-19T11:25:42.278+0200: 17,170: Total time for which application threads were stopped: 0,0000383 seconds, Stopping threads took: 0,0000096 seconds
2018-06-19T11:25:42.279+0200: 17,170: Total time for which application threads were stopped: 0,0000384 seconds, Stopping threads took: 0,0000121 seconds
2018-06-19T11:25:42.279+0200: 17,170: Total time for which application threads were stopped: 0,0000398 seconds, Stopping threads took: 0,0000149 seconds
2018-06-19T11:25:42.279+0200: 17,170: Total time for which application threads were stopped: 0,0000376 seconds, Stopping threads took: 0,0000119 seconds
2018-06-19T11:25:42.279+0200: 17,170: Total time for which application threads were stopped: 0,0000544 seconds, Stopping threads took: 0,0000266 seconds
2018-06-19T11:25:42.279+0200: 17,170: Total time for which application threads were stopped: 0,0000429 seconds, Stopping threads took: 0,0000176 seconds
2018-06-19T11:25:42.279+0200: 17,170: Total time for which application threads were stopped: 0,0000293 seconds, Stopping threads took: 0,0000089 seconds
2018-06-19T11:25:42.279+0200: 17,170: Total time for which application threads were stopped: 0,0000292 seconds, Stopping threads took: 0,0000091 seconds
2018-06-19T11:25:42.279+0200: 17,170: Total time for which application threads were stopped: 0,0000304 seconds, Stopping threads took: 0,0000118 seconds
2018-06-19T11:25:42.279+0200: 17,171: Total time for which application threads were stopped: 0,0000357 seconds, Stopping threads took: 0,0000169 seconds
2018-06-19T11:25:42.279+0200: 17,171: Total time for which application threads were stopped: 0,0000375 seconds, Stopping threads took: 0,0000187 seconds
2018-06-19T11:25:42.279+0200: 17,171: Total time for which application threads were stopped: 0,0000319 seconds, Stopping threads took: 0,0000152 seconds
2018-06-19T11:25:42.279+0200: 17,171: Total time for which application threads were stopped: 0,0000322 seconds, Stopping threads took: 0,0000135 seconds
2018-06-19T11:25:42.279+0200: 17,171: Total time for which application threads were stopped: 0,0000325 seconds, Stopping threads took: 0,0000159 seconds
2018-06-19T11:25:42.279+0200: 17,171: Total time for which application threads were stopped: 0,0000367 seconds, Stopping threads took: 0,0000182 seconds
2018-06-19T11:25:42.281+0200: 17,172: Total time for which application threads were stopped: 0,0000546 seconds, Stopping threads took: 0,0000170 seconds
2018-06-19T11:25:42.281+0200: 17,172: Total time for which application threads were stopped: 0,0000821 seconds, Stopping threads took: 0,0000596 seconds
2018-06-19T11:25:42.281+0200: 17,172: Total time for which application threads were stopped: 0,0000424 seconds, Stopping threads took: 0,0000216 seconds
2018-06-19T11:25:42.281+0200: 17,172: Total time for which application threads were stopped: 0,0000378 seconds, Stopping threads took: 0,0000175 seconds
2018-06-19T11:25:42.281+0200: 17,172: Total time for which application threads were stopped: 0,0000361 seconds, Stopping threads took: 0,0000175 seconds
2018-06-19T11:25:42.281+0200: 17,172: Total time for which application threads were stopped: 0,0001016 seconds, Stopping threads took: 0,0000829 seconds
2018-06-19T11:25:42.281+0200: 17,172: Total time for which application threads were stopped: 0,0000393 seconds, Stopping threads took: 0,0000208 seconds
2018-06-19T11:25:42.281+0200: 17,172: Total time for which application threads were stopped: 0,0000350 seconds, Stopping threads took: 0,0000164 seconds
2018-06-19T11:25:42.281+0200: 17,173: Total time for which application threads were stopped: 0,0000344 seconds, Stopping threads took: 0,0000160 seconds
2018-06-19T11:25:42.281+0200: 17,173: Total time for which application threads were stopped: 0,0000335 seconds, Stopping threads took: 0,0000148 seconds
2018-06-19T11:25:42.283+0200: 17,175: Total time for which application threads were stopped: 0,0003983 seconds, Stopping threads took: 0,0001007 seconds
2018-06-19T11:25:42.284+0200: 17,175: Total time for which application threads were stopped: 0,0002757 seconds, Stopping threads took: 0,0000563 seconds
2018-06-19T11:25:42.285+0200: 17,176: Total time for which application threads were stopped: 0,0002567 seconds, Stopping threads took: 0,0001068 seconds
2018-06-19T11:25:42.289+0200: 17,180: Total time for which application threads were stopped: 0,0001444 seconds, Stopping threads took: 0,0000503 seconds
Heap
 par new generation   total 109248K, used 73729K [0x00000000e0000000, 0x00000000e8000000, 0x00000000e8000000)
  eden space 87424K,  70% used [0x00000000e0000000, 0x00000000e3c74cb0, 0x00000000e5560000)
  from space 21824K,  54% used [0x00000000e5560000, 0x00000000e60ebb40, 0x00000000e6ab0000)
  to   space 21824K,   0% used [0x00000000e6ab0000, 0x00000000e6ab0000, 0x00000000e8000000)
 concurrent mark-sweep generation total 393216K, used 36015K [0x00000000e8000000, 0x0000000100000000, 0x0000000100000000)
 Metaspace       used 31151K, capacity 31796K, committed 31996K, reserved 1077248K
  class space    used 3522K, capacity 3737K, committed 3836K, reserved 1048576K
