OpenJDK 64-Bit Server VM (25.171-b11) for linux-amd64 JRE (1.8.0_171-8u171-b11-0ubuntu0.16.04.1-b11), built on Apr 27 2018 17:19:03 by "buildd" with gcc 5.4.0 20160609
Memory: 4k page, physical 7867608k(2473196k free), swap 8076284k(8076284k free)
CommandLine flags: -XX:CMSInitiatingOccupancyFraction=50 -XX:CMSMaxAbortablePrecleanTime=6000 -XX:+CMSParallelRemarkEnabled -XX:+CMSScavengeBeforeRemark -XX:ConcGCThreads=4 -XX:InitialHeapSize=536870912 -XX:MaxHeapSize=536870912 -XX:MaxTenuringThreshold=8 -XX:NewRatio=3 -XX:OldPLABSize=16 -XX:OnOutOfMemoryError=/home/gurnoor/workspace/QTM/solr/bin/oom_solr.sh 8983 /home/gurnoor/workspace/QTM/solr/server/logs -XX:ParallelGCThreads=4 -XX:+ParallelRefProcEnabled -XX:PretenureSizeThreshold=67108864 -XX:+PrintGC -XX:+PrintGCApplicationStoppedTime -XX:+PrintGCDateStamps -XX:+PrintGCDetails -XX:+PrintGCTimeStamps -XX:+PrintHeapAtGC -XX:+PrintTenuringDistribution -XX:SurvivorRatio=4 -XX:TargetSurvivorRatio=90 -XX:ThreadStackSize=256 -XX:+UseCMSInitiatingOccupancyOnly -XX:+UseCompressedClassPointers -XX:+UseCompressedOops -XX:+UseConcMarkSweepGC -XX:+UseParNewGC 
2018-05-29T07:30:17.424+0200: 0,193: Total time for which application threads were stopped: 0,0000763 seconds, Stopping threads took: 0,0000117 seconds
2018-05-29T07:30:17.501+0200: 0,270: Total time for which application threads were stopped: 0,0001424 seconds, Stopping threads took: 0,0000447 seconds
2018-05-29T07:30:17.514+0200: 0,283: Total time for which application threads were stopped: 0,0000773 seconds, Stopping threads took: 0,0000101 seconds
2018-05-29T07:30:17.644+0200: 0,413: Total time for which application threads were stopped: 0,0001464 seconds, Stopping threads took: 0,0000220 seconds
2018-05-29T07:30:17.817+0200: 0,587: Total time for which application threads were stopped: 0,0001804 seconds, Stopping threads took: 0,0000247 seconds
2018-05-29T07:30:17.866+0200: 0,635: Total time for which application threads were stopped: 0,0001509 seconds, Stopping threads took: 0,0000217 seconds
2018-05-29T07:30:17.881+0200: 0,650: Total time for which application threads were stopped: 0,0001783 seconds, Stopping threads took: 0,0000328 seconds
2018-05-29T07:30:18.077+0200: 0,846: Total time for which application threads were stopped: 0,0001799 seconds, Stopping threads took: 0,0000171 seconds
2018-05-29T07:30:18.222+0200: 0,991: Total time for which application threads were stopped: 0,0002166 seconds, Stopping threads took: 0,0000178 seconds
2018-05-29T07:30:18.242+0200: 1,011: Total time for which application threads were stopped: 0,0001869 seconds, Stopping threads took: 0,0000169 seconds
2018-05-29T07:30:18.268+0200: 1,037: Total time for which application threads were stopped: 0,0002448 seconds, Stopping threads took: 0,0000243 seconds
2018-05-29T07:30:18.269+0200: 1,039: Total time for which application threads were stopped: 0,0002143 seconds, Stopping threads took: 0,0000237 seconds
2018-05-29T07:30:18.283+0200: 1,052: Total time for which application threads were stopped: 0,0002353 seconds, Stopping threads took: 0,0000241 seconds
2018-05-29T07:30:18.369+0200: 1,138: Total time for which application threads were stopped: 0,0002793 seconds, Stopping threads took: 0,0000244 seconds
2018-05-29T07:30:18.530+0200: 1,299: Total time for which application threads were stopped: 0,0002913 seconds, Stopping threads took: 0,0000465 seconds
{Heap before GC invocations=0 (full 0):
 par new generation   total 109248K, used 87424K [0x00000000e0000000, 0x00000000e8000000, 0x00000000e8000000)
  eden space 87424K, 100% used [0x00000000e0000000, 0x00000000e5560000, 0x00000000e5560000)
  from space 21824K,   0% used [0x00000000e5560000, 0x00000000e5560000, 0x00000000e6ab0000)
  to   space 21824K,   0% used [0x00000000e6ab0000, 0x00000000e6ab0000, 0x00000000e8000000)
 concurrent mark-sweep generation total 393216K, used 0K [0x00000000e8000000, 0x0000000100000000, 0x0000000100000000)
 Metaspace       used 17955K, capacity 18312K, committed 18560K, reserved 1064960K
  class space    used 2026K, capacity 2166K, committed 2176K, reserved 1048576K
2018-05-29T07:30:18.597+0200: 1,366: [GC (Allocation Failure) 2018-05-29T07:30:18.597+0200: 1,366: [ParNew
Desired survivor size 20112992 bytes, new threshold 8 (max 8)
- age   1:   11778872 bytes,   11778872 total
: 87424K->11615K(109248K), 0,0113021 secs] 87424K->11615K(502464K), 0,0113655 secs] [Times: user=0,03 sys=0,01, real=0,02 secs] 
Heap after GC invocations=1 (full 0):
 par new generation   total 109248K, used 11615K [0x00000000e0000000, 0x00000000e8000000, 0x00000000e8000000)
  eden space 87424K,   0% used [0x00000000e0000000, 0x00000000e0000000, 0x00000000e5560000)
  from space 21824K,  53% used [0x00000000e6ab0000, 0x00000000e7607d58, 0x00000000e8000000)
  to   space 21824K,   0% used [0x00000000e5560000, 0x00000000e5560000, 0x00000000e6ab0000)
 concurrent mark-sweep generation total 393216K, used 0K [0x00000000e8000000, 0x0000000100000000, 0x0000000100000000)
 Metaspace       used 17955K, capacity 18312K, committed 18560K, reserved 1064960K
  class space    used 2026K, capacity 2166K, committed 2176K, reserved 1048576K
}
2018-05-29T07:30:18.608+0200: 1,377: Total time for which application threads were stopped: 0,0116601 seconds, Stopping threads took: 0,0000855 seconds
2018-05-29T07:30:18.883+0200: 1,653: Total time for which application threads were stopped: 0,0012010 seconds, Stopping threads took: 0,0008338 seconds
2018-05-29T07:30:18.925+0200: 1,695: Total time for which application threads were stopped: 0,0032290 seconds, Stopping threads took: 0,0029251 seconds
{Heap before GC invocations=1 (full 0):
 par new generation   total 109248K, used 99039K [0x00000000e0000000, 0x00000000e8000000, 0x00000000e8000000)
  eden space 87424K, 100% used [0x00000000e0000000, 0x00000000e5560000, 0x00000000e5560000)
  from space 21824K,  53% used [0x00000000e6ab0000, 0x00000000e7607d58, 0x00000000e8000000)
  to   space 21824K,   0% used [0x00000000e5560000, 0x00000000e5560000, 0x00000000e6ab0000)
 concurrent mark-sweep generation total 393216K, used 0K [0x00000000e8000000, 0x0000000100000000, 0x0000000100000000)
 Metaspace       used 20129K, capacity 20506K, committed 20736K, reserved 1067008K
  class space    used 2302K, capacity 2473K, committed 2560K, reserved 1048576K
2018-05-29T07:30:18.938+0200: 1,707: [GC (Allocation Failure) 2018-05-29T07:30:18.938+0200: 1,707: [ParNew
Desired survivor size 20112992 bytes, new threshold 8 (max 8)
- age   1:    3089240 bytes,    3089240 total
- age   2:    6313600 bytes,    9402840 total
: 99039K->11243K(109248K), 0,0219359 secs] 99039K->11243K(502464K), 0,0220226 secs] [Times: user=0,06 sys=0,01, real=0,02 secs] 
Heap after GC invocations=2 (full 0):
 par new generation   total 109248K, used 11243K [0x00000000e0000000, 0x00000000e8000000, 0x00000000e8000000)
  eden space 87424K,   0% used [0x00000000e0000000, 0x00000000e0000000, 0x00000000e5560000)
  from space 21824K,  51% used [0x00000000e5560000, 0x00000000e605ac70, 0x00000000e6ab0000)
  to   space 21824K,   0% used [0x00000000e6ab0000, 0x00000000e6ab0000, 0x00000000e8000000)
 concurrent mark-sweep generation total 393216K, used 0K [0x00000000e8000000, 0x0000000100000000, 0x0000000100000000)
 Metaspace       used 20129K, capacity 20506K, committed 20736K, reserved 1067008K
  class space    used 2302K, capacity 2473K, committed 2560K, reserved 1048576K
}
2018-05-29T07:30:18.960+0200: 1,729: Total time for which application threads were stopped: 0,0222903 seconds, Stopping threads took: 0,0001126 seconds
2018-05-29T07:30:19.021+0200: 1,790: Total time for which application threads were stopped: 0,0004040 seconds, Stopping threads took: 0,0000785 seconds
2018-05-29T07:30:19.125+0200: 1,894: Total time for which application threads were stopped: 0,0001993 seconds, Stopping threads took: 0,0000709 seconds
{Heap before GC invocations=2 (full 0):
 par new generation   total 109248K, used 98667K [0x00000000e0000000, 0x00000000e8000000, 0x00000000e8000000)
  eden space 87424K, 100% used [0x00000000e0000000, 0x00000000e5560000, 0x00000000e5560000)
  from space 21824K,  51% used [0x00000000e5560000, 0x00000000e605ac70, 0x00000000e6ab0000)
  to   space 21824K,   0% used [0x00000000e6ab0000, 0x00000000e6ab0000, 0x00000000e8000000)
 concurrent mark-sweep generation total 393216K, used 0K [0x00000000e8000000, 0x0000000100000000, 0x0000000100000000)
 Metaspace       used 21051K, capacity 21428K, committed 21628K, reserved 1069056K
  class space    used 2424K, capacity 2592K, committed 2684K, reserved 1048576K
2018-05-29T07:30:19.174+0200: 1,944: [GC (Allocation Failure) 2018-05-29T07:30:19.175+0200: 1,944: [ParNew
Desired survivor size 20112992 bytes, new threshold 8 (max 8)
- age   1:    2328408 bytes,    2328408 total
- age   2:     663144 bytes,    2991552 total
- age   3:    6311616 bytes,    9303168 total
: 98667K->13140K(109248K), 0,0113801 secs] 98667K->13140K(502464K), 0,0114670 secs] [Times: user=0,04 sys=0,00, real=0,02 secs] 
Heap after GC invocations=3 (full 0):
 par new generation   total 109248K, used 13140K [0x00000000e0000000, 0x00000000e8000000, 0x00000000e8000000)
  eden space 87424K,   0% used [0x00000000e0000000, 0x00000000e0000000, 0x00000000e5560000)
  from space 21824K,  60% used [0x00000000e6ab0000, 0x00000000e77853f0, 0x00000000e8000000)
  to   space 21824K,   0% used [0x00000000e5560000, 0x00000000e5560000, 0x00000000e6ab0000)
 concurrent mark-sweep generation total 393216K, used 0K [0x00000000e8000000, 0x0000000100000000, 0x0000000100000000)
 Metaspace       used 21051K, capacity 21428K, committed 21628K, reserved 1069056K
  class space    used 2424K, capacity 2592K, committed 2684K, reserved 1048576K
}
2018-05-29T07:30:19.186+0200: 1,955: Total time for which application threads were stopped: 0,0117159 seconds, Stopping threads took: 0,0000970 seconds
2018-05-29T07:30:19.189+0200: 1,958: [GC (CMS Initial Mark) [1 CMS-initial-mark: 0K(393216K)] 13149K(502464K), 0,0039451 secs] [Times: user=0,00 sys=0,01, real=0,00 secs] 
2018-05-29T07:30:19.193+0200: 1,962: Total time for which application threads were stopped: 0,0069826 seconds, Stopping threads took: 0,0029400 seconds
2018-05-29T07:30:19.193+0200: 1,962: [CMS-concurrent-mark-start]
2018-05-29T07:30:19.194+0200: 1,963: [CMS-concurrent-mark: 0,001/0,001 secs] [Times: user=0,01 sys=0,00, real=0,00 secs] 
2018-05-29T07:30:19.194+0200: 1,963: [CMS-concurrent-preclean-start]
2018-05-29T07:30:19.195+0200: 1,964: [CMS-concurrent-preclean: 0,001/0,001 secs] [Times: user=0,00 sys=0,00, real=0,00 secs] 
2018-05-29T07:30:19.201+0200: 1,970: [GC (CMS Final Remark) [YG occupancy: 19094 K (109248 K)]{Heap before GC invocations=3 (full 1):
 par new generation   total 109248K, used 19094K [0x00000000e0000000, 0x00000000e8000000, 0x00000000e8000000)
  eden space 87424K,   6% used [0x00000000e0000000, 0x00000000e05d0730, 0x00000000e5560000)
  from space 21824K,  60% used [0x00000000e6ab0000, 0x00000000e77853f0, 0x00000000e8000000)
  to   space 21824K,   0% used [0x00000000e5560000, 0x00000000e5560000, 0x00000000e6ab0000)
 concurrent mark-sweep generation total 393216K, used 0K [0x00000000e8000000, 0x0000000100000000, 0x0000000100000000)
 Metaspace       used 21058K, capacity 21428K, committed 21628K, reserved 1069056K
  class space    used 2426K, capacity 2592K, committed 2684K, reserved 1048576K
2018-05-29T07:30:19.201+0200: 1,970: [GC (CMS Final Remark) 2018-05-29T07:30:19.201+0200: 1,970: [ParNew
Desired survivor size 20112992 bytes, new threshold 8 (max 8)
- age   1:      17384 bytes,      17384 total
- age   2:    1445656 bytes,    1463040 total
- age   3:     661664 bytes,    2124704 total
- age   4:    6312000 bytes,    8436704 total
: 19094K->11194K(109248K), 0,0115822 secs] 19094K->11194K(502464K), 0,0116345 secs] [Times: user=0,05 sys=0,00, real=0,01 secs] 
Heap after GC invocations=4 (full 1):
 par new generation   total 109248K, used 11194K [0x00000000e0000000, 0x00000000e8000000, 0x00000000e8000000)
  eden space 87424K,   0% used [0x00000000e0000000, 0x00000000e0000000, 0x00000000e5560000)
  from space 21824K,  51% used [0x00000000e5560000, 0x00000000e604e8c0, 0x00000000e6ab0000)
  to   space 21824K,   0% used [0x00000000e6ab0000, 0x00000000e6ab0000, 0x00000000e8000000)
 concurrent mark-sweep generation total 393216K, used 0K [0x00000000e8000000, 0x0000000100000000, 0x0000000100000000)
 Metaspace       used 21058K, capacity 21428K, committed 21628K, reserved 1069056K
  class space    used 2426K, capacity 2592K, committed 2684K, reserved 1048576K
}
2018-05-29T07:30:19.213+0200: 1,982: [Rescan (parallel) , 0,0060866 secs]2018-05-29T07:30:19.219+0200: 1,988: [weak refs processing, 0,0015766 secs]2018-05-29T07:30:19.221+0200: 1,990: [class unloading, 0,0031044 secs]2018-05-29T07:30:19.224+0200: 1,993: [scrub symbol table, 0,0045228 secs]2018-05-29T07:30:19.228+0200: 1,997: [scrub string table, 0,0004244 secs][1 CMS-remark: 0K(393216K)] 11194K(502464K), 0,0281156 secs] [Times: user=0,08 sys=0,00, real=0,03 secs] 
2018-05-29T07:30:19.229+0200: 1,998: Total time for which application threads were stopped: 0,0296057 seconds, Stopping threads took: 0,0013792 seconds
2018-05-29T07:30:19.230+0200: 1,999: [CMS-concurrent-sweep-start]
2018-05-29T07:30:19.230+0200: 1,999: [CMS-concurrent-sweep: 0,000/0,000 secs] [Times: user=0,00 sys=0,00, real=0,00 secs] 
2018-05-29T07:30:19.230+0200: 1,999: [CMS-concurrent-reset-start]
2018-05-29T07:30:19.233+0200: 2,002: [CMS-concurrent-reset: 0,004/0,004 secs] [Times: user=0,00 sys=0,00, real=0,00 secs] 
{Heap before GC invocations=4 (full 1):
 par new generation   total 109248K, used 98618K [0x00000000e0000000, 0x00000000e8000000, 0x00000000e8000000)
  eden space 87424K, 100% used [0x00000000e0000000, 0x00000000e5560000, 0x00000000e5560000)
  from space 21824K,  51% used [0x00000000e5560000, 0x00000000e604e8c0, 0x00000000e6ab0000)
  to   space 21824K,   0% used [0x00000000e6ab0000, 0x00000000e6ab0000, 0x00000000e8000000)
 concurrent mark-sweep generation total 393216K, used 0K [0x00000000e8000000, 0x0000000100000000, 0x0000000100000000)
 Metaspace       used 21311K, capacity 21640K, committed 21884K, reserved 1069056K
  class space    used 2454K, capacity 2607K, committed 2684K, reserved 1048576K
2018-05-29T07:30:19.361+0200: 2,130: [GC (Allocation Failure) 2018-05-29T07:30:19.361+0200: 2,130: [ParNew
Desired survivor size 20112992 bytes, new threshold 8 (max 8)
- age   1:    1460496 bytes,    1460496 total
- age   2:       5096 bytes,    1465592 total
- age   3:    1444888 bytes,    2910480 total
- age   4:     659440 bytes,    3569920 total
- age   5:    6311616 bytes,    9881536 total
: 98618K->12343K(109248K), 0,0202542 secs] 98618K->12343K(502464K), 0,0203302 secs] [Times: user=0,05 sys=0,00, real=0,02 secs] 
Heap after GC invocations=5 (full 1):
 par new generation   total 109248K, used 12343K [0x00000000e0000000, 0x00000000e8000000, 0x00000000e8000000)
  eden space 87424K,   0% used [0x00000000e0000000, 0x00000000e0000000, 0x00000000e5560000)
  from space 21824K,  56% used [0x00000000e6ab0000, 0x00000000e76bdf90, 0x00000000e8000000)
  to   space 21824K,   0% used [0x00000000e5560000, 0x00000000e5560000, 0x00000000e6ab0000)
 concurrent mark-sweep generation total 393216K, used 0K [0x00000000e8000000, 0x0000000100000000, 0x0000000100000000)
 Metaspace       used 21311K, capacity 21640K, committed 21884K, reserved 1069056K
  class space    used 2454K, capacity 2607K, committed 2684K, reserved 1048576K
}
2018-05-29T07:30:19.382+0200: 2,151: Total time for which application threads were stopped: 0,0205859 seconds, Stopping threads took: 0,0000777 seconds
{Heap before GC invocations=5 (full 1):
 par new generation   total 109248K, used 99767K [0x00000000e0000000, 0x00000000e8000000, 0x00000000e8000000)
  eden space 87424K, 100% used [0x00000000e0000000, 0x00000000e5560000, 0x00000000e5560000)
  from space 21824K,  56% used [0x00000000e6ab0000, 0x00000000e76bdf90, 0x00000000e8000000)
  to   space 21824K,   0% used [0x00000000e5560000, 0x00000000e5560000, 0x00000000e6ab0000)
 concurrent mark-sweep generation total 393216K, used 0K [0x00000000e8000000, 0x0000000100000000, 0x0000000100000000)
 Metaspace       used 21555K, capacity 21882K, committed 22140K, reserved 1069056K
  class space    used 2485K, capacity 2642K, committed 2684K, reserved 1048576K
2018-05-29T07:30:19.512+0200: 2,281: [GC (Allocation Failure) 2018-05-29T07:30:19.512+0200: 2,281: [ParNew
Desired survivor size 20112992 bytes, new threshold 8 (max 8)
- age   1:     614656 bytes,     614656 total
- age   2:     190288 bytes,     804944 total
- age   3:       4808 bytes,     809752 total
- age   4:    1443200 bytes,    2252952 total
- age   5:     657496 bytes,    2910448 total
- age   6:    6328000 bytes,    9238448 total
: 99767K->12539K(109248K), 0,0157181 secs] 99767K->12539K(502464K), 0,0158271 secs] [Times: user=0,04 sys=0,00, real=0,02 secs] 
Heap after GC invocations=6 (full 1):
 par new generation   total 109248K, used 12539K [0x00000000e0000000, 0x00000000e8000000, 0x00000000e8000000)
  eden space 87424K,   0% used [0x00000000e0000000, 0x00000000e0000000, 0x00000000e5560000)
  from space 21824K,  57% used [0x00000000e5560000, 0x00000000e619edf0, 0x00000000e6ab0000)
  to   space 21824K,   0% used [0x00000000e6ab0000, 0x00000000e6ab0000, 0x00000000e8000000)
 concurrent mark-sweep generation total 393216K, used 0K [0x00000000e8000000, 0x0000000100000000, 0x0000000100000000)
 Metaspace       used 21555K, capacity 21882K, committed 22140K, reserved 1069056K
  class space    used 2485K, capacity 2642K, committed 2684K, reserved 1048576K
}
2018-05-29T07:30:19.528+0200: 2,297: Total time for which application threads were stopped: 0,0176701 seconds, Stopping threads took: 0,0016102 seconds
2018-05-29T07:30:19.553+0200: 2,322: Total time for which application threads were stopped: 0,0004111 seconds, Stopping threads took: 0,0000335 seconds
2018-05-29T07:30:19.871+0200: 2,640: Total time for which application threads were stopped: 0,0005805 seconds, Stopping threads took: 0,0000269 seconds
2018-05-29T07:30:19.887+0200: 2,656: Total time for which application threads were stopped: 0,0004719 seconds, Stopping threads took: 0,0000634 seconds
{Heap before GC invocations=6 (full 1):
 par new generation   total 109248K, used 99963K [0x00000000e0000000, 0x00000000e8000000, 0x00000000e8000000)
  eden space 87424K, 100% used [0x00000000e0000000, 0x00000000e5560000, 0x00000000e5560000)
  from space 21824K,  57% used [0x00000000e5560000, 0x00000000e619edf0, 0x00000000e6ab0000)
  to   space 21824K,   0% used [0x00000000e6ab0000, 0x00000000e6ab0000, 0x00000000e8000000)
 concurrent mark-sweep generation total 393216K, used 0K [0x00000000e8000000, 0x0000000100000000, 0x0000000100000000)
 Metaspace       used 25754K, capacity 26276K, committed 26492K, reserved 1073152K
  class space    used 2974K, capacity 3155K, committed 3196K, reserved 1048576K
2018-05-29T07:30:20.368+0200: 3,137: [GC (Allocation Failure) 2018-05-29T07:30:20.368+0200: 3,137: [ParNew
Desired survivor size 20112992 bytes, new threshold 8 (max 8)
- age   1:   11664184 bytes,   11664184 total
- age   2:     176792 bytes,   11840976 total
- age   3:     187136 bytes,   12028112 total
- age   4:       4680 bytes,   12032792 total
- age   5:     273088 bytes,   12305880 total
- age   6:     635360 bytes,   12941240 total
- age   7:    6304872 bytes,   19246112 total
: 99963K->21824K(109248K), 0,0500162 secs] 99963K->21824K(502464K), 0,0501054 secs] [Times: user=0,10 sys=0,02, real=0,05 secs] 
Heap after GC invocations=7 (full 1):
 par new generation   total 109248K, used 21824K [0x00000000e0000000, 0x00000000e8000000, 0x00000000e8000000)
  eden space 87424K,   0% used [0x00000000e0000000, 0x00000000e0000000, 0x00000000e5560000)
  from space 21824K, 100% used [0x00000000e6ab0000, 0x00000000e8000000, 0x00000000e8000000)
  to   space 21824K,   0% used [0x00000000e5560000, 0x00000000e5560000, 0x00000000e6ab0000)
 concurrent mark-sweep generation total 393216K, used 0K [0x00000000e8000000, 0x0000000100000000, 0x0000000100000000)
 Metaspace       used 25754K, capacity 26276K, committed 26492K, reserved 1073152K
  class space    used 2974K, capacity 3155K, committed 3196K, reserved 1048576K
}
2018-05-29T07:30:20.418+0200: 3,187: Total time for which application threads were stopped: 0,0504762 seconds, Stopping threads took: 0,0000495 seconds
2018-05-29T07:30:20.495+0200: 3,264: Total time for which application threads were stopped: 0,0005178 seconds, Stopping threads took: 0,0000580 seconds
2018-05-29T07:30:20.525+0200: 3,294: Total time for which application threads were stopped: 0,0004915 seconds, Stopping threads took: 0,0000468 seconds
2018-05-29T07:30:20.674+0200: 3,443: Total time for which application threads were stopped: 0,0006754 seconds, Stopping threads took: 0,0000715 seconds
2018-05-29T07:30:20.898+0200: 3,667: Total time for which application threads were stopped: 0,0203842 seconds, Stopping threads took: 0,0101074 seconds
{Heap before GC invocations=7 (full 1):
 par new generation   total 109248K, used 109248K [0x00000000e0000000, 0x00000000e8000000, 0x00000000e8000000)
  eden space 87424K, 100% used [0x00000000e0000000, 0x00000000e5560000, 0x00000000e5560000)
  from space 21824K, 100% used [0x00000000e6ab0000, 0x00000000e8000000, 0x00000000e8000000)
  to   space 21824K,   0% used [0x00000000e5560000, 0x00000000e5560000, 0x00000000e6ab0000)
 concurrent mark-sweep generation total 393216K, used 0K [0x00000000e8000000, 0x0000000100000000, 0x0000000100000000)
 Metaspace       used 28051K, capacity 28636K, committed 28796K, reserved 1075200K
  class space    used 3224K, capacity 3421K, committed 3452K, reserved 1048576K
2018-05-29T07:30:21.221+0200: 3,990: [GC (Allocation Failure) 2018-05-29T07:30:21.221+0200: 3,990: [ParNew
Desired survivor size 20112992 bytes, new threshold 8 (max 8)
- age   1:    6909920 bytes,    6909920 total
- age   2:    7665904 bytes,   14575824 total
- age   3:     176792 bytes,   14752616 total
- age   4:     186960 bytes,   14939576 total
- age   5:       4680 bytes,   14944256 total
- age   6:     269304 bytes,   15213560 total
- age   7:     579608 bytes,   15793168 total
- age   8:    5941352 bytes,   21734520 total
: 109248K->21824K(109248K), 0,0946132 secs] 109248K->23302K(502464K), 0,0947365 secs] [Times: user=0,19 sys=0,02, real=0,09 secs] 
Heap after GC invocations=8 (full 1):
 par new generation   total 109248K, used 21824K [0x00000000e0000000, 0x00000000e8000000, 0x00000000e8000000)
  eden space 87424K,   0% used [0x00000000e0000000, 0x00000000e0000000, 0x00000000e5560000)
  from space 21824K, 100% used [0x00000000e5560000, 0x00000000e6ab0000, 0x00000000e6ab0000)
  to   space 21824K,   0% used [0x00000000e6ab0000, 0x00000000e6ab0000, 0x00000000e8000000)
 concurrent mark-sweep generation total 393216K, used 1478K [0x00000000e8000000, 0x0000000100000000, 0x0000000100000000)
 Metaspace       used 28051K, capacity 28636K, committed 28796K, reserved 1075200K
  class space    used 3224K, capacity 3421K, committed 3452K, reserved 1048576K
}
2018-05-29T07:30:21.316+0200: 4,085: Total time for which application threads were stopped: 0,0950519 seconds, Stopping threads took: 0,0000288 seconds
2018-05-29T07:30:21.352+0200: 4,121: Total time for which application threads were stopped: 0,0100695 seconds, Stopping threads took: 0,0095841 seconds
{Heap before GC invocations=8 (full 1):
 par new generation   total 109248K, used 109248K [0x00000000e0000000, 0x00000000e8000000, 0x00000000e8000000)
  eden space 87424K, 100% used [0x00000000e0000000, 0x00000000e5560000, 0x00000000e5560000)
  from space 21824K, 100% used [0x00000000e5560000, 0x00000000e6ab0000, 0x00000000e6ab0000)
  to   space 21824K,   0% used [0x00000000e6ab0000, 0x00000000e6ab0000, 0x00000000e8000000)
 concurrent mark-sweep generation total 393216K, used 1478K [0x00000000e8000000, 0x0000000100000000, 0x0000000100000000)
 Metaspace       used 28135K, capacity 28738K, committed 29052K, reserved 1075200K
  class space    used 3228K, capacity 3428K, committed 3452K, reserved 1048576K
2018-05-29T07:30:21.582+0200: 4,351: [GC (Allocation Failure) 2018-05-29T07:30:21.582+0200: 4,351: [ParNew
Desired survivor size 20112992 bytes, new threshold 8 (max 8)
- age   1:    1606160 bytes,    1606160 total
- age   2:    6016456 bytes,    7622616 total
- age   3:    7643544 bytes,   15266160 total
- age   4:     175360 bytes,   15441520 total
- age   5:     186392 bytes,   15627912 total
- age   6:       4632 bytes,   15632544 total
- age   7:     266824 bytes,   15899368 total
- age   8:     567456 bytes,   16466824 total
: 109248K->21824K(109248K), 0,1252801 secs] 110726K->29802K(502464K), 0,1255232 secs] [Times: user=0,20 sys=0,01, real=0,13 secs] 
Heap after GC invocations=9 (full 1):
 par new generation   total 109248K, used 21824K [0x00000000e0000000, 0x00000000e8000000, 0x00000000e8000000)
  eden space 87424K,   0% used [0x00000000e0000000, 0x00000000e0000000, 0x00000000e5560000)
  from space 21824K, 100% used [0x00000000e6ab0000, 0x00000000e8000000, 0x00000000e8000000)
  to   space 21824K,   0% used [0x00000000e5560000, 0x00000000e5560000, 0x00000000e6ab0000)
 concurrent mark-sweep generation total 393216K, used 7978K [0x00000000e8000000, 0x0000000100000000, 0x0000000100000000)
 Metaspace       used 28135K, capacity 28738K, committed 29052K, reserved 1075200K
  class space    used 3228K, capacity 3428K, committed 3452K, reserved 1048576K
}
2018-05-29T07:30:21.708+0200: 4,477: Total time for which application threads were stopped: 0,1336316 seconds, Stopping threads took: 0,0073467 seconds
2018-05-29T07:30:22.048+0200: 4,817: Total time for which application threads were stopped: 0,0009543 seconds, Stopping threads took: 0,0007159 seconds
2018-05-29T07:30:22.093+0200: 4,862: Total time for which application threads were stopped: 0,0088000 seconds, Stopping threads took: 0,0086304 seconds
2018-05-29T07:30:22.099+0200: 4,868: Total time for which application threads were stopped: 0,0001869 seconds, Stopping threads took: 0,0000451 seconds
2018-05-29T07:30:22.138+0200: 4,907: Total time for which application threads were stopped: 0,0002119 seconds, Stopping threads took: 0,0000804 seconds
{Heap before GC invocations=9 (full 1):
 par new generation   total 109248K, used 109248K [0x00000000e0000000, 0x00000000e8000000, 0x00000000e8000000)
  eden space 87424K, 100% used [0x00000000e0000000, 0x00000000e5560000, 0x00000000e5560000)
  from space 21824K, 100% used [0x00000000e6ab0000, 0x00000000e8000000, 0x00000000e8000000)
  to   space 21824K,   0% used [0x00000000e5560000, 0x00000000e5560000, 0x00000000e6ab0000)
 concurrent mark-sweep generation total 393216K, used 7978K [0x00000000e8000000, 0x0000000100000000, 0x0000000100000000)
 Metaspace       used 28359K, capacity 29090K, committed 29308K, reserved 1075200K
  class space    used 3238K, capacity 3440K, committed 3452K, reserved 1048576K
2018-05-29T07:30:22.139+0200: 4,908: [GC (Allocation Failure) 2018-05-29T07:30:22.139+0200: 4,908: [ParNew
Desired survivor size 20112992 bytes, new threshold 8 (max 8)
- age   1:    4662264 bytes,    4662264 total
- age   2:     124456 bytes,    4786720 total
- age   3:    6012584 bytes,   10799304 total
- age   4:    7203784 bytes,   18003088 total
- age   5:     143288 bytes,   18146376 total
- age   6:     172616 bytes,   18318992 total
- age   7:       4600 bytes,   18323592 total
- age   8:     250104 bytes,   18573696 total
: 109248K->21824K(109248K), 0,1270221 secs] 117226K->31204K(502464K), 0,1271314 secs] [Times: user=0,32 sys=0,01, real=0,13 secs] 
Heap after GC invocations=10 (full 1):
 par new generation   total 109248K, used 21824K [0x00000000e0000000, 0x00000000e8000000, 0x00000000e8000000)
  eden space 87424K,   0% used [0x00000000e0000000, 0x00000000e0000000, 0x00000000e5560000)
  from space 21824K, 100% used [0x00000000e5560000, 0x00000000e6ab0000, 0x00000000e6ab0000)
  to   space 21824K,   0% used [0x00000000e6ab0000, 0x00000000e6ab0000, 0x00000000e8000000)
 concurrent mark-sweep generation total 393216K, used 9380K [0x00000000e8000000, 0x0000000100000000, 0x0000000100000000)
 Metaspace       used 28359K, capacity 29090K, committed 29308K, reserved 1075200K
  class space    used 3238K, capacity 3440K, committed 3452K, reserved 1048576K
}
2018-05-29T07:30:22.266+0200: 5,036: Total time for which application threads were stopped: 0,1273837 seconds, Stopping threads took: 0,0000397 seconds
2018-05-29T07:30:22.284+0200: 5,053: Total time for which application threads were stopped: 0,0002569 seconds, Stopping threads took: 0,0000937 seconds
2018-05-29T07:30:22.285+0200: 5,054: Total time for which application threads were stopped: 0,0001246 seconds, Stopping threads took: 0,0000297 seconds
2018-05-29T07:30:22.285+0200: 5,054: Total time for which application threads were stopped: 0,0000890 seconds, Stopping threads took: 0,0000206 seconds
2018-05-29T07:30:22.345+0200: 5,114: Total time for which application threads were stopped: 0,0002101 seconds, Stopping threads took: 0,0000670 seconds
2018-05-29T07:30:22.351+0200: 5,120: Total time for which application threads were stopped: 0,0052740 seconds, Stopping threads took: 0,0051534 seconds
2018-05-29T07:30:22.351+0200: 5,120: Total time for which application threads were stopped: 0,0000997 seconds, Stopping threads took: 0,0000261 seconds
2018-05-29T07:30:22.351+0200: 5,120: Total time for which application threads were stopped: 0,0000848 seconds, Stopping threads took: 0,0000217 seconds
2018-05-29T07:30:23.352+0200: 6,121: Total time for which application threads were stopped: 0,0006787 seconds, Stopping threads took: 0,0001436 seconds
2018-05-29T07:30:25.656+0200: 8,425: Total time for which application threads were stopped: 0,0001328 seconds, Stopping threads took: 0,0000423 seconds
2018-05-29T07:30:25.666+0200: 8,435: Total time for which application threads were stopped: 0,0003753 seconds, Stopping threads took: 0,0002412 seconds
2018-05-29T07:30:25.713+0200: 8,482: Total time for which application threads were stopped: 0,0006487 seconds, Stopping threads took: 0,0000495 seconds
2018-05-29T07:30:25.752+0200: 8,521: Total time for which application threads were stopped: 0,0001392 seconds, Stopping threads took: 0,0000527 seconds
2018-05-29T07:30:25.752+0200: 8,522: Total time for which application threads were stopped: 0,0001064 seconds, Stopping threads took: 0,0000226 seconds
2018-05-29T07:30:25.891+0200: 8,660: Total time for which application threads were stopped: 0,0002472 seconds, Stopping threads took: 0,0000784 seconds
2018-05-29T07:30:25.893+0200: 8,662: Total time for which application threads were stopped: 0,0001827 seconds, Stopping threads took: 0,0001012 seconds
2018-05-29T07:30:26.007+0200: 8,776: Total time for which application threads were stopped: 0,0001111 seconds, Stopping threads took: 0,0000256 seconds
2018-05-29T07:30:26.090+0200: 8,859: Total time for which application threads were stopped: 0,0001663 seconds, Stopping threads took: 0,0000640 seconds
2018-05-29T07:30:26.120+0200: 8,890: Total time for which application threads were stopped: 0,0000736 seconds, Stopping threads took: 0,0000191 seconds
2018-05-29T07:30:27.121+0200: 9,890: Total time for which application threads were stopped: 0,0001794 seconds, Stopping threads took: 0,0000318 seconds
2018-05-29T07:30:28.121+0200: 10,891: Total time for which application threads were stopped: 0,0002644 seconds, Stopping threads took: 0,0000258 seconds
2018-05-29T07:30:29.122+0200: 11,891: Total time for which application threads were stopped: 0,0001466 seconds, Stopping threads took: 0,0000275 seconds
{Heap before GC invocations=10 (full 1):
 par new generation   total 109248K, used 109248K [0x00000000e0000000, 0x00000000e8000000, 0x00000000e8000000)
  eden space 87424K, 100% used [0x00000000e0000000, 0x00000000e5560000, 0x00000000e5560000)
  from space 21824K, 100% used [0x00000000e5560000, 0x00000000e6ab0000, 0x00000000e6ab0000)
  to   space 21824K,   0% used [0x00000000e6ab0000, 0x00000000e6ab0000, 0x00000000e8000000)
 concurrent mark-sweep generation total 393216K, used 9380K [0x00000000e8000000, 0x0000000100000000, 0x0000000100000000)
 Metaspace       used 30593K, capacity 31260K, committed 31356K, reserved 1077248K
  class space    used 3421K, capacity 3668K, committed 3708K, reserved 1048576K
2018-05-29T07:30:31.069+0200: 13,838: [GC (Allocation Failure) 2018-05-29T07:30:31.069+0200: 13,838: [ParNew
Desired survivor size 20112992 bytes, new threshold 5 (max 8)
- age   1:    3617016 bytes,    3617016 total
- age   2:    4562256 bytes,    8179272 total
- age   3:     124424 bytes,    8303696 total
- age   4:    6001056 bytes,   14304752 total
- age   5:    6318408 bytes,   20623160 total
- age   6:     112736 bytes,   20735896 total
- age   7:     143592 bytes,   20879488 total
- age   8:       3248 bytes,   20882736 total
: 109248K->21824K(109248K), 0,0922214 secs] 118628K->32823K(502464K), 0,0923584 secs] [Times: user=0,12 sys=0,00, real=0,09 secs] 
Heap after GC invocations=11 (full 1):
 par new generation   total 109248K, used 21824K [0x00000000e0000000, 0x00000000e8000000, 0x00000000e8000000)
  eden space 87424K,   0% used [0x00000000e0000000, 0x00000000e0000000, 0x00000000e5560000)
  from space 21824K, 100% used [0x00000000e6ab0000, 0x00000000e8000000, 0x00000000e8000000)
  to   space 21824K,   0% used [0x00000000e5560000, 0x00000000e5560000, 0x00000000e6ab0000)
 concurrent mark-sweep generation total 393216K, used 10999K [0x00000000e8000000, 0x0000000100000000, 0x0000000100000000)
 Metaspace       used 30593K, capacity 31260K, committed 31356K, reserved 1077248K
  class space    used 3421K, capacity 3668K, committed 3708K, reserved 1048576K
}
2018-05-29T07:30:31.162+0200: 13,931: Total time for which application threads were stopped: 0,0927701 seconds, Stopping threads took: 0,0000927 seconds
2018-05-29T07:30:31.163+0200: 13,932: Total time for which application threads were stopped: 0,0008015 seconds, Stopping threads took: 0,0007008 seconds
2018-05-29T07:30:31.163+0200: 13,933: Total time for which application threads were stopped: 0,0003422 seconds, Stopping threads took: 0,0000791 seconds
2018-05-29T07:30:32.164+0200: 14,933: Total time for which application threads were stopped: 0,0001922 seconds, Stopping threads took: 0,0000465 seconds
2018-05-29T07:30:33.164+0200: 15,933: Total time for which application threads were stopped: 0,0001696 seconds, Stopping threads took: 0,0000352 seconds
2018-05-29T07:30:34.165+0200: 16,934: Total time for which application threads were stopped: 0,0009127 seconds, Stopping threads took: 0,0002179 seconds
2018-05-29T07:30:35.166+0200: 17,935: Total time for which application threads were stopped: 0,0004096 seconds, Stopping threads took: 0,0001743 seconds
{Heap before GC invocations=11 (full 1):
 par new generation   total 109248K, used 109248K [0x00000000e0000000, 0x00000000e8000000, 0x00000000e8000000)
  eden space 87424K, 100% used [0x00000000e0000000, 0x00000000e5560000, 0x00000000e5560000)
  from space 21824K, 100% used [0x00000000e6ab0000, 0x00000000e8000000, 0x00000000e8000000)
  to   space 21824K,   0% used [0x00000000e5560000, 0x00000000e5560000, 0x00000000e6ab0000)
 concurrent mark-sweep generation total 393216K, used 10999K [0x00000000e8000000, 0x0000000100000000, 0x0000000100000000)
 Metaspace       used 30774K, capacity 31516K, committed 31612K, reserved 1077248K
  class space    used 3421K, capacity 3668K, committed 3708K, reserved 1048576K
2018-05-29T07:30:35.760+0200: 18,529: [GC (Allocation Failure) 2018-05-29T07:30:35.760+0200: 18,529: [ParNew
Desired survivor size 20112992 bytes, new threshold 8 (max 8)
- age   1:     129288 bytes,     129288 total
- age   2:    2991992 bytes,    3121280 total
- age   3:    4535416 bytes,    7656696 total
- age   4:     116392 bytes,    7773088 total
- age   5:    5948552 bytes,   13721640 total
: 109248K->21824K(109248K), 0,0355866 secs] 120247K->40301K(502464K), 0,0356641 secs] [Times: user=0,07 sys=0,01, real=0,03 secs] 
Heap after GC invocations=12 (full 1):
 par new generation   total 109248K, used 21824K [0x00000000e0000000, 0x00000000e8000000, 0x00000000e8000000)
  eden space 87424K,   0% used [0x00000000e0000000, 0x00000000e0000000, 0x00000000e5560000)
  from space 21824K, 100% used [0x00000000e5560000, 0x00000000e6ab0000, 0x00000000e6ab0000)
  to   space 21824K,   0% used [0x00000000e6ab0000, 0x00000000e6ab0000, 0x00000000e8000000)
 concurrent mark-sweep generation total 393216K, used 18477K [0x00000000e8000000, 0x0000000100000000, 0x0000000100000000)
 Metaspace       used 30774K, capacity 31516K, committed 31612K, reserved 1077248K
  class space    used 3421K, capacity 3668K, committed 3708K, reserved 1048576K
}
2018-05-29T07:30:35.795+0200: 18,565: Total time for which application threads were stopped: 0,0359126 seconds, Stopping threads took: 0,0000319 seconds
2018-05-29T07:30:36.796+0200: 19,565: Total time for which application threads were stopped: 0,0001876 seconds, Stopping threads took: 0,0000421 seconds
2018-05-29T07:30:37.796+0200: 20,565: Total time for which application threads were stopped: 0,0001413 seconds, Stopping threads took: 0,0000570 seconds
2018-05-29T07:30:38.797+0200: 21,566: Total time for which application threads were stopped: 0,0009565 seconds, Stopping threads took: 0,0002810 seconds
2018-05-29T07:30:39.798+0200: 22,567: Total time for which application threads were stopped: 0,0007438 seconds, Stopping threads took: 0,0001489 seconds
{Heap before GC invocations=12 (full 1):
 par new generation   total 109248K, used 109248K [0x00000000e0000000, 0x00000000e8000000, 0x00000000e8000000)
  eden space 87424K, 100% used [0x00000000e0000000, 0x00000000e5560000, 0x00000000e5560000)
  from space 21824K, 100% used [0x00000000e5560000, 0x00000000e6ab0000, 0x00000000e6ab0000)
  to   space 21824K,   0% used [0x00000000e6ab0000, 0x00000000e6ab0000, 0x00000000e8000000)
 concurrent mark-sweep generation total 393216K, used 18477K [0x00000000e8000000, 0x0000000100000000, 0x0000000100000000)
 Metaspace       used 30835K, capacity 31580K, committed 31868K, reserved 1077248K
  class space    used 3422K, capacity 3668K, committed 3708K, reserved 1048576K
2018-05-29T07:30:39.883+0200: 22,652: [GC (Allocation Failure) 2018-05-29T07:30:39.883+0200: 22,652: [ParNew
Desired survivor size 20112992 bytes, new threshold 8 (max 8)
- age   1:      93192 bytes,      93192 total
- age   2:      50600 bytes,     143792 total
- age   3:    2978568 bytes,    3122360 total
- age   4:    4535416 bytes,    7657776 total
- age   5:     116392 bytes,    7774168 total
- age   6:    5948552 bytes,   13722720 total
: 109248K->18823K(109248K), 0,0385476 secs] 127725K->37300K(502464K), 0,0387377 secs] [Times: user=0,05 sys=0,00, real=0,04 secs] 
Heap after GC invocations=13 (full 1):
 par new generation   total 109248K, used 18823K [0x00000000e0000000, 0x00000000e8000000, 0x00000000e8000000)
  eden space 87424K,   0% used [0x00000000e0000000, 0x00000000e0000000, 0x00000000e5560000)
  from space 21824K,  86% used [0x00000000e6ab0000, 0x00000000e7d11c20, 0x00000000e8000000)
  to   space 21824K,   0% used [0x00000000e5560000, 0x00000000e5560000, 0x00000000e6ab0000)
 concurrent mark-sweep generation total 393216K, used 18477K [0x00000000e8000000, 0x0000000100000000, 0x0000000100000000)
 Metaspace       used 30835K, capacity 31580K, committed 31868K, reserved 1077248K
  class space    used 3422K, capacity 3668K, committed 3708K, reserved 1048576K
}
2018-05-29T07:30:39.922+0200: 22,691: Total time for which application threads were stopped: 0,0392199 seconds, Stopping threads took: 0,0000771 seconds
2018-05-29T07:30:40.923+0200: 23,692: Total time for which application threads were stopped: 0,0011333 seconds, Stopping threads took: 0,0001957 seconds
2018-05-29T07:30:41.924+0200: 24,693: Total time for which application threads were stopped: 0,0002892 seconds, Stopping threads took: 0,0000491 seconds
2018-05-29T07:30:43.850+0200: 26,619: Total time for which application threads were stopped: 0,0007897 seconds, Stopping threads took: 0,0000279 seconds
2018-05-29T07:30:43.856+0200: 26,625: Total time for which application threads were stopped: 0,0030132 seconds, Stopping threads took: 0,0000977 seconds
2018-05-29T07:30:43.860+0200: 26,630: Total time for which application threads were stopped: 0,0001088 seconds, Stopping threads took: 0,0000206 seconds
2018-05-29T07:30:43.864+0200: 26,633: Total time for which application threads were stopped: 0,0005360 seconds, Stopping threads took: 0,0001158 seconds
2018-05-29T07:30:43.897+0200: 26,666: Total time for which application threads were stopped: 0,0055096 seconds, Stopping threads took: 0,0050670 seconds
2018-05-29T07:30:43.901+0200: 26,670: Total time for which application threads were stopped: 0,0001322 seconds, Stopping threads took: 0,0000406 seconds
2018-05-29T07:30:43.906+0200: 26,675: Total time for which application threads were stopped: 0,0009226 seconds, Stopping threads took: 0,0005459 seconds
2018-05-29T07:30:43.909+0200: 26,678: Total time for which application threads were stopped: 0,0015858 seconds, Stopping threads took: 0,0015025 seconds
2018-05-29T07:30:43.910+0200: 26,679: Total time for which application threads were stopped: 0,0004200 seconds, Stopping threads took: 0,0003309 seconds
2018-05-29T07:30:43.913+0200: 26,682: Total time for which application threads were stopped: 0,0018936 seconds, Stopping threads took: 0,0017767 seconds
2018-05-29T07:30:43.913+0200: 26,682: Total time for which application threads were stopped: 0,0001016 seconds, Stopping threads took: 0,0000233 seconds
2018-05-29T07:30:43.913+0200: 26,682: Total time for which application threads were stopped: 0,0000777 seconds, Stopping threads took: 0,0000122 seconds
2018-05-29T07:30:43.913+0200: 26,682: Total time for which application threads were stopped: 0,0000942 seconds, Stopping threads took: 0,0000299 seconds
2018-05-29T07:30:43.922+0200: 26,691: Total time for which application threads were stopped: 0,0001879 seconds, Stopping threads took: 0,0000364 seconds
2018-05-29T07:30:43.923+0200: 26,692: Total time for which application threads were stopped: 0,0004843 seconds, Stopping threads took: 0,0003489 seconds
2018-05-29T07:30:43.927+0200: 26,696: Total time for which application threads were stopped: 0,0006585 seconds, Stopping threads took: 0,0002035 seconds
2018-05-29T07:30:43.927+0200: 26,696: Total time for which application threads were stopped: 0,0003302 seconds, Stopping threads took: 0,0000791 seconds
2018-05-29T07:30:43.928+0200: 26,697: Total time for which application threads were stopped: 0,0003585 seconds, Stopping threads took: 0,0000863 seconds
2018-05-29T07:30:43.928+0200: 26,697: Total time for which application threads were stopped: 0,0002583 seconds, Stopping threads took: 0,0001395 seconds
2018-05-29T07:30:43.928+0200: 26,698: Total time for which application threads were stopped: 0,0002933 seconds, Stopping threads took: 0,0000718 seconds
2018-05-29T07:30:43.929+0200: 26,698: Total time for which application threads were stopped: 0,0001988 seconds, Stopping threads took: 0,0000854 seconds
2018-05-29T07:30:43.929+0200: 26,698: Total time for which application threads were stopped: 0,0001990 seconds, Stopping threads took: 0,0000798 seconds
2018-05-29T07:30:43.931+0200: 26,700: Total time for which application threads were stopped: 0,0004489 seconds, Stopping threads took: 0,0002141 seconds
2018-05-29T07:30:43.934+0200: 26,703: Total time for which application threads were stopped: 0,0006239 seconds, Stopping threads took: 0,0002698 seconds
2018-05-29T07:30:43.934+0200: 26,703: Total time for which application threads were stopped: 0,0003139 seconds, Stopping threads took: 0,0001413 seconds
2018-05-29T07:30:43.935+0200: 26,704: Total time for which application threads were stopped: 0,0001889 seconds, Stopping threads took: 0,0001136 seconds
2018-05-29T07:30:43.935+0200: 26,704: Total time for which application threads were stopped: 0,0002327 seconds, Stopping threads took: 0,0000328 seconds
2018-05-29T07:30:43.935+0200: 26,704: Total time for which application threads were stopped: 0,0001344 seconds, Stopping threads took: 0,0000452 seconds
2018-05-29T07:30:43.937+0200: 26,706: Total time for which application threads were stopped: 0,0002426 seconds, Stopping threads took: 0,0001526 seconds
2018-05-29T07:30:43.937+0200: 26,706: Total time for which application threads were stopped: 0,0000969 seconds, Stopping threads took: 0,0000526 seconds
2018-05-29T07:30:43.938+0200: 26,707: Total time for which application threads were stopped: 0,0001866 seconds, Stopping threads took: 0,0000747 seconds
2018-05-29T07:30:43.940+0200: 26,709: Total time for which application threads were stopped: 0,0001472 seconds, Stopping threads took: 0,0000678 seconds
2018-05-29T07:30:43.940+0200: 26,709: Total time for which application threads were stopped: 0,0001000 seconds, Stopping threads took: 0,0000589 seconds
2018-05-29T07:30:43.942+0200: 26,711: Total time for which application threads were stopped: 0,0018120 seconds, Stopping threads took: 0,0014592 seconds
2018-05-29T07:30:43.942+0200: 26,711: Total time for which application threads were stopped: 0,0001774 seconds, Stopping threads took: 0,0000434 seconds
2018-05-29T07:30:43.943+0200: 26,712: Total time for which application threads were stopped: 0,0003159 seconds, Stopping threads took: 0,0001489 seconds
2018-05-29T07:30:43.943+0200: 26,712: Total time for which application threads were stopped: 0,0002933 seconds, Stopping threads took: 0,0000923 seconds
2018-05-29T07:30:43.946+0200: 26,715: Total time for which application threads were stopped: 0,0001515 seconds, Stopping threads took: 0,0000715 seconds
2018-05-29T07:30:43.946+0200: 26,716: Total time for which application threads were stopped: 0,0001036 seconds, Stopping threads took: 0,0000673 seconds
2018-05-29T07:30:43.947+0200: 26,716: Total time for which application threads were stopped: 0,0000982 seconds, Stopping threads took: 0,0000677 seconds
2018-05-29T07:30:43.947+0200: 26,716: Total time for which application threads were stopped: 0,0001075 seconds, Stopping threads took: 0,0000672 seconds
2018-05-29T07:30:43.947+0200: 26,716: Total time for which application threads were stopped: 0,0000590 seconds, Stopping threads took: 0,0000293 seconds
2018-05-29T07:30:43.947+0200: 26,716: Total time for which application threads were stopped: 0,0000573 seconds, Stopping threads took: 0,0000331 seconds
2018-05-29T07:30:43.947+0200: 26,716: Total time for which application threads were stopped: 0,0000542 seconds, Stopping threads took: 0,0000314 seconds
2018-05-29T07:30:43.947+0200: 26,716: Total time for which application threads were stopped: 0,0000561 seconds, Stopping threads took: 0,0000306 seconds
2018-05-29T07:30:43.947+0200: 26,716: Total time for which application threads were stopped: 0,0001418 seconds, Stopping threads took: 0,0000599 seconds
2018-05-29T07:30:43.948+0200: 26,717: Total time for which application threads were stopped: 0,0002335 seconds, Stopping threads took: 0,0001090 seconds
2018-05-29T07:30:43.948+0200: 26,717: Total time for which application threads were stopped: 0,0001305 seconds, Stopping threads took: 0,0000737 seconds
2018-05-29T07:30:43.949+0200: 26,718: Total time for which application threads were stopped: 0,0003329 seconds, Stopping threads took: 0,0002041 seconds
2018-05-29T07:30:43.949+0200: 26,719: Total time for which application threads were stopped: 0,0000499 seconds, Stopping threads took: 0,0000138 seconds
2018-05-29T07:30:43.950+0200: 26,719: Total time for which application threads were stopped: 0,0000623 seconds, Stopping threads took: 0,0000246 seconds
2018-05-29T07:30:43.953+0200: 26,722: Total time for which application threads were stopped: 0,0000924 seconds, Stopping threads took: 0,0000396 seconds
2018-05-29T07:30:43.953+0200: 26,722: Total time for which application threads were stopped: 0,0001135 seconds, Stopping threads took: 0,0000122 seconds
2018-05-29T07:30:43.953+0200: 26,722: Total time for which application threads were stopped: 0,0000579 seconds, Stopping threads took: 0,0000341 seconds
2018-05-29T07:30:43.953+0200: 26,722: Total time for which application threads were stopped: 0,0000893 seconds, Stopping threads took: 0,0000475 seconds
2018-05-29T07:30:43.954+0200: 26,723: Total time for which application threads were stopped: 0,0001230 seconds, Stopping threads took: 0,0000279 seconds
2018-05-29T07:30:43.955+0200: 26,724: Total time for which application threads were stopped: 0,0000848 seconds, Stopping threads took: 0,0000346 seconds
2018-05-29T07:30:43.955+0200: 26,724: Total time for which application threads were stopped: 0,0000456 seconds, Stopping threads took: 0,0000168 seconds
2018-05-29T07:30:43.955+0200: 26,724: Total time for which application threads were stopped: 0,0000424 seconds, Stopping threads took: 0,0000157 seconds
2018-05-29T07:30:43.956+0200: 26,725: Total time for which application threads were stopped: 0,0001091 seconds, Stopping threads took: 0,0000429 seconds
2018-05-29T07:30:43.956+0200: 26,725: Total time for which application threads were stopped: 0,0000657 seconds, Stopping threads took: 0,0000210 seconds
2018-05-29T07:30:43.957+0200: 26,727: Total time for which application threads were stopped: 0,0017049 seconds, Stopping threads took: 0,0013447 seconds
2018-05-29T07:30:43.959+0200: 26,729: Total time for which application threads were stopped: 0,0003616 seconds, Stopping threads took: 0,0001164 seconds
2018-05-29T07:30:43.960+0200: 26,729: Total time for which application threads were stopped: 0,0002734 seconds, Stopping threads took: 0,0000769 seconds
2018-05-29T07:30:43.960+0200: 26,729: Total time for which application threads were stopped: 0,0002515 seconds, Stopping threads took: 0,0000755 seconds
2018-05-29T07:30:43.962+0200: 26,731: Total time for which application threads were stopped: 0,0003093 seconds, Stopping threads took: 0,0000887 seconds
2018-05-29T07:30:43.962+0200: 26,731: Total time for which application threads were stopped: 0,0000608 seconds, Stopping threads took: 0,0000180 seconds
2018-05-29T07:30:43.962+0200: 26,731: Total time for which application threads were stopped: 0,0000487 seconds, Stopping threads took: 0,0000204 seconds
2018-05-29T07:30:43.962+0200: 26,732: Total time for which application threads were stopped: 0,0000785 seconds, Stopping threads took: 0,0000202 seconds
2018-05-29T07:30:43.963+0200: 26,732: Total time for which application threads were stopped: 0,0000510 seconds, Stopping threads took: 0,0000169 seconds
2018-05-29T07:30:43.963+0200: 26,732: Total time for which application threads were stopped: 0,0001286 seconds, Stopping threads took: 0,0000187 seconds
2018-05-29T07:30:43.966+0200: 26,735: Total time for which application threads were stopped: 0,0000965 seconds, Stopping threads took: 0,0000202 seconds
{Heap before GC invocations=13 (full 1):
 par new generation   total 109248K, used 106247K [0x00000000e0000000, 0x00000000e8000000, 0x00000000e8000000)
  eden space 87424K, 100% used [0x00000000e0000000, 0x00000000e5560000, 0x00000000e5560000)
  from space 21824K,  86% used [0x00000000e6ab0000, 0x00000000e7d11c20, 0x00000000e8000000)
  to   space 21824K,   0% used [0x00000000e5560000, 0x00000000e5560000, 0x00000000e6ab0000)
 concurrent mark-sweep generation total 393216K, used 18477K [0x00000000e8000000, 0x0000000100000000, 0x0000000100000000)
 Metaspace       used 30966K, capacity 31724K, committed 31868K, reserved 1077248K
  class space    used 3437K, capacity 3670K, committed 3708K, reserved 1048576K
2018-05-29T07:30:43.967+0200: 26,736: [GC (Allocation Failure) 2018-05-29T07:30:43.967+0200: 26,736: [ParNew
Desired survivor size 20112992 bytes, new threshold 8 (max 8)
- age   1:     124232 bytes,     124232 total
- age   2:      80448 bytes,     204680 total
- age   3:      42576 bytes,     247256 total
- age   4:     951664 bytes,    1198920 total
- age   5:    4522760 bytes,    5721680 total
- age   6:     116392 bytes,    5838072 total
- age   7:    3820896 bytes,    9658968 total
: 106247K->12960K(109248K), 0,0194499 secs] 124724K->31437K(502464K), 0,0196149 secs] [Times: user=0,04 sys=0,00, real=0,02 secs] 
Heap after GC invocations=14 (full 1):
 par new generation   total 109248K, used 12960K [0x00000000e0000000, 0x00000000e8000000, 0x00000000e8000000)
  eden space 87424K,   0% used [0x00000000e0000000, 0x00000000e0000000, 0x00000000e5560000)
  from space 21824K,  59% used [0x00000000e5560000, 0x00000000e6208008, 0x00000000e6ab0000)
  to   space 21824K,   0% used [0x00000000e6ab0000, 0x00000000e6ab0000, 0x00000000e8000000)
 concurrent mark-sweep generation total 393216K, used 18477K [0x00000000e8000000, 0x0000000100000000, 0x0000000100000000)
 Metaspace       used 30966K, capacity 31724K, committed 31868K, reserved 1077248K
  class space    used 3437K, capacity 3670K, committed 3708K, reserved 1048576K
}
2018-05-29T07:30:43.987+0200: 26,756: Total time for which application threads were stopped: 0,0200220 seconds, Stopping threads took: 0,0000278 seconds
Heap
 par new generation   total 109248K, used 16310K [0x00000000e0000000, 0x00000000e8000000, 0x00000000e8000000)
  eden space 87424K,   3% used [0x00000000e0000000, 0x00000000e03458b0, 0x00000000e5560000)
  from space 21824K,  59% used [0x00000000e5560000, 0x00000000e6208008, 0x00000000e6ab0000)
  to   space 21824K,   0% used [0x00000000e6ab0000, 0x00000000e6ab0000, 0x00000000e8000000)
 concurrent mark-sweep generation total 393216K, used 18477K [0x00000000e8000000, 0x0000000100000000, 0x0000000100000000)
 Metaspace       used 30976K, capacity 31724K, committed 31868K, reserved 1077248K
  class space    used 3439K, capacity 3670K, committed 3708K, reserved 1048576K
