OpenJDK 64-Bit Server VM (25.171-b11) for linux-amd64 JRE (1.8.0_171-8u171-b11-0ubuntu0.16.04.1-b11), built on Apr 27 2018 17:19:03 by "buildd" with gcc 5.4.0 20160609
Memory: 4k page, physical 7867600k(1027180k free), swap 8076284k(8076284k free)
CommandLine flags: -XX:CMSInitiatingOccupancyFraction=50 -XX:CMSMaxAbortablePrecleanTime=6000 -XX:+CMSParallelRemarkEnabled -XX:+CMSScavengeBeforeRemark -XX:ConcGCThreads=4 -XX:InitialHeapSize=536870912 -XX:MaxHeapSize=536870912 -XX:MaxTenuringThreshold=8 -XX:NewRatio=3 -XX:OldPLABSize=16 -XX:OnOutOfMemoryError=/home/gurnoor/workspace/QTM/solr/bin/oom_solr.sh 8983 /home/gurnoor/workspace/QTM/solr/server/logs -XX:ParallelGCThreads=4 -XX:+ParallelRefProcEnabled -XX:PretenureSizeThreshold=67108864 -XX:+PrintGC -XX:+PrintGCApplicationStoppedTime -XX:+PrintGCDateStamps -XX:+PrintGCDetails -XX:+PrintGCTimeStamps -XX:+PrintHeapAtGC -XX:+PrintTenuringDistribution -XX:SurvivorRatio=4 -XX:TargetSurvivorRatio=90 -XX:ThreadStackSize=256 -XX:+UseCMSInitiatingOccupancyOnly -XX:+UseCompressedClassPointers -XX:+UseCompressedOops -XX:+UseConcMarkSweepGC -XX:+UseParNewGC 
2018-06-19T12:10:37.247+0200: 0,118: Total time for which application threads were stopped: 0,0000751 seconds, Stopping threads took: 0,0000142 seconds
2018-06-19T12:10:37.315+0200: 0,186: Total time for which application threads were stopped: 0,0000986 seconds, Stopping threads took: 0,0000151 seconds
2018-06-19T12:10:37.324+0200: 0,195: Total time for which application threads were stopped: 0,0000940 seconds, Stopping threads took: 0,0000146 seconds
2018-06-19T12:10:37.440+0200: 0,311: Total time for which application threads were stopped: 0,0001867 seconds, Stopping threads took: 0,0000263 seconds
2018-06-19T12:10:37.595+0200: 0,466: Total time for which application threads were stopped: 0,0001390 seconds, Stopping threads took: 0,0000180 seconds
2018-06-19T12:10:37.643+0200: 0,515: Total time for which application threads were stopped: 0,0001600 seconds, Stopping threads took: 0,0000188 seconds
2018-06-19T12:10:37.661+0200: 0,532: Total time for which application threads were stopped: 0,0001816 seconds, Stopping threads took: 0,0000248 seconds
2018-06-19T12:10:37.879+0200: 0,750: Total time for which application threads were stopped: 0,0002129 seconds, Stopping threads took: 0,0000268 seconds
2018-06-19T12:10:38.029+0200: 0,901: Total time for which application threads were stopped: 0,0002304 seconds, Stopping threads took: 0,0000217 seconds
2018-06-19T12:10:38.050+0200: 0,921: Total time for which application threads were stopped: 0,0001931 seconds, Stopping threads took: 0,0000276 seconds
2018-06-19T12:10:38.074+0200: 0,946: Total time for which application threads were stopped: 0,0002848 seconds, Stopping threads took: 0,0000252 seconds
2018-06-19T12:10:38.076+0200: 0,947: Total time for which application threads were stopped: 0,0002449 seconds, Stopping threads took: 0,0000296 seconds
2018-06-19T12:10:38.089+0200: 0,960: Total time for which application threads were stopped: 0,0002143 seconds, Stopping threads took: 0,0000195 seconds
2018-06-19T12:10:38.156+0200: 1,027: Total time for which application threads were stopped: 0,0002411 seconds, Stopping threads took: 0,0000210 seconds
2018-06-19T12:10:38.318+0200: 1,189: Total time for which application threads were stopped: 0,0002772 seconds, Stopping threads took: 0,0000427 seconds
{Heap before GC invocations=0 (full 0):
 par new generation   total 109248K, used 87424K [0x00000000e0000000, 0x00000000e8000000, 0x00000000e8000000)
  eden space 87424K, 100% used [0x00000000e0000000, 0x00000000e5560000, 0x00000000e5560000)
  from space 21824K,   0% used [0x00000000e5560000, 0x00000000e5560000, 0x00000000e6ab0000)
  to   space 21824K,   0% used [0x00000000e6ab0000, 0x00000000e6ab0000, 0x00000000e8000000)
 concurrent mark-sweep generation total 393216K, used 0K [0x00000000e8000000, 0x0000000100000000, 0x0000000100000000)
 Metaspace       used 17802K, capacity 18120K, committed 18304K, reserved 1064960K
  class space    used 2019K, capacity 2166K, committed 2176K, reserved 1048576K
2018-06-19T12:10:38.333+0200: 1,204: [GC (Allocation Failure) 2018-06-19T12:10:38.333+0200: 1,204: [ParNew
Desired survivor size 20112992 bytes, new threshold 8 (max 8)
- age   1:   11274008 bytes,   11274008 total
: 87424K->11115K(109248K), 0,0134582 secs] 87424K->11115K(502464K), 0,0135245 secs] [Times: user=0,04 sys=0,00, real=0,01 secs] 
Heap after GC invocations=1 (full 0):
 par new generation   total 109248K, used 11115K [0x00000000e0000000, 0x00000000e8000000, 0x00000000e8000000)
  eden space 87424K,   0% used [0x00000000e0000000, 0x00000000e0000000, 0x00000000e5560000)
  from space 21824K,  50% used [0x00000000e6ab0000, 0x00000000e758ae60, 0x00000000e8000000)
  to   space 21824K,   0% used [0x00000000e5560000, 0x00000000e5560000, 0x00000000e6ab0000)
 concurrent mark-sweep generation total 393216K, used 0K [0x00000000e8000000, 0x0000000100000000, 0x0000000100000000)
 Metaspace       used 17802K, capacity 18120K, committed 18304K, reserved 1064960K
  class space    used 2019K, capacity 2166K, committed 2176K, reserved 1048576K
}
2018-06-19T12:10:38.346+0200: 1,217: Total time for which application threads were stopped: 0,0139359 seconds, Stopping threads took: 0,0002423 seconds
2018-06-19T12:10:38.664+0200: 1,536: Total time for which application threads were stopped: 0,0004659 seconds, Stopping threads took: 0,0000715 seconds
{Heap before GC invocations=1 (full 0):
 par new generation   total 109248K, used 98539K [0x00000000e0000000, 0x00000000e8000000, 0x00000000e8000000)
  eden space 87424K, 100% used [0x00000000e0000000, 0x00000000e5560000, 0x00000000e5560000)
  from space 21824K,  50% used [0x00000000e6ab0000, 0x00000000e758ae60, 0x00000000e8000000)
  to   space 21824K,   0% used [0x00000000e5560000, 0x00000000e5560000, 0x00000000e6ab0000)
 concurrent mark-sweep generation total 393216K, used 0K [0x00000000e8000000, 0x0000000100000000, 0x0000000100000000)
 Metaspace       used 20095K, capacity 20442K, committed 20736K, reserved 1067008K
  class space    used 2299K, capacity 2475K, committed 2560K, reserved 1048576K
2018-06-19T12:10:38.714+0200: 1,586: [GC (Allocation Failure) 2018-06-19T12:10:38.715+0200: 1,586: [ParNew
Desired survivor size 20112992 bytes, new threshold 8 (max 8)
- age   1:    3350656 bytes,    3350656 total
- age   2:    5771976 bytes,    9122632 total
: 98539K->10555K(109248K), 0,0219670 secs] 98539K->10555K(502464K), 0,0220545 secs] [Times: user=0,06 sys=0,00, real=0,02 secs] 
Heap after GC invocations=2 (full 0):
 par new generation   total 109248K, used 10555K [0x00000000e0000000, 0x00000000e8000000, 0x00000000e8000000)
  eden space 87424K,   0% used [0x00000000e0000000, 0x00000000e0000000, 0x00000000e5560000)
  from space 21824K,  48% used [0x00000000e5560000, 0x00000000e5faec80, 0x00000000e6ab0000)
  to   space 21824K,   0% used [0x00000000e6ab0000, 0x00000000e6ab0000, 0x00000000e8000000)
 concurrent mark-sweep generation total 393216K, used 0K [0x00000000e8000000, 0x0000000100000000, 0x0000000100000000)
 Metaspace       used 20095K, capacity 20442K, committed 20736K, reserved 1067008K
  class space    used 2299K, capacity 2475K, committed 2560K, reserved 1048576K
}
2018-06-19T12:10:38.737+0200: 1,608: Total time for which application threads were stopped: 0,0226743 seconds, Stopping threads took: 0,0004301 seconds
2018-06-19T12:10:38.747+0200: 1,619: Total time for which application threads were stopped: 0,0017020 seconds, Stopping threads took: 0,0002729 seconds
2018-06-19T12:10:38.793+0200: 1,664: Total time for which application threads were stopped: 0,0007075 seconds, Stopping threads took: 0,0004064 seconds
2018-06-19T12:10:38.924+0200: 1,795: Total time for which application threads were stopped: 0,0034817 seconds, Stopping threads took: 0,0033461 seconds
{Heap before GC invocations=2 (full 0):
 par new generation   total 109248K, used 97979K [0x00000000e0000000, 0x00000000e8000000, 0x00000000e8000000)
  eden space 87424K, 100% used [0x00000000e0000000, 0x00000000e5560000, 0x00000000e5560000)
  from space 21824K,  48% used [0x00000000e5560000, 0x00000000e5faec80, 0x00000000e6ab0000)
  to   space 21824K,   0% used [0x00000000e6ab0000, 0x00000000e6ab0000, 0x00000000e8000000)
 concurrent mark-sweep generation total 393216K, used 0K [0x00000000e8000000, 0x0000000100000000, 0x0000000100000000)
 Metaspace       used 21054K, capacity 21428K, committed 21552K, reserved 1069056K
  class space    used 2423K, capacity 2594K, committed 2608K, reserved 1048576K
2018-06-19T12:10:38.966+0200: 1,837: [GC (Allocation Failure) 2018-06-19T12:10:38.966+0200: 1,837: [ParNew
Desired survivor size 20112992 bytes, new threshold 8 (max 8)
- age   1:    2010632 bytes,    2010632 total
- age   2:    1196128 bytes,    3206760 total
- age   3:    5770176 bytes,    8976936 total
: 97979K->14771K(109248K), 0,0160664 secs] 97979K->14771K(502464K), 0,0161444 secs] [Times: user=0,06 sys=0,00, real=0,01 secs] 
Heap after GC invocations=3 (full 0):
 par new generation   total 109248K, used 14771K [0x00000000e0000000, 0x00000000e8000000, 0x00000000e8000000)
  eden space 87424K,   0% used [0x00000000e0000000, 0x00000000e0000000, 0x00000000e5560000)
  from space 21824K,  67% used [0x00000000e6ab0000, 0x00000000e791cdb0, 0x00000000e8000000)
  to   space 21824K,   0% used [0x00000000e5560000, 0x00000000e5560000, 0x00000000e6ab0000)
 concurrent mark-sweep generation total 393216K, used 0K [0x00000000e8000000, 0x0000000100000000, 0x0000000100000000)
 Metaspace       used 21054K, capacity 21428K, committed 21552K, reserved 1069056K
  class space    used 2423K, capacity 2594K, committed 2608K, reserved 1048576K
}
2018-06-19T12:10:38.982+0200: 1,854: Total time for which application threads were stopped: 0,0163858 seconds, Stopping threads took: 0,0001053 seconds
2018-06-19T12:10:38.992+0200: 1,863: [GC (CMS Initial Mark) [1 CMS-initial-mark: 0K(393216K)] 23232K(502464K), 0,0063629 secs] [Times: user=0,02 sys=0,00, real=0,00 secs] 
2018-06-19T12:10:38.999+0200: 1,870: Total time for which application threads were stopped: 0,0065659 seconds, Stopping threads took: 0,0000553 seconds
2018-06-19T12:10:38.999+0200: 1,870: [CMS-concurrent-mark-start]
2018-06-19T12:10:38.999+0200: 1,870: [CMS-concurrent-mark: 0,000/0,000 secs] [Times: user=0,00 sys=0,00, real=0,00 secs] 
2018-06-19T12:10:38.999+0200: 1,870: [CMS-concurrent-preclean-start]
2018-06-19T12:10:39.000+0200: 1,871: [CMS-concurrent-preclean: 0,001/0,001 secs] [Times: user=0,00 sys=0,00, real=0,00 secs] 
2018-06-19T12:10:39.000+0200: 1,871: [CMS-concurrent-abortable-preclean-start]
2018-06-19T12:10:39.092+0200: 1,963: Total time for which application threads were stopped: 0,0001949 seconds, Stopping threads took: 0,0000659 seconds
2018-06-19T12:10:39.097+0200: 1,968: Total time for which application threads were stopped: 0,0002249 seconds, Stopping threads took: 0,0001499 seconds
2018-06-19T12:10:39.097+0200: 1,968: Total time for which application threads were stopped: 0,0001332 seconds, Stopping threads took: 0,0000715 seconds
{Heap before GC invocations=3 (full 1):
 par new generation   total 109248K, used 102195K [0x00000000e0000000, 0x00000000e8000000, 0x00000000e8000000)
  eden space 87424K, 100% used [0x00000000e0000000, 0x00000000e5560000, 0x00000000e5560000)
  from space 21824K,  67% used [0x00000000e6ab0000, 0x00000000e791cdb0, 0x00000000e8000000)
  to   space 21824K,   0% used [0x00000000e5560000, 0x00000000e5560000, 0x00000000e6ab0000)
 concurrent mark-sweep generation total 393216K, used 0K [0x00000000e8000000, 0x0000000100000000, 0x0000000100000000)
 Metaspace       used 21340K, capacity 21734K, committed 21960K, reserved 1069056K
  class space    used 2455K, capacity 2614K, committed 2684K, reserved 1048576K
2018-06-19T12:10:39.121+0200: 1,992: [GC (Allocation Failure) 2018-06-19T12:10:39.121+0200: 1,992: [ParNew
Desired survivor size 20112992 bytes, new threshold 8 (max 8)
- age   1:     909856 bytes,     909856 total
- age   2:    1454408 bytes,    2364264 total
- age   3:    1192456 bytes,    3556720 total
- age   4:    5770216 bytes,    9326936 total
: 102195K->10754K(109248K), 0,0094611 secs] 102195K->10754K(502464K), 0,0095284 secs] [Times: user=0,03 sys=0,00, real=0,01 secs] 
Heap after GC invocations=4 (full 1):
 par new generation   total 109248K, used 10754K [0x00000000e0000000, 0x00000000e8000000, 0x00000000e8000000)
  eden space 87424K,   0% used [0x00000000e0000000, 0x00000000e0000000, 0x00000000e5560000)
  from space 21824K,  49% used [0x00000000e5560000, 0x00000000e5fe0a20, 0x00000000e6ab0000)
  to   space 21824K,   0% used [0x00000000e6ab0000, 0x00000000e6ab0000, 0x00000000e8000000)
 concurrent mark-sweep generation total 393216K, used 0K [0x00000000e8000000, 0x0000000100000000, 0x0000000100000000)
 Metaspace       used 21340K, capacity 21734K, committed 21960K, reserved 1069056K
  class space    used 2455K, capacity 2614K, committed 2684K, reserved 1048576K
}
2018-06-19T12:10:39.131+0200: 2,002: Total time for which application threads were stopped: 0,0097566 seconds, Stopping threads took: 0,0000738 seconds
{Heap before GC invocations=4 (full 1):
 par new generation   total 109248K, used 98178K [0x00000000e0000000, 0x00000000e8000000, 0x00000000e8000000)
  eden space 87424K, 100% used [0x00000000e0000000, 0x00000000e5560000, 0x00000000e5560000)
  from space 21824K,  49% used [0x00000000e5560000, 0x00000000e5fe0a20, 0x00000000e6ab0000)
  to   space 21824K,   0% used [0x00000000e6ab0000, 0x00000000e6ab0000, 0x00000000e8000000)
 concurrent mark-sweep generation total 393216K, used 0K [0x00000000e8000000, 0x0000000100000000, 0x0000000100000000)
 Metaspace       used 21489K, capacity 21842K, committed 21960K, reserved 1069056K
  class space    used 2474K, capacity 2648K, committed 2684K, reserved 1048576K
2018-06-19T12:10:39.220+0200: 2,091: [GC (Allocation Failure) 2018-06-19T12:10:39.220+0200: 2,091: [ParNew
Desired survivor size 20112992 bytes, new threshold 8 (max 8)
- age   1:    1297360 bytes,    1297360 total
- age   2:     192400 bytes,    1489760 total
- age   3:    1454064 bytes,    2943824 total
- age   4:    1190408 bytes,    4134232 total
- age   5:    5770088 bytes,    9904320 total
: 98178K->15813K(109248K), 0,0092019 secs] 98178K->15813K(502464K), 0,0092748 secs] [Times: user=0,03 sys=0,00, real=0,01 secs] 
Heap after GC invocations=5 (full 1):
 par new generation   total 109248K, used 15813K [0x00000000e0000000, 0x00000000e8000000, 0x00000000e8000000)
  eden space 87424K,   0% used [0x00000000e0000000, 0x00000000e0000000, 0x00000000e5560000)
  from space 21824K,  72% used [0x00000000e6ab0000, 0x00000000e7a21500, 0x00000000e8000000)
  to   space 21824K,   0% used [0x00000000e5560000, 0x00000000e5560000, 0x00000000e6ab0000)
 concurrent mark-sweep generation total 393216K, used 0K [0x00000000e8000000, 0x0000000100000000, 0x0000000100000000)
 Metaspace       used 21489K, capacity 21842K, committed 21960K, reserved 1069056K
  class space    used 2474K, capacity 2648K, committed 2684K, reserved 1048576K
}
2018-06-19T12:10:39.229+0200: 2,101: Total time for which application threads were stopped: 0,0116384 seconds, Stopping threads took: 0,0022123 seconds
2018-06-19T12:10:39.256+0200: 2,127: Total time for which application threads were stopped: 0,0001345 seconds, Stopping threads took: 0,0000464 seconds
2018-06-19T12:10:39.256+0200: 2,127: Total time for which application threads were stopped: 0,0001075 seconds, Stopping threads took: 0,0000581 seconds
2018-06-19T12:10:39.276+0200: 2,147: Total time for which application threads were stopped: 0,0014725 seconds, Stopping threads took: 0,0011567 seconds
2018-06-19T12:10:39.318+0200: 2,189: Total time for which application threads were stopped: 0,0001322 seconds, Stopping threads took: 0,0000501 seconds
2018-06-19T12:10:39.348+0200: 2,219: Total time for which application threads were stopped: 0,0000885 seconds, Stopping threads took: 0,0000201 seconds
2018-06-19T12:10:39.502+0200: 2,373: Total time for which application threads were stopped: 0,0002599 seconds, Stopping threads took: 0,0000749 seconds
2018-06-19T12:10:39.535+0200: 2,406: Total time for which application threads were stopped: 0,0001866 seconds, Stopping threads took: 0,0000848 seconds
2018-06-19T12:10:39.550+0200: 2,421: Total time for which application threads were stopped: 0,0003603 seconds, Stopping threads took: 0,0000263 seconds
2018-06-19T12:10:39.562+0200: 2,433: Total time for which application threads were stopped: 0,0004190 seconds, Stopping threads took: 0,0000375 seconds
2018-06-19T12:10:39.572+0200: 2,443: Total time for which application threads were stopped: 0,0001630 seconds, Stopping threads took: 0,0000734 seconds
2018-06-19T12:10:39.590+0200: 2,461: Total time for which application threads were stopped: 0,0004156 seconds, Stopping threads took: 0,0000370 seconds
2018-06-19T12:10:39.615+0200: 2,486: Total time for which application threads were stopped: 0,0001404 seconds, Stopping threads took: 0,0000537 seconds
2018-06-19T12:10:39.638+0200: 2,509: Total time for which application threads were stopped: 0,0000785 seconds, Stopping threads took: 0,0000130 seconds
2018-06-19T12:10:39.638+0200: 2,509: [CMS-concurrent-abortable-preclean: 0,368/0,638 secs] [Times: user=2,23 sys=0,03, real=0,64 secs] 
2018-06-19T12:10:39.638+0200: 2,509: [GC (CMS Final Remark) [YG occupancy: 62982 K (109248 K)]{Heap before GC invocations=5 (full 1):
 par new generation   total 109248K, used 62982K [0x00000000e0000000, 0x00000000e8000000, 0x00000000e8000000)
  eden space 87424K,  53% used [0x00000000e0000000, 0x00000000e2e10618, 0x00000000e5560000)
  from space 21824K,  72% used [0x00000000e6ab0000, 0x00000000e7a21500, 0x00000000e8000000)
  to   space 21824K,   0% used [0x00000000e5560000, 0x00000000e5560000, 0x00000000e6ab0000)
 concurrent mark-sweep generation total 393216K, used 0K [0x00000000e8000000, 0x0000000100000000, 0x0000000100000000)
 Metaspace       used 23836K, capacity 24248K, committed 24540K, reserved 1071104K
  class space    used 2795K, capacity 2957K, committed 2988K, reserved 1048576K
2018-06-19T12:10:39.638+0200: 2,509: [GC (CMS Final Remark) 2018-06-19T12:10:39.638+0200: 2,509: [ParNew
Desired survivor size 20112992 bytes, new threshold 8 (max 8)
- age   1:    3489184 bytes,    3489184 total
- age   2:     107408 bytes,    3596592 total
- age   3:     191016 bytes,    3787608 total
- age   4:     285088 bytes,    4072696 total
- age   5:    1171464 bytes,    5244160 total
- age   6:    5764816 bytes,   11008976 total
: 62982K->14282K(109248K), 0,0094927 secs] 62982K->14282K(502464K), 0,0095394 secs] [Times: user=0,03 sys=0,00, real=0,01 secs] 
Heap after GC invocations=6 (full 1):
 par new generation   total 109248K, used 14282K [0x00000000e0000000, 0x00000000e8000000, 0x00000000e8000000)
  eden space 87424K,   0% used [0x00000000e0000000, 0x00000000e0000000, 0x00000000e5560000)
  from space 21824K,  65% used [0x00000000e5560000, 0x00000000e6352af0, 0x00000000e6ab0000)
  to   space 21824K,   0% used [0x00000000e6ab0000, 0x00000000e6ab0000, 0x00000000e8000000)
 concurrent mark-sweep generation total 393216K, used 0K [0x00000000e8000000, 0x0000000100000000, 0x0000000100000000)
 Metaspace       used 23836K, capacity 24248K, committed 24540K, reserved 1071104K
  class space    used 2795K, capacity 2957K, committed 2988K, reserved 1048576K
}
2018-06-19T12:10:39.648+0200: 2,519: [Rescan (parallel) , 0,0031020 secs]2018-06-19T12:10:39.651+0200: 2,522: [weak refs processing, 0,0012421 secs]2018-06-19T12:10:39.652+0200: 2,523: [class unloading, 0,0034874 secs]2018-06-19T12:10:39.656+0200: 2,527: [scrub symbol table, 0,0031056 secs]2018-06-19T12:10:39.659+0200: 2,530: [scrub string table, 0,0004256 secs][1 CMS-remark: 0K(393216K)] 14282K(502464K), 0,0218351 secs] [Times: user=0,06 sys=0,00, real=0,02 secs] 
2018-06-19T12:10:39.660+0200: 2,531: Total time for which application threads were stopped: 0,0220021 seconds, Stopping threads took: 0,0000844 seconds
2018-06-19T12:10:39.660+0200: 2,531: [CMS-concurrent-sweep-start]
2018-06-19T12:10:39.660+0200: 2,531: [CMS-concurrent-sweep: 0,000/0,000 secs] [Times: user=0,00 sys=0,00, real=0,00 secs] 
2018-06-19T12:10:39.660+0200: 2,531: [CMS-concurrent-reset-start]
2018-06-19T12:10:39.663+0200: 2,534: [CMS-concurrent-reset: 0,003/0,003 secs] [Times: user=0,01 sys=0,00, real=0,00 secs] 
2018-06-19T12:10:39.980+0200: 2,851: Total time for which application threads were stopped: 0,0005210 seconds, Stopping threads took: 0,0000557 seconds
2018-06-19T12:10:39.996+0200: 2,868: Total time for which application threads were stopped: 0,0005362 seconds, Stopping threads took: 0,0000510 seconds
2018-06-19T12:10:40.056+0200: 2,927: Total time for which application threads were stopped: 0,0006398 seconds, Stopping threads took: 0,0000616 seconds
2018-06-19T12:10:40.180+0200: 3,052: Total time for which application threads were stopped: 0,0057602 seconds, Stopping threads took: 0,0052803 seconds
{Heap before GC invocations=6 (full 1):
 par new generation   total 109248K, used 101706K [0x00000000e0000000, 0x00000000e8000000, 0x00000000e8000000)
  eden space 87424K, 100% used [0x00000000e0000000, 0x00000000e5560000, 0x00000000e5560000)
  from space 21824K,  65% used [0x00000000e5560000, 0x00000000e6352af0, 0x00000000e6ab0000)
  to   space 21824K,   0% used [0x00000000e6ab0000, 0x00000000e6ab0000, 0x00000000e8000000)
 concurrent mark-sweep generation total 393216K, used 0K [0x00000000e8000000, 0x0000000100000000, 0x0000000100000000)
 Metaspace       used 27906K, capacity 28512K, committed 28816K, reserved 1075200K
  class space    used 3208K, capacity 3397K, committed 3500K, reserved 1048576K
2018-06-19T12:10:40.236+0200: 3,107: [GC (Allocation Failure) 2018-06-19T12:10:40.236+0200: 3,107: [ParNew
Desired survivor size 20112992 bytes, new threshold 7 (max 8)
- age   1:   13155680 bytes,   13155680 total
- age   2:    1683488 bytes,   14839168 total
- age   3:     104992 bytes,   14944160 total
- age   4:     187976 bytes,   15132136 total
- age   5:     281176 bytes,   15413312 total
- age   6:    1159320 bytes,   16572632 total
- age   7:    5756112 bytes,   22328744 total
: 101706K->21824K(109248K), 0,0283104 secs] 101706K->24644K(502464K), 0,0284000 secs] [Times: user=0,10 sys=0,01, real=0,03 secs] 
Heap after GC invocations=7 (full 1):
 par new generation   total 109248K, used 21824K [0x00000000e0000000, 0x00000000e8000000, 0x00000000e8000000)
  eden space 87424K,   0% used [0x00000000e0000000, 0x00000000e0000000, 0x00000000e5560000)
  from space 21824K, 100% used [0x00000000e6ab0000, 0x00000000e8000000, 0x00000000e8000000)
  to   space 21824K,   0% used [0x00000000e5560000, 0x00000000e5560000, 0x00000000e6ab0000)
 concurrent mark-sweep generation total 393216K, used 2820K [0x00000000e8000000, 0x0000000100000000, 0x0000000100000000)
 Metaspace       used 27906K, capacity 28512K, committed 28816K, reserved 1075200K
  class space    used 3208K, capacity 3397K, committed 3500K, reserved 1048576K
}
2018-06-19T12:10:40.265+0200: 3,136: Total time for which application threads were stopped: 0,0323282 seconds, Stopping threads took: 0,0037206 seconds
{Heap before GC invocations=7 (full 1):
 par new generation   total 109248K, used 109248K [0x00000000e0000000, 0x00000000e8000000, 0x00000000e8000000)
  eden space 87424K, 100% used [0x00000000e0000000, 0x00000000e5560000, 0x00000000e5560000)
  from space 21824K, 100% used [0x00000000e6ab0000, 0x00000000e8000000, 0x00000000e8000000)
  to   space 21824K,   0% used [0x00000000e5560000, 0x00000000e5560000, 0x00000000e6ab0000)
 concurrent mark-sweep generation total 393216K, used 2820K [0x00000000e8000000, 0x0000000100000000, 0x0000000100000000)
 Metaspace       used 28072K, capacity 28684K, committed 29072K, reserved 1075200K
  class space    used 3228K, capacity 3431K, committed 3500K, reserved 1048576K
2018-06-19T12:10:40.387+0200: 3,258: [GC (Allocation Failure) 2018-06-19T12:10:40.387+0200: 3,258: [ParNew
Desired survivor size 20112992 bytes, new threshold 8 (max 8)
- age   1:    1270096 bytes,    1270096 total
- age   2:   11969872 bytes,   13239968 total
- age   3:    1683472 bytes,   14923440 total
- age   4:     104992 bytes,   15028432 total
- age   5:     187872 bytes,   15216304 total
- age   6:     281144 bytes,   15497448 total
- age   7:    1159192 bytes,   16656640 total
: 109248K->20005K(109248K), 0,0529172 secs] 112068K->28520K(502464K), 0,0529917 secs] [Times: user=0,15 sys=0,02, real=0,05 secs] 
Heap after GC invocations=8 (full 1):
 par new generation   total 109248K, used 20005K [0x00000000e0000000, 0x00000000e8000000, 0x00000000e8000000)
  eden space 87424K,   0% used [0x00000000e0000000, 0x00000000e0000000, 0x00000000e5560000)
  from space 21824K,  91% used [0x00000000e5560000, 0x00000000e68e96d0, 0x00000000e6ab0000)
  to   space 21824K,   0% used [0x00000000e6ab0000, 0x00000000e6ab0000, 0x00000000e8000000)
 concurrent mark-sweep generation total 393216K, used 8514K [0x00000000e8000000, 0x0000000100000000, 0x0000000100000000)
 Metaspace       used 28072K, capacity 28684K, committed 29072K, reserved 1075200K
  class space    used 3228K, capacity 3431K, committed 3500K, reserved 1048576K
}
2018-06-19T12:10:40.440+0200: 3,311: Total time for which application threads were stopped: 0,0533420 seconds, Stopping threads took: 0,0001290 seconds
{Heap before GC invocations=8 (full 1):
 par new generation   total 109248K, used 107415K [0x00000000e0000000, 0x00000000e8000000, 0x00000000e8000000)
  eden space 87424K,  99% used [0x00000000e0000000, 0x00000000e555c818, 0x00000000e5560000)
  from space 21824K,  91% used [0x00000000e5560000, 0x00000000e68e96d0, 0x00000000e6ab0000)
  to   space 21824K,   0% used [0x00000000e6ab0000, 0x00000000e6ab0000, 0x00000000e8000000)
 concurrent mark-sweep generation total 393216K, used 8514K [0x00000000e8000000, 0x0000000100000000, 0x0000000100000000)
 Metaspace       used 28130K, capacity 28774K, committed 29072K, reserved 1075200K
  class space    used 3231K, capacity 3436K, committed 3500K, reserved 1048576K
2018-06-19T12:10:40.530+0200: 3,401: [GC (Allocation Failure) 2018-06-19T12:10:40.530+0200: 3,401: [ParNew
Desired survivor size 20112992 bytes, new threshold 8 (max 8)
- age   1:     811128 bytes,     811128 total
- age   2:     560376 bytes,    1371504 total
- age   3:   11969872 bytes,   13341376 total
- age   4:    1683472 bytes,   15024848 total
- age   5:     104992 bytes,   15129840 total
- age   6:     187768 bytes,   15317608 total
- age   7:     281144 bytes,   15598752 total
- age   8:    1159192 bytes,   16757944 total
: 107415K->21824K(109248K), 0,0250696 secs] 115930K->30338K(502464K), 0,0251566 secs] [Times: user=0,10 sys=0,00, real=0,03 secs] 
Heap after GC invocations=9 (full 1):
 par new generation   total 109248K, used 21824K [0x00000000e0000000, 0x00000000e8000000, 0x00000000e8000000)
  eden space 87424K,   0% used [0x00000000e0000000, 0x00000000e0000000, 0x00000000e5560000)
  from space 21824K, 100% used [0x00000000e6ab0000, 0x00000000e8000000, 0x00000000e8000000)
  to   space 21824K,   0% used [0x00000000e5560000, 0x00000000e5560000, 0x00000000e6ab0000)
 concurrent mark-sweep generation total 393216K, used 8514K [0x00000000e8000000, 0x0000000100000000, 0x0000000100000000)
 Metaspace       used 28130K, capacity 28774K, committed 29072K, reserved 1075200K
  class space    used 3231K, capacity 3436K, committed 3500K, reserved 1048576K
}
2018-06-19T12:10:40.555+0200: 3,427: Total time for which application threads were stopped: 0,0254248 seconds, Stopping threads took: 0,0000736 seconds
2018-06-19T12:10:41.188+0200: 4,060: Total time for which application threads were stopped: 0,0005128 seconds, Stopping threads took: 0,0000205 seconds
2018-06-19T12:10:45.892+0200: 8,763: Total time for which application threads were stopped: 0,0001300 seconds, Stopping threads took: 0,0000550 seconds
2018-06-19T12:10:45.897+0200: 8,768: Total time for which application threads were stopped: 0,0000868 seconds, Stopping threads took: 0,0000224 seconds
2018-06-19T12:10:45.934+0200: 8,805: Total time for which application threads were stopped: 0,0005076 seconds, Stopping threads took: 0,0000384 seconds
2018-06-19T12:10:45.962+0200: 8,833: Total time for which application threads were stopped: 0,0000760 seconds, Stopping threads took: 0,0000176 seconds
2018-06-19T12:10:45.962+0200: 8,834: Total time for which application threads were stopped: 0,0000372 seconds, Stopping threads took: 0,0000118 seconds
2018-06-19T12:10:46.070+0200: 8,941: Total time for which application threads were stopped: 0,0007008 seconds, Stopping threads took: 0,0002611 seconds
2018-06-19T12:10:46.078+0200: 8,949: Total time for which application threads were stopped: 0,0001676 seconds, Stopping threads took: 0,0000703 seconds
2018-06-19T12:10:46.090+0200: 8,961: Total time for which application threads were stopped: 0,0006629 seconds, Stopping threads took: 0,0002442 seconds
2018-06-19T12:10:46.131+0200: 9,002: Total time for which application threads were stopped: 0,0001576 seconds, Stopping threads took: 0,0000475 seconds
2018-06-19T12:10:46.232+0200: 9,103: Total time for which application threads were stopped: 0,0002104 seconds, Stopping threads took: 0,0000285 seconds
2018-06-19T12:11:17.319+0200: 40,190: Total time for which application threads were stopped: 0,0001063 seconds, Stopping threads took: 0,0000372 seconds
2018-06-19T12:11:17.319+0200: 40,191: Total time for which application threads were stopped: 0,0000471 seconds, Stopping threads took: 0,0000142 seconds
2018-06-19T12:11:17.349+0200: 40,221: Total time for which application threads were stopped: 0,0001494 seconds, Stopping threads took: 0,0000582 seconds
2018-06-19T12:11:17.351+0200: 40,222: Total time for which application threads were stopped: 0,0000900 seconds, Stopping threads took: 0,0000309 seconds
2018-06-19T12:11:17.353+0200: 40,224: Total time for which application threads were stopped: 0,0001072 seconds, Stopping threads took: 0,0000503 seconds
2018-06-19T12:11:17.416+0200: 40,288: Total time for which application threads were stopped: 0,0002687 seconds, Stopping threads took: 0,0001015 seconds
2018-06-19T12:13:27.433+0200: 170,305: Total time for which application threads were stopped: 0,0002261 seconds, Stopping threads took: 0,0000970 seconds
2018-06-19T12:15:02.447+0200: 265,318: Total time for which application threads were stopped: 0,0002342 seconds, Stopping threads took: 0,0000904 seconds
2018-06-19T12:16:54.187+0200: 377,058: Total time for which application threads were stopped: 0,0004552 seconds, Stopping threads took: 0,0000164 seconds
2018-06-19T12:16:54.188+0200: 377,059: Total time for which application threads were stopped: 0,0004553 seconds, Stopping threads took: 0,0000157 seconds
2018-06-19T12:16:54.191+0200: 377,063: Total time for which application threads were stopped: 0,0001513 seconds, Stopping threads took: 0,0000491 seconds
{Heap before GC invocations=9 (full 1):
 par new generation   total 109248K, used 109248K [0x00000000e0000000, 0x00000000e8000000, 0x00000000e8000000)
  eden space 87424K, 100% used [0x00000000e0000000, 0x00000000e5560000, 0x00000000e5560000)
  from space 21824K, 100% used [0x00000000e6ab0000, 0x00000000e8000000, 0x00000000e8000000)
  to   space 21824K,   0% used [0x00000000e5560000, 0x00000000e5560000, 0x00000000e6ab0000)
 concurrent mark-sweep generation total 393216K, used 8514K [0x00000000e8000000, 0x0000000100000000, 0x0000000100000000)
 Metaspace       used 29832K, capacity 30518K, committed 30864K, reserved 1077248K
  class space    used 3437K, capacity 3677K, committed 3756K, reserved 1048576K
2018-06-19T12:16:54.205+0200: 377,076: [GC (Allocation Failure) 2018-06-19T12:16:54.205+0200: 377,076: [ParNew
Desired survivor size 20112992 bytes, new threshold 5 (max 8)
- age   1:    7309552 bytes,    7309552 total
- age   2:     242480 bytes,    7552032 total
- age   3:     205216 bytes,    7757248 total
- age   4:   11810888 bytes,   19568136 total
- age   5:    1682592 bytes,   21250728 total
- age   6:     104864 bytes,   21355592 total
- age   7:     187640 bytes,   21543232 total
- age   8:     280488 bytes,   21823720 total
: 109248K->21824K(109248K), 0,0256821 secs] 117762K->32067K(502464K), 0,0257651 secs] [Times: user=0,08 sys=0,00, real=0,02 secs] 
Heap after GC invocations=10 (full 1):
 par new generation   total 109248K, used 21824K [0x00000000e0000000, 0x00000000e8000000, 0x00000000e8000000)
  eden space 87424K,   0% used [0x00000000e0000000, 0x00000000e0000000, 0x00000000e5560000)
  from space 21824K, 100% used [0x00000000e5560000, 0x00000000e6ab0000, 0x00000000e6ab0000)
  to   space 21824K,   0% used [0x00000000e6ab0000, 0x00000000e6ab0000, 0x00000000e8000000)
 concurrent mark-sweep generation total 393216K, used 10243K [0x00000000e8000000, 0x0000000100000000, 0x0000000100000000)
 Metaspace       used 29832K, capacity 30518K, committed 30864K, reserved 1077248K
  class space    used 3437K, capacity 3677K, committed 3756K, reserved 1048576K
}
2018-06-19T12:16:54.231+0200: 377,102: Total time for which application threads were stopped: 0,0275761 seconds, Stopping threads took: 0,0016212 seconds
2018-06-19T12:16:54.232+0200: 377,103: Total time for which application threads were stopped: 0,0001243 seconds, Stopping threads took: 0,0000460 seconds
2018-06-19T12:16:54.239+0200: 377,110: Total time for which application threads were stopped: 0,0019504 seconds, Stopping threads took: 0,0018624 seconds
2018-06-19T12:16:54.241+0200: 377,112: Total time for which application threads were stopped: 0,0001755 seconds, Stopping threads took: 0,0000845 seconds
2018-06-19T12:16:54.242+0200: 377,113: Total time for which application threads were stopped: 0,0001993 seconds, Stopping threads took: 0,0001250 seconds
2018-06-19T12:16:54.248+0200: 377,119: Total time for which application threads were stopped: 0,0002674 seconds, Stopping threads took: 0,0001582 seconds
2018-06-19T12:16:54.261+0200: 377,133: Total time for which application threads were stopped: 0,0001704 seconds, Stopping threads took: 0,0000648 seconds
Heap
 par new generation   total 109248K, used 27786K [0x00000000e0000000, 0x00000000e8000000, 0x00000000e8000000)
  eden space 87424K,   6% used [0x00000000e0000000, 0x00000000e05d28b8, 0x00000000e5560000)
  from space 21824K, 100% used [0x00000000e5560000, 0x00000000e6ab0000, 0x00000000e6ab0000)
  to   space 21824K,   0% used [0x00000000e6ab0000, 0x00000000e6ab0000, 0x00000000e8000000)
 concurrent mark-sweep generation total 393216K, used 10243K [0x00000000e8000000, 0x0000000100000000, 0x0000000100000000)
 Metaspace       used 29872K, capacity 30526K, committed 30864K, reserved 1077248K
  class space    used 3442K, capacity 3677K, committed 3756K, reserved 1048576K
