OpenJDK 64-Bit Server VM (25.162-b12) for linux-amd64 JRE (1.8.0_162-8u162-b12-0ubuntu0.16.04.2-b12), built on Mar 14 2018 12:11:18 by "buildd" with gcc 5.4.0 20160609
Memory: 4k page, physical 7867624k(2956564k free), swap 8076284k(7231984k free)
CommandLine flags: -XX:CMSInitiatingOccupancyFraction=50 -XX:CMSMaxAbortablePrecleanTime=6000 -XX:+CMSParallelRemarkEnabled -XX:+CMSScavengeBeforeRemark -XX:ConcGCThreads=4 -XX:InitialHeapSize=536870912 -XX:MaxHeapSize=536870912 -XX:MaxTenuringThreshold=8 -XX:NewRatio=3 -XX:OldPLABSize=16 -XX:OnOutOfMemoryError=/home/gurnoor/workspace/QTM/solr/bin/oom_solr.sh 8983 /home/gurnoor/workspace/QTM/solr/server/logs -XX:ParallelGCThreads=4 -XX:+ParallelRefProcEnabled -XX:PretenureSizeThreshold=67108864 -XX:+PrintGC -XX:+PrintGCApplicationStoppedTime -XX:+PrintGCDateStamps -XX:+PrintGCDetails -XX:+PrintGCTimeStamps -XX:+PrintHeapAtGC -XX:+PrintTenuringDistribution -XX:SurvivorRatio=4 -XX:TargetSurvivorRatio=90 -XX:ThreadStackSize=256 -XX:+UseCMSInitiatingOccupancyOnly -XX:+UseCompressedClassPointers -XX:+UseCompressedOops -XX:+UseConcMarkSweepGC -XX:+UseParNewGC 
2018-04-06T21:41:15.396+0200: 0,104: Total time for which application threads were stopped: 0,0000672 seconds, Stopping threads took: 0,0000146 seconds
2018-04-06T21:41:15.461+0200: 0,170: Total time for which application threads were stopped: 0,0001153 seconds, Stopping threads took: 0,0000224 seconds
2018-04-06T21:41:15.473+0200: 0,181: Total time for which application threads were stopped: 0,0000807 seconds, Stopping threads took: 0,0000173 seconds
2018-04-06T21:41:15.598+0200: 0,306: Total time for which application threads were stopped: 0,0001820 seconds, Stopping threads took: 0,0000359 seconds
2018-04-06T21:41:15.627+0200: 0,335: Total time for which application threads were stopped: 0,0001110 seconds, Stopping threads took: 0,0000212 seconds
2018-04-06T21:41:15.765+0200: 0,473: Total time for which application threads were stopped: 0,0001237 seconds, Stopping threads took: 0,0000178 seconds
2018-04-06T21:41:15.815+0200: 0,523: Total time for which application threads were stopped: 0,0001570 seconds, Stopping threads took: 0,0000187 seconds
2018-04-06T21:41:15.832+0200: 0,540: Total time for which application threads were stopped: 0,0002060 seconds, Stopping threads took: 0,0000285 seconds
2018-04-06T21:41:15.992+0200: 0,700: Total time for which application threads were stopped: 0,0001861 seconds, Stopping threads took: 0,0000199 seconds
2018-04-06T21:41:16.124+0200: 0,832: Total time for which application threads were stopped: 0,0002838 seconds, Stopping threads took: 0,0000254 seconds
2018-04-06T21:41:16.144+0200: 0,852: Total time for which application threads were stopped: 0,0001823 seconds, Stopping threads took: 0,0000191 seconds
2018-04-06T21:41:16.167+0200: 0,875: Total time for which application threads were stopped: 0,0002525 seconds, Stopping threads took: 0,0000244 seconds
2018-04-06T21:41:16.168+0200: 0,876: Total time for which application threads were stopped: 0,0002010 seconds, Stopping threads took: 0,0000250 seconds
2018-04-06T21:41:16.180+0200: 0,888: Total time for which application threads were stopped: 0,0002424 seconds, Stopping threads took: 0,0000264 seconds
2018-04-06T21:41:16.241+0200: 0,949: Total time for which application threads were stopped: 0,0002587 seconds, Stopping threads took: 0,0000234 seconds
{Heap before GC invocations=0 (full 0):
 par new generation   total 109248K, used 87424K [0x00000000e0000000, 0x00000000e8000000, 0x00000000e8000000)
  eden space 87424K, 100% used [0x00000000e0000000, 0x00000000e5560000, 0x00000000e5560000)
  from space 21824K,   0% used [0x00000000e5560000, 0x00000000e5560000, 0x00000000e6ab0000)
  to   space 21824K,   0% used [0x00000000e6ab0000, 0x00000000e6ab0000, 0x00000000e8000000)
 concurrent mark-sweep generation total 393216K, used 0K [0x00000000e8000000, 0x0000000100000000, 0x0000000100000000)
 Metaspace       used 17336K, capacity 17640K, committed 17792K, reserved 1064960K
  class space    used 1972K, capacity 2134K, committed 2176K, reserved 1048576K
2018-04-06T21:41:16.384+0200: 1,092: [GC (Allocation Failure) 2018-04-06T21:41:16.384+0200: 1,092: [ParNew
Desired survivor size 20112992 bytes, new threshold 8 (max 8)
- age   1:   10593984 bytes,   10593984 total
: 87424K->10449K(109248K), 0,0132229 secs] 87424K->10449K(502464K), 0,0132776 secs] [Times: user=0,02 sys=0,02, real=0,01 secs] 
Heap after GC invocations=1 (full 0):
 par new generation   total 109248K, used 10449K [0x00000000e0000000, 0x00000000e8000000, 0x00000000e8000000)
  eden space 87424K,   0% used [0x00000000e0000000, 0x00000000e0000000, 0x00000000e5560000)
  from space 21824K,  47% used [0x00000000e6ab0000, 0x00000000e74e4470, 0x00000000e8000000)
  to   space 21824K,   0% used [0x00000000e5560000, 0x00000000e5560000, 0x00000000e6ab0000)
 concurrent mark-sweep generation total 393216K, used 0K [0x00000000e8000000, 0x0000000100000000, 0x0000000100000000)
 Metaspace       used 17336K, capacity 17640K, committed 17792K, reserved 1064960K
  class space    used 1972K, capacity 2134K, committed 2176K, reserved 1048576K
}
2018-04-06T21:41:16.397+0200: 1,105: Total time for which application threads were stopped: 0,0135310 seconds, Stopping threads took: 0,0000567 seconds
2018-04-06T21:41:16.401+0200: 1,109: Total time for which application threads were stopped: 0,0002392 seconds, Stopping threads took: 0,0000310 seconds
2018-04-06T21:41:16.725+0200: 1,433: Total time for which application threads were stopped: 0,0003442 seconds, Stopping threads took: 0,0000252 seconds
{Heap before GC invocations=1 (full 0):
 par new generation   total 109248K, used 97873K [0x00000000e0000000, 0x00000000e8000000, 0x00000000e8000000)
  eden space 87424K, 100% used [0x00000000e0000000, 0x00000000e5560000, 0x00000000e5560000)
  from space 21824K,  47% used [0x00000000e6ab0000, 0x00000000e74e4470, 0x00000000e8000000)
  to   space 21824K,   0% used [0x00000000e5560000, 0x00000000e5560000, 0x00000000e6ab0000)
 concurrent mark-sweep generation total 393216K, used 0K [0x00000000e8000000, 0x0000000100000000, 0x0000000100000000)
 Metaspace       used 20079K, capacity 20440K, committed 20736K, reserved 1067008K
  class space    used 2297K, capacity 2472K, committed 2560K, reserved 1048576K
2018-04-06T21:41:16.769+0200: 1,477: [GC (Allocation Failure) 2018-04-06T21:41:16.769+0200: 1,477: [ParNew
Desired survivor size 20112992 bytes, new threshold 8 (max 8)
- age   1:    4134520 bytes,    4134520 total
- age   2:    5362136 bytes,    9496656 total
: 97873K->13556K(109248K), 0,0139052 secs] 97873K->13556K(502464K), 0,0139772 secs] [Times: user=0,06 sys=0,00, real=0,01 secs] 
Heap after GC invocations=2 (full 0):
 par new generation   total 109248K, used 13556K [0x00000000e0000000, 0x00000000e8000000, 0x00000000e8000000)
  eden space 87424K,   0% used [0x00000000e0000000, 0x00000000e0000000, 0x00000000e5560000)
  from space 21824K,  62% used [0x00000000e5560000, 0x00000000e629d040, 0x00000000e6ab0000)
  to   space 21824K,   0% used [0x00000000e6ab0000, 0x00000000e6ab0000, 0x00000000e8000000)
 concurrent mark-sweep generation total 393216K, used 0K [0x00000000e8000000, 0x0000000100000000, 0x0000000100000000)
 Metaspace       used 20079K, capacity 20440K, committed 20736K, reserved 1067008K
  class space    used 2297K, capacity 2472K, committed 2560K, reserved 1048576K
}
2018-04-06T21:41:16.783+0200: 1,491: Total time for which application threads were stopped: 0,0142482 seconds, Stopping threads took: 0,0000981 seconds
2018-04-06T21:41:16.792+0200: 1,500: Total time for which application threads were stopped: 0,0003185 seconds, Stopping threads took: 0,0000567 seconds
2018-04-06T21:41:16.823+0200: 1,531: Total time for which application threads were stopped: 0,0003998 seconds, Stopping threads took: 0,0000397 seconds
2018-04-06T21:41:16.947+0200: 1,656: Total time for which application threads were stopped: 0,0001939 seconds, Stopping threads took: 0,0000573 seconds
{Heap before GC invocations=2 (full 0):
 par new generation   total 109248K, used 100980K [0x00000000e0000000, 0x00000000e8000000, 0x00000000e8000000)
  eden space 87424K, 100% used [0x00000000e0000000, 0x00000000e5560000, 0x00000000e5560000)
  from space 21824K,  62% used [0x00000000e5560000, 0x00000000e629d040, 0x00000000e6ab0000)
  to   space 21824K,   0% used [0x00000000e6ab0000, 0x00000000e6ab0000, 0x00000000e8000000)
 concurrent mark-sweep generation total 393216K, used 0K [0x00000000e8000000, 0x0000000100000000, 0x0000000100000000)
 Metaspace       used 20988K, capacity 21368K, committed 21628K, reserved 1069056K
  class space    used 2420K, capacity 2592K, committed 2684K, reserved 1048576K
2018-04-06T21:41:16.983+0200: 1,692: [GC (Allocation Failure) 2018-04-06T21:41:16.984+0200: 1,692: [ParNew
Desired survivor size 20112992 bytes, new threshold 8 (max 8)
- age   1:    2068184 bytes,    2068184 total
- age   2:    1580136 bytes,    3648320 total
- age   3:    5360296 bytes,    9008616 total
: 100980K->10344K(109248K), 0,0089137 secs] 100980K->10344K(502464K), 0,0089913 secs] [Times: user=0,03 sys=0,00, real=0,01 secs] 
Heap after GC invocations=3 (full 0):
 par new generation   total 109248K, used 10344K [0x00000000e0000000, 0x00000000e8000000, 0x00000000e8000000)
  eden space 87424K,   0% used [0x00000000e0000000, 0x00000000e0000000, 0x00000000e5560000)
  from space 21824K,  47% used [0x00000000e6ab0000, 0x00000000e74ca240, 0x00000000e8000000)
  to   space 21824K,   0% used [0x00000000e5560000, 0x00000000e5560000, 0x00000000e6ab0000)
 concurrent mark-sweep generation total 393216K, used 0K [0x00000000e8000000, 0x0000000100000000, 0x0000000100000000)
 Metaspace       used 20988K, capacity 21368K, committed 21628K, reserved 1069056K
  class space    used 2420K, capacity 2592K, committed 2684K, reserved 1048576K
}
2018-04-06T21:41:16.993+0200: 1,701: Total time for which application threads were stopped: 0,0092156 seconds, Stopping threads took: 0,0000849 seconds
2018-04-06T21:41:16.995+0200: 1,703: [GC (CMS Initial Mark) [1 CMS-initial-mark: 0K(393216K)] 11719K(502464K), 0,0027236 secs] [Times: user=0,00 sys=0,00, real=0,00 secs] 
2018-04-06T21:41:16.998+0200: 1,706: Total time for which application threads were stopped: 0,0053466 seconds, Stopping threads took: 0,0025389 seconds
2018-04-06T21:41:16.998+0200: 1,706: [CMS-concurrent-mark-start]
2018-04-06T21:41:16.998+0200: 1,706: [CMS-concurrent-mark: 0,000/0,000 secs] [Times: user=0,00 sys=0,00, real=0,00 secs] 
2018-04-06T21:41:16.998+0200: 1,706: [CMS-concurrent-preclean-start]
2018-04-06T21:41:16.999+0200: 1,707: [CMS-concurrent-preclean: 0,001/0,001 secs] [Times: user=0,00 sys=0,00, real=0,00 secs] 
2018-04-06T21:41:16.999+0200: 1,707: [GC (CMS Final Remark) [YG occupancy: 11719 K (109248 K)]{Heap before GC invocations=3 (full 1):
 par new generation   total 109248K, used 11719K [0x00000000e0000000, 0x00000000e8000000, 0x00000000e8000000)
  eden space 87424K,   1% used [0x00000000e0000000, 0x00000000e0157d68, 0x00000000e5560000)
  from space 21824K,  47% used [0x00000000e6ab0000, 0x00000000e74ca240, 0x00000000e8000000)
  to   space 21824K,   0% used [0x00000000e5560000, 0x00000000e5560000, 0x00000000e6ab0000)
 concurrent mark-sweep generation total 393216K, used 0K [0x00000000e8000000, 0x0000000100000000, 0x0000000100000000)
 Metaspace       used 20988K, capacity 21368K, committed 21628K, reserved 1069056K
  class space    used 2420K, capacity 2592K, committed 2684K, reserved 1048576K
2018-04-06T21:41:16.999+0200: 1,707: [GC (CMS Final Remark) 2018-04-06T21:41:16.999+0200: 1,707: [ParNew
Desired survivor size 20112992 bytes, new threshold 8 (max 8)
- age   1:      32976 bytes,      32976 total
- age   2:    2068168 bytes,    2101144 total
- age   3:    1580136 bytes,    3681280 total
- age   4:    5360424 bytes,    9041704 total
: 11719K->11836K(109248K), 0,0108476 secs] 11719K->11836K(502464K), 0,0108925 secs] [Times: user=0,03 sys=0,00, real=0,02 secs] 
Heap after GC invocations=4 (full 1):
 par new generation   total 109248K, used 11836K [0x00000000e0000000, 0x00000000e8000000, 0x00000000e8000000)
  eden space 87424K,   0% used [0x00000000e0000000, 0x00000000e0000000, 0x00000000e5560000)
  from space 21824K,  54% used [0x00000000e5560000, 0x00000000e60ef320, 0x00000000e6ab0000)
  to   space 21824K,   0% used [0x00000000e6ab0000, 0x00000000e6ab0000, 0x00000000e8000000)
 concurrent mark-sweep generation total 393216K, used 0K [0x00000000e8000000, 0x0000000100000000, 0x0000000100000000)
 Metaspace       used 20988K, capacity 21368K, committed 21628K, reserved 1069056K
  class space    used 2420K, capacity 2592K, committed 2684K, reserved 1048576K
}
2018-04-06T21:41:17.010+0200: 1,718: [Rescan (parallel) , 0,0029059 secs]2018-04-06T21:41:17.013+0200: 1,721: [weak refs processing, 0,0004862 secs]2018-04-06T21:41:17.013+0200: 1,722: [class unloading, 0,0027687 secs]2018-04-06T21:41:17.016+0200: 1,724: [scrub symbol table, 0,0029488 secs]2018-04-06T21:41:17.019+0200: 1,727: [scrub string table, 0,0003566 secs][1 CMS-remark: 0K(393216K)] 11836K(502464K), 0,0209970 secs] [Times: user=0,06 sys=0,00, real=0,03 secs] 
2018-04-06T21:41:17.020+0200: 1,728: Total time for which application threads were stopped: 0,0211162 seconds, Stopping threads took: 0,0000299 seconds
2018-04-06T21:41:17.020+0200: 1,728: [CMS-concurrent-sweep-start]
2018-04-06T21:41:17.020+0200: 1,728: [CMS-concurrent-sweep: 0,000/0,000 secs] [Times: user=0,00 sys=0,00, real=0,00 secs] 
2018-04-06T21:41:17.020+0200: 1,728: [CMS-concurrent-reset-start]
2018-04-06T21:41:17.022+0200: 1,730: [CMS-concurrent-reset: 0,002/0,002 secs] [Times: user=0,00 sys=0,00, real=0,00 secs] 
{Heap before GC invocations=4 (full 1):
 par new generation   total 109248K, used 99260K [0x00000000e0000000, 0x00000000e8000000, 0x00000000e8000000)
  eden space 87424K, 100% used [0x00000000e0000000, 0x00000000e5560000, 0x00000000e5560000)
  from space 21824K,  54% used [0x00000000e5560000, 0x00000000e60ef320, 0x00000000e6ab0000)
  to   space 21824K,   0% used [0x00000000e6ab0000, 0x00000000e6ab0000, 0x00000000e8000000)
 concurrent mark-sweep generation total 393216K, used 0K [0x00000000e8000000, 0x0000000100000000, 0x0000000100000000)
 Metaspace       used 21236K, capacity 21574K, committed 21884K, reserved 1069056K
  class space    used 2449K, capacity 2606K, committed 2684K, reserved 1048576K
2018-04-06T21:41:17.133+0200: 1,841: [GC (Allocation Failure) 2018-04-06T21:41:17.133+0200: 1,841: [ParNew
Desired survivor size 20112992 bytes, new threshold 8 (max 8)
- age   1:    1313552 bytes,    1313552 total
- age   2:        112 bytes,    1313664 total
- age   3:    1478000 bytes,    2791664 total
- age   4:    1577984 bytes,    4369648 total
- age   5:    5360400 bytes,    9730048 total
: 99260K->10567K(109248K), 0,0087665 secs] 99260K->10567K(502464K), 0,0088393 secs] [Times: user=0,03 sys=0,00, real=0,01 secs] 
Heap after GC invocations=5 (full 1):
 par new generation   total 109248K, used 10567K [0x00000000e0000000, 0x00000000e8000000, 0x00000000e8000000)
  eden space 87424K,   0% used [0x00000000e0000000, 0x00000000e0000000, 0x00000000e5560000)
  from space 21824K,  48% used [0x00000000e6ab0000, 0x00000000e7501f40, 0x00000000e8000000)
  to   space 21824K,   0% used [0x00000000e5560000, 0x00000000e5560000, 0x00000000e6ab0000)
 concurrent mark-sweep generation total 393216K, used 0K [0x00000000e8000000, 0x0000000100000000, 0x0000000100000000)
 Metaspace       used 21236K, capacity 21574K, committed 21884K, reserved 1069056K
  class space    used 2449K, capacity 2606K, committed 2684K, reserved 1048576K
}
2018-04-06T21:41:17.142+0200: 1,850: Total time for which application threads were stopped: 0,0090972 seconds, Stopping threads took: 0,0001062 seconds
{Heap before GC invocations=5 (full 1):
 par new generation   total 109248K, used 97991K [0x00000000e0000000, 0x00000000e8000000, 0x00000000e8000000)
  eden space 87424K, 100% used [0x00000000e0000000, 0x00000000e5560000, 0x00000000e5560000)
  from space 21824K,  48% used [0x00000000e6ab0000, 0x00000000e7501f40, 0x00000000e8000000)
  to   space 21824K,   0% used [0x00000000e5560000, 0x00000000e5560000, 0x00000000e6ab0000)
 concurrent mark-sweep generation total 393216K, used 0K [0x00000000e8000000, 0x0000000100000000, 0x0000000100000000)
 Metaspace       used 21526K, capacity 21964K, committed 22140K, reserved 1069056K
  class space    used 2486K, capacity 2671K, committed 2684K, reserved 1048576K
2018-04-06T21:41:17.251+0200: 1,959: [GC (Allocation Failure) 2018-04-06T21:41:17.251+0200: 1,959: [ParNew
Desired survivor size 20112992 bytes, new threshold 8 (max 8)
- age   1:     562312 bytes,     562312 total
- age   2:     177200 bytes,     739512 total
- age   3:        112 bytes,     739624 total
- age   4:    1090120 bytes,    1829744 total
- age   5:    1577848 bytes,    3407592 total
- age   6:    5360288 bytes,    8767880 total
: 97991K->12671K(109248K), 0,0088202 secs] 97991K->12671K(502464K), 0,0089000 secs] [Times: user=0,04 sys=0,00, real=0,01 secs] 
Heap after GC invocations=6 (full 1):
 par new generation   total 109248K, used 12671K [0x00000000e0000000, 0x00000000e8000000, 0x00000000e8000000)
  eden space 87424K,   0% used [0x00000000e0000000, 0x00000000e0000000, 0x00000000e5560000)
  from space 21824K,  58% used [0x00000000e5560000, 0x00000000e61bfc40, 0x00000000e6ab0000)
  to   space 21824K,   0% used [0x00000000e6ab0000, 0x00000000e6ab0000, 0x00000000e8000000)
 concurrent mark-sweep generation total 393216K, used 0K [0x00000000e8000000, 0x0000000100000000, 0x0000000100000000)
 Metaspace       used 21526K, capacity 21964K, committed 22140K, reserved 1069056K
  class space    used 2486K, capacity 2671K, committed 2684K, reserved 1048576K
}
2018-04-06T21:41:17.260+0200: 1,968: Total time for which application threads were stopped: 0,0126627 seconds, Stopping threads took: 0,0036006 seconds
2018-04-06T21:41:17.275+0200: 1,983: Total time for which application threads were stopped: 0,0004112 seconds, Stopping threads took: 0,0000654 seconds
2018-04-06T21:41:17.506+0200: 2,214: Total time for which application threads were stopped: 0,0005785 seconds, Stopping threads took: 0,0000598 seconds
2018-04-06T21:41:17.539+0200: 2,247: Total time for which application threads were stopped: 0,0004199 seconds, Stopping threads took: 0,0000494 seconds
2018-04-06T21:41:17.552+0200: 2,260: Total time for which application threads were stopped: 0,0004563 seconds, Stopping threads took: 0,0000669 seconds
{Heap before GC invocations=6 (full 1):
 par new generation   total 109248K, used 100095K [0x00000000e0000000, 0x00000000e8000000, 0x00000000e8000000)
  eden space 87424K, 100% used [0x00000000e0000000, 0x00000000e5560000, 0x00000000e5560000)
  from space 21824K,  58% used [0x00000000e5560000, 0x00000000e61bfc40, 0x00000000e6ab0000)
  to   space 21824K,   0% used [0x00000000e6ab0000, 0x00000000e6ab0000, 0x00000000e8000000)
 concurrent mark-sweep generation total 393216K, used 0K [0x00000000e8000000, 0x0000000100000000, 0x0000000100000000)
 Metaspace       used 24983K, capacity 25402K, committed 25724K, reserved 1071104K
  class space    used 2912K, capacity 3112K, committed 3196K, reserved 1048576K
2018-04-06T21:41:17.810+0200: 2,518: [GC (Allocation Failure) 2018-04-06T21:41:17.810+0200: 2,519: [ParNew
Desired survivor size 20112992 bytes, new threshold 8 (max 8)
- age   1:    5156784 bytes,    5156784 total
- age   2:     146832 bytes,    5303616 total
- age   3:     173232 bytes,    5476848 total
- age   4:        112 bytes,    5476960 total
- age   5:     306632 bytes,    5783592 total
- age   6:    1553744 bytes,    7337336 total
- age   7:    5354584 bytes,   12691920 total
: 100095K->15968K(109248K), 0,0277379 secs] 100095K->15968K(502464K), 0,0278043 secs] [Times: user=0,09 sys=0,00, real=0,02 secs] 
Heap after GC invocations=7 (full 1):
 par new generation   total 109248K, used 15968K [0x00000000e0000000, 0x00000000e8000000, 0x00000000e8000000)
  eden space 87424K,   0% used [0x00000000e0000000, 0x00000000e0000000, 0x00000000e5560000)
  from space 21824K,  73% used [0x00000000e6ab0000, 0x00000000e7a48040, 0x00000000e8000000)
  to   space 21824K,   0% used [0x00000000e5560000, 0x00000000e5560000, 0x00000000e6ab0000)
 concurrent mark-sweep generation total 393216K, used 0K [0x00000000e8000000, 0x0000000100000000, 0x0000000100000000)
 Metaspace       used 24983K, capacity 25402K, committed 25724K, reserved 1071104K
  class space    used 2912K, capacity 3112K, committed 3196K, reserved 1048576K
}
2018-04-06T21:41:17.838+0200: 2,546: Total time for which application threads were stopped: 0,0280277 seconds, Stopping threads took: 0,0000431 seconds
2018-04-06T21:41:17.978+0200: 2,686: Total time for which application threads were stopped: 0,0005835 seconds, Stopping threads took: 0,0001644 seconds
2018-04-06T21:41:17.994+0200: 2,702: Total time for which application threads were stopped: 0,0004860 seconds, Stopping threads took: 0,0000460 seconds
2018-04-06T21:41:18.046+0200: 2,754: Total time for which application threads were stopped: 0,0005092 seconds, Stopping threads took: 0,0000693 seconds
2018-04-06T21:41:18.148+0200: 2,856: Total time for which application threads were stopped: 0,0012581 seconds, Stopping threads took: 0,0008073 seconds
{Heap before GC invocations=7 (full 1):
 par new generation   total 109248K, used 103392K [0x00000000e0000000, 0x00000000e8000000, 0x00000000e8000000)
  eden space 87424K, 100% used [0x00000000e0000000, 0x00000000e5560000, 0x00000000e5560000)
  from space 21824K,  73% used [0x00000000e6ab0000, 0x00000000e7a48040, 0x00000000e8000000)
  to   space 21824K,   0% used [0x00000000e5560000, 0x00000000e5560000, 0x00000000e6ab0000)
 concurrent mark-sweep generation total 393216K, used 0K [0x00000000e8000000, 0x0000000100000000, 0x0000000100000000)
 Metaspace       used 28015K, capacity 28584K, committed 28796K, reserved 1075200K
  class space    used 3225K, capacity 3425K, committed 3452K, reserved 1048576K
2018-04-06T21:41:18.269+0200: 2,977: [GC (Allocation Failure) 2018-04-06T21:41:18.269+0200: 2,977: [ParNew
Desired survivor size 20112992 bytes, new threshold 8 (max 8)
- age   1:   13005216 bytes,   13005216 total
- age   2:    2172672 bytes,   15177888 total
- age   3:     143848 bytes,   15321736 total
- age   4:     168208 bytes,   15489944 total
- age   5:        112 bytes,   15490056 total
- age   6:     294120 bytes,   15784176 total
- age   7:    1220560 bytes,   17004736 total
- age   8:    5334880 bytes,   22339616 total
: 103392K->21824K(109248K), 0,0248748 secs] 103392K->23472K(502464K), 0,0249579 secs] [Times: user=0,09 sys=0,01, real=0,02 secs] 
Heap after GC invocations=8 (full 1):
 par new generation   total 109248K, used 21824K [0x00000000e0000000, 0x00000000e8000000, 0x00000000e8000000)
  eden space 87424K,   0% used [0x00000000e0000000, 0x00000000e0000000, 0x00000000e5560000)
  from space 21824K, 100% used [0x00000000e5560000, 0x00000000e6ab0000, 0x00000000e6ab0000)
  to   space 21824K,   0% used [0x00000000e6ab0000, 0x00000000e6ab0000, 0x00000000e8000000)
 concurrent mark-sweep generation total 393216K, used 1648K [0x00000000e8000000, 0x0000000100000000, 0x0000000100000000)
 Metaspace       used 28015K, capacity 28584K, committed 28796K, reserved 1075200K
  class space    used 3225K, capacity 3425K, committed 3452K, reserved 1048576K
}
2018-04-06T21:41:18.294+0200: 3,002: Total time for which application threads were stopped: 0,0257920 seconds, Stopping threads took: 0,0006450 seconds
{Heap before GC invocations=8 (full 1):
 par new generation   total 109248K, used 109248K [0x00000000e0000000, 0x00000000e8000000, 0x00000000e8000000)
  eden space 87424K, 100% used [0x00000000e0000000, 0x00000000e5560000, 0x00000000e5560000)
  from space 21824K, 100% used [0x00000000e5560000, 0x00000000e6ab0000, 0x00000000e6ab0000)
  to   space 21824K,   0% used [0x00000000e6ab0000, 0x00000000e6ab0000, 0x00000000e8000000)
 concurrent mark-sweep generation total 393216K, used 1648K [0x00000000e8000000, 0x0000000100000000, 0x0000000100000000)
 Metaspace       used 28061K, capacity 28676K, committed 28796K, reserved 1075200K
  class space    used 3228K, capacity 3430K, committed 3452K, reserved 1048576K
2018-04-06T21:41:18.395+0200: 3,103: [GC (Allocation Failure) 2018-04-06T21:41:18.395+0200: 3,103: [ParNew
Desired survivor size 20112992 bytes, new threshold 8 (max 8)
- age   1:    1451080 bytes,    1451080 total
- age   2:   11577864 bytes,   13028944 total
- age   3:    1652488 bytes,   14681432 total
- age   4:     108160 bytes,   14789592 total
- age   5:     138392 bytes,   14927984 total
- age   6:        112 bytes,   14928096 total
- age   7:     244456 bytes,   15172552 total
- age   8:     856136 bytes,   16028688 total
: 109248K->21824K(109248K), 0,0346451 secs] 110896K->29898K(502464K), 0,0347497 secs] [Times: user=0,13 sys=0,00, real=0,04 secs] 
Heap after GC invocations=9 (full 1):
 par new generation   total 109248K, used 21824K [0x00000000e0000000, 0x00000000e8000000, 0x00000000e8000000)
  eden space 87424K,   0% used [0x00000000e0000000, 0x00000000e0000000, 0x00000000e5560000)
  from space 21824K, 100% used [0x00000000e6ab0000, 0x00000000e8000000, 0x00000000e8000000)
  to   space 21824K,   0% used [0x00000000e5560000, 0x00000000e5560000, 0x00000000e6ab0000)
 concurrent mark-sweep generation total 393216K, used 8074K [0x00000000e8000000, 0x0000000100000000, 0x0000000100000000)
 Metaspace       used 28061K, capacity 28676K, committed 28796K, reserved 1075200K
  class space    used 3228K, capacity 3430K, committed 3452K, reserved 1048576K
}
2018-04-06T21:41:18.429+0200: 3,138: Total time for which application threads were stopped: 0,0350449 seconds, Stopping threads took: 0,0000570 seconds
{Heap before GC invocations=9 (full 1):
 par new generation   total 109248K, used 109248K [0x00000000e0000000, 0x00000000e8000000, 0x00000000e8000000)
  eden space 87424K, 100% used [0x00000000e0000000, 0x00000000e5560000, 0x00000000e5560000)
  from space 21824K, 100% used [0x00000000e6ab0000, 0x00000000e8000000, 0x00000000e8000000)
  to   space 21824K,   0% used [0x00000000e5560000, 0x00000000e5560000, 0x00000000e6ab0000)
 concurrent mark-sweep generation total 393216K, used 8074K [0x00000000e8000000, 0x0000000100000000, 0x0000000100000000)
 Metaspace       used 28140K, capacity 28756K, committed 29052K, reserved 1075200K
  class space    used 3230K, capacity 3433K, committed 3452K, reserved 1048576K
2018-04-06T21:41:18.590+0200: 3,298: [GC (Allocation Failure) 2018-04-06T21:41:18.590+0200: 3,298: [ParNew
Desired survivor size 20112992 bytes, new threshold 8 (max 8)
- age   1:     726232 bytes,     726232 total
- age   2:     171072 bytes,     897304 total
- age   3:   11575928 bytes,   12473232 total
- age   4:    1652488 bytes,   14125720 total
- age   5:     108160 bytes,   14233880 total
- age   6:     138392 bytes,   14372272 total
- age   7:        112 bytes,   14372384 total
- age   8:     244456 bytes,   14616840 total
: 109248K->19669K(109248K), 0,0195988 secs] 117322K->28592K(502464K), 0,0196722 secs] [Times: user=0,07 sys=0,00, real=0,02 secs] 
Heap after GC invocations=10 (full 1):
 par new generation   total 109248K, used 19669K [0x00000000e0000000, 0x00000000e8000000, 0x00000000e8000000)
  eden space 87424K,   0% used [0x00000000e0000000, 0x00000000e0000000, 0x00000000e5560000)
  from space 21824K,  90% used [0x00000000e5560000, 0x00000000e68954f0, 0x00000000e6ab0000)
  to   space 21824K,   0% used [0x00000000e6ab0000, 0x00000000e6ab0000, 0x00000000e8000000)
 concurrent mark-sweep generation total 393216K, used 8923K [0x00000000e8000000, 0x0000000100000000, 0x0000000100000000)
 Metaspace       used 28140K, capacity 28756K, committed 29052K, reserved 1075200K
  class space    used 3230K, capacity 3433K, committed 3452K, reserved 1048576K
}
2018-04-06T21:41:18.610+0200: 3,318: Total time for which application threads were stopped: 0,0199679 seconds, Stopping threads took: 0,0000508 seconds
2018-04-06T21:41:19.340+0200: 4,049: Total time for which application threads were stopped: 0,0003158 seconds, Stopping threads took: 0,0000201 seconds
2018-04-06T21:41:22.116+0200: 6,824: Total time for which application threads were stopped: 0,0000703 seconds, Stopping threads took: 0,0000242 seconds
2018-04-06T21:41:22.120+0200: 6,828: Total time for which application threads were stopped: 0,0000731 seconds, Stopping threads took: 0,0000249 seconds
2018-04-06T21:41:22.138+0200: 6,846: Total time for which application threads were stopped: 0,0003881 seconds, Stopping threads took: 0,0000161 seconds
2018-04-06T21:41:22.153+0200: 6,861: Total time for which application threads were stopped: 0,0000865 seconds, Stopping threads took: 0,0000230 seconds
2018-04-06T21:41:22.153+0200: 6,861: Total time for which application threads were stopped: 0,0000403 seconds, Stopping threads took: 0,0000157 seconds
2018-04-06T21:41:22.206+0200: 6,914: Total time for which application threads were stopped: 0,0001273 seconds, Stopping threads took: 0,0000433 seconds
2018-04-06T21:41:22.209+0200: 6,917: Total time for which application threads were stopped: 0,0001004 seconds, Stopping threads took: 0,0000258 seconds
2018-04-06T21:41:22.272+0200: 6,980: Total time for which application threads were stopped: 0,0001297 seconds, Stopping threads took: 0,0000433 seconds
2018-04-06T21:41:22.277+0200: 6,985: Total time for which application threads were stopped: 0,0001189 seconds, Stopping threads took: 0,0000575 seconds
2018-04-06T21:41:22.289+0200: 6,997: Total time for which application threads were stopped: 0,0004425 seconds, Stopping threads took: 0,0003386 seconds
2018-04-06T21:41:22.651+0200: 7,359: Total time for which application threads were stopped: 0,0005767 seconds, Stopping threads took: 0,0000273 seconds
2018-04-06T21:41:22.653+0200: 7,361: Total time for which application threads were stopped: 0,0005433 seconds, Stopping threads took: 0,0000268 seconds
2018-04-06T21:41:22.656+0200: 7,364: Total time for which application threads were stopped: 0,0000804 seconds, Stopping threads took: 0,0000243 seconds
2018-04-06T21:41:22.657+0200: 7,365: Total time for which application threads were stopped: 0,0000836 seconds, Stopping threads took: 0,0000231 seconds
2018-04-06T21:41:22.671+0200: 7,379: Total time for which application threads were stopped: 0,0016947 seconds, Stopping threads took: 0,0015802 seconds
2018-04-06T21:41:22.678+0200: 7,387: Total time for which application threads were stopped: 0,0001347 seconds, Stopping threads took: 0,0000541 seconds
2018-04-06T21:41:22.679+0200: 7,387: Total time for which application threads were stopped: 0,0001195 seconds, Stopping threads took: 0,0000380 seconds
2018-04-06T21:41:22.681+0200: 7,389: Total time for which application threads were stopped: 0,0012208 seconds, Stopping threads took: 0,0011313 seconds
2018-04-06T21:41:22.683+0200: 7,392: Total time for which application threads were stopped: 0,0000929 seconds, Stopping threads took: 0,0000250 seconds
2018-04-06T21:41:22.686+0200: 7,394: Total time for which application threads were stopped: 0,0001372 seconds, Stopping threads took: 0,0000579 seconds
Heap
 par new generation   total 109248K, used 71782K [0x00000000e0000000, 0x00000000e8000000, 0x00000000e8000000)
  eden space 87424K,  59% used [0x00000000e0000000, 0x00000000e32e4678, 0x00000000e5560000)
  from space 21824K,  90% used [0x00000000e5560000, 0x00000000e68954f0, 0x00000000e6ab0000)
  to   space 21824K,   0% used [0x00000000e6ab0000, 0x00000000e6ab0000, 0x00000000e8000000)
 concurrent mark-sweep generation total 393216K, used 8923K [0x00000000e8000000, 0x0000000100000000, 0x0000000100000000)
 Metaspace       used 29776K, capacity 30504K, committed 30844K, reserved 1077248K
  class space    used 3439K, capacity 3674K, committed 3708K, reserved 1048576K
