OpenJDK 64-Bit Server VM (25.171-b11) for linux-amd64 JRE (1.8.0_171-8u171-b11-0ubuntu0.16.04.1-b11), built on Apr 27 2018 17:19:03 by "buildd" with gcc 5.4.0 20160609
Memory: 4k page, physical 7867600k(823380k free), swap 8076284k(8009588k free)
CommandLine flags: -XX:CMSInitiatingOccupancyFraction=50 -XX:CMSMaxAbortablePrecleanTime=6000 -XX:+CMSParallelRemarkEnabled -XX:+CMSScavengeBeforeRemark -XX:ConcGCThreads=4 -XX:InitialHeapSize=536870912 -XX:MaxHeapSize=536870912 -XX:MaxTenuringThreshold=8 -XX:NewRatio=3 -XX:OldPLABSize=16 -XX:OnOutOfMemoryError=/home/gurnoor/workspace/QTM/solr/bin/oom_solr.sh 8983 /home/gurnoor/workspace/QTM/solr/server/logs -XX:ParallelGCThreads=4 -XX:+ParallelRefProcEnabled -XX:PretenureSizeThreshold=67108864 -XX:+PrintGC -XX:+PrintGCApplicationStoppedTime -XX:+PrintGCDateStamps -XX:+PrintGCDetails -XX:+PrintGCTimeStamps -XX:+PrintHeapAtGC -XX:+PrintTenuringDistribution -XX:SurvivorRatio=4 -XX:TargetSurvivorRatio=90 -XX:ThreadStackSize=256 -XX:+UseCMSInitiatingOccupancyOnly -XX:+UseCompressedClassPointers -XX:+UseCompressedOops -XX:+UseConcMarkSweepGC -XX:+UseParNewGC 
2018-06-19T14:58:38.170+0200: 0,122: Total time for which application threads were stopped: 0,0000689 seconds, Stopping threads took: 0,0000160 seconds
2018-06-19T14:58:38.238+0200: 0,190: Total time for which application threads were stopped: 0,0001115 seconds, Stopping threads took: 0,0000252 seconds
2018-06-19T14:58:38.248+0200: 0,201: Total time for which application threads were stopped: 0,0000802 seconds, Stopping threads took: 0,0000137 seconds
2018-06-19T14:58:38.361+0200: 0,314: Total time for which application threads were stopped: 0,0001930 seconds, Stopping threads took: 0,0000492 seconds
2018-06-19T14:58:38.385+0200: 0,337: Total time for which application threads were stopped: 0,0001379 seconds, Stopping threads took: 0,0000253 seconds
2018-06-19T14:58:38.524+0200: 0,476: Total time for which application threads were stopped: 0,0001429 seconds, Stopping threads took: 0,0000197 seconds
2018-06-19T14:58:38.571+0200: 0,523: Total time for which application threads were stopped: 0,0001772 seconds, Stopping threads took: 0,0000258 seconds
2018-06-19T14:58:38.593+0200: 0,545: Total time for which application threads were stopped: 0,0001969 seconds, Stopping threads took: 0,0000213 seconds
2018-06-19T14:58:38.790+0200: 0,742: Total time for which application threads were stopped: 0,0001997 seconds, Stopping threads took: 0,0000172 seconds
2018-06-19T14:58:38.931+0200: 0,883: Total time for which application threads were stopped: 0,0003273 seconds, Stopping threads took: 0,0000238 seconds
2018-06-19T14:58:38.953+0200: 0,905: Total time for which application threads were stopped: 0,0002433 seconds, Stopping threads took: 0,0000388 seconds
2018-06-19T14:58:38.979+0200: 0,931: Total time for which application threads were stopped: 0,0002653 seconds, Stopping threads took: 0,0000275 seconds
2018-06-19T14:58:38.980+0200: 0,933: Total time for which application threads were stopped: 0,0002614 seconds, Stopping threads took: 0,0000428 seconds
2018-06-19T14:58:38.994+0200: 0,946: Total time for which application threads were stopped: 0,0002537 seconds, Stopping threads took: 0,0000256 seconds
2018-06-19T14:58:39.061+0200: 1,013: Total time for which application threads were stopped: 0,0002240 seconds, Stopping threads took: 0,0000191 seconds
2018-06-19T14:58:39.225+0200: 1,178: Total time for which application threads were stopped: 0,0005031 seconds, Stopping threads took: 0,0002261 seconds
{Heap before GC invocations=0 (full 0):
 par new generation   total 109248K, used 87424K [0x00000000e0000000, 0x00000000e8000000, 0x00000000e8000000)
  eden space 87424K, 100% used [0x00000000e0000000, 0x00000000e5560000, 0x00000000e5560000)
  from space 21824K,   0% used [0x00000000e5560000, 0x00000000e5560000, 0x00000000e6ab0000)
  to   space 21824K,   0% used [0x00000000e6ab0000, 0x00000000e6ab0000, 0x00000000e8000000)
 concurrent mark-sweep generation total 393216K, used 0K [0x00000000e8000000, 0x0000000100000000, 0x0000000100000000)
 Metaspace       used 18012K, capacity 18248K, committed 18304K, reserved 1064960K
  class space    used 2034K, capacity 2166K, committed 2176K, reserved 1048576K
2018-06-19T14:58:39.291+0200: 1,243: [GC (Allocation Failure) 2018-06-19T14:58:39.291+0200: 1,243: [ParNew
Desired survivor size 20112992 bytes, new threshold 8 (max 8)
- age   1:   11888344 bytes,   11888344 total
: 87424K->11713K(109248K), 0,0119650 secs] 87424K->11713K(502464K), 0,0120170 secs] [Times: user=0,03 sys=0,00, real=0,01 secs] 
Heap after GC invocations=1 (full 0):
 par new generation   total 109248K, used 11713K [0x00000000e0000000, 0x00000000e8000000, 0x00000000e8000000)
  eden space 87424K,   0% used [0x00000000e0000000, 0x00000000e0000000, 0x00000000e5560000)
  from space 21824K,  53% used [0x00000000e6ab0000, 0x00000000e7620610, 0x00000000e8000000)
  to   space 21824K,   0% used [0x00000000e5560000, 0x00000000e5560000, 0x00000000e6ab0000)
 concurrent mark-sweep generation total 393216K, used 0K [0x00000000e8000000, 0x0000000100000000, 0x0000000100000000)
 Metaspace       used 18012K, capacity 18248K, committed 18304K, reserved 1064960K
  class space    used 2034K, capacity 2166K, committed 2176K, reserved 1048576K
}
2018-06-19T14:58:39.303+0200: 1,255: Total time for which application threads were stopped: 0,0130683 seconds, Stopping threads took: 0,0008939 seconds
2018-06-19T14:58:39.591+0200: 1,544: Total time for which application threads were stopped: 0,0005015 seconds, Stopping threads took: 0,0000841 seconds
2018-06-19T14:58:39.702+0200: 1,654: Total time for which application threads were stopped: 0,0036579 seconds, Stopping threads took: 0,0032500 seconds
{Heap before GC invocations=1 (full 0):
 par new generation   total 109248K, used 99137K [0x00000000e0000000, 0x00000000e8000000, 0x00000000e8000000)
  eden space 87424K, 100% used [0x00000000e0000000, 0x00000000e5560000, 0x00000000e5560000)
  from space 21824K,  53% used [0x00000000e6ab0000, 0x00000000e7620610, 0x00000000e8000000)
  to   space 21824K,   0% used [0x00000000e5560000, 0x00000000e5560000, 0x00000000e6ab0000)
 concurrent mark-sweep generation total 393216K, used 0K [0x00000000e8000000, 0x0000000100000000, 0x0000000100000000)
 Metaspace       used 20115K, capacity 20484K, committed 20736K, reserved 1067008K
  class space    used 2298K, capacity 2466K, committed 2560K, reserved 1048576K
2018-06-19T14:58:39.711+0200: 1,664: [GC (Allocation Failure) 2018-06-19T14:58:39.711+0200: 1,664: [ParNew
Desired survivor size 20112992 bytes, new threshold 8 (max 8)
- age   1:    2965256 bytes,    2965256 total
- age   2:    6403744 bytes,    9369000 total
: 99137K->11436K(109248K), 0,0293610 secs] 99137K->11436K(502464K), 0,0294402 secs] [Times: user=0,06 sys=0,01, real=0,02 secs] 
Heap after GC invocations=2 (full 0):
 par new generation   total 109248K, used 11436K [0x00000000e0000000, 0x00000000e8000000, 0x00000000e8000000)
  eden space 87424K,   0% used [0x00000000e0000000, 0x00000000e0000000, 0x00000000e5560000)
  from space 21824K,  52% used [0x00000000e5560000, 0x00000000e608b0f0, 0x00000000e6ab0000)
  to   space 21824K,   0% used [0x00000000e6ab0000, 0x00000000e6ab0000, 0x00000000e8000000)
 concurrent mark-sweep generation total 393216K, used 0K [0x00000000e8000000, 0x0000000100000000, 0x0000000100000000)
 Metaspace       used 20115K, capacity 20484K, committed 20736K, reserved 1067008K
  class space    used 2298K, capacity 2466K, committed 2560K, reserved 1048576K
}
2018-06-19T14:58:39.741+0200: 1,693: Total time for which application threads were stopped: 0,0297098 seconds, Stopping threads took: 0,0000817 seconds
2018-06-19T14:58:39.804+0200: 1,756: Total time for which application threads were stopped: 0,0026980 seconds, Stopping threads took: 0,0006706 seconds
2018-06-19T14:58:39.977+0200: 1,930: Total time for which application threads were stopped: 0,0028370 seconds, Stopping threads took: 0,0027100 seconds
2018-06-19T14:58:39.978+0200: 1,931: Total time for which application threads were stopped: 0,0001345 seconds, Stopping threads took: 0,0000369 seconds
2018-06-19T14:58:39.979+0200: 1,932: Total time for which application threads were stopped: 0,0001621 seconds, Stopping threads took: 0,0000858 seconds
2018-06-19T14:58:39.998+0200: 1,950: Total time for which application threads were stopped: 0,0004895 seconds, Stopping threads took: 0,0000736 seconds
2018-06-19T14:58:40.025+0200: 1,977: Total time for which application threads were stopped: 0,0012687 seconds, Stopping threads took: 0,0008901 seconds
2018-06-19T14:58:40.097+0200: 2,050: Total time for which application threads were stopped: 0,0001875 seconds, Stopping threads took: 0,0000432 seconds
2018-06-19T14:58:40.176+0200: 2,129: Total time for which application threads were stopped: 0,0002265 seconds, Stopping threads took: 0,0001004 seconds
2018-06-19T14:58:40.176+0200: 2,129: Total time for which application threads were stopped: 0,0000920 seconds, Stopping threads took: 0,0000255 seconds
{Heap before GC invocations=2 (full 0):
 par new generation   total 109248K, used 98860K [0x00000000e0000000, 0x00000000e8000000, 0x00000000e8000000)
  eden space 87424K, 100% used [0x00000000e0000000, 0x00000000e5560000, 0x00000000e5560000)
  from space 21824K,  52% used [0x00000000e5560000, 0x00000000e608b0f0, 0x00000000e6ab0000)
  to   space 21824K,   0% used [0x00000000e6ab0000, 0x00000000e6ab0000, 0x00000000e8000000)
 concurrent mark-sweep generation total 393216K, used 0K [0x00000000e8000000, 0x0000000100000000, 0x0000000100000000)
 Metaspace       used 21925K, capacity 22312K, committed 22624K, reserved 1069056K
  class space    used 2547K, capacity 2716K, committed 2816K, reserved 1048576K
2018-06-19T14:58:40.197+0200: 2,149: [GC (Allocation Failure) 2018-06-19T14:58:40.197+0200: 2,149: [ParNew
Desired survivor size 20112992 bytes, new threshold 8 (max 8)
- age   1:    3117216 bytes,    3117216 total
- age   2:     570872 bytes,    3688088 total
- age   3:    6397568 bytes,   10085656 total
: 98860K->13152K(109248K), 0,0313310 secs] 98860K->13152K(502464K), 0,0314232 secs] [Times: user=0,08 sys=0,00, real=0,03 secs] 
Heap after GC invocations=3 (full 0):
 par new generation   total 109248K, used 13152K [0x00000000e0000000, 0x00000000e8000000, 0x00000000e8000000)
  eden space 87424K,   0% used [0x00000000e0000000, 0x00000000e0000000, 0x00000000e5560000)
  from space 21824K,  60% used [0x00000000e6ab0000, 0x00000000e77880c0, 0x00000000e8000000)
  to   space 21824K,   0% used [0x00000000e5560000, 0x00000000e5560000, 0x00000000e6ab0000)
 concurrent mark-sweep generation total 393216K, used 0K [0x00000000e8000000, 0x0000000100000000, 0x0000000100000000)
 Metaspace       used 21925K, capacity 22312K, committed 22624K, reserved 1069056K
  class space    used 2547K, capacity 2716K, committed 2816K, reserved 1048576K
}
2018-06-19T14:58:40.228+0200: 2,181: Total time for which application threads were stopped: 0,0328345 seconds, Stopping threads took: 0,0012179 seconds
2018-06-19T14:58:40.237+0200: 2,189: [GC (CMS Initial Mark) [1 CMS-initial-mark: 0K(393216K)] 15144K(502464K), 0,0175652 secs] [Times: user=0,02 sys=0,00, real=0,02 secs] 
2018-06-19T14:58:40.255+0200: 2,207: Total time for which application threads were stopped: 0,0181160 seconds, Stopping threads took: 0,0003932 seconds
2018-06-19T14:58:40.255+0200: 2,207: [CMS-concurrent-mark-start]
2018-06-19T14:58:40.255+0200: 2,207: [CMS-concurrent-mark: 0,000/0,000 secs] [Times: user=0,00 sys=0,00, real=0,00 secs] 
2018-06-19T14:58:40.255+0200: 2,207: [CMS-concurrent-preclean-start]
2018-06-19T14:58:40.256+0200: 2,209: [CMS-concurrent-preclean: 0,001/0,001 secs] [Times: user=0,00 sys=0,00, real=0,00 secs] 
2018-06-19T14:58:40.256+0200: 2,209: [GC (CMS Final Remark) [YG occupancy: 15144 K (109248 K)]{Heap before GC invocations=3 (full 1):
 par new generation   total 109248K, used 15144K [0x00000000e0000000, 0x00000000e8000000, 0x00000000e8000000)
  eden space 87424K,   2% used [0x00000000e0000000, 0x00000000e01f22d8, 0x00000000e5560000)
  from space 21824K,  60% used [0x00000000e6ab0000, 0x00000000e77880c0, 0x00000000e8000000)
  to   space 21824K,   0% used [0x00000000e5560000, 0x00000000e5560000, 0x00000000e6ab0000)
 concurrent mark-sweep generation total 393216K, used 0K [0x00000000e8000000, 0x0000000100000000, 0x0000000100000000)
 Metaspace       used 21926K, capacity 22312K, committed 22624K, reserved 1069056K
  class space    used 2547K, capacity 2716K, committed 2816K, reserved 1048576K
2018-06-19T14:58:40.257+0200: 2,209: [GC (CMS Final Remark) 2018-06-19T14:58:40.257+0200: 2,209: [ParNew
Desired survivor size 20112992 bytes, new threshold 8 (max 8)
- age   1:     182576 bytes,     182576 total
- age   2:    3088968 bytes,    3271544 total
- age   3:     570872 bytes,    3842416 total
- age   4:    6397384 bytes,   10239800 total
: 15144K->13242K(109248K), 0,0409720 secs] 15144K->13242K(502464K), 0,0410642 secs] [Times: user=0,04 sys=0,00, real=0,04 secs] 
Heap after GC invocations=4 (full 1):
 par new generation   total 109248K, used 13242K [0x00000000e0000000, 0x00000000e8000000, 0x00000000e8000000)
  eden space 87424K,   0% used [0x00000000e0000000, 0x00000000e0000000, 0x00000000e5560000)
  from space 21824K,  60% used [0x00000000e5560000, 0x00000000e624e8a8, 0x00000000e6ab0000)
  to   space 21824K,   0% used [0x00000000e6ab0000, 0x00000000e6ab0000, 0x00000000e8000000)
 concurrent mark-sweep generation total 393216K, used 0K [0x00000000e8000000, 0x0000000100000000, 0x0000000100000000)
 Metaspace       used 21926K, capacity 22312K, committed 22624K, reserved 1069056K
  class space    used 2547K, capacity 2716K, committed 2816K, reserved 1048576K
}
2018-06-19T14:58:40.298+0200: 2,250: [Rescan (parallel) , 0,0368012 secs]2018-06-19T14:58:40.334+0200: 2,287: [weak refs processing, 0,0065224 secs]2018-06-19T14:58:40.341+0200: 2,294: [class unloading, 0,0077385 secs]2018-06-19T14:58:40.349+0200: 2,301: [scrub symbol table, 0,0074967 secs]2018-06-19T14:58:40.357+0200: 2,309: [scrub string table, 0,0003728 secs][1 CMS-remark: 0K(393216K)] 13242K(502464K), 0,1009141 secs] [Times: user=0,11 sys=0,00, real=0,10 secs] 
2018-06-19T14:58:40.357+0200: 2,310: Total time for which application threads were stopped: 0,1010731 seconds, Stopping threads took: 0,0000311 seconds
2018-06-19T14:58:40.358+0200: 2,310: [CMS-concurrent-sweep-start]
2018-06-19T14:58:40.358+0200: 2,310: [CMS-concurrent-sweep: 0,000/0,000 secs] [Times: user=0,00 sys=0,00, real=0,00 secs] 
2018-06-19T14:58:40.358+0200: 2,310: [CMS-concurrent-reset-start]
2018-06-19T14:58:40.373+0200: 2,325: [CMS-concurrent-reset: 0,015/0,015 secs] [Times: user=0,04 sys=0,01, real=0,02 secs] 
{Heap before GC invocations=4 (full 1):
 par new generation   total 109248K, used 100666K [0x00000000e0000000, 0x00000000e8000000, 0x00000000e8000000)
  eden space 87424K, 100% used [0x00000000e0000000, 0x00000000e5560000, 0x00000000e5560000)
  from space 21824K,  60% used [0x00000000e5560000, 0x00000000e624e8a8, 0x00000000e6ab0000)
  to   space 21824K,   0% used [0x00000000e6ab0000, 0x00000000e6ab0000, 0x00000000e8000000)
 concurrent mark-sweep generation total 393216K, used 0K [0x00000000e8000000, 0x0000000100000000, 0x0000000100000000)
 Metaspace       used 22187K, capacity 22600K, committed 22880K, reserved 1069056K
  class space    used 2578K, capacity 2733K, committed 2816K, reserved 1048576K
2018-06-19T14:58:40.627+0200: 2,579: [GC (Allocation Failure) 2018-06-19T14:58:40.627+0200: 2,579: [ParNew
Desired survivor size 20112992 bytes, new threshold 8 (max 8)
- age   1:    1774488 bytes,    1774488 total
- age   2:        448 bytes,    1774936 total
- age   3:    1825184 bytes,    3600120 total
- age   4:     567848 bytes,    4167968 total
- age   5:    6397384 bytes,   10565352 total
: 100666K->13053K(109248K), 0,0280158 secs] 100666K->13053K(502464K), 0,0284545 secs] [Times: user=0,05 sys=0,01, real=0,03 secs] 
Heap after GC invocations=5 (full 1):
 par new generation   total 109248K, used 13053K [0x00000000e0000000, 0x00000000e8000000, 0x00000000e8000000)
  eden space 87424K,   0% used [0x00000000e0000000, 0x00000000e0000000, 0x00000000e5560000)
  from space 21824K,  59% used [0x00000000e6ab0000, 0x00000000e776f480, 0x00000000e8000000)
  to   space 21824K,   0% used [0x00000000e5560000, 0x00000000e5560000, 0x00000000e6ab0000)
 concurrent mark-sweep generation total 393216K, used 0K [0x00000000e8000000, 0x0000000100000000, 0x0000000100000000)
 Metaspace       used 22187K, capacity 22600K, committed 22880K, reserved 1069056K
  class space    used 2578K, capacity 2733K, committed 2816K, reserved 1048576K
}
2018-06-19T14:58:40.655+0200: 2,608: Total time for which application threads were stopped: 0,0297071 seconds, Stopping threads took: 0,0003587 seconds
{Heap before GC invocations=5 (full 1):
 par new generation   total 109248K, used 100477K [0x00000000e0000000, 0x00000000e8000000, 0x00000000e8000000)
  eden space 87424K, 100% used [0x00000000e0000000, 0x00000000e5560000, 0x00000000e5560000)
  from space 21824K,  59% used [0x00000000e6ab0000, 0x00000000e776f480, 0x00000000e8000000)
  to   space 21824K,   0% used [0x00000000e5560000, 0x00000000e5560000, 0x00000000e6ab0000)
 concurrent mark-sweep generation total 393216K, used 0K [0x00000000e8000000, 0x0000000100000000, 0x0000000100000000)
 Metaspace       used 22349K, capacity 22760K, committed 22880K, reserved 1069056K
  class space    used 2598K, capacity 2765K, committed 2816K, reserved 1048576K
2018-06-19T14:58:40.830+0200: 2,783: [GC (Allocation Failure) 2018-06-19T14:58:40.830+0200: 2,783: [ParNew
Desired survivor size 20112992 bytes, new threshold 8 (max 8)
- age   1:    1026448 bytes,    1026448 total
- age   2:     171896 bytes,    1198344 total
- age   3:        448 bytes,    1198792 total
- age   4:    1825328 bytes,    3024120 total
- age   5:     566664 bytes,    3590784 total
- age   6:    6397304 bytes,    9988088 total
: 100477K->15826K(109248K), 0,0248782 secs] 100477K->15826K(502464K), 0,0250000 secs] [Times: user=0,05 sys=0,00, real=0,03 secs] 
Heap after GC invocations=6 (full 1):
 par new generation   total 109248K, used 15826K [0x00000000e0000000, 0x00000000e8000000, 0x00000000e8000000)
  eden space 87424K,   0% used [0x00000000e0000000, 0x00000000e0000000, 0x00000000e5560000)
  from space 21824K,  72% used [0x00000000e5560000, 0x00000000e64d48f0, 0x00000000e6ab0000)
  to   space 21824K,   0% used [0x00000000e6ab0000, 0x00000000e6ab0000, 0x00000000e8000000)
 concurrent mark-sweep generation total 393216K, used 0K [0x00000000e8000000, 0x0000000100000000, 0x0000000100000000)
 Metaspace       used 22349K, capacity 22760K, committed 22880K, reserved 1069056K
  class space    used 2598K, capacity 2765K, committed 2816K, reserved 1048576K
}
2018-06-19T14:58:40.855+0200: 2,808: Total time for which application threads were stopped: 0,0252437 seconds, Stopping threads took: 0,0000696 seconds
2018-06-19T14:58:41.482+0200: 3,434: Total time for which application threads were stopped: 0,0005212 seconds, Stopping threads took: 0,0000195 seconds
2018-06-19T14:58:41.512+0200: 3,464: Total time for which application threads were stopped: 0,0012315 seconds, Stopping threads took: 0,0007259 seconds
2018-06-19T14:58:41.801+0200: 3,754: Total time for which application threads were stopped: 0,0006010 seconds, Stopping threads took: 0,0000341 seconds
{Heap before GC invocations=6 (full 1):
 par new generation   total 109248K, used 103250K [0x00000000e0000000, 0x00000000e8000000, 0x00000000e8000000)
  eden space 87424K, 100% used [0x00000000e0000000, 0x00000000e5560000, 0x00000000e5560000)
  from space 21824K,  72% used [0x00000000e5560000, 0x00000000e64d48f0, 0x00000000e6ab0000)
  to   space 21824K,   0% used [0x00000000e6ab0000, 0x00000000e6ab0000, 0x00000000e8000000)
 concurrent mark-sweep generation total 393216K, used 0K [0x00000000e8000000, 0x0000000100000000, 0x0000000100000000)
 Metaspace       used 26709K, capacity 27132K, committed 27392K, reserved 1073152K
  class space    used 3119K, capacity 3319K, committed 3328K, reserved 1048576K
2018-06-19T14:58:41.935+0200: 3,888: [GC (Allocation Failure) 2018-06-19T14:58:41.935+0200: 3,888: [ParNew
Desired survivor size 20112992 bytes, new threshold 8 (max 8)
- age   1:    5345160 bytes,    5345160 total
- age   2:     111112 bytes,    5456272 total
- age   3:     167416 bytes,    5623688 total
- age   4:        376 bytes,    5624064 total
- age   5:     652280 bytes,    6276344 total
- age   6:     545352 bytes,    6821696 total
- age   7:    6392232 bytes,   13213928 total
: 103250K->15272K(109248K), 0,0200233 secs] 103250K->15272K(502464K), 0,0200997 secs] [Times: user=0,06 sys=0,00, real=0,02 secs] 
Heap after GC invocations=7 (full 1):
 par new generation   total 109248K, used 15272K [0x00000000e0000000, 0x00000000e8000000, 0x00000000e8000000)
  eden space 87424K,   0% used [0x00000000e0000000, 0x00000000e0000000, 0x00000000e5560000)
  from space 21824K,  69% used [0x00000000e6ab0000, 0x00000000e799a378, 0x00000000e8000000)
  to   space 21824K,   0% used [0x00000000e5560000, 0x00000000e5560000, 0x00000000e6ab0000)
 concurrent mark-sweep generation total 393216K, used 0K [0x00000000e8000000, 0x0000000100000000, 0x0000000100000000)
 Metaspace       used 26709K, capacity 27132K, committed 27392K, reserved 1073152K
  class space    used 3119K, capacity 3319K, committed 3328K, reserved 1048576K
}
2018-06-19T14:58:41.956+0200: 3,908: Total time for which application threads were stopped: 0,0203481 seconds, Stopping threads took: 0,0000403 seconds
2018-06-19T14:58:42.120+0200: 4,073: Total time for which application threads were stopped: 0,0026247 seconds, Stopping threads took: 0,0011619 seconds
2018-06-19T14:58:42.127+0200: 4,079: Total time for which application threads were stopped: 0,0003988 seconds, Stopping threads took: 0,0002935 seconds
2018-06-19T14:58:42.130+0200: 4,083: Total time for which application threads were stopped: 0,0003799 seconds, Stopping threads took: 0,0002585 seconds
2018-06-19T14:58:42.139+0200: 4,091: Total time for which application threads were stopped: 0,0014368 seconds, Stopping threads took: 0,0013417 seconds
2018-06-19T14:58:42.140+0200: 4,092: Total time for which application threads were stopped: 0,0001238 seconds, Stopping threads took: 0,0000402 seconds
2018-06-19T14:58:42.140+0200: 4,092: Total time for which application threads were stopped: 0,0000818 seconds, Stopping threads took: 0,0000368 seconds
2018-06-19T14:58:42.141+0200: 4,094: Total time for which application threads were stopped: 0,0001168 seconds, Stopping threads took: 0,0000247 seconds
2018-06-19T14:58:42.142+0200: 4,094: Total time for which application threads were stopped: 0,0000968 seconds, Stopping threads took: 0,0000392 seconds
2018-06-19T14:58:42.142+0200: 4,095: Total time for which application threads were stopped: 0,0001933 seconds, Stopping threads took: 0,0001282 seconds
2018-06-19T14:58:42.147+0200: 4,099: Total time for which application threads were stopped: 0,0046217 seconds, Stopping threads took: 0,0045385 seconds
2018-06-19T14:58:42.148+0200: 4,100: Total time for which application threads were stopped: 0,0001303 seconds, Stopping threads took: 0,0000532 seconds
2018-06-19T14:58:42.152+0200: 4,105: Total time for which application threads were stopped: 0,0015030 seconds, Stopping threads took: 0,0013793 seconds
2018-06-19T14:58:42.156+0200: 4,109: Total time for which application threads were stopped: 0,0008332 seconds, Stopping threads took: 0,0007398 seconds
2018-06-19T14:58:42.176+0200: 4,128: Total time for which application threads were stopped: 0,0003233 seconds, Stopping threads took: 0,0001630 seconds
2018-06-19T14:58:42.176+0200: 4,129: Total time for which application threads were stopped: 0,0002041 seconds, Stopping threads took: 0,0000980 seconds
2018-06-19T14:58:42.185+0200: 4,138: Total time for which application threads were stopped: 0,0006238 seconds, Stopping threads took: 0,0005051 seconds
2018-06-19T14:58:42.211+0200: 4,163: Total time for which application threads were stopped: 0,0026832 seconds, Stopping threads took: 0,0025789 seconds
2018-06-19T14:58:42.216+0200: 4,168: Total time for which application threads were stopped: 0,0001596 seconds, Stopping threads took: 0,0000583 seconds
2018-06-19T14:58:42.225+0200: 4,177: Total time for which application threads were stopped: 0,0006534 seconds, Stopping threads took: 0,0001002 seconds
2018-06-19T14:58:42.227+0200: 4,180: Total time for which application threads were stopped: 0,0001768 seconds, Stopping threads took: 0,0000517 seconds
2018-06-19T14:58:42.238+0200: 4,190: Total time for which application threads were stopped: 0,0002070 seconds, Stopping threads took: 0,0000699 seconds
2018-06-19T14:58:42.242+0200: 4,195: Total time for which application threads were stopped: 0,0002340 seconds, Stopping threads took: 0,0000472 seconds
2018-06-19T14:58:42.243+0200: 4,196: Total time for which application threads were stopped: 0,0005214 seconds, Stopping threads took: 0,0000197 seconds
2018-06-19T14:58:42.246+0200: 4,199: Total time for which application threads were stopped: 0,0005372 seconds, Stopping threads took: 0,0001100 seconds
2018-06-19T14:58:42.251+0200: 4,203: Total time for which application threads were stopped: 0,0001984 seconds, Stopping threads took: 0,0000547 seconds
2018-06-19T14:58:42.251+0200: 4,204: Total time for which application threads were stopped: 0,0001401 seconds, Stopping threads took: 0,0000409 seconds
2018-06-19T14:58:42.253+0200: 4,205: Total time for which application threads were stopped: 0,0001844 seconds, Stopping threads took: 0,0000561 seconds
2018-06-19T14:58:42.259+0200: 4,211: Total time for which application threads were stopped: 0,0032740 seconds, Stopping threads took: 0,0031367 seconds
2018-06-19T14:58:42.262+0200: 4,214: Total time for which application threads were stopped: 0,0002786 seconds, Stopping threads took: 0,0001558 seconds
2018-06-19T14:58:42.269+0200: 4,221: Total time for which application threads were stopped: 0,0002041 seconds, Stopping threads took: 0,0000897 seconds
2018-06-19T14:58:42.308+0200: 4,260: Total time for which application threads were stopped: 0,0002194 seconds, Stopping threads took: 0,0001028 seconds
2018-06-19T14:58:42.312+0200: 4,265: Total time for which application threads were stopped: 0,0005954 seconds, Stopping threads took: 0,0004657 seconds
2018-06-19T14:58:42.318+0200: 4,271: Total time for which application threads were stopped: 0,0009155 seconds, Stopping threads took: 0,0003501 seconds
2018-06-19T14:58:42.324+0200: 4,277: Total time for which application threads were stopped: 0,0002145 seconds, Stopping threads took: 0,0001318 seconds
2018-06-19T14:58:42.328+0200: 4,280: Total time for which application threads were stopped: 0,0011552 seconds, Stopping threads took: 0,0010356 seconds
2018-06-19T14:58:42.344+0200: 4,296: Total time for which application threads were stopped: 0,0004227 seconds, Stopping threads took: 0,0002793 seconds
2018-06-19T14:58:42.345+0200: 4,298: Total time for which application threads were stopped: 0,0001447 seconds, Stopping threads took: 0,0000536 seconds
2018-06-19T14:58:42.352+0200: 4,305: Total time for which application threads were stopped: 0,0001482 seconds, Stopping threads took: 0,0000308 seconds
2018-06-19T14:58:42.353+0200: 4,306: Total time for which application threads were stopped: 0,0001596 seconds, Stopping threads took: 0,0000429 seconds
2018-06-19T14:58:42.356+0200: 4,308: Total time for which application threads were stopped: 0,0001998 seconds, Stopping threads took: 0,0000801 seconds
2018-06-19T14:58:42.356+0200: 4,309: Total time for which application threads were stopped: 0,0001047 seconds, Stopping threads took: 0,0000420 seconds
2018-06-19T14:58:42.367+0200: 4,319: Total time for which application threads were stopped: 0,0001355 seconds, Stopping threads took: 0,0000456 seconds
2018-06-19T14:58:42.371+0200: 4,323: Total time for which application threads were stopped: 0,0038040 seconds, Stopping threads took: 0,0036826 seconds
2018-06-19T14:58:42.371+0200: 4,323: Total time for which application threads were stopped: 0,0000818 seconds, Stopping threads took: 0,0000287 seconds
2018-06-19T14:58:42.372+0200: 4,325: Total time for which application threads were stopped: 0,0009350 seconds, Stopping threads took: 0,0008081 seconds
2018-06-19T14:58:42.372+0200: 4,325: Total time for which application threads were stopped: 0,0000783 seconds, Stopping threads took: 0,0000140 seconds
2018-06-19T14:58:42.373+0200: 4,325: Total time for which application threads were stopped: 0,0000835 seconds, Stopping threads took: 0,0000294 seconds
2018-06-19T14:58:42.373+0200: 4,325: Total time for which application threads were stopped: 0,0000754 seconds, Stopping threads took: 0,0000220 seconds
2018-06-19T14:58:42.373+0200: 4,325: Total time for which application threads were stopped: 0,0000609 seconds, Stopping threads took: 0,0000116 seconds
2018-06-19T14:58:42.373+0200: 4,326: Total time for which application threads were stopped: 0,0000676 seconds, Stopping threads took: 0,0000153 seconds
2018-06-19T14:58:42.374+0200: 4,326: Total time for which application threads were stopped: 0,0003530 seconds, Stopping threads took: 0,0000113 seconds
2018-06-19T14:58:42.376+0200: 4,328: Total time for which application threads were stopped: 0,0001652 seconds, Stopping threads took: 0,0000512 seconds
2018-06-19T14:58:42.377+0200: 4,330: Total time for which application threads were stopped: 0,0001704 seconds, Stopping threads took: 0,0000330 seconds
2018-06-19T14:58:42.378+0200: 4,330: Total time for which application threads were stopped: 0,0000850 seconds, Stopping threads took: 0,0000136 seconds
2018-06-19T14:58:42.378+0200: 4,330: Total time for which application threads were stopped: 0,0000897 seconds, Stopping threads took: 0,0000229 seconds
2018-06-19T14:58:42.378+0200: 4,330: Total time for which application threads were stopped: 0,0001091 seconds, Stopping threads took: 0,0000248 seconds
2018-06-19T14:58:42.378+0200: 4,331: Total time for which application threads were stopped: 0,0000959 seconds, Stopping threads took: 0,0000170 seconds
2018-06-19T14:58:42.379+0200: 4,331: Total time for which application threads were stopped: 0,0001155 seconds, Stopping threads took: 0,0000169 seconds
2018-06-19T14:58:42.383+0200: 4,336: Total time for which application threads were stopped: 0,0001583 seconds, Stopping threads took: 0,0000573 seconds
2018-06-19T14:58:42.384+0200: 4,336: Total time for which application threads were stopped: 0,0000686 seconds, Stopping threads took: 0,0000136 seconds
2018-06-19T14:58:42.384+0200: 4,336: Total time for which application threads were stopped: 0,0000738 seconds, Stopping threads took: 0,0000298 seconds
2018-06-19T14:58:42.384+0200: 4,336: Total time for which application threads were stopped: 0,0000893 seconds, Stopping threads took: 0,0000276 seconds
2018-06-19T14:58:42.384+0200: 4,337: Total time for which application threads were stopped: 0,0001983 seconds, Stopping threads took: 0,0000114 seconds
2018-06-19T14:58:42.397+0200: 4,350: Total time for which application threads were stopped: 0,0043955 seconds, Stopping threads took: 0,0042778 seconds
2018-06-19T14:58:42.399+0200: 4,351: Total time for which application threads were stopped: 0,0001124 seconds, Stopping threads took: 0,0000310 seconds
2018-06-19T14:58:42.400+0200: 4,352: Total time for which application threads were stopped: 0,0001100 seconds, Stopping threads took: 0,0000227 seconds
2018-06-19T14:58:42.401+0200: 4,353: Total time for which application threads were stopped: 0,0000963 seconds, Stopping threads took: 0,0000247 seconds
2018-06-19T14:58:42.403+0200: 4,355: Total time for which application threads were stopped: 0,0000970 seconds, Stopping threads took: 0,0000210 seconds
2018-06-19T14:58:42.404+0200: 4,356: Total time for which application threads were stopped: 0,0001242 seconds, Stopping threads took: 0,0000465 seconds
2018-06-19T14:58:42.405+0200: 4,358: Total time for which application threads were stopped: 0,0001167 seconds, Stopping threads took: 0,0000358 seconds
2018-06-19T14:58:42.417+0200: 4,370: Total time for which application threads were stopped: 0,0005622 seconds, Stopping threads took: 0,0004590 seconds
2018-06-19T14:58:42.431+0200: 4,383: Total time for which application threads were stopped: 0,0001822 seconds, Stopping threads took: 0,0000814 seconds
2018-06-19T14:58:42.451+0200: 4,403: Total time for which application threads were stopped: 0,0002027 seconds, Stopping threads took: 0,0000714 seconds
2018-06-19T14:58:42.475+0200: 4,427: Total time for which application threads were stopped: 0,0038741 seconds, Stopping threads took: 0,0037163 seconds
2018-06-19T14:58:42.503+0200: 4,456: Total time for which application threads were stopped: 0,0022298 seconds, Stopping threads took: 0,0017411 seconds
2018-06-19T14:58:42.556+0200: 4,509: Total time for which application threads were stopped: 0,0003311 seconds, Stopping threads took: 0,0001470 seconds
{Heap before GC invocations=7 (full 1):
 par new generation   total 109248K, used 103044K [0x00000000e0000000, 0x00000000e8000000, 0x00000000e8000000)
  eden space 87424K, 100% used [0x00000000e0000000, 0x00000000e5560000, 0x00000000e5560000)
  from space 21824K,  71% used [0x00000000e6ab0000, 0x00000000e79f1010, 0x00000000e8000000)
  to   space 21824K,   0% used [0x00000000e5560000, 0x00000000e5560000, 0x00000000e6ab0000)
 concurrent mark-sweep generation total 393216K, used 0K [0x00000000e8000000, 0x0000000100000000, 0x0000000100000000)
 Metaspace       used 29386K, capacity 29960K, committed 30336K, reserved 1075200K
  class space    used 3392K, capacity 3599K, committed 3712K, reserved 1048576K
2018-06-19T14:58:42.567+0200: 4,519: [GC (GCLocker Initiated GC) 2018-06-19T14:58:42.567+0200: 4,519: [ParNew
Desired survivor size 20112992 bytes, new threshold 8 (max 8)
- age   1:   12798112 bytes,   12798112 total
- age   2:    2020432 bytes,   14818544 total
- age   3:      94680 bytes,   14913224 total
- age   4:     149824 bytes,   15063048 total
- age   5:        376 bytes,   15063424 total
- age   6:     625264 bytes,   15688688 total
- age   7:     525192 bytes,   16213880 total
- age   8:    6119496 bytes,   22333376 total
: 103044K->21824K(109248K), 0,0507446 secs] 103044K->24086K(502464K), 0,0508491 secs] [Times: user=0,13 sys=0,02, real=0,05 secs] 
Heap after GC invocations=8 (full 1):
 par new generation   total 109248K, used 21824K [0x00000000e0000000, 0x00000000e8000000, 0x00000000e8000000)
  eden space 87424K,   0% used [0x00000000e0000000, 0x00000000e0000000, 0x00000000e5560000)
  from space 21824K, 100% used [0x00000000e5560000, 0x00000000e6ab0000, 0x00000000e6ab0000)
  to   space 21824K,   0% used [0x00000000e6ab0000, 0x00000000e6ab0000, 0x00000000e8000000)
 concurrent mark-sweep generation total 393216K, used 2262K [0x00000000e8000000, 0x0000000100000000, 0x0000000100000000)
 Metaspace       used 29386K, capacity 29960K, committed 30336K, reserved 1075200K
  class space    used 3392K, capacity 3599K, committed 3712K, reserved 1048576K
}
2018-06-19T14:58:42.618+0200: 4,570: Total time for which application threads were stopped: 0,0601281 seconds, Stopping threads took: 0,0090683 seconds
2018-06-19T14:58:42.623+0200: 4,575: Total time for which application threads were stopped: 0,0027627 seconds, Stopping threads took: 0,0026279 seconds
2018-06-19T14:58:42.632+0200: 4,584: Total time for which application threads were stopped: 0,0002325 seconds, Stopping threads took: 0,0000991 seconds
2018-06-19T14:58:42.632+0200: 4,584: Total time for which application threads were stopped: 0,0001411 seconds, Stopping threads took: 0,0000570 seconds
{Heap before GC invocations=8 (full 1):
 par new generation   total 109248K, used 109241K [0x00000000e0000000, 0x00000000e8000000, 0x00000000e8000000)
  eden space 87424K,  99% used [0x00000000e0000000, 0x00000000e555e7b0, 0x00000000e5560000)
  from space 21824K, 100% used [0x00000000e5560000, 0x00000000e6ab0000, 0x00000000e6ab0000)
  to   space 21824K,   0% used [0x00000000e6ab0000, 0x00000000e6ab0000, 0x00000000e8000000)
 concurrent mark-sweep generation total 393216K, used 2262K [0x00000000e8000000, 0x0000000100000000, 0x0000000100000000)
 Metaspace       used 29666K, capacity 30260K, committed 30592K, reserved 1077248K
  class space    used 3428K, capacity 3633K, committed 3712K, reserved 1048576K
2018-06-19T14:58:42.733+0200: 4,686: [GC (Allocation Failure) 2018-06-19T14:58:42.733+0200: 4,686: [ParNew
Desired survivor size 20112992 bytes, new threshold 8 (max 8)
- age   1:    1443176 bytes,    1443176 total
- age   2:   11175200 bytes,   12618376 total
- age   3:    1968344 bytes,   14586720 total
- age   4:      93112 bytes,   14679832 total
- age   5:     147704 bytes,   14827536 total
- age   6:        376 bytes,   14827912 total
- age   7:     615024 bytes,   15442936 total
- age   8:     496528 bytes,   15939464 total
: 109241K->21824K(109248K), 0,0713183 secs] 111504K->31573K(502464K), 0,0714294 secs] [Times: user=0,24 sys=0,00, real=0,07 secs] 
Heap after GC invocations=9 (full 1):
 par new generation   total 109248K, used 21824K [0x00000000e0000000, 0x00000000e8000000, 0x00000000e8000000)
  eden space 87424K,   0% used [0x00000000e0000000, 0x00000000e0000000, 0x00000000e5560000)
  from space 21824K, 100% used [0x00000000e6ab0000, 0x00000000e8000000, 0x00000000e8000000)
  to   space 21824K,   0% used [0x00000000e5560000, 0x00000000e5560000, 0x00000000e6ab0000)
 concurrent mark-sweep generation total 393216K, used 9749K [0x00000000e8000000, 0x0000000100000000, 0x0000000100000000)
 Metaspace       used 29666K, capacity 30260K, committed 30592K, reserved 1077248K
  class space    used 3428K, capacity 3633K, committed 3712K, reserved 1048576K
}
2018-06-19T14:58:42.805+0200: 4,757: Total time for which application threads were stopped: 0,0718121 seconds, Stopping threads took: 0,0000978 seconds
{Heap before GC invocations=9 (full 1):
 par new generation   total 109248K, used 109248K [0x00000000e0000000, 0x00000000e8000000, 0x00000000e8000000)
  eden space 87424K, 100% used [0x00000000e0000000, 0x00000000e5560000, 0x00000000e5560000)
  from space 21824K, 100% used [0x00000000e6ab0000, 0x00000000e8000000, 0x00000000e8000000)
  to   space 21824K,   0% used [0x00000000e5560000, 0x00000000e5560000, 0x00000000e6ab0000)
 concurrent mark-sweep generation total 393216K, used 9749K [0x00000000e8000000, 0x0000000100000000, 0x0000000100000000)
 Metaspace       used 29712K, capacity 30414K, committed 30592K, reserved 1077248K
  class space    used 3431K, capacity 3638K, committed 3712K, reserved 1048576K
2018-06-19T14:58:42.909+0200: 4,862: [GC (Allocation Failure) 2018-06-19T14:58:42.909+0200: 4,862: [ParNew
Desired survivor size 20112992 bytes, new threshold 8 (max 8)
- age   1:     482408 bytes,     482408 total
- age   2:     639352 bytes,    1121760 total
- age   3:   11172192 bytes,   12293952 total
- age   4:    1968344 bytes,   14262296 total
- age   5:      93112 bytes,   14355408 total
- age   6:     147600 bytes,   14503008 total
- age   7:        376 bytes,   14503384 total
- age   8:     615024 bytes,   15118408 total
: 109248K->17844K(109248K), 0,0217400 secs] 118997K->28090K(502464K), 0,0218403 secs] [Times: user=0,07 sys=0,00, real=0,03 secs] 
Heap after GC invocations=10 (full 1):
 par new generation   total 109248K, used 17844K [0x00000000e0000000, 0x00000000e8000000, 0x00000000e8000000)
  eden space 87424K,   0% used [0x00000000e0000000, 0x00000000e0000000, 0x00000000e5560000)
  from space 21824K,  81% used [0x00000000e5560000, 0x00000000e66cd220, 0x00000000e6ab0000)
  to   space 21824K,   0% used [0x00000000e6ab0000, 0x00000000e6ab0000, 0x00000000e8000000)
 concurrent mark-sweep generation total 393216K, used 10246K [0x00000000e8000000, 0x0000000100000000, 0x0000000100000000)
 Metaspace       used 29712K, capacity 30414K, committed 30592K, reserved 1077248K
  class space    used 3431K, capacity 3638K, committed 3712K, reserved 1048576K
}
2018-06-19T14:58:42.931+0200: 4,884: Total time for which application threads were stopped: 0,0221110 seconds, Stopping threads took: 0,0000506 seconds
2018-06-19T14:58:42.989+0200: 4,941: Total time for which application threads were stopped: 0,0001905 seconds, Stopping threads took: 0,0000674 seconds
2018-06-19T14:58:43.043+0200: 4,995: Total time for which application threads were stopped: 0,0035853 seconds, Stopping threads took: 0,0034243 seconds
2018-06-19T14:58:43.063+0200: 5,016: Total time for which application threads were stopped: 0,0001477 seconds, Stopping threads took: 0,0000540 seconds
2018-06-19T14:58:43.077+0200: 5,029: Total time for which application threads were stopped: 0,0002064 seconds, Stopping threads took: 0,0000512 seconds
2018-06-19T14:58:43.095+0200: 5,047: Total time for which application threads were stopped: 0,0013168 seconds, Stopping threads took: 0,0011249 seconds
2018-06-19T14:58:43.095+0200: 5,048: Total time for which application threads were stopped: 0,0001681 seconds, Stopping threads took: 0,0000873 seconds
2018-06-19T14:58:43.138+0200: 5,091: Total time for which application threads were stopped: 0,0066558 seconds, Stopping threads took: 0,0065579 seconds
2018-06-19T14:58:43.138+0200: 5,091: Total time for which application threads were stopped: 0,0000620 seconds, Stopping threads took: 0,0000159 seconds
2018-06-19T14:58:43.139+0200: 5,092: Total time for which application threads were stopped: 0,0000952 seconds, Stopping threads took: 0,0000205 seconds
2018-06-19T14:58:43.144+0200: 5,097: Total time for which application threads were stopped: 0,0001801 seconds, Stopping threads took: 0,0000526 seconds
2018-06-19T14:58:43.145+0200: 5,097: Total time for which application threads were stopped: 0,0001411 seconds, Stopping threads took: 0,0000309 seconds
2018-06-19T14:58:43.145+0200: 5,097: Total time for which application threads were stopped: 0,0000851 seconds, Stopping threads took: 0,0000135 seconds
2018-06-19T14:58:43.145+0200: 5,098: Total time for which application threads were stopped: 0,0003786 seconds, Stopping threads took: 0,0000117 seconds
2018-06-19T14:58:44.145+0200: 6,098: Total time for which application threads were stopped: 0,0000813 seconds, Stopping threads took: 0,0000207 seconds
2018-06-19T14:58:46.851+0200: 8,804: Total time for which application threads were stopped: 0,0001069 seconds, Stopping threads took: 0,0000227 seconds
2018-06-19T14:58:46.854+0200: 8,806: Total time for which application threads were stopped: 0,0001588 seconds, Stopping threads took: 0,0000709 seconds
2018-06-19T14:58:47.854+0200: 9,806: Total time for which application threads were stopped: 0,0000831 seconds, Stopping threads took: 0,0000184 seconds
2018-06-19T14:59:12.959+0200: 34,911: Total time for which application threads were stopped: 0,0006717 seconds, Stopping threads took: 0,0000349 seconds
2018-06-19T14:59:12.970+0200: 34,923: Total time for which application threads were stopped: 0,0005435 seconds, Stopping threads took: 0,0000898 seconds
2018-06-19T14:59:12.973+0200: 34,925: Total time for which application threads were stopped: 0,0006202 seconds, Stopping threads took: 0,0001834 seconds
2018-06-19T14:59:12.977+0200: 34,930: Total time for which application threads were stopped: 0,0016893 seconds, Stopping threads took: 0,0015934 seconds
2018-06-19T14:59:12.977+0200: 34,930: Total time for which application threads were stopped: 0,0001301 seconds, Stopping threads took: 0,0000199 seconds
2018-06-19T14:59:12.978+0200: 34,930: Total time for which application threads were stopped: 0,0000772 seconds, Stopping threads took: 0,0000262 seconds
2018-06-19T14:59:12.978+0200: 34,930: Total time for which application threads were stopped: 0,0000708 seconds, Stopping threads took: 0,0000240 seconds
2018-06-19T14:59:12.983+0200: 34,935: Total time for which application threads were stopped: 0,0001405 seconds, Stopping threads took: 0,0000469 seconds
2018-06-19T14:59:12.985+0200: 34,938: Total time for which application threads were stopped: 0,0001351 seconds, Stopping threads took: 0,0000455 seconds
2018-06-19T14:59:12.985+0200: 34,938: Total time for which application threads were stopped: 0,0000866 seconds, Stopping threads took: 0,0000276 seconds
2018-06-19T14:59:12.986+0200: 34,938: Total time for which application threads were stopped: 0,0000792 seconds, Stopping threads took: 0,0000258 seconds
2018-06-19T14:59:12.986+0200: 34,938: Total time for which application threads were stopped: 0,0000753 seconds, Stopping threads took: 0,0000251 seconds
2018-06-19T14:59:12.986+0200: 34,938: Total time for which application threads were stopped: 0,0000765 seconds, Stopping threads took: 0,0000229 seconds
2018-06-19T14:59:12.986+0200: 34,938: Total time for which application threads were stopped: 0,0000739 seconds, Stopping threads took: 0,0000288 seconds
2018-06-19T14:59:12.988+0200: 34,940: Total time for which application threads were stopped: 0,0001277 seconds, Stopping threads took: 0,0000499 seconds
2018-06-19T14:59:13.045+0200: 34,997: Total time for which application threads were stopped: 0,0001521 seconds, Stopping threads took: 0,0000429 seconds
2018-06-19T14:59:13.070+0200: 35,022: Total time for which application threads were stopped: 0,0001017 seconds, Stopping threads took: 0,0000257 seconds
2018-06-19T14:59:13.080+0200: 35,032: Total time for which application threads were stopped: 0,0006763 seconds, Stopping threads took: 0,0001514 seconds
2018-06-19T14:59:13.092+0200: 35,044: Total time for which application threads were stopped: 0,0001136 seconds, Stopping threads took: 0,0000433 seconds
2018-06-19T14:59:13.140+0200: 35,092: Total time for which application threads were stopped: 0,0001398 seconds, Stopping threads took: 0,0000316 seconds
2018-06-19T14:59:13.140+0200: 35,093: Total time for which application threads were stopped: 0,0000845 seconds, Stopping threads took: 0,0000192 seconds
2018-06-19T14:59:13.141+0200: 35,093: Total time for which application threads were stopped: 0,0001019 seconds, Stopping threads took: 0,0000283 seconds
2018-06-19T14:59:13.170+0200: 35,122: Total time for which application threads were stopped: 0,0001542 seconds, Stopping threads took: 0,0000653 seconds
2018-06-19T14:59:13.171+0200: 35,123: Total time for which application threads were stopped: 0,0001197 seconds, Stopping threads took: 0,0000469 seconds
2018-06-19T14:59:13.172+0200: 35,125: Total time for which application threads were stopped: 0,0017163 seconds, Stopping threads took: 0,0016297 seconds
2018-06-19T14:59:13.173+0200: 35,126: Total time for which application threads were stopped: 0,0000960 seconds, Stopping threads took: 0,0000248 seconds
2018-06-19T14:59:13.173+0200: 35,126: Total time for which application threads were stopped: 0,0001054 seconds, Stopping threads took: 0,0000373 seconds
2018-06-19T14:59:13.174+0200: 35,126: Total time for which application threads were stopped: 0,0000681 seconds, Stopping threads took: 0,0000204 seconds
2018-06-19T14:59:13.174+0200: 35,126: Total time for which application threads were stopped: 0,0000777 seconds, Stopping threads took: 0,0000249 seconds
2018-06-19T14:59:13.174+0200: 35,126: Total time for which application threads were stopped: 0,0000820 seconds, Stopping threads took: 0,0000346 seconds
2018-06-19T14:59:13.174+0200: 35,126: Total time for which application threads were stopped: 0,0000635 seconds, Stopping threads took: 0,0000252 seconds
2018-06-19T14:59:13.174+0200: 35,127: Total time for which application threads were stopped: 0,0000816 seconds, Stopping threads took: 0,0000121 seconds
2018-06-19T14:59:13.175+0200: 35,127: Total time for which application threads were stopped: 0,0000713 seconds, Stopping threads took: 0,0000153 seconds
2018-06-19T14:59:13.175+0200: 35,127: Total time for which application threads were stopped: 0,0000558 seconds, Stopping threads took: 0,0000126 seconds
2018-06-19T14:59:13.175+0200: 35,127: Total time for which application threads were stopped: 0,0000737 seconds, Stopping threads took: 0,0000340 seconds
2018-06-19T14:59:13.175+0200: 35,128: Total time for which application threads were stopped: 0,0000748 seconds, Stopping threads took: 0,0000175 seconds
2018-06-19T14:59:13.175+0200: 35,128: Total time for which application threads were stopped: 0,0000604 seconds, Stopping threads took: 0,0000141 seconds
2018-06-19T14:59:13.175+0200: 35,128: Total time for which application threads were stopped: 0,0000619 seconds, Stopping threads took: 0,0000209 seconds
2018-06-19T14:59:13.176+0200: 35,128: Total time for which application threads were stopped: 0,0000799 seconds, Stopping threads took: 0,0000191 seconds
2018-06-19T14:59:13.176+0200: 35,128: Total time for which application threads were stopped: 0,0000700 seconds, Stopping threads took: 0,0000300 seconds
2018-06-19T14:59:13.176+0200: 35,128: Total time for which application threads were stopped: 0,0000548 seconds, Stopping threads took: 0,0000130 seconds
2018-06-19T14:59:13.176+0200: 35,129: Total time for which application threads were stopped: 0,0000668 seconds, Stopping threads took: 0,0000140 seconds
2018-06-19T14:59:13.177+0200: 35,129: Total time for which application threads were stopped: 0,0001912 seconds, Stopping threads took: 0,0000264 seconds
2018-06-19T14:59:13.250+0200: 35,202: Total time for which application threads were stopped: 0,0000824 seconds, Stopping threads took: 0,0000214 seconds
2018-06-19T14:59:13.257+0200: 35,209: Total time for which application threads were stopped: 0,0003761 seconds, Stopping threads took: 0,0000140 seconds
2018-06-19T14:59:13.258+0200: 35,210: Total time for which application threads were stopped: 0,0003560 seconds, Stopping threads took: 0,0000123 seconds
2018-06-19T14:59:13.461+0200: 35,414: Total time for which application threads were stopped: 0,0002030 seconds, Stopping threads took: 0,0000345 seconds
{Heap before GC invocations=10 (full 1):
 par new generation   total 109248K, used 105268K [0x00000000e0000000, 0x00000000e8000000, 0x00000000e8000000)
  eden space 87424K, 100% used [0x00000000e0000000, 0x00000000e5560000, 0x00000000e5560000)
  from space 21824K,  81% used [0x00000000e5560000, 0x00000000e66cd220, 0x00000000e6ab0000)
  to   space 21824K,   0% used [0x00000000e6ab0000, 0x00000000e6ab0000, 0x00000000e8000000)
 concurrent mark-sweep generation total 393216K, used 10246K [0x00000000e8000000, 0x0000000100000000, 0x0000000100000000)
 Metaspace       used 31276K, capacity 32008K, committed 32256K, reserved 1077248K
  class space    used 3568K, capacity 3781K, committed 3840K, reserved 1048576K
2018-06-19T14:59:13.539+0200: 35,491: [GC (Allocation Failure) 2018-06-19T14:59:13.539+0200: 35,491: [ParNew
Desired survivor size 20112992 bytes, new threshold 5 (max 8)
- age   1:    7121944 bytes,    7121944 total
- age   2:     295336 bytes,    7417280 total
- age   3:     246912 bytes,    7664192 total
- age   4:   10787008 bytes,   18451200 total
- age   5:    1809256 bytes,   20260456 total
- age   6:      88056 bytes,   20348512 total
- age   7:     134568 bytes,   20483080 total
- age   8:        376 bytes,   20483456 total
: 105268K->21824K(109248K), 0,0201811 secs] 115514K->33059K(502464K), 0,0202925 secs] [Times: user=0,07 sys=0,00, real=0,02 secs] 
Heap after GC invocations=11 (full 1):
 par new generation   total 109248K, used 21824K [0x00000000e0000000, 0x00000000e8000000, 0x00000000e8000000)
  eden space 87424K,   0% used [0x00000000e0000000, 0x00000000e0000000, 0x00000000e5560000)
  from space 21824K, 100% used [0x00000000e6ab0000, 0x00000000e8000000, 0x00000000e8000000)
  to   space 21824K,   0% used [0x00000000e5560000, 0x00000000e5560000, 0x00000000e6ab0000)
 concurrent mark-sweep generation total 393216K, used 11235K [0x00000000e8000000, 0x0000000100000000, 0x0000000100000000)
 Metaspace       used 31276K, capacity 32008K, committed 32256K, reserved 1077248K
  class space    used 3568K, capacity 3781K, committed 3840K, reserved 1048576K
}
2018-06-19T14:59:13.559+0200: 35,511: Total time for which application threads were stopped: 0,0205793 seconds, Stopping threads took: 0,0000570 seconds
2018-06-19T14:59:13.563+0200: 35,516: Total time for which application threads were stopped: 0,0001294 seconds, Stopping threads took: 0,0000596 seconds
2018-06-19T14:59:13.563+0200: 35,516: Total time for which application threads were stopped: 0,0000799 seconds, Stopping threads took: 0,0000375 seconds
2018-06-19T14:59:13.760+0200: 35,712: Total time for which application threads were stopped: 0,0009741 seconds, Stopping threads took: 0,0001517 seconds
2018-06-19T14:59:13.767+0200: 35,719: Total time for which application threads were stopped: 0,0001109 seconds, Stopping threads took: 0,0000235 seconds
2018-06-19T14:59:13.819+0200: 35,771: Total time for which application threads were stopped: 0,0121392 seconds, Stopping threads took: 0,0120125 seconds
2018-06-19T14:59:13.863+0200: 35,815: Total time for which application threads were stopped: 0,0001804 seconds, Stopping threads took: 0,0000367 seconds
2018-06-19T14:59:13.992+0200: 35,944: Total time for which application threads were stopped: 0,0010096 seconds, Stopping threads took: 0,0008964 seconds
2018-06-19T14:59:13.993+0200: 35,945: Total time for which application threads were stopped: 0,0001322 seconds, Stopping threads took: 0,0000617 seconds
{Heap before GC invocations=11 (full 1):
 par new generation   total 109248K, used 109246K [0x00000000e0000000, 0x00000000e8000000, 0x00000000e8000000)
  eden space 87424K,  99% used [0x00000000e0000000, 0x00000000e555f8f8, 0x00000000e5560000)
  from space 21824K, 100% used [0x00000000e6ab0000, 0x00000000e8000000, 0x00000000e8000000)
  to   space 21824K,   0% used [0x00000000e5560000, 0x00000000e5560000, 0x00000000e6ab0000)
 concurrent mark-sweep generation total 393216K, used 11235K [0x00000000e8000000, 0x0000000100000000, 0x0000000100000000)
 Metaspace       used 31364K, capacity 32136K, committed 32256K, reserved 1077248K
  class space    used 3569K, capacity 3781K, committed 3840K, reserved 1048576K
2018-06-19T14:59:14.070+0200: 36,023: [GC (Allocation Failure) 2018-06-19T14:59:14.070+0200: 36,023: [ParNew
Desired survivor size 20112992 bytes, new threshold 8 (max 8)
- age   1:    1316032 bytes,    1316032 total
- age   2:    6047344 bytes,    7363376 total
- age   3:     288408 bytes,    7651784 total
- age   4:     244232 bytes,    7896016 total
- age   5:   10708520 bytes,   18604536 total
: 109246K->21824K(109248K), 0,0412950 secs] 120481K->35374K(502464K), 0,0416765 secs] [Times: user=0,08 sys=0,00, real=0,05 secs] 
Heap after GC invocations=12 (full 1):
 par new generation   total 109248K, used 21824K [0x00000000e0000000, 0x00000000e8000000, 0x00000000e8000000)
  eden space 87424K,   0% used [0x00000000e0000000, 0x00000000e0000000, 0x00000000e5560000)
  from space 21824K, 100% used [0x00000000e5560000, 0x00000000e6ab0000, 0x00000000e6ab0000)
  to   space 21824K,   0% used [0x00000000e6ab0000, 0x00000000e6ab0000, 0x00000000e8000000)
 concurrent mark-sweep generation total 393216K, used 13550K [0x00000000e8000000, 0x0000000100000000, 0x0000000100000000)
 Metaspace       used 31364K, capacity 32136K, committed 32256K, reserved 1077248K
  class space    used 3569K, capacity 3781K, committed 3840K, reserved 1048576K
}
2018-06-19T14:59:14.112+0200: 36,065: Total time for which application threads were stopped: 0,0422293 seconds, Stopping threads took: 0,0000280 seconds
2018-06-19T14:59:14.277+0200: 36,230: Total time for which application threads were stopped: 0,0007850 seconds, Stopping threads took: 0,0001766 seconds
2018-06-19T14:59:14.359+0200: 36,312: Total time for which application threads were stopped: 0,0106158 seconds, Stopping threads took: 0,0099652 seconds
2018-06-19T14:59:14.387+0200: 36,339: Total time for which application threads were stopped: 0,0039959 seconds, Stopping threads took: 0,0038777 seconds
2018-06-19T14:59:14.415+0200: 36,367: Total time for which application threads were stopped: 0,0189361 seconds, Stopping threads took: 0,0188121 seconds
{Heap before GC invocations=12 (full 1):
 par new generation   total 109248K, used 109248K [0x00000000e0000000, 0x00000000e8000000, 0x00000000e8000000)
  eden space 87424K, 100% used [0x00000000e0000000, 0x00000000e5560000, 0x00000000e5560000)
  from space 21824K, 100% used [0x00000000e5560000, 0x00000000e6ab0000, 0x00000000e6ab0000)
  to   space 21824K,   0% used [0x00000000e6ab0000, 0x00000000e6ab0000, 0x00000000e8000000)
 concurrent mark-sweep generation total 393216K, used 13550K [0x00000000e8000000, 0x0000000100000000, 0x0000000100000000)
 Metaspace       used 31505K, capacity 32296K, committed 32512K, reserved 1077248K
  class space    used 3583K, capacity 3813K, committed 3840K, reserved 1048576K
2018-06-19T14:59:14.613+0200: 36,565: [GC (Allocation Failure) 2018-06-19T14:59:14.613+0200: 36,565: [ParNew
Desired survivor size 20112992 bytes, new threshold 8 (max 8)
- age   1:    1716736 bytes,    1716736 total
- age   2:     941080 bytes,    2657816 total
- age   3:    3649312 bytes,    6307128 total
- age   4:     154856 bytes,    6461984 total
- age   5:     203504 bytes,    6665488 total
- age   6:   10365992 bytes,   17031480 total
: 109248K->21824K(109248K), 0,0508591 secs] 122798K->38495K(502464K), 0,0509586 secs] [Times: user=0,09 sys=0,00, real=0,05 secs] 
Heap after GC invocations=13 (full 1):
 par new generation   total 109248K, used 21824K [0x00000000e0000000, 0x00000000e8000000, 0x00000000e8000000)
  eden space 87424K,   0% used [0x00000000e0000000, 0x00000000e0000000, 0x00000000e5560000)
  from space 21824K, 100% used [0x00000000e6ab0000, 0x00000000e8000000, 0x00000000e8000000)
  to   space 21824K,   0% used [0x00000000e5560000, 0x00000000e5560000, 0x00000000e6ab0000)
 concurrent mark-sweep generation total 393216K, used 16671K [0x00000000e8000000, 0x0000000100000000, 0x0000000100000000)
 Metaspace       used 31505K, capacity 32296K, committed 32512K, reserved 1077248K
  class space    used 3583K, capacity 3813K, committed 3840K, reserved 1048576K
}
2018-06-19T14:59:14.664+0200: 36,616: Total time for which application threads were stopped: 0,0512506 seconds, Stopping threads took: 0,0000552 seconds
2018-06-19T14:59:14.711+0200: 36,663: Total time for which application threads were stopped: 0,0090888 seconds, Stopping threads took: 0,0089353 seconds
2018-06-19T14:59:14.716+0200: 36,668: Total time for which application threads were stopped: 0,0007851 seconds, Stopping threads took: 0,0006602 seconds
2018-06-19T14:59:14.721+0200: 36,674: Total time for which application threads were stopped: 0,0016199 seconds, Stopping threads took: 0,0015001 seconds
2018-06-19T14:59:14.846+0200: 36,798: Total time for which application threads were stopped: 0,0109709 seconds, Stopping threads took: 0,0107848 seconds
{Heap before GC invocations=13 (full 1):
 par new generation   total 109248K, used 109248K [0x00000000e0000000, 0x00000000e8000000, 0x00000000e8000000)
  eden space 87424K, 100% used [0x00000000e0000000, 0x00000000e5560000, 0x00000000e5560000)
  from space 21824K, 100% used [0x00000000e6ab0000, 0x00000000e8000000, 0x00000000e8000000)
  to   space 21824K,   0% used [0x00000000e5560000, 0x00000000e5560000, 0x00000000e6ab0000)
 concurrent mark-sweep generation total 393216K, used 16671K [0x00000000e8000000, 0x0000000100000000, 0x0000000100000000)
 Metaspace       used 31617K, capacity 32360K, committed 32512K, reserved 1077248K
  class space    used 3591K, capacity 3813K, committed 3840K, reserved 1048576K
2018-06-19T14:59:14.967+0200: 36,920: [GC (Allocation Failure) 2018-06-19T14:59:14.967+0200: 36,920: [ParNew
Desired survivor size 20112992 bytes, new threshold 8 (max 8)
- age   1:    1540720 bytes,    1540720 total
- age   2:     957272 bytes,    2497992 total
- age   3:     105416 bytes,    2603408 total
- age   4:    3154480 bytes,    5757888 total
- age   5:     154856 bytes,    5912744 total
- age   6:     203472 bytes,    6116216 total
- age   7:   10365968 bytes,   16482184 total
: 109248K->21585K(109248K), 0,0996724 secs] 125919K->38257K(502464K), 0,0997789 secs] [Times: user=0,12 sys=0,00, real=0,10 secs] 
Heap after GC invocations=14 (full 1):
 par new generation   total 109248K, used 21585K [0x00000000e0000000, 0x00000000e8000000, 0x00000000e8000000)
  eden space 87424K,   0% used [0x00000000e0000000, 0x00000000e0000000, 0x00000000e5560000)
  from space 21824K,  98% used [0x00000000e5560000, 0x00000000e6a745c0, 0x00000000e6ab0000)
  to   space 21824K,   0% used [0x00000000e6ab0000, 0x00000000e6ab0000, 0x00000000e8000000)
 concurrent mark-sweep generation total 393216K, used 16671K [0x00000000e8000000, 0x0000000100000000, 0x0000000100000000)
 Metaspace       used 31617K, capacity 32360K, committed 32512K, reserved 1077248K
  class space    used 3591K, capacity 3813K, committed 3840K, reserved 1048576K
}
2018-06-19T14:59:15.067+0200: 37,019: Total time for which application threads were stopped: 0,1000939 seconds, Stopping threads took: 0,0000518 seconds
2018-06-19T14:59:15.303+0200: 37,255: Total time for which application threads were stopped: 0,0006151 seconds, Stopping threads took: 0,0004796 seconds
2018-06-19T14:59:15.321+0200: 37,273: Total time for which application threads were stopped: 0,0001820 seconds, Stopping threads took: 0,0000670 seconds
2018-06-19T14:59:15.322+0200: 37,274: Total time for which application threads were stopped: 0,0001613 seconds, Stopping threads took: 0,0000658 seconds
2018-06-19T14:59:15.432+0200: 37,384: Total time for which application threads were stopped: 0,0069293 seconds, Stopping threads took: 0,0061561 seconds
2018-06-19T14:59:15.444+0200: 37,396: Total time for which application threads were stopped: 0,0029362 seconds, Stopping threads took: 0,0028012 seconds
2018-06-19T14:59:15.451+0200: 37,403: Total time for which application threads were stopped: 0,0049152 seconds, Stopping threads took: 0,0048201 seconds
{Heap before GC invocations=14 (full 1):
 par new generation   total 109248K, used 109009K [0x00000000e0000000, 0x00000000e8000000, 0x00000000e8000000)
  eden space 87424K, 100% used [0x00000000e0000000, 0x00000000e5560000, 0x00000000e5560000)
  from space 21824K,  98% used [0x00000000e5560000, 0x00000000e6a745c0, 0x00000000e6ab0000)
  to   space 21824K,   0% used [0x00000000e6ab0000, 0x00000000e6ab0000, 0x00000000e8000000)
 concurrent mark-sweep generation total 393216K, used 16671K [0x00000000e8000000, 0x0000000100000000, 0x0000000100000000)
 Metaspace       used 31629K, capacity 32360K, committed 32512K, reserved 1077248K
  class space    used 3591K, capacity 3813K, committed 3840K, reserved 1048576K
2018-06-19T14:59:15.468+0200: 37,420: [GC (Allocation Failure) 2018-06-19T14:59:15.468+0200: 37,420: [ParNew
Desired survivor size 20112992 bytes, new threshold 8 (max 8)
- age   1:    2026144 bytes,    2026144 total
- age   2:     999528 bytes,    3025672 total
- age   3:     840384 bytes,    3866056 total
- age   4:     105416 bytes,    3971472 total
- age   5:    2954192 bytes,    6925664 total
- age   6:     154856 bytes,    7080520 total
- age   7:     203472 bytes,    7283992 total
- age   8:   10365968 bytes,   17649960 total
: 109009K->21824K(109248K), 0,0676010 secs] 125681K->38691K(502464K), 0,0679751 secs] [Times: user=0,15 sys=0,00, real=0,07 secs] 
Heap after GC invocations=15 (full 1):
 par new generation   total 109248K, used 21824K [0x00000000e0000000, 0x00000000e8000000, 0x00000000e8000000)
  eden space 87424K,   0% used [0x00000000e0000000, 0x00000000e0000000, 0x00000000e5560000)
  from space 21824K, 100% used [0x00000000e6ab0000, 0x00000000e8000000, 0x00000000e8000000)
  to   space 21824K,   0% used [0x00000000e5560000, 0x00000000e5560000, 0x00000000e6ab0000)
 concurrent mark-sweep generation total 393216K, used 16867K [0x00000000e8000000, 0x0000000100000000, 0x0000000100000000)
 Metaspace       used 31629K, capacity 32360K, committed 32512K, reserved 1077248K
  class space    used 3591K, capacity 3813K, committed 3840K, reserved 1048576K
}
2018-06-19T14:59:15.536+0200: 37,489: Total time for which application threads were stopped: 0,0686025 seconds, Stopping threads took: 0,0000739 seconds
{Heap before GC invocations=15 (full 1):
 par new generation   total 109248K, used 109248K [0x00000000e0000000, 0x00000000e8000000, 0x00000000e8000000)
  eden space 87424K, 100% used [0x00000000e0000000, 0x00000000e5560000, 0x00000000e5560000)
  from space 21824K, 100% used [0x00000000e6ab0000, 0x00000000e8000000, 0x00000000e8000000)
  to   space 21824K,   0% used [0x00000000e5560000, 0x00000000e5560000, 0x00000000e6ab0000)
 concurrent mark-sweep generation total 393216K, used 16867K [0x00000000e8000000, 0x0000000100000000, 0x0000000100000000)
 Metaspace       used 31656K, capacity 32366K, committed 32512K, reserved 1077248K
  class space    used 3592K, capacity 3814K, committed 3840K, reserved 1048576K
2018-06-19T14:59:15.694+0200: 37,646: [GC (Allocation Failure) 2018-06-19T14:59:15.694+0200: 37,647: [ParNew
Desired survivor size 20112992 bytes, new threshold 8 (max 8)
- age   1:    1473560 bytes,    1473560 total
- age   2:    1436272 bytes,    2909832 total
- age   3:     568120 bytes,    3477952 total
- age   4:     484184 bytes,    3962136 total
- age   5:     105416 bytes,    4067552 total
- age   6:    2953744 bytes,    7021296 total
- age   7:     154856 bytes,    7176152 total
- age   8:     203472 bytes,    7379624 total
: 109248K->11746K(109248K), 0,0387790 secs] 126115K->39202K(502464K), 0,0388958 secs] [Times: user=0,11 sys=0,00, real=0,04 secs] 
Heap after GC invocations=16 (full 1):
 par new generation   total 109248K, used 11746K [0x00000000e0000000, 0x00000000e8000000, 0x00000000e8000000)
  eden space 87424K,   0% used [0x00000000e0000000, 0x00000000e0000000, 0x00000000e5560000)
  from space 21824K,  53% used [0x00000000e5560000, 0x00000000e60d8af0, 0x00000000e6ab0000)
  to   space 21824K,   0% used [0x00000000e6ab0000, 0x00000000e6ab0000, 0x00000000e8000000)
 concurrent mark-sweep generation total 393216K, used 27455K [0x00000000e8000000, 0x0000000100000000, 0x0000000100000000)
 Metaspace       used 31656K, capacity 32366K, committed 32512K, reserved 1077248K
  class space    used 3592K, capacity 3814K, committed 3840K, reserved 1048576K
}
2018-06-19T14:59:15.733+0200: 37,685: Total time for which application threads were stopped: 0,0392336 seconds, Stopping threads took: 0,0000622 seconds
{Heap before GC invocations=16 (full 1):
 par new generation   total 109248K, used 99170K [0x00000000e0000000, 0x00000000e8000000, 0x00000000e8000000)
  eden space 87424K, 100% used [0x00000000e0000000, 0x00000000e5560000, 0x00000000e5560000)
  from space 21824K,  53% used [0x00000000e5560000, 0x00000000e60d8af0, 0x00000000e6ab0000)
  to   space 21824K,   0% used [0x00000000e6ab0000, 0x00000000e6ab0000, 0x00000000e8000000)
 concurrent mark-sweep generation total 393216K, used 27455K [0x00000000e8000000, 0x0000000100000000, 0x0000000100000000)
 Metaspace       used 31657K, capacity 32366K, committed 32512K, reserved 1077248K
  class space    used 3592K, capacity 3814K, committed 3840K, reserved 1048576K
2018-06-19T14:59:15.922+0200: 37,874: [GC (Allocation Failure) 2018-06-19T14:59:15.922+0200: 37,874: [ParNew
Desired survivor size 20112992 bytes, new threshold 8 (max 8)
- age   1:    1462440 bytes,    1462440 total
- age   2:    1066064 bytes,    2528504 total
- age   3:    1436040 bytes,    3964544 total
- age   4:     568120 bytes,    4532664 total
- age   5:     484184 bytes,    5016848 total
- age   6:     105416 bytes,    5122264 total
- age   7:    2953200 bytes,    8075464 total
- age   8:     154856 bytes,    8230320 total
: 99170K->9398K(109248K), 0,0258948 secs] 126626K->37055K(502464K), 0,0260642 secs] [Times: user=0,08 sys=0,01, real=0,03 secs] 
Heap after GC invocations=17 (full 1):
 par new generation   total 109248K, used 9398K [0x00000000e0000000, 0x00000000e8000000, 0x00000000e8000000)
  eden space 87424K,   0% used [0x00000000e0000000, 0x00000000e0000000, 0x00000000e5560000)
  from space 21824K,  43% used [0x00000000e6ab0000, 0x00000000e73dda60, 0x00000000e8000000)
  to   space 21824K,   0% used [0x00000000e5560000, 0x00000000e5560000, 0x00000000e6ab0000)
 concurrent mark-sweep generation total 393216K, used 27656K [0x00000000e8000000, 0x0000000100000000, 0x0000000100000000)
 Metaspace       used 31657K, capacity 32366K, committed 32512K, reserved 1077248K
  class space    used 3592K, capacity 3814K, committed 3840K, reserved 1048576K
}
2018-06-19T14:59:15.948+0200: 37,900: Total time for which application threads were stopped: 0,0266634 seconds, Stopping threads took: 0,0001365 seconds
{Heap before GC invocations=17 (full 1):
 par new generation   total 109248K, used 96822K [0x00000000e0000000, 0x00000000e8000000, 0x00000000e8000000)
  eden space 87424K, 100% used [0x00000000e0000000, 0x00000000e5560000, 0x00000000e5560000)
  from space 21824K,  43% used [0x00000000e6ab0000, 0x00000000e73dda60, 0x00000000e8000000)
  to   space 21824K,   0% used [0x00000000e5560000, 0x00000000e5560000, 0x00000000e6ab0000)
 concurrent mark-sweep generation total 393216K, used 27656K [0x00000000e8000000, 0x0000000100000000, 0x0000000100000000)
 Metaspace       used 31663K, capacity 32430K, committed 32512K, reserved 1077248K
  class space    used 3592K, capacity 3814K, committed 3840K, reserved 1048576K
2018-06-19T14:59:16.180+0200: 38,133: [GC (Allocation Failure) 2018-06-19T14:59:16.180+0200: 38,133: [ParNew
Desired survivor size 20112992 bytes, new threshold 8 (max 8)
- age   1:    1664904 bytes,    1664904 total
- age   2:    1028344 bytes,    2693248 total
- age   3:    1016840 bytes,    3710088 total
- age   4:    1435984 bytes,    5146072 total
- age   5:     568120 bytes,    5714192 total
- age   6:     484184 bytes,    6198376 total
- age   7:     105384 bytes,    6303760 total
- age   8:    2952792 bytes,    9256552 total
: 96822K->14191K(109248K), 0,0262129 secs] 124479K->42001K(502464K), 0,0263254 secs] [Times: user=0,05 sys=0,00, real=0,03 secs] 
Heap after GC invocations=18 (full 1):
 par new generation   total 109248K, used 14191K [0x00000000e0000000, 0x00000000e8000000, 0x00000000e8000000)
  eden space 87424K,   0% used [0x00000000e0000000, 0x00000000e0000000, 0x00000000e5560000)
  from space 21824K,  65% used [0x00000000e5560000, 0x00000000e633bf90, 0x00000000e6ab0000)
  to   space 21824K,   0% used [0x00000000e6ab0000, 0x00000000e6ab0000, 0x00000000e8000000)
 concurrent mark-sweep generation total 393216K, used 27809K [0x00000000e8000000, 0x0000000100000000, 0x0000000100000000)
 Metaspace       used 31663K, capacity 32430K, committed 32512K, reserved 1077248K
  class space    used 3592K, capacity 3814K, committed 3840K, reserved 1048576K
}
2018-06-19T14:59:16.207+0200: 38,159: Total time for which application threads were stopped: 0,0265977 seconds, Stopping threads took: 0,0000432 seconds
2018-06-19T14:59:16.323+0200: 38,275: Total time for which application threads were stopped: 0,0016154 seconds, Stopping threads took: 0,0009185 seconds
2018-06-19T14:59:16.341+0200: 38,294: Total time for which application threads were stopped: 0,0013250 seconds, Stopping threads took: 0,0011164 seconds
2018-06-19T14:59:16.344+0200: 38,296: Total time for which application threads were stopped: 0,0002962 seconds, Stopping threads took: 0,0000876 seconds
{Heap before GC invocations=18 (full 1):
 par new generation   total 109248K, used 101615K [0x00000000e0000000, 0x00000000e8000000, 0x00000000e8000000)
  eden space 87424K, 100% used [0x00000000e0000000, 0x00000000e5560000, 0x00000000e5560000)
  from space 21824K,  65% used [0x00000000e5560000, 0x00000000e633bf90, 0x00000000e6ab0000)
  to   space 21824K,   0% used [0x00000000e6ab0000, 0x00000000e6ab0000, 0x00000000e8000000)
 concurrent mark-sweep generation total 393216K, used 27809K [0x00000000e8000000, 0x0000000100000000, 0x0000000100000000)
 Metaspace       used 31679K, capacity 32430K, committed 32512K, reserved 1077248K
  class space    used 3592K, capacity 3814K, committed 3840K, reserved 1048576K
2018-06-19T14:59:16.403+0200: 38,355: [GC (Allocation Failure) 2018-06-19T14:59:16.403+0200: 38,355: [ParNew
Desired survivor size 20112992 bytes, new threshold 8 (max 8)
- age   1:    2434728 bytes,    2434728 total
- age   2:     964928 bytes,    3399656 total
- age   3:     806136 bytes,    4205792 total
- age   4:     965512 bytes,    5171304 total
- age   5:    1333656 bytes,    6504960 total
- age   6:     568088 bytes,    7073048 total
- age   7:     484152 bytes,    7557200 total
- age   8:     104976 bytes,    7662176 total
: 101615K->9844K(109248K), 0,0514078 secs] 129425K->40548K(502464K), 0,0515320 secs] [Times: user=0,11 sys=0,02, real=0,05 secs] 
Heap after GC invocations=19 (full 1):
 par new generation   total 109248K, used 9844K [0x00000000e0000000, 0x00000000e8000000, 0x00000000e8000000)
  eden space 87424K,   0% used [0x00000000e0000000, 0x00000000e0000000, 0x00000000e5560000)
  from space 21824K,  45% used [0x00000000e6ab0000, 0x00000000e744d2c0, 0x00000000e8000000)
  to   space 21824K,   0% used [0x00000000e5560000, 0x00000000e5560000, 0x00000000e6ab0000)
 concurrent mark-sweep generation total 393216K, used 30703K [0x00000000e8000000, 0x0000000100000000, 0x0000000100000000)
 Metaspace       used 31679K, capacity 32430K, committed 32512K, reserved 1077248K
  class space    used 3592K, capacity 3814K, committed 3840K, reserved 1048576K
}
2018-06-19T14:59:16.455+0200: 38,407: Total time for which application threads were stopped: 0,0527297 seconds, Stopping threads took: 0,0009236 seconds
2018-06-19T14:59:16.486+0200: 38,438: Total time for which application threads were stopped: 0,0002509 seconds, Stopping threads took: 0,0001139 seconds
2018-06-19T14:59:16.490+0200: 38,442: Total time for which application threads were stopped: 0,0023779 seconds, Stopping threads took: 0,0022168 seconds
2018-06-19T14:59:16.497+0200: 38,449: Total time for which application threads were stopped: 0,0009059 seconds, Stopping threads took: 0,0002944 seconds
{Heap before GC invocations=19 (full 1):
 par new generation   total 109248K, used 97268K [0x00000000e0000000, 0x00000000e8000000, 0x00000000e8000000)
  eden space 87424K, 100% used [0x00000000e0000000, 0x00000000e5560000, 0x00000000e5560000)
  from space 21824K,  45% used [0x00000000e6ab0000, 0x00000000e744d2c0, 0x00000000e8000000)
  to   space 21824K,   0% used [0x00000000e5560000, 0x00000000e5560000, 0x00000000e6ab0000)
 concurrent mark-sweep generation total 393216K, used 30703K [0x00000000e8000000, 0x0000000100000000, 0x0000000100000000)
 Metaspace       used 31716K, capacity 32430K, committed 32512K, reserved 1077248K
  class space    used 3592K, capacity 3814K, committed 3840K, reserved 1048576K
2018-06-19T14:59:16.622+0200: 38,575: [GC (Allocation Failure) 2018-06-19T14:59:16.622+0200: 38,575: [ParNew
Desired survivor size 20112992 bytes, new threshold 8 (max 8)
- age   1:    1453584 bytes,    1453584 total
- age   2:    2171696 bytes,    3625280 total
- age   3:     964904 bytes,    4590184 total
- age   4:     806136 bytes,    5396320 total
- age   5:     965512 bytes,    6361832 total
- age   6:    1333656 bytes,    7695488 total
- age   7:     568056 bytes,    8263544 total
- age   8:     483744 bytes,    8747288 total
: 97268K->11371K(109248K), 0,0329731 secs] 127972K->42177K(502464K), 0,0334011 secs] [Times: user=0,07 sys=0,01, real=0,04 secs] 
Heap after GC invocations=20 (full 1):
 par new generation   total 109248K, used 11371K [0x00000000e0000000, 0x00000000e8000000, 0x00000000e8000000)
  eden space 87424K,   0% used [0x00000000e0000000, 0x00000000e0000000, 0x00000000e5560000)
  from space 21824K,  52% used [0x00000000e5560000, 0x00000000e607ad40, 0x00000000e6ab0000)
  to   space 21824K,   0% used [0x00000000e6ab0000, 0x00000000e6ab0000, 0x00000000e8000000)
 concurrent mark-sweep generation total 393216K, used 30806K [0x00000000e8000000, 0x0000000100000000, 0x0000000100000000)
 Metaspace       used 31716K, capacity 32430K, committed 32512K, reserved 1077248K
  class space    used 3592K, capacity 3814K, committed 3840K, reserved 1048576K
}
2018-06-19T14:59:16.656+0200: 38,608: Total time for which application threads were stopped: 0,0344937 seconds, Stopping threads took: 0,0001877 seconds
{Heap before GC invocations=20 (full 1):
 par new generation   total 109248K, used 98795K [0x00000000e0000000, 0x00000000e8000000, 0x00000000e8000000)
  eden space 87424K, 100% used [0x00000000e0000000, 0x00000000e5560000, 0x00000000e5560000)
  from space 21824K,  52% used [0x00000000e5560000, 0x00000000e607ad40, 0x00000000e6ab0000)
  to   space 21824K,   0% used [0x00000000e6ab0000, 0x00000000e6ab0000, 0x00000000e8000000)
 concurrent mark-sweep generation total 393216K, used 30806K [0x00000000e8000000, 0x0000000100000000, 0x0000000100000000)
 Metaspace       used 31741K, capacity 32494K, committed 32768K, reserved 1079296K
  class space    used 3592K, capacity 3814K, committed 3840K, reserved 1048576K
2018-06-19T14:59:16.786+0200: 38,738: [GC (Allocation Failure) 2018-06-19T14:59:16.786+0200: 38,739: [ParNew
Desired survivor size 20112992 bytes, new threshold 8 (max 8)
- age   1:    1825712 bytes,    1825712 total
- age   2:     988664 bytes,    2814376 total
- age   3:     759896 bytes,    3574272 total
- age   4:      81312 bytes,    3655584 total
- age   5:      85656 bytes,    3741240 total
- age   6:     313144 bytes,    4054384 total
- age   7:     826784 bytes,    4881168 total
- age   8:     567616 bytes,    5448784 total
: 98795K->7264K(109248K), 0,0251717 secs] 129601K->38543K(502464K), 0,0254902 secs] [Times: user=0,07 sys=0,01, real=0,03 secs] 
Heap after GC invocations=21 (full 1):
 par new generation   total 109248K, used 7264K [0x00000000e0000000, 0x00000000e8000000, 0x00000000e8000000)
  eden space 87424K,   0% used [0x00000000e0000000, 0x00000000e0000000, 0x00000000e5560000)
  from space 21824K,  33% used [0x00000000e6ab0000, 0x00000000e71c80c8, 0x00000000e8000000)
  to   space 21824K,   0% used [0x00000000e5560000, 0x00000000e5560000, 0x00000000e6ab0000)
 concurrent mark-sweep generation total 393216K, used 31278K [0x00000000e8000000, 0x0000000100000000, 0x0000000100000000)
 Metaspace       used 31741K, capacity 32494K, committed 32768K, reserved 1079296K
  class space    used 3592K, capacity 3814K, committed 3840K, reserved 1048576K
}
2018-06-19T14:59:16.811+0200: 38,764: Total time for which application threads were stopped: 0,0263062 seconds, Stopping threads took: 0,0001566 seconds
{Heap before GC invocations=21 (full 1):
 par new generation   total 109248K, used 94688K [0x00000000e0000000, 0x00000000e8000000, 0x00000000e8000000)
  eden space 87424K, 100% used [0x00000000e0000000, 0x00000000e5560000, 0x00000000e5560000)
  from space 21824K,  33% used [0x00000000e6ab0000, 0x00000000e71c80c8, 0x00000000e8000000)
  to   space 21824K,   0% used [0x00000000e5560000, 0x00000000e5560000, 0x00000000e6ab0000)
 concurrent mark-sweep generation total 393216K, used 31278K [0x00000000e8000000, 0x0000000100000000, 0x0000000100000000)
 Metaspace       used 31755K, capacity 32494K, committed 32768K, reserved 1079296K
  class space    used 3592K, capacity 3814K, committed 3840K, reserved 1048576K
2018-06-19T14:59:16.950+0200: 38,902: [GC (Allocation Failure) 2018-06-19T14:59:16.950+0200: 38,902: [ParNew
Desired survivor size 20112992 bytes, new threshold 8 (max 8)
- age   1:    1641616 bytes,    1641616 total
- age   2:    1324224 bytes,    2965840 total
- age   3:     939440 bytes,    3905280 total
- age   4:     759920 bytes,    4665200 total
- age   5:      81312 bytes,    4746512 total
- age   6:      85656 bytes,    4832168 total
- age   7:     312296 bytes,    5144464 total
- age   8:     826344 bytes,    5970808 total
: 94688K->6824K(109248K), 0,0176888 secs] 125967K->38658K(502464K), 0,0177832 secs] [Times: user=0,07 sys=0,00, real=0,02 secs] 
Heap after GC invocations=22 (full 1):
 par new generation   total 109248K, used 6824K [0x00000000e0000000, 0x00000000e8000000, 0x00000000e8000000)
  eden space 87424K,   0% used [0x00000000e0000000, 0x00000000e0000000, 0x00000000e5560000)
  from space 21824K,  31% used [0x00000000e5560000, 0x00000000e5c0a268, 0x00000000e6ab0000)
  to   space 21824K,   0% used [0x00000000e6ab0000, 0x00000000e6ab0000, 0x00000000e8000000)
 concurrent mark-sweep generation total 393216K, used 31833K [0x00000000e8000000, 0x0000000100000000, 0x0000000100000000)
 Metaspace       used 31755K, capacity 32494K, committed 32768K, reserved 1079296K
  class space    used 3592K, capacity 3814K, committed 3840K, reserved 1048576K
}
2018-06-19T14:59:16.968+0200: 38,920: Total time for which application threads were stopped: 0,0180273 seconds, Stopping threads took: 0,0000415 seconds
{Heap before GC invocations=22 (full 1):
 par new generation   total 109248K, used 94226K [0x00000000e0000000, 0x00000000e8000000, 0x00000000e8000000)
  eden space 87424K,  99% used [0x00000000e0000000, 0x00000000e555a698, 0x00000000e5560000)
  from space 21824K,  31% used [0x00000000e5560000, 0x00000000e5c0a268, 0x00000000e6ab0000)
  to   space 21824K,   0% used [0x00000000e6ab0000, 0x00000000e6ab0000, 0x00000000e8000000)
 concurrent mark-sweep generation total 393216K, used 31833K [0x00000000e8000000, 0x0000000100000000, 0x0000000100000000)
 Metaspace       used 31763K, capacity 32494K, committed 32768K, reserved 1079296K
  class space    used 3592K, capacity 3814K, committed 3840K, reserved 1048576K
2018-06-19T14:59:17.050+0200: 39,003: [GC (Allocation Failure) 2018-06-19T14:59:17.050+0200: 39,003: [ParNew
Desired survivor size 20112992 bytes, new threshold 8 (max 8)
- age   1:    2089208 bytes,    2089208 total
- age   2:     994336 bytes,    3083544 total
- age   3:    1127520 bytes,    4211064 total
- age   4:     939440 bytes,    5150504 total
- age   5:     759896 bytes,    5910400 total
- age   6:      81256 bytes,    5991656 total
- age   7:      85624 bytes,    6077280 total
- age   8:     311888 bytes,    6389168 total
: 94226K->10262K(109248K), 0,0251907 secs] 126060K->42903K(502464K), 0,0253042 secs] [Times: user=0,09 sys=0,00, real=0,03 secs] 
Heap after GC invocations=23 (full 1):
 par new generation   total 109248K, used 10262K [0x00000000e0000000, 0x00000000e8000000, 0x00000000e8000000)
  eden space 87424K,   0% used [0x00000000e0000000, 0x00000000e0000000, 0x00000000e5560000)
  from space 21824K,  47% used [0x00000000e6ab0000, 0x00000000e74b5b00, 0x00000000e8000000)
  to   space 21824K,   0% used [0x00000000e5560000, 0x00000000e5560000, 0x00000000e6ab0000)
 concurrent mark-sweep generation total 393216K, used 32640K [0x00000000e8000000, 0x0000000100000000, 0x0000000100000000)
 Metaspace       used 31763K, capacity 32494K, committed 32768K, reserved 1079296K
  class space    used 3592K, capacity 3814K, committed 3840K, reserved 1048576K
}
2018-06-19T14:59:17.076+0200: 39,028: Total time for which application threads were stopped: 0,0256112 seconds, Stopping threads took: 0,0000610 seconds
{Heap before GC invocations=23 (full 1):
 par new generation   total 109248K, used 97686K [0x00000000e0000000, 0x00000000e8000000, 0x00000000e8000000)
  eden space 87424K, 100% used [0x00000000e0000000, 0x00000000e5560000, 0x00000000e5560000)
  from space 21824K,  47% used [0x00000000e6ab0000, 0x00000000e74b5b00, 0x00000000e8000000)
  to   space 21824K,   0% used [0x00000000e5560000, 0x00000000e5560000, 0x00000000e6ab0000)
 concurrent mark-sweep generation total 393216K, used 32640K [0x00000000e8000000, 0x0000000100000000, 0x0000000100000000)
 Metaspace       used 31788K, capacity 32494K, committed 32768K, reserved 1079296K
  class space    used 3592K, capacity 3814K, committed 3840K, reserved 1048576K
2018-06-19T14:59:17.149+0200: 39,101: [GC (Allocation Failure) 2018-06-19T14:59:17.149+0200: 39,101: [ParNew
Desired survivor size 20112992 bytes, new threshold 8 (max 8)
- age   1:    2061624 bytes,    2061624 total
- age   2:    1281336 bytes,    3342960 total
- age   3:     895960 bytes,    4238920 total
- age   4:    1127520 bytes,    5366440 total
- age   5:     939440 bytes,    6305880 total
- age   6:     759896 bytes,    7065776 total
- age   7:      81224 bytes,    7147000 total
- age   8:      85392 bytes,    7232392 total
: 97686K->8528K(109248K), 0,0304469 secs] 130327K->41473K(502464K), 0,0305341 secs] [Times: user=0,10 sys=0,02, real=0,03 secs] 
Heap after GC invocations=24 (full 1):
 par new generation   total 109248K, used 8528K [0x00000000e0000000, 0x00000000e8000000, 0x00000000e8000000)
  eden space 87424K,   0% used [0x00000000e0000000, 0x00000000e0000000, 0x00000000e5560000)
  from space 21824K,  39% used [0x00000000e5560000, 0x00000000e5db4040, 0x00000000e6ab0000)
  to   space 21824K,   0% used [0x00000000e6ab0000, 0x00000000e6ab0000, 0x00000000e8000000)
 concurrent mark-sweep generation total 393216K, used 32945K [0x00000000e8000000, 0x0000000100000000, 0x0000000100000000)
 Metaspace       used 31788K, capacity 32494K, committed 32768K, reserved 1079296K
  class space    used 3592K, capacity 3814K, committed 3840K, reserved 1048576K
}
2018-06-19T14:59:17.179+0200: 39,132: Total time for which application threads were stopped: 0,0307505 seconds, Stopping threads took: 0,0000309 seconds
{Heap before GC invocations=24 (full 1):
 par new generation   total 109248K, used 95952K [0x00000000e0000000, 0x00000000e8000000, 0x00000000e8000000)
  eden space 87424K, 100% used [0x00000000e0000000, 0x00000000e5560000, 0x00000000e5560000)
  from space 21824K,  39% used [0x00000000e5560000, 0x00000000e5db4040, 0x00000000e6ab0000)
  to   space 21824K,   0% used [0x00000000e6ab0000, 0x00000000e6ab0000, 0x00000000e8000000)
 concurrent mark-sweep generation total 393216K, used 32945K [0x00000000e8000000, 0x0000000100000000, 0x0000000100000000)
 Metaspace       used 31790K, capacity 32494K, committed 32768K, reserved 1079296K
  class space    used 3592K, capacity 3814K, committed 3840K, reserved 1048576K
2018-06-19T14:59:17.277+0200: 39,229: [GC (Allocation Failure) 2018-06-19T14:59:17.277+0200: 39,229: [ParNew
Desired survivor size 20112992 bytes, new threshold 8 (max 8)
- age   1:    2002592 bytes,    2002592 total
- age   2:    1090104 bytes,    3092696 total
- age   3:    1282432 bytes,    4375128 total
- age   4:     897112 bytes,    5272240 total
- age   5:    1128392 bytes,    6400632 total
- age   6:     940760 bytes,    7341392 total
- age   7:     759616 bytes,    8101008 total
- age   8:      80992 bytes,    8182000 total
: 95952K->10513K(109248K), 0,0210843 secs] 128897K->43543K(502464K), 0,0211770 secs] [Times: user=0,07 sys=0,00, real=0,02 secs] 
Heap after GC invocations=25 (full 1):
 par new generation   total 109248K, used 10513K [0x00000000e0000000, 0x00000000e8000000, 0x00000000e8000000)
  eden space 87424K,   0% used [0x00000000e0000000, 0x00000000e0000000, 0x00000000e5560000)
  from space 21824K,  48% used [0x00000000e6ab0000, 0x00000000e74f46e8, 0x00000000e8000000)
  to   space 21824K,   0% used [0x00000000e5560000, 0x00000000e5560000, 0x00000000e6ab0000)
 concurrent mark-sweep generation total 393216K, used 33029K [0x00000000e8000000, 0x0000000100000000, 0x0000000100000000)
 Metaspace       used 31790K, capacity 32494K, committed 32768K, reserved 1079296K
  class space    used 3592K, capacity 3814K, committed 3840K, reserved 1048576K
}
2018-06-19T14:59:17.298+0200: 39,251: Total time for which application threads were stopped: 0,0214069 seconds, Stopping threads took: 0,0000603 seconds
2018-06-19T14:59:17.354+0200: 39,306: Total time for which application threads were stopped: 0,0001678 seconds, Stopping threads took: 0,0000457 seconds
2018-06-19T14:59:17.361+0200: 39,313: Total time for which application threads were stopped: 0,0001323 seconds, Stopping threads took: 0,0000363 seconds
2018-06-19T14:59:17.361+0200: 39,314: Total time for which application threads were stopped: 0,0001175 seconds, Stopping threads took: 0,0000397 seconds
2018-06-19T14:59:17.383+0200: 39,335: Total time for which application threads were stopped: 0,0042933 seconds, Stopping threads took: 0,0041884 seconds
2018-06-19T14:59:17.387+0200: 39,339: Total time for which application threads were stopped: 0,0001833 seconds, Stopping threads took: 0,0000628 seconds
2018-06-19T14:59:17.389+0200: 39,342: Total time for which application threads were stopped: 0,0001761 seconds, Stopping threads took: 0,0000749 seconds
{Heap before GC invocations=25 (full 1):
 par new generation   total 109248K, used 97937K [0x00000000e0000000, 0x00000000e8000000, 0x00000000e8000000)
  eden space 87424K, 100% used [0x00000000e0000000, 0x00000000e5560000, 0x00000000e5560000)
  from space 21824K,  48% used [0x00000000e6ab0000, 0x00000000e74f46e8, 0x00000000e8000000)
  to   space 21824K,   0% used [0x00000000e5560000, 0x00000000e5560000, 0x00000000e6ab0000)
 concurrent mark-sweep generation total 393216K, used 33029K [0x00000000e8000000, 0x0000000100000000, 0x0000000100000000)
 Metaspace       used 31797K, capacity 32494K, committed 32768K, reserved 1079296K
  class space    used 3592K, capacity 3814K, committed 3840K, reserved 1048576K
2018-06-19T14:59:17.439+0200: 39,391: [GC (Allocation Failure) 2018-06-19T14:59:17.439+0200: 39,391: [ParNew
Desired survivor size 20112992 bytes, new threshold 8 (max 8)
- age   1:    1690512 bytes,    1690512 total
- age   2:    1854624 bytes,    3545136 total
- age   3:    1031496 bytes,    4576632 total
- age   4:    1224040 bytes,    5800672 total
- age   5:     838696 bytes,    6639368 total
- age   6:    1080544 bytes,    7719912 total
- age   7:     886464 bytes,    8606376 total
- age   8:     653552 bytes,    9259928 total
: 97937K->10108K(109248K), 0,0106903 secs] 130967K->43216K(502464K), 0,0107875 secs] [Times: user=0,04 sys=0,00, real=0,01 secs] 
Heap after GC invocations=26 (full 1):
 par new generation   total 109248K, used 10108K [0x00000000e0000000, 0x00000000e8000000, 0x00000000e8000000)
  eden space 87424K,   0% used [0x00000000e0000000, 0x00000000e0000000, 0x00000000e5560000)
  from space 21824K,  46% used [0x00000000e5560000, 0x00000000e5f3f158, 0x00000000e6ab0000)
  to   space 21824K,   0% used [0x00000000e6ab0000, 0x00000000e6ab0000, 0x00000000e8000000)
 concurrent mark-sweep generation total 393216K, used 33108K [0x00000000e8000000, 0x0000000100000000, 0x0000000100000000)
 Metaspace       used 31797K, capacity 32494K, committed 32768K, reserved 1079296K
  class space    used 3592K, capacity 3814K, committed 3840K, reserved 1048576K
}
2018-06-19T14:59:17.450+0200: 39,402: Total time for which application threads were stopped: 0,0111312 seconds, Stopping threads took: 0,0000771 seconds
{Heap before GC invocations=26 (full 1):
 par new generation   total 109248K, used 97532K [0x00000000e0000000, 0x00000000e8000000, 0x00000000e8000000)
  eden space 87424K, 100% used [0x00000000e0000000, 0x00000000e5560000, 0x00000000e5560000)
  from space 21824K,  46% used [0x00000000e5560000, 0x00000000e5f3f158, 0x00000000e6ab0000)
  to   space 21824K,   0% used [0x00000000e6ab0000, 0x00000000e6ab0000, 0x00000000e8000000)
 concurrent mark-sweep generation total 393216K, used 33108K [0x00000000e8000000, 0x0000000100000000, 0x0000000100000000)
 Metaspace       used 31798K, capacity 32494K, committed 32768K, reserved 1079296K
  class space    used 3592K, capacity 3814K, committed 3840K, reserved 1048576K
2018-06-19T14:59:17.580+0200: 39,532: [GC (Allocation Failure) 2018-06-19T14:59:17.580+0200: 39,532: [ParNew
Desired survivor size 20112992 bytes, new threshold 8 (max 8)
- age   1:    1492304 bytes,    1492304 total
- age   2:    1349200 bytes,    2841504 total
- age   3:    1854600 bytes,    4696104 total
- age   4:    1031496 bytes,    5727600 total
- age   5:    1224040 bytes,    6951640 total
- age   6:     838664 bytes,    7790304 total
- age   7:    1080280 bytes,    8870584 total
- age   8:     886232 bytes,    9756816 total
: 97532K->13829K(109248K), 0,0220041 secs] 130640K->47581K(502464K), 0,0222114 secs] [Times: user=0,05 sys=0,01, real=0,02 secs] 
Heap after GC invocations=27 (full 1):
 par new generation   total 109248K, used 13829K [0x00000000e0000000, 0x00000000e8000000, 0x00000000e8000000)
  eden space 87424K,   0% used [0x00000000e0000000, 0x00000000e0000000, 0x00000000e5560000)
  from space 21824K,  63% used [0x00000000e6ab0000, 0x00000000e78317b0, 0x00000000e8000000)
  to   space 21824K,   0% used [0x00000000e5560000, 0x00000000e5560000, 0x00000000e6ab0000)
 concurrent mark-sweep generation total 393216K, used 33751K [0x00000000e8000000, 0x0000000100000000, 0x0000000100000000)
 Metaspace       used 31798K, capacity 32494K, committed 32768K, reserved 1079296K
  class space    used 3592K, capacity 3814K, committed 3840K, reserved 1048576K
}
2018-06-19T14:59:17.602+0200: 39,554: Total time for which application threads were stopped: 0,0226228 seconds, Stopping threads took: 0,0000548 seconds
{Heap before GC invocations=27 (full 1):
 par new generation   total 109248K, used 101253K [0x00000000e0000000, 0x00000000e8000000, 0x00000000e8000000)
  eden space 87424K, 100% used [0x00000000e0000000, 0x00000000e5560000, 0x00000000e5560000)
  from space 21824K,  63% used [0x00000000e6ab0000, 0x00000000e78317b0, 0x00000000e8000000)
  to   space 21824K,   0% used [0x00000000e5560000, 0x00000000e5560000, 0x00000000e6ab0000)
 concurrent mark-sweep generation total 393216K, used 33751K [0x00000000e8000000, 0x0000000100000000, 0x0000000100000000)
 Metaspace       used 31808K, capacity 32494K, committed 32768K, reserved 1079296K
  class space    used 3592K, capacity 3814K, committed 3840K, reserved 1048576K
2018-06-19T14:59:17.703+0200: 39,656: [GC (Allocation Failure) 2018-06-19T14:59:17.703+0200: 39,656: [ParNew
Desired survivor size 20112992 bytes, new threshold 8 (max 8)
- age   1:    1379512 bytes,    1379512 total
- age   2:     992736 bytes,    2372248 total
- age   3:    1349200 bytes,    3721448 total
- age   4:    1854600 bytes,    5576048 total
- age   5:    1031496 bytes,    6607544 total
- age   6:    1224040 bytes,    7831584 total
- age   7:     838664 bytes,    8670248 total
- age   8:    1080280 bytes,    9750528 total
: 101253K->12484K(109248K), 0,0171325 secs] 135005K->47110K(502464K), 0,0172246 secs] [Times: user=0,07 sys=0,00, real=0,01 secs] 
Heap after GC invocations=28 (full 1):
 par new generation   total 109248K, used 12484K [0x00000000e0000000, 0x00000000e8000000, 0x00000000e8000000)
  eden space 87424K,   0% used [0x00000000e0000000, 0x00000000e0000000, 0x00000000e5560000)
  from space 21824K,  57% used [0x00000000e5560000, 0x00000000e61912c0, 0x00000000e6ab0000)
  to   space 21824K,   0% used [0x00000000e6ab0000, 0x00000000e6ab0000, 0x00000000e8000000)
 concurrent mark-sweep generation total 393216K, used 34625K [0x00000000e8000000, 0x0000000100000000, 0x0000000100000000)
 Metaspace       used 31808K, capacity 32494K, committed 32768K, reserved 1079296K
  class space    used 3592K, capacity 3814K, committed 3840K, reserved 1048576K
}
2018-06-19T14:59:17.721+0200: 39,673: Total time for which application threads were stopped: 0,0219058 seconds, Stopping threads took: 0,0044739 seconds
{Heap before GC invocations=28 (full 1):
 par new generation   total 109248K, used 99908K [0x00000000e0000000, 0x00000000e8000000, 0x00000000e8000000)
  eden space 87424K, 100% used [0x00000000e0000000, 0x00000000e5560000, 0x00000000e5560000)
  from space 21824K,  57% used [0x00000000e5560000, 0x00000000e61912c0, 0x00000000e6ab0000)
  to   space 21824K,   0% used [0x00000000e6ab0000, 0x00000000e6ab0000, 0x00000000e8000000)
 concurrent mark-sweep generation total 393216K, used 34625K [0x00000000e8000000, 0x0000000100000000, 0x0000000100000000)
 Metaspace       used 31817K, capacity 32504K, committed 32768K, reserved 1079296K
  class space    used 3592K, capacity 3815K, committed 3840K, reserved 1048576K
2018-06-19T14:59:17.817+0200: 39,770: [GC (Allocation Failure) 2018-06-19T14:59:17.817+0200: 39,770: [ParNew
Desired survivor size 20112992 bytes, new threshold 8 (max 8)
- age   1:    1627312 bytes,    1627312 total
- age   2:     860952 bytes,    2488264 total
- age   3:     814152 bytes,    3302416 total
- age   4:    1074696 bytes,    4377112 total
- age   5:    1690136 bytes,    6067248 total
- age   6:     872504 bytes,    6939752 total
- age   7:    1060336 bytes,    8000088 total
- age   8:     678344 bytes,    8678432 total
: 99908K->11155K(109248K), 0,0366614 secs] 134534K->46702K(502464K), 0,0367557 secs] [Times: user=0,13 sys=0,00, real=0,04 secs] 
Heap after GC invocations=29 (full 1):
 par new generation   total 109248K, used 11155K [0x00000000e0000000, 0x00000000e8000000, 0x00000000e8000000)
  eden space 87424K,   0% used [0x00000000e0000000, 0x00000000e0000000, 0x00000000e5560000)
  from space 21824K,  51% used [0x00000000e6ab0000, 0x00000000e7594d70, 0x00000000e8000000)
  to   space 21824K,   0% used [0x00000000e5560000, 0x00000000e5560000, 0x00000000e6ab0000)
 concurrent mark-sweep generation total 393216K, used 35546K [0x00000000e8000000, 0x0000000100000000, 0x0000000100000000)
 Metaspace       used 31817K, capacity 32504K, committed 32768K, reserved 1079296K
  class space    used 3592K, capacity 3815K, committed 3840K, reserved 1048576K
}
2018-06-19T14:59:17.854+0200: 39,806: Total time for which application threads were stopped: 0,0370808 seconds, Stopping threads took: 0,0000708 seconds
{Heap before GC invocations=29 (full 1):
 par new generation   total 109248K, used 98579K [0x00000000e0000000, 0x00000000e8000000, 0x00000000e8000000)
  eden space 87424K, 100% used [0x00000000e0000000, 0x00000000e5560000, 0x00000000e5560000)
  from space 21824K,  51% used [0x00000000e6ab0000, 0x00000000e7594d70, 0x00000000e8000000)
  to   space 21824K,   0% used [0x00000000e5560000, 0x00000000e5560000, 0x00000000e6ab0000)
 concurrent mark-sweep generation total 393216K, used 35546K [0x00000000e8000000, 0x0000000100000000, 0x0000000100000000)
 Metaspace       used 31818K, capacity 32504K, committed 32768K, reserved 1079296K
  class space    used 3592K, capacity 3815K, committed 3840K, reserved 1048576K
2018-06-19T14:59:17.986+0200: 39,938: [GC (Allocation Failure) 2018-06-19T14:59:17.986+0200: 39,938: [ParNew
Desired survivor size 20112992 bytes, new threshold 8 (max 8)
- age   1:    1590752 bytes,    1590752 total
- age   2:    1002992 bytes,    2593744 total
- age   3:     792672 bytes,    3386416 total
- age   4:     811440 bytes,    4197856 total
- age   5:    1072528 bytes,    5270384 total
- age   6:    1690136 bytes,    6960520 total
- age   7:     872472 bytes,    7832992 total
- age   8:    1060072 bytes,    8893064 total
: 98579K->12127K(109248K), 0,0293811 secs] 134126K->48337K(502464K), 0,0295480 secs] [Times: user=0,08 sys=0,01, real=0,03 secs] 
Heap after GC invocations=30 (full 1):
 par new generation   total 109248K, used 12127K [0x00000000e0000000, 0x00000000e8000000, 0x00000000e8000000)
  eden space 87424K,   0% used [0x00000000e0000000, 0x00000000e0000000, 0x00000000e5560000)
  from space 21824K,  55% used [0x00000000e5560000, 0x00000000e6137e00, 0x00000000e6ab0000)
  to   space 21824K,   0% used [0x00000000e6ab0000, 0x00000000e6ab0000, 0x00000000e8000000)
 concurrent mark-sweep generation total 393216K, used 36210K [0x00000000e8000000, 0x0000000100000000, 0x0000000100000000)
 Metaspace       used 31818K, capacity 32504K, committed 32768K, reserved 1079296K
  class space    used 3592K, capacity 3815K, committed 3840K, reserved 1048576K
}
2018-06-19T14:59:18.015+0200: 39,968: Total time for which application threads were stopped: 0,0299355 seconds, Stopping threads took: 0,0000613 seconds
{Heap before GC invocations=30 (full 1):
 par new generation   total 109248K, used 99543K [0x00000000e0000000, 0x00000000e8000000, 0x00000000e8000000)
  eden space 87424K,  99% used [0x00000000e0000000, 0x00000000e555e0a0, 0x00000000e5560000)
  from space 21824K,  55% used [0x00000000e5560000, 0x00000000e6137e00, 0x00000000e6ab0000)
  to   space 21824K,   0% used [0x00000000e6ab0000, 0x00000000e6ab0000, 0x00000000e8000000)
 concurrent mark-sweep generation total 393216K, used 36210K [0x00000000e8000000, 0x0000000100000000, 0x0000000100000000)
 Metaspace       used 31838K, capacity 32568K, committed 32768K, reserved 1079296K
  class space    used 3592K, capacity 3815K, committed 3840K, reserved 1048576K
2018-06-19T14:59:18.151+0200: 40,103: [GC (Allocation Failure) 2018-06-19T14:59:18.151+0200: 40,103: [ParNew
Desired survivor size 20112992 bytes, new threshold 8 (max 8)
- age   1:    1824408 bytes,    1824408 total
- age   2:    1018696 bytes,    2843104 total
- age   3:    1001360 bytes,    3844464 total
- age   4:     661536 bytes,    4506000 total
- age   5:     811440 bytes,    5317440 total
- age   6:    1061560 bytes,    6379000 total
- age   7:    1690104 bytes,    8069104 total
- age   8:     872240 bytes,    8941344 total
: 99543K->10898K(109248K), 0,0236152 secs] 135753K->48144K(502464K), 0,0237429 secs] [Times: user=0,05 sys=0,01, real=0,02 secs] 
Heap after GC invocations=31 (full 1):
 par new generation   total 109248K, used 10898K [0x00000000e0000000, 0x00000000e8000000, 0x00000000e8000000)
  eden space 87424K,   0% used [0x00000000e0000000, 0x00000000e0000000, 0x00000000e5560000)
  from space 21824K,  49% used [0x00000000e6ab0000, 0x00000000e7554880, 0x00000000e8000000)
  to   space 21824K,   0% used [0x00000000e5560000, 0x00000000e5560000, 0x00000000e6ab0000)
 concurrent mark-sweep generation total 393216K, used 37246K [0x00000000e8000000, 0x0000000100000000, 0x0000000100000000)
 Metaspace       used 31838K, capacity 32568K, committed 32768K, reserved 1079296K
  class space    used 3592K, capacity 3815K, committed 3840K, reserved 1048576K
}
2018-06-19T14:59:18.177+0200: 40,129: Total time for which application threads were stopped: 0,0259029 seconds, Stopping threads took: 0,0000398 seconds
2018-06-19T14:59:18.229+0200: 40,181: Total time for which application threads were stopped: 0,0001771 seconds, Stopping threads took: 0,0000517 seconds
2018-06-19T14:59:18.234+0200: 40,186: Total time for which application threads were stopped: 0,0002071 seconds, Stopping threads took: 0,0000589 seconds
2018-06-19T14:59:18.235+0200: 40,187: Total time for which application threads were stopped: 0,0005069 seconds, Stopping threads took: 0,0000520 seconds
2018-06-19T14:59:18.461+0200: 40,414: Total time for which application threads were stopped: 0,0001921 seconds, Stopping threads took: 0,0000604 seconds
2018-06-19T14:59:18.462+0200: 40,414: Total time for which application threads were stopped: 0,0000686 seconds, Stopping threads took: 0,0000247 seconds
2018-06-19T14:59:18.462+0200: 40,414: Total time for which application threads were stopped: 0,0000642 seconds, Stopping threads took: 0,0000205 seconds
2018-06-19T14:59:18.462+0200: 40,414: Total time for which application threads were stopped: 0,0000534 seconds, Stopping threads took: 0,0000196 seconds
2018-06-19T14:59:18.991+0200: 40,943: Total time for which application threads were stopped: 0,0001848 seconds, Stopping threads took: 0,0000672 seconds
2018-06-19T14:59:18.991+0200: 40,943: Total time for which application threads were stopped: 0,0000515 seconds, Stopping threads took: 0,0000164 seconds
2018-06-19T14:59:18.991+0200: 40,943: Total time for which application threads were stopped: 0,0000657 seconds, Stopping threads took: 0,0000248 seconds
2018-06-19T14:59:18.991+0200: 40,944: Total time for which application threads were stopped: 0,0000462 seconds, Stopping threads took: 0,0000170 seconds
2018-06-19T14:59:18.994+0200: 40,946: Total time for which application threads were stopped: 0,0000998 seconds, Stopping threads took: 0,0000272 seconds
2018-06-19T14:59:19.994+0200: 41,946: Total time for which application threads were stopped: 0,0000860 seconds, Stopping threads took: 0,0000178 seconds
2018-06-19T14:59:20.106+0200: 42,058: Total time for which application threads were stopped: 0,0005295 seconds, Stopping threads took: 0,0000139 seconds
2018-06-19T14:59:20.114+0200: 42,066: Total time for which application threads were stopped: 0,0001638 seconds, Stopping threads took: 0,0000714 seconds
2018-06-19T14:59:20.119+0200: 42,071: Total time for which application threads were stopped: 0,0001478 seconds, Stopping threads took: 0,0000786 seconds
2018-06-19T14:59:20.119+0200: 42,071: Total time for which application threads were stopped: 0,0000788 seconds, Stopping threads took: 0,0000412 seconds
2018-06-19T14:59:20.119+0200: 42,072: Total time for which application threads were stopped: 0,0000776 seconds, Stopping threads took: 0,0000326 seconds
2018-06-19T14:59:20.124+0200: 42,077: Total time for which application threads were stopped: 0,0048505 seconds, Stopping threads took: 0,0047971 seconds
2018-06-19T14:59:20.124+0200: 42,077: Total time for which application threads were stopped: 0,0000881 seconds, Stopping threads took: 0,0000313 seconds
2018-06-19T14:59:20.124+0200: 42,077: Total time for which application threads were stopped: 0,0000829 seconds, Stopping threads took: 0,0000356 seconds
2018-06-19T14:59:20.125+0200: 42,077: Total time for which application threads were stopped: 0,0000701 seconds, Stopping threads took: 0,0000069 seconds
2018-06-19T14:59:20.132+0200: 42,084: Total time for which application threads were stopped: 0,0001621 seconds, Stopping threads took: 0,0000577 seconds
2018-06-19T14:59:20.132+0200: 42,084: Total time for which application threads were stopped: 0,0000649 seconds, Stopping threads took: 0,0000128 seconds
2018-06-19T14:59:20.132+0200: 42,084: Total time for which application threads were stopped: 0,0000780 seconds, Stopping threads took: 0,0000332 seconds
2018-06-19T14:59:20.133+0200: 42,085: Total time for which application threads were stopped: 0,0005154 seconds, Stopping threads took: 0,0004628 seconds
2018-06-19T14:59:20.135+0200: 42,087: Total time for which application threads were stopped: 0,0001290 seconds, Stopping threads took: 0,0000452 seconds
2018-06-19T14:59:20.136+0200: 42,088: Total time for which application threads were stopped: 0,0001129 seconds, Stopping threads took: 0,0000237 seconds
2018-06-19T14:59:20.137+0200: 42,089: Total time for which application threads were stopped: 0,0001264 seconds, Stopping threads took: 0,0000502 seconds
2018-06-19T14:59:20.138+0200: 42,090: Total time for which application threads were stopped: 0,0001210 seconds, Stopping threads took: 0,0000543 seconds
2018-06-19T14:59:20.138+0200: 42,090: Total time for which application threads were stopped: 0,0000513 seconds, Stopping threads took: 0,0000140 seconds
2018-06-19T14:59:20.138+0200: 42,090: Total time for which application threads were stopped: 0,0000492 seconds, Stopping threads took: 0,0000217 seconds
2018-06-19T14:59:20.138+0200: 42,090: Total time for which application threads were stopped: 0,0000537 seconds, Stopping threads took: 0,0000256 seconds
2018-06-19T14:59:20.138+0200: 42,091: Total time for which application threads were stopped: 0,0000864 seconds, Stopping threads took: 0,0000440 seconds
2018-06-19T14:59:20.140+0200: 42,092: Total time for which application threads were stopped: 0,0001203 seconds, Stopping threads took: 0,0000455 seconds
2018-06-19T14:59:20.140+0200: 42,093: Total time for which application threads were stopped: 0,0000933 seconds, Stopping threads took: 0,0000522 seconds
2018-06-19T14:59:20.141+0200: 42,093: Total time for which application threads were stopped: 0,0001244 seconds, Stopping threads took: 0,0000774 seconds
2018-06-19T14:59:20.141+0200: 42,093: Total time for which application threads were stopped: 0,0000600 seconds, Stopping threads took: 0,0000266 seconds
2018-06-19T14:59:20.141+0200: 42,094: Total time for which application threads were stopped: 0,0000806 seconds, Stopping threads took: 0,0000328 seconds
2018-06-19T14:59:20.141+0200: 42,094: Total time for which application threads were stopped: 0,0000559 seconds, Stopping threads took: 0,0000151 seconds
2018-06-19T14:59:20.141+0200: 42,094: Total time for which application threads were stopped: 0,0000432 seconds, Stopping threads took: 0,0000128 seconds
2018-06-19T14:59:20.141+0200: 42,094: Total time for which application threads were stopped: 0,0000506 seconds, Stopping threads took: 0,0000186 seconds
2018-06-19T14:59:20.142+0200: 42,094: Total time for which application threads were stopped: 0,0000665 seconds, Stopping threads took: 0,0000327 seconds
2018-06-19T14:59:20.142+0200: 42,094: Total time for which application threads were stopped: 0,0000716 seconds, Stopping threads took: 0,0000348 seconds
2018-06-19T14:59:20.142+0200: 42,094: Total time for which application threads were stopped: 0,0001613 seconds, Stopping threads took: 0,0000113 seconds
2018-06-19T14:59:20.144+0200: 42,097: Total time for which application threads were stopped: 0,0001400 seconds, Stopping threads took: 0,0000333 seconds
2018-06-19T14:59:20.145+0200: 42,097: Total time for which application threads were stopped: 0,0000735 seconds, Stopping threads took: 0,0000261 seconds
2018-06-19T14:59:20.146+0200: 42,098: Total time for which application threads were stopped: 0,0001001 seconds, Stopping threads took: 0,0000243 seconds
2018-06-19T14:59:20.146+0200: 42,099: Total time for which application threads were stopped: 0,0002488 seconds, Stopping threads took: 0,0000447 seconds
2018-06-19T14:59:20.147+0200: 42,099: Total time for which application threads were stopped: 0,0001005 seconds, Stopping threads took: 0,0000274 seconds
2018-06-19T14:59:20.147+0200: 42,099: Total time for which application threads were stopped: 0,0002343 seconds, Stopping threads took: 0,0001977 seconds
2018-06-19T14:59:20.148+0200: 42,101: Total time for which application threads were stopped: 0,0001260 seconds, Stopping threads took: 0,0000430 seconds
2018-06-19T14:59:20.149+0200: 42,101: Total time for which application threads were stopped: 0,0001087 seconds, Stopping threads took: 0,0000500 seconds
2018-06-19T14:59:20.149+0200: 42,101: Total time for which application threads were stopped: 0,0001157 seconds, Stopping threads took: 0,0000678 seconds
2018-06-19T14:59:20.149+0200: 42,102: Total time for which application threads were stopped: 0,0000604 seconds, Stopping threads took: 0,0000316 seconds
2018-06-19T14:59:20.149+0200: 42,102: Total time for which application threads were stopped: 0,0000402 seconds, Stopping threads took: 0,0000129 seconds
2018-06-19T14:59:20.149+0200: 42,102: Total time for which application threads were stopped: 0,0000496 seconds, Stopping threads took: 0,0000257 seconds
2018-06-19T14:59:20.149+0200: 42,102: Total time for which application threads were stopped: 0,0000475 seconds, Stopping threads took: 0,0000233 seconds
2018-06-19T14:59:20.149+0200: 42,102: Total time for which application threads were stopped: 0,0000434 seconds, Stopping threads took: 0,0000198 seconds
2018-06-19T14:59:20.150+0200: 42,102: Total time for which application threads were stopped: 0,0000767 seconds, Stopping threads took: 0,0000454 seconds
2018-06-19T14:59:20.150+0200: 42,102: Total time for which application threads were stopped: 0,0000545 seconds, Stopping threads took: 0,0000219 seconds
2018-06-19T14:59:20.150+0200: 42,102: Total time for which application threads were stopped: 0,0000591 seconds, Stopping threads took: 0,0000299 seconds
2018-06-19T14:59:20.150+0200: 42,102: Total time for which application threads were stopped: 0,0000340 seconds, Stopping threads took: 0,0000105 seconds
2018-06-19T14:59:20.150+0200: 42,102: Total time for which application threads were stopped: 0,0000457 seconds, Stopping threads took: 0,0000201 seconds
2018-06-19T14:59:20.151+0200: 42,104: Total time for which application threads were stopped: 0,0001616 seconds, Stopping threads took: 0,0000496 seconds
2018-06-19T14:59:20.153+0200: 42,106: Total time for which application threads were stopped: 0,0001716 seconds, Stopping threads took: 0,0000563 seconds
2018-06-19T14:59:20.155+0200: 42,107: Total time for which application threads were stopped: 0,0000877 seconds, Stopping threads took: 0,0000284 seconds
2018-06-19T14:59:20.156+0200: 42,109: Total time for which application threads were stopped: 0,0000928 seconds, Stopping threads took: 0,0000274 seconds
2018-06-19T14:59:20.156+0200: 42,109: Total time for which application threads were stopped: 0,0000475 seconds, Stopping threads took: 0,0000159 seconds
2018-06-19T14:59:20.156+0200: 42,109: Total time for which application threads were stopped: 0,0000417 seconds, Stopping threads took: 0,0000116 seconds
2018-06-19T14:59:20.160+0200: 42,112: Total time for which application threads were stopped: 0,0003440 seconds, Stopping threads took: 0,0002191 seconds
Heap
 par new generation   total 109248K, used 63624K [0x00000000e0000000, 0x00000000e8000000, 0x00000000e8000000)
  eden space 87424K,  60% used [0x00000000e0000000, 0x00000000e337dac0, 0x00000000e5560000)
  from space 21824K,  49% used [0x00000000e6ab0000, 0x00000000e7554880, 0x00000000e8000000)
  to   space 21824K,   0% used [0x00000000e5560000, 0x00000000e5560000, 0x00000000e6ab0000)
 concurrent mark-sweep generation total 393216K, used 37246K [0x00000000e8000000, 0x0000000100000000, 0x0000000100000000)
 Metaspace       used 31961K, capacity 32716K, committed 33024K, reserved 1079296K
  class space    used 3604K, capacity 3817K, committed 3840K, reserved 1048576K
