OpenJDK 64-Bit Server VM (25.171-b11) for linux-amd64 JRE (1.8.0_171-8u171-b11-0ubuntu0.16.04.1-b11), built on Apr 27 2018 17:19:03 by "buildd" with gcc 5.4.0 20160609
Memory: 4k page, physical 7867600k(1023736k free), swap 8076284k(8076284k free)
CommandLine flags: -XX:CMSInitiatingOccupancyFraction=50 -XX:CMSMaxAbortablePrecleanTime=6000 -XX:+CMSParallelRemarkEnabled -XX:+CMSScavengeBeforeRemark -XX:ConcGCThreads=4 -XX:InitialHeapSize=536870912 -XX:MaxHeapSize=536870912 -XX:MaxTenuringThreshold=8 -XX:NewRatio=3 -XX:OldPLABSize=16 -XX:OnOutOfMemoryError=/home/gurnoor/workspace/QTM/solr/bin/oom_solr.sh 8983 /home/gurnoor/workspace/QTM/solr/server/logs -XX:ParallelGCThreads=4 -XX:+ParallelRefProcEnabled -XX:PretenureSizeThreshold=67108864 -XX:+PrintGC -XX:+PrintGCApplicationStoppedTime -XX:+PrintGCDateStamps -XX:+PrintGCDetails -XX:+PrintGCTimeStamps -XX:+PrintHeapAtGC -XX:+PrintTenuringDistribution -XX:SurvivorRatio=4 -XX:TargetSurvivorRatio=90 -XX:ThreadStackSize=256 -XX:+UseCMSInitiatingOccupancyOnly -XX:+UseCompressedClassPointers -XX:+UseCompressedOops -XX:+UseConcMarkSweepGC -XX:+UseParNewGC 
2018-06-19T11:48:33.346+0200: 0,114: Total time for which application threads were stopped: 0,0000702 seconds, Stopping threads took: 0,0000137 seconds
2018-06-19T11:48:33.412+0200: 0,180: Total time for which application threads were stopped: 0,0001133 seconds, Stopping threads took: 0,0000199 seconds
2018-06-19T11:48:33.423+0200: 0,191: Total time for which application threads were stopped: 0,0000874 seconds, Stopping threads took: 0,0000194 seconds
2018-06-19T11:48:33.545+0200: 0,313: Total time for which application threads were stopped: 0,0001630 seconds, Stopping threads took: 0,0000231 seconds
2018-06-19T11:48:33.699+0200: 0,466: Total time for which application threads were stopped: 0,0001426 seconds, Stopping threads took: 0,0000185 seconds
2018-06-19T11:48:33.742+0200: 0,509: Total time for which application threads were stopped: 0,0001621 seconds, Stopping threads took: 0,0000244 seconds
2018-06-19T11:48:33.762+0200: 0,529: Total time for which application threads were stopped: 0,0002162 seconds, Stopping threads took: 0,0000346 seconds
2018-06-19T11:48:33.953+0200: 0,721: Total time for which application threads were stopped: 0,0001912 seconds, Stopping threads took: 0,0000166 seconds
2018-06-19T11:48:34.091+0200: 0,858: Total time for which application threads were stopped: 0,0002904 seconds, Stopping threads took: 0,0000281 seconds
2018-06-19T11:48:34.112+0200: 0,880: Total time for which application threads were stopped: 0,0001893 seconds, Stopping threads took: 0,0000151 seconds
2018-06-19T11:48:34.137+0200: 0,905: Total time for which application threads were stopped: 0,0002711 seconds, Stopping threads took: 0,0000233 seconds
2018-06-19T11:48:34.138+0200: 0,906: Total time for which application threads were stopped: 0,0002143 seconds, Stopping threads took: 0,0000249 seconds
2018-06-19T11:48:34.150+0200: 0,918: Total time for which application threads were stopped: 0,0002081 seconds, Stopping threads took: 0,0000264 seconds
2018-06-19T11:48:34.222+0200: 0,990: Total time for which application threads were stopped: 0,0002619 seconds, Stopping threads took: 0,0000279 seconds
2018-06-19T11:48:34.387+0200: 1,154: Total time for which application threads were stopped: 0,0003060 seconds, Stopping threads took: 0,0000452 seconds
{Heap before GC invocations=0 (full 0):
 par new generation   total 109248K, used 87424K [0x00000000e0000000, 0x00000000e8000000, 0x00000000e8000000)
  eden space 87424K, 100% used [0x00000000e0000000, 0x00000000e5560000, 0x00000000e5560000)
  from space 21824K,   0% used [0x00000000e5560000, 0x00000000e5560000, 0x00000000e6ab0000)
  to   space 21824K,   0% used [0x00000000e6ab0000, 0x00000000e6ab0000, 0x00000000e8000000)
 concurrent mark-sweep generation total 393216K, used 0K [0x00000000e8000000, 0x0000000100000000, 0x0000000100000000)
 Metaspace       used 17848K, capacity 18184K, committed 18304K, reserved 1064960K
  class space    used 2025K, capacity 2166K, committed 2176K, reserved 1048576K
2018-06-19T11:48:34.422+0200: 1,190: [GC (Allocation Failure) 2018-06-19T11:48:34.422+0200: 1,190: [ParNew
Desired survivor size 20112992 bytes, new threshold 8 (max 8)
- age   1:   11340648 bytes,   11340648 total
: 87424K->11190K(109248K), 0,0109992 secs] 87424K->11190K(502464K), 0,0110580 secs] [Times: user=0,03 sys=0,01, real=0,02 secs] 
Heap after GC invocations=1 (full 0):
 par new generation   total 109248K, used 11190K [0x00000000e0000000, 0x00000000e8000000, 0x00000000e8000000)
  eden space 87424K,   0% used [0x00000000e0000000, 0x00000000e0000000, 0x00000000e5560000)
  from space 21824K,  51% used [0x00000000e6ab0000, 0x00000000e759da08, 0x00000000e8000000)
  to   space 21824K,   0% used [0x00000000e5560000, 0x00000000e5560000, 0x00000000e6ab0000)
 concurrent mark-sweep generation total 393216K, used 0K [0x00000000e8000000, 0x0000000100000000, 0x0000000100000000)
 Metaspace       used 17848K, capacity 18184K, committed 18304K, reserved 1064960K
  class space    used 2025K, capacity 2166K, committed 2176K, reserved 1048576K
}
2018-06-19T11:48:34.433+0200: 1,201: Total time for which application threads were stopped: 0,0135878 seconds, Stopping threads took: 0,0023176 seconds
2018-06-19T11:48:34.735+0200: 1,503: Total time for which application threads were stopped: 0,0004271 seconds, Stopping threads took: 0,0000631 seconds
2018-06-19T11:48:34.788+0200: 1,556: Total time for which application threads were stopped: 0,0029143 seconds, Stopping threads took: 0,0025965 seconds
{Heap before GC invocations=1 (full 0):
 par new generation   total 109248K, used 98614K [0x00000000e0000000, 0x00000000e8000000, 0x00000000e8000000)
  eden space 87424K, 100% used [0x00000000e0000000, 0x00000000e5560000, 0x00000000e5560000)
  from space 21824K,  51% used [0x00000000e6ab0000, 0x00000000e759da08, 0x00000000e8000000)
  to   space 21824K,   0% used [0x00000000e5560000, 0x00000000e5560000, 0x00000000e6ab0000)
 concurrent mark-sweep generation total 393216K, used 0K [0x00000000e8000000, 0x0000000100000000, 0x0000000100000000)
 Metaspace       used 20125K, capacity 20514K, committed 20736K, reserved 1067008K
  class space    used 2304K, capacity 2477K, committed 2560K, reserved 1048576K
2018-06-19T11:48:34.802+0200: 1,570: [GC (Allocation Failure) 2018-06-19T11:48:34.802+0200: 1,570: [ParNew
Desired survivor size 20112992 bytes, new threshold 8 (max 8)
- age   1:    3564464 bytes,    3564464 total
- age   2:    5863928 bytes,    9428392 total
: 98614K->14152K(109248K), 0,0197070 secs] 98614K->14152K(502464K), 0,0197776 secs] [Times: user=0,06 sys=0,00, real=0,02 secs] 
Heap after GC invocations=2 (full 0):
 par new generation   total 109248K, used 14152K [0x00000000e0000000, 0x00000000e8000000, 0x00000000e8000000)
  eden space 87424K,   0% used [0x00000000e0000000, 0x00000000e0000000, 0x00000000e5560000)
  from space 21824K,  64% used [0x00000000e5560000, 0x00000000e6332300, 0x00000000e6ab0000)
  to   space 21824K,   0% used [0x00000000e6ab0000, 0x00000000e6ab0000, 0x00000000e8000000)
 concurrent mark-sweep generation total 393216K, used 0K [0x00000000e8000000, 0x0000000100000000, 0x0000000100000000)
 Metaspace       used 20125K, capacity 20514K, committed 20736K, reserved 1067008K
  class space    used 2304K, capacity 2477K, committed 2560K, reserved 1048576K
}
2018-06-19T11:48:34.822+0200: 1,590: Total time for which application threads were stopped: 0,0210508 seconds, Stopping threads took: 0,0011046 seconds
2018-06-19T11:48:34.873+0200: 1,640: Total time for which application threads were stopped: 0,0047490 seconds, Stopping threads took: 0,0043828 seconds
2018-06-19T11:48:34.988+0200: 1,756: Total time for which application threads were stopped: 0,0001750 seconds, Stopping threads took: 0,0000495 seconds
{Heap before GC invocations=2 (full 0):
 par new generation   total 109248K, used 101576K [0x00000000e0000000, 0x00000000e8000000, 0x00000000e8000000)
  eden space 87424K, 100% used [0x00000000e0000000, 0x00000000e5560000, 0x00000000e5560000)
  from space 21824K,  64% used [0x00000000e5560000, 0x00000000e6332300, 0x00000000e6ab0000)
  to   space 21824K,   0% used [0x00000000e6ab0000, 0x00000000e6ab0000, 0x00000000e8000000)
 concurrent mark-sweep generation total 393216K, used 0K [0x00000000e8000000, 0x0000000100000000, 0x0000000100000000)
 Metaspace       used 21053K, capacity 21436K, committed 21552K, reserved 1069056K
  class space    used 2429K, capacity 2596K, committed 2608K, reserved 1048576K
2018-06-19T11:48:35.035+0200: 1,802: [GC (Allocation Failure) 2018-06-19T11:48:35.035+0200: 1,802: [ParNew
Desired survivor size 20112992 bytes, new threshold 8 (max 8)
- age   1:    2227832 bytes,    2227832 total
- age   2:    1107552 bytes,    3335384 total
- age   3:    5863512 bytes,    9198896 total
: 101576K->11194K(109248K), 0,0096864 secs] 101576K->11194K(502464K), 0,0097713 secs] [Times: user=0,03 sys=0,00, real=0,01 secs] 
Heap after GC invocations=3 (full 0):
 par new generation   total 109248K, used 11194K [0x00000000e0000000, 0x00000000e8000000, 0x00000000e8000000)
  eden space 87424K,   0% used [0x00000000e0000000, 0x00000000e0000000, 0x00000000e5560000)
  from space 21824K,  51% used [0x00000000e6ab0000, 0x00000000e759ebf8, 0x00000000e8000000)
  to   space 21824K,   0% used [0x00000000e5560000, 0x00000000e5560000, 0x00000000e6ab0000)
 concurrent mark-sweep generation total 393216K, used 0K [0x00000000e8000000, 0x0000000100000000, 0x0000000100000000)
 Metaspace       used 21053K, capacity 21436K, committed 21552K, reserved 1069056K
  class space    used 2429K, capacity 2596K, committed 2608K, reserved 1048576K
}
2018-06-19T11:48:35.045+0200: 1,812: Total time for which application threads were stopped: 0,0107302 seconds, Stopping threads took: 0,0008209 seconds
2018-06-19T11:48:35.045+0200: 1,812: [GC (CMS Initial Mark) [1 CMS-initial-mark: 0K(393216K)] 11196K(502464K), 0,0032710 secs] [Times: user=0,01 sys=0,00, real=0,00 secs] 
2018-06-19T11:48:35.048+0200: 1,816: Total time for which application threads were stopped: 0,0034044 seconds, Stopping threads took: 0,0000334 seconds
2018-06-19T11:48:35.048+0200: 1,816: [CMS-concurrent-mark-start]
2018-06-19T11:48:35.048+0200: 1,816: [CMS-concurrent-mark: 0,000/0,000 secs] [Times: user=0,00 sys=0,00, real=0,00 secs] 
2018-06-19T11:48:35.048+0200: 1,816: [CMS-concurrent-preclean-start]
2018-06-19T11:48:35.050+0200: 1,817: [CMS-concurrent-preclean: 0,001/0,001 secs] [Times: user=0,01 sys=0,00, real=0,00 secs] 
2018-06-19T11:48:35.050+0200: 1,817: [CMS-concurrent-abortable-preclean-start]
2018-06-19T11:48:35.156+0200: 1,923: Total time for which application threads were stopped: 0,0001750 seconds, Stopping threads took: 0,0000816 seconds
{Heap before GC invocations=3 (full 1):
 par new generation   total 109248K, used 98618K [0x00000000e0000000, 0x00000000e8000000, 0x00000000e8000000)
  eden space 87424K, 100% used [0x00000000e0000000, 0x00000000e5560000, 0x00000000e5560000)
  from space 21824K,  51% used [0x00000000e6ab0000, 0x00000000e759ebf8, 0x00000000e8000000)
  to   space 21824K,   0% used [0x00000000e5560000, 0x00000000e5560000, 0x00000000e6ab0000)
 concurrent mark-sweep generation total 393216K, used 0K [0x00000000e8000000, 0x0000000100000000, 0x0000000100000000)
 Metaspace       used 21332K, capacity 21718K, committed 21960K, reserved 1069056K
  class space    used 2456K, capacity 2612K, committed 2684K, reserved 1048576K
2018-06-19T11:48:35.186+0200: 1,953: [GC (Allocation Failure) 2018-06-19T11:48:35.186+0200: 1,953: [ParNew
Desired survivor size 20112992 bytes, new threshold 8 (max 8)
- age   1:    1141920 bytes,    1141920 total
- age   2:    1455216 bytes,    2597136 total
- age   3:    1105360 bytes,    3702496 total
- age   4:    5863352 bytes,    9565848 total
: 98618K->13571K(109248K), 0,0115326 secs] 98618K->13571K(502464K), 0,0116035 secs] [Times: user=0,04 sys=0,00, real=0,01 secs] 
Heap after GC invocations=4 (full 1):
 par new generation   total 109248K, used 13571K [0x00000000e0000000, 0x00000000e8000000, 0x00000000e8000000)
  eden space 87424K,   0% used [0x00000000e0000000, 0x00000000e0000000, 0x00000000e5560000)
  from space 21824K,  62% used [0x00000000e5560000, 0x00000000e62a0da8, 0x00000000e6ab0000)
  to   space 21824K,   0% used [0x00000000e6ab0000, 0x00000000e6ab0000, 0x00000000e8000000)
 concurrent mark-sweep generation total 393216K, used 0K [0x00000000e8000000, 0x0000000100000000, 0x0000000100000000)
 Metaspace       used 21332K, capacity 21718K, committed 21960K, reserved 1069056K
  class space    used 2456K, capacity 2612K, committed 2684K, reserved 1048576K
}
2018-06-19T11:48:35.197+0200: 1,965: Total time for which application threads were stopped: 0,0118087 seconds, Stopping threads took: 0,0000694 seconds
2018-06-19T11:48:35.284+0200: 2,052: Total time for which application threads were stopped: 0,0001805 seconds, Stopping threads took: 0,0000903 seconds
2018-06-19T11:48:35.284+0200: 2,052: [CMS-concurrent-abortable-preclean: 0,103/0,234 secs] [Times: user=0,89 sys=0,01, real=0,23 secs] 
2018-06-19T11:48:35.296+0200: 2,064: [GC (CMS Final Remark) [YG occupancy: 99352 K (109248 K)]{Heap before GC invocations=4 (full 1):
 par new generation   total 109248K, used 99352K [0x00000000e0000000, 0x00000000e8000000, 0x00000000e8000000)
  eden space 87424K,  98% used [0x00000000e0000000, 0x00000000e53c5298, 0x00000000e5560000)
  from space 21824K,  62% used [0x00000000e5560000, 0x00000000e62a0da8, 0x00000000e6ab0000)
  to   space 21824K,   0% used [0x00000000e6ab0000, 0x00000000e6ab0000, 0x00000000e8000000)
 concurrent mark-sweep generation total 393216K, used 0K [0x00000000e8000000, 0x0000000100000000, 0x0000000100000000)
 Metaspace       used 21577K, capacity 22012K, committed 22216K, reserved 1069056K
  class space    used 2483K, capacity 2645K, committed 2684K, reserved 1048576K
2018-06-19T11:48:35.296+0200: 2,064: [GC (CMS Final Remark) 2018-06-19T11:48:35.296+0200: 2,064: [ParNew
Desired survivor size 20112992 bytes, new threshold 8 (max 8)
- age   1:    1000288 bytes,    1000288 total
- age   2:     189816 bytes,    1190104 total
- age   3:    1454312 bytes,    2644416 total
- age   4:    1103376 bytes,    3747792 total
- age   5:    5863376 bytes,    9611168 total
: 99352K->10883K(109248K), 0,0093265 secs] 99352K->10883K(502464K), 0,0093704 secs] [Times: user=0,03 sys=0,00, real=0,01 secs] 
Heap after GC invocations=5 (full 1):
 par new generation   total 109248K, used 10883K [0x00000000e0000000, 0x00000000e8000000, 0x00000000e8000000)
  eden space 87424K,   0% used [0x00000000e0000000, 0x00000000e0000000, 0x00000000e5560000)
  from space 21824K,  49% used [0x00000000e6ab0000, 0x00000000e7550f00, 0x00000000e8000000)
  to   space 21824K,   0% used [0x00000000e5560000, 0x00000000e5560000, 0x00000000e6ab0000)
 concurrent mark-sweep generation total 393216K, used 0K [0x00000000e8000000, 0x0000000100000000, 0x0000000100000000)
 Metaspace       used 21577K, capacity 22012K, committed 22216K, reserved 1069056K
  class space    used 2483K, capacity 2645K, committed 2684K, reserved 1048576K
}
2018-06-19T11:48:35.305+0200: 2,073: [Rescan (parallel) , 0,0033683 secs]2018-06-19T11:48:35.309+0200: 2,077: [weak refs processing, 0,0012144 secs]2018-06-19T11:48:35.310+0200: 2,078: [class unloading, 0,0031205 secs]2018-06-19T11:48:35.313+0200: 2,081: [scrub symbol table, 0,0038291 secs]2018-06-19T11:48:35.317+0200: 2,085: [scrub string table, 0,0003756 secs][1 CMS-remark: 0K(393216K)] 10883K(502464K), 0,0220209 secs] [Times: user=0,06 sys=0,00, real=0,02 secs] 
2018-06-19T11:48:35.318+0200: 2,086: Total time for which application threads were stopped: 0,0249394 seconds, Stopping threads took: 0,0028274 seconds
2018-06-19T11:48:35.318+0200: 2,086: [CMS-concurrent-sweep-start]
2018-06-19T11:48:35.318+0200: 2,086: [CMS-concurrent-sweep: 0,000/0,000 secs] [Times: user=0,00 sys=0,00, real=0,00 secs] 
2018-06-19T11:48:35.318+0200: 2,086: [CMS-concurrent-reset-start]
2018-06-19T11:48:35.322+0200: 2,089: [CMS-concurrent-reset: 0,003/0,003 secs] [Times: user=0,00 sys=0,00, real=0,00 secs] 
2018-06-19T11:48:35.339+0200: 2,106: Total time for which application threads were stopped: 0,0003827 seconds, Stopping threads took: 0,0000577 seconds
2018-06-19T11:48:35.606+0200: 2,374: Total time for which application threads were stopped: 0,0006060 seconds, Stopping threads took: 0,0000556 seconds
2018-06-19T11:48:35.621+0200: 2,389: Total time for which application threads were stopped: 0,0004669 seconds, Stopping threads took: 0,0000421 seconds
{Heap before GC invocations=5 (full 1):
 par new generation   total 109248K, used 98307K [0x00000000e0000000, 0x00000000e8000000, 0x00000000e8000000)
  eden space 87424K, 100% used [0x00000000e0000000, 0x00000000e5560000, 0x00000000e5560000)
  from space 21824K,  49% used [0x00000000e6ab0000, 0x00000000e7550f00, 0x00000000e8000000)
  to   space 21824K,   0% used [0x00000000e5560000, 0x00000000e5560000, 0x00000000e6ab0000)
 concurrent mark-sweep generation total 393216K, used 0K [0x00000000e8000000, 0x0000000100000000, 0x0000000100000000)
 Metaspace       used 25074K, capacity 25536K, committed 25724K, reserved 1071104K
  class space    used 2918K, capacity 3115K, committed 3196K, reserved 1048576K
2018-06-19T11:48:35.883+0200: 2,651: [GC (Allocation Failure) 2018-06-19T11:48:35.883+0200: 2,651: [ParNew
Desired survivor size 20112992 bytes, new threshold 8 (max 8)
- age   1:    5274352 bytes,    5274352 total
- age   2:     130176 bytes,    5404528 total
- age   3:     186016 bytes,    5590544 total
- age   4:     283328 bytes,    5873872 total
- age   5:    1081288 bytes,    6955160 total
- age   6:    5857416 bytes,   12812576 total
: 98307K->16799K(109248K), 0,0257749 secs] 98307K->16799K(502464K), 0,0258608 secs] [Times: user=0,08 sys=0,00, real=0,03 secs] 
Heap after GC invocations=6 (full 1):
 par new generation   total 109248K, used 16799K [0x00000000e0000000, 0x00000000e8000000, 0x00000000e8000000)
  eden space 87424K,   0% used [0x00000000e0000000, 0x00000000e0000000, 0x00000000e5560000)
  from space 21824K,  76% used [0x00000000e5560000, 0x00000000e65c7ec0, 0x00000000e6ab0000)
  to   space 21824K,   0% used [0x00000000e6ab0000, 0x00000000e6ab0000, 0x00000000e8000000)
 concurrent mark-sweep generation total 393216K, used 0K [0x00000000e8000000, 0x0000000100000000, 0x0000000100000000)
 Metaspace       used 25074K, capacity 25536K, committed 25724K, reserved 1071104K
  class space    used 2918K, capacity 3115K, committed 3196K, reserved 1048576K
}
2018-06-19T11:48:35.909+0200: 2,677: Total time for which application threads were stopped: 0,0262097 seconds, Stopping threads took: 0,0000374 seconds
2018-06-19T11:48:36.035+0200: 2,803: Total time for which application threads were stopped: 0,0004704 seconds, Stopping threads took: 0,0000528 seconds
2018-06-19T11:48:36.053+0200: 2,821: Total time for which application threads were stopped: 0,0004527 seconds, Stopping threads took: 0,0000238 seconds
2018-06-19T11:48:36.103+0200: 2,871: Total time for which application threads were stopped: 0,0004802 seconds, Stopping threads took: 0,0000772 seconds
2018-06-19T11:48:36.212+0200: 2,979: Total time for which application threads were stopped: 0,0006492 seconds, Stopping threads took: 0,0001484 seconds
{Heap before GC invocations=6 (full 1):
 par new generation   total 109248K, used 104223K [0x00000000e0000000, 0x00000000e8000000, 0x00000000e8000000)
  eden space 87424K, 100% used [0x00000000e0000000, 0x00000000e5560000, 0x00000000e5560000)
  from space 21824K,  76% used [0x00000000e5560000, 0x00000000e65c7ec0, 0x00000000e6ab0000)
  to   space 21824K,   0% used [0x00000000e6ab0000, 0x00000000e6ab0000, 0x00000000e8000000)
 concurrent mark-sweep generation total 393216K, used 0K [0x00000000e8000000, 0x0000000100000000, 0x0000000100000000)
 Metaspace       used 28037K, capacity 28650K, committed 28796K, reserved 1075200K
  class space    used 3227K, capacity 3426K, committed 3452K, reserved 1048576K
2018-06-19T11:48:36.343+0200: 3,111: [GC (Allocation Failure) 2018-06-19T11:48:36.343+0200: 3,111: [ParNew
Desired survivor size 20112992 bytes, new threshold 7 (max 8)
- age   1:   12665104 bytes,   12665104 total
- age   2:    2206608 bytes,   14871712 total
- age   3:     130088 bytes,   15001800 total
- age   4:     185840 bytes,   15187640 total
- age   5:     283024 bytes,   15470664 total
- age   6:    1071336 bytes,   16542000 total
- age   7:    5750376 bytes,   22292376 total
: 104223K->21824K(109248K), 0,0330918 secs] 104223K->23499K(502464K), 0,0331786 secs] [Times: user=0,12 sys=0,00, real=0,04 secs] 
Heap after GC invocations=7 (full 1):
 par new generation   total 109248K, used 21824K [0x00000000e0000000, 0x00000000e8000000, 0x00000000e8000000)
  eden space 87424K,   0% used [0x00000000e0000000, 0x00000000e0000000, 0x00000000e5560000)
  from space 21824K, 100% used [0x00000000e6ab0000, 0x00000000e8000000, 0x00000000e8000000)
  to   space 21824K,   0% used [0x00000000e5560000, 0x00000000e5560000, 0x00000000e6ab0000)
 concurrent mark-sweep generation total 393216K, used 1675K [0x00000000e8000000, 0x0000000100000000, 0x0000000100000000)
 Metaspace       used 28037K, capacity 28650K, committed 28796K, reserved 1075200K
  class space    used 3227K, capacity 3426K, committed 3452K, reserved 1048576K
}
2018-06-19T11:48:36.376+0200: 3,144: Total time for which application threads were stopped: 0,0334932 seconds, Stopping threads took: 0,0001013 seconds
{Heap before GC invocations=7 (full 1):
 par new generation   total 109248K, used 109248K [0x00000000e0000000, 0x00000000e8000000, 0x00000000e8000000)
  eden space 87424K, 100% used [0x00000000e0000000, 0x00000000e5560000, 0x00000000e5560000)
  from space 21824K, 100% used [0x00000000e6ab0000, 0x00000000e8000000, 0x00000000e8000000)
  to   space 21824K,   0% used [0x00000000e5560000, 0x00000000e5560000, 0x00000000e6ab0000)
 concurrent mark-sweep generation total 393216K, used 1675K [0x00000000e8000000, 0x0000000100000000, 0x0000000100000000)
 Metaspace       used 28079K, capacity 28678K, committed 28796K, reserved 1075200K
  class space    used 3230K, capacity 3431K, committed 3452K, reserved 1048576K
2018-06-19T11:48:36.458+0200: 3,225: [GC (Allocation Failure) 2018-06-19T11:48:36.458+0200: 3,225: [ParNew
Desired survivor size 20112992 bytes, new threshold 8 (max 8)
- age   1:    1365288 bytes,    1365288 total
- age   2:   11708984 bytes,   13074272 total
- age   3:    2203992 bytes,   15278264 total
- age   4:     130088 bytes,   15408352 total
- age   5:     185632 bytes,   15593984 total
- age   6:     283024 bytes,   15877008 total
- age   7:    1071336 bytes,   16948344 total
: 109248K->21824K(109248K), 0,0513627 secs] 110923K->29186K(502464K), 0,0514526 secs] [Times: user=0,14 sys=0,01, real=0,05 secs] 
Heap after GC invocations=8 (full 1):
 par new generation   total 109248K, used 21824K [0x00000000e0000000, 0x00000000e8000000, 0x00000000e8000000)
  eden space 87424K,   0% used [0x00000000e0000000, 0x00000000e0000000, 0x00000000e5560000)
  from space 21824K, 100% used [0x00000000e5560000, 0x00000000e6ab0000, 0x00000000e6ab0000)
  to   space 21824K,   0% used [0x00000000e6ab0000, 0x00000000e6ab0000, 0x00000000e8000000)
 concurrent mark-sweep generation total 393216K, used 7362K [0x00000000e8000000, 0x0000000100000000, 0x0000000100000000)
 Metaspace       used 28079K, capacity 28678K, committed 28796K, reserved 1075200K
  class space    used 3230K, capacity 3431K, committed 3452K, reserved 1048576K
}
2018-06-19T11:48:36.509+0200: 3,277: Total time for which application threads were stopped: 0,0517961 seconds, Stopping threads took: 0,0000817 seconds
{Heap before GC invocations=8 (full 1):
 par new generation   total 109248K, used 109248K [0x00000000e0000000, 0x00000000e8000000, 0x00000000e8000000)
  eden space 87424K, 100% used [0x00000000e0000000, 0x00000000e5560000, 0x00000000e5560000)
  from space 21824K, 100% used [0x00000000e5560000, 0x00000000e6ab0000, 0x00000000e6ab0000)
  to   space 21824K,   0% used [0x00000000e6ab0000, 0x00000000e6ab0000, 0x00000000e8000000)
 concurrent mark-sweep generation total 393216K, used 7362K [0x00000000e8000000, 0x0000000100000000, 0x0000000100000000)
 Metaspace       used 28140K, capacity 28752K, committed 29052K, reserved 1075200K
  class space    used 3231K, capacity 3433K, committed 3452K, reserved 1048576K
2018-06-19T11:48:36.646+0200: 3,414: [GC (Allocation Failure) 2018-06-19T11:48:36.646+0200: 3,414: [ParNew
Desired survivor size 20112992 bytes, new threshold 8 (max 8)
- age   1:     728520 bytes,     728520 total
- age   2:     155960 bytes,     884480 total
- age   3:   11708984 bytes,   12593464 total
- age   4:    2203992 bytes,   14797456 total
- age   5:     130088 bytes,   14927544 total
- age   6:     185632 bytes,   15113176 total
- age   7:     283024 bytes,   15396200 total
- age   8:    1071336 bytes,   16467536 total
: 109248K->20125K(109248K), 0,0187943 secs] 116610K->27488K(502464K), 0,0188793 secs] [Times: user=0,07 sys=0,00, real=0,02 secs] 
Heap after GC invocations=9 (full 1):
 par new generation   total 109248K, used 20125K [0x00000000e0000000, 0x00000000e8000000, 0x00000000e8000000)
  eden space 87424K,   0% used [0x00000000e0000000, 0x00000000e0000000, 0x00000000e5560000)
  from space 21824K,  92% used [0x00000000e6ab0000, 0x00000000e7e57710, 0x00000000e8000000)
  to   space 21824K,   0% used [0x00000000e5560000, 0x00000000e5560000, 0x00000000e6ab0000)
 concurrent mark-sweep generation total 393216K, used 7362K [0x00000000e8000000, 0x0000000100000000, 0x0000000100000000)
 Metaspace       used 28140K, capacity 28752K, committed 29052K, reserved 1075200K
  class space    used 3231K, capacity 3433K, committed 3452K, reserved 1048576K
}
2018-06-19T11:48:36.665+0200: 3,433: Total time for which application threads were stopped: 0,0194251 seconds, Stopping threads took: 0,0003399 seconds
2018-06-19T11:48:37.291+0200: 4,059: Total time for which application threads were stopped: 0,0004394 seconds, Stopping threads took: 0,0000275 seconds
2018-06-19T11:48:41.433+0200: 8,200: Total time for which application threads were stopped: 0,0003125 seconds, Stopping threads took: 0,0001775 seconds
2018-06-19T11:48:41.438+0200: 8,206: Total time for which application threads were stopped: 0,0000760 seconds, Stopping threads took: 0,0000160 seconds
2018-06-19T11:48:41.474+0200: 8,242: Total time for which application threads were stopped: 0,0004224 seconds, Stopping threads took: 0,0000226 seconds
2018-06-19T11:48:41.501+0200: 8,269: Total time for which application threads were stopped: 0,0000784 seconds, Stopping threads took: 0,0000168 seconds
2018-06-19T11:48:41.501+0200: 8,269: Total time for which application threads were stopped: 0,0000395 seconds, Stopping threads took: 0,0000077 seconds
2018-06-19T11:48:41.617+0200: 8,384: Total time for which application threads were stopped: 0,0001366 seconds, Stopping threads took: 0,0000277 seconds
2018-06-19T11:48:41.621+0200: 8,388: Total time for which application threads were stopped: 0,0001878 seconds, Stopping threads took: 0,0000793 seconds
2018-06-19T11:48:41.680+0200: 8,447: Total time for which application threads were stopped: 0,0001451 seconds, Stopping threads took: 0,0000489 seconds
2018-06-19T11:48:41.696+0200: 8,464: Total time for which application threads were stopped: 0,0001324 seconds, Stopping threads took: 0,0000446 seconds
2018-06-19T11:48:41.716+0200: 8,484: Total time for which application threads were stopped: 0,0001231 seconds, Stopping threads took: 0,0000582 seconds
2018-06-19T11:48:41.768+0200: 8,536: Total time for which application threads were stopped: 0,0001424 seconds, Stopping threads took: 0,0000273 seconds
2018-06-19T11:49:52.949+0200: 79,717: Total time for which application threads were stopped: 0,0001131 seconds, Stopping threads took: 0,0000351 seconds
2018-06-19T11:49:52.949+0200: 79,717: Total time for which application threads were stopped: 0,0000557 seconds, Stopping threads took: 0,0000123 seconds
2018-06-19T11:49:52.994+0200: 79,762: Total time for which application threads were stopped: 0,0001062 seconds, Stopping threads took: 0,0000335 seconds
2018-06-19T11:49:52.996+0200: 79,764: Total time for which application threads were stopped: 0,0001080 seconds, Stopping threads took: 0,0000237 seconds
2018-06-19T11:49:53.081+0200: 79,848: Total time for which application threads were stopped: 0,0001443 seconds, Stopping threads took: 0,0000485 seconds
2018-06-19T11:50:12.576+0200: 99,344: Total time for which application threads were stopped: 0,0001203 seconds, Stopping threads took: 0,0000460 seconds
2018-06-19T11:50:12.577+0200: 99,344: Total time for which application threads were stopped: 0,0001257 seconds, Stopping threads took: 0,0000573 seconds
2018-06-19T11:50:12.606+0200: 99,374: Total time for which application threads were stopped: 0,0001864 seconds, Stopping threads took: 0,0001106 seconds
2018-06-19T11:50:12.608+0200: 99,376: Total time for which application threads were stopped: 0,0000911 seconds, Stopping threads took: 0,0000265 seconds
2018-06-19T11:50:12.649+0200: 99,417: Total time for which application threads were stopped: 0,0001858 seconds, Stopping threads took: 0,0000448 seconds
2018-06-19T11:50:48.368+0200: 135,135: Total time for which application threads were stopped: 0,0001131 seconds, Stopping threads took: 0,0000401 seconds
2018-06-19T11:50:48.368+0200: 135,136: Total time for which application threads were stopped: 0,0000691 seconds, Stopping threads took: 0,0000328 seconds
2018-06-19T11:50:48.418+0200: 135,185: Total time for which application threads were stopped: 0,0001493 seconds, Stopping threads took: 0,0000327 seconds
2018-06-19T11:50:48.420+0200: 135,188: Total time for which application threads were stopped: 0,0001428 seconds, Stopping threads took: 0,0000522 seconds
2018-06-19T11:50:48.484+0200: 135,252: Total time for which application threads were stopped: 0,0003242 seconds, Stopping threads took: 0,0000584 seconds
2018-06-19T11:50:48.484+0200: 135,252: Total time for which application threads were stopped: 0,0000769 seconds, Stopping threads took: 0,0000265 seconds
2018-06-19T11:50:58.982+0200: 145,750: Total time for which application threads were stopped: 0,0000877 seconds, Stopping threads took: 0,0000169 seconds
2018-06-19T11:50:58.982+0200: 145,750: Total time for which application threads were stopped: 0,0000550 seconds, Stopping threads took: 0,0000183 seconds
2018-06-19T11:50:59.015+0200: 145,782: Total time for which application threads were stopped: 0,0001246 seconds, Stopping threads took: 0,0000311 seconds
2018-06-19T11:50:59.020+0200: 145,788: Total time for which application threads were stopped: 0,0001541 seconds, Stopping threads took: 0,0000767 seconds
2018-06-19T11:50:59.102+0200: 145,870: Total time for which application threads were stopped: 0,0001395 seconds, Stopping threads took: 0,0000253 seconds
2018-06-19T11:51:04.103+0200: 150,871: Total time for which application threads were stopped: 0,0001140 seconds, Stopping threads took: 0,0000554 seconds
2018-06-19T11:51:49.544+0200: 196,311: Total time for which application threads were stopped: 0,0009313 seconds, Stopping threads took: 0,0000512 seconds
2018-06-19T11:51:49.546+0200: 196,314: Total time for which application threads were stopped: 0,0013709 seconds, Stopping threads took: 0,0000299 seconds
2018-06-19T11:51:49.557+0200: 196,324: Total time for which application threads were stopped: 0,0002236 seconds, Stopping threads took: 0,0001163 seconds
2018-06-19T11:51:49.588+0200: 196,356: Total time for which application threads were stopped: 0,0002026 seconds, Stopping threads took: 0,0000731 seconds
2018-06-19T11:51:49.595+0200: 196,363: Total time for which application threads were stopped: 0,0038486 seconds, Stopping threads took: 0,0037184 seconds
2018-06-19T11:51:49.601+0200: 196,369: Total time for which application threads were stopped: 0,0043065 seconds, Stopping threads took: 0,0034855 seconds
2018-06-19T11:51:49.609+0200: 196,377: Total time for which application threads were stopped: 0,0002362 seconds, Stopping threads took: 0,0001103 seconds
2018-06-19T11:51:49.613+0200: 196,381: Total time for which application threads were stopped: 0,0001664 seconds, Stopping threads took: 0,0000665 seconds
2018-06-19T11:51:49.613+0200: 196,381: Total time for which application threads were stopped: 0,0000929 seconds, Stopping threads took: 0,0000122 seconds
Heap
 par new generation   total 109248K, used 71266K [0x00000000e0000000, 0x00000000e8000000, 0x00000000e8000000)
  eden space 87424K,  58% used [0x00000000e0000000, 0x00000000e31f1248, 0x00000000e5560000)
  from space 21824K,  92% used [0x00000000e6ab0000, 0x00000000e7e57710, 0x00000000e8000000)
  to   space 21824K,   0% used [0x00000000e5560000, 0x00000000e5560000, 0x00000000e6ab0000)
 concurrent mark-sweep generation total 393216K, used 7362K [0x00000000e8000000, 0x0000000100000000, 0x0000000100000000)
 Metaspace       used 29878K, capacity 30566K, committed 30844K, reserved 1077248K
  class space    used 3443K, capacity 3675K, committed 3708K, reserved 1048576K
