OpenJDK 64-Bit Server VM (25.171-b11) for linux-amd64 JRE (1.8.0_171-8u171-b11-0ubuntu0.16.04.1-b11), built on Apr 27 2018 17:19:03 by "buildd" with gcc 5.4.0 20160609
Memory: 4k page, physical 7867608k(1117456k free), swap 8076284k(8076256k free)
CommandLine flags: -XX:CMSInitiatingOccupancyFraction=50 -XX:CMSMaxAbortablePrecleanTime=6000 -XX:+CMSParallelRemarkEnabled -XX:+CMSScavengeBeforeRemark -XX:ConcGCThreads=4 -XX:InitialHeapSize=536870912 -XX:MaxHeapSize=536870912 -XX:MaxTenuringThreshold=8 -XX:NewRatio=3 -XX:OldPLABSize=16 -XX:OnOutOfMemoryError=/home/gurnoor/workspace/QTM/solr/bin/oom_solr.sh 8983 /home/gurnoor/workspace/QTM/solr/server/logs -XX:ParallelGCThreads=4 -XX:+ParallelRefProcEnabled -XX:PretenureSizeThreshold=67108864 -XX:+PrintGC -XX:+PrintGCApplicationStoppedTime -XX:+PrintGCDateStamps -XX:+PrintGCDetails -XX:+PrintGCTimeStamps -XX:+PrintHeapAtGC -XX:+PrintTenuringDistribution -XX:SurvivorRatio=4 -XX:TargetSurvivorRatio=90 -XX:ThreadStackSize=256 -XX:+UseCMSInitiatingOccupancyOnly -XX:+UseCompressedClassPointers -XX:+UseCompressedOops -XX:+UseConcMarkSweepGC -XX:+UseParNewGC 
2018-05-29T07:41:04.436+0200: 0,194: Total time for which application threads were stopped: 0,0001472 seconds, Stopping threads took: 0,0000217 seconds
2018-05-29T07:41:04.583+0200: 0,340: Total time for which application threads were stopped: 0,0001577 seconds, Stopping threads took: 0,0000280 seconds
2018-05-29T07:41:04.622+0200: 0,379: Total time for which application threads were stopped: 0,0002050 seconds, Stopping threads took: 0,0000273 seconds
2018-05-29T07:41:04.926+0200: 0,683: Total time for which application threads were stopped: 0,0009137 seconds, Stopping threads took: 0,0001956 seconds
2018-05-29T07:41:05.192+0200: 0,949: Total time for which application threads were stopped: 0,0001910 seconds, Stopping threads took: 0,0000188 seconds
2018-05-29T07:41:05.277+0200: 1,035: Total time for which application threads were stopped: 0,0001449 seconds, Stopping threads took: 0,0000146 seconds
2018-05-29T07:41:05.298+0200: 1,055: Total time for which application threads were stopped: 0,0002409 seconds, Stopping threads took: 0,0000653 seconds
2018-05-29T07:41:05.685+0200: 1,442: Total time for which application threads were stopped: 0,0003255 seconds, Stopping threads took: 0,0000272 seconds
2018-05-29T07:41:05.952+0200: 1,709: Total time for which application threads were stopped: 0,0003146 seconds, Stopping threads took: 0,0000275 seconds
2018-05-29T07:41:05.981+0200: 1,738: Total time for which application threads were stopped: 0,0002776 seconds, Stopping threads took: 0,0000164 seconds
2018-05-29T07:41:06.019+0200: 1,776: Total time for which application threads were stopped: 0,0003157 seconds, Stopping threads took: 0,0000766 seconds
2018-05-29T07:41:06.020+0200: 1,777: Total time for which application threads were stopped: 0,0002456 seconds, Stopping threads took: 0,0000257 seconds
2018-05-29T07:41:06.039+0200: 1,796: Total time for which application threads were stopped: 0,0002367 seconds, Stopping threads took: 0,0000330 seconds
2018-05-29T07:41:06.157+0200: 1,914: Total time for which application threads were stopped: 0,0002777 seconds, Stopping threads took: 0,0000371 seconds
2018-05-29T07:41:06.441+0200: 2,199: Total time for which application threads were stopped: 0,0070325 seconds, Stopping threads took: 0,0063642 seconds
{Heap before GC invocations=0 (full 0):
 par new generation   total 109248K, used 87424K [0x00000000e0000000, 0x00000000e8000000, 0x00000000e8000000)
  eden space 87424K, 100% used [0x00000000e0000000, 0x00000000e5560000, 0x00000000e5560000)
  from space 21824K,   0% used [0x00000000e5560000, 0x00000000e5560000, 0x00000000e6ab0000)
  to   space 21824K,   0% used [0x00000000e6ab0000, 0x00000000e6ab0000, 0x00000000e8000000)
 concurrent mark-sweep generation total 393216K, used 0K [0x00000000e8000000, 0x0000000100000000, 0x0000000100000000)
 Metaspace       used 17838K, capacity 18184K, committed 18304K, reserved 1064960K
  class space    used 2025K, capacity 2166K, committed 2176K, reserved 1048576K
2018-05-29T07:41:06.521+0200: 2,278: [GC (Allocation Failure) 2018-05-29T07:41:06.521+0200: 2,278: [ParNew
Desired survivor size 20112992 bytes, new threshold 8 (max 8)
- age   1:   11553480 bytes,   11553480 total
: 87424K->11401K(109248K), 0,0207675 secs] 87424K->11401K(502464K), 0,0208592 secs] [Times: user=0,05 sys=0,01, real=0,02 secs] 
Heap after GC invocations=1 (full 0):
 par new generation   total 109248K, used 11401K [0x00000000e0000000, 0x00000000e8000000, 0x00000000e8000000)
  eden space 87424K,   0% used [0x00000000e0000000, 0x00000000e0000000, 0x00000000e5560000)
  from space 21824K,  52% used [0x00000000e6ab0000, 0x00000000e75d2798, 0x00000000e8000000)
  to   space 21824K,   0% used [0x00000000e5560000, 0x00000000e5560000, 0x00000000e6ab0000)
 concurrent mark-sweep generation total 393216K, used 0K [0x00000000e8000000, 0x0000000100000000, 0x0000000100000000)
 Metaspace       used 17838K, capacity 18184K, committed 18304K, reserved 1064960K
  class space    used 2025K, capacity 2166K, committed 2176K, reserved 1048576K
}
2018-05-29T07:41:06.542+0200: 2,299: Total time for which application threads were stopped: 0,0221836 seconds, Stopping threads took: 0,0011111 seconds
2018-05-29T07:41:07.133+0200: 2,890: Total time for which application threads were stopped: 0,0004769 seconds, Stopping threads took: 0,0000317 seconds
{Heap before GC invocations=1 (full 0):
 par new generation   total 109248K, used 98825K [0x00000000e0000000, 0x00000000e8000000, 0x00000000e8000000)
  eden space 87424K, 100% used [0x00000000e0000000, 0x00000000e5560000, 0x00000000e5560000)
  from space 21824K,  52% used [0x00000000e6ab0000, 0x00000000e75d2798, 0x00000000e8000000)
  to   space 21824K,   0% used [0x00000000e5560000, 0x00000000e5560000, 0x00000000e6ab0000)
 concurrent mark-sweep generation total 393216K, used 0K [0x00000000e8000000, 0x0000000100000000, 0x0000000100000000)
 Metaspace       used 20095K, capacity 20492K, committed 20736K, reserved 1067008K
  class space    used 2297K, capacity 2468K, committed 2560K, reserved 1048576K
2018-05-29T07:41:07.203+0200: 2,960: [GC (Allocation Failure) 2018-05-29T07:41:07.203+0200: 2,960: [ParNew
Desired survivor size 20112992 bytes, new threshold 8 (max 8)
- age   1:    3354480 bytes,    3354480 total
- age   2:    6021216 bytes,    9375696 total
: 98825K->12783K(109248K), 0,0147422 secs] 98825K->12783K(502464K), 0,0149369 secs] [Times: user=0,04 sys=0,00, real=0,02 secs] 
Heap after GC invocations=2 (full 0):
 par new generation   total 109248K, used 12783K [0x00000000e0000000, 0x00000000e8000000, 0x00000000e8000000)
  eden space 87424K,   0% used [0x00000000e0000000, 0x00000000e0000000, 0x00000000e5560000)
  from space 21824K,  58% used [0x00000000e5560000, 0x00000000e61dbde8, 0x00000000e6ab0000)
  to   space 21824K,   0% used [0x00000000e6ab0000, 0x00000000e6ab0000, 0x00000000e8000000)
 concurrent mark-sweep generation total 393216K, used 0K [0x00000000e8000000, 0x0000000100000000, 0x0000000100000000)
 Metaspace       used 20095K, capacity 20492K, committed 20736K, reserved 1067008K
  class space    used 2297K, capacity 2468K, committed 2560K, reserved 1048576K
}
2018-05-29T07:41:07.218+0200: 2,975: Total time for which application threads were stopped: 0,0154217 seconds, Stopping threads took: 0,0001382 seconds
2018-05-29T07:41:07.225+0200: 2,982: Total time for which application threads were stopped: 0,0011571 seconds, Stopping threads took: 0,0008961 seconds
2018-05-29T07:41:07.276+0200: 3,033: Total time for which application threads were stopped: 0,0003635 seconds, Stopping threads took: 0,0000543 seconds
2018-05-29T07:41:07.395+0200: 3,152: Total time for which application threads were stopped: 0,0002758 seconds, Stopping threads took: 0,0000821 seconds
{Heap before GC invocations=2 (full 0):
 par new generation   total 109248K, used 100207K [0x00000000e0000000, 0x00000000e8000000, 0x00000000e8000000)
  eden space 87424K, 100% used [0x00000000e0000000, 0x00000000e5560000, 0x00000000e5560000)
  from space 21824K,  58% used [0x00000000e5560000, 0x00000000e61dbde8, 0x00000000e6ab0000)
  to   space 21824K,   0% used [0x00000000e6ab0000, 0x00000000e6ab0000, 0x00000000e8000000)
 concurrent mark-sweep generation total 393216K, used 0K [0x00000000e8000000, 0x0000000100000000, 0x0000000100000000)
 Metaspace       used 21000K, capacity 21356K, committed 21628K, reserved 1069056K
  class space    used 2422K, capacity 2588K, committed 2684K, reserved 1048576K
2018-05-29T07:41:07.448+0200: 3,205: [GC (Allocation Failure) 2018-05-29T07:41:07.448+0200: 3,205: [ParNew
Desired survivor size 20112992 bytes, new threshold 8 (max 8)
- age   1:    2186600 bytes,    2186600 total
- age   2:     939472 bytes,    3126072 total
- age   3:    6019184 bytes,    9145256 total
: 100207K->11834K(109248K), 0,0101864 secs] 100207K->11834K(502464K), 0,0102717 secs] [Times: user=0,04 sys=0,00, real=0,01 secs] 
Heap after GC invocations=3 (full 0):
 par new generation   total 109248K, used 11834K [0x00000000e0000000, 0x00000000e8000000, 0x00000000e8000000)
  eden space 87424K,   0% used [0x00000000e0000000, 0x00000000e0000000, 0x00000000e5560000)
  from space 21824K,  54% used [0x00000000e6ab0000, 0x00000000e763e930, 0x00000000e8000000)
  to   space 21824K,   0% used [0x00000000e5560000, 0x00000000e5560000, 0x00000000e6ab0000)
 concurrent mark-sweep generation total 393216K, used 0K [0x00000000e8000000, 0x0000000100000000, 0x0000000100000000)
 Metaspace       used 21000K, capacity 21356K, committed 21628K, reserved 1069056K
  class space    used 2422K, capacity 2588K, committed 2684K, reserved 1048576K
}
2018-05-29T07:41:07.458+0200: 3,216: Total time for which application threads were stopped: 0,0113120 seconds, Stopping threads took: 0,0008710 seconds
2018-05-29T07:41:07.471+0200: 3,228: [GC (CMS Initial Mark) [1 CMS-initial-mark: 0K(393216K)] 18229K(502464K), 0,0049845 secs] [Times: user=0,02 sys=0,00, real=0,00 secs] 
2018-05-29T07:41:07.476+0200: 3,233: Total time for which application threads were stopped: 0,0052025 seconds, Stopping threads took: 0,0000975 seconds
2018-05-29T07:41:07.476+0200: 3,233: [CMS-concurrent-mark-start]
2018-05-29T07:41:07.476+0200: 3,233: [CMS-concurrent-mark: 0,000/0,000 secs] [Times: user=0,00 sys=0,00, real=0,00 secs] 
2018-05-29T07:41:07.476+0200: 3,233: [CMS-concurrent-preclean-start]
2018-05-29T07:41:07.477+0200: 3,234: [CMS-concurrent-preclean: 0,001/0,001 secs] [Times: user=0,00 sys=0,00, real=0,01 secs] 
2018-05-29T07:41:07.477+0200: 3,234: [CMS-concurrent-abortable-preclean-start]
2018-05-29T07:41:07.586+0200: 3,343: Total time for which application threads were stopped: 0,0002201 seconds, Stopping threads took: 0,0000999 seconds
2018-05-29T07:41:07.586+0200: 3,343: [CMS-concurrent-abortable-preclean: 0,102/0,109 secs] [Times: user=0,39 sys=0,00, real=0,11 secs] 
2018-05-29T07:41:07.588+0200: 3,345: [GC (CMS Final Remark) [YG occupancy: 80778 K (109248 K)]{Heap before GC invocations=3 (full 1):
 par new generation   total 109248K, used 80778K [0x00000000e0000000, 0x00000000e8000000, 0x00000000e8000000)
  eden space 87424K,  78% used [0x00000000e0000000, 0x00000000e4354030, 0x00000000e5560000)
  from space 21824K,  54% used [0x00000000e6ab0000, 0x00000000e763e930, 0x00000000e8000000)
  to   space 21824K,   0% used [0x00000000e5560000, 0x00000000e5560000, 0x00000000e6ab0000)
 concurrent mark-sweep generation total 393216K, used 0K [0x00000000e8000000, 0x0000000100000000, 0x0000000100000000)
 Metaspace       used 21242K, capacity 21550K, committed 21884K, reserved 1069056K
  class space    used 2447K, capacity 2602K, committed 2684K, reserved 1048576K
2018-05-29T07:41:07.588+0200: 3,345: [GC (CMS Final Remark) 2018-05-29T07:41:07.588+0200: 3,345: [ParNew
Desired survivor size 20112992 bytes, new threshold 8 (max 8)
- age   1:    1075952 bytes,    1075952 total
- age   2:    1460984 bytes,    2536936 total
- age   3:     935864 bytes,    3472800 total
- age   4:    6019120 bytes,    9491920 total
: 80778K->11660K(109248K), 0,0093904 secs] 80778K->11660K(502464K), 0,0094365 secs] [Times: user=0,03 sys=0,00, real=0,01 secs] 
Heap after GC invocations=4 (full 1):
 par new generation   total 109248K, used 11660K [0x00000000e0000000, 0x00000000e8000000, 0x00000000e8000000)
  eden space 87424K,   0% used [0x00000000e0000000, 0x00000000e0000000, 0x00000000e5560000)
  from space 21824K,  53% used [0x00000000e5560000, 0x00000000e60c3000, 0x00000000e6ab0000)
  to   space 21824K,   0% used [0x00000000e6ab0000, 0x00000000e6ab0000, 0x00000000e8000000)
 concurrent mark-sweep generation total 393216K, used 0K [0x00000000e8000000, 0x0000000100000000, 0x0000000100000000)
 Metaspace       used 21242K, capacity 21550K, committed 21884K, reserved 1069056K
  class space    used 2447K, capacity 2602K, committed 2684K, reserved 1048576K
}
2018-05-29T07:41:07.597+0200: 3,354: [Rescan (parallel) , 0,0035787 secs]2018-05-29T07:41:07.601+0200: 3,358: [weak refs processing, 0,0014238 secs]2018-05-29T07:41:07.602+0200: 3,359: [class unloading, 0,0030076 secs]2018-05-29T07:41:07.605+0200: 3,362: [scrub symbol table, 0,0025857 secs]2018-05-29T07:41:07.608+0200: 3,365: [scrub string table, 0,0003694 secs][1 CMS-remark: 0K(393216K)] 11660K(502464K), 0,0210629 secs] [Times: user=0,05 sys=0,00, real=0,02 secs] 
2018-05-29T07:41:07.609+0200: 3,366: Total time for which application threads were stopped: 0,0225228 seconds, Stopping threads took: 0,0013687 seconds
2018-05-29T07:41:07.609+0200: 3,366: [CMS-concurrent-sweep-start]
2018-05-29T07:41:07.609+0200: 3,366: [CMS-concurrent-sweep: 0,000/0,000 secs] [Times: user=0,00 sys=0,00, real=0,00 secs] 
2018-05-29T07:41:07.609+0200: 3,366: [CMS-concurrent-reset-start]
2018-05-29T07:41:07.613+0200: 3,370: [CMS-concurrent-reset: 0,004/0,004 secs] [Times: user=0,02 sys=0,01, real=0,00 secs] 
{Heap before GC invocations=4 (full 1):
 par new generation   total 109248K, used 99084K [0x00000000e0000000, 0x00000000e8000000, 0x00000000e8000000)
  eden space 87424K, 100% used [0x00000000e0000000, 0x00000000e5560000, 0x00000000e5560000)
  from space 21824K,  53% used [0x00000000e5560000, 0x00000000e60c3000, 0x00000000e6ab0000)
  to   space 21824K,   0% used [0x00000000e6ab0000, 0x00000000e6ab0000, 0x00000000e8000000)
 concurrent mark-sweep generation total 393216K, used 0K [0x00000000e8000000, 0x0000000100000000, 0x0000000100000000)
 Metaspace       used 21373K, capacity 21724K, committed 21884K, reserved 1069056K
  class space    used 2470K, capacity 2636K, committed 2684K, reserved 1048576K
2018-05-29T07:41:07.710+0200: 3,468: [GC (Allocation Failure) 2018-05-29T07:41:07.710+0200: 3,468: [ParNew
Desired survivor size 20112992 bytes, new threshold 8 (max 8)
- age   1:     932832 bytes,     932832 total
- age   2:     143200 bytes,    1076032 total
- age   3:    1460744 bytes,    2536776 total
- age   4:     933784 bytes,    3470560 total
- age   5:    6019688 bytes,    9490248 total
: 99084K->16236K(109248K), 0,0094639 secs] 99084K->16236K(502464K), 0,0095303 secs] [Times: user=0,04 sys=0,00, real=0,01 secs] 
Heap after GC invocations=5 (full 1):
 par new generation   total 109248K, used 16236K [0x00000000e0000000, 0x00000000e8000000, 0x00000000e8000000)
  eden space 87424K,   0% used [0x00000000e0000000, 0x00000000e0000000, 0x00000000e5560000)
  from space 21824K,  74% used [0x00000000e6ab0000, 0x00000000e7a8b100, 0x00000000e8000000)
  to   space 21824K,   0% used [0x00000000e5560000, 0x00000000e5560000, 0x00000000e6ab0000)
 concurrent mark-sweep generation total 393216K, used 0K [0x00000000e8000000, 0x0000000100000000, 0x0000000100000000)
 Metaspace       used 21373K, capacity 21724K, committed 21884K, reserved 1069056K
  class space    used 2470K, capacity 2636K, committed 2684K, reserved 1048576K
}
2018-05-29T07:41:07.720+0200: 3,477: Total time for which application threads were stopped: 0,0104361 seconds, Stopping threads took: 0,0007517 seconds
2018-05-29T07:41:07.763+0200: 3,520: Total time for which application threads were stopped: 0,0004846 seconds, Stopping threads took: 0,0000893 seconds
2018-05-29T07:41:08.195+0200: 3,952: Total time for which application threads were stopped: 0,0005094 seconds, Stopping threads took: 0,0000305 seconds
2018-05-29T07:41:08.220+0200: 3,977: Total time for which application threads were stopped: 0,0004587 seconds, Stopping threads took: 0,0000634 seconds
2018-05-29T07:41:08.321+0200: 4,079: Total time for which application threads were stopped: 0,0004903 seconds, Stopping threads took: 0,0000698 seconds
2018-05-29T07:41:08.329+0200: 4,086: Total time for which application threads were stopped: 0,0001837 seconds, Stopping threads took: 0,0000646 seconds
2018-05-29T07:41:08.329+0200: 4,087: Total time for which application threads were stopped: 0,0000768 seconds, Stopping threads took: 0,0000196 seconds
2018-05-29T07:41:08.333+0200: 4,090: Total time for which application threads were stopped: 0,0035162 seconds, Stopping threads took: 0,0034349 seconds
2018-05-29T07:41:08.333+0200: 4,090: Total time for which application threads were stopped: 0,0001070 seconds, Stopping threads took: 0,0000429 seconds
2018-05-29T07:41:08.334+0200: 4,091: Total time for which application threads were stopped: 0,0000822 seconds, Stopping threads took: 0,0000269 seconds
2018-05-29T07:41:08.334+0200: 4,091: Total time for which application threads were stopped: 0,0000991 seconds, Stopping threads took: 0,0000319 seconds
2018-05-29T07:41:08.334+0200: 4,091: Total time for which application threads were stopped: 0,0000923 seconds, Stopping threads took: 0,0000192 seconds
2018-05-29T07:41:08.334+0200: 4,091: Total time for which application threads were stopped: 0,0000837 seconds, Stopping threads took: 0,0000288 seconds
2018-05-29T07:41:08.344+0200: 4,102: Total time for which application threads were stopped: 0,0004139 seconds, Stopping threads took: 0,0002103 seconds
2018-05-29T07:41:08.345+0200: 4,102: Total time for which application threads were stopped: 0,0000614 seconds, Stopping threads took: 0,0000139 seconds
2018-05-29T07:41:08.345+0200: 4,102: Total time for which application threads were stopped: 0,0000874 seconds, Stopping threads took: 0,0000126 seconds
2018-05-29T07:41:08.345+0200: 4,102: Total time for which application threads were stopped: 0,0000911 seconds, Stopping threads took: 0,0000138 seconds
2018-05-29T07:41:08.345+0200: 4,102: Total time for which application threads were stopped: 0,0000613 seconds, Stopping threads took: 0,0000122 seconds
2018-05-29T07:41:08.353+0200: 4,110: Total time for which application threads were stopped: 0,0001592 seconds, Stopping threads took: 0,0000566 seconds
2018-05-29T07:41:08.355+0200: 4,113: Total time for which application threads were stopped: 0,0021613 seconds, Stopping threads took: 0,0020801 seconds
2018-05-29T07:41:08.356+0200: 4,113: Total time for which application threads were stopped: 0,0000890 seconds, Stopping threads took: 0,0000197 seconds
2018-05-29T07:41:08.414+0200: 4,171: Total time for which application threads were stopped: 0,0005726 seconds, Stopping threads took: 0,0001305 seconds
2018-05-29T07:41:08.415+0200: 4,172: Total time for which application threads were stopped: 0,0007996 seconds, Stopping threads took: 0,0004997 seconds
2018-05-29T07:41:08.419+0200: 4,176: Total time for which application threads were stopped: 0,0002005 seconds, Stopping threads took: 0,0000421 seconds
2018-05-29T07:41:08.419+0200: 4,176: Total time for which application threads were stopped: 0,0001417 seconds, Stopping threads took: 0,0000812 seconds
2018-05-29T07:41:08.422+0200: 4,179: Total time for which application threads were stopped: 0,0001058 seconds, Stopping threads took: 0,0000234 seconds
2018-05-29T07:41:08.423+0200: 4,180: Total time for which application threads were stopped: 0,0003004 seconds, Stopping threads took: 0,0002472 seconds
2018-05-29T07:41:08.423+0200: 4,180: Total time for which application threads were stopped: 0,0000755 seconds, Stopping threads took: 0,0000303 seconds
2018-05-29T07:41:08.423+0200: 4,181: Total time for which application threads were stopped: 0,0001281 seconds, Stopping threads took: 0,0000184 seconds
2018-05-29T07:41:08.424+0200: 4,181: Total time for which application threads were stopped: 0,0000899 seconds, Stopping threads took: 0,0000472 seconds
2018-05-29T07:41:08.425+0200: 4,182: Total time for which application threads were stopped: 0,0002865 seconds, Stopping threads took: 0,0001695 seconds
2018-05-29T07:41:08.428+0200: 4,185: Total time for which application threads were stopped: 0,0029426 seconds, Stopping threads took: 0,0028470 seconds
2018-05-29T07:41:08.430+0200: 4,187: Total time for which application threads were stopped: 0,0010417 seconds, Stopping threads took: 0,0008967 seconds
2018-05-29T07:41:08.430+0200: 4,187: Total time for which application threads were stopped: 0,0001369 seconds, Stopping threads took: 0,0000448 seconds
2018-05-29T07:41:08.430+0200: 4,187: Total time for which application threads were stopped: 0,0001188 seconds, Stopping threads took: 0,0000418 seconds
2018-05-29T07:41:08.433+0200: 4,190: Total time for which application threads were stopped: 0,0001559 seconds, Stopping threads took: 0,0000577 seconds
2018-05-29T07:41:08.436+0200: 4,193: Total time for which application threads were stopped: 0,0001820 seconds, Stopping threads took: 0,0001024 seconds
2018-05-29T07:41:08.439+0200: 4,196: Total time for which application threads were stopped: 0,0004138 seconds, Stopping threads took: 0,0001568 seconds
2018-05-29T07:41:08.441+0200: 4,198: Total time for which application threads were stopped: 0,0011070 seconds, Stopping threads took: 0,0009800 seconds
2018-05-29T07:41:08.447+0200: 4,204: Total time for which application threads were stopped: 0,0022041 seconds, Stopping threads took: 0,0018383 seconds
2018-05-29T07:41:08.448+0200: 4,205: Total time for which application threads were stopped: 0,0005052 seconds, Stopping threads took: 0,0002242 seconds
2018-05-29T07:41:08.449+0200: 4,206: Total time for which application threads were stopped: 0,0004967 seconds, Stopping threads took: 0,0003224 seconds
2018-05-29T07:41:08.449+0200: 4,206: Total time for which application threads were stopped: 0,0002019 seconds, Stopping threads took: 0,0001018 seconds
2018-05-29T07:41:08.449+0200: 4,206: Total time for which application threads were stopped: 0,0001123 seconds, Stopping threads took: 0,0000429 seconds
2018-05-29T07:41:08.450+0200: 4,207: Total time for which application threads were stopped: 0,0001016 seconds, Stopping threads took: 0,0000261 seconds
2018-05-29T07:41:08.450+0200: 4,207: Total time for which application threads were stopped: 0,0001034 seconds, Stopping threads took: 0,0000464 seconds
2018-05-29T07:41:08.451+0200: 4,208: Total time for which application threads were stopped: 0,0001155 seconds, Stopping threads took: 0,0000327 seconds
2018-05-29T07:41:08.451+0200: 4,208: Total time for which application threads were stopped: 0,0000735 seconds, Stopping threads took: 0,0000204 seconds
2018-05-29T07:41:08.453+0200: 4,210: Total time for which application threads were stopped: 0,0019466 seconds, Stopping threads took: 0,0018868 seconds
2018-05-29T07:41:08.453+0200: 4,210: Total time for which application threads were stopped: 0,0001678 seconds, Stopping threads took: 0,0000283 seconds
2018-05-29T07:41:08.454+0200: 4,211: Total time for which application threads were stopped: 0,0002942 seconds, Stopping threads took: 0,0000358 seconds
2018-05-29T07:41:08.456+0200: 4,213: Total time for which application threads were stopped: 0,0016558 seconds, Stopping threads took: 0,0015749 seconds
2018-05-29T07:41:08.456+0200: 4,213: Total time for which application threads were stopped: 0,0000947 seconds, Stopping threads took: 0,0000317 seconds
2018-05-29T07:41:08.457+0200: 4,214: Total time for which application threads were stopped: 0,0000712 seconds, Stopping threads took: 0,0000250 seconds
2018-05-29T07:41:08.457+0200: 4,214: Total time for which application threads were stopped: 0,0000665 seconds, Stopping threads took: 0,0000190 seconds
2018-05-29T07:41:08.457+0200: 4,214: Total time for which application threads were stopped: 0,0000692 seconds, Stopping threads took: 0,0000248 seconds
2018-05-29T07:41:08.457+0200: 4,214: Total time for which application threads were stopped: 0,0000765 seconds, Stopping threads took: 0,0000352 seconds
2018-05-29T07:41:08.457+0200: 4,214: Total time for which application threads were stopped: 0,0001042 seconds, Stopping threads took: 0,0000292 seconds
2018-05-29T07:41:08.458+0200: 4,216: Total time for which application threads were stopped: 0,0003582 seconds, Stopping threads took: 0,0000523 seconds
2018-05-29T07:41:08.461+0200: 4,218: Total time for which application threads were stopped: 0,0001252 seconds, Stopping threads took: 0,0000431 seconds
2018-05-29T07:41:08.462+0200: 4,219: Total time for which application threads were stopped: 0,0001313 seconds, Stopping threads took: 0,0000430 seconds
2018-05-29T07:41:08.462+0200: 4,219: Total time for which application threads were stopped: 0,0000782 seconds, Stopping threads took: 0,0000303 seconds
2018-05-29T07:41:08.462+0200: 4,219: Total time for which application threads were stopped: 0,0000617 seconds, Stopping threads took: 0,0000230 seconds
2018-05-29T07:41:08.462+0200: 4,219: Total time for which application threads were stopped: 0,0000912 seconds, Stopping threads took: 0,0000270 seconds
2018-05-29T07:41:08.465+0200: 4,222: Total time for which application threads were stopped: 0,0002437 seconds, Stopping threads took: 0,0001416 seconds
2018-05-29T07:41:08.469+0200: 4,226: Total time for which application threads were stopped: 0,0011003 seconds, Stopping threads took: 0,0004830 seconds
2018-05-29T07:41:08.471+0200: 4,228: Total time for which application threads were stopped: 0,0009754 seconds, Stopping threads took: 0,0005889 seconds
2018-05-29T07:41:08.472+0200: 4,229: Total time for which application threads were stopped: 0,0004436 seconds, Stopping threads took: 0,0001744 seconds
2018-05-29T07:41:08.473+0200: 4,230: Total time for which application threads were stopped: 0,0002067 seconds, Stopping threads took: 0,0000636 seconds
2018-05-29T07:41:08.473+0200: 4,230: Total time for which application threads were stopped: 0,0001851 seconds, Stopping threads took: 0,0000474 seconds
2018-05-29T07:41:08.474+0200: 4,231: Total time for which application threads were stopped: 0,0007280 seconds, Stopping threads took: 0,0000545 seconds
2018-05-29T07:41:08.490+0200: 4,247: Total time for which application threads were stopped: 0,0001704 seconds, Stopping threads took: 0,0000932 seconds
2018-05-29T07:41:08.519+0200: 4,276: Total time for which application threads were stopped: 0,0011544 seconds, Stopping threads took: 0,0010509 seconds
2018-05-29T07:41:08.529+0200: 4,286: Total time for which application threads were stopped: 0,0001253 seconds, Stopping threads took: 0,0000467 seconds
2018-05-29T07:41:08.533+0200: 4,290: Total time for which application threads were stopped: 0,0002054 seconds, Stopping threads took: 0,0000636 seconds
2018-05-29T07:41:08.561+0200: 4,318: Total time for which application threads were stopped: 0,0018609 seconds, Stopping threads took: 0,0017738 seconds
2018-05-29T07:41:08.563+0200: 4,320: Total time for which application threads were stopped: 0,0003342 seconds, Stopping threads took: 0,0000678 seconds
2018-05-29T07:41:08.579+0200: 4,336: Total time for which application threads were stopped: 0,0067060 seconds, Stopping threads took: 0,0060749 seconds
{Heap before GC invocations=5 (full 1):
 par new generation   total 109248K, used 103660K [0x00000000e0000000, 0x00000000e8000000, 0x00000000e8000000)
  eden space 87424K, 100% used [0x00000000e0000000, 0x00000000e5560000, 0x00000000e5560000)
  from space 21824K,  74% used [0x00000000e6ab0000, 0x00000000e7a8b100, 0x00000000e8000000)
  to   space 21824K,   0% used [0x00000000e5560000, 0x00000000e5560000, 0x00000000e6ab0000)
 concurrent mark-sweep generation total 393216K, used 0K [0x00000000e8000000, 0x0000000100000000, 0x0000000100000000)
 Metaspace       used 24843K, capacity 25286K, committed 25468K, reserved 1071104K
  class space    used 2902K, capacity 3075K, committed 3196K, reserved 1048576K
2018-05-29T07:41:08.680+0200: 4,437: [GC (Allocation Failure) 2018-05-29T07:41:08.680+0200: 4,437: [ParNew
Desired survivor size 20112992 bytes, new threshold 8 (max 8)
- age   1:    5051920 bytes,    5051920 total
- age   2:     124384 bytes,    5176304 total
- age   3:     139248 bytes,    5315552 total
- age   4:     289200 bytes,    5604752 total
- age   5:     911768 bytes,    6516520 total
- age   6:    6013336 bytes,   12529856 total
: 103660K->13039K(109248K), 0,0407088 secs] 103660K->13039K(502464K), 0,0408090 secs] [Times: user=0,09 sys=0,01, real=0,04 secs] 
Heap after GC invocations=6 (full 1):
 par new generation   total 109248K, used 13039K [0x00000000e0000000, 0x00000000e8000000, 0x00000000e8000000)
  eden space 87424K,   0% used [0x00000000e0000000, 0x00000000e0000000, 0x00000000e5560000)
  from space 21824K,  59% used [0x00000000e5560000, 0x00000000e621bc20, 0x00000000e6ab0000)
  to   space 21824K,   0% used [0x00000000e6ab0000, 0x00000000e6ab0000, 0x00000000e8000000)
 concurrent mark-sweep generation total 393216K, used 0K [0x00000000e8000000, 0x0000000100000000, 0x0000000100000000)
 Metaspace       used 24843K, capacity 25286K, committed 25468K, reserved 1071104K
  class space    used 2902K, capacity 3075K, committed 3196K, reserved 1048576K
}
2018-05-29T07:41:08.721+0200: 4,478: Total time for which application threads were stopped: 0,0410746 seconds, Stopping threads took: 0,0000534 seconds
2018-05-29T07:41:08.909+0200: 4,666: Total time for which application threads were stopped: 0,0001800 seconds, Stopping threads took: 0,0000592 seconds
2018-05-29T07:41:08.921+0200: 4,679: Total time for which application threads were stopped: 0,0002099 seconds, Stopping threads took: 0,0001019 seconds
2018-05-29T07:41:08.922+0200: 4,679: Total time for which application threads were stopped: 0,0003996 seconds, Stopping threads took: 0,0002880 seconds
2018-05-29T07:41:08.922+0200: 4,680: Total time for which application threads were stopped: 0,0001125 seconds, Stopping threads took: 0,0000370 seconds
2018-05-29T07:41:08.924+0200: 4,681: Total time for which application threads were stopped: 0,0001922 seconds, Stopping threads took: 0,0000682 seconds
2018-05-29T07:41:08.959+0200: 4,716: Total time for which application threads were stopped: 0,0001951 seconds, Stopping threads took: 0,0000655 seconds
2018-05-29T07:41:08.995+0200: 4,752: Total time for which application threads were stopped: 0,0002747 seconds, Stopping threads took: 0,0001776 seconds
2018-05-29T07:41:09.046+0200: 4,803: Total time for which application threads were stopped: 0,0005193 seconds, Stopping threads took: 0,0000459 seconds
2018-05-29T07:41:09.062+0200: 4,819: Total time for which application threads were stopped: 0,0004493 seconds, Stopping threads took: 0,0000304 seconds
2018-05-29T07:41:09.127+0200: 4,884: Total time for which application threads were stopped: 0,0005543 seconds, Stopping threads took: 0,0000558 seconds
2018-05-29T07:41:09.128+0200: 4,885: Total time for which application threads were stopped: 0,0001355 seconds, Stopping threads took: 0,0000532 seconds
2018-05-29T07:41:09.129+0200: 4,886: Total time for which application threads were stopped: 0,0001705 seconds, Stopping threads took: 0,0000488 seconds
2018-05-29T07:41:09.130+0200: 4,887: Total time for which application threads were stopped: 0,0001636 seconds, Stopping threads took: 0,0000606 seconds
2018-05-29T07:41:09.152+0200: 4,909: Total time for which application threads were stopped: 0,0001385 seconds, Stopping threads took: 0,0000427 seconds
2018-05-29T07:41:09.161+0200: 4,918: Total time for which application threads were stopped: 0,0001296 seconds, Stopping threads took: 0,0000386 seconds
2018-05-29T07:41:09.180+0200: 4,937: Total time for which application threads were stopped: 0,0036930 seconds, Stopping threads took: 0,0035868 seconds
2018-05-29T07:41:09.194+0200: 4,951: Total time for which application threads were stopped: 0,0001592 seconds, Stopping threads took: 0,0000639 seconds
2018-05-29T07:41:09.204+0200: 4,961: Total time for which application threads were stopped: 0,0002058 seconds, Stopping threads took: 0,0000532 seconds
2018-05-29T07:41:09.239+0200: 4,996: Total time for which application threads were stopped: 0,0011680 seconds, Stopping threads took: 0,0006854 seconds
2018-05-29T07:41:09.246+0200: 5,003: Total time for which application threads were stopped: 0,0001921 seconds, Stopping threads took: 0,0000445 seconds
{Heap before GC invocations=6 (full 1):
 par new generation   total 109248K, used 100463K [0x00000000e0000000, 0x00000000e8000000, 0x00000000e8000000)
  eden space 87424K, 100% used [0x00000000e0000000, 0x00000000e5560000, 0x00000000e5560000)
  from space 21824K,  59% used [0x00000000e5560000, 0x00000000e621bc20, 0x00000000e6ab0000)
  to   space 21824K,   0% used [0x00000000e6ab0000, 0x00000000e6ab0000, 0x00000000e8000000)
 concurrent mark-sweep generation total 393216K, used 0K [0x00000000e8000000, 0x0000000100000000, 0x0000000100000000)
 Metaspace       used 27911K, capacity 28394K, committed 28796K, reserved 1075200K
  class space    used 3221K, capacity 3385K, committed 3452K, reserved 1048576K
2018-05-29T07:41:09.330+0200: 5,088: [GC (Allocation Failure) 2018-05-29T07:41:09.330+0200: 5,088: [ParNew
Desired survivor size 20112992 bytes, new threshold 7 (max 8)
- age   1:   12763216 bytes,   12763216 total
- age   2:    2093520 bytes,   14856736 total
- age   3:     124336 bytes,   14981072 total
- age   4:     139104 bytes,   15120176 total
- age   5:     288928 bytes,   15409104 total
- age   6:     903296 bytes,   16312400 total
- age   7:    5747104 bytes,   22059504 total
: 100463K->21824K(109248K), 0,0424568 secs] 100463K->23779K(502464K), 0,0425540 secs] [Times: user=0,13 sys=0,01, real=0,04 secs] 
Heap after GC invocations=7 (full 1):
 par new generation   total 109248K, used 21824K [0x00000000e0000000, 0x00000000e8000000, 0x00000000e8000000)
  eden space 87424K,   0% used [0x00000000e0000000, 0x00000000e0000000, 0x00000000e5560000)
  from space 21824K, 100% used [0x00000000e6ab0000, 0x00000000e8000000, 0x00000000e8000000)
  to   space 21824K,   0% used [0x00000000e5560000, 0x00000000e5560000, 0x00000000e6ab0000)
 concurrent mark-sweep generation total 393216K, used 1955K [0x00000000e8000000, 0x0000000100000000, 0x0000000100000000)
 Metaspace       used 27911K, capacity 28394K, committed 28796K, reserved 1075200K
  class space    used 3221K, capacity 3385K, committed 3452K, reserved 1048576K
}
2018-05-29T07:41:09.373+0200: 5,130: Total time for which application threads were stopped: 0,0429621 seconds, Stopping threads took: 0,0000832 seconds
2018-05-29T07:41:09.373+0200: 5,131: Total time for which application threads were stopped: 0,0001988 seconds, Stopping threads took: 0,0000539 seconds
2018-05-29T07:41:09.377+0200: 5,134: Total time for which application threads were stopped: 0,0002324 seconds, Stopping threads took: 0,0001051 seconds
2018-05-29T07:41:09.377+0200: 5,135: Total time for which application threads were stopped: 0,0001535 seconds, Stopping threads took: 0,0000356 seconds
{Heap before GC invocations=7 (full 1):
 par new generation   total 109248K, used 109248K [0x00000000e0000000, 0x00000000e8000000, 0x00000000e8000000)
  eden space 87424K, 100% used [0x00000000e0000000, 0x00000000e5560000, 0x00000000e5560000)
  from space 21824K, 100% used [0x00000000e6ab0000, 0x00000000e8000000, 0x00000000e8000000)
  to   space 21824K,   0% used [0x00000000e5560000, 0x00000000e5560000, 0x00000000e6ab0000)
 concurrent mark-sweep generation total 393216K, used 1955K [0x00000000e8000000, 0x0000000100000000, 0x0000000100000000)
 Metaspace       used 27967K, capacity 28502K, committed 28796K, reserved 1075200K
  class space    used 3224K, capacity 3419K, committed 3452K, reserved 1048576K
2018-05-29T07:41:09.453+0200: 5,210: [GC (Allocation Failure) 2018-05-29T07:41:09.453+0200: 5,210: [ParNew
Desired survivor size 20112992 bytes, new threshold 8 (max 8)
- age   1:    1504744 bytes,    1504744 total
- age   2:   11483656 bytes,   12988400 total
- age   3:    2093480 bytes,   15081880 total
- age   4:     124336 bytes,   15206216 total
- age   5:     138984 bytes,   15345200 total
- age   6:     288912 bytes,   15634112 total
- age   7:     903296 bytes,   16537408 total
: 109248K->21824K(109248K), 0,0551636 secs] 111203K->29867K(502464K), 0,0552859 secs] [Times: user=0,18 sys=0,00, real=0,06 secs] 
Heap after GC invocations=8 (full 1):
 par new generation   total 109248K, used 21824K [0x00000000e0000000, 0x00000000e8000000, 0x00000000e8000000)
  eden space 87424K,   0% used [0x00000000e0000000, 0x00000000e0000000, 0x00000000e5560000)
  from space 21824K, 100% used [0x00000000e5560000, 0x00000000e6ab0000, 0x00000000e6ab0000)
  to   space 21824K,   0% used [0x00000000e6ab0000, 0x00000000e6ab0000, 0x00000000e8000000)
 concurrent mark-sweep generation total 393216K, used 8043K [0x00000000e8000000, 0x0000000100000000, 0x0000000100000000)
 Metaspace       used 27967K, capacity 28502K, committed 28796K, reserved 1075200K
  class space    used 3224K, capacity 3419K, committed 3452K, reserved 1048576K
}
2018-05-29T07:41:09.509+0200: 5,266: Total time for which application threads were stopped: 0,0576707 seconds, Stopping threads took: 0,0021326 seconds
{Heap before GC invocations=8 (full 1):
 par new generation   total 109248K, used 109248K [0x00000000e0000000, 0x00000000e8000000, 0x00000000e8000000)
  eden space 87424K, 100% used [0x00000000e0000000, 0x00000000e5560000, 0x00000000e5560000)
  from space 21824K, 100% used [0x00000000e5560000, 0x00000000e6ab0000, 0x00000000e6ab0000)
  to   space 21824K,   0% used [0x00000000e6ab0000, 0x00000000e6ab0000, 0x00000000e8000000)
 concurrent mark-sweep generation total 393216K, used 8043K [0x00000000e8000000, 0x0000000100000000, 0x0000000100000000)
 Metaspace       used 28009K, capacity 28528K, committed 28796K, reserved 1075200K
  class space    used 3226K, capacity 3424K, committed 3452K, reserved 1048576K
2018-05-29T07:41:09.575+0200: 5,332: [GC (Allocation Failure) 2018-05-29T07:41:09.575+0200: 5,332: [ParNew
Desired survivor size 20112992 bytes, new threshold 8 (max 8)
- age   1:     497808 bytes,     497808 total
- age   2:     929368 bytes,    1427176 total
- age   3:   11483656 bytes,   12910832 total
- age   4:    2093480 bytes,   15004312 total
- age   5:     124336 bytes,   15128648 total
- age   6:     138880 bytes,   15267528 total
- age   7:     288912 bytes,   15556440 total
- age   8:     903296 bytes,   16459736 total
: 109248K->20251K(109248K), 0,0287248 secs] 117291K->28294K(502464K), 0,0288198 secs] [Times: user=0,11 sys=0,00, real=0,03 secs] 
Heap after GC invocations=9 (full 1):
 par new generation   total 109248K, used 20251K [0x00000000e0000000, 0x00000000e8000000, 0x00000000e8000000)
  eden space 87424K,   0% used [0x00000000e0000000, 0x00000000e0000000, 0x00000000e5560000)
  from space 21824K,  92% used [0x00000000e6ab0000, 0x00000000e7e76e30, 0x00000000e8000000)
  to   space 21824K,   0% used [0x00000000e5560000, 0x00000000e5560000, 0x00000000e6ab0000)
 concurrent mark-sweep generation total 393216K, used 8043K [0x00000000e8000000, 0x0000000100000000, 0x0000000100000000)
 Metaspace       used 28009K, capacity 28528K, committed 28796K, reserved 1075200K
  class space    used 3226K, capacity 3424K, committed 3452K, reserved 1048576K
}
2018-05-29T07:41:09.604+0200: 5,361: Total time for which application threads were stopped: 0,0291141 seconds, Stopping threads took: 0,0000716 seconds
2018-05-29T07:41:09.704+0200: 5,461: Total time for which application threads were stopped: 0,0002027 seconds, Stopping threads took: 0,0000594 seconds
2018-05-29T07:41:09.748+0200: 5,506: Total time for which application threads were stopped: 0,0060918 seconds, Stopping threads took: 0,0059696 seconds
2018-05-29T07:41:09.757+0200: 5,514: Total time for which application threads were stopped: 0,0037820 seconds, Stopping threads took: 0,0035964 seconds
2018-05-29T07:41:09.785+0200: 5,542: Total time for which application threads were stopped: 0,0060975 seconds, Stopping threads took: 0,0058513 seconds
2018-05-29T07:41:10.787+0200: 6,544: Total time for which application threads were stopped: 0,0000961 seconds, Stopping threads took: 0,0000213 seconds
2018-05-29T07:41:13.212+0200: 8,969: Total time for which application threads were stopped: 0,0004275 seconds, Stopping threads took: 0,0000183 seconds
2018-05-29T07:41:13.279+0200: 9,036: Total time for which application threads were stopped: 0,0001418 seconds, Stopping threads took: 0,0000473 seconds
2018-05-29T07:41:13.307+0200: 9,064: Total time for which application threads were stopped: 0,0000942 seconds, Stopping threads took: 0,0000222 seconds
2018-05-29T07:41:13.307+0200: 9,065: Total time for which application threads were stopped: 0,0000560 seconds, Stopping threads took: 0,0000178 seconds
2018-05-29T07:41:14.308+0200: 10,065: Total time for which application threads were stopped: 0,0003458 seconds, Stopping threads took: 0,0000672 seconds
2018-05-29T07:41:14.611+0200: 10,368: Total time for which application threads were stopped: 0,0001326 seconds, Stopping threads took: 0,0000323 seconds
2018-05-29T07:41:14.613+0200: 10,370: Total time for which application threads were stopped: 0,0001062 seconds, Stopping threads took: 0,0000267 seconds
2018-05-29T07:41:14.714+0200: 10,471: Total time for which application threads were stopped: 0,0001509 seconds, Stopping threads took: 0,0000466 seconds
2018-05-29T07:41:14.714+0200: 10,471: Total time for which application threads were stopped: 0,0000603 seconds, Stopping threads took: 0,0000142 seconds
2018-05-29T07:41:15.714+0200: 11,471: Total time for which application threads were stopped: 0,0001577 seconds, Stopping threads took: 0,0000446 seconds
2018-05-29T07:41:16.715+0200: 12,472: Total time for which application threads were stopped: 0,0001036 seconds, Stopping threads took: 0,0000209 seconds
{Heap before GC invocations=9 (full 1):
 par new generation   total 109248K, used 107675K [0x00000000e0000000, 0x00000000e8000000, 0x00000000e8000000)
  eden space 87424K, 100% used [0x00000000e0000000, 0x00000000e5560000, 0x00000000e5560000)
  from space 21824K,  92% used [0x00000000e6ab0000, 0x00000000e7e76e30, 0x00000000e8000000)
  to   space 21824K,   0% used [0x00000000e5560000, 0x00000000e5560000, 0x00000000e6ab0000)
 concurrent mark-sweep generation total 393216K, used 8043K [0x00000000e8000000, 0x0000000100000000, 0x0000000100000000)
 Metaspace       used 29929K, capacity 30654K, committed 30844K, reserved 1077248K
  class space    used 3422K, capacity 3664K, committed 3708K, reserved 1048576K
2018-05-29T07:41:17.574+0200: 13,331: [GC (Allocation Failure) 2018-05-29T07:41:17.574+0200: 13,331: [ParNew
Desired survivor size 20112992 bytes, new threshold 5 (max 8)
- age   1:    7985280 bytes,    7985280 total
- age   2:      86280 bytes,    8071560 total
- age   3:     115400 bytes,    8186960 total
- age   4:   11478208 bytes,   19665168 total
- age   5:    2086128 bytes,   21751296 total
- age   6:     124112 bytes,   21875408 total
- age   7:     138848 bytes,   22014256 total
- age   8:     288256 bytes,   22302512 total
: 107675K->21824K(109248K), 0,0209178 secs] 115718K->31673K(502464K), 0,0209973 secs] [Times: user=0,07 sys=0,01, real=0,02 secs] 
Heap after GC invocations=10 (full 1):
 par new generation   total 109248K, used 21824K [0x00000000e0000000, 0x00000000e8000000, 0x00000000e8000000)
  eden space 87424K,   0% used [0x00000000e0000000, 0x00000000e0000000, 0x00000000e5560000)
  from space 21824K, 100% used [0x00000000e5560000, 0x00000000e6ab0000, 0x00000000e6ab0000)
  to   space 21824K,   0% used [0x00000000e6ab0000, 0x00000000e6ab0000, 0x00000000e8000000)
 concurrent mark-sweep generation total 393216K, used 9849K [0x00000000e8000000, 0x0000000100000000, 0x0000000100000000)
 Metaspace       used 29929K, capacity 30654K, committed 30844K, reserved 1077248K
  class space    used 3422K, capacity 3664K, committed 3708K, reserved 1048576K
}
2018-05-29T07:41:17.595+0200: 13,352: Total time for which application threads were stopped: 0,0212324 seconds, Stopping threads took: 0,0000504 seconds
2018-05-29T07:41:17.600+0200: 13,357: Total time for which application threads were stopped: 0,0002011 seconds, Stopping threads took: 0,0001255 seconds
2018-05-29T07:41:17.600+0200: 13,357: Total time for which application threads were stopped: 0,0000846 seconds, Stopping threads took: 0,0000306 seconds
2018-05-29T07:41:18.172+0200: 13,929: Total time for which application threads were stopped: 0,0005107 seconds, Stopping threads took: 0,0000220 seconds
2018-05-29T07:41:18.173+0200: 13,930: Total time for which application threads were stopped: 0,0004486 seconds, Stopping threads took: 0,0000147 seconds
2018-05-29T07:41:18.178+0200: 13,935: Total time for which application threads were stopped: 0,0001630 seconds, Stopping threads took: 0,0000263 seconds
2018-05-29T07:41:18.182+0200: 13,939: Total time for which application threads were stopped: 0,0001179 seconds, Stopping threads took: 0,0000404 seconds
2018-05-29T07:41:18.184+0200: 13,941: Total time for which application threads were stopped: 0,0001205 seconds, Stopping threads took: 0,0000631 seconds
2018-05-29T07:41:18.184+0200: 13,942: Total time for which application threads were stopped: 0,0001034 seconds, Stopping threads took: 0,0000466 seconds
2018-05-29T07:41:18.189+0200: 13,946: Total time for which application threads were stopped: 0,0001288 seconds, Stopping threads took: 0,0000243 seconds
2018-05-29T07:41:18.189+0200: 13,946: Total time for which application threads were stopped: 0,0001197 seconds, Stopping threads took: 0,0000480 seconds
2018-05-29T07:41:18.191+0200: 13,948: Total time for which application threads were stopped: 0,0001046 seconds, Stopping threads took: 0,0000291 seconds
2018-05-29T07:41:18.191+0200: 13,948: Total time for which application threads were stopped: 0,0000837 seconds, Stopping threads took: 0,0000279 seconds
2018-05-29T07:41:18.195+0200: 13,952: Total time for which application threads were stopped: 0,0001136 seconds, Stopping threads took: 0,0000226 seconds
2018-05-29T07:41:18.195+0200: 13,952: Total time for which application threads were stopped: 0,0000945 seconds, Stopping threads took: 0,0000191 seconds
2018-05-29T07:41:18.196+0200: 13,953: Total time for which application threads were stopped: 0,0001208 seconds, Stopping threads took: 0,0000439 seconds
2018-05-29T07:41:18.197+0200: 13,954: Total time for which application threads were stopped: 0,0000947 seconds, Stopping threads took: 0,0000196 seconds
2018-05-29T07:41:18.197+0200: 13,954: Total time for which application threads were stopped: 0,0000827 seconds, Stopping threads took: 0,0000335 seconds
2018-05-29T07:41:18.197+0200: 13,955: Total time for which application threads were stopped: 0,0000896 seconds, Stopping threads took: 0,0000291 seconds
2018-05-29T07:41:18.198+0200: 13,955: Total time for which application threads were stopped: 0,0000815 seconds, Stopping threads took: 0,0000321 seconds
2018-05-29T07:41:18.199+0200: 13,956: Total time for which application threads were stopped: 0,0010834 seconds, Stopping threads took: 0,0009910 seconds
2018-05-29T07:41:18.199+0200: 13,957: Total time for which application threads were stopped: 0,0000586 seconds, Stopping threads took: 0,0000170 seconds
2018-05-29T07:41:18.200+0200: 13,957: Total time for which application threads were stopped: 0,0001105 seconds, Stopping threads took: 0,0000321 seconds
2018-05-29T07:41:18.200+0200: 13,957: Total time for which application threads were stopped: 0,0000692 seconds, Stopping threads took: 0,0000253 seconds
2018-05-29T07:41:18.201+0200: 13,958: Total time for which application threads were stopped: 0,0002329 seconds, Stopping threads took: 0,0001611 seconds
2018-05-29T07:41:18.201+0200: 13,958: Total time for which application threads were stopped: 0,0000654 seconds, Stopping threads took: 0,0000263 seconds
2018-05-29T07:41:18.202+0200: 13,959: Total time for which application threads were stopped: 0,0001170 seconds, Stopping threads took: 0,0000548 seconds
2018-05-29T07:41:18.202+0200: 13,959: Total time for which application threads were stopped: 0,0000802 seconds, Stopping threads took: 0,0000477 seconds
2018-05-29T07:41:18.202+0200: 13,960: Total time for which application threads were stopped: 0,0000602 seconds, Stopping threads took: 0,0000321 seconds
2018-05-29T07:41:18.204+0200: 13,961: Total time for which application threads were stopped: 0,0001221 seconds, Stopping threads took: 0,0000465 seconds
2018-05-29T07:41:18.206+0200: 13,963: Total time for which application threads were stopped: 0,0001272 seconds, Stopping threads took: 0,0000465 seconds
2018-05-29T07:41:18.207+0200: 13,965: Total time for which application threads were stopped: 0,0001350 seconds, Stopping threads took: 0,0000537 seconds
2018-05-29T07:41:18.208+0200: 13,965: Total time for which application threads were stopped: 0,0001265 seconds, Stopping threads took: 0,0000604 seconds
2018-05-29T07:41:18.212+0200: 13,969: Total time for which application threads were stopped: 0,0000995 seconds, Stopping threads took: 0,0000234 seconds
2018-05-29T07:41:18.212+0200: 13,969: Total time for which application threads were stopped: 0,0000510 seconds, Stopping threads took: 0,0000131 seconds
2018-05-29T07:41:18.212+0200: 13,969: Total time for which application threads were stopped: 0,0000478 seconds, Stopping threads took: 0,0000148 seconds
2018-05-29T07:41:18.213+0200: 13,970: Total time for which application threads were stopped: 0,0001519 seconds, Stopping threads took: 0,0000873 seconds
2018-05-29T07:41:18.213+0200: 13,970: Total time for which application threads were stopped: 0,0000997 seconds, Stopping threads took: 0,0000598 seconds
2018-05-29T07:41:18.214+0200: 13,971: Total time for which application threads were stopped: 0,0000748 seconds, Stopping threads took: 0,0000405 seconds
2018-05-29T07:41:18.214+0200: 13,971: Total time for which application threads were stopped: 0,0000771 seconds, Stopping threads took: 0,0000394 seconds
2018-05-29T07:41:18.214+0200: 13,971: Total time for which application threads were stopped: 0,0000635 seconds, Stopping threads took: 0,0000288 seconds
2018-05-29T07:41:18.214+0200: 13,971: Total time for which application threads were stopped: 0,0000669 seconds, Stopping threads took: 0,0000307 seconds
2018-05-29T07:41:18.214+0200: 13,971: Total time for which application threads were stopped: 0,0000631 seconds, Stopping threads took: 0,0000293 seconds
2018-05-29T07:41:18.214+0200: 13,971: Total time for which application threads were stopped: 0,0000616 seconds, Stopping threads took: 0,0000343 seconds
2018-05-29T07:41:18.217+0200: 13,974: Total time for which application threads were stopped: 0,0005405 seconds, Stopping threads took: 0,0004795 seconds
2018-05-29T07:41:18.217+0200: 13,974: Total time for which application threads were stopped: 0,0002098 seconds, Stopping threads took: 0,0000465 seconds
2018-05-29T07:41:18.219+0200: 13,976: Total time for which application threads were stopped: 0,0001140 seconds, Stopping threads took: 0,0000535 seconds
2018-05-29T07:41:18.221+0200: 13,979: Total time for which application threads were stopped: 0,0012833 seconds, Stopping threads took: 0,0012150 seconds
2018-05-29T07:41:18.222+0200: 13,979: Total time for which application threads were stopped: 0,0000681 seconds, Stopping threads took: 0,0000217 seconds
2018-05-29T07:41:18.222+0200: 13,980: Total time for which application threads were stopped: 0,0002370 seconds, Stopping threads took: 0,0001801 seconds
2018-05-29T07:41:18.223+0200: 13,980: Total time for which application threads were stopped: 0,0000566 seconds, Stopping threads took: 0,0000238 seconds
2018-05-29T07:41:18.223+0200: 13,980: Total time for which application threads were stopped: 0,0000494 seconds, Stopping threads took: 0,0000213 seconds
2018-05-29T07:41:18.223+0200: 13,980: Total time for which application threads were stopped: 0,0000544 seconds, Stopping threads took: 0,0000152 seconds
2018-05-29T07:41:18.224+0200: 13,981: Total time for which application threads were stopped: 0,0001283 seconds, Stopping threads took: 0,0000705 seconds
2018-05-29T07:41:18.224+0200: 13,981: Total time for which application threads were stopped: 0,0000922 seconds, Stopping threads took: 0,0000419 seconds
2018-05-29T07:41:18.224+0200: 13,981: Total time for which application threads were stopped: 0,0000610 seconds, Stopping threads took: 0,0000296 seconds
2018-05-29T07:41:18.224+0200: 13,981: Total time for which application threads were stopped: 0,0000469 seconds, Stopping threads took: 0,0000165 seconds
2018-05-29T07:41:18.225+0200: 13,982: Total time for which application threads were stopped: 0,0000662 seconds, Stopping threads took: 0,0000323 seconds
2018-05-29T07:41:18.226+0200: 13,983: Total time for which application threads were stopped: 0,0005874 seconds, Stopping threads took: 0,0005513 seconds
2018-05-29T07:41:18.226+0200: 13,983: Total time for which application threads were stopped: 0,0001657 seconds, Stopping threads took: 0,0000286 seconds
2018-05-29T07:41:18.229+0200: 13,986: Total time for which application threads were stopped: 0,0001227 seconds, Stopping threads took: 0,0000572 seconds
2018-05-29T07:41:18.231+0200: 13,988: Total time for which application threads were stopped: 0,0018365 seconds, Stopping threads took: 0,0017628 seconds
2018-05-29T07:41:18.232+0200: 13,989: Total time for which application threads were stopped: 0,0001213 seconds, Stopping threads took: 0,0000624 seconds
2018-05-29T07:41:18.233+0200: 13,990: Total time for which application threads were stopped: 0,0001412 seconds, Stopping threads took: 0,0000411 seconds
2018-05-29T07:41:18.233+0200: 13,991: Total time for which application threads were stopped: 0,0001037 seconds, Stopping threads took: 0,0000359 seconds
Heap
 par new generation   total 109248K, used 48721K [0x00000000e0000000, 0x00000000e8000000, 0x00000000e8000000)
  eden space 87424K,  30% used [0x00000000e0000000, 0x00000000e1a44508, 0x00000000e5560000)
  from space 21824K, 100% used [0x00000000e5560000, 0x00000000e6ab0000, 0x00000000e6ab0000)
  to   space 21824K,   0% used [0x00000000e6ab0000, 0x00000000e6ab0000, 0x00000000e8000000)
 concurrent mark-sweep generation total 393216K, used 9849K [0x00000000e8000000, 0x0000000100000000, 0x0000000100000000)
 Metaspace       used 30162K, capacity 30862K, committed 31100K, reserved 1077248K
  class space    used 3438K, capacity 3666K, committed 3708K, reserved 1048576K
