OpenJDK 64-Bit Server VM (25.171-b11) for linux-amd64 JRE (1.8.0_171-8u171-b11-0ubuntu0.16.04.1-b11), built on Apr 27 2018 17:19:03 by "buildd" with gcc 5.4.0 20160609
Memory: 4k page, physical 7867600k(1058324k free), swap 8076284k(8076284k free)
CommandLine flags: -XX:CMSInitiatingOccupancyFraction=50 -XX:CMSMaxAbortablePrecleanTime=6000 -XX:+CMSParallelRemarkEnabled -XX:+CMSScavengeBeforeRemark -XX:ConcGCThreads=4 -XX:InitialHeapSize=536870912 -XX:MaxHeapSize=536870912 -XX:MaxTenuringThreshold=8 -XX:NewRatio=3 -XX:OldPLABSize=16 -XX:OnOutOfMemoryError=/home/gurnoor/workspace/QTM/solr/bin/oom_solr.sh 8983 /home/gurnoor/workspace/QTM/solr/server/logs -XX:ParallelGCThreads=4 -XX:+ParallelRefProcEnabled -XX:PretenureSizeThreshold=67108864 -XX:+PrintGC -XX:+PrintGCApplicationStoppedTime -XX:+PrintGCDateStamps -XX:+PrintGCDetails -XX:+PrintGCTimeStamps -XX:+PrintHeapAtGC -XX:+PrintTenuringDistribution -XX:SurvivorRatio=4 -XX:TargetSurvivorRatio=90 -XX:ThreadStackSize=256 -XX:+UseCMSInitiatingOccupancyOnly -XX:+UseCompressedClassPointers -XX:+UseCompressedOops -XX:+UseConcMarkSweepGC -XX:+UseParNewGC 
2018-06-19T11:52:41.005+0200: 0,121: Total time for which application threads were stopped: 0,0000778 seconds, Stopping threads took: 0,0000146 seconds
2018-06-19T11:52:41.078+0200: 0,194: Total time for which application threads were stopped: 0,0001080 seconds, Stopping threads took: 0,0000178 seconds
2018-06-19T11:52:41.087+0200: 0,203: Total time for which application threads were stopped: 0,0000817 seconds, Stopping threads took: 0,0000144 seconds
2018-06-19T11:52:41.210+0200: 0,326: Total time for which application threads were stopped: 0,0001825 seconds, Stopping threads took: 0,0000218 seconds
2018-06-19T11:52:41.359+0200: 0,475: Total time for which application threads were stopped: 0,0001452 seconds, Stopping threads took: 0,0000188 seconds
2018-06-19T11:52:41.403+0200: 0,519: Total time for which application threads were stopped: 0,0001693 seconds, Stopping threads took: 0,0000242 seconds
2018-06-19T11:52:41.422+0200: 0,538: Total time for which application threads were stopped: 0,0001874 seconds, Stopping threads took: 0,0000237 seconds
2018-06-19T11:52:41.619+0200: 0,735: Total time for which application threads were stopped: 0,0002197 seconds, Stopping threads took: 0,0000163 seconds
2018-06-19T11:52:41.763+0200: 0,879: Total time for which application threads were stopped: 0,0002487 seconds, Stopping threads took: 0,0000343 seconds
2018-06-19T11:52:41.784+0200: 0,900: Total time for which application threads were stopped: 0,0002922 seconds, Stopping threads took: 0,0000774 seconds
2018-06-19T11:52:41.809+0200: 0,925: Total time for which application threads were stopped: 0,0002425 seconds, Stopping threads took: 0,0000254 seconds
2018-06-19T11:52:41.810+0200: 0,926: Total time for which application threads were stopped: 0,0002352 seconds, Stopping threads took: 0,0000441 seconds
2018-06-19T11:52:41.820+0200: 0,936: Total time for which application threads were stopped: 0,0002185 seconds, Stopping threads took: 0,0000213 seconds
2018-06-19T11:52:41.902+0200: 1,018: Total time for which application threads were stopped: 0,0002298 seconds, Stopping threads took: 0,0000253 seconds
2018-06-19T11:52:42.056+0200: 1,172: Total time for which application threads were stopped: 0,0003185 seconds, Stopping threads took: 0,0000843 seconds
{Heap before GC invocations=0 (full 0):
 par new generation   total 109248K, used 87424K [0x00000000e0000000, 0x00000000e8000000, 0x00000000e8000000)
  eden space 87424K, 100% used [0x00000000e0000000, 0x00000000e5560000, 0x00000000e5560000)
  from space 21824K,   0% used [0x00000000e5560000, 0x00000000e5560000, 0x00000000e6ab0000)
  to   space 21824K,   0% used [0x00000000e6ab0000, 0x00000000e6ab0000, 0x00000000e8000000)
 concurrent mark-sweep generation total 393216K, used 0K [0x00000000e8000000, 0x0000000100000000, 0x0000000100000000)
 Metaspace       used 18137K, capacity 18472K, committed 18688K, reserved 1064960K
  class space    used 2047K, capacity 2198K, committed 2304K, reserved 1048576K
2018-06-19T11:52:42.132+0200: 1,248: [GC (Allocation Failure) 2018-06-19T11:52:42.132+0200: 1,248: [ParNew
Desired survivor size 20112992 bytes, new threshold 8 (max 8)
- age   1:   12316480 bytes,   12316480 total
: 87424K->12139K(109248K), 0,0114031 secs] 87424K->12139K(502464K), 0,0114636 secs] [Times: user=0,03 sys=0,01, real=0,00 secs] 
Heap after GC invocations=1 (full 0):
 par new generation   total 109248K, used 12139K [0x00000000e0000000, 0x00000000e8000000, 0x00000000e8000000)
  eden space 87424K,   0% used [0x00000000e0000000, 0x00000000e0000000, 0x00000000e5560000)
  from space 21824K,  55% used [0x00000000e6ab0000, 0x00000000e768afd0, 0x00000000e8000000)
  to   space 21824K,   0% used [0x00000000e5560000, 0x00000000e5560000, 0x00000000e6ab0000)
 concurrent mark-sweep generation total 393216K, used 0K [0x00000000e8000000, 0x0000000100000000, 0x0000000100000000)
 Metaspace       used 18137K, capacity 18472K, committed 18688K, reserved 1064960K
  class space    used 2047K, capacity 2198K, committed 2304K, reserved 1048576K
}
2018-06-19T11:52:42.144+0200: 1,260: Total time for which application threads were stopped: 0,0117710 seconds, Stopping threads took: 0,0000658 seconds
2018-06-19T11:52:42.405+0200: 1,521: Total time for which application threads were stopped: 0,0003926 seconds, Stopping threads took: 0,0000771 seconds
2018-06-19T11:52:42.452+0200: 1,568: Total time for which application threads were stopped: 0,0029389 seconds, Stopping threads took: 0,0026248 seconds
{Heap before GC invocations=1 (full 0):
 par new generation   total 109248K, used 99563K [0x00000000e0000000, 0x00000000e8000000, 0x00000000e8000000)
  eden space 87424K, 100% used [0x00000000e0000000, 0x00000000e5560000, 0x00000000e5560000)
  from space 21824K,  55% used [0x00000000e6ab0000, 0x00000000e768afd0, 0x00000000e8000000)
  to   space 21824K,   0% used [0x00000000e5560000, 0x00000000e5560000, 0x00000000e6ab0000)
 concurrent mark-sweep generation total 393216K, used 0K [0x00000000e8000000, 0x0000000100000000, 0x0000000100000000)
 Metaspace       used 20157K, capacity 20504K, committed 20736K, reserved 1067008K
  class space    used 2303K, capacity 2474K, committed 2560K, reserved 1048576K
2018-06-19T11:52:42.467+0200: 1,583: [GC (Allocation Failure) 2018-06-19T11:52:42.467+0200: 1,583: [ParNew
Desired survivor size 20112992 bytes, new threshold 8 (max 8)
- age   1:    2897664 bytes,    2897664 total
- age   2:    6462360 bytes,    9360024 total
: 99563K->13411K(109248K), 0,0168060 secs] 99563K->13411K(502464K), 0,0168789 secs] [Times: user=0,04 sys=0,01, real=0,01 secs] 
Heap after GC invocations=2 (full 0):
 par new generation   total 109248K, used 13411K [0x00000000e0000000, 0x00000000e8000000, 0x00000000e8000000)
  eden space 87424K,   0% used [0x00000000e0000000, 0x00000000e0000000, 0x00000000e5560000)
  from space 21824K,  61% used [0x00000000e5560000, 0x00000000e6278f58, 0x00000000e6ab0000)
  to   space 21824K,   0% used [0x00000000e6ab0000, 0x00000000e6ab0000, 0x00000000e8000000)
 concurrent mark-sweep generation total 393216K, used 0K [0x00000000e8000000, 0x0000000100000000, 0x0000000100000000)
 Metaspace       used 20157K, capacity 20504K, committed 20736K, reserved 1067008K
  class space    used 2303K, capacity 2474K, committed 2560K, reserved 1048576K
}
2018-06-19T11:52:42.484+0200: 1,600: Total time for which application threads were stopped: 0,0185356 seconds, Stopping threads took: 0,0014776 seconds
2018-06-19T11:52:42.534+0200: 1,650: Total time for which application threads were stopped: 0,0003551 seconds, Stopping threads took: 0,0000312 seconds
2018-06-19T11:52:42.673+0200: 1,789: Total time for which application threads were stopped: 0,0001754 seconds, Stopping threads took: 0,0000526 seconds
{Heap before GC invocations=2 (full 0):
 par new generation   total 109248K, used 100835K [0x00000000e0000000, 0x00000000e8000000, 0x00000000e8000000)
  eden space 87424K, 100% used [0x00000000e0000000, 0x00000000e5560000, 0x00000000e5560000)
  from space 21824K,  61% used [0x00000000e5560000, 0x00000000e6278f58, 0x00000000e6ab0000)
  to   space 21824K,   0% used [0x00000000e6ab0000, 0x00000000e6ab0000, 0x00000000e8000000)
 concurrent mark-sweep generation total 393216K, used 0K [0x00000000e8000000, 0x0000000100000000, 0x0000000100000000)
 Metaspace       used 21114K, capacity 21432K, committed 21628K, reserved 1069056K
  class space    used 2430K, capacity 2594K, committed 2684K, reserved 1048576K
2018-06-19T11:52:42.734+0200: 1,850: [GC (Allocation Failure) 2018-06-19T11:52:42.734+0200: 1,850: [ParNew
Desired survivor size 20112992 bytes, new threshold 8 (max 8)
- age   1:    2057224 bytes,    2057224 total
- age   2:     527616 bytes,    2584840 total
- age   3:    6459440 bytes,    9044280 total
: 100835K->12023K(109248K), 0,0174673 secs] 100835K->12023K(502464K), 0,0175647 secs] [Times: user=0,06 sys=0,00, real=0,01 secs] 
Heap after GC invocations=3 (full 0):
 par new generation   total 109248K, used 12023K [0x00000000e0000000, 0x00000000e8000000, 0x00000000e8000000)
  eden space 87424K,   0% used [0x00000000e0000000, 0x00000000e0000000, 0x00000000e5560000)
  from space 21824K,  55% used [0x00000000e6ab0000, 0x00000000e766dd30, 0x00000000e8000000)
  to   space 21824K,   0% used [0x00000000e5560000, 0x00000000e5560000, 0x00000000e6ab0000)
 concurrent mark-sweep generation total 393216K, used 0K [0x00000000e8000000, 0x0000000100000000, 0x0000000100000000)
 Metaspace       used 21114K, capacity 21432K, committed 21628K, reserved 1069056K
  class space    used 2430K, capacity 2594K, committed 2684K, reserved 1048576K
}
2018-06-19T11:52:42.751+0200: 1,867: Total time for which application threads were stopped: 0,0217162 seconds, Stopping threads took: 0,0039705 seconds
2018-06-19T11:52:42.751+0200: 1,867: [GC (CMS Initial Mark) [1 CMS-initial-mark: 0K(393216K)] 13437K(502464K), 0,0033902 secs] [Times: user=0,01 sys=0,00, real=0,01 secs] 
2018-06-19T11:52:42.755+0200: 1,871: Total time for which application threads were stopped: 0,0035551 seconds, Stopping threads took: 0,0000511 seconds
2018-06-19T11:52:42.755+0200: 1,871: [CMS-concurrent-mark-start]
2018-06-19T11:52:42.755+0200: 1,871: [CMS-concurrent-mark: 0,000/0,000 secs] [Times: user=0,00 sys=0,00, real=0,00 secs] 
2018-06-19T11:52:42.755+0200: 1,871: [CMS-concurrent-preclean-start]
2018-06-19T11:52:42.756+0200: 1,872: [CMS-concurrent-preclean: 0,001/0,001 secs] [Times: user=0,00 sys=0,00, real=0,00 secs] 
2018-06-19T11:52:42.756+0200: 1,872: [CMS-concurrent-abortable-preclean-start]
2018-06-19T11:52:42.763+0200: 1,879: Total time for which application threads were stopped: 0,0001153 seconds, Stopping threads took: 0,0000268 seconds
2018-06-19T11:52:42.822+0200: 1,938: Total time for which application threads were stopped: 0,0004321 seconds, Stopping threads took: 0,0001193 seconds
{Heap before GC invocations=3 (full 1):
 par new generation   total 109248K, used 99447K [0x00000000e0000000, 0x00000000e8000000, 0x00000000e8000000)
  eden space 87424K, 100% used [0x00000000e0000000, 0x00000000e5560000, 0x00000000e5560000)
  from space 21824K,  55% used [0x00000000e6ab0000, 0x00000000e766dd30, 0x00000000e8000000)
  to   space 21824K,   0% used [0x00000000e5560000, 0x00000000e5560000, 0x00000000e6ab0000)
 concurrent mark-sweep generation total 393216K, used 0K [0x00000000e8000000, 0x0000000100000000, 0x0000000100000000)
 Metaspace       used 21377K, capacity 21782K, committed 21884K, reserved 1069056K
  class space    used 2460K, capacity 2637K, committed 2684K, reserved 1048576K
2018-06-19T11:52:42.874+0200: 1,990: [GC (Allocation Failure) 2018-06-19T11:52:42.874+0200: 1,990: [ParNew
Desired survivor size 20112992 bytes, new threshold 8 (max 8)
- age   1:    1125888 bytes,    1125888 total
- age   2:    1012064 bytes,    2137952 total
- age   3:     485528 bytes,    2623480 total
- age   4:    6185192 bytes,    8808672 total
: 99447K->10457K(109248K), 0,0127179 secs] 99447K->10457K(502464K), 0,0127859 secs] [Times: user=0,05 sys=0,00, real=0,01 secs] 
Heap after GC invocations=4 (full 1):
 par new generation   total 109248K, used 10457K [0x00000000e0000000, 0x00000000e8000000, 0x00000000e8000000)
  eden space 87424K,   0% used [0x00000000e0000000, 0x00000000e0000000, 0x00000000e5560000)
  from space 21824K,  47% used [0x00000000e5560000, 0x00000000e5f964a0, 0x00000000e6ab0000)
  to   space 21824K,   0% used [0x00000000e6ab0000, 0x00000000e6ab0000, 0x00000000e8000000)
 concurrent mark-sweep generation total 393216K, used 0K [0x00000000e8000000, 0x0000000100000000, 0x0000000100000000)
 Metaspace       used 21377K, capacity 21782K, committed 21884K, reserved 1069056K
  class space    used 2460K, capacity 2637K, committed 2684K, reserved 1048576K
}
2018-06-19T11:52:42.887+0200: 2,002: Total time for which application threads were stopped: 0,0130702 seconds, Stopping threads took: 0,0001064 seconds
2018-06-19T11:52:42.887+0200: 2,003: [CMS-concurrent-abortable-preclean: 0,066/0,130 secs] [Times: user=0,50 sys=0,00, real=0,13 secs] 
2018-06-19T11:52:42.900+0200: 2,016: [GC (CMS Final Remark) [YG occupancy: 24113 K (109248 K)]{Heap before GC invocations=4 (full 1):
 par new generation   total 109248K, used 24113K [0x00000000e0000000, 0x00000000e8000000, 0x00000000e8000000)
  eden space 87424K,  15% used [0x00000000e0000000, 0x00000000e0d55f88, 0x00000000e5560000)
  from space 21824K,  47% used [0x00000000e5560000, 0x00000000e5f964a0, 0x00000000e6ab0000)
  to   space 21824K,   0% used [0x00000000e6ab0000, 0x00000000e6ab0000, 0x00000000e8000000)
 concurrent mark-sweep generation total 393216K, used 0K [0x00000000e8000000, 0x0000000100000000, 0x0000000100000000)
 Metaspace       used 21385K, capacity 21782K, committed 21884K, reserved 1069056K
  class space    used 2461K, capacity 2637K, committed 2684K, reserved 1048576K
2018-06-19T11:52:42.900+0200: 2,016: [GC (CMS Final Remark) 2018-06-19T11:52:42.900+0200: 2,016: [ParNew
Desired survivor size 20112992 bytes, new threshold 8 (max 8)
- age   1:     486416 bytes,     486416 total
- age   2:     515968 bytes,    1002384 total
- age   3:    1012064 bytes,    2014448 total
- age   4:     485512 bytes,    2499960 total
- age   5:    6185000 bytes,    8684960 total
: 24113K->11420K(109248K), 0,0110598 secs] 24113K->11420K(502464K), 0,0111038 secs] [Times: user=0,04 sys=0,00, real=0,01 secs] 
Heap after GC invocations=5 (full 1):
 par new generation   total 109248K, used 11420K [0x00000000e0000000, 0x00000000e8000000, 0x00000000e8000000)
  eden space 87424K,   0% used [0x00000000e0000000, 0x00000000e0000000, 0x00000000e5560000)
  from space 21824K,  52% used [0x00000000e6ab0000, 0x00000000e75d70d0, 0x00000000e8000000)
  to   space 21824K,   0% used [0x00000000e5560000, 0x00000000e5560000, 0x00000000e6ab0000)
 concurrent mark-sweep generation total 393216K, used 0K [0x00000000e8000000, 0x0000000100000000, 0x0000000100000000)
 Metaspace       used 21385K, capacity 21782K, committed 21884K, reserved 1069056K
  class space    used 2461K, capacity 2637K, committed 2684K, reserved 1048576K
}
2018-06-19T11:52:42.911+0200: 2,027: [Rescan (parallel) , 0,0033032 secs]2018-06-19T11:52:42.914+0200: 2,030: [weak refs processing, 0,0009848 secs]2018-06-19T11:52:42.915+0200: 2,031: [class unloading, 0,0030674 secs]2018-06-19T11:52:42.919+0200: 2,035: [scrub symbol table, 0,0027116 secs]2018-06-19T11:52:42.921+0200: 2,037: [scrub string table, 0,0003813 secs][1 CMS-remark: 0K(393216K)] 11420K(502464K), 0,0222936 secs] [Times: user=0,06 sys=0,00, real=0,02 secs] 
2018-06-19T11:52:42.922+0200: 2,038: Total time for which application threads were stopped: 0,0263882 seconds, Stopping threads took: 0,0039874 seconds
2018-06-19T11:52:42.922+0200: 2,038: [CMS-concurrent-sweep-start]
2018-06-19T11:52:42.922+0200: 2,038: [CMS-concurrent-sweep: 0,000/0,000 secs] [Times: user=0,00 sys=0,00, real=0,00 secs] 
2018-06-19T11:52:42.922+0200: 2,038: [CMS-concurrent-reset-start]
2018-06-19T11:52:42.926+0200: 2,042: [CMS-concurrent-reset: 0,003/0,003 secs] [Times: user=0,01 sys=0,00, real=0,01 secs] 
{Heap before GC invocations=5 (full 1):
 par new generation   total 109248K, used 98844K [0x00000000e0000000, 0x00000000e8000000, 0x00000000e8000000)
  eden space 87424K, 100% used [0x00000000e0000000, 0x00000000e5560000, 0x00000000e5560000)
  from space 21824K,  52% used [0x00000000e6ab0000, 0x00000000e75d70d0, 0x00000000e8000000)
  to   space 21824K,   0% used [0x00000000e5560000, 0x00000000e5560000, 0x00000000e6ab0000)
 concurrent mark-sweep generation total 393216K, used 0K [0x00000000e8000000, 0x0000000100000000, 0x0000000100000000)
 Metaspace       used 21840K, capacity 22200K, committed 22396K, reserved 1069056K
  class space    used 2523K, capacity 2670K, committed 2684K, reserved 1048576K
2018-06-19T11:52:43.047+0200: 2,163: [GC (Allocation Failure) 2018-06-19T11:52:43.047+0200: 2,163: [ParNew
Desired survivor size 20112992 bytes, new threshold 8 (max 8)
- age   1:    1276720 bytes,    1276720 total
- age   2:       6656 bytes,    1283376 total
- age   3:     514488 bytes,    1797864 total
- age   4:     234808 bytes,    2032672 total
- age   5:     485432 bytes,    2518104 total
- age   6:    6185112 bytes,    8703216 total
: 98844K->11438K(109248K), 0,0224734 secs] 98844K->11438K(502464K), 0,0225660 secs] [Times: user=0,07 sys=0,00, real=0,02 secs] 
Heap after GC invocations=6 (full 1):
 par new generation   total 109248K, used 11438K [0x00000000e0000000, 0x00000000e8000000, 0x00000000e8000000)
  eden space 87424K,   0% used [0x00000000e0000000, 0x00000000e0000000, 0x00000000e5560000)
  from space 21824K,  52% used [0x00000000e5560000, 0x00000000e608bb28, 0x00000000e6ab0000)
  to   space 21824K,   0% used [0x00000000e6ab0000, 0x00000000e6ab0000, 0x00000000e8000000)
 concurrent mark-sweep generation total 393216K, used 0K [0x00000000e8000000, 0x0000000100000000, 0x0000000100000000)
 Metaspace       used 21840K, capacity 22200K, committed 22396K, reserved 1069056K
  class space    used 2523K, capacity 2670K, committed 2684K, reserved 1048576K
}
2018-06-19T11:52:43.069+0200: 2,185: Total time for which application threads were stopped: 0,0228570 seconds, Stopping threads took: 0,0000742 seconds
2018-06-19T11:52:43.363+0200: 2,479: Total time for which application threads were stopped: 0,0005509 seconds, Stopping threads took: 0,0000524 seconds
2018-06-19T11:52:43.375+0200: 2,491: Total time for which application threads were stopped: 0,0013525 seconds, Stopping threads took: 0,0010143 seconds
2018-06-19T11:52:43.407+0200: 2,522: Total time for which application threads were stopped: 0,0004414 seconds, Stopping threads took: 0,0000449 seconds
{Heap before GC invocations=6 (full 1):
 par new generation   total 109248K, used 98862K [0x00000000e0000000, 0x00000000e8000000, 0x00000000e8000000)
  eden space 87424K, 100% used [0x00000000e0000000, 0x00000000e5560000, 0x00000000e5560000)
  from space 21824K,  52% used [0x00000000e5560000, 0x00000000e608bb28, 0x00000000e6ab0000)
  to   space 21824K,   0% used [0x00000000e6ab0000, 0x00000000e6ab0000, 0x00000000e8000000)
 concurrent mark-sweep generation total 393216K, used 0K [0x00000000e8000000, 0x0000000100000000, 0x0000000100000000)
 Metaspace       used 23430K, capacity 23896K, committed 24188K, reserved 1071104K
  class space    used 2692K, capacity 2889K, committed 2940K, reserved 1048576K
2018-06-19T11:52:43.420+0200: 2,536: [GC (Allocation Failure) 2018-06-19T11:52:43.420+0200: 2,536: [ParNew
Desired survivor size 20112992 bytes, new threshold 8 (max 8)
- age   1:    2489648 bytes,    2489648 total
- age   2:     283952 bytes,    2773600 total
- age   3:       6656 bytes,    2780256 total
- age   4:     511848 bytes,    3292104 total
- age   5:     232928 bytes,    3525032 total
- age   6:     473912 bytes,    3998944 total
- age   7:    6179592 bytes,   10178536 total
: 98862K->12259K(109248K), 0,0133107 secs] 98862K->12259K(502464K), 0,0134098 secs] [Times: user=0,04 sys=0,00, real=0,02 secs] 
Heap after GC invocations=7 (full 1):
 par new generation   total 109248K, used 12259K [0x00000000e0000000, 0x00000000e8000000, 0x00000000e8000000)
  eden space 87424K,   0% used [0x00000000e0000000, 0x00000000e0000000, 0x00000000e5560000)
  from space 21824K,  56% used [0x00000000e6ab0000, 0x00000000e76a8f60, 0x00000000e8000000)
  to   space 21824K,   0% used [0x00000000e5560000, 0x00000000e5560000, 0x00000000e6ab0000)
 concurrent mark-sweep generation total 393216K, used 0K [0x00000000e8000000, 0x0000000100000000, 0x0000000100000000)
 Metaspace       used 23430K, capacity 23896K, committed 24188K, reserved 1071104K
  class space    used 2692K, capacity 2889K, committed 2940K, reserved 1048576K
}
2018-06-19T11:52:43.434+0200: 2,550: Total time for which application threads were stopped: 0,0182538 seconds, Stopping threads took: 0,0046792 seconds
2018-06-19T11:52:43.813+0200: 2,929: Total time for which application threads were stopped: 0,0006685 seconds, Stopping threads took: 0,0000679 seconds
2018-06-19T11:52:43.830+0200: 2,946: Total time for which application threads were stopped: 0,0005508 seconds, Stopping threads took: 0,0000271 seconds
2018-06-19T11:52:43.884+0200: 3,000: Total time for which application threads were stopped: 0,0008545 seconds, Stopping threads took: 0,0004376 seconds
2018-06-19T11:52:44.012+0200: 3,128: Total time for which application threads were stopped: 0,0030952 seconds, Stopping threads took: 0,0025359 seconds
{Heap before GC invocations=7 (full 1):
 par new generation   total 109248K, used 99683K [0x00000000e0000000, 0x00000000e8000000, 0x00000000e8000000)
  eden space 87424K, 100% used [0x00000000e0000000, 0x00000000e5560000, 0x00000000e5560000)
  from space 21824K,  56% used [0x00000000e6ab0000, 0x00000000e76a8f60, 0x00000000e8000000)
  to   space 21824K,   0% used [0x00000000e5560000, 0x00000000e5560000, 0x00000000e6ab0000)
 concurrent mark-sweep generation total 393216K, used 0K [0x00000000e8000000, 0x0000000100000000, 0x0000000100000000)
 Metaspace       used 28041K, capacity 28602K, committed 28796K, reserved 1075200K
  class space    used 3217K, capacity 3392K, committed 3452K, reserved 1048576K
2018-06-19T11:52:44.071+0200: 3,187: [GC (Allocation Failure) 2018-06-19T11:52:44.072+0200: 3,187: [ParNew
Desired survivor size 20112992 bytes, new threshold 8 (max 8)
- age   1:   13203200 bytes,   13203200 total
- age   2:    1469704 bytes,   14672904 total
- age   3:     283448 bytes,   14956352 total
- age   4:       6656 bytes,   14963008 total
- age   5:     498312 bytes,   15461320 total
- age   6:     229320 bytes,   15690640 total
- age   7:     465400 bytes,   16156040 total
- age   8:    6171392 bytes,   22327432 total
: 99683K->21824K(109248K), 0,0349755 secs] 99683K->24960K(502464K), 0,0350659 secs] [Times: user=0,11 sys=0,01, real=0,04 secs] 
Heap after GC invocations=8 (full 1):
 par new generation   total 109248K, used 21824K [0x00000000e0000000, 0x00000000e8000000, 0x00000000e8000000)
  eden space 87424K,   0% used [0x00000000e0000000, 0x00000000e0000000, 0x00000000e5560000)
  from space 21824K, 100% used [0x00000000e5560000, 0x00000000e6ab0000, 0x00000000e6ab0000)
  to   space 21824K,   0% used [0x00000000e6ab0000, 0x00000000e6ab0000, 0x00000000e8000000)
 concurrent mark-sweep generation total 393216K, used 3136K [0x00000000e8000000, 0x0000000100000000, 0x0000000100000000)
 Metaspace       used 28041K, capacity 28602K, committed 28796K, reserved 1075200K
  class space    used 3217K, capacity 3392K, committed 3452K, reserved 1048576K
}
2018-06-19T11:52:44.107+0200: 3,223: Total time for which application threads were stopped: 0,0354006 seconds, Stopping threads took: 0,0001298 seconds
{Heap before GC invocations=8 (full 1):
 par new generation   total 109248K, used 109248K [0x00000000e0000000, 0x00000000e8000000, 0x00000000e8000000)
  eden space 87424K, 100% used [0x00000000e0000000, 0x00000000e5560000, 0x00000000e5560000)
  from space 21824K, 100% used [0x00000000e5560000, 0x00000000e6ab0000, 0x00000000e6ab0000)
  to   space 21824K,   0% used [0x00000000e6ab0000, 0x00000000e6ab0000, 0x00000000e8000000)
 concurrent mark-sweep generation total 393216K, used 3136K [0x00000000e8000000, 0x0000000100000000, 0x0000000100000000)
 Metaspace       used 28195K, capacity 28784K, committed 29052K, reserved 1075200K
  class space    used 3233K, capacity 3428K, committed 3452K, reserved 1048576K
2018-06-19T11:52:44.258+0200: 3,374: [GC (Allocation Failure) 2018-06-19T11:52:44.258+0200: 3,374: [ParNew
Desired survivor size 20112992 bytes, new threshold 8 (max 8)
- age   1:     909064 bytes,     909064 total
- age   2:   11946840 bytes,   12855904 total
- age   3:    1469704 bytes,   14325608 total
- age   4:     283448 bytes,   14609056 total
- age   5:       6656 bytes,   14615712 total
- age   6:     498104 bytes,   15113816 total
- age   7:     229288 bytes,   15343104 total
- age   8:     465352 bytes,   15808456 total
: 109248K->21079K(109248K), 0,0477229 secs] 112384K->30314K(502464K), 0,0478498 secs] [Times: user=0,15 sys=0,01, real=0,05 secs] 
Heap after GC invocations=9 (full 1):
 par new generation   total 109248K, used 21079K [0x00000000e0000000, 0x00000000e8000000, 0x00000000e8000000)
  eden space 87424K,   0% used [0x00000000e0000000, 0x00000000e0000000, 0x00000000e5560000)
  from space 21824K,  96% used [0x00000000e6ab0000, 0x00000000e7f45d30, 0x00000000e8000000)
  to   space 21824K,   0% used [0x00000000e5560000, 0x00000000e5560000, 0x00000000e6ab0000)
 concurrent mark-sweep generation total 393216K, used 9235K [0x00000000e8000000, 0x0000000100000000, 0x0000000100000000)
 Metaspace       used 28195K, capacity 28784K, committed 29052K, reserved 1075200K
  class space    used 3233K, capacity 3428K, committed 3452K, reserved 1048576K
}
2018-06-19T11:52:44.306+0200: 3,422: Total time for which application threads were stopped: 0,0481201 seconds, Stopping threads took: 0,0000433 seconds
2018-06-19T11:52:44.952+0200: 4,068: Total time for which application threads were stopped: 0,0004187 seconds, Stopping threads took: 0,0000235 seconds
2018-06-19T11:52:50.545+0200: 9,661: Total time for which application threads were stopped: 0,0001027 seconds, Stopping threads took: 0,0000460 seconds
2018-06-19T11:52:50.549+0200: 9,665: Total time for which application threads were stopped: 0,0000722 seconds, Stopping threads took: 0,0000158 seconds
2018-06-19T11:52:50.570+0200: 9,686: Total time for which application threads were stopped: 0,0003882 seconds, Stopping threads took: 0,0000168 seconds
2018-06-19T11:52:50.632+0200: 9,748: Total time for which application threads were stopped: 0,0001194 seconds, Stopping threads took: 0,0000424 seconds
2018-06-19T11:52:50.633+0200: 9,749: Total time for which application threads were stopped: 0,0000611 seconds, Stopping threads took: 0,0000162 seconds
2018-06-19T11:52:50.633+0200: 9,749: Total time for which application threads were stopped: 0,0000580 seconds, Stopping threads took: 0,0000325 seconds
2018-06-19T11:52:50.633+0200: 9,749: Total time for which application threads were stopped: 0,0000463 seconds, Stopping threads took: 0,0000151 seconds
2018-06-19T11:53:04.987+0200: 24,103: Total time for which application threads were stopped: 0,0001400 seconds, Stopping threads took: 0,0000497 seconds
2018-06-19T11:53:04.987+0200: 24,103: Total time for which application threads were stopped: 0,0001055 seconds, Stopping threads took: 0,0000188 seconds
2018-06-19T11:53:04.996+0200: 24,112: Total time for which application threads were stopped: 0,0001334 seconds, Stopping threads took: 0,0000442 seconds
2018-06-19T11:53:05.082+0200: 24,198: Total time for which application threads were stopped: 0,0001263 seconds, Stopping threads took: 0,0000274 seconds
2018-06-19T11:53:05.091+0200: 24,207: Total time for which application threads were stopped: 0,0002628 seconds, Stopping threads took: 0,0001533 seconds
2018-06-19T11:53:05.091+0200: 24,207: Total time for which application threads were stopped: 0,0000927 seconds, Stopping threads took: 0,0000216 seconds
2018-06-19T11:53:05.100+0200: 24,216: Total time for which application threads were stopped: 0,0002240 seconds, Stopping threads took: 0,0000795 seconds
2018-06-19T11:53:05.100+0200: 24,216: Total time for which application threads were stopped: 0,0000865 seconds, Stopping threads took: 0,0000135 seconds
2018-06-19T11:53:05.138+0200: 24,254: Total time for which application threads were stopped: 0,0002179 seconds, Stopping threads took: 0,0000724 seconds
2018-06-19T11:53:05.153+0200: 24,269: Total time for which application threads were stopped: 0,0070768 seconds, Stopping threads took: 0,0040681 seconds
2018-06-19T11:53:05.164+0200: 24,280: Total time for which application threads were stopped: 0,0001624 seconds, Stopping threads took: 0,0000791 seconds
2018-06-19T11:53:05.168+0200: 24,284: Total time for which application threads were stopped: 0,0038193 seconds, Stopping threads took: 0,0037761 seconds
2018-06-19T11:53:05.172+0200: 24,288: Total time for which application threads were stopped: 0,0037366 seconds, Stopping threads took: 0,0036092 seconds
2018-06-19T11:53:05.172+0200: 24,288: Total time for which application threads were stopped: 0,0001348 seconds, Stopping threads took: 0,0000276 seconds
2018-06-19T11:53:05.173+0200: 24,289: Total time for which application threads were stopped: 0,0001372 seconds, Stopping threads took: 0,0000445 seconds
2018-06-19T11:53:05.174+0200: 24,290: Total time for which application threads were stopped: 0,0008772 seconds, Stopping threads took: 0,0006983 seconds
2018-06-19T11:53:05.193+0200: 24,309: Total time for which application threads were stopped: 0,0001529 seconds, Stopping threads took: 0,0000795 seconds
2018-06-19T11:53:05.193+0200: 24,309: Total time for which application threads were stopped: 0,0000894 seconds, Stopping threads took: 0,0000496 seconds
2018-06-19T11:53:05.193+0200: 24,309: Total time for which application threads were stopped: 0,0000436 seconds, Stopping threads took: 0,0000072 seconds
2018-06-19T11:53:05.193+0200: 24,309: Total time for which application threads were stopped: 0,0000500 seconds, Stopping threads took: 0,0000115 seconds
2018-06-19T11:53:05.193+0200: 24,309: Total time for which application threads were stopped: 0,0000365 seconds, Stopping threads took: 0,0000071 seconds
2018-06-19T11:53:05.234+0200: 24,350: Total time for which application threads were stopped: 0,0001188 seconds, Stopping threads took: 0,0000254 seconds
2018-06-19T11:53:05.240+0200: 24,356: Total time for which application threads were stopped: 0,0003016 seconds, Stopping threads took: 0,0000825 seconds
2018-06-19T11:53:05.242+0200: 24,358: Total time for which application threads were stopped: 0,0001268 seconds, Stopping threads took: 0,0000579 seconds
2018-06-19T11:53:05.243+0200: 24,359: Total time for which application threads were stopped: 0,0011843 seconds, Stopping threads took: 0,0011054 seconds
2018-06-19T11:53:05.244+0200: 24,360: Total time for which application threads were stopped: 0,0005932 seconds, Stopping threads took: 0,0005281 seconds
2018-06-19T11:53:05.244+0200: 24,360: Total time for which application threads were stopped: 0,0000572 seconds, Stopping threads took: 0,0000158 seconds
2018-06-19T11:53:05.244+0200: 24,360: Total time for which application threads were stopped: 0,0000518 seconds, Stopping threads took: 0,0000227 seconds
2018-06-19T11:53:05.256+0200: 24,372: Total time for which application threads were stopped: 0,0006366 seconds, Stopping threads took: 0,0005046 seconds
2018-06-19T11:53:05.259+0200: 24,374: Total time for which application threads were stopped: 0,0001346 seconds, Stopping threads took: 0,0000332 seconds
2018-06-19T11:53:05.259+0200: 24,375: Total time for which application threads were stopped: 0,0001215 seconds, Stopping threads took: 0,0000412 seconds
2018-06-19T11:53:05.259+0200: 24,375: Total time for which application threads were stopped: 0,0000863 seconds, Stopping threads took: 0,0000289 seconds
2018-06-19T11:53:05.260+0200: 24,376: Total time for which application threads were stopped: 0,0005494 seconds, Stopping threads took: 0,0004804 seconds
2018-06-19T11:53:05.260+0200: 24,376: Total time for which application threads were stopped: 0,0005447 seconds, Stopping threads took: 0,0004799 seconds
2018-06-19T11:53:05.264+0200: 24,380: Total time for which application threads were stopped: 0,0003739 seconds, Stopping threads took: 0,0001814 seconds
2018-06-19T11:53:05.265+0200: 24,381: Total time for which application threads were stopped: 0,0004544 seconds, Stopping threads took: 0,0003128 seconds
2018-06-19T11:53:05.265+0200: 24,381: Total time for which application threads were stopped: 0,0001574 seconds, Stopping threads took: 0,0001001 seconds
2018-06-19T11:53:05.267+0200: 24,383: Total time for which application threads were stopped: 0,0001039 seconds, Stopping threads took: 0,0000317 seconds
2018-06-19T11:53:05.267+0200: 24,383: Total time for which application threads were stopped: 0,0000931 seconds, Stopping threads took: 0,0000164 seconds
2018-06-19T11:53:05.270+0200: 24,386: Total time for which application threads were stopped: 0,0009458 seconds, Stopping threads took: 0,0004939 seconds
2018-06-19T11:53:05.271+0200: 24,387: Total time for which application threads were stopped: 0,0004267 seconds, Stopping threads took: 0,0001394 seconds
2018-06-19T11:53:05.271+0200: 24,387: Total time for which application threads were stopped: 0,0002717 seconds, Stopping threads took: 0,0000313 seconds
2018-06-19T11:53:05.272+0200: 24,388: Total time for which application threads were stopped: 0,0002508 seconds, Stopping threads took: 0,0000574 seconds
2018-06-19T11:53:05.272+0200: 24,388: Total time for which application threads were stopped: 0,0001382 seconds, Stopping threads took: 0,0000910 seconds
2018-06-19T11:53:05.286+0200: 24,402: Total time for which application threads were stopped: 0,0001490 seconds, Stopping threads took: 0,0000537 seconds
2018-06-19T11:53:05.286+0200: 24,402: Total time for which application threads were stopped: 0,0000666 seconds, Stopping threads took: 0,0000311 seconds
2018-06-19T11:53:05.286+0200: 24,402: Total time for which application threads were stopped: 0,0000630 seconds, Stopping threads took: 0,0000293 seconds
2018-06-19T11:53:05.286+0200: 24,402: Total time for which application threads were stopped: 0,0001236 seconds, Stopping threads took: 0,0000770 seconds
2018-06-19T11:53:05.286+0200: 24,402: Total time for which application threads were stopped: 0,0000705 seconds, Stopping threads took: 0,0000259 seconds
2018-06-19T11:53:05.312+0200: 24,428: Total time for which application threads were stopped: 0,0017341 seconds, Stopping threads took: 0,0011943 seconds
2018-06-19T11:53:05.317+0200: 24,433: Total time for which application threads were stopped: 0,0001839 seconds, Stopping threads took: 0,0000670 seconds
2018-06-19T11:53:06.317+0200: 25,433: Total time for which application threads were stopped: 0,0000892 seconds, Stopping threads took: 0,0000193 seconds
2018-06-19T11:54:05.286+0200: 84,402: Total time for which application threads were stopped: 0,0000927 seconds, Stopping threads took: 0,0000350 seconds
2018-06-19T11:54:31.726+0200: 110,842: Total time for which application threads were stopped: 0,0001931 seconds, Stopping threads took: 0,0001115 seconds
2018-06-19T11:54:31.729+0200: 110,845: Total time for which application threads were stopped: 0,0006899 seconds, Stopping threads took: 0,0006061 seconds
2018-06-19T11:54:31.729+0200: 110,845: Total time for which application threads were stopped: 0,0000710 seconds, Stopping threads took: 0,0000150 seconds
2018-06-19T11:54:36.577+0200: 115,693: Total time for which application threads were stopped: 0,0001155 seconds, Stopping threads took: 0,0000403 seconds
2018-06-19T11:54:36.577+0200: 115,693: Total time for which application threads were stopped: 0,0000654 seconds, Stopping threads took: 0,0000174 seconds
2018-06-19T11:54:36.578+0200: 115,694: Total time for which application threads were stopped: 0,0001089 seconds, Stopping threads took: 0,0000263 seconds
2018-06-19T11:54:36.578+0200: 115,694: Total time for which application threads were stopped: 0,0000509 seconds, Stopping threads took: 0,0000089 seconds
2018-06-19T11:54:36.578+0200: 115,694: Total time for which application threads were stopped: 0,0001067 seconds, Stopping threads took: 0,0000283 seconds
2018-06-19T11:54:36.582+0200: 115,698: Total time for which application threads were stopped: 0,0005513 seconds, Stopping threads took: 0,0001229 seconds
2018-06-19T11:54:36.584+0200: 115,700: Total time for which application threads were stopped: 0,0003805 seconds, Stopping threads took: 0,0000713 seconds
2018-06-19T11:54:36.586+0200: 115,702: Total time for which application threads were stopped: 0,0006012 seconds, Stopping threads took: 0,0005167 seconds
2018-06-19T11:54:36.586+0200: 115,702: Total time for which application threads were stopped: 0,0001086 seconds, Stopping threads took: 0,0000289 seconds
2018-06-19T11:54:36.695+0200: 115,811: Total time for which application threads were stopped: 0,0001308 seconds, Stopping threads took: 0,0000499 seconds
2018-06-19T11:54:36.698+0200: 115,814: Total time for which application threads were stopped: 0,0002923 seconds, Stopping threads took: 0,0001793 seconds
2018-06-19T11:54:36.699+0200: 115,814: Total time for which application threads were stopped: 0,0001470 seconds, Stopping threads took: 0,0000241 seconds
2018-06-19T11:54:36.699+0200: 115,815: Total time for which application threads were stopped: 0,0003447 seconds, Stopping threads took: 0,0000612 seconds
2018-06-19T11:54:36.703+0200: 115,819: Total time for which application threads were stopped: 0,0005443 seconds, Stopping threads took: 0,0001779 seconds
2018-06-19T11:54:36.707+0200: 115,823: Total time for which application threads were stopped: 0,0009991 seconds, Stopping threads took: 0,0003464 seconds
2018-06-19T11:54:36.708+0200: 115,824: Total time for which application threads were stopped: 0,0007685 seconds, Stopping threads took: 0,0006653 seconds
2018-06-19T11:54:36.709+0200: 115,824: Total time for which application threads were stopped: 0,0000698 seconds, Stopping threads took: 0,0000132 seconds
2018-06-19T11:54:36.710+0200: 115,826: Total time for which application threads were stopped: 0,0001434 seconds, Stopping threads took: 0,0000800 seconds
2018-06-19T11:54:36.712+0200: 115,828: Total time for which application threads were stopped: 0,0001053 seconds, Stopping threads took: 0,0000351 seconds
2018-06-19T11:54:36.712+0200: 115,828: Total time for which application threads were stopped: 0,0000547 seconds, Stopping threads took: 0,0000203 seconds
2018-06-19T11:54:36.712+0200: 115,828: Total time for which application threads were stopped: 0,0000337 seconds, Stopping threads took: 0,0000060 seconds
2018-06-19T11:54:36.713+0200: 115,829: Total time for which application threads were stopped: 0,0001128 seconds, Stopping threads took: 0,0000447 seconds
2018-06-19T11:54:36.714+0200: 115,830: Total time for which application threads were stopped: 0,0000913 seconds, Stopping threads took: 0,0000301 seconds
2018-06-19T11:54:36.720+0200: 115,836: Total time for which application threads were stopped: 0,0001628 seconds, Stopping threads took: 0,0000472 seconds
2018-06-19T11:54:36.720+0200: 115,836: Total time for which application threads were stopped: 0,0001304 seconds, Stopping threads took: 0,0000252 seconds
2018-06-19T11:54:36.730+0200: 115,846: Total time for which application threads were stopped: 0,0001223 seconds, Stopping threads took: 0,0000269 seconds
2018-06-19T11:54:36.730+0200: 115,846: Total time for which application threads were stopped: 0,0000647 seconds, Stopping threads took: 0,0000119 seconds
2018-06-19T11:54:36.730+0200: 115,846: Total time for which application threads were stopped: 0,0000874 seconds, Stopping threads took: 0,0000272 seconds
2018-06-19T11:54:36.730+0200: 115,846: Total time for which application threads were stopped: 0,0000729 seconds, Stopping threads took: 0,0000239 seconds
2018-06-19T11:54:36.730+0200: 115,846: Total time for which application threads were stopped: 0,0001085 seconds, Stopping threads took: 0,0000267 seconds
2018-06-19T11:54:36.733+0200: 115,849: Total time for which application threads were stopped: 0,0002139 seconds, Stopping threads took: 0,0001113 seconds
2018-06-19T11:54:36.733+0200: 115,849: Total time for which application threads were stopped: 0,0000867 seconds, Stopping threads took: 0,0000380 seconds
2018-06-19T11:54:36.735+0200: 115,851: Total time for which application threads were stopped: 0,0001200 seconds, Stopping threads took: 0,0000518 seconds
2018-06-19T11:54:36.735+0200: 115,851: Total time for which application threads were stopped: 0,0000766 seconds, Stopping threads took: 0,0000270 seconds
2018-06-19T11:54:36.738+0200: 115,854: Total time for which application threads were stopped: 0,0006352 seconds, Stopping threads took: 0,0005024 seconds
2018-06-19T11:54:37.372+0200: 116,488: Total time for which application threads were stopped: 0,0001395 seconds, Stopping threads took: 0,0000335 seconds
2018-06-19T11:54:37.374+0200: 116,490: Total time for which application threads were stopped: 0,0001560 seconds, Stopping threads took: 0,0000461 seconds
2018-06-19T11:54:37.382+0200: 116,498: Total time for which application threads were stopped: 0,0004113 seconds, Stopping threads took: 0,0002682 seconds
2018-06-19T11:54:37.382+0200: 116,498: Total time for which application threads were stopped: 0,0001421 seconds, Stopping threads took: 0,0000564 seconds
2018-06-19T11:54:37.382+0200: 116,498: Total time for which application threads were stopped: 0,0001357 seconds, Stopping threads took: 0,0000503 seconds
2018-06-19T11:54:37.385+0200: 116,500: Total time for which application threads were stopped: 0,0004594 seconds, Stopping threads took: 0,0003611 seconds
2018-06-19T11:54:37.392+0200: 116,508: Total time for which application threads were stopped: 0,0019574 seconds, Stopping threads took: 0,0018392 seconds
2018-06-19T11:54:37.392+0200: 116,508: Total time for which application threads were stopped: 0,0001776 seconds, Stopping threads took: 0,0000970 seconds
2018-06-19T11:54:37.394+0200: 116,510: Total time for which application threads were stopped: 0,0014289 seconds, Stopping threads took: 0,0010994 seconds
2018-06-19T11:54:37.395+0200: 116,511: Total time for which application threads were stopped: 0,0002586 seconds, Stopping threads took: 0,0001256 seconds
2018-06-19T11:54:37.395+0200: 116,511: Total time for which application threads were stopped: 0,0001922 seconds, Stopping threads took: 0,0000947 seconds
2018-06-19T11:54:37.421+0200: 116,537: Total time for which application threads were stopped: 0,0008558 seconds, Stopping threads took: 0,0006869 seconds
2018-06-19T11:54:37.421+0200: 116,537: Total time for which application threads were stopped: 0,0001191 seconds, Stopping threads took: 0,0000374 seconds
2018-06-19T11:54:37.422+0200: 116,538: Total time for which application threads were stopped: 0,0001181 seconds, Stopping threads took: 0,0000518 seconds
2018-06-19T11:54:37.425+0200: 116,541: Total time for which application threads were stopped: 0,0001616 seconds, Stopping threads took: 0,0000633 seconds
2018-06-19T11:54:37.425+0200: 116,541: Total time for which application threads were stopped: 0,0002713 seconds, Stopping threads took: 0,0000435 seconds
2018-06-19T11:54:37.425+0200: 116,541: Total time for which application threads were stopped: 0,0000968 seconds, Stopping threads took: 0,0000382 seconds
2018-06-19T11:54:37.429+0200: 116,545: Total time for which application threads were stopped: 0,0001271 seconds, Stopping threads took: 0,0000471 seconds
2018-06-19T11:54:37.429+0200: 116,545: Total time for which application threads were stopped: 0,0000751 seconds, Stopping threads took: 0,0000295 seconds
2018-06-19T11:54:38.326+0200: 117,442: Total time for which application threads were stopped: 0,0001671 seconds, Stopping threads took: 0,0000413 seconds
2018-06-19T11:54:38.327+0200: 117,443: Total time for which application threads were stopped: 0,0005437 seconds, Stopping threads took: 0,0001104 seconds
2018-06-19T11:54:38.332+0200: 117,448: Total time for which application threads were stopped: 0,0001108 seconds, Stopping threads took: 0,0000335 seconds
2018-06-19T11:54:38.333+0200: 117,449: Total time for which application threads were stopped: 0,0002882 seconds, Stopping threads took: 0,0002342 seconds
2018-06-19T11:54:46.334+0200: 125,450: Total time for which application threads were stopped: 0,0000826 seconds, Stopping threads took: 0,0000198 seconds
2018-06-19T11:54:52.726+0200: 131,842: Total time for which application threads were stopped: 0,0001090 seconds, Stopping threads took: 0,0000238 seconds
2018-06-19T11:54:53.727+0200: 132,842: Total time for which application threads were stopped: 0,0000969 seconds, Stopping threads took: 0,0000202 seconds
2018-06-19T11:54:53.794+0200: 132,910: Total time for which application threads were stopped: 0,0014699 seconds, Stopping threads took: 0,0013815 seconds
2018-06-19T11:54:53.795+0200: 132,910: Total time for which application threads were stopped: 0,0000790 seconds, Stopping threads took: 0,0000301 seconds
2018-06-19T11:54:53.797+0200: 132,913: Total time for which application threads were stopped: 0,0001093 seconds, Stopping threads took: 0,0000251 seconds
2018-06-19T11:54:53.797+0200: 132,913: Total time for which application threads were stopped: 0,0000735 seconds, Stopping threads took: 0,0000319 seconds
2018-06-19T11:55:23.802+0200: 162,918: Total time for which application threads were stopped: 0,0001233 seconds, Stopping threads took: 0,0000483 seconds
2018-06-19T11:55:27.085+0200: 166,201: Total time for which application threads were stopped: 0,0004356 seconds, Stopping threads took: 0,0000169 seconds
2018-06-19T11:55:27.086+0200: 166,202: Total time for which application threads were stopped: 0,0004284 seconds, Stopping threads took: 0,0000116 seconds
2018-06-19T11:55:27.091+0200: 166,207: Total time for which application threads were stopped: 0,0001003 seconds, Stopping threads took: 0,0000359 seconds
2018-06-19T11:55:27.119+0200: 166,235: Total time for which application threads were stopped: 0,0003021 seconds, Stopping threads took: 0,0002067 seconds
2018-06-19T11:55:27.121+0200: 166,237: Total time for which application threads were stopped: 0,0001311 seconds, Stopping threads took: 0,0000445 seconds
2018-06-19T11:55:27.122+0200: 166,238: Total time for which application threads were stopped: 0,0001873 seconds, Stopping threads took: 0,0001063 seconds
2018-06-19T11:55:27.124+0200: 166,240: Total time for which application threads were stopped: 0,0001168 seconds, Stopping threads took: 0,0000230 seconds
2018-06-19T11:55:27.125+0200: 166,241: Total time for which application threads were stopped: 0,0001262 seconds, Stopping threads took: 0,0000520 seconds
Heap
 par new generation   total 109248K, used 83487K [0x00000000e0000000, 0x00000000e8000000, 0x00000000e8000000)
  eden space 87424K,  71% used [0x00000000e0000000, 0x00000000e3cf2200, 0x00000000e5560000)
  from space 21824K,  96% used [0x00000000e6ab0000, 0x00000000e7f45d30, 0x00000000e8000000)
  to   space 21824K,   0% used [0x00000000e5560000, 0x00000000e5560000, 0x00000000e6ab0000)
 concurrent mark-sweep generation total 393216K, used 9235K [0x00000000e8000000, 0x0000000100000000, 0x0000000100000000)
 Metaspace       used 30236K, capacity 30970K, committed 31100K, reserved 1077248K
  class space    used 3465K, capacity 3681K, committed 3708K, reserved 1048576K
