OpenJDK 64-Bit Server VM (25.171-b11) for linux-amd64 JRE (1.8.0_171-8u171-b11-0ubuntu0.16.04.1-b11), built on Apr 27 2018 17:19:03 by "buildd" with gcc 5.4.0 20160609
Memory: 4k page, physical 7867600k(1043364k free), swap 8076284k(8076284k free)
CommandLine flags: -XX:CMSInitiatingOccupancyFraction=50 -XX:CMSMaxAbortablePrecleanTime=6000 -XX:+CMSParallelRemarkEnabled -XX:+CMSScavengeBeforeRemark -XX:ConcGCThreads=4 -XX:InitialHeapSize=536870912 -XX:MaxHeapSize=536870912 -XX:MaxTenuringThreshold=8 -XX:NewRatio=3 -XX:OldPLABSize=16 -XX:OnOutOfMemoryError=/home/gurnoor/workspace/QTM/solr/bin/oom_solr.sh 8983 /home/gurnoor/workspace/QTM/solr/server/logs -XX:ParallelGCThreads=4 -XX:+ParallelRefProcEnabled -XX:PretenureSizeThreshold=67108864 -XX:+PrintGC -XX:+PrintGCApplicationStoppedTime -XX:+PrintGCDateStamps -XX:+PrintGCDetails -XX:+PrintGCTimeStamps -XX:+PrintHeapAtGC -XX:+PrintTenuringDistribution -XX:SurvivorRatio=4 -XX:TargetSurvivorRatio=90 -XX:ThreadStackSize=256 -XX:+UseCMSInitiatingOccupancyOnly -XX:+UseCompressedClassPointers -XX:+UseCompressedOops -XX:+UseConcMarkSweepGC -XX:+UseParNewGC 
2018-06-19T12:05:35.431+0200: 0,119: Total time for which application threads were stopped: 0,0000805 seconds, Stopping threads took: 0,0000198 seconds
2018-06-19T12:05:35.502+0200: 0,191: Total time for which application threads were stopped: 0,0001338 seconds, Stopping threads took: 0,0000187 seconds
2018-06-19T12:05:35.515+0200: 0,203: Total time for which application threads were stopped: 0,0000825 seconds, Stopping threads took: 0,0000141 seconds
2018-06-19T12:05:35.640+0200: 0,328: Total time for which application threads were stopped: 0,0001866 seconds, Stopping threads took: 0,0000231 seconds
2018-06-19T12:05:35.799+0200: 0,487: Total time for which application threads were stopped: 0,0001423 seconds, Stopping threads took: 0,0000151 seconds
2018-06-19T12:05:35.853+0200: 0,541: Total time for which application threads were stopped: 0,0002102 seconds, Stopping threads took: 0,0000240 seconds
2018-06-19T12:05:35.871+0200: 0,559: Total time for which application threads were stopped: 0,0002031 seconds, Stopping threads took: 0,0000292 seconds
2018-06-19T12:05:36.059+0200: 0,747: Total time for which application threads were stopped: 0,0001930 seconds, Stopping threads took: 0,0000177 seconds
2018-06-19T12:05:36.209+0200: 0,898: Total time for which application threads were stopped: 0,0002370 seconds, Stopping threads took: 0,0000211 seconds
2018-06-19T12:05:36.229+0200: 0,917: Total time for which application threads were stopped: 0,0002384 seconds, Stopping threads took: 0,0000214 seconds
2018-06-19T12:05:36.255+0200: 0,943: Total time for which application threads were stopped: 0,0002556 seconds, Stopping threads took: 0,0000237 seconds
2018-06-19T12:05:36.256+0200: 0,944: Total time for which application threads were stopped: 0,0002058 seconds, Stopping threads took: 0,0000244 seconds
2018-06-19T12:05:36.265+0200: 0,954: Total time for which application threads were stopped: 0,0002365 seconds, Stopping threads took: 0,0000292 seconds
2018-06-19T12:05:36.348+0200: 1,037: Total time for which application threads were stopped: 0,0002746 seconds, Stopping threads took: 0,0000210 seconds
2018-06-19T12:05:36.506+0200: 1,194: Total time for which application threads were stopped: 0,0003329 seconds, Stopping threads took: 0,0000931 seconds
{Heap before GC invocations=0 (full 0):
 par new generation   total 109248K, used 87424K [0x00000000e0000000, 0x00000000e8000000, 0x00000000e8000000)
  eden space 87424K, 100% used [0x00000000e0000000, 0x00000000e5560000, 0x00000000e5560000)
  from space 21824K,   0% used [0x00000000e5560000, 0x00000000e5560000, 0x00000000e6ab0000)
  to   space 21824K,   0% used [0x00000000e6ab0000, 0x00000000e6ab0000, 0x00000000e8000000)
 concurrent mark-sweep generation total 393216K, used 0K [0x00000000e8000000, 0x0000000100000000, 0x0000000100000000)
 Metaspace       used 17904K, capacity 18248K, committed 18304K, reserved 1064960K
  class space    used 2026K, capacity 2166K, committed 2176K, reserved 1048576K
2018-06-19T12:05:36.553+0200: 1,242: [GC (Allocation Failure) 2018-06-19T12:05:36.553+0200: 1,242: [ParNew
Desired survivor size 20112992 bytes, new threshold 8 (max 8)
- age   1:   11536040 bytes,   11536040 total
: 87424K->11366K(109248K), 0,0112723 secs] 87424K->11366K(502464K), 0,0113393 secs] [Times: user=0,03 sys=0,01, real=0,01 secs] 
Heap after GC invocations=1 (full 0):
 par new generation   total 109248K, used 11366K [0x00000000e0000000, 0x00000000e8000000, 0x00000000e8000000)
  eden space 87424K,   0% used [0x00000000e0000000, 0x00000000e0000000, 0x00000000e5560000)
  from space 21824K,  52% used [0x00000000e6ab0000, 0x00000000e75c99b8, 0x00000000e8000000)
  to   space 21824K,   0% used [0x00000000e5560000, 0x00000000e5560000, 0x00000000e6ab0000)
 concurrent mark-sweep generation total 393216K, used 0K [0x00000000e8000000, 0x0000000100000000, 0x0000000100000000)
 Metaspace       used 17904K, capacity 18248K, committed 18304K, reserved 1064960K
  class space    used 2026K, capacity 2166K, committed 2176K, reserved 1048576K
}
2018-06-19T12:05:36.565+0200: 1,253: Total time for which application threads were stopped: 0,0116316 seconds, Stopping threads took: 0,0000710 seconds
2018-06-19T12:05:36.859+0200: 1,547: Total time for which application threads were stopped: 0,0004001 seconds, Stopping threads took: 0,0000851 seconds
{Heap before GC invocations=1 (full 0):
 par new generation   total 109248K, used 98790K [0x00000000e0000000, 0x00000000e8000000, 0x00000000e8000000)
  eden space 87424K, 100% used [0x00000000e0000000, 0x00000000e5560000, 0x00000000e5560000)
  from space 21824K,  52% used [0x00000000e6ab0000, 0x00000000e75c99b8, 0x00000000e8000000)
  to   space 21824K,   0% used [0x00000000e5560000, 0x00000000e5560000, 0x00000000e6ab0000)
 concurrent mark-sweep generation total 393216K, used 0K [0x00000000e8000000, 0x0000000100000000, 0x0000000100000000)
 Metaspace       used 20131K, capacity 20512K, committed 20736K, reserved 1067008K
  class space    used 2302K, capacity 2476K, committed 2560K, reserved 1048576K
2018-06-19T12:05:36.916+0200: 1,604: [GC (Allocation Failure) 2018-06-19T12:05:36.916+0200: 1,604: [ParNew
Desired survivor size 20112992 bytes, new threshold 8 (max 8)
- age   1:    3366416 bytes,    3366416 total
- age   2:    6051336 bytes,    9417752 total
: 98790K->12707K(109248K), 0,0104308 secs] 98790K->12707K(502464K), 0,0105087 secs] [Times: user=0,03 sys=0,00, real=0,01 secs] 
Heap after GC invocations=2 (full 0):
 par new generation   total 109248K, used 12707K [0x00000000e0000000, 0x00000000e8000000, 0x00000000e8000000)
  eden space 87424K,   0% used [0x00000000e0000000, 0x00000000e0000000, 0x00000000e5560000)
  from space 21824K,  58% used [0x00000000e5560000, 0x00000000e61c8fd0, 0x00000000e6ab0000)
  to   space 21824K,   0% used [0x00000000e6ab0000, 0x00000000e6ab0000, 0x00000000e8000000)
 concurrent mark-sweep generation total 393216K, used 0K [0x00000000e8000000, 0x0000000100000000, 0x0000000100000000)
 Metaspace       used 20131K, capacity 20512K, committed 20736K, reserved 1067008K
  class space    used 2302K, capacity 2476K, committed 2560K, reserved 1048576K
}
2018-06-19T12:05:36.926+0200: 1,615: Total time for which application threads were stopped: 0,0107720 seconds, Stopping threads took: 0,0000815 seconds
2018-06-19T12:05:36.928+0200: 1,616: Total time for which application threads were stopped: 0,0003506 seconds, Stopping threads took: 0,0000237 seconds
2018-06-19T12:05:36.971+0200: 1,659: Total time for which application threads were stopped: 0,0004633 seconds, Stopping threads took: 0,0000564 seconds
2018-06-19T12:05:37.085+0200: 1,773: Total time for which application threads were stopped: 0,0002490 seconds, Stopping threads took: 0,0001032 seconds
{Heap before GC invocations=2 (full 0):
 par new generation   total 109248K, used 100131K [0x00000000e0000000, 0x00000000e8000000, 0x00000000e8000000)
  eden space 87424K, 100% used [0x00000000e0000000, 0x00000000e5560000, 0x00000000e5560000)
  from space 21824K,  58% used [0x00000000e5560000, 0x00000000e61c8fd0, 0x00000000e6ab0000)
  to   space 21824K,   0% used [0x00000000e6ab0000, 0x00000000e6ab0000, 0x00000000e8000000)
 concurrent mark-sweep generation total 393216K, used 0K [0x00000000e8000000, 0x0000000100000000, 0x0000000100000000)
 Metaspace       used 21098K, capacity 21440K, committed 21552K, reserved 1069056K
  class space    used 2431K, capacity 2596K, committed 2608K, reserved 1048576K
2018-06-19T12:05:37.155+0200: 1,843: [GC (Allocation Failure) 2018-06-19T12:05:37.155+0200: 1,843: [ParNew
Desired survivor size 20112992 bytes, new threshold 8 (max 8)
- age   1:    2150448 bytes,    2150448 total
- age   2:     933296 bytes,    3083744 total
- age   3:    6049336 bytes,    9133080 total
: 100131K->10528K(109248K), 0,0108283 secs] 100131K->10528K(502464K), 0,0109068 secs] [Times: user=0,04 sys=0,00, real=0,01 secs] 
Heap after GC invocations=3 (full 0):
 par new generation   total 109248K, used 10528K [0x00000000e0000000, 0x00000000e8000000, 0x00000000e8000000)
  eden space 87424K,   0% used [0x00000000e0000000, 0x00000000e0000000, 0x00000000e5560000)
  from space 21824K,  48% used [0x00000000e6ab0000, 0x00000000e74f8200, 0x00000000e8000000)
  to   space 21824K,   0% used [0x00000000e5560000, 0x00000000e5560000, 0x00000000e6ab0000)
 concurrent mark-sweep generation total 393216K, used 0K [0x00000000e8000000, 0x0000000100000000, 0x0000000100000000)
 Metaspace       used 21098K, capacity 21440K, committed 21552K, reserved 1069056K
  class space    used 2431K, capacity 2596K, committed 2608K, reserved 1048576K
}
2018-06-19T12:05:37.166+0200: 1,854: Total time for which application threads were stopped: 0,0111674 seconds, Stopping threads took: 0,0001142 seconds
2018-06-19T12:05:37.168+0200: 1,856: [GC (CMS Initial Mark) [1 CMS-initial-mark: 0K(393216K)] 10544K(502464K), 0,0038164 secs] [Times: user=0,01 sys=0,00, real=0,00 secs] 
2018-06-19T12:05:37.172+0200: 1,860: Total time for which application threads were stopped: 0,0059436 seconds, Stopping threads took: 0,0020154 seconds
2018-06-19T12:05:37.172+0200: 1,860: [CMS-concurrent-mark-start]
2018-06-19T12:05:37.172+0200: 1,861: [CMS-concurrent-mark: 0,001/0,001 secs] [Times: user=0,00 sys=0,00, real=0,01 secs] 
2018-06-19T12:05:37.172+0200: 1,861: [CMS-concurrent-preclean-start]
2018-06-19T12:05:37.174+0200: 1,862: [CMS-concurrent-preclean: 0,001/0,001 secs] [Times: user=0,00 sys=0,01, real=0,00 secs] 
2018-06-19T12:05:37.174+0200: 1,862: [CMS-concurrent-abortable-preclean-start]
2018-06-19T12:05:37.266+0200: 1,955: Total time for which application threads were stopped: 0,0001759 seconds, Stopping threads took: 0,0000847 seconds
{Heap before GC invocations=3 (full 1):
 par new generation   total 109248K, used 97952K [0x00000000e0000000, 0x00000000e8000000, 0x00000000e8000000)
  eden space 87424K, 100% used [0x00000000e0000000, 0x00000000e5560000, 0x00000000e5560000)
  from space 21824K,  48% used [0x00000000e6ab0000, 0x00000000e74f8200, 0x00000000e8000000)
  to   space 21824K,   0% used [0x00000000e5560000, 0x00000000e5560000, 0x00000000e6ab0000)
 concurrent mark-sweep generation total 393216K, used 0K [0x00000000e8000000, 0x0000000100000000, 0x0000000100000000)
 Metaspace       used 21351K, capacity 21775K, committed 21960K, reserved 1069056K
  class space    used 2455K, capacity 2611K, committed 2684K, reserved 1048576K
2018-06-19T12:05:37.314+0200: 2,002: [GC (Allocation Failure) 2018-06-19T12:05:37.314+0200: 2,003: [ParNew
Desired survivor size 20112992 bytes, new threshold 8 (max 8)
- age   1:     690520 bytes,     690520 total
- age   2:    1444520 bytes,    2135040 total
- age   3:     931104 bytes,    3066144 total
- age   4:    6049312 bytes,    9115456 total
: 97952K->14009K(109248K), 0,0138969 secs] 97952K->14009K(502464K), 0,0139686 secs] [Times: user=0,05 sys=0,00, real=0,01 secs] 
Heap after GC invocations=4 (full 1):
 par new generation   total 109248K, used 14009K [0x00000000e0000000, 0x00000000e8000000, 0x00000000e8000000)
  eden space 87424K,   0% used [0x00000000e0000000, 0x00000000e0000000, 0x00000000e5560000)
  from space 21824K,  64% used [0x00000000e5560000, 0x00000000e630e4c0, 0x00000000e6ab0000)
  to   space 21824K,   0% used [0x00000000e6ab0000, 0x00000000e6ab0000, 0x00000000e8000000)
 concurrent mark-sweep generation total 393216K, used 0K [0x00000000e8000000, 0x0000000100000000, 0x0000000100000000)
 Metaspace       used 21351K, capacity 21775K, committed 21960K, reserved 1069056K
  class space    used 2455K, capacity 2611K, committed 2684K, reserved 1048576K
}
2018-06-19T12:05:37.328+0200: 2,016: Total time for which application threads were stopped: 0,0141479 seconds, Stopping threads took: 0,0000249 seconds
2018-06-19T12:05:37.409+0200: 2,097: Total time for which application threads were stopped: 0,0001457 seconds, Stopping threads took: 0,0000514 seconds
2018-06-19T12:05:37.409+0200: 2,097: [CMS-concurrent-abortable-preclean: 0,116/0,235 secs] [Times: user=0,88 sys=0,00, real=0,23 secs] 
2018-06-19T12:05:37.409+0200: 2,097: [GC (CMS Final Remark) [YG occupancy: 101433 K (109248 K)]{Heap before GC invocations=4 (full 1):
 par new generation   total 109248K, used 101433K [0x00000000e0000000, 0x00000000e8000000, 0x00000000e8000000)
  eden space 87424K, 100% used [0x00000000e0000000, 0x00000000e5560000, 0x00000000e5560000)
  from space 21824K,  64% used [0x00000000e5560000, 0x00000000e630e4c0, 0x00000000e6ab0000)
  to   space 21824K,   0% used [0x00000000e6ab0000, 0x00000000e6ab0000, 0x00000000e8000000)
 concurrent mark-sweep generation total 393216K, used 0K [0x00000000e8000000, 0x0000000100000000, 0x0000000100000000)
 Metaspace       used 21539K, capacity 21953K, committed 22216K, reserved 1069056K
  class space    used 2477K, capacity 2646K, committed 2684K, reserved 1048576K
2018-06-19T12:05:37.409+0200: 2,097: [GC (CMS Final Remark) 2018-06-19T12:05:37.409+0200: 2,097: [ParNew
Desired survivor size 20112992 bytes, new threshold 8 (max 8)
- age   1:     292416 bytes,     292416 total
- age   2:     186408 bytes,     478824 total
- age   3:    1444416 bytes,    1923240 total
- age   4:     930992 bytes,    2854232 total
- age   5:    6049872 bytes,    8904104 total
: 101433K->10566K(109248K), 0,0090219 secs] 101433K->10566K(502464K), 0,0090611 secs] [Times: user=0,03 sys=0,00, real=0,01 secs] 
Heap after GC invocations=5 (full 1):
 par new generation   total 109248K, used 10566K [0x00000000e0000000, 0x00000000e8000000, 0x00000000e8000000)
  eden space 87424K,   0% used [0x00000000e0000000, 0x00000000e0000000, 0x00000000e5560000)
  from space 21824K,  48% used [0x00000000e6ab0000, 0x00000000e7501b80, 0x00000000e8000000)
  to   space 21824K,   0% used [0x00000000e5560000, 0x00000000e5560000, 0x00000000e6ab0000)
 concurrent mark-sweep generation total 393216K, used 0K [0x00000000e8000000, 0x0000000100000000, 0x0000000100000000)
 Metaspace       used 21539K, capacity 21953K, committed 22216K, reserved 1069056K
  class space    used 2477K, capacity 2646K, committed 2684K, reserved 1048576K
}
2018-06-19T12:05:37.418+0200: 2,106: [Rescan (parallel) , 0,0037879 secs]2018-06-19T12:05:37.422+0200: 2,110: [weak refs processing, 0,0015509 secs]2018-06-19T12:05:37.423+0200: 2,112: [class unloading, 0,0041305 secs]2018-06-19T12:05:37.427+0200: 2,116: [scrub symbol table, 0,0038276 secs]2018-06-19T12:05:37.431+0200: 2,120: [scrub string table, 0,0004818 secs][1 CMS-remark: 0K(393216K)] 10566K(502464K), 0,0238605 secs] [Times: user=0,06 sys=0,00, real=0,03 secs] 
2018-06-19T12:05:37.433+0200: 2,121: Total time for which application threads were stopped: 0,0239954 seconds, Stopping threads took: 0,0000534 seconds
2018-06-19T12:05:37.433+0200: 2,121: [CMS-concurrent-sweep-start]
2018-06-19T12:05:37.433+0200: 2,121: [CMS-concurrent-sweep: 0,000/0,000 secs] [Times: user=0,00 sys=0,00, real=0,00 secs] 
2018-06-19T12:05:37.433+0200: 2,121: [CMS-concurrent-reset-start]
2018-06-19T12:05:37.436+0200: 2,124: [CMS-concurrent-reset: 0,003/0,003 secs] [Times: user=0,01 sys=0,00, real=0,00 secs] 
2018-06-19T12:05:37.465+0200: 2,154: Total time for which application threads were stopped: 0,0004096 seconds, Stopping threads took: 0,0000556 seconds
2018-06-19T12:05:37.701+0200: 2,389: Total time for which application threads were stopped: 0,0005408 seconds, Stopping threads took: 0,0000256 seconds
2018-06-19T12:05:37.711+0200: 2,400: Total time for which application threads were stopped: 0,0003879 seconds, Stopping threads took: 0,0000461 seconds
{Heap before GC invocations=5 (full 1):
 par new generation   total 109248K, used 97990K [0x00000000e0000000, 0x00000000e8000000, 0x00000000e8000000)
  eden space 87424K, 100% used [0x00000000e0000000, 0x00000000e5560000, 0x00000000e5560000)
  from space 21824K,  48% used [0x00000000e6ab0000, 0x00000000e7501b80, 0x00000000e8000000)
  to   space 21824K,   0% used [0x00000000e5560000, 0x00000000e5560000, 0x00000000e6ab0000)
 concurrent mark-sweep generation total 393216K, used 0K [0x00000000e8000000, 0x0000000100000000, 0x0000000100000000)
 Metaspace       used 25382K, capacity 26011K, committed 26236K, reserved 1073152K
  class space    used 2941K, capacity 3131K, committed 3196K, reserved 1048576K
2018-06-19T12:05:37.996+0200: 2,684: [GC (Allocation Failure) 2018-06-19T12:05:37.996+0200: 2,684: [ParNew
Desired survivor size 20112992 bytes, new threshold 8 (max 8)
- age   1:    5696464 bytes,    5696464 total
- age   2:     133960 bytes,    5830424 total
- age   3:     182336 bytes,    6012760 total
- age   4:     271336 bytes,    6284096 total
- age   5:     906936 bytes,    7191032 total
- age   6:    6042624 bytes,   13233656 total
: 97990K->18944K(109248K), 0,0216975 secs] 97990K->18944K(502464K), 0,0217905 secs] [Times: user=0,07 sys=0,00, real=0,02 secs] 
Heap after GC invocations=6 (full 1):
 par new generation   total 109248K, used 18944K [0x00000000e0000000, 0x00000000e8000000, 0x00000000e8000000)
  eden space 87424K,   0% used [0x00000000e0000000, 0x00000000e0000000, 0x00000000e5560000)
  from space 21824K,  86% used [0x00000000e5560000, 0x00000000e67e01d0, 0x00000000e6ab0000)
  to   space 21824K,   0% used [0x00000000e6ab0000, 0x00000000e6ab0000, 0x00000000e8000000)
 concurrent mark-sweep generation total 393216K, used 0K [0x00000000e8000000, 0x0000000100000000, 0x0000000100000000)
 Metaspace       used 25382K, capacity 26011K, committed 26236K, reserved 1073152K
  class space    used 2941K, capacity 3131K, committed 3196K, reserved 1048576K
}
2018-06-19T12:05:38.017+0200: 2,706: Total time for which application threads were stopped: 0,0225061 seconds, Stopping threads took: 0,0004194 seconds
2018-06-19T12:05:38.124+0200: 2,812: Total time for which application threads were stopped: 0,0004635 seconds, Stopping threads took: 0,0000595 seconds
2018-06-19T12:05:38.144+0200: 2,833: Total time for which application threads were stopped: 0,0004210 seconds, Stopping threads took: 0,0000416 seconds
2018-06-19T12:05:38.205+0200: 2,894: Total time for which application threads were stopped: 0,0005723 seconds, Stopping threads took: 0,0000613 seconds
2018-06-19T12:05:38.333+0200: 3,021: Total time for which application threads were stopped: 0,0028910 seconds, Stopping threads took: 0,0022598 seconds
{Heap before GC invocations=6 (full 1):
 par new generation   total 109248K, used 106368K [0x00000000e0000000, 0x00000000e8000000, 0x00000000e8000000)
  eden space 87424K, 100% used [0x00000000e0000000, 0x00000000e5560000, 0x00000000e5560000)
  from space 21824K,  86% used [0x00000000e5560000, 0x00000000e67e01d0, 0x00000000e6ab0000)
  to   space 21824K,   0% used [0x00000000e6ab0000, 0x00000000e6ab0000, 0x00000000e8000000)
 concurrent mark-sweep generation total 393216K, used 0K [0x00000000e8000000, 0x0000000100000000, 0x0000000100000000)
 Metaspace       used 28103K, capacity 28717K, committed 29052K, reserved 1075200K
  class space    used 3228K, capacity 3428K, committed 3452K, reserved 1048576K
2018-06-19T12:05:38.449+0200: 3,137: [GC (Allocation Failure) 2018-06-19T12:05:38.449+0200: 3,137: [ParNew
Desired survivor size 20112992 bytes, new threshold 7 (max 8)
- age   1:   12682600 bytes,   12682600 total
- age   2:    2117600 bytes,   14800200 total
- age   3:     120120 bytes,   14920320 total
- age   4:     170640 bytes,   15090960 total
- age   5:     262776 bytes,   15353736 total
- age   6:     896984 bytes,   16250720 total
- age   7:    6035816 bytes,   22286536 total
: 106368K->21824K(109248K), 0,0257085 secs] 106368K->23158K(502464K), 0,0257947 secs] [Times: user=0,08 sys=0,02, real=0,03 secs] 
Heap after GC invocations=7 (full 1):
 par new generation   total 109248K, used 21824K [0x00000000e0000000, 0x00000000e8000000, 0x00000000e8000000)
  eden space 87424K,   0% used [0x00000000e0000000, 0x00000000e0000000, 0x00000000e5560000)
  from space 21824K, 100% used [0x00000000e6ab0000, 0x00000000e8000000, 0x00000000e8000000)
  to   space 21824K,   0% used [0x00000000e5560000, 0x00000000e5560000, 0x00000000e6ab0000)
 concurrent mark-sweep generation total 393216K, used 1334K [0x00000000e8000000, 0x0000000100000000, 0x0000000100000000)
 Metaspace       used 28103K, capacity 28717K, committed 29052K, reserved 1075200K
  class space    used 3228K, capacity 3428K, committed 3452K, reserved 1048576K
}
2018-06-19T12:05:38.474+0200: 3,163: Total time for which application threads were stopped: 0,0260681 seconds, Stopping threads took: 0,0000625 seconds
{Heap before GC invocations=7 (full 1):
 par new generation   total 109248K, used 109248K [0x00000000e0000000, 0x00000000e8000000, 0x00000000e8000000)
  eden space 87424K, 100% used [0x00000000e0000000, 0x00000000e5560000, 0x00000000e5560000)
  from space 21824K, 100% used [0x00000000e6ab0000, 0x00000000e8000000, 0x00000000e8000000)
  to   space 21824K,   0% used [0x00000000e5560000, 0x00000000e5560000, 0x00000000e6ab0000)
 concurrent mark-sweep generation total 393216K, used 1334K [0x00000000e8000000, 0x0000000100000000, 0x0000000100000000)
 Metaspace       used 28155K, capacity 28809K, committed 29052K, reserved 1075200K
  class space    used 3230K, capacity 3433K, committed 3452K, reserved 1048576K
2018-06-19T12:05:38.567+0200: 3,255: [GC (Allocation Failure) 2018-06-19T12:05:38.567+0200: 3,255: [ParNew
Desired survivor size 20112992 bytes, new threshold 8 (max 8)
- age   1:    1406072 bytes,    1406072 total
- age   2:   12351760 bytes,   13757832 total
- age   3:    2114984 bytes,   15872816 total
- age   4:     120120 bytes,   15992936 total
- age   5:     170432 bytes,   16163368 total
- age   6:     262776 bytes,   16426144 total
- age   7:     896984 bytes,   17323128 total
: 109248K->21824K(109248K), 0,0529341 secs] 110582K->29123K(502464K), 0,0530303 secs] [Times: user=0,16 sys=0,02, real=0,05 secs] 
Heap after GC invocations=8 (full 1):
 par new generation   total 109248K, used 21824K [0x00000000e0000000, 0x00000000e8000000, 0x00000000e8000000)
  eden space 87424K,   0% used [0x00000000e0000000, 0x00000000e0000000, 0x00000000e5560000)
  from space 21824K, 100% used [0x00000000e5560000, 0x00000000e6ab0000, 0x00000000e6ab0000)
  to   space 21824K,   0% used [0x00000000e6ab0000, 0x00000000e6ab0000, 0x00000000e8000000)
 concurrent mark-sweep generation total 393216K, used 7299K [0x00000000e8000000, 0x0000000100000000, 0x0000000100000000)
 Metaspace       used 28155K, capacity 28809K, committed 29052K, reserved 1075200K
  class space    used 3230K, capacity 3433K, committed 3452K, reserved 1048576K
}
2018-06-19T12:05:38.620+0200: 3,309: Total time for which application threads were stopped: 0,0533284 seconds, Stopping threads took: 0,0000534 seconds
{Heap before GC invocations=8 (full 1):
 par new generation   total 109248K, used 109248K [0x00000000e0000000, 0x00000000e8000000, 0x00000000e8000000)
  eden space 87424K, 100% used [0x00000000e0000000, 0x00000000e5560000, 0x00000000e5560000)
  from space 21824K, 100% used [0x00000000e5560000, 0x00000000e6ab0000, 0x00000000e6ab0000)
  to   space 21824K,   0% used [0x00000000e6ab0000, 0x00000000e6ab0000, 0x00000000e8000000)
 concurrent mark-sweep generation total 393216K, used 7299K [0x00000000e8000000, 0x0000000100000000, 0x0000000100000000)
 Metaspace       used 28236K, capacity 28819K, committed 29052K, reserved 1075200K
  class space    used 3232K, capacity 3435K, committed 3452K, reserved 1048576K
2018-06-19T12:05:38.768+0200: 3,456: [GC (Allocation Failure) 2018-06-19T12:05:38.768+0200: 3,456: [ParNew
Desired survivor size 20112992 bytes, new threshold 8 (max 8)
- age   1:     934344 bytes,     934344 total
- age   2:     153920 bytes,    1088264 total
- age   3:   12351760 bytes,   13440024 total
- age   4:    2114984 bytes,   15555008 total
- age   5:     120120 bytes,   15675128 total
- age   6:     170432 bytes,   15845560 total
- age   7:     262776 bytes,   16108336 total
- age   8:     896984 bytes,   17005320 total
: 109248K->21824K(109248K), 0,0257791 secs] 116547K->29123K(502464K), 0,0258534 secs] [Times: user=0,09 sys=0,00, real=0,03 secs] 
Heap after GC invocations=9 (full 1):
 par new generation   total 109248K, used 21824K [0x00000000e0000000, 0x00000000e8000000, 0x00000000e8000000)
  eden space 87424K,   0% used [0x00000000e0000000, 0x00000000e0000000, 0x00000000e5560000)
  from space 21824K, 100% used [0x00000000e6ab0000, 0x00000000e8000000, 0x00000000e8000000)
  to   space 21824K,   0% used [0x00000000e5560000, 0x00000000e5560000, 0x00000000e6ab0000)
 concurrent mark-sweep generation total 393216K, used 7299K [0x00000000e8000000, 0x0000000100000000, 0x0000000100000000)
 Metaspace       used 28236K, capacity 28819K, committed 29052K, reserved 1075200K
  class space    used 3232K, capacity 3435K, committed 3452K, reserved 1048576K
}
2018-06-19T12:05:38.794+0200: 3,482: Total time for which application threads were stopped: 0,0282239 seconds, Stopping threads took: 0,0021578 seconds
2018-06-19T12:05:39.366+0200: 4,054: Total time for which application threads were stopped: 0,0003421 seconds, Stopping threads took: 0,0000209 seconds
2018-06-19T12:05:46.027+0200: 10,715: Total time for which application threads were stopped: 0,0005995 seconds, Stopping threads took: 0,0000205 seconds
2018-06-19T12:05:46.030+0200: 10,718: Total time for which application threads were stopped: 0,0012660 seconds, Stopping threads took: 0,0000590 seconds
2018-06-19T12:05:46.060+0200: 10,748: Total time for which application threads were stopped: 0,0007629 seconds, Stopping threads took: 0,0006676 seconds
2018-06-19T12:05:46.071+0200: 10,760: Total time for which application threads were stopped: 0,0001705 seconds, Stopping threads took: 0,0000459 seconds
2018-06-19T12:05:46.081+0200: 10,770: Total time for which application threads were stopped: 0,0004364 seconds, Stopping threads took: 0,0002128 seconds
2018-06-19T12:05:46.086+0200: 10,775: Total time for which application threads were stopped: 0,0001775 seconds, Stopping threads took: 0,0000574 seconds
2018-06-19T12:05:46.093+0200: 10,781: Total time for which application threads were stopped: 0,0001429 seconds, Stopping threads took: 0,0000522 seconds
2018-06-19T12:05:46.106+0200: 10,795: Total time for which application threads were stopped: 0,0003554 seconds, Stopping threads took: 0,0002181 seconds
Heap
 par new generation   total 109248K, used 51899K [0x00000000e0000000, 0x00000000e8000000, 0x00000000e8000000)
  eden space 87424K,  34% used [0x00000000e0000000, 0x00000000e1d5ecd8, 0x00000000e5560000)
  from space 21824K, 100% used [0x00000000e6ab0000, 0x00000000e8000000, 0x00000000e8000000)
  to   space 21824K,   0% used [0x00000000e5560000, 0x00000000e5560000, 0x00000000e6ab0000)
 concurrent mark-sweep generation total 393216K, used 7299K [0x00000000e8000000, 0x0000000100000000, 0x0000000100000000)
 Metaspace       used 28545K, capacity 29211K, committed 29436K, reserved 1075200K
  class space    used 3262K, capacity 3481K, committed 3580K, reserved 1048576K
