OpenJDK 64-Bit Server VM (25.162-b12) for linux-amd64 JRE (1.8.0_162-8u162-b12-0ubuntu0.16.04.2-b12), built on Mar 14 2018 12:11:18 by "buildd" with gcc 5.4.0 20160609
Memory: 4k page, physical 7867624k(2983684k free), swap 8076284k(7231520k free)
CommandLine flags: -XX:CMSInitiatingOccupancyFraction=50 -XX:CMSMaxAbortablePrecleanTime=6000 -XX:+CMSParallelRemarkEnabled -XX:+CMSScavengeBeforeRemark -XX:ConcGCThreads=4 -XX:InitialHeapSize=536870912 -XX:MaxHeapSize=536870912 -XX:MaxTenuringThreshold=8 -XX:NewRatio=3 -XX:OldPLABSize=16 -XX:OnOutOfMemoryError=/home/gurnoor/workspace/QTM/solr/bin/oom_solr.sh 8983 /home/gurnoor/workspace/QTM/solr/server/logs -XX:ParallelGCThreads=4 -XX:+ParallelRefProcEnabled -XX:PretenureSizeThreshold=67108864 -XX:+PrintGC -XX:+PrintGCApplicationStoppedTime -XX:+PrintGCDateStamps -XX:+PrintGCDetails -XX:+PrintGCTimeStamps -XX:+PrintHeapAtGC -XX:+PrintTenuringDistribution -XX:SurvivorRatio=4 -XX:TargetSurvivorRatio=90 -XX:ThreadStackSize=256 -XX:+UseCMSInitiatingOccupancyOnly -XX:+UseCompressedClassPointers -XX:+UseCompressedOops -XX:+UseConcMarkSweepGC -XX:+UseParNewGC 
2018-04-06T21:38:11.296+0200: 0,102: Total time for which application threads were stopped: 0,0000672 seconds, Stopping threads took: 0,0000160 seconds
2018-04-06T21:38:11.371+0200: 0,177: Total time for which application threads were stopped: 0,0001327 seconds, Stopping threads took: 0,0000193 seconds
2018-04-06T21:38:11.383+0200: 0,189: Total time for which application threads were stopped: 0,0001373 seconds, Stopping threads took: 0,0000678 seconds
2018-04-06T21:38:11.510+0200: 0,316: Total time for which application threads were stopped: 0,0001603 seconds, Stopping threads took: 0,0000218 seconds
2018-04-06T21:38:11.664+0200: 0,470: Total time for which application threads were stopped: 0,0001272 seconds, Stopping threads took: 0,0000175 seconds
2018-04-06T21:38:11.715+0200: 0,521: Total time for which application threads were stopped: 0,0001436 seconds, Stopping threads took: 0,0000178 seconds
2018-04-06T21:38:11.736+0200: 0,542: Total time for which application threads were stopped: 0,0002352 seconds, Stopping threads took: 0,0000374 seconds
2018-04-06T21:38:11.900+0200: 0,706: Total time for which application threads were stopped: 0,0001842 seconds, Stopping threads took: 0,0000197 seconds
2018-04-06T21:38:12.030+0200: 0,836: Total time for which application threads were stopped: 0,0002733 seconds, Stopping threads took: 0,0000237 seconds
2018-04-06T21:38:12.047+0200: 0,853: Total time for which application threads were stopped: 0,0002006 seconds, Stopping threads took: 0,0000181 seconds
2018-04-06T21:38:12.071+0200: 0,877: Total time for which application threads were stopped: 0,0002189 seconds, Stopping threads took: 0,0000339 seconds
2018-04-06T21:38:12.072+0200: 0,878: Total time for which application threads were stopped: 0,0001726 seconds, Stopping threads took: 0,0000190 seconds
2018-04-06T21:38:12.085+0200: 0,891: Total time for which application threads were stopped: 0,0002404 seconds, Stopping threads took: 0,0000230 seconds
2018-04-06T21:38:12.150+0200: 0,956: Total time for which application threads were stopped: 0,0002551 seconds, Stopping threads took: 0,0000237 seconds
2018-04-06T21:38:12.303+0200: 1,109: Total time for which application threads were stopped: 0,0003737 seconds, Stopping threads took: 0,0001157 seconds
{Heap before GC invocations=0 (full 0):
 par new generation   total 109248K, used 87424K [0x00000000e0000000, 0x00000000e8000000, 0x00000000e8000000)
  eden space 87424K, 100% used [0x00000000e0000000, 0x00000000e5560000, 0x00000000e5560000)
  from space 21824K,   0% used [0x00000000e5560000, 0x00000000e5560000, 0x00000000e6ab0000)
  to   space 21824K,   0% used [0x00000000e6ab0000, 0x00000000e6ab0000, 0x00000000e8000000)
 concurrent mark-sweep generation total 393216K, used 0K [0x00000000e8000000, 0x0000000100000000, 0x0000000100000000)
 Metaspace       used 18133K, capacity 18408K, committed 18688K, reserved 1064960K
  class space    used 2049K, capacity 2198K, committed 2304K, reserved 1048576K
2018-04-06T21:38:12.392+0200: 1,197: [GC (Allocation Failure) 2018-04-06T21:38:12.392+0200: 1,198: [ParNew
Desired survivor size 20112992 bytes, new threshold 8 (max 8)
- age   1:   12564408 bytes,   12564408 total
: 87424K->12389K(109248K), 0,0202697 secs] 87424K->12389K(502464K), 0,0203314 secs] [Times: user=0,04 sys=0,03, real=0,02 secs] 
Heap after GC invocations=1 (full 0):
 par new generation   total 109248K, used 12389K [0x00000000e0000000, 0x00000000e8000000, 0x00000000e8000000)
  eden space 87424K,   0% used [0x00000000e0000000, 0x00000000e0000000, 0x00000000e5560000)
  from space 21824K,  56% used [0x00000000e6ab0000, 0x00000000e76c97f0, 0x00000000e8000000)
  to   space 21824K,   0% used [0x00000000e5560000, 0x00000000e5560000, 0x00000000e6ab0000)
 concurrent mark-sweep generation total 393216K, used 0K [0x00000000e8000000, 0x0000000100000000, 0x0000000100000000)
 Metaspace       used 18133K, capacity 18408K, committed 18688K, reserved 1064960K
  class space    used 2049K, capacity 2198K, committed 2304K, reserved 1048576K
}
2018-04-06T21:38:12.412+0200: 1,218: Total time for which application threads were stopped: 0,0205768 seconds, Stopping threads took: 0,0000232 seconds
2018-04-06T21:38:12.639+0200: 1,445: Total time for which application threads were stopped: 0,0003206 seconds, Stopping threads took: 0,0000602 seconds
2018-04-06T21:38:12.688+0200: 1,494: Total time for which application threads were stopped: 0,0004551 seconds, Stopping threads took: 0,0000896 seconds
{Heap before GC invocations=1 (full 0):
 par new generation   total 109248K, used 99813K [0x00000000e0000000, 0x00000000e8000000, 0x00000000e8000000)
  eden space 87424K, 100% used [0x00000000e0000000, 0x00000000e5560000, 0x00000000e5560000)
  from space 21824K,  56% used [0x00000000e6ab0000, 0x00000000e76c97f0, 0x00000000e8000000)
  to   space 21824K,   0% used [0x00000000e5560000, 0x00000000e5560000, 0x00000000e6ab0000)
 concurrent mark-sweep generation total 393216K, used 0K [0x00000000e8000000, 0x0000000100000000, 0x0000000100000000)
 Metaspace       used 20063K, capacity 20420K, committed 20736K, reserved 1067008K
  class space    used 2296K, capacity 2466K, committed 2560K, reserved 1048576K
2018-04-06T21:38:12.697+0200: 1,503: [GC (Allocation Failure) 2018-04-06T21:38:12.697+0200: 1,503: [ParNew
Desired survivor size 20112992 bytes, new threshold 8 (max 8)
- age   1:    2755816 bytes,    2755816 total
- age   2:    6488792 bytes,    9244608 total
: 99813K->15647K(109248K), 0,0144199 secs] 99813K->15647K(502464K), 0,0145040 secs] [Times: user=0,05 sys=0,01, real=0,02 secs] 
Heap after GC invocations=2 (full 0):
 par new generation   total 109248K, used 15647K [0x00000000e0000000, 0x00000000e8000000, 0x00000000e8000000)
  eden space 87424K,   0% used [0x00000000e0000000, 0x00000000e0000000, 0x00000000e5560000)
  from space 21824K,  71% used [0x00000000e5560000, 0x00000000e64a7c80, 0x00000000e6ab0000)
  to   space 21824K,   0% used [0x00000000e6ab0000, 0x00000000e6ab0000, 0x00000000e8000000)
 concurrent mark-sweep generation total 393216K, used 0K [0x00000000e8000000, 0x0000000100000000, 0x0000000100000000)
 Metaspace       used 20063K, capacity 20420K, committed 20736K, reserved 1067008K
  class space    used 2296K, capacity 2466K, committed 2560K, reserved 1048576K
}
2018-04-06T21:38:12.712+0200: 1,518: Total time for which application threads were stopped: 0,0153929 seconds, Stopping threads took: 0,0007129 seconds
2018-04-06T21:38:12.734+0200: 1,539: Total time for which application threads were stopped: 0,0003658 seconds, Stopping threads took: 0,0000793 seconds
2018-04-06T21:38:12.865+0200: 1,671: Total time for which application threads were stopped: 0,0001586 seconds, Stopping threads took: 0,0000260 seconds
{Heap before GC invocations=2 (full 0):
 par new generation   total 109248K, used 103071K [0x00000000e0000000, 0x00000000e8000000, 0x00000000e8000000)
  eden space 87424K, 100% used [0x00000000e0000000, 0x00000000e5560000, 0x00000000e5560000)
  from space 21824K,  71% used [0x00000000e5560000, 0x00000000e64a7c80, 0x00000000e6ab0000)
  to   space 21824K,   0% used [0x00000000e6ab0000, 0x00000000e6ab0000, 0x00000000e8000000)
 concurrent mark-sweep generation total 393216K, used 0K [0x00000000e8000000, 0x0000000100000000, 0x0000000100000000)
 Metaspace       used 20998K, capacity 21348K, committed 21628K, reserved 1069056K
  class space    used 2425K, capacity 2586K, committed 2684K, reserved 1048576K
2018-04-06T21:38:12.905+0200: 1,711: [GC (Allocation Failure) 2018-04-06T21:38:12.905+0200: 1,711: [ParNew
Desired survivor size 20112992 bytes, new threshold 8 (max 8)
- age   1:    2435616 bytes,    2435616 total
- age   2:     498352 bytes,    2933968 total
- age   3:    6488600 bytes,    9422568 total
: 103071K->10532K(109248K), 0,0093217 secs] 103071K->10532K(502464K), 0,0094088 secs] [Times: user=0,03 sys=0,00, real=0,01 secs] 
Heap after GC invocations=3 (full 0):
 par new generation   total 109248K, used 10532K [0x00000000e0000000, 0x00000000e8000000, 0x00000000e8000000)
  eden space 87424K,   0% used [0x00000000e0000000, 0x00000000e0000000, 0x00000000e5560000)
  from space 21824K,  48% used [0x00000000e6ab0000, 0x00000000e74f9070, 0x00000000e8000000)
  to   space 21824K,   0% used [0x00000000e5560000, 0x00000000e5560000, 0x00000000e6ab0000)
 concurrent mark-sweep generation total 393216K, used 0K [0x00000000e8000000, 0x0000000100000000, 0x0000000100000000)
 Metaspace       used 20998K, capacity 21348K, committed 21628K, reserved 1069056K
  class space    used 2425K, capacity 2586K, committed 2684K, reserved 1048576K
}
2018-04-06T21:38:12.914+0200: 1,720: Total time for which application threads were stopped: 0,0107900 seconds, Stopping threads took: 0,0012356 seconds
2018-04-06T21:38:12.914+0200: 1,720: [GC (CMS Initial Mark) [1 CMS-initial-mark: 0K(393216K)] 11220K(502464K), 0,0027243 secs] [Times: user=0,01 sys=0,00, real=0,00 secs] 
2018-04-06T21:38:12.917+0200: 1,723: Total time for which application threads were stopped: 0,0028748 seconds, Stopping threads took: 0,0000469 seconds
2018-04-06T21:38:12.917+0200: 1,723: [CMS-concurrent-mark-start]
2018-04-06T21:38:12.918+0200: 1,724: [CMS-concurrent-mark: 0,001/0,001 secs] [Times: user=0,00 sys=0,00, real=0,00 secs] 
2018-04-06T21:38:12.918+0200: 1,724: [CMS-concurrent-preclean-start]
2018-04-06T21:38:12.919+0200: 1,725: [CMS-concurrent-preclean: 0,001/0,001 secs] [Times: user=0,01 sys=0,00, real=0,00 secs] 
2018-04-06T21:38:12.919+0200: 1,725: [GC (CMS Final Remark) [YG occupancy: 11978 K (109248 K)]{Heap before GC invocations=3 (full 1):
 par new generation   total 109248K, used 11978K [0x00000000e0000000, 0x00000000e8000000, 0x00000000e8000000)
  eden space 87424K,   1% used [0x00000000e0000000, 0x00000000e01699f8, 0x00000000e5560000)
  from space 21824K,  48% used [0x00000000e6ab0000, 0x00000000e74f9070, 0x00000000e8000000)
  to   space 21824K,   0% used [0x00000000e5560000, 0x00000000e5560000, 0x00000000e6ab0000)
 concurrent mark-sweep generation total 393216K, used 0K [0x00000000e8000000, 0x0000000100000000, 0x0000000100000000)
 Metaspace       used 21004K, capacity 21348K, committed 21628K, reserved 1069056K
  class space    used 2425K, capacity 2586K, committed 2684K, reserved 1048576K
2018-04-06T21:38:12.919+0200: 1,725: [GC (CMS Final Remark) 2018-04-06T21:38:12.919+0200: 1,725: [ParNew
Desired survivor size 20112992 bytes, new threshold 8 (max 8)
- age   1:     339296 bytes,     339296 total
- age   2:    2407712 bytes,    2747008 total
- age   3:     498336 bytes,    3245344 total
- age   4:    6487600 bytes,    9732944 total
: 11978K->13918K(109248K), 0,0110983 secs] 11978K->13918K(502464K), 0,0111454 secs] [Times: user=0,03 sys=0,00, real=0,01 secs] 
Heap after GC invocations=4 (full 1):
 par new generation   total 109248K, used 13918K [0x00000000e0000000, 0x00000000e8000000, 0x00000000e8000000)
  eden space 87424K,   0% used [0x00000000e0000000, 0x00000000e0000000, 0x00000000e5560000)
  from space 21824K,  63% used [0x00000000e5560000, 0x00000000e62f7ab8, 0x00000000e6ab0000)
  to   space 21824K,   0% used [0x00000000e6ab0000, 0x00000000e6ab0000, 0x00000000e8000000)
 concurrent mark-sweep generation total 393216K, used 0K [0x00000000e8000000, 0x0000000100000000, 0x0000000100000000)
 Metaspace       used 21004K, capacity 21348K, committed 21628K, reserved 1069056K
  class space    used 2425K, capacity 2586K, committed 2684K, reserved 1048576K
}
2018-04-06T21:38:12.930+0200: 1,736: [Rescan (parallel) , 0,0030435 secs]2018-04-06T21:38:12.933+0200: 1,739: [weak refs processing, 0,0010386 secs]2018-04-06T21:38:12.935+0200: 1,740: [class unloading, 0,0027540 secs]2018-04-06T21:38:12.937+0200: 1,743: [scrub symbol table, 0,0030797 secs]2018-04-06T21:38:12.940+0200: 1,746: [scrub string table, 0,0003519 secs][1 CMS-remark: 0K(393216K)] 13918K(502464K), 0,0220303 secs] [Times: user=0,05 sys=0,00, real=0,02 secs] 
2018-04-06T21:38:12.941+0200: 1,747: Total time for which application threads were stopped: 0,0221868 seconds, Stopping threads took: 0,0000646 seconds
2018-04-06T21:38:12.943+0200: 1,749: [CMS-concurrent-sweep-start]
2018-04-06T21:38:12.943+0200: 1,749: [CMS-concurrent-sweep: 0,000/0,000 secs] [Times: user=0,00 sys=0,00, real=0,00 secs] 
2018-04-06T21:38:12.943+0200: 1,749: [CMS-concurrent-reset-start]
2018-04-06T21:38:12.948+0200: 1,754: [CMS-concurrent-reset: 0,005/0,005 secs] [Times: user=0,01 sys=0,01, real=0,01 secs] 
{Heap before GC invocations=4 (full 1):
 par new generation   total 109248K, used 101342K [0x00000000e0000000, 0x00000000e8000000, 0x00000000e8000000)
  eden space 87424K, 100% used [0x00000000e0000000, 0x00000000e5560000, 0x00000000e5560000)
  from space 21824K,  63% used [0x00000000e5560000, 0x00000000e62f7ab8, 0x00000000e6ab0000)
  to   space 21824K,   0% used [0x00000000e6ab0000, 0x00000000e6ab0000, 0x00000000e8000000)
 concurrent mark-sweep generation total 393216K, used 0K [0x00000000e8000000, 0x0000000100000000, 0x0000000100000000)
 Metaspace       used 21200K, capacity 21554K, committed 21884K, reserved 1069056K
  class space    used 2448K, capacity 2600K, committed 2684K, reserved 1048576K
2018-04-06T21:38:13.043+0200: 1,849: [GC (Allocation Failure) 2018-04-06T21:38:13.043+0200: 1,849: [ParNew
Desired survivor size 20112992 bytes, new threshold 8 (max 8)
- age   1:    1411248 bytes,    1411248 total
- age   2:       1152 bytes,    1412400 total
- age   3:    1443856 bytes,    2856256 total
- age   4:     494256 bytes,    3350512 total
- age   5:    6487704 bytes,    9838216 total
: 101342K->11105K(109248K), 0,0086673 secs] 101342K->11105K(502464K), 0,0087361 secs] [Times: user=0,03 sys=0,00, real=0,01 secs] 
Heap after GC invocations=5 (full 1):
 par new generation   total 109248K, used 11105K [0x00000000e0000000, 0x00000000e8000000, 0x00000000e8000000)
  eden space 87424K,   0% used [0x00000000e0000000, 0x00000000e0000000, 0x00000000e5560000)
  from space 21824K,  50% used [0x00000000e6ab0000, 0x00000000e7588500, 0x00000000e8000000)
  to   space 21824K,   0% used [0x00000000e5560000, 0x00000000e5560000, 0x00000000e6ab0000)
 concurrent mark-sweep generation total 393216K, used 0K [0x00000000e8000000, 0x0000000100000000, 0x0000000100000000)
 Metaspace       used 21200K, capacity 21554K, committed 21884K, reserved 1069056K
  class space    used 2448K, capacity 2600K, committed 2684K, reserved 1048576K
}
2018-04-06T21:38:13.052+0200: 1,857: Total time for which application threads were stopped: 0,0089886 seconds, Stopping threads took: 0,0000978 seconds
{Heap before GC invocations=5 (full 1):
 par new generation   total 109248K, used 98529K [0x00000000e0000000, 0x00000000e8000000, 0x00000000e8000000)
  eden space 87424K, 100% used [0x00000000e0000000, 0x00000000e5560000, 0x00000000e5560000)
  from space 21824K,  50% used [0x00000000e6ab0000, 0x00000000e7588500, 0x00000000e8000000)
  to   space 21824K,   0% used [0x00000000e5560000, 0x00000000e5560000, 0x00000000e6ab0000)
 concurrent mark-sweep generation total 393216K, used 0K [0x00000000e8000000, 0x0000000100000000, 0x0000000100000000)
 Metaspace       used 21486K, capacity 21860K, committed 22140K, reserved 1069056K
  class space    used 2482K, capacity 2635K, committed 2684K, reserved 1048576K
2018-04-06T21:38:13.148+0200: 1,954: [GC (Allocation Failure) 2018-04-06T21:38:13.148+0200: 1,954: [ParNew
Desired survivor size 20112992 bytes, new threshold 8 (max 8)
- age   1:     501552 bytes,     501552 total
- age   2:     188792 bytes,     690344 total
- age   3:       1152 bytes,     691496 total
- age   4:    1054296 bytes,    1745792 total
- age   5:     492160 bytes,    2237952 total
- age   6:    6487776 bytes,    8725728 total
: 98529K->10742K(109248K), 0,0091089 secs] 98529K->10742K(502464K), 0,0091918 secs] [Times: user=0,03 sys=0,00, real=0,00 secs] 
Heap after GC invocations=6 (full 1):
 par new generation   total 109248K, used 10742K [0x00000000e0000000, 0x00000000e8000000, 0x00000000e8000000)
  eden space 87424K,   0% used [0x00000000e0000000, 0x00000000e0000000, 0x00000000e5560000)
  from space 21824K,  49% used [0x00000000e5560000, 0x00000000e5fdd870, 0x00000000e6ab0000)
  to   space 21824K,   0% used [0x00000000e6ab0000, 0x00000000e6ab0000, 0x00000000e8000000)
 concurrent mark-sweep generation total 393216K, used 0K [0x00000000e8000000, 0x0000000100000000, 0x0000000100000000)
 Metaspace       used 21486K, capacity 21860K, committed 22140K, reserved 1069056K
  class space    used 2482K, capacity 2635K, committed 2684K, reserved 1048576K
}
2018-04-06T21:38:13.157+0200: 1,963: Total time for which application threads were stopped: 0,0093952 seconds, Stopping threads took: 0,0000276 seconds
2018-04-06T21:38:13.169+0200: 1,975: Total time for which application threads were stopped: 0,0002863 seconds, Stopping threads took: 0,0000178 seconds
2018-04-06T21:38:13.432+0200: 2,238: Total time for which application threads were stopped: 0,0005558 seconds, Stopping threads took: 0,0000332 seconds
2018-04-06T21:38:13.445+0200: 2,251: Total time for which application threads were stopped: 0,0003889 seconds, Stopping threads took: 0,0000463 seconds
{Heap before GC invocations=6 (full 1):
 par new generation   total 109248K, used 97917K [0x00000000e0000000, 0x00000000e8000000, 0x00000000e8000000)
  eden space 87424K,  99% used [0x00000000e0000000, 0x00000000e5521ca0, 0x00000000e5560000)
  from space 21824K,  49% used [0x00000000e5560000, 0x00000000e5fdd870, 0x00000000e6ab0000)
  to   space 21824K,   0% used [0x00000000e6ab0000, 0x00000000e6ab0000, 0x00000000e8000000)
 concurrent mark-sweep generation total 393216K, used 0K [0x00000000e8000000, 0x0000000100000000, 0x0000000100000000)
 Metaspace       used 25465K, capacity 26014K, committed 26236K, reserved 1073152K
  class space    used 2950K, capacity 3152K, committed 3196K, reserved 1048576K
2018-04-06T21:38:13.722+0200: 2,528: [GC (Allocation Failure) 2018-04-06T21:38:13.722+0200: 2,528: [ParNew
Desired survivor size 20112992 bytes, new threshold 8 (max 8)
- age   1:    9569544 bytes,    9569544 total
- age   2:     185976 bytes,    9755520 total
- age   3:     183256 bytes,    9938776 total
- age   4:       1152 bytes,    9939928 total
- age   5:     271840 bytes,   10211768 total
- age   6:     472048 bytes,   10683816 total
- age   7:    6480464 bytes,   17164280 total
: 97917K->21824K(109248K), 0,0239929 secs] 97917K->21824K(502464K), 0,0240675 secs] [Times: user=0,07 sys=0,01, real=0,02 secs] 
Heap after GC invocations=7 (full 1):
 par new generation   total 109248K, used 21824K [0x00000000e0000000, 0x00000000e8000000, 0x00000000e8000000)
  eden space 87424K,   0% used [0x00000000e0000000, 0x00000000e0000000, 0x00000000e5560000)
  from space 21824K, 100% used [0x00000000e6ab0000, 0x00000000e8000000, 0x00000000e8000000)
  to   space 21824K,   0% used [0x00000000e5560000, 0x00000000e5560000, 0x00000000e6ab0000)
 concurrent mark-sweep generation total 393216K, used 0K [0x00000000e8000000, 0x0000000100000000, 0x0000000100000000)
 Metaspace       used 25465K, capacity 26014K, committed 26236K, reserved 1073152K
  class space    used 2950K, capacity 3152K, committed 3196K, reserved 1048576K
}
2018-04-06T21:38:13.747+0200: 2,552: Total time for which application threads were stopped: 0,0243397 seconds, Stopping threads took: 0,0000457 seconds
2018-04-06T21:38:13.807+0200: 2,613: Total time for which application threads were stopped: 0,0004780 seconds, Stopping threads took: 0,0000355 seconds
2018-04-06T21:38:13.820+0200: 2,626: Total time for which application threads were stopped: 0,0004290 seconds, Stopping threads took: 0,0000252 seconds
2018-04-06T21:38:13.890+0200: 2,696: Total time for which application threads were stopped: 0,0003934 seconds, Stopping threads took: 0,0000270 seconds
2018-04-06T21:38:13.988+0200: 2,794: Total time for which application threads were stopped: 0,0004835 seconds, Stopping threads took: 0,0000818 seconds
{Heap before GC invocations=7 (full 1):
 par new generation   total 109248K, used 109248K [0x00000000e0000000, 0x00000000e8000000, 0x00000000e8000000)
  eden space 87424K, 100% used [0x00000000e0000000, 0x00000000e5560000, 0x00000000e5560000)
  from space 21824K, 100% used [0x00000000e6ab0000, 0x00000000e8000000, 0x00000000e8000000)
  to   space 21824K,   0% used [0x00000000e5560000, 0x00000000e5560000, 0x00000000e6ab0000)
 concurrent mark-sweep generation total 393216K, used 0K [0x00000000e8000000, 0x0000000100000000, 0x0000000100000000)
 Metaspace       used 28002K, capacity 28618K, committed 28796K, reserved 1075200K
  class space    used 3220K, capacity 3416K, committed 3452K, reserved 1048576K
2018-04-06T21:38:14.174+0200: 2,980: [GC (Allocation Failure) 2018-04-06T21:38:14.174+0200: 2,980: [ParNew
Desired survivor size 20112992 bytes, new threshold 8 (max 8)
- age   1:    9189512 bytes,    9189512 total
- age   2:    5460704 bytes,   14650216 total
- age   3:     185328 bytes,   14835544 total
- age   4:     174968 bytes,   15010512 total
- age   5:       1136 bytes,   15011648 total
- age   6:     267888 bytes,   15279536 total
- age   7:     449816 bytes,   15729352 total
- age   8:    6463176 bytes,   22192528 total
: 109248K->21824K(109248K), 0,0410451 secs] 109248K->23203K(502464K), 0,0411252 secs] [Times: user=0,15 sys=0,01, real=0,04 secs] 
Heap after GC invocations=8 (full 1):
 par new generation   total 109248K, used 21824K [0x00000000e0000000, 0x00000000e8000000, 0x00000000e8000000)
  eden space 87424K,   0% used [0x00000000e0000000, 0x00000000e0000000, 0x00000000e5560000)
  from space 21824K, 100% used [0x00000000e5560000, 0x00000000e6ab0000, 0x00000000e6ab0000)
  to   space 21824K,   0% used [0x00000000e6ab0000, 0x00000000e6ab0000, 0x00000000e8000000)
 concurrent mark-sweep generation total 393216K, used 1379K [0x00000000e8000000, 0x0000000100000000, 0x0000000100000000)
 Metaspace       used 28002K, capacity 28618K, committed 28796K, reserved 1075200K
  class space    used 3220K, capacity 3416K, committed 3452K, reserved 1048576K
}
2018-04-06T21:38:14.215+0200: 3,021: Total time for which application threads were stopped: 0,0413847 seconds, Stopping threads took: 0,0000526 seconds
{Heap before GC invocations=8 (full 1):
 par new generation   total 109248K, used 109248K [0x00000000e0000000, 0x00000000e8000000, 0x00000000e8000000)
  eden space 87424K, 100% used [0x00000000e0000000, 0x00000000e5560000, 0x00000000e5560000)
  from space 21824K, 100% used [0x00000000e5560000, 0x00000000e6ab0000, 0x00000000e6ab0000)
  to   space 21824K,   0% used [0x00000000e6ab0000, 0x00000000e6ab0000, 0x00000000e8000000)
 concurrent mark-sweep generation total 393216K, used 1379K [0x00000000e8000000, 0x0000000100000000, 0x0000000100000000)
 Metaspace       used 28025K, capacity 28650K, committed 28796K, reserved 1075200K
  class space    used 3223K, capacity 3422K, committed 3452K, reserved 1048576K
2018-04-06T21:38:14.289+0200: 3,095: [GC (Allocation Failure) 2018-04-06T21:38:14.289+0200: 3,095: [ParNew
Desired survivor size 20112992 bytes, new threshold 8 (max 8)
- age   1:    1330904 bytes,    1330904 total
- age   2:    7490280 bytes,    8821184 total
- age   3:    5460664 bytes,   14281848 total
- age   4:     185328 bytes,   14467176 total
- age   5:     174864 bytes,   14642040 total
- age   6:       1136 bytes,   14643176 total
- age   7:     267784 bytes,   14910960 total
- age   8:     449816 bytes,   15360776 total
: 109248K->21824K(109248K), 0,0347247 secs] 110627K->29589K(502464K), 0,0348379 secs] [Times: user=0,13 sys=0,00, real=0,03 secs] 
Heap after GC invocations=9 (full 1):
 par new generation   total 109248K, used 21824K [0x00000000e0000000, 0x00000000e8000000, 0x00000000e8000000)
  eden space 87424K,   0% used [0x00000000e0000000, 0x00000000e0000000, 0x00000000e5560000)
  from space 21824K, 100% used [0x00000000e6ab0000, 0x00000000e8000000, 0x00000000e8000000)
  to   space 21824K,   0% used [0x00000000e5560000, 0x00000000e5560000, 0x00000000e6ab0000)
 concurrent mark-sweep generation total 393216K, used 7765K [0x00000000e8000000, 0x0000000100000000, 0x0000000100000000)
 Metaspace       used 28025K, capacity 28650K, committed 28796K, reserved 1075200K
  class space    used 3223K, capacity 3422K, committed 3452K, reserved 1048576K
}
2018-04-06T21:38:14.324+0200: 3,130: Total time for which application threads were stopped: 0,0351561 seconds, Stopping threads took: 0,0000693 seconds
{Heap before GC invocations=9 (full 1):
 par new generation   total 109248K, used 109248K [0x00000000e0000000, 0x00000000e8000000, 0x00000000e8000000)
  eden space 87424K, 100% used [0x00000000e0000000, 0x00000000e5560000, 0x00000000e5560000)
  from space 21824K, 100% used [0x00000000e6ab0000, 0x00000000e8000000, 0x00000000e8000000)
  to   space 21824K,   0% used [0x00000000e5560000, 0x00000000e5560000, 0x00000000e6ab0000)
 concurrent mark-sweep generation total 393216K, used 7765K [0x00000000e8000000, 0x0000000100000000, 0x0000000100000000)
 Metaspace       used 28205K, capacity 28878K, committed 29052K, reserved 1075200K
  class space    used 3232K, capacity 3433K, committed 3452K, reserved 1048576K
2018-04-06T21:38:14.493+0200: 3,299: [GC (Allocation Failure) 2018-04-06T21:38:14.493+0200: 3,299: [ParNew
Desired survivor size 20112992 bytes, new threshold 8 (max 8)
- age   1:    1187464 bytes,    1187464 total
- age   2:     161768 bytes,    1349232 total
- age   3:    7486408 bytes,    8835640 total
- age   4:    5460432 bytes,   14296072 total
- age   5:     185328 bytes,   14481400 total
- age   6:     174864 bytes,   14656264 total
- age   7:       1136 bytes,   14657400 total
- age   8:     267784 bytes,   14925184 total
: 109248K->19614K(109248K), 0,0275923 secs] 117013K->27831K(502464K), 0,0276826 secs] [Times: user=0,10 sys=0,00, real=0,03 secs] 
Heap after GC invocations=10 (full 1):
 par new generation   total 109248K, used 19614K [0x00000000e0000000, 0x00000000e8000000, 0x00000000e8000000)
  eden space 87424K,   0% used [0x00000000e0000000, 0x00000000e0000000, 0x00000000e5560000)
  from space 21824K,  89% used [0x00000000e5560000, 0x00000000e6887940, 0x00000000e6ab0000)
  to   space 21824K,   0% used [0x00000000e6ab0000, 0x00000000e6ab0000, 0x00000000e8000000)
 concurrent mark-sweep generation total 393216K, used 8217K [0x00000000e8000000, 0x0000000100000000, 0x0000000100000000)
 Metaspace       used 28205K, capacity 28878K, committed 29052K, reserved 1075200K
  class space    used 3232K, capacity 3433K, committed 3452K, reserved 1048576K
}
2018-04-06T21:38:14.520+0200: 3,326: Total time for which application threads were stopped: 0,0280932 seconds, Stopping threads took: 0,0001240 seconds
2018-04-06T21:38:15.244+0200: 4,050: Total time for which application threads were stopped: 0,0007476 seconds, Stopping threads took: 0,0000362 seconds
2018-04-06T21:38:17.843+0200: 6,649: Total time for which application threads were stopped: 0,0000754 seconds, Stopping threads took: 0,0000190 seconds
2018-04-06T21:38:17.846+0200: 6,652: Total time for which application threads were stopped: 0,0000688 seconds, Stopping threads took: 0,0000145 seconds
2018-04-06T21:38:17.864+0200: 6,669: Total time for which application threads were stopped: 0,0003794 seconds, Stopping threads took: 0,0000157 seconds
2018-04-06T21:38:17.877+0200: 6,683: Total time for which application threads were stopped: 0,0000832 seconds, Stopping threads took: 0,0000261 seconds
2018-04-06T21:38:17.877+0200: 6,683: Total time for which application threads were stopped: 0,0000467 seconds, Stopping threads took: 0,0000166 seconds
2018-04-06T21:38:17.938+0200: 6,744: Total time for which application threads were stopped: 0,0001398 seconds, Stopping threads took: 0,0000345 seconds
2018-04-06T21:38:17.944+0200: 6,750: Total time for which application threads were stopped: 0,0005656 seconds, Stopping threads took: 0,0001326 seconds
2018-04-06T21:38:18.020+0200: 6,826: Total time for which application threads were stopped: 0,0001366 seconds, Stopping threads took: 0,0000438 seconds
2018-04-06T21:38:18.025+0200: 6,831: Total time for which application threads were stopped: 0,0001425 seconds, Stopping threads took: 0,0000676 seconds
2018-04-06T21:38:18.046+0200: 6,852: Total time for which application threads were stopped: 0,0000968 seconds, Stopping threads took: 0,0000291 seconds
2018-04-06T21:38:18.414+0200: 7,220: Total time for which application threads were stopped: 0,0004346 seconds, Stopping threads took: 0,0000159 seconds
2018-04-06T21:38:18.418+0200: 7,224: Total time for which application threads were stopped: 0,0001062 seconds, Stopping threads took: 0,0000270 seconds
2018-04-06T21:38:18.419+0200: 7,225: Total time for which application threads were stopped: 0,0001284 seconds, Stopping threads took: 0,0000642 seconds
2018-04-06T21:38:18.438+0200: 7,244: Total time for which application threads were stopped: 0,0002128 seconds, Stopping threads took: 0,0000929 seconds
2018-04-06T21:38:18.439+0200: 7,245: Total time for which application threads were stopped: 0,0001012 seconds, Stopping threads took: 0,0000343 seconds
2018-04-06T21:38:18.444+0200: 7,250: Total time for which application threads were stopped: 0,0042675 seconds, Stopping threads took: 0,0041788 seconds
2018-04-06T21:38:18.446+0200: 7,252: Total time for which application threads were stopped: 0,0001364 seconds, Stopping threads took: 0,0000665 seconds
2018-04-06T21:38:18.451+0200: 7,257: Total time for which application threads were stopped: 0,0035041 seconds, Stopping threads took: 0,0034156 seconds
2018-04-06T21:38:18.456+0200: 7,262: Total time for which application threads were stopped: 0,0001571 seconds, Stopping threads took: 0,0000758 seconds
Heap
 par new generation   total 109248K, used 68880K [0x00000000e0000000, 0x00000000e8000000, 0x00000000e8000000)
  eden space 87424K,  56% used [0x00000000e0000000, 0x00000000e301ca20, 0x00000000e5560000)
  from space 21824K,  89% used [0x00000000e5560000, 0x00000000e6887940, 0x00000000e6ab0000)
  to   space 21824K,   0% used [0x00000000e6ab0000, 0x00000000e6ab0000, 0x00000000e8000000)
 concurrent mark-sweep generation total 393216K, used 8217K [0x00000000e8000000, 0x0000000100000000, 0x0000000100000000)
 Metaspace       used 29763K, capacity 30410K, committed 30588K, reserved 1077248K
  class space    used 3434K, capacity 3665K, committed 3708K, reserved 1048576K
