OpenJDK 64-Bit Server VM (25.171-b11) for linux-amd64 JRE (1.8.0_171-8u171-b11-0ubuntu0.16.04.1-b11), built on Apr 27 2018 17:19:03 by "buildd" with gcc 5.4.0 20160609
Memory: 4k page, physical 7867600k(822680k free), swap 8076284k(7966068k free)
CommandLine flags: -XX:CMSInitiatingOccupancyFraction=50 -XX:CMSMaxAbortablePrecleanTime=6000 -XX:+CMSParallelRemarkEnabled -XX:+CMSScavengeBeforeRemark -XX:ConcGCThreads=4 -XX:InitialHeapSize=536870912 -XX:MaxHeapSize=536870912 -XX:MaxTenuringThreshold=8 -XX:NewRatio=3 -XX:OldPLABSize=16 -XX:OnOutOfMemoryError=/home/gurnoor/workspace/QTM/solr/bin/oom_solr.sh 8983 /home/gurnoor/workspace/QTM/solr/server/logs -XX:ParallelGCThreads=4 -XX:+ParallelRefProcEnabled -XX:PretenureSizeThreshold=67108864 -XX:+PrintGC -XX:+PrintGCApplicationStoppedTime -XX:+PrintGCDateStamps -XX:+PrintGCDetails -XX:+PrintGCTimeStamps -XX:+PrintHeapAtGC -XX:+PrintTenuringDistribution -XX:SurvivorRatio=4 -XX:TargetSurvivorRatio=90 -XX:ThreadStackSize=256 -XX:+UseCMSInitiatingOccupancyOnly -XX:+UseCompressedClassPointers -XX:+UseCompressedOops -XX:+UseConcMarkSweepGC -XX:+UseParNewGC 
2018-06-19T15:52:59.197+0200: 0,110: Total time for which application threads were stopped: 0,0000703 seconds, Stopping threads took: 0,0000140 seconds
2018-06-19T15:52:59.263+0200: 0,176: Total time for which application threads were stopped: 0,0001126 seconds, Stopping threads took: 0,0000179 seconds
2018-06-19T15:52:59.272+0200: 0,186: Total time for which application threads were stopped: 0,0000889 seconds, Stopping threads took: 0,0000227 seconds
2018-06-19T15:52:59.433+0200: 0,347: Total time for which application threads were stopped: 0,0001497 seconds, Stopping threads took: 0,0000210 seconds
2018-06-19T15:52:59.700+0200: 0,613: Total time for which application threads were stopped: 0,0001400 seconds, Stopping threads took: 0,0000150 seconds
2018-06-19T15:52:59.749+0200: 0,662: Total time for which application threads were stopped: 0,0001597 seconds, Stopping threads took: 0,0000175 seconds
2018-06-19T15:52:59.764+0200: 0,677: Total time for which application threads were stopped: 0,0001893 seconds, Stopping threads took: 0,0000215 seconds
2018-06-19T15:52:59.960+0200: 0,874: Total time for which application threads were stopped: 0,0001939 seconds, Stopping threads took: 0,0000170 seconds
2018-06-19T15:53:00.117+0200: 1,030: Total time for which application threads were stopped: 0,0002455 seconds, Stopping threads took: 0,0000237 seconds
2018-06-19T15:53:00.137+0200: 1,051: Total time for which application threads were stopped: 0,0001885 seconds, Stopping threads took: 0,0000162 seconds
2018-06-19T15:53:00.161+0200: 1,074: Total time for which application threads were stopped: 0,0002745 seconds, Stopping threads took: 0,0000467 seconds
2018-06-19T15:53:00.162+0200: 1,076: Total time for which application threads were stopped: 0,0002303 seconds, Stopping threads took: 0,0000253 seconds
2018-06-19T15:53:00.175+0200: 1,088: Total time for which application threads were stopped: 0,0002151 seconds, Stopping threads took: 0,0000237 seconds
2018-06-19T15:53:00.248+0200: 1,161: Total time for which application threads were stopped: 0,0002652 seconds, Stopping threads took: 0,0000246 seconds
2018-06-19T15:53:00.404+0200: 1,318: Total time for which application threads were stopped: 0,0003017 seconds, Stopping threads took: 0,0000571 seconds
{Heap before GC invocations=0 (full 0):
 par new generation   total 109248K, used 87424K [0x00000000e0000000, 0x00000000e8000000, 0x00000000e8000000)
  eden space 87424K, 100% used [0x00000000e0000000, 0x00000000e5560000, 0x00000000e5560000)
  from space 21824K,   0% used [0x00000000e5560000, 0x00000000e5560000, 0x00000000e6ab0000)
  to   space 21824K,   0% used [0x00000000e6ab0000, 0x00000000e6ab0000, 0x00000000e8000000)
 concurrent mark-sweep generation total 393216K, used 0K [0x00000000e8000000, 0x0000000100000000, 0x0000000100000000)
 Metaspace       used 17832K, capacity 18184K, committed 18304K, reserved 1064960K
  class space    used 2024K, capacity 2166K, committed 2176K, reserved 1048576K
2018-06-19T15:53:00.434+0200: 1,348: [GC (Allocation Failure) 2018-06-19T15:53:00.434+0200: 1,348: [ParNew
Desired survivor size 20112992 bytes, new threshold 8 (max 8)
- age   1:   11420200 bytes,   11420200 total
: 87424K->11259K(109248K), 0,0106987 secs] 87424K->11259K(502464K), 0,0107621 secs] [Times: user=0,03 sys=0,01, real=0,01 secs] 
Heap after GC invocations=1 (full 0):
 par new generation   total 109248K, used 11259K [0x00000000e0000000, 0x00000000e8000000, 0x00000000e8000000)
  eden space 87424K,   0% used [0x00000000e0000000, 0x00000000e0000000, 0x00000000e5560000)
  from space 21824K,  51% used [0x00000000e6ab0000, 0x00000000e75aef68, 0x00000000e8000000)
  to   space 21824K,   0% used [0x00000000e5560000, 0x00000000e5560000, 0x00000000e6ab0000)
 concurrent mark-sweep generation total 393216K, used 0K [0x00000000e8000000, 0x0000000100000000, 0x0000000100000000)
 Metaspace       used 17832K, capacity 18184K, committed 18304K, reserved 1064960K
  class space    used 2024K, capacity 2166K, committed 2176K, reserved 1048576K
}
2018-06-19T15:53:00.445+0200: 1,358: Total time for which application threads were stopped: 0,0122877 seconds, Stopping threads took: 0,0013379 seconds
2018-06-19T15:53:00.770+0200: 1,683: Total time for which application threads were stopped: 0,0003485 seconds, Stopping threads took: 0,0000537 seconds
2018-06-19T15:53:00.817+0200: 1,730: Total time for which application threads were stopped: 0,0013542 seconds, Stopping threads took: 0,0010682 seconds
{Heap before GC invocations=1 (full 0):
 par new generation   total 109248K, used 98683K [0x00000000e0000000, 0x00000000e8000000, 0x00000000e8000000)
  eden space 87424K, 100% used [0x00000000e0000000, 0x00000000e5560000, 0x00000000e5560000)
  from space 21824K,  51% used [0x00000000e6ab0000, 0x00000000e75aef68, 0x00000000e8000000)
  to   space 21824K,   0% used [0x00000000e5560000, 0x00000000e5560000, 0x00000000e6ab0000)
 concurrent mark-sweep generation total 393216K, used 0K [0x00000000e8000000, 0x0000000100000000, 0x0000000100000000)
 Metaspace       used 20082K, capacity 20422K, committed 20736K, reserved 1067008K
  class space    used 2297K, capacity 2467K, committed 2560K, reserved 1048576K
2018-06-19T15:53:00.830+0200: 1,743: [GC (Allocation Failure) 2018-06-19T15:53:00.830+0200: 1,743: [ParNew
Desired survivor size 20112992 bytes, new threshold 8 (max 8)
- age   1:    3511248 bytes,    3511248 total
- age   2:    5941176 bytes,    9452424 total
: 98683K->12481K(109248K), 0,0098940 secs] 98683K->12481K(502464K), 0,0099652 secs] [Times: user=0,03 sys=0,01, real=0,01 secs] 
Heap after GC invocations=2 (full 0):
 par new generation   total 109248K, used 12481K [0x00000000e0000000, 0x00000000e8000000, 0x00000000e8000000)
  eden space 87424K,   0% used [0x00000000e0000000, 0x00000000e0000000, 0x00000000e5560000)
  from space 21824K,  57% used [0x00000000e5560000, 0x00000000e61906a0, 0x00000000e6ab0000)
  to   space 21824K,   0% used [0x00000000e6ab0000, 0x00000000e6ab0000, 0x00000000e8000000)
 concurrent mark-sweep generation total 393216K, used 0K [0x00000000e8000000, 0x0000000100000000, 0x0000000100000000)
 Metaspace       used 20082K, capacity 20422K, committed 20736K, reserved 1067008K
  class space    used 2297K, capacity 2467K, committed 2560K, reserved 1048576K
}
2018-06-19T15:53:00.840+0200: 1,753: Total time for which application threads were stopped: 0,0101820 seconds, Stopping threads took: 0,0000947 seconds
2018-06-19T15:53:00.874+0200: 1,788: Total time for which application threads were stopped: 0,0003564 seconds, Stopping threads took: 0,0000333 seconds
2018-06-19T15:53:01.044+0200: 1,958: Total time for which application threads were stopped: 0,0002368 seconds, Stopping threads took: 0,0000497 seconds
{Heap before GC invocations=2 (full 0):
 par new generation   total 109248K, used 99905K [0x00000000e0000000, 0x00000000e8000000, 0x00000000e8000000)
  eden space 87424K, 100% used [0x00000000e0000000, 0x00000000e5560000, 0x00000000e5560000)
  from space 21824K,  57% used [0x00000000e5560000, 0x00000000e61906a0, 0x00000000e6ab0000)
  to   space 21824K,   0% used [0x00000000e6ab0000, 0x00000000e6ab0000, 0x00000000e8000000)
 concurrent mark-sweep generation total 393216K, used 0K [0x00000000e8000000, 0x0000000100000000, 0x0000000100000000)
 Metaspace       used 21014K, capacity 21344K, committed 21628K, reserved 1069056K
  class space    used 2419K, capacity 2586K, committed 2684K, reserved 1048576K
2018-06-19T15:53:01.102+0200: 2,015: [GC (Allocation Failure) 2018-06-19T15:53:01.102+0200: 2,015: [ParNew
Desired survivor size 20112992 bytes, new threshold 8 (max 8)
- age   1:    2125776 bytes,    2125776 total
- age   2:    1032448 bytes,    3158224 total
- age   3:    5939312 bytes,    9097536 total
: 99905K->11800K(109248K), 0,0212719 secs] 99905K->11800K(502464K), 0,0213578 secs] [Times: user=0,08 sys=0,01, real=0,03 secs] 
Heap after GC invocations=3 (full 0):
 par new generation   total 109248K, used 11800K [0x00000000e0000000, 0x00000000e8000000, 0x00000000e8000000)
  eden space 87424K,   0% used [0x00000000e0000000, 0x00000000e0000000, 0x00000000e5560000)
  from space 21824K,  54% used [0x00000000e6ab0000, 0x00000000e76361a0, 0x00000000e8000000)
  to   space 21824K,   0% used [0x00000000e5560000, 0x00000000e5560000, 0x00000000e6ab0000)
 concurrent mark-sweep generation total 393216K, used 0K [0x00000000e8000000, 0x0000000100000000, 0x0000000100000000)
 Metaspace       used 21014K, capacity 21344K, committed 21628K, reserved 1069056K
  class space    used 2419K, capacity 2586K, committed 2684K, reserved 1048576K
}
2018-06-19T15:53:01.123+0200: 2,037: Total time for which application threads were stopped: 0,0217235 seconds, Stopping threads took: 0,0002234 seconds
2018-06-19T15:53:01.133+0200: 2,046: [GC (CMS Initial Mark) [1 CMS-initial-mark: 0K(393216K)] 21737K(502464K), 0,0112972 secs] [Times: user=0,03 sys=0,00, real=0,01 secs] 
2018-06-19T15:53:01.144+0200: 2,057: Total time for which application threads were stopped: 0,0133755 seconds, Stopping threads took: 0,0017517 seconds
2018-06-19T15:53:01.144+0200: 2,057: [CMS-concurrent-mark-start]
2018-06-19T15:53:01.147+0200: 2,060: [CMS-concurrent-mark: 0,003/0,003 secs] [Times: user=0,01 sys=0,00, real=0,00 secs] 
2018-06-19T15:53:01.147+0200: 2,061: [CMS-concurrent-preclean-start]
2018-06-19T15:53:01.148+0200: 2,062: [CMS-concurrent-preclean: 0,001/0,001 secs] [Times: user=0,01 sys=0,00, real=0,00 secs] 
2018-06-19T15:53:01.148+0200: 2,062: [CMS-concurrent-abortable-preclean-start]
2018-06-19T15:53:01.243+0200: 2,156: Total time for which application threads were stopped: 0,0001696 seconds, Stopping threads took: 0,0000728 seconds
{Heap before GC invocations=3 (full 1):
 par new generation   total 109248K, used 99224K [0x00000000e0000000, 0x00000000e8000000, 0x00000000e8000000)
  eden space 87424K, 100% used [0x00000000e0000000, 0x00000000e5560000, 0x00000000e5560000)
  from space 21824K,  54% used [0x00000000e6ab0000, 0x00000000e76361a0, 0x00000000e8000000)
  to   space 21824K,   0% used [0x00000000e5560000, 0x00000000e5560000, 0x00000000e6ab0000)
 concurrent mark-sweep generation total 393216K, used 0K [0x00000000e8000000, 0x0000000100000000, 0x0000000100000000)
 Metaspace       used 21282K, capacity 21681K, committed 21884K, reserved 1069056K
  class space    used 2448K, capacity 2601K, committed 2684K, reserved 1048576K
2018-06-19T15:53:01.327+0200: 2,240: [GC (Allocation Failure) 2018-06-19T15:53:01.327+0200: 2,240: [ParNew
Desired survivor size 20112992 bytes, new threshold 8 (max 8)
- age   1:    1033416 bytes,    1033416 total
- age   2:    1460232 bytes,    2493648 total
- age   3:    1028776 bytes,    3522424 total
- age   4:    5939504 bytes,    9461928 total
: 99224K->10446K(109248K), 0,0135614 secs] 99224K->10446K(502464K), 0,0136329 secs] [Times: user=0,03 sys=0,00, real=0,01 secs] 
Heap after GC invocations=4 (full 1):
 par new generation   total 109248K, used 10446K [0x00000000e0000000, 0x00000000e8000000, 0x00000000e8000000)
  eden space 87424K,   0% used [0x00000000e0000000, 0x00000000e0000000, 0x00000000e5560000)
  from space 21824K,  47% used [0x00000000e5560000, 0x00000000e5f938c0, 0x00000000e6ab0000)
  to   space 21824K,   0% used [0x00000000e6ab0000, 0x00000000e6ab0000, 0x00000000e8000000)
 concurrent mark-sweep generation total 393216K, used 0K [0x00000000e8000000, 0x0000000100000000, 0x0000000100000000)
 Metaspace       used 21282K, capacity 21681K, committed 21884K, reserved 1069056K
  class space    used 2448K, capacity 2601K, committed 2684K, reserved 1048576K
}
2018-06-19T15:53:01.341+0200: 2,254: Total time for which application threads were stopped: 0,0171064 seconds, Stopping threads took: 0,0033326 seconds
{Heap before GC invocations=4 (full 1):
 par new generation   total 109248K, used 97870K [0x00000000e0000000, 0x00000000e8000000, 0x00000000e8000000)
  eden space 87424K, 100% used [0x00000000e0000000, 0x00000000e5560000, 0x00000000e5560000)
  from space 21824K,  47% used [0x00000000e5560000, 0x00000000e5f938c0, 0x00000000e6ab0000)
  to   space 21824K,   0% used [0x00000000e6ab0000, 0x00000000e6ab0000, 0x00000000e8000000)
 concurrent mark-sweep generation total 393216K, used 0K [0x00000000e8000000, 0x0000000100000000, 0x0000000100000000)
 Metaspace       used 21508K, capacity 21853K, committed 21960K, reserved 1069056K
  class space    used 2476K, capacity 2635K, committed 2684K, reserved 1048576K
2018-06-19T15:53:01.461+0200: 2,375: [GC (Allocation Failure) 2018-06-19T15:53:01.461+0200: 2,375: [ParNew
Desired survivor size 20112992 bytes, new threshold 8 (max 8)
- age   1:    1132704 bytes,    1132704 total
- age   2:     189000 bytes,    1321704 total
- age   3:    1458752 bytes,    2780456 total
- age   4:    1028664 bytes,    3809120 total
- age   5:    5939616 bytes,    9748736 total
: 97870K->14158K(109248K), 0,0121765 secs] 97870K->14158K(502464K), 0,0123441 secs] [Times: user=0,03 sys=0,01, real=0,02 secs] 
Heap after GC invocations=5 (full 1):
 par new generation   total 109248K, used 14158K [0x00000000e0000000, 0x00000000e8000000, 0x00000000e8000000)
  eden space 87424K,   0% used [0x00000000e0000000, 0x00000000e0000000, 0x00000000e5560000)
  from space 21824K,  64% used [0x00000000e6ab0000, 0x00000000e7883b08, 0x00000000e8000000)
  to   space 21824K,   0% used [0x00000000e5560000, 0x00000000e5560000, 0x00000000e6ab0000)
 concurrent mark-sweep generation total 393216K, used 0K [0x00000000e8000000, 0x0000000100000000, 0x0000000100000000)
 Metaspace       used 21508K, capacity 21853K, committed 21960K, reserved 1069056K
  class space    used 2476K, capacity 2635K, committed 2684K, reserved 1048576K
}
2018-06-19T15:53:01.474+0200: 2,387: Total time for which application threads were stopped: 0,0127031 seconds, Stopping threads took: 0,0000887 seconds
2018-06-19T15:53:01.474+0200: 2,387: [CMS-concurrent-abortable-preclean: 0,232/0,326 secs] [Times: user=1,11 sys=0,02, real=0,33 secs] 
2018-06-19T15:53:01.479+0200: 2,392: [GC (CMS Final Remark) [YG occupancy: 17893 K (109248 K)]{Heap before GC invocations=5 (full 1):
 par new generation   total 109248K, used 17893K [0x00000000e0000000, 0x00000000e8000000, 0x00000000e8000000)
  eden space 87424K,   4% used [0x00000000e0000000, 0x00000000e03a5c10, 0x00000000e5560000)
  from space 21824K,  64% used [0x00000000e6ab0000, 0x00000000e7883b08, 0x00000000e8000000)
  to   space 21824K,   0% used [0x00000000e5560000, 0x00000000e5560000, 0x00000000e6ab0000)
 concurrent mark-sweep generation total 393216K, used 0K [0x00000000e8000000, 0x0000000100000000, 0x0000000100000000)
 Metaspace       used 21518K, capacity 21853K, committed 21960K, reserved 1069056K
  class space    used 2479K, capacity 2635K, committed 2684K, reserved 1048576K
2018-06-19T15:53:01.479+0200: 2,392: [GC (CMS Final Remark) 2018-06-19T15:53:01.479+0200: 2,392: [ParNew
Desired survivor size 20112992 bytes, new threshold 8 (max 8)
- age   1:     175096 bytes,     175096 total
- age   2:     297016 bytes,     472112 total
- age   3:     189000 bytes,     661112 total
- age   4:    1458752 bytes,    2119864 total
- age   5:    1028664 bytes,    3148528 total
- age   6:    5939296 bytes,    9087824 total
: 17893K->11185K(109248K), 0,0097584 secs] 17893K->11185K(502464K), 0,0099011 secs] [Times: user=0,04 sys=0,00, real=0,01 secs] 
Heap after GC invocations=6 (full 1):
 par new generation   total 109248K, used 11185K [0x00000000e0000000, 0x00000000e8000000, 0x00000000e8000000)
  eden space 87424K,   0% used [0x00000000e0000000, 0x00000000e0000000, 0x00000000e5560000)
  from space 21824K,  51% used [0x00000000e5560000, 0x00000000e604c540, 0x00000000e6ab0000)
  to   space 21824K,   0% used [0x00000000e6ab0000, 0x00000000e6ab0000, 0x00000000e8000000)
 concurrent mark-sweep generation total 393216K, used 0K [0x00000000e8000000, 0x0000000100000000, 0x0000000100000000)
 Metaspace       used 21518K, capacity 21853K, committed 21960K, reserved 1069056K
  class space    used 2479K, capacity 2635K, committed 2684K, reserved 1048576K
}
2018-06-19T15:53:01.489+0200: 2,402: [Rescan (parallel) , 0,0053395 secs]2018-06-19T15:53:01.494+0200: 2,408: [weak refs processing, 0,0029186 secs]2018-06-19T15:53:01.497+0200: 2,411: [class unloading, 0,0030559 secs]2018-06-19T15:53:01.500+0200: 2,414: [scrub symbol table, 0,0027333 secs]2018-06-19T15:53:01.503+0200: 2,416: [scrub string table, 0,0004130 secs][1 CMS-remark: 0K(393216K)] 11185K(502464K), 0,0252445 secs] [Times: user=0,06 sys=0,00, real=0,03 secs] 
2018-06-19T15:53:01.504+0200: 2,417: Total time for which application threads were stopped: 0,0275857 seconds, Stopping threads took: 0,0022453 seconds
2018-06-19T15:53:01.504+0200: 2,418: [CMS-concurrent-sweep-start]
2018-06-19T15:53:01.504+0200: 2,418: [CMS-concurrent-sweep: 0,000/0,000 secs] [Times: user=0,00 sys=0,00, real=0,00 secs] 
2018-06-19T15:53:01.504+0200: 2,418: [CMS-concurrent-reset-start]
2018-06-19T15:53:01.512+0200: 2,425: [CMS-concurrent-reset: 0,007/0,007 secs] [Times: user=0,03 sys=0,01, real=0,01 secs] 
2018-06-19T15:53:01.536+0200: 2,450: Total time for which application threads were stopped: 0,0017901 seconds, Stopping threads took: 0,0001943 seconds
2018-06-19T15:53:01.878+0200: 2,792: Total time for which application threads were stopped: 0,0007220 seconds, Stopping threads took: 0,0001260 seconds
2018-06-19T15:53:01.897+0200: 2,810: Total time for which application threads were stopped: 0,0004202 seconds, Stopping threads took: 0,0000776 seconds
{Heap before GC invocations=6 (full 1):
 par new generation   total 109248K, used 98609K [0x00000000e0000000, 0x00000000e8000000, 0x00000000e8000000)
  eden space 87424K, 100% used [0x00000000e0000000, 0x00000000e5560000, 0x00000000e5560000)
  from space 21824K,  51% used [0x00000000e5560000, 0x00000000e604c540, 0x00000000e6ab0000)
  to   space 21824K,   0% used [0x00000000e6ab0000, 0x00000000e6ab0000, 0x00000000e8000000)
 concurrent mark-sweep generation total 393216K, used 0K [0x00000000e8000000, 0x0000000100000000, 0x0000000100000000)
 Metaspace       used 25487K, capacity 26073K, committed 26236K, reserved 1073152K
  class space    used 2950K, capacity 3153K, committed 3196K, reserved 1048576K
2018-06-19T15:53:02.237+0200: 3,151: [GC (Allocation Failure) 2018-06-19T15:53:02.237+0200: 3,151: [ParNew
Desired survivor size 20112992 bytes, new threshold 8 (max 8)
- age   1:    8450624 bytes,    8450624 total
- age   2:       3224 bytes,    8453848 total
- age   3:     157728 bytes,    8611576 total
- age   4:     185432 bytes,    8797008 total
- age   5:     285816 bytes,    9082824 total
- age   6:    1004712 bytes,   10087536 total
- age   7:    5932320 bytes,   16019856 total
: 98609K->20135K(109248K), 0,0187743 secs] 98609K->20135K(502464K), 0,0188460 secs] [Times: user=0,06 sys=0,00, real=0,02 secs] 
Heap after GC invocations=7 (full 1):
 par new generation   total 109248K, used 20135K [0x00000000e0000000, 0x00000000e8000000, 0x00000000e8000000)
  eden space 87424K,   0% used [0x00000000e0000000, 0x00000000e0000000, 0x00000000e5560000)
  from space 21824K,  92% used [0x00000000e6ab0000, 0x00000000e7e59f20, 0x00000000e8000000)
  to   space 21824K,   0% used [0x00000000e5560000, 0x00000000e5560000, 0x00000000e6ab0000)
 concurrent mark-sweep generation total 393216K, used 0K [0x00000000e8000000, 0x0000000100000000, 0x0000000100000000)
 Metaspace       used 25487K, capacity 26073K, committed 26236K, reserved 1073152K
  class space    used 2950K, capacity 3153K, committed 3196K, reserved 1048576K
}
2018-06-19T15:53:02.256+0200: 3,170: Total time for which application threads were stopped: 0,0192985 seconds, Stopping threads took: 0,0000509 seconds
2018-06-19T15:53:02.359+0200: 3,272: Total time for which application threads were stopped: 0,0005916 seconds, Stopping threads took: 0,0000510 seconds
2018-06-19T15:53:02.382+0200: 3,295: Total time for which application threads were stopped: 0,0006357 seconds, Stopping threads took: 0,0000760 seconds
2018-06-19T15:53:02.452+0200: 3,366: Total time for which application threads were stopped: 0,0021621 seconds, Stopping threads took: 0,0015724 seconds
2018-06-19T15:53:02.571+0200: 3,484: Total time for which application threads were stopped: 0,0011999 seconds, Stopping threads took: 0,0006557 seconds
{Heap before GC invocations=7 (full 1):
 par new generation   total 109248K, used 107559K [0x00000000e0000000, 0x00000000e8000000, 0x00000000e8000000)
  eden space 87424K, 100% used [0x00000000e0000000, 0x00000000e5560000, 0x00000000e5560000)
  from space 21824K,  92% used [0x00000000e6ab0000, 0x00000000e7e59f20, 0x00000000e8000000)
  to   space 21824K,   0% used [0x00000000e5560000, 0x00000000e5560000, 0x00000000e6ab0000)
 concurrent mark-sweep generation total 393216K, used 0K [0x00000000e8000000, 0x0000000100000000, 0x0000000100000000)
 Metaspace       used 27840K, capacity 28459K, committed 28796K, reserved 1075200K
  class space    used 3206K, capacity 3386K, committed 3452K, reserved 1048576K
2018-06-19T15:53:02.695+0200: 3,608: [GC (Allocation Failure) 2018-06-19T15:53:02.695+0200: 3,608: [ParNew
Desired survivor size 20112992 bytes, new threshold 8 (max 8)
- age   1:    9322304 bytes,    9322304 total
- age   2:    4951832 bytes,   14274136 total
- age   3:       3224 bytes,   14277360 total
- age   4:     156056 bytes,   14433416 total
- age   5:     185256 bytes,   14618672 total
- age   6:     285224 bytes,   14903896 total
- age   7:     996320 bytes,   15900216 total
- age   8:    5925624 bytes,   21825840 total
: 107559K->21824K(109248K), 0,0409222 secs] 107559K->22984K(502464K), 0,0410222 secs] [Times: user=0,14 sys=0,01, real=0,04 secs] 
Heap after GC invocations=8 (full 1):
 par new generation   total 109248K, used 21824K [0x00000000e0000000, 0x00000000e8000000, 0x00000000e8000000)
  eden space 87424K,   0% used [0x00000000e0000000, 0x00000000e0000000, 0x00000000e5560000)
  from space 21824K, 100% used [0x00000000e5560000, 0x00000000e6ab0000, 0x00000000e6ab0000)
  to   space 21824K,   0% used [0x00000000e6ab0000, 0x00000000e6ab0000, 0x00000000e8000000)
 concurrent mark-sweep generation total 393216K, used 1160K [0x00000000e8000000, 0x0000000100000000, 0x0000000100000000)
 Metaspace       used 27840K, capacity 28459K, committed 28796K, reserved 1075200K
  class space    used 3206K, capacity 3386K, committed 3452K, reserved 1048576K
}
2018-06-19T15:53:02.736+0200: 3,649: Total time for which application threads were stopped: 0,0413183 seconds, Stopping threads took: 0,0000594 seconds
{Heap before GC invocations=8 (full 1):
 par new generation   total 109248K, used 109248K [0x00000000e0000000, 0x00000000e8000000, 0x00000000e8000000)
  eden space 87424K, 100% used [0x00000000e0000000, 0x00000000e5560000, 0x00000000e5560000)
  from space 21824K, 100% used [0x00000000e5560000, 0x00000000e6ab0000, 0x00000000e6ab0000)
  to   space 21824K,   0% used [0x00000000e6ab0000, 0x00000000e6ab0000, 0x00000000e8000000)
 concurrent mark-sweep generation total 393216K, used 1160K [0x00000000e8000000, 0x0000000100000000, 0x0000000100000000)
 Metaspace       used 27874K, capacity 28465K, committed 28796K, reserved 1075200K
  class space    used 3206K, capacity 3387K, committed 3452K, reserved 1048576K
2018-06-19T15:53:02.812+0200: 3,726: [GC (Allocation Failure) 2018-06-19T15:53:02.812+0200: 3,726: [ParNew
Desired survivor size 20112992 bytes, new threshold 8 (max 8)
- age   1:    1681768 bytes,    1681768 total
- age   2:    7613824 bytes,    9295592 total
- age   3:    4951792 bytes,   14247384 total
- age   4:       3224 bytes,   14250608 total
- age   5:     156056 bytes,   14406664 total
- age   6:     185152 bytes,   14591816 total
- age   7:     285224 bytes,   14877040 total
- age   8:     996320 bytes,   15873360 total
: 109248K->19422K(109248K), 0,0680567 secs] 110408K->26444K(502464K), 0,0681890 secs] [Times: user=0,21 sys=0,00, real=0,06 secs] 
Heap after GC invocations=9 (full 1):
 par new generation   total 109248K, used 19422K [0x00000000e0000000, 0x00000000e8000000, 0x00000000e8000000)
  eden space 87424K,   0% used [0x00000000e0000000, 0x00000000e0000000, 0x00000000e5560000)
  from space 21824K,  88% used [0x00000000e6ab0000, 0x00000000e7da79c0, 0x00000000e8000000)
  to   space 21824K,   0% used [0x00000000e5560000, 0x00000000e5560000, 0x00000000e6ab0000)
 concurrent mark-sweep generation total 393216K, used 7021K [0x00000000e8000000, 0x0000000100000000, 0x0000000100000000)
 Metaspace       used 27874K, capacity 28465K, committed 28796K, reserved 1075200K
  class space    used 3206K, capacity 3387K, committed 3452K, reserved 1048576K
}
2018-06-19T15:53:02.881+0200: 3,794: Total time for which application threads were stopped: 0,0685936 seconds, Stopping threads took: 0,0001057 seconds
{Heap before GC invocations=9 (full 1):
 par new generation   total 109248K, used 106846K [0x00000000e0000000, 0x00000000e8000000, 0x00000000e8000000)
  eden space 87424K, 100% used [0x00000000e0000000, 0x00000000e5560000, 0x00000000e5560000)
  from space 21824K,  88% used [0x00000000e6ab0000, 0x00000000e7da79c0, 0x00000000e8000000)
  to   space 21824K,   0% used [0x00000000e5560000, 0x00000000e5560000, 0x00000000e6ab0000)
 concurrent mark-sweep generation total 393216K, used 7021K [0x00000000e8000000, 0x0000000100000000, 0x0000000100000000)
 Metaspace       used 27927K, capacity 28501K, committed 28796K, reserved 1075200K
  class space    used 3210K, capacity 3394K, committed 3452K, reserved 1048576K
2018-06-19T15:53:02.958+0200: 3,872: [GC (Allocation Failure) 2018-06-19T15:53:02.958+0200: 3,872: [ParNew
Desired survivor size 20112992 bytes, new threshold 8 (max 8)
- age   1:     785880 bytes,     785880 total
- age   2:    1120624 bytes,    1906504 total
- age   3:    7613824 bytes,    9520328 total
- age   4:    4984576 bytes,   14504904 total
- age   5:       3224 bytes,   14508128 total
- age   6:     156056 bytes,   14664184 total
- age   7:     185048 bytes,   14849232 total
- age   8:     285224 bytes,   15134456 total
: 106846K->21824K(109248K), 0,0320066 secs] 113868K->29831K(502464K), 0,0320778 secs] [Times: user=0,11 sys=0,01, real=0,03 secs] 
Heap after GC invocations=10 (full 1):
 par new generation   total 109248K, used 21824K [0x00000000e0000000, 0x00000000e8000000, 0x00000000e8000000)
  eden space 87424K,   0% used [0x00000000e0000000, 0x00000000e0000000, 0x00000000e5560000)
  from space 21824K, 100% used [0x00000000e5560000, 0x00000000e6ab0000, 0x00000000e6ab0000)
  to   space 21824K,   0% used [0x00000000e6ab0000, 0x00000000e6ab0000, 0x00000000e8000000)
 concurrent mark-sweep generation total 393216K, used 8007K [0x00000000e8000000, 0x0000000100000000, 0x0000000100000000)
 Metaspace       used 27927K, capacity 28501K, committed 28796K, reserved 1075200K
  class space    used 3210K, capacity 3394K, committed 3452K, reserved 1048576K
}
2018-06-19T15:53:02.990+0200: 3,904: Total time for which application threads were stopped: 0,0376371 seconds, Stopping threads took: 0,0053708 seconds
{Heap before GC invocations=10 (full 1):
 par new generation   total 109248K, used 109248K [0x00000000e0000000, 0x00000000e8000000, 0x00000000e8000000)
  eden space 87424K, 100% used [0x00000000e0000000, 0x00000000e5560000, 0x00000000e5560000)
  from space 21824K, 100% used [0x00000000e5560000, 0x00000000e6ab0000, 0x00000000e6ab0000)
  to   space 21824K,   0% used [0x00000000e6ab0000, 0x00000000e6ab0000, 0x00000000e8000000)
 concurrent mark-sweep generation total 393216K, used 8007K [0x00000000e8000000, 0x0000000100000000, 0x0000000100000000)
 Metaspace       used 27952K, capacity 28571K, committed 28796K, reserved 1075200K
  class space    used 3211K, capacity 3395K, committed 3452K, reserved 1048576K
2018-06-19T15:53:03.077+0200: 3,990: [GC (Allocation Failure) 2018-06-19T15:53:03.077+0200: 3,990: [ParNew
Desired survivor size 20112992 bytes, new threshold 8 (max 8)
- age   1:     783088 bytes,     783088 total
- age   2:     370416 bytes,    1153504 total
- age   3:     732576 bytes,    1886080 total
- age   4:    7613824 bytes,    9499904 total
- age   5:    4951736 bytes,   14451640 total
- age   6:       3224 bytes,   14454864 total
- age   7:     155952 bytes,   14610816 total
- age   8:     185048 bytes,   14795864 total
: 109248K->19301K(109248K), 0,0328543 secs] 117255K->27594K(502464K), 0,0329346 secs] [Times: user=0,12 sys=0,00, real=0,03 secs] 
Heap after GC invocations=11 (full 1):
 par new generation   total 109248K, used 19301K [0x00000000e0000000, 0x00000000e8000000, 0x00000000e8000000)
  eden space 87424K,   0% used [0x00000000e0000000, 0x00000000e0000000, 0x00000000e5560000)
  from space 21824K,  88% used [0x00000000e6ab0000, 0x00000000e7d89680, 0x00000000e8000000)
  to   space 21824K,   0% used [0x00000000e5560000, 0x00000000e5560000, 0x00000000e6ab0000)
 concurrent mark-sweep generation total 393216K, used 8292K [0x00000000e8000000, 0x0000000100000000, 0x0000000100000000)
 Metaspace       used 27952K, capacity 28571K, committed 28796K, reserved 1075200K
  class space    used 3211K, capacity 3395K, committed 3452K, reserved 1048576K
}
2018-06-19T15:53:03.110+0200: 4,023: Total time for which application threads were stopped: 0,0332320 seconds, Stopping threads took: 0,0000973 seconds
2018-06-19T15:53:03.147+0200: 4,061: Total time for which application threads were stopped: 0,0030088 seconds, Stopping threads took: 0,0026383 seconds
2018-06-19T15:53:03.223+0200: 4,137: Total time for which application threads were stopped: 0,0002813 seconds, Stopping threads took: 0,0001216 seconds
2018-06-19T15:53:03.225+0200: 4,138: Total time for which application threads were stopped: 0,0007049 seconds, Stopping threads took: 0,0005592 seconds
2018-06-19T15:53:03.239+0200: 4,152: Total time for which application threads were stopped: 0,0002423 seconds, Stopping threads took: 0,0000908 seconds
2018-06-19T15:53:03.248+0200: 4,162: Total time for which application threads were stopped: 0,0002658 seconds, Stopping threads took: 0,0001144 seconds
2018-06-19T15:53:03.265+0200: 4,179: Total time for which application threads were stopped: 0,0002299 seconds, Stopping threads took: 0,0000702 seconds
2018-06-19T15:53:03.276+0200: 4,189: Total time for which application threads were stopped: 0,0001936 seconds, Stopping threads took: 0,0000685 seconds
2018-06-19T15:53:03.291+0200: 4,204: Total time for which application threads were stopped: 0,0012259 seconds, Stopping threads took: 0,0010578 seconds
2018-06-19T15:53:03.292+0200: 4,205: Total time for which application threads were stopped: 0,0009434 seconds, Stopping threads took: 0,0008361 seconds
2018-06-19T15:53:03.292+0200: 4,206: Total time for which application threads were stopped: 0,0000882 seconds, Stopping threads took: 0,0000266 seconds
2018-06-19T15:53:03.328+0200: 4,242: Total time for which application threads were stopped: 0,0006781 seconds, Stopping threads took: 0,0005421 seconds
2018-06-19T15:53:03.330+0200: 4,243: Total time for which application threads were stopped: 0,0001937 seconds, Stopping threads took: 0,0000873 seconds
2018-06-19T15:53:03.331+0200: 4,244: Total time for which application threads were stopped: 0,0001688 seconds, Stopping threads took: 0,0000657 seconds
2018-06-19T15:53:03.400+0200: 4,314: Total time for which application threads were stopped: 0,0001132 seconds, Stopping threads took: 0,0000241 seconds
2018-06-19T15:53:03.400+0200: 4,314: Total time for which application threads were stopped: 0,0000466 seconds, Stopping threads took: 0,0000171 seconds
2018-06-19T15:53:03.401+0200: 4,314: Total time for which application threads were stopped: 0,0000384 seconds, Stopping threads took: 0,0000143 seconds
2018-06-19T15:53:03.810+0200: 4,723: Total time for which application threads were stopped: 0,0001225 seconds, Stopping threads took: 0,0000448 seconds
2018-06-19T15:53:03.825+0200: 4,738: Total time for which application threads were stopped: 0,0000914 seconds, Stopping threads took: 0,0000216 seconds
2018-06-19T15:53:03.873+0200: 4,786: Total time for which application threads were stopped: 0,0004726 seconds, Stopping threads took: 0,0000309 seconds
2018-06-19T15:53:03.893+0200: 4,806: Total time for which application threads were stopped: 0,0000853 seconds, Stopping threads took: 0,0000173 seconds
2018-06-19T15:53:03.893+0200: 4,806: Total time for which application threads were stopped: 0,0000440 seconds, Stopping threads took: 0,0000090 seconds
2018-06-19T15:53:03.918+0200: 4,832: Total time for which application threads were stopped: 0,0001241 seconds, Stopping threads took: 0,0000225 seconds
2018-06-19T15:53:03.922+0200: 4,835: Total time for which application threads were stopped: 0,0001430 seconds, Stopping threads took: 0,0000313 seconds
2018-06-19T15:53:03.922+0200: 4,836: Total time for which application threads were stopped: 0,0001282 seconds, Stopping threads took: 0,0000270 seconds
2018-06-19T15:53:03.923+0200: 4,836: Total time for which application threads were stopped: 0,0001358 seconds, Stopping threads took: 0,0000421 seconds
2018-06-19T15:53:03.923+0200: 4,836: Total time for which application threads were stopped: 0,0001318 seconds, Stopping threads took: 0,0000624 seconds
2018-06-19T15:53:03.925+0200: 4,839: Total time for which application threads were stopped: 0,0001183 seconds, Stopping threads took: 0,0000330 seconds
2018-06-19T15:53:03.945+0200: 4,858: Total time for which application threads were stopped: 0,0005893 seconds, Stopping threads took: 0,0004138 seconds
2018-06-19T15:53:03.946+0200: 4,859: Total time for which application threads were stopped: 0,0004635 seconds, Stopping threads took: 0,0002854 seconds
2018-06-19T15:53:04.012+0200: 4,925: Total time for which application threads were stopped: 0,0009028 seconds, Stopping threads took: 0,0001623 seconds
2018-06-19T15:53:04.015+0200: 4,928: Total time for which application threads were stopped: 0,0028930 seconds, Stopping threads took: 0,0022842 seconds
2018-06-19T15:53:04.032+0200: 4,946: Total time for which application threads were stopped: 0,0006737 seconds, Stopping threads took: 0,0005423 seconds
2018-06-19T15:53:04.033+0200: 4,946: Total time for which application threads were stopped: 0,0002448 seconds, Stopping threads took: 0,0000312 seconds
2018-06-19T15:53:04.035+0200: 4,948: Total time for which application threads were stopped: 0,0002034 seconds, Stopping threads took: 0,0001247 seconds
2018-06-19T15:53:04.035+0200: 4,949: Total time for which application threads were stopped: 0,0001486 seconds, Stopping threads took: 0,0000717 seconds
2018-06-19T15:53:04.035+0200: 4,949: Total time for which application threads were stopped: 0,0002036 seconds, Stopping threads took: 0,0000699 seconds
2018-06-19T15:53:04.036+0200: 4,949: Total time for which application threads were stopped: 0,0001115 seconds, Stopping threads took: 0,0000494 seconds
2018-06-19T15:53:05.036+0200: 5,949: Total time for which application threads were stopped: 0,0001138 seconds, Stopping threads took: 0,0000209 seconds
2018-06-19T15:53:06.653+0200: 7,566: Total time for which application threads were stopped: 0,0007406 seconds, Stopping threads took: 0,0006383 seconds
2018-06-19T15:53:16.191+0200: 17,105: Total time for which application threads were stopped: 0,0005411 seconds, Stopping threads took: 0,0000363 seconds
2018-06-19T15:53:16.193+0200: 17,106: Total time for which application threads were stopped: 0,0005206 seconds, Stopping threads took: 0,0000289 seconds
2018-06-19T15:53:16.209+0200: 17,122: Total time for which application threads were stopped: 0,0001935 seconds, Stopping threads took: 0,0000591 seconds
2018-06-19T15:53:16.212+0200: 17,125: Total time for which application threads were stopped: 0,0001599 seconds, Stopping threads took: 0,0000488 seconds
2018-06-19T15:53:16.212+0200: 17,125: Total time for which application threads were stopped: 0,0001006 seconds, Stopping threads took: 0,0000260 seconds
2018-06-19T15:53:16.214+0200: 17,128: Total time for which application threads were stopped: 0,0001620 seconds, Stopping threads took: 0,0000572 seconds
2018-06-19T15:53:16.214+0200: 17,128: Total time for which application threads were stopped: 0,0000756 seconds, Stopping threads took: 0,0000387 seconds
2018-06-19T15:53:16.231+0200: 17,145: Total time for which application threads were stopped: 0,0001160 seconds, Stopping threads took: 0,0000345 seconds
2018-06-19T15:53:16.231+0200: 17,145: Total time for which application threads were stopped: 0,0000643 seconds, Stopping threads took: 0,0000204 seconds
2018-06-19T15:53:16.252+0200: 17,165: Total time for which application threads were stopped: 0,0001823 seconds, Stopping threads took: 0,0000348 seconds
2018-06-19T15:53:16.253+0200: 17,166: Total time for which application threads were stopped: 0,0001106 seconds, Stopping threads took: 0,0000296 seconds
2018-06-19T15:53:16.253+0200: 17,166: Total time for which application threads were stopped: 0,0000838 seconds, Stopping threads took: 0,0000248 seconds
2018-06-19T15:53:16.253+0200: 17,167: Total time for which application threads were stopped: 0,0001037 seconds, Stopping threads took: 0,0000369 seconds
2018-06-19T15:53:16.253+0200: 17,167: Total time for which application threads were stopped: 0,0000884 seconds, Stopping threads took: 0,0000299 seconds
2018-06-19T15:53:16.261+0200: 17,174: Total time for which application threads were stopped: 0,0001429 seconds, Stopping threads took: 0,0000302 seconds
2018-06-19T15:53:16.261+0200: 17,174: Total time for which application threads were stopped: 0,0000668 seconds, Stopping threads took: 0,0000162 seconds
2018-06-19T15:53:16.261+0200: 17,174: Total time for which application threads were stopped: 0,0000583 seconds, Stopping threads took: 0,0000131 seconds
2018-06-19T15:53:16.261+0200: 17,174: Total time for which application threads were stopped: 0,0000558 seconds, Stopping threads took: 0,0000116 seconds
2018-06-19T15:53:18.976+0200: 19,889: Total time for which application threads were stopped: 0,0004750 seconds, Stopping threads took: 0,0003146 seconds
2018-06-19T15:53:18.982+0200: 19,896: Total time for which application threads were stopped: 0,0001650 seconds, Stopping threads took: 0,0000363 seconds
2018-06-19T15:53:18.982+0200: 19,896: Total time for which application threads were stopped: 0,0000694 seconds, Stopping threads took: 0,0000165 seconds
2018-06-19T15:53:18.983+0200: 19,896: Total time for which application threads were stopped: 0,0001003 seconds, Stopping threads took: 0,0000285 seconds
2018-06-19T15:53:18.983+0200: 19,896: Total time for which application threads were stopped: 0,0000637 seconds, Stopping threads took: 0,0000142 seconds
2018-06-19T15:53:18.983+0200: 19,896: Total time for which application threads were stopped: 0,0000989 seconds, Stopping threads took: 0,0000156 seconds
2018-06-19T15:53:18.983+0200: 19,896: Total time for which application threads were stopped: 0,0000580 seconds, Stopping threads took: 0,0000110 seconds
2018-06-19T15:53:18.983+0200: 19,896: Total time for which application threads were stopped: 0,0000566 seconds, Stopping threads took: 0,0000112 seconds
2018-06-19T15:53:18.983+0200: 19,896: Total time for which application threads were stopped: 0,0000519 seconds, Stopping threads took: 0,0000072 seconds
2018-06-19T15:53:18.983+0200: 19,897: Total time for which application threads were stopped: 0,0000498 seconds, Stopping threads took: 0,0000112 seconds
2018-06-19T15:53:18.983+0200: 19,897: Total time for which application threads were stopped: 0,0000488 seconds, Stopping threads took: 0,0000094 seconds
2018-06-19T15:53:18.983+0200: 19,897: Total time for which application threads were stopped: 0,0000442 seconds, Stopping threads took: 0,0000084 seconds
2018-06-19T15:53:18.984+0200: 19,897: Total time for which application threads were stopped: 0,0002402 seconds, Stopping threads took: 0,0000069 seconds
2018-06-19T15:53:18.989+0200: 19,902: Total time for which application threads were stopped: 0,0012019 seconds, Stopping threads took: 0,0003089 seconds
2018-06-19T15:53:19.005+0200: 19,918: Total time for which application threads were stopped: 0,0001626 seconds, Stopping threads took: 0,0000295 seconds
2018-06-19T15:53:19.005+0200: 19,918: Total time for which application threads were stopped: 0,0001068 seconds, Stopping threads took: 0,0000182 seconds
2018-06-19T15:53:19.005+0200: 19,918: Total time for which application threads were stopped: 0,0000949 seconds, Stopping threads took: 0,0000156 seconds
2018-06-19T15:53:19.005+0200: 19,918: Total time for which application threads were stopped: 0,0000815 seconds, Stopping threads took: 0,0000143 seconds
2018-06-19T15:53:19.005+0200: 19,919: Total time for which application threads were stopped: 0,0000860 seconds, Stopping threads took: 0,0000147 seconds
2018-06-19T15:53:19.026+0200: 19,939: Total time for which application threads were stopped: 0,0051190 seconds, Stopping threads took: 0,0041305 seconds
2018-06-19T15:53:19.026+0200: 19,939: Total time for which application threads were stopped: 0,0000914 seconds, Stopping threads took: 0,0000150 seconds
2018-06-19T15:53:19.026+0200: 19,939: Total time for which application threads were stopped: 0,0000568 seconds, Stopping threads took: 0,0000092 seconds
2018-06-19T15:53:19.026+0200: 19,939: Total time for which application threads were stopped: 0,0000474 seconds, Stopping threads took: 0,0000077 seconds
2018-06-19T15:53:19.026+0200: 19,939: Total time for which application threads were stopped: 0,0000469 seconds, Stopping threads took: 0,0000076 seconds
2018-06-19T15:53:21.582+0200: 22,495: Total time for which application threads were stopped: 0,0000895 seconds, Stopping threads took: 0,0000203 seconds
2018-06-19T15:53:21.584+0200: 22,497: Total time for which application threads were stopped: 0,0001012 seconds, Stopping threads took: 0,0000221 seconds
2018-06-19T15:53:31.202+0200: 32,115: Total time for which application threads were stopped: 0,0002504 seconds, Stopping threads took: 0,0000915 seconds
2018-06-19T15:53:31.202+0200: 32,115: Total time for which application threads were stopped: 0,0001860 seconds, Stopping threads took: 0,0000872 seconds
2018-06-19T15:53:31.217+0200: 32,130: Total time for which application threads were stopped: 0,0002677 seconds, Stopping threads took: 0,0000965 seconds
2018-06-19T15:53:31.217+0200: 32,131: Total time for which application threads were stopped: 0,0002286 seconds, Stopping threads took: 0,0001151 seconds
2018-06-19T15:53:31.218+0200: 32,131: Total time for which application threads were stopped: 0,0001323 seconds, Stopping threads took: 0,0000320 seconds
2018-06-19T15:53:31.218+0200: 32,132: Total time for which application threads were stopped: 0,0001127 seconds, Stopping threads took: 0,0000290 seconds
2018-06-19T15:53:31.219+0200: 32,132: Total time for which application threads were stopped: 0,0001354 seconds, Stopping threads took: 0,0000908 seconds
2018-06-19T15:53:31.219+0200: 32,132: Total time for which application threads were stopped: 0,0000745 seconds, Stopping threads took: 0,0000343 seconds
2018-06-19T15:53:31.219+0200: 32,133: Total time for which application threads were stopped: 0,0000719 seconds, Stopping threads took: 0,0000313 seconds
2018-06-19T15:53:31.219+0200: 32,133: Total time for which application threads were stopped: 0,0000670 seconds, Stopping threads took: 0,0000317 seconds
2018-06-19T15:53:31.220+0200: 32,133: Total time for which application threads were stopped: 0,0000451 seconds, Stopping threads took: 0,0000111 seconds
2018-06-19T15:53:31.220+0200: 32,133: Total time for which application threads were stopped: 0,0000346 seconds, Stopping threads took: 0,0000084 seconds
2018-06-19T15:53:31.220+0200: 32,133: Total time for which application threads were stopped: 0,0000360 seconds, Stopping threads took: 0,0000078 seconds
2018-06-19T15:53:31.220+0200: 32,133: Total time for which application threads were stopped: 0,0000360 seconds, Stopping threads took: 0,0000080 seconds
2018-06-19T15:53:31.220+0200: 32,134: Total time for which application threads were stopped: 0,0001376 seconds, Stopping threads took: 0,0000272 seconds
2018-06-19T15:53:31.221+0200: 32,134: Total time for which application threads were stopped: 0,0000595 seconds, Stopping threads took: 0,0000174 seconds
2018-06-19T15:53:31.221+0200: 32,134: Total time for which application threads were stopped: 0,0000955 seconds, Stopping threads took: 0,0000428 seconds
2018-06-19T15:53:31.222+0200: 32,135: Total time for which application threads were stopped: 0,0001237 seconds, Stopping threads took: 0,0000508 seconds
2018-06-19T15:53:31.388+0200: 32,302: Total time for which application threads were stopped: 0,0001220 seconds, Stopping threads took: 0,0000265 seconds
2018-06-19T15:53:31.389+0200: 32,302: Total time for which application threads were stopped: 0,0000514 seconds, Stopping threads took: 0,0000086 seconds
2018-06-19T15:53:31.390+0200: 32,303: Total time for which application threads were stopped: 0,0001552 seconds, Stopping threads took: 0,0000396 seconds
2018-06-19T15:53:31.392+0200: 32,305: Total time for which application threads were stopped: 0,0001870 seconds, Stopping threads took: 0,0000513 seconds
2018-06-19T15:53:31.392+0200: 32,305: Total time for which application threads were stopped: 0,0000844 seconds, Stopping threads took: 0,0000172 seconds
2018-06-19T15:53:31.392+0200: 32,305: Total time for which application threads were stopped: 0,0000471 seconds, Stopping threads took: 0,0000101 seconds
2018-06-19T15:53:33.392+0200: 34,306: Total time for which application threads were stopped: 0,0000878 seconds, Stopping threads took: 0,0000196 seconds
2018-06-19T15:53:48.076+0200: 48,990: Total time for which application threads were stopped: 0,0001925 seconds, Stopping threads took: 0,0000508 seconds
2018-06-19T15:53:49.076+0200: 49,990: Total time for which application threads were stopped: 0,0000886 seconds, Stopping threads took: 0,0000202 seconds
2018-06-19T15:53:53.826+0200: 54,739: Total time for which application threads were stopped: 0,0000920 seconds, Stopping threads took: 0,0000214 seconds
2018-06-19T15:53:53.826+0200: 54,739: Total time for which application threads were stopped: 0,0000411 seconds, Stopping threads took: 0,0000085 seconds
2018-06-19T15:53:53.826+0200: 54,739: Total time for which application threads were stopped: 0,0000446 seconds, Stopping threads took: 0,0000147 seconds
2018-06-19T15:53:58.392+0200: 59,305: Total time for which application threads were stopped: 0,0001645 seconds, Stopping threads took: 0,0000381 seconds
2018-06-19T15:53:59.392+0200: 60,305: Total time for which application threads were stopped: 0,0001598 seconds, Stopping threads took: 0,0000320 seconds
2018-06-19T15:54:03.373+0200: 64,286: Total time for which application threads were stopped: 0,0001918 seconds, Stopping threads took: 0,0000741 seconds
2018-06-19T15:54:04.037+0200: 64,950: Total time for which application threads were stopped: 0,0001060 seconds, Stopping threads took: 0,0000242 seconds
2018-06-19T15:54:15.123+0200: 76,037: Total time for which application threads were stopped: 0,0001295 seconds, Stopping threads took: 0,0000272 seconds
2018-06-19T15:54:15.124+0200: 76,038: Total time for which application threads were stopped: 0,0001318 seconds, Stopping threads took: 0,0000309 seconds
2018-06-19T15:54:15.125+0200: 76,039: Total time for which application threads were stopped: 0,0001224 seconds, Stopping threads took: 0,0000262 seconds
2018-06-19T15:54:15.126+0200: 76,039: Total time for which application threads were stopped: 0,0000762 seconds, Stopping threads took: 0,0000102 seconds
2018-06-19T15:54:16.126+0200: 77,039: Total time for which application threads were stopped: 0,0000896 seconds, Stopping threads took: 0,0000215 seconds
2018-06-19T15:54:19.027+0200: 79,940: Total time for which application threads were stopped: 0,0001970 seconds, Stopping threads took: 0,0000450 seconds
2018-06-19T15:54:21.027+0200: 81,940: Total time for which application threads were stopped: 0,0001133 seconds, Stopping threads took: 0,0000394 seconds
2018-06-19T15:55:07.078+0200: 127,992: Total time for which application threads were stopped: 0,0004486 seconds, Stopping threads took: 0,0000174 seconds
2018-06-19T15:55:07.079+0200: 127,993: Total time for which application threads were stopped: 0,0004407 seconds, Stopping threads took: 0,0000136 seconds
2018-06-19T15:55:07.083+0200: 127,997: Total time for which application threads were stopped: 0,0001023 seconds, Stopping threads took: 0,0000221 seconds
2018-06-19T15:55:07.084+0200: 127,997: Total time for which application threads were stopped: 0,0001747 seconds, Stopping threads took: 0,0000984 seconds
2018-06-19T15:55:07.099+0200: 128,012: Total time for which application threads were stopped: 0,0039280 seconds, Stopping threads took: 0,0038477 seconds
2018-06-19T15:55:07.103+0200: 128,017: Total time for which application threads were stopped: 0,0001382 seconds, Stopping threads took: 0,0000518 seconds
2018-06-19T15:55:07.104+0200: 128,017: Total time for which application threads were stopped: 0,0000942 seconds, Stopping threads took: 0,0000440 seconds
2018-06-19T15:55:07.107+0200: 128,020: Total time for which application threads were stopped: 0,0001157 seconds, Stopping threads took: 0,0000227 seconds
2018-06-19T15:55:07.107+0200: 128,020: Total time for which application threads were stopped: 0,0000799 seconds, Stopping threads took: 0,0000307 seconds
2018-06-19T15:55:07.107+0200: 128,021: Total time for which application threads were stopped: 0,0001104 seconds, Stopping threads took: 0,0000579 seconds
2018-06-19T15:55:07.108+0200: 128,021: Total time for which application threads were stopped: 0,0000528 seconds, Stopping threads took: 0,0000160 seconds
2018-06-19T15:55:07.108+0200: 128,021: Total time for which application threads were stopped: 0,0000480 seconds, Stopping threads took: 0,0000110 seconds
2018-06-19T15:55:07.108+0200: 128,021: Total time for which application threads were stopped: 0,0000692 seconds, Stopping threads took: 0,0000116 seconds
2018-06-19T15:55:07.108+0200: 128,022: Total time for which application threads were stopped: 0,0000591 seconds, Stopping threads took: 0,0000143 seconds
2018-06-19T15:55:07.110+0200: 128,023: Total time for which application threads were stopped: 0,0001148 seconds, Stopping threads took: 0,0000439 seconds
2018-06-19T15:55:07.110+0200: 128,023: Total time for which application threads were stopped: 0,0000833 seconds, Stopping threads took: 0,0000345 seconds
2018-06-19T15:55:07.110+0200: 128,023: Total time for which application threads were stopped: 0,0001416 seconds, Stopping threads took: 0,0000978 seconds
2018-06-19T15:55:07.111+0200: 128,024: Total time for which application threads were stopped: 0,0004979 seconds, Stopping threads took: 0,0004604 seconds
2018-06-19T15:55:07.111+0200: 128,024: Total time for which application threads were stopped: 0,0000743 seconds, Stopping threads took: 0,0000355 seconds
2018-06-19T15:55:07.111+0200: 128,024: Total time for which application threads were stopped: 0,0000791 seconds, Stopping threads took: 0,0000410 seconds
2018-06-19T15:55:07.111+0200: 128,024: Total time for which application threads were stopped: 0,0000647 seconds, Stopping threads took: 0,0000322 seconds
2018-06-19T15:55:07.112+0200: 128,026: Total time for which application threads were stopped: 0,0000989 seconds, Stopping threads took: 0,0000385 seconds
2018-06-19T15:55:07.112+0200: 128,026: Total time for which application threads were stopped: 0,0000853 seconds, Stopping threads took: 0,0000343 seconds
2018-06-19T15:55:07.113+0200: 128,026: Total time for which application threads were stopped: 0,0000595 seconds, Stopping threads took: 0,0000313 seconds
2018-06-19T15:55:07.114+0200: 128,028: Total time for which application threads were stopped: 0,0001228 seconds, Stopping threads took: 0,0000536 seconds
2018-06-19T15:55:07.114+0200: 128,028: Total time for which application threads were stopped: 0,0000839 seconds, Stopping threads took: 0,0000365 seconds
2018-06-19T15:55:07.115+0200: 128,028: Total time for which application threads were stopped: 0,0000691 seconds, Stopping threads took: 0,0000423 seconds
2018-06-19T15:55:07.116+0200: 128,029: Total time for which application threads were stopped: 0,0013844 seconds, Stopping threads took: 0,0013525 seconds
2018-06-19T15:55:07.116+0200: 128,030: Total time for which application threads were stopped: 0,0000564 seconds, Stopping threads took: 0,0000305 seconds
2018-06-19T15:55:07.116+0200: 128,030: Total time for which application threads were stopped: 0,0000663 seconds, Stopping threads took: 0,0000317 seconds
2018-06-19T15:55:07.117+0200: 128,030: Total time for which application threads were stopped: 0,0000669 seconds, Stopping threads took: 0,0000376 seconds
2018-06-19T15:55:07.117+0200: 128,030: Total time for which application threads were stopped: 0,0000795 seconds, Stopping threads took: 0,0000247 seconds
2018-06-19T15:55:07.117+0200: 128,030: Total time for which application threads were stopped: 0,0000437 seconds, Stopping threads took: 0,0000118 seconds
2018-06-19T15:55:07.117+0200: 128,030: Total time for which application threads were stopped: 0,0000594 seconds, Stopping threads took: 0,0000266 seconds
2018-06-19T15:55:07.117+0200: 128,030: Total time for which application threads were stopped: 0,0000510 seconds, Stopping threads took: 0,0000203 seconds
2018-06-19T15:55:07.117+0200: 128,031: Total time for which application threads were stopped: 0,0000708 seconds, Stopping threads took: 0,0000272 seconds
2018-06-19T15:55:07.118+0200: 128,031: Total time for which application threads were stopped: 0,0005849 seconds, Stopping threads took: 0,0004585 seconds
2018-06-19T15:55:07.119+0200: 128,032: Total time for which application threads were stopped: 0,0001655 seconds, Stopping threads took: 0,0000681 seconds
2018-06-19T15:55:07.119+0200: 128,033: Total time for which application threads were stopped: 0,0000706 seconds, Stopping threads took: 0,0000188 seconds
2018-06-19T15:55:07.119+0200: 128,033: Total time for which application threads were stopped: 0,0000588 seconds, Stopping threads took: 0,0000149 seconds
2018-06-19T15:55:07.120+0200: 128,033: Total time for which application threads were stopped: 0,0000880 seconds, Stopping threads took: 0,0000334 seconds
2018-06-19T15:55:07.120+0200: 128,033: Total time for which application threads were stopped: 0,0000682 seconds, Stopping threads took: 0,0000192 seconds
2018-06-19T15:55:07.120+0200: 128,034: Total time for which application threads were stopped: 0,0001230 seconds, Stopping threads took: 0,0000246 seconds
2018-06-19T15:55:07.121+0200: 128,034: Total time for which application threads were stopped: 0,0000630 seconds, Stopping threads took: 0,0000287 seconds
2018-06-19T15:55:07.121+0200: 128,034: Total time for which application threads were stopped: 0,0000535 seconds, Stopping threads took: 0,0000255 seconds
2018-06-19T15:55:07.121+0200: 128,034: Total time for which application threads were stopped: 0,0000466 seconds, Stopping threads took: 0,0000188 seconds
2018-06-19T15:55:07.121+0200: 128,034: Total time for which application threads were stopped: 0,0000403 seconds, Stopping threads took: 0,0000147 seconds
2018-06-19T15:55:07.121+0200: 128,034: Total time for which application threads were stopped: 0,0000440 seconds, Stopping threads took: 0,0000186 seconds
2018-06-19T15:55:07.121+0200: 128,034: Total time for which application threads were stopped: 0,0000449 seconds, Stopping threads took: 0,0000204 seconds
2018-06-19T15:55:07.121+0200: 128,034: Total time for which application threads were stopped: 0,0000580 seconds, Stopping threads took: 0,0000287 seconds
2018-06-19T15:55:07.121+0200: 128,034: Total time for which application threads were stopped: 0,0000464 seconds, Stopping threads took: 0,0000232 seconds
2018-06-19T15:55:07.121+0200: 128,034: Total time for which application threads were stopped: 0,0000640 seconds, Stopping threads took: 0,0000393 seconds
2018-06-19T15:55:07.121+0200: 128,035: Total time for which application threads were stopped: 0,0000386 seconds, Stopping threads took: 0,0000163 seconds
2018-06-19T15:55:07.121+0200: 128,035: Total time for which application threads were stopped: 0,0000732 seconds, Stopping threads took: 0,0000458 seconds
2018-06-19T15:55:07.121+0200: 128,035: Total time for which application threads were stopped: 0,0000461 seconds, Stopping threads took: 0,0000220 seconds
2018-06-19T15:55:07.121+0200: 128,035: Total time for which application threads were stopped: 0,0000495 seconds, Stopping threads took: 0,0000258 seconds
2018-06-19T15:55:07.122+0200: 128,035: Total time for which application threads were stopped: 0,0001181 seconds, Stopping threads took: 0,0000220 seconds
2018-06-19T15:55:07.123+0200: 128,036: Total time for which application threads were stopped: 0,0000846 seconds, Stopping threads took: 0,0000260 seconds
2018-06-19T15:55:07.123+0200: 128,037: Total time for which application threads were stopped: 0,0000902 seconds, Stopping threads took: 0,0000569 seconds
2018-06-19T15:55:07.123+0200: 128,037: Total time for which application threads were stopped: 0,0000459 seconds, Stopping threads took: 0,0000131 seconds
2018-06-19T15:55:07.124+0200: 128,037: Total time for which application threads were stopped: 0,0000759 seconds, Stopping threads took: 0,0000352 seconds
2018-06-19T15:55:07.124+0200: 128,037: Total time for which application threads were stopped: 0,0000539 seconds, Stopping threads took: 0,0000204 seconds
2018-06-19T15:55:07.124+0200: 128,037: Total time for which application threads were stopped: 0,0000709 seconds, Stopping threads took: 0,0000332 seconds
2018-06-19T15:55:07.127+0200: 128,040: Total time for which application threads were stopped: 0,0001428 seconds, Stopping threads took: 0,0000515 seconds
Heap
 par new generation   total 109248K, used 103283K [0x00000000e0000000, 0x00000000e8000000, 0x00000000e8000000)
  eden space 87424K,  96% used [0x00000000e0000000, 0x00000000e5203880, 0x00000000e5560000)
  from space 21824K,  88% used [0x00000000e6ab0000, 0x00000000e7d89680, 0x00000000e8000000)
  to   space 21824K,   0% used [0x00000000e5560000, 0x00000000e5560000, 0x00000000e6ab0000)
 concurrent mark-sweep generation total 393216K, used 8292K [0x00000000e8000000, 0x0000000100000000, 0x0000000100000000)
 Metaspace       used 31079K, capacity 31837K, committed 31996K, reserved 1077248K
  class space    used 3573K, capacity 3792K, committed 3836K, reserved 1048576K
