OpenJDK 64-Bit Server VM (25.171-b11) for linux-amd64 JRE (1.8.0_171-8u171-b11-0ubuntu0.16.04.1-b11), built on Apr 27 2018 17:19:03 by "buildd" with gcc 5.4.0 20160609
Memory: 4k page, physical 7867600k(1089812k free), swap 8076284k(8076284k free)
CommandLine flags: -XX:CMSInitiatingOccupancyFraction=50 -XX:CMSMaxAbortablePrecleanTime=6000 -XX:+CMSParallelRemarkEnabled -XX:+CMSScavengeBeforeRemark -XX:ConcGCThreads=4 -XX:InitialHeapSize=536870912 -XX:MaxHeapSize=536870912 -XX:MaxTenuringThreshold=8 -XX:NewRatio=3 -XX:OldPLABSize=16 -XX:OnOutOfMemoryError=/home/gurnoor/workspace/QTM/solr/bin/oom_solr.sh 8983 /home/gurnoor/workspace/QTM/solr/server/logs -XX:ParallelGCThreads=4 -XX:+ParallelRefProcEnabled -XX:PretenureSizeThreshold=67108864 -XX:+PrintGC -XX:+PrintGCApplicationStoppedTime -XX:+PrintGCDateStamps -XX:+PrintGCDetails -XX:+PrintGCTimeStamps -XX:+PrintHeapAtGC -XX:+PrintTenuringDistribution -XX:SurvivorRatio=4 -XX:TargetSurvivorRatio=90 -XX:ThreadStackSize=256 -XX:+UseCMSInitiatingOccupancyOnly -XX:+UseCompressedClassPointers -XX:+UseCompressedOops -XX:+UseConcMarkSweepGC -XX:+UseParNewGC 
2018-06-19T11:55:32.572+0200: 0,129: Total time for which application threads were stopped: 0,0000768 seconds, Stopping threads took: 0,0000137 seconds
2018-06-19T11:55:32.639+0200: 0,195: Total time for which application threads were stopped: 0,0001209 seconds, Stopping threads took: 0,0000240 seconds
2018-06-19T11:55:32.648+0200: 0,204: Total time for which application threads were stopped: 0,0000807 seconds, Stopping threads took: 0,0000131 seconds
2018-06-19T11:55:32.779+0200: 0,335: Total time for which application threads were stopped: 0,0001679 seconds, Stopping threads took: 0,0000190 seconds
2018-06-19T11:55:32.944+0200: 0,500: Total time for which application threads were stopped: 0,0001455 seconds, Stopping threads took: 0,0000170 seconds
2018-06-19T11:55:32.996+0200: 0,552: Total time for which application threads were stopped: 0,0001830 seconds, Stopping threads took: 0,0000219 seconds
2018-06-19T11:55:33.014+0200: 0,570: Total time for which application threads were stopped: 0,0001616 seconds, Stopping threads took: 0,0000201 seconds
2018-06-19T11:55:33.202+0200: 0,758: Total time for which application threads were stopped: 0,0001869 seconds, Stopping threads took: 0,0000168 seconds
2018-06-19T11:55:33.352+0200: 0,908: Total time for which application threads were stopped: 0,0002618 seconds, Stopping threads took: 0,0000224 seconds
2018-06-19T11:55:33.373+0200: 0,929: Total time for which application threads were stopped: 0,0002552 seconds, Stopping threads took: 0,0000492 seconds
2018-06-19T11:55:33.399+0200: 0,955: Total time for which application threads were stopped: 0,0002524 seconds, Stopping threads took: 0,0000321 seconds
2018-06-19T11:55:33.400+0200: 0,956: Total time for which application threads were stopped: 0,0002087 seconds, Stopping threads took: 0,0000274 seconds
2018-06-19T11:55:33.411+0200: 0,967: Total time for which application threads were stopped: 0,0003644 seconds, Stopping threads took: 0,0001447 seconds
2018-06-19T11:55:33.494+0200: 1,050: Total time for which application threads were stopped: 0,0002630 seconds, Stopping threads took: 0,0000258 seconds
2018-06-19T11:55:33.652+0200: 1,208: Total time for which application threads were stopped: 0,0025183 seconds, Stopping threads took: 0,0022694 seconds
{Heap before GC invocations=0 (full 0):
 par new generation   total 109248K, used 87424K [0x00000000e0000000, 0x00000000e8000000, 0x00000000e8000000)
  eden space 87424K, 100% used [0x00000000e0000000, 0x00000000e5560000, 0x00000000e5560000)
  from space 21824K,   0% used [0x00000000e5560000, 0x00000000e5560000, 0x00000000e6ab0000)
  to   space 21824K,   0% used [0x00000000e6ab0000, 0x00000000e6ab0000, 0x00000000e8000000)
 concurrent mark-sweep generation total 393216K, used 0K [0x00000000e8000000, 0x0000000100000000, 0x0000000100000000)
 Metaspace       used 17858K, capacity 18184K, committed 18304K, reserved 1064960K
  class space    used 2024K, capacity 2166K, committed 2176K, reserved 1048576K
2018-06-19T11:55:33.696+0200: 1,252: [GC (Allocation Failure) 2018-06-19T11:55:33.696+0200: 1,252: [ParNew
Desired survivor size 20112992 bytes, new threshold 8 (max 8)
- age   1:   11519888 bytes,   11519888 total
: 87424K->11338K(109248K), 0,0115777 secs] 87424K->11338K(502464K), 0,0116371 secs] [Times: user=0,04 sys=0,00, real=0,01 secs] 
Heap after GC invocations=1 (full 0):
 par new generation   total 109248K, used 11338K [0x00000000e0000000, 0x00000000e8000000, 0x00000000e8000000)
  eden space 87424K,   0% used [0x00000000e0000000, 0x00000000e0000000, 0x00000000e5560000)
  from space 21824K,  51% used [0x00000000e6ab0000, 0x00000000e75c2b38, 0x00000000e8000000)
  to   space 21824K,   0% used [0x00000000e5560000, 0x00000000e5560000, 0x00000000e6ab0000)
 concurrent mark-sweep generation total 393216K, used 0K [0x00000000e8000000, 0x0000000100000000, 0x0000000100000000)
 Metaspace       used 17858K, capacity 18184K, committed 18304K, reserved 1064960K
  class space    used 2024K, capacity 2166K, committed 2176K, reserved 1048576K
}
2018-06-19T11:55:33.708+0200: 1,264: Total time for which application threads were stopped: 0,0127038 seconds, Stopping threads took: 0,0008810 seconds
2018-06-19T11:55:34.003+0200: 1,560: Total time for which application threads were stopped: 0,0003995 seconds, Stopping threads took: 0,0000551 seconds
{Heap before GC invocations=1 (full 0):
 par new generation   total 109248K, used 98762K [0x00000000e0000000, 0x00000000e8000000, 0x00000000e8000000)
  eden space 87424K, 100% used [0x00000000e0000000, 0x00000000e5560000, 0x00000000e5560000)
  from space 21824K,  51% used [0x00000000e6ab0000, 0x00000000e75c2b38, 0x00000000e8000000)
  to   space 21824K,   0% used [0x00000000e5560000, 0x00000000e5560000, 0x00000000e6ab0000)
 concurrent mark-sweep generation total 393216K, used 0K [0x00000000e8000000, 0x0000000100000000, 0x0000000100000000)
 Metaspace       used 20123K, capacity 20498K, committed 20736K, reserved 1067008K
  class space    used 2298K, capacity 2469K, committed 2560K, reserved 1048576K
2018-06-19T11:55:34.078+0200: 1,634: [GC (Allocation Failure) 2018-06-19T11:55:34.078+0200: 1,634: [ParNew
Desired survivor size 20112992 bytes, new threshold 8 (max 8)
- age   1:    3623272 bytes,    3623272 total
- age   2:    5987984 bytes,    9611256 total
: 98762K->10789K(109248K), 0,0267217 secs] 98762K->10789K(502464K), 0,0267915 secs] [Times: user=0,06 sys=0,00, real=0,03 secs] 
Heap after GC invocations=2 (full 0):
 par new generation   total 109248K, used 10789K [0x00000000e0000000, 0x00000000e8000000, 0x00000000e8000000)
  eden space 87424K,   0% used [0x00000000e0000000, 0x00000000e0000000, 0x00000000e5560000)
  from space 21824K,  49% used [0x00000000e5560000, 0x00000000e5fe9450, 0x00000000e6ab0000)
  to   space 21824K,   0% used [0x00000000e6ab0000, 0x00000000e6ab0000, 0x00000000e8000000)
 concurrent mark-sweep generation total 393216K, used 0K [0x00000000e8000000, 0x0000000100000000, 0x0000000100000000)
 Metaspace       used 20123K, capacity 20498K, committed 20736K, reserved 1067008K
  class space    used 2298K, capacity 2469K, committed 2560K, reserved 1048576K
}
2018-06-19T11:55:34.104+0200: 1,661: Total time for which application threads were stopped: 0,0293379 seconds, Stopping threads took: 0,0023753 seconds
2018-06-19T11:55:34.110+0200: 1,666: Total time for which application threads were stopped: 0,0004983 seconds, Stopping threads took: 0,0001757 seconds
2018-06-19T11:55:34.154+0200: 1,710: Total time for which application threads were stopped: 0,0004212 seconds, Stopping threads took: 0,0000754 seconds
2018-06-19T11:55:34.332+0200: 1,888: Total time for which application threads were stopped: 0,0017385 seconds, Stopping threads took: 0,0012493 seconds
2018-06-19T11:55:34.354+0200: 1,910: Total time for which application threads were stopped: 0,0069693 seconds, Stopping threads took: 0,0068398 seconds
{Heap before GC invocations=2 (full 0):
 par new generation   total 109248K, used 98213K [0x00000000e0000000, 0x00000000e8000000, 0x00000000e8000000)
  eden space 87424K, 100% used [0x00000000e0000000, 0x00000000e5560000, 0x00000000e5560000)
  from space 21824K,  49% used [0x00000000e5560000, 0x00000000e5fe9450, 0x00000000e6ab0000)
  to   space 21824K,   0% used [0x00000000e6ab0000, 0x00000000e6ab0000, 0x00000000e8000000)
 concurrent mark-sweep generation total 393216K, used 0K [0x00000000e8000000, 0x0000000100000000, 0x0000000100000000)
 Metaspace       used 21064K, capacity 21420K, committed 21628K, reserved 1069056K
  class space    used 2422K, capacity 2588K, committed 2684K, reserved 1048576K
2018-06-19T11:55:34.412+0200: 1,968: [GC (Allocation Failure) 2018-06-19T11:55:34.412+0200: 1,968: [ParNew
Desired survivor size 20112992 bytes, new threshold 8 (max 8)
- age   1:    2138432 bytes,    2138432 total
- age   2:     979544 bytes,    3117976 total
- age   3:    5985800 bytes,    9103776 total
: 98213K->13256K(109248K), 0,0128171 secs] 98213K->13256K(502464K), 0,0130371 secs] [Times: user=0,04 sys=0,00, real=0,01 secs] 
Heap after GC invocations=3 (full 0):
 par new generation   total 109248K, used 13256K [0x00000000e0000000, 0x00000000e8000000, 0x00000000e8000000)
  eden space 87424K,   0% used [0x00000000e0000000, 0x00000000e0000000, 0x00000000e5560000)
  from space 21824K,  60% used [0x00000000e6ab0000, 0x00000000e77a2160, 0x00000000e8000000)
  to   space 21824K,   0% used [0x00000000e5560000, 0x00000000e5560000, 0x00000000e6ab0000)
 concurrent mark-sweep generation total 393216K, used 0K [0x00000000e8000000, 0x0000000100000000, 0x0000000100000000)
 Metaspace       used 21064K, capacity 21420K, committed 21628K, reserved 1069056K
  class space    used 2422K, capacity 2588K, committed 2684K, reserved 1048576K
}
2018-06-19T11:55:34.425+0200: 1,981: Total time for which application threads were stopped: 0,0158535 seconds, Stopping threads took: 0,0024910 seconds
2018-06-19T11:55:34.427+0200: 1,983: [GC (CMS Initial Mark) [1 CMS-initial-mark: 0K(393216K)] 13962K(502464K), 0,0040271 secs] [Times: user=0,01 sys=0,00, real=0,00 secs] 
2018-06-19T11:55:34.431+0200: 1,987: Total time for which application threads were stopped: 0,0041984 seconds, Stopping threads took: 0,0000549 seconds
2018-06-19T11:55:34.431+0200: 1,987: [CMS-concurrent-mark-start]
2018-06-19T11:55:34.432+0200: 1,988: [CMS-concurrent-mark: 0,001/0,001 secs] [Times: user=0,00 sys=0,00, real=0,00 secs] 
2018-06-19T11:55:34.432+0200: 1,988: [CMS-concurrent-preclean-start]
2018-06-19T11:55:34.433+0200: 1,989: [CMS-concurrent-preclean: 0,001/0,001 secs] [Times: user=0,01 sys=0,00, real=0,01 secs] 
2018-06-19T11:55:34.440+0200: 1,996: [GC (CMS Final Remark) [YG occupancy: 19634 K (109248 K)]{Heap before GC invocations=3 (full 1):
 par new generation   total 109248K, used 19634K [0x00000000e0000000, 0x00000000e8000000, 0x00000000e8000000)
  eden space 87424K,   7% used [0x00000000e0000000, 0x00000000e063a970, 0x00000000e5560000)
  from space 21824K,  60% used [0x00000000e6ab0000, 0x00000000e77a2160, 0x00000000e8000000)
  to   space 21824K,   0% used [0x00000000e5560000, 0x00000000e5560000, 0x00000000e6ab0000)
 concurrent mark-sweep generation total 393216K, used 0K [0x00000000e8000000, 0x0000000100000000, 0x0000000100000000)
 Metaspace       used 21084K, capacity 21420K, committed 21628K, reserved 1069056K
  class space    used 2427K, capacity 2588K, committed 2684K, reserved 1048576K
2018-06-19T11:55:34.440+0200: 1,996: [GC (CMS Final Remark) 2018-06-19T11:55:34.440+0200: 1,996: [ParNew
Desired survivor size 20112992 bytes, new threshold 8 (max 8)
- age   1:     510992 bytes,     510992 total
- age   2:    1705776 bytes,    2216768 total
- age   3:     979544 bytes,    3196312 total
- age   4:    5985784 bytes,    9182096 total
: 19634K->13858K(109248K), 0,0166525 secs] 19634K->13858K(502464K), 0,0167062 secs] [Times: user=0,05 sys=0,01, real=0,02 secs] 
Heap after GC invocations=4 (full 1):
 par new generation   total 109248K, used 13858K [0x00000000e0000000, 0x00000000e8000000, 0x00000000e8000000)
  eden space 87424K,   0% used [0x00000000e0000000, 0x00000000e0000000, 0x00000000e5560000)
  from space 21824K,  63% used [0x00000000e5560000, 0x00000000e62e88d0, 0x00000000e6ab0000)
  to   space 21824K,   0% used [0x00000000e6ab0000, 0x00000000e6ab0000, 0x00000000e8000000)
 concurrent mark-sweep generation total 393216K, used 0K [0x00000000e8000000, 0x0000000100000000, 0x0000000100000000)
 Metaspace       used 21084K, capacity 21420K, committed 21628K, reserved 1069056K
  class space    used 2427K, capacity 2588K, committed 2684K, reserved 1048576K
}
2018-06-19T11:55:34.456+0200: 2,013: [Rescan (parallel) , 0,0091687 secs]2018-06-19T11:55:34.466+0200: 2,022: [weak refs processing, 0,0019591 secs]2018-06-19T11:55:34.468+0200: 2,024: [class unloading, 0,0040318 secs]2018-06-19T11:55:34.472+0200: 2,028: [scrub symbol table, 0,0046683 secs]2018-06-19T11:55:34.476+0200: 2,033: [scrub string table, 0,0004457 secs][1 CMS-remark: 0K(393216K)] 13858K(502464K), 0,0380522 secs] [Times: user=0,11 sys=0,01, real=0,04 secs] 
2018-06-19T11:55:34.478+0200: 2,034: Total time for which application threads were stopped: 0,0393137 seconds, Stopping threads took: 0,0011500 seconds
2018-06-19T11:55:34.488+0200: 2,044: [CMS-concurrent-sweep-start]
2018-06-19T11:55:34.488+0200: 2,044: [CMS-concurrent-sweep: 0,000/0,000 secs] [Times: user=0,00 sys=0,00, real=0,00 secs] 
2018-06-19T11:55:34.488+0200: 2,044: [CMS-concurrent-reset-start]
2018-06-19T11:55:34.492+0200: 2,048: [CMS-concurrent-reset: 0,004/0,004 secs] [Times: user=0,02 sys=0,00, real=0,01 secs] 
{Heap before GC invocations=4 (full 1):
 par new generation   total 109248K, used 101282K [0x00000000e0000000, 0x00000000e8000000, 0x00000000e8000000)
  eden space 87424K, 100% used [0x00000000e0000000, 0x00000000e5560000, 0x00000000e5560000)
  from space 21824K,  63% used [0x00000000e5560000, 0x00000000e62e88d0, 0x00000000e6ab0000)
  to   space 21824K,   0% used [0x00000000e6ab0000, 0x00000000e6ab0000, 0x00000000e8000000)
 concurrent mark-sweep generation total 393216K, used 0K [0x00000000e8000000, 0x0000000100000000, 0x0000000100000000)
 Metaspace       used 21303K, capacity 21644K, committed 21884K, reserved 1069056K
  class space    used 2452K, capacity 2605K, committed 2684K, reserved 1048576K
2018-06-19T11:55:34.583+0200: 2,139: [GC (Allocation Failure) 2018-06-19T11:55:34.583+0200: 2,139: [ParNew
Desired survivor size 20112992 bytes, new threshold 8 (max 8)
- age   1:    1398048 bytes,    1398048 total
- age   2:       5616 bytes,    1403664 total
- age   3:    1454808 bytes,    2858472 total
- age   4:     977808 bytes,    3836280 total
- age   5:    5985808 bytes,    9822088 total
: 101282K->11789K(109248K), 0,0091314 secs] 101282K->11789K(502464K), 0,0091948 secs] [Times: user=0,03 sys=0,01, real=0,02 secs] 
Heap after GC invocations=5 (full 1):
 par new generation   total 109248K, used 11789K [0x00000000e0000000, 0x00000000e8000000, 0x00000000e8000000)
  eden space 87424K,   0% used [0x00000000e0000000, 0x00000000e0000000, 0x00000000e5560000)
  from space 21824K,  54% used [0x00000000e6ab0000, 0x00000000e7633580, 0x00000000e8000000)
  to   space 21824K,   0% used [0x00000000e5560000, 0x00000000e5560000, 0x00000000e6ab0000)
 concurrent mark-sweep generation total 393216K, used 0K [0x00000000e8000000, 0x0000000100000000, 0x0000000100000000)
 Metaspace       used 21303K, capacity 21644K, committed 21884K, reserved 1069056K
  class space    used 2452K, capacity 2605K, committed 2684K, reserved 1048576K
}
2018-06-19T11:55:34.592+0200: 2,148: Total time for which application threads were stopped: 0,0109439 seconds, Stopping threads took: 0,0015608 seconds
{Heap before GC invocations=5 (full 1):
 par new generation   total 109248K, used 99213K [0x00000000e0000000, 0x00000000e8000000, 0x00000000e8000000)
  eden space 87424K, 100% used [0x00000000e0000000, 0x00000000e5560000, 0x00000000e5560000)
  from space 21824K,  54% used [0x00000000e6ab0000, 0x00000000e7633580, 0x00000000e8000000)
  to   space 21824K,   0% used [0x00000000e5560000, 0x00000000e5560000, 0x00000000e6ab0000)
 concurrent mark-sweep generation total 393216K, used 0K [0x00000000e8000000, 0x0000000100000000, 0x0000000100000000)
 Metaspace       used 21539K, capacity 21886K, committed 22140K, reserved 1069056K
  class space    used 2481K, capacity 2640K, committed 2684K, reserved 1048576K
2018-06-19T11:55:34.687+0200: 2,243: [GC (Allocation Failure) 2018-06-19T11:55:34.687+0200: 2,243: [ParNew
Desired survivor size 20112992 bytes, new threshold 8 (max 8)
- age   1:     375480 bytes,     375480 total
- age   2:     184304 bytes,     559784 total
- age   3:       5520 bytes,     565304 total
- age   4:    1453064 bytes,    2018368 total
- age   5:     974000 bytes,    2992368 total
- age   6:    5985992 bytes,    8978360 total
: 99213K->10126K(109248K), 0,0111476 secs] 99213K->10126K(502464K), 0,0113678 secs] [Times: user=0,03 sys=0,01, real=0,01 secs] 
Heap after GC invocations=6 (full 1):
 par new generation   total 109248K, used 10126K [0x00000000e0000000, 0x00000000e8000000, 0x00000000e8000000)
  eden space 87424K,   0% used [0x00000000e0000000, 0x00000000e0000000, 0x00000000e5560000)
  from space 21824K,  46% used [0x00000000e5560000, 0x00000000e5f43810, 0x00000000e6ab0000)
  to   space 21824K,   0% used [0x00000000e6ab0000, 0x00000000e6ab0000, 0x00000000e8000000)
 concurrent mark-sweep generation total 393216K, used 0K [0x00000000e8000000, 0x0000000100000000, 0x0000000100000000)
 Metaspace       used 21539K, capacity 21886K, committed 22140K, reserved 1069056K
  class space    used 2481K, capacity 2640K, committed 2684K, reserved 1048576K
}
2018-06-19T11:55:34.698+0200: 2,254: Total time for which application threads were stopped: 0,0117611 seconds, Stopping threads took: 0,0000473 seconds
2018-06-19T11:55:34.720+0200: 2,276: Total time for which application threads were stopped: 0,0003785 seconds, Stopping threads took: 0,0000746 seconds
2018-06-19T11:55:34.978+0200: 2,534: Total time for which application threads were stopped: 0,0004855 seconds, Stopping threads took: 0,0000243 seconds
2018-06-19T11:55:34.992+0200: 2,548: Total time for which application threads were stopped: 0,0004205 seconds, Stopping threads took: 0,0000231 seconds
{Heap before GC invocations=6 (full 1):
 par new generation   total 109248K, used 97550K [0x00000000e0000000, 0x00000000e8000000, 0x00000000e8000000)
  eden space 87424K, 100% used [0x00000000e0000000, 0x00000000e5560000, 0x00000000e5560000)
  from space 21824K,  46% used [0x00000000e5560000, 0x00000000e5f43810, 0x00000000e6ab0000)
  to   space 21824K,   0% used [0x00000000e6ab0000, 0x00000000e6ab0000, 0x00000000e8000000)
 concurrent mark-sweep generation total 393216K, used 0K [0x00000000e8000000, 0x0000000100000000, 0x0000000100000000)
 Metaspace       used 25305K, capacity 25880K, committed 25980K, reserved 1073152K
  class space    used 2937K, capacity 3125K, committed 3196K, reserved 1048576K
2018-06-19T11:55:35.307+0200: 2,863: [GC (Allocation Failure) 2018-06-19T11:55:35.307+0200: 2,863: [ParNew
Desired survivor size 20112992 bytes, new threshold 8 (max 8)
- age   1:    5555200 bytes,    5555200 total
- age   2:     184728 bytes,    5739928 total
- age   3:     183472 bytes,    5923400 total
- age   4:       5456 bytes,    5928856 total
- age   5:     282952 bytes,    6211808 total
- age   6:     951776 bytes,    7163584 total
- age   7:    5978912 bytes,   13142496 total
: 97550K->19351K(109248K), 0,0128532 secs] 97550K->19351K(502464K), 0,0129352 secs] [Times: user=0,05 sys=0,00, real=0,01 secs] 
Heap after GC invocations=7 (full 1):
 par new generation   total 109248K, used 19351K [0x00000000e0000000, 0x00000000e8000000, 0x00000000e8000000)
  eden space 87424K,   0% used [0x00000000e0000000, 0x00000000e0000000, 0x00000000e5560000)
  from space 21824K,  88% used [0x00000000e6ab0000, 0x00000000e7d95e30, 0x00000000e8000000)
  to   space 21824K,   0% used [0x00000000e5560000, 0x00000000e5560000, 0x00000000e6ab0000)
 concurrent mark-sweep generation total 393216K, used 0K [0x00000000e8000000, 0x0000000100000000, 0x0000000100000000)
 Metaspace       used 25305K, capacity 25880K, committed 25980K, reserved 1073152K
  class space    used 2937K, capacity 3125K, committed 3196K, reserved 1048576K
}
2018-06-19T11:55:35.320+0200: 2,876: Total time for which application threads were stopped: 0,0132884 seconds, Stopping threads took: 0,0000782 seconds
2018-06-19T11:55:35.427+0200: 2,983: Total time for which application threads were stopped: 0,0004513 seconds, Stopping threads took: 0,0000295 seconds
2018-06-19T11:55:35.447+0200: 3,004: Total time for which application threads were stopped: 0,0004455 seconds, Stopping threads took: 0,0000261 seconds
2018-06-19T11:55:35.518+0200: 3,074: Total time for which application threads were stopped: 0,0005483 seconds, Stopping threads took: 0,0000764 seconds
2018-06-19T11:55:35.652+0200: 3,208: Total time for which application threads were stopped: 0,0048722 seconds, Stopping threads took: 0,0042786 seconds
{Heap before GC invocations=7 (full 1):
 par new generation   total 109248K, used 106775K [0x00000000e0000000, 0x00000000e8000000, 0x00000000e8000000)
  eden space 87424K, 100% used [0x00000000e0000000, 0x00000000e5560000, 0x00000000e5560000)
  from space 21824K,  88% used [0x00000000e6ab0000, 0x00000000e7d95e30, 0x00000000e8000000)
  to   space 21824K,   0% used [0x00000000e5560000, 0x00000000e5560000, 0x00000000e6ab0000)
 concurrent mark-sweep generation total 393216K, used 0K [0x00000000e8000000, 0x0000000100000000, 0x0000000100000000)
 Metaspace       used 28022K, capacity 28600K, committed 28796K, reserved 1075200K
  class space    used 3227K, capacity 3425K, committed 3452K, reserved 1048576K
2018-06-19T11:55:35.873+0200: 3,430: [GC (Allocation Failure) 2018-06-19T11:55:35.873+0200: 3,430: [ParNew
Desired survivor size 20112992 bytes, new threshold 8 (max 8)
- age   1:   12505656 bytes,   12505656 total
- age   2:    2261208 bytes,   14766864 total
- age   3:     184696 bytes,   14951560 total
- age   4:     183296 bytes,   15134856 total
- age   5:       5456 bytes,   15140312 total
- age   6:     282648 bytes,   15422960 total
- age   7:     943304 bytes,   16366264 total
- age   8:    5972248 bytes,   22338512 total
: 106775K->21824K(109248K), 0,0346870 secs] 106775K->23251K(502464K), 0,0347679 secs] [Times: user=0,12 sys=0,00, real=0,03 secs] 
Heap after GC invocations=8 (full 1):
 par new generation   total 109248K, used 21824K [0x00000000e0000000, 0x00000000e8000000, 0x00000000e8000000)
  eden space 87424K,   0% used [0x00000000e0000000, 0x00000000e0000000, 0x00000000e5560000)
  from space 21824K, 100% used [0x00000000e5560000, 0x00000000e6ab0000, 0x00000000e6ab0000)
  to   space 21824K,   0% used [0x00000000e6ab0000, 0x00000000e6ab0000, 0x00000000e8000000)
 concurrent mark-sweep generation total 393216K, used 1427K [0x00000000e8000000, 0x0000000100000000, 0x0000000100000000)
 Metaspace       used 28022K, capacity 28600K, committed 28796K, reserved 1075200K
  class space    used 3227K, capacity 3425K, committed 3452K, reserved 1048576K
}
2018-06-19T11:55:35.908+0200: 3,464: Total time for which application threads were stopped: 0,0350867 seconds, Stopping threads took: 0,0000751 seconds
{Heap before GC invocations=8 (full 1):
 par new generation   total 109248K, used 109248K [0x00000000e0000000, 0x00000000e8000000, 0x00000000e8000000)
  eden space 87424K, 100% used [0x00000000e0000000, 0x00000000e5560000, 0x00000000e5560000)
  from space 21824K, 100% used [0x00000000e5560000, 0x00000000e6ab0000, 0x00000000e6ab0000)
  to   space 21824K,   0% used [0x00000000e6ab0000, 0x00000000e6ab0000, 0x00000000e8000000)
 concurrent mark-sweep generation total 393216K, used 1427K [0x00000000e8000000, 0x0000000100000000, 0x0000000100000000)
 Metaspace       used 28067K, capacity 28686K, committed 28796K, reserved 1075200K
  class space    used 3229K, capacity 3429K, committed 3452K, reserved 1048576K
2018-06-19T11:55:35.983+0200: 3,539: [GC (Allocation Failure) 2018-06-19T11:55:35.983+0200: 3,539: [ParNew
Desired survivor size 20112992 bytes, new threshold 8 (max 8)
- age   1:    1396248 bytes,    1396248 total
- age   2:   11598032 bytes,   12994280 total
- age   3:    2258592 bytes,   15252872 total
- age   4:     184696 bytes,   15437568 total
- age   5:     183088 bytes,   15620656 total
- age   6:       5456 bytes,   15626112 total
- age   7:     282648 bytes,   15908760 total
- age   8:     943304 bytes,   16852064 total
: 109248K->21824K(109248K), 0,0585972 secs] 110675K->29156K(502464K), 0,0586953 secs] [Times: user=0,20 sys=0,01, real=0,06 secs] 
Heap after GC invocations=9 (full 1):
 par new generation   total 109248K, used 21824K [0x00000000e0000000, 0x00000000e8000000, 0x00000000e8000000)
  eden space 87424K,   0% used [0x00000000e0000000, 0x00000000e0000000, 0x00000000e5560000)
  from space 21824K, 100% used [0x00000000e6ab0000, 0x00000000e8000000, 0x00000000e8000000)
  to   space 21824K,   0% used [0x00000000e5560000, 0x00000000e5560000, 0x00000000e6ab0000)
 concurrent mark-sweep generation total 393216K, used 7332K [0x00000000e8000000, 0x0000000100000000, 0x0000000100000000)
 Metaspace       used 28067K, capacity 28686K, committed 28796K, reserved 1075200K
  class space    used 3229K, capacity 3429K, committed 3452K, reserved 1048576K
}
2018-06-19T11:55:36.041+0200: 3,598: Total time for which application threads were stopped: 0,0589608 seconds, Stopping threads took: 0,0000674 seconds
{Heap before GC invocations=9 (full 1):
 par new generation   total 109248K, used 109248K [0x00000000e0000000, 0x00000000e8000000, 0x00000000e8000000)
  eden space 87424K, 100% used [0x00000000e0000000, 0x00000000e5560000, 0x00000000e5560000)
  from space 21824K, 100% used [0x00000000e6ab0000, 0x00000000e8000000, 0x00000000e8000000)
  to   space 21824K,   0% used [0x00000000e5560000, 0x00000000e5560000, 0x00000000e6ab0000)
 concurrent mark-sweep generation total 393216K, used 7332K [0x00000000e8000000, 0x0000000100000000, 0x0000000100000000)
 Metaspace       used 28206K, capacity 28896K, committed 29052K, reserved 1075200K
  class space    used 3233K, capacity 3434K, committed 3452K, reserved 1048576K
2018-06-19T11:55:36.258+0200: 3,815: [GC (Allocation Failure) 2018-06-19T11:55:36.258+0200: 3,815: [ParNew
Desired survivor size 20112992 bytes, new threshold 8 (max 8)
- age   1:     981792 bytes,     981792 total
- age   2:     162032 bytes,    1143824 total
- age   3:   11595880 bytes,   12739704 total
- age   4:    2258536 bytes,   14998240 total
- age   5:     184696 bytes,   15182936 total
- age   6:     183088 bytes,   15366024 total
- age   7:       5456 bytes,   15371480 total
- age   8:     282648 bytes,   15654128 total
: 109248K->20006K(109248K), 0,0425022 secs] 116580K->28271K(502464K), 0,0425899 secs] [Times: user=0,14 sys=0,00, real=0,04 secs] 
Heap after GC invocations=10 (full 1):
 par new generation   total 109248K, used 20006K [0x00000000e0000000, 0x00000000e8000000, 0x00000000e8000000)
  eden space 87424K,   0% used [0x00000000e0000000, 0x00000000e0000000, 0x00000000e5560000)
  from space 21824K,  91% used [0x00000000e5560000, 0x00000000e68e9838, 0x00000000e6ab0000)
  to   space 21824K,   0% used [0x00000000e6ab0000, 0x00000000e6ab0000, 0x00000000e8000000)
 concurrent mark-sweep generation total 393216K, used 8265K [0x00000000e8000000, 0x0000000100000000, 0x0000000100000000)
 Metaspace       used 28206K, capacity 28896K, committed 29052K, reserved 1075200K
  class space    used 3233K, capacity 3434K, committed 3452K, reserved 1048576K
}
2018-06-19T11:55:36.301+0200: 3,857: Total time for which application threads were stopped: 0,0495095 seconds, Stopping threads took: 0,0066485 seconds
2018-06-19T11:55:36.505+0200: 4,061: Total time for which application threads were stopped: 0,0004685 seconds, Stopping threads took: 0,0000339 seconds
2018-06-19T11:55:39.505+0200: 7,062: Total time for which application threads were stopped: 0,0000837 seconds, Stopping threads took: 0,0000233 seconds
2018-06-19T11:57:04.518+0200: 92,074: Total time for which application threads were stopped: 0,0001054 seconds, Stopping threads took: 0,0000407 seconds
2018-06-19T11:57:14.519+0200: 102,076: Total time for which application threads were stopped: 0,0001068 seconds, Stopping threads took: 0,0000408 seconds
2018-06-19T11:57:32.765+0200: 120,322: Total time for which application threads were stopped: 0,0004388 seconds, Stopping threads took: 0,0000204 seconds
2018-06-19T11:57:32.766+0200: 120,323: Total time for which application threads were stopped: 0,0004222 seconds, Stopping threads took: 0,0000125 seconds
2018-06-19T11:57:32.781+0200: 120,338: Total time for which application threads were stopped: 0,0001968 seconds, Stopping threads took: 0,0001105 seconds
2018-06-19T11:57:32.795+0200: 120,352: Total time for which application threads were stopped: 0,0002364 seconds, Stopping threads took: 0,0001449 seconds
2018-06-19T11:57:32.797+0200: 120,353: Total time for which application threads were stopped: 0,0001740 seconds, Stopping threads took: 0,0000940 seconds
2018-06-19T11:57:32.800+0200: 120,356: Total time for which application threads were stopped: 0,0009140 seconds, Stopping threads took: 0,0008275 seconds
2018-06-19T11:57:32.801+0200: 120,358: Total time for which application threads were stopped: 0,0001306 seconds, Stopping threads took: 0,0000261 seconds
2018-06-19T11:57:32.808+0200: 120,364: Total time for which application threads were stopped: 0,0041823 seconds, Stopping threads took: 0,0041002 seconds
2018-06-19T11:57:32.809+0200: 120,365: Total time for which application threads were stopped: 0,0001390 seconds, Stopping threads took: 0,0000288 seconds
Heap
 par new generation   total 109248K, used 49280K [0x00000000e0000000, 0x00000000e8000000, 0x00000000e8000000)
  eden space 87424K,  33% used [0x00000000e0000000, 0x00000000e1c96990, 0x00000000e5560000)
  from space 21824K,  91% used [0x00000000e5560000, 0x00000000e68e9838, 0x00000000e6ab0000)
  to   space 21824K,   0% used [0x00000000e6ab0000, 0x00000000e6ab0000, 0x00000000e8000000)
 concurrent mark-sweep generation total 393216K, used 8265K [0x00000000e8000000, 0x0000000100000000, 0x0000000100000000)
 Metaspace       used 28484K, capacity 29232K, committed 29436K, reserved 1075200K
  class space    used 3260K, capacity 3477K, committed 3580K, reserved 1048576K
