OpenJDK 64-Bit Server VM (25.171-b11) for linux-amd64 JRE (1.8.0_171-8u171-b11-0ubuntu0.16.04.1-b11), built on Apr 27 2018 17:19:03 by "buildd" with gcc 5.4.0 20160609
Memory: 4k page, physical 7867600k(836564k free), swap 8076284k(7966068k free)
CommandLine flags: -XX:CMSInitiatingOccupancyFraction=50 -XX:CMSMaxAbortablePrecleanTime=6000 -XX:+CMSParallelRemarkEnabled -XX:+CMSScavengeBeforeRemark -XX:ConcGCThreads=4 -XX:InitialHeapSize=536870912 -XX:MaxHeapSize=536870912 -XX:MaxTenuringThreshold=8 -XX:NewRatio=3 -XX:OldPLABSize=16 -XX:OnOutOfMemoryError=/home/gurnoor/workspace/QTM/solr/bin/oom_solr.sh 8983 /home/gurnoor/workspace/QTM/solr/server/logs -XX:ParallelGCThreads=4 -XX:+ParallelRefProcEnabled -XX:PretenureSizeThreshold=67108864 -XX:+PrintGC -XX:+PrintGCApplicationStoppedTime -XX:+PrintGCDateStamps -XX:+PrintGCDetails -XX:+PrintGCTimeStamps -XX:+PrintHeapAtGC -XX:+PrintTenuringDistribution -XX:SurvivorRatio=4 -XX:TargetSurvivorRatio=90 -XX:ThreadStackSize=256 -XX:+UseCMSInitiatingOccupancyOnly -XX:+UseCompressedClassPointers -XX:+UseCompressedOops -XX:+UseConcMarkSweepGC -XX:+UseParNewGC 
2018-06-19T15:55:12.553+0200: 0,118: Total time for which application threads were stopped: 0,0000687 seconds, Stopping threads took: 0,0000131 seconds
2018-06-19T15:55:12.618+0200: 0,183: Total time for which application threads were stopped: 0,0001166 seconds, Stopping threads took: 0,0000223 seconds
2018-06-19T15:55:12.630+0200: 0,195: Total time for which application threads were stopped: 0,0000841 seconds, Stopping threads took: 0,0000135 seconds
2018-06-19T15:55:12.750+0200: 0,314: Total time for which application threads were stopped: 0,0001436 seconds, Stopping threads took: 0,0000192 seconds
2018-06-19T15:55:12.899+0200: 0,463: Total time for which application threads were stopped: 0,0001380 seconds, Stopping threads took: 0,0000165 seconds
2018-06-19T15:55:12.943+0200: 0,507: Total time for which application threads were stopped: 0,0001815 seconds, Stopping threads took: 0,0000288 seconds
2018-06-19T15:55:12.961+0200: 0,526: Total time for which application threads were stopped: 0,0002116 seconds, Stopping threads took: 0,0000236 seconds
2018-06-19T15:55:13.158+0200: 0,723: Total time for which application threads were stopped: 0,0001899 seconds, Stopping threads took: 0,0000216 seconds
2018-06-19T15:55:13.296+0200: 0,861: Total time for which application threads were stopped: 0,0002916 seconds, Stopping threads took: 0,0000239 seconds
2018-06-19T15:55:13.316+0200: 0,881: Total time for which application threads were stopped: 0,0001813 seconds, Stopping threads took: 0,0000112 seconds
2018-06-19T15:55:13.344+0200: 0,909: Total time for which application threads were stopped: 0,0002579 seconds, Stopping threads took: 0,0000305 seconds
2018-06-19T15:55:13.346+0200: 0,910: Total time for which application threads were stopped: 0,0005097 seconds, Stopping threads took: 0,0002892 seconds
2018-06-19T15:55:13.359+0200: 0,924: Total time for which application threads were stopped: 0,0002448 seconds, Stopping threads took: 0,0000254 seconds
2018-06-19T15:55:13.423+0200: 0,988: Total time for which application threads were stopped: 0,0002348 seconds, Stopping threads took: 0,0000269 seconds
2018-06-19T15:55:13.585+0200: 1,149: Total time for which application threads were stopped: 0,0003150 seconds, Stopping threads took: 0,0000649 seconds
{Heap before GC invocations=0 (full 0):
 par new generation   total 109248K, used 87424K [0x00000000e0000000, 0x00000000e8000000, 0x00000000e8000000)
  eden space 87424K, 100% used [0x00000000e0000000, 0x00000000e5560000, 0x00000000e5560000)
  from space 21824K,   0% used [0x00000000e5560000, 0x00000000e5560000, 0x00000000e6ab0000)
  to   space 21824K,   0% used [0x00000000e6ab0000, 0x00000000e6ab0000, 0x00000000e8000000)
 concurrent mark-sweep generation total 393216K, used 0K [0x00000000e8000000, 0x0000000100000000, 0x0000000100000000)
 Metaspace       used 18150K, capacity 18472K, committed 18688K, reserved 1064960K
  class space    used 2051K, capacity 2198K, committed 2304K, reserved 1048576K
2018-06-19T15:55:13.678+0200: 1,243: [GC (Allocation Failure) 2018-06-19T15:55:13.678+0200: 1,243: [ParNew
Desired survivor size 20112992 bytes, new threshold 8 (max 8)
- age   1:   12577456 bytes,   12577456 total
: 87424K->12400K(109248K), 0,0113292 secs] 87424K->12400K(502464K), 0,0113917 secs] [Times: user=0,04 sys=0,00, real=0,01 secs] 
Heap after GC invocations=1 (full 0):
 par new generation   total 109248K, used 12400K [0x00000000e0000000, 0x00000000e8000000, 0x00000000e8000000)
  eden space 87424K,   0% used [0x00000000e0000000, 0x00000000e0000000, 0x00000000e5560000)
  from space 21824K,  56% used [0x00000000e6ab0000, 0x00000000e76cc0e8, 0x00000000e8000000)
  to   space 21824K,   0% used [0x00000000e5560000, 0x00000000e5560000, 0x00000000e6ab0000)
 concurrent mark-sweep generation total 393216K, used 0K [0x00000000e8000000, 0x0000000100000000, 0x0000000100000000)
 Metaspace       used 18150K, capacity 18472K, committed 18688K, reserved 1064960K
  class space    used 2051K, capacity 2198K, committed 2304K, reserved 1048576K
}
2018-06-19T15:55:13.690+0200: 1,254: Total time for which application threads were stopped: 0,0116369 seconds, Stopping threads took: 0,0000229 seconds
2018-06-19T15:55:13.916+0200: 1,481: Total time for which application threads were stopped: 0,0004141 seconds, Stopping threads took: 0,0000759 seconds
2018-06-19T15:55:13.959+0200: 1,524: Total time for which application threads were stopped: 0,0004611 seconds, Stopping threads took: 0,0000730 seconds
{Heap before GC invocations=1 (full 0):
 par new generation   total 109248K, used 99824K [0x00000000e0000000, 0x00000000e8000000, 0x00000000e8000000)
  eden space 87424K, 100% used [0x00000000e0000000, 0x00000000e5560000, 0x00000000e5560000)
  from space 21824K,  56% used [0x00000000e6ab0000, 0x00000000e76cc0e8, 0x00000000e8000000)
  to   space 21824K,   0% used [0x00000000e5560000, 0x00000000e5560000, 0x00000000e6ab0000)
 concurrent mark-sweep generation total 393216K, used 0K [0x00000000e8000000, 0x0000000100000000, 0x0000000100000000)
 Metaspace       used 20081K, capacity 20432K, committed 20736K, reserved 1067008K
  class space    used 2301K, capacity 2470K, committed 2560K, reserved 1048576K
2018-06-19T15:55:13.978+0200: 1,543: [GC (Allocation Failure) 2018-06-19T15:55:13.978+0200: 1,543: [ParNew
Desired survivor size 20112992 bytes, new threshold 8 (max 8)
- age   1:    2846624 bytes,    2846624 total
- age   2:    6509696 bytes,    9356320 total
: 99824K->13583K(109248K), 0,0131275 secs] 99824K->13583K(502464K), 0,0132211 secs] [Times: user=0,04 sys=0,01, real=0,02 secs] 
Heap after GC invocations=2 (full 0):
 par new generation   total 109248K, used 13583K [0x00000000e0000000, 0x00000000e8000000, 0x00000000e8000000)
  eden space 87424K,   0% used [0x00000000e0000000, 0x00000000e0000000, 0x00000000e5560000)
  from space 21824K,  62% used [0x00000000e5560000, 0x00000000e62a3ea8, 0x00000000e6ab0000)
  to   space 21824K,   0% used [0x00000000e6ab0000, 0x00000000e6ab0000, 0x00000000e8000000)
 concurrent mark-sweep generation total 393216K, used 0K [0x00000000e8000000, 0x0000000100000000, 0x0000000100000000)
 Metaspace       used 20081K, capacity 20432K, committed 20736K, reserved 1067008K
  class space    used 2301K, capacity 2470K, committed 2560K, reserved 1048576K
}
2018-06-19T15:55:13.991+0200: 1,556: Total time for which application threads were stopped: 0,0157084 seconds, Stopping threads took: 0,0023130 seconds
2018-06-19T15:55:14.018+0200: 1,582: Total time for which application threads were stopped: 0,0004691 seconds, Stopping threads took: 0,0000791 seconds
2018-06-19T15:55:14.155+0200: 1,719: Total time for which application threads were stopped: 0,0002093 seconds, Stopping threads took: 0,0000706 seconds
{Heap before GC invocations=2 (full 0):
 par new generation   total 109248K, used 101007K [0x00000000e0000000, 0x00000000e8000000, 0x00000000e8000000)
  eden space 87424K, 100% used [0x00000000e0000000, 0x00000000e5560000, 0x00000000e5560000)
  from space 21824K,  62% used [0x00000000e5560000, 0x00000000e62a3ea8, 0x00000000e6ab0000)
  to   space 21824K,   0% used [0x00000000e6ab0000, 0x00000000e6ab0000, 0x00000000e8000000)
 concurrent mark-sweep generation total 393216K, used 0K [0x00000000e8000000, 0x0000000100000000, 0x0000000100000000)
 Metaspace       used 21015K, capacity 21354K, committed 21628K, reserved 1069056K
  class space    used 2427K, capacity 2589K, committed 2684K, reserved 1048576K
2018-06-19T15:55:14.207+0200: 1,772: [GC (Allocation Failure) 2018-06-19T15:55:14.207+0200: 1,772: [ParNew
Desired survivor size 20112992 bytes, new threshold 8 (max 8)
- age   1:    2322440 bytes,    2322440 total
- age   2:     490584 bytes,    2813024 total
- age   3:    6494952 bytes,    9307976 total
: 101007K->12075K(109248K), 0,0127357 secs] 101007K->12075K(502464K), 0,0128175 secs] [Times: user=0,05 sys=0,00, real=0,01 secs] 
Heap after GC invocations=3 (full 0):
 par new generation   total 109248K, used 12075K [0x00000000e0000000, 0x00000000e8000000, 0x00000000e8000000)
  eden space 87424K,   0% used [0x00000000e0000000, 0x00000000e0000000, 0x00000000e5560000)
  from space 21824K,  55% used [0x00000000e6ab0000, 0x00000000e767ad08, 0x00000000e8000000)
  to   space 21824K,   0% used [0x00000000e5560000, 0x00000000e5560000, 0x00000000e6ab0000)
 concurrent mark-sweep generation total 393216K, used 0K [0x00000000e8000000, 0x0000000100000000, 0x0000000100000000)
 Metaspace       used 21015K, capacity 21354K, committed 21628K, reserved 1069056K
  class space    used 2427K, capacity 2589K, committed 2684K, reserved 1048576K
}
2018-06-19T15:55:14.220+0200: 1,784: Total time for which application threads were stopped: 0,0139036 seconds, Stopping threads took: 0,0009301 seconds
2018-06-19T15:55:14.223+0200: 1,787: [GC (CMS Initial Mark) [1 CMS-initial-mark: 0K(393216K)] 13526K(502464K), 0,0033568 secs] [Times: user=0,02 sys=0,00, real=0,00 secs] 
2018-06-19T15:55:14.226+0200: 1,791: Total time for which application threads were stopped: 0,0064131 seconds, Stopping threads took: 0,0029545 seconds
2018-06-19T15:55:14.226+0200: 1,791: [CMS-concurrent-mark-start]
2018-06-19T15:55:14.227+0200: 1,791: [CMS-concurrent-mark: 0,000/0,000 secs] [Times: user=0,00 sys=0,00, real=0,00 secs] 
2018-06-19T15:55:14.227+0200: 1,791: [CMS-concurrent-preclean-start]
2018-06-19T15:55:14.228+0200: 1,793: [CMS-concurrent-preclean: 0,001/0,001 secs] [Times: user=0,00 sys=0,00, real=0,00 secs] 
2018-06-19T15:55:14.228+0200: 1,793: [CMS-concurrent-abortable-preclean-start]
2018-06-19T15:55:14.258+0200: 1,823: Total time for which application threads were stopped: 0,0001752 seconds, Stopping threads took: 0,0000638 seconds
{Heap before GC invocations=3 (full 1):
 par new generation   total 109248K, used 99499K [0x00000000e0000000, 0x00000000e8000000, 0x00000000e8000000)
  eden space 87424K, 100% used [0x00000000e0000000, 0x00000000e5560000, 0x00000000e5560000)
  from space 21824K,  55% used [0x00000000e6ab0000, 0x00000000e767ad08, 0x00000000e8000000)
  to   space 21824K,   0% used [0x00000000e5560000, 0x00000000e5560000, 0x00000000e6ab0000)
 concurrent mark-sweep generation total 393216K, used 0K [0x00000000e8000000, 0x0000000100000000, 0x0000000100000000)
 Metaspace       used 21290K, capacity 21700K, committed 21884K, reserved 1069056K
  class space    used 2452K, capacity 2605K, committed 2684K, reserved 1048576K
2018-06-19T15:55:14.357+0200: 1,922: [GC (Allocation Failure) 2018-06-19T15:55:14.357+0200: 1,922: [ParNew
Desired survivor size 20112992 bytes, new threshold 8 (max 8)
- age   1:     665080 bytes,     665080 total
- age   2:    1451056 bytes,    2116136 total
- age   3:     490328 bytes,    2606464 total
- age   4:    6495112 bytes,    9101576 total
: 99499K->11875K(109248K), 0,0089883 secs] 99499K->11875K(502464K), 0,0090548 secs] [Times: user=0,03 sys=0,00, real=0,01 secs] 
Heap after GC invocations=4 (full 1):
 par new generation   total 109248K, used 11875K [0x00000000e0000000, 0x00000000e8000000, 0x00000000e8000000)
  eden space 87424K,   0% used [0x00000000e0000000, 0x00000000e0000000, 0x00000000e5560000)
  from space 21824K,  54% used [0x00000000e5560000, 0x00000000e60f8fc0, 0x00000000e6ab0000)
  to   space 21824K,   0% used [0x00000000e6ab0000, 0x00000000e6ab0000, 0x00000000e8000000)
 concurrent mark-sweep generation total 393216K, used 0K [0x00000000e8000000, 0x0000000100000000, 0x0000000100000000)
 Metaspace       used 21290K, capacity 21700K, committed 21884K, reserved 1069056K
  class space    used 2452K, capacity 2605K, committed 2684K, reserved 1048576K
}
2018-06-19T15:55:14.366+0200: 1,931: Total time for which application threads were stopped: 0,0111377 seconds, Stopping threads took: 0,0019349 seconds
2018-06-19T15:55:14.366+0200: 1,931: [CMS-concurrent-abortable-preclean: 0,125/0,138 secs] [Times: user=0,54 sys=0,00, real=0,14 secs] 
2018-06-19T15:55:14.370+0200: 1,934: [GC (CMS Final Remark) [YG occupancy: 12546 K (109248 K)]{Heap before GC invocations=4 (full 1):
 par new generation   total 109248K, used 12546K [0x00000000e0000000, 0x00000000e8000000, 0x00000000e8000000)
  eden space 87424K,   0% used [0x00000000e0000000, 0x00000000e00a7b60, 0x00000000e5560000)
  from space 21824K,  54% used [0x00000000e5560000, 0x00000000e60f8fc0, 0x00000000e6ab0000)
  to   space 21824K,   0% used [0x00000000e6ab0000, 0x00000000e6ab0000, 0x00000000e8000000)
 concurrent mark-sweep generation total 393216K, used 0K [0x00000000e8000000, 0x0000000100000000, 0x0000000100000000)
 Metaspace       used 21290K, capacity 21700K, committed 21884K, reserved 1069056K
  class space    used 2452K, capacity 2605K, committed 2684K, reserved 1048576K
2018-06-19T15:55:14.370+0200: 1,934: [GC (CMS Final Remark) 2018-06-19T15:55:14.370+0200: 1,934: [ParNew
Desired survivor size 20112992 bytes, new threshold 8 (max 8)
- age   1:      99024 bytes,      99024 total
- age   2:     587344 bytes,     686368 total
- age   3:    1451056 bytes,    2137424 total
- age   4:     490328 bytes,    2627752 total
- age   5:    6495040 bytes,    9122792 total
: 12546K->11301K(109248K), 0,0087053 secs] 12546K->11301K(502464K), 0,0087459 secs] [Times: user=0,04 sys=0,00, real=0,01 secs] 
Heap after GC invocations=5 (full 1):
 par new generation   total 109248K, used 11301K [0x00000000e0000000, 0x00000000e8000000, 0x00000000e8000000)
  eden space 87424K,   0% used [0x00000000e0000000, 0x00000000e0000000, 0x00000000e5560000)
  from space 21824K,  51% used [0x00000000e6ab0000, 0x00000000e75b9640, 0x00000000e8000000)
  to   space 21824K,   0% used [0x00000000e5560000, 0x00000000e5560000, 0x00000000e6ab0000)
 concurrent mark-sweep generation total 393216K, used 0K [0x00000000e8000000, 0x0000000100000000, 0x0000000100000000)
 Metaspace       used 21290K, capacity 21700K, committed 21884K, reserved 1069056K
  class space    used 2452K, capacity 2605K, committed 2684K, reserved 1048576K
}
2018-06-19T15:55:14.379+0200: 1,943: [Rescan (parallel) , 0,0030639 secs]2018-06-19T15:55:14.382+0200: 1,946: [weak refs processing, 0,0010712 secs]2018-06-19T15:55:14.383+0200: 1,947: [class unloading, 0,0029703 secs]2018-06-19T15:55:14.386+0200: 1,950: [scrub symbol table, 0,0027300 secs]2018-06-19T15:55:14.389+0200: 1,953: [scrub string table, 0,0004045 secs][1 CMS-remark: 0K(393216K)] 11301K(502464K), 0,0197333 secs] [Times: user=0,06 sys=0,00, real=0,02 secs] 
2018-06-19T15:55:14.390+0200: 1,954: Total time for which application threads were stopped: 0,0233132 seconds, Stopping threads took: 0,0035045 seconds
2018-06-19T15:55:14.390+0200: 1,954: [CMS-concurrent-sweep-start]
2018-06-19T15:55:14.390+0200: 1,954: [CMS-concurrent-sweep: 0,000/0,000 secs] [Times: user=0,00 sys=0,00, real=0,00 secs] 
2018-06-19T15:55:14.390+0200: 1,954: [CMS-concurrent-reset-start]
2018-06-19T15:55:14.393+0200: 1,958: [CMS-concurrent-reset: 0,004/0,004 secs] [Times: user=0,01 sys=0,00, real=0,01 secs] 
{Heap before GC invocations=5 (full 1):
 par new generation   total 109248K, used 98725K [0x00000000e0000000, 0x00000000e8000000, 0x00000000e8000000)
  eden space 87424K, 100% used [0x00000000e0000000, 0x00000000e5560000, 0x00000000e5560000)
  from space 21824K,  51% used [0x00000000e6ab0000, 0x00000000e75b9640, 0x00000000e8000000)
  to   space 21824K,   0% used [0x00000000e5560000, 0x00000000e5560000, 0x00000000e6ab0000)
 concurrent mark-sweep generation total 393216K, used 0K [0x00000000e8000000, 0x0000000100000000, 0x0000000100000000)
 Metaspace       used 21490K, capacity 21872K, committed 22140K, reserved 1069056K
  class space    used 2483K, capacity 2639K, committed 2684K, reserved 1048576K
2018-06-19T15:55:14.490+0200: 2,055: [GC (Allocation Failure) 2018-06-19T15:55:14.490+0200: 2,055: [ParNew
Desired survivor size 20112992 bytes, new threshold 8 (max 8)
- age   1:     567368 bytes,     567368 total
- age   3:     186704 bytes,     754072 total
- age   4:    1449160 bytes,    2203232 total
- age   5:     484536 bytes,    2687768 total
- age   6:    6494936 bytes,    9182704 total
: 98725K->13670K(109248K), 0,0142344 secs] 98725K->13670K(502464K), 0,0143036 secs] [Times: user=0,04 sys=0,00, real=0,02 secs] 
Heap after GC invocations=6 (full 1):
 par new generation   total 109248K, used 13670K [0x00000000e0000000, 0x00000000e8000000, 0x00000000e8000000)
  eden space 87424K,   0% used [0x00000000e0000000, 0x00000000e0000000, 0x00000000e5560000)
  from space 21824K,  62% used [0x00000000e5560000, 0x00000000e62b9ae8, 0x00000000e6ab0000)
  to   space 21824K,   0% used [0x00000000e6ab0000, 0x00000000e6ab0000, 0x00000000e8000000)
 concurrent mark-sweep generation total 393216K, used 0K [0x00000000e8000000, 0x0000000100000000, 0x0000000100000000)
 Metaspace       used 21490K, capacity 21872K, committed 22140K, reserved 1069056K
  class space    used 2483K, capacity 2639K, committed 2684K, reserved 1048576K
}
2018-06-19T15:55:14.505+0200: 2,069: Total time for which application threads were stopped: 0,0145446 seconds, Stopping threads took: 0,0000967 seconds
2018-06-19T15:55:14.527+0200: 2,092: Total time for which application threads were stopped: 0,0004054 seconds, Stopping threads took: 0,0000348 seconds
2018-06-19T15:55:14.786+0200: 2,350: Total time for which application threads were stopped: 0,0004535 seconds, Stopping threads took: 0,0000430 seconds
2018-06-19T15:55:14.797+0200: 2,362: Total time for which application threads were stopped: 0,0004025 seconds, Stopping threads took: 0,0000227 seconds
{Heap before GC invocations=6 (full 1):
 par new generation   total 109248K, used 101094K [0x00000000e0000000, 0x00000000e8000000, 0x00000000e8000000)
  eden space 87424K, 100% used [0x00000000e0000000, 0x00000000e5560000, 0x00000000e5560000)
  from space 21824K,  62% used [0x00000000e5560000, 0x00000000e62b9ae8, 0x00000000e6ab0000)
  to   space 21824K,   0% used [0x00000000e6ab0000, 0x00000000e6ab0000, 0x00000000e8000000)
 concurrent mark-sweep generation total 393216K, used 0K [0x00000000e8000000, 0x0000000100000000, 0x0000000100000000)
 Metaspace       used 25509K, capacity 26090K, committed 26236K, reserved 1073152K
  class space    used 2954K, capacity 3156K, committed 3196K, reserved 1048576K
2018-06-19T15:55:15.103+0200: 2,667: [GC (Allocation Failure) 2018-06-19T15:55:15.103+0200: 2,668: [ParNew
Desired survivor size 20112992 bytes, new threshold 8 (max 8)
- age   1:    9653408 bytes,    9653408 total
- age   2:     162632 bytes,    9816040 total
- age   4:     185640 bytes,   10001680 total
- age   5:     276088 bytes,   10277768 total
- age   6:     464520 bytes,   10742288 total
- age   7:    6487944 bytes,   17230232 total
: 101094K->19925K(109248K), 0,0338638 secs] 101094K->19925K(502464K), 0,0339480 secs] [Times: user=0,10 sys=0,00, real=0,03 secs] 
Heap after GC invocations=7 (full 1):
 par new generation   total 109248K, used 19925K [0x00000000e0000000, 0x00000000e8000000, 0x00000000e8000000)
  eden space 87424K,   0% used [0x00000000e0000000, 0x00000000e0000000, 0x00000000e5560000)
  from space 21824K,  91% used [0x00000000e6ab0000, 0x00000000e7e254d8, 0x00000000e8000000)
  to   space 21824K,   0% used [0x00000000e5560000, 0x00000000e5560000, 0x00000000e6ab0000)
 concurrent mark-sweep generation total 393216K, used 0K [0x00000000e8000000, 0x0000000100000000, 0x0000000100000000)
 Metaspace       used 25509K, capacity 26090K, committed 26236K, reserved 1073152K
  class space    used 2954K, capacity 3156K, committed 3196K, reserved 1048576K
}
2018-06-19T15:55:15.137+0200: 2,701: Total time for which application threads were stopped: 0,0346773 seconds, Stopping threads took: 0,0003884 seconds
2018-06-19T15:55:15.216+0200: 2,781: Total time for which application threads were stopped: 0,0005392 seconds, Stopping threads took: 0,0000507 seconds
2018-06-19T15:55:15.233+0200: 2,797: Total time for which application threads were stopped: 0,0004883 seconds, Stopping threads took: 0,0000494 seconds
2018-06-19T15:55:15.292+0200: 2,856: Total time for which application threads were stopped: 0,0005608 seconds, Stopping threads took: 0,0000360 seconds
2018-06-19T15:55:15.405+0200: 2,970: Total time for which application threads were stopped: 0,0005909 seconds, Stopping threads took: 0,0001277 seconds
{Heap before GC invocations=7 (full 1):
 par new generation   total 109248K, used 107349K [0x00000000e0000000, 0x00000000e8000000, 0x00000000e8000000)
  eden space 87424K, 100% used [0x00000000e0000000, 0x00000000e5560000, 0x00000000e5560000)
  from space 21824K,  91% used [0x00000000e6ab0000, 0x00000000e7e254d8, 0x00000000e8000000)
  to   space 21824K,   0% used [0x00000000e5560000, 0x00000000e5560000, 0x00000000e6ab0000)
 concurrent mark-sweep generation total 393216K, used 0K [0x00000000e8000000, 0x0000000100000000, 0x0000000100000000)
 Metaspace       used 27922K, capacity 28468K, committed 28796K, reserved 1075200K
  class space    used 3212K, capacity 3387K, committed 3452K, reserved 1048576K
2018-06-19T15:55:15.539+0200: 3,104: [GC (Allocation Failure) 2018-06-19T15:55:15.539+0200: 3,104: [ParNew
Desired survivor size 20112992 bytes, new threshold 8 (max 8)
- age   1:    8777128 bytes,    8777128 total
- age   2:    6001016 bytes,   14778144 total
- age   3:     154040 bytes,   14932184 total
- age   5:     166072 bytes,   15098256 total
- age   6:     262376 bytes,   15360632 total
- age   7:     456416 bytes,   15817048 total
- age   8:    6480984 bytes,   22298032 total
: 107349K->21824K(109248K), 0,0288728 secs] 107349K->22532K(502464K), 0,0289851 secs] [Times: user=0,11 sys=0,00, real=0,03 secs] 
Heap after GC invocations=8 (full 1):
 par new generation   total 109248K, used 21824K [0x00000000e0000000, 0x00000000e8000000, 0x00000000e8000000)
  eden space 87424K,   0% used [0x00000000e0000000, 0x00000000e0000000, 0x00000000e5560000)
  from space 21824K, 100% used [0x00000000e5560000, 0x00000000e6ab0000, 0x00000000e6ab0000)
  to   space 21824K,   0% used [0x00000000e6ab0000, 0x00000000e6ab0000, 0x00000000e8000000)
 concurrent mark-sweep generation total 393216K, used 708K [0x00000000e8000000, 0x0000000100000000, 0x0000000100000000)
 Metaspace       used 27922K, capacity 28468K, committed 28796K, reserved 1075200K
  class space    used 3212K, capacity 3387K, committed 3452K, reserved 1048576K
}
2018-06-19T15:55:15.568+0200: 3,133: Total time for which application threads were stopped: 0,0298721 seconds, Stopping threads took: 0,0005882 seconds
{Heap before GC invocations=8 (full 1):
 par new generation   total 109248K, used 109248K [0x00000000e0000000, 0x00000000e8000000, 0x00000000e8000000)
  eden space 87424K, 100% used [0x00000000e0000000, 0x00000000e5560000, 0x00000000e5560000)
  from space 21824K, 100% used [0x00000000e5560000, 0x00000000e6ab0000, 0x00000000e6ab0000)
  to   space 21824K,   0% used [0x00000000e6ab0000, 0x00000000e6ab0000, 0x00000000e8000000)
 concurrent mark-sweep generation total 393216K, used 708K [0x00000000e8000000, 0x0000000100000000, 0x0000000100000000)
 Metaspace       used 27962K, capacity 28544K, committed 28796K, reserved 1075200K
  class space    used 3213K, capacity 3389K, committed 3452K, reserved 1048576K
2018-06-19T15:55:15.647+0200: 3,212: [GC (Allocation Failure) 2018-06-19T15:55:15.647+0200: 3,212: [ParNew
Desired survivor size 20112992 bytes, new threshold 8 (max 8)
- age   1:    2315664 bytes,    2315664 total
- age   2:    7238888 bytes,    9554552 total
- age   3:    5582528 bytes,   15137080 total
- age   4:     106240 bytes,   15243320 total
- age   6:     125600 bytes,   15368920 total
- age   7:     224392 bytes,   15593312 total
- age   8:     456352 bytes,   16049664 total
: 109248K->21824K(109248K), 0,0664656 secs] 109956K->29474K(502464K), 0,0665797 secs] [Times: user=0,18 sys=0,02, real=0,07 secs] 
Heap after GC invocations=9 (full 1):
 par new generation   total 109248K, used 21824K [0x00000000e0000000, 0x00000000e8000000, 0x00000000e8000000)
  eden space 87424K,   0% used [0x00000000e0000000, 0x00000000e0000000, 0x00000000e5560000)
  from space 21824K, 100% used [0x00000000e6ab0000, 0x00000000e8000000, 0x00000000e8000000)
  to   space 21824K,   0% used [0x00000000e5560000, 0x00000000e5560000, 0x00000000e6ab0000)
 concurrent mark-sweep generation total 393216K, used 7650K [0x00000000e8000000, 0x0000000100000000, 0x0000000100000000)
 Metaspace       used 27962K, capacity 28544K, committed 28796K, reserved 1075200K
  class space    used 3213K, capacity 3389K, committed 3452K, reserved 1048576K
}
2018-06-19T15:55:15.714+0200: 3,278: Total time for which application threads were stopped: 0,0759900 seconds, Stopping threads took: 0,0091856 seconds
{Heap before GC invocations=9 (full 1):
 par new generation   total 109248K, used 109248K [0x00000000e0000000, 0x00000000e8000000, 0x00000000e8000000)
  eden space 87424K, 100% used [0x00000000e0000000, 0x00000000e5560000, 0x00000000e5560000)
  from space 21824K, 100% used [0x00000000e6ab0000, 0x00000000e8000000, 0x00000000e8000000)
  to   space 21824K,   0% used [0x00000000e5560000, 0x00000000e5560000, 0x00000000e6ab0000)
 concurrent mark-sweep generation total 393216K, used 7650K [0x00000000e8000000, 0x0000000100000000, 0x0000000100000000)
 Metaspace       used 28004K, capacity 28570K, committed 28796K, reserved 1075200K
  class space    used 3216K, capacity 3394K, committed 3452K, reserved 1048576K
2018-06-19T15:55:15.775+0200: 3,340: [GC (Allocation Failure) 2018-06-19T15:55:15.775+0200: 3,340: [ParNew
Desired survivor size 20112992 bytes, new threshold 8 (max 8)
- age   1:     764992 bytes,     764992 total
- age   2:    1371808 bytes,    2136800 total
- age   3:    7238888 bytes,    9375688 total
- age   4:    5582528 bytes,   14958216 total
- age   5:     106240 bytes,   15064456 total
- age   7:     125496 bytes,   15189952 total
- age   8:     224392 bytes,   15414344 total
: 109248K->18925K(109248K), 0,0329757 secs] 116898K->27033K(502464K), 0,0330603 secs] [Times: user=0,11 sys=0,01, real=0,03 secs] 
Heap after GC invocations=10 (full 1):
 par new generation   total 109248K, used 18925K [0x00000000e0000000, 0x00000000e8000000, 0x00000000e8000000)
  eden space 87424K,   0% used [0x00000000e0000000, 0x00000000e0000000, 0x00000000e5560000)
  from space 21824K,  86% used [0x00000000e5560000, 0x00000000e67db708, 0x00000000e6ab0000)
  to   space 21824K,   0% used [0x00000000e6ab0000, 0x00000000e6ab0000, 0x00000000e8000000)
 concurrent mark-sweep generation total 393216K, used 8108K [0x00000000e8000000, 0x0000000100000000, 0x0000000100000000)
 Metaspace       used 28004K, capacity 28570K, committed 28796K, reserved 1075200K
  class space    used 3216K, capacity 3394K, committed 3452K, reserved 1048576K
}
2018-06-19T15:55:15.808+0200: 3,373: Total time for which application threads were stopped: 0,0341071 seconds, Stopping threads took: 0,0008501 seconds
{Heap before GC invocations=10 (full 1):
 par new generation   total 109248K, used 106349K [0x00000000e0000000, 0x00000000e8000000, 0x00000000e8000000)
  eden space 87424K, 100% used [0x00000000e0000000, 0x00000000e5560000, 0x00000000e5560000)
  from space 21824K,  86% used [0x00000000e5560000, 0x00000000e67db708, 0x00000000e6ab0000)
  to   space 21824K,   0% used [0x00000000e6ab0000, 0x00000000e6ab0000, 0x00000000e8000000)
 concurrent mark-sweep generation total 393216K, used 8108K [0x00000000e8000000, 0x0000000100000000, 0x0000000100000000)
 Metaspace       used 28034K, capacity 28644K, committed 28796K, reserved 1075200K
  class space    used 3218K, capacity 3396K, committed 3452K, reserved 1048576K
2018-06-19T15:55:15.894+0200: 3,459: [GC (Allocation Failure) 2018-06-19T15:55:15.894+0200: 3,459: [ParNew
Desired survivor size 20112992 bytes, new threshold 8 (max 8)
- age   1:     380776 bytes,     380776 total
- age   2:     113640 bytes,     494416 total
- age   3:     983128 bytes,    1477544 total
- age   4:    7238888 bytes,    8716432 total
- age   5:    5582528 bytes,   14298960 total
- age   6:     106240 bytes,   14405200 total
- age   8:     125496 bytes,   14530696 total
: 106349K->21577K(109248K), 0,0262686 secs] 114457K->29911K(502464K), 0,0263465 secs] [Times: user=0,10 sys=0,00, real=0,02 secs] 
Heap after GC invocations=11 (full 1):
 par new generation   total 109248K, used 21577K [0x00000000e0000000, 0x00000000e8000000, 0x00000000e8000000)
  eden space 87424K,   0% used [0x00000000e0000000, 0x00000000e0000000, 0x00000000e5560000)
  from space 21824K,  98% used [0x00000000e6ab0000, 0x00000000e7fc27f0, 0x00000000e8000000)
  to   space 21824K,   0% used [0x00000000e5560000, 0x00000000e5560000, 0x00000000e6ab0000)
 concurrent mark-sweep generation total 393216K, used 8333K [0x00000000e8000000, 0x0000000100000000, 0x0000000100000000)
 Metaspace       used 28034K, capacity 28644K, committed 28796K, reserved 1075200K
  class space    used 3218K, capacity 3396K, committed 3452K, reserved 1048576K
}
2018-06-19T15:55:15.920+0200: 3,485: Total time for which application threads were stopped: 0,0265702 seconds, Stopping threads took: 0,0000413 seconds
2018-06-19T15:55:16.496+0200: 4,060: Total time for which application threads were stopped: 0,0007294 seconds, Stopping threads took: 0,0000369 seconds
2018-06-19T15:55:25.054+0200: 12,619: Total time for which application threads were stopped: 0,0001064 seconds, Stopping threads took: 0,0000296 seconds
2018-06-19T15:55:25.058+0200: 12,623: Total time for which application threads were stopped: 0,0000957 seconds, Stopping threads took: 0,0000237 seconds
2018-06-19T15:55:25.117+0200: 12,681: Total time for which application threads were stopped: 0,0006064 seconds, Stopping threads took: 0,0000475 seconds
2018-06-19T15:55:25.141+0200: 12,705: Total time for which application threads were stopped: 0,0001306 seconds, Stopping threads took: 0,0000490 seconds
2018-06-19T15:55:25.141+0200: 12,706: Total time for which application threads were stopped: 0,0000731 seconds, Stopping threads took: 0,0000345 seconds
2018-06-19T15:55:26.141+0200: 13,706: Total time for which application threads were stopped: 0,0000855 seconds, Stopping threads took: 0,0000218 seconds
2018-06-19T15:55:29.142+0200: 16,706: Total time for which application threads were stopped: 0,0000823 seconds, Stopping threads took: 0,0000218 seconds
2018-06-19T15:55:38.734+0200: 26,299: Total time for which application threads were stopped: 0,0001826 seconds, Stopping threads took: 0,0000569 seconds
2018-06-19T15:55:38.806+0200: 26,371: Total time for which application threads were stopped: 0,0001201 seconds, Stopping threads took: 0,0000258 seconds
2018-06-19T15:55:39.806+0200: 27,371: Total time for which application threads were stopped: 0,0001032 seconds, Stopping threads took: 0,0000195 seconds
2018-06-19T15:55:50.808+0200: 38,372: Total time for which application threads were stopped: 0,0001324 seconds, Stopping threads took: 0,0000377 seconds
2018-06-19T15:55:52.808+0200: 40,373: Total time for which application threads were stopped: 0,0000799 seconds, Stopping threads took: 0,0000191 seconds
2018-06-19T15:56:10.811+0200: 58,376: Total time for which application threads were stopped: 0,0006790 seconds, Stopping threads took: 0,0001395 seconds
2018-06-19T15:56:11.502+0200: 59,066: Total time for which application threads were stopped: 0,0001468 seconds, Stopping threads took: 0,0000510 seconds
2018-06-19T15:56:11.522+0200: 59,087: Total time for which application threads were stopped: 0,0005454 seconds, Stopping threads took: 0,0000233 seconds
2018-06-19T15:56:11.523+0200: 59,088: Total time for which application threads were stopped: 0,0005875 seconds, Stopping threads took: 0,0000389 seconds
2018-06-19T15:56:11.529+0200: 59,094: Total time for which application threads were stopped: 0,0001596 seconds, Stopping threads took: 0,0000309 seconds
2018-06-19T15:56:11.533+0200: 59,098: Total time for which application threads were stopped: 0,0006790 seconds, Stopping threads took: 0,0005191 seconds
2018-06-19T15:56:11.538+0200: 59,103: Total time for which application threads were stopped: 0,0007045 seconds, Stopping threads took: 0,0005682 seconds
2018-06-19T15:56:11.540+0200: 59,105: Total time for which application threads were stopped: 0,0002037 seconds, Stopping threads took: 0,0000559 seconds
2018-06-19T15:56:11.540+0200: 59,105: Total time for which application threads were stopped: 0,0001652 seconds, Stopping threads took: 0,0000180 seconds
2018-06-19T15:56:11.542+0200: 59,106: Total time for which application threads were stopped: 0,0001775 seconds, Stopping threads took: 0,0000540 seconds
2018-06-19T15:56:11.542+0200: 59,106: Total time for which application threads were stopped: 0,0000998 seconds, Stopping threads took: 0,0000342 seconds
2018-06-19T15:56:11.544+0200: 59,109: Total time for which application threads were stopped: 0,0001381 seconds, Stopping threads took: 0,0000368 seconds
2018-06-19T15:56:11.548+0200: 59,112: Total time for which application threads were stopped: 0,0003210 seconds, Stopping threads took: 0,0000714 seconds
2018-06-19T15:56:11.549+0200: 59,114: Total time for which application threads were stopped: 0,0004291 seconds, Stopping threads took: 0,0001887 seconds
2018-06-19T15:56:11.549+0200: 59,114: Total time for which application threads were stopped: 0,0000566 seconds, Stopping threads took: 0,0000100 seconds
2018-06-19T15:56:11.550+0200: 59,114: Total time for which application threads were stopped: 0,0000568 seconds, Stopping threads took: 0,0000175 seconds
2018-06-19T15:56:11.550+0200: 59,115: Total time for which application threads were stopped: 0,0000766 seconds, Stopping threads took: 0,0000177 seconds
2018-06-19T15:56:11.550+0200: 59,115: Total time for which application threads were stopped: 0,0000522 seconds, Stopping threads took: 0,0000074 seconds
2018-06-19T15:56:11.550+0200: 59,115: Total time for which application threads were stopped: 0,0000568 seconds, Stopping threads took: 0,0000085 seconds
2018-06-19T15:56:11.550+0200: 59,115: Total time for which application threads were stopped: 0,0000523 seconds, Stopping threads took: 0,0000116 seconds
2018-06-19T15:56:11.550+0200: 59,115: Total time for which application threads were stopped: 0,0000474 seconds, Stopping threads took: 0,0000091 seconds
2018-06-19T15:56:11.551+0200: 59,116: Total time for which application threads were stopped: 0,0001024 seconds, Stopping threads took: 0,0000262 seconds
2018-06-19T15:56:11.551+0200: 59,116: Total time for which application threads were stopped: 0,0000592 seconds, Stopping threads took: 0,0000087 seconds
2018-06-19T15:56:11.551+0200: 59,116: Total time for which application threads were stopped: 0,0001116 seconds, Stopping threads took: 0,0000082 seconds
2018-06-19T15:56:11.552+0200: 59,116: Total time for which application threads were stopped: 0,0000888 seconds, Stopping threads took: 0,0000115 seconds
2018-06-19T15:56:11.552+0200: 59,116: Total time for which application threads were stopped: 0,0000598 seconds, Stopping threads took: 0,0000096 seconds
2018-06-19T15:56:11.552+0200: 59,116: Total time for which application threads were stopped: 0,0000547 seconds, Stopping threads took: 0,0000082 seconds
2018-06-19T15:56:11.552+0200: 59,117: Total time for which application threads were stopped: 0,0000459 seconds, Stopping threads took: 0,0000086 seconds
2018-06-19T15:56:11.552+0200: 59,117: Total time for which application threads were stopped: 0,0000489 seconds, Stopping threads took: 0,0000075 seconds
2018-06-19T15:56:11.554+0200: 59,119: Total time for which application threads were stopped: 0,0003045 seconds, Stopping threads took: 0,0001165 seconds
2018-06-19T15:56:11.557+0200: 59,121: Total time for which application threads were stopped: 0,0015153 seconds, Stopping threads took: 0,0000892 seconds
2018-06-19T15:56:11.558+0200: 59,123: Total time for which application threads were stopped: 0,0001317 seconds, Stopping threads took: 0,0000390 seconds
2018-06-19T15:56:11.558+0200: 59,123: Total time for which application threads were stopped: 0,0000594 seconds, Stopping threads took: 0,0000125 seconds
2018-06-19T15:56:11.560+0200: 59,125: Total time for which application threads were stopped: 0,0000973 seconds, Stopping threads took: 0,0000237 seconds
2018-06-19T15:56:11.560+0200: 59,125: Total time for which application threads were stopped: 0,0000493 seconds, Stopping threads took: 0,0000124 seconds
2018-06-19T15:56:11.560+0200: 59,125: Total time for which application threads were stopped: 0,0000548 seconds, Stopping threads took: 0,0000227 seconds
2018-06-19T15:56:11.561+0200: 59,125: Total time for which application threads were stopped: 0,0000398 seconds, Stopping threads took: 0,0000097 seconds
2018-06-19T15:56:11.561+0200: 59,125: Total time for which application threads were stopped: 0,0000626 seconds, Stopping threads took: 0,0000287 seconds
2018-06-19T15:56:11.563+0200: 59,127: Total time for which application threads were stopped: 0,0001338 seconds, Stopping threads took: 0,0000285 seconds
2018-06-19T15:56:11.563+0200: 59,127: Total time for which application threads were stopped: 0,0000607 seconds, Stopping threads took: 0,0000264 seconds
2018-06-19T15:56:11.563+0200: 59,127: Total time for which application threads were stopped: 0,0000498 seconds, Stopping threads took: 0,0000193 seconds
2018-06-19T15:56:11.563+0200: 59,127: Total time for which application threads were stopped: 0,0000613 seconds, Stopping threads took: 0,0000111 seconds
2018-06-19T15:56:11.563+0200: 59,127: Total time for which application threads were stopped: 0,0000430 seconds, Stopping threads took: 0,0000092 seconds
2018-06-19T15:56:12.563+0200: 60,128: Total time for which application threads were stopped: 0,0001950 seconds, Stopping threads took: 0,0000824 seconds
2018-06-19T15:56:16.246+0200: 63,811: Total time for which application threads were stopped: 0,0002128 seconds, Stopping threads took: 0,0000720 seconds
2018-06-19T15:56:16.249+0200: 63,814: Total time for which application threads were stopped: 0,0024290 seconds, Stopping threads took: 0,0020204 seconds
2018-06-19T15:56:16.257+0200: 63,822: Total time for which application threads were stopped: 0,0002163 seconds, Stopping threads took: 0,0001129 seconds
2018-06-19T15:56:16.258+0200: 63,822: Total time for which application threads were stopped: 0,0002460 seconds, Stopping threads took: 0,0001261 seconds
2018-06-19T15:56:16.258+0200: 63,823: Total time for which application threads were stopped: 0,0001280 seconds, Stopping threads took: 0,0000255 seconds
2018-06-19T15:56:16.261+0200: 63,825: Total time for which application threads were stopped: 0,0002591 seconds, Stopping threads took: 0,0001748 seconds
2018-06-19T15:56:16.261+0200: 63,826: Total time for which application threads were stopped: 0,0001465 seconds, Stopping threads took: 0,0000939 seconds
2018-06-19T15:56:16.261+0200: 63,826: Total time for which application threads were stopped: 0,0000721 seconds, Stopping threads took: 0,0000184 seconds
2018-06-19T15:56:16.262+0200: 63,826: Total time for which application threads were stopped: 0,0001140 seconds, Stopping threads took: 0,0000613 seconds
2018-06-19T15:56:16.267+0200: 63,832: Total time for which application threads were stopped: 0,0006978 seconds, Stopping threads took: 0,0005690 seconds
2018-06-19T15:56:16.267+0200: 63,832: Total time for which application threads were stopped: 0,0001316 seconds, Stopping threads took: 0,0000685 seconds
2018-06-19T15:56:16.268+0200: 63,832: Total time for which application threads were stopped: 0,0001160 seconds, Stopping threads took: 0,0000471 seconds
2018-06-19T15:56:16.268+0200: 63,832: Total time for which application threads were stopped: 0,0000800 seconds, Stopping threads took: 0,0000257 seconds
2018-06-19T15:56:16.268+0200: 63,832: Total time for which application threads were stopped: 0,0001109 seconds, Stopping threads took: 0,0000538 seconds
2018-06-19T15:56:16.276+0200: 63,841: Total time for which application threads were stopped: 0,0001738 seconds, Stopping threads took: 0,0000546 seconds
2018-06-19T15:56:16.276+0200: 63,841: Total time for which application threads were stopped: 0,0001528 seconds, Stopping threads took: 0,0000819 seconds
2018-06-19T15:56:16.276+0200: 63,841: Total time for which application threads were stopped: 0,0000793 seconds, Stopping threads took: 0,0000265 seconds
2018-06-19T15:56:16.277+0200: 63,842: Total time for which application threads were stopped: 0,0001069 seconds, Stopping threads took: 0,0000240 seconds
2018-06-19T15:56:16.278+0200: 63,842: Total time for which application threads were stopped: 0,0002070 seconds, Stopping threads took: 0,0000146 seconds
2018-06-19T15:56:16.278+0200: 63,843: Total time for which application threads were stopped: 0,0000821 seconds, Stopping threads took: 0,0000174 seconds
2018-06-19T15:56:16.278+0200: 63,843: Total time for which application threads were stopped: 0,0000613 seconds, Stopping threads took: 0,0000134 seconds
2018-06-19T15:56:16.278+0200: 63,843: Total time for which application threads were stopped: 0,0000565 seconds, Stopping threads took: 0,0000104 seconds
2018-06-19T15:56:16.281+0200: 63,846: Total time for which application threads were stopped: 0,0009112 seconds, Stopping threads took: 0,0007658 seconds
2018-06-19T15:56:16.283+0200: 63,847: Total time for which application threads were stopped: 0,0015965 seconds, Stopping threads took: 0,0013684 seconds
2018-06-19T15:56:16.288+0200: 63,852: Total time for which application threads were stopped: 0,0001996 seconds, Stopping threads took: 0,0000392 seconds
2018-06-19T15:56:16.288+0200: 63,852: Total time for which application threads were stopped: 0,0000902 seconds, Stopping threads took: 0,0000159 seconds
2018-06-19T15:56:16.296+0200: 63,861: Total time for which application threads were stopped: 0,0001620 seconds, Stopping threads took: 0,0000324 seconds
2018-06-19T15:56:16.296+0200: 63,861: Total time for which application threads were stopped: 0,0000581 seconds, Stopping threads took: 0,0000177 seconds
2018-06-19T15:56:16.296+0200: 63,861: Total time for which application threads were stopped: 0,0000672 seconds, Stopping threads took: 0,0000183 seconds
2018-06-19T15:56:16.296+0200: 63,861: Total time for which application threads were stopped: 0,0000494 seconds, Stopping threads took: 0,0000105 seconds
2018-06-19T15:56:17.900+0200: 65,464: Total time for which application threads were stopped: 0,0001145 seconds, Stopping threads took: 0,0000305 seconds
2018-06-19T15:56:17.916+0200: 65,480: Total time for which application threads were stopped: 0,0023089 seconds, Stopping threads took: 0,0017331 seconds
2018-06-19T15:56:17.916+0200: 65,480: Total time for which application threads were stopped: 0,0000932 seconds, Stopping threads took: 0,0000328 seconds
2018-06-19T15:56:17.918+0200: 65,482: Total time for which application threads were stopped: 0,0002064 seconds, Stopping threads took: 0,0000644 seconds
2018-06-19T15:56:17.919+0200: 65,484: Total time for which application threads were stopped: 0,0001202 seconds, Stopping threads took: 0,0000252 seconds
2018-06-19T15:56:17.919+0200: 65,484: Total time for which application threads were stopped: 0,0000573 seconds, Stopping threads took: 0,0000069 seconds
2018-06-19T15:56:17.925+0200: 65,490: Total time for which application threads were stopped: 0,0023795 seconds, Stopping threads took: 0,0022918 seconds
2018-06-19T15:56:17.925+0200: 65,490: Total time for which application threads were stopped: 0,0000625 seconds, Stopping threads took: 0,0000174 seconds
2018-06-19T15:56:17.931+0200: 65,496: Total time for which application threads were stopped: 0,0001098 seconds, Stopping threads took: 0,0000311 seconds
2018-06-19T15:56:17.931+0200: 65,496: Total time for which application threads were stopped: 0,0000474 seconds, Stopping threads took: 0,0000108 seconds
2018-06-19T15:56:18.931+0200: 66,496: Total time for which application threads were stopped: 0,0000814 seconds, Stopping threads took: 0,0000220 seconds
2018-06-19T15:56:21.523+0200: 69,088: Total time for which application threads were stopped: 0,0001498 seconds, Stopping threads took: 0,0000401 seconds
2018-06-19T15:56:21.524+0200: 69,088: Total time for which application threads were stopped: 0,0000795 seconds, Stopping threads took: 0,0000135 seconds
2018-06-19T15:56:21.525+0200: 69,090: Total time for which application threads were stopped: 0,0004389 seconds, Stopping threads took: 0,0001841 seconds
2018-06-19T15:56:21.532+0200: 69,096: Total time for which application threads were stopped: 0,0002505 seconds, Stopping threads took: 0,0001368 seconds
2018-06-19T15:56:21.532+0200: 69,097: Total time for which application threads were stopped: 0,0000941 seconds, Stopping threads took: 0,0000259 seconds
2018-06-19T15:56:22.532+0200: 70,097: Total time for which application threads were stopped: 0,0001047 seconds, Stopping threads took: 0,0000194 seconds
2018-06-19T15:56:35.817+0200: 83,382: Total time for which application threads were stopped: 0,0001487 seconds, Stopping threads took: 0,0000292 seconds
2018-06-19T15:56:35.817+0200: 83,382: Total time for which application threads were stopped: 0,0000747 seconds, Stopping threads took: 0,0000145 seconds
2018-06-19T15:56:35.819+0200: 83,384: Total time for which application threads were stopped: 0,0001912 seconds, Stopping threads took: 0,0000792 seconds
2018-06-19T15:56:35.820+0200: 83,384: Total time for which application threads were stopped: 0,0001170 seconds, Stopping threads took: 0,0000347 seconds
2018-06-19T15:56:36.820+0200: 84,384: Total time for which application threads were stopped: 0,0000902 seconds, Stopping threads took: 0,0000216 seconds
2018-06-19T15:56:42.888+0200: 90,453: Total time for which application threads were stopped: 0,0003064 seconds, Stopping threads took: 0,0000300 seconds
2018-06-19T15:56:42.889+0200: 90,453: Total time for which application threads were stopped: 0,0001586 seconds, Stopping threads took: 0,0000779 seconds
2018-06-19T15:56:42.911+0200: 90,475: Total time for which application threads were stopped: 0,0004928 seconds, Stopping threads took: 0,0002395 seconds
2018-06-19T15:56:42.913+0200: 90,478: Total time for which application threads were stopped: 0,0008098 seconds, Stopping threads took: 0,0004050 seconds
2018-06-19T15:56:43.913+0200: 91,478: Total time for which application threads were stopped: 0,0000824 seconds, Stopping threads took: 0,0000211 seconds
2018-06-19T15:56:46.799+0200: 94,363: Total time for which application threads were stopped: 0,0001762 seconds, Stopping threads took: 0,0000259 seconds
2018-06-19T15:56:46.800+0200: 94,364: Total time for which application threads were stopped: 0,0006723 seconds, Stopping threads took: 0,0005592 seconds
2018-06-19T15:56:46.803+0200: 94,368: Total time for which application threads were stopped: 0,0002907 seconds, Stopping threads took: 0,0000326 seconds
2018-06-19T15:56:46.804+0200: 94,368: Total time for which application threads were stopped: 0,0001846 seconds, Stopping threads took: 0,0000233 seconds
2018-06-19T15:56:46.804+0200: 94,368: Total time for which application threads were stopped: 0,0001778 seconds, Stopping threads took: 0,0000785 seconds
2018-06-19T15:56:47.804+0200: 95,369: Total time for which application threads were stopped: 0,0001289 seconds, Stopping threads took: 0,0000247 seconds
2018-06-19T15:57:46.800+0200: 154,365: Total time for which application threads were stopped: 0,0001124 seconds, Stopping threads took: 0,0000415 seconds
2018-06-19T15:57:46.804+0200: 154,369: Total time for which application threads were stopped: 0,0000791 seconds, Stopping threads took: 0,0000180 seconds
2018-06-19T15:57:52.805+0200: 160,370: Total time for which application threads were stopped: 0,0002228 seconds, Stopping threads took: 0,0000812 seconds
2018-06-19T15:57:56.806+0200: 164,371: Total time for which application threads were stopped: 0,0001724 seconds, Stopping threads took: 0,0000388 seconds
2018-06-19T15:57:58.602+0200: 166,166: Total time for which application threads were stopped: 0,0004558 seconds, Stopping threads took: 0,0000158 seconds
2018-06-19T15:57:58.603+0200: 166,167: Total time for which application threads were stopped: 0,0004570 seconds, Stopping threads took: 0,0000154 seconds
2018-06-19T15:57:58.607+0200: 166,171: Total time for which application threads were stopped: 0,0001307 seconds, Stopping threads took: 0,0000353 seconds
2018-06-19T15:57:58.607+0200: 166,172: Total time for which application threads were stopped: 0,0000823 seconds, Stopping threads took: 0,0000174 seconds
2018-06-19T15:57:58.631+0200: 166,195: Total time for which application threads were stopped: 0,0048095 seconds, Stopping threads took: 0,0046286 seconds
2018-06-19T15:57:58.632+0200: 166,197: Total time for which application threads were stopped: 0,0001795 seconds, Stopping threads took: 0,0000672 seconds
2018-06-19T15:57:58.636+0200: 166,200: Total time for which application threads were stopped: 0,0001244 seconds, Stopping threads took: 0,0000441 seconds
2018-06-19T15:57:58.642+0200: 166,207: Total time for which application threads were stopped: 0,0001429 seconds, Stopping threads took: 0,0000554 seconds
2018-06-19T15:57:58.644+0200: 166,208: Total time for which application threads were stopped: 0,0001089 seconds, Stopping threads took: 0,0000290 seconds
2018-06-19T15:57:58.645+0200: 166,210: Total time for which application threads were stopped: 0,0001092 seconds, Stopping threads took: 0,0000298 seconds
2018-06-19T15:57:58.646+0200: 166,210: Total time for which application threads were stopped: 0,0000671 seconds, Stopping threads took: 0,0000140 seconds
Heap
 par new generation   total 109248K, used 100269K [0x00000000e0000000, 0x00000000e8000000, 0x00000000e8000000)
  eden space 87424K,  90% used [0x00000000e0000000, 0x00000000e4cd8e40, 0x00000000e5560000)
  from space 21824K,  98% used [0x00000000e6ab0000, 0x00000000e7fc27f0, 0x00000000e8000000)
  to   space 21824K,   0% used [0x00000000e5560000, 0x00000000e5560000, 0x00000000e6ab0000)
 concurrent mark-sweep generation total 393216K, used 8333K [0x00000000e8000000, 0x0000000100000000, 0x0000000100000000)
 Metaspace       used 30522K, capacity 31284K, committed 31356K, reserved 1077248K
  class space    used 3486K, capacity 3694K, committed 3708K, reserved 1048576K
