OpenJDK 64-Bit Server VM (25.162-b12) for linux-amd64 JRE (1.8.0_162-8u162-b12-0ubuntu0.16.04.2-b12), built on Mar 14 2018 12:11:18 by "buildd" with gcc 5.4.0 20160609
Memory: 4k page, physical 7867624k(354004k free), swap 8076284k(7983904k free)
CommandLine flags: -XX:CMSInitiatingOccupancyFraction=50 -XX:CMSMaxAbortablePrecleanTime=6000 -XX:+CMSParallelRemarkEnabled -XX:+CMSScavengeBeforeRemark -XX:ConcGCThreads=4 -XX:InitialHeapSize=536870912 -XX:MaxHeapSize=536870912 -XX:MaxTenuringThreshold=8 -XX:NewRatio=3 -XX:OldPLABSize=16 -XX:OnOutOfMemoryError=/home/gurnoor/workspace/QTM/solr/bin/oom_solr.sh 8983 /home/gurnoor/workspace/QTM/solr/server/logs -XX:ParallelGCThreads=4 -XX:+ParallelRefProcEnabled -XX:PretenureSizeThreshold=67108864 -XX:+PrintGC -XX:+PrintGCApplicationStoppedTime -XX:+PrintGCDateStamps -XX:+PrintGCDetails -XX:+PrintGCTimeStamps -XX:+PrintHeapAtGC -XX:+PrintTenuringDistribution -XX:SurvivorRatio=4 -XX:TargetSurvivorRatio=90 -XX:ThreadStackSize=256 -XX:+UseCMSInitiatingOccupancyOnly -XX:+UseCompressedClassPointers -XX:+UseCompressedOops -XX:+UseConcMarkSweepGC -XX:+UseParNewGC 
2018-04-05T15:11:30.882+0200: 0,117: Total time for which application threads were stopped: 0,0000748 seconds, Stopping threads took: 0,0000141 seconds
2018-04-05T15:11:30.956+0200: 0,191: Total time for which application threads were stopped: 0,0001309 seconds, Stopping threads took: 0,0000295 seconds
2018-04-05T15:11:30.969+0200: 0,204: Total time for which application threads were stopped: 0,0000785 seconds, Stopping threads took: 0,0000160 seconds
2018-04-05T15:11:31.121+0200: 0,357: Total time for which application threads were stopped: 0,0001406 seconds, Stopping threads took: 0,0000183 seconds
2018-04-05T15:11:31.296+0200: 0,532: Total time for which application threads were stopped: 0,0001341 seconds, Stopping threads took: 0,0000165 seconds
2018-04-05T15:11:31.348+0200: 0,583: Total time for which application threads were stopped: 0,0001535 seconds, Stopping threads took: 0,0000176 seconds
2018-04-05T15:11:31.369+0200: 0,605: Total time for which application threads were stopped: 0,0001829 seconds, Stopping threads took: 0,0000249 seconds
2018-04-05T15:11:31.580+0200: 0,815: Total time for which application threads were stopped: 0,0001797 seconds, Stopping threads took: 0,0000193 seconds
2018-04-05T15:11:31.785+0200: 1,021: Total time for which application threads were stopped: 0,0002637 seconds, Stopping threads took: 0,0000264 seconds
2018-04-05T15:11:31.803+0200: 1,039: Total time for which application threads were stopped: 0,0001658 seconds, Stopping threads took: 0,0000211 seconds
2018-04-05T15:11:31.833+0200: 1,069: Total time for which application threads were stopped: 0,0002142 seconds, Stopping threads took: 0,0000228 seconds
2018-04-05T15:11:31.834+0200: 1,070: Total time for which application threads were stopped: 0,0001701 seconds, Stopping threads took: 0,0000192 seconds
2018-04-05T15:11:31.844+0200: 1,080: Total time for which application threads were stopped: 0,0002003 seconds, Stopping threads took: 0,0000339 seconds
2018-04-05T15:11:31.938+0200: 1,173: Total time for which application threads were stopped: 0,0002465 seconds, Stopping threads took: 0,0000279 seconds
2018-04-05T15:11:32.165+0200: 1,401: Total time for which application threads were stopped: 0,0004476 seconds, Stopping threads took: 0,0002077 seconds
{Heap before GC invocations=0 (full 0):
 par new generation   total 109248K, used 87424K [0x00000000e0000000, 0x00000000e8000000, 0x00000000e8000000)
  eden space 87424K, 100% used [0x00000000e0000000, 0x00000000e5560000, 0x00000000e5560000)
  from space 21824K,   0% used [0x00000000e5560000, 0x00000000e5560000, 0x00000000e6ab0000)
  to   space 21824K,   0% used [0x00000000e6ab0000, 0x00000000e6ab0000, 0x00000000e8000000)
 concurrent mark-sweep generation total 393216K, used 0K [0x00000000e8000000, 0x0000000100000000, 0x0000000100000000)
 Metaspace       used 18060K, capacity 18344K, committed 18688K, reserved 1064960K
  class space    used 2038K, capacity 2198K, committed 2304K, reserved 1048576K
2018-04-05T15:11:32.251+0200: 1,486: [GC (Allocation Failure) 2018-04-05T15:11:32.251+0200: 1,486: [ParNew
Desired survivor size 20112992 bytes, new threshold 8 (max 8)
- age   1:   12304408 bytes,   12304408 total
: 87424K->12135K(109248K), 0,0450818 secs] 87424K->12135K(502464K), 0,0451398 secs] [Times: user=0,08 sys=0,10, real=0,04 secs] 
Heap after GC invocations=1 (full 0):
 par new generation   total 109248K, used 12135K [0x00000000e0000000, 0x00000000e8000000, 0x00000000e8000000)
  eden space 87424K,   0% used [0x00000000e0000000, 0x00000000e0000000, 0x00000000e5560000)
  from space 21824K,  55% used [0x00000000e6ab0000, 0x00000000e7689f90, 0x00000000e8000000)
  to   space 21824K,   0% used [0x00000000e5560000, 0x00000000e5560000, 0x00000000e6ab0000)
 concurrent mark-sweep generation total 393216K, used 0K [0x00000000e8000000, 0x0000000100000000, 0x0000000100000000)
 Metaspace       used 18060K, capacity 18344K, committed 18688K, reserved 1064960K
  class space    used 2038K, capacity 2198K, committed 2304K, reserved 1048576K
}
2018-04-05T15:11:32.296+0200: 1,532: Total time for which application threads were stopped: 0,0454607 seconds, Stopping threads took: 0,0000727 seconds
2018-04-05T15:11:32.536+0200: 1,771: Total time for which application threads were stopped: 0,0003835 seconds, Stopping threads took: 0,0000596 seconds
2018-04-05T15:11:32.595+0200: 1,831: Total time for which application threads were stopped: 0,0004221 seconds, Stopping threads took: 0,0000648 seconds
{Heap before GC invocations=1 (full 0):
 par new generation   total 109248K, used 99559K [0x00000000e0000000, 0x00000000e8000000, 0x00000000e8000000)
  eden space 87424K, 100% used [0x00000000e0000000, 0x00000000e5560000, 0x00000000e5560000)
  from space 21824K,  55% used [0x00000000e6ab0000, 0x00000000e7689f90, 0x00000000e8000000)
  to   space 21824K,   0% used [0x00000000e5560000, 0x00000000e5560000, 0x00000000e6ab0000)
 concurrent mark-sweep generation total 393216K, used 0K [0x00000000e8000000, 0x0000000100000000, 0x0000000100000000)
 Metaspace       used 20121K, capacity 20498K, committed 20736K, reserved 1067008K
  class space    used 2299K, capacity 2471K, committed 2560K, reserved 1048576K
2018-04-05T15:11:32.617+0200: 1,853: [GC (Allocation Failure) 2018-04-05T15:11:32.617+0200: 1,853: [ParNew
Desired survivor size 20112992 bytes, new threshold 8 (max 8)
- age   1:    2806792 bytes,    2806792 total
- age   2:    6463176 bytes,    9269968 total
: 99559K->11495K(109248K), 0,0195546 secs] 99559K->11495K(502464K), 0,0196164 secs] [Times: user=0,05 sys=0,02, real=0,01 secs] 
Heap after GC invocations=2 (full 0):
 par new generation   total 109248K, used 11495K [0x00000000e0000000, 0x00000000e8000000, 0x00000000e8000000)
  eden space 87424K,   0% used [0x00000000e0000000, 0x00000000e0000000, 0x00000000e5560000)
  from space 21824K,  52% used [0x00000000e5560000, 0x00000000e6099fa0, 0x00000000e6ab0000)
  to   space 21824K,   0% used [0x00000000e6ab0000, 0x00000000e6ab0000, 0x00000000e8000000)
 concurrent mark-sweep generation total 393216K, used 0K [0x00000000e8000000, 0x0000000100000000, 0x0000000100000000)
 Metaspace       used 20121K, capacity 20498K, committed 20736K, reserved 1067008K
  class space    used 2299K, capacity 2471K, committed 2560K, reserved 1048576K
}
2018-04-05T15:11:32.637+0200: 1,873: Total time for which application threads were stopped: 0,0209653 seconds, Stopping threads took: 0,0012058 seconds
2018-04-05T15:11:32.659+0200: 1,895: Total time for which application threads were stopped: 0,0005024 seconds, Stopping threads took: 0,0000644 seconds
2018-04-05T15:11:32.807+0200: 2,042: Total time for which application threads were stopped: 0,0002214 seconds, Stopping threads took: 0,0000446 seconds
{Heap before GC invocations=2 (full 0):
 par new generation   total 109248K, used 98919K [0x00000000e0000000, 0x00000000e8000000, 0x00000000e8000000)
  eden space 87424K, 100% used [0x00000000e0000000, 0x00000000e5560000, 0x00000000e5560000)
  from space 21824K,  52% used [0x00000000e5560000, 0x00000000e6099fa0, 0x00000000e6ab0000)
  to   space 21824K,   0% used [0x00000000e6ab0000, 0x00000000e6ab0000, 0x00000000e8000000)
 concurrent mark-sweep generation total 393216K, used 0K [0x00000000e8000000, 0x0000000100000000, 0x0000000100000000)
 Metaspace       used 21034K, capacity 21362K, committed 21628K, reserved 1069056K
  class space    used 2424K, capacity 2591K, committed 2684K, reserved 1048576K
2018-04-05T15:11:32.848+0200: 2,083: [GC (Allocation Failure) 2018-04-05T15:11:32.848+0200: 2,083: [ParNew
Desired survivor size 20112992 bytes, new threshold 8 (max 8)
- age   1:    2129200 bytes,    2129200 total
- age   2:     526032 bytes,    2655232 total
- age   3:    6460424 bytes,    9115656 total
: 98919K->13057K(109248K), 0,0150097 secs] 98919K->13057K(502464K), 0,0150816 secs] [Times: user=0,05 sys=0,00, real=0,01 secs] 
Heap after GC invocations=3 (full 0):
 par new generation   total 109248K, used 13057K [0x00000000e0000000, 0x00000000e8000000, 0x00000000e8000000)
  eden space 87424K,   0% used [0x00000000e0000000, 0x00000000e0000000, 0x00000000e5560000)
  from space 21824K,  59% used [0x00000000e6ab0000, 0x00000000e77704e0, 0x00000000e8000000)
  to   space 21824K,   0% used [0x00000000e5560000, 0x00000000e5560000, 0x00000000e6ab0000)
 concurrent mark-sweep generation total 393216K, used 0K [0x00000000e8000000, 0x0000000100000000, 0x0000000100000000)
 Metaspace       used 21034K, capacity 21362K, committed 21628K, reserved 1069056K
  class space    used 2424K, capacity 2591K, committed 2684K, reserved 1048576K
}
2018-04-05T15:11:32.863+0200: 2,099: Total time for which application threads were stopped: 0,0164267 seconds, Stopping threads took: 0,0011700 seconds
2018-04-05T15:11:32.863+0200: 2,099: [GC (CMS Initial Mark) [1 CMS-initial-mark: 0K(393216K)] 14504K(502464K), 0,0060944 secs] [Times: user=0,01 sys=0,00, real=0,01 secs] 
2018-04-05T15:11:32.869+0200: 2,105: Total time for which application threads were stopped: 0,0062671 seconds, Stopping threads took: 0,0000623 seconds
2018-04-05T15:11:32.869+0200: 2,105: [CMS-concurrent-mark-start]
2018-04-05T15:11:32.870+0200: 2,106: [CMS-concurrent-mark: 0,001/0,001 secs] [Times: user=0,01 sys=0,00, real=0,00 secs] 
2018-04-05T15:11:32.870+0200: 2,106: [CMS-concurrent-preclean-start]
2018-04-05T15:11:32.871+0200: 2,107: [CMS-concurrent-preclean: 0,001/0,001 secs] [Times: user=0,00 sys=0,00, real=0,00 secs] 
2018-04-05T15:11:32.872+0200: 2,107: [GC (CMS Final Remark) [YG occupancy: 15178 K (109248 K)]{Heap before GC invocations=3 (full 1):
 par new generation   total 109248K, used 15178K [0x00000000e0000000, 0x00000000e8000000, 0x00000000e8000000)
  eden space 87424K,   2% used [0x00000000e0000000, 0x00000000e0212338, 0x00000000e5560000)
  from space 21824K,  59% used [0x00000000e6ab0000, 0x00000000e77704e0, 0x00000000e8000000)
  to   space 21824K,   0% used [0x00000000e5560000, 0x00000000e5560000, 0x00000000e6ab0000)
 concurrent mark-sweep generation total 393216K, used 0K [0x00000000e8000000, 0x0000000100000000, 0x0000000100000000)
 Metaspace       used 21035K, capacity 21362K, committed 21628K, reserved 1069056K
  class space    used 2424K, capacity 2591K, committed 2684K, reserved 1048576K
2018-04-05T15:11:32.872+0200: 2,107: [GC (CMS Final Remark) 2018-04-05T15:11:32.872+0200: 2,107: [ParNew
Desired survivor size 20112992 bytes, new threshold 8 (max 8)
- age   1:      84640 bytes,      84640 total
- age   2:    2096416 bytes,    2181056 total
- age   3:     526032 bytes,    2707088 total
- age   4:    6460320 bytes,    9167408 total
: 15178K->11028K(109248K), 0,0225140 secs] 15178K->11028K(502464K), 0,0225716 secs] [Times: user=0,06 sys=0,00, real=0,02 secs] 
Heap after GC invocations=4 (full 1):
 par new generation   total 109248K, used 11028K [0x00000000e0000000, 0x00000000e8000000, 0x00000000e8000000)
  eden space 87424K,   0% used [0x00000000e0000000, 0x00000000e0000000, 0x00000000e5560000)
  from space 21824K,  50% used [0x00000000e5560000, 0x00000000e6025340, 0x00000000e6ab0000)
  to   space 21824K,   0% used [0x00000000e6ab0000, 0x00000000e6ab0000, 0x00000000e8000000)
 concurrent mark-sweep generation total 393216K, used 0K [0x00000000e8000000, 0x0000000100000000, 0x0000000100000000)
 Metaspace       used 21035K, capacity 21362K, committed 21628K, reserved 1069056K
  class space    used 2424K, capacity 2591K, committed 2684K, reserved 1048576K
}
2018-04-05T15:11:32.894+0200: 2,130: [Rescan (parallel) , 0,0105487 secs]2018-04-05T15:11:32.905+0200: 2,140: [weak refs processing, 0,0120760 secs]2018-04-05T15:11:32.917+0200: 2,152: [class unloading, 0,0028860 secs]2018-04-05T15:11:32.920+0200: 2,155: [scrub symbol table, 0,0029140 secs]2018-04-05T15:11:32.923+0200: 2,158: [scrub string table, 0,0003703 secs][1 CMS-remark: 0K(393216K)] 11028K(502464K), 0,0520895 secs] [Times: user=0,14 sys=0,00, real=0,05 secs] 
2018-04-05T15:11:32.924+0200: 2,159: Total time for which application threads were stopped: 0,0522529 seconds, Stopping threads took: 0,0000674 seconds
2018-04-05T15:11:32.924+0200: 2,159: [CMS-concurrent-sweep-start]
2018-04-05T15:11:32.924+0200: 2,159: [CMS-concurrent-sweep: 0,000/0,000 secs] [Times: user=0,00 sys=0,00, real=0,00 secs] 
2018-04-05T15:11:32.924+0200: 2,159: [CMS-concurrent-reset-start]
2018-04-05T15:11:32.949+0200: 2,184: [CMS-concurrent-reset: 0,025/0,025 secs] [Times: user=0,02 sys=0,03, real=0,03 secs] 
{Heap before GC invocations=4 (full 1):
 par new generation   total 109248K, used 98452K [0x00000000e0000000, 0x00000000e8000000, 0x00000000e8000000)
  eden space 87424K, 100% used [0x00000000e0000000, 0x00000000e5560000, 0x00000000e5560000)
  from space 21824K,  50% used [0x00000000e5560000, 0x00000000e6025340, 0x00000000e6ab0000)
  to   space 21824K,   0% used [0x00000000e6ab0000, 0x00000000e6ab0000, 0x00000000e8000000)
 concurrent mark-sweep generation total 393216K, used 0K [0x00000000e8000000, 0x0000000100000000, 0x0000000100000000)
 Metaspace       used 21272K, capacity 21638K, committed 21884K, reserved 1069056K
  class space    used 2452K, capacity 2606K, committed 2684K, reserved 1048576K
2018-04-05T15:11:33.049+0200: 2,285: [GC (Allocation Failure) 2018-04-05T15:11:33.049+0200: 2,285: [ParNew
Desired survivor size 20112992 bytes, new threshold 8 (max 8)
- age   1:    1704240 bytes,    1704240 total
- age   3:    1439800 bytes,    3144040 total
- age   4:     521872 bytes,    3665912 total
- age   5:    6460352 bytes,   10126264 total
: 98452K->14162K(109248K), 0,0089236 secs] 98452K->14162K(502464K), 0,0089957 secs] [Times: user=0,03 sys=0,00, real=0,01 secs] 
Heap after GC invocations=5 (full 1):
 par new generation   total 109248K, used 14162K [0x00000000e0000000, 0x00000000e8000000, 0x00000000e8000000)
  eden space 87424K,   0% used [0x00000000e0000000, 0x00000000e0000000, 0x00000000e5560000)
  from space 21824K,  64% used [0x00000000e6ab0000, 0x00000000e7884ac8, 0x00000000e8000000)
  to   space 21824K,   0% used [0x00000000e5560000, 0x00000000e5560000, 0x00000000e6ab0000)
 concurrent mark-sweep generation total 393216K, used 0K [0x00000000e8000000, 0x0000000100000000, 0x0000000100000000)
 Metaspace       used 21272K, capacity 21638K, committed 21884K, reserved 1069056K
  class space    used 2452K, capacity 2606K, committed 2684K, reserved 1048576K
}
2018-04-05T15:11:33.058+0200: 2,294: Total time for which application threads were stopped: 0,0115773 seconds, Stopping threads took: 0,0024224 seconds
{Heap before GC invocations=5 (full 1):
 par new generation   total 109248K, used 101586K [0x00000000e0000000, 0x00000000e8000000, 0x00000000e8000000)
  eden space 87424K, 100% used [0x00000000e0000000, 0x00000000e5560000, 0x00000000e5560000)
  from space 21824K,  64% used [0x00000000e6ab0000, 0x00000000e7884ac8, 0x00000000e8000000)
  to   space 21824K,   0% used [0x00000000e5560000, 0x00000000e5560000, 0x00000000e6ab0000)
 concurrent mark-sweep generation total 393216K, used 0K [0x00000000e8000000, 0x0000000100000000, 0x0000000100000000)
 Metaspace       used 21446K, capacity 21810K, committed 21884K, reserved 1069056K
  class space    used 2472K, capacity 2640K, committed 2684K, reserved 1048576K
2018-04-05T15:11:33.140+0200: 2,375: [GC (Allocation Failure) 2018-04-05T15:11:33.140+0200: 2,375: [ParNew
Desired survivor size 20112992 bytes, new threshold 8 (max 8)
- age   1:     592712 bytes,     592712 total
- age   2:     188824 bytes,     781536 total
- age   4:    1438608 bytes,    2220144 total
- age   5:     519920 bytes,    2740064 total
- age   6:    6460456 bytes,    9200520 total
: 101586K->12896K(109248K), 0,0187049 secs] 101586K->12896K(502464K), 0,0187678 secs] [Times: user=0,06 sys=0,01, real=0,02 secs] 
Heap after GC invocations=6 (full 1):
 par new generation   total 109248K, used 12896K [0x00000000e0000000, 0x00000000e8000000, 0x00000000e8000000)
  eden space 87424K,   0% used [0x00000000e0000000, 0x00000000e0000000, 0x00000000e5560000)
  from space 21824K,  59% used [0x00000000e5560000, 0x00000000e61f8010, 0x00000000e6ab0000)
  to   space 21824K,   0% used [0x00000000e6ab0000, 0x00000000e6ab0000, 0x00000000e8000000)
 concurrent mark-sweep generation total 393216K, used 0K [0x00000000e8000000, 0x0000000100000000, 0x0000000100000000)
 Metaspace       used 21446K, capacity 21810K, committed 21884K, reserved 1069056K
  class space    used 2472K, capacity 2640K, committed 2684K, reserved 1048576K
}
2018-04-05T15:11:33.159+0200: 2,394: Total time for which application threads were stopped: 0,0189958 seconds, Stopping threads took: 0,0000979 seconds
2018-04-05T15:11:33.195+0200: 2,430: Total time for which application threads were stopped: 0,0004007 seconds, Stopping threads took: 0,0000331 seconds
2018-04-05T15:11:33.434+0200: 2,669: Total time for which application threads were stopped: 0,0006147 seconds, Stopping threads took: 0,0000450 seconds
2018-04-05T15:11:33.446+0200: 2,682: Total time for which application threads were stopped: 0,0004572 seconds, Stopping threads took: 0,0000457 seconds
{Heap before GC invocations=6 (full 1):
 par new generation   total 109248K, used 100320K [0x00000000e0000000, 0x00000000e8000000, 0x00000000e8000000)
  eden space 87424K, 100% used [0x00000000e0000000, 0x00000000e5560000, 0x00000000e5560000)
  from space 21824K,  59% used [0x00000000e5560000, 0x00000000e61f8010, 0x00000000e6ab0000)
  to   space 21824K,   0% used [0x00000000e6ab0000, 0x00000000e6ab0000, 0x00000000e8000000)
 concurrent mark-sweep generation total 393216K, used 0K [0x00000000e8000000, 0x0000000100000000, 0x0000000100000000)
 Metaspace       used 25340K, capacity 25858K, committed 25980K, reserved 1073152K
  class space    used 2940K, capacity 3122K, committed 3196K, reserved 1048576K
2018-04-05T15:11:33.776+0200: 3,012: [GC (Allocation Failure) 2018-04-05T15:11:33.776+0200: 3,012: [ParNew
Desired survivor size 20112992 bytes, new threshold 8 (max 8)
- age   1:    5696152 bytes,    5696152 total
- age   2:     151128 bytes,    5847280 total
- age   3:     182960 bytes,    6030240 total
- age   5:     267872 bytes,    6298112 total
- age   6:     499840 bytes,    6797952 total
- age   7:    6453536 bytes,   13251488 total
: 100320K->15606K(109248K), 0,1599392 secs] 100320K->15606K(502464K), 0,1600113 secs] [Times: user=0,06 sys=0,16, real=0,16 secs] 
Heap after GC invocations=7 (full 1):
 par new generation   total 109248K, used 15606K [0x00000000e0000000, 0x00000000e8000000, 0x00000000e8000000)
  eden space 87424K,   0% used [0x00000000e0000000, 0x00000000e0000000, 0x00000000e5560000)
  from space 21824K,  71% used [0x00000000e6ab0000, 0x00000000e79edba0, 0x00000000e8000000)
  to   space 21824K,   0% used [0x00000000e5560000, 0x00000000e5560000, 0x00000000e6ab0000)
 concurrent mark-sweep generation total 393216K, used 0K [0x00000000e8000000, 0x0000000100000000, 0x0000000100000000)
 Metaspace       used 25340K, capacity 25858K, committed 25980K, reserved 1073152K
  class space    used 2940K, capacity 3122K, committed 3196K, reserved 1048576K
}
2018-04-05T15:11:33.936+0200: 3,172: Total time for which application threads were stopped: 0,1602882 seconds, Stopping threads took: 0,0000253 seconds
2018-04-05T15:11:34.050+0200: 3,285: Total time for which application threads were stopped: 0,0005566 seconds, Stopping threads took: 0,0000351 seconds
2018-04-05T15:11:34.069+0200: 3,304: Total time for which application threads were stopped: 0,0005170 seconds, Stopping threads took: 0,0000328 seconds
2018-04-05T15:11:34.140+0200: 3,375: Total time for which application threads were stopped: 0,0006519 seconds, Stopping threads took: 0,0002282 seconds
2018-04-05T15:11:34.266+0200: 3,501: Total time for which application threads were stopped: 0,0063817 seconds, Stopping threads took: 0,0059143 seconds
{Heap before GC invocations=7 (full 1):
 par new generation   total 109248K, used 103030K [0x00000000e0000000, 0x00000000e8000000, 0x00000000e8000000)
  eden space 87424K, 100% used [0x00000000e0000000, 0x00000000e5560000, 0x00000000e5560000)
  from space 21824K,  71% used [0x00000000e6ab0000, 0x00000000e79edba0, 0x00000000e8000000)
  to   space 21824K,   0% used [0x00000000e5560000, 0x00000000e5560000, 0x00000000e6ab0000)
 concurrent mark-sweep generation total 393216K, used 0K [0x00000000e8000000, 0x0000000100000000, 0x0000000100000000)
 Metaspace       used 27876K, capacity 28474K, committed 28796K, reserved 1075200K
  class space    used 3207K, capacity 3388K, committed 3452K, reserved 1048576K
2018-04-05T15:11:34.378+0200: 3,613: [GC (Allocation Failure) 2018-04-05T15:11:34.378+0200: 3,613: [ParNew
Desired survivor size 20112992 bytes, new threshold 8 (max 8)
- age   1:   12645768 bytes,   12645768 total
- age   2:    2301152 bytes,   14946920 total
- age   3:     151128 bytes,   15098048 total
- age   4:     182784 bytes,   15280832 total
- age   6:     267600 bytes,   15548432 total
- age   7:     491256 bytes,   16039688 total
- age   8:    6237416 bytes,   22277104 total
: 103030K->21824K(109248K), 0,0354861 secs] 103030K->23191K(502464K), 0,0356175 secs] [Times: user=0,10 sys=0,02, real=0,03 secs] 
Heap after GC invocations=8 (full 1):
 par new generation   total 109248K, used 21824K [0x00000000e0000000, 0x00000000e8000000, 0x00000000e8000000)
  eden space 87424K,   0% used [0x00000000e0000000, 0x00000000e0000000, 0x00000000e5560000)
  from space 21824K, 100% used [0x00000000e5560000, 0x00000000e6ab0000, 0x00000000e6ab0000)
  to   space 21824K,   0% used [0x00000000e6ab0000, 0x00000000e6ab0000, 0x00000000e8000000)
 concurrent mark-sweep generation total 393216K, used 1367K [0x00000000e8000000, 0x0000000100000000, 0x0000000100000000)
 Metaspace       used 27876K, capacity 28474K, committed 28796K, reserved 1075200K
  class space    used 3207K, capacity 3388K, committed 3452K, reserved 1048576K
}
2018-04-05T15:11:34.413+0200: 3,649: Total time for which application threads were stopped: 0,0398246 seconds, Stopping threads took: 0,0038887 seconds
{Heap before GC invocations=8 (full 1):
 par new generation   total 109248K, used 109248K [0x00000000e0000000, 0x00000000e8000000, 0x00000000e8000000)
  eden space 87424K, 100% used [0x00000000e0000000, 0x00000000e5560000, 0x00000000e5560000)
  from space 21824K, 100% used [0x00000000e5560000, 0x00000000e6ab0000, 0x00000000e6ab0000)
  to   space 21824K,   0% used [0x00000000e6ab0000, 0x00000000e6ab0000, 0x00000000e8000000)
 concurrent mark-sweep generation total 393216K, used 1367K [0x00000000e8000000, 0x0000000100000000, 0x0000000100000000)
 Metaspace       used 27901K, capacity 28496K, committed 28796K, reserved 1075200K
  class space    used 3209K, capacity 3392K, committed 3452K, reserved 1048576K
2018-04-05T15:11:34.493+0200: 3,729: [GC (Allocation Failure) 2018-04-05T15:11:34.494+0200: 3,729: [ParNew
Desired survivor size 20112992 bytes, new threshold 8 (max 8)
- age   1:    1409768 bytes,    1409768 total
- age   2:   11627688 bytes,   13037456 total
- age   3:    2301112 bytes,   15338568 total
- age   4:     151128 bytes,   15489696 total
- age   5:     182576 bytes,   15672272 total
- age   7:     267600 bytes,   15939872 total
- age   8:     491256 bytes,   16431128 total
: 109248K->21824K(109248K), 0,0564342 secs] 110615K->29605K(502464K), 0,0565110 secs] [Times: user=0,15 sys=0,02, real=0,06 secs] 
Heap after GC invocations=9 (full 1):
 par new generation   total 109248K, used 21824K [0x00000000e0000000, 0x00000000e8000000, 0x00000000e8000000)
  eden space 87424K,   0% used [0x00000000e0000000, 0x00000000e0000000, 0x00000000e5560000)
  from space 21824K, 100% used [0x00000000e6ab0000, 0x00000000e8000000, 0x00000000e8000000)
  to   space 21824K,   0% used [0x00000000e5560000, 0x00000000e5560000, 0x00000000e6ab0000)
 concurrent mark-sweep generation total 393216K, used 7781K [0x00000000e8000000, 0x0000000100000000, 0x0000000100000000)
 Metaspace       used 27901K, capacity 28496K, committed 28796K, reserved 1075200K
  class space    used 3209K, capacity 3392K, committed 3452K, reserved 1048576K
}
2018-04-05T15:11:34.550+0200: 3,786: Total time for which application threads were stopped: 0,0569263 seconds, Stopping threads took: 0,0001794 seconds
{Heap before GC invocations=9 (full 1):
 par new generation   total 109248K, used 109248K [0x00000000e0000000, 0x00000000e8000000, 0x00000000e8000000)
  eden space 87424K, 100% used [0x00000000e0000000, 0x00000000e5560000, 0x00000000e5560000)
  from space 21824K, 100% used [0x00000000e6ab0000, 0x00000000e8000000, 0x00000000e8000000)
  to   space 21824K,   0% used [0x00000000e5560000, 0x00000000e5560000, 0x00000000e6ab0000)
 concurrent mark-sweep generation total 393216K, used 7781K [0x00000000e8000000, 0x0000000100000000, 0x0000000100000000)
 Metaspace       used 28004K, capacity 28570K, committed 28796K, reserved 1075200K
  class space    used 3210K, capacity 3394K, committed 3452K, reserved 1048576K
2018-04-05T15:11:34.718+0200: 3,954: [GC (Allocation Failure) 2018-04-05T15:11:34.718+0200: 3,954: [ParNew
Desired survivor size 20112992 bytes, new threshold 8 (max 8)
- age   1:     958840 bytes,     958840 total
- age   2:     113008 bytes,    1071848 total
- age   3:   11453200 bytes,   12525048 total
- age   4:    2301112 bytes,   14826160 total
- age   5:     151128 bytes,   14977288 total
- age   6:     182576 bytes,   15159864 total
- age   8:     267600 bytes,   15427464 total
: 109248K->19937K(109248K), 0,0171078 secs] 117029K->28211K(502464K), 0,0171923 secs] [Times: user=0,06 sys=0,01, real=0,01 secs] 
Heap after GC invocations=10 (full 1):
 par new generation   total 109248K, used 19937K [0x00000000e0000000, 0x00000000e8000000, 0x00000000e8000000)
  eden space 87424K,   0% used [0x00000000e0000000, 0x00000000e0000000, 0x00000000e5560000)
  from space 21824K,  91% used [0x00000000e5560000, 0x00000000e68d8658, 0x00000000e6ab0000)
  to   space 21824K,   0% used [0x00000000e6ab0000, 0x00000000e6ab0000, 0x00000000e8000000)
 concurrent mark-sweep generation total 393216K, used 8274K [0x00000000e8000000, 0x0000000100000000, 0x0000000100000000)
 Metaspace       used 28004K, capacity 28570K, committed 28796K, reserved 1075200K
  class space    used 3210K, capacity 3394K, committed 3452K, reserved 1048576K
}
2018-04-05T15:11:34.736+0200: 3,971: Total time for which application threads were stopped: 0,0174368 seconds, Stopping threads took: 0,0000449 seconds
2018-04-05T15:11:34.812+0200: 4,048: Total time for which application threads were stopped: 0,0005797 seconds, Stopping threads took: 0,0000485 seconds
2018-04-05T15:11:35.813+0200: 5,048: Total time for which application threads were stopped: 0,0000778 seconds, Stopping threads took: 0,0000185 seconds
2018-04-05T15:11:37.906+0200: 7,142: Total time for which application threads were stopped: 0,0000675 seconds, Stopping threads took: 0,0000170 seconds
2018-04-05T15:11:37.909+0200: 7,145: Total time for which application threads were stopped: 0,0000664 seconds, Stopping threads took: 0,0000130 seconds
2018-04-05T15:11:37.929+0200: 7,165: Total time for which application threads were stopped: 0,0004139 seconds, Stopping threads took: 0,0000155 seconds
2018-04-05T15:11:37.943+0200: 7,179: Total time for which application threads were stopped: 0,0002063 seconds, Stopping threads took: 0,0001253 seconds
2018-04-05T15:11:37.943+0200: 7,179: Total time for which application threads were stopped: 0,0000673 seconds, Stopping threads took: 0,0000166 seconds
2018-04-05T15:11:38.007+0200: 7,243: Total time for which application threads were stopped: 0,0001454 seconds, Stopping threads took: 0,0000313 seconds
2018-04-05T15:11:38.010+0200: 7,246: Total time for which application threads were stopped: 0,0000976 seconds, Stopping threads took: 0,0000300 seconds
2018-04-05T15:11:38.074+0200: 7,309: Total time for which application threads were stopped: 0,0001319 seconds, Stopping threads took: 0,0000322 seconds
2018-04-05T15:11:38.085+0200: 7,320: Total time for which application threads were stopped: 0,0001275 seconds, Stopping threads took: 0,0000628 seconds
2018-04-05T15:11:38.099+0200: 7,335: Total time for which application threads were stopped: 0,0001432 seconds, Stopping threads took: 0,0000558 seconds
2018-04-05T15:11:38.535+0200: 7,771: Total time for which application threads were stopped: 0,0005344 seconds, Stopping threads took: 0,0000229 seconds
2018-04-05T15:11:38.537+0200: 7,772: Total time for which application threads were stopped: 0,0004696 seconds, Stopping threads took: 0,0000135 seconds
2018-04-05T15:11:38.540+0200: 7,776: Total time for which application threads were stopped: 0,0000795 seconds, Stopping threads took: 0,0000178 seconds
2018-04-05T15:11:38.542+0200: 7,777: Total time for which application threads were stopped: 0,0001095 seconds, Stopping threads took: 0,0000323 seconds
2018-04-05T15:11:38.548+0200: 7,783: Total time for which application threads were stopped: 0,0001705 seconds, Stopping threads took: 0,0000525 seconds
2018-04-05T15:11:38.550+0200: 7,785: Total time for which application threads were stopped: 0,0008844 seconds, Stopping threads took: 0,0008131 seconds
2018-04-05T15:11:38.564+0200: 7,799: Total time for which application threads were stopped: 0,0024469 seconds, Stopping threads took: 0,0023274 seconds
2018-04-05T15:11:38.565+0200: 7,800: Total time for which application threads were stopped: 0,0001984 seconds, Stopping threads took: 0,0001231 seconds
2018-04-05T15:11:38.568+0200: 7,803: Total time for which application threads were stopped: 0,0001855 seconds, Stopping threads took: 0,0000759 seconds
2018-04-05T15:11:38.571+0200: 7,807: Total time for which application threads were stopped: 0,0001854 seconds, Stopping threads took: 0,0000699 seconds
2018-04-05T15:11:38.574+0200: 7,809: Total time for which application threads were stopped: 0,0000921 seconds, Stopping threads took: 0,0000344 seconds
2018-04-05T15:11:38.576+0200: 7,812: Total time for which application threads were stopped: 0,0001374 seconds, Stopping threads took: 0,0000696 seconds
2018-04-05T15:11:38.577+0200: 7,812: Total time for which application threads were stopped: 0,0001329 seconds, Stopping threads took: 0,0000811 seconds
2018-04-05T15:11:38.577+0200: 7,813: Total time for which application threads were stopped: 0,0000957 seconds, Stopping threads took: 0,0000519 seconds
2018-04-05T15:11:38.577+0200: 7,813: Total time for which application threads were stopped: 0,0000571 seconds, Stopping threads took: 0,0000266 seconds
2018-04-05T15:11:38.583+0200: 7,818: Total time for which application threads were stopped: 0,0009980 seconds, Stopping threads took: 0,0009182 seconds
2018-04-05T15:11:38.586+0200: 7,821: Total time for which application threads were stopped: 0,0007777 seconds, Stopping threads took: 0,0007138 seconds
2018-04-05T15:11:38.586+0200: 7,821: Total time for which application threads were stopped: 0,0000583 seconds, Stopping threads took: 0,0000264 seconds
2018-04-05T15:11:38.587+0200: 7,822: Total time for which application threads were stopped: 0,0002872 seconds, Stopping threads took: 0,0001989 seconds
2018-04-05T15:11:38.589+0200: 7,825: Total time for which application threads were stopped: 0,0000906 seconds, Stopping threads took: 0,0000392 seconds
2018-04-05T15:11:38.589+0200: 7,825: Total time for which application threads were stopped: 0,0000587 seconds, Stopping threads took: 0,0000150 seconds
2018-04-05T15:11:38.589+0200: 7,825: Total time for which application threads were stopped: 0,0000654 seconds, Stopping threads took: 0,0000273 seconds
2018-04-05T15:11:38.589+0200: 7,825: Total time for which application threads were stopped: 0,0000522 seconds, Stopping threads took: 0,0000246 seconds
2018-04-05T15:11:38.590+0200: 7,825: Total time for which application threads were stopped: 0,0000638 seconds, Stopping threads took: 0,0000167 seconds
2018-04-05T15:11:38.590+0200: 7,825: Total time for which application threads were stopped: 0,0000491 seconds, Stopping threads took: 0,0000204 seconds
2018-04-05T15:11:38.591+0200: 7,826: Total time for which application threads were stopped: 0,0001186 seconds, Stopping threads took: 0,0000708 seconds
2018-04-05T15:11:38.591+0200: 7,826: Total time for which application threads were stopped: 0,0000598 seconds, Stopping threads took: 0,0000138 seconds
2018-04-05T15:11:38.591+0200: 7,826: Total time for which application threads were stopped: 0,0000630 seconds, Stopping threads took: 0,0000289 seconds
2018-04-05T15:11:38.591+0200: 7,827: Total time for which application threads were stopped: 0,0000488 seconds, Stopping threads took: 0,0000231 seconds
2018-04-05T15:11:38.591+0200: 7,827: Total time for which application threads were stopped: 0,0000428 seconds, Stopping threads took: 0,0000193 seconds
2018-04-05T15:11:38.591+0200: 7,827: Total time for which application threads were stopped: 0,0000541 seconds, Stopping threads took: 0,0000273 seconds
2018-04-05T15:11:38.591+0200: 7,827: Total time for which application threads were stopped: 0,0001044 seconds, Stopping threads took: 0,0000190 seconds
2018-04-05T15:11:38.592+0200: 7,827: Total time for which application threads were stopped: 0,0000722 seconds, Stopping threads took: 0,0000280 seconds
2018-04-05T15:11:38.592+0200: 7,828: Total time for which application threads were stopped: 0,0000680 seconds, Stopping threads took: 0,0000157 seconds
Heap
 par new generation   total 109248K, used 69780K [0x00000000e0000000, 0x00000000e8000000, 0x00000000e8000000)
  eden space 87424K,  57% used [0x00000000e0000000, 0x00000000e30ac9b8, 0x00000000e5560000)
  from space 21824K,  91% used [0x00000000e5560000, 0x00000000e68d8658, 0x00000000e6ab0000)
  to   space 21824K,   0% used [0x00000000e6ab0000, 0x00000000e6ab0000, 0x00000000e8000000)
 concurrent mark-sweep generation total 393216K, used 8274K [0x00000000e8000000, 0x0000000100000000, 0x0000000100000000)
 Metaspace       used 29732K, capacity 30426K, committed 30588K, reserved 1077248K
  class space    used 3431K, capacity 3669K, committed 3708K, reserved 1048576K
