OpenJDK 64-Bit Server VM (25.171-b11) for linux-amd64 JRE (1.8.0_171-8u171-b11-0ubuntu0.16.04.1-b11), built on Apr 27 2018 17:19:03 by "buildd" with gcc 5.4.0 20160609
Memory: 4k page, physical 7867600k(784192k free), swap 8076284k(7967968k free)
CommandLine flags: -XX:CMSInitiatingOccupancyFraction=50 -XX:CMSMaxAbortablePrecleanTime=6000 -XX:+CMSParallelRemarkEnabled -XX:+CMSScavengeBeforeRemark -XX:ConcGCThreads=4 -XX:InitialHeapSize=536870912 -XX:MaxHeapSize=536870912 -XX:MaxTenuringThreshold=8 -XX:NewRatio=3 -XX:OldPLABSize=16 -XX:OnOutOfMemoryError=/home/gurnoor/workspace/QTM/solr/bin/oom_solr.sh 8983 /home/gurnoor/workspace/QTM/solr/server/logs -XX:ParallelGCThreads=4 -XX:+ParallelRefProcEnabled -XX:PretenureSizeThreshold=67108864 -XX:+PrintGC -XX:+PrintGCApplicationStoppedTime -XX:+PrintGCDateStamps -XX:+PrintGCDetails -XX:+PrintGCTimeStamps -XX:+PrintHeapAtGC -XX:+PrintTenuringDistribution -XX:SurvivorRatio=4 -XX:TargetSurvivorRatio=90 -XX:ThreadStackSize=256 -XX:+UseCMSInitiatingOccupancyOnly -XX:+UseCompressedClassPointers -XX:+UseCompressedOops -XX:+UseConcMarkSweepGC -XX:+UseParNewGC 
2018-06-19T15:58:04.044+0200: 0,112: Total time for which application threads were stopped: 0,0000691 seconds, Stopping threads took: 0,0000130 seconds
2018-06-19T15:58:04.112+0200: 0,180: Total time for which application threads were stopped: 0,0001191 seconds, Stopping threads took: 0,0000200 seconds
2018-06-19T15:58:04.121+0200: 0,190: Total time for which application threads were stopped: 0,0000805 seconds, Stopping threads took: 0,0000135 seconds
2018-06-19T15:58:04.238+0200: 0,306: Total time for which application threads were stopped: 0,0001739 seconds, Stopping threads took: 0,0000201 seconds
2018-06-19T15:58:04.263+0200: 0,331: Total time for which application threads were stopped: 0,0001105 seconds, Stopping threads took: 0,0000181 seconds
2018-06-19T15:58:04.406+0200: 0,474: Total time for which application threads were stopped: 0,0001306 seconds, Stopping threads took: 0,0000161 seconds
2018-06-19T15:58:04.454+0200: 0,522: Total time for which application threads were stopped: 0,0001636 seconds, Stopping threads took: 0,0000175 seconds
2018-06-19T15:58:04.475+0200: 0,543: Total time for which application threads were stopped: 0,0001997 seconds, Stopping threads took: 0,0000240 seconds
2018-06-19T15:58:04.672+0200: 0,740: Total time for which application threads were stopped: 0,0001968 seconds, Stopping threads took: 0,0000169 seconds
2018-06-19T15:58:04.826+0200: 0,894: Total time for which application threads were stopped: 0,0002865 seconds, Stopping threads took: 0,0000229 seconds
2018-06-19T15:58:04.850+0200: 0,919: Total time for which application threads were stopped: 0,0001879 seconds, Stopping threads took: 0,0000212 seconds
2018-06-19T15:58:04.880+0200: 0,948: Total time for which application threads were stopped: 0,0002691 seconds, Stopping threads took: 0,0000455 seconds
2018-06-19T15:58:04.882+0200: 0,950: Total time for which application threads were stopped: 0,0002319 seconds, Stopping threads took: 0,0000248 seconds
2018-06-19T15:58:04.898+0200: 0,967: Total time for which application threads were stopped: 0,0002667 seconds, Stopping threads took: 0,0000260 seconds
2018-06-19T15:58:04.997+0200: 1,066: Total time for which application threads were stopped: 0,0002796 seconds, Stopping threads took: 0,0000257 seconds
2018-06-19T15:58:05.216+0200: 1,284: Total time for which application threads were stopped: 0,0004118 seconds, Stopping threads took: 0,0001260 seconds
{Heap before GC invocations=0 (full 0):
 par new generation   total 109248K, used 87424K [0x00000000e0000000, 0x00000000e8000000, 0x00000000e8000000)
  eden space 87424K, 100% used [0x00000000e0000000, 0x00000000e5560000, 0x00000000e5560000)
  from space 21824K,   0% used [0x00000000e5560000, 0x00000000e5560000, 0x00000000e6ab0000)
  to   space 21824K,   0% used [0x00000000e6ab0000, 0x00000000e6ab0000, 0x00000000e8000000)
 concurrent mark-sweep generation total 393216K, used 0K [0x00000000e8000000, 0x0000000100000000, 0x0000000100000000)
 Metaspace       used 17834K, capacity 18184K, committed 18304K, reserved 1064960K
  class space    used 2022K, capacity 2166K, committed 2176K, reserved 1048576K
2018-06-19T15:58:05.256+0200: 1,325: [GC (Allocation Failure) 2018-06-19T15:58:05.256+0200: 1,325: [ParNew
Desired survivor size 20112992 bytes, new threshold 8 (max 8)
- age   1:   11358496 bytes,   11358496 total
: 87424K->11209K(109248K), 0,0148836 secs] 87424K->11209K(502464K), 0,0150837 secs] [Times: user=0,03 sys=0,01, real=0,02 secs] 
Heap after GC invocations=1 (full 0):
 par new generation   total 109248K, used 11209K [0x00000000e0000000, 0x00000000e8000000, 0x00000000e8000000)
  eden space 87424K,   0% used [0x00000000e0000000, 0x00000000e0000000, 0x00000000e5560000)
  from space 21824K,  51% used [0x00000000e6ab0000, 0x00000000e75a26f8, 0x00000000e8000000)
  to   space 21824K,   0% used [0x00000000e5560000, 0x00000000e5560000, 0x00000000e6ab0000)
 concurrent mark-sweep generation total 393216K, used 0K [0x00000000e8000000, 0x0000000100000000, 0x0000000100000000)
 Metaspace       used 17834K, capacity 18184K, committed 18304K, reserved 1064960K
  class space    used 2022K, capacity 2166K, committed 2176K, reserved 1048576K
}
2018-06-19T15:58:05.272+0200: 1,340: Total time for which application threads were stopped: 0,0172660 seconds, Stopping threads took: 0,0018564 seconds
2018-06-19T15:58:05.714+0200: 1,782: Total time for which application threads were stopped: 0,0004264 seconds, Stopping threads took: 0,0000673 seconds
2018-06-19T15:58:05.779+0200: 1,848: Total time for which application threads were stopped: 0,0036594 seconds, Stopping threads took: 0,0014679 seconds
{Heap before GC invocations=1 (full 0):
 par new generation   total 109248K, used 98633K [0x00000000e0000000, 0x00000000e8000000, 0x00000000e8000000)
  eden space 87424K, 100% used [0x00000000e0000000, 0x00000000e5560000, 0x00000000e5560000)
  from space 21824K,  51% used [0x00000000e6ab0000, 0x00000000e75a26f8, 0x00000000e8000000)
  to   space 21824K,   0% used [0x00000000e5560000, 0x00000000e5560000, 0x00000000e6ab0000)
 concurrent mark-sweep generation total 393216K, used 0K [0x00000000e8000000, 0x0000000100000000, 0x0000000100000000)
 Metaspace       used 20120K, capacity 20498K, committed 20736K, reserved 1067008K
  class space    used 2301K, capacity 2471K, committed 2560K, reserved 1048576K
2018-06-19T15:58:05.784+0200: 1,852: [GC (Allocation Failure) 2018-06-19T15:58:05.784+0200: 1,852: [ParNew
Desired survivor size 20112992 bytes, new threshold 8 (max 8)
- age   1:    3682784 bytes,    3682784 total
- age   2:    5867600 bytes,    9550384 total
: 98633K->10647K(109248K), 0,0201716 secs] 98633K->10647K(502464K), 0,0202413 secs] [Times: user=0,07 sys=0,00, real=0,02 secs] 
Heap after GC invocations=2 (full 0):
 par new generation   total 109248K, used 10647K [0x00000000e0000000, 0x00000000e8000000, 0x00000000e8000000)
  eden space 87424K,   0% used [0x00000000e0000000, 0x00000000e0000000, 0x00000000e5560000)
  from space 21824K,  48% used [0x00000000e5560000, 0x00000000e5fc5e70, 0x00000000e6ab0000)
  to   space 21824K,   0% used [0x00000000e6ab0000, 0x00000000e6ab0000, 0x00000000e8000000)
 concurrent mark-sweep generation total 393216K, used 0K [0x00000000e8000000, 0x0000000100000000, 0x0000000100000000)
 Metaspace       used 20120K, capacity 20498K, committed 20736K, reserved 1067008K
  class space    used 2301K, capacity 2471K, committed 2560K, reserved 1048576K
}
2018-06-19T15:58:05.804+0200: 1,872: Total time for which application threads were stopped: 0,0221601 seconds, Stopping threads took: 0,0017784 seconds
2018-06-19T15:58:05.866+0200: 1,935: Total time for which application threads were stopped: 0,0003258 seconds, Stopping threads took: 0,0000230 seconds
2018-06-19T15:58:05.981+0200: 2,049: Total time for which application threads were stopped: 0,0002376 seconds, Stopping threads took: 0,0000339 seconds
{Heap before GC invocations=2 (full 0):
 par new generation   total 109248K, used 98071K [0x00000000e0000000, 0x00000000e8000000, 0x00000000e8000000)
  eden space 87424K, 100% used [0x00000000e0000000, 0x00000000e5560000, 0x00000000e5560000)
  from space 21824K,  48% used [0x00000000e5560000, 0x00000000e5fc5e70, 0x00000000e6ab0000)
  to   space 21824K,   0% used [0x00000000e6ab0000, 0x00000000e6ab0000, 0x00000000e8000000)
 concurrent mark-sweep generation total 393216K, used 0K [0x00000000e8000000, 0x0000000100000000, 0x0000000100000000)
 Metaspace       used 21046K, capacity 21420K, committed 21628K, reserved 1069056K
  class space    used 2421K, capacity 2590K, committed 2684K, reserved 1048576K
2018-06-19T15:58:06.035+0200: 2,103: [GC (Allocation Failure) 2018-06-19T15:58:06.035+0200: 2,103: [ParNew
Desired survivor size 20112992 bytes, new threshold 8 (max 8)
- age   1:    2191760 bytes,    2191760 total
- age   2:    1117360 bytes,    3309120 total
- age   3:    5865888 bytes,    9175008 total
: 98071K->15346K(109248K), 0,0093437 secs] 98071K->15346K(502464K), 0,0094397 secs] [Times: user=0,04 sys=0,00, real=0,01 secs] 
Heap after GC invocations=3 (full 0):
 par new generation   total 109248K, used 15346K [0x00000000e0000000, 0x00000000e8000000, 0x00000000e8000000)
  eden space 87424K,   0% used [0x00000000e0000000, 0x00000000e0000000, 0x00000000e5560000)
  from space 21824K,  70% used [0x00000000e6ab0000, 0x00000000e79acab8, 0x00000000e8000000)
  to   space 21824K,   0% used [0x00000000e5560000, 0x00000000e5560000, 0x00000000e6ab0000)
 concurrent mark-sweep generation total 393216K, used 0K [0x00000000e8000000, 0x0000000100000000, 0x0000000100000000)
 Metaspace       used 21046K, capacity 21420K, committed 21628K, reserved 1069056K
  class space    used 2421K, capacity 2590K, committed 2684K, reserved 1048576K
}
2018-06-19T15:58:06.045+0200: 2,113: Total time for which application threads were stopped: 0,0138759 seconds, Stopping threads took: 0,0042658 seconds
2018-06-19T15:58:06.045+0200: 2,114: [GC (CMS Initial Mark) [1 CMS-initial-mark: 0K(393216K)] 16039K(502464K), 0,0026617 secs] [Times: user=0,01 sys=0,00, real=0,00 secs] 
2018-06-19T15:58:06.048+0200: 2,116: Total time for which application threads were stopped: 0,0028159 seconds, Stopping threads took: 0,0000532 seconds
2018-06-19T15:58:06.048+0200: 2,116: [CMS-concurrent-mark-start]
2018-06-19T15:58:06.048+0200: 2,117: [CMS-concurrent-mark: 0,000/0,001 secs] [Times: user=0,00 sys=0,00, real=0,00 secs] 
2018-06-19T15:58:06.049+0200: 2,117: [CMS-concurrent-preclean-start]
2018-06-19T15:58:06.050+0200: 2,118: [CMS-concurrent-preclean: 0,001/0,001 secs] [Times: user=0,00 sys=0,00, real=0,00 secs] 
2018-06-19T15:58:06.050+0200: 2,118: [CMS-concurrent-abortable-preclean-start]
2018-06-19T15:58:06.099+0200: 2,167: Total time for which application threads were stopped: 0,0001658 seconds, Stopping threads took: 0,0000343 seconds
{Heap before GC invocations=3 (full 1):
 par new generation   total 109248K, used 102770K [0x00000000e0000000, 0x00000000e8000000, 0x00000000e8000000)
  eden space 87424K, 100% used [0x00000000e0000000, 0x00000000e5560000, 0x00000000e5560000)
  from space 21824K,  70% used [0x00000000e6ab0000, 0x00000000e79acab8, 0x00000000e8000000)
  to   space 21824K,   0% used [0x00000000e5560000, 0x00000000e5560000, 0x00000000e6ab0000)
 concurrent mark-sweep generation total 393216K, used 0K [0x00000000e8000000, 0x0000000100000000, 0x0000000100000000)
 Metaspace       used 21339K, capacity 21690K, committed 21884K, reserved 1069056K
  class space    used 2452K, capacity 2604K, committed 2684K, reserved 1048576K
2018-06-19T15:58:06.209+0200: 2,278: [GC (Allocation Failure) 2018-06-19T15:58:06.209+0200: 2,278: [ParNew2018-06-19T15:58:06.218+0200: 2,286: [CMS-concurrent-abortable-preclean: 0,068/0,168 secs] [Times: user=0,59 sys=0,00, real=0,17 secs] 

Desired survivor size 20112992 bytes, new threshold 8 (max 8)
- age   1:     576264 bytes,     576264 total
- age   2:    1447888 bytes,    2024152 total
- age   3:    1111688 bytes,    3135840 total
- age   4:    5866048 bytes,    9001888 total
: 102770K->11080K(109248K), 0,0096226 secs] 102770K->11080K(502464K), 0,0096849 secs] [Times: user=0,03 sys=0,00, real=0,01 secs] 
Heap after GC invocations=4 (full 1):
 par new generation   total 109248K, used 11080K [0x00000000e0000000, 0x00000000e8000000, 0x00000000e8000000)
  eden space 87424K,   0% used [0x00000000e0000000, 0x00000000e0000000, 0x00000000e5560000)
  from space 21824K,  50% used [0x00000000e5560000, 0x00000000e60323c0, 0x00000000e6ab0000)
  to   space 21824K,   0% used [0x00000000e6ab0000, 0x00000000e6ab0000, 0x00000000e8000000)
 concurrent mark-sweep generation total 393216K, used 0K [0x00000000e8000000, 0x0000000100000000, 0x0000000100000000)
 Metaspace       used 21339K, capacity 21690K, committed 21884K, reserved 1069056K
  class space    used 2452K, capacity 2604K, committed 2684K, reserved 1048576K
}
2018-06-19T15:58:06.219+0200: 2,287: Total time for which application threads were stopped: 0,0099976 seconds, Stopping threads took: 0,0001629 seconds
2018-06-19T15:58:06.219+0200: 2,288: [GC (CMS Final Remark) [YG occupancy: 11752 K (109248 K)]{Heap before GC invocations=4 (full 1):
 par new generation   total 109248K, used 11752K [0x00000000e0000000, 0x00000000e8000000, 0x00000000e8000000)
  eden space 87424K,   0% used [0x00000000e0000000, 0x00000000e00a7e68, 0x00000000e5560000)
  from space 21824K,  50% used [0x00000000e5560000, 0x00000000e60323c0, 0x00000000e6ab0000)
  to   space 21824K,   0% used [0x00000000e6ab0000, 0x00000000e6ab0000, 0x00000000e8000000)
 concurrent mark-sweep generation total 393216K, used 0K [0x00000000e8000000, 0x0000000100000000, 0x0000000100000000)
 Metaspace       used 21339K, capacity 21690K, committed 21884K, reserved 1069056K
  class space    used 2452K, capacity 2604K, committed 2684K, reserved 1048576K
2018-06-19T15:58:06.219+0200: 2,288: [GC (CMS Final Remark) 2018-06-19T15:58:06.219+0200: 2,288: [ParNew
Desired survivor size 20112992 bytes, new threshold 8 (max 8)
- age   1:     151840 bytes,     151840 total
- age   2:     576248 bytes,     728088 total
- age   3:    1447888 bytes,    2175976 total
- age   4:    1111688 bytes,    3287664 total
- age   5:    5865992 bytes,    9153656 total
: 11752K->13477K(109248K), 0,0093982 secs] 11752K->13477K(502464K), 0,0094364 secs] [Times: user=0,03 sys=0,00, real=0,01 secs] 
Heap after GC invocations=5 (full 1):
 par new generation   total 109248K, used 13477K [0x00000000e0000000, 0x00000000e8000000, 0x00000000e8000000)
  eden space 87424K,   0% used [0x00000000e0000000, 0x00000000e0000000, 0x00000000e5560000)
  from space 21824K,  61% used [0x00000000e6ab0000, 0x00000000e77d9418, 0x00000000e8000000)
  to   space 21824K,   0% used [0x00000000e5560000, 0x00000000e5560000, 0x00000000e6ab0000)
 concurrent mark-sweep generation total 393216K, used 0K [0x00000000e8000000, 0x0000000100000000, 0x0000000100000000)
 Metaspace       used 21339K, capacity 21690K, committed 21884K, reserved 1069056K
  class space    used 2452K, capacity 2604K, committed 2684K, reserved 1048576K
}
2018-06-19T15:58:06.229+0200: 2,297: [Rescan (parallel) , 0,0030629 secs]2018-06-19T15:58:06.232+0200: 2,300: [weak refs processing, 0,0006567 secs]2018-06-19T15:58:06.233+0200: 2,301: [class unloading, 0,0030724 secs]2018-06-19T15:58:06.236+0200: 2,304: [scrub symbol table, 0,0026412 secs]2018-06-19T15:58:06.238+0200: 2,307: [scrub string table, 0,0003843 secs][1 CMS-remark: 0K(393216K)] 13477K(502464K), 0,0199488 secs] [Times: user=0,05 sys=0,00, real=0,02 secs] 
2018-06-19T15:58:06.239+0200: 2,308: Total time for which application threads were stopped: 0,0201636 seconds, Stopping threads took: 0,0001321 seconds
2018-06-19T15:58:06.241+0200: 2,309: [CMS-concurrent-sweep-start]
2018-06-19T15:58:06.241+0200: 2,309: [CMS-concurrent-sweep: 0,000/0,000 secs] [Times: user=0,00 sys=0,00, real=0,00 secs] 
2018-06-19T15:58:06.241+0200: 2,309: [CMS-concurrent-reset-start]
2018-06-19T15:58:06.246+0200: 2,314: [CMS-concurrent-reset: 0,005/0,005 secs] [Times: user=0,01 sys=0,01, real=0,01 secs] 
{Heap before GC invocations=5 (full 1):
 par new generation   total 109248K, used 100901K [0x00000000e0000000, 0x00000000e8000000, 0x00000000e8000000)
  eden space 87424K, 100% used [0x00000000e0000000, 0x00000000e5560000, 0x00000000e5560000)
  from space 21824K,  61% used [0x00000000e6ab0000, 0x00000000e77d9418, 0x00000000e8000000)
  to   space 21824K,   0% used [0x00000000e5560000, 0x00000000e5560000, 0x00000000e6ab0000)
 concurrent mark-sweep generation total 393216K, used 0K [0x00000000e8000000, 0x0000000100000000, 0x0000000100000000)
 Metaspace       used 21475K, capacity 21798K, committed 21884K, reserved 1069056K
  class space    used 2471K, capacity 2638K, committed 2684K, reserved 1048576K
2018-06-19T15:58:06.332+0200: 2,400: [GC (Allocation Failure) 2018-06-19T15:58:06.332+0200: 2,400: [ParNew
Desired survivor size 20112992 bytes, new threshold 8 (max 8)
- age   1:     861808 bytes,     861808 total
- age   3:     199992 bytes,    1061800 total
- age   4:    1447512 bytes,    2509312 total
- age   5:    1109672 bytes,    3618984 total
- age   6:    5865872 bytes,    9484856 total
: 100901K->12480K(109248K), 0,0093416 secs] 100901K->12480K(502464K), 0,0094185 secs] [Times: user=0,03 sys=0,00, real=0,00 secs] 
Heap after GC invocations=6 (full 1):
 par new generation   total 109248K, used 12480K [0x00000000e0000000, 0x00000000e8000000, 0x00000000e8000000)
  eden space 87424K,   0% used [0x00000000e0000000, 0x00000000e0000000, 0x00000000e5560000)
  from space 21824K,  57% used [0x00000000e5560000, 0x00000000e6190060, 0x00000000e6ab0000)
  to   space 21824K,   0% used [0x00000000e6ab0000, 0x00000000e6ab0000, 0x00000000e8000000)
 concurrent mark-sweep generation total 393216K, used 0K [0x00000000e8000000, 0x0000000100000000, 0x0000000100000000)
 Metaspace       used 21475K, capacity 21798K, committed 21884K, reserved 1069056K
  class space    used 2471K, capacity 2638K, committed 2684K, reserved 1048576K
}
2018-06-19T15:58:06.341+0200: 2,409: Total time for which application threads were stopped: 0,0096519 seconds, Stopping threads took: 0,0000699 seconds
2018-06-19T15:58:06.367+0200: 2,435: Total time for which application threads were stopped: 0,0003452 seconds, Stopping threads took: 0,0000186 seconds
2018-06-19T15:58:06.602+0200: 2,671: Total time for which application threads were stopped: 0,0005300 seconds, Stopping threads took: 0,0000673 seconds
2018-06-19T15:58:06.613+0200: 2,681: Total time for which application threads were stopped: 0,0003534 seconds, Stopping threads took: 0,0000207 seconds
{Heap before GC invocations=6 (full 1):
 par new generation   total 109248K, used 99904K [0x00000000e0000000, 0x00000000e8000000, 0x00000000e8000000)
  eden space 87424K, 100% used [0x00000000e0000000, 0x00000000e5560000, 0x00000000e5560000)
  from space 21824K,  57% used [0x00000000e5560000, 0x00000000e6190060, 0x00000000e6ab0000)
  to   space 21824K,   0% used [0x00000000e6ab0000, 0x00000000e6ab0000, 0x00000000e8000000)
 concurrent mark-sweep generation total 393216K, used 0K [0x00000000e8000000, 0x0000000100000000, 0x0000000100000000)
 Metaspace       used 25458K, capacity 25928K, committed 26236K, reserved 1073152K
  class space    used 2948K, capacity 3125K, committed 3196K, reserved 1048576K
2018-06-19T15:58:06.916+0200: 2,984: [GC (Allocation Failure) 2018-06-19T15:58:06.916+0200: 2,985: [ParNew
Desired survivor size 20112992 bytes, new threshold 8 (max 8)
- age   1:    6035336 bytes,    6035336 total
- age   2:     112088 bytes,    6147424 total
- age   4:     193328 bytes,    6340752 total
- age   5:     273552 bytes,    6614304 total
- age   6:    1089656 bytes,    7703960 total
- age   7:    5858904 bytes,   13562864 total
: 99904K->15797K(109248K), 0,0222398 secs] 99904K->15797K(502464K), 0,0223283 secs] [Times: user=0,08 sys=0,00, real=0,02 secs] 
Heap after GC invocations=7 (full 1):
 par new generation   total 109248K, used 15797K [0x00000000e0000000, 0x00000000e8000000, 0x00000000e8000000)
  eden space 87424K,   0% used [0x00000000e0000000, 0x00000000e0000000, 0x00000000e5560000)
  from space 21824K,  72% used [0x00000000e6ab0000, 0x00000000e7a1d490, 0x00000000e8000000)
  to   space 21824K,   0% used [0x00000000e5560000, 0x00000000e5560000, 0x00000000e6ab0000)
 concurrent mark-sweep generation total 393216K, used 0K [0x00000000e8000000, 0x0000000100000000, 0x0000000100000000)
 Metaspace       used 25458K, capacity 25928K, committed 26236K, reserved 1073152K
  class space    used 2948K, capacity 3125K, committed 3196K, reserved 1048576K
}
2018-06-19T15:58:06.939+0200: 3,007: Total time for which application threads were stopped: 0,0226543 seconds, Stopping threads took: 0,0000445 seconds
2018-06-19T15:58:07.045+0200: 3,113: Total time for which application threads were stopped: 0,0005027 seconds, Stopping threads took: 0,0000490 seconds
2018-06-19T15:58:07.061+0200: 3,129: Total time for which application threads were stopped: 0,0004543 seconds, Stopping threads took: 0,0000513 seconds
2018-06-19T15:58:07.117+0200: 3,185: Total time for which application threads were stopped: 0,0005297 seconds, Stopping threads took: 0,0000534 seconds
2018-06-19T15:58:07.223+0200: 3,292: Total time for which application threads were stopped: 0,0070773 seconds, Stopping threads took: 0,0065104 seconds
{Heap before GC invocations=7 (full 1):
 par new generation   total 109248K, used 103221K [0x00000000e0000000, 0x00000000e8000000, 0x00000000e8000000)
  eden space 87424K, 100% used [0x00000000e0000000, 0x00000000e5560000, 0x00000000e5560000)
  from space 21824K,  72% used [0x00000000e6ab0000, 0x00000000e7a1d490, 0x00000000e8000000)
  to   space 21824K,   0% used [0x00000000e5560000, 0x00000000e5560000, 0x00000000e6ab0000)
 concurrent mark-sweep generation total 393216K, used 0K [0x00000000e8000000, 0x0000000100000000, 0x0000000100000000)
 Metaspace       used 27911K, capacity 28492K, committed 28796K, reserved 1075200K
  class space    used 3211K, capacity 3393K, committed 3452K, reserved 1048576K
2018-06-19T15:58:07.372+0200: 3,441: [GC (Allocation Failure) 2018-06-19T15:58:07.372+0200: 3,441: [ParNew
Desired survivor size 20112992 bytes, new threshold 8 (max 8)
- age   1:   12265264 bytes,   12265264 total
- age   2:    2388936 bytes,   14654200 total
- age   3:     108288 bytes,   14762488 total
- age   5:     175664 bytes,   14938152 total
- age   6:     257160 bytes,   15195312 total
- age   7:    1081264 bytes,   16276576 total
- age   8:    5845024 bytes,   22121600 total
: 103221K->21824K(109248K), 0,0395886 secs] 103221K->22772K(502464K), 0,0396960 secs] [Times: user=0,12 sys=0,00, real=0,04 secs] 
Heap after GC invocations=8 (full 1):
 par new generation   total 109248K, used 21824K [0x00000000e0000000, 0x00000000e8000000, 0x00000000e8000000)
  eden space 87424K,   0% used [0x00000000e0000000, 0x00000000e0000000, 0x00000000e5560000)
  from space 21824K, 100% used [0x00000000e5560000, 0x00000000e6ab0000, 0x00000000e6ab0000)
  to   space 21824K,   0% used [0x00000000e6ab0000, 0x00000000e6ab0000, 0x00000000e8000000)
 concurrent mark-sweep generation total 393216K, used 948K [0x00000000e8000000, 0x0000000100000000, 0x0000000100000000)
 Metaspace       used 27911K, capacity 28492K, committed 28796K, reserved 1075200K
  class space    used 3211K, capacity 3393K, committed 3452K, reserved 1048576K
}
2018-06-19T15:58:07.412+0200: 3,480: Total time for which application threads were stopped: 0,0400624 seconds, Stopping threads took: 0,0001103 seconds
{Heap before GC invocations=8 (full 1):
 par new generation   total 109248K, used 109248K [0x00000000e0000000, 0x00000000e8000000, 0x00000000e8000000)
  eden space 87424K, 100% used [0x00000000e0000000, 0x00000000e5560000, 0x00000000e5560000)
  from space 21824K, 100% used [0x00000000e5560000, 0x00000000e6ab0000, 0x00000000e6ab0000)
  to   space 21824K,   0% used [0x00000000e6ab0000, 0x00000000e6ab0000, 0x00000000e8000000)
 concurrent mark-sweep generation total 393216K, used 948K [0x00000000e8000000, 0x0000000100000000, 0x0000000100000000)
 Metaspace       used 27972K, capacity 28562K, committed 28796K, reserved 1075200K
  class space    used 3212K, capacity 3394K, committed 3452K, reserved 1048576K
2018-06-19T15:58:07.510+0200: 3,578: [GC (Allocation Failure) 2018-06-19T15:58:07.510+0200: 3,578: [ParNew
Desired survivor size 20112992 bytes, new threshold 8 (max 8)
- age   1:    1341504 bytes,    1341504 total
- age   2:   10448480 bytes,   11789984 total
- age   3:    2388816 bytes,   14178800 total
- age   4:     108288 bytes,   14287088 total
- age   6:     175560 bytes,   14462648 total
- age   7:     257160 bytes,   14719808 total
- age   8:    1081264 bytes,   15801072 total
: 109248K->21669K(109248K), 0,0507710 secs] 110196K->28398K(502464K), 0,0508721 secs] [Times: user=0,15 sys=0,01, real=0,05 secs] 
Heap after GC invocations=9 (full 1):
 par new generation   total 109248K, used 21669K [0x00000000e0000000, 0x00000000e8000000, 0x00000000e8000000)
  eden space 87424K,   0% used [0x00000000e0000000, 0x00000000e0000000, 0x00000000e5560000)
  from space 21824K,  99% used [0x00000000e6ab0000, 0x00000000e7fd9738, 0x00000000e8000000)
  to   space 21824K,   0% used [0x00000000e5560000, 0x00000000e5560000, 0x00000000e6ab0000)
 concurrent mark-sweep generation total 393216K, used 6728K [0x00000000e8000000, 0x0000000100000000, 0x0000000100000000)
 Metaspace       used 27972K, capacity 28562K, committed 28796K, reserved 1075200K
  class space    used 3212K, capacity 3394K, committed 3452K, reserved 1048576K
}
2018-06-19T15:58:07.560+0200: 3,629: Total time for which application threads were stopped: 0,0578998 seconds, Stopping threads took: 0,0067876 seconds
{Heap before GC invocations=9 (full 1):
 par new generation   total 109248K, used 109093K [0x00000000e0000000, 0x00000000e8000000, 0x00000000e8000000)
  eden space 87424K, 100% used [0x00000000e0000000, 0x00000000e5560000, 0x00000000e5560000)
  from space 21824K,  99% used [0x00000000e6ab0000, 0x00000000e7fd9738, 0x00000000e8000000)
  to   space 21824K,   0% used [0x00000000e5560000, 0x00000000e5560000, 0x00000000e6ab0000)
 concurrent mark-sweep generation total 393216K, used 6728K [0x00000000e8000000, 0x0000000100000000, 0x0000000100000000)
 Metaspace       used 28006K, capacity 28588K, committed 28796K, reserved 1075200K
  class space    used 3215K, capacity 3399K, committed 3452K, reserved 1048576K
2018-06-19T15:58:07.663+0200: 3,731: [GC (Allocation Failure) 2018-06-19T15:58:07.663+0200: 3,731: [ParNew
Desired survivor size 20112992 bytes, new threshold 8 (max 8)
- age   1:     650504 bytes,     650504 total
- age   2:    1011440 bytes,    1661944 total
- age   3:   10448480 bytes,   12110424 total
- age   4:    2388816 bytes,   14499240 total
- age   5:     108288 bytes,   14607528 total
- age   7:     175456 bytes,   14782984 total
- age   8:     257160 bytes,   15040144 total
: 109093K->19886K(109248K), 0,0259612 secs] 115822K->27684K(502464K), 0,0260464 secs] [Times: user=0,09 sys=0,00, real=0,02 secs] 
Heap after GC invocations=10 (full 1):
 par new generation   total 109248K, used 19886K [0x00000000e0000000, 0x00000000e8000000, 0x00000000e8000000)
  eden space 87424K,   0% used [0x00000000e0000000, 0x00000000e0000000, 0x00000000e5560000)
  from space 21824K,  91% used [0x00000000e5560000, 0x00000000e68cbb58, 0x00000000e6ab0000)
  to   space 21824K,   0% used [0x00000000e6ab0000, 0x00000000e6ab0000, 0x00000000e8000000)
 concurrent mark-sweep generation total 393216K, used 7797K [0x00000000e8000000, 0x0000000100000000, 0x0000000100000000)
 Metaspace       used 28006K, capacity 28588K, committed 28796K, reserved 1075200K
  class space    used 3215K, capacity 3399K, committed 3452K, reserved 1048576K
}
2018-06-19T15:58:07.689+0200: 3,757: Total time for which application threads were stopped: 0,0285274 seconds, Stopping threads took: 0,0022690 seconds
{Heap before GC invocations=10 (full 1):
 par new generation   total 109248K, used 107310K [0x00000000e0000000, 0x00000000e8000000, 0x00000000e8000000)
  eden space 87424K, 100% used [0x00000000e0000000, 0x00000000e5560000, 0x00000000e5560000)
  from space 21824K,  91% used [0x00000000e5560000, 0x00000000e68cbb58, 0x00000000e6ab0000)
  to   space 21824K,   0% used [0x00000000e6ab0000, 0x00000000e6ab0000, 0x00000000e8000000)
 concurrent mark-sweep generation total 393216K, used 7797K [0x00000000e8000000, 0x0000000100000000, 0x0000000100000000)
 Metaspace       used 28023K, capacity 28598K, committed 28796K, reserved 1075200K
  class space    used 3216K, capacity 3401K, committed 3452K, reserved 1048576K
2018-06-19T15:58:07.786+0200: 3,854: [GC (Allocation Failure) 2018-06-19T15:58:07.786+0200: 3,854: [ParNew
Desired survivor size 20112992 bytes, new threshold 8 (max 8)
- age   1:     929592 bytes,     929592 total
- age   2:     460616 bytes,    1390208 total
- age   3:     623368 bytes,    2013576 total
- age   4:   10448480 bytes,   12462056 total
- age   5:    2388816 bytes,   14850872 total
- age   6:     108288 bytes,   14959160 total
- age   8:     175456 bytes,   15134616 total
: 107310K->20487K(109248K), 0,0421625 secs] 115108K->28542K(502464K), 0,0422723 secs] [Times: user=0,11 sys=0,01, real=0,04 secs] 
Heap after GC invocations=11 (full 1):
 par new generation   total 109248K, used 20487K [0x00000000e0000000, 0x00000000e8000000, 0x00000000e8000000)
  eden space 87424K,   0% used [0x00000000e0000000, 0x00000000e0000000, 0x00000000e5560000)
  from space 21824K,  93% used [0x00000000e6ab0000, 0x00000000e7eb1c20, 0x00000000e8000000)
  to   space 21824K,   0% used [0x00000000e5560000, 0x00000000e5560000, 0x00000000e6ab0000)
 concurrent mark-sweep generation total 393216K, used 8055K [0x00000000e8000000, 0x0000000100000000, 0x0000000100000000)
 Metaspace       used 28023K, capacity 28598K, committed 28796K, reserved 1075200K
  class space    used 3216K, capacity 3401K, committed 3452K, reserved 1048576K
}
2018-06-19T15:58:07.828+0200: 3,897: Total time for which application threads were stopped: 0,0481422 seconds, Stopping threads took: 0,0056040 seconds
2018-06-19T15:58:07.997+0200: 4,065: Total time for which application threads were stopped: 0,0065655 seconds, Stopping threads took: 0,0060775 seconds
2018-06-19T15:58:08.028+0200: 4,096: Total time for which application threads were stopped: 0,0053730 seconds, Stopping threads took: 0,0045716 seconds
2018-06-19T15:58:08.054+0200: 4,122: Total time for which application threads were stopped: 0,0001565 seconds, Stopping threads took: 0,0000582 seconds
2018-06-19T15:58:08.226+0200: 4,295: Total time for which application threads were stopped: 0,0009111 seconds, Stopping threads took: 0,0001803 seconds
2018-06-19T15:58:08.227+0200: 4,295: Total time for which application threads were stopped: 0,0004686 seconds, Stopping threads took: 0,0001124 seconds
2018-06-19T15:58:11.956+0200: 8,025: Total time for which application threads were stopped: 0,0000966 seconds, Stopping threads took: 0,0000369 seconds
2018-06-19T15:58:11.967+0200: 8,035: Total time for which application threads were stopped: 0,0009075 seconds, Stopping threads took: 0,0005455 seconds
2018-06-19T15:58:11.968+0200: 8,037: Total time for which application threads were stopped: 0,0002035 seconds, Stopping threads took: 0,0000612 seconds
2018-06-19T15:58:11.970+0200: 8,038: Total time for which application threads were stopped: 0,0004398 seconds, Stopping threads took: 0,0001022 seconds
2018-06-19T15:58:11.971+0200: 8,039: Total time for which application threads were stopped: 0,0003775 seconds, Stopping threads took: 0,0001239 seconds
2018-06-19T15:58:11.971+0200: 8,040: Total time for which application threads were stopped: 0,0002991 seconds, Stopping threads took: 0,0000854 seconds
2018-06-19T15:58:11.972+0200: 8,040: Total time for which application threads were stopped: 0,0002350 seconds, Stopping threads took: 0,0000758 seconds
2018-06-19T15:58:11.972+0200: 8,041: Total time for which application threads were stopped: 0,0002621 seconds, Stopping threads took: 0,0000518 seconds
2018-06-19T15:58:11.973+0200: 8,041: Total time for which application threads were stopped: 0,0000737 seconds, Stopping threads took: 0,0000341 seconds
2018-06-19T15:58:11.973+0200: 8,041: Total time for which application threads were stopped: 0,0000955 seconds, Stopping threads took: 0,0000625 seconds
2018-06-19T15:58:11.973+0200: 8,041: Total time for which application threads were stopped: 0,0000472 seconds, Stopping threads took: 0,0000152 seconds
2018-06-19T15:58:11.981+0200: 8,050: Total time for which application threads were stopped: 0,0001399 seconds, Stopping threads took: 0,0000625 seconds
2018-06-19T15:58:11.982+0200: 8,050: Total time for which application threads were stopped: 0,0000839 seconds, Stopping threads took: 0,0000343 seconds
2018-06-19T15:58:11.982+0200: 8,050: Total time for which application threads were stopped: 0,0001056 seconds, Stopping threads took: 0,0000504 seconds
2018-06-19T15:58:11.982+0200: 8,051: Total time for which application threads were stopped: 0,0000892 seconds, Stopping threads took: 0,0000412 seconds
2018-06-19T15:58:11.983+0200: 8,051: Total time for which application threads were stopped: 0,0001658 seconds, Stopping threads took: 0,0000312 seconds
2018-06-19T15:58:11.988+0200: 8,056: Total time for which application threads were stopped: 0,0011044 seconds, Stopping threads took: 0,0010153 seconds
2018-06-19T15:58:11.991+0200: 8,060: Total time for which application threads were stopped: 0,0003449 seconds, Stopping threads took: 0,0002123 seconds
2018-06-19T15:58:11.996+0200: 8,065: Total time for which application threads were stopped: 0,0024073 seconds, Stopping threads took: 0,0014583 seconds
2018-06-19T15:58:12.002+0200: 8,070: Total time for which application threads were stopped: 0,0005942 seconds, Stopping threads took: 0,0002712 seconds
2018-06-19T15:58:12.007+0200: 8,075: Total time for which application threads were stopped: 0,0002146 seconds, Stopping threads took: 0,0000758 seconds
2018-06-19T15:58:12.017+0200: 8,085: Total time for which application threads were stopped: 0,0024838 seconds, Stopping threads took: 0,0001112 seconds
2018-06-19T15:58:12.020+0200: 8,089: Total time for which application threads were stopped: 0,0001173 seconds, Stopping threads took: 0,0000433 seconds
2018-06-19T15:58:12.022+0200: 8,090: Total time for which application threads were stopped: 0,0001235 seconds, Stopping threads took: 0,0000368 seconds
2018-06-19T15:58:12.023+0200: 8,091: Total time for which application threads were stopped: 0,0001896 seconds, Stopping threads took: 0,0001221 seconds
2018-06-19T15:58:12.024+0200: 8,093: Total time for which application threads were stopped: 0,0001261 seconds, Stopping threads took: 0,0000471 seconds
2018-06-19T15:58:12.039+0200: 8,107: Total time for which application threads were stopped: 0,0003286 seconds, Stopping threads took: 0,0001367 seconds
2018-06-19T15:58:12.054+0200: 8,122: Total time for which application threads were stopped: 0,0004583 seconds, Stopping threads took: 0,0001103 seconds
2018-06-19T15:58:12.055+0200: 8,123: Total time for which application threads were stopped: 0,0002091 seconds, Stopping threads took: 0,0000434 seconds
2018-06-19T15:58:12.875+0200: 8,944: Total time for which application threads were stopped: 0,0009060 seconds, Stopping threads took: 0,0002654 seconds
2018-06-19T15:58:12.881+0200: 8,949: Total time for which application threads were stopped: 0,0001645 seconds, Stopping threads took: 0,0000553 seconds
2018-06-19T15:58:12.881+0200: 8,949: Total time for which application threads were stopped: 0,0001997 seconds, Stopping threads took: 0,0001280 seconds
2018-06-19T15:58:12.881+0200: 8,950: Total time for which application threads were stopped: 0,0001460 seconds, Stopping threads took: 0,0000636 seconds
2018-06-19T15:58:12.882+0200: 8,950: Total time for which application threads were stopped: 0,0001115 seconds, Stopping threads took: 0,0000327 seconds
2018-06-19T15:58:12.884+0200: 8,953: Total time for which application threads were stopped: 0,0003101 seconds, Stopping threads took: 0,0001892 seconds
2018-06-19T15:58:12.889+0200: 8,957: Total time for which application threads were stopped: 0,0005964 seconds, Stopping threads took: 0,0004823 seconds
2018-06-19T15:58:12.895+0200: 8,964: Total time for which application threads were stopped: 0,0002441 seconds, Stopping threads took: 0,0001214 seconds
2018-06-19T15:58:12.934+0200: 9,002: Total time for which application threads were stopped: 0,0001337 seconds, Stopping threads took: 0,0000237 seconds
2018-06-19T15:58:13.934+0200: 10,002: Total time for which application threads were stopped: 0,0000974 seconds, Stopping threads took: 0,0000216 seconds
2018-06-19T15:58:55.939+0200: 52,008: Total time for which application threads were stopped: 0,0001268 seconds, Stopping threads took: 0,0000503 seconds
2018-06-19T15:59:01.971+0200: 58,039: Total time for which application threads were stopped: 0,0001959 seconds, Stopping threads took: 0,0000499 seconds
2018-06-19T15:59:01.971+0200: 58,039: Total time for which application threads were stopped: 0,0001087 seconds, Stopping threads took: 0,0000213 seconds
2018-06-19T15:59:01.972+0200: 58,040: Total time for which application threads were stopped: 0,0004093 seconds, Stopping threads took: 0,0000227 seconds
2018-06-19T15:59:12.896+0200: 68,965: Total time for which application threads were stopped: 0,0002146 seconds, Stopping threads took: 0,0000594 seconds
2018-06-19T15:59:17.499+0200: 73,568: Total time for which application threads were stopped: 0,0004775 seconds, Stopping threads took: 0,0000221 seconds
2018-06-19T15:59:17.505+0200: 73,573: Total time for which application threads were stopped: 0,0001030 seconds, Stopping threads took: 0,0000382 seconds
2018-06-19T15:59:17.522+0200: 73,591: Total time for which application threads were stopped: 0,0027717 seconds, Stopping threads took: 0,0026596 seconds
2018-06-19T15:59:17.523+0200: 73,591: Total time for which application threads were stopped: 0,0001197 seconds, Stopping threads took: 0,0000544 seconds
2018-06-19T15:59:17.526+0200: 73,594: Total time for which application threads were stopped: 0,0011922 seconds, Stopping threads took: 0,0011267 seconds
2018-06-19T15:59:17.536+0200: 73,605: Total time for which application threads were stopped: 0,0001776 seconds, Stopping threads took: 0,0000615 seconds
2018-06-19T15:59:17.537+0200: 73,605: Total time for which application threads were stopped: 0,0000693 seconds, Stopping threads took: 0,0000303 seconds
2018-06-19T15:59:17.537+0200: 73,606: Total time for which application threads were stopped: 0,0001548 seconds, Stopping threads took: 0,0000987 seconds
2018-06-19T15:59:17.537+0200: 73,606: Total time for which application threads were stopped: 0,0000609 seconds, Stopping threads took: 0,0000265 seconds
2018-06-19T15:59:17.538+0200: 73,606: Total time for which application threads were stopped: 0,0002909 seconds, Stopping threads took: 0,0002386 seconds
2018-06-19T15:59:17.538+0200: 73,606: Total time for which application threads were stopped: 0,0000800 seconds, Stopping threads took: 0,0000329 seconds
2018-06-19T15:59:17.538+0200: 73,607: Total time for which application threads were stopped: 0,0000499 seconds, Stopping threads took: 0,0000096 seconds
2018-06-19T15:59:17.538+0200: 73,607: Total time for which application threads were stopped: 0,0000452 seconds, Stopping threads took: 0,0000085 seconds
2018-06-19T15:59:17.538+0200: 73,607: Total time for which application threads were stopped: 0,0000475 seconds, Stopping threads took: 0,0000082 seconds
2018-06-19T15:59:17.538+0200: 73,607: Total time for which application threads were stopped: 0,0000433 seconds, Stopping threads took: 0,0000065 seconds
2018-06-19T15:59:17.539+0200: 73,607: Total time for which application threads were stopped: 0,0000455 seconds, Stopping threads took: 0,0000076 seconds
2018-06-19T15:59:17.539+0200: 73,607: Total time for which application threads were stopped: 0,0000469 seconds, Stopping threads took: 0,0000070 seconds
2018-06-19T15:59:17.539+0200: 73,607: Total time for which application threads were stopped: 0,0001627 seconds, Stopping threads took: 0,0001209 seconds
2018-06-19T15:59:17.539+0200: 73,607: Total time for which application threads were stopped: 0,0000562 seconds, Stopping threads took: 0,0000276 seconds
2018-06-19T15:59:17.540+0200: 73,608: Total time for which application threads were stopped: 0,0001348 seconds, Stopping threads took: 0,0000792 seconds
2018-06-19T15:59:17.540+0200: 73,608: Total time for which application threads were stopped: 0,0000710 seconds, Stopping threads took: 0,0000345 seconds
2018-06-19T15:59:17.540+0200: 73,608: Total time for which application threads were stopped: 0,0001064 seconds, Stopping threads took: 0,0000422 seconds
2018-06-19T15:59:17.541+0200: 73,610: Total time for which application threads were stopped: 0,0011160 seconds, Stopping threads took: 0,0010759 seconds
2018-06-19T15:59:17.542+0200: 73,610: Total time for which application threads were stopped: 0,0001193 seconds, Stopping threads took: 0,0000639 seconds
2018-06-19T15:59:17.542+0200: 73,610: Total time for which application threads were stopped: 0,0000791 seconds, Stopping threads took: 0,0000383 seconds
2018-06-19T15:59:17.543+0200: 73,612: Total time for which application threads were stopped: 0,0001446 seconds, Stopping threads took: 0,0000379 seconds
2018-06-19T15:59:17.544+0200: 73,612: Total time for which application threads were stopped: 0,0000876 seconds, Stopping threads took: 0,0000347 seconds
2018-06-19T15:59:17.544+0200: 73,612: Total time for which application threads were stopped: 0,0000788 seconds, Stopping threads took: 0,0000374 seconds
2018-06-19T15:59:17.544+0200: 73,613: Total time for which application threads were stopped: 0,0000634 seconds, Stopping threads took: 0,0000264 seconds
2018-06-19T15:59:17.544+0200: 73,613: Total time for which application threads were stopped: 0,0001534 seconds, Stopping threads took: 0,0001138 seconds
2018-06-19T15:59:17.545+0200: 73,613: Total time for which application threads were stopped: 0,0001079 seconds, Stopping threads took: 0,0000735 seconds
2018-06-19T15:59:17.545+0200: 73,613: Total time for which application threads were stopped: 0,0000567 seconds, Stopping threads took: 0,0000214 seconds
2018-06-19T15:59:17.545+0200: 73,613: Total time for which application threads were stopped: 0,0000525 seconds, Stopping threads took: 0,0000190 seconds
2018-06-19T15:59:17.545+0200: 73,613: Total time for which application threads were stopped: 0,0000592 seconds, Stopping threads took: 0,0000255 seconds
2018-06-19T15:59:17.545+0200: 73,613: Total time for which application threads were stopped: 0,0001034 seconds, Stopping threads took: 0,0000693 seconds
2018-06-19T15:59:17.545+0200: 73,613: Total time for which application threads were stopped: 0,0000526 seconds, Stopping threads took: 0,0000201 seconds
2018-06-19T15:59:17.547+0200: 73,615: Total time for which application threads were stopped: 0,0001110 seconds, Stopping threads took: 0,0000417 seconds
2018-06-19T15:59:17.547+0200: 73,616: Total time for which application threads were stopped: 0,0001096 seconds, Stopping threads took: 0,0000777 seconds
2018-06-19T15:59:17.547+0200: 73,616: Total time for which application threads were stopped: 0,0001046 seconds, Stopping threads took: 0,0000712 seconds
2018-06-19T15:59:17.548+0200: 73,616: Total time for which application threads were stopped: 0,0000450 seconds, Stopping threads took: 0,0000183 seconds
2018-06-19T15:59:17.548+0200: 73,617: Total time for which application threads were stopped: 0,0000867 seconds, Stopping threads took: 0,0000387 seconds
2018-06-19T15:59:17.549+0200: 73,618: Total time for which application threads were stopped: 0,0000957 seconds, Stopping threads took: 0,0000360 seconds
2018-06-19T15:59:17.549+0200: 73,618: Total time for which application threads were stopped: 0,0000487 seconds, Stopping threads took: 0,0000203 seconds
2018-06-19T15:59:17.550+0200: 73,618: Total time for which application threads were stopped: 0,0000626 seconds, Stopping threads took: 0,0000360 seconds
2018-06-19T15:59:17.550+0200: 73,618: Total time for which application threads were stopped: 0,0000586 seconds, Stopping threads took: 0,0000350 seconds
2018-06-19T15:59:17.550+0200: 73,618: Total time for which application threads were stopped: 0,0000309 seconds, Stopping threads took: 0,0000107 seconds
2018-06-19T15:59:17.550+0200: 73,618: Total time for which application threads were stopped: 0,0000552 seconds, Stopping threads took: 0,0000243 seconds
2018-06-19T15:59:17.550+0200: 73,619: Total time for which application threads were stopped: 0,0000456 seconds, Stopping threads took: 0,0000169 seconds
2018-06-19T15:59:17.550+0200: 73,619: Total time for which application threads were stopped: 0,0000507 seconds, Stopping threads took: 0,0000271 seconds
2018-06-19T15:59:17.550+0200: 73,619: Total time for which application threads were stopped: 0,0000815 seconds, Stopping threads took: 0,0000555 seconds
2018-06-19T15:59:17.551+0200: 73,619: Total time for which application threads were stopped: 0,0000537 seconds, Stopping threads took: 0,0000283 seconds
2018-06-19T15:59:17.551+0200: 73,619: Total time for which application threads were stopped: 0,0000458 seconds, Stopping threads took: 0,0000235 seconds
2018-06-19T15:59:17.551+0200: 73,619: Total time for which application threads were stopped: 0,0000683 seconds, Stopping threads took: 0,0000440 seconds
2018-06-19T15:59:17.551+0200: 73,619: Total time for which application threads were stopped: 0,0000498 seconds, Stopping threads took: 0,0000219 seconds
2018-06-19T15:59:17.551+0200: 73,619: Total time for which application threads were stopped: 0,0000468 seconds, Stopping threads took: 0,0000215 seconds
2018-06-19T15:59:17.551+0200: 73,619: Total time for which application threads were stopped: 0,0000507 seconds, Stopping threads took: 0,0000260 seconds
2018-06-19T15:59:17.551+0200: 73,620: Total time for which application threads were stopped: 0,0000571 seconds, Stopping threads took: 0,0000292 seconds
2018-06-19T15:59:17.551+0200: 73,620: Total time for which application threads were stopped: 0,0000480 seconds, Stopping threads took: 0,0000230 seconds
2018-06-19T15:59:17.552+0200: 73,620: Total time for which application threads were stopped: 0,0000458 seconds, Stopping threads took: 0,0000230 seconds
2018-06-19T15:59:17.552+0200: 73,620: Total time for which application threads were stopped: 0,0001276 seconds, Stopping threads took: 0,0000309 seconds
2018-06-19T15:59:17.553+0200: 73,621: Total time for which application threads were stopped: 0,0001224 seconds, Stopping threads took: 0,0000483 seconds
2018-06-19T15:59:17.555+0200: 73,623: Total time for which application threads were stopped: 0,0001230 seconds, Stopping threads took: 0,0000472 seconds
2018-06-19T15:59:17.555+0200: 73,623: Total time for which application threads were stopped: 0,0000704 seconds, Stopping threads took: 0,0000244 seconds
2018-06-19T15:59:17.559+0200: 73,627: Total time for which application threads were stopped: 0,0002977 seconds, Stopping threads took: 0,0000761 seconds
Heap
 par new generation   total 109248K, used 97718K [0x00000000e0000000, 0x00000000e8000000, 0x00000000e8000000)
  eden space 87424K,  88% used [0x00000000e0000000, 0x00000000e4b6bde8, 0x00000000e5560000)
  from space 21824K,  93% used [0x00000000e6ab0000, 0x00000000e7eb1c20, 0x00000000e8000000)
  to   space 21824K,   0% used [0x00000000e5560000, 0x00000000e5560000, 0x00000000e6ab0000)
 concurrent mark-sweep generation total 393216K, used 8055K [0x00000000e8000000, 0x0000000100000000, 0x0000000100000000)
 Metaspace       used 30299K, capacity 31068K, committed 31100K, reserved 1077248K
  class space    used 3472K, capacity 3698K, committed 3708K, reserved 1048576K
