OpenJDK 64-Bit Server VM (25.171-b11) for linux-amd64 JRE (1.8.0_171-8u171-b11-0ubuntu0.16.04.1-b11), built on Apr 27 2018 17:19:03 by "buildd" with gcc 5.4.0 20160609
Memory: 4k page, physical 7867600k(2427184k free), swap 8076284k(8076284k free)
CommandLine flags: -XX:CMSInitiatingOccupancyFraction=50 -XX:CMSMaxAbortablePrecleanTime=6000 -XX:+CMSParallelRemarkEnabled -XX:+CMSScavengeBeforeRemark -XX:ConcGCThreads=4 -XX:InitialHeapSize=536870912 -XX:MaxHeapSize=536870912 -XX:MaxTenuringThreshold=8 -XX:NewRatio=3 -XX:OldPLABSize=16 -XX:OnOutOfMemoryError=/home/gurnoor/workspace/QTM/solr/bin/oom_solr.sh 8983 /home/gurnoor/workspace/QTM/solr/server/logs -XX:ParallelGCThreads=4 -XX:+ParallelRefProcEnabled -XX:PretenureSizeThreshold=67108864 -XX:+PrintGC -XX:+PrintGCApplicationStoppedTime -XX:+PrintGCDateStamps -XX:+PrintGCDetails -XX:+PrintGCTimeStamps -XX:+PrintHeapAtGC -XX:+PrintTenuringDistribution -XX:SurvivorRatio=4 -XX:TargetSurvivorRatio=90 -XX:ThreadStackSize=256 -XX:+UseCMSInitiatingOccupancyOnly -XX:+UseCompressedClassPointers -XX:+UseCompressedOops -XX:+UseConcMarkSweepGC -XX:+UseParNewGC 
2018-06-21T15:35:24.664+0200: 0,119: Total time for which application threads were stopped: 0,0000746 seconds, Stopping threads took: 0,0000185 seconds
2018-06-21T15:35:24.741+0200: 0,195: Total time for which application threads were stopped: 0,0001209 seconds, Stopping threads took: 0,0000146 seconds
2018-06-21T15:35:24.753+0200: 0,207: Total time for which application threads were stopped: 0,0001124 seconds, Stopping threads took: 0,0000293 seconds
2018-06-21T15:35:24.887+0200: 0,341: Total time for which application threads were stopped: 0,0001658 seconds, Stopping threads took: 0,0000183 seconds
2018-06-21T15:35:25.060+0200: 0,515: Total time for which application threads were stopped: 0,0001435 seconds, Stopping threads took: 0,0000161 seconds
2018-06-21T15:35:25.120+0200: 0,574: Total time for which application threads were stopped: 0,0001611 seconds, Stopping threads took: 0,0000353 seconds
2018-06-21T15:35:25.141+0200: 0,595: Total time for which application threads were stopped: 0,0002569 seconds, Stopping threads took: 0,0000711 seconds
2018-06-21T15:35:25.359+0200: 0,813: Total time for which application threads were stopped: 0,0001947 seconds, Stopping threads took: 0,0000175 seconds
2018-06-21T15:35:25.554+0200: 1,009: Total time for which application threads were stopped: 0,0003681 seconds, Stopping threads took: 0,0000269 seconds
2018-06-21T15:35:25.582+0200: 1,036: Total time for which application threads were stopped: 0,0003036 seconds, Stopping threads took: 0,0000224 seconds
2018-06-21T15:35:25.641+0200: 1,096: Total time for which application threads were stopped: 0,0002727 seconds, Stopping threads took: 0,0000292 seconds
2018-06-21T15:35:25.646+0200: 1,101: Total time for which application threads were stopped: 0,0021951 seconds, Stopping threads took: 0,0001190 seconds
2018-06-21T15:35:25.665+0200: 1,119: Total time for which application threads were stopped: 0,0002183 seconds, Stopping threads took: 0,0000221 seconds
2018-06-21T15:35:25.736+0200: 1,190: Total time for which application threads were stopped: 0,0002234 seconds, Stopping threads took: 0,0000211 seconds
2018-06-21T15:35:25.951+0200: 1,405: Total time for which application threads were stopped: 0,0002594 seconds, Stopping threads took: 0,0000148 seconds
{Heap before GC invocations=0 (full 0):
 par new generation   total 109248K, used 87424K [0x00000000e0000000, 0x00000000e8000000, 0x00000000e8000000)
  eden space 87424K, 100% used [0x00000000e0000000, 0x00000000e5560000, 0x00000000e5560000)
  from space 21824K,   0% used [0x00000000e5560000, 0x00000000e5560000, 0x00000000e6ab0000)
  to   space 21824K,   0% used [0x00000000e6ab0000, 0x00000000e6ab0000, 0x00000000e8000000)
 concurrent mark-sweep generation total 393216K, used 0K [0x00000000e8000000, 0x0000000100000000, 0x0000000100000000)
 Metaspace       used 18336K, capacity 18600K, committed 18944K, reserved 1067008K
  class space    used 2069K, capacity 2198K, committed 2304K, reserved 1048576K
2018-06-21T15:35:26.072+0200: 1,526: [GC (Allocation Failure) 2018-06-21T15:35:26.072+0200: 1,526: [ParNew
Desired survivor size 20112992 bytes, new threshold 8 (max 8)
- age   1:   12783400 bytes,   12783400 total
: 87424K->12599K(109248K), 0,0206475 secs] 87424K->12599K(502464K), 0,0207115 secs] [Times: user=0,04 sys=0,02, real=0,02 secs] 
Heap after GC invocations=1 (full 0):
 par new generation   total 109248K, used 12599K [0x00000000e0000000, 0x00000000e8000000, 0x00000000e8000000)
  eden space 87424K,   0% used [0x00000000e0000000, 0x00000000e0000000, 0x00000000e5560000)
  from space 21824K,  57% used [0x00000000e6ab0000, 0x00000000e76fde98, 0x00000000e8000000)
  to   space 21824K,   0% used [0x00000000e5560000, 0x00000000e5560000, 0x00000000e6ab0000)
 concurrent mark-sweep generation total 393216K, used 0K [0x00000000e8000000, 0x0000000100000000, 0x0000000100000000)
 Metaspace       used 18336K, capacity 18600K, committed 18944K, reserved 1067008K
  class space    used 2069K, capacity 2198K, committed 2304K, reserved 1048576K
}
2018-06-21T15:35:26.093+0200: 1,547: Total time for which application threads were stopped: 0,0209924 seconds, Stopping threads took: 0,0000367 seconds
2018-06-21T15:35:26.443+0200: 1,897: Total time for which application threads were stopped: 0,0003648 seconds, Stopping threads took: 0,0000386 seconds
2018-06-21T15:35:26.498+0200: 1,952: Total time for which application threads were stopped: 0,0019680 seconds, Stopping threads took: 0,0016463 seconds
{Heap before GC invocations=1 (full 0):
 par new generation   total 109248K, used 100023K [0x00000000e0000000, 0x00000000e8000000, 0x00000000e8000000)
  eden space 87424K, 100% used [0x00000000e0000000, 0x00000000e5560000, 0x00000000e5560000)
  from space 21824K,  57% used [0x00000000e6ab0000, 0x00000000e76fde98, 0x00000000e8000000)
  to   space 21824K,   0% used [0x00000000e5560000, 0x00000000e5560000, 0x00000000e6ab0000)
 concurrent mark-sweep generation total 393216K, used 0K [0x00000000e8000000, 0x0000000100000000, 0x0000000100000000)
 Metaspace       used 20104K, capacity 20498K, committed 20736K, reserved 1067008K
  class space    used 2301K, capacity 2471K, committed 2560K, reserved 1048576K
2018-06-21T15:35:26.508+0200: 1,963: [GC (Allocation Failure) 2018-06-21T15:35:26.508+0200: 1,963: [ParNew
Desired survivor size 20112992 bytes, new threshold 8 (max 8)
- age   1:    2404624 bytes,    2404624 total
- age   2:    6521600 bytes,    8926224 total
: 100023K->11799K(109248K), 0,0137367 secs] 100023K->11799K(502464K), 0,0138129 secs] [Times: user=0,05 sys=0,01, real=0,02 secs] 
Heap after GC invocations=2 (full 0):
 par new generation   total 109248K, used 11799K [0x00000000e0000000, 0x00000000e8000000, 0x00000000e8000000)
  eden space 87424K,   0% used [0x00000000e0000000, 0x00000000e0000000, 0x00000000e5560000)
  from space 21824K,  54% used [0x00000000e5560000, 0x00000000e60e5d80, 0x00000000e6ab0000)
  to   space 21824K,   0% used [0x00000000e6ab0000, 0x00000000e6ab0000, 0x00000000e8000000)
 concurrent mark-sweep generation total 393216K, used 0K [0x00000000e8000000, 0x0000000100000000, 0x0000000100000000)
 Metaspace       used 20104K, capacity 20498K, committed 20736K, reserved 1067008K
  class space    used 2301K, capacity 2471K, committed 2560K, reserved 1048576K
}
2018-06-21T15:35:26.522+0200: 1,977: Total time for which application threads were stopped: 0,0140827 seconds, Stopping threads took: 0,0001106 seconds
2018-06-21T15:35:26.554+0200: 2,009: Total time for which application threads were stopped: 0,0030337 seconds, Stopping threads took: 0,0016107 seconds
2018-06-21T15:35:26.764+0200: 2,219: Total time for which application threads were stopped: 0,0002270 seconds, Stopping threads took: 0,0000705 seconds
{Heap before GC invocations=2 (full 0):
 par new generation   total 109248K, used 99223K [0x00000000e0000000, 0x00000000e8000000, 0x00000000e8000000)
  eden space 87424K, 100% used [0x00000000e0000000, 0x00000000e5560000, 0x00000000e5560000)
  from space 21824K,  54% used [0x00000000e5560000, 0x00000000e60e5d80, 0x00000000e6ab0000)
  to   space 21824K,   0% used [0x00000000e6ab0000, 0x00000000e6ab0000, 0x00000000e8000000)
 concurrent mark-sweep generation total 393216K, used 0K [0x00000000e8000000, 0x0000000100000000, 0x0000000100000000)
 Metaspace       used 21032K, capacity 21356K, committed 21628K, reserved 1069056K
  class space    used 2423K, capacity 2590K, committed 2684K, reserved 1048576K
2018-06-21T15:35:26.845+0200: 2,299: [GC (Allocation Failure) 2018-06-21T15:35:26.845+0200: 2,299: [ParNew
Desired survivor size 20112992 bytes, new threshold 8 (max 8)
- age   1:    2070048 bytes,    2070048 total
- age   2:     476896 bytes,    2546944 total
- age   3:    6518864 bytes,    9065808 total
: 99223K->13088K(109248K), 0,0217178 secs] 99223K->13088K(502464K), 0,0217930 secs] [Times: user=0,08 sys=0,00, real=0,02 secs] 
Heap after GC invocations=3 (full 0):
 par new generation   total 109248K, used 13088K [0x00000000e0000000, 0x00000000e8000000, 0x00000000e8000000)
  eden space 87424K,   0% used [0x00000000e0000000, 0x00000000e0000000, 0x00000000e5560000)
  from space 21824K,  59% used [0x00000000e6ab0000, 0x00000000e7778260, 0x00000000e8000000)
  to   space 21824K,   0% used [0x00000000e5560000, 0x00000000e5560000, 0x00000000e6ab0000)
 concurrent mark-sweep generation total 393216K, used 0K [0x00000000e8000000, 0x0000000100000000, 0x0000000100000000)
 Metaspace       used 21032K, capacity 21356K, committed 21628K, reserved 1069056K
  class space    used 2423K, capacity 2590K, committed 2684K, reserved 1048576K
}
2018-06-21T15:35:26.867+0200: 2,321: Total time for which application threads were stopped: 0,0220094 seconds, Stopping threads took: 0,0000624 seconds
2018-06-21T15:35:26.886+0200: 2,341: [GC (CMS Initial Mark) [1 CMS-initial-mark: 0K(393216K)] 27312K(502464K), 0,0091145 secs] [Times: user=0,03 sys=0,00, real=0,01 secs] 
2018-06-21T15:35:26.895+0200: 2,350: Total time for which application threads were stopped: 0,0104204 seconds, Stopping threads took: 0,0009772 seconds
2018-06-21T15:35:26.895+0200: 2,350: [CMS-concurrent-mark-start]
2018-06-21T15:35:26.896+0200: 2,350: [CMS-concurrent-mark: 0,000/0,000 secs] [Times: user=0,00 sys=0,00, real=0,00 secs] 
2018-06-21T15:35:26.896+0200: 2,350: [CMS-concurrent-preclean-start]
2018-06-21T15:35:26.897+0200: 2,351: [CMS-concurrent-preclean: 0,001/0,001 secs] [Times: user=0,01 sys=0,00, real=0,00 secs] 
2018-06-21T15:35:26.897+0200: 2,352: [CMS-concurrent-abortable-preclean-start]
2018-06-21T15:35:26.940+0200: 2,394: Total time for which application threads were stopped: 0,0002128 seconds, Stopping threads took: 0,0001238 seconds
{Heap before GC invocations=3 (full 1):
 par new generation   total 109248K, used 100512K [0x00000000e0000000, 0x00000000e8000000, 0x00000000e8000000)
  eden space 87424K, 100% used [0x00000000e0000000, 0x00000000e5560000, 0x00000000e5560000)
  from space 21824K,  59% used [0x00000000e6ab0000, 0x00000000e7778260, 0x00000000e8000000)
  to   space 21824K,   0% used [0x00000000e5560000, 0x00000000e5560000, 0x00000000e6ab0000)
 concurrent mark-sweep generation total 393216K, used 0K [0x00000000e8000000, 0x0000000100000000, 0x0000000100000000)
 Metaspace       used 21324K, capacity 21708K, committed 21884K, reserved 1069056K
  class space    used 2454K, capacity 2607K, committed 2684K, reserved 1048576K
2018-06-21T15:35:27.047+0200: 2,501: [GC (Allocation Failure) 2018-06-21T15:35:27.047+0200: 2,501: [ParNew
Desired survivor size 20112992 bytes, new threshold 8 (max 8)
- age   1:    1455144 bytes,    1455144 total
- age   2:    1441896 bytes,    2897040 total
- age   3:     470864 bytes,    3367904 total
- age   4:    6518952 bytes,    9886856 total
: 100512K->11572K(109248K), 0,0145485 secs] 100512K->11572K(502464K), 0,0146234 secs] [Times: user=0,05 sys=0,00, real=0,02 secs] 
Heap after GC invocations=4 (full 1):
 par new generation   total 109248K, used 11572K [0x00000000e0000000, 0x00000000e8000000, 0x00000000e8000000)
  eden space 87424K,   0% used [0x00000000e0000000, 0x00000000e0000000, 0x00000000e5560000)
  from space 21824K,  53% used [0x00000000e5560000, 0x00000000e60ad070, 0x00000000e6ab0000)
  to   space 21824K,   0% used [0x00000000e6ab0000, 0x00000000e6ab0000, 0x00000000e8000000)
 concurrent mark-sweep generation total 393216K, used 0K [0x00000000e8000000, 0x0000000100000000, 0x0000000100000000)
 Metaspace       used 21324K, capacity 21708K, committed 21884K, reserved 1069056K
  class space    used 2454K, capacity 2607K, committed 2684K, reserved 1048576K
}
2018-06-21T15:35:27.061+0200: 2,516: Total time for which application threads were stopped: 0,0149116 seconds, Stopping threads took: 0,0001070 seconds
{Heap before GC invocations=4 (full 1):
 par new generation   total 109248K, used 98996K [0x00000000e0000000, 0x00000000e8000000, 0x00000000e8000000)
  eden space 87424K, 100% used [0x00000000e0000000, 0x00000000e5560000, 0x00000000e5560000)
  from space 21824K,  53% used [0x00000000e5560000, 0x00000000e60ad070, 0x00000000e6ab0000)
  to   space 21824K,   0% used [0x00000000e6ab0000, 0x00000000e6ab0000, 0x00000000e8000000)
 concurrent mark-sweep generation total 393216K, used 0K [0x00000000e8000000, 0x0000000100000000, 0x0000000100000000)
 Metaspace       used 21521K, capacity 21886K, committed 21960K, reserved 1069056K
  class space    used 2478K, capacity 2642K, committed 2684K, reserved 1048576K
2018-06-21T15:35:27.201+0200: 2,655: [GC (Allocation Failure) 2018-06-21T15:35:27.201+0200: 2,655: [ParNew
Desired survivor size 20112992 bytes, new threshold 8 (max 8)
- age   1:     807832 bytes,     807832 total
- age   2:     201624 bytes,    1009456 total
- age   3:    1442632 bytes,    2452088 total
- age   4:     470784 bytes,    2922872 total
- age   5:    6519352 bytes,    9442224 total
: 98996K->14697K(109248K), 0,0128648 secs] 98996K->14697K(502464K), 0,0129412 secs] [Times: user=0,05 sys=0,00, real=0,01 secs] 
Heap after GC invocations=5 (full 1):
 par new generation   total 109248K, used 14697K [0x00000000e0000000, 0x00000000e8000000, 0x00000000e8000000)
  eden space 87424K,   0% used [0x00000000e0000000, 0x00000000e0000000, 0x00000000e5560000)
  from space 21824K,  67% used [0x00000000e6ab0000, 0x00000000e790a580, 0x00000000e8000000)
  to   space 21824K,   0% used [0x00000000e5560000, 0x00000000e5560000, 0x00000000e6ab0000)
 concurrent mark-sweep generation total 393216K, used 0K [0x00000000e8000000, 0x0000000100000000, 0x0000000100000000)
 Metaspace       used 21521K, capacity 21886K, committed 21960K, reserved 1069056K
  class space    used 2478K, capacity 2642K, committed 2684K, reserved 1048576K
}
2018-06-21T15:35:27.214+0200: 2,668: Total time for which application threads were stopped: 0,0151249 seconds, Stopping threads took: 0,0019982 seconds
2018-06-21T15:35:27.214+0200: 2,668: [CMS-concurrent-abortable-preclean: 0,155/0,317 secs] [Times: user=1,10 sys=0,04, real=0,32 secs] 
2018-06-21T15:35:27.220+0200: 2,675: [GC (CMS Final Remark) [YG occupancy: 17291 K (109248 K)]{Heap before GC invocations=5 (full 1):
 par new generation   total 109248K, used 17291K [0x00000000e0000000, 0x00000000e8000000, 0x00000000e8000000)
  eden space 87424K,   2% used [0x00000000e0000000, 0x00000000e0288968, 0x00000000e5560000)
  from space 21824K,  67% used [0x00000000e6ab0000, 0x00000000e790a580, 0x00000000e8000000)
  to   space 21824K,   0% used [0x00000000e5560000, 0x00000000e5560000, 0x00000000e6ab0000)
 concurrent mark-sweep generation total 393216K, used 0K [0x00000000e8000000, 0x0000000100000000, 0x0000000100000000)
 Metaspace       used 21542K, capacity 21886K, committed 21960K, reserved 1069056K
  class space    used 2481K, capacity 2642K, committed 2684K, reserved 1048576K
2018-06-21T15:35:27.220+0200: 2,675: [GC (CMS Final Remark) 2018-06-21T15:35:27.221+0200: 2,675: [ParNew
Desired survivor size 20112992 bytes, new threshold 8 (max 8)
- age   1:     224744 bytes,     224744 total
- age   2:     161592 bytes,     386336 total
- age   3:     201624 bytes,     587960 total
- age   4:    1440288 bytes,    2028248 total
- age   5:     470784 bytes,    2499032 total
- age   6:    6519008 bytes,    9018040 total
: 17291K->11010K(109248K), 0,0195602 secs] 17291K->11010K(502464K), 0,0196658 secs] [Times: user=0,05 sys=0,00, real=0,02 secs] 
Heap after GC invocations=6 (full 1):
 par new generation   total 109248K, used 11010K [0x00000000e0000000, 0x00000000e8000000, 0x00000000e8000000)
  eden space 87424K,   0% used [0x00000000e0000000, 0x00000000e0000000, 0x00000000e5560000)
  from space 21824K,  50% used [0x00000000e5560000, 0x00000000e60209e0, 0x00000000e6ab0000)
  to   space 21824K,   0% used [0x00000000e6ab0000, 0x00000000e6ab0000, 0x00000000e8000000)
 concurrent mark-sweep generation total 393216K, used 0K [0x00000000e8000000, 0x0000000100000000, 0x0000000100000000)
 Metaspace       used 21542K, capacity 21886K, committed 21960K, reserved 1069056K
  class space    used 2481K, capacity 2642K, committed 2684K, reserved 1048576K
}
2018-06-21T15:35:27.240+0200: 2,694: [Rescan (parallel) , 0,0085854 secs]2018-06-21T15:35:27.249+0200: 2,703: [weak refs processing, 0,0008142 secs]2018-06-21T15:35:27.250+0200: 2,704: [class unloading, 0,0031092 secs]2018-06-21T15:35:27.253+0200: 2,707: [scrub symbol table, 0,0026455 secs]2018-06-21T15:35:27.255+0200: 2,710: [scrub string table, 0,0003758 secs][1 CMS-remark: 0K(393216K)] 11010K(502464K), 0,0361094 secs] [Times: user=0,08 sys=0,00, real=0,04 secs] 
2018-06-21T15:35:27.256+0200: 2,711: Total time for which application threads were stopped: 0,0379863 seconds, Stopping threads took: 0,0015061 seconds
2018-06-21T15:35:27.258+0200: 2,713: [CMS-concurrent-sweep-start]
2018-06-21T15:35:27.259+0200: 2,713: [CMS-concurrent-sweep: 0,000/0,000 secs] [Times: user=0,01 sys=0,00, real=0,00 secs] 
2018-06-21T15:35:27.259+0200: 2,713: [CMS-concurrent-reset-start]
2018-06-21T15:35:27.262+0200: 2,716: [CMS-concurrent-reset: 0,003/0,003 secs] [Times: user=0,01 sys=0,00, real=0,01 secs] 
2018-06-21T15:35:27.279+0200: 2,733: Total time for which application threads were stopped: 0,0003664 seconds, Stopping threads took: 0,0000310 seconds
2018-06-21T15:35:27.661+0200: 3,115: Total time for which application threads were stopped: 0,0004642 seconds, Stopping threads took: 0,0000540 seconds
2018-06-21T15:35:27.673+0200: 3,127: Total time for which application threads were stopped: 0,0004188 seconds, Stopping threads took: 0,0000737 seconds
{Heap before GC invocations=6 (full 1):
 par new generation   total 109248K, used 98434K [0x00000000e0000000, 0x00000000e8000000, 0x00000000e8000000)
  eden space 87424K, 100% used [0x00000000e0000000, 0x00000000e5560000, 0x00000000e5560000)
  from space 21824K,  50% used [0x00000000e5560000, 0x00000000e60209e0, 0x00000000e6ab0000)
  to   space 21824K,   0% used [0x00000000e6ab0000, 0x00000000e6ab0000, 0x00000000e8000000)
 concurrent mark-sweep generation total 393216K, used 0K [0x00000000e8000000, 0x0000000100000000, 0x0000000100000000)
 Metaspace       used 25526K, capacity 26048K, committed 26236K, reserved 1073152K
  class space    used 2956K, capacity 3161K, committed 3196K, reserved 1048576K
2018-06-21T15:35:28.109+0200: 3,563: [GC (Allocation Failure) 2018-06-21T15:35:28.109+0200: 3,563: [ParNew
Desired survivor size 20112992 bytes, new threshold 8 (max 8)
- age   1:    9788168 bytes,    9788168 total
- age   2:       6512 bytes,    9794680 total
- age   3:     155688 bytes,    9950368 total
- age   4:     193032 bytes,   10143400 total
- age   5:     267512 bytes,   10410912 total
- age   6:     451136 bytes,   10862048 total
- age   7:    6511712 bytes,   17373760 total
: 98434K->21191K(109248K), 0,0235426 secs] 98434K->21191K(502464K), 0,0236578 secs] [Times: user=0,07 sys=0,01, real=0,03 secs] 
Heap after GC invocations=7 (full 1):
 par new generation   total 109248K, used 21191K [0x00000000e0000000, 0x00000000e8000000, 0x00000000e8000000)
  eden space 87424K,   0% used [0x00000000e0000000, 0x00000000e0000000, 0x00000000e5560000)
  from space 21824K,  97% used [0x00000000e6ab0000, 0x00000000e7f61cf8, 0x00000000e8000000)
  to   space 21824K,   0% used [0x00000000e5560000, 0x00000000e5560000, 0x00000000e6ab0000)
 concurrent mark-sweep generation total 393216K, used 0K [0x00000000e8000000, 0x0000000100000000, 0x0000000100000000)
 Metaspace       used 25526K, capacity 26048K, committed 26236K, reserved 1073152K
  class space    used 2956K, capacity 3161K, committed 3196K, reserved 1048576K
}
2018-06-21T15:35:28.133+0200: 3,587: Total time for which application threads were stopped: 0,0291389 seconds, Stopping threads took: 0,0050686 seconds
2018-06-21T15:35:28.265+0200: 3,720: Total time for which application threads were stopped: 0,0005824 seconds, Stopping threads took: 0,0000538 seconds
2018-06-21T15:35:28.289+0200: 3,744: Total time for which application threads were stopped: 0,0007391 seconds, Stopping threads took: 0,0000841 seconds
2018-06-21T15:35:28.421+0200: 3,875: Total time for which application threads were stopped: 0,0101997 seconds, Stopping threads took: 0,0096622 seconds
2018-06-21T15:35:28.610+0200: 4,064: Total time for which application threads were stopped: 0,0099931 seconds, Stopping threads took: 0,0090776 seconds
2018-06-21T15:35:28.664+0200: 4,118: Total time for which application threads were stopped: 0,0044412 seconds, Stopping threads took: 0,0041997 seconds
{Heap before GC invocations=7 (full 1):
 par new generation   total 109248K, used 108615K [0x00000000e0000000, 0x00000000e8000000, 0x00000000e8000000)
  eden space 87424K, 100% used [0x00000000e0000000, 0x00000000e5560000, 0x00000000e5560000)
  from space 21824K,  97% used [0x00000000e6ab0000, 0x00000000e7f61cf8, 0x00000000e8000000)
  to   space 21824K,   0% used [0x00000000e5560000, 0x00000000e5560000, 0x00000000e6ab0000)
 concurrent mark-sweep generation total 393216K, used 0K [0x00000000e8000000, 0x0000000100000000, 0x0000000100000000)
 Metaspace       used 27897K, capacity 28496K, committed 28796K, reserved 1075200K
  class space    used 3210K, capacity 3393K, committed 3452K, reserved 1048576K
2018-06-21T15:35:28.809+0200: 4,263: [GC (Allocation Failure) 2018-06-21T15:35:28.809+0200: 4,263: [ParNew
Desired survivor size 20112992 bytes, new threshold 8 (max 8)
- age   1:    8392904 bytes,    8392904 total
- age   2:    5940832 bytes,   14333736 total
- age   3:       6480 bytes,   14340216 total
- age   4:     108984 bytes,   14449200 total
- age   5:     161792 bytes,   14610992 total
- age   6:     234400 bytes,   14845392 total
- age   7:     442968 bytes,   15288360 total
- age   8:    6474392 bytes,   21762752 total
: 108615K->21824K(109248K), 0,0468420 secs] 108615K->23211K(502464K), 0,0469536 secs] [Times: user=0,15 sys=0,00, real=0,05 secs] 
Heap after GC invocations=8 (full 1):
 par new generation   total 109248K, used 21824K [0x00000000e0000000, 0x00000000e8000000, 0x00000000e8000000)
  eden space 87424K,   0% used [0x00000000e0000000, 0x00000000e0000000, 0x00000000e5560000)
  from space 21824K, 100% used [0x00000000e5560000, 0x00000000e6ab0000, 0x00000000e6ab0000)
  to   space 21824K,   0% used [0x00000000e6ab0000, 0x00000000e6ab0000, 0x00000000e8000000)
 concurrent mark-sweep generation total 393216K, used 1387K [0x00000000e8000000, 0x0000000100000000, 0x0000000100000000)
 Metaspace       used 27897K, capacity 28496K, committed 28796K, reserved 1075200K
  class space    used 3210K, capacity 3393K, committed 3452K, reserved 1048576K
}
2018-06-21T15:35:28.856+0200: 4,310: Total time for which application threads were stopped: 0,0472472 seconds, Stopping threads took: 0,0000488 seconds
{Heap before GC invocations=8 (full 1):
 par new generation   total 109248K, used 109248K [0x00000000e0000000, 0x00000000e8000000, 0x00000000e8000000)
  eden space 87424K, 100% used [0x00000000e0000000, 0x00000000e5560000, 0x00000000e5560000)
  from space 21824K, 100% used [0x00000000e5560000, 0x00000000e6ab0000, 0x00000000e6ab0000)
  to   space 21824K,   0% used [0x00000000e6ab0000, 0x00000000e6ab0000, 0x00000000e8000000)
 concurrent mark-sweep generation total 393216K, used 1387K [0x00000000e8000000, 0x0000000100000000, 0x0000000100000000)
 Metaspace       used 27926K, capacity 28560K, committed 28796K, reserved 1075200K
  class space    used 3210K, capacity 3393K, committed 3452K, reserved 1048576K
2018-06-21T15:35:28.977+0200: 4,431: [GC (Allocation Failure) 2018-06-21T15:35:28.977+0200: 4,431: [ParNew
Desired survivor size 20112992 bytes, new threshold 8 (max 8)
- age   1:    1863968 bytes,    1863968 total
- age   2:    7271528 bytes,    9135496 total
- age   3:    5940832 bytes,   15076328 total
- age   4:       6480 bytes,   15082808 total
- age   5:     108984 bytes,   15191792 total
- age   6:     161792 bytes,   15353584 total
- age   7:     234400 bytes,   15587984 total
- age   8:     442968 bytes,   16030952 total
: 109248K->21824K(109248K), 0,0782227 secs] 110635K->30208K(502464K), 0,0783430 secs] [Times: user=0,19 sys=0,00, real=0,08 secs] 
Heap after GC invocations=9 (full 1):
 par new generation   total 109248K, used 21824K [0x00000000e0000000, 0x00000000e8000000, 0x00000000e8000000)
  eden space 87424K,   0% used [0x00000000e0000000, 0x00000000e0000000, 0x00000000e5560000)
  from space 21824K, 100% used [0x00000000e6ab0000, 0x00000000e8000000, 0x00000000e8000000)
  to   space 21824K,   0% used [0x00000000e5560000, 0x00000000e5560000, 0x00000000e6ab0000)
 concurrent mark-sweep generation total 393216K, used 8384K [0x00000000e8000000, 0x0000000100000000, 0x0000000100000000)
 Metaspace       used 27926K, capacity 28560K, committed 28796K, reserved 1075200K
  class space    used 3210K, capacity 3393K, committed 3452K, reserved 1048576K
}
2018-06-21T15:35:29.055+0200: 4,510: Total time for which application threads were stopped: 0,0786685 seconds, Stopping threads took: 0,0000734 seconds
{Heap before GC invocations=9 (full 1):
 par new generation   total 109248K, used 109248K [0x00000000e0000000, 0x00000000e8000000, 0x00000000e8000000)
  eden space 87424K, 100% used [0x00000000e0000000, 0x00000000e5560000, 0x00000000e5560000)
  from space 21824K, 100% used [0x00000000e6ab0000, 0x00000000e8000000, 0x00000000e8000000)
  to   space 21824K,   0% used [0x00000000e5560000, 0x00000000e5560000, 0x00000000e6ab0000)
 concurrent mark-sweep generation total 393216K, used 8384K [0x00000000e8000000, 0x0000000100000000, 0x0000000100000000)
 Metaspace       used 27982K, capacity 28604K, committed 28796K, reserved 1075200K
  class space    used 3215K, capacity 3402K, committed 3452K, reserved 1048576K
2018-06-21T15:35:29.141+0200: 4,596: [GC (Allocation Failure) 2018-06-21T15:35:29.141+0200: 4,596: [ParNew
Desired survivor size 20112992 bytes, new threshold 8 (max 8)
- age   1:     976032 bytes,     976032 total
- age   2:    1353264 bytes,    2329296 total
- age   3:    7271528 bytes,    9600824 total
- age   4:    5940832 bytes,   15541656 total
- age   5:       6480 bytes,   15548136 total
- age   6:     108984 bytes,   15657120 total
- age   7:     161584 bytes,   15818704 total
- age   8:     234400 bytes,   16053104 total
: 109248K->21542K(109248K), 0,0423858 secs] 117632K->30372K(502464K), 0,0425112 secs] [Times: user=0,12 sys=0,00, real=0,04 secs] 
Heap after GC invocations=10 (full 1):
 par new generation   total 109248K, used 21542K [0x00000000e0000000, 0x00000000e8000000, 0x00000000e8000000)
  eden space 87424K,   0% used [0x00000000e0000000, 0x00000000e0000000, 0x00000000e5560000)
  from space 21824K,  98% used [0x00000000e5560000, 0x00000000e6a69a80, 0x00000000e6ab0000)
  to   space 21824K,   0% used [0x00000000e6ab0000, 0x00000000e6ab0000, 0x00000000e8000000)
 concurrent mark-sweep generation total 393216K, used 8829K [0x00000000e8000000, 0x0000000100000000, 0x0000000100000000)
 Metaspace       used 27982K, capacity 28604K, committed 28796K, reserved 1075200K
  class space    used 3215K, capacity 3402K, committed 3452K, reserved 1048576K
}
2018-06-21T15:35:29.184+0200: 4,638: Total time for which application threads were stopped: 0,0430627 seconds, Stopping threads took: 0,0002677 seconds
{Heap before GC invocations=10 (full 1):
 par new generation   total 109248K, used 108966K [0x00000000e0000000, 0x00000000e8000000, 0x00000000e8000000)
  eden space 87424K, 100% used [0x00000000e0000000, 0x00000000e5560000, 0x00000000e5560000)
  from space 21824K,  98% used [0x00000000e5560000, 0x00000000e6a69a80, 0x00000000e6ab0000)
  to   space 21824K,   0% used [0x00000000e6ab0000, 0x00000000e6ab0000, 0x00000000e8000000)
 concurrent mark-sweep generation total 393216K, used 8829K [0x00000000e8000000, 0x0000000100000000, 0x0000000100000000)
 Metaspace       used 28019K, capacity 28614K, committed 28796K, reserved 1075200K
  class space    used 3216K, capacity 3403K, committed 3452K, reserved 1048576K
2018-06-21T15:35:29.295+0200: 4,749: [GC (Allocation Failure) 2018-06-21T15:35:29.295+0200: 4,749: [ParNew
Desired survivor size 20112992 bytes, new threshold 8 (max 8)
- age   1:     450552 bytes,     450552 total
- age   2:     139672 bytes,     590224 total
- age   3:     577056 bytes,    1167280 total
- age   4:    7271528 bytes,    8438808 total
- age   5:    5940776 bytes,   14379584 total
- age   6:       6480 bytes,   14386064 total
- age   7:     108984 bytes,   14495048 total
- age   8:     161480 bytes,   14656528 total
: 108966K->17176K(109248K), 0,0433230 secs] 117796K->26240K(502464K), 0,0434226 secs] [Times: user=0,15 sys=0,00, real=0,04 secs] 
Heap after GC invocations=11 (full 1):
 par new generation   total 109248K, used 17176K [0x00000000e0000000, 0x00000000e8000000, 0x00000000e8000000)
  eden space 87424K,   0% used [0x00000000e0000000, 0x00000000e0000000, 0x00000000e5560000)
  from space 21824K,  78% used [0x00000000e6ab0000, 0x00000000e7b761a8, 0x00000000e8000000)
  to   space 21824K,   0% used [0x00000000e5560000, 0x00000000e5560000, 0x00000000e6ab0000)
 concurrent mark-sweep generation total 393216K, used 9064K [0x00000000e8000000, 0x0000000100000000, 0x0000000100000000)
 Metaspace       used 28019K, capacity 28614K, committed 28796K, reserved 1075200K
  class space    used 3216K, capacity 3403K, committed 3452K, reserved 1048576K
}
2018-06-21T15:35:29.339+0200: 4,793: Total time for which application threads were stopped: 0,0438019 seconds, Stopping threads took: 0,0000874 seconds
2018-06-21T15:35:29.455+0200: 4,909: Total time for which application threads were stopped: 0,0031260 seconds, Stopping threads took: 0,0029017 seconds
2018-06-21T15:35:29.470+0200: 4,924: Total time for which application threads were stopped: 0,0001918 seconds, Stopping threads took: 0,0000839 seconds
2018-06-21T15:35:29.494+0200: 4,948: Total time for which application threads were stopped: 0,0001627 seconds, Stopping threads took: 0,0000480 seconds
2018-06-21T15:35:29.507+0200: 4,961: Total time for which application threads were stopped: 0,0001735 seconds, Stopping threads took: 0,0000626 seconds
2018-06-21T15:35:29.508+0200: 4,962: Total time for which application threads were stopped: 0,0001550 seconds, Stopping threads took: 0,0000486 seconds
2018-06-21T15:35:29.565+0200: 5,019: Total time for which application threads were stopped: 0,0002895 seconds, Stopping threads took: 0,0001347 seconds
2018-06-21T15:35:29.565+0200: 5,019: Total time for which application threads were stopped: 0,0001068 seconds, Stopping threads took: 0,0000407 seconds
2018-06-21T15:35:29.565+0200: 5,019: Total time for which application threads were stopped: 0,0000657 seconds, Stopping threads took: 0,0000151 seconds
2018-06-21T15:35:29.566+0200: 5,020: Total time for which application threads were stopped: 0,0004036 seconds, Stopping threads took: 0,0002873 seconds
2018-06-21T15:35:29.692+0200: 5,146: Total time for which application threads were stopped: 0,0002886 seconds, Stopping threads took: 0,0001481 seconds
2018-06-21T15:35:29.693+0200: 5,147: Total time for which application threads were stopped: 0,0010219 seconds, Stopping threads took: 0,0008893 seconds
2018-06-21T15:35:29.693+0200: 5,147: Total time for which application threads were stopped: 0,0000766 seconds, Stopping threads took: 0,0000177 seconds
2018-06-21T15:35:29.718+0200: 5,172: Total time for which application threads were stopped: 0,0001465 seconds, Stopping threads took: 0,0000504 seconds
2018-06-21T15:35:29.718+0200: 5,172: Total time for which application threads were stopped: 0,0000784 seconds, Stopping threads took: 0,0000261 seconds
2018-06-21T15:35:29.718+0200: 5,172: Total time for which application threads were stopped: 0,0000629 seconds, Stopping threads took: 0,0000224 seconds
2018-06-21T15:36:36.727+0200: 72,181: Total time for which application threads were stopped: 0,0003033 seconds, Stopping threads took: 0,0000800 seconds
2018-06-21T15:36:41.728+0200: 77,182: Total time for which application threads were stopped: 0,0000849 seconds, Stopping threads took: 0,0000217 seconds
2018-06-21T15:36:43.063+0200: 78,518: Total time for which application threads were stopped: 0,0001201 seconds, Stopping threads took: 0,0000267 seconds
2018-06-21T15:36:43.064+0200: 78,518: Total time for which application threads were stopped: 0,0000813 seconds, Stopping threads took: 0,0000173 seconds
2018-06-21T15:36:43.068+0200: 78,522: Total time for which application threads were stopped: 0,0000988 seconds, Stopping threads took: 0,0000155 seconds
2018-06-21T15:36:43.068+0200: 78,523: Total time for which application threads were stopped: 0,0000538 seconds, Stopping threads took: 0,0000214 seconds
2018-06-21T15:36:43.071+0200: 78,525: Total time for which application threads were stopped: 0,0001291 seconds, Stopping threads took: 0,0000193 seconds
2018-06-21T15:36:43.071+0200: 78,525: Total time for which application threads were stopped: 0,0000368 seconds, Stopping threads took: 0,0000071 seconds
2018-06-21T15:36:43.071+0200: 78,525: Total time for which application threads were stopped: 0,0000362 seconds, Stopping threads took: 0,0000078 seconds
2018-06-21T15:36:43.071+0200: 78,526: Total time for which application threads were stopped: 0,0000859 seconds, Stopping threads took: 0,0000346 seconds
2018-06-21T15:36:43.073+0200: 78,527: Total time for which application threads were stopped: 0,0001244 seconds, Stopping threads took: 0,0000224 seconds
2018-06-21T15:36:43.073+0200: 78,527: Total time for which application threads were stopped: 0,0000736 seconds, Stopping threads took: 0,0000166 seconds
2018-06-21T15:36:43.076+0200: 78,530: Total time for which application threads were stopped: 0,0001418 seconds, Stopping threads took: 0,0000409 seconds
2018-06-21T15:36:43.077+0200: 78,531: Total time for which application threads were stopped: 0,0004028 seconds, Stopping threads took: 0,0000463 seconds
2018-06-21T15:36:43.093+0200: 78,547: Total time for which application threads were stopped: 0,0001731 seconds, Stopping threads took: 0,0000530 seconds
2018-06-21T15:36:43.094+0200: 78,548: Total time for which application threads were stopped: 0,0001888 seconds, Stopping threads took: 0,0000349 seconds
2018-06-21T15:36:43.095+0200: 78,550: Total time for which application threads were stopped: 0,0005495 seconds, Stopping threads took: 0,0001702 seconds
2018-06-21T15:36:43.104+0200: 78,558: Total time for which application threads were stopped: 0,0007504 seconds, Stopping threads took: 0,0001319 seconds
2018-06-21T15:36:43.121+0200: 78,575: Total time for which application threads were stopped: 0,0005884 seconds, Stopping threads took: 0,0001394 seconds
2018-06-21T15:36:43.123+0200: 78,578: Total time for which application threads were stopped: 0,0000731 seconds, Stopping threads took: 0,0000228 seconds
2018-06-21T15:36:43.126+0200: 78,581: Total time for which application threads were stopped: 0,0003960 seconds, Stopping threads took: 0,0000159 seconds
2018-06-21T15:36:43.129+0200: 78,584: Total time for which application threads were stopped: 0,0001026 seconds, Stopping threads took: 0,0000327 seconds
2018-06-21T15:36:43.131+0200: 78,585: Total time for which application threads were stopped: 0,0000961 seconds, Stopping threads took: 0,0000178 seconds
2018-06-21T15:36:43.132+0200: 78,586: Total time for which application threads were stopped: 0,0000766 seconds, Stopping threads took: 0,0000143 seconds
2018-06-21T15:36:43.132+0200: 78,586: Total time for which application threads were stopped: 0,0000609 seconds, Stopping threads took: 0,0000155 seconds
2018-06-21T15:36:43.133+0200: 78,587: Total time for which application threads were stopped: 0,0000649 seconds, Stopping threads took: 0,0000272 seconds
2018-06-21T15:36:43.139+0200: 78,593: Total time for which application threads were stopped: 0,0011524 seconds, Stopping threads took: 0,0007712 seconds
2018-06-21T15:36:43.144+0200: 78,598: Total time for which application threads were stopped: 0,0005483 seconds, Stopping threads took: 0,0004425 seconds
2018-06-21T15:36:43.153+0200: 78,607: Total time for which application threads were stopped: 0,0001007 seconds, Stopping threads took: 0,0000373 seconds
2018-06-21T15:36:43.153+0200: 78,607: Total time for which application threads were stopped: 0,0000583 seconds, Stopping threads took: 0,0000237 seconds
2018-06-21T15:36:43.159+0200: 78,613: Total time for which application threads were stopped: 0,0001013 seconds, Stopping threads took: 0,0000249 seconds
2018-06-21T15:36:43.186+0200: 78,640: Total time for which application threads were stopped: 0,0001511 seconds, Stopping threads took: 0,0000463 seconds
2018-06-21T15:36:43.204+0200: 78,658: Total time for which application threads were stopped: 0,0001725 seconds, Stopping threads took: 0,0000416 seconds
2018-06-21T15:36:43.206+0200: 78,661: Total time for which application threads were stopped: 0,0001817 seconds, Stopping threads took: 0,0000224 seconds
2018-06-21T15:36:43.208+0200: 78,662: Total time for which application threads were stopped: 0,0001625 seconds, Stopping threads took: 0,0000315 seconds
2018-06-21T15:36:43.208+0200: 78,663: Total time for which application threads were stopped: 0,0001833 seconds, Stopping threads took: 0,0000599 seconds
2018-06-21T15:36:43.234+0200: 78,688: Total time for which application threads were stopped: 0,0001224 seconds, Stopping threads took: 0,0000385 seconds
2018-06-21T15:36:43.234+0200: 78,689: Total time for which application threads were stopped: 0,0001990 seconds, Stopping threads took: 0,0000199 seconds
2018-06-21T15:36:43.236+0200: 78,690: Total time for which application threads were stopped: 0,0001185 seconds, Stopping threads took: 0,0000242 seconds
2018-06-21T15:36:43.244+0200: 78,698: Total time for which application threads were stopped: 0,0001605 seconds, Stopping threads took: 0,0000265 seconds
2018-06-21T15:36:43.278+0200: 78,733: Total time for which application threads were stopped: 0,0001894 seconds, Stopping threads took: 0,0000442 seconds
2018-06-21T15:36:43.279+0200: 78,734: Total time for which application threads were stopped: 0,0002881 seconds, Stopping threads took: 0,0001704 seconds
2018-06-21T15:36:43.280+0200: 78,734: Total time for which application threads were stopped: 0,0000979 seconds, Stopping threads took: 0,0000217 seconds
2018-06-21T15:36:43.308+0200: 78,762: Total time for which application threads were stopped: 0,0036176 seconds, Stopping threads took: 0,0035123 seconds
2018-06-21T15:36:43.311+0200: 78,766: Total time for which application threads were stopped: 0,0003670 seconds, Stopping threads took: 0,0000692 seconds
2018-06-21T15:36:43.318+0200: 78,773: Total time for which application threads were stopped: 0,0001495 seconds, Stopping threads took: 0,0000616 seconds
2018-06-21T15:36:43.319+0200: 78,774: Total time for which application threads were stopped: 0,0000941 seconds, Stopping threads took: 0,0000181 seconds
2018-06-21T15:36:43.338+0200: 78,792: Total time for which application threads were stopped: 0,0001377 seconds, Stopping threads took: 0,0000416 seconds
2018-06-21T15:36:43.348+0200: 78,803: Total time for which application threads were stopped: 0,0035179 seconds, Stopping threads took: 0,0033661 seconds
2018-06-21T15:36:43.375+0200: 78,829: Total time for which application threads were stopped: 0,0003874 seconds, Stopping threads took: 0,0002393 seconds
2018-06-21T15:36:43.376+0200: 78,831: Total time for which application threads were stopped: 0,0001979 seconds, Stopping threads took: 0,0000335 seconds
2018-06-21T15:36:43.420+0200: 78,874: Total time for which application threads were stopped: 0,0001711 seconds, Stopping threads took: 0,0000336 seconds
2018-06-21T15:36:43.420+0200: 78,874: Total time for which application threads were stopped: 0,0000959 seconds, Stopping threads took: 0,0000244 seconds
2018-06-21T15:36:43.420+0200: 78,874: Total time for which application threads were stopped: 0,0000982 seconds, Stopping threads took: 0,0000374 seconds
2018-06-21T15:36:43.420+0200: 78,874: Total time for which application threads were stopped: 0,0000834 seconds, Stopping threads took: 0,0000241 seconds
2018-06-21T15:36:43.420+0200: 78,874: Total time for which application threads were stopped: 0,0000809 seconds, Stopping threads took: 0,0000248 seconds
2018-06-21T15:36:43.420+0200: 78,875: Total time for which application threads were stopped: 0,0000873 seconds, Stopping threads took: 0,0000319 seconds
2018-06-21T15:36:43.420+0200: 78,875: Total time for which application threads were stopped: 0,0000733 seconds, Stopping threads took: 0,0000223 seconds
2018-06-21T15:36:43.421+0200: 78,875: Total time for which application threads were stopped: 0,0001179 seconds, Stopping threads took: 0,0000383 seconds
2018-06-21T15:36:43.423+0200: 78,878: Total time for which application threads were stopped: 0,0005053 seconds, Stopping threads took: 0,0001412 seconds
2018-06-21T15:36:43.429+0200: 78,883: Total time for which application threads were stopped: 0,0006804 seconds, Stopping threads took: 0,0005175 seconds
2018-06-21T15:36:43.432+0200: 78,887: Total time for which application threads were stopped: 0,0025737 seconds, Stopping threads took: 0,0024536 seconds
2018-06-21T15:36:43.433+0200: 78,887: Total time for which application threads were stopped: 0,0003436 seconds, Stopping threads took: 0,0001219 seconds
2018-06-21T15:36:44.337+0200: 79,791: Total time for which application threads were stopped: 0,0078887 seconds, Stopping threads took: 0,0069619 seconds
2018-06-21T15:36:44.338+0200: 79,792: Total time for which application threads were stopped: 0,0005102 seconds, Stopping threads took: 0,0000320 seconds
2018-06-21T15:36:44.340+0200: 79,794: Total time for which application threads were stopped: 0,0005361 seconds, Stopping threads took: 0,0004095 seconds
2018-06-21T15:36:44.347+0200: 79,801: Total time for which application threads were stopped: 0,0060895 seconds, Stopping threads took: 0,0059441 seconds
2018-06-21T15:36:44.358+0200: 79,813: Total time for which application threads were stopped: 0,0025900 seconds, Stopping threads took: 0,0017842 seconds
2018-06-21T15:36:44.361+0200: 79,815: Total time for which application threads were stopped: 0,0002011 seconds, Stopping threads took: 0,0000982 seconds
2018-06-21T15:36:44.361+0200: 79,815: Total time for which application threads were stopped: 0,0000963 seconds, Stopping threads took: 0,0000267 seconds
2018-06-21T15:36:44.426+0200: 79,880: Total time for which application threads were stopped: 0,0001824 seconds, Stopping threads took: 0,0000606 seconds
2018-06-21T15:36:44.426+0200: 79,880: Total time for which application threads were stopped: 0,0000909 seconds, Stopping threads took: 0,0000341 seconds
2018-06-21T15:36:44.426+0200: 79,880: Total time for which application threads were stopped: 0,0000555 seconds, Stopping threads took: 0,0000183 seconds
2018-06-21T15:36:44.426+0200: 79,881: Total time for which application threads were stopped: 0,0000730 seconds, Stopping threads took: 0,0000381 seconds
2018-06-21T15:36:44.426+0200: 79,881: Total time for which application threads were stopped: 0,0001077 seconds, Stopping threads took: 0,0000629 seconds
2018-06-21T15:36:44.429+0200: 79,883: Total time for which application threads were stopped: 0,0001793 seconds, Stopping threads took: 0,0000827 seconds
2018-06-21T15:36:44.432+0200: 79,886: Total time for which application threads were stopped: 0,0005211 seconds, Stopping threads took: 0,0001155 seconds
2018-06-21T15:36:44.433+0200: 79,888: Total time for which application threads were stopped: 0,0008196 seconds, Stopping threads took: 0,0007287 seconds
2018-06-21T15:36:44.433+0200: 79,888: Total time for which application threads were stopped: 0,0000754 seconds, Stopping threads took: 0,0000277 seconds
2018-06-21T15:36:44.434+0200: 79,888: Total time for which application threads were stopped: 0,0000509 seconds, Stopping threads took: 0,0000114 seconds
2018-06-21T15:36:44.434+0200: 79,888: Total time for which application threads were stopped: 0,0000665 seconds, Stopping threads took: 0,0000156 seconds
2018-06-21T15:36:44.434+0200: 79,889: Total time for which application threads were stopped: 0,0005905 seconds, Stopping threads took: 0,0004990 seconds
2018-06-21T15:36:44.435+0200: 79,889: Total time for which application threads were stopped: 0,0000945 seconds, Stopping threads took: 0,0000258 seconds
2018-06-21T15:36:44.440+0200: 79,894: Total time for which application threads were stopped: 0,0007557 seconds, Stopping threads took: 0,0003194 seconds
2018-06-21T15:36:44.440+0200: 79,895: Total time for which application threads were stopped: 0,0004165 seconds, Stopping threads took: 0,0001433 seconds
2018-06-21T15:36:44.461+0200: 79,915: Total time for which application threads were stopped: 0,0002973 seconds, Stopping threads took: 0,0001942 seconds
2018-06-21T15:36:44.461+0200: 79,916: Total time for which application threads were stopped: 0,0004764 seconds, Stopping threads took: 0,0003598 seconds
2018-06-21T15:36:44.464+0200: 79,918: Total time for which application threads were stopped: 0,0009070 seconds, Stopping threads took: 0,0002278 seconds
2018-06-21T15:36:44.465+0200: 79,919: Total time for which application threads were stopped: 0,0007258 seconds, Stopping threads took: 0,0002539 seconds
2018-06-21T15:36:46.743+0200: 82,197: Total time for which application threads were stopped: 0,0001389 seconds, Stopping threads took: 0,0000276 seconds
2018-06-21T15:36:46.743+0200: 82,197: Total time for which application threads were stopped: 0,0000706 seconds, Stopping threads took: 0,0000152 seconds
2018-06-21T15:36:46.746+0200: 82,201: Total time for which application threads were stopped: 0,0002101 seconds, Stopping threads took: 0,0000653 seconds
2018-06-21T15:36:46.748+0200: 82,202: Total time for which application threads were stopped: 0,0005629 seconds, Stopping threads took: 0,0001178 seconds
2018-06-21T15:36:46.785+0200: 82,239: Total time for which application threads were stopped: 0,0015087 seconds, Stopping threads took: 0,0013847 seconds
2018-06-21T15:36:46.785+0200: 82,239: Total time for which application threads were stopped: 0,0000825 seconds, Stopping threads took: 0,0000378 seconds
2018-06-21T15:36:46.785+0200: 82,239: Total time for which application threads were stopped: 0,0000913 seconds, Stopping threads took: 0,0000343 seconds
2018-06-21T15:36:46.785+0200: 82,239: Total time for which application threads were stopped: 0,0000628 seconds, Stopping threads took: 0,0000128 seconds
2018-06-21T15:37:01.633+0200: 97,087: Total time for which application threads were stopped: 0,0001395 seconds, Stopping threads took: 0,0000544 seconds
2018-06-21T15:37:01.876+0200: 97,331: Total time for which application threads were stopped: 0,0001465 seconds, Stopping threads took: 0,0000396 seconds
2018-06-21T15:37:02.877+0200: 98,331: Total time for which application threads were stopped: 0,0001186 seconds, Stopping threads took: 0,0000216 seconds
2018-06-21T15:37:12.878+0200: 108,332: Total time for which application threads were stopped: 0,0001963 seconds, Stopping threads took: 0,0000543 seconds
2018-06-21T15:37:46.785+0200: 142,240: Total time for which application threads were stopped: 0,0001140 seconds, Stopping threads took: 0,0000229 seconds
2018-06-21T15:37:46.785+0200: 142,240: Total time for which application threads were stopped: 0,0001048 seconds, Stopping threads took: 0,0000385 seconds
2018-06-21T15:37:49.786+0200: 145,240: Total time for which application threads were stopped: 0,0001283 seconds, Stopping threads took: 0,0000261 seconds
2018-06-21T15:37:55.787+0200: 151,241: Total time for which application threads were stopped: 0,0001230 seconds, Stopping threads took: 0,0000459 seconds
2018-06-21T15:38:00.712+0200: 156,166: Total time for which application threads were stopped: 0,0002149 seconds, Stopping threads took: 0,0000577 seconds
2018-06-21T15:38:00.712+0200: 156,166: Total time for which application threads were stopped: 0,0000669 seconds, Stopping threads took: 0,0000103 seconds
2018-06-21T15:38:00.740+0200: 156,194: Total time for which application threads were stopped: 0,0006130 seconds, Stopping threads took: 0,0001393 seconds
2018-06-21T15:38:00.740+0200: 156,195: Total time for which application threads were stopped: 0,0003366 seconds, Stopping threads took: 0,0000479 seconds
2018-06-21T15:38:07.741+0200: 163,196: Total time for which application threads were stopped: 0,0001017 seconds, Stopping threads took: 0,0000247 seconds
2018-06-21T15:38:35.746+0200: 191,200: Total time for which application threads were stopped: 0,0001022 seconds, Stopping threads took: 0,0000408 seconds
2018-06-21T15:39:00.741+0200: 216,195: Total time for which application threads were stopped: 0,0001096 seconds, Stopping threads took: 0,0000400 seconds
2018-06-21T15:39:31.745+0200: 247,199: Total time for which application threads were stopped: 0,0001427 seconds, Stopping threads took: 0,0000379 seconds
2018-06-21T15:39:36.746+0200: 252,200: Total time for which application threads were stopped: 0,0002314 seconds, Stopping threads took: 0,0000916 seconds
2018-06-21T15:40:27.752+0200: 303,207: Total time for which application threads were stopped: 0,0001142 seconds, Stopping threads took: 0,0000423 seconds
2018-06-21T15:40:53.756+0200: 329,210: Total time for which application threads were stopped: 0,0001154 seconds, Stopping threads took: 0,0000288 seconds
2018-06-21T15:40:54.756+0200: 330,210: Total time for which application threads were stopped: 0,0000965 seconds, Stopping threads took: 0,0000264 seconds
2018-06-21T15:42:08.769+0200: 404,223: Total time for which application threads were stopped: 0,0001280 seconds, Stopping threads took: 0,0000510 seconds
2018-06-21T15:42:29.771+0200: 425,226: Total time for which application threads were stopped: 0,0001000 seconds, Stopping threads took: 0,0000249 seconds
2018-06-21T15:42:44.773+0200: 440,228: Total time for which application threads were stopped: 0,0001026 seconds, Stopping threads took: 0,0000239 seconds
2018-06-21T15:43:26.779+0200: 482,233: Total time for which application threads were stopped: 0,0001021 seconds, Stopping threads took: 0,0000408 seconds
2018-06-21T15:43:37.781+0200: 493,235: Total time for which application threads were stopped: 0,0001768 seconds, Stopping threads took: 0,0000432 seconds
2018-06-21T15:44:06.785+0200: 522,239: Total time for which application threads were stopped: 0,0001403 seconds, Stopping threads took: 0,0000475 seconds
2018-06-21T15:44:41.790+0200: 557,244: Total time for which application threads were stopped: 0,0001156 seconds, Stopping threads took: 0,0000216 seconds
2018-06-21T15:44:50.791+0200: 566,245: Total time for which application threads were stopped: 0,0001003 seconds, Stopping threads took: 0,0000217 seconds
2018-06-21T15:49:00.823+0200: 816,278: Total time for which application threads were stopped: 0,0001027 seconds, Stopping threads took: 0,0000375 seconds
2018-06-21T15:50:46.836+0200: 922,291: Total time for which application threads were stopped: 0,0004297 seconds, Stopping threads took: 0,0001414 seconds
2018-06-21T15:51:03.447+0200: 938,901: Total time for which application threads were stopped: 0,0002244 seconds, Stopping threads took: 0,0000341 seconds
2018-06-21T15:51:06.448+0200: 941,902: Total time for which application threads were stopped: 0,0007007 seconds, Stopping threads took: 0,0001472 seconds
2018-06-21T15:51:07.449+0200: 942,903: Total time for which application threads were stopped: 0,0006950 seconds, Stopping threads took: 0,0001728 seconds
2018-06-21T15:51:08.212+0200: 943,666: Total time for which application threads were stopped: 0,0001623 seconds, Stopping threads took: 0,0000471 seconds
2018-06-21T15:51:08.212+0200: 943,666: Total time for which application threads were stopped: 0,0000922 seconds, Stopping threads took: 0,0000247 seconds
2018-06-21T15:51:08.214+0200: 943,668: Total time for which application threads were stopped: 0,0001244 seconds, Stopping threads took: 0,0000263 seconds
2018-06-21T15:51:08.214+0200: 943,668: Total time for which application threads were stopped: 0,0000619 seconds, Stopping threads took: 0,0000133 seconds
2018-06-21T15:51:09.214+0200: 944,669: Total time for which application threads were stopped: 0,0001817 seconds, Stopping threads took: 0,0000405 seconds
2018-06-21T15:51:19.247+0200: 954,701: Total time for which application threads were stopped: 0,0004853 seconds, Stopping threads took: 0,0000197 seconds
2018-06-21T15:51:19.248+0200: 954,703: Total time for which application threads were stopped: 0,0004506 seconds, Stopping threads took: 0,0000153 seconds
2018-06-21T15:51:19.254+0200: 954,708: Total time for which application threads were stopped: 0,0001319 seconds, Stopping threads took: 0,0000496 seconds
2018-06-21T15:51:19.274+0200: 954,728: Total time for which application threads were stopped: 0,0002073 seconds, Stopping threads took: 0,0000728 seconds
2018-06-21T15:51:19.279+0200: 954,733: Total time for which application threads were stopped: 0,0017802 seconds, Stopping threads took: 0,0016923 seconds
2018-06-21T15:51:19.282+0200: 954,737: Total time for which application threads were stopped: 0,0001583 seconds, Stopping threads took: 0,0000469 seconds
2018-06-21T15:51:19.283+0200: 954,737: Total time for which application threads were stopped: 0,0001035 seconds, Stopping threads took: 0,0000389 seconds
2018-06-21T15:51:19.285+0200: 954,739: Total time for which application threads were stopped: 0,0014838 seconds, Stopping threads took: 0,0014157 seconds
2018-06-21T15:51:19.287+0200: 954,741: Total time for which application threads were stopped: 0,0001230 seconds, Stopping threads took: 0,0000448 seconds
2018-06-21T15:51:19.287+0200: 954,741: Total time for which application threads were stopped: 0,0000702 seconds, Stopping threads took: 0,0000290 seconds
2018-06-21T15:51:19.287+0200: 954,741: Total time for which application threads were stopped: 0,0000624 seconds, Stopping threads took: 0,0000251 seconds
2018-06-21T15:51:19.287+0200: 954,741: Total time for which application threads were stopped: 0,0000680 seconds, Stopping threads took: 0,0000337 seconds
2018-06-21T15:51:19.287+0200: 954,741: Total time for which application threads were stopped: 0,0000506 seconds, Stopping threads took: 0,0000213 seconds
2018-06-21T15:51:19.287+0200: 954,741: Total time for which application threads were stopped: 0,0000466 seconds, Stopping threads took: 0,0000179 seconds
2018-06-21T15:51:19.287+0200: 954,742: Total time for which application threads were stopped: 0,0000494 seconds, Stopping threads took: 0,0000194 seconds
2018-06-21T15:51:19.287+0200: 954,742: Total time for which application threads were stopped: 0,0000860 seconds, Stopping threads took: 0,0000518 seconds
2018-06-21T15:51:19.289+0200: 954,743: Total time for which application threads were stopped: 0,0013292 seconds, Stopping threads took: 0,0012921 seconds
2018-06-21T15:51:19.289+0200: 954,743: Total time for which application threads were stopped: 0,0000603 seconds, Stopping threads took: 0,0000276 seconds
2018-06-21T15:51:19.290+0200: 954,745: Total time for which application threads were stopped: 0,0000955 seconds, Stopping threads took: 0,0000197 seconds
2018-06-21T15:51:19.291+0200: 954,745: Total time for which application threads were stopped: 0,0000652 seconds, Stopping threads took: 0,0000264 seconds
2018-06-21T15:51:19.291+0200: 954,745: Total time for which application threads were stopped: 0,0001047 seconds, Stopping threads took: 0,0000236 seconds
2018-06-21T15:51:19.291+0200: 954,746: Total time for which application threads were stopped: 0,0000883 seconds, Stopping threads took: 0,0000338 seconds
2018-06-21T15:51:19.292+0200: 954,746: Total time for which application threads were stopped: 0,0000936 seconds, Stopping threads took: 0,0000438 seconds
2018-06-21T15:51:19.292+0200: 954,746: Total time for which application threads were stopped: 0,0002186 seconds, Stopping threads took: 0,0001800 seconds
2018-06-21T15:51:19.292+0200: 954,746: Total time for which application threads were stopped: 0,0000652 seconds, Stopping threads took: 0,0000287 seconds
2018-06-21T15:51:19.292+0200: 954,746: Total time for which application threads were stopped: 0,0000628 seconds, Stopping threads took: 0,0000151 seconds
2018-06-21T15:51:19.292+0200: 954,746: Total time for which application threads were stopped: 0,0000606 seconds, Stopping threads took: 0,0000226 seconds
2018-06-21T15:51:19.292+0200: 954,746: Total time for which application threads were stopped: 0,0000589 seconds, Stopping threads took: 0,0000275 seconds
2018-06-21T15:51:19.292+0200: 954,747: Total time for which application threads were stopped: 0,0000694 seconds, Stopping threads took: 0,0000339 seconds
2018-06-21T15:51:19.293+0200: 954,747: Total time for which application threads were stopped: 0,0000697 seconds, Stopping threads took: 0,0000345 seconds
2018-06-21T15:51:19.293+0200: 954,747: Total time for which application threads were stopped: 0,0000715 seconds, Stopping threads took: 0,0000262 seconds
2018-06-21T15:51:19.294+0200: 954,748: Total time for which application threads were stopped: 0,0001231 seconds, Stopping threads took: 0,0000391 seconds
2018-06-21T15:51:19.294+0200: 954,748: Total time for which application threads were stopped: 0,0000760 seconds, Stopping threads took: 0,0000310 seconds
2018-06-21T15:51:19.294+0200: 954,748: Total time for which application threads were stopped: 0,0000529 seconds, Stopping threads took: 0,0000258 seconds
2018-06-21T15:51:19.294+0200: 954,749: Total time for which application threads were stopped: 0,0000623 seconds, Stopping threads took: 0,0000343 seconds
2018-06-21T15:51:19.294+0200: 954,749: Total time for which application threads were stopped: 0,0000618 seconds, Stopping threads took: 0,0000304 seconds
2018-06-21T15:51:19.295+0200: 954,749: Total time for which application threads were stopped: 0,0000762 seconds, Stopping threads took: 0,0000284 seconds
2018-06-21T15:51:19.296+0200: 954,750: Total time for which application threads were stopped: 0,0001148 seconds, Stopping threads took: 0,0000323 seconds
2018-06-21T15:51:19.296+0200: 954,750: Total time for which application threads were stopped: 0,0000538 seconds, Stopping threads took: 0,0000238 seconds
2018-06-21T15:51:19.296+0200: 954,750: Total time for which application threads were stopped: 0,0000481 seconds, Stopping threads took: 0,0000238 seconds
2018-06-21T15:51:19.296+0200: 954,750: Total time for which application threads were stopped: 0,0000575 seconds, Stopping threads took: 0,0000323 seconds
2018-06-21T15:51:19.296+0200: 954,751: Total time for which application threads were stopped: 0,0000675 seconds, Stopping threads took: 0,0000425 seconds
2018-06-21T15:51:19.296+0200: 954,751: Total time for which application threads were stopped: 0,0000346 seconds, Stopping threads took: 0,0000101 seconds
2018-06-21T15:51:19.296+0200: 954,751: Total time for which application threads were stopped: 0,0000592 seconds, Stopping threads took: 0,0000347 seconds
2018-06-21T15:51:19.296+0200: 954,751: Total time for which application threads were stopped: 0,0000500 seconds, Stopping threads took: 0,0000262 seconds
2018-06-21T15:51:19.296+0200: 954,751: Total time for which application threads were stopped: 0,0000463 seconds, Stopping threads took: 0,0000226 seconds
2018-06-21T15:51:19.297+0200: 954,751: Total time for which application threads were stopped: 0,0001323 seconds, Stopping threads took: 0,0000306 seconds
2018-06-21T15:51:19.298+0200: 954,752: Total time for which application threads were stopped: 0,0000959 seconds, Stopping threads took: 0,0000301 seconds
2018-06-21T15:51:19.298+0200: 954,752: Total time for which application threads were stopped: 0,0000554 seconds, Stopping threads took: 0,0000295 seconds
2018-06-21T15:51:19.298+0200: 954,753: Total time for which application threads were stopped: 0,0000353 seconds, Stopping threads took: 0,0000121 seconds
2018-06-21T15:51:19.299+0200: 954,753: Total time for which application threads were stopped: 0,0000957 seconds, Stopping threads took: 0,0000385 seconds
2018-06-21T15:51:19.299+0200: 954,753: Total time for which application threads were stopped: 0,0000547 seconds, Stopping threads took: 0,0000271 seconds
2018-06-21T15:51:19.299+0200: 954,754: Total time for which application threads were stopped: 0,0000521 seconds, Stopping threads took: 0,0000255 seconds
2018-06-21T15:51:19.300+0200: 954,754: Total time for which application threads were stopped: 0,0000624 seconds, Stopping threads took: 0,0000152 seconds
2018-06-21T15:51:19.300+0200: 954,754: Total time for which application threads were stopped: 0,0000330 seconds, Stopping threads took: 0,0000094 seconds
2018-06-21T15:51:19.300+0200: 954,754: Total time for which application threads were stopped: 0,0000359 seconds, Stopping threads took: 0,0000136 seconds
2018-06-21T15:51:19.300+0200: 954,754: Total time for which application threads were stopped: 0,0000314 seconds, Stopping threads took: 0,0000092 seconds
2018-06-21T15:51:19.300+0200: 954,755: Total time for which application threads were stopped: 0,0000488 seconds, Stopping threads took: 0,0000215 seconds
2018-06-21T15:51:19.300+0200: 954,755: Total time for which application threads were stopped: 0,0000683 seconds, Stopping threads took: 0,0000219 seconds
2018-06-21T15:51:19.300+0200: 954,755: Total time for which application threads were stopped: 0,0000388 seconds, Stopping threads took: 0,0000165 seconds
2018-06-21T15:51:19.301+0200: 954,755: Total time for which application threads were stopped: 0,0000502 seconds, Stopping threads took: 0,0000237 seconds
2018-06-21T15:51:19.301+0200: 954,755: Total time for which application threads were stopped: 0,0000496 seconds, Stopping threads took: 0,0000248 seconds
2018-06-21T15:51:19.301+0200: 954,755: Total time for which application threads were stopped: 0,0000560 seconds, Stopping threads took: 0,0000169 seconds
2018-06-21T15:51:19.301+0200: 954,755: Total time for which application threads were stopped: 0,0000475 seconds, Stopping threads took: 0,0000238 seconds
2018-06-21T15:51:19.301+0200: 954,755: Total time for which application threads were stopped: 0,0000442 seconds, Stopping threads took: 0,0000181 seconds
2018-06-21T15:51:19.301+0200: 954,755: Total time for which application threads were stopped: 0,0000377 seconds, Stopping threads took: 0,0000155 seconds
2018-06-21T15:51:19.301+0200: 954,755: Total time for which application threads were stopped: 0,0001231 seconds, Stopping threads took: 0,0000179 seconds
2018-06-21T15:51:19.304+0200: 954,758: Total time for which application threads were stopped: 0,0001264 seconds, Stopping threads took: 0,0000321 seconds
2018-06-21T15:51:19.304+0200: 954,758: Total time for which application threads were stopped: 0,0000798 seconds, Stopping threads took: 0,0000314 seconds
Heap
 par new generation   total 109248K, used 104597K [0x00000000e0000000, 0x00000000e8000000, 0x00000000e8000000)
  eden space 87424K,  99% used [0x00000000e0000000, 0x00000000e555f4c0, 0x00000000e5560000)
  from space 21824K,  78% used [0x00000000e6ab0000, 0x00000000e7b761a8, 0x00000000e8000000)
  to   space 21824K,   0% used [0x00000000e5560000, 0x00000000e5560000, 0x00000000e6ab0000)
 concurrent mark-sweep generation total 393216K, used 9064K [0x00000000e8000000, 0x0000000100000000, 0x0000000100000000)
 Metaspace       used 31140K, capacity 31898K, committed 31996K, reserved 1077248K
  class space    used 3547K, capacity 3833K, committed 3836K, reserved 1048576K
