OpenJDK 64-Bit Server VM (25.171-b11) for linux-amd64 JRE (1.8.0_171-8u171-b11-0ubuntu0.16.04.1-b11), built on Apr 27 2018 17:19:03 by "buildd" with gcc 5.4.0 20160609
Memory: 4k page, physical 7867608k(1767520k free), swap 8076284k(8076284k free)
CommandLine flags: -XX:CMSInitiatingOccupancyFraction=50 -XX:CMSMaxAbortablePrecleanTime=6000 -XX:+CMSParallelRemarkEnabled -XX:+CMSScavengeBeforeRemark -XX:ConcGCThreads=4 -XX:InitialHeapSize=536870912 -XX:MaxHeapSize=536870912 -XX:MaxTenuringThreshold=8 -XX:NewRatio=3 -XX:OldPLABSize=16 -XX:OnOutOfMemoryError=/home/gurnoor/workspace/QTM/solr/bin/oom_solr.sh 8983 /home/gurnoor/workspace/QTM/solr/server/logs -XX:ParallelGCThreads=4 -XX:+ParallelRefProcEnabled -XX:PretenureSizeThreshold=67108864 -XX:+PrintGC -XX:+PrintGCApplicationStoppedTime -XX:+PrintGCDateStamps -XX:+PrintGCDetails -XX:+PrintGCTimeStamps -XX:+PrintHeapAtGC -XX:+PrintTenuringDistribution -XX:SurvivorRatio=4 -XX:TargetSurvivorRatio=90 -XX:ThreadStackSize=256 -XX:+UseCMSInitiatingOccupancyOnly -XX:+UseCompressedClassPointers -XX:+UseCompressedOops -XX:+UseConcMarkSweepGC -XX:+UseParNewGC 
2018-05-28T13:28:09.431+0200: 0,187: Total time for which application threads were stopped: 0,0000723 seconds, Stopping threads took: 0,0000144 seconds
2018-05-28T13:28:09.586+0200: 0,342: Total time for which application threads were stopped: 0,0001454 seconds, Stopping threads took: 0,0000212 seconds
2018-05-28T13:28:09.610+0200: 0,366: Total time for which application threads were stopped: 0,0001278 seconds, Stopping threads took: 0,0000290 seconds
2018-05-28T13:28:09.871+0200: 0,627: Total time for which application threads were stopped: 0,0001902 seconds, Stopping threads took: 0,0000185 seconds
2018-05-28T13:28:10.166+0200: 0,921: Total time for which application threads were stopped: 0,0010711 seconds, Stopping threads took: 0,0000973 seconds
2018-05-28T13:28:10.263+0200: 1,019: Total time for which application threads were stopped: 0,0002128 seconds, Stopping threads took: 0,0000442 seconds
2018-05-28T13:28:10.290+0200: 1,046: Total time for which application threads were stopped: 0,0002175 seconds, Stopping threads took: 0,0000435 seconds
2018-05-28T13:28:10.718+0200: 1,473: Total time for which application threads were stopped: 0,0002521 seconds, Stopping threads took: 0,0000221 seconds
2018-05-28T13:28:11.016+0200: 1,772: Total time for which application threads were stopped: 0,0002827 seconds, Stopping threads took: 0,0000282 seconds
2018-05-28T13:28:11.052+0200: 1,807: Total time for which application threads were stopped: 0,0002530 seconds, Stopping threads took: 0,0000308 seconds
2018-05-28T13:28:11.091+0200: 1,847: Total time for which application threads were stopped: 0,0002841 seconds, Stopping threads took: 0,0000490 seconds
2018-05-28T13:28:11.092+0200: 1,848: Total time for which application threads were stopped: 0,0002174 seconds, Stopping threads took: 0,0000464 seconds
2018-05-28T13:28:11.111+0200: 1,867: Total time for which application threads were stopped: 0,0002394 seconds, Stopping threads took: 0,0000354 seconds
2018-05-28T13:28:11.210+0200: 1,966: Total time for which application threads were stopped: 0,0004514 seconds, Stopping threads took: 0,0000269 seconds
2018-05-28T13:28:11.504+0200: 2,260: Total time for which application threads were stopped: 0,0007166 seconds, Stopping threads took: 0,0000961 seconds
{Heap before GC invocations=0 (full 0):
 par new generation   total 109248K, used 87424K [0x00000000e0000000, 0x00000000e8000000, 0x00000000e8000000)
  eden space 87424K, 100% used [0x00000000e0000000, 0x00000000e5560000, 0x00000000e5560000)
  from space 21824K,   0% used [0x00000000e5560000, 0x00000000e5560000, 0x00000000e6ab0000)
  to   space 21824K,   0% used [0x00000000e6ab0000, 0x00000000e6ab0000, 0x00000000e8000000)
 concurrent mark-sweep generation total 393216K, used 0K [0x00000000e8000000, 0x0000000100000000, 0x0000000100000000)
 Metaspace       used 18158K, capacity 18472K, committed 18688K, reserved 1064960K
  class space    used 2053K, capacity 2198K, committed 2304K, reserved 1048576K
2018-05-28T13:28:11.691+0200: 2,447: [GC (Allocation Failure) 2018-05-28T13:28:11.692+0200: 2,447: [ParNew
Desired survivor size 20112992 bytes, new threshold 8 (max 8)
- age   1:   12577680 bytes,   12577680 total
: 87424K->12395K(109248K), 0,0124254 secs] 87424K->12395K(502464K), 0,0125476 secs] [Times: user=0,04 sys=0,00, real=0,01 secs] 
Heap after GC invocations=1 (full 0):
 par new generation   total 109248K, used 12395K [0x00000000e0000000, 0x00000000e8000000, 0x00000000e8000000)
  eden space 87424K,   0% used [0x00000000e0000000, 0x00000000e0000000, 0x00000000e5560000)
  from space 21824K,  56% used [0x00000000e6ab0000, 0x00000000e76cad18, 0x00000000e8000000)
  to   space 21824K,   0% used [0x00000000e5560000, 0x00000000e5560000, 0x00000000e6ab0000)
 concurrent mark-sweep generation total 393216K, used 0K [0x00000000e8000000, 0x0000000100000000, 0x0000000100000000)
 Metaspace       used 18158K, capacity 18472K, committed 18688K, reserved 1064960K
  class space    used 2053K, capacity 2198K, committed 2304K, reserved 1048576K
}
2018-05-28T13:28:11.704+0200: 2,460: Total time for which application threads were stopped: 0,0131327 seconds, Stopping threads took: 0,0000538 seconds
2018-05-28T13:28:12.179+0200: 2,935: Total time for which application threads were stopped: 0,0048898 seconds, Stopping threads took: 0,0032472 seconds
2018-05-28T13:28:12.274+0200: 3,030: Total time for which application threads were stopped: 0,0094065 seconds, Stopping threads took: 0,0073746 seconds
{Heap before GC invocations=1 (full 0):
 par new generation   total 109248K, used 99819K [0x00000000e0000000, 0x00000000e8000000, 0x00000000e8000000)
  eden space 87424K, 100% used [0x00000000e0000000, 0x00000000e5560000, 0x00000000e5560000)
  from space 21824K,  56% used [0x00000000e6ab0000, 0x00000000e76cad18, 0x00000000e8000000)
  to   space 21824K,   0% used [0x00000000e5560000, 0x00000000e5560000, 0x00000000e6ab0000)
 concurrent mark-sweep generation total 393216K, used 0K [0x00000000e8000000, 0x0000000100000000, 0x0000000100000000)
 Metaspace       used 20097K, capacity 20438K, committed 20736K, reserved 1067008K
  class space    used 2302K, capacity 2473K, committed 2560K, reserved 1048576K
2018-05-28T13:28:12.290+0200: 3,046: [GC (Allocation Failure) 2018-05-28T13:28:12.290+0200: 3,046: [ParNew
Desired survivor size 20112992 bytes, new threshold 8 (max 8)
- age   1:    2758032 bytes,    2758032 total
- age   2:    6490984 bytes,    9249016 total
: 99819K->15468K(109248K), 0,0305776 secs] 99819K->15468K(502464K), 0,0306608 secs] [Times: user=0,05 sys=0,01, real=0,03 secs] 
Heap after GC invocations=2 (full 0):
 par new generation   total 109248K, used 15468K [0x00000000e0000000, 0x00000000e8000000, 0x00000000e8000000)
  eden space 87424K,   0% used [0x00000000e0000000, 0x00000000e0000000, 0x00000000e5560000)
  from space 21824K,  70% used [0x00000000e5560000, 0x00000000e647b080, 0x00000000e6ab0000)
  to   space 21824K,   0% used [0x00000000e6ab0000, 0x00000000e6ab0000, 0x00000000e8000000)
 concurrent mark-sweep generation total 393216K, used 0K [0x00000000e8000000, 0x0000000100000000, 0x0000000100000000)
 Metaspace       used 20097K, capacity 20438K, committed 20736K, reserved 1067008K
  class space    used 2302K, capacity 2473K, committed 2560K, reserved 1048576K
}
2018-05-28T13:28:12.321+0200: 3,077: Total time for which application threads were stopped: 0,0309758 seconds, Stopping threads took: 0,0001239 seconds
2018-05-28T13:28:12.399+0200: 3,155: Total time for which application threads were stopped: 0,0011692 seconds, Stopping threads took: 0,0007824 seconds
2018-05-28T13:28:12.706+0200: 3,462: Total time for which application threads were stopped: 0,0003175 seconds, Stopping threads took: 0,0001324 seconds
{Heap before GC invocations=2 (full 0):
 par new generation   total 109248K, used 102892K [0x00000000e0000000, 0x00000000e8000000, 0x00000000e8000000)
  eden space 87424K, 100% used [0x00000000e0000000, 0x00000000e5560000, 0x00000000e5560000)
  from space 21824K,  70% used [0x00000000e5560000, 0x00000000e647b080, 0x00000000e6ab0000)
  to   space 21824K,   0% used [0x00000000e6ab0000, 0x00000000e6ab0000, 0x00000000e8000000)
 concurrent mark-sweep generation total 393216K, used 0K [0x00000000e8000000, 0x0000000100000000, 0x0000000100000000)
 Metaspace       used 21055K, capacity 21424K, committed 21628K, reserved 1069056K
  class space    used 2429K, capacity 2592K, committed 2684K, reserved 1048576K
2018-05-28T13:28:12.834+0200: 3,590: [GC (Allocation Failure) 2018-05-28T13:28:12.834+0200: 3,590: [ParNew
Desired survivor size 20112992 bytes, new threshold 8 (max 8)
- age   1:    2171936 bytes,    2171936 total
- age   2:     493168 bytes,    2665104 total
- age   3:    6486968 bytes,    9152072 total
: 102892K->11526K(109248K), 0,0319011 secs] 102892K->11526K(502464K), 0,0320307 secs] [Times: user=0,08 sys=0,00, real=0,03 secs] 
Heap after GC invocations=3 (full 0):
 par new generation   total 109248K, used 11526K [0x00000000e0000000, 0x00000000e8000000, 0x00000000e8000000)
  eden space 87424K,   0% used [0x00000000e0000000, 0x00000000e0000000, 0x00000000e5560000)
  from space 21824K,  52% used [0x00000000e6ab0000, 0x00000000e75f1b30, 0x00000000e8000000)
  to   space 21824K,   0% used [0x00000000e5560000, 0x00000000e5560000, 0x00000000e6ab0000)
 concurrent mark-sweep generation total 393216K, used 0K [0x00000000e8000000, 0x0000000100000000, 0x0000000100000000)
 Metaspace       used 21055K, capacity 21424K, committed 21628K, reserved 1069056K
  class space    used 2429K, capacity 2592K, committed 2684K, reserved 1048576K
}
2018-05-28T13:28:12.866+0200: 3,622: Total time for which application threads were stopped: 0,0323639 seconds, Stopping threads took: 0,0000911 seconds
2018-05-28T13:28:12.879+0200: 3,635: [GC (CMS Initial Mark) [1 CMS-initial-mark: 0K(393216K)] 20326K(502464K), 0,0133637 secs] [Times: user=0,04 sys=0,00, real=0,02 secs] 
2018-05-28T13:28:12.893+0200: 3,648: Total time for which application threads were stopped: 0,0188788 seconds, Stopping threads took: 0,0047337 seconds
2018-05-28T13:28:12.893+0200: 3,649: [CMS-concurrent-mark-start]
2018-05-28T13:28:12.895+0200: 3,651: [CMS-concurrent-mark: 0,002/0,002 secs] [Times: user=0,00 sys=0,00, real=0,00 secs] 
2018-05-28T13:28:12.895+0200: 3,651: [CMS-concurrent-preclean-start]
2018-05-28T13:28:12.898+0200: 3,654: [CMS-concurrent-preclean: 0,003/0,003 secs] [Times: user=0,01 sys=0,00, real=0,00 secs] 
2018-05-28T13:28:12.898+0200: 3,654: [CMS-concurrent-abortable-preclean-start]
2018-05-28T13:28:12.945+0200: 3,701: Total time for which application threads were stopped: 0,0020714 seconds, Stopping threads took: 0,0004223 seconds
{Heap before GC invocations=3 (full 1):
 par new generation   total 109248K, used 98950K [0x00000000e0000000, 0x00000000e8000000, 0x00000000e8000000)
  eden space 87424K, 100% used [0x00000000e0000000, 0x00000000e5560000, 0x00000000e5560000)
  from space 21824K,  52% used [0x00000000e6ab0000, 0x00000000e75f1b30, 0x00000000e8000000)
  to   space 21824K,   0% used [0x00000000e5560000, 0x00000000e5560000, 0x00000000e6ab0000)
 concurrent mark-sweep generation total 393216K, used 0K [0x00000000e8000000, 0x0000000100000000, 0x0000000100000000)
 Metaspace       used 21313K, capacity 21732K, committed 21884K, reserved 1069056K
  class space    used 2455K, capacity 2639K, committed 2684K, reserved 1048576K
2018-05-28T13:28:13.103+0200: 3,859: [GC (Allocation Failure) 2018-05-28T13:28:13.103+0200: 3,859: [ParNew
Desired survivor size 20112992 bytes, new threshold 8 (max 8)
- age   1:     969336 bytes,     969336 total
- age   2:    1447952 bytes,    2417288 total
- age   3:     492864 bytes,    2910152 total
- age   4:    6487064 bytes,    9397216 total
: 98950K->13564K(109248K), 0,0172369 secs] 98950K->13564K(502464K), 0,0173102 secs] [Times: user=0,05 sys=0,00, real=0,02 secs] 
Heap after GC invocations=4 (full 1):
 par new generation   total 109248K, used 13564K [0x00000000e0000000, 0x00000000e8000000, 0x00000000e8000000)
  eden space 87424K,   0% used [0x00000000e0000000, 0x00000000e0000000, 0x00000000e5560000)
  from space 21824K,  62% used [0x00000000e5560000, 0x00000000e629f170, 0x00000000e6ab0000)
  to   space 21824K,   0% used [0x00000000e6ab0000, 0x00000000e6ab0000, 0x00000000e8000000)
 concurrent mark-sweep generation total 393216K, used 0K [0x00000000e8000000, 0x0000000100000000, 0x0000000100000000)
 Metaspace       used 21313K, capacity 21732K, committed 21884K, reserved 1069056K
  class space    used 2455K, capacity 2639K, committed 2684K, reserved 1048576K
}
2018-05-28T13:28:13.120+0200: 3,876: Total time for which application threads were stopped: 0,0232989 seconds, Stopping threads took: 0,0057870 seconds
{Heap before GC invocations=4 (full 1):
 par new generation   total 109248K, used 100988K [0x00000000e0000000, 0x00000000e8000000, 0x00000000e8000000)
  eden space 87424K, 100% used [0x00000000e0000000, 0x00000000e5560000, 0x00000000e5560000)
  from space 21824K,  62% used [0x00000000e5560000, 0x00000000e629f170, 0x00000000e6ab0000)
  to   space 21824K,   0% used [0x00000000e6ab0000, 0x00000000e6ab0000, 0x00000000e8000000)
 concurrent mark-sweep generation total 393216K, used 0K [0x00000000e8000000, 0x0000000100000000, 0x0000000100000000)
 Metaspace       used 21507K, capacity 21878K, committed 21960K, reserved 1069056K
  class space    used 2475K, capacity 2642K, committed 2684K, reserved 1048576K
2018-05-28T13:28:13.316+0200: 4,072: [GC (Allocation Failure) 2018-05-28T13:28:13.316+0200: 4,072: [ParNew
Desired survivor size 20112992 bytes, new threshold 8 (max 8)
- age   1:     577808 bytes,     577808 total
- age   2:     180424 bytes,     758232 total
- age   3:    1446616 bytes,    2204848 total
- age   4:     488928 bytes,    2693776 total
- age   5:    6487000 bytes,    9180776 total
: 100988K->10758K(109248K), 0,0224018 secs] 100988K->10758K(502464K), 0,0224861 secs] [Times: user=0,06 sys=0,00, real=0,02 secs] 
Heap after GC invocations=5 (full 1):
 par new generation   total 109248K, used 10758K [0x00000000e0000000, 0x00000000e8000000, 0x00000000e8000000)
  eden space 87424K,   0% used [0x00000000e0000000, 0x00000000e0000000, 0x00000000e5560000)
  from space 21824K,  49% used [0x00000000e6ab0000, 0x00000000e75318c0, 0x00000000e8000000)
  to   space 21824K,   0% used [0x00000000e5560000, 0x00000000e5560000, 0x00000000e6ab0000)
 concurrent mark-sweep generation total 393216K, used 0K [0x00000000e8000000, 0x0000000100000000, 0x0000000100000000)
 Metaspace       used 21507K, capacity 21878K, committed 21960K, reserved 1069056K
  class space    used 2475K, capacity 2642K, committed 2684K, reserved 1048576K
}
2018-05-28T13:28:13.339+0200: 4,095: Total time for which application threads were stopped: 0,0230091 seconds, Stopping threads took: 0,0001800 seconds
2018-05-28T13:28:13.339+0200: 4,095: [CMS-concurrent-abortable-preclean: 0,286/0,441 secs] [Times: user=1,16 sys=0,02, real=0,44 secs] 
2018-05-28T13:28:13.340+0200: 4,096: [GC (CMS Final Remark) [YG occupancy: 12639 K (109248 K)]{Heap before GC invocations=5 (full 1):
 par new generation   total 109248K, used 12639K [0x00000000e0000000, 0x00000000e8000000, 0x00000000e8000000)
  eden space 87424K,   2% used [0x00000000e0000000, 0x00000000e01d65f8, 0x00000000e5560000)
  from space 21824K,  49% used [0x00000000e6ab0000, 0x00000000e75318c0, 0x00000000e8000000)
  to   space 21824K,   0% used [0x00000000e5560000, 0x00000000e5560000, 0x00000000e6ab0000)
 concurrent mark-sweep generation total 393216K, used 0K [0x00000000e8000000, 0x0000000100000000, 0x0000000100000000)
 Metaspace       used 21509K, capacity 21878K, committed 21960K, reserved 1069056K
  class space    used 2475K, capacity 2642K, committed 2684K, reserved 1048576K
2018-05-28T13:28:13.341+0200: 4,096: [GC (CMS Final Remark) 2018-05-28T13:28:13.341+0200: 4,096: [ParNew
Desired survivor size 20112992 bytes, new threshold 8 (max 8)
- age   1:     296808 bytes,     296808 total
- age   2:     388280 bytes,     685088 total
- age   3:     180088 bytes,     865176 total
- age   4:    1446408 bytes,    2311584 total
- age   5:     488928 bytes,    2800512 total
- age   6:    6487080 bytes,    9287592 total
: 12639K->12103K(109248K), 0,0220633 secs] 12639K->12103K(502464K), 0,0221210 secs] [Times: user=0,06 sys=0,00, real=0,02 secs] 
Heap after GC invocations=6 (full 1):
 par new generation   total 109248K, used 12103K [0x00000000e0000000, 0x00000000e8000000, 0x00000000e8000000)
  eden space 87424K,   0% used [0x00000000e0000000, 0x00000000e0000000, 0x00000000e5560000)
  from space 21824K,  55% used [0x00000000e5560000, 0x00000000e6131da0, 0x00000000e6ab0000)
  to   space 21824K,   0% used [0x00000000e6ab0000, 0x00000000e6ab0000, 0x00000000e8000000)
 concurrent mark-sweep generation total 393216K, used 0K [0x00000000e8000000, 0x0000000100000000, 0x0000000100000000)
 Metaspace       used 21509K, capacity 21878K, committed 21960K, reserved 1069056K
  class space    used 2475K, capacity 2642K, committed 2684K, reserved 1048576K
}
2018-05-28T13:28:13.363+0200: 4,119: [Rescan (parallel) , 0,0106776 secs]2018-05-28T13:28:13.373+0200: 4,129: [weak refs processing, 0,0025179 secs]2018-05-28T13:28:13.376+0200: 4,132: [class unloading, 0,0032224 secs]2018-05-28T13:28:13.379+0200: 4,135: [scrub symbol table, 0,0098130 secs]2018-05-28T13:28:13.389+0200: 4,145: [scrub string table, 0,0006075 secs][1 CMS-remark: 0K(393216K)] 12103K(502464K), 0,0499004 secs] [Times: user=0,09 sys=0,00, real=0,05 secs] 
2018-05-28T13:28:13.390+0200: 4,146: Total time for which application threads were stopped: 0,0501286 seconds, Stopping threads took: 0,0001142 seconds
2018-05-28T13:28:13.390+0200: 4,146: [CMS-concurrent-sweep-start]
2018-05-28T13:28:13.390+0200: 4,146: [CMS-concurrent-sweep: 0,000/0,000 secs] [Times: user=0,00 sys=0,00, real=0,00 secs] 
2018-05-28T13:28:13.391+0200: 4,146: [CMS-concurrent-reset-start]
2018-05-28T13:28:13.391+0200: 4,147: Total time for which application threads were stopped: 0,0001191 seconds, Stopping threads took: 0,0000275 seconds
2018-05-28T13:28:13.392+0200: 4,148: Total time for which application threads were stopped: 0,0001266 seconds, Stopping threads took: 0,0000475 seconds
2018-05-28T13:28:13.393+0200: 4,149: [CMS-concurrent-reset: 0,003/0,003 secs] [Times: user=0,00 sys=0,01, real=0,01 secs] 
2018-05-28T13:28:13.399+0200: 4,155: Total time for which application threads were stopped: 0,0004430 seconds, Stopping threads took: 0,0002683 seconds
2018-05-28T13:28:13.408+0200: 4,164: Total time for which application threads were stopped: 0,0006552 seconds, Stopping threads took: 0,0005321 seconds
2018-05-28T13:28:13.413+0200: 4,169: Total time for which application threads were stopped: 0,0001862 seconds, Stopping threads took: 0,0000512 seconds
2018-05-28T13:28:13.416+0200: 4,171: Total time for which application threads were stopped: 0,0018485 seconds, Stopping threads took: 0,0016846 seconds
2018-05-28T13:28:13.426+0200: 4,182: Total time for which application threads were stopped: 0,0001345 seconds, Stopping threads took: 0,0000263 seconds
2018-05-28T13:28:13.428+0200: 4,183: Total time for which application threads were stopped: 0,0014323 seconds, Stopping threads took: 0,0013544 seconds
2018-05-28T13:28:13.429+0200: 4,185: Total time for which application threads were stopped: 0,0014556 seconds, Stopping threads took: 0,0013632 seconds
2018-05-28T13:28:13.430+0200: 4,186: Total time for which application threads were stopped: 0,0001023 seconds, Stopping threads took: 0,0000344 seconds
2018-05-28T13:28:13.439+0200: 4,195: Total time for which application threads were stopped: 0,0001489 seconds, Stopping threads took: 0,0000694 seconds
2018-05-28T13:28:13.440+0200: 4,195: Total time for which application threads were stopped: 0,0001322 seconds, Stopping threads took: 0,0000649 seconds
2018-05-28T13:28:13.440+0200: 4,196: Total time for which application threads were stopped: 0,0000732 seconds, Stopping threads took: 0,0000307 seconds
2018-05-28T13:28:13.441+0200: 4,197: Total time for which application threads were stopped: 0,0001393 seconds, Stopping threads took: 0,0000574 seconds
2018-05-28T13:28:13.444+0200: 4,199: Total time for which application threads were stopped: 0,0004215 seconds, Stopping threads took: 0,0000278 seconds
2018-05-28T13:28:13.447+0200: 4,203: Total time for which application threads were stopped: 0,0027579 seconds, Stopping threads took: 0,0026637 seconds
2018-05-28T13:28:13.447+0200: 4,203: Total time for which application threads were stopped: 0,0000870 seconds, Stopping threads took: 0,0000198 seconds
2018-05-28T13:28:13.450+0200: 4,205: Total time for which application threads were stopped: 0,0005379 seconds, Stopping threads took: 0,0004434 seconds
2018-05-28T13:28:13.456+0200: 4,211: Total time for which application threads were stopped: 0,0001540 seconds, Stopping threads took: 0,0000483 seconds
2018-05-28T13:28:13.456+0200: 4,212: Total time for which application threads were stopped: 0,0001140 seconds, Stopping threads took: 0,0000418 seconds
2018-05-28T13:28:13.461+0200: 4,217: Total time for which application threads were stopped: 0,0001608 seconds, Stopping threads took: 0,0000564 seconds
2018-05-28T13:28:13.500+0200: 4,255: Total time for which application threads were stopped: 0,0002138 seconds, Stopping threads took: 0,0000700 seconds
2018-05-28T13:28:13.506+0200: 4,262: Total time for which application threads were stopped: 0,0061388 seconds, Stopping threads took: 0,0059436 seconds
2018-05-28T13:28:13.507+0200: 4,263: Total time for which application threads were stopped: 0,0001292 seconds, Stopping threads took: 0,0000444 seconds
2018-05-28T13:28:13.509+0200: 4,265: Total time for which application threads were stopped: 0,0006371 seconds, Stopping threads took: 0,0005309 seconds
2018-05-28T13:28:13.515+0200: 4,271: Total time for which application threads were stopped: 0,0001737 seconds, Stopping threads took: 0,0000559 seconds
2018-05-28T13:28:13.516+0200: 4,271: Total time for which application threads were stopped: 0,0000940 seconds, Stopping threads took: 0,0000238 seconds
2018-05-28T13:28:13.521+0200: 4,277: Total time for which application threads were stopped: 0,0008254 seconds, Stopping threads took: 0,0002457 seconds
2018-05-28T13:28:13.524+0200: 4,279: Total time for which application threads were stopped: 0,0009666 seconds, Stopping threads took: 0,0008870 seconds
2018-05-28T13:28:13.532+0200: 4,288: Total time for which application threads were stopped: 0,0001134 seconds, Stopping threads took: 0,0000343 seconds
2018-05-28T13:28:13.533+0200: 4,288: Total time for which application threads were stopped: 0,0001065 seconds, Stopping threads took: 0,0000397 seconds
2018-05-28T13:28:13.534+0200: 4,290: Total time for which application threads were stopped: 0,0006256 seconds, Stopping threads took: 0,0001292 seconds
2018-05-28T13:28:13.536+0200: 4,292: Total time for which application threads were stopped: 0,0004369 seconds, Stopping threads took: 0,0001338 seconds
2018-05-28T13:28:13.537+0200: 4,293: Total time for which application threads were stopped: 0,0003090 seconds, Stopping threads took: 0,0000878 seconds
2018-05-28T13:28:13.541+0200: 4,297: Total time for which application threads were stopped: 0,0024209 seconds, Stopping threads took: 0,0023332 seconds
2018-05-28T13:28:13.542+0200: 4,298: Total time for which application threads were stopped: 0,0003913 seconds, Stopping threads took: 0,0003216 seconds
2018-05-28T13:28:13.542+0200: 4,298: Total time for which application threads were stopped: 0,0001014 seconds, Stopping threads took: 0,0000383 seconds
2018-05-28T13:28:13.547+0200: 4,303: Total time for which application threads were stopped: 0,0001014 seconds, Stopping threads took: 0,0000191 seconds
2018-05-28T13:28:13.558+0200: 4,313: Total time for which application threads were stopped: 0,0001166 seconds, Stopping threads took: 0,0000275 seconds
2018-05-28T13:28:13.652+0200: 4,407: Total time for which application threads were stopped: 0,0002228 seconds, Stopping threads took: 0,0000455 seconds
2018-05-28T13:28:13.661+0200: 4,417: Total time for which application threads were stopped: 0,0041839 seconds, Stopping threads took: 0,0029232 seconds
2018-05-28T13:28:13.665+0200: 4,421: Total time for which application threads were stopped: 0,0022398 seconds, Stopping threads took: 0,0020300 seconds
2018-05-28T13:28:13.700+0200: 4,456: Total time for which application threads were stopped: 0,0001478 seconds, Stopping threads took: 0,0000573 seconds
2018-05-28T13:28:13.799+0200: 4,555: Total time for which application threads were stopped: 0,0035942 seconds, Stopping threads took: 0,0034120 seconds
2018-05-28T13:28:13.820+0200: 4,576: Total time for which application threads were stopped: 0,0001345 seconds, Stopping threads took: 0,0000624 seconds
2018-05-28T13:28:13.821+0200: 4,577: Total time for which application threads were stopped: 0,0001253 seconds, Stopping threads took: 0,0000230 seconds
2018-05-28T13:28:13.824+0200: 4,580: Total time for which application threads were stopped: 0,0002609 seconds, Stopping threads took: 0,0001648 seconds
2018-05-28T13:28:13.828+0200: 4,583: Total time for which application threads were stopped: 0,0002543 seconds, Stopping threads took: 0,0001681 seconds
2018-05-28T13:28:13.833+0200: 4,589: Total time for which application threads were stopped: 0,0007161 seconds, Stopping threads took: 0,0003540 seconds
2018-05-28T13:28:13.837+0200: 4,592: Total time for which application threads were stopped: 0,0001178 seconds, Stopping threads took: 0,0000470 seconds
2018-05-28T13:28:13.837+0200: 4,593: Total time for which application threads were stopped: 0,0007698 seconds, Stopping threads took: 0,0007061 seconds
2018-05-28T13:28:13.838+0200: 4,593: Total time for which application threads were stopped: 0,0000771 seconds, Stopping threads took: 0,0000377 seconds
2018-05-28T13:28:13.838+0200: 4,594: Total time for which application threads were stopped: 0,0000592 seconds, Stopping threads took: 0,0000215 seconds
2018-05-28T13:28:13.838+0200: 4,594: Total time for which application threads were stopped: 0,0001479 seconds, Stopping threads took: 0,0000912 seconds
2018-05-28T13:28:13.839+0200: 4,594: Total time for which application threads were stopped: 0,0000831 seconds, Stopping threads took: 0,0000335 seconds
2018-05-28T13:28:13.839+0200: 4,595: Total time for which application threads were stopped: 0,0000698 seconds, Stopping threads took: 0,0000279 seconds
2018-05-28T13:28:13.839+0200: 4,595: Total time for which application threads were stopped: 0,0001492 seconds, Stopping threads took: 0,0000755 seconds
2018-05-28T13:28:13.840+0200: 4,595: Total time for which application threads were stopped: 0,0002251 seconds, Stopping threads took: 0,0001530 seconds
2018-05-28T13:28:13.842+0200: 4,597: Total time for which application threads were stopped: 0,0019908 seconds, Stopping threads took: 0,0019329 seconds
2018-05-28T13:28:13.842+0200: 4,598: Total time for which application threads were stopped: 0,0001170 seconds, Stopping threads took: 0,0000394 seconds
2018-05-28T13:28:13.844+0200: 4,600: Total time for which application threads were stopped: 0,0002898 seconds, Stopping threads took: 0,0001980 seconds
2018-05-28T13:28:13.845+0200: 4,600: Total time for which application threads were stopped: 0,0001104 seconds, Stopping threads took: 0,0000245 seconds
2018-05-28T13:28:13.846+0200: 4,602: Total time for which application threads were stopped: 0,0004897 seconds, Stopping threads took: 0,0000438 seconds
2018-05-28T13:28:13.848+0200: 4,604: Total time for which application threads were stopped: 0,0001214 seconds, Stopping threads took: 0,0000456 seconds
2018-05-28T13:28:13.852+0200: 4,608: Total time for which application threads were stopped: 0,0044959 seconds, Stopping threads took: 0,0038817 seconds
2018-05-28T13:28:13.863+0200: 4,619: Total time for which application threads were stopped: 0,0001543 seconds, Stopping threads took: 0,0000685 seconds
2018-05-28T13:28:13.863+0200: 4,619: Total time for which application threads were stopped: 0,0004377 seconds, Stopping threads took: 0,0003619 seconds
2018-05-28T13:28:13.877+0200: 4,633: Total time for which application threads were stopped: 0,0001423 seconds, Stopping threads took: 0,0000546 seconds
2018-05-28T13:28:13.881+0200: 4,637: Total time for which application threads were stopped: 0,0005436 seconds, Stopping threads took: 0,0000685 seconds
2018-05-28T13:28:13.900+0200: 4,656: Total time for which application threads were stopped: 0,0003114 seconds, Stopping threads took: 0,0000424 seconds
2018-05-28T13:28:13.908+0200: 4,664: Total time for which application threads were stopped: 0,0002122 seconds, Stopping threads took: 0,0001440 seconds
2018-05-28T13:28:13.908+0200: 4,664: Total time for which application threads were stopped: 0,0000686 seconds, Stopping threads took: 0,0000196 seconds
2018-05-28T13:28:13.910+0200: 4,666: Total time for which application threads were stopped: 0,0001278 seconds, Stopping threads took: 0,0000554 seconds
2018-05-28T13:28:13.911+0200: 4,667: Total time for which application threads were stopped: 0,0001072 seconds, Stopping threads took: 0,0000458 seconds
2018-05-28T13:28:13.912+0200: 4,667: Total time for which application threads were stopped: 0,0001657 seconds, Stopping threads took: 0,0000266 seconds
2018-05-28T13:28:13.915+0200: 4,671: Total time for which application threads were stopped: 0,0003235 seconds, Stopping threads took: 0,0002566 seconds
2018-05-28T13:28:13.937+0200: 4,693: Total time for which application threads were stopped: 0,0005326 seconds, Stopping threads took: 0,0001814 seconds
2018-05-28T13:28:13.947+0200: 4,702: Total time for which application threads were stopped: 0,0032643 seconds, Stopping threads took: 0,0031687 seconds
2018-05-28T13:28:13.951+0200: 4,707: Total time for which application threads were stopped: 0,0019326 seconds, Stopping threads took: 0,0014688 seconds
2018-05-28T13:28:13.958+0200: 4,714: Total time for which application threads were stopped: 0,0002274 seconds, Stopping threads took: 0,0001551 seconds
2018-05-28T13:28:13.959+0200: 4,715: Total time for which application threads were stopped: 0,0000843 seconds, Stopping threads took: 0,0000297 seconds
2018-05-28T13:28:13.960+0200: 4,715: Total time for which application threads were stopped: 0,0000655 seconds, Stopping threads took: 0,0000152 seconds
2018-05-28T13:28:14.077+0200: 4,833: Total time for which application threads were stopped: 0,0001859 seconds, Stopping threads took: 0,0000774 seconds
2018-05-28T13:28:14.088+0200: 4,844: Total time for which application threads were stopped: 0,0000855 seconds, Stopping threads took: 0,0000240 seconds
2018-05-28T13:28:14.097+0200: 4,852: Total time for which application threads were stopped: 0,0001358 seconds, Stopping threads took: 0,0000479 seconds
2018-05-28T13:28:14.100+0200: 4,856: Total time for which application threads were stopped: 0,0003047 seconds, Stopping threads took: 0,0001249 seconds
2018-05-28T13:28:14.116+0200: 4,872: Total time for which application threads were stopped: 0,0001734 seconds, Stopping threads took: 0,0001059 seconds
2018-05-28T13:28:14.117+0200: 4,872: Total time for which application threads were stopped: 0,0002898 seconds, Stopping threads took: 0,0001772 seconds
2018-05-28T13:28:14.122+0200: 4,877: Total time for which application threads were stopped: 0,0001718 seconds, Stopping threads took: 0,0000701 seconds
2018-05-28T13:28:14.241+0200: 4,996: Total time for which application threads were stopped: 0,0001582 seconds, Stopping threads took: 0,0000758 seconds
2018-05-28T13:28:14.241+0200: 4,997: Total time for which application threads were stopped: 0,0001634 seconds, Stopping threads took: 0,0000415 seconds
2018-05-28T13:28:14.254+0200: 5,010: Total time for which application threads were stopped: 0,0061939 seconds, Stopping threads took: 0,0060964 seconds
2018-05-28T13:28:14.254+0200: 5,010: Total time for which application threads were stopped: 0,0001449 seconds, Stopping threads took: 0,0000641 seconds
2018-05-28T13:28:14.259+0200: 5,014: Total time for which application threads were stopped: 0,0001459 seconds, Stopping threads took: 0,0000449 seconds
2018-05-28T13:28:14.260+0200: 5,015: Total time for which application threads were stopped: 0,0006311 seconds, Stopping threads took: 0,0005124 seconds
{Heap before GC invocations=6 (full 1):
 par new generation   total 109248K, used 99527K [0x00000000e0000000, 0x00000000e8000000, 0x00000000e8000000)
  eden space 87424K,  99% used [0x00000000e0000000, 0x00000000e555fff8, 0x00000000e5560000)
  from space 21824K,  55% used [0x00000000e5560000, 0x00000000e6131da0, 0x00000000e6ab0000)
  to   space 21824K,   0% used [0x00000000e6ab0000, 0x00000000e6ab0000, 0x00000000e8000000)
 concurrent mark-sweep generation total 393216K, used 0K [0x00000000e8000000, 0x0000000100000000, 0x0000000100000000)
 Metaspace       used 25464K, capacity 26016K, committed 26236K, reserved 1073152K
  class space    used 2952K, capacity 3155K, committed 3196K, reserved 1048576K
2018-05-28T13:28:14.280+0200: 5,036: [GC (Allocation Failure) 2018-05-28T13:28:14.280+0200: 5,036: [ParNew
Desired survivor size 20112992 bytes, new threshold 8 (max 8)
- age   1:    8309160 bytes,    8309160 total
- age   2:       2776 bytes,    8311936 total
- age   3:     152024 bytes,    8463960 total
- age   4:     179288 bytes,    8643248 total
- age   5:     273360 bytes,    8916608 total
- age   6:     468824 bytes,    9385432 total
- age   7:    6480008 bytes,   15865440 total
: 99527K->17609K(109248K), 0,0157933 secs] 99527K->17609K(502464K), 0,0158816 secs] [Times: user=0,05 sys=0,00, real=0,02 secs] 
Heap after GC invocations=7 (full 1):
 par new generation   total 109248K, used 17609K [0x00000000e0000000, 0x00000000e8000000, 0x00000000e8000000)
  eden space 87424K,   0% used [0x00000000e0000000, 0x00000000e0000000, 0x00000000e5560000)
  from space 21824K,  80% used [0x00000000e6ab0000, 0x00000000e7be2678, 0x00000000e8000000)
  to   space 21824K,   0% used [0x00000000e5560000, 0x00000000e5560000, 0x00000000e6ab0000)
 concurrent mark-sweep generation total 393216K, used 0K [0x00000000e8000000, 0x0000000100000000, 0x0000000100000000)
 Metaspace       used 25464K, capacity 26016K, committed 26236K, reserved 1073152K
  class space    used 2952K, capacity 3155K, committed 3196K, reserved 1048576K
}
2018-05-28T13:28:14.296+0200: 5,052: Total time for which application threads were stopped: 0,0161170 seconds, Stopping threads took: 0,0000646 seconds
2018-05-28T13:28:14.311+0200: 5,066: Total time for which application threads were stopped: 0,0001776 seconds, Stopping threads took: 0,0000372 seconds
2018-05-28T13:28:14.348+0200: 5,104: Total time for which application threads were stopped: 0,0009472 seconds, Stopping threads took: 0,0008469 seconds
2018-05-28T13:28:14.402+0200: 5,158: Total time for which application threads were stopped: 0,0002225 seconds, Stopping threads took: 0,0000760 seconds
2018-05-28T13:28:14.408+0200: 5,164: Total time for which application threads were stopped: 0,0004981 seconds, Stopping threads took: 0,0000505 seconds
2018-05-28T13:28:14.430+0200: 5,186: Total time for which application threads were stopped: 0,0004339 seconds, Stopping threads took: 0,0000701 seconds
2018-05-28T13:28:14.545+0200: 5,301: Total time for which application threads were stopped: 0,0007676 seconds, Stopping threads took: 0,0002219 seconds
2018-05-28T13:28:14.555+0200: 5,311: Total time for which application threads were stopped: 0,0009186 seconds, Stopping threads took: 0,0007159 seconds
2018-05-28T13:28:14.556+0200: 5,311: Total time for which application threads were stopped: 0,0003068 seconds, Stopping threads took: 0,0001256 seconds
2018-05-28T13:28:14.579+0200: 5,335: Total time for which application threads were stopped: 0,0002218 seconds, Stopping threads took: 0,0001037 seconds
2018-05-28T13:28:14.605+0200: 5,361: Total time for which application threads were stopped: 0,0007708 seconds, Stopping threads took: 0,0005037 seconds
2018-05-28T13:28:14.622+0200: 5,378: Total time for which application threads were stopped: 0,0064444 seconds, Stopping threads took: 0,0062588 seconds
2018-05-28T13:28:14.624+0200: 5,380: Total time for which application threads were stopped: 0,0009172 seconds, Stopping threads took: 0,0006042 seconds
2018-05-28T13:28:14.635+0200: 5,391: Total time for which application threads were stopped: 0,0023788 seconds, Stopping threads took: 0,0021903 seconds
2018-05-28T13:28:14.670+0200: 5,426: Total time for which application threads were stopped: 0,0029385 seconds, Stopping threads took: 0,0027720 seconds
2018-05-28T13:28:14.673+0200: 5,429: Total time for which application threads were stopped: 0,0002451 seconds, Stopping threads took: 0,0000897 seconds
2018-05-28T13:28:14.727+0200: 5,483: Total time for which application threads were stopped: 0,0004279 seconds, Stopping threads took: 0,0000758 seconds
2018-05-28T13:28:14.756+0200: 5,512: Total time for which application threads were stopped: 0,0097569 seconds, Stopping threads took: 0,0093242 seconds
2018-05-28T13:28:14.777+0200: 5,533: Total time for which application threads were stopped: 0,0102733 seconds, Stopping threads took: 0,0100782 seconds
2018-05-28T13:28:14.843+0200: 5,599: Total time for which application threads were stopped: 0,0043356 seconds, Stopping threads took: 0,0041135 seconds
2018-05-28T13:28:14.854+0200: 5,610: Total time for which application threads were stopped: 0,0002138 seconds, Stopping threads took: 0,0000554 seconds
{Heap before GC invocations=7 (full 1):
 par new generation   total 109248K, used 105029K [0x00000000e0000000, 0x00000000e8000000, 0x00000000e8000000)
  eden space 87424K,  99% used [0x00000000e0000000, 0x00000000e555ee38, 0x00000000e5560000)
  from space 21824K,  80% used [0x00000000e6ab0000, 0x00000000e7be2678, 0x00000000e8000000)
  to   space 21824K,   0% used [0x00000000e5560000, 0x00000000e5560000, 0x00000000e6ab0000)
 concurrent mark-sweep generation total 393216K, used 0K [0x00000000e8000000, 0x0000000100000000, 0x0000000100000000)
 Metaspace       used 28029K, capacity 28640K, committed 28796K, reserved 1075200K
  class space    used 3226K, capacity 3423K, committed 3452K, reserved 1048576K
2018-05-28T13:28:14.985+0200: 5,741: [GC (Allocation Failure) 2018-05-28T13:28:14.985+0200: 5,741: [ParNew
Desired survivor size 20112992 bytes, new threshold 8 (max 8)
- age   1:   10014448 bytes,   10014448 total
- age   2:    4660680 bytes,   14675128 total
- age   3:       2776 bytes,   14677904 total
- age   4:     146368 bytes,   14824272 total
- age   5:     159016 bytes,   14983288 total
- age   6:     258288 bytes,   15241576 total
- age   7:     460656 bytes,   15702232 total
- age   8:    6473048 bytes,   22175280 total
: 105029K->21824K(109248K), 0,0402235 secs] 105029K->23176K(502464K), 0,0403043 secs] [Times: user=0,08 sys=0,01, real=0,04 secs] 
Heap after GC invocations=8 (full 1):
 par new generation   total 109248K, used 21824K [0x00000000e0000000, 0x00000000e8000000, 0x00000000e8000000)
  eden space 87424K,   0% used [0x00000000e0000000, 0x00000000e0000000, 0x00000000e5560000)
  from space 21824K, 100% used [0x00000000e5560000, 0x00000000e6ab0000, 0x00000000e6ab0000)
  to   space 21824K,   0% used [0x00000000e6ab0000, 0x00000000e6ab0000, 0x00000000e8000000)
 concurrent mark-sweep generation total 393216K, used 1352K [0x00000000e8000000, 0x0000000100000000, 0x0000000100000000)
 Metaspace       used 28029K, capacity 28640K, committed 28796K, reserved 1075200K
  class space    used 3226K, capacity 3423K, committed 3452K, reserved 1048576K
}
2018-05-28T13:28:15.025+0200: 5,781: Total time for which application threads were stopped: 0,0405825 seconds, Stopping threads took: 0,0000570 seconds
2018-05-28T13:28:15.030+0200: 5,786: Total time for which application threads were stopped: 0,0001414 seconds, Stopping threads took: 0,0000618 seconds
2018-05-28T13:28:15.031+0200: 5,787: Total time for which application threads were stopped: 0,0006507 seconds, Stopping threads took: 0,0005447 seconds
2018-05-28T13:28:15.031+0200: 5,787: Total time for which application threads were stopped: 0,0001037 seconds, Stopping threads took: 0,0000346 seconds
{Heap before GC invocations=8 (full 1):
 par new generation   total 109248K, used 109248K [0x00000000e0000000, 0x00000000e8000000, 0x00000000e8000000)
  eden space 87424K, 100% used [0x00000000e0000000, 0x00000000e5560000, 0x00000000e5560000)
  from space 21824K, 100% used [0x00000000e5560000, 0x00000000e6ab0000, 0x00000000e6ab0000)
  to   space 21824K,   0% used [0x00000000e6ab0000, 0x00000000e6ab0000, 0x00000000e8000000)
 concurrent mark-sweep generation total 393216K, used 1352K [0x00000000e8000000, 0x0000000100000000, 0x0000000100000000)
 Metaspace       used 28101K, capacity 28726K, committed 29052K, reserved 1075200K
  class space    used 3228K, capacity 3427K, committed 3452K, reserved 1048576K
2018-05-28T13:28:15.221+0200: 5,977: [GC (Allocation Failure) 2018-05-28T13:28:15.221+0200: 5,977: [ParNew
Desired survivor size 20112992 bytes, new threshold 8 (max 8)
- age   1:    1373656 bytes,    1373656 total
- age   2:    9252488 bytes,   10626144 total
- age   3:    4660592 bytes,   15286736 total
- age   4:       2776 bytes,   15289512 total
- age   5:     146368 bytes,   15435880 total
- age   6:     158808 bytes,   15594688 total
- age   7:     258288 bytes,   15852976 total
- age   8:     460656 bytes,   16313632 total
: 109248K->17853K(109248K), 0,1431077 secs] 110600K->26125K(502464K), 0,1432413 secs] [Times: user=0,20 sys=0,02, real=0,15 secs] 
Heap after GC invocations=9 (full 1):
 par new generation   total 109248K, used 17853K [0x00000000e0000000, 0x00000000e8000000, 0x00000000e8000000)
  eden space 87424K,   0% used [0x00000000e0000000, 0x00000000e0000000, 0x00000000e5560000)
  from space 21824K,  81% used [0x00000000e6ab0000, 0x00000000e7c1f560, 0x00000000e8000000)
  to   space 21824K,   0% used [0x00000000e5560000, 0x00000000e5560000, 0x00000000e6ab0000)
 concurrent mark-sweep generation total 393216K, used 8272K [0x00000000e8000000, 0x0000000100000000, 0x0000000100000000)
 Metaspace       used 28101K, capacity 28726K, committed 29052K, reserved 1075200K
  class space    used 3228K, capacity 3427K, committed 3452K, reserved 1048576K
}
2018-05-28T13:28:15.364+0200: 6,120: Total time for which application threads were stopped: 0,1504311 seconds, Stopping threads took: 0,0069195 seconds
2018-05-28T13:28:15.866+0200: 6,622: Total time for which application threads were stopped: 0,0198524 seconds, Stopping threads took: 0,0196462 seconds
2018-05-28T13:28:15.872+0200: 6,627: Total time for which application threads were stopped: 0,0008955 seconds, Stopping threads took: 0,0007426 seconds
{Heap before GC invocations=9 (full 1):
 par new generation   total 109248K, used 105277K [0x00000000e0000000, 0x00000000e8000000, 0x00000000e8000000)
  eden space 87424K, 100% used [0x00000000e0000000, 0x00000000e5560000, 0x00000000e5560000)
  from space 21824K,  81% used [0x00000000e6ab0000, 0x00000000e7c1f560, 0x00000000e8000000)
  to   space 21824K,   0% used [0x00000000e5560000, 0x00000000e5560000, 0x00000000e6ab0000)
 concurrent mark-sweep generation total 393216K, used 8272K [0x00000000e8000000, 0x0000000100000000, 0x0000000100000000)
 Metaspace       used 28307K, capacity 28978K, committed 29052K, reserved 1075200K
  class space    used 3241K, capacity 3444K, committed 3452K, reserved 1048576K
2018-05-28T13:28:15.949+0200: 6,705: [GC (Allocation Failure) 2018-05-28T13:28:15.949+0200: 6,705: [ParNew
Desired survivor size 20112992 bytes, new threshold 8 (max 8)
- age   1:    1230632 bytes,    1230632 total
- age   2:     160296 bytes,    1390928 total
- age   3:    9247840 bytes,   10638768 total
- age   4:    4660296 bytes,   15299064 total
- age   5:       2776 bytes,   15301840 total
- age   6:     146368 bytes,   15448208 total
- age   7:     158808 bytes,   15607016 total
- age   8:     258288 bytes,   15865304 total
: 105277K->21824K(109248K), 0,0763177 secs] 113549K->30558K(502464K), 0,0764331 secs] [Times: user=0,16 sys=0,00, real=0,08 secs] 
Heap after GC invocations=10 (full 1):
 par new generation   total 109248K, used 21824K [0x00000000e0000000, 0x00000000e8000000, 0x00000000e8000000)
  eden space 87424K,   0% used [0x00000000e0000000, 0x00000000e0000000, 0x00000000e5560000)
  from space 21824K, 100% used [0x00000000e5560000, 0x00000000e6ab0000, 0x00000000e6ab0000)
  to   space 21824K,   0% used [0x00000000e6ab0000, 0x00000000e6ab0000, 0x00000000e8000000)
 concurrent mark-sweep generation total 393216K, used 8734K [0x00000000e8000000, 0x0000000100000000, 0x0000000100000000)
 Metaspace       used 28307K, capacity 28978K, committed 29052K, reserved 1075200K
  class space    used 3241K, capacity 3444K, committed 3452K, reserved 1048576K
}
2018-05-28T13:28:16.026+0200: 6,782: Total time for which application threads were stopped: 0,0766687 seconds, Stopping threads took: 0,0000252 seconds
2018-05-28T13:28:16.026+0200: 6,782: Total time for which application threads were stopped: 0,0001827 seconds, Stopping threads took: 0,0000532 seconds
2018-05-28T13:28:16.036+0200: 6,792: Total time for which application threads were stopped: 0,0002186 seconds, Stopping threads took: 0,0000748 seconds
2018-05-28T13:28:17.038+0200: 7,794: Total time for which application threads were stopped: 0,0012571 seconds, Stopping threads took: 0,0001879 seconds
2018-05-28T13:28:17.804+0200: 8,559: Total time for which application threads were stopped: 0,0005139 seconds, Stopping threads took: 0,0000462 seconds
2018-05-28T13:28:17.863+0200: 8,619: Total time for which application threads were stopped: 0,0001354 seconds, Stopping threads took: 0,0000495 seconds
2018-05-28T13:28:17.882+0200: 8,638: Total time for which application threads were stopped: 0,0000813 seconds, Stopping threads took: 0,0000287 seconds
2018-05-28T13:28:17.882+0200: 8,638: Total time for which application threads were stopped: 0,0000526 seconds, Stopping threads took: 0,0000087 seconds
2018-05-28T13:28:18.050+0200: 8,805: Total time for which application threads were stopped: 0,0001316 seconds, Stopping threads took: 0,0000321 seconds
2018-05-28T13:28:18.051+0200: 8,807: Total time for which application threads were stopped: 0,0001189 seconds, Stopping threads took: 0,0000451 seconds
2018-05-28T13:28:18.080+0200: 8,835: Total time for which application threads were stopped: 0,0000858 seconds, Stopping threads took: 0,0000194 seconds
2018-05-28T13:28:18.080+0200: 8,836: Total time for which application threads were stopped: 0,0001261 seconds, Stopping threads took: 0,0000741 seconds
2018-05-28T13:28:18.499+0200: 9,255: Total time for which application threads were stopped: 0,0004356 seconds, Stopping threads took: 0,0000183 seconds
2018-05-28T13:28:18.500+0200: 9,256: Total time for which application threads were stopped: 0,0003990 seconds, Stopping threads took: 0,0000188 seconds
2018-05-28T13:28:18.508+0200: 9,263: Total time for which application threads were stopped: 0,0001549 seconds, Stopping threads took: 0,0000434 seconds
2018-05-28T13:28:18.519+0200: 9,274: Total time for which application threads were stopped: 0,0001483 seconds, Stopping threads took: 0,0000730 seconds
2018-05-28T13:28:18.527+0200: 9,283: Total time for which application threads were stopped: 0,0069450 seconds, Stopping threads took: 0,0065563 seconds
2018-05-28T13:28:18.530+0200: 9,286: Total time for which application threads were stopped: 0,0005785 seconds, Stopping threads took: 0,0001695 seconds
2018-05-28T13:28:18.533+0200: 9,289: Total time for which application threads were stopped: 0,0001923 seconds, Stopping threads took: 0,0001043 seconds
2018-05-28T13:28:18.536+0200: 9,291: Total time for which application threads were stopped: 0,0001125 seconds, Stopping threads took: 0,0000294 seconds
2018-05-28T13:28:18.536+0200: 9,292: Total time for which application threads were stopped: 0,0000730 seconds, Stopping threads took: 0,0000183 seconds
2018-05-28T13:28:18.536+0200: 9,292: Total time for which application threads were stopped: 0,0001168 seconds, Stopping threads took: 0,0000354 seconds
2018-05-28T13:28:18.537+0200: 9,292: Total time for which application threads were stopped: 0,0000913 seconds, Stopping threads took: 0,0000210 seconds
2018-05-28T13:28:18.539+0200: 9,295: Total time for which application threads were stopped: 0,0025735 seconds, Stopping threads took: 0,0000145 seconds
2018-05-28T13:28:18.540+0200: 9,296: Total time for which application threads were stopped: 0,0001077 seconds, Stopping threads took: 0,0000476 seconds
2018-05-28T13:28:18.541+0200: 9,296: Total time for which application threads were stopped: 0,0000902 seconds, Stopping threads took: 0,0000158 seconds
2018-05-28T13:28:18.541+0200: 9,297: Total time for which application threads were stopped: 0,0000556 seconds, Stopping threads took: 0,0000108 seconds
2018-05-28T13:28:18.541+0200: 9,297: Total time for which application threads were stopped: 0,0000832 seconds, Stopping threads took: 0,0000345 seconds
2018-05-28T13:28:18.541+0200: 9,297: Total time for which application threads were stopped: 0,0001274 seconds, Stopping threads took: 0,0000312 seconds
2018-05-28T13:28:18.541+0200: 9,297: Total time for which application threads were stopped: 0,0000889 seconds, Stopping threads took: 0,0000285 seconds
2018-05-28T13:28:18.542+0200: 9,297: Total time for which application threads were stopped: 0,0000817 seconds, Stopping threads took: 0,0000440 seconds
2018-05-28T13:28:18.542+0200: 9,298: Total time for which application threads were stopped: 0,0001431 seconds, Stopping threads took: 0,0000426 seconds
2018-05-28T13:28:18.543+0200: 9,299: Total time for which application threads were stopped: 0,0001055 seconds, Stopping threads took: 0,0000363 seconds
2018-05-28T13:28:18.543+0200: 9,299: Total time for which application threads were stopped: 0,0000710 seconds, Stopping threads took: 0,0000253 seconds
2018-05-28T13:28:18.543+0200: 9,299: Total time for which application threads were stopped: 0,0000641 seconds, Stopping threads took: 0,0000084 seconds
2018-05-28T13:28:18.544+0200: 9,299: Total time for which application threads were stopped: 0,0000735 seconds, Stopping threads took: 0,0000311 seconds
2018-05-28T13:28:18.544+0200: 9,300: Total time for which application threads were stopped: 0,0000684 seconds, Stopping threads took: 0,0000376 seconds
2018-05-28T13:28:18.545+0200: 9,301: Total time for which application threads were stopped: 0,0000812 seconds, Stopping threads took: 0,0000288 seconds
2018-05-28T13:28:18.545+0200: 9,301: Total time for which application threads were stopped: 0,0000769 seconds, Stopping threads took: 0,0000344 seconds
2018-05-28T13:28:18.545+0200: 9,301: Total time for which application threads were stopped: 0,0001116 seconds, Stopping threads took: 0,0000732 seconds
2018-05-28T13:28:18.546+0200: 9,302: Total time for which application threads were stopped: 0,0005247 seconds, Stopping threads took: 0,0004862 seconds
2018-05-28T13:28:18.547+0200: 9,303: Total time for which application threads were stopped: 0,0001270 seconds, Stopping threads took: 0,0000811 seconds
2018-05-28T13:28:18.547+0200: 9,303: Total time for which application threads were stopped: 0,0002209 seconds, Stopping threads took: 0,0001795 seconds
2018-05-28T13:28:18.547+0200: 9,303: Total time for which application threads were stopped: 0,0000730 seconds, Stopping threads took: 0,0000275 seconds
2018-05-28T13:28:18.548+0200: 9,304: Total time for which application threads were stopped: 0,0001184 seconds, Stopping threads took: 0,0000537 seconds
2018-05-28T13:28:18.548+0200: 9,304: Total time for which application threads were stopped: 0,0000997 seconds, Stopping threads took: 0,0000483 seconds
2018-05-28T13:28:18.548+0200: 9,304: Total time for which application threads were stopped: 0,0000543 seconds, Stopping threads took: 0,0000215 seconds
2018-05-28T13:28:18.548+0200: 9,304: Total time for which application threads were stopped: 0,0000457 seconds, Stopping threads took: 0,0000205 seconds
2018-05-28T13:28:18.548+0200: 9,304: Total time for which application threads were stopped: 0,0000404 seconds, Stopping threads took: 0,0000162 seconds
2018-05-28T13:28:18.548+0200: 9,304: Total time for which application threads were stopped: 0,0000680 seconds, Stopping threads took: 0,0000101 seconds
2018-05-28T13:28:18.556+0200: 9,312: Total time for which application threads were stopped: 0,0002352 seconds, Stopping threads took: 0,0000571 seconds
2018-05-28T13:28:18.560+0200: 9,316: Total time for which application threads were stopped: 0,0002519 seconds, Stopping threads took: 0,0000801 seconds
2018-05-28T13:28:18.561+0200: 9,317: Total time for which application threads were stopped: 0,0003076 seconds, Stopping threads took: 0,0002445 seconds
2018-05-28T13:28:18.562+0200: 9,318: Total time for which application threads were stopped: 0,0000757 seconds, Stopping threads took: 0,0000374 seconds
2018-05-28T13:28:18.568+0200: 9,324: Total time for which application threads were stopped: 0,0028741 seconds, Stopping threads took: 0,0026803 seconds
2018-05-28T13:28:18.574+0200: 9,330: Total time for which application threads were stopped: 0,0000947 seconds, Stopping threads took: 0,0000282 seconds
2018-05-28T13:28:18.574+0200: 9,330: Total time for which application threads were stopped: 0,0000530 seconds, Stopping threads took: 0,0000218 seconds
2018-05-28T13:28:18.574+0200: 9,330: Total time for which application threads were stopped: 0,0000667 seconds, Stopping threads took: 0,0000381 seconds
2018-05-28T13:28:18.574+0200: 9,330: Total time for which application threads were stopped: 0,0000533 seconds, Stopping threads took: 0,0000242 seconds
2018-05-28T13:28:18.576+0200: 9,332: Total time for which application threads were stopped: 0,0001542 seconds, Stopping threads took: 0,0000747 seconds
2018-05-28T13:28:18.582+0200: 9,337: Total time for which application threads were stopped: 0,0001073 seconds, Stopping threads took: 0,0000436 seconds
2018-05-28T13:28:18.582+0200: 9,338: Total time for which application threads were stopped: 0,0001981 seconds, Stopping threads took: 0,0000472 seconds
2018-05-28T13:28:18.585+0200: 9,341: Total time for which application threads were stopped: 0,0001389 seconds, Stopping threads took: 0,0000466 seconds
2018-05-28T13:28:18.585+0200: 9,341: Total time for which application threads were stopped: 0,0000849 seconds, Stopping threads took: 0,0000350 seconds
2018-05-28T13:28:18.591+0200: 9,347: Total time for which application threads were stopped: 0,0002163 seconds, Stopping threads took: 0,0000937 seconds
2018-05-28T13:28:18.592+0200: 9,348: Total time for which application threads were stopped: 0,0001253 seconds, Stopping threads took: 0,0000569 seconds
2018-05-28T13:28:18.593+0200: 9,349: Total time for which application threads were stopped: 0,0002951 seconds, Stopping threads took: 0,0002172 seconds
2018-05-28T13:28:18.595+0200: 9,351: Total time for which application threads were stopped: 0,0001296 seconds, Stopping threads took: 0,0000523 seconds
2018-05-28T13:28:18.600+0200: 9,356: Total time for which application threads were stopped: 0,0001178 seconds, Stopping threads took: 0,0000497 seconds
2018-05-28T13:28:18.602+0200: 9,358: Total time for which application threads were stopped: 0,0001330 seconds, Stopping threads took: 0,0000521 seconds
2018-05-28T13:28:18.612+0200: 9,368: Total time for which application threads were stopped: 0,0041140 seconds, Stopping threads took: 0,0038619 seconds
2018-05-28T13:28:18.613+0200: 9,369: Total time for which application threads were stopped: 0,0002288 seconds, Stopping threads took: 0,0001306 seconds
2018-05-28T13:28:18.614+0200: 9,370: Total time for which application threads were stopped: 0,0002798 seconds, Stopping threads took: 0,0000500 seconds
2018-05-28T13:28:18.617+0200: 9,373: Total time for which application threads were stopped: 0,0001328 seconds, Stopping threads took: 0,0000392 seconds
2018-05-28T13:28:18.623+0200: 9,378: Total time for which application threads were stopped: 0,0001066 seconds, Stopping threads took: 0,0000273 seconds
2018-05-28T13:28:18.631+0200: 9,387: Total time for which application threads were stopped: 0,0001464 seconds, Stopping threads took: 0,0000407 seconds
Heap
 par new generation   total 109248K, used 69223K [0x00000000e0000000, 0x00000000e8000000, 0x00000000e8000000)
  eden space 87424K,  54% used [0x00000000e0000000, 0x00000000e2e49d78, 0x00000000e5560000)
  from space 21824K, 100% used [0x00000000e5560000, 0x00000000e6ab0000, 0x00000000e6ab0000)
  to   space 21824K,   0% used [0x00000000e6ab0000, 0x00000000e6ab0000, 0x00000000e8000000)
 concurrent mark-sweep generation total 393216K, used 8734K [0x00000000e8000000, 0x0000000100000000, 0x0000000100000000)
 Metaspace       used 29834K, capacity 30572K, committed 30844K, reserved 1077248K
  class space    used 3441K, capacity 3674K, committed 3708K, reserved 1048576K
