OpenJDK 64-Bit Server VM (25.171-b11) for linux-amd64 JRE (1.8.0_171-8u171-b11-0ubuntu0.16.04.1-b11), built on Apr 27 2018 17:19:03 by "buildd" with gcc 5.4.0 20160609
Memory: 4k page, physical 7867600k(1020700k free), swap 8076284k(8076284k free)
CommandLine flags: -XX:CMSInitiatingOccupancyFraction=50 -XX:CMSMaxAbortablePrecleanTime=6000 -XX:+CMSParallelRemarkEnabled -XX:+CMSScavengeBeforeRemark -XX:ConcGCThreads=4 -XX:InitialHeapSize=536870912 -XX:MaxHeapSize=536870912 -XX:MaxTenuringThreshold=8 -XX:NewRatio=3 -XX:OldPLABSize=16 -XX:OnOutOfMemoryError=/home/gurnoor/workspace/QTM/solr/bin/oom_solr.sh 8983 /home/gurnoor/workspace/QTM/solr/server/logs -XX:ParallelGCThreads=4 -XX:+ParallelRefProcEnabled -XX:PretenureSizeThreshold=67108864 -XX:+PrintGC -XX:+PrintGCApplicationStoppedTime -XX:+PrintGCDateStamps -XX:+PrintGCDetails -XX:+PrintGCTimeStamps -XX:+PrintHeapAtGC -XX:+PrintTenuringDistribution -XX:SurvivorRatio=4 -XX:TargetSurvivorRatio=90 -XX:ThreadStackSize=256 -XX:+UseCMSInitiatingOccupancyOnly -XX:+UseCompressedClassPointers -XX:+UseCompressedOops -XX:+UseConcMarkSweepGC -XX:+UseParNewGC 
2018-06-19T12:08:21.082+0200: 0,125: Total time for which application threads were stopped: 0,0000832 seconds, Stopping threads took: 0,0000214 seconds
2018-06-19T12:08:21.144+0200: 0,187: Total time for which application threads were stopped: 0,0001090 seconds, Stopping threads took: 0,0000175 seconds
2018-06-19T12:08:21.156+0200: 0,199: Total time for which application threads were stopped: 0,0000855 seconds, Stopping threads took: 0,0000135 seconds
2018-06-19T12:08:21.267+0200: 0,310: Total time for which application threads were stopped: 0,0001847 seconds, Stopping threads took: 0,0000245 seconds
2018-06-19T12:08:21.458+0200: 0,501: Total time for which application threads were stopped: 0,0001456 seconds, Stopping threads took: 0,0000150 seconds
2018-06-19T12:08:21.524+0200: 0,567: Total time for which application threads were stopped: 0,0001962 seconds, Stopping threads took: 0,0000178 seconds
2018-06-19T12:08:21.546+0200: 0,589: Total time for which application threads were stopped: 0,0002273 seconds, Stopping threads took: 0,0000315 seconds
2018-06-19T12:08:21.783+0200: 0,826: Total time for which application threads were stopped: 0,0001771 seconds, Stopping threads took: 0,0000168 seconds
2018-06-19T12:08:21.998+0200: 1,041: Total time for which application threads were stopped: 0,0010189 seconds, Stopping threads took: 0,0000924 seconds
2018-06-19T12:08:22.022+0200: 1,065: Total time for which application threads were stopped: 0,0002338 seconds, Stopping threads took: 0,0000261 seconds
2018-06-19T12:08:22.063+0200: 1,105: Total time for which application threads were stopped: 0,0022661 seconds, Stopping threads took: 0,0012462 seconds
2018-06-19T12:08:22.066+0200: 1,109: Total time for which application threads were stopped: 0,0002369 seconds, Stopping threads took: 0,0000384 seconds
2018-06-19T12:08:22.083+0200: 1,126: Total time for which application threads were stopped: 0,0002092 seconds, Stopping threads took: 0,0000256 seconds
2018-06-19T12:08:22.170+0200: 1,213: Total time for which application threads were stopped: 0,0002375 seconds, Stopping threads took: 0,0000264 seconds
2018-06-19T12:08:22.378+0200: 1,421: Total time for which application threads were stopped: 0,0002644 seconds, Stopping threads took: 0,0000224 seconds
{Heap before GC invocations=0 (full 0):
 par new generation   total 109248K, used 87424K [0x00000000e0000000, 0x00000000e8000000, 0x00000000e8000000)
  eden space 87424K, 100% used [0x00000000e0000000, 0x00000000e5560000, 0x00000000e5560000)
  from space 21824K,   0% used [0x00000000e5560000, 0x00000000e5560000, 0x00000000e6ab0000)
  to   space 21824K,   0% used [0x00000000e6ab0000, 0x00000000e6ab0000, 0x00000000e8000000)
 concurrent mark-sweep generation total 393216K, used 0K [0x00000000e8000000, 0x0000000100000000, 0x0000000100000000)
 Metaspace       used 18073K, capacity 18408K, committed 18688K, reserved 1064960K
  class space    used 2037K, capacity 2198K, committed 2304K, reserved 1048576K
2018-06-19T12:08:22.488+0200: 1,531: [GC (Allocation Failure) 2018-06-19T12:08:22.488+0200: 1,531: [ParNew
Desired survivor size 20112992 bytes, new threshold 8 (max 8)
- age   1:   12154800 bytes,   12154800 total
: 87424K->11980K(109248K), 0,0340087 secs] 87424K->11980K(502464K), 0,0340762 secs] [Times: user=0,05 sys=0,01, real=0,03 secs] 
Heap after GC invocations=1 (full 0):
 par new generation   total 109248K, used 11980K [0x00000000e0000000, 0x00000000e8000000, 0x00000000e8000000)
  eden space 87424K,   0% used [0x00000000e0000000, 0x00000000e0000000, 0x00000000e5560000)
  from space 21824K,  54% used [0x00000000e6ab0000, 0x00000000e7663300, 0x00000000e8000000)
  to   space 21824K,   0% used [0x00000000e5560000, 0x00000000e5560000, 0x00000000e6ab0000)
 concurrent mark-sweep generation total 393216K, used 0K [0x00000000e8000000, 0x0000000100000000, 0x0000000100000000)
 Metaspace       used 18073K, capacity 18408K, committed 18688K, reserved 1064960K
  class space    used 2037K, capacity 2198K, committed 2304K, reserved 1048576K
}
2018-06-19T12:08:22.522+0200: 1,565: Total time for which application threads were stopped: 0,0349960 seconds, Stopping threads took: 0,0006192 seconds
2018-06-19T12:08:23.071+0200: 2,114: Total time for which application threads were stopped: 0,0004637 seconds, Stopping threads took: 0,0000578 seconds
2018-06-19T12:08:23.189+0200: 2,232: Total time for which application threads were stopped: 0,0014066 seconds, Stopping threads took: 0,0004002 seconds
{Heap before GC invocations=1 (full 0):
 par new generation   total 109248K, used 99404K [0x00000000e0000000, 0x00000000e8000000, 0x00000000e8000000)
  eden space 87424K, 100% used [0x00000000e0000000, 0x00000000e5560000, 0x00000000e5560000)
  from space 21824K,  54% used [0x00000000e6ab0000, 0x00000000e7663300, 0x00000000e8000000)
  to   space 21824K,   0% used [0x00000000e5560000, 0x00000000e5560000, 0x00000000e6ab0000)
 concurrent mark-sweep generation total 393216K, used 0K [0x00000000e8000000, 0x0000000100000000, 0x0000000100000000)
 Metaspace       used 20118K, capacity 20520K, committed 20736K, reserved 1067008K
  class space    used 2304K, capacity 2480K, committed 2560K, reserved 1048576K
2018-06-19T12:08:23.193+0200: 2,236: [GC (Allocation Failure) 2018-06-19T12:08:23.193+0200: 2,236: [ParNew
Desired survivor size 20112992 bytes, new threshold 8 (max 8)
- age   1:    2771360 bytes,    2771360 total
- age   2:    6449960 bytes,    9221320 total
: 99404K->13372K(109248K), 0,0405191 secs] 99404K->13372K(502464K), 0,0406902 secs] [Times: user=0,07 sys=0,02, real=0,04 secs] 
Heap after GC invocations=2 (full 0):
 par new generation   total 109248K, used 13372K [0x00000000e0000000, 0x00000000e8000000, 0x00000000e8000000)
  eden space 87424K,   0% used [0x00000000e0000000, 0x00000000e0000000, 0x00000000e5560000)
  from space 21824K,  61% used [0x00000000e5560000, 0x00000000e626f018, 0x00000000e6ab0000)
  to   space 21824K,   0% used [0x00000000e6ab0000, 0x00000000e6ab0000, 0x00000000e8000000)
 concurrent mark-sweep generation total 393216K, used 0K [0x00000000e8000000, 0x0000000100000000, 0x0000000100000000)
 Metaspace       used 20118K, capacity 20520K, committed 20736K, reserved 1067008K
  class space    used 2304K, capacity 2480K, committed 2560K, reserved 1048576K
}
2018-06-19T12:08:23.234+0200: 2,276: Total time for which application threads were stopped: 0,0410163 seconds, Stopping threads took: 0,0000461 seconds
2018-06-19T12:08:23.300+0200: 2,343: Total time for which application threads were stopped: 0,0010315 seconds, Stopping threads took: 0,0001464 seconds
2018-06-19T12:08:23.504+0200: 2,547: Total time for which application threads were stopped: 0,0020451 seconds, Stopping threads took: 0,0018130 seconds
{Heap before GC invocations=2 (full 0):
 par new generation   total 109248K, used 100796K [0x00000000e0000000, 0x00000000e8000000, 0x00000000e8000000)
  eden space 87424K, 100% used [0x00000000e0000000, 0x00000000e5560000, 0x00000000e5560000)
  from space 21824K,  61% used [0x00000000e5560000, 0x00000000e626f018, 0x00000000e6ab0000)
  to   space 21824K,   0% used [0x00000000e6ab0000, 0x00000000e6ab0000, 0x00000000e8000000)
 concurrent mark-sweep generation total 393216K, used 0K [0x00000000e8000000, 0x0000000100000000, 0x0000000100000000)
 Metaspace       used 21061K, capacity 21378K, committed 21552K, reserved 1069056K
  class space    used 2431K, capacity 2599K, committed 2608K, reserved 1048576K
2018-06-19T12:08:23.577+0200: 2,620: [GC (Allocation Failure) 2018-06-19T12:08:23.577+0200: 2,620: [ParNew
Desired survivor size 20112992 bytes, new threshold 8 (max 8)
- age   1:    2259872 bytes,    2259872 total
- age   2:     536104 bytes,    2795976 total
- age   3:    6446536 bytes,    9242512 total
: 100796K->11896K(109248K), 0,0189917 secs] 100796K->11896K(502464K), 0,0192686 secs] [Times: user=0,04 sys=0,01, real=0,02 secs] 
Heap after GC invocations=3 (full 0):
 par new generation   total 109248K, used 11896K [0x00000000e0000000, 0x00000000e8000000, 0x00000000e8000000)
  eden space 87424K,   0% used [0x00000000e0000000, 0x00000000e0000000, 0x00000000e5560000)
  from space 21824K,  54% used [0x00000000e6ab0000, 0x00000000e764e140, 0x00000000e8000000)
  to   space 21824K,   0% used [0x00000000e5560000, 0x00000000e5560000, 0x00000000e6ab0000)
 concurrent mark-sweep generation total 393216K, used 0K [0x00000000e8000000, 0x0000000100000000, 0x0000000100000000)
 Metaspace       used 21061K, capacity 21378K, committed 21552K, reserved 1069056K
  class space    used 2431K, capacity 2599K, committed 2608K, reserved 1048576K
}
2018-06-19T12:08:23.596+0200: 2,639: Total time for which application threads were stopped: 0,0219651 seconds, Stopping threads took: 0,0022145 seconds
2018-06-19T12:08:23.597+0200: 2,640: [GC (CMS Initial Mark) [1 CMS-initial-mark: 0K(393216K)] 13282K(502464K), 0,0055617 secs] [Times: user=0,01 sys=0,00, real=0,00 secs] 
2018-06-19T12:08:23.602+0200: 2,645: Total time for which application threads were stopped: 0,0059474 seconds, Stopping threads took: 0,0001274 seconds
2018-06-19T12:08:23.602+0200: 2,645: [CMS-concurrent-mark-start]
2018-06-19T12:08:23.603+0200: 2,646: [CMS-concurrent-mark: 0,000/0,000 secs] [Times: user=0,00 sys=0,00, real=0,00 secs] 
2018-06-19T12:08:23.603+0200: 2,646: [CMS-concurrent-preclean-start]
2018-06-19T12:08:23.604+0200: 2,647: [CMS-concurrent-preclean: 0,001/0,001 secs] [Times: user=0,01 sys=0,00, real=0,01 secs] 
2018-06-19T12:08:23.604+0200: 2,647: [CMS-concurrent-abortable-preclean-start]
2018-06-19T12:08:23.735+0200: 2,778: Total time for which application threads were stopped: 0,0001407 seconds, Stopping threads took: 0,0000330 seconds
2018-06-19T12:08:23.735+0200: 2,778: [CMS-concurrent-abortable-preclean: 0,107/0,131 secs] [Times: user=0,43 sys=0,01, real=0,13 secs] 
2018-06-19T12:08:23.735+0200: 2,778: [GC (CMS Final Remark) [YG occupancy: 71847 K (109248 K)]{Heap before GC invocations=3 (full 1):
 par new generation   total 109248K, used 71847K [0x00000000e0000000, 0x00000000e8000000, 0x00000000e8000000)
  eden space 87424K,  68% used [0x00000000e0000000, 0x00000000e3a8be98, 0x00000000e5560000)
  from space 21824K,  54% used [0x00000000e6ab0000, 0x00000000e764e140, 0x00000000e8000000)
  to   space 21824K,   0% used [0x00000000e5560000, 0x00000000e5560000, 0x00000000e6ab0000)
 concurrent mark-sweep generation total 393216K, used 0K [0x00000000e8000000, 0x0000000100000000, 0x0000000100000000)
 Metaspace       used 21291K, capacity 21629K, committed 21756K, reserved 1069056K
  class space    used 2450K, capacity 2610K, committed 2736K, reserved 1048576K
2018-06-19T12:08:23.735+0200: 2,778: [GC (CMS Final Remark) 2018-06-19T12:08:23.735+0200: 2,778: [ParNew
Desired survivor size 20112992 bytes, new threshold 8 (max 8)
- age   1:    1684160 bytes,    1684160 total
- age   2:    1446240 bytes,    3130400 total
- age   3:     534008 bytes,    3664408 total
- age   4:    6446496 bytes,   10110904 total
: 71847K->11766K(109248K), 0,0186797 secs] 71847K->11766K(502464K), 0,0187389 secs] [Times: user=0,06 sys=0,00, real=0,02 secs] 
Heap after GC invocations=4 (full 1):
 par new generation   total 109248K, used 11766K [0x00000000e0000000, 0x00000000e8000000, 0x00000000e8000000)
  eden space 87424K,   0% used [0x00000000e0000000, 0x00000000e0000000, 0x00000000e5560000)
  from space 21824K,  53% used [0x00000000e5560000, 0x00000000e60dd900, 0x00000000e6ab0000)
  to   space 21824K,   0% used [0x00000000e6ab0000, 0x00000000e6ab0000, 0x00000000e8000000)
 concurrent mark-sweep generation total 393216K, used 0K [0x00000000e8000000, 0x0000000100000000, 0x0000000100000000)
 Metaspace       used 21291K, capacity 21629K, committed 21756K, reserved 1069056K
  class space    used 2450K, capacity 2610K, committed 2736K, reserved 1048576K
}
2018-06-19T12:08:23.754+0200: 2,797: [Rescan (parallel) , 0,0220603 secs]2018-06-19T12:08:23.776+0200: 2,819: [weak refs processing, 0,0023662 secs]2018-06-19T12:08:23.779+0200: 2,822: [class unloading, 0,0055759 secs]2018-06-19T12:08:23.784+0200: 2,827: [scrub symbol table, 0,0046327 secs]2018-06-19T12:08:23.789+0200: 2,832: [scrub string table, 0,0004097 secs][1 CMS-remark: 0K(393216K)] 11766K(502464K), 0,0546098 secs] [Times: user=0,12 sys=0,00, real=0,05 secs] 
2018-06-19T12:08:23.790+0200: 2,833: Total time for which application threads were stopped: 0,0547592 seconds, Stopping threads took: 0,0000605 seconds
2018-06-19T12:08:23.790+0200: 2,833: [CMS-concurrent-sweep-start]
2018-06-19T12:08:23.790+0200: 2,833: [CMS-concurrent-sweep: 0,000/0,000 secs] [Times: user=0,00 sys=0,00, real=0,00 secs] 
2018-06-19T12:08:23.790+0200: 2,833: [CMS-concurrent-reset-start]
2018-06-19T12:08:23.795+0200: 2,838: [CMS-concurrent-reset: 0,005/0,005 secs] [Times: user=0,01 sys=0,00, real=0,01 secs] 
{Heap before GC invocations=4 (full 1):
 par new generation   total 109248K, used 99190K [0x00000000e0000000, 0x00000000e8000000, 0x00000000e8000000)
  eden space 87424K, 100% used [0x00000000e0000000, 0x00000000e5560000, 0x00000000e5560000)
  from space 21824K,  53% used [0x00000000e5560000, 0x00000000e60dd900, 0x00000000e6ab0000)
  to   space 21824K,   0% used [0x00000000e6ab0000, 0x00000000e6ab0000, 0x00000000e8000000)
 concurrent mark-sweep generation total 393216K, used 0K [0x00000000e8000000, 0x0000000100000000, 0x0000000100000000)
 Metaspace       used 21426K, capacity 21827K, committed 22012K, reserved 1069056K
  class space    used 2472K, capacity 2649K, committed 2736K, reserved 1048576K
2018-06-19T12:08:23.888+0200: 2,931: [GC (Allocation Failure) 2018-06-19T12:08:23.888+0200: 2,931: [ParNew
Desired survivor size 20112992 bytes, new threshold 8 (max 8)
- age   1:    1244160 bytes,    1244160 total
- age   2:     121680 bytes,    1365840 total
- age   3:    1445856 bytes,    2811696 total
- age   4:     531992 bytes,    3343688 total
- age   5:    6463144 bytes,    9806832 total
: 99190K->15018K(109248K), 0,0094171 secs] 99190K->15018K(502464K), 0,0094945 secs] [Times: user=0,03 sys=0,00, real=0,01 secs] 
Heap after GC invocations=5 (full 1):
 par new generation   total 109248K, used 15018K [0x00000000e0000000, 0x00000000e8000000, 0x00000000e8000000)
  eden space 87424K,   0% used [0x00000000e0000000, 0x00000000e0000000, 0x00000000e5560000)
  from space 21824K,  68% used [0x00000000e6ab0000, 0x00000000e795aaa8, 0x00000000e8000000)
  to   space 21824K,   0% used [0x00000000e5560000, 0x00000000e5560000, 0x00000000e6ab0000)
 concurrent mark-sweep generation total 393216K, used 0K [0x00000000e8000000, 0x0000000100000000, 0x0000000100000000)
 Metaspace       used 21426K, capacity 21827K, committed 22012K, reserved 1069056K
  class space    used 2472K, capacity 2649K, committed 2736K, reserved 1048576K
}
2018-06-19T12:08:23.898+0200: 2,941: Total time for which application threads were stopped: 0,0126999 seconds, Stopping threads took: 0,0030164 seconds
2018-06-19T12:08:23.954+0200: 2,997: Total time for which application threads were stopped: 0,0004677 seconds, Stopping threads took: 0,0000514 seconds
2018-06-19T12:08:24.199+0200: 3,242: Total time for which application threads were stopped: 0,0005302 seconds, Stopping threads took: 0,0000374 seconds
2018-06-19T12:08:24.210+0200: 3,252: Total time for which application threads were stopped: 0,0004053 seconds, Stopping threads took: 0,0000598 seconds
{Heap before GC invocations=5 (full 1):
 par new generation   total 109248K, used 102442K [0x00000000e0000000, 0x00000000e8000000, 0x00000000e8000000)
  eden space 87424K, 100% used [0x00000000e0000000, 0x00000000e5560000, 0x00000000e5560000)
  from space 21824K,  68% used [0x00000000e6ab0000, 0x00000000e795aaa8, 0x00000000e8000000)
  to   space 21824K,   0% used [0x00000000e5560000, 0x00000000e5560000, 0x00000000e6ab0000)
 concurrent mark-sweep generation total 393216K, used 0K [0x00000000e8000000, 0x0000000100000000, 0x0000000100000000)
 Metaspace       used 24880K, capacity 25335K, committed 25392K, reserved 1071104K
  class space    used 2907K, capacity 3091K, committed 3120K, reserved 1048576K
2018-06-19T12:08:24.432+0200: 3,474: [GC (Allocation Failure) 2018-06-19T12:08:24.432+0200: 3,474: [ParNew
Desired survivor size 20112992 bytes, new threshold 8 (max 8)
- age   1:    4983136 bytes,    4983136 total
- age   2:     119040 bytes,    5102176 total
- age   3:     120552 bytes,    5222728 total
- age   4:     273240 bytes,    5495968 total
- age   5:     511640 bytes,    6007608 total
- age   6:    6440640 bytes,   12448248 total
: 102442K->14740K(109248K), 0,0147667 secs] 102442K->14740K(502464K), 0,0148624 secs] [Times: user=0,05 sys=0,00, real=0,02 secs] 
Heap after GC invocations=6 (full 1):
 par new generation   total 109248K, used 14740K [0x00000000e0000000, 0x00000000e8000000, 0x00000000e8000000)
  eden space 87424K,   0% used [0x00000000e0000000, 0x00000000e0000000, 0x00000000e5560000)
  from space 21824K,  67% used [0x00000000e5560000, 0x00000000e63c53f0, 0x00000000e6ab0000)
  to   space 21824K,   0% used [0x00000000e6ab0000, 0x00000000e6ab0000, 0x00000000e8000000)
 concurrent mark-sweep generation total 393216K, used 0K [0x00000000e8000000, 0x0000000100000000, 0x0000000100000000)
 Metaspace       used 24880K, capacity 25335K, committed 25392K, reserved 1071104K
  class space    used 2907K, capacity 3091K, committed 3120K, reserved 1048576K
}
2018-06-19T12:08:24.446+0200: 3,489: Total time for which application threads were stopped: 0,0152468 seconds, Stopping threads took: 0,0000716 seconds
2018-06-19T12:08:24.770+0200: 3,813: Total time for which application threads were stopped: 0,0005229 seconds, Stopping threads took: 0,0000334 seconds
2018-06-19T12:08:24.793+0200: 3,836: Total time for which application threads were stopped: 0,0005501 seconds, Stopping threads took: 0,0000367 seconds
2018-06-19T12:08:24.932+0200: 3,975: Total time for which application threads were stopped: 0,0038921 seconds, Stopping threads took: 0,0027241 seconds
2018-06-19T12:08:25.013+0200: 4,056: Total time for which application threads were stopped: 0,0025421 seconds, Stopping threads took: 0,0002144 seconds
2018-06-19T12:08:25.019+0200: 4,062: Total time for which application threads were stopped: 0,0037737 seconds, Stopping threads took: 0,0036546 seconds
2018-06-19T12:08:25.019+0200: 4,062: Total time for which application threads were stopped: 0,0000717 seconds, Stopping threads took: 0,0000150 seconds
2018-06-19T12:08:25.020+0200: 4,063: Total time for which application threads were stopped: 0,0005926 seconds, Stopping threads took: 0,0005118 seconds
2018-06-19T12:08:25.022+0200: 4,064: Total time for which application threads were stopped: 0,0006484 seconds, Stopping threads took: 0,0005209 seconds
2018-06-19T12:08:25.023+0200: 4,066: Total time for which application threads were stopped: 0,0008234 seconds, Stopping threads took: 0,0006955 seconds
2018-06-19T12:08:25.027+0200: 4,070: Total time for which application threads were stopped: 0,0034095 seconds, Stopping threads took: 0,0032643 seconds
2018-06-19T12:08:25.028+0200: 4,071: Total time for which application threads were stopped: 0,0001549 seconds, Stopping threads took: 0,0000474 seconds
2018-06-19T12:08:25.033+0200: 4,076: Total time for which application threads were stopped: 0,0021840 seconds, Stopping threads took: 0,0014562 seconds
2018-06-19T12:08:25.040+0200: 4,083: Total time for which application threads were stopped: 0,0030150 seconds, Stopping threads took: 0,0025157 seconds
2018-06-19T12:08:25.042+0200: 4,084: Total time for which application threads were stopped: 0,0002699 seconds, Stopping threads took: 0,0000702 seconds
2018-06-19T12:08:25.043+0200: 4,086: Total time for which application threads were stopped: 0,0003102 seconds, Stopping threads took: 0,0001155 seconds
2018-06-19T12:08:25.044+0200: 4,087: Total time for which application threads were stopped: 0,0010855 seconds, Stopping threads took: 0,0003695 seconds
2018-06-19T12:08:25.049+0200: 4,091: Total time for which application threads were stopped: 0,0007757 seconds, Stopping threads took: 0,0001912 seconds
2018-06-19T12:08:25.074+0200: 4,117: Total time for which application threads were stopped: 0,0010496 seconds, Stopping threads took: 0,0008921 seconds
2018-06-19T12:08:25.084+0200: 4,127: Total time for which application threads were stopped: 0,0034925 seconds, Stopping threads took: 0,0030561 seconds
2018-06-19T12:08:25.091+0200: 4,134: Total time for which application threads were stopped: 0,0006476 seconds, Stopping threads took: 0,0003509 seconds
2018-06-19T12:08:25.102+0200: 4,145: Total time for which application threads were stopped: 0,0007603 seconds, Stopping threads took: 0,0006249 seconds
2018-06-19T12:08:25.105+0200: 4,148: Total time for which application threads were stopped: 0,0001508 seconds, Stopping threads took: 0,0000289 seconds
2018-06-19T12:08:25.126+0200: 4,169: Total time for which application threads were stopped: 0,0002364 seconds, Stopping threads took: 0,0001179 seconds
2018-06-19T12:08:25.153+0200: 4,196: Total time for which application threads were stopped: 0,0037969 seconds, Stopping threads took: 0,0036566 seconds
2018-06-19T12:08:25.159+0200: 4,202: Total time for which application threads were stopped: 0,0011118 seconds, Stopping threads took: 0,0005988 seconds
2018-06-19T12:08:25.176+0200: 4,219: Total time for which application threads were stopped: 0,0025846 seconds, Stopping threads took: 0,0024203 seconds
2018-06-19T12:08:25.191+0200: 4,234: Total time for which application threads were stopped: 0,0049358 seconds, Stopping threads took: 0,0047872 seconds
2018-06-19T12:08:25.201+0200: 4,244: Total time for which application threads were stopped: 0,0015738 seconds, Stopping threads took: 0,0014261 seconds
2018-06-19T12:08:25.201+0200: 4,244: Total time for which application threads were stopped: 0,0001415 seconds, Stopping threads took: 0,0000260 seconds
2018-06-19T12:08:25.217+0200: 4,260: Total time for which application threads were stopped: 0,0006476 seconds, Stopping threads took: 0,0004559 seconds
2018-06-19T12:08:25.241+0200: 4,284: Total time for which application threads were stopped: 0,0021045 seconds, Stopping threads took: 0,0017422 seconds
2018-06-19T12:08:25.256+0200: 4,299: Total time for which application threads were stopped: 0,0022384 seconds, Stopping threads took: 0,0019771 seconds
2018-06-19T12:08:25.260+0200: 4,303: Total time for which application threads were stopped: 0,0026707 seconds, Stopping threads took: 0,0022498 seconds
{Heap before GC invocations=6 (full 1):
 par new generation   total 109248K, used 102164K [0x00000000e0000000, 0x00000000e8000000, 0x00000000e8000000)
  eden space 87424K, 100% used [0x00000000e0000000, 0x00000000e5560000, 0x00000000e5560000)
  from space 21824K,  67% used [0x00000000e5560000, 0x00000000e63c53f0, 0x00000000e6ab0000)
  to   space 21824K,   0% used [0x00000000e6ab0000, 0x00000000e6ab0000, 0x00000000e8000000)
 concurrent mark-sweep generation total 393216K, used 0K [0x00000000e8000000, 0x0000000100000000, 0x0000000100000000)
 Metaspace       used 28013K, capacity 28603K, committed 28848K, reserved 1075200K
  class space    used 3228K, capacity 3433K, committed 3504K, reserved 1048576K
2018-06-19T12:08:25.364+0200: 4,407: [GC (Allocation Failure) 2018-06-19T12:08:25.364+0200: 4,407: [ParNew
Desired survivor size 20112992 bytes, new threshold 7 (max 8)
- age   1:   13107096 bytes,   13107096 total
- age   2:    2058104 bytes,   15165200 total
- age   3:     118976 bytes,   15284176 total
- age   4:     118024 bytes,   15402200 total
- age   5:     267936 bytes,   15670136 total
- age   6:     489672 bytes,   16159808 total
- age   7:    6175184 bytes,   22334992 total
: 102164K->21824K(109248K), 0,0385356 secs] 102164K->23693K(502464K), 0,0386389 secs] [Times: user=0,10 sys=0,01, real=0,03 secs] 
Heap after GC invocations=7 (full 1):
 par new generation   total 109248K, used 21824K [0x00000000e0000000, 0x00000000e8000000, 0x00000000e8000000)
  eden space 87424K,   0% used [0x00000000e0000000, 0x00000000e0000000, 0x00000000e5560000)
  from space 21824K, 100% used [0x00000000e6ab0000, 0x00000000e8000000, 0x00000000e8000000)
  to   space 21824K,   0% used [0x00000000e5560000, 0x00000000e5560000, 0x00000000e6ab0000)
 concurrent mark-sweep generation total 393216K, used 1869K [0x00000000e8000000, 0x0000000100000000, 0x0000000100000000)
 Metaspace       used 28013K, capacity 28603K, committed 28848K, reserved 1075200K
  class space    used 3228K, capacity 3433K, committed 3504K, reserved 1048576K
}
2018-06-19T12:08:25.403+0200: 4,446: Total time for which application threads were stopped: 0,0390686 seconds, Stopping threads took: 0,0002095 seconds
{Heap before GC invocations=7 (full 1):
 par new generation   total 109248K, used 109248K [0x00000000e0000000, 0x00000000e8000000, 0x00000000e8000000)
  eden space 87424K, 100% used [0x00000000e0000000, 0x00000000e5560000, 0x00000000e5560000)
  from space 21824K, 100% used [0x00000000e6ab0000, 0x00000000e8000000, 0x00000000e8000000)
  to   space 21824K,   0% used [0x00000000e5560000, 0x00000000e5560000, 0x00000000e6ab0000)
 concurrent mark-sweep generation total 393216K, used 1869K [0x00000000e8000000, 0x0000000100000000, 0x0000000100000000)
 Metaspace       used 28062K, capacity 28631K, committed 28848K, reserved 1075200K
  class space    used 3231K, capacity 3438K, committed 3504K, reserved 1048576K
2018-06-19T12:08:25.568+0200: 4,611: [GC (Allocation Failure) 2018-06-19T12:08:25.568+0200: 4,611: [ParNew
Desired survivor size 20112992 bytes, new threshold 8 (max 8)
- age   1:    1462856 bytes,    1462856 total
- age   2:   11569224 bytes,   13032080 total
- age   3:    2055008 bytes,   15087088 total
- age   4:     118976 bytes,   15206064 total
- age   5:     117816 bytes,   15323880 total
- age   6:     267840 bytes,   15591720 total
- age   7:     489648 bytes,   16081368 total
: 109248K->21824K(109248K), 0,1198771 secs] 111117K->31002K(502464K), 0,1199927 secs] [Times: user=0,32 sys=0,02, real=0,12 secs] 
Heap after GC invocations=8 (full 1):
 par new generation   total 109248K, used 21824K [0x00000000e0000000, 0x00000000e8000000, 0x00000000e8000000)
  eden space 87424K,   0% used [0x00000000e0000000, 0x00000000e0000000, 0x00000000e5560000)
  from space 21824K, 100% used [0x00000000e5560000, 0x00000000e6ab0000, 0x00000000e6ab0000)
  to   space 21824K,   0% used [0x00000000e6ab0000, 0x00000000e6ab0000, 0x00000000e8000000)
 concurrent mark-sweep generation total 393216K, used 9178K [0x00000000e8000000, 0x0000000100000000, 0x0000000100000000)
 Metaspace       used 28062K, capacity 28631K, committed 28848K, reserved 1075200K
  class space    used 3231K, capacity 3438K, committed 3504K, reserved 1048576K
}
2018-06-19T12:08:25.688+0200: 4,731: Total time for which application threads were stopped: 0,1202807 seconds, Stopping threads took: 0,0000376 seconds
{Heap before GC invocations=8 (full 1):
 par new generation   total 109248K, used 109248K [0x00000000e0000000, 0x00000000e8000000, 0x00000000e8000000)
  eden space 87424K, 100% used [0x00000000e0000000, 0x00000000e5560000, 0x00000000e5560000)
  from space 21824K, 100% used [0x00000000e5560000, 0x00000000e6ab0000, 0x00000000e6ab0000)
  to   space 21824K,   0% used [0x00000000e6ab0000, 0x00000000e6ab0000, 0x00000000e8000000)
 concurrent mark-sweep generation total 393216K, used 9178K [0x00000000e8000000, 0x0000000100000000, 0x0000000100000000)
 Metaspace       used 28088K, capacity 28769K, committed 29104K, reserved 1075200K
  class space    used 3232K, capacity 3440K, committed 3504K, reserved 1048576K
2018-06-19T12:08:25.772+0200: 4,815: [GC (Allocation Failure) 2018-06-19T12:08:25.772+0200: 4,815: [ParNew
Desired survivor size 20112992 bytes, new threshold 8 (max 8)
- age   1:     306576 bytes,     306576 total
- age   2:     571320 bytes,     877896 total
- age   3:   11569224 bytes,   12447120 total
- age   4:    2055008 bytes,   14502128 total
- age   5:     118976 bytes,   14621104 total
- age   6:     117816 bytes,   14738920 total
- age   7:     267840 bytes,   15006760 total
- age   8:     489648 bytes,   15496408 total
: 109248K->17748K(109248K), 0,0235328 secs] 118426K->26927K(502464K), 0,0236256 secs] [Times: user=0,09 sys=0,00, real=0,02 secs] 
Heap after GC invocations=9 (full 1):
 par new generation   total 109248K, used 17748K [0x00000000e0000000, 0x00000000e8000000, 0x00000000e8000000)
  eden space 87424K,   0% used [0x00000000e0000000, 0x00000000e0000000, 0x00000000e5560000)
  from space 21824K,  81% used [0x00000000e6ab0000, 0x00000000e7c05280, 0x00000000e8000000)
  to   space 21824K,   0% used [0x00000000e5560000, 0x00000000e5560000, 0x00000000e6ab0000)
 concurrent mark-sweep generation total 393216K, used 9178K [0x00000000e8000000, 0x0000000100000000, 0x0000000100000000)
 Metaspace       used 28088K, capacity 28769K, committed 29104K, reserved 1075200K
  class space    used 3232K, capacity 3440K, committed 3504K, reserved 1048576K
}
2018-06-19T12:08:25.796+0200: 4,839: Total time for which application threads were stopped: 0,0271942 seconds, Stopping threads took: 0,0033821 seconds
2018-06-19T12:08:25.916+0200: 4,959: Total time for which application threads were stopped: 0,0031300 seconds, Stopping threads took: 0,0029803 seconds
2018-06-19T12:08:25.930+0200: 4,973: Total time for which application threads were stopped: 0,0036324 seconds, Stopping threads took: 0,0035348 seconds
2018-06-19T12:08:25.943+0200: 4,986: Total time for which application threads were stopped: 0,0001828 seconds, Stopping threads took: 0,0000965 seconds
2018-06-19T12:08:25.961+0200: 5,004: Total time for which application threads were stopped: 0,0002479 seconds, Stopping threads took: 0,0001667 seconds
2018-06-19T12:08:25.974+0200: 5,017: Total time for which application threads were stopped: 0,0002568 seconds, Stopping threads took: 0,0000951 seconds
2018-06-19T12:08:25.975+0200: 5,017: Total time for which application threads were stopped: 0,0001254 seconds, Stopping threads took: 0,0000461 seconds
2018-06-19T12:08:25.980+0200: 5,023: Total time for which application threads were stopped: 0,0033385 seconds, Stopping threads took: 0,0032436 seconds
2018-06-19T12:08:25.981+0200: 5,024: Total time for which application threads were stopped: 0,0006166 seconds, Stopping threads took: 0,0005538 seconds
2018-06-19T12:08:26.008+0200: 5,051: Total time for which application threads were stopped: 0,0022731 seconds, Stopping threads took: 0,0021835 seconds
2018-06-19T12:08:26.009+0200: 5,052: Total time for which application threads were stopped: 0,0006838 seconds, Stopping threads took: 0,0005908 seconds
2018-06-19T12:08:26.009+0200: 5,052: Total time for which application threads were stopped: 0,0000814 seconds, Stopping threads took: 0,0000190 seconds
2018-06-19T12:08:26.009+0200: 5,052: Total time for which application threads were stopped: 0,0000645 seconds, Stopping threads took: 0,0000118 seconds
2018-06-19T12:08:27.009+0200: 6,052: Total time for which application threads were stopped: 0,0000845 seconds, Stopping threads took: 0,0000229 seconds
2018-06-19T12:08:35.837+0200: 14,880: Total time for which application threads were stopped: 0,0001741 seconds, Stopping threads took: 0,0000463 seconds
2018-06-19T12:08:35.842+0200: 14,885: Total time for which application threads were stopped: 0,0000711 seconds, Stopping threads took: 0,0000156 seconds
2018-06-19T12:08:35.844+0200: 14,887: Total time for which application threads were stopped: 0,0001062 seconds, Stopping threads took: 0,0000178 seconds
2018-06-19T12:08:35.844+0200: 14,887: Total time for which application threads were stopped: 0,0000366 seconds, Stopping threads took: 0,0000100 seconds
2018-06-19T12:08:35.844+0200: 14,887: Total time for which application threads were stopped: 0,0000330 seconds, Stopping threads took: 0,0000120 seconds
2018-06-19T12:08:35.883+0200: 14,926: Total time for which application threads were stopped: 0,0007390 seconds, Stopping threads took: 0,0000197 seconds
2018-06-19T12:08:35.914+0200: 14,957: Total time for which application threads were stopped: 0,0000891 seconds, Stopping threads took: 0,0000178 seconds
2018-06-19T12:08:35.914+0200: 14,957: Total time for which application threads were stopped: 0,0000361 seconds, Stopping threads took: 0,0000104 seconds
2018-06-19T12:08:35.932+0200: 14,975: Total time for which application threads were stopped: 0,0001050 seconds, Stopping threads took: 0,0000170 seconds
2018-06-19T12:08:35.950+0200: 14,993: Total time for which application threads were stopped: 0,0003748 seconds, Stopping threads took: 0,0000209 seconds
2018-06-19T12:08:36.082+0200: 15,125: Total time for which application threads were stopped: 0,0002071 seconds, Stopping threads took: 0,0000758 seconds
2018-06-19T12:08:36.104+0200: 15,147: Total time for which application threads were stopped: 0,0001054 seconds, Stopping threads took: 0,0000334 seconds
2018-06-19T12:08:36.104+0200: 15,147: Total time for which application threads were stopped: 0,0001148 seconds, Stopping threads took: 0,0000650 seconds
2018-06-19T12:08:36.104+0200: 15,147: Total time for which application threads were stopped: 0,0001190 seconds, Stopping threads took: 0,0000125 seconds
2018-06-19T12:08:36.105+0200: 15,147: Total time for which application threads were stopped: 0,0000588 seconds, Stopping threads took: 0,0000254 seconds
2018-06-19T12:08:36.106+0200: 15,149: Total time for which application threads were stopped: 0,0000757 seconds, Stopping threads took: 0,0000329 seconds
2018-06-19T12:08:36.106+0200: 15,149: Total time for which application threads were stopped: 0,0000504 seconds, Stopping threads took: 0,0000245 seconds
2018-06-19T12:08:36.106+0200: 15,149: Total time for which application threads were stopped: 0,0000422 seconds, Stopping threads took: 0,0000115 seconds
2018-06-19T12:08:36.181+0200: 15,224: Total time for which application threads were stopped: 0,0004328 seconds, Stopping threads took: 0,0000646 seconds
2018-06-19T12:08:36.183+0200: 15,226: Total time for which application threads were stopped: 0,0003812 seconds, Stopping threads took: 0,0000186 seconds
{Heap before GC invocations=9 (full 1):
 par new generation   total 109248K, used 105172K [0x00000000e0000000, 0x00000000e8000000, 0x00000000e8000000)
  eden space 87424K, 100% used [0x00000000e0000000, 0x00000000e5560000, 0x00000000e5560000)
  from space 21824K,  81% used [0x00000000e6ab0000, 0x00000000e7c05280, 0x00000000e8000000)
  to   space 21824K,   0% used [0x00000000e5560000, 0x00000000e5560000, 0x00000000e6ab0000)
 concurrent mark-sweep generation total 393216K, used 9178K [0x00000000e8000000, 0x0000000100000000, 0x0000000100000000)
 Metaspace       used 30350K, capacity 31065K, committed 31408K, reserved 1077248K
  class space    used 3490K, capacity 3712K, committed 3760K, reserved 1048576K
2018-06-19T12:08:36.398+0200: 15,441: [GC (Allocation Failure) 2018-06-19T12:08:36.398+0200: 15,441: [ParNew
Desired survivor size 20112992 bytes, new threshold 5 (max 8)
- age   1:    7573944 bytes,    7573944 total
- age   2:     126072 bytes,    7700016 total
- age   3:     182224 bytes,    7882240 total
- age   4:   10745240 bytes,   18627480 total
- age   5:    1876008 bytes,   20503488 total
- age   6:     107896 bytes,   20611384 total
- age   7:     110272 bytes,   20721656 total
- age   8:     259952 bytes,   20981608 total
: 105172K->21824K(109248K), 0,0207147 secs] 114351K->32763K(502464K), 0,0207998 secs] [Times: user=0,07 sys=0,01, real=0,02 secs] 
Heap after GC invocations=10 (full 1):
 par new generation   total 109248K, used 21824K [0x00000000e0000000, 0x00000000e8000000, 0x00000000e8000000)
  eden space 87424K,   0% used [0x00000000e0000000, 0x00000000e0000000, 0x00000000e5560000)
  from space 21824K, 100% used [0x00000000e5560000, 0x00000000e6ab0000, 0x00000000e6ab0000)
  to   space 21824K,   0% used [0x00000000e6ab0000, 0x00000000e6ab0000, 0x00000000e8000000)
 concurrent mark-sweep generation total 393216K, used 10939K [0x00000000e8000000, 0x0000000100000000, 0x0000000100000000)
 Metaspace       used 30350K, capacity 31065K, committed 31408K, reserved 1077248K
  class space    used 3490K, capacity 3712K, committed 3760K, reserved 1048576K
}
2018-06-19T12:08:36.419+0200: 15,462: Total time for which application threads were stopped: 0,0210957 seconds, Stopping threads took: 0,0000485 seconds
2018-06-19T12:08:36.420+0200: 15,463: Total time for which application threads were stopped: 0,0001162 seconds, Stopping threads took: 0,0000556 seconds
2018-06-19T12:08:36.420+0200: 15,463: Total time for which application threads were stopped: 0,0000637 seconds, Stopping threads took: 0,0000349 seconds
2018-06-19T12:08:36.640+0200: 15,683: Total time for which application threads were stopped: 0,0002342 seconds, Stopping threads took: 0,0000260 seconds
2018-06-19T12:08:36.641+0200: 15,684: Total time for which application threads were stopped: 0,0000753 seconds, Stopping threads took: 0,0000165 seconds
2018-06-19T12:08:36.652+0200: 15,695: Total time for which application threads were stopped: 0,0001690 seconds, Stopping threads took: 0,0000529 seconds
2018-06-19T12:08:36.673+0200: 15,716: Total time for which application threads were stopped: 0,0001999 seconds, Stopping threads took: 0,0000503 seconds
2018-06-19T12:08:36.758+0200: 15,801: Total time for which application threads were stopped: 0,0001760 seconds, Stopping threads took: 0,0000484 seconds
2018-06-19T12:08:36.758+0200: 15,801: Total time for which application threads were stopped: 0,0000883 seconds, Stopping threads took: 0,0000300 seconds
{Heap before GC invocations=10 (full 1):
 par new generation   total 109248K, used 109248K [0x00000000e0000000, 0x00000000e8000000, 0x00000000e8000000)
  eden space 87424K, 100% used [0x00000000e0000000, 0x00000000e5560000, 0x00000000e5560000)
  from space 21824K, 100% used [0x00000000e5560000, 0x00000000e6ab0000, 0x00000000e6ab0000)
  to   space 21824K,   0% used [0x00000000e6ab0000, 0x00000000e6ab0000, 0x00000000e8000000)
 concurrent mark-sweep generation total 393216K, used 10939K [0x00000000e8000000, 0x0000000100000000, 0x0000000100000000)
 Metaspace       used 30567K, capacity 31257K, committed 31408K, reserved 1077248K
  class space    used 3491K, capacity 3712K, committed 3760K, reserved 1048576K
2018-06-19T12:08:36.787+0200: 15,830: [GC (Allocation Failure) 2018-06-19T12:08:36.787+0200: 15,830: [ParNew
Desired survivor size 20112992 bytes, new threshold 8 (max 8)
- age   1:    1310512 bytes,    1310512 total
- age   2:    6593440 bytes,    7903952 total
- age   3:     126072 bytes,    8030024 total
- age   4:     182224 bytes,    8212248 total
- age   5:   10745160 bytes,   18957408 total
: 109248K->21824K(109248K), 0,0347805 secs] 120187K->35213K(502464K), 0,0348863 secs] [Times: user=0,08 sys=0,00, real=0,03 secs] 
Heap after GC invocations=11 (full 1):
 par new generation   total 109248K, used 21824K [0x00000000e0000000, 0x00000000e8000000, 0x00000000e8000000)
  eden space 87424K,   0% used [0x00000000e0000000, 0x00000000e0000000, 0x00000000e5560000)
  from space 21824K, 100% used [0x00000000e6ab0000, 0x00000000e8000000, 0x00000000e8000000)
  to   space 21824K,   0% used [0x00000000e5560000, 0x00000000e5560000, 0x00000000e6ab0000)
 concurrent mark-sweep generation total 393216K, used 13389K [0x00000000e8000000, 0x0000000100000000, 0x0000000100000000)
 Metaspace       used 30567K, capacity 31257K, committed 31408K, reserved 1077248K
  class space    used 3491K, capacity 3712K, committed 3760K, reserved 1048576K
}
2018-06-19T12:08:36.822+0200: 15,865: Total time for which application threads were stopped: 0,0351587 seconds, Stopping threads took: 0,0000543 seconds
{Heap before GC invocations=11 (full 1):
 par new generation   total 109248K, used 109248K [0x00000000e0000000, 0x00000000e8000000, 0x00000000e8000000)
  eden space 87424K, 100% used [0x00000000e0000000, 0x00000000e5560000, 0x00000000e5560000)
  from space 21824K, 100% used [0x00000000e6ab0000, 0x00000000e8000000, 0x00000000e8000000)
  to   space 21824K,   0% used [0x00000000e5560000, 0x00000000e5560000, 0x00000000e6ab0000)
 concurrent mark-sweep generation total 393216K, used 13389K [0x00000000e8000000, 0x0000000100000000, 0x0000000100000000)
 Metaspace       used 30574K, capacity 31257K, committed 31408K, reserved 1077248K
  class space    used 3491K, capacity 3712K, committed 3760K, reserved 1048576K
2018-06-19T12:08:37.156+0200: 16,199: [GC (Allocation Failure) 2018-06-19T12:08:37.156+0200: 16,199: [ParNew
Desired survivor size 20112992 bytes, new threshold 8 (max 8)
- age   1:    1515040 bytes,    1515040 total
- age   2:     900216 bytes,    2415256 total
- age   3:    6334480 bytes,    8749736 total
- age   4:     121600 bytes,    8871336 total
- age   5:     178016 bytes,    9049352 total
- age   6:    9184376 bytes,   18233728 total
: 109248K->21824K(109248K), 0,0770164 secs] 122637K->37008K(502464K), 0,0773591 secs] [Times: user=0,18 sys=0,01, real=0,08 secs] 
Heap after GC invocations=12 (full 1):
 par new generation   total 109248K, used 21824K [0x00000000e0000000, 0x00000000e8000000, 0x00000000e8000000)
  eden space 87424K,   0% used [0x00000000e0000000, 0x00000000e0000000, 0x00000000e5560000)
  from space 21824K, 100% used [0x00000000e5560000, 0x00000000e6ab0000, 0x00000000e6ab0000)
  to   space 21824K,   0% used [0x00000000e6ab0000, 0x00000000e6ab0000, 0x00000000e8000000)
 concurrent mark-sweep generation total 393216K, used 15184K [0x00000000e8000000, 0x0000000100000000, 0x0000000100000000)
 Metaspace       used 30574K, capacity 31257K, committed 31408K, reserved 1077248K
  class space    used 3491K, capacity 3712K, committed 3760K, reserved 1048576K
}
2018-06-19T12:08:37.234+0200: 16,277: Total time for which application threads were stopped: 0,0779612 seconds, Stopping threads took: 0,0000495 seconds
2018-06-19T12:08:37.288+0200: 16,331: Total time for which application threads were stopped: 0,0075893 seconds, Stopping threads took: 0,0074417 seconds
2018-06-19T12:08:37.289+0200: 16,332: Total time for which application threads were stopped: 0,0001882 seconds, Stopping threads took: 0,0000258 seconds
2018-06-19T12:08:37.290+0200: 16,333: Total time for which application threads were stopped: 0,0001494 seconds, Stopping threads took: 0,0000341 seconds
2018-06-19T12:08:37.291+0200: 16,334: Total time for which application threads were stopped: 0,0001934 seconds, Stopping threads took: 0,0000651 seconds
2018-06-19T12:08:37.307+0200: 16,350: Total time for which application threads were stopped: 0,0108340 seconds, Stopping threads took: 0,0106630 seconds
2018-06-19T12:08:37.307+0200: 16,350: Total time for which application threads were stopped: 0,0001444 seconds, Stopping threads took: 0,0000467 seconds
2018-06-19T12:08:37.307+0200: 16,350: Total time for which application threads were stopped: 0,0003893 seconds, Stopping threads took: 0,0000450 seconds
2018-06-19T12:08:37.330+0200: 16,373: Total time for which application threads were stopped: 0,0061433 seconds, Stopping threads took: 0,0060210 seconds
2018-06-19T12:08:37.336+0200: 16,379: Total time for which application threads were stopped: 0,0001469 seconds, Stopping threads took: 0,0000606 seconds
2018-06-19T12:08:37.388+0200: 16,431: Total time for which application threads were stopped: 0,0122524 seconds, Stopping threads took: 0,0120932 seconds
2018-06-19T12:08:37.389+0200: 16,432: Total time for which application threads were stopped: 0,0001292 seconds, Stopping threads took: 0,0000350 seconds
2018-06-19T12:08:37.409+0200: 16,452: Total time for which application threads were stopped: 0,0002166 seconds, Stopping threads took: 0,0000634 seconds
{Heap before GC invocations=12 (full 1):
 par new generation   total 109248K, used 109248K [0x00000000e0000000, 0x00000000e8000000, 0x00000000e8000000)
  eden space 87424K, 100% used [0x00000000e0000000, 0x00000000e5560000, 0x00000000e5560000)
  from space 21824K, 100% used [0x00000000e5560000, 0x00000000e6ab0000, 0x00000000e6ab0000)
  to   space 21824K,   0% used [0x00000000e6ab0000, 0x00000000e6ab0000, 0x00000000e8000000)
 concurrent mark-sweep generation total 393216K, used 15184K [0x00000000e8000000, 0x0000000100000000, 0x0000000100000000)
 Metaspace       used 30698K, capacity 31385K, committed 31664K, reserved 1077248K
  class space    used 3503K, capacity 3712K, committed 3760K, reserved 1048576K
2018-06-19T12:08:37.633+0200: 16,676: [GC (Allocation Failure) 2018-06-19T12:08:37.633+0200: 16,676: [ParNew
Desired survivor size 20112992 bytes, new threshold 8 (max 8)
- age   1:    1594488 bytes,    1594488 total
- age   2:    1398512 bytes,    2993000 total
- age   3:     843768 bytes,    3836768 total
- age   4:    5585240 bytes,    9422008 total
- age   5:     121600 bytes,    9543608 total
- age   6:     178016 bytes,    9721624 total
- age   7:    9116768 bytes,   18838392 total
: 109248K->21824K(109248K), 0,0471414 secs] 124432K->37802K(502464K), 0,0476171 secs] [Times: user=0,10 sys=0,00, real=0,04 secs] 
Heap after GC invocations=13 (full 1):
 par new generation   total 109248K, used 21824K [0x00000000e0000000, 0x00000000e8000000, 0x00000000e8000000)
  eden space 87424K,   0% used [0x00000000e0000000, 0x00000000e0000000, 0x00000000e5560000)
  from space 21824K, 100% used [0x00000000e6ab0000, 0x00000000e8000000, 0x00000000e8000000)
  to   space 21824K,   0% used [0x00000000e5560000, 0x00000000e5560000, 0x00000000e6ab0000)
 concurrent mark-sweep generation total 393216K, used 15978K [0x00000000e8000000, 0x0000000100000000, 0x0000000100000000)
 Metaspace       used 30698K, capacity 31385K, committed 31664K, reserved 1077248K
  class space    used 3503K, capacity 3712K, committed 3760K, reserved 1048576K
}
2018-06-19T12:08:37.681+0200: 16,723: Total time for which application threads were stopped: 0,0581491 seconds, Stopping threads took: 0,0096145 seconds
{Heap before GC invocations=13 (full 1):
 par new generation   total 109248K, used 109248K [0x00000000e0000000, 0x00000000e8000000, 0x00000000e8000000)
  eden space 87424K, 100% used [0x00000000e0000000, 0x00000000e5560000, 0x00000000e5560000)
  from space 21824K, 100% used [0x00000000e6ab0000, 0x00000000e8000000, 0x00000000e8000000)
  to   space 21824K,   0% used [0x00000000e5560000, 0x00000000e5560000, 0x00000000e6ab0000)
 concurrent mark-sweep generation total 393216K, used 15978K [0x00000000e8000000, 0x0000000100000000, 0x0000000100000000)
 Metaspace       used 30831K, capacity 31545K, committed 31664K, reserved 1077248K
  class space    used 3512K, capacity 3744K, committed 3760K, reserved 1048576K
2018-06-19T12:08:37.943+0200: 16,986: [GC (Allocation Failure) 2018-06-19T12:08:37.944+0200: 16,986: [ParNew
Desired survivor size 20112992 bytes, new threshold 8 (max 8)
- age   1:    1666824 bytes,    1666824 total
- age   2:    1094056 bytes,    2760880 total
- age   3:     107984 bytes,    2868864 total
- age   4:     129616 bytes,    2998480 total
- age   5:    5251424 bytes,    8249904 total
- age   6:     121600 bytes,    8371504 total
- age   7:     178016 bytes,    8549520 total
- age   8:    9116616 bytes,   17666136 total
: 109248K->21824K(109248K), 0,0803598 secs] 125226K->37802K(502464K), 0,0804602 secs] [Times: user=0,10 sys=0,00, real=0,09 secs] 
Heap after GC invocations=14 (full 1):
 par new generation   total 109248K, used 21824K [0x00000000e0000000, 0x00000000e8000000, 0x00000000e8000000)
  eden space 87424K,   0% used [0x00000000e0000000, 0x00000000e0000000, 0x00000000e5560000)
  from space 21824K, 100% used [0x00000000e5560000, 0x00000000e6ab0000, 0x00000000e6ab0000)
  to   space 21824K,   0% used [0x00000000e6ab0000, 0x00000000e6ab0000, 0x00000000e8000000)
 concurrent mark-sweep generation total 393216K, used 15978K [0x00000000e8000000, 0x0000000100000000, 0x0000000100000000)
 Metaspace       used 30831K, capacity 31545K, committed 31664K, reserved 1077248K
  class space    used 3512K, capacity 3744K, committed 3760K, reserved 1048576K
}
2018-06-19T12:08:38.024+0200: 17,067: Total time for which application threads were stopped: 0,0807967 seconds, Stopping threads took: 0,0000501 seconds
2018-06-19T12:08:38.262+0200: 17,304: Total time for which application threads were stopped: 0,0002146 seconds, Stopping threads took: 0,0000761 seconds
{Heap before GC invocations=14 (full 1):
 par new generation   total 109248K, used 109248K [0x00000000e0000000, 0x00000000e8000000, 0x00000000e8000000)
  eden space 87424K, 100% used [0x00000000e0000000, 0x00000000e5560000, 0x00000000e5560000)
  from space 21824K, 100% used [0x00000000e5560000, 0x00000000e6ab0000, 0x00000000e6ab0000)
  to   space 21824K,   0% used [0x00000000e6ab0000, 0x00000000e6ab0000, 0x00000000e8000000)
 concurrent mark-sweep generation total 393216K, used 15978K [0x00000000e8000000, 0x0000000100000000, 0x0000000100000000)
 Metaspace       used 30842K, capacity 31545K, committed 31664K, reserved 1077248K
  class space    used 3512K, capacity 3744K, committed 3760K, reserved 1048576K
2018-06-19T12:08:38.265+0200: 17,308: [GC (Allocation Failure) 2018-06-19T12:08:38.265+0200: 17,308: [ParNew
Desired survivor size 20112992 bytes, new threshold 8 (max 8)
- age   1:    1881792 bytes,    1881792 total
- age   2:    1132232 bytes,    3014024 total
- age   3:    1092976 bytes,    4107000 total
- age   4:     107952 bytes,    4214952 total
- age   5:     129552 bytes,    4344504 total
- age   6:    5251424 bytes,    9595928 total
- age   7:     121600 bytes,    9717528 total
- age   8:     178016 bytes,    9895544 total
: 109248K->17511K(109248K), 0,0257947 secs] 125226K->42909K(502464K), 0,0258762 secs] [Times: user=0,08 sys=0,00, real=0,02 secs] 
Heap after GC invocations=15 (full 1):
 par new generation   total 109248K, used 17511K [0x00000000e0000000, 0x00000000e8000000, 0x00000000e8000000)
  eden space 87424K,   0% used [0x00000000e0000000, 0x00000000e0000000, 0x00000000e5560000)
  from space 21824K,  80% used [0x00000000e6ab0000, 0x00000000e7bc9fc0, 0x00000000e8000000)
  to   space 21824K,   0% used [0x00000000e5560000, 0x00000000e5560000, 0x00000000e6ab0000)
 concurrent mark-sweep generation total 393216K, used 25397K [0x00000000e8000000, 0x0000000100000000, 0x0000000100000000)
 Metaspace       used 30842K, capacity 31545K, committed 31664K, reserved 1077248K
  class space    used 3512K, capacity 3744K, committed 3760K, reserved 1048576K
}
2018-06-19T12:08:38.291+0200: 17,334: Total time for which application threads were stopped: 0,0262183 seconds, Stopping threads took: 0,0001770 seconds
2018-06-19T12:08:38.296+0200: 17,339: Total time for which application threads were stopped: 0,0001375 seconds, Stopping threads took: 0,0000402 seconds
2018-06-19T12:08:38.299+0200: 17,342: Total time for which application threads were stopped: 0,0001643 seconds, Stopping threads took: 0,0000642 seconds
2018-06-19T12:08:38.300+0200: 17,343: Total time for which application threads were stopped: 0,0001566 seconds, Stopping threads took: 0,0000677 seconds
2018-06-19T12:08:38.348+0200: 17,391: Total time for which application threads were stopped: 0,0003297 seconds, Stopping threads took: 0,0001079 seconds
2018-06-19T12:08:38.415+0200: 17,458: Total time for which application threads were stopped: 0,0021381 seconds, Stopping threads took: 0,0019797 seconds
2018-06-19T12:08:38.419+0200: 17,462: Total time for which application threads were stopped: 0,0001507 seconds, Stopping threads took: 0,0000636 seconds
{Heap before GC invocations=15 (full 1):
 par new generation   total 109248K, used 104935K [0x00000000e0000000, 0x00000000e8000000, 0x00000000e8000000)
  eden space 87424K, 100% used [0x00000000e0000000, 0x00000000e5560000, 0x00000000e5560000)
  from space 21824K,  80% used [0x00000000e6ab0000, 0x00000000e7bc9fc0, 0x00000000e8000000)
  to   space 21824K,   0% used [0x00000000e5560000, 0x00000000e5560000, 0x00000000e6ab0000)
 concurrent mark-sweep generation total 393216K, used 25397K [0x00000000e8000000, 0x0000000100000000, 0x0000000100000000)
 Metaspace       used 30859K, capacity 31545K, committed 31664K, reserved 1077248K
  class space    used 3512K, capacity 3744K, committed 3760K, reserved 1048576K
2018-06-19T12:08:38.424+0200: 17,467: [GC (Allocation Failure) 2018-06-19T12:08:38.424+0200: 17,467: [ParNew
Desired survivor size 20112992 bytes, new threshold 8 (max 8)
- age   1:    1440136 bytes,    1440136 total
- age   2:    1689656 bytes,    3129792 total
- age   3:    1083048 bytes,    4212840 total
- age   4:     966664 bytes,    5179504 total
- age   5:     107952 bytes,    5287456 total
- age   6:     129520 bytes,    5416976 total
- age   7:    5251408 bytes,   10668384 total
- age   8:     121600 bytes,   10789984 total
: 104935K->12379K(109248K), 0,0138966 secs] 130333K->37953K(502464K), 0,0140244 secs] [Times: user=0,05 sys=0,00, real=0,02 secs] 
Heap after GC invocations=16 (full 1):
 par new generation   total 109248K, used 12379K [0x00000000e0000000, 0x00000000e8000000, 0x00000000e8000000)
  eden space 87424K,   0% used [0x00000000e0000000, 0x00000000e0000000, 0x00000000e5560000)
  from space 21824K,  56% used [0x00000000e5560000, 0x00000000e6176f40, 0x00000000e6ab0000)
  to   space 21824K,   0% used [0x00000000e6ab0000, 0x00000000e6ab0000, 0x00000000e8000000)
 concurrent mark-sweep generation total 393216K, used 25573K [0x00000000e8000000, 0x0000000100000000, 0x0000000100000000)
 Metaspace       used 30859K, capacity 31545K, committed 31664K, reserved 1077248K
  class space    used 3512K, capacity 3744K, committed 3760K, reserved 1048576K
}
2018-06-19T12:08:38.438+0200: 17,481: Total time for which application threads were stopped: 0,0143008 seconds, Stopping threads took: 0,0000894 seconds
2018-06-19T12:08:38.442+0200: 17,485: Total time for which application threads were stopped: 0,0001525 seconds, Stopping threads took: 0,0000699 seconds
{Heap before GC invocations=16 (full 1):
 par new generation   total 109248K, used 99803K [0x00000000e0000000, 0x00000000e8000000, 0x00000000e8000000)
  eden space 87424K, 100% used [0x00000000e0000000, 0x00000000e5560000, 0x00000000e5560000)
  from space 21824K,  56% used [0x00000000e5560000, 0x00000000e6176f40, 0x00000000e6ab0000)
  to   space 21824K,   0% used [0x00000000e6ab0000, 0x00000000e6ab0000, 0x00000000e8000000)
 concurrent mark-sweep generation total 393216K, used 25573K [0x00000000e8000000, 0x0000000100000000, 0x0000000100000000)
 Metaspace       used 30884K, capacity 31551K, committed 31664K, reserved 1077248K
  class space    used 3513K, capacity 3745K, committed 3760K, reserved 1048576K
2018-06-19T12:08:38.598+0200: 17,641: [GC (Allocation Failure) 2018-06-19T12:08:38.598+0200: 17,641: [ParNew
Desired survivor size 20112992 bytes, new threshold 8 (max 8)
- age   1:    1742088 bytes,    1742088 total
- age   2:     844976 bytes,    2587064 total
- age   3:     355112 bytes,    2942176 total
- age   4:     384384 bytes,    3326560 total
- age   5:     169024 bytes,    3495584 total
- age   6:     107928 bytes,    3603512 total
- age   7:     129472 bytes,    3732984 total
- age   8:    5251040 bytes,    8984024 total
: 99803K->14175K(109248K), 0,0259055 secs] 125377K->39870K(502464K), 0,0259897 secs] [Times: user=0,07 sys=0,00, real=0,03 secs] 
Heap after GC invocations=17 (full 1):
 par new generation   total 109248K, used 14175K [0x00000000e0000000, 0x00000000e8000000, 0x00000000e8000000)
  eden space 87424K,   0% used [0x00000000e0000000, 0x00000000e0000000, 0x00000000e5560000)
  from space 21824K,  64% used [0x00000000e6ab0000, 0x00000000e7887e10, 0x00000000e8000000)
  to   space 21824K,   0% used [0x00000000e5560000, 0x00000000e5560000, 0x00000000e6ab0000)
 concurrent mark-sweep generation total 393216K, used 25695K [0x00000000e8000000, 0x0000000100000000, 0x0000000100000000)
 Metaspace       used 30884K, capacity 31551K, committed 31664K, reserved 1077248K
  class space    used 3513K, capacity 3745K, committed 3760K, reserved 1048576K
}
2018-06-19T12:08:38.624+0200: 17,667: Total time for which application threads were stopped: 0,0262833 seconds, Stopping threads took: 0,0000445 seconds
{Heap before GC invocations=17 (full 1):
 par new generation   total 109248K, used 101599K [0x00000000e0000000, 0x00000000e8000000, 0x00000000e8000000)
  eden space 87424K, 100% used [0x00000000e0000000, 0x00000000e5560000, 0x00000000e5560000)
  from space 21824K,  64% used [0x00000000e6ab0000, 0x00000000e7887e10, 0x00000000e8000000)
  to   space 21824K,   0% used [0x00000000e5560000, 0x00000000e5560000, 0x00000000e6ab0000)
 concurrent mark-sweep generation total 393216K, used 25695K [0x00000000e8000000, 0x0000000100000000, 0x0000000100000000)
 Metaspace       used 30889K, capacity 31551K, committed 31664K, reserved 1077248K
  class space    used 3513K, capacity 3745K, committed 3760K, reserved 1048576K
2018-06-19T12:08:38.787+0200: 17,830: [GC (Allocation Failure) 2018-06-19T12:08:38.788+0200: 17,830: [ParNew
Desired survivor size 20112992 bytes, new threshold 8 (max 8)
- age   1:    1490784 bytes,    1490784 total
- age   2:    1276424 bytes,    2767208 total
- age   3:     844952 bytes,    3612160 total
- age   4:     355112 bytes,    3967272 total
- age   5:     383568 bytes,    4350840 total
- age   6:     169024 bytes,    4519864 total
- age   7:     107880 bytes,    4627744 total
- age   8:     129368 bytes,    4757112 total
: 101599K->7972K(109248K), 0,0324314 secs] 127294K->38818K(502464K), 0,0325541 secs] [Times: user=0,09 sys=0,00, real=0,03 secs] 
Heap after GC invocations=18 (full 1):
 par new generation   total 109248K, used 7972K [0x00000000e0000000, 0x00000000e8000000, 0x00000000e8000000)
  eden space 87424K,   0% used [0x00000000e0000000, 0x00000000e0000000, 0x00000000e5560000)
  from space 21824K,  36% used [0x00000000e5560000, 0x00000000e5d29390, 0x00000000e6ab0000)
  to   space 21824K,   0% used [0x00000000e6ab0000, 0x00000000e6ab0000, 0x00000000e8000000)
 concurrent mark-sweep generation total 393216K, used 30845K [0x00000000e8000000, 0x0000000100000000, 0x0000000100000000)
 Metaspace       used 30889K, capacity 31551K, committed 31664K, reserved 1077248K
  class space    used 3513K, capacity 3745K, committed 3760K, reserved 1048576K
}
2018-06-19T12:08:38.820+0200: 17,863: Total time for which application threads were stopped: 0,0328766 seconds, Stopping threads took: 0,0000689 seconds
{Heap before GC invocations=18 (full 1):
 par new generation   total 109248K, used 95396K [0x00000000e0000000, 0x00000000e8000000, 0x00000000e8000000)
  eden space 87424K, 100% used [0x00000000e0000000, 0x00000000e5560000, 0x00000000e5560000)
  from space 21824K,  36% used [0x00000000e5560000, 0x00000000e5d29390, 0x00000000e6ab0000)
  to   space 21824K,   0% used [0x00000000e6ab0000, 0x00000000e6ab0000, 0x00000000e8000000)
 concurrent mark-sweep generation total 393216K, used 30845K [0x00000000e8000000, 0x0000000100000000, 0x0000000100000000)
 Metaspace       used 30905K, capacity 31615K, committed 31920K, reserved 1077248K
  class space    used 3513K, capacity 3745K, committed 3760K, reserved 1048576K
2018-06-19T12:08:38.983+0200: 18,026: [GC (Allocation Failure) 2018-06-19T12:08:38.983+0200: 18,026: [ParNew
Desired survivor size 20112992 bytes, new threshold 8 (max 8)
- age   1:    1974296 bytes,    1974296 total
- age   2:     984216 bytes,    2958512 total
- age   3:    1079696 bytes,    4038208 total
- age   4:     844952 bytes,    4883160 total
- age   5:     355112 bytes,    5238272 total
- age   6:     383568 bytes,    5621840 total
- age   7:     168976 bytes,    5790816 total
- age   8:     107576 bytes,    5898392 total
: 95396K->6901K(109248K), 0,0206019 secs] 126242K->37873K(502464K), 0,0207354 secs] [Times: user=0,05 sys=0,00, real=0,02 secs] 
Heap after GC invocations=19 (full 1):
 par new generation   total 109248K, used 6901K [0x00000000e0000000, 0x00000000e8000000, 0x00000000e8000000)
  eden space 87424K,   0% used [0x00000000e0000000, 0x00000000e0000000, 0x00000000e5560000)
  from space 21824K,  31% used [0x00000000e6ab0000, 0x00000000e716d480, 0x00000000e8000000)
  to   space 21824K,   0% used [0x00000000e5560000, 0x00000000e5560000, 0x00000000e6ab0000)
 concurrent mark-sweep generation total 393216K, used 30971K [0x00000000e8000000, 0x0000000100000000, 0x0000000100000000)
 Metaspace       used 30905K, capacity 31615K, committed 31920K, reserved 1077248K
  class space    used 3513K, capacity 3745K, committed 3760K, reserved 1048576K
}
2018-06-19T12:08:39.004+0200: 18,047: Total time for which application threads were stopped: 0,0210379 seconds, Stopping threads took: 0,0000315 seconds
{Heap before GC invocations=19 (full 1):
 par new generation   total 109248K, used 94325K [0x00000000e0000000, 0x00000000e8000000, 0x00000000e8000000)
  eden space 87424K, 100% used [0x00000000e0000000, 0x00000000e5560000, 0x00000000e5560000)
  from space 21824K,  31% used [0x00000000e6ab0000, 0x00000000e716d480, 0x00000000e8000000)
  to   space 21824K,   0% used [0x00000000e5560000, 0x00000000e5560000, 0x00000000e6ab0000)
 concurrent mark-sweep generation total 393216K, used 30971K [0x00000000e8000000, 0x0000000100000000, 0x0000000100000000)
 Metaspace       used 30943K, capacity 31679K, committed 31920K, reserved 1077248K
  class space    used 3513K, capacity 3745K, committed 3760K, reserved 1048576K
2018-06-19T12:08:39.126+0200: 18,169: [GC (Allocation Failure) 2018-06-19T12:08:39.126+0200: 18,169: [ParNew
Desired survivor size 20112992 bytes, new threshold 8 (max 8)
- age   1:    1768664 bytes,    1768664 total
- age   2:    1276152 bytes,    3044816 total
- age   3:     985248 bytes,    4030064 total
- age   4:    1080488 bytes,    5110552 total
- age   5:     845480 bytes,    5956032 total
- age   6:     355080 bytes,    6311112 total
- age   7:     383520 bytes,    6694632 total
- age   8:     168640 bytes,    6863272 total
: 94325K->8566K(109248K), 0,0088207 secs] 125297K->39643K(502464K), 0,0089107 secs] [Times: user=0,02 sys=0,00, real=0,01 secs] 
Heap after GC invocations=20 (full 1):
 par new generation   total 109248K, used 8566K [0x00000000e0000000, 0x00000000e8000000, 0x00000000e8000000)
  eden space 87424K,   0% used [0x00000000e0000000, 0x00000000e0000000, 0x00000000e5560000)
  from space 21824K,  39% used [0x00000000e5560000, 0x00000000e5dbda88, 0x00000000e6ab0000)
  to   space 21824K,   0% used [0x00000000e6ab0000, 0x00000000e6ab0000, 0x00000000e8000000)
 concurrent mark-sweep generation total 393216K, used 31077K [0x00000000e8000000, 0x0000000100000000, 0x0000000100000000)
 Metaspace       used 30943K, capacity 31679K, committed 31920K, reserved 1077248K
  class space    used 3513K, capacity 3745K, committed 3760K, reserved 1048576K
}
2018-06-19T12:08:39.135+0200: 18,178: Total time for which application threads were stopped: 0,0091130 seconds, Stopping threads took: 0,0000291 seconds
{Heap before GC invocations=20 (full 1):
 par new generation   total 109248K, used 95990K [0x00000000e0000000, 0x00000000e8000000, 0x00000000e8000000)
  eden space 87424K, 100% used [0x00000000e0000000, 0x00000000e5560000, 0x00000000e5560000)
  from space 21824K,  39% used [0x00000000e5560000, 0x00000000e5dbda88, 0x00000000e6ab0000)
  to   space 21824K,   0% used [0x00000000e6ab0000, 0x00000000e6ab0000, 0x00000000e8000000)
 concurrent mark-sweep generation total 393216K, used 31077K [0x00000000e8000000, 0x0000000100000000, 0x0000000100000000)
 Metaspace       used 30945K, capacity 31679K, committed 31920K, reserved 1077248K
  class space    used 3513K, capacity 3745K, committed 3760K, reserved 1048576K
2018-06-19T12:08:39.250+0200: 18,293: [GC (Allocation Failure) 2018-06-19T12:08:39.250+0200: 18,293: [ParNew
Desired survivor size 20112992 bytes, new threshold 8 (max 8)
- age   1:    2072888 bytes,    2072888 total
- age   2:     888256 bytes,    2961144 total
- age   3:    1273976 bytes,    4235120 total
- age   4:     886008 bytes,    5121128 total
- age   5:    1079864 bytes,    6200992 total
- age   6:     845120 bytes,    7046112 total
- age   7:     355008 bytes,    7401120 total
- age   8:     383184 bytes,    7784304 total
: 95990K->10929K(109248K), 0,0072043 secs] 127067K->42171K(502464K), 0,0072860 secs] [Times: user=0,03 sys=0,00, real=0,01 secs] 
Heap after GC invocations=21 (full 1):
 par new generation   total 109248K, used 10929K [0x00000000e0000000, 0x00000000e8000000, 0x00000000e8000000)
  eden space 87424K,   0% used [0x00000000e0000000, 0x00000000e0000000, 0x00000000e5560000)
  from space 21824K,  50% used [0x00000000e6ab0000, 0x00000000e755c530, 0x00000000e8000000)
  to   space 21824K,   0% used [0x00000000e5560000, 0x00000000e5560000, 0x00000000e6ab0000)
 concurrent mark-sweep generation total 393216K, used 31242K [0x00000000e8000000, 0x0000000100000000, 0x0000000100000000)
 Metaspace       used 30945K, capacity 31679K, committed 31920K, reserved 1077248K
  class space    used 3513K, capacity 3745K, committed 3760K, reserved 1048576K
}
2018-06-19T12:08:39.258+0200: 18,301: Total time for which application threads were stopped: 0,0075371 seconds, Stopping threads took: 0,0000515 seconds
2018-06-19T12:08:39.270+0200: 18,313: Total time for which application threads were stopped: 0,0015234 seconds, Stopping threads took: 0,0013868 seconds
2018-06-19T12:08:39.304+0200: 18,347: Total time for which application threads were stopped: 0,0027922 seconds, Stopping threads took: 0,0026831 seconds
2018-06-19T12:08:39.304+0200: 18,347: Total time for which application threads were stopped: 0,0001271 seconds, Stopping threads took: 0,0000362 seconds
2018-06-19T12:08:39.316+0200: 18,359: Total time for which application threads were stopped: 0,0001573 seconds, Stopping threads took: 0,0000548 seconds
2018-06-19T12:08:39.336+0200: 18,379: Total time for which application threads were stopped: 0,0028947 seconds, Stopping threads took: 0,0027872 seconds
2018-06-19T12:08:39.343+0200: 18,385: Total time for which application threads were stopped: 0,0001731 seconds, Stopping threads took: 0,0000649 seconds
2018-06-19T12:08:39.343+0200: 18,386: Total time for which application threads were stopped: 0,0000953 seconds, Stopping threads took: 0,0000352 seconds
{Heap before GC invocations=21 (full 1):
 par new generation   total 109248K, used 98353K [0x00000000e0000000, 0x00000000e8000000, 0x00000000e8000000)
  eden space 87424K, 100% used [0x00000000e0000000, 0x00000000e5560000, 0x00000000e5560000)
  from space 21824K,  50% used [0x00000000e6ab0000, 0x00000000e755c530, 0x00000000e8000000)
  to   space 21824K,   0% used [0x00000000e5560000, 0x00000000e5560000, 0x00000000e6ab0000)
 concurrent mark-sweep generation total 393216K, used 31242K [0x00000000e8000000, 0x0000000100000000, 0x0000000100000000)
 Metaspace       used 30966K, capacity 31679K, committed 31920K, reserved 1077248K
  class space    used 3513K, capacity 3745K, committed 3760K, reserved 1048576K
2018-06-19T12:08:39.427+0200: 18,470: [GC (Allocation Failure) 2018-06-19T12:08:39.428+0200: 18,471: [ParNew
Desired survivor size 20112992 bytes, new threshold 8 (max 8)
- age   1:    1766944 bytes,    1766944 total
- age   2:    1934336 bytes,    3701280 total
- age   3:     831112 bytes,    4532392 total
- age   4:    1217768 bytes,    5750160 total
- age   5:     829056 bytes,    6579216 total
- age   6:    1014928 bytes,    7594144 total
- age   7:     791664 bytes,    8385808 total
- age   8:     295680 bytes,    8681488 total
: 98353K->11028K(109248K), 0,0213584 secs] 129595K->42645K(502464K), 0,0217339 secs] [Times: user=0,08 sys=0,00, real=0,02 secs] 
Heap after GC invocations=22 (full 1):
 par new generation   total 109248K, used 11028K [0x00000000e0000000, 0x00000000e8000000, 0x00000000e8000000)
  eden space 87424K,   0% used [0x00000000e0000000, 0x00000000e0000000, 0x00000000e5560000)
  from space 21824K,  50% used [0x00000000e5560000, 0x00000000e60252b0, 0x00000000e6ab0000)
  to   space 21824K,   0% used [0x00000000e6ab0000, 0x00000000e6ab0000, 0x00000000e8000000)
 concurrent mark-sweep generation total 393216K, used 31616K [0x00000000e8000000, 0x0000000100000000, 0x0000000100000000)
 Metaspace       used 30966K, capacity 31679K, committed 31920K, reserved 1077248K
  class space    used 3513K, capacity 3745K, committed 3760K, reserved 1048576K
}
2018-06-19T12:08:39.449+0200: 18,492: Total time for which application threads were stopped: 0,0256464 seconds, Stopping threads took: 0,0036476 seconds
{Heap before GC invocations=22 (full 1):
 par new generation   total 109248K, used 98452K [0x00000000e0000000, 0x00000000e8000000, 0x00000000e8000000)
  eden space 87424K, 100% used [0x00000000e0000000, 0x00000000e5560000, 0x00000000e5560000)
  from space 21824K,  50% used [0x00000000e5560000, 0x00000000e60252b0, 0x00000000e6ab0000)
  to   space 21824K,   0% used [0x00000000e6ab0000, 0x00000000e6ab0000, 0x00000000e8000000)
 concurrent mark-sweep generation total 393216K, used 31616K [0x00000000e8000000, 0x0000000100000000, 0x0000000100000000)
 Metaspace       used 30980K, capacity 31743K, committed 31920K, reserved 1077248K
  class space    used 3513K, capacity 3745K, committed 3760K, reserved 1048576K
2018-06-19T12:08:39.574+0200: 18,616: [GC (Allocation Failure) 2018-06-19T12:08:39.574+0200: 18,617: [ParNew
Desired survivor size 20112992 bytes, new threshold 8 (max 8)
- age   1:    1518776 bytes,    1518776 total
- age   2:    1340480 bytes,    2859256 total
- age   3:    1934336 bytes,    4793592 total
- age   4:     831112 bytes,    5624704 total
- age   5:    1217768 bytes,    6842472 total
- age   6:     829056 bytes,    7671528 total
- age   7:    1014880 bytes,    8686408 total
- age   8:     791384 bytes,    9477792 total
: 98452K->11770K(109248K), 0,0209350 secs] 130069K->43676K(502464K), 0,0210266 secs] [Times: user=0,08 sys=0,01, real=0,02 secs] 
Heap after GC invocations=23 (full 1):
 par new generation   total 109248K, used 11770K [0x00000000e0000000, 0x00000000e8000000, 0x00000000e8000000)
  eden space 87424K,   0% used [0x00000000e0000000, 0x00000000e0000000, 0x00000000e5560000)
  from space 21824K,  53% used [0x00000000e6ab0000, 0x00000000e762ebc8, 0x00000000e8000000)
  to   space 21824K,   0% used [0x00000000e5560000, 0x00000000e5560000, 0x00000000e6ab0000)
 concurrent mark-sweep generation total 393216K, used 31905K [0x00000000e8000000, 0x0000000100000000, 0x0000000100000000)
 Metaspace       used 30980K, capacity 31743K, committed 31920K, reserved 1077248K
  class space    used 3513K, capacity 3745K, committed 3760K, reserved 1048576K
}
2018-06-19T12:08:39.595+0200: 18,638: Total time for which application threads were stopped: 0,0212782 seconds, Stopping threads took: 0,0000423 seconds
{Heap before GC invocations=23 (full 1):
 par new generation   total 109248K, used 99194K [0x00000000e0000000, 0x00000000e8000000, 0x00000000e8000000)
  eden space 87424K, 100% used [0x00000000e0000000, 0x00000000e5560000, 0x00000000e5560000)
  from space 21824K,  53% used [0x00000000e6ab0000, 0x00000000e762ebc8, 0x00000000e8000000)
  to   space 21824K,   0% used [0x00000000e5560000, 0x00000000e5560000, 0x00000000e6ab0000)
 concurrent mark-sweep generation total 393216K, used 31905K [0x00000000e8000000, 0x0000000100000000, 0x0000000100000000)
 Metaspace       used 30988K, capacity 31743K, committed 31920K, reserved 1077248K
  class space    used 3513K, capacity 3745K, committed 3760K, reserved 1048576K
2018-06-19T12:08:39.710+0200: 18,753: [GC (Allocation Failure) 2018-06-19T12:08:39.710+0200: 18,753: [ParNew
Desired survivor size 20112992 bytes, new threshold 8 (max 8)
- age   1:    1246144 bytes,    1246144 total
- age   2:    1045592 bytes,    2291736 total
- age   3:    1368824 bytes,    3660560 total
- age   4:    1754672 bytes,    5415232 total
- age   5:     650992 bytes,    6066224 total
- age   6:    1040384 bytes,    7106608 total
- age   7:     649240 bytes,    7755848 total
- age   8:     852544 bytes,    8608392 total
: 99194K->12017K(109248K), 0,0194357 secs] 131100K->44537K(502464K), 0,0195178 secs] [Times: user=0,07 sys=0,00, real=0,02 secs] 
Heap after GC invocations=24 (full 1):
 par new generation   total 109248K, used 12017K [0x00000000e0000000, 0x00000000e8000000, 0x00000000e8000000)
  eden space 87424K,   0% used [0x00000000e0000000, 0x00000000e0000000, 0x00000000e5560000)
  from space 21824K,  55% used [0x00000000e5560000, 0x00000000e611c710, 0x00000000e6ab0000)
  to   space 21824K,   0% used [0x00000000e6ab0000, 0x00000000e6ab0000, 0x00000000e8000000)
 concurrent mark-sweep generation total 393216K, used 32519K [0x00000000e8000000, 0x0000000100000000, 0x0000000100000000)
 Metaspace       used 30988K, capacity 31743K, committed 31920K, reserved 1077248K
  class space    used 3513K, capacity 3745K, committed 3760K, reserved 1048576K
}
2018-06-19T12:08:39.730+0200: 18,773: Total time for which application threads were stopped: 0,0210733 seconds, Stopping threads took: 0,0013382 seconds
{Heap before GC invocations=24 (full 1):
 par new generation   total 109248K, used 99441K [0x00000000e0000000, 0x00000000e8000000, 0x00000000e8000000)
  eden space 87424K, 100% used [0x00000000e0000000, 0x00000000e5560000, 0x00000000e5560000)
  from space 21824K,  55% used [0x00000000e5560000, 0x00000000e611c710, 0x00000000e6ab0000)
  to   space 21824K,   0% used [0x00000000e6ab0000, 0x00000000e6ab0000, 0x00000000e8000000)
 concurrent mark-sweep generation total 393216K, used 32519K [0x00000000e8000000, 0x0000000100000000, 0x0000000100000000)
 Metaspace       used 30995K, capacity 31743K, committed 31920K, reserved 1077248K
  class space    used 3513K, capacity 3745K, committed 3760K, reserved 1048576K
2018-06-19T12:08:39.827+0200: 18,869: [GC (Allocation Failure) 2018-06-19T12:08:39.827+0200: 18,869: [ParNew
Desired survivor size 20112992 bytes, new threshold 8 (max 8)
- age   1:    1778528 bytes,    1778528 total
- age   2:     737376 bytes,    2515904 total
- age   3:     884584 bytes,    3400488 total
- age   4:    1086008 bytes,    4486496 total
- age   5:    1754672 bytes,    6241168 total
- age   6:     650992 bytes,    6892160 total
- age   7:    1040336 bytes,    7932496 total
- age   8:     648960 bytes,    8581456 total
: 99441K->10262K(109248K), 0,0162316 secs] 131961K->43610K(502464K), 0,0163225 secs] [Times: user=0,06 sys=0,00, real=0,01 secs] 
Heap after GC invocations=25 (full 1):
 par new generation   total 109248K, used 10262K [0x00000000e0000000, 0x00000000e8000000, 0x00000000e8000000)
  eden space 87424K,   0% used [0x00000000e0000000, 0x00000000e0000000, 0x00000000e5560000)
  from space 21824K,  47% used [0x00000000e6ab0000, 0x00000000e74b5b80, 0x00000000e8000000)
  to   space 21824K,   0% used [0x00000000e5560000, 0x00000000e5560000, 0x00000000e6ab0000)
 concurrent mark-sweep generation total 393216K, used 33348K [0x00000000e8000000, 0x0000000100000000, 0x0000000100000000)
 Metaspace       used 30995K, capacity 31743K, committed 31920K, reserved 1077248K
  class space    used 3513K, capacity 3745K, committed 3760K, reserved 1048576K
}
2018-06-19T12:08:39.843+0200: 18,886: Total time for which application threads were stopped: 0,0165618 seconds, Stopping threads took: 0,0000404 seconds
{Heap before GC invocations=25 (full 1):
 par new generation   total 109248K, used 97661K [0x00000000e0000000, 0x00000000e8000000, 0x00000000e8000000)
  eden space 87424K,  99% used [0x00000000e0000000, 0x00000000e5559b88, 0x00000000e5560000)
  from space 21824K,  47% used [0x00000000e6ab0000, 0x00000000e74b5b80, 0x00000000e8000000)
  to   space 21824K,   0% used [0x00000000e5560000, 0x00000000e5560000, 0x00000000e6ab0000)
 concurrent mark-sweep generation total 393216K, used 33348K [0x00000000e8000000, 0x0000000100000000, 0x0000000100000000)
 Metaspace       used 31000K, capacity 31743K, committed 31920K, reserved 1077248K
  class space    used 3513K, capacity 3745K, committed 3760K, reserved 1048576K
2018-06-19T12:08:39.937+0200: 18,979: [GC (Allocation Failure) 2018-06-19T12:08:39.937+0200: 18,980: [ParNew
Desired survivor size 20112992 bytes, new threshold 8 (max 8)
- age   1:    1840264 bytes,    1840264 total
- age   2:    1128032 bytes,    2968296 total
- age   3:     736848 bytes,    3705144 total
- age   4:     785440 bytes,    4490584 total
- age   5:    1084952 bytes,    5575536 total
- age   6:    1754672 bytes,    7330208 total
- age   7:     650944 bytes,    7981152 total
- age   8:    1040104 bytes,    9021256 total
: 97661K->13223K(109248K), 0,0079927 secs] 131009K->47205K(502464K), 0,0080755 secs] [Times: user=0,02 sys=0,00, real=0,01 secs] 
Heap after GC invocations=26 (full 1):
 par new generation   total 109248K, used 13223K [0x00000000e0000000, 0x00000000e8000000, 0x00000000e8000000)
  eden space 87424K,   0% used [0x00000000e0000000, 0x00000000e0000000, 0x00000000e5560000)
  from space 21824K,  60% used [0x00000000e5560000, 0x00000000e6249f48, 0x00000000e6ab0000)
  to   space 21824K,   0% used [0x00000000e6ab0000, 0x00000000e6ab0000, 0x00000000e8000000)
 concurrent mark-sweep generation total 393216K, used 33981K [0x00000000e8000000, 0x0000000100000000, 0x0000000100000000)
 Metaspace       used 31000K, capacity 31743K, committed 31920K, reserved 1077248K
  class space    used 3513K, capacity 3745K, committed 3760K, reserved 1048576K
}
2018-06-19T12:08:39.945+0200: 18,988: Total time for which application threads were stopped: 0,0083007 seconds, Stopping threads took: 0,0000336 seconds
{Heap before GC invocations=26 (full 1):
 par new generation   total 109248K, used 100647K [0x00000000e0000000, 0x00000000e8000000, 0x00000000e8000000)
  eden space 87424K, 100% used [0x00000000e0000000, 0x00000000e5560000, 0x00000000e5560000)
  from space 21824K,  60% used [0x00000000e5560000, 0x00000000e6249f48, 0x00000000e6ab0000)
  to   space 21824K,   0% used [0x00000000e6ab0000, 0x00000000e6ab0000, 0x00000000e8000000)
 concurrent mark-sweep generation total 393216K, used 33981K [0x00000000e8000000, 0x0000000100000000, 0x0000000100000000)
 Metaspace       used 31001K, capacity 31743K, committed 31920K, reserved 1077248K
  class space    used 3513K, capacity 3745K, committed 3760K, reserved 1048576K
2018-06-19T12:08:40.008+0200: 19,051: [GC (Allocation Failure) 2018-06-19T12:08:40.009+0200: 19,051: [ParNew
Desired survivor size 20112992 bytes, new threshold 8 (max 8)
- age   1:    1979280 bytes,    1979280 total
- age   2:    1064160 bytes,    3043440 total
- age   3:    1027336 bytes,    4070776 total
- age   4:     735912 bytes,    4806688 total
- age   5:     784696 bytes,    5591384 total
- age   6:    1084136 bytes,    6675520 total
- age   7:    1754624 bytes,    8430144 total
- age   8:     650712 bytes,    9080856 total
: 100647K->11675K(109248K), 0,0203166 secs] 134629K->46672K(502464K), 0,0204033 secs] [Times: user=0,06 sys=0,00, real=0,02 secs] 
Heap after GC invocations=27 (full 1):
 par new generation   total 109248K, used 11675K [0x00000000e0000000, 0x00000000e8000000, 0x00000000e8000000)
  eden space 87424K,   0% used [0x00000000e0000000, 0x00000000e0000000, 0x00000000e5560000)
  from space 21824K,  53% used [0x00000000e6ab0000, 0x00000000e7616d00, 0x00000000e8000000)
  to   space 21824K,   0% used [0x00000000e5560000, 0x00000000e5560000, 0x00000000e6ab0000)
 concurrent mark-sweep generation total 393216K, used 34997K [0x00000000e8000000, 0x0000000100000000, 0x0000000100000000)
 Metaspace       used 31001K, capacity 31743K, committed 31920K, reserved 1077248K
  class space    used 3513K, capacity 3745K, committed 3760K, reserved 1048576K
}
2018-06-19T12:08:40.029+0200: 19,072: Total time for which application threads were stopped: 0,0206163 seconds, Stopping threads took: 0,0000343 seconds
{Heap before GC invocations=27 (full 1):
 par new generation   total 109248K, used 99094K [0x00000000e0000000, 0x00000000e8000000, 0x00000000e8000000)
  eden space 87424K,  99% used [0x00000000e0000000, 0x00000000e555edb8, 0x00000000e5560000)
  from space 21824K,  53% used [0x00000000e6ab0000, 0x00000000e7616d00, 0x00000000e8000000)
  to   space 21824K,   0% used [0x00000000e5560000, 0x00000000e5560000, 0x00000000e6ab0000)
 concurrent mark-sweep generation total 393216K, used 34997K [0x00000000e8000000, 0x0000000100000000, 0x0000000100000000)
 Metaspace       used 31003K, capacity 31743K, committed 31920K, reserved 1077248K
  class space    used 3513K, capacity 3745K, committed 3760K, reserved 1048576K
2018-06-19T12:08:40.100+0200: 19,143: [GC (Allocation Failure) 2018-06-19T12:08:40.100+0200: 19,143: [ParNew
Desired survivor size 20112992 bytes, new threshold 8 (max 8)
- age   1:    1900848 bytes,    1900848 total
- age   2:    1026192 bytes,    2927040 total
- age   3:    1063752 bytes,    3990792 total
- age   4:    1027096 bytes,    5017888 total
- age   5:     735696 bytes,    5753584 total
- age   6:     784432 bytes,    6538016 total
- age   7:    1083848 bytes,    7621864 total
- age   8:    1754392 bytes,    9376256 total
: 99094K->10398K(109248K), 0,0124805 secs] 134092K->46031K(502464K), 0,0125727 secs] [Times: user=0,04 sys=0,00, real=0,02 secs] 
Heap after GC invocations=28 (full 1):
 par new generation   total 109248K, used 10398K [0x00000000e0000000, 0x00000000e8000000, 0x00000000e8000000)
  eden space 87424K,   0% used [0x00000000e0000000, 0x00000000e0000000, 0x00000000e5560000)
  from space 21824K,  47% used [0x00000000e5560000, 0x00000000e5f87b78, 0x00000000e6ab0000)
  to   space 21824K,   0% used [0x00000000e6ab0000, 0x00000000e6ab0000, 0x00000000e8000000)
 concurrent mark-sweep generation total 393216K, used 35632K [0x00000000e8000000, 0x0000000100000000, 0x0000000100000000)
 Metaspace       used 31003K, capacity 31743K, committed 31920K, reserved 1077248K
  class space    used 3513K, capacity 3745K, committed 3760K, reserved 1048576K
}
2018-06-19T12:08:40.113+0200: 19,156: Total time for which application threads were stopped: 0,0128244 seconds, Stopping threads took: 0,0000402 seconds
{Heap before GC invocations=28 (full 1):
 par new generation   total 109248K, used 97822K [0x00000000e0000000, 0x00000000e8000000, 0x00000000e8000000)
  eden space 87424K, 100% used [0x00000000e0000000, 0x00000000e5560000, 0x00000000e5560000)
  from space 21824K,  47% used [0x00000000e5560000, 0x00000000e5f87b78, 0x00000000e6ab0000)
  to   space 21824K,   0% used [0x00000000e6ab0000, 0x00000000e6ab0000, 0x00000000e8000000)
 concurrent mark-sweep generation total 393216K, used 35632K [0x00000000e8000000, 0x0000000100000000, 0x0000000100000000)
 Metaspace       used 31009K, capacity 31749K, committed 31920K, reserved 1077248K
  class space    used 3513K, capacity 3746K, committed 3760K, reserved 1048576K
2018-06-19T12:08:40.214+0200: 19,257: [GC (Allocation Failure) 2018-06-19T12:08:40.214+0200: 19,257: [ParNew
Desired survivor size 20112992 bytes, new threshold 8 (max 8)
- age   1:    2439288 bytes,    2439288 total
- age   2:     867456 bytes,    3306744 total
- age   3:    1028640 bytes,    4335384 total
- age   4:    1066080 bytes,    5401464 total
- age   5:     832816 bytes,    6234280 total
- age   6:     737112 bytes,    6971392 total
- age   7:     786400 bytes,    7757792 total
- age   8:    1085752 bytes,    8843544 total
: 97822K->12034K(109248K), 0,0160706 secs] 133455K->49380K(502464K), 0,0161620 secs] [Times: user=0,06 sys=0,01, real=0,01 secs] 
Heap after GC invocations=29 (full 1):
 par new generation   total 109248K, used 12034K [0x00000000e0000000, 0x00000000e8000000, 0x00000000e8000000)
  eden space 87424K,   0% used [0x00000000e0000000, 0x00000000e0000000, 0x00000000e5560000)
  from space 21824K,  55% used [0x00000000e6ab0000, 0x00000000e76708e0, 0x00000000e8000000)
  to   space 21824K,   0% used [0x00000000e5560000, 0x00000000e5560000, 0x00000000e6ab0000)
 concurrent mark-sweep generation total 393216K, used 37346K [0x00000000e8000000, 0x0000000100000000, 0x0000000100000000)
 Metaspace       used 31009K, capacity 31749K, committed 31920K, reserved 1077248K
  class space    used 3513K, capacity 3746K, committed 3760K, reserved 1048576K
}
2018-06-19T12:08:40.230+0200: 19,273: Total time for which application threads were stopped: 0,0164331 seconds, Stopping threads took: 0,0000388 seconds
2018-06-19T12:08:40.271+0200: 19,314: Total time for which application threads were stopped: 0,0001624 seconds, Stopping threads took: 0,0000600 seconds
2018-06-19T12:08:40.328+0200: 19,371: Total time for which application threads were stopped: 0,0015206 seconds, Stopping threads took: 0,0013735 seconds
{Heap before GC invocations=29 (full 1):
 par new generation   total 109248K, used 99458K [0x00000000e0000000, 0x00000000e8000000, 0x00000000e8000000)
  eden space 87424K, 100% used [0x00000000e0000000, 0x00000000e5560000, 0x00000000e5560000)
  from space 21824K,  55% used [0x00000000e6ab0000, 0x00000000e76708e0, 0x00000000e8000000)
  to   space 21824K,   0% used [0x00000000e5560000, 0x00000000e5560000, 0x00000000e6ab0000)
 concurrent mark-sweep generation total 393216K, used 37346K [0x00000000e8000000, 0x0000000100000000, 0x0000000100000000)
 Metaspace       used 31016K, capacity 31749K, committed 31920K, reserved 1077248K
  class space    used 3513K, capacity 3746K, committed 3760K, reserved 1048576K
2018-06-19T12:08:40.331+0200: 19,374: [GC (Allocation Failure) 2018-06-19T12:08:40.332+0200: 19,374: [ParNew
Desired survivor size 20112992 bytes, new threshold 8 (max 8)
- age   1:    1425200 bytes,    1425200 total
- age   2:    2344432 bytes,    3769632 total
- age   3:     864648 bytes,    4634280 total
- age   4:    1023952 bytes,    5658232 total
- age   5:    1063536 bytes,    6721768 total
- age   6:     830312 bytes,    7552080 total
- age   7:     735696 bytes,    8287776 total
- age   8:     784128 bytes,    9071904 total
: 99458K->11780K(109248K), 0,0111092 secs] 136804K->50201K(502464K), 0,0112054 secs] [Times: user=0,04 sys=0,00, real=0,01 secs] 
Heap after GC invocations=30 (full 1):
 par new generation   total 109248K, used 11780K [0x00000000e0000000, 0x00000000e8000000, 0x00000000e8000000)
  eden space 87424K,   0% used [0x00000000e0000000, 0x00000000e0000000, 0x00000000e5560000)
  from space 21824K,  53% used [0x00000000e5560000, 0x00000000e60e10a0, 0x00000000e6ab0000)
  to   space 21824K,   0% used [0x00000000e6ab0000, 0x00000000e6ab0000, 0x00000000e8000000)
 concurrent mark-sweep generation total 393216K, used 38421K [0x00000000e8000000, 0x0000000100000000, 0x0000000100000000)
 Metaspace       used 31016K, capacity 31749K, committed 31920K, reserved 1077248K
  class space    used 3513K, capacity 3746K, committed 3760K, reserved 1048576K
}
2018-06-19T12:08:40.343+0200: 19,386: Total time for which application threads were stopped: 0,0114602 seconds, Stopping threads took: 0,0000606 seconds
2018-06-19T12:08:40.348+0200: 19,391: Total time for which application threads were stopped: 0,0009801 seconds, Stopping threads took: 0,0002912 seconds
2018-06-19T12:08:40.361+0200: 19,404: Total time for which application threads were stopped: 0,0001512 seconds, Stopping threads took: 0,0000633 seconds
2018-06-19T12:08:40.386+0200: 19,429: Total time for which application threads were stopped: 0,0000973 seconds, Stopping threads took: 0,0000328 seconds
2018-06-19T12:08:40.390+0200: 19,433: Total time for which application threads were stopped: 0,0000981 seconds, Stopping threads took: 0,0000270 seconds
2018-06-19T12:08:40.390+0200: 19,433: Total time for which application threads were stopped: 0,0000600 seconds, Stopping threads took: 0,0000211 seconds
2018-06-19T12:08:40.590+0200: 19,633: Total time for which application threads were stopped: 0,0002447 seconds, Stopping threads took: 0,0000622 seconds
2018-06-19T12:08:40.591+0200: 19,634: Total time for which application threads were stopped: 0,0001280 seconds, Stopping threads took: 0,0000471 seconds
2018-06-19T12:08:40.592+0200: 19,635: Total time for which application threads were stopped: 0,0002263 seconds, Stopping threads took: 0,0000276 seconds
2018-06-19T12:08:40.604+0200: 19,647: Total time for which application threads were stopped: 0,0001486 seconds, Stopping threads took: 0,0000539 seconds
2018-06-19T12:08:40.604+0200: 19,647: Total time for which application threads were stopped: 0,0001005 seconds, Stopping threads took: 0,0000277 seconds
2018-06-19T12:08:40.604+0200: 19,647: Total time for which application threads were stopped: 0,0000777 seconds, Stopping threads took: 0,0000239 seconds
2018-06-19T12:08:40.605+0200: 19,647: Total time for which application threads were stopped: 0,0000736 seconds, Stopping threads took: 0,0000230 seconds
2018-06-19T12:08:40.605+0200: 19,648: Total time for which application threads were stopped: 0,0000666 seconds, Stopping threads took: 0,0000245 seconds
2018-06-19T12:08:40.605+0200: 19,648: Total time for which application threads were stopped: 0,0000696 seconds, Stopping threads took: 0,0000212 seconds
2018-06-19T12:08:40.605+0200: 19,648: Total time for which application threads were stopped: 0,0000679 seconds, Stopping threads took: 0,0000260 seconds
2018-06-19T12:08:40.605+0200: 19,648: Total time for which application threads were stopped: 0,0000655 seconds, Stopping threads took: 0,0000201 seconds
2018-06-19T12:08:40.605+0200: 19,648: Total time for which application threads were stopped: 0,0000649 seconds, Stopping threads took: 0,0000247 seconds
2018-06-19T12:08:40.621+0200: 19,664: Total time for which application threads were stopped: 0,0001649 seconds, Stopping threads took: 0,0000626 seconds
2018-06-19T12:08:40.621+0200: 19,664: Total time for which application threads were stopped: 0,0000933 seconds, Stopping threads took: 0,0000353 seconds
2018-06-19T12:08:40.621+0200: 19,664: Total time for which application threads were stopped: 0,0000830 seconds, Stopping threads took: 0,0000291 seconds
2018-06-19T12:08:40.621+0200: 19,664: Total time for which application threads were stopped: 0,0000757 seconds, Stopping threads took: 0,0000257 seconds
2018-06-19T12:08:41.077+0200: 20,120: Total time for which application threads were stopped: 0,0002040 seconds, Stopping threads took: 0,0000513 seconds
2018-06-19T12:08:41.078+0200: 20,120: Total time for which application threads were stopped: 0,0000755 seconds, Stopping threads took: 0,0000276 seconds
2018-06-19T12:08:41.078+0200: 20,121: Total time for which application threads were stopped: 0,0001030 seconds, Stopping threads took: 0,0000335 seconds
2018-06-19T12:08:41.078+0200: 20,121: Total time for which application threads were stopped: 0,0001697 seconds, Stopping threads took: 0,0000551 seconds
2018-06-19T12:08:41.082+0200: 20,125: Total time for which application threads were stopped: 0,0001143 seconds, Stopping threads took: 0,0000314 seconds
2018-06-19T12:08:42.082+0200: 21,125: Total time for which application threads were stopped: 0,0001250 seconds, Stopping threads took: 0,0000295 seconds
2018-06-19T12:08:45.700+0200: 24,743: Total time for which application threads were stopped: 0,0005821 seconds, Stopping threads took: 0,0000186 seconds
2018-06-19T12:08:45.701+0200: 24,744: Total time for which application threads were stopped: 0,0006538 seconds, Stopping threads took: 0,0000303 seconds
2018-06-19T12:08:45.709+0200: 24,752: Total time for which application threads were stopped: 0,0001107 seconds, Stopping threads took: 0,0000369 seconds
2018-06-19T12:08:45.720+0200: 24,763: Total time for which application threads were stopped: 0,0001369 seconds, Stopping threads took: 0,0000531 seconds
2018-06-19T12:08:45.729+0200: 24,772: Total time for which application threads were stopped: 0,0076584 seconds, Stopping threads took: 0,0074783 seconds
2018-06-19T12:08:45.735+0200: 24,778: Total time for which application threads were stopped: 0,0011743 seconds, Stopping threads took: 0,0007560 seconds
2018-06-19T12:08:45.737+0200: 24,780: Total time for which application threads were stopped: 0,0001206 seconds, Stopping threads took: 0,0000519 seconds
2018-06-19T12:08:45.741+0200: 24,784: Total time for which application threads were stopped: 0,0002579 seconds, Stopping threads took: 0,0000996 seconds
2018-06-19T12:08:45.741+0200: 24,784: Total time for which application threads were stopped: 0,0001838 seconds, Stopping threads took: 0,0000630 seconds
2018-06-19T12:08:45.741+0200: 24,784: Total time for which application threads were stopped: 0,0000674 seconds, Stopping threads took: 0,0000233 seconds
2018-06-19T12:08:45.741+0200: 24,784: Total time for which application threads were stopped: 0,0000448 seconds, Stopping threads took: 0,0000090 seconds
2018-06-19T12:08:45.741+0200: 24,784: Total time for which application threads were stopped: 0,0000430 seconds, Stopping threads took: 0,0000062 seconds
2018-06-19T12:08:45.741+0200: 24,784: Total time for which application threads were stopped: 0,0000429 seconds, Stopping threads took: 0,0000077 seconds
2018-06-19T12:08:45.741+0200: 24,784: Total time for which application threads were stopped: 0,0000429 seconds, Stopping threads took: 0,0000081 seconds
2018-06-19T12:08:45.742+0200: 24,784: Total time for which application threads were stopped: 0,0000450 seconds, Stopping threads took: 0,0000062 seconds
2018-06-19T12:08:45.742+0200: 24,785: Total time for which application threads were stopped: 0,0000409 seconds, Stopping threads took: 0,0000059 seconds
2018-06-19T12:08:45.742+0200: 24,785: Total time for which application threads were stopped: 0,0000441 seconds, Stopping threads took: 0,0000060 seconds
2018-06-19T12:08:45.743+0200: 24,786: Total time for which application threads were stopped: 0,0000819 seconds, Stopping threads took: 0,0000139 seconds
2018-06-19T12:08:45.743+0200: 24,786: Total time for which application threads were stopped: 0,0000476 seconds, Stopping threads took: 0,0000063 seconds
2018-06-19T12:08:45.744+0200: 24,787: Total time for which application threads were stopped: 0,0001016 seconds, Stopping threads took: 0,0000402 seconds
2018-06-19T12:08:45.760+0200: 24,803: Total time for which application threads were stopped: 0,0037118 seconds, Stopping threads took: 0,0035712 seconds
2018-06-19T12:08:45.760+0200: 24,803: Total time for which application threads were stopped: 0,0005254 seconds, Stopping threads took: 0,0001194 seconds
2018-06-19T12:08:45.766+0200: 24,809: Total time for which application threads were stopped: 0,0003276 seconds, Stopping threads took: 0,0001364 seconds
2018-06-19T12:08:45.767+0200: 24,810: Total time for which application threads were stopped: 0,0002933 seconds, Stopping threads took: 0,0000883 seconds
2018-06-19T12:08:45.768+0200: 24,811: Total time for which application threads were stopped: 0,0002178 seconds, Stopping threads took: 0,0001543 seconds
2018-06-19T12:08:45.770+0200: 24,813: Total time for which application threads were stopped: 0,0001137 seconds, Stopping threads took: 0,0000418 seconds
2018-06-19T12:08:45.773+0200: 24,815: Total time for which application threads were stopped: 0,0001273 seconds, Stopping threads took: 0,0000465 seconds
2018-06-19T12:08:45.776+0200: 24,819: Total time for which application threads were stopped: 0,0001662 seconds, Stopping threads took: 0,0000495 seconds
2018-06-19T12:08:45.777+0200: 24,819: Total time for which application threads were stopped: 0,0002475 seconds, Stopping threads took: 0,0000884 seconds
2018-06-19T12:08:45.777+0200: 24,820: Total time for which application threads were stopped: 0,0001794 seconds, Stopping threads took: 0,0000689 seconds
2018-06-19T12:08:45.777+0200: 24,820: Total time for which application threads were stopped: 0,0001973 seconds, Stopping threads took: 0,0000511 seconds
2018-06-19T12:08:45.778+0200: 24,821: Total time for which application threads were stopped: 0,0006330 seconds, Stopping threads took: 0,0000515 seconds
2018-06-19T12:08:45.778+0200: 24,821: Total time for which application threads were stopped: 0,0001015 seconds, Stopping threads took: 0,0000229 seconds
2018-06-19T12:08:45.778+0200: 24,821: Total time for which application threads were stopped: 0,0000985 seconds, Stopping threads took: 0,0000253 seconds
2018-06-19T12:08:45.779+0200: 24,822: Total time for which application threads were stopped: 0,0001035 seconds, Stopping threads took: 0,0000352 seconds
2018-06-19T12:08:45.779+0200: 24,822: Total time for which application threads were stopped: 0,0002087 seconds, Stopping threads took: 0,0000131 seconds
2018-06-19T12:08:45.783+0200: 24,825: Total time for which application threads were stopped: 0,0005437 seconds, Stopping threads took: 0,0001674 seconds
2018-06-19T12:08:45.783+0200: 24,826: Total time for which application threads were stopped: 0,0003148 seconds, Stopping threads took: 0,0001330 seconds
2018-06-19T12:08:45.784+0200: 24,827: Total time for which application threads were stopped: 0,0003656 seconds, Stopping threads took: 0,0002062 seconds
2018-06-19T12:08:45.785+0200: 24,828: Total time for which application threads were stopped: 0,0004036 seconds, Stopping threads took: 0,0002905 seconds
2018-06-19T12:08:45.785+0200: 24,828: Total time for which application threads were stopped: 0,0000687 seconds, Stopping threads took: 0,0000313 seconds
2018-06-19T12:08:45.785+0200: 24,828: Total time for which application threads were stopped: 0,0000396 seconds, Stopping threads took: 0,0000169 seconds
2018-06-19T12:08:45.787+0200: 24,830: Total time for which application threads were stopped: 0,0001640 seconds, Stopping threads took: 0,0000589 seconds
2018-06-19T12:08:45.788+0200: 24,831: Total time for which application threads were stopped: 0,0000830 seconds, Stopping threads took: 0,0000259 seconds
2018-06-19T12:08:45.789+0200: 24,832: Total time for which application threads were stopped: 0,0000971 seconds, Stopping threads took: 0,0000440 seconds
2018-06-19T12:08:45.789+0200: 24,832: Total time for which application threads were stopped: 0,0000424 seconds, Stopping threads took: 0,0000171 seconds
2018-06-19T12:08:45.789+0200: 24,832: Total time for which application threads were stopped: 0,0000547 seconds, Stopping threads took: 0,0000209 seconds
2018-06-19T12:08:45.789+0200: 24,832: Total time for which application threads were stopped: 0,0000442 seconds, Stopping threads took: 0,0000157 seconds
2018-06-19T12:08:45.792+0200: 24,835: Total time for which application threads were stopped: 0,0001278 seconds, Stopping threads took: 0,0000260 seconds
2018-06-19T12:08:45.792+0200: 24,835: Total time for which application threads were stopped: 0,0000862 seconds, Stopping threads took: 0,0000322 seconds
2018-06-19T12:08:45.792+0200: 24,835: Total time for which application threads were stopped: 0,0000677 seconds, Stopping threads took: 0,0000255 seconds
2018-06-19T12:08:45.792+0200: 24,835: Total time for which application threads were stopped: 0,0000590 seconds, Stopping threads took: 0,0000257 seconds
2018-06-19T12:08:45.792+0200: 24,835: Total time for which application threads were stopped: 0,0000538 seconds, Stopping threads took: 0,0000213 seconds
2018-06-19T12:08:45.793+0200: 24,835: Total time for which application threads were stopped: 0,0000564 seconds, Stopping threads took: 0,0000226 seconds
2018-06-19T12:08:45.794+0200: 24,837: Total time for which application threads were stopped: 0,0000905 seconds, Stopping threads took: 0,0000237 seconds
2018-06-19T12:08:45.795+0200: 24,838: Total time for which application threads were stopped: 0,0000703 seconds, Stopping threads took: 0,0000261 seconds
2018-06-19T12:08:45.796+0200: 24,839: Total time for which application threads were stopped: 0,0001356 seconds, Stopping threads took: 0,0000554 seconds
2018-06-19T12:08:45.808+0200: 24,851: Total time for which application threads were stopped: 0,0002744 seconds, Stopping threads took: 0,0000672 seconds
Heap
 par new generation   total 109248K, used 99017K [0x00000000e0000000, 0x00000000e8000000, 0x00000000e8000000)
  eden space 87424K,  99% used [0x00000000e0000000, 0x00000000e55314b0, 0x00000000e5560000)
  from space 21824K,  53% used [0x00000000e5560000, 0x00000000e60e10a0, 0x00000000e6ab0000)
  to   space 21824K,   0% used [0x00000000e6ab0000, 0x00000000e6ab0000, 0x00000000e8000000)
 concurrent mark-sweep generation total 393216K, used 38421K [0x00000000e8000000, 0x0000000100000000, 0x0000000100000000)
 Metaspace       used 31161K, capacity 31913K, committed 32176K, reserved 1077248K
  class space    used 3525K, capacity 3748K, committed 3760K, reserved 1048576K
