OpenJDK 64-Bit Server VM (25.171-b11) for linux-amd64 JRE (1.8.0_171-8u171-b11-0ubuntu0.16.04.1-b11), built on Apr 27 2018 17:19:03 by "buildd" with gcc 5.4.0 20160609
Memory: 4k page, physical 7867600k(821056k free), swap 8076284k(8009580k free)
CommandLine flags: -XX:CMSInitiatingOccupancyFraction=50 -XX:CMSMaxAbortablePrecleanTime=6000 -XX:+CMSParallelRemarkEnabled -XX:+CMSScavengeBeforeRemark -XX:ConcGCThreads=4 -XX:InitialHeapSize=536870912 -XX:MaxHeapSize=536870912 -XX:MaxTenuringThreshold=8 -XX:NewRatio=3 -XX:OldPLABSize=16 -XX:OnOutOfMemoryError=/home/gurnoor/workspace/QTM/solr/bin/oom_solr.sh 8983 /home/gurnoor/workspace/QTM/solr/server/logs -XX:ParallelGCThreads=4 -XX:+ParallelRefProcEnabled -XX:PretenureSizeThreshold=67108864 -XX:+PrintGC -XX:+PrintGCApplicationStoppedTime -XX:+PrintGCDateStamps -XX:+PrintGCDetails -XX:+PrintGCTimeStamps -XX:+PrintHeapAtGC -XX:+PrintTenuringDistribution -XX:SurvivorRatio=4 -XX:TargetSurvivorRatio=90 -XX:ThreadStackSize=256 -XX:+UseCMSInitiatingOccupancyOnly -XX:+UseCompressedClassPointers -XX:+UseCompressedOops -XX:+UseConcMarkSweepGC -XX:+UseParNewGC 
2018-06-19T14:57:16.675+0200: 0,119: Total time for which application threads were stopped: 0,0000727 seconds, Stopping threads took: 0,0000140 seconds
2018-06-19T14:57:16.742+0200: 0,186: Total time for which application threads were stopped: 0,0001167 seconds, Stopping threads took: 0,0000201 seconds
2018-06-19T14:57:16.751+0200: 0,196: Total time for which application threads were stopped: 0,0000840 seconds, Stopping threads took: 0,0000161 seconds
2018-06-19T14:57:16.865+0200: 0,310: Total time for which application threads were stopped: 0,0001469 seconds, Stopping threads took: 0,0000189 seconds
2018-06-19T14:57:17.021+0200: 0,465: Total time for which application threads were stopped: 0,0001555 seconds, Stopping threads took: 0,0000142 seconds
2018-06-19T14:57:17.066+0200: 0,511: Total time for which application threads were stopped: 0,0001632 seconds, Stopping threads took: 0,0000233 seconds
2018-06-19T14:57:17.088+0200: 0,533: Total time for which application threads were stopped: 0,0001650 seconds, Stopping threads took: 0,0000232 seconds
2018-06-19T14:57:17.292+0200: 0,736: Total time for which application threads were stopped: 0,0002273 seconds, Stopping threads took: 0,0000224 seconds
2018-06-19T14:57:17.441+0200: 0,885: Total time for which application threads were stopped: 0,0002307 seconds, Stopping threads took: 0,0000291 seconds
2018-06-19T14:57:17.462+0200: 0,906: Total time for which application threads were stopped: 0,0002091 seconds, Stopping threads took: 0,0000436 seconds
2018-06-19T14:57:17.486+0200: 0,930: Total time for which application threads were stopped: 0,0002451 seconds, Stopping threads took: 0,0000293 seconds
2018-06-19T14:57:17.487+0200: 0,932: Total time for which application threads were stopped: 0,0002370 seconds, Stopping threads took: 0,0000277 seconds
2018-06-19T14:57:17.500+0200: 0,944: Total time for which application threads were stopped: 0,0002434 seconds, Stopping threads took: 0,0000284 seconds
2018-06-19T14:57:17.564+0200: 1,009: Total time for which application threads were stopped: 0,0002277 seconds, Stopping threads took: 0,0000211 seconds
2018-06-19T14:57:17.718+0200: 1,162: Total time for which application threads were stopped: 0,0002845 seconds, Stopping threads took: 0,0000226 seconds
{Heap before GC invocations=0 (full 0):
 par new generation   total 109248K, used 87424K [0x00000000e0000000, 0x00000000e8000000, 0x00000000e8000000)
  eden space 87424K, 100% used [0x00000000e0000000, 0x00000000e5560000, 0x00000000e5560000)
  from space 21824K,   0% used [0x00000000e5560000, 0x00000000e5560000, 0x00000000e6ab0000)
  to   space 21824K,   0% used [0x00000000e6ab0000, 0x00000000e6ab0000, 0x00000000e8000000)
 concurrent mark-sweep generation total 393216K, used 0K [0x00000000e8000000, 0x0000000100000000, 0x0000000100000000)
 Metaspace       used 17995K, capacity 18312K, committed 18560K, reserved 1064960K
  class space    used 2031K, capacity 2166K, committed 2176K, reserved 1048576K
2018-06-19T14:57:17.778+0200: 1,223: [GC (Allocation Failure) 2018-06-19T14:57:17.778+0200: 1,223: [ParNew
Desired survivor size 20112992 bytes, new threshold 8 (max 8)
- age   1:   11835632 bytes,   11835632 total
: 87424K->11662K(109248K), 0,0118944 secs] 87424K->11662K(502464K), 0,0119515 secs] [Times: user=0,04 sys=0,00, real=0,01 secs] 
Heap after GC invocations=1 (full 0):
 par new generation   total 109248K, used 11662K [0x00000000e0000000, 0x00000000e8000000, 0x00000000e8000000)
  eden space 87424K,   0% used [0x00000000e0000000, 0x00000000e0000000, 0x00000000e5560000)
  from space 21824K,  53% used [0x00000000e6ab0000, 0x00000000e76138c0, 0x00000000e8000000)
  to   space 21824K,   0% used [0x00000000e5560000, 0x00000000e5560000, 0x00000000e6ab0000)
 concurrent mark-sweep generation total 393216K, used 0K [0x00000000e8000000, 0x0000000100000000, 0x0000000100000000)
 Metaspace       used 17995K, capacity 18312K, committed 18560K, reserved 1064960K
  class space    used 2031K, capacity 2166K, committed 2176K, reserved 1048576K
}
2018-06-19T14:57:17.790+0200: 1,235: Total time for which application threads were stopped: 0,0122496 seconds, Stopping threads took: 0,0000815 seconds
2018-06-19T14:57:18.054+0200: 1,499: Total time for which application threads were stopped: 0,0003925 seconds, Stopping threads took: 0,0000695 seconds
{Heap before GC invocations=1 (full 0):
 par new generation   total 109248K, used 99086K [0x00000000e0000000, 0x00000000e8000000, 0x00000000e8000000)
  eden space 87424K, 100% used [0x00000000e0000000, 0x00000000e5560000, 0x00000000e5560000)
  from space 21824K,  53% used [0x00000000e6ab0000, 0x00000000e76138c0, 0x00000000e8000000)
  to   space 21824K,   0% used [0x00000000e5560000, 0x00000000e5560000, 0x00000000e6ab0000)
 concurrent mark-sweep generation total 393216K, used 0K [0x00000000e8000000, 0x0000000100000000, 0x0000000100000000)
 Metaspace       used 20105K, capacity 20502K, committed 20736K, reserved 1067008K
  class space    used 2299K, capacity 2471K, committed 2560K, reserved 1048576K
2018-06-19T14:57:18.116+0200: 1,561: [GC (Allocation Failure) 2018-06-19T14:57:18.116+0200: 1,561: [ParNew
Desired survivor size 20112992 bytes, new threshold 8 (max 8)
- age   1:    3073680 bytes,    3073680 total
- age   2:    6300840 bytes,    9374520 total
: 99086K->13188K(109248K), 0,0273520 secs] 99086K->13188K(502464K), 0,0274215 secs] [Times: user=0,08 sys=0,00, real=0,03 secs] 
Heap after GC invocations=2 (full 0):
 par new generation   total 109248K, used 13188K [0x00000000e0000000, 0x00000000e8000000, 0x00000000e8000000)
  eden space 87424K,   0% used [0x00000000e0000000, 0x00000000e0000000, 0x00000000e5560000)
  from space 21824K,  60% used [0x00000000e5560000, 0x00000000e6241000, 0x00000000e6ab0000)
  to   space 21824K,   0% used [0x00000000e6ab0000, 0x00000000e6ab0000, 0x00000000e8000000)
 concurrent mark-sweep generation total 393216K, used 0K [0x00000000e8000000, 0x0000000100000000, 0x0000000100000000)
 Metaspace       used 20105K, capacity 20502K, committed 20736K, reserved 1067008K
  class space    used 2299K, capacity 2471K, committed 2560K, reserved 1048576K
}
2018-06-19T14:57:18.144+0200: 1,588: Total time for which application threads were stopped: 0,0284160 seconds, Stopping threads took: 0,0007840 seconds
2018-06-19T14:57:18.149+0200: 1,593: Total time for which application threads were stopped: 0,0004223 seconds, Stopping threads took: 0,0000749 seconds
2018-06-19T14:57:18.190+0200: 1,635: Total time for which application threads were stopped: 0,0003819 seconds, Stopping threads took: 0,0000449 seconds
2018-06-19T14:57:18.324+0200: 1,769: Total time for which application threads were stopped: 0,0001929 seconds, Stopping threads took: 0,0000648 seconds
2018-06-19T14:57:18.372+0200: 1,817: Total time for which application threads were stopped: 0,0001445 seconds, Stopping threads took: 0,0000474 seconds
{Heap before GC invocations=2 (full 0):
 par new generation   total 109248K, used 100644K [0x00000000e0000000, 0x00000000e8000000, 0x00000000e8000000)
  eden space 87424K, 100% used [0x00000000e0000000, 0x00000000e5560000, 0x00000000e5560000)
  from space 21824K,  60% used [0x00000000e5560000, 0x00000000e6249010, 0x00000000e6ab0000)
  to   space 21824K,   0% used [0x00000000e6ab0000, 0x00000000e6ab0000, 0x00000000e8000000)
 concurrent mark-sweep generation total 393216K, used 0K [0x00000000e8000000, 0x0000000100000000, 0x0000000100000000)
 Metaspace       used 21055K, capacity 21424K, committed 21628K, reserved 1069056K
  class space    used 2424K, capacity 2590K, committed 2684K, reserved 1048576K
2018-06-19T14:57:18.375+0200: 1,820: [GC (GCLocker Initiated GC) 2018-06-19T14:57:18.375+0200: 1,820: [ParNew
Desired survivor size 20112992 bytes, new threshold 8 (max 8)
- age   1:    2226560 bytes,    2226560 total
- age   2:     672696 bytes,    2899256 total
- age   3:    6297384 bytes,    9196640 total
: 100644K->10633K(109248K), 0,0142776 secs] 100644K->10633K(502464K), 0,0143635 secs] [Times: user=0,04 sys=0,01, real=0,01 secs] 
Heap after GC invocations=3 (full 0):
 par new generation   total 109248K, used 10633K [0x00000000e0000000, 0x00000000e8000000, 0x00000000e8000000)
  eden space 87424K,   0% used [0x00000000e0000000, 0x00000000e0000000, 0x00000000e5560000)
  from space 21824K,  48% used [0x00000000e6ab0000, 0x00000000e7512680, 0x00000000e8000000)
  to   space 21824K,   0% used [0x00000000e5560000, 0x00000000e5560000, 0x00000000e6ab0000)
 concurrent mark-sweep generation total 393216K, used 0K [0x00000000e8000000, 0x0000000100000000, 0x0000000100000000)
 Metaspace       used 21055K, capacity 21424K, committed 21628K, reserved 1069056K
  class space    used 2424K, capacity 2590K, committed 2684K, reserved 1048576K
}
2018-06-19T14:57:18.389+0200: 1,834: Total time for which application threads were stopped: 0,0172505 seconds, Stopping threads took: 0,0027216 seconds
2018-06-19T14:57:18.398+0200: 1,842: [GC (CMS Initial Mark) [1 CMS-initial-mark: 0K(393216K)] 19757K(502464K), 0,0053646 secs] [Times: user=0,02 sys=0,00, real=0,01 secs] 
2018-06-19T14:57:18.403+0200: 1,848: Total time for which application threads were stopped: 0,0055662 seconds, Stopping threads took: 0,0000773 seconds
2018-06-19T14:57:18.403+0200: 1,848: [CMS-concurrent-mark-start]
2018-06-19T14:57:18.404+0200: 1,848: [CMS-concurrent-mark: 0,001/0,001 secs] [Times: user=0,00 sys=0,00, real=0,00 secs] 
2018-06-19T14:57:18.404+0200: 1,848: [CMS-concurrent-preclean-start]
2018-06-19T14:57:18.405+0200: 1,850: [CMS-concurrent-preclean: 0,001/0,001 secs] [Times: user=0,00 sys=0,00, real=0,00 secs] 
2018-06-19T14:57:18.405+0200: 1,850: [CMS-concurrent-abortable-preclean-start]
2018-06-19T14:57:18.431+0200: 1,875: Total time for which application threads were stopped: 0,0001391 seconds, Stopping threads took: 0,0000332 seconds
{Heap before GC invocations=3 (full 1):
 par new generation   total 109248K, used 98057K [0x00000000e0000000, 0x00000000e8000000, 0x00000000e8000000)
  eden space 87424K, 100% used [0x00000000e0000000, 0x00000000e5560000, 0x00000000e5560000)
  from space 21824K,  48% used [0x00000000e6ab0000, 0x00000000e7512680, 0x00000000e8000000)
  to   space 21824K,   0% used [0x00000000e5560000, 0x00000000e5560000, 0x00000000e6ab0000)
 concurrent mark-sweep generation total 393216K, used 0K [0x00000000e8000000, 0x0000000100000000, 0x0000000100000000)
 Metaspace       used 21309K, capacity 21700K, committed 21884K, reserved 1069056K
  class space    used 2452K, capacity 2605K, committed 2684K, reserved 1048576K
2018-06-19T14:57:18.504+0200: 1,948: [GC (Allocation Failure) 2018-06-19T14:57:18.504+0200: 1,948: [ParNew
Desired survivor size 20112992 bytes, new threshold 8 (max 8)
- age   1:    1410584 bytes,    1410584 total
- age   2:    1457136 bytes,    2867720 total
- age   3:     672440 bytes,    3540160 total
- age   4:    6296104 bytes,    9836264 total
: 98057K->14113K(109248K), 0,0110784 secs] 98057K->14113K(502464K), 0,0111405 secs] [Times: user=0,04 sys=0,00, real=0,01 secs] 
Heap after GC invocations=4 (full 1):
 par new generation   total 109248K, used 14113K [0x00000000e0000000, 0x00000000e8000000, 0x00000000e8000000)
  eden space 87424K,   0% used [0x00000000e0000000, 0x00000000e0000000, 0x00000000e5560000)
  from space 21824K,  64% used [0x00000000e5560000, 0x00000000e6328770, 0x00000000e6ab0000)
  to   space 21824K,   0% used [0x00000000e6ab0000, 0x00000000e6ab0000, 0x00000000e8000000)
 concurrent mark-sweep generation total 393216K, used 0K [0x00000000e8000000, 0x0000000100000000, 0x0000000100000000)
 Metaspace       used 21309K, capacity 21700K, committed 21884K, reserved 1069056K
  class space    used 2452K, capacity 2605K, committed 2684K, reserved 1048576K
}
2018-06-19T14:57:18.515+0200: 1,960: Total time for which application threads were stopped: 0,0124261 seconds, Stopping threads took: 0,0011287 seconds
2018-06-19T14:57:18.611+0200: 2,055: Total time for which application threads were stopped: 0,0002066 seconds, Stopping threads took: 0,0001111 seconds
2018-06-19T14:57:18.611+0200: 2,055: [CMS-concurrent-abortable-preclean: 0,171/0,206 secs] [Times: user=0,78 sys=0,00, real=0,21 secs] 
2018-06-19T14:57:18.611+0200: 2,056: [GC (CMS Final Remark) [YG occupancy: 97035 K (109248 K)]{Heap before GC invocations=4 (full 1):
 par new generation   total 109248K, used 97035K [0x00000000e0000000, 0x00000000e8000000, 0x00000000e8000000)
  eden space 87424K,  94% used [0x00000000e0000000, 0x00000000e50fa718, 0x00000000e5560000)
  from space 21824K,  64% used [0x00000000e5560000, 0x00000000e6328770, 0x00000000e6ab0000)
  to   space 21824K,   0% used [0x00000000e6ab0000, 0x00000000e6ab0000, 0x00000000e8000000)
 concurrent mark-sweep generation total 393216K, used 0K [0x00000000e8000000, 0x0000000100000000, 0x0000000100000000)
 Metaspace       used 21566K, capacity 21930K, committed 22216K, reserved 1069056K
  class space    used 2485K, capacity 2638K, committed 2684K, reserved 1048576K
2018-06-19T14:57:18.611+0200: 2,056: [GC (CMS Final Remark) 2018-06-19T14:57:18.611+0200: 2,056: [ParNew
Desired survivor size 20112992 bytes, new threshold 8 (max 8)
- age   1:    1039992 bytes,    1039992 total
- age   2:     181344 bytes,    1221336 total
- age   3:    1065416 bytes,    2286752 total
- age   4:     670392 bytes,    2957144 total
- age   5:    6295888 bytes,    9253032 total
: 97035K->11236K(109248K), 0,0083572 secs] 97035K->11236K(502464K), 0,0083999 secs] [Times: user=0,03 sys=0,00, real=0,00 secs] 
Heap after GC invocations=5 (full 1):
 par new generation   total 109248K, used 11236K [0x00000000e0000000, 0x00000000e8000000, 0x00000000e8000000)
  eden space 87424K,   0% used [0x00000000e0000000, 0x00000000e0000000, 0x00000000e5560000)
  from space 21824K,  51% used [0x00000000e6ab0000, 0x00000000e75a9240, 0x00000000e8000000)
  to   space 21824K,   0% used [0x00000000e5560000, 0x00000000e5560000, 0x00000000e6ab0000)
 concurrent mark-sweep generation total 393216K, used 0K [0x00000000e8000000, 0x0000000100000000, 0x0000000100000000)
 Metaspace       used 21566K, capacity 21930K, committed 22216K, reserved 1069056K
  class space    used 2485K, capacity 2638K, committed 2684K, reserved 1048576K
}
2018-06-19T14:57:18.620+0200: 2,064: [Rescan (parallel) , 0,0030240 secs]2018-06-19T14:57:18.623+0200: 2,067: [weak refs processing, 0,0010910 secs]2018-06-19T14:57:18.624+0200: 2,068: [class unloading, 0,0030295 secs]2018-06-19T14:57:18.627+0200: 2,071: [scrub symbol table, 0,0027386 secs]2018-06-19T14:57:18.630+0200: 2,074: [scrub string table, 0,0003732 secs][1 CMS-remark: 0K(393216K)] 11236K(502464K), 0,0193502 secs] [Times: user=0,05 sys=0,00, real=0,01 secs] 
2018-06-19T14:57:18.631+0200: 2,075: Total time for which application threads were stopped: 0,0195254 seconds, Stopping threads took: 0,0000983 seconds
2018-06-19T14:57:18.631+0200: 2,075: [CMS-concurrent-sweep-start]
2018-06-19T14:57:18.631+0200: 2,075: [CMS-concurrent-sweep: 0,000/0,000 secs] [Times: user=0,00 sys=0,00, real=0,00 secs] 
2018-06-19T14:57:18.631+0200: 2,075: [CMS-concurrent-reset-start]
2018-06-19T14:57:18.632+0200: 2,077: Total time for which application threads were stopped: 0,0001204 seconds, Stopping threads took: 0,0000542 seconds
2018-06-19T14:57:18.634+0200: 2,079: [CMS-concurrent-reset: 0,003/0,004 secs] [Times: user=0,00 sys=0,01, real=0,01 secs] 
2018-06-19T14:57:18.653+0200: 2,098: Total time for which application threads were stopped: 0,0003857 seconds, Stopping threads took: 0,0000490 seconds
2018-06-19T14:57:18.892+0200: 2,337: Total time for which application threads were stopped: 0,0005388 seconds, Stopping threads took: 0,0000525 seconds
2018-06-19T14:57:18.924+0200: 2,368: Total time for which application threads were stopped: 0,0003919 seconds, Stopping threads took: 0,0000250 seconds
2018-06-19T14:57:18.935+0200: 2,379: Total time for which application threads were stopped: 0,0003720 seconds, Stopping threads took: 0,0000283 seconds
{Heap before GC invocations=5 (full 1):
 par new generation   total 109248K, used 98660K [0x00000000e0000000, 0x00000000e8000000, 0x00000000e8000000)
  eden space 87424K, 100% used [0x00000000e0000000, 0x00000000e5560000, 0x00000000e5560000)
  from space 21824K,  51% used [0x00000000e6ab0000, 0x00000000e75a9240, 0x00000000e8000000)
  to   space 21824K,   0% used [0x00000000e5560000, 0x00000000e5560000, 0x00000000e6ab0000)
 concurrent mark-sweep generation total 393216K, used 0K [0x00000000e8000000, 0x0000000100000000, 0x0000000100000000)
 Metaspace       used 24975K, capacity 25414K, committed 25724K, reserved 1071104K
  class space    used 2908K, capacity 3114K, committed 3196K, reserved 1048576K
2018-06-19T14:57:19.153+0200: 2,597: [GC (Allocation Failure) 2018-06-19T14:57:19.153+0200: 2,597: [ParNew
Desired survivor size 20112992 bytes, new threshold 8 (max 8)
- age   1:    5058592 bytes,    5058592 total
- age   2:     132160 bytes,    5190752 total
- age   3:     180088 bytes,    5370840 total
- age   4:     278896 bytes,    5649736 total
- age   5:     648440 bytes,    6298176 total
- age   6:    6290160 bytes,   12588336 total
: 98660K->18408K(109248K), 0,0111845 secs] 98660K->18408K(502464K), 0,0112689 secs] [Times: user=0,04 sys=0,00, real=0,01 secs] 
Heap after GC invocations=6 (full 1):
 par new generation   total 109248K, used 18408K [0x00000000e0000000, 0x00000000e8000000, 0x00000000e8000000)
  eden space 87424K,   0% used [0x00000000e0000000, 0x00000000e0000000, 0x00000000e5560000)
  from space 21824K,  84% used [0x00000000e5560000, 0x00000000e675a378, 0x00000000e6ab0000)
  to   space 21824K,   0% used [0x00000000e6ab0000, 0x00000000e6ab0000, 0x00000000e8000000)
 concurrent mark-sweep generation total 393216K, used 0K [0x00000000e8000000, 0x0000000100000000, 0x0000000100000000)
 Metaspace       used 24975K, capacity 25414K, committed 25724K, reserved 1071104K
  class space    used 2908K, capacity 3114K, committed 3196K, reserved 1048576K
}
2018-06-19T14:57:19.164+0200: 2,608: Total time for which application threads were stopped: 0,0115615 seconds, Stopping threads took: 0,0000551 seconds
2018-06-19T14:57:19.345+0200: 2,790: Total time for which application threads were stopped: 0,0005128 seconds, Stopping threads took: 0,0000662 seconds
2018-06-19T14:57:19.363+0200: 2,808: Total time for which application threads were stopped: 0,0004711 seconds, Stopping threads took: 0,0000287 seconds
2018-06-19T14:57:19.435+0200: 2,880: Total time for which application threads were stopped: 0,0005647 seconds, Stopping threads took: 0,0000484 seconds
2018-06-19T14:57:19.533+0200: 2,978: Total time for which application threads were stopped: 0,0004807 seconds, Stopping threads took: 0,0000246 seconds
{Heap before GC invocations=6 (full 1):
 par new generation   total 109248K, used 105832K [0x00000000e0000000, 0x00000000e8000000, 0x00000000e8000000)
  eden space 87424K, 100% used [0x00000000e0000000, 0x00000000e5560000, 0x00000000e5560000)
  from space 21824K,  84% used [0x00000000e5560000, 0x00000000e675a378, 0x00000000e6ab0000)
  to   space 21824K,   0% used [0x00000000e6ab0000, 0x00000000e6ab0000, 0x00000000e8000000)
 concurrent mark-sweep generation total 393216K, used 0K [0x00000000e8000000, 0x0000000100000000, 0x0000000100000000)
 Metaspace       used 28062K, capacity 28718K, committed 28796K, reserved 1075200K
  class space    used 3228K, capacity 3426K, committed 3452K, reserved 1048576K
2018-06-19T14:57:19.670+0200: 3,114: [GC (Allocation Failure) 2018-06-19T14:57:19.670+0200: 3,114: [ParNew
Desired survivor size 20112992 bytes, new threshold 7 (max 8)
- age   1:   12632792 bytes,   12632792 total
- age   2:    2166840 bytes,   14799632 total
- age   3:     132128 bytes,   14931760 total
- age   4:     179912 bytes,   15111672 total
- age   5:     278592 bytes,   15390264 total
- age   6:     639968 bytes,   16030232 total
- age   7:    6282504 bytes,   22312736 total
: 105832K->21824K(109248K), 0,0248480 secs] 105832K->23532K(502464K), 0,0249574 secs] [Times: user=0,09 sys=0,01, real=0,03 secs] 
Heap after GC invocations=7 (full 1):
 par new generation   total 109248K, used 21824K [0x00000000e0000000, 0x00000000e8000000, 0x00000000e8000000)
  eden space 87424K,   0% used [0x00000000e0000000, 0x00000000e0000000, 0x00000000e5560000)
  from space 21824K, 100% used [0x00000000e6ab0000, 0x00000000e8000000, 0x00000000e8000000)
  to   space 21824K,   0% used [0x00000000e5560000, 0x00000000e5560000, 0x00000000e6ab0000)
 concurrent mark-sweep generation total 393216K, used 1708K [0x00000000e8000000, 0x0000000100000000, 0x0000000100000000)
 Metaspace       used 28062K, capacity 28718K, committed 28796K, reserved 1075200K
  class space    used 3228K, capacity 3426K, committed 3452K, reserved 1048576K
}
2018-06-19T14:57:19.695+0200: 3,139: Total time for which application threads were stopped: 0,0252822 seconds, Stopping threads took: 0,0000584 seconds
{Heap before GC invocations=7 (full 1):
 par new generation   total 109248K, used 109248K [0x00000000e0000000, 0x00000000e8000000, 0x00000000e8000000)
  eden space 87424K, 100% used [0x00000000e0000000, 0x00000000e5560000, 0x00000000e5560000)
  from space 21824K, 100% used [0x00000000e6ab0000, 0x00000000e8000000, 0x00000000e8000000)
  to   space 21824K,   0% used [0x00000000e5560000, 0x00000000e5560000, 0x00000000e6ab0000)
 concurrent mark-sweep generation total 393216K, used 1708K [0x00000000e8000000, 0x0000000100000000, 0x0000000100000000)
 Metaspace       used 28096K, capacity 28746K, committed 29052K, reserved 1075200K
  class space    used 3231K, capacity 3431K, committed 3452K, reserved 1048576K
2018-06-19T14:57:19.783+0200: 3,228: [GC (Allocation Failure) 2018-06-19T14:57:19.783+0200: 3,228: [ParNew
Desired survivor size 20112992 bytes, new threshold 8 (max 8)
- age   1:    1389920 bytes,    1389920 total
- age   2:   11505392 bytes,   12895312 total
- age   3:    2166688 bytes,   15062000 total
- age   4:     132128 bytes,   15194128 total
- age   5:     179704 bytes,   15373832 total
- age   6:     278592 bytes,   15652424 total
- age   7:     639968 bytes,   16292392 total
: 109248K->20467K(109248K), 0,0772119 secs] 110956K->28383K(502464K), 0,0772929 secs] [Times: user=0,23 sys=0,02, real=0,07 secs] 
Heap after GC invocations=8 (full 1):
 par new generation   total 109248K, used 20467K [0x00000000e0000000, 0x00000000e8000000, 0x00000000e8000000)
  eden space 87424K,   0% used [0x00000000e0000000, 0x00000000e0000000, 0x00000000e5560000)
  from space 21824K,  93% used [0x00000000e5560000, 0x00000000e695ce78, 0x00000000e6ab0000)
  to   space 21824K,   0% used [0x00000000e6ab0000, 0x00000000e6ab0000, 0x00000000e8000000)
 concurrent mark-sweep generation total 393216K, used 7916K [0x00000000e8000000, 0x0000000100000000, 0x0000000100000000)
 Metaspace       used 28096K, capacity 28746K, committed 29052K, reserved 1075200K
  class space    used 3231K, capacity 3431K, committed 3452K, reserved 1048576K
}
2018-06-19T14:57:19.860+0200: 3,305: Total time for which application threads were stopped: 0,0775689 seconds, Stopping threads took: 0,0000798 seconds
{Heap before GC invocations=8 (full 1):
 par new generation   total 109248K, used 107891K [0x00000000e0000000, 0x00000000e8000000, 0x00000000e8000000)
  eden space 87424K, 100% used [0x00000000e0000000, 0x00000000e5560000, 0x00000000e5560000)
  from space 21824K,  93% used [0x00000000e5560000, 0x00000000e695ce78, 0x00000000e6ab0000)
  to   space 21824K,   0% used [0x00000000e6ab0000, 0x00000000e6ab0000, 0x00000000e8000000)
 concurrent mark-sweep generation total 393216K, used 7916K [0x00000000e8000000, 0x0000000100000000, 0x0000000100000000)
 Metaspace       used 28158K, capacity 28756K, committed 29052K, reserved 1075200K
  class space    used 3232K, capacity 3433K, committed 3452K, reserved 1048576K
2018-06-19T14:57:19.981+0200: 3,426: [GC (Allocation Failure) 2018-06-19T14:57:19.981+0200: 3,426: [ParNew
Desired survivor size 20112992 bytes, new threshold 8 (max 8)
- age   1:     671144 bytes,     671144 total
- age   2:     532064 bytes,    1203208 total
- age   3:   11505392 bytes,   12708600 total
- age   4:    2166688 bytes,   14875288 total
- age   5:     132128 bytes,   15007416 total
- age   6:     179704 bytes,   15187120 total
- age   7:     278592 bytes,   15465712 total
- age   8:     639968 bytes,   16105680 total
: 107891K->20036K(109248K), 0,0174937 secs] 115807K->27953K(502464K), 0,0175948 secs] [Times: user=0,06 sys=0,00, real=0,02 secs] 
Heap after GC invocations=9 (full 1):
 par new generation   total 109248K, used 20036K [0x00000000e0000000, 0x00000000e8000000, 0x00000000e8000000)
  eden space 87424K,   0% used [0x00000000e0000000, 0x00000000e0000000, 0x00000000e5560000)
  from space 21824K,  91% used [0x00000000e6ab0000, 0x00000000e7e413e8, 0x00000000e8000000)
  to   space 21824K,   0% used [0x00000000e5560000, 0x00000000e5560000, 0x00000000e6ab0000)
 concurrent mark-sweep generation total 393216K, used 7916K [0x00000000e8000000, 0x0000000100000000, 0x0000000100000000)
 Metaspace       used 28158K, capacity 28756K, committed 29052K, reserved 1075200K
  class space    used 3232K, capacity 3433K, committed 3452K, reserved 1048576K
}
2018-06-19T14:57:19.999+0200: 3,444: Total time for which application threads were stopped: 0,0179015 seconds, Stopping threads took: 0,0000726 seconds
2018-06-19T14:57:20.617+0200: 4,061: Total time for which application threads were stopped: 0,0003551 seconds, Stopping threads took: 0,0000206 seconds
2018-06-19T14:57:23.100+0200: 6,545: Total time for which application threads were stopped: 0,0001541 seconds, Stopping threads took: 0,0000350 seconds
2018-06-19T14:57:23.111+0200: 6,555: Total time for which application threads were stopped: 0,0008310 seconds, Stopping threads took: 0,0003047 seconds
2018-06-19T14:57:23.134+0200: 6,578: Total time for which application threads were stopped: 0,0004051 seconds, Stopping threads took: 0,0000188 seconds
2018-06-19T14:57:23.150+0200: 6,594: Total time for which application threads were stopped: 0,0001247 seconds, Stopping threads took: 0,0000484 seconds
2018-06-19T14:57:23.150+0200: 6,595: Total time for which application threads were stopped: 0,0000543 seconds, Stopping threads took: 0,0000130 seconds
2018-06-19T14:57:23.792+0200: 7,237: Total time for which application threads were stopped: 0,0001588 seconds, Stopping threads took: 0,0000316 seconds
2018-06-19T14:57:23.796+0200: 7,241: Total time for which application threads were stopped: 0,0002079 seconds, Stopping threads took: 0,0000536 seconds
2018-06-19T14:57:24.797+0200: 8,241: Total time for which application threads were stopped: 0,0000779 seconds, Stopping threads took: 0,0000192 seconds
2018-06-19T14:57:28.824+0200: 12,269: Total time for which application threads were stopped: 0,0004746 seconds, Stopping threads took: 0,0000247 seconds
2018-06-19T14:57:28.825+0200: 12,269: Total time for which application threads were stopped: 0,0004340 seconds, Stopping threads took: 0,0000128 seconds
2018-06-19T14:57:28.828+0200: 12,273: Total time for which application threads were stopped: 0,0000904 seconds, Stopping threads took: 0,0000169 seconds
2018-06-19T14:57:28.829+0200: 12,274: Total time for which application threads were stopped: 0,0001229 seconds, Stopping threads took: 0,0000598 seconds
2018-06-19T14:57:28.843+0200: 12,288: Total time for which application threads were stopped: 0,0001403 seconds, Stopping threads took: 0,0000505 seconds
2018-06-19T14:57:28.853+0200: 12,297: Total time for which application threads were stopped: 0,0002033 seconds, Stopping threads took: 0,0000686 seconds
2018-06-19T14:57:28.856+0200: 12,300: Total time for which application threads were stopped: 0,0001667 seconds, Stopping threads took: 0,0000601 seconds
2018-06-19T14:57:28.861+0200: 12,305: Total time for which application threads were stopped: 0,0001072 seconds, Stopping threads took: 0,0000330 seconds
2018-06-19T14:57:28.862+0200: 12,307: Total time for which application threads were stopped: 0,0001808 seconds, Stopping threads took: 0,0000449 seconds
2018-06-19T14:57:28.871+0200: 12,316: Total time for which application threads were stopped: 0,0001322 seconds, Stopping threads took: 0,0000489 seconds
Heap
 par new generation   total 109248K, used 67028K [0x00000000e0000000, 0x00000000e8000000, 0x00000000e8000000)
  eden space 87424K,  53% used [0x00000000e0000000, 0x00000000e2de3f30, 0x00000000e5560000)
  from space 21824K,  91% used [0x00000000e6ab0000, 0x00000000e7e413e8, 0x00000000e8000000)
  to   space 21824K,   0% used [0x00000000e5560000, 0x00000000e5560000, 0x00000000e6ab0000)
 concurrent mark-sweep generation total 393216K, used 7916K [0x00000000e8000000, 0x0000000100000000, 0x0000000100000000)
 Metaspace       used 29345K, capacity 30026K, committed 30204K, reserved 1075200K
  class space    used 3382K, capacity 3576K, committed 3580K, reserved 1048576K
