OpenJDK 64-Bit Server VM (25.171-b11) for linux-amd64 JRE (1.8.0_171-8u171-b11-0ubuntu0.16.04.1-b11), built on Apr 27 2018 17:19:03 by "buildd" with gcc 5.4.0 20160609
Memory: 4k page, physical 7867600k(1028556k free), swap 8076284k(8076284k free)
CommandLine flags: -XX:CMSInitiatingOccupancyFraction=50 -XX:CMSMaxAbortablePrecleanTime=6000 -XX:+CMSParallelRemarkEnabled -XX:+CMSScavengeBeforeRemark -XX:ConcGCThreads=4 -XX:InitialHeapSize=536870912 -XX:MaxHeapSize=536870912 -XX:MaxTenuringThreshold=8 -XX:NewRatio=3 -XX:OldPLABSize=16 -XX:OnOutOfMemoryError=/home/gurnoor/workspace/QTM/solr/bin/oom_solr.sh 8983 /home/gurnoor/workspace/QTM/solr/server/logs -XX:ParallelGCThreads=4 -XX:+ParallelRefProcEnabled -XX:PretenureSizeThreshold=67108864 -XX:+PrintGC -XX:+PrintGCApplicationStoppedTime -XX:+PrintGCDateStamps -XX:+PrintGCDetails -XX:+PrintGCTimeStamps -XX:+PrintHeapAtGC -XX:+PrintTenuringDistribution -XX:SurvivorRatio=4 -XX:TargetSurvivorRatio=90 -XX:ThreadStackSize=256 -XX:+UseCMSInitiatingOccupancyOnly -XX:+UseCompressedClassPointers -XX:+UseCompressedOops -XX:+UseConcMarkSweepGC -XX:+UseParNewGC 
2018-06-19T12:07:20.892+0200: 0,109: Total time for which application threads were stopped: 0,0000685 seconds, Stopping threads took: 0,0000137 seconds
2018-06-19T12:07:20.957+0200: 0,174: Total time for which application threads were stopped: 0,0000974 seconds, Stopping threads took: 0,0000137 seconds
2018-06-19T12:07:20.967+0200: 0,183: Total time for which application threads were stopped: 0,0000887 seconds, Stopping threads took: 0,0000229 seconds
2018-06-19T12:07:21.089+0200: 0,306: Total time for which application threads were stopped: 0,0001464 seconds, Stopping threads took: 0,0000185 seconds
2018-06-19T12:07:21.251+0200: 0,468: Total time for which application threads were stopped: 0,0001522 seconds, Stopping threads took: 0,0000217 seconds
2018-06-19T12:07:21.296+0200: 0,512: Total time for which application threads were stopped: 0,0001732 seconds, Stopping threads took: 0,0000267 seconds
2018-06-19T12:07:21.315+0200: 0,531: Total time for which application threads were stopped: 0,0002158 seconds, Stopping threads took: 0,0000310 seconds
2018-06-19T12:07:21.512+0200: 0,729: Total time for which application threads were stopped: 0,0001814 seconds, Stopping threads took: 0,0000164 seconds
2018-06-19T12:07:21.672+0200: 0,888: Total time for which application threads were stopped: 0,0002600 seconds, Stopping threads took: 0,0000256 seconds
2018-06-19T12:07:21.694+0200: 0,911: Total time for which application threads were stopped: 0,0001948 seconds, Stopping threads took: 0,0000285 seconds
2018-06-19T12:07:21.721+0200: 0,938: Total time for which application threads were stopped: 0,0002959 seconds, Stopping threads took: 0,0000531 seconds
2018-06-19T12:07:21.723+0200: 0,940: Total time for which application threads were stopped: 0,0002837 seconds, Stopping threads took: 0,0000415 seconds
2018-06-19T12:07:21.735+0200: 0,952: Total time for which application threads were stopped: 0,0002389 seconds, Stopping threads took: 0,0000243 seconds
2018-06-19T12:07:21.809+0200: 1,026: Total time for which application threads were stopped: 0,0002809 seconds, Stopping threads took: 0,0000254 seconds
{Heap before GC invocations=0 (full 0):
 par new generation   total 109248K, used 87424K [0x00000000e0000000, 0x00000000e8000000, 0x00000000e8000000)
  eden space 87424K, 100% used [0x00000000e0000000, 0x00000000e5560000, 0x00000000e5560000)
  from space 21824K,   0% used [0x00000000e5560000, 0x00000000e5560000, 0x00000000e6ab0000)
  to   space 21824K,   0% used [0x00000000e6ab0000, 0x00000000e6ab0000, 0x00000000e8000000)
 concurrent mark-sweep generation total 393216K, used 0K [0x00000000e8000000, 0x0000000100000000, 0x0000000100000000)
 Metaspace       used 17347K, capacity 17640K, committed 17792K, reserved 1064960K
  class space    used 1974K, capacity 2134K, committed 2176K, reserved 1048576K
2018-06-19T12:07:21.978+0200: 1,195: [GC (Allocation Failure) 2018-06-19T12:07:21.978+0200: 1,195: [ParNew
Desired survivor size 20112992 bytes, new threshold 8 (max 8)
- age   1:   10577888 bytes,   10577888 total
: 87424K->10435K(109248K), 0,0104584 secs] 87424K->10435K(502464K), 0,0105422 secs] [Times: user=0,03 sys=0,00, real=0,01 secs] 
Heap after GC invocations=1 (full 0):
 par new generation   total 109248K, used 10435K [0x00000000e0000000, 0x00000000e8000000, 0x00000000e8000000)
  eden space 87424K,   0% used [0x00000000e0000000, 0x00000000e0000000, 0x00000000e5560000)
  from space 21824K,  47% used [0x00000000e6ab0000, 0x00000000e74e0f20, 0x00000000e8000000)
  to   space 21824K,   0% used [0x00000000e5560000, 0x00000000e5560000, 0x00000000e6ab0000)
 concurrent mark-sweep generation total 393216K, used 0K [0x00000000e8000000, 0x0000000100000000, 0x0000000100000000)
 Metaspace       used 17347K, capacity 17640K, committed 17792K, reserved 1064960K
  class space    used 1974K, capacity 2134K, committed 2176K, reserved 1048576K
}
2018-06-19T12:07:21.989+0200: 1,206: Total time for which application threads were stopped: 0,0107216 seconds, Stopping threads took: 0,0000271 seconds
2018-06-19T12:07:21.995+0200: 1,212: Total time for which application threads were stopped: 0,0002602 seconds, Stopping threads took: 0,0000419 seconds
2018-06-19T12:07:22.309+0200: 1,526: Total time for which application threads were stopped: 0,0014495 seconds, Stopping threads took: 0,0010669 seconds
{Heap before GC invocations=1 (full 0):
 par new generation   total 109248K, used 97859K [0x00000000e0000000, 0x00000000e8000000, 0x00000000e8000000)
  eden space 87424K, 100% used [0x00000000e0000000, 0x00000000e5560000, 0x00000000e5560000)
  from space 21824K,  47% used [0x00000000e6ab0000, 0x00000000e74e0f20, 0x00000000e8000000)
  to   space 21824K,   0% used [0x00000000e5560000, 0x00000000e5560000, 0x00000000e6ab0000)
 concurrent mark-sweep generation total 393216K, used 0K [0x00000000e8000000, 0x0000000100000000, 0x0000000100000000)
 Metaspace       used 20095K, capacity 20440K, committed 20736K, reserved 1067008K
  class space    used 2299K, capacity 2472K, committed 2560K, reserved 1048576K
2018-06-19T12:07:22.355+0200: 1,572: [GC (Allocation Failure) 2018-06-19T12:07:22.355+0200: 1,572: [ParNew
Desired survivor size 20112992 bytes, new threshold 8 (max 8)
- age   1:    4166896 bytes,    4166896 total
- age   2:    5359928 bytes,    9526824 total
: 97859K->13388K(109248K), 0,0190512 secs] 97859K->13388K(502464K), 0,0191292 secs] [Times: user=0,06 sys=0,00, real=0,02 secs] 
Heap after GC invocations=2 (full 0):
 par new generation   total 109248K, used 13388K [0x00000000e0000000, 0x00000000e8000000, 0x00000000e8000000)
  eden space 87424K,   0% used [0x00000000e0000000, 0x00000000e0000000, 0x00000000e5560000)
  from space 21824K,  61% used [0x00000000e5560000, 0x00000000e6273140, 0x00000000e6ab0000)
  to   space 21824K,   0% used [0x00000000e6ab0000, 0x00000000e6ab0000, 0x00000000e8000000)
 concurrent mark-sweep generation total 393216K, used 0K [0x00000000e8000000, 0x0000000100000000, 0x0000000100000000)
 Metaspace       used 20095K, capacity 20440K, committed 20736K, reserved 1067008K
  class space    used 2299K, capacity 2472K, committed 2560K, reserved 1048576K
}
2018-06-19T12:07:22.375+0200: 1,591: Total time for which application threads were stopped: 0,0193804 seconds, Stopping threads took: 0,0000721 seconds
2018-06-19T12:07:22.390+0200: 1,607: Total time for which application threads were stopped: 0,0066610 seconds, Stopping threads took: 0,0050394 seconds
2018-06-19T12:07:22.435+0200: 1,652: Total time for which application threads were stopped: 0,0022736 seconds, Stopping threads took: 0,0019820 seconds
2018-06-19T12:07:22.568+0200: 1,785: Total time for which application threads were stopped: 0,0012042 seconds, Stopping threads took: 0,0010565 seconds
{Heap before GC invocations=2 (full 0):
 par new generation   total 109248K, used 100812K [0x00000000e0000000, 0x00000000e8000000, 0x00000000e8000000)
  eden space 87424K, 100% used [0x00000000e0000000, 0x00000000e5560000, 0x00000000e5560000)
  from space 21824K,  61% used [0x00000000e5560000, 0x00000000e6273140, 0x00000000e6ab0000)
  to   space 21824K,   0% used [0x00000000e6ab0000, 0x00000000e6ab0000, 0x00000000e8000000)
 concurrent mark-sweep generation total 393216K, used 0K [0x00000000e8000000, 0x0000000100000000, 0x0000000100000000)
 Metaspace       used 21008K, capacity 21362K, committed 21628K, reserved 1069056K
  class space    used 2422K, capacity 2591K, committed 2684K, reserved 1048576K
2018-06-19T12:07:22.608+0200: 1,824: [GC (Allocation Failure) 2018-06-19T12:07:22.608+0200: 1,824: [ParNew
Desired survivor size 20112992 bytes, new threshold 8 (max 8)
- age   1:    2143920 bytes,    2143920 total
- age   2:    1581704 bytes,    3725624 total
- age   3:    5359384 bytes,    9085008 total
: 100812K->11615K(109248K), 0,0172908 secs] 100812K->11615K(502464K), 0,0173819 secs] [Times: user=0,06 sys=0,00, real=0,02 secs] 
Heap after GC invocations=3 (full 0):
 par new generation   total 109248K, used 11615K [0x00000000e0000000, 0x00000000e8000000, 0x00000000e8000000)
  eden space 87424K,   0% used [0x00000000e0000000, 0x00000000e0000000, 0x00000000e5560000)
  from space 21824K,  53% used [0x00000000e6ab0000, 0x00000000e7607d18, 0x00000000e8000000)
  to   space 21824K,   0% used [0x00000000e5560000, 0x00000000e5560000, 0x00000000e6ab0000)
 concurrent mark-sweep generation total 393216K, used 0K [0x00000000e8000000, 0x0000000100000000, 0x0000000100000000)
 Metaspace       used 21008K, capacity 21362K, committed 21628K, reserved 1069056K
  class space    used 2422K, capacity 2591K, committed 2684K, reserved 1048576K
}
2018-06-19T12:07:22.625+0200: 1,842: Total time for which application threads were stopped: 0,0177534 seconds, Stopping threads took: 0,0002119 seconds
2018-06-19T12:07:22.630+0200: 1,847: [GC (CMS Initial Mark) [1 CMS-initial-mark: 0K(393216K)] 18569K(502464K), 0,0070327 secs] [Times: user=0,02 sys=0,01, real=0,01 secs] 
2018-06-19T12:07:22.637+0200: 1,854: Total time for which application threads were stopped: 0,0072704 seconds, Stopping threads took: 0,0000673 seconds
2018-06-19T12:07:22.637+0200: 1,854: [CMS-concurrent-mark-start]
2018-06-19T12:07:22.645+0200: 1,862: [CMS-concurrent-mark: 0,008/0,008 secs] [Times: user=0,03 sys=0,00, real=0,01 secs] 
2018-06-19T12:07:22.645+0200: 1,862: [CMS-concurrent-preclean-start]
2018-06-19T12:07:22.646+0200: 1,863: [CMS-concurrent-preclean: 0,001/0,001 secs] [Times: user=0,00 sys=0,00, real=0,00 secs] 
2018-06-19T12:07:22.646+0200: 1,863: [CMS-concurrent-abortable-preclean-start]
2018-06-19T12:07:22.737+0200: 1,954: Total time for which application threads were stopped: 0,0002060 seconds, Stopping threads took: 0,0001128 seconds
{Heap before GC invocations=3 (full 1):
 par new generation   total 109248K, used 99039K [0x00000000e0000000, 0x00000000e8000000, 0x00000000e8000000)
  eden space 87424K, 100% used [0x00000000e0000000, 0x00000000e5560000, 0x00000000e5560000)
  from space 21824K,  53% used [0x00000000e6ab0000, 0x00000000e7607d18, 0x00000000e8000000)
  to   space 21824K,   0% used [0x00000000e5560000, 0x00000000e5560000, 0x00000000e6ab0000)
 concurrent mark-sweep generation total 393216K, used 0K [0x00000000e8000000, 0x0000000100000000, 0x0000000100000000)
 Metaspace       used 21272K, capacity 21692K, committed 21884K, reserved 1069056K
  class space    used 2451K, capacity 2605K, committed 2684K, reserved 1048576K
2018-06-19T12:07:22.780+0200: 1,996: [GC (Allocation Failure) 2018-06-19T12:07:22.780+0200: 1,996: [ParNew
Desired survivor size 20112992 bytes, new threshold 8 (max 8)
- age   1:    1272304 bytes,    1272304 total
- age   2:    1478880 bytes,    2751184 total
- age   3:    1579992 bytes,    4331176 total
- age   4:    5375744 bytes,    9706920 total
: 99039K->11543K(109248K), 0,0147138 secs] 99039K->11543K(502464K), 0,0147844 secs] [Times: user=0,06 sys=0,00, real=0,02 secs] 
Heap after GC invocations=4 (full 1):
 par new generation   total 109248K, used 11543K [0x00000000e0000000, 0x00000000e8000000, 0x00000000e8000000)
  eden space 87424K,   0% used [0x00000000e0000000, 0x00000000e0000000, 0x00000000e5560000)
  from space 21824K,  52% used [0x00000000e5560000, 0x00000000e60a5ff0, 0x00000000e6ab0000)
  to   space 21824K,   0% used [0x00000000e6ab0000, 0x00000000e6ab0000, 0x00000000e8000000)
 concurrent mark-sweep generation total 393216K, used 0K [0x00000000e8000000, 0x0000000100000000, 0x0000000100000000)
 Metaspace       used 21272K, capacity 21692K, committed 21884K, reserved 1069056K
  class space    used 2451K, capacity 2605K, committed 2684K, reserved 1048576K
}
2018-06-19T12:07:22.794+0200: 2,011: Total time for which application threads were stopped: 0,0151379 seconds, Stopping threads took: 0,0001887 seconds
{Heap before GC invocations=4 (full 1):
 par new generation   total 109248K, used 98967K [0x00000000e0000000, 0x00000000e8000000, 0x00000000e8000000)
  eden space 87424K, 100% used [0x00000000e0000000, 0x00000000e5560000, 0x00000000e5560000)
  from space 21824K,  52% used [0x00000000e5560000, 0x00000000e60a5ff0, 0x00000000e6ab0000)
  to   space 21824K,   0% used [0x00000000e6ab0000, 0x00000000e6ab0000, 0x00000000e8000000)
 concurrent mark-sweep generation total 393216K, used 0K [0x00000000e8000000, 0x0000000100000000, 0x0000000100000000)
 Metaspace       used 21452K, capacity 21794K, committed 21884K, reserved 1069056K
  class space    used 2471K, capacity 2638K, committed 2684K, reserved 1048576K
2018-06-19T12:07:22.900+0200: 2,117: [GC (Allocation Failure) 2018-06-19T12:07:22.900+0200: 2,117: [ParNew
Desired survivor size 20112992 bytes, new threshold 8 (max 8)
- age   1:    1423808 bytes,    1423808 total
- age   2:     177160 bytes,    1600968 total
- age   3:    1478440 bytes,    3079408 total
- age   4:    1577920 bytes,    4657328 total
- age   5:    5359368 bytes,   10016696 total
: 98967K->14440K(109248K), 0,0112715 secs] 98967K->14440K(502464K), 0,0113534 secs] [Times: user=0,04 sys=0,00, real=0,01 secs] 
Heap after GC invocations=5 (full 1):
 par new generation   total 109248K, used 14440K [0x00000000e0000000, 0x00000000e8000000, 0x00000000e8000000)
  eden space 87424K,   0% used [0x00000000e0000000, 0x00000000e0000000, 0x00000000e5560000)
  from space 21824K,  66% used [0x00000000e6ab0000, 0x00000000e78ca358, 0x00000000e8000000)
  to   space 21824K,   0% used [0x00000000e5560000, 0x00000000e5560000, 0x00000000e6ab0000)
 concurrent mark-sweep generation total 393216K, used 0K [0x00000000e8000000, 0x0000000100000000, 0x0000000100000000)
 Metaspace       used 21452K, capacity 21794K, committed 21884K, reserved 1069056K
  class space    used 2471K, capacity 2638K, committed 2684K, reserved 1048576K
}
2018-06-19T12:07:22.911+0200: 2,128: Total time for which application threads were stopped: 0,0116003 seconds, Stopping threads took: 0,0000781 seconds
2018-06-19T12:07:22.948+0200: 2,165: Total time for which application threads were stopped: 0,0001766 seconds, Stopping threads took: 0,0000910 seconds
2018-06-19T12:07:22.948+0200: 2,165: [CMS-concurrent-abortable-preclean: 0,115/0,302 secs] [Times: user=1,10 sys=0,01, real=0,30 secs] 
2018-06-19T12:07:22.948+0200: 2,165: [GC (CMS Final Remark) [YG occupancy: 27570 K (109248 K)]{Heap before GC invocations=5 (full 1):
 par new generation   total 109248K, used 27570K [0x00000000e0000000, 0x00000000e8000000, 0x00000000e8000000)
  eden space 87424K,  15% used [0x00000000e0000000, 0x00000000e0cd2560, 0x00000000e5560000)
  from space 21824K,  66% used [0x00000000e6ab0000, 0x00000000e78ca358, 0x00000000e8000000)
  to   space 21824K,   0% used [0x00000000e5560000, 0x00000000e5560000, 0x00000000e6ab0000)
 concurrent mark-sweep generation total 393216K, used 0K [0x00000000e8000000, 0x0000000100000000, 0x0000000100000000)
 Metaspace       used 21541K, capacity 21928K, committed 22216K, reserved 1069056K
  class space    used 2483K, capacity 2639K, committed 2684K, reserved 1048576K
2018-06-19T12:07:22.948+0200: 2,165: [GC (CMS Final Remark) 2018-06-19T12:07:22.948+0200: 2,165: [ParNew
Desired survivor size 20112992 bytes, new threshold 8 (max 8)
- age   1:     226968 bytes,     226968 total
- age   2:     113656 bytes,     340624 total
- age   3:     176320 bytes,     516944 total
- age   4:    1476816 bytes,    1993760 total
- age   5:    1577888 bytes,    3571648 total
- age   6:    5359376 bytes,    8931024 total
: 27570K->11462K(109248K), 0,0146460 secs] 27570K->11462K(502464K), 0,0148616 secs] [Times: user=0,04 sys=0,00, real=0,01 secs] 
Heap after GC invocations=6 (full 1):
 par new generation   total 109248K, used 11462K [0x00000000e0000000, 0x00000000e8000000, 0x00000000e8000000)
  eden space 87424K,   0% used [0x00000000e0000000, 0x00000000e0000000, 0x00000000e5560000)
  from space 21824K,  52% used [0x00000000e5560000, 0x00000000e6091980, 0x00000000e6ab0000)
  to   space 21824K,   0% used [0x00000000e6ab0000, 0x00000000e6ab0000, 0x00000000e8000000)
 concurrent mark-sweep generation total 393216K, used 0K [0x00000000e8000000, 0x0000000100000000, 0x0000000100000000)
 Metaspace       used 21541K, capacity 21928K, committed 22216K, reserved 1069056K
  class space    used 2483K, capacity 2639K, committed 2684K, reserved 1048576K
}
2018-06-19T12:07:22.963+0200: 2,180: [Rescan (parallel) , 0,0057854 secs]2018-06-19T12:07:22.969+0200: 2,186: [weak refs processing, 0,0005876 secs]2018-06-19T12:07:22.969+0200: 2,186: [class unloading, 0,0031064 secs]2018-06-19T12:07:22.972+0200: 2,189: [scrub symbol table, 0,0027721 secs]2018-06-19T12:07:22.975+0200: 2,192: [scrub string table, 0,0003705 secs][1 CMS-remark: 0K(393216K)] 11462K(502464K), 0,0284003 secs] [Times: user=0,08 sys=0,00, real=0,03 secs] 
2018-06-19T12:07:22.976+0200: 2,193: Total time for which application threads were stopped: 0,0285369 seconds, Stopping threads took: 0,0000515 seconds
2018-06-19T12:07:22.976+0200: 2,193: [CMS-concurrent-sweep-start]
2018-06-19T12:07:22.976+0200: 2,193: [CMS-concurrent-sweep: 0,000/0,000 secs] [Times: user=0,00 sys=0,00, real=0,00 secs] 
2018-06-19T12:07:22.976+0200: 2,193: [CMS-concurrent-reset-start]
2018-06-19T12:07:22.979+0200: 2,196: [CMS-concurrent-reset: 0,003/0,003 secs] [Times: user=0,01 sys=0,00, real=0,00 secs] 
2018-06-19T12:07:22.993+0200: 2,210: Total time for which application threads were stopped: 0,0003903 seconds, Stopping threads took: 0,0000371 seconds
2018-06-19T12:07:23.233+0200: 2,450: Total time for which application threads were stopped: 0,0004942 seconds, Stopping threads took: 0,0000450 seconds
2018-06-19T12:07:23.249+0200: 2,466: Total time for which application threads were stopped: 0,0003991 seconds, Stopping threads took: 0,0000566 seconds
2018-06-19T12:07:23.687+0200: 2,904: Total time for which application threads were stopped: 0,0005992 seconds, Stopping threads took: 0,0000602 seconds
{Heap before GC invocations=6 (full 1):
 par new generation   total 109248K, used 98886K [0x00000000e0000000, 0x00000000e8000000, 0x00000000e8000000)
  eden space 87424K, 100% used [0x00000000e0000000, 0x00000000e5560000, 0x00000000e5560000)
  from space 21824K,  52% used [0x00000000e5560000, 0x00000000e6091980, 0x00000000e6ab0000)
  to   space 21824K,   0% used [0x00000000e6ab0000, 0x00000000e6ab0000, 0x00000000e8000000)
 concurrent mark-sweep generation total 393216K, used 0K [0x00000000e8000000, 0x0000000100000000, 0x0000000100000000)
 Metaspace       used 26089K, capacity 26710K, committed 27004K, reserved 1073152K
  class space    used 3009K, capacity 3192K, committed 3196K, reserved 1048576K
2018-06-19T12:07:23.688+0200: 2,905: [GC (Allocation Failure) 2018-06-19T12:07:23.688+0200: 2,905: [ParNew
Desired survivor size 20112992 bytes, new threshold 8 (max 8)
- age   1:   12113704 bytes,   12113704 total
- age   2:      91696 bytes,   12205400 total
- age   3:     111240 bytes,   12316640 total
- age   4:     175264 bytes,   12491904 total
- age   5:     303368 bytes,   12795272 total
- age   6:    1555688 bytes,   14350960 total
- age   7:    5352520 bytes,   19703480 total
: 98886K->21824K(109248K), 0,0273179 secs] 98886K->21824K(502464K), 0,0273950 secs] [Times: user=0,08 sys=0,00, real=0,03 secs] 
Heap after GC invocations=7 (full 1):
 par new generation   total 109248K, used 21824K [0x00000000e0000000, 0x00000000e8000000, 0x00000000e8000000)
  eden space 87424K,   0% used [0x00000000e0000000, 0x00000000e0000000, 0x00000000e5560000)
  from space 21824K, 100% used [0x00000000e6ab0000, 0x00000000e8000000, 0x00000000e8000000)
  to   space 21824K,   0% used [0x00000000e5560000, 0x00000000e5560000, 0x00000000e6ab0000)
 concurrent mark-sweep generation total 393216K, used 0K [0x00000000e8000000, 0x0000000100000000, 0x0000000100000000)
 Metaspace       used 26089K, capacity 26710K, committed 27004K, reserved 1073152K
  class space    used 3009K, capacity 3192K, committed 3196K, reserved 1048576K
}
2018-06-19T12:07:23.716+0200: 2,932: Total time for which application threads were stopped: 0,0275785 seconds, Stopping threads took: 0,0000266 seconds
2018-06-19T12:07:23.730+0200: 2,947: Total time for which application threads were stopped: 0,0004230 seconds, Stopping threads took: 0,0000267 seconds
2018-06-19T12:07:23.785+0200: 3,002: Total time for which application threads were stopped: 0,0005655 seconds, Stopping threads took: 0,0000627 seconds
2018-06-19T12:07:23.909+0200: 3,125: Total time for which application threads were stopped: 0,0014136 seconds, Stopping threads took: 0,0008344 seconds
{Heap before GC invocations=7 (full 1):
 par new generation   total 109248K, used 109248K [0x00000000e0000000, 0x00000000e8000000, 0x00000000e8000000)
  eden space 87424K, 100% used [0x00000000e0000000, 0x00000000e5560000, 0x00000000e5560000)
  from space 21824K, 100% used [0x00000000e6ab0000, 0x00000000e8000000, 0x00000000e8000000)
  to   space 21824K,   0% used [0x00000000e5560000, 0x00000000e5560000, 0x00000000e6ab0000)
 concurrent mark-sweep generation total 393216K, used 0K [0x00000000e8000000, 0x0000000100000000, 0x0000000100000000)
 Metaspace       used 27996K, capacity 28564K, committed 28796K, reserved 1075200K
  class space    used 3225K, capacity 3421K, committed 3452K, reserved 1048576K
2018-06-19T12:07:24.076+0200: 3,293: [GC (Allocation Failure) 2018-06-19T12:07:24.076+0200: 3,293: [ParNew
Desired survivor size 20112992 bytes, new threshold 8 (max 8)
- age   1:    6769560 bytes,    6769560 total
- age   2:    7904016 bytes,   14673576 total
- age   3:      75648 bytes,   14749224 total
- age   4:     105120 bytes,   14854344 total
- age   5:     148952 bytes,   15003296 total
- age   6:     279384 bytes,   15282680 total
- age   7:    1544320 bytes,   16827000 total
- age   8:    5343456 bytes,   22170456 total
: 109248K->21824K(109248K), 0,0316223 secs] 109248K->23173K(502464K), 0,0316987 secs] [Times: user=0,11 sys=0,01, real=0,03 secs] 
Heap after GC invocations=8 (full 1):
 par new generation   total 109248K, used 21824K [0x00000000e0000000, 0x00000000e8000000, 0x00000000e8000000)
  eden space 87424K,   0% used [0x00000000e0000000, 0x00000000e0000000, 0x00000000e5560000)
  from space 21824K, 100% used [0x00000000e5560000, 0x00000000e6ab0000, 0x00000000e6ab0000)
  to   space 21824K,   0% used [0x00000000e6ab0000, 0x00000000e6ab0000, 0x00000000e8000000)
 concurrent mark-sweep generation total 393216K, used 1349K [0x00000000e8000000, 0x0000000100000000, 0x0000000100000000)
 Metaspace       used 27996K, capacity 28564K, committed 28796K, reserved 1075200K
  class space    used 3225K, capacity 3421K, committed 3452K, reserved 1048576K
}
2018-06-19T12:07:24.108+0200: 3,325: Total time for which application threads were stopped: 0,0328837 seconds, Stopping threads took: 0,0009312 seconds
{Heap before GC invocations=8 (full 1):
 par new generation   total 109248K, used 109248K [0x00000000e0000000, 0x00000000e8000000, 0x00000000e8000000)
  eden space 87424K, 100% used [0x00000000e0000000, 0x00000000e5560000, 0x00000000e5560000)
  from space 21824K, 100% used [0x00000000e5560000, 0x00000000e6ab0000, 0x00000000e6ab0000)
  to   space 21824K,   0% used [0x00000000e6ab0000, 0x00000000e6ab0000, 0x00000000e8000000)
 concurrent mark-sweep generation total 393216K, used 1349K [0x00000000e8000000, 0x0000000100000000, 0x0000000100000000)
 Metaspace       used 28057K, capacity 28724K, committed 29052K, reserved 1075200K
  class space    used 3228K, capacity 3427K, committed 3452K, reserved 1048576K
2018-06-19T12:07:24.192+0200: 3,409: [GC (Allocation Failure) 2018-06-19T12:07:24.192+0200: 3,409: [ParNew
Desired survivor size 20112992 bytes, new threshold 8 (max 8)
- age   1:     655400 bytes,     655400 total
- age   2:    6037472 bytes,    6692872 total
- age   3:    7903896 bytes,   14596768 total
- age   4:      75648 bytes,   14672416 total
- age   5:     105120 bytes,   14777536 total
- age   6:     148680 bytes,   14926216 total
- age   7:     279384 bytes,   15205600 total
- age   8:    1544344 bytes,   16749944 total
: 109248K->21824K(109248K), 0,0432870 secs] 110597K->28464K(502464K), 0,0433913 secs] [Times: user=0,14 sys=0,02, real=0,04 secs] 
Heap after GC invocations=9 (full 1):
 par new generation   total 109248K, used 21824K [0x00000000e0000000, 0x00000000e8000000, 0x00000000e8000000)
  eden space 87424K,   0% used [0x00000000e0000000, 0x00000000e0000000, 0x00000000e5560000)
  from space 21824K, 100% used [0x00000000e6ab0000, 0x00000000e8000000, 0x00000000e8000000)
  to   space 21824K,   0% used [0x00000000e5560000, 0x00000000e5560000, 0x00000000e6ab0000)
 concurrent mark-sweep generation total 393216K, used 6640K [0x00000000e8000000, 0x0000000100000000, 0x0000000100000000)
 Metaspace       used 28057K, capacity 28724K, committed 29052K, reserved 1075200K
  class space    used 3228K, capacity 3427K, committed 3452K, reserved 1048576K
}
2018-06-19T12:07:24.236+0200: 3,453: Total time for which application threads were stopped: 0,0436808 seconds, Stopping threads took: 0,0000637 seconds
{Heap before GC invocations=9 (full 1):
 par new generation   total 109248K, used 109248K [0x00000000e0000000, 0x00000000e8000000, 0x00000000e8000000)
  eden space 87424K, 100% used [0x00000000e0000000, 0x00000000e5560000, 0x00000000e5560000)
  from space 21824K, 100% used [0x00000000e6ab0000, 0x00000000e8000000, 0x00000000e8000000)
  to   space 21824K,   0% used [0x00000000e5560000, 0x00000000e5560000, 0x00000000e6ab0000)
 concurrent mark-sweep generation total 393216K, used 6640K [0x00000000e8000000, 0x0000000100000000, 0x0000000100000000)
 Metaspace       used 28249K, capacity 28954K, committed 29052K, reserved 1075200K
  class space    used 3239K, capacity 3440K, committed 3452K, reserved 1048576K
2018-06-19T12:07:24.437+0200: 3,654: [GC (Allocation Failure) 2018-06-19T12:07:24.437+0200: 3,654: [ParNew
Desired survivor size 20112992 bytes, new threshold 8 (max 8)
- age   1:    5347112 bytes,    5347112 total
- age   2:     143056 bytes,    5490168 total
- age   3:    5610992 bytes,   11101160 total
- age   4:    7903664 bytes,   19004824 total
- age   5:      75648 bytes,   19080472 total
- age   6:     105120 bytes,   19185592 total
- age   7:     148680 bytes,   19334272 total
- age   8:     279384 bytes,   19613656 total
: 109248K->21824K(109248K), 0,0354205 secs] 115888K->30036K(502464K), 0,0355352 secs] [Times: user=0,14 sys=0,00, real=0,04 secs] 
Heap after GC invocations=10 (full 1):
 par new generation   total 109248K, used 21824K [0x00000000e0000000, 0x00000000e8000000, 0x00000000e8000000)
  eden space 87424K,   0% used [0x00000000e0000000, 0x00000000e0000000, 0x00000000e5560000)
  from space 21824K, 100% used [0x00000000e5560000, 0x00000000e6ab0000, 0x00000000e6ab0000)
  to   space 21824K,   0% used [0x00000000e6ab0000, 0x00000000e6ab0000, 0x00000000e8000000)
 concurrent mark-sweep generation total 393216K, used 8212K [0x00000000e8000000, 0x0000000100000000, 0x0000000100000000)
 Metaspace       used 28249K, capacity 28954K, committed 29052K, reserved 1075200K
  class space    used 3239K, capacity 3440K, committed 3452K, reserved 1048576K
}
2018-06-19T12:07:24.472+0200: 3,689: Total time for which application threads were stopped: 0,0359280 seconds, Stopping threads took: 0,0000544 seconds
2018-06-19T12:07:24.837+0200: 4,054: Total time for which application threads were stopped: 0,0005026 seconds, Stopping threads took: 0,0000241 seconds
2018-06-19T12:07:29.774+0200: 8,991: Total time for which application threads were stopped: 0,0001193 seconds, Stopping threads took: 0,0000412 seconds
2018-06-19T12:07:29.787+0200: 9,004: Total time for which application threads were stopped: 0,0001137 seconds, Stopping threads took: 0,0000356 seconds
2018-06-19T12:07:29.831+0200: 9,048: Total time for which application threads were stopped: 0,0005203 seconds, Stopping threads took: 0,0000178 seconds
2018-06-19T12:07:29.857+0200: 9,074: Total time for which application threads were stopped: 0,0002011 seconds, Stopping threads took: 0,0000608 seconds
2018-06-19T12:07:29.857+0200: 9,074: Total time for which application threads were stopped: 0,0000753 seconds, Stopping threads took: 0,0000103 seconds
2018-06-19T12:07:29.895+0200: 9,112: Total time for which application threads were stopped: 0,0006697 seconds, Stopping threads took: 0,0000383 seconds
2018-06-19T12:07:30.092+0200: 9,309: Total time for which application threads were stopped: 0,0001994 seconds, Stopping threads took: 0,0000308 seconds
2018-06-19T12:07:30.114+0200: 9,331: Total time for which application threads were stopped: 0,0001208 seconds, Stopping threads took: 0,0000455 seconds
2018-06-19T12:07:30.114+0200: 9,331: Total time for which application threads were stopped: 0,0001094 seconds, Stopping threads took: 0,0000532 seconds
2018-06-19T12:07:30.114+0200: 9,331: Total time for which application threads were stopped: 0,0000559 seconds, Stopping threads took: 0,0000175 seconds
2018-06-19T12:07:30.114+0200: 9,331: Total time for which application threads were stopped: 0,0000582 seconds, Stopping threads took: 0,0000212 seconds
2018-06-19T12:07:30.115+0200: 9,332: Total time for which application threads were stopped: 0,0000987 seconds, Stopping threads took: 0,0000366 seconds
2018-06-19T12:07:30.115+0200: 9,332: Total time for which application threads were stopped: 0,0000588 seconds, Stopping threads took: 0,0000257 seconds
2018-06-19T12:07:30.115+0200: 9,332: Total time for which application threads were stopped: 0,0000440 seconds, Stopping threads took: 0,0000162 seconds
2018-06-19T12:07:30.120+0200: 9,337: Total time for which application threads were stopped: 0,0001169 seconds, Stopping threads took: 0,0000310 seconds
2018-06-19T12:07:30.193+0200: 9,410: Total time for which application threads were stopped: 0,0004034 seconds, Stopping threads took: 0,0000175 seconds
2018-06-19T12:07:30.194+0200: 9,411: Total time for which application threads were stopped: 0,0004204 seconds, Stopping threads took: 0,0000229 seconds
2018-06-19T12:07:30.403+0200: 9,620: Total time for which application threads were stopped: 0,0002156 seconds, Stopping threads took: 0,0000280 seconds
{Heap before GC invocations=10 (full 1):
 par new generation   total 109248K, used 109248K [0x00000000e0000000, 0x00000000e8000000, 0x00000000e8000000)
  eden space 87424K, 100% used [0x00000000e0000000, 0x00000000e5560000, 0x00000000e5560000)
  from space 21824K, 100% used [0x00000000e5560000, 0x00000000e6ab0000, 0x00000000e6ab0000)
  to   space 21824K,   0% used [0x00000000e6ab0000, 0x00000000e6ab0000, 0x00000000e8000000)
 concurrent mark-sweep generation total 393216K, used 8212K [0x00000000e8000000, 0x0000000100000000, 0x0000000100000000)
 Metaspace       used 30489K, capacity 31214K, committed 31356K, reserved 1077248K
  class space    used 3486K, capacity 3700K, committed 3708K, reserved 1048576K
2018-06-19T12:07:30.681+0200: 9,898: [GC (Allocation Failure) 2018-06-19T12:07:30.681+0200: 9,898: [ParNew
Desired survivor size 20112992 bytes, new threshold 5 (max 8)
- age   1:    2837104 bytes,    2837104 total
- age   2:    4611248 bytes,    7448352 total
- age   3:     125792 bytes,    7574144 total
- age   4:    5357936 bytes,   12932080 total
- age   5:    7547880 bytes,   20479960 total
- age   6:      75616 bytes,   20555576 total
- age   7:     104736 bytes,   20660312 total
- age   8:     148632 bytes,   20808944 total
: 109248K->21824K(109248K), 0,0301421 secs] 117460K->31919K(502464K), 0,0302043 secs] [Times: user=0,09 sys=0,00, real=0,03 secs] 
Heap after GC invocations=11 (full 1):
 par new generation   total 109248K, used 21824K [0x00000000e0000000, 0x00000000e8000000, 0x00000000e8000000)
  eden space 87424K,   0% used [0x00000000e0000000, 0x00000000e0000000, 0x00000000e5560000)
  from space 21824K, 100% used [0x00000000e6ab0000, 0x00000000e8000000, 0x00000000e8000000)
  to   space 21824K,   0% used [0x00000000e5560000, 0x00000000e5560000, 0x00000000e6ab0000)
 concurrent mark-sweep generation total 393216K, used 10095K [0x00000000e8000000, 0x0000000100000000, 0x0000000100000000)
 Metaspace       used 30489K, capacity 31214K, committed 31356K, reserved 1077248K
  class space    used 3486K, capacity 3700K, committed 3708K, reserved 1048576K
}
2018-06-19T12:07:30.711+0200: 9,928: Total time for which application threads were stopped: 0,0304811 seconds, Stopping threads took: 0,0000238 seconds
2018-06-19T12:07:30.820+0200: 10,037: Total time for which application threads were stopped: 0,0001530 seconds, Stopping threads took: 0,0000278 seconds
2018-06-19T12:07:30.820+0200: 10,037: Total time for which application threads were stopped: 0,0000625 seconds, Stopping threads took: 0,0000090 seconds
2018-06-19T12:07:30.858+0200: 10,074: Total time for which application threads were stopped: 0,0001614 seconds, Stopping threads took: 0,0000538 seconds
2018-06-19T12:07:30.882+0200: 10,099: Total time for which application threads were stopped: 0,0006681 seconds, Stopping threads took: 0,0003027 seconds
2018-06-19T12:07:31.025+0200: 10,242: Total time for which application threads were stopped: 0,0001677 seconds, Stopping threads took: 0,0000365 seconds
2018-06-19T12:07:31.032+0200: 10,249: Total time for which application threads were stopped: 0,0002977 seconds, Stopping threads took: 0,0001195 seconds
2018-06-19T12:07:31.033+0200: 10,250: Total time for which application threads were stopped: 0,0003746 seconds, Stopping threads took: 0,0000874 seconds
2018-06-19T12:07:31.253+0200: 10,470: Total time for which application threads were stopped: 0,0002168 seconds, Stopping threads took: 0,0000354 seconds
2018-06-19T12:07:31.266+0200: 10,483: Total time for which application threads were stopped: 0,0044970 seconds, Stopping threads took: 0,0043760 seconds
2018-06-19T12:07:31.283+0200: 10,500: Total time for which application threads were stopped: 0,0061946 seconds, Stopping threads took: 0,0060696 seconds
2018-06-19T12:07:31.283+0200: 10,500: Total time for which application threads were stopped: 0,0001404 seconds, Stopping threads took: 0,0000532 seconds
2018-06-19T12:07:31.284+0200: 10,501: Total time for which application threads were stopped: 0,0001259 seconds, Stopping threads took: 0,0000420 seconds
{Heap before GC invocations=11 (full 1):
 par new generation   total 109248K, used 109248K [0x00000000e0000000, 0x00000000e8000000, 0x00000000e8000000)
  eden space 87424K, 100% used [0x00000000e0000000, 0x00000000e5560000, 0x00000000e5560000)
  from space 21824K, 100% used [0x00000000e6ab0000, 0x00000000e8000000, 0x00000000e8000000)
  to   space 21824K,   0% used [0x00000000e5560000, 0x00000000e5560000, 0x00000000e6ab0000)
 concurrent mark-sweep generation total 393216K, used 10095K [0x00000000e8000000, 0x0000000100000000, 0x0000000100000000)
 Metaspace       used 30573K, capacity 31278K, committed 31612K, reserved 1077248K
  class space    used 3493K, capacity 3700K, committed 3708K, reserved 1048576K
2018-06-19T12:07:31.286+0200: 10,503: [GC (Allocation Failure) 2018-06-19T12:07:31.287+0200: 10,503: [ParNew
Desired survivor size 20112992 bytes, new threshold 8 (max 8)
- age   1:    1616184 bytes,    1616184 total
- age   2:    2262544 bytes,    3878728 total
- age   3:    4611248 bytes,    8489976 total
- age   4:     125792 bytes,    8615768 total
- age   5:    5357504 bytes,   13973272 total
: 109248K->21824K(109248K), 0,0604747 secs] 119343K->41128K(502464K), 0,0607156 secs] [Times: user=0,12 sys=0,01, real=0,06 secs] 
Heap after GC invocations=12 (full 1):
 par new generation   total 109248K, used 21824K [0x00000000e0000000, 0x00000000e8000000, 0x00000000e8000000)
  eden space 87424K,   0% used [0x00000000e0000000, 0x00000000e0000000, 0x00000000e5560000)
  from space 21824K, 100% used [0x00000000e5560000, 0x00000000e6ab0000, 0x00000000e6ab0000)
  to   space 21824K,   0% used [0x00000000e6ab0000, 0x00000000e6ab0000, 0x00000000e8000000)
 concurrent mark-sweep generation total 393216K, used 19304K [0x00000000e8000000, 0x0000000100000000, 0x0000000100000000)
 Metaspace       used 30573K, capacity 31278K, committed 31612K, reserved 1077248K
  class space    used 3493K, capacity 3700K, committed 3708K, reserved 1048576K
}
2018-06-19T12:07:31.347+0200: 10,564: Total time for which application threads were stopped: 0,0613007 seconds, Stopping threads took: 0,0001398 seconds
2018-06-19T12:07:31.352+0200: 10,569: Total time for which application threads were stopped: 0,0001512 seconds, Stopping threads took: 0,0000580 seconds
2018-06-19T12:07:31.353+0200: 10,569: Total time for which application threads were stopped: 0,0001244 seconds, Stopping threads took: 0,0000475 seconds
2018-06-19T12:07:31.432+0200: 10,649: Total time for which application threads were stopped: 0,0002353 seconds, Stopping threads took: 0,0000668 seconds
2018-06-19T12:07:31.445+0200: 10,662: Total time for which application threads were stopped: 0,0061916 seconds, Stopping threads took: 0,0060407 seconds
2018-06-19T12:07:31.484+0200: 10,701: Total time for which application threads were stopped: 0,0001743 seconds, Stopping threads took: 0,0000604 seconds
2018-06-19T12:07:31.522+0200: 10,739: Total time for which application threads were stopped: 0,0004877 seconds, Stopping threads took: 0,0003449 seconds
{Heap before GC invocations=12 (full 1):
 par new generation   total 109248K, used 109230K [0x00000000e0000000, 0x00000000e8000000, 0x00000000e8000000)
  eden space 87424K,  99% used [0x00000000e0000000, 0x00000000e555b9d0, 0x00000000e5560000)
  from space 21824K, 100% used [0x00000000e5560000, 0x00000000e6ab0000, 0x00000000e6ab0000)
  to   space 21824K,   0% used [0x00000000e6ab0000, 0x00000000e6ab0000, 0x00000000e8000000)
 concurrent mark-sweep generation total 393216K, used 19304K [0x00000000e8000000, 0x0000000100000000, 0x0000000100000000)
 Metaspace       used 30770K, capacity 31502K, committed 31740K, reserved 1077248K
  class space    used 3508K, capacity 3732K, committed 3836K, reserved 1048576K
2018-06-19T12:07:31.776+0200: 10,993: [GC (Allocation Failure) 2018-06-19T12:07:31.776+0200: 10,993: [ParNew
Desired survivor size 20112992 bytes, new threshold 8 (max 8)
- age   1:    1457392 bytes,    1457392 total
- age   2:     479824 bytes,    1937216 total
- age   3:    1568128 bytes,    3505344 total
- age   4:    4644032 bytes,    8149376 total
- age   5:     125792 bytes,    8275168 total
- age   6:    5357472 bytes,   13632640 total
: 109230K->17062K(109248K), 0,0273796 secs] 128534K->36367K(502464K), 0,0275003 secs] [Times: user=0,05 sys=0,00, real=0,02 secs] 
Heap after GC invocations=13 (full 1):
 par new generation   total 109248K, used 17062K [0x00000000e0000000, 0x00000000e8000000, 0x00000000e8000000)
  eden space 87424K,   0% used [0x00000000e0000000, 0x00000000e0000000, 0x00000000e5560000)
  from space 21824K,  78% used [0x00000000e6ab0000, 0x00000000e7b59b38, 0x00000000e8000000)
  to   space 21824K,   0% used [0x00000000e5560000, 0x00000000e5560000, 0x00000000e6ab0000)
 concurrent mark-sweep generation total 393216K, used 19304K [0x00000000e8000000, 0x0000000100000000, 0x0000000100000000)
 Metaspace       used 30770K, capacity 31502K, committed 31740K, reserved 1077248K
  class space    used 3508K, capacity 3732K, committed 3836K, reserved 1048576K
}
2018-06-19T12:07:31.803+0200: 11,020: Total time for which application threads were stopped: 0,0278679 seconds, Stopping threads took: 0,0000454 seconds
2018-06-19T12:07:32.212+0200: 11,429: Total time for which application threads were stopped: 0,0001690 seconds, Stopping threads took: 0,0000508 seconds
{Heap before GC invocations=13 (full 1):
 par new generation   total 109248K, used 104486K [0x00000000e0000000, 0x00000000e8000000, 0x00000000e8000000)
  eden space 87424K, 100% used [0x00000000e0000000, 0x00000000e5560000, 0x00000000e5560000)
  from space 21824K,  78% used [0x00000000e6ab0000, 0x00000000e7b59b38, 0x00000000e8000000)
  to   space 21824K,   0% used [0x00000000e5560000, 0x00000000e5560000, 0x00000000e6ab0000)
 concurrent mark-sweep generation total 393216K, used 19304K [0x00000000e8000000, 0x0000000100000000, 0x0000000100000000)
 Metaspace       used 30778K, capacity 31502K, committed 31740K, reserved 1077248K
  class space    used 3508K, capacity 3732K, committed 3836K, reserved 1048576K
2018-06-19T12:07:32.219+0200: 11,436: [GC (Allocation Failure) 2018-06-19T12:07:32.219+0200: 11,436: [ParNew
Desired survivor size 20112992 bytes, new threshold 8 (max 8)
- age   1:    1661896 bytes,    1661896 total
- age   2:    1010480 bytes,    2672376 total
- age   3:     478776 bytes,    3151152 total
- age   4:    1566712 bytes,    4717864 total
- age   5:    4611248 bytes,    9329112 total
- age   6:     125792 bytes,    9454904 total
- age   7:    7585816 bytes,   17040720 total
: 104486K->20185K(109248K), 0,0191963 secs] 123791K->39489K(502464K), 0,0192874 secs] [Times: user=0,05 sys=0,00, real=0,02 secs] 
Heap after GC invocations=14 (full 1):
 par new generation   total 109248K, used 20185K [0x00000000e0000000, 0x00000000e8000000, 0x00000000e8000000)
  eden space 87424K,   0% used [0x00000000e0000000, 0x00000000e0000000, 0x00000000e5560000)
  from space 21824K,  92% used [0x00000000e5560000, 0x00000000e69164a0, 0x00000000e6ab0000)
  to   space 21824K,   0% used [0x00000000e6ab0000, 0x00000000e6ab0000, 0x00000000e8000000)
 concurrent mark-sweep generation total 393216K, used 19304K [0x00000000e8000000, 0x0000000100000000, 0x0000000100000000)
 Metaspace       used 30778K, capacity 31502K, committed 31740K, reserved 1077248K
  class space    used 3508K, capacity 3732K, committed 3836K, reserved 1048576K
}
2018-06-19T12:07:32.238+0200: 11,455: Total time for which application threads were stopped: 0,0222849 seconds, Stopping threads took: 0,0028247 seconds
2018-06-19T12:07:32.245+0200: 11,462: Total time for which application threads were stopped: 0,0001370 seconds, Stopping threads took: 0,0000512 seconds
2018-06-19T12:07:32.264+0200: 11,481: Total time for which application threads were stopped: 0,0038268 seconds, Stopping threads took: 0,0037432 seconds
2018-06-19T12:07:32.265+0200: 11,482: Total time for which application threads were stopped: 0,0002127 seconds, Stopping threads took: 0,0001414 seconds
2018-06-19T12:07:32.301+0200: 11,518: Total time for which application threads were stopped: 0,0002912 seconds, Stopping threads took: 0,0000729 seconds
2018-06-19T12:07:32.382+0200: 11,599: Total time for which application threads were stopped: 0,0001844 seconds, Stopping threads took: 0,0000620 seconds
2018-06-19T12:07:32.387+0200: 11,604: Total time for which application threads were stopped: 0,0001792 seconds, Stopping threads took: 0,0000784 seconds
2018-06-19T12:07:32.392+0200: 11,609: Total time for which application threads were stopped: 0,0001414 seconds, Stopping threads took: 0,0000366 seconds
{Heap before GC invocations=14 (full 1):
 par new generation   total 109248K, used 107609K [0x00000000e0000000, 0x00000000e8000000, 0x00000000e8000000)
  eden space 87424K, 100% used [0x00000000e0000000, 0x00000000e5560000, 0x00000000e5560000)
  from space 21824K,  92% used [0x00000000e5560000, 0x00000000e69164a0, 0x00000000e6ab0000)
  to   space 21824K,   0% used [0x00000000e6ab0000, 0x00000000e6ab0000, 0x00000000e8000000)
 concurrent mark-sweep generation total 393216K, used 19304K [0x00000000e8000000, 0x0000000100000000, 0x0000000100000000)
 Metaspace       used 30809K, capacity 31502K, committed 31740K, reserved 1077248K
  class space    used 3509K, capacity 3732K, committed 3836K, reserved 1048576K
2018-06-19T12:07:32.410+0200: 11,627: [GC (Allocation Failure) 2018-06-19T12:07:32.410+0200: 11,627: [ParNew
Desired survivor size 20112992 bytes, new threshold 8 (max 8)
- age   1:    1339680 bytes,    1339680 total
- age   2:     334016 bytes,    1673696 total
- age   3:     338024 bytes,    2011720 total
- age   4:     173928 bytes,    2185648 total
- age   5:    1566272 bytes,    3751920 total
- age   6:    4611248 bytes,    8363168 total
- age   7:     125792 bytes,    8488960 total
- age   8:    5357472 bytes,   13846432 total
: 107609K->17545K(109248K), 0,0226297 secs] 126913K->36849K(502464K), 0,0227285 secs] [Times: user=0,09 sys=0,00, real=0,03 secs] 
Heap after GC invocations=15 (full 1):
 par new generation   total 109248K, used 17545K [0x00000000e0000000, 0x00000000e8000000, 0x00000000e8000000)
  eden space 87424K,   0% used [0x00000000e0000000, 0x00000000e0000000, 0x00000000e5560000)
  from space 21824K,  80% used [0x00000000e6ab0000, 0x00000000e7bd24f0, 0x00000000e8000000)
  to   space 21824K,   0% used [0x00000000e5560000, 0x00000000e5560000, 0x00000000e6ab0000)
 concurrent mark-sweep generation total 393216K, used 19304K [0x00000000e8000000, 0x0000000100000000, 0x0000000100000000)
 Metaspace       used 30809K, capacity 31502K, committed 31740K, reserved 1077248K
  class space    used 3509K, capacity 3732K, committed 3836K, reserved 1048576K
}
2018-06-19T12:07:32.433+0200: 11,650: Total time for which application threads were stopped: 0,0229693 seconds, Stopping threads took: 0,0000372 seconds
{Heap before GC invocations=15 (full 1):
 par new generation   total 109248K, used 104958K [0x00000000e0000000, 0x00000000e8000000, 0x00000000e8000000)
  eden space 87424K,  99% used [0x00000000e0000000, 0x00000000e555d3f0, 0x00000000e5560000)
  from space 21824K,  80% used [0x00000000e6ab0000, 0x00000000e7bd24f0, 0x00000000e8000000)
  to   space 21824K,   0% used [0x00000000e5560000, 0x00000000e5560000, 0x00000000e6ab0000)
 concurrent mark-sweep generation total 393216K, used 19304K [0x00000000e8000000, 0x0000000100000000, 0x0000000100000000)
 Metaspace       used 30816K, capacity 31502K, committed 31740K, reserved 1077248K
  class space    used 3509K, capacity 3732K, committed 3836K, reserved 1048576K
2018-06-19T12:07:32.578+0200: 11,795: [GC (Allocation Failure) 2018-06-19T12:07:32.578+0200: 11,795: [ParNew
Desired survivor size 20112992 bytes, new threshold 8 (max 8)
- age   1:    1331904 bytes,    1331904 total
- age   2:    1054952 bytes,    2386856 total
- age   3:     333880 bytes,    2720736 total
- age   4:     337208 bytes,    3057944 total
- age   5:     173880 bytes,    3231824 total
- age   6:    1565936 bytes,    4797760 total
- age   7:    4611248 bytes,    9409008 total
- age   8:     125792 bytes,    9534800 total
: 104958K->12403K(109248K), 0,0260433 secs] 124262K->36955K(502464K), 0,0261354 secs] [Times: user=0,08 sys=0,00, real=0,03 secs] 
Heap after GC invocations=16 (full 1):
 par new generation   total 109248K, used 12403K [0x00000000e0000000, 0x00000000e8000000, 0x00000000e8000000)
  eden space 87424K,   0% used [0x00000000e0000000, 0x00000000e0000000, 0x00000000e5560000)
  from space 21824K,  56% used [0x00000000e5560000, 0x00000000e617cc38, 0x00000000e6ab0000)
  to   space 21824K,   0% used [0x00000000e6ab0000, 0x00000000e6ab0000, 0x00000000e8000000)
 concurrent mark-sweep generation total 393216K, used 24552K [0x00000000e8000000, 0x0000000100000000, 0x0000000100000000)
 Metaspace       used 30816K, capacity 31502K, committed 31740K, reserved 1077248K
  class space    used 3509K, capacity 3732K, committed 3836K, reserved 1048576K
}
2018-06-19T12:07:32.604+0200: 11,821: Total time for which application threads were stopped: 0,0264439 seconds, Stopping threads took: 0,0000558 seconds
{Heap before GC invocations=16 (full 1):
 par new generation   total 109248K, used 99827K [0x00000000e0000000, 0x00000000e8000000, 0x00000000e8000000)
  eden space 87424K, 100% used [0x00000000e0000000, 0x00000000e5560000, 0x00000000e5560000)
  from space 21824K,  56% used [0x00000000e5560000, 0x00000000e617cc38, 0x00000000e6ab0000)
  to   space 21824K,   0% used [0x00000000e6ab0000, 0x00000000e6ab0000, 0x00000000e8000000)
 concurrent mark-sweep generation total 393216K, used 24552K [0x00000000e8000000, 0x0000000100000000, 0x0000000100000000)
 Metaspace       used 30817K, capacity 31502K, committed 31740K, reserved 1077248K
  class space    used 3509K, capacity 3732K, committed 3836K, reserved 1048576K
2018-06-19T12:07:32.751+0200: 11,968: [GC (Allocation Failure) 2018-06-19T12:07:32.751+0200: 11,968: [ParNew
Desired survivor size 20112992 bytes, new threshold 8 (max 8)
- age   1:    1461128 bytes,    1461128 total
- age   2:     906880 bytes,    2368008 total
- age   3:    1054928 bytes,    3422936 total
- age   4:     333776 bytes,    3756712 total
- age   5:     337208 bytes,    4093920 total
- age   6:     173848 bytes,    4267768 total
- age   7:    1565936 bytes,    5833704 total
- age   8:    4611248 bytes,   10444952 total
: 99827K->13392K(109248K), 0,0407350 secs] 124379K->38069K(502464K), 0,0408362 secs] [Times: user=0,12 sys=0,00, real=0,04 secs] 
Heap after GC invocations=17 (full 1):
 par new generation   total 109248K, used 13392K [0x00000000e0000000, 0x00000000e8000000, 0x00000000e8000000)
  eden space 87424K,   0% used [0x00000000e0000000, 0x00000000e0000000, 0x00000000e5560000)
  from space 21824K,  61% used [0x00000000e6ab0000, 0x00000000e77c40a0, 0x00000000e8000000)
  to   space 21824K,   0% used [0x00000000e5560000, 0x00000000e5560000, 0x00000000e6ab0000)
 concurrent mark-sweep generation total 393216K, used 24677K [0x00000000e8000000, 0x0000000100000000, 0x0000000100000000)
 Metaspace       used 30817K, capacity 31502K, committed 31740K, reserved 1077248K
  class space    used 3509K, capacity 3732K, committed 3836K, reserved 1048576K
}
2018-06-19T12:07:32.792+0200: 12,009: Total time for which application threads were stopped: 0,0411193 seconds, Stopping threads took: 0,0000389 seconds
{Heap before GC invocations=17 (full 1):
 par new generation   total 109248K, used 100816K [0x00000000e0000000, 0x00000000e8000000, 0x00000000e8000000)
  eden space 87424K, 100% used [0x00000000e0000000, 0x00000000e5560000, 0x00000000e5560000)
  from space 21824K,  61% used [0x00000000e6ab0000, 0x00000000e77c40a0, 0x00000000e8000000)
  to   space 21824K,   0% used [0x00000000e5560000, 0x00000000e5560000, 0x00000000e6ab0000)
 concurrent mark-sweep generation total 393216K, used 24677K [0x00000000e8000000, 0x0000000100000000, 0x0000000100000000)
 Metaspace       used 30824K, capacity 31502K, committed 31740K, reserved 1077248K
  class space    used 3509K, capacity 3732K, committed 3836K, reserved 1048576K
2018-06-19T12:07:32.935+0200: 12,152: [GC (Allocation Failure) 2018-06-19T12:07:32.935+0200: 12,152: [ParNew
Desired survivor size 20112992 bytes, new threshold 8 (max 8)
- age   1:    1793800 bytes,    1793800 total
- age   2:     973800 bytes,    2767600 total
- age   3:     808504 bytes,    3576104 total
- age   4:    1054928 bytes,    4631032 total
- age   5:     333776 bytes,    4964808 total
- age   6:     337208 bytes,    5302016 total
- age   7:     173816 bytes,    5475832 total
- age   8:    1565936 bytes,    7041768 total
: 100816K->8824K(109248K), 0,0528097 secs] 125493K->38283K(502464K), 0,0529280 secs] [Times: user=0,13 sys=0,02, real=0,05 secs] 
Heap after GC invocations=18 (full 1):
 par new generation   total 109248K, used 8824K [0x00000000e0000000, 0x00000000e8000000, 0x00000000e8000000)
  eden space 87424K,   0% used [0x00000000e0000000, 0x00000000e0000000, 0x00000000e5560000)
  from space 21824K,  40% used [0x00000000e5560000, 0x00000000e5dfe1b8, 0x00000000e6ab0000)
  to   space 21824K,   0% used [0x00000000e6ab0000, 0x00000000e6ab0000, 0x00000000e8000000)
 concurrent mark-sweep generation total 393216K, used 29458K [0x00000000e8000000, 0x0000000100000000, 0x0000000100000000)
 Metaspace       used 30824K, capacity 31502K, committed 31740K, reserved 1077248K
  class space    used 3509K, capacity 3732K, committed 3836K, reserved 1048576K
}
2018-06-19T12:07:32.988+0200: 12,205: Total time for which application threads were stopped: 0,0532359 seconds, Stopping threads took: 0,0000597 seconds
{Heap before GC invocations=18 (full 1):
 par new generation   total 109248K, used 96229K [0x00000000e0000000, 0x00000000e8000000, 0x00000000e8000000)
  eden space 87424K,  99% used [0x00000000e0000000, 0x00000000e555b4d8, 0x00000000e5560000)
  from space 21824K,  40% used [0x00000000e5560000, 0x00000000e5dfe1b8, 0x00000000e6ab0000)
  to   space 21824K,   0% used [0x00000000e6ab0000, 0x00000000e6ab0000, 0x00000000e8000000)
 concurrent mark-sweep generation total 393216K, used 29458K [0x00000000e8000000, 0x0000000100000000, 0x0000000100000000)
 Metaspace       used 30834K, capacity 31502K, committed 31740K, reserved 1077248K
  class space    used 3509K, capacity 3732K, committed 3836K, reserved 1048576K
2018-06-19T12:07:33.137+0200: 12,354: [GC (Allocation Failure) 2018-06-19T12:07:33.137+0200: 12,354: [ParNew
Desired survivor size 20112992 bytes, new threshold 8 (max 8)
- age   1:    1610232 bytes,    1610232 total
- age   2:    1197504 bytes,    2807736 total
- age   3:     974376 bytes,    3782112 total
- age   4:     809152 bytes,    4591264 total
- age   5:    1055696 bytes,    5646960 total
- age   6:     333720 bytes,    5980680 total
- age   7:     337176 bytes,    6317856 total
- age   8:     173496 bytes,    6491352 total
: 96229K->11231K(109248K), 0,0316336 secs] 125688K->42231K(502464K), 0,0319799 secs] [Times: user=0,09 sys=0,02, real=0,03 secs] 
Heap after GC invocations=19 (full 1):
 par new generation   total 109248K, used 11231K [0x00000000e0000000, 0x00000000e8000000, 0x00000000e8000000)
  eden space 87424K,   0% used [0x00000000e0000000, 0x00000000e0000000, 0x00000000e5560000)
  from space 21824K,  51% used [0x00000000e6ab0000, 0x00000000e75a7f88, 0x00000000e8000000)
  to   space 21824K,   0% used [0x00000000e5560000, 0x00000000e5560000, 0x00000000e6ab0000)
 concurrent mark-sweep generation total 393216K, used 30999K [0x00000000e8000000, 0x0000000100000000, 0x0000000100000000)
 Metaspace       used 30834K, capacity 31502K, committed 31740K, reserved 1077248K
  class space    used 3509K, capacity 3732K, committed 3836K, reserved 1048576K
}
2018-06-19T12:07:33.169+0200: 12,386: Total time for which application threads were stopped: 0,0330358 seconds, Stopping threads took: 0,0002404 seconds
2018-06-19T12:07:33.213+0200: 12,430: Total time for which application threads were stopped: 0,0001965 seconds, Stopping threads took: 0,0000758 seconds
2018-06-19T12:07:33.265+0200: 12,481: Total time for which application threads were stopped: 0,0001735 seconds, Stopping threads took: 0,0000780 seconds
2018-06-19T12:07:33.269+0200: 12,486: Total time for which application threads were stopped: 0,0002631 seconds, Stopping threads took: 0,0000949 seconds
2018-06-19T12:07:33.270+0200: 12,487: Total time for which application threads were stopped: 0,0001464 seconds, Stopping threads took: 0,0000619 seconds
2018-06-19T12:07:33.308+0200: 12,525: Total time for which application threads were stopped: 0,0019188 seconds, Stopping threads took: 0,0017880 seconds
2018-06-19T12:07:33.315+0200: 12,532: Total time for which application threads were stopped: 0,0065542 seconds, Stopping threads took: 0,0060154 seconds
2018-06-19T12:07:33.320+0200: 12,537: Total time for which application threads were stopped: 0,0001642 seconds, Stopping threads took: 0,0000584 seconds
{Heap before GC invocations=19 (full 1):
 par new generation   total 109248K, used 98655K [0x00000000e0000000, 0x00000000e8000000, 0x00000000e8000000)
  eden space 87424K, 100% used [0x00000000e0000000, 0x00000000e5560000, 0x00000000e5560000)
  from space 21824K,  51% used [0x00000000e6ab0000, 0x00000000e75a7f88, 0x00000000e8000000)
  to   space 21824K,   0% used [0x00000000e5560000, 0x00000000e5560000, 0x00000000e6ab0000)
 concurrent mark-sweep generation total 393216K, used 30999K [0x00000000e8000000, 0x0000000100000000, 0x0000000100000000)
 Metaspace       used 30885K, capacity 31566K, committed 31996K, reserved 1077248K
  class space    used 3509K, capacity 3732K, committed 3836K, reserved 1048576K
2018-06-19T12:07:33.329+0200: 12,546: [GC (Allocation Failure) 2018-06-19T12:07:33.329+0200: 12,546: [ParNew
Desired survivor size 20112992 bytes, new threshold 8 (max 8)
- age   1:    2036656 bytes,    2036656 total
- age   2:    1201608 bytes,    3238264 total
- age   3:    1141320 bytes,    4379584 total
- age   4:     819552 bytes,    5199136 total
- age   5:     752488 bytes,    5951624 total
- age   6:     989208 bytes,    6940832 total
- age   7:     274584 bytes,    7215416 total
- age   8:     336408 bytes,    7551824 total
: 98655K->9564K(109248K), 0,0142754 secs] 129655K->40733K(502464K), 0,0145074 secs] [Times: user=0,06 sys=0,00, real=0,01 secs] 
Heap after GC invocations=20 (full 1):
 par new generation   total 109248K, used 9564K [0x00000000e0000000, 0x00000000e8000000, 0x00000000e8000000)
  eden space 87424K,   0% used [0x00000000e0000000, 0x00000000e0000000, 0x00000000e5560000)
  from space 21824K,  43% used [0x00000000e5560000, 0x00000000e5eb7060, 0x00000000e6ab0000)
  to   space 21824K,   0% used [0x00000000e6ab0000, 0x00000000e6ab0000, 0x00000000e8000000)
 concurrent mark-sweep generation total 393216K, used 31169K [0x00000000e8000000, 0x0000000100000000, 0x0000000100000000)
 Metaspace       used 30885K, capacity 31566K, committed 31996K, reserved 1077248K
  class space    used 3509K, capacity 3732K, committed 3836K, reserved 1048576K
}
2018-06-19T12:07:33.344+0200: 12,561: Total time for which application threads were stopped: 0,0149699 seconds, Stopping threads took: 0,0000552 seconds
{Heap before GC invocations=20 (full 1):
 par new generation   total 109248K, used 96988K [0x00000000e0000000, 0x00000000e8000000, 0x00000000e8000000)
  eden space 87424K, 100% used [0x00000000e0000000, 0x00000000e5560000, 0x00000000e5560000)
  from space 21824K,  43% used [0x00000000e5560000, 0x00000000e5eb7060, 0x00000000e6ab0000)
  to   space 21824K,   0% used [0x00000000e6ab0000, 0x00000000e6ab0000, 0x00000000e8000000)
 concurrent mark-sweep generation total 393216K, used 31169K [0x00000000e8000000, 0x0000000100000000, 0x0000000100000000)
 Metaspace       used 30915K, capacity 31566K, committed 31996K, reserved 1077248K
  class space    used 3509K, capacity 3732K, committed 3836K, reserved 1048576K
2018-06-19T12:07:33.494+0200: 12,711: [GC (Allocation Failure) 2018-06-19T12:07:33.494+0200: 12,711: [ParNew
Desired survivor size 20112992 bytes, new threshold 8 (max 8)
- age   1:    1384904 bytes,    1384904 total
- age   2:    1783672 bytes,    3168576 total
- age   3:    1201608 bytes,    4370184 total
- age   4:    1141320 bytes,    5511504 total
- age   5:     819552 bytes,    6331056 total
- age   6:     752488 bytes,    7083544 total
- age   7:     989160 bytes,    8072704 total
- age   8:     274248 bytes,    8346952 total
: 96988K->11072K(109248K), 0,0145297 secs] 128157K->42571K(502464K), 0,0145993 secs] [Times: user=0,06 sys=0,00, real=0,01 secs] 
Heap after GC invocations=21 (full 1):
 par new generation   total 109248K, used 11072K [0x00000000e0000000, 0x00000000e8000000, 0x00000000e8000000)
  eden space 87424K,   0% used [0x00000000e0000000, 0x00000000e0000000, 0x00000000e5560000)
  from space 21824K,  50% used [0x00000000e6ab0000, 0x00000000e7580368, 0x00000000e8000000)
  to   space 21824K,   0% used [0x00000000e5560000, 0x00000000e5560000, 0x00000000e6ab0000)
 concurrent mark-sweep generation total 393216K, used 31498K [0x00000000e8000000, 0x0000000100000000, 0x0000000100000000)
 Metaspace       used 30915K, capacity 31566K, committed 31996K, reserved 1077248K
  class space    used 3509K, capacity 3732K, committed 3836K, reserved 1048576K
}
2018-06-19T12:07:33.508+0200: 12,725: Total time for which application threads were stopped: 0,0148351 seconds, Stopping threads took: 0,0000329 seconds
{Heap before GC invocations=21 (full 1):
 par new generation   total 109248K, used 98496K [0x00000000e0000000, 0x00000000e8000000, 0x00000000e8000000)
  eden space 87424K, 100% used [0x00000000e0000000, 0x00000000e5560000, 0x00000000e5560000)
  from space 21824K,  50% used [0x00000000e6ab0000, 0x00000000e7580368, 0x00000000e8000000)
  to   space 21824K,   0% used [0x00000000e5560000, 0x00000000e5560000, 0x00000000e6ab0000)
 concurrent mark-sweep generation total 393216K, used 31498K [0x00000000e8000000, 0x0000000100000000, 0x0000000100000000)
 Metaspace       used 30937K, capacity 31636K, committed 31996K, reserved 1077248K
  class space    used 3509K, capacity 3733K, committed 3836K, reserved 1048576K
2018-06-19T12:07:33.651+0200: 12,868: [GC (Allocation Failure) 2018-06-19T12:07:33.651+0200: 12,868: [ParNew
Desired survivor size 20112992 bytes, new threshold 8 (max 8)
- age   1:    1707792 bytes,    1707792 total
- age   2:     965176 bytes,    2672968 total
- age   3:     818544 bytes,    3491512 total
- age   4:      82528 bytes,    3574040 total
- age   5:     105936 bytes,    3679976 total
- age   6:     109712 bytes,    3789688 total
- age   7:      73328 bytes,    3863016 total
- age   8:     352920 bytes,    4215936 total
: 98496K->6957K(109248K), 0,0108035 secs] 129995K->38566K(502464K), 0,0109056 secs] [Times: user=0,04 sys=0,00, real=0,01 secs] 
Heap after GC invocations=22 (full 1):
 par new generation   total 109248K, used 6957K [0x00000000e0000000, 0x00000000e8000000, 0x00000000e8000000)
  eden space 87424K,   0% used [0x00000000e0000000, 0x00000000e0000000, 0x00000000e5560000)
  from space 21824K,  31% used [0x00000000e5560000, 0x00000000e5c2b760, 0x00000000e6ab0000)
  to   space 21824K,   0% used [0x00000000e6ab0000, 0x00000000e6ab0000, 0x00000000e8000000)
 concurrent mark-sweep generation total 393216K, used 31608K [0x00000000e8000000, 0x0000000100000000, 0x0000000100000000)
 Metaspace       used 30937K, capacity 31636K, committed 31996K, reserved 1077248K
  class space    used 3509K, capacity 3733K, committed 3836K, reserved 1048576K
}
2018-06-19T12:07:33.662+0200: 12,879: Total time for which application threads were stopped: 0,0112493 seconds, Stopping threads took: 0,0000620 seconds
{Heap before GC invocations=22 (full 1):
 par new generation   total 109248K, used 94350K [0x00000000e0000000, 0x00000000e8000000, 0x00000000e8000000)
  eden space 87424K,  99% used [0x00000000e0000000, 0x00000000e55582e8, 0x00000000e5560000)
  from space 21824K,  31% used [0x00000000e5560000, 0x00000000e5c2b760, 0x00000000e6ab0000)
  to   space 21824K,   0% used [0x00000000e6ab0000, 0x00000000e6ab0000, 0x00000000e8000000)
 concurrent mark-sweep generation total 393216K, used 31608K [0x00000000e8000000, 0x0000000100000000, 0x0000000100000000)
 Metaspace       used 30945K, capacity 31636K, committed 31996K, reserved 1077248K
  class space    used 3509K, capacity 3733K, committed 3836K, reserved 1048576K
2018-06-19T12:07:33.794+0200: 13,011: [GC (Allocation Failure) 2018-06-19T12:07:33.794+0200: 13,011: [ParNew
Desired survivor size 20112992 bytes, new threshold 8 (max 8)
- age   1:    1503504 bytes,    1503504 total
- age   2:    1359848 bytes,    2863352 total
- age   3:     915664 bytes,    3779016 total
- age   4:     818088 bytes,    4597104 total
- age   5:      82528 bytes,    4679632 total
- age   6:     105936 bytes,    4785568 total
- age   7:     109664 bytes,    4895232 total
- age   8:      73096 bytes,    4968328 total
: 94350K->5470K(109248K), 0,0100759 secs] 125958K->37423K(502464K), 0,0101607 secs] [Times: user=0,03 sys=0,00, real=0,00 secs] 
Heap after GC invocations=23 (full 1):
 par new generation   total 109248K, used 5470K [0x00000000e0000000, 0x00000000e8000000, 0x00000000e8000000)
  eden space 87424K,   0% used [0x00000000e0000000, 0x00000000e0000000, 0x00000000e5560000)
  from space 21824K,  25% used [0x00000000e6ab0000, 0x00000000e7007b70, 0x00000000e8000000)
  to   space 21824K,   0% used [0x00000000e5560000, 0x00000000e5560000, 0x00000000e6ab0000)
 concurrent mark-sweep generation total 393216K, used 31952K [0x00000000e8000000, 0x0000000100000000, 0x0000000100000000)
 Metaspace       used 30945K, capacity 31636K, committed 31996K, reserved 1077248K
  class space    used 3509K, capacity 3733K, committed 3836K, reserved 1048576K
}
2018-06-19T12:07:33.804+0200: 13,021: Total time for which application threads were stopped: 0,0104149 seconds, Stopping threads took: 0,0000358 seconds
{Heap before GC invocations=23 (full 1):
 par new generation   total 109248K, used 92894K [0x00000000e0000000, 0x00000000e8000000, 0x00000000e8000000)
  eden space 87424K, 100% used [0x00000000e0000000, 0x00000000e5560000, 0x00000000e5560000)
  from space 21824K,  25% used [0x00000000e6ab0000, 0x00000000e7007b70, 0x00000000e8000000)
  to   space 21824K,   0% used [0x00000000e5560000, 0x00000000e5560000, 0x00000000e6ab0000)
 concurrent mark-sweep generation total 393216K, used 31952K [0x00000000e8000000, 0x0000000100000000, 0x0000000100000000)
 Metaspace       used 30946K, capacity 31636K, committed 31996K, reserved 1077248K
  class space    used 3509K, capacity 3733K, committed 3836K, reserved 1048576K
2018-06-19T12:07:33.927+0200: 13,144: [GC (Allocation Failure) 2018-06-19T12:07:33.927+0200: 13,144: [ParNew
Desired survivor size 20112992 bytes, new threshold 8 (max 8)
- age   1:    1893928 bytes,    1893928 total
- age   2:     982568 bytes,    2876496 total
- age   3:    1195880 bytes,    4072376 total
- age   4:     915592 bytes,    4987968 total
- age   5:     818040 bytes,    5806008 total
- age   6:      82528 bytes,    5888536 total
- age   7:     105888 bytes,    5994424 total
- age   8:     109464 bytes,    6103888 total
: 92894K->9417K(109248K), 0,0147183 secs] 124847K->41441K(502464K), 0,0148271 secs] [Times: user=0,06 sys=0,00, real=0,01 secs] 
Heap after GC invocations=24 (full 1):
 par new generation   total 109248K, used 9417K [0x00000000e0000000, 0x00000000e8000000, 0x00000000e8000000)
  eden space 87424K,   0% used [0x00000000e0000000, 0x00000000e0000000, 0x00000000e5560000)
  from space 21824K,  43% used [0x00000000e5560000, 0x00000000e5e92658, 0x00000000e6ab0000)
  to   space 21824K,   0% used [0x00000000e6ab0000, 0x00000000e6ab0000, 0x00000000e8000000)
 concurrent mark-sweep generation total 393216K, used 32023K [0x00000000e8000000, 0x0000000100000000, 0x0000000100000000)
 Metaspace       used 30946K, capacity 31636K, committed 31996K, reserved 1077248K
  class space    used 3509K, capacity 3733K, committed 3836K, reserved 1048576K
}
2018-06-19T12:07:33.942+0200: 13,159: Total time for which application threads were stopped: 0,0151149 seconds, Stopping threads took: 0,0000374 seconds
{Heap before GC invocations=24 (full 1):
 par new generation   total 109248K, used 96841K [0x00000000e0000000, 0x00000000e8000000, 0x00000000e8000000)
  eden space 87424K, 100% used [0x00000000e0000000, 0x00000000e5560000, 0x00000000e5560000)
  from space 21824K,  43% used [0x00000000e5560000, 0x00000000e5e92658, 0x00000000e6ab0000)
  to   space 21824K,   0% used [0x00000000e6ab0000, 0x00000000e6ab0000, 0x00000000e8000000)
 concurrent mark-sweep generation total 393216K, used 32023K [0x00000000e8000000, 0x0000000100000000, 0x0000000100000000)
 Metaspace       used 30947K, capacity 31636K, committed 31996K, reserved 1077248K
  class space    used 3509K, capacity 3733K, committed 3836K, reserved 1048576K
2018-06-19T12:07:34.057+0200: 13,274: [GC (Allocation Failure) 2018-06-19T12:07:34.058+0200: 13,274: [ParNew
Desired survivor size 20112992 bytes, new threshold 8 (max 8)
- age   1:    1787448 bytes,    1787448 total
- age   2:    1215832 bytes,    3003280 total
- age   3:     884936 bytes,    3888216 total
- age   4:    1196336 bytes,    5084552 total
- age   5:     916216 bytes,    6000768 total
- age   6:     816848 bytes,    6817616 total
- age   7:      82480 bytes,    6900096 total
- age   8:     105688 bytes,    7005784 total
: 96841K->8243K(109248K), 0,0057001 secs] 128865K->40374K(502464K), 0,0057685 secs] [Times: user=0,02 sys=0,00, real=0,00 secs] 
Heap after GC invocations=25 (full 1):
 par new generation   total 109248K, used 8243K [0x00000000e0000000, 0x00000000e8000000, 0x00000000e8000000)
  eden space 87424K,   0% used [0x00000000e0000000, 0x00000000e0000000, 0x00000000e5560000)
  from space 21824K,  37% used [0x00000000e6ab0000, 0x00000000e72bcfb8, 0x00000000e8000000)
  to   space 21824K,   0% used [0x00000000e5560000, 0x00000000e5560000, 0x00000000e6ab0000)
 concurrent mark-sweep generation total 393216K, used 32130K [0x00000000e8000000, 0x0000000100000000, 0x0000000100000000)
 Metaspace       used 30947K, capacity 31636K, committed 31996K, reserved 1077248K
  class space    used 3509K, capacity 3733K, committed 3836K, reserved 1048576K
}
2018-06-19T12:07:34.063+0200: 13,280: Total time for which application threads were stopped: 0,0059756 seconds, Stopping threads took: 0,0000322 seconds
{Heap before GC invocations=25 (full 1):
 par new generation   total 109248K, used 95667K [0x00000000e0000000, 0x00000000e8000000, 0x00000000e8000000)
  eden space 87424K, 100% used [0x00000000e0000000, 0x00000000e5560000, 0x00000000e5560000)
  from space 21824K,  37% used [0x00000000e6ab0000, 0x00000000e72bcfb8, 0x00000000e8000000)
  to   space 21824K,   0% used [0x00000000e5560000, 0x00000000e5560000, 0x00000000e6ab0000)
 concurrent mark-sweep generation total 393216K, used 32130K [0x00000000e8000000, 0x0000000100000000, 0x0000000100000000)
 Metaspace       used 30948K, capacity 31636K, committed 31996K, reserved 1077248K
  class space    used 3509K, capacity 3733K, committed 3836K, reserved 1048576K
2018-06-19T12:07:34.168+0200: 13,385: [GC (Allocation Failure) 2018-06-19T12:07:34.168+0200: 13,385: [ParNew
Desired survivor size 20112992 bytes, new threshold 8 (max 8)
- age   1:    1705272 bytes,    1705272 total
- age   2:    1058576 bytes,    2763848 total
- age   3:    1215664 bytes,    3979512 total
- age   4:     885104 bytes,    4864616 total
- age   5:    1196744 bytes,    6061360 total
- age   6:     916480 bytes,    6977840 total
- age   7:     816848 bytes,    7794688 total
- age   8:      82192 bytes,    7876880 total
: 95667K->10081K(109248K), 0,0087842 secs] 127798K->42316K(502464K), 0,0088988 secs] [Times: user=0,03 sys=0,00, real=0,01 secs] 
Heap after GC invocations=26 (full 1):
 par new generation   total 109248K, used 10081K [0x00000000e0000000, 0x00000000e8000000, 0x00000000e8000000)
  eden space 87424K,   0% used [0x00000000e0000000, 0x00000000e0000000, 0x00000000e5560000)
  from space 21824K,  46% used [0x00000000e5560000, 0x00000000e5f387e0, 0x00000000e6ab0000)
  to   space 21824K,   0% used [0x00000000e6ab0000, 0x00000000e6ab0000, 0x00000000e8000000)
 concurrent mark-sweep generation total 393216K, used 32234K [0x00000000e8000000, 0x0000000100000000, 0x0000000100000000)
 Metaspace       used 30948K, capacity 31636K, committed 31996K, reserved 1077248K
  class space    used 3509K, capacity 3733K, committed 3836K, reserved 1048576K
}
2018-06-19T12:07:34.177+0200: 13,394: Total time for which application threads were stopped: 0,0091986 seconds, Stopping threads took: 0,0000588 seconds
2018-06-19T12:07:34.263+0200: 13,480: Total time for which application threads were stopped: 0,0002361 seconds, Stopping threads took: 0,0000639 seconds
{Heap before GC invocations=26 (full 1):
 par new generation   total 109248K, used 97505K [0x00000000e0000000, 0x00000000e8000000, 0x00000000e8000000)
  eden space 87424K, 100% used [0x00000000e0000000, 0x00000000e5560000, 0x00000000e5560000)
  from space 21824K,  46% used [0x00000000e5560000, 0x00000000e5f387e0, 0x00000000e6ab0000)
  to   space 21824K,   0% used [0x00000000e6ab0000, 0x00000000e6ab0000, 0x00000000e8000000)
 concurrent mark-sweep generation total 393216K, used 32234K [0x00000000e8000000, 0x0000000100000000, 0x0000000100000000)
 Metaspace       used 30954K, capacity 31700K, committed 31996K, reserved 1077248K
  class space    used 3509K, capacity 3733K, committed 3836K, reserved 1048576K
2018-06-19T12:07:34.272+0200: 13,489: [GC (Allocation Failure) 2018-06-19T12:07:34.272+0200: 13,489: [ParNew
Desired survivor size 20112992 bytes, new threshold 8 (max 8)
- age   1:    1615064 bytes,    1615064 total
- age   2:    1582544 bytes,    3197608 total
- age   3:    1000376 bytes,    4197984 total
- age   4:    1158448 bytes,    5356432 total
- age   5:     827840 bytes,    6184272 total
- age   6:    1147144 bytes,    7331416 total
- age   7:     867920 bytes,    8199336 total
- age   8:     771840 bytes,    8971176 total
: 97505K->9723K(109248K), 0,0244772 secs] 129740K->42037K(502464K), 0,0245859 secs] [Times: user=0,09 sys=0,00, real=0,02 secs] 
Heap after GC invocations=27 (full 1):
 par new generation   total 109248K, used 9723K [0x00000000e0000000, 0x00000000e8000000, 0x00000000e8000000)
  eden space 87424K,   0% used [0x00000000e0000000, 0x00000000e0000000, 0x00000000e5560000)
  from space 21824K,  44% used [0x00000000e6ab0000, 0x00000000e742eca8, 0x00000000e8000000)
  to   space 21824K,   0% used [0x00000000e5560000, 0x00000000e5560000, 0x00000000e6ab0000)
 concurrent mark-sweep generation total 393216K, used 32314K [0x00000000e8000000, 0x0000000100000000, 0x0000000100000000)
 Metaspace       used 30954K, capacity 31700K, committed 31996K, reserved 1077248K
  class space    used 3509K, capacity 3733K, committed 3836K, reserved 1048576K
}
2018-06-19T12:07:34.297+0200: 13,514: Total time for which application threads were stopped: 0,0279360 seconds, Stopping threads took: 0,0031205 seconds
2018-06-19T12:07:34.301+0200: 13,518: Total time for which application threads were stopped: 0,0008032 seconds, Stopping threads took: 0,0002194 seconds
2018-06-19T12:07:34.303+0200: 13,520: Total time for which application threads were stopped: 0,0005108 seconds, Stopping threads took: 0,0001038 seconds
2018-06-19T12:07:34.308+0200: 13,525: Total time for which application threads were stopped: 0,0001772 seconds, Stopping threads took: 0,0000460 seconds
2018-06-19T12:07:34.310+0200: 13,527: Total time for which application threads were stopped: 0,0001800 seconds, Stopping threads took: 0,0000583 seconds
2018-06-19T12:07:34.313+0200: 13,530: Total time for which application threads were stopped: 0,0001928 seconds, Stopping threads took: 0,0000819 seconds
{Heap before GC invocations=27 (full 1):
 par new generation   total 109248K, used 97147K [0x00000000e0000000, 0x00000000e8000000, 0x00000000e8000000)
  eden space 87424K, 100% used [0x00000000e0000000, 0x00000000e5560000, 0x00000000e5560000)
  from space 21824K,  44% used [0x00000000e6ab0000, 0x00000000e742eca8, 0x00000000e8000000)
  to   space 21824K,   0% used [0x00000000e5560000, 0x00000000e5560000, 0x00000000e6ab0000)
 concurrent mark-sweep generation total 393216K, used 32314K [0x00000000e8000000, 0x0000000100000000, 0x0000000100000000)
 Metaspace       used 30956K, capacity 31700K, committed 31996K, reserved 1077248K
  class space    used 3509K, capacity 3733K, committed 3836K, reserved 1048576K
2018-06-19T12:07:34.416+0200: 13,632: [GC (Allocation Failure) 2018-06-19T12:07:34.416+0200: 13,632: [ParNew
Desired survivor size 20112992 bytes, new threshold 8 (max 8)
- age   1:    1300304 bytes,    1300304 total
- age   2:    1355368 bytes,    2655672 total
- age   3:    1582544 bytes,    4238216 total
- age   4:    1000376 bytes,    5238592 total
- age   5:    1158448 bytes,    6397040 total
- age   6:     827840 bytes,    7224880 total
- age   7:    1147096 bytes,    8371976 total
- age   8:     867672 bytes,    9239648 total
: 97147K->11466K(109248K), 0,0154359 secs] 129461K->44477K(502464K), 0,0155307 secs] [Times: user=0,06 sys=0,00, real=0,01 secs] 
Heap after GC invocations=28 (full 1):
 par new generation   total 109248K, used 11466K [0x00000000e0000000, 0x00000000e8000000, 0x00000000e8000000)
  eden space 87424K,   0% used [0x00000000e0000000, 0x00000000e0000000, 0x00000000e5560000)
  from space 21824K,  52% used [0x00000000e5560000, 0x00000000e6092b00, 0x00000000e6ab0000)
  to   space 21824K,   0% used [0x00000000e6ab0000, 0x00000000e6ab0000, 0x00000000e8000000)
 concurrent mark-sweep generation total 393216K, used 33010K [0x00000000e8000000, 0x0000000100000000, 0x0000000100000000)
 Metaspace       used 30956K, capacity 31700K, committed 31996K, reserved 1077248K
  class space    used 3509K, capacity 3733K, committed 3836K, reserved 1048576K
}
2018-06-19T12:07:34.431+0200: 13,648: Total time for which application threads were stopped: 0,0180957 seconds, Stopping threads took: 0,0023778 seconds
{Heap before GC invocations=28 (full 1):
 par new generation   total 109248K, used 98890K [0x00000000e0000000, 0x00000000e8000000, 0x00000000e8000000)
  eden space 87424K, 100% used [0x00000000e0000000, 0x00000000e5560000, 0x00000000e5560000)
  from space 21824K,  52% used [0x00000000e5560000, 0x00000000e6092b00, 0x00000000e6ab0000)
  to   space 21824K,   0% used [0x00000000e6ab0000, 0x00000000e6ab0000, 0x00000000e8000000)
 concurrent mark-sweep generation total 393216K, used 33010K [0x00000000e8000000, 0x0000000100000000, 0x0000000100000000)
 Metaspace       used 30964K, capacity 31706K, committed 31996K, reserved 1077248K
  class space    used 3510K, capacity 3734K, committed 3836K, reserved 1048576K
2018-06-19T12:07:34.527+0200: 13,744: [GC (Allocation Failure) 2018-06-19T12:07:34.527+0200: 13,744: [ParNew
Desired survivor size 20112992 bytes, new threshold 8 (max 8)
- age   1:    1362304 bytes,    1362304 total
- age   2:     898936 bytes,    2261240 total
- age   3:    1355344 bytes,    3616584 total
- age   4:    1582544 bytes,    5199128 total
- age   5:    1000376 bytes,    6199504 total
- age   6:    1158448 bytes,    7357952 total
- age   7:     827792 bytes,    8185744 total
- age   8:    1146864 bytes,    9332608 total
: 98890K->10848K(109248K), 0,0160932 secs] 131901K->44714K(502464K), 0,0161833 secs] [Times: user=0,06 sys=0,00, real=0,01 secs] 
Heap after GC invocations=29 (full 1):
 par new generation   total 109248K, used 10848K [0x00000000e0000000, 0x00000000e8000000, 0x00000000e8000000)
  eden space 87424K,   0% used [0x00000000e0000000, 0x00000000e0000000, 0x00000000e5560000)
  from space 21824K,  49% used [0x00000000e6ab0000, 0x00000000e7548058, 0x00000000e8000000)
  to   space 21824K,   0% used [0x00000000e5560000, 0x00000000e5560000, 0x00000000e6ab0000)
 concurrent mark-sweep generation total 393216K, used 33865K [0x00000000e8000000, 0x0000000100000000, 0x0000000100000000)
 Metaspace       used 30964K, capacity 31706K, committed 31996K, reserved 1077248K
  class space    used 3510K, capacity 3734K, committed 3836K, reserved 1048576K
}
2018-06-19T12:07:34.543+0200: 13,760: Total time for which application threads were stopped: 0,0164654 seconds, Stopping threads took: 0,0000780 seconds
{Heap before GC invocations=29 (full 1):
 par new generation   total 109248K, used 98272K [0x00000000e0000000, 0x00000000e8000000, 0x00000000e8000000)
  eden space 87424K, 100% used [0x00000000e0000000, 0x00000000e5560000, 0x00000000e5560000)
  from space 21824K,  49% used [0x00000000e6ab0000, 0x00000000e7548058, 0x00000000e8000000)
  to   space 21824K,   0% used [0x00000000e5560000, 0x00000000e5560000, 0x00000000e6ab0000)
 concurrent mark-sweep generation total 393216K, used 33865K [0x00000000e8000000, 0x0000000100000000, 0x0000000100000000)
 Metaspace       used 30971K, capacity 31706K, committed 31996K, reserved 1077248K
  class space    used 3510K, capacity 3734K, committed 3836K, reserved 1048576K
2018-06-19T12:07:34.624+0200: 13,840: [GC (Allocation Failure) 2018-06-19T12:07:34.624+0200: 13,840: [ParNew
Desired survivor size 20112992 bytes, new threshold 8 (max 8)
- age   1:    1292360 bytes,    1292360 total
- age   2:     913896 bytes,    2206256 total
- age   3:     849712 bytes,    3055968 total
- age   4:    1355296 bytes,    4411264 total
- age   5:    1582544 bytes,    5993808 total
- age   6:    1000376 bytes,    6994184 total
- age   7:    1158400 bytes,    8152584 total
- age   8:     827560 bytes,    8980144 total
: 98272K->13507K(109248K), 0,0209225 secs] 132138K->48502K(502464K), 0,0210180 secs] [Times: user=0,06 sys=0,01, real=0,03 secs] 
Heap after GC invocations=30 (full 1):
 par new generation   total 109248K, used 13507K [0x00000000e0000000, 0x00000000e8000000, 0x00000000e8000000)
  eden space 87424K,   0% used [0x00000000e0000000, 0x00000000e0000000, 0x00000000e5560000)
  from space 21824K,  61% used [0x00000000e5560000, 0x00000000e6290e30, 0x00000000e6ab0000)
  to   space 21824K,   0% used [0x00000000e6ab0000, 0x00000000e6ab0000, 0x00000000e8000000)
 concurrent mark-sweep generation total 393216K, used 34994K [0x00000000e8000000, 0x0000000100000000, 0x0000000100000000)
 Metaspace       used 30971K, capacity 31706K, committed 31996K, reserved 1077248K
  class space    used 3510K, capacity 3734K, committed 3836K, reserved 1048576K
}
2018-06-19T12:07:34.645+0200: 13,861: Total time for which application threads were stopped: 0,0213641 seconds, Stopping threads took: 0,0000779 seconds
2018-06-19T12:07:34.672+0200: 13,889: Total time for which application threads were stopped: 0,0001776 seconds, Stopping threads took: 0,0000594 seconds
2018-06-19T12:07:34.673+0200: 13,890: Total time for which application threads were stopped: 0,0000827 seconds, Stopping threads took: 0,0000227 seconds
{Heap before GC invocations=30 (full 1):
 par new generation   total 109248K, used 100931K [0x00000000e0000000, 0x00000000e8000000, 0x00000000e8000000)
  eden space 87424K, 100% used [0x00000000e0000000, 0x00000000e5560000, 0x00000000e5560000)
  from space 21824K,  61% used [0x00000000e5560000, 0x00000000e6290e30, 0x00000000e6ab0000)
  to   space 21824K,   0% used [0x00000000e6ab0000, 0x00000000e6ab0000, 0x00000000e8000000)
 concurrent mark-sweep generation total 393216K, used 34994K [0x00000000e8000000, 0x0000000100000000, 0x0000000100000000)
 Metaspace       used 30979K, capacity 31710K, committed 31996K, reserved 1077248K
  class space    used 3510K, capacity 3734K, committed 3836K, reserved 1048576K
2018-06-19T12:07:34.741+0200: 13,958: [GC (Allocation Failure) 2018-06-19T12:07:34.741+0200: 13,958: [ParNew
Desired survivor size 20112992 bytes, new threshold 8 (max 8)
- age   1:    1579888 bytes,    1579888 total
- age   2:     804384 bytes,    2384272 total
- age   3:     772272 bytes,    3156544 total
- age   4:     818984 bytes,    3975528 total
- age   5:    1010008 bytes,    4985536 total
- age   6:    1430496 bytes,    6416032 total
- age   7:     847568 bytes,    7263600 total
- age   8:    1006016 bytes,    8269616 total
: 100931K->9998K(109248K), 0,0249512 secs] 135926K->45650K(502464K), 0,0250941 secs] [Times: user=0,10 sys=0,00, real=0,03 secs] 
Heap after GC invocations=31 (full 1):
 par new generation   total 109248K, used 9998K [0x00000000e0000000, 0x00000000e8000000, 0x00000000e8000000)
  eden space 87424K,   0% used [0x00000000e0000000, 0x00000000e0000000, 0x00000000e5560000)
  from space 21824K,  45% used [0x00000000e6ab0000, 0x00000000e74738e8, 0x00000000e8000000)
  to   space 21824K,   0% used [0x00000000e5560000, 0x00000000e5560000, 0x00000000e6ab0000)
 concurrent mark-sweep generation total 393216K, used 35652K [0x00000000e8000000, 0x0000000100000000, 0x0000000100000000)
 Metaspace       used 30979K, capacity 31710K, committed 31996K, reserved 1077248K
  class space    used 3510K, capacity 3734K, committed 3836K, reserved 1048576K
}
2018-06-19T12:07:34.766+0200: 13,983: Total time for which application threads were stopped: 0,0254733 seconds, Stopping threads took: 0,0000463 seconds
2018-06-19T12:07:34.797+0200: 14,014: Total time for which application threads were stopped: 0,0002092 seconds, Stopping threads took: 0,0000568 seconds
2018-06-19T12:07:34.797+0200: 14,014: Total time for which application threads were stopped: 0,0000846 seconds, Stopping threads took: 0,0000201 seconds
2018-06-19T12:07:34.801+0200: 14,018: Total time for which application threads were stopped: 0,0001234 seconds, Stopping threads took: 0,0000289 seconds
2018-06-19T12:07:34.801+0200: 14,018: Total time for which application threads were stopped: 0,0002174 seconds, Stopping threads took: 0,0000176 seconds
2018-06-19T12:07:34.884+0200: 14,101: Total time for which application threads were stopped: 0,0001910 seconds, Stopping threads took: 0,0000518 seconds
2018-06-19T12:07:34.884+0200: 14,101: Total time for which application threads were stopped: 0,0000807 seconds, Stopping threads took: 0,0000400 seconds
2018-06-19T12:07:34.884+0200: 14,101: Total time for which application threads were stopped: 0,0000496 seconds, Stopping threads took: 0,0000192 seconds
2018-06-19T12:07:34.884+0200: 14,101: Total time for which application threads were stopped: 0,0000659 seconds, Stopping threads took: 0,0000320 seconds
2018-06-19T12:07:34.897+0200: 14,114: Total time for which application threads were stopped: 0,0001072 seconds, Stopping threads took: 0,0000287 seconds
2018-06-19T12:07:34.906+0200: 14,123: Total time for which application threads were stopped: 0,0000935 seconds, Stopping threads took: 0,0000242 seconds
2018-06-19T12:07:34.907+0200: 14,124: Total time for which application threads were stopped: 0,0001035 seconds, Stopping threads took: 0,0000248 seconds
2018-06-19T12:07:34.908+0200: 14,125: Total time for which application threads were stopped: 0,0000678 seconds, Stopping threads took: 0,0000179 seconds
2018-06-19T12:07:34.908+0200: 14,125: Total time for which application threads were stopped: 0,0001072 seconds, Stopping threads took: 0,0000459 seconds
2018-06-19T12:07:34.908+0200: 14,125: Total time for which application threads were stopped: 0,0000917 seconds, Stopping threads took: 0,0000294 seconds
2018-06-19T12:07:34.909+0200: 14,126: Total time for which application threads were stopped: 0,0001677 seconds, Stopping threads took: 0,0000316 seconds
2018-06-19T12:07:35.466+0200: 14,683: Total time for which application threads were stopped: 0,0001483 seconds, Stopping threads took: 0,0000507 seconds
2018-06-19T12:07:35.466+0200: 14,683: Total time for which application threads were stopped: 0,0000775 seconds, Stopping threads took: 0,0000286 seconds
2018-06-19T12:07:35.466+0200: 14,683: Total time for which application threads were stopped: 0,0000567 seconds, Stopping threads took: 0,0000102 seconds
2018-06-19T12:07:35.466+0200: 14,683: Total time for which application threads were stopped: 0,0000416 seconds, Stopping threads took: 0,0000069 seconds
2018-06-19T12:07:35.469+0200: 14,686: Total time for which application threads were stopped: 0,0001458 seconds, Stopping threads took: 0,0000347 seconds
2018-06-19T12:07:35.477+0200: 14,694: Total time for which application threads were stopped: 0,0001292 seconds, Stopping threads took: 0,0000243 seconds
2018-06-19T12:07:35.478+0200: 14,695: Total time for which application threads were stopped: 0,0001742 seconds, Stopping threads took: 0,0000493 seconds
2018-06-19T12:07:35.484+0200: 14,700: Total time for which application threads were stopped: 0,0001584 seconds, Stopping threads took: 0,0000391 seconds
2018-06-19T12:07:35.484+0200: 14,701: Total time for which application threads were stopped: 0,0001574 seconds, Stopping threads took: 0,0000430 seconds
2018-06-19T12:07:36.485+0200: 15,702: Total time for which application threads were stopped: 0,0000952 seconds, Stopping threads took: 0,0000221 seconds
2018-06-19T12:07:38.080+0200: 17,297: Total time for which application threads were stopped: 0,0006290 seconds, Stopping threads took: 0,0000253 seconds
2018-06-19T12:07:38.082+0200: 17,299: Total time for which application threads were stopped: 0,0006053 seconds, Stopping threads took: 0,0000247 seconds
2018-06-19T12:07:38.090+0200: 17,307: Total time for which application threads were stopped: 0,0012854 seconds, Stopping threads took: 0,0007442 seconds
2018-06-19T12:07:38.110+0200: 17,327: Total time for which application threads were stopped: 0,0003465 seconds, Stopping threads took: 0,0001956 seconds
2018-06-19T12:07:38.112+0200: 17,329: Total time for which application threads were stopped: 0,0002035 seconds, Stopping threads took: 0,0000669 seconds
2018-06-19T12:07:38.112+0200: 17,329: Total time for which application threads were stopped: 0,0001662 seconds, Stopping threads took: 0,0000617 seconds
2018-06-19T12:07:38.116+0200: 17,333: Total time for which application threads were stopped: 0,0011926 seconds, Stopping threads took: 0,0009741 seconds
2018-06-19T12:07:38.128+0200: 17,345: Total time for which application threads were stopped: 0,0010894 seconds, Stopping threads took: 0,0009447 seconds
2018-06-19T12:07:38.133+0200: 17,350: Total time for which application threads were stopped: 0,0002133 seconds, Stopping threads took: 0,0000619 seconds
2018-06-19T12:07:38.136+0200: 17,353: Total time for which application threads were stopped: 0,0001593 seconds, Stopping threads took: 0,0000676 seconds
2018-06-19T12:07:38.136+0200: 17,353: Total time for which application threads were stopped: 0,0000886 seconds, Stopping threads took: 0,0000393 seconds
2018-06-19T12:07:38.136+0200: 17,353: Total time for which application threads were stopped: 0,0001156 seconds, Stopping threads took: 0,0000656 seconds
2018-06-19T12:07:38.142+0200: 17,359: Total time for which application threads were stopped: 0,0002879 seconds, Stopping threads took: 0,0001973 seconds
2018-06-19T12:07:38.144+0200: 17,361: Total time for which application threads were stopped: 0,0026765 seconds, Stopping threads took: 0,0023371 seconds
2018-06-19T12:07:38.148+0200: 17,365: Total time for which application threads were stopped: 0,0011163 seconds, Stopping threads took: 0,0010668 seconds
2018-06-19T12:07:38.148+0200: 17,365: Total time for which application threads were stopped: 0,0000804 seconds, Stopping threads took: 0,0000282 seconds
2018-06-19T12:07:38.148+0200: 17,365: Total time for which application threads were stopped: 0,0000854 seconds, Stopping threads took: 0,0000410 seconds
2018-06-19T12:07:38.150+0200: 17,367: Total time for which application threads were stopped: 0,0023546 seconds, Stopping threads took: 0,0022998 seconds
2018-06-19T12:07:38.154+0200: 17,371: Total time for which application threads were stopped: 0,0016301 seconds, Stopping threads took: 0,0014674 seconds
2018-06-19T12:07:38.155+0200: 17,372: Total time for which application threads were stopped: 0,0001368 seconds, Stopping threads took: 0,0000562 seconds
Heap
 par new generation   total 109248K, used 51519K [0x00000000e0000000, 0x00000000e8000000, 0x00000000e8000000)
  eden space 87424K,  47% used [0x00000000e0000000, 0x00000000e288c590, 0x00000000e5560000)
  from space 21824K,  45% used [0x00000000e6ab0000, 0x00000000e74738e8, 0x00000000e8000000)
  to   space 21824K,   0% used [0x00000000e5560000, 0x00000000e5560000, 0x00000000e6ab0000)
 concurrent mark-sweep generation total 393216K, used 35652K [0x00000000e8000000, 0x0000000100000000, 0x0000000100000000)
 Metaspace       used 31100K, capacity 31726K, committed 31996K, reserved 1077248K
  class space    used 3521K, capacity 3736K, committed 3836K, reserved 1048576K
