OpenJDK 64-Bit Server VM (25.162-b12) for linux-amd64 JRE (1.8.0_162-8u162-b12-0ubuntu0.16.04.2-b12), built on Mar 14 2018 12:11:18 by "buildd" with gcc 5.4.0 20160609
Memory: 4k page, physical 7867624k(2893476k free), swap 8076284k(8076284k free)
CommandLine flags: -XX:CMSInitiatingOccupancyFraction=50 -XX:CMSMaxAbortablePrecleanTime=6000 -XX:+CMSParallelRemarkEnabled -XX:+CMSScavengeBeforeRemark -XX:ConcGCThreads=4 -XX:InitialHeapSize=536870912 -XX:MaxHeapSize=536870912 -XX:MaxTenuringThreshold=8 -XX:NewRatio=3 -XX:OldPLABSize=16 -XX:OnOutOfMemoryError=/home/gurnoor/workspace/QTM/solr/bin/oom_solr.sh 8983 /home/gurnoor/workspace/QTM/solr/server/logs -XX:ParallelGCThreads=4 -XX:+ParallelRefProcEnabled -XX:PretenureSizeThreshold=67108864 -XX:+PrintGC -XX:+PrintGCApplicationStoppedTime -XX:+PrintGCDateStamps -XX:+PrintGCDetails -XX:+PrintGCTimeStamps -XX:+PrintHeapAtGC -XX:+PrintTenuringDistribution -XX:SurvivorRatio=4 -XX:TargetSurvivorRatio=90 -XX:ThreadStackSize=256 -XX:+UseCMSInitiatingOccupancyOnly -XX:+UseCompressedClassPointers -XX:+UseCompressedOops -XX:+UseConcMarkSweepGC -XX:+UseParNewGC 
2018-04-06T22:30:34.000+0200: 0,220: Total time for which application threads were stopped: 0,0000825 seconds, Stopping threads took: 0,0000203 seconds
2018-04-06T22:30:34.137+0200: 0,357: Total time for which application threads were stopped: 0,0001194 seconds, Stopping threads took: 0,0000130 seconds
2018-04-06T22:30:34.176+0200: 0,396: Total time for which application threads were stopped: 0,0000961 seconds, Stopping threads took: 0,0000200 seconds
2018-04-06T22:30:34.607+0200: 0,827: Total time for which application threads were stopped: 0,0002053 seconds, Stopping threads took: 0,0000422 seconds
2018-04-06T22:30:34.964+0200: 1,184: Total time for which application threads were stopped: 0,0001804 seconds, Stopping threads took: 0,0000227 seconds
2018-04-06T22:30:35.067+0200: 1,287: Total time for which application threads were stopped: 0,0001373 seconds, Stopping threads took: 0,0000145 seconds
2018-04-06T22:30:35.101+0200: 1,321: Total time for which application threads were stopped: 0,0038737 seconds, Stopping threads took: 0,0028144 seconds
2018-04-06T22:30:35.550+0200: 1,770: Total time for which application threads were stopped: 0,0001748 seconds, Stopping threads took: 0,0000188 seconds
2018-04-06T22:30:35.887+0200: 2,107: Total time for which application threads were stopped: 0,0004782 seconds, Stopping threads took: 0,0000948 seconds
2018-04-06T22:30:35.932+0200: 2,152: Total time for which application threads were stopped: 0,0005924 seconds, Stopping threads took: 0,0001086 seconds
2018-04-06T22:30:35.978+0200: 2,198: Total time for which application threads were stopped: 0,0002361 seconds, Stopping threads took: 0,0000275 seconds
2018-04-06T22:30:35.980+0200: 2,200: Total time for which application threads were stopped: 0,0002293 seconds, Stopping threads took: 0,0000232 seconds
2018-04-06T22:30:36.004+0200: 2,224: Total time for which application threads were stopped: 0,0002701 seconds, Stopping threads took: 0,0000184 seconds
2018-04-06T22:30:36.152+0200: 2,372: Total time for which application threads were stopped: 0,0003054 seconds, Stopping threads took: 0,0000382 seconds
2018-04-06T22:30:36.444+0200: 2,664: Total time for which application threads were stopped: 0,0011954 seconds, Stopping threads took: 0,0008617 seconds
{Heap before GC invocations=0 (full 0):
 par new generation   total 109248K, used 87424K [0x00000000e0000000, 0x00000000e8000000, 0x00000000e8000000)
  eden space 87424K, 100% used [0x00000000e0000000, 0x00000000e5560000, 0x00000000e5560000)
  from space 21824K,   0% used [0x00000000e5560000, 0x00000000e5560000, 0x00000000e6ab0000)
  to   space 21824K,   0% used [0x00000000e6ab0000, 0x00000000e6ab0000, 0x00000000e8000000)
 concurrent mark-sweep generation total 393216K, used 0K [0x00000000e8000000, 0x0000000100000000, 0x0000000100000000)
 Metaspace       used 18077K, capacity 18344K, committed 18688K, reserved 1064960K
  class space    used 2041K, capacity 2198K, committed 2304K, reserved 1048576K
2018-04-06T22:30:36.645+0200: 2,864: [GC (Allocation Failure) 2018-04-06T22:30:36.645+0200: 2,864: [ParNew
Desired survivor size 20112992 bytes, new threshold 8 (max 8)
- age   1:   12493352 bytes,   12493352 total
: 87424K->12317K(109248K), 0,0320539 secs] 87424K->12317K(502464K), 0,0321379 secs] [Times: user=0,05 sys=0,01, real=0,03 secs] 
Heap after GC invocations=1 (full 0):
 par new generation   total 109248K, used 12317K [0x00000000e0000000, 0x00000000e8000000, 0x00000000e8000000)
  eden space 87424K,   0% used [0x00000000e0000000, 0x00000000e0000000, 0x00000000e5560000)
  from space 21824K,  56% used [0x00000000e6ab0000, 0x00000000e76b7688, 0x00000000e8000000)
  to   space 21824K,   0% used [0x00000000e5560000, 0x00000000e5560000, 0x00000000e6ab0000)
 concurrent mark-sweep generation total 393216K, used 0K [0x00000000e8000000, 0x0000000100000000, 0x0000000100000000)
 Metaspace       used 18077K, capacity 18344K, committed 18688K, reserved 1064960K
  class space    used 2041K, capacity 2198K, committed 2304K, reserved 1048576K
}
2018-04-06T22:30:36.677+0200: 2,897: Total time for which application threads were stopped: 0,0324217 seconds, Stopping threads took: 0,0000291 seconds
2018-04-06T22:30:37.218+0200: 3,438: Total time for which application threads were stopped: 0,0035176 seconds, Stopping threads took: 0,0023562 seconds
2018-04-06T22:30:37.343+0200: 3,563: Total time for which application threads were stopped: 0,0035338 seconds, Stopping threads took: 0,0013024 seconds
{Heap before GC invocations=1 (full 0):
 par new generation   total 109248K, used 99741K [0x00000000e0000000, 0x00000000e8000000, 0x00000000e8000000)
  eden space 87424K, 100% used [0x00000000e0000000, 0x00000000e5560000, 0x00000000e5560000)
  from space 21824K,  56% used [0x00000000e6ab0000, 0x00000000e76b7688, 0x00000000e8000000)
  to   space 21824K,   0% used [0x00000000e5560000, 0x00000000e5560000, 0x00000000e6ab0000)
 concurrent mark-sweep generation total 393216K, used 0K [0x00000000e8000000, 0x0000000100000000, 0x0000000100000000)
 Metaspace       used 20090K, capacity 20440K, committed 20736K, reserved 1067008K
  class space    used 2300K, capacity 2474K, committed 2560K, reserved 1048576K
2018-04-06T22:30:37.357+0200: 3,577: [GC (Allocation Failure) 2018-04-06T22:30:37.357+0200: 3,577: [ParNew
Desired survivor size 20112992 bytes, new threshold 8 (max 8)
- age   1:    2832656 bytes,    2832656 total
- age   2:    6475048 bytes,    9307704 total
: 99741K->13445K(109248K), 0,0269403 secs] 99741K->13445K(502464K), 0,0270003 secs] [Times: user=0,06 sys=0,00, real=0,03 secs] 
Heap after GC invocations=2 (full 0):
 par new generation   total 109248K, used 13445K [0x00000000e0000000, 0x00000000e8000000, 0x00000000e8000000)
  eden space 87424K,   0% used [0x00000000e0000000, 0x00000000e0000000, 0x00000000e5560000)
  from space 21824K,  61% used [0x00000000e5560000, 0x00000000e62814c8, 0x00000000e6ab0000)
  to   space 21824K,   0% used [0x00000000e6ab0000, 0x00000000e6ab0000, 0x00000000e8000000)
 concurrent mark-sweep generation total 393216K, used 0K [0x00000000e8000000, 0x0000000100000000, 0x0000000100000000)
 Metaspace       used 20090K, capacity 20440K, committed 20736K, reserved 1067008K
  class space    used 2300K, capacity 2474K, committed 2560K, reserved 1048576K
}
2018-04-06T22:30:37.384+0200: 3,604: Total time for which application threads were stopped: 0,0282384 seconds, Stopping threads took: 0,0011131 seconds
2018-04-06T22:30:37.425+0200: 3,645: Total time for which application threads were stopped: 0,0003755 seconds, Stopping threads took: 0,0000293 seconds
2018-04-06T22:30:37.727+0200: 3,947: Total time for which application threads were stopped: 0,0002998 seconds, Stopping threads took: 0,0000512 seconds
{Heap before GC invocations=2 (full 0):
 par new generation   total 109248K, used 100869K [0x00000000e0000000, 0x00000000e8000000, 0x00000000e8000000)
  eden space 87424K, 100% used [0x00000000e0000000, 0x00000000e5560000, 0x00000000e5560000)
  from space 21824K,  61% used [0x00000000e5560000, 0x00000000e62814c8, 0x00000000e6ab0000)
  to   space 21824K,   0% used [0x00000000e6ab0000, 0x00000000e6ab0000, 0x00000000e8000000)
 concurrent mark-sweep generation total 393216K, used 0K [0x00000000e8000000, 0x0000000100000000, 0x0000000100000000)
 Metaspace       used 21003K, capacity 21362K, committed 21628K, reserved 1069056K
  class space    used 2426K, capacity 2593K, committed 2684K, reserved 1048576K
2018-04-06T22:30:37.811+0200: 4,031: [GC (Allocation Failure) 2018-04-06T22:30:37.812+0200: 4,032: [ParNew
Desired survivor size 20112992 bytes, new threshold 8 (max 8)
- age   1:    2526696 bytes,    2526696 total
- age   2:     512440 bytes,    3039136 total
- age   3:    6470752 bytes,    9509888 total
: 100869K->13322K(109248K), 0,0238577 secs] 100869K->13322K(502464K), 0,0250791 secs] [Times: user=0,05 sys=0,00, real=0,02 secs] 
Heap after GC invocations=3 (full 0):
 par new generation   total 109248K, used 13322K [0x00000000e0000000, 0x00000000e8000000, 0x00000000e8000000)
  eden space 87424K,   0% used [0x00000000e0000000, 0x00000000e0000000, 0x00000000e5560000)
  from space 21824K,  61% used [0x00000000e6ab0000, 0x00000000e77b2b90, 0x00000000e8000000)
  to   space 21824K,   0% used [0x00000000e5560000, 0x00000000e5560000, 0x00000000e6ab0000)
 concurrent mark-sweep generation total 393216K, used 0K [0x00000000e8000000, 0x0000000100000000, 0x0000000100000000)
 Metaspace       used 21003K, capacity 21362K, committed 21628K, reserved 1069056K
  class space    used 2426K, capacity 2593K, committed 2684K, reserved 1048576K
}
2018-04-06T22:30:37.836+0200: 4,056: Total time for which application threads were stopped: 0,0352034 seconds, Stopping threads took: 0,0099397 seconds
2018-04-06T22:30:37.853+0200: 4,073: [GC (CMS Initial Mark) [1 CMS-initial-mark: 0K(393216K)] 21769K(502464K), 0,0095263 secs] [Times: user=0,03 sys=0,00, real=0,01 secs] 
2018-04-06T22:30:37.863+0200: 4,083: Total time for which application threads were stopped: 0,0121358 seconds, Stopping threads took: 0,0024434 seconds
2018-04-06T22:30:37.863+0200: 4,083: [CMS-concurrent-mark-start]
2018-04-06T22:30:37.865+0200: 4,085: [CMS-concurrent-mark: 0,002/0,002 secs] [Times: user=0,01 sys=0,00, real=0,00 secs] 
2018-04-06T22:30:37.865+0200: 4,085: [CMS-concurrent-preclean-start]
2018-04-06T22:30:37.866+0200: 4,086: [CMS-concurrent-preclean: 0,001/0,001 secs] [Times: user=0,00 sys=0,00, real=0,00 secs] 
2018-04-06T22:30:37.866+0200: 4,086: [CMS-concurrent-abortable-preclean-start]
2018-04-06T22:30:37.888+0200: 4,108: Total time for which application threads were stopped: 0,0021079 seconds, Stopping threads took: 0,0017991 seconds
2018-04-06T22:30:37.910+0200: 4,130: Total time for which application threads were stopped: 0,0003167 seconds, Stopping threads took: 0,0001944 seconds
2018-04-06T22:30:37.916+0200: 4,136: Total time for which application threads were stopped: 0,0002672 seconds, Stopping threads took: 0,0001500 seconds
2018-04-06T22:30:37.957+0200: 4,177: Total time for which application threads were stopped: 0,0001529 seconds, Stopping threads took: 0,0000613 seconds
2018-04-06T22:30:38.039+0200: 4,259: Total time for which application threads were stopped: 0,0021150 seconds, Stopping threads took: 0,0019686 seconds
2018-04-06T22:30:38.058+0200: 4,278: Total time for which application threads were stopped: 0,0037849 seconds, Stopping threads took: 0,0036764 seconds
2018-04-06T22:30:38.061+0200: 4,281: Total time for which application threads were stopped: 0,0020918 seconds, Stopping threads took: 0,0019835 seconds
2018-04-06T22:30:38.065+0200: 4,285: Total time for which application threads were stopped: 0,0026550 seconds, Stopping threads took: 0,0025587 seconds
2018-04-06T22:30:38.065+0200: 4,285: Total time for which application threads were stopped: 0,0000670 seconds, Stopping threads took: 0,0000238 seconds
2018-04-06T22:30:38.066+0200: 4,286: Total time for which application threads were stopped: 0,0001107 seconds, Stopping threads took: 0,0000307 seconds
2018-04-06T22:30:38.067+0200: 4,287: Total time for which application threads were stopped: 0,0001828 seconds, Stopping threads took: 0,0001026 seconds
2018-04-06T22:30:38.067+0200: 4,287: Total time for which application threads were stopped: 0,0000535 seconds, Stopping threads took: 0,0000176 seconds
2018-04-06T22:30:38.067+0200: 4,287: Total time for which application threads were stopped: 0,0000730 seconds, Stopping threads took: 0,0000131 seconds
2018-04-06T22:30:38.069+0200: 4,289: Total time for which application threads were stopped: 0,0001919 seconds, Stopping threads took: 0,0000564 seconds
2018-04-06T22:30:38.070+0200: 4,290: Total time for which application threads were stopped: 0,0001370 seconds, Stopping threads took: 0,0000225 seconds
2018-04-06T22:30:38.086+0200: 4,306: Total time for which application threads were stopped: 0,0002894 seconds, Stopping threads took: 0,0000430 seconds
2018-04-06T22:30:38.086+0200: 4,306: Total time for which application threads were stopped: 0,0001260 seconds, Stopping threads took: 0,0000454 seconds
2018-04-06T22:30:38.087+0200: 4,306: Total time for which application threads were stopped: 0,0001243 seconds, Stopping threads took: 0,0000154 seconds
2018-04-06T22:30:38.094+0200: 4,314: Total time for which application threads were stopped: 0,0055741 seconds, Stopping threads took: 0,0052909 seconds
2018-04-06T22:30:38.095+0200: 4,315: Total time for which application threads were stopped: 0,0001956 seconds, Stopping threads took: 0,0000784 seconds
2018-04-06T22:30:38.100+0200: 4,320: Total time for which application threads were stopped: 0,0002904 seconds, Stopping threads took: 0,0001761 seconds
2018-04-06T22:30:38.105+0200: 4,325: Total time for which application threads were stopped: 0,0005036 seconds, Stopping threads took: 0,0003820 seconds
2018-04-06T22:30:38.106+0200: 4,325: Total time for which application threads were stopped: 0,0000814 seconds, Stopping threads took: 0,0000165 seconds
2018-04-06T22:30:38.111+0200: 4,331: Total time for which application threads were stopped: 0,0007057 seconds, Stopping threads took: 0,0005897 seconds
2018-04-06T22:30:38.121+0200: 4,341: Total time for which application threads were stopped: 0,0022387 seconds, Stopping threads took: 0,0008820 seconds
2018-04-06T22:30:38.121+0200: 4,341: Total time for which application threads were stopped: 0,0003542 seconds, Stopping threads took: 0,0002845 seconds
2018-04-06T22:30:38.126+0200: 4,346: Total time for which application threads were stopped: 0,0001723 seconds, Stopping threads took: 0,0000601 seconds
2018-04-06T22:30:38.180+0200: 4,400: Total time for which application threads were stopped: 0,0020940 seconds, Stopping threads took: 0,0019373 seconds
{Heap before GC invocations=3 (full 1):
 par new generation   total 109248K, used 100732K [0x00000000e0000000, 0x00000000e8000000, 0x00000000e8000000)
  eden space 87424K,  99% used [0x00000000e0000000, 0x00000000e555c750, 0x00000000e5560000)
  from space 21824K,  61% used [0x00000000e6ab0000, 0x00000000e77b2b90, 0x00000000e8000000)
  to   space 21824K,   0% used [0x00000000e5560000, 0x00000000e5560000, 0x00000000e6ab0000)
 concurrent mark-sweep generation total 393216K, used 0K [0x00000000e8000000, 0x0000000100000000, 0x0000000100000000)
 Metaspace       used 21274K, capacity 21644K, committed 21884K, reserved 1069056K
  class space    used 2453K, capacity 2609K, committed 2684K, reserved 1048576K
2018-04-06T22:30:38.181+0200: 4,401: [GC (Allocation Failure) 2018-04-06T22:30:38.181+0200: 4,401: [ParNew
Desired survivor size 20112992 bytes, new threshold 8 (max 8)
- age   1:    1430808 bytes,    1430808 total
- age   2:    1441352 bytes,    2872160 total
- age   3:     510200 bytes,    3382360 total
- age   4:    6470968 bytes,    9853328 total
: 100732K->13241K(109248K), 0,0300549 secs] 100732K->13241K(502464K), 0,0303482 secs] [Times: user=0,08 sys=0,00, real=0,04 secs] 
Heap after GC invocations=4 (full 1):
 par new generation   total 109248K, used 13241K [0x00000000e0000000, 0x00000000e8000000, 0x00000000e8000000)
  eden space 87424K,   0% used [0x00000000e0000000, 0x00000000e0000000, 0x00000000e5560000)
  from space 21824K,  60% used [0x00000000e5560000, 0x00000000e624e450, 0x00000000e6ab0000)
  to   space 21824K,   0% used [0x00000000e6ab0000, 0x00000000e6ab0000, 0x00000000e8000000)
 concurrent mark-sweep generation total 393216K, used 0K [0x00000000e8000000, 0x0000000100000000, 0x0000000100000000)
 Metaspace       used 21274K, capacity 21644K, committed 21884K, reserved 1069056K
  class space    used 2453K, capacity 2609K, committed 2684K, reserved 1048576K
}
2018-04-06T22:30:38.212+0200: 4,432: Total time for which application threads were stopped: 0,0309063 seconds, Stopping threads took: 0,0000366 seconds
2018-04-06T22:30:38.277+0200: 4,497: Total time for which application threads were stopped: 0,0163507 seconds, Stopping threads took: 0,0161301 seconds
2018-04-06T22:30:38.309+0200: 4,529: Total time for which application threads were stopped: 0,0008209 seconds, Stopping threads took: 0,0007192 seconds
2018-04-06T22:30:38.408+0200: 4,628: Total time for which application threads were stopped: 0,0265266 seconds, Stopping threads took: 0,0241433 seconds
2018-04-06T22:30:38.421+0200: 4,641: Total time for which application threads were stopped: 0,0021691 seconds, Stopping threads took: 0,0018422 seconds
2018-04-06T22:30:38.424+0200: 4,644: Total time for which application threads were stopped: 0,0012735 seconds, Stopping threads took: 0,0006562 seconds
2018-04-06T22:30:38.430+0200: 4,650: Total time for which application threads were stopped: 0,0006031 seconds, Stopping threads took: 0,0004811 seconds
2018-04-06T22:30:38.433+0200: 4,653: Total time for which application threads were stopped: 0,0008419 seconds, Stopping threads took: 0,0007281 seconds
2018-04-06T22:30:38.433+0200: 4,653: Total time for which application threads were stopped: 0,0000953 seconds, Stopping threads took: 0,0000172 seconds
2018-04-06T22:30:38.434+0200: 4,654: Total time for which application threads were stopped: 0,0001055 seconds, Stopping threads took: 0,0000215 seconds
2018-04-06T22:30:38.437+0200: 4,657: [CMS-concurrent-abortable-preclean: 0,332/0,570 secs] [Times: user=1,20 sys=0,06, real=0,57 secs] 
2018-04-06T22:30:38.438+0200: 4,658: Total time for which application threads were stopped: 0,0011540 seconds, Stopping threads took: 0,0010545 seconds
2018-04-06T22:30:38.438+0200: 4,658: Total time for which application threads were stopped: 0,0001506 seconds, Stopping threads took: 0,0000135 seconds
2018-04-06T22:30:38.439+0200: 4,658: Total time for which application threads were stopped: 0,0000631 seconds, Stopping threads took: 0,0000088 seconds
2018-04-06T22:30:38.439+0200: 4,659: Total time for which application threads were stopped: 0,0000550 seconds, Stopping threads took: 0,0000074 seconds
2018-04-06T22:30:38.439+0200: 4,659: Total time for which application threads were stopped: 0,0000845 seconds, Stopping threads took: 0,0000173 seconds
2018-04-06T22:30:38.439+0200: 4,659: Total time for which application threads were stopped: 0,0000525 seconds, Stopping threads took: 0,0000072 seconds
2018-04-06T22:30:38.439+0200: 4,659: Total time for which application threads were stopped: 0,0000633 seconds, Stopping threads took: 0,0000087 seconds
2018-04-06T22:30:38.440+0200: 4,660: Total time for which application threads were stopped: 0,0003944 seconds, Stopping threads took: 0,0000896 seconds
2018-04-06T22:30:38.446+0200: 4,665: Total time for which application threads were stopped: 0,0016857 seconds, Stopping threads took: 0,0006881 seconds
2018-04-06T22:30:38.446+0200: 4,666: Total time for which application threads were stopped: 0,0001153 seconds, Stopping threads took: 0,0000253 seconds
2018-04-06T22:30:38.446+0200: 4,666: Total time for which application threads were stopped: 0,0000839 seconds, Stopping threads took: 0,0000158 seconds
2018-04-06T22:30:38.474+0200: 4,694: [GC (CMS Final Remark) [YG occupancy: 66706 K (109248 K)]{Heap before GC invocations=4 (full 1):
 par new generation   total 109248K, used 66706K [0x00000000e0000000, 0x00000000e8000000, 0x00000000e8000000)
  eden space 87424K,  61% used [0x00000000e0000000, 0x00000000e3436668, 0x00000000e5560000)
  from space 21824K,  60% used [0x00000000e5560000, 0x00000000e624e450, 0x00000000e6ab0000)
  to   space 21824K,   0% used [0x00000000e6ab0000, 0x00000000e6ab0000, 0x00000000e8000000)
 concurrent mark-sweep generation total 393216K, used 0K [0x00000000e8000000, 0x0000000100000000, 0x0000000100000000)
 Metaspace       used 21405K, capacity 21740K, committed 21884K, reserved 1069056K
  class space    used 2468K, capacity 2641K, committed 2684K, reserved 1048576K
2018-04-06T22:30:38.474+0200: 4,694: [GC (CMS Final Remark) 2018-04-06T22:30:38.474+0200: 4,694: [ParNew
Desired survivor size 20112992 bytes, new threshold 8 (max 8)
- age   1:     341872 bytes,     341872 total
- age   2:     191040 bytes,     532912 total
- age   3:    1440976 bytes,    1973888 total
- age   4:     508248 bytes,    2482136 total
- age   5:    6470776 bytes,    8952912 total
: 66706K->10827K(109248K), 0,0531887 secs] 66706K->10827K(502464K), 0,0533006 secs] [Times: user=0,08 sys=0,00, real=0,05 secs] 
Heap after GC invocations=5 (full 1):
 par new generation   total 109248K, used 10827K [0x00000000e0000000, 0x00000000e8000000, 0x00000000e8000000)
  eden space 87424K,   0% used [0x00000000e0000000, 0x00000000e0000000, 0x00000000e5560000)
  from space 21824K,  49% used [0x00000000e6ab0000, 0x00000000e7542c48, 0x00000000e8000000)
  to   space 21824K,   0% used [0x00000000e5560000, 0x00000000e5560000, 0x00000000e6ab0000)
 concurrent mark-sweep generation total 393216K, used 0K [0x00000000e8000000, 0x0000000100000000, 0x0000000100000000)
 Metaspace       used 21405K, capacity 21740K, committed 21884K, reserved 1069056K
  class space    used 2468K, capacity 2641K, committed 2684K, reserved 1048576K
}
2018-04-06T22:30:38.527+0200: 4,747: [Rescan (parallel) , 0,0178288 secs]2018-04-06T22:30:38.545+0200: 4,765: [weak refs processing, 0,0012129 secs]2018-04-06T22:30:38.546+0200: 4,766: [class unloading, 0,0032092 secs]2018-04-06T22:30:38.550+0200: 4,769: [scrub symbol table, 0,0028859 secs]2018-04-06T22:30:38.552+0200: 4,772: [scrub string table, 0,0057000 secs][1 CMS-remark: 0K(393216K)] 10827K(502464K), 0,0862858 secs] [Times: user=0,12 sys=0,00, real=0,08 secs] 
2018-04-06T22:30:38.560+0200: 4,780: Total time for which application threads were stopped: 0,0866642 seconds, Stopping threads took: 0,0000723 seconds
2018-04-06T22:30:38.561+0200: 4,781: [CMS-concurrent-sweep-start]
2018-04-06T22:30:38.561+0200: 4,781: [CMS-concurrent-sweep: 0,000/0,000 secs] [Times: user=0,00 sys=0,00, real=0,00 secs] 
2018-04-06T22:30:38.561+0200: 4,781: [CMS-concurrent-reset-start]
2018-04-06T22:30:38.566+0200: 4,786: [CMS-concurrent-reset: 0,005/0,005 secs] [Times: user=0,01 sys=0,01, real=0,01 secs] 
2018-04-06T22:30:38.624+0200: 4,844: Total time for which application threads were stopped: 0,0021623 seconds, Stopping threads took: 0,0020382 seconds
2018-04-06T22:30:38.628+0200: 4,848: Total time for which application threads were stopped: 0,0036373 seconds, Stopping threads took: 0,0035159 seconds
2018-04-06T22:30:38.629+0200: 4,849: Total time for which application threads were stopped: 0,0001790 seconds, Stopping threads took: 0,0000906 seconds
2018-04-06T22:30:38.632+0200: 4,852: Total time for which application threads were stopped: 0,0010733 seconds, Stopping threads took: 0,0009289 seconds
2018-04-06T22:30:38.632+0200: 4,852: Total time for which application threads were stopped: 0,0001886 seconds, Stopping threads took: 0,0000149 seconds
2018-04-06T22:30:38.633+0200: 4,852: Total time for which application threads were stopped: 0,0000597 seconds, Stopping threads took: 0,0000167 seconds
2018-04-06T22:30:38.635+0200: 4,855: Total time for which application threads were stopped: 0,0002592 seconds, Stopping threads took: 0,0000678 seconds
2018-04-06T22:30:38.715+0200: 4,935: Total time for which application threads were stopped: 0,0003382 seconds, Stopping threads took: 0,0001960 seconds
2018-04-06T22:30:38.731+0200: 4,951: Total time for which application threads were stopped: 0,0001602 seconds, Stopping threads took: 0,0000726 seconds
2018-04-06T22:30:38.752+0200: 4,972: Total time for which application threads were stopped: 0,0007035 seconds, Stopping threads took: 0,0001815 seconds
2018-04-06T22:30:38.756+0200: 4,976: Total time for which application threads were stopped: 0,0005434 seconds, Stopping threads took: 0,0000251 seconds
2018-04-06T22:30:38.760+0200: 4,980: Total time for which application threads were stopped: 0,0020577 seconds, Stopping threads took: 0,0007651 seconds
2018-04-06T22:30:38.766+0200: 4,986: Total time for which application threads were stopped: 0,0001299 seconds, Stopping threads took: 0,0000486 seconds
2018-04-06T22:30:38.767+0200: 4,987: Total time for which application threads were stopped: 0,0001563 seconds, Stopping threads took: 0,0000482 seconds
2018-04-06T22:30:38.785+0200: 5,005: Total time for which application threads were stopped: 0,0034078 seconds, Stopping threads took: 0,0033228 seconds
2018-04-06T22:30:38.856+0200: 5,075: Total time for which application threads were stopped: 0,0006634 seconds, Stopping threads took: 0,0005333 seconds
2018-04-06T22:30:38.864+0200: 5,083: Total time for which application threads were stopped: 0,0000915 seconds, Stopping threads took: 0,0000230 seconds
2018-04-06T22:30:38.865+0200: 5,085: Total time for which application threads were stopped: 0,0000823 seconds, Stopping threads took: 0,0000192 seconds
2018-04-06T22:30:38.869+0200: 5,089: Total time for which application threads were stopped: 0,0040627 seconds, Stopping threads took: 0,0039612 seconds
2018-04-06T22:30:38.890+0200: 5,110: Total time for which application threads were stopped: 0,0001228 seconds, Stopping threads took: 0,0000530 seconds
2018-04-06T22:30:38.891+0200: 5,111: Total time for which application threads were stopped: 0,0001009 seconds, Stopping threads took: 0,0000388 seconds
2018-04-06T22:30:38.892+0200: 5,112: Total time for which application threads were stopped: 0,0000841 seconds, Stopping threads took: 0,0000277 seconds
2018-04-06T22:30:38.893+0200: 5,113: Total time for which application threads were stopped: 0,0003015 seconds, Stopping threads took: 0,0002343 seconds
2018-04-06T22:30:38.924+0200: 5,144: Total time for which application threads were stopped: 0,0001725 seconds, Stopping threads took: 0,0000462 seconds
2018-04-06T22:30:39.157+0200: 5,377: Total time for which application threads were stopped: 0,0045162 seconds, Stopping threads took: 0,0038664 seconds
2018-04-06T22:30:39.300+0200: 5,519: Total time for which application threads were stopped: 0,0079996 seconds, Stopping threads took: 0,0078247 seconds
2018-04-06T22:30:39.393+0200: 5,613: Total time for which application threads were stopped: 0,0025902 seconds, Stopping threads took: 0,0024781 seconds
2018-04-06T22:30:39.394+0200: 5,614: Total time for which application threads were stopped: 0,0001003 seconds, Stopping threads took: 0,0000380 seconds
2018-04-06T22:30:39.394+0200: 5,614: Total time for which application threads were stopped: 0,0000648 seconds, Stopping threads took: 0,0000085 seconds
2018-04-06T22:30:39.395+0200: 5,615: Total time for which application threads were stopped: 0,0002034 seconds, Stopping threads took: 0,0000141 seconds
2018-04-06T22:30:39.410+0200: 5,630: Total time for which application threads were stopped: 0,0009092 seconds, Stopping threads took: 0,0001065 seconds
2018-04-06T22:30:39.426+0200: 5,645: Total time for which application threads were stopped: 0,0054962 seconds, Stopping threads took: 0,0052845 seconds
2018-04-06T22:30:39.426+0200: 5,646: Total time for which application threads were stopped: 0,0000682 seconds, Stopping threads took: 0,0000128 seconds
2018-04-06T22:30:39.426+0200: 5,646: Total time for which application threads were stopped: 0,0000507 seconds, Stopping threads took: 0,0000105 seconds
2018-04-06T22:30:39.455+0200: 5,675: Total time for which application threads were stopped: 0,0010396 seconds, Stopping threads took: 0,0007223 seconds
2018-04-06T22:30:39.482+0200: 5,702: Total time for which application threads were stopped: 0,0013304 seconds, Stopping threads took: 0,0005287 seconds
2018-04-06T22:30:39.486+0200: 5,706: Total time for which application threads were stopped: 0,0001911 seconds, Stopping threads took: 0,0000479 seconds
2018-04-06T22:30:39.489+0200: 5,709: Total time for which application threads were stopped: 0,0001332 seconds, Stopping threads took: 0,0000499 seconds
2018-04-06T22:30:39.521+0200: 5,741: Total time for which application threads were stopped: 0,0004527 seconds, Stopping threads took: 0,0000511 seconds
2018-04-06T22:30:39.523+0200: 5,743: Total time for which application threads were stopped: 0,0001544 seconds, Stopping threads took: 0,0000600 seconds
2018-04-06T22:30:39.574+0200: 5,794: Total time for which application threads were stopped: 0,0048439 seconds, Stopping threads took: 0,0047493 seconds
2018-04-06T22:30:39.576+0200: 5,796: Total time for which application threads were stopped: 0,0000764 seconds, Stopping threads took: 0,0000217 seconds
2018-04-06T22:30:39.849+0200: 6,068: Total time for which application threads were stopped: 0,0001740 seconds, Stopping threads took: 0,0000570 seconds
2018-04-06T22:30:39.888+0200: 6,108: Total time for which application threads were stopped: 0,0001825 seconds, Stopping threads took: 0,0000536 seconds
2018-04-06T22:30:39.889+0200: 6,109: Total time for which application threads were stopped: 0,0001948 seconds, Stopping threads took: 0,0000541 seconds
2018-04-06T22:30:39.933+0200: 6,153: Total time for which application threads were stopped: 0,0001983 seconds, Stopping threads took: 0,0000446 seconds
2018-04-06T22:30:39.936+0200: 6,156: Total time for which application threads were stopped: 0,0001460 seconds, Stopping threads took: 0,0000547 seconds
2018-04-06T22:30:39.967+0200: 6,187: Total time for which application threads were stopped: 0,0007502 seconds, Stopping threads took: 0,0006182 seconds
{Heap before GC invocations=5 (full 1):
 par new generation   total 109248K, used 98251K [0x00000000e0000000, 0x00000000e8000000, 0x00000000e8000000)
  eden space 87424K, 100% used [0x00000000e0000000, 0x00000000e5560000, 0x00000000e5560000)
  from space 21824K,  49% used [0x00000000e6ab0000, 0x00000000e7542c48, 0x00000000e8000000)
  to   space 21824K,   0% used [0x00000000e5560000, 0x00000000e5560000, 0x00000000e6ab0000)
 concurrent mark-sweep generation total 393216K, used 0K [0x00000000e8000000, 0x0000000100000000, 0x0000000100000000)
 Metaspace       used 24715K, capacity 25176K, committed 25468K, reserved 1071104K
  class space    used 2893K, capacity 3081K, committed 3196K, reserved 1048576K
2018-04-06T22:30:39.980+0200: 6,200: [GC (Allocation Failure) 2018-04-06T22:30:39.980+0200: 6,200: [ParNew
Desired survivor size 20112992 bytes, new threshold 8 (max 8)
- age   1:    4929976 bytes,    4929976 total
- age   2:      57568 bytes,    4987544 total
- age   3:     188232 bytes,    5175776 total
- age   4:     269816 bytes,    5445592 total
- age   5:     488592 bytes,    5934184 total
- age   6:    6464648 bytes,   12398832 total
: 98251K->17460K(109248K), 0,0440528 secs] 98251K->17460K(502464K), 0,0441404 secs] [Times: user=0,07 sys=0,01, real=0,05 secs] 
Heap after GC invocations=6 (full 1):
 par new generation   total 109248K, used 17460K [0x00000000e0000000, 0x00000000e8000000, 0x00000000e8000000)
  eden space 87424K,   0% used [0x00000000e0000000, 0x00000000e0000000, 0x00000000e5560000)
  from space 21824K,  80% used [0x00000000e5560000, 0x00000000e666d288, 0x00000000e6ab0000)
  to   space 21824K,   0% used [0x00000000e6ab0000, 0x00000000e6ab0000, 0x00000000e8000000)
 concurrent mark-sweep generation total 393216K, used 0K [0x00000000e8000000, 0x0000000100000000, 0x0000000100000000)
 Metaspace       used 24715K, capacity 25176K, committed 25468K, reserved 1071104K
  class space    used 2893K, capacity 3081K, committed 3196K, reserved 1048576K
}
2018-04-06T22:30:40.024+0200: 6,244: Total time for which application threads were stopped: 0,0443721 seconds, Stopping threads took: 0,0000460 seconds
2018-04-06T22:30:40.317+0200: 6,537: Total time for which application threads were stopped: 0,0014323 seconds, Stopping threads took: 0,0013282 seconds
2018-04-06T22:30:40.334+0200: 6,554: Total time for which application threads were stopped: 0,0002976 seconds, Stopping threads took: 0,0002178 seconds
2018-04-06T22:30:40.337+0200: 6,556: Total time for which application threads were stopped: 0,0004749 seconds, Stopping threads took: 0,0003546 seconds
2018-04-06T22:30:40.343+0200: 6,563: Total time for which application threads were stopped: 0,0012445 seconds, Stopping threads took: 0,0010797 seconds
2018-04-06T22:30:40.428+0200: 6,648: Total time for which application threads were stopped: 0,0053385 seconds, Stopping threads took: 0,0051670 seconds
2018-04-06T22:30:40.515+0200: 6,734: Total time for which application threads were stopped: 0,0012199 seconds, Stopping threads took: 0,0010628 seconds
2018-04-06T22:30:40.681+0200: 6,900: Total time for which application threads were stopped: 0,0120133 seconds, Stopping threads took: 0,0118669 seconds
2018-04-06T22:30:40.707+0200: 6,927: Total time for which application threads were stopped: 0,0021830 seconds, Stopping threads took: 0,0000475 seconds
2018-04-06T22:30:40.770+0200: 6,990: Total time for which application threads were stopped: 0,0004166 seconds, Stopping threads took: 0,0000280 seconds
2018-04-06T22:30:40.989+0200: 7,209: Total time for which application threads were stopped: 0,0206100 seconds, Stopping threads took: 0,0193883 seconds
2018-04-06T22:30:41.001+0200: 7,221: Total time for which application threads were stopped: 0,0073116 seconds, Stopping threads took: 0,0071544 seconds
2018-04-06T22:30:41.020+0200: 7,240: Total time for which application threads were stopped: 0,0022994 seconds, Stopping threads took: 0,0019463 seconds
2018-04-06T22:30:41.061+0200: 7,281: Total time for which application threads were stopped: 0,0009813 seconds, Stopping threads took: 0,0009107 seconds
2018-04-06T22:30:41.085+0200: 7,305: Total time for which application threads were stopped: 0,0015885 seconds, Stopping threads took: 0,0014350 seconds
2018-04-06T22:30:41.120+0200: 7,340: Total time for which application threads were stopped: 0,0012567 seconds, Stopping threads took: 0,0009431 seconds
2018-04-06T22:30:41.150+0200: 7,370: Total time for which application threads were stopped: 0,0005038 seconds, Stopping threads took: 0,0001558 seconds
2018-04-06T22:30:41.174+0200: 7,394: Total time for which application threads were stopped: 0,0044246 seconds, Stopping threads took: 0,0042834 seconds
2018-04-06T22:30:41.204+0200: 7,424: Total time for which application threads were stopped: 0,0001855 seconds, Stopping threads took: 0,0000360 seconds
2018-04-06T22:30:41.227+0200: 7,447: Total time for which application threads were stopped: 0,0014126 seconds, Stopping threads took: 0,0012751 seconds
2018-04-06T22:30:41.249+0200: 7,469: Total time for which application threads were stopped: 0,0061774 seconds, Stopping threads took: 0,0060649 seconds
2018-04-06T22:30:41.365+0200: 7,587: Total time for which application threads were stopped: 0,0097931 seconds, Stopping threads took: 0,0068013 seconds
2018-04-06T22:30:41.616+0200: 7,836: Total time for which application threads were stopped: 0,0386220 seconds, Stopping threads took: 0,0384121 seconds
{Heap before GC invocations=6 (full 1):
 par new generation   total 109248K, used 104884K [0x00000000e0000000, 0x00000000e8000000, 0x00000000e8000000)
  eden space 87424K, 100% used [0x00000000e0000000, 0x00000000e5560000, 0x00000000e5560000)
  from space 21824K,  80% used [0x00000000e5560000, 0x00000000e666d288, 0x00000000e6ab0000)
  to   space 21824K,   0% used [0x00000000e6ab0000, 0x00000000e6ab0000, 0x00000000e8000000)
 concurrent mark-sweep generation total 393216K, used 0K [0x00000000e8000000, 0x0000000100000000, 0x0000000100000000)
 Metaspace       used 28676K, capacity 29242K, committed 29436K, reserved 1075200K
  class space    used 3330K, capacity 3520K, committed 3580K, reserved 1048576K
2018-04-06T22:30:41.658+0200: 7,878: [GC (Allocation Failure) 2018-04-06T22:30:41.659+0200: 7,878: [ParNew
Desired survivor size 20112992 bytes, new threshold 7 (max 8)
- age   1:   12860296 bytes,   12860296 total
- age   2:    2010856 bytes,   14871152 total
- age   3:      53936 bytes,   14925088 total
- age   4:     184456 bytes,   15109544 total
- age   5:     268744 bytes,   15378288 total
- age   6:     477576 bytes,   15855864 total
- age   7:    6439240 bytes,   22295104 total
: 104884K->21824K(109248K), 0,0831827 secs] 104884K->24559K(502464K), 0,0834212 secs] [Times: user=0,17 sys=0,00, real=0,09 secs] 
Heap after GC invocations=7 (full 1):
 par new generation   total 109248K, used 21824K [0x00000000e0000000, 0x00000000e8000000, 0x00000000e8000000)
  eden space 87424K,   0% used [0x00000000e0000000, 0x00000000e0000000, 0x00000000e5560000)
  from space 21824K, 100% used [0x00000000e6ab0000, 0x00000000e8000000, 0x00000000e8000000)
  to   space 21824K,   0% used [0x00000000e5560000, 0x00000000e5560000, 0x00000000e6ab0000)
 concurrent mark-sweep generation total 393216K, used 2735K [0x00000000e8000000, 0x0000000100000000, 0x0000000100000000)
 Metaspace       used 28676K, capacity 29242K, committed 29436K, reserved 1075200K
  class space    used 3330K, capacity 3520K, committed 3580K, reserved 1048576K
}
2018-04-06T22:30:41.742+0200: 7,962: Total time for which application threads were stopped: 0,0862096 seconds, Stopping threads took: 0,0021460 seconds
2018-04-06T22:30:41.755+0200: 7,975: Total time for which application threads were stopped: 0,0060970 seconds, Stopping threads took: 0,0040352 seconds
2018-04-06T22:30:41.759+0200: 7,979: Total time for which application threads were stopped: 0,0001364 seconds, Stopping threads took: 0,0000299 seconds
2018-04-06T22:30:41.760+0200: 7,980: Total time for which application threads were stopped: 0,0001680 seconds, Stopping threads took: 0,0000247 seconds
2018-04-06T22:30:41.762+0200: 7,982: Total time for which application threads were stopped: 0,0002064 seconds, Stopping threads took: 0,0000340 seconds
{Heap before GC invocations=7 (full 1):
 par new generation   total 109248K, used 109248K [0x00000000e0000000, 0x00000000e8000000, 0x00000000e8000000)
  eden space 87424K, 100% used [0x00000000e0000000, 0x00000000e5560000, 0x00000000e5560000)
  from space 21824K, 100% used [0x00000000e6ab0000, 0x00000000e8000000, 0x00000000e8000000)
  to   space 21824K,   0% used [0x00000000e5560000, 0x00000000e5560000, 0x00000000e6ab0000)
 concurrent mark-sweep generation total 393216K, used 2735K [0x00000000e8000000, 0x0000000100000000, 0x0000000100000000)
 Metaspace       used 28817K, capacity 29382K, committed 29692K, reserved 1075200K
  class space    used 3343K, capacity 3522K, committed 3580K, reserved 1048576K
2018-04-06T22:30:42.116+0200: 8,336: [GC (Allocation Failure) 2018-04-06T22:30:42.116+0200: 8,336: [ParNew
Desired survivor size 20112992 bytes, new threshold 8 (max 8)
- age   1:    1204328 bytes,    1204328 total
- age   2:   11736632 bytes,   12940960 total
- age   3:    2043352 bytes,   14984312 total
- age   4:      53936 bytes,   15038248 total
- age   5:     184352 bytes,   15222600 total
- age   6:     268712 bytes,   15491312 total
- age   7:     477528 bytes,   15968840 total
: 109248K->21824K(109248K), 0,1526876 secs] 111983K->31943K(502464K), 0,1528084 secs] [Times: user=0,31 sys=0,00, real=0,15 secs] 
Heap after GC invocations=8 (full 1):
 par new generation   total 109248K, used 21824K [0x00000000e0000000, 0x00000000e8000000, 0x00000000e8000000)
  eden space 87424K,   0% used [0x00000000e0000000, 0x00000000e0000000, 0x00000000e5560000)
  from space 21824K, 100% used [0x00000000e5560000, 0x00000000e6ab0000, 0x00000000e6ab0000)
  to   space 21824K,   0% used [0x00000000e6ab0000, 0x00000000e6ab0000, 0x00000000e8000000)
 concurrent mark-sweep generation total 393216K, used 10119K [0x00000000e8000000, 0x0000000100000000, 0x0000000100000000)
 Metaspace       used 28817K, capacity 29382K, committed 29692K, reserved 1075200K
  class space    used 3343K, capacity 3522K, committed 3580K, reserved 1048576K
}
2018-04-06T22:30:42.269+0200: 8,489: Total time for which application threads were stopped: 0,1547257 seconds, Stopping threads took: 0,0016091 seconds
{Heap before GC invocations=8 (full 1):
 par new generation   total 109248K, used 109248K [0x00000000e0000000, 0x00000000e8000000, 0x00000000e8000000)
  eden space 87424K, 100% used [0x00000000e0000000, 0x00000000e5560000, 0x00000000e5560000)
  from space 21824K, 100% used [0x00000000e5560000, 0x00000000e6ab0000, 0x00000000e6ab0000)
  to   space 21824K,   0% used [0x00000000e6ab0000, 0x00000000e6ab0000, 0x00000000e8000000)
 concurrent mark-sweep generation total 393216K, used 10119K [0x00000000e8000000, 0x0000000100000000, 0x0000000100000000)
 Metaspace       used 28883K, capacity 29472K, committed 29692K, reserved 1075200K
  class space    used 3346K, capacity 3527K, committed 3580K, reserved 1048576K
2018-04-06T22:30:42.598+0200: 8,818: [GC (Allocation Failure) 2018-04-06T22:30:42.598+0200: 8,818: [ParNew
Desired survivor size 20112992 bytes, new threshold 8 (max 8)
- age   1:     803776 bytes,     803776 total
- age   2:     304208 bytes,    1107984 total
- age   3:   11736672 bytes,   12844656 total
- age   4:    2010384 bytes,   14855040 total
- age   5:      53936 bytes,   14908976 total
- age   6:     184216 bytes,   15093192 total
- age   7:     268712 bytes,   15361904 total
- age   8:     477528 bytes,   15839432 total
: 109248K->21690K(109248K), 0,0579832 secs] 119367K->31809K(502464K), 0,0581829 secs] [Times: user=0,09 sys=0,01, real=0,06 secs] 
Heap after GC invocations=9 (full 1):
 par new generation   total 109248K, used 21690K [0x00000000e0000000, 0x00000000e8000000, 0x00000000e8000000)
  eden space 87424K,   0% used [0x00000000e0000000, 0x00000000e0000000, 0x00000000e5560000)
  from space 21824K,  99% used [0x00000000e6ab0000, 0x00000000e7fde910, 0x00000000e8000000)
  to   space 21824K,   0% used [0x00000000e5560000, 0x00000000e5560000, 0x00000000e6ab0000)
 concurrent mark-sweep generation total 393216K, used 10119K [0x00000000e8000000, 0x0000000100000000, 0x0000000100000000)
 Metaspace       used 28883K, capacity 29472K, committed 29692K, reserved 1075200K
  class space    used 3346K, capacity 3527K, committed 3580K, reserved 1048576K
}
2018-04-06T22:30:42.656+0200: 8,876: Total time for which application threads were stopped: 0,0609930 seconds, Stopping threads took: 0,0022289 seconds
2018-04-06T22:30:42.767+0200: 8,987: Total time for which application threads were stopped: 0,0001858 seconds, Stopping threads took: 0,0000464 seconds
2018-04-06T22:30:42.846+0200: 9,066: Total time for which application threads were stopped: 0,0002191 seconds, Stopping threads took: 0,0000782 seconds
2018-04-06T22:30:43.089+0200: 9,309: Total time for which application threads were stopped: 0,0002141 seconds, Stopping threads took: 0,0000811 seconds
2018-04-06T22:30:43.128+0200: 9,348: Total time for which application threads were stopped: 0,0004159 seconds, Stopping threads took: 0,0001078 seconds
2018-04-06T22:30:43.889+0200: 10,109: Total time for which application threads were stopped: 0,0002111 seconds, Stopping threads took: 0,0000994 seconds
2018-04-06T22:30:43.907+0200: 10,127: Total time for which application threads were stopped: 0,0001488 seconds, Stopping threads took: 0,0000582 seconds
2018-04-06T22:30:43.916+0200: 10,136: Total time for which application threads were stopped: 0,0004244 seconds, Stopping threads took: 0,0001819 seconds
2018-04-06T22:30:43.916+0200: 10,136: Total time for which application threads were stopped: 0,0004258 seconds, Stopping threads took: 0,0001356 seconds
2018-04-06T22:30:43.918+0200: 10,137: Total time for which application threads were stopped: 0,0003953 seconds, Stopping threads took: 0,0000706 seconds
2018-04-06T22:30:43.918+0200: 10,138: Total time for which application threads were stopped: 0,0001706 seconds, Stopping threads took: 0,0000365 seconds
2018-04-06T22:30:43.918+0200: 10,138: Total time for which application threads were stopped: 0,0001258 seconds, Stopping threads took: 0,0000305 seconds
2018-04-06T22:30:43.918+0200: 10,138: Total time for which application threads were stopped: 0,0001310 seconds, Stopping threads took: 0,0000255 seconds
2018-04-06T22:30:43.919+0200: 10,138: Total time for which application threads were stopped: 0,0001300 seconds, Stopping threads took: 0,0000366 seconds
2018-04-06T22:30:43.919+0200: 10,139: Total time for which application threads were stopped: 0,0001146 seconds, Stopping threads took: 0,0000243 seconds
2018-04-06T22:30:43.919+0200: 10,139: Total time for which application threads were stopped: 0,0001518 seconds, Stopping threads took: 0,0000413 seconds
2018-04-06T22:30:43.925+0200: 10,145: Total time for which application threads were stopped: 0,0000714 seconds, Stopping threads took: 0,0000159 seconds
2018-04-06T22:30:43.925+0200: 10,145: Total time for which application threads were stopped: 0,0000547 seconds, Stopping threads took: 0,0000264 seconds
2018-04-06T22:30:44.925+0200: 11,145: Total time for which application threads were stopped: 0,0003178 seconds, Stopping threads took: 0,0000672 seconds
2018-04-06T22:30:46.479+0200: 12,699: Total time for which application threads were stopped: 0,0001294 seconds, Stopping threads took: 0,0000608 seconds
2018-04-06T22:30:46.481+0200: 12,701: Total time for which application threads were stopped: 0,0013598 seconds, Stopping threads took: 0,0001752 seconds
2018-04-06T22:30:46.486+0200: 12,706: Total time for which application threads were stopped: 0,0001079 seconds, Stopping threads took: 0,0000412 seconds
2018-04-06T22:30:46.486+0200: 12,706: Total time for which application threads were stopped: 0,0000660 seconds, Stopping threads took: 0,0000109 seconds
2018-04-06T22:30:46.486+0200: 12,706: Total time for which application threads were stopped: 0,0000471 seconds, Stopping threads took: 0,0000146 seconds
2018-04-06T22:30:46.486+0200: 12,706: Total time for which application threads were stopped: 0,0000382 seconds, Stopping threads took: 0,0000122 seconds
2018-04-06T22:30:46.486+0200: 12,706: Total time for which application threads were stopped: 0,0000353 seconds, Stopping threads took: 0,0000113 seconds
2018-04-06T22:30:46.487+0200: 12,706: Total time for which application threads were stopped: 0,0000321 seconds, Stopping threads took: 0,0000103 seconds
2018-04-06T22:30:46.487+0200: 12,707: Total time for which application threads were stopped: 0,0000556 seconds, Stopping threads took: 0,0000103 seconds
2018-04-06T22:30:46.487+0200: 12,707: Total time for which application threads were stopped: 0,0000364 seconds, Stopping threads took: 0,0000100 seconds
2018-04-06T22:30:46.487+0200: 12,707: Total time for which application threads were stopped: 0,0000371 seconds, Stopping threads took: 0,0000108 seconds
2018-04-06T22:30:47.487+0200: 13,707: Total time for which application threads were stopped: 0,0001794 seconds, Stopping threads took: 0,0000241 seconds
2018-04-06T22:30:47.791+0200: 14,011: Total time for which application threads were stopped: 0,0007509 seconds, Stopping threads took: 0,0000297 seconds
2018-04-06T22:30:48.793+0200: 15,013: Total time for which application threads were stopped: 0,0012887 seconds, Stopping threads took: 0,0009448 seconds
2018-04-06T22:30:49.794+0200: 16,014: Total time for which application threads were stopped: 0,0004310 seconds, Stopping threads took: 0,0001023 seconds
2018-04-06T22:30:50.794+0200: 17,014: Total time for which application threads were stopped: 0,0002311 seconds, Stopping threads took: 0,0000753 seconds
2018-04-06T22:30:51.633+0200: 17,853: Total time for which application threads were stopped: 0,0001308 seconds, Stopping threads took: 0,0000411 seconds
2018-04-06T22:30:51.638+0200: 17,858: Total time for which application threads were stopped: 0,0004168 seconds, Stopping threads took: 0,0000307 seconds
2018-04-06T22:30:52.639+0200: 18,859: Total time for which application threads were stopped: 0,0001754 seconds, Stopping threads took: 0,0000492 seconds
2018-04-06T22:30:53.640+0200: 19,860: Total time for which application threads were stopped: 0,0007446 seconds, Stopping threads took: 0,0001322 seconds
2018-04-06T22:30:54.640+0200: 20,860: Total time for which application threads were stopped: 0,0003350 seconds, Stopping threads took: 0,0000816 seconds
2018-04-06T22:30:56.641+0200: 22,861: Total time for which application threads were stopped: 0,0004775 seconds, Stopping threads took: 0,0001229 seconds
2018-04-06T22:30:57.948+0200: 24,168: Total time for which application threads were stopped: 0,0001208 seconds, Stopping threads took: 0,0000445 seconds
2018-04-06T22:30:57.951+0200: 24,171: Total time for which application threads were stopped: 0,0007245 seconds, Stopping threads took: 0,0002041 seconds
2018-04-06T22:30:57.954+0200: 24,173: Total time for which application threads were stopped: 0,0001612 seconds, Stopping threads took: 0,0000771 seconds
2018-04-06T22:30:58.954+0200: 25,174: Total time for which application threads were stopped: 0,0000951 seconds, Stopping threads took: 0,0000271 seconds
2018-04-06T22:30:59.954+0200: 26,174: Total time for which application threads were stopped: 0,0004882 seconds, Stopping threads took: 0,0001131 seconds
2018-04-06T22:31:00.955+0200: 27,175: Total time for which application threads were stopped: 0,0001140 seconds, Stopping threads took: 0,0000210 seconds
2018-04-06T22:31:01.955+0200: 28,175: Total time for which application threads were stopped: 0,0001061 seconds, Stopping threads took: 0,0000276 seconds
2018-04-06T22:31:02.955+0200: 29,175: Total time for which application threads were stopped: 0,0000898 seconds, Stopping threads took: 0,0000199 seconds
2018-04-06T22:31:03.620+0200: 29,840: Total time for which application threads were stopped: 0,0007983 seconds, Stopping threads took: 0,0000882 seconds
2018-04-06T22:31:03.626+0200: 29,846: Total time for which application threads were stopped: 0,0001467 seconds, Stopping threads took: 0,0000459 seconds
2018-04-06T22:31:04.626+0200: 30,846: Total time for which application threads were stopped: 0,0000904 seconds, Stopping threads took: 0,0000196 seconds
2018-04-06T22:31:05.627+0200: 31,848: Total time for which application threads were stopped: 0,0016229 seconds, Stopping threads took: 0,0001188 seconds
2018-04-06T22:31:06.628+0200: 32,848: Total time for which application threads were stopped: 0,0001252 seconds, Stopping threads took: 0,0000294 seconds
2018-04-06T22:31:14.633+0200: 40,853: Total time for which application threads were stopped: 0,0005753 seconds, Stopping threads took: 0,0001505 seconds
2018-04-06T22:31:15.633+0200: 41,853: Total time for which application threads were stopped: 0,0001034 seconds, Stopping threads took: 0,0000207 seconds
2018-04-06T22:31:17.639+0200: 43,859: Total time for which application threads were stopped: 0,0001573 seconds, Stopping threads took: 0,0000337 seconds
2018-04-06T22:31:19.639+0200: 45,859: Total time for which application threads were stopped: 0,0000753 seconds, Stopping threads took: 0,0000184 seconds
2018-04-06T22:31:20.639+0200: 46,859: Total time for which application threads were stopped: 0,0001339 seconds, Stopping threads took: 0,0000357 seconds
2018-04-06T22:31:21.640+0200: 47,860: Total time for which application threads were stopped: 0,0004464 seconds, Stopping threads took: 0,0001115 seconds
2018-04-06T22:31:22.640+0200: 48,860: Total time for which application threads were stopped: 0,0001389 seconds, Stopping threads took: 0,0000251 seconds
2018-04-06T22:31:23.640+0200: 49,860: Total time for which application threads were stopped: 0,0001108 seconds, Stopping threads took: 0,0000230 seconds
2018-04-06T22:31:24.641+0200: 50,860: Total time for which application threads were stopped: 0,0001124 seconds, Stopping threads took: 0,0000221 seconds
2018-04-06T22:31:25.642+0200: 51,862: Total time for which application threads were stopped: 0,0013210 seconds, Stopping threads took: 0,0001804 seconds
2018-04-06T22:31:26.644+0200: 52,864: Total time for which application threads were stopped: 0,0011191 seconds, Stopping threads took: 0,0001228 seconds
2018-04-06T22:31:28.645+0200: 54,865: Total time for which application threads were stopped: 0,0006085 seconds, Stopping threads took: 0,0001467 seconds
2018-04-06T22:31:30.645+0200: 56,865: Total time for which application threads were stopped: 0,0000913 seconds, Stopping threads took: 0,0000277 seconds
2018-04-06T22:31:32.649+0200: 58,868: Total time for which application threads were stopped: 0,0003039 seconds, Stopping threads took: 0,0000317 seconds
2018-04-06T22:31:33.649+0200: 59,869: Total time for which application threads were stopped: 0,0000821 seconds, Stopping threads took: 0,0000218 seconds
2018-04-06T22:31:34.650+0200: 60,869: Total time for which application threads were stopped: 0,0007308 seconds, Stopping threads took: 0,0001194 seconds
2018-04-06T22:31:36.650+0200: 62,870: Total time for which application threads were stopped: 0,0000826 seconds, Stopping threads took: 0,0000181 seconds
2018-04-06T22:31:38.651+0200: 64,871: Total time for which application threads were stopped: 0,0003817 seconds, Stopping threads took: 0,0002369 seconds
2018-04-06T22:31:42.652+0200: 68,871: Total time for which application threads were stopped: 0,0001705 seconds, Stopping threads took: 0,0000427 seconds
2018-04-06T22:31:51.653+0200: 77,873: Total time for which application threads were stopped: 0,0005929 seconds, Stopping threads took: 0,0001492 seconds
2018-04-06T22:31:53.654+0200: 79,874: Total time for which application threads were stopped: 0,0001465 seconds, Stopping threads took: 0,0000388 seconds
2018-04-06T22:31:55.655+0200: 81,875: Total time for which application threads were stopped: 0,0001581 seconds, Stopping threads took: 0,0000426 seconds
2018-04-06T22:31:56.395+0200: 82,615: Total time for which application threads were stopped: 0,0007027 seconds, Stopping threads took: 0,0001072 seconds
2018-04-06T22:31:57.396+0200: 83,616: Total time for which application threads were stopped: 0,0004826 seconds, Stopping threads took: 0,0001199 seconds
2018-04-06T22:31:58.396+0200: 84,616: Total time for which application threads were stopped: 0,0002117 seconds, Stopping threads took: 0,0000543 seconds
2018-04-06T22:31:59.397+0200: 85,617: Total time for which application threads were stopped: 0,0005845 seconds, Stopping threads took: 0,0001900 seconds
2018-04-06T22:32:00.397+0200: 86,617: Total time for which application threads were stopped: 0,0001282 seconds, Stopping threads took: 0,0000228 seconds
2018-04-06T22:32:05.398+0200: 91,618: Total time for which application threads were stopped: 0,0001085 seconds, Stopping threads took: 0,0000302 seconds
2018-04-06T22:32:06.399+0200: 92,619: Total time for which application threads were stopped: 0,0013749 seconds, Stopping threads took: 0,0003052 seconds
2018-04-06T22:32:11.401+0200: 97,621: Total time for which application threads were stopped: 0,0001646 seconds, Stopping threads took: 0,0000567 seconds
2018-04-06T22:32:12.402+0200: 98,622: Total time for which application threads were stopped: 0,0005442 seconds, Stopping threads took: 0,0001391 seconds
2018-04-06T22:32:14.402+0200: 100,622: Total time for which application threads were stopped: 0,0001233 seconds, Stopping threads took: 0,0000330 seconds
2018-04-06T22:32:17.405+0200: 103,625: Total time for which application threads were stopped: 0,0001192 seconds, Stopping threads took: 0,0000244 seconds
2018-04-06T22:32:24.407+0200: 110,627: Total time for which application threads were stopped: 0,0004628 seconds, Stopping threads took: 0,0000960 seconds
2018-04-06T22:32:29.408+0200: 115,628: Total time for which application threads were stopped: 0,0005252 seconds, Stopping threads took: 0,0001203 seconds
2018-04-06T22:32:33.409+0200: 119,629: Total time for which application threads were stopped: 0,0000789 seconds, Stopping threads took: 0,0000219 seconds
2018-04-06T22:32:36.409+0200: 122,629: Total time for which application threads were stopped: 0,0001589 seconds, Stopping threads took: 0,0000390 seconds
2018-04-06T22:32:39.410+0200: 125,630: Total time for which application threads were stopped: 0,0008230 seconds, Stopping threads took: 0,0002899 seconds
2018-04-06T22:32:41.626+0200: 127,846: Total time for which application threads were stopped: 0,0002411 seconds, Stopping threads took: 0,0001020 seconds
2018-04-06T22:32:41.632+0200: 127,852: Total time for which application threads were stopped: 0,0001840 seconds, Stopping threads took: 0,0000751 seconds
2018-04-06T22:32:42.312+0200: 128,532: Total time for which application threads were stopped: 0,0001110 seconds, Stopping threads took: 0,0000270 seconds
2018-04-06T22:32:43.313+0200: 129,532: Total time for which application threads were stopped: 0,0001440 seconds, Stopping threads took: 0,0000394 seconds
2018-04-06T22:32:44.313+0200: 130,533: Total time for which application threads were stopped: 0,0001107 seconds, Stopping threads took: 0,0000272 seconds
2018-04-06T22:32:45.216+0200: 131,436: Total time for which application threads were stopped: 0,0001363 seconds, Stopping threads took: 0,0000289 seconds
2018-04-06T22:32:49.217+0200: 135,437: Total time for which application threads were stopped: 0,0000821 seconds, Stopping threads took: 0,0000240 seconds
2018-04-06T22:32:50.218+0200: 136,437: Total time for which application threads were stopped: 0,0005294 seconds, Stopping threads took: 0,0000900 seconds
2018-04-06T22:32:53.218+0200: 139,438: Total time for which application threads were stopped: 0,0004146 seconds, Stopping threads took: 0,0001113 seconds
2018-04-06T22:32:55.219+0200: 141,439: Total time for which application threads were stopped: 0,0000935 seconds, Stopping threads took: 0,0000283 seconds
2018-04-06T22:32:58.219+0200: 144,439: Total time for which application threads were stopped: 0,0000773 seconds, Stopping threads took: 0,0000186 seconds
2018-04-06T22:32:59.219+0200: 145,439: Total time for which application threads were stopped: 0,0000958 seconds, Stopping threads took: 0,0000235 seconds
2018-04-06T22:33:00.219+0200: 146,439: Total time for which application threads were stopped: 0,0000872 seconds, Stopping threads took: 0,0000184 seconds
2018-04-06T22:33:02.220+0200: 148,439: Total time for which application threads were stopped: 0,0001002 seconds, Stopping threads took: 0,0000220 seconds
2018-04-06T22:33:02.595+0200: 148,815: Total time for which application threads were stopped: 0,0001726 seconds, Stopping threads took: 0,0000648 seconds
2018-04-06T22:33:03.596+0200: 149,816: Total time for which application threads were stopped: 0,0001405 seconds, Stopping threads took: 0,0000338 seconds
2018-04-06T22:33:06.596+0200: 152,816: Total time for which application threads were stopped: 0,0001084 seconds, Stopping threads took: 0,0000215 seconds
2018-04-06T22:33:07.596+0200: 153,816: Total time for which application threads were stopped: 0,0000864 seconds, Stopping threads took: 0,0000207 seconds
2018-04-06T22:33:12.597+0200: 158,817: Total time for which application threads were stopped: 0,0006296 seconds, Stopping threads took: 0,0001345 seconds
2018-04-06T22:33:13.598+0200: 159,818: Total time for which application threads were stopped: 0,0002089 seconds, Stopping threads took: 0,0000615 seconds
2018-04-06T22:33:14.598+0200: 160,818: Total time for which application threads were stopped: 0,0004966 seconds, Stopping threads took: 0,0001277 seconds
{Heap before GC invocations=9 (full 1):
 par new generation   total 109248K, used 109114K [0x00000000e0000000, 0x00000000e8000000, 0x00000000e8000000)
  eden space 87424K, 100% used [0x00000000e0000000, 0x00000000e5560000, 0x00000000e5560000)
  from space 21824K,  99% used [0x00000000e6ab0000, 0x00000000e7fde910, 0x00000000e8000000)
  to   space 21824K,   0% used [0x00000000e5560000, 0x00000000e5560000, 0x00000000e6ab0000)
 concurrent mark-sweep generation total 393216K, used 10119K [0x00000000e8000000, 0x0000000100000000, 0x0000000100000000)
 Metaspace       used 30138K, capacity 30802K, committed 31100K, reserved 1077248K
  class space    used 3430K, capacity 3672K, committed 3708K, reserved 1048576K
2018-04-06T22:33:14.795+0200: 161,015: [GC (Allocation Failure) 2018-04-06T22:33:14.795+0200: 161,015: [ParNew
Desired survivor size 20112992 bytes, new threshold 5 (max 8)
- age   1:    6010224 bytes,    6010224 total
- age   2:     450904 bytes,    6461128 total
- age   3:     216048 bytes,    6677176 total
- age   4:   11730568 bytes,   18407744 total
- age   5:    2003432 bytes,   20411176 total
- age   6:      53872 bytes,   20465048 total
- age   7:     184152 bytes,   20649200 total
- age   8:     268184 bytes,   20917384 total
: 109114K->21824K(109248K), 0,0606375 secs] 119233K->32422K(502464K), 0,0607589 secs] [Times: user=0,10 sys=0,00, real=0,06 secs] 
Heap after GC invocations=10 (full 1):
 par new generation   total 109248K, used 21824K [0x00000000e0000000, 0x00000000e8000000, 0x00000000e8000000)
  eden space 87424K,   0% used [0x00000000e0000000, 0x00000000e0000000, 0x00000000e5560000)
  from space 21824K, 100% used [0x00000000e5560000, 0x00000000e6ab0000, 0x00000000e6ab0000)
  to   space 21824K,   0% used [0x00000000e6ab0000, 0x00000000e6ab0000, 0x00000000e8000000)
 concurrent mark-sweep generation total 393216K, used 10598K [0x00000000e8000000, 0x0000000100000000, 0x0000000100000000)
 Metaspace       used 30138K, capacity 30802K, committed 31100K, reserved 1077248K
  class space    used 3430K, capacity 3672K, committed 3708K, reserved 1048576K
}
2018-04-06T22:33:14.856+0200: 161,076: Total time for which application threads were stopped: 0,0609776 seconds, Stopping threads took: 0,0000312 seconds
2018-04-06T22:33:14.859+0200: 161,079: Total time for which application threads were stopped: 0,0001103 seconds, Stopping threads took: 0,0000577 seconds
2018-04-06T22:33:14.860+0200: 161,079: Total time for which application threads were stopped: 0,0000498 seconds, Stopping threads took: 0,0000228 seconds
2018-04-06T22:33:15.861+0200: 162,081: Total time for which application threads were stopped: 0,0016212 seconds, Stopping threads took: 0,0001820 seconds
2018-04-06T22:33:16.862+0200: 163,081: Total time for which application threads were stopped: 0,0000935 seconds, Stopping threads took: 0,0000196 seconds
2018-04-06T22:33:17.862+0200: 164,082: Total time for which application threads were stopped: 0,0001634 seconds, Stopping threads took: 0,0000301 seconds
2018-04-06T22:33:18.862+0200: 165,082: Total time for which application threads were stopped: 0,0001536 seconds, Stopping threads took: 0,0000280 seconds
2018-04-06T22:33:19.862+0200: 166,082: Total time for which application threads were stopped: 0,0002049 seconds, Stopping threads took: 0,0000597 seconds
2018-04-06T22:33:22.048+0200: 168,267: Total time for which application threads were stopped: 0,0000974 seconds, Stopping threads took: 0,0000167 seconds
2018-04-06T22:33:23.049+0200: 169,269: Total time for which application threads were stopped: 0,0014842 seconds, Stopping threads took: 0,0001603 seconds
2018-04-06T22:33:27.050+0200: 173,270: Total time for which application threads were stopped: 0,0000899 seconds, Stopping threads took: 0,0000184 seconds
2018-04-06T22:33:29.050+0200: 175,270: Total time for which application threads were stopped: 0,0004400 seconds, Stopping threads took: 0,0001014 seconds
2018-04-06T22:33:32.051+0200: 178,271: Total time for which application threads were stopped: 0,0000992 seconds, Stopping threads took: 0,0000255 seconds
2018-04-06T22:33:34.052+0200: 180,272: Total time for which application threads were stopped: 0,0006095 seconds, Stopping threads took: 0,0001275 seconds
2018-04-06T22:33:34.970+0200: 181,190: Total time for which application threads were stopped: 0,0000949 seconds, Stopping threads took: 0,0000171 seconds
2018-04-06T22:33:34.971+0200: 181,190: Total time for which application threads were stopped: 0,0000690 seconds, Stopping threads took: 0,0000151 seconds
2018-04-06T22:33:35.971+0200: 182,191: Total time for which application threads were stopped: 0,0001186 seconds, Stopping threads took: 0,0000302 seconds
2018-04-06T22:33:37.971+0200: 184,191: Total time for which application threads were stopped: 0,0000918 seconds, Stopping threads took: 0,0000309 seconds
2018-04-06T22:33:38.971+0200: 185,191: Total time for which application threads were stopped: 0,0000772 seconds, Stopping threads took: 0,0000188 seconds
2018-04-06T22:33:41.971+0200: 188,191: Total time for which application threads were stopped: 0,0001096 seconds, Stopping threads took: 0,0000212 seconds
2018-04-06T22:33:42.972+0200: 189,192: Total time for which application threads were stopped: 0,0001275 seconds, Stopping threads took: 0,0000246 seconds
2018-04-06T22:33:43.972+0200: 190,192: Total time for which application threads were stopped: 0,0001359 seconds, Stopping threads took: 0,0000286 seconds
2018-04-06T22:33:46.973+0200: 193,193: Total time for which application threads were stopped: 0,0006347 seconds, Stopping threads took: 0,0001478 seconds
2018-04-06T22:33:47.974+0200: 194,194: Total time for which application threads were stopped: 0,0007499 seconds, Stopping threads took: 0,0002961 seconds
2018-04-06T22:33:48.975+0200: 195,194: Total time for which application threads were stopped: 0,0005853 seconds, Stopping threads took: 0,0001088 seconds
2018-04-06T22:33:51.976+0200: 198,196: Total time for which application threads were stopped: 0,0002575 seconds, Stopping threads took: 0,0000765 seconds
2018-04-06T22:33:52.977+0200: 199,197: Total time for which application threads were stopped: 0,0000906 seconds, Stopping threads took: 0,0000214 seconds
2018-04-06T22:33:56.977+0200: 203,197: Total time for which application threads were stopped: 0,0001382 seconds, Stopping threads took: 0,0000370 seconds
2018-04-06T22:34:00.978+0200: 207,198: Total time for which application threads were stopped: 0,0001470 seconds, Stopping threads took: 0,0000334 seconds
2018-04-06T22:34:03.979+0200: 210,198: Total time for which application threads were stopped: 0,0000972 seconds, Stopping threads took: 0,0000225 seconds
2018-04-06T22:34:11.980+0200: 218,200: Total time for which application threads were stopped: 0,0006388 seconds, Stopping threads took: 0,0001618 seconds
2018-04-06T22:34:21.982+0200: 228,202: Total time for which application threads were stopped: 0,0001513 seconds, Stopping threads took: 0,0000366 seconds
2018-04-06T22:34:24.983+0200: 231,203: Total time for which application threads were stopped: 0,0002708 seconds, Stopping threads took: 0,0000520 seconds
2018-04-06T22:34:29.984+0200: 236,204: Total time for which application threads were stopped: 0,0006222 seconds, Stopping threads took: 0,0001610 seconds
2018-04-06T22:34:30.984+0200: 237,204: Total time for which application threads were stopped: 0,0000844 seconds, Stopping threads took: 0,0000176 seconds
2018-04-06T22:34:31.985+0200: 238,205: Total time for which application threads were stopped: 0,0006204 seconds, Stopping threads took: 0,0001534 seconds
2018-04-06T22:34:34.986+0200: 241,206: Total time for which application threads were stopped: 0,0001113 seconds, Stopping threads took: 0,0000209 seconds
2018-04-06T22:34:35.986+0200: 242,206: Total time for which application threads were stopped: 0,0000982 seconds, Stopping threads took: 0,0000192 seconds
2018-04-06T22:34:57.989+0200: 264,208: Total time for which application threads were stopped: 0,0001253 seconds, Stopping threads took: 0,0000272 seconds
2018-04-06T22:34:59.991+0200: 266,210: Total time for which application threads were stopped: 0,0018980 seconds, Stopping threads took: 0,0001762 seconds
2018-04-06T22:35:06.992+0200: 273,211: Total time for which application threads were stopped: 0,0002128 seconds, Stopping threads took: 0,0000957 seconds
2018-04-06T22:35:07.992+0200: 274,212: Total time for which application threads were stopped: 0,0007024 seconds, Stopping threads took: 0,0001826 seconds
2018-04-06T22:35:09.993+0200: 276,213: Total time for which application threads were stopped: 0,0003227 seconds, Stopping threads took: 0,0001106 seconds
2018-04-06T22:35:18.995+0200: 285,215: Total time for which application threads were stopped: 0,0006140 seconds, Stopping threads took: 0,0001509 seconds
2018-04-06T22:35:22.995+0200: 289,215: Total time for which application threads were stopped: 0,0002142 seconds, Stopping threads took: 0,0000264 seconds
2018-04-06T22:35:25.996+0200: 292,216: Total time for which application threads were stopped: 0,0002457 seconds, Stopping threads took: 0,0001262 seconds
2018-04-06T22:35:28.997+0200: 295,217: Total time for which application threads were stopped: 0,0003356 seconds, Stopping threads took: 0,0000823 seconds
2018-04-06T22:35:31.997+0200: 298,217: Total time for which application threads were stopped: 0,0001110 seconds, Stopping threads took: 0,0000232 seconds
2018-04-06T22:35:33.997+0200: 300,217: Total time for which application threads were stopped: 0,0000953 seconds, Stopping threads took: 0,0000261 seconds
2018-04-06T22:35:34.450+0200: 300,670: Total time for which application threads were stopped: 0,0001240 seconds, Stopping threads took: 0,0000238 seconds
2018-04-06T22:35:34.469+0200: 300,688: Total time for which application threads were stopped: 0,0001950 seconds, Stopping threads took: 0,0000601 seconds
2018-04-06T22:35:34.584+0200: 300,804: Total time for which application threads were stopped: 0,0003000 seconds, Stopping threads took: 0,0000470 seconds
2018-04-06T22:35:34.586+0200: 300,806: Total time for which application threads were stopped: 0,0005922 seconds, Stopping threads took: 0,0001907 seconds
2018-04-06T22:35:34.607+0200: 300,827: Total time for which application threads were stopped: 0,0004072 seconds, Stopping threads took: 0,0000289 seconds
2018-04-06T22:35:34.635+0200: 300,855: Total time for which application threads were stopped: 0,0003721 seconds, Stopping threads took: 0,0001382 seconds
2018-04-06T22:35:34.704+0200: 300,924: Total time for which application threads were stopped: 0,0002916 seconds, Stopping threads took: 0,0001899 seconds
2018-04-06T22:35:34.776+0200: 300,996: Total time for which application threads were stopped: 0,0007928 seconds, Stopping threads took: 0,0001702 seconds
2018-04-06T22:35:35.514+0200: 301,733: Total time for which application threads were stopped: 0,0002582 seconds, Stopping threads took: 0,0000392 seconds
2018-04-06T22:35:35.517+0200: 301,737: Total time for which application threads were stopped: 0,0001055 seconds, Stopping threads took: 0,0000239 seconds
2018-04-06T22:35:35.576+0200: 301,796: Total time for which application threads were stopped: 0,0001334 seconds, Stopping threads took: 0,0000354 seconds
2018-04-06T22:35:35.667+0200: 301,887: Total time for which application threads were stopped: 0,0001074 seconds, Stopping threads took: 0,0000292 seconds
2018-04-06T22:35:35.667+0200: 301,887: Total time for which application threads were stopped: 0,0000900 seconds, Stopping threads took: 0,0000242 seconds
2018-04-06T22:35:35.826+0200: 302,046: Total time for which application threads were stopped: 0,0001867 seconds, Stopping threads took: 0,0000567 seconds
2018-04-06T22:35:35.907+0200: 302,127: Total time for which application threads were stopped: 0,0001507 seconds, Stopping threads took: 0,0000313 seconds
2018-04-06T22:35:36.520+0200: 302,740: Total time for which application threads were stopped: 0,0001089 seconds, Stopping threads took: 0,0000215 seconds
2018-04-06T22:35:37.521+0200: 303,741: Total time for which application threads were stopped: 0,0009591 seconds, Stopping threads took: 0,0001651 seconds
2018-04-06T22:35:38.521+0200: 304,741: Total time for which application threads were stopped: 0,0001300 seconds, Stopping threads took: 0,0000216 seconds
2018-04-06T22:35:39.522+0200: 305,741: Total time for which application threads were stopped: 0,0001650 seconds, Stopping threads took: 0,0000236 seconds
2018-04-06T22:35:40.522+0200: 306,742: Total time for which application threads were stopped: 0,0001272 seconds, Stopping threads took: 0,0000324 seconds
{Heap before GC invocations=10 (full 1):
 par new generation   total 109248K, used 109248K [0x00000000e0000000, 0x00000000e8000000, 0x00000000e8000000)
  eden space 87424K, 100% used [0x00000000e0000000, 0x00000000e5560000, 0x00000000e5560000)
  from space 21824K, 100% used [0x00000000e5560000, 0x00000000e6ab0000, 0x00000000e6ab0000)
  to   space 21824K,   0% used [0x00000000e6ab0000, 0x00000000e6ab0000, 0x00000000e8000000)
 concurrent mark-sweep generation total 393216K, used 10598K [0x00000000e8000000, 0x0000000100000000, 0x0000000100000000)
 Metaspace       used 30874K, capacity 31588K, committed 31740K, reserved 1077248K
  class space    used 3451K, capacity 3806K, committed 3836K, reserved 1048576K
2018-04-06T22:35:41.137+0200: 307,357: [GC (Allocation Failure) 2018-04-06T22:35:41.137+0200: 307,357: [ParNew
Desired survivor size 20112992 bytes, new threshold 5 (max 8)
- age   1:    2937632 bytes,    2937632 total
- age   2:    5023152 bytes,    7960784 total
- age   3:     362368 bytes,    8323152 total
- age   4:     203656 bytes,    8526808 total
- age   5:   13951360 bytes,   22478168 total
: 109248K->21824K(109248K), 0,0403731 secs] 119846K->35469K(502464K), 0,0405809 secs] [Times: user=0,09 sys=0,00, real=0,04 secs] 
Heap after GC invocations=11 (full 1):
 par new generation   total 109248K, used 21824K [0x00000000e0000000, 0x00000000e8000000, 0x00000000e8000000)
  eden space 87424K,   0% used [0x00000000e0000000, 0x00000000e0000000, 0x00000000e5560000)
  from space 21824K, 100% used [0x00000000e6ab0000, 0x00000000e8000000, 0x00000000e8000000)
  to   space 21824K,   0% used [0x00000000e5560000, 0x00000000e5560000, 0x00000000e6ab0000)
 concurrent mark-sweep generation total 393216K, used 13645K [0x00000000e8000000, 0x0000000100000000, 0x0000000100000000)
 Metaspace       used 30874K, capacity 31588K, committed 31740K, reserved 1077248K
  class space    used 3451K, capacity 3806K, committed 3836K, reserved 1048576K
}
2018-04-06T22:35:41.178+0200: 307,398: Total time for which application threads were stopped: 0,0411543 seconds, Stopping threads took: 0,0001030 seconds
2018-04-06T22:35:42.178+0200: 308,398: Total time for which application threads were stopped: 0,0001745 seconds, Stopping threads took: 0,0000293 seconds
2018-04-06T22:35:42.183+0200: 308,403: Total time for which application threads were stopped: 0,0002378 seconds, Stopping threads took: 0,0000282 seconds
2018-04-06T22:35:42.183+0200: 308,403: Total time for which application threads were stopped: 0,0000977 seconds, Stopping threads took: 0,0000227 seconds
2018-04-06T22:35:43.183+0200: 309,403: Total time for which application threads were stopped: 0,0001334 seconds, Stopping threads took: 0,0000238 seconds
2018-04-06T22:35:44.184+0200: 310,404: Total time for which application threads were stopped: 0,0005649 seconds, Stopping threads took: 0,0001276 seconds
2018-04-06T22:35:45.185+0200: 311,405: Total time for which application threads were stopped: 0,0009280 seconds, Stopping threads took: 0,0001777 seconds
2018-04-06T22:35:46.116+0200: 312,335: Total time for which application threads were stopped: 0,0010894 seconds, Stopping threads took: 0,0003124 seconds
2018-04-06T22:35:46.556+0200: 312,776: Total time for which application threads were stopped: 0,0001962 seconds, Stopping threads took: 0,0000265 seconds
2018-04-06T22:35:46.557+0200: 312,776: Total time for which application threads were stopped: 0,0001420 seconds, Stopping threads took: 0,0000274 seconds
2018-04-06T22:35:46.557+0200: 312,777: Total time for which application threads were stopped: 0,0000890 seconds, Stopping threads took: 0,0000207 seconds
2018-04-06T22:35:46.774+0200: 312,994: Total time for which application threads were stopped: 0,0001473 seconds, Stopping threads took: 0,0000425 seconds
2018-04-06T22:35:47.774+0200: 313,994: Total time for which application threads were stopped: 0,0002595 seconds, Stopping threads took: 0,0000294 seconds
2018-04-06T22:35:48.775+0200: 314,995: Total time for which application threads were stopped: 0,0004146 seconds, Stopping threads took: 0,0003107 seconds
{Heap before GC invocations=11 (full 1):
 par new generation   total 109248K, used 109248K [0x00000000e0000000, 0x00000000e8000000, 0x00000000e8000000)
  eden space 87424K, 100% used [0x00000000e0000000, 0x00000000e5560000, 0x00000000e5560000)
  from space 21824K, 100% used [0x00000000e6ab0000, 0x00000000e8000000, 0x00000000e8000000)
  to   space 21824K,   0% used [0x00000000e5560000, 0x00000000e5560000, 0x00000000e6ab0000)
 concurrent mark-sweep generation total 393216K, used 13645K [0x00000000e8000000, 0x0000000100000000, 0x0000000100000000)
 Metaspace       used 31036K, capacity 31780K, committed 31996K, reserved 1077248K
  class space    used 3452K, capacity 3806K, committed 3836K, reserved 1048576K
2018-04-06T22:35:48.783+0200: 315,002: [GC (Allocation Failure) 2018-04-06T22:35:48.783+0200: 315,003: [ParNew
Desired survivor size 20112992 bytes, new threshold 8 (max 8)
- age   1:    4351656 bytes,    4351656 total
- age   2:    2886400 bytes,    7238056 total
- age   3:    5022720 bytes,   12260776 total
- age   4:     362368 bytes,   12623144 total
- age   5:     203656 bytes,   12826800 total
: 109248K->21269K(109248K), 0,0757239 secs] 122893K->47461K(502464K), 0,0759415 secs] [Times: user=0,14 sys=0,01, real=0,07 secs] 
Heap after GC invocations=12 (full 1):
 par new generation   total 109248K, used 21269K [0x00000000e0000000, 0x00000000e8000000, 0x00000000e8000000)
  eden space 87424K,   0% used [0x00000000e0000000, 0x00000000e0000000, 0x00000000e5560000)
  from space 21824K,  97% used [0x00000000e5560000, 0x00000000e6a25670, 0x00000000e6ab0000)
  to   space 21824K,   0% used [0x00000000e6ab0000, 0x00000000e6ab0000, 0x00000000e8000000)
 concurrent mark-sweep generation total 393216K, used 26191K [0x00000000e8000000, 0x0000000100000000, 0x0000000100000000)
 Metaspace       used 31036K, capacity 31780K, committed 31996K, reserved 1077248K
  class space    used 3452K, capacity 3806K, committed 3836K, reserved 1048576K
}
2018-04-06T22:35:48.859+0200: 315,078: Total time for which application threads were stopped: 0,0762938 seconds, Stopping threads took: 0,0000567 seconds
2018-04-06T22:35:49.859+0200: 316,079: Total time for which application threads were stopped: 0,0001450 seconds, Stopping threads took: 0,0000393 seconds
2018-04-06T22:35:50.860+0200: 317,079: Total time for which application threads were stopped: 0,0006508 seconds, Stopping threads took: 0,0001308 seconds
2018-04-06T22:35:51.861+0200: 318,081: Total time for which application threads were stopped: 0,0008823 seconds, Stopping threads took: 0,0001984 seconds
2018-04-06T22:35:52.862+0200: 319,082: Total time for which application threads were stopped: 0,0009473 seconds, Stopping threads took: 0,0001757 seconds
2018-04-06T22:35:54.862+0200: 321,082: Total time for which application threads were stopped: 0,0003154 seconds, Stopping threads took: 0,0002005 seconds
2018-04-06T22:35:55.863+0200: 322,083: Total time for which application threads were stopped: 0,0005585 seconds, Stopping threads took: 0,0002277 seconds
{Heap before GC invocations=12 (full 1):
 par new generation   total 109248K, used 108693K [0x00000000e0000000, 0x00000000e8000000, 0x00000000e8000000)
  eden space 87424K, 100% used [0x00000000e0000000, 0x00000000e5560000, 0x00000000e5560000)
  from space 21824K,  97% used [0x00000000e5560000, 0x00000000e6a25670, 0x00000000e6ab0000)
  to   space 21824K,   0% used [0x00000000e6ab0000, 0x00000000e6ab0000, 0x00000000e8000000)
 concurrent mark-sweep generation total 393216K, used 26191K [0x00000000e8000000, 0x0000000100000000, 0x0000000100000000)
 Metaspace       used 31053K, capacity 31844K, committed 31996K, reserved 1077248K
  class space    used 3452K, capacity 3806K, committed 3836K, reserved 1048576K
2018-04-06T22:35:56.039+0200: 322,259: [GC (Allocation Failure) 2018-04-06T22:35:56.039+0200: 322,259: [ParNew
Desired survivor size 20112992 bytes, new threshold 8 (max 8)
- age   1:     229504 bytes,     229504 total
- age   2:    4262728 bytes,    4492232 total
- age   3:    2886056 bytes,    7378288 total
- age   4:    5022720 bytes,   12401008 total
- age   5:     362368 bytes,   12763376 total
- age   6:     203656 bytes,   12967032 total
: 108693K->16617K(109248K), 0,0217479 secs] 134885K->42808K(502464K), 0,0218426 secs] [Times: user=0,04 sys=0,00, real=0,03 secs] 
Heap after GC invocations=13 (full 1):
 par new generation   total 109248K, used 16617K [0x00000000e0000000, 0x00000000e8000000, 0x00000000e8000000)
  eden space 87424K,   0% used [0x00000000e0000000, 0x00000000e0000000, 0x00000000e5560000)
  from space 21824K,  76% used [0x00000000e6ab0000, 0x00000000e7aea538, 0x00000000e8000000)
  to   space 21824K,   0% used [0x00000000e5560000, 0x00000000e5560000, 0x00000000e6ab0000)
 concurrent mark-sweep generation total 393216K, used 26191K [0x00000000e8000000, 0x0000000100000000, 0x0000000100000000)
 Metaspace       used 31053K, capacity 31844K, committed 31996K, reserved 1077248K
  class space    used 3452K, capacity 3806K, committed 3836K, reserved 1048576K
}
2018-04-06T22:35:56.061+0200: 322,281: Total time for which application threads were stopped: 0,0220354 seconds, Stopping threads took: 0,0000228 seconds
2018-04-06T22:35:57.063+0200: 323,282: Total time for which application threads were stopped: 0,0006843 seconds, Stopping threads took: 0,0001342 seconds
2018-04-06T22:35:58.064+0200: 324,283: Total time for which application threads were stopped: 0,0007728 seconds, Stopping threads took: 0,0003987 seconds
2018-04-06T22:35:58.790+0200: 325,010: Total time for which application threads were stopped: 0,0013207 seconds, Stopping threads took: 0,0000414 seconds
2018-04-06T22:35:58.797+0200: 325,017: Total time for which application threads were stopped: 0,0010189 seconds, Stopping threads took: 0,0001433 seconds
2018-04-06T22:35:58.805+0200: 325,025: Total time for which application threads were stopped: 0,0001367 seconds, Stopping threads took: 0,0000397 seconds
2018-04-06T22:35:58.837+0200: 325,056: Total time for which application threads were stopped: 0,0001201 seconds, Stopping threads took: 0,0000308 seconds
2018-04-06T22:35:58.837+0200: 325,057: Total time for which application threads were stopped: 0,0000689 seconds, Stopping threads took: 0,0000122 seconds
2018-04-06T22:35:58.837+0200: 325,057: Total time for which application threads were stopped: 0,0000836 seconds, Stopping threads took: 0,0000188 seconds
2018-04-06T22:35:58.838+0200: 325,057: Total time for which application threads were stopped: 0,0000538 seconds, Stopping threads took: 0,0000102 seconds
2018-04-06T22:35:58.838+0200: 325,058: Total time for which application threads were stopped: 0,0000584 seconds, Stopping threads took: 0,0000097 seconds
2018-04-06T22:35:58.838+0200: 325,058: Total time for which application threads were stopped: 0,0000503 seconds, Stopping threads took: 0,0000088 seconds
2018-04-06T22:35:58.838+0200: 325,058: Total time for which application threads were stopped: 0,0000457 seconds, Stopping threads took: 0,0000081 seconds
2018-04-06T22:35:58.838+0200: 325,058: Total time for which application threads were stopped: 0,0000425 seconds, Stopping threads took: 0,0000069 seconds
2018-04-06T22:35:58.838+0200: 325,058: Total time for which application threads were stopped: 0,0000413 seconds, Stopping threads took: 0,0000066 seconds
2018-04-06T22:35:58.838+0200: 325,058: Total time for which application threads were stopped: 0,0000419 seconds, Stopping threads took: 0,0000070 seconds
2018-04-06T22:35:58.838+0200: 325,058: Total time for which application threads were stopped: 0,0000382 seconds, Stopping threads took: 0,0000068 seconds
2018-04-06T22:35:58.839+0200: 325,058: Total time for which application threads were stopped: 0,0000422 seconds, Stopping threads took: 0,0000079 seconds
2018-04-06T22:35:58.847+0200: 325,067: Total time for which application threads were stopped: 0,0001319 seconds, Stopping threads took: 0,0000429 seconds
2018-04-06T22:35:58.854+0200: 325,074: Total time for which application threads were stopped: 0,0054070 seconds, Stopping threads took: 0,0053027 seconds
2018-04-06T22:35:58.854+0200: 325,074: Total time for which application threads were stopped: 0,0000621 seconds, Stopping threads took: 0,0000208 seconds
2018-04-06T22:35:58.854+0200: 325,074: Total time for which application threads were stopped: 0,0000466 seconds, Stopping threads took: 0,0000114 seconds
2018-04-06T22:35:58.854+0200: 325,074: Total time for which application threads were stopped: 0,0000472 seconds, Stopping threads took: 0,0000121 seconds
2018-04-06T22:35:58.863+0200: 325,083: Total time for which application threads were stopped: 0,0052868 seconds, Stopping threads took: 0,0051565 seconds
2018-04-06T22:35:58.898+0200: 325,118: Total time for which application threads were stopped: 0,0053599 seconds, Stopping threads took: 0,0052048 seconds
2018-04-06T22:35:58.898+0200: 325,118: Total time for which application threads were stopped: 0,0001947 seconds, Stopping threads took: 0,0000149 seconds
2018-04-06T22:35:58.901+0200: 325,120: Total time for which application threads were stopped: 0,0001191 seconds, Stopping threads took: 0,0000245 seconds
2018-04-06T22:35:58.901+0200: 325,121: Total time for which application threads were stopped: 0,0002311 seconds, Stopping threads took: 0,0000307 seconds
2018-04-06T22:35:58.903+0200: 325,123: Total time for which application threads were stopped: 0,0001617 seconds, Stopping threads took: 0,0000358 seconds
2018-04-06T22:35:58.903+0200: 325,123: Total time for which application threads were stopped: 0,0001325 seconds, Stopping threads took: 0,0000495 seconds
2018-04-06T22:35:58.904+0200: 325,124: Total time for which application threads were stopped: 0,0002278 seconds, Stopping threads took: 0,0000571 seconds
2018-04-06T22:35:58.907+0200: 325,127: Total time for which application threads were stopped: 0,0005373 seconds, Stopping threads took: 0,0004295 seconds
2018-04-06T22:35:58.907+0200: 325,127: Total time for which application threads were stopped: 0,0001009 seconds, Stopping threads took: 0,0000304 seconds
2018-04-06T22:35:58.909+0200: 325,128: Total time for which application threads were stopped: 0,0013627 seconds, Stopping threads took: 0,0012554 seconds
2018-04-06T22:35:58.909+0200: 325,129: Total time for which application threads were stopped: 0,0002030 seconds, Stopping threads took: 0,0001258 seconds
2018-04-06T22:35:58.909+0200: 325,129: Total time for which application threads were stopped: 0,0001637 seconds, Stopping threads took: 0,0000753 seconds
2018-04-06T22:35:58.909+0200: 325,129: Total time for which application threads were stopped: 0,0001301 seconds, Stopping threads took: 0,0000373 seconds
2018-04-06T22:35:58.910+0200: 325,130: Total time for which application threads were stopped: 0,0000848 seconds, Stopping threads took: 0,0000274 seconds
2018-04-06T22:35:58.910+0200: 325,130: Total time for which application threads were stopped: 0,0001423 seconds, Stopping threads took: 0,0000563 seconds
2018-04-06T22:35:58.911+0200: 325,130: Total time for which application threads were stopped: 0,0001968 seconds, Stopping threads took: 0,0000402 seconds
2018-04-06T22:35:58.911+0200: 325,131: Total time for which application threads were stopped: 0,0001074 seconds, Stopping threads took: 0,0000296 seconds
2018-04-06T22:35:58.921+0200: 325,141: Total time for which application threads were stopped: 0,0010739 seconds, Stopping threads took: 0,0009581 seconds
2018-04-06T22:35:58.924+0200: 325,144: Total time for which application threads were stopped: 0,0001491 seconds, Stopping threads took: 0,0000607 seconds
2018-04-06T22:35:58.924+0200: 325,144: Total time for which application threads were stopped: 0,0001075 seconds, Stopping threads took: 0,0000221 seconds
2018-04-06T22:35:58.925+0200: 325,144: Total time for which application threads were stopped: 0,0000622 seconds, Stopping threads took: 0,0000116 seconds
2018-04-06T22:35:58.925+0200: 325,145: Total time for which application threads were stopped: 0,0000523 seconds, Stopping threads took: 0,0000134 seconds
2018-04-06T22:35:58.925+0200: 325,145: Total time for which application threads were stopped: 0,0000483 seconds, Stopping threads took: 0,0000105 seconds
2018-04-06T22:35:58.925+0200: 325,145: Total time for which application threads were stopped: 0,0000485 seconds, Stopping threads took: 0,0000105 seconds
2018-04-06T22:35:58.925+0200: 325,145: Total time for which application threads were stopped: 0,0000489 seconds, Stopping threads took: 0,0000104 seconds
2018-04-06T22:35:58.925+0200: 325,145: Total time for which application threads were stopped: 0,0000538 seconds, Stopping threads took: 0,0000126 seconds
2018-04-06T22:35:58.925+0200: 325,145: Total time for which application threads were stopped: 0,0000560 seconds, Stopping threads took: 0,0000111 seconds
2018-04-06T22:35:58.925+0200: 325,145: Total time for which application threads were stopped: 0,0000740 seconds, Stopping threads took: 0,0000279 seconds
2018-04-06T22:35:58.927+0200: 325,147: Total time for which application threads were stopped: 0,0001340 seconds, Stopping threads took: 0,0000427 seconds
2018-04-06T22:35:58.929+0200: 325,149: Total time for which application threads were stopped: 0,0013629 seconds, Stopping threads took: 0,0012620 seconds
2018-04-06T22:35:58.929+0200: 325,149: Total time for which application threads were stopped: 0,0001107 seconds, Stopping threads took: 0,0000495 seconds
2018-04-06T22:35:58.930+0200: 325,150: Total time for which application threads were stopped: 0,0001346 seconds, Stopping threads took: 0,0000657 seconds
2018-04-06T22:35:58.931+0200: 325,151: Total time for which application threads were stopped: 0,0001442 seconds, Stopping threads took: 0,0000475 seconds
2018-04-06T22:35:58.932+0200: 325,152: Total time for which application threads were stopped: 0,0001459 seconds, Stopping threads took: 0,0000547 seconds
2018-04-06T22:35:58.932+0200: 325,152: Total time for which application threads were stopped: 0,0001625 seconds, Stopping threads took: 0,0000992 seconds
2018-04-06T22:35:58.933+0200: 325,152: Total time for which application threads were stopped: 0,0001098 seconds, Stopping threads took: 0,0000288 seconds
2018-04-06T22:35:58.936+0200: 325,156: Total time for which application threads were stopped: 0,0011916 seconds, Stopping threads took: 0,0008989 seconds
2018-04-06T22:35:58.939+0200: 325,159: Total time for which application threads were stopped: 0,0014960 seconds, Stopping threads took: 0,0008294 seconds
2018-04-06T22:35:58.950+0200: 325,169: Total time for which application threads were stopped: 0,0001627 seconds, Stopping threads took: 0,0000345 seconds
2018-04-06T22:35:58.952+0200: 325,172: Total time for which application threads were stopped: 0,0004892 seconds, Stopping threads took: 0,0000866 seconds
2018-04-06T22:35:58.955+0200: 325,175: Total time for which application threads were stopped: 0,0005026 seconds, Stopping threads took: 0,0003368 seconds
2018-04-06T22:35:58.957+0200: 325,177: Total time for which application threads were stopped: 0,0002454 seconds, Stopping threads took: 0,0000621 seconds
2018-04-06T22:35:58.967+0200: 325,187: Total time for which application threads were stopped: 0,0049469 seconds, Stopping threads took: 0,0048294 seconds
2018-04-06T22:35:58.973+0200: 325,193: Total time for which application threads were stopped: 0,0007087 seconds, Stopping threads took: 0,0004169 seconds
2018-04-06T22:35:58.977+0200: 325,197: Total time for which application threads were stopped: 0,0003407 seconds, Stopping threads took: 0,0000354 seconds
Heap
 par new generation   total 109248K, used 54472K [0x00000000e0000000, 0x00000000e8000000, 0x00000000e8000000)
  eden space 87424K,  43% used [0x00000000e0000000, 0x00000000e24f7cb8, 0x00000000e5560000)
  from space 21824K,  76% used [0x00000000e6ab0000, 0x00000000e7aea538, 0x00000000e8000000)
  to   space 21824K,   0% used [0x00000000e5560000, 0x00000000e5560000, 0x00000000e6ab0000)
 concurrent mark-sweep generation total 393216K, used 26191K [0x00000000e8000000, 0x0000000100000000, 0x0000000100000000)
 Metaspace       used 31185K, capacity 31916K, committed 31996K, reserved 1077248K
  class space    used 3468K, capacity 3808K, committed 3836K, reserved 1048576K
