OpenJDK 64-Bit Server VM (25.171-b11) for linux-amd64 JRE (1.8.0_171-8u171-b11-0ubuntu0.16.04.1-b11), built on Apr 27 2018 17:19:03 by "buildd" with gcc 5.4.0 20160609
Memory: 4k page, physical 7867600k(818700k free), swap 8076284k(8009580k free)
CommandLine flags: -XX:CMSInitiatingOccupancyFraction=50 -XX:CMSMaxAbortablePrecleanTime=6000 -XX:+CMSParallelRemarkEnabled -XX:+CMSScavengeBeforeRemark -XX:ConcGCThreads=4 -XX:InitialHeapSize=536870912 -XX:MaxHeapSize=536870912 -XX:MaxTenuringThreshold=8 -XX:NewRatio=3 -XX:OldPLABSize=16 -XX:OnOutOfMemoryError=/home/gurnoor/workspace/QTM/solr/bin/oom_solr.sh 8983 /home/gurnoor/workspace/QTM/solr/server/logs -XX:ParallelGCThreads=4 -XX:+ParallelRefProcEnabled -XX:PretenureSizeThreshold=67108864 -XX:+PrintGC -XX:+PrintGCApplicationStoppedTime -XX:+PrintGCDateStamps -XX:+PrintGCDetails -XX:+PrintGCTimeStamps -XX:+PrintHeapAtGC -XX:+PrintTenuringDistribution -XX:SurvivorRatio=4 -XX:TargetSurvivorRatio=90 -XX:ThreadStackSize=256 -XX:+UseCMSInitiatingOccupancyOnly -XX:+UseCompressedClassPointers -XX:+UseCompressedOops -XX:+UseConcMarkSweepGC -XX:+UseParNewGC 
2018-06-19T14:54:57.489+0200: 0,124: Total time for which application threads were stopped: 0,0000694 seconds, Stopping threads took: 0,0000139 seconds
2018-06-19T14:54:57.555+0200: 0,190: Total time for which application threads were stopped: 0,0001316 seconds, Stopping threads took: 0,0000371 seconds
2018-06-19T14:54:57.568+0200: 0,203: Total time for which application threads were stopped: 0,0000863 seconds, Stopping threads took: 0,0000146 seconds
2018-06-19T14:54:57.677+0200: 0,313: Total time for which application threads were stopped: 0,0001654 seconds, Stopping threads took: 0,0000207 seconds
2018-06-19T14:54:57.827+0200: 0,462: Total time for which application threads were stopped: 0,0001380 seconds, Stopping threads took: 0,0000158 seconds
2018-06-19T14:54:57.870+0200: 0,505: Total time for which application threads were stopped: 0,0001670 seconds, Stopping threads took: 0,0000301 seconds
2018-06-19T14:54:57.887+0200: 0,523: Total time for which application threads were stopped: 0,0002075 seconds, Stopping threads took: 0,0000255 seconds
2018-06-19T14:54:58.086+0200: 0,722: Total time for which application threads were stopped: 0,0001813 seconds, Stopping threads took: 0,0000178 seconds
2018-06-19T14:54:58.231+0200: 0,866: Total time for which application threads were stopped: 0,0002536 seconds, Stopping threads took: 0,0000256 seconds
2018-06-19T14:54:58.251+0200: 0,886: Total time for which application threads were stopped: 0,0002041 seconds, Stopping threads took: 0,0000187 seconds
2018-06-19T14:54:58.274+0200: 0,909: Total time for which application threads were stopped: 0,0002416 seconds, Stopping threads took: 0,0000302 seconds
2018-06-19T14:54:58.275+0200: 0,911: Total time for which application threads were stopped: 0,0002103 seconds, Stopping threads took: 0,0000249 seconds
2018-06-19T14:54:58.286+0200: 0,921: Total time for which application threads were stopped: 0,0002258 seconds, Stopping threads took: 0,0000200 seconds
2018-06-19T14:54:58.370+0200: 1,005: Total time for which application threads were stopped: 0,0002639 seconds, Stopping threads took: 0,0000264 seconds
2018-06-19T14:54:58.529+0200: 1,164: Total time for which application threads were stopped: 0,0003795 seconds, Stopping threads took: 0,0001108 seconds
{Heap before GC invocations=0 (full 0):
 par new generation   total 109248K, used 87424K [0x00000000e0000000, 0x00000000e8000000, 0x00000000e8000000)
  eden space 87424K, 100% used [0x00000000e0000000, 0x00000000e5560000, 0x00000000e5560000)
  from space 21824K,   0% used [0x00000000e5560000, 0x00000000e5560000, 0x00000000e6ab0000)
  to   space 21824K,   0% used [0x00000000e6ab0000, 0x00000000e6ab0000, 0x00000000e8000000)
 concurrent mark-sweep generation total 393216K, used 0K [0x00000000e8000000, 0x0000000100000000, 0x0000000100000000)
 Metaspace       used 18110K, capacity 18472K, committed 18688K, reserved 1064960K
  class space    used 2045K, capacity 2198K, committed 2304K, reserved 1048576K
2018-06-19T14:54:58.625+0200: 1,260: [GC (Allocation Failure) 2018-06-19T14:54:58.625+0200: 1,260: [ParNew
Desired survivor size 20112992 bytes, new threshold 8 (max 8)
- age   1:   12503760 bytes,   12503760 total
: 87424K->12330K(109248K), 0,0128322 secs] 87424K->12330K(502464K), 0,0129069 secs] [Times: user=0,03 sys=0,00, real=0,01 secs] 
Heap after GC invocations=1 (full 0):
 par new generation   total 109248K, used 12330K [0x00000000e0000000, 0x00000000e8000000, 0x00000000e8000000)
  eden space 87424K,   0% used [0x00000000e0000000, 0x00000000e0000000, 0x00000000e5560000)
  from space 21824K,  56% used [0x00000000e6ab0000, 0x00000000e76ba828, 0x00000000e8000000)
  to   space 21824K,   0% used [0x00000000e5560000, 0x00000000e5560000, 0x00000000e6ab0000)
 concurrent mark-sweep generation total 393216K, used 0K [0x00000000e8000000, 0x0000000100000000, 0x0000000100000000)
 Metaspace       used 18110K, capacity 18472K, committed 18688K, reserved 1064960K
  class space    used 2045K, capacity 2198K, committed 2304K, reserved 1048576K
}
2018-06-19T14:54:58.638+0200: 1,273: Total time for which application threads were stopped: 0,0132863 seconds, Stopping threads took: 0,0000690 seconds
2018-06-19T14:54:58.893+0200: 1,528: Total time for which application threads were stopped: 0,0003829 seconds, Stopping threads took: 0,0000914 seconds
2018-06-19T14:54:58.939+0200: 1,574: Total time for which application threads were stopped: 0,0018219 seconds, Stopping threads took: 0,0014531 seconds
{Heap before GC invocations=1 (full 0):
 par new generation   total 109248K, used 99754K [0x00000000e0000000, 0x00000000e8000000, 0x00000000e8000000)
  eden space 87424K, 100% used [0x00000000e0000000, 0x00000000e5560000, 0x00000000e5560000)
  from space 21824K,  56% used [0x00000000e6ab0000, 0x00000000e76ba828, 0x00000000e8000000)
  to   space 21824K,   0% used [0x00000000e5560000, 0x00000000e5560000, 0x00000000e6ab0000)
 concurrent mark-sweep generation total 393216K, used 0K [0x00000000e8000000, 0x0000000100000000, 0x0000000100000000)
 Metaspace       used 20104K, capacity 20502K, committed 20736K, reserved 1067008K
  class space    used 2302K, capacity 2473K, committed 2560K, reserved 1048576K
2018-06-19T14:54:58.953+0200: 1,589: [GC (Allocation Failure) 2018-06-19T14:54:58.953+0200: 1,589: [ParNew
Desired survivor size 20112992 bytes, new threshold 8 (max 8)
- age   1:    2809408 bytes,    2809408 total
- age   2:    6482016 bytes,    9291424 total
: 99754K->13552K(109248K), 0,0201338 secs] 99754K->13552K(502464K), 0,0201987 secs] [Times: user=0,04 sys=0,00, real=0,02 secs] 
Heap after GC invocations=2 (full 0):
 par new generation   total 109248K, used 13552K [0x00000000e0000000, 0x00000000e8000000, 0x00000000e8000000)
  eden space 87424K,   0% used [0x00000000e0000000, 0x00000000e0000000, 0x00000000e5560000)
  from space 21824K,  62% used [0x00000000e5560000, 0x00000000e629c3f0, 0x00000000e6ab0000)
  to   space 21824K,   0% used [0x00000000e6ab0000, 0x00000000e6ab0000, 0x00000000e8000000)
 concurrent mark-sweep generation total 393216K, used 0K [0x00000000e8000000, 0x0000000100000000, 0x0000000100000000)
 Metaspace       used 20104K, capacity 20502K, committed 20736K, reserved 1067008K
  class space    used 2302K, capacity 2473K, committed 2560K, reserved 1048576K
}
2018-06-19T14:54:58.974+0200: 1,609: Total time for which application threads were stopped: 0,0204635 seconds, Stopping threads took: 0,0001232 seconds
2018-06-19T14:54:59.005+0200: 1,640: Total time for which application threads were stopped: 0,0004623 seconds, Stopping threads took: 0,0000753 seconds
2018-06-19T14:54:59.139+0200: 1,775: Total time for which application threads were stopped: 0,0002206 seconds, Stopping threads took: 0,0000577 seconds
{Heap before GC invocations=2 (full 0):
 par new generation   total 109248K, used 100976K [0x00000000e0000000, 0x00000000e8000000, 0x00000000e8000000)
  eden space 87424K, 100% used [0x00000000e0000000, 0x00000000e5560000, 0x00000000e5560000)
  from space 21824K,  62% used [0x00000000e5560000, 0x00000000e629c3f0, 0x00000000e6ab0000)
  to   space 21824K,   0% used [0x00000000e6ab0000, 0x00000000e6ab0000, 0x00000000e8000000)
 concurrent mark-sweep generation total 393216K, used 0K [0x00000000e8000000, 0x0000000100000000, 0x0000000100000000)
 Metaspace       used 21018K, capacity 21360K, committed 21628K, reserved 1069056K
  class space    used 2424K, capacity 2592K, committed 2684K, reserved 1048576K
2018-06-19T14:54:59.184+0200: 1,820: [GC (Allocation Failure) 2018-06-19T14:54:59.185+0200: 1,820: [ParNew
Desired survivor size 20112992 bytes, new threshold 8 (max 8)
- age   1:    1920576 bytes,    1920576 total
- age   2:     504248 bytes,    2424824 total
- age   3:    6477208 bytes,    8902032 total
: 100976K->12012K(109248K), 0,0169751 secs] 100976K->12012K(502464K), 0,0170606 secs] [Times: user=0,07 sys=0,00, real=0,01 secs] 
Heap after GC invocations=3 (full 0):
 par new generation   total 109248K, used 12012K [0x00000000e0000000, 0x00000000e8000000, 0x00000000e8000000)
  eden space 87424K,   0% used [0x00000000e0000000, 0x00000000e0000000, 0x00000000e5560000)
  from space 21824K,  55% used [0x00000000e6ab0000, 0x00000000e766b0c0, 0x00000000e8000000)
  to   space 21824K,   0% used [0x00000000e5560000, 0x00000000e5560000, 0x00000000e6ab0000)
 concurrent mark-sweep generation total 393216K, used 0K [0x00000000e8000000, 0x0000000100000000, 0x0000000100000000)
 Metaspace       used 21018K, capacity 21360K, committed 21628K, reserved 1069056K
  class space    used 2424K, capacity 2592K, committed 2684K, reserved 1048576K
}
2018-06-19T14:54:59.202+0200: 1,837: Total time for which application threads were stopped: 0,0181417 seconds, Stopping threads took: 0,0009172 seconds
2018-06-19T14:54:59.202+0200: 1,837: [GC (CMS Initial Mark) [1 CMS-initial-mark: 0K(393216K)] 12721K(502464K), 0,0070880 secs] [Times: user=0,02 sys=0,00, real=0,01 secs] 
2018-06-19T14:54:59.209+0200: 1,844: Total time for which application threads were stopped: 0,0072632 seconds, Stopping threads took: 0,0000445 seconds
2018-06-19T14:54:59.209+0200: 1,844: [CMS-concurrent-mark-start]
2018-06-19T14:54:59.209+0200: 1,845: [CMS-concurrent-mark: 0,001/0,001 secs] [Times: user=0,00 sys=0,00, real=0,00 secs] 
2018-06-19T14:54:59.209+0200: 1,845: [CMS-concurrent-preclean-start]
2018-06-19T14:54:59.211+0200: 1,846: [CMS-concurrent-preclean: 0,001/0,001 secs] [Times: user=0,01 sys=0,00, real=0,00 secs] 
2018-06-19T14:54:59.212+0200: 1,847: [GC (CMS Final Remark) [YG occupancy: 13432 K (109248 K)]{Heap before GC invocations=3 (full 1):
 par new generation   total 109248K, used 13432K [0x00000000e0000000, 0x00000000e8000000, 0x00000000e8000000)
  eden space 87424K,   1% used [0x00000000e0000000, 0x00000000e0163128, 0x00000000e5560000)
  from space 21824K,  55% used [0x00000000e6ab0000, 0x00000000e766b0c0, 0x00000000e8000000)
  to   space 21824K,   0% used [0x00000000e5560000, 0x00000000e5560000, 0x00000000e6ab0000)
 concurrent mark-sweep generation total 393216K, used 0K [0x00000000e8000000, 0x0000000100000000, 0x0000000100000000)
 Metaspace       used 21037K, capacity 21360K, committed 21628K, reserved 1069056K
  class space    used 2428K, capacity 2592K, committed 2684K, reserved 1048576K
2018-06-19T14:54:59.212+0200: 1,847: [GC (CMS Final Remark) 2018-06-19T14:54:59.212+0200: 1,847: [ParNew
Desired survivor size 20112992 bytes, new threshold 8 (max 8)
- age   1:     176856 bytes,     176856 total
- age   2:    1919320 bytes,    2096176 total
- age   3:     504248 bytes,    2600424 total
- age   4:    6477448 bytes,    9077872 total
: 13432K->11486K(109248K), 0,0124654 secs] 13432K->11486K(502464K), 0,0125099 secs] [Times: user=0,05 sys=0,00, real=0,01 secs] 
Heap after GC invocations=4 (full 1):
 par new generation   total 109248K, used 11486K [0x00000000e0000000, 0x00000000e8000000, 0x00000000e8000000)
  eden space 87424K,   0% used [0x00000000e0000000, 0x00000000e0000000, 0x00000000e5560000)
  from space 21824K,  52% used [0x00000000e5560000, 0x00000000e6097b30, 0x00000000e6ab0000)
  to   space 21824K,   0% used [0x00000000e6ab0000, 0x00000000e6ab0000, 0x00000000e8000000)
 concurrent mark-sweep generation total 393216K, used 0K [0x00000000e8000000, 0x0000000100000000, 0x0000000100000000)
 Metaspace       used 21037K, capacity 21360K, committed 21628K, reserved 1069056K
  class space    used 2428K, capacity 2592K, committed 2684K, reserved 1048576K
}
2018-06-19T14:54:59.224+0200: 1,860: [Rescan (parallel) , 0,0046611 secs]2018-06-19T14:54:59.229+0200: 1,864: [weak refs processing, 0,0038071 secs]2018-06-19T14:54:59.233+0200: 1,868: [class unloading, 0,0029596 secs]2018-06-19T14:54:59.236+0200: 1,871: [scrub symbol table, 0,0025839 secs]2018-06-19T14:54:59.238+0200: 1,874: [scrub string table, 0,0004151 secs][1 CMS-remark: 0K(393216K)] 11486K(502464K), 0,0276856 secs] [Times: user=0,09 sys=0,00, real=0,02 secs] 
2018-06-19T14:54:59.239+0200: 1,875: Total time for which application threads were stopped: 0,0278420 seconds, Stopping threads took: 0,0000623 seconds
2018-06-19T14:54:59.240+0200: 1,875: [CMS-concurrent-sweep-start]
2018-06-19T14:54:59.240+0200: 1,875: [CMS-concurrent-sweep: 0,000/0,000 secs] [Times: user=0,00 sys=0,00, real=0,00 secs] 
2018-06-19T14:54:59.240+0200: 1,875: [CMS-concurrent-reset-start]
2018-06-19T14:54:59.243+0200: 1,878: [CMS-concurrent-reset: 0,004/0,004 secs] [Times: user=0,01 sys=0,00, real=0,01 secs] 
{Heap before GC invocations=4 (full 1):
 par new generation   total 109248K, used 98910K [0x00000000e0000000, 0x00000000e8000000, 0x00000000e8000000)
  eden space 87424K, 100% used [0x00000000e0000000, 0x00000000e5560000, 0x00000000e5560000)
  from space 21824K,  52% used [0x00000000e5560000, 0x00000000e6097b30, 0x00000000e6ab0000)
  to   space 21824K,   0% used [0x00000000e6ab0000, 0x00000000e6ab0000, 0x00000000e8000000)
 concurrent mark-sweep generation total 393216K, used 0K [0x00000000e8000000, 0x0000000100000000, 0x0000000100000000)
 Metaspace       used 21263K, capacity 21566K, committed 21884K, reserved 1069056K
  class space    used 2453K, capacity 2606K, committed 2684K, reserved 1048576K
2018-06-19T14:54:59.332+0200: 1,967: [GC (Allocation Failure) 2018-06-19T14:54:59.332+0200: 1,967: [ParNew
Desired survivor size 20112992 bytes, new threshold 8 (max 8)
- age   1:    1657048 bytes,    1657048 total
- age   2:       3040 bytes,    1660088 total
- age   3:    1441392 bytes,    3101480 total
- age   4:     502024 bytes,    3603504 total
- age   5:    6477368 bytes,   10080872 total
: 98910K->12300K(109248K), 0,0117952 secs] 98910K->12300K(502464K), 0,0118612 secs] [Times: user=0,04 sys=0,00, real=0,01 secs] 
Heap after GC invocations=5 (full 1):
 par new generation   total 109248K, used 12300K [0x00000000e0000000, 0x00000000e8000000, 0x00000000e8000000)
  eden space 87424K,   0% used [0x00000000e0000000, 0x00000000e0000000, 0x00000000e5560000)
  from space 21824K,  56% used [0x00000000e6ab0000, 0x00000000e76b3358, 0x00000000e8000000)
  to   space 21824K,   0% used [0x00000000e5560000, 0x00000000e5560000, 0x00000000e6ab0000)
 concurrent mark-sweep generation total 393216K, used 0K [0x00000000e8000000, 0x0000000100000000, 0x0000000100000000)
 Metaspace       used 21263K, capacity 21566K, committed 21884K, reserved 1069056K
  class space    used 2453K, capacity 2606K, committed 2684K, reserved 1048576K
}
2018-06-19T14:54:59.344+0200: 1,979: Total time for which application threads were stopped: 0,0120914 seconds, Stopping threads took: 0,0000800 seconds
{Heap before GC invocations=5 (full 1):
 par new generation   total 109248K, used 99724K [0x00000000e0000000, 0x00000000e8000000, 0x00000000e8000000)
  eden space 87424K, 100% used [0x00000000e0000000, 0x00000000e5560000, 0x00000000e5560000)
  from space 21824K,  56% used [0x00000000e6ab0000, 0x00000000e76b3358, 0x00000000e8000000)
  to   space 21824K,   0% used [0x00000000e5560000, 0x00000000e5560000, 0x00000000e6ab0000)
 concurrent mark-sweep generation total 393216K, used 0K [0x00000000e8000000, 0x0000000100000000, 0x0000000100000000)
 Metaspace       used 21580K, capacity 21962K, committed 22140K, reserved 1069056K
  class space    used 2495K, capacity 2672K, committed 2684K, reserved 1048576K
2018-06-19T14:54:59.444+0200: 2,080: [GC (Allocation Failure) 2018-06-19T14:54:59.444+0200: 2,080: [ParNew
Desired survivor size 20112992 bytes, new threshold 8 (max 8)
- age   1:     607480 bytes,     607480 total
- age   2:     186608 bytes,     794088 total
- age   3:       3040 bytes,     797128 total
- age   4:    1051048 bytes,    1848176 total
- age   5:     501912 bytes,    2350088 total
- age   6:    6477456 bytes,    8827544 total
: 99724K->12752K(109248K), 0,0092325 secs] 99724K->12752K(502464K), 0,0093031 secs] [Times: user=0,03 sys=0,00, real=0,01 secs] 
Heap after GC invocations=6 (full 1):
 par new generation   total 109248K, used 12752K [0x00000000e0000000, 0x00000000e8000000, 0x00000000e8000000)
  eden space 87424K,   0% used [0x00000000e0000000, 0x00000000e0000000, 0x00000000e5560000)
  from space 21824K,  58% used [0x00000000e5560000, 0x00000000e61d40d0, 0x00000000e6ab0000)
  to   space 21824K,   0% used [0x00000000e6ab0000, 0x00000000e6ab0000, 0x00000000e8000000)
 concurrent mark-sweep generation total 393216K, used 0K [0x00000000e8000000, 0x0000000100000000, 0x0000000100000000)
 Metaspace       used 21580K, capacity 21962K, committed 22140K, reserved 1069056K
  class space    used 2495K, capacity 2672K, committed 2684K, reserved 1048576K
}
2018-06-19T14:54:59.454+0200: 2,089: Total time for which application threads were stopped: 0,0096629 seconds, Stopping threads took: 0,0002127 seconds
2018-06-19T14:54:59.462+0200: 2,098: Total time for which application threads were stopped: 0,0010346 seconds, Stopping threads took: 0,0007316 seconds
2018-06-19T14:54:59.721+0200: 2,356: Total time for which application threads were stopped: 0,0004754 seconds, Stopping threads took: 0,0000331 seconds
2018-06-19T14:54:59.735+0200: 2,371: Total time for which application threads were stopped: 0,0004001 seconds, Stopping threads took: 0,0000403 seconds
{Heap before GC invocations=6 (full 1):
 par new generation   total 109248K, used 100176K [0x00000000e0000000, 0x00000000e8000000, 0x00000000e8000000)
  eden space 87424K, 100% used [0x00000000e0000000, 0x00000000e5560000, 0x00000000e5560000)
  from space 21824K,  58% used [0x00000000e5560000, 0x00000000e61d40d0, 0x00000000e6ab0000)
  to   space 21824K,   0% used [0x00000000e6ab0000, 0x00000000e6ab0000, 0x00000000e8000000)
 concurrent mark-sweep generation total 393216K, used 0K [0x00000000e8000000, 0x0000000100000000, 0x0000000100000000)
 Metaspace       used 25527K, capacity 26018K, committed 26236K, reserved 1073152K
  class space    used 2956K, capacity 3156K, committed 3196K, reserved 1048576K
2018-06-19T14:55:00.044+0200: 2,679: [GC (Allocation Failure) 2018-06-19T14:55:00.044+0200: 2,679: [ParNew
Desired survivor size 20112992 bytes, new threshold 8 (max 8)
- age   1:   11358040 bytes,   11358040 total
- age   2:     180448 bytes,   11538488 total
- age   3:     183088 bytes,   11721576 total
- age   4:       3040 bytes,   11724616 total
- age   5:     267704 bytes,   11992320 total
- age   6:     478152 bytes,   12470472 total
- age   7:    6470248 bytes,   18940720 total
: 100176K->21432K(109248K), 0,0314740 secs] 100176K->21432K(502464K), 0,0315572 secs] [Times: user=0,08 sys=0,02, real=0,03 secs] 
Heap after GC invocations=7 (full 1):
 par new generation   total 109248K, used 21432K [0x00000000e0000000, 0x00000000e8000000, 0x00000000e8000000)
  eden space 87424K,   0% used [0x00000000e0000000, 0x00000000e0000000, 0x00000000e5560000)
  from space 21824K,  98% used [0x00000000e6ab0000, 0x00000000e7f9e000, 0x00000000e8000000)
  to   space 21824K,   0% used [0x00000000e5560000, 0x00000000e5560000, 0x00000000e6ab0000)
 concurrent mark-sweep generation total 393216K, used 0K [0x00000000e8000000, 0x0000000100000000, 0x0000000100000000)
 Metaspace       used 25527K, capacity 26018K, committed 26236K, reserved 1073152K
  class space    used 2956K, capacity 3156K, committed 3196K, reserved 1048576K
}
2018-06-19T14:55:00.076+0200: 2,711: Total time for which application threads were stopped: 0,0379688 seconds, Stopping threads took: 0,0060910 seconds
2018-06-19T14:55:00.176+0200: 2,811: Total time for which application threads were stopped: 0,0005594 seconds, Stopping threads took: 0,0000828 seconds
2018-06-19T14:55:00.195+0200: 2,831: Total time for which application threads were stopped: 0,0005216 seconds, Stopping threads took: 0,0000675 seconds
2018-06-19T14:55:00.254+0200: 2,890: Total time for which application threads were stopped: 0,0004633 seconds, Stopping threads took: 0,0000472 seconds
2018-06-19T14:55:00.383+0200: 3,019: Total time for which application threads were stopped: 0,0014719 seconds, Stopping threads took: 0,0010057 seconds
{Heap before GC invocations=7 (full 1):
 par new generation   total 109248K, used 108856K [0x00000000e0000000, 0x00000000e8000000, 0x00000000e8000000)
  eden space 87424K, 100% used [0x00000000e0000000, 0x00000000e5560000, 0x00000000e5560000)
  from space 21824K,  98% used [0x00000000e6ab0000, 0x00000000e7f9e000, 0x00000000e8000000)
  to   space 21824K,   0% used [0x00000000e5560000, 0x00000000e5560000, 0x00000000e6ab0000)
 concurrent mark-sweep generation total 393216K, used 0K [0x00000000e8000000, 0x0000000100000000, 0x0000000100000000)
 Metaspace       used 28024K, capacity 28630K, committed 28796K, reserved 1075200K
  class space    used 3225K, capacity 3422K, committed 3452K, reserved 1048576K
2018-06-19T14:55:00.500+0200: 3,135: [GC (Allocation Failure) 2018-06-19T14:55:00.500+0200: 3,135: [ParNew
Desired survivor size 20112992 bytes, new threshold 8 (max 8)
- age   1:    7332056 bytes,    7332056 total
- age   2:    7438696 bytes,   14770752 total
- age   3:     179984 bytes,   14950736 total
- age   4:     182912 bytes,   15133648 total
- age   5:       3040 bytes,   15136688 total
- age   6:     267240 bytes,   15403928 total
- age   7:     469680 bytes,   15873608 total
- age   8:    6463592 bytes,   22337200 total
: 108856K->21824K(109248K), 0,0334768 secs] 108856K->22968K(502464K), 0,0335662 secs] [Times: user=0,11 sys=0,01, real=0,04 secs] 
Heap after GC invocations=8 (full 1):
 par new generation   total 109248K, used 21824K [0x00000000e0000000, 0x00000000e8000000, 0x00000000e8000000)
  eden space 87424K,   0% used [0x00000000e0000000, 0x00000000e0000000, 0x00000000e5560000)
  from space 21824K, 100% used [0x00000000e5560000, 0x00000000e6ab0000, 0x00000000e6ab0000)
  to   space 21824K,   0% used [0x00000000e6ab0000, 0x00000000e6ab0000, 0x00000000e8000000)
 concurrent mark-sweep generation total 393216K, used 1144K [0x00000000e8000000, 0x0000000100000000, 0x0000000100000000)
 Metaspace       used 28024K, capacity 28630K, committed 28796K, reserved 1075200K
  class space    used 3225K, capacity 3422K, committed 3452K, reserved 1048576K
}
2018-06-19T14:55:00.533+0200: 3,168: Total time for which application threads were stopped: 0,0338382 seconds, Stopping threads took: 0,0000726 seconds
{Heap before GC invocations=8 (full 1):
 par new generation   total 109248K, used 109248K [0x00000000e0000000, 0x00000000e8000000, 0x00000000e8000000)
  eden space 87424K, 100% used [0x00000000e0000000, 0x00000000e5560000, 0x00000000e5560000)
  from space 21824K, 100% used [0x00000000e5560000, 0x00000000e6ab0000, 0x00000000e6ab0000)
  to   space 21824K,   0% used [0x00000000e6ab0000, 0x00000000e6ab0000, 0x00000000e8000000)
 concurrent mark-sweep generation total 393216K, used 1144K [0x00000000e8000000, 0x0000000100000000, 0x0000000100000000)
 Metaspace       used 28072K, capacity 28732K, committed 29052K, reserved 1075200K
  class space    used 3229K, capacity 3429K, committed 3452K, reserved 1048576K
2018-06-19T14:55:00.621+0200: 3,257: [GC (Allocation Failure) 2018-06-19T14:55:00.621+0200: 3,257: [ParNew
Desired survivor size 20112992 bytes, new threshold 8 (max 8)
- age   1:    1187560 bytes,    1187560 total
- age   2:    6893064 bytes,    8080624 total
- age   3:    7377912 bytes,   15458536 total
- age   4:     166600 bytes,   15625136 total
- age   5:     177608 bytes,   15802744 total
- age   6:       3040 bytes,   15805784 total
- age   7:     261944 bytes,   16067728 total
- age   8:     469680 bytes,   16537408 total
: 109248K->21824K(109248K), 0,0538050 secs] 110392K->29434K(502464K), 0,0539119 secs] [Times: user=0,17 sys=0,01, real=0,06 secs] 
Heap after GC invocations=9 (full 1):
 par new generation   total 109248K, used 21824K [0x00000000e0000000, 0x00000000e8000000, 0x00000000e8000000)
  eden space 87424K,   0% used [0x00000000e0000000, 0x00000000e0000000, 0x00000000e5560000)
  from space 21824K, 100% used [0x00000000e6ab0000, 0x00000000e8000000, 0x00000000e8000000)
  to   space 21824K,   0% used [0x00000000e5560000, 0x00000000e5560000, 0x00000000e6ab0000)
 concurrent mark-sweep generation total 393216K, used 7610K [0x00000000e8000000, 0x0000000100000000, 0x0000000100000000)
 Metaspace       used 28072K, capacity 28732K, committed 29052K, reserved 1075200K
  class space    used 3229K, capacity 3429K, committed 3452K, reserved 1048576K
}
2018-06-19T14:55:00.675+0200: 3,311: Total time for which application threads were stopped: 0,0541888 seconds, Stopping threads took: 0,0000698 seconds
{Heap before GC invocations=9 (full 1):
 par new generation   total 109248K, used 109248K [0x00000000e0000000, 0x00000000e8000000, 0x00000000e8000000)
  eden space 87424K, 100% used [0x00000000e0000000, 0x00000000e5560000, 0x00000000e5560000)
  from space 21824K, 100% used [0x00000000e6ab0000, 0x00000000e8000000, 0x00000000e8000000)
  to   space 21824K,   0% used [0x00000000e5560000, 0x00000000e5560000, 0x00000000e6ab0000)
 concurrent mark-sweep generation total 393216K, used 7610K [0x00000000e8000000, 0x0000000100000000, 0x0000000100000000)
 Metaspace       used 28305K, capacity 28962K, committed 29052K, reserved 1075200K
  class space    used 3239K, capacity 3442K, committed 3452K, reserved 1048576K
2018-06-19T14:55:00.880+0200: 3,515: [GC (Allocation Failure) 2018-06-19T14:55:00.880+0200: 3,515: [ParNew
Desired survivor size 20112992 bytes, new threshold 8 (max 8)
- age   1:    2403928 bytes,    2403928 total
- age   2:     165896 bytes,    2569824 total
- age   3:    6888432 bytes,    9458256 total
- age   4:    7443208 bytes,   16901464 total
- age   5:     166600 bytes,   17068064 total
- age   6:     177608 bytes,   17245672 total
- age   7:       3040 bytes,   17248712 total
- age   8:     261944 bytes,   17510656 total
: 109248K->21824K(109248K), 0,0420331 secs] 116858K->29905K(502464K), 0,0421460 secs] [Times: user=0,15 sys=0,00, real=0,04 secs] 
Heap after GC invocations=10 (full 1):
 par new generation   total 109248K, used 21824K [0x00000000e0000000, 0x00000000e8000000, 0x00000000e8000000)
  eden space 87424K,   0% used [0x00000000e0000000, 0x00000000e0000000, 0x00000000e5560000)
  from space 21824K, 100% used [0x00000000e5560000, 0x00000000e6ab0000, 0x00000000e6ab0000)
  to   space 21824K,   0% used [0x00000000e6ab0000, 0x00000000e6ab0000, 0x00000000e8000000)
 concurrent mark-sweep generation total 393216K, used 8081K [0x00000000e8000000, 0x0000000100000000, 0x0000000100000000)
 Metaspace       used 28305K, capacity 28962K, committed 29052K, reserved 1075200K
  class space    used 3239K, capacity 3442K, committed 3452K, reserved 1048576K
}
2018-06-19T14:55:00.922+0200: 3,558: Total time for which application threads were stopped: 0,0424760 seconds, Stopping threads took: 0,0000566 seconds
2018-06-19T14:55:01.422+0200: 4,057: Total time for which application threads were stopped: 0,0003530 seconds, Stopping threads took: 0,0000251 seconds
2018-06-19T14:55:11.272+0200: 13,908: Total time for which application threads were stopped: 0,0001815 seconds, Stopping threads took: 0,0000613 seconds
2018-06-19T14:55:11.284+0200: 13,919: Total time for which application threads were stopped: 0,0003871 seconds, Stopping threads took: 0,0000951 seconds
2018-06-19T14:55:11.306+0200: 13,942: Total time for which application threads were stopped: 0,0004003 seconds, Stopping threads took: 0,0000265 seconds
2018-06-19T14:55:11.323+0200: 13,958: Total time for which application threads were stopped: 0,0000813 seconds, Stopping threads took: 0,0000204 seconds
2018-06-19T14:55:11.323+0200: 13,958: Total time for which application threads were stopped: 0,0000570 seconds, Stopping threads took: 0,0000148 seconds
2018-06-19T14:55:12.323+0200: 14,958: Total time for which application threads were stopped: 0,0001007 seconds, Stopping threads took: 0,0000244 seconds
2018-06-19T14:55:14.535+0200: 17,171: Total time for which application threads were stopped: 0,0001040 seconds, Stopping threads took: 0,0000190 seconds
2018-06-19T14:55:14.536+0200: 17,171: Total time for which application threads were stopped: 0,0000729 seconds, Stopping threads took: 0,0000264 seconds
2018-06-19T14:55:14.536+0200: 17,171: Total time for which application threads were stopped: 0,0000790 seconds, Stopping threads took: 0,0000232 seconds
2018-06-19T14:55:14.536+0200: 17,172: Total time for which application threads were stopped: 0,0001116 seconds, Stopping threads took: 0,0000327 seconds
2018-06-19T14:55:14.537+0200: 17,172: Total time for which application threads were stopped: 0,0001304 seconds, Stopping threads took: 0,0000732 seconds
2018-06-19T14:55:14.537+0200: 17,172: Total time for which application threads were stopped: 0,0000561 seconds, Stopping threads took: 0,0000152 seconds
2018-06-19T14:55:14.539+0200: 17,175: Total time for which application threads were stopped: 0,0000945 seconds, Stopping threads took: 0,0000232 seconds
2018-06-19T14:55:14.540+0200: 17,175: Total time for which application threads were stopped: 0,0000627 seconds, Stopping threads took: 0,0000181 seconds
2018-06-19T14:55:14.540+0200: 17,175: Total time for which application threads were stopped: 0,0000794 seconds, Stopping threads took: 0,0000220 seconds
2018-06-19T14:55:14.566+0200: 17,201: Total time for which application threads were stopped: 0,0001283 seconds, Stopping threads took: 0,0000476 seconds
2018-06-19T14:55:15.464+0200: 18,099: Total time for which application threads were stopped: 0,0006875 seconds, Stopping threads took: 0,0000350 seconds
2018-06-19T14:55:15.467+0200: 18,102: Total time for which application threads were stopped: 0,0001359 seconds, Stopping threads took: 0,0000477 seconds
2018-06-19T14:55:15.467+0200: 18,102: Total time for which application threads were stopped: 0,0000917 seconds, Stopping threads took: 0,0000213 seconds
2018-06-19T14:55:15.469+0200: 18,104: Total time for which application threads were stopped: 0,0013004 seconds, Stopping threads took: 0,0012172 seconds
2018-06-19T14:55:15.469+0200: 18,104: Total time for which application threads were stopped: 0,0001162 seconds, Stopping threads took: 0,0000349 seconds
2018-06-19T14:55:15.469+0200: 18,105: Total time for which application threads were stopped: 0,0005831 seconds, Stopping threads took: 0,0005259 seconds
2018-06-19T14:55:15.470+0200: 18,105: Total time for which application threads were stopped: 0,0000770 seconds, Stopping threads took: 0,0000168 seconds
2018-06-19T14:55:15.470+0200: 18,105: Total time for which application threads were stopped: 0,0001904 seconds, Stopping threads took: 0,0001069 seconds
2018-06-19T14:55:15.481+0200: 18,116: Total time for which application threads were stopped: 0,0001271 seconds, Stopping threads took: 0,0000443 seconds
2018-06-19T14:55:15.481+0200: 18,116: Total time for which application threads were stopped: 0,0000653 seconds, Stopping threads took: 0,0000192 seconds
2018-06-19T14:55:15.481+0200: 18,117: Total time for which application threads were stopped: 0,0001797 seconds, Stopping threads took: 0,0000252 seconds
2018-06-19T14:55:15.514+0200: 18,149: Total time for which application threads were stopped: 0,0001297 seconds, Stopping threads took: 0,0000324 seconds
2018-06-19T14:55:18.309+0200: 20,945: Total time for which application threads were stopped: 0,0001041 seconds, Stopping threads took: 0,0000199 seconds
2018-06-19T14:55:18.313+0200: 20,948: Total time for which application threads were stopped: 0,0002493 seconds, Stopping threads took: 0,0001153 seconds
2018-06-19T14:55:19.315+0200: 21,950: Total time for which application threads were stopped: 0,0000916 seconds, Stopping threads took: 0,0000260 seconds
2018-06-19T14:55:47.169+0200: 49,804: Total time for which application threads were stopped: 0,0004638 seconds, Stopping threads took: 0,0000169 seconds
2018-06-19T14:55:47.170+0200: 49,805: Total time for which application threads were stopped: 0,0004368 seconds, Stopping threads took: 0,0000119 seconds
2018-06-19T14:55:47.173+0200: 49,808: Total time for which application threads were stopped: 0,0001029 seconds, Stopping threads took: 0,0000251 seconds
2018-06-19T14:55:47.173+0200: 49,809: Total time for which application threads were stopped: 0,0000381 seconds, Stopping threads took: 0,0000066 seconds
2018-06-19T14:55:47.173+0200: 49,809: Total time for which application threads were stopped: 0,0000336 seconds, Stopping threads took: 0,0000062 seconds
2018-06-19T14:55:47.174+0200: 49,809: Total time for which application threads were stopped: 0,0000850 seconds, Stopping threads took: 0,0000332 seconds
2018-06-19T14:55:47.174+0200: 49,810: Total time for which application threads were stopped: 0,0000890 seconds, Stopping threads took: 0,0000331 seconds
2018-06-19T14:55:47.175+0200: 49,810: Total time for which application threads were stopped: 0,0000759 seconds, Stopping threads took: 0,0000343 seconds
2018-06-19T14:55:47.175+0200: 49,810: Total time for which application threads were stopped: 0,0000459 seconds, Stopping threads took: 0,0000151 seconds
2018-06-19T14:55:47.177+0200: 49,813: Total time for which application threads were stopped: 0,0000808 seconds, Stopping threads took: 0,0000208 seconds
2018-06-19T14:55:47.178+0200: 49,813: Total time for which application threads were stopped: 0,0000839 seconds, Stopping threads took: 0,0000355 seconds
2018-06-19T14:55:47.178+0200: 49,813: Total time for which application threads were stopped: 0,0000439 seconds, Stopping threads took: 0,0000120 seconds
2018-06-19T14:55:47.178+0200: 49,813: Total time for which application threads were stopped: 0,0000334 seconds, Stopping threads took: 0,0000093 seconds
2018-06-19T14:55:47.178+0200: 49,813: Total time for which application threads were stopped: 0,0000803 seconds, Stopping threads took: 0,0000317 seconds
2018-06-19T14:55:47.203+0200: 49,839: Total time for which application threads were stopped: 0,0002216 seconds, Stopping threads took: 0,0000377 seconds
2018-06-19T14:55:47.205+0200: 49,840: Total time for which application threads were stopped: 0,0001565 seconds, Stopping threads took: 0,0000310 seconds
2018-06-19T14:55:47.212+0200: 49,848: Total time for which application threads were stopped: 0,0001247 seconds, Stopping threads took: 0,0000514 seconds
2018-06-19T14:55:47.214+0200: 49,850: Total time for which application threads were stopped: 0,0002659 seconds, Stopping threads took: 0,0001707 seconds
2018-06-19T14:55:47.218+0200: 49,854: Total time for which application threads were stopped: 0,0001365 seconds, Stopping threads took: 0,0000603 seconds
Heap
 par new generation   total 109248K, used 61570K [0x00000000e0000000, 0x00000000e8000000, 0x00000000e8000000)
  eden space 87424K,  45% used [0x00000000e0000000, 0x00000000e26d0910, 0x00000000e5560000)
  from space 21824K, 100% used [0x00000000e5560000, 0x00000000e6ab0000, 0x00000000e6ab0000)
  to   space 21824K,   0% used [0x00000000e6ab0000, 0x00000000e6ab0000, 0x00000000e8000000)
 concurrent mark-sweep generation total 393216K, used 8081K [0x00000000e8000000, 0x0000000100000000, 0x0000000100000000)
 Metaspace       used 30188K, capacity 30934K, committed 31100K, reserved 1077248K
  class space    used 3462K, capacity 3688K, committed 3708K, reserved 1048576K
