OpenJDK 64-Bit Server VM (25.171-b11) for linux-amd64 JRE (1.8.0_171-8u171-b11-0ubuntu0.16.04.1-b11), built on Apr 27 2018 17:19:03 by "buildd" with gcc 5.4.0 20160609
Memory: 4k page, physical 7867600k(850276k free), swap 8076284k(8009580k free)
CommandLine flags: -XX:CMSInitiatingOccupancyFraction=50 -XX:CMSMaxAbortablePrecleanTime=6000 -XX:+CMSParallelRemarkEnabled -XX:+CMSScavengeBeforeRemark -XX:ConcGCThreads=4 -XX:InitialHeapSize=536870912 -XX:MaxHeapSize=536870912 -XX:MaxTenuringThreshold=8 -XX:NewRatio=3 -XX:OldPLABSize=16 -XX:OnOutOfMemoryError=/home/gurnoor/workspace/QTM/solr/bin/oom_solr.sh 8983 /home/gurnoor/workspace/QTM/solr/server/logs -XX:ParallelGCThreads=4 -XX:+ParallelRefProcEnabled -XX:PretenureSizeThreshold=67108864 -XX:+PrintGC -XX:+PrintGCApplicationStoppedTime -XX:+PrintGCDateStamps -XX:+PrintGCDetails -XX:+PrintGCTimeStamps -XX:+PrintHeapAtGC -XX:+PrintTenuringDistribution -XX:SurvivorRatio=4 -XX:TargetSurvivorRatio=90 -XX:ThreadStackSize=256 -XX:+UseCMSInitiatingOccupancyOnly -XX:+UseCompressedClassPointers -XX:+UseCompressedOops -XX:+UseConcMarkSweepGC -XX:+UseParNewGC 
2018-06-19T14:49:28.918+0200: 0,112: Total time for which application threads were stopped: 0,0000784 seconds, Stopping threads took: 0,0000193 seconds
2018-06-19T14:49:28.986+0200: 0,180: Total time for which application threads were stopped: 0,0001295 seconds, Stopping threads took: 0,0000264 seconds
2018-06-19T14:49:28.998+0200: 0,192: Total time for which application threads were stopped: 0,0000800 seconds, Stopping threads took: 0,0000134 seconds
2018-06-19T14:49:29.124+0200: 0,318: Total time for which application threads were stopped: 0,0001475 seconds, Stopping threads took: 0,0000228 seconds
2018-06-19T14:49:29.288+0200: 0,482: Total time for which application threads were stopped: 0,0001448 seconds, Stopping threads took: 0,0000180 seconds
2018-06-19T14:49:29.338+0200: 0,532: Total time for which application threads were stopped: 0,0001956 seconds, Stopping threads took: 0,0000247 seconds
2018-06-19T14:49:29.361+0200: 0,555: Total time for which application threads were stopped: 0,0001973 seconds, Stopping threads took: 0,0000233 seconds
2018-06-19T14:49:29.562+0200: 0,756: Total time for which application threads were stopped: 0,0001928 seconds, Stopping threads took: 0,0000237 seconds
2018-06-19T14:49:29.714+0200: 0,908: Total time for which application threads were stopped: 0,0002392 seconds, Stopping threads took: 0,0000224 seconds
2018-06-19T14:49:29.736+0200: 0,931: Total time for which application threads were stopped: 0,0002474 seconds, Stopping threads took: 0,0000237 seconds
2018-06-19T14:49:29.764+0200: 0,958: Total time for which application threads were stopped: 0,0002974 seconds, Stopping threads took: 0,0000309 seconds
2018-06-19T14:49:29.765+0200: 0,959: Total time for which application threads were stopped: 0,0002363 seconds, Stopping threads took: 0,0000242 seconds
2018-06-19T14:49:29.778+0200: 0,972: Total time for which application threads were stopped: 0,0002066 seconds, Stopping threads took: 0,0000238 seconds
2018-06-19T14:49:29.853+0200: 1,047: Total time for which application threads were stopped: 0,0003297 seconds, Stopping threads took: 0,0000263 seconds
2018-06-19T14:49:30.099+0200: 1,293: Total time for which application threads were stopped: 0,0007027 seconds, Stopping threads took: 0,0003716 seconds
{Heap before GC invocations=0 (full 0):
 par new generation   total 109248K, used 87424K [0x00000000e0000000, 0x00000000e8000000, 0x00000000e8000000)
  eden space 87424K, 100% used [0x00000000e0000000, 0x00000000e5560000, 0x00000000e5560000)
  from space 21824K,   0% used [0x00000000e5560000, 0x00000000e5560000, 0x00000000e6ab0000)
  to   space 21824K,   0% used [0x00000000e6ab0000, 0x00000000e6ab0000, 0x00000000e8000000)
 concurrent mark-sweep generation total 393216K, used 0K [0x00000000e8000000, 0x0000000100000000, 0x0000000100000000)
 Metaspace       used 17893K, capacity 18248K, committed 18304K, reserved 1064960K
  class space    used 2025K, capacity 2166K, committed 2176K, reserved 1048576K
2018-06-19T14:49:30.238+0200: 1,432: [GC (Allocation Failure) 2018-06-19T14:49:30.238+0200: 1,432: [ParNew
Desired survivor size 20112992 bytes, new threshold 8 (max 8)
- age   1:   11620984 bytes,   11620984 total
: 87424K->11457K(109248K), 0,0319153 secs] 87424K->11457K(502464K), 0,0320206 secs] [Times: user=0,07 sys=0,00, real=0,03 secs] 
Heap after GC invocations=1 (full 0):
 par new generation   total 109248K, used 11457K [0x00000000e0000000, 0x00000000e8000000, 0x00000000e8000000)
  eden space 87424K,   0% used [0x00000000e0000000, 0x00000000e0000000, 0x00000000e5560000)
  from space 21824K,  52% used [0x00000000e6ab0000, 0x00000000e75e0470, 0x00000000e8000000)
  to   space 21824K,   0% used [0x00000000e5560000, 0x00000000e5560000, 0x00000000e6ab0000)
 concurrent mark-sweep generation total 393216K, used 0K [0x00000000e8000000, 0x0000000100000000, 0x0000000100000000)
 Metaspace       used 17893K, capacity 18248K, committed 18304K, reserved 1064960K
  class space    used 2025K, capacity 2166K, committed 2176K, reserved 1048576K
}
2018-06-19T14:49:30.270+0200: 1,464: Total time for which application threads were stopped: 0,0344861 seconds, Stopping threads took: 0,0021294 seconds
2018-06-19T14:49:30.738+0200: 1,932: Total time for which application threads were stopped: 0,0021586 seconds, Stopping threads took: 0,0005353 seconds
2018-06-19T14:49:30.925+0200: 2,120: Total time for which application threads were stopped: 0,0009607 seconds, Stopping threads took: 0,0005206 seconds
2018-06-19T14:49:30.967+0200: 2,161: Total time for which application threads were stopped: 0,0001454 seconds, Stopping threads took: 0,0000438 seconds
2018-06-19T14:49:31.031+0200: 2,225: Total time for which application threads were stopped: 0,0013354 seconds, Stopping threads took: 0,0008863 seconds
{Heap before GC invocations=1 (full 0):
 par new generation   total 109248K, used 98881K [0x00000000e0000000, 0x00000000e8000000, 0x00000000e8000000)
  eden space 87424K, 100% used [0x00000000e0000000, 0x00000000e5560000, 0x00000000e5560000)
  from space 21824K,  52% used [0x00000000e6ab0000, 0x00000000e75e0470, 0x00000000e8000000)
  to   space 21824K,   0% used [0x00000000e5560000, 0x00000000e5560000, 0x00000000e6ab0000)
 concurrent mark-sweep generation total 393216K, used 0K [0x00000000e8000000, 0x0000000100000000, 0x0000000100000000)
 Metaspace       used 21091K, capacity 21458K, committed 21628K, reserved 1069056K
  class space    used 2442K, capacity 2599K, committed 2684K, reserved 1048576K
2018-06-19T14:49:31.085+0200: 2,280: [GC (Allocation Failure) 2018-06-19T14:49:31.085+0200: 2,280: [ParNew
Desired survivor size 20112992 bytes, new threshold 8 (max 8)
- age   1:    4285424 bytes,    4285424 total
- age   2:    6097752 bytes,   10383176 total
: 98881K->14535K(109248K), 0,0366833 secs] 98881K->14535K(502464K), 0,0367634 secs] [Times: user=0,07 sys=0,00, real=0,03 secs] 
Heap after GC invocations=2 (full 0):
 par new generation   total 109248K, used 14535K [0x00000000e0000000, 0x00000000e8000000, 0x00000000e8000000)
  eden space 87424K,   0% used [0x00000000e0000000, 0x00000000e0000000, 0x00000000e5560000)
  from space 21824K,  66% used [0x00000000e5560000, 0x00000000e6391c00, 0x00000000e6ab0000)
  to   space 21824K,   0% used [0x00000000e6ab0000, 0x00000000e6ab0000, 0x00000000e8000000)
 concurrent mark-sweep generation total 393216K, used 0K [0x00000000e8000000, 0x0000000100000000, 0x0000000100000000)
 Metaspace       used 21091K, capacity 21458K, committed 21628K, reserved 1069056K
  class space    used 2442K, capacity 2599K, committed 2684K, reserved 1048576K
}
2018-06-19T14:49:31.122+0200: 2,316: Total time for which application threads were stopped: 0,0409112 seconds, Stopping threads took: 0,0039648 seconds
2018-06-19T14:49:31.134+0200: 2,328: [GC (CMS Initial Mark) [1 CMS-initial-mark: 0K(393216K)] 16714K(502464K), 0,0153796 secs] [Times: user=0,03 sys=0,00, real=0,01 secs] 
2018-06-19T14:49:31.150+0200: 2,344: Total time for which application threads were stopped: 0,0197434 seconds, Stopping threads took: 0,0041567 seconds
2018-06-19T14:49:31.150+0200: 2,344: [CMS-concurrent-mark-start]
2018-06-19T14:49:31.150+0200: 2,344: [CMS-concurrent-mark: 0,001/0,001 secs] [Times: user=0,00 sys=0,00, real=0,00 secs] 
2018-06-19T14:49:31.150+0200: 2,345: [CMS-concurrent-preclean-start]
2018-06-19T14:49:31.152+0200: 2,346: [CMS-concurrent-preclean: 0,001/0,001 secs] [Times: user=0,00 sys=0,00, real=0,01 secs] 
2018-06-19T14:49:31.152+0200: 2,346: [CMS-concurrent-abortable-preclean-start]
2018-06-19T14:49:31.259+0200: 2,454: Total time for which application threads were stopped: 0,0016178 seconds, Stopping threads took: 0,0009658 seconds
2018-06-19T14:49:31.345+0200: 2,539: Total time for which application threads were stopped: 0,0123195 seconds, Stopping threads took: 0,0121923 seconds
2018-06-19T14:49:31.423+0200: 2,617: Total time for which application threads were stopped: 0,0002267 seconds, Stopping threads took: 0,0000855 seconds
2018-06-19T14:49:31.528+0200: 2,722: [CMS-concurrent-abortable-preclean: 0,196/0,376 secs] [Times: user=0,88 sys=0,02, real=0,37 secs] 
2018-06-19T14:49:31.528+0200: 2,723: [GC (CMS Final Remark) [YG occupancy: 65926 K (109248 K)]{Heap before GC invocations=2 (full 1):
 par new generation   total 109248K, used 65926K [0x00000000e0000000, 0x00000000e8000000, 0x00000000e8000000)
  eden space 87424K,  58% used [0x00000000e0000000, 0x00000000e322fc10, 0x00000000e5560000)
  from space 21824K,  66% used [0x00000000e5560000, 0x00000000e6391c00, 0x00000000e6ab0000)
  to   space 21824K,   0% used [0x00000000e6ab0000, 0x00000000e6ab0000, 0x00000000e8000000)
 concurrent mark-sweep generation total 393216K, used 0K [0x00000000e8000000, 0x0000000100000000, 0x0000000100000000)
 Metaspace       used 21668K, capacity 22022K, committed 22292K, reserved 1069056K
  class space    used 2511K, capacity 2685K, committed 2760K, reserved 1048576K
2018-06-19T14:49:31.528+0200: 2,723: [GC (CMS Final Remark) 2018-06-19T14:49:31.528+0200: 2,723: [ParNew
Desired survivor size 20112992 bytes, new threshold 8 (max 8)
- age   1:    1646432 bytes,    1646432 total
- age   2:    1214912 bytes,    2861344 total
- age   3:    6096040 bytes,    8957384 total
: 65926K->11238K(109248K), 0,0267082 secs] 65926K->11238K(502464K), 0,0269056 secs] [Times: user=0,05 sys=0,00, real=0,03 secs] 
Heap after GC invocations=3 (full 1):
 par new generation   total 109248K, used 11238K [0x00000000e0000000, 0x00000000e8000000, 0x00000000e8000000)
  eden space 87424K,   0% used [0x00000000e0000000, 0x00000000e0000000, 0x00000000e5560000)
  from space 21824K,  51% used [0x00000000e6ab0000, 0x00000000e75a9a40, 0x00000000e8000000)
  to   space 21824K,   0% used [0x00000000e5560000, 0x00000000e5560000, 0x00000000e6ab0000)
 concurrent mark-sweep generation total 393216K, used 0K [0x00000000e8000000, 0x0000000100000000, 0x0000000100000000)
 Metaspace       used 21668K, capacity 22022K, committed 22292K, reserved 1069056K
  class space    used 2511K, capacity 2685K, committed 2760K, reserved 1048576K
}
2018-06-19T14:49:31.556+0200: 2,750: [Rescan (parallel) , 0,0080771 secs]2018-06-19T14:49:31.564+0200: 2,758: [weak refs processing, 0,0017655 secs]2018-06-19T14:49:31.565+0200: 2,760: [class unloading, 0,0042781 secs]2018-06-19T14:49:31.570+0200: 2,764: [scrub symbol table, 0,0101063 secs]2018-06-19T14:49:31.580+0200: 2,774: [scrub string table, 0,0005324 secs][1 CMS-remark: 0K(393216K)] 11238K(502464K), 0,0527685 secs] [Times: user=0,09 sys=0,00, real=0,05 secs] 
2018-06-19T14:49:31.581+0200: 2,775: Total time for which application threads were stopped: 0,0530376 seconds, Stopping threads took: 0,0001066 seconds
2018-06-19T14:49:31.581+0200: 2,775: [CMS-concurrent-sweep-start]
2018-06-19T14:49:31.581+0200: 2,776: [CMS-concurrent-sweep: 0,000/0,000 secs] [Times: user=0,00 sys=0,00, real=0,00 secs] 
2018-06-19T14:49:31.581+0200: 2,776: [CMS-concurrent-reset-start]
2018-06-19T14:49:31.585+0200: 2,779: [CMS-concurrent-reset: 0,003/0,003 secs] [Times: user=0,00 sys=0,01, real=0,01 secs] 
{Heap before GC invocations=3 (full 1):
 par new generation   total 109248K, used 98662K [0x00000000e0000000, 0x00000000e8000000, 0x00000000e8000000)
  eden space 87424K, 100% used [0x00000000e0000000, 0x00000000e5560000, 0x00000000e5560000)
  from space 21824K,  51% used [0x00000000e6ab0000, 0x00000000e75a9a40, 0x00000000e8000000)
  to   space 21824K,   0% used [0x00000000e5560000, 0x00000000e5560000, 0x00000000e6ab0000)
 concurrent mark-sweep generation total 393216K, used 0K [0x00000000e8000000, 0x0000000100000000, 0x0000000100000000)
 Metaspace       used 22078K, capacity 22386K, committed 22548K, reserved 1069056K
  class space    used 2568K, capacity 2719K, committed 2760K, reserved 1048576K
2018-06-19T14:49:31.863+0200: 3,057: [GC (Allocation Failure) 2018-06-19T14:49:31.863+0200: 3,057: [ParNew
Desired survivor size 20112992 bytes, new threshold 8 (max 8)
- age   1:    1138776 bytes,    1138776 total
- age   2:    1429656 bytes,    2568432 total
- age   3:    1211096 bytes,    3779528 total
- age   4:    6095952 bytes,    9875480 total
: 98662K->13939K(109248K), 0,0239568 secs] 98662K->13939K(502464K), 0,0240504 secs] [Times: user=0,06 sys=0,00, real=0,02 secs] 
Heap after GC invocations=4 (full 1):
 par new generation   total 109248K, used 13939K [0x00000000e0000000, 0x00000000e8000000, 0x00000000e8000000)
  eden space 87424K,   0% used [0x00000000e0000000, 0x00000000e0000000, 0x00000000e5560000)
  from space 21824K,  63% used [0x00000000e5560000, 0x00000000e62fcda0, 0x00000000e6ab0000)
  to   space 21824K,   0% used [0x00000000e6ab0000, 0x00000000e6ab0000, 0x00000000e8000000)
 concurrent mark-sweep generation total 393216K, used 0K [0x00000000e8000000, 0x0000000100000000, 0x0000000100000000)
 Metaspace       used 22078K, capacity 22386K, committed 22548K, reserved 1069056K
  class space    used 2568K, capacity 2719K, committed 2760K, reserved 1048576K
}
2018-06-19T14:49:31.887+0200: 3,081: Total time for which application threads were stopped: 0,0328335 seconds, Stopping threads took: 0,0085623 seconds
{Heap before GC invocations=4 (full 1):
 par new generation   total 109248K, used 101363K [0x00000000e0000000, 0x00000000e8000000, 0x00000000e8000000)
  eden space 87424K, 100% used [0x00000000e0000000, 0x00000000e5560000, 0x00000000e5560000)
  from space 21824K,  63% used [0x00000000e5560000, 0x00000000e62fcda0, 0x00000000e6ab0000)
  to   space 21824K,   0% used [0x00000000e6ab0000, 0x00000000e6ab0000, 0x00000000e8000000)
 concurrent mark-sweep generation total 393216K, used 0K [0x00000000e8000000, 0x0000000100000000, 0x0000000100000000)
 Metaspace       used 22244K, capacity 22642K, committed 22932K, reserved 1069056K
  class space    used 2587K, capacity 2768K, committed 2888K, reserved 1048576K
2018-06-19T14:49:32.116+0200: 3,310: [GC (Allocation Failure) 2018-06-19T14:49:32.119+0200: 3,313: [ParNew
Desired survivor size 20112992 bytes, new threshold 8 (max 8)
- age   1:    1111600 bytes,    1111600 total
- age   2:     122416 bytes,    1234016 total
- age   3:    1429552 bytes,    2663568 total
- age   4:    1209016 bytes,    3872584 total
- age   5:    6095816 bytes,    9968400 total
: 101363K->14019K(109248K), 0,0293223 secs] 101363K->14019K(502464K), 0,0317659 secs] [Times: user=0,06 sys=0,00, real=0,03 secs] 
Heap after GC invocations=5 (full 1):
 par new generation   total 109248K, used 14019K [0x00000000e0000000, 0x00000000e8000000, 0x00000000e8000000)
  eden space 87424K,   0% used [0x00000000e0000000, 0x00000000e0000000, 0x00000000e5560000)
  from space 21824K,  64% used [0x00000000e6ab0000, 0x00000000e7860e20, 0x00000000e8000000)
  to   space 21824K,   0% used [0x00000000e5560000, 0x00000000e5560000, 0x00000000e6ab0000)
 concurrent mark-sweep generation total 393216K, used 0K [0x00000000e8000000, 0x0000000100000000, 0x0000000100000000)
 Metaspace       used 22244K, capacity 22642K, committed 22932K, reserved 1069056K
  class space    used 2587K, capacity 2768K, committed 2888K, reserved 1048576K
}
2018-06-19T14:49:32.148+0200: 3,342: Total time for which application threads were stopped: 0,0406713 seconds, Stopping threads took: 0,0081617 seconds
2018-06-19T14:49:32.780+0200: 3,975: Total time for which application threads were stopped: 0,0005605 seconds, Stopping threads took: 0,0000797 seconds
2018-06-19T14:49:32.799+0200: 3,994: Total time for which application threads were stopped: 0,0005159 seconds, Stopping threads took: 0,0000218 seconds
{Heap before GC invocations=5 (full 1):
 par new generation   total 109248K, used 101443K [0x00000000e0000000, 0x00000000e8000000, 0x00000000e8000000)
  eden space 87424K, 100% used [0x00000000e0000000, 0x00000000e5560000, 0x00000000e5560000)
  from space 21824K,  64% used [0x00000000e6ab0000, 0x00000000e7860e20, 0x00000000e8000000)
  to   space 21824K,   0% used [0x00000000e5560000, 0x00000000e5560000, 0x00000000e6ab0000)
 concurrent mark-sweep generation total 393216K, used 0K [0x00000000e8000000, 0x0000000100000000, 0x0000000100000000)
 Metaspace       used 24059K, capacity 24474K, committed 24776K, reserved 1071104K
  class space    used 2792K, capacity 2974K, committed 3016K, reserved 1048576K
2018-06-19T14:49:32.809+0200: 4,003: [GC (Allocation Failure) 2018-06-19T14:49:32.809+0200: 4,003: [ParNew
Desired survivor size 20112992 bytes, new threshold 8 (max 8)
- age   1:    2876032 bytes,    2876032 total
- age   2:     168136 bytes,    3044168 total
- age   3:     120560 bytes,    3164728 total
- age   4:     261992 bytes,    3426720 total
- age   5:    1192504 bytes,    4619224 total
- age   6:    6090656 bytes,   10709880 total
: 101443K->12631K(109248K), 0,0183955 secs] 101443K->12631K(502464K), 0,0184769 secs] [Times: user=0,05 sys=0,00, real=0,02 secs] 
Heap after GC invocations=6 (full 1):
 par new generation   total 109248K, used 12631K [0x00000000e0000000, 0x00000000e8000000, 0x00000000e8000000)
  eden space 87424K,   0% used [0x00000000e0000000, 0x00000000e0000000, 0x00000000e5560000)
  from space 21824K,  57% used [0x00000000e5560000, 0x00000000e61b5d00, 0x00000000e6ab0000)
  to   space 21824K,   0% used [0x00000000e6ab0000, 0x00000000e6ab0000, 0x00000000e8000000)
 concurrent mark-sweep generation total 393216K, used 0K [0x00000000e8000000, 0x0000000100000000, 0x0000000100000000)
 Metaspace       used 24059K, capacity 24474K, committed 24776K, reserved 1071104K
  class space    used 2792K, capacity 2974K, committed 3016K, reserved 1048576K
}
2018-06-19T14:49:32.828+0200: 4,022: Total time for which application threads were stopped: 0,0207603 seconds, Stopping threads took: 0,0021106 seconds
2018-06-19T14:49:32.873+0200: 4,067: Total time for which application threads were stopped: 0,0071656 seconds, Stopping threads took: 0,0067929 seconds
2018-06-19T14:49:32.874+0200: 4,069: Total time for which application threads were stopped: 0,0004341 seconds, Stopping threads took: 0,0000565 seconds
2018-06-19T14:49:32.878+0200: 4,072: Total time for which application threads were stopped: 0,0001529 seconds, Stopping threads took: 0,0000497 seconds
2018-06-19T14:49:32.878+0200: 4,072: Total time for which application threads were stopped: 0,0000996 seconds, Stopping threads took: 0,0000409 seconds
2018-06-19T14:49:32.885+0200: 4,079: Total time for which application threads were stopped: 0,0005109 seconds, Stopping threads took: 0,0003901 seconds
2018-06-19T14:49:32.887+0200: 4,081: Total time for which application threads were stopped: 0,0001939 seconds, Stopping threads took: 0,0000667 seconds
2018-06-19T14:49:32.887+0200: 4,081: Total time for which application threads were stopped: 0,0001283 seconds, Stopping threads took: 0,0000402 seconds
2018-06-19T14:49:32.891+0200: 4,085: Total time for which application threads were stopped: 0,0001832 seconds, Stopping threads took: 0,0000517 seconds
2018-06-19T14:49:32.892+0200: 4,086: Total time for which application threads were stopped: 0,0003051 seconds, Stopping threads took: 0,0001932 seconds
2018-06-19T14:49:32.897+0200: 4,091: Total time for which application threads were stopped: 0,0006451 seconds, Stopping threads took: 0,0005409 seconds
2018-06-19T14:49:32.929+0200: 4,123: Total time for which application threads were stopped: 0,0031814 seconds, Stopping threads took: 0,0024044 seconds
2018-06-19T14:49:32.935+0200: 4,129: Total time for which application threads were stopped: 0,0023200 seconds, Stopping threads took: 0,0022013 seconds
2018-06-19T14:49:32.935+0200: 4,129: Total time for which application threads were stopped: 0,0001220 seconds, Stopping threads took: 0,0000410 seconds
2018-06-19T14:49:32.936+0200: 4,130: Total time for which application threads were stopped: 0,0001465 seconds, Stopping threads took: 0,0000595 seconds
2018-06-19T14:49:32.936+0200: 4,130: Total time for which application threads were stopped: 0,0000897 seconds, Stopping threads took: 0,0000248 seconds
2018-06-19T14:49:32.936+0200: 4,130: Total time for which application threads were stopped: 0,0001282 seconds, Stopping threads took: 0,0000351 seconds
2018-06-19T14:49:32.938+0200: 4,132: Total time for which application threads were stopped: 0,0007249 seconds, Stopping threads took: 0,0005930 seconds
2018-06-19T14:49:32.941+0200: 4,136: Total time for which application threads were stopped: 0,0003591 seconds, Stopping threads took: 0,0002123 seconds
2018-06-19T14:49:32.941+0200: 4,136: Total time for which application threads were stopped: 0,0001153 seconds, Stopping threads took: 0,0000175 seconds
2018-06-19T14:49:32.942+0200: 4,136: Total time for which application threads were stopped: 0,0001164 seconds, Stopping threads took: 0,0000211 seconds
2018-06-19T14:49:32.942+0200: 4,136: Total time for which application threads were stopped: 0,0001058 seconds, Stopping threads took: 0,0000173 seconds
2018-06-19T14:49:32.942+0200: 4,136: Total time for which application threads were stopped: 0,0000754 seconds, Stopping threads took: 0,0000132 seconds
2018-06-19T14:49:32.942+0200: 4,137: Total time for which application threads were stopped: 0,0000957 seconds, Stopping threads took: 0,0000169 seconds
2018-06-19T14:49:32.943+0200: 4,137: Total time for which application threads were stopped: 0,0000804 seconds, Stopping threads took: 0,0000135 seconds
2018-06-19T14:49:32.943+0200: 4,137: Total time for which application threads were stopped: 0,0001048 seconds, Stopping threads took: 0,0000128 seconds
2018-06-19T14:49:32.943+0200: 4,137: Total time for which application threads were stopped: 0,0000891 seconds, Stopping threads took: 0,0000123 seconds
2018-06-19T14:49:32.943+0200: 4,138: Total time for which application threads were stopped: 0,0002181 seconds, Stopping threads took: 0,0000134 seconds
2018-06-19T14:49:32.945+0200: 4,139: Total time for which application threads were stopped: 0,0015014 seconds, Stopping threads took: 0,0000143 seconds
2018-06-19T14:49:32.947+0200: 4,141: Total time for which application threads were stopped: 0,0004612 seconds, Stopping threads took: 0,0003352 seconds
2018-06-19T14:49:32.947+0200: 4,142: Total time for which application threads were stopped: 0,0001201 seconds, Stopping threads took: 0,0000346 seconds
2018-06-19T14:49:32.948+0200: 4,142: Total time for which application threads were stopped: 0,0004264 seconds, Stopping threads took: 0,0003219 seconds
2018-06-19T14:49:32.948+0200: 4,142: Total time for which application threads were stopped: 0,0000774 seconds, Stopping threads took: 0,0000153 seconds
2018-06-19T14:49:32.948+0200: 4,142: Total time for which application threads were stopped: 0,0000619 seconds, Stopping threads took: 0,0000064 seconds
2018-06-19T14:49:32.948+0200: 4,143: Total time for which application threads were stopped: 0,0000589 seconds, Stopping threads took: 0,0000113 seconds
2018-06-19T14:49:32.949+0200: 4,143: Total time for which application threads were stopped: 0,0000593 seconds, Stopping threads took: 0,0000140 seconds
2018-06-19T14:49:32.949+0200: 4,143: Total time for which application threads were stopped: 0,0000475 seconds, Stopping threads took: 0,0000109 seconds
2018-06-19T14:49:32.949+0200: 4,143: Total time for which application threads were stopped: 0,0000729 seconds, Stopping threads took: 0,0000323 seconds
2018-06-19T14:49:32.949+0200: 4,143: Total time for which application threads were stopped: 0,0001807 seconds, Stopping threads took: 0,0000314 seconds
2018-06-19T14:49:32.949+0200: 4,143: Total time for which application threads were stopped: 0,0000820 seconds, Stopping threads took: 0,0000441 seconds
2018-06-19T14:49:32.949+0200: 4,143: Total time for which application threads were stopped: 0,0000587 seconds, Stopping threads took: 0,0000100 seconds
2018-06-19T14:49:32.949+0200: 4,143: Total time for which application threads were stopped: 0,0000688 seconds, Stopping threads took: 0,0000133 seconds
2018-06-19T14:49:32.949+0200: 4,144: Total time for which application threads were stopped: 0,0000458 seconds, Stopping threads took: 0,0000126 seconds
2018-06-19T14:49:32.949+0200: 4,144: Total time for which application threads were stopped: 0,0000502 seconds, Stopping threads took: 0,0000114 seconds
2018-06-19T14:49:32.949+0200: 4,144: Total time for which application threads were stopped: 0,0000419 seconds, Stopping threads took: 0,0000099 seconds
2018-06-19T14:49:32.950+0200: 4,144: Total time for which application threads were stopped: 0,0000457 seconds, Stopping threads took: 0,0000111 seconds
2018-06-19T14:49:32.950+0200: 4,144: Total time for which application threads were stopped: 0,0005518 seconds, Stopping threads took: 0,0004907 seconds
2018-06-19T14:49:32.951+0200: 4,146: Total time for which application threads were stopped: 0,0001422 seconds, Stopping threads took: 0,0000463 seconds
2018-06-19T14:49:32.953+0200: 4,147: Total time for which application threads were stopped: 0,0002855 seconds, Stopping threads took: 0,0001177 seconds
2018-06-19T14:49:32.953+0200: 4,148: Total time for which application threads were stopped: 0,0002997 seconds, Stopping threads took: 0,0000172 seconds
2018-06-19T14:49:32.958+0200: 4,152: Total time for which application threads were stopped: 0,0007975 seconds, Stopping threads took: 0,0001260 seconds
2018-06-19T14:49:32.966+0200: 4,160: Total time for which application threads were stopped: 0,0001793 seconds, Stopping threads took: 0,0000570 seconds
2018-06-19T14:49:32.966+0200: 4,161: Total time for which application threads were stopped: 0,0000787 seconds, Stopping threads took: 0,0000287 seconds
2018-06-19T14:49:32.966+0200: 4,161: Total time for which application threads were stopped: 0,0000478 seconds, Stopping threads took: 0,0000171 seconds
2018-06-19T14:49:32.967+0200: 4,161: Total time for which application threads were stopped: 0,0000442 seconds, Stopping threads took: 0,0000127 seconds
2018-06-19T14:49:32.967+0200: 4,161: Total time for which application threads were stopped: 0,0000345 seconds, Stopping threads took: 0,0000096 seconds
2018-06-19T14:49:32.967+0200: 4,161: Total time for which application threads were stopped: 0,0000349 seconds, Stopping threads took: 0,0000080 seconds
2018-06-19T14:49:32.967+0200: 4,161: Total time for which application threads were stopped: 0,0000354 seconds, Stopping threads took: 0,0000094 seconds
2018-06-19T14:49:32.967+0200: 4,161: Total time for which application threads were stopped: 0,0000319 seconds, Stopping threads took: 0,0000074 seconds
2018-06-19T14:49:32.967+0200: 4,161: Total time for which application threads were stopped: 0,0000331 seconds, Stopping threads took: 0,0000080 seconds
2018-06-19T14:49:32.967+0200: 4,161: Total time for which application threads were stopped: 0,0000329 seconds, Stopping threads took: 0,0000079 seconds
2018-06-19T14:49:32.967+0200: 4,161: Total time for which application threads were stopped: 0,0000332 seconds, Stopping threads took: 0,0000080 seconds
2018-06-19T14:49:32.967+0200: 4,161: Total time for which application threads were stopped: 0,0000329 seconds, Stopping threads took: 0,0000079 seconds
2018-06-19T14:49:32.970+0200: 4,164: Total time for which application threads were stopped: 0,0001244 seconds, Stopping threads took: 0,0000322 seconds
2018-06-19T14:49:32.970+0200: 4,164: Total time for which application threads were stopped: 0,0001987 seconds, Stopping threads took: 0,0001079 seconds
2018-06-19T14:49:32.970+0200: 4,165: Total time for which application threads were stopped: 0,0002020 seconds, Stopping threads took: 0,0000390 seconds
2018-06-19T14:49:33.048+0200: 4,242: Total time for which application threads were stopped: 0,0003530 seconds, Stopping threads took: 0,0002327 seconds
2018-06-19T14:49:33.057+0200: 4,251: Total time for which application threads were stopped: 0,0001363 seconds, Stopping threads took: 0,0000463 seconds
2018-06-19T14:49:33.063+0200: 4,257: Total time for which application threads were stopped: 0,0001373 seconds, Stopping threads took: 0,0000432 seconds
2018-06-19T14:49:33.077+0200: 4,271: Total time for which application threads were stopped: 0,0010684 seconds, Stopping threads took: 0,0009902 seconds
2018-06-19T14:49:33.078+0200: 4,272: Total time for which application threads were stopped: 0,0000770 seconds, Stopping threads took: 0,0000191 seconds
2018-06-19T14:49:33.080+0200: 4,274: Total time for which application threads were stopped: 0,0001486 seconds, Stopping threads took: 0,0000521 seconds
2018-06-19T14:49:33.081+0200: 4,275: Total time for which application threads were stopped: 0,0001671 seconds, Stopping threads took: 0,0000540 seconds
2018-06-19T14:49:33.083+0200: 4,277: Total time for which application threads were stopped: 0,0002234 seconds, Stopping threads took: 0,0001122 seconds
2018-06-19T14:49:33.211+0200: 4,405: Total time for which application threads were stopped: 0,0026584 seconds, Stopping threads took: 0,0024733 seconds
2018-06-19T14:49:33.213+0200: 4,408: Total time for which application threads were stopped: 0,0002373 seconds, Stopping threads took: 0,0000921 seconds
2018-06-19T14:49:33.218+0200: 4,413: Total time for which application threads were stopped: 0,0012573 seconds, Stopping threads took: 0,0010861 seconds
2018-06-19T14:49:33.219+0200: 4,413: Total time for which application threads were stopped: 0,0001938 seconds, Stopping threads took: 0,0000743 seconds
2018-06-19T14:49:33.247+0200: 4,441: Total time for which application threads were stopped: 0,0038406 seconds, Stopping threads took: 0,0036743 seconds
2018-06-19T14:49:33.275+0200: 4,470: Total time for which application threads were stopped: 0,0001840 seconds, Stopping threads took: 0,0000675 seconds
2018-06-19T14:49:33.332+0200: 4,526: Total time for which application threads were stopped: 0,0005901 seconds, Stopping threads took: 0,0000505 seconds
2018-06-19T14:49:33.353+0200: 4,547: Total time for which application threads were stopped: 0,0005378 seconds, Stopping threads took: 0,0000475 seconds
2018-06-19T14:49:33.421+0200: 4,616: Total time for which application threads were stopped: 0,0005089 seconds, Stopping threads took: 0,0000441 seconds
2018-06-19T14:49:33.434+0200: 4,628: Total time for which application threads were stopped: 0,0002290 seconds, Stopping threads took: 0,0001401 seconds
2018-06-19T14:49:33.435+0200: 4,629: Total time for which application threads were stopped: 0,0001525 seconds, Stopping threads took: 0,0000547 seconds
2018-06-19T14:49:33.451+0200: 4,645: Total time for which application threads were stopped: 0,0002661 seconds, Stopping threads took: 0,0001170 seconds
2018-06-19T14:49:33.460+0200: 4,654: Total time for which application threads were stopped: 0,0001680 seconds, Stopping threads took: 0,0000358 seconds
2018-06-19T14:49:33.464+0200: 4,658: Total time for which application threads were stopped: 0,0002187 seconds, Stopping threads took: 0,0001065 seconds
2018-06-19T14:49:33.489+0200: 4,684: Total time for which application threads were stopped: 0,0024903 seconds, Stopping threads took: 0,0023744 seconds
2018-06-19T14:49:33.523+0200: 4,718: Total time for which application threads were stopped: 0,0007967 seconds, Stopping threads took: 0,0000843 seconds
{Heap before GC invocations=6 (full 1):
 par new generation   total 109248K, used 100055K [0x00000000e0000000, 0x00000000e8000000, 0x00000000e8000000)
  eden space 87424K, 100% used [0x00000000e0000000, 0x00000000e5560000, 0x00000000e5560000)
  from space 21824K,  57% used [0x00000000e5560000, 0x00000000e61b5d00, 0x00000000e6ab0000)
  to   space 21824K,   0% used [0x00000000e6ab0000, 0x00000000e6ab0000, 0x00000000e8000000)
 concurrent mark-sweep generation total 393216K, used 0K [0x00000000e8000000, 0x0000000100000000, 0x0000000100000000)
 Metaspace       used 29570K, capacity 30214K, committed 30536K, reserved 1077248K
  class space    used 3416K, capacity 3602K, committed 3656K, reserved 1048576K
2018-06-19T14:49:33.590+0200: 4,784: [GC (Allocation Failure) 2018-06-19T14:49:33.590+0200: 4,784: [ParNew
Desired survivor size 20112992 bytes, new threshold 7 (max 8)
- age   1:   13170272 bytes,   13170272 total
- age   2:    1454768 bytes,   14625040 total
- age   3:     156328 bytes,   14781368 total
- age   4:     115456 bytes,   14896824 total
- age   5:     255952 bytes,   15152776 total
- age   6:    1181600 bytes,   16334376 total
- age   7:    5972824 bytes,   22307200 total
: 100055K->21824K(109248K), 0,0359431 secs] 100055K->25256K(502464K), 0,0360352 secs] [Times: user=0,13 sys=0,01, real=0,04 secs] 
Heap after GC invocations=7 (full 1):
 par new generation   total 109248K, used 21824K [0x00000000e0000000, 0x00000000e8000000, 0x00000000e8000000)
  eden space 87424K,   0% used [0x00000000e0000000, 0x00000000e0000000, 0x00000000e5560000)
  from space 21824K, 100% used [0x00000000e6ab0000, 0x00000000e8000000, 0x00000000e8000000)
  to   space 21824K,   0% used [0x00000000e5560000, 0x00000000e5560000, 0x00000000e6ab0000)
 concurrent mark-sweep generation total 393216K, used 3432K [0x00000000e8000000, 0x0000000100000000, 0x0000000100000000)
 Metaspace       used 29570K, capacity 30214K, committed 30536K, reserved 1077248K
  class space    used 3416K, capacity 3602K, committed 3656K, reserved 1048576K
}
2018-06-19T14:49:33.626+0200: 4,820: Total time for which application threads were stopped: 0,0363627 seconds, Stopping threads took: 0,0001113 seconds
2018-06-19T14:49:33.637+0200: 4,831: Total time for which application threads were stopped: 0,0002305 seconds, Stopping threads took: 0,0000955 seconds
2018-06-19T14:49:33.637+0200: 4,832: Total time for which application threads were stopped: 0,0001436 seconds, Stopping threads took: 0,0000623 seconds
2018-06-19T14:49:33.638+0200: 4,832: Total time for which application threads were stopped: 0,0000931 seconds, Stopping threads took: 0,0000270 seconds
{Heap before GC invocations=7 (full 1):
 par new generation   total 109248K, used 109248K [0x00000000e0000000, 0x00000000e8000000, 0x00000000e8000000)
  eden space 87424K, 100% used [0x00000000e0000000, 0x00000000e5560000, 0x00000000e5560000)
  from space 21824K, 100% used [0x00000000e6ab0000, 0x00000000e8000000, 0x00000000e8000000)
  to   space 21824K,   0% used [0x00000000e5560000, 0x00000000e5560000, 0x00000000e6ab0000)
 concurrent mark-sweep generation total 393216K, used 3432K [0x00000000e8000000, 0x0000000100000000, 0x0000000100000000)
 Metaspace       used 29682K, capacity 30316K, committed 30536K, reserved 1077248K
  class space    used 3429K, capacity 3635K, committed 3656K, reserved 1048576K
2018-06-19T14:49:33.774+0200: 4,968: [GC (Allocation Failure) 2018-06-19T14:49:33.774+0200: 4,968: [ParNew
Desired survivor size 20112992 bytes, new threshold 8 (max 8)
- age   1:    1545976 bytes,    1545976 total
- age   2:   12041560 bytes,   13587536 total
- age   3:    1450696 bytes,   15038232 total
- age   4:     156296 bytes,   15194528 total
- age   5:     115424 bytes,   15309952 total
- age   6:     255952 bytes,   15565904 total
- age   7:    1174104 bytes,   16740008 total
: 109248K->21824K(109248K), 0,0711995 secs] 112680K->31650K(502464K), 0,0713017 secs] [Times: user=0,19 sys=0,00, real=0,07 secs] 
Heap after GC invocations=8 (full 1):
 par new generation   total 109248K, used 21824K [0x00000000e0000000, 0x00000000e8000000, 0x00000000e8000000)
  eden space 87424K,   0% used [0x00000000e0000000, 0x00000000e0000000, 0x00000000e5560000)
  from space 21824K, 100% used [0x00000000e5560000, 0x00000000e6ab0000, 0x00000000e6ab0000)
  to   space 21824K,   0% used [0x00000000e6ab0000, 0x00000000e6ab0000, 0x00000000e8000000)
 concurrent mark-sweep generation total 393216K, used 9826K [0x00000000e8000000, 0x0000000100000000, 0x0000000100000000)
 Metaspace       used 29682K, capacity 30316K, committed 30536K, reserved 1077248K
  class space    used 3429K, capacity 3635K, committed 3656K, reserved 1048576K
}
2018-06-19T14:49:33.845+0200: 5,039: Total time for which application threads were stopped: 0,0716383 seconds, Stopping threads took: 0,0000753 seconds
{Heap before GC invocations=8 (full 1):
 par new generation   total 109248K, used 109248K [0x00000000e0000000, 0x00000000e8000000, 0x00000000e8000000)
  eden space 87424K, 100% used [0x00000000e0000000, 0x00000000e5560000, 0x00000000e5560000)
  from space 21824K, 100% used [0x00000000e5560000, 0x00000000e6ab0000, 0x00000000e6ab0000)
  to   space 21824K,   0% used [0x00000000e6ab0000, 0x00000000e6ab0000, 0x00000000e8000000)
 concurrent mark-sweep generation total 393216K, used 9826K [0x00000000e8000000, 0x0000000100000000, 0x0000000100000000)
 Metaspace       used 29727K, capacity 30412K, committed 30792K, reserved 1077248K
  class space    used 3432K, capacity 3641K, committed 3656K, reserved 1048576K
2018-06-19T14:49:33.979+0200: 5,173: [GC (Allocation Failure) 2018-06-19T14:49:33.979+0200: 5,173: [ParNew
Desired survivor size 20112992 bytes, new threshold 8 (max 8)
- age   1:    1096744 bytes,    1096744 total
- age   2:    1058192 bytes,    2154936 total
- age   3:   12041560 bytes,   14196496 total
- age   4:    1450696 bytes,   15647192 total
- age   5:     156192 bytes,   15803384 total
- age   6:     115320 bytes,   15918704 total
- age   7:     255952 bytes,   16174656 total
- age   8:    1174104 bytes,   17348760 total
: 109248K->20141K(109248K), 0,0204534 secs] 119074K->29968K(502464K), 0,0205447 secs] [Times: user=0,07 sys=0,00, real=0,02 secs] 
Heap after GC invocations=9 (full 1):
 par new generation   total 109248K, used 20141K [0x00000000e0000000, 0x00000000e8000000, 0x00000000e8000000)
  eden space 87424K,   0% used [0x00000000e0000000, 0x00000000e0000000, 0x00000000e5560000)
  from space 21824K,  92% used [0x00000000e6ab0000, 0x00000000e7e5b5a0, 0x00000000e8000000)
  to   space 21824K,   0% used [0x00000000e5560000, 0x00000000e5560000, 0x00000000e6ab0000)
 concurrent mark-sweep generation total 393216K, used 9826K [0x00000000e8000000, 0x0000000100000000, 0x0000000100000000)
 Metaspace       used 29727K, capacity 30412K, committed 30792K, reserved 1077248K
  class space    used 3432K, capacity 3641K, committed 3656K, reserved 1048576K
}
2018-06-19T14:49:33.999+0200: 5,194: Total time for which application threads were stopped: 0,0208547 seconds, Stopping threads took: 0,0000747 seconds
2018-06-19T14:49:34.154+0200: 5,348: Total time for which application threads were stopped: 0,0028935 seconds, Stopping threads took: 0,0027196 seconds
2018-06-19T14:49:34.191+0200: 5,385: Total time for which application threads were stopped: 0,0042106 seconds, Stopping threads took: 0,0040960 seconds
2018-06-19T14:49:34.197+0200: 5,391: Total time for which application threads were stopped: 0,0001449 seconds, Stopping threads took: 0,0000526 seconds
2018-06-19T14:49:34.215+0200: 5,409: Total time for which application threads were stopped: 0,0018618 seconds, Stopping threads took: 0,0017183 seconds
2018-06-19T14:49:35.215+0200: 6,409: Total time for which application threads were stopped: 0,0001059 seconds, Stopping threads took: 0,0000234 seconds
2018-06-19T14:49:37.386+0200: 8,580: Total time for which application threads were stopped: 0,0000951 seconds, Stopping threads took: 0,0000229 seconds
2018-06-19T14:49:37.389+0200: 8,583: Total time for which application threads were stopped: 0,0001556 seconds, Stopping threads took: 0,0000368 seconds
2018-06-19T14:49:38.390+0200: 9,584: Total time for which application threads were stopped: 0,0006398 seconds, Stopping threads took: 0,0001503 seconds
2018-06-19T14:49:44.391+0200: 15,585: Total time for which application threads were stopped: 0,0001533 seconds, Stopping threads took: 0,0000475 seconds
2018-06-19T14:49:53.602+0200: 24,797: Total time for which application threads were stopped: 0,0001379 seconds, Stopping threads took: 0,0000319 seconds
2018-06-19T14:49:53.602+0200: 24,797: Total time for which application threads were stopped: 0,0000578 seconds, Stopping threads took: 0,0000128 seconds
2018-06-19T14:49:53.603+0200: 24,797: Total time for which application threads were stopped: 0,0000937 seconds, Stopping threads took: 0,0000194 seconds
2018-06-19T14:49:53.603+0200: 24,797: Total time for which application threads were stopped: 0,0001167 seconds, Stopping threads took: 0,0000573 seconds
2018-06-19T14:49:53.607+0200: 24,802: Total time for which application threads were stopped: 0,0001715 seconds, Stopping threads took: 0,0000794 seconds
2018-06-19T14:49:53.608+0200: 24,802: Total time for which application threads were stopped: 0,0000756 seconds, Stopping threads took: 0,0000296 seconds
2018-06-19T14:49:53.608+0200: 24,802: Total time for which application threads were stopped: 0,0000542 seconds, Stopping threads took: 0,0000138 seconds
2018-06-19T14:49:53.608+0200: 24,802: Total time for which application threads were stopped: 0,0000494 seconds, Stopping threads took: 0,0000144 seconds
2018-06-19T14:49:53.609+0200: 24,803: Total time for which application threads were stopped: 0,0000613 seconds, Stopping threads took: 0,0000163 seconds
2018-06-19T14:49:53.609+0200: 24,803: Total time for which application threads were stopped: 0,0000449 seconds, Stopping threads took: 0,0000175 seconds
2018-06-19T14:49:53.610+0200: 24,804: Total time for which application threads were stopped: 0,0001147 seconds, Stopping threads took: 0,0000492 seconds
2018-06-19T14:49:54.610+0200: 25,805: Total time for which application threads were stopped: 0,0001054 seconds, Stopping threads took: 0,0000226 seconds
2018-06-19T14:49:55.611+0200: 26,805: Total time for which application threads were stopped: 0,0001511 seconds, Stopping threads took: 0,0000266 seconds
2018-06-19T14:50:19.614+0200: 50,808: Total time for which application threads were stopped: 0,0001054 seconds, Stopping threads took: 0,0000380 seconds
2018-06-19T14:50:32.892+0200: 64,086: Total time for which application threads were stopped: 0,0001090 seconds, Stopping threads took: 0,0000428 seconds
2018-06-19T14:50:32.902+0200: 64,096: Total time for which application threads were stopped: 0,0000793 seconds, Stopping threads took: 0,0000207 seconds
2018-06-19T14:50:59.906+0200: 91,100: Total time for which application threads were stopped: 0,0002045 seconds, Stopping threads took: 0,0000814 seconds
2018-06-19T14:51:16.773+0200: 107,967: Total time for which application threads were stopped: 0,0004722 seconds, Stopping threads took: 0,0000177 seconds
2018-06-19T14:51:16.788+0200: 107,983: Total time for which application threads were stopped: 0,0001832 seconds, Stopping threads took: 0,0000469 seconds
2018-06-19T14:51:16.789+0200: 107,983: Total time for which application threads were stopped: 0,0000642 seconds, Stopping threads took: 0,0000161 seconds
2018-06-19T14:51:16.789+0200: 107,983: Total time for which application threads were stopped: 0,0000506 seconds, Stopping threads took: 0,0000120 seconds
2018-06-19T14:51:16.790+0200: 107,984: Total time for which application threads were stopped: 0,0000682 seconds, Stopping threads took: 0,0000197 seconds
2018-06-19T14:51:16.790+0200: 107,984: Total time for which application threads were stopped: 0,0000417 seconds, Stopping threads took: 0,0000100 seconds
2018-06-19T14:51:16.790+0200: 107,984: Total time for which application threads were stopped: 0,0000429 seconds, Stopping threads took: 0,0000085 seconds
2018-06-19T14:51:16.790+0200: 107,985: Total time for which application threads were stopped: 0,0000391 seconds, Stopping threads took: 0,0000072 seconds
2018-06-19T14:51:16.797+0200: 107,991: Total time for which application threads were stopped: 0,0000739 seconds, Stopping threads took: 0,0000192 seconds
2018-06-19T14:51:16.800+0200: 107,994: Total time for which application threads were stopped: 0,0002025 seconds, Stopping threads took: 0,0000494 seconds
2018-06-19T14:51:16.801+0200: 107,995: Total time for which application threads were stopped: 0,0001196 seconds, Stopping threads took: 0,0000357 seconds
2018-06-19T14:51:16.801+0200: 107,995: Total time for which application threads were stopped: 0,0000631 seconds, Stopping threads took: 0,0000209 seconds
2018-06-19T14:51:16.801+0200: 107,995: Total time for which application threads were stopped: 0,0000449 seconds, Stopping threads took: 0,0000089 seconds
2018-06-19T14:51:16.801+0200: 107,995: Total time for which application threads were stopped: 0,0000411 seconds, Stopping threads took: 0,0000076 seconds
2018-06-19T14:51:16.801+0200: 107,995: Total time for which application threads were stopped: 0,0000371 seconds, Stopping threads took: 0,0000074 seconds
2018-06-19T14:51:16.802+0200: 107,997: Total time for which application threads were stopped: 0,0000671 seconds, Stopping threads took: 0,0000172 seconds
2018-06-19T14:51:16.874+0200: 108,068: Total time for which application threads were stopped: 0,0001523 seconds, Stopping threads took: 0,0000437 seconds
2018-06-19T14:51:16.885+0200: 108,080: Total time for which application threads were stopped: 0,0002816 seconds, Stopping threads took: 0,0001170 seconds
2018-06-19T14:51:16.895+0200: 108,089: Total time for which application threads were stopped: 0,0013780 seconds, Stopping threads took: 0,0012982 seconds
2018-06-19T14:51:16.901+0200: 108,095: Total time for which application threads were stopped: 0,0002684 seconds, Stopping threads took: 0,0001089 seconds
2018-06-19T14:51:16.981+0200: 108,175: Total time for which application threads were stopped: 0,0000928 seconds, Stopping threads took: 0,0000242 seconds
2018-06-19T14:51:16.981+0200: 108,175: Total time for which application threads were stopped: 0,0000521 seconds, Stopping threads took: 0,0000154 seconds
2018-06-19T14:51:16.982+0200: 108,176: Total time for which application threads were stopped: 0,0000580 seconds, Stopping threads took: 0,0000163 seconds
2018-06-19T14:51:17.009+0200: 108,204: Total time for which application threads were stopped: 0,0001311 seconds, Stopping threads took: 0,0000588 seconds
2018-06-19T14:51:17.013+0200: 108,207: Total time for which application threads were stopped: 0,0002746 seconds, Stopping threads took: 0,0000956 seconds
2018-06-19T14:51:17.015+0200: 108,209: Total time for which application threads were stopped: 0,0001239 seconds, Stopping threads took: 0,0000277 seconds
2018-06-19T14:51:17.015+0200: 108,209: Total time for which application threads were stopped: 0,0001026 seconds, Stopping threads took: 0,0000378 seconds
2018-06-19T14:51:17.015+0200: 108,210: Total time for which application threads were stopped: 0,0001019 seconds, Stopping threads took: 0,0000381 seconds
2018-06-19T14:51:17.015+0200: 108,210: Total time for which application threads were stopped: 0,0000857 seconds, Stopping threads took: 0,0000323 seconds
2018-06-19T14:51:17.016+0200: 108,210: Total time for which application threads were stopped: 0,0000899 seconds, Stopping threads took: 0,0000392 seconds
2018-06-19T14:51:17.016+0200: 108,210: Total time for which application threads were stopped: 0,0000818 seconds, Stopping threads took: 0,0000333 seconds
2018-06-19T14:51:17.016+0200: 108,210: Total time for which application threads were stopped: 0,0000555 seconds, Stopping threads took: 0,0000147 seconds
2018-06-19T14:51:17.016+0200: 108,210: Total time for which application threads were stopped: 0,0000527 seconds, Stopping threads took: 0,0000138 seconds
2018-06-19T14:51:17.016+0200: 108,211: Total time for which application threads were stopped: 0,0000412 seconds, Stopping threads took: 0,0000128 seconds
2018-06-19T14:51:17.016+0200: 108,211: Total time for which application threads were stopped: 0,0000377 seconds, Stopping threads took: 0,0000118 seconds
2018-06-19T14:51:17.017+0200: 108,211: Total time for which application threads were stopped: 0,0000808 seconds, Stopping threads took: 0,0000297 seconds
2018-06-19T14:51:17.017+0200: 108,211: Total time for which application threads were stopped: 0,0000392 seconds, Stopping threads took: 0,0000097 seconds
2018-06-19T14:51:17.017+0200: 108,211: Total time for which application threads were stopped: 0,0000527 seconds, Stopping threads took: 0,0000142 seconds
2018-06-19T14:51:17.019+0200: 108,214: Total time for which application threads were stopped: 0,0001239 seconds, Stopping threads took: 0,0000404 seconds
2018-06-19T14:51:17.020+0200: 108,214: Total time for which application threads were stopped: 0,0000911 seconds, Stopping threads took: 0,0000255 seconds
2018-06-19T14:51:17.020+0200: 108,214: Total time for which application threads were stopped: 0,0001432 seconds, Stopping threads took: 0,0000239 seconds
2018-06-19T14:51:17.021+0200: 108,215: Total time for which application threads were stopped: 0,0001114 seconds, Stopping threads took: 0,0000327 seconds
2018-06-19T14:51:17.021+0200: 108,215: Total time for which application threads were stopped: 0,0002466 seconds, Stopping threads took: 0,0000281 seconds
2018-06-19T14:51:17.032+0200: 108,226: Total time for which application threads were stopped: 0,0001048 seconds, Stopping threads took: 0,0000435 seconds
2018-06-19T14:51:17.134+0200: 108,329: Total time for which application threads were stopped: 0,0001800 seconds, Stopping threads took: 0,0000469 seconds
2018-06-19T14:51:17.160+0200: 108,354: Total time for which application threads were stopped: 0,0000771 seconds, Stopping threads took: 0,0000202 seconds
2018-06-19T14:51:17.176+0200: 108,370: Total time for which application threads were stopped: 0,0005202 seconds, Stopping threads took: 0,0000206 seconds
2018-06-19T14:51:17.178+0200: 108,372: Total time for which application threads were stopped: 0,0004779 seconds, Stopping threads took: 0,0000156 seconds
{Heap before GC invocations=9 (full 1):
 par new generation   total 109248K, used 107563K [0x00000000e0000000, 0x00000000e8000000, 0x00000000e8000000)
  eden space 87424K,  99% used [0x00000000e0000000, 0x00000000e555f9d8, 0x00000000e5560000)
  from space 21824K,  92% used [0x00000000e6ab0000, 0x00000000e7e5b5a0, 0x00000000e8000000)
  to   space 21824K,   0% used [0x00000000e5560000, 0x00000000e5560000, 0x00000000e6ab0000)
 concurrent mark-sweep generation total 393216K, used 9826K [0x00000000e8000000, 0x0000000100000000, 0x0000000100000000)
 Metaspace       used 30998K, capacity 31682K, committed 31944K, reserved 1077248K
  class space    used 3567K, capacity 3784K, committed 3784K, reserved 1048576K
2018-06-19T14:51:17.183+0200: 108,378: [GC (Allocation Failure) 2018-06-19T14:51:17.183+0200: 108,378: [ParNew
Desired survivor size 20112992 bytes, new threshold 5 (max 8)
- age   1:    6886192 bytes,    6886192 total
- age   2:     118912 bytes,    7005104 total
- age   3:     631264 bytes,    7636368 total
- age   4:   11730064 bytes,   19366432 total
- age   5:    1462464 bytes,   20828896 total
- age   6:     156048 bytes,   20984944 total
- age   7:     114584 bytes,   21099528 total
- age   8:     255728 bytes,   21355256 total
: 107563K->21824K(109248K), 0,0308231 secs] 117390K->32777K(502464K), 0,0308773 secs] [Times: user=0,09 sys=0,00, real=0,03 secs] 
Heap after GC invocations=10 (full 1):
 par new generation   total 109248K, used 21824K [0x00000000e0000000, 0x00000000e8000000, 0x00000000e8000000)
  eden space 87424K,   0% used [0x00000000e0000000, 0x00000000e0000000, 0x00000000e5560000)
  from space 21824K, 100% used [0x00000000e5560000, 0x00000000e6ab0000, 0x00000000e6ab0000)
  to   space 21824K,   0% used [0x00000000e6ab0000, 0x00000000e6ab0000, 0x00000000e8000000)
 concurrent mark-sweep generation total 393216K, used 10953K [0x00000000e8000000, 0x0000000100000000, 0x0000000100000000)
 Metaspace       used 30998K, capacity 31682K, committed 31944K, reserved 1077248K
  class space    used 3567K, capacity 3784K, committed 3784K, reserved 1048576K
}
2018-06-19T14:51:17.214+0200: 108,409: Total time for which application threads were stopped: 0,0310857 seconds, Stopping threads took: 0,0000189 seconds
2018-06-19T14:51:17.215+0200: 108,409: Total time for which application threads were stopped: 0,0000777 seconds, Stopping threads took: 0,0000166 seconds
2018-06-19T14:51:17.215+0200: 108,409: Total time for which application threads were stopped: 0,0001170 seconds, Stopping threads took: 0,0000853 seconds
2018-06-19T14:51:17.217+0200: 108,411: Total time for which application threads were stopped: 0,0000832 seconds, Stopping threads took: 0,0000279 seconds
2018-06-19T14:51:17.220+0200: 108,415: Total time for which application threads were stopped: 0,0000975 seconds, Stopping threads took: 0,0000300 seconds
2018-06-19T14:51:17.223+0200: 108,417: Total time for which application threads were stopped: 0,0001328 seconds, Stopping threads took: 0,0000468 seconds
2018-06-19T14:51:17.224+0200: 108,419: Total time for which application threads were stopped: 0,0000831 seconds, Stopping threads took: 0,0000285 seconds
2018-06-19T14:51:17.226+0200: 108,420: Total time for which application threads were stopped: 0,0000763 seconds, Stopping threads took: 0,0000224 seconds
2018-06-19T14:51:17.227+0200: 108,421: Total time for which application threads were stopped: 0,0001104 seconds, Stopping threads took: 0,0000359 seconds
2018-06-19T14:51:17.228+0200: 108,422: Total time for which application threads were stopped: 0,0000886 seconds, Stopping threads took: 0,0000420 seconds
2018-06-19T14:51:17.229+0200: 108,423: Total time for which application threads were stopped: 0,0000777 seconds, Stopping threads took: 0,0000366 seconds
2018-06-19T14:51:17.229+0200: 108,424: Total time for which application threads were stopped: 0,0000704 seconds, Stopping threads took: 0,0000265 seconds
2018-06-19T14:51:17.230+0200: 108,424: Total time for which application threads were stopped: 0,0000467 seconds, Stopping threads took: 0,0000124 seconds
2018-06-19T14:51:17.231+0200: 108,425: Total time for which application threads were stopped: 0,0000626 seconds, Stopping threads took: 0,0000237 seconds
2018-06-19T14:51:17.231+0200: 108,425: Total time for which application threads were stopped: 0,0000523 seconds, Stopping threads took: 0,0000144 seconds
2018-06-19T14:51:17.232+0200: 108,426: Total time for which application threads were stopped: 0,0000580 seconds, Stopping threads took: 0,0000197 seconds
2018-06-19T14:51:17.232+0200: 108,427: Total time for which application threads were stopped: 0,0000473 seconds, Stopping threads took: 0,0000127 seconds
2018-06-19T14:51:17.233+0200: 108,427: Total time for which application threads were stopped: 0,0000423 seconds, Stopping threads took: 0,0000117 seconds
2018-06-19T14:51:17.233+0200: 108,428: Total time for which application threads were stopped: 0,0000405 seconds, Stopping threads took: 0,0000102 seconds
2018-06-19T14:51:17.234+0200: 108,428: Total time for which application threads were stopped: 0,0001027 seconds, Stopping threads took: 0,0000627 seconds
2018-06-19T14:51:17.235+0200: 108,429: Total time for which application threads were stopped: 0,0000464 seconds, Stopping threads took: 0,0000147 seconds
2018-06-19T14:51:17.235+0200: 108,430: Total time for which application threads were stopped: 0,0001664 seconds, Stopping threads took: 0,0000221 seconds
2018-06-19T14:51:17.422+0200: 108,616: Total time for which application threads were stopped: 0,0001922 seconds, Stopping threads took: 0,0000263 seconds
2018-06-19T14:51:17.589+0200: 108,783: Total time for which application threads were stopped: 0,0001421 seconds, Stopping threads took: 0,0000203 seconds
2018-06-19T14:51:17.589+0200: 108,783: Total time for which application threads were stopped: 0,0000701 seconds, Stopping threads took: 0,0000137 seconds
2018-06-19T14:51:17.592+0200: 108,786: Total time for which application threads were stopped: 0,0001001 seconds, Stopping threads took: 0,0000296 seconds
2018-06-19T14:51:17.597+0200: 108,792: Total time for which application threads were stopped: 0,0001336 seconds, Stopping threads took: 0,0000468 seconds
2018-06-19T14:51:17.612+0200: 108,807: Total time for which application threads were stopped: 0,0001570 seconds, Stopping threads took: 0,0000583 seconds
2018-06-19T14:51:17.624+0200: 108,818: Total time for which application threads were stopped: 0,0001128 seconds, Stopping threads took: 0,0000352 seconds
2018-06-19T14:51:17.625+0200: 108,820: Total time for which application threads were stopped: 0,0000923 seconds, Stopping threads took: 0,0000244 seconds
2018-06-19T14:51:17.650+0200: 108,844: Total time for which application threads were stopped: 0,0001683 seconds, Stopping threads took: 0,0000666 seconds
{Heap before GC invocations=10 (full 1):
 par new generation   total 109248K, used 109244K [0x00000000e0000000, 0x00000000e8000000, 0x00000000e8000000)
  eden space 87424K,  99% used [0x00000000e0000000, 0x00000000e555f030, 0x00000000e5560000)
  from space 21824K, 100% used [0x00000000e5560000, 0x00000000e6ab0000, 0x00000000e6ab0000)
  to   space 21824K,   0% used [0x00000000e6ab0000, 0x00000000e6ab0000, 0x00000000e8000000)
 concurrent mark-sweep generation total 393216K, used 10953K [0x00000000e8000000, 0x0000000100000000, 0x0000000100000000)
 Metaspace       used 31463K, capacity 32194K, committed 32456K, reserved 1077248K
  class space    used 3571K, capacity 3784K, committed 3784K, reserved 1048576K
2018-06-19T14:51:17.668+0200: 108,862: [GC (Allocation Failure) 2018-06-19T14:51:17.668+0200: 108,862: [ParNew
Desired survivor size 20112992 bytes, new threshold 8 (max 8)
- age   1:    1255480 bytes,    1255480 total
- age   2:    4753664 bytes,    6009144 total
- age   3:      84512 bytes,    6093656 total
- age   4:     567480 bytes,    6661136 total
- age   5:   12501624 bytes,   19162760 total
: 109244K->21824K(109248K), 0,0631923 secs] 120197K->37929K(502464K), 0,0633298 secs] [Times: user=0,14 sys=0,01, real=0,07 secs] 
Heap after GC invocations=11 (full 1):
 par new generation   total 109248K, used 21824K [0x00000000e0000000, 0x00000000e8000000, 0x00000000e8000000)
  eden space 87424K,   0% used [0x00000000e0000000, 0x00000000e0000000, 0x00000000e5560000)
  from space 21824K, 100% used [0x00000000e6ab0000, 0x00000000e8000000, 0x00000000e8000000)
  to   space 21824K,   0% used [0x00000000e5560000, 0x00000000e5560000, 0x00000000e6ab0000)
 concurrent mark-sweep generation total 393216K, used 16105K [0x00000000e8000000, 0x0000000100000000, 0x0000000100000000)
 Metaspace       used 31463K, capacity 32194K, committed 32456K, reserved 1077248K
  class space    used 3571K, capacity 3784K, committed 3784K, reserved 1048576K
}
2018-06-19T14:51:17.731+0200: 108,925: Total time for which application threads were stopped: 0,0636175 seconds, Stopping threads took: 0,0000558 seconds
2018-06-19T14:51:17.768+0200: 108,962: Total time for which application threads were stopped: 0,0001593 seconds, Stopping threads took: 0,0000480 seconds
2018-06-19T14:51:17.768+0200: 108,962: Total time for which application threads were stopped: 0,0000928 seconds, Stopping threads took: 0,0000275 seconds
2018-06-19T14:51:17.777+0200: 108,971: Total time for which application threads were stopped: 0,0001890 seconds, Stopping threads took: 0,0000618 seconds
2018-06-19T14:51:17.780+0200: 108,975: Total time for which application threads were stopped: 0,0002012 seconds, Stopping threads took: 0,0000729 seconds
2018-06-19T14:51:17.787+0200: 108,982: Total time for which application threads were stopped: 0,0008206 seconds, Stopping threads took: 0,0000661 seconds
2018-06-19T14:51:17.799+0200: 108,993: Total time for which application threads were stopped: 0,0001638 seconds, Stopping threads took: 0,0000500 seconds
2018-06-19T14:51:17.828+0200: 109,022: Total time for which application threads were stopped: 0,0001444 seconds, Stopping threads took: 0,0000418 seconds
2018-06-19T14:51:17.833+0200: 109,027: Total time for which application threads were stopped: 0,0001405 seconds, Stopping threads took: 0,0000494 seconds
2018-06-19T14:51:17.837+0200: 109,031: Total time for which application threads were stopped: 0,0001581 seconds, Stopping threads took: 0,0000529 seconds
2018-06-19T14:51:17.842+0200: 109,036: Total time for which application threads were stopped: 0,0001739 seconds, Stopping threads took: 0,0000656 seconds
2018-06-19T14:51:17.888+0200: 109,083: Total time for which application threads were stopped: 0,0001779 seconds, Stopping threads took: 0,0000428 seconds
2018-06-19T14:51:17.898+0200: 109,092: Total time for which application threads were stopped: 0,0001684 seconds, Stopping threads took: 0,0000646 seconds
2018-06-19T14:51:17.911+0200: 109,105: Total time for which application threads were stopped: 0,0001595 seconds, Stopping threads took: 0,0000575 seconds
2018-06-19T14:51:17.912+0200: 109,106: Total time for which application threads were stopped: 0,0001473 seconds, Stopping threads took: 0,0000534 seconds
2018-06-19T14:51:17.914+0200: 109,108: Total time for which application threads were stopped: 0,0002365 seconds, Stopping threads took: 0,0000860 seconds
2018-06-19T14:51:17.921+0200: 109,115: Total time for which application threads were stopped: 0,0001476 seconds, Stopping threads took: 0,0000472 seconds
2018-06-19T14:51:17.927+0200: 109,121: Total time for which application threads were stopped: 0,0001645 seconds, Stopping threads took: 0,0000550 seconds
2018-06-19T14:51:17.938+0200: 109,132: Total time for which application threads were stopped: 0,0003022 seconds, Stopping threads took: 0,0000367 seconds
{Heap before GC invocations=11 (full 1):
 par new generation   total 109248K, used 109248K [0x00000000e0000000, 0x00000000e8000000, 0x00000000e8000000)
  eden space 87424K, 100% used [0x00000000e0000000, 0x00000000e5560000, 0x00000000e5560000)
  from space 21824K, 100% used [0x00000000e6ab0000, 0x00000000e8000000, 0x00000000e8000000)
  to   space 21824K,   0% used [0x00000000e5560000, 0x00000000e5560000, 0x00000000e6ab0000)
 concurrent mark-sweep generation total 393216K, used 16105K [0x00000000e8000000, 0x0000000100000000, 0x0000000100000000)
 Metaspace       used 31473K, capacity 32194K, committed 32456K, reserved 1077248K
  class space    used 3571K, capacity 3784K, committed 3784K, reserved 1048576K
2018-06-19T14:51:17.969+0200: 109,163: [GC (Allocation Failure) 2018-06-19T14:51:17.969+0200: 109,164: [ParNew
Desired survivor size 20112992 bytes, new threshold 8 (max 8)
- age   1:    1509384 bytes,    1509384 total
- age   2:     956192 bytes,    2465576 total
- age   3:    4749920 bytes,    7215496 total
- age   4:      84512 bytes,    7300008 total
- age   5:     567480 bytes,    7867488 total
- age   6:   10245312 bytes,   18112800 total
: 109248K->21824K(109248K), 0,0452411 secs] 125353K->37932K(502464K), 0,0453057 secs] [Times: user=0,12 sys=0,00, real=0,05 secs] 
Heap after GC invocations=12 (full 1):
 par new generation   total 109248K, used 21824K [0x00000000e0000000, 0x00000000e8000000, 0x00000000e8000000)
  eden space 87424K,   0% used [0x00000000e0000000, 0x00000000e0000000, 0x00000000e5560000)
  from space 21824K, 100% used [0x00000000e5560000, 0x00000000e6ab0000, 0x00000000e6ab0000)
  to   space 21824K,   0% used [0x00000000e6ab0000, 0x00000000e6ab0000, 0x00000000e8000000)
 concurrent mark-sweep generation total 393216K, used 16108K [0x00000000e8000000, 0x0000000100000000, 0x0000000100000000)
 Metaspace       used 31473K, capacity 32194K, committed 32456K, reserved 1077248K
  class space    used 3571K, capacity 3784K, committed 3784K, reserved 1048576K
}
2018-06-19T14:51:18.015+0200: 109,209: Total time for which application threads were stopped: 0,0455953 seconds, Stopping threads took: 0,0000386 seconds
2018-06-19T14:51:18.232+0200: 109,427: Total time for which application threads were stopped: 0,0152471 seconds, Stopping threads took: 0,0139775 seconds
2018-06-19T14:51:18.243+0200: 109,437: Total time for which application threads were stopped: 0,0001576 seconds, Stopping threads took: 0,0000408 seconds
2018-06-19T14:51:18.296+0200: 109,490: Total time for which application threads were stopped: 0,0061919 seconds, Stopping threads took: 0,0060107 seconds
2018-06-19T14:51:18.323+0200: 109,517: Total time for which application threads were stopped: 0,0147350 seconds, Stopping threads took: 0,0146112 seconds
{Heap before GC invocations=12 (full 1):
 par new generation   total 109248K, used 109248K [0x00000000e0000000, 0x00000000e8000000, 0x00000000e8000000)
  eden space 87424K, 100% used [0x00000000e0000000, 0x00000000e5560000, 0x00000000e5560000)
  from space 21824K, 100% used [0x00000000e5560000, 0x00000000e6ab0000, 0x00000000e6ab0000)
  to   space 21824K,   0% used [0x00000000e6ab0000, 0x00000000e6ab0000, 0x00000000e8000000)
 concurrent mark-sweep generation total 393216K, used 16108K [0x00000000e8000000, 0x0000000100000000, 0x0000000100000000)
 Metaspace       used 31537K, capacity 32258K, committed 32456K, reserved 1077248K
  class space    used 3578K, capacity 3784K, committed 3784K, reserved 1048576K
2018-06-19T14:51:18.328+0200: 109,522: [GC (Allocation Failure) 2018-06-19T14:51:18.328+0200: 109,522: [ParNew
Desired survivor size 20112992 bytes, new threshold 8 (max 8)
- age   1:    1999176 bytes,    1999176 total
- age   2:     937952 bytes,    2937128 total
- age   3:     831992 bytes,    3769120 total
- age   4:    4410512 bytes,    8179632 total
- age   5:      84512 bytes,    8264144 total
- age   6:     544136 bytes,    8808280 total
- age   7:   10216344 bytes,   19024624 total
: 109248K->21824K(109248K), 0,0536666 secs] 125356K->38335K(502464K), 0,0537926 secs] [Times: user=0,12 sys=0,00, real=0,05 secs] 
Heap after GC invocations=13 (full 1):
 par new generation   total 109248K, used 21824K [0x00000000e0000000, 0x00000000e8000000, 0x00000000e8000000)
  eden space 87424K,   0% used [0x00000000e0000000, 0x00000000e0000000, 0x00000000e5560000)
  from space 21824K, 100% used [0x00000000e6ab0000, 0x00000000e8000000, 0x00000000e8000000)
  to   space 21824K,   0% used [0x00000000e5560000, 0x00000000e5560000, 0x00000000e6ab0000)
 concurrent mark-sweep generation total 393216K, used 16511K [0x00000000e8000000, 0x0000000100000000, 0x0000000100000000)
 Metaspace       used 31537K, capacity 32258K, committed 32456K, reserved 1077248K
  class space    used 3578K, capacity 3784K, committed 3784K, reserved 1048576K
}
2018-06-19T14:51:18.381+0200: 109,576: Total time for which application threads were stopped: 0,0540687 seconds, Stopping threads took: 0,0000574 seconds
2018-06-19T14:51:18.387+0200: 109,581: Total time for which application threads were stopped: 0,0001781 seconds, Stopping threads took: 0,0000561 seconds
2018-06-19T14:51:18.532+0200: 109,726: Total time for which application threads were stopped: 0,0062172 seconds, Stopping threads took: 0,0060699 seconds
2018-06-19T14:51:18.536+0200: 109,730: Total time for which application threads were stopped: 0,0036825 seconds, Stopping threads took: 0,0032328 seconds
2018-06-19T14:51:18.545+0200: 109,739: Total time for which application threads were stopped: 0,0069479 seconds, Stopping threads took: 0,0068300 seconds
{Heap before GC invocations=13 (full 1):
 par new generation   total 109248K, used 109244K [0x00000000e0000000, 0x00000000e8000000, 0x00000000e8000000)
  eden space 87424K,  99% used [0x00000000e0000000, 0x00000000e555f008, 0x00000000e5560000)
  from space 21824K, 100% used [0x00000000e6ab0000, 0x00000000e8000000, 0x00000000e8000000)
  to   space 21824K,   0% used [0x00000000e5560000, 0x00000000e5560000, 0x00000000e6ab0000)
 concurrent mark-sweep generation total 393216K, used 16511K [0x00000000e8000000, 0x0000000100000000, 0x0000000100000000)
 Metaspace       used 31595K, capacity 32290K, committed 32584K, reserved 1077248K
  class space    used 3584K, capacity 3816K, committed 3912K, reserved 1048576K
2018-06-19T14:51:18.623+0200: 109,817: [GC (Allocation Failure) 2018-06-19T14:51:18.623+0200: 109,817: [ParNew
Desired survivor size 20112992 bytes, new threshold 8 (max 8)
- age   1:    1344832 bytes,    1344832 total
- age   2:    1823896 bytes,    3168728 total
- age   3:     937376 bytes,    4106104 total
- age   4:     817440 bytes,    4923544 total
- age   5:    4374008 bytes,    9297552 total
- age   6:      84512 bytes,    9382064 total
- age   7:     401304 bytes,    9783368 total
- age   8:    9198288 bytes,   18981656 total
: 109244K->21824K(109248K), 0,0764070 secs] 125755K->39448K(502464K), 0,0768322 secs] [Times: user=0,15 sys=0,00, real=0,07 secs] 
Heap after GC invocations=14 (full 1):
 par new generation   total 109248K, used 21824K [0x00000000e0000000, 0x00000000e8000000, 0x00000000e8000000)
  eden space 87424K,   0% used [0x00000000e0000000, 0x00000000e0000000, 0x00000000e5560000)
  from space 21824K, 100% used [0x00000000e5560000, 0x00000000e6ab0000, 0x00000000e6ab0000)
  to   space 21824K,   0% used [0x00000000e6ab0000, 0x00000000e6ab0000, 0x00000000e8000000)
 concurrent mark-sweep generation total 393216K, used 17624K [0x00000000e8000000, 0x0000000100000000, 0x0000000100000000)
 Metaspace       used 31595K, capacity 32290K, committed 32584K, reserved 1077248K
  class space    used 3584K, capacity 3816K, committed 3912K, reserved 1048576K
}
2018-06-19T14:51:18.700+0200: 109,895: Total time for which application threads were stopped: 0,0809090 seconds, Stopping threads took: 0,0034188 seconds
{Heap before GC invocations=14 (full 1):
 par new generation   total 109248K, used 109225K [0x00000000e0000000, 0x00000000e8000000, 0x00000000e8000000)
  eden space 87424K,  99% used [0x00000000e0000000, 0x00000000e555a7b0, 0x00000000e5560000)
  from space 21824K, 100% used [0x00000000e5560000, 0x00000000e6ab0000, 0x00000000e6ab0000)
  to   space 21824K,   0% used [0x00000000e6ab0000, 0x00000000e6ab0000, 0x00000000e8000000)
 concurrent mark-sweep generation total 393216K, used 17624K [0x00000000e8000000, 0x0000000100000000, 0x0000000100000000)
 Metaspace       used 31704K, capacity 32418K, committed 32840K, reserved 1079296K
  class space    used 3590K, capacity 3816K, committed 3912K, reserved 1048576K
2018-06-19T14:51:18.904+0200: 110,099: [GC (Allocation Failure) 2018-06-19T14:51:18.904+0200: 110,099: [ParNew
Desired survivor size 20112992 bytes, new threshold 8 (max 8)
- age   1:    1605104 bytes,    1605104 total
- age   2:     890208 bytes,    2495312 total
- age   3:    1823760 bytes,    4319072 total
- age   4:     936824 bytes,    5255896 total
- age   5:     817152 bytes,    6073048 total
- age   6:    4373832 bytes,   10446880 total
- age   7:      84512 bytes,   10531392 total
- age   8:     401304 bytes,   10932696 total
: 109225K->18358K(109248K), 0,0516357 secs] 126850K->45697K(502464K), 0,0518027 secs] [Times: user=0,11 sys=0,00, real=0,05 secs] 
Heap after GC invocations=15 (full 1):
 par new generation   total 109248K, used 18358K [0x00000000e0000000, 0x00000000e8000000, 0x00000000e8000000)
  eden space 87424K,   0% used [0x00000000e0000000, 0x00000000e0000000, 0x00000000e5560000)
  from space 21824K,  84% used [0x00000000e6ab0000, 0x00000000e7c9dbc0, 0x00000000e8000000)
  to   space 21824K,   0% used [0x00000000e5560000, 0x00000000e5560000, 0x00000000e6ab0000)
 concurrent mark-sweep generation total 393216K, used 27338K [0x00000000e8000000, 0x0000000100000000, 0x0000000100000000)
 Metaspace       used 31704K, capacity 32418K, committed 32840K, reserved 1079296K
  class space    used 3590K, capacity 3816K, committed 3912K, reserved 1048576K
}
2018-06-19T14:51:18.956+0200: 110,150: Total time for which application threads were stopped: 0,0582698 seconds, Stopping threads took: 0,0061590 seconds
2018-06-19T14:51:19.022+0200: 110,216: Total time for which application threads were stopped: 0,0002467 seconds, Stopping threads took: 0,0000870 seconds
{Heap before GC invocations=15 (full 1):
 par new generation   total 109248K, used 105782K [0x00000000e0000000, 0x00000000e8000000, 0x00000000e8000000)
  eden space 87424K, 100% used [0x00000000e0000000, 0x00000000e5560000, 0x00000000e5560000)
  from space 21824K,  84% used [0x00000000e6ab0000, 0x00000000e7c9dbc0, 0x00000000e8000000)
  to   space 21824K,   0% used [0x00000000e5560000, 0x00000000e5560000, 0x00000000e6ab0000)
 concurrent mark-sweep generation total 393216K, used 27338K [0x00000000e8000000, 0x0000000100000000, 0x0000000100000000)
 Metaspace       used 31734K, capacity 32418K, committed 32840K, reserved 1079296K
  class space    used 3593K, capacity 3816K, committed 3912K, reserved 1048576K
2018-06-19T14:51:19.138+0200: 110,332: [GC (Allocation Failure) 2018-06-19T14:51:19.138+0200: 110,333: [ParNew
Desired survivor size 20112992 bytes, new threshold 8 (max 8)
- age   1:    1635464 bytes,    1635464 total
- age   2:    1100776 bytes,    2736240 total
- age   3:     886480 bytes,    3622720 total
- age   4:     473472 bytes,    4096192 total
- age   5:     116832 bytes,    4213024 total
- age   6:     148176 bytes,    4361200 total
- age   7:    4216880 bytes,    8578080 total
- age   8:      84512 bytes,    8662592 total
: 105782K->12702K(109248K), 0,0240531 secs] 133121K->40436K(502464K), 0,0243995 secs] [Times: user=0,07 sys=0,00, real=0,02 secs] 
Heap after GC invocations=16 (full 1):
 par new generation   total 109248K, used 12702K [0x00000000e0000000, 0x00000000e8000000, 0x00000000e8000000)
  eden space 87424K,   0% used [0x00000000e0000000, 0x00000000e0000000, 0x00000000e5560000)
  from space 21824K,  58% used [0x00000000e5560000, 0x00000000e61c7be8, 0x00000000e6ab0000)
  to   space 21824K,   0% used [0x00000000e6ab0000, 0x00000000e6ab0000, 0x00000000e8000000)
 concurrent mark-sweep generation total 393216K, used 27733K [0x00000000e8000000, 0x0000000100000000, 0x0000000100000000)
 Metaspace       used 31734K, capacity 32418K, committed 32840K, reserved 1079296K
  class space    used 3593K, capacity 3816K, committed 3912K, reserved 1048576K
}
2018-06-19T14:51:19.163+0200: 110,357: Total time for which application threads were stopped: 0,0247257 seconds, Stopping threads took: 0,0000572 seconds
2018-06-19T14:51:19.286+0200: 110,480: Total time for which application threads were stopped: 0,0002540 seconds, Stopping threads took: 0,0000992 seconds
2018-06-19T14:51:19.296+0200: 110,490: Total time for which application threads were stopped: 0,0001930 seconds, Stopping threads took: 0,0000752 seconds
2018-06-19T14:51:19.297+0200: 110,491: Total time for which application threads were stopped: 0,0001718 seconds, Stopping threads took: 0,0000613 seconds
2018-06-19T14:51:19.346+0200: 110,540: Total time for which application threads were stopped: 0,0001806 seconds, Stopping threads took: 0,0000697 seconds
2018-06-19T14:51:19.349+0200: 110,543: Total time for which application threads were stopped: 0,0001939 seconds, Stopping threads took: 0,0000738 seconds
2018-06-19T14:51:19.352+0200: 110,547: Total time for which application threads were stopped: 0,0001565 seconds, Stopping threads took: 0,0000578 seconds
{Heap before GC invocations=16 (full 1):
 par new generation   total 109248K, used 100126K [0x00000000e0000000, 0x00000000e8000000, 0x00000000e8000000)
  eden space 87424K, 100% used [0x00000000e0000000, 0x00000000e5560000, 0x00000000e5560000)
  from space 21824K,  58% used [0x00000000e5560000, 0x00000000e61c7be8, 0x00000000e6ab0000)
  to   space 21824K,   0% used [0x00000000e6ab0000, 0x00000000e6ab0000, 0x00000000e8000000)
 concurrent mark-sweep generation total 393216K, used 27733K [0x00000000e8000000, 0x0000000100000000, 0x0000000100000000)
 Metaspace       used 31755K, capacity 32482K, committed 32840K, reserved 1079296K
  class space    used 3593K, capacity 3816K, committed 3912K, reserved 1048576K
2018-06-19T14:51:19.383+0200: 110,577: [GC (Allocation Failure) 2018-06-19T14:51:19.383+0200: 110,577: [ParNew
Desired survivor size 20112992 bytes, new threshold 8 (max 8)
- age   1:    2071304 bytes,    2071304 total
- age   2:    1078856 bytes,    3150160 total
- age   3:    1046840 bytes,    4197000 total
- age   4:     816640 bytes,    5013640 total
- age   5:     405024 bytes,    5418664 total
- age   6:     116488 bytes,    5535152 total
- age   7:     147720 bytes,    5682872 total
- age   8:    4215992 bytes,    9898864 total
: 100126K->12467K(109248K), 0,0198510 secs] 127860K->40285K(502464K), 0,0199667 secs] [Times: user=0,06 sys=0,00, real=0,02 secs] 
Heap after GC invocations=17 (full 1):
 par new generation   total 109248K, used 12467K [0x00000000e0000000, 0x00000000e8000000, 0x00000000e8000000)
  eden space 87424K,   0% used [0x00000000e0000000, 0x00000000e0000000, 0x00000000e5560000)
  from space 21824K,  57% used [0x00000000e6ab0000, 0x00000000e76dcea0, 0x00000000e8000000)
  to   space 21824K,   0% used [0x00000000e5560000, 0x00000000e5560000, 0x00000000e6ab0000)
 concurrent mark-sweep generation total 393216K, used 27817K [0x00000000e8000000, 0x0000000100000000, 0x0000000100000000)
 Metaspace       used 31755K, capacity 32482K, committed 32840K, reserved 1079296K
  class space    used 3593K, capacity 3816K, committed 3912K, reserved 1048576K
}
2018-06-19T14:51:19.403+0200: 110,597: Total time for which application threads were stopped: 0,0232378 seconds, Stopping threads took: 0,0030216 seconds
{Heap before GC invocations=17 (full 1):
 par new generation   total 109248K, used 99891K [0x00000000e0000000, 0x00000000e8000000, 0x00000000e8000000)
  eden space 87424K, 100% used [0x00000000e0000000, 0x00000000e5560000, 0x00000000e5560000)
  from space 21824K,  57% used [0x00000000e6ab0000, 0x00000000e76dcea0, 0x00000000e8000000)
  to   space 21824K,   0% used [0x00000000e5560000, 0x00000000e5560000, 0x00000000e6ab0000)
 concurrent mark-sweep generation total 393216K, used 27817K [0x00000000e8000000, 0x0000000100000000, 0x0000000100000000)
 Metaspace       used 31784K, capacity 32546K, committed 32840K, reserved 1079296K
  class space    used 3594K, capacity 3816K, committed 3912K, reserved 1048576K
2018-06-19T14:51:19.616+0200: 110,810: [GC (Allocation Failure) 2018-06-19T14:51:19.616+0200: 110,811: [ParNew
Desired survivor size 20112992 bytes, new threshold 8 (max 8)
- age   1:    1572640 bytes,    1572640 total
- age   2:     815112 bytes,    2387752 total
- age   3:     315480 bytes,    2703232 total
- age   4:     223680 bytes,    2926912 total
- age   5:     133208 bytes,    3060120 total
- age   6:     131104 bytes,    3191224 total
- age   7:     116096 bytes,    3307320 total
- age   8:     146688 bytes,    3454008 total
: 99891K->10621K(109248K), 0,0200423 secs] 127709K->42589K(502464K), 0,0201502 secs] [Times: user=0,07 sys=0,00, real=0,02 secs] 
Heap after GC invocations=18 (full 1):
 par new generation   total 109248K, used 10621K [0x00000000e0000000, 0x00000000e8000000, 0x00000000e8000000)
  eden space 87424K,   0% used [0x00000000e0000000, 0x00000000e0000000, 0x00000000e5560000)
  from space 21824K,  48% used [0x00000000e5560000, 0x00000000e5fbf4b0, 0x00000000e6ab0000)
  to   space 21824K,   0% used [0x00000000e6ab0000, 0x00000000e6ab0000, 0x00000000e8000000)
 concurrent mark-sweep generation total 393216K, used 31968K [0x00000000e8000000, 0x0000000100000000, 0x0000000100000000)
 Metaspace       used 31784K, capacity 32546K, committed 32840K, reserved 1079296K
  class space    used 3594K, capacity 3816K, committed 3912K, reserved 1048576K
}
2018-06-19T14:51:19.636+0200: 110,831: Total time for which application threads were stopped: 0,0204782 seconds, Stopping threads took: 0,0000560 seconds
{Heap before GC invocations=18 (full 1):
 par new generation   total 109248K, used 98045K [0x00000000e0000000, 0x00000000e8000000, 0x00000000e8000000)
  eden space 87424K, 100% used [0x00000000e0000000, 0x00000000e5560000, 0x00000000e5560000)
  from space 21824K,  48% used [0x00000000e5560000, 0x00000000e5fbf4b0, 0x00000000e6ab0000)
  to   space 21824K,   0% used [0x00000000e6ab0000, 0x00000000e6ab0000, 0x00000000e8000000)
 concurrent mark-sweep generation total 393216K, used 31968K [0x00000000e8000000, 0x0000000100000000, 0x0000000100000000)
 Metaspace       used 31802K, capacity 32546K, committed 32840K, reserved 1079296K
  class space    used 3594K, capacity 3816K, committed 3912K, reserved 1048576K
2018-06-19T14:51:19.769+0200: 110,964: [GC (Allocation Failure) 2018-06-19T14:51:19.769+0200: 110,964: [ParNew
Desired survivor size 20112992 bytes, new threshold 8 (max 8)
- age   1:    1553768 bytes,    1553768 total
- age   2:    1167136 bytes,    2720904 total
- age   3:     815032 bytes,    3535936 total
- age   4:     314664 bytes,    3850600 total
- age   5:     223680 bytes,    4074280 total
- age   6:     133208 bytes,    4207488 total
- age   7:     131072 bytes,    4338560 total
- age   8:     115248 bytes,    4453808 total
: 98045K->5728K(109248K), 0,0064627 secs] 130013K->37839K(502464K), 0,0065461 secs] [Times: user=0,03 sys=0,00, real=0,01 secs] 
Heap after GC invocations=19 (full 1):
 par new generation   total 109248K, used 5728K [0x00000000e0000000, 0x00000000e8000000, 0x00000000e8000000)
  eden space 87424K,   0% used [0x00000000e0000000, 0x00000000e0000000, 0x00000000e5560000)
  from space 21824K,  26% used [0x00000000e6ab0000, 0x00000000e7048098, 0x00000000e8000000)
  to   space 21824K,   0% used [0x00000000e5560000, 0x00000000e5560000, 0x00000000e6ab0000)
 concurrent mark-sweep generation total 393216K, used 32111K [0x00000000e8000000, 0x0000000100000000, 0x0000000100000000)
 Metaspace       used 31802K, capacity 32546K, committed 32840K, reserved 1079296K
  class space    used 3594K, capacity 3816K, committed 3912K, reserved 1048576K
}
2018-06-19T14:51:19.776+0200: 110,970: Total time for which application threads were stopped: 0,0067717 seconds, Stopping threads took: 0,0000345 seconds
{Heap before GC invocations=19 (full 1):
 par new generation   total 109248K, used 93143K [0x00000000e0000000, 0x00000000e8000000, 0x00000000e8000000)
  eden space 87424K,  99% used [0x00000000e0000000, 0x00000000e555dea8, 0x00000000e5560000)
  from space 21824K,  26% used [0x00000000e6ab0000, 0x00000000e7048098, 0x00000000e8000000)
  to   space 21824K,   0% used [0x00000000e5560000, 0x00000000e5560000, 0x00000000e6ab0000)
 concurrent mark-sweep generation total 393216K, used 32111K [0x00000000e8000000, 0x0000000100000000, 0x0000000100000000)
 Metaspace       used 31811K, capacity 32546K, committed 32840K, reserved 1079296K
  class space    used 3594K, capacity 3816K, committed 3912K, reserved 1048576K
2018-06-19T14:51:19.856+0200: 111,050: [GC (Allocation Failure) 2018-06-19T14:51:19.856+0200: 111,050: [ParNew
Desired survivor size 20112992 bytes, new threshold 8 (max 8)
- age   1:    1657488 bytes,    1657488 total
- age   2:    1094912 bytes,    2752400 total
- age   3:    1117912 bytes,    3870312 total
- age   4:     815032 bytes,    4685344 total
- age   5:     314664 bytes,    5000008 total
- age   6:     223680 bytes,    5223688 total
- age   7:     133176 bytes,    5356864 total
- age   8:     130632 bytes,    5487496 total
: 93143K->6802K(109248K), 0,0076059 secs] 125254K->39025K(502464K), 0,0077541 secs] [Times: user=0,02 sys=0,00, real=0,01 secs] 
Heap after GC invocations=20 (full 1):
 par new generation   total 109248K, used 6802K [0x00000000e0000000, 0x00000000e8000000, 0x00000000e8000000)
  eden space 87424K,   0% used [0x00000000e0000000, 0x00000000e0000000, 0x00000000e5560000)
  from space 21824K,  31% used [0x00000000e5560000, 0x00000000e5c04a00, 0x00000000e6ab0000)
  to   space 21824K,   0% used [0x00000000e6ab0000, 0x00000000e6ab0000, 0x00000000e8000000)
 concurrent mark-sweep generation total 393216K, used 32223K [0x00000000e8000000, 0x0000000100000000, 0x0000000100000000)
 Metaspace       used 31811K, capacity 32546K, committed 32840K, reserved 1079296K
  class space    used 3594K, capacity 3816K, committed 3912K, reserved 1048576K
}
2018-06-19T14:51:19.864+0200: 111,058: Total time for which application threads were stopped: 0,0079796 seconds, Stopping threads took: 0,0000336 seconds
{Heap before GC invocations=20 (full 1):
 par new generation   total 109248K, used 94226K [0x00000000e0000000, 0x00000000e8000000, 0x00000000e8000000)
  eden space 87424K, 100% used [0x00000000e0000000, 0x00000000e5560000, 0x00000000e5560000)
  from space 21824K,  31% used [0x00000000e5560000, 0x00000000e5c04a00, 0x00000000e6ab0000)
  to   space 21824K,   0% used [0x00000000e6ab0000, 0x00000000e6ab0000, 0x00000000e8000000)
 concurrent mark-sweep generation total 393216K, used 32223K [0x00000000e8000000, 0x0000000100000000, 0x0000000100000000)
 Metaspace       used 31819K, capacity 32546K, committed 32840K, reserved 1079296K
  class space    used 3594K, capacity 3816K, committed 3912K, reserved 1048576K
2018-06-19T14:51:19.965+0200: 111,159: [GC (Allocation Failure) 2018-06-19T14:51:19.965+0200: 111,159: [ParNew
Desired survivor size 20112992 bytes, new threshold 8 (max 8)
- age   1:    2096968 bytes,    2096968 total
- age   2:    1020856 bytes,    3117824 total
- age   3:     897192 bytes,    4015016 total
- age   4:    1117880 bytes,    5132896 total
- age   5:     815032 bytes,    5947928 total
- age   6:     314664 bytes,    6262592 total
- age   7:     223648 bytes,    6486240 total
- age   8:     132736 bytes,    6618976 total
: 94226K->8025K(109248K), 0,0239921 secs] 126449K->40376K(502464K), 0,0240797 secs] [Times: user=0,06 sys=0,00, real=0,02 secs] 
Heap after GC invocations=21 (full 1):
 par new generation   total 109248K, used 8025K [0x00000000e0000000, 0x00000000e8000000, 0x00000000e8000000)
  eden space 87424K,   0% used [0x00000000e0000000, 0x00000000e0000000, 0x00000000e5560000)
  from space 21824K,  36% used [0x00000000e6ab0000, 0x00000000e7286670, 0x00000000e8000000)
  to   space 21824K,   0% used [0x00000000e5560000, 0x00000000e5560000, 0x00000000e6ab0000)
 concurrent mark-sweep generation total 393216K, used 32350K [0x00000000e8000000, 0x0000000100000000, 0x0000000100000000)
 Metaspace       used 31819K, capacity 32546K, committed 32840K, reserved 1079296K
  class space    used 3594K, capacity 3816K, committed 3912K, reserved 1048576K
}
2018-06-19T14:51:19.989+0200: 111,183: Total time for which application threads were stopped: 0,0243372 seconds, Stopping threads took: 0,0000335 seconds
{Heap before GC invocations=21 (full 1):
 par new generation   total 109248K, used 95433K [0x00000000e0000000, 0x00000000e8000000, 0x00000000e8000000)
  eden space 87424K,  99% used [0x00000000e0000000, 0x00000000e555c020, 0x00000000e5560000)
  from space 21824K,  36% used [0x00000000e6ab0000, 0x00000000e7286670, 0x00000000e8000000)
  to   space 21824K,   0% used [0x00000000e5560000, 0x00000000e5560000, 0x00000000e6ab0000)
 concurrent mark-sweep generation total 393216K, used 32350K [0x00000000e8000000, 0x0000000100000000, 0x0000000100000000)
 Metaspace       used 31835K, capacity 32546K, committed 32840K, reserved 1079296K
  class space    used 3594K, capacity 3816K, committed 3912K, reserved 1048576K
2018-06-19T14:51:20.073+0200: 111,267: [GC (Allocation Failure) 2018-06-19T14:51:20.073+0200: 111,267: [ParNew
Desired survivor size 20112992 bytes, new threshold 8 (max 8)
- age   1:    2050256 bytes,    2050256 total
- age   2:    1272184 bytes,    3322440 total
- age   3:     922480 bytes,    4244920 total
- age   4:     897192 bytes,    5142112 total
- age   5:    1117880 bytes,    6259992 total
- age   6:     815032 bytes,    7075024 total
- age   7:     314632 bytes,    7389656 total
- age   8:     223240 bytes,    7612896 total
: 95433K->11988K(109248K), 0,0201587 secs] 127784K->44469K(502464K), 0,0202385 secs] [Times: user=0,07 sys=0,00, real=0,02 secs] 
Heap after GC invocations=22 (full 1):
 par new generation   total 109248K, used 11988K [0x00000000e0000000, 0x00000000e8000000, 0x00000000e8000000)
  eden space 87424K,   0% used [0x00000000e0000000, 0x00000000e0000000, 0x00000000e5560000)
  from space 21824K,  54% used [0x00000000e5560000, 0x00000000e6115340, 0x00000000e6ab0000)
  to   space 21824K,   0% used [0x00000000e6ab0000, 0x00000000e6ab0000, 0x00000000e8000000)
 concurrent mark-sweep generation total 393216K, used 32480K [0x00000000e8000000, 0x0000000100000000, 0x0000000100000000)
 Metaspace       used 31835K, capacity 32546K, committed 32840K, reserved 1079296K
  class space    used 3594K, capacity 3816K, committed 3912K, reserved 1048576K
}
2018-06-19T14:51:20.093+0200: 111,287: Total time for which application threads were stopped: 0,0205070 seconds, Stopping threads took: 0,0000361 seconds
{Heap before GC invocations=22 (full 1):
 par new generation   total 109248K, used 99412K [0x00000000e0000000, 0x00000000e8000000, 0x00000000e8000000)
  eden space 87424K, 100% used [0x00000000e0000000, 0x00000000e5560000, 0x00000000e5560000)
  from space 21824K,  54% used [0x00000000e5560000, 0x00000000e6115340, 0x00000000e6ab0000)
  to   space 21824K,   0% used [0x00000000e6ab0000, 0x00000000e6ab0000, 0x00000000e8000000)
 concurrent mark-sweep generation total 393216K, used 32480K [0x00000000e8000000, 0x0000000100000000, 0x0000000100000000)
 Metaspace       used 31860K, capacity 32616K, committed 32840K, reserved 1079296K
  class space    used 3594K, capacity 3817K, committed 3912K, reserved 1048576K
2018-06-19T14:51:20.190+0200: 111,384: [GC (Allocation Failure) 2018-06-19T14:51:20.190+0200: 111,384: [ParNew
Desired survivor size 20112992 bytes, new threshold 8 (max 8)
- age   1:    2007040 bytes,    2007040 total
- age   2:    1091048 bytes,    3098088 total
- age   3:    1272008 bytes,    4370096 total
- age   4:     922480 bytes,    5292576 total
- age   5:     897192 bytes,    6189768 total
- age   6:    1117880 bytes,    7307648 total
- age   7:     814736 bytes,    8122384 total
- age   8:     314224 bytes,    8436608 total
: 99412K->9232K(109248K), 0,0305568 secs] 131893K->41931K(502464K), 0,0306546 secs] [Times: user=0,11 sys=0,00, real=0,03 secs] 
Heap after GC invocations=23 (full 1):
 par new generation   total 109248K, used 9232K [0x00000000e0000000, 0x00000000e8000000, 0x00000000e8000000)
  eden space 87424K,   0% used [0x00000000e0000000, 0x00000000e0000000, 0x00000000e5560000)
  from space 21824K,  42% used [0x00000000e6ab0000, 0x00000000e73b4168, 0x00000000e8000000)
  to   space 21824K,   0% used [0x00000000e5560000, 0x00000000e5560000, 0x00000000e6ab0000)
 concurrent mark-sweep generation total 393216K, used 32698K [0x00000000e8000000, 0x0000000100000000, 0x0000000100000000)
 Metaspace       used 31860K, capacity 32616K, committed 32840K, reserved 1079296K
  class space    used 3594K, capacity 3817K, committed 3912K, reserved 1048576K
}
2018-06-19T14:51:20.221+0200: 111,415: Total time for which application threads were stopped: 0,0308581 seconds, Stopping threads took: 0,0000328 seconds
2018-06-19T14:51:20.319+0200: 111,513: Total time for which application threads were stopped: 0,0061826 seconds, Stopping threads took: 0,0060564 seconds
2018-06-19T14:51:20.321+0200: 111,516: Total time for which application threads were stopped: 0,0001441 seconds, Stopping threads took: 0,0000349 seconds
2018-06-19T14:51:20.326+0200: 111,520: Total time for which application threads were stopped: 0,0001616 seconds, Stopping threads took: 0,0000652 seconds
2018-06-19T14:51:20.330+0200: 111,524: Total time for which application threads were stopped: 0,0001633 seconds, Stopping threads took: 0,0000508 seconds
2018-06-19T14:51:20.330+0200: 111,524: Total time for which application threads were stopped: 0,0001654 seconds, Stopping threads took: 0,0000700 seconds
2018-06-19T14:51:20.337+0200: 111,531: Total time for which application threads were stopped: 0,0022054 seconds, Stopping threads took: 0,0021071 seconds
{Heap before GC invocations=23 (full 1):
 par new generation   total 109248K, used 96635K [0x00000000e0000000, 0x00000000e8000000, 0x00000000e8000000)
  eden space 87424K,  99% used [0x00000000e0000000, 0x00000000e555ae00, 0x00000000e5560000)
  from space 21824K,  42% used [0x00000000e6ab0000, 0x00000000e73b4168, 0x00000000e8000000)
  to   space 21824K,   0% used [0x00000000e5560000, 0x00000000e5560000, 0x00000000e6ab0000)
 concurrent mark-sweep generation total 393216K, used 32698K [0x00000000e8000000, 0x0000000100000000, 0x0000000100000000)
 Metaspace       used 31872K, capacity 32616K, committed 32840K, reserved 1079296K
  class space    used 3594K, capacity 3817K, committed 3912K, reserved 1048576K
2018-06-19T14:51:20.340+0200: 111,534: [GC (Allocation Failure) 2018-06-19T14:51:20.340+0200: 111,534: [ParNew
Desired survivor size 20112992 bytes, new threshold 8 (max 8)
- age   1:    3536480 bytes,    3536480 total
- age   2:     834664 bytes,    4371144 total
- age   3:    1033688 bytes,    5404832 total
- age   4:     822544 bytes,    6227376 total
- age   5:     865312 bytes,    7092688 total
- age   6:     839880 bytes,    7932568 total
- age   7:    1072248 bytes,    9004816 total
- age   8:     707480 bytes,    9712296 total
: 96635K->12282K(109248K), 0,0171389 secs] 129334K->45288K(502464K), 0,0172174 secs] [Times: user=0,06 sys=0,00, real=0,02 secs] 
Heap after GC invocations=24 (full 1):
 par new generation   total 109248K, used 12282K [0x00000000e0000000, 0x00000000e8000000, 0x00000000e8000000)
  eden space 87424K,   0% used [0x00000000e0000000, 0x00000000e0000000, 0x00000000e5560000)
  from space 21824K,  56% used [0x00000000e5560000, 0x00000000e615e948, 0x00000000e6ab0000)
  to   space 21824K,   0% used [0x00000000e6ab0000, 0x00000000e6ab0000, 0x00000000e8000000)
 concurrent mark-sweep generation total 393216K, used 33006K [0x00000000e8000000, 0x0000000100000000, 0x0000000100000000)
 Metaspace       used 31872K, capacity 32616K, committed 32840K, reserved 1079296K
  class space    used 3594K, capacity 3817K, committed 3912K, reserved 1048576K
}
2018-06-19T14:51:20.357+0200: 111,551: Total time for which application threads were stopped: 0,0194617 seconds, Stopping threads took: 0,0020695 seconds
{Heap before GC invocations=24 (full 1):
 par new generation   total 109248K, used 99706K [0x00000000e0000000, 0x00000000e8000000, 0x00000000e8000000)
  eden space 87424K, 100% used [0x00000000e0000000, 0x00000000e5560000, 0x00000000e5560000)
  from space 21824K,  56% used [0x00000000e5560000, 0x00000000e615e948, 0x00000000e6ab0000)
  to   space 21824K,   0% used [0x00000000e6ab0000, 0x00000000e6ab0000, 0x00000000e8000000)
 concurrent mark-sweep generation total 393216K, used 33006K [0x00000000e8000000, 0x0000000100000000, 0x0000000100000000)
 Metaspace       used 31876K, capacity 32616K, committed 32840K, reserved 1079296K
  class space    used 3594K, capacity 3817K, committed 3912K, reserved 1048576K
2018-06-19T14:51:20.469+0200: 111,663: [GC (Allocation Failure) 2018-06-19T14:51:20.469+0200: 111,663: [ParNew
Desired survivor size 20112992 bytes, new threshold 8 (max 8)
- age   1:    1291232 bytes,    1291232 total
- age   2:    3330312 bytes,    4621544 total
- age   3:     834640 bytes,    5456184 total
- age   4:    1033688 bytes,    6489872 total
- age   5:     822544 bytes,    7312416 total
- age   6:     865312 bytes,    8177728 total
- age   7:     839848 bytes,    9017576 total
- age   8:    1072016 bytes,   10089592 total
: 99706K->13302K(109248K), 0,0079266 secs] 132712K->47004K(502464K), 0,0080109 secs] [Times: user=0,03 sys=0,00, real=0,01 secs] 
Heap after GC invocations=25 (full 1):
 par new generation   total 109248K, used 13302K [0x00000000e0000000, 0x00000000e8000000, 0x00000000e8000000)
  eden space 87424K,   0% used [0x00000000e0000000, 0x00000000e0000000, 0x00000000e5560000)
  from space 21824K,  60% used [0x00000000e6ab0000, 0x00000000e77ad8c0, 0x00000000e8000000)
  to   space 21824K,   0% used [0x00000000e5560000, 0x00000000e5560000, 0x00000000e6ab0000)
 concurrent mark-sweep generation total 393216K, used 33701K [0x00000000e8000000, 0x0000000100000000, 0x0000000100000000)
 Metaspace       used 31876K, capacity 32616K, committed 32840K, reserved 1079296K
  class space    used 3594K, capacity 3817K, committed 3912K, reserved 1048576K
}
2018-06-19T14:51:20.477+0200: 111,671: Total time for which application threads were stopped: 0,0082332 seconds, Stopping threads took: 0,0000625 seconds
{Heap before GC invocations=25 (full 1):
 par new generation   total 109248K, used 100703K [0x00000000e0000000, 0x00000000e8000000, 0x00000000e8000000)
  eden space 87424K,  99% used [0x00000000e0000000, 0x00000000e555a578, 0x00000000e5560000)
  from space 21824K,  60% used [0x00000000e6ab0000, 0x00000000e77ad8c0, 0x00000000e8000000)
  to   space 21824K,   0% used [0x00000000e5560000, 0x00000000e5560000, 0x00000000e6ab0000)
 concurrent mark-sweep generation total 393216K, used 33701K [0x00000000e8000000, 0x0000000100000000, 0x0000000100000000)
 Metaspace       used 31884K, capacity 32616K, committed 32840K, reserved 1079296K
  class space    used 3594K, capacity 3817K, committed 3912K, reserved 1048576K
2018-06-19T14:51:20.564+0200: 111,758: [GC (Allocation Failure) 2018-06-19T14:51:20.564+0200: 111,758: [ParNew
Desired survivor size 20112992 bytes, new threshold 8 (max 8)
- age   1:    1528224 bytes,    1528224 total
- age   2:     875536 bytes,    2403760 total
- age   3:    3329720 bytes,    5733480 total
- age   4:     834640 bytes,    6568120 total
- age   5:    1033688 bytes,    7601808 total
- age   6:     822544 bytes,    8424352 total
- age   7:     865280 bytes,    9289632 total
- age   8:     839616 bytes,   10129248 total
: 100703K->13301K(109248K), 0,0236198 secs] 134405K->48058K(502464K), 0,0237108 secs] [Times: user=0,06 sys=0,01, real=0,02 secs] 
Heap after GC invocations=26 (full 1):
 par new generation   total 109248K, used 13301K [0x00000000e0000000, 0x00000000e8000000, 0x00000000e8000000)
  eden space 87424K,   0% used [0x00000000e0000000, 0x00000000e0000000, 0x00000000e5560000)
  from space 21824K,  60% used [0x00000000e5560000, 0x00000000e625d770, 0x00000000e6ab0000)
  to   space 21824K,   0% used [0x00000000e6ab0000, 0x00000000e6ab0000, 0x00000000e8000000)
 concurrent mark-sweep generation total 393216K, used 34756K [0x00000000e8000000, 0x0000000100000000, 0x0000000100000000)
 Metaspace       used 31884K, capacity 32616K, committed 32840K, reserved 1079296K
  class space    used 3594K, capacity 3817K, committed 3912K, reserved 1048576K
}
2018-06-19T14:51:20.587+0200: 111,782: Total time for which application threads were stopped: 0,0239676 seconds, Stopping threads took: 0,0000605 seconds
{Heap before GC invocations=26 (full 1):
 par new generation   total 109248K, used 100725K [0x00000000e0000000, 0x00000000e8000000, 0x00000000e8000000)
  eden space 87424K, 100% used [0x00000000e0000000, 0x00000000e5560000, 0x00000000e5560000)
  from space 21824K,  60% used [0x00000000e5560000, 0x00000000e625d770, 0x00000000e6ab0000)
  to   space 21824K,   0% used [0x00000000e6ab0000, 0x00000000e6ab0000, 0x00000000e8000000)
 concurrent mark-sweep generation total 393216K, used 34756K [0x00000000e8000000, 0x0000000100000000, 0x0000000100000000)
 Metaspace       used 31891K, capacity 32616K, committed 32840K, reserved 1079296K
  class space    used 3594K, capacity 3817K, committed 3912K, reserved 1048576K
2018-06-19T14:51:20.652+0200: 111,847: [GC (Allocation Failure) 2018-06-19T14:51:20.652+0200: 111,847: [ParNew
Desired survivor size 20112992 bytes, new threshold 8 (max 8)
- age   1:    1305688 bytes,    1305688 total
- age   2:    1014016 bytes,    2319704 total
- age   3:     826312 bytes,    3146016 total
- age   4:    3329720 bytes,    6475736 total
- age   5:     834640 bytes,    7310376 total
- age   6:    1033688 bytes,    8344064 total
- age   7:     822512 bytes,    9166576 total
- age   8:     865048 bytes,   10031624 total
: 100725K->12968K(109248K), 0,0135549 secs] 135482K->48554K(502464K), 0,0136464 secs] [Times: user=0,05 sys=0,00, real=0,01 secs] 
Heap after GC invocations=27 (full 1):
 par new generation   total 109248K, used 12968K [0x00000000e0000000, 0x00000000e8000000, 0x00000000e8000000)
  eden space 87424K,   0% used [0x00000000e0000000, 0x00000000e0000000, 0x00000000e5560000)
  from space 21824K,  59% used [0x00000000e6ab0000, 0x00000000e775a260, 0x00000000e8000000)
  to   space 21824K,   0% used [0x00000000e5560000, 0x00000000e5560000, 0x00000000e6ab0000)
 concurrent mark-sweep generation total 393216K, used 35586K [0x00000000e8000000, 0x0000000100000000, 0x0000000100000000)
 Metaspace       used 31891K, capacity 32616K, committed 32840K, reserved 1079296K
  class space    used 3594K, capacity 3817K, committed 3912K, reserved 1048576K
}
2018-06-19T14:51:20.666+0200: 111,860: Total time for which application threads were stopped: 0,0139292 seconds, Stopping threads took: 0,0000567 seconds
{Heap before GC invocations=27 (full 1):
 par new generation   total 109248K, used 100371K [0x00000000e0000000, 0x00000000e8000000, 0x00000000e8000000)
  eden space 87424K,  99% used [0x00000000e0000000, 0x00000000e555aad0, 0x00000000e5560000)
  from space 21824K,  59% used [0x00000000e6ab0000, 0x00000000e775a260, 0x00000000e8000000)
  to   space 21824K,   0% used [0x00000000e5560000, 0x00000000e5560000, 0x00000000e6ab0000)
 concurrent mark-sweep generation total 393216K, used 35586K [0x00000000e8000000, 0x0000000100000000, 0x0000000100000000)
 Metaspace       used 31900K, capacity 32622K, committed 32840K, reserved 1079296K
  class space    used 3595K, capacity 3818K, committed 3912K, reserved 1048576K
2018-06-19T14:51:20.749+0200: 111,943: [GC (Allocation Failure) 2018-06-19T14:51:20.749+0200: 111,943: [ParNew
Desired survivor size 20112992 bytes, new threshold 8 (max 8)
- age   1:    1777320 bytes,    1777320 total
- age   2:     705976 bytes,    2483296 total
- age   3:     840408 bytes,    3323704 total
- age   4:     825824 bytes,    4149528 total
- age   5:    2945688 bytes,    7095216 total
- age   6:     683400 bytes,    7778616 total
- age   7:     880744 bytes,    8659360 total
- age   8:     671192 bytes,    9330552 total
: 100371K->13669K(109248K), 0,0163270 secs] 135957K->49952K(502464K), 0,0165381 secs] [Times: user=0,04 sys=0,00, real=0,02 secs] 
Heap after GC invocations=28 (full 1):
 par new generation   total 109248K, used 13669K [0x00000000e0000000, 0x00000000e8000000, 0x00000000e8000000)
  eden space 87424K,   0% used [0x00000000e0000000, 0x00000000e0000000, 0x00000000e5560000)
  from space 21824K,  62% used [0x00000000e5560000, 0x00000000e62b9430, 0x00000000e6ab0000)
  to   space 21824K,   0% used [0x00000000e6ab0000, 0x00000000e6ab0000, 0x00000000e8000000)
 concurrent mark-sweep generation total 393216K, used 36283K [0x00000000e8000000, 0x0000000100000000, 0x0000000100000000)
 Metaspace       used 31900K, capacity 32622K, committed 32840K, reserved 1079296K
  class space    used 3595K, capacity 3818K, committed 3912K, reserved 1048576K
}
2018-06-19T14:51:20.766+0200: 111,960: Total time for which application threads were stopped: 0,0169074 seconds, Stopping threads took: 0,0000340 seconds
{Heap before GC invocations=28 (full 1):
 par new generation   total 109248K, used 101093K [0x00000000e0000000, 0x00000000e8000000, 0x00000000e8000000)
  eden space 87424K, 100% used [0x00000000e0000000, 0x00000000e5560000, 0x00000000e5560000)
  from space 21824K,  62% used [0x00000000e5560000, 0x00000000e62b9430, 0x00000000e6ab0000)
  to   space 21824K,   0% used [0x00000000e6ab0000, 0x00000000e6ab0000, 0x00000000e8000000)
 concurrent mark-sweep generation total 393216K, used 36283K [0x00000000e8000000, 0x0000000100000000, 0x0000000100000000)
 Metaspace       used 31900K, capacity 32622K, committed 32840K, reserved 1079296K
  class space    used 3595K, capacity 3818K, committed 3912K, reserved 1048576K
2018-06-19T14:51:20.818+0200: 112,012: [GC (Allocation Failure) 2018-06-19T14:51:20.818+0200: 112,012: [ParNew
Desired survivor size 20112992 bytes, new threshold 8 (max 8)
- age   1:    1805656 bytes,    1805656 total
- age   2:    1103304 bytes,    2908960 total
- age   3:     705952 bytes,    3614912 total
- age   4:     742056 bytes,    4356968 total
- age   5:     825824 bytes,    5182792 total
- age   6:    2945688 bytes,    8128480 total
- age   7:     683368 bytes,    8811848 total
- age   8:     880512 bytes,    9692360 total
: 101093K->12813K(109248K), 0,0114737 secs] 137376K->49754K(502464K), 0,0115478 secs] [Times: user=0,04 sys=0,00, real=0,01 secs] 
Heap after GC invocations=29 (full 1):
 par new generation   total 109248K, used 12813K [0x00000000e0000000, 0x00000000e8000000, 0x00000000e8000000)
  eden space 87424K,   0% used [0x00000000e0000000, 0x00000000e0000000, 0x00000000e5560000)
  from space 21824K,  58% used [0x00000000e6ab0000, 0x00000000e7733788, 0x00000000e8000000)
  to   space 21824K,   0% used [0x00000000e5560000, 0x00000000e5560000, 0x00000000e6ab0000)
 concurrent mark-sweep generation total 393216K, used 36940K [0x00000000e8000000, 0x0000000100000000, 0x0000000100000000)
 Metaspace       used 31900K, capacity 32622K, committed 32840K, reserved 1079296K
  class space    used 3595K, capacity 3818K, committed 3912K, reserved 1048576K
}
2018-06-19T14:51:20.830+0200: 112,024: Total time for which application threads were stopped: 0,0117806 seconds, Stopping threads took: 0,0000586 seconds
{Heap before GC invocations=29 (full 1):
 par new generation   total 109248K, used 100237K [0x00000000e0000000, 0x00000000e8000000, 0x00000000e8000000)
  eden space 87424K, 100% used [0x00000000e0000000, 0x00000000e5560000, 0x00000000e5560000)
  from space 21824K,  58% used [0x00000000e6ab0000, 0x00000000e7733788, 0x00000000e8000000)
  to   space 21824K,   0% used [0x00000000e5560000, 0x00000000e5560000, 0x00000000e6ab0000)
 concurrent mark-sweep generation total 393216K, used 36940K [0x00000000e8000000, 0x0000000100000000, 0x0000000100000000)
 Metaspace       used 31903K, capacity 32622K, committed 32840K, reserved 1079296K
  class space    used 3595K, capacity 3818K, committed 3912K, reserved 1048576K
2018-06-19T14:51:20.884+0200: 112,078: [GC (Allocation Failure) 2018-06-19T14:51:20.884+0200: 112,078: [ParNew
Desired survivor size 20112992 bytes, new threshold 8 (max 8)
- age   1:    1736616 bytes,    1736616 total
- age   2:    1173760 bytes,    2910376 total
- age   3:    1101800 bytes,    4012176 total
- age   4:     607600 bytes,    4619776 total
- age   5:     742056 bytes,    5361832 total
- age   6:     825824 bytes,    6187656 total
- age   7:    2945688 bytes,    9133344 total
- age   8:     683104 bytes,    9816448 total
: 100237K->12964K(109248K), 0,0083690 secs] 137178K->50765K(502464K), 0,0084662 secs] [Times: user=0,03 sys=0,00, real=0,01 secs] 
Heap after GC invocations=30 (full 1):
 par new generation   total 109248K, used 12964K [0x00000000e0000000, 0x00000000e8000000, 0x00000000e8000000)
  eden space 87424K,   0% used [0x00000000e0000000, 0x00000000e0000000, 0x00000000e5560000)
  from space 21824K,  59% used [0x00000000e5560000, 0x00000000e62091c8, 0x00000000e6ab0000)
  to   space 21824K,   0% used [0x00000000e6ab0000, 0x00000000e6ab0000, 0x00000000e8000000)
 concurrent mark-sweep generation total 393216K, used 37801K [0x00000000e8000000, 0x0000000100000000, 0x0000000100000000)
 Metaspace       used 31903K, capacity 32622K, committed 32840K, reserved 1079296K
  class space    used 3595K, capacity 3818K, committed 3912K, reserved 1048576K
}
2018-06-19T14:51:20.892+0200: 112,086: Total time for which application threads were stopped: 0,0086979 seconds, Stopping threads took: 0,0000655 seconds
2018-06-19T14:51:21.173+0200: 112,367: Total time for which application threads were stopped: 0,0002076 seconds, Stopping threads took: 0,0000375 seconds
2018-06-19T14:51:21.173+0200: 112,367: Total time for which application threads were stopped: 0,0000902 seconds, Stopping threads took: 0,0000302 seconds
2018-06-19T14:51:21.173+0200: 112,367: Total time for which application threads were stopped: 0,0000766 seconds, Stopping threads took: 0,0000245 seconds
2018-06-19T14:51:21.177+0200: 112,371: Total time for which application threads were stopped: 0,0001575 seconds, Stopping threads took: 0,0000637 seconds
2018-06-19T14:51:21.177+0200: 112,371: Total time for which application threads were stopped: 0,0000835 seconds, Stopping threads took: 0,0000244 seconds
2018-06-19T14:51:21.197+0200: 112,391: Total time for which application threads were stopped: 0,0001685 seconds, Stopping threads took: 0,0000585 seconds
2018-06-19T14:51:21.197+0200: 112,391: Total time for which application threads were stopped: 0,0000954 seconds, Stopping threads took: 0,0000317 seconds
2018-06-19T14:51:21.197+0200: 112,391: Total time for which application threads were stopped: 0,0000802 seconds, Stopping threads took: 0,0000285 seconds
2018-06-19T14:51:21.197+0200: 112,391: Total time for which application threads were stopped: 0,0002010 seconds, Stopping threads took: 0,0000233 seconds
2018-06-19T14:51:21.630+0200: 112,824: Total time for which application threads were stopped: 0,0001766 seconds, Stopping threads took: 0,0000892 seconds
2018-06-19T14:51:21.630+0200: 112,824: Total time for which application threads were stopped: 0,0001510 seconds, Stopping threads took: 0,0000944 seconds
2018-06-19T14:51:21.630+0200: 112,824: Total time for which application threads were stopped: 0,0000668 seconds, Stopping threads took: 0,0000330 seconds
2018-06-19T14:51:21.632+0200: 112,826: Total time for which application threads were stopped: 0,0001974 seconds, Stopping threads took: 0,0001202 seconds
2018-06-19T14:51:21.632+0200: 112,826: Total time for which application threads were stopped: 0,0001615 seconds, Stopping threads took: 0,0001052 seconds
2018-06-19T14:51:21.633+0200: 112,827: Total time for which application threads were stopped: 0,0000901 seconds, Stopping threads took: 0,0000367 seconds
2018-06-19T14:51:22.633+0200: 113,827: Total time for which application threads were stopped: 0,0000951 seconds, Stopping threads took: 0,0000219 seconds
2018-06-19T14:51:27.634+0200: 118,828: Total time for which application threads were stopped: 0,0001842 seconds, Stopping threads took: 0,0000466 seconds
2018-06-19T14:51:31.635+0200: 122,829: Total time for which application threads were stopped: 0,0000977 seconds, Stopping threads took: 0,0000370 seconds
2018-06-19T14:51:32.655+0200: 123,849: Total time for which application threads were stopped: 0,0024335 seconds, Stopping threads took: 0,0001188 seconds
2018-06-19T14:51:32.656+0200: 123,850: Total time for which application threads were stopped: 0,0004915 seconds, Stopping threads took: 0,0000134 seconds
2018-06-19T14:51:32.669+0200: 123,863: Total time for which application threads were stopped: 0,0013847 seconds, Stopping threads took: 0,0012605 seconds
{Heap before GC invocations=30 (full 1):
 par new generation   total 109248K, used 100388K [0x00000000e0000000, 0x00000000e8000000, 0x00000000e8000000)
  eden space 87424K, 100% used [0x00000000e0000000, 0x00000000e5560000, 0x00000000e5560000)
  from space 21824K,  59% used [0x00000000e5560000, 0x00000000e62091c8, 0x00000000e6ab0000)
  to   space 21824K,   0% used [0x00000000e6ab0000, 0x00000000e6ab0000, 0x00000000e8000000)
 concurrent mark-sweep generation total 393216K, used 37801K [0x00000000e8000000, 0x0000000100000000, 0x0000000100000000)
 Metaspace       used 31991K, capacity 32766K, committed 33096K, reserved 1079296K
  class space    used 3602K, capacity 3820K, committed 3912K, reserved 1048576K
2018-06-19T14:51:32.679+0200: 123,873: [GC (Allocation Failure) 2018-06-19T14:51:32.679+0200: 123,873: [ParNew
Desired survivor size 20112992 bytes, new threshold 8 (max 8)
- age   1:     201336 bytes,     201336 total
- age   2:      86376 bytes,     287712 total
- age   3:      89840 bytes,     377552 total
- age   4:     165952 bytes,     543504 total
- age   5:      57856 bytes,     601360 total
- age   6:      96072 bytes,     697432 total
- age   7:      81064 bytes,     778496 total
- age   8:    2510400 bytes,    3288896 total
: 100388K->5966K(109248K), 0,0285315 secs] 138189K->44436K(502464K), 0,0286188 secs] [Times: user=0,04 sys=0,00, real=0,03 secs] 
Heap after GC invocations=31 (full 1):
 par new generation   total 109248K, used 5966K [0x00000000e0000000, 0x00000000e8000000, 0x00000000e8000000)
  eden space 87424K,   0% used [0x00000000e0000000, 0x00000000e0000000, 0x00000000e5560000)
  from space 21824K,  27% used [0x00000000e6ab0000, 0x00000000e7083b80, 0x00000000e8000000)
  to   space 21824K,   0% used [0x00000000e5560000, 0x00000000e5560000, 0x00000000e6ab0000)
 concurrent mark-sweep generation total 393216K, used 38470K [0x00000000e8000000, 0x0000000100000000, 0x0000000100000000)
 Metaspace       used 31991K, capacity 32766K, committed 33096K, reserved 1079296K
  class space    used 3602K, capacity 3820K, committed 3912K, reserved 1048576K
}
2018-06-19T14:51:32.708+0200: 123,902: Total time for which application threads were stopped: 0,0299885 seconds, Stopping threads took: 0,0011644 seconds
2018-06-19T14:51:32.709+0200: 123,904: Total time for which application threads were stopped: 0,0001861 seconds, Stopping threads took: 0,0000755 seconds
2018-06-19T14:51:32.710+0200: 123,904: Total time for which application threads were stopped: 0,0001571 seconds, Stopping threads took: 0,0000634 seconds
2018-06-19T14:51:32.712+0200: 123,906: Total time for which application threads were stopped: 0,0006229 seconds, Stopping threads took: 0,0005471 seconds
2018-06-19T14:51:32.715+0200: 123,909: Total time for which application threads were stopped: 0,0001161 seconds, Stopping threads took: 0,0000299 seconds
2018-06-19T14:51:32.716+0200: 123,910: Total time for which application threads were stopped: 0,0001189 seconds, Stopping threads took: 0,0000293 seconds
2018-06-19T14:51:32.719+0200: 123,913: Total time for which application threads were stopped: 0,0001590 seconds, Stopping threads took: 0,0000329 seconds
2018-06-19T14:51:32.720+0200: 123,914: Total time for which application threads were stopped: 0,0002021 seconds, Stopping threads took: 0,0000766 seconds
2018-06-19T14:51:32.721+0200: 123,915: Total time for which application threads were stopped: 0,0001759 seconds, Stopping threads took: 0,0000468 seconds
2018-06-19T14:51:32.721+0200: 123,916: Total time for which application threads were stopped: 0,0001612 seconds, Stopping threads took: 0,0000590 seconds
2018-06-19T14:51:32.722+0200: 123,916: Total time for which application threads were stopped: 0,0000847 seconds, Stopping threads took: 0,0000192 seconds
2018-06-19T14:51:32.726+0200: 123,920: Total time for which application threads were stopped: 0,0043841 seconds, Stopping threads took: 0,0037963 seconds
2018-06-19T14:51:32.727+0200: 123,921: Total time for which application threads were stopped: 0,0006523 seconds, Stopping threads took: 0,0001573 seconds
2018-06-19T14:51:32.728+0200: 123,922: Total time for which application threads were stopped: 0,0005291 seconds, Stopping threads took: 0,0001350 seconds
2018-06-19T14:51:32.729+0200: 123,923: Total time for which application threads were stopped: 0,0000986 seconds, Stopping threads took: 0,0000213 seconds
2018-06-19T14:51:32.730+0200: 123,924: Total time for which application threads were stopped: 0,0001578 seconds, Stopping threads took: 0,0000480 seconds
2018-06-19T14:51:32.733+0200: 123,927: Total time for which application threads were stopped: 0,0001887 seconds, Stopping threads took: 0,0000846 seconds
2018-06-19T14:51:32.734+0200: 123,929: Total time for which application threads were stopped: 0,0004037 seconds, Stopping threads took: 0,0003082 seconds
2018-06-19T14:51:32.735+0200: 123,929: Total time for which application threads were stopped: 0,0001568 seconds, Stopping threads took: 0,0000572 seconds
2018-06-19T14:51:32.737+0200: 123,931: Total time for which application threads were stopped: 0,0001220 seconds, Stopping threads took: 0,0000310 seconds
2018-06-19T14:51:32.737+0200: 123,932: Total time for which application threads were stopped: 0,0001498 seconds, Stopping threads took: 0,0000598 seconds
2018-06-19T14:51:32.738+0200: 123,932: Total time for which application threads were stopped: 0,0001314 seconds, Stopping threads took: 0,0000591 seconds
2018-06-19T14:51:32.738+0200: 123,933: Total time for which application threads were stopped: 0,0001057 seconds, Stopping threads took: 0,0000332 seconds
2018-06-19T14:51:32.739+0200: 123,933: Total time for which application threads were stopped: 0,0000826 seconds, Stopping threads took: 0,0000160 seconds
2018-06-19T14:51:32.742+0200: 123,936: Total time for which application threads were stopped: 0,0007220 seconds, Stopping threads took: 0,0000406 seconds
2018-06-19T14:51:32.742+0200: 123,936: Total time for which application threads were stopped: 0,0001456 seconds, Stopping threads took: 0,0000444 seconds
2018-06-19T14:51:32.745+0200: 123,939: Total time for which application threads were stopped: 0,0006727 seconds, Stopping threads took: 0,0000435 seconds
2018-06-19T14:51:32.747+0200: 123,942: Total time for which application threads were stopped: 0,0009627 seconds, Stopping threads took: 0,0005437 seconds
2018-06-19T14:51:32.749+0200: 123,943: Total time for which application threads were stopped: 0,0006955 seconds, Stopping threads took: 0,0002537 seconds
2018-06-19T14:51:32.750+0200: 123,945: Total time for which application threads were stopped: 0,0010491 seconds, Stopping threads took: 0,0000770 seconds
2018-06-19T14:51:32.754+0200: 123,948: Total time for which application threads were stopped: 0,0011568 seconds, Stopping threads took: 0,0010564 seconds
2018-06-19T14:51:32.757+0200: 123,951: Total time for which application threads were stopped: 0,0001380 seconds, Stopping threads took: 0,0000474 seconds
2018-06-19T14:51:32.763+0200: 123,958: Total time for which application threads were stopped: 0,0001772 seconds, Stopping threads took: 0,0000433 seconds
2018-06-19T14:51:32.764+0200: 123,959: Total time for which application threads were stopped: 0,0001962 seconds, Stopping threads took: 0,0000826 seconds
2018-06-19T14:51:32.765+0200: 123,959: Total time for which application threads were stopped: 0,0001288 seconds, Stopping threads took: 0,0000678 seconds
2018-06-19T14:51:32.772+0200: 123,966: Total time for which application threads were stopped: 0,0001285 seconds, Stopping threads took: 0,0000238 seconds
Heap
 par new generation   total 109248K, used 11567K [0x00000000e0000000, 0x00000000e8000000, 0x00000000e8000000)
  eden space 87424K,   6% used [0x00000000e0000000, 0x00000000e05780a8, 0x00000000e5560000)
  from space 21824K,  27% used [0x00000000e6ab0000, 0x00000000e7083b80, 0x00000000e8000000)
  to   space 21824K,   0% used [0x00000000e5560000, 0x00000000e5560000, 0x00000000e6ab0000)
 concurrent mark-sweep generation total 393216K, used 38470K [0x00000000e8000000, 0x0000000100000000, 0x0000000100000000)
 Metaspace       used 32033K, capacity 32770K, committed 33096K, reserved 1079296K
  class space    used 3606K, capacity 3820K, committed 3912K, reserved 1048576K
