OpenJDK 64-Bit Server VM (25.171-b11) for linux-amd64 JRE (1.8.0_171-8u171-b11-0ubuntu0.16.04.1-b11), built on Apr 27 2018 17:19:03 by "buildd" with gcc 5.4.0 20160609
Memory: 4k page, physical 7867600k(1027556k free), swap 8076284k(8076284k free)
CommandLine flags: -XX:CMSInitiatingOccupancyFraction=50 -XX:CMSMaxAbortablePrecleanTime=6000 -XX:+CMSParallelRemarkEnabled -XX:+CMSScavengeBeforeRemark -XX:ConcGCThreads=4 -XX:InitialHeapSize=536870912 -XX:MaxHeapSize=536870912 -XX:MaxTenuringThreshold=8 -XX:NewRatio=3 -XX:OldPLABSize=16 -XX:OnOutOfMemoryError=/home/gurnoor/workspace/QTM/solr/bin/oom_solr.sh 8983 /home/gurnoor/workspace/QTM/solr/server/logs -XX:ParallelGCThreads=4 -XX:+ParallelRefProcEnabled -XX:PretenureSizeThreshold=67108864 -XX:+PrintGC -XX:+PrintGCApplicationStoppedTime -XX:+PrintGCDateStamps -XX:+PrintGCDetails -XX:+PrintGCTimeStamps -XX:+PrintHeapAtGC -XX:+PrintTenuringDistribution -XX:SurvivorRatio=4 -XX:TargetSurvivorRatio=90 -XX:ThreadStackSize=256 -XX:+UseCMSInitiatingOccupancyOnly -XX:+UseCompressedClassPointers -XX:+UseCompressedOops -XX:+UseConcMarkSweepGC -XX:+UseParNewGC 
2018-06-19T11:39:54.396+0200: 0,248: Total time for which application threads were stopped: 0,0002140 seconds, Stopping threads took: 0,0000183 seconds
2018-06-19T11:39:54.521+0200: 0,372: Total time for which application threads were stopped: 0,0001383 seconds, Stopping threads took: 0,0000340 seconds
2018-06-19T11:39:54.546+0200: 0,398: Total time for which application threads were stopped: 0,0000899 seconds, Stopping threads took: 0,0000168 seconds
2018-06-19T11:39:54.780+0200: 0,632: Total time for which application threads were stopped: 0,0001880 seconds, Stopping threads took: 0,0000279 seconds
2018-06-19T11:39:55.080+0200: 0,931: Total time for which application threads were stopped: 0,0007188 seconds, Stopping threads took: 0,0000662 seconds
2018-06-19T11:39:55.150+0200: 1,002: Total time for which application threads were stopped: 0,0001556 seconds, Stopping threads took: 0,0000235 seconds
2018-06-19T11:39:55.166+0200: 1,017: Total time for which application threads were stopped: 0,0002293 seconds, Stopping threads took: 0,0000843 seconds
2018-06-19T11:39:55.389+0200: 1,241: Total time for which application threads were stopped: 0,0001850 seconds, Stopping threads took: 0,0000229 seconds
2018-06-19T11:39:55.561+0200: 1,412: Total time for which application threads were stopped: 0,0002839 seconds, Stopping threads took: 0,0000275 seconds
2018-06-19T11:39:55.585+0200: 1,437: Total time for which application threads were stopped: 0,0002039 seconds, Stopping threads took: 0,0000215 seconds
2018-06-19T11:39:55.612+0200: 1,463: Total time for which application threads were stopped: 0,0002708 seconds, Stopping threads took: 0,0000263 seconds
2018-06-19T11:39:55.613+0200: 1,465: Total time for which application threads were stopped: 0,0002365 seconds, Stopping threads took: 0,0000285 seconds
2018-06-19T11:39:55.626+0200: 1,478: Total time for which application threads were stopped: 0,0002170 seconds, Stopping threads took: 0,0000213 seconds
2018-06-19T11:39:55.714+0200: 1,566: Total time for which application threads were stopped: 0,0002651 seconds, Stopping threads took: 0,0000223 seconds
2018-06-19T11:39:55.903+0200: 1,754: Total time for which application threads were stopped: 0,0002979 seconds, Stopping threads took: 0,0000568 seconds
{Heap before GC invocations=0 (full 0):
 par new generation   total 109248K, used 87424K [0x00000000e0000000, 0x00000000e8000000, 0x00000000e8000000)
  eden space 87424K, 100% used [0x00000000e0000000, 0x00000000e5560000, 0x00000000e5560000)
  from space 21824K,   0% used [0x00000000e5560000, 0x00000000e5560000, 0x00000000e6ab0000)
  to   space 21824K,   0% used [0x00000000e6ab0000, 0x00000000e6ab0000, 0x00000000e8000000)
 concurrent mark-sweep generation total 393216K, used 0K [0x00000000e8000000, 0x0000000100000000, 0x0000000100000000)
 Metaspace       used 18136K, capacity 18472K, committed 18688K, reserved 1064960K
  class space    used 2045K, capacity 2198K, committed 2304K, reserved 1048576K
2018-06-19T11:39:55.996+0200: 1,848: [GC (Allocation Failure) 2018-06-19T11:39:55.996+0200: 1,848: [ParNew
Desired survivor size 20112992 bytes, new threshold 8 (max 8)
- age   1:   12579904 bytes,   12579904 total
: 87424K->12397K(109248K), 0,0139011 secs] 87424K->12397K(502464K), 0,0139646 secs] [Times: user=0,04 sys=0,01, real=0,01 secs] 
Heap after GC invocations=1 (full 0):
 par new generation   total 109248K, used 12397K [0x00000000e0000000, 0x00000000e8000000, 0x00000000e8000000)
  eden space 87424K,   0% used [0x00000000e0000000, 0x00000000e0000000, 0x00000000e5560000)
  from space 21824K,  56% used [0x00000000e6ab0000, 0x00000000e76cb590, 0x00000000e8000000)
  to   space 21824K,   0% used [0x00000000e5560000, 0x00000000e5560000, 0x00000000e6ab0000)
 concurrent mark-sweep generation total 393216K, used 0K [0x00000000e8000000, 0x0000000100000000, 0x0000000100000000)
 Metaspace       used 18136K, capacity 18472K, committed 18688K, reserved 1064960K
  class space    used 2045K, capacity 2198K, committed 2304K, reserved 1048576K
}
2018-06-19T11:39:56.010+0200: 1,862: Total time for which application threads were stopped: 0,0142308 seconds, Stopping threads took: 0,0000412 seconds
2018-06-19T11:39:56.273+0200: 2,125: Total time for which application threads were stopped: 0,0003982 seconds, Stopping threads took: 0,0000524 seconds
2018-06-19T11:39:56.326+0200: 2,177: Total time for which application threads were stopped: 0,0009736 seconds, Stopping threads took: 0,0005271 seconds
{Heap before GC invocations=1 (full 0):
 par new generation   total 109248K, used 99821K [0x00000000e0000000, 0x00000000e8000000, 0x00000000e8000000)
  eden space 87424K, 100% used [0x00000000e0000000, 0x00000000e5560000, 0x00000000e5560000)
  from space 21824K,  56% used [0x00000000e6ab0000, 0x00000000e76cb590, 0x00000000e8000000)
  to   space 21824K,   0% used [0x00000000e5560000, 0x00000000e5560000, 0x00000000e6ab0000)
 concurrent mark-sweep generation total 393216K, used 0K [0x00000000e8000000, 0x0000000100000000, 0x0000000100000000)
 Metaspace       used 20110K, capacity 20486K, committed 20736K, reserved 1067008K
  class space    used 2296K, capacity 2467K, committed 2560K, reserved 1048576K
2018-06-19T11:39:56.333+0200: 2,185: [GC (Allocation Failure) 2018-06-19T11:39:56.333+0200: 2,185: [ParNew
Desired survivor size 20112992 bytes, new threshold 8 (max 8)
- age   1:    2871536 bytes,    2871536 total
- age   2:    6477288 bytes,    9348824 total
: 99821K->13467K(109248K), 0,0258432 secs] 99821K->13467K(502464K), 0,0259098 secs] [Times: user=0,07 sys=0,00, real=0,02 secs] 
Heap after GC invocations=2 (full 0):
 par new generation   total 109248K, used 13467K [0x00000000e0000000, 0x00000000e8000000, 0x00000000e8000000)
  eden space 87424K,   0% used [0x00000000e0000000, 0x00000000e0000000, 0x00000000e5560000)
  from space 21824K,  61% used [0x00000000e5560000, 0x00000000e6286dd0, 0x00000000e6ab0000)
  to   space 21824K,   0% used [0x00000000e6ab0000, 0x00000000e6ab0000, 0x00000000e8000000)
 concurrent mark-sweep generation total 393216K, used 0K [0x00000000e8000000, 0x0000000100000000, 0x0000000100000000)
 Metaspace       used 20110K, capacity 20486K, committed 20736K, reserved 1067008K
  class space    used 2296K, capacity 2467K, committed 2560K, reserved 1048576K
}
2018-06-19T11:39:56.359+0200: 2,211: Total time for which application threads were stopped: 0,0274421 seconds, Stopping threads took: 0,0013836 seconds
2018-06-19T11:39:56.396+0200: 2,248: Total time for which application threads were stopped: 0,0006040 seconds, Stopping threads took: 0,0003037 seconds
2018-06-19T11:39:56.524+0200: 2,376: Total time for which application threads were stopped: 0,0036828 seconds, Stopping threads took: 0,0035536 seconds
{Heap before GC invocations=2 (full 0):
 par new generation   total 109248K, used 100891K [0x00000000e0000000, 0x00000000e8000000, 0x00000000e8000000)
  eden space 87424K, 100% used [0x00000000e0000000, 0x00000000e5560000, 0x00000000e5560000)
  from space 21824K,  61% used [0x00000000e5560000, 0x00000000e6286dd0, 0x00000000e6ab0000)
  to   space 21824K,   0% used [0x00000000e6ab0000, 0x00000000e6ab0000, 0x00000000e8000000)
 concurrent mark-sweep generation total 393216K, used 0K [0x00000000e8000000, 0x0000000100000000, 0x0000000100000000)
 Metaspace       used 21045K, capacity 21350K, committed 21628K, reserved 1069056K
  class space    used 2423K, capacity 2587K, committed 2684K, reserved 1048576K
2018-06-19T11:39:56.575+0200: 2,427: [GC (Allocation Failure) 2018-06-19T11:39:56.575+0200: 2,427: [ParNew
Desired survivor size 20112992 bytes, new threshold 8 (max 8)
- age   1:    2257688 bytes,    2257688 total
- age   2:     508176 bytes,    2765864 total
- age   3:    6473456 bytes,    9239320 total
: 100891K->12032K(109248K), 0,0109996 secs] 100891K->12032K(502464K), 0,0110752 secs] [Times: user=0,04 sys=0,00, real=0,01 secs] 
Heap after GC invocations=3 (full 0):
 par new generation   total 109248K, used 12032K [0x00000000e0000000, 0x00000000e8000000, 0x00000000e8000000)
  eden space 87424K,   0% used [0x00000000e0000000, 0x00000000e0000000, 0x00000000e5560000)
  from space 21824K,  55% used [0x00000000e6ab0000, 0x00000000e7670010, 0x00000000e8000000)
  to   space 21824K,   0% used [0x00000000e5560000, 0x00000000e5560000, 0x00000000e6ab0000)
 concurrent mark-sweep generation total 393216K, used 0K [0x00000000e8000000, 0x0000000100000000, 0x0000000100000000)
 Metaspace       used 21045K, capacity 21350K, committed 21628K, reserved 1069056K
  class space    used 2423K, capacity 2587K, committed 2684K, reserved 1048576K
}
2018-06-19T11:39:56.587+0200: 2,438: Total time for which application threads were stopped: 0,0112878 seconds, Stopping threads took: 0,0000843 seconds
2018-06-19T11:39:56.588+0200: 2,439: [GC (CMS Initial Mark) [1 CMS-initial-mark: 0K(393216K)] 12712K(502464K), 0,0037184 secs] [Times: user=0,01 sys=0,00, real=0,00 secs] 
2018-06-19T11:39:56.591+0200: 2,443: Total time for which application threads were stopped: 0,0039173 seconds, Stopping threads took: 0,0000906 seconds
2018-06-19T11:39:56.591+0200: 2,443: [CMS-concurrent-mark-start]
2018-06-19T11:39:56.592+0200: 2,444: [CMS-concurrent-mark: 0,001/0,001 secs] [Times: user=0,01 sys=0,00, real=0,01 secs] 
2018-06-19T11:39:56.592+0200: 2,444: [CMS-concurrent-preclean-start]
2018-06-19T11:39:56.593+0200: 2,445: [CMS-concurrent-preclean: 0,001/0,001 secs] [Times: user=0,00 sys=0,00, real=0,00 secs] 
2018-06-19T11:39:56.593+0200: 2,445: [CMS-concurrent-abortable-preclean-start]
2018-06-19T11:39:56.662+0200: 2,514: Total time for which application threads were stopped: 0,0001962 seconds, Stopping threads took: 0,0001074 seconds
2018-06-19T11:39:56.667+0200: 2,519: Total time for which application threads were stopped: 0,0003663 seconds, Stopping threads took: 0,0000298 seconds
{Heap before GC invocations=3 (full 1):
 par new generation   total 109248K, used 99456K [0x00000000e0000000, 0x00000000e8000000, 0x00000000e8000000)
  eden space 87424K, 100% used [0x00000000e0000000, 0x00000000e5560000, 0x00000000e5560000)
  from space 21824K,  55% used [0x00000000e6ab0000, 0x00000000e7670010, 0x00000000e8000000)
  to   space 21824K,   0% used [0x00000000e5560000, 0x00000000e5560000, 0x00000000e6ab0000)
 concurrent mark-sweep generation total 393216K, used 0K [0x00000000e8000000, 0x0000000100000000, 0x0000000100000000)
 Metaspace       used 21339K, capacity 21684K, committed 21884K, reserved 1069056K
  class space    used 2453K, capacity 2601K, committed 2684K, reserved 1048576K
2018-06-19T11:39:56.753+0200: 2,605: [GC (Allocation Failure) 2018-06-19T11:39:56.753+0200: 2,605: [ParNew
Desired survivor size 20112992 bytes, new threshold 8 (max 8)
- age   1:    1213152 bytes,    1213152 total
- age   2:    1007840 bytes,    2220992 total
- age   3:     473320 bytes,    2694312 total
- age   4:    6199976 bytes,    8894288 total
: 99456K->10620K(109248K), 0,0094315 secs] 99456K->10620K(502464K), 0,0095277 secs] [Times: user=0,03 sys=0,00, real=0,00 secs] 
Heap after GC invocations=4 (full 1):
 par new generation   total 109248K, used 10620K [0x00000000e0000000, 0x00000000e8000000, 0x00000000e8000000)
  eden space 87424K,   0% used [0x00000000e0000000, 0x00000000e0000000, 0x00000000e5560000)
  from space 21824K,  48% used [0x00000000e5560000, 0x00000000e5fbf3f0, 0x00000000e6ab0000)
  to   space 21824K,   0% used [0x00000000e6ab0000, 0x00000000e6ab0000, 0x00000000e8000000)
 concurrent mark-sweep generation total 393216K, used 0K [0x00000000e8000000, 0x0000000100000000, 0x0000000100000000)
 Metaspace       used 21339K, capacity 21684K, committed 21884K, reserved 1069056K
  class space    used 2453K, capacity 2601K, committed 2684K, reserved 1048576K
}
2018-06-19T11:39:56.763+0200: 2,615: Total time for which application threads were stopped: 0,0098929 seconds, Stopping threads took: 0,0001185 seconds
2018-06-19T11:39:56.763+0200: 2,615: [CMS-concurrent-abortable-preclean: 0,125/0,170 secs] [Times: user=0,65 sys=0,01, real=0,16 secs] 
2018-06-19T11:39:56.763+0200: 2,615: [GC (CMS Final Remark) [YG occupancy: 11313 K (109248 K)]{Heap before GC invocations=4 (full 1):
 par new generation   total 109248K, used 11313K [0x00000000e0000000, 0x00000000e8000000, 0x00000000e8000000)
  eden space 87424K,   0% used [0x00000000e0000000, 0x00000000e00ad308, 0x00000000e5560000)
  from space 21824K,  48% used [0x00000000e5560000, 0x00000000e5fbf3f0, 0x00000000e6ab0000)
  to   space 21824K,   0% used [0x00000000e6ab0000, 0x00000000e6ab0000, 0x00000000e8000000)
 concurrent mark-sweep generation total 393216K, used 0K [0x00000000e8000000, 0x0000000100000000, 0x0000000100000000)
 Metaspace       used 21340K, capacity 21684K, committed 21884K, reserved 1069056K
  class space    used 2453K, capacity 2601K, committed 2684K, reserved 1048576K
2018-06-19T11:39:56.763+0200: 2,615: [GC (CMS Final Remark) 2018-06-19T11:39:56.763+0200: 2,615: [ParNew
Desired survivor size 20112992 bytes, new threshold 8 (max 8)
- age   1:      16720 bytes,      16720 total
- age   2:    1157832 bytes,    1174552 total
- age   3:    1007840 bytes,    2182392 total
- age   4:     473320 bytes,    2655712 total
- age   5:    6199960 bytes,    8855672 total
: 11313K->13464K(109248K), 0,0089515 secs] 11313K->13464K(502464K), 0,0089993 secs] [Times: user=0,03 sys=0,00, real=0,02 secs] 
Heap after GC invocations=5 (full 1):
 par new generation   total 109248K, used 13464K [0x00000000e0000000, 0x00000000e8000000, 0x00000000e8000000)
  eden space 87424K,   0% used [0x00000000e0000000, 0x00000000e0000000, 0x00000000e5560000)
  from space 21824K,  61% used [0x00000000e6ab0000, 0x00000000e77d63f8, 0x00000000e8000000)
  to   space 21824K,   0% used [0x00000000e5560000, 0x00000000e5560000, 0x00000000e6ab0000)
 concurrent mark-sweep generation total 393216K, used 0K [0x00000000e8000000, 0x0000000100000000, 0x0000000100000000)
 Metaspace       used 21340K, capacity 21684K, committed 21884K, reserved 1069056K
  class space    used 2453K, capacity 2601K, committed 2684K, reserved 1048576K
}
2018-06-19T11:39:56.772+0200: 2,624: [Rescan (parallel) , 0,0030286 secs]2018-06-19T11:39:56.775+0200: 2,627: [weak refs processing, 0,0011201 secs]2018-06-19T11:39:56.776+0200: 2,628: [class unloading, 0,0029732 secs]2018-06-19T11:39:56.779+0200: 2,631: [scrub symbol table, 0,0027204 secs]2018-06-19T11:39:56.782+0200: 2,634: [scrub string table, 0,0003818 secs][1 CMS-remark: 0K(393216K)] 13464K(502464K), 0,0199127 secs] [Times: user=0,05 sys=0,00, real=0,02 secs] 
2018-06-19T11:39:56.783+0200: 2,635: Total time for which application threads were stopped: 0,0200360 seconds, Stopping threads took: 0,0000467 seconds
2018-06-19T11:39:56.783+0200: 2,635: [CMS-concurrent-sweep-start]
2018-06-19T11:39:56.783+0200: 2,635: [CMS-concurrent-sweep: 0,000/0,000 secs] [Times: user=0,00 sys=0,00, real=0,00 secs] 
2018-06-19T11:39:56.783+0200: 2,635: [CMS-concurrent-reset-start]
2018-06-19T11:39:56.791+0200: 2,643: [CMS-concurrent-reset: 0,008/0,008 secs] [Times: user=0,02 sys=0,00, real=0,01 secs] 
{Heap before GC invocations=5 (full 1):
 par new generation   total 109248K, used 100888K [0x00000000e0000000, 0x00000000e8000000, 0x00000000e8000000)
  eden space 87424K, 100% used [0x00000000e0000000, 0x00000000e5560000, 0x00000000e5560000)
  from space 21824K,  61% used [0x00000000e6ab0000, 0x00000000e77d63f8, 0x00000000e8000000)
  to   space 21824K,   0% used [0x00000000e5560000, 0x00000000e5560000, 0x00000000e6ab0000)
 concurrent mark-sweep generation total 393216K, used 0K [0x00000000e8000000, 0x0000000100000000, 0x0000000100000000)
 Metaspace       used 21519K, capacity 21908K, committed 22140K, reserved 1069056K
  class space    used 2477K, capacity 2633K, committed 2684K, reserved 1048576K
2018-06-19T11:39:56.899+0200: 2,750: [GC (Allocation Failure) 2018-06-19T11:39:56.899+0200: 2,750: [ParNew
Desired survivor size 20112992 bytes, new threshold 8 (max 8)
- age   1:     939016 bytes,     939016 total
- age   2:        320 bytes,     939336 total
- age   3:     505176 bytes,    1444512 total
- age   4:    1006648 bytes,    2451160 total
- age   5:     469384 bytes,    2920544 total
- age   6:    6199680 bytes,    9120224 total
: 100888K->10213K(109248K), 0,0144042 secs] 100888K->10213K(502464K), 0,0144845 secs] [Times: user=0,06 sys=0,00, real=0,02 secs] 
Heap after GC invocations=6 (full 1):
 par new generation   total 109248K, used 10213K [0x00000000e0000000, 0x00000000e8000000, 0x00000000e8000000)
  eden space 87424K,   0% used [0x00000000e0000000, 0x00000000e0000000, 0x00000000e5560000)
  from space 21824K,  46% used [0x00000000e5560000, 0x00000000e5f59750, 0x00000000e6ab0000)
  to   space 21824K,   0% used [0x00000000e6ab0000, 0x00000000e6ab0000, 0x00000000e8000000)
 concurrent mark-sweep generation total 393216K, used 0K [0x00000000e8000000, 0x0000000100000000, 0x0000000100000000)
 Metaspace       used 21519K, capacity 21908K, committed 22140K, reserved 1069056K
  class space    used 2477K, capacity 2633K, committed 2684K, reserved 1048576K
}
2018-06-19T11:39:56.913+0200: 2,765: Total time for which application threads were stopped: 0,0170400 seconds, Stopping threads took: 0,0023612 seconds
{Heap before GC invocations=6 (full 1):
 par new generation   total 109248K, used 97637K [0x00000000e0000000, 0x00000000e8000000, 0x00000000e8000000)
  eden space 87424K, 100% used [0x00000000e0000000, 0x00000000e5560000, 0x00000000e5560000)
  from space 21824K,  46% used [0x00000000e5560000, 0x00000000e5f59750, 0x00000000e6ab0000)
  to   space 21824K,   0% used [0x00000000e6ab0000, 0x00000000e6ab0000, 0x00000000e8000000)
 concurrent mark-sweep generation total 393216K, used 0K [0x00000000e8000000, 0x0000000100000000, 0x0000000100000000)
 Metaspace       used 22494K, capacity 22846K, committed 23036K, reserved 1069056K
  class space    used 2591K, capacity 2769K, committed 2812K, reserved 1048576K
2018-06-19T11:39:57.172+0200: 3,024: [GC (Allocation Failure) 2018-06-19T11:39:57.172+0200: 3,024: [ParNew
Desired survivor size 20112992 bytes, new threshold 8 (max 8)
- age   1:    1938456 bytes,    1938456 total
- age   2:     201080 bytes,    2139536 total
- age   3:        320 bytes,    2139856 total
- age   4:     504856 bytes,    2644712 total
- age   5:     230160 bytes,    2874872 total
- age   6:     469264 bytes,    3344136 total
- age   7:    6199680 bytes,    9543816 total
: 97637K->13477K(109248K), 0,0127969 secs] 97637K->13477K(502464K), 0,0128639 secs] [Times: user=0,05 sys=0,00, real=0,01 secs] 
Heap after GC invocations=7 (full 1):
 par new generation   total 109248K, used 13477K [0x00000000e0000000, 0x00000000e8000000, 0x00000000e8000000)
  eden space 87424K,   0% used [0x00000000e0000000, 0x00000000e0000000, 0x00000000e5560000)
  from space 21824K,  61% used [0x00000000e6ab0000, 0x00000000e77d9488, 0x00000000e8000000)
  to   space 21824K,   0% used [0x00000000e5560000, 0x00000000e5560000, 0x00000000e6ab0000)
 concurrent mark-sweep generation total 393216K, used 0K [0x00000000e8000000, 0x0000000100000000, 0x0000000100000000)
 Metaspace       used 22494K, capacity 22846K, committed 23036K, reserved 1069056K
  class space    used 2591K, capacity 2769K, committed 2812K, reserved 1048576K
}
2018-06-19T11:39:57.185+0200: 3,037: Total time for which application threads were stopped: 0,0171804 seconds, Stopping threads took: 0,0040644 seconds
2018-06-19T11:39:57.237+0200: 3,089: Total time for which application threads were stopped: 0,0004834 seconds, Stopping threads took: 0,0000536 seconds
2018-06-19T11:39:57.250+0200: 3,102: Total time for which application threads were stopped: 0,0004035 seconds, Stopping threads took: 0,0000387 seconds
2018-06-19T11:39:57.659+0200: 3,511: Total time for which application threads were stopped: 0,0006751 seconds, Stopping threads took: 0,0001700 seconds
2018-06-19T11:39:57.674+0200: 3,526: Total time for which application threads were stopped: 0,0004181 seconds, Stopping threads took: 0,0000258 seconds
2018-06-19T11:39:57.720+0200: 3,572: Total time for which application threads were stopped: 0,0023298 seconds, Stopping threads took: 0,0018346 seconds
{Heap before GC invocations=7 (full 1):
 par new generation   total 109248K, used 99515K [0x00000000e0000000, 0x00000000e8000000, 0x00000000e8000000)
  eden space 87424K,  98% used [0x00000000e0000000, 0x00000000e54058d8, 0x00000000e5560000)
  from space 21824K,  61% used [0x00000000e6ab0000, 0x00000000e77d9488, 0x00000000e8000000)
  to   space 21824K,   0% used [0x00000000e5560000, 0x00000000e5560000, 0x00000000e6ab0000)
 concurrent mark-sweep generation total 393216K, used 0K [0x00000000e8000000, 0x0000000100000000, 0x0000000100000000)
 Metaspace       used 27614K, capacity 28184K, committed 28540K, reserved 1075200K
  class space    used 3167K, capacity 3354K, committed 3452K, reserved 1048576K
2018-06-19T11:39:57.829+0200: 3,681: [GC (Allocation Failure) 2018-06-19T11:39:57.829+0200: 3,681: [ParNew
Desired survivor size 20112992 bytes, new threshold 8 (max 8)
- age   1:   13532120 bytes,   13532120 total
- age   2:    1214872 bytes,   14746992 total
- age   3:     195192 bytes,   14942184 total
- age   4:        320 bytes,   14942504 total
- age   5:     501384 bytes,   15443888 total
- age   6:     224888 bytes,   15668776 total
- age   7:     449552 bytes,   16118328 total
- age   8:    6189896 bytes,   22308224 total
: 99515K->21824K(109248K), 0,0233841 secs] 99515K->22659K(502464K), 0,0234615 secs] [Times: user=0,07 sys=0,01, real=0,03 secs] 
Heap after GC invocations=8 (full 1):
 par new generation   total 109248K, used 21824K [0x00000000e0000000, 0x00000000e8000000, 0x00000000e8000000)
  eden space 87424K,   0% used [0x00000000e0000000, 0x00000000e0000000, 0x00000000e5560000)
  from space 21824K, 100% used [0x00000000e5560000, 0x00000000e6ab0000, 0x00000000e6ab0000)
  to   space 21824K,   0% used [0x00000000e6ab0000, 0x00000000e6ab0000, 0x00000000e8000000)
 concurrent mark-sweep generation total 393216K, used 835K [0x00000000e8000000, 0x0000000100000000, 0x0000000100000000)
 Metaspace       used 27614K, capacity 28184K, committed 28540K, reserved 1075200K
  class space    used 3167K, capacity 3354K, committed 3452K, reserved 1048576K
}
2018-06-19T11:39:57.853+0200: 3,705: Total time for which application threads were stopped: 0,0237125 seconds, Stopping threads took: 0,0000686 seconds
2018-06-19T11:39:57.872+0200: 3,724: Total time for which application threads were stopped: 0,0038998 seconds, Stopping threads took: 0,0034729 seconds
{Heap before GC invocations=8 (full 1):
 par new generation   total 109248K, used 109248K [0x00000000e0000000, 0x00000000e8000000, 0x00000000e8000000)
  eden space 87424K, 100% used [0x00000000e0000000, 0x00000000e5560000, 0x00000000e5560000)
  from space 21824K, 100% used [0x00000000e5560000, 0x00000000e6ab0000, 0x00000000e6ab0000)
  to   space 21824K,   0% used [0x00000000e6ab0000, 0x00000000e6ab0000, 0x00000000e8000000)
 concurrent mark-sweep generation total 393216K, used 835K [0x00000000e8000000, 0x0000000100000000, 0x0000000100000000)
 Metaspace       used 28125K, capacity 28712K, committed 28796K, reserved 1075200K
  class space    used 3226K, capacity 3421K, committed 3452K, reserved 1048576K
2018-06-19T11:39:58.080+0200: 3,931: [GC (Allocation Failure) 2018-06-19T11:39:58.080+0200: 3,931: [ParNew
Desired survivor size 20112992 bytes, new threshold 8 (max 8)
- age   1:    3829952 bytes,    3829952 total
- age   2:    9681976 bytes,   13511928 total
- age   3:    1214816 bytes,   14726744 total
- age   4:     195016 bytes,   14921760 total
- age   5:        320 bytes,   14922080 total
- age   6:     493648 bytes,   15415728 total
- age   7:     224840 bytes,   15640568 total
- age   8:     449344 bytes,   16089912 total
: 109248K->21824K(109248K), 0,0704991 secs] 110083K->28819K(502464K), 0,0706315 secs] [Times: user=0,20 sys=0,01, real=0,07 secs] 
Heap after GC invocations=9 (full 1):
 par new generation   total 109248K, used 21824K [0x00000000e0000000, 0x00000000e8000000, 0x00000000e8000000)
  eden space 87424K,   0% used [0x00000000e0000000, 0x00000000e0000000, 0x00000000e5560000)
  from space 21824K, 100% used [0x00000000e6ab0000, 0x00000000e8000000, 0x00000000e8000000)
  to   space 21824K,   0% used [0x00000000e5560000, 0x00000000e5560000, 0x00000000e6ab0000)
 concurrent mark-sweep generation total 393216K, used 6995K [0x00000000e8000000, 0x0000000100000000, 0x0000000100000000)
 Metaspace       used 28125K, capacity 28712K, committed 28796K, reserved 1075200K
  class space    used 3226K, capacity 3421K, committed 3452K, reserved 1048576K
}
2018-06-19T11:39:58.150+0200: 4,002: Total time for which application threads were stopped: 0,0727156 seconds, Stopping threads took: 0,0018003 seconds
2018-06-19T11:39:58.259+0200: 4,110: Total time for which application threads were stopped: 0,0013670 seconds, Stopping threads took: 0,0009279 seconds
2018-06-19T11:39:58.260+0200: 4,112: Total time for which application threads were stopped: 0,0001247 seconds, Stopping threads took: 0,0000422 seconds
2018-06-19T11:39:58.277+0200: 4,129: Total time for which application threads were stopped: 0,0001630 seconds, Stopping threads took: 0,0000416 seconds
2018-06-19T11:39:58.296+0200: 4,148: Total time for which application threads were stopped: 0,0023863 seconds, Stopping threads took: 0,0022602 seconds
2018-06-19T11:39:58.296+0200: 4,148: Total time for which application threads were stopped: 0,0000768 seconds, Stopping threads took: 0,0000336 seconds
2018-06-19T11:39:58.296+0200: 4,148: Total time for which application threads were stopped: 0,0000905 seconds, Stopping threads took: 0,0000435 seconds
2018-06-19T11:39:59.297+0200: 5,148: Total time for which application threads were stopped: 0,0001125 seconds, Stopping threads took: 0,0000189 seconds
2018-06-19T11:40:01.372+0200: 7,223: Total time for which application threads were stopped: 0,0001211 seconds, Stopping threads took: 0,0000350 seconds
2018-06-19T11:40:01.386+0200: 7,237: Total time for which application threads were stopped: 0,0000982 seconds, Stopping threads took: 0,0000206 seconds
2018-06-19T11:40:01.425+0200: 7,277: Total time for which application threads were stopped: 0,0010575 seconds, Stopping threads took: 0,0000336 seconds
2018-06-19T11:40:01.534+0200: 7,386: Total time for which application threads were stopped: 0,0001585 seconds, Stopping threads took: 0,0000337 seconds
2018-06-19T11:40:01.534+0200: 7,386: Total time for which application threads were stopped: 0,0000709 seconds, Stopping threads took: 0,0000117 seconds
2018-06-19T11:40:01.534+0200: 7,386: Total time for which application threads were stopped: 0,0000555 seconds, Stopping threads took: 0,0000171 seconds
2018-06-19T11:40:01.535+0200: 7,387: Total time for which application threads were stopped: 0,0000937 seconds, Stopping threads took: 0,0000119 seconds
2018-06-19T11:40:02.535+0200: 8,387: Total time for which application threads were stopped: 0,0000892 seconds, Stopping threads took: 0,0000233 seconds
2018-06-19T11:40:21.537+0200: 27,389: Total time for which application threads were stopped: 0,0000787 seconds, Stopping threads took: 0,0000171 seconds
2018-06-19T11:40:31.539+0200: 37,390: Total time for which application threads were stopped: 0,0000901 seconds, Stopping threads took: 0,0000314 seconds
2018-06-19T11:40:33.534+0200: 39,386: Total time for which application threads were stopped: 0,0001057 seconds, Stopping threads took: 0,0000341 seconds
2018-06-19T11:40:33.534+0200: 39,386: Total time for which application threads were stopped: 0,0000492 seconds, Stopping threads took: 0,0000157 seconds
2018-06-19T11:40:33.550+0200: 39,402: Total time for which application threads were stopped: 0,0000859 seconds, Stopping threads took: 0,0000226 seconds
2018-06-19T11:40:33.581+0200: 39,433: Total time for which application threads were stopped: 0,0001263 seconds, Stopping threads took: 0,0000463 seconds
2018-06-19T11:40:33.582+0200: 39,433: Total time for which application threads were stopped: 0,0000629 seconds, Stopping threads took: 0,0000079 seconds
2018-06-19T11:40:50.973+0200: 56,825: Total time for which application threads were stopped: 0,0001124 seconds, Stopping threads took: 0,0000431 seconds
2018-06-19T11:40:50.973+0200: 56,825: Total time for which application threads were stopped: 0,0000402 seconds, Stopping threads took: 0,0000090 seconds
2018-06-19T11:40:51.018+0200: 56,869: Total time for which application threads were stopped: 0,0001882 seconds, Stopping threads took: 0,0000351 seconds
2018-06-19T11:40:51.018+0200: 56,870: Total time for which application threads were stopped: 0,0000537 seconds, Stopping threads took: 0,0000225 seconds
2018-06-19T11:41:51.203+0200: 117,054: Total time for which application threads were stopped: 0,0001315 seconds, Stopping threads took: 0,0000542 seconds
2018-06-19T11:41:51.203+0200: 117,055: Total time for which application threads were stopped: 0,0000577 seconds, Stopping threads took: 0,0000264 seconds
2018-06-19T11:41:51.287+0200: 117,139: Total time for which application threads were stopped: 0,0001416 seconds, Stopping threads took: 0,0000268 seconds
2018-06-19T11:41:51.288+0200: 117,139: Total time for which application threads were stopped: 0,0000601 seconds, Stopping threads took: 0,0000135 seconds
2018-06-19T11:42:44.950+0200: 170,801: Total time for which application threads were stopped: 0,0001253 seconds, Stopping threads took: 0,0000395 seconds
2018-06-19T11:42:44.950+0200: 170,802: Total time for which application threads were stopped: 0,0000704 seconds, Stopping threads took: 0,0000153 seconds
2018-06-19T11:42:45.048+0200: 170,900: Total time for which application threads were stopped: 0,0001440 seconds, Stopping threads took: 0,0000356 seconds
2018-06-19T11:42:45.049+0200: 170,900: Total time for which application threads were stopped: 0,0001292 seconds, Stopping threads took: 0,0000149 seconds
2018-06-19T11:42:45.049+0200: 170,900: Total time for which application threads were stopped: 0,0000329 seconds, Stopping threads took: 0,0000066 seconds
2018-06-19T11:42:50.049+0200: 175,901: Total time for which application threads were stopped: 0,0000798 seconds, Stopping threads took: 0,0000185 seconds
2018-06-19T11:43:06.940+0200: 192,792: Total time for which application threads were stopped: 0,0001355 seconds, Stopping threads took: 0,0000277 seconds
2018-06-19T11:43:06.940+0200: 192,792: Total time for which application threads were stopped: 0,0000817 seconds, Stopping threads took: 0,0000272 seconds
2018-06-19T11:43:07.025+0200: 192,876: Total time for which application threads were stopped: 0,0001695 seconds, Stopping threads took: 0,0000669 seconds
2018-06-19T11:43:07.025+0200: 192,877: Total time for which application threads were stopped: 0,0000841 seconds, Stopping threads took: 0,0000172 seconds
2018-06-19T11:43:17.865+0200: 203,717: Total time for which application threads were stopped: 0,0001582 seconds, Stopping threads took: 0,0000455 seconds
2018-06-19T11:43:17.865+0200: 203,717: Total time for which application threads were stopped: 0,0001084 seconds, Stopping threads took: 0,0000358 seconds
2018-06-19T11:43:17.949+0200: 203,801: Total time for which application threads were stopped: 0,0001551 seconds, Stopping threads took: 0,0000558 seconds
2018-06-19T11:43:17.950+0200: 203,802: Total time for which application threads were stopped: 0,0000604 seconds, Stopping threads took: 0,0000114 seconds
2018-06-19T11:43:42.239+0200: 228,091: Total time for which application threads were stopped: 0,0004397 seconds, Stopping threads took: 0,0000193 seconds
2018-06-19T11:43:42.240+0200: 228,092: Total time for which application threads were stopped: 0,0004271 seconds, Stopping threads took: 0,0000130 seconds
2018-06-19T11:43:42.246+0200: 228,097: Total time for which application threads were stopped: 0,0001311 seconds, Stopping threads took: 0,0000597 seconds
2018-06-19T11:43:42.258+0200: 228,110: Total time for which application threads were stopped: 0,0001514 seconds, Stopping threads took: 0,0000562 seconds
2018-06-19T11:43:42.267+0200: 228,119: Total time for which application threads were stopped: 0,0001390 seconds, Stopping threads took: 0,0000602 seconds
2018-06-19T11:43:42.268+0200: 228,120: Total time for which application threads were stopped: 0,0001849 seconds, Stopping threads took: 0,0001127 seconds
2018-06-19T11:43:42.272+0200: 228,124: Total time for which application threads were stopped: 0,0034802 seconds, Stopping threads took: 0,0034075 seconds
2018-06-19T11:43:42.272+0200: 228,124: Total time for which application threads were stopped: 0,0004659 seconds, Stopping threads took: 0,0004066 seconds
2018-06-19T11:43:42.273+0200: 228,124: Total time for which application threads were stopped: 0,0001212 seconds, Stopping threads took: 0,0000733 seconds
2018-06-19T11:43:42.273+0200: 228,125: Total time for which application threads were stopped: 0,0000833 seconds, Stopping threads took: 0,0000415 seconds
2018-06-19T11:43:42.273+0200: 228,125: Total time for which application threads were stopped: 0,0000641 seconds, Stopping threads took: 0,0000313 seconds
2018-06-19T11:43:42.273+0200: 228,125: Total time for which application threads were stopped: 0,0000492 seconds, Stopping threads took: 0,0000137 seconds
2018-06-19T11:43:42.273+0200: 228,125: Total time for which application threads were stopped: 0,0000493 seconds, Stopping threads took: 0,0000190 seconds
2018-06-19T11:43:42.273+0200: 228,125: Total time for which application threads were stopped: 0,0000357 seconds, Stopping threads took: 0,0000062 seconds
2018-06-19T11:43:42.273+0200: 228,125: Total time for which application threads were stopped: 0,0000522 seconds, Stopping threads took: 0,0000192 seconds
2018-06-19T11:43:42.275+0200: 228,127: Total time for which application threads were stopped: 0,0001880 seconds, Stopping threads took: 0,0000798 seconds
2018-06-19T11:43:42.277+0200: 228,128: Total time for which application threads were stopped: 0,0001170 seconds, Stopping threads took: 0,0000408 seconds
2018-06-19T11:43:42.277+0200: 228,129: Total time for which application threads were stopped: 0,0000955 seconds, Stopping threads took: 0,0000401 seconds
2018-06-19T11:43:42.278+0200: 228,129: Total time for which application threads were stopped: 0,0000555 seconds, Stopping threads took: 0,0000233 seconds
2018-06-19T11:43:42.278+0200: 228,130: Total time for which application threads were stopped: 0,0000712 seconds, Stopping threads took: 0,0000174 seconds
2018-06-19T11:43:42.278+0200: 228,130: Total time for which application threads were stopped: 0,0000624 seconds, Stopping threads took: 0,0000148 seconds
2018-06-19T11:43:42.279+0200: 228,130: Total time for which application threads were stopped: 0,0000466 seconds, Stopping threads took: 0,0000182 seconds
2018-06-19T11:43:42.279+0200: 228,130: Total time for which application threads were stopped: 0,0000344 seconds, Stopping threads took: 0,0000105 seconds
2018-06-19T11:43:42.279+0200: 228,130: Total time for which application threads were stopped: 0,0000278 seconds, Stopping threads took: 0,0000084 seconds
2018-06-19T11:43:42.279+0200: 228,131: Total time for which application threads were stopped: 0,0000567 seconds, Stopping threads took: 0,0000320 seconds
2018-06-19T11:43:42.279+0200: 228,131: Total time for which application threads were stopped: 0,0000404 seconds, Stopping threads took: 0,0000184 seconds
2018-06-19T11:43:42.279+0200: 228,131: Total time for which application threads were stopped: 0,0000364 seconds, Stopping threads took: 0,0000149 seconds
2018-06-19T11:43:42.279+0200: 228,131: Total time for which application threads were stopped: 0,0000351 seconds, Stopping threads took: 0,0000121 seconds
2018-06-19T11:43:42.279+0200: 228,131: Total time for which application threads were stopped: 0,0000286 seconds, Stopping threads took: 0,0000084 seconds
2018-06-19T11:43:42.279+0200: 228,131: Total time for which application threads were stopped: 0,0000405 seconds, Stopping threads took: 0,0000186 seconds
2018-06-19T11:43:42.279+0200: 228,131: Total time for which application threads were stopped: 0,0000447 seconds, Stopping threads took: 0,0000226 seconds
2018-06-19T11:43:42.279+0200: 228,131: Total time for which application threads were stopped: 0,0000294 seconds, Stopping threads took: 0,0000101 seconds
2018-06-19T11:43:42.279+0200: 228,131: Total time for which application threads were stopped: 0,0000328 seconds, Stopping threads took: 0,0000108 seconds
2018-06-19T11:43:42.279+0200: 228,131: Total time for which application threads were stopped: 0,0000431 seconds, Stopping threads took: 0,0000123 seconds
2018-06-19T11:43:42.279+0200: 228,131: Total time for which application threads were stopped: 0,0000403 seconds, Stopping threads took: 0,0000104 seconds
2018-06-19T11:43:42.279+0200: 228,131: Total time for which application threads were stopped: 0,0000516 seconds, Stopping threads took: 0,0000284 seconds
2018-06-19T11:43:42.279+0200: 228,131: Total time for which application threads were stopped: 0,0000387 seconds, Stopping threads took: 0,0000172 seconds
2018-06-19T11:43:42.280+0200: 228,131: Total time for which application threads were stopped: 0,0000372 seconds, Stopping threads took: 0,0000159 seconds
2018-06-19T11:43:42.280+0200: 228,131: Total time for which application threads were stopped: 0,0001712 seconds, Stopping threads took: 0,0000910 seconds
2018-06-19T11:43:42.280+0200: 228,132: Total time for which application threads were stopped: 0,0000823 seconds, Stopping threads took: 0,0000270 seconds
Heap
 par new generation   total 109248K, used 93095K [0x00000000e0000000, 0x00000000e8000000, 0x00000000e8000000)
  eden space 87424K,  81% used [0x00000000e0000000, 0x00000000e4599ec8, 0x00000000e5560000)
  from space 21824K, 100% used [0x00000000e6ab0000, 0x00000000e8000000, 0x00000000e8000000)
  to   space 21824K,   0% used [0x00000000e5560000, 0x00000000e5560000, 0x00000000e6ab0000)
 concurrent mark-sweep generation total 393216K, used 6995K [0x00000000e8000000, 0x0000000100000000, 0x0000000100000000)
 Metaspace       used 29256K, capacity 29900K, committed 30204K, reserved 1075200K
  class space    used 3367K, capacity 3559K, committed 3580K, reserved 1048576K
