OpenJDK 64-Bit Server VM (25.171-b11) for linux-amd64 JRE (1.8.0_171-8u171-b11-0ubuntu0.16.04.1-b11), built on Apr 27 2018 17:19:03 by "buildd" with gcc 5.4.0 20160609
Memory: 4k page, physical 7867600k(1044828k free), swap 8076284k(8076284k free)
CommandLine flags: -XX:CMSInitiatingOccupancyFraction=50 -XX:CMSMaxAbortablePrecleanTime=6000 -XX:+CMSParallelRemarkEnabled -XX:+CMSScavengeBeforeRemark -XX:ConcGCThreads=4 -XX:InitialHeapSize=536870912 -XX:MaxHeapSize=536870912 -XX:MaxTenuringThreshold=8 -XX:NewRatio=3 -XX:OldPLABSize=16 -XX:OnOutOfMemoryError=/home/gurnoor/workspace/QTM/solr/bin/oom_solr.sh 8983 /home/gurnoor/workspace/QTM/solr/server/logs -XX:ParallelGCThreads=4 -XX:+ParallelRefProcEnabled -XX:PretenureSizeThreshold=67108864 -XX:+PrintGC -XX:+PrintGCApplicationStoppedTime -XX:+PrintGCDateStamps -XX:+PrintGCDetails -XX:+PrintGCTimeStamps -XX:+PrintHeapAtGC -XX:+PrintTenuringDistribution -XX:SurvivorRatio=4 -XX:TargetSurvivorRatio=90 -XX:ThreadStackSize=256 -XX:+UseCMSInitiatingOccupancyOnly -XX:+UseCompressedClassPointers -XX:+UseCompressedOops -XX:+UseConcMarkSweepGC -XX:+UseParNewGC 
2018-06-19T12:01:33.322+0200: 0,119: Total time for which application threads were stopped: 0,0000736 seconds, Stopping threads took: 0,0000132 seconds
2018-06-19T12:01:33.388+0200: 0,185: Total time for which application threads were stopped: 0,0001037 seconds, Stopping threads took: 0,0000142 seconds
2018-06-19T12:01:33.397+0200: 0,195: Total time for which application threads were stopped: 0,0000819 seconds, Stopping threads took: 0,0000140 seconds
2018-06-19T12:01:33.513+0200: 0,310: Total time for which application threads were stopped: 0,0001846 seconds, Stopping threads took: 0,0000312 seconds
2018-06-19T12:01:33.667+0200: 0,464: Total time for which application threads were stopped: 0,0001436 seconds, Stopping threads took: 0,0000152 seconds
2018-06-19T12:01:33.710+0200: 0,507: Total time for which application threads were stopped: 0,0001681 seconds, Stopping threads took: 0,0000303 seconds
2018-06-19T12:01:33.724+0200: 0,521: Total time for which application threads were stopped: 0,0002495 seconds, Stopping threads took: 0,0000273 seconds
2018-06-19T12:01:33.925+0200: 0,722: Total time for which application threads were stopped: 0,0001919 seconds, Stopping threads took: 0,0000162 seconds
2018-06-19T12:01:34.063+0200: 0,861: Total time for which application threads were stopped: 0,0003058 seconds, Stopping threads took: 0,0000234 seconds
2018-06-19T12:01:34.084+0200: 0,882: Total time for which application threads were stopped: 0,0001913 seconds, Stopping threads took: 0,0000166 seconds
2018-06-19T12:01:34.109+0200: 0,907: Total time for which application threads were stopped: 0,0002262 seconds, Stopping threads took: 0,0000227 seconds
2018-06-19T12:01:34.111+0200: 0,908: Total time for which application threads were stopped: 0,0002458 seconds, Stopping threads took: 0,0000280 seconds
2018-06-19T12:01:34.123+0200: 0,920: Total time for which application threads were stopped: 0,0002427 seconds, Stopping threads took: 0,0000314 seconds
2018-06-19T12:01:34.191+0200: 0,989: Total time for which application threads were stopped: 0,0002659 seconds, Stopping threads took: 0,0000228 seconds
2018-06-19T12:01:34.351+0200: 1,148: Total time for which application threads were stopped: 0,0003655 seconds, Stopping threads took: 0,0001195 seconds
{Heap before GC invocations=0 (full 0):
 par new generation   total 109248K, used 87424K [0x00000000e0000000, 0x00000000e8000000, 0x00000000e8000000)
  eden space 87424K, 100% used [0x00000000e0000000, 0x00000000e5560000, 0x00000000e5560000)
  from space 21824K,   0% used [0x00000000e5560000, 0x00000000e5560000, 0x00000000e6ab0000)
  to   space 21824K,   0% used [0x00000000e6ab0000, 0x00000000e6ab0000, 0x00000000e8000000)
 concurrent mark-sweep generation total 393216K, used 0K [0x00000000e8000000, 0x0000000100000000, 0x0000000100000000)
 Metaspace       used 18170K, capacity 18472K, committed 18688K, reserved 1064960K
  class space    used 2051K, capacity 2198K, committed 2304K, reserved 1048576K
2018-06-19T12:01:34.447+0200: 1,244: [GC (Allocation Failure) 2018-06-19T12:01:34.447+0200: 1,244: [ParNew
Desired survivor size 20112992 bytes, new threshold 8 (max 8)
- age   1:   12553872 bytes,   12553872 total
: 87424K->12383K(109248K), 0,0109738 secs] 87424K->12383K(502464K), 0,0110373 secs] [Times: user=0,04 sys=0,00, real=0,01 secs] 
Heap after GC invocations=1 (full 0):
 par new generation   total 109248K, used 12383K [0x00000000e0000000, 0x00000000e8000000, 0x00000000e8000000)
  eden space 87424K,   0% used [0x00000000e0000000, 0x00000000e0000000, 0x00000000e5560000)
  from space 21824K,  56% used [0x00000000e6ab0000, 0x00000000e76c7c30, 0x00000000e8000000)
  to   space 21824K,   0% used [0x00000000e5560000, 0x00000000e5560000, 0x00000000e6ab0000)
 concurrent mark-sweep generation total 393216K, used 0K [0x00000000e8000000, 0x0000000100000000, 0x0000000100000000)
 Metaspace       used 18170K, capacity 18472K, committed 18688K, reserved 1064960K
  class space    used 2051K, capacity 2198K, committed 2304K, reserved 1048576K
}
2018-06-19T12:01:34.458+0200: 1,255: Total time for which application threads were stopped: 0,0113075 seconds, Stopping threads took: 0,0000311 seconds
2018-06-19T12:01:34.684+0200: 1,482: Total time for which application threads were stopped: 0,0003449 seconds, Stopping threads took: 0,0000529 seconds
2018-06-19T12:01:34.753+0200: 1,550: Total time for which application threads were stopped: 0,0004814 seconds, Stopping threads took: 0,0001134 seconds
{Heap before GC invocations=1 (full 0):
 par new generation   total 109248K, used 99807K [0x00000000e0000000, 0x00000000e8000000, 0x00000000e8000000)
  eden space 87424K, 100% used [0x00000000e0000000, 0x00000000e5560000, 0x00000000e5560000)
  from space 21824K,  56% used [0x00000000e6ab0000, 0x00000000e76c7c30, 0x00000000e8000000)
  to   space 21824K,   0% used [0x00000000e5560000, 0x00000000e5560000, 0x00000000e6ab0000)
 concurrent mark-sweep generation total 393216K, used 0K [0x00000000e8000000, 0x0000000100000000, 0x0000000100000000)
 Metaspace       used 20121K, capacity 20504K, committed 20736K, reserved 1067008K
  class space    used 2302K, capacity 2472K, committed 2560K, reserved 1048576K
2018-06-19T12:01:34.766+0200: 1,563: [GC (Allocation Failure) 2018-06-19T12:01:34.766+0200: 1,563: [ParNew
Desired survivor size 20112992 bytes, new threshold 8 (max 8)
- age   1:    2882168 bytes,    2882168 total
- age   2:    6488968 bytes,    9371136 total
: 99807K->13587K(109248K), 0,0184113 secs] 99807K->13587K(502464K), 0,0184819 secs] [Times: user=0,06 sys=0,01, real=0,02 secs] 
Heap after GC invocations=2 (full 0):
 par new generation   total 109248K, used 13587K [0x00000000e0000000, 0x00000000e8000000, 0x00000000e8000000)
  eden space 87424K,   0% used [0x00000000e0000000, 0x00000000e0000000, 0x00000000e5560000)
  from space 21824K,  62% used [0x00000000e5560000, 0x00000000e62a4f48, 0x00000000e6ab0000)
  to   space 21824K,   0% used [0x00000000e6ab0000, 0x00000000e6ab0000, 0x00000000e8000000)
 concurrent mark-sweep generation total 393216K, used 0K [0x00000000e8000000, 0x0000000100000000, 0x0000000100000000)
 Metaspace       used 20121K, capacity 20504K, committed 20736K, reserved 1067008K
  class space    used 2302K, capacity 2472K, committed 2560K, reserved 1048576K
}
2018-06-19T12:01:34.784+0200: 1,582: Total time for which application threads were stopped: 0,0211988 seconds, Stopping threads took: 0,0025533 seconds
2018-06-19T12:01:34.825+0200: 1,622: Total time for which application threads were stopped: 0,0004328 seconds, Stopping threads took: 0,0000675 seconds
2018-06-19T12:01:34.944+0200: 1,742: Total time for which application threads were stopped: 0,0018709 seconds, Stopping threads took: 0,0016777 seconds
{Heap before GC invocations=2 (full 0):
 par new generation   total 109248K, used 101011K [0x00000000e0000000, 0x00000000e8000000, 0x00000000e8000000)
  eden space 87424K, 100% used [0x00000000e0000000, 0x00000000e5560000, 0x00000000e5560000)
  from space 21824K,  62% used [0x00000000e5560000, 0x00000000e62a4f48, 0x00000000e6ab0000)
  to   space 21824K,   0% used [0x00000000e6ab0000, 0x00000000e6ab0000, 0x00000000e8000000)
 concurrent mark-sweep generation total 393216K, used 0K [0x00000000e8000000, 0x0000000100000000, 0x0000000100000000)
 Metaspace       used 21054K, capacity 21368K, committed 21628K, reserved 1069056K
  class space    used 2429K, capacity 2592K, committed 2684K, reserved 1048576K
2018-06-19T12:01:34.992+0200: 1,789: [GC (Allocation Failure) 2018-06-19T12:01:34.992+0200: 1,789: [ParNew
Desired survivor size 20112992 bytes, new threshold 8 (max 8)
- age   1:    2538688 bytes,    2538688 total
- age   2:     500200 bytes,    3038888 total
- age   3:    6486128 bytes,    9525016 total
: 101011K->12088K(109248K), 0,0131009 secs] 101011K->12088K(502464K), 0,0131806 secs] [Times: user=0,05 sys=0,00, real=0,02 secs] 
Heap after GC invocations=3 (full 0):
 par new generation   total 109248K, used 12088K [0x00000000e0000000, 0x00000000e8000000, 0x00000000e8000000)
  eden space 87424K,   0% used [0x00000000e0000000, 0x00000000e0000000, 0x00000000e5560000)
  from space 21824K,  55% used [0x00000000e6ab0000, 0x00000000e767e350, 0x00000000e8000000)
  to   space 21824K,   0% used [0x00000000e5560000, 0x00000000e5560000, 0x00000000e6ab0000)
 concurrent mark-sweep generation total 393216K, used 0K [0x00000000e8000000, 0x0000000100000000, 0x0000000100000000)
 Metaspace       used 21054K, capacity 21368K, committed 21628K, reserved 1069056K
  class space    used 2429K, capacity 2592K, committed 2684K, reserved 1048576K
}
2018-06-19T12:01:35.005+0200: 1,802: Total time for which application threads were stopped: 0,0134065 seconds, Stopping threads took: 0,0000712 seconds
2018-06-19T12:01:35.005+0200: 1,803: [GC (CMS Initial Mark) [1 CMS-initial-mark: 0K(393216K)] 13515K(502464K), 0,0067550 secs] [Times: user=0,01 sys=0,00, real=0,01 secs] 
2018-06-19T12:01:35.012+0200: 1,809: Total time for which application threads were stopped: 0,0069919 seconds, Stopping threads took: 0,0001426 seconds
2018-06-19T12:01:35.018+0200: 1,816: [CMS-concurrent-mark-start]
2018-06-19T12:01:35.019+0200: 1,816: [CMS-concurrent-mark: 0,000/0,000 secs] [Times: user=0,01 sys=0,00, real=0,00 secs] 
2018-06-19T12:01:35.019+0200: 1,816: [CMS-concurrent-preclean-start]
2018-06-19T12:01:35.020+0200: 1,817: [CMS-concurrent-preclean: 0,001/0,001 secs] [Times: user=0,00 sys=0,00, real=0,00 secs] 
2018-06-19T12:01:35.020+0200: 1,818: [CMS-concurrent-abortable-preclean-start]
2018-06-19T12:01:35.064+0200: 1,861: Total time for which application threads were stopped: 0,0001707 seconds, Stopping threads took: 0,0000690 seconds
{Heap before GC invocations=3 (full 1):
 par new generation   total 109248K, used 99512K [0x00000000e0000000, 0x00000000e8000000, 0x00000000e8000000)
  eden space 87424K, 100% used [0x00000000e0000000, 0x00000000e5560000, 0x00000000e5560000)
  from space 21824K,  55% used [0x00000000e6ab0000, 0x00000000e767e350, 0x00000000e8000000)
  to   space 21824K,   0% used [0x00000000e5560000, 0x00000000e5560000, 0x00000000e6ab0000)
 concurrent mark-sweep generation total 393216K, used 0K [0x00000000e8000000, 0x0000000100000000, 0x0000000100000000)
 Metaspace       used 21316K, capacity 21702K, committed 21884K, reserved 1069056K
  class space    used 2454K, capacity 2606K, committed 2684K, reserved 1048576K
2018-06-19T12:01:35.141+0200: 1,938: [GC (Allocation Failure) 2018-06-19T12:01:35.141+0200: 1,938: [ParNew
Desired survivor size 20112992 bytes, new threshold 8 (max 8)
- age   1:    1046464 bytes,    1046464 total
- age   2:    1442288 bytes,    2488752 total
- age   3:     497944 bytes,    2986696 total
- age   4:    6486456 bytes,    9473152 total
: 99512K->10870K(109248K), 0,0105125 secs] 99512K->10870K(502464K), 0,0105761 secs] [Times: user=0,04 sys=0,00, real=0,01 secs] 
Heap after GC invocations=4 (full 1):
 par new generation   total 109248K, used 10870K [0x00000000e0000000, 0x00000000e8000000, 0x00000000e8000000)
  eden space 87424K,   0% used [0x00000000e0000000, 0x00000000e0000000, 0x00000000e5560000)
  from space 21824K,  49% used [0x00000000e5560000, 0x00000000e5ffda60, 0x00000000e6ab0000)
  to   space 21824K,   0% used [0x00000000e6ab0000, 0x00000000e6ab0000, 0x00000000e8000000)
 concurrent mark-sweep generation total 393216K, used 0K [0x00000000e8000000, 0x0000000100000000, 0x0000000100000000)
 Metaspace       used 21316K, capacity 21702K, committed 21884K, reserved 1069056K
  class space    used 2454K, capacity 2606K, committed 2684K, reserved 1048576K
}
2018-06-19T12:01:35.151+0200: 1,949: Total time for which application threads were stopped: 0,0107761 seconds, Stopping threads took: 0,0000548 seconds
2018-06-19T12:01:35.151+0200: 1,949: [CMS-concurrent-abortable-preclean: 0,098/0,131 secs] [Times: user=0,50 sys=0,01, real=0,13 secs] 
2018-06-19T12:01:35.152+0200: 1,949: [GC (CMS Final Remark) [YG occupancy: 12872 K (109248 K)]{Heap before GC invocations=4 (full 1):
 par new generation   total 109248K, used 12872K [0x00000000e0000000, 0x00000000e8000000, 0x00000000e8000000)
  eden space 87424K,   2% used [0x00000000e0000000, 0x00000000e01f4690, 0x00000000e5560000)
  from space 21824K,  49% used [0x00000000e5560000, 0x00000000e5ffda60, 0x00000000e6ab0000)
  to   space 21824K,   0% used [0x00000000e6ab0000, 0x00000000e6ab0000, 0x00000000e8000000)
 concurrent mark-sweep generation total 393216K, used 0K [0x00000000e8000000, 0x0000000100000000, 0x0000000100000000)
 Metaspace       used 21316K, capacity 21702K, committed 21884K, reserved 1069056K
  class space    used 2454K, capacity 2606K, committed 2684K, reserved 1048576K
2018-06-19T12:01:35.152+0200: 1,949: [GC (CMS Final Remark) 2018-06-19T12:01:35.152+0200: 1,949: [ParNew
Desired survivor size 20112992 bytes, new threshold 8 (max 8)
- age   1:     166336 bytes,     166336 total
- age   2:     208000 bytes,     374336 total
- age   3:    1442272 bytes,    1816608 total
- age   4:     497944 bytes,    2314552 total
- age   5:    6486296 bytes,    8800848 total
: 12872K->12218K(109248K), 0,0087259 secs] 12872K->12218K(502464K), 0,0087645 secs] [Times: user=0,03 sys=0,01, real=0,00 secs] 
Heap after GC invocations=5 (full 1):
 par new generation   total 109248K, used 12218K [0x00000000e0000000, 0x00000000e8000000, 0x00000000e8000000)
  eden space 87424K,   0% used [0x00000000e0000000, 0x00000000e0000000, 0x00000000e5560000)
  from space 21824K,  55% used [0x00000000e6ab0000, 0x00000000e769ebd0, 0x00000000e8000000)
  to   space 21824K,   0% used [0x00000000e5560000, 0x00000000e5560000, 0x00000000e6ab0000)
 concurrent mark-sweep generation total 393216K, used 0K [0x00000000e8000000, 0x0000000100000000, 0x0000000100000000)
 Metaspace       used 21316K, capacity 21702K, committed 21884K, reserved 1069056K
  class space    used 2454K, capacity 2606K, committed 2684K, reserved 1048576K
}
2018-06-19T12:01:35.161+0200: 1,958: [Rescan (parallel) , 0,0036548 secs]2018-06-19T12:01:35.164+0200: 1,962: [weak refs processing, 0,0011828 secs]2018-06-19T12:01:35.166+0200: 1,963: [class unloading, 0,0030293 secs]2018-06-19T12:01:35.169+0200: 1,966: [scrub symbol table, 0,0026780 secs]2018-06-19T12:01:35.171+0200: 1,969: [scrub string table, 0,0004045 secs][1 CMS-remark: 0K(393216K)] 12218K(502464K), 0,0204545 secs] [Times: user=0,05 sys=0,01, real=0,02 secs] 
2018-06-19T12:01:35.172+0200: 1,970: Total time for which application threads were stopped: 0,0206218 seconds, Stopping threads took: 0,0000811 seconds
2018-06-19T12:01:35.172+0200: 1,970: [CMS-concurrent-sweep-start]
2018-06-19T12:01:35.172+0200: 1,970: [CMS-concurrent-sweep: 0,000/0,000 secs] [Times: user=0,00 sys=0,00, real=0,00 secs] 
2018-06-19T12:01:35.173+0200: 1,970: [CMS-concurrent-reset-start]
2018-06-19T12:01:35.176+0200: 1,973: [CMS-concurrent-reset: 0,003/0,003 secs] [Times: user=0,01 sys=0,00, real=0,00 secs] 
{Heap before GC invocations=5 (full 1):
 par new generation   total 109248K, used 99642K [0x00000000e0000000, 0x00000000e8000000, 0x00000000e8000000)
  eden space 87424K, 100% used [0x00000000e0000000, 0x00000000e5560000, 0x00000000e5560000)
  from space 21824K,  55% used [0x00000000e6ab0000, 0x00000000e769ebd0, 0x00000000e8000000)
  to   space 21824K,   0% used [0x00000000e5560000, 0x00000000e5560000, 0x00000000e6ab0000)
 concurrent mark-sweep generation total 393216K, used 0K [0x00000000e8000000, 0x0000000100000000, 0x0000000100000000)
 Metaspace       used 21517K, capacity 21874K, committed 22140K, reserved 1069056K
  class space    used 2482K, capacity 2640K, committed 2684K, reserved 1048576K
2018-06-19T12:01:35.259+0200: 2,057: [GC (Allocation Failure) 2018-06-19T12:01:35.259+0200: 2,057: [ParNew
Desired survivor size 20112992 bytes, new threshold 8 (max 8)
- age   1:    1043640 bytes,    1043640 total
- age   2:        920 bytes,    1044560 total
- age   3:     187552 bytes,    1232112 total
- age   4:    1440816 bytes,    2672928 total
- age   5:     495960 bytes,    3168888 total
- age   6:    6486336 bytes,    9655224 total
: 99642K->11833K(109248K), 0,0095097 secs] 99642K->11833K(502464K), 0,0095806 secs] [Times: user=0,03 sys=0,00, real=0,01 secs] 
Heap after GC invocations=6 (full 1):
 par new generation   total 109248K, used 11833K [0x00000000e0000000, 0x00000000e8000000, 0x00000000e8000000)
  eden space 87424K,   0% used [0x00000000e0000000, 0x00000000e0000000, 0x00000000e5560000)
  from space 21824K,  54% used [0x00000000e5560000, 0x00000000e60ee6a8, 0x00000000e6ab0000)
  to   space 21824K,   0% used [0x00000000e6ab0000, 0x00000000e6ab0000, 0x00000000e8000000)
 concurrent mark-sweep generation total 393216K, used 0K [0x00000000e8000000, 0x0000000100000000, 0x0000000100000000)
 Metaspace       used 21517K, capacity 21874K, committed 22140K, reserved 1069056K
  class space    used 2482K, capacity 2640K, committed 2684K, reserved 1048576K
}
2018-06-19T12:01:35.269+0200: 2,066: Total time for which application threads were stopped: 0,0098406 seconds, Stopping threads took: 0,0001149 seconds
2018-06-19T12:01:35.284+0200: 2,082: Total time for which application threads were stopped: 0,0003295 seconds, Stopping threads took: 0,0000202 seconds
2018-06-19T12:01:35.526+0200: 2,323: Total time for which application threads were stopped: 0,0004292 seconds, Stopping threads took: 0,0000244 seconds
2018-06-19T12:01:35.539+0200: 2,336: Total time for which application threads were stopped: 0,0003631 seconds, Stopping threads took: 0,0000388 seconds
2018-06-19T12:01:35.830+0200: 2,628: Total time for which application threads were stopped: 0,0003086 seconds, Stopping threads took: 0,0000548 seconds
{Heap before GC invocations=6 (full 1):
 par new generation   total 109248K, used 99357K [0x00000000e0000000, 0x00000000e8000000, 0x00000000e8000000)
  eden space 87424K, 100% used [0x00000000e0000000, 0x00000000e5560000, 0x00000000e5560000)
  from space 21824K,  54% used [0x00000000e5560000, 0x00000000e6107518, 0x00000000e6ab0000)
  to   space 21824K,   0% used [0x00000000e6ab0000, 0x00000000e6ab0000, 0x00000000e8000000)
 concurrent mark-sweep generation total 393216K, used 0K [0x00000000e8000000, 0x0000000100000000, 0x0000000100000000)
 Metaspace       used 25492K, capacity 26092K, committed 26236K, reserved 1073152K
  class space    used 2954K, capacity 3157K, committed 3196K, reserved 1048576K
2018-06-19T12:01:35.832+0200: 2,630: [GC (GCLocker Initiated GC) 2018-06-19T12:01:35.832+0200: 2,630: [ParNew
Desired survivor size 20112992 bytes, new threshold 8 (max 8)
- age   1:   11377544 bytes,   11377544 total
- age   2:     156872 bytes,   11534416 total
- age   3:        920 bytes,   11535336 total
- age   4:     184032 bytes,   11719368 total
- age   5:     269576 bytes,   11988944 total
- age   6:     474040 bytes,   12462984 total
- age   7:    6479104 bytes,   18942088 total
: 99357K->21824K(109248K), 0,0265398 secs] 99357K->21824K(502464K), 0,0266093 secs] [Times: user=0,08 sys=0,00, real=0,02 secs] 
Heap after GC invocations=7 (full 1):
 par new generation   total 109248K, used 21824K [0x00000000e0000000, 0x00000000e8000000, 0x00000000e8000000)
  eden space 87424K,   0% used [0x00000000e0000000, 0x00000000e0000000, 0x00000000e5560000)
  from space 21824K, 100% used [0x00000000e6ab0000, 0x00000000e8000000, 0x00000000e8000000)
  to   space 21824K,   0% used [0x00000000e5560000, 0x00000000e5560000, 0x00000000e6ab0000)
 concurrent mark-sweep generation total 393216K, used 0K [0x00000000e8000000, 0x0000000100000000, 0x0000000100000000)
 Metaspace       used 25492K, capacity 26092K, committed 26236K, reserved 1073152K
  class space    used 2954K, capacity 3157K, committed 3196K, reserved 1048576K
}
2018-06-19T12:01:35.859+0200: 2,656: Total time for which application threads were stopped: 0,0268185 seconds, Stopping threads took: 0,0000448 seconds
2018-06-19T12:01:35.969+0200: 2,766: Total time for which application threads were stopped: 0,0004027 seconds, Stopping threads took: 0,0000236 seconds
2018-06-19T12:01:35.987+0200: 2,785: Total time for which application threads were stopped: 0,0005501 seconds, Stopping threads took: 0,0000519 seconds
2018-06-19T12:01:36.050+0200: 2,848: Total time for which application threads were stopped: 0,0005908 seconds, Stopping threads took: 0,0000745 seconds
2018-06-19T12:01:36.155+0200: 2,953: Total time for which application threads were stopped: 0,0006170 seconds, Stopping threads took: 0,0000751 seconds
{Heap before GC invocations=7 (full 1):
 par new generation   total 109248K, used 109248K [0x00000000e0000000, 0x00000000e8000000, 0x00000000e8000000)
  eden space 87424K, 100% used [0x00000000e0000000, 0x00000000e5560000, 0x00000000e5560000)
  from space 21824K, 100% used [0x00000000e6ab0000, 0x00000000e8000000, 0x00000000e8000000)
  to   space 21824K,   0% used [0x00000000e5560000, 0x00000000e5560000, 0x00000000e6ab0000)
 concurrent mark-sweep generation total 393216K, used 0K [0x00000000e8000000, 0x0000000100000000, 0x0000000100000000)
 Metaspace       used 28006K, capacity 28576K, committed 28796K, reserved 1075200K
  class space    used 3226K, capacity 3423K, committed 3452K, reserved 1048576K
2018-06-19T12:01:36.304+0200: 3,102: [GC (Allocation Failure) 2018-06-19T12:01:36.304+0200: 3,102: [ParNew
Desired survivor size 20112992 bytes, new threshold 8 (max 8)
- age   1:    6974888 bytes,    6974888 total
- age   2:    7465816 bytes,   14440704 total
- age   3:     127760 bytes,   14568464 total
- age   4:        920 bytes,   14569384 total
- age   5:     144504 bytes,   14713888 total
- age   6:     230832 bytes,   14944720 total
- age   7:     465664 bytes,   15410384 total
- age   8:    6323544 bytes,   21733928 total
: 109248K->21824K(109248K), 0,0328771 secs] 109248K->23584K(502464K), 0,0329785 secs] [Times: user=0,12 sys=0,01, real=0,03 secs] 
Heap after GC invocations=8 (full 1):
 par new generation   total 109248K, used 21824K [0x00000000e0000000, 0x00000000e8000000, 0x00000000e8000000)
  eden space 87424K,   0% used [0x00000000e0000000, 0x00000000e0000000, 0x00000000e5560000)
  from space 21824K, 100% used [0x00000000e5560000, 0x00000000e6ab0000, 0x00000000e6ab0000)
  to   space 21824K,   0% used [0x00000000e6ab0000, 0x00000000e6ab0000, 0x00000000e8000000)
 concurrent mark-sweep generation total 393216K, used 1760K [0x00000000e8000000, 0x0000000100000000, 0x0000000100000000)
 Metaspace       used 28006K, capacity 28576K, committed 28796K, reserved 1075200K
  class space    used 3226K, capacity 3423K, committed 3452K, reserved 1048576K
}
2018-06-19T12:01:36.337+0200: 3,135: Total time for which application threads were stopped: 0,0345968 seconds, Stopping threads took: 0,0013624 seconds
{Heap before GC invocations=8 (full 1):
 par new generation   total 109248K, used 109248K [0x00000000e0000000, 0x00000000e8000000, 0x00000000e8000000)
  eden space 87424K, 100% used [0x00000000e0000000, 0x00000000e5560000, 0x00000000e5560000)
  from space 21824K, 100% used [0x00000000e5560000, 0x00000000e6ab0000, 0x00000000e6ab0000)
  to   space 21824K,   0% used [0x00000000e6ab0000, 0x00000000e6ab0000, 0x00000000e8000000)
 concurrent mark-sweep generation total 393216K, used 1760K [0x00000000e8000000, 0x0000000100000000, 0x0000000100000000)
 Metaspace       used 28046K, capacity 28668K, committed 28796K, reserved 1075200K
  class space    used 3228K, capacity 3428K, committed 3452K, reserved 1048576K
2018-06-19T12:01:36.428+0200: 3,225: [GC (Allocation Failure) 2018-06-19T12:01:36.428+0200: 3,225: [ParNew
Desired survivor size 20112992 bytes, new threshold 8 (max 8)
- age   1:    1779600 bytes,    1779600 total
- age   2:    5732296 bytes,    7511896 total
- age   3:    7458200 bytes,   14970096 total
- age   4:     127760 bytes,   15097856 total
- age   5:        920 bytes,   15098776 total
- age   6:     144296 bytes,   15243072 total
- age   7:     230832 bytes,   15473904 total
- age   8:     465664 bytes,   15939568 total
: 109248K->21824K(109248K), 0,0598565 secs] 111008K->29831K(502464K), 0,0599747 secs] [Times: user=0,18 sys=0,02, real=0,06 secs] 
Heap after GC invocations=9 (full 1):
 par new generation   total 109248K, used 21824K [0x00000000e0000000, 0x00000000e8000000, 0x00000000e8000000)
  eden space 87424K,   0% used [0x00000000e0000000, 0x00000000e0000000, 0x00000000e5560000)
  from space 21824K, 100% used [0x00000000e6ab0000, 0x00000000e8000000, 0x00000000e8000000)
  to   space 21824K,   0% used [0x00000000e5560000, 0x00000000e5560000, 0x00000000e6ab0000)
 concurrent mark-sweep generation total 393216K, used 8007K [0x00000000e8000000, 0x0000000100000000, 0x0000000100000000)
 Metaspace       used 28046K, capacity 28668K, committed 28796K, reserved 1075200K
  class space    used 3228K, capacity 3428K, committed 3452K, reserved 1048576K
}
2018-06-19T12:01:36.488+0200: 3,285: Total time for which application threads were stopped: 0,0662907 seconds, Stopping threads took: 0,0060439 seconds
{Heap before GC invocations=9 (full 1):
 par new generation   total 109248K, used 109248K [0x00000000e0000000, 0x00000000e8000000, 0x00000000e8000000)
  eden space 87424K, 100% used [0x00000000e0000000, 0x00000000e5560000, 0x00000000e5560000)
  from space 21824K, 100% used [0x00000000e6ab0000, 0x00000000e8000000, 0x00000000e8000000)
  to   space 21824K,   0% used [0x00000000e5560000, 0x00000000e5560000, 0x00000000e6ab0000)
 concurrent mark-sweep generation total 393216K, used 8007K [0x00000000e8000000, 0x0000000100000000, 0x0000000100000000)
 Metaspace       used 28217K, capacity 28898K, committed 29052K, reserved 1075200K
  class space    used 3236K, capacity 3438K, committed 3452K, reserved 1048576K
2018-06-19T12:01:36.676+0200: 3,474: [GC (Allocation Failure) 2018-06-19T12:01:36.676+0200: 3,474: [ParNew
Desired survivor size 20112992 bytes, new threshold 8 (max 8)
- age   1:    2999192 bytes,    2999192 total
- age   2:     145872 bytes,    3145064 total
- age   3:    5710088 bytes,    8855152 total
- age   4:    7457968 bytes,   16313120 total
- age   5:     127760 bytes,   16440880 total
- age   6:        920 bytes,   16441800 total
- age   7:     144296 bytes,   16586096 total
- age   8:     230832 bytes,   16816928 total
: 109248K->21824K(109248K), 0,0355388 secs] 117255K->30298K(502464K), 0,0356340 secs] [Times: user=0,14 sys=0,01, real=0,03 secs] 
Heap after GC invocations=10 (full 1):
 par new generation   total 109248K, used 21824K [0x00000000e0000000, 0x00000000e8000000, 0x00000000e8000000)
  eden space 87424K,   0% used [0x00000000e0000000, 0x00000000e0000000, 0x00000000e5560000)
  from space 21824K, 100% used [0x00000000e5560000, 0x00000000e6ab0000, 0x00000000e6ab0000)
  to   space 21824K,   0% used [0x00000000e6ab0000, 0x00000000e6ab0000, 0x00000000e8000000)
 concurrent mark-sweep generation total 393216K, used 8474K [0x00000000e8000000, 0x0000000100000000, 0x0000000100000000)
 Metaspace       used 28217K, capacity 28898K, committed 29052K, reserved 1075200K
  class space    used 3236K, capacity 3438K, committed 3452K, reserved 1048576K
}
2018-06-19T12:01:36.712+0200: 3,509: Total time for which application threads were stopped: 0,0384238 seconds, Stopping threads took: 0,0024505 seconds
2018-06-19T12:01:37.267+0200: 4,065: Total time for which application threads were stopped: 0,0003862 seconds, Stopping threads took: 0,0000194 seconds
2018-06-19T12:01:48.516+0200: 15,314: Total time for which application threads were stopped: 0,0001100 seconds, Stopping threads took: 0,0000196 seconds
2018-06-19T12:01:48.522+0200: 15,320: Total time for which application threads were stopped: 0,0001091 seconds, Stopping threads took: 0,0000276 seconds
2018-06-19T12:01:48.563+0200: 15,360: Total time for which application threads were stopped: 0,0005905 seconds, Stopping threads took: 0,0000266 seconds
2018-06-19T12:01:48.595+0200: 15,393: Total time for which application threads were stopped: 0,0000964 seconds, Stopping threads took: 0,0000306 seconds
2018-06-19T12:01:48.595+0200: 15,393: Total time for which application threads were stopped: 0,0000462 seconds, Stopping threads took: 0,0000054 seconds
2018-06-19T12:01:48.615+0200: 15,413: Total time for which application threads were stopped: 0,0004147 seconds, Stopping threads took: 0,0000145 seconds
2018-06-19T12:01:48.720+0200: 15,517: Total time for which application threads were stopped: 0,0001873 seconds, Stopping threads took: 0,0000652 seconds
2018-06-19T12:01:48.749+0200: 15,546: Total time for which application threads were stopped: 0,0001494 seconds, Stopping threads took: 0,0000507 seconds
2018-06-19T12:01:48.749+0200: 15,546: Total time for which application threads were stopped: 0,0000935 seconds, Stopping threads took: 0,0000345 seconds
2018-06-19T12:01:48.750+0200: 15,547: Total time for which application threads were stopped: 0,0013044 seconds, Stopping threads took: 0,0012606 seconds
2018-06-19T12:01:48.752+0200: 15,549: Total time for which application threads were stopped: 0,0018974 seconds, Stopping threads took: 0,0018282 seconds
2018-06-19T12:01:48.753+0200: 15,550: Total time for which application threads were stopped: 0,0001255 seconds, Stopping threads took: 0,0000468 seconds
2018-06-19T12:01:48.754+0200: 15,551: Total time for which application threads were stopped: 0,0000995 seconds, Stopping threads took: 0,0000438 seconds
2018-06-19T12:01:48.754+0200: 15,551: Total time for which application threads were stopped: 0,0000597 seconds, Stopping threads took: 0,0000191 seconds
2018-06-19T12:01:48.758+0200: 15,556: Total time for which application threads were stopped: 0,0000786 seconds, Stopping threads took: 0,0000160 seconds
2018-06-19T12:01:48.832+0200: 15,629: Total time for which application threads were stopped: 0,0004307 seconds, Stopping threads took: 0,0000150 seconds
2018-06-19T12:01:48.833+0200: 15,630: Total time for which application threads were stopped: 0,0004277 seconds, Stopping threads took: 0,0000183 seconds
2018-06-19T12:01:49.054+0200: 15,852: Total time for which application threads were stopped: 0,0002504 seconds, Stopping threads took: 0,0000307 seconds
{Heap before GC invocations=10 (full 1):
 par new generation   total 109248K, used 109248K [0x00000000e0000000, 0x00000000e8000000, 0x00000000e8000000)
  eden space 87424K, 100% used [0x00000000e0000000, 0x00000000e5560000, 0x00000000e5560000)
  from space 21824K, 100% used [0x00000000e5560000, 0x00000000e6ab0000, 0x00000000e6ab0000)
  to   space 21824K,   0% used [0x00000000e6ab0000, 0x00000000e6ab0000, 0x00000000e8000000)
 concurrent mark-sweep generation total 393216K, used 8474K [0x00000000e8000000, 0x0000000100000000, 0x0000000100000000)
 Metaspace       used 30485K, capacity 31170K, committed 31356K, reserved 1077248K
  class space    used 3487K, capacity 3702K, committed 3708K, reserved 1048576K
2018-06-19T12:01:49.161+0200: 15,959: [GC (Allocation Failure) 2018-06-19T12:01:49.161+0200: 15,959: [ParNew
Desired survivor size 20112992 bytes, new threshold 5 (max 8)
- age   1:    5205800 bytes,    5205800 total
- age   2:    2933400 bytes,    8139200 total
- age   3:     145872 bytes,    8285072 total
- age   4:    5384520 bytes,   13669592 total
- age   5:    7369384 bytes,   21038976 total
- age   6:     127632 bytes,   21166608 total
- age   7:        920 bytes,   21167528 total
- age   8:     144280 bytes,   21311808 total
: 109248K->21824K(109248K), 0,0192743 secs] 117722K->31110K(502464K), 0,0193280 secs] [Times: user=0,07 sys=0,00, real=0,02 secs] 
Heap after GC invocations=11 (full 1):
 par new generation   total 109248K, used 21824K [0x00000000e0000000, 0x00000000e8000000, 0x00000000e8000000)
  eden space 87424K,   0% used [0x00000000e0000000, 0x00000000e0000000, 0x00000000e5560000)
  from space 21824K, 100% used [0x00000000e6ab0000, 0x00000000e8000000, 0x00000000e8000000)
  to   space 21824K,   0% used [0x00000000e5560000, 0x00000000e5560000, 0x00000000e6ab0000)
 concurrent mark-sweep generation total 393216K, used 9286K [0x00000000e8000000, 0x0000000100000000, 0x0000000100000000)
 Metaspace       used 30485K, capacity 31170K, committed 31356K, reserved 1077248K
  class space    used 3487K, capacity 3702K, committed 3708K, reserved 1048576K
}
2018-06-19T12:01:49.181+0200: 15,978: Total time for which application threads were stopped: 0,0196180 seconds, Stopping threads took: 0,0000428 seconds
2018-06-19T12:01:49.311+0200: 16,108: Total time for which application threads were stopped: 0,0002140 seconds, Stopping threads took: 0,0000532 seconds
2018-06-19T12:01:49.311+0200: 16,109: Total time for which application threads were stopped: 0,0000827 seconds, Stopping threads took: 0,0000168 seconds
2018-06-19T12:01:49.332+0200: 16,130: Total time for which application threads were stopped: 0,0021574 seconds, Stopping threads took: 0,0020011 seconds
2018-06-19T12:01:49.342+0200: 16,139: Total time for which application threads were stopped: 0,0002076 seconds, Stopping threads took: 0,0000558 seconds
2018-06-19T12:01:49.466+0200: 16,264: Total time for which application threads were stopped: 0,0001736 seconds, Stopping threads took: 0,0000422 seconds
2018-06-19T12:01:49.466+0200: 16,264: Total time for which application threads were stopped: 0,0001120 seconds, Stopping threads took: 0,0000401 seconds
2018-06-19T12:01:49.466+0200: 16,264: Total time for which application threads were stopped: 0,0000759 seconds, Stopping threads took: 0,0000295 seconds
{Heap before GC invocations=11 (full 1):
 par new generation   total 109248K, used 109248K [0x00000000e0000000, 0x00000000e8000000, 0x00000000e8000000)
  eden space 87424K, 100% used [0x00000000e0000000, 0x00000000e5560000, 0x00000000e5560000)
  from space 21824K, 100% used [0x00000000e6ab0000, 0x00000000e8000000, 0x00000000e8000000)
  to   space 21824K,   0% used [0x00000000e5560000, 0x00000000e5560000, 0x00000000e6ab0000)
 concurrent mark-sweep generation total 393216K, used 9286K [0x00000000e8000000, 0x0000000100000000, 0x0000000100000000)
 Metaspace       used 30557K, capacity 31234K, committed 31356K, reserved 1077248K
  class space    used 3488K, capacity 3702K, committed 3708K, reserved 1048576K
2018-06-19T12:01:49.581+0200: 16,379: [GC (Allocation Failure) 2018-06-19T12:01:49.581+0200: 16,379: [ParNew
Desired survivor size 20112992 bytes, new threshold 8 (max 8)
- age   1:    1312616 bytes,    1312616 total
- age   2:    4225480 bytes,    5538096 total
- age   3:    2933400 bytes,    8471496 total
- age   4:     145872 bytes,    8617368 total
- age   5:    7612680 bytes,   16230048 total
: 109248K->21824K(109248K), 0,0428233 secs] 118534K->40249K(502464K), 0,0429459 secs] [Times: user=0,11 sys=0,01, real=0,05 secs] 
Heap after GC invocations=12 (full 1):
 par new generation   total 109248K, used 21824K [0x00000000e0000000, 0x00000000e8000000, 0x00000000e8000000)
  eden space 87424K,   0% used [0x00000000e0000000, 0x00000000e0000000, 0x00000000e5560000)
  from space 21824K, 100% used [0x00000000e5560000, 0x00000000e6ab0000, 0x00000000e6ab0000)
  to   space 21824K,   0% used [0x00000000e6ab0000, 0x00000000e6ab0000, 0x00000000e8000000)
 concurrent mark-sweep generation total 393216K, used 18425K [0x00000000e8000000, 0x0000000100000000, 0x0000000100000000)
 Metaspace       used 30557K, capacity 31234K, committed 31356K, reserved 1077248K
  class space    used 3488K, capacity 3702K, committed 3708K, reserved 1048576K
}
2018-06-19T12:01:49.624+0200: 16,422: Total time for which application threads were stopped: 0,0433102 seconds, Stopping threads took: 0,0000708 seconds
2018-06-19T12:01:49.907+0200: 16,705: Total time for which application threads were stopped: 0,0003936 seconds, Stopping threads took: 0,0002210 seconds
2018-06-19T12:01:49.910+0200: 16,707: Total time for which application threads were stopped: 0,0001525 seconds, Stopping threads took: 0,0000529 seconds
2018-06-19T12:01:49.910+0200: 16,707: Total time for which application threads were stopped: 0,0000878 seconds, Stopping threads took: 0,0000293 seconds
2018-06-19T12:01:49.910+0200: 16,707: Total time for which application threads were stopped: 0,0000793 seconds, Stopping threads took: 0,0000239 seconds
2018-06-19T12:01:49.910+0200: 16,708: Total time for which application threads were stopped: 0,0000771 seconds, Stopping threads took: 0,0000221 seconds
2018-06-19T12:01:49.926+0200: 16,723: Total time for which application threads were stopped: 0,0001780 seconds, Stopping threads took: 0,0000583 seconds
2018-06-19T12:01:49.928+0200: 16,725: Total time for which application threads were stopped: 0,0009379 seconds, Stopping threads took: 0,0008392 seconds
2018-06-19T12:01:50.016+0200: 16,813: Total time for which application threads were stopped: 0,0008286 seconds, Stopping threads took: 0,0006960 seconds
2018-06-19T12:01:50.022+0200: 16,819: Total time for which application threads were stopped: 0,0013973 seconds, Stopping threads took: 0,0012459 seconds
2018-06-19T12:01:50.024+0200: 16,821: Total time for which application threads were stopped: 0,0001744 seconds, Stopping threads took: 0,0000506 seconds
{Heap before GC invocations=12 (full 1):
 par new generation   total 109248K, used 109248K [0x00000000e0000000, 0x00000000e8000000, 0x00000000e8000000)
  eden space 87424K, 100% used [0x00000000e0000000, 0x00000000e5560000, 0x00000000e5560000)
  from space 21824K, 100% used [0x00000000e5560000, 0x00000000e6ab0000, 0x00000000e6ab0000)
  to   space 21824K,   0% used [0x00000000e6ab0000, 0x00000000e6ab0000, 0x00000000e8000000)
 concurrent mark-sweep generation total 393216K, used 18425K [0x00000000e8000000, 0x0000000100000000, 0x0000000100000000)
 Metaspace       used 30625K, capacity 31298K, committed 31356K, reserved 1077248K
  class space    used 3494K, capacity 3702K, committed 3708K, reserved 1048576K
2018-06-19T12:01:50.037+0200: 16,834: [GC (Allocation Failure) 2018-06-19T12:01:50.037+0200: 16,834: [ParNew
Desired survivor size 20112992 bytes, new threshold 8 (max 8)
- age   1:    1964040 bytes,    1964040 total
- age   2:     838736 bytes,    2802776 total
- age   3:    4127912 bytes,    6930688 total
- age   4:    2933400 bytes,    9864088 total
- age   5:     145872 bytes,   10009960 total
- age   6:    5384160 bytes,   15394120 total
: 109248K->18930K(109248K), 0,0629098 secs] 127673K->37355K(502464K), 0,0630343 secs] [Times: user=0,10 sys=0,00, real=0,06 secs] 
Heap after GC invocations=13 (full 1):
 par new generation   total 109248K, used 18930K [0x00000000e0000000, 0x00000000e8000000, 0x00000000e8000000)
  eden space 87424K,   0% used [0x00000000e0000000, 0x00000000e0000000, 0x00000000e5560000)
  from space 21824K,  86% used [0x00000000e6ab0000, 0x00000000e7d2c9b8, 0x00000000e8000000)
  to   space 21824K,   0% used [0x00000000e5560000, 0x00000000e5560000, 0x00000000e6ab0000)
 concurrent mark-sweep generation total 393216K, used 18425K [0x00000000e8000000, 0x0000000100000000, 0x0000000100000000)
 Metaspace       used 30625K, capacity 31298K, committed 31356K, reserved 1077248K
  class space    used 3494K, capacity 3702K, committed 3708K, reserved 1048576K
}
2018-06-19T12:01:50.100+0200: 16,897: Total time for which application threads were stopped: 0,0633601 seconds, Stopping threads took: 0,0000780 seconds
{Heap before GC invocations=13 (full 1):
 par new generation   total 109248K, used 106354K [0x00000000e0000000, 0x00000000e8000000, 0x00000000e8000000)
  eden space 87424K, 100% used [0x00000000e0000000, 0x00000000e5560000, 0x00000000e5560000)
  from space 21824K,  86% used [0x00000000e6ab0000, 0x00000000e7d2c9b8, 0x00000000e8000000)
  to   space 21824K,   0% used [0x00000000e5560000, 0x00000000e5560000, 0x00000000e6ab0000)
 concurrent mark-sweep generation total 393216K, used 18425K [0x00000000e8000000, 0x0000000100000000, 0x0000000100000000)
 Metaspace       used 30788K, capacity 31426K, committed 31612K, reserved 1077248K
  class space    used 3507K, capacity 3702K, committed 3708K, reserved 1048576K
2018-06-19T12:01:50.373+0200: 17,170: [GC (Allocation Failure) 2018-06-19T12:01:50.373+0200: 17,170: [ParNew
Desired survivor size 20112992 bytes, new threshold 8 (max 8)
- age   1:    1517232 bytes,    1517232 total
- age   2:    1736344 bytes,    3253576 total
- age   3:     838736 bytes,    4092312 total
- age   4:    4127752 bytes,    8220064 total
- age   5:    2933400 bytes,   11153464 total
- age   6:     145872 bytes,   11299336 total
- age   7:    5384088 bytes,   16683424 total
: 106354K->19139K(109248K), 0,0294094 secs] 124779K->37565K(502464K), 0,0295880 secs] [Times: user=0,06 sys=0,00, real=0,02 secs] 
Heap after GC invocations=14 (full 1):
 par new generation   total 109248K, used 19139K [0x00000000e0000000, 0x00000000e8000000, 0x00000000e8000000)
  eden space 87424K,   0% used [0x00000000e0000000, 0x00000000e0000000, 0x00000000e5560000)
  from space 21824K,  87% used [0x00000000e5560000, 0x00000000e6810ec0, 0x00000000e6ab0000)
  to   space 21824K,   0% used [0x00000000e6ab0000, 0x00000000e6ab0000, 0x00000000e8000000)
 concurrent mark-sweep generation total 393216K, used 18425K [0x00000000e8000000, 0x0000000100000000, 0x0000000100000000)
 Metaspace       used 30788K, capacity 31426K, committed 31612K, reserved 1077248K
  class space    used 3507K, capacity 3702K, committed 3708K, reserved 1048576K
}
2018-06-19T12:01:50.402+0200: 17,200: Total time for which application threads were stopped: 0,0312189 seconds, Stopping threads took: 0,0011239 seconds
{Heap before GC invocations=14 (full 1):
 par new generation   total 109248K, used 106563K [0x00000000e0000000, 0x00000000e8000000, 0x00000000e8000000)
  eden space 87424K, 100% used [0x00000000e0000000, 0x00000000e5560000, 0x00000000e5560000)
  from space 21824K,  87% used [0x00000000e5560000, 0x00000000e6810ec0, 0x00000000e6ab0000)
  to   space 21824K,   0% used [0x00000000e6ab0000, 0x00000000e6ab0000, 0x00000000e8000000)
 concurrent mark-sweep generation total 393216K, used 18425K [0x00000000e8000000, 0x0000000100000000, 0x0000000100000000)
 Metaspace       used 30817K, capacity 31522K, committed 31740K, reserved 1077248K
  class space    used 3509K, capacity 3734K, committed 3836K, reserved 1048576K
2018-06-19T12:01:50.693+0200: 17,490: [GC (Allocation Failure) 2018-06-19T12:01:50.693+0200: 17,490: [ParNew
Desired survivor size 20112992 bytes, new threshold 8 (max 8)
- age   1:    1628864 bytes,    1628864 total
- age   2:     967912 bytes,    2596776 total
- age   3:     777760 bytes,    3374536 total
- age   4:     121008 bytes,    3495544 total
- age   5:    3516792 bytes,    7012336 total
- age   6:    2933400 bytes,    9945736 total
- age   7:     145872 bytes,   10091608 total
- age   8:    5384064 bytes,   15475672 total
: 106563K->21703K(109248K), 0,0484894 secs] 124989K->40128K(502464K), 0,0485922 secs] [Times: user=0,11 sys=0,01, real=0,04 secs] 
Heap after GC invocations=15 (full 1):
 par new generation   total 109248K, used 21703K [0x00000000e0000000, 0x00000000e8000000, 0x00000000e8000000)
  eden space 87424K,   0% used [0x00000000e0000000, 0x00000000e0000000, 0x00000000e5560000)
  from space 21824K,  99% used [0x00000000e6ab0000, 0x00000000e7fe1d98, 0x00000000e8000000)
  to   space 21824K,   0% used [0x00000000e5560000, 0x00000000e5560000, 0x00000000e6ab0000)
 concurrent mark-sweep generation total 393216K, used 18425K [0x00000000e8000000, 0x0000000100000000, 0x0000000100000000)
 Metaspace       used 30817K, capacity 31522K, committed 31740K, reserved 1077248K
  class space    used 3509K, capacity 3734K, committed 3836K, reserved 1048576K
}
2018-06-19T12:01:50.742+0200: 17,539: Total time for which application threads were stopped: 0,0489101 seconds, Stopping threads took: 0,0000360 seconds
2018-06-19T12:01:50.876+0200: 17,674: Total time for which application threads were stopped: 0,0120711 seconds, Stopping threads took: 0,0119070 seconds
2018-06-19T12:01:50.907+0200: 17,704: Total time for which application threads were stopped: 0,0002055 seconds, Stopping threads took: 0,0000477 seconds
2018-06-19T12:01:50.910+0200: 17,707: Total time for which application threads were stopped: 0,0001141 seconds, Stopping threads took: 0,0000298 seconds
2018-06-19T12:01:50.911+0200: 17,708: Total time for which application threads were stopped: 0,0001070 seconds, Stopping threads took: 0,0000265 seconds
2018-06-19T12:01:50.933+0200: 17,731: Total time for which application threads were stopped: 0,0064959 seconds, Stopping threads took: 0,0062220 seconds
2018-06-19T12:01:50.938+0200: 17,736: Total time for which application threads were stopped: 0,0016973 seconds, Stopping threads took: 0,0000317 seconds
2018-06-19T12:01:50.958+0200: 17,755: Total time for which application threads were stopped: 0,0011839 seconds, Stopping threads took: 0,0010821 seconds
{Heap before GC invocations=15 (full 1):
 par new generation   total 109248K, used 109127K [0x00000000e0000000, 0x00000000e8000000, 0x00000000e8000000)
  eden space 87424K, 100% used [0x00000000e0000000, 0x00000000e5560000, 0x00000000e5560000)
  from space 21824K,  99% used [0x00000000e6ab0000, 0x00000000e7fe1d98, 0x00000000e8000000)
  to   space 21824K,   0% used [0x00000000e5560000, 0x00000000e5560000, 0x00000000e6ab0000)
 concurrent mark-sweep generation total 393216K, used 18425K [0x00000000e8000000, 0x0000000100000000, 0x0000000100000000)
 Metaspace       used 30832K, capacity 31522K, committed 31740K, reserved 1077248K
  class space    used 3509K, capacity 3734K, committed 3836K, reserved 1048576K
2018-06-19T12:01:51.007+0200: 17,805: [GC (Allocation Failure) 2018-06-19T12:01:51.007+0200: 17,805: [ParNew
Desired survivor size 20112992 bytes, new threshold 8 (max 8)
- age   1:    1877160 bytes,    1877160 total
- age   2:    1134600 bytes,    3011760 total
- age   3:     868168 bytes,    3879928 total
- age   4:     678424 bytes,    4558352 total
- age   5:     121008 bytes,    4679360 total
- age   6:    3515344 bytes,    8194704 total
- age   7:    2933400 bytes,   11128104 total
- age   8:     145872 bytes,   11273976 total
: 109127K->16926K(109248K), 0,0271344 secs] 127552K->40629K(502464K), 0,0272582 secs] [Times: user=0,07 sys=0,01, real=0,03 secs] 
Heap after GC invocations=16 (full 1):
 par new generation   total 109248K, used 16926K [0x00000000e0000000, 0x00000000e8000000, 0x00000000e8000000)
  eden space 87424K,   0% used [0x00000000e0000000, 0x00000000e0000000, 0x00000000e5560000)
  from space 21824K,  77% used [0x00000000e5560000, 0x00000000e65e7bc0, 0x00000000e6ab0000)
  to   space 21824K,   0% used [0x00000000e6ab0000, 0x00000000e6ab0000, 0x00000000e8000000)
 concurrent mark-sweep generation total 393216K, used 23702K [0x00000000e8000000, 0x0000000100000000, 0x0000000100000000)
 Metaspace       used 30832K, capacity 31522K, committed 31740K, reserved 1077248K
  class space    used 3509K, capacity 3734K, committed 3836K, reserved 1048576K
}
2018-06-19T12:01:51.035+0200: 17,832: Total time for which application threads were stopped: 0,0320253 seconds, Stopping threads took: 0,0045439 seconds
2018-06-19T12:01:51.074+0200: 17,871: Total time for which application threads were stopped: 0,0002122 seconds, Stopping threads took: 0,0000721 seconds
{Heap before GC invocations=16 (full 1):
 par new generation   total 109248K, used 104350K [0x00000000e0000000, 0x00000000e8000000, 0x00000000e8000000)
  eden space 87424K, 100% used [0x00000000e0000000, 0x00000000e5560000, 0x00000000e5560000)
  from space 21824K,  77% used [0x00000000e5560000, 0x00000000e65e7bc0, 0x00000000e6ab0000)
  to   space 21824K,   0% used [0x00000000e6ab0000, 0x00000000e6ab0000, 0x00000000e8000000)
 concurrent mark-sweep generation total 393216K, used 23702K [0x00000000e8000000, 0x0000000100000000, 0x0000000100000000)
 Metaspace       used 30864K, capacity 31522K, committed 31740K, reserved 1077248K
  class space    used 3510K, capacity 3734K, committed 3836K, reserved 1048576K
2018-06-19T12:01:51.203+0200: 18,000: [GC (Allocation Failure) 2018-06-19T12:01:51.203+0200: 18,000: [ParNew
Desired survivor size 20112992 bytes, new threshold 8 (max 8)
- age   1:    1560744 bytes,    1560744 total
- age   2:    1013896 bytes,    2574640 total
- age   3:     531776 bytes,    3106416 total
- age   4:     478128 bytes,    3584544 total
- age   5:     327920 bytes,    3912464 total
- age   6:     121008 bytes,    4033472 total
- age   7:    3514904 bytes,    7548376 total
- age   8:    2933400 bytes,   10481776 total
: 104350K->13387K(109248K), 0,0223815 secs] 128053K->37235K(502464K), 0,0226505 secs] [Times: user=0,08 sys=0,00, real=0,03 secs] 
Heap after GC invocations=17 (full 1):
 par new generation   total 109248K, used 13387K [0x00000000e0000000, 0x00000000e8000000, 0x00000000e8000000)
  eden space 87424K,   0% used [0x00000000e0000000, 0x00000000e0000000, 0x00000000e5560000)
  from space 21824K,  61% used [0x00000000e6ab0000, 0x00000000e77c2f18, 0x00000000e8000000)
  to   space 21824K,   0% used [0x00000000e5560000, 0x00000000e5560000, 0x00000000e6ab0000)
 concurrent mark-sweep generation total 393216K, used 23847K [0x00000000e8000000, 0x0000000100000000, 0x0000000100000000)
 Metaspace       used 30864K, capacity 31522K, committed 31740K, reserved 1077248K
  class space    used 3510K, capacity 3734K, committed 3836K, reserved 1048576K
}
2018-06-19T12:01:51.226+0200: 18,023: Total time for which application threads were stopped: 0,0230441 seconds, Stopping threads took: 0,0000613 seconds
{Heap before GC invocations=17 (full 1):
 par new generation   total 109248K, used 100787K [0x00000000e0000000, 0x00000000e8000000, 0x00000000e8000000)
  eden space 87424K,  99% used [0x00000000e0000000, 0x00000000e555a010, 0x00000000e5560000)
  from space 21824K,  61% used [0x00000000e6ab0000, 0x00000000e77c2f18, 0x00000000e8000000)
  to   space 21824K,   0% used [0x00000000e5560000, 0x00000000e5560000, 0x00000000e6ab0000)
 concurrent mark-sweep generation total 393216K, used 23847K [0x00000000e8000000, 0x0000000100000000, 0x0000000100000000)
 Metaspace       used 30873K, capacity 31528K, committed 31740K, reserved 1077248K
  class space    used 3510K, capacity 3735K, committed 3836K, reserved 1048576K
2018-06-19T12:01:51.402+0200: 18,200: [GC (Allocation Failure) 2018-06-19T12:01:51.402+0200: 18,200: [ParNew
Desired survivor size 20112992 bytes, new threshold 8 (max 8)
- age   1:    1580240 bytes,    1580240 total
- age   2:    1136704 bytes,    2716944 total
- age   3:     751576 bytes,    3468520 total
- age   4:     253024 bytes,    3721544 total
- age   5:     234064 bytes,    3955608 total
- age   6:     195192 bytes,    4150800 total
- age   7:     120960 bytes,    4271760 total
- age   8:    3514464 bytes,    7786224 total
: 100787K->8847K(109248K), 0,0300089 secs] 124635K->35570K(502464K), 0,0301108 secs] [Times: user=0,11 sys=0,00, real=0,04 secs] 
Heap after GC invocations=18 (full 1):
 par new generation   total 109248K, used 8847K [0x00000000e0000000, 0x00000000e8000000, 0x00000000e8000000)
  eden space 87424K,   0% used [0x00000000e0000000, 0x00000000e0000000, 0x00000000e5560000)
  from space 21824K,  40% used [0x00000000e5560000, 0x00000000e5e03d28, 0x00000000e6ab0000)
  to   space 21824K,   0% used [0x00000000e6ab0000, 0x00000000e6ab0000, 0x00000000e8000000)
 concurrent mark-sweep generation total 393216K, used 26723K [0x00000000e8000000, 0x0000000100000000, 0x0000000100000000)
 Metaspace       used 30873K, capacity 31528K, committed 31740K, reserved 1077248K
  class space    used 3510K, capacity 3735K, committed 3836K, reserved 1048576K
}
2018-06-19T12:01:51.432+0200: 18,230: Total time for which application threads were stopped: 0,0303758 seconds, Stopping threads took: 0,0000365 seconds
{Heap before GC invocations=18 (full 1):
 par new generation   total 109248K, used 96271K [0x00000000e0000000, 0x00000000e8000000, 0x00000000e8000000)
  eden space 87424K, 100% used [0x00000000e0000000, 0x00000000e5560000, 0x00000000e5560000)
  from space 21824K,  40% used [0x00000000e5560000, 0x00000000e5e03d28, 0x00000000e6ab0000)
  to   space 21824K,   0% used [0x00000000e6ab0000, 0x00000000e6ab0000, 0x00000000e8000000)
 concurrent mark-sweep generation total 393216K, used 26723K [0x00000000e8000000, 0x0000000100000000, 0x0000000100000000)
 Metaspace       used 30890K, capacity 31592K, committed 31996K, reserved 1077248K
  class space    used 3510K, capacity 3735K, committed 3836K, reserved 1048576K
2018-06-19T12:01:51.563+0200: 18,360: [GC (Allocation Failure) 2018-06-19T12:01:51.563+0200: 18,360: [ParNew
Desired survivor size 20112992 bytes, new threshold 8 (max 8)
- age   1:    1647448 bytes,    1647448 total
- age   2:    1091328 bytes,    2738776 total
- age   3:    1087480 bytes,    3826256 total
- age   4:     751576 bytes,    4577832 total
- age   5:     252208 bytes,    4830040 total
- age   6:     234064 bytes,    5064104 total
- age   7:     195144 bytes,    5259248 total
- age   8:     120552 bytes,    5379800 total
: 96271K->8708K(109248K), 0,0530100 secs] 122994K->38915K(502464K), 0,0531407 secs] [Times: user=0,15 sys=0,00, real=0,06 secs] 
Heap after GC invocations=19 (full 1):
 par new generation   total 109248K, used 8708K [0x00000000e0000000, 0x00000000e8000000, 0x00000000e8000000)
  eden space 87424K,   0% used [0x00000000e0000000, 0x00000000e0000000, 0x00000000e5560000)
  from space 21824K,  39% used [0x00000000e6ab0000, 0x00000000e7331198, 0x00000000e8000000)
  to   space 21824K,   0% used [0x00000000e5560000, 0x00000000e5560000, 0x00000000e6ab0000)
 concurrent mark-sweep generation total 393216K, used 30207K [0x00000000e8000000, 0x0000000100000000, 0x0000000100000000)
 Metaspace       used 30890K, capacity 31592K, committed 31996K, reserved 1077248K
  class space    used 3510K, capacity 3735K, committed 3836K, reserved 1048576K
}
2018-06-19T12:01:51.616+0200: 18,413: Total time for which application threads were stopped: 0,0535022 seconds, Stopping threads took: 0,0000698 seconds
{Heap before GC invocations=19 (full 1):
 par new generation   total 109248K, used 96132K [0x00000000e0000000, 0x00000000e8000000, 0x00000000e8000000)
  eden space 87424K, 100% used [0x00000000e0000000, 0x00000000e5560000, 0x00000000e5560000)
  from space 21824K,  39% used [0x00000000e6ab0000, 0x00000000e7331198, 0x00000000e8000000)
  to   space 21824K,   0% used [0x00000000e5560000, 0x00000000e5560000, 0x00000000e6ab0000)
 concurrent mark-sweep generation total 393216K, used 30207K [0x00000000e8000000, 0x0000000100000000, 0x0000000100000000)
 Metaspace       used 30903K, capacity 31592K, committed 31996K, reserved 1077248K
  class space    used 3510K, capacity 3735K, committed 3836K, reserved 1048576K
2018-06-19T12:01:51.784+0200: 18,582: [GC (Allocation Failure) 2018-06-19T12:01:51.785+0200: 18,582: [ParNew
Desired survivor size 20112992 bytes, new threshold 8 (max 8)
- age   1:    2072320 bytes,    2072320 total
- age   2:     985392 bytes,    3057712 total
- age   3:     894496 bytes,    3952208 total
- age   4:    1087480 bytes,    5039688 total
- age   5:     751576 bytes,    5791264 total
- age   6:     252208 bytes,    6043472 total
- age   7:     234016 bytes,    6277488 total
- age   8:     194280 bytes,    6471768 total
: 96132K->8401K(109248K), 0,0164290 secs] 126339K->38726K(502464K), 0,0166863 secs] [Times: user=0,05 sys=0,00, real=0,01 secs] 
Heap after GC invocations=20 (full 1):
 par new generation   total 109248K, used 8401K [0x00000000e0000000, 0x00000000e8000000, 0x00000000e8000000)
  eden space 87424K,   0% used [0x00000000e0000000, 0x00000000e0000000, 0x00000000e5560000)
  from space 21824K,  38% used [0x00000000e5560000, 0x00000000e5d94608, 0x00000000e6ab0000)
  to   space 21824K,   0% used [0x00000000e6ab0000, 0x00000000e6ab0000, 0x00000000e8000000)
 concurrent mark-sweep generation total 393216K, used 30324K [0x00000000e8000000, 0x0000000100000000, 0x0000000100000000)
 Metaspace       used 30903K, capacity 31592K, committed 31996K, reserved 1077248K
  class space    used 3510K, capacity 3735K, committed 3836K, reserved 1048576K
}
2018-06-19T12:01:51.801+0200: 18,598: Total time for which application threads were stopped: 0,0177361 seconds, Stopping threads took: 0,0001609 seconds
2018-06-19T12:01:51.898+0200: 18,695: Total time for which application threads were stopped: 0,0078194 seconds, Stopping threads took: 0,0069347 seconds
2018-06-19T12:01:51.906+0200: 18,703: Total time for which application threads were stopped: 0,0002229 seconds, Stopping threads took: 0,0000862 seconds
2018-06-19T12:01:51.907+0200: 18,705: Total time for which application threads were stopped: 0,0006358 seconds, Stopping threads took: 0,0000789 seconds
2018-06-19T12:01:51.928+0200: 18,725: Total time for which application threads were stopped: 0,0025379 seconds, Stopping threads took: 0,0024202 seconds
2018-06-19T12:01:51.932+0200: 18,729: Total time for which application threads were stopped: 0,0001714 seconds, Stopping threads took: 0,0000556 seconds
2018-06-19T12:01:51.935+0200: 18,733: Total time for which application threads were stopped: 0,0001642 seconds, Stopping threads took: 0,0000566 seconds
{Heap before GC invocations=20 (full 1):
 par new generation   total 109248K, used 95825K [0x00000000e0000000, 0x00000000e8000000, 0x00000000e8000000)
  eden space 87424K, 100% used [0x00000000e0000000, 0x00000000e5560000, 0x00000000e5560000)
  from space 21824K,  38% used [0x00000000e5560000, 0x00000000e5d94608, 0x00000000e6ab0000)
  to   space 21824K,   0% used [0x00000000e6ab0000, 0x00000000e6ab0000, 0x00000000e8000000)
 concurrent mark-sweep generation total 393216K, used 30324K [0x00000000e8000000, 0x0000000100000000, 0x0000000100000000)
 Metaspace       used 30911K, capacity 31592K, committed 31996K, reserved 1077248K
  class space    used 3510K, capacity 3735K, committed 3836K, reserved 1048576K
2018-06-19T12:01:51.940+0200: 18,738: [GC (Allocation Failure) 2018-06-19T12:01:51.940+0200: 18,738: [ParNew
Desired survivor size 20112992 bytes, new threshold 8 (max 8)
- age   1:    2304272 bytes,    2304272 total
- age   2:    1219048 bytes,    3523320 total
- age   3:     928368 bytes,    4451688 total
- age   4:     838048 bytes,    5289736 total
- age   5:    1038712 bytes,    6328448 total
- age   6:     646088 bytes,    6974536 total
- age   7:     252128 bytes,    7226664 total
- age   8:     233528 bytes,    7460192 total
: 95825K->8617K(109248K), 0,0118788 secs] 126150K->39132K(502464K), 0,0119624 secs] [Times: user=0,04 sys=0,00, real=0,02 secs] 
Heap after GC invocations=21 (full 1):
 par new generation   total 109248K, used 8617K [0x00000000e0000000, 0x00000000e8000000, 0x00000000e8000000)
  eden space 87424K,   0% used [0x00000000e0000000, 0x00000000e0000000, 0x00000000e5560000)
  from space 21824K,  39% used [0x00000000e6ab0000, 0x00000000e731a7f0, 0x00000000e8000000)
  to   space 21824K,   0% used [0x00000000e5560000, 0x00000000e5560000, 0x00000000e6ab0000)
 concurrent mark-sweep generation total 393216K, used 30514K [0x00000000e8000000, 0x0000000100000000, 0x0000000100000000)
 Metaspace       used 30911K, capacity 31592K, committed 31996K, reserved 1077248K
  class space    used 3510K, capacity 3735K, committed 3836K, reserved 1048576K
}
2018-06-19T12:01:51.952+0200: 18,750: Total time for which application threads were stopped: 0,0123491 seconds, Stopping threads took: 0,0002164 seconds
{Heap before GC invocations=21 (full 1):
 par new generation   total 109248K, used 96041K [0x00000000e0000000, 0x00000000e8000000, 0x00000000e8000000)
  eden space 87424K, 100% used [0x00000000e0000000, 0x00000000e5560000, 0x00000000e5560000)
  from space 21824K,  39% used [0x00000000e6ab0000, 0x00000000e731a7f0, 0x00000000e8000000)
  to   space 21824K,   0% used [0x00000000e5560000, 0x00000000e5560000, 0x00000000e6ab0000)
 concurrent mark-sweep generation total 393216K, used 30514K [0x00000000e8000000, 0x0000000100000000, 0x0000000100000000)
 Metaspace       used 30917K, capacity 31592K, committed 31996K, reserved 1077248K
  class space    used 3510K, capacity 3735K, committed 3836K, reserved 1048576K
2018-06-19T12:01:52.197+0200: 18,994: [GC (Allocation Failure) 2018-06-19T12:01:52.197+0200: 18,994: [ParNew
Desired survivor size 20112992 bytes, new threshold 8 (max 8)
- age   1:    1457224 bytes,    1457224 total
- age   2:    2093624 bytes,    3550848 total
- age   3:    1219024 bytes,    4769872 total
- age   4:     928368 bytes,    5698240 total
- age   5:     838048 bytes,    6536288 total
- age   6:    1038712 bytes,    7575000 total
- age   7:     646040 bytes,    8221040 total
- age   8:     251720 bytes,    8472760 total
: 96041K->12495K(109248K), 0,0257108 secs] 126556K->43237K(502464K), 0,0258375 secs] [Times: user=0,08 sys=0,01, real=0,02 secs] 
Heap after GC invocations=22 (full 1):
 par new generation   total 109248K, used 12495K [0x00000000e0000000, 0x00000000e8000000, 0x00000000e8000000)
  eden space 87424K,   0% used [0x00000000e0000000, 0x00000000e0000000, 0x00000000e5560000)
  from space 21824K,  57% used [0x00000000e5560000, 0x00000000e6193c00, 0x00000000e6ab0000)
  to   space 21824K,   0% used [0x00000000e6ab0000, 0x00000000e6ab0000, 0x00000000e8000000)
 concurrent mark-sweep generation total 393216K, used 30742K [0x00000000e8000000, 0x0000000100000000, 0x0000000100000000)
 Metaspace       used 30917K, capacity 31592K, committed 31996K, reserved 1077248K
  class space    used 3510K, capacity 3735K, committed 3836K, reserved 1048576K
}
2018-06-19T12:01:52.222+0200: 19,020: Total time for which application threads were stopped: 0,0277028 seconds, Stopping threads took: 0,0015996 seconds
{Heap before GC invocations=22 (full 1):
 par new generation   total 109248K, used 99892K [0x00000000e0000000, 0x00000000e8000000, 0x00000000e8000000)
  eden space 87424K,  99% used [0x00000000e0000000, 0x00000000e5559690, 0x00000000e5560000)
  from space 21824K,  57% used [0x00000000e5560000, 0x00000000e6193c00, 0x00000000e6ab0000)
  to   space 21824K,   0% used [0x00000000e6ab0000, 0x00000000e6ab0000, 0x00000000e8000000)
 concurrent mark-sweep generation total 393216K, used 30742K [0x00000000e8000000, 0x0000000100000000, 0x0000000100000000)
 Metaspace       used 30934K, capacity 31656K, committed 31996K, reserved 1077248K
  class space    used 3510K, capacity 3735K, committed 3836K, reserved 1048576K
2018-06-19T12:01:52.365+0200: 19,162: [GC (Allocation Failure) 2018-06-19T12:01:52.365+0200: 19,163: [ParNew
Desired survivor size 20112992 bytes, new threshold 8 (max 8)
- age   1:    1786160 bytes,    1786160 total
- age   2:     984856 bytes,    2771016 total
- age   3:     821312 bytes,    3592328 total
- age   4:     352328 bytes,    3944656 total
- age   5:     387152 bytes,    4331808 total
- age   6:     363752 bytes,    4695560 total
- age   7:     654664 bytes,    5350224 total
- age   8:     275768 bytes,    5625992 total
: 99892K->7260K(109248K), 0,0152879 secs] 130635K->38249K(502464K), 0,0156328 secs] [Times: user=0,05 sys=0,00, real=0,01 secs] 
Heap after GC invocations=23 (full 1):
 par new generation   total 109248K, used 7260K [0x00000000e0000000, 0x00000000e8000000, 0x00000000e8000000)
  eden space 87424K,   0% used [0x00000000e0000000, 0x00000000e0000000, 0x00000000e5560000)
  from space 21824K,  33% used [0x00000000e6ab0000, 0x00000000e71c7340, 0x00000000e8000000)
  to   space 21824K,   0% used [0x00000000e5560000, 0x00000000e5560000, 0x00000000e6ab0000)
 concurrent mark-sweep generation total 393216K, used 30989K [0x00000000e8000000, 0x0000000100000000, 0x0000000100000000)
 Metaspace       used 30934K, capacity 31656K, committed 31996K, reserved 1077248K
  class space    used 3510K, capacity 3735K, committed 3836K, reserved 1048576K
}
2018-06-19T12:01:52.381+0200: 19,178: Total time for which application threads were stopped: 0,0210773 seconds, Stopping threads took: 0,0044391 seconds
{Heap before GC invocations=23 (full 1):
 par new generation   total 109248K, used 94684K [0x00000000e0000000, 0x00000000e8000000, 0x00000000e8000000)
  eden space 87424K, 100% used [0x00000000e0000000, 0x00000000e5560000, 0x00000000e5560000)
  from space 21824K,  33% used [0x00000000e6ab0000, 0x00000000e71c7340, 0x00000000e8000000)
  to   space 21824K,   0% used [0x00000000e5560000, 0x00000000e5560000, 0x00000000e6ab0000)
 concurrent mark-sweep generation total 393216K, used 30989K [0x00000000e8000000, 0x0000000100000000, 0x0000000100000000)
 Metaspace       used 30969K, capacity 31720K, committed 31996K, reserved 1077248K
  class space    used 3510K, capacity 3735K, committed 3836K, reserved 1048576K
2018-06-19T12:01:52.490+0200: 19,288: [GC (Allocation Failure) 2018-06-19T12:01:52.490+0200: 19,288: [ParNew
Desired survivor size 20112992 bytes, new threshold 8 (max 8)
- age   1:    1545936 bytes,    1545936 total
- age   2:    1350056 bytes,    2895992 total
- age   3:     934768 bytes,    3830760 total
- age   4:     681792 bytes,    4512552 total
- age   5:      80192 bytes,    4592744 total
- age   6:      78752 bytes,    4671496 total
- age   7:      78024 bytes,    4749520 total
- age   8:     420576 bytes,    5170096 total
: 94684K->6672K(109248K), 0,0146305 secs] 125673K->37771K(502464K), 0,0147467 secs] [Times: user=0,05 sys=0,00, real=0,02 secs] 
Heap after GC invocations=24 (full 1):
 par new generation   total 109248K, used 6672K [0x00000000e0000000, 0x00000000e8000000, 0x00000000e8000000)
  eden space 87424K,   0% used [0x00000000e0000000, 0x00000000e0000000, 0x00000000e5560000)
  from space 21824K,  30% used [0x00000000e5560000, 0x00000000e5be42a0, 0x00000000e6ab0000)
  to   space 21824K,   0% used [0x00000000e6ab0000, 0x00000000e6ab0000, 0x00000000e8000000)
 concurrent mark-sweep generation total 393216K, used 31098K [0x00000000e8000000, 0x0000000100000000, 0x0000000100000000)
 Metaspace       used 30969K, capacity 31720K, committed 31996K, reserved 1077248K
  class space    used 3510K, capacity 3735K, committed 3836K, reserved 1048576K
}
2018-06-19T12:01:52.505+0200: 19,302: Total time for which application threads were stopped: 0,0150198 seconds, Stopping threads took: 0,0000600 seconds
{Heap before GC invocations=24 (full 1):
 par new generation   total 109248K, used 94069K [0x00000000e0000000, 0x00000000e8000000, 0x00000000e8000000)
  eden space 87424K,  99% used [0x00000000e0000000, 0x00000000e5559480, 0x00000000e5560000)
  from space 21824K,  30% used [0x00000000e5560000, 0x00000000e5be42a0, 0x00000000e6ab0000)
  to   space 21824K,   0% used [0x00000000e6ab0000, 0x00000000e6ab0000, 0x00000000e8000000)
 concurrent mark-sweep generation total 393216K, used 31098K [0x00000000e8000000, 0x0000000100000000, 0x0000000100000000)
 Metaspace       used 30971K, capacity 31720K, committed 31996K, reserved 1077248K
  class space    used 3510K, capacity 3735K, committed 3836K, reserved 1048576K
2018-06-19T12:01:52.674+0200: 19,472: [GC (Allocation Failure) 2018-06-19T12:01:52.674+0200: 19,472: [ParNew
Desired survivor size 20112992 bytes, new threshold 8 (max 8)
- age   1:    2023448 bytes,    2023448 total
- age   2:     989288 bytes,    3012736 total
- age   3:    1154000 bytes,    4166736 total
- age   4:     935560 bytes,    5102296 total
- age   5:     681272 bytes,    5783568 total
- age   6:      80192 bytes,    5863760 total
- age   7:      78704 bytes,    5942464 total
- age   8:      76976 bytes,    6019440 total
: 94069K->7245K(109248K), 0,0137138 secs] 125168K->38755K(502464K), 0,0138083 secs] [Times: user=0,04 sys=0,00, real=0,01 secs] 
Heap after GC invocations=25 (full 1):
 par new generation   total 109248K, used 7245K [0x00000000e0000000, 0x00000000e8000000, 0x00000000e8000000)
  eden space 87424K,   0% used [0x00000000e0000000, 0x00000000e0000000, 0x00000000e5560000)
  from space 21824K,  33% used [0x00000000e6ab0000, 0x00000000e71c3640, 0x00000000e8000000)
  to   space 21824K,   0% used [0x00000000e5560000, 0x00000000e5560000, 0x00000000e6ab0000)
 concurrent mark-sweep generation total 393216K, used 31510K [0x00000000e8000000, 0x0000000100000000, 0x0000000100000000)
 Metaspace       used 30971K, capacity 31720K, committed 31996K, reserved 1077248K
  class space    used 3510K, capacity 3735K, committed 3836K, reserved 1048576K
}
2018-06-19T12:01:52.688+0200: 19,485: Total time for which application threads were stopped: 0,0140783 seconds, Stopping threads took: 0,0000684 seconds
{Heap before GC invocations=25 (full 1):
 par new generation   total 109248K, used 94669K [0x00000000e0000000, 0x00000000e8000000, 0x00000000e8000000)
  eden space 87424K, 100% used [0x00000000e0000000, 0x00000000e5560000, 0x00000000e5560000)
  from space 21824K,  33% used [0x00000000e6ab0000, 0x00000000e71c3640, 0x00000000e8000000)
  to   space 21824K,   0% used [0x00000000e5560000, 0x00000000e5560000, 0x00000000e6ab0000)
 concurrent mark-sweep generation total 393216K, used 31510K [0x00000000e8000000, 0x0000000100000000, 0x0000000100000000)
 Metaspace       used 30977K, capacity 31720K, committed 31996K, reserved 1077248K
  class space    used 3510K, capacity 3735K, committed 3836K, reserved 1048576K
2018-06-19T12:01:52.829+0200: 19,627: [GC (Allocation Failure) 2018-06-19T12:01:52.829+0200: 19,627: [ParNew
Desired survivor size 20112992 bytes, new threshold 8 (max 8)
- age   1:    1713064 bytes,    1713064 total
- age   2:    1286200 bytes,    2999264 total
- age   3:     988760 bytes,    3988024 total
- age   4:    1153928 bytes,    5141952 total
- age   5:     935512 bytes,    6077464 total
- age   6:     681392 bytes,    6758856 total
- age   7:      80144 bytes,    6839000 total
- age   8:      78472 bytes,    6917472 total
: 94669K->10122K(109248K), 0,0181338 secs] 126179K->41707K(502464K), 0,0182280 secs] [Times: user=0,05 sys=0,00, real=0,02 secs] 
Heap after GC invocations=26 (full 1):
 par new generation   total 109248K, used 10122K [0x00000000e0000000, 0x00000000e8000000, 0x00000000e8000000)
  eden space 87424K,   0% used [0x00000000e0000000, 0x00000000e0000000, 0x00000000e5560000)
  from space 21824K,  46% used [0x00000000e5560000, 0x00000000e5f42a40, 0x00000000e6ab0000)
  to   space 21824K,   0% used [0x00000000e6ab0000, 0x00000000e6ab0000, 0x00000000e8000000)
 concurrent mark-sweep generation total 393216K, used 31585K [0x00000000e8000000, 0x0000000100000000, 0x0000000100000000)
 Metaspace       used 30977K, capacity 31720K, committed 31996K, reserved 1077248K
  class space    used 3510K, capacity 3735K, committed 3836K, reserved 1048576K
}
2018-06-19T12:01:52.848+0200: 19,645: Total time for which application threads were stopped: 0,0184689 seconds, Stopping threads took: 0,0000308 seconds
2018-06-19T12:01:52.896+0200: 19,693: Total time for which application threads were stopped: 0,0019084 seconds, Stopping threads took: 0,0017893 seconds
2018-06-19T12:01:52.899+0200: 19,697: Total time for which application threads were stopped: 0,0010025 seconds, Stopping threads took: 0,0002721 seconds
2018-06-19T12:01:52.912+0200: 19,710: Total time for which application threads were stopped: 0,0004913 seconds, Stopping threads took: 0,0000420 seconds
2018-06-19T12:01:52.913+0200: 19,710: Total time for which application threads were stopped: 0,0001922 seconds, Stopping threads took: 0,0000410 seconds
2018-06-19T12:01:52.913+0200: 19,711: Total time for which application threads were stopped: 0,0002110 seconds, Stopping threads took: 0,0000617 seconds
2018-06-19T12:01:52.918+0200: 19,715: Total time for which application threads were stopped: 0,0008387 seconds, Stopping threads took: 0,0002236 seconds
2018-06-19T12:01:52.926+0200: 19,724: Total time for which application threads were stopped: 0,0063316 seconds, Stopping threads took: 0,0062141 seconds
2018-06-19T12:01:52.943+0200: 19,740: Total time for which application threads were stopped: 0,0001942 seconds, Stopping threads took: 0,0000645 seconds
2018-06-19T12:01:52.943+0200: 19,741: Total time for which application threads were stopped: 0,0001099 seconds, Stopping threads took: 0,0000193 seconds
{Heap before GC invocations=26 (full 1):
 par new generation   total 109248K, used 97546K [0x00000000e0000000, 0x00000000e8000000, 0x00000000e8000000)
  eden space 87424K, 100% used [0x00000000e0000000, 0x00000000e5560000, 0x00000000e5560000)
  from space 21824K,  46% used [0x00000000e5560000, 0x00000000e5f42a40, 0x00000000e6ab0000)
  to   space 21824K,   0% used [0x00000000e6ab0000, 0x00000000e6ab0000, 0x00000000e8000000)
 concurrent mark-sweep generation total 393216K, used 31585K [0x00000000e8000000, 0x0000000100000000, 0x0000000100000000)
 Metaspace       used 30982K, capacity 31720K, committed 31996K, reserved 1077248K
  class space    used 3510K, capacity 3735K, committed 3836K, reserved 1048576K
2018-06-19T12:01:53.084+0200: 19,881: [GC (Allocation Failure) 2018-06-19T12:01:53.084+0200: 19,882: [ParNew
Desired survivor size 20112992 bytes, new threshold 8 (max 8)
- age   1:    1822648 bytes,    1822648 total
- age   2:    1578464 bytes,    3401112 total
- age   3:    1226448 bytes,    4627560 total
- age   4:     865440 bytes,    5493000 total
- age   5:    1108408 bytes,    6601408 total
- age   6:     885152 bytes,    7486560 total
- age   7:     581384 bytes,    8067944 total
- age   8:      79864 bytes,    8147808 total
: 97546K->10439K(109248K), 0,0206052 secs] 129131K->42101K(502464K), 0,0208840 secs] [Times: user=0,06 sys=0,00, real=0,02 secs] 
Heap after GC invocations=27 (full 1):
 par new generation   total 109248K, used 10439K [0x00000000e0000000, 0x00000000e8000000, 0x00000000e8000000)
  eden space 87424K,   0% used [0x00000000e0000000, 0x00000000e0000000, 0x00000000e5560000)
  from space 21824K,  47% used [0x00000000e6ab0000, 0x00000000e74e1fc8, 0x00000000e8000000)
  to   space 21824K,   0% used [0x00000000e5560000, 0x00000000e5560000, 0x00000000e6ab0000)
 concurrent mark-sweep generation total 393216K, used 31661K [0x00000000e8000000, 0x0000000100000000, 0x0000000100000000)
 Metaspace       used 30982K, capacity 31720K, committed 31996K, reserved 1077248K
  class space    used 3510K, capacity 3735K, committed 3836K, reserved 1048576K
}
2018-06-19T12:01:53.105+0200: 19,902: Total time for which application threads were stopped: 0,0248250 seconds, Stopping threads took: 0,0031847 seconds
{Heap before GC invocations=27 (full 1):
 par new generation   total 109248K, used 97846K [0x00000000e0000000, 0x00000000e8000000, 0x00000000e8000000)
  eden space 87424K,  99% used [0x00000000e0000000, 0x00000000e555ba40, 0x00000000e5560000)
  from space 21824K,  47% used [0x00000000e6ab0000, 0x00000000e74e1fc8, 0x00000000e8000000)
  to   space 21824K,   0% used [0x00000000e5560000, 0x00000000e5560000, 0x00000000e6ab0000)
 concurrent mark-sweep generation total 393216K, used 31661K [0x00000000e8000000, 0x0000000100000000, 0x0000000100000000)
 Metaspace       used 30990K, capacity 31720K, committed 31996K, reserved 1077248K
  class space    used 3510K, capacity 3735K, committed 3836K, reserved 1048576K
2018-06-19T12:01:53.216+0200: 20,013: [GC (Allocation Failure) 2018-06-19T12:01:53.216+0200: 20,014: [ParNew
Desired survivor size 20112992 bytes, new threshold 8 (max 8)
- age   1:    1425224 bytes,    1425224 total
- age   2:    1423936 bytes,    2849160 total
- age   3:    1578440 bytes,    4427600 total
- age   4:    1226448 bytes,    5654048 total
- age   5:     865440 bytes,    6519488 total
- age   6:    1108408 bytes,    7627896 total
- age   7:     885152 bytes,    8513048 total
- age   8:     581336 bytes,    9094384 total
: 97846K->10815K(109248K), 0,0140946 secs] 129508K->42555K(502464K), 0,0141827 secs] [Times: user=0,03 sys=0,01, real=0,01 secs] 
Heap after GC invocations=28 (full 1):
 par new generation   total 109248K, used 10815K [0x00000000e0000000, 0x00000000e8000000, 0x00000000e8000000)
  eden space 87424K,   0% used [0x00000000e0000000, 0x00000000e0000000, 0x00000000e5560000)
  from space 21824K,  49% used [0x00000000e5560000, 0x00000000e5fefdf8, 0x00000000e6ab0000)
  to   space 21824K,   0% used [0x00000000e6ab0000, 0x00000000e6ab0000, 0x00000000e8000000)
 concurrent mark-sweep generation total 393216K, used 31739K [0x00000000e8000000, 0x0000000100000000, 0x0000000100000000)
 Metaspace       used 30990K, capacity 31720K, committed 31996K, reserved 1077248K
  class space    used 3510K, capacity 3735K, committed 3836K, reserved 1048576K
}
2018-06-19T12:01:53.230+0200: 20,028: Total time for which application threads were stopped: 0,0149889 seconds, Stopping threads took: 0,0005849 seconds
{Heap before GC invocations=28 (full 1):
 par new generation   total 109248K, used 98239K [0x00000000e0000000, 0x00000000e8000000, 0x00000000e8000000)
  eden space 87424K, 100% used [0x00000000e0000000, 0x00000000e5560000, 0x00000000e5560000)
  from space 21824K,  49% used [0x00000000e5560000, 0x00000000e5fefdf8, 0x00000000e6ab0000)
  to   space 21824K,   0% used [0x00000000e6ab0000, 0x00000000e6ab0000, 0x00000000e8000000)
 concurrent mark-sweep generation total 393216K, used 31739K [0x00000000e8000000, 0x0000000100000000, 0x0000000100000000)
 Metaspace       used 31012K, capacity 31720K, committed 31996K, reserved 1077248K
  class space    used 3510K, capacity 3735K, committed 3836K, reserved 1048576K
2018-06-19T12:01:53.401+0200: 20,198: [GC (Allocation Failure) 2018-06-19T12:01:53.401+0200: 20,198: [ParNew
Desired survivor size 20112992 bytes, new threshold 8 (max 8)
- age   1:    1817696 bytes,    1817696 total
- age   2:     963096 bytes,    2780792 total
- age   3:    1020136 bytes,    3800928 total
- age   4:      87136 bytes,    3888064 total
- age   5:      78976 bytes,    3967040 total
- age   6:      80464 bytes,    4047504 total
- age   7:     506736 bytes,    4554240 total
- age   8:     193360 bytes,    4747600 total
: 98239K->7644K(109248K), 0,0226447 secs] 129979K->39478K(502464K), 0,0227443 secs] [Times: user=0,07 sys=0,00, real=0,02 secs] 
Heap after GC invocations=29 (full 1):
 par new generation   total 109248K, used 7644K [0x00000000e0000000, 0x00000000e8000000, 0x00000000e8000000)
  eden space 87424K,   0% used [0x00000000e0000000, 0x00000000e0000000, 0x00000000e5560000)
  from space 21824K,  35% used [0x00000000e6ab0000, 0x00000000e72270c0, 0x00000000e8000000)
  to   space 21824K,   0% used [0x00000000e5560000, 0x00000000e5560000, 0x00000000e6ab0000)
 concurrent mark-sweep generation total 393216K, used 31833K [0x00000000e8000000, 0x0000000100000000, 0x0000000100000000)
 Metaspace       used 31012K, capacity 31720K, committed 31996K, reserved 1077248K
  class space    used 3510K, capacity 3735K, committed 3836K, reserved 1048576K
}
2018-06-19T12:01:53.423+0200: 20,221: Total time for which application threads were stopped: 0,0229839 seconds, Stopping threads took: 0,0000332 seconds
{Heap before GC invocations=29 (full 1):
 par new generation   total 109248K, used 95068K [0x00000000e0000000, 0x00000000e8000000, 0x00000000e8000000)
  eden space 87424K, 100% used [0x00000000e0000000, 0x00000000e5560000, 0x00000000e5560000)
  from space 21824K,  35% used [0x00000000e6ab0000, 0x00000000e72270c0, 0x00000000e8000000)
  to   space 21824K,   0% used [0x00000000e5560000, 0x00000000e5560000, 0x00000000e6ab0000)
 concurrent mark-sweep generation total 393216K, used 31833K [0x00000000e8000000, 0x0000000100000000, 0x0000000100000000)
 Metaspace       used 31019K, capacity 31726K, committed 31996K, reserved 1077248K
  class space    used 3511K, capacity 3736K, committed 3836K, reserved 1048576K
2018-06-19T12:01:53.569+0200: 20,366: [GC (Allocation Failure) 2018-06-19T12:01:53.569+0200: 20,366: [ParNew
Desired survivor size 20112992 bytes, new threshold 8 (max 8)
- age   1:    1630688 bytes,    1630688 total
- age   2:    1356096 bytes,    2986784 total
- age   3:     863592 bytes,    3850376 total
- age   4:    1018280 bytes,    4868656 total
- age   5:      87136 bytes,    4955792 total
- age   6:      78976 bytes,    5034768 total
- age   7:      80416 bytes,    5115184 total
- age   8:     505640 bytes,    5620824 total
: 95068K->6902K(109248K), 0,0209727 secs] 126902K->38924K(502464K), 0,0210524 secs] [Times: user=0,07 sys=0,00, real=0,02 secs] 
Heap after GC invocations=30 (full 1):
 par new generation   total 109248K, used 6902K [0x00000000e0000000, 0x00000000e8000000, 0x00000000e8000000)
  eden space 87424K,   0% used [0x00000000e0000000, 0x00000000e0000000, 0x00000000e5560000)
  from space 21824K,  31% used [0x00000000e5560000, 0x00000000e5c1d978, 0x00000000e6ab0000)
  to   space 21824K,   0% used [0x00000000e6ab0000, 0x00000000e6ab0000, 0x00000000e8000000)
 concurrent mark-sweep generation total 393216K, used 32022K [0x00000000e8000000, 0x0000000100000000, 0x0000000100000000)
 Metaspace       used 31019K, capacity 31726K, committed 31996K, reserved 1077248K
  class space    used 3511K, capacity 3736K, committed 3836K, reserved 1048576K
}
2018-06-19T12:01:53.590+0200: 20,387: Total time for which application threads were stopped: 0,0213144 seconds, Stopping threads took: 0,0000360 seconds
{Heap before GC invocations=30 (full 1):
 par new generation   total 109248K, used 94326K [0x00000000e0000000, 0x00000000e8000000, 0x00000000e8000000)
  eden space 87424K, 100% used [0x00000000e0000000, 0x00000000e5560000, 0x00000000e5560000)
  from space 21824K,  31% used [0x00000000e5560000, 0x00000000e5c1d978, 0x00000000e6ab0000)
  to   space 21824K,   0% used [0x00000000e6ab0000, 0x00000000e6ab0000, 0x00000000e8000000)
 concurrent mark-sweep generation total 393216K, used 32022K [0x00000000e8000000, 0x0000000100000000, 0x0000000100000000)
 Metaspace       used 31019K, capacity 31726K, committed 31996K, reserved 1077248K
  class space    used 3511K, capacity 3736K, committed 3836K, reserved 1048576K
2018-06-19T12:01:53.690+0200: 20,487: [GC (Allocation Failure) 2018-06-19T12:01:53.690+0200: 20,487: [ParNew
Desired survivor size 20112992 bytes, new threshold 8 (max 8)
- age   1:    1480656 bytes,    1480656 total
- age   2:    1025784 bytes,    2506440 total
- age   3:    1355952 bytes,    3862392 total
- age   4:     863352 bytes,    4725744 total
- age   5:    1017968 bytes,    5743712 total
- age   6:      87136 bytes,    5830848 total
- age   7:      78976 bytes,    5909824 total
- age   8:      80416 bytes,    5990240 total
: 94326K->8544K(109248K), 0,0179120 secs] 126348K->41061K(502464K), 0,0179973 secs] [Times: user=0,07 sys=0,00, real=0,02 secs] 
Heap after GC invocations=31 (full 1):
 par new generation   total 109248K, used 8544K [0x00000000e0000000, 0x00000000e8000000, 0x00000000e8000000)
  eden space 87424K,   0% used [0x00000000e0000000, 0x00000000e0000000, 0x00000000e5560000)
  from space 21824K,  39% used [0x00000000e6ab0000, 0x00000000e7308340, 0x00000000e8000000)
  to   space 21824K,   0% used [0x00000000e5560000, 0x00000000e5560000, 0x00000000e6ab0000)
 concurrent mark-sweep generation total 393216K, used 32516K [0x00000000e8000000, 0x0000000100000000, 0x0000000100000000)
 Metaspace       used 31019K, capacity 31726K, committed 31996K, reserved 1077248K
  class space    used 3511K, capacity 3736K, committed 3836K, reserved 1048576K
}
2018-06-19T12:01:53.708+0200: 20,505: Total time for which application threads were stopped: 0,0182606 seconds, Stopping threads took: 0,0000568 seconds
2018-06-19T12:01:53.728+0200: 20,526: Total time for which application threads were stopped: 0,0001247 seconds, Stopping threads took: 0,0000332 seconds
2018-06-19T12:01:53.729+0200: 20,526: Total time for which application threads were stopped: 0,0000675 seconds, Stopping threads took: 0,0000148 seconds
2018-06-19T12:01:53.731+0200: 20,529: Total time for which application threads were stopped: 0,0001788 seconds, Stopping threads took: 0,0001015 seconds
2018-06-19T12:01:53.732+0200: 20,529: Total time for which application threads were stopped: 0,0001580 seconds, Stopping threads took: 0,0000279 seconds
2018-06-19T12:01:53.789+0200: 20,587: Total time for which application threads were stopped: 0,0001461 seconds, Stopping threads took: 0,0000316 seconds
2018-06-19T12:01:53.790+0200: 20,587: Total time for which application threads were stopped: 0,0000694 seconds, Stopping threads took: 0,0000197 seconds
2018-06-19T12:01:53.790+0200: 20,587: Total time for which application threads were stopped: 0,0000661 seconds, Stopping threads took: 0,0000272 seconds
2018-06-19T12:01:53.790+0200: 20,587: Total time for which application threads were stopped: 0,0000531 seconds, Stopping threads took: 0,0000136 seconds
2018-06-19T12:01:53.814+0200: 20,612: Total time for which application threads were stopped: 0,0001507 seconds, Stopping threads took: 0,0000589 seconds
2018-06-19T12:01:53.816+0200: 20,613: Total time for which application threads were stopped: 0,0001160 seconds, Stopping threads took: 0,0000363 seconds
2018-06-19T12:01:53.816+0200: 20,614: Total time for which application threads were stopped: 0,0001223 seconds, Stopping threads took: 0,0000468 seconds
2018-06-19T12:01:53.817+0200: 20,615: Total time for which application threads were stopped: 0,0001331 seconds, Stopping threads took: 0,0000472 seconds
2018-06-19T12:01:53.817+0200: 20,615: Total time for which application threads were stopped: 0,0000662 seconds, Stopping threads took: 0,0000213 seconds
2018-06-19T12:01:53.818+0200: 20,615: Total time for which application threads were stopped: 0,0001126 seconds, Stopping threads took: 0,0000529 seconds
2018-06-19T12:01:53.818+0200: 20,616: Total time for which application threads were stopped: 0,0001642 seconds, Stopping threads took: 0,0000156 seconds
2018-06-19T12:01:54.277+0200: 21,074: Total time for which application threads were stopped: 0,0001433 seconds, Stopping threads took: 0,0000340 seconds
2018-06-19T12:01:54.278+0200: 21,075: Total time for which application threads were stopped: 0,0001031 seconds, Stopping threads took: 0,0000305 seconds
2018-06-19T12:01:54.278+0200: 21,075: Total time for which application threads were stopped: 0,0000598 seconds, Stopping threads took: 0,0000186 seconds
2018-06-19T12:01:54.278+0200: 21,075: Total time for which application threads were stopped: 0,0000525 seconds, Stopping threads took: 0,0000170 seconds
2018-06-19T12:01:54.278+0200: 21,075: Total time for which application threads were stopped: 0,0000540 seconds, Stopping threads took: 0,0000177 seconds
2018-06-19T12:01:54.278+0200: 21,075: Total time for which application threads were stopped: 0,0000547 seconds, Stopping threads took: 0,0000153 seconds
2018-06-19T12:01:54.295+0200: 21,092: Total time for which application threads were stopped: 0,0001913 seconds, Stopping threads took: 0,0000321 seconds
2018-06-19T12:01:54.299+0200: 21,097: Total time for which application threads were stopped: 0,0002624 seconds, Stopping threads took: 0,0000637 seconds
2018-06-19T12:01:54.300+0200: 21,097: Total time for which application threads were stopped: 0,0001112 seconds, Stopping threads took: 0,0000282 seconds
2018-06-19T12:01:54.300+0200: 21,097: Total time for which application threads were stopped: 0,0000573 seconds, Stopping threads took: 0,0000173 seconds
2018-06-19T12:01:54.301+0200: 21,098: Total time for which application threads were stopped: 0,0001114 seconds, Stopping threads took: 0,0000226 seconds
2018-06-19T12:01:55.301+0200: 22,098: Total time for which application threads were stopped: 0,0000848 seconds, Stopping threads took: 0,0000183 seconds
2018-06-19T12:01:55.892+0200: 22,689: Total time for which application threads were stopped: 0,0005317 seconds, Stopping threads took: 0,0000228 seconds
2018-06-19T12:01:55.893+0200: 22,690: Total time for which application threads were stopped: 0,0005156 seconds, Stopping threads took: 0,0000152 seconds
2018-06-19T12:01:55.897+0200: 22,694: Total time for which application threads were stopped: 0,0001116 seconds, Stopping threads took: 0,0000417 seconds
2018-06-19T12:01:55.908+0200: 22,705: Total time for which application threads were stopped: 0,0001457 seconds, Stopping threads took: 0,0000539 seconds
2018-06-19T12:01:55.908+0200: 22,705: Total time for which application threads were stopped: 0,0001036 seconds, Stopping threads took: 0,0000480 seconds
2018-06-19T12:01:55.912+0200: 22,710: Total time for which application threads were stopped: 0,0001483 seconds, Stopping threads took: 0,0000644 seconds
2018-06-19T12:01:55.913+0200: 22,710: Total time for which application threads were stopped: 0,0001063 seconds, Stopping threads took: 0,0000392 seconds
2018-06-19T12:01:55.927+0200: 22,725: Total time for which application threads were stopped: 0,0007763 seconds, Stopping threads took: 0,0006782 seconds
2018-06-19T12:01:55.928+0200: 22,725: Total time for which application threads were stopped: 0,0000967 seconds, Stopping threads took: 0,0000334 seconds
2018-06-19T12:01:55.928+0200: 22,725: Total time for which application threads were stopped: 0,0000600 seconds, Stopping threads took: 0,0000242 seconds
2018-06-19T12:01:55.928+0200: 22,725: Total time for which application threads were stopped: 0,0000513 seconds, Stopping threads took: 0,0000230 seconds
2018-06-19T12:01:55.928+0200: 22,725: Total time for which application threads were stopped: 0,0000691 seconds, Stopping threads took: 0,0000353 seconds
2018-06-19T12:01:55.928+0200: 22,726: Total time for which application threads were stopped: 0,0000941 seconds, Stopping threads took: 0,0000347 seconds
2018-06-19T12:01:55.928+0200: 22,726: Total time for which application threads were stopped: 0,0000654 seconds, Stopping threads took: 0,0000211 seconds
2018-06-19T12:01:55.928+0200: 22,726: Total time for which application threads were stopped: 0,0000713 seconds, Stopping threads took: 0,0000349 seconds
2018-06-19T12:01:55.928+0200: 22,726: Total time for which application threads were stopped: 0,0000490 seconds, Stopping threads took: 0,0000209 seconds
2018-06-19T12:01:55.929+0200: 22,726: Total time for which application threads were stopped: 0,0000698 seconds, Stopping threads took: 0,0000346 seconds
2018-06-19T12:01:55.929+0200: 22,726: Total time for which application threads were stopped: 0,0001460 seconds, Stopping threads took: 0,0000202 seconds
2018-06-19T12:01:55.931+0200: 22,728: Total time for which application threads were stopped: 0,0001385 seconds, Stopping threads took: 0,0000382 seconds
2018-06-19T12:01:55.935+0200: 22,733: Total time for which application threads were stopped: 0,0017941 seconds, Stopping threads took: 0,0017005 seconds
2018-06-19T12:01:55.936+0200: 22,733: Total time for which application threads were stopped: 0,0001342 seconds, Stopping threads took: 0,0000235 seconds
2018-06-19T12:01:55.936+0200: 22,733: Total time for which application threads were stopped: 0,0000656 seconds, Stopping threads took: 0,0000288 seconds
2018-06-19T12:01:55.937+0200: 22,734: Total time for which application threads were stopped: 0,0001066 seconds, Stopping threads took: 0,0000220 seconds
Heap
 par new generation   total 109248K, used 57671K [0x00000000e0000000, 0x00000000e8000000, 0x00000000e8000000)
  eden space 87424K,  56% used [0x00000000e0000000, 0x00000000e2ff9a18, 0x00000000e5560000)
  from space 21824K,  39% used [0x00000000e6ab0000, 0x00000000e7308340, 0x00000000e8000000)
  to   space 21824K,   0% used [0x00000000e5560000, 0x00000000e5560000, 0x00000000e6ab0000)
 concurrent mark-sweep generation total 393216K, used 32516K [0x00000000e8000000, 0x0000000100000000, 0x0000000100000000)
 Metaspace       used 31140K, capacity 31862K, committed 32252K, reserved 1077248K
  class space    used 3522K, capacity 3738K, committed 3836K, reserved 1048576K
