OpenJDK 64-Bit Server VM (25.171-b11) for linux-amd64 JRE (1.8.0_171-8u171-b11-0ubuntu0.16.04.1-b11), built on Apr 27 2018 17:19:03 by "buildd" with gcc 5.4.0 20160609
Memory: 4k page, physical 7867600k(390240k free), swap 8076284k(8076220k free)
CommandLine flags: -XX:CMSInitiatingOccupancyFraction=50 -XX:CMSMaxAbortablePrecleanTime=6000 -XX:+CMSParallelRemarkEnabled -XX:+CMSScavengeBeforeRemark -XX:ConcGCThreads=4 -XX:InitialHeapSize=536870912 -XX:MaxHeapSize=536870912 -XX:MaxTenuringThreshold=8 -XX:NewRatio=3 -XX:OldPLABSize=16 -XX:OnOutOfMemoryError=/home/gurnoor/workspace/QTM/solr/bin/oom_solr.sh 8983 /home/gurnoor/workspace/QTM/solr/server/logs -XX:ParallelGCThreads=4 -XX:+ParallelRefProcEnabled -XX:PretenureSizeThreshold=67108864 -XX:+PrintGC -XX:+PrintGCApplicationStoppedTime -XX:+PrintGCDateStamps -XX:+PrintGCDetails -XX:+PrintGCTimeStamps -XX:+PrintHeapAtGC -XX:+PrintTenuringDistribution -XX:SurvivorRatio=4 -XX:TargetSurvivorRatio=90 -XX:ThreadStackSize=256 -XX:+UseCMSInitiatingOccupancyOnly -XX:+UseCompressedClassPointers -XX:+UseCompressedOops -XX:+UseConcMarkSweepGC -XX:+UseParNewGC 
2018-06-14T10:48:00.160+0200: 0,128: Total time for which application threads were stopped: 0,0000860 seconds, Stopping threads took: 0,0000160 seconds
2018-06-14T10:48:00.235+0200: 0,203: Total time for which application threads were stopped: 0,0002215 seconds, Stopping threads took: 0,0001039 seconds
2018-06-14T10:48:00.248+0200: 0,216: Total time for which application threads were stopped: 0,0001160 seconds, Stopping threads took: 0,0000335 seconds
2018-06-14T10:48:00.388+0200: 0,356: Total time for which application threads were stopped: 0,0001478 seconds, Stopping threads took: 0,0000192 seconds
2018-06-14T10:48:00.544+0200: 0,512: Total time for which application threads were stopped: 0,0001323 seconds, Stopping threads took: 0,0000174 seconds
2018-06-14T10:48:00.597+0200: 0,565: Total time for which application threads were stopped: 0,0002021 seconds, Stopping threads took: 0,0000247 seconds
2018-06-14T10:48:00.614+0200: 0,582: Total time for which application threads were stopped: 0,0002114 seconds, Stopping threads took: 0,0000239 seconds
2018-06-14T10:48:00.805+0200: 0,773: Total time for which application threads were stopped: 0,0001787 seconds, Stopping threads took: 0,0000174 seconds
2018-06-14T10:48:00.953+0200: 0,921: Total time for which application threads were stopped: 0,0002510 seconds, Stopping threads took: 0,0000281 seconds
2018-06-14T10:48:00.974+0200: 0,942: Total time for which application threads were stopped: 0,0001862 seconds, Stopping threads took: 0,0000151 seconds
2018-06-14T10:48:00.995+0200: 0,963: Total time for which application threads were stopped: 0,0002718 seconds, Stopping threads took: 0,0000322 seconds
2018-06-14T10:48:00.997+0200: 0,964: Total time for which application threads were stopped: 0,0002021 seconds, Stopping threads took: 0,0000267 seconds
2018-06-14T10:48:01.008+0200: 0,976: Total time for which application threads were stopped: 0,0002688 seconds, Stopping threads took: 0,0000306 seconds
2018-06-14T10:48:01.095+0200: 1,062: Total time for which application threads were stopped: 0,0002706 seconds, Stopping threads took: 0,0000299 seconds
2018-06-14T10:48:01.262+0200: 1,230: Total time for which application threads were stopped: 0,0043790 seconds, Stopping threads took: 0,0041297 seconds
{Heap before GC invocations=0 (full 0):
 par new generation   total 109248K, used 87424K [0x00000000e0000000, 0x00000000e8000000, 0x00000000e8000000)
  eden space 87424K, 100% used [0x00000000e0000000, 0x00000000e5560000, 0x00000000e5560000)
  from space 21824K,   0% used [0x00000000e5560000, 0x00000000e5560000, 0x00000000e6ab0000)
  to   space 21824K,   0% used [0x00000000e6ab0000, 0x00000000e6ab0000, 0x00000000e8000000)
 concurrent mark-sweep generation total 393216K, used 0K [0x00000000e8000000, 0x0000000100000000, 0x0000000100000000)
 Metaspace       used 18152K, capacity 18472K, committed 18688K, reserved 1064960K
  class space    used 2049K, capacity 2198K, committed 2304K, reserved 1048576K
2018-06-14T10:48:01.368+0200: 1,336: [GC (Allocation Failure) 2018-06-14T10:48:01.368+0200: 1,336: [ParNew
Desired survivor size 20112992 bytes, new threshold 8 (max 8)
- age   1:   12550048 bytes,   12550048 total
: 87424K->12364K(109248K), 0,0110024 secs] 87424K->12364K(502464K), 0,0110589 secs] [Times: user=0,04 sys=0,01, real=0,01 secs] 
Heap after GC invocations=1 (full 0):
 par new generation   total 109248K, used 12364K [0x00000000e0000000, 0x00000000e8000000, 0x00000000e8000000)
  eden space 87424K,   0% used [0x00000000e0000000, 0x00000000e0000000, 0x00000000e5560000)
  from space 21824K,  56% used [0x00000000e6ab0000, 0x00000000e76c3078, 0x00000000e8000000)
  to   space 21824K,   0% used [0x00000000e5560000, 0x00000000e5560000, 0x00000000e6ab0000)
 concurrent mark-sweep generation total 393216K, used 0K [0x00000000e8000000, 0x0000000100000000, 0x0000000100000000)
 Metaspace       used 18152K, capacity 18472K, committed 18688K, reserved 1064960K
  class space    used 2049K, capacity 2198K, committed 2304K, reserved 1048576K
}
2018-06-14T10:48:01.379+0200: 1,347: Total time for which application threads were stopped: 0,0118057 seconds, Stopping threads took: 0,0005090 seconds
2018-06-14T10:48:01.625+0200: 1,593: Total time for which application threads were stopped: 0,0017258 seconds, Stopping threads took: 0,0014167 seconds
2018-06-14T10:48:01.677+0200: 1,645: Total time for which application threads were stopped: 0,0004103 seconds, Stopping threads took: 0,0000813 seconds
{Heap before GC invocations=1 (full 0):
 par new generation   total 109248K, used 99788K [0x00000000e0000000, 0x00000000e8000000, 0x00000000e8000000)
  eden space 87424K, 100% used [0x00000000e0000000, 0x00000000e5560000, 0x00000000e5560000)
  from space 21824K,  56% used [0x00000000e6ab0000, 0x00000000e76c3078, 0x00000000e8000000)
  to   space 21824K,   0% used [0x00000000e5560000, 0x00000000e5560000, 0x00000000e6ab0000)
 concurrent mark-sweep generation total 393216K, used 0K [0x00000000e8000000, 0x0000000100000000, 0x0000000100000000)
 Metaspace       used 20110K, capacity 20494K, committed 20736K, reserved 1067008K
  class space    used 2300K, capacity 2469K, committed 2560K, reserved 1048576K
2018-06-14T10:48:01.691+0200: 1,659: [GC (Allocation Failure) 2018-06-14T10:48:01.691+0200: 1,659: [ParNew
Desired survivor size 20112992 bytes, new threshold 8 (max 8)
- age   1:    2928120 bytes,    2928120 total
- age   2:    6483928 bytes,    9412048 total
: 99788K->15543K(109248K), 0,0096269 secs] 99788K->15543K(502464K), 0,0096960 secs] [Times: user=0,03 sys=0,00, real=0,01 secs] 
Heap after GC invocations=2 (full 0):
 par new generation   total 109248K, used 15543K [0x00000000e0000000, 0x00000000e8000000, 0x00000000e8000000)
  eden space 87424K,   0% used [0x00000000e0000000, 0x00000000e0000000, 0x00000000e5560000)
  from space 21824K,  71% used [0x00000000e5560000, 0x00000000e648de40, 0x00000000e6ab0000)
  to   space 21824K,   0% used [0x00000000e6ab0000, 0x00000000e6ab0000, 0x00000000e8000000)
 concurrent mark-sweep generation total 393216K, used 0K [0x00000000e8000000, 0x0000000100000000, 0x0000000100000000)
 Metaspace       used 20110K, capacity 20494K, committed 20736K, reserved 1067008K
  class space    used 2300K, capacity 2469K, committed 2560K, reserved 1048576K
}
2018-06-14T10:48:01.701+0200: 1,669: Total time for which application threads were stopped: 0,0138924 seconds, Stopping threads took: 0,0040493 seconds
2018-06-14T10:48:01.728+0200: 1,696: Total time for which application threads were stopped: 0,0003686 seconds, Stopping threads took: 0,0000626 seconds
2018-06-14T10:48:01.865+0200: 1,832: Total time for which application threads were stopped: 0,0002289 seconds, Stopping threads took: 0,0000542 seconds
{Heap before GC invocations=2 (full 0):
 par new generation   total 109248K, used 102967K [0x00000000e0000000, 0x00000000e8000000, 0x00000000e8000000)
  eden space 87424K, 100% used [0x00000000e0000000, 0x00000000e5560000, 0x00000000e5560000)
  from space 21824K,  71% used [0x00000000e5560000, 0x00000000e648de40, 0x00000000e6ab0000)
  to   space 21824K,   0% used [0x00000000e6ab0000, 0x00000000e6ab0000, 0x00000000e8000000)
 concurrent mark-sweep generation total 393216K, used 0K [0x00000000e8000000, 0x0000000100000000, 0x0000000100000000)
 Metaspace       used 21014K, capacity 21352K, committed 21628K, reserved 1069056K
  class space    used 2422K, capacity 2588K, committed 2684K, reserved 1048576K
2018-06-14T10:48:01.911+0200: 1,879: [GC (Allocation Failure) 2018-06-14T10:48:01.911+0200: 1,879: [ParNew
Desired survivor size 20112992 bytes, new threshold 8 (max 8)
- age   1:    2162528 bytes,    2162528 total
- age   2:     498176 bytes,    2660704 total
- age   3:    6480096 bytes,    9140800 total
: 102967K->11660K(109248K), 0,0106917 secs] 102967K->11660K(502464K), 0,0107815 secs] [Times: user=0,03 sys=0,00, real=0,01 secs] 
Heap after GC invocations=3 (full 0):
 par new generation   total 109248K, used 11660K [0x00000000e0000000, 0x00000000e8000000, 0x00000000e8000000)
  eden space 87424K,   0% used [0x00000000e0000000, 0x00000000e0000000, 0x00000000e5560000)
  from space 21824K,  53% used [0x00000000e6ab0000, 0x00000000e7613370, 0x00000000e8000000)
  to   space 21824K,   0% used [0x00000000e5560000, 0x00000000e5560000, 0x00000000e6ab0000)
 concurrent mark-sweep generation total 393216K, used 0K [0x00000000e8000000, 0x0000000100000000, 0x0000000100000000)
 Metaspace       used 21014K, capacity 21352K, committed 21628K, reserved 1069056K
  class space    used 2422K, capacity 2588K, committed 2684K, reserved 1048576K
}
2018-06-14T10:48:01.922+0200: 1,890: Total time for which application threads were stopped: 0,0110552 seconds, Stopping threads took: 0,0000821 seconds
2018-06-14T10:48:01.922+0200: 1,890: [GC (CMS Initial Mark) [1 CMS-initial-mark: 0K(393216K)] 12428K(502464K), 0,0050197 secs] [Times: user=0,02 sys=0,00, real=0,01 secs] 
2018-06-14T10:48:01.927+0200: 1,895: Total time for which application threads were stopped: 0,0051680 seconds, Stopping threads took: 0,0000463 seconds
2018-06-14T10:48:01.927+0200: 1,895: [CMS-concurrent-mark-start]
2018-06-14T10:48:01.928+0200: 1,896: [CMS-concurrent-mark: 0,001/0,001 secs] [Times: user=0,00 sys=0,00, real=0,00 secs] 
2018-06-14T10:48:01.928+0200: 1,896: [CMS-concurrent-preclean-start]
2018-06-14T10:48:01.929+0200: 1,897: [CMS-concurrent-preclean: 0,001/0,001 secs] [Times: user=0,00 sys=0,00, real=0,00 secs] 
2018-06-14T10:48:01.929+0200: 1,897: [CMS-concurrent-abortable-preclean-start]
2018-06-14T10:48:02.012+0200: 1,980: Total time for which application threads were stopped: 0,0002223 seconds, Stopping threads took: 0,0000914 seconds
{Heap before GC invocations=3 (full 1):
 par new generation   total 109248K, used 99084K [0x00000000e0000000, 0x00000000e8000000, 0x00000000e8000000)
  eden space 87424K, 100% used [0x00000000e0000000, 0x00000000e5560000, 0x00000000e5560000)
  from space 21824K,  53% used [0x00000000e6ab0000, 0x00000000e7613370, 0x00000000e8000000)
  to   space 21824K,   0% used [0x00000000e5560000, 0x00000000e5560000, 0x00000000e6ab0000)
 concurrent mark-sweep generation total 393216K, used 0K [0x00000000e8000000, 0x0000000100000000, 0x0000000100000000)
 Metaspace       used 21289K, capacity 21714K, committed 21884K, reserved 1069056K
  class space    used 2453K, capacity 2634K, committed 2684K, reserved 1048576K
2018-06-14T10:48:02.071+0200: 2,039: [GC (Allocation Failure) 2018-06-14T10:48:02.071+0200: 2,039: [ParNew
Desired survivor size 20112992 bytes, new threshold 8 (max 8)
- age   1:    1077440 bytes,    1077440 total
- age   2:    1442392 bytes,    2519832 total
- age   3:     497872 bytes,    3017704 total
- age   4:    6480096 bytes,    9497800 total
: 99084K->11018K(109248K), 0,0108602 secs] 99084K->11018K(502464K), 0,0109349 secs] [Times: user=0,02 sys=0,01, real=0,01 secs] 
Heap after GC invocations=4 (full 1):
 par new generation   total 109248K, used 11018K [0x00000000e0000000, 0x00000000e8000000, 0x00000000e8000000)
  eden space 87424K,   0% used [0x00000000e0000000, 0x00000000e0000000, 0x00000000e5560000)
  from space 21824K,  50% used [0x00000000e5560000, 0x00000000e6022ba0, 0x00000000e6ab0000)
  to   space 21824K,   0% used [0x00000000e6ab0000, 0x00000000e6ab0000, 0x00000000e8000000)
 concurrent mark-sweep generation total 393216K, used 0K [0x00000000e8000000, 0x0000000100000000, 0x0000000100000000)
 Metaspace       used 21289K, capacity 21714K, committed 21884K, reserved 1069056K
  class space    used 2453K, capacity 2634K, committed 2684K, reserved 1048576K
}
2018-06-14T10:48:02.082+0200: 2,050: Total time for which application threads were stopped: 0,0136512 seconds, Stopping threads took: 0,0025703 seconds
2018-06-14T10:48:02.082+0200: 2,050: [CMS-concurrent-abortable-preclean: 0,084/0,153 secs] [Times: user=0,56 sys=0,01, real=0,15 secs] 
2018-06-14T10:48:02.082+0200: 2,050: [GC (CMS Final Remark) [YG occupancy: 11653 K (109248 K)]{Heap before GC invocations=4 (full 1):
 par new generation   total 109248K, used 11653K [0x00000000e0000000, 0x00000000e8000000, 0x00000000e8000000)
  eden space 87424K,   0% used [0x00000000e0000000, 0x00000000e009eb18, 0x00000000e5560000)
  from space 21824K,  50% used [0x00000000e5560000, 0x00000000e6022ba0, 0x00000000e6ab0000)
  to   space 21824K,   0% used [0x00000000e6ab0000, 0x00000000e6ab0000, 0x00000000e8000000)
 concurrent mark-sweep generation total 393216K, used 0K [0x00000000e8000000, 0x0000000100000000, 0x0000000100000000)
 Metaspace       used 21289K, capacity 21714K, committed 21884K, reserved 1069056K
  class space    used 2453K, capacity 2634K, committed 2684K, reserved 1048576K
2018-06-14T10:48:02.083+0200: 2,050: [GC (CMS Final Remark) 2018-06-14T10:48:02.083+0200: 2,050: [ParNew
Desired survivor size 20112992 bytes, new threshold 8 (max 8)
- age   1:     104768 bytes,     104768 total
- age   2:     864224 bytes,     968992 total
- age   3:    1442392 bytes,    2411384 total
- age   4:     497872 bytes,    2909256 total
- age   5:    6480368 bytes,    9389624 total
: 11653K->14102K(109248K), 0,0089738 secs] 11653K->14102K(502464K), 0,0090171 secs] [Times: user=0,04 sys=0,00, real=0,01 secs] 
Heap after GC invocations=5 (full 1):
 par new generation   total 109248K, used 14102K [0x00000000e0000000, 0x00000000e8000000, 0x00000000e8000000)
  eden space 87424K,   0% used [0x00000000e0000000, 0x00000000e0000000, 0x00000000e5560000)
  from space 21824K,  64% used [0x00000000e6ab0000, 0x00000000e7875830, 0x00000000e8000000)
  to   space 21824K,   0% used [0x00000000e5560000, 0x00000000e5560000, 0x00000000e6ab0000)
 concurrent mark-sweep generation total 393216K, used 0K [0x00000000e8000000, 0x0000000100000000, 0x0000000100000000)
 Metaspace       used 21289K, capacity 21714K, committed 21884K, reserved 1069056K
  class space    used 2453K, capacity 2634K, committed 2684K, reserved 1048576K
}
2018-06-14T10:48:02.092+0200: 2,059: [Rescan (parallel) , 0,0031393 secs]2018-06-14T10:48:02.095+0200: 2,062: [weak refs processing, 0,0011945 secs]2018-06-14T10:48:02.096+0200: 2,064: [class unloading, 0,0032213 secs]2018-06-14T10:48:02.099+0200: 2,067: [scrub symbol table, 0,0029957 secs]2018-06-14T10:48:02.102+0200: 2,070: [scrub string table, 0,0004046 secs][1 CMS-remark: 0K(393216K)] 14102K(502464K), 0,0206944 secs] [Times: user=0,06 sys=0,00, real=0,02 secs] 
2018-06-14T10:48:02.103+0200: 2,071: Total time for which application threads were stopped: 0,0208253 seconds, Stopping threads took: 0,0000434 seconds
2018-06-14T10:48:02.103+0200: 2,071: [CMS-concurrent-sweep-start]
2018-06-14T10:48:02.103+0200: 2,071: [CMS-concurrent-sweep: 0,000/0,000 secs] [Times: user=0,00 sys=0,00, real=0,00 secs] 
2018-06-14T10:48:02.103+0200: 2,071: [CMS-concurrent-reset-start]
2018-06-14T10:48:02.109+0200: 2,077: [CMS-concurrent-reset: 0,005/0,005 secs] [Times: user=0,02 sys=0,00, real=0,01 secs] 
{Heap before GC invocations=5 (full 1):
 par new generation   total 109248K, used 101526K [0x00000000e0000000, 0x00000000e8000000, 0x00000000e8000000)
  eden space 87424K, 100% used [0x00000000e0000000, 0x00000000e5560000, 0x00000000e5560000)
  from space 21824K,  64% used [0x00000000e6ab0000, 0x00000000e7875830, 0x00000000e8000000)
  to   space 21824K,   0% used [0x00000000e5560000, 0x00000000e5560000, 0x00000000e6ab0000)
 concurrent mark-sweep generation total 393216K, used 0K [0x00000000e8000000, 0x0000000100000000, 0x0000000100000000)
 Metaspace       used 21618K, capacity 22014K, committed 22140K, reserved 1069056K
  class space    used 2501K, capacity 2668K, committed 2684K, reserved 1048576K
2018-06-14T10:48:02.231+0200: 2,199: [GC (Allocation Failure) 2018-06-14T10:48:02.231+0200: 2,199: [ParNew
Desired survivor size 20112992 bytes, new threshold 8 (max 8)
- age   1:     939864 bytes,     939864 total
- age   3:     182520 bytes,    1122384 total
- age   4:    1052080 bytes,    2174464 total
- age   5:     495872 bytes,    2670336 total
- age   6:    6480120 bytes,    9150456 total
: 101526K->11843K(109248K), 0,0103193 secs] 101526K->11843K(502464K), 0,0104350 secs] [Times: user=0,03 sys=0,00, real=0,01 secs] 
Heap after GC invocations=6 (full 1):
 par new generation   total 109248K, used 11843K [0x00000000e0000000, 0x00000000e8000000, 0x00000000e8000000)
  eden space 87424K,   0% used [0x00000000e0000000, 0x00000000e0000000, 0x00000000e5560000)
  from space 21824K,  54% used [0x00000000e5560000, 0x00000000e60f0ff8, 0x00000000e6ab0000)
  to   space 21824K,   0% used [0x00000000e6ab0000, 0x00000000e6ab0000, 0x00000000e8000000)
 concurrent mark-sweep generation total 393216K, used 0K [0x00000000e8000000, 0x0000000100000000, 0x0000000100000000)
 Metaspace       used 21618K, capacity 22014K, committed 22140K, reserved 1069056K
  class space    used 2501K, capacity 2668K, committed 2684K, reserved 1048576K
}
2018-06-14T10:48:02.242+0200: 2,210: Total time for which application threads were stopped: 0,0112528 seconds, Stopping threads took: 0,0006023 seconds
2018-06-14T10:48:02.246+0200: 2,214: Total time for which application threads were stopped: 0,0004415 seconds, Stopping threads took: 0,0000719 seconds
2018-06-14T10:48:02.470+0200: 2,438: Total time for which application threads were stopped: 0,0006543 seconds, Stopping threads took: 0,0000868 seconds
2018-06-14T10:48:02.518+0200: 2,486: Total time for which application threads were stopped: 0,0004472 seconds, Stopping threads took: 0,0000514 seconds
2018-06-14T10:48:02.532+0200: 2,500: Total time for which application threads were stopped: 0,0004038 seconds, Stopping threads took: 0,0000234 seconds
{Heap before GC invocations=6 (full 1):
 par new generation   total 109248K, used 99267K [0x00000000e0000000, 0x00000000e8000000, 0x00000000e8000000)
  eden space 87424K, 100% used [0x00000000e0000000, 0x00000000e5560000, 0x00000000e5560000)
  from space 21824K,  54% used [0x00000000e5560000, 0x00000000e60f0ff8, 0x00000000e6ab0000)
  to   space 21824K,   0% used [0x00000000e6ab0000, 0x00000000e6ab0000, 0x00000000e8000000)
 concurrent mark-sweep generation total 393216K, used 0K [0x00000000e8000000, 0x0000000100000000, 0x0000000100000000)
 Metaspace       used 25585K, capacity 26136K, committed 26236K, reserved 1073152K
  class space    used 2961K, capacity 3153K, committed 3196K, reserved 1048576K
2018-06-14T10:48:02.908+0200: 2,876: [GC (Allocation Failure) 2018-06-14T10:48:02.908+0200: 2,876: [ParNew
Desired survivor size 20112992 bytes, new threshold 8 (max 8)
- age   1:   11216768 bytes,   11216768 total
- age   2:     177376 bytes,   11394144 total
- age   4:     181544 bytes,   11575688 total
- age   5:     270248 bytes,   11845936 total
- age   6:     472032 bytes,   12317968 total
- age   7:    6473136 bytes,   18791104 total
: 99267K->21287K(109248K), 0,0247370 secs] 99267K->21287K(502464K), 0,0248142 secs] [Times: user=0,08 sys=0,00, real=0,02 secs] 
Heap after GC invocations=7 (full 1):
 par new generation   total 109248K, used 21287K [0x00000000e0000000, 0x00000000e8000000, 0x00000000e8000000)
  eden space 87424K,   0% used [0x00000000e0000000, 0x00000000e0000000, 0x00000000e5560000)
  from space 21824K,  97% used [0x00000000e6ab0000, 0x00000000e7f79e20, 0x00000000e8000000)
  to   space 21824K,   0% used [0x00000000e5560000, 0x00000000e5560000, 0x00000000e6ab0000)
 concurrent mark-sweep generation total 393216K, used 0K [0x00000000e8000000, 0x0000000100000000, 0x0000000100000000)
 Metaspace       used 25585K, capacity 26136K, committed 26236K, reserved 1073152K
  class space    used 2961K, capacity 3153K, committed 3196K, reserved 1048576K
}
2018-06-14T10:48:02.933+0200: 2,901: Total time for which application threads were stopped: 0,0253288 seconds, Stopping threads took: 0,0002757 seconds
2018-06-14T10:48:03.002+0200: 2,970: Total time for which application threads were stopped: 0,0004895 seconds, Stopping threads took: 0,0000545 seconds
2018-06-14T10:48:03.020+0200: 2,988: Total time for which application threads were stopped: 0,0004934 seconds, Stopping threads took: 0,0000401 seconds
2018-06-14T10:48:03.077+0200: 3,044: Total time for which application threads were stopped: 0,0005553 seconds, Stopping threads took: 0,0000699 seconds
2018-06-14T10:48:03.200+0200: 3,168: Total time for which application threads were stopped: 0,0005754 seconds, Stopping threads took: 0,0000565 seconds
{Heap before GC invocations=7 (full 1):
 par new generation   total 109248K, used 108711K [0x00000000e0000000, 0x00000000e8000000, 0x00000000e8000000)
  eden space 87424K, 100% used [0x00000000e0000000, 0x00000000e5560000, 0x00000000e5560000)
  from space 21824K,  97% used [0x00000000e6ab0000, 0x00000000e7f79e20, 0x00000000e8000000)
  to   space 21824K,   0% used [0x00000000e5560000, 0x00000000e5560000, 0x00000000e6ab0000)
 concurrent mark-sweep generation total 393216K, used 0K [0x00000000e8000000, 0x0000000100000000, 0x0000000100000000)
 Metaspace       used 28006K, capacity 28546K, committed 28796K, reserved 1075200K
  class space    used 3223K, capacity 3418K, committed 3452K, reserved 1048576K
2018-06-14T10:48:03.370+0200: 3,337: [GC (Allocation Failure) 2018-06-14T10:48:03.370+0200: 3,337: [ParNew
Desired survivor size 20112992 bytes, new threshold 8 (max 8)
- age   1:    7674592 bytes,    7674592 total
- age   2:    7111864 bytes,   14786456 total
- age   3:     177288 bytes,   14963744 total
- age   5:     181368 bytes,   15145112 total
- age   6:     269928 bytes,   15415040 total
- age   7:     463920 bytes,   15878960 total
- age   8:    6466240 bytes,   22345200 total
: 108711K->21824K(109248K), 0,0302328 secs] 108711K->23486K(502464K), 0,0303208 secs] [Times: user=0,10 sys=0,01, real=0,03 secs] 
Heap after GC invocations=8 (full 1):
 par new generation   total 109248K, used 21824K [0x00000000e0000000, 0x00000000e8000000, 0x00000000e8000000)
  eden space 87424K,   0% used [0x00000000e0000000, 0x00000000e0000000, 0x00000000e5560000)
  from space 21824K, 100% used [0x00000000e5560000, 0x00000000e6ab0000, 0x00000000e6ab0000)
  to   space 21824K,   0% used [0x00000000e6ab0000, 0x00000000e6ab0000, 0x00000000e8000000)
 concurrent mark-sweep generation total 393216K, used 1662K [0x00000000e8000000, 0x0000000100000000, 0x0000000100000000)
 Metaspace       used 28006K, capacity 28546K, committed 28796K, reserved 1075200K
  class space    used 3223K, capacity 3418K, committed 3452K, reserved 1048576K
}
2018-06-14T10:48:03.400+0200: 3,368: Total time for which application threads were stopped: 0,0306506 seconds, Stopping threads took: 0,0000852 seconds
{Heap before GC invocations=8 (full 1):
 par new generation   total 109248K, used 109248K [0x00000000e0000000, 0x00000000e8000000, 0x00000000e8000000)
  eden space 87424K, 100% used [0x00000000e0000000, 0x00000000e5560000, 0x00000000e5560000)
  from space 21824K, 100% used [0x00000000e5560000, 0x00000000e6ab0000, 0x00000000e6ab0000)
  to   space 21824K,   0% used [0x00000000e6ab0000, 0x00000000e6ab0000, 0x00000000e8000000)
 concurrent mark-sweep generation total 393216K, used 1662K [0x00000000e8000000, 0x0000000100000000, 0x0000000100000000)
 Metaspace       used 28042K, capacity 28632K, committed 28796K, reserved 1075200K
  class space    used 3225K, capacity 3422K, committed 3452K, reserved 1048576K
2018-06-14T10:48:03.468+0200: 3,435: [GC (Allocation Failure) 2018-06-14T10:48:03.468+0200: 3,436: [ParNew
Desired survivor size 20112992 bytes, new threshold 8 (max 8)
- age   1:     688736 bytes,     688736 total
- age   2:    6430896 bytes,    7119632 total
- age   3:    6691288 bytes,   13810920 total
- age   4:     177288 bytes,   13988208 total
- age   6:     181160 bytes,   14169368 total
- age   7:     269928 bytes,   14439296 total
- age   8:     463896 bytes,   14903192 total
: 109248K->21824K(109248K), 0,0584874 secs] 110910K->30284K(502464K), 0,0585989 secs] [Times: user=0,20 sys=0,00, real=0,05 secs] 
Heap after GC invocations=9 (full 1):
 par new generation   total 109248K, used 21824K [0x00000000e0000000, 0x00000000e8000000, 0x00000000e8000000)
  eden space 87424K,   0% used [0x00000000e0000000, 0x00000000e0000000, 0x00000000e5560000)
  from space 21824K, 100% used [0x00000000e6ab0000, 0x00000000e8000000, 0x00000000e8000000)
  to   space 21824K,   0% used [0x00000000e5560000, 0x00000000e5560000, 0x00000000e6ab0000)
 concurrent mark-sweep generation total 393216K, used 8460K [0x00000000e8000000, 0x0000000100000000, 0x0000000100000000)
 Metaspace       used 28042K, capacity 28632K, committed 28796K, reserved 1075200K
  class space    used 3225K, capacity 3422K, committed 3452K, reserved 1048576K
}
2018-06-14T10:48:03.526+0200: 3,494: Total time for which application threads were stopped: 0,0590973 seconds, Stopping threads took: 0,0002963 seconds
{Heap before GC invocations=9 (full 1):
 par new generation   total 109248K, used 109248K [0x00000000e0000000, 0x00000000e8000000, 0x00000000e8000000)
  eden space 87424K, 100% used [0x00000000e0000000, 0x00000000e5560000, 0x00000000e5560000)
  from space 21824K, 100% used [0x00000000e6ab0000, 0x00000000e8000000, 0x00000000e8000000)
  to   space 21824K,   0% used [0x00000000e5560000, 0x00000000e5560000, 0x00000000e6ab0000)
 concurrent mark-sweep generation total 393216K, used 8460K [0x00000000e8000000, 0x0000000100000000, 0x0000000100000000)
 Metaspace       used 28234K, capacity 28872K, committed 29052K, reserved 1075200K
  class space    used 3237K, capacity 3437K, committed 3452K, reserved 1048576K
2018-06-14T10:48:03.727+0200: 3,695: [GC (Allocation Failure) 2018-06-14T10:48:03.728+0200: 3,695: [ParNew
Desired survivor size 20112992 bytes, new threshold 8 (max 8)
- age   1:    4089192 bytes,    4089192 total
- age   2:     122688 bytes,    4211880 total
- age   3:    6038808 bytes,   10250688 total
- age   4:    6691056 bytes,   16941744 total
- age   5:     177288 bytes,   17119032 total
- age   7:     181160 bytes,   17300192 total
- age   8:     269928 bytes,   17570120 total
: 109248K->21520K(109248K), 0,0522198 secs] 117708K->30447K(502464K), 0,0523444 secs] [Times: user=0,14 sys=0,01, real=0,05 secs] 
Heap after GC invocations=10 (full 1):
 par new generation   total 109248K, used 21520K [0x00000000e0000000, 0x00000000e8000000, 0x00000000e8000000)
  eden space 87424K,   0% used [0x00000000e0000000, 0x00000000e0000000, 0x00000000e5560000)
  from space 21824K,  98% used [0x00000000e5560000, 0x00000000e6a643b0, 0x00000000e6ab0000)
  to   space 21824K,   0% used [0x00000000e6ab0000, 0x00000000e6ab0000, 0x00000000e8000000)
 concurrent mark-sweep generation total 393216K, used 8926K [0x00000000e8000000, 0x0000000100000000, 0x0000000100000000)
 Metaspace       used 28234K, capacity 28872K, committed 29052K, reserved 1075200K
  class space    used 3237K, capacity 3437K, committed 3452K, reserved 1048576K
}
2018-06-14T10:48:03.780+0200: 3,748: Total time for which application threads were stopped: 0,0570828 seconds, Stopping threads took: 0,0043848 seconds
2018-06-14T10:48:04.085+0200: 4,053: Total time for which application threads were stopped: 0,0005727 seconds, Stopping threads took: 0,0000402 seconds
2018-06-14T10:49:31.095+0200: 91,063: Total time for which application threads were stopped: 0,0001441 seconds, Stopping threads took: 0,0000565 seconds
2018-06-14T10:49:42.096+0200: 102,064: Total time for which application threads were stopped: 0,0001037 seconds, Stopping threads took: 0,0000392 seconds
2018-06-14T10:51:01.107+0200: 181,075: Total time for which application threads were stopped: 0,0001273 seconds, Stopping threads took: 0,0000515 seconds
2018-06-14T10:51:46.114+0200: 226,082: Total time for which application threads were stopped: 0,0001105 seconds, Stopping threads took: 0,0000450 seconds
2018-06-14T10:52:16.118+0200: 256,086: Total time for which application threads were stopped: 0,0001165 seconds, Stopping threads took: 0,0000475 seconds
2018-06-14T10:52:26.120+0200: 266,087: Total time for which application threads were stopped: 0,0001748 seconds, Stopping threads took: 0,0000417 seconds
2018-06-14T10:53:22.127+0200: 322,095: Total time for which application threads were stopped: 0,0000947 seconds, Stopping threads took: 0,0000378 seconds
2018-06-14T10:53:41.130+0200: 341,098: Total time for which application threads were stopped: 0,0001036 seconds, Stopping threads took: 0,0000410 seconds
2018-06-14T11:11:22.228+0200: 1401,241: Total time for which application threads were stopped: 0,0001199 seconds, Stopping threads took: 0,0000424 seconds
2018-06-14T11:14:47.256+0200: 1606,268: Total time for which application threads were stopped: 0,0001690 seconds, Stopping threads took: 0,0000651 seconds
2018-06-14T11:16:17.268+0200: 1696,280: Total time for which application threads were stopped: 0,0001378 seconds, Stopping threads took: 0,0000526 seconds
2018-06-14T11:16:32.269+0200: 1711,282: Total time for which application threads were stopped: 0,0000957 seconds, Stopping threads took: 0,0000387 seconds
2018-06-14T11:26:07.348+0200: 2286,360: Total time for which application threads were stopped: 0,0000960 seconds, Stopping threads took: 0,0000388 seconds
2018-06-14T11:26:12.349+0200: 2291,361: Total time for which application threads were stopped: 0,0000860 seconds, Stopping threads took: 0,0000217 seconds
2018-06-14T11:41:17.466+0200: 3196,479: Total time for which application threads were stopped: 0,0002078 seconds, Stopping threads took: 0,0000801 seconds
2018-06-14T11:53:07.563+0200: 3906,576: Total time for which application threads were stopped: 0,0002336 seconds, Stopping threads took: 0,0000774 seconds
2018-06-14T12:05:17.662+0200: 4636,675: Total time for which application threads were stopped: 0,0001393 seconds, Stopping threads took: 0,0000570 seconds
2018-06-14T12:05:42.666+0200: 4661,678: Total time for which application threads were stopped: 0,0001255 seconds, Stopping threads took: 0,0000545 seconds
2018-06-14T12:36:31.917+0200: 6510,929: Total time for which application threads were stopped: 0,0001234 seconds, Stopping threads took: 0,0000501 seconds
2018-06-14T12:40:52.948+0200: 6771,960: Total time for which application threads were stopped: 0,0001191 seconds, Stopping threads took: 0,0000507 seconds
2018-06-14T12:45:31.985+0200: 7050,998: Total time for which application threads were stopped: 0,0000956 seconds, Stopping threads took: 0,0000395 seconds
2018-06-14T12:56:02.068+0200: 7681,081: Total time for which application threads were stopped: 0,0002185 seconds, Stopping threads took: 0,0000824 seconds
2018-06-14T13:59:32.568+0200: 11491,581: Total time for which application threads were stopped: 0,0001669 seconds, Stopping threads took: 0,0000636 seconds
2018-06-14T14:00:02.572+0200: 11521,585: Total time for which application threads were stopped: 0,0001145 seconds, Stopping threads took: 0,0000423 seconds
2018-06-14T14:00:32.576+0200: 11551,588: Total time for which application threads were stopped: 0,0001116 seconds, Stopping threads took: 0,0000488 seconds
2018-06-14T15:11:42.542+0200: 15821,555: Total time for which application threads were stopped: 0,0001247 seconds, Stopping threads took: 0,0000239 seconds
2018-06-14T15:53:02.879+0200: 18301,891: Total time for which application threads were stopped: 0,0001055 seconds, Stopping threads took: 0,0000419 seconds
2018-06-14T19:13:48.158+0200: 23106,518: Total time for which application threads were stopped: 0,0001275 seconds, Stopping threads took: 0,0000444 seconds
2018-06-14T19:24:43.238+0200: 23761,598: Total time for which application threads were stopped: 0,0005274 seconds, Stopping threads took: 0,0001870 seconds
2018-06-14T23:37:56.777+0200: 38955,137: Total time for which application threads were stopped: 0,0098821 seconds, Stopping threads took: 0,0086523 seconds
2018-06-14T23:37:56.864+0200: 38955,224: Total time for which application threads were stopped: 0,0272803 seconds, Stopping threads took: 0,0271044 seconds
2018-06-14T23:37:56.879+0200: 38955,239: Total time for which application threads were stopped: 0,0005984 seconds, Stopping threads took: 0,0004871 seconds
2018-06-14T23:37:56.895+0200: 38955,255: Total time for which application threads were stopped: 0,0123460 seconds, Stopping threads took: 0,0121845 seconds
2018-06-14T23:37:56.904+0200: 38955,264: Total time for which application threads were stopped: 0,0018850 seconds, Stopping threads took: 0,0017691 seconds
2018-06-14T23:37:56.919+0200: 38955,279: Total time for which application threads were stopped: 0,0057882 seconds, Stopping threads took: 0,0056595 seconds
Heap
 par new generation   total 109248K, used 55572K [0x00000000e0000000, 0x00000000e8000000, 0x00000000e8000000)
  eden space 87424K,  38% used [0x00000000e0000000, 0x00000000e2140fa0, 0x00000000e5560000)
  from space 21824K,  98% used [0x00000000e5560000, 0x00000000e6a643b0, 0x00000000e6ab0000)
  to   space 21824K,   0% used [0x00000000e6ab0000, 0x00000000e6ab0000, 0x00000000e8000000)
 concurrent mark-sweep generation total 393216K, used 8926K [0x00000000e8000000, 0x0000000100000000, 0x0000000100000000)
 Metaspace       used 28511K, capacity 29146K, committed 29308K, reserved 1075200K
  class space    used 3255K, capacity 3438K, committed 3452K, reserved 1048576K
