OpenJDK 64-Bit Server VM (25.162-b12) for linux-amd64 JRE (1.8.0_162-8u162-b12-0ubuntu0.16.04.2-b12), built on Mar 14 2018 12:11:18 by "buildd" with gcc 5.4.0 20160609
Memory: 4k page, physical 7867624k(3630984k free), swap 8076284k(7229292k free)
CommandLine flags: -XX:CMSInitiatingOccupancyFraction=50 -XX:CMSMaxAbortablePrecleanTime=6000 -XX:+CMSParallelRemarkEnabled -XX:+CMSScavengeBeforeRemark -XX:ConcGCThreads=4 -XX:InitialHeapSize=536870912 -XX:MaxHeapSize=536870912 -XX:MaxTenuringThreshold=8 -XX:NewRatio=3 -XX:OldPLABSize=16 -XX:OnOutOfMemoryError=/home/gurnoor/workspace/QTM/solr/bin/oom_solr.sh 8983 /home/gurnoor/workspace/QTM/solr/server/logs -XX:ParallelGCThreads=4 -XX:+ParallelRefProcEnabled -XX:PretenureSizeThreshold=67108864 -XX:+PrintGC -XX:+PrintGCApplicationStoppedTime -XX:+PrintGCDateStamps -XX:+PrintGCDetails -XX:+PrintGCTimeStamps -XX:+PrintHeapAtGC -XX:+PrintTenuringDistribution -XX:SurvivorRatio=4 -XX:TargetSurvivorRatio=90 -XX:ThreadStackSize=256 -XX:+UseCMSInitiatingOccupancyOnly -XX:+UseCompressedClassPointers -XX:+UseCompressedOops -XX:+UseConcMarkSweepGC -XX:+UseParNewGC 
2018-04-06T21:32:19.798+0200: 0,116: Total time for which application threads were stopped: 0,0000836 seconds, Stopping threads took: 0,0000304 seconds
2018-04-06T21:32:19.864+0200: 0,182: Total time for which application threads were stopped: 0,0001256 seconds, Stopping threads took: 0,0000319 seconds
2018-04-06T21:32:19.876+0200: 0,193: Total time for which application threads were stopped: 0,0000755 seconds, Stopping threads took: 0,0000146 seconds
2018-04-06T21:32:20.003+0200: 0,321: Total time for which application threads were stopped: 0,0001960 seconds, Stopping threads took: 0,0000208 seconds
2018-04-06T21:32:20.163+0200: 0,480: Total time for which application threads were stopped: 0,0001407 seconds, Stopping threads took: 0,0000183 seconds
2018-04-06T21:32:20.208+0200: 0,526: Total time for which application threads were stopped: 0,0001875 seconds, Stopping threads took: 0,0000262 seconds
2018-04-06T21:32:20.232+0200: 0,549: Total time for which application threads were stopped: 0,0001714 seconds, Stopping threads took: 0,0000210 seconds
2018-04-06T21:32:20.397+0200: 0,715: Total time for which application threads were stopped: 0,0001894 seconds, Stopping threads took: 0,0000223 seconds
2018-04-06T21:32:20.536+0200: 0,853: Total time for which application threads were stopped: 0,0002315 seconds, Stopping threads took: 0,0000231 seconds
2018-04-06T21:32:20.554+0200: 0,872: Total time for which application threads were stopped: 0,0002148 seconds, Stopping threads took: 0,0000238 seconds
2018-04-06T21:32:20.577+0200: 0,895: Total time for which application threads were stopped: 0,0002387 seconds, Stopping threads took: 0,0000250 seconds
2018-04-06T21:32:20.578+0200: 0,895: Total time for which application threads were stopped: 0,0001941 seconds, Stopping threads took: 0,0000281 seconds
2018-04-06T21:32:20.587+0200: 0,904: Total time for which application threads were stopped: 0,0002302 seconds, Stopping threads took: 0,0000239 seconds
2018-04-06T21:32:20.662+0200: 0,979: Total time for which application threads were stopped: 0,0002486 seconds, Stopping threads took: 0,0000238 seconds
2018-04-06T21:32:20.809+0200: 1,126: Total time for which application threads were stopped: 0,0002907 seconds, Stopping threads took: 0,0000472 seconds
{Heap before GC invocations=0 (full 0):
 par new generation   total 109248K, used 87424K [0x00000000e0000000, 0x00000000e8000000, 0x00000000e8000000)
  eden space 87424K, 100% used [0x00000000e0000000, 0x00000000e5560000, 0x00000000e5560000)
  from space 21824K,   0% used [0x00000000e5560000, 0x00000000e5560000, 0x00000000e6ab0000)
  to   space 21824K,   0% used [0x00000000e6ab0000, 0x00000000e6ab0000, 0x00000000e8000000)
 concurrent mark-sweep generation total 393216K, used 0K [0x00000000e8000000, 0x0000000100000000, 0x0000000100000000)
 Metaspace       used 17811K, capacity 18120K, committed 18304K, reserved 1064960K
  class space    used 2021K, capacity 2166K, committed 2176K, reserved 1048576K
2018-04-06T21:32:20.842+0200: 1,160: [GC (Allocation Failure) 2018-04-06T21:32:20.842+0200: 1,160: [ParNew
Desired survivor size 20112992 bytes, new threshold 8 (max 8)
- age   1:   11404240 bytes,   11404240 total
: 87424K->11241K(109248K), 0,0144939 secs] 87424K->11241K(502464K), 0,0145686 secs] [Times: user=0,02 sys=0,03, real=0,01 secs] 
Heap after GC invocations=1 (full 0):
 par new generation   total 109248K, used 11241K [0x00000000e0000000, 0x00000000e8000000, 0x00000000e8000000)
  eden space 87424K,   0% used [0x00000000e0000000, 0x00000000e0000000, 0x00000000e5560000)
  from space 21824K,  51% used [0x00000000e6ab0000, 0x00000000e75aa7b0, 0x00000000e8000000)
  to   space 21824K,   0% used [0x00000000e5560000, 0x00000000e5560000, 0x00000000e6ab0000)
 concurrent mark-sweep generation total 393216K, used 0K [0x00000000e8000000, 0x0000000100000000, 0x0000000100000000)
 Metaspace       used 17811K, capacity 18120K, committed 18304K, reserved 1064960K
  class space    used 2021K, capacity 2166K, committed 2176K, reserved 1048576K
}
2018-04-06T21:32:20.857+0200: 1,175: Total time for which application threads were stopped: 0,0148549 seconds, Stopping threads took: 0,0000586 seconds
2018-04-06T21:32:21.132+0200: 1,449: Total time for which application threads were stopped: 0,0010789 seconds, Stopping threads took: 0,0007624 seconds
{Heap before GC invocations=1 (full 0):
 par new generation   total 109248K, used 98665K [0x00000000e0000000, 0x00000000e8000000, 0x00000000e8000000)
  eden space 87424K, 100% used [0x00000000e0000000, 0x00000000e5560000, 0x00000000e5560000)
  from space 21824K,  51% used [0x00000000e6ab0000, 0x00000000e75aa7b0, 0x00000000e8000000)
  to   space 21824K,   0% used [0x00000000e5560000, 0x00000000e5560000, 0x00000000e6ab0000)
 concurrent mark-sweep generation total 393216K, used 0K [0x00000000e8000000, 0x0000000100000000, 0x0000000100000000)
 Metaspace       used 20078K, capacity 20426K, committed 20736K, reserved 1067008K
  class space    used 2295K, capacity 2469K, committed 2560K, reserved 1048576K
2018-04-06T21:32:21.175+0200: 1,493: [GC (Allocation Failure) 2018-04-06T21:32:21.176+0200: 1,493: [ParNew
Desired survivor size 20112992 bytes, new threshold 8 (max 8)
- age   1:    3343976 bytes,    3343976 total
- age   2:    5882632 bytes,    9226608 total
: 98665K->12484K(109248K), 0,0091661 secs] 98665K->12484K(502464K), 0,0092336 secs] [Times: user=0,03 sys=0,00, real=0,01 secs] 
Heap after GC invocations=2 (full 0):
 par new generation   total 109248K, used 12484K [0x00000000e0000000, 0x00000000e8000000, 0x00000000e8000000)
  eden space 87424K,   0% used [0x00000000e0000000, 0x00000000e0000000, 0x00000000e5560000)
  from space 21824K,  57% used [0x00000000e5560000, 0x00000000e6191350, 0x00000000e6ab0000)
  to   space 21824K,   0% used [0x00000000e6ab0000, 0x00000000e6ab0000, 0x00000000e8000000)
 concurrent mark-sweep generation total 393216K, used 0K [0x00000000e8000000, 0x0000000100000000, 0x0000000100000000)
 Metaspace       used 20078K, capacity 20426K, committed 20736K, reserved 1067008K
  class space    used 2295K, capacity 2469K, committed 2560K, reserved 1048576K
}
2018-04-06T21:32:21.185+0200: 1,502: Total time for which application threads were stopped: 0,0094793 seconds, Stopping threads took: 0,0000785 seconds
2018-04-06T21:32:21.192+0200: 1,509: Total time for which application threads were stopped: 0,0006096 seconds, Stopping threads took: 0,0003257 seconds
2018-04-06T21:32:21.246+0200: 1,563: Total time for which application threads were stopped: 0,0004461 seconds, Stopping threads took: 0,0000535 seconds
2018-04-06T21:32:21.361+0200: 1,679: Total time for which application threads were stopped: 0,0002168 seconds, Stopping threads took: 0,0000681 seconds
{Heap before GC invocations=2 (full 0):
 par new generation   total 109248K, used 99908K [0x00000000e0000000, 0x00000000e8000000, 0x00000000e8000000)
  eden space 87424K, 100% used [0x00000000e0000000, 0x00000000e5560000, 0x00000000e5560000)
  from space 21824K,  57% used [0x00000000e5560000, 0x00000000e6191350, 0x00000000e6ab0000)
  to   space 21824K,   0% used [0x00000000e6ab0000, 0x00000000e6ab0000, 0x00000000e8000000)
 concurrent mark-sweep generation total 393216K, used 0K [0x00000000e8000000, 0x0000000100000000, 0x0000000100000000)
 Metaspace       used 20999K, capacity 21348K, committed 21628K, reserved 1069056K
  class space    used 2418K, capacity 2588K, committed 2684K, reserved 1048576K
2018-04-06T21:32:21.404+0200: 1,721: [GC (Allocation Failure) 2018-04-06T21:32:21.404+0200: 1,721: [ParNew
Desired survivor size 20112992 bytes, new threshold 8 (max 8)
- age   1:    2223000 bytes,    2223000 total
- age   2:    1069520 bytes,    3292520 total
- age   3:    5880592 bytes,    9173112 total
: 99908K->11615K(109248K), 0,0170033 secs] 99908K->11615K(502464K), 0,0170936 secs] [Times: user=0,07 sys=0,00, real=0,02 secs] 
Heap after GC invocations=3 (full 0):
 par new generation   total 109248K, used 11615K [0x00000000e0000000, 0x00000000e8000000, 0x00000000e8000000)
  eden space 87424K,   0% used [0x00000000e0000000, 0x00000000e0000000, 0x00000000e5560000)
  from space 21824K,  53% used [0x00000000e6ab0000, 0x00000000e7607df0, 0x00000000e8000000)
  to   space 21824K,   0% used [0x00000000e5560000, 0x00000000e5560000, 0x00000000e6ab0000)
 concurrent mark-sweep generation total 393216K, used 0K [0x00000000e8000000, 0x0000000100000000, 0x0000000100000000)
 Metaspace       used 20999K, capacity 21348K, committed 21628K, reserved 1069056K
  class space    used 2418K, capacity 2588K, committed 2684K, reserved 1048576K
}
2018-04-06T21:32:21.421+0200: 1,738: Total time for which application threads were stopped: 0,0173017 seconds, Stopping threads took: 0,0000534 seconds
2018-04-06T21:32:21.421+0200: 1,739: [GC (CMS Initial Mark) [1 CMS-initial-mark: 0K(393216K)] 12318K(502464K), 0,0035184 secs] [Times: user=0,01 sys=0,00, real=0,00 secs] 
2018-04-06T21:32:21.425+0200: 1,742: Total time for which application threads were stopped: 0,0036719 seconds, Stopping threads took: 0,0000470 seconds
2018-04-06T21:32:21.425+0200: 1,742: [CMS-concurrent-mark-start]
2018-04-06T21:32:21.435+0200: 1,752: [CMS-concurrent-mark: 0,010/0,010 secs] [Times: user=0,05 sys=0,00, real=0,01 secs] 
2018-04-06T21:32:21.435+0200: 1,752: [CMS-concurrent-preclean-start]
2018-04-06T21:32:21.436+0200: 1,753: [CMS-concurrent-preclean: 0,001/0,001 secs] [Times: user=0,00 sys=0,00, real=0,00 secs] 
2018-04-06T21:32:21.436+0200: 1,754: [CMS-concurrent-abortable-preclean-start]
2018-04-06T21:32:21.536+0200: 1,854: Total time for which application threads were stopped: 0,0002203 seconds, Stopping threads took: 0,0001228 seconds
{Heap before GC invocations=3 (full 1):
 par new generation   total 109248K, used 99039K [0x00000000e0000000, 0x00000000e8000000, 0x00000000e8000000)
  eden space 87424K, 100% used [0x00000000e0000000, 0x00000000e5560000, 0x00000000e5560000)
  from space 21824K,  53% used [0x00000000e6ab0000, 0x00000000e7607df0, 0x00000000e8000000)
  to   space 21824K,   0% used [0x00000000e5560000, 0x00000000e5560000, 0x00000000e6ab0000)
 concurrent mark-sweep generation total 393216K, used 0K [0x00000000e8000000, 0x0000000100000000, 0x0000000100000000)
 Metaspace       used 21273K, capacity 21620K, committed 21884K, reserved 1069056K
  class space    used 2451K, capacity 2604K, committed 2684K, reserved 1048576K
2018-04-06T21:32:21.555+0200: 1,873: [GC (Allocation Failure) 2018-04-06T21:32:21.555+0200: 1,873: [ParNew
Desired survivor size 20112992 bytes, new threshold 8 (max 8)
- age   1:    1098680 bytes,    1098680 total
- age   2:    1464736 bytes,    2563416 total
- age   3:    1065848 bytes,    3629264 total
- age   4:    5880592 bytes,    9509856 total
: 99039K->12787K(109248K), 0,0125166 secs] 99039K->12787K(502464K), 0,0125891 secs] [Times: user=0,02 sys=0,00, real=0,02 secs] 
Heap after GC invocations=4 (full 1):
 par new generation   total 109248K, used 12787K [0x00000000e0000000, 0x00000000e8000000, 0x00000000e8000000)
  eden space 87424K,   0% used [0x00000000e0000000, 0x00000000e0000000, 0x00000000e5560000)
  from space 21824K,  58% used [0x00000000e5560000, 0x00000000e61dccf8, 0x00000000e6ab0000)
  to   space 21824K,   0% used [0x00000000e6ab0000, 0x00000000e6ab0000, 0x00000000e8000000)
 concurrent mark-sweep generation total 393216K, used 0K [0x00000000e8000000, 0x0000000100000000, 0x0000000100000000)
 Metaspace       used 21273K, capacity 21620K, committed 21884K, reserved 1069056K
  class space    used 2451K, capacity 2604K, committed 2684K, reserved 1048576K
}
2018-04-06T21:32:21.568+0200: 1,886: Total time for which application threads were stopped: 0,0137210 seconds, Stopping threads took: 0,0009847 seconds
{Heap before GC invocations=4 (full 1):
 par new generation   total 109248K, used 100211K [0x00000000e0000000, 0x00000000e8000000, 0x00000000e8000000)
  eden space 87424K, 100% used [0x00000000e0000000, 0x00000000e5560000, 0x00000000e5560000)
  from space 21824K,  58% used [0x00000000e5560000, 0x00000000e61dccf8, 0x00000000e6ab0000)
  to   space 21824K,   0% used [0x00000000e6ab0000, 0x00000000e6ab0000, 0x00000000e8000000)
 concurrent mark-sweep generation total 393216K, used 0K [0x00000000e8000000, 0x0000000100000000, 0x0000000100000000)
 Metaspace       used 21498K, capacity 21850K, committed 21960K, reserved 1069056K
  class space    used 2480K, capacity 2637K, committed 2684K, reserved 1048576K
2018-04-06T21:32:21.651+0200: 1,968: [GC (Allocation Failure) 2018-04-06T21:32:21.651+0200: 1,968: [ParNew
Desired survivor size 20112992 bytes, new threshold 8 (max 8)
- age   1:     971688 bytes,     971688 total
- age   2:     182216 bytes,    1153904 total
- age   3:    1463792 bytes,    2617696 total
- age   4:    1063832 bytes,    3681528 total
- age   5:    5881944 bytes,    9563472 total
: 100211K->11612K(109248K), 0,0090112 secs] 100211K->11612K(502464K), 0,0090854 secs] [Times: user=0,03 sys=0,00, real=0,01 secs] 
Heap after GC invocations=5 (full 1):
 par new generation   total 109248K, used 11612K [0x00000000e0000000, 0x00000000e8000000, 0x00000000e8000000)
  eden space 87424K,   0% used [0x00000000e0000000, 0x00000000e0000000, 0x00000000e5560000)
  from space 21824K,  53% used [0x00000000e6ab0000, 0x00000000e76072f0, 0x00000000e8000000)
  to   space 21824K,   0% used [0x00000000e5560000, 0x00000000e5560000, 0x00000000e6ab0000)
 concurrent mark-sweep generation total 393216K, used 0K [0x00000000e8000000, 0x0000000100000000, 0x0000000100000000)
 Metaspace       used 21498K, capacity 21850K, committed 21960K, reserved 1069056K
  class space    used 2480K, capacity 2637K, committed 2684K, reserved 1048576K
}
2018-04-06T21:32:21.660+0200: 1,977: Total time for which application threads were stopped: 0,0093057 seconds, Stopping threads took: 0,0000779 seconds
2018-04-06T21:32:21.673+0200: 1,991: Total time for which application threads were stopped: 0,0001512 seconds, Stopping threads took: 0,0000690 seconds
2018-04-06T21:32:21.702+0200: 2,019: Total time for which application threads were stopped: 0,0003805 seconds, Stopping threads took: 0,0000634 seconds
2018-04-06T21:32:21.746+0200: 2,064: Total time for which application threads were stopped: 0,0001845 seconds, Stopping threads took: 0,0000615 seconds
2018-04-06T21:32:21.777+0200: 2,095: Total time for which application threads were stopped: 0,0001684 seconds, Stopping threads took: 0,0000287 seconds
2018-04-06T21:32:21.943+0200: 2,261: Total time for which application threads were stopped: 0,0002334 seconds, Stopping threads took: 0,0000283 seconds
2018-04-06T21:32:21.973+0200: 2,291: Total time for which application threads were stopped: 0,0002225 seconds, Stopping threads took: 0,0000855 seconds
2018-04-06T21:32:21.978+0200: 2,296: Total time for which application threads were stopped: 0,0004768 seconds, Stopping threads took: 0,0000512 seconds
2018-04-06T21:32:22.003+0200: 2,321: Total time for which application threads were stopped: 0,0004543 seconds, Stopping threads took: 0,0000853 seconds
2018-04-06T21:32:22.020+0200: 2,338: Total time for which application threads were stopped: 0,0001023 seconds, Stopping threads took: 0,0000247 seconds
2018-04-06T21:32:22.082+0200: 2,400: Total time for which application threads were stopped: 0,0001551 seconds, Stopping threads took: 0,0000779 seconds
2018-04-06T21:32:22.113+0200: 2,430: Total time for which application threads were stopped: 0,0000834 seconds, Stopping threads took: 0,0000224 seconds
2018-04-06T21:32:22.113+0200: 2,430: [CMS-concurrent-abortable-preclean: 0,385/0,677 secs] [Times: user=2,48 sys=0,03, real=0,68 secs] 
2018-04-06T21:32:22.113+0200: 2,431: [GC (CMS Final Remark) [YG occupancy: 59713 K (109248 K)]{Heap before GC invocations=5 (full 1):
 par new generation   total 109248K, used 59713K [0x00000000e0000000, 0x00000000e8000000, 0x00000000e8000000)
  eden space 87424K,  55% used [0x00000000e0000000, 0x00000000e2ef9120, 0x00000000e5560000)
  from space 21824K,  53% used [0x00000000e6ab0000, 0x00000000e76072f0, 0x00000000e8000000)
  to   space 21824K,   0% used [0x00000000e5560000, 0x00000000e5560000, 0x00000000e6ab0000)
 concurrent mark-sweep generation total 393216K, used 0K [0x00000000e8000000, 0x0000000100000000, 0x0000000100000000)
 Metaspace       used 23903K, capacity 24290K, committed 24540K, reserved 1071104K
  class space    used 2818K, capacity 2981K, committed 3016K, reserved 1048576K
2018-04-06T21:32:22.113+0200: 2,431: [GC (CMS Final Remark) 2018-04-06T21:32:22.113+0200: 2,431: [ParNew
Desired survivor size 20112992 bytes, new threshold 8 (max 8)
- age   1:    3588808 bytes,    3588808 total
- age   2:     138104 bytes,    3726912 total
- age   3:     180880 bytes,    3907792 total
- age   4:     296736 bytes,    4204528 total
- age   5:    1044960 bytes,    5249488 total
- age   6:    5875784 bytes,   11125272 total
: 59713K->14288K(109248K), 0,0095129 secs] 59713K->14288K(502464K), 0,0095579 secs] [Times: user=0,03 sys=0,00, real=0,01 secs] 
Heap after GC invocations=6 (full 1):
 par new generation   total 109248K, used 14288K [0x00000000e0000000, 0x00000000e8000000, 0x00000000e8000000)
  eden space 87424K,   0% used [0x00000000e0000000, 0x00000000e0000000, 0x00000000e5560000)
  from space 21824K,  65% used [0x00000000e5560000, 0x00000000e6354178, 0x00000000e6ab0000)
  to   space 21824K,   0% used [0x00000000e6ab0000, 0x00000000e6ab0000, 0x00000000e8000000)
 concurrent mark-sweep generation total 393216K, used 0K [0x00000000e8000000, 0x0000000100000000, 0x0000000100000000)
 Metaspace       used 23903K, capacity 24290K, committed 24540K, reserved 1071104K
  class space    used 2818K, capacity 2981K, committed 3016K, reserved 1048576K
}
2018-04-06T21:32:22.123+0200: 2,440: [Rescan (parallel) , 0,0033138 secs]2018-04-06T21:32:22.126+0200: 2,444: [weak refs processing, 0,0004928 secs]2018-04-06T21:32:22.126+0200: 2,444: [class unloading, 0,0032825 secs]2018-04-06T21:32:22.130+0200: 2,447: [scrub symbol table, 0,0042478 secs]2018-04-06T21:32:22.134+0200: 2,452: [scrub string table, 0,0004202 secs][1 CMS-remark: 0K(393216K)] 14288K(502464K), 0,0221332 secs] [Times: user=0,06 sys=0,00, real=0,02 secs] 
2018-04-06T21:32:22.135+0200: 2,453: Total time for which application threads were stopped: 0,0223339 seconds, Stopping threads took: 0,0001139 seconds
2018-04-06T21:32:22.135+0200: 2,453: [CMS-concurrent-sweep-start]
2018-04-06T21:32:22.135+0200: 2,453: [CMS-concurrent-sweep: 0,000/0,000 secs] [Times: user=0,00 sys=0,00, real=0,00 secs] 
2018-04-06T21:32:22.135+0200: 2,453: [CMS-concurrent-reset-start]
2018-04-06T21:32:22.137+0200: 2,455: [CMS-concurrent-reset: 0,002/0,002 secs] [Times: user=0,00 sys=0,00, real=0,00 secs] 
2018-04-06T21:32:22.433+0200: 2,751: Total time for which application threads were stopped: 0,0004411 seconds, Stopping threads took: 0,0000484 seconds
2018-04-06T21:32:22.456+0200: 2,773: Total time for which application threads were stopped: 0,0041594 seconds, Stopping threads took: 0,0037639 seconds
2018-04-06T21:32:22.524+0200: 2,841: Total time for which application threads were stopped: 0,0039098 seconds, Stopping threads took: 0,0034338 seconds
2018-04-06T21:32:22.640+0200: 2,957: Total time for which application threads were stopped: 0,0045490 seconds, Stopping threads took: 0,0040652 seconds
{Heap before GC invocations=6 (full 1):
 par new generation   total 109248K, used 101712K [0x00000000e0000000, 0x00000000e8000000, 0x00000000e8000000)
  eden space 87424K, 100% used [0x00000000e0000000, 0x00000000e5560000, 0x00000000e5560000)
  from space 21824K,  65% used [0x00000000e5560000, 0x00000000e6354178, 0x00000000e6ab0000)
  to   space 21824K,   0% used [0x00000000e6ab0000, 0x00000000e6ab0000, 0x00000000e8000000)
 concurrent mark-sweep generation total 393216K, used 0K [0x00000000e8000000, 0x0000000100000000, 0x0000000100000000)
 Metaspace       used 27657K, capacity 28238K, committed 28484K, reserved 1075200K
  class space    used 3185K, capacity 3357K, committed 3400K, reserved 1048576K
2018-04-06T21:32:22.674+0200: 2,992: [GC (Allocation Failure) 2018-04-06T21:32:22.674+0200: 2,992: [ParNew
Desired survivor size 20112992 bytes, new threshold 7 (max 8)
- age   1:   13105464 bytes,   13105464 total
- age   2:    1694200 bytes,   14799664 total
- age   3:     135568 bytes,   14935232 total
- age   4:     177904 bytes,   15113136 total
- age   5:     292968 bytes,   15406104 total
- age   6:    1033608 bytes,   16439712 total
- age   7:    5867176 bytes,   22306888 total
: 101712K->21824K(109248K), 0,0307182 secs] 101712K->24402K(502464K), 0,0307987 secs] [Times: user=0,11 sys=0,00, real=0,03 secs] 
Heap after GC invocations=7 (full 1):
 par new generation   total 109248K, used 21824K [0x00000000e0000000, 0x00000000e8000000, 0x00000000e8000000)
  eden space 87424K,   0% used [0x00000000e0000000, 0x00000000e0000000, 0x00000000e5560000)
  from space 21824K, 100% used [0x00000000e6ab0000, 0x00000000e8000000, 0x00000000e8000000)
  to   space 21824K,   0% used [0x00000000e5560000, 0x00000000e5560000, 0x00000000e6ab0000)
 concurrent mark-sweep generation total 393216K, used 2578K [0x00000000e8000000, 0x0000000100000000, 0x0000000100000000)
 Metaspace       used 27657K, capacity 28238K, committed 28484K, reserved 1075200K
  class space    used 3185K, capacity 3357K, committed 3400K, reserved 1048576K
}
2018-04-06T21:32:22.705+0200: 3,023: Total time for which application threads were stopped: 0,0311597 seconds, Stopping threads took: 0,0001732 seconds
{Heap before GC invocations=7 (full 1):
 par new generation   total 109248K, used 109248K [0x00000000e0000000, 0x00000000e8000000, 0x00000000e8000000)
  eden space 87424K, 100% used [0x00000000e0000000, 0x00000000e5560000, 0x00000000e5560000)
  from space 21824K, 100% used [0x00000000e6ab0000, 0x00000000e8000000, 0x00000000e8000000)
  to   space 21824K,   0% used [0x00000000e5560000, 0x00000000e5560000, 0x00000000e6ab0000)
 concurrent mark-sweep generation total 393216K, used 2578K [0x00000000e8000000, 0x0000000100000000, 0x0000000100000000)
 Metaspace       used 27970K, capacity 28564K, committed 28868K, reserved 1075200K
  class space    used 3223K, capacity 3422K, committed 3528K, reserved 1048576K
2018-04-06T21:32:22.811+0200: 3,129: [GC (Allocation Failure) 2018-04-06T21:32:22.811+0200: 3,129: [ParNew
Desired survivor size 20112992 bytes, new threshold 8 (max 8)
- age   1:    1402864 bytes,    1402864 total
- age   2:   11819632 bytes,   13222496 total
- age   3:    1688776 bytes,   14911272 total
- age   4:     135568 bytes,   15046840 total
- age   5:     177784 bytes,   15224624 total
- age   6:     290440 bytes,   15515064 total
- age   7:    1033480 bytes,   16548544 total
: 109248K->21824K(109248K), 0,0409634 secs] 111826K->30376K(502464K), 0,0410518 secs] [Times: user=0,15 sys=0,00, real=0,04 secs] 
Heap after GC invocations=8 (full 1):
 par new generation   total 109248K, used 21824K [0x00000000e0000000, 0x00000000e8000000, 0x00000000e8000000)
  eden space 87424K,   0% used [0x00000000e0000000, 0x00000000e0000000, 0x00000000e5560000)
  from space 21824K, 100% used [0x00000000e5560000, 0x00000000e6ab0000, 0x00000000e6ab0000)
  to   space 21824K,   0% used [0x00000000e6ab0000, 0x00000000e6ab0000, 0x00000000e8000000)
 concurrent mark-sweep generation total 393216K, used 8552K [0x00000000e8000000, 0x0000000100000000, 0x0000000100000000)
 Metaspace       used 27970K, capacity 28564K, committed 28868K, reserved 1075200K
  class space    used 3223K, capacity 3422K, committed 3528K, reserved 1048576K
}
2018-04-06T21:32:22.852+0200: 3,170: Total time for which application threads were stopped: 0,0449242 seconds, Stopping threads took: 0,0036291 seconds
{Heap before GC invocations=8 (full 1):
 par new generation   total 109248K, used 109248K [0x00000000e0000000, 0x00000000e8000000, 0x00000000e8000000)
  eden space 87424K, 100% used [0x00000000e0000000, 0x00000000e5560000, 0x00000000e5560000)
  from space 21824K, 100% used [0x00000000e5560000, 0x00000000e6ab0000, 0x00000000e6ab0000)
  to   space 21824K,   0% used [0x00000000e6ab0000, 0x00000000e6ab0000, 0x00000000e8000000)
 concurrent mark-sweep generation total 393216K, used 8552K [0x00000000e8000000, 0x0000000100000000, 0x0000000100000000)
 Metaspace       used 28009K, capacity 28590K, committed 28868K, reserved 1075200K
  class space    used 3226K, capacity 3427K, committed 3528K, reserved 1048576K
2018-04-06T21:32:22.932+0200: 3,249: [GC (Allocation Failure) 2018-04-06T21:32:22.932+0200: 3,249: [ParNew
Desired survivor size 20112992 bytes, new threshold 8 (max 8)
- age   1:     498784 bytes,     498784 total
- age   2:     799144 bytes,    1297928 total
- age   3:   11819632 bytes,   13117560 total
- age   4:    1688776 bytes,   14806336 total
- age   5:     135568 bytes,   14941904 total
- age   6:     177680 bytes,   15119584 total
- age   7:     290440 bytes,   15410024 total
- age   8:    1033480 bytes,   16443504 total
: 109248K->21824K(109248K), 0,0270416 secs] 117800K->30376K(502464K), 0,0271458 secs] [Times: user=0,11 sys=0,00, real=0,02 secs] 
Heap after GC invocations=9 (full 1):
 par new generation   total 109248K, used 21824K [0x00000000e0000000, 0x00000000e8000000, 0x00000000e8000000)
  eden space 87424K,   0% used [0x00000000e0000000, 0x00000000e0000000, 0x00000000e5560000)
  from space 21824K, 100% used [0x00000000e6ab0000, 0x00000000e8000000, 0x00000000e8000000)
  to   space 21824K,   0% used [0x00000000e5560000, 0x00000000e5560000, 0x00000000e6ab0000)
 concurrent mark-sweep generation total 393216K, used 8552K [0x00000000e8000000, 0x0000000100000000, 0x0000000100000000)
 Metaspace       used 28009K, capacity 28590K, committed 28868K, reserved 1075200K
  class space    used 3226K, capacity 3427K, committed 3528K, reserved 1048576K
}
2018-04-06T21:32:22.959+0200: 3,277: Total time for which application threads were stopped: 0,0274303 seconds, Stopping threads took: 0,0000609 seconds
2018-04-06T21:32:23.736+0200: 4,054: Total time for which application threads were stopped: 0,0003949 seconds, Stopping threads took: 0,0000195 seconds
2018-04-06T21:32:26.380+0200: 6,698: Total time for which application threads were stopped: 0,0000711 seconds, Stopping threads took: 0,0000191 seconds
2018-04-06T21:32:26.383+0200: 6,701: Total time for which application threads were stopped: 0,0000690 seconds, Stopping threads took: 0,0000212 seconds
2018-04-06T21:32:26.400+0200: 6,718: Total time for which application threads were stopped: 0,0003641 seconds, Stopping threads took: 0,0000156 seconds
2018-04-06T21:32:26.418+0200: 6,735: Total time for which application threads were stopped: 0,0001079 seconds, Stopping threads took: 0,0000353 seconds
2018-04-06T21:32:26.418+0200: 6,735: Total time for which application threads were stopped: 0,0000721 seconds, Stopping threads took: 0,0000232 seconds
2018-04-06T21:32:26.484+0200: 6,801: Total time for which application threads were stopped: 0,0001013 seconds, Stopping threads took: 0,0000284 seconds
2018-04-06T21:32:26.488+0200: 6,805: Total time for which application threads were stopped: 0,0002480 seconds, Stopping threads took: 0,0001628 seconds
2018-04-06T21:32:26.543+0200: 6,861: Total time for which application threads were stopped: 0,0001063 seconds, Stopping threads took: 0,0000263 seconds
2018-04-06T21:32:26.548+0200: 6,865: Total time for which application threads were stopped: 0,0001202 seconds, Stopping threads took: 0,0000500 seconds
2018-04-06T21:32:26.566+0200: 6,884: Total time for which application threads were stopped: 0,0001128 seconds, Stopping threads took: 0,0000424 seconds
2018-04-06T21:32:26.951+0200: 7,269: Total time for which application threads were stopped: 0,0004988 seconds, Stopping threads took: 0,0000203 seconds
2018-04-06T21:32:26.952+0200: 7,270: Total time for which application threads were stopped: 0,0004439 seconds, Stopping threads took: 0,0000153 seconds
2018-04-06T21:32:26.956+0200: 7,273: Total time for which application threads were stopped: 0,0001006 seconds, Stopping threads took: 0,0000250 seconds
2018-04-06T21:32:26.957+0200: 7,275: Total time for which application threads were stopped: 0,0000736 seconds, Stopping threads took: 0,0000215 seconds
2018-04-06T21:32:26.971+0200: 7,288: Total time for which application threads were stopped: 0,0002138 seconds, Stopping threads took: 0,0001005 seconds
2018-04-06T21:32:26.974+0200: 7,292: Total time for which application threads were stopped: 0,0001512 seconds, Stopping threads took: 0,0000721 seconds
{Heap before GC invocations=9 (full 1):
 par new generation   total 109248K, used 109248K [0x00000000e0000000, 0x00000000e8000000, 0x00000000e8000000)
  eden space 87424K, 100% used [0x00000000e0000000, 0x00000000e5560000, 0x00000000e5560000)
  from space 21824K, 100% used [0x00000000e6ab0000, 0x00000000e8000000, 0x00000000e8000000)
  to   space 21824K,   0% used [0x00000000e5560000, 0x00000000e5560000, 0x00000000e6ab0000)
 concurrent mark-sweep generation total 393216K, used 8552K [0x00000000e8000000, 0x0000000100000000, 0x0000000100000000)
 Metaspace       used 29744K, capacity 30410K, committed 30660K, reserved 1077248K
  class space    used 3435K, capacity 3670K, committed 3784K, reserved 1048576K
2018-04-06T21:32:26.979+0200: 7,297: [GC (Allocation Failure) 2018-04-06T21:32:26.979+0200: 7,297: [ParNew
Desired survivor size 20112992 bytes, new threshold 5 (max 8)
- age   1:    8073328 bytes,    8073328 total
- age   2:     112888 bytes,    8186216 total
- age   3:     283880 bytes,    8470096 total
- age   4:   11283160 bytes,   19753256 total
- age   5:    1687816 bytes,   21441072 total
- age   6:     135376 bytes,   21576448 total
- age   7:     177520 bytes,   21753968 total
- age   8:     289800 bytes,   22043768 total
: 109248K->21824K(109248K), 0,0206898 secs] 117800K->32572K(502464K), 0,0207431 secs] [Times: user=0,07 sys=0,00, real=0,02 secs] 
Heap after GC invocations=10 (full 1):
 par new generation   total 109248K, used 21824K [0x00000000e0000000, 0x00000000e8000000, 0x00000000e8000000)
  eden space 87424K,   0% used [0x00000000e0000000, 0x00000000e0000000, 0x00000000e5560000)
  from space 21824K, 100% used [0x00000000e5560000, 0x00000000e6ab0000, 0x00000000e6ab0000)
  to   space 21824K,   0% used [0x00000000e6ab0000, 0x00000000e6ab0000, 0x00000000e8000000)
 concurrent mark-sweep generation total 393216K, used 10748K [0x00000000e8000000, 0x0000000100000000, 0x0000000100000000)
 Metaspace       used 29744K, capacity 30410K, committed 30660K, reserved 1077248K
  class space    used 3435K, capacity 3670K, committed 3784K, reserved 1048576K
}
2018-04-06T21:32:27.000+0200: 7,318: Total time for which application threads were stopped: 0,0210060 seconds, Stopping threads took: 0,0000727 seconds
2018-04-06T21:32:27.006+0200: 7,324: Total time for which application threads were stopped: 0,0008738 seconds, Stopping threads took: 0,0008033 seconds
2018-04-06T21:32:27.007+0200: 7,325: Total time for which application threads were stopped: 0,0001549 seconds, Stopping threads took: 0,0000861 seconds
2018-04-06T21:32:27.009+0200: 7,326: Total time for which application threads were stopped: 0,0001663 seconds, Stopping threads took: 0,0000772 seconds
2018-04-06T21:32:27.012+0200: 7,330: Total time for which application threads were stopped: 0,0001395 seconds, Stopping threads took: 0,0000643 seconds
Heap
 par new generation   total 109248K, used 27355K [0x00000000e0000000, 0x00000000e8000000, 0x00000000e8000000)
  eden space 87424K,   6% used [0x00000000e0000000, 0x00000000e0566ce8, 0x00000000e5560000)
  from space 21824K, 100% used [0x00000000e5560000, 0x00000000e6ab0000, 0x00000000e6ab0000)
  to   space 21824K,   0% used [0x00000000e6ab0000, 0x00000000e6ab0000, 0x00000000e8000000)
 concurrent mark-sweep generation total 393216K, used 10748K [0x00000000e8000000, 0x0000000100000000, 0x0000000100000000)
 Metaspace       used 29762K, capacity 30478K, committed 30660K, reserved 1077248K
  class space    used 3437K, capacity 3670K, committed 3784K, reserved 1048576K
