OpenJDK 64-Bit Server VM (25.171-b11) for linux-amd64 JRE (1.8.0_171-8u171-b11-0ubuntu0.16.04.1-b11), built on Apr 27 2018 17:19:03 by "buildd" with gcc 5.4.0 20160609
Memory: 4k page, physical 7867600k(753196k free), swap 8076284k(7988260k free)
CommandLine flags: -XX:CMSInitiatingOccupancyFraction=50 -XX:CMSMaxAbortablePrecleanTime=6000 -XX:+CMSParallelRemarkEnabled -XX:+CMSScavengeBeforeRemark -XX:ConcGCThreads=4 -XX:InitialHeapSize=536870912 -XX:MaxHeapSize=536870912 -XX:MaxTenuringThreshold=8 -XX:NewRatio=3 -XX:OldPLABSize=16 -XX:OnOutOfMemoryError=/home/gurnoor/workspace/QTM/solr/bin/oom_solr.sh 8983 /home/gurnoor/workspace/QTM/solr/server/logs -XX:ParallelGCThreads=4 -XX:+ParallelRefProcEnabled -XX:PretenureSizeThreshold=67108864 -XX:+PrintGC -XX:+PrintGCApplicationStoppedTime -XX:+PrintGCDateStamps -XX:+PrintGCDetails -XX:+PrintGCTimeStamps -XX:+PrintHeapAtGC -XX:+PrintTenuringDistribution -XX:SurvivorRatio=4 -XX:TargetSurvivorRatio=90 -XX:ThreadStackSize=256 -XX:+UseCMSInitiatingOccupancyOnly -XX:+UseCompressedClassPointers -XX:+UseCompressedOops -XX:+UseConcMarkSweepGC -XX:+UseParNewGC 
2018-06-25T12:42:14.491+0200: 0,113: Total time for which application threads were stopped: 0,0000760 seconds, Stopping threads took: 0,0000142 seconds
2018-06-25T12:42:14.556+0200: 0,178: Total time for which application threads were stopped: 0,0001212 seconds, Stopping threads took: 0,0000204 seconds
2018-06-25T12:42:14.568+0200: 0,190: Total time for which application threads were stopped: 0,0000763 seconds, Stopping threads took: 0,0000129 seconds
2018-06-25T12:42:14.691+0200: 0,313: Total time for which application threads were stopped: 0,0001636 seconds, Stopping threads took: 0,0000193 seconds
2018-06-25T12:42:14.839+0200: 0,461: Total time for which application threads were stopped: 0,0001472 seconds, Stopping threads took: 0,0000206 seconds
2018-06-25T12:42:14.884+0200: 0,506: Total time for which application threads were stopped: 0,0001731 seconds, Stopping threads took: 0,0000310 seconds
2018-06-25T12:42:14.902+0200: 0,524: Total time for which application threads were stopped: 0,0002351 seconds, Stopping threads took: 0,0000227 seconds
2018-06-25T12:42:15.114+0200: 0,736: Total time for which application threads were stopped: 0,0001997 seconds, Stopping threads took: 0,0000171 seconds
2018-06-25T12:42:15.257+0200: 0,879: Total time for which application threads were stopped: 0,0002868 seconds, Stopping threads took: 0,0000648 seconds
2018-06-25T12:42:15.278+0200: 0,900: Total time for which application threads were stopped: 0,0001856 seconds, Stopping threads took: 0,0000243 seconds
2018-06-25T12:42:15.303+0200: 0,925: Total time for which application threads were stopped: 0,0002275 seconds, Stopping threads took: 0,0000256 seconds
2018-06-25T12:42:15.304+0200: 0,926: Total time for which application threads were stopped: 0,0002470 seconds, Stopping threads took: 0,0000214 seconds
2018-06-25T12:42:15.316+0200: 0,938: Total time for which application threads were stopped: 0,0002393 seconds, Stopping threads took: 0,0000312 seconds
2018-06-25T12:42:15.383+0200: 1,005: Total time for which application threads were stopped: 0,0002295 seconds, Stopping threads took: 0,0000256 seconds
2018-06-25T12:42:15.541+0200: 1,163: Total time for which application threads were stopped: 0,0002801 seconds, Stopping threads took: 0,0000292 seconds
{Heap before GC invocations=0 (full 0):
 par new generation   total 109248K, used 87424K [0x00000000e0000000, 0x00000000e8000000, 0x00000000e8000000)
  eden space 87424K, 100% used [0x00000000e0000000, 0x00000000e5560000, 0x00000000e5560000)
  from space 21824K,   0% used [0x00000000e5560000, 0x00000000e5560000, 0x00000000e6ab0000)
  to   space 21824K,   0% used [0x00000000e6ab0000, 0x00000000e6ab0000, 0x00000000e8000000)
 concurrent mark-sweep generation total 393216K, used 0K [0x00000000e8000000, 0x0000000100000000, 0x0000000100000000)
 Metaspace       used 17845K, capacity 18184K, committed 18304K, reserved 1064960K
  class space    used 2026K, capacity 2166K, committed 2176K, reserved 1048576K
2018-06-25T12:42:15.571+0200: 1,193: [GC (Allocation Failure) 2018-06-25T12:42:15.571+0200: 1,193: [ParNew
Desired survivor size 20112992 bytes, new threshold 8 (max 8)
- age   1:   11352208 bytes,   11352208 total
: 87424K->11198K(109248K), 0,0112234 secs] 87424K->11198K(502464K), 0,0112997 secs] [Times: user=0,02 sys=0,01, real=0,01 secs] 
Heap after GC invocations=1 (full 0):
 par new generation   total 109248K, used 11198K [0x00000000e0000000, 0x00000000e8000000, 0x00000000e8000000)
  eden space 87424K,   0% used [0x00000000e0000000, 0x00000000e0000000, 0x00000000e5560000)
  from space 21824K,  51% used [0x00000000e6ab0000, 0x00000000e759f8a8, 0x00000000e8000000)
  to   space 21824K,   0% used [0x00000000e5560000, 0x00000000e5560000, 0x00000000e6ab0000)
 concurrent mark-sweep generation total 393216K, used 0K [0x00000000e8000000, 0x0000000100000000, 0x0000000100000000)
 Metaspace       used 17845K, capacity 18184K, committed 18304K, reserved 1064960K
  class space    used 2026K, capacity 2166K, committed 2176K, reserved 1048576K
}
2018-06-25T12:42:15.582+0200: 1,204: Total time for which application threads were stopped: 0,0116090 seconds, Stopping threads took: 0,0000811 seconds
2018-06-25T12:42:15.889+0200: 1,511: Total time for which application threads were stopped: 0,0004613 seconds, Stopping threads took: 0,0000549 seconds
{Heap before GC invocations=1 (full 0):
 par new generation   total 109248K, used 98622K [0x00000000e0000000, 0x00000000e8000000, 0x00000000e8000000)
  eden space 87424K, 100% used [0x00000000e0000000, 0x00000000e5560000, 0x00000000e5560000)
  from space 21824K,  51% used [0x00000000e6ab0000, 0x00000000e759f8a8, 0x00000000e8000000)
  to   space 21824K,   0% used [0x00000000e5560000, 0x00000000e5560000, 0x00000000e6ab0000)
 concurrent mark-sweep generation total 393216K, used 0K [0x00000000e8000000, 0x0000000100000000, 0x0000000100000000)
 Metaspace       used 20125K, capacity 20504K, committed 20736K, reserved 1067008K
  class space    used 2300K, capacity 2474K, committed 2560K, reserved 1048576K
2018-06-25T12:42:15.953+0200: 1,575: [GC (Allocation Failure) 2018-06-25T12:42:15.953+0200: 1,575: [ParNew
Desired survivor size 20112992 bytes, new threshold 8 (max 8)
- age   1:    3391656 bytes,    3391656 total
- age   2:    5886560 bytes,    9278216 total
: 98622K->12431K(109248K), 0,0190850 secs] 98622K->12431K(502464K), 0,0191569 secs] [Times: user=0,05 sys=0,00, real=0,02 secs] 
Heap after GC invocations=2 (full 0):
 par new generation   total 109248K, used 12431K [0x00000000e0000000, 0x00000000e8000000, 0x00000000e8000000)
  eden space 87424K,   0% used [0x00000000e0000000, 0x00000000e0000000, 0x00000000e5560000)
  from space 21824K,  56% used [0x00000000e5560000, 0x00000000e6183fc8, 0x00000000e6ab0000)
  to   space 21824K,   0% used [0x00000000e6ab0000, 0x00000000e6ab0000, 0x00000000e8000000)
 concurrent mark-sweep generation total 393216K, used 0K [0x00000000e8000000, 0x0000000100000000, 0x0000000100000000)
 Metaspace       used 20125K, capacity 20504K, committed 20736K, reserved 1067008K
  class space    used 2300K, capacity 2474K, committed 2560K, reserved 1048576K
}
2018-06-25T12:42:15.972+0200: 1,594: Total time for which application threads were stopped: 0,0218448 seconds, Stopping threads took: 0,0025254 seconds
2018-06-25T12:42:15.977+0200: 1,599: Total time for which application threads were stopped: 0,0008882 seconds, Stopping threads took: 0,0006154 seconds
2018-06-25T12:42:16.025+0200: 1,647: Total time for which application threads were stopped: 0,0004573 seconds, Stopping threads took: 0,0000948 seconds
2018-06-25T12:42:16.166+0200: 1,788: Total time for which application threads were stopped: 0,0014289 seconds, Stopping threads took: 0,0012649 seconds
{Heap before GC invocations=2 (full 0):
 par new generation   total 109248K, used 99855K [0x00000000e0000000, 0x00000000e8000000, 0x00000000e8000000)
  eden space 87424K, 100% used [0x00000000e0000000, 0x00000000e5560000, 0x00000000e5560000)
  from space 21824K,  56% used [0x00000000e5560000, 0x00000000e6183fc8, 0x00000000e6ab0000)
  to   space 21824K,   0% used [0x00000000e6ab0000, 0x00000000e6ab0000, 0x00000000e8000000)
 concurrent mark-sweep generation total 393216K, used 0K [0x00000000e8000000, 0x0000000100000000, 0x0000000100000000)
 Metaspace       used 21052K, capacity 21426K, committed 21628K, reserved 1069056K
  class space    used 2423K, capacity 2593K, committed 2684K, reserved 1048576K
2018-06-25T12:42:16.211+0200: 1,833: [GC (Allocation Failure) 2018-06-25T12:42:16.211+0200: 1,833: [ParNew
Desired survivor size 20112992 bytes, new threshold 8 (max 8)
- age   1:    2097856 bytes,    2097856 total
- age   2:    1098992 bytes,    3196848 total
- age   3:    5884744 bytes,    9081592 total
: 99855K->10347K(109248K), 0,0092654 secs] 99855K->10347K(502464K), 0,0093497 secs] [Times: user=0,04 sys=0,00, real=0,01 secs] 
Heap after GC invocations=3 (full 0):
 par new generation   total 109248K, used 10347K [0x00000000e0000000, 0x00000000e8000000, 0x00000000e8000000)
  eden space 87424K,   0% used [0x00000000e0000000, 0x00000000e0000000, 0x00000000e5560000)
  from space 21824K,  47% used [0x00000000e6ab0000, 0x00000000e74cae00, 0x00000000e8000000)
  to   space 21824K,   0% used [0x00000000e5560000, 0x00000000e5560000, 0x00000000e6ab0000)
 concurrent mark-sweep generation total 393216K, used 0K [0x00000000e8000000, 0x0000000100000000, 0x0000000100000000)
 Metaspace       used 21052K, capacity 21426K, committed 21628K, reserved 1069056K
  class space    used 2423K, capacity 2593K, committed 2684K, reserved 1048576K
}
2018-06-25T12:42:16.221+0200: 1,843: Total time for which application threads were stopped: 0,0095900 seconds, Stopping threads took: 0,0000841 seconds
2018-06-25T12:42:16.221+0200: 1,843: [GC (CMS Initial Mark) [1 CMS-initial-mark: 0K(393216K)] 11789K(502464K), 0,0029962 secs] [Times: user=0,01 sys=0,00, real=0,00 secs] 
2018-06-25T12:42:16.224+0200: 1,846: Total time for which application threads were stopped: 0,0031474 seconds, Stopping threads took: 0,0000591 seconds
2018-06-25T12:42:16.224+0200: 1,846: [CMS-concurrent-mark-start]
2018-06-25T12:42:16.225+0200: 1,847: [CMS-concurrent-mark: 0,001/0,001 secs] [Times: user=0,00 sys=0,00, real=0,00 secs] 
2018-06-25T12:42:16.225+0200: 1,847: [CMS-concurrent-preclean-start]
2018-06-25T12:42:16.226+0200: 1,848: [CMS-concurrent-preclean: 0,001/0,001 secs] [Times: user=0,01 sys=0,00, real=0,00 secs] 
2018-06-25T12:42:16.226+0200: 1,848: [CMS-concurrent-abortable-preclean-start]
2018-06-25T12:42:16.249+0200: 1,871: Total time for which application threads were stopped: 0,0001493 seconds, Stopping threads took: 0,0000292 seconds
{Heap before GC invocations=3 (full 1):
 par new generation   total 109248K, used 97771K [0x00000000e0000000, 0x00000000e8000000, 0x00000000e8000000)
  eden space 87424K, 100% used [0x00000000e0000000, 0x00000000e5560000, 0x00000000e5560000)
  from space 21824K,  47% used [0x00000000e6ab0000, 0x00000000e74cae00, 0x00000000e8000000)
  to   space 21824K,   0% used [0x00000000e5560000, 0x00000000e5560000, 0x00000000e6ab0000)
 concurrent mark-sweep generation total 393216K, used 0K [0x00000000e8000000, 0x0000000100000000, 0x0000000100000000)
 Metaspace       used 21340K, capacity 21708K, committed 21884K, reserved 1069056K
  class space    used 2454K, capacity 2609K, committed 2684K, reserved 1048576K
2018-06-25T12:42:16.368+0200: 1,990: [GC (Allocation Failure) 2018-06-25T12:42:16.368+0200: 1,990: [ParNew
Desired survivor size 20112992 bytes, new threshold 8 (max 8)
- age   1:    1105464 bytes,    1105464 total
- age   2:    1446000 bytes,    2551464 total
- age   3:    1095288 bytes,    3646752 total
- age   4:    5885184 bytes,    9531936 total
: 97771K->15890K(109248K), 0,0095035 secs] 97771K->15890K(502464K), 0,0095693 secs] [Times: user=0,04 sys=0,00, real=0,02 secs] 
Heap after GC invocations=4 (full 1):
 par new generation   total 109248K, used 15890K [0x00000000e0000000, 0x00000000e8000000, 0x00000000e8000000)
  eden space 87424K,   0% used [0x00000000e0000000, 0x00000000e0000000, 0x00000000e5560000)
  from space 21824K,  72% used [0x00000000e5560000, 0x00000000e64e4800, 0x00000000e6ab0000)
  to   space 21824K,   0% used [0x00000000e6ab0000, 0x00000000e6ab0000, 0x00000000e8000000)
 concurrent mark-sweep generation total 393216K, used 0K [0x00000000e8000000, 0x0000000100000000, 0x0000000100000000)
 Metaspace       used 21340K, capacity 21708K, committed 21884K, reserved 1069056K
  class space    used 2454K, capacity 2609K, committed 2684K, reserved 1048576K
}
2018-06-25T12:42:16.378+0200: 2,000: Total time for which application threads were stopped: 0,0108131 seconds, Stopping threads took: 0,0010919 seconds
2018-06-25T12:42:16.479+0200: 2,101: [CMS-concurrent-abortable-preclean: 0,142/0,253 secs] [Times: user=0,94 sys=0,00, real=0,26 secs] 
2018-06-25T12:42:16.481+0200: 2,103: [GC (CMS Final Remark) [YG occupancy: 100359 K (109248 K)]{Heap before GC invocations=4 (full 1):
 par new generation   total 109248K, used 100359K [0x00000000e0000000, 0x00000000e8000000, 0x00000000e8000000)
  eden space 87424K,  96% used [0x00000000e0000000, 0x00000000e527d4c0, 0x00000000e5560000)
  from space 21824K,  72% used [0x00000000e5560000, 0x00000000e64e4800, 0x00000000e6ab0000)
  to   space 21824K,   0% used [0x00000000e6ab0000, 0x00000000e6ab0000, 0x00000000e8000000)
 concurrent mark-sweep generation total 393216K, used 0K [0x00000000e8000000, 0x0000000100000000, 0x0000000100000000)
 Metaspace       used 21499K, capacity 21886K, committed 21960K, reserved 1069056K
  class space    used 2474K, capacity 2644K, committed 2684K, reserved 1048576K
2018-06-25T12:42:16.481+0200: 2,103: [GC (CMS Final Remark) 2018-06-25T12:42:16.481+0200: 2,103: [ParNew
Desired survivor size 20112992 bytes, new threshold 8 (max 8)
- age   1:     549904 bytes,     549904 total
- age   2:     192648 bytes,     742552 total
- age   3:    1445888 bytes,    2188440 total
- age   4:    1093272 bytes,    3281712 total
- age   5:    5884848 bytes,    9166560 total
: 100359K->10783K(109248K), 0,0089782 secs] 100359K->10783K(502464K), 0,0090214 secs] [Times: user=0,04 sys=0,00, real=0,01 secs] 
Heap after GC invocations=5 (full 1):
 par new generation   total 109248K, used 10783K [0x00000000e0000000, 0x00000000e8000000, 0x00000000e8000000)
  eden space 87424K,   0% used [0x00000000e0000000, 0x00000000e0000000, 0x00000000e5560000)
  from space 21824K,  49% used [0x00000000e6ab0000, 0x00000000e7537cd0, 0x00000000e8000000)
  to   space 21824K,   0% used [0x00000000e5560000, 0x00000000e5560000, 0x00000000e6ab0000)
 concurrent mark-sweep generation total 393216K, used 0K [0x00000000e8000000, 0x0000000100000000, 0x0000000100000000)
 Metaspace       used 21499K, capacity 21886K, committed 21960K, reserved 1069056K
  class space    used 2474K, capacity 2644K, committed 2684K, reserved 1048576K
}
2018-06-25T12:42:16.490+0200: 2,112: [Rescan (parallel) , 0,0035512 secs]2018-06-25T12:42:16.493+0200: 2,115: [weak refs processing, 0,0006459 secs]2018-06-25T12:42:16.494+0200: 2,116: [class unloading, 0,0031148 secs]2018-06-25T12:42:16.497+0200: 2,119: [scrub symbol table, 0,0030397 secs]2018-06-25T12:42:16.500+0200: 2,122: [scrub string table, 0,0004202 secs][1 CMS-remark: 0K(393216K)] 10783K(502464K), 0,0205440 secs] [Times: user=0,06 sys=0,00, real=0,02 secs] 
2018-06-25T12:42:16.501+0200: 2,123: Total time for which application threads were stopped: 0,0220753 seconds, Stopping threads took: 0,0014220 seconds
2018-06-25T12:42:16.501+0200: 2,123: [CMS-concurrent-sweep-start]
2018-06-25T12:42:16.501+0200: 2,123: [CMS-concurrent-sweep: 0,000/0,000 secs] [Times: user=0,00 sys=0,00, real=0,00 secs] 
2018-06-25T12:42:16.501+0200: 2,123: [CMS-concurrent-reset-start]
2018-06-25T12:42:16.508+0200: 2,130: [CMS-concurrent-reset: 0,007/0,007 secs] [Times: user=0,02 sys=0,00, real=0,00 secs] 
2018-06-25T12:42:16.553+0200: 2,176: Total time for which application threads were stopped: 0,0004030 seconds, Stopping threads took: 0,0000449 seconds
2018-06-25T12:42:16.829+0200: 2,451: Total time for which application threads were stopped: 0,0006047 seconds, Stopping threads took: 0,0000496 seconds
2018-06-25T12:42:16.842+0200: 2,464: Total time for which application threads were stopped: 0,0004739 seconds, Stopping threads took: 0,0000703 seconds
{Heap before GC invocations=5 (full 1):
 par new generation   total 109248K, used 98207K [0x00000000e0000000, 0x00000000e8000000, 0x00000000e8000000)
  eden space 87424K, 100% used [0x00000000e0000000, 0x00000000e5560000, 0x00000000e5560000)
  from space 21824K,  49% used [0x00000000e6ab0000, 0x00000000e7537cd0, 0x00000000e8000000)
  to   space 21824K,   0% used [0x00000000e5560000, 0x00000000e5560000, 0x00000000e6ab0000)
 concurrent mark-sweep generation total 393216K, used 0K [0x00000000e8000000, 0x0000000100000000, 0x0000000100000000)
 Metaspace       used 24987K, capacity 25414K, committed 25724K, reserved 1071104K
  class space    used 2911K, capacity 3116K, committed 3196K, reserved 1048576K
2018-06-25T12:42:17.075+0200: 2,697: [GC (Allocation Failure) 2018-06-25T12:42:17.075+0200: 2,697: [ParNew
Desired survivor size 20112992 bytes, new threshold 8 (max 8)
- age   1:    5190480 bytes,    5190480 total
- age   2:     107720 bytes,    5298200 total
- age   3:     188272 bytes,    5486472 total
- age   4:     271904 bytes,    5758376 total
- age   5:    1071384 bytes,    6829760 total
- age   6:    5878816 bytes,   12708576 total
: 98207K->15583K(109248K), 0,0178223 secs] 98207K->15583K(502464K), 0,0179144 secs] [Times: user=0,04 sys=0,00, real=0,02 secs] 
Heap after GC invocations=6 (full 1):
 par new generation   total 109248K, used 15583K [0x00000000e0000000, 0x00000000e8000000, 0x00000000e8000000)
  eden space 87424K,   0% used [0x00000000e0000000, 0x00000000e0000000, 0x00000000e5560000)
  from space 21824K,  71% used [0x00000000e5560000, 0x00000000e6497fc0, 0x00000000e6ab0000)
  to   space 21824K,   0% used [0x00000000e6ab0000, 0x00000000e6ab0000, 0x00000000e8000000)
 concurrent mark-sweep generation total 393216K, used 0K [0x00000000e8000000, 0x0000000100000000, 0x0000000100000000)
 Metaspace       used 24987K, capacity 25414K, committed 25724K, reserved 1071104K
  class space    used 2911K, capacity 3116K, committed 3196K, reserved 1048576K
}
2018-06-25T12:42:17.093+0200: 2,715: Total time for which application threads were stopped: 0,0182738 seconds, Stopping threads took: 0,0000622 seconds
2018-06-25T12:42:17.261+0200: 2,883: Total time for which application threads were stopped: 0,0004418 seconds, Stopping threads took: 0,0000574 seconds
2018-06-25T12:42:17.277+0200: 2,899: Total time for which application threads were stopped: 0,0004828 seconds, Stopping threads took: 0,0000261 seconds
2018-06-25T12:42:17.327+0200: 2,949: Total time for which application threads were stopped: 0,0004749 seconds, Stopping threads took: 0,0000326 seconds
2018-06-25T12:42:17.433+0200: 3,055: Total time for which application threads were stopped: 0,0029774 seconds, Stopping threads took: 0,0024625 seconds
{Heap before GC invocations=6 (full 1):
 par new generation   total 109248K, used 103007K [0x00000000e0000000, 0x00000000e8000000, 0x00000000e8000000)
  eden space 87424K, 100% used [0x00000000e0000000, 0x00000000e5560000, 0x00000000e5560000)
  from space 21824K,  71% used [0x00000000e5560000, 0x00000000e6497fc0, 0x00000000e6ab0000)
  to   space 21824K,   0% used [0x00000000e6ab0000, 0x00000000e6ab0000, 0x00000000e8000000)
 concurrent mark-sweep generation total 393216K, used 0K [0x00000000e8000000, 0x0000000100000000, 0x0000000100000000)
 Metaspace       used 27932K, capacity 28558K, committed 28796K, reserved 1075200K
  class space    used 3211K, capacity 3394K, committed 3452K, reserved 1048576K
2018-06-25T12:42:17.559+0200: 3,181: [GC (Allocation Failure) 2018-06-25T12:42:17.559+0200: 3,181: [ParNew
Desired survivor size 20112992 bytes, new threshold 7 (max 8)
- age   1:   12438456 bytes,   12438456 total
- age   2:    2198968 bytes,   14637424 total
- age   3:     107720 bytes,   14745144 total
- age   4:     188096 bytes,   14933240 total
- age   5:     271632 bytes,   15204872 total
- age   6:    1062992 bytes,   16267864 total
- age   7:    5871120 bytes,   22138984 total
: 103007K->21824K(109248K), 0,0261063 secs] 103007K->23349K(502464K), 0,0261929 secs] [Times: user=0,09 sys=0,00, real=0,02 secs] 
Heap after GC invocations=7 (full 1):
 par new generation   total 109248K, used 21824K [0x00000000e0000000, 0x00000000e8000000, 0x00000000e8000000)
  eden space 87424K,   0% used [0x00000000e0000000, 0x00000000e0000000, 0x00000000e5560000)
  from space 21824K, 100% used [0x00000000e6ab0000, 0x00000000e8000000, 0x00000000e8000000)
  to   space 21824K,   0% used [0x00000000e5560000, 0x00000000e5560000, 0x00000000e6ab0000)
 concurrent mark-sweep generation total 393216K, used 1525K [0x00000000e8000000, 0x0000000100000000, 0x0000000100000000)
 Metaspace       used 27932K, capacity 28558K, committed 28796K, reserved 1075200K
  class space    used 3211K, capacity 3394K, committed 3452K, reserved 1048576K
}
2018-06-25T12:42:17.585+0200: 3,207: Total time for which application threads were stopped: 0,0265696 seconds, Stopping threads took: 0,0000953 seconds
{Heap before GC invocations=7 (full 1):
 par new generation   total 109248K, used 109248K [0x00000000e0000000, 0x00000000e8000000, 0x00000000e8000000)
  eden space 87424K, 100% used [0x00000000e0000000, 0x00000000e5560000, 0x00000000e5560000)
  from space 21824K, 100% used [0x00000000e6ab0000, 0x00000000e8000000, 0x00000000e8000000)
  to   space 21824K,   0% used [0x00000000e5560000, 0x00000000e5560000, 0x00000000e6ab0000)
 concurrent mark-sweep generation total 393216K, used 1525K [0x00000000e8000000, 0x0000000100000000, 0x0000000100000000)
 Metaspace       used 27977K, capacity 28558K, committed 28796K, reserved 1075200K
  class space    used 3211K, capacity 3394K, committed 3452K, reserved 1048576K
2018-06-25T12:42:17.692+0200: 3,314: [GC (Allocation Failure) 2018-06-25T12:42:17.692+0200: 3,314: [ParNew
Desired survivor size 20112992 bytes, new threshold 8 (max 8)
- age   1:    1534640 bytes,    1534640 total
- age   2:   10784960 bytes,   12319600 total
- age   3:    2198928 bytes,   14518528 total
- age   4:     107720 bytes,   14626248 total
- age   5:     188096 bytes,   14814344 total
- age   6:     271632 bytes,   15085976 total
- age   7:    1063016 bytes,   16148992 total
: 109248K->21746K(109248K), 0,0446914 secs] 110773K->29075K(502464K), 0,0447638 secs] [Times: user=0,10 sys=0,03, real=0,05 secs] 
Heap after GC invocations=8 (full 1):
 par new generation   total 109248K, used 21746K [0x00000000e0000000, 0x00000000e8000000, 0x00000000e8000000)
  eden space 87424K,   0% used [0x00000000e0000000, 0x00000000e0000000, 0x00000000e5560000)
  from space 21824K,  99% used [0x00000000e5560000, 0x00000000e6a9c950, 0x00000000e6ab0000)
  to   space 21824K,   0% used [0x00000000e6ab0000, 0x00000000e6ab0000, 0x00000000e8000000)
 concurrent mark-sweep generation total 393216K, used 7328K [0x00000000e8000000, 0x0000000100000000, 0x0000000100000000)
 Metaspace       used 27977K, capacity 28558K, committed 28796K, reserved 1075200K
  class space    used 3211K, capacity 3394K, committed 3452K, reserved 1048576K
}
2018-06-25T12:42:17.737+0200: 3,359: Total time for which application threads were stopped: 0,0450706 seconds, Stopping threads took: 0,0001002 seconds
{Heap before GC invocations=8 (full 1):
 par new generation   total 109248K, used 109170K [0x00000000e0000000, 0x00000000e8000000, 0x00000000e8000000)
  eden space 87424K, 100% used [0x00000000e0000000, 0x00000000e5560000, 0x00000000e5560000)
  from space 21824K,  99% used [0x00000000e5560000, 0x00000000e6a9c950, 0x00000000e6ab0000)
  to   space 21824K,   0% used [0x00000000e6ab0000, 0x00000000e6ab0000, 0x00000000e8000000)
 concurrent mark-sweep generation total 393216K, used 7328K [0x00000000e8000000, 0x0000000100000000, 0x0000000100000000)
 Metaspace       used 28024K, capacity 28600K, committed 28796K, reserved 1075200K
  class space    used 3216K, capacity 3402K, committed 3452K, reserved 1048576K
2018-06-25T12:42:17.802+0200: 3,424: [GC (Allocation Failure) 2018-06-25T12:42:17.802+0200: 3,424: [ParNew
Desired survivor size 20112992 bytes, new threshold 8 (max 8)
- age   1:     570248 bytes,     570248 total
- age   2:    1373952 bytes,    1944200 total
- age   3:   10784960 bytes,   12729160 total
- age   4:    2198928 bytes,   14928088 total
- age   5:     107720 bytes,   15035808 total
- age   6:     187888 bytes,   15223696 total
- age   7:     271632 bytes,   15495328 total
- age   8:    1062992 bytes,   16558320 total
: 109170K->20136K(109248K), 0,0310186 secs] 116499K->27465K(502464K), 0,0311046 secs] [Times: user=0,10 sys=0,00, real=0,03 secs] 
Heap after GC invocations=9 (full 1):
 par new generation   total 109248K, used 20136K [0x00000000e0000000, 0x00000000e8000000, 0x00000000e8000000)
  eden space 87424K,   0% used [0x00000000e0000000, 0x00000000e0000000, 0x00000000e5560000)
  from space 21824K,  92% used [0x00000000e6ab0000, 0x00000000e7e5a260, 0x00000000e8000000)
  to   space 21824K,   0% used [0x00000000e5560000, 0x00000000e5560000, 0x00000000e6ab0000)
 concurrent mark-sweep generation total 393216K, used 7328K [0x00000000e8000000, 0x0000000100000000, 0x0000000100000000)
 Metaspace       used 28024K, capacity 28600K, committed 28796K, reserved 1075200K
  class space    used 3216K, capacity 3402K, committed 3452K, reserved 1048576K
}
2018-06-25T12:42:17.833+0200: 3,456: Total time for which application threads were stopped: 0,0312993 seconds, Stopping threads took: 0,0000357 seconds
{Heap before GC invocations=9 (full 1):
 par new generation   total 109248K, used 107560K [0x00000000e0000000, 0x00000000e8000000, 0x00000000e8000000)
  eden space 87424K, 100% used [0x00000000e0000000, 0x00000000e5560000, 0x00000000e5560000)
  from space 21824K,  92% used [0x00000000e6ab0000, 0x00000000e7e5a260, 0x00000000e8000000)
  to   space 21824K,   0% used [0x00000000e5560000, 0x00000000e5560000, 0x00000000e6ab0000)
 concurrent mark-sweep generation total 393216K, used 7328K [0x00000000e8000000, 0x0000000100000000, 0x0000000100000000)
 Metaspace       used 28037K, capacity 28600K, committed 28796K, reserved 1075200K
  class space    used 3216K, capacity 3402K, committed 3452K, reserved 1048576K
2018-06-25T12:42:17.933+0200: 3,555: [GC (Allocation Failure) 2018-06-25T12:42:17.933+0200: 3,555: [ParNew
Desired survivor size 20112992 bytes, new threshold 8 (max 8)
- age   1:    1179608 bytes,    1179608 total
- age   2:     134992 bytes,    1314600 total
- age   3:     986024 bytes,    2300624 total
- age   4:   10783888 bytes,   13084512 total
- age   5:    2198752 bytes,   15283264 total
- age   6:     107720 bytes,   15390984 total
- age   7:     187888 bytes,   15578872 total
- age   8:     271632 bytes,   15850504 total
: 107560K->21824K(109248K), 0,0262371 secs] 114889K->30205K(502464K), 0,0263230 secs] [Times: user=0,08 sys=0,00, real=0,03 secs] 
Heap after GC invocations=10 (full 1):
 par new generation   total 109248K, used 21824K [0x00000000e0000000, 0x00000000e8000000, 0x00000000e8000000)
  eden space 87424K,   0% used [0x00000000e0000000, 0x00000000e0000000, 0x00000000e5560000)
  from space 21824K, 100% used [0x00000000e5560000, 0x00000000e6ab0000, 0x00000000e6ab0000)
  to   space 21824K,   0% used [0x00000000e6ab0000, 0x00000000e6ab0000, 0x00000000e8000000)
 concurrent mark-sweep generation total 393216K, used 8381K [0x00000000e8000000, 0x0000000100000000, 0x0000000100000000)
 Metaspace       used 28037K, capacity 28600K, committed 28796K, reserved 1075200K
  class space    used 3216K, capacity 3402K, committed 3452K, reserved 1048576K
}
2018-06-25T12:42:17.959+0200: 3,581: Total time for which application threads were stopped: 0,0286103 seconds, Stopping threads took: 0,0020667 seconds
2018-06-25T12:42:18.432+0200: 4,054: Total time for which application threads were stopped: 0,0005729 seconds, Stopping threads took: 0,0000348 seconds
2018-06-25T12:42:37.278+0200: 22,900: Total time for which application threads were stopped: 0,0001192 seconds, Stopping threads took: 0,0000354 seconds
2018-06-25T12:42:37.289+0200: 22,911: Total time for which application threads were stopped: 0,0001134 seconds, Stopping threads took: 0,0000208 seconds
2018-06-25T12:42:37.327+0200: 22,949: Total time for which application threads were stopped: 0,0004659 seconds, Stopping threads took: 0,0000210 seconds
2018-06-25T12:42:37.358+0200: 22,980: Total time for which application threads were stopped: 0,0002796 seconds, Stopping threads took: 0,0000442 seconds
2018-06-25T12:42:37.359+0200: 22,981: Total time for which application threads were stopped: 0,0004579 seconds, Stopping threads took: 0,0000438 seconds
2018-06-25T12:42:37.410+0200: 23,032: Total time for which application threads were stopped: 0,0011768 seconds, Stopping threads took: 0,0000702 seconds
2018-06-25T12:42:37.693+0200: 23,315: Total time for which application threads were stopped: 0,0001840 seconds, Stopping threads took: 0,0000530 seconds
2018-06-25T12:42:37.725+0200: 23,347: Total time for which application threads were stopped: 0,0007688 seconds, Stopping threads took: 0,0005508 seconds
2018-06-25T12:42:37.725+0200: 23,347: Total time for which application threads were stopped: 0,0001423 seconds, Stopping threads took: 0,0000496 seconds
2018-06-25T12:42:37.726+0200: 23,348: Total time for which application threads were stopped: 0,0000771 seconds, Stopping threads took: 0,0000254 seconds
2018-06-25T12:42:37.726+0200: 23,348: Total time for which application threads were stopped: 0,0000988 seconds, Stopping threads took: 0,0000438 seconds
2018-06-25T12:42:37.727+0200: 23,349: Total time for which application threads were stopped: 0,0000915 seconds, Stopping threads took: 0,0000208 seconds
2018-06-25T12:42:37.727+0200: 23,349: Total time for which application threads were stopped: 0,0000698 seconds, Stopping threads took: 0,0000157 seconds
2018-06-25T12:42:37.727+0200: 23,349: Total time for which application threads were stopped: 0,0000670 seconds, Stopping threads took: 0,0000165 seconds
2018-06-25T12:42:37.733+0200: 23,355: Total time for which application threads were stopped: 0,0001209 seconds, Stopping threads took: 0,0000274 seconds
2018-06-25T12:42:37.872+0200: 23,494: Total time for which application threads were stopped: 0,0005875 seconds, Stopping threads took: 0,0000381 seconds
2018-06-25T12:42:37.873+0200: 23,495: Total time for which application threads were stopped: 0,0005527 seconds, Stopping threads took: 0,0000231 seconds
{Heap before GC invocations=10 (full 1):
 par new generation   total 109248K, used 109248K [0x00000000e0000000, 0x00000000e8000000, 0x00000000e8000000)
  eden space 87424K, 100% used [0x00000000e0000000, 0x00000000e5560000, 0x00000000e5560000)
  from space 21824K, 100% used [0x00000000e5560000, 0x00000000e6ab0000, 0x00000000e6ab0000)
  to   space 21824K,   0% used [0x00000000e6ab0000, 0x00000000e6ab0000, 0x00000000e8000000)
 concurrent mark-sweep generation total 393216K, used 8381K [0x00000000e8000000, 0x0000000100000000, 0x0000000100000000)
 Metaspace       used 30317K, capacity 31076K, committed 31228K, reserved 1077248K
  class space    used 3495K, capacity 3712K, committed 3836K, reserved 1048576K
2018-06-25T12:42:38.078+0200: 23,700: [GC (Allocation Failure) 2018-06-25T12:42:38.078+0200: 23,700: [ParNew
Desired survivor size 20112992 bytes, new threshold 6 (max 8)
- age   1:    8899352 bytes,    8899352 total
- age   2:     104176 bytes,    9003528 total
- age   3:     107048 bytes,    9110576 total
- age   4:     186032 bytes,    9296608 total
- age   5:   10429240 bytes,   19725848 total
- age   6:    2197312 bytes,   21923160 total
- age   7:     107520 bytes,   22030680 total
- age   8:     187824 bytes,   22218504 total
: 109248K->21824K(109248K), 0,0466174 secs] 117629K->33758K(502464K), 0,0467242 secs] [Times: user=0,14 sys=0,00, real=0,04 secs] 
Heap after GC invocations=11 (full 1):
 par new generation   total 109248K, used 21824K [0x00000000e0000000, 0x00000000e8000000, 0x00000000e8000000)
  eden space 87424K,   0% used [0x00000000e0000000, 0x00000000e0000000, 0x00000000e5560000)
  from space 21824K, 100% used [0x00000000e6ab0000, 0x00000000e8000000, 0x00000000e8000000)
  to   space 21824K,   0% used [0x00000000e5560000, 0x00000000e5560000, 0x00000000e6ab0000)
 concurrent mark-sweep generation total 393216K, used 11934K [0x00000000e8000000, 0x0000000100000000, 0x0000000100000000)
 Metaspace       used 30317K, capacity 31076K, committed 31228K, reserved 1077248K
  class space    used 3495K, capacity 3712K, committed 3836K, reserved 1048576K
}
2018-06-25T12:42:38.125+0200: 23,747: Total time for which application threads were stopped: 0,0471499 seconds, Stopping threads took: 0,0000595 seconds
2018-06-25T12:42:38.389+0200: 24,011: Total time for which application threads were stopped: 0,0002537 seconds, Stopping threads took: 0,0000522 seconds
2018-06-25T12:42:38.662+0200: 24,284: Total time for which application threads were stopped: 0,0002296 seconds, Stopping threads took: 0,0000502 seconds
2018-06-25T12:42:38.663+0200: 24,285: Total time for which application threads were stopped: 0,0001275 seconds, Stopping threads took: 0,0000356 seconds
2018-06-25T12:42:38.685+0200: 24,308: Total time for which application threads were stopped: 0,0002022 seconds, Stopping threads took: 0,0000793 seconds
2018-06-25T12:42:38.709+0200: 24,331: Total time for which application threads were stopped: 0,0001902 seconds, Stopping threads took: 0,0000550 seconds
{Heap before GC invocations=11 (full 1):
 par new generation   total 109248K, used 109248K [0x00000000e0000000, 0x00000000e8000000, 0x00000000e8000000)
  eden space 87424K, 100% used [0x00000000e0000000, 0x00000000e5560000, 0x00000000e5560000)
  from space 21824K, 100% used [0x00000000e6ab0000, 0x00000000e8000000, 0x00000000e8000000)
  to   space 21824K,   0% used [0x00000000e5560000, 0x00000000e5560000, 0x00000000e6ab0000)
 concurrent mark-sweep generation total 393216K, used 11934K [0x00000000e8000000, 0x0000000100000000, 0x0000000100000000)
 Metaspace       used 30641K, capacity 31332K, committed 31484K, reserved 1077248K
  class space    used 3496K, capacity 3712K, committed 3836K, reserved 1048576K
2018-06-25T12:42:38.829+0200: 24,451: [GC (Allocation Failure) 2018-06-25T12:42:38.829+0200: 24,451: [ParNew
Desired survivor size 20112992 bytes, new threshold 8 (max 8)
- age   1:    1215224 bytes,    1215224 total
- age   2:    7562160 bytes,    8777384 total
- age   3:      91440 bytes,    8868824 total
- age   4:     102184 bytes,    8971008 total
- age   5:     175808 bytes,    9146816 total
- age   6:   10428424 bytes,   19575240 total
: 109248K->21824K(109248K), 0,0509078 secs] 121182K->37738K(502464K), 0,0510527 secs] [Times: user=0,11 sys=0,00, real=0,05 secs] 
Heap after GC invocations=12 (full 1):
 par new generation   total 109248K, used 21824K [0x00000000e0000000, 0x00000000e8000000, 0x00000000e8000000)
  eden space 87424K,   0% used [0x00000000e0000000, 0x00000000e0000000, 0x00000000e5560000)
  from space 21824K, 100% used [0x00000000e5560000, 0x00000000e6ab0000, 0x00000000e6ab0000)
  to   space 21824K,   0% used [0x00000000e6ab0000, 0x00000000e6ab0000, 0x00000000e8000000)
 concurrent mark-sweep generation total 393216K, used 15914K [0x00000000e8000000, 0x0000000100000000, 0x0000000100000000)
 Metaspace       used 30641K, capacity 31332K, committed 31484K, reserved 1077248K
  class space    used 3496K, capacity 3712K, committed 3836K, reserved 1048576K
}
2018-06-25T12:42:38.880+0200: 24,502: Total time for which application threads were stopped: 0,0513823 seconds, Stopping threads took: 0,0000576 seconds
2018-06-25T12:42:38.894+0200: 24,517: Total time for which application threads were stopped: 0,0001866 seconds, Stopping threads took: 0,0000645 seconds
2018-06-25T12:42:38.895+0200: 24,517: Total time for which application threads were stopped: 0,0000643 seconds, Stopping threads took: 0,0000129 seconds
2018-06-25T12:42:38.895+0200: 24,517: Total time for which application threads were stopped: 0,0000698 seconds, Stopping threads took: 0,0000117 seconds
2018-06-25T12:42:38.926+0200: 24,548: Total time for which application threads were stopped: 0,0004557 seconds, Stopping threads took: 0,0001510 seconds
2018-06-25T12:42:38.929+0200: 24,552: Total time for which application threads were stopped: 0,0001784 seconds, Stopping threads took: 0,0000598 seconds
2018-06-25T12:42:38.934+0200: 24,556: Total time for which application threads were stopped: 0,0004247 seconds, Stopping threads took: 0,0001523 seconds
2018-06-25T12:42:38.935+0200: 24,557: Total time for which application threads were stopped: 0,0003524 seconds, Stopping threads took: 0,0001346 seconds
2018-06-25T12:42:38.935+0200: 24,557: Total time for which application threads were stopped: 0,0002634 seconds, Stopping threads took: 0,0000564 seconds
2018-06-25T12:42:38.947+0200: 24,570: Total time for which application threads were stopped: 0,0061212 seconds, Stopping threads took: 0,0060142 seconds
2018-06-25T12:42:38.948+0200: 24,570: Total time for which application threads were stopped: 0,0001978 seconds, Stopping threads took: 0,0000602 seconds
2018-06-25T12:42:39.074+0200: 24,696: Total time for which application threads were stopped: 0,0002707 seconds, Stopping threads took: 0,0000765 seconds
2018-06-25T12:42:39.074+0200: 24,696: Total time for which application threads were stopped: 0,0001695 seconds, Stopping threads took: 0,0000445 seconds
2018-06-25T12:42:39.157+0200: 24,779: Total time for which application threads were stopped: 0,0120935 seconds, Stopping threads took: 0,0118703 seconds
2018-06-25T12:42:39.189+0200: 24,811: Total time for which application threads were stopped: 0,0068491 seconds, Stopping threads took: 0,0066545 seconds
2018-06-25T12:42:39.201+0200: 24,823: Total time for which application threads were stopped: 0,0056238 seconds, Stopping threads took: 0,0051229 seconds
{Heap before GC invocations=12 (full 1):
 par new generation   total 109248K, used 109248K [0x00000000e0000000, 0x00000000e8000000, 0x00000000e8000000)
  eden space 87424K, 100% used [0x00000000e0000000, 0x00000000e5560000, 0x00000000e5560000)
  from space 21824K, 100% used [0x00000000e5560000, 0x00000000e6ab0000, 0x00000000e6ab0000)
  to   space 21824K,   0% used [0x00000000e6ab0000, 0x00000000e6ab0000, 0x00000000e8000000)
 concurrent mark-sweep generation total 393216K, used 15914K [0x00000000e8000000, 0x0000000100000000, 0x0000000100000000)
 Metaspace       used 30886K, capacity 31620K, committed 31740K, reserved 1077248K
  class space    used 3517K, capacity 3744K, committed 3836K, reserved 1048576K
2018-06-25T12:42:39.288+0200: 24,910: [GC (Allocation Failure) 2018-06-25T12:42:39.288+0200: 24,910: [ParNew
Desired survivor size 20112992 bytes, new threshold 8 (max 8)
- age   1:    1603160 bytes,    1603160 total
- age   2:     128736 bytes,    1731896 total
- age   3:    7239992 bytes,    8971888 total
- age   4:      91440 bytes,    9063328 total
- age   5:     102184 bytes,    9165512 total
- age   6:     175808 bytes,    9341320 total
- age   7:    9005832 bytes,   18347152 total
: 109248K->21824K(109248K), 0,0716152 secs] 125162K->39317K(502464K), 0,0717427 secs] [Times: user=0,08 sys=0,01, real=0,08 secs] 
Heap after GC invocations=13 (full 1):
 par new generation   total 109248K, used 21824K [0x00000000e0000000, 0x00000000e8000000, 0x00000000e8000000)
  eden space 87424K,   0% used [0x00000000e0000000, 0x00000000e0000000, 0x00000000e5560000)
  from space 21824K, 100% used [0x00000000e6ab0000, 0x00000000e8000000, 0x00000000e8000000)
  to   space 21824K,   0% used [0x00000000e5560000, 0x00000000e5560000, 0x00000000e6ab0000)
 concurrent mark-sweep generation total 393216K, used 17493K [0x00000000e8000000, 0x0000000100000000, 0x0000000100000000)
 Metaspace       used 30886K, capacity 31620K, committed 31740K, reserved 1077248K
  class space    used 3517K, capacity 3744K, committed 3836K, reserved 1048576K
}
2018-06-25T12:42:39.360+0200: 24,982: Total time for which application threads were stopped: 0,0720746 seconds, Stopping threads took: 0,0000530 seconds
2018-06-25T12:42:39.897+0200: 25,519: Total time for which application threads were stopped: 0,0005301 seconds, Stopping threads took: 0,0000901 seconds
2018-06-25T12:42:39.905+0200: 25,527: Total time for which application threads were stopped: 0,0018782 seconds, Stopping threads took: 0,0017458 seconds
2018-06-25T12:42:39.910+0200: 25,532: Total time for which application threads were stopped: 0,0001599 seconds, Stopping threads took: 0,0000525 seconds
{Heap before GC invocations=13 (full 1):
 par new generation   total 109248K, used 109248K [0x00000000e0000000, 0x00000000e8000000, 0x00000000e8000000)
  eden space 87424K, 100% used [0x00000000e0000000, 0x00000000e5560000, 0x00000000e5560000)
  from space 21824K, 100% used [0x00000000e6ab0000, 0x00000000e8000000, 0x00000000e8000000)
  to   space 21824K,   0% used [0x00000000e5560000, 0x00000000e5560000, 0x00000000e6ab0000)
 concurrent mark-sweep generation total 393216K, used 17493K [0x00000000e8000000, 0x0000000100000000, 0x0000000100000000)
 Metaspace       used 30889K, capacity 31620K, committed 31740K, reserved 1077248K
  class space    used 3517K, capacity 3744K, committed 3836K, reserved 1048576K
2018-06-25T12:42:39.998+0200: 25,621: [GC (Allocation Failure) 2018-06-25T12:42:39.999+0200: 25,621: [ParNew
Desired survivor size 20112992 bytes, new threshold 8 (max 8)
- age   1:    1652056 bytes,    1652056 total
- age   2:    1155208 bytes,    2807264 total
- age   3:     128680 bytes,    2935944 total
- age   4:    7053904 bytes,    9989848 total
- age   5:      91440 bytes,   10081288 total
- age   6:     102184 bytes,   10183472 total
- age   7:     175808 bytes,   10359280 total
- age   8:    7951976 bytes,   18311256 total
: 109248K->21824K(109248K), 0,1135113 secs] 126741K->40750K(502464K), 0,1136377 secs] [Times: user=0,12 sys=0,00, real=0,11 secs] 
Heap after GC invocations=14 (full 1):
 par new generation   total 109248K, used 21824K [0x00000000e0000000, 0x00000000e8000000, 0x00000000e8000000)
  eden space 87424K,   0% used [0x00000000e0000000, 0x00000000e0000000, 0x00000000e5560000)
  from space 21824K, 100% used [0x00000000e5560000, 0x00000000e6ab0000, 0x00000000e6ab0000)
  to   space 21824K,   0% used [0x00000000e6ab0000, 0x00000000e6ab0000, 0x00000000e8000000)
 concurrent mark-sweep generation total 393216K, used 18926K [0x00000000e8000000, 0x0000000100000000, 0x0000000100000000)
 Metaspace       used 30889K, capacity 31620K, committed 31740K, reserved 1077248K
  class space    used 3517K, capacity 3744K, committed 3836K, reserved 1048576K
}
2018-06-25T12:42:40.112+0200: 25,734: Total time for which application threads were stopped: 0,1142912 seconds, Stopping threads took: 0,0000756 seconds
2018-06-25T12:42:40.374+0200: 25,996: Total time for which application threads were stopped: 0,0003325 seconds, Stopping threads took: 0,0000623 seconds
2018-06-25T12:42:40.393+0200: 26,015: Total time for which application threads were stopped: 0,0001789 seconds, Stopping threads took: 0,0000597 seconds
2018-06-25T12:42:40.401+0200: 26,023: Total time for which application threads were stopped: 0,0001654 seconds, Stopping threads took: 0,0000544 seconds
{Heap before GC invocations=14 (full 1):
 par new generation   total 109248K, used 109248K [0x00000000e0000000, 0x00000000e8000000, 0x00000000e8000000)
  eden space 87424K, 100% used [0x00000000e0000000, 0x00000000e5560000, 0x00000000e5560000)
  from space 21824K, 100% used [0x00000000e5560000, 0x00000000e6ab0000, 0x00000000e6ab0000)
  to   space 21824K,   0% used [0x00000000e6ab0000, 0x00000000e6ab0000, 0x00000000e8000000)
 concurrent mark-sweep generation total 393216K, used 18926K [0x00000000e8000000, 0x0000000100000000, 0x0000000100000000)
 Metaspace       used 30924K, capacity 31626K, committed 31996K, reserved 1077248K
  class space    used 3518K, capacity 3745K, committed 3836K, reserved 1048576K
2018-06-25T12:42:40.583+0200: 26,205: [GC (Allocation Failure) 2018-06-25T12:42:40.583+0200: 26,206: [ParNew
Desired survivor size 20112992 bytes, new threshold 8 (max 8)
- age   1:    1370568 bytes,    1370568 total
- age   2:     458976 bytes,    1829544 total
- age   3:     363080 bytes,    2192624 total
- age   4:     128680 bytes,    2321304 total
- age   5:    7053744 bytes,    9375048 total
- age   6:      91440 bytes,    9466488 total
- age   7:     102184 bytes,    9568672 total
- age   8:     175808 bytes,    9744480 total
: 109248K->17931K(109248K), 0,0753512 secs] 128174K->44963K(502464K), 0,0754546 secs] [Times: user=0,15 sys=0,01, real=0,08 secs] 
Heap after GC invocations=15 (full 1):
 par new generation   total 109248K, used 17931K [0x00000000e0000000, 0x00000000e8000000, 0x00000000e8000000)
  eden space 87424K,   0% used [0x00000000e0000000, 0x00000000e0000000, 0x00000000e5560000)
  from space 21824K,  82% used [0x00000000e6ab0000, 0x00000000e7c32d60, 0x00000000e8000000)
  to   space 21824K,   0% used [0x00000000e5560000, 0x00000000e5560000, 0x00000000e6ab0000)
 concurrent mark-sweep generation total 393216K, used 27032K [0x00000000e8000000, 0x0000000100000000, 0x0000000100000000)
 Metaspace       used 30924K, capacity 31626K, committed 31996K, reserved 1077248K
  class space    used 3518K, capacity 3745K, committed 3836K, reserved 1048576K
}
2018-06-25T12:42:40.659+0200: 26,281: Total time for which application threads were stopped: 0,0758196 seconds, Stopping threads took: 0,0000548 seconds
2018-06-25T12:42:40.922+0200: 26,544: Total time for which application threads were stopped: 0,0017043 seconds, Stopping threads took: 0,0003560 seconds
2018-06-25T12:42:40.960+0200: 26,582: Total time for which application threads were stopped: 0,0001957 seconds, Stopping threads took: 0,0000735 seconds
2018-06-25T12:42:40.962+0200: 26,584: Total time for which application threads were stopped: 0,0002169 seconds, Stopping threads took: 0,0000476 seconds
2018-06-25T12:42:40.965+0200: 26,587: Total time for which application threads were stopped: 0,0002665 seconds, Stopping threads took: 0,0000772 seconds
{Heap before GC invocations=15 (full 1):
 par new generation   total 109248K, used 105355K [0x00000000e0000000, 0x00000000e8000000, 0x00000000e8000000)
  eden space 87424K, 100% used [0x00000000e0000000, 0x00000000e5560000, 0x00000000e5560000)
  from space 21824K,  82% used [0x00000000e6ab0000, 0x00000000e7c32d60, 0x00000000e8000000)
  to   space 21824K,   0% used [0x00000000e5560000, 0x00000000e5560000, 0x00000000e6ab0000)
 concurrent mark-sweep generation total 393216K, used 27032K [0x00000000e8000000, 0x0000000100000000, 0x0000000100000000)
 Metaspace       used 30933K, capacity 31626K, committed 31996K, reserved 1077248K
  class space    used 3518K, capacity 3745K, committed 3836K, reserved 1048576K
2018-06-25T12:42:40.974+0200: 26,597: [GC (Allocation Failure) 2018-06-25T12:42:40.975+0200: 26,597: [ParNew
Desired survivor size 20112992 bytes, new threshold 8 (max 8)
- age   1:    1716472 bytes,    1716472 total
- age   2:     974624 bytes,    2691096 total
- age   3:     428184 bytes,    3119280 total
- age   4:     362232 bytes,    3481512 total
- age   5:     128680 bytes,    3610192 total
- age   6:    7053616 bytes,   10663808 total
- age   7:      91440 bytes,   10755248 total
- age   8:     102184 bytes,   10857432 total
: 105355K->12534K(109248K), 0,0358349 secs] 132387K->39741K(502464K), 0,0359435 secs] [Times: user=0,05 sys=0,00, real=0,04 secs] 
Heap after GC invocations=16 (full 1):
 par new generation   total 109248K, used 12534K [0x00000000e0000000, 0x00000000e8000000, 0x00000000e8000000)
  eden space 87424K,   0% used [0x00000000e0000000, 0x00000000e0000000, 0x00000000e5560000)
  from space 21824K,  57% used [0x00000000e5560000, 0x00000000e619d8c0, 0x00000000e6ab0000)
  to   space 21824K,   0% used [0x00000000e6ab0000, 0x00000000e6ab0000, 0x00000000e8000000)
 concurrent mark-sweep generation total 393216K, used 27207K [0x00000000e8000000, 0x0000000100000000, 0x0000000100000000)
 Metaspace       used 30933K, capacity 31626K, committed 31996K, reserved 1077248K
  class space    used 3518K, capacity 3745K, committed 3836K, reserved 1048576K
}
2018-06-25T12:42:41.011+0200: 26,633: Total time for which application threads were stopped: 0,0362480 seconds, Stopping threads took: 0,0000423 seconds
2018-06-25T12:42:41.094+0200: 26,716: Total time for which application threads were stopped: 0,0002167 seconds, Stopping threads took: 0,0000649 seconds
2018-06-25T12:42:41.104+0200: 26,727: Total time for which application threads were stopped: 0,0021020 seconds, Stopping threads took: 0,0019923 seconds
2018-06-25T12:42:41.122+0200: 26,744: Total time for which application threads were stopped: 0,0001432 seconds, Stopping threads took: 0,0000413 seconds
{Heap before GC invocations=16 (full 1):
 par new generation   total 109248K, used 99958K [0x00000000e0000000, 0x00000000e8000000, 0x00000000e8000000)
  eden space 87424K, 100% used [0x00000000e0000000, 0x00000000e5560000, 0x00000000e5560000)
  from space 21824K,  57% used [0x00000000e5560000, 0x00000000e619d8c0, 0x00000000e6ab0000)
  to   space 21824K,   0% used [0x00000000e6ab0000, 0x00000000e6ab0000, 0x00000000e8000000)
 concurrent mark-sweep generation total 393216K, used 27207K [0x00000000e8000000, 0x0000000100000000, 0x0000000100000000)
 Metaspace       used 30952K, capacity 31690K, committed 31996K, reserved 1077248K
  class space    used 3518K, capacity 3745K, committed 3836K, reserved 1048576K
2018-06-25T12:42:41.168+0200: 26,790: [GC (Allocation Failure) 2018-06-25T12:42:41.168+0200: 26,790: [ParNew
Desired survivor size 20112992 bytes, new threshold 8 (max 8)
- age   1:    1320184 bytes,    1320184 total
- age   2:     422184 bytes,    1742368 total
- age   3:     330968 bytes,    2073336 total
- age   4:     120808 bytes,    2194144 total
- age   5:     362152 bytes,    2556296 total
- age   6:     128680 bytes,    2684976 total
- age   7:    7085784 bytes,    9770760 total
- age   8:      91440 bytes,    9862200 total
: 99958K->14534K(109248K), 0,0145286 secs] 127165K->41843K(502464K), 0,0146142 secs] [Times: user=0,05 sys=0,00, real=0,02 secs] 
Heap after GC invocations=17 (full 1):
 par new generation   total 109248K, used 14534K [0x00000000e0000000, 0x00000000e8000000, 0x00000000e8000000)
  eden space 87424K,   0% used [0x00000000e0000000, 0x00000000e0000000, 0x00000000e5560000)
  from space 21824K,  66% used [0x00000000e6ab0000, 0x00000000e78e1a10, 0x00000000e8000000)
  to   space 21824K,   0% used [0x00000000e5560000, 0x00000000e5560000, 0x00000000e6ab0000)
 concurrent mark-sweep generation total 393216K, used 27308K [0x00000000e8000000, 0x0000000100000000, 0x0000000100000000)
 Metaspace       used 30952K, capacity 31690K, committed 31996K, reserved 1077248K
  class space    used 3518K, capacity 3745K, committed 3836K, reserved 1048576K
}
2018-06-25T12:42:41.183+0200: 26,805: Total time for which application threads were stopped: 0,0148519 seconds, Stopping threads took: 0,0000371 seconds
{Heap before GC invocations=17 (full 1):
 par new generation   total 109248K, used 101958K [0x00000000e0000000, 0x00000000e8000000, 0x00000000e8000000)
  eden space 87424K, 100% used [0x00000000e0000000, 0x00000000e5560000, 0x00000000e5560000)
  from space 21824K,  66% used [0x00000000e6ab0000, 0x00000000e78e1a10, 0x00000000e8000000)
  to   space 21824K,   0% used [0x00000000e5560000, 0x00000000e5560000, 0x00000000e6ab0000)
 concurrent mark-sweep generation total 393216K, used 27308K [0x00000000e8000000, 0x0000000100000000, 0x0000000100000000)
 Metaspace       used 30956K, capacity 31690K, committed 31996K, reserved 1077248K
  class space    used 3518K, capacity 3745K, committed 3836K, reserved 1048576K
2018-06-25T12:42:41.363+0200: 26,985: [GC (Allocation Failure) 2018-06-25T12:42:41.363+0200: 26,985: [ParNew
Desired survivor size 20112992 bytes, new threshold 8 (max 8)
- age   1:    1492592 bytes,    1492592 total
- age   2:     994288 bytes,    2486880 total
- age   3:     421256 bytes,    2908136 total
- age   4:     330152 bytes,    3238288 total
- age   5:     120808 bytes,    3359096 total
- age   6:     362152 bytes,    3721248 total
- age   7:     128680 bytes,    3849928 total
- age   8:    7052592 bytes,   10902520 total
: 101958K->12967K(109248K), 0,0305473 secs] 129267K->40367K(502464K), 0,0306200 secs] [Times: user=0,10 sys=0,00, real=0,03 secs] 
Heap after GC invocations=18 (full 1):
 par new generation   total 109248K, used 12967K [0x00000000e0000000, 0x00000000e8000000, 0x00000000e8000000)
  eden space 87424K,   0% used [0x00000000e0000000, 0x00000000e0000000, 0x00000000e5560000)
  from space 21824K,  59% used [0x00000000e5560000, 0x00000000e6209e80, 0x00000000e6ab0000)
  to   space 21824K,   0% used [0x00000000e6ab0000, 0x00000000e6ab0000, 0x00000000e8000000)
 concurrent mark-sweep generation total 393216K, used 27399K [0x00000000e8000000, 0x0000000100000000, 0x0000000100000000)
 Metaspace       used 30956K, capacity 31690K, committed 31996K, reserved 1077248K
  class space    used 3518K, capacity 3745K, committed 3836K, reserved 1048576K
}
2018-06-25T12:42:41.393+0200: 27,015: Total time for which application threads were stopped: 0,0308671 seconds, Stopping threads took: 0,0000616 seconds
{Heap before GC invocations=18 (full 1):
 par new generation   total 109248K, used 100391K [0x00000000e0000000, 0x00000000e8000000, 0x00000000e8000000)
  eden space 87424K, 100% used [0x00000000e0000000, 0x00000000e5560000, 0x00000000e5560000)
  from space 21824K,  59% used [0x00000000e5560000, 0x00000000e6209e80, 0x00000000e6ab0000)
  to   space 21824K,   0% used [0x00000000e6ab0000, 0x00000000e6ab0000, 0x00000000e8000000)
 concurrent mark-sweep generation total 393216K, used 27399K [0x00000000e8000000, 0x0000000100000000, 0x0000000100000000)
 Metaspace       used 30970K, capacity 31754K, committed 31996K, reserved 1077248K
  class space    used 3518K, capacity 3745K, committed 3836K, reserved 1048576K
2018-06-25T12:42:41.585+0200: 27,207: [GC (Allocation Failure) 2018-06-25T12:42:41.585+0200: 27,207: [ParNew
Desired survivor size 20112992 bytes, new threshold 8 (max 8)
- age   1:    1580320 bytes,    1580320 total
- age   2:    1069832 bytes,    2650152 total
- age   3:     994264 bytes,    3644416 total
- age   4:     421256 bytes,    4065672 total
- age   5:     330152 bytes,    4395824 total
- age   6:     120808 bytes,    4516632 total
- age   7:     362104 bytes,    4878736 total
- age   8:     128328 bytes,    5007064 total
: 100391K->11455K(109248K), 0,0359349 secs] 127791K->45850K(502464K), 0,0360299 secs] [Times: user=0,06 sys=0,01, real=0,04 secs] 
Heap after GC invocations=19 (full 1):
 par new generation   total 109248K, used 11455K [0x00000000e0000000, 0x00000000e8000000, 0x00000000e8000000)
  eden space 87424K,   0% used [0x00000000e0000000, 0x00000000e0000000, 0x00000000e5560000)
  from space 21824K,  52% used [0x00000000e6ab0000, 0x00000000e75dfca0, 0x00000000e8000000)
  to   space 21824K,   0% used [0x00000000e5560000, 0x00000000e5560000, 0x00000000e6ab0000)
 concurrent mark-sweep generation total 393216K, used 34395K [0x00000000e8000000, 0x0000000100000000, 0x0000000100000000)
 Metaspace       used 30970K, capacity 31754K, committed 31996K, reserved 1077248K
  class space    used 3518K, capacity 3745K, committed 3836K, reserved 1048576K
}
2018-06-25T12:42:41.621+0200: 27,243: Total time for which application threads were stopped: 0,0362654 seconds, Stopping threads took: 0,0000306 seconds
{Heap before GC invocations=19 (full 1):
 par new generation   total 109248K, used 98879K [0x00000000e0000000, 0x00000000e8000000, 0x00000000e8000000)
  eden space 87424K, 100% used [0x00000000e0000000, 0x00000000e5560000, 0x00000000e5560000)
  from space 21824K,  52% used [0x00000000e6ab0000, 0x00000000e75dfca0, 0x00000000e8000000)
  to   space 21824K,   0% used [0x00000000e5560000, 0x00000000e5560000, 0x00000000e6ab0000)
 concurrent mark-sweep generation total 393216K, used 34395K [0x00000000e8000000, 0x0000000100000000, 0x0000000100000000)
 Metaspace       used 31026K, capacity 31818K, committed 31996K, reserved 1077248K
  class space    used 3518K, capacity 3745K, committed 3836K, reserved 1048576K
2018-06-25T12:42:41.819+0200: 27,441: [GC (Allocation Failure) 2018-06-25T12:42:41.819+0200: 27,441: [ParNew
Desired survivor size 20112992 bytes, new threshold 8 (max 8)
- age   1:    2029296 bytes,    2029296 total
- age   2:     982576 bytes,    3011872 total
- age   3:     873128 bytes,    3885000 total
- age   4:     994264 bytes,    4879264 total
- age   5:     421256 bytes,    5300520 total
- age   6:     330152 bytes,    5630672 total
- age   7:     120760 bytes,    5751432 total
- age   8:     361800 bytes,    6113232 total
: 98879K->8317K(109248K), 0,0216673 secs] 133274K->42838K(502464K), 0,0217464 secs] [Times: user=0,08 sys=0,00, real=0,02 secs] 
Heap after GC invocations=20 (full 1):
 par new generation   total 109248K, used 8317K [0x00000000e0000000, 0x00000000e8000000, 0x00000000e8000000)
  eden space 87424K,   0% used [0x00000000e0000000, 0x00000000e0000000, 0x00000000e5560000)
  from space 21824K,  38% used [0x00000000e5560000, 0x00000000e5d7f528, 0x00000000e6ab0000)
  to   space 21824K,   0% used [0x00000000e6ab0000, 0x00000000e6ab0000, 0x00000000e8000000)
 concurrent mark-sweep generation total 393216K, used 34520K [0x00000000e8000000, 0x0000000100000000, 0x0000000100000000)
 Metaspace       used 31026K, capacity 31818K, committed 31996K, reserved 1077248K
  class space    used 3518K, capacity 3745K, committed 3836K, reserved 1048576K
}
2018-06-25T12:42:41.841+0200: 27,463: Total time for which application threads were stopped: 0,0220407 seconds, Stopping threads took: 0,0000535 seconds
2018-06-25T12:42:41.959+0200: 27,581: Total time for which application threads were stopped: 0,0001928 seconds, Stopping threads took: 0,0000592 seconds
2018-06-25T12:42:41.960+0200: 27,582: Total time for which application threads were stopped: 0,0001257 seconds, Stopping threads took: 0,0000488 seconds
2018-06-25T12:42:41.960+0200: 27,582: Total time for which application threads were stopped: 0,0001264 seconds, Stopping threads took: 0,0000528 seconds
2018-06-25T12:42:41.965+0200: 27,587: Total time for which application threads were stopped: 0,0001919 seconds, Stopping threads took: 0,0000724 seconds
2018-06-25T12:42:41.966+0200: 27,588: Total time for which application threads were stopped: 0,0001538 seconds, Stopping threads took: 0,0000485 seconds
{Heap before GC invocations=20 (full 1):
 par new generation   total 109248K, used 95741K [0x00000000e0000000, 0x00000000e8000000, 0x00000000e8000000)
  eden space 87424K, 100% used [0x00000000e0000000, 0x00000000e5560000, 0x00000000e5560000)
  from space 21824K,  38% used [0x00000000e5560000, 0x00000000e5d7f528, 0x00000000e6ab0000)
  to   space 21824K,   0% used [0x00000000e6ab0000, 0x00000000e6ab0000, 0x00000000e8000000)
 concurrent mark-sweep generation total 393216K, used 34520K [0x00000000e8000000, 0x0000000100000000, 0x0000000100000000)
 Metaspace       used 31036K, capacity 31818K, committed 31996K, reserved 1077248K
  class space    used 3518K, capacity 3745K, committed 3836K, reserved 1048576K
2018-06-25T12:42:41.969+0200: 27,591: [GC (Allocation Failure) 2018-06-25T12:42:41.969+0200: 27,591: [ParNew
Desired survivor size 20112992 bytes, new threshold 8 (max 8)
- age   1:    2205080 bytes,    2205080 total
- age   2:    1223864 bytes,    3428944 total
- age   3:     926104 bytes,    4355048 total
- age   4:     816680 bytes,    5171728 total
- age   5:     944016 bytes,    6115744 total
- age   6:     342168 bytes,    6457912 total
- age   7:     329944 bytes,    6787856 total
- age   8:     119800 bytes,    6907656 total
: 95741K->7487K(109248K), 0,0093333 secs] 130262K->42361K(502464K), 0,0094058 secs] [Times: user=0,04 sys=0,00, real=0,01 secs] 
Heap after GC invocations=21 (full 1):
 par new generation   total 109248K, used 7487K [0x00000000e0000000, 0x00000000e8000000, 0x00000000e8000000)
  eden space 87424K,   0% used [0x00000000e0000000, 0x00000000e0000000, 0x00000000e5560000)
  from space 21824K,  34% used [0x00000000e6ab0000, 0x00000000e71ffc70, 0x00000000e8000000)
  to   space 21824K,   0% used [0x00000000e5560000, 0x00000000e5560000, 0x00000000e6ab0000)
 concurrent mark-sweep generation total 393216K, used 34874K [0x00000000e8000000, 0x0000000100000000, 0x0000000100000000)
 Metaspace       used 31036K, capacity 31818K, committed 31996K, reserved 1077248K
  class space    used 3518K, capacity 3745K, committed 3836K, reserved 1048576K
}
2018-06-25T12:42:41.978+0200: 27,600: Total time for which application threads were stopped: 0,0121160 seconds, Stopping threads took: 0,0025567 seconds
2018-06-25T12:42:42.043+0200: 27,665: Total time for which application threads were stopped: 0,0001787 seconds, Stopping threads took: 0,0000569 seconds
2018-06-25T12:42:42.044+0200: 27,666: Total time for which application threads were stopped: 0,0001890 seconds, Stopping threads took: 0,0000636 seconds
2018-06-25T12:42:42.048+0200: 27,671: Total time for which application threads were stopped: 0,0004233 seconds, Stopping threads took: 0,0002791 seconds
{Heap before GC invocations=21 (full 1):
 par new generation   total 109248K, used 94911K [0x00000000e0000000, 0x00000000e8000000, 0x00000000e8000000)
  eden space 87424K, 100% used [0x00000000e0000000, 0x00000000e5560000, 0x00000000e5560000)
  from space 21824K,  34% used [0x00000000e6ab0000, 0x00000000e71ffc70, 0x00000000e8000000)
  to   space 21824K,   0% used [0x00000000e5560000, 0x00000000e5560000, 0x00000000e6ab0000)
 concurrent mark-sweep generation total 393216K, used 34874K [0x00000000e8000000, 0x0000000100000000, 0x0000000100000000)
 Metaspace       used 31044K, capacity 31818K, committed 31996K, reserved 1077248K
  class space    used 3518K, capacity 3745K, committed 3836K, reserved 1048576K
2018-06-25T12:42:42.129+0200: 27,751: [GC (Allocation Failure) 2018-06-25T12:42:42.129+0200: 27,751: [ParNew
Desired survivor size 20112992 bytes, new threshold 8 (max 8)
- age   1:    1383688 bytes,    1383688 total
- age   2:    2019288 bytes,    3402976 total
- age   3:    1223840 bytes,    4626816 total
- age   4:     926104 bytes,    5552920 total
- age   5:     816680 bytes,    6369600 total
- age   6:     944016 bytes,    7313616 total
- age   7:     342120 bytes,    7655736 total
- age   8:     329560 bytes,    7985296 total
: 94911K->10164K(109248K), 0,0159405 secs] 129785K->45155K(502464K), 0,0160460 secs] [Times: user=0,05 sys=0,00, real=0,01 secs] 
Heap after GC invocations=22 (full 1):
 par new generation   total 109248K, used 10164K [0x00000000e0000000, 0x00000000e8000000, 0x00000000e8000000)
  eden space 87424K,   0% used [0x00000000e0000000, 0x00000000e0000000, 0x00000000e5560000)
  from space 21824K,  46% used [0x00000000e5560000, 0x00000000e5f4d070, 0x00000000e6ab0000)
  to   space 21824K,   0% used [0x00000000e6ab0000, 0x00000000e6ab0000, 0x00000000e8000000)
 concurrent mark-sweep generation total 393216K, used 34991K [0x00000000e8000000, 0x0000000100000000, 0x0000000100000000)
 Metaspace       used 31044K, capacity 31818K, committed 31996K, reserved 1077248K
  class space    used 3518K, capacity 3745K, committed 3836K, reserved 1048576K
}
2018-06-25T12:42:42.145+0200: 27,767: Total time for which application threads were stopped: 0,0163909 seconds, Stopping threads took: 0,0000747 seconds
{Heap before GC invocations=22 (full 1):
 par new generation   total 109248K, used 97588K [0x00000000e0000000, 0x00000000e8000000, 0x00000000e8000000)
  eden space 87424K, 100% used [0x00000000e0000000, 0x00000000e5560000, 0x00000000e5560000)
  from space 21824K,  46% used [0x00000000e5560000, 0x00000000e5f4d070, 0x00000000e6ab0000)
  to   space 21824K,   0% used [0x00000000e6ab0000, 0x00000000e6ab0000, 0x00000000e8000000)
 concurrent mark-sweep generation total 393216K, used 34991K [0x00000000e8000000, 0x0000000100000000, 0x0000000100000000)
 Metaspace       used 31062K, capacity 31818K, committed 31996K, reserved 1077248K
  class space    used 3518K, capacity 3745K, committed 3836K, reserved 1048576K
2018-06-25T12:42:42.289+0200: 27,911: [GC (Allocation Failure) 2018-06-25T12:42:42.289+0200: 27,911: [ParNew
Desired survivor size 20112992 bytes, new threshold 8 (max 8)
- age   1:    1838608 bytes,    1838608 total
- age   2:     906240 bytes,    2744848 total
- age   3:     642240 bytes,    3387088 total
- age   4:      83488 bytes,    3470576 total
- age   5:      80760 bytes,    3551336 total
- age   6:     101696 bytes,    3653032 total
- age   7:     331312 bytes,    3984344 total
- age   8:     119976 bytes,    4104320 total
: 97588K->4376K(109248K), 0,0409281 secs] 132579K->39690K(502464K), 0,0410170 secs] [Times: user=0,08 sys=0,00, real=0,04 secs] 
Heap after GC invocations=23 (full 1):
 par new generation   total 109248K, used 4376K [0x00000000e0000000, 0x00000000e8000000, 0x00000000e8000000)
  eden space 87424K,   0% used [0x00000000e0000000, 0x00000000e0000000, 0x00000000e5560000)
  from space 21824K,  20% used [0x00000000e6ab0000, 0x00000000e6ef6140, 0x00000000e8000000)
  to   space 21824K,   0% used [0x00000000e5560000, 0x00000000e5560000, 0x00000000e6ab0000)
 concurrent mark-sweep generation total 393216K, used 35313K [0x00000000e8000000, 0x0000000100000000, 0x0000000100000000)
 Metaspace       used 31062K, capacity 31818K, committed 31996K, reserved 1077248K
  class space    used 3518K, capacity 3745K, committed 3836K, reserved 1048576K
}
2018-06-25T12:42:42.330+0200: 27,952: Total time for which application threads were stopped: 0,0412957 seconds, Stopping threads took: 0,0000478 seconds
{Heap before GC invocations=23 (full 1):
 par new generation   total 109248K, used 91800K [0x00000000e0000000, 0x00000000e8000000, 0x00000000e8000000)
  eden space 87424K, 100% used [0x00000000e0000000, 0x00000000e5560000, 0x00000000e5560000)
  from space 21824K,  20% used [0x00000000e6ab0000, 0x00000000e6ef6140, 0x00000000e8000000)
  to   space 21824K,   0% used [0x00000000e5560000, 0x00000000e5560000, 0x00000000e6ab0000)
 concurrent mark-sweep generation total 393216K, used 35313K [0x00000000e8000000, 0x0000000100000000, 0x0000000100000000)
 Metaspace       used 31073K, capacity 31818K, committed 31996K, reserved 1077248K
  class space    used 3518K, capacity 3745K, committed 3836K, reserved 1048576K
2018-06-25T12:42:42.448+0200: 28,070: [GC (Allocation Failure) 2018-06-25T12:42:42.448+0200: 28,070: [ParNew
Desired survivor size 20112992 bytes, new threshold 8 (max 8)
- age   1:    1600848 bytes,    1600848 total
- age   2:    1336952 bytes,    2937800 total
- age   3:     906216 bytes,    3844016 total
- age   4:     642240 bytes,    4486256 total
- age   5:      83488 bytes,    4569744 total
- age   6:      80760 bytes,    4650504 total
- age   7:     101648 bytes,    4752152 total
- age   8:     330176 bytes,    5082328 total
: 91800K->8200K(109248K), 0,0220636 secs] 127114K->43631K(502464K), 0,0221631 secs] [Times: user=0,09 sys=0,00, real=0,03 secs] 
Heap after GC invocations=24 (full 1):
 par new generation   total 109248K, used 8200K [0x00000000e0000000, 0x00000000e8000000, 0x00000000e8000000)
  eden space 87424K,   0% used [0x00000000e0000000, 0x00000000e0000000, 0x00000000e5560000)
  from space 21824K,  37% used [0x00000000e5560000, 0x00000000e5d62180, 0x00000000e6ab0000)
  to   space 21824K,   0% used [0x00000000e6ab0000, 0x00000000e6ab0000, 0x00000000e8000000)
 concurrent mark-sweep generation total 393216K, used 35430K [0x00000000e8000000, 0x0000000100000000, 0x0000000100000000)
 Metaspace       used 31073K, capacity 31818K, committed 31996K, reserved 1077248K
  class space    used 3518K, capacity 3745K, committed 3836K, reserved 1048576K
}
2018-06-25T12:42:42.470+0200: 28,092: Total time for which application threads were stopped: 0,0224149 seconds, Stopping threads took: 0,0000436 seconds
{Heap before GC invocations=24 (full 1):
 par new generation   total 109248K, used 95624K [0x00000000e0000000, 0x00000000e8000000, 0x00000000e8000000)
  eden space 87424K, 100% used [0x00000000e0000000, 0x00000000e5560000, 0x00000000e5560000)
  from space 21824K,  37% used [0x00000000e5560000, 0x00000000e5d62180, 0x00000000e6ab0000)
  to   space 21824K,   0% used [0x00000000e6ab0000, 0x00000000e6ab0000, 0x00000000e8000000)
 concurrent mark-sweep generation total 393216K, used 35430K [0x00000000e8000000, 0x0000000100000000, 0x0000000100000000)
 Metaspace       used 31075K, capacity 31818K, committed 31996K, reserved 1077248K
  class space    used 3518K, capacity 3745K, committed 3836K, reserved 1048576K
2018-06-25T12:42:42.577+0200: 28,199: [GC (Allocation Failure) 2018-06-25T12:42:42.577+0200: 28,199: [ParNew
Desired survivor size 20112992 bytes, new threshold 8 (max 8)
- age   1:    2034816 bytes,    2034816 total
- age   2:     988864 bytes,    3023680 total
- age   3:    1140224 bytes,    4163904 total
- age   4:     906216 bytes,    5070120 total
- age   5:     642240 bytes,    5712360 total
- age   6:      83488 bytes,    5795848 total
- age   7:      80712 bytes,    5876560 total
- age   8:     101416 bytes,    5977976 total
: 95624K->6295K(109248K), 0,0127275 secs] 131055K->42048K(502464K), 0,0128296 secs] [Times: user=0,05 sys=0,00, real=0,01 secs] 
Heap after GC invocations=25 (full 1):
 par new generation   total 109248K, used 6295K [0x00000000e0000000, 0x00000000e8000000, 0x00000000e8000000)
  eden space 87424K,   0% used [0x00000000e0000000, 0x00000000e0000000, 0x00000000e5560000)
  from space 21824K,  28% used [0x00000000e6ab0000, 0x00000000e70d5c58, 0x00000000e8000000)
  to   space 21824K,   0% used [0x00000000e5560000, 0x00000000e5560000, 0x00000000e6ab0000)
 concurrent mark-sweep generation total 393216K, used 35753K [0x00000000e8000000, 0x0000000100000000, 0x0000000100000000)
 Metaspace       used 31075K, capacity 31818K, committed 31996K, reserved 1077248K
  class space    used 3518K, capacity 3745K, committed 3836K, reserved 1048576K
}
2018-06-25T12:42:42.590+0200: 28,212: Total time for which application threads were stopped: 0,0131921 seconds, Stopping threads took: 0,0000782 seconds
{Heap before GC invocations=25 (full 1):
 par new generation   total 109248K, used 93719K [0x00000000e0000000, 0x00000000e8000000, 0x00000000e8000000)
  eden space 87424K, 100% used [0x00000000e0000000, 0x00000000e5560000, 0x00000000e5560000)
  from space 21824K,  28% used [0x00000000e6ab0000, 0x00000000e70d5c58, 0x00000000e8000000)
  to   space 21824K,   0% used [0x00000000e5560000, 0x00000000e5560000, 0x00000000e6ab0000)
 concurrent mark-sweep generation total 393216K, used 35753K [0x00000000e8000000, 0x0000000100000000, 0x0000000100000000)
 Metaspace       used 31078K, capacity 31818K, committed 31996K, reserved 1077248K
  class space    used 3518K, capacity 3745K, committed 3836K, reserved 1048576K
2018-06-25T12:42:42.718+0200: 28,340: [GC (Allocation Failure) 2018-06-25T12:42:42.720+0200: 28,342: [ParNew
Desired survivor size 20112992 bytes, new threshold 8 (max 8)
- age   1:    1731096 bytes,    1731096 total
- age   2:    1284008 bytes,    3015104 total
- age   3:     990440 bytes,    4005544 total
- age   4:    1141760 bytes,    5147304 total
- age   5:     907728 bytes,    6055032 total
- age   6:     642352 bytes,    6697384 total
- age   7:      83440 bytes,    6780824 total
- age   8:      80200 bytes,    6861024 total
: 93719K->9793K(109248K), 0,0243479 secs] 129472K->45646K(502464K), 0,0262719 secs] [Times: user=0,06 sys=0,01, real=0,02 secs] 
Heap after GC invocations=26 (full 1):
 par new generation   total 109248K, used 9793K [0x00000000e0000000, 0x00000000e8000000, 0x00000000e8000000)
  eden space 87424K,   0% used [0x00000000e0000000, 0x00000000e0000000, 0x00000000e5560000)
  from space 21824K,  44% used [0x00000000e5560000, 0x00000000e5ef0700, 0x00000000e6ab0000)
  to   space 21824K,   0% used [0x00000000e6ab0000, 0x00000000e6ab0000, 0x00000000e8000000)
 concurrent mark-sweep generation total 393216K, used 35852K [0x00000000e8000000, 0x0000000100000000, 0x0000000100000000)
 Metaspace       used 31078K, capacity 31818K, committed 31996K, reserved 1077248K
  class space    used 3518K, capacity 3745K, committed 3836K, reserved 1048576K
}
2018-06-25T12:42:42.745+0200: 28,367: Total time for which application threads were stopped: 0,0265692 seconds, Stopping threads took: 0,0000516 seconds
{Heap before GC invocations=26 (full 1):
 par new generation   total 109248K, used 97217K [0x00000000e0000000, 0x00000000e8000000, 0x00000000e8000000)
  eden space 87424K, 100% used [0x00000000e0000000, 0x00000000e5560000, 0x00000000e5560000)
  from space 21824K,  44% used [0x00000000e5560000, 0x00000000e5ef0700, 0x00000000e6ab0000)
  to   space 21824K,   0% used [0x00000000e6ab0000, 0x00000000e6ab0000, 0x00000000e8000000)
 concurrent mark-sweep generation total 393216K, used 35852K [0x00000000e8000000, 0x0000000100000000, 0x0000000100000000)
 Metaspace       used 31083K, capacity 31818K, committed 31996K, reserved 1077248K
  class space    used 3518K, capacity 3745K, committed 3836K, reserved 1048576K
2018-06-25T12:42:42.821+0200: 28,443: [GC (Allocation Failure) 2018-06-25T12:42:42.821+0200: 28,443: [ParNew
Desired survivor size 20112992 bytes, new threshold 8 (max 8)
- age   1:    2082408 bytes,    2082408 total
- age   2:     828112 bytes,    2910520 total
- age   3:    1280464 bytes,    4190984 total
- age   4:     890336 bytes,    5081320 total
- age   5:    1140224 bytes,    6221544 total
- age   6:     906216 bytes,    7127760 total
- age   7:     641296 bytes,    7769056 total
- age   8:      83208 bytes,    7852264 total
: 97217K->10260K(109248K), 0,0175239 secs] 133070K->46192K(502464K), 0,0176195 secs] [Times: user=0,06 sys=0,01, real=0,02 secs] 
Heap after GC invocations=27 (full 1):
 par new generation   total 109248K, used 10260K [0x00000000e0000000, 0x00000000e8000000, 0x00000000e8000000)
  eden space 87424K,   0% used [0x00000000e0000000, 0x00000000e0000000, 0x00000000e5560000)
  from space 21824K,  47% used [0x00000000e6ab0000, 0x00000000e74b53c0, 0x00000000e8000000)
  to   space 21824K,   0% used [0x00000000e5560000, 0x00000000e5560000, 0x00000000e6ab0000)
 concurrent mark-sweep generation total 393216K, used 35931K [0x00000000e8000000, 0x0000000100000000, 0x0000000100000000)
 Metaspace       used 31083K, capacity 31818K, committed 31996K, reserved 1077248K
  class space    used 3518K, capacity 3745K, committed 3836K, reserved 1048576K
}
2018-06-25T12:42:42.839+0200: 28,461: Total time for which application threads were stopped: 0,0178522 seconds, Stopping threads took: 0,0000416 seconds
{Heap before GC invocations=27 (full 1):
 par new generation   total 109248K, used 97684K [0x00000000e0000000, 0x00000000e8000000, 0x00000000e8000000)
  eden space 87424K, 100% used [0x00000000e0000000, 0x00000000e5560000, 0x00000000e5560000)
  from space 21824K,  47% used [0x00000000e6ab0000, 0x00000000e74b53c0, 0x00000000e8000000)
  to   space 21824K,   0% used [0x00000000e5560000, 0x00000000e5560000, 0x00000000e6ab0000)
 concurrent mark-sweep generation total 393216K, used 35931K [0x00000000e8000000, 0x0000000100000000, 0x0000000100000000)
 Metaspace       used 31089K, capacity 31818K, committed 31996K, reserved 1077248K
  class space    used 3518K, capacity 3745K, committed 3836K, reserved 1048576K
2018-06-25T12:42:42.949+0200: 28,571: [GC (Allocation Failure) 2018-06-25T12:42:42.949+0200: 28,571: [ParNew
Desired survivor size 20112992 bytes, new threshold 8 (max 8)
- age   1:    2587240 bytes,    2587240 total
- age   2:    1023632 bytes,    3610872 total
- age   3:     827872 bytes,    4438744 total
- age   4:    1280464 bytes,    5719208 total
- age   5:     890336 bytes,    6609544 total
- age   6:    1139864 bytes,    7749408 total
- age   7:     906168 bytes,    8655576 total
- age   8:     640600 bytes,    9296176 total
: 97684K->10473K(109248K), 0,0145440 secs] 133616K->46485K(502464K), 0,0146357 secs] [Times: user=0,05 sys=0,00, real=0,01 secs] 
Heap after GC invocations=28 (full 1):
 par new generation   total 109248K, used 10473K [0x00000000e0000000, 0x00000000e8000000, 0x00000000e8000000)
  eden space 87424K,   0% used [0x00000000e0000000, 0x00000000e0000000, 0x00000000e5560000)
  from space 21824K,  47% used [0x00000000e5560000, 0x00000000e5f9a478, 0x00000000e6ab0000)
  to   space 21824K,   0% used [0x00000000e6ab0000, 0x00000000e6ab0000, 0x00000000e8000000)
 concurrent mark-sweep generation total 393216K, used 36012K [0x00000000e8000000, 0x0000000100000000, 0x0000000100000000)
 Metaspace       used 31089K, capacity 31818K, committed 31996K, reserved 1077248K
  class space    used 3518K, capacity 3745K, committed 3836K, reserved 1048576K
}
2018-06-25T12:42:42.963+0200: 28,585: Total time for which application threads were stopped: 0,0171627 seconds, Stopping threads took: 0,0022958 seconds
2018-06-25T12:42:42.971+0200: 28,593: Total time for which application threads were stopped: 0,0001687 seconds, Stopping threads took: 0,0000532 seconds
2018-06-25T12:42:42.985+0200: 28,607: Total time for which application threads were stopped: 0,0003176 seconds, Stopping threads took: 0,0001338 seconds
2018-06-25T12:42:42.990+0200: 28,612: Total time for which application threads were stopped: 0,0042046 seconds, Stopping threads took: 0,0029318 seconds
2018-06-25T12:42:43.041+0200: 28,663: Total time for which application threads were stopped: 0,0021094 seconds, Stopping threads took: 0,0019999 seconds
2018-06-25T12:42:43.044+0200: 28,666: Total time for which application threads were stopped: 0,0001557 seconds, Stopping threads took: 0,0000603 seconds
2018-06-25T12:42:43.049+0200: 28,671: Total time for which application threads were stopped: 0,0030786 seconds, Stopping threads took: 0,0029672 seconds
{Heap before GC invocations=28 (full 1):
 par new generation   total 109248K, used 97888K [0x00000000e0000000, 0x00000000e8000000, 0x00000000e8000000)
  eden space 87424K,  99% used [0x00000000e0000000, 0x00000000e555dca0, 0x00000000e5560000)
  from space 21824K,  47% used [0x00000000e5560000, 0x00000000e5f9a478, 0x00000000e6ab0000)
  to   space 21824K,   0% used [0x00000000e6ab0000, 0x00000000e6ab0000, 0x00000000e8000000)
 concurrent mark-sweep generation total 393216K, used 36012K [0x00000000e8000000, 0x0000000100000000, 0x0000000100000000)
 Metaspace       used 31102K, capacity 31818K, committed 31996K, reserved 1077248K
  class space    used 3518K, capacity 3745K, committed 3836K, reserved 1048576K
2018-06-25T12:42:43.079+0200: 28,701: [GC (Allocation Failure) 2018-06-25T12:42:43.079+0200: 28,701: [ParNew
Desired survivor size 20112992 bytes, new threshold 8 (max 8)
- age   1:    1422984 bytes,    1422984 total
- age   2:    2347680 bytes,    3770664 total
- age   3:     966440 bytes,    4737104 total
- age   4:     770848 bytes,    5507952 total
- age   5:    1223632 bytes,    6731584 total
- age   6:     833264 bytes,    7564848 total
- age   7:    1092584 bytes,    8657432 total
- age   8:     856928 bytes,    9514360 total
: 97888K->13581K(109248K), 0,0116127 secs] 133900K->50129K(502464K), 0,0117101 secs] [Times: user=0,03 sys=0,00, real=0,01 secs] 
Heap after GC invocations=29 (full 1):
 par new generation   total 109248K, used 13581K [0x00000000e0000000, 0x00000000e8000000, 0x00000000e8000000)
  eden space 87424K,   0% used [0x00000000e0000000, 0x00000000e0000000, 0x00000000e5560000)
  from space 21824K,  62% used [0x00000000e6ab0000, 0x00000000e77f35e8, 0x00000000e8000000)
  to   space 21824K,   0% used [0x00000000e5560000, 0x00000000e5560000, 0x00000000e6ab0000)
 concurrent mark-sweep generation total 393216K, used 36548K [0x00000000e8000000, 0x0000000100000000, 0x0000000100000000)
 Metaspace       used 31102K, capacity 31818K, committed 31996K, reserved 1077248K
  class space    used 3518K, capacity 3745K, committed 3836K, reserved 1048576K
}
2018-06-25T12:42:43.091+0200: 28,713: Total time for which application threads were stopped: 0,0120139 seconds, Stopping threads took: 0,0000938 seconds
{Heap before GC invocations=29 (full 1):
 par new generation   total 109248K, used 101005K [0x00000000e0000000, 0x00000000e8000000, 0x00000000e8000000)
  eden space 87424K, 100% used [0x00000000e0000000, 0x00000000e5560000, 0x00000000e5560000)
  from space 21824K,  62% used [0x00000000e6ab0000, 0x00000000e77f35e8, 0x00000000e8000000)
  to   space 21824K,   0% used [0x00000000e5560000, 0x00000000e5560000, 0x00000000e6ab0000)
 concurrent mark-sweep generation total 393216K, used 36548K [0x00000000e8000000, 0x0000000100000000, 0x0000000100000000)
 Metaspace       used 31115K, capacity 31824K, committed 31996K, reserved 1077248K
  class space    used 3518K, capacity 3746K, committed 3836K, reserved 1048576K
2018-06-25T12:42:43.249+0200: 28,871: [GC (Allocation Failure) 2018-06-25T12:42:43.249+0200: 28,871: [ParNew
Desired survivor size 20112992 bytes, new threshold 8 (max 8)
- age   1:    1522040 bytes,    1522040 total
- age   2:     968112 bytes,    2490152 total
- age   3:    2347544 bytes,    4837696 total
- age   4:     966440 bytes,    5804136 total
- age   5:     770848 bytes,    6574984 total
- age   6:    1223632 bytes,    7798616 total
- age   7:     833216 bytes,    8631832 total
- age   8:    1092352 bytes,    9724184 total
: 101005K->12205K(109248K), 0,0399865 secs] 137553K->49598K(502464K), 0,0402351 secs] [Times: user=0,08 sys=0,00, real=0,04 secs] 
Heap after GC invocations=30 (full 1):
 par new generation   total 109248K, used 12205K [0x00000000e0000000, 0x00000000e8000000, 0x00000000e8000000)
  eden space 87424K,   0% used [0x00000000e0000000, 0x00000000e0000000, 0x00000000e5560000)
  from space 21824K,  55% used [0x00000000e5560000, 0x00000000e614b438, 0x00000000e6ab0000)
  to   space 21824K,   0% used [0x00000000e6ab0000, 0x00000000e6ab0000, 0x00000000e8000000)
 concurrent mark-sweep generation total 393216K, used 37393K [0x00000000e8000000, 0x0000000100000000, 0x0000000100000000)
 Metaspace       used 31115K, capacity 31824K, committed 31996K, reserved 1077248K
  class space    used 3518K, capacity 3746K, committed 3836K, reserved 1048576K
}
2018-06-25T12:42:43.290+0200: 28,912: Total time for which application threads were stopped: 0,0434155 seconds, Stopping threads took: 0,0025053 seconds
2018-06-25T12:42:43.294+0200: 28,916: Total time for which application threads were stopped: 0,0002324 seconds, Stopping threads took: 0,0000647 seconds
2018-06-25T12:42:43.297+0200: 28,919: Total time for which application threads were stopped: 0,0005731 seconds, Stopping threads took: 0,0004389 seconds
2018-06-25T12:42:43.297+0200: 28,919: Total time for which application threads were stopped: 0,0001257 seconds, Stopping threads took: 0,0000312 seconds
2018-06-25T12:42:43.303+0200: 28,925: Total time for which application threads were stopped: 0,0023285 seconds, Stopping threads took: 0,0018325 seconds
2018-06-25T12:42:43.305+0200: 28,927: Total time for which application threads were stopped: 0,0002535 seconds, Stopping threads took: 0,0000720 seconds
2018-06-25T12:42:43.317+0200: 28,939: Total time for which application threads were stopped: 0,0009645 seconds, Stopping threads took: 0,0007644 seconds
2018-06-25T12:42:43.320+0200: 28,942: Total time for which application threads were stopped: 0,0006587 seconds, Stopping threads took: 0,0004784 seconds
2018-06-25T12:42:43.346+0200: 28,968: Total time for which application threads were stopped: 0,0099586 seconds, Stopping threads took: 0,0097708 seconds
2018-06-25T12:42:43.381+0200: 29,003: Total time for which application threads were stopped: 0,0011786 seconds, Stopping threads took: 0,0010330 seconds
2018-06-25T12:42:43.382+0200: 29,004: Total time for which application threads were stopped: 0,0001761 seconds, Stopping threads took: 0,0000359 seconds
2018-06-25T12:42:43.399+0200: 29,021: Total time for which application threads were stopped: 0,0032102 seconds, Stopping threads took: 0,0030326 seconds
2018-06-25T12:42:43.408+0200: 29,030: Total time for which application threads were stopped: 0,0037639 seconds, Stopping threads took: 0,0022692 seconds
2018-06-25T12:42:43.410+0200: 29,032: Total time for which application threads were stopped: 0,0002086 seconds, Stopping threads took: 0,0000721 seconds
2018-06-25T12:42:43.410+0200: 29,032: Total time for which application threads were stopped: 0,0001461 seconds, Stopping threads took: 0,0000567 seconds
2018-06-25T12:42:43.410+0200: 29,032: Total time for which application threads were stopped: 0,0001315 seconds, Stopping threads took: 0,0000500 seconds
2018-06-25T12:42:43.410+0200: 29,032: Total time for which application threads were stopped: 0,0002547 seconds, Stopping threads took: 0,0001575 seconds
2018-06-25T12:42:43.411+0200: 29,033: Total time for which application threads were stopped: 0,0000766 seconds, Stopping threads took: 0,0000145 seconds
2018-06-25T12:42:43.412+0200: 29,034: Total time for which application threads were stopped: 0,0003015 seconds, Stopping threads took: 0,0001749 seconds
2018-06-25T12:42:43.412+0200: 29,034: Total time for which application threads were stopped: 0,0000880 seconds, Stopping threads took: 0,0000170 seconds
2018-06-25T12:42:43.412+0200: 29,034: Total time for which application threads were stopped: 0,0000780 seconds, Stopping threads took: 0,0000126 seconds
2018-06-25T12:42:43.412+0200: 29,034: Total time for which application threads were stopped: 0,0000708 seconds, Stopping threads took: 0,0000077 seconds
2018-06-25T12:42:43.412+0200: 29,034: Total time for which application threads were stopped: 0,0000956 seconds, Stopping threads took: 0,0000123 seconds
2018-06-25T12:42:43.412+0200: 29,034: Total time for which application threads were stopped: 0,0000682 seconds, Stopping threads took: 0,0000132 seconds
2018-06-25T12:42:43.412+0200: 29,035: Total time for which application threads were stopped: 0,0000640 seconds, Stopping threads took: 0,0000070 seconds
2018-06-25T12:42:43.413+0200: 29,035: Total time for which application threads were stopped: 0,0000645 seconds, Stopping threads took: 0,0000093 seconds
2018-06-25T12:42:43.417+0200: 29,039: Total time for which application threads were stopped: 0,0021796 seconds, Stopping threads took: 0,0014429 seconds
2018-06-25T12:42:43.432+0200: 29,055: Total time for which application threads were stopped: 0,0038063 seconds, Stopping threads took: 0,0035838 seconds
2018-06-25T12:42:43.436+0200: 29,058: Total time for which application threads were stopped: 0,0009671 seconds, Stopping threads took: 0,0000504 seconds
2018-06-25T12:42:43.445+0200: 29,067: Total time for which application threads were stopped: 0,0022912 seconds, Stopping threads took: 0,0001350 seconds
2018-06-25T12:42:43.461+0200: 29,083: Total time for which application threads were stopped: 0,0057442 seconds, Stopping threads took: 0,0055897 seconds
2018-06-25T12:42:43.498+0200: 29,120: Total time for which application threads were stopped: 0,0104100 seconds, Stopping threads took: 0,0095344 seconds
2018-06-25T12:42:43.520+0200: 29,142: Total time for which application threads were stopped: 0,0026116 seconds, Stopping threads took: 0,0024728 seconds
2018-06-25T12:42:43.521+0200: 29,143: Total time for which application threads were stopped: 0,0002300 seconds, Stopping threads took: 0,0000992 seconds
2018-06-25T12:42:43.521+0200: 29,143: Total time for which application threads were stopped: 0,0001593 seconds, Stopping threads took: 0,0000456 seconds
2018-06-25T12:42:43.521+0200: 29,143: Total time for which application threads were stopped: 0,0001168 seconds, Stopping threads took: 0,0000149 seconds
2018-06-25T12:42:43.522+0200: 29,144: Total time for which application threads were stopped: 0,0000792 seconds, Stopping threads took: 0,0000129 seconds
2018-06-25T12:42:43.533+0200: 29,155: Total time for which application threads were stopped: 0,0020794 seconds, Stopping threads took: 0,0019415 seconds
2018-06-25T12:42:43.541+0200: 29,163: Total time for which application threads were stopped: 0,0002129 seconds, Stopping threads took: 0,0000744 seconds
2018-06-25T12:42:43.551+0200: 29,173: Total time for which application threads were stopped: 0,0009831 seconds, Stopping threads took: 0,0003004 seconds
2018-06-25T12:42:43.554+0200: 29,176: Total time for which application threads were stopped: 0,0031997 seconds, Stopping threads took: 0,0030882 seconds
2018-06-25T12:42:43.554+0200: 29,176: Total time for which application threads were stopped: 0,0000950 seconds, Stopping threads took: 0,0000406 seconds
{Heap before GC invocations=30 (full 1):
 par new generation   total 109248K, used 99621K [0x00000000e0000000, 0x00000000e8000000, 0x00000000e8000000)
  eden space 87424K,  99% used [0x00000000e0000000, 0x00000000e555e1d8, 0x00000000e5560000)
  from space 21824K,  55% used [0x00000000e5560000, 0x00000000e614b438, 0x00000000e6ab0000)
  to   space 21824K,   0% used [0x00000000e6ab0000, 0x00000000e6ab0000, 0x00000000e8000000)
 concurrent mark-sweep generation total 393216K, used 37393K [0x00000000e8000000, 0x0000000100000000, 0x0000000100000000)
 Metaspace       used 31831K, capacity 32598K, committed 32764K, reserved 1079296K
  class space    used 3592K, capacity 3829K, committed 3836K, reserved 1048576K
2018-06-25T12:42:43.611+0200: 29,233: [GC (Allocation Failure) 2018-06-25T12:42:43.611+0200: 29,233: [ParNew
Desired survivor size 20112992 bytes, new threshold 8 (max 8)
- age   1:    1407168 bytes,    1407168 total
- age   2:    1027472 bytes,    2434640 total
- age   3:     918856 bytes,    3353496 total
- age   4:    2346176 bytes,    5699672 total
- age   5:     966176 bytes,    6665848 total
- age   6:     770392 bytes,    7436240 total
- age   7:    1223368 bytes,    8659608 total
- age   8:     832984 bytes,    9492592 total
: 99621K->12717K(109248K), 0,0194437 secs] 137014K->51186K(502464K), 0,0195383 secs] [Times: user=0,06 sys=0,01, real=0,02 secs] 
Heap after GC invocations=31 (full 1):
 par new generation   total 109248K, used 12717K [0x00000000e0000000, 0x00000000e8000000, 0x00000000e8000000)
  eden space 87424K,   0% used [0x00000000e0000000, 0x00000000e0000000, 0x00000000e5560000)
  from space 21824K,  58% used [0x00000000e6ab0000, 0x00000000e771b610, 0x00000000e8000000)
  to   space 21824K,   0% used [0x00000000e5560000, 0x00000000e5560000, 0x00000000e6ab0000)
 concurrent mark-sweep generation total 393216K, used 38468K [0x00000000e8000000, 0x0000000100000000, 0x0000000100000000)
 Metaspace       used 31831K, capacity 32598K, committed 32764K, reserved 1079296K
  class space    used 3592K, capacity 3829K, committed 3836K, reserved 1048576K
}
2018-06-25T12:42:43.630+0200: 29,253: Total time for which application threads were stopped: 0,0208262 seconds, Stopping threads took: 0,0010523 seconds
2018-06-25T12:42:43.631+0200: 29,253: Total time for which application threads were stopped: 0,0001419 seconds, Stopping threads took: 0,0000455 seconds
2018-06-25T12:42:43.631+0200: 29,253: Total time for which application threads were stopped: 0,0001078 seconds, Stopping threads took: 0,0000477 seconds
2018-06-25T12:42:43.631+0200: 29,253: Total time for which application threads were stopped: 0,0000901 seconds, Stopping threads took: 0,0000292 seconds
2018-06-25T12:42:43.631+0200: 29,253: Total time for which application threads were stopped: 0,0000831 seconds, Stopping threads took: 0,0000253 seconds
2018-06-25T12:42:43.631+0200: 29,253: Total time for which application threads were stopped: 0,0000925 seconds, Stopping threads took: 0,0000353 seconds
2018-06-25T12:42:43.631+0200: 29,253: Total time for which application threads were stopped: 0,0001097 seconds, Stopping threads took: 0,0000481 seconds
2018-06-25T12:42:43.631+0200: 29,254: Total time for which application threads were stopped: 0,0001041 seconds, Stopping threads took: 0,0000327 seconds
2018-06-25T12:42:43.632+0200: 29,254: Total time for which application threads were stopped: 0,0002898 seconds, Stopping threads took: 0,0000255 seconds
2018-06-25T12:42:43.650+0200: 29,272: Total time for which application threads were stopped: 0,0027221 seconds, Stopping threads took: 0,0025819 seconds
2018-06-25T12:42:43.650+0200: 29,272: Total time for which application threads were stopped: 0,0001006 seconds, Stopping threads took: 0,0000275 seconds
2018-06-25T12:42:43.650+0200: 29,272: Total time for which application threads were stopped: 0,0000832 seconds, Stopping threads took: 0,0000267 seconds
2018-06-25T12:42:43.650+0200: 29,272: Total time for which application threads were stopped: 0,0000763 seconds, Stopping threads took: 0,0000228 seconds
2018-06-25T12:42:43.693+0200: 29,315: Total time for which application threads were stopped: 0,0011733 seconds, Stopping threads took: 0,0010514 seconds
2018-06-25T12:42:43.697+0200: 29,319: Total time for which application threads were stopped: 0,0002081 seconds, Stopping threads took: 0,0000745 seconds
2018-06-25T12:42:43.703+0200: 29,325: Total time for which application threads were stopped: 0,0060250 seconds, Stopping threads took: 0,0058066 seconds
2018-06-25T12:42:43.703+0200: 29,325: Total time for which application threads were stopped: 0,0004655 seconds, Stopping threads took: 0,0003088 seconds
2018-06-25T12:42:43.704+0200: 29,326: Total time for which application threads were stopped: 0,0001358 seconds, Stopping threads took: 0,0000301 seconds
2018-06-25T12:42:43.704+0200: 29,326: Total time for which application threads were stopped: 0,0000829 seconds, Stopping threads took: 0,0000157 seconds
2018-06-25T12:42:43.704+0200: 29,326: Total time for which application threads were stopped: 0,0000976 seconds, Stopping threads took: 0,0000355 seconds
2018-06-25T12:42:43.709+0200: 29,331: Total time for which application threads were stopped: 0,0031074 seconds, Stopping threads took: 0,0023973 seconds
2018-06-25T12:42:43.709+0200: 29,331: Total time for which application threads were stopped: 0,0001281 seconds, Stopping threads took: 0,0000638 seconds
2018-06-25T12:42:43.709+0200: 29,332: Total time for which application threads were stopped: 0,0001094 seconds, Stopping threads took: 0,0000134 seconds
2018-06-25T12:42:43.712+0200: 29,334: Total time for which application threads were stopped: 0,0027394 seconds, Stopping threads took: 0,0026292 seconds
2018-06-25T12:42:43.712+0200: 29,334: Total time for which application threads were stopped: 0,0001093 seconds, Stopping threads took: 0,0000460 seconds
2018-06-25T12:42:43.713+0200: 29,335: Total time for which application threads were stopped: 0,0002298 seconds, Stopping threads took: 0,0000387 seconds
2018-06-25T12:42:43.800+0200: 29,422: Total time for which application threads were stopped: 0,0002162 seconds, Stopping threads took: 0,0000595 seconds
2018-06-25T12:42:43.854+0200: 29,476: Total time for which application threads were stopped: 0,0001911 seconds, Stopping threads took: 0,0000429 seconds
2018-06-25T12:42:43.854+0200: 29,476: Total time for which application threads were stopped: 0,0002930 seconds, Stopping threads took: 0,0000334 seconds
{Heap before GC invocations=31 (full 1):
 par new generation   total 109248K, used 100141K [0x00000000e0000000, 0x00000000e8000000, 0x00000000e8000000)
  eden space 87424K, 100% used [0x00000000e0000000, 0x00000000e5560000, 0x00000000e5560000)
  from space 21824K,  58% used [0x00000000e6ab0000, 0x00000000e771b610, 0x00000000e8000000)
  to   space 21824K,   0% used [0x00000000e5560000, 0x00000000e5560000, 0x00000000e6ab0000)
 concurrent mark-sweep generation total 393216K, used 38468K [0x00000000e8000000, 0x0000000100000000, 0x0000000100000000)
 Metaspace       used 31852K, capacity 32598K, committed 32764K, reserved 1079296K
  class space    used 3592K, capacity 3829K, committed 3836K, reserved 1048576K
2018-06-25T12:42:43.926+0200: 29,548: [GC (Allocation Failure) 2018-06-25T12:42:43.926+0200: 29,549: [ParNew
Desired survivor size 20112992 bytes, new threshold 8 (max 8)
- age   1:    1898368 bytes,    1898368 total
- age   2:     799728 bytes,    2698096 total
- age   3:     806432 bytes,    3504528 total
- age   4:     780256 bytes,    4284784 total
- age   5:    1944920 bytes,    6229704 total
- age   6:     809312 bytes,    7039016 total
- age   7:     613608 bytes,    7652624 total
- age   8:    1069848 bytes,    8722472 total
: 100141K->11191K(109248K), 0,0218016 secs] 138610K->50322K(502464K), 0,0219626 secs] [Times: user=0,06 sys=0,00, real=0,02 secs] 
Heap after GC invocations=32 (full 1):
 par new generation   total 109248K, used 11191K [0x00000000e0000000, 0x00000000e8000000, 0x00000000e8000000)
  eden space 87424K,   0% used [0x00000000e0000000, 0x00000000e0000000, 0x00000000e5560000)
  from space 21824K,  51% used [0x00000000e5560000, 0x00000000e604df00, 0x00000000e6ab0000)
  to   space 21824K,   0% used [0x00000000e6ab0000, 0x00000000e6ab0000, 0x00000000e8000000)
 concurrent mark-sweep generation total 393216K, used 39130K [0x00000000e8000000, 0x0000000100000000, 0x0000000100000000)
 Metaspace       used 31852K, capacity 32598K, committed 32764K, reserved 1079296K
  class space    used 3592K, capacity 3829K, committed 3836K, reserved 1048576K
}
2018-06-25T12:42:43.948+0200: 29,571: Total time for which application threads were stopped: 0,0223947 seconds, Stopping threads took: 0,0000700 seconds
2018-06-25T12:42:43.955+0200: 29,577: Total time for which application threads were stopped: 0,0001719 seconds, Stopping threads took: 0,0000565 seconds
2018-06-25T12:42:43.955+0200: 29,577: Total time for which application threads were stopped: 0,0001030 seconds, Stopping threads took: 0,0000325 seconds
2018-06-25T12:42:43.956+0200: 29,578: Total time for which application threads were stopped: 0,0000887 seconds, Stopping threads took: 0,0000242 seconds
2018-06-25T12:42:43.956+0200: 29,578: Total time for which application threads were stopped: 0,0000854 seconds, Stopping threads took: 0,0000247 seconds
2018-06-25T12:42:43.956+0200: 29,578: Total time for which application threads were stopped: 0,0000858 seconds, Stopping threads took: 0,0000282 seconds
2018-06-25T12:42:44.628+0200: 30,250: Total time for which application threads were stopped: 0,0002412 seconds, Stopping threads took: 0,0000978 seconds
2018-06-25T12:42:44.628+0200: 30,250: Total time for which application threads were stopped: 0,0000694 seconds, Stopping threads took: 0,0000151 seconds
2018-06-25T12:42:44.628+0200: 30,251: Total time for which application threads were stopped: 0,0000751 seconds, Stopping threads took: 0,0000239 seconds
2018-06-25T12:42:44.629+0200: 30,251: Total time for which application threads were stopped: 0,0000680 seconds, Stopping threads took: 0,0000217 seconds
2018-06-25T12:42:44.629+0200: 30,251: Total time for which application threads were stopped: 0,0000676 seconds, Stopping threads took: 0,0000212 seconds
2018-06-25T12:42:44.635+0200: 30,257: Total time for which application threads were stopped: 0,0001487 seconds, Stopping threads took: 0,0000467 seconds
2018-06-25T12:42:45.636+0200: 31,258: Total time for which application threads were stopped: 0,0008788 seconds, Stopping threads took: 0,0002029 seconds
2018-06-25T12:42:46.800+0200: 32,422: Total time for which application threads were stopped: 0,0001601 seconds, Stopping threads took: 0,0000368 seconds
2018-06-25T12:42:46.800+0200: 32,422: Total time for which application threads were stopped: 0,0002229 seconds, Stopping threads took: 0,0000997 seconds
2018-06-25T12:42:46.806+0200: 32,428: Total time for which application threads were stopped: 0,0009615 seconds, Stopping threads took: 0,0002525 seconds
2018-06-25T12:42:46.813+0200: 32,435: Total time for which application threads were stopped: 0,0001921 seconds, Stopping threads took: 0,0000732 seconds
2018-06-25T12:42:46.814+0200: 32,436: Total time for which application threads were stopped: 0,0002873 seconds, Stopping threads took: 0,0000226 seconds
2018-06-25T12:42:46.816+0200: 32,438: Total time for which application threads were stopped: 0,0001718 seconds, Stopping threads took: 0,0000427 seconds
2018-06-25T12:42:46.819+0200: 32,441: Total time for which application threads were stopped: 0,0001424 seconds, Stopping threads took: 0,0000300 seconds
2018-06-25T12:42:46.822+0200: 32,445: Total time for which application threads were stopped: 0,0002146 seconds, Stopping threads took: 0,0000686 seconds
2018-06-25T12:42:46.823+0200: 32,445: Total time for which application threads were stopped: 0,0001670 seconds, Stopping threads took: 0,0000670 seconds
2018-06-25T12:42:46.824+0200: 32,446: Total time for which application threads were stopped: 0,0002189 seconds, Stopping threads took: 0,0001018 seconds
2018-06-25T12:42:46.824+0200: 32,446: Total time for which application threads were stopped: 0,0000910 seconds, Stopping threads took: 0,0000293 seconds
2018-06-25T12:42:46.825+0200: 32,447: Total time for which application threads were stopped: 0,0001454 seconds, Stopping threads took: 0,0000505 seconds
2018-06-25T12:42:46.825+0200: 32,447: Total time for which application threads were stopped: 0,0001244 seconds, Stopping threads took: 0,0000369 seconds
2018-06-25T12:42:46.825+0200: 32,447: Total time for which application threads were stopped: 0,0000927 seconds, Stopping threads took: 0,0000095 seconds
2018-06-25T12:42:46.825+0200: 32,447: Total time for which application threads were stopped: 0,0000894 seconds, Stopping threads took: 0,0000092 seconds
2018-06-25T12:42:46.825+0200: 32,448: Total time for which application threads were stopped: 0,0000882 seconds, Stopping threads took: 0,0000096 seconds
2018-06-25T12:42:46.826+0200: 32,448: Total time for which application threads were stopped: 0,0000897 seconds, Stopping threads took: 0,0000087 seconds
2018-06-25T12:42:46.826+0200: 32,448: Total time for which application threads were stopped: 0,0000795 seconds, Stopping threads took: 0,0000168 seconds
2018-06-25T12:42:46.826+0200: 32,448: Total time for which application threads were stopped: 0,0000619 seconds, Stopping threads took: 0,0000097 seconds
2018-06-25T12:42:46.827+0200: 32,449: Total time for which application threads were stopped: 0,0001285 seconds, Stopping threads took: 0,0000276 seconds
2018-06-25T12:42:46.827+0200: 32,449: Total time for which application threads were stopped: 0,0002420 seconds, Stopping threads took: 0,0001488 seconds
2018-06-25T12:42:46.827+0200: 32,450: Total time for which application threads were stopped: 0,0001441 seconds, Stopping threads took: 0,0000323 seconds
2018-06-25T12:42:46.828+0200: 32,450: Total time for which application threads were stopped: 0,0001381 seconds, Stopping threads took: 0,0000243 seconds
2018-06-25T12:42:46.829+0200: 32,451: Total time for which application threads were stopped: 0,0001674 seconds, Stopping threads took: 0,0000297 seconds
2018-06-25T12:42:46.829+0200: 32,452: Total time for which application threads were stopped: 0,0001860 seconds, Stopping threads took: 0,0000294 seconds
2018-06-25T12:42:46.830+0200: 32,452: Total time for which application threads were stopped: 0,0001494 seconds, Stopping threads took: 0,0000236 seconds
2018-06-25T12:42:46.830+0200: 32,452: Total time for which application threads were stopped: 0,0001778 seconds, Stopping threads took: 0,0000746 seconds
2018-06-25T12:42:46.833+0200: 32,455: Total time for which application threads were stopped: 0,0001590 seconds, Stopping threads took: 0,0000529 seconds
2018-06-25T12:42:46.837+0200: 32,459: Total time for which application threads were stopped: 0,0002210 seconds, Stopping threads took: 0,0000817 seconds
2018-06-25T12:42:46.839+0200: 32,461: Total time for which application threads were stopped: 0,0017335 seconds, Stopping threads took: 0,0016202 seconds
2018-06-25T12:42:46.841+0200: 32,464: Total time for which application threads were stopped: 0,0001595 seconds, Stopping threads took: 0,0000335 seconds
2018-06-25T12:42:46.842+0200: 32,464: Total time for which application threads were stopped: 0,0001086 seconds, Stopping threads took: 0,0000204 seconds
2018-06-25T12:42:46.849+0200: 32,471: Total time for which application threads were stopped: 0,0020735 seconds, Stopping threads took: 0,0019309 seconds
2018-06-25T12:42:46.849+0200: 32,471: Total time for which application threads were stopped: 0,0001127 seconds, Stopping threads took: 0,0000216 seconds
2018-06-25T12:42:46.908+0200: 32,530: Total time for which application threads were stopped: 0,0001530 seconds, Stopping threads took: 0,0000292 seconds
2018-06-25T12:42:46.910+0200: 32,532: Total time for which application threads were stopped: 0,0001309 seconds, Stopping threads took: 0,0000353 seconds
2018-06-25T12:42:49.911+0200: 35,533: Total time for which application threads were stopped: 0,0005385 seconds, Stopping threads took: 0,0001324 seconds
2018-06-25T12:42:50.244+0200: 35,866: Total time for which application threads were stopped: 0,0002046 seconds, Stopping threads took: 0,0000493 seconds
2018-06-25T12:42:50.257+0200: 35,879: Total time for which application threads were stopped: 0,0001443 seconds, Stopping threads took: 0,0000328 seconds
2018-06-25T12:42:50.257+0200: 35,879: Total time for which application threads were stopped: 0,0000738 seconds, Stopping threads took: 0,0000141 seconds
2018-06-25T12:42:50.257+0200: 35,879: Total time for which application threads were stopped: 0,0000873 seconds, Stopping threads took: 0,0000206 seconds
2018-06-25T12:42:50.263+0200: 35,885: Total time for which application threads were stopped: 0,0001674 seconds, Stopping threads took: 0,0000589 seconds
2018-06-25T12:42:50.264+0200: 35,886: Total time for which application threads were stopped: 0,0000717 seconds, Stopping threads took: 0,0000115 seconds
2018-06-25T12:42:50.271+0200: 35,893: Total time for which application threads were stopped: 0,0001802 seconds, Stopping threads took: 0,0000783 seconds
2018-06-25T12:42:50.271+0200: 35,893: Total time for which application threads were stopped: 0,0000943 seconds, Stopping threads took: 0,0000336 seconds
2018-06-25T12:42:50.281+0200: 35,903: Total time for which application threads were stopped: 0,0073660 seconds, Stopping threads took: 0,0072237 seconds
2018-06-25T12:42:50.281+0200: 35,903: Total time for which application threads were stopped: 0,0000995 seconds, Stopping threads took: 0,0000161 seconds
2018-06-25T12:42:50.282+0200: 35,904: Total time for which application threads were stopped: 0,0001727 seconds, Stopping threads took: 0,0000215 seconds
2018-06-25T12:42:50.282+0200: 35,904: Total time for which application threads were stopped: 0,0000797 seconds, Stopping threads took: 0,0000099 seconds
2018-06-25T12:42:50.282+0200: 35,904: Total time for which application threads were stopped: 0,0000805 seconds, Stopping threads took: 0,0000132 seconds
2018-06-25T12:42:50.295+0200: 35,917: Total time for which application threads were stopped: 0,0001624 seconds, Stopping threads took: 0,0000645 seconds
2018-06-25T12:42:50.300+0200: 35,922: Total time for which application threads were stopped: 0,0002446 seconds, Stopping threads took: 0,0001375 seconds
2018-06-25T12:42:55.301+0200: 40,923: Total time for which application threads were stopped: 0,0000900 seconds, Stopping threads took: 0,0000231 seconds
2018-06-25T12:43:00.531+0200: 46,155: Total time for which application threads were stopped: 0,0019868 seconds, Stopping threads took: 0,0000239 seconds
2018-06-25T12:43:00.538+0200: 46,160: Total time for which application threads were stopped: 0,0014618 seconds, Stopping threads took: 0,0000603 seconds
2018-06-25T12:43:00.548+0200: 46,170: Total time for which application threads were stopped: 0,0001722 seconds, Stopping threads took: 0,0000623 seconds
2018-06-25T12:43:00.560+0200: 46,182: Total time for which application threads were stopped: 0,0001832 seconds, Stopping threads took: 0,0000745 seconds
2018-06-25T12:43:00.561+0200: 46,184: Total time for which application threads were stopped: 0,0002252 seconds, Stopping threads took: 0,0001132 seconds
2018-06-25T12:43:00.573+0200: 46,195: Total time for which application threads were stopped: 0,0036952 seconds, Stopping threads took: 0,0035716 seconds
2018-06-25T12:43:00.586+0200: 46,208: Total time for which application threads were stopped: 0,0002252 seconds, Stopping threads took: 0,0000890 seconds
2018-06-25T12:43:00.586+0200: 46,209: Total time for which application threads were stopped: 0,0006686 seconds, Stopping threads took: 0,0006065 seconds
2018-06-25T12:43:00.597+0200: 46,219: Total time for which application threads were stopped: 0,0021697 seconds, Stopping threads took: 0,0017518 seconds
2018-06-25T12:43:00.598+0200: 46,220: Total time for which application threads were stopped: 0,0001552 seconds, Stopping threads took: 0,0000711 seconds
2018-06-25T12:43:00.604+0200: 46,226: Total time for which application threads were stopped: 0,0024162 seconds, Stopping threads took: 0,0021862 seconds
2018-06-25T12:43:00.605+0200: 46,227: Total time for which application threads were stopped: 0,0004694 seconds, Stopping threads took: 0,0002580 seconds
2018-06-25T12:43:00.605+0200: 46,227: Total time for which application threads were stopped: 0,0001554 seconds, Stopping threads took: 0,0000545 seconds
2018-06-25T12:43:00.605+0200: 46,227: Total time for which application threads were stopped: 0,0000993 seconds, Stopping threads took: 0,0000314 seconds
2018-06-25T12:43:00.606+0200: 46,229: Total time for which application threads were stopped: 0,0011774 seconds, Stopping threads took: 0,0004250 seconds
2018-06-25T12:43:00.607+0200: 46,229: Total time for which application threads were stopped: 0,0002659 seconds, Stopping threads took: 0,0000258 seconds
2018-06-25T12:43:00.613+0200: 46,235: Total time for which application threads were stopped: 0,0002375 seconds, Stopping threads took: 0,0001373 seconds
2018-06-25T12:43:00.628+0200: 46,250: Total time for which application threads were stopped: 0,0001691 seconds, Stopping threads took: 0,0000554 seconds
Heap
 par new generation   total 109248K, used 33723K [0x00000000e0000000, 0x00000000e8000000, 0x00000000e8000000)
  eden space 87424K,  25% used [0x00000000e0000000, 0x00000000e16010d0, 0x00000000e5560000)
  from space 21824K,  51% used [0x00000000e5560000, 0x00000000e604df00, 0x00000000e6ab0000)
  to   space 21824K,   0% used [0x00000000e6ab0000, 0x00000000e6ab0000, 0x00000000e8000000)
 concurrent mark-sweep generation total 393216K, used 39130K [0x00000000e8000000, 0x0000000100000000, 0x0000000100000000)
 Metaspace       used 32166K, capacity 32930K, committed 33020K, reserved 1079296K
  class space    used 3619K, capacity 3831K, committed 3836K, reserved 1048576K
