OpenJDK 64-Bit Server VM (25.171-b11) for linux-amd64 JRE (1.8.0_171-8u171-b11-0ubuntu0.16.04.1-b11), built on Apr 27 2018 17:19:03 by "buildd" with gcc 5.4.0 20160609
Memory: 4k page, physical 7867600k(879604k free), swap 8076284k(8076284k free)
CommandLine flags: -XX:CMSInitiatingOccupancyFraction=50 -XX:CMSMaxAbortablePrecleanTime=6000 -XX:+CMSParallelRemarkEnabled -XX:+CMSScavengeBeforeRemark -XX:ConcGCThreads=4 -XX:InitialHeapSize=536870912 -XX:MaxHeapSize=536870912 -XX:MaxTenuringThreshold=8 -XX:NewRatio=3 -XX:OldPLABSize=16 -XX:OnOutOfMemoryError=/home/gurnoor/workspace/QTM/solr/bin/oom_solr.sh 8983 /home/gurnoor/workspace/QTM/solr/server/logs -XX:ParallelGCThreads=4 -XX:+ParallelRefProcEnabled -XX:PretenureSizeThreshold=67108864 -XX:+PrintGC -XX:+PrintGCApplicationStoppedTime -XX:+PrintGCDateStamps -XX:+PrintGCDetails -XX:+PrintGCTimeStamps -XX:+PrintHeapAtGC -XX:+PrintTenuringDistribution -XX:SurvivorRatio=4 -XX:TargetSurvivorRatio=90 -XX:ThreadStackSize=256 -XX:+UseCMSInitiatingOccupancyOnly -XX:+UseCompressedClassPointers -XX:+UseCompressedOops -XX:+UseConcMarkSweepGC -XX:+UseParNewGC 
2018-06-19T12:17:22.591+0200: 0,111: Total time for which application threads were stopped: 0,0000671 seconds, Stopping threads took: 0,0000142 seconds
2018-06-19T12:17:22.656+0200: 0,177: Total time for which application threads were stopped: 0,0000972 seconds, Stopping threads took: 0,0000145 seconds
2018-06-19T12:17:22.666+0200: 0,186: Total time for which application threads were stopped: 0,0000932 seconds, Stopping threads took: 0,0000277 seconds
2018-06-19T12:17:22.788+0200: 0,308: Total time for which application threads were stopped: 0,0001483 seconds, Stopping threads took: 0,0000252 seconds
2018-06-19T12:17:22.938+0200: 0,459: Total time for which application threads were stopped: 0,0001403 seconds, Stopping threads took: 0,0000159 seconds
2018-06-19T12:17:22.983+0200: 0,504: Total time for which application threads were stopped: 0,0001695 seconds, Stopping threads took: 0,0000301 seconds
2018-06-19T12:17:23.000+0200: 0,521: Total time for which application threads were stopped: 0,0002231 seconds, Stopping threads took: 0,0000319 seconds
2018-06-19T12:17:23.201+0200: 0,722: Total time for which application threads were stopped: 0,0001958 seconds, Stopping threads took: 0,0000172 seconds
2018-06-19T12:17:23.345+0200: 0,866: Total time for which application threads were stopped: 0,0002926 seconds, Stopping threads took: 0,0000291 seconds
2018-06-19T12:17:23.367+0200: 0,888: Total time for which application threads were stopped: 0,0002253 seconds, Stopping threads took: 0,0000244 seconds
2018-06-19T12:17:23.393+0200: 0,913: Total time for which application threads were stopped: 0,0002290 seconds, Stopping threads took: 0,0000240 seconds
2018-06-19T12:17:23.394+0200: 0,915: Total time for which application threads were stopped: 0,0001997 seconds, Stopping threads took: 0,0000242 seconds
2018-06-19T12:17:23.407+0200: 0,927: Total time for which application threads were stopped: 0,0002038 seconds, Stopping threads took: 0,0000215 seconds
2018-06-19T12:17:23.473+0200: 0,994: Total time for which application threads were stopped: 0,0002309 seconds, Stopping threads took: 0,0000213 seconds
2018-06-19T12:17:23.629+0200: 1,149: Total time for which application threads were stopped: 0,0002985 seconds, Stopping threads took: 0,0000478 seconds
{Heap before GC invocations=0 (full 0):
 par new generation   total 109248K, used 87424K [0x00000000e0000000, 0x00000000e8000000, 0x00000000e8000000)
  eden space 87424K, 100% used [0x00000000e0000000, 0x00000000e5560000, 0x00000000e5560000)
  from space 21824K,   0% used [0x00000000e5560000, 0x00000000e5560000, 0x00000000e6ab0000)
  to   space 21824K,   0% used [0x00000000e6ab0000, 0x00000000e6ab0000, 0x00000000e8000000)
 concurrent mark-sweep generation total 393216K, used 0K [0x00000000e8000000, 0x0000000100000000, 0x0000000100000000)
 Metaspace       used 17881K, capacity 18184K, committed 18304K, reserved 1064960K
  class space    used 2026K, capacity 2166K, committed 2176K, reserved 1048576K
2018-06-19T12:17:23.674+0200: 1,194: [GC (Allocation Failure) 2018-06-19T12:17:23.674+0200: 1,194: [ParNew
Desired survivor size 20112992 bytes, new threshold 8 (max 8)
- age   1:   11511392 bytes,   11511392 total
: 87424K->11355K(109248K), 0,0103239 secs] 87424K->11355K(502464K), 0,0103862 secs] [Times: user=0,03 sys=0,01, real=0,01 secs] 
Heap after GC invocations=1 (full 0):
 par new generation   total 109248K, used 11355K [0x00000000e0000000, 0x00000000e8000000, 0x00000000e8000000)
  eden space 87424K,   0% used [0x00000000e0000000, 0x00000000e0000000, 0x00000000e5560000)
  from space 21824K,  52% used [0x00000000e6ab0000, 0x00000000e75c6d78, 0x00000000e8000000)
  to   space 21824K,   0% used [0x00000000e5560000, 0x00000000e5560000, 0x00000000e6ab0000)
 concurrent mark-sweep generation total 393216K, used 0K [0x00000000e8000000, 0x0000000100000000, 0x0000000100000000)
 Metaspace       used 17881K, capacity 18184K, committed 18304K, reserved 1064960K
  class space    used 2026K, capacity 2166K, committed 2176K, reserved 1048576K
}
2018-06-19T12:17:23.684+0200: 1,205: Total time for which application threads were stopped: 0,0106329 seconds, Stopping threads took: 0,0000614 seconds
2018-06-19T12:17:24.158+0200: 1,678: Total time for which application threads were stopped: 0,0011637 seconds, Stopping threads took: 0,0007687 seconds
{Heap before GC invocations=1 (full 0):
 par new generation   total 109248K, used 98779K [0x00000000e0000000, 0x00000000e8000000, 0x00000000e8000000)
  eden space 87424K, 100% used [0x00000000e0000000, 0x00000000e5560000, 0x00000000e5560000)
  from space 21824K,  52% used [0x00000000e6ab0000, 0x00000000e75c6d78, 0x00000000e8000000)
  to   space 21824K,   0% used [0x00000000e5560000, 0x00000000e5560000, 0x00000000e6ab0000)
 concurrent mark-sweep generation total 393216K, used 0K [0x00000000e8000000, 0x0000000100000000, 0x0000000100000000)
 Metaspace       used 20090K, capacity 20424K, committed 20736K, reserved 1067008K
  class space    used 2297K, capacity 2468K, committed 2560K, reserved 1048576K
2018-06-19T12:17:24.232+0200: 1,753: [GC (Allocation Failure) 2018-06-19T12:17:24.232+0200: 1,753: [ParNew
Desired survivor size 20112992 bytes, new threshold 8 (max 8)
- age   1:    3481480 bytes,    3481480 total
- age   2:    6023640 bytes,    9505120 total
: 98779K->12624K(109248K), 0,0282352 secs] 98779K->12624K(502464K), 0,0283221 secs] [Times: user=0,04 sys=0,01, real=0,02 secs] 
Heap after GC invocations=2 (full 0):
 par new generation   total 109248K, used 12624K [0x00000000e0000000, 0x00000000e8000000, 0x00000000e8000000)
  eden space 87424K,   0% used [0x00000000e0000000, 0x00000000e0000000, 0x00000000e5560000)
  from space 21824K,  57% used [0x00000000e5560000, 0x00000000e61b4388, 0x00000000e6ab0000)
  to   space 21824K,   0% used [0x00000000e6ab0000, 0x00000000e6ab0000, 0x00000000e8000000)
 concurrent mark-sweep generation total 393216K, used 0K [0x00000000e8000000, 0x0000000100000000, 0x0000000100000000)
 Metaspace       used 20090K, capacity 20424K, committed 20736K, reserved 1067008K
  class space    used 2297K, capacity 2468K, committed 2560K, reserved 1048576K
}
2018-06-19T12:17:24.261+0200: 1,781: Total time for which application threads were stopped: 0,0314814 seconds, Stopping threads took: 0,0029174 seconds
2018-06-19T12:17:24.265+0200: 1,786: Total time for which application threads were stopped: 0,0004397 seconds, Stopping threads took: 0,0000946 seconds
2018-06-19T12:17:24.308+0200: 1,829: Total time for which application threads were stopped: 0,0010667 seconds, Stopping threads took: 0,0007510 seconds
2018-06-19T12:17:24.505+0200: 2,025: Total time for which application threads were stopped: 0,0002584 seconds, Stopping threads took: 0,0000677 seconds
{Heap before GC invocations=2 (full 0):
 par new generation   total 109248K, used 100048K [0x00000000e0000000, 0x00000000e8000000, 0x00000000e8000000)
  eden space 87424K, 100% used [0x00000000e0000000, 0x00000000e5560000, 0x00000000e5560000)
  from space 21824K,  57% used [0x00000000e5560000, 0x00000000e61b4388, 0x00000000e6ab0000)
  to   space 21824K,   0% used [0x00000000e6ab0000, 0x00000000e6ab0000, 0x00000000e8000000)
 concurrent mark-sweep generation total 393216K, used 0K [0x00000000e8000000, 0x0000000100000000, 0x0000000100000000)
 Metaspace       used 21045K, capacity 21346K, committed 21628K, reserved 1069056K
  class space    used 2426K, capacity 2587K, committed 2684K, reserved 1048576K
2018-06-19T12:17:24.561+0200: 2,082: [GC (Allocation Failure) 2018-06-19T12:17:24.562+0200: 2,082: [ParNew
Desired survivor size 20112992 bytes, new threshold 8 (max 8)
- age   1:    2296432 bytes,    2296432 total
- age   2:     959552 bytes,    3255984 total
- age   3:    6021808 bytes,    9277792 total
: 100048K->11889K(109248K), 0,0464506 secs] 100048K->11889K(502464K), 0,0465604 secs] [Times: user=0,06 sys=0,00, real=0,05 secs] 
Heap after GC invocations=3 (full 0):
 par new generation   total 109248K, used 11889K [0x00000000e0000000, 0x00000000e8000000, 0x00000000e8000000)
  eden space 87424K,   0% used [0x00000000e0000000, 0x00000000e0000000, 0x00000000e5560000)
  from space 21824K,  54% used [0x00000000e6ab0000, 0x00000000e764c7f0, 0x00000000e8000000)
  to   space 21824K,   0% used [0x00000000e5560000, 0x00000000e5560000, 0x00000000e6ab0000)
 concurrent mark-sweep generation total 393216K, used 0K [0x00000000e8000000, 0x0000000100000000, 0x0000000100000000)
 Metaspace       used 21045K, capacity 21346K, committed 21628K, reserved 1069056K
  class space    used 2426K, capacity 2587K, committed 2684K, reserved 1048576K
}
2018-06-19T12:17:24.608+0200: 2,129: Total time for which application threads were stopped: 0,0529159 seconds, Stopping threads took: 0,0061719 seconds
2018-06-19T12:17:24.615+0200: 2,136: [GC (CMS Initial Mark) [1 CMS-initial-mark: 0K(393216K)] 16321K(502464K), 0,0059742 secs] [Times: user=0,01 sys=0,00, real=0,00 secs] 
2018-06-19T12:17:24.621+0200: 2,142: Total time for which application threads were stopped: 0,0066227 seconds, Stopping threads took: 0,0005002 seconds
2018-06-19T12:17:24.621+0200: 2,142: [CMS-concurrent-mark-start]
2018-06-19T12:17:24.628+0200: 2,149: [CMS-concurrent-mark: 0,007/0,007 secs] [Times: user=0,02 sys=0,00, real=0,01 secs] 
2018-06-19T12:17:24.628+0200: 2,149: [CMS-concurrent-preclean-start]
2018-06-19T12:17:24.629+0200: 2,150: [CMS-concurrent-preclean: 0,001/0,001 secs] [Times: user=0,01 sys=0,00, real=0,00 secs] 
2018-06-19T12:17:24.629+0200: 2,150: [CMS-concurrent-abortable-preclean-start]
2018-06-19T12:17:24.733+0200: 2,253: Total time for which application threads were stopped: 0,0001902 seconds, Stopping threads took: 0,0000595 seconds
{Heap before GC invocations=3 (full 1):
 par new generation   total 109248K, used 99313K [0x00000000e0000000, 0x00000000e8000000, 0x00000000e8000000)
  eden space 87424K, 100% used [0x00000000e0000000, 0x00000000e5560000, 0x00000000e5560000)
  from space 21824K,  54% used [0x00000000e6ab0000, 0x00000000e764c7f0, 0x00000000e8000000)
  to   space 21824K,   0% used [0x00000000e5560000, 0x00000000e5560000, 0x00000000e6ab0000)
 concurrent mark-sweep generation total 393216K, used 0K [0x00000000e8000000, 0x0000000100000000, 0x0000000100000000)
 Metaspace       used 21294K, capacity 21682K, committed 21884K, reserved 1069056K
  class space    used 2451K, capacity 2602K, committed 2684K, reserved 1048576K
2018-06-19T12:17:24.833+0200: 2,354: [GC (Allocation Failure) 2018-06-19T12:17:24.833+0200: 2,354: [ParNew
Desired survivor size 20112992 bytes, new threshold 8 (max 8)
- age   1:    1363992 bytes,    1363992 total
- age   2:    1443224 bytes,    2807216 total
- age   3:     953912 bytes,    3761128 total
- age   4:    6021712 bytes,    9782840 total
: 99313K->12976K(109248K), 0,0138986 secs] 99313K->12976K(502464K), 0,0139776 secs] [Times: user=0,04 sys=0,00, real=0,01 secs] 
Heap after GC invocations=4 (full 1):
 par new generation   total 109248K, used 12976K [0x00000000e0000000, 0x00000000e8000000, 0x00000000e8000000)
  eden space 87424K,   0% used [0x00000000e0000000, 0x00000000e0000000, 0x00000000e5560000)
  from space 21824K,  59% used [0x00000000e5560000, 0x00000000e620c190, 0x00000000e6ab0000)
  to   space 21824K,   0% used [0x00000000e6ab0000, 0x00000000e6ab0000, 0x00000000e8000000)
 concurrent mark-sweep generation total 393216K, used 0K [0x00000000e8000000, 0x0000000100000000, 0x0000000100000000)
 Metaspace       used 21294K, capacity 21682K, committed 21884K, reserved 1069056K
  class space    used 2451K, capacity 2602K, committed 2684K, reserved 1048576K
}
2018-06-19T12:17:24.847+0200: 2,368: Total time for which application threads were stopped: 0,0142407 seconds, Stopping threads took: 0,0000778 seconds
{Heap before GC invocations=4 (full 1):
 par new generation   total 109248K, used 100400K [0x00000000e0000000, 0x00000000e8000000, 0x00000000e8000000)
  eden space 87424K, 100% used [0x00000000e0000000, 0x00000000e5560000, 0x00000000e5560000)
  from space 21824K,  59% used [0x00000000e5560000, 0x00000000e620c190, 0x00000000e6ab0000)
  to   space 21824K,   0% used [0x00000000e6ab0000, 0x00000000e6ab0000, 0x00000000e8000000)
 concurrent mark-sweep generation total 393216K, used 0K [0x00000000e8000000, 0x0000000100000000, 0x0000000100000000)
 Metaspace       used 21480K, capacity 21860K, committed 21960K, reserved 1069056K
  class space    used 2472K, capacity 2637K, committed 2684K, reserved 1048576K
2018-06-19T12:17:24.958+0200: 2,479: [GC (Allocation Failure) 2018-06-19T12:17:24.958+0200: 2,479: [ParNew
Desired survivor size 20112992 bytes, new threshold 8 (max 8)
- age   1:     622128 bytes,     622128 total
- age   2:     187488 bytes,     809616 total
- age   3:    1442912 bytes,    2252528 total
- age   4:     953800 bytes,    3206328 total
- age   5:    6021880 bytes,    9228208 total
: 100400K->11905K(109248K), 0,0123782 secs] 100400K->11905K(502464K), 0,0124708 secs] [Times: user=0,04 sys=0,00, real=0,01 secs] 
Heap after GC invocations=5 (full 1):
 par new generation   total 109248K, used 11905K [0x00000000e0000000, 0x00000000e8000000, 0x00000000e8000000)
  eden space 87424K,   0% used [0x00000000e0000000, 0x00000000e0000000, 0x00000000e5560000)
  from space 21824K,  54% used [0x00000000e6ab0000, 0x00000000e7650630, 0x00000000e8000000)
  to   space 21824K,   0% used [0x00000000e5560000, 0x00000000e5560000, 0x00000000e6ab0000)
 concurrent mark-sweep generation total 393216K, used 0K [0x00000000e8000000, 0x0000000100000000, 0x0000000100000000)
 Metaspace       used 21480K, capacity 21860K, committed 21960K, reserved 1069056K
  class space    used 2472K, capacity 2637K, committed 2684K, reserved 1048576K
}
2018-06-19T12:17:24.971+0200: 2,491: Total time for which application threads were stopped: 0,0128295 seconds, Stopping threads took: 0,0002015 seconds
2018-06-19T12:17:24.971+0200: 2,491: [CMS-concurrent-abortable-preclean: 0,277/0,341 secs] [Times: user=1,03 sys=0,01, real=0,34 secs] 
2018-06-19T12:17:24.971+0200: 2,491: [GC (CMS Final Remark) [YG occupancy: 11921 K (109248 K)]{Heap before GC invocations=5 (full 1):
 par new generation   total 109248K, used 11921K [0x00000000e0000000, 0x00000000e8000000, 0x00000000e8000000)
  eden space 87424K,   0% used [0x00000000e0000000, 0x00000000e0004040, 0x00000000e5560000)
  from space 21824K,  54% used [0x00000000e6ab0000, 0x00000000e7650630, 0x00000000e8000000)
  to   space 21824K,   0% used [0x00000000e5560000, 0x00000000e5560000, 0x00000000e6ab0000)
 concurrent mark-sweep generation total 393216K, used 0K [0x00000000e8000000, 0x0000000100000000, 0x0000000100000000)
 Metaspace       used 21480K, capacity 21860K, committed 21960K, reserved 1069056K
  class space    used 2472K, capacity 2637K, committed 2684K, reserved 1048576K
2018-06-19T12:17:24.971+0200: 2,491: [GC (CMS Final Remark) 2018-06-19T12:17:24.971+0200: 2,491: [ParNew
Desired survivor size 20112992 bytes, new threshold 8 (max 8)
- age   1:      16424 bytes,      16424 total
- age   2:     619464 bytes,     635888 total
- age   3:     187488 bytes,     823376 total
- age   4:    1442912 bytes,    2266288 total
- age   5:     953800 bytes,    3220088 total
- age   6:    6021712 bytes,    9241800 total
: 11921K->10282K(109248K), 0,0109062 secs] 11921K->10282K(502464K), 0,0109491 secs] [Times: user=0,04 sys=0,00, real=0,01 secs] 
Heap after GC invocations=6 (full 1):
 par new generation   total 109248K, used 10282K [0x00000000e0000000, 0x00000000e8000000, 0x00000000e8000000)
  eden space 87424K,   0% used [0x00000000e0000000, 0x00000000e0000000, 0x00000000e5560000)
  from space 21824K,  47% used [0x00000000e5560000, 0x00000000e5f6a9b8, 0x00000000e6ab0000)
  to   space 21824K,   0% used [0x00000000e6ab0000, 0x00000000e6ab0000, 0x00000000e8000000)
 concurrent mark-sweep generation total 393216K, used 0K [0x00000000e8000000, 0x0000000100000000, 0x0000000100000000)
 Metaspace       used 21480K, capacity 21860K, committed 21960K, reserved 1069056K
  class space    used 2472K, capacity 2637K, committed 2684K, reserved 1048576K
}
2018-06-19T12:17:24.982+0200: 2,502: [Rescan (parallel) , 0,0032758 secs]2018-06-19T12:17:24.985+0200: 2,506: [weak refs processing, 0,0005827 secs]2018-06-19T12:17:24.986+0200: 2,506: [class unloading, 0,0030047 secs]2018-06-19T12:17:24.989+0200: 2,509: [scrub symbol table, 0,0026173 secs]2018-06-19T12:17:24.991+0200: 2,512: [scrub string table, 0,0003750 secs][1 CMS-remark: 0K(393216K)] 10282K(502464K), 0,0215147 secs] [Times: user=0,06 sys=0,00, real=0,03 secs] 
2018-06-19T12:17:24.992+0200: 2,513: Total time for which application threads were stopped: 0,0216607 seconds, Stopping threads took: 0,0000531 seconds
2018-06-19T12:17:24.992+0200: 2,513: [CMS-concurrent-sweep-start]
2018-06-19T12:17:24.992+0200: 2,513: [CMS-concurrent-sweep: 0,000/0,000 secs] [Times: user=0,00 sys=0,00, real=0,00 secs] 
2018-06-19T12:17:24.992+0200: 2,513: [CMS-concurrent-reset-start]
2018-06-19T12:17:24.996+0200: 2,517: [CMS-concurrent-reset: 0,004/0,004 secs] [Times: user=0,01 sys=0,00, real=0,00 secs] 
2018-06-19T12:17:25.024+0200: 2,544: Total time for which application threads were stopped: 0,0004002 seconds, Stopping threads took: 0,0000309 seconds
2018-06-19T12:17:25.299+0200: 2,819: Total time for which application threads were stopped: 0,0005573 seconds, Stopping threads took: 0,0000331 seconds
2018-06-19T12:17:25.311+0200: 2,832: Total time for which application threads were stopped: 0,0004302 seconds, Stopping threads took: 0,0000681 seconds
{Heap before GC invocations=6 (full 1):
 par new generation   total 109248K, used 97706K [0x00000000e0000000, 0x00000000e8000000, 0x00000000e8000000)
  eden space 87424K, 100% used [0x00000000e0000000, 0x00000000e5560000, 0x00000000e5560000)
  from space 21824K,  47% used [0x00000000e5560000, 0x00000000e5f6a9b8, 0x00000000e6ab0000)
  to   space 21824K,   0% used [0x00000000e6ab0000, 0x00000000e6ab0000, 0x00000000e8000000)
 concurrent mark-sweep generation total 393216K, used 0K [0x00000000e8000000, 0x0000000100000000, 0x0000000100000000)
 Metaspace       used 25301K, capacity 25794K, committed 25980K, reserved 1073152K
  class space    used 2936K, capacity 3122K, committed 3196K, reserved 1048576K
2018-06-19T12:17:25.579+0200: 3,099: [GC (Allocation Failure) 2018-06-19T12:17:25.579+0200: 3,099: [ParNew
Desired survivor size 20112992 bytes, new threshold 8 (max 8)
- age   1:    5646112 bytes,    5646112 total
- age   3:     127704 bytes,    5773816 total
- age   4:     180880 bytes,    5954696 total
- age   5:     270056 bytes,    6224752 total
- age   6:     931792 bytes,    7156544 total
- age   7:    6014920 bytes,   13171464 total
: 97706K->19778K(109248K), 0,0175068 secs] 97706K->19778K(502464K), 0,0175880 secs] [Times: user=0,06 sys=0,01, real=0,02 secs] 
Heap after GC invocations=7 (full 1):
 par new generation   total 109248K, used 19778K [0x00000000e0000000, 0x00000000e8000000, 0x00000000e8000000)
  eden space 87424K,   0% used [0x00000000e0000000, 0x00000000e0000000, 0x00000000e5560000)
  from space 21824K,  90% used [0x00000000e6ab0000, 0x00000000e7e00a10, 0x00000000e8000000)
  to   space 21824K,   0% used [0x00000000e5560000, 0x00000000e5560000, 0x00000000e6ab0000)
 concurrent mark-sweep generation total 393216K, used 0K [0x00000000e8000000, 0x0000000100000000, 0x0000000100000000)
 Metaspace       used 25301K, capacity 25794K, committed 25980K, reserved 1073152K
  class space    used 2936K, capacity 3122K, committed 3196K, reserved 1048576K
}
2018-06-19T12:17:25.596+0200: 3,117: Total time for which application threads were stopped: 0,0179669 seconds, Stopping threads took: 0,0000656 seconds
2018-06-19T12:17:25.720+0200: 3,241: Total time for which application threads were stopped: 0,0004373 seconds, Stopping threads took: 0,0000374 seconds
2018-06-19T12:17:25.743+0200: 3,263: Total time for which application threads were stopped: 0,0005019 seconds, Stopping threads took: 0,0000332 seconds
2018-06-19T12:17:25.827+0200: 3,347: Total time for which application threads were stopped: 0,0004942 seconds, Stopping threads took: 0,0000482 seconds
2018-06-19T12:17:25.928+0200: 3,449: Total time for which application threads were stopped: 0,0039286 seconds, Stopping threads took: 0,0034562 seconds
{Heap before GC invocations=7 (full 1):
 par new generation   total 109248K, used 107202K [0x00000000e0000000, 0x00000000e8000000, 0x00000000e8000000)
  eden space 87424K, 100% used [0x00000000e0000000, 0x00000000e5560000, 0x00000000e5560000)
  from space 21824K,  90% used [0x00000000e6ab0000, 0x00000000e7e00a10, 0x00000000e8000000)
  to   space 21824K,   0% used [0x00000000e5560000, 0x00000000e5560000, 0x00000000e6ab0000)
 concurrent mark-sweep generation total 393216K, used 0K [0x00000000e8000000, 0x0000000100000000, 0x0000000100000000)
 Metaspace       used 28010K, capacity 28570K, committed 28796K, reserved 1075200K
  class space    used 3224K, capacity 3420K, committed 3452K, reserved 1048576K
2018-06-19T12:17:26.071+0200: 3,592: [GC (Allocation Failure) 2018-06-19T12:17:26.071+0200: 3,592: [ParNew
Desired survivor size 20112992 bytes, new threshold 8 (max 8)
- age   1:   12460968 bytes,   12460968 total
- age   2:    2310520 bytes,   14771488 total
- age   4:     127704 bytes,   14899192 total
- age   5:     180704 bytes,   15079896 total
- age   6:     269752 bytes,   15349648 total
- age   7:     923320 bytes,   16272968 total
- age   8:    6008216 bytes,   22281184 total
: 107202K->21824K(109248K), 0,0276472 secs] 107202K->23194K(502464K), 0,0277434 secs] [Times: user=0,09 sys=0,01, real=0,03 secs] 
Heap after GC invocations=8 (full 1):
 par new generation   total 109248K, used 21824K [0x00000000e0000000, 0x00000000e8000000, 0x00000000e8000000)
  eden space 87424K,   0% used [0x00000000e0000000, 0x00000000e0000000, 0x00000000e5560000)
  from space 21824K, 100% used [0x00000000e5560000, 0x00000000e6ab0000, 0x00000000e6ab0000)
  to   space 21824K,   0% used [0x00000000e6ab0000, 0x00000000e6ab0000, 0x00000000e8000000)
 concurrent mark-sweep generation total 393216K, used 1370K [0x00000000e8000000, 0x0000000100000000, 0x0000000100000000)
 Metaspace       used 28010K, capacity 28570K, committed 28796K, reserved 1075200K
  class space    used 3224K, capacity 3420K, committed 3452K, reserved 1048576K
}
2018-06-19T12:17:26.099+0200: 3,620: Total time for which application threads were stopped: 0,0280612 seconds, Stopping threads took: 0,0000839 seconds
{Heap before GC invocations=8 (full 1):
 par new generation   total 109248K, used 109248K [0x00000000e0000000, 0x00000000e8000000, 0x00000000e8000000)
  eden space 87424K, 100% used [0x00000000e0000000, 0x00000000e5560000, 0x00000000e5560000)
  from space 21824K, 100% used [0x00000000e5560000, 0x00000000e6ab0000, 0x00000000e6ab0000)
  to   space 21824K,   0% used [0x00000000e6ab0000, 0x00000000e6ab0000, 0x00000000e8000000)
 concurrent mark-sweep generation total 393216K, used 1370K [0x00000000e8000000, 0x0000000100000000, 0x0000000100000000)
 Metaspace       used 28046K, capacity 28662K, committed 28796K, reserved 1075200K
  class space    used 3227K, capacity 3425K, committed 3452K, reserved 1048576K
2018-06-19T12:17:26.171+0200: 3,692: [GC (Allocation Failure) 2018-06-19T12:17:26.171+0200: 3,692: [ParNew
Desired survivor size 20112992 bytes, new threshold 8 (max 8)
- age   1:    1390728 bytes,    1390728 total
- age   2:   11634696 bytes,   13025424 total
- age   3:    2307904 bytes,   15333328 total
- age   5:     127704 bytes,   15461032 total
- age   6:     180496 bytes,   15641528 total
- age   7:     269752 bytes,   15911280 total
- age   8:     923360 bytes,   16834640 total
: 109248K->21824K(109248K), 0,0660388 secs] 110618K->29233K(502464K), 0,0661480 secs] [Times: user=0,21 sys=0,00, real=0,07 secs] 
Heap after GC invocations=9 (full 1):
 par new generation   total 109248K, used 21824K [0x00000000e0000000, 0x00000000e8000000, 0x00000000e8000000)
  eden space 87424K,   0% used [0x00000000e0000000, 0x00000000e0000000, 0x00000000e5560000)
  from space 21824K, 100% used [0x00000000e6ab0000, 0x00000000e8000000, 0x00000000e8000000)
  to   space 21824K,   0% used [0x00000000e5560000, 0x00000000e5560000, 0x00000000e6ab0000)
 concurrent mark-sweep generation total 393216K, used 7409K [0x00000000e8000000, 0x0000000100000000, 0x0000000100000000)
 Metaspace       used 28046K, capacity 28662K, committed 28796K, reserved 1075200K
  class space    used 3227K, capacity 3425K, committed 3452K, reserved 1048576K
}
2018-06-19T12:17:26.237+0200: 3,758: Total time for which application threads were stopped: 0,0664337 seconds, Stopping threads took: 0,0000565 seconds
{Heap before GC invocations=9 (full 1):
 par new generation   total 109248K, used 109248K [0x00000000e0000000, 0x00000000e8000000, 0x00000000e8000000)
  eden space 87424K, 100% used [0x00000000e0000000, 0x00000000e5560000, 0x00000000e5560000)
  from space 21824K, 100% used [0x00000000e6ab0000, 0x00000000e8000000, 0x00000000e8000000)
  to   space 21824K,   0% used [0x00000000e5560000, 0x00000000e5560000, 0x00000000e6ab0000)
 concurrent mark-sweep generation total 393216K, used 7409K [0x00000000e8000000, 0x0000000100000000, 0x0000000100000000)
 Metaspace       used 28138K, capacity 28736K, committed 29052K, reserved 1075200K
  class space    used 3228K, capacity 3427K, committed 3452K, reserved 1048576K
2018-06-19T12:17:26.398+0200: 3,919: [GC (Allocation Failure) 2018-06-19T12:17:26.398+0200: 3,919: [ParNew
Desired survivor size 20112992 bytes, new threshold 8 (max 8)
- age   1:     964784 bytes,     964784 total
- age   2:     151752 bytes,    1116536 total
- age   3:   11634696 bytes,   12751232 total
- age   4:    2308016 bytes,   15059248 total
- age   6:     127704 bytes,   15186952 total
- age   7:     180496 bytes,   15367448 total
- age   8:     269752 bytes,   15637200 total
: 109248K->21824K(109248K), 0,0234770 secs] 116657K->30148K(502464K), 0,0235872 secs] [Times: user=0,08 sys=0,00, real=0,02 secs] 
Heap after GC invocations=10 (full 1):
 par new generation   total 109248K, used 21824K [0x00000000e0000000, 0x00000000e8000000, 0x00000000e8000000)
  eden space 87424K,   0% used [0x00000000e0000000, 0x00000000e0000000, 0x00000000e5560000)
  from space 21824K, 100% used [0x00000000e5560000, 0x00000000e6ab0000, 0x00000000e6ab0000)
  to   space 21824K,   0% used [0x00000000e6ab0000, 0x00000000e6ab0000, 0x00000000e8000000)
 concurrent mark-sweep generation total 393216K, used 8324K [0x00000000e8000000, 0x0000000100000000, 0x0000000100000000)
 Metaspace       used 28138K, capacity 28736K, committed 29052K, reserved 1075200K
  class space    used 3228K, capacity 3427K, committed 3452K, reserved 1048576K
}
2018-06-19T12:17:26.422+0200: 3,943: Total time for which application threads were stopped: 0,0238870 seconds, Stopping threads took: 0,0000461 seconds
2018-06-19T12:17:26.534+0200: 4,054: Total time for which application threads were stopped: 0,0006908 seconds, Stopping threads took: 0,0000393 seconds
2018-06-19T12:17:28.534+0200: 6,055: Total time for which application threads were stopped: 0,0000791 seconds, Stopping threads took: 0,0000218 seconds
2018-06-19T12:17:29.863+0200: 7,384: Total time for which application threads were stopped: 0,0001080 seconds, Stopping threads took: 0,0000220 seconds
2018-06-19T12:17:29.867+0200: 7,388: Total time for which application threads were stopped: 0,0002684 seconds, Stopping threads took: 0,0000586 seconds
2018-06-19T12:17:29.907+0200: 7,427: Total time for which application threads were stopped: 0,0011196 seconds, Stopping threads took: 0,0001034 seconds
2018-06-19T12:17:29.932+0200: 7,452: Total time for which application threads were stopped: 0,0000886 seconds, Stopping threads took: 0,0000155 seconds
2018-06-19T12:17:29.932+0200: 7,452: Total time for which application threads were stopped: 0,0000420 seconds, Stopping threads took: 0,0000088 seconds
2018-06-19T12:17:30.028+0200: 7,548: Total time for which application threads were stopped: 0,0001318 seconds, Stopping threads took: 0,0000275 seconds
2018-06-19T12:17:30.035+0200: 7,555: Total time for which application threads were stopped: 0,0002055 seconds, Stopping threads took: 0,0000754 seconds
2018-06-19T12:17:30.083+0200: 7,603: Total time for which application threads were stopped: 0,0001163 seconds, Stopping threads took: 0,0000276 seconds
2018-06-19T12:17:30.089+0200: 7,610: Total time for which application threads were stopped: 0,0001261 seconds, Stopping threads took: 0,0000518 seconds
2018-06-19T12:17:30.116+0200: 7,636: Total time for which application threads were stopped: 0,0001308 seconds, Stopping threads took: 0,0000530 seconds
2018-06-19T12:17:30.207+0200: 7,728: Total time for which application threads were stopped: 0,0001708 seconds, Stopping threads took: 0,0000468 seconds
2018-06-19T12:17:31.208+0200: 8,728: Total time for which application threads were stopped: 0,0000908 seconds, Stopping threads took: 0,0000211 seconds
2018-06-19T12:18:49.777+0200: 87,298: Total time for which application threads were stopped: 0,0006449 seconds, Stopping threads took: 0,0000273 seconds
2018-06-19T12:18:49.778+0200: 87,299: Total time for which application threads were stopped: 0,0005536 seconds, Stopping threads took: 0,0000133 seconds
2018-06-19T12:18:49.789+0200: 87,310: Total time for which application threads were stopped: 0,0001320 seconds, Stopping threads took: 0,0000536 seconds
2018-06-19T12:18:49.828+0200: 87,349: Total time for which application threads were stopped: 0,0069720 seconds, Stopping threads took: 0,0063005 seconds
2018-06-19T12:18:49.835+0200: 87,355: Total time for which application threads were stopped: 0,0006741 seconds, Stopping threads took: 0,0005619 seconds
2018-06-19T12:18:49.838+0200: 87,359: Total time for which application threads were stopped: 0,0006042 seconds, Stopping threads took: 0,0004915 seconds
2018-06-19T12:18:49.840+0200: 87,360: Total time for which application threads were stopped: 0,0001610 seconds, Stopping threads took: 0,0000666 seconds
2018-06-19T12:18:49.840+0200: 87,361: Total time for which application threads were stopped: 0,0001637 seconds, Stopping threads took: 0,0000482 seconds
2018-06-19T12:18:49.869+0200: 87,389: Total time for which application threads were stopped: 0,0001831 seconds, Stopping threads took: 0,0000651 seconds
Heap
 par new generation   total 109248K, used 66768K [0x00000000e0000000, 0x00000000e8000000, 0x00000000e8000000)
  eden space 87424K,  51% used [0x00000000e0000000, 0x00000000e2be4190, 0x00000000e5560000)
  from space 21824K, 100% used [0x00000000e5560000, 0x00000000e6ab0000, 0x00000000e6ab0000)
  to   space 21824K,   0% used [0x00000000e6ab0000, 0x00000000e6ab0000, 0x00000000e8000000)
 concurrent mark-sweep generation total 393216K, used 8324K [0x00000000e8000000, 0x0000000100000000, 0x0000000100000000)
 Metaspace       used 29790K, capacity 30492K, committed 30588K, reserved 1077248K
  class space    used 3439K, capacity 3668K, committed 3708K, reserved 1048576K
