OpenJDK 64-Bit Server VM (25.171-b11) for linux-amd64 JRE (1.8.0_171-8u171-b11-0ubuntu0.16.04.1-b11), built on Apr 27 2018 17:19:03 by "buildd" with gcc 5.4.0 20160609
Memory: 4k page, physical 7867600k(1052896k free), swap 8076284k(8076284k free)
CommandLine flags: -XX:CMSInitiatingOccupancyFraction=50 -XX:CMSMaxAbortablePrecleanTime=6000 -XX:+CMSParallelRemarkEnabled -XX:+CMSScavengeBeforeRemark -XX:ConcGCThreads=4 -XX:InitialHeapSize=536870912 -XX:MaxHeapSize=536870912 -XX:MaxTenuringThreshold=8 -XX:NewRatio=3 -XX:OldPLABSize=16 -XX:OnOutOfMemoryError=/home/gurnoor/workspace/QTM/solr/bin/oom_solr.sh 8983 /home/gurnoor/workspace/QTM/solr/server/logs -XX:ParallelGCThreads=4 -XX:+ParallelRefProcEnabled -XX:PretenureSizeThreshold=67108864 -XX:+PrintGC -XX:+PrintGCApplicationStoppedTime -XX:+PrintGCDateStamps -XX:+PrintGCDetails -XX:+PrintGCTimeStamps -XX:+PrintHeapAtGC -XX:+PrintTenuringDistribution -XX:SurvivorRatio=4 -XX:TargetSurvivorRatio=90 -XX:ThreadStackSize=256 -XX:+UseCMSInitiatingOccupancyOnly -XX:+UseCompressedClassPointers -XX:+UseCompressedOops -XX:+UseConcMarkSweepGC -XX:+UseParNewGC 
2018-06-19T11:58:31.914+0200: 0,168: Total time for which application threads were stopped: 0,0000740 seconds, Stopping threads took: 0,0000149 seconds
2018-06-19T11:58:32.018+0200: 0,273: Total time for which application threads were stopped: 0,0003081 seconds, Stopping threads took: 0,0000541 seconds
2018-06-19T11:58:32.034+0200: 0,288: Total time for which application threads were stopped: 0,0000796 seconds, Stopping threads took: 0,0000102 seconds
2018-06-19T11:58:32.252+0200: 0,506: Total time for which application threads were stopped: 0,0002284 seconds, Stopping threads took: 0,0000352 seconds
2018-06-19T11:58:32.520+0200: 0,775: Total time for which application threads were stopped: 0,0001773 seconds, Stopping threads took: 0,0000199 seconds
2018-06-19T11:58:32.606+0200: 0,860: Total time for which application threads were stopped: 0,0001960 seconds, Stopping threads took: 0,0000300 seconds
2018-06-19T11:58:32.631+0200: 0,886: Total time for which application threads were stopped: 0,0002095 seconds, Stopping threads took: 0,0000267 seconds
2018-06-19T11:58:32.885+0200: 1,139: Total time for which application threads were stopped: 0,0001913 seconds, Stopping threads took: 0,0000210 seconds
2018-06-19T11:58:33.045+0200: 1,299: Total time for which application threads were stopped: 0,0002860 seconds, Stopping threads took: 0,0000289 seconds
2018-06-19T11:58:33.067+0200: 1,322: Total time for which application threads were stopped: 0,0001915 seconds, Stopping threads took: 0,0000181 seconds
2018-06-19T11:58:33.094+0200: 1,349: Total time for which application threads were stopped: 0,0002939 seconds, Stopping threads took: 0,0000274 seconds
2018-06-19T11:58:33.096+0200: 1,350: Total time for which application threads were stopped: 0,0002292 seconds, Stopping threads took: 0,0000256 seconds
2018-06-19T11:58:33.109+0200: 1,364: Total time for which application threads were stopped: 0,0002725 seconds, Stopping threads took: 0,0000314 seconds
2018-06-19T11:58:33.179+0200: 1,434: Total time for which application threads were stopped: 0,0002767 seconds, Stopping threads took: 0,0000300 seconds
2018-06-19T11:58:33.413+0200: 1,668: Total time for which application threads were stopped: 0,0003886 seconds, Stopping threads took: 0,0000569 seconds
{Heap before GC invocations=0 (full 0):
 par new generation   total 109248K, used 87424K [0x00000000e0000000, 0x00000000e8000000, 0x00000000e8000000)
  eden space 87424K, 100% used [0x00000000e0000000, 0x00000000e5560000, 0x00000000e5560000)
  from space 21824K,   0% used [0x00000000e5560000, 0x00000000e5560000, 0x00000000e6ab0000)
  to   space 21824K,   0% used [0x00000000e6ab0000, 0x00000000e6ab0000, 0x00000000e8000000)
 concurrent mark-sweep generation total 393216K, used 0K [0x00000000e8000000, 0x0000000100000000, 0x0000000100000000)
 Metaspace       used 17984K, capacity 18248K, committed 18304K, reserved 1064960K
  class space    used 2032K, capacity 2166K, committed 2176K, reserved 1048576K
2018-06-19T11:58:33.518+0200: 1,772: [GC (Allocation Failure) 2018-06-19T11:58:33.518+0200: 1,772: [ParNew
Desired survivor size 20112992 bytes, new threshold 8 (max 8)
- age   1:   11900744 bytes,   11900744 total
: 87424K->11717K(109248K), 0,0193691 secs] 87424K->11717K(502464K), 0,0194452 secs] [Times: user=0,05 sys=0,00, real=0,02 secs] 
Heap after GC invocations=1 (full 0):
 par new generation   total 109248K, used 11717K [0x00000000e0000000, 0x00000000e8000000, 0x00000000e8000000)
  eden space 87424K,   0% used [0x00000000e0000000, 0x00000000e0000000, 0x00000000e5560000)
  from space 21824K,  53% used [0x00000000e6ab0000, 0x00000000e76217f8, 0x00000000e8000000)
  to   space 21824K,   0% used [0x00000000e5560000, 0x00000000e5560000, 0x00000000e6ab0000)
 concurrent mark-sweep generation total 393216K, used 0K [0x00000000e8000000, 0x0000000100000000, 0x0000000100000000)
 Metaspace       used 17984K, capacity 18248K, committed 18304K, reserved 1064960K
  class space    used 2032K, capacity 2166K, committed 2176K, reserved 1048576K
}
2018-06-19T11:58:33.537+0200: 1,791: Total time for which application threads were stopped: 0,0197517 seconds, Stopping threads took: 0,0000616 seconds
2018-06-19T11:58:33.956+0200: 2,211: Total time for which application threads were stopped: 0,0003982 seconds, Stopping threads took: 0,0000420 seconds
{Heap before GC invocations=1 (full 0):
 par new generation   total 109248K, used 99141K [0x00000000e0000000, 0x00000000e8000000, 0x00000000e8000000)
  eden space 87424K, 100% used [0x00000000e0000000, 0x00000000e5560000, 0x00000000e5560000)
  from space 21824K,  53% used [0x00000000e6ab0000, 0x00000000e76217f8, 0x00000000e8000000)
  to   space 21824K,   0% used [0x00000000e5560000, 0x00000000e5560000, 0x00000000e6ab0000)
 concurrent mark-sweep generation total 393216K, used 0K [0x00000000e8000000, 0x0000000100000000, 0x0000000100000000)
 Metaspace       used 20120K, capacity 20502K, committed 20736K, reserved 1067008K
  class space    used 2300K, capacity 2473K, committed 2560K, reserved 1048576K
2018-06-19T11:58:34.084+0200: 2,338: [GC (Allocation Failure) 2018-06-19T11:58:34.084+0200: 2,339: [ParNew
Desired survivor size 20112992 bytes, new threshold 8 (max 8)
- age   1:    3077696 bytes,    3077696 total
- age   2:    6422976 bytes,    9500672 total
: 99141K->13327K(109248K), 0,0216088 secs] 99141K->13327K(502464K), 0,0217000 secs] [Times: user=0,04 sys=0,02, real=0,02 secs] 
Heap after GC invocations=2 (full 0):
 par new generation   total 109248K, used 13327K [0x00000000e0000000, 0x00000000e8000000, 0x00000000e8000000)
  eden space 87424K,   0% used [0x00000000e0000000, 0x00000000e0000000, 0x00000000e5560000)
  from space 21824K,  61% used [0x00000000e5560000, 0x00000000e6263ee8, 0x00000000e6ab0000)
  to   space 21824K,   0% used [0x00000000e6ab0000, 0x00000000e6ab0000, 0x00000000e8000000)
 concurrent mark-sweep generation total 393216K, used 0K [0x00000000e8000000, 0x0000000100000000, 0x0000000100000000)
 Metaspace       used 20120K, capacity 20502K, committed 20736K, reserved 1067008K
  class space    used 2300K, capacity 2473K, committed 2560K, reserved 1048576K
}
2018-06-19T11:58:34.106+0200: 2,360: Total time for which application threads were stopped: 0,0242563 seconds, Stopping threads took: 0,0023406 seconds
2018-06-19T11:58:34.113+0200: 2,367: Total time for which application threads were stopped: 0,0007428 seconds, Stopping threads took: 0,0000859 seconds
2018-06-19T11:58:34.176+0200: 2,430: Total time for which application threads were stopped: 0,0004702 seconds, Stopping threads took: 0,0000761 seconds
2018-06-19T11:58:34.384+0200: 2,638: Total time for which application threads were stopped: 0,0005674 seconds, Stopping threads took: 0,0002110 seconds
{Heap before GC invocations=2 (full 0):
 par new generation   total 109248K, used 100751K [0x00000000e0000000, 0x00000000e8000000, 0x00000000e8000000)
  eden space 87424K, 100% used [0x00000000e0000000, 0x00000000e5560000, 0x00000000e5560000)
  from space 21824K,  61% used [0x00000000e5560000, 0x00000000e6263ee8, 0x00000000e6ab0000)
  to   space 21824K,   0% used [0x00000000e6ab0000, 0x00000000e6ab0000, 0x00000000e8000000)
 concurrent mark-sweep generation total 393216K, used 0K [0x00000000e8000000, 0x0000000100000000, 0x0000000100000000)
 Metaspace       used 21050K, capacity 21424K, committed 21628K, reserved 1069056K
  class space    used 2424K, capacity 2592K, committed 2684K, reserved 1048576K
2018-06-19T11:58:34.454+0200: 2,708: [GC (Allocation Failure) 2018-06-19T11:58:34.454+0200: 2,708: [ParNew
Desired survivor size 20112992 bytes, new threshold 8 (max 8)
- age   1:    2010464 bytes,    2010464 total
- age   2:     553392 bytes,    2563856 total
- age   3:    6419344 bytes,    8983200 total
: 100751K->13457K(109248K), 0,0311749 secs] 100751K->13457K(502464K), 0,0312834 secs] [Times: user=0,08 sys=0,00, real=0,03 secs] 
Heap after GC invocations=3 (full 0):
 par new generation   total 109248K, used 13457K [0x00000000e0000000, 0x00000000e8000000, 0x00000000e8000000)
  eden space 87424K,   0% used [0x00000000e0000000, 0x00000000e0000000, 0x00000000e5560000)
  from space 21824K,  61% used [0x00000000e6ab0000, 0x00000000e77d4510, 0x00000000e8000000)
  to   space 21824K,   0% used [0x00000000e5560000, 0x00000000e5560000, 0x00000000e6ab0000)
 concurrent mark-sweep generation total 393216K, used 0K [0x00000000e8000000, 0x0000000100000000, 0x0000000100000000)
 Metaspace       used 21050K, capacity 21424K, committed 21628K, reserved 1069056K
  class space    used 2424K, capacity 2592K, committed 2684K, reserved 1048576K
}
2018-06-19T11:58:34.485+0200: 2,739: Total time for which application threads were stopped: 0,0335042 seconds, Stopping threads took: 0,0020476 seconds
2018-06-19T11:58:34.501+0200: 2,755: [GC (CMS Initial Mark) [1 CMS-initial-mark: 0K(393216K)] 18445K(502464K), 0,0072539 secs] [Times: user=0,01 sys=0,00, real=0,01 secs] 
2018-06-19T11:58:34.508+0200: 2,762: Total time for which application threads were stopped: 0,0079813 seconds, Stopping threads took: 0,0006092 seconds
2018-06-19T11:58:34.508+0200: 2,762: [CMS-concurrent-mark-start]
2018-06-19T11:58:34.508+0200: 2,763: [CMS-concurrent-mark: 0,000/0,000 secs] [Times: user=0,00 sys=0,00, real=0,00 secs] 
2018-06-19T11:58:34.509+0200: 2,763: [CMS-concurrent-preclean-start]
2018-06-19T11:58:34.510+0200: 2,764: [CMS-concurrent-preclean: 0,001/0,001 secs] [Times: user=0,00 sys=0,00, real=0,00 secs] 
2018-06-19T11:58:34.510+0200: 2,764: [CMS-concurrent-abortable-preclean-start]
2018-06-19T11:58:34.592+0200: 2,847: Total time for which application threads were stopped: 0,0008651 seconds, Stopping threads took: 0,0001832 seconds
2018-06-19T11:58:34.628+0200: 2,883: Total time for which application threads were stopped: 0,0014378 seconds, Stopping threads took: 0,0011205 seconds
2018-06-19T11:58:34.628+0200: 2,883: [CMS-concurrent-abortable-preclean: 0,114/0,118 secs] [Times: user=0,37 sys=0,00, real=0,12 secs] 
2018-06-19T11:58:34.630+0200: 2,884: [GC (CMS Final Remark) [YG occupancy: 67797 K (109248 K)]{Heap before GC invocations=3 (full 1):
 par new generation   total 109248K, used 67797K [0x00000000e0000000, 0x00000000e8000000, 0x00000000e8000000)
  eden space 87424K,  62% used [0x00000000e0000000, 0x00000000e35111c8, 0x00000000e5560000)
  from space 21824K,  61% used [0x00000000e6ab0000, 0x00000000e77d4510, 0x00000000e8000000)
  to   space 21824K,   0% used [0x00000000e5560000, 0x00000000e5560000, 0x00000000e6ab0000)
 concurrent mark-sweep generation total 393216K, used 0K [0x00000000e8000000, 0x0000000100000000, 0x0000000100000000)
 Metaspace       used 21278K, capacity 21582K, committed 21884K, reserved 1069056K
  class space    used 2450K, capacity 2598K, committed 2684K, reserved 1048576K
2018-06-19T11:58:34.630+0200: 2,884: [GC (CMS Final Remark) 2018-06-19T11:58:34.630+0200: 2,884: [ParNew
Desired survivor size 20112992 bytes, new threshold 8 (max 8)
- age   1:     943928 bytes,     943928 total
- age   2:    1014280 bytes,    1958208 total
- age   3:     521504 bytes,    2479712 total
- age   4:    6152016 bytes,    8631728 total
: 67797K->9731K(109248K), 0,0166043 secs] 67797K->9731K(502464K), 0,0166547 secs] [Times: user=0,06 sys=0,00, real=0,02 secs] 
Heap after GC invocations=4 (full 1):
 par new generation   total 109248K, used 9731K [0x00000000e0000000, 0x00000000e8000000, 0x00000000e8000000)
  eden space 87424K,   0% used [0x00000000e0000000, 0x00000000e0000000, 0x00000000e5560000)
  from space 21824K,  44% used [0x00000000e5560000, 0x00000000e5ee0fa0, 0x00000000e6ab0000)
  to   space 21824K,   0% used [0x00000000e6ab0000, 0x00000000e6ab0000, 0x00000000e8000000)
 concurrent mark-sweep generation total 393216K, used 0K [0x00000000e8000000, 0x0000000100000000, 0x0000000100000000)
 Metaspace       used 21278K, capacity 21582K, committed 21884K, reserved 1069056K
  class space    used 2450K, capacity 2598K, committed 2684K, reserved 1048576K
}
2018-06-19T11:58:34.647+0200: 2,901: [Rescan (parallel) , 0,0029935 secs]2018-06-19T11:58:34.650+0200: 2,904: [weak refs processing, 0,0005847 secs]2018-06-19T11:58:34.650+0200: 2,905: [class unloading, 0,0029403 secs]2018-06-19T11:58:34.653+0200: 2,908: [scrub symbol table, 0,0027199 secs]2018-06-19T11:58:34.656+0200: 2,910: [scrub string table, 0,0003836 secs][1 CMS-remark: 0K(393216K)] 9731K(502464K), 0,0269824 secs] [Times: user=0,08 sys=0,00, real=0,03 secs] 
2018-06-19T11:58:34.657+0200: 2,911: Total time for which application threads were stopped: 0,0285995 seconds, Stopping threads took: 0,0015345 seconds
2018-06-19T11:58:34.663+0200: 2,918: [CMS-concurrent-sweep-start]
2018-06-19T11:58:34.663+0200: 2,918: [CMS-concurrent-sweep: 0,000/0,000 secs] [Times: user=0,00 sys=0,00, real=0,00 secs] 
2018-06-19T11:58:34.663+0200: 2,918: [CMS-concurrent-reset-start]
2018-06-19T11:58:34.667+0200: 2,921: [CMS-concurrent-reset: 0,003/0,003 secs] [Times: user=0,02 sys=0,00, real=0,01 secs] 
{Heap before GC invocations=4 (full 1):
 par new generation   total 109248K, used 97155K [0x00000000e0000000, 0x00000000e8000000, 0x00000000e8000000)
  eden space 87424K, 100% used [0x00000000e0000000, 0x00000000e5560000, 0x00000000e5560000)
  from space 21824K,  44% used [0x00000000e5560000, 0x00000000e5ee0fa0, 0x00000000e6ab0000)
  to   space 21824K,   0% used [0x00000000e6ab0000, 0x00000000e6ab0000, 0x00000000e8000000)
 concurrent mark-sweep generation total 393216K, used 0K [0x00000000e8000000, 0x0000000100000000, 0x0000000100000000)
 Metaspace       used 21459K, capacity 21838K, committed 22140K, reserved 1069056K
  class space    used 2476K, capacity 2635K, committed 2684K, reserved 1048576K
2018-06-19T11:58:34.760+0200: 3,015: [GC (Allocation Failure) 2018-06-19T11:58:34.760+0200: 3,015: [ParNew
Desired survivor size 20112992 bytes, new threshold 8 (max 8)
- age   1:    1459784 bytes,    1459784 total
- age   2:     102952 bytes,    1562736 total
- age   3:    1013648 bytes,    2576384 total
- age   4:     511960 bytes,    3088344 total
- age   5:    6150752 bytes,    9239096 total
: 97155K->12611K(109248K), 0,0107337 secs] 97155K->12611K(502464K), 0,0107968 secs] [Times: user=0,03 sys=0,00, real=0,01 secs] 
Heap after GC invocations=5 (full 1):
 par new generation   total 109248K, used 12611K [0x00000000e0000000, 0x00000000e8000000, 0x00000000e8000000)
  eden space 87424K,   0% used [0x00000000e0000000, 0x00000000e0000000, 0x00000000e5560000)
  from space 21824K,  57% used [0x00000000e6ab0000, 0x00000000e7700fb0, 0x00000000e8000000)
  to   space 21824K,   0% used [0x00000000e5560000, 0x00000000e5560000, 0x00000000e6ab0000)
 concurrent mark-sweep generation total 393216K, used 0K [0x00000000e8000000, 0x0000000100000000, 0x0000000100000000)
 Metaspace       used 21459K, capacity 21838K, committed 22140K, reserved 1069056K
  class space    used 2476K, capacity 2635K, committed 2684K, reserved 1048576K
}
2018-06-19T11:58:34.771+0200: 3,026: Total time for which application threads were stopped: 0,0110742 seconds, Stopping threads took: 0,0001184 seconds
{Heap before GC invocations=5 (full 1):
 par new generation   total 109248K, used 100035K [0x00000000e0000000, 0x00000000e8000000, 0x00000000e8000000)
  eden space 87424K, 100% used [0x00000000e0000000, 0x00000000e5560000, 0x00000000e5560000)
  from space 21824K,  57% used [0x00000000e6ab0000, 0x00000000e7700fb0, 0x00000000e8000000)
  to   space 21824K,   0% used [0x00000000e5560000, 0x00000000e5560000, 0x00000000e6ab0000)
 concurrent mark-sweep generation total 393216K, used 0K [0x00000000e8000000, 0x0000000100000000, 0x0000000100000000)
 Metaspace       used 22340K, capacity 22726K, committed 23036K, reserved 1069056K
  class space    used 2589K, capacity 2736K, committed 2812K, reserved 1048576K
2018-06-19T11:58:34.950+0200: 3,205: [GC (Allocation Failure) 2018-06-19T11:58:34.950+0200: 3,205: [ParNew
Desired survivor size 20112992 bytes, new threshold 8 (max 8)
- age   1:    1657896 bytes,    1657896 total
- age   2:     460800 bytes,    2118696 total
- age   3:     102400 bytes,    2221096 total
- age   4:     236312 bytes,    2457408 total
- age   5:     511896 bytes,    2969304 total
- age   6:    6150840 bytes,    9120144 total
: 100035K->11666K(109248K), 0,0210260 secs] 100035K->11666K(502464K), 0,0211194 secs] [Times: user=0,07 sys=0,00, real=0,02 secs] 
Heap after GC invocations=6 (full 1):
 par new generation   total 109248K, used 11666K [0x00000000e0000000, 0x00000000e8000000, 0x00000000e8000000)
  eden space 87424K,   0% used [0x00000000e0000000, 0x00000000e0000000, 0x00000000e5560000)
  from space 21824K,  53% used [0x00000000e5560000, 0x00000000e60c4a68, 0x00000000e6ab0000)
  to   space 21824K,   0% used [0x00000000e6ab0000, 0x00000000e6ab0000, 0x00000000e8000000)
 concurrent mark-sweep generation total 393216K, used 0K [0x00000000e8000000, 0x0000000100000000, 0x0000000100000000)
 Metaspace       used 22340K, capacity 22726K, committed 23036K, reserved 1069056K
  class space    used 2589K, capacity 2736K, committed 2812K, reserved 1048576K
}
2018-06-19T11:58:34.972+0200: 3,226: Total time for which application threads were stopped: 0,0214059 seconds, Stopping threads took: 0,0000693 seconds
2018-06-19T11:58:35.178+0200: 3,433: Total time for which application threads were stopped: 0,0005765 seconds, Stopping threads took: 0,0000608 seconds
2018-06-19T11:58:35.191+0200: 3,445: Total time for which application threads were stopped: 0,0004088 seconds, Stopping threads took: 0,0000399 seconds
{Heap before GC invocations=6 (full 1):
 par new generation   total 109248K, used 99090K [0x00000000e0000000, 0x00000000e8000000, 0x00000000e8000000)
  eden space 87424K, 100% used [0x00000000e0000000, 0x00000000e5560000, 0x00000000e5560000)
  from space 21824K,  53% used [0x00000000e5560000, 0x00000000e60c4a68, 0x00000000e6ab0000)
  to   space 21824K,   0% used [0x00000000e6ab0000, 0x00000000e6ab0000, 0x00000000e8000000)
 concurrent mark-sweep generation total 393216K, used 0K [0x00000000e8000000, 0x0000000100000000, 0x0000000100000000)
 Metaspace       used 25013K, capacity 25460K, committed 25724K, reserved 1071104K
  class space    used 2912K, capacity 3111K, committed 3196K, reserved 1048576K
2018-06-19T11:58:35.424+0200: 3,678: [GC (Allocation Failure) 2018-06-19T11:58:35.424+0200: 3,678: [ParNew
Desired survivor size 20112992 bytes, new threshold 8 (max 8)
- age   1:    4260240 bytes,    4260240 total
- age   2:     376096 bytes,    4636336 total
- age   3:     455336 bytes,    5091672 total
- age   4:     101904 bytes,    5193576 total
- age   5:     230832 bytes,    5424408 total
- age   6:     490712 bytes,    5915120 total
- age   7:    6144880 bytes,   12060000 total
: 99090K->13908K(109248K), 0,0106849 secs] 99090K->13908K(502464K), 0,0107554 secs] [Times: user=0,04 sys=0,00, real=0,02 secs] 
Heap after GC invocations=7 (full 1):
 par new generation   total 109248K, used 13908K [0x00000000e0000000, 0x00000000e8000000, 0x00000000e8000000)
  eden space 87424K,   0% used [0x00000000e0000000, 0x00000000e0000000, 0x00000000e5560000)
  from space 21824K,  63% used [0x00000000e6ab0000, 0x00000000e7845180, 0x00000000e8000000)
  to   space 21824K,   0% used [0x00000000e5560000, 0x00000000e5560000, 0x00000000e6ab0000)
 concurrent mark-sweep generation total 393216K, used 0K [0x00000000e8000000, 0x0000000100000000, 0x0000000100000000)
 Metaspace       used 25013K, capacity 25460K, committed 25724K, reserved 1071104K
  class space    used 2912K, capacity 3111K, committed 3196K, reserved 1048576K
}
2018-06-19T11:58:35.434+0200: 3,689: Total time for which application threads were stopped: 0,0110439 seconds, Stopping threads took: 0,0000661 seconds
2018-06-19T11:58:35.622+0200: 3,877: Total time for which application threads were stopped: 0,0006205 seconds, Stopping threads took: 0,0000646 seconds
2018-06-19T11:58:35.642+0200: 3,896: Total time for which application threads were stopped: 0,0004180 seconds, Stopping threads took: 0,0000245 seconds
2018-06-19T11:58:35.711+0200: 3,965: Total time for which application threads were stopped: 0,0006178 seconds, Stopping threads took: 0,0000500 seconds
2018-06-19T11:58:35.821+0200: 4,075: Total time for which application threads were stopped: 0,0044553 seconds, Stopping threads took: 0,0038112 seconds
2018-06-19T11:58:35.844+0200: 4,098: Total time for which application threads were stopped: 0,0042049 seconds, Stopping threads took: 0,0040523 seconds
2018-06-19T11:58:35.868+0200: 4,122: Total time for which application threads were stopped: 0,0003344 seconds, Stopping threads took: 0,0001558 seconds
2018-06-19T11:58:35.879+0200: 4,134: Total time for which application threads were stopped: 0,0001659 seconds, Stopping threads took: 0,0000472 seconds
2018-06-19T11:58:35.883+0200: 4,138: Total time for which application threads were stopped: 0,0001772 seconds, Stopping threads took: 0,0000588 seconds
{Heap before GC invocations=7 (full 1):
 par new generation   total 109248K, used 101332K [0x00000000e0000000, 0x00000000e8000000, 0x00000000e8000000)
  eden space 87424K, 100% used [0x00000000e0000000, 0x00000000e5560000, 0x00000000e5560000)
  from space 21824K,  63% used [0x00000000e6ab0000, 0x00000000e7845180, 0x00000000e8000000)
  to   space 21824K,   0% used [0x00000000e5560000, 0x00000000e5560000, 0x00000000e6ab0000)
 concurrent mark-sweep generation total 393216K, used 0K [0x00000000e8000000, 0x0000000100000000, 0x0000000100000000)
 Metaspace       used 28097K, capacity 28698K, committed 28796K, reserved 1075200K
  class space    used 3230K, capacity 3422K, committed 3452K, reserved 1048576K
2018-06-19T11:58:35.957+0200: 4,212: [GC (Allocation Failure) 2018-06-19T11:58:35.957+0200: 4,212: [ParNew
Desired survivor size 20112992 bytes, new threshold 8 (max 8)
- age   1:   12611560 bytes,   12611560 total
- age   2:    1923120 bytes,   14534680 total
- age   3:     375600 bytes,   14910280 total
- age   4:     446440 bytes,   15356720 total
- age   5:     101760 bytes,   15458480 total
- age   6:     230288 bytes,   15688768 total
- age   7:     489688 bytes,   16178456 total
- age   8:    6137488 bytes,   22315944 total
: 101332K->21824K(109248K), 0,0237003 secs] 101332K->23881K(502464K), 0,0238066 secs] [Times: user=0,09 sys=0,00, real=0,02 secs] 
Heap after GC invocations=8 (full 1):
 par new generation   total 109248K, used 21824K [0x00000000e0000000, 0x00000000e8000000, 0x00000000e8000000)
  eden space 87424K,   0% used [0x00000000e0000000, 0x00000000e0000000, 0x00000000e5560000)
  from space 21824K, 100% used [0x00000000e5560000, 0x00000000e6ab0000, 0x00000000e6ab0000)
  to   space 21824K,   0% used [0x00000000e6ab0000, 0x00000000e6ab0000, 0x00000000e8000000)
 concurrent mark-sweep generation total 393216K, used 2057K [0x00000000e8000000, 0x0000000100000000, 0x0000000100000000)
 Metaspace       used 28097K, capacity 28698K, committed 28796K, reserved 1075200K
  class space    used 3230K, capacity 3422K, committed 3452K, reserved 1048576K
}
2018-06-19T11:58:35.981+0200: 4,235: Total time for which application threads were stopped: 0,0240516 seconds, Stopping threads took: 0,0000570 seconds
2018-06-19T11:58:36.113+0200: 4,368: Total time for which application threads were stopped: 0,0001527 seconds, Stopping threads took: 0,0000438 seconds
2018-06-19T11:58:36.126+0200: 4,381: Total time for which application threads were stopped: 0,0001254 seconds, Stopping threads took: 0,0000404 seconds
2018-06-19T11:58:36.147+0200: 4,402: Total time for which application threads were stopped: 0,0001567 seconds, Stopping threads took: 0,0000611 seconds
2018-06-19T11:58:36.149+0200: 4,403: Total time for which application threads were stopped: 0,0001339 seconds, Stopping threads took: 0,0000422 seconds
2018-06-19T11:58:36.149+0200: 4,404: Total time for which application threads were stopped: 0,0000859 seconds, Stopping threads took: 0,0000286 seconds
2018-06-19T11:58:36.149+0200: 4,404: Total time for which application threads were stopped: 0,0000724 seconds, Stopping threads took: 0,0000236 seconds
2018-06-19T11:58:37.150+0200: 5,404: Total time for which application threads were stopped: 0,0000797 seconds, Stopping threads took: 0,0000201 seconds
2018-06-19T11:58:39.552+0200: 7,806: Total time for which application threads were stopped: 0,0005843 seconds, Stopping threads took: 0,0001205 seconds
2018-06-19T11:58:39.560+0200: 7,815: Total time for which application threads were stopped: 0,0000952 seconds, Stopping threads took: 0,0000342 seconds
2018-06-19T11:58:39.563+0200: 7,818: Total time for which application threads were stopped: 0,0001104 seconds, Stopping threads took: 0,0000392 seconds
2018-06-19T11:58:39.564+0200: 7,818: Total time for which application threads were stopped: 0,0000650 seconds, Stopping threads took: 0,0000201 seconds
2018-06-19T11:58:39.564+0200: 7,818: Total time for which application threads were stopped: 0,0000606 seconds, Stopping threads took: 0,0000251 seconds
2018-06-19T11:58:39.606+0200: 7,861: Total time for which application threads were stopped: 0,0004592 seconds, Stopping threads took: 0,0000323 seconds
{Heap before GC invocations=8 (full 1):
 par new generation   total 109248K, used 109248K [0x00000000e0000000, 0x00000000e8000000, 0x00000000e8000000)
  eden space 87424K, 100% used [0x00000000e0000000, 0x00000000e5560000, 0x00000000e5560000)
  from space 21824K, 100% used [0x00000000e5560000, 0x00000000e6ab0000, 0x00000000e6ab0000)
  to   space 21824K,   0% used [0x00000000e6ab0000, 0x00000000e6ab0000, 0x00000000e8000000)
 concurrent mark-sweep generation total 393216K, used 2057K [0x00000000e8000000, 0x0000000100000000, 0x0000000100000000)
 Metaspace       used 28822K, capacity 29484K, committed 29692K, reserved 1075200K
  class space    used 3309K, capacity 3530K, committed 3580K, reserved 1048576K
2018-06-19T11:58:39.629+0200: 7,884: [GC (Allocation Failure) 2018-06-19T11:58:39.629+0200: 7,884: [ParNew
Desired survivor size 20112992 bytes, new threshold 8 (max 8)
- age   1:    3327432 bytes,    3327432 total
- age   2:   11263088 bytes,   14590520 total
- age   3:    1922504 bytes,   16513024 total
- age   4:     375568 bytes,   16888592 total
- age   5:     446304 bytes,   17334896 total
- age   6:     101656 bytes,   17436552 total
- age   7:     230240 bytes,   17666792 total
- age   8:     489192 bytes,   18155984 total
: 109248K->21824K(109248K), 0,0498025 secs] 111305K->30367K(502464K), 0,0500560 secs] [Times: user=0,11 sys=0,00, real=0,05 secs] 
Heap after GC invocations=9 (full 1):
 par new generation   total 109248K, used 21824K [0x00000000e0000000, 0x00000000e8000000, 0x00000000e8000000)
  eden space 87424K,   0% used [0x00000000e0000000, 0x00000000e0000000, 0x00000000e5560000)
  from space 21824K, 100% used [0x00000000e6ab0000, 0x00000000e8000000, 0x00000000e8000000)
  to   space 21824K,   0% used [0x00000000e5560000, 0x00000000e5560000, 0x00000000e6ab0000)
 concurrent mark-sweep generation total 393216K, used 8543K [0x00000000e8000000, 0x0000000100000000, 0x0000000100000000)
 Metaspace       used 28822K, capacity 29484K, committed 29692K, reserved 1075200K
  class space    used 3309K, capacity 3530K, committed 3580K, reserved 1048576K
}
2018-06-19T11:58:39.679+0200: 7,934: Total time for which application threads were stopped: 0,0504937 seconds, Stopping threads took: 0,0000811 seconds
2018-06-19T11:58:39.681+0200: 7,935: Total time for which application threads were stopped: 0,0003219 seconds, Stopping threads took: 0,0001196 seconds
2018-06-19T11:58:39.685+0200: 7,940: Total time for which application threads were stopped: 0,0000747 seconds, Stopping threads took: 0,0000276 seconds
2018-06-19T11:58:39.685+0200: 7,940: Total time for which application threads were stopped: 0,0000403 seconds, Stopping threads took: 0,0000159 seconds
2018-06-19T11:58:39.745+0200: 8,000: Total time for which application threads were stopped: 0,0001181 seconds, Stopping threads took: 0,0000268 seconds
2018-06-19T11:58:39.746+0200: 8,000: Total time for which application threads were stopped: 0,0000896 seconds, Stopping threads took: 0,0000246 seconds
2018-06-19T11:58:58.748+0200: 27,003: Total time for which application threads were stopped: 0,0001387 seconds, Stopping threads took: 0,0000315 seconds
2018-06-19T11:59:08.750+0200: 37,004: Total time for which application threads were stopped: 0,0000998 seconds, Stopping threads took: 0,0000373 seconds
2018-06-19T12:01:27.821+0200: 176,075: Total time for which application threads were stopped: 0,0004503 seconds, Stopping threads took: 0,0000227 seconds
2018-06-19T12:01:27.822+0200: 176,076: Total time for which application threads were stopped: 0,0004209 seconds, Stopping threads took: 0,0000174 seconds
2018-06-19T12:01:27.827+0200: 176,081: Total time for which application threads were stopped: 0,0001027 seconds, Stopping threads took: 0,0000335 seconds
2018-06-19T12:01:27.828+0200: 176,082: Total time for which application threads were stopped: 0,0001115 seconds, Stopping threads took: 0,0000636 seconds
2018-06-19T12:01:27.828+0200: 176,082: Total time for which application threads were stopped: 0,0000718 seconds, Stopping threads took: 0,0000387 seconds
2018-06-19T12:01:27.830+0200: 176,085: Total time for which application threads were stopped: 0,0004722 seconds, Stopping threads took: 0,0003493 seconds
2018-06-19T12:01:27.834+0200: 176,088: Total time for which application threads were stopped: 0,0001384 seconds, Stopping threads took: 0,0000311 seconds
2018-06-19T12:01:27.835+0200: 176,089: Total time for which application threads were stopped: 0,0001033 seconds, Stopping threads took: 0,0000371 seconds
2018-06-19T12:01:27.836+0200: 176,090: Total time for which application threads were stopped: 0,0001185 seconds, Stopping threads took: 0,0000514 seconds
2018-06-19T12:01:27.836+0200: 176,091: Total time for which application threads were stopped: 0,0000714 seconds, Stopping threads took: 0,0000272 seconds
2018-06-19T12:01:27.836+0200: 176,091: Total time for which application threads were stopped: 0,0000577 seconds, Stopping threads took: 0,0000239 seconds
2018-06-19T12:01:27.837+0200: 176,091: Total time for which application threads were stopped: 0,0000475 seconds, Stopping threads took: 0,0000185 seconds
2018-06-19T12:01:27.837+0200: 176,091: Total time for which application threads were stopped: 0,0000434 seconds, Stopping threads took: 0,0000128 seconds
2018-06-19T12:01:27.837+0200: 176,091: Total time for which application threads were stopped: 0,0000386 seconds, Stopping threads took: 0,0000099 seconds
2018-06-19T12:01:27.837+0200: 176,091: Total time for which application threads were stopped: 0,0000557 seconds, Stopping threads took: 0,0000082 seconds
2018-06-19T12:01:27.837+0200: 176,091: Total time for which application threads were stopped: 0,0000532 seconds, Stopping threads took: 0,0000165 seconds
2018-06-19T12:01:27.837+0200: 176,091: Total time for which application threads were stopped: 0,0000499 seconds, Stopping threads took: 0,0000229 seconds
2018-06-19T12:01:27.837+0200: 176,091: Total time for which application threads were stopped: 0,0000466 seconds, Stopping threads took: 0,0000180 seconds
2018-06-19T12:01:27.837+0200: 176,091: Total time for which application threads were stopped: 0,0000380 seconds, Stopping threads took: 0,0000126 seconds
2018-06-19T12:01:27.837+0200: 176,092: Total time for which application threads were stopped: 0,0000460 seconds, Stopping threads took: 0,0000203 seconds
2018-06-19T12:01:27.844+0200: 176,099: Total time for which application threads were stopped: 0,0001710 seconds, Stopping threads took: 0,0000851 seconds
2018-06-19T12:01:27.846+0200: 176,100: Total time for which application threads were stopped: 0,0001108 seconds, Stopping threads took: 0,0000410 seconds
2018-06-19T12:01:27.847+0200: 176,101: Total time for which application threads were stopped: 0,0001241 seconds, Stopping threads took: 0,0000367 seconds
2018-06-19T12:01:27.847+0200: 176,101: Total time for which application threads were stopped: 0,0000693 seconds, Stopping threads took: 0,0000271 seconds
2018-06-19T12:01:27.847+0200: 176,101: Total time for which application threads were stopped: 0,0000791 seconds, Stopping threads took: 0,0000258 seconds
2018-06-19T12:01:27.858+0200: 176,113: Total time for which application threads were stopped: 0,0001226 seconds, Stopping threads took: 0,0000534 seconds
2018-06-19T12:01:27.859+0200: 176,113: Total time for which application threads were stopped: 0,0000707 seconds, Stopping threads took: 0,0000336 seconds
2018-06-19T12:01:27.859+0200: 176,114: Total time for which application threads were stopped: 0,0001731 seconds, Stopping threads took: 0,0001314 seconds
2018-06-19T12:01:27.864+0200: 176,119: Total time for which application threads were stopped: 0,0001172 seconds, Stopping threads took: 0,0000497 seconds
2018-06-19T12:01:27.865+0200: 176,119: Total time for which application threads were stopped: 0,0001038 seconds, Stopping threads took: 0,0000578 seconds
2018-06-19T12:01:27.865+0200: 176,119: Total time for which application threads were stopped: 0,0002341 seconds, Stopping threads took: 0,0001777 seconds
2018-06-19T12:01:27.865+0200: 176,120: Total time for which application threads were stopped: 0,0002279 seconds, Stopping threads took: 0,0001871 seconds
2018-06-19T12:01:27.866+0200: 176,120: Total time for which application threads were stopped: 0,0000889 seconds, Stopping threads took: 0,0000434 seconds
2018-06-19T12:01:27.866+0200: 176,120: Total time for which application threads were stopped: 0,0000402 seconds, Stopping threads took: 0,0000090 seconds
2018-06-19T12:01:27.866+0200: 176,120: Total time for which application threads were stopped: 0,0000287 seconds, Stopping threads took: 0,0000073 seconds
2018-06-19T12:01:27.866+0200: 176,120: Total time for which application threads were stopped: 0,0000289 seconds, Stopping threads took: 0,0000069 seconds
2018-06-19T12:01:27.866+0200: 176,120: Total time for which application threads were stopped: 0,0000533 seconds, Stopping threads took: 0,0000284 seconds
2018-06-19T12:01:27.868+0200: 176,122: Total time for which application threads were stopped: 0,0001712 seconds, Stopping threads took: 0,0000918 seconds
2018-06-19T12:01:27.868+0200: 176,123: Total time for which application threads were stopped: 0,0000840 seconds, Stopping threads took: 0,0000561 seconds
2018-06-19T12:01:27.868+0200: 176,123: Total time for which application threads were stopped: 0,0000850 seconds, Stopping threads took: 0,0000479 seconds
2018-06-19T12:01:27.869+0200: 176,123: Total time for which application threads were stopped: 0,0000548 seconds, Stopping threads took: 0,0000259 seconds
2018-06-19T12:01:27.869+0200: 176,124: Total time for which application threads were stopped: 0,0001351 seconds, Stopping threads took: 0,0000670 seconds
2018-06-19T12:01:27.869+0200: 176,124: Total time for which application threads were stopped: 0,0000567 seconds, Stopping threads took: 0,0000211 seconds
2018-06-19T12:01:27.870+0200: 176,124: Total time for which application threads were stopped: 0,0000985 seconds, Stopping threads took: 0,0000609 seconds
2018-06-19T12:01:27.870+0200: 176,124: Total time for which application threads were stopped: 0,0001293 seconds, Stopping threads took: 0,0000357 seconds
2018-06-19T12:01:27.871+0200: 176,125: Total time for which application threads were stopped: 0,0001045 seconds, Stopping threads took: 0,0000336 seconds
2018-06-19T12:01:27.871+0200: 176,126: Total time for which application threads were stopped: 0,0000934 seconds, Stopping threads took: 0,0000447 seconds
2018-06-19T12:01:27.872+0200: 176,126: Total time for which application threads were stopped: 0,0000781 seconds, Stopping threads took: 0,0000179 seconds
Heap
 par new generation   total 109248K, used 45701K [0x00000000e0000000, 0x00000000e8000000, 0x00000000e8000000)
  eden space 87424K,  27% used [0x00000000e0000000, 0x00000000e1751718, 0x00000000e5560000)
  from space 21824K, 100% used [0x00000000e6ab0000, 0x00000000e8000000, 0x00000000e8000000)
  to   space 21824K,   0% used [0x00000000e5560000, 0x00000000e5560000, 0x00000000e6ab0000)
 concurrent mark-sweep generation total 393216K, used 8543K [0x00000000e8000000, 0x0000000100000000, 0x0000000100000000)
 Metaspace       used 29221K, capacity 29844K, committed 29948K, reserved 1075200K
  class space    used 3373K, capacity 3564K, committed 3580K, reserved 1048576K
