OpenJDK 64-Bit Server VM (25.171-b11) for linux-amd64 JRE (1.8.0_171-8u171-b11-0ubuntu0.16.04.1-b11), built on Apr 27 2018 17:19:03 by "buildd" with gcc 5.4.0 20160609
Memory: 4k page, physical 7867600k(877504k free), swap 8076284k(8076284k free)
CommandLine flags: -XX:CMSInitiatingOccupancyFraction=50 -XX:CMSMaxAbortablePrecleanTime=6000 -XX:+CMSParallelRemarkEnabled -XX:+CMSScavengeBeforeRemark -XX:ConcGCThreads=4 -XX:InitialHeapSize=536870912 -XX:MaxHeapSize=536870912 -XX:MaxTenuringThreshold=8 -XX:NewRatio=3 -XX:OldPLABSize=16 -XX:OnOutOfMemoryError=/home/gurnoor/workspace/QTM/solr/bin/oom_solr.sh 8983 /home/gurnoor/workspace/QTM/solr/server/logs -XX:ParallelGCThreads=4 -XX:+ParallelRefProcEnabled -XX:PretenureSizeThreshold=67108864 -XX:+PrintGC -XX:+PrintGCApplicationStoppedTime -XX:+PrintGCDateStamps -XX:+PrintGCDetails -XX:+PrintGCTimeStamps -XX:+PrintHeapAtGC -XX:+PrintTenuringDistribution -XX:SurvivorRatio=4 -XX:TargetSurvivorRatio=90 -XX:ThreadStackSize=256 -XX:+UseCMSInitiatingOccupancyOnly -XX:+UseCompressedClassPointers -XX:+UseCompressedOops -XX:+UseConcMarkSweepGC -XX:+UseParNewGC 
2018-06-19T12:19:26.681+0200: 0,195: Total time for which application threads were stopped: 0,0000896 seconds, Stopping threads took: 0,0000201 seconds
2018-06-19T12:19:26.795+0200: 0,308: Total time for which application threads were stopped: 0,0001670 seconds, Stopping threads took: 0,0000495 seconds
2018-06-19T12:19:26.817+0200: 0,331: Total time for which application threads were stopped: 0,0001010 seconds, Stopping threads took: 0,0000219 seconds
2018-06-19T12:19:27.006+0200: 0,520: Total time for which application threads were stopped: 0,0001698 seconds, Stopping threads took: 0,0000179 seconds
2018-06-19T12:19:27.191+0200: 0,705: Total time for which application threads were stopped: 0,0001395 seconds, Stopping threads took: 0,0000155 seconds
2018-06-19T12:19:27.240+0200: 0,753: Total time for which application threads were stopped: 0,0001542 seconds, Stopping threads took: 0,0000183 seconds
2018-06-19T12:19:27.254+0200: 0,767: Total time for which application threads were stopped: 0,0001930 seconds, Stopping threads took: 0,0000245 seconds
2018-06-19T12:19:27.514+0200: 1,027: Total time for which application threads were stopped: 0,0002025 seconds, Stopping threads took: 0,0000186 seconds
2018-06-19T12:19:27.790+0200: 1,303: Total time for which application threads were stopped: 0,0003295 seconds, Stopping threads took: 0,0000475 seconds
2018-06-19T12:19:27.827+0200: 1,341: Total time for which application threads were stopped: 0,0002855 seconds, Stopping threads took: 0,0000478 seconds
2018-06-19T12:19:27.896+0200: 1,410: Total time for which application threads were stopped: 0,0002628 seconds, Stopping threads took: 0,0000295 seconds
2018-06-19T12:19:27.898+0200: 1,411: Total time for which application threads were stopped: 0,0002232 seconds, Stopping threads took: 0,0000194 seconds
2018-06-19T12:19:27.924+0200: 1,437: Total time for which application threads were stopped: 0,0005299 seconds, Stopping threads took: 0,0000419 seconds
2018-06-19T12:19:28.037+0200: 1,551: Total time for which application threads were stopped: 0,0002541 seconds, Stopping threads took: 0,0000243 seconds
2018-06-19T12:19:28.347+0200: 1,861: Total time for which application threads were stopped: 0,0004823 seconds, Stopping threads took: 0,0002011 seconds
{Heap before GC invocations=0 (full 0):
 par new generation   total 109248K, used 87424K [0x00000000e0000000, 0x00000000e8000000, 0x00000000e8000000)
  eden space 87424K, 100% used [0x00000000e0000000, 0x00000000e5560000, 0x00000000e5560000)
  from space 21824K,   0% used [0x00000000e5560000, 0x00000000e5560000, 0x00000000e6ab0000)
  to   space 21824K,   0% used [0x00000000e6ab0000, 0x00000000e6ab0000, 0x00000000e8000000)
 concurrent mark-sweep generation total 393216K, used 0K [0x00000000e8000000, 0x0000000100000000, 0x0000000100000000)
 Metaspace       used 17767K, capacity 18120K, committed 18304K, reserved 1064960K
  class space    used 2020K, capacity 2166K, committed 2176K, reserved 1048576K
2018-06-19T12:19:28.386+0200: 1,899: [GC (Allocation Failure) 2018-06-19T12:19:28.386+0200: 1,899: [ParNew
Desired survivor size 20112992 bytes, new threshold 8 (max 8)
- age   1:   11236504 bytes,   11236504 total
: 87424K->11078K(109248K), 0,0284623 secs] 87424K->11078K(502464K), 0,0285403 secs] [Times: user=0,05 sys=0,01, real=0,03 secs] 
Heap after GC invocations=1 (full 0):
 par new generation   total 109248K, used 11078K [0x00000000e0000000, 0x00000000e8000000, 0x00000000e8000000)
  eden space 87424K,   0% used [0x00000000e0000000, 0x00000000e0000000, 0x00000000e5560000)
  from space 21824K,  50% used [0x00000000e6ab0000, 0x00000000e7581af0, 0x00000000e8000000)
  to   space 21824K,   0% used [0x00000000e5560000, 0x00000000e5560000, 0x00000000e6ab0000)
 concurrent mark-sweep generation total 393216K, used 0K [0x00000000e8000000, 0x0000000100000000, 0x0000000100000000)
 Metaspace       used 17767K, capacity 18120K, committed 18304K, reserved 1064960K
  class space    used 2020K, capacity 2166K, committed 2176K, reserved 1048576K
}
2018-06-19T12:19:28.414+0200: 1,928: Total time for which application threads were stopped: 0,0295690 seconds, Stopping threads took: 0,0007989 seconds
2018-06-19T12:19:28.757+0200: 2,271: Total time for which application threads were stopped: 0,0004139 seconds, Stopping threads took: 0,0000660 seconds
{Heap before GC invocations=1 (full 0):
 par new generation   total 109248K, used 98498K [0x00000000e0000000, 0x00000000e8000000, 0x00000000e8000000)
  eden space 87424K,  99% used [0x00000000e0000000, 0x00000000e555ee18, 0x00000000e5560000)
  from space 21824K,  50% used [0x00000000e6ab0000, 0x00000000e7581af0, 0x00000000e8000000)
  to   space 21824K,   0% used [0x00000000e5560000, 0x00000000e5560000, 0x00000000e6ab0000)
 concurrent mark-sweep generation total 393216K, used 0K [0x00000000e8000000, 0x0000000100000000, 0x0000000100000000)
 Metaspace       used 20077K, capacity 20438K, committed 20736K, reserved 1067008K
  class space    used 2298K, capacity 2473K, committed 2560K, reserved 1048576K
2018-06-19T12:19:28.827+0200: 2,341: [GC (Allocation Failure) 2018-06-19T12:19:28.827+0200: 2,341: [ParNew
Desired survivor size 20112992 bytes, new threshold 8 (max 8)
- age   1:    3559568 bytes,    3559568 total
- age   2:    5742560 bytes,    9302128 total
: 98498K->14092K(109248K), 0,0157060 secs] 98498K->14092K(502464K), 0,0157900 secs] [Times: user=0,05 sys=0,00, real=0,01 secs] 
Heap after GC invocations=2 (full 0):
 par new generation   total 109248K, used 14092K [0x00000000e0000000, 0x00000000e8000000, 0x00000000e8000000)
  eden space 87424K,   0% used [0x00000000e0000000, 0x00000000e0000000, 0x00000000e5560000)
  from space 21824K,  64% used [0x00000000e5560000, 0x00000000e63233c0, 0x00000000e6ab0000)
  to   space 21824K,   0% used [0x00000000e6ab0000, 0x00000000e6ab0000, 0x00000000e8000000)
 concurrent mark-sweep generation total 393216K, used 0K [0x00000000e8000000, 0x0000000100000000, 0x0000000100000000)
 Metaspace       used 20077K, capacity 20438K, committed 20736K, reserved 1067008K
  class space    used 2298K, capacity 2473K, committed 2560K, reserved 1048576K
}
2018-06-19T12:19:28.843+0200: 2,357: Total time for which application threads were stopped: 0,0160702 seconds, Stopping threads took: 0,0001032 seconds
2018-06-19T12:19:28.849+0200: 2,363: Total time for which application threads were stopped: 0,0004273 seconds, Stopping threads took: 0,0000847 seconds
2018-06-19T12:19:28.885+0200: 2,398: Total time for which application threads were stopped: 0,0007503 seconds, Stopping threads took: 0,0004555 seconds
2018-06-19T12:19:29.040+0200: 2,553: Total time for which application threads were stopped: 0,0003150 seconds, Stopping threads took: 0,0000798 seconds
{Heap before GC invocations=2 (full 0):
 par new generation   total 109248K, used 101516K [0x00000000e0000000, 0x00000000e8000000, 0x00000000e8000000)
  eden space 87424K, 100% used [0x00000000e0000000, 0x00000000e5560000, 0x00000000e5560000)
  from space 21824K,  64% used [0x00000000e5560000, 0x00000000e63233c0, 0x00000000e6ab0000)
  to   space 21824K,   0% used [0x00000000e6ab0000, 0x00000000e6ab0000, 0x00000000e8000000)
 concurrent mark-sweep generation total 393216K, used 0K [0x00000000e8000000, 0x0000000100000000, 0x0000000100000000)
 Metaspace       used 21013K, capacity 21360K, committed 21628K, reserved 1069056K
  class space    used 2423K, capacity 2592K, committed 2684K, reserved 1048576K
2018-06-19T12:19:29.088+0200: 2,601: [GC (Allocation Failure) 2018-06-19T12:19:29.088+0200: 2,601: [ParNew
Desired survivor size 20112992 bytes, new threshold 8 (max 8)
- age   1:    1948864 bytes,    1948864 total
- age   2:    1223888 bytes,    3172752 total
- age   3:    5740640 bytes,    8913392 total
: 101516K->10081K(109248K), 0,0170178 secs] 101516K->10081K(502464K), 0,0171194 secs] [Times: user=0,06 sys=0,00, real=0,02 secs] 
Heap after GC invocations=3 (full 0):
 par new generation   total 109248K, used 10081K [0x00000000e0000000, 0x00000000e8000000, 0x00000000e8000000)
  eden space 87424K,   0% used [0x00000000e0000000, 0x00000000e0000000, 0x00000000e5560000)
  from space 21824K,  46% used [0x00000000e6ab0000, 0x00000000e74885f0, 0x00000000e8000000)
  to   space 21824K,   0% used [0x00000000e5560000, 0x00000000e5560000, 0x00000000e6ab0000)
 concurrent mark-sweep generation total 393216K, used 0K [0x00000000e8000000, 0x0000000100000000, 0x0000000100000000)
 Metaspace       used 21013K, capacity 21360K, committed 21628K, reserved 1069056K
  class space    used 2423K, capacity 2592K, committed 2684K, reserved 1048576K
}
2018-06-19T12:19:29.105+0200: 2,618: Total time for which application threads were stopped: 0,0173753 seconds, Stopping threads took: 0,0000644 seconds
2018-06-19T12:19:29.108+0200: 2,622: [GC (CMS Initial Mark) [1 CMS-initial-mark: 0K(393216K)] 14191K(502464K), 0,0043349 secs] [Times: user=0,02 sys=0,00, real=0,01 secs] 
2018-06-19T12:19:29.113+0200: 2,626: Total time for which application threads were stopped: 0,0045458 seconds, Stopping threads took: 0,0000801 seconds
2018-06-19T12:19:29.113+0200: 2,626: [CMS-concurrent-mark-start]
2018-06-19T12:19:29.113+0200: 2,627: [CMS-concurrent-mark: 0,001/0,001 secs] [Times: user=0,00 sys=0,00, real=0,00 secs] 
2018-06-19T12:19:29.113+0200: 2,627: [CMS-concurrent-preclean-start]
2018-06-19T12:19:29.114+0200: 2,628: [CMS-concurrent-preclean: 0,001/0,001 secs] [Times: user=0,01 sys=0,00, real=0,00 secs] 
2018-06-19T12:19:29.114+0200: 2,628: [CMS-concurrent-abortable-preclean-start]
2018-06-19T12:19:29.194+0200: 2,708: Total time for which application threads were stopped: 0,0001885 seconds, Stopping threads took: 0,0000760 seconds
2018-06-19T12:19:29.194+0200: 2,708: [CMS-concurrent-abortable-preclean: 0,066/0,080 secs] [Times: user=0,30 sys=0,01, real=0,08 secs] 
2018-06-19T12:19:29.196+0200: 2,709: [GC (CMS Final Remark) [YG occupancy: 73262 K (109248 K)]{Heap before GC invocations=3 (full 1):
 par new generation   total 109248K, used 73262K [0x00000000e0000000, 0x00000000e8000000, 0x00000000e8000000)
  eden space 87424K,  72% used [0x00000000e0000000, 0x00000000e3db3310, 0x00000000e5560000)
  from space 21824K,  46% used [0x00000000e6ab0000, 0x00000000e74885f0, 0x00000000e8000000)
  to   space 21824K,   0% used [0x00000000e5560000, 0x00000000e5560000, 0x00000000e6ab0000)
 concurrent mark-sweep generation total 393216K, used 0K [0x00000000e8000000, 0x0000000100000000, 0x0000000100000000)
 Metaspace       used 21211K, capacity 21577K, committed 21884K, reserved 1069056K
  class space    used 2443K, capacity 2597K, committed 2684K, reserved 1048576K
2018-06-19T12:19:29.196+0200: 2,709: [GC (CMS Final Remark) 2018-06-19T12:19:29.196+0200: 2,709: [ParNew
Desired survivor size 20112992 bytes, new threshold 8 (max 8)
- age   1:    1478296 bytes,    1478296 total
- age   2:    1458248 bytes,    2936544 total
- age   3:    1222200 bytes,    4158744 total
- age   4:    5740720 bytes,    9899464 total
: 73262K->13188K(109248K), 0,0099113 secs] 73262K->13188K(502464K), 0,0099545 secs] [Times: user=0,03 sys=0,00, real=0,01 secs] 
Heap after GC invocations=4 (full 1):
 par new generation   total 109248K, used 13188K [0x00000000e0000000, 0x00000000e8000000, 0x00000000e8000000)
  eden space 87424K,   0% used [0x00000000e0000000, 0x00000000e0000000, 0x00000000e5560000)
  from space 21824K,  60% used [0x00000000e5560000, 0x00000000e6241348, 0x00000000e6ab0000)
  to   space 21824K,   0% used [0x00000000e6ab0000, 0x00000000e6ab0000, 0x00000000e8000000)
 concurrent mark-sweep generation total 393216K, used 0K [0x00000000e8000000, 0x0000000100000000, 0x0000000100000000)
 Metaspace       used 21211K, capacity 21577K, committed 21884K, reserved 1069056K
  class space    used 2443K, capacity 2597K, committed 2684K, reserved 1048576K
}
2018-06-19T12:19:29.206+0200: 2,719: [Rescan (parallel) , 0,0031494 secs]2018-06-19T12:19:29.209+0200: 2,723: [weak refs processing, 0,0004832 secs]2018-06-19T12:19:29.210+0200: 2,723: [class unloading, 0,0029848 secs]2018-06-19T12:19:29.213+0200: 2,726: [scrub symbol table, 0,0039014 secs]2018-06-19T12:19:29.217+0200: 2,730: [scrub string table, 0,0004289 secs][1 CMS-remark: 0K(393216K)] 13188K(502464K), 0,0215535 secs] [Times: user=0,06 sys=0,00, real=0,02 secs] 
2018-06-19T12:19:29.218+0200: 2,731: Total time for which application threads were stopped: 0,0231471 seconds, Stopping threads took: 0,0014991 seconds
2018-06-19T12:19:29.218+0200: 2,731: [CMS-concurrent-sweep-start]
2018-06-19T12:19:29.218+0200: 2,731: [CMS-concurrent-sweep: 0,000/0,000 secs] [Times: user=0,00 sys=0,00, real=0,00 secs] 
2018-06-19T12:19:29.218+0200: 2,731: [CMS-concurrent-reset-start]
2018-06-19T12:19:29.226+0200: 2,739: [CMS-concurrent-reset: 0,008/0,008 secs] [Times: user=0,02 sys=0,01, real=0,01 secs] 
2018-06-19T12:19:29.319+0200: 2,833: Total time for which application threads were stopped: 0,0001524 seconds, Stopping threads took: 0,0000515 seconds
{Heap before GC invocations=4 (full 1):
 par new generation   total 109248K, used 100628K [0x00000000e0000000, 0x00000000e8000000, 0x00000000e8000000)
  eden space 87424K, 100% used [0x00000000e0000000, 0x00000000e5560000, 0x00000000e5560000)
  from space 21824K,  60% used [0x00000000e5560000, 0x00000000e6245358, 0x00000000e6ab0000)
  to   space 21824K,   0% used [0x00000000e6ab0000, 0x00000000e6ab0000, 0x00000000e8000000)
 concurrent mark-sweep generation total 393216K, used 0K [0x00000000e8000000, 0x0000000100000000, 0x0000000100000000)
 Metaspace       used 21321K, capacity 21721K, committed 21884K, reserved 1069056K
  class space    used 2462K, capacity 2638K, committed 2684K, reserved 1048576K
2018-06-19T12:19:29.322+0200: 2,836: [GC (GCLocker Initiated GC) 2018-06-19T12:19:29.322+0200: 2,836: [ParNew
Desired survivor size 20112992 bytes, new threshold 8 (max 8)
- age   1:     545808 bytes,     545808 total
- age   2:     108896 bytes,     654704 total
- age   3:    1457712 bytes,    2112416 total
- age   4:    1218264 bytes,    3330680 total
- age   5:    5740840 bytes,    9071520 total
: 100628K->11018K(109248K), 0,0089879 secs] 100628K->11018K(502464K), 0,0090606 secs] [Times: user=0,03 sys=0,00, real=0,01 secs] 
Heap after GC invocations=5 (full 1):
 par new generation   total 109248K, used 11018K [0x00000000e0000000, 0x00000000e8000000, 0x00000000e8000000)
  eden space 87424K,   0% used [0x00000000e0000000, 0x00000000e0000000, 0x00000000e5560000)
  from space 21824K,  50% used [0x00000000e6ab0000, 0x00000000e7572ac0, 0x00000000e8000000)
  to   space 21824K,   0% used [0x00000000e5560000, 0x00000000e5560000, 0x00000000e6ab0000)
 concurrent mark-sweep generation total 393216K, used 0K [0x00000000e8000000, 0x0000000100000000, 0x0000000100000000)
 Metaspace       used 21321K, capacity 21721K, committed 21884K, reserved 1069056K
  class space    used 2462K, capacity 2638K, committed 2684K, reserved 1048576K
}
2018-06-19T12:19:29.331+0200: 2,845: Total time for which application threads were stopped: 0,0119619 seconds, Stopping threads took: 0,0027650 seconds
2018-06-19T12:19:29.415+0200: 2,928: Total time for which application threads were stopped: 0,0004387 seconds, Stopping threads took: 0,0000331 seconds
2018-06-19T12:19:29.782+0200: 3,295: Total time for which application threads were stopped: 0,0016366 seconds, Stopping threads took: 0,0010170 seconds
2018-06-19T12:19:29.811+0200: 3,324: Total time for which application threads were stopped: 0,0009608 seconds, Stopping threads took: 0,0000677 seconds
{Heap before GC invocations=5 (full 1):
 par new generation   total 109248K, used 98442K [0x00000000e0000000, 0x00000000e8000000, 0x00000000e8000000)
  eden space 87424K, 100% used [0x00000000e0000000, 0x00000000e5560000, 0x00000000e5560000)
  from space 21824K,  50% used [0x00000000e6ab0000, 0x00000000e7572ac0, 0x00000000e8000000)
  to   space 21824K,   0% used [0x00000000e5560000, 0x00000000e5560000, 0x00000000e6ab0000)
 concurrent mark-sweep generation total 393216K, used 0K [0x00000000e8000000, 0x0000000100000000, 0x0000000100000000)
 Metaspace       used 24825K, capacity 25229K, committed 25468K, reserved 1071104K
  class space    used 2903K, capacity 3080K, committed 3196K, reserved 1048576K
2018-06-19T12:19:30.133+0200: 3,646: [GC (Allocation Failure) 2018-06-19T12:19:30.133+0200: 3,646: [ParNew
Desired survivor size 20112992 bytes, new threshold 8 (max 8)
- age   1:    5028896 bytes,    5028896 total
- age   2:     151216 bytes,    5180112 total
- age   3:     107712 bytes,    5287824 total
- age   4:     285232 bytes,    5573056 total
- age   5:    1197848 bytes,    6770904 total
- age   6:    5734696 bytes,   12505600 total
: 98442K->18048K(109248K), 0,0249108 secs] 98442K->18048K(502464K), 0,0250148 secs] [Times: user=0,06 sys=0,00, real=0,02 secs] 
Heap after GC invocations=6 (full 1):
 par new generation   total 109248K, used 18048K [0x00000000e0000000, 0x00000000e8000000, 0x00000000e8000000)
  eden space 87424K,   0% used [0x00000000e0000000, 0x00000000e0000000, 0x00000000e5560000)
  from space 21824K,  82% used [0x00000000e5560000, 0x00000000e6700060, 0x00000000e6ab0000)
  to   space 21824K,   0% used [0x00000000e6ab0000, 0x00000000e6ab0000, 0x00000000e8000000)
 concurrent mark-sweep generation total 393216K, used 0K [0x00000000e8000000, 0x0000000100000000, 0x0000000100000000)
 Metaspace       used 24825K, capacity 25229K, committed 25468K, reserved 1071104K
  class space    used 2903K, capacity 3080K, committed 3196K, reserved 1048576K
}
2018-06-19T12:19:30.158+0200: 3,671: Total time for which application threads were stopped: 0,0253330 seconds, Stopping threads took: 0,0000304 seconds
2018-06-19T12:19:30.463+0200: 3,976: Total time for which application threads were stopped: 0,0005581 seconds, Stopping threads took: 0,0000262 seconds
2018-06-19T12:19:30.486+0200: 4,000: Total time for which application threads were stopped: 0,0005713 seconds, Stopping threads took: 0,0000496 seconds
2018-06-19T12:19:30.544+0200: 4,057: Total time for which application threads were stopped: 0,0005865 seconds, Stopping threads took: 0,0000746 seconds
2018-06-19T12:19:30.576+0200: 4,089: Total time for which application threads were stopped: 0,0005997 seconds, Stopping threads took: 0,0002960 seconds
2018-06-19T12:19:30.577+0200: 4,091: Total time for which application threads were stopped: 0,0002799 seconds, Stopping threads took: 0,0001718 seconds
2018-06-19T12:19:30.578+0200: 4,091: Total time for which application threads were stopped: 0,0000836 seconds, Stopping threads took: 0,0000153 seconds
2018-06-19T12:19:30.580+0200: 4,093: Total time for which application threads were stopped: 0,0001454 seconds, Stopping threads took: 0,0000449 seconds
2018-06-19T12:19:30.582+0200: 4,095: Total time for which application threads were stopped: 0,0001375 seconds, Stopping threads took: 0,0000596 seconds
2018-06-19T12:19:30.582+0200: 4,096: Total time for which application threads were stopped: 0,0001095 seconds, Stopping threads took: 0,0000373 seconds
2018-06-19T12:19:30.584+0200: 4,097: Total time for which application threads were stopped: 0,0003731 seconds, Stopping threads took: 0,0002647 seconds
2018-06-19T12:19:30.586+0200: 4,099: Total time for which application threads were stopped: 0,0001527 seconds, Stopping threads took: 0,0000528 seconds
2018-06-19T12:19:30.587+0200: 4,100: Total time for which application threads were stopped: 0,0001454 seconds, Stopping threads took: 0,0000564 seconds
2018-06-19T12:19:30.590+0200: 4,103: Total time for which application threads were stopped: 0,0030587 seconds, Stopping threads took: 0,0029514 seconds
2018-06-19T12:19:30.592+0200: 4,105: Total time for which application threads were stopped: 0,0020001 seconds, Stopping threads took: 0,0019092 seconds
2018-06-19T12:19:30.593+0200: 4,107: Total time for which application threads were stopped: 0,0010608 seconds, Stopping threads took: 0,0009894 seconds
2018-06-19T12:19:30.593+0200: 4,107: Total time for which application threads were stopped: 0,0001140 seconds, Stopping threads took: 0,0000310 seconds
2018-06-19T12:19:30.593+0200: 4,107: Total time for which application threads were stopped: 0,0000980 seconds, Stopping threads took: 0,0000148 seconds
2018-06-19T12:19:30.594+0200: 4,107: Total time for which application threads were stopped: 0,0000906 seconds, Stopping threads took: 0,0000155 seconds
2018-06-19T12:19:30.594+0200: 4,108: Total time for which application threads were stopped: 0,0001312 seconds, Stopping threads took: 0,0000147 seconds
2018-06-19T12:19:30.596+0200: 4,109: Total time for which application threads were stopped: 0,0001268 seconds, Stopping threads took: 0,0000256 seconds
2018-06-19T12:19:30.597+0200: 4,110: Total time for which application threads were stopped: 0,0001419 seconds, Stopping threads took: 0,0000487 seconds
2018-06-19T12:19:30.597+0200: 4,110: Total time for which application threads were stopped: 0,0001155 seconds, Stopping threads took: 0,0000184 seconds
2018-06-19T12:19:30.597+0200: 4,111: Total time for which application threads were stopped: 0,0002600 seconds, Stopping threads took: 0,0001566 seconds
2018-06-19T12:19:30.597+0200: 4,111: Total time for which application threads were stopped: 0,0001753 seconds, Stopping threads took: 0,0001054 seconds
2018-06-19T12:19:30.598+0200: 4,111: Total time for which application threads were stopped: 0,0001038 seconds, Stopping threads took: 0,0000399 seconds
2018-06-19T12:19:30.602+0200: 4,116: Total time for which application threads were stopped: 0,0001608 seconds, Stopping threads took: 0,0000552 seconds
2018-06-19T12:19:30.603+0200: 4,116: Total time for which application threads were stopped: 0,0001306 seconds, Stopping threads took: 0,0000305 seconds
2018-06-19T12:19:30.603+0200: 4,116: Total time for which application threads were stopped: 0,0000933 seconds, Stopping threads took: 0,0000285 seconds
2018-06-19T12:19:30.603+0200: 4,116: Total time for which application threads were stopped: 0,0001002 seconds, Stopping threads took: 0,0000384 seconds
2018-06-19T12:19:30.604+0200: 4,118: Total time for which application threads were stopped: 0,0009415 seconds, Stopping threads took: 0,0006850 seconds
2018-06-19T12:19:30.606+0200: 4,120: Total time for which application threads were stopped: 0,0003190 seconds, Stopping threads took: 0,0002161 seconds
2018-06-19T12:19:30.607+0200: 4,120: Total time for which application threads were stopped: 0,0001150 seconds, Stopping threads took: 0,0000389 seconds
2018-06-19T12:19:30.607+0200: 4,120: Total time for which application threads were stopped: 0,0000972 seconds, Stopping threads took: 0,0000297 seconds
2018-06-19T12:19:30.607+0200: 4,120: Total time for which application threads were stopped: 0,0000853 seconds, Stopping threads took: 0,0000242 seconds
2018-06-19T12:19:30.608+0200: 4,121: Total time for which application threads were stopped: 0,0009433 seconds, Stopping threads took: 0,0008406 seconds
2018-06-19T12:19:30.608+0200: 4,122: Total time for which application threads were stopped: 0,0001083 seconds, Stopping threads took: 0,0000416 seconds
2018-06-19T12:19:30.609+0200: 4,122: Total time for which application threads were stopped: 0,0001625 seconds, Stopping threads took: 0,0000599 seconds
2018-06-19T12:19:30.609+0200: 4,123: Total time for which application threads were stopped: 0,0001335 seconds, Stopping threads took: 0,0000495 seconds
2018-06-19T12:19:30.610+0200: 4,123: Total time for which application threads were stopped: 0,0001162 seconds, Stopping threads took: 0,0000570 seconds
2018-06-19T12:19:30.610+0200: 4,123: Total time for which application threads were stopped: 0,0000796 seconds, Stopping threads took: 0,0000261 seconds
2018-06-19T12:19:30.610+0200: 4,123: Total time for which application threads were stopped: 0,0002896 seconds, Stopping threads took: 0,0002243 seconds
2018-06-19T12:19:30.610+0200: 4,124: Total time for which application threads were stopped: 0,0000995 seconds, Stopping threads took: 0,0000313 seconds
2018-06-19T12:19:30.610+0200: 4,124: Total time for which application threads were stopped: 0,0000774 seconds, Stopping threads took: 0,0000215 seconds
2018-06-19T12:19:30.611+0200: 4,124: Total time for which application threads were stopped: 0,0000686 seconds, Stopping threads took: 0,0000202 seconds
2018-06-19T12:19:30.611+0200: 4,124: Total time for which application threads were stopped: 0,0000866 seconds, Stopping threads took: 0,0000293 seconds
2018-06-19T12:19:30.611+0200: 4,124: Total time for which application threads were stopped: 0,0000925 seconds, Stopping threads took: 0,0000259 seconds
2018-06-19T12:19:30.611+0200: 4,124: Total time for which application threads were stopped: 0,0000718 seconds, Stopping threads took: 0,0000209 seconds
2018-06-19T12:19:30.611+0200: 4,125: Total time for which application threads were stopped: 0,0001087 seconds, Stopping threads took: 0,0000313 seconds
2018-06-19T12:19:30.612+0200: 4,126: Total time for which application threads were stopped: 0,0007698 seconds, Stopping threads took: 0,0006732 seconds
2018-06-19T12:19:30.616+0200: 4,130: Total time for which application threads were stopped: 0,0001532 seconds, Stopping threads took: 0,0000459 seconds
2018-06-19T12:19:30.616+0200: 4,130: Total time for which application threads were stopped: 0,0000955 seconds, Stopping threads took: 0,0000183 seconds
2018-06-19T12:19:30.616+0200: 4,130: Total time for which application threads were stopped: 0,0000795 seconds, Stopping threads took: 0,0000238 seconds
2018-06-19T12:19:30.617+0200: 4,130: Total time for which application threads were stopped: 0,0001134 seconds, Stopping threads took: 0,0000317 seconds
2018-06-19T12:19:30.617+0200: 4,130: Total time for which application threads were stopped: 0,0000858 seconds, Stopping threads took: 0,0000256 seconds
2018-06-19T12:19:30.620+0200: 4,133: Total time for which application threads were stopped: 0,0001751 seconds, Stopping threads took: 0,0000464 seconds
2018-06-19T12:19:30.620+0200: 4,133: Total time for which application threads were stopped: 0,0000759 seconds, Stopping threads took: 0,0000239 seconds
2018-06-19T12:19:30.621+0200: 4,135: Total time for which application threads were stopped: 0,0001443 seconds, Stopping threads took: 0,0000556 seconds
2018-06-19T12:19:30.622+0200: 4,135: Total time for which application threads were stopped: 0,0000760 seconds, Stopping threads took: 0,0000229 seconds
2018-06-19T12:19:30.622+0200: 4,136: Total time for which application threads were stopped: 0,0001092 seconds, Stopping threads took: 0,0000330 seconds
2018-06-19T12:19:30.623+0200: 4,137: Total time for which application threads were stopped: 0,0002473 seconds, Stopping threads took: 0,0000573 seconds
2018-06-19T12:19:30.627+0200: 4,140: Total time for which application threads were stopped: 0,0001202 seconds, Stopping threads took: 0,0000306 seconds
2018-06-19T12:19:30.652+0200: 4,165: Total time for which application threads were stopped: 0,0061377 seconds, Stopping threads took: 0,0059805 seconds
2018-06-19T12:19:30.658+0200: 4,172: Total time for which application threads were stopped: 0,0002473 seconds, Stopping threads took: 0,0000632 seconds
2018-06-19T12:19:30.661+0200: 4,174: Total time for which application threads were stopped: 0,0001319 seconds, Stopping threads took: 0,0000491 seconds
2018-06-19T12:19:30.670+0200: 4,183: Total time for which application threads were stopped: 0,0004980 seconds, Stopping threads took: 0,0000581 seconds
2018-06-19T12:19:30.670+0200: 4,184: Total time for which application threads were stopped: 0,0001512 seconds, Stopping threads took: 0,0000755 seconds
{Heap before GC invocations=6 (full 1):
 par new generation   total 109248K, used 105472K [0x00000000e0000000, 0x00000000e8000000, 0x00000000e8000000)
  eden space 87424K, 100% used [0x00000000e0000000, 0x00000000e5560000, 0x00000000e5560000)
  from space 21824K,  82% used [0x00000000e5560000, 0x00000000e6700060, 0x00000000e6ab0000)
  to   space 21824K,   0% used [0x00000000e6ab0000, 0x00000000e6ab0000, 0x00000000e8000000)
 concurrent mark-sweep generation total 393216K, used 0K [0x00000000e8000000, 0x0000000100000000, 0x0000000100000000)
 Metaspace       used 28003K, capacity 28565K, committed 28796K, reserved 1075200K
  class space    used 3226K, capacity 3424K, committed 3452K, reserved 1048576K
2018-06-19T12:19:30.816+0200: 4,329: [GC (Allocation Failure) 2018-06-19T12:19:30.816+0200: 4,329: [ParNew
Desired survivor size 20112992 bytes, new threshold 7 (max 8)
- age   1:   12785472 bytes,   12785472 total
- age   2:    2069080 bytes,   14854552 total
- age   3:     132888 bytes,   14987440 total
- age   4:     107504 bytes,   15094944 total
- age   5:     284408 bytes,   15379352 total
- age   6:    1187936 bytes,   16567288 total
- age   7:    5728480 bytes,   22295768 total
: 105472K->21824K(109248K), 0,0277822 secs] 105472K->23575K(502464K), 0,0278735 secs] [Times: user=0,10 sys=0,01, real=0,02 secs] 
Heap after GC invocations=7 (full 1):
 par new generation   total 109248K, used 21824K [0x00000000e0000000, 0x00000000e8000000, 0x00000000e8000000)
  eden space 87424K,   0% used [0x00000000e0000000, 0x00000000e0000000, 0x00000000e5560000)
  from space 21824K, 100% used [0x00000000e6ab0000, 0x00000000e8000000, 0x00000000e8000000)
  to   space 21824K,   0% used [0x00000000e5560000, 0x00000000e5560000, 0x00000000e6ab0000)
 concurrent mark-sweep generation total 393216K, used 1751K [0x00000000e8000000, 0x0000000100000000, 0x0000000100000000)
 Metaspace       used 28003K, capacity 28565K, committed 28796K, reserved 1075200K
  class space    used 3226K, capacity 3424K, committed 3452K, reserved 1048576K
}
2018-06-19T12:19:30.844+0200: 4,357: Total time for which application threads were stopped: 0,0281510 seconds, Stopping threads took: 0,0000665 seconds
{Heap before GC invocations=7 (full 1):
 par new generation   total 109248K, used 109248K [0x00000000e0000000, 0x00000000e8000000, 0x00000000e8000000)
  eden space 87424K, 100% used [0x00000000e0000000, 0x00000000e5560000, 0x00000000e5560000)
  from space 21824K, 100% used [0x00000000e6ab0000, 0x00000000e8000000, 0x00000000e8000000)
  to   space 21824K,   0% used [0x00000000e5560000, 0x00000000e5560000, 0x00000000e6ab0000)
 concurrent mark-sweep generation total 393216K, used 1751K [0x00000000e8000000, 0x0000000100000000, 0x0000000100000000)
 Metaspace       used 28034K, capacity 28635K, committed 28796K, reserved 1075200K
  class space    used 3226K, capacity 3425K, committed 3452K, reserved 1048576K
2018-06-19T12:19:30.938+0200: 4,452: [GC (Allocation Failure) 2018-06-19T12:19:30.938+0200: 4,452: [ParNew
Desired survivor size 20112992 bytes, new threshold 8 (max 8)
- age   1:    1185592 bytes,    1185592 total
- age   2:   11468104 bytes,   12653696 total
- age   3:    1991192 bytes,   14644888 total
- age   4:     127416 bytes,   14772304 total
- age   5:     104160 bytes,   14876464 total
- age   6:     278232 bytes,   15154696 total
- age   7:    1187936 bytes,   16342632 total
: 109248K->21824K(109248K), 0,0542262 secs] 110999K->29945K(502464K), 0,0543174 secs] [Times: user=0,15 sys=0,00, real=0,06 secs] 
Heap after GC invocations=8 (full 1):
 par new generation   total 109248K, used 21824K [0x00000000e0000000, 0x00000000e8000000, 0x00000000e8000000)
  eden space 87424K,   0% used [0x00000000e0000000, 0x00000000e0000000, 0x00000000e5560000)
  from space 21824K, 100% used [0x00000000e5560000, 0x00000000e6ab0000, 0x00000000e6ab0000)
  to   space 21824K,   0% used [0x00000000e6ab0000, 0x00000000e6ab0000, 0x00000000e8000000)
 concurrent mark-sweep generation total 393216K, used 8121K [0x00000000e8000000, 0x0000000100000000, 0x0000000100000000)
 Metaspace       used 28034K, capacity 28635K, committed 28796K, reserved 1075200K
  class space    used 3226K, capacity 3425K, committed 3452K, reserved 1048576K
}
2018-06-19T12:19:30.993+0200: 4,506: Total time for which application threads were stopped: 0,0545704 seconds, Stopping threads took: 0,0000682 seconds
{Heap before GC invocations=8 (full 1):
 par new generation   total 109248K, used 109248K [0x00000000e0000000, 0x00000000e8000000, 0x00000000e8000000)
  eden space 87424K, 100% used [0x00000000e0000000, 0x00000000e5560000, 0x00000000e5560000)
  from space 21824K, 100% used [0x00000000e5560000, 0x00000000e6ab0000, 0x00000000e6ab0000)
  to   space 21824K,   0% used [0x00000000e6ab0000, 0x00000000e6ab0000, 0x00000000e8000000)
 concurrent mark-sweep generation total 393216K, used 8121K [0x00000000e8000000, 0x0000000100000000, 0x0000000100000000)
 Metaspace       used 28081K, capacity 28731K, committed 29052K, reserved 1075200K
  class space    used 3230K, capacity 3431K, committed 3452K, reserved 1048576K
2018-06-19T12:19:31.076+0200: 4,589: [GC (Allocation Failure) 2018-06-19T12:19:31.076+0200: 4,589: [ParNew
Desired survivor size 20112992 bytes, new threshold 8 (max 8)
- age   1:     629960 bytes,     629960 total
- age   2:     946928 bytes,    1576888 total
- age   3:   11468104 bytes,   13044992 total
- age   4:    1991192 bytes,   15036184 total
- age   5:     127312 bytes,   15163496 total
- age   6:     104056 bytes,   15267552 total
- age   7:     278208 bytes,   15545760 total
- age   8:    1187936 bytes,   16733696 total
: 109248K->21824K(109248K), 0,0219870 secs] 117369K->29945K(502464K), 0,0220762 secs] [Times: user=0,09 sys=0,00, real=0,02 secs] 
Heap after GC invocations=9 (full 1):
 par new generation   total 109248K, used 21824K [0x00000000e0000000, 0x00000000e8000000, 0x00000000e8000000)
  eden space 87424K,   0% used [0x00000000e0000000, 0x00000000e0000000, 0x00000000e5560000)
  from space 21824K, 100% used [0x00000000e6ab0000, 0x00000000e8000000, 0x00000000e8000000)
  to   space 21824K,   0% used [0x00000000e5560000, 0x00000000e5560000, 0x00000000e6ab0000)
 concurrent mark-sweep generation total 393216K, used 8121K [0x00000000e8000000, 0x0000000100000000, 0x0000000100000000)
 Metaspace       used 28081K, capacity 28731K, committed 29052K, reserved 1075200K
  class space    used 3230K, capacity 3431K, committed 3452K, reserved 1048576K
}
2018-06-19T12:19:31.098+0200: 4,612: Total time for which application threads were stopped: 0,0222965 seconds, Stopping threads took: 0,0000491 seconds
2018-06-19T12:19:31.181+0200: 4,694: Total time for which application threads were stopped: 0,0001973 seconds, Stopping threads took: 0,0000592 seconds
2018-06-19T12:19:31.205+0200: 4,718: Total time for which application threads were stopped: 0,0002159 seconds, Stopping threads took: 0,0001191 seconds
2018-06-19T12:19:31.226+0200: 4,740: Total time for which application threads were stopped: 0,0001779 seconds, Stopping threads took: 0,0000588 seconds
2018-06-19T12:19:31.228+0200: 4,741: Total time for which application threads were stopped: 0,0017202 seconds, Stopping threads took: 0,0016285 seconds
2018-06-19T12:19:31.244+0200: 4,758: Total time for which application threads were stopped: 0,0001611 seconds, Stopping threads took: 0,0000474 seconds
2018-06-19T12:19:31.260+0200: 4,773: Total time for which application threads were stopped: 0,0001523 seconds, Stopping threads took: 0,0000437 seconds
2018-06-19T12:19:31.297+0200: 4,810: Total time for which application threads were stopped: 0,0002138 seconds, Stopping threads took: 0,0000568 seconds
2018-06-19T12:19:31.298+0200: 4,812: Total time for which application threads were stopped: 0,0015662 seconds, Stopping threads took: 0,0014581 seconds
2018-06-19T12:19:32.299+0200: 5,812: Total time for which application threads were stopped: 0,0001048 seconds, Stopping threads took: 0,0000256 seconds
2018-06-19T12:19:34.358+0200: 7,871: Total time for which application threads were stopped: 0,0004935 seconds, Stopping threads took: 0,0000165 seconds
2018-06-19T12:19:34.383+0200: 7,896: Total time for which application threads were stopped: 0,0002170 seconds, Stopping threads took: 0,0000450 seconds
2018-06-19T12:19:34.383+0200: 7,896: Total time for which application threads were stopped: 0,0001499 seconds, Stopping threads took: 0,0000395 seconds
2018-06-19T12:19:34.402+0200: 7,915: Total time for which application threads were stopped: 0,0001143 seconds, Stopping threads took: 0,0000404 seconds
2018-06-19T12:19:34.485+0200: 7,998: Total time for which application threads were stopped: 0,0001296 seconds, Stopping threads took: 0,0000445 seconds
2018-06-19T12:19:34.529+0200: 8,042: Total time for which application threads were stopped: 0,0002005 seconds, Stopping threads took: 0,0000370 seconds
2018-06-19T12:19:35.529+0200: 9,043: Total time for which application threads were stopped: 0,0001133 seconds, Stopping threads took: 0,0000257 seconds
2018-06-19T12:19:53.531+0200: 27,045: Total time for which application threads were stopped: 0,0000826 seconds, Stopping threads took: 0,0000216 seconds
2018-06-19T12:20:03.533+0200: 37,046: Total time for which application threads were stopped: 0,0001943 seconds, Stopping threads took: 0,0000745 seconds
2018-06-19T12:20:39.925+0200: 73,439: Total time for which application threads were stopped: 0,0018921 seconds, Stopping threads took: 0,0000772 seconds
2018-06-19T12:20:39.942+0200: 73,456: Total time for which application threads were stopped: 0,0001139 seconds, Stopping threads took: 0,0000452 seconds
2018-06-19T12:20:40.029+0200: 73,542: Total time for which application threads were stopped: 0,0006255 seconds, Stopping threads took: 0,0002450 seconds
2018-06-19T12:20:40.029+0200: 73,543: Total time for which application threads were stopped: 0,0003873 seconds, Stopping threads took: 0,0001002 seconds
2018-06-19T12:20:40.030+0200: 73,543: Total time for which application threads were stopped: 0,0002299 seconds, Stopping threads took: 0,0001173 seconds
2018-06-19T12:20:40.032+0200: 73,545: Total time for which application threads were stopped: 0,0000841 seconds, Stopping threads took: 0,0000323 seconds
2018-06-19T12:20:40.032+0200: 73,545: Total time for which application threads were stopped: 0,0000606 seconds, Stopping threads took: 0,0000216 seconds
2018-06-19T12:20:40.032+0200: 73,545: Total time for which application threads were stopped: 0,0000622 seconds, Stopping threads took: 0,0000287 seconds
2018-06-19T12:20:40.032+0200: 73,546: Total time for which application threads were stopped: 0,0000529 seconds, Stopping threads took: 0,0000205 seconds
2018-06-19T12:20:40.094+0200: 73,608: Total time for which application threads were stopped: 0,0000996 seconds, Stopping threads took: 0,0000224 seconds
2018-06-19T12:20:40.097+0200: 73,610: Total time for which application threads were stopped: 0,0000701 seconds, Stopping threads took: 0,0000146 seconds
2018-06-19T12:20:40.097+0200: 73,610: Total time for which application threads were stopped: 0,0000474 seconds, Stopping threads took: 0,0000170 seconds
2018-06-19T12:20:40.097+0200: 73,611: Total time for which application threads were stopped: 0,0000366 seconds, Stopping threads took: 0,0000080 seconds
2018-06-19T12:20:40.097+0200: 73,611: Total time for which application threads were stopped: 0,0000487 seconds, Stopping threads took: 0,0000194 seconds
2018-06-19T12:20:40.097+0200: 73,611: Total time for which application threads were stopped: 0,0000532 seconds, Stopping threads took: 0,0000197 seconds
2018-06-19T12:20:40.098+0200: 73,611: Total time for which application threads were stopped: 0,0000622 seconds, Stopping threads took: 0,0000193 seconds
2018-06-19T12:20:40.098+0200: 73,611: Total time for which application threads were stopped: 0,0000534 seconds, Stopping threads took: 0,0000176 seconds
2018-06-19T12:20:40.098+0200: 73,611: Total time for which application threads were stopped: 0,0000311 seconds, Stopping threads took: 0,0000088 seconds
2018-06-19T12:20:40.098+0200: 73,611: Total time for which application threads were stopped: 0,0000275 seconds, Stopping threads took: 0,0000053 seconds
2018-06-19T12:20:40.098+0200: 73,611: Total time for which application threads were stopped: 0,0000274 seconds, Stopping threads took: 0,0000053 seconds
2018-06-19T12:20:40.098+0200: 73,611: Total time for which application threads were stopped: 0,0000275 seconds, Stopping threads took: 0,0000053 seconds
2018-06-19T12:20:40.098+0200: 73,611: Total time for which application threads were stopped: 0,0000272 seconds, Stopping threads took: 0,0000052 seconds
2018-06-19T12:20:40.098+0200: 73,611: Total time for which application threads were stopped: 0,0000292 seconds, Stopping threads took: 0,0000071 seconds
2018-06-19T12:20:40.108+0200: 73,622: Total time for which application threads were stopped: 0,0004211 seconds, Stopping threads took: 0,0000483 seconds
2018-06-19T12:20:40.110+0200: 73,623: Total time for which application threads were stopped: 0,0003820 seconds, Stopping threads took: 0,0000181 seconds
{Heap before GC invocations=9 (full 1):
 par new generation   total 109248K, used 109248K [0x00000000e0000000, 0x00000000e8000000, 0x00000000e8000000)
  eden space 87424K, 100% used [0x00000000e0000000, 0x00000000e5560000, 0x00000000e5560000)
  from space 21824K, 100% used [0x00000000e6ab0000, 0x00000000e8000000, 0x00000000e8000000)
  to   space 21824K,   0% used [0x00000000e5560000, 0x00000000e5560000, 0x00000000e6ab0000)
 concurrent mark-sweep generation total 393216K, used 8121K [0x00000000e8000000, 0x0000000100000000, 0x0000000100000000)
 Metaspace       used 30555K, capacity 31289K, committed 31484K, reserved 1077248K
  class space    used 3516K, capacity 3769K, committed 3836K, reserved 1048576K
2018-06-19T12:20:40.331+0200: 73,844: [GC (Allocation Failure) 2018-06-19T12:20:40.331+0200: 73,845: [ParNew
Desired survivor size 20112992 bytes, new threshold 5 (max 8)
- age   1:    6837048 bytes,    6837048 total
- age   2:     112648 bytes,    6949696 total
- age   3:     167184 bytes,    7116880 total
- age   4:   12911584 bytes,   20028464 total
- age   5:    1825504 bytes,   21853968 total
- age   6:     117832 bytes,   21971800 total
- age   7:      97280 bytes,   22069080 total
- age   8:     268192 bytes,   22337272 total
: 109248K->21824K(109248K), 0,0222133 secs] 117369K->33282K(502464K), 0,0223107 secs] [Times: user=0,08 sys=0,00, real=0,03 secs] 
Heap after GC invocations=10 (full 1):
 par new generation   total 109248K, used 21824K [0x00000000e0000000, 0x00000000e8000000, 0x00000000e8000000)
  eden space 87424K,   0% used [0x00000000e0000000, 0x00000000e0000000, 0x00000000e5560000)
  from space 21824K, 100% used [0x00000000e5560000, 0x00000000e6ab0000, 0x00000000e6ab0000)
  to   space 21824K,   0% used [0x00000000e6ab0000, 0x00000000e6ab0000, 0x00000000e8000000)
 concurrent mark-sweep generation total 393216K, used 11458K [0x00000000e8000000, 0x0000000100000000, 0x0000000100000000)
 Metaspace       used 30555K, capacity 31289K, committed 31484K, reserved 1077248K
  class space    used 3516K, capacity 3769K, committed 3836K, reserved 1048576K
}
2018-06-19T12:20:40.353+0200: 73,867: Total time for which application threads were stopped: 0,0225957 seconds, Stopping threads took: 0,0000391 seconds
2018-06-19T12:20:40.358+0200: 73,871: Total time for which application threads were stopped: 0,0001263 seconds, Stopping threads took: 0,0000521 seconds
2018-06-19T12:20:40.358+0200: 73,871: Total time for which application threads were stopped: 0,0000835 seconds, Stopping threads took: 0,0000359 seconds
2018-06-19T12:20:40.568+0200: 74,081: Total time for which application threads were stopped: 0,0002262 seconds, Stopping threads took: 0,0000268 seconds
2018-06-19T12:20:40.568+0200: 74,082: Total time for which application threads were stopped: 0,0000664 seconds, Stopping threads took: 0,0000105 seconds
2018-06-19T12:20:40.576+0200: 74,089: Total time for which application threads were stopped: 0,0001349 seconds, Stopping threads took: 0,0000548 seconds
2018-06-19T12:20:40.589+0200: 74,102: Total time for which application threads were stopped: 0,0001422 seconds, Stopping threads took: 0,0000433 seconds
2018-06-19T12:20:40.671+0200: 74,185: Total time for which application threads were stopped: 0,0004026 seconds, Stopping threads took: 0,0002172 seconds
2018-06-19T12:20:40.672+0200: 74,185: Total time for which application threads were stopped: 0,0001419 seconds, Stopping threads took: 0,0000557 seconds
{Heap before GC invocations=10 (full 1):
 par new generation   total 109248K, used 109248K [0x00000000e0000000, 0x00000000e8000000, 0x00000000e8000000)
  eden space 87424K, 100% used [0x00000000e0000000, 0x00000000e5560000, 0x00000000e5560000)
  from space 21824K, 100% used [0x00000000e5560000, 0x00000000e6ab0000, 0x00000000e6ab0000)
  to   space 21824K,   0% used [0x00000000e6ab0000, 0x00000000e6ab0000, 0x00000000e8000000)
 concurrent mark-sweep generation total 393216K, used 11458K [0x00000000e8000000, 0x0000000100000000, 0x0000000100000000)
 Metaspace       used 30780K, capacity 31481K, committed 31740K, reserved 1077248K
  class space    used 3516K, capacity 3769K, committed 3836K, reserved 1048576K
2018-06-19T12:20:40.701+0200: 74,214: [GC (Allocation Failure) 2018-06-19T12:20:40.701+0200: 74,214: [ParNew
Desired survivor size 20112992 bytes, new threshold 5 (max 8)
- age   1:    1326080 bytes,    1326080 total
- age   2:    6611352 bytes,    7937432 total
- age   3:     112648 bytes,    8050080 total
- age   4:     167184 bytes,    8217264 total
- age   5:   12731536 bytes,   20948800 total
: 109248K->21824K(109248K), 0,0246891 secs] 120706K->35762K(502464K), 0,0247836 secs] [Times: user=0,09 sys=0,00, real=0,03 secs] 
Heap after GC invocations=11 (full 1):
 par new generation   total 109248K, used 21824K [0x00000000e0000000, 0x00000000e8000000, 0x00000000e8000000)
  eden space 87424K,   0% used [0x00000000e0000000, 0x00000000e0000000, 0x00000000e5560000)
  from space 21824K, 100% used [0x00000000e6ab0000, 0x00000000e8000000, 0x00000000e8000000)
  to   space 21824K,   0% used [0x00000000e5560000, 0x00000000e5560000, 0x00000000e6ab0000)
 concurrent mark-sweep generation total 393216K, used 13938K [0x00000000e8000000, 0x0000000100000000, 0x0000000100000000)
 Metaspace       used 30780K, capacity 31481K, committed 31740K, reserved 1077248K
  class space    used 3516K, capacity 3769K, committed 3836K, reserved 1048576K
}
2018-06-19T12:20:40.726+0200: 74,239: Total time for which application threads were stopped: 0,0250270 seconds, Stopping threads took: 0,0000541 seconds
{Heap before GC invocations=11 (full 1):
 par new generation   total 109248K, used 109248K [0x00000000e0000000, 0x00000000e8000000, 0x00000000e8000000)
  eden space 87424K, 100% used [0x00000000e0000000, 0x00000000e5560000, 0x00000000e5560000)
  from space 21824K, 100% used [0x00000000e6ab0000, 0x00000000e8000000, 0x00000000e8000000)
  to   space 21824K,   0% used [0x00000000e5560000, 0x00000000e5560000, 0x00000000e6ab0000)
 concurrent mark-sweep generation total 393216K, used 13938K [0x00000000e8000000, 0x0000000100000000, 0x0000000100000000)
 Metaspace       used 30792K, capacity 31481K, committed 31740K, reserved 1077248K
  class space    used 3517K, capacity 3769K, committed 3836K, reserved 1048576K
2018-06-19T12:20:41.057+0200: 74,571: [GC (Allocation Failure) 2018-06-19T12:20:41.057+0200: 74,571: [ParNew
Desired survivor size 20112992 bytes, new threshold 8 (max 8)
- age   1:    1475024 bytes,    1475024 total
- age   2:     913320 bytes,    2388344 total
- age   3:    6610696 bytes,    8999040 total
- age   4:     112648 bytes,    9111688 total
- age   5:     167184 bytes,    9278872 total
: 109248K->21745K(109248K), 0,0698974 secs] 123186K->47053K(502464K), 0,0700164 secs] [Times: user=0,12 sys=0,01, real=0,07 secs] 
Heap after GC invocations=12 (full 1):
 par new generation   total 109248K, used 21745K [0x00000000e0000000, 0x00000000e8000000, 0x00000000e8000000)
  eden space 87424K,   0% used [0x00000000e0000000, 0x00000000e0000000, 0x00000000e5560000)
  from space 21824K,  99% used [0x00000000e5560000, 0x00000000e6a9c428, 0x00000000e6ab0000)
  to   space 21824K,   0% used [0x00000000e6ab0000, 0x00000000e6ab0000, 0x00000000e8000000)
 concurrent mark-sweep generation total 393216K, used 25308K [0x00000000e8000000, 0x0000000100000000, 0x0000000100000000)
 Metaspace       used 30792K, capacity 31481K, committed 31740K, reserved 1077248K
  class space    used 3517K, capacity 3769K, committed 3836K, reserved 1048576K
}
2018-06-19T12:20:41.128+0200: 74,641: Total time for which application threads were stopped: 0,0703194 seconds, Stopping threads took: 0,0000333 seconds
2018-06-19T12:20:41.263+0200: 74,776: Total time for which application threads were stopped: 0,0071408 seconds, Stopping threads took: 0,0069445 seconds
2018-06-19T12:20:41.265+0200: 74,778: Total time for which application threads were stopped: 0,0001850 seconds, Stopping threads took: 0,0000712 seconds
2018-06-19T12:20:41.280+0200: 74,793: Total time for which application threads were stopped: 0,0073549 seconds, Stopping threads took: 0,0072402 seconds
2018-06-19T12:20:41.281+0200: 74,794: Total time for which application threads were stopped: 0,0001564 seconds, Stopping threads took: 0,0000613 seconds
2018-06-19T12:20:41.337+0200: 74,850: Total time for which application threads were stopped: 0,0094951 seconds, Stopping threads took: 0,0076219 seconds
2018-06-19T12:20:41.340+0200: 74,853: Total time for which application threads were stopped: 0,0001663 seconds, Stopping threads took: 0,0000300 seconds
2018-06-19T12:20:41.373+0200: 74,886: Total time for which application threads were stopped: 0,0068443 seconds, Stopping threads took: 0,0065274 seconds
2018-06-19T12:20:41.439+0200: 74,952: Total time for which application threads were stopped: 0,0069065 seconds, Stopping threads took: 0,0068016 seconds
2018-06-19T12:20:41.439+0200: 74,952: Total time for which application threads were stopped: 0,0000719 seconds, Stopping threads took: 0,0000148 seconds
{Heap before GC invocations=12 (full 1):
 par new generation   total 109248K, used 109169K [0x00000000e0000000, 0x00000000e8000000, 0x00000000e8000000)
  eden space 87424K, 100% used [0x00000000e0000000, 0x00000000e5560000, 0x00000000e5560000)
  from space 21824K,  99% used [0x00000000e5560000, 0x00000000e6a9c428, 0x00000000e6ab0000)
  to   space 21824K,   0% used [0x00000000e6ab0000, 0x00000000e6ab0000, 0x00000000e8000000)
 concurrent mark-sweep generation total 393216K, used 25308K [0x00000000e8000000, 0x0000000100000000, 0x0000000100000000)
 Metaspace       used 30967K, capacity 31609K, committed 31740K, reserved 1077248K
  class space    used 3531K, capacity 3769K, committed 3836K, reserved 1048576K
2018-06-19T12:20:41.602+0200: 75,115: [GC (Allocation Failure) 2018-06-19T12:20:41.602+0200: 75,115: [ParNew
Desired survivor size 20112992 bytes, new threshold 8 (max 8)
- age   1:    1662240 bytes,    1662240 total
- age   2:    1364616 bytes,    3026856 total
- age   3:     843792 bytes,    3870648 total
- age   4:    6534608 bytes,   10405256 total
- age   5:     112648 bytes,   10517904 total
- age   6:     167184 bytes,   10685088 total
: 109169K->15697K(109248K), 0,0288226 secs] 134477K->41006K(502464K), 0,0289251 secs] [Times: user=0,06 sys=0,00, real=0,03 secs] 
Heap after GC invocations=13 (full 1):
 par new generation   total 109248K, used 15697K [0x00000000e0000000, 0x00000000e8000000, 0x00000000e8000000)
  eden space 87424K,   0% used [0x00000000e0000000, 0x00000000e0000000, 0x00000000e5560000)
  from space 21824K,  71% used [0x00000000e6ab0000, 0x00000000e7a04668, 0x00000000e8000000)
  to   space 21824K,   0% used [0x00000000e5560000, 0x00000000e5560000, 0x00000000e6ab0000)
 concurrent mark-sweep generation total 393216K, used 25308K [0x00000000e8000000, 0x0000000100000000, 0x0000000100000000)
 Metaspace       used 30967K, capacity 31609K, committed 31740K, reserved 1077248K
  class space    used 3531K, capacity 3769K, committed 3836K, reserved 1048576K
}
2018-06-19T12:20:41.631+0200: 75,144: Total time for which application threads were stopped: 0,0292399 seconds, Stopping threads took: 0,0000705 seconds
{Heap before GC invocations=13 (full 1):
 par new generation   total 109248K, used 103121K [0x00000000e0000000, 0x00000000e8000000, 0x00000000e8000000)
  eden space 87424K, 100% used [0x00000000e0000000, 0x00000000e5560000, 0x00000000e5560000)
  from space 21824K,  71% used [0x00000000e6ab0000, 0x00000000e7a04668, 0x00000000e8000000)
  to   space 21824K,   0% used [0x00000000e5560000, 0x00000000e5560000, 0x00000000e6ab0000)
 concurrent mark-sweep generation total 393216K, used 25308K [0x00000000e8000000, 0x0000000100000000, 0x0000000100000000)
 Metaspace       used 31016K, capacity 31673K, committed 31996K, reserved 1077248K
  class space    used 3535K, capacity 3769K, committed 3836K, reserved 1048576K
2018-06-19T12:20:42.008+0200: 75,521: [GC (Allocation Failure) 2018-06-19T12:20:42.008+0200: 75,521: [ParNew
Desired survivor size 20112992 bytes, new threshold 8 (max 8)
- age   1:    1616680 bytes,    1616680 total
- age   2:    1071480 bytes,    2688160 total
- age   3:     105976 bytes,    2794136 total
- age   4:     130264 bytes,    2924400 total
- age   5:    6197872 bytes,    9122272 total
- age   6:     112648 bytes,    9234920 total
- age   7:     167184 bytes,    9402104 total
: 103121K->10089K(109248K), 0,0361619 secs] 128430K->35397K(502464K), 0,0362882 secs] [Times: user=0,09 sys=0,00, real=0,04 secs] 
Heap after GC invocations=14 (full 1):
 par new generation   total 109248K, used 10089K [0x00000000e0000000, 0x00000000e8000000, 0x00000000e8000000)
  eden space 87424K,   0% used [0x00000000e0000000, 0x00000000e0000000, 0x00000000e5560000)
  from space 21824K,  46% used [0x00000000e5560000, 0x00000000e5f3a530, 0x00000000e6ab0000)
  to   space 21824K,   0% used [0x00000000e6ab0000, 0x00000000e6ab0000, 0x00000000e8000000)
 concurrent mark-sweep generation total 393216K, used 25308K [0x00000000e8000000, 0x0000000100000000, 0x0000000100000000)
 Metaspace       used 31016K, capacity 31673K, committed 31996K, reserved 1077248K
  class space    used 3535K, capacity 3769K, committed 3836K, reserved 1048576K
}
2018-06-19T12:20:42.044+0200: 75,558: Total time for which application threads were stopped: 0,0366066 seconds, Stopping threads took: 0,0000418 seconds
2018-06-19T12:20:42.141+0200: 75,655: Total time for which application threads were stopped: 0,0002199 seconds, Stopping threads took: 0,0000746 seconds
2018-06-19T12:20:42.149+0200: 75,662: Total time for which application threads were stopped: 0,0022585 seconds, Stopping threads took: 0,0019983 seconds
2018-06-19T12:20:42.174+0200: 75,688: Total time for which application threads were stopped: 0,0002060 seconds, Stopping threads took: 0,0001042 seconds
2018-06-19T12:20:42.176+0200: 75,690: Total time for which application threads were stopped: 0,0001332 seconds, Stopping threads took: 0,0000473 seconds
2018-06-19T12:20:42.188+0200: 75,701: Total time for which application threads were stopped: 0,0109042 seconds, Stopping threads took: 0,0107906 seconds
2018-06-19T12:20:42.244+0200: 75,757: Total time for which application threads were stopped: 0,0015041 seconds, Stopping threads took: 0,0013721 seconds
{Heap before GC invocations=14 (full 1):
 par new generation   total 109248K, used 97513K [0x00000000e0000000, 0x00000000e8000000, 0x00000000e8000000)
  eden space 87424K, 100% used [0x00000000e0000000, 0x00000000e5560000, 0x00000000e5560000)
  from space 21824K,  46% used [0x00000000e5560000, 0x00000000e5f3a530, 0x00000000e6ab0000)
  to   space 21824K,   0% used [0x00000000e6ab0000, 0x00000000e6ab0000, 0x00000000e8000000)
 concurrent mark-sweep generation total 393216K, used 25308K [0x00000000e8000000, 0x0000000100000000, 0x0000000100000000)
 Metaspace       used 31037K, capacity 31673K, committed 31996K, reserved 1077248K
  class space    used 3535K, capacity 3769K, committed 3836K, reserved 1048576K
2018-06-19T12:20:42.269+0200: 75,782: [GC (Allocation Failure) 2018-06-19T12:20:42.269+0200: 75,782: [ParNew
Desired survivor size 20112992 bytes, new threshold 8 (max 8)
- age   1:    1895616 bytes,    1895616 total
- age   2:    1150016 bytes,    3045632 total
- age   3:     948920 bytes,    3994552 total
- age   4:     105944 bytes,    4100496 total
- age   5:     130264 bytes,    4230760 total
- age   6:    6196960 bytes,   10427720 total
- age   7:     112648 bytes,   10540368 total
- age   8:     167184 bytes,   10707552 total
: 97513K->15790K(109248K), 0,0159702 secs] 122821K->41099K(502464K), 0,0160685 secs] [Times: user=0,04 sys=0,00, real=0,02 secs] 
Heap after GC invocations=15 (full 1):
 par new generation   total 109248K, used 15790K [0x00000000e0000000, 0x00000000e8000000, 0x00000000e8000000)
  eden space 87424K,   0% used [0x00000000e0000000, 0x00000000e0000000, 0x00000000e5560000)
  from space 21824K,  72% used [0x00000000e6ab0000, 0x00000000e7a1ba00, 0x00000000e8000000)
  to   space 21824K,   0% used [0x00000000e5560000, 0x00000000e5560000, 0x00000000e6ab0000)
 concurrent mark-sweep generation total 393216K, used 25308K [0x00000000e8000000, 0x0000000100000000, 0x0000000100000000)
 Metaspace       used 31037K, capacity 31673K, committed 31996K, reserved 1077248K
  class space    used 3535K, capacity 3769K, committed 3836K, reserved 1048576K
}
2018-06-19T12:20:42.285+0200: 75,798: Total time for which application threads were stopped: 0,0162976 seconds, Stopping threads took: 0,0000474 seconds
2018-06-19T12:20:42.439+0200: 75,952: Total time for which application threads were stopped: 0,0001371 seconds, Stopping threads took: 0,0000294 seconds
2018-06-19T12:20:42.440+0200: 75,954: Total time for which application threads were stopped: 0,0001578 seconds, Stopping threads took: 0,0000422 seconds
2018-06-19T12:20:42.442+0200: 75,956: Total time for which application threads were stopped: 0,0001528 seconds, Stopping threads took: 0,0000320 seconds
{Heap before GC invocations=15 (full 1):
 par new generation   total 109248K, used 103214K [0x00000000e0000000, 0x00000000e8000000, 0x00000000e8000000)
  eden space 87424K, 100% used [0x00000000e0000000, 0x00000000e5560000, 0x00000000e5560000)
  from space 21824K,  72% used [0x00000000e6ab0000, 0x00000000e7a1ba00, 0x00000000e8000000)
  to   space 21824K,   0% used [0x00000000e5560000, 0x00000000e5560000, 0x00000000e6ab0000)
 concurrent mark-sweep generation total 393216K, used 25308K [0x00000000e8000000, 0x0000000100000000, 0x0000000100000000)
 Metaspace       used 31059K, capacity 31679K, committed 31996K, reserved 1077248K
  class space    used 3536K, capacity 3770K, committed 3836K, reserved 1048576K
2018-06-19T12:20:42.448+0200: 75,962: [GC (Allocation Failure) 2018-06-19T12:20:42.448+0200: 75,962: [ParNew
Desired survivor size 20112992 bytes, new threshold 8 (max 8)
- age   1:    1438384 bytes,    1438384 total
- age   2:     865856 bytes,    2304240 total
- age   3:     291872 bytes,    2596112 total
- age   4:     216896 bytes,    2813008 total
- age   5:     105944 bytes,    2918952 total
- age   6:     130264 bytes,    3049216 total
- age   7:    6196528 bytes,    9245744 total
- age   8:     112648 bytes,    9358392 total
: 103214K->10322K(109248K), 0,0172440 secs] 128523K->35797K(502464K), 0,0173426 secs] [Times: user=0,07 sys=0,01, real=0,02 secs] 
Heap after GC invocations=16 (full 1):
 par new generation   total 109248K, used 10322K [0x00000000e0000000, 0x00000000e8000000, 0x00000000e8000000)
  eden space 87424K,   0% used [0x00000000e0000000, 0x00000000e0000000, 0x00000000e5560000)
  from space 21824K,  47% used [0x00000000e5560000, 0x00000000e5f74b70, 0x00000000e6ab0000)
  to   space 21824K,   0% used [0x00000000e6ab0000, 0x00000000e6ab0000, 0x00000000e8000000)
 concurrent mark-sweep generation total 393216K, used 25474K [0x00000000e8000000, 0x0000000100000000, 0x0000000100000000)
 Metaspace       used 31059K, capacity 31679K, committed 31996K, reserved 1077248K
  class space    used 3536K, capacity 3770K, committed 3836K, reserved 1048576K
}
2018-06-19T12:20:42.466+0200: 75,979: Total time for which application threads were stopped: 0,0175824 seconds, Stopping threads took: 0,0000354 seconds
{Heap before GC invocations=16 (full 1):
 par new generation   total 109248K, used 97746K [0x00000000e0000000, 0x00000000e8000000, 0x00000000e8000000)
  eden space 87424K, 100% used [0x00000000e0000000, 0x00000000e5560000, 0x00000000e5560000)
  from space 21824K,  47% used [0x00000000e5560000, 0x00000000e5f74b70, 0x00000000e6ab0000)
  to   space 21824K,   0% used [0x00000000e6ab0000, 0x00000000e6ab0000, 0x00000000e8000000)
 concurrent mark-sweep generation total 393216K, used 25474K [0x00000000e8000000, 0x0000000100000000, 0x0000000100000000)
 Metaspace       used 31066K, capacity 31679K, committed 31996K, reserved 1077248K
  class space    used 3536K, capacity 3770K, committed 3836K, reserved 1048576K
2018-06-19T12:20:42.628+0200: 76,141: [GC (Allocation Failure) 2018-06-19T12:20:42.628+0200: 76,141: [ParNew
Desired survivor size 20112992 bytes, new threshold 8 (max 8)
- age   1:    1576024 bytes,    1576024 total
- age   2:    1032672 bytes,    2608696 total
- age   3:     864904 bytes,    3473600 total
- age   4:     291056 bytes,    3764656 total
- age   5:     216896 bytes,    3981552 total
- age   6:     105944 bytes,    4087496 total
- age   7:     130264 bytes,    4217760 total
- age   8:    6196104 bytes,   10413864 total
: 97746K->14002K(109248K), 0,0173173 secs] 123221K->39589K(502464K), 0,0174314 secs] [Times: user=0,06 sys=0,00, real=0,02 secs] 
Heap after GC invocations=17 (full 1):
 par new generation   total 109248K, used 14002K [0x00000000e0000000, 0x00000000e8000000, 0x00000000e8000000)
  eden space 87424K,   0% used [0x00000000e0000000, 0x00000000e0000000, 0x00000000e5560000)
  from space 21824K,  64% used [0x00000000e6ab0000, 0x00000000e785c8f8, 0x00000000e8000000)
  to   space 21824K,   0% used [0x00000000e5560000, 0x00000000e5560000, 0x00000000e6ab0000)
 concurrent mark-sweep generation total 393216K, used 25587K [0x00000000e8000000, 0x0000000100000000, 0x0000000100000000)
 Metaspace       used 31066K, capacity 31679K, committed 31996K, reserved 1077248K
  class space    used 3536K, capacity 3770K, committed 3836K, reserved 1048576K
}
2018-06-19T12:20:42.645+0200: 76,159: Total time for which application threads were stopped: 0,0177458 seconds, Stopping threads took: 0,0000564 seconds
{Heap before GC invocations=17 (full 1):
 par new generation   total 109248K, used 101426K [0x00000000e0000000, 0x00000000e8000000, 0x00000000e8000000)
  eden space 87424K, 100% used [0x00000000e0000000, 0x00000000e5560000, 0x00000000e5560000)
  from space 21824K,  64% used [0x00000000e6ab0000, 0x00000000e785c8f8, 0x00000000e8000000)
  to   space 21824K,   0% used [0x00000000e5560000, 0x00000000e5560000, 0x00000000e6ab0000)
 concurrent mark-sweep generation total 393216K, used 25587K [0x00000000e8000000, 0x0000000100000000, 0x0000000100000000)
 Metaspace       used 31073K, capacity 31743K, committed 31996K, reserved 1077248K
  class space    used 3536K, capacity 3770K, committed 3836K, reserved 1048576K
2018-06-19T12:20:42.786+0200: 76,299: [GC (Allocation Failure) 2018-06-19T12:20:42.786+0200: 76,299: [ParNew
Desired survivor size 20112992 bytes, new threshold 8 (max 8)
- age   1:    1988384 bytes,    1988384 total
- age   2:     946072 bytes,    2934456 total
- age   3:     984912 bytes,    3919368 total
- age   4:     865936 bytes,    4785304 total
- age   5:     291056 bytes,    5076360 total
- age   6:     216896 bytes,    5293256 total
- age   7:     105944 bytes,    5399200 total
- age   8:     130216 bytes,    5529416 total
: 101426K->8721K(109248K), 0,0324164 secs] 127013K->40690K(502464K), 0,0325100 secs] [Times: user=0,08 sys=0,00, real=0,03 secs] 
Heap after GC invocations=18 (full 1):
 par new generation   total 109248K, used 8721K [0x00000000e0000000, 0x00000000e8000000, 0x00000000e8000000)
  eden space 87424K,   0% used [0x00000000e0000000, 0x00000000e0000000, 0x00000000e5560000)
  from space 21824K,  39% used [0x00000000e5560000, 0x00000000e5de4400, 0x00000000e6ab0000)
  to   space 21824K,   0% used [0x00000000e6ab0000, 0x00000000e6ab0000, 0x00000000e8000000)
 concurrent mark-sweep generation total 393216K, used 31969K [0x00000000e8000000, 0x0000000100000000, 0x0000000100000000)
 Metaspace       used 31073K, capacity 31743K, committed 31996K, reserved 1077248K
  class space    used 3536K, capacity 3770K, committed 3836K, reserved 1048576K
}
2018-06-19T12:20:42.818+0200: 76,332: Total time for which application threads were stopped: 0,0328184 seconds, Stopping threads took: 0,0000527 seconds
{Heap before GC invocations=18 (full 1):
 par new generation   total 109248K, used 96145K [0x00000000e0000000, 0x00000000e8000000, 0x00000000e8000000)
  eden space 87424K, 100% used [0x00000000e0000000, 0x00000000e5560000, 0x00000000e5560000)
  from space 21824K,  39% used [0x00000000e5560000, 0x00000000e5de4400, 0x00000000e6ab0000)
  to   space 21824K,   0% used [0x00000000e6ab0000, 0x00000000e6ab0000, 0x00000000e8000000)
 concurrent mark-sweep generation total 393216K, used 31969K [0x00000000e8000000, 0x0000000100000000, 0x0000000100000000)
 Metaspace       used 31088K, capacity 31743K, committed 31996K, reserved 1077248K
  class space    used 3536K, capacity 3770K, committed 3836K, reserved 1048576K
2018-06-19T12:20:42.945+0200: 76,458: [GC (Allocation Failure) 2018-06-19T12:20:42.945+0200: 76,458: [ParNew
Desired survivor size 20112992 bytes, new threshold 8 (max 8)
- age   1:    1730112 bytes,    1730112 total
- age   2:    1343672 bytes,    3073784 total
- age   3:     912608 bytes,    3986392 total
- age   4:     985320 bytes,    4971712 total
- age   5:     866248 bytes,    5837960 total
- age   6:     291056 bytes,    6129016 total
- age   7:     216896 bytes,    6345912 total
- age   8:     105896 bytes,    6451808 total
: 96145K->7002K(109248K), 0,0161385 secs] 128114K->39099K(502464K), 0,0162361 secs] [Times: user=0,03 sys=0,00, real=0,01 secs] 
Heap after GC invocations=19 (full 1):
 par new generation   total 109248K, used 7002K [0x00000000e0000000, 0x00000000e8000000, 0x00000000e8000000)
  eden space 87424K,   0% used [0x00000000e0000000, 0x00000000e0000000, 0x00000000e5560000)
  from space 21824K,  32% used [0x00000000e6ab0000, 0x00000000e7186b40, 0x00000000e8000000)
  to   space 21824K,   0% used [0x00000000e5560000, 0x00000000e5560000, 0x00000000e6ab0000)
 concurrent mark-sweep generation total 393216K, used 32096K [0x00000000e8000000, 0x0000000100000000, 0x0000000100000000)
 Metaspace       used 31088K, capacity 31743K, committed 31996K, reserved 1077248K
  class space    used 3536K, capacity 3770K, committed 3836K, reserved 1048576K
}
2018-06-19T12:20:42.961+0200: 76,474: Total time for which application threads were stopped: 0,0165082 seconds, Stopping threads took: 0,0000670 seconds
{Heap before GC invocations=19 (full 1):
 par new generation   total 109248K, used 94405K [0x00000000e0000000, 0x00000000e8000000, 0x00000000e8000000)
  eden space 87424K,  99% used [0x00000000e0000000, 0x00000000e555ac40, 0x00000000e5560000)
  from space 21824K,  32% used [0x00000000e6ab0000, 0x00000000e7186b40, 0x00000000e8000000)
  to   space 21824K,   0% used [0x00000000e5560000, 0x00000000e5560000, 0x00000000e6ab0000)
 concurrent mark-sweep generation total 393216K, used 32096K [0x00000000e8000000, 0x0000000100000000, 0x0000000100000000)
 Metaspace       used 31108K, capacity 31807K, committed 31996K, reserved 1077248K
  class space    used 3536K, capacity 3770K, committed 3836K, reserved 1048576K
2018-06-19T12:20:43.113+0200: 76,627: [GC (Allocation Failure) 2018-06-19T12:20:43.113+0200: 76,627: [ParNew
Desired survivor size 20112992 bytes, new threshold 8 (max 8)
- age   1:    2042232 bytes,    2042232 total
- age   2:     954856 bytes,    2997088 total
- age   3:    1244808 bytes,    4241896 total
- age   4:     912080 bytes,    5153976 total
- age   5:     985128 bytes,    6139104 total
- age   6:     866000 bytes,    7005104 total
- age   7:     291056 bytes,    7296160 total
- age   8:     216848 bytes,    7513008 total
: 94405K->8122K(109248K), 0,0137092 secs] 126502K->40322K(502464K), 0,0138998 secs] [Times: user=0,04 sys=0,00, real=0,01 secs] 
Heap after GC invocations=20 (full 1):
 par new generation   total 109248K, used 8122K [0x00000000e0000000, 0x00000000e8000000, 0x00000000e8000000)
  eden space 87424K,   0% used [0x00000000e0000000, 0x00000000e0000000, 0x00000000e5560000)
  from space 21824K,  37% used [0x00000000e5560000, 0x00000000e5d4ebe0, 0x00000000e6ab0000)
  to   space 21824K,   0% used [0x00000000e6ab0000, 0x00000000e6ab0000, 0x00000000e8000000)
 concurrent mark-sweep generation total 393216K, used 32199K [0x00000000e8000000, 0x0000000100000000, 0x0000000100000000)
 Metaspace       used 31108K, capacity 31807K, committed 31996K, reserved 1077248K
  class space    used 3536K, capacity 3770K, committed 3836K, reserved 1048576K
}
2018-06-19T12:20:43.127+0200: 76,641: Total time for which application threads were stopped: 0,0143831 seconds, Stopping threads took: 0,0001017 seconds
2018-06-19T12:20:43.170+0200: 76,684: Total time for which application threads were stopped: 0,0002059 seconds, Stopping threads took: 0,0000766 seconds
2018-06-19T12:20:43.176+0200: 76,689: Total time for which application threads were stopped: 0,0001595 seconds, Stopping threads took: 0,0000526 seconds
2018-06-19T12:20:43.177+0200: 76,691: Total time for which application threads were stopped: 0,0001500 seconds, Stopping threads took: 0,0000504 seconds
2018-06-19T12:20:43.232+0200: 76,745: Total time for which application threads were stopped: 0,0150889 seconds, Stopping threads took: 0,0149690 seconds
2018-06-19T12:20:43.238+0200: 76,752: Total time for which application threads were stopped: 0,0001500 seconds, Stopping threads took: 0,0000308 seconds
2018-06-19T12:20:43.239+0200: 76,752: Total time for which application threads were stopped: 0,0001351 seconds, Stopping threads took: 0,0000466 seconds
{Heap before GC invocations=20 (full 1):
 par new generation   total 109248K, used 95530K [0x00000000e0000000, 0x00000000e8000000, 0x00000000e8000000)
  eden space 87424K,  99% used [0x00000000e0000000, 0x00000000e555bc70, 0x00000000e5560000)
  from space 21824K,  37% used [0x00000000e5560000, 0x00000000e5d4ebe0, 0x00000000e6ab0000)
  to   space 21824K,   0% used [0x00000000e6ab0000, 0x00000000e6ab0000, 0x00000000e8000000)
 concurrent mark-sweep generation total 393216K, used 32199K [0x00000000e8000000, 0x0000000100000000, 0x0000000100000000)
 Metaspace       used 31121K, capacity 31871K, committed 32252K, reserved 1077248K
  class space    used 3536K, capacity 3770K, committed 3836K, reserved 1048576K
2018-06-19T12:20:43.351+0200: 76,864: [GC (Allocation Failure) 2018-06-19T12:20:43.351+0200: 76,864: [ParNew
Desired survivor size 20112992 bytes, new threshold 8 (max 8)
- age   1:    1735832 bytes,    1735832 total
- age   2:    1924608 bytes,    3660440 total
- age   3:     896032 bytes,    4556472 total
- age   4:    1186488 bytes,    5742960 total
- age   5:     853488 bytes,    6596448 total
- age   6:     931496 bytes,    7527944 total
- age   7:     756288 bytes,    8284232 total
- age   8:     290976 bytes,    8575208 total
: 95530K->11981K(109248K), 0,0469971 secs] 127729K->44392K(502464K), 0,0474373 secs] [Times: user=0,14 sys=0,00, real=0,05 secs] 
Heap after GC invocations=21 (full 1):
 par new generation   total 109248K, used 11981K [0x00000000e0000000, 0x00000000e8000000, 0x00000000e8000000)
  eden space 87424K,   0% used [0x00000000e0000000, 0x00000000e0000000, 0x00000000e5560000)
  from space 21824K,  54% used [0x00000000e6ab0000, 0x00000000e7663660, 0x00000000e8000000)
  to   space 21824K,   0% used [0x00000000e5560000, 0x00000000e5560000, 0x00000000e6ab0000)
 concurrent mark-sweep generation total 393216K, used 32410K [0x00000000e8000000, 0x0000000100000000, 0x0000000100000000)
 Metaspace       used 31121K, capacity 31871K, committed 32252K, reserved 1077248K
  class space    used 3536K, capacity 3770K, committed 3836K, reserved 1048576K
}
2018-06-19T12:20:43.399+0200: 76,912: Total time for which application threads were stopped: 0,0484418 seconds, Stopping threads took: 0,0001792 seconds
{Heap before GC invocations=21 (full 1):
 par new generation   total 109248K, used 99405K [0x00000000e0000000, 0x00000000e8000000, 0x00000000e8000000)
  eden space 87424K, 100% used [0x00000000e0000000, 0x00000000e5560000, 0x00000000e5560000)
  from space 21824K,  54% used [0x00000000e6ab0000, 0x00000000e7663660, 0x00000000e8000000)
  to   space 21824K,   0% used [0x00000000e5560000, 0x00000000e5560000, 0x00000000e6ab0000)
 concurrent mark-sweep generation total 393216K, used 32410K [0x00000000e8000000, 0x0000000100000000, 0x0000000100000000)
 Metaspace       used 31141K, capacity 31877K, committed 32252K, reserved 1077248K
  class space    used 3536K, capacity 3771K, committed 3836K, reserved 1048576K
2018-06-19T12:20:43.599+0200: 77,112: [GC (Allocation Failure) 2018-06-19T12:20:43.599+0200: 77,113: [ParNew
Desired survivor size 20112992 bytes, new threshold 8 (max 8)
- age   1:    1428208 bytes,    1428208 total
- age   2:    1336424 bytes,    2764632 total
- age   3:    1924584 bytes,    4689216 total
- age   4:     896032 bytes,    5585248 total
- age   5:    1186488 bytes,    6771736 total
- age   6:     853488 bytes,    7625224 total
- age   7:     931496 bytes,    8556720 total
- age   8:     756240 bytes,    9312960 total
: 99405K->12130K(109248K), 0,0269833 secs] 131816K->44824K(502464K), 0,0271286 secs] [Times: user=0,07 sys=0,00, real=0,03 secs] 
Heap after GC invocations=22 (full 1):
 par new generation   total 109248K, used 12130K [0x00000000e0000000, 0x00000000e8000000, 0x00000000e8000000)
  eden space 87424K,   0% used [0x00000000e0000000, 0x00000000e0000000, 0x00000000e5560000)
  from space 21824K,  55% used [0x00000000e5560000, 0x00000000e6138800, 0x00000000e6ab0000)
  to   space 21824K,   0% used [0x00000000e6ab0000, 0x00000000e6ab0000, 0x00000000e8000000)
 concurrent mark-sweep generation total 393216K, used 32694K [0x00000000e8000000, 0x0000000100000000, 0x0000000100000000)
 Metaspace       used 31141K, capacity 31877K, committed 32252K, reserved 1077248K
  class space    used 3536K, capacity 3771K, committed 3836K, reserved 1048576K
}
2018-06-19T12:20:43.626+0200: 77,140: Total time for which application threads were stopped: 0,0274893 seconds, Stopping threads took: 0,0000650 seconds
{Heap before GC invocations=22 (full 1):
 par new generation   total 109248K, used 99549K [0x00000000e0000000, 0x00000000e8000000, 0x00000000e8000000)
  eden space 87424K,  99% used [0x00000000e0000000, 0x00000000e555eec0, 0x00000000e5560000)
  from space 21824K,  55% used [0x00000000e5560000, 0x00000000e6138800, 0x00000000e6ab0000)
  to   space 21824K,   0% used [0x00000000e6ab0000, 0x00000000e6ab0000, 0x00000000e8000000)
 concurrent mark-sweep generation total 393216K, used 32694K [0x00000000e8000000, 0x0000000100000000, 0x0000000100000000)
 Metaspace       used 31162K, capacity 31877K, committed 32252K, reserved 1077248K
  class space    used 3536K, capacity 3771K, committed 3836K, reserved 1048576K
2018-06-19T12:20:43.786+0200: 77,300: [GC (Allocation Failure) 2018-06-19T12:20:43.787+0200: 77,300: [ParNew
Desired survivor size 20112992 bytes, new threshold 8 (max 8)
- age   1:    1326728 bytes,    1326728 total
- age   2:    1034720 bytes,    2361448 total
- age   3:    1336400 bytes,    3697848 total
- age   4:    1924584 bytes,    5622432 total
- age   5:     896032 bytes,    6518464 total
- age   6:    1186488 bytes,    7704952 total
- age   7:     853488 bytes,    8558440 total
- age   8:     931216 bytes,    9489656 total
: 99549K->10402K(109248K), 0,0234365 secs] 132244K->43841K(502464K), 0,0235255 secs] [Times: user=0,06 sys=0,00, real=0,02 secs] 
Heap after GC invocations=23 (full 1):
 par new generation   total 109248K, used 10402K [0x00000000e0000000, 0x00000000e8000000, 0x00000000e8000000)
  eden space 87424K,   0% used [0x00000000e0000000, 0x00000000e0000000, 0x00000000e5560000)
  from space 21824K,  47% used [0x00000000e6ab0000, 0x00000000e74d8bc8, 0x00000000e8000000)
  to   space 21824K,   0% used [0x00000000e5560000, 0x00000000e5560000, 0x00000000e6ab0000)
 concurrent mark-sweep generation total 393216K, used 33438K [0x00000000e8000000, 0x0000000100000000, 0x0000000100000000)
 Metaspace       used 31162K, capacity 31877K, committed 32252K, reserved 1077248K
  class space    used 3536K, capacity 3771K, committed 3836K, reserved 1048576K
}
2018-06-19T12:20:43.810+0200: 77,323: Total time for which application threads were stopped: 0,0238453 seconds, Stopping threads took: 0,0000847 seconds
{Heap before GC invocations=23 (full 1):
 par new generation   total 109248K, used 97826K [0x00000000e0000000, 0x00000000e8000000, 0x00000000e8000000)
  eden space 87424K, 100% used [0x00000000e0000000, 0x00000000e5560000, 0x00000000e5560000)
  from space 21824K,  47% used [0x00000000e6ab0000, 0x00000000e74d8bc8, 0x00000000e8000000)
  to   space 21824K,   0% used [0x00000000e5560000, 0x00000000e5560000, 0x00000000e6ab0000)
 concurrent mark-sweep generation total 393216K, used 33438K [0x00000000e8000000, 0x0000000100000000, 0x0000000100000000)
 Metaspace       used 31169K, capacity 31877K, committed 32252K, reserved 1077248K
  class space    used 3536K, capacity 3771K, committed 3836K, reserved 1048576K
2018-06-19T12:20:43.975+0200: 77,488: [GC (Allocation Failure) 2018-06-19T12:20:43.975+0200: 77,488: [ParNew
Desired survivor size 20112992 bytes, new threshold 8 (max 8)
- age   1:    2080680 bytes,    2080680 total
- age   2:     745024 bytes,    2825704 total
- age   3:     742392 bytes,    3568096 total
- age   4:    1093400 bytes,    4661496 total
- age   5:    1755712 bytes,    6417208 total
- age   6:     723864 bytes,    7141072 total
- age   7:    1015392 bytes,    8156464 total
- age   8:     681144 bytes,    8837608 total
: 97826K->12159K(109248K), 0,0421532 secs] 131265K->46352K(502464K), 0,0424923 secs] [Times: user=0,13 sys=0,00, real=0,04 secs] 
Heap after GC invocations=24 (full 1):
 par new generation   total 109248K, used 12159K [0x00000000e0000000, 0x00000000e8000000, 0x00000000e8000000)
  eden space 87424K,   0% used [0x00000000e0000000, 0x00000000e0000000, 0x00000000e5560000)
  from space 21824K,  55% used [0x00000000e5560000, 0x00000000e613fe10, 0x00000000e6ab0000)
  to   space 21824K,   0% used [0x00000000e6ab0000, 0x00000000e6ab0000, 0x00000000e8000000)
 concurrent mark-sweep generation total 393216K, used 34193K [0x00000000e8000000, 0x0000000100000000, 0x0000000100000000)
 Metaspace       used 31169K, capacity 31877K, committed 32252K, reserved 1077248K
  class space    used 3536K, capacity 3771K, committed 3836K, reserved 1048576K
}
2018-06-19T12:20:44.017+0200: 77,531: Total time for which application threads were stopped: 0,0430559 seconds, Stopping threads took: 0,0000562 seconds
{Heap before GC invocations=24 (full 1):
 par new generation   total 109248K, used 99583K [0x00000000e0000000, 0x00000000e8000000, 0x00000000e8000000)
  eden space 87424K, 100% used [0x00000000e0000000, 0x00000000e5560000, 0x00000000e5560000)
  from space 21824K,  55% used [0x00000000e5560000, 0x00000000e613fe10, 0x00000000e6ab0000)
  to   space 21824K,   0% used [0x00000000e6ab0000, 0x00000000e6ab0000, 0x00000000e8000000)
 concurrent mark-sweep generation total 393216K, used 34193K [0x00000000e8000000, 0x0000000100000000, 0x0000000100000000)
 Metaspace       used 31190K, capacity 31877K, committed 32252K, reserved 1077248K
  class space    used 3536K, capacity 3771K, committed 3836K, reserved 1048576K
2018-06-19T12:20:44.130+0200: 77,644: [GC (Allocation Failure) 2018-06-19T12:20:44.130+0200: 77,644: [ParNew
Desired survivor size 20112992 bytes, new threshold 8 (max 8)
- age   1:    1650008 bytes,    1650008 total
- age   2:    1464536 bytes,    3114544 total
- age   3:     746432 bytes,    3860976 total
- age   4:     744096 bytes,    4605072 total
- age   5:    1094320 bytes,    5699392 total
- age   6:    1755656 bytes,    7455048 total
- age   7:     723816 bytes,    8178864 total
- age   8:    1015160 bytes,    9194024 total
: 99583K->11841K(109248K), 0,0169657 secs] 133776K->46700K(502464K), 0,0170539 secs] [Times: user=0,07 sys=0,00, real=0,02 secs] 
Heap after GC invocations=25 (full 1):
 par new generation   total 109248K, used 11841K [0x00000000e0000000, 0x00000000e8000000, 0x00000000e8000000)
  eden space 87424K,   0% used [0x00000000e0000000, 0x00000000e0000000, 0x00000000e5560000)
  from space 21824K,  54% used [0x00000000e6ab0000, 0x00000000e7640700, 0x00000000e8000000)
  to   space 21824K,   0% used [0x00000000e5560000, 0x00000000e5560000, 0x00000000e6ab0000)
 concurrent mark-sweep generation total 393216K, used 34858K [0x00000000e8000000, 0x0000000100000000, 0x0000000100000000)
 Metaspace       used 31190K, capacity 31877K, committed 32252K, reserved 1077248K
  class space    used 3536K, capacity 3771K, committed 3836K, reserved 1048576K
}
2018-06-19T12:20:44.148+0200: 77,661: Total time for which application threads were stopped: 0,0172912 seconds, Stopping threads took: 0,0000353 seconds
2018-06-19T12:20:44.149+0200: 77,663: Total time for which application threads were stopped: 0,0001674 seconds, Stopping threads took: 0,0000666 seconds
2018-06-19T12:20:44.206+0200: 77,719: Total time for which application threads were stopped: 0,0094215 seconds, Stopping threads took: 0,0092698 seconds
2018-06-19T12:20:44.219+0200: 77,732: Total time for which application threads were stopped: 0,0001782 seconds, Stopping threads took: 0,0000628 seconds
2018-06-19T12:20:44.219+0200: 77,732: Total time for which application threads were stopped: 0,0001143 seconds, Stopping threads took: 0,0000322 seconds
2018-06-19T12:20:44.250+0200: 77,764: Total time for which application threads were stopped: 0,0001872 seconds, Stopping threads took: 0,0000906 seconds
2018-06-19T12:20:44.252+0200: 77,765: Total time for which application threads were stopped: 0,0001924 seconds, Stopping threads took: 0,0000893 seconds
2018-06-19T12:20:44.256+0200: 77,769: Total time for which application threads were stopped: 0,0001872 seconds, Stopping threads took: 0,0000870 seconds
{Heap before GC invocations=25 (full 1):
 par new generation   total 109248K, used 99265K [0x00000000e0000000, 0x00000000e8000000, 0x00000000e8000000)
  eden space 87424K, 100% used [0x00000000e0000000, 0x00000000e5560000, 0x00000000e5560000)
  from space 21824K,  54% used [0x00000000e6ab0000, 0x00000000e7640700, 0x00000000e8000000)
  to   space 21824K,   0% used [0x00000000e5560000, 0x00000000e5560000, 0x00000000e6ab0000)
 concurrent mark-sweep generation total 393216K, used 34858K [0x00000000e8000000, 0x0000000100000000, 0x0000000100000000)
 Metaspace       used 31198K, capacity 31877K, committed 32252K, reserved 1077248K
  class space    used 3536K, capacity 3771K, committed 3836K, reserved 1048576K
2018-06-19T12:20:44.275+0200: 77,788: [GC (Allocation Failure) 2018-06-19T12:20:44.275+0200: 77,789: [ParNew
Desired survivor size 20112992 bytes, new threshold 8 (max 8)
- age   1:    1625344 bytes,    1625344 total
- age   2:    1485560 bytes,    3110904 total
- age   3:    1406080 bytes,    4516984 total
- age   4:     698936 bytes,    5215920 total
- age   5:     696888 bytes,    5912808 total
- age   6:     964880 bytes,    6877688 total
- age   7:    1755608 bytes,    8633296 total
- age   8:     723584 bytes,    9356880 total
: 99265K->10522K(109248K), 0,0149827 secs] 134124K->46373K(502464K), 0,0150905 secs] [Times: user=0,06 sys=0,00, real=0,01 secs] 
Heap after GC invocations=26 (full 1):
 par new generation   total 109248K, used 10522K [0x00000000e0000000, 0x00000000e8000000, 0x00000000e8000000)
  eden space 87424K,   0% used [0x00000000e0000000, 0x00000000e0000000, 0x00000000e5560000)
  from space 21824K,  48% used [0x00000000e5560000, 0x00000000e5fa6b50, 0x00000000e6ab0000)
  to   space 21824K,   0% used [0x00000000e6ab0000, 0x00000000e6ab0000, 0x00000000e8000000)
 concurrent mark-sweep generation total 393216K, used 35850K [0x00000000e8000000, 0x0000000100000000, 0x0000000100000000)
 Metaspace       used 31198K, capacity 31877K, committed 32252K, reserved 1077248K
  class space    used 3536K, capacity 3771K, committed 3836K, reserved 1048576K
}
2018-06-19T12:20:44.290+0200: 77,804: Total time for which application threads were stopped: 0,0153385 seconds, Stopping threads took: 0,0000624 seconds
{Heap before GC invocations=26 (full 1):
 par new generation   total 109248K, used 97946K [0x00000000e0000000, 0x00000000e8000000, 0x00000000e8000000)
  eden space 87424K, 100% used [0x00000000e0000000, 0x00000000e5560000, 0x00000000e5560000)
  from space 21824K,  48% used [0x00000000e5560000, 0x00000000e5fa6b50, 0x00000000e6ab0000)
  to   space 21824K,   0% used [0x00000000e6ab0000, 0x00000000e6ab0000, 0x00000000e8000000)
 concurrent mark-sweep generation total 393216K, used 35850K [0x00000000e8000000, 0x0000000100000000, 0x0000000100000000)
 Metaspace       used 31203K, capacity 31877K, committed 32252K, reserved 1077248K
  class space    used 3536K, capacity 3771K, committed 3836K, reserved 1048576K
2018-06-19T12:20:44.365+0200: 77,879: [GC (Allocation Failure) 2018-06-19T12:20:44.366+0200: 77,879: [ParNew
Desired survivor size 20112992 bytes, new threshold 8 (max 8)
- age   1:    1446616 bytes,    1446616 total
- age   2:    1321688 bytes,    2768304 total
- age   3:    1485536 bytes,    4253840 total
- age   4:    1406080 bytes,    5659920 total
- age   5:     698936 bytes,    6358856 total
- age   6:     696888 bytes,    7055744 total
- age   7:     964832 bytes,    8020576 total
- age   8:    1755376 bytes,    9775952 total
: 97946K->14039K(109248K), 0,0268119 secs] 133797K->50596K(502464K), 0,0270987 secs] [Times: user=0,08 sys=0,00, real=0,03 secs] 
Heap after GC invocations=27 (full 1):
 par new generation   total 109248K, used 14039K [0x00000000e0000000, 0x00000000e8000000, 0x00000000e8000000)
  eden space 87424K,   0% used [0x00000000e0000000, 0x00000000e0000000, 0x00000000e5560000)
  from space 21824K,  64% used [0x00000000e6ab0000, 0x00000000e7865cd8, 0x00000000e8000000)
  to   space 21824K,   0% used [0x00000000e5560000, 0x00000000e5560000, 0x00000000e6ab0000)
 concurrent mark-sweep generation total 393216K, used 36557K [0x00000000e8000000, 0x0000000100000000, 0x0000000100000000)
 Metaspace       used 31203K, capacity 31877K, committed 32252K, reserved 1077248K
  class space    used 3536K, capacity 3771K, committed 3836K, reserved 1048576K
}
2018-06-19T12:20:44.393+0200: 77,906: Total time for which application threads were stopped: 0,0276033 seconds, Stopping threads took: 0,0000662 seconds
2018-06-19T12:20:44.447+0200: 77,961: Total time for which application threads were stopped: 0,0001771 seconds, Stopping threads took: 0,0000465 seconds
2018-06-19T12:20:44.448+0200: 77,961: Total time for which application threads were stopped: 0,0001313 seconds, Stopping threads took: 0,0000536 seconds
{Heap before GC invocations=27 (full 1):
 par new generation   total 109248K, used 101431K [0x00000000e0000000, 0x00000000e8000000, 0x00000000e8000000)
  eden space 87424K,  99% used [0x00000000e0000000, 0x00000000e5558218, 0x00000000e5560000)
  from space 21824K,  64% used [0x00000000e6ab0000, 0x00000000e7865cd8, 0x00000000e8000000)
  to   space 21824K,   0% used [0x00000000e5560000, 0x00000000e5560000, 0x00000000e6ab0000)
 concurrent mark-sweep generation total 393216K, used 36557K [0x00000000e8000000, 0x0000000100000000, 0x0000000100000000)
 Metaspace       used 31237K, capacity 31877K, committed 32252K, reserved 1077248K
  class space    used 3536K, capacity 3771K, committed 3836K, reserved 1048576K
2018-06-19T12:20:44.485+0200: 77,999: [GC (Allocation Failure) 2018-06-19T12:20:44.485+0200: 77,999: [ParNew
Desired survivor size 20112992 bytes, new threshold 8 (max 8)
- age   1:    1839608 bytes,    1839608 total
- age   2:     958448 bytes,    2798056 total
- age   3:    1038544 bytes,    3836600 total
- age   4:      79912 bytes,    3916512 total
- age   5:     155608 bytes,    4072120 total
- age   6:      68792 bytes,    4140912 total
- age   7:      70520 bytes,    4211432 total
- age   8:     122800 bytes,    4334232 total
: 101431K->6982K(109248K), 0,0128961 secs] 137989K->45254K(502464K), 0,0129969 secs] [Times: user=0,05 sys=0,00, real=0,01 secs] 
Heap after GC invocations=28 (full 1):
 par new generation   total 109248K, used 6982K [0x00000000e0000000, 0x00000000e8000000, 0x00000000e8000000)
  eden space 87424K,   0% used [0x00000000e0000000, 0x00000000e0000000, 0x00000000e5560000)
  from space 21824K,  31% used [0x00000000e5560000, 0x00000000e5c31848, 0x00000000e6ab0000)
  to   space 21824K,   0% used [0x00000000e6ab0000, 0x00000000e6ab0000, 0x00000000e8000000)
 concurrent mark-sweep generation total 393216K, used 38272K [0x00000000e8000000, 0x0000000100000000, 0x0000000100000000)
 Metaspace       used 31237K, capacity 31877K, committed 32252K, reserved 1077248K
  class space    used 3536K, capacity 3771K, committed 3836K, reserved 1048576K
}
2018-06-19T12:20:44.498+0200: 78,012: Total time for which application threads were stopped: 0,0132389 seconds, Stopping threads took: 0,0000396 seconds
{Heap before GC invocations=28 (full 1):
 par new generation   total 109248K, used 94406K [0x00000000e0000000, 0x00000000e8000000, 0x00000000e8000000)
  eden space 87424K, 100% used [0x00000000e0000000, 0x00000000e5560000, 0x00000000e5560000)
  from space 21824K,  31% used [0x00000000e5560000, 0x00000000e5c31848, 0x00000000e6ab0000)
  to   space 21824K,   0% used [0x00000000e6ab0000, 0x00000000e6ab0000, 0x00000000e8000000)
 concurrent mark-sweep generation total 393216K, used 38272K [0x00000000e8000000, 0x0000000100000000, 0x0000000100000000)
 Metaspace       used 31241K, capacity 31877K, committed 32252K, reserved 1077248K
  class space    used 3536K, capacity 3771K, committed 3836K, reserved 1048576K
2018-06-19T12:20:44.597+0200: 78,110: [GC (Allocation Failure) 2018-06-19T12:20:44.597+0200: 78,111: [ParNew
Desired survivor size 20112992 bytes, new threshold 8 (max 8)
- age   1:    1695176 bytes,    1695176 total
- age   2:    1332520 bytes,    3027696 total
- age   3:     862064 bytes,    3889760 total
- age   4:    1040536 bytes,    4930296 total
- age   5:      79912 bytes,    5010208 total
- age   6:     154792 bytes,    5165000 total
- age   7:      68744 bytes,    5233744 total
- age   8:      70288 bytes,    5304032 total
: 94406K->6200K(109248K), 0,0127617 secs] 132678K->44592K(502464K), 0,0128389 secs] [Times: user=0,05 sys=0,00, real=0,01 secs] 
Heap after GC invocations=29 (full 1):
 par new generation   total 109248K, used 6200K [0x00000000e0000000, 0x00000000e8000000, 0x00000000e8000000)
  eden space 87424K,   0% used [0x00000000e0000000, 0x00000000e0000000, 0x00000000e5560000)
  from space 21824K,  28% used [0x00000000e6ab0000, 0x00000000e70be1b0, 0x00000000e8000000)
  to   space 21824K,   0% used [0x00000000e5560000, 0x00000000e5560000, 0x00000000e6ab0000)
 concurrent mark-sweep generation total 393216K, used 38392K [0x00000000e8000000, 0x0000000100000000, 0x0000000100000000)
 Metaspace       used 31241K, capacity 31877K, committed 32252K, reserved 1077248K
  class space    used 3536K, capacity 3771K, committed 3836K, reserved 1048576K
}
2018-06-19T12:20:44.610+0200: 78,123: Total time for which application threads were stopped: 0,0130614 seconds, Stopping threads took: 0,0000425 seconds
{Heap before GC invocations=29 (full 1):
 par new generation   total 109248K, used 93624K [0x00000000e0000000, 0x00000000e8000000, 0x00000000e8000000)
  eden space 87424K, 100% used [0x00000000e0000000, 0x00000000e5560000, 0x00000000e5560000)
  from space 21824K,  28% used [0x00000000e6ab0000, 0x00000000e70be1b0, 0x00000000e8000000)
  to   space 21824K,   0% used [0x00000000e5560000, 0x00000000e5560000, 0x00000000e6ab0000)
 concurrent mark-sweep generation total 393216K, used 38392K [0x00000000e8000000, 0x0000000100000000, 0x0000000100000000)
 Metaspace       used 31242K, capacity 31877K, committed 32252K, reserved 1077248K
  class space    used 3536K, capacity 3771K, committed 3836K, reserved 1048576K
2018-06-19T12:20:44.710+0200: 78,223: [GC (Allocation Failure) 2018-06-19T12:20:44.710+0200: 78,223: [ParNew
Desired survivor size 20112992 bytes, new threshold 8 (max 8)
- age   1:    1471496 bytes,    1471496 total
- age   2:    1135496 bytes,    2606992 total
- age   3:    1331896 bytes,    3938888 total
- age   4:     861368 bytes,    4800256 total
- age   5:    1039976 bytes,    5840232 total
- age   6:      79912 bytes,    5920144 total
- age   7:     154744 bytes,    6074888 total
- age   8:      68512 bytes,    6143400 total
: 93624K->7771K(109248K), 0,0135813 secs] 132016K->46232K(502464K), 0,0136690 secs] [Times: user=0,05 sys=0,00, real=0,01 secs] 
Heap after GC invocations=30 (full 1):
 par new generation   total 109248K, used 7771K [0x00000000e0000000, 0x00000000e8000000, 0x00000000e8000000)
  eden space 87424K,   0% used [0x00000000e0000000, 0x00000000e0000000, 0x00000000e5560000)
  from space 21824K,  35% used [0x00000000e5560000, 0x00000000e5cf6f00, 0x00000000e6ab0000)
  to   space 21824K,   0% used [0x00000000e6ab0000, 0x00000000e6ab0000, 0x00000000e8000000)
 concurrent mark-sweep generation total 393216K, used 38460K [0x00000000e8000000, 0x0000000100000000, 0x0000000100000000)
 Metaspace       used 31242K, capacity 31877K, committed 32252K, reserved 1077248K
  class space    used 3536K, capacity 3771K, committed 3836K, reserved 1048576K
}
2018-06-19T12:20:44.724+0200: 78,237: Total time for which application threads were stopped: 0,0139181 seconds, Stopping threads took: 0,0000413 seconds
2018-06-19T12:20:44.816+0200: 78,329: Total time for which application threads were stopped: 0,0001316 seconds, Stopping threads took: 0,0000316 seconds
2018-06-19T12:20:44.820+0200: 78,334: Total time for which application threads were stopped: 0,0001172 seconds, Stopping threads took: 0,0000255 seconds
2018-06-19T12:20:44.821+0200: 78,334: Total time for which application threads were stopped: 0,0001926 seconds, Stopping threads took: 0,0000141 seconds
2018-06-19T12:20:44.969+0200: 78,483: Total time for which application threads were stopped: 0,0001432 seconds, Stopping threads took: 0,0000362 seconds
2018-06-19T12:20:44.970+0200: 78,483: Total time for which application threads were stopped: 0,0000930 seconds, Stopping threads took: 0,0000327 seconds
2018-06-19T12:20:44.970+0200: 78,483: Total time for which application threads were stopped: 0,0000688 seconds, Stopping threads took: 0,0000253 seconds
2018-06-19T12:20:44.970+0200: 78,483: Total time for which application threads were stopped: 0,0000627 seconds, Stopping threads took: 0,0000231 seconds
2018-06-19T12:20:44.994+0200: 78,507: Total time for which application threads were stopped: 0,0001394 seconds, Stopping threads took: 0,0000501 seconds
2018-06-19T12:20:45.004+0200: 78,517: Total time for which application threads were stopped: 0,0001180 seconds, Stopping threads took: 0,0000464 seconds
2018-06-19T12:20:45.004+0200: 78,518: Total time for which application threads were stopped: 0,0000851 seconds, Stopping threads took: 0,0000321 seconds
2018-06-19T12:20:45.005+0200: 78,518: Total time for which application threads were stopped: 0,0000914 seconds, Stopping threads took: 0,0000401 seconds
2018-06-19T12:20:45.005+0200: 78,519: Total time for which application threads were stopped: 0,0000953 seconds, Stopping threads took: 0,0000375 seconds
2018-06-19T12:20:45.006+0200: 78,519: Total time for which application threads were stopped: 0,0001065 seconds, Stopping threads took: 0,0000438 seconds
2018-06-19T12:20:45.007+0200: 78,520: Total time for which application threads were stopped: 0,0001017 seconds, Stopping threads took: 0,0000387 seconds
2018-06-19T12:20:45.010+0200: 78,524: Total time for which application threads were stopped: 0,0001730 seconds, Stopping threads took: 0,0000522 seconds
2018-06-19T12:20:45.011+0200: 78,524: Total time for which application threads were stopped: 0,0001269 seconds, Stopping threads took: 0,0000504 seconds
2018-06-19T12:20:45.011+0200: 78,525: Total time for which application threads were stopped: 0,0000820 seconds, Stopping threads took: 0,0000332 seconds
2018-06-19T12:20:45.012+0200: 78,525: Total time for which application threads were stopped: 0,0001158 seconds, Stopping threads took: 0,0000422 seconds
2018-06-19T12:20:45.012+0200: 78,525: Total time for which application threads were stopped: 0,0000984 seconds, Stopping threads took: 0,0000294 seconds
2018-06-19T12:20:45.012+0200: 78,526: Total time for which application threads were stopped: 0,0001011 seconds, Stopping threads took: 0,0000371 seconds
2018-06-19T12:20:45.013+0200: 78,526: Total time for which application threads were stopped: 0,0000969 seconds, Stopping threads took: 0,0000310 seconds
2018-06-19T12:20:45.013+0200: 78,526: Total time for which application threads were stopped: 0,0001000 seconds, Stopping threads took: 0,0000325 seconds
2018-06-19T12:20:45.013+0200: 78,527: Total time for which application threads were stopped: 0,0002207 seconds, Stopping threads took: 0,0000259 seconds
2018-06-19T12:20:45.450+0200: 78,963: Total time for which application threads were stopped: 0,0002014 seconds, Stopping threads took: 0,0001144 seconds
2018-06-19T12:20:45.450+0200: 78,963: Total time for which application threads were stopped: 0,0000588 seconds, Stopping threads took: 0,0000118 seconds
2018-06-19T12:20:45.450+0200: 78,964: Total time for which application threads were stopped: 0,0000328 seconds, Stopping threads took: 0,0000090 seconds
2018-06-19T12:20:45.450+0200: 78,964: Total time for which application threads were stopped: 0,0000375 seconds, Stopping threads took: 0,0000142 seconds
2018-06-19T12:20:45.450+0200: 78,964: Total time for which application threads were stopped: 0,0000784 seconds, Stopping threads took: 0,0000402 seconds
2018-06-19T12:20:45.453+0200: 78,967: Total time for which application threads were stopped: 0,0001223 seconds, Stopping threads took: 0,0000480 seconds
2018-06-19T12:20:46.454+0200: 79,967: Total time for which application threads were stopped: 0,0001119 seconds, Stopping threads took: 0,0000183 seconds
2018-06-19T12:20:46.525+0200: 80,038: Total time for which application threads were stopped: 0,0005660 seconds, Stopping threads took: 0,0000264 seconds
2018-06-19T12:20:46.526+0200: 80,039: Total time for which application threads were stopped: 0,0005459 seconds, Stopping threads took: 0,0000182 seconds
2018-06-19T12:20:46.530+0200: 80,043: Total time for which application threads were stopped: 0,0001436 seconds, Stopping threads took: 0,0000420 seconds
2018-06-19T12:20:46.539+0200: 80,052: Total time for which application threads were stopped: 0,0031028 seconds, Stopping threads took: 0,0030084 seconds
2018-06-19T12:20:46.540+0200: 80,053: Total time for which application threads were stopped: 0,0001134 seconds, Stopping threads took: 0,0000606 seconds
2018-06-19T12:20:46.545+0200: 80,059: Total time for which application threads were stopped: 0,0001259 seconds, Stopping threads took: 0,0000409 seconds
2018-06-19T12:20:46.549+0200: 80,062: Total time for which application threads were stopped: 0,0031648 seconds, Stopping threads took: 0,0031070 seconds
2018-06-19T12:20:46.552+0200: 80,065: Total time for which application threads were stopped: 0,0004062 seconds, Stopping threads took: 0,0003096 seconds
2018-06-19T12:20:46.556+0200: 80,070: Total time for which application threads were stopped: 0,0002820 seconds, Stopping threads took: 0,0001945 seconds
2018-06-19T12:20:46.558+0200: 80,071: Total time for which application threads were stopped: 0,0001537 seconds, Stopping threads took: 0,0000708 seconds
2018-06-19T12:20:46.559+0200: 80,073: Total time for which application threads were stopped: 0,0001199 seconds, Stopping threads took: 0,0000530 seconds
2018-06-19T12:20:46.560+0200: 80,073: Total time for which application threads were stopped: 0,0000870 seconds, Stopping threads took: 0,0000409 seconds
2018-06-19T12:20:46.560+0200: 80,073: Total time for which application threads were stopped: 0,0000740 seconds, Stopping threads took: 0,0000315 seconds
2018-06-19T12:20:46.560+0200: 80,074: Total time for which application threads were stopped: 0,0000655 seconds, Stopping threads took: 0,0000326 seconds
2018-06-19T12:20:46.560+0200: 80,074: Total time for which application threads were stopped: 0,0000540 seconds, Stopping threads took: 0,0000213 seconds
2018-06-19T12:20:46.560+0200: 80,074: Total time for which application threads were stopped: 0,0000531 seconds, Stopping threads took: 0,0000271 seconds
2018-06-19T12:20:46.561+0200: 80,074: Total time for which application threads were stopped: 0,0000609 seconds, Stopping threads took: 0,0000209 seconds
2018-06-19T12:20:46.561+0200: 80,074: Total time for which application threads were stopped: 0,0001921 seconds, Stopping threads took: 0,0001433 seconds
2018-06-19T12:20:46.561+0200: 80,074: Total time for which application threads were stopped: 0,0000429 seconds, Stopping threads took: 0,0000101 seconds
2018-06-19T12:20:46.561+0200: 80,075: Total time for which application threads were stopped: 0,0000894 seconds, Stopping threads took: 0,0000176 seconds
2018-06-19T12:20:46.562+0200: 80,075: Total time for which application threads were stopped: 0,0000598 seconds, Stopping threads took: 0,0000323 seconds
2018-06-19T12:20:46.562+0200: 80,076: Total time for which application threads were stopped: 0,0000658 seconds, Stopping threads took: 0,0000234 seconds
2018-06-19T12:20:46.563+0200: 80,076: Total time for which application threads were stopped: 0,0000695 seconds, Stopping threads took: 0,0000406 seconds
2018-06-19T12:20:46.563+0200: 80,076: Total time for which application threads were stopped: 0,0000572 seconds, Stopping threads took: 0,0000338 seconds
2018-06-19T12:20:46.563+0200: 80,076: Total time for which application threads were stopped: 0,0000608 seconds, Stopping threads took: 0,0000345 seconds
2018-06-19T12:20:46.563+0200: 80,076: Total time for which application threads were stopped: 0,0001140 seconds, Stopping threads took: 0,0000096 seconds
2018-06-19T12:20:46.563+0200: 80,076: Total time for which application threads were stopped: 0,0000582 seconds, Stopping threads took: 0,0000240 seconds
2018-06-19T12:20:46.563+0200: 80,077: Total time for which application threads were stopped: 0,0000430 seconds, Stopping threads took: 0,0000202 seconds
2018-06-19T12:20:46.563+0200: 80,077: Total time for which application threads were stopped: 0,0000426 seconds, Stopping threads took: 0,0000194 seconds
2018-06-19T12:20:46.564+0200: 80,078: Total time for which application threads were stopped: 0,0001290 seconds, Stopping threads took: 0,0000762 seconds
2018-06-19T12:20:46.565+0200: 80,078: Total time for which application threads were stopped: 0,0000429 seconds, Stopping threads took: 0,0000187 seconds
2018-06-19T12:20:46.565+0200: 80,078: Total time for which application threads were stopped: 0,0000415 seconds, Stopping threads took: 0,0000194 seconds
2018-06-19T12:20:46.565+0200: 80,078: Total time for which application threads were stopped: 0,0000578 seconds, Stopping threads took: 0,0000341 seconds
2018-06-19T12:20:46.565+0200: 80,078: Total time for which application threads were stopped: 0,0000518 seconds, Stopping threads took: 0,0000286 seconds
2018-06-19T12:20:46.565+0200: 80,078: Total time for which application threads were stopped: 0,0000413 seconds, Stopping threads took: 0,0000187 seconds
2018-06-19T12:20:46.565+0200: 80,078: Total time for which application threads were stopped: 0,0000512 seconds, Stopping threads took: 0,0000287 seconds
2018-06-19T12:20:46.565+0200: 80,078: Total time for which application threads were stopped: 0,0000462 seconds, Stopping threads took: 0,0000245 seconds
2018-06-19T12:20:46.565+0200: 80,078: Total time for which application threads were stopped: 0,0000400 seconds, Stopping threads took: 0,0000179 seconds
2018-06-19T12:20:46.565+0200: 80,078: Total time for which application threads were stopped: 0,0000438 seconds, Stopping threads took: 0,0000230 seconds
2018-06-19T12:20:46.566+0200: 80,079: Total time for which application threads were stopped: 0,0001131 seconds, Stopping threads took: 0,0000529 seconds
2018-06-19T12:20:46.566+0200: 80,080: Total time for which application threads were stopped: 0,0001192 seconds, Stopping threads took: 0,0000762 seconds
2018-06-19T12:20:46.566+0200: 80,080: Total time for which application threads were stopped: 0,0000462 seconds, Stopping threads took: 0,0000239 seconds
2018-06-19T12:20:46.567+0200: 80,080: Total time for which application threads were stopped: 0,0000572 seconds, Stopping threads took: 0,0000336 seconds
2018-06-19T12:20:46.569+0200: 80,082: Total time for which application threads were stopped: 0,0000949 seconds, Stopping threads took: 0,0000359 seconds
2018-06-19T12:20:46.569+0200: 80,082: Total time for which application threads were stopped: 0,0000883 seconds, Stopping threads took: 0,0000624 seconds
2018-06-19T12:20:46.569+0200: 80,082: Total time for which application threads were stopped: 0,0000590 seconds, Stopping threads took: 0,0000214 seconds
2018-06-19T12:20:46.569+0200: 80,083: Total time for which application threads were stopped: 0,0000434 seconds, Stopping threads took: 0,0000192 seconds
2018-06-19T12:20:46.569+0200: 80,083: Total time for which application threads were stopped: 0,0000455 seconds, Stopping threads took: 0,0000222 seconds
2018-06-19T12:20:46.570+0200: 80,084: Total time for which application threads were stopped: 0,0001151 seconds, Stopping threads took: 0,0000444 seconds
2018-06-19T12:20:46.574+0200: 80,087: Total time for which application threads were stopped: 0,0001217 seconds, Stopping threads took: 0,0000513 seconds
Heap
 par new generation   total 109248K, used 85430K [0x00000000e0000000, 0x00000000e8000000, 0x00000000e8000000)
  eden space 87424K,  88% used [0x00000000e0000000, 0x00000000e4bd6988, 0x00000000e5560000)
  from space 21824K,  35% used [0x00000000e5560000, 0x00000000e5cf6f00, 0x00000000e6ab0000)
  to   space 21824K,   0% used [0x00000000e6ab0000, 0x00000000e6ab0000, 0x00000000e8000000)
 concurrent mark-sweep generation total 393216K, used 38460K [0x00000000e8000000, 0x0000000100000000, 0x0000000100000000)
 Metaspace       used 31362K, capacity 32089K, committed 32252K, reserved 1077248K
  class space    used 3547K, capacity 3773K, committed 3836K, reserved 1048576K
