OpenJDK 64-Bit Server VM (25.171-b11) for linux-amd64 JRE (1.8.0_171-8u171-b11-0ubuntu0.16.04.1-b11), built on Apr 27 2018 17:19:03 by "buildd" with gcc 5.4.0 20160609
Memory: 4k page, physical 7867600k(809440k free), swap 8076284k(8009580k free)
CommandLine flags: -XX:CMSInitiatingOccupancyFraction=50 -XX:CMSMaxAbortablePrecleanTime=6000 -XX:+CMSParallelRemarkEnabled -XX:+CMSScavengeBeforeRemark -XX:ConcGCThreads=4 -XX:InitialHeapSize=536870912 -XX:MaxHeapSize=536870912 -XX:MaxTenuringThreshold=8 -XX:NewRatio=3 -XX:OldPLABSize=16 -XX:OnOutOfMemoryError=/home/gurnoor/workspace/QTM/solr/bin/oom_solr.sh 8983 /home/gurnoor/workspace/QTM/solr/server/logs -XX:ParallelGCThreads=4 -XX:+ParallelRefProcEnabled -XX:PretenureSizeThreshold=67108864 -XX:+PrintGC -XX:+PrintGCApplicationStoppedTime -XX:+PrintGCDateStamps -XX:+PrintGCDetails -XX:+PrintGCTimeStamps -XX:+PrintHeapAtGC -XX:+PrintTenuringDistribution -XX:SurvivorRatio=4 -XX:TargetSurvivorRatio=90 -XX:ThreadStackSize=256 -XX:+UseCMSInitiatingOccupancyOnly -XX:+UseCompressedClassPointers -XX:+UseCompressedOops -XX:+UseConcMarkSweepGC -XX:+UseParNewGC 
2018-06-19T14:49:04.729+0200: 0,126: Total time for which application threads were stopped: 0,0000764 seconds, Stopping threads took: 0,0000136 seconds
2018-06-19T14:49:04.794+0200: 0,191: Total time for which application threads were stopped: 0,0001458 seconds, Stopping threads took: 0,0000406 seconds
2018-06-19T14:49:04.806+0200: 0,203: Total time for which application threads were stopped: 0,0000775 seconds, Stopping threads took: 0,0000132 seconds
2018-06-19T14:49:04.920+0200: 0,317: Total time for which application threads were stopped: 0,0001670 seconds, Stopping threads took: 0,0000267 seconds
2018-06-19T14:49:05.089+0200: 0,486: Total time for which application threads were stopped: 0,0001398 seconds, Stopping threads took: 0,0000176 seconds
2018-06-19T14:49:05.143+0200: 0,540: Total time for which application threads were stopped: 0,0001531 seconds, Stopping threads took: 0,0000145 seconds
2018-06-19T14:49:05.163+0200: 0,560: Total time for which application threads were stopped: 0,0001637 seconds, Stopping threads took: 0,0000266 seconds
2018-06-19T14:49:05.348+0200: 0,746: Total time for which application threads were stopped: 0,0001857 seconds, Stopping threads took: 0,0000203 seconds
2018-06-19T14:49:05.489+0200: 0,886: Total time for which application threads were stopped: 0,0002398 seconds, Stopping threads took: 0,0000215 seconds
2018-06-19T14:49:05.509+0200: 0,906: Total time for which application threads were stopped: 0,0001935 seconds, Stopping threads took: 0,0000198 seconds
2018-06-19T14:49:05.534+0200: 0,931: Total time for which application threads were stopped: 0,0002284 seconds, Stopping threads took: 0,0000283 seconds
2018-06-19T14:49:05.535+0200: 0,933: Total time for which application threads were stopped: 0,0002368 seconds, Stopping threads took: 0,0000267 seconds
2018-06-19T14:49:05.548+0200: 0,945: Total time for which application threads were stopped: 0,0002302 seconds, Stopping threads took: 0,0000339 seconds
2018-06-19T14:49:05.614+0200: 1,011: Total time for which application threads were stopped: 0,0002594 seconds, Stopping threads took: 0,0000269 seconds
2018-06-19T14:49:05.785+0200: 1,182: Total time for which application threads were stopped: 0,0003935 seconds, Stopping threads took: 0,0001422 seconds
{Heap before GC invocations=0 (full 0):
 par new generation   total 109248K, used 87424K [0x00000000e0000000, 0x00000000e8000000, 0x00000000e8000000)
  eden space 87424K, 100% used [0x00000000e0000000, 0x00000000e5560000, 0x00000000e5560000)
  from space 21824K,   0% used [0x00000000e5560000, 0x00000000e5560000, 0x00000000e6ab0000)
  to   space 21824K,   0% used [0x00000000e6ab0000, 0x00000000e6ab0000, 0x00000000e8000000)
 concurrent mark-sweep generation total 393216K, used 0K [0x00000000e8000000, 0x0000000100000000, 0x0000000100000000)
 Metaspace       used 17891K, capacity 18248K, committed 18304K, reserved 1064960K
  class space    used 2025K, capacity 2166K, committed 2176K, reserved 1048576K
2018-06-19T14:49:05.835+0200: 1,232: [GC (Allocation Failure) 2018-06-19T14:49:05.835+0200: 1,232: [ParNew
Desired survivor size 20112992 bytes, new threshold 8 (max 8)
- age   1:   11627440 bytes,   11627440 total
: 87424K->11461K(109248K), 0,0115399 secs] 87424K->11461K(502464K), 0,0116198 secs] [Times: user=0,04 sys=0,00, real=0,01 secs] 
Heap after GC invocations=1 (full 0):
 par new generation   total 109248K, used 11461K [0x00000000e0000000, 0x00000000e8000000, 0x00000000e8000000)
  eden space 87424K,   0% used [0x00000000e0000000, 0x00000000e0000000, 0x00000000e5560000)
  from space 21824K,  52% used [0x00000000e6ab0000, 0x00000000e75e1650, 0x00000000e8000000)
  to   space 21824K,   0% used [0x00000000e5560000, 0x00000000e5560000, 0x00000000e6ab0000)
 concurrent mark-sweep generation total 393216K, used 0K [0x00000000e8000000, 0x0000000100000000, 0x0000000100000000)
 Metaspace       used 17891K, capacity 18248K, committed 18304K, reserved 1064960K
  class space    used 2025K, capacity 2166K, committed 2176K, reserved 1048576K
}
2018-06-19T14:49:05.847+0200: 1,244: Total time for which application threads were stopped: 0,0160573 seconds, Stopping threads took: 0,0042238 seconds
2018-06-19T14:49:06.109+0200: 1,507: Total time for which application threads were stopped: 0,0004151 seconds, Stopping threads took: 0,0000708 seconds
2018-06-19T14:49:06.151+0200: 1,548: Total time for which application threads were stopped: 0,0004949 seconds, Stopping threads took: 0,0001383 seconds
{Heap before GC invocations=1 (full 0):
 par new generation   total 109248K, used 98885K [0x00000000e0000000, 0x00000000e8000000, 0x00000000e8000000)
  eden space 87424K, 100% used [0x00000000e0000000, 0x00000000e5560000, 0x00000000e5560000)
  from space 21824K,  52% used [0x00000000e6ab0000, 0x00000000e75e1650, 0x00000000e8000000)
  to   space 21824K,   0% used [0x00000000e5560000, 0x00000000e5560000, 0x00000000e6ab0000)
 concurrent mark-sweep generation total 393216K, used 0K [0x00000000e8000000, 0x0000000100000000, 0x0000000100000000)
 Metaspace       used 20107K, capacity 20488K, committed 20736K, reserved 1067008K
  class space    used 2300K, capacity 2468K, committed 2560K, reserved 1048576K
2018-06-19T14:49:06.162+0200: 1,559: [GC (Allocation Failure) 2018-06-19T14:49:06.162+0200: 1,559: [ParNew
Desired survivor size 20112992 bytes, new threshold 8 (max 8)
- age   1:    3104024 bytes,    3104024 total
- age   2:    6106192 bytes,    9210216 total
: 98885K->12791K(109248K), 0,0150602 secs] 98885K->12791K(502464K), 0,0151305 secs] [Times: user=0,04 sys=0,01, real=0,02 secs] 
Heap after GC invocations=2 (full 0):
 par new generation   total 109248K, used 12791K [0x00000000e0000000, 0x00000000e8000000, 0x00000000e8000000)
  eden space 87424K,   0% used [0x00000000e0000000, 0x00000000e0000000, 0x00000000e5560000)
  from space 21824K,  58% used [0x00000000e5560000, 0x00000000e61ddd30, 0x00000000e6ab0000)
  to   space 21824K,   0% used [0x00000000e6ab0000, 0x00000000e6ab0000, 0x00000000e8000000)
 concurrent mark-sweep generation total 393216K, used 0K [0x00000000e8000000, 0x0000000100000000, 0x0000000100000000)
 Metaspace       used 20107K, capacity 20488K, committed 20736K, reserved 1067008K
  class space    used 2300K, capacity 2468K, committed 2560K, reserved 1048576K
}
2018-06-19T14:49:06.177+0200: 1,574: Total time for which application threads were stopped: 0,0180097 seconds, Stopping threads took: 0,0027614 seconds
2018-06-19T14:49:06.205+0200: 1,603: Total time for which application threads were stopped: 0,0004334 seconds, Stopping threads took: 0,0000553 seconds
2018-06-19T14:49:06.339+0200: 1,737: Total time for which application threads were stopped: 0,0002752 seconds, Stopping threads took: 0,0000757 seconds
{Heap before GC invocations=2 (full 0):
 par new generation   total 109248K, used 100215K [0x00000000e0000000, 0x00000000e8000000, 0x00000000e8000000)
  eden space 87424K, 100% used [0x00000000e0000000, 0x00000000e5560000, 0x00000000e5560000)
  from space 21824K,  58% used [0x00000000e5560000, 0x00000000e61ddd30, 0x00000000e6ab0000)
  to   space 21824K,   0% used [0x00000000e6ab0000, 0x00000000e6ab0000, 0x00000000e8000000)
 concurrent mark-sweep generation total 393216K, used 0K [0x00000000e8000000, 0x0000000100000000, 0x0000000100000000)
 Metaspace       used 21006K, capacity 21346K, committed 21628K, reserved 1069056K
  class space    used 2420K, capacity 2587K, committed 2684K, reserved 1048576K
2018-06-19T14:49:06.396+0200: 1,793: [GC (Allocation Failure) 2018-06-19T14:49:06.396+0200: 1,793: [ParNew
Desired survivor size 20112992 bytes, new threshold 8 (max 8)
- age   1:    2070432 bytes,    2070432 total
- age   2:     849376 bytes,    2919808 total
- age   3:    6104128 bytes,    9023936 total
: 100215K->11700K(109248K), 0,0156164 secs] 100215K->11700K(502464K), 0,0157121 secs] [Times: user=0,05 sys=0,00, real=0,02 secs] 
Heap after GC invocations=3 (full 0):
 par new generation   total 109248K, used 11700K [0x00000000e0000000, 0x00000000e8000000, 0x00000000e8000000)
  eden space 87424K,   0% used [0x00000000e0000000, 0x00000000e0000000, 0x00000000e5560000)
  from space 21824K,  53% used [0x00000000e6ab0000, 0x00000000e761d1b0, 0x00000000e8000000)
  to   space 21824K,   0% used [0x00000000e5560000, 0x00000000e5560000, 0x00000000e6ab0000)
 concurrent mark-sweep generation total 393216K, used 0K [0x00000000e8000000, 0x0000000100000000, 0x0000000100000000)
 Metaspace       used 21006K, capacity 21346K, committed 21628K, reserved 1069056K
  class space    used 2420K, capacity 2587K, committed 2684K, reserved 1048576K
}
2018-06-19T14:49:06.412+0200: 1,809: Total time for which application threads were stopped: 0,0159765 seconds, Stopping threads took: 0,0001094 seconds
2018-06-19T14:49:06.412+0200: 1,809: [GC (CMS Initial Mark) [1 CMS-initial-mark: 0K(393216K)] 11732K(502464K), 0,0065845 secs] [Times: user=0,02 sys=0,00, real=0,00 secs] 
2018-06-19T14:49:06.419+0200: 1,816: Total time for which application threads were stopped: 0,0067395 seconds, Stopping threads took: 0,0000470 seconds
2018-06-19T14:49:06.425+0200: 1,822: [CMS-concurrent-mark-start]
2018-06-19T14:49:06.426+0200: 1,823: [CMS-concurrent-mark: 0,000/0,000 secs] [Times: user=0,01 sys=0,00, real=0,00 secs] 
2018-06-19T14:49:06.426+0200: 1,823: [CMS-concurrent-preclean-start]
2018-06-19T14:49:06.427+0200: 1,824: [CMS-concurrent-preclean: 0,001/0,001 secs] [Times: user=0,00 sys=0,01, real=0,00 secs] 
2018-06-19T14:49:06.427+0200: 1,824: [CMS-concurrent-abortable-preclean-start]
2018-06-19T14:49:06.502+0200: 1,899: Total time for which application threads were stopped: 0,0014538 seconds, Stopping threads took: 0,0013542 seconds
{Heap before GC invocations=3 (full 1):
 par new generation   total 109248K, used 99124K [0x00000000e0000000, 0x00000000e8000000, 0x00000000e8000000)
  eden space 87424K, 100% used [0x00000000e0000000, 0x00000000e5560000, 0x00000000e5560000)
  from space 21824K,  53% used [0x00000000e6ab0000, 0x00000000e761d1b0, 0x00000000e8000000)
  to   space 21824K,   0% used [0x00000000e5560000, 0x00000000e5560000, 0x00000000e6ab0000)
 concurrent mark-sweep generation total 393216K, used 0K [0x00000000e8000000, 0x0000000100000000, 0x0000000100000000)
 Metaspace       used 21296K, capacity 21690K, committed 21884K, reserved 1069056K
  class space    used 2451K, capacity 2603K, committed 2684K, reserved 1048576K
2018-06-19T14:49:06.550+0200: 1,947: [GC (Allocation Failure) 2018-06-19T14:49:06.550+0200: 1,947: [ParNew
Desired survivor size 20112992 bytes, new threshold 8 (max 8)
- age   1:    1251592 bytes,    1251592 total
- age   2:    1461928 bytes,    2713520 total
- age   3:     847640 bytes,    3561160 total
- age   4:    6104472 bytes,    9665632 total
: 99124K->12662K(109248K), 0,0093070 secs] 99124K->12662K(502464K), 0,0093777 secs] [Times: user=0,04 sys=0,00, real=0,01 secs] 
Heap after GC invocations=4 (full 1):
 par new generation   total 109248K, used 12662K [0x00000000e0000000, 0x00000000e8000000, 0x00000000e8000000)
  eden space 87424K,   0% used [0x00000000e0000000, 0x00000000e0000000, 0x00000000e5560000)
  from space 21824K,  58% used [0x00000000e5560000, 0x00000000e61bdbe8, 0x00000000e6ab0000)
  to   space 21824K,   0% used [0x00000000e6ab0000, 0x00000000e6ab0000, 0x00000000e8000000)
 concurrent mark-sweep generation total 393216K, used 0K [0x00000000e8000000, 0x0000000100000000, 0x0000000100000000)
 Metaspace       used 21296K, capacity 21690K, committed 21884K, reserved 1069056K
  class space    used 2451K, capacity 2603K, committed 2684K, reserved 1048576K
}
2018-06-19T14:49:06.559+0200: 1,956: Total time for which application threads were stopped: 0,0095924 seconds, Stopping threads took: 0,0000704 seconds
{Heap before GC invocations=4 (full 1):
 par new generation   total 109248K, used 100086K [0x00000000e0000000, 0x00000000e8000000, 0x00000000e8000000)
  eden space 87424K, 100% used [0x00000000e0000000, 0x00000000e5560000, 0x00000000e5560000)
  from space 21824K,  58% used [0x00000000e5560000, 0x00000000e61bdbe8, 0x00000000e6ab0000)
  to   space 21824K,   0% used [0x00000000e6ab0000, 0x00000000e6ab0000, 0x00000000e8000000)
 concurrent mark-sweep generation total 393216K, used 0K [0x00000000e8000000, 0x0000000100000000, 0x0000000100000000)
 Metaspace       used 21486K, capacity 21862K, committed 21960K, reserved 1069056K
  class space    used 2472K, capacity 2637K, committed 2684K, reserved 1048576K
2018-06-19T14:49:06.659+0200: 2,056: [GC (Allocation Failure) 2018-06-19T14:49:06.659+0200: 2,056: [ParNew2018-06-19T14:49:06.661+0200: 2,058: [CMS-concurrent-abortable-preclean: 0,112/0,234 secs] [Times: user=0,90 sys=0,00, real=0,23 secs] 

Desired survivor size 20112992 bytes, new threshold 8 (max 8)
- age   1:     779584 bytes,     779584 total
- age   2:     183968 bytes,     963552 total
- age   3:    1461048 bytes,    2424600 total
- age   4:     843752 bytes,    3268352 total
- age   5:    6104544 bytes,    9372896 total
: 100086K->10554K(109248K), 0,0098489 secs] 100086K->10554K(502464K), 0,0099267 secs] [Times: user=0,04 sys=0,00, real=0,01 secs] 
Heap after GC invocations=5 (full 1):
 par new generation   total 109248K, used 10554K [0x00000000e0000000, 0x00000000e8000000, 0x00000000e8000000)
  eden space 87424K,   0% used [0x00000000e0000000, 0x00000000e0000000, 0x00000000e5560000)
  from space 21824K,  48% used [0x00000000e6ab0000, 0x00000000e74fe878, 0x00000000e8000000)
  to   space 21824K,   0% used [0x00000000e5560000, 0x00000000e5560000, 0x00000000e6ab0000)
 concurrent mark-sweep generation total 393216K, used 0K [0x00000000e8000000, 0x0000000100000000, 0x0000000100000000)
 Metaspace       used 21486K, capacity 21862K, committed 21960K, reserved 1069056K
  class space    used 2472K, capacity 2637K, committed 2684K, reserved 1048576K
}
2018-06-19T14:49:06.669+0200: 2,066: Total time for which application threads were stopped: 0,0104539 seconds, Stopping threads took: 0,0003650 seconds
2018-06-19T14:49:06.669+0200: 2,066: [GC (CMS Final Remark) [YG occupancy: 12469 K (109248 K)]{Heap before GC invocations=5 (full 1):
 par new generation   total 109248K, used 12469K [0x00000000e0000000, 0x00000000e8000000, 0x00000000e8000000)
  eden space 87424K,   2% used [0x00000000e0000000, 0x00000000e01dee98, 0x00000000e5560000)
  from space 21824K,  48% used [0x00000000e6ab0000, 0x00000000e74fe878, 0x00000000e8000000)
  to   space 21824K,   0% used [0x00000000e5560000, 0x00000000e5560000, 0x00000000e6ab0000)
 concurrent mark-sweep generation total 393216K, used 0K [0x00000000e8000000, 0x0000000100000000, 0x0000000100000000)
 Metaspace       used 21488K, capacity 21862K, committed 21960K, reserved 1069056K
  class space    used 2472K, capacity 2637K, committed 2684K, reserved 1048576K
2018-06-19T14:49:06.669+0200: 2,067: [GC (CMS Final Remark) 2018-06-19T14:49:06.669+0200: 2,067: [ParNew
Desired survivor size 20112992 bytes, new threshold 8 (max 8)
- age   1:      66248 bytes,      66248 total
- age   2:     718144 bytes,     784392 total
- age   3:     183968 bytes,     968360 total
- age   4:    1461032 bytes,    2429392 total
- age   5:     843752 bytes,    3273144 total
- age   6:    6104656 bytes,    9377800 total
: 12469K->14065K(109248K), 0,0085142 secs] 12469K->14065K(502464K), 0,0085546 secs] [Times: user=0,03 sys=0,00, real=0,01 secs] 
Heap after GC invocations=6 (full 1):
 par new generation   total 109248K, used 14065K [0x00000000e0000000, 0x00000000e8000000, 0x00000000e8000000)
  eden space 87424K,   0% used [0x00000000e0000000, 0x00000000e0000000, 0x00000000e5560000)
  from space 21824K,  64% used [0x00000000e5560000, 0x00000000e631c530, 0x00000000e6ab0000)
  to   space 21824K,   0% used [0x00000000e6ab0000, 0x00000000e6ab0000, 0x00000000e8000000)
 concurrent mark-sweep generation total 393216K, used 0K [0x00000000e8000000, 0x0000000100000000, 0x0000000100000000)
 Metaspace       used 21488K, capacity 21862K, committed 21960K, reserved 1069056K
  class space    used 2472K, capacity 2637K, committed 2684K, reserved 1048576K
}
2018-06-19T14:49:06.678+0200: 2,075: [Rescan (parallel) , 0,0032951 secs]2018-06-19T14:49:06.681+0200: 2,078: [weak refs processing, 0,0009950 secs]2018-06-19T14:49:06.682+0200: 2,079: [class unloading, 0,0030229 secs]2018-06-19T14:49:06.685+0200: 2,083: [scrub symbol table, 0,0026954 secs]2018-06-19T14:49:06.688+0200: 2,085: [scrub string table, 0,0003700 secs][1 CMS-remark: 0K(393216K)] 14065K(502464K), 0,0196580 secs] [Times: user=0,06 sys=0,00, real=0,02 secs] 
2018-06-19T14:49:06.689+0200: 2,086: Total time for which application threads were stopped: 0,0198263 seconds, Stopping threads took: 0,0000884 seconds
2018-06-19T14:49:06.693+0200: 2,090: [CMS-concurrent-sweep-start]
2018-06-19T14:49:06.693+0200: 2,090: [CMS-concurrent-sweep: 0,000/0,000 secs] [Times: user=0,00 sys=0,00, real=0,00 secs] 
2018-06-19T14:49:06.693+0200: 2,090: [CMS-concurrent-reset-start]
2018-06-19T14:49:06.699+0200: 2,096: [CMS-concurrent-reset: 0,006/0,006 secs] [Times: user=0,02 sys=0,01, real=0,00 secs] 
2018-06-19T14:49:06.721+0200: 2,118: Total time for which application threads were stopped: 0,0004440 seconds, Stopping threads took: 0,0000672 seconds
2018-06-19T14:49:06.987+0200: 2,385: Total time for which application threads were stopped: 0,0004500 seconds, Stopping threads took: 0,0000344 seconds
2018-06-19T14:49:06.999+0200: 2,396: Total time for which application threads were stopped: 0,0004748 seconds, Stopping threads took: 0,0001168 seconds
{Heap before GC invocations=6 (full 1):
 par new generation   total 109248K, used 101489K [0x00000000e0000000, 0x00000000e8000000, 0x00000000e8000000)
  eden space 87424K, 100% used [0x00000000e0000000, 0x00000000e5560000, 0x00000000e5560000)
  from space 21824K,  64% used [0x00000000e5560000, 0x00000000e631c530, 0x00000000e6ab0000)
  to   space 21824K,   0% used [0x00000000e6ab0000, 0x00000000e6ab0000, 0x00000000e8000000)
 concurrent mark-sweep generation total 393216K, used 0K [0x00000000e8000000, 0x0000000100000000, 0x0000000100000000)
 Metaspace       used 25253K, capacity 25788K, committed 25980K, reserved 1073152K
  class space    used 2932K, capacity 3121K, committed 3196K, reserved 1048576K
2018-06-19T14:49:07.250+0200: 2,647: [GC (Allocation Failure) 2018-06-19T14:49:07.250+0200: 2,647: [ParNew
Desired survivor size 20112992 bytes, new threshold 8 (max 8)
- age   1:    5558136 bytes,    5558136 total
- age   2:         96 bytes,    5558232 total
- age   3:     138848 bytes,    5697080 total
- age   4:     182808 bytes,    5879888 total
- age   5:     289312 bytes,    6169200 total
- age   6:     821648 bytes,    6990848 total
- age   7:    6097648 bytes,   13088496 total
: 101489K->15045K(109248K), 0,0126865 secs] 101489K->15045K(502464K), 0,0127673 secs] [Times: user=0,05 sys=0,00, real=0,01 secs] 
Heap after GC invocations=7 (full 1):
 par new generation   total 109248K, used 15045K [0x00000000e0000000, 0x00000000e8000000, 0x00000000e8000000)
  eden space 87424K,   0% used [0x00000000e0000000, 0x00000000e0000000, 0x00000000e5560000)
  from space 21824K,  68% used [0x00000000e6ab0000, 0x00000000e79615a0, 0x00000000e8000000)
  to   space 21824K,   0% used [0x00000000e5560000, 0x00000000e5560000, 0x00000000e6ab0000)
 concurrent mark-sweep generation total 393216K, used 0K [0x00000000e8000000, 0x0000000100000000, 0x0000000100000000)
 Metaspace       used 25253K, capacity 25788K, committed 25980K, reserved 1073152K
  class space    used 2932K, capacity 3121K, committed 3196K, reserved 1048576K
}
2018-06-19T14:49:07.263+0200: 2,660: Total time for which application threads were stopped: 0,0131511 seconds, Stopping threads took: 0,0000943 seconds
2018-06-19T14:49:07.410+0200: 2,807: Total time for which application threads were stopped: 0,0006549 seconds, Stopping threads took: 0,0000729 seconds
2018-06-19T14:49:07.431+0200: 2,828: Total time for which application threads were stopped: 0,0006098 seconds, Stopping threads took: 0,0000286 seconds
2018-06-19T14:49:07.494+0200: 2,891: Total time for which application threads were stopped: 0,0005706 seconds, Stopping threads took: 0,0000599 seconds
2018-06-19T14:49:07.591+0200: 2,989: Total time for which application threads were stopped: 0,0016001 seconds, Stopping threads took: 0,0009427 seconds
{Heap before GC invocations=7 (full 1):
 par new generation   total 109248K, used 102469K [0x00000000e0000000, 0x00000000e8000000, 0x00000000e8000000)
  eden space 87424K, 100% used [0x00000000e0000000, 0x00000000e5560000, 0x00000000e5560000)
  from space 21824K,  68% used [0x00000000e6ab0000, 0x00000000e79615a0, 0x00000000e8000000)
  to   space 21824K,   0% used [0x00000000e5560000, 0x00000000e5560000, 0x00000000e6ab0000)
 concurrent mark-sweep generation total 393216K, used 0K [0x00000000e8000000, 0x0000000100000000, 0x0000000100000000)
 Metaspace       used 28016K, capacity 28568K, committed 28796K, reserved 1075200K
  class space    used 3225K, capacity 3422K, committed 3452K, reserved 1048576K
2018-06-19T14:49:07.736+0200: 3,134: [GC (Allocation Failure) 2018-06-19T14:49:07.737+0200: 3,134: [ParNew
Desired survivor size 20112992 bytes, new threshold 8 (max 8)
- age   1:   12506840 bytes,   12506840 total
- age   2:    2248472 bytes,   14755312 total
- age   3:         96 bytes,   14755408 total
- age   4:     138848 bytes,   14894256 total
- age   5:     182616 bytes,   15076872 total
- age   6:     289024 bytes,   15365896 total
- age   7:     813176 bytes,   16179072 total
- age   8:    6090664 bytes,   22269736 total
: 102469K->21824K(109248K), 0,0234684 secs] 102469K->23469K(502464K), 0,0235671 secs] [Times: user=0,08 sys=0,01, real=0,02 secs] 
Heap after GC invocations=8 (full 1):
 par new generation   total 109248K, used 21824K [0x00000000e0000000, 0x00000000e8000000, 0x00000000e8000000)
  eden space 87424K,   0% used [0x00000000e0000000, 0x00000000e0000000, 0x00000000e5560000)
  from space 21824K, 100% used [0x00000000e5560000, 0x00000000e6ab0000, 0x00000000e6ab0000)
  to   space 21824K,   0% used [0x00000000e6ab0000, 0x00000000e6ab0000, 0x00000000e8000000)
 concurrent mark-sweep generation total 393216K, used 1645K [0x00000000e8000000, 0x0000000100000000, 0x0000000100000000)
 Metaspace       used 28016K, capacity 28568K, committed 28796K, reserved 1075200K
  class space    used 3225K, capacity 3422K, committed 3452K, reserved 1048576K
}
2018-06-19T14:49:07.760+0200: 3,157: Total time for which application threads were stopped: 0,0239838 seconds, Stopping threads took: 0,0000901 seconds
{Heap before GC invocations=8 (full 1):
 par new generation   total 109248K, used 109248K [0x00000000e0000000, 0x00000000e8000000, 0x00000000e8000000)
  eden space 87424K, 100% used [0x00000000e0000000, 0x00000000e5560000, 0x00000000e5560000)
  from space 21824K, 100% used [0x00000000e5560000, 0x00000000e6ab0000, 0x00000000e6ab0000)
  to   space 21824K,   0% used [0x00000000e6ab0000, 0x00000000e6ab0000, 0x00000000e8000000)
 concurrent mark-sweep generation total 393216K, used 1645K [0x00000000e8000000, 0x0000000100000000, 0x0000000100000000)
 Metaspace       used 28051K, capacity 28648K, committed 28796K, reserved 1075200K
  class space    used 3227K, capacity 3425K, committed 3452K, reserved 1048576K
2018-06-19T14:49:07.826+0200: 3,223: [GC (Allocation Failure) 2018-06-19T14:49:07.826+0200: 3,223: [ParNew
Desired survivor size 20112992 bytes, new threshold 8 (max 8)
- age   1:    1300040 bytes,    1300040 total
- age   2:   11228512 bytes,   12528552 total
- age   3:    2248192 bytes,   14776744 total
- age   4:         96 bytes,   14776840 total
- age   5:     138848 bytes,   14915688 total
- age   6:     182512 bytes,   15098200 total
- age   7:     289024 bytes,   15387224 total
- age   8:     813176 bytes,   16200400 total
: 109248K->21680K(109248K), 0,0673671 secs] 110893K->29346K(502464K), 0,0674615 secs] [Times: user=0,20 sys=0,01, real=0,07 secs] 
Heap after GC invocations=9 (full 1):
 par new generation   total 109248K, used 21680K [0x00000000e0000000, 0x00000000e8000000, 0x00000000e8000000)
  eden space 87424K,   0% used [0x00000000e0000000, 0x00000000e0000000, 0x00000000e5560000)
  from space 21824K,  99% used [0x00000000e6ab0000, 0x00000000e7fdc028, 0x00000000e8000000)
  to   space 21824K,   0% used [0x00000000e5560000, 0x00000000e5560000, 0x00000000e6ab0000)
 concurrent mark-sweep generation total 393216K, used 7666K [0x00000000e8000000, 0x0000000100000000, 0x0000000100000000)
 Metaspace       used 28051K, capacity 28648K, committed 28796K, reserved 1075200K
  class space    used 3227K, capacity 3425K, committed 3452K, reserved 1048576K
}
2018-06-19T14:49:07.894+0200: 3,291: Total time for which application threads were stopped: 0,0677124 seconds, Stopping threads took: 0,0000623 seconds
{Heap before GC invocations=9 (full 1):
 par new generation   total 109248K, used 109104K [0x00000000e0000000, 0x00000000e8000000, 0x00000000e8000000)
  eden space 87424K, 100% used [0x00000000e0000000, 0x00000000e5560000, 0x00000000e5560000)
  from space 21824K,  99% used [0x00000000e6ab0000, 0x00000000e7fdc028, 0x00000000e8000000)
  to   space 21824K,   0% used [0x00000000e5560000, 0x00000000e5560000, 0x00000000e6ab0000)
 concurrent mark-sweep generation total 393216K, used 7666K [0x00000000e8000000, 0x0000000100000000, 0x0000000100000000)
 Metaspace       used 28174K, capacity 28804K, committed 29052K, reserved 1075200K
  class space    used 3230K, capacity 3430K, committed 3452K, reserved 1048576K
2018-06-19T14:49:08.057+0200: 3,454: [GC (Allocation Failure) 2018-06-19T14:49:08.057+0200: 3,454: [ParNew
Desired survivor size 20112992 bytes, new threshold 8 (max 8)
- age   1:     757304 bytes,     757304 total
- age   2:     148184 bytes,     905488 total
- age   3:   11226576 bytes,   12132064 total
- age   4:    2248136 bytes,   14380200 total
- age   5:         96 bytes,   14380296 total
- age   6:     138848 bytes,   14519144 total
- age   7:     182408 bytes,   14701552 total
- age   8:     289024 bytes,   14990576 total
: 109104K->15384K(109248K), 0,0250146 secs] 116770K->23857K(502464K), 0,0250916 secs] [Times: user=0,10 sys=0,00, real=0,02 secs] 
Heap after GC invocations=10 (full 1):
 par new generation   total 109248K, used 15384K [0x00000000e0000000, 0x00000000e8000000, 0x00000000e8000000)
  eden space 87424K,   0% used [0x00000000e0000000, 0x00000000e0000000, 0x00000000e5560000)
  from space 21824K,  70% used [0x00000000e5560000, 0x00000000e6466238, 0x00000000e6ab0000)
  to   space 21824K,   0% used [0x00000000e6ab0000, 0x00000000e6ab0000, 0x00000000e8000000)
 concurrent mark-sweep generation total 393216K, used 8472K [0x00000000e8000000, 0x0000000100000000, 0x0000000100000000)
 Metaspace       used 28174K, capacity 28804K, committed 29052K, reserved 1075200K
  class space    used 3230K, capacity 3430K, committed 3452K, reserved 1048576K
}
2018-06-19T14:49:08.082+0200: 3,479: Total time for which application threads were stopped: 0,0253346 seconds, Stopping threads took: 0,0000474 seconds
2018-06-19T14:49:08.664+0200: 4,061: Total time for which application threads were stopped: 0,0004220 seconds, Stopping threads took: 0,0000196 seconds
2018-06-19T14:49:10.664+0200: 6,061: Total time for which application threads were stopped: 0,0000890 seconds, Stopping threads took: 0,0000226 seconds
2018-06-19T14:49:23.436+0200: 18,833: Total time for which application threads were stopped: 0,0004484 seconds, Stopping threads took: 0,0000171 seconds
2018-06-19T14:49:23.437+0200: 18,834: Total time for which application threads were stopped: 0,0003959 seconds, Stopping threads took: 0,0000166 seconds
2018-06-19T14:49:23.450+0200: 18,847: Total time for which application threads were stopped: 0,0001653 seconds, Stopping threads took: 0,0000649 seconds
2018-06-19T14:49:23.459+0200: 18,856: Total time for which application threads were stopped: 0,0016530 seconds, Stopping threads took: 0,0015641 seconds
2018-06-19T14:49:23.462+0200: 18,859: Total time for which application threads were stopped: 0,0001355 seconds, Stopping threads took: 0,0000419 seconds
2018-06-19T14:49:23.471+0200: 18,868: Total time for which application threads were stopped: 0,0017323 seconds, Stopping threads took: 0,0016512 seconds
2018-06-19T14:49:23.474+0200: 18,872: Total time for which application threads were stopped: 0,0001313 seconds, Stopping threads took: 0,0000483 seconds
2018-06-19T14:49:23.476+0200: 18,873: Total time for which application threads were stopped: 0,0001267 seconds, Stopping threads took: 0,0000359 seconds
Heap
 par new generation   total 109248K, used 46280K [0x00000000e0000000, 0x00000000e8000000, 0x00000000e8000000)
  eden space 87424K,  35% used [0x00000000e0000000, 0x00000000e1e2bfa0, 0x00000000e5560000)
  from space 21824K,  70% used [0x00000000e5560000, 0x00000000e6466238, 0x00000000e6ab0000)
  to   space 21824K,   0% used [0x00000000e6ab0000, 0x00000000e6ab0000, 0x00000000e8000000)
 concurrent mark-sweep generation total 393216K, used 8472K [0x00000000e8000000, 0x0000000100000000, 0x0000000100000000)
 Metaspace       used 28478K, capacity 29206K, committed 29436K, reserved 1075200K
  class space    used 3259K, capacity 3475K, committed 3580K, reserved 1048576K
