OpenJDK 64-Bit Server VM (25.171-b11) for linux-amd64 JRE (1.8.0_171-8u171-b11-0ubuntu0.16.04.1-b11), built on Apr 27 2018 17:19:03 by "buildd" with gcc 5.4.0 20160609
Memory: 4k page, physical 7867600k(2635916k free), swap 8076284k(8076284k free)
CommandLine flags: -XX:CMSInitiatingOccupancyFraction=50 -XX:CMSMaxAbortablePrecleanTime=6000 -XX:+CMSParallelRemarkEnabled -XX:+CMSScavengeBeforeRemark -XX:ConcGCThreads=4 -XX:InitialHeapSize=536870912 -XX:MaxHeapSize=536870912 -XX:MaxTenuringThreshold=8 -XX:NewRatio=3 -XX:OldPLABSize=16 -XX:OnOutOfMemoryError=/home/gurnoor/workspace/QTM/solr/bin/oom_solr.sh 8983 /home/gurnoor/workspace/QTM/solr/server/logs -XX:ParallelGCThreads=4 -XX:+ParallelRefProcEnabled -XX:PretenureSizeThreshold=67108864 -XX:+PrintGC -XX:+PrintGCApplicationStoppedTime -XX:+PrintGCDateStamps -XX:+PrintGCDetails -XX:+PrintGCTimeStamps -XX:+PrintHeapAtGC -XX:+PrintTenuringDistribution -XX:SurvivorRatio=4 -XX:TargetSurvivorRatio=90 -XX:ThreadStackSize=256 -XX:+UseCMSInitiatingOccupancyOnly -XX:+UseCompressedClassPointers -XX:+UseCompressedOops -XX:+UseConcMarkSweepGC -XX:+UseParNewGC 
2018-06-25T10:33:45.547+0200: 0,208: Total time for which application threads were stopped: 0,0000869 seconds, Stopping threads took: 0,0000188 seconds
2018-06-25T10:33:45.655+0200: 0,316: Total time for which application threads were stopped: 0,0001467 seconds, Stopping threads took: 0,0000240 seconds
2018-06-25T10:33:45.670+0200: 0,331: Total time for which application threads were stopped: 0,0000920 seconds, Stopping threads took: 0,0000156 seconds
2018-06-25T10:33:45.895+0200: 0,556: Total time for which application threads were stopped: 0,0001734 seconds, Stopping threads took: 0,0000234 seconds
2018-06-25T10:33:46.164+0200: 0,825: Total time for which application threads were stopped: 0,0002323 seconds, Stopping threads took: 0,0000606 seconds
2018-06-25T10:33:46.311+0200: 0,971: Total time for which application threads were stopped: 0,0002269 seconds, Stopping threads took: 0,0000262 seconds
2018-06-25T10:33:46.407+0200: 1,068: Total time for which application threads were stopped: 0,0002315 seconds, Stopping threads took: 0,0000326 seconds
2018-06-25T10:33:47.064+0200: 1,725: Total time for which application threads were stopped: 0,0003338 seconds, Stopping threads took: 0,0000296 seconds
2018-06-25T10:33:47.497+0200: 2,158: Total time for which application threads were stopped: 0,0002810 seconds, Stopping threads took: 0,0000201 seconds
2018-06-25T10:33:47.578+0200: 2,239: Total time for which application threads were stopped: 0,0015242 seconds, Stopping threads took: 0,0001766 seconds
2018-06-25T10:33:47.701+0200: 2,362: Total time for which application threads were stopped: 0,0003503 seconds, Stopping threads took: 0,0000371 seconds
2018-06-25T10:33:47.703+0200: 2,364: Total time for which application threads were stopped: 0,0002939 seconds, Stopping threads took: 0,0000276 seconds
2018-06-25T10:33:47.727+0200: 2,388: Total time for which application threads were stopped: 0,0013504 seconds, Stopping threads took: 0,0001638 seconds
2018-06-25T10:33:47.946+0200: 2,607: Total time for which application threads were stopped: 0,0003464 seconds, Stopping threads took: 0,0000357 seconds
2018-06-25T10:33:48.453+0200: 3,114: Total time for which application threads were stopped: 0,0007454 seconds, Stopping threads took: 0,0003956 seconds
{Heap before GC invocations=0 (full 0):
 par new generation   total 109248K, used 87424K [0x00000000e0000000, 0x00000000e8000000, 0x00000000e8000000)
  eden space 87424K, 100% used [0x00000000e0000000, 0x00000000e5560000, 0x00000000e5560000)
  from space 21824K,   0% used [0x00000000e5560000, 0x00000000e5560000, 0x00000000e6ab0000)
  to   space 21824K,   0% used [0x00000000e6ab0000, 0x00000000e6ab0000, 0x00000000e8000000)
 concurrent mark-sweep generation total 393216K, used 0K [0x00000000e8000000, 0x0000000100000000, 0x0000000100000000)
 Metaspace       used 18314K, capacity 18600K, committed 18944K, reserved 1067008K
  class space    used 2065K, capacity 2198K, committed 2304K, reserved 1048576K
2018-06-25T10:33:48.749+0200: 3,410: [GC (Allocation Failure) 2018-06-25T10:33:48.749+0200: 3,410: [ParNew
Desired survivor size 20112992 bytes, new threshold 8 (max 8)
- age   1:   12767560 bytes,   12767560 total
: 87424K->12583K(109248K), 0,0562141 secs] 87424K->12583K(502464K), 0,0564706 secs] [Times: user=0,05 sys=0,01, real=0,05 secs] 
Heap after GC invocations=1 (full 0):
 par new generation   total 109248K, used 12583K [0x00000000e0000000, 0x00000000e8000000, 0x00000000e8000000)
  eden space 87424K,   0% used [0x00000000e0000000, 0x00000000e0000000, 0x00000000e5560000)
  from space 21824K,  57% used [0x00000000e6ab0000, 0x00000000e76f9fe8, 0x00000000e8000000)
  to   space 21824K,   0% used [0x00000000e5560000, 0x00000000e5560000, 0x00000000e6ab0000)
 concurrent mark-sweep generation total 393216K, used 0K [0x00000000e8000000, 0x0000000100000000, 0x0000000100000000)
 Metaspace       used 18314K, capacity 18600K, committed 18944K, reserved 1067008K
  class space    used 2065K, capacity 2198K, committed 2304K, reserved 1048576K
}
2018-06-25T10:33:48.805+0200: 3,466: Total time for which application threads were stopped: 0,0570801 seconds, Stopping threads took: 0,0000251 seconds
2018-06-25T10:33:49.445+0200: 4,106: Total time for which application threads were stopped: 0,0169486 seconds, Stopping threads took: 0,0162669 seconds
2018-06-25T10:33:49.522+0200: 4,183: Total time for which application threads were stopped: 0,0042727 seconds, Stopping threads took: 0,0036266 seconds
2018-06-25T10:33:49.525+0200: 4,186: Total time for which application threads were stopped: 0,0001840 seconds, Stopping threads took: 0,0000768 seconds
2018-06-25T10:33:49.526+0200: 4,187: Total time for which application threads were stopped: 0,0004077 seconds, Stopping threads took: 0,0000287 seconds
2018-06-25T10:33:49.531+0200: 4,192: Total time for which application threads were stopped: 0,0034164 seconds, Stopping threads took: 0,0032564 seconds
2018-06-25T10:33:49.531+0200: 4,192: Total time for which application threads were stopped: 0,0001217 seconds, Stopping threads took: 0,0000519 seconds
2018-06-25T10:33:49.573+0200: 4,234: Total time for which application threads were stopped: 0,0113858 seconds, Stopping threads took: 0,0112601 seconds
2018-06-25T10:33:49.658+0200: 4,319: Total time for which application threads were stopped: 0,0002144 seconds, Stopping threads took: 0,0000822 seconds
2018-06-25T10:33:49.670+0200: 4,331: Total time for which application threads were stopped: 0,0009820 seconds, Stopping threads took: 0,0005745 seconds
{Heap before GC invocations=1 (full 0):
 par new generation   total 109248K, used 100007K [0x00000000e0000000, 0x00000000e8000000, 0x00000000e8000000)
  eden space 87424K, 100% used [0x00000000e0000000, 0x00000000e5560000, 0x00000000e5560000)
  from space 21824K,  57% used [0x00000000e6ab0000, 0x00000000e76f9fe8, 0x00000000e8000000)
  to   space 21824K,   0% used [0x00000000e5560000, 0x00000000e5560000, 0x00000000e6ab0000)
 concurrent mark-sweep generation total 393216K, used 0K [0x00000000e8000000, 0x0000000100000000, 0x0000000100000000)
 Metaspace       used 20134K, capacity 20506K, committed 20736K, reserved 1067008K
  class space    used 2300K, capacity 2473K, committed 2560K, reserved 1048576K
2018-06-25T10:33:49.689+0200: 4,350: [GC (Allocation Failure) 2018-06-25T10:33:49.690+0200: 4,350: [ParNew
Desired survivor size 20112992 bytes, new threshold 8 (max 8)
- age   1:    2668488 bytes,    2668488 total
- age   2:    6519424 bytes,    9187912 total
: 100007K->13727K(109248K), 0,0352456 secs] 100007K->13727K(502464K), 0,0355049 secs] [Times: user=0,06 sys=0,00, real=0,03 secs] 
Heap after GC invocations=2 (full 0):
 par new generation   total 109248K, used 13727K [0x00000000e0000000, 0x00000000e8000000, 0x00000000e8000000)
  eden space 87424K,   0% used [0x00000000e0000000, 0x00000000e0000000, 0x00000000e5560000)
  from space 21824K,  62% used [0x00000000e5560000, 0x00000000e62c7ed8, 0x00000000e6ab0000)
  to   space 21824K,   0% used [0x00000000e6ab0000, 0x00000000e6ab0000, 0x00000000e8000000)
 concurrent mark-sweep generation total 393216K, used 0K [0x00000000e8000000, 0x0000000100000000, 0x0000000100000000)
 Metaspace       used 20134K, capacity 20506K, committed 20736K, reserved 1067008K
  class space    used 2300K, capacity 2473K, committed 2560K, reserved 1048576K
}
2018-06-25T10:33:49.725+0200: 4,386: Total time for which application threads were stopped: 0,0360162 seconds, Stopping threads took: 0,0001459 seconds
2018-06-25T10:33:49.759+0200: 4,420: Total time for which application threads were stopped: 0,0016243 seconds, Stopping threads took: 0,0012159 seconds
2018-06-25T10:33:49.767+0200: 4,428: Total time for which application threads were stopped: 0,0001865 seconds, Stopping threads took: 0,0000326 seconds
2018-06-25T10:33:49.767+0200: 4,428: Total time for which application threads were stopped: 0,0001371 seconds, Stopping threads took: 0,0000496 seconds
2018-06-25T10:33:49.786+0200: 4,447: Total time for which application threads were stopped: 0,0015115 seconds, Stopping threads took: 0,0013905 seconds
2018-06-25T10:33:49.815+0200: 4,476: Total time for which application threads were stopped: 0,0038527 seconds, Stopping threads took: 0,0036775 seconds
2018-06-25T10:33:49.815+0200: 4,476: Total time for which application threads were stopped: 0,0001203 seconds, Stopping threads took: 0,0000444 seconds
2018-06-25T10:33:49.818+0200: 4,479: Total time for which application threads were stopped: 0,0023964 seconds, Stopping threads took: 0,0020070 seconds
2018-06-25T10:33:49.822+0200: 4,483: Total time for which application threads were stopped: 0,0037365 seconds, Stopping threads took: 0,0032503 seconds
2018-06-25T10:33:49.829+0200: 4,490: Total time for which application threads were stopped: 0,0014039 seconds, Stopping threads took: 0,0012841 seconds
2018-06-25T10:33:49.830+0200: 4,491: Total time for which application threads were stopped: 0,0001289 seconds, Stopping threads took: 0,0000389 seconds
2018-06-25T10:33:49.830+0200: 4,491: Total time for which application threads were stopped: 0,0000873 seconds, Stopping threads took: 0,0000145 seconds
2018-06-25T10:33:49.830+0200: 4,491: Total time for which application threads were stopped: 0,0000758 seconds, Stopping threads took: 0,0000141 seconds
2018-06-25T10:33:49.830+0200: 4,491: Total time for which application threads were stopped: 0,0000780 seconds, Stopping threads took: 0,0000183 seconds
2018-06-25T10:33:49.830+0200: 4,491: Total time for which application threads were stopped: 0,0000750 seconds, Stopping threads took: 0,0000157 seconds
2018-06-25T10:33:49.830+0200: 4,491: Total time for which application threads were stopped: 0,0000815 seconds, Stopping threads took: 0,0000156 seconds
2018-06-25T10:33:49.831+0200: 4,492: Total time for which application threads were stopped: 0,0000653 seconds, Stopping threads took: 0,0000155 seconds
2018-06-25T10:33:49.831+0200: 4,492: Total time for which application threads were stopped: 0,0001374 seconds, Stopping threads took: 0,0000534 seconds
2018-06-25T10:33:49.831+0200: 4,492: Total time for which application threads were stopped: 0,0000859 seconds, Stopping threads took: 0,0000138 seconds
2018-06-25T10:33:49.831+0200: 4,492: Total time for which application threads were stopped: 0,0000741 seconds, Stopping threads took: 0,0000141 seconds
2018-06-25T10:33:49.831+0200: 4,492: Total time for which application threads were stopped: 0,0000814 seconds, Stopping threads took: 0,0000144 seconds
2018-06-25T10:33:49.831+0200: 4,492: Total time for which application threads were stopped: 0,0000670 seconds, Stopping threads took: 0,0000177 seconds
2018-06-25T10:33:49.832+0200: 4,493: Total time for which application threads were stopped: 0,0002035 seconds, Stopping threads took: 0,0000112 seconds
2018-06-25T10:33:49.850+0200: 4,511: Total time for which application threads were stopped: 0,0076635 seconds, Stopping threads took: 0,0075349 seconds
2018-06-25T10:33:49.850+0200: 4,511: Total time for which application threads were stopped: 0,0000890 seconds, Stopping threads took: 0,0000239 seconds
2018-06-25T10:33:49.996+0200: 4,657: Total time for which application threads were stopped: 0,0003327 seconds, Stopping threads took: 0,0000763 seconds
2018-06-25T10:33:50.013+0200: 4,674: Total time for which application threads were stopped: 0,0050124 seconds, Stopping threads took: 0,0048728 seconds
2018-06-25T10:33:50.024+0200: 4,685: Total time for which application threads were stopped: 0,0006573 seconds, Stopping threads took: 0,0005238 seconds
2018-06-25T10:33:50.029+0200: 4,690: Total time for which application threads were stopped: 0,0005950 seconds, Stopping threads took: 0,0005112 seconds
2018-06-25T10:33:50.037+0200: 4,698: Total time for which application threads were stopped: 0,0045085 seconds, Stopping threads took: 0,0043262 seconds
2018-06-25T10:33:50.051+0200: 4,712: Total time for which application threads were stopped: 0,0012891 seconds, Stopping threads took: 0,0011930 seconds
2018-06-25T10:33:50.053+0200: 4,714: Total time for which application threads were stopped: 0,0015347 seconds, Stopping threads took: 0,0014535 seconds
2018-06-25T10:33:50.060+0200: 4,721: Total time for which application threads were stopped: 0,0001984 seconds, Stopping threads took: 0,0000646 seconds
2018-06-25T10:33:50.064+0200: 4,725: Total time for which application threads were stopped: 0,0034899 seconds, Stopping threads took: 0,0033967 seconds
2018-06-25T10:33:50.065+0200: 4,726: Total time for which application threads were stopped: 0,0000648 seconds, Stopping threads took: 0,0000159 seconds
2018-06-25T10:33:50.065+0200: 4,726: Total time for which application threads were stopped: 0,0000625 seconds, Stopping threads took: 0,0000100 seconds
2018-06-25T10:33:50.065+0200: 4,726: Total time for which application threads were stopped: 0,0000503 seconds, Stopping threads took: 0,0000068 seconds
2018-06-25T10:33:50.065+0200: 4,726: Total time for which application threads were stopped: 0,0000497 seconds, Stopping threads took: 0,0000111 seconds
2018-06-25T10:33:50.065+0200: 4,726: Total time for which application threads were stopped: 0,0000772 seconds, Stopping threads took: 0,0000131 seconds
2018-06-25T10:33:50.065+0200: 4,726: Total time for which application threads were stopped: 0,0000534 seconds, Stopping threads took: 0,0000083 seconds
2018-06-25T10:33:50.066+0200: 4,727: Total time for which application threads were stopped: 0,0000589 seconds, Stopping threads took: 0,0000083 seconds
2018-06-25T10:33:50.066+0200: 4,727: Total time for which application threads were stopped: 0,0000506 seconds, Stopping threads took: 0,0000080 seconds
2018-06-25T10:33:50.066+0200: 4,727: Total time for which application threads were stopped: 0,0000491 seconds, Stopping threads took: 0,0000066 seconds
2018-06-25T10:33:50.067+0200: 4,728: Total time for which application threads were stopped: 0,0001849 seconds, Stopping threads took: 0,0000793 seconds
2018-06-25T10:33:50.067+0200: 4,728: Total time for which application threads were stopped: 0,0000745 seconds, Stopping threads took: 0,0000160 seconds
2018-06-25T10:33:50.069+0200: 4,730: Total time for which application threads were stopped: 0,0001643 seconds, Stopping threads took: 0,0000664 seconds
2018-06-25T10:33:50.069+0200: 4,730: Total time for which application threads were stopped: 0,0000931 seconds, Stopping threads took: 0,0000272 seconds
2018-06-25T10:33:50.069+0200: 4,730: Total time for which application threads were stopped: 0,0001628 seconds, Stopping threads took: 0,0000165 seconds
2018-06-25T10:33:50.084+0200: 4,745: Total time for which application threads were stopped: 0,0041642 seconds, Stopping threads took: 0,0040883 seconds
2018-06-25T10:33:50.113+0200: 4,774: Total time for which application threads were stopped: 0,0001422 seconds, Stopping threads took: 0,0000528 seconds
2018-06-25T10:33:50.116+0200: 4,777: Total time for which application threads were stopped: 0,0004297 seconds, Stopping threads took: 0,0000503 seconds
2018-06-25T10:33:50.135+0200: 4,796: Total time for which application threads were stopped: 0,0061405 seconds, Stopping threads took: 0,0060357 seconds
2018-06-25T10:33:50.173+0200: 4,834: Total time for which application threads were stopped: 0,0001528 seconds, Stopping threads took: 0,0000534 seconds
2018-06-25T10:33:50.178+0200: 4,839: Total time for which application threads were stopped: 0,0011270 seconds, Stopping threads took: 0,0009667 seconds
2018-06-25T10:33:50.184+0200: 4,845: Total time for which application threads were stopped: 0,0040911 seconds, Stopping threads took: 0,0040111 seconds
2018-06-25T10:33:50.188+0200: 4,849: Total time for which application threads were stopped: 0,0001433 seconds, Stopping threads took: 0,0000496 seconds
2018-06-25T10:33:50.193+0200: 4,854: Total time for which application threads were stopped: 0,0002512 seconds, Stopping threads took: 0,0000394 seconds
2018-06-25T10:33:50.193+0200: 4,854: Total time for which application threads were stopped: 0,0004467 seconds, Stopping threads took: 0,0001644 seconds
2018-06-25T10:33:50.211+0200: 4,872: Total time for which application threads were stopped: 0,0024973 seconds, Stopping threads took: 0,0024278 seconds
2018-06-25T10:33:50.217+0200: 4,878: Total time for which application threads were stopped: 0,0001579 seconds, Stopping threads took: 0,0000692 seconds
{Heap before GC invocations=2 (full 0):
 par new generation   total 109248K, used 101151K [0x00000000e0000000, 0x00000000e8000000, 0x00000000e8000000)
  eden space 87424K, 100% used [0x00000000e0000000, 0x00000000e5560000, 0x00000000e5560000)
  from space 21824K,  62% used [0x00000000e5560000, 0x00000000e62c7ed8, 0x00000000e6ab0000)
  to   space 21824K,   0% used [0x00000000e6ab0000, 0x00000000e6ab0000, 0x00000000e8000000)
 concurrent mark-sweep generation total 393216K, used 0K [0x00000000e8000000, 0x0000000100000000, 0x0000000100000000)
 Metaspace       used 21146K, capacity 21562K, committed 21884K, reserved 1069056K
  class space    used 2444K, capacity 2593K, committed 2684K, reserved 1048576K
2018-06-25T10:33:50.244+0200: 4,905: [GC (Allocation Failure) 2018-06-25T10:33:50.244+0200: 4,905: [ParNew
Desired survivor size 20112992 bytes, new threshold 8 (max 8)
- age   1:    2495224 bytes,    2495224 total
- age   2:     443152 bytes,    2938376 total
- age   3:    6241680 bytes,    9180056 total
: 101151K->11561K(109248K), 0,0243246 secs] 101151K->11561K(502464K), 0,0245064 secs] [Times: user=0,07 sys=0,00, real=0,02 secs] 
Heap after GC invocations=3 (full 0):
 par new generation   total 109248K, used 11561K [0x00000000e0000000, 0x00000000e8000000, 0x00000000e8000000)
  eden space 87424K,   0% used [0x00000000e0000000, 0x00000000e0000000, 0x00000000e5560000)
  from space 21824K,  52% used [0x00000000e6ab0000, 0x00000000e75fa668, 0x00000000e8000000)
  to   space 21824K,   0% used [0x00000000e5560000, 0x00000000e5560000, 0x00000000e6ab0000)
 concurrent mark-sweep generation total 393216K, used 0K [0x00000000e8000000, 0x0000000100000000, 0x0000000100000000)
 Metaspace       used 21146K, capacity 21562K, committed 21884K, reserved 1069056K
  class space    used 2444K, capacity 2593K, committed 2684K, reserved 1048576K
}
2018-06-25T10:33:50.268+0200: 4,929: Total time for which application threads were stopped: 0,0309244 seconds, Stopping threads took: 0,0061378 seconds
2018-06-25T10:33:50.269+0200: 4,930: [GC (CMS Initial Mark) [1 CMS-initial-mark: 0K(393216K)] 12305K(502464K), 0,0078526 secs] [Times: user=0,02 sys=0,00, real=0,01 secs] 
2018-06-25T10:33:50.277+0200: 4,937: Total time for which application threads were stopped: 0,0081318 seconds, Stopping threads took: 0,0000989 seconds
2018-06-25T10:33:50.277+0200: 4,938: [CMS-concurrent-mark-start]
2018-06-25T10:33:50.277+0200: 4,938: [CMS-concurrent-mark: 0,001/0,001 secs] [Times: user=0,00 sys=0,00, real=0,00 secs] 
2018-06-25T10:33:50.277+0200: 4,938: [CMS-concurrent-preclean-start]
2018-06-25T10:33:50.278+0200: 4,939: [CMS-concurrent-preclean: 0,001/0,001 secs] [Times: user=0,00 sys=0,00, real=0,00 secs] 
2018-06-25T10:33:50.292+0200: 4,953: [GC (CMS Final Remark) [YG occupancy: 19135 K (109248 K)]{Heap before GC invocations=3 (full 1):
 par new generation   total 109248K, used 19135K [0x00000000e0000000, 0x00000000e8000000, 0x00000000e8000000)
  eden space 87424K,   8% used [0x00000000e0000000, 0x00000000e07656e8, 0x00000000e5560000)
  from space 21824K,  52% used [0x00000000e6ab0000, 0x00000000e75fa668, 0x00000000e8000000)
  to   space 21824K,   0% used [0x00000000e5560000, 0x00000000e5560000, 0x00000000e6ab0000)
 concurrent mark-sweep generation total 393216K, used 0K [0x00000000e8000000, 0x0000000100000000, 0x0000000100000000)
 Metaspace       used 21182K, capacity 21562K, committed 21884K, reserved 1069056K
  class space    used 2444K, capacity 2593K, committed 2684K, reserved 1048576K
2018-06-25T10:33:50.292+0200: 4,953: [GC (CMS Final Remark) 2018-06-25T10:33:50.292+0200: 4,953: [ParNew
Desired survivor size 20112992 bytes, new threshold 8 (max 8)
- age   1:     641592 bytes,     641592 total
- age   2:    1354064 bytes,    1995656 total
- age   3:     443152 bytes,    2438808 total
- age   4:    6241680 bytes,    8680488 total
: 19135K->9929K(109248K), 0,0182861 secs] 19135K->9929K(502464K), 0,0183718 secs] [Times: user=0,05 sys=0,00, real=0,02 secs] 
Heap after GC invocations=4 (full 1):
 par new generation   total 109248K, used 9929K [0x00000000e0000000, 0x00000000e8000000, 0x00000000e8000000)
  eden space 87424K,   0% used [0x00000000e0000000, 0x00000000e0000000, 0x00000000e5560000)
  from space 21824K,  45% used [0x00000000e5560000, 0x00000000e5f12428, 0x00000000e6ab0000)
  to   space 21824K,   0% used [0x00000000e6ab0000, 0x00000000e6ab0000, 0x00000000e8000000)
 concurrent mark-sweep generation total 393216K, used 0K [0x00000000e8000000, 0x0000000100000000, 0x0000000100000000)
 Metaspace       used 21182K, capacity 21562K, committed 21884K, reserved 1069056K
  class space    used 2444K, capacity 2593K, committed 2684K, reserved 1048576K
}
2018-06-25T10:33:50.310+0200: 4,971: [Rescan (parallel) , 0,0248138 secs]2018-06-25T10:33:50.335+0200: 4,996: [weak refs processing, 0,0040528 secs]2018-06-25T10:33:50.339+0200: 5,000: [class unloading, 0,0059461 secs]2018-06-25T10:33:50.345+0200: 5,006: [scrub symbol table, 0,0068727 secs]2018-06-25T10:33:50.352+0200: 5,013: [scrub string table, 0,0005849 secs][1 CMS-remark: 0K(393216K)] 9929K(502464K), 0,0617008 secs] [Times: user=0,11 sys=0,00, real=0,06 secs] 
2018-06-25T10:33:50.354+0200: 5,015: Total time for which application threads were stopped: 0,0619568 seconds, Stopping threads took: 0,0001335 seconds
2018-06-25T10:33:50.357+0200: 5,018: [CMS-concurrent-sweep-start]
2018-06-25T10:33:50.357+0200: 5,018: [CMS-concurrent-sweep: 0,000/0,000 secs] [Times: user=0,00 sys=0,00, real=0,00 secs] 
2018-06-25T10:33:50.357+0200: 5,018: [CMS-concurrent-reset-start]
2018-06-25T10:33:50.361+0200: 5,022: [CMS-concurrent-reset: 0,003/0,003 secs] [Times: user=0,01 sys=0,00, real=0,00 secs] 
2018-06-25T10:33:50.419+0200: 5,080: Total time for which application threads were stopped: 0,0036200 seconds, Stopping threads took: 0,0023833 seconds
2018-06-25T10:33:50.430+0200: 5,091: Total time for which application threads were stopped: 0,0011028 seconds, Stopping threads took: 0,0008447 seconds
2018-06-25T10:33:50.436+0200: 5,097: Total time for which application threads were stopped: 0,0024614 seconds, Stopping threads took: 0,0023466 seconds
2018-06-25T10:33:50.439+0200: 5,100: Total time for which application threads were stopped: 0,0001318 seconds, Stopping threads took: 0,0000256 seconds
2018-06-25T10:33:50.491+0200: 5,152: Total time for which application threads were stopped: 0,0073780 seconds, Stopping threads took: 0,0063304 seconds
2018-06-25T10:33:50.523+0200: 5,184: Total time for which application threads were stopped: 0,0136149 seconds, Stopping threads took: 0,0134818 seconds
{Heap before GC invocations=4 (full 1):
 par new generation   total 109248K, used 97353K [0x00000000e0000000, 0x00000000e8000000, 0x00000000e8000000)
  eden space 87424K, 100% used [0x00000000e0000000, 0x00000000e5560000, 0x00000000e5560000)
  from space 21824K,  45% used [0x00000000e5560000, 0x00000000e5f12428, 0x00000000e6ab0000)
  to   space 21824K,   0% used [0x00000000e6ab0000, 0x00000000e6ab0000, 0x00000000e8000000)
 concurrent mark-sweep generation total 393216K, used 0K [0x00000000e8000000, 0x0000000100000000, 0x0000000100000000)
 Metaspace       used 21327K, capacity 21790K, committed 21884K, reserved 1069056K
  class space    used 2458K, capacity 2637K, committed 2684K, reserved 1048576K
2018-06-25T10:33:50.570+0200: 5,231: [GC (Allocation Failure) 2018-06-25T10:33:50.570+0200: 5,231: [ParNew
Desired survivor size 20112992 bytes, new threshold 8 (max 8)
- age   1:    1136488 bytes,    1136488 total
- age   2:       6600 bytes,    1143088 total
- age   3:    1351720 bytes,    2494808 total
- age   4:     441072 bytes,    2935880 total
- age   5:    6241680 bytes,    9177560 total
: 97353K->11191K(109248K), 0,0306385 secs] 97353K->11191K(502464K), 0,0307726 secs] [Times: user=0,06 sys=0,01, real=0,03 secs] 
Heap after GC invocations=5 (full 1):
 par new generation   total 109248K, used 11191K [0x00000000e0000000, 0x00000000e8000000, 0x00000000e8000000)
  eden space 87424K,   0% used [0x00000000e0000000, 0x00000000e0000000, 0x00000000e5560000)
  from space 21824K,  51% used [0x00000000e6ab0000, 0x00000000e759de00, 0x00000000e8000000)
  to   space 21824K,   0% used [0x00000000e5560000, 0x00000000e5560000, 0x00000000e6ab0000)
 concurrent mark-sweep generation total 393216K, used 0K [0x00000000e8000000, 0x0000000100000000, 0x0000000100000000)
 Metaspace       used 21327K, capacity 21790K, committed 21884K, reserved 1069056K
  class space    used 2458K, capacity 2637K, committed 2684K, reserved 1048576K
}
2018-06-25T10:33:50.601+0200: 5,262: Total time for which application threads were stopped: 0,0310820 seconds, Stopping threads took: 0,0000927 seconds
2018-06-25T10:33:50.670+0200: 5,331: Total time for which application threads were stopped: 0,0016789 seconds, Stopping threads took: 0,0015390 seconds
2018-06-25T10:33:50.735+0200: 5,396: Total time for which application threads were stopped: 0,0002939 seconds, Stopping threads took: 0,0001422 seconds
2018-06-25T10:33:50.769+0200: 5,430: Total time for which application threads were stopped: 0,0080689 seconds, Stopping threads took: 0,0079666 seconds
2018-06-25T10:33:50.799+0200: 5,460: Total time for which application threads were stopped: 0,0002570 seconds, Stopping threads took: 0,0001707 seconds
2018-06-25T10:33:50.809+0200: 5,470: Total time for which application threads were stopped: 0,0001729 seconds, Stopping threads took: 0,0000835 seconds
2018-06-25T10:33:50.809+0200: 5,470: Total time for which application threads were stopped: 0,0000872 seconds, Stopping threads took: 0,0000304 seconds
2018-06-25T10:33:50.809+0200: 5,470: Total time for which application threads were stopped: 0,0000836 seconds, Stopping threads took: 0,0000389 seconds
2018-06-25T10:33:50.812+0200: 5,473: Total time for which application threads were stopped: 0,0016280 seconds, Stopping threads took: 0,0015598 seconds
2018-06-25T10:33:50.813+0200: 5,474: Total time for which application threads were stopped: 0,0001257 seconds, Stopping threads took: 0,0000530 seconds
2018-06-25T10:33:50.815+0200: 5,476: Total time for which application threads were stopped: 0,0001454 seconds, Stopping threads took: 0,0000618 seconds
2018-06-25T10:33:50.825+0200: 5,486: Total time for which application threads were stopped: 0,0001423 seconds, Stopping threads took: 0,0000591 seconds
2018-06-25T10:33:50.842+0200: 5,503: Total time for which application threads were stopped: 0,0016509 seconds, Stopping threads took: 0,0015765 seconds
2018-06-25T10:33:50.842+0200: 5,503: Total time for which application threads were stopped: 0,0000861 seconds, Stopping threads took: 0,0000414 seconds
{Heap before GC invocations=5 (full 1):
 par new generation   total 109248K, used 98615K [0x00000000e0000000, 0x00000000e8000000, 0x00000000e8000000)
  eden space 87424K, 100% used [0x00000000e0000000, 0x00000000e5560000, 0x00000000e5560000)
  from space 21824K,  51% used [0x00000000e6ab0000, 0x00000000e759de00, 0x00000000e8000000)
  to   space 21824K,   0% used [0x00000000e5560000, 0x00000000e5560000, 0x00000000e6ab0000)
 concurrent mark-sweep generation total 393216K, used 0K [0x00000000e8000000, 0x0000000100000000, 0x0000000100000000)
 Metaspace       used 21548K, capacity 21998K, committed 22140K, reserved 1069056K
  class space    used 2483K, capacity 2640K, committed 2684K, reserved 1048576K
2018-06-25T10:33:50.848+0200: 5,509: [GC (Allocation Failure) 2018-06-25T10:33:50.848+0200: 5,509: [ParNew
Desired survivor size 20112992 bytes, new threshold 8 (max 8)
- age   1:     608456 bytes,     608456 total
- age   2:     586440 bytes,    1194896 total
- age   3:       6576 bytes,    1201472 total
- age   4:    1349328 bytes,    2550800 total
- age   5:     439120 bytes,    2989920 total
- age   6:    6241888 bytes,    9231808 total
: 98615K->15027K(109248K), 0,0100269 secs] 98615K->15027K(502464K), 0,0101194 secs] [Times: user=0,03 sys=0,01, real=0,02 secs] 
Heap after GC invocations=6 (full 1):
 par new generation   total 109248K, used 15027K [0x00000000e0000000, 0x00000000e8000000, 0x00000000e8000000)
  eden space 87424K,   0% used [0x00000000e0000000, 0x00000000e0000000, 0x00000000e5560000)
  from space 21824K,  68% used [0x00000000e5560000, 0x00000000e640cde0, 0x00000000e6ab0000)
  to   space 21824K,   0% used [0x00000000e6ab0000, 0x00000000e6ab0000, 0x00000000e8000000)
 concurrent mark-sweep generation total 393216K, used 0K [0x00000000e8000000, 0x0000000100000000, 0x0000000100000000)
 Metaspace       used 21548K, capacity 21998K, committed 22140K, reserved 1069056K
  class space    used 2483K, capacity 2640K, committed 2684K, reserved 1048576K
}
2018-06-25T10:33:50.858+0200: 5,519: Total time for which application threads were stopped: 0,0108769 seconds, Stopping threads took: 0,0005944 seconds
2018-06-25T10:33:50.885+0200: 5,545: Total time for which application threads were stopped: 0,0009894 seconds, Stopping threads took: 0,0008902 seconds
2018-06-25T10:33:50.891+0200: 5,552: Total time for which application threads were stopped: 0,0001492 seconds, Stopping threads took: 0,0000827 seconds
2018-06-25T10:33:50.894+0200: 5,555: Total time for which application threads were stopped: 0,0001832 seconds, Stopping threads took: 0,0000746 seconds
2018-06-25T10:33:50.897+0200: 5,558: Total time for which application threads were stopped: 0,0001577 seconds, Stopping threads took: 0,0000780 seconds
2018-06-25T10:33:50.901+0200: 5,561: Total time for which application threads were stopped: 0,0029532 seconds, Stopping threads took: 0,0028484 seconds
2018-06-25T10:33:50.902+0200: 5,563: Total time for which application threads were stopped: 0,0002246 seconds, Stopping threads took: 0,0000565 seconds
2018-06-25T10:33:51.070+0200: 5,731: Total time for which application threads were stopped: 0,0004829 seconds, Stopping threads took: 0,0002770 seconds
2018-06-25T10:33:51.153+0200: 5,813: Total time for which application threads were stopped: 0,0002190 seconds, Stopping threads took: 0,0001042 seconds
2018-06-25T10:33:51.189+0200: 5,850: Total time for which application threads were stopped: 0,0001915 seconds, Stopping threads took: 0,0000823 seconds
2018-06-25T10:33:51.204+0200: 5,865: Total time for which application threads were stopped: 0,0001461 seconds, Stopping threads took: 0,0000793 seconds
2018-06-25T10:33:51.216+0200: 5,877: Total time for which application threads were stopped: 0,0004214 seconds, Stopping threads took: 0,0000460 seconds
2018-06-25T10:33:51.217+0200: 5,878: Total time for which application threads were stopped: 0,0001217 seconds, Stopping threads took: 0,0000455 seconds
2018-06-25T10:33:51.218+0200: 5,879: Total time for which application threads were stopped: 0,0001537 seconds, Stopping threads took: 0,0000994 seconds
2018-06-25T10:33:51.229+0200: 5,890: Total time for which application threads were stopped: 0,0003519 seconds, Stopping threads took: 0,0000208 seconds
2018-06-25T10:33:51.241+0200: 5,902: Total time for which application threads were stopped: 0,0000937 seconds, Stopping threads took: 0,0000247 seconds
2018-06-25T10:33:51.243+0200: 5,904: Total time for which application threads were stopped: 0,0001133 seconds, Stopping threads took: 0,0000318 seconds
2018-06-25T10:33:51.247+0200: 5,908: Total time for which application threads were stopped: 0,0001485 seconds, Stopping threads took: 0,0000451 seconds
2018-06-25T10:33:51.266+0200: 5,927: Total time for which application threads were stopped: 0,0001040 seconds, Stopping threads took: 0,0000371 seconds
2018-06-25T10:33:51.277+0200: 5,938: Total time for which application threads were stopped: 0,0001769 seconds, Stopping threads took: 0,0000952 seconds
2018-06-25T10:33:51.281+0200: 5,942: Total time for which application threads were stopped: 0,0001045 seconds, Stopping threads took: 0,0000317 seconds
2018-06-25T10:33:51.281+0200: 5,942: Total time for which application threads were stopped: 0,0000856 seconds, Stopping threads took: 0,0000249 seconds
2018-06-25T10:33:51.401+0200: 6,062: Total time for which application threads were stopped: 0,0002356 seconds, Stopping threads took: 0,0000739 seconds
2018-06-25T10:33:51.426+0200: 6,087: Total time for which application threads were stopped: 0,0000908 seconds, Stopping threads took: 0,0000355 seconds
2018-06-25T10:33:51.435+0200: 6,096: Total time for which application threads were stopped: 0,0001298 seconds, Stopping threads took: 0,0000564 seconds
2018-06-25T10:33:51.436+0200: 6,097: Total time for which application threads were stopped: 0,0001143 seconds, Stopping threads took: 0,0000426 seconds
2018-06-25T10:33:51.438+0200: 6,099: Total time for which application threads were stopped: 0,0013698 seconds, Stopping threads took: 0,0012782 seconds
2018-06-25T10:33:51.457+0200: 6,118: Total time for which application threads were stopped: 0,0007753 seconds, Stopping threads took: 0,0001352 seconds
2018-06-25T10:33:51.465+0200: 6,125: Total time for which application threads were stopped: 0,0009939 seconds, Stopping threads took: 0,0009155 seconds
2018-06-25T10:33:51.481+0200: 6,142: Total time for which application threads were stopped: 0,0000973 seconds, Stopping threads took: 0,0000218 seconds
2018-06-25T10:33:51.482+0200: 6,143: Total time for which application threads were stopped: 0,0001133 seconds, Stopping threads took: 0,0000485 seconds
{Heap before GC invocations=6 (full 1):
 par new generation   total 109248K, used 102451K [0x00000000e0000000, 0x00000000e8000000, 0x00000000e8000000)
  eden space 87424K, 100% used [0x00000000e0000000, 0x00000000e5560000, 0x00000000e5560000)
  from space 21824K,  68% used [0x00000000e5560000, 0x00000000e640cde0, 0x00000000e6ab0000)
  to   space 21824K,   0% used [0x00000000e6ab0000, 0x00000000e6ab0000, 0x00000000e8000000)
 concurrent mark-sweep generation total 393216K, used 0K [0x00000000e8000000, 0x0000000100000000, 0x0000000100000000)
 Metaspace       used 24922K, capacity 25374K, committed 25724K, reserved 1071104K
  class space    used 2905K, capacity 3080K, committed 3196K, reserved 1048576K
2018-06-25T10:33:51.500+0200: 6,161: [GC (Allocation Failure) 2018-06-25T10:33:51.500+0200: 6,161: [ParNew
Desired survivor size 20112992 bytes, new threshold 8 (max 8)
- age   1:    4895848 bytes,    4895848 total
- age   2:     158192 bytes,    5054040 total
- age   3:     193752 bytes,    5247792 total
- age   4:       6576 bytes,    5254368 total
- age   5:     554944 bytes,    5809312 total
- age   6:     418800 bytes,    6228112 total
- age   7:    6235240 bytes,   12463352 total
: 102451K->14301K(109248K), 0,0207217 secs] 102451K->14301K(502464K), 0,0207930 secs] [Times: user=0,04 sys=0,00, real=0,02 secs] 
Heap after GC invocations=7 (full 1):
 par new generation   total 109248K, used 14301K [0x00000000e0000000, 0x00000000e8000000, 0x00000000e8000000)
  eden space 87424K,   0% used [0x00000000e0000000, 0x00000000e0000000, 0x00000000e5560000)
  from space 21824K,  65% used [0x00000000e6ab0000, 0x00000000e78a7750, 0x00000000e8000000)
  to   space 21824K,   0% used [0x00000000e5560000, 0x00000000e5560000, 0x00000000e6ab0000)
 concurrent mark-sweep generation total 393216K, used 0K [0x00000000e8000000, 0x0000000100000000, 0x0000000100000000)
 Metaspace       used 24922K, capacity 25374K, committed 25724K, reserved 1071104K
  class space    used 2905K, capacity 3080K, committed 3196K, reserved 1048576K
}
2018-06-25T10:33:51.521+0200: 6,182: Total time for which application threads were stopped: 0,0209984 seconds, Stopping threads took: 0,0000535 seconds
2018-06-25T10:33:51.629+0200: 6,290: Total time for which application threads were stopped: 0,0002208 seconds, Stopping threads took: 0,0001189 seconds
2018-06-25T10:33:51.634+0200: 6,295: Total time for which application threads were stopped: 0,0001897 seconds, Stopping threads took: 0,0000774 seconds
2018-06-25T10:33:51.635+0200: 6,296: Total time for which application threads were stopped: 0,0003557 seconds, Stopping threads took: 0,0002541 seconds
2018-06-25T10:33:51.638+0200: 6,299: Total time for which application threads were stopped: 0,0017039 seconds, Stopping threads took: 0,0015878 seconds
2018-06-25T10:33:51.643+0200: 6,304: Total time for which application threads were stopped: 0,0001527 seconds, Stopping threads took: 0,0000416 seconds
2018-06-25T10:33:51.645+0200: 6,306: Total time for which application threads were stopped: 0,0006045 seconds, Stopping threads took: 0,0005035 seconds
2018-06-25T10:33:51.671+0200: 6,332: Total time for which application threads were stopped: 0,0002928 seconds, Stopping threads took: 0,0000709 seconds
2018-06-25T10:33:51.698+0200: 6,359: Total time for which application threads were stopped: 0,0001413 seconds, Stopping threads took: 0,0000536 seconds
2018-06-25T10:33:51.753+0200: 6,413: Total time for which application threads were stopped: 0,0040333 seconds, Stopping threads took: 0,0039561 seconds
2018-06-25T10:33:51.758+0200: 6,419: Total time for which application threads were stopped: 0,0004115 seconds, Stopping threads took: 0,0000303 seconds
2018-06-25T10:33:51.773+0200: 6,434: Total time for which application threads were stopped: 0,0007140 seconds, Stopping threads took: 0,0001582 seconds
2018-06-25T10:33:51.883+0200: 6,544: Total time for which application threads were stopped: 0,0065684 seconds, Stopping threads took: 0,0043463 seconds
2018-06-25T10:33:51.889+0200: 6,550: Total time for which application threads were stopped: 0,0002806 seconds, Stopping threads took: 0,0001062 seconds
2018-06-25T10:33:51.899+0200: 6,560: Total time for which application threads were stopped: 0,0001322 seconds, Stopping threads took: 0,0000502 seconds
2018-06-25T10:33:51.899+0200: 6,560: Total time for which application threads were stopped: 0,0001075 seconds, Stopping threads took: 0,0000327 seconds
2018-06-25T10:33:51.906+0200: 6,567: Total time for which application threads were stopped: 0,0063080 seconds, Stopping threads took: 0,0062190 seconds
2018-06-25T10:33:51.925+0200: 6,586: Total time for which application threads were stopped: 0,0002160 seconds, Stopping threads took: 0,0001093 seconds
2018-06-25T10:33:51.929+0200: 6,590: Total time for which application threads were stopped: 0,0001356 seconds, Stopping threads took: 0,0000512 seconds
2018-06-25T10:33:51.945+0200: 6,606: Total time for which application threads were stopped: 0,0006560 seconds, Stopping threads took: 0,0005136 seconds
2018-06-25T10:33:51.956+0200: 6,617: Total time for which application threads were stopped: 0,0004569 seconds, Stopping threads took: 0,0001010 seconds
2018-06-25T10:33:51.993+0200: 6,654: Total time for which application threads were stopped: 0,0004365 seconds, Stopping threads took: 0,0003004 seconds
2018-06-25T10:33:52.006+0200: 6,667: Total time for which application threads were stopped: 0,0002011 seconds, Stopping threads took: 0,0000645 seconds
2018-06-25T10:33:52.017+0200: 6,678: Total time for which application threads were stopped: 0,0002327 seconds, Stopping threads took: 0,0001057 seconds
2018-06-25T10:33:52.073+0200: 6,734: Total time for which application threads were stopped: 0,0006159 seconds, Stopping threads took: 0,0001350 seconds
2018-06-25T10:33:52.092+0200: 6,753: Total time for which application threads were stopped: 0,0073669 seconds, Stopping threads took: 0,0072196 seconds
2018-06-25T10:33:52.137+0200: 6,798: Total time for which application threads were stopped: 0,0043654 seconds, Stopping threads took: 0,0041650 seconds
2018-06-25T10:33:52.138+0200: 6,799: Total time for which application threads were stopped: 0,0004042 seconds, Stopping threads took: 0,0002658 seconds
2018-06-25T10:33:52.153+0200: 6,814: Total time for which application threads were stopped: 0,0027281 seconds, Stopping threads took: 0,0020363 seconds
2018-06-25T10:33:52.161+0200: 6,822: Total time for which application threads were stopped: 0,0004173 seconds, Stopping threads took: 0,0002817 seconds
2018-06-25T10:33:52.173+0200: 6,834: Total time for which application threads were stopped: 0,0017588 seconds, Stopping threads took: 0,0016451 seconds
2018-06-25T10:33:52.205+0200: 6,866: Total time for which application threads were stopped: 0,0026144 seconds, Stopping threads took: 0,0024776 seconds
{Heap before GC invocations=7 (full 1):
 par new generation   total 109248K, used 102244K [0x00000000e0000000, 0x00000000e8000000, 0x00000000e8000000)
  eden space 87424K, 100% used [0x00000000e0000000, 0x00000000e5560000, 0x00000000e5560000)
  from space 21824K,  67% used [0x00000000e6ab0000, 0x00000000e79291e0, 0x00000000e8000000)
  to   space 21824K,   0% used [0x00000000e5560000, 0x00000000e5560000, 0x00000000e6ab0000)
 concurrent mark-sweep generation total 393216K, used 0K [0x00000000e8000000, 0x0000000100000000, 0x0000000100000000)
 Metaspace       used 28039K, capacity 28572K, committed 28796K, reserved 1075200K
  class space    used 3222K, capacity 3395K, committed 3452K, reserved 1048576K
2018-06-25T10:33:52.207+0200: 6,868: [GC (Allocation Failure) 2018-06-25T10:33:52.207+0200: 6,868: [ParNew
Desired survivor size 20112992 bytes, new threshold 8 (max 8)
- age   1:   12795976 bytes,   12795976 total
- age   2:    1955256 bytes,   14751232 total
- age   3:     153272 bytes,   14904504 total
- age   4:     190504 bytes,   15095008 total
- age   5:       6576 bytes,   15101584 total
- age   6:     546264 bytes,   15647848 total
- age   7:     418112 bytes,   16065960 total
- age   8:    6227176 bytes,   22293136 total
: 102244K->21824K(109248K), 0,0454503 secs] 102244K->23875K(502464K), 0,0455444 secs] [Times: user=0,13 sys=0,01, real=0,05 secs] 
Heap after GC invocations=8 (full 1):
 par new generation   total 109248K, used 21824K [0x00000000e0000000, 0x00000000e8000000, 0x00000000e8000000)
  eden space 87424K,   0% used [0x00000000e0000000, 0x00000000e0000000, 0x00000000e5560000)
  from space 21824K, 100% used [0x00000000e5560000, 0x00000000e6ab0000, 0x00000000e6ab0000)
  to   space 21824K,   0% used [0x00000000e6ab0000, 0x00000000e6ab0000, 0x00000000e8000000)
 concurrent mark-sweep generation total 393216K, used 2051K [0x00000000e8000000, 0x0000000100000000, 0x0000000100000000)
 Metaspace       used 28039K, capacity 28572K, committed 28796K, reserved 1075200K
  class space    used 3222K, capacity 3395K, committed 3452K, reserved 1048576K
}
2018-06-25T10:33:52.252+0200: 6,913: Total time for which application threads were stopped: 0,0457921 seconds, Stopping threads took: 0,0000558 seconds
{Heap before GC invocations=8 (full 1):
 par new generation   total 109248K, used 25916K [0x00000000e0000000, 0x00000000e8000000, 0x00000000e8000000)
  eden space 87424K,   4% used [0x00000000e0000000, 0x00000000e03ff090, 0x00000000e5560000)
  from space 21824K, 100% used [0x00000000e5560000, 0x00000000e6ab0000, 0x00000000e6ab0000)
  to   space 21824K,   0% used [0x00000000e6ab0000, 0x00000000e6ab0000, 0x00000000e8000000)
 concurrent mark-sweep generation total 393216K, used 2051K [0x00000000e8000000, 0x0000000100000000, 0x0000000100000000)
 Metaspace       used 28039K, capacity 28572K, committed 28796K, reserved 1075200K
  class space    used 3222K, capacity 3395K, committed 3452K, reserved 1048576K
2018-06-25T10:33:52.262+0200: 6,923: [GC (GCLocker Initiated GC) 2018-06-25T10:33:52.262+0200: 6,923: [ParNew
Desired survivor size 20112992 bytes, new threshold 8 (max 8)
- age   1:     177576 bytes,     177576 total
- age   2:   12728920 bytes,   12906496 total
- age   3:    1955256 bytes,   14861752 total
- age   4:     153272 bytes,   15015024 total
- age   5:     190504 bytes,   15205528 total
- age   6:       6576 bytes,   15212104 total
- age   7:     546264 bytes,   15758368 total
- age   8:     418112 bytes,   16176480 total
: 25916K->21015K(109248K), 0,0939046 secs] 27967K->29751K(502464K), 0,0940025 secs] [Times: user=0,27 sys=0,00, real=0,09 secs] 
Heap after GC invocations=9 (full 1):
 par new generation   total 109248K, used 21015K [0x00000000e0000000, 0x00000000e8000000, 0x00000000e8000000)
  eden space 87424K,   0% used [0x00000000e0000000, 0x00000000e0000000, 0x00000000e5560000)
  from space 21824K,  96% used [0x00000000e6ab0000, 0x00000000e7f35d68, 0x00000000e8000000)
  to   space 21824K,   0% used [0x00000000e5560000, 0x00000000e5560000, 0x00000000e6ab0000)
 concurrent mark-sweep generation total 393216K, used 8735K [0x00000000e8000000, 0x0000000100000000, 0x0000000100000000)
 Metaspace       used 28039K, capacity 28572K, committed 28796K, reserved 1075200K
  class space    used 3222K, capacity 3395K, committed 3452K, reserved 1048576K
}
2018-06-25T10:33:52.356+0200: 7,017: Total time for which application threads were stopped: 0,0942723 seconds, Stopping threads took: 0,0000558 seconds
2018-06-25T10:33:52.357+0200: 7,018: Total time for which application threads were stopped: 0,0001416 seconds, Stopping threads took: 0,0000250 seconds
2018-06-25T10:33:52.357+0200: 7,018: Total time for which application threads were stopped: 0,0001075 seconds, Stopping threads took: 0,0000389 seconds
2018-06-25T10:33:52.357+0200: 7,018: Total time for which application threads were stopped: 0,0000736 seconds, Stopping threads took: 0,0000205 seconds
2018-06-25T10:33:52.358+0200: 7,019: Total time for which application threads were stopped: 0,0002214 seconds, Stopping threads took: 0,0001332 seconds
{Heap before GC invocations=9 (full 1):
 par new generation   total 109248K, used 108439K [0x00000000e0000000, 0x00000000e8000000, 0x00000000e8000000)
  eden space 87424K, 100% used [0x00000000e0000000, 0x00000000e5560000, 0x00000000e5560000)
  from space 21824K,  96% used [0x00000000e6ab0000, 0x00000000e7f35d68, 0x00000000e8000000)
  to   space 21824K,   0% used [0x00000000e5560000, 0x00000000e5560000, 0x00000000e6ab0000)
 concurrent mark-sweep generation total 393216K, used 8735K [0x00000000e8000000, 0x0000000100000000, 0x0000000100000000)
 Metaspace       used 28119K, capacity 28738K, committed 29052K, reserved 1075200K
  class space    used 3229K, capacity 3428K, committed 3452K, reserved 1048576K
2018-06-25T10:33:52.473+0200: 7,134: [GC (Allocation Failure) 2018-06-25T10:33:52.473+0200: 7,134: [ParNew
Desired survivor size 20112992 bytes, new threshold 8 (max 8)
- age   1:    1615336 bytes,    1615336 total
- age   2:         80 bytes,    1615416 total
- age   3:   11907800 bytes,   13523216 total
- age   4:    1955168 bytes,   15478384 total
- age   5:     153272 bytes,   15631656 total
- age   6:     190504 bytes,   15822160 total
- age   7:       6576 bytes,   15828736 total
- age   8:     546096 bytes,   16374832 total
: 108439K->20510K(109248K), 0,0397652 secs] 117175K->29665K(502464K), 0,0398553 secs] [Times: user=0,11 sys=0,01, real=0,04 secs] 
Heap after GC invocations=10 (full 1):
 par new generation   total 109248K, used 20510K [0x00000000e0000000, 0x00000000e8000000, 0x00000000e8000000)
  eden space 87424K,   0% used [0x00000000e0000000, 0x00000000e0000000, 0x00000000e5560000)
  from space 21824K,  93% used [0x00000000e5560000, 0x00000000e6967890, 0x00000000e6ab0000)
  to   space 21824K,   0% used [0x00000000e6ab0000, 0x00000000e6ab0000, 0x00000000e8000000)
 concurrent mark-sweep generation total 393216K, used 9155K [0x00000000e8000000, 0x0000000100000000, 0x0000000100000000)
 Metaspace       used 28119K, capacity 28738K, committed 29052K, reserved 1075200K
  class space    used 3229K, capacity 3428K, committed 3452K, reserved 1048576K
}
2018-06-25T10:33:52.513+0200: 7,174: Total time for which application threads were stopped: 0,0401831 seconds, Stopping threads took: 0,0000872 seconds
{Heap before GC invocations=10 (full 1):
 par new generation   total 109248K, used 107934K [0x00000000e0000000, 0x00000000e8000000, 0x00000000e8000000)
  eden space 87424K, 100% used [0x00000000e0000000, 0x00000000e5560000, 0x00000000e5560000)
  from space 21824K,  93% used [0x00000000e5560000, 0x00000000e6967890, 0x00000000e6ab0000)
  to   space 21824K,   0% used [0x00000000e6ab0000, 0x00000000e6ab0000, 0x00000000e8000000)
 concurrent mark-sweep generation total 393216K, used 9155K [0x00000000e8000000, 0x0000000100000000, 0x0000000100000000)
 Metaspace       used 28156K, capacity 28764K, committed 29052K, reserved 1075200K
  class space    used 3232K, capacity 3433K, committed 3452K, reserved 1048576K
2018-06-25T10:33:52.585+0200: 7,246: [GC (Allocation Failure) 2018-06-25T10:33:52.585+0200: 7,246: [ParNew
Desired survivor size 20112992 bytes, new threshold 8 (max 8)
- age   1:     882704 bytes,     882704 total
- age   2:     956720 bytes,    1839424 total
- age   3:         80 bytes,    1839504 total
- age   4:   11901880 bytes,   13741384 total
- age   5:    1955168 bytes,   15696552 total
- age   6:     153176 bytes,   15849728 total
- age   7:     190368 bytes,   16040096 total
- age   8:       6576 bytes,   16046672 total
: 107934K->21499K(109248K), 0,0391775 secs] 117089K->31196K(502464K), 0,0392847 secs] [Times: user=0,11 sys=0,01, real=0,04 secs] 
Heap after GC invocations=11 (full 1):
 par new generation   total 109248K, used 21499K [0x00000000e0000000, 0x00000000e8000000, 0x00000000e8000000)
  eden space 87424K,   0% used [0x00000000e0000000, 0x00000000e0000000, 0x00000000e5560000)
  from space 21824K,  98% used [0x00000000e6ab0000, 0x00000000e7faee90, 0x00000000e8000000)
  to   space 21824K,   0% used [0x00000000e5560000, 0x00000000e5560000, 0x00000000e6ab0000)
 concurrent mark-sweep generation total 393216K, used 9696K [0x00000000e8000000, 0x0000000100000000, 0x0000000100000000)
 Metaspace       used 28156K, capacity 28764K, committed 29052K, reserved 1075200K
  class space    used 3232K, capacity 3433K, committed 3452K, reserved 1048576K
}
2018-06-25T10:33:52.624+0200: 7,285: Total time for which application threads were stopped: 0,0421057 seconds, Stopping threads took: 0,0026112 seconds
2018-06-25T10:33:52.743+0200: 7,404: Total time for which application threads were stopped: 0,0048004 seconds, Stopping threads took: 0,0041610 seconds
2018-06-25T10:33:52.793+0200: 7,454: Total time for which application threads were stopped: 0,0066353 seconds, Stopping threads took: 0,0063315 seconds
2018-06-25T10:33:52.814+0200: 7,475: Total time for which application threads were stopped: 0,0001908 seconds, Stopping threads took: 0,0000675 seconds
2018-06-25T10:33:52.842+0200: 7,503: Total time for which application threads were stopped: 0,0070669 seconds, Stopping threads took: 0,0062787 seconds
2018-06-25T10:33:53.846+0200: 8,507: Total time for which application threads were stopped: 0,0000960 seconds, Stopping threads took: 0,0000191 seconds
2018-06-25T10:34:24.218+0200: 38,879: Total time for which application threads were stopped: 0,0012551 seconds, Stopping threads took: 0,0001043 seconds
2018-06-25T10:34:25.220+0200: 39,881: Total time for which application threads were stopped: 0,0010854 seconds, Stopping threads took: 0,0006326 seconds
2018-06-25T10:34:25.561+0200: 40,221: Total time for which application threads were stopped: 0,0007407 seconds, Stopping threads took: 0,0001947 seconds
2018-06-25T10:34:25.563+0200: 40,224: Total time for which application threads were stopped: 0,0005152 seconds, Stopping threads took: 0,0000300 seconds
2018-06-25T10:34:25.574+0200: 40,235: Total time for which application threads were stopped: 0,0007720 seconds, Stopping threads took: 0,0002964 seconds
2018-06-25T10:34:25.581+0200: 40,241: Total time for which application threads were stopped: 0,0001359 seconds, Stopping threads took: 0,0000455 seconds
2018-06-25T10:34:25.584+0200: 40,245: Total time for which application threads were stopped: 0,0002087 seconds, Stopping threads took: 0,0000666 seconds
2018-06-25T10:34:25.585+0200: 40,246: Total time for which application threads were stopped: 0,0001158 seconds, Stopping threads took: 0,0000174 seconds
2018-06-25T10:34:25.585+0200: 40,246: Total time for which application threads were stopped: 0,0001172 seconds, Stopping threads took: 0,0000474 seconds
2018-06-25T10:34:25.614+0200: 40,274: Total time for which application threads were stopped: 0,0001562 seconds, Stopping threads took: 0,0000519 seconds
2018-06-25T10:34:25.614+0200: 40,275: Total time for which application threads were stopped: 0,0000501 seconds, Stopping threads took: 0,0000175 seconds
2018-06-25T10:34:25.614+0200: 40,275: Total time for which application threads were stopped: 0,0000632 seconds, Stopping threads took: 0,0000299 seconds
2018-06-25T10:34:25.614+0200: 40,275: Total time for which application threads were stopped: 0,0000504 seconds, Stopping threads took: 0,0000203 seconds
2018-06-25T10:34:25.614+0200: 40,275: Total time for which application threads were stopped: 0,0000486 seconds, Stopping threads took: 0,0000167 seconds
2018-06-25T10:34:25.615+0200: 40,276: Total time for which application threads were stopped: 0,0000976 seconds, Stopping threads took: 0,0000232 seconds
2018-06-25T10:34:25.615+0200: 40,276: Total time for which application threads were stopped: 0,0000660 seconds, Stopping threads took: 0,0000148 seconds
2018-06-25T10:34:25.615+0200: 40,276: Total time for which application threads were stopped: 0,0000927 seconds, Stopping threads took: 0,0000116 seconds
2018-06-25T10:34:25.615+0200: 40,276: Total time for which application threads were stopped: 0,0000552 seconds, Stopping threads took: 0,0000115 seconds
2018-06-25T10:34:25.616+0200: 40,277: Total time for which application threads were stopped: 0,0000604 seconds, Stopping threads took: 0,0000191 seconds
2018-06-25T10:34:25.616+0200: 40,277: Total time for which application threads were stopped: 0,0000450 seconds, Stopping threads took: 0,0000104 seconds
2018-06-25T10:34:25.616+0200: 40,277: Total time for which application threads were stopped: 0,0000440 seconds, Stopping threads took: 0,0000102 seconds
2018-06-25T10:34:25.616+0200: 40,277: Total time for which application threads were stopped: 0,0000464 seconds, Stopping threads took: 0,0000102 seconds
2018-06-25T10:34:25.617+0200: 40,278: Total time for which application threads were stopped: 0,0001221 seconds, Stopping threads took: 0,0000501 seconds
2018-06-25T10:34:25.617+0200: 40,278: Total time for which application threads were stopped: 0,0000648 seconds, Stopping threads took: 0,0000335 seconds
2018-06-25T10:34:25.619+0200: 40,280: Total time for which application threads were stopped: 0,0001153 seconds, Stopping threads took: 0,0000277 seconds
2018-06-25T10:34:25.619+0200: 40,280: Total time for which application threads were stopped: 0,0000624 seconds, Stopping threads took: 0,0000122 seconds
2018-06-25T10:34:25.621+0200: 40,282: Total time for which application threads were stopped: 0,0001149 seconds, Stopping threads took: 0,0000445 seconds
2018-06-25T10:34:25.621+0200: 40,282: Total time for which application threads were stopped: 0,0000605 seconds, Stopping threads took: 0,0000281 seconds
2018-06-25T10:34:26.621+0200: 41,282: Total time for which application threads were stopped: 0,0000843 seconds, Stopping threads took: 0,0000180 seconds
2018-06-25T10:34:45.623+0200: 60,284: Total time for which application threads were stopped: 0,0000882 seconds, Stopping threads took: 0,0000258 seconds
2018-06-25T10:35:25.621+0200: 100,282: Total time for which application threads were stopped: 0,0001192 seconds, Stopping threads took: 0,0000455 seconds
2018-06-25T10:35:41.623+0200: 116,284: Total time for which application threads were stopped: 0,0001368 seconds, Stopping threads took: 0,0000362 seconds
2018-06-25T10:36:05.626+0200: 140,287: Total time for which application threads were stopped: 0,0000980 seconds, Stopping threads took: 0,0000324 seconds
2018-06-25T10:36:55.073+0200: 189,734: Total time for which application threads were stopped: 0,0008452 seconds, Stopping threads took: 0,0001552 seconds
2018-06-25T10:36:55.074+0200: 189,735: Total time for which application threads were stopped: 0,0001684 seconds, Stopping threads took: 0,0000607 seconds
2018-06-25T10:36:55.077+0200: 189,738: Total time for which application threads were stopped: 0,0002280 seconds, Stopping threads took: 0,0000703 seconds
2018-06-25T10:36:55.077+0200: 189,738: Total time for which application threads were stopped: 0,0001084 seconds, Stopping threads took: 0,0000346 seconds
2018-06-25T10:36:55.087+0200: 189,748: Total time for which application threads were stopped: 0,0001313 seconds, Stopping threads took: 0,0000424 seconds
2018-06-25T10:36:55.087+0200: 189,748: Total time for which application threads were stopped: 0,0001045 seconds, Stopping threads took: 0,0000224 seconds
2018-06-25T10:36:55.090+0200: 189,751: Total time for which application threads were stopped: 0,0002102 seconds, Stopping threads took: 0,0001134 seconds
2018-06-25T10:36:55.090+0200: 189,751: Total time for which application threads were stopped: 0,0001003 seconds, Stopping threads took: 0,0000130 seconds
2018-06-25T10:36:57.091+0200: 191,752: Total time for which application threads were stopped: 0,0005184 seconds, Stopping threads took: 0,0001484 seconds
2018-06-25T10:36:57.382+0200: 192,043: Total time for which application threads were stopped: 0,0001571 seconds, Stopping threads took: 0,0000375 seconds
2018-06-25T10:36:57.382+0200: 192,043: Total time for which application threads were stopped: 0,0000948 seconds, Stopping threads took: 0,0000142 seconds
2018-06-25T10:36:57.384+0200: 192,045: Total time for which application threads were stopped: 0,0001499 seconds, Stopping threads took: 0,0000268 seconds
2018-06-25T10:36:57.384+0200: 192,045: Total time for which application threads were stopped: 0,0000707 seconds, Stopping threads took: 0,0000201 seconds
2018-06-25T10:36:57.392+0200: 192,053: Total time for which application threads were stopped: 0,0001411 seconds, Stopping threads took: 0,0000286 seconds
2018-06-25T10:36:57.392+0200: 192,053: Total time for which application threads were stopped: 0,0001007 seconds, Stopping threads took: 0,0000421 seconds
2018-06-25T10:36:57.397+0200: 192,058: Total time for which application threads were stopped: 0,0002158 seconds, Stopping threads took: 0,0000447 seconds
2018-06-25T10:36:57.399+0200: 192,060: Total time for which application threads were stopped: 0,0001647 seconds, Stopping threads took: 0,0000253 seconds
2018-06-25T10:37:15.065+0200: 209,726: Total time for which application threads were stopped: 0,0004272 seconds, Stopping threads took: 0,0000191 seconds
2018-06-25T10:37:15.066+0200: 209,727: Total time for which application threads were stopped: 0,0003914 seconds, Stopping threads took: 0,0000168 seconds
2018-06-25T10:37:15.070+0200: 209,731: Total time for which application threads were stopped: 0,0001165 seconds, Stopping threads took: 0,0000460 seconds
2018-06-25T10:37:15.075+0200: 209,735: Total time for which application threads were stopped: 0,0001580 seconds, Stopping threads took: 0,0000603 seconds
2018-06-25T10:37:15.075+0200: 209,736: Total time for which application threads were stopped: 0,0001006 seconds, Stopping threads took: 0,0000299 seconds
2018-06-25T10:37:15.075+0200: 209,736: Total time for which application threads were stopped: 0,0001019 seconds, Stopping threads took: 0,0000332 seconds
2018-06-25T10:37:15.076+0200: 209,737: Total time for which application threads were stopped: 0,0001338 seconds, Stopping threads took: 0,0000470 seconds
2018-06-25T10:37:15.076+0200: 209,737: Total time for which application threads were stopped: 0,0000807 seconds, Stopping threads took: 0,0000254 seconds
2018-06-25T10:37:15.077+0200: 209,738: Total time for which application threads were stopped: 0,0005613 seconds, Stopping threads took: 0,0004984 seconds
2018-06-25T10:37:15.080+0200: 209,741: Total time for which application threads were stopped: 0,0000830 seconds, Stopping threads took: 0,0000208 seconds
2018-06-25T10:37:15.083+0200: 209,744: Total time for which application threads were stopped: 0,0001316 seconds, Stopping threads took: 0,0000235 seconds
2018-06-25T10:37:15.084+0200: 209,745: Total time for which application threads were stopped: 0,0001514 seconds, Stopping threads took: 0,0000255 seconds
2018-06-25T10:37:15.087+0200: 209,748: Total time for which application threads were stopped: 0,0020001 seconds, Stopping threads took: 0,0019235 seconds
2018-06-25T10:37:15.087+0200: 209,748: Total time for which application threads were stopped: 0,0000938 seconds, Stopping threads took: 0,0000316 seconds
2018-06-25T10:37:15.087+0200: 209,748: Total time for which application threads were stopped: 0,0000844 seconds, Stopping threads took: 0,0000242 seconds
2018-06-25T10:37:15.088+0200: 209,748: Total time for which application threads were stopped: 0,0000609 seconds, Stopping threads took: 0,0000171 seconds
2018-06-25T10:37:15.088+0200: 209,749: Total time for which application threads were stopped: 0,0000755 seconds, Stopping threads took: 0,0000261 seconds
2018-06-25T10:37:15.088+0200: 209,749: Total time for which application threads were stopped: 0,0000639 seconds, Stopping threads took: 0,0000120 seconds
2018-06-25T10:37:15.088+0200: 209,749: Total time for which application threads were stopped: 0,0000625 seconds, Stopping threads took: 0,0000129 seconds
2018-06-25T10:37:15.088+0200: 209,749: Total time for which application threads were stopped: 0,0000547 seconds, Stopping threads took: 0,0000122 seconds
2018-06-25T10:37:15.088+0200: 209,749: Total time for which application threads were stopped: 0,0000620 seconds, Stopping threads took: 0,0000218 seconds
2018-06-25T10:37:15.088+0200: 209,749: Total time for which application threads were stopped: 0,0000571 seconds, Stopping threads took: 0,0000116 seconds
2018-06-25T10:37:15.088+0200: 209,749: Total time for which application threads were stopped: 0,0000527 seconds, Stopping threads took: 0,0000098 seconds
2018-06-25T10:37:15.088+0200: 209,749: Total time for which application threads were stopped: 0,0000649 seconds, Stopping threads took: 0,0000229 seconds
2018-06-25T10:37:15.089+0200: 209,750: Total time for which application threads were stopped: 0,0000638 seconds, Stopping threads took: 0,0000219 seconds
2018-06-25T10:37:15.089+0200: 209,750: Total time for which application threads were stopped: 0,0000526 seconds, Stopping threads took: 0,0000108 seconds
2018-06-25T10:37:15.089+0200: 209,750: Total time for which application threads were stopped: 0,0000793 seconds, Stopping threads took: 0,0000353 seconds
2018-06-25T10:37:15.089+0200: 209,750: Total time for which application threads were stopped: 0,0000532 seconds, Stopping threads took: 0,0000112 seconds
2018-06-25T10:37:15.093+0200: 209,754: Total time for which application threads were stopped: 0,0001044 seconds, Stopping threads took: 0,0000311 seconds
2018-06-25T10:37:15.093+0200: 209,754: Total time for which application threads were stopped: 0,0000784 seconds, Stopping threads took: 0,0000431 seconds
2018-06-25T10:37:15.096+0200: 209,757: Total time for which application threads were stopped: 0,0010953 seconds, Stopping threads took: 0,0010278 seconds
2018-06-25T10:37:15.101+0200: 209,762: Total time for which application threads were stopped: 0,0001084 seconds, Stopping threads took: 0,0000265 seconds
2018-06-25T10:37:15.101+0200: 209,762: Total time for which application threads were stopped: 0,0000807 seconds, Stopping threads took: 0,0000299 seconds
2018-06-25T10:37:15.101+0200: 209,762: Total time for which application threads were stopped: 0,0000785 seconds, Stopping threads took: 0,0000285 seconds
2018-06-25T10:37:15.101+0200: 209,762: Total time for which application threads were stopped: 0,0000757 seconds, Stopping threads took: 0,0000371 seconds
2018-06-25T10:37:15.101+0200: 209,762: Total time for which application threads were stopped: 0,0003951 seconds, Stopping threads took: 0,0003420 seconds
2018-06-25T10:37:15.103+0200: 209,764: Total time for which application threads were stopped: 0,0001444 seconds, Stopping threads took: 0,0000593 seconds
2018-06-25T10:37:15.103+0200: 209,764: Total time for which application threads were stopped: 0,0001329 seconds, Stopping threads took: 0,0000552 seconds
2018-06-25T10:37:15.105+0200: 209,766: Total time for which application threads were stopped: 0,0006110 seconds, Stopping threads took: 0,0005442 seconds
2018-06-25T10:37:15.105+0200: 209,766: Total time for which application threads were stopped: 0,0000909 seconds, Stopping threads took: 0,0000461 seconds
2018-06-25T10:37:15.107+0200: 209,768: Total time for which application threads were stopped: 0,0000939 seconds, Stopping threads took: 0,0000409 seconds
2018-06-25T10:37:15.108+0200: 209,769: Total time for which application threads were stopped: 0,0001046 seconds, Stopping threads took: 0,0000478 seconds
2018-06-25T10:37:15.110+0200: 209,771: Total time for which application threads were stopped: 0,0001423 seconds, Stopping threads took: 0,0000636 seconds
2018-06-25T10:37:15.110+0200: 209,771: Total time for which application threads were stopped: 0,0001020 seconds, Stopping threads took: 0,0000364 seconds
2018-06-25T10:37:15.111+0200: 209,772: Total time for which application threads were stopped: 0,0001125 seconds, Stopping threads took: 0,0000530 seconds
2018-06-25T10:37:15.112+0200: 209,773: Total time for which application threads were stopped: 0,0001080 seconds, Stopping threads took: 0,0000444 seconds
2018-06-25T10:37:15.112+0200: 209,773: Total time for which application threads were stopped: 0,0000917 seconds, Stopping threads took: 0,0000255 seconds
2018-06-25T10:37:15.112+0200: 209,773: Total time for which application threads were stopped: 0,0000910 seconds, Stopping threads took: 0,0000430 seconds
2018-06-25T10:37:15.113+0200: 209,774: Total time for which application threads were stopped: 0,0000627 seconds, Stopping threads took: 0,0000236 seconds
2018-06-25T10:37:15.113+0200: 209,774: Total time for which application threads were stopped: 0,0000394 seconds, Stopping threads took: 0,0000106 seconds
2018-06-25T10:37:15.113+0200: 209,774: Total time for which application threads were stopped: 0,0000798 seconds, Stopping threads took: 0,0000394 seconds
2018-06-25T10:37:15.113+0200: 209,774: Total time for which application threads were stopped: 0,0001727 seconds, Stopping threads took: 0,0000136 seconds
2018-06-25T10:37:15.117+0200: 209,778: Total time for which application threads were stopped: 0,0005166 seconds, Stopping threads took: 0,0000371 seconds
2018-06-25T10:37:15.117+0200: 209,778: Total time for which application threads were stopped: 0,0001048 seconds, Stopping threads took: 0,0000390 seconds
2018-06-25T10:37:15.123+0200: 209,784: Total time for which application threads were stopped: 0,0002526 seconds, Stopping threads took: 0,0001809 seconds
2018-06-25T10:37:15.123+0200: 209,784: Total time for which application threads were stopped: 0,0000857 seconds, Stopping threads took: 0,0000362 seconds
2018-06-25T10:37:15.125+0200: 209,786: Total time for which application threads were stopped: 0,0002560 seconds, Stopping threads took: 0,0001851 seconds
2018-06-25T10:37:15.129+0200: 209,790: Total time for which application threads were stopped: 0,0001296 seconds, Stopping threads took: 0,0000434 seconds
2018-06-25T10:37:15.130+0200: 209,791: Total time for which application threads were stopped: 0,0000853 seconds, Stopping threads took: 0,0000257 seconds
2018-06-25T10:37:15.130+0200: 209,791: Total time for which application threads were stopped: 0,0000846 seconds, Stopping threads took: 0,0000445 seconds
2018-06-25T10:37:15.130+0200: 209,791: Total time for which application threads were stopped: 0,0001869 seconds, Stopping threads took: 0,0000355 seconds
2018-06-25T10:37:15.141+0200: 209,802: Total time for which application threads were stopped: 0,0001845 seconds, Stopping threads took: 0,0000488 seconds
2018-06-25T10:37:15.143+0200: 209,804: Total time for which application threads were stopped: 0,0001465 seconds, Stopping threads took: 0,0000348 seconds
Heap
 par new generation   total 109248K, used 95314K [0x00000000e0000000, 0x00000000e8000000, 0x00000000e8000000)
  eden space 87424K,  84% used [0x00000000e0000000, 0x00000000e4815c78, 0x00000000e5560000)
  from space 21824K,  98% used [0x00000000e6ab0000, 0x00000000e7faee90, 0x00000000e8000000)
  to   space 21824K,   0% used [0x00000000e5560000, 0x00000000e5560000, 0x00000000e6ab0000)
 concurrent mark-sweep generation total 393216K, used 9696K [0x00000000e8000000, 0x0000000100000000, 0x0000000100000000)
 Metaspace       used 30381K, capacity 31156K, committed 31356K, reserved 1077248K
  class space    used 3466K, capacity 3691K, committed 3708K, reserved 1048576K
