OpenJDK 64-Bit Server VM (25.171-b11) for linux-amd64 JRE (1.8.0_171-8u171-b11-0ubuntu0.16.04.1-b11), built on Apr 27 2018 17:19:03 by "buildd" with gcc 5.4.0 20160609
Memory: 4k page, physical 7867600k(813500k free), swap 8076284k(8009580k free)
CommandLine flags: -XX:CMSInitiatingOccupancyFraction=50 -XX:CMSMaxAbortablePrecleanTime=6000 -XX:+CMSParallelRemarkEnabled -XX:+CMSScavengeBeforeRemark -XX:ConcGCThreads=4 -XX:InitialHeapSize=536870912 -XX:MaxHeapSize=536870912 -XX:MaxTenuringThreshold=8 -XX:NewRatio=3 -XX:OldPLABSize=16 -XX:OnOutOfMemoryError=/home/gurnoor/workspace/QTM/solr/bin/oom_solr.sh 8983 /home/gurnoor/workspace/QTM/solr/server/logs -XX:ParallelGCThreads=4 -XX:+ParallelRefProcEnabled -XX:PretenureSizeThreshold=67108864 -XX:+PrintGC -XX:+PrintGCApplicationStoppedTime -XX:+PrintGCDateStamps -XX:+PrintGCDetails -XX:+PrintGCTimeStamps -XX:+PrintHeapAtGC -XX:+PrintTenuringDistribution -XX:SurvivorRatio=4 -XX:TargetSurvivorRatio=90 -XX:ThreadStackSize=256 -XX:+UseCMSInitiatingOccupancyOnly -XX:+UseCompressedClassPointers -XX:+UseCompressedOops -XX:+UseConcMarkSweepGC -XX:+UseParNewGC 
2018-06-19T14:57:34.279+0200: 0,116: Total time for which application threads were stopped: 0,0000693 seconds, Stopping threads took: 0,0000131 seconds
2018-06-19T14:57:34.347+0200: 0,184: Total time for which application threads were stopped: 0,0001214 seconds, Stopping threads took: 0,0000210 seconds
2018-06-19T14:57:34.360+0200: 0,196: Total time for which application threads were stopped: 0,0000850 seconds, Stopping threads took: 0,0000134 seconds
2018-06-19T14:57:34.475+0200: 0,312: Total time for which application threads were stopped: 0,0001604 seconds, Stopping threads took: 0,0000195 seconds
2018-06-19T14:57:34.649+0200: 0,485: Total time for which application threads were stopped: 0,0008398 seconds, Stopping threads took: 0,0001111 seconds
2018-06-19T14:57:34.765+0200: 0,602: Total time for which application threads were stopped: 0,0012411 seconds, Stopping threads took: 0,0001410 seconds
2018-06-19T14:57:34.799+0200: 0,636: Total time for which application threads were stopped: 0,0013533 seconds, Stopping threads took: 0,0001812 seconds
2018-06-19T14:57:35.110+0200: 0,947: Total time for which application threads were stopped: 0,0003801 seconds, Stopping threads took: 0,0000280 seconds
2018-06-19T14:57:35.378+0200: 1,215: Total time for which application threads were stopped: 0,0003033 seconds, Stopping threads took: 0,0000316 seconds
2018-06-19T14:57:35.399+0200: 1,236: Total time for which application threads were stopped: 0,0001913 seconds, Stopping threads took: 0,0000203 seconds
2018-06-19T14:57:35.424+0200: 1,260: Total time for which application threads were stopped: 0,0002374 seconds, Stopping threads took: 0,0000234 seconds
2018-06-19T14:57:35.425+0200: 1,262: Total time for which application threads were stopped: 0,0002303 seconds, Stopping threads took: 0,0000237 seconds
2018-06-19T14:57:35.438+0200: 1,274: Total time for which application threads were stopped: 0,0002352 seconds, Stopping threads took: 0,0000303 seconds
2018-06-19T14:57:35.506+0200: 1,342: Total time for which application threads were stopped: 0,0002694 seconds, Stopping threads took: 0,0000254 seconds
2018-06-19T14:57:35.664+0200: 1,501: Total time for which application threads were stopped: 0,0004604 seconds, Stopping threads took: 0,0002152 seconds
{Heap before GC invocations=0 (full 0):
 par new generation   total 109248K, used 87424K [0x00000000e0000000, 0x00000000e8000000, 0x00000000e8000000)
  eden space 87424K, 100% used [0x00000000e0000000, 0x00000000e5560000, 0x00000000e5560000)
  from space 21824K,   0% used [0x00000000e5560000, 0x00000000e5560000, 0x00000000e6ab0000)
  to   space 21824K,   0% used [0x00000000e6ab0000, 0x00000000e6ab0000, 0x00000000e8000000)
 concurrent mark-sweep generation total 393216K, used 0K [0x00000000e8000000, 0x0000000100000000, 0x0000000100000000)
 Metaspace       used 17826K, capacity 18184K, committed 18304K, reserved 1064960K
  class space    used 2020K, capacity 2166K, committed 2176K, reserved 1048576K
2018-06-19T14:57:35.691+0200: 1,527: [GC (Allocation Failure) 2018-06-19T14:57:35.691+0200: 1,527: [ParNew
Desired survivor size 20112992 bytes, new threshold 8 (max 8)
- age   1:   11317736 bytes,   11317736 total
: 87424K->11166K(109248K), 0,0101125 secs] 87424K->11166K(502464K), 0,0101792 secs] [Times: user=0,03 sys=0,01, real=0,00 secs] 
Heap after GC invocations=1 (full 0):
 par new generation   total 109248K, used 11166K [0x00000000e0000000, 0x00000000e8000000, 0x00000000e8000000)
  eden space 87424K,   0% used [0x00000000e0000000, 0x00000000e0000000, 0x00000000e5560000)
  from space 21824K,  51% used [0x00000000e6ab0000, 0x00000000e75979c8, 0x00000000e8000000)
  to   space 21824K,   0% used [0x00000000e5560000, 0x00000000e5560000, 0x00000000e6ab0000)
 concurrent mark-sweep generation total 393216K, used 0K [0x00000000e8000000, 0x0000000100000000, 0x0000000100000000)
 Metaspace       used 17826K, capacity 18184K, committed 18304K, reserved 1064960K
  class space    used 2020K, capacity 2166K, committed 2176K, reserved 1048576K
}
2018-06-19T14:57:35.701+0200: 1,538: Total time for which application threads were stopped: 0,0144944 seconds, Stopping threads took: 0,0041203 seconds
2018-06-19T14:57:36.008+0200: 1,844: Total time for which application threads were stopped: 0,0010324 seconds, Stopping threads took: 0,0006923 seconds
{Heap before GC invocations=1 (full 0):
 par new generation   total 109248K, used 98590K [0x00000000e0000000, 0x00000000e8000000, 0x00000000e8000000)
  eden space 87424K, 100% used [0x00000000e0000000, 0x00000000e5560000, 0x00000000e5560000)
  from space 21824K,  51% used [0x00000000e6ab0000, 0x00000000e75979c8, 0x00000000e8000000)
  to   space 21824K,   0% used [0x00000000e5560000, 0x00000000e5560000, 0x00000000e6ab0000)
 concurrent mark-sweep generation total 393216K, used 0K [0x00000000e8000000, 0x0000000100000000, 0x0000000100000000)
 Metaspace       used 20100K, capacity 20496K, committed 20736K, reserved 1067008K
  class space    used 2296K, capacity 2470K, committed 2560K, reserved 1048576K
2018-06-19T14:57:36.051+0200: 1,888: [GC (Allocation Failure) 2018-06-19T14:57:36.051+0200: 1,888: [ParNew
Desired survivor size 20112992 bytes, new threshold 8 (max 8)
- age   1:    3559456 bytes,    3559456 total
- age   2:    5805232 bytes,    9364688 total
: 98590K->12274K(109248K), 0,0096455 secs] 98590K->12274K(502464K), 0,0097229 secs] [Times: user=0,03 sys=0,00, real=0,00 secs] 
Heap after GC invocations=2 (full 0):
 par new generation   total 109248K, used 12274K [0x00000000e0000000, 0x00000000e8000000, 0x00000000e8000000)
  eden space 87424K,   0% used [0x00000000e0000000, 0x00000000e0000000, 0x00000000e5560000)
  from space 21824K,  56% used [0x00000000e5560000, 0x00000000e615c9c8, 0x00000000e6ab0000)
  to   space 21824K,   0% used [0x00000000e6ab0000, 0x00000000e6ab0000, 0x00000000e8000000)
 concurrent mark-sweep generation total 393216K, used 0K [0x00000000e8000000, 0x0000000100000000, 0x0000000100000000)
 Metaspace       used 20100K, capacity 20496K, committed 20736K, reserved 1067008K
  class space    used 2296K, capacity 2470K, committed 2560K, reserved 1048576K
}
2018-06-19T14:57:36.061+0200: 1,897: Total time for which application threads were stopped: 0,0099712 seconds, Stopping threads took: 0,0000927 seconds
2018-06-19T14:57:36.067+0200: 1,904: Total time for which application threads were stopped: 0,0003759 seconds, Stopping threads took: 0,0000471 seconds
2018-06-19T14:57:36.117+0200: 1,953: Total time for which application threads were stopped: 0,0005493 seconds, Stopping threads took: 0,0001817 seconds
2018-06-19T14:57:36.239+0200: 2,076: Total time for which application threads were stopped: 0,0022803 seconds, Stopping threads took: 0,0020614 seconds
{Heap before GC invocations=2 (full 0):
 par new generation   total 109248K, used 99698K [0x00000000e0000000, 0x00000000e8000000, 0x00000000e8000000)
  eden space 87424K, 100% used [0x00000000e0000000, 0x00000000e5560000, 0x00000000e5560000)
  from space 21824K,  56% used [0x00000000e5560000, 0x00000000e615c9c8, 0x00000000e6ab0000)
  to   space 21824K,   0% used [0x00000000e6ab0000, 0x00000000e6ab0000, 0x00000000e8000000)
 concurrent mark-sweep generation total 393216K, used 0K [0x00000000e8000000, 0x0000000100000000, 0x0000000100000000)
 Metaspace       used 21025K, capacity 21418K, committed 21628K, reserved 1069056K
  class space    used 2419K, capacity 2589K, committed 2684K, reserved 1048576K
2018-06-19T14:57:36.294+0200: 2,130: [GC (Allocation Failure) 2018-06-19T14:57:36.294+0200: 2,130: [ParNew
Desired survivor size 20112992 bytes, new threshold 8 (max 8)
- age   1:    2390576 bytes,    2390576 total
- age   2:    1153856 bytes,    3544432 total
- age   3:    5803192 bytes,    9347624 total
: 99698K->12957K(109248K), 0,0094862 secs] 99698K->12957K(502464K), 0,0095957 secs] [Times: user=0,03 sys=0,00, real=0,01 secs] 
Heap after GC invocations=3 (full 0):
 par new generation   total 109248K, used 12957K [0x00000000e0000000, 0x00000000e8000000, 0x00000000e8000000)
  eden space 87424K,   0% used [0x00000000e0000000, 0x00000000e0000000, 0x00000000e5560000)
  from space 21824K,  59% used [0x00000000e6ab0000, 0x00000000e7757510, 0x00000000e8000000)
  to   space 21824K,   0% used [0x00000000e5560000, 0x00000000e5560000, 0x00000000e6ab0000)
 concurrent mark-sweep generation total 393216K, used 0K [0x00000000e8000000, 0x0000000100000000, 0x0000000100000000)
 Metaspace       used 21025K, capacity 21418K, committed 21628K, reserved 1069056K
  class space    used 2419K, capacity 2589K, committed 2684K, reserved 1048576K
}
2018-06-19T14:57:36.304+0200: 2,140: Total time for which application threads were stopped: 0,0098319 seconds, Stopping threads took: 0,0000578 seconds
2018-06-19T14:57:36.307+0200: 2,143: [GC (CMS Initial Mark) [1 CMS-initial-mark: 0K(393216K)] 13651K(502464K), 0,0031119 secs] [Times: user=0,01 sys=0,00, real=0,00 secs] 
2018-06-19T14:57:36.310+0200: 2,146: Total time for which application threads were stopped: 0,0061177 seconds, Stopping threads took: 0,0029185 seconds
2018-06-19T14:57:36.310+0200: 2,146: [CMS-concurrent-mark-start]
2018-06-19T14:57:36.311+0200: 2,147: [CMS-concurrent-mark: 0,001/0,001 secs] [Times: user=0,00 sys=0,00, real=0,00 secs] 
2018-06-19T14:57:36.311+0200: 2,147: [CMS-concurrent-preclean-start]
2018-06-19T14:57:36.312+0200: 2,148: [CMS-concurrent-preclean: 0,001/0,001 secs] [Times: user=0,00 sys=0,00, real=0,01 secs] 
2018-06-19T14:57:36.312+0200: 2,148: [CMS-concurrent-abortable-preclean-start]
2018-06-19T14:57:36.352+0200: 2,188: Total time for which application threads were stopped: 0,0001700 seconds, Stopping threads took: 0,0000490 seconds
{Heap before GC invocations=3 (full 1):
 par new generation   total 109248K, used 100381K [0x00000000e0000000, 0x00000000e8000000, 0x00000000e8000000)
  eden space 87424K, 100% used [0x00000000e0000000, 0x00000000e5560000, 0x00000000e5560000)
  from space 21824K,  59% used [0x00000000e6ab0000, 0x00000000e7757510, 0x00000000e8000000)
  to   space 21824K,   0% used [0x00000000e5560000, 0x00000000e5560000, 0x00000000e6ab0000)
 concurrent mark-sweep generation total 393216K, used 0K [0x00000000e8000000, 0x0000000100000000, 0x0000000100000000)
 Metaspace       used 21316K, capacity 21694K, committed 21884K, reserved 1069056K
  class space    used 2451K, capacity 2604K, committed 2684K, reserved 1048576K
2018-06-19T14:57:36.461+0200: 2,297: [GC (Allocation Failure) 2018-06-19T14:57:36.461+0200: 2,297: [ParNew
Desired survivor size 20112992 bytes, new threshold 8 (max 8)
- age   1:    1145856 bytes,    1145856 total
- age   2:    1458360 bytes,    2604216 total
- age   3:    1150088 bytes,    3754304 total
- age   4:    5803248 bytes,    9557552 total
: 100381K->12977K(109248K), 0,0122931 secs] 100381K->12977K(502464K), 0,0123642 secs] [Times: user=0,05 sys=0,00, real=0,02 secs] 
Heap after GC invocations=4 (full 1):
 par new generation   total 109248K, used 12977K [0x00000000e0000000, 0x00000000e8000000, 0x00000000e8000000)
  eden space 87424K,   0% used [0x00000000e0000000, 0x00000000e0000000, 0x00000000e5560000)
  from space 21824K,  59% used [0x00000000e5560000, 0x00000000e620c450, 0x00000000e6ab0000)
  to   space 21824K,   0% used [0x00000000e6ab0000, 0x00000000e6ab0000, 0x00000000e8000000)
 concurrent mark-sweep generation total 393216K, used 0K [0x00000000e8000000, 0x0000000100000000, 0x0000000100000000)
 Metaspace       used 21316K, capacity 21694K, committed 21884K, reserved 1069056K
  class space    used 2451K, capacity 2604K, committed 2684K, reserved 1048576K
}
2018-06-19T14:57:36.473+0200: 2,309: Total time for which application threads were stopped: 0,0125920 seconds, Stopping threads took: 0,0000688 seconds
2018-06-19T14:57:36.473+0200: 2,310: [CMS-concurrent-abortable-preclean: 0,097/0,161 secs] [Times: user=0,58 sys=0,01, real=0,16 secs] 
2018-06-19T14:57:36.474+0200: 2,310: [GC (CMS Final Remark) [YG occupancy: 14206 K (109248 K)]{Heap before GC invocations=4 (full 1):
 par new generation   total 109248K, used 14206K [0x00000000e0000000, 0x00000000e8000000, 0x00000000e8000000)
  eden space 87424K,   1% used [0x00000000e0000000, 0x00000000e0133790, 0x00000000e5560000)
  from space 21824K,  59% used [0x00000000e5560000, 0x00000000e620c450, 0x00000000e6ab0000)
  to   space 21824K,   0% used [0x00000000e6ab0000, 0x00000000e6ab0000, 0x00000000e8000000)
 concurrent mark-sweep generation total 393216K, used 0K [0x00000000e8000000, 0x0000000100000000, 0x0000000100000000)
 Metaspace       used 21316K, capacity 21694K, committed 21884K, reserved 1069056K
  class space    used 2451K, capacity 2604K, committed 2684K, reserved 1048576K
2018-06-19T14:57:36.474+0200: 2,310: [GC (CMS Final Remark) 2018-06-19T14:57:36.474+0200: 2,310: [ParNew
Desired survivor size 20112992 bytes, new threshold 8 (max 8)
- age   1:      31736 bytes,      31736 total
- age   2:     974488 bytes,    1006224 total
- age   3:    1458248 bytes,    2464472 total
- age   4:    1150152 bytes,    3614624 total
- age   5:    5803704 bytes,    9418328 total
: 14206K->11699K(109248K), 0,0089317 secs] 14206K->11699K(502464K), 0,0089733 secs] [Times: user=0,03 sys=0,00, real=0,00 secs] 
Heap after GC invocations=5 (full 1):
 par new generation   total 109248K, used 11699K [0x00000000e0000000, 0x00000000e8000000, 0x00000000e8000000)
  eden space 87424K,   0% used [0x00000000e0000000, 0x00000000e0000000, 0x00000000e5560000)
  from space 21824K,  53% used [0x00000000e6ab0000, 0x00000000e761cd80, 0x00000000e8000000)
  to   space 21824K,   0% used [0x00000000e5560000, 0x00000000e5560000, 0x00000000e6ab0000)
 concurrent mark-sweep generation total 393216K, used 0K [0x00000000e8000000, 0x0000000100000000, 0x0000000100000000)
 Metaspace       used 21316K, capacity 21694K, committed 21884K, reserved 1069056K
  class space    used 2451K, capacity 2604K, committed 2684K, reserved 1048576K
}
2018-06-19T14:57:36.483+0200: 2,319: [Rescan (parallel) , 0,0031062 secs]2018-06-19T14:57:36.486+0200: 2,322: [weak refs processing, 0,0006127 secs]2018-06-19T14:57:36.486+0200: 2,323: [class unloading, 0,0029686 secs]2018-06-19T14:57:36.489+0200: 2,326: [scrub symbol table, 0,0026517 secs]2018-06-19T14:57:36.492+0200: 2,328: [scrub string table, 0,0003756 secs][1 CMS-remark: 0K(393216K)] 11699K(502464K), 0,0193938 secs] [Times: user=0,05 sys=0,00, real=0,02 secs] 
2018-06-19T14:57:36.493+0200: 2,329: Total time for which application threads were stopped: 0,0197019 seconds, Stopping threads took: 0,0002254 seconds
2018-06-19T14:57:36.493+0200: 2,330: [CMS-concurrent-sweep-start]
2018-06-19T14:57:36.493+0200: 2,330: [CMS-concurrent-sweep: 0,000/0,000 secs] [Times: user=0,00 sys=0,00, real=0,00 secs] 
2018-06-19T14:57:36.493+0200: 2,330: [CMS-concurrent-reset-start]
2018-06-19T14:57:36.496+0200: 2,333: [CMS-concurrent-reset: 0,003/0,003 secs] [Times: user=0,01 sys=0,00, real=0,00 secs] 
{Heap before GC invocations=5 (full 1):
 par new generation   total 109248K, used 99123K [0x00000000e0000000, 0x00000000e8000000, 0x00000000e8000000)
  eden space 87424K, 100% used [0x00000000e0000000, 0x00000000e5560000, 0x00000000e5560000)
  from space 21824K,  53% used [0x00000000e6ab0000, 0x00000000e761cd80, 0x00000000e8000000)
  to   space 21824K,   0% used [0x00000000e5560000, 0x00000000e5560000, 0x00000000e6ab0000)
 concurrent mark-sweep generation total 393216K, used 0K [0x00000000e8000000, 0x0000000100000000, 0x0000000100000000)
 Metaspace       used 21433K, capacity 21802K, committed 21884K, reserved 1069056K
  class space    used 2470K, capacity 2638K, committed 2684K, reserved 1048576K
2018-06-19T14:57:36.580+0200: 2,416: [GC (Allocation Failure) 2018-06-19T14:57:36.580+0200: 2,416: [ParNew
Desired survivor size 20112992 bytes, new threshold 8 (max 8)
- age   1:    1106864 bytes,    1106864 total
- age   2:        328 bytes,    1107192 total
- age   3:     184480 bytes,    1291672 total
- age   4:    1458128 bytes,    2749800 total
- age   5:    1150008 bytes,    3899808 total
- age   6:    5803512 bytes,    9703320 total
: 99123K->14118K(109248K), 0,0092494 secs] 99123K->14118K(502464K), 0,0093260 secs] [Times: user=0,04 sys=0,00, real=0,01 secs] 
Heap after GC invocations=6 (full 1):
 par new generation   total 109248K, used 14118K [0x00000000e0000000, 0x00000000e8000000, 0x00000000e8000000)
  eden space 87424K,   0% used [0x00000000e0000000, 0x00000000e0000000, 0x00000000e5560000)
  from space 21824K,  64% used [0x00000000e5560000, 0x00000000e6329a08, 0x00000000e6ab0000)
  to   space 21824K,   0% used [0x00000000e6ab0000, 0x00000000e6ab0000, 0x00000000e8000000)
 concurrent mark-sweep generation total 393216K, used 0K [0x00000000e8000000, 0x0000000100000000, 0x0000000100000000)
 Metaspace       used 21433K, capacity 21802K, committed 21884K, reserved 1069056K
  class space    used 2470K, capacity 2638K, committed 2684K, reserved 1048576K
}
2018-06-19T14:57:36.589+0200: 2,426: Total time for which application threads were stopped: 0,0095522 seconds, Stopping threads took: 0,0000670 seconds
2018-06-19T14:57:36.639+0200: 2,476: Total time for which application threads were stopped: 0,0003225 seconds, Stopping threads took: 0,0000168 seconds
2018-06-19T14:57:36.995+0200: 2,832: Total time for which application threads were stopped: 0,0005530 seconds, Stopping threads took: 0,0000291 seconds
2018-06-19T14:57:37.008+0200: 2,845: Total time for which application threads were stopped: 0,0004447 seconds, Stopping threads took: 0,0000266 seconds
{Heap before GC invocations=6 (full 1):
 par new generation   total 109248K, used 101542K [0x00000000e0000000, 0x00000000e8000000, 0x00000000e8000000)
  eden space 87424K, 100% used [0x00000000e0000000, 0x00000000e5560000, 0x00000000e5560000)
  from space 21824K,  64% used [0x00000000e5560000, 0x00000000e6329a08, 0x00000000e6ab0000)
  to   space 21824K,   0% used [0x00000000e6ab0000, 0x00000000e6ab0000, 0x00000000e8000000)
 concurrent mark-sweep generation total 393216K, used 0K [0x00000000e8000000, 0x0000000100000000, 0x0000000100000000)
 Metaspace       used 25125K, capacity 25524K, committed 25724K, reserved 1071104K
  class space    used 2918K, capacity 3111K, committed 3196K, reserved 1048576K
2018-06-19T14:57:37.252+0200: 3,088: [GC (Allocation Failure) 2018-06-19T14:57:37.252+0200: 3,088: [ParNew
Desired survivor size 20112992 bytes, new threshold 8 (max 8)
- age   1:    5401776 bytes,    5401776 total
- age   2:     118408 bytes,    5520184 total
- age   3:        328 bytes,    5520512 total
- age   4:     180144 bytes,    5700656 total
- age   5:     285688 bytes,    5986344 total
- age   6:    1126056 bytes,    7112400 total
- age   7:    5797472 bytes,   12909872 total
: 101542K->15318K(109248K), 0,0109091 secs] 101542K->15318K(502464K), 0,0109786 secs] [Times: user=0,03 sys=0,01, real=0,01 secs] 
Heap after GC invocations=7 (full 1):
 par new generation   total 109248K, used 15318K [0x00000000e0000000, 0x00000000e8000000, 0x00000000e8000000)
  eden space 87424K,   0% used [0x00000000e0000000, 0x00000000e0000000, 0x00000000e5560000)
  from space 21824K,  70% used [0x00000000e6ab0000, 0x00000000e79a5918, 0x00000000e8000000)
  to   space 21824K,   0% used [0x00000000e5560000, 0x00000000e5560000, 0x00000000e6ab0000)
 concurrent mark-sweep generation total 393216K, used 0K [0x00000000e8000000, 0x0000000100000000, 0x0000000100000000)
 Metaspace       used 25125K, capacity 25524K, committed 25724K, reserved 1071104K
  class space    used 2918K, capacity 3111K, committed 3196K, reserved 1048576K
}
2018-06-19T14:57:37.263+0200: 3,099: Total time for which application threads were stopped: 0,0121498 seconds, Stopping threads took: 0,0009529 seconds
2018-06-19T14:57:37.415+0200: 3,252: Total time for which application threads were stopped: 0,0013307 seconds, Stopping threads took: 0,0009304 seconds
2018-06-19T14:57:37.437+0200: 3,274: Total time for which application threads were stopped: 0,0006729 seconds, Stopping threads took: 0,0000466 seconds
2018-06-19T14:57:37.519+0200: 3,356: Total time for which application threads were stopped: 0,0039925 seconds, Stopping threads took: 0,0035856 seconds
2018-06-19T14:57:37.635+0200: 3,472: Total time for which application threads were stopped: 0,0018724 seconds, Stopping threads took: 0,0013470 seconds
{Heap before GC invocations=7 (full 1):
 par new generation   total 109248K, used 102742K [0x00000000e0000000, 0x00000000e8000000, 0x00000000e8000000)
  eden space 87424K, 100% used [0x00000000e0000000, 0x00000000e5560000, 0x00000000e5560000)
  from space 21824K,  70% used [0x00000000e6ab0000, 0x00000000e79a5918, 0x00000000e8000000)
  to   space 21824K,   0% used [0x00000000e5560000, 0x00000000e5560000, 0x00000000e6ab0000)
 concurrent mark-sweep generation total 393216K, used 0K [0x00000000e8000000, 0x0000000100000000, 0x0000000100000000)
 Metaspace       used 28033K, capacity 28634K, committed 28796K, reserved 1075200K
  class space    used 3223K, capacity 3422K, committed 3452K, reserved 1048576K
2018-06-19T14:57:37.765+0200: 3,601: [GC (Allocation Failure) 2018-06-19T14:57:37.765+0200: 3,601: [ParNew
Desired survivor size 20112992 bytes, new threshold 8 (max 8)
- age   1:   12682504 bytes,   12682504 total
- age   2:    2199976 bytes,   14882480 total
- age   3:     118408 bytes,   15000888 total
- age   4:        328 bytes,   15001216 total
- age   5:     179952 bytes,   15181168 total
- age   6:     280744 bytes,   15461912 total
- age   7:    1081000 bytes,   16542912 total
- age   8:    5787560 bytes,   22330472 total
: 102742K->21824K(109248K), 0,0422898 secs] 102742K->23578K(502464K), 0,0423834 secs] [Times: user=0,14 sys=0,01, real=0,04 secs] 
Heap after GC invocations=8 (full 1):
 par new generation   total 109248K, used 21824K [0x00000000e0000000, 0x00000000e8000000, 0x00000000e8000000)
  eden space 87424K,   0% used [0x00000000e0000000, 0x00000000e0000000, 0x00000000e5560000)
  from space 21824K, 100% used [0x00000000e5560000, 0x00000000e6ab0000, 0x00000000e6ab0000)
  to   space 21824K,   0% used [0x00000000e6ab0000, 0x00000000e6ab0000, 0x00000000e8000000)
 concurrent mark-sweep generation total 393216K, used 1754K [0x00000000e8000000, 0x0000000100000000, 0x0000000100000000)
 Metaspace       used 28033K, capacity 28634K, committed 28796K, reserved 1075200K
  class space    used 3223K, capacity 3422K, committed 3452K, reserved 1048576K
}
2018-06-19T14:57:37.807+0200: 3,644: Total time for which application threads were stopped: 0,0426491 seconds, Stopping threads took: 0,0000669 seconds
{Heap before GC invocations=8 (full 1):
 par new generation   total 109248K, used 109248K [0x00000000e0000000, 0x00000000e8000000, 0x00000000e8000000)
  eden space 87424K, 100% used [0x00000000e0000000, 0x00000000e5560000, 0x00000000e5560000)
  from space 21824K, 100% used [0x00000000e5560000, 0x00000000e6ab0000, 0x00000000e6ab0000)
  to   space 21824K,   0% used [0x00000000e6ab0000, 0x00000000e6ab0000, 0x00000000e8000000)
 concurrent mark-sweep generation total 393216K, used 1754K [0x00000000e8000000, 0x0000000100000000, 0x0000000100000000)
 Metaspace       used 28082K, capacity 28726K, committed 29052K, reserved 1075200K
  class space    used 3226K, capacity 3427K, committed 3452K, reserved 1048576K
2018-06-19T14:57:37.908+0200: 3,745: [GC (Allocation Failure) 2018-06-19T14:57:37.908+0200: 3,745: [ParNew
Desired survivor size 20112992 bytes, new threshold 8 (max 8)
- age   1:    1412128 bytes,    1412128 total
- age   2:   10243296 bytes,   11655424 total
- age   3:    2002792 bytes,   13658216 total
- age   4:      96688 bytes,   13754904 total
- age   5:        328 bytes,   13755232 total
- age   6:     165752 bytes,   13920984 total
- age   7:     256032 bytes,   14177016 total
- age   8:    1073328 bytes,   15250344 total
: 109248K->21824K(109248K), 0,0503937 secs] 111002K->30789K(502464K), 0,0504982 secs] [Times: user=0,19 sys=0,00, real=0,05 secs] 
Heap after GC invocations=9 (full 1):
 par new generation   total 109248K, used 21824K [0x00000000e0000000, 0x00000000e8000000, 0x00000000e8000000)
  eden space 87424K,   0% used [0x00000000e0000000, 0x00000000e0000000, 0x00000000e5560000)
  from space 21824K, 100% used [0x00000000e6ab0000, 0x00000000e8000000, 0x00000000e8000000)
  to   space 21824K,   0% used [0x00000000e5560000, 0x00000000e5560000, 0x00000000e6ab0000)
 concurrent mark-sweep generation total 393216K, used 8965K [0x00000000e8000000, 0x0000000100000000, 0x0000000100000000)
 Metaspace       used 28082K, capacity 28726K, committed 29052K, reserved 1075200K
  class space    used 3226K, capacity 3427K, committed 3452K, reserved 1048576K
}
2018-06-19T14:57:37.959+0200: 3,795: Total time for which application threads were stopped: 0,0508288 seconds, Stopping threads took: 0,0000799 seconds
{Heap before GC invocations=9 (full 1):
 par new generation   total 109248K, used 109248K [0x00000000e0000000, 0x00000000e8000000, 0x00000000e8000000)
  eden space 87424K, 100% used [0x00000000e0000000, 0x00000000e5560000, 0x00000000e5560000)
  from space 21824K, 100% used [0x00000000e6ab0000, 0x00000000e8000000, 0x00000000e8000000)
  to   space 21824K,   0% used [0x00000000e5560000, 0x00000000e5560000, 0x00000000e6ab0000)
 concurrent mark-sweep generation total 393216K, used 8965K [0x00000000e8000000, 0x0000000100000000, 0x0000000100000000)
 Metaspace       used 28148K, capacity 28736K, committed 29052K, reserved 1075200K
  class space    used 3227K, capacity 3429K, committed 3452K, reserved 1048576K
2018-06-19T14:57:38.102+0200: 3,938: [GC (Allocation Failure) 2018-06-19T14:57:38.102+0200: 3,938: [ParNew
Desired survivor size 20112992 bytes, new threshold 8 (max 8)
- age   1:     751976 bytes,     751976 total
- age   2:     156392 bytes,     908368 total
- age   3:   10243296 bytes,   11151664 total
- age   4:    2002736 bytes,   13154400 total
- age   5:      96688 bytes,   13251088 total
- age   6:        328 bytes,   13251416 total
- age   7:     165752 bytes,   13417168 total
- age   8:     256032 bytes,   13673200 total
: 109248K->20291K(109248K), 0,0291455 secs] 118213K->30316K(502464K), 0,0292554 secs] [Times: user=0,11 sys=0,01, real=0,04 secs] 
Heap after GC invocations=10 (full 1):
 par new generation   total 109248K, used 20291K [0x00000000e0000000, 0x00000000e8000000, 0x00000000e8000000)
  eden space 87424K,   0% used [0x00000000e0000000, 0x00000000e0000000, 0x00000000e5560000)
  from space 21824K,  92% used [0x00000000e5560000, 0x00000000e6930da8, 0x00000000e6ab0000)
  to   space 21824K,   0% used [0x00000000e6ab0000, 0x00000000e6ab0000, 0x00000000e8000000)
 concurrent mark-sweep generation total 393216K, used 10025K [0x00000000e8000000, 0x0000000100000000, 0x0000000100000000)
 Metaspace       used 28148K, capacity 28736K, committed 29052K, reserved 1075200K
  class space    used 3227K, capacity 3429K, committed 3452K, reserved 1048576K
}
2018-06-19T14:57:38.131+0200: 3,967: Total time for which application threads were stopped: 0,0295703 seconds, Stopping threads took: 0,0000571 seconds
2018-06-19T14:57:38.225+0200: 4,061: Total time for which application threads were stopped: 0,0005454 seconds, Stopping threads took: 0,0000542 seconds
2018-06-19T14:57:39.139+0200: 4,975: Total time for which application threads were stopped: 0,0004821 seconds, Stopping threads took: 0,0002844 seconds
2018-06-19T14:57:39.140+0200: 4,977: Total time for which application threads were stopped: 0,0001465 seconds, Stopping threads took: 0,0000571 seconds
2018-06-19T14:57:39.140+0200: 4,977: Total time for which application threads were stopped: 0,0000857 seconds, Stopping threads took: 0,0000094 seconds
2018-06-19T14:57:39.141+0200: 4,977: Total time for which application threads were stopped: 0,0000918 seconds, Stopping threads took: 0,0000140 seconds
2018-06-19T14:57:39.141+0200: 4,978: Total time for which application threads were stopped: 0,0001520 seconds, Stopping threads took: 0,0000263 seconds
2018-06-19T14:57:39.142+0200: 4,979: Total time for which application threads were stopped: 0,0001515 seconds, Stopping threads took: 0,0000380 seconds
2018-06-19T14:57:39.152+0200: 4,989: Total time for which application threads were stopped: 0,0005227 seconds, Stopping threads took: 0,0002211 seconds
2018-06-19T14:57:39.152+0200: 4,989: Total time for which application threads were stopped: 0,0001723 seconds, Stopping threads took: 0,0000333 seconds
2018-06-19T14:57:39.155+0200: 4,991: Total time for which application threads were stopped: 0,0001151 seconds, Stopping threads took: 0,0000436 seconds
2018-06-19T14:57:39.161+0200: 4,997: Total time for which application threads were stopped: 0,0002070 seconds, Stopping threads took: 0,0001300 seconds
2018-06-19T14:57:39.162+0200: 4,999: Total time for which application threads were stopped: 0,0011899 seconds, Stopping threads took: 0,0001804 seconds
2018-06-19T14:57:39.163+0200: 5,000: Total time for which application threads were stopped: 0,0001002 seconds, Stopping threads took: 0,0000180 seconds
2018-06-19T14:57:39.164+0200: 5,000: Total time for which application threads were stopped: 0,0000873 seconds, Stopping threads took: 0,0000402 seconds
2018-06-19T14:57:39.168+0200: 5,005: Total time for which application threads were stopped: 0,0001302 seconds, Stopping threads took: 0,0000296 seconds
2018-06-19T14:57:39.176+0200: 5,012: Total time for which application threads were stopped: 0,0007462 seconds, Stopping threads took: 0,0002171 seconds
2018-06-19T14:57:39.182+0200: 5,019: Total time for which application threads were stopped: 0,0002403 seconds, Stopping threads took: 0,0001516 seconds
2018-06-19T14:57:39.186+0200: 5,023: Total time for which application threads were stopped: 0,0004156 seconds, Stopping threads took: 0,0000187 seconds
2018-06-19T14:57:39.189+0200: 5,026: Total time for which application threads were stopped: 0,0001074 seconds, Stopping threads took: 0,0000413 seconds
2018-06-19T14:57:39.190+0200: 5,027: Total time for which application threads were stopped: 0,0001455 seconds, Stopping threads took: 0,0000659 seconds
2018-06-19T14:57:39.193+0200: 5,029: Total time for which application threads were stopped: 0,0005814 seconds, Stopping threads took: 0,0004391 seconds
2018-06-19T14:57:39.200+0200: 5,036: Total time for which application threads were stopped: 0,0007644 seconds, Stopping threads took: 0,0002773 seconds
2018-06-19T14:57:39.206+0200: 5,043: Total time for which application threads were stopped: 0,0006378 seconds, Stopping threads took: 0,0005725 seconds
2018-06-19T14:57:39.212+0200: 5,048: Total time for which application threads were stopped: 0,0006340 seconds, Stopping threads took: 0,0001496 seconds
2018-06-19T14:57:39.224+0200: 5,061: Total time for which application threads were stopped: 0,0001108 seconds, Stopping threads took: 0,0000175 seconds
2018-06-19T14:57:39.225+0200: 5,061: Total time for which application threads were stopped: 0,0000369 seconds, Stopping threads took: 0,0000075 seconds
2018-06-19T14:57:40.046+0200: 5,883: Total time for which application threads were stopped: 0,0002379 seconds, Stopping threads took: 0,0000455 seconds
2018-06-19T14:57:40.073+0200: 5,909: Total time for which application threads were stopped: 0,0006905 seconds, Stopping threads took: 0,0000846 seconds
2018-06-19T14:57:40.075+0200: 5,911: Total time for which application threads were stopped: 0,0013386 seconds, Stopping threads took: 0,0008908 seconds
2018-06-19T14:57:40.078+0200: 5,915: Total time for which application threads were stopped: 0,0001822 seconds, Stopping threads took: 0,0000929 seconds
2018-06-19T14:57:40.078+0200: 5,915: Total time for which application threads were stopped: 0,0000863 seconds, Stopping threads took: 0,0000164 seconds
2018-06-19T14:57:40.087+0200: 5,924: Total time for which application threads were stopped: 0,0064291 seconds, Stopping threads took: 0,0062786 seconds
2018-06-19T14:57:40.094+0200: 5,930: Total time for which application threads were stopped: 0,0001402 seconds, Stopping threads took: 0,0000519 seconds
2018-06-19T14:57:40.094+0200: 5,930: Total time for which application threads were stopped: 0,0000631 seconds, Stopping threads took: 0,0000209 seconds
2018-06-19T14:57:40.139+0200: 5,975: Total time for which application threads were stopped: 0,0001029 seconds, Stopping threads took: 0,0000249 seconds
2018-06-19T14:57:52.478+0200: 18,315: Total time for which application threads were stopped: 0,0001757 seconds, Stopping threads took: 0,0000664 seconds
2018-06-19T14:57:53.479+0200: 19,315: Total time for which application threads were stopped: 0,0000913 seconds, Stopping threads took: 0,0000224 seconds
2018-06-19T14:58:17.929+0200: 43,765: Total time for which application threads were stopped: 0,0000875 seconds, Stopping threads took: 0,0000262 seconds
2018-06-19T14:58:17.937+0200: 43,773: Total time for which application threads were stopped: 0,0004564 seconds, Stopping threads took: 0,0000230 seconds
2018-06-19T14:58:18.015+0200: 43,851: Total time for which application threads were stopped: 0,0001977 seconds, Stopping threads took: 0,0000313 seconds
2018-06-19T14:58:18.015+0200: 43,852: Total time for which application threads were stopped: 0,0002772 seconds, Stopping threads took: 0,0000189 seconds
2018-06-19T14:58:18.072+0200: 43,909: Total time for which application threads were stopped: 0,0001518 seconds, Stopping threads took: 0,0000576 seconds
2018-06-19T14:58:18.073+0200: 43,909: Total time for which application threads were stopped: 0,0000899 seconds, Stopping threads took: 0,0000283 seconds
2018-06-19T14:58:18.073+0200: 43,910: Total time for which application threads were stopped: 0,0001680 seconds, Stopping threads took: 0,0001132 seconds
2018-06-19T14:58:18.073+0200: 43,910: Total time for which application threads were stopped: 0,0000829 seconds, Stopping threads took: 0,0000391 seconds
2018-06-19T14:58:18.074+0200: 43,910: Total time for which application threads were stopped: 0,0000458 seconds, Stopping threads took: 0,0000120 seconds
2018-06-19T14:58:18.074+0200: 43,910: Total time for which application threads were stopped: 0,0000363 seconds, Stopping threads took: 0,0000106 seconds
2018-06-19T14:58:18.142+0200: 43,979: Total time for which application threads were stopped: 0,0000932 seconds, Stopping threads took: 0,0000166 seconds
2018-06-19T14:58:18.148+0200: 43,984: Total time for which application threads were stopped: 0,0004705 seconds, Stopping threads took: 0,0000176 seconds
2018-06-19T14:58:18.149+0200: 43,986: Total time for which application threads were stopped: 0,0004187 seconds, Stopping threads took: 0,0000142 seconds
2018-06-19T14:58:18.426+0200: 44,263: Total time for which application threads were stopped: 0,0002152 seconds, Stopping threads took: 0,0000277 seconds
{Heap before GC invocations=10 (full 1):
 par new generation   total 109248K, used 107715K [0x00000000e0000000, 0x00000000e8000000, 0x00000000e8000000)
  eden space 87424K, 100% used [0x00000000e0000000, 0x00000000e5560000, 0x00000000e5560000)
  from space 21824K,  92% used [0x00000000e5560000, 0x00000000e6930da8, 0x00000000e6ab0000)
  to   space 21824K,   0% used [0x00000000e6ab0000, 0x00000000e6ab0000, 0x00000000e8000000)
 concurrent mark-sweep generation total 393216K, used 10025K [0x00000000e8000000, 0x0000000100000000, 0x0000000100000000)
 Metaspace       used 31350K, capacity 32066K, committed 32252K, reserved 1077248K
  class space    used 3568K, capacity 3784K, committed 3836K, reserved 1048576K
2018-06-19T14:58:18.506+0200: 44,343: [GC (Allocation Failure) 2018-06-19T14:58:18.506+0200: 44,343: [ParNew
Desired survivor size 20112992 bytes, new threshold 5 (max 8)
- age   1:    8024952 bytes,    8024952 total
- age   2:     655336 bytes,    8680288 total
- age   3:     155024 bytes,    8835312 total
- age   4:    9956368 bytes,   18791680 total
- age   5:    1994728 bytes,   20786408 total
- age   6:      96464 bytes,   20882872 total
- age   7:        328 bytes,   20883200 total
- age   8:     165384 bytes,   21048584 total
: 107715K->21824K(109248K), 0,0224323 secs] 117740K->32220K(502464K), 0,0226879 secs] [Times: user=0,08 sys=0,00, real=0,02 secs] 
Heap after GC invocations=11 (full 1):
 par new generation   total 109248K, used 21824K [0x00000000e0000000, 0x00000000e8000000, 0x00000000e8000000)
  eden space 87424K,   0% used [0x00000000e0000000, 0x00000000e0000000, 0x00000000e5560000)
  from space 21824K, 100% used [0x00000000e6ab0000, 0x00000000e8000000, 0x00000000e8000000)
  to   space 21824K,   0% used [0x00000000e5560000, 0x00000000e5560000, 0x00000000e6ab0000)
 concurrent mark-sweep generation total 393216K, used 10396K [0x00000000e8000000, 0x0000000100000000, 0x0000000100000000)
 Metaspace       used 31350K, capacity 32066K, committed 32252K, reserved 1077248K
  class space    used 3568K, capacity 3784K, committed 3836K, reserved 1048576K
}
2018-06-19T14:58:18.529+0200: 44,366: Total time for which application threads were stopped: 0,0230772 seconds, Stopping threads took: 0,0000331 seconds
2018-06-19T14:58:18.532+0200: 44,368: Total time for which application threads were stopped: 0,0005982 seconds, Stopping threads took: 0,0002488 seconds
2018-06-19T14:58:18.704+0200: 44,540: Total time for which application threads were stopped: 0,0009606 seconds, Stopping threads took: 0,0001944 seconds
2018-06-19T14:58:18.704+0200: 44,541: Total time for which application threads were stopped: 0,0002988 seconds, Stopping threads took: 0,0002153 seconds
2018-06-19T14:58:18.739+0200: 44,575: Total time for which application threads were stopped: 0,0001646 seconds, Stopping threads took: 0,0000431 seconds
2018-06-19T14:58:18.775+0200: 44,611: Total time for which application threads were stopped: 0,0048713 seconds, Stopping threads took: 0,0047053 seconds
2018-06-19T14:58:18.912+0200: 44,749: Total time for which application threads were stopped: 0,0002275 seconds, Stopping threads took: 0,0000725 seconds
2018-06-19T14:58:18.912+0200: 44,749: Total time for which application threads were stopped: 0,0001341 seconds, Stopping threads took: 0,0000537 seconds
{Heap before GC invocations=11 (full 1):
 par new generation   total 109248K, used 109248K [0x00000000e0000000, 0x00000000e8000000, 0x00000000e8000000)
  eden space 87424K, 100% used [0x00000000e0000000, 0x00000000e5560000, 0x00000000e5560000)
  from space 21824K, 100% used [0x00000000e6ab0000, 0x00000000e8000000, 0x00000000e8000000)
  to   space 21824K,   0% used [0x00000000e5560000, 0x00000000e5560000, 0x00000000e6ab0000)
 concurrent mark-sweep generation total 393216K, used 10396K [0x00000000e8000000, 0x0000000100000000, 0x0000000100000000)
 Metaspace       used 31419K, capacity 32130K, committed 32252K, reserved 1077248K
  class space    used 3569K, capacity 3784K, committed 3836K, reserved 1048576K
2018-06-19T14:58:19.004+0200: 44,840: [GC (Allocation Failure) 2018-06-19T14:58:19.004+0200: 44,840: [ParNew
Desired survivor size 20112992 bytes, new threshold 8 (max 8)
- age   1:    1303424 bytes,    1303424 total
- age   2:    6396264 bytes,    7699688 total
- age   3:     655336 bytes,    8355024 total
- age   4:     155024 bytes,    8510048 total
- age   5:    9955552 bytes,   18465600 total
: 109248K->21824K(109248K), 0,0408856 secs] 119644K->34631K(502464K), 0,0409849 secs] [Times: user=0,12 sys=0,00, real=0,04 secs] 
Heap after GC invocations=12 (full 1):
 par new generation   total 109248K, used 21824K [0x00000000e0000000, 0x00000000e8000000, 0x00000000e8000000)
  eden space 87424K,   0% used [0x00000000e0000000, 0x00000000e0000000, 0x00000000e5560000)
  from space 21824K, 100% used [0x00000000e5560000, 0x00000000e6ab0000, 0x00000000e6ab0000)
  to   space 21824K,   0% used [0x00000000e6ab0000, 0x00000000e6ab0000, 0x00000000e8000000)
 concurrent mark-sweep generation total 393216K, used 12807K [0x00000000e8000000, 0x0000000100000000, 0x0000000100000000)
 Metaspace       used 31419K, capacity 32130K, committed 32252K, reserved 1077248K
  class space    used 3569K, capacity 3784K, committed 3836K, reserved 1048576K
}
2018-06-19T14:58:19.045+0200: 44,881: Total time for which application threads were stopped: 0,0413401 seconds, Stopping threads took: 0,0000606 seconds
2018-06-19T14:58:19.165+0200: 45,002: Total time for which application threads were stopped: 0,0095201 seconds, Stopping threads took: 0,0093965 seconds
2018-06-19T14:58:19.167+0200: 45,003: Total time for which application threads were stopped: 0,0001909 seconds, Stopping threads took: 0,0000667 seconds
2018-06-19T14:58:19.175+0200: 45,011: Total time for which application threads were stopped: 0,0001606 seconds, Stopping threads took: 0,0000303 seconds
2018-06-19T14:58:19.224+0200: 45,060: Total time for which application threads were stopped: 0,0080014 seconds, Stopping threads took: 0,0074329 seconds
2018-06-19T14:58:19.229+0200: 45,066: Total time for which application threads were stopped: 0,0002397 seconds, Stopping threads took: 0,0000489 seconds
2018-06-19T14:58:19.240+0200: 45,076: Total time for which application threads were stopped: 0,0001998 seconds, Stopping threads took: 0,0000677 seconds
2018-06-19T14:58:19.245+0200: 45,082: Total time for which application threads were stopped: 0,0010434 seconds, Stopping threads took: 0,0001843 seconds
2018-06-19T14:58:19.407+0200: 45,243: Total time for which application threads were stopped: 0,0063503 seconds, Stopping threads took: 0,0061262 seconds
{Heap before GC invocations=12 (full 1):
 par new generation   total 109248K, used 109248K [0x00000000e0000000, 0x00000000e8000000, 0x00000000e8000000)
  eden space 87424K, 100% used [0x00000000e0000000, 0x00000000e5560000, 0x00000000e5560000)
  from space 21824K, 100% used [0x00000000e5560000, 0x00000000e6ab0000, 0x00000000e6ab0000)
  to   space 21824K,   0% used [0x00000000e6ab0000, 0x00000000e6ab0000, 0x00000000e8000000)
 concurrent mark-sweep generation total 393216K, used 12807K [0x00000000e8000000, 0x0000000100000000, 0x0000000100000000)
 Metaspace       used 31618K, capacity 32354K, committed 32508K, reserved 1077248K
  class space    used 3586K, capacity 3816K, committed 3836K, reserved 1048576K
2018-06-19T14:58:19.454+0200: 45,291: [GC (Allocation Failure) 2018-06-19T14:58:19.454+0200: 45,291: [ParNew
Desired survivor size 20112992 bytes, new threshold 8 (max 8)
- age   1:    1794976 bytes,    1794976 total
- age   2:     935088 bytes,    2730064 total
- age   3:    6071400 bytes,    8801464 total
- age   4:     655096 bytes,    9456560 total
- age   5:     154904 bytes,    9611464 total
- age   6:    9811048 bytes,   19422512 total
: 109248K->21824K(109248K), 0,0476007 secs] 122055K->35007K(502464K), 0,0477113 secs] [Times: user=0,10 sys=0,00, real=0,04 secs] 
Heap after GC invocations=13 (full 1):
 par new generation   total 109248K, used 21824K [0x00000000e0000000, 0x00000000e8000000, 0x00000000e8000000)
  eden space 87424K,   0% used [0x00000000e0000000, 0x00000000e0000000, 0x00000000e5560000)
  from space 21824K, 100% used [0x00000000e6ab0000, 0x00000000e8000000, 0x00000000e8000000)
  to   space 21824K,   0% used [0x00000000e5560000, 0x00000000e5560000, 0x00000000e6ab0000)
 concurrent mark-sweep generation total 393216K, used 13183K [0x00000000e8000000, 0x0000000100000000, 0x0000000100000000)
 Metaspace       used 31618K, capacity 32354K, committed 32508K, reserved 1077248K
  class space    used 3586K, capacity 3816K, committed 3836K, reserved 1048576K
}
2018-06-19T14:58:19.502+0200: 45,338: Total time for which application threads were stopped: 0,0480166 seconds, Stopping threads took: 0,0000528 seconds
2018-06-19T14:58:19.561+0200: 45,398: Total time for which application threads were stopped: 0,0002491 seconds, Stopping threads took: 0,0001187 seconds
2018-06-19T14:58:19.575+0200: 45,412: Total time for which application threads were stopped: 0,0099229 seconds, Stopping threads took: 0,0096265 seconds
2018-06-19T14:58:19.591+0200: 45,427: Total time for which application threads were stopped: 0,0006986 seconds, Stopping threads took: 0,0005550 seconds
{Heap before GC invocations=13 (full 1):
 par new generation   total 109248K, used 109248K [0x00000000e0000000, 0x00000000e8000000, 0x00000000e8000000)
  eden space 87424K, 100% used [0x00000000e0000000, 0x00000000e5560000, 0x00000000e5560000)
  from space 21824K, 100% used [0x00000000e6ab0000, 0x00000000e8000000, 0x00000000e8000000)
  to   space 21824K,   0% used [0x00000000e5560000, 0x00000000e5560000, 0x00000000e6ab0000)
 concurrent mark-sweep generation total 393216K, used 13183K [0x00000000e8000000, 0x0000000100000000, 0x0000000100000000)
 Metaspace       used 31659K, capacity 32354K, committed 32508K, reserved 1077248K
  class space    used 3590K, capacity 3816K, committed 3836K, reserved 1048576K
2018-06-19T14:58:19.723+0200: 45,559: [GC (Allocation Failure) 2018-06-19T14:58:19.723+0200: 45,560: [ParNew
Desired survivor size 20112992 bytes, new threshold 8 (max 8)
- age   1:    1497808 bytes,    1497808 total
- age   2:     941504 bytes,    2439312 total
- age   3:     108664 bytes,    2547976 total
- age   4:    5540280 bytes,    8088256 total
- age   5:     655096 bytes,    8743352 total
- age   6:     154904 bytes,    8898256 total
- age   7:    9594928 bytes,   18493184 total
: 109248K->21824K(109248K), 0,0812293 secs] 122431K->35267K(502464K), 0,0813621 secs] [Times: user=0,14 sys=0,00, real=0,08 secs] 
Heap after GC invocations=14 (full 1):
 par new generation   total 109248K, used 21824K [0x00000000e0000000, 0x00000000e8000000, 0x00000000e8000000)
  eden space 87424K,   0% used [0x00000000e0000000, 0x00000000e0000000, 0x00000000e5560000)
  from space 21824K, 100% used [0x00000000e5560000, 0x00000000e6ab0000, 0x00000000e6ab0000)
  to   space 21824K,   0% used [0x00000000e6ab0000, 0x00000000e6ab0000, 0x00000000e8000000)
 concurrent mark-sweep generation total 393216K, used 13443K [0x00000000e8000000, 0x0000000100000000, 0x0000000100000000)
 Metaspace       used 31659K, capacity 32354K, committed 32508K, reserved 1077248K
  class space    used 3590K, capacity 3816K, committed 3836K, reserved 1048576K
}
2018-06-19T14:58:19.804+0200: 45,641: Total time for which application threads were stopped: 0,0817586 seconds, Stopping threads took: 0,0000715 seconds
2018-06-19T14:58:20.199+0200: 46,035: Total time for which application threads were stopped: 0,0015774 seconds, Stopping threads took: 0,0013942 seconds
2018-06-19T14:58:20.227+0200: 46,063: Total time for which application threads were stopped: 0,0014058 seconds, Stopping threads took: 0,0012685 seconds
2018-06-19T14:58:20.250+0200: 46,087: Total time for which application threads were stopped: 0,0112947 seconds, Stopping threads took: 0,0111708 seconds
{Heap before GC invocations=14 (full 1):
 par new generation   total 109248K, used 109248K [0x00000000e0000000, 0x00000000e8000000, 0x00000000e8000000)
  eden space 87424K, 100% used [0x00000000e0000000, 0x00000000e5560000, 0x00000000e5560000)
  from space 21824K, 100% used [0x00000000e5560000, 0x00000000e6ab0000, 0x00000000e6ab0000)
  to   space 21824K,   0% used [0x00000000e6ab0000, 0x00000000e6ab0000, 0x00000000e8000000)
 concurrent mark-sweep generation total 393216K, used 13443K [0x00000000e8000000, 0x0000000100000000, 0x0000000100000000)
 Metaspace       used 31664K, capacity 32354K, committed 32508K, reserved 1077248K
  class space    used 3590K, capacity 3816K, committed 3836K, reserved 1048576K
2018-06-19T14:58:20.277+0200: 46,113: [GC (Allocation Failure) 2018-06-19T14:58:20.277+0200: 46,113: [ParNew
Desired survivor size 20112992 bytes, new threshold 8 (max 8)
- age   1:    1862904 bytes,    1862904 total
- age   2:     980976 bytes,    2843880 total
- age   3:     889392 bytes,    3733272 total
- age   4:     108640 bytes,    3841912 total
- age   5:    4968328 bytes,    8810240 total
- age   6:     654856 bytes,    9465096 total
- age   7:     154784 bytes,    9619880 total
- age   8:    8868136 bytes,   18488016 total
: 109248K->21824K(109248K), 0,0788959 secs] 122691K->36826K(502464K), 0,0792494 secs] [Times: user=0,10 sys=0,01, real=0,08 secs] 
Heap after GC invocations=15 (full 1):
 par new generation   total 109248K, used 21824K [0x00000000e0000000, 0x00000000e8000000, 0x00000000e8000000)
  eden space 87424K,   0% used [0x00000000e0000000, 0x00000000e0000000, 0x00000000e5560000)
  from space 21824K, 100% used [0x00000000e6ab0000, 0x00000000e8000000, 0x00000000e8000000)
  to   space 21824K,   0% used [0x00000000e5560000, 0x00000000e5560000, 0x00000000e6ab0000)
 concurrent mark-sweep generation total 393216K, used 15002K [0x00000000e8000000, 0x0000000100000000, 0x0000000100000000)
 Metaspace       used 31664K, capacity 32354K, committed 32508K, reserved 1077248K
  class space    used 3590K, capacity 3816K, committed 3836K, reserved 1048576K
}
2018-06-19T14:58:20.356+0200: 46,193: Total time for which application threads were stopped: 0,0798527 seconds, Stopping threads took: 0,0000272 seconds
2018-06-19T14:58:20.365+0200: 46,201: Total time for which application threads were stopped: 0,0003524 seconds, Stopping threads took: 0,0001365 seconds
2018-06-19T14:58:20.521+0200: 46,358: Total time for which application threads were stopped: 0,0002505 seconds, Stopping threads took: 0,0001260 seconds
2018-06-19T14:58:20.524+0200: 46,361: Total time for which application threads were stopped: 0,0001608 seconds, Stopping threads took: 0,0000471 seconds
2018-06-19T14:58:20.527+0200: 46,363: Total time for which application threads were stopped: 0,0001905 seconds, Stopping threads took: 0,0000751 seconds
{Heap before GC invocations=15 (full 1):
 par new generation   total 109248K, used 109221K [0x00000000e0000000, 0x00000000e8000000, 0x00000000e8000000)
  eden space 87424K,  99% used [0x00000000e0000000, 0x00000000e55597f0, 0x00000000e5560000)
  from space 21824K, 100% used [0x00000000e6ab0000, 0x00000000e8000000, 0x00000000e8000000)
  to   space 21824K,   0% used [0x00000000e5560000, 0x00000000e5560000, 0x00000000e6ab0000)
 concurrent mark-sweep generation total 393216K, used 15002K [0x00000000e8000000, 0x0000000100000000, 0x0000000100000000)
 Metaspace       used 31697K, capacity 32418K, committed 32508K, reserved 1077248K
  class space    used 3590K, capacity 3816K, committed 3836K, reserved 1048576K
2018-06-19T14:58:20.543+0200: 46,379: [GC (Allocation Failure) 2018-06-19T14:58:20.543+0200: 46,379: [ParNew
Desired survivor size 20112992 bytes, new threshold 8 (max 8)
- age   1:    1303416 bytes,    1303416 total
- age   2:    1714272 bytes,    3017688 total
- age   3:     980952 bytes,    3998640 total
- age   4:     825552 bytes,    4824192 total
- age   5:     108640 bytes,    4932832 total
- age   6:    4967904 bytes,    9900736 total
- age   7:     654856 bytes,   10555592 total
- age   8:     154784 bytes,   10710376 total
: 109221K->21824K(109248K), 0,0298505 secs] 124224K->46371K(502464K), 0,0299242 secs] [Times: user=0,09 sys=0,01, real=0,04 secs] 
Heap after GC invocations=16 (full 1):
 par new generation   total 109248K, used 21824K [0x00000000e0000000, 0x00000000e8000000, 0x00000000e8000000)
  eden space 87424K,   0% used [0x00000000e0000000, 0x00000000e0000000, 0x00000000e5560000)
  from space 21824K, 100% used [0x00000000e5560000, 0x00000000e6ab0000, 0x00000000e6ab0000)
  to   space 21824K,   0% used [0x00000000e6ab0000, 0x00000000e6ab0000, 0x00000000e8000000)
 concurrent mark-sweep generation total 393216K, used 24547K [0x00000000e8000000, 0x0000000100000000, 0x0000000100000000)
 Metaspace       used 31697K, capacity 32418K, committed 32508K, reserved 1077248K
  class space    used 3590K, capacity 3816K, committed 3836K, reserved 1048576K
}
2018-06-19T14:58:20.573+0200: 46,409: Total time for which application threads were stopped: 0,0301692 seconds, Stopping threads took: 0,0000695 seconds
{Heap before GC invocations=16 (full 1):
 par new generation   total 109248K, used 109248K [0x00000000e0000000, 0x00000000e8000000, 0x00000000e8000000)
  eden space 87424K, 100% used [0x00000000e0000000, 0x00000000e5560000, 0x00000000e5560000)
  from space 21824K, 100% used [0x00000000e5560000, 0x00000000e6ab0000, 0x00000000e6ab0000)
  to   space 21824K,   0% used [0x00000000e6ab0000, 0x00000000e6ab0000, 0x00000000e8000000)
 concurrent mark-sweep generation total 393216K, used 24547K [0x00000000e8000000, 0x0000000100000000, 0x0000000100000000)
 Metaspace       used 31709K, capacity 32418K, committed 32508K, reserved 1077248K
  class space    used 3591K, capacity 3816K, committed 3836K, reserved 1048576K
2018-06-19T14:58:20.709+0200: 46,546: [GC (Allocation Failure) 2018-06-19T14:58:20.709+0200: 46,546: [ParNew
Desired survivor size 20112992 bytes, new threshold 8 (max 8)
- age   1:    1609600 bytes,    1609600 total
- age   2:     878344 bytes,    2487944 total
- age   3:     416240 bytes,    2904184 total
- age   4:     273168 bytes,    3177352 total
- age   5:     148360 bytes,    3325712 total
- age   6:     108640 bytes,    3434352 total
- age   7:    4967432 bytes,    8401784 total
- age   8:     654856 bytes,    9056640 total
: 109248K->11600K(109248K), 0,0285263 secs] 133795K->36302K(502464K), 0,0287389 secs] [Times: user=0,08 sys=0,00, real=0,03 secs] 
Heap after GC invocations=17 (full 1):
 par new generation   total 109248K, used 11600K [0x00000000e0000000, 0x00000000e8000000, 0x00000000e8000000)
  eden space 87424K,   0% used [0x00000000e0000000, 0x00000000e0000000, 0x00000000e5560000)
  from space 21824K,  53% used [0x00000000e6ab0000, 0x00000000e76043c0, 0x00000000e8000000)
  to   space 21824K,   0% used [0x00000000e5560000, 0x00000000e5560000, 0x00000000e6ab0000)
 concurrent mark-sweep generation total 393216K, used 24701K [0x00000000e8000000, 0x0000000100000000, 0x0000000100000000)
 Metaspace       used 31709K, capacity 32418K, committed 32508K, reserved 1077248K
  class space    used 3591K, capacity 3816K, committed 3836K, reserved 1048576K
}
2018-06-19T14:58:20.738+0200: 46,575: Total time for which application threads were stopped: 0,0291251 seconds, Stopping threads took: 0,0000540 seconds
{Heap before GC invocations=17 (full 1):
 par new generation   total 109248K, used 99024K [0x00000000e0000000, 0x00000000e8000000, 0x00000000e8000000)
  eden space 87424K, 100% used [0x00000000e0000000, 0x00000000e5560000, 0x00000000e5560000)
  from space 21824K,  53% used [0x00000000e6ab0000, 0x00000000e76043c0, 0x00000000e8000000)
  to   space 21824K,   0% used [0x00000000e5560000, 0x00000000e5560000, 0x00000000e6ab0000)
 concurrent mark-sweep generation total 393216K, used 24701K [0x00000000e8000000, 0x0000000100000000, 0x0000000100000000)
 Metaspace       used 31717K, capacity 32418K, committed 32508K, reserved 1077248K
  class space    used 3591K, capacity 3816K, committed 3836K, reserved 1048576K
2018-06-19T14:58:20.862+0200: 46,699: [GC (Allocation Failure) 2018-06-19T14:58:20.862+0200: 46,699: [ParNew
Desired survivor size 20112992 bytes, new threshold 8 (max 8)
- age   1:    1624280 bytes,    1624280 total
- age   2:    1157272 bytes,    2781552 total
- age   3:     861920 bytes,    3643472 total
- age   4:     416216 bytes,    4059688 total
- age   5:     272352 bytes,    4332040 total
- age   6:     148360 bytes,    4480400 total
- age   7:     108608 bytes,    4589008 total
- age   8:    4966888 bytes,    9555896 total
: 99024K->12103K(109248K), 0,0177767 secs] 123726K->37447K(502464K), 0,0178624 secs] [Times: user=0,06 sys=0,00, real=0,02 secs] 
Heap after GC invocations=18 (full 1):
 par new generation   total 109248K, used 12103K [0x00000000e0000000, 0x00000000e8000000, 0x00000000e8000000)
  eden space 87424K,   0% used [0x00000000e0000000, 0x00000000e0000000, 0x00000000e5560000)
  from space 21824K,  55% used [0x00000000e5560000, 0x00000000e6131d70, 0x00000000e6ab0000)
  to   space 21824K,   0% used [0x00000000e6ab0000, 0x00000000e6ab0000, 0x00000000e8000000)
 concurrent mark-sweep generation total 393216K, used 25344K [0x00000000e8000000, 0x0000000100000000, 0x0000000100000000)
 Metaspace       used 31717K, capacity 32418K, committed 32508K, reserved 1077248K
  class space    used 3591K, capacity 3816K, committed 3836K, reserved 1048576K
}
2018-06-19T14:58:20.880+0200: 46,717: Total time for which application threads were stopped: 0,0181725 seconds, Stopping threads took: 0,0000867 seconds
{Heap before GC invocations=18 (full 1):
 par new generation   total 109248K, used 99527K [0x00000000e0000000, 0x00000000e8000000, 0x00000000e8000000)
  eden space 87424K, 100% used [0x00000000e0000000, 0x00000000e5560000, 0x00000000e5560000)
  from space 21824K,  55% used [0x00000000e5560000, 0x00000000e6131d70, 0x00000000e6ab0000)
  to   space 21824K,   0% used [0x00000000e6ab0000, 0x00000000e6ab0000, 0x00000000e8000000)
 concurrent mark-sweep generation total 393216K, used 25344K [0x00000000e8000000, 0x0000000100000000, 0x0000000100000000)
 Metaspace       used 31729K, capacity 32482K, committed 32764K, reserved 1079296K
  class space    used 3591K, capacity 3816K, committed 3836K, reserved 1048576K
2018-06-19T14:58:21.016+0200: 46,852: [GC (Allocation Failure) 2018-06-19T14:58:21.016+0200: 46,852: [ParNew
Desired survivor size 20112992 bytes, new threshold 8 (max 8)
- age   1:    2025816 bytes,    2025816 total
- age   2:    1015552 bytes,    3041368 total
- age   3:     993352 bytes,    4034720 total
- age   4:     861920 bytes,    4896640 total
- age   5:     416216 bytes,    5312856 total
- age   6:     272352 bytes,    5585208 total
- age   7:     148328 bytes,    5733536 total
- age   8:     108200 bytes,    5841736 total
: 99527K->9419K(109248K), 0,0385926 secs] 124871K->39643K(502464K), 0,0386874 secs] [Times: user=0,08 sys=0,00, real=0,04 secs] 
Heap after GC invocations=19 (full 1):
 par new generation   total 109248K, used 9419K [0x00000000e0000000, 0x00000000e8000000, 0x00000000e8000000)
  eden space 87424K,   0% used [0x00000000e0000000, 0x00000000e0000000, 0x00000000e5560000)
  from space 21824K,  43% used [0x00000000e6ab0000, 0x00000000e73e2e80, 0x00000000e8000000)
  to   space 21824K,   0% used [0x00000000e5560000, 0x00000000e5560000, 0x00000000e6ab0000)
 concurrent mark-sweep generation total 393216K, used 30223K [0x00000000e8000000, 0x0000000100000000, 0x0000000100000000)
 Metaspace       used 31729K, capacity 32482K, committed 32764K, reserved 1079296K
  class space    used 3591K, capacity 3816K, committed 3836K, reserved 1048576K
}
2018-06-19T14:58:21.054+0200: 46,891: Total time for which application threads were stopped: 0,0389737 seconds, Stopping threads took: 0,0000546 seconds
{Heap before GC invocations=19 (full 1):
 par new generation   total 109248K, used 96843K [0x00000000e0000000, 0x00000000e8000000, 0x00000000e8000000)
  eden space 87424K, 100% used [0x00000000e0000000, 0x00000000e5560000, 0x00000000e5560000)
  from space 21824K,  43% used [0x00000000e6ab0000, 0x00000000e73e2e80, 0x00000000e8000000)
  to   space 21824K,   0% used [0x00000000e5560000, 0x00000000e5560000, 0x00000000e6ab0000)
 concurrent mark-sweep generation total 393216K, used 30223K [0x00000000e8000000, 0x0000000100000000, 0x0000000100000000)
 Metaspace       used 31747K, capacity 32482K, committed 32764K, reserved 1079296K
  class space    used 3591K, capacity 3816K, committed 3836K, reserved 1048576K
2018-06-19T14:58:21.136+0200: 46,972: [GC (Allocation Failure) 2018-06-19T14:58:21.136+0200: 46,972: [ParNew
Desired survivor size 20112992 bytes, new threshold 8 (max 8)
- age   1:    1790104 bytes,    1790104 total
- age   2:    1279968 bytes,    3070072 total
- age   3:    1015528 bytes,    4085600 total
- age   4:     993328 bytes,    5078928 total
- age   5:     861920 bytes,    5940848 total
- age   6:     416160 bytes,    6357008 total
- age   7:     272320 bytes,    6629328 total
- age   8:     147920 bytes,    6777248 total
: 96843K->7810K(109248K), 0,0069402 secs] 127067K->38140K(502464K), 0,0070085 secs] [Times: user=0,03 sys=0,00, real=0,00 secs] 
Heap after GC invocations=20 (full 1):
 par new generation   total 109248K, used 7810K [0x00000000e0000000, 0x00000000e8000000, 0x00000000e8000000)
  eden space 87424K,   0% used [0x00000000e0000000, 0x00000000e0000000, 0x00000000e5560000)
  from space 21824K,  35% used [0x00000000e5560000, 0x00000000e5d00be0, 0x00000000e6ab0000)
  to   space 21824K,   0% used [0x00000000e6ab0000, 0x00000000e6ab0000, 0x00000000e8000000)
 concurrent mark-sweep generation total 393216K, used 30329K [0x00000000e8000000, 0x0000000100000000, 0x0000000100000000)
 Metaspace       used 31747K, capacity 32482K, committed 32764K, reserved 1079296K
  class space    used 3591K, capacity 3816K, committed 3836K, reserved 1048576K
}
2018-06-19T14:58:21.143+0200: 46,979: Total time for which application threads were stopped: 0,0072343 seconds, Stopping threads took: 0,0000421 seconds
2018-06-19T14:58:21.213+0200: 47,050: Total time for which application threads were stopped: 0,0002108 seconds, Stopping threads took: 0,0000752 seconds
2018-06-19T14:58:21.227+0200: 47,063: Total time for which application threads were stopped: 0,0001683 seconds, Stopping threads took: 0,0000494 seconds
2018-06-19T14:58:21.250+0200: 47,086: Total time for which application threads were stopped: 0,0007024 seconds, Stopping threads took: 0,0002030 seconds
2018-06-19T14:58:21.258+0200: 47,095: Total time for which application threads were stopped: 0,0002606 seconds, Stopping threads took: 0,0001541 seconds
2018-06-19T14:58:21.261+0200: 47,097: Total time for which application threads were stopped: 0,0001303 seconds, Stopping threads took: 0,0000297 seconds
2018-06-19T14:58:21.262+0200: 47,098: Total time for which application threads were stopped: 0,0001644 seconds, Stopping threads took: 0,0000577 seconds
2018-06-19T14:58:21.266+0200: 47,102: Total time for which application threads were stopped: 0,0023554 seconds, Stopping threads took: 0,0022613 seconds
{Heap before GC invocations=20 (full 1):
 par new generation   total 109248K, used 95234K [0x00000000e0000000, 0x00000000e8000000, 0x00000000e8000000)
  eden space 87424K, 100% used [0x00000000e0000000, 0x00000000e5560000, 0x00000000e5560000)
  from space 21824K,  35% used [0x00000000e5560000, 0x00000000e5d00be0, 0x00000000e6ab0000)
  to   space 21824K,   0% used [0x00000000e6ab0000, 0x00000000e6ab0000, 0x00000000e8000000)
 concurrent mark-sweep generation total 393216K, used 30329K [0x00000000e8000000, 0x0000000100000000, 0x0000000100000000)
 Metaspace       used 31768K, capacity 32546K, committed 32764K, reserved 1079296K
  class space    used 3591K, capacity 3816K, committed 3836K, reserved 1048576K
2018-06-19T14:58:21.268+0200: 47,104: [GC (Allocation Failure) 2018-06-19T14:58:21.268+0200: 47,104: [ParNew
Desired survivor size 20112992 bytes, new threshold 8 (max 8)
- age   1:    2613520 bytes,    2613520 total
- age   2:     839760 bytes,    3453280 total
- age   3:    1221432 bytes,    4674712 total
- age   4:     860296 bytes,    5535008 total
- age   5:     938208 bytes,    6473216 total
- age   6:     812216 bytes,    7285432 total
- age   7:     335688 bytes,    7621120 total
- age   8:     271848 bytes,    7892968 total
: 95234K->9825K(109248K), 0,0185954 secs] 125564K->40300K(502464K), 0,0186880 secs] [Times: user=0,06 sys=0,00, real=0,02 secs] 
Heap after GC invocations=21 (full 1):
 par new generation   total 109248K, used 9825K [0x00000000e0000000, 0x00000000e8000000, 0x00000000e8000000)
  eden space 87424K,   0% used [0x00000000e0000000, 0x00000000e0000000, 0x00000000e5560000)
  from space 21824K,  45% used [0x00000000e6ab0000, 0x00000000e7448740, 0x00000000e8000000)
  to   space 21824K,   0% used [0x00000000e5560000, 0x00000000e5560000, 0x00000000e6ab0000)
 concurrent mark-sweep generation total 393216K, used 30474K [0x00000000e8000000, 0x0000000100000000, 0x0000000100000000)
 Metaspace       used 31768K, capacity 32546K, committed 32764K, reserved 1079296K
  class space    used 3591K, capacity 3816K, committed 3836K, reserved 1048576K
}
2018-06-19T14:58:21.286+0200: 47,123: Total time for which application threads were stopped: 0,0198676 seconds, Stopping threads took: 0,0009993 seconds
{Heap before GC invocations=21 (full 1):
 par new generation   total 109248K, used 97249K [0x00000000e0000000, 0x00000000e8000000, 0x00000000e8000000)
  eden space 87424K, 100% used [0x00000000e0000000, 0x00000000e5560000, 0x00000000e5560000)
  from space 21824K,  45% used [0x00000000e6ab0000, 0x00000000e7448740, 0x00000000e8000000)
  to   space 21824K,   0% used [0x00000000e5560000, 0x00000000e5560000, 0x00000000e6ab0000)
 concurrent mark-sweep generation total 393216K, used 30474K [0x00000000e8000000, 0x0000000100000000, 0x0000000100000000)
 Metaspace       used 31787K, capacity 32546K, committed 32764K, reserved 1079296K
  class space    used 3591K, capacity 3816K, committed 3836K, reserved 1048576K
2018-06-19T14:58:21.407+0200: 47,243: [GC (Allocation Failure) 2018-06-19T14:58:21.407+0200: 47,244: [ParNew
Desired survivor size 20112992 bytes, new threshold 8 (max 8)
- age   1:    1310520 bytes,    1310520 total
- age   2:    2472760 bytes,    3783280 total
- age   3:     839760 bytes,    4623040 total
- age   4:    1221432 bytes,    5844472 total
- age   5:     860296 bytes,    6704768 total
- age   6:     938208 bytes,    7642976 total
- age   7:     812184 bytes,    8455160 total
- age   8:     335280 bytes,    8790440 total
: 97249K->12573K(109248K), 0,0140118 secs] 127724K->43313K(502464K), 0,0141148 secs] [Times: user=0,04 sys=0,00, real=0,01 secs] 
Heap after GC invocations=22 (full 1):
 par new generation   total 109248K, used 12573K [0x00000000e0000000, 0x00000000e8000000, 0x00000000e8000000)
  eden space 87424K,   0% used [0x00000000e0000000, 0x00000000e0000000, 0x00000000e5560000)
  from space 21824K,  57% used [0x00000000e5560000, 0x00000000e61a74d0, 0x00000000e6ab0000)
  to   space 21824K,   0% used [0x00000000e6ab0000, 0x00000000e6ab0000, 0x00000000e8000000)
 concurrent mark-sweep generation total 393216K, used 30740K [0x00000000e8000000, 0x0000000100000000, 0x0000000100000000)
 Metaspace       used 31787K, capacity 32546K, committed 32764K, reserved 1079296K
  class space    used 3591K, capacity 3816K, committed 3836K, reserved 1048576K
}
2018-06-19T14:58:21.421+0200: 47,258: Total time for which application threads were stopped: 0,0144097 seconds, Stopping threads took: 0,0000677 seconds
{Heap before GC invocations=22 (full 1):
 par new generation   total 109248K, used 99997K [0x00000000e0000000, 0x00000000e8000000, 0x00000000e8000000)
  eden space 87424K, 100% used [0x00000000e0000000, 0x00000000e5560000, 0x00000000e5560000)
  from space 21824K,  57% used [0x00000000e5560000, 0x00000000e61a74d0, 0x00000000e6ab0000)
  to   space 21824K,   0% used [0x00000000e6ab0000, 0x00000000e6ab0000, 0x00000000e8000000)
 concurrent mark-sweep generation total 393216K, used 30740K [0x00000000e8000000, 0x0000000100000000, 0x0000000100000000)
 Metaspace       used 31793K, capacity 32546K, committed 32764K, reserved 1079296K
  class space    used 3591K, capacity 3816K, committed 3836K, reserved 1048576K
2018-06-19T14:58:21.529+0200: 47,366: [GC (Allocation Failure) 2018-06-19T14:58:21.529+0200: 47,366: [ParNew
Desired survivor size 20112992 bytes, new threshold 8 (max 8)
- age   1:    1560824 bytes,    1560824 total
- age   2:     889168 bytes,    2449992 total
- age   3:    2472200 bytes,    4922192 total
- age   4:     839760 bytes,    5761952 total
- age   5:    1221432 bytes,    6983384 total
- age   6:     860296 bytes,    7843680 total
- age   7:     938176 bytes,    8781856 total
- age   8:     811776 bytes,    9593632 total
: 99997K->11284K(109248K), 0,0146232 secs] 130737K->42352K(502464K), 0,0146969 secs] [Times: user=0,05 sys=0,00, real=0,02 secs] 
Heap after GC invocations=23 (full 1):
 par new generation   total 109248K, used 11284K [0x00000000e0000000, 0x00000000e8000000, 0x00000000e8000000)
  eden space 87424K,   0% used [0x00000000e0000000, 0x00000000e0000000, 0x00000000e5560000)
  from space 21824K,  51% used [0x00000000e6ab0000, 0x00000000e75b51d0, 0x00000000e8000000)
  to   space 21824K,   0% used [0x00000000e5560000, 0x00000000e5560000, 0x00000000e6ab0000)
 concurrent mark-sweep generation total 393216K, used 31068K [0x00000000e8000000, 0x0000000100000000, 0x0000000100000000)
 Metaspace       used 31793K, capacity 32546K, committed 32764K, reserved 1079296K
  class space    used 3591K, capacity 3816K, committed 3836K, reserved 1048576K
}
2018-06-19T14:58:21.544+0200: 47,380: Total time for which application threads were stopped: 0,0149372 seconds, Stopping threads took: 0,0000517 seconds
{Heap before GC invocations=23 (full 1):
 par new generation   total 109248K, used 98708K [0x00000000e0000000, 0x00000000e8000000, 0x00000000e8000000)
  eden space 87424K, 100% used [0x00000000e0000000, 0x00000000e5560000, 0x00000000e5560000)
  from space 21824K,  51% used [0x00000000e6ab0000, 0x00000000e75b51d0, 0x00000000e8000000)
  to   space 21824K,   0% used [0x00000000e5560000, 0x00000000e5560000, 0x00000000e6ab0000)
 concurrent mark-sweep generation total 393216K, used 31068K [0x00000000e8000000, 0x0000000100000000, 0x0000000100000000)
 Metaspace       used 31819K, capacity 32546K, committed 32764K, reserved 1079296K
  class space    used 3591K, capacity 3816K, committed 3836K, reserved 1048576K
2018-06-19T14:58:21.627+0200: 47,464: [GC (Allocation Failure) 2018-06-19T14:58:21.627+0200: 47,464: [ParNew
Desired survivor size 20112992 bytes, new threshold 8 (max 8)
- age   1:    1460104 bytes,    1460104 total
- age   2:    1049064 bytes,    2509168 total
- age   3:     889168 bytes,    3398336 total
- age   4:    2472200 bytes,    5870536 total
- age   5:     839760 bytes,    6710296 total
- age   6:    1286984 bytes,    7997280 total
- age   7:     860264 bytes,    8857544 total
- age   8:     937944 bytes,    9795488 total
: 98708K->12420K(109248K), 0,0248777 secs] 129776K->44289K(502464K), 0,0249952 secs] [Times: user=0,10 sys=0,00, real=0,03 secs] 
Heap after GC invocations=24 (full 1):
 par new generation   total 109248K, used 12420K [0x00000000e0000000, 0x00000000e8000000, 0x00000000e8000000)
  eden space 87424K,   0% used [0x00000000e0000000, 0x00000000e0000000, 0x00000000e5560000)
  from space 21824K,  56% used [0x00000000e5560000, 0x00000000e61812a0, 0x00000000e6ab0000)
  to   space 21824K,   0% used [0x00000000e6ab0000, 0x00000000e6ab0000, 0x00000000e8000000)
 concurrent mark-sweep generation total 393216K, used 31869K [0x00000000e8000000, 0x0000000100000000, 0x0000000100000000)
 Metaspace       used 31819K, capacity 32546K, committed 32764K, reserved 1079296K
  class space    used 3591K, capacity 3816K, committed 3836K, reserved 1048576K
}
2018-06-19T14:58:21.652+0200: 47,489: Total time for which application threads were stopped: 0,0253050 seconds, Stopping threads took: 0,0000586 seconds
{Heap before GC invocations=24 (full 1):
 par new generation   total 109248K, used 99844K [0x00000000e0000000, 0x00000000e8000000, 0x00000000e8000000)
  eden space 87424K, 100% used [0x00000000e0000000, 0x00000000e5560000, 0x00000000e5560000)
  from space 21824K,  56% used [0x00000000e5560000, 0x00000000e61812a0, 0x00000000e6ab0000)
  to   space 21824K,   0% used [0x00000000e6ab0000, 0x00000000e6ab0000, 0x00000000e8000000)
 concurrent mark-sweep generation total 393216K, used 31869K [0x00000000e8000000, 0x0000000100000000, 0x0000000100000000)
 Metaspace       used 31829K, capacity 32616K, committed 32764K, reserved 1079296K
  class space    used 3592K, capacity 3817K, committed 3836K, reserved 1048576K
2018-06-19T14:58:21.748+0200: 47,585: [GC (Allocation Failure) 2018-06-19T14:58:21.748+0200: 47,585: [ParNew
Desired survivor size 20112992 bytes, new threshold 8 (max 8)
- age   1:    1963784 bytes,    1963784 total
- age   2:     805368 bytes,    2769152 total
- age   3:     784720 bytes,    3553872 total
- age   4:     888992 bytes,    4442864 total
- age   5:    2102000 bytes,    6544864 total
- age   6:     667848 bytes,    7212712 total
- age   7:    1055112 bytes,    8267824 total
- age   8:     692984 bytes,    8960808 total
: 99844K->12674K(109248K), 0,0140373 secs] 131713K->45301K(502464K), 0,0141130 secs] [Times: user=0,05 sys=0,01, real=0,01 secs] 
Heap after GC invocations=25 (full 1):
 par new generation   total 109248K, used 12674K [0x00000000e0000000, 0x00000000e8000000, 0x00000000e8000000)
  eden space 87424K,   0% used [0x00000000e0000000, 0x00000000e0000000, 0x00000000e5560000)
  from space 21824K,  58% used [0x00000000e6ab0000, 0x00000000e7710bd0, 0x00000000e8000000)
  to   space 21824K,   0% used [0x00000000e5560000, 0x00000000e5560000, 0x00000000e6ab0000)
 concurrent mark-sweep generation total 393216K, used 32626K [0x00000000e8000000, 0x0000000100000000, 0x0000000100000000)
 Metaspace       used 31829K, capacity 32616K, committed 32764K, reserved 1079296K
  class space    used 3592K, capacity 3817K, committed 3836K, reserved 1048576K
}
2018-06-19T14:58:21.763+0200: 47,599: Total time for which application threads were stopped: 0,0143489 seconds, Stopping threads took: 0,0000446 seconds
{Heap before GC invocations=25 (full 1):
 par new generation   total 109248K, used 100098K [0x00000000e0000000, 0x00000000e8000000, 0x00000000e8000000)
  eden space 87424K, 100% used [0x00000000e0000000, 0x00000000e5560000, 0x00000000e5560000)
  from space 21824K,  58% used [0x00000000e6ab0000, 0x00000000e7710bd0, 0x00000000e8000000)
  to   space 21824K,   0% used [0x00000000e5560000, 0x00000000e5560000, 0x00000000e6ab0000)
 concurrent mark-sweep generation total 393216K, used 32626K [0x00000000e8000000, 0x0000000100000000, 0x0000000100000000)
 Metaspace       used 31830K, capacity 32616K, committed 32764K, reserved 1079296K
  class space    used 3592K, capacity 3817K, committed 3836K, reserved 1048576K
2018-06-19T14:58:21.868+0200: 47,704: [GC (Allocation Failure) 2018-06-19T14:58:21.868+0200: 47,704: [ParNew
Desired survivor size 20112992 bytes, new threshold 8 (max 8)
- age   1:    1705208 bytes,    1705208 total
- age   2:    1256504 bytes,    2961712 total
- age   3:     805152 bytes,    3766864 total
- age   4:     784360 bytes,    4551224 total
- age   5:     888656 bytes,    5439880 total
- age   6:    2101904 bytes,    7541784 total
- age   7:     667816 bytes,    8209600 total
- age   8:    1054880 bytes,    9264480 total
: 100098K->10550K(109248K), 0,0157099 secs] 132725K->43854K(502464K), 0,0158090 secs] [Times: user=0,06 sys=0,00, real=0,02 secs] 
Heap after GC invocations=26 (full 1):
 par new generation   total 109248K, used 10550K [0x00000000e0000000, 0x00000000e8000000, 0x00000000e8000000)
  eden space 87424K,   0% used [0x00000000e0000000, 0x00000000e0000000, 0x00000000e5560000)
  from space 21824K,  48% used [0x00000000e5560000, 0x00000000e5fadb40, 0x00000000e6ab0000)
  to   space 21824K,   0% used [0x00000000e6ab0000, 0x00000000e6ab0000, 0x00000000e8000000)
 concurrent mark-sweep generation total 393216K, used 33303K [0x00000000e8000000, 0x0000000100000000, 0x0000000100000000)
 Metaspace       used 31830K, capacity 32616K, committed 32764K, reserved 1079296K
  class space    used 3592K, capacity 3817K, committed 3836K, reserved 1048576K
}
2018-06-19T14:58:21.883+0200: 47,720: Total time for which application threads were stopped: 0,0160605 seconds, Stopping threads took: 0,0000524 seconds
{Heap before GC invocations=26 (full 1):
 par new generation   total 109248K, used 97944K [0x00000000e0000000, 0x00000000e8000000, 0x00000000e8000000)
  eden space 87424K,  99% used [0x00000000e0000000, 0x00000000e5558890, 0x00000000e5560000)
  from space 21824K,  48% used [0x00000000e5560000, 0x00000000e5fadb40, 0x00000000e6ab0000)
  to   space 21824K,   0% used [0x00000000e6ab0000, 0x00000000e6ab0000, 0x00000000e8000000)
 concurrent mark-sweep generation total 393216K, used 33303K [0x00000000e8000000, 0x0000000100000000, 0x0000000100000000)
 Metaspace       used 31830K, capacity 32616K, committed 32764K, reserved 1079296K
  class space    used 3592K, capacity 3817K, committed 3836K, reserved 1048576K
2018-06-19T14:58:21.957+0200: 47,793: [GC (Allocation Failure) 2018-06-19T14:58:21.957+0200: 47,793: [ParNew
Desired survivor size 20112992 bytes, new threshold 8 (max 8)
- age   1:    2046680 bytes,    2046680 total
- age   2:     862960 bytes,    2909640 total
- age   3:    1254848 bytes,    4164488 total
- age   4:     706776 bytes,    4871264 total
- age   5:     784360 bytes,    5655624 total
- age   6:     888656 bytes,    6544280 total
- age   7:    2101872 bytes,    8646152 total
- age   8:     667584 bytes,    9313736 total
: 97944K->11936K(109248K), 0,0129653 secs] 131248K->46271K(502464K), 0,0130314 secs] [Times: user=0,03 sys=0,00, real=0,01 secs] 
Heap after GC invocations=27 (full 1):
 par new generation   total 109248K, used 11936K [0x00000000e0000000, 0x00000000e8000000, 0x00000000e8000000)
  eden space 87424K,   0% used [0x00000000e0000000, 0x00000000e0000000, 0x00000000e5560000)
  from space 21824K,  54% used [0x00000000e6ab0000, 0x00000000e7658310, 0x00000000e8000000)
  to   space 21824K,   0% used [0x00000000e5560000, 0x00000000e5560000, 0x00000000e6ab0000)
 concurrent mark-sweep generation total 393216K, used 34334K [0x00000000e8000000, 0x0000000100000000, 0x0000000100000000)
 Metaspace       used 31830K, capacity 32616K, committed 32764K, reserved 1079296K
  class space    used 3592K, capacity 3817K, committed 3836K, reserved 1048576K
}
2018-06-19T14:58:21.970+0200: 47,806: Total time for which application threads were stopped: 0,0132763 seconds, Stopping threads took: 0,0000623 seconds
{Heap before GC invocations=27 (full 1):
 par new generation   total 109248K, used 99360K [0x00000000e0000000, 0x00000000e8000000, 0x00000000e8000000)
  eden space 87424K, 100% used [0x00000000e0000000, 0x00000000e5560000, 0x00000000e5560000)
  from space 21824K,  54% used [0x00000000e6ab0000, 0x00000000e7658310, 0x00000000e8000000)
  to   space 21824K,   0% used [0x00000000e5560000, 0x00000000e5560000, 0x00000000e6ab0000)
 concurrent mark-sweep generation total 393216K, used 34334K [0x00000000e8000000, 0x0000000100000000, 0x0000000100000000)
 Metaspace       used 31830K, capacity 32616K, committed 32764K, reserved 1079296K
  class space    used 3592K, capacity 3817K, committed 3836K, reserved 1048576K
2018-06-19T14:58:22.064+0200: 47,901: [GC (Allocation Failure) 2018-06-19T14:58:22.064+0200: 47,901: [ParNew
Desired survivor size 20112992 bytes, new threshold 8 (max 8)
- age   1:    2010872 bytes,    2010872 total
- age   2:    1080216 bytes,    3091088 total
- age   3:     862960 bytes,    3954048 total
- age   4:    1254848 bytes,    5208896 total
- age   5:     706776 bytes,    5915672 total
- age   6:     784360 bytes,    6700032 total
- age   7:     888656 bytes,    7588688 total
- age   8:    2101608 bytes,    9690296 total
: 99360K->13500K(109248K), 0,0079472 secs] 133695K->48487K(502464K), 0,0080213 secs] [Times: user=0,03 sys=0,00, real=0,01 secs] 
Heap after GC invocations=28 (full 1):
 par new generation   total 109248K, used 13500K [0x00000000e0000000, 0x00000000e8000000, 0x00000000e8000000)
  eden space 87424K,   0% used [0x00000000e0000000, 0x00000000e0000000, 0x00000000e5560000)
  from space 21824K,  61% used [0x00000000e5560000, 0x00000000e628f280, 0x00000000e6ab0000)
  to   space 21824K,   0% used [0x00000000e6ab0000, 0x00000000e6ab0000, 0x00000000e8000000)
 concurrent mark-sweep generation total 393216K, used 34986K [0x00000000e8000000, 0x0000000100000000, 0x0000000100000000)
 Metaspace       used 31830K, capacity 32616K, committed 32764K, reserved 1079296K
  class space    used 3592K, capacity 3817K, committed 3836K, reserved 1048576K
}
2018-06-19T14:58:22.072+0200: 47,909: Total time for which application threads were stopped: 0,0082628 seconds, Stopping threads took: 0,0000323 seconds
{Heap before GC invocations=28 (full 1):
 par new generation   total 109248K, used 100924K [0x00000000e0000000, 0x00000000e8000000, 0x00000000e8000000)
  eden space 87424K, 100% used [0x00000000e0000000, 0x00000000e5560000, 0x00000000e5560000)
  from space 21824K,  61% used [0x00000000e5560000, 0x00000000e628f280, 0x00000000e6ab0000)
  to   space 21824K,   0% used [0x00000000e6ab0000, 0x00000000e6ab0000, 0x00000000e8000000)
 concurrent mark-sweep generation total 393216K, used 34986K [0x00000000e8000000, 0x0000000100000000, 0x0000000100000000)
 Metaspace       used 31835K, capacity 32622K, committed 32764K, reserved 1079296K
  class space    used 3592K, capacity 3818K, committed 3836K, reserved 1048576K
2018-06-19T14:58:22.178+0200: 48,015: [GC (Allocation Failure) 2018-06-19T14:58:22.178+0200: 48,015: [ParNew
Desired survivor size 20112992 bytes, new threshold 8 (max 8)
- age   1:    2985896 bytes,    2985896 total
- age   2:     829032 bytes,    3814928 total
- age   3:    1077760 bytes,    4892688 total
- age   4:     862936 bytes,    5755624 total
- age   5:     861536 bytes,    6617160 total
- age   6:     706776 bytes,    7323936 total
- age   7:     784328 bytes,    8108264 total
- age   8:     888392 bytes,    8996656 total
: 100924K->11150K(109248K), 0,0142358 secs] 135911K->48193K(502464K), 0,0143325 secs] [Times: user=0,05 sys=0,00, real=0,02 secs] 
Heap after GC invocations=29 (full 1):
 par new generation   total 109248K, used 11150K [0x00000000e0000000, 0x00000000e8000000, 0x00000000e8000000)
  eden space 87424K,   0% used [0x00000000e0000000, 0x00000000e0000000, 0x00000000e5560000)
  from space 21824K,  51% used [0x00000000e6ab0000, 0x00000000e75938d0, 0x00000000e8000000)
  to   space 21824K,   0% used [0x00000000e5560000, 0x00000000e5560000, 0x00000000e6ab0000)
 concurrent mark-sweep generation total 393216K, used 37043K [0x00000000e8000000, 0x0000000100000000, 0x0000000100000000)
 Metaspace       used 31835K, capacity 32622K, committed 32764K, reserved 1079296K
  class space    used 3592K, capacity 3818K, committed 3836K, reserved 1048576K
}
2018-06-19T14:58:22.193+0200: 48,029: Total time for which application threads were stopped: 0,0146328 seconds, Stopping threads took: 0,0000418 seconds
2018-06-19T14:58:22.278+0200: 48,115: Total time for which application threads were stopped: 0,0002217 seconds, Stopping threads took: 0,0000665 seconds
2018-06-19T14:58:22.279+0200: 48,116: Total time for which application threads were stopped: 0,0001576 seconds, Stopping threads took: 0,0000581 seconds
2018-06-19T14:58:22.280+0200: 48,116: Total time for which application threads were stopped: 0,0001611 seconds, Stopping threads took: 0,0000644 seconds
{Heap before GC invocations=29 (full 1):
 par new generation   total 109248K, used 98574K [0x00000000e0000000, 0x00000000e8000000, 0x00000000e8000000)
  eden space 87424K, 100% used [0x00000000e0000000, 0x00000000e5560000, 0x00000000e5560000)
  from space 21824K,  51% used [0x00000000e6ab0000, 0x00000000e75938d0, 0x00000000e8000000)
  to   space 21824K,   0% used [0x00000000e5560000, 0x00000000e5560000, 0x00000000e6ab0000)
 concurrent mark-sweep generation total 393216K, used 37043K [0x00000000e8000000, 0x0000000100000000, 0x0000000100000000)
 Metaspace       used 31844K, capacity 32622K, committed 32764K, reserved 1079296K
  class space    used 3592K, capacity 3818K, committed 3836K, reserved 1048576K
2018-06-19T14:58:22.295+0200: 48,131: [GC (Allocation Failure) 2018-06-19T14:58:22.295+0200: 48,131: [ParNew
Desired survivor size 20112992 bytes, new threshold 8 (max 8)
- age   1:    1375112 bytes,    1375112 total
- age   2:    2905720 bytes,    4280832 total
- age   3:     829008 bytes,    5109840 total
- age   4:    1077784 bytes,    6187624 total
- age   5:     862936 bytes,    7050560 total
- age   6:     861424 bytes,    7911984 total
- age   7:     706720 bytes,    8618704 total
- age   8:     784096 bytes,    9402800 total
: 98574K->13506K(109248K), 0,0101368 secs] 135617K->51436K(502464K), 0,0102189 secs] [Times: user=0,03 sys=0,00, real=0,01 secs] 
Heap after GC invocations=30 (full 1):
 par new generation   total 109248K, used 13506K [0x00000000e0000000, 0x00000000e8000000, 0x00000000e8000000)
  eden space 87424K,   0% used [0x00000000e0000000, 0x00000000e0000000, 0x00000000e5560000)
  from space 21824K,  61% used [0x00000000e5560000, 0x00000000e6290a70, 0x00000000e6ab0000)
  to   space 21824K,   0% used [0x00000000e6ab0000, 0x00000000e6ab0000, 0x00000000e8000000)
 concurrent mark-sweep generation total 393216K, used 37929K [0x00000000e8000000, 0x0000000100000000, 0x0000000100000000)
 Metaspace       used 31844K, capacity 32622K, committed 32764K, reserved 1079296K
  class space    used 3592K, capacity 3818K, committed 3836K, reserved 1048576K
}
2018-06-19T14:58:22.305+0200: 48,142: Total time for which application threads were stopped: 0,0123033 seconds, Stopping threads took: 0,0018991 seconds
2018-06-19T14:58:22.357+0200: 48,194: Total time for which application threads were stopped: 0,0001831 seconds, Stopping threads took: 0,0000799 seconds
2018-06-19T14:58:22.366+0200: 48,202: Total time for which application threads were stopped: 0,0001661 seconds, Stopping threads took: 0,0000602 seconds
2018-06-19T14:58:22.366+0200: 48,203: Total time for which application threads were stopped: 0,0001449 seconds, Stopping threads took: 0,0000592 seconds
{Heap before GC invocations=30 (full 1):
 par new generation   total 109248K, used 100930K [0x00000000e0000000, 0x00000000e8000000, 0x00000000e8000000)
  eden space 87424K, 100% used [0x00000000e0000000, 0x00000000e5560000, 0x00000000e5560000)
  from space 21824K,  61% used [0x00000000e5560000, 0x00000000e6290a70, 0x00000000e6ab0000)
  to   space 21824K,   0% used [0x00000000e6ab0000, 0x00000000e6ab0000, 0x00000000e8000000)
 concurrent mark-sweep generation total 393216K, used 37929K [0x00000000e8000000, 0x0000000100000000, 0x0000000100000000)
 Metaspace       used 31851K, capacity 32622K, committed 32764K, reserved 1079296K
  class space    used 3592K, capacity 3818K, committed 3836K, reserved 1048576K
2018-06-19T14:58:22.515+0200: 48,351: [GC (Allocation Failure) 2018-06-19T14:58:22.515+0200: 48,351: [ParNew
Desired survivor size 20112992 bytes, new threshold 8 (max 8)
- age   1:    1698000 bytes,    1698000 total
- age   2:    1012496 bytes,    2710496 total
- age   3:    2821264 bytes,    5531760 total
- age   4:     776880 bytes,    6308640 total
- age   5:    1025488 bytes,    7334128 total
- age   6:     810328 bytes,    8144456 total
- age   7:     814504 bytes,    8958960 total
- age   8:     664912 bytes,    9623872 total
: 100930K->12062K(109248K), 0,0252038 secs] 138860K->50722K(502464K), 0,0253034 secs] [Times: user=0,09 sys=0,00, real=0,02 secs] 
Heap after GC invocations=31 (full 1):
 par new generation   total 109248K, used 12062K [0x00000000e0000000, 0x00000000e8000000, 0x00000000e8000000)
  eden space 87424K,   0% used [0x00000000e0000000, 0x00000000e0000000, 0x00000000e5560000)
  from space 21824K,  55% used [0x00000000e6ab0000, 0x00000000e7677828, 0x00000000e8000000)
  to   space 21824K,   0% used [0x00000000e5560000, 0x00000000e5560000, 0x00000000e6ab0000)
 concurrent mark-sweep generation total 393216K, used 38660K [0x00000000e8000000, 0x0000000100000000, 0x0000000100000000)
 Metaspace       used 31851K, capacity 32622K, committed 32764K, reserved 1079296K
  class space    used 3592K, capacity 3818K, committed 3836K, reserved 1048576K
}
2018-06-19T14:58:22.540+0200: 48,377: Total time for which application threads were stopped: 0,0255700 seconds, Stopping threads took: 0,0000290 seconds
2018-06-19T14:58:22.640+0200: 48,477: Total time for which application threads were stopped: 0,0001881 seconds, Stopping threads took: 0,0000320 seconds
2018-06-19T14:58:22.641+0200: 48,478: Total time for which application threads were stopped: 0,0001009 seconds, Stopping threads took: 0,0000249 seconds
2018-06-19T14:58:22.642+0200: 48,478: Total time for which application threads were stopped: 0,0003439 seconds, Stopping threads took: 0,0000113 seconds
2018-06-19T14:58:22.654+0200: 48,490: Total time for which application threads were stopped: 0,0001288 seconds, Stopping threads took: 0,0000381 seconds
2018-06-19T14:58:22.654+0200: 48,491: Total time for which application threads were stopped: 0,0001099 seconds, Stopping threads took: 0,0000340 seconds
2018-06-19T14:58:22.655+0200: 48,491: Total time for which application threads were stopped: 0,0000949 seconds, Stopping threads took: 0,0000297 seconds
2018-06-19T14:58:22.655+0200: 48,491: Total time for which application threads were stopped: 0,0000829 seconds, Stopping threads took: 0,0000236 seconds
2018-06-19T14:58:22.655+0200: 48,491: Total time for which application threads were stopped: 0,0000803 seconds, Stopping threads took: 0,0000225 seconds
2018-06-19T14:58:22.655+0200: 48,491: Total time for which application threads were stopped: 0,0000785 seconds, Stopping threads took: 0,0000225 seconds
2018-06-19T14:58:22.655+0200: 48,492: Total time for which application threads were stopped: 0,0000767 seconds, Stopping threads took: 0,0000134 seconds
2018-06-19T14:58:22.655+0200: 48,492: Total time for which application threads were stopped: 0,0000749 seconds, Stopping threads took: 0,0000125 seconds
2018-06-19T14:58:22.655+0200: 48,492: Total time for which application threads were stopped: 0,0000745 seconds, Stopping threads took: 0,0000220 seconds
2018-06-19T14:58:22.655+0200: 48,492: Total time for which application threads were stopped: 0,0000763 seconds, Stopping threads took: 0,0000201 seconds
2018-06-19T14:58:22.656+0200: 48,492: Total time for which application threads were stopped: 0,0003135 seconds, Stopping threads took: 0,0000132 seconds
2018-06-19T14:58:22.669+0200: 48,505: Total time for which application threads were stopped: 0,0001584 seconds, Stopping threads took: 0,0000380 seconds
2018-06-19T14:58:22.669+0200: 48,506: Total time for which application threads were stopped: 0,0002398 seconds, Stopping threads took: 0,0001575 seconds
2018-06-19T14:58:22.669+0200: 48,506: Total time for which application threads were stopped: 0,0001415 seconds, Stopping threads took: 0,0000736 seconds
2018-06-19T14:58:22.669+0200: 48,506: Total time for which application threads were stopped: 0,0001015 seconds, Stopping threads took: 0,0000314 seconds
2018-06-19T14:58:23.148+0200: 48,985: Total time for which application threads were stopped: 0,0001229 seconds, Stopping threads took: 0,0000295 seconds
2018-06-19T14:58:23.149+0200: 48,985: Total time for which application threads were stopped: 0,0000887 seconds, Stopping threads took: 0,0000329 seconds
2018-06-19T14:58:23.149+0200: 48,985: Total time for which application threads were stopped: 0,0000717 seconds, Stopping threads took: 0,0000312 seconds
2018-06-19T14:58:23.149+0200: 48,985: Total time for which application threads were stopped: 0,0000967 seconds, Stopping threads took: 0,0000218 seconds
2018-06-19T14:58:24.149+0200: 49,986: Total time for which application threads were stopped: 0,0001302 seconds, Stopping threads took: 0,0000321 seconds
2018-06-19T14:58:32.683+0200: 58,519: Total time for which application threads were stopped: 0,0005391 seconds, Stopping threads took: 0,0000165 seconds
2018-06-19T14:58:32.684+0200: 58,520: Total time for which application threads were stopped: 0,0005427 seconds, Stopping threads took: 0,0000181 seconds
2018-06-19T14:58:32.688+0200: 58,524: Total time for which application threads were stopped: 0,0000857 seconds, Stopping threads took: 0,0000285 seconds
2018-06-19T14:58:32.707+0200: 58,543: Total time for which application threads were stopped: 0,0001871 seconds, Stopping threads took: 0,0000290 seconds
2018-06-19T14:58:32.707+0200: 58,544: Total time for which application threads were stopped: 0,0001006 seconds, Stopping threads took: 0,0000277 seconds
2018-06-19T14:58:32.709+0200: 58,545: Total time for which application threads were stopped: 0,0001390 seconds, Stopping threads took: 0,0000381 seconds
2018-06-19T14:58:32.715+0200: 58,551: Total time for which application threads were stopped: 0,0024653 seconds, Stopping threads took: 0,0024029 seconds
2018-06-19T14:58:32.715+0200: 58,552: Total time for which application threads were stopped: 0,0000594 seconds, Stopping threads took: 0,0000190 seconds
2018-06-19T14:58:32.715+0200: 58,552: Total time for which application threads were stopped: 0,0000403 seconds, Stopping threads took: 0,0000172 seconds
2018-06-19T14:58:32.715+0200: 58,552: Total time for which application threads were stopped: 0,0000465 seconds, Stopping threads took: 0,0000226 seconds
2018-06-19T14:58:32.715+0200: 58,552: Total time for which application threads were stopped: 0,0000434 seconds, Stopping threads took: 0,0000190 seconds
2018-06-19T14:58:32.715+0200: 58,552: Total time for which application threads were stopped: 0,0000343 seconds, Stopping threads took: 0,0000115 seconds
2018-06-19T14:58:32.715+0200: 58,552: Total time for which application threads were stopped: 0,0000412 seconds, Stopping threads took: 0,0000174 seconds
2018-06-19T14:58:32.715+0200: 58,552: Total time for which application threads were stopped: 0,0000477 seconds, Stopping threads took: 0,0000198 seconds
2018-06-19T14:58:32.715+0200: 58,552: Total time for which application threads were stopped: 0,0000471 seconds, Stopping threads took: 0,0000239 seconds
2018-06-19T14:58:32.716+0200: 58,552: Total time for which application threads were stopped: 0,0000469 seconds, Stopping threads took: 0,0000212 seconds
2018-06-19T14:58:32.716+0200: 58,552: Total time for which application threads were stopped: 0,0001751 seconds, Stopping threads took: 0,0000468 seconds
2018-06-19T14:58:32.717+0200: 58,554: Total time for which application threads were stopped: 0,0001132 seconds, Stopping threads took: 0,0000418 seconds
2018-06-19T14:58:32.719+0200: 58,555: Total time for which application threads were stopped: 0,0001050 seconds, Stopping threads took: 0,0000334 seconds
2018-06-19T14:58:32.720+0200: 58,556: Total time for which application threads were stopped: 0,0000890 seconds, Stopping threads took: 0,0000350 seconds
2018-06-19T14:58:32.720+0200: 58,557: Total time for which application threads were stopped: 0,0000928 seconds, Stopping threads took: 0,0000344 seconds
2018-06-19T14:58:32.720+0200: 58,557: Total time for which application threads were stopped: 0,0000710 seconds, Stopping threads took: 0,0000254 seconds
2018-06-19T14:58:32.720+0200: 58,557: Total time for which application threads were stopped: 0,0000745 seconds, Stopping threads took: 0,0000318 seconds
2018-06-19T14:58:32.721+0200: 58,557: Total time for which application threads were stopped: 0,0001219 seconds, Stopping threads took: 0,0000813 seconds
2018-06-19T14:58:32.722+0200: 58,559: Total time for which application threads were stopped: 0,0001220 seconds, Stopping threads took: 0,0000548 seconds
2018-06-19T14:58:32.726+0200: 58,563: Total time for which application threads were stopped: 0,0001416 seconds, Stopping threads took: 0,0000435 seconds
Heap
 par new generation   total 109248K, used 75838K [0x00000000e0000000, 0x00000000e8000000, 0x00000000e8000000)
  eden space 87424K,  72% used [0x00000000e0000000, 0x00000000e3e48320, 0x00000000e5560000)
  from space 21824K,  55% used [0x00000000e6ab0000, 0x00000000e7677828, 0x00000000e8000000)
  to   space 21824K,   0% used [0x00000000e5560000, 0x00000000e5560000, 0x00000000e6ab0000)
 concurrent mark-sweep generation total 393216K, used 38660K [0x00000000e8000000, 0x0000000100000000, 0x0000000100000000)
 Metaspace       used 31984K, capacity 32698K, committed 33020K, reserved 1079296K
  class space    used 3604K, capacity 3820K, committed 3836K, reserved 1048576K
