OpenJDK 64-Bit Server VM (25.171-b11) for linux-amd64 JRE (1.8.0_171-8u171-b11-0ubuntu0.16.04.1-b11), built on Apr 27 2018 17:19:03 by "buildd" with gcc 5.4.0 20160609
Memory: 4k page, physical 7867600k(873648k free), swap 8076284k(8076284k free)
CommandLine flags: -XX:CMSInitiatingOccupancyFraction=50 -XX:CMSMaxAbortablePrecleanTime=6000 -XX:+CMSParallelRemarkEnabled -XX:+CMSScavengeBeforeRemark -XX:ConcGCThreads=4 -XX:InitialHeapSize=536870912 -XX:MaxHeapSize=536870912 -XX:MaxTenuringThreshold=8 -XX:NewRatio=3 -XX:OldPLABSize=16 -XX:OnOutOfMemoryError=/home/gurnoor/workspace/QTM/solr/bin/oom_solr.sh 8983 /home/gurnoor/workspace/QTM/solr/server/logs -XX:ParallelGCThreads=4 -XX:+ParallelRefProcEnabled -XX:PretenureSizeThreshold=67108864 -XX:+PrintGC -XX:+PrintGCApplicationStoppedTime -XX:+PrintGCDateStamps -XX:+PrintGCDetails -XX:+PrintGCTimeStamps -XX:+PrintHeapAtGC -XX:+PrintTenuringDistribution -XX:SurvivorRatio=4 -XX:TargetSurvivorRatio=90 -XX:ThreadStackSize=256 -XX:+UseCMSInitiatingOccupancyOnly -XX:+UseCompressedClassPointers -XX:+UseCompressedOops -XX:+UseConcMarkSweepGC -XX:+UseParNewGC 
2018-06-19T12:18:55.307+0200: 0,116: Total time for which application threads were stopped: 0,0000737 seconds, Stopping threads took: 0,0000149 seconds
2018-06-19T12:18:55.375+0200: 0,184: Total time for which application threads were stopped: 0,0001305 seconds, Stopping threads took: 0,0000182 seconds
2018-06-19T12:18:55.387+0200: 0,196: Total time for which application threads were stopped: 0,0000820 seconds, Stopping threads took: 0,0000141 seconds
2018-06-19T12:18:55.512+0200: 0,321: Total time for which application threads were stopped: 0,0001835 seconds, Stopping threads took: 0,0000198 seconds
2018-06-19T12:18:55.672+0200: 0,481: Total time for which application threads were stopped: 0,0001416 seconds, Stopping threads took: 0,0000161 seconds
2018-06-19T12:18:55.725+0200: 0,534: Total time for which application threads were stopped: 0,0001748 seconds, Stopping threads took: 0,0000187 seconds
2018-06-19T12:18:55.748+0200: 0,557: Total time for which application threads were stopped: 0,0001774 seconds, Stopping threads took: 0,0000243 seconds
2018-06-19T12:18:55.940+0200: 0,749: Total time for which application threads were stopped: 0,0001836 seconds, Stopping threads took: 0,0000159 seconds
2018-06-19T12:18:56.085+0200: 0,894: Total time for which application threads were stopped: 0,0002398 seconds, Stopping threads took: 0,0000214 seconds
2018-06-19T12:18:56.105+0200: 0,914: Total time for which application threads were stopped: 0,0001921 seconds, Stopping threads took: 0,0000161 seconds
2018-06-19T12:18:56.130+0200: 0,939: Total time for which application threads were stopped: 0,0002382 seconds, Stopping threads took: 0,0000302 seconds
2018-06-19T12:18:56.131+0200: 0,940: Total time for which application threads were stopped: 0,0002077 seconds, Stopping threads took: 0,0000233 seconds
2018-06-19T12:18:56.143+0200: 0,953: Total time for which application threads were stopped: 0,0002544 seconds, Stopping threads took: 0,0000234 seconds
2018-06-19T12:18:56.212+0200: 1,021: Total time for which application threads were stopped: 0,0002689 seconds, Stopping threads took: 0,0000229 seconds
2018-06-19T12:18:56.365+0200: 1,174: Total time for which application threads were stopped: 0,0003435 seconds, Stopping threads took: 0,0000967 seconds
{Heap before GC invocations=0 (full 0):
 par new generation   total 109248K, used 87424K [0x00000000e0000000, 0x00000000e8000000, 0x00000000e8000000)
  eden space 87424K, 100% used [0x00000000e0000000, 0x00000000e5560000, 0x00000000e5560000)
  from space 21824K,   0% used [0x00000000e5560000, 0x00000000e5560000, 0x00000000e6ab0000)
  to   space 21824K,   0% used [0x00000000e6ab0000, 0x00000000e6ab0000, 0x00000000e8000000)
 concurrent mark-sweep generation total 393216K, used 0K [0x00000000e8000000, 0x0000000100000000, 0x0000000100000000)
 Metaspace       used 17903K, capacity 18248K, committed 18304K, reserved 1064960K
  class space    used 2026K, capacity 2166K, committed 2176K, reserved 1048576K
2018-06-19T12:18:56.407+0200: 1,216: [GC (Allocation Failure) 2018-06-19T12:18:56.407+0200: 1,216: [ParNew
Desired survivor size 20112992 bytes, new threshold 8 (max 8)
- age   1:   11551280 bytes,   11551280 total
: 87424K->11389K(109248K), 0,0111590 secs] 87424K->11389K(502464K), 0,0112300 secs] [Times: user=0,03 sys=0,00, real=0,01 secs] 
Heap after GC invocations=1 (full 0):
 par new generation   total 109248K, used 11389K [0x00000000e0000000, 0x00000000e8000000, 0x00000000e8000000)
  eden space 87424K,   0% used [0x00000000e0000000, 0x00000000e0000000, 0x00000000e5560000)
  from space 21824K,  52% used [0x00000000e6ab0000, 0x00000000e75cf558, 0x00000000e8000000)
  to   space 21824K,   0% used [0x00000000e5560000, 0x00000000e5560000, 0x00000000e6ab0000)
 concurrent mark-sweep generation total 393216K, used 0K [0x00000000e8000000, 0x0000000100000000, 0x0000000100000000)
 Metaspace       used 17903K, capacity 18248K, committed 18304K, reserved 1064960K
  class space    used 2026K, capacity 2166K, committed 2176K, reserved 1048576K
}
2018-06-19T12:18:56.418+0200: 1,227: Total time for which application threads were stopped: 0,0115490 seconds, Stopping threads took: 0,0000994 seconds
2018-06-19T12:18:56.703+0200: 1,512: Total time for which application threads were stopped: 0,0005163 seconds, Stopping threads took: 0,0000496 seconds
{Heap before GC invocations=1 (full 0):
 par new generation   total 109248K, used 98813K [0x00000000e0000000, 0x00000000e8000000, 0x00000000e8000000)
  eden space 87424K, 100% used [0x00000000e0000000, 0x00000000e5560000, 0x00000000e5560000)
  from space 21824K,  52% used [0x00000000e6ab0000, 0x00000000e75cf558, 0x00000000e8000000)
  to   space 21824K,   0% used [0x00000000e5560000, 0x00000000e5560000, 0x00000000e6ab0000)
 concurrent mark-sweep generation total 393216K, used 0K [0x00000000e8000000, 0x0000000100000000, 0x0000000100000000)
 Metaspace       used 20136K, capacity 20502K, committed 20736K, reserved 1067008K
  class space    used 2299K, capacity 2471K, committed 2560K, reserved 1048576K
2018-06-19T12:18:56.752+0200: 1,561: [GC (Allocation Failure) 2018-06-19T12:18:56.752+0200: 1,561: [ParNew
Desired survivor size 20112992 bytes, new threshold 8 (max 8)
- age   1:    3477872 bytes,    3477872 total
- age   2:    6069912 bytes,    9547784 total
: 98813K->12703K(109248K), 0,0166622 secs] 98813K->12703K(502464K), 0,0167387 secs] [Times: user=0,05 sys=0,00, real=0,01 secs] 
Heap after GC invocations=2 (full 0):
 par new generation   total 109248K, used 12703K [0x00000000e0000000, 0x00000000e8000000, 0x00000000e8000000)
  eden space 87424K,   0% used [0x00000000e0000000, 0x00000000e0000000, 0x00000000e5560000)
  from space 21824K,  58% used [0x00000000e5560000, 0x00000000e61c7e50, 0x00000000e6ab0000)
  to   space 21824K,   0% used [0x00000000e6ab0000, 0x00000000e6ab0000, 0x00000000e8000000)
 concurrent mark-sweep generation total 393216K, used 0K [0x00000000e8000000, 0x0000000100000000, 0x0000000100000000)
 Metaspace       used 20136K, capacity 20502K, committed 20736K, reserved 1067008K
  class space    used 2299K, capacity 2471K, committed 2560K, reserved 1048576K
}
2018-06-19T12:18:56.769+0200: 1,578: Total time for which application threads were stopped: 0,0169826 seconds, Stopping threads took: 0,0000643 seconds
2018-06-19T12:18:56.777+0200: 1,586: Total time for which application threads were stopped: 0,0008303 seconds, Stopping threads took: 0,0004820 seconds
2018-06-19T12:18:56.838+0200: 1,647: Total time for which application threads were stopped: 0,0004697 seconds, Stopping threads took: 0,0000806 seconds
2018-06-19T12:18:56.941+0200: 1,750: Total time for which application threads were stopped: 0,0001897 seconds, Stopping threads took: 0,0000634 seconds
{Heap before GC invocations=2 (full 0):
 par new generation   total 109248K, used 100127K [0x00000000e0000000, 0x00000000e8000000, 0x00000000e8000000)
  eden space 87424K, 100% used [0x00000000e0000000, 0x00000000e5560000, 0x00000000e5560000)
  from space 21824K,  58% used [0x00000000e5560000, 0x00000000e61c7e50, 0x00000000e6ab0000)
  to   space 21824K,   0% used [0x00000000e6ab0000, 0x00000000e6ab0000, 0x00000000e8000000)
 concurrent mark-sweep generation total 393216K, used 0K [0x00000000e8000000, 0x0000000100000000, 0x0000000100000000)
 Metaspace       used 21053K, capacity 21424K, committed 21628K, reserved 1069056K
  class space    used 2422K, capacity 2590K, committed 2684K, reserved 1048576K
2018-06-19T12:18:57.004+0200: 1,813: [GC (Allocation Failure) 2018-06-19T12:18:57.004+0200: 1,814: [ParNew
Desired survivor size 20112992 bytes, new threshold 8 (max 8)
- age   1:    1950784 bytes,    1950784 total
- age   2:     898984 bytes,    2849768 total
- age   3:    6068736 bytes,    8918504 total
: 100127K->10621K(109248K), 0,0104293 secs] 100127K->10621K(502464K), 0,0105127 secs] [Times: user=0,04 sys=0,00, real=0,01 secs] 
Heap after GC invocations=3 (full 0):
 par new generation   total 109248K, used 10621K [0x00000000e0000000, 0x00000000e8000000, 0x00000000e8000000)
  eden space 87424K,   0% used [0x00000000e0000000, 0x00000000e0000000, 0x00000000e5560000)
  from space 21824K,  48% used [0x00000000e6ab0000, 0x00000000e750f7c0, 0x00000000e8000000)
  to   space 21824K,   0% used [0x00000000e5560000, 0x00000000e5560000, 0x00000000e6ab0000)
 concurrent mark-sweep generation total 393216K, used 0K [0x00000000e8000000, 0x0000000100000000, 0x0000000100000000)
 Metaspace       used 21053K, capacity 21424K, committed 21628K, reserved 1069056K
  class space    used 2422K, capacity 2590K, committed 2684K, reserved 1048576K
}
2018-06-19T12:18:57.015+0200: 1,824: Total time for which application threads were stopped: 0,0107542 seconds, Stopping threads took: 0,0000702 seconds
2018-06-19T12:18:57.016+0200: 1,825: [GC (CMS Initial Mark) [1 CMS-initial-mark: 0K(393216K)] 12040K(502464K), 0,0028642 secs] [Times: user=0,01 sys=0,00, real=0,00 secs] 
2018-06-19T12:18:57.019+0200: 1,828: Total time for which application threads were stopped: 0,0031071 seconds, Stopping threads took: 0,0001313 seconds
2018-06-19T12:18:57.019+0200: 1,828: [CMS-concurrent-mark-start]
2018-06-19T12:18:57.019+0200: 1,828: [CMS-concurrent-mark: 0,001/0,001 secs] [Times: user=0,00 sys=0,00, real=0,00 secs] 
2018-06-19T12:18:57.019+0200: 1,828: [CMS-concurrent-preclean-start]
2018-06-19T12:18:57.020+0200: 1,829: [CMS-concurrent-preclean: 0,001/0,001 secs] [Times: user=0,01 sys=0,00, real=0,00 secs] 
2018-06-19T12:18:57.020+0200: 1,829: [CMS-concurrent-abortable-preclean-start]
2018-06-19T12:18:57.044+0200: 1,853: Total time for which application threads were stopped: 0,0020620 seconds, Stopping threads took: 0,0019399 seconds
{Heap before GC invocations=3 (full 1):
 par new generation   total 109248K, used 98045K [0x00000000e0000000, 0x00000000e8000000, 0x00000000e8000000)
  eden space 87424K, 100% used [0x00000000e0000000, 0x00000000e5560000, 0x00000000e5560000)
  from space 21824K,  48% used [0x00000000e6ab0000, 0x00000000e750f7c0, 0x00000000e8000000)
  to   space 21824K,   0% used [0x00000000e5560000, 0x00000000e5560000, 0x00000000e6ab0000)
 concurrent mark-sweep generation total 393216K, used 0K [0x00000000e8000000, 0x0000000100000000, 0x0000000100000000)
 Metaspace       used 21342K, capacity 21706K, committed 21884K, reserved 1069056K
  class space    used 2454K, capacity 2606K, committed 2684K, reserved 1048576K
2018-06-19T12:18:57.155+0200: 1,964: [GC (Allocation Failure) 2018-06-19T12:18:57.155+0200: 1,964: [ParNew
Desired survivor size 20112992 bytes, new threshold 8 (max 8)
- age   1:    1109336 bytes,    1109336 total
- age   2:    1455624 bytes,    2564960 total
- age   3:     893376 bytes,    3458336 total
- age   4:    6068480 bytes,    9526816 total
: 98045K->13754K(109248K), 0,0097279 secs] 98045K->13754K(502464K), 0,0098000 secs] [Times: user=0,04 sys=0,00, real=0,01 secs] 
Heap after GC invocations=4 (full 1):
 par new generation   total 109248K, used 13754K [0x00000000e0000000, 0x00000000e8000000, 0x00000000e8000000)
  eden space 87424K,   0% used [0x00000000e0000000, 0x00000000e0000000, 0x00000000e5560000)
  from space 21824K,  63% used [0x00000000e5560000, 0x00000000e62ce960, 0x00000000e6ab0000)
  to   space 21824K,   0% used [0x00000000e6ab0000, 0x00000000e6ab0000, 0x00000000e8000000)
 concurrent mark-sweep generation total 393216K, used 0K [0x00000000e8000000, 0x0000000100000000, 0x0000000100000000)
 Metaspace       used 21342K, capacity 21706K, committed 21884K, reserved 1069056K
  class space    used 2454K, capacity 2606K, committed 2684K, reserved 1048576K
}
2018-06-19T12:18:57.165+0200: 1,974: Total time for which application threads were stopped: 0,0105720 seconds, Stopping threads took: 0,0005970 seconds
2018-06-19T12:18:57.165+0200: 1,974: [CMS-concurrent-abortable-preclean: 0,069/0,145 secs] [Times: user=0,55 sys=0,01, real=0,15 secs] 
2018-06-19T12:18:57.185+0200: 1,994: [GC (CMS Final Remark) [YG occupancy: 33015 K (109248 K)]{Heap before GC invocations=4 (full 1):
 par new generation   total 109248K, used 33015K [0x00000000e0000000, 0x00000000e8000000, 0x00000000e8000000)
  eden space 87424K,  22% used [0x00000000e0000000, 0x00000000e12cf308, 0x00000000e5560000)
  from space 21824K,  63% used [0x00000000e5560000, 0x00000000e62ce960, 0x00000000e6ab0000)
  to   space 21824K,   0% used [0x00000000e6ab0000, 0x00000000e6ab0000, 0x00000000e8000000)
 concurrent mark-sweep generation total 393216K, used 0K [0x00000000e8000000, 0x0000000100000000, 0x0000000100000000)
 Metaspace       used 21354K, capacity 21738K, committed 21884K, reserved 1069056K
  class space    used 2456K, capacity 2638K, committed 2684K, reserved 1048576K
2018-06-19T12:18:57.185+0200: 1,994: [GC (CMS Final Remark) 2018-06-19T12:18:57.185+0200: 1,994: [ParNew
Desired survivor size 20112992 bytes, new threshold 8 (max 8)
- age   1:     705776 bytes,     705776 total
- age   2:     435744 bytes,    1141520 total
- age   3:    1455480 bytes,    2597000 total
- age   4:     893344 bytes,    3490344 total
- age   5:    6068616 bytes,    9558960 total
: 33015K->10907K(109248K), 0,0090607 secs] 33015K->10907K(502464K), 0,0091106 secs] [Times: user=0,04 sys=0,00, real=0,01 secs] 
Heap after GC invocations=5 (full 1):
 par new generation   total 109248K, used 10907K [0x00000000e0000000, 0x00000000e8000000, 0x00000000e8000000)
  eden space 87424K,   0% used [0x00000000e0000000, 0x00000000e0000000, 0x00000000e5560000)
  from space 21824K,  49% used [0x00000000e6ab0000, 0x00000000e7556dc0, 0x00000000e8000000)
  to   space 21824K,   0% used [0x00000000e5560000, 0x00000000e5560000, 0x00000000e6ab0000)
 concurrent mark-sweep generation total 393216K, used 0K [0x00000000e8000000, 0x0000000100000000, 0x0000000100000000)
 Metaspace       used 21354K, capacity 21738K, committed 21884K, reserved 1069056K
  class space    used 2456K, capacity 2638K, committed 2684K, reserved 1048576K
}
2018-06-19T12:18:57.194+0200: 2,003: [Rescan (parallel) , 0,0031339 secs]2018-06-19T12:18:57.198+0200: 2,007: [weak refs processing, 0,0009121 secs]2018-06-19T12:18:57.198+0200: 2,008: [class unloading, 0,0030518 secs]2018-06-19T12:18:57.202+0200: 2,011: [scrub symbol table, 0,0027674 secs]2018-06-19T12:18:57.204+0200: 2,013: [scrub string table, 0,0003752 secs][1 CMS-remark: 0K(393216K)] 10907K(502464K), 0,0200982 secs] [Times: user=0,06 sys=0,00, real=0,02 secs] 
2018-06-19T12:18:57.205+0200: 2,014: Total time for which application threads were stopped: 0,0213110 seconds, Stopping threads took: 0,0010903 seconds
2018-06-19T12:18:57.205+0200: 2,015: [CMS-concurrent-sweep-start]
2018-06-19T12:18:57.206+0200: 2,015: [CMS-concurrent-sweep: 0,000/0,000 secs] [Times: user=0,00 sys=0,00, real=0,00 secs] 
2018-06-19T12:18:57.206+0200: 2,015: [CMS-concurrent-reset-start]
2018-06-19T12:18:57.209+0200: 2,018: [CMS-concurrent-reset: 0,003/0,003 secs] [Times: user=0,01 sys=0,01, real=0,00 secs] 
2018-06-19T12:18:57.324+0200: 2,133: Total time for which application threads were stopped: 0,0043971 seconds, Stopping threads took: 0,0040415 seconds
{Heap before GC invocations=5 (full 1):
 par new generation   total 109248K, used 98331K [0x00000000e0000000, 0x00000000e8000000, 0x00000000e8000000)
  eden space 87424K, 100% used [0x00000000e0000000, 0x00000000e5560000, 0x00000000e5560000)
  from space 21824K,  49% used [0x00000000e6ab0000, 0x00000000e7556dc0, 0x00000000e8000000)
  to   space 21824K,   0% used [0x00000000e5560000, 0x00000000e5560000, 0x00000000e6ab0000)
 concurrent mark-sweep generation total 393216K, used 0K [0x00000000e8000000, 0x0000000100000000, 0x0000000100000000)
 Metaspace       used 22344K, capacity 22744K, committed 23036K, reserved 1069056K
  class space    used 2584K, capacity 2737K, committed 2812K, reserved 1048576K
2018-06-19T12:18:57.413+0200: 2,223: [GC (Allocation Failure) 2018-06-19T12:18:57.414+0200: 2,223: [ParNew
Desired survivor size 20112992 bytes, new threshold 8 (max 8)
- age   1:    1344296 bytes,    1344296 total
- age   2:      20696 bytes,    1364992 total
- age   3:     194088 bytes,    1559080 total
- age   4:     288720 bytes,    1847800 total
- age   5:     891328 bytes,    2739128 total
- age   6:    6068664 bytes,    8807792 total
: 98331K->12546K(109248K), 0,0090155 secs] 98331K->12546K(502464K), 0,0091007 secs] [Times: user=0,03 sys=0,00, real=0,00 secs] 
Heap after GC invocations=6 (full 1):
 par new generation   total 109248K, used 12546K [0x00000000e0000000, 0x00000000e8000000, 0x00000000e8000000)
  eden space 87424K,   0% used [0x00000000e0000000, 0x00000000e0000000, 0x00000000e5560000)
  from space 21824K,  57% used [0x00000000e5560000, 0x00000000e61a0b00, 0x00000000e6ab0000)
  to   space 21824K,   0% used [0x00000000e6ab0000, 0x00000000e6ab0000, 0x00000000e8000000)
 concurrent mark-sweep generation total 393216K, used 0K [0x00000000e8000000, 0x0000000100000000, 0x0000000100000000)
 Metaspace       used 22344K, capacity 22744K, committed 23036K, reserved 1069056K
  class space    used 2584K, capacity 2737K, committed 2812K, reserved 1048576K
}
2018-06-19T12:18:57.423+0200: 2,232: Total time for which application threads were stopped: 0,0093515 seconds, Stopping threads took: 0,0000517 seconds
2018-06-19T12:18:57.606+0200: 2,415: Total time for which application threads were stopped: 0,0004559 seconds, Stopping threads took: 0,0000268 seconds
2018-06-19T12:18:57.618+0200: 2,427: Total time for which application threads were stopped: 0,0004896 seconds, Stopping threads took: 0,0001002 seconds
2018-06-19T12:18:58.000+0200: 2,809: Total time for which application threads were stopped: 0,0016082 seconds, Stopping threads took: 0,0011352 seconds
2018-06-19T12:18:58.015+0200: 2,824: Total time for which application threads were stopped: 0,0004614 seconds, Stopping threads took: 0,0000287 seconds
{Heap before GC invocations=6 (full 1):
 par new generation   total 109248K, used 99970K [0x00000000e0000000, 0x00000000e8000000, 0x00000000e8000000)
  eden space 87424K, 100% used [0x00000000e0000000, 0x00000000e5560000, 0x00000000e5560000)
  from space 21824K,  57% used [0x00000000e5560000, 0x00000000e61a0b00, 0x00000000e6ab0000)
  to   space 21824K,   0% used [0x00000000e6ab0000, 0x00000000e6ab0000, 0x00000000e8000000)
 concurrent mark-sweep generation total 393216K, used 0K [0x00000000e8000000, 0x0000000100000000, 0x0000000100000000)
 Metaspace       used 26470K, capacity 27036K, committed 27388K, reserved 1073152K
  class space    used 3038K, capacity 3229K, committed 3324K, reserved 1048576K
2018-06-19T12:18:58.045+0200: 2,854: [GC (Allocation Failure) 2018-06-19T12:18:58.045+0200: 2,854: [ParNew
Desired survivor size 20112992 bytes, new threshold 7 (max 8)
- age   1:   12960360 bytes,   12960360 total
- age   2:     460336 bytes,   13420696 total
- age   3:      20664 bytes,   13441360 total
- age   4:     188344 bytes,   13629704 total
- age   5:     282672 bytes,   13912376 total
- age   6:     870720 bytes,   14783096 total
- age   7:    6061360 bytes,   20844456 total
: 99970K->21824K(109248K), 0,0180374 secs] 99970K->21824K(502464K), 0,0181199 secs] [Times: user=0,07 sys=0,00, real=0,01 secs] 
Heap after GC invocations=7 (full 1):
 par new generation   total 109248K, used 21824K [0x00000000e0000000, 0x00000000e8000000, 0x00000000e8000000)
  eden space 87424K,   0% used [0x00000000e0000000, 0x00000000e0000000, 0x00000000e5560000)
  from space 21824K, 100% used [0x00000000e6ab0000, 0x00000000e8000000, 0x00000000e8000000)
  to   space 21824K,   0% used [0x00000000e5560000, 0x00000000e5560000, 0x00000000e6ab0000)
 concurrent mark-sweep generation total 393216K, used 0K [0x00000000e8000000, 0x0000000100000000, 0x0000000100000000)
 Metaspace       used 26470K, capacity 27036K, committed 27388K, reserved 1073152K
  class space    used 3038K, capacity 3229K, committed 3324K, reserved 1048576K
}
2018-06-19T12:18:58.063+0200: 2,872: Total time for which application threads were stopped: 0,0184436 seconds, Stopping threads took: 0,0001217 seconds
2018-06-19T12:18:58.097+0200: 2,906: Total time for which application threads were stopped: 0,0006306 seconds, Stopping threads took: 0,0000809 seconds
2018-06-19T12:18:58.210+0200: 3,019: Total time for which application threads were stopped: 0,0031407 seconds, Stopping threads took: 0,0026385 seconds
{Heap before GC invocations=7 (full 1):
 par new generation   total 109248K, used 109248K [0x00000000e0000000, 0x00000000e8000000, 0x00000000e8000000)
  eden space 87424K, 100% used [0x00000000e0000000, 0x00000000e5560000, 0x00000000e5560000)
  from space 21824K, 100% used [0x00000000e6ab0000, 0x00000000e8000000, 0x00000000e8000000)
  to   space 21824K,   0% used [0x00000000e5560000, 0x00000000e5560000, 0x00000000e6ab0000)
 concurrent mark-sweep generation total 393216K, used 0K [0x00000000e8000000, 0x0000000100000000, 0x0000000100000000)
 Metaspace       used 28091K, capacity 28744K, committed 29052K, reserved 1075200K
  class space    used 3229K, capacity 3429K, committed 3452K, reserved 1048576K
2018-06-19T12:18:58.356+0200: 3,165: [GC (Allocation Failure) 2018-06-19T12:18:58.356+0200: 3,165: [ParNew
Desired survivor size 20112992 bytes, new threshold 8 (max 8)
- age   1:    6162824 bytes,    6162824 total
- age   2:    9395504 bytes,   15558328 total
- age   3:     460280 bytes,   16018608 total
- age   4:      20664 bytes,   16039272 total
- age   5:     188152 bytes,   16227424 total
- age   6:     282416 bytes,   16509840 total
- age   7:     862712 bytes,   17372552 total
: 109248K->21824K(109248K), 0,0814034 secs] 109248K->27817K(502464K), 0,0815038 secs] [Times: user=0,22 sys=0,01, real=0,08 secs] 
Heap after GC invocations=8 (full 1):
 par new generation   total 109248K, used 21824K [0x00000000e0000000, 0x00000000e8000000, 0x00000000e8000000)
  eden space 87424K,   0% used [0x00000000e0000000, 0x00000000e0000000, 0x00000000e5560000)
  from space 21824K, 100% used [0x00000000e5560000, 0x00000000e6ab0000, 0x00000000e6ab0000)
  to   space 21824K,   0% used [0x00000000e6ab0000, 0x00000000e6ab0000, 0x00000000e8000000)
 concurrent mark-sweep generation total 393216K, used 5993K [0x00000000e8000000, 0x0000000100000000, 0x0000000100000000)
 Metaspace       used 28091K, capacity 28744K, committed 29052K, reserved 1075200K
  class space    used 3229K, capacity 3429K, committed 3452K, reserved 1048576K
}
2018-06-19T12:18:58.437+0200: 3,246: Total time for which application threads were stopped: 0,0818143 seconds, Stopping threads took: 0,0000603 seconds
{Heap before GC invocations=8 (full 1):
 par new generation   total 109248K, used 109248K [0x00000000e0000000, 0x00000000e8000000, 0x00000000e8000000)
  eden space 87424K, 100% used [0x00000000e0000000, 0x00000000e5560000, 0x00000000e5560000)
  from space 21824K, 100% used [0x00000000e5560000, 0x00000000e6ab0000, 0x00000000e6ab0000)
  to   space 21824K,   0% used [0x00000000e6ab0000, 0x00000000e6ab0000, 0x00000000e8000000)
 concurrent mark-sweep generation total 393216K, used 5993K [0x00000000e8000000, 0x0000000100000000, 0x0000000100000000)
 Metaspace       used 28147K, capacity 28766K, committed 29052K, reserved 1075200K
  class space    used 3231K, capacity 3433K, committed 3452K, reserved 1048576K
2018-06-19T12:18:58.517+0200: 3,326: [GC (Allocation Failure) 2018-06-19T12:18:58.517+0200: 3,326: [ParNew
Desired survivor size 20112992 bytes, new threshold 8 (max 8)
- age   1:     971000 bytes,     971000 total
- age   2:    4518120 bytes,    5489120 total
- age   3:    9458576 bytes,   14947696 total
- age   4:     460280 bytes,   15407976 total
- age   5:      20664 bytes,   15428640 total
- age   6:     187944 bytes,   15616584 total
- age   7:     282416 bytes,   15899000 total
- age   8:     862712 bytes,   16761712 total
: 109248K->21824K(109248K), 0,0276037 secs] 115241K->27817K(502464K), 0,0276968 secs] [Times: user=0,10 sys=0,01, real=0,03 secs] 
Heap after GC invocations=9 (full 1):
 par new generation   total 109248K, used 21824K [0x00000000e0000000, 0x00000000e8000000, 0x00000000e8000000)
  eden space 87424K,   0% used [0x00000000e0000000, 0x00000000e0000000, 0x00000000e5560000)
  from space 21824K, 100% used [0x00000000e6ab0000, 0x00000000e8000000, 0x00000000e8000000)
  to   space 21824K,   0% used [0x00000000e5560000, 0x00000000e5560000, 0x00000000e6ab0000)
 concurrent mark-sweep generation total 393216K, used 5993K [0x00000000e8000000, 0x0000000100000000, 0x0000000100000000)
 Metaspace       used 28147K, capacity 28766K, committed 29052K, reserved 1075200K
  class space    used 3231K, capacity 3433K, committed 3452K, reserved 1048576K
}
2018-06-19T12:18:58.545+0200: 3,354: Total time for which application threads were stopped: 0,0279658 seconds, Stopping threads took: 0,0000844 seconds
2018-06-19T12:18:59.253+0200: 4,062: Total time for which application threads were stopped: 0,0004107 seconds, Stopping threads took: 0,0000215 seconds
{Heap before GC invocations=9 (full 1):
 par new generation   total 109248K, used 109248K [0x00000000e0000000, 0x00000000e8000000, 0x00000000e8000000)
  eden space 87424K, 100% used [0x00000000e0000000, 0x00000000e5560000, 0x00000000e5560000)
  from space 21824K, 100% used [0x00000000e6ab0000, 0x00000000e8000000, 0x00000000e8000000)
  to   space 21824K,   0% used [0x00000000e5560000, 0x00000000e5560000, 0x00000000e6ab0000)
 concurrent mark-sweep generation total 393216K, used 5993K [0x00000000e8000000, 0x0000000100000000, 0x0000000100000000)
 Metaspace       used 28408K, capacity 29082K, committed 29308K, reserved 1075200K
  class space    used 3244K, capacity 3448K, committed 3452K, reserved 1048576K
2018-06-19T12:19:01.260+0200: 6,069: [GC (Allocation Failure) 2018-06-19T12:19:01.260+0200: 6,069: [ParNew
Desired survivor size 20112992 bytes, new threshold 8 (max 8)
- age   1:    5542168 bytes,    5542168 total
- age   2:     118480 bytes,    5660648 total
- age   3:    4125656 bytes,    9786304 total
- age   4:    8972464 bytes,   18758768 total
- age   5:     460280 bytes,   19219048 total
- age   6:      20664 bytes,   19239712 total
- age   7:     187944 bytes,   19427656 total
- age   8:     282416 bytes,   19710072 total
: 109248K->21824K(109248K), 0,0731978 secs] 115241K->29353K(502464K), 0,0733387 secs] [Times: user=0,09 sys=0,00, real=0,08 secs] 
Heap after GC invocations=10 (full 1):
 par new generation   total 109248K, used 21824K [0x00000000e0000000, 0x00000000e8000000, 0x00000000e8000000)
  eden space 87424K,   0% used [0x00000000e0000000, 0x00000000e0000000, 0x00000000e5560000)
  from space 21824K, 100% used [0x00000000e5560000, 0x00000000e6ab0000, 0x00000000e6ab0000)
  to   space 21824K,   0% used [0x00000000e6ab0000, 0x00000000e6ab0000, 0x00000000e8000000)
 concurrent mark-sweep generation total 393216K, used 7529K [0x00000000e8000000, 0x0000000100000000, 0x0000000100000000)
 Metaspace       used 28408K, capacity 29082K, committed 29308K, reserved 1075200K
  class space    used 3244K, capacity 3448K, committed 3452K, reserved 1048576K
}
2018-06-19T12:19:01.334+0200: 6,143: Total time for which application threads were stopped: 0,0861653 seconds, Stopping threads took: 0,0125657 seconds
2018-06-19T12:19:02.296+0200: 7,105: Total time for which application threads were stopped: 0,0000758 seconds, Stopping threads took: 0,0000167 seconds
2018-06-19T12:19:02.299+0200: 7,109: Total time for which application threads were stopped: 0,0000736 seconds, Stopping threads took: 0,0000191 seconds
2018-06-19T12:19:02.320+0200: 7,129: Total time for which application threads were stopped: 0,0004147 seconds, Stopping threads took: 0,0000159 seconds
2018-06-19T12:19:02.334+0200: 7,144: Total time for which application threads were stopped: 0,0000907 seconds, Stopping threads took: 0,0000279 seconds
2018-06-19T12:19:02.335+0200: 7,144: Total time for which application threads were stopped: 0,0000454 seconds, Stopping threads took: 0,0000176 seconds
2018-06-19T12:19:02.355+0200: 7,164: Total time for which application threads were stopped: 0,0004220 seconds, Stopping threads took: 0,0000268 seconds
2018-06-19T12:19:02.455+0200: 7,264: Total time for which application threads were stopped: 0,0002547 seconds, Stopping threads took: 0,0001425 seconds
2018-06-19T12:19:02.480+0200: 7,289: Total time for which application threads were stopped: 0,0001468 seconds, Stopping threads took: 0,0000544 seconds
2018-06-19T12:19:02.480+0200: 7,289: Total time for which application threads were stopped: 0,0001116 seconds, Stopping threads took: 0,0000487 seconds
2018-06-19T12:19:02.480+0200: 7,289: Total time for which application threads were stopped: 0,0000834 seconds, Stopping threads took: 0,0000366 seconds
2018-06-19T12:19:02.481+0200: 7,290: Total time for which application threads were stopped: 0,0000761 seconds, Stopping threads took: 0,0000278 seconds
2018-06-19T12:19:02.481+0200: 7,290: Total time for which application threads were stopped: 0,0000502 seconds, Stopping threads took: 0,0000138 seconds
2018-06-19T12:19:02.481+0200: 7,290: Total time for which application threads were stopped: 0,0000949 seconds, Stopping threads took: 0,0000380 seconds
2018-06-19T12:19:02.481+0200: 7,290: Total time for which application threads were stopped: 0,0000678 seconds, Stopping threads took: 0,0000172 seconds
2018-06-19T12:19:02.490+0200: 7,299: Total time for which application threads were stopped: 0,0001211 seconds, Stopping threads took: 0,0000374 seconds
2018-06-19T12:19:02.568+0200: 7,377: Total time for which application threads were stopped: 0,0004341 seconds, Stopping threads took: 0,0000283 seconds
2018-06-19T12:19:02.569+0200: 7,378: Total time for which application threads were stopped: 0,0004116 seconds, Stopping threads took: 0,0000106 seconds
2018-06-19T12:19:02.794+0200: 7,603: Total time for which application threads were stopped: 0,0002105 seconds, Stopping threads took: 0,0000534 seconds
{Heap before GC invocations=10 (full 1):
 par new generation   total 109248K, used 109248K [0x00000000e0000000, 0x00000000e8000000, 0x00000000e8000000)
  eden space 87424K, 100% used [0x00000000e0000000, 0x00000000e5560000, 0x00000000e5560000)
  from space 21824K, 100% used [0x00000000e5560000, 0x00000000e6ab0000, 0x00000000e6ab0000)
  to   space 21824K,   0% used [0x00000000e6ab0000, 0x00000000e6ab0000, 0x00000000e8000000)
 concurrent mark-sweep generation total 393216K, used 7529K [0x00000000e8000000, 0x0000000100000000, 0x0000000100000000)
 Metaspace       used 30589K, capacity 31278K, committed 31356K, reserved 1077248K
  class space    used 3490K, capacity 3708K, committed 3708K, reserved 1048576K
2018-06-19T12:19:02.958+0200: 7,767: [GC (Allocation Failure) 2018-06-19T12:19:02.958+0200: 7,767: [ParNew
Desired survivor size 20112992 bytes, new threshold 6 (max 8)
- age   1:    2884128 bytes,    2884128 total
- age   2:    5441480 bytes,    8325608 total
- age   3:     116728 bytes,    8442336 total
- age   4:    3733272 bytes,   12175608 total
- age   5:    7588544 bytes,   19764152 total
- age   6:     459160 bytes,   20223312 total
- age   7:      20664 bytes,   20243976 total
- age   8:     186536 bytes,   20430512 total
: 109248K->21824K(109248K), 0,0210098 secs] 116777K->31466K(502464K), 0,0210870 secs] [Times: user=0,07 sys=0,00, real=0,02 secs] 
Heap after GC invocations=11 (full 1):
 par new generation   total 109248K, used 21824K [0x00000000e0000000, 0x00000000e8000000, 0x00000000e8000000)
  eden space 87424K,   0% used [0x00000000e0000000, 0x00000000e0000000, 0x00000000e5560000)
  from space 21824K, 100% used [0x00000000e6ab0000, 0x00000000e8000000, 0x00000000e8000000)
  to   space 21824K,   0% used [0x00000000e5560000, 0x00000000e5560000, 0x00000000e6ab0000)
 concurrent mark-sweep generation total 393216K, used 9642K [0x00000000e8000000, 0x0000000100000000, 0x0000000100000000)
 Metaspace       used 30589K, capacity 31278K, committed 31356K, reserved 1077248K
  class space    used 3490K, capacity 3708K, committed 3708K, reserved 1048576K
}
2018-06-19T12:19:02.979+0200: 7,788: Total time for which application threads were stopped: 0,0214460 seconds, Stopping threads took: 0,0000589 seconds
2018-06-19T12:19:03.054+0200: 7,863: Total time for which application threads were stopped: 0,0001903 seconds, Stopping threads took: 0,0000347 seconds
2018-06-19T12:19:03.060+0200: 7,869: Total time for which application threads were stopped: 0,0001365 seconds, Stopping threads took: 0,0000259 seconds
2018-06-19T12:19:03.085+0200: 7,894: Total time for which application threads were stopped: 0,0006820 seconds, Stopping threads took: 0,0005619 seconds
2018-06-19T12:19:03.112+0200: 7,921: Total time for which application threads were stopped: 0,0001900 seconds, Stopping threads took: 0,0000493 seconds
2018-06-19T12:19:03.197+0200: 8,006: Total time for which application threads were stopped: 0,0055743 seconds, Stopping threads took: 0,0052703 seconds
2018-06-19T12:19:03.211+0200: 8,020: Total time for which application threads were stopped: 0,0012323 seconds, Stopping threads took: 0,0005622 seconds
2018-06-19T12:19:03.216+0200: 8,025: Total time for which application threads were stopped: 0,0001852 seconds, Stopping threads took: 0,0000676 seconds
{Heap before GC invocations=11 (full 1):
 par new generation   total 109248K, used 109248K [0x00000000e0000000, 0x00000000e8000000, 0x00000000e8000000)
  eden space 87424K, 100% used [0x00000000e0000000, 0x00000000e5560000, 0x00000000e5560000)
  from space 21824K, 100% used [0x00000000e6ab0000, 0x00000000e8000000, 0x00000000e8000000)
  to   space 21824K,   0% used [0x00000000e5560000, 0x00000000e5560000, 0x00000000e6ab0000)
 concurrent mark-sweep generation total 393216K, used 9642K [0x00000000e8000000, 0x0000000100000000, 0x0000000100000000)
 Metaspace       used 30628K, capacity 31342K, committed 31612K, reserved 1077248K
  class space    used 3491K, capacity 3708K, committed 3708K, reserved 1048576K
2018-06-19T12:19:03.477+0200: 8,286: [GC (Allocation Failure) 2018-06-19T12:19:03.477+0200: 8,286: [ParNew
Desired survivor size 20112992 bytes, new threshold 6 (max 8)
- age   1:    1427192 bytes,    1427192 total
- age   2:    1959408 bytes,    3386600 total
- age   3:    5309048 bytes,    8695648 total
- age   4:      97960 bytes,    8793608 total
- age   5:    5635304 bytes,   14428912 total
- age   6:    6418328 bytes,   20847240 total
: 109248K->21824K(109248K), 0,0532915 secs] 118890K->33926K(502464K), 0,0534188 secs] [Times: user=0,11 sys=0,00, real=0,05 secs] 
Heap after GC invocations=12 (full 1):
 par new generation   total 109248K, used 21824K [0x00000000e0000000, 0x00000000e8000000, 0x00000000e8000000)
  eden space 87424K,   0% used [0x00000000e0000000, 0x00000000e0000000, 0x00000000e5560000)
  from space 21824K, 100% used [0x00000000e5560000, 0x00000000e6ab0000, 0x00000000e6ab0000)
  to   space 21824K,   0% used [0x00000000e6ab0000, 0x00000000e6ab0000, 0x00000000e8000000)
 concurrent mark-sweep generation total 393216K, used 12102K [0x00000000e8000000, 0x0000000100000000, 0x0000000100000000)
 Metaspace       used 30628K, capacity 31342K, committed 31612K, reserved 1077248K
  class space    used 3491K, capacity 3708K, committed 3708K, reserved 1048576K
}
2018-06-19T12:19:03.530+0200: 8,339: Total time for which application threads were stopped: 0,0537814 seconds, Stopping threads took: 0,0000660 seconds
2018-06-19T12:19:03.658+0200: 8,467: Total time for which application threads were stopped: 0,0143709 seconds, Stopping threads took: 0,0141303 seconds
2018-06-19T12:19:03.661+0200: 8,470: Total time for which application threads were stopped: 0,0001264 seconds, Stopping threads took: 0,0000278 seconds
2018-06-19T12:19:03.661+0200: 8,470: Total time for which application threads were stopped: 0,0000663 seconds, Stopping threads took: 0,0000117 seconds
2018-06-19T12:19:03.661+0200: 8,470: Total time for which application threads were stopped: 0,0000640 seconds, Stopping threads took: 0,0000108 seconds
2018-06-19T12:19:03.661+0200: 8,470: Total time for which application threads were stopped: 0,0000555 seconds, Stopping threads took: 0,0000109 seconds
2018-06-19T12:19:03.683+0200: 8,492: Total time for which application threads were stopped: 0,0069757 seconds, Stopping threads took: 0,0068419 seconds
2018-06-19T12:19:03.684+0200: 8,493: Total time for which application threads were stopped: 0,0001258 seconds, Stopping threads took: 0,0000295 seconds
2018-06-19T12:19:03.795+0200: 8,604: Total time for which application threads were stopped: 0,0009344 seconds, Stopping threads took: 0,0008272 seconds
2018-06-19T12:19:03.809+0200: 8,618: Total time for which application threads were stopped: 0,0012489 seconds, Stopping threads took: 0,0003121 seconds
2018-06-19T12:19:03.848+0200: 8,657: Total time for which application threads were stopped: 0,0018272 seconds, Stopping threads took: 0,0016819 seconds
2018-06-19T12:19:03.878+0200: 8,687: Total time for which application threads were stopped: 0,0001960 seconds, Stopping threads took: 0,0000528 seconds
2018-06-19T12:19:03.881+0200: 8,690: Total time for which application threads were stopped: 0,0001880 seconds, Stopping threads took: 0,0000607 seconds
{Heap before GC invocations=12 (full 1):
 par new generation   total 109248K, used 109248K [0x00000000e0000000, 0x00000000e8000000, 0x00000000e8000000)
  eden space 87424K, 100% used [0x00000000e0000000, 0x00000000e5560000, 0x00000000e5560000)
  from space 21824K, 100% used [0x00000000e5560000, 0x00000000e6ab0000, 0x00000000e6ab0000)
  to   space 21824K,   0% used [0x00000000e6ab0000, 0x00000000e6ab0000, 0x00000000e8000000)
 concurrent mark-sweep generation total 393216K, used 12102K [0x00000000e8000000, 0x0000000100000000, 0x0000000100000000)
 Metaspace       used 30827K, capacity 31534K, committed 31612K, reserved 1077248K
  class space    used 3508K, capacity 3708K, committed 3708K, reserved 1048576K
2018-06-19T12:19:03.943+0200: 8,752: [GC (Allocation Failure) 2018-06-19T12:19:03.943+0200: 8,752: [ParNew
Desired survivor size 20112992 bytes, new threshold 8 (max 8)
- age   1:    1928672 bytes,    1928672 total
- age   2:    1016768 bytes,    2945440 total
- age   3:    1841984 bytes,    4787424 total
- age   4:    5309016 bytes,   10096440 total
- age   5:      97960 bytes,   10194400 total
- age   6:    3407032 bytes,   13601432 total
: 109248K->21824K(109248K), 0,0655605 secs] 121350K->40993K(502464K), 0,0657172 secs] [Times: user=0,12 sys=0,00, real=0,07 secs] 
Heap after GC invocations=13 (full 1):
 par new generation   total 109248K, used 21824K [0x00000000e0000000, 0x00000000e8000000, 0x00000000e8000000)
  eden space 87424K,   0% used [0x00000000e0000000, 0x00000000e0000000, 0x00000000e5560000)
  from space 21824K, 100% used [0x00000000e6ab0000, 0x00000000e8000000, 0x00000000e8000000)
  to   space 21824K,   0% used [0x00000000e5560000, 0x00000000e5560000, 0x00000000e6ab0000)
 concurrent mark-sweep generation total 393216K, used 19169K [0x00000000e8000000, 0x0000000100000000, 0x0000000100000000)
 Metaspace       used 30827K, capacity 31534K, committed 31612K, reserved 1077248K
  class space    used 3508K, capacity 3708K, committed 3708K, reserved 1048576K
}
2018-06-19T12:19:04.009+0200: 8,818: Total time for which application threads were stopped: 0,0660550 seconds, Stopping threads took: 0,0000706 seconds
{Heap before GC invocations=13 (full 1):
 par new generation   total 109248K, used 109248K [0x00000000e0000000, 0x00000000e8000000, 0x00000000e8000000)
  eden space 87424K, 100% used [0x00000000e0000000, 0x00000000e5560000, 0x00000000e5560000)
  from space 21824K, 100% used [0x00000000e6ab0000, 0x00000000e8000000, 0x00000000e8000000)
  to   space 21824K,   0% used [0x00000000e5560000, 0x00000000e5560000, 0x00000000e6ab0000)
 concurrent mark-sweep generation total 393216K, used 19169K [0x00000000e8000000, 0x0000000100000000, 0x0000000100000000)
 Metaspace       used 30872K, capacity 31630K, committed 31996K, reserved 1077248K
  class space    used 3512K, capacity 3740K, committed 3836K, reserved 1048576K
2018-06-19T12:19:04.222+0200: 9,031: [GC (Allocation Failure) 2018-06-19T12:19:04.222+0200: 9,031: [ParNew
Desired survivor size 20112992 bytes, new threshold 8 (max 8)
- age   1:    1509800 bytes,    1509800 total
- age   2:     948168 bytes,    2457968 total
- age   3:     143696 bytes,    2601664 total
- age   4:    1143328 bytes,    3744992 total
- age   5:    5309016 bytes,    9054008 total
- age   6:      97960 bytes,    9151968 total
- age   7:    3407032 bytes,   12559000 total
: 109248K->18215K(109248K), 0,0181541 secs] 128417K->37385K(502464K), 0,0182537 secs] [Times: user=0,04 sys=0,00, real=0,02 secs] 
Heap after GC invocations=14 (full 1):
 par new generation   total 109248K, used 18215K [0x00000000e0000000, 0x00000000e8000000, 0x00000000e8000000)
  eden space 87424K,   0% used [0x00000000e0000000, 0x00000000e0000000, 0x00000000e5560000)
  from space 21824K,  83% used [0x00000000e5560000, 0x00000000e6729e60, 0x00000000e6ab0000)
  to   space 21824K,   0% used [0x00000000e6ab0000, 0x00000000e6ab0000, 0x00000000e8000000)
 concurrent mark-sweep generation total 393216K, used 19169K [0x00000000e8000000, 0x0000000100000000, 0x0000000100000000)
 Metaspace       used 30872K, capacity 31630K, committed 31996K, reserved 1077248K
  class space    used 3512K, capacity 3740K, committed 3836K, reserved 1048576K
}
2018-06-19T12:19:04.240+0200: 9,049: Total time for which application threads were stopped: 0,0185955 seconds, Stopping threads took: 0,0000552 seconds
{Heap before GC invocations=14 (full 1):
 par new generation   total 109248K, used 105621K [0x00000000e0000000, 0x00000000e8000000, 0x00000000e8000000)
  eden space 87424K,  99% used [0x00000000e0000000, 0x00000000e555b898, 0x00000000e5560000)
  from space 21824K,  83% used [0x00000000e5560000, 0x00000000e6729e60, 0x00000000e6ab0000)
  to   space 21824K,   0% used [0x00000000e6ab0000, 0x00000000e6ab0000, 0x00000000e8000000)
 concurrent mark-sweep generation total 393216K, used 19169K [0x00000000e8000000, 0x0000000100000000, 0x0000000100000000)
 Metaspace       used 30876K, capacity 31630K, committed 31996K, reserved 1077248K
  class space    used 3512K, capacity 3740K, committed 3836K, reserved 1048576K
2018-06-19T12:19:04.491+0200: 9,300: [GC (Allocation Failure) 2018-06-19T12:19:04.491+0200: 9,300: [ParNew
Desired survivor size 20112992 bytes, new threshold 8 (max 8)
- age   1:    1578632 bytes,    1578632 total
- age   2:     995280 bytes,    2573912 total
- age   3:     948072 bytes,    3521984 total
- age   4:     143696 bytes,    3665680 total
- age   5:    1142512 bytes,    4808192 total
- age   6:    5308984 bytes,   10117176 total
- age   7:      97960 bytes,   10215136 total
- age   8:    3407032 bytes,   13622168 total
: 105621K->14617K(109248K), 0,0175974 secs] 124791K->33787K(502464K), 0,0177576 secs] [Times: user=0,07 sys=0,00, real=0,02 secs] 
Heap after GC invocations=15 (full 1):
 par new generation   total 109248K, used 14617K [0x00000000e0000000, 0x00000000e8000000, 0x00000000e8000000)
  eden space 87424K,   0% used [0x00000000e0000000, 0x00000000e0000000, 0x00000000e5560000)
  from space 21824K,  66% used [0x00000000e6ab0000, 0x00000000e78f6628, 0x00000000e8000000)
  to   space 21824K,   0% used [0x00000000e5560000, 0x00000000e5560000, 0x00000000e6ab0000)
 concurrent mark-sweep generation total 393216K, used 19169K [0x00000000e8000000, 0x0000000100000000, 0x0000000100000000)
 Metaspace       used 30876K, capacity 31630K, committed 31996K, reserved 1077248K
  class space    used 3512K, capacity 3740K, committed 3836K, reserved 1048576K
}
2018-06-19T12:19:04.509+0200: 9,318: Total time for which application threads were stopped: 0,0180818 seconds, Stopping threads took: 0,0000379 seconds
2018-06-19T12:19:04.598+0200: 9,407: Total time for which application threads were stopped: 0,0001977 seconds, Stopping threads took: 0,0000668 seconds
2018-06-19T12:19:04.609+0200: 9,418: Total time for which application threads were stopped: 0,0001601 seconds, Stopping threads took: 0,0000611 seconds
2018-06-19T12:19:04.614+0200: 9,423: Total time for which application threads were stopped: 0,0001794 seconds, Stopping threads took: 0,0000692 seconds
2018-06-19T12:19:04.614+0200: 9,423: Total time for which application threads were stopped: 0,0001520 seconds, Stopping threads took: 0,0000592 seconds
{Heap before GC invocations=15 (full 1):
 par new generation   total 109248K, used 102041K [0x00000000e0000000, 0x00000000e8000000, 0x00000000e8000000)
  eden space 87424K, 100% used [0x00000000e0000000, 0x00000000e5560000, 0x00000000e5560000)
  from space 21824K,  66% used [0x00000000e6ab0000, 0x00000000e78f6628, 0x00000000e8000000)
  to   space 21824K,   0% used [0x00000000e5560000, 0x00000000e5560000, 0x00000000e6ab0000)
 concurrent mark-sweep generation total 393216K, used 19169K [0x00000000e8000000, 0x0000000100000000, 0x0000000100000000)
 Metaspace       used 30884K, capacity 31630K, committed 31996K, reserved 1077248K
  class space    used 3512K, capacity 3740K, committed 3836K, reserved 1048576K
2018-06-19T12:19:04.678+0200: 9,487: [GC (Allocation Failure) 2018-06-19T12:19:04.678+0200: 9,487: [ParNew
Desired survivor size 20112992 bytes, new threshold 8 (max 8)
- age   1:    1836904 bytes,    1836904 total
- age   2:    1096208 bytes,    2933112 total
- age   3:     941480 bytes,    3874592 total
- age   4:     838672 bytes,    4713264 total
- age   5:     143664 bytes,    4856928 total
- age   6:    1142512 bytes,    5999440 total
- age   7:    5341768 bytes,   11341208 total
- age   8:      97960 bytes,   11439168 total
: 102041K->18521K(109248K), 0,0205573 secs] 121211K->41028K(502464K), 0,0206731 secs] [Times: user=0,07 sys=0,01, real=0,02 secs] 
Heap after GC invocations=16 (full 1):
 par new generation   total 109248K, used 18521K [0x00000000e0000000, 0x00000000e8000000, 0x00000000e8000000)
  eden space 87424K,   0% used [0x00000000e0000000, 0x00000000e0000000, 0x00000000e5560000)
  from space 21824K,  84% used [0x00000000e5560000, 0x00000000e6776780, 0x00000000e6ab0000)
  to   space 21824K,   0% used [0x00000000e6ab0000, 0x00000000e6ab0000, 0x00000000e8000000)
 concurrent mark-sweep generation total 393216K, used 22506K [0x00000000e8000000, 0x0000000100000000, 0x0000000100000000)
 Metaspace       used 30884K, capacity 31630K, committed 31996K, reserved 1077248K
  class space    used 3512K, capacity 3740K, committed 3836K, reserved 1048576K
}
2018-06-19T12:19:04.699+0200: 9,508: Total time for which application threads were stopped: 0,0225245 seconds, Stopping threads took: 0,0016116 seconds
2018-06-19T12:19:04.756+0200: 9,565: Total time for which application threads were stopped: 0,0032581 seconds, Stopping threads took: 0,0031324 seconds
2018-06-19T12:19:04.772+0200: 9,581: Total time for which application threads were stopped: 0,0001851 seconds, Stopping threads took: 0,0000711 seconds
2018-06-19T12:19:04.792+0200: 9,601: Total time for which application threads were stopped: 0,0001805 seconds, Stopping threads took: 0,0000777 seconds
{Heap before GC invocations=16 (full 1):
 par new generation   total 109248K, used 105945K [0x00000000e0000000, 0x00000000e8000000, 0x00000000e8000000)
  eden space 87424K, 100% used [0x00000000e0000000, 0x00000000e5560000, 0x00000000e5560000)
  from space 21824K,  84% used [0x00000000e5560000, 0x00000000e6776780, 0x00000000e6ab0000)
  to   space 21824K,   0% used [0x00000000e6ab0000, 0x00000000e6ab0000, 0x00000000e8000000)
 concurrent mark-sweep generation total 393216K, used 22506K [0x00000000e8000000, 0x0000000100000000, 0x0000000100000000)
 Metaspace       used 30931K, capacity 31700K, committed 31996K, reserved 1077248K
  class space    used 3513K, capacity 3741K, committed 3836K, reserved 1048576K
2018-06-19T12:19:04.865+0200: 9,675: [GC (Allocation Failure) 2018-06-19T12:19:04.866+0200: 9,675: [ParNew
Desired survivor size 20112992 bytes, new threshold 8 (max 8)
- age   1:    1592168 bytes,    1592168 total
- age   2:     701224 bytes,    2293392 total
- age   3:     117184 bytes,    2410576 total
- age   4:     273648 bytes,    2684224 total
- age   5:     241352 bytes,    2925576 total
- age   6:     143664 bytes,    3069240 total
- age   7:    1142368 bytes,    4211608 total
- age   8:    5308984 bytes,    9520592 total
: 105945K->12750K(109248K), 0,0265457 secs] 128452K->35353K(502464K), 0,0266539 secs] [Times: user=0,08 sys=0,01, real=0,03 secs] 
Heap after GC invocations=17 (full 1):
 par new generation   total 109248K, used 12750K [0x00000000e0000000, 0x00000000e8000000, 0x00000000e8000000)
  eden space 87424K,   0% used [0x00000000e0000000, 0x00000000e0000000, 0x00000000e5560000)
  from space 21824K,  58% used [0x00000000e6ab0000, 0x00000000e7723800, 0x00000000e8000000)
  to   space 21824K,   0% used [0x00000000e5560000, 0x00000000e5560000, 0x00000000e6ab0000)
 concurrent mark-sweep generation total 393216K, used 22603K [0x00000000e8000000, 0x0000000100000000, 0x0000000100000000)
 Metaspace       used 30931K, capacity 31700K, committed 31996K, reserved 1077248K
  class space    used 3513K, capacity 3741K, committed 3836K, reserved 1048576K
}
2018-06-19T12:19:04.892+0200: 9,701: Total time for which application threads were stopped: 0,0269580 seconds, Stopping threads took: 0,0000422 seconds
{Heap before GC invocations=17 (full 1):
 par new generation   total 109248K, used 100174K [0x00000000e0000000, 0x00000000e8000000, 0x00000000e8000000)
  eden space 87424K, 100% used [0x00000000e0000000, 0x00000000e5560000, 0x00000000e5560000)
  from space 21824K,  58% used [0x00000000e6ab0000, 0x00000000e7723800, 0x00000000e8000000)
  to   space 21824K,   0% used [0x00000000e5560000, 0x00000000e5560000, 0x00000000e6ab0000)
 concurrent mark-sweep generation total 393216K, used 22603K [0x00000000e8000000, 0x0000000100000000, 0x0000000100000000)
 Metaspace       used 30937K, capacity 31700K, committed 31996K, reserved 1077248K
  class space    used 3513K, capacity 3741K, committed 3836K, reserved 1048576K
2018-06-19T12:19:05.024+0200: 9,833: [GC (Allocation Failure) 2018-06-19T12:19:05.024+0200: 9,833: [ParNew
Desired survivor size 20112992 bytes, new threshold 8 (max 8)
- age   1:    1579816 bytes,    1579816 total
- age   2:    1194344 bytes,    2774160 total
- age   3:     701088 bytes,    3475248 total
- age   4:     117184 bytes,    3592432 total
- age   5:     272832 bytes,    3865264 total
- age   6:     241352 bytes,    4106616 total
- age   7:     143664 bytes,    4250280 total
- age   8:    1141944 bytes,    5392224 total
: 100174K->8332K(109248K), 0,0363960 secs] 122777K->36263K(502464K), 0,0365031 secs] [Times: user=0,09 sys=0,00, real=0,03 secs] 
Heap after GC invocations=18 (full 1):
 par new generation   total 109248K, used 8332K [0x00000000e0000000, 0x00000000e8000000, 0x00000000e8000000)
  eden space 87424K,   0% used [0x00000000e0000000, 0x00000000e0000000, 0x00000000e5560000)
  from space 21824K,  38% used [0x00000000e5560000, 0x00000000e5d832f0, 0x00000000e6ab0000)
  to   space 21824K,   0% used [0x00000000e6ab0000, 0x00000000e6ab0000, 0x00000000e8000000)
 concurrent mark-sweep generation total 393216K, used 27930K [0x00000000e8000000, 0x0000000100000000, 0x0000000100000000)
 Metaspace       used 30937K, capacity 31700K, committed 31996K, reserved 1077248K
  class space    used 3513K, capacity 3741K, committed 3836K, reserved 1048576K
}
2018-06-19T12:19:05.061+0200: 9,870: Total time for which application threads were stopped: 0,0368761 seconds, Stopping threads took: 0,0001267 seconds
{Heap before GC invocations=18 (full 1):
 par new generation   total 109248K, used 95756K [0x00000000e0000000, 0x00000000e8000000, 0x00000000e8000000)
  eden space 87424K, 100% used [0x00000000e0000000, 0x00000000e5560000, 0x00000000e5560000)
  from space 21824K,  38% used [0x00000000e5560000, 0x00000000e5d832f0, 0x00000000e6ab0000)
  to   space 21824K,   0% used [0x00000000e6ab0000, 0x00000000e6ab0000, 0x00000000e8000000)
 concurrent mark-sweep generation total 393216K, used 27930K [0x00000000e8000000, 0x0000000100000000, 0x0000000100000000)
 Metaspace       used 30946K, capacity 31700K, committed 31996K, reserved 1077248K
  class space    used 3513K, capacity 3741K, committed 3836K, reserved 1048576K
2018-06-19T12:19:05.224+0200: 10,033: [GC (Allocation Failure) 2018-06-19T12:19:05.224+0200: 10,033: [ParNew
Desired survivor size 20112992 bytes, new threshold 8 (max 8)
- age   1:    1649496 bytes,    1649496 total
- age   2:    1101112 bytes,    2750608 total
- age   3:    1145120 bytes,    3895728 total
- age   4:     701088 bytes,    4596816 total
- age   5:     117184 bytes,    4714000 total
- age   6:     272776 bytes,    4986776 total
- age   7:     241352 bytes,    5228128 total
- age   8:     143616 bytes,    5371744 total
: 95756K->6893K(109248K), 0,0125149 secs] 123687K->35945K(502464K), 0,0126132 secs] [Times: user=0,03 sys=0,00, real=0,01 secs] 
Heap after GC invocations=19 (full 1):
 par new generation   total 109248K, used 6893K [0x00000000e0000000, 0x00000000e8000000, 0x00000000e8000000)
  eden space 87424K,   0% used [0x00000000e0000000, 0x00000000e0000000, 0x00000000e5560000)
  from space 21824K,  31% used [0x00000000e6ab0000, 0x00000000e716b748, 0x00000000e8000000)
  to   space 21824K,   0% used [0x00000000e5560000, 0x00000000e5560000, 0x00000000e6ab0000)
 concurrent mark-sweep generation total 393216K, used 29051K [0x00000000e8000000, 0x0000000100000000, 0x0000000100000000)
 Metaspace       used 30946K, capacity 31700K, committed 31996K, reserved 1077248K
  class space    used 3513K, capacity 3741K, committed 3836K, reserved 1048576K
}
2018-06-19T12:19:05.237+0200: 10,046: Total time for which application threads were stopped: 0,0129002 seconds, Stopping threads took: 0,0000484 seconds
{Heap before GC invocations=19 (full 1):
 par new generation   total 109248K, used 94317K [0x00000000e0000000, 0x00000000e8000000, 0x00000000e8000000)
  eden space 87424K, 100% used [0x00000000e0000000, 0x00000000e5560000, 0x00000000e5560000)
  from space 21824K,  31% used [0x00000000e6ab0000, 0x00000000e716b748, 0x00000000e8000000)
  to   space 21824K,   0% used [0x00000000e5560000, 0x00000000e5560000, 0x00000000e6ab0000)
 concurrent mark-sweep generation total 393216K, used 29051K [0x00000000e8000000, 0x0000000100000000, 0x0000000100000000)
 Metaspace       used 30973K, capacity 31764K, committed 31996K, reserved 1077248K
  class space    used 3513K, capacity 3741K, committed 3836K, reserved 1048576K
2018-06-19T12:19:05.363+0200: 10,172: [GC (Allocation Failure) 2018-06-19T12:19:05.363+0200: 10,172: [ParNew
Desired survivor size 20112992 bytes, new threshold 8 (max 8)
- age   1:    2060360 bytes,    2060360 total
- age   2:    1000680 bytes,    3061040 total
- age   3:     904304 bytes,    3965344 total
- age   4:    1145120 bytes,    5110464 total
- age   5:     701088 bytes,    5811552 total
- age   6:     117184 bytes,    5928736 total
- age   7:     272776 bytes,    6201512 total
- age   8:     241352 bytes,    6442864 total
: 94317K->7781K(109248K), 0,0176835 secs] 123369K->36973K(502464K), 0,0177734 secs] [Times: user=0,04 sys=0,01, real=0,02 secs] 
Heap after GC invocations=20 (full 1):
 par new generation   total 109248K, used 7781K [0x00000000e0000000, 0x00000000e8000000, 0x00000000e8000000)
  eden space 87424K,   0% used [0x00000000e0000000, 0x00000000e0000000, 0x00000000e5560000)
  from space 21824K,  35% used [0x00000000e5560000, 0x00000000e5cf96e0, 0x00000000e6ab0000)
  to   space 21824K,   0% used [0x00000000e6ab0000, 0x00000000e6ab0000, 0x00000000e8000000)
 concurrent mark-sweep generation total 393216K, used 29191K [0x00000000e8000000, 0x0000000100000000, 0x0000000100000000)
 Metaspace       used 30973K, capacity 31764K, committed 31996K, reserved 1077248K
  class space    used 3513K, capacity 3741K, committed 3836K, reserved 1048576K
}
2018-06-19T12:19:05.381+0200: 10,190: Total time for which application threads were stopped: 0,0180374 seconds, Stopping threads took: 0,0000356 seconds
{Heap before GC invocations=20 (full 1):
 par new generation   total 109248K, used 95205K [0x00000000e0000000, 0x00000000e8000000, 0x00000000e8000000)
  eden space 87424K, 100% used [0x00000000e0000000, 0x00000000e5560000, 0x00000000e5560000)
  from space 21824K,  35% used [0x00000000e5560000, 0x00000000e5cf96e0, 0x00000000e6ab0000)
  to   space 21824K,   0% used [0x00000000e6ab0000, 0x00000000e6ab0000, 0x00000000e8000000)
 concurrent mark-sweep generation total 393216K, used 29191K [0x00000000e8000000, 0x0000000100000000, 0x0000000100000000)
 Metaspace       used 30988K, capacity 31764K, committed 31996K, reserved 1077248K
  class space    used 3513K, capacity 3741K, committed 3836K, reserved 1048576K
2018-06-19T12:19:05.496+0200: 10,305: [GC (Allocation Failure) 2018-06-19T12:19:05.496+0200: 10,305: [ParNew
Desired survivor size 20112992 bytes, new threshold 8 (max 8)
- age   1:    2084528 bytes,    2084528 total
- age   2:    1274896 bytes,    3359424 total
- age   3:     902304 bytes,    4261728 total
- age   4:     904304 bytes,    5166032 total
- age   5:    1145120 bytes,    6311152 total
- age   6:     701088 bytes,    7012240 total
- age   7:     117184 bytes,    7129424 total
- age   8:     272776 bytes,    7402200 total
: 95205K->9392K(109248K), 0,0108602 secs] 124397K->38820K(502464K), 0,0109633 secs] [Times: user=0,04 sys=0,00, real=0,01 secs] 
Heap after GC invocations=21 (full 1):
 par new generation   total 109248K, used 9392K [0x00000000e0000000, 0x00000000e8000000, 0x00000000e8000000)
  eden space 87424K,   0% used [0x00000000e0000000, 0x00000000e0000000, 0x00000000e5560000)
  from space 21824K,  43% used [0x00000000e6ab0000, 0x00000000e73dc3d8, 0x00000000e8000000)
  to   space 21824K,   0% used [0x00000000e5560000, 0x00000000e5560000, 0x00000000e6ab0000)
 concurrent mark-sweep generation total 393216K, used 29427K [0x00000000e8000000, 0x0000000100000000, 0x0000000100000000)
 Metaspace       used 30988K, capacity 31764K, committed 31996K, reserved 1077248K
  class space    used 3513K, capacity 3741K, committed 3836K, reserved 1048576K
}
2018-06-19T12:19:05.507+0200: 10,316: Total time for which application threads were stopped: 0,0112540 seconds, Stopping threads took: 0,0000486 seconds
{Heap before GC invocations=21 (full 1):
 par new generation   total 109248K, used 96816K [0x00000000e0000000, 0x00000000e8000000, 0x00000000e8000000)
  eden space 87424K, 100% used [0x00000000e0000000, 0x00000000e5560000, 0x00000000e5560000)
  from space 21824K,  43% used [0x00000000e6ab0000, 0x00000000e73dc3d8, 0x00000000e8000000)
  to   space 21824K,   0% used [0x00000000e5560000, 0x00000000e5560000, 0x00000000e6ab0000)
 concurrent mark-sweep generation total 393216K, used 29427K [0x00000000e8000000, 0x0000000100000000, 0x0000000100000000)
 Metaspace       used 31006K, capacity 31764K, committed 31996K, reserved 1077248K
  class space    used 3513K, capacity 3741K, committed 3836K, reserved 1048576K
2018-06-19T12:19:05.636+0200: 10,445: [GC (Allocation Failure) 2018-06-19T12:19:05.636+0200: 10,445: [ParNew
Desired survivor size 20112992 bytes, new threshold 8 (max 8)
- age   1:    2383512 bytes,    2383512 total
- age   2:    1092032 bytes,    3475544 total
- age   3:    1274720 bytes,    4750264 total
- age   4:     902304 bytes,    5652568 total
- age   5:     904304 bytes,    6556872 total
- age   6:    1144792 bytes,    7701664 total
- age   7:     700984 bytes,    8402648 total
- age   8:     117136 bytes,    8519784 total
: 96816K->10131K(109248K), 0,0163557 secs] 126244K->39825K(502464K), 0,0164544 secs] [Times: user=0,06 sys=0,00, real=0,02 secs] 
Heap after GC invocations=22 (full 1):
 par new generation   total 109248K, used 10131K [0x00000000e0000000, 0x00000000e8000000, 0x00000000e8000000)
  eden space 87424K,   0% used [0x00000000e0000000, 0x00000000e0000000, 0x00000000e5560000)
  from space 21824K,  46% used [0x00000000e5560000, 0x00000000e5f44e40, 0x00000000e6ab0000)
  to   space 21824K,   0% used [0x00000000e6ab0000, 0x00000000e6ab0000, 0x00000000e8000000)
 concurrent mark-sweep generation total 393216K, used 29694K [0x00000000e8000000, 0x0000000100000000, 0x0000000100000000)
 Metaspace       used 31006K, capacity 31764K, committed 31996K, reserved 1077248K
  class space    used 3513K, capacity 3741K, committed 3836K, reserved 1048576K
}
2018-06-19T12:19:05.653+0200: 10,462: Total time for which application threads were stopped: 0,0187046 seconds, Stopping threads took: 0,0019762 seconds
2018-06-19T12:19:05.676+0200: 10,485: Total time for which application threads were stopped: 0,0009545 seconds, Stopping threads took: 0,0008190 seconds
2018-06-19T12:19:05.696+0200: 10,505: Total time for which application threads were stopped: 0,0003644 seconds, Stopping threads took: 0,0001960 seconds
2018-06-19T12:19:05.697+0200: 10,506: Total time for which application threads were stopped: 0,0002853 seconds, Stopping threads took: 0,0001001 seconds
2018-06-19T12:19:05.709+0200: 10,518: Total time for which application threads were stopped: 0,0064818 seconds, Stopping threads took: 0,0061368 seconds
2018-06-19T12:19:05.719+0200: 10,528: Total time for which application threads were stopped: 0,0001881 seconds, Stopping threads took: 0,0000671 seconds
2018-06-19T12:19:05.727+0200: 10,536: Total time for which application threads were stopped: 0,0001694 seconds, Stopping threads took: 0,0000656 seconds
{Heap before GC invocations=22 (full 1):
 par new generation   total 109248K, used 97555K [0x00000000e0000000, 0x00000000e8000000, 0x00000000e8000000)
  eden space 87424K, 100% used [0x00000000e0000000, 0x00000000e5560000, 0x00000000e5560000)
  from space 21824K,  46% used [0x00000000e5560000, 0x00000000e5f44e40, 0x00000000e6ab0000)
  to   space 21824K,   0% used [0x00000000e6ab0000, 0x00000000e6ab0000, 0x00000000e8000000)
 concurrent mark-sweep generation total 393216K, used 29694K [0x00000000e8000000, 0x0000000100000000, 0x0000000100000000)
 Metaspace       used 31012K, capacity 31764K, committed 31996K, reserved 1077248K
  class space    used 3514K, capacity 3741K, committed 3836K, reserved 1048576K
2018-06-19T12:19:05.758+0200: 10,567: [GC (Allocation Failure) 2018-06-19T12:19:05.758+0200: 10,567: [ParNew
Desired survivor size 20112992 bytes, new threshold 8 (max 8)
- age   1:    1588008 bytes,    1588008 total
- age   2:    2107880 bytes,    3695888 total
- age   3:    1035176 bytes,    4731064 total
- age   4:    1218368 bytes,    5949432 total
- age   5:     845856 bytes,    6795288 total
- age   6:     847520 bytes,    7642808 total
- age   7:    1084592 bytes,    8727400 total
- age   8:     609352 bytes,    9336752 total
: 97555K->12651K(109248K), 0,0213089 secs] 127249K->42459K(502464K), 0,0214085 secs] [Times: user=0,07 sys=0,00, real=0,02 secs] 
Heap after GC invocations=23 (full 1):
 par new generation   total 109248K, used 12651K [0x00000000e0000000, 0x00000000e8000000, 0x00000000e8000000)
  eden space 87424K,   0% used [0x00000000e0000000, 0x00000000e0000000, 0x00000000e5560000)
  from space 21824K,  57% used [0x00000000e6ab0000, 0x00000000e770acc0, 0x00000000e8000000)
  to   space 21824K,   0% used [0x00000000e5560000, 0x00000000e5560000, 0x00000000e6ab0000)
 concurrent mark-sweep generation total 393216K, used 29808K [0x00000000e8000000, 0x0000000100000000, 0x0000000100000000)
 Metaspace       used 31012K, capacity 31764K, committed 31996K, reserved 1077248K
  class space    used 3514K, capacity 3741K, committed 3836K, reserved 1048576K
}
2018-06-19T12:19:05.780+0200: 10,589: Total time for which application threads were stopped: 0,0216918 seconds, Stopping threads took: 0,0000732 seconds
{Heap before GC invocations=23 (full 1):
 par new generation   total 109248K, used 100075K [0x00000000e0000000, 0x00000000e8000000, 0x00000000e8000000)
  eden space 87424K, 100% used [0x00000000e0000000, 0x00000000e5560000, 0x00000000e5560000)
  from space 21824K,  57% used [0x00000000e6ab0000, 0x00000000e770acc0, 0x00000000e8000000)
  to   space 21824K,   0% used [0x00000000e5560000, 0x00000000e5560000, 0x00000000e6ab0000)
 concurrent mark-sweep generation total 393216K, used 29808K [0x00000000e8000000, 0x0000000100000000, 0x0000000100000000)
 Metaspace       used 31039K, capacity 31764K, committed 31996K, reserved 1077248K
  class space    used 3514K, capacity 3741K, committed 3836K, reserved 1048576K
2018-06-19T12:19:05.908+0200: 10,717: [GC (Allocation Failure) 2018-06-19T12:19:05.908+0200: 10,717: [ParNew
Desired survivor size 20112992 bytes, new threshold 8 (max 8)
- age   1:    1576416 bytes,    1576416 total
- age   2:    1206864 bytes,    2783280 total
- age   3:    2107800 bytes,    4891080 total
- age   4:    1035176 bytes,    5926256 total
- age   5:    1218368 bytes,    7144624 total
- age   6:     845856 bytes,    7990480 total
- age   7:     847472 bytes,    8837952 total
- age   8:    1084392 bytes,    9922344 total
: 100075K->13066K(109248K), 0,0247281 secs] 129883K->43474K(502464K), 0,0248419 secs] [Times: user=0,08 sys=0,00, real=0,03 secs] 
Heap after GC invocations=24 (full 1):
 par new generation   total 109248K, used 13066K [0x00000000e0000000, 0x00000000e8000000, 0x00000000e8000000)
  eden space 87424K,   0% used [0x00000000e0000000, 0x00000000e0000000, 0x00000000e5560000)
  from space 21824K,  59% used [0x00000000e5560000, 0x00000000e6222950, 0x00000000e6ab0000)
  to   space 21824K,   0% used [0x00000000e6ab0000, 0x00000000e6ab0000, 0x00000000e8000000)
 concurrent mark-sweep generation total 393216K, used 30407K [0x00000000e8000000, 0x0000000100000000, 0x0000000100000000)
 Metaspace       used 31039K, capacity 31764K, committed 31996K, reserved 1077248K
  class space    used 3514K, capacity 3741K, committed 3836K, reserved 1048576K
}
2018-06-19T12:19:05.933+0200: 10,742: Total time for which application threads were stopped: 0,0266997 seconds, Stopping threads took: 0,0015856 seconds
{Heap before GC invocations=24 (full 1):
 par new generation   total 109248K, used 100490K [0x00000000e0000000, 0x00000000e8000000, 0x00000000e8000000)
  eden space 87424K, 100% used [0x00000000e0000000, 0x00000000e5560000, 0x00000000e5560000)
  from space 21824K,  59% used [0x00000000e5560000, 0x00000000e6222950, 0x00000000e6ab0000)
  to   space 21824K,   0% used [0x00000000e6ab0000, 0x00000000e6ab0000, 0x00000000e8000000)
 concurrent mark-sweep generation total 393216K, used 30407K [0x00000000e8000000, 0x0000000100000000, 0x0000000100000000)
 Metaspace       used 31048K, capacity 31764K, committed 31996K, reserved 1077248K
  class space    used 3514K, capacity 3741K, committed 3836K, reserved 1048576K
2018-06-19T12:19:06.049+0200: 10,858: [GC (Allocation Failure) 2018-06-19T12:19:06.049+0200: 10,858: [ParNew
Desired survivor size 20112992 bytes, new threshold 8 (max 8)
- age   1:    1309504 bytes,    1309504 total
- age   2:    1083064 bytes,    2392568 total
- age   3:    1157640 bytes,    3550208 total
- age   4:    2106920 bytes,    5657128 total
- age   5:    1035176 bytes,    6692304 total
- age   6:    1218368 bytes,    7910672 total
- age   7:     845808 bytes,    8756480 total
- age   8:     847240 bytes,    9603720 total
: 100490K->11115K(109248K), 0,0190644 secs] 130898K->42591K(502464K), 0,0191495 secs] [Times: user=0,07 sys=0,00, real=0,02 secs] 
Heap after GC invocations=25 (full 1):
 par new generation   total 109248K, used 11115K [0x00000000e0000000, 0x00000000e8000000, 0x00000000e8000000)
  eden space 87424K,   0% used [0x00000000e0000000, 0x00000000e0000000, 0x00000000e5560000)
  from space 21824K,  50% used [0x00000000e6ab0000, 0x00000000e758aed0, 0x00000000e8000000)
  to   space 21824K,   0% used [0x00000000e5560000, 0x00000000e5560000, 0x00000000e6ab0000)
 concurrent mark-sweep generation total 393216K, used 31475K [0x00000000e8000000, 0x0000000100000000, 0x0000000100000000)
 Metaspace       used 31048K, capacity 31764K, committed 31996K, reserved 1077248K
  class space    used 3514K, capacity 3741K, committed 3836K, reserved 1048576K
}
2018-06-19T12:19:06.068+0200: 10,877: Total time for which application threads were stopped: 0,0195111 seconds, Stopping threads took: 0,0001072 seconds
{Heap before GC invocations=25 (full 1):
 par new generation   total 109248K, used 98539K [0x00000000e0000000, 0x00000000e8000000, 0x00000000e8000000)
  eden space 87424K, 100% used [0x00000000e0000000, 0x00000000e5560000, 0x00000000e5560000)
  from space 21824K,  50% used [0x00000000e6ab0000, 0x00000000e758aed0, 0x00000000e8000000)
  to   space 21824K,   0% used [0x00000000e5560000, 0x00000000e5560000, 0x00000000e6ab0000)
 concurrent mark-sweep generation total 393216K, used 31475K [0x00000000e8000000, 0x0000000100000000, 0x0000000100000000)
 Metaspace       used 31057K, capacity 31764K, committed 31996K, reserved 1077248K
  class space    used 3514K, capacity 3741K, committed 3836K, reserved 1048576K
2018-06-19T12:19:06.167+0200: 10,976: [GC (Allocation Failure) 2018-06-19T12:19:06.167+0200: 10,976: [ParNew
Desired survivor size 20112992 bytes, new threshold 8 (max 8)
- age   1:    1943712 bytes,    1943712 total
- age   2:     698696 bytes,    2642408 total
- age   3:     843616 bytes,    3486024 total
- age   4:     896384 bytes,    4382408 total
- age   5:    1999528 bytes,    6381936 total
- age   6:     871928 bytes,    7253864 total
- age   7:    1056792 bytes,    8310656 total
- age   8:     685416 bytes,    8996072 total
: 98539K->10336K(109248K), 0,0149441 secs] 130015K->42485K(502464K), 0,0150319 secs] [Times: user=0,05 sys=0,00, real=0,01 secs] 
Heap after GC invocations=26 (full 1):
 par new generation   total 109248K, used 10336K [0x00000000e0000000, 0x00000000e8000000, 0x00000000e8000000)
  eden space 87424K,   0% used [0x00000000e0000000, 0x00000000e0000000, 0x00000000e5560000)
  from space 21824K,  47% used [0x00000000e5560000, 0x00000000e5f78178, 0x00000000e6ab0000)
  to   space 21824K,   0% used [0x00000000e6ab0000, 0x00000000e6ab0000, 0x00000000e8000000)
 concurrent mark-sweep generation total 393216K, used 32148K [0x00000000e8000000, 0x0000000100000000, 0x0000000100000000)
 Metaspace       used 31057K, capacity 31764K, committed 31996K, reserved 1077248K
  class space    used 3514K, capacity 3741K, committed 3836K, reserved 1048576K
}
2018-06-19T12:19:06.182+0200: 10,991: Total time for which application threads were stopped: 0,0152703 seconds, Stopping threads took: 0,0000334 seconds
{Heap before GC invocations=26 (full 1):
 par new generation   total 109248K, used 97760K [0x00000000e0000000, 0x00000000e8000000, 0x00000000e8000000)
  eden space 87424K, 100% used [0x00000000e0000000, 0x00000000e5560000, 0x00000000e5560000)
  from space 21824K,  47% used [0x00000000e5560000, 0x00000000e5f78178, 0x00000000e6ab0000)
  to   space 21824K,   0% used [0x00000000e6ab0000, 0x00000000e6ab0000, 0x00000000e8000000)
 concurrent mark-sweep generation total 393216K, used 32148K [0x00000000e8000000, 0x0000000100000000, 0x0000000100000000)
 Metaspace       used 31060K, capacity 31764K, committed 31996K, reserved 1077248K
  class space    used 3514K, capacity 3741K, committed 3836K, reserved 1048576K
2018-06-19T12:19:06.289+0200: 11,098: [GC (Allocation Failure) 2018-06-19T12:19:06.289+0200: 11,099: [ParNew
Desired survivor size 20112992 bytes, new threshold 8 (max 8)
- age   1:    1645920 bytes,    1645920 total
- age   2:    1258816 bytes,    2904736 total
- age   3:     697952 bytes,    3602688 total
- age   4:     842824 bytes,    4445512 total
- age   5:     895616 bytes,    5341128 total
- age   6:    1999168 bytes,    7340296 total
- age   7:     871928 bytes,    8212224 total
- age   8:    1056744 bytes,    9268968 total
: 97760K->15141K(109248K), 0,0225609 secs] 129909K->47959K(502464K), 0,0226690 secs] [Times: user=0,08 sys=0,00, real=0,03 secs] 
Heap after GC invocations=27 (full 1):
 par new generation   total 109248K, used 15141K [0x00000000e0000000, 0x00000000e8000000, 0x00000000e8000000)
  eden space 87424K,   0% used [0x00000000e0000000, 0x00000000e0000000, 0x00000000e5560000)
  from space 21824K,  69% used [0x00000000e6ab0000, 0x00000000e7979400, 0x00000000e8000000)
  to   space 21824K,   0% used [0x00000000e5560000, 0x00000000e5560000, 0x00000000e6ab0000)
 concurrent mark-sweep generation total 393216K, used 32818K [0x00000000e8000000, 0x0000000100000000, 0x0000000100000000)
 Metaspace       used 31060K, capacity 31764K, committed 31996K, reserved 1077248K
  class space    used 3514K, capacity 3741K, committed 3836K, reserved 1048576K
}
2018-06-19T12:19:06.312+0200: 11,121: Total time for which application threads were stopped: 0,0229818 seconds, Stopping threads took: 0,0000681 seconds
{Heap before GC invocations=27 (full 1):
 par new generation   total 109248K, used 102565K [0x00000000e0000000, 0x00000000e8000000, 0x00000000e8000000)
  eden space 87424K, 100% used [0x00000000e0000000, 0x00000000e5560000, 0x00000000e5560000)
  from space 21824K,  69% used [0x00000000e6ab0000, 0x00000000e7979400, 0x00000000e8000000)
  to   space 21824K,   0% used [0x00000000e5560000, 0x00000000e5560000, 0x00000000e6ab0000)
 concurrent mark-sweep generation total 393216K, used 32818K [0x00000000e8000000, 0x0000000100000000, 0x0000000100000000)
 Metaspace       used 31060K, capacity 31764K, committed 31996K, reserved 1077248K
  class space    used 3514K, capacity 3741K, committed 3836K, reserved 1048576K
2018-06-19T12:19:06.411+0200: 11,220: [GC (Allocation Failure) 2018-06-19T12:19:06.411+0200: 11,220: [ParNew
Desired survivor size 20112992 bytes, new threshold 8 (max 8)
- age   1:    2011624 bytes,    2011624 total
- age   2:     827040 bytes,    2838664 total
- age   3:    1257160 bytes,    4095824 total
- age   4:     599600 bytes,    4695424 total
- age   5:     842824 bytes,    5538248 total
- age   6:     895616 bytes,    6433864 total
- age   7:    1999120 bytes,    8432984 total
- age   8:     871648 bytes,    9304632 total
: 102565K->12171K(109248K), 0,0262465 secs] 135383K->46022K(502464K), 0,0263522 secs] [Times: user=0,09 sys=0,01, real=0,03 secs] 
Heap after GC invocations=28 (full 1):
 par new generation   total 109248K, used 12171K [0x00000000e0000000, 0x00000000e8000000, 0x00000000e8000000)
  eden space 87424K,   0% used [0x00000000e0000000, 0x00000000e0000000, 0x00000000e5560000)
  from space 21824K,  55% used [0x00000000e5560000, 0x00000000e6142d50, 0x00000000e6ab0000)
  to   space 21824K,   0% used [0x00000000e6ab0000, 0x00000000e6ab0000, 0x00000000e8000000)
 concurrent mark-sweep generation total 393216K, used 33851K [0x00000000e8000000, 0x0000000100000000, 0x0000000100000000)
 Metaspace       used 31060K, capacity 31764K, committed 31996K, reserved 1077248K
  class space    used 3514K, capacity 3741K, committed 3836K, reserved 1048576K
}
2018-06-19T12:19:06.437+0200: 11,246: Total time for which application threads were stopped: 0,0266394 seconds, Stopping threads took: 0,0000510 seconds
{Heap before GC invocations=28 (full 1):
 par new generation   total 109248K, used 99595K [0x00000000e0000000, 0x00000000e8000000, 0x00000000e8000000)
  eden space 87424K, 100% used [0x00000000e0000000, 0x00000000e5560000, 0x00000000e5560000)
  from space 21824K,  55% used [0x00000000e5560000, 0x00000000e6142d50, 0x00000000e6ab0000)
  to   space 21824K,   0% used [0x00000000e6ab0000, 0x00000000e6ab0000, 0x00000000e8000000)
 concurrent mark-sweep generation total 393216K, used 33851K [0x00000000e8000000, 0x0000000100000000, 0x0000000100000000)
 Metaspace       used 31066K, capacity 31770K, committed 31996K, reserved 1077248K
  class space    used 3514K, capacity 3742K, committed 3836K, reserved 1048576K
2018-06-19T12:19:06.530+0200: 11,339: [GC (Allocation Failure) 2018-06-19T12:19:06.530+0200: 11,339: [ParNew
Desired survivor size 20112992 bytes, new threshold 8 (max 8)
- age   1:    2020472 bytes,    2020472 total
- age   2:    1042696 bytes,    3063168 total
- age   3:     827040 bytes,    3890208 total
- age   4:    1257160 bytes,    5147368 total
- age   5:     599600 bytes,    5746968 total
- age   6:     842824 bytes,    6589792 total
- age   7:     895568 bytes,    7485360 total
- age   8:    1998888 bytes,    9484248 total
: 99595K->11284K(109248K), 0,0181490 secs] 133446K->45988K(502464K), 0,0182297 secs] [Times: user=0,07 sys=0,00, real=0,02 secs] 
Heap after GC invocations=29 (full 1):
 par new generation   total 109248K, used 11284K [0x00000000e0000000, 0x00000000e8000000, 0x00000000e8000000)
  eden space 87424K,   0% used [0x00000000e0000000, 0x00000000e0000000, 0x00000000e5560000)
  from space 21824K,  51% used [0x00000000e6ab0000, 0x00000000e75b5360, 0x00000000e8000000)
  to   space 21824K,   0% used [0x00000000e5560000, 0x00000000e5560000, 0x00000000e6ab0000)
 concurrent mark-sweep generation total 393216K, used 34703K [0x00000000e8000000, 0x0000000100000000, 0x0000000100000000)
 Metaspace       used 31066K, capacity 31770K, committed 31996K, reserved 1077248K
  class space    used 3514K, capacity 3742K, committed 3836K, reserved 1048576K
}
2018-06-19T12:19:06.548+0200: 11,357: Total time for which application threads were stopped: 0,0184707 seconds, Stopping threads took: 0,0000595 seconds
2018-06-19T12:19:06.601+0200: 11,410: Total time for which application threads were stopped: 0,0001759 seconds, Stopping threads took: 0,0000492 seconds
2018-06-19T12:19:06.632+0200: 11,441: Total time for which application threads were stopped: 0,0036126 seconds, Stopping threads took: 0,0034896 seconds
2018-06-19T12:19:06.633+0200: 11,442: Total time for which application threads were stopped: 0,0001401 seconds, Stopping threads took: 0,0000512 seconds
2018-06-19T12:19:06.640+0200: 11,449: Total time for which application threads were stopped: 0,0001907 seconds, Stopping threads took: 0,0000709 seconds
{Heap before GC invocations=29 (full 1):
 par new generation   total 109248K, used 98708K [0x00000000e0000000, 0x00000000e8000000, 0x00000000e8000000)
  eden space 87424K, 100% used [0x00000000e0000000, 0x00000000e5560000, 0x00000000e5560000)
  from space 21824K,  51% used [0x00000000e6ab0000, 0x00000000e75b5360, 0x00000000e8000000)
  to   space 21824K,   0% used [0x00000000e5560000, 0x00000000e5560000, 0x00000000e6ab0000)
 concurrent mark-sweep generation total 393216K, used 34703K [0x00000000e8000000, 0x0000000100000000, 0x0000000100000000)
 Metaspace       used 31073K, capacity 31770K, committed 31996K, reserved 1077248K
  class space    used 3514K, capacity 3742K, committed 3836K, reserved 1048576K
2018-06-19T12:19:06.663+0200: 11,472: [GC (Allocation Failure) 2018-06-19T12:19:06.663+0200: 11,472: [ParNew
Desired survivor size 20112992 bytes, new threshold 8 (max 8)
- age   1:    1881552 bytes,    1881552 total
- age   2:    1911600 bytes,    3793152 total
- age   3:    1042456 bytes,    4835608 total
- age   4:     827040 bytes,    5662648 total
- age   5:    1060352 bytes,    6723000 total
- age   6:     599600 bytes,    7322600 total
- age   7:     842776 bytes,    8165376 total
- age   8:     895336 bytes,    9060712 total
: 98708K->16149K(109248K), 0,0243430 secs] 133412K->52811K(502464K), 0,0244571 secs] [Times: user=0,08 sys=0,00, real=0,03 secs] 
Heap after GC invocations=30 (full 1):
 par new generation   total 109248K, used 16149K [0x00000000e0000000, 0x00000000e8000000, 0x00000000e8000000)
  eden space 87424K,   0% used [0x00000000e0000000, 0x00000000e0000000, 0x00000000e5560000)
  from space 21824K,  74% used [0x00000000e5560000, 0x00000000e65257c0, 0x00000000e6ab0000)
  to   space 21824K,   0% used [0x00000000e6ab0000, 0x00000000e6ab0000, 0x00000000e8000000)
 concurrent mark-sweep generation total 393216K, used 36661K [0x00000000e8000000, 0x0000000100000000, 0x0000000100000000)
 Metaspace       used 31073K, capacity 31770K, committed 31996K, reserved 1077248K
  class space    used 3514K, capacity 3742K, committed 3836K, reserved 1048576K
}
2018-06-19T12:19:06.687+0200: 11,496: Total time for which application threads were stopped: 0,0247732 seconds, Stopping threads took: 0,0000803 seconds
2018-06-19T12:19:06.690+0200: 11,499: Total time for which application threads were stopped: 0,0001804 seconds, Stopping threads took: 0,0000616 seconds
2018-06-19T12:19:06.696+0200: 11,505: Total time for which application threads were stopped: 0,0001852 seconds, Stopping threads took: 0,0000595 seconds
2018-06-19T12:19:06.696+0200: 11,506: Total time for which application threads were stopped: 0,0001087 seconds, Stopping threads took: 0,0000321 seconds
{Heap before GC invocations=30 (full 1):
 par new generation   total 109248K, used 103573K [0x00000000e0000000, 0x00000000e8000000, 0x00000000e8000000)
  eden space 87424K, 100% used [0x00000000e0000000, 0x00000000e5560000, 0x00000000e5560000)
  from space 21824K,  74% used [0x00000000e5560000, 0x00000000e65257c0, 0x00000000e6ab0000)
  to   space 21824K,   0% used [0x00000000e6ab0000, 0x00000000e6ab0000, 0x00000000e8000000)
 concurrent mark-sweep generation total 393216K, used 36661K [0x00000000e8000000, 0x0000000100000000, 0x0000000100000000)
 Metaspace       used 31075K, capacity 31770K, committed 31996K, reserved 1077248K
  class space    used 3514K, capacity 3742K, committed 3836K, reserved 1048576K
2018-06-19T12:19:06.858+0200: 11,667: [GC (Allocation Failure) 2018-06-19T12:19:06.858+0200: 11,667: [ParNew
Desired survivor size 20112992 bytes, new threshold 8 (max 8)
- age   1:    1199680 bytes,    1199680 total
- age   2:    1587048 bytes,    2786728 total
- age   3:    1855752 bytes,    4642480 total
- age   4:     988072 bytes,    5630552 total
- age   5:     770448 bytes,    6401000 total
- age   6:    1009536 bytes,    7410536 total
- age   7:     558856 bytes,    7969392 total
- age   8:     791136 bytes,    8760528 total
: 103573K->10113K(109248K), 0,0142153 secs] 140235K->47604K(502464K), 0,0142878 secs] [Times: user=0,05 sys=0,00, real=0,02 secs] 
Heap after GC invocations=31 (full 1):
 par new generation   total 109248K, used 10113K [0x00000000e0000000, 0x00000000e8000000, 0x00000000e8000000)
  eden space 87424K,   0% used [0x00000000e0000000, 0x00000000e0000000, 0x00000000e5560000)
  from space 21824K,  46% used [0x00000000e6ab0000, 0x00000000e74907f0, 0x00000000e8000000)
  to   space 21824K,   0% used [0x00000000e5560000, 0x00000000e5560000, 0x00000000e6ab0000)
 concurrent mark-sweep generation total 393216K, used 37490K [0x00000000e8000000, 0x0000000100000000, 0x0000000100000000)
 Metaspace       used 31075K, capacity 31770K, committed 31996K, reserved 1077248K
  class space    used 3514K, capacity 3742K, committed 3836K, reserved 1048576K
}
2018-06-19T12:19:06.872+0200: 11,681: Total time for which application threads were stopped: 0,0145180 seconds, Stopping threads took: 0,0000315 seconds
2018-06-19T12:19:06.989+0200: 11,798: Total time for which application threads were stopped: 0,0001795 seconds, Stopping threads took: 0,0000719 seconds
2018-06-19T12:19:06.989+0200: 11,798: Total time for which application threads were stopped: 0,0000786 seconds, Stopping threads took: 0,0000215 seconds
2018-06-19T12:19:06.991+0200: 11,800: Total time for which application threads were stopped: 0,0001726 seconds, Stopping threads took: 0,0000357 seconds
2018-06-19T12:19:06.993+0200: 11,802: Total time for which application threads were stopped: 0,0003458 seconds, Stopping threads took: 0,0000589 seconds
2018-06-19T12:19:07.008+0200: 11,817: Total time for which application threads were stopped: 0,0001585 seconds, Stopping threads took: 0,0000489 seconds
2018-06-19T12:19:07.008+0200: 11,817: Total time for which application threads were stopped: 0,0000722 seconds, Stopping threads took: 0,0000274 seconds
2018-06-19T12:19:07.008+0200: 11,817: Total time for which application threads were stopped: 0,0000642 seconds, Stopping threads took: 0,0000204 seconds
2018-06-19T12:19:07.008+0200: 11,817: Total time for which application threads were stopped: 0,0000637 seconds, Stopping threads took: 0,0000203 seconds
2018-06-19T12:19:07.008+0200: 11,817: Total time for which application threads were stopped: 0,0000645 seconds, Stopping threads took: 0,0000215 seconds
2018-06-19T12:19:07.008+0200: 11,817: Total time for which application threads were stopped: 0,0000586 seconds, Stopping threads took: 0,0000209 seconds
2018-06-19T12:19:07.008+0200: 11,818: Total time for which application threads were stopped: 0,0000636 seconds, Stopping threads took: 0,0000246 seconds
2018-06-19T12:19:07.009+0200: 11,818: Total time for which application threads were stopped: 0,0000646 seconds, Stopping threads took: 0,0000210 seconds
2018-06-19T12:19:07.009+0200: 11,818: Total time for which application threads were stopped: 0,0001872 seconds, Stopping threads took: 0,0000205 seconds
2018-06-19T12:19:07.045+0200: 11,854: Total time for which application threads were stopped: 0,0001718 seconds, Stopping threads took: 0,0000468 seconds
2018-06-19T12:19:07.045+0200: 11,854: Total time for which application threads were stopped: 0,0000710 seconds, Stopping threads took: 0,0000235 seconds
2018-06-19T12:19:07.045+0200: 11,854: Total time for which application threads were stopped: 0,0000672 seconds, Stopping threads took: 0,0000215 seconds
2018-06-19T12:19:07.045+0200: 11,854: Total time for which application threads were stopped: 0,0000629 seconds, Stopping threads took: 0,0000243 seconds
2018-06-19T12:19:07.566+0200: 12,375: Total time for which application threads were stopped: 0,0001585 seconds, Stopping threads took: 0,0000406 seconds
2018-06-19T12:19:07.566+0200: 12,375: Total time for which application threads were stopped: 0,0000881 seconds, Stopping threads took: 0,0000282 seconds
2018-06-19T12:19:07.566+0200: 12,375: Total time for which application threads were stopped: 0,0000856 seconds, Stopping threads took: 0,0000257 seconds
2018-06-19T12:19:07.567+0200: 12,376: Total time for which application threads were stopped: 0,0000954 seconds, Stopping threads took: 0,0000301 seconds
2018-06-19T12:19:07.581+0200: 12,390: Total time for which application threads were stopped: 0,0001536 seconds, Stopping threads took: 0,0000281 seconds
2018-06-19T12:19:07.581+0200: 12,390: Total time for which application threads were stopped: 0,0000598 seconds, Stopping threads took: 0,0000123 seconds
2018-06-19T12:19:07.581+0200: 12,390: Total time for which application threads were stopped: 0,0000456 seconds, Stopping threads took: 0,0000106 seconds
2018-06-19T12:19:07.582+0200: 12,391: Total time for which application threads were stopped: 0,0000658 seconds, Stopping threads took: 0,0000185 seconds
2018-06-19T12:19:08.582+0200: 13,391: Total time for which application threads were stopped: 0,0000991 seconds, Stopping threads took: 0,0000274 seconds
2018-06-19T12:19:14.738+0200: 19,547: Total time for which application threads were stopped: 0,0001852 seconds, Stopping threads took: 0,0000335 seconds
2018-06-19T12:19:14.738+0200: 19,547: Total time for which application threads were stopped: 0,0001967 seconds, Stopping threads took: 0,0000773 seconds
2018-06-19T12:19:14.751+0200: 19,560: Total time for which application threads were stopped: 0,0003698 seconds, Stopping threads took: 0,0001027 seconds
2018-06-19T12:19:14.811+0200: 19,621: Total time for which application threads were stopped: 0,0001366 seconds, Stopping threads took: 0,0000616 seconds
2018-06-19T12:19:14.815+0200: 19,624: Total time for which application threads were stopped: 0,0001374 seconds, Stopping threads took: 0,0000519 seconds
2018-06-19T12:19:14.816+0200: 19,625: Total time for which application threads were stopped: 0,0001130 seconds, Stopping threads took: 0,0000339 seconds
2018-06-19T12:19:14.817+0200: 19,626: Total time for which application threads were stopped: 0,0001209 seconds, Stopping threads took: 0,0000381 seconds
2018-06-19T12:19:14.818+0200: 19,627: Total time for which application threads were stopped: 0,0001293 seconds, Stopping threads took: 0,0000399 seconds
2018-06-19T12:19:14.846+0200: 19,655: Total time for which application threads were stopped: 0,0001662 seconds, Stopping threads took: 0,0000829 seconds
2018-06-19T12:19:14.857+0200: 19,666: Total time for which application threads were stopped: 0,0001724 seconds, Stopping threads took: 0,0000541 seconds
2018-06-19T12:19:14.869+0200: 19,678: Total time for which application threads were stopped: 0,0001354 seconds, Stopping threads took: 0,0000627 seconds
2018-06-19T12:19:14.887+0200: 19,696: Total time for which application threads were stopped: 0,0001489 seconds, Stopping threads took: 0,0000497 seconds
2018-06-19T12:19:14.894+0200: 19,703: Total time for which application threads were stopped: 0,0001308 seconds, Stopping threads took: 0,0000391 seconds
2018-06-19T12:19:14.946+0200: 19,755: Total time for which application threads were stopped: 0,0001633 seconds, Stopping threads took: 0,0000610 seconds
2018-06-19T12:19:15.946+0200: 20,755: Total time for which application threads were stopped: 0,0001909 seconds, Stopping threads took: 0,0000526 seconds
2018-06-19T12:19:16.573+0200: 21,382: Total time for which application threads were stopped: 0,0001324 seconds, Stopping threads took: 0,0000492 seconds
2018-06-19T12:19:16.573+0200: 21,383: Total time for which application threads were stopped: 0,0000755 seconds, Stopping threads took: 0,0000164 seconds
2018-06-19T12:19:16.629+0200: 21,438: Total time for which application threads were stopped: 0,0001705 seconds, Stopping threads took: 0,0000709 seconds
2018-06-19T12:19:16.640+0200: 21,449: Total time for which application threads were stopped: 0,0002021 seconds, Stopping threads took: 0,0000488 seconds
2018-06-19T12:19:16.651+0200: 21,460: Total time for which application threads were stopped: 0,0001320 seconds, Stopping threads took: 0,0000336 seconds
2018-06-19T12:19:16.654+0200: 21,463: Total time for which application threads were stopped: 0,0002032 seconds, Stopping threads took: 0,0000439 seconds
2018-06-19T12:19:16.655+0200: 21,464: Total time for which application threads were stopped: 0,0000836 seconds, Stopping threads took: 0,0000174 seconds
2018-06-19T12:19:16.748+0200: 21,558: Total time for which application threads were stopped: 0,0001304 seconds, Stopping threads took: 0,0000262 seconds
2018-06-19T12:19:17.749+0200: 22,558: Total time for which application threads were stopped: 0,0005892 seconds, Stopping threads took: 0,0001409 seconds
2018-06-19T12:19:21.072+0200: 25,881: Total time for which application threads were stopped: 0,0005428 seconds, Stopping threads took: 0,0000169 seconds
2018-06-19T12:19:21.073+0200: 25,882: Total time for which application threads were stopped: 0,0005177 seconds, Stopping threads took: 0,0000131 seconds
2018-06-19T12:19:21.077+0200: 25,886: Total time for which application threads were stopped: 0,0001280 seconds, Stopping threads took: 0,0000466 seconds
2018-06-19T12:19:21.095+0200: 25,904: Total time for which application threads were stopped: 0,0012616 seconds, Stopping threads took: 0,0011423 seconds
2018-06-19T12:19:21.095+0200: 25,904: Total time for which application threads were stopped: 0,0001111 seconds, Stopping threads took: 0,0000436 seconds
2018-06-19T12:19:21.095+0200: 25,904: Total time for which application threads were stopped: 0,0000694 seconds, Stopping threads took: 0,0000182 seconds
2018-06-19T12:19:21.103+0200: 25,912: Total time for which application threads were stopped: 0,0029616 seconds, Stopping threads took: 0,0028360 seconds
2018-06-19T12:19:21.105+0200: 25,914: Total time for which application threads were stopped: 0,0001730 seconds, Stopping threads took: 0,0000740 seconds
2018-06-19T12:19:21.105+0200: 25,914: Total time for which application threads were stopped: 0,0000995 seconds, Stopping threads took: 0,0000401 seconds
2018-06-19T12:19:21.105+0200: 25,914: Total time for which application threads were stopped: 0,0000795 seconds, Stopping threads took: 0,0000323 seconds
2018-06-19T12:19:21.106+0200: 25,915: Total time for which application threads were stopped: 0,0001211 seconds, Stopping threads took: 0,0000699 seconds
2018-06-19T12:19:21.106+0200: 25,915: Total time for which application threads were stopped: 0,0000911 seconds, Stopping threads took: 0,0000438 seconds
2018-06-19T12:19:21.106+0200: 25,915: Total time for which application threads were stopped: 0,0000689 seconds, Stopping threads took: 0,0000231 seconds
2018-06-19T12:19:21.106+0200: 25,915: Total time for which application threads were stopped: 0,0000935 seconds, Stopping threads took: 0,0000364 seconds
2018-06-19T12:19:21.108+0200: 25,917: Total time for which application threads were stopped: 0,0020174 seconds, Stopping threads took: 0,0019816 seconds
2018-06-19T12:19:21.108+0200: 25,917: Total time for which application threads were stopped: 0,0000603 seconds, Stopping threads took: 0,0000305 seconds
2018-06-19T12:19:21.108+0200: 25,917: Total time for which application threads were stopped: 0,0000559 seconds, Stopping threads took: 0,0000283 seconds
2018-06-19T12:19:21.108+0200: 25,917: Total time for which application threads were stopped: 0,0000682 seconds, Stopping threads took: 0,0000401 seconds
2018-06-19T12:19:21.108+0200: 25,917: Total time for which application threads were stopped: 0,0000477 seconds, Stopping threads took: 0,0000212 seconds
2018-06-19T12:19:21.108+0200: 25,918: Total time for which application threads were stopped: 0,0001615 seconds, Stopping threads took: 0,0000199 seconds
2018-06-19T12:19:21.113+0200: 25,923: Total time for which application threads were stopped: 0,0001640 seconds, Stopping threads took: 0,0000603 seconds
2018-06-19T12:19:21.116+0200: 25,925: Total time for which application threads were stopped: 0,0018198 seconds, Stopping threads took: 0,0017403 seconds
2018-06-19T12:19:21.124+0200: 25,933: Total time for which application threads were stopped: 0,0037673 seconds, Stopping threads took: 0,0036747 seconds
2018-06-19T12:19:21.125+0200: 25,934: Total time for which application threads were stopped: 0,0001213 seconds, Stopping threads took: 0,0000441 seconds
2018-06-19T12:19:21.131+0200: 25,940: Total time for which application threads were stopped: 0,0006741 seconds, Stopping threads took: 0,0001281 seconds
Heap
 par new generation   total 109248K, used 55843K [0x00000000e0000000, 0x00000000e8000000, 0x00000000e8000000)
  eden space 87424K,  52% used [0x00000000e0000000, 0x00000000e2ca8710, 0x00000000e5560000)
  from space 21824K,  46% used [0x00000000e6ab0000, 0x00000000e74907f0, 0x00000000e8000000)
  to   space 21824K,   0% used [0x00000000e5560000, 0x00000000e5560000, 0x00000000e6ab0000)
 concurrent mark-sweep generation total 393216K, used 37490K [0x00000000e8000000, 0x0000000100000000, 0x0000000100000000)
 Metaspace       used 31448K, capacity 32204K, committed 32508K, reserved 1077248K
  class space    used 3550K, capacity 3778K, committed 3836K, reserved 1048576K
