OpenJDK 64-Bit Server VM (25.171-b11) for linux-amd64 JRE (1.8.0_171-8u171-b11-0ubuntu0.16.04.1-b11), built on Apr 27 2018 17:19:03 by "buildd" with gcc 5.4.0 20160609
Memory: 4k page, physical 7867600k(884604k free), swap 8076284k(8076284k free)
CommandLine flags: -XX:CMSInitiatingOccupancyFraction=50 -XX:CMSMaxAbortablePrecleanTime=6000 -XX:+CMSParallelRemarkEnabled -XX:+CMSScavengeBeforeRemark -XX:ConcGCThreads=4 -XX:InitialHeapSize=536870912 -XX:MaxHeapSize=536870912 -XX:MaxTenuringThreshold=8 -XX:NewRatio=3 -XX:OldPLABSize=16 -XX:OnOutOfMemoryError=/home/gurnoor/workspace/QTM/solr/bin/oom_solr.sh 8983 /home/gurnoor/workspace/QTM/solr/server/logs -XX:ParallelGCThreads=4 -XX:+ParallelRefProcEnabled -XX:PretenureSizeThreshold=67108864 -XX:+PrintGC -XX:+PrintGCApplicationStoppedTime -XX:+PrintGCDateStamps -XX:+PrintGCDetails -XX:+PrintGCTimeStamps -XX:+PrintHeapAtGC -XX:+PrintTenuringDistribution -XX:SurvivorRatio=4 -XX:TargetSurvivorRatio=90 -XX:ThreadStackSize=256 -XX:+UseCMSInitiatingOccupancyOnly -XX:+UseCompressedClassPointers -XX:+UseCompressedOops -XX:+UseConcMarkSweepGC -XX:+UseParNewGC 
2018-06-19T12:16:59.716+0200: 0,168: Total time for which application threads were stopped: 0,0006156 seconds, Stopping threads took: 0,0000720 seconds
2018-06-19T12:16:59.827+0200: 0,279: Total time for which application threads were stopped: 0,0022383 seconds, Stopping threads took: 0,0016334 seconds
2018-06-19T12:16:59.844+0200: 0,296: Total time for which application threads were stopped: 0,0000852 seconds, Stopping threads took: 0,0000142 seconds
2018-06-19T12:17:00.031+0200: 0,483: Total time for which application threads were stopped: 0,0001768 seconds, Stopping threads took: 0,0000295 seconds
2018-06-19T12:17:00.319+0200: 0,770: Total time for which application threads were stopped: 0,0001819 seconds, Stopping threads took: 0,0000185 seconds
2018-06-19T12:17:00.417+0200: 0,869: Total time for which application threads were stopped: 0,0001929 seconds, Stopping threads took: 0,0000287 seconds
2018-06-19T12:17:00.443+0200: 0,895: Total time for which application threads were stopped: 0,0002175 seconds, Stopping threads took: 0,0000281 seconds
2018-06-19T12:17:00.856+0200: 1,308: Total time for which application threads were stopped: 0,0001781 seconds, Stopping threads took: 0,0000129 seconds
2018-06-19T12:17:01.008+0200: 1,459: Total time for which application threads were stopped: 0,0002418 seconds, Stopping threads took: 0,0000232 seconds
2018-06-19T12:17:01.028+0200: 1,479: Total time for which application threads were stopped: 0,0002428 seconds, Stopping threads took: 0,0000344 seconds
2018-06-19T12:17:01.053+0200: 1,504: Total time for which application threads were stopped: 0,0002393 seconds, Stopping threads took: 0,0000315 seconds
2018-06-19T12:17:01.054+0200: 1,505: Total time for which application threads were stopped: 0,0002120 seconds, Stopping threads took: 0,0000254 seconds
2018-06-19T12:17:01.063+0200: 1,515: Total time for which application threads were stopped: 0,0002462 seconds, Stopping threads took: 0,0000296 seconds
2018-06-19T12:17:01.149+0200: 1,601: Total time for which application threads were stopped: 0,0002301 seconds, Stopping threads took: 0,0000238 seconds
2018-06-19T12:17:01.354+0200: 1,806: Total time for which application threads were stopped: 0,0002896 seconds, Stopping threads took: 0,0000430 seconds
{Heap before GC invocations=0 (full 0):
 par new generation   total 109248K, used 87424K [0x00000000e0000000, 0x00000000e8000000, 0x00000000e8000000)
  eden space 87424K, 100% used [0x00000000e0000000, 0x00000000e5560000, 0x00000000e5560000)
  from space 21824K,   0% used [0x00000000e5560000, 0x00000000e5560000, 0x00000000e6ab0000)
  to   space 21824K,   0% used [0x00000000e6ab0000, 0x00000000e6ab0000, 0x00000000e8000000)
 concurrent mark-sweep generation total 393216K, used 0K [0x00000000e8000000, 0x0000000100000000, 0x0000000100000000)
 Metaspace       used 18139K, capacity 18472K, committed 18688K, reserved 1064960K
  class space    used 2051K, capacity 2198K, committed 2304K, reserved 1048576K
2018-06-19T12:17:01.444+0200: 1,896: [GC (Allocation Failure) 2018-06-19T12:17:01.444+0200: 1,896: [ParNew
Desired survivor size 20112992 bytes, new threshold 8 (max 8)
- age   1:   12544472 bytes,   12544472 total
: 87424K->12369K(109248K), 0,0141860 secs] 87424K->12369K(502464K), 0,0142477 secs] [Times: user=0,04 sys=0,00, real=0,01 secs] 
Heap after GC invocations=1 (full 0):
 par new generation   total 109248K, used 12369K [0x00000000e0000000, 0x00000000e8000000, 0x00000000e8000000)
  eden space 87424K,   0% used [0x00000000e0000000, 0x00000000e0000000, 0x00000000e5560000)
  from space 21824K,  56% used [0x00000000e6ab0000, 0x00000000e76c4528, 0x00000000e8000000)
  to   space 21824K,   0% used [0x00000000e5560000, 0x00000000e5560000, 0x00000000e6ab0000)
 concurrent mark-sweep generation total 393216K, used 0K [0x00000000e8000000, 0x0000000100000000, 0x0000000100000000)
 Metaspace       used 18139K, capacity 18472K, committed 18688K, reserved 1064960K
  class space    used 2051K, capacity 2198K, committed 2304K, reserved 1048576K
}
2018-06-19T12:17:01.458+0200: 1,910: Total time for which application threads were stopped: 0,0166910 seconds, Stopping threads took: 0,0022049 seconds
2018-06-19T12:17:01.793+0200: 2,244: Total time for which application threads were stopped: 0,0037543 seconds, Stopping threads took: 0,0028537 seconds
2018-06-19T12:17:01.906+0200: 2,358: Total time for which application threads were stopped: 0,0031947 seconds, Stopping threads took: 0,0027625 seconds
{Heap before GC invocations=1 (full 0):
 par new generation   total 109248K, used 99793K [0x00000000e0000000, 0x00000000e8000000, 0x00000000e8000000)
  eden space 87424K, 100% used [0x00000000e0000000, 0x00000000e5560000, 0x00000000e5560000)
  from space 21824K,  56% used [0x00000000e6ab0000, 0x00000000e76c4528, 0x00000000e8000000)
  to   space 21824K,   0% used [0x00000000e5560000, 0x00000000e5560000, 0x00000000e6ab0000)
 concurrent mark-sweep generation total 393216K, used 0K [0x00000000e8000000, 0x0000000100000000, 0x0000000100000000)
 Metaspace       used 20112K, capacity 20492K, committed 20736K, reserved 1067008K
  class space    used 2300K, capacity 2468K, committed 2560K, reserved 1048576K
2018-06-19T12:17:01.946+0200: 2,398: [GC (Allocation Failure) 2018-06-19T12:17:01.948+0200: 2,400: [ParNew
Desired survivor size 20112992 bytes, new threshold 8 (max 8)
- age   1:    2722520 bytes,    2722520 total
- age   2:    6492656 bytes,    9215176 total
: 99793K->11677K(109248K), 0,0401786 secs] 99793K->11677K(502464K), 0,0421820 secs] [Times: user=0,09 sys=0,01, real=0,04 secs] 
Heap after GC invocations=2 (full 0):
 par new generation   total 109248K, used 11677K [0x00000000e0000000, 0x00000000e8000000, 0x00000000e8000000)
  eden space 87424K,   0% used [0x00000000e0000000, 0x00000000e0000000, 0x00000000e5560000)
  from space 21824K,  53% used [0x00000000e5560000, 0x00000000e60c7720, 0x00000000e6ab0000)
  to   space 21824K,   0% used [0x00000000e6ab0000, 0x00000000e6ab0000, 0x00000000e8000000)
 concurrent mark-sweep generation total 393216K, used 0K [0x00000000e8000000, 0x0000000100000000, 0x0000000100000000)
 Metaspace       used 20112K, capacity 20492K, committed 20736K, reserved 1067008K
  class space    used 2300K, capacity 2468K, committed 2560K, reserved 1048576K
}
2018-06-19T12:17:01.988+0200: 2,440: Total time for which application threads were stopped: 0,0515950 seconds, Stopping threads took: 0,0091953 seconds
2018-06-19T12:17:02.032+0200: 2,484: Total time for which application threads were stopped: 0,0033424 seconds, Stopping threads took: 0,0029753 seconds
2018-06-19T12:17:02.184+0200: 2,635: Total time for which application threads were stopped: 0,0002104 seconds, Stopping threads took: 0,0000640 seconds
{Heap before GC invocations=2 (full 0):
 par new generation   total 109248K, used 99101K [0x00000000e0000000, 0x00000000e8000000, 0x00000000e8000000)
  eden space 87424K, 100% used [0x00000000e0000000, 0x00000000e5560000, 0x00000000e5560000)
  from space 21824K,  53% used [0x00000000e5560000, 0x00000000e60c7720, 0x00000000e6ab0000)
  to   space 21824K,   0% used [0x00000000e6ab0000, 0x00000000e6ab0000, 0x00000000e8000000)
 concurrent mark-sweep generation total 393216K, used 0K [0x00000000e8000000, 0x0000000100000000, 0x0000000100000000)
 Metaspace       used 21041K, capacity 21350K, committed 21628K, reserved 1069056K
  class space    used 2426K, capacity 2587K, committed 2684K, reserved 1048576K
2018-06-19T12:17:02.304+0200: 2,756: [GC (Allocation Failure) 2018-06-19T12:17:02.304+0200: 2,756: [ParNew
Desired survivor size 20112992 bytes, new threshold 8 (max 8)
- age   1:    2255200 bytes,    2255200 total
- age   2:     504792 bytes,    2759992 total
- age   3:    6479952 bytes,    9239944 total
: 99101K->13302K(109248K), 0,0206396 secs] 99101K->13302K(502464K), 0,0207557 secs] [Times: user=0,05 sys=0,00, real=0,02 secs] 
Heap after GC invocations=3 (full 0):
 par new generation   total 109248K, used 13302K [0x00000000e0000000, 0x00000000e8000000, 0x00000000e8000000)
  eden space 87424K,   0% used [0x00000000e0000000, 0x00000000e0000000, 0x00000000e5560000)
  from space 21824K,  60% used [0x00000000e6ab0000, 0x00000000e77ad8c0, 0x00000000e8000000)
  to   space 21824K,   0% used [0x00000000e5560000, 0x00000000e5560000, 0x00000000e6ab0000)
 concurrent mark-sweep generation total 393216K, used 0K [0x00000000e8000000, 0x0000000100000000, 0x0000000100000000)
 Metaspace       used 21041K, capacity 21350K, committed 21628K, reserved 1069056K
  class space    used 2426K, capacity 2587K, committed 2684K, reserved 1048576K
}
2018-06-19T12:17:02.325+0200: 2,777: Total time for which application threads were stopped: 0,0246837 seconds, Stopping threads took: 0,0037113 seconds
2018-06-19T12:17:02.330+0200: 2,782: [GC (CMS Initial Mark) [1 CMS-initial-mark: 0K(393216K)] 17669K(502464K), 0,0203268 secs] [Times: user=0,04 sys=0,00, real=0,02 secs] 
2018-06-19T12:17:02.350+0200: 2,802: Total time for which application threads were stopped: 0,0210012 seconds, Stopping threads took: 0,0005211 seconds
2018-06-19T12:17:02.350+0200: 2,802: [CMS-concurrent-mark-start]
2018-06-19T12:17:02.351+0200: 2,803: [CMS-concurrent-mark: 0,001/0,001 secs] [Times: user=0,00 sys=0,00, real=0,00 secs] 
2018-06-19T12:17:02.351+0200: 2,803: [CMS-concurrent-preclean-start]
2018-06-19T12:17:02.352+0200: 2,804: [CMS-concurrent-preclean: 0,001/0,001 secs] [Times: user=0,00 sys=0,00, real=0,01 secs] 
2018-06-19T12:17:02.352+0200: 2,804: [CMS-concurrent-abortable-preclean-start]
2018-06-19T12:17:02.422+0200: 2,874: Total time for which application threads were stopped: 0,0002047 seconds, Stopping threads took: 0,0000626 seconds
{Heap before GC invocations=3 (full 1):
 par new generation   total 109248K, used 100726K [0x00000000e0000000, 0x00000000e8000000, 0x00000000e8000000)
  eden space 87424K, 100% used [0x00000000e0000000, 0x00000000e5560000, 0x00000000e5560000)
  from space 21824K,  60% used [0x00000000e6ab0000, 0x00000000e77ad8c0, 0x00000000e8000000)
  to   space 21824K,   0% used [0x00000000e5560000, 0x00000000e5560000, 0x00000000e6ab0000)
 concurrent mark-sweep generation total 393216K, used 0K [0x00000000e8000000, 0x0000000100000000, 0x0000000100000000)
 Metaspace       used 21315K, capacity 21722K, committed 21884K, reserved 1069056K
  class space    used 2454K, capacity 2634K, committed 2684K, reserved 1048576K
2018-06-19T12:17:02.520+0200: 2,972: [GC (Allocation Failure) 2018-06-19T12:17:02.520+0200: 2,972: [ParNew
Desired survivor size 20112992 bytes, new threshold 8 (max 8)
- age   1:     812384 bytes,     812384 total
- age   2:    1440016 bytes,    2252400 total
- age   3:     502568 bytes,    2754968 total
- age   4:    6479856 bytes,    9234824 total
: 100726K->11784K(109248K), 0,0177770 secs] 100726K->11784K(502464K), 0,0178576 secs] [Times: user=0,05 sys=0,00, real=0,02 secs] 
Heap after GC invocations=4 (full 1):
 par new generation   total 109248K, used 11784K [0x00000000e0000000, 0x00000000e8000000, 0x00000000e8000000)
  eden space 87424K,   0% used [0x00000000e0000000, 0x00000000e0000000, 0x00000000e5560000)
  from space 21824K,  53% used [0x00000000e5560000, 0x00000000e60e2310, 0x00000000e6ab0000)
  to   space 21824K,   0% used [0x00000000e6ab0000, 0x00000000e6ab0000, 0x00000000e8000000)
 concurrent mark-sweep generation total 393216K, used 0K [0x00000000e8000000, 0x0000000100000000, 0x0000000100000000)
 Metaspace       used 21315K, capacity 21722K, committed 21884K, reserved 1069056K
  class space    used 2454K, capacity 2634K, committed 2684K, reserved 1048576K
}
2018-06-19T12:17:02.538+0200: 2,990: Total time for which application threads were stopped: 0,0191197 seconds, Stopping threads took: 0,0010928 seconds
{Heap before GC invocations=4 (full 1):
 par new generation   total 109248K, used 99208K [0x00000000e0000000, 0x00000000e8000000, 0x00000000e8000000)
  eden space 87424K, 100% used [0x00000000e0000000, 0x00000000e5560000, 0x00000000e5560000)
  from space 21824K,  53% used [0x00000000e5560000, 0x00000000e60e2310, 0x00000000e6ab0000)
  to   space 21824K,   0% used [0x00000000e6ab0000, 0x00000000e6ab0000, 0x00000000e8000000)
 concurrent mark-sweep generation total 393216K, used 0K [0x00000000e8000000, 0x0000000100000000, 0x0000000100000000)
 Metaspace       used 21551K, capacity 21874K, committed 21960K, reserved 1069056K
  class space    used 2480K, capacity 2638K, committed 2684K, reserved 1048576K
2018-06-19T12:17:02.699+0200: 3,150: [GC (Allocation Failure) 2018-06-19T12:17:02.699+0200: 3,151: [ParNew
Desired survivor size 20112992 bytes, new threshold 8 (max 8)
- age   1:     599656 bytes,     599656 total
- age   2:     190920 bytes,     790576 total
- age   3:    1437776 bytes,    2228352 total
- age   4:     500680 bytes,    2729032 total
- age   5:    6479672 bytes,    9208704 total
: 99208K->11400K(109248K), 0,0156861 secs] 99208K->11400K(502464K), 0,0157688 secs] [Times: user=0,04 sys=0,00, real=0,02 secs] 
Heap after GC invocations=5 (full 1):
 par new generation   total 109248K, used 11400K [0x00000000e0000000, 0x00000000e8000000, 0x00000000e8000000)
  eden space 87424K,   0% used [0x00000000e0000000, 0x00000000e0000000, 0x00000000e5560000)
  from space 21824K,  52% used [0x00000000e6ab0000, 0x00000000e75d2280, 0x00000000e8000000)
  to   space 21824K,   0% used [0x00000000e5560000, 0x00000000e5560000, 0x00000000e6ab0000)
 concurrent mark-sweep generation total 393216K, used 0K [0x00000000e8000000, 0x0000000100000000, 0x0000000100000000)
 Metaspace       used 21551K, capacity 21874K, committed 21960K, reserved 1069056K
  class space    used 2480K, capacity 2638K, committed 2684K, reserved 1048576K
}
2018-06-19T12:17:02.715+0200: 3,166: Total time for which application threads were stopped: 0,0159748 seconds, Stopping threads took: 0,0000505 seconds
2018-06-19T12:17:02.715+0200: 3,166: [CMS-concurrent-abortable-preclean: 0,217/0,363 secs] [Times: user=1,06 sys=0,01, real=0,36 secs] 
2018-06-19T12:17:02.716+0200: 3,168: [GC (CMS Final Remark) [YG occupancy: 12671 K (109248 K)]{Heap before GC invocations=5 (full 1):
 par new generation   total 109248K, used 12671K [0x00000000e0000000, 0x00000000e8000000, 0x00000000e8000000)
  eden space 87424K,   1% used [0x00000000e0000000, 0x00000000e013dd60, 0x00000000e5560000)
  from space 21824K,  52% used [0x00000000e6ab0000, 0x00000000e75d2280, 0x00000000e8000000)
  to   space 21824K,   0% used [0x00000000e5560000, 0x00000000e5560000, 0x00000000e6ab0000)
 concurrent mark-sweep generation total 393216K, used 0K [0x00000000e8000000, 0x0000000100000000, 0x0000000100000000)
 Metaspace       used 21551K, capacity 21874K, committed 21960K, reserved 1069056K
  class space    used 2480K, capacity 2638K, committed 2684K, reserved 1048576K
2018-06-19T12:17:02.716+0200: 3,168: [GC (CMS Final Remark) 2018-06-19T12:17:02.716+0200: 3,168: [ParNew
Desired survivor size 20112992 bytes, new threshold 8 (max 8)
- age   1:      90096 bytes,      90096 total
- age   2:     380032 bytes,     470128 total
- age   3:     190920 bytes,     661048 total
- age   4:    1437792 bytes,    2098840 total
- age   5:     500680 bytes,    2599520 total
- age   6:    6480016 bytes,    9079536 total
: 12671K->15769K(109248K), 0,0086594 secs] 12671K->15769K(502464K), 0,0087068 secs] [Times: user=0,03 sys=0,00, real=0,01 secs] 
Heap after GC invocations=6 (full 1):
 par new generation   total 109248K, used 15769K [0x00000000e0000000, 0x00000000e8000000, 0x00000000e8000000)
  eden space 87424K,   0% used [0x00000000e0000000, 0x00000000e0000000, 0x00000000e5560000)
  from space 21824K,  72% used [0x00000000e5560000, 0x00000000e64c6600, 0x00000000e6ab0000)
  to   space 21824K,   0% used [0x00000000e6ab0000, 0x00000000e6ab0000, 0x00000000e8000000)
 concurrent mark-sweep generation total 393216K, used 0K [0x00000000e8000000, 0x0000000100000000, 0x0000000100000000)
 Metaspace       used 21551K, capacity 21874K, committed 21960K, reserved 1069056K
  class space    used 2480K, capacity 2638K, committed 2684K, reserved 1048576K
}
2018-06-19T12:17:02.725+0200: 3,176: [Rescan (parallel) , 0,0032226 secs]2018-06-19T12:17:02.728+0200: 3,180: [weak refs processing, 0,0006966 secs]2018-06-19T12:17:02.729+0200: 3,180: [class unloading, 0,0030871 secs]2018-06-19T12:17:02.732+0200: 3,183: [scrub symbol table, 0,0036652 secs]2018-06-19T12:17:02.735+0200: 3,187: [scrub string table, 0,0003885 secs][1 CMS-remark: 0K(393216K)] 15769K(502464K), 0,0205031 secs] [Times: user=0,05 sys=0,01, real=0,02 secs] 
2018-06-19T12:17:02.736+0200: 3,188: Total time for which application threads were stopped: 0,0215667 seconds, Stopping threads took: 0,0009778 seconds
2018-06-19T12:17:02.737+0200: 3,188: [CMS-concurrent-sweep-start]
2018-06-19T12:17:02.737+0200: 3,188: [CMS-concurrent-sweep: 0,000/0,000 secs] [Times: user=0,00 sys=0,00, real=0,00 secs] 
2018-06-19T12:17:02.737+0200: 3,188: [CMS-concurrent-reset-start]
2018-06-19T12:17:02.743+0200: 3,194: [CMS-concurrent-reset: 0,006/0,006 secs] [Times: user=0,01 sys=0,00, real=0,00 secs] 
2018-06-19T12:17:02.752+0200: 3,204: Total time for which application threads were stopped: 0,0003425 seconds, Stopping threads took: 0,0000237 seconds
2018-06-19T12:17:03.004+0200: 3,456: Total time for which application threads were stopped: 0,0004684 seconds, Stopping threads took: 0,0000205 seconds
2018-06-19T12:17:03.015+0200: 3,467: Total time for which application threads were stopped: 0,0003623 seconds, Stopping threads took: 0,0000273 seconds
{Heap before GC invocations=6 (full 1):
 par new generation   total 109248K, used 103193K [0x00000000e0000000, 0x00000000e8000000, 0x00000000e8000000)
  eden space 87424K, 100% used [0x00000000e0000000, 0x00000000e5560000, 0x00000000e5560000)
  from space 21824K,  72% used [0x00000000e5560000, 0x00000000e64c6600, 0x00000000e6ab0000)
  to   space 21824K,   0% used [0x00000000e6ab0000, 0x00000000e6ab0000, 0x00000000e8000000)
 concurrent mark-sweep generation total 393216K, used 0K [0x00000000e8000000, 0x0000000100000000, 0x0000000100000000)
 Metaspace       used 25493K, capacity 26036K, committed 26236K, reserved 1073152K
  class space    used 2954K, capacity 3157K, committed 3196K, reserved 1048576K
2018-06-19T12:17:03.500+0200: 3,952: [GC (Allocation Failure) 2018-06-19T12:17:03.500+0200: 3,952: [ParNew
Desired survivor size 20112992 bytes, new threshold 8 (max 8)
- age   1:    8329600 bytes,    8329600 total
- age   3:     186200 bytes,    8515800 total
- age   4:     187608 bytes,    8703408 total
- age   5:     266672 bytes,    8970080 total
- age   6:     478632 bytes,    9448712 total
- age   7:    6472560 bytes,   15921272 total
: 103193K->18845K(109248K), 0,0253770 secs] 103193K->18845K(502464K), 0,0254700 secs] [Times: user=0,08 sys=0,00, real=0,03 secs] 
Heap after GC invocations=7 (full 1):
 par new generation   total 109248K, used 18845K [0x00000000e0000000, 0x00000000e8000000, 0x00000000e8000000)
  eden space 87424K,   0% used [0x00000000e0000000, 0x00000000e0000000, 0x00000000e5560000)
  from space 21824K,  86% used [0x00000000e6ab0000, 0x00000000e7d17410, 0x00000000e8000000)
  to   space 21824K,   0% used [0x00000000e5560000, 0x00000000e5560000, 0x00000000e6ab0000)
 concurrent mark-sweep generation total 393216K, used 0K [0x00000000e8000000, 0x0000000100000000, 0x0000000100000000)
 Metaspace       used 25493K, capacity 26036K, committed 26236K, reserved 1073152K
  class space    used 2954K, capacity 3157K, committed 3196K, reserved 1048576K
}
2018-06-19T12:17:03.526+0200: 3,977: Total time for which application threads were stopped: 0,0259176 seconds, Stopping threads took: 0,0000834 seconds
2018-06-19T12:17:03.617+0200: 4,069: Total time for which application threads were stopped: 0,0014605 seconds, Stopping threads took: 0,0010485 seconds
2018-06-19T12:17:03.622+0200: 4,074: Total time for which application threads were stopped: 0,0015270 seconds, Stopping threads took: 0,0013782 seconds
2018-06-19T12:17:03.628+0200: 4,080: Total time for which application threads were stopped: 0,0046533 seconds, Stopping threads took: 0,0045241 seconds
2018-06-19T12:17:03.629+0200: 4,081: Total time for which application threads were stopped: 0,0001184 seconds, Stopping threads took: 0,0000248 seconds
2018-06-19T12:17:03.630+0200: 4,082: Total time for which application threads were stopped: 0,0001551 seconds, Stopping threads took: 0,0000476 seconds
2018-06-19T12:17:03.632+0200: 4,084: Total time for which application threads were stopped: 0,0001442 seconds, Stopping threads took: 0,0000470 seconds
2018-06-19T12:17:03.633+0200: 4,084: Total time for which application threads were stopped: 0,0001628 seconds, Stopping threads took: 0,0000935 seconds
2018-06-19T12:17:03.651+0200: 4,102: Total time for which application threads were stopped: 0,0007826 seconds, Stopping threads took: 0,0004355 seconds
2018-06-19T12:17:03.656+0200: 4,108: Total time for which application threads were stopped: 0,0004078 seconds, Stopping threads took: 0,0000337 seconds
2018-06-19T12:17:03.663+0200: 4,114: Total time for which application threads were stopped: 0,0002188 seconds, Stopping threads took: 0,0000749 seconds
2018-06-19T12:17:03.665+0200: 4,117: Total time for which application threads were stopped: 0,0001727 seconds, Stopping threads took: 0,0001003 seconds
2018-06-19T12:17:03.678+0200: 4,130: Total time for which application threads were stopped: 0,0002426 seconds, Stopping threads took: 0,0001332 seconds
2018-06-19T12:17:03.679+0200: 4,131: Total time for which application threads were stopped: 0,0003580 seconds, Stopping threads took: 0,0000237 seconds
2018-06-19T12:17:03.707+0200: 4,158: Total time for which application threads were stopped: 0,0003138 seconds, Stopping threads took: 0,0001334 seconds
2018-06-19T12:17:03.760+0200: 4,211: Total time for which application threads were stopped: 0,0005477 seconds, Stopping threads took: 0,0000675 seconds
2018-06-19T12:17:03.771+0200: 4,222: Total time for which application threads were stopped: 0,0002368 seconds, Stopping threads took: 0,0001379 seconds
2018-06-19T12:17:03.779+0200: 4,231: Total time for which application threads were stopped: 0,0006917 seconds, Stopping threads took: 0,0005942 seconds
2018-06-19T12:17:03.796+0200: 4,248: Total time for which application threads were stopped: 0,0009471 seconds, Stopping threads took: 0,0008393 seconds
2018-06-19T12:17:03.800+0200: 4,251: Total time for which application threads were stopped: 0,0023165 seconds, Stopping threads took: 0,0022305 seconds
2018-06-19T12:17:03.828+0200: 4,280: Total time for which application threads were stopped: 0,0038355 seconds, Stopping threads took: 0,0036703 seconds
2018-06-19T12:17:03.829+0200: 4,281: Total time for which application threads were stopped: 0,0010914 seconds, Stopping threads took: 0,0009653 seconds
2018-06-19T12:17:03.829+0200: 4,281: Total time for which application threads were stopped: 0,0001415 seconds, Stopping threads took: 0,0000261 seconds
2018-06-19T12:17:03.832+0200: 4,284: Total time for which application threads were stopped: 0,0004586 seconds, Stopping threads took: 0,0002803 seconds
2018-06-19T12:17:03.832+0200: 4,284: Total time for which application threads were stopped: 0,0001200 seconds, Stopping threads took: 0,0000201 seconds
2018-06-19T12:17:03.833+0200: 4,285: Total time for which application threads were stopped: 0,0003702 seconds, Stopping threads took: 0,0000506 seconds
2018-06-19T12:17:03.834+0200: 4,285: Total time for which application threads were stopped: 0,0006150 seconds, Stopping threads took: 0,0000897 seconds
2018-06-19T12:17:03.835+0200: 4,287: Total time for which application threads were stopped: 0,0005981 seconds, Stopping threads took: 0,0000592 seconds
2018-06-19T12:17:03.836+0200: 4,288: Total time for which application threads were stopped: 0,0012150 seconds, Stopping threads took: 0,0000721 seconds
2018-06-19T12:17:03.846+0200: 4,298: Total time for which application threads were stopped: 0,0004360 seconds, Stopping threads took: 0,0002774 seconds
2018-06-19T12:17:03.846+0200: 4,298: Total time for which application threads were stopped: 0,0000905 seconds, Stopping threads took: 0,0000153 seconds
2018-06-19T12:17:03.847+0200: 4,299: Total time for which application threads were stopped: 0,0007386 seconds, Stopping threads took: 0,0001946 seconds
2018-06-19T12:17:03.850+0200: 4,302: Total time for which application threads were stopped: 0,0008075 seconds, Stopping threads took: 0,0002105 seconds
2018-06-19T12:17:03.851+0200: 4,303: Total time for which application threads were stopped: 0,0006904 seconds, Stopping threads took: 0,0002674 seconds
2018-06-19T12:17:03.852+0200: 4,304: Total time for which application threads were stopped: 0,0001412 seconds, Stopping threads took: 0,0000342 seconds
2018-06-19T12:17:03.852+0200: 4,304: Total time for which application threads were stopped: 0,0001097 seconds, Stopping threads took: 0,0000408 seconds
2018-06-19T12:17:03.853+0200: 4,304: Total time for which application threads were stopped: 0,0002628 seconds, Stopping threads took: 0,0001716 seconds
2018-06-19T12:17:03.853+0200: 4,305: Total time for which application threads were stopped: 0,0001342 seconds, Stopping threads took: 0,0000695 seconds
2018-06-19T12:17:03.853+0200: 4,305: Total time for which application threads were stopped: 0,0000695 seconds, Stopping threads took: 0,0000194 seconds
2018-06-19T12:17:03.854+0200: 4,305: Total time for which application threads were stopped: 0,0001681 seconds, Stopping threads took: 0,0000891 seconds
2018-06-19T12:17:03.854+0200: 4,305: Total time for which application threads were stopped: 0,0001024 seconds, Stopping threads took: 0,0000496 seconds
2018-06-19T12:17:03.854+0200: 4,306: Total time for which application threads were stopped: 0,0000869 seconds, Stopping threads took: 0,0000273 seconds
2018-06-19T12:17:03.854+0200: 4,306: Total time for which application threads were stopped: 0,0000901 seconds, Stopping threads took: 0,0000321 seconds
2018-06-19T12:17:03.855+0200: 4,306: Total time for which application threads were stopped: 0,0001614 seconds, Stopping threads took: 0,0000236 seconds
2018-06-19T12:17:03.855+0200: 4,307: Total time for which application threads were stopped: 0,0001153 seconds, Stopping threads took: 0,0000489 seconds
2018-06-19T12:17:03.856+0200: 4,307: Total time for which application threads were stopped: 0,0000923 seconds, Stopping threads took: 0,0000336 seconds
2018-06-19T12:17:03.856+0200: 4,307: Total time for which application threads were stopped: 0,0001003 seconds, Stopping threads took: 0,0000365 seconds
2018-06-19T12:17:03.857+0200: 4,308: Total time for which application threads were stopped: 0,0001842 seconds, Stopping threads took: 0,0000478 seconds
2018-06-19T12:17:03.858+0200: 4,309: Total time for which application threads were stopped: 0,0001445 seconds, Stopping threads took: 0,0000455 seconds
2018-06-19T12:17:03.859+0200: 4,311: Total time for which application threads were stopped: 0,0009242 seconds, Stopping threads took: 0,0007791 seconds
2018-06-19T12:17:03.866+0200: 4,318: Total time for which application threads were stopped: 0,0006591 seconds, Stopping threads took: 0,0001035 seconds
2018-06-19T12:17:03.872+0200: 4,323: Total time for which application threads were stopped: 0,0003076 seconds, Stopping threads took: 0,0000692 seconds
2018-06-19T12:17:03.874+0200: 4,326: Total time for which application threads were stopped: 0,0001583 seconds, Stopping threads took: 0,0000575 seconds
2018-06-19T12:17:03.876+0200: 4,328: Total time for which application threads were stopped: 0,0001258 seconds, Stopping threads took: 0,0000270 seconds
2018-06-19T12:17:03.876+0200: 4,328: Total time for which application threads were stopped: 0,0000524 seconds, Stopping threads took: 0,0000118 seconds
2018-06-19T12:17:03.884+0200: 4,335: Total time for which application threads were stopped: 0,0040301 seconds, Stopping threads took: 0,0039383 seconds
2018-06-19T12:17:03.886+0200: 4,338: Total time for which application threads were stopped: 0,0003999 seconds, Stopping threads took: 0,0003204 seconds
2018-06-19T12:17:03.892+0200: 4,344: Total time for which application threads were stopped: 0,0004334 seconds, Stopping threads took: 0,0003351 seconds
2018-06-19T12:17:03.894+0200: 4,345: Total time for which application threads were stopped: 0,0001337 seconds, Stopping threads took: 0,0000278 seconds
2018-06-19T12:17:03.920+0200: 4,371: Total time for which application threads were stopped: 0,0003828 seconds, Stopping threads took: 0,0002519 seconds
2018-06-19T12:17:03.929+0200: 4,381: Total time for which application threads were stopped: 0,0001848 seconds, Stopping threads took: 0,0000892 seconds
2018-06-19T12:17:03.937+0200: 4,389: Total time for which application threads were stopped: 0,0004233 seconds, Stopping threads took: 0,0001113 seconds
2018-06-19T12:17:03.956+0200: 4,408: Total time for which application threads were stopped: 0,0013243 seconds, Stopping threads took: 0,0012214 seconds
2018-06-19T12:17:03.988+0200: 4,439: Total time for which application threads were stopped: 0,0073988 seconds, Stopping threads took: 0,0039535 seconds
{Heap before GC invocations=7 (full 1):
 par new generation   total 109248K, used 106269K [0x00000000e0000000, 0x00000000e8000000, 0x00000000e8000000)
  eden space 87424K, 100% used [0x00000000e0000000, 0x00000000e5560000, 0x00000000e5560000)
  from space 21824K,  86% used [0x00000000e6ab0000, 0x00000000e7d17410, 0x00000000e8000000)
  to   space 21824K,   0% used [0x00000000e5560000, 0x00000000e5560000, 0x00000000e6ab0000)
 concurrent mark-sweep generation total 393216K, used 0K [0x00000000e8000000, 0x0000000100000000, 0x0000000100000000)
 Metaspace       used 28008K, capacity 28508K, committed 28796K, reserved 1075200K
  class space    used 3224K, capacity 3421K, committed 3452K, reserved 1048576K
2018-06-19T12:17:04.184+0200: 4,636: [GC (Allocation Failure) 2018-06-19T12:17:04.184+0200: 4,636: [ParNew
Desired survivor size 20112992 bytes, new threshold 8 (max 8)
- age   1:   10171656 bytes,   10171656 total
- age   2:    4609088 bytes,   14780744 total
- age   4:     157432 bytes,   14938176 total
- age   5:     166016 bytes,   15104192 total
- age   6:     244952 bytes,   15349144 total
- age   7:     470448 bytes,   15819592 total
- age   8:    6463648 bytes,   22283240 total
: 106269K->21824K(109248K), 0,0414545 secs] 106269K->23285K(502464K), 0,0415591 secs] [Times: user=0,12 sys=0,01, real=0,04 secs] 
Heap after GC invocations=8 (full 1):
 par new generation   total 109248K, used 21824K [0x00000000e0000000, 0x00000000e8000000, 0x00000000e8000000)
  eden space 87424K,   0% used [0x00000000e0000000, 0x00000000e0000000, 0x00000000e5560000)
  from space 21824K, 100% used [0x00000000e5560000, 0x00000000e6ab0000, 0x00000000e6ab0000)
  to   space 21824K,   0% used [0x00000000e6ab0000, 0x00000000e6ab0000, 0x00000000e8000000)
 concurrent mark-sweep generation total 393216K, used 1461K [0x00000000e8000000, 0x0000000100000000, 0x0000000100000000)
 Metaspace       used 28008K, capacity 28508K, committed 28796K, reserved 1075200K
  class space    used 3224K, capacity 3421K, committed 3452K, reserved 1048576K
}
2018-06-19T12:17:04.226+0200: 4,678: Total time for which application threads were stopped: 0,0418797 seconds, Stopping threads took: 0,0000742 seconds
2018-06-19T12:17:04.240+0200: 4,692: Total time for which application threads were stopped: 0,0024220 seconds, Stopping threads took: 0,0023096 seconds
2018-06-19T12:17:04.242+0200: 4,694: Total time for which application threads were stopped: 0,0019565 seconds, Stopping threads took: 0,0018155 seconds
2018-06-19T12:17:04.242+0200: 4,694: Total time for which application threads were stopped: 0,0001386 seconds, Stopping threads took: 0,0000386 seconds
{Heap before GC invocations=8 (full 1):
 par new generation   total 109248K, used 109248K [0x00000000e0000000, 0x00000000e8000000, 0x00000000e8000000)
  eden space 87424K, 100% used [0x00000000e0000000, 0x00000000e5560000, 0x00000000e5560000)
  from space 21824K, 100% used [0x00000000e5560000, 0x00000000e6ab0000, 0x00000000e6ab0000)
  to   space 21824K,   0% used [0x00000000e6ab0000, 0x00000000e6ab0000, 0x00000000e8000000)
 concurrent mark-sweep generation total 393216K, used 1461K [0x00000000e8000000, 0x0000000100000000, 0x0000000100000000)
 Metaspace       used 28047K, capacity 28610K, committed 28796K, reserved 1075200K
  class space    used 3228K, capacity 3428K, committed 3452K, reserved 1048576K
2018-06-19T12:17:04.338+0200: 4,790: [GC (Allocation Failure) 2018-06-19T12:17:04.338+0200: 4,790: [ParNew
Desired survivor size 20112992 bytes, new threshold 8 (max 8)
- age   1:    1765464 bytes,    1765464 total
- age   2:    9439456 bytes,   11204920 total
- age   3:    4477472 bytes,   15682392 total
- age   5:     152128 bytes,   15834520 total
- age   6:     160880 bytes,   15995400 total
- age   7:     229384 bytes,   16224784 total
- age   8:     416168 bytes,   16640952 total
: 109248K->21824K(109248K), 0,0606327 secs] 110709K->30485K(502464K), 0,0607214 secs] [Times: user=0,18 sys=0,01, real=0,06 secs] 
Heap after GC invocations=9 (full 1):
 par new generation   total 109248K, used 21824K [0x00000000e0000000, 0x00000000e8000000, 0x00000000e8000000)
  eden space 87424K,   0% used [0x00000000e0000000, 0x00000000e0000000, 0x00000000e5560000)
  from space 21824K, 100% used [0x00000000e6ab0000, 0x00000000e8000000, 0x00000000e8000000)
  to   space 21824K,   0% used [0x00000000e5560000, 0x00000000e5560000, 0x00000000e6ab0000)
 concurrent mark-sweep generation total 393216K, used 8661K [0x00000000e8000000, 0x0000000100000000, 0x0000000100000000)
 Metaspace       used 28047K, capacity 28610K, committed 28796K, reserved 1075200K
  class space    used 3228K, capacity 3428K, committed 3452K, reserved 1048576K
}
2018-06-19T12:17:04.399+0200: 4,850: Total time for which application threads were stopped: 0,0611376 seconds, Stopping threads took: 0,0002092 seconds
2018-06-19T12:17:04.620+0200: 5,072: Total time for which application threads were stopped: 0,0002582 seconds, Stopping threads took: 0,0000650 seconds
2018-06-19T12:17:04.621+0200: 5,073: Total time for which application threads were stopped: 0,0001487 seconds, Stopping threads took: 0,0000615 seconds
{Heap before GC invocations=9 (full 1):
 par new generation   total 109248K, used 109248K [0x00000000e0000000, 0x00000000e8000000, 0x00000000e8000000)
  eden space 87424K, 100% used [0x00000000e0000000, 0x00000000e5560000, 0x00000000e5560000)
  from space 21824K, 100% used [0x00000000e6ab0000, 0x00000000e8000000, 0x00000000e8000000)
  to   space 21824K,   0% used [0x00000000e5560000, 0x00000000e5560000, 0x00000000e6ab0000)
 concurrent mark-sweep generation total 393216K, used 8661K [0x00000000e8000000, 0x0000000100000000, 0x0000000100000000)
 Metaspace       used 28218K, capacity 28894K, committed 29052K, reserved 1075200K
  class space    used 3234K, capacity 3436K, committed 3452K, reserved 1048576K
2018-06-19T12:17:04.630+0200: 5,082: [GC (Allocation Failure) 2018-06-19T12:17:04.630+0200: 5,082: [ParNew
Desired survivor size 20112992 bytes, new threshold 8 (max 8)
- age   1:    1121696 bytes,    1121696 total
- age   2:     168856 bytes,    1290552 total
- age   3:    9435584 bytes,   10726136 total
- age   4:    4477264 bytes,   15203400 total
- age   6:     152128 bytes,   15355528 total
- age   7:     160776 bytes,   15516304 total
- age   8:     229384 bytes,   15745688 total
: 109248K->21121K(109248K), 0,0503286 secs] 117909K->30198K(502464K), 0,0504224 secs] [Times: user=0,12 sys=0,00, real=0,05 secs] 
Heap after GC invocations=10 (full 1):
 par new generation   total 109248K, used 21121K [0x00000000e0000000, 0x00000000e8000000, 0x00000000e8000000)
  eden space 87424K,   0% used [0x00000000e0000000, 0x00000000e0000000, 0x00000000e5560000)
  from space 21824K,  96% used [0x00000000e5560000, 0x00000000e6a00440, 0x00000000e6ab0000)
  to   space 21824K,   0% used [0x00000000e6ab0000, 0x00000000e6ab0000, 0x00000000e8000000)
 concurrent mark-sweep generation total 393216K, used 9077K [0x00000000e8000000, 0x0000000100000000, 0x0000000100000000)
 Metaspace       used 28218K, capacity 28894K, committed 29052K, reserved 1075200K
  class space    used 3234K, capacity 3436K, committed 3452K, reserved 1048576K
}
2018-06-19T12:17:04.681+0200: 5,132: Total time for which application threads were stopped: 0,0506802 seconds, Stopping threads took: 0,0000633 seconds
2018-06-19T12:17:04.694+0200: 5,146: Total time for which application threads were stopped: 0,0053245 seconds, Stopping threads took: 0,0000529 seconds
2018-06-19T12:17:04.731+0200: 5,183: Total time for which application threads were stopped: 0,0023999 seconds, Stopping threads took: 0,0017276 seconds
2018-06-19T12:17:04.739+0200: 5,190: Total time for which application threads were stopped: 0,0010248 seconds, Stopping threads took: 0,0009112 seconds
2018-06-19T12:17:04.739+0200: 5,190: Total time for which application threads were stopped: 0,0001021 seconds, Stopping threads took: 0,0000379 seconds
2018-06-19T12:17:04.740+0200: 5,191: Total time for which application threads were stopped: 0,0001278 seconds, Stopping threads took: 0,0000454 seconds
2018-06-19T12:17:04.740+0200: 5,191: Total time for which application threads were stopped: 0,0001012 seconds, Stopping threads took: 0,0000366 seconds
2018-06-19T12:17:04.740+0200: 5,192: Total time for which application threads were stopped: 0,0001463 seconds, Stopping threads took: 0,0000365 seconds
2018-06-19T12:17:04.740+0200: 5,192: Total time for which application threads were stopped: 0,0000966 seconds, Stopping threads took: 0,0000280 seconds
2018-06-19T12:17:04.741+0200: 5,192: Total time for which application threads were stopped: 0,0000711 seconds, Stopping threads took: 0,0000242 seconds
2018-06-19T12:17:04.741+0200: 5,192: Total time for which application threads were stopped: 0,0000713 seconds, Stopping threads took: 0,0000273 seconds
2018-06-19T12:17:04.741+0200: 5,193: Total time for which application threads were stopped: 0,0002328 seconds, Stopping threads took: 0,0000364 seconds
2018-06-19T12:17:05.742+0200: 6,193: Total time for which application threads were stopped: 0,0006046 seconds, Stopping threads took: 0,0001066 seconds
2018-06-19T12:17:11.799+0200: 12,251: Total time for which application threads were stopped: 0,0004747 seconds, Stopping threads took: 0,0000335 seconds
2018-06-19T12:17:11.834+0200: 12,285: Total time for which application threads were stopped: 0,0000958 seconds, Stopping threads took: 0,0000283 seconds
2018-06-19T12:17:11.845+0200: 12,296: Total time for which application threads were stopped: 0,0004403 seconds, Stopping threads took: 0,0000241 seconds
2018-06-19T12:17:11.851+0200: 12,302: Total time for which application threads were stopped: 0,0001026 seconds, Stopping threads took: 0,0000454 seconds
2018-06-19T12:17:11.852+0200: 12,304: Total time for which application threads were stopped: 0,0000800 seconds, Stopping threads took: 0,0000230 seconds
2018-06-19T12:17:11.853+0200: 12,304: Total time for which application threads were stopped: 0,0000358 seconds, Stopping threads took: 0,0000114 seconds
2018-06-19T12:17:11.857+0200: 12,308: Total time for which application threads were stopped: 0,0000824 seconds, Stopping threads took: 0,0000300 seconds
2018-06-19T12:17:11.857+0200: 12,308: Total time for which application threads were stopped: 0,0000412 seconds, Stopping threads took: 0,0000155 seconds
2018-06-19T12:17:11.857+0200: 12,309: Total time for which application threads were stopped: 0,0000399 seconds, Stopping threads took: 0,0000172 seconds
2018-06-19T12:17:11.857+0200: 12,309: Total time for which application threads were stopped: 0,0000661 seconds, Stopping threads took: 0,0000165 seconds
2018-06-19T12:17:11.857+0200: 12,309: Total time for which application threads were stopped: 0,0000387 seconds, Stopping threads took: 0,0000104 seconds
2018-06-19T12:17:11.858+0200: 12,310: Total time for which application threads were stopped: 0,0000750 seconds, Stopping threads took: 0,0000239 seconds
2018-06-19T12:17:11.886+0200: 12,337: Total time for which application threads were stopped: 0,0001112 seconds, Stopping threads took: 0,0000460 seconds
2018-06-19T12:17:11.902+0200: 12,354: Total time for which application threads were stopped: 0,0001413 seconds, Stopping threads took: 0,0000611 seconds
2018-06-19T12:17:11.908+0200: 12,360: Total time for which application threads were stopped: 0,0000983 seconds, Stopping threads took: 0,0000313 seconds
2018-06-19T12:17:11.912+0200: 12,363: Total time for which application threads were stopped: 0,0000863 seconds, Stopping threads took: 0,0000307 seconds
2018-06-19T12:17:11.977+0200: 12,429: Total time for which application threads were stopped: 0,0001444 seconds, Stopping threads took: 0,0000538 seconds
2018-06-19T12:17:11.978+0200: 12,430: Total time for which application threads were stopped: 0,0001079 seconds, Stopping threads took: 0,0000380 seconds
2018-06-19T12:17:11.979+0200: 12,431: Total time for which application threads were stopped: 0,0000816 seconds, Stopping threads took: 0,0000241 seconds
2018-06-19T12:17:11.979+0200: 12,431: Total time for which application threads were stopped: 0,0000597 seconds, Stopping threads took: 0,0000257 seconds
2018-06-19T12:17:11.980+0200: 12,431: Total time for which application threads were stopped: 0,0000798 seconds, Stopping threads took: 0,0000290 seconds
2018-06-19T12:17:11.980+0200: 12,431: Total time for which application threads were stopped: 0,0000633 seconds, Stopping threads took: 0,0000195 seconds
2018-06-19T12:17:11.980+0200: 12,431: Total time for which application threads were stopped: 0,0000417 seconds, Stopping threads took: 0,0000152 seconds
2018-06-19T12:17:11.980+0200: 12,431: Total time for which application threads were stopped: 0,0000511 seconds, Stopping threads took: 0,0000298 seconds
2018-06-19T12:17:11.980+0200: 12,431: Total time for which application threads were stopped: 0,0000508 seconds, Stopping threads took: 0,0000287 seconds
2018-06-19T12:17:11.980+0200: 12,432: Total time for which application threads were stopped: 0,0000494 seconds, Stopping threads took: 0,0000218 seconds
2018-06-19T12:17:11.980+0200: 12,432: Total time for which application threads were stopped: 0,0000429 seconds, Stopping threads took: 0,0000197 seconds
2018-06-19T12:17:11.980+0200: 12,432: Total time for which application threads were stopped: 0,0000396 seconds, Stopping threads took: 0,0000169 seconds
2018-06-19T12:17:11.980+0200: 12,432: Total time for which application threads were stopped: 0,0000481 seconds, Stopping threads took: 0,0000147 seconds
2018-06-19T12:17:11.981+0200: 12,432: Total time for which application threads were stopped: 0,0000454 seconds, Stopping threads took: 0,0000184 seconds
2018-06-19T12:17:11.981+0200: 12,432: Total time for which application threads were stopped: 0,0000491 seconds, Stopping threads took: 0,0000243 seconds
2018-06-19T12:17:11.981+0200: 12,432: Total time for which application threads were stopped: 0,0000495 seconds, Stopping threads took: 0,0000201 seconds
2018-06-19T12:17:11.981+0200: 12,433: Total time for which application threads were stopped: 0,0000307 seconds, Stopping threads took: 0,0000087 seconds
2018-06-19T12:17:11.981+0200: 12,433: Total time for which application threads were stopped: 0,0000420 seconds, Stopping threads took: 0,0000127 seconds
2018-06-19T12:17:11.981+0200: 12,433: Total time for which application threads were stopped: 0,0000422 seconds, Stopping threads took: 0,0000119 seconds
2018-06-19T12:17:11.981+0200: 12,433: Total time for which application threads were stopped: 0,0001252 seconds, Stopping threads took: 0,0000138 seconds
2018-06-19T12:17:12.059+0200: 12,510: Total time for which application threads were stopped: 0,0003736 seconds, Stopping threads took: 0,0000160 seconds
2018-06-19T12:17:12.060+0200: 12,511: Total time for which application threads were stopped: 0,0003338 seconds, Stopping threads took: 0,0000105 seconds
2018-06-19T12:17:12.285+0200: 12,736: Total time for which application threads were stopped: 0,0002805 seconds, Stopping threads took: 0,0000429 seconds
{Heap before GC invocations=10 (full 1):
 par new generation   total 109248K, used 108545K [0x00000000e0000000, 0x00000000e8000000, 0x00000000e8000000)
  eden space 87424K, 100% used [0x00000000e0000000, 0x00000000e5560000, 0x00000000e5560000)
  from space 21824K,  96% used [0x00000000e5560000, 0x00000000e6a00440, 0x00000000e6ab0000)
  to   space 21824K,   0% used [0x00000000e6ab0000, 0x00000000e6ab0000, 0x00000000e8000000)
 concurrent mark-sweep generation total 393216K, used 9077K [0x00000000e8000000, 0x0000000100000000, 0x0000000100000000)
 Metaspace       used 30447K, capacity 31172K, committed 31356K, reserved 1077248K
  class space    used 3486K, capacity 3701K, committed 3708K, reserved 1048576K
2018-06-19T12:17:12.493+0200: 12,945: [GC (Allocation Failure) 2018-06-19T12:17:12.493+0200: 12,945: [ParNew
Desired survivor size 20112992 bytes, new threshold 5 (max 8)
- age   1:    7017568 bytes,    7017568 total
- age   2:    1062864 bytes,    8080432 total
- age   3:     168856 bytes,    8249288 total
- age   4:    9126848 bytes,   17376136 total
- age   5:    4326928 bytes,   21703064 total
- age   7:     152000 bytes,   21855064 total
- age   8:     160760 bytes,   22015824 total
: 108545K->21824K(109248K), 0,0323045 secs] 117622K->31695K(502464K), 0,0325054 secs] [Times: user=0,09 sys=0,00, real=0,03 secs] 
Heap after GC invocations=11 (full 1):
 par new generation   total 109248K, used 21824K [0x00000000e0000000, 0x00000000e8000000, 0x00000000e8000000)
  eden space 87424K,   0% used [0x00000000e0000000, 0x00000000e0000000, 0x00000000e5560000)
  from space 21824K, 100% used [0x00000000e6ab0000, 0x00000000e8000000, 0x00000000e8000000)
  to   space 21824K,   0% used [0x00000000e5560000, 0x00000000e5560000, 0x00000000e6ab0000)
 concurrent mark-sweep generation total 393216K, used 9871K [0x00000000e8000000, 0x0000000100000000, 0x0000000100000000)
 Metaspace       used 30447K, capacity 31172K, committed 31356K, reserved 1077248K
  class space    used 3486K, capacity 3701K, committed 3708K, reserved 1048576K
}
2018-06-19T12:17:12.526+0200: 12,977: Total time for which application threads were stopped: 0,0328322 seconds, Stopping threads took: 0,0000362 seconds
2018-06-19T12:17:12.527+0200: 12,978: Total time for which application threads were stopped: 0,0002163 seconds, Stopping threads took: 0,0000873 seconds
2018-06-19T12:17:12.540+0200: 12,992: Total time for which application threads were stopped: 0,0001561 seconds, Stopping threads took: 0,0000714 seconds
2018-06-19T12:17:12.718+0200: 13,169: Total time for which application threads were stopped: 0,0001882 seconds, Stopping threads took: 0,0000524 seconds
2018-06-19T12:17:12.718+0200: 13,170: Total time for which application threads were stopped: 0,0000928 seconds, Stopping threads took: 0,0000318 seconds
2018-06-19T12:17:12.729+0200: 13,181: Total time for which application threads were stopped: 0,0001371 seconds, Stopping threads took: 0,0000521 seconds
2018-06-19T12:17:12.749+0200: 13,200: Total time for which application threads were stopped: 0,0001394 seconds, Stopping threads took: 0,0000447 seconds
2018-06-19T12:17:12.837+0200: 13,289: Total time for which application threads were stopped: 0,0001552 seconds, Stopping threads took: 0,0000424 seconds
2018-06-19T12:17:12.837+0200: 13,289: Total time for which application threads were stopped: 0,0000767 seconds, Stopping threads took: 0,0000343 seconds
{Heap before GC invocations=11 (full 1):
 par new generation   total 109248K, used 109248K [0x00000000e0000000, 0x00000000e8000000, 0x00000000e8000000)
  eden space 87424K, 100% used [0x00000000e0000000, 0x00000000e5560000, 0x00000000e5560000)
  from space 21824K, 100% used [0x00000000e6ab0000, 0x00000000e8000000, 0x00000000e8000000)
  to   space 21824K,   0% used [0x00000000e5560000, 0x00000000e5560000, 0x00000000e6ab0000)
 concurrent mark-sweep generation total 393216K, used 9871K [0x00000000e8000000, 0x0000000100000000, 0x0000000100000000)
 Metaspace       used 30538K, capacity 31236K, committed 31356K, reserved 1077248K
  class space    used 3487K, capacity 3701K, committed 3708K, reserved 1048576K
2018-06-19T12:17:12.930+0200: 13,382: [GC (Allocation Failure) 2018-06-19T12:17:12.931+0200: 13,382: [ParNew
Desired survivor size 20112992 bytes, new threshold 8 (max 8)
- age   1:    1321568 bytes,    1321568 total
- age   2:    5968832 bytes,    7290400 total
- age   3:     961832 bytes,    8252232 total
- age   4:     145312 bytes,    8397544 total
- age   5:    9125008 bytes,   17522552 total
: 109248K->21824K(109248K), 0,0356147 secs] 119119K->36985K(502464K), 0,0357241 secs] [Times: user=0,09 sys=0,00, real=0,04 secs] 
Heap after GC invocations=12 (full 1):
 par new generation   total 109248K, used 21824K [0x00000000e0000000, 0x00000000e8000000, 0x00000000e8000000)
  eden space 87424K,   0% used [0x00000000e0000000, 0x00000000e0000000, 0x00000000e5560000)
  from space 21824K, 100% used [0x00000000e5560000, 0x00000000e6ab0000, 0x00000000e6ab0000)
  to   space 21824K,   0% used [0x00000000e6ab0000, 0x00000000e6ab0000, 0x00000000e8000000)
 concurrent mark-sweep generation total 393216K, used 15161K [0x00000000e8000000, 0x0000000100000000, 0x0000000100000000)
 Metaspace       used 30538K, capacity 31236K, committed 31356K, reserved 1077248K
  class space    used 3487K, capacity 3701K, committed 3708K, reserved 1048576K
}
2018-06-19T12:17:12.966+0200: 13,418: Total time for which application threads were stopped: 0,0359895 seconds, Stopping threads took: 0,0000396 seconds
2018-06-19T12:17:13.148+0200: 13,600: Total time for which application threads were stopped: 0,0156757 seconds, Stopping threads took: 0,0154410 seconds
2018-06-19T12:17:13.162+0200: 13,614: Total time for which application threads were stopped: 0,0008897 seconds, Stopping threads took: 0,0007252 seconds
2018-06-19T12:17:13.172+0200: 13,623: Total time for which application threads were stopped: 0,0036487 seconds, Stopping threads took: 0,0035490 seconds
2018-06-19T12:17:13.404+0200: 13,856: Total time for which application threads were stopped: 0,0132009 seconds, Stopping threads took: 0,0129660 seconds
{Heap before GC invocations=12 (full 1):
 par new generation   total 109248K, used 109248K [0x00000000e0000000, 0x00000000e8000000, 0x00000000e8000000)
  eden space 87424K, 100% used [0x00000000e0000000, 0x00000000e5560000, 0x00000000e5560000)
  from space 21824K, 100% used [0x00000000e5560000, 0x00000000e6ab0000, 0x00000000e6ab0000)
  to   space 21824K,   0% used [0x00000000e6ab0000, 0x00000000e6ab0000, 0x00000000e8000000)
 concurrent mark-sweep generation total 393216K, used 15161K [0x00000000e8000000, 0x0000000100000000, 0x0000000100000000)
 Metaspace       used 30735K, capacity 31428K, committed 31612K, reserved 1077248K
  class space    used 3503K, capacity 3701K, committed 3708K, reserved 1048576K
2018-06-19T12:17:13.415+0200: 13,867: [GC (Allocation Failure) 2018-06-19T12:17:13.415+0200: 13,867: [ParNew
Desired survivor size 20112992 bytes, new threshold 8 (max 8)
- age   1:    1901992 bytes,    1901992 total
- age   2:    1007720 bytes,    2909712 total
- age   3:    5830152 bytes,    8739864 total
- age   4:     961816 bytes,    9701680 total
- age   5:     145248 bytes,    9846928 total
- age   6:    7744320 bytes,   17591248 total
: 109248K->21824K(109248K), 0,1207642 secs] 124409K->38525K(502464K), 0,1210174 secs] [Times: user=0,18 sys=0,00, real=0,12 secs] 
Heap after GC invocations=13 (full 1):
 par new generation   total 109248K, used 21824K [0x00000000e0000000, 0x00000000e8000000, 0x00000000e8000000)
  eden space 87424K,   0% used [0x00000000e0000000, 0x00000000e0000000, 0x00000000e5560000)
  from space 21824K, 100% used [0x00000000e6ab0000, 0x00000000e8000000, 0x00000000e8000000)
  to   space 21824K,   0% used [0x00000000e5560000, 0x00000000e5560000, 0x00000000e6ab0000)
 concurrent mark-sweep generation total 393216K, used 16701K [0x00000000e8000000, 0x0000000100000000, 0x0000000100000000)
 Metaspace       used 30735K, capacity 31428K, committed 31612K, reserved 1077248K
  class space    used 3503K, capacity 3701K, committed 3708K, reserved 1048576K
}
2018-06-19T12:17:13.536+0200: 13,988: Total time for which application threads were stopped: 0,1247504 seconds, Stopping threads took: 0,0030134 seconds
2018-06-19T12:17:13.546+0200: 13,998: Total time for which application threads were stopped: 0,0019118 seconds, Stopping threads took: 0,0017937 seconds
2018-06-19T12:17:13.551+0200: 14,003: Total time for which application threads were stopped: 0,0001261 seconds, Stopping threads took: 0,0000352 seconds
{Heap before GC invocations=13 (full 1):
 par new generation   total 109248K, used 109248K [0x00000000e0000000, 0x00000000e8000000, 0x00000000e8000000)
  eden space 87424K, 100% used [0x00000000e0000000, 0x00000000e5560000, 0x00000000e5560000)
  from space 21824K, 100% used [0x00000000e6ab0000, 0x00000000e8000000, 0x00000000e8000000)
  to   space 21824K,   0% used [0x00000000e5560000, 0x00000000e5560000, 0x00000000e6ab0000)
 concurrent mark-sweep generation total 393216K, used 16701K [0x00000000e8000000, 0x0000000100000000, 0x0000000100000000)
 Metaspace       used 30804K, capacity 31524K, committed 31740K, reserved 1077248K
  class space    used 3508K, capacity 3733K, committed 3836K, reserved 1048576K
2018-06-19T12:17:13.844+0200: 14,296: [GC (Allocation Failure) 2018-06-19T12:17:13.844+0200: 14,296: [ParNew
Desired survivor size 20112992 bytes, new threshold 8 (max 8)
- age   1:    1494848 bytes,    1494848 total
- age   2:    1345024 bytes,    2839872 total
- age   3:     544296 bytes,    3384168 total
- age   4:    5532200 bytes,    8916368 total
- age   5:     961816 bytes,    9878184 total
- age   6:     145248 bytes,   10023432 total
- age   7:    7744264 bytes,   17767696 total
: 109248K->21824K(109248K), 0,0511271 secs] 125949K->38525K(502464K), 0,0514066 secs] [Times: user=0,10 sys=0,00, real=0,05 secs] 
Heap after GC invocations=14 (full 1):
 par new generation   total 109248K, used 21824K [0x00000000e0000000, 0x00000000e8000000, 0x00000000e8000000)
  eden space 87424K,   0% used [0x00000000e0000000, 0x00000000e0000000, 0x00000000e5560000)
  from space 21824K, 100% used [0x00000000e5560000, 0x00000000e6ab0000, 0x00000000e6ab0000)
  to   space 21824K,   0% used [0x00000000e6ab0000, 0x00000000e6ab0000, 0x00000000e8000000)
 concurrent mark-sweep generation total 393216K, used 16701K [0x00000000e8000000, 0x0000000100000000, 0x0000000100000000)
 Metaspace       used 30804K, capacity 31524K, committed 31740K, reserved 1077248K
  class space    used 3508K, capacity 3733K, committed 3836K, reserved 1048576K
}
2018-06-19T12:17:13.896+0200: 14,347: Total time for which application threads were stopped: 0,0519559 seconds, Stopping threads took: 0,0000559 seconds
{Heap before GC invocations=14 (full 1):
 par new generation   total 109248K, used 109248K [0x00000000e0000000, 0x00000000e8000000, 0x00000000e8000000)
  eden space 87424K, 100% used [0x00000000e0000000, 0x00000000e5560000, 0x00000000e5560000)
  from space 21824K, 100% used [0x00000000e5560000, 0x00000000e6ab0000, 0x00000000e6ab0000)
  to   space 21824K,   0% used [0x00000000e6ab0000, 0x00000000e6ab0000, 0x00000000e8000000)
 concurrent mark-sweep generation total 393216K, used 16701K [0x00000000e8000000, 0x0000000100000000, 0x0000000100000000)
 Metaspace       used 30808K, capacity 31524K, committed 31740K, reserved 1077248K
  class space    used 3508K, capacity 3733K, committed 3836K, reserved 1048576K
2018-06-19T12:17:14.111+0200: 14,563: [GC (Allocation Failure) 2018-06-19T12:17:14.111+0200: 14,563: [ParNew
Desired survivor size 20112992 bytes, new threshold 8 (max 8)
- age   1:    1685176 bytes,    1685176 total
- age   2:     804360 bytes,    2489536 total
- age   3:    1229648 bytes,    3719184 total
- age   4:     544264 bytes,    4263448 total
- age   5:    5459904 bytes,    9723352 total
- age   6:     550968 bytes,   10274320 total
- age   7:      78336 bytes,   10352656 total
- age   8:    7375128 bytes,   17727784 total
: 109248K->21824K(109248K), 0,0492840 secs] 125949K->40027K(502464K), 0,0493967 secs] [Times: user=0,13 sys=0,00, real=0,05 secs] 
Heap after GC invocations=15 (full 1):
 par new generation   total 109248K, used 21824K [0x00000000e0000000, 0x00000000e8000000, 0x00000000e8000000)
  eden space 87424K,   0% used [0x00000000e0000000, 0x00000000e0000000, 0x00000000e5560000)
  from space 21824K, 100% used [0x00000000e6ab0000, 0x00000000e8000000, 0x00000000e8000000)
  to   space 21824K,   0% used [0x00000000e5560000, 0x00000000e5560000, 0x00000000e6ab0000)
 concurrent mark-sweep generation total 393216K, used 18203K [0x00000000e8000000, 0x0000000100000000, 0x0000000100000000)
 Metaspace       used 30808K, capacity 31524K, committed 31740K, reserved 1077248K
  class space    used 3508K, capacity 3733K, committed 3836K, reserved 1048576K
}
2018-06-19T12:17:14.161+0200: 14,612: Total time for which application threads were stopped: 0,0556627 seconds, Stopping threads took: 0,0060403 seconds
2018-06-19T12:17:14.162+0200: 14,614: Total time for which application threads were stopped: 0,0001171 seconds, Stopping threads took: 0,0000304 seconds
2018-06-19T12:17:14.170+0200: 14,621: Total time for which application threads were stopped: 0,0017322 seconds, Stopping threads took: 0,0015826 seconds
2018-06-19T12:17:14.171+0200: 14,622: Total time for which application threads were stopped: 0,0002063 seconds, Stopping threads took: 0,0000542 seconds
2018-06-19T12:17:14.318+0200: 14,770: Total time for which application threads were stopped: 0,0001938 seconds, Stopping threads took: 0,0000382 seconds
2018-06-19T12:17:14.321+0200: 14,773: Total time for which application threads were stopped: 0,0001505 seconds, Stopping threads took: 0,0000538 seconds
2018-06-19T12:17:14.324+0200: 14,776: Total time for which application threads were stopped: 0,0001285 seconds, Stopping threads took: 0,0000457 seconds
{Heap before GC invocations=15 (full 1):
 par new generation   total 109248K, used 109248K [0x00000000e0000000, 0x00000000e8000000, 0x00000000e8000000)
  eden space 87424K, 100% used [0x00000000e0000000, 0x00000000e5560000, 0x00000000e5560000)
  from space 21824K, 100% used [0x00000000e6ab0000, 0x00000000e8000000, 0x00000000e8000000)
  to   space 21824K,   0% used [0x00000000e5560000, 0x00000000e5560000, 0x00000000e6ab0000)
 concurrent mark-sweep generation total 393216K, used 18203K [0x00000000e8000000, 0x0000000100000000, 0x0000000100000000)
 Metaspace       used 30850K, capacity 31530K, committed 31740K, reserved 1077248K
  class space    used 3510K, capacity 3734K, committed 3836K, reserved 1048576K
2018-06-19T12:17:14.343+0200: 14,794: [GC (Allocation Failure) 2018-06-19T12:17:14.343+0200: 14,794: [ParNew
Desired survivor size 20112992 bytes, new threshold 8 (max 8)
- age   1:    1491624 bytes,    1491624 total
- age   2:     607096 bytes,    2098720 total
- age   3:     468752 bytes,    2567472 total
- age   4:     739208 bytes,    3306680 total
- age   5:     544264 bytes,    3850944 total
- age   6:    5459712 bytes,    9310656 total
- age   7:     550968 bytes,    9861624 total
- age   8:      78336 bytes,    9939960 total
: 109248K->17308K(109248K), 0,0262967 secs] 127451K->42729K(502464K), 0,0263965 secs] [Times: user=0,09 sys=0,01, real=0,03 secs] 
Heap after GC invocations=16 (full 1):
 par new generation   total 109248K, used 17308K [0x00000000e0000000, 0x00000000e8000000, 0x00000000e8000000)
  eden space 87424K,   0% used [0x00000000e0000000, 0x00000000e0000000, 0x00000000e5560000)
  from space 21824K,  79% used [0x00000000e5560000, 0x00000000e66470e0, 0x00000000e6ab0000)
  to   space 21824K,   0% used [0x00000000e6ab0000, 0x00000000e6ab0000, 0x00000000e8000000)
 concurrent mark-sweep generation total 393216K, used 25421K [0x00000000e8000000, 0x0000000100000000, 0x0000000100000000)
 Metaspace       used 30850K, capacity 31530K, committed 31740K, reserved 1077248K
  class space    used 3510K, capacity 3734K, committed 3836K, reserved 1048576K
}
2018-06-19T12:17:14.369+0200: 14,821: Total time for which application threads were stopped: 0,0266683 seconds, Stopping threads took: 0,0000503 seconds
{Heap before GC invocations=16 (full 1):
 par new generation   total 109248K, used 104732K [0x00000000e0000000, 0x00000000e8000000, 0x00000000e8000000)
  eden space 87424K, 100% used [0x00000000e0000000, 0x00000000e5560000, 0x00000000e5560000)
  from space 21824K,  79% used [0x00000000e5560000, 0x00000000e66470e0, 0x00000000e6ab0000)
  to   space 21824K,   0% used [0x00000000e6ab0000, 0x00000000e6ab0000, 0x00000000e8000000)
 concurrent mark-sweep generation total 393216K, used 25421K [0x00000000e8000000, 0x0000000100000000, 0x0000000100000000)
 Metaspace       used 30854K, capacity 31530K, committed 31740K, reserved 1077248K
  class space    used 3510K, capacity 3734K, committed 3836K, reserved 1048576K
2018-06-19T12:17:14.488+0200: 14,939: [GC (Allocation Failure) 2018-06-19T12:17:14.488+0200: 14,939: [ParNew
Desired survivor size 20112992 bytes, new threshold 8 (max 8)
- age   1:    1508680 bytes,    1508680 total
- age   2:    1081840 bytes,    2590520 total
- age   3:     606856 bytes,    3197376 total
- age   4:     468752 bytes,    3666128 total
- age   5:     739208 bytes,    4405336 total
- age   6:     544264 bytes,    4949600 total
- age   7:    5459440 bytes,   10409040 total
- age   8:     550968 bytes,   10960008 total
: 104732K->15196K(109248K), 0,0136270 secs] 130153K->40694K(502464K), 0,0137200 secs] [Times: user=0,06 sys=0,00, real=0,01 secs] 
Heap after GC invocations=17 (full 1):
 par new generation   total 109248K, used 15196K [0x00000000e0000000, 0x00000000e8000000, 0x00000000e8000000)
  eden space 87424K,   0% used [0x00000000e0000000, 0x00000000e0000000, 0x00000000e5560000)
  from space 21824K,  69% used [0x00000000e6ab0000, 0x00000000e7987008, 0x00000000e8000000)
  to   space 21824K,   0% used [0x00000000e5560000, 0x00000000e5560000, 0x00000000e6ab0000)
 concurrent mark-sweep generation total 393216K, used 25498K [0x00000000e8000000, 0x0000000100000000, 0x0000000100000000)
 Metaspace       used 30854K, capacity 31530K, committed 31740K, reserved 1077248K
  class space    used 3510K, capacity 3734K, committed 3836K, reserved 1048576K
}
2018-06-19T12:17:14.501+0200: 14,953: Total time for which application threads were stopped: 0,0139634 seconds, Stopping threads took: 0,0000504 seconds
{Heap before GC invocations=17 (full 1):
 par new generation   total 109248K, used 102620K [0x00000000e0000000, 0x00000000e8000000, 0x00000000e8000000)
  eden space 87424K, 100% used [0x00000000e0000000, 0x00000000e5560000, 0x00000000e5560000)
  from space 21824K,  69% used [0x00000000e6ab0000, 0x00000000e7987008, 0x00000000e8000000)
  to   space 21824K,   0% used [0x00000000e5560000, 0x00000000e5560000, 0x00000000e6ab0000)
 concurrent mark-sweep generation total 393216K, used 25498K [0x00000000e8000000, 0x0000000100000000, 0x0000000100000000)
 Metaspace       used 30858K, capacity 31530K, committed 31740K, reserved 1077248K
  class space    used 3510K, capacity 3734K, committed 3836K, reserved 1048576K
2018-06-19T12:17:14.616+0200: 15,068: [GC (Allocation Failure) 2018-06-19T12:17:14.616+0200: 15,068: [ParNew
Desired survivor size 20112992 bytes, new threshold 8 (max 8)
- age   1:    1544288 bytes,    1544288 total
- age   2:    1042520 bytes,    2586808 total
- age   3:    1081816 bytes,    3668624 total
- age   4:     606856 bytes,    4275480 total
- age   5:     468752 bytes,    4744232 total
- age   6:     739208 bytes,    5483440 total
- age   7:     544232 bytes,    6027672 total
- age   8:    5459136 bytes,   11486808 total
: 102620K->14255K(109248K), 0,0180047 secs] 128118K->40299K(502464K), 0,0180890 secs] [Times: user=0,05 sys=0,00, real=0,02 secs] 
Heap after GC invocations=18 (full 1):
 par new generation   total 109248K, used 14255K [0x00000000e0000000, 0x00000000e8000000, 0x00000000e8000000)
  eden space 87424K,   0% used [0x00000000e0000000, 0x00000000e0000000, 0x00000000e5560000)
  from space 21824K,  65% used [0x00000000e5560000, 0x00000000e634bd40, 0x00000000e6ab0000)
  to   space 21824K,   0% used [0x00000000e6ab0000, 0x00000000e6ab0000, 0x00000000e8000000)
 concurrent mark-sweep generation total 393216K, used 26044K [0x00000000e8000000, 0x0000000100000000, 0x0000000100000000)
 Metaspace       used 30858K, capacity 31530K, committed 31740K, reserved 1077248K
  class space    used 3510K, capacity 3734K, committed 3836K, reserved 1048576K
}
2018-06-19T12:17:14.634+0200: 15,086: Total time for which application threads were stopped: 0,0183620 seconds, Stopping threads took: 0,0000586 seconds
{Heap before GC invocations=18 (full 1):
 par new generation   total 109248K, used 101679K [0x00000000e0000000, 0x00000000e8000000, 0x00000000e8000000)
  eden space 87424K, 100% used [0x00000000e0000000, 0x00000000e5560000, 0x00000000e5560000)
  from space 21824K,  65% used [0x00000000e5560000, 0x00000000e634bd40, 0x00000000e6ab0000)
  to   space 21824K,   0% used [0x00000000e6ab0000, 0x00000000e6ab0000, 0x00000000e8000000)
 concurrent mark-sweep generation total 393216K, used 26044K [0x00000000e8000000, 0x0000000100000000, 0x0000000100000000)
 Metaspace       used 30885K, capacity 31594K, committed 31996K, reserved 1077248K
  class space    used 3510K, capacity 3734K, committed 3836K, reserved 1048576K
2018-06-19T12:17:14.783+0200: 15,234: [GC (Allocation Failure) 2018-06-19T12:17:14.783+0200: 15,234: [ParNew
Desired survivor size 20112992 bytes, new threshold 8 (max 8)
- age   1:    2053120 bytes,    2053120 total
- age   2:     986352 bytes,    3039472 total
- age   3:     845792 bytes,    3885264 total
- age   4:    1081816 bytes,    4967080 total
- age   5:     606856 bytes,    5573936 total
- age   6:     468752 bytes,    6042688 total
- age   7:     739176 bytes,    6781864 total
- age   8:     543928 bytes,    7325792 total
: 101679K->14758K(109248K), 0,0312624 secs] 127723K->46256K(502464K), 0,0313790 secs] [Times: user=0,06 sys=0,00, real=0,04 secs] 
Heap after GC invocations=19 (full 1):
 par new generation   total 109248K, used 14758K [0x00000000e0000000, 0x00000000e8000000, 0x00000000e8000000)
  eden space 87424K,   0% used [0x00000000e0000000, 0x00000000e0000000, 0x00000000e5560000)
  from space 21824K,  67% used [0x00000000e6ab0000, 0x00000000e7919880, 0x00000000e8000000)
  to   space 21824K,   0% used [0x00000000e5560000, 0x00000000e5560000, 0x00000000e6ab0000)
 concurrent mark-sweep generation total 393216K, used 31498K [0x00000000e8000000, 0x0000000100000000, 0x0000000100000000)
 Metaspace       used 30885K, capacity 31594K, committed 31996K, reserved 1077248K
  class space    used 3510K, capacity 3734K, committed 3836K, reserved 1048576K
}
2018-06-19T12:17:14.814+0200: 15,266: Total time for which application threads were stopped: 0,0316730 seconds, Stopping threads took: 0,0000449 seconds
{Heap before GC invocations=19 (full 1):
 par new generation   total 109248K, used 102182K [0x00000000e0000000, 0x00000000e8000000, 0x00000000e8000000)
  eden space 87424K, 100% used [0x00000000e0000000, 0x00000000e5560000, 0x00000000e5560000)
  from space 21824K,  67% used [0x00000000e6ab0000, 0x00000000e7919880, 0x00000000e8000000)
  to   space 21824K,   0% used [0x00000000e5560000, 0x00000000e5560000, 0x00000000e6ab0000)
 concurrent mark-sweep generation total 393216K, used 31498K [0x00000000e8000000, 0x0000000100000000, 0x0000000100000000)
 Metaspace       used 30913K, capacity 31594K, committed 31996K, reserved 1077248K
  class space    used 3510K, capacity 3734K, committed 3836K, reserved 1048576K
2018-06-19T12:17:14.933+0200: 15,385: [GC (Allocation Failure) 2018-06-19T12:17:14.933+0200: 15,385: [ParNew
Desired survivor size 20112992 bytes, new threshold 8 (max 8)
- age   1:    1832616 bytes,    1832616 total
- age   2:    1312304 bytes,    3144920 total
- age   3:     986904 bytes,    4131824 total
- age   4:     846320 bytes,    4978144 total
- age   5:    1082008 bytes,    6060152 total
- age   6:     606952 bytes,    6667104 total
- age   7:     468704 bytes,    7135808 total
- age   8:     738432 bytes,    7874240 total
: 102182K->9502K(109248K), 0,0204271 secs] 133680K->41532K(502464K), 0,0205274 secs] [Times: user=0,03 sys=0,00, real=0,02 secs] 
Heap after GC invocations=20 (full 1):
 par new generation   total 109248K, used 9502K [0x00000000e0000000, 0x00000000e8000000, 0x00000000e8000000)
  eden space 87424K,   0% used [0x00000000e0000000, 0x00000000e0000000, 0x00000000e5560000)
  from space 21824K,  43% used [0x00000000e5560000, 0x00000000e5ea7aa0, 0x00000000e6ab0000)
  to   space 21824K,   0% used [0x00000000e6ab0000, 0x00000000e6ab0000, 0x00000000e8000000)
 concurrent mark-sweep generation total 393216K, used 32030K [0x00000000e8000000, 0x0000000100000000, 0x0000000100000000)
 Metaspace       used 30913K, capacity 31594K, committed 31996K, reserved 1077248K
  class space    used 3510K, capacity 3734K, committed 3836K, reserved 1048576K
}
2018-06-19T12:17:14.954+0200: 15,405: Total time for which application threads were stopped: 0,0208528 seconds, Stopping threads took: 0,0000716 seconds
{Heap before GC invocations=20 (full 1):
 par new generation   total 109248K, used 96926K [0x00000000e0000000, 0x00000000e8000000, 0x00000000e8000000)
  eden space 87424K, 100% used [0x00000000e0000000, 0x00000000e5560000, 0x00000000e5560000)
  from space 21824K,  43% used [0x00000000e5560000, 0x00000000e5ea7aa0, 0x00000000e6ab0000)
  to   space 21824K,   0% used [0x00000000e6ab0000, 0x00000000e6ab0000, 0x00000000e8000000)
 concurrent mark-sweep generation total 393216K, used 32030K [0x00000000e8000000, 0x0000000100000000, 0x0000000100000000)
 Metaspace       used 30928K, capacity 31658K, committed 31996K, reserved 1077248K
  class space    used 3510K, capacity 3734K, committed 3836K, reserved 1048576K
2018-06-19T12:17:15.044+0200: 15,496: [GC (Allocation Failure) 2018-06-19T12:17:15.044+0200: 15,496: [ParNew
Desired survivor size 20112992 bytes, new threshold 8 (max 8)
- age   1:    2140112 bytes,    2140112 total
- age   2:     912848 bytes,    3052960 total
- age   3:    1311008 bytes,    4363968 total
- age   4:     888960 bytes,    5252928 total
- age   5:     846680 bytes,    6099608 total
- age   6:    1082536 bytes,    7182144 total
- age   7:     607064 bytes,    7789208 total
- age   8:     468400 bytes,    8257608 total
: 96926K->11750K(109248K), 0,0081503 secs] 128956K->44502K(502464K), 0,0082291 secs] [Times: user=0,02 sys=0,01, real=0,01 secs] 
Heap after GC invocations=21 (full 1):
 par new generation   total 109248K, used 11750K [0x00000000e0000000, 0x00000000e8000000, 0x00000000e8000000)
  eden space 87424K,   0% used [0x00000000e0000000, 0x00000000e0000000, 0x00000000e5560000)
  from space 21824K,  53% used [0x00000000e6ab0000, 0x00000000e7629bb0, 0x00000000e8000000)
  to   space 21824K,   0% used [0x00000000e5560000, 0x00000000e5560000, 0x00000000e6ab0000)
 concurrent mark-sweep generation total 393216K, used 32751K [0x00000000e8000000, 0x0000000100000000, 0x0000000100000000)
 Metaspace       used 30928K, capacity 31658K, committed 31996K, reserved 1077248K
  class space    used 3510K, capacity 3734K, committed 3836K, reserved 1048576K
}
2018-06-19T12:17:15.052+0200: 15,504: Total time for which application threads were stopped: 0,0085125 seconds, Stopping threads took: 0,0000391 seconds
2018-06-19T12:17:15.101+0200: 15,553: Total time for which application threads were stopped: 0,0001835 seconds, Stopping threads took: 0,0000889 seconds
2018-06-19T12:17:15.106+0200: 15,557: Total time for which application threads were stopped: 0,0002158 seconds, Stopping threads took: 0,0001097 seconds
2018-06-19T12:17:15.112+0200: 15,564: Total time for which application threads were stopped: 0,0006806 seconds, Stopping threads took: 0,0006028 seconds
2018-06-19T12:17:15.126+0200: 15,578: Total time for which application threads were stopped: 0,0002640 seconds, Stopping threads took: 0,0000738 seconds
{Heap before GC invocations=21 (full 1):
 par new generation   total 109248K, used 99170K [0x00000000e0000000, 0x00000000e8000000, 0x00000000e8000000)
  eden space 87424K,  99% used [0x00000000e0000000, 0x00000000e555ecb0, 0x00000000e5560000)
  from space 21824K,  53% used [0x00000000e6ab0000, 0x00000000e7629bb0, 0x00000000e8000000)
  to   space 21824K,   0% used [0x00000000e5560000, 0x00000000e5560000, 0x00000000e6ab0000)
 concurrent mark-sweep generation total 393216K, used 32751K [0x00000000e8000000, 0x0000000100000000, 0x0000000100000000)
 Metaspace       used 30939K, capacity 31658K, committed 31996K, reserved 1077248K
  class space    used 3510K, capacity 3734K, committed 3836K, reserved 1048576K
2018-06-19T12:17:15.130+0200: 15,581: [GC (Allocation Failure) 2018-06-19T12:17:15.130+0200: 15,582: [ParNew
Desired survivor size 20112992 bytes, new threshold 8 (max 8)
- age   1:    1840384 bytes,    1840384 total
- age   2:    1823200 bytes,    3663584 total
- age   3:     854744 bytes,    4518328 total
- age   4:    1253480 bytes,    5771808 total
- age   5:     831144 bytes,    6602952 total
- age   6:     788816 bytes,    7391768 total
- age   7:    1032744 bytes,    8424512 total
- age   8:     585432 bytes,    9009944 total
: 99170K->11749K(109248K), 0,0680355 secs] 131921K->44958K(502464K), 0,0681408 secs] [Times: user=0,18 sys=0,01, real=0,07 secs] 
Heap after GC invocations=22 (full 1):
 par new generation   total 109248K, used 11749K [0x00000000e0000000, 0x00000000e8000000, 0x00000000e8000000)
  eden space 87424K,   0% used [0x00000000e0000000, 0x00000000e0000000, 0x00000000e5560000)
  from space 21824K,  53% used [0x00000000e5560000, 0x00000000e60d9670, 0x00000000e6ab0000)
  to   space 21824K,   0% used [0x00000000e6ab0000, 0x00000000e6ab0000, 0x00000000e8000000)
 concurrent mark-sweep generation total 393216K, used 33209K [0x00000000e8000000, 0x0000000100000000, 0x0000000100000000)
 Metaspace       used 30939K, capacity 31658K, committed 31996K, reserved 1077248K
  class space    used 3510K, capacity 3734K, committed 3836K, reserved 1048576K
}
2018-06-19T12:17:15.198+0200: 15,650: Total time for which application threads were stopped: 0,0686628 seconds, Stopping threads took: 0,0002931 seconds
2018-06-19T12:17:15.212+0200: 15,663: Total time for which application threads were stopped: 0,0001503 seconds, Stopping threads took: 0,0000516 seconds
2018-06-19T12:17:15.212+0200: 15,664: Total time for which application threads were stopped: 0,0003036 seconds, Stopping threads took: 0,0002031 seconds
{Heap before GC invocations=22 (full 1):
 par new generation   total 109248K, used 99173K [0x00000000e0000000, 0x00000000e8000000, 0x00000000e8000000)
  eden space 87424K, 100% used [0x00000000e0000000, 0x00000000e5560000, 0x00000000e5560000)
  from space 21824K,  53% used [0x00000000e5560000, 0x00000000e60d9670, 0x00000000e6ab0000)
  to   space 21824K,   0% used [0x00000000e6ab0000, 0x00000000e6ab0000, 0x00000000e8000000)
 concurrent mark-sweep generation total 393216K, used 33209K [0x00000000e8000000, 0x0000000100000000, 0x0000000100000000)
 Metaspace       used 30950K, capacity 31658K, committed 31996K, reserved 1077248K
  class space    used 3510K, capacity 3734K, committed 3836K, reserved 1048576K
2018-06-19T12:17:15.303+0200: 15,754: [GC (Allocation Failure) 2018-06-19T12:17:15.303+0200: 15,754: [ParNew
Desired survivor size 20112992 bytes, new threshold 8 (max 8)
- age   1:    1355568 bytes,    1355568 total
- age   2:    1608664 bytes,    2964232 total
- age   3:    1823176 bytes,    4787408 total
- age   4:     854744 bytes,    5642152 total
- age   5:    1253480 bytes,    6895632 total
- age   6:     831144 bytes,    7726776 total
- age   7:     788768 bytes,    8515544 total
- age   8:    1032336 bytes,    9547880 total
: 99173K->11186K(109248K), 0,0119513 secs] 132382K->44906K(502464K), 0,0120428 secs] [Times: user=0,04 sys=0,00, real=0,02 secs] 
Heap after GC invocations=23 (full 1):
 par new generation   total 109248K, used 11186K [0x00000000e0000000, 0x00000000e8000000, 0x00000000e8000000)
  eden space 87424K,   0% used [0x00000000e0000000, 0x00000000e0000000, 0x00000000e5560000)
  from space 21824K,  51% used [0x00000000e6ab0000, 0x00000000e759c900, 0x00000000e8000000)
  to   space 21824K,   0% used [0x00000000e5560000, 0x00000000e5560000, 0x00000000e6ab0000)
 concurrent mark-sweep generation total 393216K, used 33720K [0x00000000e8000000, 0x0000000100000000, 0x0000000100000000)
 Metaspace       used 30950K, capacity 31658K, committed 31996K, reserved 1077248K
  class space    used 3510K, capacity 3734K, committed 3836K, reserved 1048576K
}
2018-06-19T12:17:15.315+0200: 15,767: Total time for which application threads were stopped: 0,0123288 seconds, Stopping threads took: 0,0000626 seconds
{Heap before GC invocations=23 (full 1):
 par new generation   total 109248K, used 98610K [0x00000000e0000000, 0x00000000e8000000, 0x00000000e8000000)
  eden space 87424K, 100% used [0x00000000e0000000, 0x00000000e5560000, 0x00000000e5560000)
  from space 21824K,  51% used [0x00000000e6ab0000, 0x00000000e759c900, 0x00000000e8000000)
  to   space 21824K,   0% used [0x00000000e5560000, 0x00000000e5560000, 0x00000000e6ab0000)
 concurrent mark-sweep generation total 393216K, used 33720K [0x00000000e8000000, 0x0000000100000000, 0x0000000100000000)
 Metaspace       used 30976K, capacity 31658K, committed 31996K, reserved 1077248K
  class space    used 3510K, capacity 3734K, committed 3836K, reserved 1048576K
2018-06-19T12:17:15.401+0200: 15,853: [GC (Allocation Failure) 2018-06-19T12:17:15.401+0200: 15,853: [ParNew
Desired survivor size 20112992 bytes, new threshold 8 (max 8)
- age   1:    1635696 bytes,    1635696 total
- age   2:     943608 bytes,    2579304 total
- age   3:    1608264 bytes,    4187568 total
- age   4:    1823176 bytes,    6010744 total
- age   5:     854744 bytes,    6865488 total
- age   6:    1253480 bytes,    8118968 total
- age   7:     831096 bytes,    8950064 total
- age   8:     788536 bytes,    9738600 total
: 98610K->14195K(109248K), 0,0211045 secs] 132330K->48932K(502464K), 0,0211954 secs] [Times: user=0,08 sys=0,00, real=0,02 secs] 
Heap after GC invocations=24 (full 1):
 par new generation   total 109248K, used 14195K [0x00000000e0000000, 0x00000000e8000000, 0x00000000e8000000)
  eden space 87424K,   0% used [0x00000000e0000000, 0x00000000e0000000, 0x00000000e5560000)
  from space 21824K,  65% used [0x00000000e5560000, 0x00000000e633ce08, 0x00000000e6ab0000)
  to   space 21824K,   0% used [0x00000000e6ab0000, 0x00000000e6ab0000, 0x00000000e8000000)
 concurrent mark-sweep generation total 393216K, used 34737K [0x00000000e8000000, 0x0000000100000000, 0x0000000100000000)
 Metaspace       used 30976K, capacity 31658K, committed 31996K, reserved 1077248K
  class space    used 3510K, capacity 3734K, committed 3836K, reserved 1048576K
}
2018-06-19T12:17:15.422+0200: 15,874: Total time for which application threads were stopped: 0,0214632 seconds, Stopping threads took: 0,0000567 seconds
{Heap before GC invocations=24 (full 1):
 par new generation   total 109248K, used 101619K [0x00000000e0000000, 0x00000000e8000000, 0x00000000e8000000)
  eden space 87424K, 100% used [0x00000000e0000000, 0x00000000e5560000, 0x00000000e5560000)
  from space 21824K,  65% used [0x00000000e5560000, 0x00000000e633ce08, 0x00000000e6ab0000)
  to   space 21824K,   0% used [0x00000000e6ab0000, 0x00000000e6ab0000, 0x00000000e8000000)
 concurrent mark-sweep generation total 393216K, used 34737K [0x00000000e8000000, 0x0000000100000000, 0x0000000100000000)
 Metaspace       used 30984K, capacity 31658K, committed 31996K, reserved 1077248K
  class space    used 3510K, capacity 3734K, committed 3836K, reserved 1048576K
2018-06-19T12:17:15.535+0200: 15,986: [GC (Allocation Failure) 2018-06-19T12:17:15.535+0200: 15,986: [ParNew
Desired survivor size 20112992 bytes, new threshold 8 (max 8)
- age   1:    1347664 bytes,    1347664 total
- age   2:    1127440 bytes,    2475104 total
- age   3:     894248 bytes,    3369352 total
- age   4:    1607384 bytes,    4976736 total
- age   5:    1823176 bytes,    6799912 total
- age   6:     854744 bytes,    7654656 total
- age   7:    1253432 bytes,    8908088 total
- age   8:     830864 bytes,    9738952 total
: 101619K->12587K(109248K), 0,0180680 secs] 136356K->48103K(502464K), 0,0181491 secs] [Times: user=0,06 sys=0,00, real=0,02 secs] 
Heap after GC invocations=25 (full 1):
 par new generation   total 109248K, used 12587K [0x00000000e0000000, 0x00000000e8000000, 0x00000000e8000000)
  eden space 87424K,   0% used [0x00000000e0000000, 0x00000000e0000000, 0x00000000e5560000)
  from space 21824K,  57% used [0x00000000e6ab0000, 0x00000000e76facd0, 0x00000000e8000000)
  to   space 21824K,   0% used [0x00000000e5560000, 0x00000000e5560000, 0x00000000e6ab0000)
 concurrent mark-sweep generation total 393216K, used 35516K [0x00000000e8000000, 0x0000000100000000, 0x0000000100000000)
 Metaspace       used 30984K, capacity 31658K, committed 31996K, reserved 1077248K
  class space    used 3510K, capacity 3734K, committed 3836K, reserved 1048576K
}
2018-06-19T12:17:15.553+0200: 16,005: Total time for which application threads were stopped: 0,0204734 seconds, Stopping threads took: 0,0020764 seconds
{Heap before GC invocations=25 (full 1):
 par new generation   total 109248K, used 100011K [0x00000000e0000000, 0x00000000e8000000, 0x00000000e8000000)
  eden space 87424K, 100% used [0x00000000e0000000, 0x00000000e5560000, 0x00000000e5560000)
  from space 21824K,  57% used [0x00000000e6ab0000, 0x00000000e76facd0, 0x00000000e8000000)
  to   space 21824K,   0% used [0x00000000e5560000, 0x00000000e5560000, 0x00000000e6ab0000)
 concurrent mark-sweep generation total 393216K, used 35516K [0x00000000e8000000, 0x0000000100000000, 0x0000000100000000)
 Metaspace       used 30998K, capacity 31722K, committed 31996K, reserved 1077248K
  class space    used 3510K, capacity 3734K, committed 3836K, reserved 1048576K
2018-06-19T12:17:15.668+0200: 16,120: [GC (Allocation Failure) 2018-06-19T12:17:15.668+0200: 16,120: [ParNew
Desired survivor size 20112992 bytes, new threshold 8 (max 8)
- age   1:    1826096 bytes,    1826096 total
- age   2:     728688 bytes,    2554784 total
- age   3:     929528 bytes,    3484312 total
- age   4:     894248 bytes,    4378560 total
- age   5:    1607384 bytes,    5985944 total
- age   6:    1823176 bytes,    7809120 total
- age   7:     854696 bytes,    8663816 total
- age   8:    1318752 bytes,    9982568 total
: 100011K->12412K(109248K), 0,0156441 secs] 135527K->48750K(502464K), 0,0157283 secs] [Times: user=0,06 sys=0,00, real=0,01 secs] 
Heap after GC invocations=26 (full 1):
 par new generation   total 109248K, used 12412K [0x00000000e0000000, 0x00000000e8000000, 0x00000000e8000000)
  eden space 87424K,   0% used [0x00000000e0000000, 0x00000000e0000000, 0x00000000e5560000)
  from space 21824K,  56% used [0x00000000e5560000, 0x00000000e617f2a0, 0x00000000e6ab0000)
  to   space 21824K,   0% used [0x00000000e6ab0000, 0x00000000e6ab0000, 0x00000000e8000000)
 concurrent mark-sweep generation total 393216K, used 36337K [0x00000000e8000000, 0x0000000100000000, 0x0000000100000000)
 Metaspace       used 30998K, capacity 31722K, committed 31996K, reserved 1077248K
  class space    used 3510K, capacity 3734K, committed 3836K, reserved 1048576K
}
2018-06-19T12:17:15.684+0200: 16,135: Total time for which application threads were stopped: 0,0178385 seconds, Stopping threads took: 0,0018853 seconds
{Heap before GC invocations=26 (full 1):
 par new generation   total 109248K, used 99836K [0x00000000e0000000, 0x00000000e8000000, 0x00000000e8000000)
  eden space 87424K, 100% used [0x00000000e0000000, 0x00000000e5560000, 0x00000000e5560000)
  from space 21824K,  56% used [0x00000000e5560000, 0x00000000e617f2a0, 0x00000000e6ab0000)
  to   space 21824K,   0% used [0x00000000e6ab0000, 0x00000000e6ab0000, 0x00000000e8000000)
 concurrent mark-sweep generation total 393216K, used 36337K [0x00000000e8000000, 0x0000000100000000, 0x0000000100000000)
 Metaspace       used 31005K, capacity 31726K, committed 31996K, reserved 1077248K
  class space    used 3510K, capacity 3734K, committed 3836K, reserved 1048576K
2018-06-19T12:17:15.787+0200: 16,239: [GC (Allocation Failure) 2018-06-19T12:17:15.787+0200: 16,239: [ParNew
Desired survivor size 20112992 bytes, new threshold 8 (max 8)
- age   1:    1805536 bytes,    1805536 total
- age   2:    1029408 bytes,    2834944 total
- age   3:     724696 bytes,    3559640 total
- age   4:     886624 bytes,    4446264 total
- age   5:     893784 bytes,    5340048 total
- age   6:    1235000 bytes,    6575048 total
- age   7:    1679992 bytes,    8255040 total
- age   8:     712800 bytes,    8967840 total
: 99836K->10630K(109248K), 0,0206020 secs] 136174K->48055K(502464K), 0,0207055 secs] [Times: user=0,08 sys=0,00, real=0,02 secs] 
Heap after GC invocations=27 (full 1):
 par new generation   total 109248K, used 10630K [0x00000000e0000000, 0x00000000e8000000, 0x00000000e8000000)
  eden space 87424K,   0% used [0x00000000e0000000, 0x00000000e0000000, 0x00000000e5560000)
  from space 21824K,  48% used [0x00000000e6ab0000, 0x00000000e7511b98, 0x00000000e8000000)
  to   space 21824K,   0% used [0x00000000e5560000, 0x00000000e5560000, 0x00000000e6ab0000)
 concurrent mark-sweep generation total 393216K, used 37424K [0x00000000e8000000, 0x0000000100000000, 0x0000000100000000)
 Metaspace       used 31005K, capacity 31726K, committed 31996K, reserved 1077248K
  class space    used 3510K, capacity 3734K, committed 3836K, reserved 1048576K
}
2018-06-19T12:17:15.808+0200: 16,260: Total time for which application threads were stopped: 0,0209829 seconds, Stopping threads took: 0,0000435 seconds
{Heap before GC invocations=27 (full 1):
 par new generation   total 109248K, used 98054K [0x00000000e0000000, 0x00000000e8000000, 0x00000000e8000000)
  eden space 87424K, 100% used [0x00000000e0000000, 0x00000000e5560000, 0x00000000e5560000)
  from space 21824K,  48% used [0x00000000e6ab0000, 0x00000000e7511b98, 0x00000000e8000000)
  to   space 21824K,   0% used [0x00000000e5560000, 0x00000000e5560000, 0x00000000e6ab0000)
 concurrent mark-sweep generation total 393216K, used 37424K [0x00000000e8000000, 0x0000000100000000, 0x0000000100000000)
 Metaspace       used 31006K, capacity 31726K, committed 31996K, reserved 1077248K
  class space    used 3510K, capacity 3734K, committed 3836K, reserved 1048576K
2018-06-19T12:17:15.896+0200: 16,348: [GC (Allocation Failure) 2018-06-19T12:17:15.896+0200: 16,348: [ParNew
Desired survivor size 20112992 bytes, new threshold 8 (max 8)
- age   1:    1999008 bytes,    1999008 total
- age   2:     949408 bytes,    2948416 total
- age   3:    1027752 bytes,    3976168 total
- age   4:     626344 bytes,    4602512 total
- age   5:     886624 bytes,    5489136 total
- age   6:     893784 bytes,    6382920 total
- age   7:    1267784 bytes,    7650704 total
- age   8:    1679944 bytes,    9330648 total
: 98054K->13041K(109248K), 0,0349872 secs] 135479K->51163K(502464K), 0,0350814 secs] [Times: user=0,13 sys=0,00, real=0,03 secs] 
Heap after GC invocations=28 (full 1):
 par new generation   total 109248K, used 13041K [0x00000000e0000000, 0x00000000e8000000, 0x00000000e8000000)
  eden space 87424K,   0% used [0x00000000e0000000, 0x00000000e0000000, 0x00000000e5560000)
  from space 21824K,  59% used [0x00000000e5560000, 0x00000000e621c6a0, 0x00000000e6ab0000)
  to   space 21824K,   0% used [0x00000000e6ab0000, 0x00000000e6ab0000, 0x00000000e8000000)
 concurrent mark-sweep generation total 393216K, used 38122K [0x00000000e8000000, 0x0000000100000000, 0x0000000100000000)
 Metaspace       used 31006K, capacity 31726K, committed 31996K, reserved 1077248K
  class space    used 3510K, capacity 3734K, committed 3836K, reserved 1048576K
}
2018-06-19T12:17:15.931+0200: 16,383: Total time for which application threads were stopped: 0,0353211 seconds, Stopping threads took: 0,0000388 seconds
{Heap before GC invocations=28 (full 1):
 par new generation   total 109248K, used 100465K [0x00000000e0000000, 0x00000000e8000000, 0x00000000e8000000)
  eden space 87424K, 100% used [0x00000000e0000000, 0x00000000e5560000, 0x00000000e5560000)
  from space 21824K,  59% used [0x00000000e5560000, 0x00000000e621c6a0, 0x00000000e6ab0000)
  to   space 21824K,   0% used [0x00000000e6ab0000, 0x00000000e6ab0000, 0x00000000e8000000)
 concurrent mark-sweep generation total 393216K, used 38122K [0x00000000e8000000, 0x0000000100000000, 0x0000000100000000)
 Metaspace       used 31012K, capacity 31732K, committed 31996K, reserved 1077248K
  class space    used 3510K, capacity 3735K, committed 3836K, reserved 1048576K
2018-06-19T12:17:16.034+0200: 16,485: [GC (Allocation Failure) 2018-06-19T12:17:16.034+0200: 16,485: [ParNew
Desired survivor size 20112992 bytes, new threshold 8 (max 8)
- age   1:    2046640 bytes,    2046640 total
- age   2:    1020080 bytes,    3066720 total
- age   3:     949384 bytes,    4016104 total
- age   4:    1027752 bytes,    5043856 total
- age   5:     626344 bytes,    5670200 total
- age   6:     886624 bytes,    6556824 total
- age   7:     893736 bytes,    7450560 total
- age   8:    1234720 bytes,    8685280 total
: 100465K->9762K(109248K), 0,0313476 secs] 138587K->49526K(502464K), 0,0315769 secs] [Times: user=0,09 sys=0,01, real=0,03 secs] 
Heap after GC invocations=29 (full 1):
 par new generation   total 109248K, used 9762K [0x00000000e0000000, 0x00000000e8000000, 0x00000000e8000000)
  eden space 87424K,   0% used [0x00000000e0000000, 0x00000000e0000000, 0x00000000e5560000)
  from space 21824K,  44% used [0x00000000e6ab0000, 0x00000000e74389f0, 0x00000000e8000000)
  to   space 21824K,   0% used [0x00000000e5560000, 0x00000000e5560000, 0x00000000e6ab0000)
 concurrent mark-sweep generation total 393216K, used 39764K [0x00000000e8000000, 0x0000000100000000, 0x0000000100000000)
 Metaspace       used 31012K, capacity 31732K, committed 31996K, reserved 1077248K
  class space    used 3510K, capacity 3735K, committed 3836K, reserved 1048576K
}
2018-06-19T12:17:16.066+0200: 16,517: Total time for which application threads were stopped: 0,0320375 seconds, Stopping threads took: 0,0000698 seconds
2018-06-19T12:17:16.131+0200: 16,582: Total time for which application threads were stopped: 0,0001691 seconds, Stopping threads took: 0,0000581 seconds
2018-06-19T12:17:16.138+0200: 16,589: Total time for which application threads were stopped: 0,0001231 seconds, Stopping threads took: 0,0000459 seconds
2018-06-19T12:17:16.138+0200: 16,589: Total time for which application threads were stopped: 0,0000735 seconds, Stopping threads took: 0,0000242 seconds
2018-06-19T12:17:16.144+0200: 16,596: Total time for which application threads were stopped: 0,0006890 seconds, Stopping threads took: 0,0006135 seconds
2018-06-19T12:17:16.147+0200: 16,599: Total time for which application threads were stopped: 0,0001341 seconds, Stopping threads took: 0,0000487 seconds
2018-06-19T12:17:16.152+0200: 16,604: Total time for which application threads were stopped: 0,0022241 seconds, Stopping threads took: 0,0020966 seconds
{Heap before GC invocations=29 (full 1):
 par new generation   total 109248K, used 97186K [0x00000000e0000000, 0x00000000e8000000, 0x00000000e8000000)
  eden space 87424K, 100% used [0x00000000e0000000, 0x00000000e5560000, 0x00000000e5560000)
  from space 21824K,  44% used [0x00000000e6ab0000, 0x00000000e74389f0, 0x00000000e8000000)
  to   space 21824K,   0% used [0x00000000e5560000, 0x00000000e5560000, 0x00000000e6ab0000)
 concurrent mark-sweep generation total 393216K, used 39764K [0x00000000e8000000, 0x0000000100000000, 0x0000000100000000)
 Metaspace       used 31019K, capacity 31732K, committed 31996K, reserved 1077248K
  class space    used 3510K, capacity 3735K, committed 3836K, reserved 1048576K
2018-06-19T12:17:16.160+0200: 16,612: [GC (Allocation Failure) 2018-06-19T12:17:16.160+0200: 16,612: [ParNew
Desired survivor size 20112992 bytes, new threshold 8 (max 8)
- age   1:    2035896 bytes,    2035896 total
- age   2:    1874624 bytes,    3910520 total
- age   3:     963296 bytes,    4873816 total
- age   4:     892944 bytes,    5766760 total
- age   5:     786144 bytes,    6552904 total
- age   6:     585544 bytes,    7138448 total
- age   7:     829936 bytes,    7968384 total
- age   8:     836528 bytes,    8804912 total
: 97186K->11633K(109248K), 0,0217646 secs] 136950K->52514K(502464K), 0,0218439 secs] [Times: user=0,09 sys=0,00, real=0,02 secs] 
Heap after GC invocations=30 (full 1):
 par new generation   total 109248K, used 11633K [0x00000000e0000000, 0x00000000e8000000, 0x00000000e8000000)
  eden space 87424K,   0% used [0x00000000e0000000, 0x00000000e0000000, 0x00000000e5560000)
  from space 21824K,  53% used [0x00000000e5560000, 0x00000000e60bc7a0, 0x00000000e6ab0000)
  to   space 21824K,   0% used [0x00000000e6ab0000, 0x00000000e6ab0000, 0x00000000e8000000)
 concurrent mark-sweep generation total 393216K, used 40880K [0x00000000e8000000, 0x0000000100000000, 0x0000000100000000)
 Metaspace       used 31019K, capacity 31732K, committed 31996K, reserved 1077248K
  class space    used 3510K, capacity 3735K, committed 3836K, reserved 1048576K
}
2018-06-19T12:17:16.182+0200: 16,634: Total time for which application threads were stopped: 0,0226301 seconds, Stopping threads took: 0,0005968 seconds
{Heap before GC invocations=30 (full 1):
 par new generation   total 109248K, used 99029K [0x00000000e0000000, 0x00000000e8000000, 0x00000000e8000000)
  eden space 87424K,  99% used [0x00000000e0000000, 0x00000000e5558f38, 0x00000000e5560000)
  from space 21824K,  53% used [0x00000000e5560000, 0x00000000e60bc7a0, 0x00000000e6ab0000)
  to   space 21824K,   0% used [0x00000000e6ab0000, 0x00000000e6ab0000, 0x00000000e8000000)
 concurrent mark-sweep generation total 393216K, used 40880K [0x00000000e8000000, 0x0000000100000000, 0x0000000100000000)
 Metaspace       used 31020K, capacity 31732K, committed 31996K, reserved 1077248K
  class space    used 3510K, capacity 3735K, committed 3836K, reserved 1048576K
2018-06-19T12:17:16.291+0200: 16,742: [GC (Allocation Failure) 2018-06-19T12:17:16.291+0200: 16,742: [ParNew
Desired survivor size 20112992 bytes, new threshold 8 (max 8)
- age   1:    1448192 bytes,    1448192 total
- age   2:    1720512 bytes,    3168704 total
- age   3:    1874600 bytes,    5043304 total
- age   4:     963296 bytes,    6006600 total
- age   5:     892944 bytes,    6899544 total
- age   6:     786144 bytes,    7685688 total
- age   7:     585512 bytes,    8271200 total
- age   8:     829704 bytes,    9100904 total
: 99029K->11617K(109248K), 0,0182109 secs] 139910K->53324K(502464K), 0,0182840 secs] [Times: user=0,07 sys=0,00, real=0,02 secs] 
Heap after GC invocations=31 (full 1):
 par new generation   total 109248K, used 11617K [0x00000000e0000000, 0x00000000e8000000, 0x00000000e8000000)
  eden space 87424K,   0% used [0x00000000e0000000, 0x00000000e0000000, 0x00000000e5560000)
  from space 21824K,  53% used [0x00000000e6ab0000, 0x00000000e76086f0, 0x00000000e8000000)
  to   space 21824K,   0% used [0x00000000e5560000, 0x00000000e5560000, 0x00000000e6ab0000)
 concurrent mark-sweep generation total 393216K, used 41706K [0x00000000e8000000, 0x0000000100000000, 0x0000000100000000)
 Metaspace       used 31020K, capacity 31732K, committed 31996K, reserved 1077248K
  class space    used 3510K, capacity 3735K, committed 3836K, reserved 1048576K
}
2018-06-19T12:17:16.309+0200: 16,761: Total time for which application threads were stopped: 0,0184909 seconds, Stopping threads took: 0,0000299 seconds
2018-06-19T12:17:16.410+0200: 16,861: Total time for which application threads were stopped: 0,0001328 seconds, Stopping threads took: 0,0000364 seconds
2018-06-19T12:17:16.412+0200: 16,863: Total time for which application threads were stopped: 0,0001138 seconds, Stopping threads took: 0,0000411 seconds
2018-06-19T12:17:16.412+0200: 16,864: Total time for which application threads were stopped: 0,0001847 seconds, Stopping threads took: 0,0000207 seconds
2018-06-19T12:17:16.442+0200: 16,893: Total time for which application threads were stopped: 0,0001611 seconds, Stopping threads took: 0,0000925 seconds
2018-06-19T12:17:16.442+0200: 16,893: Total time for which application threads were stopped: 0,0000691 seconds, Stopping threads took: 0,0000244 seconds
2018-06-19T12:17:16.442+0200: 16,894: Total time for which application threads were stopped: 0,0000560 seconds, Stopping threads took: 0,0000273 seconds
2018-06-19T12:17:16.442+0200: 16,894: Total time for which application threads were stopped: 0,0000557 seconds, Stopping threads took: 0,0000235 seconds
2018-06-19T12:17:16.932+0200: 17,384: Total time for which application threads were stopped: 0,0001233 seconds, Stopping threads took: 0,0000414 seconds
2018-06-19T12:17:16.932+0200: 17,384: Total time for which application threads were stopped: 0,0000635 seconds, Stopping threads took: 0,0000301 seconds
2018-06-19T12:17:16.933+0200: 17,384: Total time for which application threads were stopped: 0,0000545 seconds, Stopping threads took: 0,0000289 seconds
2018-06-19T12:17:16.933+0200: 17,384: Total time for which application threads were stopped: 0,0000465 seconds, Stopping threads took: 0,0000204 seconds
2018-06-19T12:17:16.935+0200: 17,386: Total time for which application threads were stopped: 0,0001345 seconds, Stopping threads took: 0,0000402 seconds
2018-06-19T12:17:17.087+0200: 17,539: Total time for which application threads were stopped: 0,0005488 seconds, Stopping threads took: 0,0000172 seconds
2018-06-19T12:17:17.088+0200: 17,540: Total time for which application threads were stopped: 0,0005306 seconds, Stopping threads took: 0,0000185 seconds
2018-06-19T12:17:17.092+0200: 17,544: Total time for which application threads were stopped: 0,0001127 seconds, Stopping threads took: 0,0000451 seconds
2018-06-19T12:17:17.104+0200: 17,555: Total time for which application threads were stopped: 0,0018035 seconds, Stopping threads took: 0,0017101 seconds
2018-06-19T12:17:17.104+0200: 17,556: Total time for which application threads were stopped: 0,0001189 seconds, Stopping threads took: 0,0000666 seconds
2018-06-19T12:17:17.105+0200: 17,557: Total time for which application threads were stopped: 0,0001263 seconds, Stopping threads took: 0,0000440 seconds
2018-06-19T12:17:17.107+0200: 17,559: Total time for which application threads were stopped: 0,0001079 seconds, Stopping threads took: 0,0000295 seconds
2018-06-19T12:17:17.107+0200: 17,559: Total time for which application threads were stopped: 0,0000726 seconds, Stopping threads took: 0,0000128 seconds
2018-06-19T12:17:17.107+0200: 17,559: Total time for which application threads were stopped: 0,0000698 seconds, Stopping threads took: 0,0000278 seconds
2018-06-19T12:17:17.108+0200: 17,559: Total time for which application threads were stopped: 0,0001122 seconds, Stopping threads took: 0,0000293 seconds
2018-06-19T12:17:17.109+0200: 17,561: Total time for which application threads were stopped: 0,0001045 seconds, Stopping threads took: 0,0000463 seconds
2018-06-19T12:17:17.113+0200: 17,564: Total time for which application threads were stopped: 0,0036304 seconds, Stopping threads took: 0,0035772 seconds
2018-06-19T12:17:17.114+0200: 17,566: Total time for which application threads were stopped: 0,0001255 seconds, Stopping threads took: 0,0000483 seconds
2018-06-19T12:17:17.114+0200: 17,566: Total time for which application threads were stopped: 0,0000813 seconds, Stopping threads took: 0,0000232 seconds
2018-06-19T12:17:17.117+0200: 17,568: Total time for which application threads were stopped: 0,0001197 seconds, Stopping threads took: 0,0000446 seconds
2018-06-19T12:17:17.117+0200: 17,568: Total time for which application threads were stopped: 0,0000648 seconds, Stopping threads took: 0,0000291 seconds
2018-06-19T12:17:17.117+0200: 17,568: Total time for which application threads were stopped: 0,0000588 seconds, Stopping threads took: 0,0000324 seconds
2018-06-19T12:17:17.117+0200: 17,568: Total time for which application threads were stopped: 0,0000524 seconds, Stopping threads took: 0,0000235 seconds
2018-06-19T12:17:17.117+0200: 17,569: Total time for which application threads were stopped: 0,0000894 seconds, Stopping threads took: 0,0000414 seconds
2018-06-19T12:17:17.118+0200: 17,570: Total time for which application threads were stopped: 0,0001281 seconds, Stopping threads took: 0,0000619 seconds
2018-06-19T12:17:17.118+0200: 17,570: Total time for which application threads were stopped: 0,0001762 seconds, Stopping threads took: 0,0001391 seconds
2018-06-19T12:17:17.119+0200: 17,570: Total time for which application threads were stopped: 0,0000670 seconds, Stopping threads took: 0,0000359 seconds
2018-06-19T12:17:17.119+0200: 17,570: Total time for which application threads were stopped: 0,0000546 seconds, Stopping threads took: 0,0000258 seconds
2018-06-19T12:17:17.119+0200: 17,570: Total time for which application threads were stopped: 0,0000480 seconds, Stopping threads took: 0,0000222 seconds
2018-06-19T12:17:17.119+0200: 17,570: Total time for which application threads were stopped: 0,0000420 seconds, Stopping threads took: 0,0000168 seconds
2018-06-19T12:17:17.119+0200: 17,570: Total time for which application threads were stopped: 0,0000344 seconds, Stopping threads took: 0,0000099 seconds
2018-06-19T12:17:17.119+0200: 17,571: Total time for which application threads were stopped: 0,0000460 seconds, Stopping threads took: 0,0000181 seconds
2018-06-19T12:17:17.119+0200: 17,571: Total time for which application threads were stopped: 0,0000434 seconds, Stopping threads took: 0,0000180 seconds
2018-06-19T12:17:17.119+0200: 17,571: Total time for which application threads were stopped: 0,0000439 seconds, Stopping threads took: 0,0000190 seconds
2018-06-19T12:17:17.119+0200: 17,571: Total time for which application threads were stopped: 0,0001373 seconds, Stopping threads took: 0,0001110 seconds
2018-06-19T12:17:17.119+0200: 17,571: Total time for which application threads were stopped: 0,0000474 seconds, Stopping threads took: 0,0000225 seconds
2018-06-19T12:17:17.119+0200: 17,571: Total time for which application threads were stopped: 0,0000512 seconds, Stopping threads took: 0,0000259 seconds
2018-06-19T12:17:17.119+0200: 17,571: Total time for which application threads were stopped: 0,0000437 seconds, Stopping threads took: 0,0000196 seconds
2018-06-19T12:17:17.120+0200: 17,571: Total time for which application threads were stopped: 0,0000552 seconds, Stopping threads took: 0,0000296 seconds
2018-06-19T12:17:17.121+0200: 17,573: Total time for which application threads were stopped: 0,0000919 seconds, Stopping threads took: 0,0000234 seconds
2018-06-19T12:17:17.121+0200: 17,573: Total time for which application threads were stopped: 0,0000381 seconds, Stopping threads took: 0,0000099 seconds
2018-06-19T12:17:17.122+0200: 17,574: Total time for which application threads were stopped: 0,0000520 seconds, Stopping threads took: 0,0000144 seconds
2018-06-19T12:17:17.122+0200: 17,574: Total time for which application threads were stopped: 0,0000367 seconds, Stopping threads took: 0,0000096 seconds
2018-06-19T12:17:17.122+0200: 17,574: Total time for which application threads were stopped: 0,0000445 seconds, Stopping threads took: 0,0000094 seconds
2018-06-19T12:17:17.122+0200: 17,574: Total time for which application threads were stopped: 0,0000520 seconds, Stopping threads took: 0,0000107 seconds
2018-06-19T12:17:17.122+0200: 17,574: Total time for which application threads were stopped: 0,0000367 seconds, Stopping threads took: 0,0000104 seconds
2018-06-19T12:17:17.122+0200: 17,574: Total time for which application threads were stopped: 0,0000345 seconds, Stopping threads took: 0,0000097 seconds
2018-06-19T12:17:17.122+0200: 17,574: Total time for which application threads were stopped: 0,0001459 seconds, Stopping threads took: 0,0000096 seconds
2018-06-19T12:17:17.123+0200: 17,575: Total time for which application threads were stopped: 0,0000755 seconds, Stopping threads took: 0,0000206 seconds
2018-06-19T12:17:17.124+0200: 17,575: Total time for which application threads were stopped: 0,0000434 seconds, Stopping threads took: 0,0000158 seconds
2018-06-19T12:17:17.124+0200: 17,575: Total time for which application threads were stopped: 0,0000359 seconds, Stopping threads took: 0,0000097 seconds
2018-06-19T12:17:17.125+0200: 17,577: Total time for which application threads were stopped: 0,0001116 seconds, Stopping threads took: 0,0000550 seconds
2018-06-19T12:17:17.126+0200: 17,577: Total time for which application threads were stopped: 0,0000534 seconds, Stopping threads took: 0,0000175 seconds
2018-06-19T12:17:17.126+0200: 17,577: Total time for which application threads were stopped: 0,0000398 seconds, Stopping threads took: 0,0000103 seconds
2018-06-19T12:17:17.126+0200: 17,577: Total time for which application threads were stopped: 0,0000509 seconds, Stopping threads took: 0,0000221 seconds
2018-06-19T12:17:17.126+0200: 17,577: Total time for which application threads were stopped: 0,0000350 seconds, Stopping threads took: 0,0000119 seconds
2018-06-19T12:17:17.126+0200: 17,577: Total time for which application threads were stopped: 0,0000572 seconds, Stopping threads took: 0,0000309 seconds
2018-06-19T12:17:17.126+0200: 17,577: Total time for which application threads were stopped: 0,0000448 seconds, Stopping threads took: 0,0000170 seconds
2018-06-19T12:17:17.126+0200: 17,578: Total time for which application threads were stopped: 0,0000397 seconds, Stopping threads took: 0,0000100 seconds
2018-06-19T12:17:17.126+0200: 17,578: Total time for which application threads were stopped: 0,0000412 seconds, Stopping threads took: 0,0000105 seconds
2018-06-19T12:17:17.126+0200: 17,578: Total time for which application threads were stopped: 0,0000528 seconds, Stopping threads took: 0,0000192 seconds
2018-06-19T12:17:17.126+0200: 17,578: Total time for which application threads were stopped: 0,0001513 seconds, Stopping threads took: 0,0000193 seconds
2018-06-19T12:17:17.126+0200: 17,578: Total time for which application threads were stopped: 0,0000735 seconds, Stopping threads took: 0,0000337 seconds
2018-06-19T12:17:17.127+0200: 17,578: Total time for which application threads were stopped: 0,0000777 seconds, Stopping threads took: 0,0000360 seconds
2018-06-19T12:17:17.127+0200: 17,578: Total time for which application threads were stopped: 0,0000681 seconds, Stopping threads took: 0,0000303 seconds
2018-06-19T12:17:17.127+0200: 17,578: Total time for which application threads were stopped: 0,0000539 seconds, Stopping threads took: 0,0000255 seconds
2018-06-19T12:17:17.127+0200: 17,578: Total time for which application threads were stopped: 0,0000520 seconds, Stopping threads took: 0,0000226 seconds
2018-06-19T12:17:17.127+0200: 17,578: Total time for which application threads were stopped: 0,0000526 seconds, Stopping threads took: 0,0000230 seconds
2018-06-19T12:17:17.129+0200: 17,580: Total time for which application threads were stopped: 0,0001412 seconds, Stopping threads took: 0,0000617 seconds
2018-06-19T12:17:17.132+0200: 17,584: Total time for which application threads were stopped: 0,0001617 seconds, Stopping threads took: 0,0000661 seconds
2018-06-19T12:17:17.136+0200: 17,587: Total time for which application threads were stopped: 0,0000945 seconds, Stopping threads took: 0,0000390 seconds
2018-06-19T12:17:17.136+0200: 17,588: Total time for which application threads were stopped: 0,0007254 seconds, Stopping threads took: 0,0006902 seconds
2018-06-19T12:17:17.138+0200: 17,589: Total time for which application threads were stopped: 0,0001301 seconds, Stopping threads took: 0,0000758 seconds
2018-06-19T12:17:17.139+0200: 17,590: Total time for which application threads were stopped: 0,0001403 seconds, Stopping threads took: 0,0000866 seconds
2018-06-19T12:17:17.139+0200: 17,590: Total time for which application threads were stopped: 0,0000629 seconds, Stopping threads took: 0,0000304 seconds
2018-06-19T12:17:17.139+0200: 17,591: Total time for which application threads were stopped: 0,0000379 seconds, Stopping threads took: 0,0000101 seconds
2018-06-19T12:17:17.141+0200: 17,592: Total time for which application threads were stopped: 0,0001185 seconds, Stopping threads took: 0,0000490 seconds
2018-06-19T12:17:17.148+0200: 17,600: Total time for which application threads were stopped: 0,0001205 seconds, Stopping threads took: 0,0000448 seconds
Heap
 par new generation   total 109248K, used 76430K [0x00000000e0000000, 0x00000000e8000000, 0x00000000e8000000)
  eden space 87424K,  74% used [0x00000000e0000000, 0x00000000e3f4b1a8, 0x00000000e5560000)
  from space 21824K,  53% used [0x00000000e6ab0000, 0x00000000e76086f0, 0x00000000e8000000)
  to   space 21824K,   0% used [0x00000000e5560000, 0x00000000e5560000, 0x00000000e6ab0000)
 concurrent mark-sweep generation total 393216K, used 41706K [0x00000000e8000000, 0x0000000100000000, 0x0000000100000000)
 Metaspace       used 31152K, capacity 31872K, committed 32252K, reserved 1077248K
  class space    used 3521K, capacity 3737K, committed 3836K, reserved 1048576K
