OpenJDK 64-Bit Server VM (25.162-b12) for linux-amd64 JRE (1.8.0_162-8u162-b12-0ubuntu0.16.04.2-b12), built on Mar 14 2018 12:11:18 by "buildd" with gcc 5.4.0 20160609
Memory: 4k page, physical 7867624k(3703192k free), swap 8076284k(7229200k free)
CommandLine flags: -XX:CMSInitiatingOccupancyFraction=50 -XX:CMSMaxAbortablePrecleanTime=6000 -XX:+CMSParallelRemarkEnabled -XX:+CMSScavengeBeforeRemark -XX:ConcGCThreads=4 -XX:InitialHeapSize=536870912 -XX:MaxHeapSize=536870912 -XX:MaxTenuringThreshold=8 -XX:NewRatio=3 -XX:OldPLABSize=16 -XX:OnOutOfMemoryError=/home/gurnoor/workspace/QTM/solr/bin/oom_solr.sh 8983 /home/gurnoor/workspace/QTM/solr/server/logs -XX:ParallelGCThreads=4 -XX:+ParallelRefProcEnabled -XX:PretenureSizeThreshold=67108864 -XX:+PrintGC -XX:+PrintGCApplicationStoppedTime -XX:+PrintGCDateStamps -XX:+PrintGCDetails -XX:+PrintGCTimeStamps -XX:+PrintHeapAtGC -XX:+PrintTenuringDistribution -XX:SurvivorRatio=4 -XX:TargetSurvivorRatio=90 -XX:ThreadStackSize=256 -XX:+UseCMSInitiatingOccupancyOnly -XX:+UseCompressedClassPointers -XX:+UseCompressedOops -XX:+UseConcMarkSweepGC -XX:+UseParNewGC 
2018-04-06T21:31:29.459+0200: 0,106: Total time for which application threads were stopped: 0,0000642 seconds, Stopping threads took: 0,0000142 seconds
2018-04-06T21:31:29.539+0200: 0,187: Total time for which application threads were stopped: 0,0000889 seconds, Stopping threads took: 0,0000103 seconds
2018-04-06T21:31:29.548+0200: 0,195: Total time for which application threads were stopped: 0,0000806 seconds, Stopping threads took: 0,0000164 seconds
2018-04-06T21:31:29.671+0200: 0,319: Total time for which application threads were stopped: 0,0002150 seconds, Stopping threads took: 0,0000188 seconds
2018-04-06T21:31:29.833+0200: 0,480: Total time for which application threads were stopped: 0,0001337 seconds, Stopping threads took: 0,0000151 seconds
2018-04-06T21:31:29.879+0200: 0,526: Total time for which application threads were stopped: 0,0001578 seconds, Stopping threads took: 0,0000180 seconds
2018-04-06T21:31:29.894+0200: 0,541: Total time for which application threads were stopped: 0,0001498 seconds, Stopping threads took: 0,0000236 seconds
2018-04-06T21:31:30.093+0200: 0,741: Total time for which application threads were stopped: 0,0001681 seconds, Stopping threads took: 0,0000122 seconds
2018-04-06T21:31:30.246+0200: 0,894: Total time for which application threads were stopped: 0,0002240 seconds, Stopping threads took: 0,0000213 seconds
2018-04-06T21:31:30.265+0200: 0,912: Total time for which application threads were stopped: 0,0001786 seconds, Stopping threads took: 0,0000226 seconds
2018-04-06T21:31:30.288+0200: 0,935: Total time for which application threads were stopped: 0,0002195 seconds, Stopping threads took: 0,0000291 seconds
2018-04-06T21:31:30.289+0200: 0,936: Total time for which application threads were stopped: 0,0002334 seconds, Stopping threads took: 0,0000254 seconds
2018-04-06T21:31:30.301+0200: 0,948: Total time for which application threads were stopped: 0,0002180 seconds, Stopping threads took: 0,0000328 seconds
2018-04-06T21:31:30.362+0200: 1,010: Total time for which application threads were stopped: 0,0002119 seconds, Stopping threads took: 0,0000216 seconds
2018-04-06T21:31:30.518+0200: 1,165: Total time for which application threads were stopped: 0,0003046 seconds, Stopping threads took: 0,0000392 seconds
{Heap before GC invocations=0 (full 0):
 par new generation   total 109248K, used 87424K [0x00000000e0000000, 0x00000000e8000000, 0x00000000e8000000)
  eden space 87424K, 100% used [0x00000000e0000000, 0x00000000e5560000, 0x00000000e5560000)
  from space 21824K,   0% used [0x00000000e5560000, 0x00000000e5560000, 0x00000000e6ab0000)
  to   space 21824K,   0% used [0x00000000e6ab0000, 0x00000000e6ab0000, 0x00000000e8000000)
 concurrent mark-sweep generation total 393216K, used 0K [0x00000000e8000000, 0x0000000100000000, 0x0000000100000000)
 Metaspace       used 18098K, capacity 18408K, committed 18688K, reserved 1064960K
  class space    used 2045K, capacity 2198K, committed 2304K, reserved 1048576K
2018-04-06T21:31:30.600+0200: 1,247: [GC (Allocation Failure) 2018-04-06T21:31:30.600+0200: 1,247: [ParNew
Desired survivor size 20112992 bytes, new threshold 8 (max 8)
- age   1:   12483184 bytes,   12483184 total
: 87424K->12300K(109248K), 0,0154106 secs] 87424K->12300K(502464K), 0,0154715 secs] [Times: user=0,03 sys=0,03, real=0,01 secs] 
Heap after GC invocations=1 (full 0):
 par new generation   total 109248K, used 12300K [0x00000000e0000000, 0x00000000e8000000, 0x00000000e8000000)
  eden space 87424K,   0% used [0x00000000e0000000, 0x00000000e0000000, 0x00000000e5560000)
  from space 21824K,  56% used [0x00000000e6ab0000, 0x00000000e76b3010, 0x00000000e8000000)
  to   space 21824K,   0% used [0x00000000e5560000, 0x00000000e5560000, 0x00000000e6ab0000)
 concurrent mark-sweep generation total 393216K, used 0K [0x00000000e8000000, 0x0000000100000000, 0x0000000100000000)
 Metaspace       used 18098K, capacity 18408K, committed 18688K, reserved 1064960K
  class space    used 2045K, capacity 2198K, committed 2304K, reserved 1048576K
}
2018-04-06T21:31:30.615+0200: 1,263: Total time for which application threads were stopped: 0,0157682 seconds, Stopping threads took: 0,0000760 seconds
2018-04-06T21:31:30.872+0200: 1,520: Total time for which application threads were stopped: 0,0004317 seconds, Stopping threads took: 0,0000531 seconds
2018-04-06T21:31:30.916+0200: 1,564: Total time for which application threads were stopped: 0,0004172 seconds, Stopping threads took: 0,0000785 seconds
{Heap before GC invocations=1 (full 0):
 par new generation   total 109248K, used 99724K [0x00000000e0000000, 0x00000000e8000000, 0x00000000e8000000)
  eden space 87424K, 100% used [0x00000000e0000000, 0x00000000e5560000, 0x00000000e5560000)
  from space 21824K,  56% used [0x00000000e6ab0000, 0x00000000e76b3010, 0x00000000e8000000)
  to   space 21824K,   0% used [0x00000000e5560000, 0x00000000e5560000, 0x00000000e6ab0000)
 concurrent mark-sweep generation total 393216K, used 0K [0x00000000e8000000, 0x0000000100000000, 0x0000000100000000)
 Metaspace       used 20094K, capacity 20428K, committed 20736K, reserved 1067008K
  class space    used 2299K, capacity 2468K, committed 2560K, reserved 1048576K
2018-04-06T21:31:30.942+0200: 1,589: [GC (Allocation Failure) 2018-04-06T21:31:30.942+0200: 1,589: [ParNew
Desired survivor size 20112992 bytes, new threshold 8 (max 8)
- age   1:    2959104 bytes,    2959104 total
- age   2:    6470024 bytes,    9429128 total
: 99724K->13453K(109248K), 0,0194158 secs] 99724K->13453K(502464K), 0,0194980 secs] [Times: user=0,06 sys=0,01, real=0,02 secs] 
Heap after GC invocations=2 (full 0):
 par new generation   total 109248K, used 13453K [0x00000000e0000000, 0x00000000e8000000, 0x00000000e8000000)
  eden space 87424K,   0% used [0x00000000e0000000, 0x00000000e0000000, 0x00000000e5560000)
  from space 21824K,  61% used [0x00000000e5560000, 0x00000000e6283758, 0x00000000e6ab0000)
  to   space 21824K,   0% used [0x00000000e6ab0000, 0x00000000e6ab0000, 0x00000000e8000000)
 concurrent mark-sweep generation total 393216K, used 0K [0x00000000e8000000, 0x0000000100000000, 0x0000000100000000)
 Metaspace       used 20094K, capacity 20428K, committed 20736K, reserved 1067008K
  class space    used 2299K, capacity 2468K, committed 2560K, reserved 1048576K
}
2018-04-06T21:31:30.962+0200: 1,609: Total time for which application threads were stopped: 0,0206530 seconds, Stopping threads took: 0,0009774 seconds
2018-04-06T21:31:30.995+0200: 1,643: Total time for which application threads were stopped: 0,0022095 seconds, Stopping threads took: 0,0019288 seconds
2018-04-06T21:31:31.118+0200: 1,765: Total time for which application threads were stopped: 0,0002207 seconds, Stopping threads took: 0,0000439 seconds
{Heap before GC invocations=2 (full 0):
 par new generation   total 109248K, used 100877K [0x00000000e0000000, 0x00000000e8000000, 0x00000000e8000000)
  eden space 87424K, 100% used [0x00000000e0000000, 0x00000000e5560000, 0x00000000e5560000)
  from space 21824K,  61% used [0x00000000e5560000, 0x00000000e6283758, 0x00000000e6ab0000)
  to   space 21824K,   0% used [0x00000000e6ab0000, 0x00000000e6ab0000, 0x00000000e8000000)
 concurrent mark-sweep generation total 393216K, used 0K [0x00000000e8000000, 0x0000000100000000, 0x0000000100000000)
 Metaspace       used 21025K, capacity 21350K, committed 21628K, reserved 1069056K
  class space    used 2425K, capacity 2587K, committed 2684K, reserved 1048576K
2018-04-06T21:31:31.165+0200: 1,812: [GC (Allocation Failure) 2018-04-06T21:31:31.165+0200: 1,813: [ParNew
Desired survivor size 20112992 bytes, new threshold 8 (max 8)
- age   1:    2019384 bytes,    2019384 total
- age   2:     509352 bytes,    2528736 total
- age   3:    6466480 bytes,    8995216 total
: 100877K->10750K(109248K), 0,0182360 secs] 100877K->10750K(502464K), 0,0183208 secs] [Times: user=0,06 sys=0,00, real=0,02 secs] 
Heap after GC invocations=3 (full 0):
 par new generation   total 109248K, used 10750K [0x00000000e0000000, 0x00000000e8000000, 0x00000000e8000000)
  eden space 87424K,   0% used [0x00000000e0000000, 0x00000000e0000000, 0x00000000e5560000)
  from space 21824K,  49% used [0x00000000e6ab0000, 0x00000000e752f800, 0x00000000e8000000)
  to   space 21824K,   0% used [0x00000000e5560000, 0x00000000e5560000, 0x00000000e6ab0000)
 concurrent mark-sweep generation total 393216K, used 0K [0x00000000e8000000, 0x0000000100000000, 0x0000000100000000)
 Metaspace       used 21025K, capacity 21350K, committed 21628K, reserved 1069056K
  class space    used 2425K, capacity 2587K, committed 2684K, reserved 1048576K
}
2018-04-06T21:31:31.183+0200: 1,831: Total time for which application threads were stopped: 0,0185260 seconds, Stopping threads took: 0,0000642 seconds
2018-04-06T21:31:31.199+0200: 1,846: [GC (CMS Initial Mark) [1 CMS-initial-mark: 0K(393216K)] 26108K(502464K), 0,0065743 secs] [Times: user=0,02 sys=0,00, real=0,01 secs] 
2018-04-06T21:31:31.206+0200: 1,853: Total time for which application threads were stopped: 0,0068016 seconds, Stopping threads took: 0,0000888 seconds
2018-04-06T21:31:31.206+0200: 1,853: [CMS-concurrent-mark-start]
2018-04-06T21:31:31.206+0200: 1,854: [CMS-concurrent-mark: 0,001/0,001 secs] [Times: user=0,01 sys=0,00, real=0,00 secs] 
2018-04-06T21:31:31.206+0200: 1,854: [CMS-concurrent-preclean-start]
2018-04-06T21:31:31.207+0200: 1,855: [CMS-concurrent-preclean: 0,001/0,001 secs] [Times: user=0,00 sys=0,00, real=0,01 secs] 
2018-04-06T21:31:31.207+0200: 1,855: [CMS-concurrent-abortable-preclean-start]
2018-04-06T21:31:31.251+0200: 1,899: Total time for which application threads were stopped: 0,0011466 seconds, Stopping threads took: 0,0010553 seconds
{Heap before GC invocations=3 (full 1):
 par new generation   total 109248K, used 98174K [0x00000000e0000000, 0x00000000e8000000, 0x00000000e8000000)
  eden space 87424K, 100% used [0x00000000e0000000, 0x00000000e5560000, 0x00000000e5560000)
  from space 21824K,  49% used [0x00000000e6ab0000, 0x00000000e752f800, 0x00000000e8000000)
  to   space 21824K,   0% used [0x00000000e5560000, 0x00000000e5560000, 0x00000000e6ab0000)
 concurrent mark-sweep generation total 393216K, used 0K [0x00000000e8000000, 0x0000000100000000, 0x0000000100000000)
 Metaspace       used 21294K, capacity 21690K, committed 21884K, reserved 1069056K
  class space    used 2450K, capacity 2603K, committed 2684K, reserved 1048576K
2018-04-06T21:31:31.291+0200: 1,939: [GC (Allocation Failure) 2018-04-06T21:31:31.291+0200: 1,939: [ParNew
Desired survivor size 20112992 bytes, new threshold 8 (max 8)
- age   1:     833720 bytes,     833720 total
- age   2:    1451304 bytes,    2285024 total
- age   3:     507064 bytes,    2792088 total
- age   4:    6466360 bytes,    9258448 total
: 98174K->11897K(109248K), 0,0097325 secs] 98174K->11897K(502464K), 0,0098049 secs] [Times: user=0,03 sys=0,00, real=0,01 secs] 
Heap after GC invocations=4 (full 1):
 par new generation   total 109248K, used 11897K [0x00000000e0000000, 0x00000000e8000000, 0x00000000e8000000)
  eden space 87424K,   0% used [0x00000000e0000000, 0x00000000e0000000, 0x00000000e5560000)
  from space 21824K,  54% used [0x00000000e5560000, 0x00000000e60fe7d0, 0x00000000e6ab0000)
  to   space 21824K,   0% used [0x00000000e6ab0000, 0x00000000e6ab0000, 0x00000000e8000000)
 concurrent mark-sweep generation total 393216K, used 0K [0x00000000e8000000, 0x0000000100000000, 0x0000000100000000)
 Metaspace       used 21294K, capacity 21690K, committed 21884K, reserved 1069056K
  class space    used 2450K, capacity 2603K, committed 2684K, reserved 1048576K
}
2018-04-06T21:31:31.301+0200: 1,949: Total time for which application threads were stopped: 0,0100131 seconds, Stopping threads took: 0,0000648 seconds
{Heap before GC invocations=4 (full 1):
 par new generation   total 109248K, used 99321K [0x00000000e0000000, 0x00000000e8000000, 0x00000000e8000000)
  eden space 87424K, 100% used [0x00000000e0000000, 0x00000000e5560000, 0x00000000e5560000)
  from space 21824K,  54% used [0x00000000e5560000, 0x00000000e60fe7d0, 0x00000000e6ab0000)
  to   space 21824K,   0% used [0x00000000e6ab0000, 0x00000000e6ab0000, 0x00000000e8000000)
 concurrent mark-sweep generation total 393216K, used 0K [0x00000000e8000000, 0x0000000100000000, 0x0000000100000000)
 Metaspace       used 21533K, capacity 21862K, committed 21960K, reserved 1069056K
  class space    used 2480K, capacity 2637K, committed 2684K, reserved 1048576K
2018-04-06T21:31:31.393+0200: 2,041: [GC (Allocation Failure) 2018-04-06T21:31:31.393+0200: 2,041: [ParNew2018-04-06T21:31:31.402+0200: 2,050: [CMS-concurrent-abortable-preclean: 0,085/0,195 secs] [Times: user=0,71 sys=0,02, real=0,19 secs] 

Desired survivor size 20112992 bytes, new threshold 8 (max 8)
- age   1:     699136 bytes,     699136 total
- age   2:     187896 bytes,     887032 total
- age   3:    1449784 bytes,    2336816 total
- age   4:     503112 bytes,    2839928 total
- age   5:    6466728 bytes,    9306656 total
: 99321K->12090K(109248K), 0,0112481 secs] 99321K->12090K(502464K), 0,0113167 secs] [Times: user=0,04 sys=0,00, real=0,01 secs] 
Heap after GC invocations=5 (full 1):
 par new generation   total 109248K, used 12090K [0x00000000e0000000, 0x00000000e8000000, 0x00000000e8000000)
  eden space 87424K,   0% used [0x00000000e0000000, 0x00000000e0000000, 0x00000000e5560000)
  from space 21824K,  55% used [0x00000000e6ab0000, 0x00000000e767e980, 0x00000000e8000000)
  to   space 21824K,   0% used [0x00000000e5560000, 0x00000000e5560000, 0x00000000e6ab0000)
 concurrent mark-sweep generation total 393216K, used 0K [0x00000000e8000000, 0x0000000100000000, 0x0000000100000000)
 Metaspace       used 21533K, capacity 21862K, committed 21960K, reserved 1069056K
  class space    used 2480K, capacity 2637K, committed 2684K, reserved 1048576K
}
2018-04-06T21:31:31.405+0200: 2,052: Total time for which application threads were stopped: 0,0115446 seconds, Stopping threads took: 0,0000777 seconds
2018-04-06T21:31:31.410+0200: 2,057: Total time for which application threads were stopped: 0,0001261 seconds, Stopping threads took: 0,0000547 seconds
2018-04-06T21:31:31.410+0200: 2,057: [GC (CMS Final Remark) [YG occupancy: 15949 K (109248 K)]{Heap before GC invocations=5 (full 1):
 par new generation   total 109248K, used 15949K [0x00000000e0000000, 0x00000000e8000000, 0x00000000e8000000)
  eden space 87424K,   4% used [0x00000000e0000000, 0x00000000e03c4af8, 0x00000000e5560000)
  from space 21824K,  55% used [0x00000000e6ab0000, 0x00000000e767e980, 0x00000000e8000000)
  to   space 21824K,   0% used [0x00000000e5560000, 0x00000000e5560000, 0x00000000e6ab0000)
 concurrent mark-sweep generation total 393216K, used 0K [0x00000000e8000000, 0x0000000100000000, 0x0000000100000000)
 Metaspace       used 21536K, capacity 21926K, committed 22216K, reserved 1069056K
  class space    used 2480K, capacity 2637K, committed 2684K, reserved 1048576K
2018-04-06T21:31:31.410+0200: 2,057: [GC (CMS Final Remark) 2018-04-06T21:31:31.410+0200: 2,057: [ParNew
Desired survivor size 20112992 bytes, new threshold 8 (max 8)
- age   1:      27400 bytes,      27400 total
- age   2:     509088 bytes,     536488 total
- age   3:     187704 bytes,     724192 total
- age   4:    1449200 bytes,    2173392 total
- age   5:     503112 bytes,    2676504 total
- age   6:    6466424 bytes,    9142928 total
: 15949K->10690K(109248K), 0,0102206 secs] 15949K->10690K(502464K), 0,0102715 secs] [Times: user=0,02 sys=0,01, real=0,01 secs] 
Heap after GC invocations=6 (full 1):
 par new generation   total 109248K, used 10690K [0x00000000e0000000, 0x00000000e8000000, 0x00000000e8000000)
  eden space 87424K,   0% used [0x00000000e0000000, 0x00000000e0000000, 0x00000000e5560000)
  from space 21824K,  48% used [0x00000000e5560000, 0x00000000e5fd0af0, 0x00000000e6ab0000)
  to   space 21824K,   0% used [0x00000000e6ab0000, 0x00000000e6ab0000, 0x00000000e8000000)
 concurrent mark-sweep generation total 393216K, used 0K [0x00000000e8000000, 0x0000000100000000, 0x0000000100000000)
 Metaspace       used 21536K, capacity 21926K, committed 22216K, reserved 1069056K
  class space    used 2480K, capacity 2637K, committed 2684K, reserved 1048576K
}
2018-04-06T21:31:31.420+0200: 2,068: [Rescan (parallel) , 0,0033318 secs]2018-04-06T21:31:31.424+0200: 2,071: [weak refs processing, 0,0006802 secs]2018-04-06T21:31:31.424+0200: 2,072: [class unloading, 0,0028983 secs]2018-04-06T21:31:31.427+0200: 2,075: [scrub symbol table, 0,0025812 secs]2018-04-06T21:31:31.430+0200: 2,077: [scrub string table, 0,0004017 secs][1 CMS-remark: 0K(393216K)] 10690K(502464K), 0,0209181 secs] [Times: user=0,04 sys=0,01, real=0,02 secs] 
2018-04-06T21:31:31.431+0200: 2,078: Total time for which application threads were stopped: 0,0210404 seconds, Stopping threads took: 0,0000458 seconds
2018-04-06T21:31:31.431+0200: 2,078: [CMS-concurrent-sweep-start]
2018-04-06T21:31:31.431+0200: 2,079: [CMS-concurrent-sweep: 0,000/0,000 secs] [Times: user=0,00 sys=0,00, real=0,00 secs] 
2018-04-06T21:31:31.431+0200: 2,079: [CMS-concurrent-reset-start]
2018-04-06T21:31:31.433+0200: 2,080: [CMS-concurrent-reset: 0,002/0,002 secs] [Times: user=0,01 sys=0,00, real=0,00 secs] 
2018-04-06T21:31:31.447+0200: 2,094: Total time for which application threads were stopped: 0,0003480 seconds, Stopping threads took: 0,0000340 seconds
2018-04-06T21:31:31.655+0200: 2,302: Total time for which application threads were stopped: 0,0005559 seconds, Stopping threads took: 0,0000372 seconds
2018-04-06T21:31:31.690+0200: 2,337: Total time for which application threads were stopped: 0,0003874 seconds, Stopping threads took: 0,0000549 seconds
2018-04-06T21:31:31.702+0200: 2,349: Total time for which application threads were stopped: 0,0004072 seconds, Stopping threads took: 0,0000297 seconds
{Heap before GC invocations=6 (full 1):
 par new generation   total 109248K, used 98114K [0x00000000e0000000, 0x00000000e8000000, 0x00000000e8000000)
  eden space 87424K, 100% used [0x00000000e0000000, 0x00000000e5560000, 0x00000000e5560000)
  from space 21824K,  48% used [0x00000000e5560000, 0x00000000e5fd0af0, 0x00000000e6ab0000)
  to   space 21824K,   0% used [0x00000000e6ab0000, 0x00000000e6ab0000, 0x00000000e8000000)
 concurrent mark-sweep generation total 393216K, used 0K [0x00000000e8000000, 0x0000000100000000, 0x0000000100000000)
 Metaspace       used 25752K, capacity 26216K, committed 26492K, reserved 1073152K
  class space    used 2973K, capacity 3156K, committed 3196K, reserved 1048576K
2018-04-06T21:31:32.041+0200: 2,689: [GC (Allocation Failure) 2018-04-06T21:31:32.042+0200: 2,689: [ParNew
Desired survivor size 20112992 bytes, new threshold 8 (max 8)
- age   1:   11487992 bytes,   11487992 total
- age   2:      22808 bytes,   11510800 total
- age   3:     164568 bytes,   11675368 total
- age   4:     184488 bytes,   11859856 total
- age   5:     279320 bytes,   12139176 total
- age   6:     483016 bytes,   12622192 total
- age   7:    6459264 bytes,   19081456 total
: 98114K->21824K(109248K), 0,0217423 secs] 98114K->22018K(502464K), 0,0218144 secs] [Times: user=0,07 sys=0,00, real=0,02 secs] 
Heap after GC invocations=7 (full 1):
 par new generation   total 109248K, used 21824K [0x00000000e0000000, 0x00000000e8000000, 0x00000000e8000000)
  eden space 87424K,   0% used [0x00000000e0000000, 0x00000000e0000000, 0x00000000e5560000)
  from space 21824K, 100% used [0x00000000e6ab0000, 0x00000000e8000000, 0x00000000e8000000)
  to   space 21824K,   0% used [0x00000000e5560000, 0x00000000e5560000, 0x00000000e6ab0000)
 concurrent mark-sweep generation total 393216K, used 194K [0x00000000e8000000, 0x0000000100000000, 0x0000000100000000)
 Metaspace       used 25752K, capacity 26216K, committed 26492K, reserved 1073152K
  class space    used 2973K, capacity 3156K, committed 3196K, reserved 1048576K
}
2018-04-06T21:31:32.063+0200: 2,711: Total time for which application threads were stopped: 0,0221874 seconds, Stopping threads took: 0,0001575 seconds
2018-04-06T21:31:32.132+0200: 2,779: Total time for which application threads were stopped: 0,0005971 seconds, Stopping threads took: 0,0001057 seconds
2018-04-06T21:31:32.150+0200: 2,797: Total time for which application threads were stopped: 0,0005522 seconds, Stopping threads took: 0,0000497 seconds
2018-04-06T21:31:32.225+0200: 2,872: Total time for which application threads were stopped: 0,0036020 seconds, Stopping threads took: 0,0031237 seconds
2018-04-06T21:31:32.337+0200: 2,985: Total time for which application threads were stopped: 0,0007951 seconds, Stopping threads took: 0,0004043 seconds
{Heap before GC invocations=7 (full 1):
 par new generation   total 109248K, used 109248K [0x00000000e0000000, 0x00000000e8000000, 0x00000000e8000000)
  eden space 87424K, 100% used [0x00000000e0000000, 0x00000000e5560000, 0x00000000e5560000)
  from space 21824K, 100% used [0x00000000e6ab0000, 0x00000000e8000000, 0x00000000e8000000)
  to   space 21824K,   0% used [0x00000000e5560000, 0x00000000e5560000, 0x00000000e6ab0000)
 concurrent mark-sweep generation total 393216K, used 194K [0x00000000e8000000, 0x0000000100000000, 0x0000000100000000)
 Metaspace       used 28041K, capacity 28694K, committed 29052K, reserved 1075200K
  class space    used 3223K, capacity 3421K, committed 3452K, reserved 1048576K
2018-04-06T21:31:32.476+0200: 3,123: [GC (Allocation Failure) 2018-04-06T21:31:32.476+0200: 3,123: [ParNew
Desired survivor size 20112992 bytes, new threshold 8 (max 8)
- age   1:    6767952 bytes,    6767952 total
- age   2:    7586432 bytes,   14354384 total
- age   3:      21512 bytes,   14375896 total
- age   4:     151688 bytes,   14527584 total
- age   5:     180760 bytes,   14708344 total
- age   6:     273504 bytes,   14981848 total
- age   7:     474624 bytes,   15456472 total
- age   8:    6452608 bytes,   21909080 total
: 109248K->21824K(109248K), 0,0270688 secs] 109442K->23389K(502464K), 0,0271642 secs] [Times: user=0,11 sys=0,00, real=0,03 secs] 
Heap after GC invocations=8 (full 1):
 par new generation   total 109248K, used 21824K [0x00000000e0000000, 0x00000000e8000000, 0x00000000e8000000)
  eden space 87424K,   0% used [0x00000000e0000000, 0x00000000e0000000, 0x00000000e5560000)
  from space 21824K, 100% used [0x00000000e5560000, 0x00000000e6ab0000, 0x00000000e6ab0000)
  to   space 21824K,   0% used [0x00000000e6ab0000, 0x00000000e6ab0000, 0x00000000e8000000)
 concurrent mark-sweep generation total 393216K, used 1565K [0x00000000e8000000, 0x0000000100000000, 0x0000000100000000)
 Metaspace       used 28041K, capacity 28694K, committed 29052K, reserved 1075200K
  class space    used 3223K, capacity 3421K, committed 3452K, reserved 1048576K
}
2018-04-06T21:31:32.503+0200: 3,150: Total time for which application threads were stopped: 0,0274825 seconds, Stopping threads took: 0,0000667 seconds
{Heap before GC invocations=8 (full 1):
 par new generation   total 109248K, used 109223K [0x00000000e0000000, 0x00000000e8000000, 0x00000000e8000000)
  eden space 87424K,  99% used [0x00000000e0000000, 0x00000000e5559d20, 0x00000000e5560000)
  from space 21824K, 100% used [0x00000000e5560000, 0x00000000e6ab0000, 0x00000000e6ab0000)
  to   space 21824K,   0% used [0x00000000e6ab0000, 0x00000000e6ab0000, 0x00000000e8000000)
 concurrent mark-sweep generation total 393216K, used 1565K [0x00000000e8000000, 0x0000000100000000, 0x0000000100000000)
 Metaspace       used 28092K, capacity 28722K, committed 29052K, reserved 1075200K
  class space    used 3225K, capacity 3426K, committed 3452K, reserved 1048576K
2018-04-06T21:31:32.568+0200: 3,215: [GC (Allocation Failure) 2018-04-06T21:31:32.568+0200: 3,215: [ParNew
Desired survivor size 20112992 bytes, new threshold 8 (max 8)
- age   1:    1600824 bytes,    1600824 total
- age   2:    5876976 bytes,    7477800 total
- age   3:    7586392 bytes,   15064192 total
- age   4:      21512 bytes,   15085704 total
- age   5:     151688 bytes,   15237392 total
- age   6:     180552 bytes,   15417944 total
- age   7:     273504 bytes,   15691448 total
- age   8:     474624 bytes,   16166072 total
: 109223K->21824K(109248K), 0,0410803 secs] 110788K->29763K(502464K), 0,0411774 secs] [Times: user=0,13 sys=0,00, real=0,04 secs] 
Heap after GC invocations=9 (full 1):
 par new generation   total 109248K, used 21824K [0x00000000e0000000, 0x00000000e8000000, 0x00000000e8000000)
  eden space 87424K,   0% used [0x00000000e0000000, 0x00000000e0000000, 0x00000000e5560000)
  from space 21824K, 100% used [0x00000000e6ab0000, 0x00000000e8000000, 0x00000000e8000000)
  to   space 21824K,   0% used [0x00000000e5560000, 0x00000000e5560000, 0x00000000e6ab0000)
 concurrent mark-sweep generation total 393216K, used 7939K [0x00000000e8000000, 0x0000000100000000, 0x0000000100000000)
 Metaspace       used 28092K, capacity 28722K, committed 29052K, reserved 1075200K
  class space    used 3225K, capacity 3426K, committed 3452K, reserved 1048576K
}
2018-04-06T21:31:32.609+0200: 3,256: Total time for which application threads were stopped: 0,0414399 seconds, Stopping threads took: 0,0000526 seconds
{Heap before GC invocations=9 (full 1):
 par new generation   total 109248K, used 109248K [0x00000000e0000000, 0x00000000e8000000, 0x00000000e8000000)
  eden space 87424K, 100% used [0x00000000e0000000, 0x00000000e5560000, 0x00000000e5560000)
  from space 21824K, 100% used [0x00000000e6ab0000, 0x00000000e8000000, 0x00000000e8000000)
  to   space 21824K,   0% used [0x00000000e5560000, 0x00000000e5560000, 0x00000000e6ab0000)
 concurrent mark-sweep generation total 393216K, used 7939K [0x00000000e8000000, 0x0000000100000000, 0x0000000100000000)
 Metaspace       used 28298K, capacity 28956K, committed 29052K, reserved 1075200K
  class space    used 3237K, capacity 3440K, committed 3452K, reserved 1048576K
2018-04-06T21:31:32.778+0200: 3,426: [GC (Allocation Failure) 2018-04-06T21:31:32.778+0200: 3,426: [ParNew
Desired survivor size 20112992 bytes, new threshold 8 (max 8)
- age   1:    4514304 bytes,    4514304 total
- age   2:     166368 bytes,    4680672 total
- age   3:    5872264 bytes,   10552936 total
- age   4:    7586160 bytes,   18139096 total
- age   5:      21512 bytes,   18160608 total
- age   6:     151688 bytes,   18312296 total
- age   7:     180552 bytes,   18492848 total
- age   8:     273504 bytes,   18766352 total
: 109248K->21824K(109248K), 0,0296151 secs] 117187K->30239K(502464K), 0,0297032 secs] [Times: user=0,10 sys=0,01, real=0,04 secs] 
Heap after GC invocations=10 (full 1):
 par new generation   total 109248K, used 21824K [0x00000000e0000000, 0x00000000e8000000, 0x00000000e8000000)
  eden space 87424K,   0% used [0x00000000e0000000, 0x00000000e0000000, 0x00000000e5560000)
  from space 21824K, 100% used [0x00000000e5560000, 0x00000000e6ab0000, 0x00000000e6ab0000)
  to   space 21824K,   0% used [0x00000000e6ab0000, 0x00000000e6ab0000, 0x00000000e8000000)
 concurrent mark-sweep generation total 393216K, used 8415K [0x00000000e8000000, 0x0000000100000000, 0x0000000100000000)
 Metaspace       used 28298K, capacity 28956K, committed 29052K, reserved 1075200K
  class space    used 3237K, capacity 3440K, committed 3452K, reserved 1048576K
}
2018-04-06T21:31:32.808+0200: 3,455: Total time for which application threads were stopped: 0,0300487 seconds, Stopping threads took: 0,0000759 seconds
2018-04-06T21:31:33.406+0200: 4,054: Total time for which application threads were stopped: 0,0005805 seconds, Stopping threads took: 0,0000309 seconds
2018-04-06T21:31:36.001+0200: 6,648: Total time for which application threads were stopped: 0,0000762 seconds, Stopping threads took: 0,0000181 seconds
2018-04-06T21:31:36.004+0200: 6,652: Total time for which application threads were stopped: 0,0000632 seconds, Stopping threads took: 0,0000139 seconds
2018-04-06T21:31:36.024+0200: 6,671: Total time for which application threads were stopped: 0,0004240 seconds, Stopping threads took: 0,0000199 seconds
2018-04-06T21:31:36.038+0200: 6,686: Total time for which application threads were stopped: 0,0001367 seconds, Stopping threads took: 0,0000645 seconds
2018-04-06T21:31:36.039+0200: 6,686: Total time for which application threads were stopped: 0,0001515 seconds, Stopping threads took: 0,0001050 seconds
2018-04-06T21:31:36.099+0200: 6,747: Total time for which application threads were stopped: 0,0001115 seconds, Stopping threads took: 0,0000335 seconds
2018-04-06T21:31:36.101+0200: 6,749: Total time for which application threads were stopped: 0,0001034 seconds, Stopping threads took: 0,0000335 seconds
2018-04-06T21:31:36.172+0200: 6,819: Total time for which application threads were stopped: 0,0001356 seconds, Stopping threads took: 0,0000422 seconds
2018-04-06T21:31:36.179+0200: 6,827: Total time for which application threads were stopped: 0,0025107 seconds, Stopping threads took: 0,0024444 seconds
2018-04-06T21:31:36.196+0200: 6,844: Total time for which application threads were stopped: 0,0000966 seconds, Stopping threads took: 0,0000292 seconds
2018-04-06T21:31:36.564+0200: 7,211: Total time for which application threads were stopped: 0,0004904 seconds, Stopping threads took: 0,0000199 seconds
2018-04-06T21:31:36.565+0200: 7,212: Total time for which application threads were stopped: 0,0005371 seconds, Stopping threads took: 0,0000216 seconds
2018-04-06T21:31:36.568+0200: 7,215: Total time for which application threads were stopped: 0,0000802 seconds, Stopping threads took: 0,0000175 seconds
2018-04-06T21:31:36.569+0200: 7,217: Total time for which application threads were stopped: 0,0001339 seconds, Stopping threads took: 0,0000781 seconds
2018-04-06T21:31:36.578+0200: 7,225: Total time for which application threads were stopped: 0,0025512 seconds, Stopping threads took: 0,0024569 seconds
2018-04-06T21:31:36.580+0200: 7,227: Total time for which application threads were stopped: 0,0001378 seconds, Stopping threads took: 0,0000453 seconds
2018-04-06T21:31:36.591+0200: 7,239: Total time for which application threads were stopped: 0,0008845 seconds, Stopping threads took: 0,0007852 seconds
2018-04-06T21:31:36.596+0200: 7,243: Total time for which application threads were stopped: 0,0001855 seconds, Stopping threads took: 0,0001229 seconds
2018-04-06T21:31:36.600+0200: 7,248: Total time for which application threads were stopped: 0,0001826 seconds, Stopping threads took: 0,0000979 seconds
2018-04-06T21:31:36.603+0200: 7,251: Total time for which application threads were stopped: 0,0006337 seconds, Stopping threads took: 0,0005375 seconds
2018-04-06T21:31:36.604+0200: 7,251: Total time for which application threads were stopped: 0,0001647 seconds, Stopping threads took: 0,0000843 seconds
2018-04-06T21:31:36.606+0200: 7,254: Total time for which application threads were stopped: 0,0001521 seconds, Stopping threads took: 0,0000488 seconds
Heap
 par new generation   total 109248K, used 65286K [0x00000000e0000000, 0x00000000e8000000, 0x00000000e8000000)
  eden space 87424K,  49% used [0x00000000e0000000, 0x00000000e2a71b90, 0x00000000e5560000)
  from space 21824K, 100% used [0x00000000e5560000, 0x00000000e6ab0000, 0x00000000e6ab0000)
  to   space 21824K,   0% used [0x00000000e6ab0000, 0x00000000e6ab0000, 0x00000000e8000000)
 concurrent mark-sweep generation total 393216K, used 8415K [0x00000000e8000000, 0x0000000100000000, 0x0000000100000000)
 Metaspace       used 29851K, capacity 30550K, committed 30844K, reserved 1077248K
  class space    used 3437K, capacity 3670K, committed 3708K, reserved 1048576K
