OpenJDK 64-Bit Server VM (25.171-b11) for linux-amd64 JRE (1.8.0_171-8u171-b11-0ubuntu0.16.04.1-b11), built on Apr 27 2018 17:19:03 by "buildd" with gcc 5.4.0 20160609
Memory: 4k page, physical 7867608k(1684572k free), swap 8076284k(8076284k free)
CommandLine flags: -XX:CMSInitiatingOccupancyFraction=50 -XX:CMSMaxAbortablePrecleanTime=6000 -XX:+CMSParallelRemarkEnabled -XX:+CMSScavengeBeforeRemark -XX:ConcGCThreads=4 -XX:InitialHeapSize=536870912 -XX:MaxHeapSize=536870912 -XX:MaxTenuringThreshold=8 -XX:NewRatio=3 -XX:OldPLABSize=16 -XX:OnOutOfMemoryError=/home/gurnoor/workspace/QTM/solr/bin/oom_solr.sh 8983 /home/gurnoor/workspace/QTM/solr/server/logs -XX:ParallelGCThreads=4 -XX:+ParallelRefProcEnabled -XX:PretenureSizeThreshold=67108864 -XX:+PrintGC -XX:+PrintGCApplicationStoppedTime -XX:+PrintGCDateStamps -XX:+PrintGCDetails -XX:+PrintGCTimeStamps -XX:+PrintHeapAtGC -XX:+PrintTenuringDistribution -XX:SurvivorRatio=4 -XX:TargetSurvivorRatio=90 -XX:ThreadStackSize=256 -XX:+UseCMSInitiatingOccupancyOnly -XX:+UseCompressedClassPointers -XX:+UseCompressedOops -XX:+UseConcMarkSweepGC -XX:+UseParNewGC 
2018-05-31T10:16:46.236+0200: 0,104: Total time for which application threads were stopped: 0,0000691 seconds, Stopping threads took: 0,0000139 seconds
2018-05-31T10:16:46.307+0200: 0,175: Total time for which application threads were stopped: 0,0001257 seconds, Stopping threads took: 0,0000339 seconds
2018-05-31T10:16:46.321+0200: 0,189: Total time for which application threads were stopped: 0,0000832 seconds, Stopping threads took: 0,0000135 seconds
2018-05-31T10:16:46.505+0200: 0,373: Total time for which application threads were stopped: 0,0002998 seconds, Stopping threads took: 0,0000323 seconds
2018-05-31T10:16:46.764+0200: 0,632: Total time for which application threads were stopped: 0,0001528 seconds, Stopping threads took: 0,0000228 seconds
2018-05-31T10:16:46.837+0200: 0,705: Total time for which application threads were stopped: 0,0001892 seconds, Stopping threads took: 0,0000134 seconds
2018-05-31T10:16:46.860+0200: 0,727: Total time for which application threads were stopped: 0,0001659 seconds, Stopping threads took: 0,0000245 seconds
2018-05-31T10:16:47.152+0200: 1,020: Total time for which application threads were stopped: 0,0002581 seconds, Stopping threads took: 0,0000339 seconds
2018-05-31T10:16:47.410+0200: 1,277: Total time for which application threads were stopped: 0,0002893 seconds, Stopping threads took: 0,0000212 seconds
2018-05-31T10:16:47.440+0200: 1,308: Total time for which application threads were stopped: 0,0001999 seconds, Stopping threads took: 0,0000130 seconds
2018-05-31T10:16:47.472+0200: 1,340: Total time for which application threads were stopped: 0,0002637 seconds, Stopping threads took: 0,0000311 seconds
2018-05-31T10:16:47.474+0200: 1,342: Total time for which application threads were stopped: 0,0002403 seconds, Stopping threads took: 0,0000284 seconds
2018-05-31T10:16:47.496+0200: 1,364: Total time for which application threads were stopped: 0,0002829 seconds, Stopping threads took: 0,0000811 seconds
2018-05-31T10:16:47.611+0200: 1,479: Total time for which application threads were stopped: 0,0003407 seconds, Stopping threads took: 0,0000450 seconds
2018-05-31T10:16:47.874+0200: 1,742: Total time for which application threads were stopped: 0,0003441 seconds, Stopping threads took: 0,0000636 seconds
{Heap before GC invocations=0 (full 0):
 par new generation   total 109248K, used 87424K [0x00000000e0000000, 0x00000000e8000000, 0x00000000e8000000)
  eden space 87424K, 100% used [0x00000000e0000000, 0x00000000e5560000, 0x00000000e5560000)
  from space 21824K,   0% used [0x00000000e5560000, 0x00000000e5560000, 0x00000000e6ab0000)
  to   space 21824K,   0% used [0x00000000e6ab0000, 0x00000000e6ab0000, 0x00000000e8000000)
 concurrent mark-sweep generation total 393216K, used 0K [0x00000000e8000000, 0x0000000100000000, 0x0000000100000000)
 Metaspace       used 18140K, capacity 18472K, committed 18688K, reserved 1064960K
  class space    used 2048K, capacity 2198K, committed 2304K, reserved 1048576K
2018-05-31T10:16:48.058+0200: 1,926: [GC (Allocation Failure) 2018-05-31T10:16:48.058+0200: 1,926: [ParNew
Desired survivor size 20112992 bytes, new threshold 8 (max 8)
- age   1:   12567480 bytes,   12567480 total
: 87424K->12388K(109248K), 0,0328273 secs] 87424K->12388K(502464K), 0,0329133 secs] [Times: user=0,07 sys=0,01, real=0,03 secs] 
Heap after GC invocations=1 (full 0):
 par new generation   total 109248K, used 12388K [0x00000000e0000000, 0x00000000e8000000, 0x00000000e8000000)
  eden space 87424K,   0% used [0x00000000e0000000, 0x00000000e0000000, 0x00000000e5560000)
  from space 21824K,  56% used [0x00000000e6ab0000, 0x00000000e76c9210, 0x00000000e8000000)
  to   space 21824K,   0% used [0x00000000e5560000, 0x00000000e5560000, 0x00000000e6ab0000)
 concurrent mark-sweep generation total 393216K, used 0K [0x00000000e8000000, 0x0000000100000000, 0x0000000100000000)
 Metaspace       used 18140K, capacity 18472K, committed 18688K, reserved 1064960K
  class space    used 2048K, capacity 2198K, committed 2304K, reserved 1048576K
}
2018-05-31T10:16:48.091+0200: 1,959: Total time for which application threads were stopped: 0,0333029 seconds, Stopping threads took: 0,0000470 seconds
2018-05-31T10:16:48.370+0200: 2,238: Total time for which application threads were stopped: 0,0004080 seconds, Stopping threads took: 0,0000547 seconds
2018-05-31T10:16:48.432+0200: 2,300: Total time for which application threads were stopped: 0,0006306 seconds, Stopping threads took: 0,0002785 seconds
{Heap before GC invocations=1 (full 0):
 par new generation   total 109248K, used 99812K [0x00000000e0000000, 0x00000000e8000000, 0x00000000e8000000)
  eden space 87424K, 100% used [0x00000000e0000000, 0x00000000e5560000, 0x00000000e5560000)
  from space 21824K,  56% used [0x00000000e6ab0000, 0x00000000e76c9210, 0x00000000e8000000)
  to   space 21824K,   0% used [0x00000000e5560000, 0x00000000e5560000, 0x00000000e6ab0000)
 concurrent mark-sweep generation total 393216K, used 0K [0x00000000e8000000, 0x0000000100000000, 0x0000000100000000)
 Metaspace       used 20061K, capacity 20354K, committed 20736K, reserved 1067008K
  class space    used 2295K, capacity 2465K, committed 2560K, reserved 1048576K
2018-05-31T10:16:48.440+0200: 2,308: [GC (Allocation Failure) 2018-05-31T10:16:48.440+0200: 2,308: [ParNew
Desired survivor size 20112992 bytes, new threshold 8 (max 8)
- age   1:    2771816 bytes,    2771816 total
- age   2:    6499688 bytes,    9271504 total
: 99812K->13517K(109248K), 0,0426081 secs] 99812K->13517K(502464K), 0,0426800 secs] [Times: user=0,06 sys=0,00, real=0,04 secs] 
Heap after GC invocations=2 (full 0):
 par new generation   total 109248K, used 13517K [0x00000000e0000000, 0x00000000e8000000, 0x00000000e8000000)
  eden space 87424K,   0% used [0x00000000e0000000, 0x00000000e0000000, 0x00000000e5560000)
  from space 21824K,  61% used [0x00000000e5560000, 0x00000000e62936d8, 0x00000000e6ab0000)
  to   space 21824K,   0% used [0x00000000e6ab0000, 0x00000000e6ab0000, 0x00000000e8000000)
 concurrent mark-sweep generation total 393216K, used 0K [0x00000000e8000000, 0x0000000100000000, 0x0000000100000000)
 Metaspace       used 20061K, capacity 20354K, committed 20736K, reserved 1067008K
  class space    used 2295K, capacity 2465K, committed 2560K, reserved 1048576K
}
2018-05-31T10:16:48.482+0200: 2,350: Total time for which application threads were stopped: 0,0443861 seconds, Stopping threads took: 0,0015656 seconds
2018-05-31T10:16:48.525+0200: 2,393: Total time for which application threads were stopped: 0,0030180 seconds, Stopping threads took: 0,0026735 seconds
2018-05-31T10:16:48.653+0200: 2,521: Total time for which application threads were stopped: 0,0013258 seconds, Stopping threads took: 0,0011773 seconds
{Heap before GC invocations=2 (full 0):
 par new generation   total 109248K, used 100941K [0x00000000e0000000, 0x00000000e8000000, 0x00000000e8000000)
  eden space 87424K, 100% used [0x00000000e0000000, 0x00000000e5560000, 0x00000000e5560000)
  from space 21824K,  61% used [0x00000000e5560000, 0x00000000e62936d8, 0x00000000e6ab0000)
  to   space 21824K,   0% used [0x00000000e6ab0000, 0x00000000e6ab0000, 0x00000000e8000000)
 concurrent mark-sweep generation total 393216K, used 0K [0x00000000e8000000, 0x0000000100000000, 0x0000000100000000)
 Metaspace       used 21009K, capacity 21340K, committed 21628K, reserved 1069056K
  class space    used 2424K, capacity 2584K, committed 2684K, reserved 1048576K
2018-05-31T10:16:48.701+0200: 2,569: [GC (Allocation Failure) 2018-05-31T10:16:48.701+0200: 2,569: [ParNew
Desired survivor size 20112992 bytes, new threshold 8 (max 8)
- age   1:    2378880 bytes,    2378880 total
- age   2:     497432 bytes,    2876312 total
- age   3:    6484040 bytes,    9360352 total
: 100941K->11984K(109248K), 0,0095301 secs] 100941K->11984K(502464K), 0,0095953 secs] [Times: user=0,03 sys=0,00, real=0,01 secs] 
Heap after GC invocations=3 (full 0):
 par new generation   total 109248K, used 11984K [0x00000000e0000000, 0x00000000e8000000, 0x00000000e8000000)
  eden space 87424K,   0% used [0x00000000e0000000, 0x00000000e0000000, 0x00000000e5560000)
  from space 21824K,  54% used [0x00000000e6ab0000, 0x00000000e76641a8, 0x00000000e8000000)
  to   space 21824K,   0% used [0x00000000e5560000, 0x00000000e5560000, 0x00000000e6ab0000)
 concurrent mark-sweep generation total 393216K, used 0K [0x00000000e8000000, 0x0000000100000000, 0x0000000100000000)
 Metaspace       used 21009K, capacity 21340K, committed 21628K, reserved 1069056K
  class space    used 2424K, capacity 2584K, committed 2684K, reserved 1048576K
}
2018-05-31T10:16:48.710+0200: 2,578: Total time for which application threads were stopped: 0,0129355 seconds, Stopping threads took: 0,0032117 seconds
2018-05-31T10:16:48.713+0200: 2,581: [GC (CMS Initial Mark) [1 CMS-initial-mark: 0K(393216K)] 12727K(502464K), 0,0028669 secs] [Times: user=0,01 sys=0,00, real=0,00 secs] 
2018-05-31T10:16:48.716+0200: 2,583: Total time for which application threads were stopped: 0,0051526 seconds, Stopping threads took: 0,0022071 seconds
2018-05-31T10:16:48.716+0200: 2,583: [CMS-concurrent-mark-start]
2018-05-31T10:16:48.716+0200: 2,584: [CMS-concurrent-mark: 0,000/0,000 secs] [Times: user=0,00 sys=0,00, real=0,00 secs] 
2018-05-31T10:16:48.716+0200: 2,584: [CMS-concurrent-preclean-start]
2018-05-31T10:16:48.717+0200: 2,585: [CMS-concurrent-preclean: 0,001/0,001 secs] [Times: user=0,00 sys=0,00, real=0,01 secs] 
2018-05-31T10:16:48.717+0200: 2,585: [GC (CMS Final Remark) [YG occupancy: 13410 K (109248 K)]{Heap before GC invocations=3 (full 1):
 par new generation   total 109248K, used 13410K [0x00000000e0000000, 0x00000000e8000000, 0x00000000e8000000)
  eden space 87424K,   1% used [0x00000000e0000000, 0x00000000e0164718, 0x00000000e5560000)
  from space 21824K,  54% used [0x00000000e6ab0000, 0x00000000e76641a8, 0x00000000e8000000)
  to   space 21824K,   0% used [0x00000000e5560000, 0x00000000e5560000, 0x00000000e6ab0000)
 concurrent mark-sweep generation total 393216K, used 0K [0x00000000e8000000, 0x0000000100000000, 0x0000000100000000)
 Metaspace       used 21010K, capacity 21340K, committed 21628K, reserved 1069056K
  class space    used 2424K, capacity 2584K, committed 2684K, reserved 1048576K
2018-05-31T10:16:48.717+0200: 2,585: [GC (CMS Final Remark) 2018-05-31T10:16:48.717+0200: 2,585: [ParNew
Desired survivor size 20112992 bytes, new threshold 8 (max 8)
- age   1:      88112 bytes,      88112 total
- age   2:    2238632 bytes,    2326744 total
- age   3:     497432 bytes,    2824176 total
- age   4:    6484088 bytes,    9308264 total
: 13410K->10708K(109248K), 0,0084441 secs] 13410K->10708K(502464K), 0,0084838 secs] [Times: user=0,03 sys=0,00, real=0,01 secs] 
Heap after GC invocations=4 (full 1):
 par new generation   total 109248K, used 10708K [0x00000000e0000000, 0x00000000e8000000, 0x00000000e8000000)
  eden space 87424K,   0% used [0x00000000e0000000, 0x00000000e0000000, 0x00000000e5560000)
  from space 21824K,  49% used [0x00000000e5560000, 0x00000000e5fd5338, 0x00000000e6ab0000)
  to   space 21824K,   0% used [0x00000000e6ab0000, 0x00000000e6ab0000, 0x00000000e8000000)
 concurrent mark-sweep generation total 393216K, used 0K [0x00000000e8000000, 0x0000000100000000, 0x0000000100000000)
 Metaspace       used 21010K, capacity 21340K, committed 21628K, reserved 1069056K
  class space    used 2424K, capacity 2584K, committed 2684K, reserved 1048576K
}
2018-05-31T10:16:48.726+0200: 2,593: [Rescan (parallel) , 0,0032610 secs]2018-05-31T10:16:48.729+0200: 2,597: [weak refs processing, 0,0008228 secs]2018-05-31T10:16:48.730+0200: 2,598: [class unloading, 0,0028119 secs]2018-05-31T10:16:48.732+0200: 2,600: [scrub symbol table, 0,0036811 secs]2018-05-31T10:16:48.736+0200: 2,604: [scrub string table, 0,0004082 secs][1 CMS-remark: 0K(393216K)] 10708K(502464K), 0,0201236 secs] [Times: user=0,06 sys=0,00, real=0,02 secs] 
2018-05-31T10:16:48.737+0200: 2,605: Total time for which application threads were stopped: 0,0202588 seconds, Stopping threads took: 0,0000604 seconds
2018-05-31T10:16:48.737+0200: 2,605: [CMS-concurrent-sweep-start]
2018-05-31T10:16:48.737+0200: 2,605: [CMS-concurrent-sweep: 0,000/0,000 secs] [Times: user=0,00 sys=0,00, real=0,00 secs] 
2018-05-31T10:16:48.737+0200: 2,605: [CMS-concurrent-reset-start]
2018-05-31T10:16:48.741+0200: 2,609: [CMS-concurrent-reset: 0,003/0,003 secs] [Times: user=0,00 sys=0,00, real=0,00 secs] 
{Heap before GC invocations=4 (full 1):
 par new generation   total 109248K, used 98132K [0x00000000e0000000, 0x00000000e8000000, 0x00000000e8000000)
  eden space 87424K, 100% used [0x00000000e0000000, 0x00000000e5560000, 0x00000000e5560000)
  from space 21824K,  49% used [0x00000000e5560000, 0x00000000e5fd5338, 0x00000000e6ab0000)
  to   space 21824K,   0% used [0x00000000e6ab0000, 0x00000000e6ab0000, 0x00000000e8000000)
 concurrent mark-sweep generation total 393216K, used 0K [0x00000000e8000000, 0x0000000100000000, 0x0000000100000000)
 Metaspace       used 21243K, capacity 21584K, committed 21884K, reserved 1069056K
  class space    used 2449K, capacity 2631K, committed 2684K, reserved 1048576K
2018-05-31T10:16:48.857+0200: 2,725: [GC (Allocation Failure) 2018-05-31T10:16:48.859+0200: 2,727: [ParNew
Desired survivor size 20112992 bytes, new threshold 8 (max 8)
- age   1:    1189920 bytes,    1189920 total
- age   2:        696 bytes,    1190616 total
- age   3:    1440464 bytes,    2631080 total
- age   4:     497128 bytes,    3128208 total
- age   5:    6484056 bytes,    9612264 total
: 98132K->14013K(109248K), 0,0281027 secs] 98132K->14013K(502464K), 0,0301431 secs] [Times: user=0,09 sys=0,00, real=0,03 secs] 
Heap after GC invocations=5 (full 1):
 par new generation   total 109248K, used 14013K [0x00000000e0000000, 0x00000000e8000000, 0x00000000e8000000)
  eden space 87424K,   0% used [0x00000000e0000000, 0x00000000e0000000, 0x00000000e5560000)
  from space 21824K,  64% used [0x00000000e6ab0000, 0x00000000e785f410, 0x00000000e8000000)
  to   space 21824K,   0% used [0x00000000e5560000, 0x00000000e5560000, 0x00000000e6ab0000)
 concurrent mark-sweep generation total 393216K, used 0K [0x00000000e8000000, 0x0000000100000000, 0x0000000100000000)
 Metaspace       used 21243K, capacity 21584K, committed 21884K, reserved 1069056K
  class space    used 2449K, capacity 2631K, committed 2684K, reserved 1048576K
}
2018-05-31T10:16:48.887+0200: 2,755: Total time for which application threads were stopped: 0,0309095 seconds, Stopping threads took: 0,0005573 seconds
{Heap before GC invocations=5 (full 1):
 par new generation   total 109248K, used 101437K [0x00000000e0000000, 0x00000000e8000000, 0x00000000e8000000)
  eden space 87424K, 100% used [0x00000000e0000000, 0x00000000e5560000, 0x00000000e5560000)
  from space 21824K,  64% used [0x00000000e6ab0000, 0x00000000e785f410, 0x00000000e8000000)
  to   space 21824K,   0% used [0x00000000e5560000, 0x00000000e5560000, 0x00000000e6ab0000)
 concurrent mark-sweep generation total 393216K, used 0K [0x00000000e8000000, 0x0000000100000000, 0x0000000100000000)
 Metaspace       used 21554K, capacity 21948K, committed 22140K, reserved 1069056K
  class space    used 2491K, capacity 2665K, committed 2684K, reserved 1048576K
2018-05-31T10:16:49.009+0200: 2,877: [GC (Allocation Failure) 2018-05-31T10:16:49.009+0200: 2,877: [ParNew
Desired survivor size 20112992 bytes, new threshold 8 (max 8)
- age   1:     730936 bytes,     730936 total
- age   2:     176312 bytes,     907248 total
- age   3:        528 bytes,     907776 total
- age   4:     662936 bytes,    1570712 total
- age   5:     493208 bytes,    2063920 total
- age   6:    6484088 bytes,    8548008 total
: 101437K->11043K(109248K), 0,0083981 secs] 101437K->11043K(502464K), 0,0084694 secs] [Times: user=0,02 sys=0,01, real=0,01 secs] 
Heap after GC invocations=6 (full 1):
 par new generation   total 109248K, used 11043K [0x00000000e0000000, 0x00000000e8000000, 0x00000000e8000000)
  eden space 87424K,   0% used [0x00000000e0000000, 0x00000000e0000000, 0x00000000e5560000)
  from space 21824K,  50% used [0x00000000e5560000, 0x00000000e6028fc0, 0x00000000e6ab0000)
  to   space 21824K,   0% used [0x00000000e6ab0000, 0x00000000e6ab0000, 0x00000000e8000000)
 concurrent mark-sweep generation total 393216K, used 0K [0x00000000e8000000, 0x0000000100000000, 0x0000000100000000)
 Metaspace       used 21554K, capacity 21948K, committed 22140K, reserved 1069056K
  class space    used 2491K, capacity 2665K, committed 2684K, reserved 1048576K
}
2018-05-31T10:16:49.017+0200: 2,885: Total time for which application threads were stopped: 0,0114265 seconds, Stopping threads took: 0,0028018 seconds
2018-05-31T10:16:49.025+0200: 2,893: Total time for which application threads were stopped: 0,0004498 seconds, Stopping threads took: 0,0000624 seconds
2018-05-31T10:16:49.297+0200: 3,165: Total time for which application threads were stopped: 0,0025346 seconds, Stopping threads took: 0,0019510 seconds
2018-05-31T10:16:49.317+0200: 3,185: Total time for which application threads were stopped: 0,0006260 seconds, Stopping threads took: 0,0000507 seconds
{Heap before GC invocations=6 (full 1):
 par new generation   total 109248K, used 98467K [0x00000000e0000000, 0x00000000e8000000, 0x00000000e8000000)
  eden space 87424K, 100% used [0x00000000e0000000, 0x00000000e5560000, 0x00000000e5560000)
  from space 21824K,  50% used [0x00000000e5560000, 0x00000000e6028fc0, 0x00000000e6ab0000)
  to   space 21824K,   0% used [0x00000000e6ab0000, 0x00000000e6ab0000, 0x00000000e8000000)
 concurrent mark-sweep generation total 393216K, used 0K [0x00000000e8000000, 0x0000000100000000, 0x0000000100000000)
 Metaspace       used 26055K, capacity 26630K, committed 26748K, reserved 1073152K
  class space    used 2998K, capacity 3186K, committed 3196K, reserved 1048576K
2018-05-31T10:16:49.887+0200: 3,755: [GC (Allocation Failure) 2018-05-31T10:16:49.887+0200: 3,755: [ParNew
Desired survivor size 20112992 bytes, new threshold 8 (max 8)
- age   1:   11945032 bytes,   11945032 total
- age   2:     178896 bytes,   12123928 total
- age   3:     175304 bytes,   12299232 total
- age   4:        528 bytes,   12299760 total
- age   5:     268760 bytes,   12568520 total
- age   6:     471128 bytes,   13039648 total
- age   7:    6477040 bytes,   19516688 total
: 98467K->20298K(109248K), 0,0301114 secs] 98467K->20298K(502464K), 0,0301986 secs] [Times: user=0,08 sys=0,00, real=0,03 secs] 
Heap after GC invocations=7 (full 1):
 par new generation   total 109248K, used 20298K [0x00000000e0000000, 0x00000000e8000000, 0x00000000e8000000)
  eden space 87424K,   0% used [0x00000000e0000000, 0x00000000e0000000, 0x00000000e5560000)
  from space 21824K,  93% used [0x00000000e6ab0000, 0x00000000e7e82b30, 0x00000000e8000000)
  to   space 21824K,   0% used [0x00000000e5560000, 0x00000000e5560000, 0x00000000e6ab0000)
 concurrent mark-sweep generation total 393216K, used 0K [0x00000000e8000000, 0x0000000100000000, 0x0000000100000000)
 Metaspace       used 26055K, capacity 26630K, committed 26748K, reserved 1073152K
  class space    used 2998K, capacity 3186K, committed 3196K, reserved 1048576K
}
2018-05-31T10:16:49.918+0200: 3,786: Total time for which application threads were stopped: 0,0320366 seconds, Stopping threads took: 0,0014097 seconds
2018-05-31T10:16:49.926+0200: 3,794: Total time for which application threads were stopped: 0,0004404 seconds, Stopping threads took: 0,0000440 seconds
2018-05-31T10:16:49.956+0200: 3,824: Total time for which application threads were stopped: 0,0006831 seconds, Stopping threads took: 0,0000663 seconds
2018-05-31T10:16:50.069+0200: 3,937: Total time for which application threads were stopped: 0,0049314 seconds, Stopping threads took: 0,0044540 seconds
2018-05-31T10:16:50.183+0200: 4,050: Total time for which application threads were stopped: 0,0012822 seconds, Stopping threads took: 0,0007933 seconds
2018-05-31T10:16:50.228+0200: 4,096: Total time for which application threads were stopped: 0,0011471 seconds, Stopping threads took: 0,0009095 seconds
2018-05-31T10:16:50.242+0200: 4,110: Total time for which application threads were stopped: 0,0007583 seconds, Stopping threads took: 0,0003497 seconds
2018-05-31T10:16:50.251+0200: 4,119: Total time for which application threads were stopped: 0,0002027 seconds, Stopping threads took: 0,0000650 seconds
2018-05-31T10:16:50.277+0200: 4,145: Total time for which application threads were stopped: 0,0041602 seconds, Stopping threads took: 0,0040086 seconds
2018-05-31T10:16:50.282+0200: 4,150: Total time for which application threads were stopped: 0,0001830 seconds, Stopping threads took: 0,0000520 seconds
2018-05-31T10:16:50.283+0200: 4,151: Total time for which application threads were stopped: 0,0002165 seconds, Stopping threads took: 0,0000963 seconds
2018-05-31T10:16:50.289+0200: 4,157: Total time for which application threads were stopped: 0,0002723 seconds, Stopping threads took: 0,0001771 seconds
2018-05-31T10:16:50.293+0200: 4,161: Total time for which application threads were stopped: 0,0002542 seconds, Stopping threads took: 0,0001394 seconds
2018-05-31T10:16:50.295+0200: 4,162: Total time for which application threads were stopped: 0,0002532 seconds, Stopping threads took: 0,0001160 seconds
2018-05-31T10:16:50.306+0200: 4,174: Total time for which application threads were stopped: 0,0001853 seconds, Stopping threads took: 0,0000915 seconds
{Heap before GC invocations=7 (full 1):
 par new generation   total 109248K, used 107722K [0x00000000e0000000, 0x00000000e8000000, 0x00000000e8000000)
  eden space 87424K, 100% used [0x00000000e0000000, 0x00000000e5560000, 0x00000000e5560000)
  from space 21824K,  93% used [0x00000000e6ab0000, 0x00000000e7e82b30, 0x00000000e8000000)
  to   space 21824K,   0% used [0x00000000e5560000, 0x00000000e5560000, 0x00000000e6ab0000)
 concurrent mark-sweep generation total 393216K, used 0K [0x00000000e8000000, 0x0000000100000000, 0x0000000100000000)
 Metaspace       used 27996K, capacity 28558K, committed 28796K, reserved 1075200K
  class space    used 3219K, capacity 3416K, committed 3452K, reserved 1048576K
2018-05-31T10:16:50.407+0200: 4,275: [GC (Allocation Failure) 2018-05-31T10:16:50.407+0200: 4,275: [ParNew
Desired survivor size 20112992 bytes, new threshold 8 (max 8)
- age   1:    6769824 bytes,    6769824 total
- age   2:    7987160 bytes,   14756984 total
- age   3:     178896 bytes,   14935880 total
- age   4:     175128 bytes,   15111008 total
- age   5:        528 bytes,   15111536 total
- age   6:     268488 bytes,   15380024 total
- age   7:     463072 bytes,   15843096 total
- age   8:    6470120 bytes,   22313216 total
: 107722K->21824K(109248K), 0,0324070 secs] 107722K->22792K(502464K), 0,0324925 secs] [Times: user=0,10 sys=0,01, real=0,03 secs] 
Heap after GC invocations=8 (full 1):
 par new generation   total 109248K, used 21824K [0x00000000e0000000, 0x00000000e8000000, 0x00000000e8000000)
  eden space 87424K,   0% used [0x00000000e0000000, 0x00000000e0000000, 0x00000000e5560000)
  from space 21824K, 100% used [0x00000000e5560000, 0x00000000e6ab0000, 0x00000000e6ab0000)
  to   space 21824K,   0% used [0x00000000e6ab0000, 0x00000000e6ab0000, 0x00000000e8000000)
 concurrent mark-sweep generation total 393216K, used 968K [0x00000000e8000000, 0x0000000100000000, 0x0000000100000000)
 Metaspace       used 27996K, capacity 28558K, committed 28796K, reserved 1075200K
  class space    used 3219K, capacity 3416K, committed 3452K, reserved 1048576K
}
2018-05-31T10:16:50.439+0200: 4,307: Total time for which application threads were stopped: 0,0328073 seconds, Stopping threads took: 0,0000953 seconds
{Heap before GC invocations=8 (full 1):
 par new generation   total 109248K, used 109248K [0x00000000e0000000, 0x00000000e8000000, 0x00000000e8000000)
  eden space 87424K, 100% used [0x00000000e0000000, 0x00000000e5560000, 0x00000000e5560000)
  from space 21824K, 100% used [0x00000000e5560000, 0x00000000e6ab0000, 0x00000000e6ab0000)
  to   space 21824K,   0% used [0x00000000e6ab0000, 0x00000000e6ab0000, 0x00000000e8000000)
 concurrent mark-sweep generation total 393216K, used 968K [0x00000000e8000000, 0x0000000100000000, 0x0000000100000000)
 Metaspace       used 28035K, capacity 28654K, committed 28796K, reserved 1075200K
  class space    used 3222K, capacity 3422K, committed 3452K, reserved 1048576K
2018-05-31T10:16:50.506+0200: 4,374: [GC (Allocation Failure) 2018-05-31T10:16:50.506+0200: 4,374: [ParNew
Desired survivor size 20112992 bytes, new threshold 8 (max 8)
- age   1:    1409856 bytes,    1409856 total
- age   2:    5190904 bytes,    6600760 total
- age   3:    6856736 bytes,   13457496 total
- age   4:     176760 bytes,   13634256 total
- age   5:     168096 bytes,   13802352 total
- age   6:        528 bytes,   13802880 total
- age   7:     257440 bytes,   14060320 total
- age   8:     437696 bytes,   14498016 total
: 109248K->21824K(109248K), 0,0809380 secs] 110216K->31976K(502464K), 0,0810467 secs] [Times: user=0,19 sys=0,02, real=0,08 secs] 
Heap after GC invocations=9 (full 1):
 par new generation   total 109248K, used 21824K [0x00000000e0000000, 0x00000000e8000000, 0x00000000e8000000)
  eden space 87424K,   0% used [0x00000000e0000000, 0x00000000e0000000, 0x00000000e5560000)
  from space 21824K, 100% used [0x00000000e6ab0000, 0x00000000e8000000, 0x00000000e8000000)
  to   space 21824K,   0% used [0x00000000e5560000, 0x00000000e5560000, 0x00000000e6ab0000)
 concurrent mark-sweep generation total 393216K, used 10152K [0x00000000e8000000, 0x0000000100000000, 0x0000000100000000)
 Metaspace       used 28035K, capacity 28654K, committed 28796K, reserved 1075200K
  class space    used 3222K, capacity 3422K, committed 3452K, reserved 1048576K
}
2018-05-31T10:16:50.587+0200: 4,455: Total time for which application threads were stopped: 0,0813407 seconds, Stopping threads took: 0,0000707 seconds
2018-05-31T10:16:50.755+0200: 4,623: Total time for which application threads were stopped: 0,0001744 seconds, Stopping threads took: 0,0000578 seconds
2018-05-31T10:16:50.768+0200: 4,636: Total time for which application threads were stopped: 0,0001364 seconds, Stopping threads took: 0,0000650 seconds
2018-05-31T10:16:50.777+0200: 4,645: Total time for which application threads were stopped: 0,0001526 seconds, Stopping threads took: 0,0000666 seconds
2018-05-31T10:16:50.796+0200: 4,664: Total time for which application threads were stopped: 0,0001462 seconds, Stopping threads took: 0,0000401 seconds
{Heap before GC invocations=9 (full 1):
 par new generation   total 109248K, used 109248K [0x00000000e0000000, 0x00000000e8000000, 0x00000000e8000000)
  eden space 87424K, 100% used [0x00000000e0000000, 0x00000000e5560000, 0x00000000e5560000)
  from space 21824K, 100% used [0x00000000e6ab0000, 0x00000000e8000000, 0x00000000e8000000)
  to   space 21824K,   0% used [0x00000000e5560000, 0x00000000e5560000, 0x00000000e6ab0000)
 concurrent mark-sweep generation total 393216K, used 10152K [0x00000000e8000000, 0x0000000100000000, 0x0000000100000000)
 Metaspace       used 28238K, capacity 28878K, committed 29052K, reserved 1075200K
  class space    used 3232K, capacity 3434K, committed 3452K, reserved 1048576K
2018-05-31T10:16:50.798+0200: 4,666: [GC (Allocation Failure) 2018-05-31T10:16:50.798+0200: 4,666: [ParNew
Desired survivor size 20112992 bytes, new threshold 8 (max 8)
- age   1:    4850536 bytes,    4850536 total
- age   2:     147144 bytes,    4997680 total
- age   3:    5056320 bytes,   10054000 total
- age   4:    6856504 bytes,   16910504 total
- age   5:     176760 bytes,   17087264 total
- age   6:     168096 bytes,   17255360 total
- age   7:        528 bytes,   17255888 total
- age   8:     257440 bytes,   17513328 total
: 109248K->21757K(109248K), 0,0212543 secs] 119400K->32349K(502464K), 0,0213584 secs] [Times: user=0,08 sys=0,00, real=0,02 secs] 
Heap after GC invocations=10 (full 1):
 par new generation   total 109248K, used 21757K [0x00000000e0000000, 0x00000000e8000000, 0x00000000e8000000)
  eden space 87424K,   0% used [0x00000000e0000000, 0x00000000e0000000, 0x00000000e5560000)
  from space 21824K,  99% used [0x00000000e5560000, 0x00000000e6a9f5f8, 0x00000000e6ab0000)
  to   space 21824K,   0% used [0x00000000e6ab0000, 0x00000000e6ab0000, 0x00000000e8000000)
 concurrent mark-sweep generation total 393216K, used 10591K [0x00000000e8000000, 0x0000000100000000, 0x0000000100000000)
 Metaspace       used 28238K, capacity 28878K, committed 29052K, reserved 1075200K
  class space    used 3232K, capacity 3434K, committed 3452K, reserved 1048576K
}
2018-05-31T10:16:50.819+0200: 4,687: Total time for which application threads were stopped: 0,0215946 seconds, Stopping threads took: 0,0000535 seconds
2018-05-31T10:16:50.832+0200: 4,700: Total time for which application threads were stopped: 0,0002404 seconds, Stopping threads took: 0,0001514 seconds
2018-05-31T10:16:50.832+0200: 4,700: Total time for which application threads were stopped: 0,0000886 seconds, Stopping threads took: 0,0000383 seconds
2018-05-31T10:16:50.832+0200: 4,700: Total time for which application threads were stopped: 0,0000718 seconds, Stopping threads took: 0,0000329 seconds
2018-05-31T10:16:50.851+0200: 4,719: Total time for which application threads were stopped: 0,0001579 seconds, Stopping threads took: 0,0000511 seconds
2018-05-31T10:16:50.852+0200: 4,719: Total time for which application threads were stopped: 0,0000858 seconds, Stopping threads took: 0,0000257 seconds
2018-05-31T10:16:50.852+0200: 4,720: Total time for which application threads were stopped: 0,0000714 seconds, Stopping threads took: 0,0000256 seconds
2018-05-31T10:16:51.852+0200: 5,720: Total time for which application threads were stopped: 0,0006343 seconds, Stopping threads took: 0,0001447 seconds
2018-05-31T10:16:52.853+0200: 6,721: Total time for which application threads were stopped: 0,0001312 seconds, Stopping threads took: 0,0000289 seconds
2018-05-31T10:16:53.331+0200: 7,199: Total time for which application threads were stopped: 0,0000839 seconds, Stopping threads took: 0,0000213 seconds
2018-05-31T10:16:53.335+0200: 7,203: Total time for which application threads were stopped: 0,0000869 seconds, Stopping threads took: 0,0000251 seconds
2018-05-31T10:16:53.337+0200: 7,204: Total time for which application threads were stopped: 0,0000747 seconds, Stopping threads took: 0,0000195 seconds
2018-05-31T10:16:53.337+0200: 7,205: Total time for which application threads were stopped: 0,0000766 seconds, Stopping threads took: 0,0000134 seconds
2018-05-31T10:16:53.337+0200: 7,205: Total time for which application threads were stopped: 0,0000471 seconds, Stopping threads took: 0,0000169 seconds
2018-05-31T10:16:53.354+0200: 7,222: Total time for which application threads were stopped: 0,0004331 seconds, Stopping threads took: 0,0000286 seconds
2018-05-31T10:16:53.370+0200: 7,238: Total time for which application threads were stopped: 0,0000873 seconds, Stopping threads took: 0,0000206 seconds
2018-05-31T10:16:53.370+0200: 7,238: Total time for which application threads were stopped: 0,0000551 seconds, Stopping threads took: 0,0000137 seconds
2018-05-31T10:16:53.382+0200: 7,249: Total time for which application threads were stopped: 0,0000804 seconds, Stopping threads took: 0,0000132 seconds
2018-05-31T10:16:53.386+0200: 7,254: Total time for which application threads were stopped: 0,0000619 seconds, Stopping threads took: 0,0000129 seconds
2018-05-31T10:16:53.387+0200: 7,255: Total time for which application threads were stopped: 0,0000461 seconds, Stopping threads took: 0,0000200 seconds
2018-05-31T10:16:53.387+0200: 7,255: Total time for which application threads were stopped: 0,0000409 seconds, Stopping threads took: 0,0000162 seconds
2018-05-31T10:16:53.387+0200: 7,255: Total time for which application threads were stopped: 0,0000474 seconds, Stopping threads took: 0,0000165 seconds
2018-05-31T10:16:53.387+0200: 7,255: Total time for which application threads were stopped: 0,0000529 seconds, Stopping threads took: 0,0000191 seconds
2018-05-31T10:16:53.387+0200: 7,255: Total time for which application threads were stopped: 0,0000320 seconds, Stopping threads took: 0,0000073 seconds
2018-05-31T10:16:53.388+0200: 7,255: Total time for which application threads were stopped: 0,0000571 seconds, Stopping threads took: 0,0000332 seconds
2018-05-31T10:16:53.388+0200: 7,256: Total time for which application threads were stopped: 0,0000401 seconds, Stopping threads took: 0,0000116 seconds
2018-05-31T10:16:53.388+0200: 7,256: Total time for which application threads were stopped: 0,0000561 seconds, Stopping threads took: 0,0000198 seconds
2018-05-31T10:16:53.388+0200: 7,256: Total time for which application threads were stopped: 0,0000548 seconds, Stopping threads took: 0,0000195 seconds
2018-05-31T10:16:53.388+0200: 7,256: Total time for which application threads were stopped: 0,0000367 seconds, Stopping threads took: 0,0000114 seconds
2018-05-31T10:16:53.388+0200: 7,256: Total time for which application threads were stopped: 0,0000352 seconds, Stopping threads took: 0,0000109 seconds
2018-05-31T10:16:53.388+0200: 7,256: Total time for which application threads were stopped: 0,0000330 seconds, Stopping threads took: 0,0000079 seconds
2018-05-31T10:16:53.389+0200: 7,257: Total time for which application threads were stopped: 0,0000430 seconds, Stopping threads took: 0,0000111 seconds
2018-05-31T10:16:53.393+0200: 7,261: Total time for which application threads were stopped: 0,0000738 seconds, Stopping threads took: 0,0000187 seconds
2018-05-31T10:16:53.393+0200: 7,261: Total time for which application threads were stopped: 0,0000453 seconds, Stopping threads took: 0,0000169 seconds
2018-05-31T10:16:53.394+0200: 7,262: Total time for which application threads were stopped: 0,0000455 seconds, Stopping threads took: 0,0000185 seconds
2018-05-31T10:16:53.394+0200: 7,262: Total time for which application threads were stopped: 0,0000387 seconds, Stopping threads took: 0,0000126 seconds
2018-05-31T10:16:53.397+0200: 7,265: Total time for which application threads were stopped: 0,0000807 seconds, Stopping threads took: 0,0000278 seconds
2018-05-31T10:16:53.399+0200: 7,267: Total time for which application threads were stopped: 0,0000672 seconds, Stopping threads took: 0,0000220 seconds
2018-05-31T10:16:53.399+0200: 7,267: Total time for which application threads were stopped: 0,0000451 seconds, Stopping threads took: 0,0000160 seconds
2018-05-31T10:16:53.399+0200: 7,267: Total time for which application threads were stopped: 0,0000362 seconds, Stopping threads took: 0,0000166 seconds
2018-05-31T10:16:53.400+0200: 7,268: Total time for which application threads were stopped: 0,0000520 seconds, Stopping threads took: 0,0000291 seconds
2018-05-31T10:16:53.400+0200: 7,268: Total time for which application threads were stopped: 0,0000321 seconds, Stopping threads took: 0,0000067 seconds
2018-05-31T10:16:53.401+0200: 7,269: Total time for which application threads were stopped: 0,0000549 seconds, Stopping threads took: 0,0000176 seconds
2018-05-31T10:16:53.637+0200: 7,505: Total time for which application threads were stopped: 0,0000842 seconds, Stopping threads took: 0,0000235 seconds
2018-05-31T10:16:53.638+0200: 7,506: Total time for which application threads were stopped: 0,0000892 seconds, Stopping threads took: 0,0000312 seconds
2018-05-31T10:16:53.639+0200: 7,507: Total time for which application threads were stopped: 0,0001040 seconds, Stopping threads took: 0,0000394 seconds
2018-05-31T10:16:53.640+0200: 7,507: Total time for which application threads were stopped: 0,0000596 seconds, Stopping threads took: 0,0000189 seconds
2018-05-31T10:16:53.640+0200: 7,508: Total time for which application threads were stopped: 0,0001566 seconds, Stopping threads took: 0,0000566 seconds
2018-05-31T10:16:53.676+0200: 7,544: Total time for which application threads were stopped: 0,0005150 seconds, Stopping threads took: 0,0001826 seconds
2018-05-31T10:16:53.957+0200: 7,825: Total time for which application threads were stopped: 0,0001377 seconds, Stopping threads took: 0,0000543 seconds
2018-05-31T10:16:53.957+0200: 7,825: Total time for which application threads were stopped: 0,0000693 seconds, Stopping threads took: 0,0000374 seconds
2018-05-31T10:16:53.958+0200: 7,826: Total time for which application threads were stopped: 0,0001189 seconds, Stopping threads took: 0,0000533 seconds
2018-05-31T10:16:53.958+0200: 7,826: Total time for which application threads were stopped: 0,0000610 seconds, Stopping threads took: 0,0000152 seconds
2018-05-31T10:16:54.959+0200: 8,826: Total time for which application threads were stopped: 0,0001088 seconds, Stopping threads took: 0,0000239 seconds
2018-05-31T10:16:55.959+0200: 9,827: Total time for which application threads were stopped: 0,0000759 seconds, Stopping threads took: 0,0000186 seconds
2018-05-31T10:16:56.413+0200: 10,281: Total time for which application threads were stopped: 0,0003552 seconds, Stopping threads took: 0,0001065 seconds
2018-05-31T10:16:56.414+0200: 10,282: Total time for which application threads were stopped: 0,0000749 seconds, Stopping threads took: 0,0000166 seconds
2018-05-31T10:16:56.415+0200: 10,282: Total time for which application threads were stopped: 0,0000962 seconds, Stopping threads took: 0,0000167 seconds
2018-05-31T10:16:56.415+0200: 10,283: Total time for which application threads were stopped: 0,0000947 seconds, Stopping threads took: 0,0000238 seconds
2018-05-31T10:16:56.415+0200: 10,283: Total time for which application threads were stopped: 0,0000641 seconds, Stopping threads took: 0,0000138 seconds
2018-05-31T10:16:56.415+0200: 10,283: Total time for which application threads were stopped: 0,0000701 seconds, Stopping threads took: 0,0000149 seconds
2018-05-31T10:16:56.415+0200: 10,283: Total time for which application threads were stopped: 0,0000530 seconds, Stopping threads took: 0,0000107 seconds
2018-05-31T10:16:56.415+0200: 10,283: Total time for which application threads were stopped: 0,0000540 seconds, Stopping threads took: 0,0000112 seconds
2018-05-31T10:16:56.416+0200: 10,283: Total time for which application threads were stopped: 0,0000494 seconds, Stopping threads took: 0,0000081 seconds
2018-05-31T10:16:56.416+0200: 10,284: Total time for which application threads were stopped: 0,0000592 seconds, Stopping threads took: 0,0000123 seconds
2018-05-31T10:16:56.416+0200: 10,284: Total time for which application threads were stopped: 0,0000514 seconds, Stopping threads took: 0,0000106 seconds
2018-05-31T10:16:56.416+0200: 10,284: Total time for which application threads were stopped: 0,0000636 seconds, Stopping threads took: 0,0000099 seconds
2018-05-31T10:16:56.928+0200: 10,796: Total time for which application threads were stopped: 0,0001198 seconds, Stopping threads took: 0,0000478 seconds
2018-05-31T10:16:57.928+0200: 11,796: Total time for which application threads were stopped: 0,0001044 seconds, Stopping threads took: 0,0000187 seconds
2018-05-31T10:17:00.598+0200: 14,466: Total time for which application threads were stopped: 0,0000760 seconds, Stopping threads took: 0,0000198 seconds
2018-05-31T10:17:00.604+0200: 14,472: Total time for which application threads were stopped: 0,0001205 seconds, Stopping threads took: 0,0000366 seconds
2018-05-31T10:17:00.626+0200: 14,494: Total time for which application threads were stopped: 0,0001445 seconds, Stopping threads took: 0,0000543 seconds
2018-05-31T10:17:00.626+0200: 14,494: Total time for which application threads were stopped: 0,0002091 seconds, Stopping threads took: 0,0000450 seconds
2018-05-31T10:17:00.682+0200: 14,550: Total time for which application threads were stopped: 0,0003167 seconds, Stopping threads took: 0,0001895 seconds
2018-05-31T10:17:00.686+0200: 14,554: Total time for which application threads were stopped: 0,0006466 seconds, Stopping threads took: 0,0001363 seconds
2018-05-31T10:17:00.687+0200: 14,555: Total time for which application threads were stopped: 0,0004383 seconds, Stopping threads took: 0,0000993 seconds
2018-05-31T10:17:00.731+0200: 14,599: Total time for which application threads were stopped: 0,0001704 seconds, Stopping threads took: 0,0000485 seconds
2018-05-31T10:17:00.870+0200: 14,738: Total time for which application threads were stopped: 0,0001365 seconds, Stopping threads took: 0,0000344 seconds
2018-05-31T10:17:00.870+0200: 14,738: Total time for which application threads were stopped: 0,0000971 seconds, Stopping threads took: 0,0000320 seconds
2018-05-31T10:17:00.870+0200: 14,738: Total time for which application threads were stopped: 0,0000581 seconds, Stopping threads took: 0,0000200 seconds
2018-05-31T10:17:00.871+0200: 14,738: Total time for which application threads were stopped: 0,0000526 seconds, Stopping threads took: 0,0000207 seconds
2018-05-31T10:17:00.871+0200: 14,739: Total time for which application threads were stopped: 0,0000454 seconds, Stopping threads took: 0,0000177 seconds
2018-05-31T10:17:00.871+0200: 14,739: Total time for which application threads were stopped: 0,0000630 seconds, Stopping threads took: 0,0000252 seconds
2018-05-31T10:17:00.871+0200: 14,739: Total time for which application threads were stopped: 0,0000643 seconds, Stopping threads took: 0,0000304 seconds
2018-05-31T10:17:00.871+0200: 14,739: Total time for which application threads were stopped: 0,0000471 seconds, Stopping threads took: 0,0000112 seconds
2018-05-31T10:17:00.872+0200: 14,740: Total time for which application threads were stopped: 0,0000839 seconds, Stopping threads took: 0,0000312 seconds
2018-05-31T10:17:00.872+0200: 14,740: Total time for which application threads were stopped: 0,0000451 seconds, Stopping threads took: 0,0000170 seconds
2018-05-31T10:17:00.872+0200: 14,740: Total time for which application threads were stopped: 0,0000350 seconds, Stopping threads took: 0,0000104 seconds
2018-05-31T10:17:00.872+0200: 14,740: Total time for which application threads were stopped: 0,0000609 seconds, Stopping threads took: 0,0000266 seconds
2018-05-31T10:17:00.872+0200: 14,740: Total time for which application threads were stopped: 0,0000472 seconds, Stopping threads took: 0,0000201 seconds
2018-05-31T10:17:00.873+0200: 14,740: Total time for which application threads were stopped: 0,0000443 seconds, Stopping threads took: 0,0000157 seconds
2018-05-31T10:17:00.873+0200: 14,741: Total time for which application threads were stopped: 0,0000420 seconds, Stopping threads took: 0,0000157 seconds
2018-05-31T10:17:00.873+0200: 14,741: Total time for which application threads were stopped: 0,0001341 seconds, Stopping threads took: 0,0000197 seconds
2018-05-31T10:17:00.877+0200: 14,745: Total time for which application threads were stopped: 0,0001263 seconds, Stopping threads took: 0,0000584 seconds
2018-05-31T10:17:00.882+0200: 14,750: Total time for which application threads were stopped: 0,0004815 seconds, Stopping threads took: 0,0001409 seconds
2018-05-31T10:17:00.884+0200: 14,751: Total time for which application threads were stopped: 0,0004188 seconds, Stopping threads took: 0,0001493 seconds
2018-05-31T10:17:00.884+0200: 14,752: Total time for which application threads were stopped: 0,0003053 seconds, Stopping threads took: 0,0000885 seconds
2018-05-31T10:17:00.912+0200: 14,780: Total time for which application threads were stopped: 0,0001109 seconds, Stopping threads took: 0,0000542 seconds
2018-05-31T10:17:00.913+0200: 14,781: Total time for which application threads were stopped: 0,0000744 seconds, Stopping threads took: 0,0000275 seconds
2018-05-31T10:17:00.913+0200: 14,781: Total time for which application threads were stopped: 0,0000369 seconds, Stopping threads took: 0,0000071 seconds
2018-05-31T10:17:00.913+0200: 14,781: Total time for which application threads were stopped: 0,0000343 seconds, Stopping threads took: 0,0000068 seconds
2018-05-31T10:17:00.913+0200: 14,781: Total time for which application threads were stopped: 0,0000374 seconds, Stopping threads took: 0,0000104 seconds
2018-05-31T10:17:00.913+0200: 14,781: Total time for which application threads were stopped: 0,0000319 seconds, Stopping threads took: 0,0000085 seconds
2018-05-31T10:17:00.913+0200: 14,781: Total time for which application threads were stopped: 0,0000361 seconds, Stopping threads took: 0,0000091 seconds
2018-05-31T10:17:00.913+0200: 14,781: Total time for which application threads were stopped: 0,0000319 seconds, Stopping threads took: 0,0000089 seconds
2018-05-31T10:17:00.913+0200: 14,781: Total time for which application threads were stopped: 0,0000316 seconds, Stopping threads took: 0,0000085 seconds
2018-05-31T10:17:00.914+0200: 14,782: Total time for which application threads were stopped: 0,0000427 seconds, Stopping threads took: 0,0000117 seconds
2018-05-31T10:17:00.914+0200: 14,782: Total time for which application threads were stopped: 0,0000317 seconds, Stopping threads took: 0,0000084 seconds
2018-05-31T10:17:00.914+0200: 14,782: Total time for which application threads were stopped: 0,0000319 seconds, Stopping threads took: 0,0000089 seconds
2018-05-31T10:17:00.914+0200: 14,782: Total time for which application threads were stopped: 0,0000300 seconds, Stopping threads took: 0,0000080 seconds
2018-05-31T10:17:00.914+0200: 14,782: Total time for which application threads were stopped: 0,0000298 seconds, Stopping threads took: 0,0000078 seconds
2018-05-31T10:17:00.915+0200: 14,782: Total time for which application threads were stopped: 0,0001383 seconds, Stopping threads took: 0,0000424 seconds
2018-05-31T10:17:00.915+0200: 14,783: Total time for which application threads were stopped: 0,0000646 seconds, Stopping threads took: 0,0000203 seconds
2018-05-31T10:17:00.915+0200: 14,783: Total time for which application threads were stopped: 0,0002764 seconds, Stopping threads took: 0,0000406 seconds
2018-05-31T10:17:01.760+0200: 15,628: Total time for which application threads were stopped: 0,0006742 seconds, Stopping threads took: 0,0000176 seconds
2018-05-31T10:17:01.761+0200: 15,629: Total time for which application threads were stopped: 0,0007878 seconds, Stopping threads took: 0,0000247 seconds
2018-05-31T10:17:01.771+0200: 15,639: Total time for which application threads were stopped: 0,0001438 seconds, Stopping threads took: 0,0000497 seconds
2018-05-31T10:17:01.793+0200: 15,661: Total time for which application threads were stopped: 0,0006537 seconds, Stopping threads took: 0,0005689 seconds
2018-05-31T10:17:01.794+0200: 15,662: Total time for which application threads were stopped: 0,0000754 seconds, Stopping threads took: 0,0000160 seconds
2018-05-31T10:17:01.794+0200: 15,662: Total time for which application threads were stopped: 0,0001020 seconds, Stopping threads took: 0,0000513 seconds
2018-05-31T10:17:01.795+0200: 15,663: Total time for which application threads were stopped: 0,0005305 seconds, Stopping threads took: 0,0004878 seconds
2018-05-31T10:17:01.795+0200: 15,663: Total time for which application threads were stopped: 0,0000725 seconds, Stopping threads took: 0,0000252 seconds
2018-05-31T10:17:01.795+0200: 15,663: Total time for which application threads were stopped: 0,0000754 seconds, Stopping threads took: 0,0000300 seconds
2018-05-31T10:17:01.795+0200: 15,663: Total time for which application threads were stopped: 0,0001545 seconds, Stopping threads took: 0,0000682 seconds
2018-05-31T10:17:01.804+0200: 15,672: Total time for which application threads were stopped: 0,0021504 seconds, Stopping threads took: 0,0016759 seconds
2018-05-31T10:17:01.806+0200: 15,674: Total time for which application threads were stopped: 0,0001564 seconds, Stopping threads took: 0,0000413 seconds
2018-05-31T10:17:01.808+0200: 15,676: Total time for which application threads were stopped: 0,0001123 seconds, Stopping threads took: 0,0000455 seconds
2018-05-31T10:17:01.809+0200: 15,677: Total time for which application threads were stopped: 0,0003101 seconds, Stopping threads took: 0,0002423 seconds
2018-05-31T10:17:01.809+0200: 15,677: Total time for which application threads were stopped: 0,0000711 seconds, Stopping threads took: 0,0000388 seconds
2018-05-31T10:17:01.811+0200: 15,679: Total time for which application threads were stopped: 0,0003331 seconds, Stopping threads took: 0,0001868 seconds
2018-05-31T10:17:01.813+0200: 15,681: Total time for which application threads were stopped: 0,0001434 seconds, Stopping threads took: 0,0000666 seconds
2018-05-31T10:17:01.815+0200: 15,683: Total time for which application threads were stopped: 0,0008065 seconds, Stopping threads took: 0,0007303 seconds
2018-05-31T10:17:01.816+0200: 15,683: Total time for which application threads were stopped: 0,0000667 seconds, Stopping threads took: 0,0000342 seconds
2018-05-31T10:17:01.816+0200: 15,684: Total time for which application threads were stopped: 0,0000939 seconds, Stopping threads took: 0,0000434 seconds
2018-05-31T10:17:01.817+0200: 15,685: Total time for which application threads were stopped: 0,0001257 seconds, Stopping threads took: 0,0000642 seconds
2018-05-31T10:17:01.818+0200: 15,686: Total time for which application threads were stopped: 0,0003004 seconds, Stopping threads took: 0,0000899 seconds
2018-05-31T10:17:01.818+0200: 15,686: Total time for which application threads were stopped: 0,0001271 seconds, Stopping threads took: 0,0000448 seconds
2018-05-31T10:17:01.819+0200: 15,686: Total time for which application threads were stopped: 0,0000777 seconds, Stopping threads took: 0,0000160 seconds
2018-05-31T10:17:01.819+0200: 15,687: Total time for which application threads were stopped: 0,0000555 seconds, Stopping threads took: 0,0000152 seconds
2018-05-31T10:17:01.819+0200: 15,687: Total time for which application threads were stopped: 0,0000514 seconds, Stopping threads took: 0,0000114 seconds
2018-05-31T10:17:01.819+0200: 15,687: Total time for which application threads were stopped: 0,0000510 seconds, Stopping threads took: 0,0000107 seconds
2018-05-31T10:17:01.819+0200: 15,687: Total time for which application threads were stopped: 0,0000518 seconds, Stopping threads took: 0,0000114 seconds
2018-05-31T10:17:01.819+0200: 15,687: Total time for which application threads were stopped: 0,0000497 seconds, Stopping threads took: 0,0000158 seconds
2018-05-31T10:17:01.819+0200: 15,687: Total time for which application threads were stopped: 0,0001630 seconds, Stopping threads took: 0,0000435 seconds
2018-05-31T10:17:01.820+0200: 15,687: Total time for which application threads were stopped: 0,0001005 seconds, Stopping threads took: 0,0000465 seconds
2018-05-31T10:17:01.820+0200: 15,688: Total time for which application threads were stopped: 0,0001068 seconds, Stopping threads took: 0,0000585 seconds
2018-05-31T10:17:01.824+0200: 15,692: Total time for which application threads were stopped: 0,0010863 seconds, Stopping threads took: 0,0010191 seconds
2018-05-31T10:17:01.824+0200: 15,692: Total time for which application threads were stopped: 0,0000962 seconds, Stopping threads took: 0,0000426 seconds
2018-05-31T10:17:01.824+0200: 15,692: Total time for which application threads were stopped: 0,0000713 seconds, Stopping threads took: 0,0000287 seconds
2018-05-31T10:17:01.825+0200: 15,693: Total time for which application threads were stopped: 0,0001019 seconds, Stopping threads took: 0,0000406 seconds
2018-05-31T10:17:01.825+0200: 15,693: Total time for which application threads were stopped: 0,0000658 seconds, Stopping threads took: 0,0000273 seconds
2018-05-31T10:17:01.825+0200: 15,693: Total time for which application threads were stopped: 0,0000602 seconds, Stopping threads took: 0,0000315 seconds
2018-05-31T10:17:01.825+0200: 15,693: Total time for which application threads were stopped: 0,0000694 seconds, Stopping threads took: 0,0000344 seconds
2018-05-31T10:17:01.825+0200: 15,693: Total time for which application threads were stopped: 0,0000572 seconds, Stopping threads took: 0,0000239 seconds
2018-05-31T10:17:01.826+0200: 15,694: Total time for which application threads were stopped: 0,0001189 seconds, Stopping threads took: 0,0000336 seconds
2018-05-31T10:17:01.829+0200: 15,697: Total time for which application threads were stopped: 0,0001160 seconds, Stopping threads took: 0,0000504 seconds
2018-05-31T10:17:01.833+0200: 15,701: Total time for which application threads were stopped: 0,0001429 seconds, Stopping threads took: 0,0000320 seconds
2018-05-31T10:17:01.833+0200: 15,701: Total time for which application threads were stopped: 0,0000476 seconds, Stopping threads took: 0,0000118 seconds
2018-05-31T10:17:01.833+0200: 15,701: Total time for which application threads were stopped: 0,0000707 seconds, Stopping threads took: 0,0000447 seconds
2018-05-31T10:17:01.833+0200: 15,701: Total time for which application threads were stopped: 0,0000383 seconds, Stopping threads took: 0,0000103 seconds
2018-05-31T10:17:01.833+0200: 15,701: Total time for which application threads were stopped: 0,0000339 seconds, Stopping threads took: 0,0000095 seconds
2018-05-31T10:17:01.833+0200: 15,701: Total time for which application threads were stopped: 0,0000404 seconds, Stopping threads took: 0,0000203 seconds
2018-05-31T10:17:01.833+0200: 15,701: Total time for which application threads were stopped: 0,0000379 seconds, Stopping threads took: 0,0000117 seconds
2018-05-31T10:17:01.833+0200: 15,701: Total time for which application threads were stopped: 0,0000381 seconds, Stopping threads took: 0,0000119 seconds
2018-05-31T10:17:01.841+0200: 15,709: Total time for which application threads were stopped: 0,0001198 seconds, Stopping threads took: 0,0000410 seconds
2018-05-31T10:17:01.841+0200: 15,709: Total time for which application threads were stopped: 0,0000573 seconds, Stopping threads took: 0,0000272 seconds
2018-05-31T10:17:01.841+0200: 15,709: Total time for which application threads were stopped: 0,0000507 seconds, Stopping threads took: 0,0000123 seconds
2018-05-31T10:17:01.845+0200: 15,713: Total time for which application threads were stopped: 0,0000841 seconds, Stopping threads took: 0,0000259 seconds
2018-05-31T10:17:01.845+0200: 15,713: Total time for which application threads were stopped: 0,0000483 seconds, Stopping threads took: 0,0000115 seconds
2018-05-31T10:17:01.845+0200: 15,713: Total time for which application threads were stopped: 0,0000400 seconds, Stopping threads took: 0,0000146 seconds
2018-05-31T10:17:01.845+0200: 15,713: Total time for which application threads were stopped: 0,0000430 seconds, Stopping threads took: 0,0000106 seconds
2018-05-31T10:17:01.846+0200: 15,714: Total time for which application threads were stopped: 0,0000520 seconds, Stopping threads took: 0,0000125 seconds
2018-05-31T10:17:01.846+0200: 15,714: Total time for which application threads were stopped: 0,0000444 seconds, Stopping threads took: 0,0000102 seconds
2018-05-31T10:17:01.846+0200: 15,714: Total time for which application threads were stopped: 0,0000401 seconds, Stopping threads took: 0,0000102 seconds
2018-05-31T10:17:01.846+0200: 15,714: Total time for which application threads were stopped: 0,0000441 seconds, Stopping threads took: 0,0000114 seconds
2018-05-31T10:17:01.846+0200: 15,714: Total time for which application threads were stopped: 0,0000344 seconds, Stopping threads took: 0,0000108 seconds
2018-05-31T10:17:01.846+0200: 15,714: Total time for which application threads were stopped: 0,0000259 seconds, Stopping threads took: 0,0000079 seconds
2018-05-31T10:17:01.847+0200: 15,714: Total time for which application threads were stopped: 0,0000511 seconds, Stopping threads took: 0,0000119 seconds
2018-05-31T10:17:01.847+0200: 15,715: Total time for which application threads were stopped: 0,0000407 seconds, Stopping threads took: 0,0000142 seconds
2018-05-31T10:17:01.847+0200: 15,715: Total time for which application threads were stopped: 0,0001471 seconds, Stopping threads took: 0,0000148 seconds
2018-05-31T10:17:01.848+0200: 15,716: Total time for which application threads were stopped: 0,0001249 seconds, Stopping threads took: 0,0000263 seconds
Heap
 par new generation   total 109248K, used 73788K [0x00000000e0000000, 0x00000000e8000000, 0x00000000e8000000)
  eden space 87424K,  59% used [0x00000000e0000000, 0x00000000e32cfb50, 0x00000000e5560000)
  from space 21824K,  99% used [0x00000000e5560000, 0x00000000e6a9f5f8, 0x00000000e6ab0000)
  to   space 21824K,   0% used [0x00000000e6ab0000, 0x00000000e6ab0000, 0x00000000e8000000)
 concurrent mark-sweep generation total 393216K, used 10591K [0x00000000e8000000, 0x0000000100000000, 0x0000000100000000)
 Metaspace       used 30032K, capacity 30672K, committed 30972K, reserved 1077248K
  class space    used 3459K, capacity 3800K, committed 3836K, reserved 1048576K
